layer at (0,0) size 800x600
  RenderView at (0,0) size 800x600
layer at (0,0) size 800x600
  RenderBlock {HTML} at (0,0) size 800x600
    RenderBody {BODY} at (8,8) size 784x584
      RenderBlock {P} at (0,0) size 784x18
        RenderText {#text} at (0,0) size 699x18
          text run at (0,0) width 609: "This tests that in a html document with inline audio content, the media element repaints correctly "
          text run at (609,0) width 90: "while playing."
      RenderBlock (anonymous) at (0,34) size 784x127
        RenderMedia {AUDIO} at (0,0) size 200x16
        RenderBR {BR} at (200,16) size 0x0
        RenderBR {BR} at (200,57) size 0x0
        RenderBR {BR} at (200,127) size 0x0
layer at (8,58) size 200x16
  RenderMedia {AUDIO} at (0,16) size 200x16
layer at (8,58) size 200x16
  RenderDeprecatedFlexibleBox (relative positioned) {DIV} at (0,0) size 200x16
layer at (8,58) size 200x16
  RenderDeprecatedFlexibleBox (relative positioned) {DIV} at (0,0) size 200x16
    RenderButton {INPUT} at (0,0) size 16x16
    RenderDeprecatedFlexibleBox {DIV} at (16,0) size 136x16
      RenderSlider {INPUT} at (0,0) size 136x16
        RenderDeprecatedFlexibleBox {DIV} at (2,0) size 132x16
          RenderBlock {DIV} at (0,4) size 122x8
          RenderBlock {DIV} at (122,4) size 10x8
    RenderButton {INPUT} at (152,0) size 16x16
    RenderButton {INPUT} at (168,0) size 16x16
    RenderBlock {DIV} at (184,0) size 16x16
      RenderButton {INPUT} at (0,0) size 16x16
layer at (87,62) size 10x8
  RenderBlock (relative positioned) {DIV} at (0,0) size 10x8
layer at (8,42) size 200x16
  RenderDeprecatedFlexibleBox (relative positioned) {DIV} at (0,0) size 200x16
layer at (8,42) size 200x16
  RenderDeprecatedFlexibleBox (relative positioned) {DIV} at (0,0) size 200x16
    RenderButton {INPUT} at (0,0) size 16x16
    RenderDeprecatedFlexibleBox {DIV} at (16,0) size 136x16
      RenderSlider {INPUT} at (0,0) size 136x16
        RenderDeprecatedFlexibleBox {DIV} at (2,0) size 132x16
          RenderBlock {DIV} at (0,4) size 122x8
          RenderBlock {DIV} at (122,4) size 10x8
    RenderButton {INPUT} at (152,0) size 16x16
    RenderButton {INPUT} at (168,0) size 16x16
    RenderBlock {DIV} at (184,0) size 16x16
      RenderButton {INPUT} at (0,0) size 16x16
layer at (87,46) size 10x8
  RenderBlock (relative positioned) {DIV} at (0,0) size 10x8
layer at (8,126) size 200x16
  RenderMedia {AUDIO} at (0,84) size 200x16
layer at (8,126) size 200x16
  RenderDeprecatedFlexibleBox (relative positioned) {DIV} at (0,0) size 200x16
layer at (8,126) size 200x16
  RenderDeprecatedFlexibleBox (relative positioned) {DIV} at (0,0) size 200x16
    RenderButton {INPUT} at (0,0) size 16x16
    RenderDeprecatedFlexibleBox {DIV} at (16,0) size 136x16
      RenderSlider {INPUT} at (0,0) size 136x16
        RenderDeprecatedFlexibleBox {DIV} at (2,0) size 132x16
          RenderBlock {DIV} at (0,4) size 122x8
          RenderBlock {DIV} at (122,4) size 10x8
    RenderButton {INPUT} at (152,0) size 16x16
    RenderButton {INPUT} at (168,0) size 16x16
    RenderBlock {DIV} at (184,0) size 16x16
      RenderButton {INPUT} at (0,0) size 16x16
