layer at (0,0) size 800x600
  RenderView at (0,0) size 800x600
layer at (0,0) size 800x600
  RenderBlock {HTML} at (0,0) size 800x600
    RenderBody {BODY} at (8,8) size 784x584
      RenderBlock {P} at (0,0) size 784x18
        RenderText {#text} at (0,0) size 274x18
          text run at (0,0) width 274: "The look of the controls should not change."
      RenderBlock {DIV} at (0,34) size 784x240 [color=#0000FF]
        RenderText {#text} at (0,0) size 0x0
      RenderBlock (anonymous) at (0,274) size 784x240
        RenderText {#text} at (0,0) size 0x0
layer at (18,42) size 320x240
  RenderVideo {VIDEO} at (10,0) size 320x240
layer at (8,282) size 320x240
  RenderVideo {VIDEO} at (0,0) size 320x240
layer at (18,42) size 320x240
  RenderDeprecatedFlexibleBox (relative positioned) {DIV} at (0,0) size 320x240
layer at (18,266) size 320x16
  RenderDeprecatedFlexibleBox (relative positioned) {DIV} at (0,224) size 320x16
    RenderButton {INPUT} at (0,0) size 16x16
    RenderDeprecatedFlexibleBox {DIV} at (16,0) size 240x16
      RenderSlider {INPUT} at (0,0) size 240x16
        RenderDeprecatedFlexibleBox {DIV} at (2,0) size 236x16
          RenderBlock {DIV} at (0,4) size 226x8
          RenderBlock {DIV} at (226,4) size 10x8
    RenderButton {INPUT} at (256,0) size 16x16
    RenderButton {INPUT} at (272,0) size 16x16
    RenderButton {INPUT} at (288,0) size 16x16
    RenderBlock {DIV} at (304,0) size 16x16
      RenderButton {INPUT} at (0,0) size 16x16
layer at (36,270) size 10x8
  RenderBlock (relative positioned) {DIV} at (0,0) size 10x8
layer at (8,282) size 320x240
  RenderDeprecatedFlexibleBox (relative positioned) {DIV} at (0,0) size 320x240
layer at (8,506) size 320x16
  RenderDeprecatedFlexibleBox (relative positioned) {DIV} at (0,224) size 320x16
    RenderButton {INPUT} at (0,0) size 16x16
    RenderDeprecatedFlexibleBox {DIV} at (16,0) size 240x16
      RenderSlider {INPUT} at (0,0) size 240x16
        RenderDeprecatedFlexibleBox {DIV} at (2,0) size 236x16
          RenderBlock {DIV} at (0,4) size 226x8
          RenderBlock {DIV} at (226,4) size 10x8
    RenderButton {INPUT} at (256,0) size 16x16
    RenderButton {INPUT} at (272,0) size 16x16
    RenderButton {INPUT} at (288,0) size 16x16
    RenderBlock {DIV} at (304,0) size 16x16
      RenderButton {INPUT} at (0,0) size 16x16
layer at (26,510) size 10x8
  RenderBlock (relative positioned) {DIV} at (0,0) size 10x8
