layer at (0,0) size 800x600
  RenderView at (0,0) size 800x600
layer at (0,0) size 800x600
  RenderBlock {HTML} at (0,0) size 800x600
    RenderBody {BODY} at (8,8) size 784x584
      RenderBlock {P} at (0,0) size 784x18
        RenderText {#text} at (0,0) size 360x18
          text run at (0,0) width 360: "Making sure the controller looks ok after a second load()."
      RenderBlock (anonymous) at (0,34) size 784x240
        RenderText {#text} at (0,0) size 0x0
layer at (8,42) size 320x240
  RenderVideo {VIDEO} at (0,0) size 320x240
layer at (8,42) size 320x240
  RenderDeprecatedFlexibleBox (relative positioned) {DIV} at (0,0) size 320x240
layer at (8,266) size 320x16
  RenderDeprecatedFlexibleBox (relative positioned) {DIV} at (0,224) size 320x16
    RenderButton {INPUT} at (0,0) size 16x16
    RenderDeprecatedFlexibleBox {DIV} at (16,0) size 240x16
      RenderSlider {INPUT} at (0,0) size 240x16
        RenderDeprecatedFlexibleBox {DIV} at (2,0) size 236x16
          RenderBlock {DIV} at (0,4) size 226x8
          RenderBlock {DIV} at (226,4) size 10x8
    RenderButton {INPUT} at (256,0) size 16x16
    RenderButton {INPUT} at (272,0) size 16x16
    RenderButton {INPUT} at (288,0) size 16x16
    RenderBlock {DIV} at (304,0) size 16x16
      RenderButton {INPUT} at (0,0) size 16x16
layer at (26,270) size 10x8
  RenderBlock (relative positioned) {DIV} at (0,0) size 10x8
