layer at (0,0) size 800x600
  RenderView at (0,0) size 800x600
layer at (0,0) size 800x600
  RenderBlock {HTML} at (0,0) size 800x600
    RenderBody {BODY} at (8,8) size 784x584
      RenderBlock {P} at (0,0) size 784x18
        RenderText {#text} at (0,0) size 741x18
          text run at (0,0) width 651: "This tests that in a standalone media document with audio content, the media element repaints correctly "
          text run at (651,0) width 90: "while playing."
      RenderBlock (anonymous) at (0,34) size 784x334
        RenderText {#text} at (0,0) size 0x0
        RenderText {#text} at (0,0) size 0x0
layer at (8,42) size 384x334
  RenderPartObject {IFRAME} at (0,0) size 384x334 [border: (2px inset #000000)]
    layer at (0,0) size 380x330
      RenderView at (0,0) size 380x330
    layer at (0,0) size 380x330
      RenderBlock {HTML} at (0,0) size 380x330
        RenderBody {BODY} at (8,8) size 364x314 [bgcolor=#262626]
    layer at (40,164) size 300x1
      RenderVideo {VIDEO} at (40,164) size 300x1
    layer at (40,164) size 300x1
      RenderDeprecatedFlexibleBox (relative positioned) {DIV} at (0,0) size 300x1
    layer at (40,164) size 300x16
      RenderDeprecatedFlexibleBox (relative positioned) {DIV} at (0,0) size 300x16
        RenderButton {INPUT} at (0,0) size 16x16
        RenderDeprecatedFlexibleBox {DIV} at (16,0) size 236x16
          RenderSlider {INPUT} at (0,0) size 236x16
            RenderDeprecatedFlexibleBox {DIV} at (2,0) size 232x16
              RenderBlock {DIV} at (0,4) size 222x8
              RenderBlock {DIV} at (222,4) size 10x8
        RenderButton {INPUT} at (252,0) size 16x16
        RenderButton {INPUT} at (268,0) size 16x16
        RenderBlock {DIV} at (284,0) size 16x16
          RenderButton {INPUT} at (0,0) size 16x16
    layer at (169,168) size 10x8
      RenderBlock (relative positioned) {DIV} at (0,0) size 10x8
