layer at (0,0) size 800x600
  RenderView at (0,0) size 800x600
layer at (0,0) size 800x83
  RenderBlock {HTML} at (0,0) size 800x83
    RenderBody {BODY} at (8,8) size 784x67
layer at (8,8) size 314x67
  RenderBlock (relative positioned) {DIV} at (0,0) size 314x67 [bgcolor=#FF0000] [border: (2px solid #000000)]
layer at (10,10) size 310x63
  RenderImage {IMG} at (2,2) size 310x63
layer at (15,31) size 300x21
  RenderBlock (relative positioned) zI: 1 {P} at (7,23) size 300x21
    RenderText zI: 1 {#text} at (22,0) size 256x21
      text run at (22,0) width 256: "There should be no red on this page"
