layer at (0,0) size 800x600
  RenderView at (0,0) size 800x600
layer at (0,0) size 800x600
  RenderBlock {HTML} at (0,0) size 800x600
    RenderBody {BODY} at (8,8) size 784x584
      RenderBlock {P} at (0,0) size 784x21
        RenderText {#text} at (0,0) size 57x21
          text run at (0,0) width 57: "Test for "
        RenderInline {I} at (0,0) size 582x21
          RenderInline {A} at (0,0) size 320x21 [color=#0000EE]
            RenderText {#text} at (57,0) size 320x21
              text run at (57,0) width 320: "http://bugs.webkit.org/show_bug.cgi?id=9276"
          RenderText {#text} at (377,0) size 262x21
            text run at (377,0) width 4: " "
            text run at (381,0) width 258: "Quirksmode: Image swap resize bug"
        RenderText {#text} at (639,0) size 4x21
          text run at (639,0) width 4: "."
      RenderBlock {P} at (0,37) size 784x21
        RenderText {#text} at (0,0) size 323x21
          text run at (0,0) width 323: "This should be a blue 100\x{D7}100 pixels square."
      RenderBlock (anonymous) at (0,74) size 784x100
        RenderImage {IMG} at (0,0) size 100x100
        RenderText {#text} at (0,0) size 0x0
