layer at (0,0) size 800x600
  RenderView at (0,0) size 800x600
layer at (0,0) size 800x600
  RenderBlock {HTML} at (0,0) size 800x600
    RenderBody {BODY} at (8,8) size 784x584
      RenderBlock (anonymous) at (0,0) size 784x21
        RenderText {#text} at (0,0) size 341x21
          text run at (0,0) width 341: "The following sets of buttons should not overlap."
      RenderTable {TABLE} at (0,21) size 784x25
        RenderTableSection {TBODY} at (0,0) size 784x25
          RenderTableRow {TR} at (0,1) size 784x23
            RenderTableCell {TD} at (1,2) size 10x20 [r=0 c=0 rs=1 cs=1]
              RenderBlock {INPUT} at (5,4) size 8x12
            RenderTableCell {TD} at (12,2) size 10x20 [r=0 c=1 rs=1 cs=1]
              RenderBlock {INPUT} at (5,4) size 8x12
            RenderTableCell {TD} at (23,2) size 10x20 [r=0 c=2 rs=1 cs=1]
              RenderBlock {INPUT} at (5,4) size 8x12
            RenderTableCell {TD} at (34,1) size 749x23 [r=0 c=3 rs=1 cs=1]
              RenderText {#text} at (1,1) size 4x21
                text run at (1,1) width 4: " "
