layer at (0,0) size 939x584
  RenderView at (0,0) size 800x584
layer at (0,0) size 800x584
  RenderBlock {HTML} at (0,0) size 800x584
    RenderBody {BODY} at (8,8) size 784x568
      RenderBlock (anonymous) at (0,0) size 784x21
        RenderText {#text} at (0,0) size 251x21
          text run at (0,0) width 251: "These textfields should not overlap."
      RenderTable {TABLE} at (0,21) size 784x33
        RenderTableSection {TBODY} at (0,0) size 784x33
          RenderTableRow {TR} at (0,1) size 784x31
            RenderTableCell {TD} at (1,1) size 188x31 [r=0 c=0 rs=1 cs=1]
              RenderTextControl {INPUT} at (1,3) size 186x25
                RenderDeprecatedFlexibleBox {DIV} at (2,2) size 182x21
                  RenderBlock {DIV} at (0,10) size 0x0
                  RenderBlock {DIV} at (0,0) size 171x21
                  RenderBlock {DIV} at (171,5) size 11x11
            RenderTableCell {TD} at (190,1) size 6x31 [r=0 c=1 rs=1 cs=1]
              RenderTextControl {INPUT} at (1,3) size 4x25
                RenderDeprecatedFlexibleBox {DIV} at (2,2) size 0x21
                  RenderBlock {DIV} at (0,10) size 0x0
                  RenderBlock {DIV} at (0,0) size 0x21
                  RenderBlock {DIV} at (0,5) size 11x11
            RenderTableCell {TD} at (197,1) size 6x31 [r=0 c=2 rs=1 cs=1]
              RenderTextControl {INPUT} at (1,3) size 4x25
                RenderDeprecatedFlexibleBox {DIV} at (2,2) size 0x21
                  RenderBlock {DIV} at (0,10) size 0x0
                  RenderBlock {DIV} at (0,0) size 0x21
                  RenderBlock {DIV} at (0,5) size 11x11
            RenderTableCell {TD} at (204,5) size 579x23 [r=0 c=3 rs=1 cs=1]
              RenderText {#text} at (1,1) size 4x21
                text run at (1,1) width 4: " "
      RenderBlock (anonymous) at (0,54) size 784x42
        RenderBR {BR} at (0,0) size 0x21
        RenderBR {BR} at (0,21) size 0x21
      RenderTable {TABLE} at (0,96) size 931x33
        RenderTableSection {TBODY} at (0,0) size 931x33
          RenderTableRow {TR} at (0,1) size 931x31
            RenderTableCell {TD} at (1,1) size 908x31 [r=0 c=0 rs=1 cs=1]
              RenderTextControl {INPUT} at (1,3) size 906x25
                RenderDeprecatedFlexibleBox {DIV} at (2,2) size 902x21
                  RenderBlock {DIV} at (0,10) size 0x0
                  RenderBlock {DIV} at (0,0) size 891x21
                  RenderBlock {DIV} at (891,5) size 11x11
            RenderTableCell {TD} at (910,1) size 6x31 [r=0 c=1 rs=1 cs=1]
              RenderTextControl {INPUT} at (1,3) size 4x25
                RenderDeprecatedFlexibleBox {DIV} at (2,2) size 0x21
                  RenderBlock {DIV} at (0,10) size 0x0
                  RenderBlock {DIV} at (0,0) size 0x21
                  RenderBlock {DIV} at (0,5) size 11x11
            RenderTableCell {TD} at (917,1) size 6x31 [r=0 c=2 rs=1 cs=1]
              RenderTextControl {INPUT} at (1,3) size 4x25
                RenderDeprecatedFlexibleBox {DIV} at (2,2) size 0x21
                  RenderBlock {DIV} at (0,10) size 0x0
                  RenderBlock {DIV} at (0,0) size 0x21
                  RenderBlock {DIV} at (0,5) size 11x11
            RenderTableCell {TD} at (924,5) size 6x23 [r=0 c=3 rs=1 cs=1]
              RenderText {#text} at (1,1) size 4x21
                text run at (1,1) width 4: " "
layer at (12,35) size 171x21
  RenderBlock {DIV} at (0,0) size 171x21
    RenderText {#text} at (1,0) size 67x21
      text run at (1,0) width 67: "New Mail"
layer at (201,35) size 2x21 scrollWidth 44
  RenderBlock {DIV} at (0,0) size 2x21
    RenderText {#text} at (1,0) size 42x21
      text run at (1,0) width 42: "Reply"
layer at (208,35) size 2x21 scrollWidth 67
  RenderBlock {DIV} at (0,0) size 2x21
    RenderText {#text} at (1,0) size 65x21
      text run at (1,0) width 65: "Reply All"
layer at (12,110) size 891x21
  RenderBlock {DIV} at (0,0) size 891x21
    RenderText {#text} at (1,0) size 67x21
      text run at (1,0) width 67: "New Mail"
layer at (921,110) size 2x21 scrollWidth 44
  RenderBlock {DIV} at (0,0) size 2x21
    RenderText {#text} at (1,0) size 42x21
      text run at (1,0) width 42: "Reply"
layer at (928,110) size 2x21 scrollWidth 67
  RenderBlock {DIV} at (0,0) size 2x21
    RenderText {#text} at (1,0) size 65x21
      text run at (1,0) width 65: "Reply All"
