layer at (0,0) size 937x584
  RenderView at (0,0) size 800x584
layer at (0,0) size 800x584
  RenderBlock {HTML} at (0,0) size 800x584
    RenderBody {BODY} at (8,8) size 784x568
      RenderBlock (anonymous) at (0,0) size 784x21
        RenderText {#text} at (0,0) size 251x21
          text run at (0,0) width 251: "These textfields should not overlap."
      RenderTable {TABLE} at (0,21) size 784x33
        RenderTableSection {TBODY} at (0,0) size 784x33
          RenderTableRow {TR} at (0,1) size 784x31
            RenderTableCell {TD} at (1,1) size 186x31 [r=0 c=0 rs=1 cs=1]
              RenderTextControl {INPUT} at (1,3) size 184x25
            RenderTableCell {TD} at (188,1) size 6x31 [r=0 c=1 rs=1 cs=1]
              RenderTextControl {INPUT} at (1,3) size 4x25
            RenderTableCell {TD} at (195,1) size 6x31 [r=0 c=2 rs=1 cs=1]
              RenderTextControl {INPUT} at (1,3) size 4x25
            RenderTableCell {TD} at (202,5) size 581x23 [r=0 c=3 rs=1 cs=1]
              RenderText {#text} at (1,1) size 4x21
                text run at (1,1) width 4: " "
      RenderBlock (anonymous) at (0,54) size 784x42
        RenderBR {BR} at (0,0) size 0x21
        RenderBR {BR} at (0,21) size 0x21
      RenderTable {TABLE} at (0,96) size 929x33
        RenderTableSection {TBODY} at (0,0) size 929x33
          RenderTableRow {TR} at (0,1) size 929x31
            RenderTableCell {TD} at (1,1) size 906x31 [r=0 c=0 rs=1 cs=1]
              RenderTextControl {INPUT} at (1,3) size 904x25
            RenderTableCell {TD} at (908,1) size 6x31 [r=0 c=1 rs=1 cs=1]
              RenderTextControl {INPUT} at (1,3) size 4x25
            RenderTableCell {TD} at (915,1) size 6x31 [r=0 c=2 rs=1 cs=1]
              RenderTextControl {INPUT} at (1,3) size 4x25
            RenderTableCell {TD} at (922,5) size 6x23 [r=0 c=3 rs=1 cs=1]
              RenderText {#text} at (1,1) size 4x21
                text run at (1,1) width 4: " "
layer at (12,35) size 180x21
  RenderBlock {DIV} at (2,2) size 180x21
    RenderText {#text} at (0,0) size 67x21
      text run at (0,0) width 67: "New Mail"
layer at (12,110) size 900x21
  RenderBlock {DIV} at (2,2) size 900x21
    RenderText {#text} at (0,0) size 67x21
      text run at (0,0) width 67: "New Mail"
