layer at (0,0) size 800x600
  RenderView at (0,0) size 800x600
layer at (0,0) size 800x197
  RenderBlock {HTML} at (0,0) size 800x197
    RenderBody {BODY} at (8,16) size 784x165
      RenderBlock {P} at (0,0) size 784x19
        RenderText {#text} at (0,0) size 92x19
          text run at (0,0) width 92: "From WebKit "
        RenderInline {A} at (0,0) size 68x19 [color=#0000EE]
          RenderText {#text} at (92,0) size 68x19
            text run at (92,0) width 68: "bug 50913"
        RenderText {#text} at (0,0) size 0x0
      RenderBlock {P} at (0,35) size 784x57
        RenderText {#text} at (0,0) size 772x57
          text run at (0,0) width 761: "In this example, usernames are shown along with the number of posts that the user has submitted. If the bdi element were"
          text run at (0,19) width 772: "not used, the username of the Arabic user would end up confusing the text (the bidirectional algorithm would put the colon"
          text run at (0,38) width 516: "and the number \"3\" next to the word \"User\" rather than next to the word \"posts\")."
      RenderBlock {UL} at (0,108) size 784x57
        RenderListItem {LI} at (40,0) size 744x19
          RenderListMarker at (-18,0) size 7x19: bullet
          RenderText {#text} at (0,0) size 34x19
            text run at (0,0) width 34: "User "
          RenderInline {BDI} at (0,0) size 55x19
            RenderText {#text} at (34,0) size 55x19
              text run at (34,0) width 55: "jcranmer"
          RenderText {#text} at (89,0) size 64x19
            text run at (89,0) width 64: ": 12 posts."
        RenderListItem {LI} at (40,19) size 744x19
          RenderListMarker at (-18,0) size 7x19: bullet
          RenderText {#text} at (0,0) size 34x19
            text run at (0,0) width 34: "User "
          RenderInline {BDI} at (0,0) size 36x19
            RenderText {#text} at (34,0) size 36x19
              text run at (34,0) width 36: "hober"
          RenderText {#text} at (70,0) size 56x19
            text run at (70,0) width 56: ": 5 posts."
        RenderListItem {LI} at (40,38) size 744x19
          RenderListMarker at (-18,0) size 7x19: bullet
          RenderText {#text} at (0,0) size 34x19
            text run at (0,0) width 34: "User "
          RenderInline {BDI} at (0,0) size 25x19
            RenderText {#text} at (34,0) size 25x19
              text run at (34,0) width 25 RTL: "\x{625}\x{64A}\x{627}\x{646}"
          RenderText {#text} at (59,0) size 56x19
            text run at (59,0) width 56: ": 3 posts."
