layer at (0,0) size 800x600
  RenderView at (0,0) size 800x600
layer at (0,0) size 800x136
  RenderBlock {HTML} at (0,0) size 800x136
    RenderBody {BODY} at (8,8) size 784x120
      RenderBlock {DIV} at (0,0) size 784x120
        RenderBlock {ADDRESS} at (16,0) size 768x18
          RenderText {#text} at (0,0) size 256x17
            text run at (0,0) width 256: "A first address with normal background"
        RenderBlock {ADDRESS} at (16,34) size 768x18
          RenderText {#text} at (0,0) size 275x17
            text run at (0,0) width 275: "A second address with normal background"
        RenderBlock {ADDRESS} at (16,68) size 768x18 [bgcolor=#00FF00]
          RenderText {#text} at (0,0) size 342x17
            text run at (0,0) width 342: "A third address that should have a green background"
        RenderBlock (anonymous) at (0,102) size 784x18
          RenderText {#text} at (0,0) size 320x17
            text run at (0,0) width 320: "This div contains 3 addresses above this sentence."
