layer at (0,0) size 800x600
  RenderView at (0,0) size 800x600
layer at (0,0) size 800x560 layerType: background only
layer at (8,26) size 784x0
  RenderBlock (relative positioned) zI: -1 {DIV} at (0,0) size 784x0 [color=#FF0000]
    RenderInline {SPAN} at (0,0) size 11x17
      RenderText {#text} at (0,0) size 11x17
        text run at (0,0) width 11 RTL: "\x{5D0}"
    RenderText zI: -1 {#text} at (10,0) size 77x17
      text run at (10,0) width 77: " (3 reviews)"
layer at (8,80) size 784x0
  RenderBlock (relative positioned) zI: -1 {DIV} at (0,0) size 784x0 [color=#FF0000]
    RenderText zI: -1 {#text} at (0,0) size 19x17
      text run at (0,0) width 11 RTL: "\x{5D0}"
      text run at (10,0) width 9: ": "
    RenderInline {SPAN} at (0,0) size 11x17
      RenderText {#text} at (18,0) size 11x17
        text run at (18,0) width 11 RTL: "\x{5D1}"
    RenderText zI: -1 {#text} at (0,0) size 0x0
layer at (8,134) size 784x0
  RenderBlock (relative positioned) zI: -1 {DIV} at (0,0) size 784x0 [color=#FF0000]
    RenderText zI: -1 {#text} at (0,0) size 11x17
      text run at (0,0) width 11 RTL: "\x{5D0}"
    RenderInline {SPAN} at (0,0) size 10x17
      RenderText {#text} at (10,0) size 10x17
        text run at (10,0) width 10 RTL: "\x{5D1}"
    RenderText zI: -1 {#text} at (0,0) size 0x0
layer at (8,188) size 784x0
  RenderBlock (relative positioned) zI: -1 {DIV} at (0,0) size 784x0 [color=#FF0000]
    RenderInline {SPAN} at (0,0) size 11x17
      RenderText {#text} at (0,0) size 11x17
        text run at (0,0) width 11 RTL: "\x{5D0}"
    RenderText zI: -1 {#text} at (10,0) size 18x17
      text run at (10,0) width 18: " = "
    RenderInline {SPAN} at (0,0) size 10x17
      RenderText {#text} at (27,0) size 10x17
        text run at (27,0) width 10 RTL: "\x{5D1}"
    RenderText zI: -1 {#text} at (0,0) size 0x0
layer at (8,242) size 784x0
  RenderBlock (relative positioned) zI: -1 {DIV} at (0,0) size 784x0 [color=#FF0000]
    RenderInline {SPAN} at (0,0) size 11x17
      RenderText {#text} at (0,0) size 11x17
        text run at (0,0) width 11 RTL: "\x{5D0}"
    RenderInline {SPAN} at (0,0) size 10x17
      RenderText {#text} at (10,0) size 10x17
        text run at (10,0) width 10 RTL: "\x{5D1}"
    RenderText zI: -1 {#text} at (0,0) size 0x0
layer at (8,296) size 784x0
  RenderBlock (relative positioned) zI: -1 {DIV} at (0,0) size 784x0 [color=#FF0000]
    RenderText zI: -1 {#text} at (743,4) size 25x17
      text run at (743,4) width 25: "see "
    RenderInline {SPAN} at (0,0) size 11x17
      RenderText {#text} at (767,4) size 11x17
        text run at (767,4) width 11 RTL: "\x{5D0}"
    RenderInline {SUP} at (0,0) size 7x15
      RenderText {#text} at (777,0) size 7x15
        text run at (777,0) width 7: "3"
    RenderText zI: -1 {#text} at (0,0) size 0x0
layer at (8,354) size 784x0
  RenderBlock (relative positioned) zI: -1 {DIV} at (0,0) size 784x0 [color=#FF0000]
    RenderText zI: -1 {#text} at (644,0) size 33x17
      text run at (644,0) width 33: "with "
    RenderInline {SPAN} at (0,0) size 11x17
      RenderText {#text} at (676,0) size 11x17
        text run at (676,0) width 11 RTL: "\x{5D0}"
    RenderText zI: -1 {#text} at (686,0) size 10x17
      text run at (686,0) width 10: "="
    RenderInline {SPAN} at (0,0) size 11x17
      RenderText {#text} at (695,0) size 11x17
        text run at (695,0) width 11 RTL: "\x{5D1}"
    RenderText zI: -1 {#text} at (705,0) size 79x17
      text run at (705,0) width 79: " everywhere"
layer at (8,408) size 784x0
  RenderBlock (relative positioned) zI: -1 {DIV} at (0,0) size 784x0 [color=#FF0000]
    RenderText zI: -1 {#text} at (0,0) size 40x17
      text run at (0,0) width 40: "about "
    RenderInline {SPAN} at (0,0) size 39x17
      RenderText {#text} at (39,0) size 39x17
        text run at (39,0) width 29: "that "
        text run at (67,0) width 11 RTL: "\x{5D0}"
    RenderText zI: -1 {#text} at (77,0) size 24x17
      text run at (77,0) width 14: " - "
      text run at (90,0) width 11 RTL: "\x{5D1}"
layer at (8,462) size 784x0
  RenderBlock (relative positioned) zI: -1 {DIV} at (0,0) size 784x0 [color=#FF0000]
    RenderText zI: -1 {#text} at (677,0) size 107x17
      text run at (677,0) width 10 RTL: ") "
      text run at (686,0) width 98: "things to do: (1"
    RenderInline {SPAN} at (0,0) size 11x17
      RenderText {#text} at (667,0) size 11x17
        text run at (667,0) width 11 RTL: "\x{5D0}"
      RenderBR {BR} at (667,0) size 1x17
    RenderText zI: -1 {#text} at (728,18) size 56x17
      text run at (728,18) width 34: "sleep"
      text run at (761,18) width 10 RTL: ") "
      text run at (770,18) width 9: "2"
      text run at (778,18) width 6 RTL: "("
layer at (8,534) size 784x0
  RenderBlock (relative positioned) zI: -1 {DIV} at (0,0) size 784x0 [color=#FF0000]
    RenderText zI: -1 {#text} at (0,0) size 40x17
      text run at (0,0) width 40: "about "
    RenderInline {SPAN} at (0,0) size 112x17
      RenderText {#text} at (39,0) size 29x17
        text run at (39,0) width 29: "that "
      RenderInline {SPAN} at (0,0) size 61x17
        RenderText {#text} at (67,0) size 61x17
          text run at (67,0) width 51: "strange "
          text run at (117,0) width 11 RTL: "\x{5D0}"
      RenderText {#text} at (127,0) size 24x17
        text run at (127,0) width 15: " - "
        text run at (141,0) width 10 RTL: "\x{5D1}"
    RenderText zI: -1 {#text} at (150,0) size 22x17
      text run at (150,0) width 15: " - "
      text run at (164,0) width 8 RTL: "\x{5D2}"
layer at (0,0) size 800x560 layerType: foreground only
  RenderBlock {HTML} at (0,0) size 800x560
    RenderBody {BODY} at (8,8) size 784x544
      RenderBlock (anonymous) at (0,0) size 784x18
        RenderText {#text} at (0,0) size 665x17
          text run at (0,0) width 665: "No red text should be visible in any of the sections below. opposite-to-base isolate followed by number."
      RenderBlock {DIV} at (0,18) size 784x18
        RenderBlock {DIV} at (0,0) size 784x18
          RenderInline {SPAN} at (0,0) size 11x17
            RenderText {#text} at (0,0) size 11x17
              text run at (0,0) width 11 RTL: "\x{5D0}"
          RenderText {#text} at (10,0) size 77x17
            text run at (10,0) width 77: " (3 reviews)"
      RenderBlock {HR} at (0,44) size 784x2 [border: (1px inset #000000)]
      RenderBlock (anonymous) at (0,54) size 784x18
        RenderText {#text} at (0,0) size 545x17
          text run at (0,0) width 545: "opposite-to-base isolate with opposite-to-base text before it with neutrals in between."
      RenderBlock {DIV} at (0,72) size 784x18
        RenderBlock {DIV} at (0,0) size 784x18
          RenderInline {SPAN} at (0,0) size 11x17
            RenderText {#text} at (0,0) size 11x17
              text run at (0,0) width 11 RTL: "\x{5D0}"
          RenderText {#text} at (10,0) size 9x17
            text run at (10,0) width 9: ": "
          RenderInline {SPAN} at (0,0) size 11x17
            RenderText {#text} at (18,0) size 11x17
              text run at (18,0) width 11 RTL: "\x{5D1}"
          RenderText {#text} at (0,0) size 0x0
      RenderBlock {HR} at (0,98) size 784x2 [border: (1px inset #000000)]
      RenderBlock (anonymous) at (0,108) size 784x18
        RenderText {#text} at (0,0) size 538x17
          text run at (0,0) width 538: "opposite-to-base isolate with opposite-to-base text before it and nothing in between."
      RenderBlock {DIV} at (0,126) size 784x18
        RenderBlock {DIV} at (0,0) size 784x18
          RenderInline {BDO} at (0,0) size 20x17
            RenderText {#text} at (0,0) size 20x17
              text run at (0,0) width 20 LTR override: "\x{5D0}\x{5D1}"
          RenderText {#text} at (0,0) size 0x0
      RenderBlock {HR} at (0,152) size 784x2 [border: (1px inset #000000)]
      RenderBlock (anonymous) at (0,162) size 784x18
        RenderText {#text} at (0,0) size 351x17
          text run at (0,0) width 351: "two opposite-to-base isolates with neutrals in between."
      RenderBlock {DIV} at (0,180) size 784x18
        RenderBlock {DIV} at (0,0) size 784x18
          RenderInline {SPAN} at (0,0) size 11x17
            RenderText {#text} at (0,0) size 11x17
              text run at (0,0) width 11 RTL: "\x{5D0}"
          RenderText {#text} at (10,0) size 18x17
            text run at (10,0) width 18: " = "
          RenderInline {SPAN} at (0,0) size 10x17
            RenderText {#text} at (27,0) size 10x17
              text run at (27,0) width 10 RTL: "\x{5D1}"
          RenderText {#text} at (0,0) size 0x0
      RenderBlock {HR} at (0,206) size 784x2 [border: (1px inset #000000)]
      RenderBlock (anonymous) at (0,216) size 784x18
        RenderText {#text} at (0,0) size 349x17
          text run at (0,0) width 349: "two opposite-to-base isolates with nothing in between."
      RenderBlock {DIV} at (0,234) size 784x18
        RenderBlock {DIV} at (0,0) size 784x18
          RenderInline {BDO} at (0,0) size 20x17
            RenderText {#text} at (0,0) size 20x17
              text run at (0,0) width 20 LTR override: "\x{5D0}\x{5D1}"
          RenderText {#text} at (0,0) size 0x0
      RenderBlock {HR} at (0,260) size 784x2 [border: (1px inset #000000)]
      RenderBlock (anonymous) at (0,270) size 784x18
        RenderText {#text} at (0,0) size 512x17
          text run at (0,0) width 512: "same-as-base isolate preceded by opposite-to-base text and followed by number"
      RenderBlock {DIV} at (0,288) size 784x22
        RenderBlock {DIV} at (0,0) size 784x22
          RenderText {#text} at (743,4) size 25x17
            text run at (743,4) width 25: "see "
          RenderInline {SPAN} at (0,0) size 11x17
            RenderText {#text} at (767,4) size 11x17
              text run at (767,4) width 11 RTL: "\x{5D0}"
          RenderInline {SUP} at (0,0) size 7x15
            RenderText {#text} at (777,0) size 7x15
              text run at (777,0) width 7: "3"
          RenderText {#text} at (0,0) size 0x0
      RenderBlock {HR} at (0,318) size 784x2 [border: (1px inset #000000)]
      RenderBlock (anonymous) at (0,328) size 784x18
        RenderText {#text} at (0,0) size 365x17
          text run at (0,0) width 365: "same-as-base isolate surrounded by opposite-to-base text"
      RenderBlock {DIV} at (0,346) size 784x18
        RenderBlock {DIV} at (0,0) size 784x18
          RenderText {#text} at (644,0) size 33x17
            text run at (644,0) width 33: "with "
          RenderInline {SPAN} at (0,0) size 11x17
            RenderText {#text} at (676,0) size 11x17
              text run at (676,0) width 11 RTL: "\x{5D0}"
          RenderText {#text} at (686,0) size 10x17
            text run at (686,0) width 10: "="
          RenderInline {SPAN} at (0,0) size 11x17
            RenderText {#text} at (695,0) size 11x17
              text run at (695,0) width 11 RTL: "\x{5D1}"
          RenderText {#text} at (705,0) size 79x17
            text run at (705,0) width 79: " everywhere"
      RenderBlock {HR} at (0,372) size 784x2 [border: (1px inset #000000)]
      RenderBlock (anonymous) at (0,382) size 784x18
        RenderText {#text} at (0,0) size 286x17
          text run at (0,0) width 286: "chimeric isolate surrounded by chimeric text"
      RenderBlock {DIV} at (0,400) size 784x18
        RenderBlock {DIV} at (0,0) size 784x18
          RenderText {#text} at (0,0) size 68x17
            text run at (0,0) width 68: "about that "
          RenderInline {SPAN} at (0,0) size 11x17
            RenderText {#text} at (67,0) size 11x17
              text run at (67,0) width 11 RTL: "\x{5D0}"
          RenderText {#text} at (77,0) size 24x17
            text run at (77,0) width 14: " - "
            text run at (90,0) width 11 RTL: "\x{5D1}"
      RenderBlock {HR} at (0,426) size 784x2 [border: (1px inset #000000)]
      RenderBlock (anonymous) at (0,436) size 784x18
        RenderText {#text} at (0,0) size 472x17
          text run at (0,0) width 472: "same-as-base isolate containing <br> surrounded by opposite-to-base text"
        RenderText {#text} at (0,0) size 0x0
      RenderBlock {DIV} at (0,454) size 784x36
        RenderBlock {DIV} at (0,0) size 784x36
          RenderInline {SPAN} at (0,0) size 117x17
            RenderText {#text} at (667,0) size 117x17
              text run at (667,0) width 107: "things to do: (1) "
              text run at (773,0) width 11 RTL: "\x{5D0}"
          RenderBR {BR} at (784,0) size 0x17
          RenderInline {SPAN} at (0,0) size 56x17
            RenderText {#text} at (728,18) size 56x17
              text run at (728,18) width 56: "(2) sleep"
          RenderText {#text} at (0,0) size 0x0
      RenderBlock {HR} at (0,498) size 784x2 [border: (1px inset #000000)]
      RenderBlock (anonymous) at (0,508) size 784x18
        RenderText {#text} at (0,0) size 337x17
          text run at (0,0) width 337: "nested chimeric isolates surrounded by chimeric text"
      RenderBlock {DIV} at (0,526) size 784x18
        RenderBlock {DIV} at (0,0) size 784x18
          RenderText {#text} at (0,0) size 118x17
            text run at (0,0) width 118: "about that strange "
          RenderInline {SPAN} at (0,0) size 11x17
            RenderText {#text} at (117,0) size 11x17
              text run at (117,0) width 11 RTL: "\x{5D0}"
          RenderText {#text} at (127,0) size 15x17
            text run at (127,0) width 15: " - "
          RenderInline {SPAN} at (0,0) size 10x17
            RenderText {#text} at (141,0) size 10x17
              text run at (141,0) width 10 RTL: "\x{5D1}"
          RenderText {#text} at (150,0) size 22x17
            text run at (150,0) width 15: " - "
            text run at (164,0) width 8 RTL: "\x{5D2}"
