layer at (0,0) size 785x634
  RenderView at (0,0) size 785x600
layer at (0,0) size 785x634
  RenderBlock {HTML} at (0,0) size 785x634
    RenderBody {BODY} at (8,8) size 769x618
      RenderBlock (anonymous) at (0,0) size 769x18
        RenderText {#text} at (0,0) size 277x18
          text run at (0,0) width 277: "These two tables should be the same height."
      RenderBlock {DIV} at (0,18) size 78x600
        RenderTable {TABLE} at (0,0) size 22x320
          RenderTableSection {TBODY} at (0,0) size 22x320
            RenderTableRow {TR} at (0,0) size 22x320
              RenderTableCell {TD} at (0,0) size 22x68 [border: (1px solid #008000)] [r=0 c=0 rs=1 cs=1]
                RenderText {#text} at (1,1) size 18x8
                  text run at (1,1) width 8: "1"
              RenderTableCell {TD} at (0,70) size 22x242 [border: (1px solid #008000)] [r=0 c=1 rs=1 cs=1]
                RenderText {#text} at (1,1) size 18x8
                  text run at (1,1) width 8: "2"
              RenderTableCell {TD} at (0,314) size 22x6 [border: (1px solid #008000)] [r=0 c=2 rs=1 cs=1]
                RenderImage {IMG} at (1,1) size 20x4 [bgcolor=#FFA500]
        RenderBlock {P} at (38,0) size 0x600
        RenderTable {TABLE} at (38,0) size 40x320
          RenderTableSection {TBODY} at (0,0) size 40x320
            RenderTableRow {TR} at (0,0) size 20x320
              RenderTableCell {TD} at (0,0) size 20x64 [border: (1px solid #008000)] [r=0 c=0 rs=1 cs=1]
                RenderText {#text} at (1,1) size 18x8
                  text run at (1,1) width 8: "1"
              RenderTableCell {TD} at (0,68) size 20x248 [border: (1px solid #008000)] [r=0 c=1 rs=1 cs=1]
                RenderImage {IMG} at (5,-3) size 10x254 [bgcolor=#FFA500]
            RenderTableRow {TR} at (0,20) size 20x320
              RenderTableCell {TD} at (20,0) size 20x320 [border: (1px solid #008000)] [r=1 c=0 rs=1 cs=3]
                RenderText {#text} at (1,1) size 18x8
                  text run at (1,1) width 8: "1"
