layer at (0,0) size 800x600
  RenderView at (0,0) size 800x600
layer at (0,0) size 800x600
  RenderBlock {HTML} at (0,0) size 800x600
    RenderBody {BODY} at (8,8) size 784x584
      RenderTable {TABLE} at (0,0) size 153x49
        RenderTableSection {TBODY} at (0,0) size 153x49
          RenderTableRow {TR} at (0,2) size 153x2
            RenderTableCell {TD} at (2,2) size 6x2 [r=0 c=0 rs=1 cs=1]
          RenderTableRow {TR} at (0,6) size 153x0
            RenderTableCell {TD} at (2,6) size 6x2 [r=1 c=0 rs=2 cs=1]
          RenderTableRow {TR} at (0,8) size 153x0
            RenderTableCell {TD} at (10,26) size 141x2 [r=2 c=1 rs=2 cs=1]
          RenderTableRow {TR} at (0,10) size 153x37
            RenderTableCell {TD} at (2,10) size 149x37 [r=3 c=0 rs=1 cs=2]
              RenderTable {TABLE} at (1,1) size 147x35 [border: (2px outset #808080)]
                RenderTableSection {TBODY} at (2,2) size 143x31
                  RenderTableRow {TR} at (0,2) size 143x27
                    RenderTableCell {TD} at (2,13) size 4x4 [border: (1px inset #808080)] [r=0 c=0 rs=1 cs=1]
                    RenderTableCell {TD} at (8,2) size 133x27 [border: (1px inset #808080)] [r=0 c=1 rs=1 cs=1]
                      RenderTextControl {INPUT} at (4,4) size 125x19 [bgcolor=#FFFFFF] [border: (2px inset #000000)]
                      RenderText {#text} at (0,0) size 0x0
layer at (28,30) size 119x13
  RenderBlock {DIV} at (3,3) size 119x13
    RenderText {#text} at (1,0) size 27x13
      text run at (1,0) width 27: "hello"
