layer at (0,0) size 800x600
  RenderView at (0,0) size 800x600
layer at (0,0) size 800x277
  RenderBlock {HTML} at (0,0) size 800x277
    RenderBody {BODY} at (8,16) size 784x141
      RenderBlock {P} at (0,0) size 784x21
        RenderText {#text} at (0,0) size 305x21
          text run at (0,0) width 305: "Reflection should be masked with gradient."
layer at (28,57) size 100x100
  RenderBlock {DIV} at (20,41) size 100x100 [bgcolor=#008000]
