layer at (0,0) size 800x600
  RenderView at (0,0) size 800x600
layer at (0,0) size 800x309
  RenderBlock {HTML} at (0,0) size 800x309
    RenderBody {BODY} at (8,16) size 784x273
      RenderBlock {P} at (0,0) size 784x21
        RenderText {#text} at (0,0) size 406x21
          text run at (0,0) width 406: "The four green squares should all have the mask applied."
layer at (28,57) size 122x232
  RenderBlock {DIV} at (20,41) size 122x232 [border: (1px solid #000000)]
layer at (39,68) size 100x100
  RenderBlock {DIV} at (11,11) size 100x100 [bgcolor=#008000]
    RenderText {#text} at (31,0) size 38x84
      text run at (31,0) width 38: "1"
