layer at (0,0) size 800x600
  RenderView at (0,0) size 800x600
layer at (0,0) size 800x330
  RenderBlock {HTML} at (0,0) size 800x330
    RenderBody {BODY} at (8,16) size 784x294
      RenderBlock {P} at (0,0) size 784x42
        RenderText {#text} at (0,0) size 765x42
          text run at (0,0) width 765: "Test transform change on reflected elements, with compositing layers larger than render layers. Left and right"
          text run at (0,21) width 197: "side should be symmetrical."
layer at (28,78) size 122x232
  RenderBlock {DIV} at (20,62) size 122x232 [border: (1px solid #000000)]
layer at (39,89) size 100x100
  RenderBlock {DIV} at (11,11) size 100x100 [bgcolor=#008000]
    RenderText {#text} at (31,0) size 38x84
      text run at (31,0) width 38: "1"
