layer at (0,0) size 800x600
  RenderView at (0,0) size 800x600
layer at (0,0) size 800x218
  RenderBlock {HTML} at (0,0) size 800x218
    RenderBody {BODY} at (8,16) size 784x182
      RenderBlock {P} at (0,0) size 784x42
        RenderText {#text} at (0,0) size 738x42
          text run at (0,0) width 738: "You should see a black rectangle divided into two parts; the top part should be taller (reflection should be"
          text run at (0,21) width 115: "behind original)."
layer at (28,78) size 220x120
  RenderBlock {DIV} at (20,62) size 220x120 [bgcolor=#FFFFFF] [border: (10px solid #000000)]
    RenderText {#text} at (62,10) size 96x30
      text run at (62,10) width 96: "Contents"
