layer at (0,0) size 800x600
  RenderView at (0,0) size 800x600
layer at (0,0) size 800x273
  RenderBlock {HTML} at (0,0) size 800x273
    RenderBody {BODY} at (8,16) size 784x247
      RenderBlock {P} at (0,0) size 784x21
        RenderText {#text} at (0,0) size 535x21
          text run at (0,0) width 535: "You should see scrollbars on the gray square, and a resizer control below it."
layer at (18,53) size 100x100 clip at (18,53) size 84x84 scrollWidth 500 scrollHeight 500
  RenderBlock (relative positioned) {DIV} at (10,37) size 100x100
layer at (18,53) size 500x500 backgroundClip at (18,53) size 84x84 clip at (18,53) size 84x84 outlineClip at (18,53) size 84x84
  RenderBlock {DIV} at (0,0) size 500x500 [bgcolor=#808080]
layer at (18,163) size 100x100
  RenderBlock {DIV} at (10,147) size 100x100
