layer at (0,0) size 784x2943
  RenderView at (0,0) size 784x600
layer at (0,0) size 784x2943
  RenderBlock {HTML} at (0,0) size 784x2943
    RenderBody {BODY} at (8,8) size 768x2927
      RenderBlock (anonymous) at (0,0) size 768x44
        RenderText {#text} at (0,0) size 726x44
          text run at (0,0) width 575: "Test of objects that avoid floats to see what they do with percentage and auto widths. "
          text run at (575,0) width 151: "This test is designed to"
          text run at (0,22) width 575: "illustrate that we have removed the WinIE quirk and are behaving more like Firefox."
      RenderBlock {HR} at (0,52) size 768x2 [border: (1px inset #000000)]
      RenderBlock (anonymous) at (0,62) size 768x22
        RenderText {#text} at (0,0) size 536x22
          text run at (0,0) width 536: "The inline-level button should be below the select and fill the width of the block."
      RenderBlock {P} at (0,100) size 220x110 [border: (10px solid #FF0000)]
        RenderText {#text} at (10,10) size 63x22
          text run at (10,10) width 63: "Line One"
        RenderBR {BR} at (73,26) size 0x0
        RenderMenuList {SELECT} at (10,34) size 100x27 [bgcolor=#FFFFFF]
          RenderBlock (anonymous) at (4,2) size 75x22
            RenderText at (0,0) size 28x22
              text run at (0,0) width 28: "One"
        RenderText {#text} at (0,0) size 0x0
        RenderButton {INPUT} at (10,65) size 200x33 [bgcolor=#C0C0C0]
          RenderBlock (anonymous) at (6,6) size 188x21
            RenderText at (85,0) size 18x21
              text run at (85,0) width 18: "Hi"
        RenderText {#text} at (0,0) size 0x0
      RenderBlock (anonymous) at (0,226) size 768x22
        RenderText {#text} at (0,0) size 505x22
          text run at (0,0) width 505: "The floating button with a percentage width should be even with the select."
      RenderBlock {P} at (0,264) size 220x79 [border: (10px solid #FF0000)]
        RenderText {#text} at (10,10) size 63x22
          text run at (10,10) width 63: "Line One"
        RenderBR {BR} at (73,26) size 0x0
        RenderMenuList {SELECT} at (10,34) size 100x27 [bgcolor=#FFFFFF]
          RenderBlock (anonymous) at (4,2) size 75x22
            RenderText at (0,0) size 28x22
              text run at (0,0) width 28: "One"
        RenderText {#text} at (0,0) size 0x0
        RenderButton {INPUT} at (110,34) size 100x33 [bgcolor=#C0C0C0]
          RenderBlock (anonymous) at (6,6) size 88x21
            RenderText at (35,0) size 18x21
              text run at (35,0) width 18: "Hi"
        RenderText {#text} at (0,0) size 0x0
        RenderBR {BR} at (210,32) size 0x22
      RenderBlock (anonymous) at (0,359) size 768x22
        RenderText {#text} at (0,0) size 491x22
          text run at (0,0) width 491: "The block-level button with an auto width should be even with the select."
      RenderBlock {P} at (0,397) size 220x101 [border: (10px solid #FF0000)]
        RenderBlock (anonymous) at (10,10) size 200x22
          RenderText {#text} at (0,0) size 63x22
            text run at (0,0) width 63: "Line One"
          RenderBR {BR} at (63,16) size 0x0
          RenderMenuList {SELECT} at (0,24) size 100x27 [bgcolor=#FFFFFF]
            RenderBlock (anonymous) at (4,2) size 75x22
              RenderText at (0,0) size 28x22
                text run at (0,0) width 28: "One"
          RenderText {#text} at (0,0) size 0x0
        RenderButton {INPUT} at (110,34) size 30x33 [bgcolor=#C0C0C0]
          RenderBlock (anonymous) at (6,6) size 18x21
            RenderText at (0,0) size 18x21
              text run at (0,0) width 18: "Hi"
        RenderBlock (anonymous) at (10,69) size 200x22
          RenderBR {BR} at (0,0) size 0x22
      RenderBlock (anonymous) at (0,514) size 768x22
        RenderText {#text} at (0,0) size 526x22
          text run at (0,0) width 526: "The block-level button with a percentage width should be even with the select."
      RenderBlock {P} at (0,552) size 220x101 [border: (10px solid #FF0000)]
        RenderBlock (anonymous) at (10,10) size 200x22
          RenderText {#text} at (0,0) size 63x22
            text run at (0,0) width 63: "Line One"
          RenderBR {BR} at (63,16) size 0x0
          RenderMenuList {SELECT} at (0,24) size 100x27 [bgcolor=#FFFFFF]
            RenderBlock (anonymous) at (4,2) size 75x22
              RenderText at (0,0) size 28x22
                text run at (0,0) width 28: "One"
          RenderText {#text} at (0,0) size 0x0
        RenderButton {INPUT} at (110,34) size 100x33 [bgcolor=#C0C0C0]
          RenderBlock (anonymous) at (6,6) size 88x21
            RenderText at (35,0) size 18x21
              text run at (35,0) width 18: "Hi"
        RenderBlock (anonymous) at (10,69) size 200x22
          RenderBR {BR} at (0,0) size 0x22
      RenderBlock (anonymous) at (0,669) size 768x22
        RenderText {#text} at (0,0) size 493x22
          text run at (0,0) width 493: "The floating table with a percentage width should be even with the select."
      RenderBlock {P} at (0,707) size 220x76 [border: (10px solid #FF0000)]
        RenderText {#text} at (10,10) size 63x22
          text run at (10,10) width 63: "Line One"
        RenderBR {BR} at (73,26) size 0x0
        RenderMenuList {SELECT} at (10,34) size 100x27 [bgcolor=#FFFFFF]
          RenderBlock (anonymous) at (4,2) size 75x22
            RenderText at (0,0) size 28x22
              text run at (0,0) width 28: "One"
        RenderText {#text} at (0,0) size 0x0
        RenderTable {TABLE} at (110,32) size 100x34 [border: (2px outset #808080)]
          RenderTableSection {TBODY} at (2,2) size 96x30
            RenderTableRow {TR} at (0,2) size 96x26
              RenderTableCell {TD} at (2,2) size 92x26 [border: (1px inset #808080)] [r=0 c=0 rs=1 cs=1]
                RenderText {#text} at (2,2) size 39x22
                  text run at (2,2) width 39: "Table"
        RenderText {#text} at (0,0) size 0x0
        RenderBR {BR} at (210,32) size 0x22
      RenderBlock (anonymous) at (0,799) size 768x44
        RenderText {#text} at (0,0) size 745x44
          text run at (0,0) width 745: "The floating table with an auto width should be even with the select and shrinks to use the available line width."
          text run at (0,22) width 233: "THIS IS CURRENTLY BUGGY."
      RenderBlock {P} at (0,859) size 220x151 [border: (10px solid #FF0000)]
        RenderText {#text} at (10,10) size 63x22
          text run at (10,10) width 63: "Line One"
        RenderBR {BR} at (73,26) size 0x0
        RenderMenuList {SELECT} at (10,34) size 100x27 [bgcolor=#FFFFFF]
          RenderBlock (anonymous) at (4,2) size 75x22
            RenderText at (0,0) size 28x22
              text run at (0,0) width 28: "One"
        RenderText {#text} at (0,0) size 0x0
        RenderTable {TABLE} at (10,63) size 200x78 [border: (2px outset #808080)]
          RenderTableSection {TBODY} at (2,2) size 196x74
            RenderTableRow {TR} at (0,2) size 196x70
              RenderTableCell {TD} at (2,2) size 192x70 [border: (1px inset #808080)] [r=0 c=0 rs=1 cs=1]
                RenderText {#text} at (2,2) size 173x66
                  text run at (2,2) width 173: "Floating table that should"
                  text run at (2,24) width 173: "shrink so it can be next to"
                  text run at (2,46) width 96: "previous float."
        RenderText {#text} at (0,0) size 0x0
        RenderBR {BR} at (110,32) size 0x22
      RenderBlock (anonymous) at (0,1026) size 768x44
        RenderText {#text} at (0,0) size 728x44
          text run at (0,0) width 612: "The block-level table below has a percentage width and should still be even with the select. "
          text run at (612,0) width 116: "It spills out of the"
          text run at (0,22) width 41: "block."
      RenderBlock {P} at (0,1086) size 220x173 [border: (10px solid #FF0000)]
        RenderBlock (anonymous) at (10,10) size 200x22
          RenderText {#text} at (0,0) size 63x22
            text run at (0,0) width 63: "Line One"
          RenderBR {BR} at (63,16) size 0x0
          RenderMenuList {SELECT} at (0,24) size 100x27 [bgcolor=#FFFFFF]
            RenderBlock (anonymous) at (4,2) size 75x22
              RenderText at (0,0) size 28x22
                text run at (0,0) width 28: "One"
          RenderText {#text} at (0,0) size 0x0
        RenderTable {TABLE} at (10,63) size 200x78 [border: (2px outset #808080)]
          RenderTableSection {TBODY} at (2,2) size 196x74
            RenderTableRow {TR} at (0,2) size 196x70
              RenderTableCell {TD} at (2,2) size 192x70 [border: (1px inset #808080)] [r=0 c=0 rs=1 cs=1]
                RenderText {#text} at (2,2) size 173x66
                  text run at (2,2) width 173: "Floating table that should"
                  text run at (2,24) width 173: "shrink so it can be next to"
                  text run at (2,46) width 96: "previous float."
        RenderBlock (anonymous) at (10,141) size 200x22
          RenderBR {BR} at (0,0) size 0x22
      RenderBlock (anonymous) at (0,1275) size 768x44
        RenderText {#text} at (0,0) size 745x44
          text run at (0,0) width 577: "The block-level table below has an auto width and should still be even with the select. "
          text run at (577,0) width 168: "It shrinks to fit inside the"
          text run at (0,22) width 41: "block."
      RenderBlock {P} at (0,1335) size 220x230 [border: (10px solid #FF0000)]
        RenderBlock (anonymous) at (10,10) size 200x22
          RenderText {#text} at (0,0) size 63x22
            text run at (0,0) width 63: "Line One"
          RenderBR {BR} at (63,16) size 0x0
          RenderMenuList {SELECT} at (0,24) size 100x27 [bgcolor=#FFFFFF]
            RenderBlock (anonymous) at (4,2) size 75x22
              RenderText at (0,0) size 28x22
                text run at (0,0) width 28: "One"
          RenderText {#text} at (0,0) size 0x0
        RenderTable {TABLE} at (110,32) size 100x166 [border: (2px outset #808080)]
          RenderTableSection {TBODY} at (2,2) size 96x162
            RenderTableRow {TR} at (0,2) size 96x158
              RenderTableCell {TD} at (2,2) size 92x158 [border: (1px inset #808080)] [r=0 c=0 rs=1 cs=1]
                RenderText {#text} at (2,2) size 77x154
                  text run at (2,2) width 56: "Floating"
                  text run at (2,24) width 64: "table that"
                  text run at (2,46) width 45: "should"
                  text run at (2,68) width 75: "shrink so it"
                  text run at (2,90) width 77: "can be next"
                  text run at (2,112) width 75: "to previous"
                  text run at (2,134) width 34: "float."
        RenderBlock (anonymous) at (10,198) size 200x22
          RenderBR {BR} at (0,0) size 0x22
      RenderBlock (anonymous) at (0,1581) size 768x22
        RenderText {#text} at (0,0) size 569x22
          text run at (0,0) width 569: "The floating overflow section with a percentage width should be even with the select."
      RenderBlock {DIV} at (0,1603) size 220x196 [border: (10px solid #FF0000)]
        RenderText {#text} at (10,10) size 63x22
          text run at (10,10) width 63: "Line One"
        RenderBR {BR} at (73,26) size 0x0
        RenderMenuList {SELECT} at (10,34) size 100x27 [bgcolor=#FFFFFF]
          RenderBlock (anonymous) at (4,2) size 75x22
            RenderText at (0,0) size 28x22
              text run at (0,0) width 28: "One"
        RenderText {#text} at (0,0) size 0x0
        RenderText {#text} at (0,0) size 0x0
        RenderBR {BR} at (210,32) size 0x22
      RenderBlock (anonymous) at (0,1799) size 768x44
        RenderText {#text} at (0,0) size 746x44
          text run at (0,0) width 746: "The floating overflow section with an auto width should be even with the select and shrinks to use the available"
          text run at (0,22) width 308: "line width. THIS IS CURRENTLY BUGGY."
      RenderBlock {DIV} at (0,1843) size 220x139 [border: (10px solid #FF0000)]
        RenderText {#text} at (10,10) size 63x22
          text run at (10,10) width 63: "Line One"
        RenderBR {BR} at (73,26) size 0x0
        RenderMenuList {SELECT} at (10,34) size 100x27 [bgcolor=#FFFFFF]
          RenderBlock (anonymous) at (4,2) size 75x22
            RenderText at (0,0) size 28x22
              text run at (0,0) width 28: "One"
        RenderText {#text} at (0,0) size 0x0
        RenderText {#text} at (0,0) size 0x0
        RenderBR {BR} at (110,32) size 0x22
      RenderBlock (anonymous) at (0,1982) size 768x22
        RenderText {#text} at (0,0) size 684x22
          text run at (0,0) width 684: "The block-level overflow section below has a percentage width and should still be even with the select."
      RenderBlock {DIV} at (0,2004) size 220x218 [border: (10px solid #FF0000)]
        RenderBlock (anonymous) at (10,10) size 200x22
          RenderText {#text} at (0,0) size 63x22
            text run at (0,0) width 63: "Line One"
          RenderBR {BR} at (63,16) size 0x0
          RenderMenuList {SELECT} at (0,24) size 100x27 [bgcolor=#FFFFFF]
            RenderBlock (anonymous) at (4,2) size 75x22
              RenderText at (0,0) size 28x22
                text run at (0,0) width 28: "One"
          RenderText {#text} at (0,0) size 0x0
        RenderBlock (anonymous) at (10,186) size 200x22
          RenderBR {BR} at (0,0) size 0x22
      RenderBlock (anonymous) at (0,2222) size 768x44
        RenderText {#text} at (0,0) size 753x44
          text run at (0,0) width 653: "The block-level overflow section below has an auto width and should still be even with the select. "
          text run at (653,0) width 100: "It shrinks to fit"
          text run at (0,22) width 109: "inside the block."
      RenderBlock {DIV} at (0,2266) size 220x218 [border: (10px solid #FF0000)]
        RenderBlock (anonymous) at (10,10) size 200x22
          RenderText {#text} at (0,0) size 63x22
            text run at (0,0) width 63: "Line One"
          RenderBR {BR} at (63,16) size 0x0
          RenderMenuList {SELECT} at (0,24) size 100x27 [bgcolor=#FFFFFF]
            RenderBlock (anonymous) at (4,2) size 75x22
              RenderText at (0,0) size 28x22
                text run at (0,0) width 28: "One"
          RenderText {#text} at (0,0) size 0x0
        RenderBlock (anonymous) at (10,186) size 200x22
          RenderBR {BR} at (0,0) size 0x22
      RenderBlock (anonymous) at (0,2484) size 768x22
        RenderText {#text} at (0,0) size 476x22
          text run at (0,0) width 476: "The floating hr with a percentage width should be even with the select."
      RenderBlock {DIV} at (0,2506) size 220x73 [border: (10px solid #FF0000)]
        RenderText {#text} at (10,10) size 63x22
          text run at (10,10) width 63: "Line One"
        RenderBR {BR} at (73,26) size 0x0
        RenderMenuList {SELECT} at (10,34) size 100x27 [bgcolor=#FFFFFF]
          RenderBlock (anonymous) at (4,2) size 75x22
            RenderText at (0,0) size 28x22
              text run at (0,0) width 28: "One"
        RenderText {#text} at (0,0) size 0x0
        RenderBlock (floating) {HR} at (112,34) size 82x2 [border: (1px inset #000000)]
        RenderText {#text} at (0,0) size 0x0
        RenderBR {BR} at (196,32) size 0x22
      RenderBlock (anonymous) at (0,2579) size 768x44
        RenderText {#text} at (0,0) size 750x44
          text run at (0,0) width 750: "The floating hr below should still be even with the select and shrinks to use its intrinsic width (which is basically"
          text run at (0,22) width 75: "like 1-2px)."
      RenderBlock {DIV} at (0,2623) size 220x73 [border: (10px solid #FF0000)]
        RenderText {#text} at (10,10) size 63x22
          text run at (10,10) width 63: "Line One"
        RenderBR {BR} at (73,26) size 0x0
        RenderMenuList {SELECT} at (10,34) size 100x27 [bgcolor=#FFFFFF]
          RenderBlock (anonymous) at (4,2) size 75x22
            RenderText at (0,0) size 28x22
              text run at (0,0) width 28: "One"
        RenderText {#text} at (0,0) size 0x0
        RenderBlock (floating) {HR} at (112,34) size 2x2 [border: (1px inset #000000)]
        RenderText {#text} at (0,0) size 0x0
        RenderBR {BR} at (116,32) size 0x22
      RenderBlock (anonymous) at (0,2696) size 768x22
        RenderText {#text} at (0,0) size 591x22
          text run at (0,0) width 591: "The block-level hr below has a percentage width and should still be even with the select."
      RenderBlock {DIV} at (0,2718) size 220x105 [border: (10px solid #FF0000)]
        RenderBlock (anonymous) at (10,10) size 200x22
          RenderText {#text} at (0,0) size 63x22
            text run at (0,0) width 63: "Line One"
          RenderBR {BR} at (63,16) size 0x0
          RenderMenuList {SELECT} at (0,24) size 100x27 [bgcolor=#FFFFFF]
            RenderBlock (anonymous) at (4,2) size 75x22
              RenderText at (0,0) size 28x22
                text run at (0,0) width 28: "One"
          RenderText {#text} at (0,0) size 0x0
        RenderBlock {HR} at (10,63) size 202x2 [border: (1px inset #000000)]
        RenderBlock (anonymous) at (10,73) size 200x22
          RenderBR {BR} at (0,0) size 0x22
      RenderBlock (anonymous) at (0,2823) size 768x22
        RenderText {#text} at (0,0) size 664x22
          text run at (0,0) width 560: "The block-level hr below has an auto width and should still be even with the select. "
          text run at (560,0) width 104: "It shrinks to fit."
      RenderBlock {DIV} at (0,2845) size 220x82 [border: (10px solid #FF0000)]
        RenderBlock (anonymous) at (10,10) size 200x22
          RenderText {#text} at (0,0) size 63x22
            text run at (0,0) width 63: "Line One"
          RenderBR {BR} at (63,16) size 0x0
          RenderMenuList {SELECT} at (0,24) size 100x27 [bgcolor=#FFFFFF]
            RenderBlock (anonymous) at (4,2) size 75x22
              RenderText at (0,0) size 28x22
                text run at (0,0) width 28: "One"
          RenderText {#text} at (0,0) size 0x0
        RenderBlock {HR} at (110,40) size 100x2 [border: (1px inset #000000)]
        RenderBlock (anonymous) at (10,50) size 200x22
          RenderBR {BR} at (100,0) size 0x22
layer at (118,1643) size 100x154
  RenderBlock (floating) {DIV} at (110,32) size 100x154
    RenderText {#text} at (0,0) size 96x154
      text run at (0,0) width 65: "This is an"
      text run at (0,22) width 59: "overflow"
      text run at (0,44) width 80: "section with"
      text run at (0,66) width 96: "enough text to"
      text run at (0,88) width 89: "have to wrap"
      text run at (0,110) width 72: "to multiple"
      text run at (0,132) width 34: "lines."
layer at (18,1914) size 200x66
  RenderBlock (floating) {DIV} at (10,63) size 200x66
    RenderText {#text} at (0,0) size 183x66
      text run at (0,0) width 178: "This is an overflow section"
      text run at (0,22) width 183: "with enough text to have to"
      text run at (0,44) width 150: "wrap to multiple lines."
layer at (118,2044) size 100x154
  RenderBlock {DIV} at (110,32) size 100x154
    RenderText {#text} at (0,0) size 96x154
      text run at (0,0) width 65: "This is an"
      text run at (0,22) width 59: "overflow"
      text run at (0,44) width 80: "section with"
      text run at (0,66) width 96: "enough text to"
      text run at (0,88) width 89: "have to wrap"
      text run at (0,110) width 72: "to multiple"
      text run at (0,132) width 34: "lines."
layer at (118,2306) size 100x154
  RenderBlock {DIV} at (110,32) size 100x154
    RenderText {#text} at (0,0) size 96x154
      text run at (0,0) width 65: "This is an"
      text run at (0,22) width 59: "overflow"
      text run at (0,44) width 80: "section with"
      text run at (0,66) width 96: "enough text to"
      text run at (0,88) width 89: "have to wrap"
      text run at (0,110) width 72: "to multiple"
      text run at (0,132) width 34: "lines."
