layer at (0,0) size 800x600
  RenderView at (0,0) size 800x600
layer at (0,0) size 800x600
  RenderBlock {HTML} at (0,0) size 800x600
    RenderBody {BODY} at (8,8) size 784x584
layer at (8,8) size 784x538
  RenderBlock {DIV} at (0,0) size 784x538 [border: (5px solid #000000)]
    RenderText {#text} at (15,5) size 240x1560
      text run at (15,5) width 177: "Lorem ipsum dolor sit amet,"
      text run at (15,23) width 212: "consectetuer adipiscing elit. Nulla"
      text run at (15,41) width 179: "varius enim ac mi. Curabitur"
      text run at (15,59) width 230: "sollicitudin felis quis lectus. Quisque"
      text run at (15,77) width 224: "adipiscing rhoncus sem. Proin nulla"
      text run at (15,95) width 190: "purus, vulputate vel, varius ut,"
      text run at (15,113) width 217: "euismod et, nisi. Sed vitae felis vel"
      text run at (15,131) width 222: "orci sagittis aliquam. Cras convallis"
      text run at (15,149) width 239: "adipiscing sem. Nam nonummy enim."
      text run at (15,167) width 211: "Nullam bibendum lobortis neque."
      text run at (15,185) width 185: "Vestibulum velit orci, tempus"
      text run at (15,203) width 203: "euismod, pretium quis, interdum"
      text run at (15,221) width 211: "vitae, nulla. Phasellus eget ante et"
      text run at (15,239) width 201: "tortor condimentum vestibulum."
      text run at (15,257) width 236: "Suspendisse hendrerit quam nec felis."
      text run at (15,275) width 223: "Sed varius turpis vitae pede. Lorem"
      text run at (15,293) width 213: "ipsum dolor sit amet, consectetuer"
      text run at (15,311) width 230: "adipiscing elit. Proin bibendum justo"
      text run at (15,329) width 226: "ac enim. Class aptent taciti sociosqu"
      text run at (15,347) width 231: "ad litora torquent per conubia nostra,"
      text run at (15,365) width 206: "per inceptos hymenaeos. Sed leo"
      text run at (15,383) width 224: "nulla, rutrum eu, dictum ut, posuere"
      text run at (15,401) width 212: "vel, arcu. Nam libero. Morbi orci."
      text run at (15,419) width 240: "Maecenas pellentesque. Curabitur erat"
      text run at (15,437) width 214: "erat, ullamcorper at, gravida vitae,"
      text run at (15,455) width 199: "iaculis vitae, elit. Nullam quam."
      text run at (15,473) width 227: "Quisque orci lectus, ullamcorper eu,"
      text run at (15,491) width 216: "imperdiet sed, accumsan et, ligula."
      text run at (15,509) width 204: "Duis diam nisl, sagittis a, blandit"
      text run at (15,533) width 179: "volutpat, interdum sed, velit."
      text run at (15,551) width 209: "Vestibulum quam. Nulla a purus."
      text run at (15,569) width 240: "Phasellus semper semper lectus. Nulla"
      text run at (15,587) width 211: "porttitor, dolor dictum scelerisque"
      text run at (15,605) width 233: "luctus, velit ipsum lobortis mauris, ac"
      text run at (15,623) width 216: "pretium enim nunc vel risus. Proin"
      text run at (15,641) width 201: "gravida mi ut sem cursus mattis."
      text run at (15,659) width 184: "Fusce laoreet, nisi quis luctus"
      text run at (15,677) width 218: "volutpat, arcu pede tincidunt enim,"
      text run at (15,695) width 208: "nec malesuada urna nisl eu enim."
      text run at (15,713) width 202: "Vivamus varius augue ac purus."
      text run at (15,731) width 228: "Vestibulum vestibulum. Phasellus et"
      text run at (15,749) width 205: "est vitae ante accumsan rhoncus."
      text run at (15,767) width 209: "Morbi convallis, arcu at hendrerit"
      text run at (15,785) width 216: "gravida, sem diam dignissim risus,"
      text run at (15,803) width 237: "sed aliquet erat mi ut mi. Nunc cursus"
      text run at (15,821) width 240: "lacinia elit. Nunc nisi. Quisque at erat."
      text run at (15,839) width 229: "Vestibulum dictum quam vitae nibh."
      text run at (15,857) width 219: "Nunc vitae ante non odio interdum"
      text run at (15,875) width 177: "blandit. Curabitur leo quam,"
      text run at (15,893) width 164: "fermentum sed, feugiat in,"
      text run at (15,911) width 230: "ullamcorper id, nibh. Suspendisse ac"
      text run at (15,929) width 201: "turpis. In iaculis sollicitudin dui."
      text run at (15,947) width 192: "Aenean vitae lectus vitae nulla"
      text run at (15,965) width 194: "pellentesque sollicitudin. Nunc"
      text run at (15,983) width 223: "gravida pharetra lectus. Etiam lacus"
      text run at (15,1001) width 197: "ligula, placerat ut, dictum vitae,"
      text run at (15,1019) width 200: "tempus vel, risus. Cras rhoncus."
      text run at (15,1037) width 226: "Praesent varius ultricies orci. Donec"
      text run at (15,1061) width 230: "mattis, neque ut ornare fringilla, ante"
      text run at (15,1079) width 231: "urna placerat eros, vel commodo nisi"
      text run at (15,1097) width 217: "tortor ut mauris. Morbi magna dui,"
      text run at (15,1115) width 177: "sagittis sit amet, tincidunt et,"
      text run at (15,1133) width 187: "elementum eget, quam. Fusce"
      text run at (15,1151) width 230: "molestie nisl vitae nisi. Vestibulum a"
      text run at (15,1169) width 234: "sapien. Phasellus ante lacus, vehicula"
      text run at (15,1187) width 205: "non, cursus a, tempor ut, magna."
      text run at (15,1205) width 219: "Suspendisse potenti. Fusce aliquet,"
      text run at (15,1223) width 224: "odio viverra vulputate dictum, enim"
      text run at (15,1241) width 240: "odio luctus purus, ut scelerisque quam"
      text run at (15,1259) width 200: "nulla non est. Donec eros lacus,"
      text run at (15,1277) width 210: "egestas vitae, lacinia quis, tempor"
      text run at (15,1295) width 234: "quis, pede. Morbi orci erat, iaculis id,"
      text run at (15,1313) width 226: "ornare ac, elementum at, sem. Nunc"
      text run at (15,1331) width 223: "ornare sodales nisi. Morbi interdum"
      text run at (15,1349) width 222: "commodo nisl. Fusce eget eros non"
      text run at (15,1367) width 227: "nisi ornare facilisis. Sed placerat, est"
      text run at (15,1385) width 202: "non posuere posuere, purus sem"
      text run at (15,1403) width 237: "dignissim libero, a viverra tellus dolor"
      text run at (15,1421) width 236: "vel lorem. Cras augue. Etiam ultricies"
      text run at (15,1439) width 209: "consequat odio. Mauris ac libero."
      text run at (15,1457) width 225: "Etiam posuere, libero vitae euismod"
      text run at (15,1475) width 219: "gravida, urna elit imperdiet magna,"
      text run at (15,1493) width 240: "vel cursus elit felis non mauris. Donec"
      text run at (15,1511) width 195: "orci erat, porta id, dignissim ut,"
      text run at (15,1529) width 208: "posuere dictum, leo. Suspendisse"
      text run at (15,1547) width 157: "scelerisque egestas nulla."
