layer at (0,0) size 785x638
  RenderView at (0,0) size 785x600
layer at (0,0) size 785x638
  RenderBlock {HTML} at (0,0) size 785x638
    RenderBody {BODY} at (8,8) size 769x622
      RenderBlock (anonymous) at (0,0) size 769x36
        RenderText {#text} at (0,0) size 745x36
          text run at (0,0) width 717: "In the test below, the column rules should not be visible, since a negative z-index child is painting on top of them. "
          text run at (717,0) width 28: "You"
          text run at (0,18) width 157: "should see no red below."
layer at (8,44) size 769x586 layerType: background only
layer at (13,49) size 759x576
  RenderBlock (positioned) zI: -1 {DIV} at (5,5) size 759x576 [bgcolor=#EEEEEE]
layer at (8,44) size 769x586 layerType: foreground only
  RenderBlock (relative positioned) {DIV} at (0,36) size 769x586 [bgcolor=#FF0000] [border: (5px solid #000000)]
    RenderText {#text} at (35,5) size 221x1692
      text run at (35,5) width 177: "Lorem ipsum dolor sit amet,"
      text run at (35,23) width 212: "consectetuer adipiscing elit. Nulla"
      text run at (35,41) width 179: "varius enim ac mi. Curabitur"
      text run at (35,59) width 173: "sollicitudin felis quis lectus."
      text run at (35,77) width 208: "Quisque adipiscing rhoncus sem."
      text run at (35,95) width 201: "Proin nulla purus, vulputate vel,"
      text run at (35,113) width 192: "varius ut, euismod et, nisi. Sed"
      text run at (35,131) width 216: "vitae felis vel orci sagittis aliquam."
      text run at (35,149) width 190: "Cras convallis adipiscing sem."
      text run at (35,167) width 189: "Nam nonummy enim. Nullam"
      text run at (35,185) width 160: "bibendum lobortis neque."
      text run at (35,203) width 185: "Vestibulum velit orci, tempus"
      text run at (35,221) width 203: "euismod, pretium quis, interdum"
      text run at (35,239) width 211: "vitae, nulla. Phasellus eget ante et"
      text run at (35,257) width 201: "tortor condimentum vestibulum."
      text run at (35,275) width 202: "Suspendisse hendrerit quam nec"
      text run at (35,293) width 211: "felis. Sed varius turpis vitae pede."
      text run at (35,311) width 177: "Lorem ipsum dolor sit amet,"
      text run at (35,329) width 211: "consectetuer adipiscing elit. Proin"
      text run at (35,347) width 192: "bibendum justo ac enim. Class"
      text run at (35,365) width 186: "aptent taciti sociosqu ad litora"
      text run at (35,383) width 200: "torquent per conubia nostra, per"
      text run at (35,401) width 221: "inceptos hymenaeos. Sed leo nulla,"
      text run at (35,419) width 212: "rutrum eu, dictum ut, posuere vel,"
      text run at (35,437) width 185: "arcu. Nam libero. Morbi orci."
      text run at (35,455) width 213: "Maecenas pellentesque. Curabitur"
      text run at (35,473) width 203: "erat erat, ullamcorper at, gravida"
      text run at (35,491) width 194: "vitae, iaculis vitae, elit. Nullam"
      text run at (35,509) width 168: "quam. Quisque orci lectus,"
      text run at (35,527) width 190: "ullamcorper eu, imperdiet sed,"
      text run at (35,545) width 193: "accumsan et, ligula. Duis diam"
      text run at (35,563) width 194: "nisl, sagittis a, blandit volutpat,"
      text run at (35,581) width 197: "interdum sed, velit. Vestibulum"
      text run at (35,599) width 195: "quam. Nulla a purus. Phasellus"
      text run at (35,617) width 177: "semper semper lectus. Nulla"
      text run at (35,635) width 211: "porttitor, dolor dictum scelerisque"
      text run at (35,653) width 215: "luctus, velit ipsum lobortis mauris,"
      text run at (35,671) width 196: "ac pretium enim nunc vel risus."
      text run at (35,689) width 194: "Proin gravida mi ut sem cursus"
      text run at (35,707) width 188: "mattis. Fusce laoreet, nisi quis"
      text run at (35,725) width 220: "luctus volutpat, arcu pede tincidunt"
      text run at (35,743) width 208: "enim, nec malesuada urna nisl eu"
      text run at (35,761) width 198: "enim. Vivamus varius augue ac"
      text run at (35,779) width 193: "purus. Vestibulum vestibulum."
      text run at (35,797) width 159: "Phasellus et est vitae ante"
      text run at (35,815) width 163: "accumsan rhoncus. Morbi"
      text run at (35,833) width 221: "convallis, arcu at hendrerit gravida,"
      text run at (35,851) width 186: "sem diam dignissim risus, sed"
      text run at (35,869) width 212: "aliquet erat mi ut mi. Nunc cursus"
      text run at (35,887) width 209: "lacinia elit. Nunc nisi. Quisque at"
      text run at (35,905) width 190: "erat. Vestibulum dictum quam"
      text run at (35,923) width 197: "vitae nibh. Nunc vitae ante non"
      text run at (35,941) width 203: "odio interdum blandit. Curabitur"
      text run at (35,959) width 210: "leo quam, fermentum sed, feugiat"
      text run at (35,977) width 151: "in, ullamcorper id, nibh."
      text run at (35,995) width 199: "Suspendisse ac turpis. In iaculis"
      text run at (35,1013) width 184: "sollicitudin dui. Aenean vitae"
      text run at (35,1031) width 187: "lectus vitae nulla pellentesque"
      text run at (35,1049) width 218: "sollicitudin. Nunc gravida pharetra"
      text run at (35,1067) width 213: "lectus. Etiam lacus ligula, placerat"
      text run at (35,1085) width 214: "ut, dictum vitae, tempus vel, risus."
      text run at (35,1103) width 186: "Cras rhoncus. Praesent varius"
      text run at (35,1121) width 214: "ultricies orci. Donec mattis, neque"
      text run at (35,1139) width 175: "ut ornare fringilla, ante urna"
      text run at (35,1157) width 199: "placerat eros, vel commodo nisi"
      text run at (35,1175) width 217: "tortor ut mauris. Morbi magna dui,"
      text run at (35,1193) width 177: "sagittis sit amet, tincidunt et,"
      text run at (35,1211) width 187: "elementum eget, quam. Fusce"
      text run at (35,1229) width 219: "molestie nisl vitae nisi. Vestibulum"
      text run at (35,1247) width 188: "a sapien. Phasellus ante lacus,"
      text run at (35,1265) width 212: "vehicula non, cursus a, tempor ut,"
      text run at (35,1283) width 219: "magna. Suspendisse potenti. Fusce"
      text run at (35,1301) width 188: "aliquet, odio viverra vulputate"
      text run at (35,1319) width 214: "dictum, enim odio luctus purus, ut"
      text run at (35,1337) width 196: "scelerisque quam nulla non est."
      text run at (35,1355) width 199: "Donec eros lacus, egestas vitae,"
      text run at (35,1373) width 195: "lacinia quis, tempor quis, pede."
      text run at (35,1391) width 206: "Morbi orci erat, iaculis id, ornare"
      text run at (35,1409) width 182: "ac, elementum at, sem. Nunc"
      text run at (35,1427) width 163: "ornare sodales nisi. Morbi"
      text run at (35,1445) width 194: "interdum commodo nisl. Fusce"
      text run at (35,1463) width 209: "eget eros non nisi ornare facilisis."
      text run at (35,1481) width 183: "Sed placerat, est non posuere"
      text run at (35,1499) width 185: "posuere, purus sem dignissim"
      text run at (35,1517) width 196: "libero, a viverra tellus dolor vel"
      text run at (35,1535) width 213: "lorem. Cras augue. Etiam ultricies"
      text run at (35,1553) width 209: "consequat odio. Mauris ac libero."
      text run at (35,1571) width 168: "Etiam posuere, libero vitae"
      text run at (35,1589) width 163: "euismod gravida, urna elit"
      text run at (35,1607) width 199: "imperdiet magna, vel cursus elit"
      text run at (35,1625) width 209: "felis non mauris. Donec orci erat,"
      text run at (35,1643) width 189: "porta id, dignissim ut, posuere"
      text run at (35,1661) width 155: "dictum, leo. Suspendisse"
      text run at (35,1679) width 157: "scelerisque egestas nulla."
