layer at (0,0) size 800x600
  RenderView at (0,0) size 800x600
layer at (0,0) size 800x8
  RenderBlock {HTML} at (0,0) size 800x8
    RenderBody {BODY} at (8,8) size 784x0
      RenderBlock {DIV} at (0,0) size 784x0
layer at (20,36) size 424x270
  RenderBlock (positioned) {P} at (20,36) size 424x270 [border: (2px solid #000000)]
    RenderBlock (floating) at (2,2) size 24x41
      RenderText {#text} at (0,0) size 24x41
        text run at (0,0) width 24: "L"
    RenderText {#text} at (30,2) size 200x491
      text run at (30,2) width 172: "orem ipsum dolor sit"
      text run at (30,20) width 172: "amet, consectetur"
      text run at (2,38) width 200: "adipiscing elit. Cras pharetra"
      text run at (2,56) width 200: "mollis pharetra. Suspendisse"
      text run at (2,74) width 200: "lacinia orci et felis tristique sit"
      text run at (2,92) width 200: "amet semper massa tempus."
      text run at (2,110) width 200: "Suspendisse consectetur"
      text run at (2,128) width 200: "tempor pulvinar. Proin dui"
      text run at (2,146) width 200: "eros, ultricies vel malesuada"
      text run at (2,164) width 200: "vel, tempor at ante. Nam eget"
      text run at (2,182) width 200: "nisl dui. Donec molestie lectus"
      text run at (2,200) width 200: "a nunc scelerisque blandit."
      text run at (2,218) width 200: "Nam non ligula massa, sed"
      text run at (2,236) width 200: "suscipit turpis. Etiam eget"
      text run at (2,277) width 200: "ligula sit amet turpis"
      text run at (2,295) width 200: "venenatis dictum in eleifend"
      text run at (2,313) width 200: "augue. Duis tellus lectus,"
      text run at (2,331) width 200: "volutpat et adipiscing a,"
      text run at (2,349) width 200: "pellentesque eu metus."
      text run at (2,367) width 200: "Aenean suscipit congue"
      text run at (2,385) width 200: "mauris at gravida. Integer"
      text run at (2,403) width 200: "lectus ligula, consectetur sit"
      text run at (2,421) width 200: "amet venenatis id, scelerisque"
      text run at (2,439) width 200: "eget nisl. Nunc dapibus"
      text run at (2,457) width 200: "posuere risus, vitae tempor"
      text run at (2,475) width 97: "nibh iaculis et."
