layer at (0,0) size 792x1062
  RenderView at (0,0) size 785x585
layer at (0,0) size 785x1062
  RenderBlock {HTML} at (0,0) size 785x1062
    RenderBody {BODY} at (8,8) size 769x1041 [bgcolor=#EEEEEE]
      RenderBlock (anonymous) at (0,0) size 769x20
        RenderInline {SPAN} at (0,0) size 191x15
          RenderText {#text} at (0,0) size 0x0
          RenderInline {SPAN} at (0,0) size 191x15
            RenderText {#text} at (0,0) size 0x0
            RenderTable {TABLE} at (0,0) size 191x20
              RenderTableSection {TBODY} at (0,0) size 191x20
                RenderTableRow {TR} at (0,0) size 191x20
                  RenderTableCell {TD} at (0,0) size 115x20 [r=0 c=0 rs=1 cs=1]
                    RenderText {#text} at (1,1) size 113x19
                      text run at (1,1) width 113: "Record Locator:"
                  RenderTableCell {TD} at (115,0) size 76x20 [r=0 c=1 rs=1 cs=1]
                    RenderInline {B} at (0,0) size 74x19
                      RenderText {#text} at (1,1) size 74x19
                        text run at (1,1) width 74: "WHGNSO"
                    RenderText {#text} at (0,0) size 0x0
            RenderText {#text} at (0,0) size 0x0
          RenderText {#text} at (0,0) size 0x0
      RenderBlock (anonymous) at (0,26) size 769x2
        RenderBlock {HR} at (0,0) size 769x2 [border: (1px inset #000000)]
      RenderBlock (anonymous) at (0,34) size 769x36
        RenderInline {SPAN} at (0,0) size 110x33
          RenderInline {SPAN} at (0,0) size 110x33
            RenderText {#text} at (0,0) size 0x0
            RenderInline {SPAN} at (0,0) size 110x19
              RenderText {#text} at (0,0) size 0x0
              RenderImage {IMG} at (0,2) size 53x19
              RenderText {#text} at (53,0) size 57x19
                text run at (53,0) width 4: " "
                text run at (57,0) width 53: "Names"
              RenderBR {BR} at (110,15) size 0x0
            RenderText {#text} at (0,0) size 0x0
            RenderInline {SPAN} at (0,0) size 88x15
              RenderText {#text} at (0,0) size 0x0
              RenderText {#text} at (0,0) size 0x0
            RenderText {#text} at (0,0) size 0x0
          RenderText {#text} at (0,0) size 0x0
      RenderBlock (anonymous) at (0,76) size 769x2
        RenderBlock {HR} at (0,0) size 769x2 [border: (1px inset #000000)]
      RenderBlock (anonymous) at (0,84) size 769x50
        RenderInline {SPAN} at (0,0) size 576x47
          RenderInline {SPAN} at (0,0) size 576x47
            RenderText {#text} at (0,0) size 0x0
            RenderImage {IMG} at (0,5) size 62x15
            RenderText {#text} at (62,3) size 4x15
              text run at (62,3) width 4: " "
            RenderInline {SPAN} at (0,0) size 83x19
              RenderText {#text} at (66,0) size 83x19
                text run at (66,0) width 83: "Addresses"
              RenderBR {BR} at (149,15) size 0x0
            RenderText {#text} at (0,0) size 0x0
            RenderText {#text} at (0,0) size 0x0
          RenderText {#text} at (0,0) size 0x0
      RenderBlock (anonymous) at (0,140) size 769x2
        RenderBlock {HR} at (0,0) size 769x2 [border: (1px inset #000000)]
      RenderBlock (anonymous) at (0,148) size 769x25
        RenderInline {SPAN} at (0,0) size 126x25
          RenderInline {SPAN} at (0,0) size 126x25
            RenderText {#text} at (0,0) size 0x0
            RenderInline {SPAN} at (0,0) size 126x19
              RenderText {#text} at (0,0) size 0x0
              RenderImage {IMG} at (0,2) size 59x19
              RenderText {#text} at (59,0) size 67x19
                text run at (59,0) width 4: " "
                text run at (63,0) width 63: "Phones "
              RenderBR {BR} at (126,15) size 0x0
            RenderText {#text} at (0,0) size 0x0
      RenderBlock (anonymous) at (0,233) size 769x0
        RenderInline {SPAN} at (0,0) size 0x0
          RenderInline {SPAN} at (0,0) size 0x0
            RenderText {#text} at (0,0) size 0x0
          RenderText {#text} at (0,0) size 0x0
      RenderBlock (anonymous) at (0,239) size 769x2
        RenderBlock {HR} at (0,0) size 769x2 [border: (1px inset #000000)]
      RenderBlock (anonymous) at (0,247) size 769x21
        RenderInline {SPAN} at (0,0) size 128x15
          RenderInline {SPAN} at (0,0) size 128x15
            RenderText {#text} at (0,0) size 0x0
            RenderInline {SPAN} at (0,0) size 128x19
              RenderText {#text} at (0,0) size 0x0
              RenderImage {IMG} at (0,2) size 62x19
              RenderText {#text} at (62,0) size 66x19
                text run at (62,0) width 4: " "
                text run at (66,0) width 62: "Itinerary"
            RenderText {#text} at (0,0) size 0x0
            RenderInline {SPAN} at (0,0) size 0x0
              RenderText {#text} at (0,0) size 0x0
              RenderInline {SPAN} at (0,0) size 0x0
                RenderText {#text} at (0,0) size 0x0
      RenderBlock (anonymous) at (0,268) size 769x60
        RenderTable {TABLE} at (0,0) size 581x60
          RenderTableSection {TBODY} at (0,0) size 581x60
            RenderTableRow {TR} at (0,2) size 581x56
              RenderTableCell {TD} at (2,29) size 2x2 [r=0 c=0 rs=1 cs=1]
              RenderTableCell {TD} at (6,2) size 2x2 [r=0 c=1 rs=1 cs=1]
              RenderTableCell {TD} at (10,19) size 149x21 [r=0 c=2 rs=1 cs=1]
                RenderImage {IMG} at (1,1) size 147x19
                RenderText {#text} at (0,0) size 0x0
              RenderTableCell {TD} at (161,2) size 418x56 [r=0 c=3 rs=1 cs=1]
                RenderText {#text} at (1,1) size 147x19
                  text run at (1,1) width 147: "TUR - Tour Package"
                RenderBR {BR} at (148,16) size 0x0
                RenderText {#text} at (1,19) size 228x19
                  text run at (1,19) width 228: "Date: Sunday, January 12, 2003"
                RenderBR {BR} at (229,34) size 0x0
                RenderText {#text} at (1,37) size 416x19
                  text run at (1,37) width 416: "Comments: -** TICKETLESS CONF CODE IS WHGNSO**"
      RenderBlock (anonymous) at (0,328) size 769x0
        RenderInline {SPAN} at (0,0) size 0x0
          RenderInline {SPAN} at (0,0) size 0x0
            RenderInline {SPAN} at (0,0) size 0x0
              RenderInline {SPAN} at (0,0) size 0x0
              RenderText {#text} at (0,0) size 0x0
      RenderBlock (anonymous) at (0,334) size 769x2
        RenderBlock {HR} at (0,0) size 769x2 [border: (1px inset #000000)]
      RenderBlock (anonymous) at (0,342) size 769x0
        RenderInline {SPAN} at (0,0) size 0x0
          RenderInline {SPAN} at (0,0) size 0x0
            RenderInline {SPAN} at (0,0) size 0x0
              RenderInline {SPAN} at (0,0) size 0x0
                RenderText {#text} at (0,0) size 0x0
      RenderBlock (anonymous) at (0,342) size 769x196
        RenderTable {TABLE} at (0,0) size 710x196
          RenderTableSection {TBODY} at (0,0) size 710x196
            RenderTableRow {TR} at (0,2) size 710x192
              RenderTableCell {TD} at (2,97) size 2x2 [r=0 c=0 rs=1 cs=1]
              RenderTableCell {TD} at (6,2) size 2x2 [r=0 c=1 rs=1 cs=1]
              RenderTableCell {TD} at (10,87) size 90x21 [r=0 c=2 rs=1 cs=1]
                RenderImage {IMG} at (1,1) size 88x19
                RenderText {#text} at (0,0) size 0x0
              RenderTableCell {TD} at (102,2) size 606x192 [r=0 c=3 rs=1 cs=1]
                RenderBlock (anonymous) at (1,1) size 604x126
                  RenderText {#text} at (0,0) size 24x19
                    text run at (0,0) width 24: "Air "
                  RenderBR {BR} at (0,0) size 0x0
                  RenderText {#text} at (0,18) size 486x19
                    text run at (0,18) width 51: "United "
                    text run at (51,18) width 84: "Flight 1187 "
                    text run at (135,18) width 123: "Booking Code:M "
                    text run at (258,18) width 228: "Date: Sunday, January 12, 2003"
                  RenderBR {BR} at (486,33) size 0x0
                  RenderText {#text} at (0,36) size 388x19
                    text run at (0,36) width 388: "From: San Francisco Intl Arpt, San Francisco CA - U.S."
                  RenderBR {BR} at (388,51) size 0x0
                  RenderText {#text} at (0,54) size 405x19
                    text run at (0,54) width 27: "To: "
                    text run at (27,54) width 378: "Burbank Glendale Pasadena Arpt, Burbank CA - U.S."
                  RenderBR {BR} at (405,69) size 0x0
                  RenderText {#text} at (0,72) size 244x19
                    text run at (0,72) width 127: "Departs: 6:05 PM "
                    text run at (127,72) width 117: "Arrives: 7:10 PM"
                  RenderBR {BR} at (244,87) size 0x0
                  RenderText {#text} at (0,90) size 49x19
                    text run at (0,90) width 49: "Status:"
                  RenderInline {SPACE} at (0,0) size 127x37
                    RenderText {#text} at (49,90) size 74x19
                      text run at (49,90) width 74: " confirmed"
                    RenderInline {SPACE} at (0,0) size 127x37
                      RenderText {#text} at (123,90) size 4x19
                        text run at (123,90) width 4: " "
                      RenderBR {BR} at (0,0) size 0x0
                      RenderText {#text} at (0,108) size 45x19
                        text run at (0,108) width 45: "Seats:"
                      RenderBR {BR} at (45,123) size 0x0
                RenderBlock (anonymous) at (1,127) size 604x46
                  RenderTable {TABLE} at (0,0) size 604x46 [border: (1px outset #808080)]
                    RenderTableSection {TBODY} at (1,1) size 602x44
                      RenderTableRow {TR} at (0,0) size 602x22 [bgcolor=#E0E0E0]
                        RenderTableCell {TD} at (0,0) size 98x22 [border: (1px inset #808080)] [r=0 c=0 rs=1 cs=1]
                          RenderText {#text} at (2,2) size 43x19
                            text run at (2,2) width 43: "Name"
                        RenderTableCell {TD} at (98,0) size 37x22 [border: (1px inset #808080)] [r=0 c=1 rs=1 cs=1]
                          RenderText {#text} at (2,2) size 33x19
                            text run at (2,2) width 33: "Seat"
                        RenderTableCell {TD} at (135,0) size 78x22 [border: (1px inset #808080)] [r=0 c=2 rs=1 cs=1]
                          RenderText {#text} at (2,2) size 45x19
                            text run at (2,2) width 45: "Status"
                        RenderTableCell {TD} at (213,0) size 316x22 [border: (1px inset #808080)] [r=0 c=3 rs=1 cs=1]
                          RenderText {#text} at (2,2) size 36x19
                            text run at (2,2) width 36: "Type"
                        RenderTableCell {TD} at (529,0) size 73x22 [border: (1px inset #808080)] [r=0 c=4 rs=1 cs=1]
                          RenderText {#text} at (2,2) size 69x19
                            text run at (2,2) width 69: "Comment"
                      RenderTableRow {TR} at (0,22) size 602x22
                        RenderTableCell {TD} at (0,22) size 98x22 [border: (1px inset #808080)] [r=1 c=0 rs=1 cs=1]
                          RenderText {#text} at (2,2) size 94x19
                            text run at (2,2) width 94: "HAO,SCOTT"
                        RenderTableCell {TD} at (98,22) size 37x22 [border: (1px inset #808080)] [r=1 c=1 rs=1 cs=1]
                          RenderText {#text} at (2,2) size 29x19
                            text run at (2,2) width 29: "08A"
                        RenderTableCell {TD} at (135,22) size 78x22 [border: (1px inset #808080)] [r=1 c=2 rs=1 cs=1]
                          RenderText {#text} at (2,2) size 74x19
                            text run at (2,2) width 74: "confirmed "
                        RenderTableCell {TD} at (213,22) size 316x22 [border: (1px inset #808080)] [r=1 c=3 rs=1 cs=1]
                          RenderText {#text} at (2,2) size 312x19
                            text run at (2,2) width 312: "Non-Smoking, Window Seat, Preferred Seat"
                        RenderTableCell {TD} at (529,22) size 73x22 [border: (1px inset #808080)] [r=1 c=4 rs=1 cs=1]
                          RenderText {#text} at (2,2) size 4x19
                            text run at (2,2) width 4: " "
                RenderBlock (anonymous) at (1,173) size 604x18
                  RenderInline {SPACE} at (0,0) size 0x19
                    RenderInline {SPACE} at (0,0) size 0x19
                      RenderBR {BR} at (0,0) size 0x19
      RenderBlock (anonymous) at (0,538) size 769x0
        RenderInline {SPAN} at (0,0) size 0x0
          RenderInline {SPAN} at (0,0) size 0x0
            RenderInline {SPAN} at (0,0) size 0x0
              RenderInline {SPAN} at (0,0) size 0x0
              RenderText {#text} at (0,0) size 0x0
      RenderBlock (anonymous) at (0,544) size 769x2
        RenderBlock {HR} at (0,0) size 769x2 [border: (1px inset #000000)]
      RenderBlock (anonymous) at (0,552) size 769x0
        RenderInline {SPAN} at (0,0) size 0x0
          RenderInline {SPAN} at (0,0) size 0x0
            RenderInline {SPAN} at (0,0) size 0x0
              RenderInline {SPAN} at (0,0) size 0x0
                RenderText {#text} at (0,0) size 0x0
      RenderBlock (anonymous) at (0,552) size 769x196
        RenderTable {TABLE} at (0,0) size 599x196
          RenderTableSection {TBODY} at (0,0) size 599x196
            RenderTableRow {TR} at (0,2) size 599x192
              RenderTableCell {TD} at (2,97) size 2x2 [r=0 c=0 rs=1 cs=1]
              RenderTableCell {TD} at (6,2) size 2x2 [r=0 c=1 rs=1 cs=1]
              RenderTableCell {TD} at (10,87) size 90x21 [r=0 c=2 rs=1 cs=1]
                RenderImage {IMG} at (1,1) size 88x19
                RenderText {#text} at (0,0) size 0x0
              RenderTableCell {TD} at (102,2) size 495x192 [r=0 c=3 rs=1 cs=1]
                RenderBlock (anonymous) at (1,1) size 493x126
                  RenderText {#text} at (0,0) size 24x19
                    text run at (0,0) width 24: "Air "
                  RenderBR {BR} at (0,0) size 0x0
                  RenderText {#text} at (0,18) size 466x19
                    text run at (0,18) width 51: "United "
                    text run at (51,18) width 75: "Flight 480 "
                    text run at (126,18) width 122: "Booking Code:Q "
                    text run at (248,18) width 218: "Date: Friday, January 24, 2003"
                  RenderBR {BR} at (466,33) size 0x0
                  RenderText {#text} at (0,36) size 423x19
                    text run at (0,36) width 423: "From: Burbank Glendale Pasadena Arpt, Burbank CA - U.S."
                  RenderBR {BR} at (423,51) size 0x0
                  RenderText {#text} at (0,54) size 370x19
                    text run at (0,54) width 27: "To: "
                    text run at (27,54) width 343: "San Francisco Intl Arpt, San Francisco CA - U.S."
                  RenderBR {BR} at (370,69) size 0x0
                  RenderText {#text} at (0,72) size 244x19
                    text run at (0,72) width 127: "Departs: 1:40 PM "
                    text run at (127,72) width 117: "Arrives: 2:50 PM"
                  RenderBR {BR} at (244,87) size 0x0
                  RenderText {#text} at (0,90) size 49x19
                    text run at (0,90) width 49: "Status:"
                  RenderInline {SPACE} at (0,0) size 127x37
                    RenderText {#text} at (49,90) size 74x19
                      text run at (49,90) width 74: " confirmed"
                    RenderInline {SPACE} at (0,0) size 127x37
                      RenderText {#text} at (123,90) size 4x19
                        text run at (123,90) width 4: " "
                      RenderBR {BR} at (0,0) size 0x0
                      RenderText {#text} at (0,108) size 45x19
                        text run at (0,108) width 45: "Seats:"
                      RenderBR {BR} at (45,123) size 0x0
                RenderBlock (anonymous) at (1,127) size 493x46
                  RenderTable {TABLE} at (0,0) size 493x46 [border: (1px outset #808080)]
                    RenderTableSection {TBODY} at (1,1) size 491x44
                      RenderTableRow {TR} at (0,0) size 491x22 [bgcolor=#E0E0E0]
                        RenderTableCell {TD} at (0,0) size 98x22 [border: (1px inset #808080)] [r=0 c=0 rs=1 cs=1]
                          RenderText {#text} at (2,2) size 43x19
                            text run at (2,2) width 43: "Name"
                        RenderTableCell {TD} at (98,0) size 37x22 [border: (1px inset #808080)] [r=0 c=1 rs=1 cs=1]
                          RenderText {#text} at (2,2) size 33x19
                            text run at (2,2) width 33: "Seat"
                        RenderTableCell {TD} at (135,0) size 78x22 [border: (1px inset #808080)] [r=0 c=2 rs=1 cs=1]
                          RenderText {#text} at (2,2) size 45x19
                            text run at (2,2) width 45: "Status"
                        RenderTableCell {TD} at (213,0) size 205x22 [border: (1px inset #808080)] [r=0 c=3 rs=1 cs=1]
                          RenderText {#text} at (2,2) size 36x19
                            text run at (2,2) width 36: "Type"
                        RenderTableCell {TD} at (418,0) size 73x22 [border: (1px inset #808080)] [r=0 c=4 rs=1 cs=1]
                          RenderText {#text} at (2,2) size 69x19
                            text run at (2,2) width 69: "Comment"
                      RenderTableRow {TR} at (0,22) size 491x22
                        RenderTableCell {TD} at (0,22) size 98x22 [border: (1px inset #808080)] [r=1 c=0 rs=1 cs=1]
                          RenderText {#text} at (2,2) size 94x19
                            text run at (2,2) width 94: "HAO,SCOTT"
                        RenderTableCell {TD} at (98,22) size 37x22 [border: (1px inset #808080)] [r=1 c=1 rs=1 cs=1]
                          RenderText {#text} at (2,2) size 28x19
                            text run at (2,2) width 28: "13F"
                        RenderTableCell {TD} at (135,22) size 78x22 [border: (1px inset #808080)] [r=1 c=2 rs=1 cs=1]
                          RenderText {#text} at (2,2) size 74x19
                            text run at (2,2) width 74: "confirmed "
                        RenderTableCell {TD} at (213,22) size 205x22 [border: (1px inset #808080)] [r=1 c=3 rs=1 cs=1]
                          RenderText {#text} at (2,2) size 201x19
                            text run at (2,2) width 201: "Non-Smoking, Window Seat"
                        RenderTableCell {TD} at (418,22) size 73x22 [border: (1px inset #808080)] [r=1 c=4 rs=1 cs=1]
                          RenderText {#text} at (2,2) size 4x19
                            text run at (2,2) width 4: " "
                RenderBlock (anonymous) at (1,173) size 493x18
                  RenderInline {SPACE} at (0,0) size 0x19
                    RenderInline {SPACE} at (0,0) size 0x19
                      RenderBR {BR} at (0,0) size 0x19
      RenderBlock (anonymous) at (0,748) size 769x0
        RenderInline {SPAN} at (0,0) size 0x0
          RenderInline {SPAN} at (0,0) size 0x0
            RenderInline {SPAN} at (0,0) size 0x0
              RenderInline {SPAN} at (0,0) size 0x0
              RenderText {#text} at (0,0) size 0x0
      RenderBlock (anonymous) at (0,754) size 769x2
        RenderBlock {HR} at (0,0) size 769x2 [border: (1px inset #000000)]
      RenderBlock (anonymous) at (0,762) size 769x0
        RenderInline {SPAN} at (0,0) size 0x0
          RenderInline {SPAN} at (0,0) size 0x0
            RenderInline {SPAN} at (0,0) size 0x0
              RenderInline {SPAN} at (0,0) size 0x0
                RenderText {#text} at (0,0) size 0x0
      RenderBlock (anonymous) at (0,762) size 769x114
        RenderTable {TABLE} at (0,0) size 614x114
          RenderTableSection {TBODY} at (0,0) size 614x114
            RenderTableRow {TR} at (0,2) size 614x110
              RenderTableCell {TD} at (2,56) size 2x2 [r=0 c=0 rs=1 cs=1]
              RenderTableCell {TD} at (6,2) size 2x2 [r=0 c=1 rs=1 cs=1]
              RenderTableCell {TD} at (10,46) size 90x21 [r=0 c=2 rs=1 cs=1]
                RenderImage {IMG} at (1,1) size 88x19
                RenderText {#text} at (0,0) size 0x0
              RenderTableCell {TD} at (102,2) size 510x110 [r=0 c=3 rs=1 cs=1]
                RenderText {#text} at (1,1) size 24x19
                  text run at (1,1) width 24: "Air "
                RenderBR {BR} at (0,0) size 0x0
                RenderText {#text} at (1,19) size 508x19
                  text run at (1,19) width 90: "UNKNOWN "
                  text run at (91,19) width 75: "Flight 123 "
                  text run at (166,19) width 121: "Booking Code:Y "
                  text run at (287,19) width 222: "Date: Tuesday, March 25, 2003"
                RenderBR {BR} at (509,34) size 0x0
                RenderText {#text} at (1,37) size 388x19
                  text run at (1,37) width 388: "From: San Francisco Intl Arpt, San Francisco CA - U.S."
                RenderBR {BR} at (389,52) size 0x0
                RenderText {#text} at (1,55) size 370x19
                  text run at (1,55) width 27: "To: "
                  text run at (28,55) width 343: "San Francisco Intl Arpt, San Francisco CA - U.S."
                RenderBR {BR} at (371,70) size 0x0
                RenderText {#text} at (1,73) size 170x19
                  text run at (1,73) width 90: "Departs: n/a "
                  text run at (91,73) width 80: "Arrives: n/a"
                RenderBR {BR} at (171,88) size 0x0
                RenderText {#text} at (1,91) size 49x19
                  text run at (1,91) width 49: "Status:"
                RenderInline {SPACE} at (0,0) size 195x19
                  RenderText {#text} at (50,91) size 191x19
                    text run at (50,91) width 191: " requested, await response"
                  RenderInline {SPACE} at (0,0) size 4x19
                    RenderText {#text} at (241,91) size 4x19
                      text run at (241,91) width 4: " "
                    RenderBR {BR} at (245,106) size 0x0
      RenderBlock (anonymous) at (0,876) size 769x0
        RenderInline {SPAN} at (0,0) size 0x0
          RenderInline {SPAN} at (0,0) size 0x0
            RenderInline {SPAN} at (0,0) size 0x0
              RenderInline {SPAN} at (0,0) size 0x0
              RenderText {#text} at (0,0) size 0x0
      RenderBlock (anonymous) at (0,882) size 769x2
        RenderBlock {HR} at (0,0) size 769x2 [border: (1px inset #000000)]
      RenderBlock (anonymous) at (0,890) size 769x48
        RenderInline {SPAN} at (0,0) size 196x45
          RenderInline {SPAN} at (0,0) size 0x0
            RenderInline {SPAN} at (0,0) size 0x0
            RenderText {#text} at (0,0) size 0x0
          RenderText {#text} at (0,0) size 0x0
          RenderInline {SPAN} at (0,0) size 81x19
            RenderText {#text} at (0,0) size 0x0
            RenderImage {IMG} at (0,9) size 4x4
            RenderText {#text} at (4,0) size 77x19
              text run at (4,0) width 4: " "
              text run at (8,0) width 73: "Remarks:"
            RenderBR {BR} at (81,15) size 0x0
          RenderText {#text} at (0,0) size 0x0
          RenderBR {BR} at (0,18) size 0x15
          RenderInline {SPAN} at (0,0) size 196x15
            RenderText {#text} at (0,33) size 196x15
              text run at (0,33) width 126: "SERVICE FEE MCO "
              text run at (126,33) width 70: "8103220490"
            RenderBR {BR} at (196,45) size 0x0
          RenderText {#text} at (0,0) size 0x0
      RenderBlock (anonymous) at (0,944) size 769x2
        RenderBlock {HR} at (0,0) size 769x2 [border: (1px inset #000000)]
      RenderBlock (anonymous) at (0,952) size 769x21
        RenderInline {SPAN} at (0,0) size 182x15
          RenderInline {SPAN} at (0,0) size 182x19
            RenderText {#text} at (0,0) size 0x0
            RenderImage {IMG} at (0,2) size 62x19
            RenderText {#text} at (62,0) size 4x19
              text run at (62,0) width 4: " "
            RenderInline {B} at (0,0) size 112x19
              RenderText {#text} at (66,0) size 112x19
                text run at (66,0) width 112: "Web Bookings"
            RenderText {#text} at (178,0) size 4x19
              text run at (178,0) width 4: " "
            RenderInline {SPAN} at (0,0) size 0x19
              RenderBR {BR} at (182,15) size 0x0
              RenderInline {SPAN} at (0,0) size 0x0
            RenderText {#text} at (0,0) size 0x0
          RenderText {#text} at (0,0) size 0x0
      RenderBlock (anonymous) at (0,979) size 769x2
        RenderBlock {HR} at (0,0) size 769x2 [border: (1px inset #000000)]
      RenderBlock (anonymous) at (0,987) size 769x18
        RenderInline {SPAN} at (0,0) size 261x15
          RenderInline {SPAN} at (0,0) size 261x15
            RenderText {#text} at (0,0) size 0x0
            RenderInline {SPAN} at (0,0) size 261x19
              RenderText {#text} at (0,0) size 0x0
              RenderImage {IMG} at (0,9) size 4x4
              RenderText {#text} at (4,0) size 257x19
                text run at (4,0) width 4: " "
                text run at (8,0) width 253: "Remarks and Service Information"
              RenderBR {BR} at (261,15) size 0x0
            RenderText {#text} at (0,0) size 0x0
            RenderText {#text} at (0,0) size 0x0
      RenderBlock (anonymous) at (0,1011) size 769x30
        RenderBlock {HR} at (0,0) size 769x2 [border: (1px inset #000000)]
        RenderBlock {P} at (0,15) size 769x15
          RenderText {#text} at (0,0) size 204x15
            text run at (0,0) width 204: "This itinerary is subject to change. "
          RenderInline {A} at (0,0) size 163x15 [color=#0000EE]
            RenderText {#text} at (204,0) size 163x15
              text run at (204,0) width 163: "Click here for latest updates"
          RenderText {#text} at (0,0) size 0x0
      RenderBlock (anonymous) at (0,1054) size 769x0
        RenderInline {SPAN} at (0,0) size 0x0
          RenderInline {SPAN} at (0,0) size 0x0
          RenderText {#text} at (0,0) size 0x0
layer at (23,42) size 88x15
  RenderInline (relative positioned) {SPAN} at (0,0) size 88x15
    RenderText {#text} at (0,0) size 0x0
    RenderInline {SPAN} at (0,0) size 88x15
      RenderText {#text} at (0,0) size 0x0
      RenderImage {IMG} at (0,29) size 4x4
      RenderText {#text} at (4,21) size 4x15
        text run at (4,21) width 4: " "
      RenderInline {SPAN} at (0,0) size 80x15
        RenderText {#text} at (8,21) size 80x15
          text run at (8,21) width 80: "HAO, SCOTT"
        RenderBR {BR} at (88,33) size 0x0
        RenderText {#text} at (0,0) size 0x0
      RenderText {#text} at (0,0) size 0x0
    RenderText {#text} at (0,0) size 0x0
layer at (23,92) size 576x30
  RenderInline (relative positioned) {SPAN} at (0,0) size 576x30
    RenderText {#text} at (0,0) size 0x0
    RenderImage {IMG} at (0,28) size 4x4
    RenderText {#text} at (4,20) size 572x15
      text run at (4,20) width 4: " "
      text run at (8,20) width 56: "Address: "
      text run at (64,20) width 512: "ST. JUDE MEDICAL, 21700 OXNARD ST SUITE 800, WOODLAND HILLS CA Z/91367 "
    RenderBR {BR} at (576,32) size 0x0
    RenderImage {IMG} at (0,43) size 4x4
    RenderText {#text} at (4,35) size 409x15
      text run at (4,35) width 4: " "
      text run at (8,35) width 48: "Deliver: "
      text run at (56,35) width 104: "DEBI STANGEL, "
      text run at (160,35) width 117: "119 GLEN COURT, "
      text run at (277,35) width 136: "DANVILLE CA Z/94526"
layer at (23,156) size 4x15
  RenderInline (relative positioned) {SPAN} at (0,0) size 4x15
    RenderText {#text} at (0,0) size 0x0
    RenderImage {IMG} at (0,21) size 4x4
    RenderText {#text} at (0,0) size 0x0
layer at (23,181) size 769x60
  RenderBlock (anonymous) at (0,173) size 769x60
layer at (43,166) size 529x60
  RenderTable {TABLE} at (0,0) size 529x60 [border: (1px outset #808080)]
    RenderTableSection {TBODY} at (1,1) size 527x58
      RenderTableRow {TR} at (0,2) size 527x22 [bgcolor=#E0E0E0]
        RenderTableCell {TD} at (2,2) size 95x22 [border: (1px inset #808080)] [r=0 c=0 rs=1 cs=1]
          RenderText {#text} at (2,2) size 36x19
            text run at (2,2) width 36: "Type"
        RenderTableCell {TD} at (99,2) size 45x22 [border: (1px inset #808080)] [r=0 c=1 rs=1 cs=1]
          RenderText {#text} at (2,2) size 28x19
            text run at (2,2) width 28: "City"
        RenderTableCell {TD} at (146,2) size 379x22 [border: (1px inset #808080)] [r=0 c=2 rs=1 cs=1]
          RenderText {#text} at (2,2) size 47x19
            text run at (2,2) width 47: "Phone"
      RenderTableRow {TR} at (0,26) size 527x0
      RenderTableRow {TR} at (0,28) size 527x22
        RenderTableCell {TD} at (2,28) size 95x22 [border: (1px inset #808080)] [r=2 c=0 rs=1 cs=1]
          RenderText {#text} at (2,2) size 91x19
            text run at (2,2) width 91: "Travel Agent"
        RenderTableCell {TD} at (99,28) size 45x22 [border: (1px inset #808080)] [r=2 c=1 rs=1 cs=1]
          RenderText {#text} at (2,2) size 41x19
            text run at (2,2) width 41: "(LAX)"
        RenderTableCell {TD} at (146,28) size 379x22 [border: (1px inset #808080)] [r=2 c=2 rs=1 cs=1]
          RenderText {#text} at (2,2) size 375x19
            text run at (2,2) width 375: "RQ0/818 990-4053-PLAZA TRAVEL - 05838276-RC"
      RenderTableRow {TR} at (0,52) size 527x0
      RenderTableRow {TR} at (0,54) size 527x0
      RenderTableRow {TR} at (0,56) size 527x0
