layer at (0,0) size 800x600
  RenderView at (0,0) size 800x600
layer at (0,0) size 800x352
  RenderBlock {HTML} at (0,0) size 800x352
    RenderBody {BODY} at (8,16) size 784x302
      RenderBlock (floating) {DIV} at (0,0) size 470x336
        RenderBlock {P} at (0,16) size 470x56
          RenderText {#text} at (0,0) size 415x19
            text run at (0,0) width 415: "This test case illustrates incorrect positioning of list items within a "
          RenderInline {CODE} at (0,0) size 455x34
            RenderText {#text} at (415,4) size 455x34
              text run at (415,4) width 40: "text-"
              text run at (0,23) width 96: "align: right"
          RenderText {#text} at (96,19) size 71x19
            text run at (96,19) width 71: " div after a "
          RenderInline {CODE} at (0,0) size 88x15
            RenderText {#text} at (167,23) size 88x15
              text run at (167,23) width 88: "float: left"
          RenderText {#text} at (255,19) size 32x19
            text run at (255,19) width 32: " div. "
          RenderInline {A} at (0,0) size 420x38 [color=#0000EE]
            RenderText {#text} at (287,19) size 420x38
              text run at (287,19) width 133: "Screenshot of correct"
              text run at (0,38) width 55: "behavior"
          RenderText {#text} at (55,38) size 8x19
            text run at (55,38) width 8: "; "
          RenderInline {A} at (0,0) size 124x19 [color=#0000EE]
            RenderText {#text} at (63,38) size 124x19
              text run at (63,38) width 124: "screenshot of Safari"
          RenderText {#text} at (187,38) size 4x19
            text run at (187,38) width 4: "."
        RenderBlock {P} at (0,88) size 470x36
          RenderText {#text} at (0,0) size 450x19
            text run at (0,0) width 450: "This bug only occurs on pages with a standards-compliant DOCTYPE."
          RenderInline {A} at (0,0) size 260x19 [color=#0000EE]
            RenderText {#text} at (0,18) size 260x19
              text run at (0,18) width 260: "View this test case without a DOCTYPE"
          RenderText {#text} at (260,18) size 4x19
            text run at (260,18) width 4: "."
        RenderBlock {OL} at (0,140) size 470x180
          RenderListItem {LI} at (40,0) size 430x36
            RenderListMarker at (-21,0) size 16x19: "1"
            RenderText {#text} at (0,0) size 402x37
              text run at (0,0) width 159: "New larger PowerBook. "
              text run at (159,0) width 243: "Still 1 GHz, but with a 17-inch screen."
              text run at (0,18) width 44: "$3299."
          RenderListItem {LI} at (40,36) size 430x18
            RenderListMarker at (-21,0) size 16x19: "2"
            RenderText {#text} at (0,0) size 355x19
              text run at (0,0) width 311: "New smaller PowerBook, with a 12-inch screen. "
              text run at (311,0) width 44: "$1799."
          RenderListItem {LI} at (40,54) size 430x54
            RenderListMarker at (-21,0) size 16x19: "3"
            RenderText {#text} at (0,0) size 94x19
              text run at (0,0) width 94: "New browser: "
            RenderInline {A} at (0,0) size 37x19 [color=#0000EE]
              RenderText {#text} at (94,0) size 37x19
                text run at (94,0) width 37: "Safari"
            RenderText {#text} at (131,0) size 71x19
              text run at (131,0) width 8: ". "
              text run at (139,0) width 63: "Engine is "
            RenderInline {A} at (0,0) size 76x19 [color=#0000EE]
              RenderText {#text} at (202,0) size 76x19
                text run at (202,0) width 76: "open source"
            RenderText {#text} at (278,0) size 20x19
              text run at (278,0) width 20: " (a "
            RenderInline {A} at (0,0) size 106x19 [color=#0000EE]
              RenderText {#text} at (298,0) size 106x19
                text run at (298,0) width 106: "modified version"
            RenderText {#text} at (404,0) size 17x19
              text run at (404,0) width 17: " of"
            RenderInline {A} at (0,0) size 58x19 [color=#0000EE]
              RenderText {#text} at (0,18) size 58x19
                text run at (0,18) width 58: "KHTML"
            RenderText {#text} at (58,18) size 407x37
              text run at (58,18) width 349: "), rest of the application is free but not open source (just"
              text run at (0,36) width 84: "like the OS). "
              text run at (84,36) width 123: "Only runs on 10.2. "
              text run at (207,36) width 153: "Currently in public beta."
          RenderListItem {LI} at (40,108) size 430x18
            RenderListMarker at (-21,0) size 16x19: "4"
            RenderText {#text} at (0,0) size 428x19
              text run at (0,0) width 239: "New presentation software: Keynote. "
              text run at (239,0) width 189: "The software Steve Jobs uses."
          RenderListItem {LI} at (40,126) size 430x36
            RenderListMarker at (-21,0) size 16x19: "5"
            RenderText {#text} at (0,0) size 108x19
              text run at (0,0) width 108: "New versions of "
            RenderInline {A} at (0,0) size 45x19 [color=#0000EE]
              RenderText {#text} at (108,0) size 45x19
                text run at (108,0) width 45: "iMovie"
            RenderText {#text} at (153,0) size 8x19
              text run at (153,0) width 8: ", "
            RenderInline {A} at (0,0) size 41x19 [color=#0000EE]
              RenderText {#text} at (161,0) size 41x19
                text run at (161,0) width 41: "iPhoto"
            RenderText {#text} at (202,0) size 8x19
              text run at (202,0) width 8: ", "
            RenderInline {A} at (0,0) size 43x19 [color=#0000EE]
              RenderText {#text} at (210,0) size 43x19
                text run at (210,0) width 43: "iTunes"
            RenderText {#text} at (253,0) size 170x19
              text run at (253,0) width 8: ". "
              text run at (261,0) width 162: "Bundled into a box called"
            RenderInline {A} at (0,0) size 30x19 [color=#0000EE]
              RenderText {#text} at (0,18) size 30x19
                text run at (0,18) width 30: "iLife"
            RenderText {#text} at (30,18) size 58x19
              text run at (30,18) width 58: ", for $49."
          RenderListItem {LI} at (40,162) size 430x18
            RenderListMarker at (-21,0) size 16x19: "6"
            RenderInline {A} at (0,0) size 113x19 [color=#0000EE]
              RenderText {#text} at (0,0) size 113x19
                text run at (0,0) width 113: "Final Cut Express"
            RenderText {#text} at (113,0) size 166x19
              text run at (113,0) width 130: " for creating DVDs. "
              text run at (243,0) width 36: "$299."
      RenderBlock {DIV} at (0,0) size 784x302
        RenderBlock {UL} at (0,0) size 784x144
          RenderListItem {LI} at (40,0) size 744x18
            RenderListMarker at (412,0) size 7x19: bullet
            RenderInline {A} at (0,0) size 40x19 [color=#0000EE]
              RenderText {#text} at (704,0) size 40x19
                text run at (704,0) width 40: "About"
          RenderListItem {LI} at (40,18) size 744x18
            RenderListMarker at (412,0) size 7x19: bullet
            RenderInline {A} at (0,0) size 55x19 [color=#0000EE]
              RenderText {#text} at (689,0) size 55x19
                text run at (689,0) width 55: "Site map"
          RenderListItem {LI} at (40,36) size 744x18
            RenderListMarker at (412,0) size 7x19: bullet
            RenderInline {A} at (0,0) size 57x19 [color=#0000EE]
              RenderText {#text} at (687,0) size 57x19
                text run at (687,0) width 57: "Archives"
          RenderListItem {LI} at (40,54) size 744x18
            RenderListMarker at (412,0) size 7x19: bullet
            RenderInline {A} at (0,0) size 50x19 [color=#0000EE]
              RenderText {#text} at (694,0) size 50x19
                text run at (694,0) width 50: "Projects"
          RenderListItem {LI} at (40,72) size 744x18
            RenderListMarker at (412,0) size 7x19: bullet
            RenderInline {A} at (0,0) size 43x19 [color=#0000EE]
              RenderText {#text} at (701,0) size 43x19
                text run at (701,0) width 43: "Photos"
          RenderListItem {LI} at (40,90) size 744x18
            RenderListMarker at (412,0) size 7x19: bullet
            RenderInline {A} at (0,0) size 55x19 [color=#0000EE]
              RenderText {#text} at (689,0) size 55x19
                text run at (689,0) width 55: "Statistics"
          RenderListItem {LI} at (40,108) size 744x18
            RenderListMarker at (412,0) size 7x19: bullet
            RenderInline {A} at (0,0) size 144x19 [color=#0000EE]
              RenderText {#text} at (600,0) size 144x19
                text run at (600,0) width 144: "Accessibility statement"
          RenderListItem {LI} at (40,126) size 744x18
            RenderListMarker at (412,0) size 7x19: bullet
            RenderInline {A} at (0,0) size 29x19 [color=#0000EE]
              RenderText {#text} at (632,0) size 29x19
                text run at (632,0) width 29: "RSS"
            RenderText {#text} at (661,0) size 9x19
              text run at (661,0) width 9: " ("
            RenderInline {A} at (0,0) size 69x19 [color=#0000EE]
              RenderText {#text} at (670,0) size 69x19
                text run at (670,0) width 69: "more feeds"
            RenderText {#text} at (739,0) size 5x19
              text run at (739,0) width 5: ")"
        RenderBlock {UL} at (0,160) size 784x18
          RenderListItem {LI} at (40,0) size 744x18
            RenderListMarker at (412,0) size 7x19: bullet
            RenderInline {A} at (0,0) size 88x19 [color=#0000EE]
              RenderText {#text} at (656,0) size 88x19
                text run at (656,0) width 88: "What is RSS?"
        RenderBlock {UL} at (0,194) size 784x108
          RenderListItem {LI} at (40,0) size 744x18
            RenderListMarker at (412,0) size 7x19: bullet
            RenderInline {A} at (0,0) size 92x19 [color=#0000EE]
              RenderText {#text} at (652,0) size 92x19
                text run at (652,0) width 92: "RSS Validator"
          RenderListItem {LI} at (40,18) size 744x18
            RenderListMarker at (412,0) size 7x19: bullet
            RenderInline {A} at (0,0) size 145x19 [color=#0000EE]
              RenderText {#text} at (599,0) size 145x19
                text run at (599,0) width 145: "Dive Into Accessibility"
          RenderListItem {LI} at (40,36) size 744x18
            RenderListMarker at (412,0) size 7x19: bullet
            RenderInline {A} at (0,0) size 101x19 [color=#0000EE]
              RenderText {#text} at (643,0) size 101x19
                text run at (643,0) width 101: "Dive Into OS X"
          RenderListItem {LI} at (40,54) size 744x18
            RenderListMarker at (412,0) size 7x19: bullet
            RenderInline {A} at (0,0) size 98x19 [color=#0000EE]
              RenderText {#text} at (646,0) size 98x19
                text run at (646,0) width 98: "Dive Into J2EE"
          RenderListItem {LI} at (40,72) size 744x18
            RenderListMarker at (412,0) size 7x19: bullet
            RenderInline {A} at (0,0) size 109x19 [color=#0000EE]
              RenderText {#text} at (635,0) size 109x19
                text run at (635,0) width 109: "Dive Into Python"
          RenderListItem {LI} at (40,90) size 744x18
            RenderListMarker at (412,0) size 7x19: bullet
            RenderInline {A} at (0,0) size 45x19 [color=#0000EE]
              RenderText {#text} at (699,0) size 45x19
                text run at (699,0) width 45: "r\x{E9}sum\x{E9}"
