layer at (0,0) size 800x600
  RenderView at (0,0) size 800x600
layer at (0,0) size 800x600
  RenderBlock {HTML} at (0,0) size 800x600
    RenderBody {BODY} at (8,8) size 784x584
      RenderBlock {P} at (0,0) size 784x90
        RenderText {#text} at (0,0) size 769x90
          text run at (0,0) width 763: "This test demonstrates -webkit-color-correction. Below are 3 images with 20 pixel borders. The images are all the same --"
          text run at (0,18) width 755: "purple with an sRGB color profile. The border is the same CSS color for all three images. The first image has no special"
          text run at (0,36) width 769: "CSS. The second has -webkit-color-correction set to default, so it matches the first image. And the third has -webkit-color-"
          text run at (0,54) width 759: "correction set to sRGB. This color-corrects the purple border from the sRGB color space, and the result is that the border"
          text run at (0,72) width 134: "and the image match."
      RenderBlock (anonymous) at (0,106) size 784x144
        RenderImage {IMG} at (0,0) size 140x140 [border: (20px solid #560063)]
        RenderText {#text} at (140,126) size 4x18
          text run at (140,126) width 4: " "
        RenderImage {IMG} at (144,0) size 140x140 [border: (20px solid #560063)]
        RenderText {#text} at (284,126) size 4x18
          text run at (284,126) width 4: " "
        RenderImage {IMG} at (288,0) size 140x140 [border: (20px solid #560063)]
        RenderText {#text} at (0,0) size 0x0
