layer at (0,0) size 800x600
  RenderView at (0,0) size 800x600
layer at (0,0) size 800x248
  RenderBlock {HTML} at (0,0) size 800x248
    RenderBody {BODY} at (8,16) size 784x216 [color=#0000FF]
      RenderBlock {P} at (0,0) size 784x37
        RenderText {#text} at (0,13) size 455x19
          text run at (0,13) width 455: "There should be a solid blue line to the left of every occurance of the word \""
        RenderInline {SPAN} at (0,0) size 132x36 [border: none (2px solid #0000FF)]
          RenderText {#text} at (457,0) size 130x36
            text run at (457,0) width 130: "\x{21E6}THERE"
        RenderText {#text} at (587,13) size 9x19
          text run at (587,13) width 9: "\"."
      RenderTable {TABLE} at (0,53) size 282x127
        RenderTableSection {TBODY} at (0,0) size 282x127
          RenderTableRow {TR} at (0,2) size 282x39
            RenderTableCell {TD} at (2,2) size 278x39 [border: none (2px solid #0000FF)] [r=0 c=0 rs=1 cs=2]
              RenderText {#text} at (3,1) size 130x36
                text run at (3,1) width 130: "\x{21E6}THERE"
          RenderTableRow {TR} at (0,43) size 282x82
            RenderTableCell {TD} at (2,64) size 134x39 [border: none (2px solid #0000FF)] [r=1 c=0 rs=1 cs=1]
              RenderText {#text} at (3,1) size 130x36
                text run at (3,1) width 130: "\x{21E6}THERE"
            RenderTableCell {TD} at (138,43) size 142x82 [border: none (2px solid #0000FF)] [r=1 c=1 rs=1 cs=1]
              RenderBlock (anonymous) at (3,1) size 138x37
                RenderText {#text} at (0,0) size 130x36
                  text run at (0,0) width 130: "\x{21E6}THERE"
              RenderTable {TABLE} at (3,38) size 138x43
                RenderTableSection {TBODY} at (0,0) size 138x43
                  RenderTableRow {TR} at (0,2) size 138x39
                    RenderTableCell {TD} at (2,2) size 134x39 [border: none (2px solid #0000FF)] [r=0 c=0 rs=1 cs=1]
                      RenderText {#text} at (3,1) size 130x36
                        text run at (3,1) width 130: "\x{21E6}THERE"
      RenderBlock {P} at (0,196) size 784x20
        RenderText {#text} at (0,0) size 318x19
          text run at (0,0) width 318: "There should be 3 short lines and 2 long lines in total."
