layer at (0,0) size 800x600
  RenderView at (0,0) size 800x600
layer at (0,0) size 800x248
  RenderBlock {HTML} at (0,0) size 800x248
    RenderBody {BODY} at (8,16) size 784x216 [color=#0000FF]
      RenderBlock {P} at (0,0) size 784x37
        RenderText {#text} at (0,13) size 463x19
          text run at (0,13) width 463: "There should be a solid blue line to the right of every occurance of the word \""
        RenderInline {SPAN} at (0,0) size 140x36 [border: none (2px solid #0000FF) none]
          RenderText {#text} at (463,0) size 138x36
            text run at (463,0) width 138: "THERE \x{2799}"
        RenderText {#text} at (603,13) size 9x19
          text run at (603,13) width 9: "\"."
      RenderTable {TABLE} at (0,53) size 298x127
        RenderTableSection {TBODY} at (0,0) size 298x127
          RenderTableRow {TR} at (0,2) size 298x39
            RenderTableCell {TD} at (2,2) size 294x39 [border: none (2px solid #0000FF) none] [r=0 c=0 rs=1 cs=2]
              RenderText {#text} at (153,1) size 138x36
                text run at (153,1) width 138: "THERE \x{2799}"
          RenderTableRow {TR} at (0,43) size 298x82
            RenderTableCell {TD} at (2,64) size 142x39 [border: none (2px solid #0000FF) none] [r=1 c=0 rs=1 cs=1]
              RenderText {#text} at (1,1) size 138x36
                text run at (1,1) width 138: "THERE \x{2799}"
            RenderTableCell {TD} at (146,43) size 150x82 [border: none (2px solid #0000FF) none] [r=1 c=1 rs=1 cs=1]
              RenderBlock (anonymous) at (1,1) size 146x37
                RenderText {#text} at (8,0) size 138x36
                  text run at (8,0) width 138: "THERE \x{2798}"
              RenderTable {TABLE} at (1,38) size 146x43
                RenderTableSection {TBODY} at (0,0) size 146x43
                  RenderTableRow {TR} at (0,2) size 146x39
                    RenderTableCell {TD} at (2,2) size 142x39 [border: none (2px solid #0000FF) none] [r=0 c=0 rs=1 cs=1]
                      RenderText {#text} at (1,1) size 138x36
                        text run at (1,1) width 138: "THERE \x{2799}"
      RenderBlock {P} at (0,196) size 784x20
        RenderText {#text} at (0,0) size 318x19
          text run at (0,0) width 318: "There should be 3 short lines and 2 long lines in total."
