layer at (0,0) size 800x600
  RenderView at (0,0) size 800x600
layer at (0,0) size 800x208
  RenderBlock {HTML} at (0,0) size 800x208
    RenderBody {BODY} at (8,16) size 784x176
      RenderBlock {P} at (0,0) size 764x80 [color=#0000FF] [border: none (10px double #0000FF) none]
        RenderText {#text} at (0,0) size 342x19
          text run at (0,0) width 342: "This paragraph should have two blue lines on its right. \x{21E8} "
        RenderInline {SPAN} at (0,0) size 736x79 [color=#C0C0C0]
          RenderText {#text} at (342,0) size 736x79
            text run at (342,0) width 366: "dummy text dummy text dummy text dummy text dummy text"
            text run at (0,20) width 48: "dummy "
            text run at (48,20) width 444: "text dummy text dummy text dummy text dummy text dummy text dummy "
            text run at (492,20) width 244: "text dummy text dummy text dummy text"
            text run at (0,40) width 196: "dummy text dummy text dummy "
            text run at (196,40) width 444: "text dummy text dummy text dummy text dummy text dummy text dummy "
            text run at (640,40) width 96: "text dummy text"
            text run at (0,60) width 344: "dummy text dummy text dummy text dummy text dummy "
            text run at (344,60) width 318: "text dummy text dummy text dummy text dummy text"
        RenderText {#text} at (0,0) size 0x0
      RenderBlock {P} at (0,96) size 764x80 [color=#0000FF] [border: none (1px solid #0000FF) none]
        RenderText {#text} at (0,0) size 345x19
          text run at (0,0) width 345: "This paragraph should have a thin blue line on its right. \x{21E8} "
        RenderInline {SPAN} at (0,0) size 762x79 [color=#C0C0C0]
          RenderText {#text} at (345,0) size 762x79
            text run at (345,0) width 414: "dummy text dummy text dummy text dummy text dummy text dummy"
            text run at (0,20) width 444: "text dummy text dummy text dummy text dummy text dummy text dummy "
            text run at (444,20) width 318: "text dummy text dummy text dummy text dummy text"
            text run at (0,40) width 122: "dummy text dummy "
            text run at (122,40) width 444: "text dummy text dummy text dummy text dummy text dummy text dummy "
            text run at (566,40) width 170: "text dummy text dummy text"
            text run at (0,60) width 270: "dummy text dummy text dummy text dummy "
            text run at (270,60) width 318: "text dummy text dummy text dummy text dummy text"
        RenderText {#text} at (0,0) size 0x0
