layer at (0,0) size 800x600
  RenderView at (0,0) size 800x600
layer at (0,0) size 800x328
  RenderBlock {HTML} at (0,0) size 800x328
    RenderBody {BODY} at (8,8) size 784x312
      RenderBlock {DIV} at (0,0) size 784x20
        RenderText {#text} at (0,0) size 330x19
          text run at (0,0) width 330: "The blue bits of text should be decorated as described."
      RenderBlock {P} at (0,36) size 784x240 [color=#C0C0C0]
        RenderText {#text} at (0,0) size 784x59
          text run at (0,0) width 444: "dummy text dummy text dummy text dummy text dummy text dummy text "
          text run at (444,0) width 340: "dummy text dummy text dummy text dummy text dummy"
          text run at (0,20) width 100: "text dummy text "
          text run at (100,20) width 444: "dummy text dummy text dummy text dummy text dummy text dummy text "
          text run at (544,20) width 218: "dummy text dummy text dummy text"
          text run at (0,40) width 222: "dummy text dummy text dummy text "
        RenderInline {SPAN} at (0,0) size 761x39 [color=#0000FF] [border: none (10px double #0000FF)]
          RenderText {#text} at (232,40) size 163x19
            text run at (232,40) width 163: "\x{21E6} two blue lines to the left "
          RenderInline {SPAN} at (0,0) size 761x39 [color=#C0C0C0]
            RenderText {#text} at (395,40) size 761x39
              text run at (395,40) width 48: "dummy "
              text run at (443,40) width 318: "text dummy text dummy text dummy text dummy text"
              text run at (0,60) width 122: "dummy text dummy "
              text run at (122,60) width 392: "text dummy text dummy text dummy text dummy text dummy text"
          RenderText {#text} at (514,60) size 4x19
            text run at (514,60) width 4: " "
        RenderText {#text} at (518,60) size 784x99
          text run at (518,60) width 266: "dummy text dummy text dummy text dummy"
          text run at (0,80) width 100: "text dummy text "
          text run at (100,80) width 444: "dummy text dummy text dummy text dummy text dummy text dummy text "
          text run at (544,80) width 218: "dummy text dummy text dummy text"
          text run at (0,100) width 222: "dummy text dummy text dummy text "
          text run at (222,100) width 444: "dummy text dummy text dummy text dummy text dummy text dummy text "
          text run at (666,100) width 118: "dummy text dummy"
          text run at (0,120) width 322: "text dummy text dummy text dummy text dummy text "
          text run at (322,120) width 440: "dummy text dummy text dummy text dummy text dummy text dummy text"
          text run at (0,140) width 370: "dummy text dummy text dummy text dummy text dummy text "
        RenderInline {SPAN} at (0,0) size 182x19 [color=#0000FF] [border: none (1px solid #0000FF)]
          RenderText {#text} at (371,140) size 181x19
            text run at (371,140) width 181: "\x{21E6} one thin blue line to the left "
        RenderText {#text} at (552,140) size 784x99
          text run at (552,140) width 48: "dummy "
          text run at (600,140) width 170: "text dummy text dummy text"
          text run at (0,160) width 270: "dummy text dummy text dummy text dummy "
          text run at (270,160) width 444: "text dummy text dummy text dummy text dummy text dummy text dummy "
          text run at (714,160) width 70: "text dummy"
          text run at (0,180) width 370: "text dummy text dummy text dummy text dummy text dummy "
          text run at (370,180) width 392: "text dummy text dummy text dummy text dummy text dummy text"
          text run at (0,200) width 48: "dummy "
          text run at (48,200) width 444: "text dummy text dummy text dummy text dummy text dummy text dummy "
          text run at (492,200) width 292: "text dummy text dummy text dummy text dummy"
          text run at (0,220) width 148: "text dummy text dummy "
          text run at (148,220) width 170: "text dummy text dummy text"
      RenderBlock {DIV} at (0,292) size 784x20
        RenderText {#text} at (0,0) size 395x19
          text run at (0,0) width 395: "(All the lines of text in the block above should be equally spaced.)"
