layer at (0,0) size 800x600
  RenderView at (0,0) size 800x600
layer at (0,0) size 800x288
  RenderBlock {HTML} at (0,0) size 800x288
    RenderBody {BODY} at (8,8) size 784x0
      RenderBlock (floating) {DIV} at (0,0) size 588x280 [color=#FFFFFF] [bgcolor=#000080]
        RenderBlock (floating) {DIV} at (277,0) size 294x80 [color=#00FFFF] [bgcolor=#008080]
          RenderBlock {P} at (0,0) size 294x80
            RenderText {#text} at (0,0) size 294x79
              text run at (0,0) width 294: "To the right of this teal box there should be a"
              text run at (0,20) width 96: "purple square, "
              text run at (96,20) width 198: "tightly squeezed in between the"
              text run at (0,40) width 177: "edge of the teal box and the "
              text run at (177,40) width 117: "outside edge of the"
              text run at (0,60) width 84: "blue block. \x{21E8}"
        RenderBlock {P} at (0,0) size 588x280
          RenderText {#text} at (0,0) size 277x39
            text run at (0,0) width 277: "Inside this blue block on the right there should"
            text run at (0,20) width 119: "be a teal box. \x{21E8} "
          RenderInline {SPAN} at (0,0) size 588x259 [color=#000080]
            RenderText {#text} at (119,20) size 588x259
              text run at (119,20) width 158: "FAIL FAIL FAIL FAIL"
              text run at (0,40) width 277: "FAIL FAIL FAIL FAIL FAIL FAIL FAIL"
              text run at (0,60) width 40: "FAIL "
              text run at (40,60) width 237: "FAIL FAIL FAIL FAIL FAIL FAIL"
              text run at (0,80) width 237: "FAIL FAIL FAIL FAIL FAIL FAIL "
              text run at (237,80) width 351: "FAIL FAIL FAIL FAIL FAIL FAIL FAIL FAIL FAIL"
              text run at (0,100) width 118: "FAIL FAIL FAIL "
              text run at (118,100) width 470: "FAIL FAIL FAIL FAIL FAIL FAIL FAIL FAIL FAIL FAIL FAIL FAIL"
              text run at (0,120) width 474: "FAIL FAIL FAIL FAIL FAIL FAIL FAIL FAIL FAIL FAIL FAIL FAIL "
              text run at (474,120) width 114: "FAIL FAIL FAIL"
              text run at (0,140) width 356: "FAIL FAIL FAIL FAIL FAIL FAIL FAIL FAIL FAIL "
              text run at (356,140) width 232: "FAIL FAIL FAIL FAIL FAIL FAIL"
              text run at (0,160) width 237: "FAIL FAIL FAIL FAIL FAIL FAIL "
              text run at (237,160) width 351: "FAIL FAIL FAIL FAIL FAIL FAIL FAIL FAIL FAIL"
              text run at (0,180) width 118: "FAIL FAIL FAIL "
              text run at (118,180) width 470: "FAIL FAIL FAIL FAIL FAIL FAIL FAIL FAIL FAIL FAIL FAIL FAIL"
              text run at (0,200) width 474: "FAIL FAIL FAIL FAIL FAIL FAIL FAIL FAIL FAIL FAIL FAIL FAIL "
              text run at (474,200) width 114: "FAIL FAIL FAIL"
              text run at (0,220) width 356: "FAIL FAIL FAIL FAIL FAIL FAIL FAIL FAIL FAIL "
              text run at (356,220) width 232: "FAIL FAIL FAIL FAIL FAIL FAIL"
              text run at (0,240) width 237: "FAIL FAIL FAIL FAIL FAIL FAIL "
              text run at (237,240) width 351: "FAIL FAIL FAIL FAIL FAIL FAIL FAIL FAIL FAIL"
              text run at (0,260) width 110: "FAIL FAIL FAIL"
          RenderText {#text} at (0,0) size 0x0
