layer at (0,0) size 800x600
  RenderView at (0,0) size 800x600
layer at (0,0) size 800x600
  RenderBlock {HTML} at (0,0) size 800x600
    RenderBody {BODY} at (8,8) size 784x584
      RenderButton {BUTTON} at (0,8) size 44x15 [bgcolor=#C0C0C0] [border: none (2px outset #C0C0C0) none (2px outset #C0C0C0)]
        RenderBlock (anonymous) at (8,4) size 28x6
          RenderText {#text} at (0,0) size 28x6
            text run at (0,0) width 28: "Test Button"
      RenderText {#text} at (44,3) size 4x18
        text run at (44,3) width 4: " "
      RenderButton {BUTTON} at (48,8) size 49x15 [bgcolor=#C0C0C0] [border: none (2px outset #C0C0C0) none (2px outset #C0C0C0)]
        RenderBlock (anonymous) at (8,3) size 33x7
          RenderText {#text} at (0,0) size 33x7
            text run at (0,0) width 33: "Test Button"
      RenderText {#text} at (97,3) size 4x18
        text run at (97,3) width 4: " "
      RenderButton {BUTTON} at (101,7) size 55x15 [bgcolor=#C0C0C0] [border: none (2px outset #C0C0C0) none (2px outset #C0C0C0)]
        RenderBlock (anonymous) at (8,3) size 39x8
          RenderText {#text} at (0,0) size 39x8
            text run at (0,0) width 39: "Test Button"
      RenderText {#text} at (156,3) size 4x18
        text run at (156,3) width 4: " "
      RenderButton {BUTTON} at (160,7) size 60x15 [bgcolor=#C0C0C0] [border: none (2px outset #C0C0C0) none (2px outset #C0C0C0)]
        RenderBlock (anonymous) at (8,2) size 44x10
          RenderText {#text} at (0,0) size 44x10
            text run at (0,0) width 44: "Test Button"
      RenderText {#text} at (220,3) size 4x18
        text run at (220,3) width 4: " "
      RenderButton {BUTTON} at (224,6) size 66x16 [bgcolor=#C0C0C0] [border: none (2px outset #C0C0C0) none (2px outset #C0C0C0)]
        RenderBlock (anonymous) at (8,2) size 50x11
          RenderText {#text} at (0,0) size 50x11
            text run at (0,0) width 50: "Test Button"
      RenderText {#text} at (290,3) size 4x18
        text run at (290,3) width 4: " "
      RenderButton {BUTTON} at (294,5) size 71x17 [bgcolor=#C0C0C0] [border: none (2px outset #C0C0C0) none (2px outset #C0C0C0)]
        RenderBlock (anonymous) at (8,2) size 55x12
          RenderText {#text} at (0,0) size 55x12
            text run at (0,0) width 55: "Test Button"
      RenderText {#text} at (365,3) size 4x18
        text run at (365,3) width 4: " "
      RenderButton {BUTTON} at (371,4) size 77x18 [bgcolor=#C0C0C0] [border: none (2px outset #C0C0C0) none (2px outset #C0C0C0)]
        RenderBlock (anonymous) at (8,2) size 61x13
          RenderText {#text} at (0,0) size 61x13
            text run at (0,0) width 61: "Test Button"
      RenderText {#text} at (450,3) size 4x18
        text run at (450,3) width 4: " "
      RenderButton {INPUT} at (456,4) size 77x18 [bgcolor=#C0C0C0]
        RenderBlock (anonymous) at (8,2) size 61x13
          RenderText at (0,0) size 61x13
            text run at (0,0) width 61: "Test Button"
      RenderText {#text} at (535,3) size 4x18
        text run at (535,3) width 4: " "
      RenderButton {BUTTON} at (541,3) size 82x20 [bgcolor=#C0C0C0] [border: none (2px outset #C0C0C0) none (2px outset #C0C0C0)]
        RenderBlock (anonymous) at (8,2) size 66x15
          RenderText {#text} at (0,0) size 66x15
            text run at (0,0) width 66: "Test Button"
      RenderText {#text} at (625,3) size 4x18
        text run at (625,3) width 4: " "
      RenderButton {BUTTON} at (631,2) size 88x21 [bgcolor=#C0C0C0] [border: none (2px outset #C0C0C0) none (2px outset #C0C0C0)]
        RenderBlock (anonymous) at (8,2) size 72x16
          RenderText {#text} at (0,0) size 72x16
            text run at (0,0) width 72: "Test Button"
      RenderText {#text} at (721,3) size 4x18
        text run at (721,3) width 4: " "
      RenderButton {BUTTON} at (2,31) size 93x22 [bgcolor=#C0C0C0] [border: none (2px outset #C0C0C0) none (2px outset #C0C0C0)]
        RenderBlock (anonymous) at (8,2) size 77x17
          RenderText {#text} at (0,0) size 77x17
            text run at (0,0) width 77: "Test Button"
      RenderText {#text} at (97,33) size 4x18
        text run at (97,33) width 4: " "
      RenderButton {BUTTON} at (103,30) size 99x23 [bgcolor=#C0C0C0] [border: none (2px outset #C0C0C0) none (2px outset #C0C0C0)]
        RenderBlock (anonymous) at (8,2) size 83x18
          RenderText {#text} at (0,0) size 83x18
            text run at (0,0) width 83: "Test Button"
      RenderText {#text} at (204,33) size 4x18
        text run at (204,33) width 4: " "
      RenderButton {BUTTON} at (210,30) size 104x23 [bgcolor=#C0C0C0] [border: none (2px outset #C0C0C0) none (2px outset #C0C0C0)]
        RenderBlock (anonymous) at (8,2) size 88x18
          RenderText {#text} at (0,0) size 88x18
            text run at (0,0) width 88: "Test Button"
      RenderText {#text} at (316,33) size 4x18
        text run at (316,33) width 4: " "
      RenderButton {BUTTON} at (322,29) size 110x25 [bgcolor=#C0C0C0] [border: none (2px outset #C0C0C0) none (2px outset #C0C0C0)]
        RenderBlock (anonymous) at (8,2) size 94x20
          RenderText {#text} at (0,0) size 94x20
            text run at (0,0) width 94: "Test Button"
      RenderText {#text} at (434,33) size 4x18
        text run at (434,33) width 4: " "
      RenderButton {BUTTON} at (440,28) size 115x26 [bgcolor=#C0C0C0] [border: none (2px outset #C0C0C0) none (2px outset #C0C0C0)]
        RenderBlock (anonymous) at (8,2) size 99x21
          RenderText {#text} at (0,0) size 99x21
            text run at (0,0) width 99: "Test Button"
      RenderText {#text} at (557,33) size 4x18
        text run at (557,33) width 4: " "
      RenderButton {BUTTON} at (563,27) size 121x27 [bgcolor=#C0C0C0] [border: none (2px outset #C0C0C0) none (2px outset #C0C0C0)]
        RenderBlock (anonymous) at (8,2) size 105x22
          RenderText {#text} at (0,0) size 105x22
            text run at (0,0) width 105: "Test Button"
      RenderText {#text} at (686,33) size 4x18
        text run at (686,33) width 4: " "
      RenderButton {BUTTON} at (2,59) size 126x28 [bgcolor=#C0C0C0] [border: none (2px outset #C0C0C0) none (2px outset #C0C0C0)]
        RenderBlock (anonymous) at (8,2) size 110x23
          RenderText {#text} at (0,0) size 110x23
            text run at (0,0) width 110: "Test Button"
      RenderText {#text} at (130,66) size 4x18
        text run at (130,66) width 4: " "
      RenderButton {BUTTON} at (136,58) size 132x29 [bgcolor=#C0C0C0] [border: none (2px outset #C0C0C0) none (2px outset #C0C0C0)]
        RenderBlock (anonymous) at (8,2) size 116x24
          RenderText {#text} at (0,0) size 116x24
            text run at (0,0) width 116: "Test Button"
      RenderText {#text} at (0,0) size 0x0
