layer at (0,0) size 800x600
  RenderView at (0,0) size 800x600
layer at (0,0) size 800x600
  RenderBlock {HTML} at (0,0) size 800x600
    RenderBody {BODY} at (8,8) size 784x584
      RenderBlock (anonymous) at (0,0) size 784x18
        RenderText {#text} at (0,0) size 342x18
          text run at (0,0) width 342: "This tests that buttons don't honor table display styles. "
        RenderBR {BR} at (342,14) size 0x0
      RenderButton {INPUT} at (2,20) size 87x18 [bgcolor=#C0C0C0]
        RenderBlock (anonymous) at (8,2) size 71x13
          RenderText at (0,0) size 71x13
            text run at (0,0) width 71: "display: table"
      RenderButton {INPUT} at (2,40) size 87x18 [bgcolor=#C0C0C0]
        RenderBlock (anonymous) at (8,2) size 71x13
          RenderText at (0,0) size 71x13
            text run at (0,0) width 71: "display: table"
      RenderBlock (anonymous) at (0,60) size 784x378
        RenderBR {BR} at (0,0) size 0x18
        RenderBR {BR} at (0,18) size 0x18
        RenderButton {INPUT} at (2,38) size 123x18 [bgcolor=#C0C0C0]
          RenderBlock (anonymous) at (8,2) size 107x13
            RenderText at (0,0) size 107x13
              text run at (0,0) width 107: "display: inline-table"
        RenderText {#text} at (127,37) size 4x18
          text run at (127,37) width 4: " "
        RenderButton {INPUT} at (133,38) size 123x18 [bgcolor=#C0C0C0]
          RenderBlock (anonymous) at (8,2) size 107x13
            RenderText at (0,0) size 107x13
              text run at (0,0) width 107: "display: inline-table"
        RenderText {#text} at (258,37) size 4x18
          text run at (258,37) width 4: " "
        RenderBR {BR} at (262,51) size 0x0
        RenderBR {BR} at (0,58) size 0x18
        RenderButton {INPUT} at (2,78) size 151x18 [bgcolor=#C0C0C0]
          RenderBlock (anonymous) at (8,2) size 135x13
            RenderText at (0,0) size 135x13
              text run at (0,0) width 135: "display: table-row-group"
        RenderText {#text} at (155,77) size 4x18
          text run at (155,77) width 4: " "
        RenderButton {INPUT} at (161,78) size 151x18 [bgcolor=#C0C0C0]
          RenderBlock (anonymous) at (8,2) size 135x13
            RenderText at (0,0) size 135x13
              text run at (0,0) width 135: "display: table-row-group"
        RenderText {#text} at (314,77) size 4x18
          text run at (314,77) width 4: " "
        RenderBR {BR} at (318,91) size 0x0
        RenderBR {BR} at (0,98) size 0x18
        RenderButton {INPUT} at (2,118) size 168x18 [bgcolor=#C0C0C0]
          RenderBlock (anonymous) at (8,2) size 152x13
            RenderText at (0,0) size 152x13
              text run at (0,0) width 152: "display: table-header-group"
        RenderText {#text} at (172,117) size 4x18
          text run at (172,117) width 4: " "
        RenderButton {INPUT} at (178,118) size 168x18 [bgcolor=#C0C0C0]
          RenderBlock (anonymous) at (8,2) size 152x13
            RenderText at (0,0) size 152x13
              text run at (0,0) width 152: "display: table-header-group"
        RenderText {#text} at (348,117) size 4x18
          text run at (348,117) width 4: " "
        RenderBR {BR} at (352,131) size 0x0
        RenderBR {BR} at (0,138) size 0x18
        RenderButton {INPUT} at (2,158) size 164x18 [bgcolor=#C0C0C0]
          RenderBlock (anonymous) at (8,2) size 148x13
            RenderText at (0,0) size 148x13
              text run at (0,0) width 148: "display: table-footer-group"
        RenderText {#text} at (168,157) size 4x18
          text run at (168,157) width 4: " "
        RenderButton {INPUT} at (174,158) size 164x18 [bgcolor=#C0C0C0]
          RenderBlock (anonymous) at (8,2) size 148x13
            RenderText at (0,0) size 148x13
              text run at (0,0) width 148: "display: table-footer-group"
        RenderText {#text} at (340,157) size 4x18
          text run at (340,157) width 4: " "
        RenderBR {BR} at (344,171) size 0x0
        RenderBR {BR} at (0,178) size 0x18
        RenderButton {INPUT} at (2,198) size 113x18 [bgcolor=#C0C0C0]
          RenderBlock (anonymous) at (8,2) size 97x13
            RenderText at (0,0) size 97x13
              text run at (0,0) width 97: "display: table-row"
        RenderText {#text} at (117,197) size 4x18
          text run at (117,197) width 4: " "
        RenderButton {INPUT} at (123,198) size 113x18 [bgcolor=#C0C0C0]
          RenderBlock (anonymous) at (8,2) size 97x13
            RenderText at (0,0) size 97x13
              text run at (0,0) width 97: "display: table-row"
        RenderText {#text} at (238,197) size 4x18
          text run at (238,197) width 4: " "
        RenderBR {BR} at (242,211) size 0x0
        RenderBR {BR} at (0,218) size 0x18
        RenderButton {INPUT} at (2,238) size 171x18 [bgcolor=#C0C0C0]
          RenderBlock (anonymous) at (8,2) size 155x13
            RenderText at (0,0) size 155x13
              text run at (0,0) width 155: "display: table-column-group"
        RenderText {#text} at (175,237) size 4x18
          text run at (175,237) width 4: " "
        RenderButton {INPUT} at (181,238) size 171x18 [bgcolor=#C0C0C0]
          RenderBlock (anonymous) at (8,2) size 155x13
            RenderText at (0,0) size 155x13
              text run at (0,0) width 155: "display: table-column-group"
        RenderText {#text} at (354,237) size 4x18
          text run at (354,237) width 4: " "
        RenderBR {BR} at (358,251) size 0x0
        RenderBR {BR} at (0,258) size 0x18
        RenderButton {INPUT} at (2,278) size 133x18 [bgcolor=#C0C0C0]
          RenderBlock (anonymous) at (8,2) size 117x13
            RenderText at (0,0) size 117x13
              text run at (0,0) width 117: "display: table-column"
        RenderText {#text} at (137,277) size 4x18
          text run at (137,277) width 4: " "
        RenderButton {INPUT} at (143,278) size 133x18 [bgcolor=#C0C0C0]
          RenderBlock (anonymous) at (8,2) size 117x13
            RenderText at (0,0) size 117x13
              text run at (0,0) width 117: "display: table-column"
        RenderText {#text} at (278,277) size 4x18
          text run at (278,277) width 4: " "
        RenderBR {BR} at (282,291) size 0x0
        RenderBR {BR} at (0,298) size 0x18
        RenderButton {INPUT} at (2,318) size 111x18 [bgcolor=#C0C0C0]
          RenderBlock (anonymous) at (8,2) size 95x13
            RenderText at (0,0) size 95x13
              text run at (0,0) width 95: "display: table-cell"
        RenderText {#text} at (115,317) size 4x18
          text run at (115,317) width 4: " "
        RenderButton {INPUT} at (121,318) size 111x18 [bgcolor=#C0C0C0]
          RenderBlock (anonymous) at (8,2) size 95x13
            RenderText at (0,0) size 95x13
              text run at (0,0) width 95: "display: table-cell"
        RenderText {#text} at (234,317) size 4x18
          text run at (234,317) width 4: " "
        RenderBR {BR} at (238,331) size 0x0
        RenderBR {BR} at (0,338) size 0x18
        RenderButton {INPUT} at (2,358) size 133x18 [bgcolor=#C0C0C0]
          RenderBlock (anonymous) at (8,2) size 117x13
            RenderText at (0,0) size 117x13
              text run at (0,0) width 117: "display: table-caption"
        RenderText {#text} at (137,357) size 4x18
          text run at (137,357) width 4: " "
        RenderButton {INPUT} at (143,358) size 133x18 [bgcolor=#C0C0C0]
          RenderBlock (anonymous) at (8,2) size 117x13
            RenderText at (0,0) size 117x13
              text run at (0,0) width 117: "display: table-caption"
        RenderText {#text} at (0,0) size 0x0
