layer at (0,0) size 785x636
  RenderView at (0,0) size 785x600
layer at (0,0) size 785x636
  RenderBlock {HTML} at (0,0) size 785x636
    RenderBody {BODY} at (8,8) size 769x620
      RenderBlock {H1} at (0,0) size 769x37
        RenderText {#text} at (0,0) size 422x37
          text run at (0,0) width 422: "Form Element Geometry Tests"
      RenderBlock {P} at (0,58) size 769x19
        RenderText {#text} at (0,0) size 540x18
          text run at (0,0) width 540: "These tests help us tune the widget classes in KWQ to have all the right fudge factors."
      RenderBlock {H2} at (0,96) size 769x29
        RenderText {#text} at (0,0) size 165x28
          text run at (0,0) width 165: "Bounding Boxes"
      RenderTable {TABLE} at (0,144) size 172x29
        RenderTableSection {TBODY} at (0,0) size 172x28
          RenderTableRow {TR} at (0,2) size 172x24
            RenderTableCell {TD} at (2,2) size 58x24 [r=0 c=0 rs=1 cs=1]
              RenderBlock {DIV} at (1,1) size 56x22 [border: (2px solid #0000FF)]
                RenderInline {FONT} at (0,0) size 52x28
                  RenderButton {INPUT} at (2,2) size 52x18 [bgcolor=#C0C0C0]
                    RenderBlock (anonymous) at (8,2) size 36x14
                      RenderText at (0,0) size 36x13
                        text run at (0,0) width 36: "button"
            RenderTableCell {TD} at (62,2) size 68x24 [r=0 c=1 rs=1 cs=1]
              RenderBlock {DIV} at (1,1) size 66x22 [border: (2px solid #0000FF)]
                RenderInline {FONT} at (0,0) size 62x28
                  RenderMenuList {SELECT} at (2,2) size 62x18 [bgcolor=#FFFFFF]
                    RenderBlock (anonymous) at (0,0) size 62x18
                      RenderText at (8,2) size 31x13
                        text run at (8,2) width 31: "menu"
            RenderTableCell {TD} at (132,4) size 18x19 [r=0 c=2 rs=1 cs=1]
              RenderBlock {DIV} at (1,1) size 16x17 [border: (2px solid #0000FF)]
                RenderInline {FONT} at (0,0) size 12x28
                  RenderBlock {INPUT} at (2,2) size 12x13
            RenderTableCell {TD} at (152,5) size 18x18 [r=0 c=3 rs=1 cs=1]
              RenderBlock {DIV} at (1,1) size 16x16 [border: (2px solid #0000FF)]
                RenderInline {FONT} at (0,0) size 12x28
                  RenderBlock {INPUT} at (2,2) size 12x12
      RenderTable {TABLE} at (0,172) size 172x29
        RenderTableSection {TBODY} at (0,0) size 172x28
          RenderTableRow {TR} at (0,2) size 172x24
            RenderTableCell {TD} at (2,2) size 58x24 [r=0 c=0 rs=1 cs=1]
              RenderBlock {DIV} at (1,1) size 56x22 [border: (2px solid #0000FF)]
                RenderButton {INPUT} at (2,2) size 52x18 [bgcolor=#C0C0C0]
                  RenderBlock (anonymous) at (8,2) size 36x14
                    RenderText at (0,0) size 36x13
                      text run at (0,0) width 36: "button"
            RenderTableCell {TD} at (62,2) size 68x24 [r=0 c=1 rs=1 cs=1]
              RenderBlock {DIV} at (1,1) size 66x22 [border: (2px solid #0000FF)]
                RenderMenuList {SELECT} at (2,2) size 62x18 [bgcolor=#FFFFFF]
                  RenderBlock (anonymous) at (0,0) size 62x18
                    RenderText at (8,2) size 31x13
                      text run at (8,2) width 31: "menu"
            RenderTableCell {TD} at (132,4) size 18x19 [r=0 c=2 rs=1 cs=1]
              RenderBlock {DIV} at (1,1) size 16x17 [border: (2px solid #0000FF)]
                RenderBlock {INPUT} at (2,2) size 12x13
            RenderTableCell {TD} at (152,5) size 18x18 [r=0 c=3 rs=1 cs=1]
              RenderBlock {DIV} at (1,1) size 16x16 [border: (2px solid #0000FF)]
                RenderBlock {INPUT} at (2,2) size 12x12
      RenderTable {TABLE} at (0,200) size 172x29
        RenderTableSection {TBODY} at (0,0) size 172x28
          RenderTableRow {TR} at (0,2) size 172x24
            RenderTableCell {TD} at (2,2) size 58x24 [r=0 c=0 rs=1 cs=1]
              RenderBlock {DIV} at (1,1) size 56x22 [border: (2px solid #0000FF)]
                RenderInline {FONT} at (0,0) size 52x13
                  RenderButton {INPUT} at (2,2) size 52x18 [bgcolor=#C0C0C0]
                    RenderBlock (anonymous) at (8,2) size 36x14
                      RenderText at (0,0) size 36x13
                        text run at (0,0) width 36: "button"
            RenderTableCell {TD} at (62,2) size 68x24 [r=0 c=1 rs=1 cs=1]
              RenderBlock {DIV} at (1,1) size 66x22 [border: (2px solid #0000FF)]
                RenderInline {FONT} at (0,0) size 62x13
                  RenderMenuList {SELECT} at (2,2) size 62x18 [bgcolor=#FFFFFF]
                    RenderBlock (anonymous) at (0,0) size 62x18
                      RenderText at (8,2) size 31x13
                        text run at (8,2) width 31: "menu"
            RenderTableCell {TD} at (132,4) size 18x19 [r=0 c=2 rs=1 cs=1]
              RenderBlock {DIV} at (1,1) size 16x17 [border: (2px solid #0000FF)]
                RenderInline {FONT} at (0,0) size 12x13
                  RenderBlock {INPUT} at (2,2) size 12x13
            RenderTableCell {TD} at (152,5) size 18x18 [r=0 c=3 rs=1 cs=1]
              RenderBlock {DIV} at (1,1) size 16x16 [border: (2px solid #0000FF)]
                RenderInline {FONT} at (0,0) size 12x13
                  RenderBlock {INPUT} at (2,2) size 12x12
      RenderTable {TABLE} at (0,228) size 543x68
        RenderTableSection {TBODY} at (0,0) size 543x67
          RenderTableRow {TR} at (0,2) size 543x63
            RenderTableCell {TD} at (2,2) size 79x25 [r=0 c=0 rs=1 cs=1]
              RenderBlock {DIV} at (1,1) size 77x23 [border: (2px solid #0000FF)]
                RenderTextControl {INPUT} at (2,2) size 73x19 [bgcolor=#FFFFFF] [border: (2px inset #000000)]
            RenderTableCell {TD} at (83,2) size 40x63 [r=0 c=1 rs=1 cs=1]
              RenderBlock {DIV} at (1,1) size 38x61 [border: (2px solid #0000FF)]
                RenderListBox {SELECT} at (2,2) size 34x57 [bgcolor=#FFFFFF] [border: (1px inset #808080)]
            RenderTableCell {TD} at (125,2) size 243x24 [r=0 c=2 rs=1 cs=1]
              RenderBlock {DIV} at (1,1) size 241x22 [border: (2px solid #0000FF)]
                RenderFileUploadControl {INPUT} at (2,2) size 237x18 "no file selected"
                  RenderButton {INPUT} at (0,0) size 78x18 [bgcolor=#C0C0C0]
                    RenderBlock (anonymous) at (8,2) size 62x14
                      RenderText at (0,0) size 62x13
                        text run at (0,0) width 62: "Choose File"
            RenderTableCell {TD} at (370,2) size 171x42 [r=0 c=3 rs=1 cs=1]
              RenderBlock {DIV} at (1,1) size 169x40 [border: (2px solid #0000FF)]
      RenderBlock {H2} at (0,315) size 769x29
        RenderText {#text} at (0,0) size 200x28
          text run at (0,0) width 200: "Baseline Alignment"
      RenderBlock {DIV} at (0,363) size 769x30
        RenderInline {FONT} at (0,0) size 219x28
          RenderText {#text} at (0,0) size 43x28
            text run at (0,0) width 43: "text "
          RenderButton {INPUT} at (45,9) size 52x18 [bgcolor=#C0C0C0]
            RenderBlock (anonymous) at (8,2) size 36x14
              RenderText at (0,0) size 36x13
                text run at (0,0) width 36: "button"
          RenderText {#text} at (98,0) size 7x28
            text run at (98,0) width 7: " "
          RenderMenuList {SELECT} at (106,9) size 63x18 [bgcolor=#FFFFFF]
            RenderBlock (anonymous) at (0,0) size 62x18
              RenderText at (8,2) size 31x13
                text run at (8,2) width 31: "menu"
          RenderText {#text} at (170,0) size 7x28
            text run at (170,0) width 7: " "
          RenderBlock {INPUT} at (179,11) size 13x13
          RenderText {#text} at (194,0) size 7x28
            text run at (194,0) width 7: " "
          RenderBlock {INPUT} at (203,12) size 13x12
          RenderText {#text} at (0,0) size 0x0
      RenderBlock {DIV} at (0,392) size 769x23
        RenderText {#text} at (0,1) size 27x18
          text run at (0,1) width 27: "text "
        RenderButton {INPUT} at (29,2) size 52x18 [bgcolor=#C0C0C0]
          RenderBlock (anonymous) at (8,2) size 36x14
            RenderText at (0,0) size 36x13
              text run at (0,0) width 36: "button"
        RenderText {#text} at (82,1) size 5x18
          text run at (82,1) width 5: " "
        RenderMenuList {SELECT} at (88,2) size 63x18 [bgcolor=#FFFFFF]
          RenderBlock (anonymous) at (0,0) size 62x18
            RenderText at (8,2) size 31x13
              text run at (8,2) width 31: "menu"
        RenderText {#text} at (152,1) size 5x18
          text run at (152,1) width 5: " "
        RenderBlock {INPUT} at (159,4) size 13x13
        RenderText {#text} at (174,1) size 5x18
          text run at (174,1) width 5: " "
        RenderBlock {INPUT} at (181,5) size 13x12
        RenderText {#text} at (0,0) size 0x0
      RenderBlock {DIV} at (0,414) size 769x23
        RenderInline {FONT} at (0,0) size 185x13
          RenderText {#text} at (0,5) size 18x13
            text run at (0,5) width 18: "text "
          RenderButton {INPUT} at (20,2) size 52x18 [bgcolor=#C0C0C0]
            RenderBlock (anonymous) at (8,2) size 36x14
              RenderText at (0,0) size 36x13
                text run at (0,0) width 36: "button"
          RenderText {#text} at (73,5) size 4x13
            text run at (73,5) width 4: " "
          RenderMenuList {SELECT} at (78,2) size 63x18 [bgcolor=#FFFFFF]
            RenderBlock (anonymous) at (0,0) size 62x18
              RenderText at (8,2) size 31x13
                text run at (8,2) width 31: "menu"
          RenderText {#text} at (142,5) size 4x13
            text run at (142,5) width 4: " "
          RenderBlock {INPUT} at (148,4) size 13x13
          RenderText {#text} at (163,5) size 4x13
            text run at (163,5) width 4: " "
          RenderBlock {INPUT} at (169,5) size 13x12
          RenderText {#text} at (0,0) size 0x0
      RenderBlock {DIV} at (0,436) size 769x44
        RenderText {#text} at (0,22) size 27x18
          text run at (0,22) width 27: "text "
        RenderTextControl {INPUT} at (29,22) size 73x19 [bgcolor=#FFFFFF] [border: (2px inset #000000)]
        RenderText {#text} at (104,22) size 4x18
          text run at (104,22) width 4: " "
        RenderFileUploadControl {INPUT} at (110,23) size 237x18 "no file selected"
          RenderButton {INPUT} at (0,0) size 78x18 [bgcolor=#C0C0C0]
            RenderBlock (anonymous) at (8,2) size 62x14
              RenderText at (0,0) size 62x13
                text run at (0,0) width 62: "Choose File"
        RenderText {#text} at (349,22) size 4x18
          text run at (349,22) width 4: " "
        RenderText {#text} at (0,0) size 0x0
      RenderBlock {H2} at (0,498) size 769x29
        RenderText {#text} at (0,0) size 197x28
          text run at (0,0) width 197: "Pop-up Menu Sizes"
      RenderBlock {DIV} at (0,546) size 769x30
        RenderInline {FONT} at (0,0) size 181x28
          RenderText {#text} at (0,0) size 0x0
          RenderMenuList {SELECT} at (2,9) size 36x18 [bgcolor=#FFFFFF]
            RenderBlock (anonymous) at (0,0) size 36x18
              RenderBR at (8,2) size 0x13 [bgcolor=#FFFFFF]
          RenderText {#text} at (40,0) size 6x28
            text run at (40,0) width 6: " "
          RenderMenuList {SELECT} at (48,9) size 36x18 [bgcolor=#FFFFFF]
            RenderBlock (anonymous) at (0,0) size 36x18
              RenderText at (8,2) size 5x13
                text run at (8,2) width 5: "|"
          RenderText {#text} at (86,0) size 6x28
            text run at (86,0) width 6: " "
          RenderMenuList {SELECT} at (94,9) size 85x18 [bgcolor=#FFFFFF]
            RenderBlock (anonymous) at (0,0) size 85x18
              RenderText at (8,2) size 54x13
                text run at (8,2) width 54: "xxxxxxxx"
          RenderText {#text} at (0,0) size 0x0
      RenderBlock {DIV} at (0,575) size 769x23
        RenderMenuList {SELECT} at (2,2) size 36x18 [bgcolor=#FFFFFF]
          RenderBlock (anonymous) at (0,0) size 36x18
            RenderBR at (8,2) size 0x13 [bgcolor=#FFFFFF]
        RenderText {#text} at (40,1) size 4x18
          text run at (40,1) width 4: " "
        RenderMenuList {SELECT} at (46,2) size 36x18 [bgcolor=#FFFFFF]
          RenderBlock (anonymous) at (0,0) size 36x18
            RenderText at (8,2) size 5x13
              text run at (8,2) width 5: "|"
        RenderText {#text} at (84,1) size 4x18
          text run at (84,1) width 4: " "
        RenderMenuList {SELECT} at (90,2) size 85x18 [bgcolor=#FFFFFF]
          RenderBlock (anonymous) at (0,0) size 85x18
            RenderText at (8,2) size 54x13
              text run at (8,2) width 54: "xxxxxxxx"
        RenderText {#text} at (0,0) size 0x0
      RenderBlock {DIV} at (0,597) size 769x23
        RenderInline {FONT} at (0,0) size 175x13
          RenderText {#text} at (0,0) size 0x0
          RenderMenuList {SELECT} at (2,2) size 36x18 [bgcolor=#FFFFFF]
            RenderBlock (anonymous) at (0,0) size 36x18
              RenderBR at (8,2) size 0x13 [bgcolor=#FFFFFF]
          RenderText {#text} at (40,5) size 3x13
            text run at (40,5) width 3: " "
          RenderMenuList {SELECT} at (45,2) size 36x18 [bgcolor=#FFFFFF]
            RenderBlock (anonymous) at (0,0) size 36x18
              RenderText at (8,2) size 5x13
                text run at (8,2) width 5: "|"
          RenderText {#text} at (83,5) size 3x13
            text run at (83,5) width 3: " "
          RenderMenuList {SELECT} at (88,2) size 85x18 [bgcolor=#FFFFFF]
            RenderBlock (anonymous) at (0,0) size 85x18
              RenderText at (8,2) size 54x13
                text run at (8,2) width 54: "xxxxxxxx"
          RenderText {#text} at (0,0) size 0x0
layer at (16,244) size 67x13
  RenderBlock {DIV} at (3,3) size 67x13
    RenderText {#text} at (0,0) size 49x13
      text run at (0,0) width 49: "text field"
layer at (383,243) size 161x32 clip at (384,244) size 159x30
  RenderTextControl {TEXTAREA} at (4,4) size 161x32 [bgcolor=#FFFFFF] [border: (1px solid #000000)]
    RenderBlock {DIV} at (3,3) size 155x13
      RenderText {#text} at (0,0) size 44x13
        text run at (0,0) width 44: "textarea"
layer at (40,469) size 67x13
  RenderBlock {DIV} at (3,3) size 67x13
    RenderText {#text} at (0,0) size 49x13
      text run at (0,0) width 49: "text field"
layer at (363,446) size 161x32 clip at (364,447) size 159x30
  RenderTextControl {TEXTAREA} at (355,2) size 161x32 [bgcolor=#FFFFFF] [border: (1px solid #000000)]
    RenderBlock {DIV} at (3,3) size 155x13
      RenderText {#text} at (0,0) size 44x13
        text run at (0,0) width 44: "textarea"
