layer at (0,0) size 800x600
  RenderView at (0,0) size 800x600
layer at (0,0) size 800x600
  RenderBlock {HTML} at (0,0) size 800x600
    RenderBody {BODY} at (8,8) size 784x576
      RenderBlock (anonymous) at (0,0) size 784x18
        RenderText {#text} at (0,0) size 762x18
          text run at (0,0) width 762: "This tests the height attribute of form elements. The only element that should honour this value is the Image type of input."
      RenderBlock {FORM} at (0,18) size 784x258
        RenderText {#text} at (0,2) size 36x18
          text run at (0,2) width 36: "input "
        RenderTextControl {INPUT} at (38,2) size 146x19 [bgcolor=#FFFFFF] [border: (2px inset #000000)]
        RenderText {#text} at (186,2) size 4x18
          text run at (186,2) width 4: " "
        RenderBR {BR} at (190,16) size 0x0
        RenderText {#text} at (0,25) size 27x18
          text run at (0,25) width 27: "text "
        RenderTextControl {INPUT} at (29,25) size 146x19 [bgcolor=#FFFFFF] [border: (2px inset #000000)]
        RenderText {#text} at (177,25) size 4x18
          text run at (177,25) width 4: " "
        RenderBR {BR} at (181,39) size 0x0
        RenderText {#text} at (0,46) size 65x18
          text run at (0,46) width 65: "checkbox "
        RenderBlock {INPUT} at (67,50) size 12x12
        RenderText {#text} at (81,46) size 4x18
          text run at (81,46) width 4: " "
        RenderBR {BR} at (85,60) size 0x0
        RenderText {#text} at (0,66) size 24x18
          text run at (0,66) width 24: "file "
        RenderFileUploadControl {INPUT} at (26,67) size 237x18 "no file selected"
          RenderButton {INPUT} at (0,0) size 78x18 [bgcolor=#C0C0C0]
            RenderBlock (anonymous) at (8,2) size 62x13
              RenderText at (0,0) size 62x13
                text run at (0,0) width 62: "Choose File"
        RenderText {#text} at (265,66) size 4x18
          text run at (265,66) width 4: " "
        RenderBR {BR} at (269,80) size 0x0
        RenderText {#text} at (0,87) size 42x18
          text run at (0,87) width 42: "image "
        RenderImage {INPUT} at (42,100) size 10x1
        RenderText {#text} at (52,87) size 4x18
          text run at (52,87) width 4: " "
        RenderBR {BR} at (56,101) size 0x0
        RenderText {#text} at (0,105) size 36x18
          text run at (0,105) width 36: "radio "
        RenderBlock {INPUT} at (38,108) size 12x13
        RenderText {#text} at (52,105) size 4x18
          text run at (52,105) width 4: " "
        RenderBR {BR} at (56,119) size 0x0
        RenderText {#text} at (0,127) size 39x18
          text run at (0,127) width 39: "range "
        RenderSlider {INPUT} at (41,126) size 129x15 [color=#909090] [bgcolor=#FFFFFF]
          RenderFlexibleBox {DIV} at (0,0) size 129x15
            RenderBlock {DIV} at (0,0) size 129x15
              RenderBlock {DIV} at (57,0) size 15x15
        RenderText {#text} at (172,127) size 4x18
          text run at (172,127) width 4: " "
        RenderBR {BR} at (176,141) size 0x0
        RenderText {#text} at (0,146) size 33x18
          text run at (0,146) width 33: "reset "
        RenderButton {INPUT} at (35,147) size 45x18 [bgcolor=#C0C0C0]
          RenderBlock (anonymous) at (8,2) size 29x13
            RenderText at (0,0) size 29x13
              text run at (0,0) width 29: "Reset"
        RenderText {#text} at (82,146) size 4x18
          text run at (82,146) width 4: " "
        RenderBR {BR} at (86,160) size 0x0
        RenderText {#text} at (0,168) size 46x18
          text run at (0,168) width 46: "submit "
        RenderButton {INPUT} at (48,169) size 54x18 [bgcolor=#C0C0C0]
          RenderBlock (anonymous) at (8,2) size 38x13
            RenderText at (0,0) size 38x13
              text run at (0,0) width 38: "Submit"
        RenderText {#text} at (104,168) size 4x18
          text run at (104,168) width 4: " "
        RenderBR {BR} at (108,182) size 0x0
        RenderText {#text} at (0,191) size 49x18
          text run at (0,191) width 49: "isindex "
        RenderTextControl {INPUT} at (51,191) size 146x19 [bgcolor=#FFFFFF] [border: (2px inset #000000)]
        RenderText {#text} at (199,191) size 4x18
          text run at (199,191) width 4: " "
        RenderBR {BR} at (203,205) size 0x0
        RenderText {#text} at (0,214) size 64x18
          text run at (0,214) width 64: "password "
        RenderTextControl {INPUT} at (66,214) size 146x19 [bgcolor=#FFFFFF] [border: (2px inset #000000)]
        RenderText {#text} at (214,214) size 4x18
          text run at (214,214) width 4: " "
        RenderBR {BR} at (218,228) size 0x0
        RenderText {#text} at (0,237) size 44x18
          text run at (0,237) width 44: "search "
        RenderTextControl {INPUT} at (46,237) size 167x19 [bgcolor=#FFFFFF] [border: (2px inset #000000)]
          RenderFlexibleBox {DIV} at (3,3) size 161x13
            RenderBlock {DIV} at (0,1) size 8x11
            RenderBlock {DIV} at (8,0) size 140x13
            RenderBlock {DIV} at (148,1) size 13x11
        RenderText {#text} at (0,0) size 0x0
layer at (49,31) size 140x13
  RenderBlock {DIV} at (3,3) size 140x13
layer at (40,54) size 140x13
  RenderBlock {DIV} at (3,3) size 140x13
layer at (62,220) size 140x13
  RenderBlock {DIV} at (3,3) size 140x13
layer at (77,243) size 140x13
  RenderBlock {DIV} at (3,3) size 140x13
layer at (65,266) size 140x13
  RenderBlock {DIV} at (0,0) size 140x13
