layer at (0,0) size 800x600
  RenderView at (0,0) size 800x600
layer at (0,0) size 800x600
  RenderBlock {HTML} at (0,0) size 800x600
    RenderBody {BODY} at (8,8) size 784x584
      RenderBlock {DIV} at (0,0) size 784x270
        RenderTextControl {INPUT} at (0,2) size 500x41 [bgcolor=#FFFFFF] [border: (2px inset #000000)]
        RenderBR {BR} at (500,34) size 0x0
        RenderTextControl {INPUT} at (0,47) size 500x41 [bgcolor=#FFFFFF] [border: (2px inset #000000)]
        RenderBR {BR} at (500,79) size 0x0
        RenderTextControl {INPUT} at (0,92) size 500x41 [bgcolor=#FFFFFF] [border: (2px inset #000000)]
        RenderBR {BR} at (500,124) size 0x0
        RenderTextControl {INPUT} at (0,137) size 500x41 [bgcolor=#FFFFFF] [border: (2px inset #000000)]
        RenderBR {BR} at (500,169) size 0x0
        RenderTextControl {INPUT} at (0,182) size 500x41 [bgcolor=#FFFFFF] [border: (2px inset #000000)]
        RenderBR {BR} at (500,214) size 0x0
        RenderTextControl {INPUT} at (0,227) size 500x41 [bgcolor=#FFFFFF] [border: (2px inset #000000)]
        RenderBR {BR} at (500,259) size 0x0
      RenderBlock {DIV} at (0,270) size 784x270
        RenderTextControl {INPUT} at (284,2) size 500x41 [bgcolor=#FFFFFF] [border: (2px inset #000000)]
        RenderBR {BR} at (284,34) size 0x0
        RenderTextControl {INPUT} at (284,47) size 500x41 [bgcolor=#FFFFFF] [border: (2px inset #000000)]
        RenderBR {BR} at (284,79) size 0x0
        RenderTextControl {INPUT} at (284,92) size 500x41 [bgcolor=#FFFFFF] [border: (2px inset #000000)]
        RenderBR {BR} at (284,124) size 0x0
        RenderTextControl {INPUT} at (284,137) size 500x41 [bgcolor=#FFFFFF] [border: (2px inset #000000)]
        RenderBR {BR} at (284,169) size 0x0
        RenderTextControl {INPUT} at (284,182) size 500x41 [bgcolor=#FFFFFF] [border: (2px inset #000000)]
        RenderBR {BR} at (284,214) size 0x0
        RenderTextControl {INPUT} at (284,227) size 500x41 [bgcolor=#FFFFFF] [border: (2px inset #000000)]
        RenderBR {BR} at (284,259) size 0x0
layer at (11,13) size 494x35
  RenderBlock {DIV} at (3,3) size 494x35
layer at (11,58) size 494x35
  RenderBlock {DIV} at (3,3) size 494x35
layer at (11,103) size 494x35
  RenderBlock {DIV} at (3,3) size 494x35
layer at (11,148) size 494x35
  RenderBlock {DIV} at (3,3) size 494x35
layer at (11,193) size 494x35
  RenderBlock {DIV} at (3,3) size 494x35
layer at (11,238) size 494x35
  RenderBlock {DIV} at (3,3) size 494x35
layer at (295,283) size 494x35
  RenderBlock {DIV} at (3,3) size 494x35
layer at (295,328) size 494x35
  RenderBlock {DIV} at (3,3) size 494x35
layer at (295,373) size 494x35
  RenderBlock {DIV} at (3,3) size 494x35
layer at (295,418) size 494x35
  RenderBlock {DIV} at (3,3) size 494x35
layer at (295,463) size 494x35
  RenderBlock {DIV} at (3,3) size 494x35
layer at (295,508) size 494x35
  RenderBlock {DIV} at (3,3) size 494x35
layer at (11,13) size 494x35
  RenderBlock (relative positioned) {DIV} at (3,3) size 494x35 [color=#A9A9A9]
    RenderText {#text} at (1,0) size 170x35
      text run at (1,0) width 170: "placeholder"
layer at (11,58) size 494x35
  RenderBlock (relative positioned) {DIV} at (3,3) size 494x35 [color=#A9A9A9]
    RenderText {#text} at (1,0) size 170x35
      text run at (1,0) width 170: "placeholder"
layer at (11,103) size 494x35
  RenderBlock (relative positioned) {DIV} at (3,3) size 494x35 [color=#A9A9A9]
    RenderText {#text} at (11,0) size 170x35
      text run at (11,0) width 170: "placeholder"
layer at (11,148) size 494x35
  RenderBlock (relative positioned) {DIV} at (3,3) size 494x35 [color=#A9A9A9]
    RenderText {#text} at (201,0) size 170x35
      text run at (201,0) width 170: "placeholder"
layer at (11,193) size 494x35
  RenderBlock (relative positioned) {DIV} at (3,3) size 494x35 [color=#A9A9A9]
    RenderText {#text} at (-9,0) size 170x35
      text run at (-9,0) width 170: "placeholder"
layer at (11,238) size 494x35
  RenderBlock (relative positioned) {DIV} at (3,3) size 494x35 [color=#A9A9A9]
    RenderText {#text} at (248,0) size 170x35
      text run at (248,0) width 170: "placeholder"
layer at (295,283) size 494x35
  RenderBlock (relative positioned) {DIV} at (3,3) size 494x35 [color=#A9A9A9]
    RenderText {#text} at (323,0) size 170x35
      text run at (323,0) width 170: "placeholder"
layer at (295,328) size 494x35
  RenderBlock (relative positioned) {DIV} at (3,3) size 494x35 [color=#A9A9A9]
    RenderText {#text} at (323,0) size 170x35
      text run at (323,0) width 170: "placeholder"
layer at (295,373) size 494x35
  RenderBlock (relative positioned) {DIV} at (3,3) size 494x35 [color=#A9A9A9]
    RenderText {#text} at (313,0) size 170x35
      text run at (313,0) width 170: "placeholder"
layer at (295,418) size 494x35
  RenderBlock (relative positioned) {DIV} at (3,3) size 494x35 [color=#A9A9A9]
    RenderText {#text} at (123,0) size 170x35
      text run at (123,0) width 170: "placeholder"
layer at (295,463) size 494x35
  RenderBlock (relative positioned) {DIV} at (3,3) size 494x35 [color=#A9A9A9]
    RenderText {#text} at (333,0) size 170x35
      text run at (333,0) width 170: "placeholder"
layer at (295,508) size 494x35
  RenderBlock (relative positioned) {DIV} at (3,3) size 494x35 [color=#A9A9A9]
    RenderText {#text} at (76,0) size 170x35
      text run at (76,0) width 170: "placeholder"
