layer at (0,0) size 800x600
  RenderView at (0,0) size 800x600
layer at (0,0) size 800x600
  RenderBlock {HTML} at (0,0) size 800x600
    RenderBody {BODY} at (8,8) size 784x584
      RenderBlock {P} at (0,0) size 784x18
        RenderText {#text} at (0,0) size 245x18
          text run at (0,0) width 245: "Test appearances of outer-spin-button."
      RenderBlock {DIV} at (0,34) size 784x0
      RenderBlock {DIV} at (0,34) size 784x528
        RenderTable {TABLE} at (0,0) size 511x528
          RenderTableSection {TBODY} at (0,0) size 511x528
            RenderTableRow {TR} at (0,2) size 511x524
              RenderTableCell {TD} at (2,80) size 202x368 [r=0 c=0 rs=1 cs=1]
                RenderBlock {DIV} at (1,1) size 200x35
                  RenderTextControl {INPUT} at (0,3) size 112x16 [bgcolor=#FFFFFF] [border: (2px inset #000000)]
                  RenderText {#text} at (111,0) size 5x18
                    text run at (111,0) width 5: " "
                  RenderBR {BR} at (115,14) size 1x0
                  RenderTextControl {INPUT} at (0,19) size 112x16 [bgcolor=#FFFFFF] [border: (2px inset #000000)]
                    RenderFlexibleBox {DIV} at (3,0) size 106x16
                      RenderBlock {DIV} at (0,2) size 93x11
                RenderBlock {DIV} at (1,36) size 200x36
                  RenderTextControl {INPUT} at (0,2) size 124x17 [bgcolor=#FFFFFF] [border: (2px inset #000000)]
                  RenderText {#text} at (123,0) size 5x18
                    text run at (123,0) width 5: " "
                  RenderBR {BR} at (127,14) size 1x0
                  RenderTextControl {INPUT} at (0,19) size 124x17 [bgcolor=#FFFFFF] [border: (2px inset #000000)]
                    RenderFlexibleBox {DIV} at (3,1) size 118x15
                      RenderBlock {DIV} at (0,2) size 105x11
                RenderBlock {DIV} at (1,72) size 200x37
                  RenderTextControl {INPUT} at (0,1) size 136x18 [bgcolor=#FFFFFF] [border: (2px inset #000000)]
                  RenderText {#text} at (135,0) size 5x18
                    text run at (135,0) width 5: " "
                  RenderBR {BR} at (139,14) size 1x0
                  RenderTextControl {INPUT} at (0,19) size 136x18 [bgcolor=#FFFFFF] [border: (2px inset #000000)]
                    RenderFlexibleBox {DIV} at (3,1) size 130x16
                      RenderBlock {DIV} at (0,1) size 117x13
                RenderBlock {DIV} at (1,109) size 200x46
                  RenderTextControl {INPUT} at (2,2) size 147x19 [bgcolor=#FFFFFF] [border: (2px inset #000000)]
                  RenderText {#text} at (150,2) size 5x18
                    text run at (150,2) width 5: " "
                  RenderBR {BR} at (154,16) size 1x0
                  RenderTextControl {INPUT} at (2,25) size 147x19 [bgcolor=#FFFFFF] [border: (2px inset #000000)]
                    RenderFlexibleBox {DIV} at (3,1) size 141x17
                      RenderBlock {DIV} at (0,1) size 128x14
                RenderBlock {DIV} at (1,155) size 200x50
                  RenderTextControl {INPUT} at (2,2) size 159x21 [bgcolor=#FFFFFF] [border: (2px inset #000000)]
                  RenderText {#text} at (162,3) size 5x18
                    text run at (162,3) width 5: " "
                  RenderBR {BR} at (166,17) size 1x0
                  RenderTextControl {INPUT} at (2,27) size 159x21 [bgcolor=#FFFFFF] [border: (2px inset #000000)]
                    RenderFlexibleBox {DIV} at (3,1) size 153x19
                      RenderBlock {DIV} at (0,1) size 140x16
                RenderBlock {DIV} at (1,205) size 200x52
                  RenderTextControl {INPUT} at (2,2) size 170x22 [bgcolor=#FFFFFF] [border: (2px inset #000000)]
                  RenderText {#text} at (173,4) size 5x18
                    text run at (173,4) width 5: " "
                  RenderBR {BR} at (177,18) size 1x0
                  RenderTextControl {INPUT} at (2,28) size 170x22 [bgcolor=#FFFFFF] [border: (2px inset #000000)]
                    RenderFlexibleBox {DIV} at (3,1) size 164x20
                      RenderBlock {DIV} at (0,1) size 149x17
                RenderBlock {DIV} at (1,257) size 200x54
                  RenderTextControl {INPUT} at (2,2) size 181x23 [bgcolor=#FFFFFF] [border: (2px inset #000000)]
                  RenderText {#text} at (184,5) size 5x18
                    text run at (184,5) width 5: " "
                  RenderBR {BR} at (188,19) size 1x0
                  RenderTextControl {INPUT} at (2,29) size 181x23 [bgcolor=#FFFFFF] [border: (2px inset #000000)]
                    RenderFlexibleBox {DIV} at (3,1) size 175x21
                      RenderBlock {DIV} at (0,2) size 160x17
                RenderBlock {DIV} at (1,311) size 200x56
                  RenderTextControl {INPUT} at (2,2) size 192x24 [bgcolor=#FFFFFF] [border: (2px inset #000000)]
                  RenderText {#text} at (195,6) size 5x18
                    text run at (195,6) width 5: " "
                  RenderBR {BR} at (199,20) size 1x0
                  RenderTextControl {INPUT} at (2,30) size 192x24 [bgcolor=#FFFFFF] [border: (2px inset #000000)]
                    RenderFlexibleBox {DIV} at (3,0) size 186x24
                      RenderBlock {DIV} at (0,2) size 171x19
              RenderTableCell {TD} at (205,2) size 304x524 [r=0 c=1 rs=1 cs=1]
                RenderBlock {DIV} at (1,1) size 301x56
                  RenderTextControl {INPUT} at (2,2) size 203x24 [bgcolor=#FFFFFF] [border: (2px inset #000000)]
                  RenderText {#text} at (206,6) size 5x18
                    text run at (206,6) width 5: " "
                  RenderBR {BR} at (210,20) size 1x0
                  RenderTextControl {INPUT} at (2,30) size 203x24 [bgcolor=#FFFFFF] [border: (2px inset #000000)]
                    RenderFlexibleBox {DIV} at (3,0) size 197x24
                      RenderBlock {DIV} at (0,3) size 182x18
                RenderBlock {DIV} at (1,57) size 301x60
                  RenderTextControl {INPUT} at (2,2) size 214x26 [bgcolor=#FFFFFF] [border: (2px inset #000000)]
                  RenderText {#text} at (217,7) size 5x18
                    text run at (217,7) width 5: " "
                  RenderBR {BR} at (221,21) size 1x0
                  RenderTextControl {INPUT} at (2,32) size 214x26 [bgcolor=#FFFFFF] [border: (2px inset #000000)]
                    RenderFlexibleBox {DIV} at (3,0) size 208x26
                      RenderBlock {DIV} at (0,2) size 193x21
                RenderBlock {DIV} at (1,117) size 301x62
                  RenderTextControl {INPUT} at (2,2) size 226x27 [bgcolor=#FFFFFF] [border: (2px inset #000000)]
                  RenderText {#text} at (229,8) size 5x18
                    text run at (229,8) width 5: " "
                  RenderBR {BR} at (233,22) size 1x0
                  RenderTextControl {INPUT} at (2,33) size 226x27 [bgcolor=#FFFFFF] [border: (2px inset #000000)]
                    RenderFlexibleBox {DIV} at (3,0) size 220x27
                      RenderBlock {DIV} at (0,3) size 201x21
                RenderBlock {DIV} at (1,179) size 301x64
                  RenderTextControl {INPUT} at (2,2) size 237x28 [bgcolor=#FFFFFF] [border: (2px inset #000000)]
                  RenderText {#text} at (240,9) size 5x18
                    text run at (240,9) width 5: " "
                  RenderBR {BR} at (244,23) size 1x0
                  RenderTextControl {INPUT} at (2,34) size 237x28 [bgcolor=#FFFFFF] [border: (2px inset #000000)]
                    RenderFlexibleBox {DIV} at (3,0) size 231x28
                      RenderBlock {DIV} at (0,3) size 212x22
                RenderBlock {DIV} at (1,243) size 301x66
                  RenderTextControl {INPUT} at (2,2) size 257x29 [bgcolor=#FFFFFF] [border: (2px inset #000000)]
                  RenderText {#text} at (260,10) size 5x18
                    text run at (260,10) width 5: " "
                  RenderBR {BR} at (264,24) size 1x0
                  RenderTextControl {INPUT} at (2,35) size 257x29 [bgcolor=#FFFFFF] [border: (2px inset #000000)]
                    RenderFlexibleBox {DIV} at (3,0) size 251x29
                      RenderBlock {DIV} at (0,3) size 232x23
                RenderBlock {DIV} at (1,309) size 301x68
                  RenderTextControl {INPUT} at (2,2) size 269x30 [bgcolor=#FFFFFF] [border: (2px inset #000000)]
                  RenderText {#text} at (272,11) size 5x18
                    text run at (272,11) width 5: " "
                  RenderBR {BR} at (276,25) size 1x0
                  RenderTextControl {INPUT} at (2,36) size 269x30 [bgcolor=#FFFFFF] [border: (2px inset #000000)]
                    RenderFlexibleBox {DIV} at (3,0) size 263x30
                      RenderBlock {DIV} at (0,3) size 244x24
                RenderBlock {DIV} at (1,377) size 301x72
                  RenderTextControl {INPUT} at (2,2) size 281x32 [bgcolor=#FFFFFF] [border: (2px inset #000000)]
                  RenderText {#text} at (284,12) size 5x18
                    text run at (284,12) width 5: " "
                  RenderBR {BR} at (288,26) size 1x0
                  RenderTextControl {INPUT} at (2,38) size 281x32 [bgcolor=#FFFFFF] [border: (2px inset #000000)]
                    RenderFlexibleBox {DIV} at (3,0) size 275x32
                      RenderBlock {DIV} at (0,3) size 256x26
                RenderBlock {DIV} at (1,449) size 301x74
                  RenderTextControl {INPUT} at (2,2) size 293x33 [bgcolor=#FFFFFF] [border: (2px inset #000000)]
                  RenderText {#text} at (296,13) size 5x18
                    text run at (296,13) width 5: " "
                  RenderBR {BR} at (300,27) size 1x0
                  RenderTextControl {INPUT} at (2,39) size 293x33 [bgcolor=#FFFFFF] [border: (2px inset #000000)]
                    RenderFlexibleBox {DIV} at (3,0) size 287x33
                      RenderBlock {DIV} at (0,3) size 268x27
layer at (14,129) size 106x10
  RenderBlock {DIV} at (3,3) size 106x10
layer at (14,145) size 93x10
  RenderBlock {DIV} at (0,0) size 93x10
layer at (14,163) size 118x11
  RenderBlock {DIV} at (3,3) size 118x11
layer at (14,180) size 105x11
  RenderBlock {DIV} at (0,0) size 105x11
layer at (14,198) size 129x12
  RenderBlock {DIV} at (3,3) size 130x12
layer at (14,216) size 116x12
  RenderBlock {DIV} at (0,0) size 117x12
layer at (16,236) size 141x13
  RenderBlock {DIV} at (3,3) size 141x13
layer at (16,259) size 128x13
  RenderBlock {DIV} at (0,0) size 128x13
layer at (16,282) size 152x15
  RenderBlock {DIV} at (3,3) size 153x15
layer at (16,307) size 139x15
  RenderBlock {DIV} at (0,0) size 140x15
layer at (16,332) size 163x16
  RenderBlock {DIV} at (3,3) size 164x16
layer at (16,358) size 148x16
  RenderBlock {DIV} at (0,0) size 149x16
layer at (16,384) size 174x17
  RenderBlock {DIV} at (3,3) size 175x17
layer at (16,411) size 159x17
  RenderBlock {DIV} at (0,0) size 160x17
layer at (16,438) size 185x18
  RenderBlock {DIV} at (3,3) size 186x18
layer at (16,466) size 170x18
  RenderBlock {DIV} at (0,0) size 171x18
layer at (219,50) size 196x18
  RenderBlock {DIV} at (3,3) size 197x18
layer at (219,78) size 181x18
  RenderBlock {DIV} at (0,0) size 182x18
layer at (219,106) size 207x20
  RenderBlock {DIV} at (3,3) size 208x20
layer at (219,136) size 192x20
  RenderBlock {DIV} at (0,0) size 193x20
layer at (219,166) size 219x21
  RenderBlock {DIV} at (3,3) size 220x21
layer at (219,197) size 200x21
  RenderBlock {DIV} at (0,0) size 201x21
layer at (219,228) size 231x22
  RenderBlock {DIV} at (3,3) size 231x22
layer at (219,260) size 212x22
  RenderBlock {DIV} at (0,0) size 212x22
layer at (219,292) size 251x23
  RenderBlock {DIV} at (3,3) size 251x23
layer at (219,325) size 232x23
  RenderBlock {DIV} at (0,0) size 232x23
layer at (219,358) size 263x24
  RenderBlock {DIV} at (3,3) size 263x24
layer at (219,392) size 244x24
  RenderBlock {DIV} at (0,0) size 244x24
layer at (219,426) size 275x26
  RenderBlock {DIV} at (3,3) size 275x26
layer at (219,462) size 256x26
  RenderBlock {DIV} at (0,0) size 256x26
layer at (219,498) size 287x27
  RenderBlock {DIV} at (3,3) size 287x27
layer at (219,535) size 268x27
  RenderBlock {DIV} at (0,0) size 268x27
layer at (107,143) size 13x15
  RenderBlock (relative positioned) {DIV} at (92,0) size 14x15
layer at (119,178) size 13x15
  RenderBlock (relative positioned) {DIV} at (104,0) size 14x15
layer at (130,215) size 13x15
  RenderBlock (relative positioned) {DIV} at (116,0) size 14x15
layer at (144,257) size 13x17
  RenderBlock (relative positioned) {DIV} at (127,0) size 14x17
layer at (155,306) size 13x18
  RenderBlock (relative positioned) {DIV} at (139,0) size 14x18
layer at (164,356) size 15x20
  RenderBlock (relative positioned) {DIV} at (148,0) size 16x20
layer at (175,409) size 15x21
  RenderBlock (relative positioned) {DIV} at (159,0) size 16x21
layer at (186,464) size 15x23
  RenderBlock (relative positioned) {DIV} at (170,0) size 16x23
layer at (401,75) size 15x24
  RenderBlock (relative positioned) {DIV} at (181,0) size 16x24
layer at (412,133) size 15x26
  RenderBlock (relative positioned) {DIV} at (192,0) size 16x26
layer at (419,194) size 19x27
  RenderBlock (relative positioned) {DIV} at (200,0) size 20x27
layer at (431,257) size 19x28
  RenderBlock (relative positioned) {DIV} at (211,-1) size 20x30
layer at (451,322) size 19x30
  RenderBlock (relative positioned) {DIV} at (231,-1) size 20x31
layer at (463,388) size 19x32
  RenderBlock (relative positioned) {DIV} at (243,-1) size 20x32
layer at (475,459) size 19x33
  RenderBlock (relative positioned) {DIV} at (255,-1) size 20x34
layer at (487,531) size 19x35
  RenderBlock (relative positioned) {DIV} at (267,-1) size 20x35
