layer at (0,0) size 800x600
  RenderView at (0,0) size 800x600
layer at (0,0) size 800x600
  RenderBlock {HTML} at (0,0) size 800x600
    RenderBody {BODY} at (8,8) size 784x584
      RenderButton {INPUT} at (0,4) size 66x15 [bgcolor=#C0C0C0]
        RenderBlock (anonymous) at (8,2) size 50x11
          RenderText at (0,0) size 50x11
            text run at (0,0) width 50: "Test Button"
      RenderText {#text} at (66,1) size 4x18
        text run at (66,1) width 4: " "
      RenderButton {INPUT} at (70,4) size 66x15 [bgcolor=#C0C0C0]
        RenderBlock (anonymous) at (8,2) size 50x11
          RenderText at (0,0) size 50x11
            text run at (0,0) width 50: "Test Button"
      RenderText {#text} at (136,1) size 4x18
        text run at (136,1) width 4: " "
      RenderButton {INPUT} at (140,4) size 66x15 [bgcolor=#C0C0C0]
        RenderBlock (anonymous) at (8,2) size 50x11
          RenderText at (0,0) size 50x11
            text run at (0,0) width 50: "Test Button"
      RenderText {#text} at (206,1) size 4x18
        text run at (206,1) width 4: " "
      RenderButton {INPUT} at (210,4) size 66x15 [bgcolor=#C0C0C0]
        RenderBlock (anonymous) at (8,2) size 50x11
          RenderText at (0,0) size 50x11
            text run at (0,0) width 50: "Test Button"
      RenderText {#text} at (276,1) size 4x18
        text run at (276,1) width 4: " "
      RenderButton {INPUT} at (280,4) size 66x15 [bgcolor=#C0C0C0]
        RenderBlock (anonymous) at (8,2) size 50x11
          RenderText at (0,0) size 50x11
            text run at (0,0) width 50: "Test Button"
      RenderText {#text} at (346,1) size 4x18
        text run at (346,1) width 4: " "
      RenderButton {INPUT} at (350,4) size 66x15 [bgcolor=#C0C0C0]
        RenderBlock (anonymous) at (8,2) size 50x11
          RenderText at (0,0) size 50x11
            text run at (0,0) width 50: "Test Button"
      RenderText {#text} at (416,1) size 4x18
        text run at (416,1) width 4: " "
      RenderButton {INPUT} at (422,2) size 77x18 [bgcolor=#C0C0C0]
        RenderBlock (anonymous) at (8,2) size 61x13
          RenderText at (0,0) size 61x13
            text run at (0,0) width 61: "Test Button"
      RenderText {#text} at (501,1) size 4x18
        text run at (501,1) width 4: " "
      RenderButton {INPUT} at (507,2) size 77x18 [bgcolor=#C0C0C0]
        RenderBlock (anonymous) at (8,2) size 61x13
          RenderText at (0,0) size 61x13
            text run at (0,0) width 61: "Test Button"
      RenderText {#text} at (586,1) size 4x18
        text run at (586,1) width 4: " "
      RenderButton {INPUT} at (592,2) size 77x18 [bgcolor=#C0C0C0]
        RenderBlock (anonymous) at (8,2) size 61x13
          RenderText at (0,0) size 61x13
            text run at (0,0) width 61: "Test Button"
      RenderText {#text} at (671,1) size 4x18
        text run at (671,1) width 4: " "
      RenderButton {INPUT} at (677,2) size 77x18 [bgcolor=#C0C0C0]
        RenderBlock (anonymous) at (8,2) size 61x13
          RenderText at (0,0) size 61x13
            text run at (0,0) width 61: "Test Button"
      RenderText {#text} at (756,1) size 4x18
        text run at (756,1) width 4: " "
      RenderButton {INPUT} at (2,26) size 77x18 [bgcolor=#C0C0C0]
        RenderBlock (anonymous) at (8,2) size 61x13
          RenderText at (0,0) size 61x13
            text run at (0,0) width 61: "Test Button"
      RenderText {#text} at (81,25) size 4x18
        text run at (81,25) width 4: " "
      RenderButton {INPUT} at (87,24) size 88x21 [bgcolor=#C0C0C0]
        RenderBlock (anonymous) at (8,2) size 72x16
          RenderText at (0,0) size 72x16
            text run at (0,0) width 72: "Test Button"
      RenderText {#text} at (177,25) size 4x18
        text run at (177,25) width 4: " "
      RenderButton {INPUT} at (183,24) size 88x21 [bgcolor=#C0C0C0]
        RenderBlock (anonymous) at (8,2) size 72x16
          RenderText at (0,0) size 72x16
            text run at (0,0) width 72: "Test Button"
      RenderText {#text} at (273,25) size 4x18
        text run at (273,25) width 4: " "
      RenderButton {INPUT} at (279,24) size 88x21 [bgcolor=#C0C0C0]
        RenderBlock (anonymous) at (8,2) size 72x16
          RenderText at (0,0) size 72x16
            text run at (0,0) width 72: "Test Button"
      RenderText {#text} at (369,25) size 4x18
        text run at (369,25) width 4: " "
      RenderButton {INPUT} at (375,24) size 88x21 [bgcolor=#C0C0C0]
        RenderBlock (anonymous) at (8,2) size 72x16
          RenderText at (0,0) size 72x16
            text run at (0,0) width 72: "Test Button"
      RenderText {#text} at (465,25) size 4x18
        text run at (465,25) width 4: " "
      RenderButton {INPUT} at (471,24) size 88x21 [bgcolor=#C0C0C0]
        RenderBlock (anonymous) at (8,2) size 72x16
          RenderText at (0,0) size 72x16
            text run at (0,0) width 72: "Test Button"
      RenderText {#text} at (561,25) size 4x18
        text run at (561,25) width 4: " "
      RenderButton {INPUT} at (567,24) size 88x21 [bgcolor=#C0C0C0]
        RenderBlock (anonymous) at (8,2) size 72x16
          RenderText at (0,0) size 72x16
            text run at (0,0) width 72: "Test Button"
      RenderText {#text} at (0,0) size 0x0
