layer at (0,0) size 800x600
  RenderView at (0,0) size 800x600
layer at (0,0) size 800x600
  RenderBlock {HTML} at (0,0) size 800x600
    RenderBody {BODY} at (8,8) size 784x584
      RenderBlock (anonymous) at (0,0) size 784x77
        RenderText {#text} at (0,0) size 776x36
          text run at (0,0) width 776: "This test checks that undoing a paste into an empty text field doesn't cause it to collapse vertically. When running manually,"
          text run at (0,18) width 236: "you have to paste and undo by hand. "
        RenderBR {BR} at (236,32) size 0x0
        RenderBR {BR} at (0,36) size 0x18
        RenderTextControl {INPUT} at (2,56) size 125x19 [bgcolor=#FFFFFF] [border: (2px inset #000000)]
        RenderText {#text} at (0,0) size 0x0
      RenderBlock {DIV} at (0,77) size 784x18
        RenderText {#text} at (0,0) size 81x18
          text run at (0,0) width 81: "Text to paste"
      RenderBlock {DIV} at (0,95) size 784x0
layer at (13,67) size 119x13
  RenderBlock {DIV} at (3,3) size 119x13
caret: position 0 of child 0 {DIV} of child 4 {INPUT} of body
