layer at (0,0) size 800x600
  RenderView at (0,0) size 800x600
layer at (0,0) size 800x62
  RenderBlock {HTML} at (0,0) size 800x62
    RenderBody {BODY} at (8,8) size 784x46
      RenderBR {BR} at (129,2) size 0x18
      RenderTextControl {INPUT} at (2,25) size 125x19 [bgcolor=#FFFFFF] [border: (2px inset #000000)]
      RenderText {#text} at (0,0) size 0x0
layer at (13,36) size 106x13
  RenderBlock {DIV} at (3,3) size 106x13
    RenderText {#text} at (1,0) size 14x13
      text run at (1,0) width 14: "10"
layer at (10,10) size 125x19
  RenderTextControl {INPUT} at (2,2) size 125x19 [bgcolor=#FFFFFF] [border: (2px inset #000000)]
layer at (13,13) size 106x13
  RenderBlock {DIV} at (3,3) size 106x13
    RenderText {#text} at (1,0) size 14x13
      text run at (1,0) width 14: "10"
layer at (120,12) size 13x15
  RenderBlock (relative positioned) {DIV} at (110,2) size 13x15
layer at (120,35) size 13x15
  RenderBlock (relative positioned) {DIV} at (110,2) size 13x15
