layer at (0,0) size 800x600
  RenderView at (0,0) size 800x600
layer at (0,0) size 800x600
  RenderBlock {HTML} at (0,0) size 800x600
    RenderBody {BODY} at (8,8) size 784x584
      RenderText {#text} at (0,0) size 397x18
        text run at (0,0) width 397: "This tests that text can not be inserted into a disabled text field. "
      RenderBR {BR} at (397,14) size 0x0
      RenderTextControl {INPUT} at (2,20) size 146x19 [bgcolor=#FFFFFF] [border: (2px inset #000000)]
      RenderText {#text} at (0,0) size 0x0
layer at (13,31) size 140x13
  RenderBlock {DIV} at (3,3) size 140x13 [color=#545454]
    RenderText {#text} at (0,0) size 61x13
      text run at (0,0) width 61: "Test Passed"
