layer at (0,0) size 800x600
  RenderView at (0,0) size 800x600
layer at (0,0) size 800x600
  RenderBlock {HTML} at (0,0) size 800x600
    RenderBody {BODY} at (8,8) size 784x584
      RenderText {#text} at (0,0) size 344x18
        text run at (0,0) width 344: "This tests that the new text fields use the correct width."
      RenderBR {BR} at (344,14) size 0x0
      RenderTextControl {INPUT} at (2,20) size 123x19 [bgcolor=#FFFFFF] [border: (2px inset #000000)]
      RenderBR {BR} at (127,34) size 0x0
      RenderTextControl {INPUT} at (0,43) size 200x19 [bgcolor=#FFFFFF] [border: (2px inset #000000)]
      RenderBR {BR} at (200,57) size 0x0
      RenderTextControl {INPUT} at (2,66) size 273x19 [bgcolor=#FFFFFF] [border: (2px inset #000000)]
      RenderBR {BR} at (277,80) size 0x0
      RenderTextControl {INPUT} at (0,89) size 200x19 [bgcolor=#FFFFFF] [border: (2px inset #000000)]
      RenderBR {BR} at (200,103) size 0x0
      RenderTextControl {INPUT} at (2,112) size 73x19 [bgcolor=#FFFFFF] [border: (2px inset #000000)]
      RenderBR {BR} at (77,126) size 0x0
layer at (13,31) size 117x13
  RenderBlock {DIV} at (3,3) size 117x13
layer at (11,54) size 194x13
  RenderBlock {DIV} at (3,3) size 194x13
    RenderText {#text} at (0,0) size 103x13
      text run at (0,0) width 103: "styled width 200px"
layer at (13,77) size 267x13
  RenderBlock {DIV} at (3,3) size 267x13
    RenderText {#text} at (0,0) size 39x13
      text run at (0,0) width 39: "size 50"
layer at (11,100) size 194x13
  RenderBlock {DIV} at (3,3) size 194x13
    RenderText {#text} at (0,0) size 162x13
      text run at (0,0) width 162: "styled width 200px & size=10"
layer at (13,123) size 67x13
  RenderBlock {DIV} at (3,3) size 67x13
    RenderText {#text} at (0,0) size 39x13
      text run at (0,0) width 39: "size 10"
