layer at (0,0) size 800x600
  RenderView at (0,0) size 800x600
layer at (0,0) size 800x202
  RenderBlock {HTML} at (0,0) size 800x202
    RenderBody {BODY} at (8,16) size 784x178
      RenderBlock {P} at (0,0) size 784x36
        RenderText {#text} at (0,0) size 753x36
          text run at (0,0) width 753: "CR and LF in placeholder values should be stripped. The first input element and the first textarea element should have a"
          text run at (0,18) width 748: "placeholder \"first line second line\", and the second input element and the second textarea element should have nothing."
      RenderBlock (anonymous) at (0,52) size 784x126
        RenderTextControl {INPUT} at (2,2) size 125x19 [bgcolor=#FFFFFF] [border: (2px inset #000000)]
        RenderBR {BR} at (129,2) size 0x18
        RenderTextControl {INPUT} at (2,25) size 125x19 [bgcolor=#FFFFFF] [border: (2px inset #000000)]
        RenderBR {BR} at (129,25) size 0x18
        RenderBR {BR} at (165,68) size 0x18
        RenderText {#text} at (0,0) size 0x0
layer at (13,73) size 119x13
  RenderBlock {DIV} at (3,3) size 119x13
layer at (13,96) size 119x13
  RenderBlock {DIV} at (3,3) size 119x13
layer at (10,116) size 161x32 clip at (11,117) size 159x30
  RenderTextControl {TEXTAREA} at (2,48) size 161x32 [bgcolor=#FFFFFF] [border: (1px solid #000000)]
    RenderBlock {DIV} at (3,3) size 155x13
layer at (10,156) size 161x32 clip at (11,157) size 159x30
  RenderTextControl {TEXTAREA} at (2,88) size 161x32 [bgcolor=#FFFFFF] [border: (1px solid #000000)]
    RenderBlock {DIV} at (3,3) size 155x13
layer at (13,73) size 119x13
  RenderBlock (relative positioned) {DIV} at (3,3) size 119x13 [color=#A9A9A9]
    RenderText {#text} at (1,0) size 109x13
      text run at (1,0) width 109: "first line second line"
layer at (13,119) size 155x13
  RenderBlock (relative positioned) {DIV} at (3,3) size 155x13 [color=#A9A9A9]
    RenderText {#text} at (0,0) size 109x13
      text run at (0,0) width 109: "first line second line"
