layer at (0,0) size 800x600
  RenderView at (0,0) size 800x600
layer at (0,0) size 800x600
  RenderBlock {HTML} at (0,0) size 800x600
    RenderBody {BODY} at (8,8) size 784x584
      RenderText {#text} at (0,0) size 328x18
        text run at (0,0) width 328: "This tests that you can set the placeholder text color."
      RenderBR {BR} at (328,14) size 0x0
      RenderTextControl {INPUT} at (2,20) size 125x19 [bgcolor=#FFFFFF] [border: (2px inset #000000)]
      RenderText {#text} at (129,20) size 4x18
        text run at (129,20) width 4: " "
      RenderTextControl {INPUT} at (135,20) size 125x19 [bgcolor=#FFFFFF] [border: (2px inset #000000)]
        RenderDeprecatedFlexibleBox {DIV} at (3,3) size 119x13
          RenderBlock {DIV} at (0,1) size 8x11
          RenderBlock {DIV} at (8,0) size 98x13
          RenderBlock {DIV} at (106,1) size 13x11
      RenderText {#text} at (262,20) size 4x18
        text run at (262,20) width 4: " "
      RenderTextControl {INPUT} at (268,20) size 125x19 [bgcolor=#FFFFFF] [border: (2px inset #000000)]
      RenderText {#text} at (395,20) size 4x18
        text run at (395,20) width 4: " "
      RenderTextControl {INPUT} at (401,20) size 125x19 [bgcolor=#FFFFFF] [border: (2px inset #000000)]
      RenderText {#text} at (528,20) size 4x18
        text run at (528,20) width 4: " "
      RenderTextControl {INPUT} at (534,20) size 125x19 [bgcolor=#FFFFFF] [border: (2px inset #000000)]
      RenderText {#text} at (661,20) size 4x18
        text run at (661,20) width 4: " "
      RenderTextControl {INPUT} at (2,43) size 125x19 [bgcolor=#FFFFFF] [border: (2px inset #000000)]
      RenderText {#text} at (0,0) size 0x0
layer at (13,31) size 119x13
  RenderBlock {DIV} at (3,3) size 119x13
layer at (154,31) size 98x13
  RenderBlock {DIV} at (0,0) size 98x13
layer at (279,31) size 119x13
  RenderBlock {DIV} at (3,3) size 119x13
layer at (412,31) size 119x13
  RenderBlock {DIV} at (3,3) size 119x13 [color=#545454]
layer at (545,31) size 119x13
  RenderBlock {DIV} at (3,3) size 119x13
layer at (13,54) size 119x13
  RenderBlock {DIV} at (3,3) size 119x13
layer at (13,31) size 119x13
  RenderBlock (relative positioned) {DIV} at (3,3) size 119x13 [color=#640000]
    RenderText {#text} at (1,0) size 22x13
      text run at (1,0) width 22: "text"
layer at (154,31) size 98x13
  RenderBlock (relative positioned) {DIV} at (11,3) size 98x13 [color=#640000]
    RenderText {#text} at (1,0) size 35x13
      text run at (1,0) width 35: "search"
layer at (279,31) size 119x13
  RenderBlock (relative positioned) {DIV} at (3,3) size 119x13 [color=#640000]
    RenderText {#text} at (1,0) size 51x13
      text run at (1,0) width 51: "password"
layer at (412,31) size 119x13
  RenderBlock (relative positioned) {DIV} at (3,3) size 119x13 [color=#640000]
    RenderText {#text} at (1,0) size 70x13
      text run at (1,0) width 70: "disabled text"
layer at (545,31) size 119x13
  RenderBlock (relative positioned) {DIV} at (3,3) size 119x13 [color=#A9A9A9]
    RenderText {#text} at (1,0) size 38x13
      text run at (1,0) width 38: "default"
layer at (13,54) size 119x13
  RenderBlock (relative positioned) {DIV} at (3,3) size 119x13 [color=#A9A9A9]
    RenderText {#text} at (1,0) size 86x13
      text run at (1,0) width 86: "default disabled"
