layer at (0,0) size 842x585
  RenderView at (0,0) size 800x585
layer at (0,0) size 800x585
  RenderBlock {HTML} at (0,0) size 800x585
    RenderBody {BODY} at (8,8) size 784x561
      RenderBlock {P} at (0,0) size 784x36
        RenderText {#text} at (0,0) size 53x18
          text run at (0,0) width 53: "Test for "
        RenderInline {A} at (0,0) size 305x18 [color=#0000EE]
          RenderText {#text} at (53,0) size 305x18
            text run at (53,0) width 305: "https://bugs.webkit.org/show_bug.cgi?id=22190"
        RenderText {#text} at (358,0) size 4x18
          text run at (358,0) width 4: ":"
        RenderBR {BR} at (362,14) size 0x0
        RenderText {#text} at (0,18) size 398x18
          text run at (0,18) width 398: "Tests drawing and event handling on transformed search fields."
      RenderBlock {P} at (0,135) size 784x18
        RenderText {#text} at (0,0) size 39x18
          text run at (0,0) width 39: "PASS"
layer at (8,60) size 784x23
  RenderBlock {P} at (0,52) size 784x23
    RenderTextControl {INPUT} at (2,2) size 125x19 [bgcolor=#FFFFFF] [border: (2px inset #000000)]
      RenderBlock {DIV} at (3,3) size 119x13
        RenderBlock {DIV} at (0,0) size 22x11
        RenderBlock {DIV} at (106,0) size 13x11
    RenderText {#text} at (0,0) size 0x0
layer at (35,65) size 84x13 scrollWidth 88
  RenderBlock {DIV} at (22,0) size 84x13
    RenderText {#text} at (1,0) size 86x13
      text run at (1,0) width 86: "Some other text"
caret: position 15 of child 0 {#text} of child 1 {DIV} of child 0 {DIV} of child 1 {INPUT} of child 3 {P} of body
