layer at (0,0) size 800x600
  RenderView at (0,0) size 800x600
layer at (0,0) size 800x600
  RenderBlock {HTML} at (0,0) size 800x600
    RenderBody {BODY} at (8,8) size 784x584
      RenderBlock {P} at (0,0) size 784x18
        RenderText {#text} at (0,0) size 385x18
          text run at (0,0) width 385: "Only the second search field should have a cancel button (\x{D7})."
      RenderBlock (anonymous) at (0,34) size 784x23
        RenderTextControl {INPUT} at (2,2) size 125x19 [bgcolor=#FFFFFF] [border: (2px inset #000000)]
          RenderBlock {DIV} at (3,3) size 119x13
            RenderBlock {DIV} at (0,0) size 8x11
            RenderBlock {DIV} at (106,0) size 13x11
        RenderText {#text} at (129,2) size 4x18
          text run at (129,2) width 4: " "
        RenderTextControl {INPUT} at (135,2) size 125x19 [bgcolor=#FFFFFF] [border: (2px inset #000000)]
          RenderBlock {DIV} at (3,3) size 119x13
            RenderBlock {DIV} at (0,0) size 8x11
            RenderBlock {DIV} at (106,0) size 13x11
        RenderText {#text} at (0,0) size 0x0
layer at (21,47) size 98x13
  RenderBlock {DIV} at (8,0) size 98x13
layer at (154,47) size 98x13
  RenderBlock {DIV} at (8,0) size 98x13
    RenderText {#text} at (1,0) size 43x13
      text run at (1,0) width 43: "this one"
