layer at (0,0) size 800x600
  RenderView at (0,0) size 800x600
layer at (0,0) size 800x600
  RenderBlock {HTML} at (0,0) size 800x600
    RenderBody {BODY} at (8,8) size 784x584
      RenderBlock {P} at (0,0) size 784x18
        RenderText {#text} at (0,0) size 624x18
          text run at (0,0) width 624: "The following textarea elements should all be rendered on the left, with their text aligned to the left."
      RenderBlock (anonymous) at (0,34) size 784x156
        RenderText {#text} at (373,22) size 4x18
          text run at (373,22) width 4: " "
        RenderBR {BR} at (0,0) size 0x0
        RenderText {#text} at (373,62) size 4x18
          text run at (373,62) width 4: " "
        RenderBR {BR} at (0,0) size 0x0
        RenderText {#text} at (373,102) size 4x18
          text run at (373,102) width 4: " "
        RenderBR {BR} at (0,0) size 0x0
        RenderText {#text} at (0,0) size 0x0
        RenderText {#text} at (0,0) size 0x0
      RenderBlock {DIV} at (0,190) size 784x36
layer at (10,44) size 369x32 clip at (11,45) size 367x30
  RenderTextControl {TEXTAREA} at (2,2) size 369x32 [bgcolor=#FFFFFF] [border: (1px solid #000000)]
    RenderBlock {DIV} at (3,3) size 363x13
      RenderText {#text} at (0,0) size 192x13
        text run at (0,0) width 192: "This is should be aligned to the left."
layer at (10,84) size 369x32 clip at (11,85) size 367x30
  RenderTextControl {TEXTAREA} at (2,42) size 369x32 [bgcolor=#FFFFFF] [border: (1px solid #000000)]
    RenderBlock {DIV} at (3,3) size 363x13
      RenderText {#text} at (0,0) size 192x13
        text run at (0,0) width 192: "This is should be aligned to the left."
layer at (10,124) size 369x32 clip at (11,125) size 367x30
  RenderTextControl {TEXTAREA} at (2,82) size 369x32 [bgcolor=#FFFFFF] [border: (1px solid #000000)]
    RenderBlock {DIV} at (3,3) size 363x13
      RenderText {#text} at (0,0) size 192x13
        text run at (0,0) width 192: "This is should be aligned to the left."
layer at (10,164) size 369x32 clip at (11,165) size 367x30
  RenderTextControl {TEXTAREA} at (2,122) size 369x32 [bgcolor=#FFFFFF] [border: (1px solid #000000)]
    RenderBlock {DIV} at (3,3) size 363x13
      RenderText {#text} at (0,0) size 192x13
        text run at (0,0) width 192: "This is should be aligned to the left."
layer at (10,200) size 369x32 clip at (11,201) size 367x30
  RenderTextControl {TEXTAREA} at (2,2) size 369x32 [bgcolor=#FFFFFF] [border: (1px solid #000000)]
    RenderBlock {DIV} at (3,3) size 363x13
      RenderText {#text} at (0,0) size 192x13
        text run at (0,0) width 192: "This is should be aligned to the left."
