layer at (0,0) size 800x600
  RenderView at (0,0) size 800x600
layer at (0,0) size 800x600
  RenderBlock {HTML} at (0,0) size 800x600
    RenderBody {BODY} at (8,8) size 784x584
      RenderText {#text} at (165,22) size 4x18
        text run at (165,22) width 4: " "
      RenderText {#text} at (0,0) size 0x0
layer at (10,10) size 161x32 clip at (11,11) size 144x30 scrollHeight 69
  RenderTextControl {TEXTAREA} at (2,2) size 161x32 [bgcolor=#FFFFFF] [border: (1px solid #000000)]
    RenderBlock {DIV} at (3,3) size 140x65
      RenderText {#text} at (0,0) size 140x52
        text run at (0,0) width 135: "A quick brown fox jumps"
        text run at (134,0) width 4: " "
        text run at (0,13) width 140: "over the lazy dog. A quick"
        text run at (139,13) width 1: " "
        text run at (0,26) width 139: "brown fox jumps over the"
        text run at (138,26) width 2: " "
        text run at (0,39) width 49: "lazy dog."
        text run at (48,39) width 1: " "
      RenderBR {BR} at (0,52) size 0x13
layer at (179,10) size 161x32 clip at (180,11) size 144x30 scrollHeight 54
  RenderTextControl {TEXTAREA} at (171,2) size 161x32 [bgcolor=#FFFFFF] [border: (1px solid #000000)]
    RenderBlock {DIV} at (3,3) size 140x13
layer at (182,13) size 140x52 backgroundClip at (180,11) size 144x30 clip at (180,11) size 144x30 outlineClip at (180,11) size 144x30
  RenderBlock (relative positioned) {DIV} at (3,3) size 140x52 [color=#A9A9A9]
    RenderText {#text} at (0,0) size 140x52
      text run at (0,0) width 135: "A quick brown fox jumps"
      text run at (134,0) width 4: " "
      text run at (0,13) width 140: "over the lazy dog. A quick"
      text run at (139,13) width 1: " "
      text run at (0,26) width 139: "brown fox jumps over the"
      text run at (138,26) width 2: " "
      text run at (0,39) width 49: "lazy dog."
