layer at (0,0) size 800x600
  RenderView at (0,0) size 800x600
layer at (0,0) size 800x600
  RenderBlock {HTML} at (0,0) size 800x600
    RenderBody {BODY} at (8,8) size 784x576
      RenderBlock {P} at (0,0) size 784x18
        RenderText {#text} at (0,0) size 439x18
          text run at (0,0) width 439: "If you can see the word \"Placeholder\" in the text area, then all is well."
      RenderBlock {P} at (0,34) size 784x36
layer at (10,44) size 161x32 clip at (11,45) size 159x30
  RenderTextControl {TEXTAREA} at (2,2) size 161x32 [bgcolor=#FFFFFF] [border: (1px solid #000000)]
    RenderBlock {DIV} at (3,3) size 155x13
layer at (13,47) size 155x13
  RenderBlock (relative positioned) {DIV} at (3,3) size 155x13 [color=#A9A9A9]
    RenderText {#text} at (0,0) size 62x13
      text run at (0,0) width 62: "Placeholder"
