layer at (0,0) size 800x1254
  RenderView at (0,0) size 800x600
layer at (0,0) size 800x1254
  RenderBlock {HTML} at (0,0) size 800x1254
    RenderBody {BODY} at (8,8) size 784x1238
      RenderText {#text} at (0,0) size 290x19
        text run at (0,0) width 290: "LTR fieldset with left/center/right text-align: "
      RenderBR {BR} at (289,15) size 1x0
      RenderFieldSet {FIELDSET} at (16,36) size 228x120 [border: (2px groove #C0C0C0)]
        RenderBlock {LEGEND} at (34,0) size 104x25
          RenderBlock {DIV} at (2,0) size 100x25 [bgcolor=#FFA500]
      RenderText {#text} at (260,157) size 4x19
        text run at (260,157) width 4: " "
      RenderFieldSet {FIELDSET} at (280,36) size 228x120 [border: (2px groove #C0C0C0)]
        RenderBlock {LEGEND} at (110,0) size 104x25
          RenderBlock {DIV} at (2,0) size 100x25 [bgcolor=#FFA500]
      RenderText {#text} at (0,0) size 0x0
      RenderFieldSet {FIELDSET} at (16,193) size 228x120 [border: (2px groove #C0C0C0)]
        RenderBlock {LEGEND} at (62,0) size 104x25
          RenderBlock {DIV} at (2,0) size 100x25 [bgcolor=#FFA500]
      RenderText {#text} at (260,314) size 4x19
        text run at (260,314) width 4: " "
      RenderBR {BR} at (0,0) size 0x0
      RenderText {#text} at (0,334) size 290x19
        text run at (0,334) width 290: "RTL fieldset with left/center/right text-align: "
      RenderBR {BR} at (289,349) size 1x0
      RenderFieldSet {FIELDSET} at (16,370) size 228x120 [border: (2px groove #C0C0C0)]
        RenderBlock {LEGEND} at (14,0) size 104x25
          RenderBlock {DIV} at (2,0) size 100x25 [bgcolor=#FFA500]
      RenderText {#text} at (260,491) size 4x19
        text run at (260,491) width 4: " "
      RenderFieldSet {FIELDSET} at (280,370) size 228x120 [border: (2px groove #C0C0C0)]
        RenderBlock {LEGEND} at (90,0) size 104x25
          RenderBlock {DIV} at (2,0) size 100x25 [bgcolor=#FFA500]
      RenderText {#text} at (0,0) size 0x0
      RenderFieldSet {FIELDSET} at (16,527) size 228x120 [border: (2px groove #C0C0C0)]
        RenderBlock {LEGEND} at (62,0) size 104x25
          RenderBlock {DIV} at (2,0) size 100x25 [bgcolor=#FFA500]
      RenderText {#text} at (260,648) size 4x19
        text run at (260,648) width 4: " "
      RenderBR {BR} at (0,0) size 0x0
      RenderText {#text} at (0,668) size 344x19
        text run at (0,668) width 344: "Vertical LTR fieldset with left/center/right text-align: "
      RenderBR {BR} at (343,683) size 1x0
      RenderFieldSet {FIELDSET} at (16,704) size 120x228 [border: (2px groove #C0C0C0)]
        RenderBlock {LEGEND} at (0,34) size 25x104
          RenderBlock {DIV} at (0,2) size 25x100 [bgcolor=#FFA500]
      RenderText {#text} at (151,933) size 5x19
        text run at (151,933) width 5: " "
      RenderFieldSet {FIELDSET} at (171,704) size 121x228 [border: (2px groove #C0C0C0)]
        RenderBlock {LEGEND} at (0,110) size 25x104
          RenderBlock {DIV} at (0,2) size 25x100 [bgcolor=#FFA500]
      RenderText {#text} at (307,933) size 5x19
        text run at (307,933) width 5: " "
      RenderFieldSet {FIELDSET} at (327,704) size 120x228 [border: (2px groove #C0C0C0)]
        RenderBlock {LEGEND} at (0,62) size 25x104
          RenderBlock {DIV} at (0,2) size 25x100 [bgcolor=#FFA500]
      RenderText {#text} at (462,933) size 5x19
        text run at (462,933) width 5: " "
      RenderBR {BR} at (0,0) size 0x0
      RenderText {#text} at (0,953) size 344x19
        text run at (0,953) width 344: "Vertical RTL fieldset with left/center/right text-align: "
      RenderBR {BR} at (343,968) size 1x0
      RenderFieldSet {FIELDSET} at (16,989) size 120x228 [border: (2px groove #C0C0C0)]
        RenderBlock {LEGEND} at (0,14) size 25x104
          RenderBlock {DIV} at (0,2) size 25x100 [bgcolor=#FFA500]
      RenderText {#text} at (151,1218) size 5x19
        text run at (151,1218) width 5: " "
      RenderFieldSet {FIELDSET} at (171,989) size 121x228 [border: (2px groove #C0C0C0)]
        RenderBlock {LEGEND} at (0,90) size 25x104
          RenderBlock {DIV} at (0,2) size 25x100 [bgcolor=#FFA500]
      RenderText {#text} at (307,1218) size 5x19
        text run at (307,1218) width 5: " "
      RenderFieldSet {FIELDSET} at (327,989) size 120x228 [border: (2px groove #C0C0C0)]
        RenderBlock {LEGEND} at (0,62) size 25x104
          RenderBlock {DIV} at (0,2) size 25x100 [bgcolor=#FFA500]
      RenderText {#text} at (0,0) size 0x0
