layer at (0,0) size 800x600
  RenderView at (0,0) size 800x600
layer at (0,0) size 800x600
  RenderBlock {HTML} at (0,0) size 800x600
    RenderBody {BODY} at (8,8) size 784x584 [color=#008000]
      RenderBlock (anonymous) at (0,0) size 784x41
        RenderText {#text} at (0,0) size 265x41
          text run at (0,0) width 265: "This is fixed pitch. "
        RenderInline {FONT} at (0,0) size 50x13
          RenderText {#text} at (265,21) size 50x13
            text run at (265,21) width 50: "This is not."
      RenderBlock (anonymous) at (0,41) size 784x33
        RenderTable {TABLE} at (0,0) size 123x33 [border: (2px outset #808080)]
          RenderTableSection {TBODY} at (2,2) size 119x29
            RenderTableRow {TR} at (0,2) size 119x25
              RenderTableCell {TD} at (2,2) size 115x25 [border: (1px inset #808080)] [r=0 c=0 rs=1 cs=1]
                RenderText {#text} at (2,2) size 111x21
                  text run at (2,2) width 111: "This is also not."
      RenderBlock (anonymous) at (0,74) size 784x41
        RenderInline {FONT} at (0,0) size 43x13
          RenderText {#text} at (0,21) size 43x13
            text run at (0,21) width 43: "More text"
        RenderText {#text} at (43,0) size 118x41
          text run at (43,0) width 118: " Ending."
