layer at (0,0) size 800x600
  RenderView at (0,0) size 800x600
layer at (0,0) size 800x600
  RenderBlock {HTML} at (0,0) size 800x600
    RenderBody {BODY} at (8,8) size 784x584
      RenderBlock (floating) {P} at (0,16) size 692x25 [border: (2px solid #008000)]
        RenderText {#text} at (2,2) size 688x21
          text run at (2,2) width 688: "There should be 30px of word spacing between each word."
      RenderBlock {DIV} at (0,0) size 784x100
      RenderTable {TABLE} at (0,100) size 100x151
        RenderTableSection {TBODY} at (0,0) size 100x151
          RenderTableRow {TR} at (0,0) size 100x151
            RenderTableCell {TD} at (0,0) size 100x151 [r=0 c=0 rs=1 cs=1]
              RenderBlock {P} at (0,0) size 100x151 [border: (2px solid #008000)]
                RenderText {#text} at (2,2) size 93x147
                  text run at (2,2) width 42: "There"
                  text run at (2,23) width 85: "should be"
                  text run at (2,44) width 67: "15px of"
                  text run at (2,65) width 35: "word"
                  text run at (2,86) width 56: "spacing"
                  text run at (2,107) width 61: "between"
                  text run at (2,128) width 93: "each word."
