layer at (0,0) size 800x600
  RenderView at (0,0) size 800x600
layer at (0,0) size 800x600
  RenderBlock {HTML} at (0,0) size 800x600
    RenderBody {BODY} at (8,8) size 784x584
      RenderTable {TABLE} at (0,0) size 784x33 [border: (2px outset #808080)]
        RenderTableSection {TBODY} at (2,2) size 780x29
          RenderTableRow {TR} at (0,2) size 780x25
            RenderTableCell {TD} at (2,2) size 556x25 [border: (1px inset #808080)] [r=0 c=0 rs=1 cs=1]
              RenderText {#text} at (2,2) size 176x21
                text run at (2,2) width 176: "Big cell gets all the width"
            RenderTableCell {TD} at (560,2) size 218x25 [border: (1px inset #808080)] [r=0 c=1 rs=1 cs=1]
              RenderText {#text} at (2,2) size 214x21
                text run at (2,2) width 214: "Icannotbreak noicannot \x{B7}break"
