layer at (0,0) size 800x600
  RenderView at (0,0) size 800x600
layer at (0,0) size 800x600
  RenderBlock {HTML} at (0,0) size 800x600
    RenderBody {BODY} at (8,8) size 784x584
      RenderInline {SPAN} at (0,0) size 297x30
        RenderText {#text} at (0,0) size 194x30
          text run at (0,0) width 194: "This is some text. "
        RenderInline {TT} at (0,0) size 103x30
          RenderText {#text} at (194,0) size 103x30
            text run at (194,0) width 103: "As is this."
      RenderText {#text} at (297,0) size 361x30
        text run at (297,0) width 361: " All of this text should be 24px tall."
