layer at (0,0) size 800x600
  RenderView at (0,0) size 800x600
layer at (0,0) size 800x156
  RenderBlock {HTML} at (0,0) size 800x156
    RenderBody {BODY} at (8,8) size 784x140
      RenderBlock {DIV} at (0,0) size 784x42
        RenderText {#text} at (0,0) size 111x21
          text run at (0,0) width 111: "Select this text. "
        RenderInline {FONT} at (0,0) size 772x34
          RenderText {#text} at (111,6) size 772x34
            text run at (111,6) width 95: "I am teeny and tiny. "
            text run at (206,6) width 337: "I am going to have lots of text but each line should retain the big height. "
            text run at (543,6) width 229: "If the lines shrink, it means that the root line box's"
            text run at (0,27) width 223: "height is not being considered and that's wrong."
        RenderText {#text} at (0,0) size 0x0
      RenderBlock {P} at (0,58) size 784x0
      RenderBlock {DIV} at (0,58) size 784x82
        RenderInline {FONT} at (0,0) size 775x82
          RenderText {#text} at (0,0) size 479x41
            text run at (0,0) width 479: "This text is absolutely enormous. "
          RenderInline {FONT} at (0,0) size 775x54
            RenderText {#text} at (479,21) size 775x54
              text run at (479,21) width 95: "I am teeny and tiny. "
              text run at (574,21) width 201: "I am going to have lots of text but each line"
              text run at (0,62) width 133: "should retain the big height. "
              text run at (133,62) width 467: "If the lines shrink, it means that the span's line box's height is not being considered and that's wrong."
          RenderText {#text} at (0,0) size 0x0
