layer at (0,0) size 800x600
  RenderView at (0,0) size 800x600
layer at (0,0) size 800x273
  RenderBlock {HTML} at (0,0) size 800x273
    RenderBody {BODY} at (8,21) size 784x236
      RenderBlock {H1} at (0,0) size 784x37
        RenderText {#text} at (0,0) size 529x36
          text run at (0,0) width 529: "Letter spacing lost for emphasized text"
      RenderBlock {P} at (0,58) size 784x38
        RenderText {#text} at (0,0) size 268x19
          text run at (0,0) width 268: "This example demonstrates that text inside a "
        RenderInline {CODE} at (0,0) size 8x15
          RenderText {#text} at (268,4) size 8x15
            text run at (268,4) width 8: "b"
        RenderText {#text} at (276,0) size 8x19
          text run at (276,0) width 8: ", "
        RenderInline {CODE} at (0,0) size 8x15
          RenderText {#text} at (284,4) size 8x15
            text run at (284,4) width 8: "i"
        RenderText {#text} at (292,0) size 8x19
          text run at (292,0) width 8: ", "
        RenderInline {CODE} at (0,0) size 48x15
          RenderText {#text} at (300,4) size 48x15
            text run at (300,4) width 48: "strong"
        RenderText {#text} at (348,0) size 21x19
          text run at (348,0) width 21: " or "
        RenderInline {CODE} at (0,0) size 16x15
          RenderText {#text} at (369,4) size 16x15
            text run at (369,4) width 16: "em"
        RenderText {#text} at (385,0) size 105x19
          text run at (385,0) width 105: " element loses its "
        RenderInline {CODE} at (0,0) size 112x15
          RenderText {#text} at (490,4) size 112x15
            text run at (490,4) width 112: "letter-spacing"
        RenderText {#text} at (602,0) size 776x38
          text run at (602,0) width 174: " CSS attribute that should be"
          text run at (0,19) width 263: "inherited. This was discovered in Safari 1.0."
      RenderBlock {DIV} at (0,112) size 784x124
        RenderBlock {P} at (0,0) size 784x19
          RenderText {#text} at (0,0) size 117x19
            text run at (0,0) width 117: "Text inside "
          RenderInline {B} at (0,0) size 44x19
            RenderText {#text} at (117,0) size 44x19
              text run at (117,0) width 44: "bold"
          RenderText {#text} at (161,0) size 90x19
            text run at (161,0) width 90: " element."
        RenderBlock {P} at (0,35) size 784x19
          RenderText {#text} at (0,0) size 117x19
            text run at (0,0) width 117: "Text inside "
          RenderInline {STRONG} at (0,0) size 66x19
            RenderText {#text} at (117,0) size 66x19
              text run at (117,0) width 66: "strong"
          RenderText {#text} at (183,0) size 90x19
            text run at (183,0) width 90: " element."
        RenderBlock {P} at (0,70) size 784x19
          RenderText {#text} at (0,0) size 117x19
            text run at (0,0) width 117: "Text inside "
          RenderInline {I} at (0,0) size 56x19
            RenderText {#text} at (117,0) size 56x19
              text run at (117,0) width 56: "italic"
          RenderText {#text} at (173,0) size 90x19
            text run at (173,0) width 90: " element."
        RenderBlock {P} at (0,105) size 784x19
          RenderText {#text} at (0,0) size 117x19
            text run at (0,0) width 117: "Text inside "
          RenderInline {EM} at (0,0) size 91x19
            RenderText {#text} at (117,0) size 91x19
              text run at (117,0) width 91: "emphasis"
          RenderText {#text} at (208,0) size 90x19
            text run at (208,0) width 90: " element."
