layer at (0,0) size 785x812
  RenderView at (0,0) size 785x600
layer at (0,0) size 785x812
  RenderBlock {HTML} at (0,0) size 785x812
layer at (8,8) size 769x796
  RenderBody {BODY} at (8,8) size 769x796
    RenderBlock {DIV} at (0,19) size 769x29 [bgcolor=#00FFFF]
      RenderBlock (floating) {DIV} at (4,4) size 386x463 [bgcolor=#FFFF00]
        RenderImage {IMG} at (0,0) size 133x70
        RenderText {#text} at (133,0) size 379x90
          text run at (133,0) width 229: "You've already downloaded a build."
          text run at (133,18) width 219: "All you have to do is use it as your"
          text run at (133,36) width 208: "everyday browser and mail/news"
          text run at (133,54) width 246: "reader. If you downloaded a build with"
          text run at (0,72) width 253: "Talkback, please turn it on when it asks."
        RenderBlock (floating) {DIV} at (302,72) size 83x390 [bgcolor=#FF0000]
          RenderBlock {P} at (0,16) size 82x18
            RenderText {#text} at (0,0) size 74x18
              text run at (0,0) width 74: "Hola hola 1"
          RenderBlock {P} at (0,50) size 82x18
            RenderText {#text} at (0,0) size 74x18
              text run at (0,0) width 74: "Hola hola 2"
          RenderBlock {P} at (0,84) size 82x18
            RenderText {#text} at (0,0) size 74x18
              text run at (0,0) width 74: "Hola hola 3"
          RenderBlock {P} at (0,118) size 82x18
            RenderText {#text} at (0,0) size 74x18
              text run at (0,0) width 74: "Hola hola 4"
          RenderBlock {P} at (0,152) size 82x18
            RenderText {#text} at (0,0) size 74x18
              text run at (0,0) width 74: "Hola hola 5"
          RenderBlock {P} at (0,186) size 82x18
            RenderText {#text} at (0,0) size 74x18
              text run at (0,0) width 74: "Hola hola 6"
          RenderBlock {P} at (0,220) size 82x18
            RenderText {#text} at (0,0) size 74x18
              text run at (0,0) width 74: "Hola hola 7"
          RenderBlock {P} at (0,254) size 82x18
            RenderText {#text} at (0,0) size 74x18
              text run at (0,0) width 74: "Hola hola 8"
          RenderBlock {P} at (0,288) size 82x18
            RenderText {#text} at (0,0) size 74x18
              text run at (0,0) width 74: "Hola hola 9"
          RenderBlock {P} at (0,322) size 82x18
            RenderText {#text} at (0,0) size 82x18
              text run at (0,0) width 82: "Hola hola 10"
          RenderBlock {P} at (0,356) size 82x18
            RenderText {#text} at (0,0) size 82x18
              text run at (0,0) width 82: "Hola hola 11"
        RenderText {#text} at (0,90) size 301x54
          text run at (0,90) width 301: "Talkback reports give us really valuable data on"
          text run at (0,108) width 280: "which crashes are the most serious, and how"
          text run at (0,126) width 226: "often people are encountering them."
      RenderBlock (floating) {DIV} at (686,0) size 83x322 [bgcolor=#FF00FF]
        RenderBlock {P} at (0,16) size 83x18
          RenderText {#text} at (0,0) size 83x18
            text run at (0,0) width 83: "Hello Kitty 1"
        RenderBlock {P} at (0,50) size 83x18
          RenderText {#text} at (0,0) size 83x18
            text run at (0,0) width 83: "Hello Kitty 2"
        RenderBlock {P} at (0,84) size 83x18
          RenderText {#text} at (0,0) size 83x18
            text run at (0,0) width 83: "Hello Kitty 3"
        RenderBlock {P} at (0,118) size 83x18
          RenderText {#text} at (0,0) size 83x18
            text run at (0,0) width 83: "Hello Kitty 4"
        RenderBlock {P} at (0,152) size 83x18
          RenderText {#text} at (0,0) size 83x18
            text run at (0,0) width 83: "Hello Kitty 5"
        RenderBlock {P} at (0,186) size 83x18
          RenderText {#text} at (0,0) size 83x18
            text run at (0,0) width 83: "Hello Kitty 6"
        RenderBlock {P} at (0,220) size 83x18
          RenderText {#text} at (0,0) size 83x18
            text run at (0,0) width 83: "Hello Kitty 7"
        RenderBlock {P} at (0,254) size 83x18
          RenderText {#text} at (0,0) size 83x18
            text run at (0,0) width 83: "Hello Kitty 8"
        RenderBlock {P} at (0,288) size 83x18
          RenderText {#text} at (0,0) size 83x18
            text run at (0,0) width 83: "Hello Kitty 9"
      RenderBlock {H2} at (0,0) size 769x28
        RenderText {#text} at (394,0) size 262x28
          text run at (394,0) width 262: "What Needs To Be Done?"
    RenderBlock (floating) {DIV} at (394,67) size 83x391 [bgcolor=#808080]
      RenderBlock {P} at (0,16) size 82x18
        RenderText {#text} at (0,0) size 74x18
          text run at (0,0) width 74: "Hola hola 1"
      RenderBlock {P} at (0,50) size 82x18
        RenderText {#text} at (0,0) size 74x18
          text run at (0,0) width 74: "Hola hola 2"
      RenderBlock {P} at (0,84) size 82x18
        RenderText {#text} at (0,0) size 74x18
          text run at (0,0) width 74: "Hola hola 3"
      RenderBlock {P} at (0,118) size 82x18
        RenderText {#text} at (0,0) size 74x18
          text run at (0,0) width 74: "Hola hola 4"
      RenderBlock {P} at (0,152) size 82x18
        RenderText {#text} at (0,0) size 74x18
          text run at (0,0) width 74: "Hola hola 5"
      RenderBlock {P} at (0,186) size 82x18
        RenderText {#text} at (0,0) size 74x18
          text run at (0,0) width 74: "Hola hola 6"
      RenderBlock {P} at (0,220) size 82x18
        RenderText {#text} at (0,0) size 74x18
          text run at (0,0) width 74: "Hola hola 7"
      RenderBlock {P} at (0,254) size 82x18
        RenderText {#text} at (0,0) size 74x18
          text run at (0,0) width 74: "Hola hola 8"
      RenderBlock {P} at (0,288) size 82x18
        RenderText {#text} at (0,0) size 74x18
          text run at (0,0) width 74: "Hola hola 9"
      RenderBlock {P} at (0,322) size 82x18
        RenderText {#text} at (0,0) size 82x18
          text run at (0,0) width 82: "Hola hola 10"
      RenderBlock {P} at (0,356) size 82x18
        RenderText {#text} at (0,0) size 82x18
          text run at (0,0) width 82: "Hola hola 11"
    RenderBlock {DL} at (0,67) size 769x589
      RenderBlock {DT} at (0,0) size 769x18
        RenderText {#text} at (476,0) size 80x18
          text run at (476,0) width 80: "Report Bugs"
      RenderBlock {DD} at (40,34) size 729x288
        RenderBlock {P} at (0,0) size 729x288
          RenderText {#text} at (436,0) size 209x108
            text run at (436,0) width 189: "You've already downloaded a"
            text run at (436,18) width 209: "build. All you have to do is use it"
            text run at (436,36) width 17: "as "
            text run at (453,36) width 173: "your everyday browser and"
            text run at (436,54) width 153: "mail/news reader. If you"
            text run at (436,72) width 157: "downloaded a build with"
            text run at (436,90) width 67: "Talkback, "
          RenderInline {EM} at (0,0) size 102x18
            RenderText {#text} at (503,90) size 102x18
              text run at (503,90) width 44: "please "
              text run at (547,90) width 58: "turn it on"
          RenderText {#text} at (605,90) size 208x180
            text run at (605,90) width 39: " when"
            text run at (436,108) width 188: "it asks. Talkback reports give "
            text run at (624,108) width 14: "us"
            text run at (436,126) width 126: "really valuable data "
            text run at (562,126) width 59: "on which"
            text run at (436,144) width 205: "crashes are the most serious, and"
            text run at (436,162) width 32: "how "
            text run at (468,162) width 101: "often people are"
            text run at (436,180) width 86: "encountering "
            text run at (522,180) width 114: "them. And all you"
            text run at (436,198) width 164: "have to do is click \"OK\". "
            text run at (600,198) width 38: "If you"
            text run at (436,216) width 183: "find something you think is a"
            text run at (436,234) width 167: "bug, check to see if it's not"
            text run at (436,252) width 50: "already "
          RenderInline {A} at (0,0) size 83x18 [color=#0000EE]
            RenderText {#text} at (486,252) size 83x18
              text run at (486,252) width 83: "known about"
          RenderText {#text} at (569,252) size 283x36
            text run at (569,252) width 109: ", and then please "
            text run at (678,252) width 41: "follow"
            text run at (436,270) width 23: "the "
          RenderInline {A} at (0,0) size 165x18 [color=#0000EE]
            RenderText {#text} at (459,270) size 165x18
              text run at (459,270) width 165: "bug submission procedure"
          RenderText {#text} at (624,270) size 4x18
            text run at (624,270) width 4: "."
      RenderBlock (floating) {DIV} at (476,338) size 83x390 [bgcolor=#008000]
        RenderBlock {P} at (0,16) size 82x18
          RenderText {#text} at (0,0) size 74x18
            text run at (0,0) width 74: "Hola hola 1"
        RenderBlock {P} at (0,50) size 82x18
          RenderText {#text} at (0,0) size 74x18
            text run at (0,0) width 74: "Hola hola 2"
        RenderBlock {P} at (0,84) size 82x18
          RenderText {#text} at (0,0) size 74x18
            text run at (0,0) width 74: "Hola hola 3"
        RenderBlock {P} at (0,118) size 82x18
          RenderText {#text} at (0,0) size 74x18
            text run at (0,0) width 74: "Hola hola 4"
        RenderBlock {P} at (0,152) size 82x18
          RenderText {#text} at (0,0) size 74x18
            text run at (0,0) width 74: "Hola hola 5"
        RenderBlock {P} at (0,186) size 82x18
          RenderText {#text} at (0,0) size 74x18
            text run at (0,0) width 74: "Hola hola 6"
        RenderBlock {P} at (0,220) size 82x18
          RenderText {#text} at (0,0) size 74x18
            text run at (0,0) width 74: "Hola hola 7"
        RenderBlock {P} at (0,254) size 82x18
          RenderText {#text} at (0,0) size 74x18
            text run at (0,0) width 74: "Hola hola 8"
        RenderBlock {P} at (0,288) size 82x18
          RenderText {#text} at (0,0) size 74x18
            text run at (0,0) width 74: "Hola hola 9"
        RenderBlock {P} at (0,322) size 82x18
          RenderText {#text} at (0,0) size 82x18
            text run at (0,0) width 82: "Hola hola 10"
        RenderBlock {P} at (0,356) size 82x18
          RenderText {#text} at (0,0) size 82x18
            text run at (0,0) width 82: "Hola hola 11"
      RenderBlock {DT} at (0,338) size 769x18
        RenderText {#text} at (558,0) size 117x18
          text run at (558,0) width 117: "Quality Assurance"
      RenderBlock {DD} at (40,372) size 729x216
        RenderBlock {P} at (0,0) size 729x216
          RenderInline {A} at (0,0) size 76x18 [color=#0000EE]
            RenderText {#text} at (518,0) size 76x18
              text run at (518,0) width 76: "Mozilla QA"
          RenderText {#text} at (594,0) size 40x18
            text run at (594,0) width 4: " "
            text run at (598,0) width 36: "has a "
          RenderInline {A} at (0,0) size 30x18 [color=#0000EE]
            RenderText {#text} at (634,0) size 30x18
              text run at (634,0) width 30: "page"
          RenderText {#text} at (664,0) size 210x198
            text run at (664,0) width 4: " "
            text run at (668,0) width 60: "dedicated"
            text run at (518,18) width 179: "to ways to get involved with"
            text run at (518,36) width 182: "helping. This doesn't involve"
            text run at (518,54) width 201: "knowing how to code, although"
            text run at (518,72) width 193: "a little knowledge of HTML is"
            text run at (518,90) width 94: "helpful. Being "
            text run at (612,90) width 115: "involved with QA"
            text run at (518,108) width 14: "is "
            text run at (532,108) width 194: "good for people wanting to get"
            text run at (518,126) width 120: "more familiar with "
            text run at (638,126) width 79: "Mozilla, and"
            text run at (518,144) width 189: "there's a strong community. A"
            text run at (518,162) width 177: "particularly good way to get"
            text run at (518,180) width 59: "involved "
            text run at (577,180) width 77: "is to join the"
          RenderInline {A} at (0,0) size 73x18 [color=#0000EE]
            RenderText {#text} at (518,198) size 73x18
              text run at (518,198) width 73: "BugAThon"
          RenderText {#text} at (591,198) size 4x18
            text run at (591,198) width 4: "."
