layer at (0,0) size 800x600
  RenderView at (0,0) size 800x600
layer at (0,0) size 800x584
  RenderBlock {HTML} at (0,0) size 800x584
    RenderBody {BODY} at (8,16) size 784x560
      RenderBlock {P} at (0,0) size 784x18
        RenderText {#text} at (0,0) size 759x18
          text run at (0,0) width 759: "In the example below, the first float pushes content into region #2, and the second float pushes both floats into region #3."
      RenderBlock {DIV} at (0,34) size 784x526
        RenderRegion {DIV} at (0,0) size 402x102 [border: (1px solid #000000)]
        RenderRegion {DIV} at (0,102) size 302x122 [border: (1px solid #000000)]
        RenderRegion {DIV} at (0,224) size 402x302 [border: (1px solid #000000)]
Flow Threads
  Thread with flow-name 'flow1'
    layer at (0,0) size 400x520
      RenderNamedFlowThread at (0,0) size 400x520
        RenderBlock {DIV} at (0,0) size 400x537
          RenderBlock {DIV} at (5,5) size 390x527 [border: (1px solid #0000FF)]
            RenderBlock {DIV} at (11,11) size 368x505 [border: (1px solid #008000)]
              RenderBlock {P} at (1,17) size 366x349
                RenderImage {IMG} at (0,187) size 130x110 [bgcolor=#008000]
                RenderImage {IMG} at (236,187) size 130x130 [bgcolor=#FFFF00]
                RenderText {#text} at (130,187) size 352x162
                  text run at (130,187) width 106: "This line of text"
                  text run at (130,205) width 106: "should not get"
                  text run at (130,223) width 106: "out of the"
                  text run at (130,241) width 106: "region. This line"
                  text run at (130,259) width 106: "of text should"
                  text run at (130,277) width 106: "not get out of"
                  text run at (130,295) width 106: "the region. This"
                  text run at (0,313) width 236: "line of text should not get out of the"
                  text run at (0,331) width 352: "region. This line of text should not get out of the region."
              RenderBlock {P} at (1,382) size 366x72
                RenderText {#text} at (0,0) size 366x72
                  text run at (0,0) width 366: "This line of text should not get out of the region. This line"
                  text run at (0,18) width 366: "of text should not get out of the region. This line of text"
                  text run at (0,36) width 366: "should not get out of the region. This line of text should"
                  text run at (0,54) width 155: "not get out of the region."
              RenderBlock {P} at (1,470) size 366x18
                RenderText {#text} at (0,0) size 304x18
                  text run at (0,0) width 304: "This line of text should not get out of the region."
  Regions for flow 'flow1'
    RenderRegion {DIV} #region1
    RenderRegion {DIV} #region2
    RenderRegion {DIV} #region3
