layer at (0,0) size 800x600
  RenderView at (0,0) size 800x600
layer at (0,0) size 800x600
  RenderBlock {HTML} at (0,0) size 800x600
    RenderBody {BODY} at (8,8) size 784x584
      RenderBlock {DIV} at (0,0) size 20x0
        RenderBlock (anonymous) at (0,0) size 20x0
          RenderInline {A} at (0,0) size 0x0
            RenderText {#text} at (0,0) size 0x0
      RenderBlock (anonymous) at (0,0) size 784x0
        RenderInline {A} at (0,0) size 0x0
          RenderText {#text} at (0,0) size 0x0
layer at (8,8) size 20x0
  RenderBlock (relative positioned) {DIV} at (0,0) size 20x0
    RenderBlock (floating) {DIV} at (0,0) size 20x100
      RenderImage {IMG} at (0,0) size 20x100 [bgcolor=#C0C0C0]
    RenderBlock (anonymous) at (0,0) size 20x0
      RenderInline {A} at (0,0) size 0x0
        RenderText {#text} at (0,0) size 0x0
layer at (8,8) size 20x168
  RenderBlock (positioned) {DIV} at (0,0) size 20x168
    RenderBlock (anonymous) at (0,0) size 20x0
      RenderInline {A} at (0,0) size 0x0
    RenderBlock (anonymous) at (0,16) size 20x136
      RenderBlock {P} at (0,0) size 20x136
        RenderText {#text} at (0,2) size 11x131
          text run at (0,2) width 11: "A"
          text run at (0,36) width 10: "B"
          text run at (0,70) width 10: "C"
          text run at (0,104) width 10: "D"
    RenderBlock (anonymous) at (0,168) size 20x0
      RenderInline {A} at (0,0) size 0x0
