EDITING DELEGATE: shouldBeginEditingInDOMRange:range from 0 of DIV > BODY > HTML > #document to 3 of DIV > BODY > HTML > #document
EDITING DELEGATE: webViewDidBeginEditing:WebViewDidBeginEditingNotification
EDITING DELEGATE: webViewDidChangeSelection:WebViewDidChangeSelectionNotification
EDITING DELEGATE: webViewDidChangeSelection:WebViewDidChangeSelectionNotification
EDITING DELEGATE: webViewDidChangeSelection:WebViewDidChangeSelectionNotification
EDITING DELEGATE: webViewDidChangeSelection:WebViewDidChangeSelectionNotification
EDITING DELEGATE: shouldChangeSelectedDOMRange:range from 10 of #text > LI > UL > DIV > DIV > BODY > HTML > #document to 10 of #text > LI > UL > DIV > DIV > BODY > HTML > #document toDOMRange:range from 11 of #text > LI > UL > DIV > DIV > BODY > HTML > #document to 11 of #text > LI > UL > DIV > DIV > BODY > HTML > #document affinity:NSSelectionAffinityDownstream stillSelecting:FALSE
EDITING DELEGATE: webViewDidChangeSelection:WebViewDidChangeSelectionNotification
EDITING DELEGATE: webViewDidChange:WebViewDidChangeNotification
EDITING DELEGATE: shouldChangeSelectedDOMRange:range from 11 of #text > LI > UL > DIV > DIV > BODY > HTML > #document to 11 of #text > LI > UL > DIV > DIV > BODY > HTML > #document toDOMRange:range from 12 of #text > LI > UL > DIV > DIV > BODY > HTML > #document to 12 of #text > LI > UL > DIV > DIV > BODY > HTML > #document affinity:NSSelectionAffinityDownstream stillSelecting:FALSE
EDITING DELEGATE: webViewDidChangeSelection:WebViewDidChangeSelectionNotification
EDITING DELEGATE: webViewDidChange:WebViewDidChangeNotification
EDITING DELEGATE: shouldChangeSelectedDOMRange:range from 12 of #text > LI > UL > DIV > DIV > BODY > HTML > #document to 12 of #text > LI > UL > DIV > DIV > BODY > HTML > #document toDOMRange:range from 13 of #text > LI > UL > DIV > DIV > BODY > HTML > #document to 13 of #text > LI > UL > DIV > DIV > BODY > HTML > #document affinity:NSSelectionAffinityDownstream stillSelecting:FALSE
EDITING DELEGATE: webViewDidChangeSelection:WebViewDidChangeSelectionNotification
EDITING DELEGATE: webViewDidChange:WebViewDidChangeNotification
layer at (0,0) size 800x600
  RenderView at (0,0) size 800x600
layer at (0,0) size 800x600
  RenderBlock {HTML} at (0,0) size 800x600
    RenderBody {BODY} at (8,8) size 784x584
      RenderBlock {DIV} at (0,0) size 784x222 [border: (4px solid #0000FF)]
        RenderBlock {DIV} at (20,20) size 744x70
          RenderText {#text} at (0,0) size 67x28
            text run at (0,0) width 67: "Tests: "
          RenderBR {BR} at (0,0) size 0x0
          RenderText {#text} at (0,28) size 663x21
            text run at (0,28) width 663: "Our ability to \"edit around\" content the HTML editing code does not yet handle very well. "
          RenderBR {BR} at (663,45) size 0x0
          RenderInline {I} at (0,0) size 99x21
            RenderText {#text} at (0,49) size 99x21
              text run at (0,49) width 99: "For this test: "
          RenderText {#text} at (99,49) size 223x21
            text run at (99,49) width 223: "Test typing at the end of a list."
        RenderBlock (anonymous) at (20,90) size 744x21
          RenderBR {BR} at (0,0) size 0x21
        RenderBlock {DIV} at (20,111) size 744x91
          RenderText {#text} at (0,0) size 189x28
            text run at (0,0) width 189: "Expected Results: "
          RenderBR {BR} at (189,22) size 0x0
          RenderText {#text} at (0,28) size 709x42
            text run at (0,28) width 709: "The content in the red box must exactly match the content in the green box (except for the border"
            text run at (0,49) width 53: "color). "
          RenderBR {BR} at (53,66) size 0x0
          RenderInline {I} at (0,0) size 99x21
            RenderText {#text} at (0,70) size 99x21
              text run at (0,70) width 99: "For this test: "
          RenderText {#text} at (99,70) size 424x21
            text run at (99,70) width 424: "Typed text should appear after (on the line below) the list."
      RenderBlock {DIV} at (0,232) size 784x136 [border: (2px solid #008000)]
        RenderBlock {UL} at (2,26) size 780x84
          RenderListItem {LI} at (40,0) size 740x28
            RenderListMarker at (-22,0) size 9x28: bullet
            RenderText {#text} at (0,0) size 78x28
              text run at (0,0) width 78: "line one"
          RenderListItem {LI} at (40,28) size 740x28
            RenderListMarker at (-22,0) size 9x28: bullet
            RenderText {#text} at (0,0) size 79x28
              text run at (0,0) width 79: "line two"
          RenderListItem {LI} at (40,56) size 740x28
            RenderListMarker at (-22,0) size 9x28: bullet
            RenderText {#text} at (0,0) size 128x28
              text run at (0,0) width 128: "line threexxx"
      RenderBlock {DIV} at (0,378) size 784x136
        RenderBlock {DIV} at (0,0) size 784x136 [border: (2px solid #FF0000)]
          RenderBlock {UL} at (2,26) size 780x84
            RenderListItem {LI} at (40,0) size 740x28
              RenderListMarker at (-22,0) size 9x28: bullet
              RenderText {#text} at (0,0) size 78x28
                text run at (0,0) width 78: "line one"
            RenderListItem {LI} at (40,28) size 740x28
              RenderListMarker at (-22,0) size 9x28: bullet
              RenderText {#text} at (0,0) size 79x28
                text run at (0,0) width 79: "line two"
            RenderListItem {LI} at (40,56) size 740x28
              RenderListMarker at (-22,0) size 9x28: bullet
              RenderText {#text} at (0,0) size 128x28
                text run at (0,0) width 128: "line threexxx"
caret: position 13 of child 0 {#text} of child 5 {LI} of child 1 {UL} of child 1 {DIV} of child 5 {DIV} of body
