EDITING DELEGATE: shouldBeginEditingInDOMRange:range from 0 of DIV > BODY > HTML > #document to 3 of DIV > BODY > HTML > #document
EDITING DELEGATE: webViewDidBeginEditing:WebViewDidBeginEditingNotification
EDITING DELEGATE: webViewDidChangeSelection:WebViewDidChangeSelectionNotification
EDITING DELEGATE: shouldChangeSelectedDOMRange:range from 0 of DIV > BODY > HTML > #document to 0 of DIV > BODY > HTML > #document toDOMRange:range from 0 of #text > SPAN > DIV > BODY > HTML > #document to 562 of #text > P > SPAN > DIV > BODY > HTML > #document affinity:NSSelectionAffinityDownstream stillSelecting:FALSE
EDITING DELEGATE: webViewDidChangeSelection:WebViewDidChangeSelectionNotification
layer at (0,0) size 800x600
  RenderView at (0,0) size 800x600
layer at (0,0) size 800x600
  RenderBlock {HTML} at (0,0) size 800x600
    RenderBody {BODY} at (8,8) size 784x584
      RenderBlock {DIV} at (0,0) size 784x346 [border: (2px solid #FF0000)]
        RenderBlock (anonymous) at (14,14) size 756x54
          RenderInline {SPAN} at (0,0) size 756x53
            RenderText {#text} at (0,0) size 756x53
              text run at (0,0) width 756: "\"The quick brown fox jumps over the lazy dog\" uses every letter in the english"
              text run at (755,0) width 1: " "
              text run at (0,27) width 93: "language."
        RenderBlock (anonymous) at (14,92) size 756x216
          RenderBlock {P} at (0,0) size 756x216
            RenderText {#text} at (0,0) size 756x215
              text run at (0,0) width 458: "Here's to the crazy ones, the misfits, the rebels, "
              text run at (457,0) width 192: "the trouble makers, "
              text run at (648,0) width 92: "the round"
              text run at (739,0) width 7: " "
              text run at (0,27) width 242: "pegs in the square holes, "
              text run at (241,27) width 348: "the ones who see things differently. "
              text run at (588,27) width 144: "There not fond"
              text run at (731,27) width 7: " "
              text run at (0,54) width 506: "of rules, and they have no respect for the status quo, "
              text run at (505,54) width 189: "you can quote then,"
              text run at (0,81) width 195: "disagree with them, "
              text run at (194,81) width 216: "glorify or vilify them, "
              text run at (409,81) width 338: "about the only thing you can't do is"
              text run at (746,81) width 7: " "
              text run at (0,108) width 128: "ignore them. "
              text run at (127,108) width 279: "Because they change things. "
              text run at (405,108) width 342: "They push the human race forward."
              text run at (746,108) width 10: "  "
              text run at (0,135) width 477: "And while some may see them as the crazy ones, "
              text run at (476,135) width 146: "we see genius. "
              text run at (621,135) width 117: "Because the"
              text run at (737,135) width 7: " "
              text run at (0,162) width 626: "people who are crazy enough to think they can change the world "
              text run at (625,162) width 115: "are the ones"
              text run at (739,162) width 7: " "
              text run at (0,189) width 78: "who do."
        RenderBlock (anonymous) at (14,332) size 756x0
          RenderInline {SPAN} at (0,0) size 0x0
          RenderText {#text} at (0,0) size 0x0
selection start: position 0 of child 0 {#text} of child 1 {SPAN} of child 1 {DIV} of body
selection end:   position 562 of child 0 {#text} of child 1 {P} of child 1 {SPAN} of child 1 {DIV} of body
