layer at (0,0) size 785x1508
  RenderView at (0,0) size 785x600
layer at (0,0) size 785x1508
  RenderBlock {HTML} at (0,0) size 785x1508
    RenderBody {BODY} at (8,8) size 769x1492
      RenderTable {TABLE} at (0,0) size 609x358 [border: (1px outset #808080)]
        RenderTableSection {TBODY} at (1,1) size 607x356
          RenderTableRow {TR} at (0,2) size 607x32
            RenderTableCell {TH} at (2,2) size 603x32 [border: (1px inset #808080)] [r=0 c=0 rs=1 cs=6]
              RenderText {#text} at (226,6) size 151x19
                text run at (226,6) width 151: "text-align not specified"
          RenderTableRow {TR} at (0,36) size 607x32
            RenderTableCell {TH} at (2,53) size 99x32 [border: (1px inset #808080)] [r=1 c=0 rs=2 cs=2]
              RenderText {#text} at (47,6) size 5x19
                text run at (47,6) width 5: " "
            RenderTableCell {TH} at (103,36) size 502x32 [border: (1px inset #808080)] [r=1 c=2 rs=1 cs=4]
              RenderText {#text} at (181,6) size 140x19
                text run at (181,6) width 140: "-webkit-writing-mode"
          RenderTableRow {TR} at (0,70) size 607x32
            RenderTableCell {TH} at (103,70) size 124x32 [border: (1px inset #808080)] [r=2 c=2 rs=1 cs=1]
              RenderText {#text} at (20,6) size 84x19
                text run at (20,6) width 84: "horizontal-tb"
            RenderTableCell {TH} at (229,70) size 124x32 [border: (1px inset #808080)] [r=2 c=3 rs=1 cs=1]
              RenderText {#text} at (20,6) size 84x19
                text run at (20,6) width 84: "horizontal-bt"
            RenderTableCell {TH} at (355,70) size 124x32 [border: (1px inset #808080)] [r=2 c=4 rs=1 cs=1]
              RenderText {#text} at (29,6) size 66x19
                text run at (29,6) width 66: "vertical-lr"
            RenderTableCell {TH} at (481,70) size 124x32 [border: (1px inset #808080)] [r=2 c=5 rs=1 cs=1]
              RenderText {#text} at (29,6) size 66x19
                text run at (29,6) width 66: "vertical-rl"
          RenderTableRow {TR} at (0,104) size 607x124
            RenderTableCell {TH} at (2,213) size 70x32 [border: (1px inset #808080)] [r=3 c=0 rs=4 cs=1]
              RenderText {#text} at (6,6) size 58x19
                text run at (6,6) width 58: "direction"
            RenderTableCell {TH} at (74,150) size 27x32 [border: (1px inset #808080)] [r=3 c=1 rs=1 cs=1]
              RenderText {#text} at (6,6) size 15x19
                text run at (6,6) width 15: "ltr"
            RenderTableCell {TD} at (103,104) size 124x124 [border: (1px solid #000000)] [r=3 c=2 rs=1 cs=1]
              RenderBlock {DIV} at (2,2) size 120x120
                RenderDetails {DETAILS} at (0,0) size 120x20
                  RenderSummary {SUMMARY} at (0,0) size 120x20
                    RenderDetailsMarker {DIV} at (0,5) size 10x10: right
                    RenderText {#text} at (16,0) size 54x19
                      text run at (16,0) width 54: "summary"
                RenderDetails {DETAILS} at (0,20) size 120x20
                  RenderSummary {SUMMARY} at (0,0) size 120x20
                    RenderDetailsMarker {DIV} at (0,5) size 10x10: down
                    RenderText {#text} at (16,0) size 54x19
                      text run at (16,0) width 54: "summary"
            RenderTableCell {TD} at (229,104) size 124x124 [border: (1px solid #000000)] [r=3 c=3 rs=1 cs=1]
              RenderBlock {DIV} at (2,2) size 120x120
                RenderDetails {DETAILS} at (0,0) size 120x20
                  RenderSummary {SUMMARY} at (0,0) size 120x20
                    RenderDetailsMarker {DIV} at (0,4) size 10x10: right
                    RenderText {#text} at (16,0) size 54x19
                      text run at (16,0) width 54: "summary"
                RenderDetails {DETAILS} at (0,20) size 120x20
                  RenderSummary {SUMMARY} at (0,0) size 120x20
                    RenderDetailsMarker {DIV} at (0,4) size 10x10: up
                    RenderText {#text} at (16,0) size 54x19
                      text run at (16,0) width 54: "summary"
            RenderTableCell {TD} at (355,104) size 124x124 [border: (1px solid #000000)] [r=3 c=4 rs=1 cs=1]
              RenderBlock {DIV} at (2,2) size 120x120
                RenderDetails {DETAILS} at (0,0) size 21x120
                  RenderSummary {SUMMARY} at (0,0) size 21x120
                    RenderDetailsMarker {DIV} at (4,0) size 10x10: down
                    RenderText {#text} at (0,10) size 19x54
                      text run at (0,10) width 54: "summary"
                RenderDetails {DETAILS} at (21,0) size 21x120
                  RenderSummary {SUMMARY} at (0,0) size 21x120
                    RenderDetailsMarker {DIV} at (4,0) size 10x10: right
                    RenderText {#text} at (0,10) size 19x54
                      text run at (0,10) width 54: "summary"
            RenderTableCell {TD} at (481,104) size 124x124 [border: (1px solid #000000)] [r=3 c=5 rs=1 cs=1]
              RenderBlock {DIV} at (2,2) size 120x120
                RenderDetails {DETAILS} at (0,0) size 21x120
                  RenderSummary {SUMMARY} at (0,0) size 21x120
                    RenderDetailsMarker {DIV} at (6,0) size 10x10: down
                    RenderText {#text} at (1,10) size 19x54
                      text run at (1,10) width 54: "summary"
                RenderDetails {DETAILS} at (21,0) size 21x120
                  RenderSummary {SUMMARY} at (0,0) size 21x120
                    RenderDetailsMarker {DIV} at (6,0) size 10x10: left
                    RenderText {#text} at (1,10) size 19x54
                      text run at (1,10) width 54: "summary"
          RenderTableRow {TR} at (0,230) size 607x124
            RenderTableCell {TH} at (74,276) size 27x32 [border: (1px inset #808080)] [r=4 c=1 rs=1 cs=1]
              RenderText {#text} at (6,6) size 15x19
                text run at (6,6) width 15: "rtl"
            RenderTableCell {TD} at (103,230) size 124x124 [border: (1px solid #000000)] [r=4 c=2 rs=1 cs=1]
              RenderBlock {DIV} at (2,2) size 120x120
                RenderDetails {DETAILS} at (0,0) size 120x20
                  RenderSummary {SUMMARY} at (0,0) size 120x20
                    RenderDetailsMarker {DIV} at (104,5) size 10x10: left
                    RenderText {#text} at (50,0) size 54x19
                      text run at (50,0) width 54: "summary"
                RenderDetails {DETAILS} at (0,20) size 120x20
                  RenderSummary {SUMMARY} at (0,0) size 120x20
                    RenderDetailsMarker {DIV} at (104,5) size 10x10: down
                    RenderText {#text} at (50,0) size 54x19
                      text run at (50,0) width 54: "summary"
            RenderTableCell {TD} at (229,230) size 124x124 [border: (1px solid #000000)] [r=4 c=3 rs=1 cs=1]
              RenderBlock {DIV} at (2,2) size 120x120
                RenderDetails {DETAILS} at (0,0) size 120x20
                  RenderSummary {SUMMARY} at (0,0) size 120x20
                    RenderDetailsMarker {DIV} at (104,4) size 10x10: left
                    RenderText {#text} at (50,0) size 54x19
                      text run at (50,0) width 54: "summary"
                RenderDetails {DETAILS} at (0,20) size 120x20
                  RenderSummary {SUMMARY} at (0,0) size 120x20
                    RenderDetailsMarker {DIV} at (104,4) size 10x10: up
                    RenderText {#text} at (50,0) size 54x19
                      text run at (50,0) width 54: "summary"
            RenderTableCell {TD} at (355,230) size 124x124 [border: (1px solid #000000)] [r=4 c=4 rs=1 cs=1]
              RenderBlock {DIV} at (2,2) size 120x120
                RenderDetails {DETAILS} at (0,0) size 21x120
                  RenderSummary {SUMMARY} at (0,0) size 21x120
                    RenderDetailsMarker {DIV} at (4,110) size 10x10: up
                    RenderText {#text} at (0,56) size 19x54
                      text run at (0,56) width 54: "summary"
                RenderDetails {DETAILS} at (21,0) size 21x120
                  RenderSummary {SUMMARY} at (0,0) size 21x120
                    RenderDetailsMarker {DIV} at (4,110) size 10x10: right
                    RenderText {#text} at (0,56) size 19x54
                      text run at (0,56) width 54: "summary"
            RenderTableCell {TD} at (481,230) size 124x124 [border: (1px solid #000000)] [r=4 c=5 rs=1 cs=1]
              RenderBlock {DIV} at (2,2) size 120x120
                RenderDetails {DETAILS} at (0,0) size 21x120
                  RenderSummary {SUMMARY} at (0,0) size 21x120
                    RenderDetailsMarker {DIV} at (6,110) size 10x10: up
                    RenderText {#text} at (1,56) size 19x54
                      text run at (1,56) width 54: "summary"
                RenderDetails {DETAILS} at (21,0) size 21x120
                  RenderSummary {SUMMARY} at (0,0) size 21x120
                    RenderDetailsMarker {DIV} at (6,110) size 10x10: left
                    RenderText {#text} at (1,56) size 19x54
                      text run at (1,56) width 54: "summary"
      RenderBlock (anonymous) at (0,358) size 769x20
        RenderBR {BR} at (0,0) size 0x19
      RenderTable {TABLE} at (0,378) size 609x358 [border: (1px outset #808080)]
        RenderTableSection {TBODY} at (1,1) size 607x356
          RenderTableRow {TR} at (0,2) size 607x32
            RenderTableCell {TH} at (2,2) size 603x32 [border: (1px inset #808080)] [r=0 c=0 rs=1 cs=6]
              RenderText {#text} at (254,6) size 95x19
                text run at (254,6) width 95: "text-align: left"
          RenderTableRow {TR} at (0,36) size 607x32
            RenderTableCell {TH} at (2,53) size 99x32 [border: (1px inset #808080)] [r=1 c=0 rs=2 cs=2]
              RenderText {#text} at (47,6) size 5x19
                text run at (47,6) width 5: " "
            RenderTableCell {TH} at (103,36) size 502x32 [border: (1px inset #808080)] [r=1 c=2 rs=1 cs=4]
              RenderText {#text} at (181,6) size 140x19
                text run at (181,6) width 140: "-webkit-writing-mode"
          RenderTableRow {TR} at (0,70) size 607x32
            RenderTableCell {TH} at (103,70) size 124x32 [border: (1px inset #808080)] [r=2 c=2 rs=1 cs=1]
              RenderText {#text} at (20,6) size 84x19
                text run at (20,6) width 84: "horizontal-tb"
            RenderTableCell {TH} at (229,70) size 124x32 [border: (1px inset #808080)] [r=2 c=3 rs=1 cs=1]
              RenderText {#text} at (20,6) size 84x19
                text run at (20,6) width 84: "horizontal-bt"
            RenderTableCell {TH} at (355,70) size 124x32 [border: (1px inset #808080)] [r=2 c=4 rs=1 cs=1]
              RenderText {#text} at (29,6) size 66x19
                text run at (29,6) width 66: "vertical-lr"
            RenderTableCell {TH} at (481,70) size 124x32 [border: (1px inset #808080)] [r=2 c=5 rs=1 cs=1]
              RenderText {#text} at (29,6) size 66x19
                text run at (29,6) width 66: "vertical-rl"
          RenderTableRow {TR} at (0,104) size 607x124
            RenderTableCell {TH} at (2,213) size 70x32 [border: (1px inset #808080)] [r=3 c=0 rs=4 cs=1]
              RenderText {#text} at (6,6) size 58x19
                text run at (6,6) width 58: "direction"
            RenderTableCell {TH} at (74,150) size 27x32 [border: (1px inset #808080)] [r=3 c=1 rs=1 cs=1]
              RenderText {#text} at (6,6) size 15x19
                text run at (6,6) width 15: "ltr"
            RenderTableCell {TD} at (103,104) size 124x124 [border: (1px solid #000000)] [r=3 c=2 rs=1 cs=1]
              RenderBlock {DIV} at (2,2) size 120x120
                RenderDetails {DETAILS} at (0,0) size 120x20
                  RenderSummary {SUMMARY} at (0,0) size 120x20
                    RenderDetailsMarker {DIV} at (0,5) size 10x10: right
                    RenderText {#text} at (16,0) size 54x19
                      text run at (16,0) width 54: "summary"
                RenderDetails {DETAILS} at (0,20) size 120x20
                  RenderSummary {SUMMARY} at (0,0) size 120x20
                    RenderDetailsMarker {DIV} at (0,5) size 10x10: down
                    RenderText {#text} at (16,0) size 54x19
                      text run at (16,0) width 54: "summary"
            RenderTableCell {TD} at (229,104) size 124x124 [border: (1px solid #000000)] [r=3 c=3 rs=1 cs=1]
              RenderBlock {DIV} at (2,2) size 120x120
                RenderDetails {DETAILS} at (0,0) size 120x20
                  RenderSummary {SUMMARY} at (0,0) size 120x20
                    RenderDetailsMarker {DIV} at (0,4) size 10x10: right
                    RenderText {#text} at (16,0) size 54x19
                      text run at (16,0) width 54: "summary"
                RenderDetails {DETAILS} at (0,20) size 120x20
                  RenderSummary {SUMMARY} at (0,0) size 120x20
                    RenderDetailsMarker {DIV} at (0,4) size 10x10: up
                    RenderText {#text} at (16,0) size 54x19
                      text run at (16,0) width 54: "summary"
            RenderTableCell {TD} at (355,104) size 124x124 [border: (1px solid #000000)] [r=3 c=4 rs=1 cs=1]
              RenderBlock {DIV} at (2,2) size 120x120
                RenderDetails {DETAILS} at (0,0) size 21x120
                  RenderSummary {SUMMARY} at (0,0) size 21x120
                    RenderDetailsMarker {DIV} at (4,0) size 10x10: down
                    RenderText {#text} at (0,10) size 19x54
                      text run at (0,10) width 54: "summary"
                RenderDetails {DETAILS} at (21,0) size 21x120
                  RenderSummary {SUMMARY} at (0,0) size 21x120
                    RenderDetailsMarker {DIV} at (4,0) size 10x10: right
                    RenderText {#text} at (0,10) size 19x54
                      text run at (0,10) width 54: "summary"
            RenderTableCell {TD} at (481,104) size 124x124 [border: (1px solid #000000)] [r=3 c=5 rs=1 cs=1]
              RenderBlock {DIV} at (2,2) size 120x120
                RenderDetails {DETAILS} at (0,0) size 21x120
                  RenderSummary {SUMMARY} at (0,0) size 21x120
                    RenderDetailsMarker {DIV} at (6,0) size 10x10: down
                    RenderText {#text} at (1,10) size 19x54
                      text run at (1,10) width 54: "summary"
                RenderDetails {DETAILS} at (21,0) size 21x120
                  RenderSummary {SUMMARY} at (0,0) size 21x120
                    RenderDetailsMarker {DIV} at (6,0) size 10x10: left
                    RenderText {#text} at (1,10) size 19x54
                      text run at (1,10) width 54: "summary"
          RenderTableRow {TR} at (0,230) size 607x124
            RenderTableCell {TH} at (74,276) size 27x32 [border: (1px inset #808080)] [r=4 c=1 rs=1 cs=1]
              RenderText {#text} at (6,6) size 15x19
                text run at (6,6) width 15: "rtl"
            RenderTableCell {TD} at (103,230) size 124x124 [border: (1px solid #000000)] [r=4 c=2 rs=1 cs=1]
              RenderBlock {DIV} at (2,2) size 120x120
                RenderDetails {DETAILS} at (0,0) size 120x20
                  RenderSummary {SUMMARY} at (0,0) size 120x20
                    RenderDetailsMarker {DIV} at (54,5) size 10x10: left
                    RenderText {#text} at (0,0) size 54x19
                      text run at (0,0) width 54: "summary"
                RenderDetails {DETAILS} at (0,20) size 120x20
                  RenderSummary {SUMMARY} at (0,0) size 120x20
                    RenderDetailsMarker {DIV} at (54,5) size 10x10: down
                    RenderText {#text} at (0,0) size 54x19
                      text run at (0,0) width 54: "summary"
            RenderTableCell {TD} at (229,230) size 124x124 [border: (1px solid #000000)] [r=4 c=3 rs=1 cs=1]
              RenderBlock {DIV} at (2,2) size 120x120
                RenderDetails {DETAILS} at (0,0) size 120x20
                  RenderSummary {SUMMARY} at (0,0) size 120x20
                    RenderDetailsMarker {DIV} at (54,4) size 10x10: left
                    RenderText {#text} at (0,0) size 54x19
                      text run at (0,0) width 54: "summary"
                RenderDetails {DETAILS} at (0,20) size 120x20
                  RenderSummary {SUMMARY} at (0,0) size 120x20
                    RenderDetailsMarker {DIV} at (54,4) size 10x10: up
                    RenderText {#text} at (0,0) size 54x19
                      text run at (0,0) width 54: "summary"
            RenderTableCell {TD} at (355,230) size 124x124 [border: (1px solid #000000)] [r=4 c=4 rs=1 cs=1]
              RenderBlock {DIV} at (2,2) size 120x120
                RenderDetails {DETAILS} at (0,0) size 21x120
                  RenderSummary {SUMMARY} at (0,0) size 21x120
                    RenderDetailsMarker {DIV} at (4,54) size 10x10: up
                    RenderText {#text} at (0,0) size 19x54
                      text run at (0,0) width 54: "summary"
                RenderDetails {DETAILS} at (21,0) size 21x120
                  RenderSummary {SUMMARY} at (0,0) size 21x120
                    RenderDetailsMarker {DIV} at (4,54) size 10x10: right
                    RenderText {#text} at (0,0) size 19x54
                      text run at (0,0) width 54: "summary"
            RenderTableCell {TD} at (481,230) size 124x124 [border: (1px solid #000000)] [r=4 c=5 rs=1 cs=1]
              RenderBlock {DIV} at (2,2) size 120x120
                RenderDetails {DETAILS} at (0,0) size 21x120
                  RenderSummary {SUMMARY} at (0,0) size 21x120
                    RenderDetailsMarker {DIV} at (6,54) size 10x10: up
                    RenderText {#text} at (1,0) size 19x54
                      text run at (1,0) width 54: "summary"
                RenderDetails {DETAILS} at (21,0) size 21x120
                  RenderSummary {SUMMARY} at (0,0) size 21x120
                    RenderDetailsMarker {DIV} at (6,54) size 10x10: left
                    RenderText {#text} at (1,0) size 19x54
                      text run at (1,0) width 54: "summary"
      RenderBlock (anonymous) at (0,736) size 769x20
        RenderBR {BR} at (0,0) size 0x19
      RenderTable {TABLE} at (0,756) size 609x358 [border: (1px outset #808080)]
        RenderTableSection {TBODY} at (1,1) size 607x356
          RenderTableRow {TR} at (0,2) size 607x32
            RenderTableCell {TH} at (2,2) size 603x32 [border: (1px inset #808080)] [r=0 c=0 rs=1 cs=6]
              RenderText {#text} at (244,6) size 115x19
                text run at (244,6) width 115: "text-align: center"
          RenderTableRow {TR} at (0,36) size 607x32
            RenderTableCell {TH} at (2,53) size 99x32 [border: (1px inset #808080)] [r=1 c=0 rs=2 cs=2]
              RenderText {#text} at (47,6) size 5x19
                text run at (47,6) width 5: " "
            RenderTableCell {TH} at (103,36) size 502x32 [border: (1px inset #808080)] [r=1 c=2 rs=1 cs=4]
              RenderText {#text} at (181,6) size 140x19
                text run at (181,6) width 140: "-webkit-writing-mode"
          RenderTableRow {TR} at (0,70) size 607x32
            RenderTableCell {TH} at (103,70) size 124x32 [border: (1px inset #808080)] [r=2 c=2 rs=1 cs=1]
              RenderText {#text} at (20,6) size 84x19
                text run at (20,6) width 84: "horizontal-tb"
            RenderTableCell {TH} at (229,70) size 124x32 [border: (1px inset #808080)] [r=2 c=3 rs=1 cs=1]
              RenderText {#text} at (20,6) size 84x19
                text run at (20,6) width 84: "horizontal-bt"
            RenderTableCell {TH} at (355,70) size 124x32 [border: (1px inset #808080)] [r=2 c=4 rs=1 cs=1]
              RenderText {#text} at (29,6) size 66x19
                text run at (29,6) width 66: "vertical-lr"
            RenderTableCell {TH} at (481,70) size 124x32 [border: (1px inset #808080)] [r=2 c=5 rs=1 cs=1]
              RenderText {#text} at (29,6) size 66x19
                text run at (29,6) width 66: "vertical-rl"
          RenderTableRow {TR} at (0,104) size 607x124
            RenderTableCell {TH} at (2,213) size 70x32 [border: (1px inset #808080)] [r=3 c=0 rs=4 cs=1]
              RenderText {#text} at (6,6) size 58x19
                text run at (6,6) width 58: "direction"
            RenderTableCell {TH} at (74,150) size 27x32 [border: (1px inset #808080)] [r=3 c=1 rs=1 cs=1]
              RenderText {#text} at (6,6) size 15x19
                text run at (6,6) width 15: "ltr"
            RenderTableCell {TD} at (103,104) size 124x124 [border: (1px solid #000000)] [r=3 c=2 rs=1 cs=1]
              RenderBlock {DIV} at (2,2) size 120x120
                RenderDetails {DETAILS} at (0,0) size 120x20
                  RenderSummary {SUMMARY} at (0,0) size 120x20
                    RenderDetailsMarker {DIV} at (25,5) size 10x10: right
                    RenderText {#text} at (41,0) size 54x19
                      text run at (41,0) width 54: "summary"
                RenderDetails {DETAILS} at (0,20) size 120x20
                  RenderSummary {SUMMARY} at (0,0) size 120x20
                    RenderDetailsMarker {DIV} at (25,5) size 10x10: down
                    RenderText {#text} at (41,0) size 54x19
                      text run at (41,0) width 54: "summary"
            RenderTableCell {TD} at (229,104) size 124x124 [border: (1px solid #000000)] [r=3 c=3 rs=1 cs=1]
              RenderBlock {DIV} at (2,2) size 120x120
                RenderDetails {DETAILS} at (0,0) size 120x20
                  RenderSummary {SUMMARY} at (0,0) size 120x20
                    RenderDetailsMarker {DIV} at (25,4) size 10x10: right
                    RenderText {#text} at (41,0) size 54x19
                      text run at (41,0) width 54: "summary"
                RenderDetails {DETAILS} at (0,20) size 120x20
                  RenderSummary {SUMMARY} at (0,0) size 120x20
                    RenderDetailsMarker {DIV} at (25,4) size 10x10: up
                    RenderText {#text} at (41,0) size 54x19
                      text run at (41,0) width 54: "summary"
            RenderTableCell {TD} at (355,104) size 124x124 [border: (1px solid #000000)] [r=3 c=4 rs=1 cs=1]
              RenderBlock {DIV} at (2,2) size 120x120
                RenderDetails {DETAILS} at (0,0) size 21x120
                  RenderSummary {SUMMARY} at (0,0) size 21x120
                    RenderDetailsMarker {DIV} at (4,28) size 10x10: down
                    RenderText {#text} at (0,38) size 19x54
                      text run at (0,38) width 54: "summary"
                RenderDetails {DETAILS} at (21,0) size 21x120
                  RenderSummary {SUMMARY} at (0,0) size 21x120
                    RenderDetailsMarker {DIV} at (4,28) size 10x10: right
                    RenderText {#text} at (0,38) size 19x54
                      text run at (0,38) width 54: "summary"
            RenderTableCell {TD} at (481,104) size 124x124 [border: (1px solid #000000)] [r=3 c=5 rs=1 cs=1]
              RenderBlock {DIV} at (2,2) size 120x120
                RenderDetails {DETAILS} at (0,0) size 21x120
                  RenderSummary {SUMMARY} at (0,0) size 21x120
                    RenderDetailsMarker {DIV} at (6,28) size 10x10: down
                    RenderText {#text} at (1,38) size 19x54
                      text run at (1,38) width 54: "summary"
                RenderDetails {DETAILS} at (21,0) size 21x120
                  RenderSummary {SUMMARY} at (0,0) size 21x120
                    RenderDetailsMarker {DIV} at (6,28) size 10x10: left
                    RenderText {#text} at (1,38) size 19x54
                      text run at (1,38) width 54: "summary"
          RenderTableRow {TR} at (0,230) size 607x124
            RenderTableCell {TH} at (74,276) size 27x32 [border: (1px inset #808080)] [r=4 c=1 rs=1 cs=1]
              RenderText {#text} at (6,6) size 15x19
                text run at (6,6) width 15: "rtl"
            RenderTableCell {TD} at (103,230) size 124x124 [border: (1px solid #000000)] [r=4 c=2 rs=1 cs=1]
              RenderBlock {DIV} at (2,2) size 120x120
                RenderDetails {DETAILS} at (0,0) size 120x20
                  RenderSummary {SUMMARY} at (0,0) size 120x20
                    RenderDetailsMarker {DIV} at (79,5) size 10x10: left
                    RenderText {#text} at (25,0) size 54x19
                      text run at (25,0) width 54: "summary"
                RenderDetails {DETAILS} at (0,20) size 120x20
                  RenderSummary {SUMMARY} at (0,0) size 120x20
                    RenderDetailsMarker {DIV} at (79,5) size 10x10: down
                    RenderText {#text} at (25,0) size 54x19
                      text run at (25,0) width 54: "summary"
            RenderTableCell {TD} at (229,230) size 124x124 [border: (1px solid #000000)] [r=4 c=3 rs=1 cs=1]
              RenderBlock {DIV} at (2,2) size 120x120
                RenderDetails {DETAILS} at (0,0) size 120x20
                  RenderSummary {SUMMARY} at (0,0) size 120x20
                    RenderDetailsMarker {DIV} at (79,4) size 10x10: left
                    RenderText {#text} at (25,0) size 54x19
                      text run at (25,0) width 54: "summary"
                RenderDetails {DETAILS} at (0,20) size 120x20
                  RenderSummary {SUMMARY} at (0,0) size 120x20
                    RenderDetailsMarker {DIV} at (79,4) size 10x10: up
                    RenderText {#text} at (25,0) size 54x19
                      text run at (25,0) width 54: "summary"
            RenderTableCell {TD} at (355,230) size 124x124 [border: (1px solid #000000)] [r=4 c=4 rs=1 cs=1]
              RenderBlock {DIV} at (2,2) size 120x120
                RenderDetails {DETAILS} at (0,0) size 21x120
                  RenderSummary {SUMMARY} at (0,0) size 21x120
                    RenderDetailsMarker {DIV} at (4,82) size 10x10: up
                    RenderText {#text} at (0,28) size 19x54
                      text run at (0,28) width 54: "summary"
                RenderDetails {DETAILS} at (21,0) size 21x120
                  RenderSummary {SUMMARY} at (0,0) size 21x120
                    RenderDetailsMarker {DIV} at (4,82) size 10x10: right
                    RenderText {#text} at (0,28) size 19x54
                      text run at (0,28) width 54: "summary"
            RenderTableCell {TD} at (481,230) size 124x124 [border: (1px solid #000000)] [r=4 c=5 rs=1 cs=1]
              RenderBlock {DIV} at (2,2) size 120x120
                RenderDetails {DETAILS} at (0,0) size 21x120
                  RenderSummary {SUMMARY} at (0,0) size 21x120
                    RenderDetailsMarker {DIV} at (6,82) size 10x10: up
                    RenderText {#text} at (1,28) size 19x54
                      text run at (1,28) width 54: "summary"
                RenderDetails {DETAILS} at (21,0) size 21x120
                  RenderSummary {SUMMARY} at (0,0) size 21x120
                    RenderDetailsMarker {DIV} at (6,82) size 10x10: left
                    RenderText {#text} at (1,28) size 19x54
                      text run at (1,28) width 54: "summary"
      RenderBlock (anonymous) at (0,1114) size 769x20
        RenderBR {BR} at (0,0) size 0x19
      RenderTable {TABLE} at (0,1134) size 609x358 [border: (1px outset #808080)]
        RenderTableSection {TBODY} at (1,1) size 607x356
          RenderTableRow {TR} at (0,2) size 607x32
            RenderTableCell {TH} at (2,2) size 603x32 [border: (1px inset #808080)] [r=0 c=0 rs=1 cs=6]
              RenderText {#text} at (250,6) size 103x19
                text run at (250,6) width 103: "text-align: right"
          RenderTableRow {TR} at (0,36) size 607x32
            RenderTableCell {TH} at (2,53) size 99x32 [border: (1px inset #808080)] [r=1 c=0 rs=2 cs=2]
              RenderText {#text} at (47,6) size 5x19
                text run at (47,6) width 5: " "
            RenderTableCell {TH} at (103,36) size 502x32 [border: (1px inset #808080)] [r=1 c=2 rs=1 cs=4]
              RenderText {#text} at (181,6) size 140x19
                text run at (181,6) width 140: "-webkit-writing-mode"
          RenderTableRow {TR} at (0,70) size 607x32
            RenderTableCell {TH} at (103,70) size 124x32 [border: (1px inset #808080)] [r=2 c=2 rs=1 cs=1]
              RenderText {#text} at (20,6) size 84x19
                text run at (20,6) width 84: "horizontal-tb"
            RenderTableCell {TH} at (229,70) size 124x32 [border: (1px inset #808080)] [r=2 c=3 rs=1 cs=1]
              RenderText {#text} at (20,6) size 84x19
                text run at (20,6) width 84: "horizontal-bt"
            RenderTableCell {TH} at (355,70) size 124x32 [border: (1px inset #808080)] [r=2 c=4 rs=1 cs=1]
              RenderText {#text} at (29,6) size 66x19
                text run at (29,6) width 66: "vertical-lr"
            RenderTableCell {TH} at (481,70) size 124x32 [border: (1px inset #808080)] [r=2 c=5 rs=1 cs=1]
              RenderText {#text} at (29,6) size 66x19
                text run at (29,6) width 66: "vertical-rl"
          RenderTableRow {TR} at (0,104) size 607x124
            RenderTableCell {TH} at (2,213) size 70x32 [border: (1px inset #808080)] [r=3 c=0 rs=4 cs=1]
              RenderText {#text} at (6,6) size 58x19
                text run at (6,6) width 58: "direction"
            RenderTableCell {TH} at (74,150) size 27x32 [border: (1px inset #808080)] [r=3 c=1 rs=1 cs=1]
              RenderText {#text} at (6,6) size 15x19
                text run at (6,6) width 15: "ltr"
            RenderTableCell {TD} at (103,104) size 124x124 [border: (1px solid #000000)] [r=3 c=2 rs=1 cs=1]
              RenderBlock {DIV} at (2,2) size 120x120
                RenderDetails {DETAILS} at (0,0) size 120x20
                  RenderSummary {SUMMARY} at (0,0) size 120x20
                    RenderDetailsMarker {DIV} at (50,5) size 10x10: right
                    RenderText {#text} at (66,0) size 54x19
                      text run at (66,0) width 54: "summary"
                RenderDetails {DETAILS} at (0,20) size 120x20
                  RenderSummary {SUMMARY} at (0,0) size 120x20
                    RenderDetailsMarker {DIV} at (50,5) size 10x10: down
                    RenderText {#text} at (66,0) size 54x19
                      text run at (66,0) width 54: "summary"
            RenderTableCell {TD} at (229,104) size 124x124 [border: (1px solid #000000)] [r=3 c=3 rs=1 cs=1]
              RenderBlock {DIV} at (2,2) size 120x120
                RenderDetails {DETAILS} at (0,0) size 120x20
                  RenderSummary {SUMMARY} at (0,0) size 120x20
                    RenderDetailsMarker {DIV} at (50,4) size 10x10: right
                    RenderText {#text} at (66,0) size 54x19
                      text run at (66,0) width 54: "summary"
                RenderDetails {DETAILS} at (0,20) size 120x20
                  RenderSummary {SUMMARY} at (0,0) size 120x20
                    RenderDetailsMarker {DIV} at (50,4) size 10x10: up
                    RenderText {#text} at (66,0) size 54x19
                      text run at (66,0) width 54: "summary"
            RenderTableCell {TD} at (355,104) size 124x124 [border: (1px solid #000000)] [r=3 c=4 rs=1 cs=1]
              RenderBlock {DIV} at (2,2) size 120x120
                RenderDetails {DETAILS} at (0,0) size 21x120
                  RenderSummary {SUMMARY} at (0,0) size 21x120
                    RenderDetailsMarker {DIV} at (4,56) size 10x10: down
                    RenderText {#text} at (0,66) size 19x54
                      text run at (0,66) width 54: "summary"
                RenderDetails {DETAILS} at (21,0) size 21x120
                  RenderSummary {SUMMARY} at (0,0) size 21x120
                    RenderDetailsMarker {DIV} at (4,56) size 10x10: right
                    RenderText {#text} at (0,66) size 19x54
                      text run at (0,66) width 54: "summary"
            RenderTableCell {TD} at (481,104) size 124x124 [border: (1px solid #000000)] [r=3 c=5 rs=1 cs=1]
              RenderBlock {DIV} at (2,2) size 120x120
                RenderDetails {DETAILS} at (0,0) size 21x120
                  RenderSummary {SUMMARY} at (0,0) size 21x120
                    RenderDetailsMarker {DIV} at (6,56) size 10x10: down
                    RenderText {#text} at (1,66) size 19x54
                      text run at (1,66) width 54: "summary"
                RenderDetails {DETAILS} at (21,0) size 21x120
                  RenderSummary {SUMMARY} at (0,0) size 21x120
                    RenderDetailsMarker {DIV} at (6,56) size 10x10: left
                    RenderText {#text} at (1,66) size 19x54
                      text run at (1,66) width 54: "summary"
          RenderTableRow {TR} at (0,230) size 607x124
            RenderTableCell {TH} at (74,276) size 27x32 [border: (1px inset #808080)] [r=4 c=1 rs=1 cs=1]
              RenderText {#text} at (6,6) size 15x19
                text run at (6,6) width 15: "rtl"
            RenderTableCell {TD} at (103,230) size 124x124 [border: (1px solid #000000)] [r=4 c=2 rs=1 cs=1]
              RenderBlock {DIV} at (2,2) size 120x120
                RenderDetails {DETAILS} at (0,0) size 120x20
                  RenderSummary {SUMMARY} at (0,0) size 120x20
                    RenderDetailsMarker {DIV} at (104,5) size 10x10: left
                    RenderText {#text} at (50,0) size 54x19
                      text run at (50,0) width 54: "summary"
                RenderDetails {DETAILS} at (0,20) size 120x20
                  RenderSummary {SUMMARY} at (0,0) size 120x20
                    RenderDetailsMarker {DIV} at (104,5) size 10x10: down
                    RenderText {#text} at (50,0) size 54x19
                      text run at (50,0) width 54: "summary"
            RenderTableCell {TD} at (229,230) size 124x124 [border: (1px solid #000000)] [r=4 c=3 rs=1 cs=1]
              RenderBlock {DIV} at (2,2) size 120x120
                RenderDetails {DETAILS} at (0,0) size 120x20
                  RenderSummary {SUMMARY} at (0,0) size 120x20
                    RenderDetailsMarker {DIV} at (104,4) size 10x10: left
                    RenderText {#text} at (50,0) size 54x19
                      text run at (50,0) width 54: "summary"
                RenderDetails {DETAILS} at (0,20) size 120x20
                  RenderSummary {SUMMARY} at (0,0) size 120x20
                    RenderDetailsMarker {DIV} at (104,4) size 10x10: up
                    RenderText {#text} at (50,0) size 54x19
                      text run at (50,0) width 54: "summary"
            RenderTableCell {TD} at (355,230) size 124x124 [border: (1px solid #000000)] [r=4 c=4 rs=1 cs=1]
              RenderBlock {DIV} at (2,2) size 120x120
                RenderDetails {DETAILS} at (0,0) size 21x120
                  RenderSummary {SUMMARY} at (0,0) size 21x120
                    RenderDetailsMarker {DIV} at (4,110) size 10x10: up
                    RenderText {#text} at (0,56) size 19x54
                      text run at (0,56) width 54: "summary"
                RenderDetails {DETAILS} at (21,0) size 21x120
                  RenderSummary {SUMMARY} at (0,0) size 21x120
                    RenderDetailsMarker {DIV} at (4,110) size 10x10: right
                    RenderText {#text} at (0,56) size 19x54
                      text run at (0,56) width 54: "summary"
            RenderTableCell {TD} at (481,230) size 124x124 [border: (1px solid #000000)] [r=4 c=5 rs=1 cs=1]
              RenderBlock {DIV} at (2,2) size 120x120
                RenderDetails {DETAILS} at (0,0) size 21x120
                  RenderSummary {SUMMARY} at (0,0) size 21x120
                    RenderDetailsMarker {DIV} at (6,110) size 10x10: up
                    RenderText {#text} at (1,56) size 19x54
                      text run at (1,56) width 54: "summary"
                RenderDetails {DETAILS} at (21,0) size 21x120
                  RenderSummary {SUMMARY} at (0,0) size 21x120
                    RenderDetailsMarker {DIV} at (6,110) size 10x10: left
                    RenderText {#text} at (1,56) size 19x54
                      text run at (1,56) width 54: "summary"
