layer at (0,0) size 800x600
  RenderView at (0,0) size 800x600
layer at (0,0) size 800x600
  RenderBlock {HTML} at (0,0) size 800x600
    RenderBody {BODY} at (8,8) size 784x584
      RenderDetails {DETAILS} at (0,0) size 784x144 [border: (8px solid #555599)]
        RenderSummary {SUMMARY} at (8,8) size 768x36 [border: (8px solid #9999CC)]
          RenderDetailsMarker {DIV} at (8,13) size 10x10: down
          RenderText {#text} at (24,8) size 58x19
            text run at (24,8) width 4: " "
            text run at (28,8) width 54: "summary"
        RenderBlock (anonymous) at (8,44) size 768x0
        RenderDetails {DETAILS} at (8,44) size 768x72 [border: (8px solid #995555)]
          RenderSummary {SUMMARY} at (8,8) size 752x36 [border: (8px solid #CC9999)]
            RenderDetailsMarker {DIV} at (8,13) size 10x10: down
            RenderText {#text} at (24,8) size 253x19
              text run at (24,8) width 4: " "
              text run at (28,8) width 249: "nested summary (details-deails-summary)"
          RenderBlock (anonymous) at (8,44) size 752x20
            RenderText {#text} at (0,0) size 173x19
              text run at (0,0) width 173: "nested details (details-deails)"
        RenderBlock (anonymous) at (8,116) size 768x20
          RenderText {#text} at (0,0) size 38x19
            text run at (0,0) width 38: "details"
