layer at (0,0) size 800x600
  RenderView at (0,0) size 800x600
layer at (0,0) size 800x600
  RenderBlock {HTML} at (0,0) size 800x600
    RenderBody {BODY} at (8,8) size 784x584
      RenderDetails {DETAILS} at (0,0) size 784x20
        RenderSummary {SUMMARY} at (0,0) size 784x20
          RenderDetailsMarker {DIV} at (0,5) size 10x10: down
          RenderText {#text} at (16,0) size 58x19
            text run at (16,0) width 58: "summary "
          RenderInline {SPAN} at (0,0) size 171x19
            RenderText {#text} at (74,0) size 171x19
              text run at (74,0) width 171: "shouldn't have any bold text."
