layer at (0,0) size 800x600
  RenderView at (0,0) size 800x600
layer at (0,0) size 800x600
  RenderBlock {HTML} at (0,0) size 800x600
    RenderBody {BODY} at (8,8) size 784x584
      RenderDetails {DETAILS} at (0,0) size 784x46
        RenderSummary {SUMMARY} at (0,0) size 784x20
          RenderDetailsMarker {DIV} at (0,5) size 10x10: down
          RenderText {#text} at (16,0) size 46x19
            text run at (16,0) width 46: "details1"
        RenderBlock (anonymous) at (0,20) size 784x26
          RenderTextControl {INPUT} at (2,2) size 155x22 [bgcolor=#FFFFFF] [border: (2px inset #000000)]
      RenderDetails {DETAILS} at (0,46) size 784x20
        RenderSummary {SUMMARY} at (0,0) size 784x20
          RenderDetailsMarker {DIV} at (0,5) size 10x10: right
          RenderText {#text} at (16,0) size 46x19
            text run at (16,0) width 46: "details2"
layer at (12,33) size 151x16
  RenderBlock {DIV} at (2,3) size 151x16
