layer at (0,0) size 800x600
  RenderView at (0,0) size 800x600
layer at (0,0) size 800x372
  RenderBlock {HTML} at (0,0) size 800x372
    RenderBody {BODY} at (8,8) size 784x356
      RenderBlock (anonymous) at (0,0) size 784x76
        RenderText {#text} at (0,0) size 515x19
          text run at (0,0) width 515: "Tests for basic button rendering. Creates a table with seven columns and seven rows. "
        RenderBR {BR} at (515,0) size 0x19
        RenderText {#text} at (0,19) size 491x19
          text run at (0,19) width 491: "Creates two different types of buttons, one with an image (a red dot) and another "
        RenderBR {BR} at (491,19) size 0x19
        RenderText {#text} at (0,38) size 617x19
          text run at (0,38) width 617: "with text (\"foo\") and then uses six different paddings to make sure each of the buttons render properly. "
        RenderBR {BR} at (617,38) size 0x19
        RenderBR {BR} at (0,57) size 0x19
      RenderTable {TABLE} at (0,76) size 655x280
        RenderTableSection {TBODY} at (0,0) size 655x280
          RenderTableRow {TR} at (0,0) size 655x21
            RenderTableCell {TD} at (0,0) size 161x21 [r=0 c=0 rs=1 cs=1]
              RenderText {#text} at (1,1) size 37x19
                text run at (1,1) width 37: "styling"
            RenderTableCell {TD} at (161,0) size 58x21 [r=0 c=1 rs=1 cs=1]
              RenderText {#text} at (1,1) size 56x19
                text run at (1,1) width 56: "<button>"
            RenderTableCell {TD} at (219,0) size 150x21 [r=0 c=2 rs=1 cs=1]
              RenderText {#text} at (1,1) size 148x19
                text run at (1,1) width 148: "(offsetH,W) (clientH,W)"
            RenderTableCell {TD} at (369,0) size 126x21 [r=0 c=3 rs=1 cs=1]
              RenderText {#text} at (1,1) size 124x19
                text run at (1,1) width 124: "<input type=button>"
            RenderTableCell {TD} at (495,0) size 160x21 [r=0 c=4 rs=1 cs=1]
              RenderText {#text} at (1,1) size 158x19
                text run at (1,1) width 158: "(offsetH,W) (clientH, -W)"
          RenderTableRow {TR} at (0,21) size 655x37
            RenderTableCell {TD} at (0,29) size 161x21 [r=1 c=0 rs=1 cs=1]
              RenderText {#text} at (1,1) size 50x19
                text run at (1,1) width 50: "(default)"
            RenderTableCell {TD} at (161,21) size 58x37 [r=1 c=1 rs=1 cs=1]
              RenderButton {BUTTON} at (3,3) size 22x31 [bgcolor=#C0C0C0]
                RenderBlock (anonymous) at (6,6) size 10x19
                  RenderImage {IMG} at (0,5) size 10x10
            RenderTableCell {TD} at (219,29) size 150x21 [r=1 c=2 rs=1 cs=1]
              RenderText {#text} at (1,1) size 104x19
                text run at (1,1) width 104: "(31, 12) (31, 12)"
            RenderTableCell {TD} at (369,21) size 126x37 [r=1 c=3 rs=1 cs=1]
              RenderButton {INPUT} at (3,3) size 32x31 [bgcolor=#C0C0C0]
                RenderBlock (anonymous) at (6,6) size 20x19
                  RenderText at (0,0) size 20x19
                    text run at (0,0) width 20: "foo"
            RenderTableCell {TD} at (495,29) size 160x21 [r=1 c=4 rs=1 cs=1]
              RenderText {#text} at (1,1) size 104x19
                text run at (1,1) width 104: "(31, 32) (31, 32)"
          RenderTableRow {TR} at (0,58) size 655x37
            RenderTableCell {TD} at (0,66) size 161x21 [r=2 c=0 rs=1 cs=1]
              RenderText {#text} at (1,1) size 63x19
                text run at (1,1) width 63: "padding: 0"
            RenderTableCell {TD} at (161,58) size 58x37 [r=2 c=1 rs=1 cs=1]
              RenderButton {BUTTON} at (3,3) size 22x31 [bgcolor=#C0C0C0]
                RenderBlock (anonymous) at (6,6) size 10x19
                  RenderImage {IMG} at (0,5) size 10x10
            RenderTableCell {TD} at (219,66) size 150x21 [r=2 c=2 rs=1 cs=1]
              RenderText {#text} at (1,1) size 104x19
                text run at (1,1) width 104: "(31, 12) (31, 12)"
            RenderTableCell {TD} at (369,58) size 126x37 [r=2 c=3 rs=1 cs=1]
              RenderButton {INPUT} at (3,3) size 32x31 [bgcolor=#C0C0C0]
                RenderBlock (anonymous) at (6,6) size 20x19
                  RenderText at (0,0) size 20x19
                    text run at (0,0) width 20: "foo"
            RenderTableCell {TD} at (495,66) size 160x21 [r=2 c=4 rs=1 cs=1]
              RenderText {#text} at (1,1) size 104x19
                text run at (1,1) width 104: "(31, 32) (31, 32)"
          RenderTableRow {TR} at (0,95) size 655x37
            RenderTableCell {TD} at (0,103) size 161x21 [r=3 c=0 rs=1 cs=1]
              RenderText {#text} at (1,1) size 84x19
                text run at (1,1) width 84: "padding: 10%"
            RenderTableCell {TD} at (161,95) size 58x37 [r=3 c=1 rs=1 cs=1]
              RenderButton {BUTTON} at (3,3) size 22x31 [bgcolor=#C0C0C0]
                RenderBlock (anonymous) at (6,6) size 10x19
                  RenderImage {IMG} at (0,5) size 10x10
            RenderTableCell {TD} at (219,103) size 150x21 [r=3 c=2 rs=1 cs=1]
              RenderText {#text} at (1,1) size 104x19
                text run at (1,1) width 104: "(31, 12) (31, 12)"
            RenderTableCell {TD} at (369,95) size 126x37 [r=3 c=3 rs=1 cs=1]
              RenderButton {INPUT} at (3,3) size 32x31 [bgcolor=#C0C0C0]
                RenderBlock (anonymous) at (6,6) size 20x19
                  RenderText at (0,0) size 20x19
                    text run at (0,0) width 20: "foo"
            RenderTableCell {TD} at (495,103) size 160x21 [r=3 c=4 rs=1 cs=1]
              RenderText {#text} at (1,1) size 104x19
                text run at (1,1) width 104: "(31, 32) (31, 32)"
          RenderTableRow {TR} at (0,132) size 655x37
            RenderTableCell {TD} at (0,140) size 161x21 [r=4 c=0 rs=1 cs=1]
              RenderText {#text} at (1,1) size 78x19
                text run at (1,1) width 78: "padding: 2px"
            RenderTableCell {TD} at (161,132) size 58x37 [r=4 c=1 rs=1 cs=1]
              RenderButton {BUTTON} at (3,3) size 22x31 [bgcolor=#C0C0C0]
                RenderBlock (anonymous) at (6,6) size 10x19
                  RenderImage {IMG} at (0,5) size 10x10
            RenderTableCell {TD} at (219,140) size 150x21 [r=4 c=2 rs=1 cs=1]
              RenderText {#text} at (1,1) size 104x19
                text run at (1,1) width 104: "(31, 12) (31, 12)"
            RenderTableCell {TD} at (369,132) size 126x37 [r=4 c=3 rs=1 cs=1]
              RenderButton {INPUT} at (3,3) size 32x31 [bgcolor=#C0C0C0]
                RenderBlock (anonymous) at (6,6) size 20x19
                  RenderText at (0,0) size 20x19
                    text run at (0,0) width 20: "foo"
            RenderTableCell {TD} at (495,140) size 160x21 [r=4 c=4 rs=1 cs=1]
              RenderText {#text} at (1,1) size 104x19
                text run at (1,1) width 104: "(31, 32) (31, 32)"
          RenderTableRow {TR} at (0,169) size 655x37
            RenderTableCell {TD} at (0,177) size 161x21 [r=5 c=0 rs=1 cs=1]
              RenderText {#text} at (1,1) size 159x19
                text run at (1,1) width 159: "padding: 2px 6px 3px 6px"
            RenderTableCell {TD} at (161,169) size 58x37 [r=5 c=1 rs=1 cs=1]
              RenderButton {BUTTON} at (3,3) size 22x31 [bgcolor=#C0C0C0]
                RenderBlock (anonymous) at (6,6) size 10x19
                  RenderImage {IMG} at (0,5) size 10x10
            RenderTableCell {TD} at (219,177) size 150x21 [r=5 c=2 rs=1 cs=1]
              RenderText {#text} at (1,1) size 104x19
                text run at (1,1) width 104: "(31, 12) (31, 12)"
            RenderTableCell {TD} at (369,169) size 126x37 [r=5 c=3 rs=1 cs=1]
              RenderButton {INPUT} at (3,3) size 32x31 [bgcolor=#C0C0C0]
                RenderBlock (anonymous) at (6,6) size 20x19
                  RenderText at (0,0) size 20x19
                    text run at (0,0) width 20: "foo"
            RenderTableCell {TD} at (495,177) size 160x21 [r=5 c=4 rs=1 cs=1]
              RenderText {#text} at (1,1) size 104x19
                text run at (1,1) width 104: "(31, 32) (31, 32)"
          RenderTableRow {TR} at (0,206) size 655x37
            RenderTableCell {TD} at (0,214) size 161x21 [r=6 c=0 rs=1 cs=1]
              RenderText {#text} at (1,1) size 105x19
                text run at (1,1) width 105: "padding: 3px 7px"
            RenderTableCell {TD} at (161,206) size 58x37 [r=6 c=1 rs=1 cs=1]
              RenderButton {BUTTON} at (3,3) size 22x31 [bgcolor=#C0C0C0]
                RenderBlock (anonymous) at (6,6) size 10x19
                  RenderImage {IMG} at (0,5) size 10x10
            RenderTableCell {TD} at (219,214) size 150x21 [r=6 c=2 rs=1 cs=1]
              RenderText {#text} at (1,1) size 104x19
                text run at (1,1) width 104: "(31, 12) (31, 12)"
            RenderTableCell {TD} at (369,206) size 126x37 [r=6 c=3 rs=1 cs=1]
              RenderButton {INPUT} at (3,3) size 32x31 [bgcolor=#C0C0C0]
                RenderBlock (anonymous) at (6,6) size 20x19
                  RenderText at (0,0) size 20x19
                    text run at (0,0) width 20: "foo"
            RenderTableCell {TD} at (495,214) size 160x21 [r=6 c=4 rs=1 cs=1]
              RenderText {#text} at (1,1) size 104x19
                text run at (1,1) width 104: "(31, 32) (31, 32)"
          RenderTableRow {TR} at (0,243) size 655x37
            RenderTableCell {TD} at (0,251) size 161x21 [r=7 c=0 rs=1 cs=1]
              RenderText {#text} at (1,1) size 86x19
                text run at (1,1) width 86: "padding: 20px"
            RenderTableCell {TD} at (161,243) size 58x37 [r=7 c=1 rs=1 cs=1]
              RenderButton {BUTTON} at (3,3) size 22x31 [bgcolor=#C0C0C0]
                RenderBlock (anonymous) at (6,6) size 10x19
                  RenderImage {IMG} at (0,5) size 10x10
            RenderTableCell {TD} at (219,251) size 150x21 [r=7 c=2 rs=1 cs=1]
              RenderText {#text} at (1,1) size 104x19
                text run at (1,1) width 104: "(31, 12) (31, 12)"
            RenderTableCell {TD} at (369,243) size 126x37 [r=7 c=3 rs=1 cs=1]
              RenderButton {INPUT} at (3,3) size 32x31 [bgcolor=#C0C0C0]
                RenderBlock (anonymous) at (6,6) size 20x19
                  RenderText at (0,0) size 20x19
                    text run at (0,0) width 20: "foo"
            RenderTableCell {TD} at (495,251) size 160x21 [r=7 c=4 rs=1 cs=1]
              RenderText {#text} at (1,1) size 104x19
                text run at (1,1) width 104: "(31, 32) (31, 32)"
