layer at (0,0) size 784x1084
  RenderView at (0,0) size 784x600
layer at (0,0) size 784x1084
  RenderBlock {HTML} at (0,0) size 784x1084
    RenderBody {BODY} at (8,8) size 768x584
      RenderBlock (floating) {DIV} at (0,0) size 352x956 [border: (1px solid #FF0000)]
        RenderBlock (anonymous) at (1,1) size 350x14
          RenderText {#text} at (0,-2) size 196x18
            text run at (0,-2) width 196: "Plain textarea with little content"
        RenderBlock {DIV} at (1,15) size 352x48 [border: (1px solid #FF0000)]
          RenderText {#text} at (1,31) size 13x18
            text run at (1,31) width 13: "A "
          RenderText {#text} at (198,31) size 13x18
            text run at (198,31) width 13: " B"
        RenderBlock (anonymous) at (1,63) size 350x14
          RenderText {#text} at (0,-2) size 87x18
            text run at (0,-2) width 87: "Plain textarea"
        RenderBlock {DIV} at (1,77) size 352x48 [border: (1px solid #FF0000)]
          RenderText {#text} at (1,31) size 13x18
            text run at (1,31) width 13: "A "
          RenderText {#text} at (198,31) size 13x18
            text run at (198,31) width 13: " B"
        RenderBlock (anonymous) at (1,125) size 350x14
          RenderText {#text} at (0,-2) size 111x18
            text run at (0,-2) width 111: "Disabled textarea"
        RenderBlock {DIV} at (1,139) size 352x48 [border: (1px solid #FF0000)]
          RenderText {#text} at (1,31) size 13x18
            text run at (1,31) width 13: "A "
          RenderText {#text} at (198,31) size 13x18
            text run at (198,31) width 13: " B"
        RenderBlock (anonymous) at (1,187) size 350x14
          RenderText {#text} at (0,-2) size 133x18
            text run at (0,-2) width 133: "style=\"padding:10px\""
        RenderBlock {DIV} at (1,201) size 352x48 [border: (1px solid #FF0000)]
          RenderText {#text} at (1,31) size 13x18
            text run at (1,31) width 13: "A "
          RenderText {#text} at (198,31) size 13x18
            text run at (198,31) width 13: " B"
        RenderBlock (anonymous) at (1,249) size 350x14
          RenderText {#text} at (0,-2) size 125x18
            text run at (0,-2) width 125: "style=\"padding:0px\""
        RenderBlock {DIV} at (1,263) size 352x48 [border: (1px solid #FF0000)]
          RenderText {#text} at (1,31) size 13x18
            text run at (1,31) width 13: "A "
          RenderText {#text} at (198,31) size 13x18
            text run at (198,31) width 13: " B"
        RenderBlock (anonymous) at (1,311) size 350x14
          RenderText {#text} at (0,-2) size 126x18
            text run at (0,-2) width 126: "style=\"margin:10px\""
        RenderBlock {DIV} at (1,325) size 352x64 [border: (1px solid #FF0000)]
          RenderText {#text} at (1,47) size 13x18
            text run at (1,47) width 13: "A "
          RenderText {#text} at (214,47) size 13x18
            text run at (214,47) width 13: " B"
        RenderBlock (anonymous) at (1,389) size 350x14
          RenderText {#text} at (0,-2) size 118x18
            text run at (0,-2) width 118: "style=\"margin:0px\""
        RenderBlock {DIV} at (1,403) size 352x44 [border: (1px solid #FF0000)]
          RenderText {#text} at (1,27) size 13x18
            text run at (1,27) width 13: "A "
          RenderText {#text} at (194,27) size 13x18
            text run at (194,27) width 13: " B"
        RenderBlock (anonymous) at (1,447) size 350x14
          RenderText {#text} at (0,-2) size 41x18
            text run at (0,-2) width 41: "cols=3"
        RenderBlock {DIV} at (1,461) size 352x48 [border: (1px solid #FF0000)]
          RenderText {#text} at (1,31) size 13x18
            text run at (1,31) width 13: "A "
          RenderText {#text} at (62,31) size 13x18
            text run at (62,31) width 13: " B"
        RenderBlock (anonymous) at (1,509) size 350x14
          RenderText {#text} at (0,-2) size 46x18
            text run at (0,-2) width 46: "rows=3"
        RenderBlock {DIV} at (1,523) size 352x66 [border: (1px solid #FF0000)]
          RenderText {#text} at (1,49) size 13x18
            text run at (1,49) width 13: "A "
          RenderText {#text} at (198,49) size 13x18
            text run at (198,49) width 13: " B"
        RenderBlock (anonymous) at (1,589) size 350x14
          RenderText {#text} at (0,-2) size 49x18
            text run at (0,-2) width 49: "cols=10"
        RenderBlock {DIV} at (1,603) size 352x48 [border: (1px solid #FF0000)]
          RenderText {#text} at (1,31) size 13x18
            text run at (1,31) width 13: "A "
          RenderText {#text} at (118,31) size 13x18
            text run at (118,31) width 13: " B"
        RenderBlock (anonymous) at (1,651) size 350x14
          RenderText {#text} at (0,-2) size 54x18
            text run at (0,-2) width 54: "rows=10"
        RenderBlock {DIV} at (1,665) size 352x192 [border: (1px solid #FF0000)]
          RenderText {#text} at (1,175) size 13x18
            text run at (1,175) width 13: "A "
          RenderText {#text} at (198,175) size 13x18
            text run at (198,175) width 13: " B"
        RenderBlock (anonymous) at (1,857) size 350x14
          RenderText {#text} at (0,-2) size 91x18
            text run at (0,-2) width 91: "cols=5 rows=4"
        RenderBlock {DIV} at (1,871) size 352x84 [border: (1px solid #FF0000)]
          RenderText {#text} at (1,67) size 13x18
            text run at (1,67) width 13: "A "
          RenderText {#text} at (78,67) size 13x18
            text run at (78,67) width 13: " B"
      RenderBlock (floating) {DIV} at (352,0) size 352x1076 [border: (1px solid #FF0000)]
        RenderBlock (anonymous) at (1,1) size 350x14
          RenderText {#text} at (0,-2) size 115x18
            text run at (0,-2) width 115: "style=\"width:60px\""
        RenderBlock {DIV} at (1,15) size 352x48 [border: (1px solid #FF0000)]
          RenderText {#text} at (1,31) size 13x18
            text run at (1,31) width 13: "A "
          RenderText {#text} at (74,31) size 13x18
            text run at (74,31) width 13: " B"
        RenderBlock (anonymous) at (1,63) size 350x14
          RenderText {#text} at (0,-2) size 205x18
            text run at (0,-2) width 205: "style=\"width:60px;padding:20px\""
        RenderBlock {DIV} at (1,77) size 352x48 [border: (1px solid #FF0000)]
          RenderText {#text} at (1,31) size 13x18
            text run at (1,31) width 13: "A "
          RenderText {#text} at (74,31) size 13x18
            text run at (74,31) width 13: " B"
        RenderBlock (anonymous) at (1,125) size 350x14
          RenderText {#text} at (0,-2) size 182x18
            text run at (0,-2) width 182: "style=\"width:60px;padding:0\""
        RenderBlock {DIV} at (1,139) size 352x48 [border: (1px solid #FF0000)]
          RenderText {#text} at (1,31) size 13x18
            text run at (1,31) width 13: "A "
          RenderText {#text} at (74,31) size 13x18
            text run at (74,31) width 13: " B"
        RenderBlock (anonymous) at (1,187) size 350x14
          RenderText {#text} at (0,-2) size 121x18
            text run at (0,-2) width 121: "style=\"height:60px\""
        RenderBlock {DIV} at (1,201) size 352x64 [border: (1px solid #FF0000)]
          RenderText {#text} at (1,47) size 13x18
            text run at (1,47) width 13: "A "
          RenderText {#text} at (198,47) size 13x18
            text run at (198,47) width 13: " B"
        RenderBlock (anonymous) at (1,265) size 350x14
          RenderText {#text} at (0,-2) size 193x18
            text run at (0,-2) width 193: "style=\"width:60px;height:60px\""
        RenderBlock {DIV} at (1,279) size 352x64 [border: (1px solid #FF0000)]
          RenderText {#text} at (1,47) size 13x18
            text run at (1,47) width 13: "A "
          RenderText {#text} at (74,47) size 13x18
            text run at (74,47) width 13: " B"
        RenderBlock (anonymous) at (1,343) size 350x14
          RenderText {#text} at (0,-2) size 147x18
            text run at (0,-2) width 147: "style=\"overflow:hidden\""
        RenderBlock {DIV} at (1,357) size 352x48 [border: (1px solid #FF0000)]
          RenderText {#text} at (1,31) size 13x18
            text run at (1,31) width 13: "A "
          RenderText {#text} at (198,31) size 13x18
            text run at (198,31) width 13: " B"
        RenderBlock (anonymous) at (1,405) size 350x14
          RenderText {#text} at (0,-2) size 137x18
            text run at (0,-2) width 137: "style=\"overflow:scroll\""
        RenderBlock {DIV} at (1,419) size 352x64 [border: (1px solid #FF0000)]
          RenderText {#text} at (1,47) size 13x18
            text run at (1,47) width 13: "A "
          RenderText {#text} at (198,47) size 13x18
            text run at (198,47) width 13: " B"
        RenderBlock (anonymous) at (1,483) size 350x14
          RenderText {#text} at (0,-2) size 297x18
            text run at (0,-2) width 297: "style=\"overflow:hidden;width:60px;height:60px\""
        RenderBlock {DIV} at (1,497) size 352x64 [border: (1px solid #FF0000)]
          RenderText {#text} at (1,47) size 13x18
            text run at (1,47) width 13: "A "
          RenderText {#text} at (74,47) size 13x18
            text run at (74,47) width 13: " B"
        RenderBlock (anonymous) at (1,561) size 350x14
          RenderText {#text} at (0,-2) size 287x18
            text run at (0,-2) width 287: "style=\"overflow:scroll;width:60px;height:60px\""
        RenderBlock {DIV} at (1,575) size 352x64 [border: (1px solid #FF0000)]
          RenderText {#text} at (1,47) size 13x18
            text run at (1,47) width 13: "A "
          RenderText {#text} at (74,47) size 13x18
            text run at (74,47) width 13: " B"
        RenderBlock (anonymous) at (1,639) size 350x14
          RenderText {#text} at (0,-2) size 238x18
            text run at (0,-2) width 238: "cols=5 style=\"width:60px;height:60px\""
        RenderBlock {DIV} at (1,653) size 352x64 [border: (1px solid #FF0000)]
          RenderText {#text} at (1,47) size 13x18
            text run at (1,47) width 13: "A "
          RenderText {#text} at (74,47) size 13x18
            text run at (74,47) width 13: " B"
        RenderBlock (anonymous) at (1,717) size 350x14
          RenderText {#text} at (0,-2) size 243x18
            text run at (0,-2) width 243: "rows=4 style=\"width:60px;height:60px\""
        RenderBlock {DIV} at (1,731) size 352x64 [border: (1px solid #FF0000)]
          RenderText {#text} at (1,47) size 13x18
            text run at (1,47) width 13: "A "
          RenderText {#text} at (74,47) size 13x18
            text run at (74,47) width 13: " B"
        RenderBlock (anonymous) at (1,795) size 350x14
          RenderText {#text} at (0,-2) size 288x18
            text run at (0,-2) width 288: "cols=5 rows=4 style=\"width:60px;height:60px\""
        RenderBlock {DIV} at (1,809) size 352x64 [border: (1px solid #FF0000)]
          RenderText {#text} at (1,47) size 13x18
            text run at (1,47) width 13: "A "
          RenderText {#text} at (74,47) size 13x18
            text run at (74,47) width 13: " B"
        RenderBlock (anonymous) at (1,873) size 350x14
          RenderText {#text} at (0,-2) size 65x18
            text run at (0,-2) width 65: "wrap=\"off\""
        RenderBlock {DIV} at (1,887) size 352x64 [border: (1px solid #FF0000)]
          RenderText {#text} at (1,47) size 13x18
            text run at (1,47) width 13: "A "
          RenderText {#text} at (198,47) size 13x18
            text run at (198,47) width 4: " "
            text run at (202,47) width 9: "B"
        RenderBlock (anonymous) at (1,951) size 350x14
          RenderText {#text} at (0,-2) size 78x18
            text run at (0,-2) width 78: "wrap=\"hard\""
        RenderBlock {DIV} at (1,965) size 352x48 [border: (1px solid #FF0000)]
          RenderText {#text} at (1,31) size 13x18
            text run at (1,31) width 13: "A "
          RenderText {#text} at (198,31) size 13x18
            text run at (198,31) width 4: " "
            text run at (202,31) width 9: "B"
        RenderBlock (anonymous) at (1,1013) size 350x14
          RenderText {#text} at (0,-2) size 72x18
            text run at (0,-2) width 72: "wrap=\"soft\""
        RenderBlock {DIV} at (1,1027) size 352x48 [border: (1px solid #FF0000)]
          RenderText {#text} at (1,31) size 13x18
            text run at (1,31) width 13: "A "
          RenderText {#text} at (198,31) size 13x18
            text run at (198,31) width 4: " "
            text run at (202,31) width 9: "B"
layer at (25,26) size 180x40
  RenderTextControl {TEXTAREA} at (16,3) size 180x40
    RenderBlock {DIV} at (2,2) size 176x18
      RenderText {#text} at (0,0) size 119x18
        text run at (0,0) width 119: "Lorem ipsum dolor"
layer at (25,88) size 180x40 clip at (25,88) size 164x40 scrollHeight 76
  RenderTextControl {TEXTAREA} at (16,3) size 180x40
    RenderBlock {DIV} at (2,2) size 160x72
      RenderText {#text} at (0,0) size 158x72
        text run at (0,0) width 119: "Lorem ipsum dolor"
        text run at (119,0) width 4: " "
        text run at (0,18) width 158: "ABCDEFGHIJKLMNOPQ"
        text run at (0,36) width 87: "RSTUVWXYZ"
        text run at (87,36) width 4: " "
        text run at (0,54) width 150: "abcdefghijklmnopqrstuv"
        text run at (150,54) width 4: " "
layer at (25,150) size 180x40 clip at (25,150) size 164x40 scrollHeight 76
  RenderTextControl {TEXTAREA} at (16,3) size 180x40
    RenderBlock {DIV} at (2,2) size 160x72 [color=#545454]
      RenderText {#text} at (0,0) size 158x72
        text run at (0,0) width 119: "Lorem ipsum dolor"
        text run at (119,0) width 4: " "
        text run at (0,18) width 158: "ABCDEFGHIJKLMNOPQ"
        text run at (0,36) width 87: "RSTUVWXYZ"
        text run at (87,36) width 4: " "
        text run at (0,54) width 150: "abcdefghijklmnopqrstuv"
        text run at (150,54) width 4: " "
layer at (25,212) size 180x40 clip at (25,212) size 164x40 scrollHeight 76
  RenderTextControl {TEXTAREA} at (16,3) size 180x40
    RenderBlock {DIV} at (2,2) size 160x72
      RenderText {#text} at (0,0) size 158x72
        text run at (0,0) width 119: "Lorem ipsum dolor"
        text run at (119,0) width 4: " "
        text run at (0,18) width 158: "ABCDEFGHIJKLMNOPQ"
        text run at (0,36) width 87: "RSTUVWXYZ"
        text run at (87,36) width 4: " "
        text run at (0,54) width 150: "abcdefghijklmnopqrstuv"
        text run at (150,54) width 4: " "
layer at (25,274) size 180x40 clip at (25,274) size 164x40 scrollHeight 76
  RenderTextControl {TEXTAREA} at (16,3) size 180x40
    RenderBlock {DIV} at (2,2) size 160x72
      RenderText {#text} at (0,0) size 158x72
        text run at (0,0) width 119: "Lorem ipsum dolor"
        text run at (119,0) width 4: " "
        text run at (0,18) width 158: "ABCDEFGHIJKLMNOPQ"
        text run at (0,36) width 87: "RSTUVWXYZ"
        text run at (87,36) width 4: " "
        text run at (0,54) width 150: "abcdefghijklmnopqrstuv"
        text run at (150,54) width 4: " "
layer at (33,344) size 180x40 clip at (33,344) size 164x40 scrollHeight 76
  RenderTextControl {TEXTAREA} at (24,11) size 180x40
    RenderBlock {DIV} at (2,2) size 160x72
      RenderText {#text} at (0,0) size 158x72
        text run at (0,0) width 119: "Lorem ipsum dolor"
        text run at (119,0) width 4: " "
        text run at (0,18) width 158: "ABCDEFGHIJKLMNOPQ"
        text run at (0,36) width 87: "RSTUVWXYZ"
        text run at (87,36) width 4: " "
        text run at (0,54) width 150: "abcdefghijklmnopqrstuv"
        text run at (150,54) width 4: " "
layer at (23,412) size 180x40 clip at (23,412) size 164x40 scrollHeight 76
  RenderTextControl {TEXTAREA} at (14,1) size 180x40
    RenderBlock {DIV} at (2,2) size 160x72
      RenderText {#text} at (0,0) size 158x72
        text run at (0,0) width 119: "Lorem ipsum dolor"
        text run at (119,0) width 4: " "
        text run at (0,18) width 158: "ABCDEFGHIJKLMNOPQ"
        text run at (0,36) width 87: "RSTUVWXYZ"
        text run at (87,36) width 4: " "
        text run at (0,54) width 150: "abcdefghijklmnopqrstuv"
        text run at (150,54) width 4: " "
layer at (25,472) size 44x40 clip at (25,472) size 28x40 scrollHeight 472
  RenderTextControl {TEXTAREA} at (16,3) size 44x40
    RenderBlock {DIV} at (2,2) size 24x468
      RenderText {#text} at (0,0) size 24x468
        text run at (0,0) width 21: "Lor"
        text run at (0,18) width 20: "em"
        text run at (20,18) width 4: " "
        text run at (0,36) width 18: "ips"
        text run at (0,54) width 20: "um"
        text run at (20,54) width 4: " "
        text run at (0,72) width 19: "dol"
        text run at (0,90) width 13: "or"
        text run at (13,90) width 4: " "
        text run at (0,108) width 18: "AB"
        text run at (0,126) width 20: "CD"
        text run at (0,144) width 18: "EF"
        text run at (0,162) width 21: "GH"
        text run at (0,180) width 20: "IJK"
        text run at (0,198) width 20: "LM"
        text run at (0,216) width 21: "NO"
        text run at (0,234) width 20: "PQ"
        text run at (0,252) width 19: "RS"
        text run at (0,270) width 19: "TU"
        text run at (0,288) width 22: "VW"
        text run at (0,306) width 18: "XY"
        text run at (0,324) width 9: "Z"
        text run at (9,324) width 4: " "
        text run at (0,342) width 23: "abc"
        text run at (0,360) width 20: "def"
        text run at (0,378) width 22: "ghij"
        text run at (0,396) width 22: "klm"
        text run at (0,414) width 24: "nop"
        text run at (0,432) width 24: "qrst"
        text run at (0,450) width 15: "uv"
        text run at (15,450) width 4: " "
layer at (25,534) size 180x58 clip at (25,534) size 164x58 scrollHeight 76
  RenderTextControl {TEXTAREA} at (16,3) size 180x58
    RenderBlock {DIV} at (2,2) size 160x72
      RenderText {#text} at (0,0) size 158x72
        text run at (0,0) width 119: "Lorem ipsum dolor"
        text run at (119,0) width 4: " "
        text run at (0,18) width 158: "ABCDEFGHIJKLMNOPQ"
        text run at (0,36) width 87: "RSTUVWXYZ"
        text run at (87,36) width 4: " "
        text run at (0,54) width 150: "abcdefghijklmnopqrstuv"
        text run at (150,54) width 4: " "
layer at (25,614) size 100x40 clip at (25,614) size 84x40 scrollHeight 148
  RenderTextControl {TEXTAREA} at (16,3) size 100x40
    RenderBlock {DIV} at (2,2) size 80x144
      RenderText {#text} at (0,0) size 80x144
        text run at (0,0) width 41: "Lorem"
        text run at (41,0) width 4: " "
        text run at (0,18) width 74: "ipsum dolor"
        text run at (74,18) width 4: " "
        text run at (0,36) width 77: "ABCDEFGH"
        text run at (0,54) width 70: "IJKLMNOP"
        text run at (0,72) width 80: "QRSTUVWX"
        text run at (0,90) width 18: "YZ"
        text run at (18,90) width 4: " "
        text run at (0,108) width 75: "abcdefghijkl"
        text run at (0,126) width 75: "mnopqrstuv"
        text run at (75,126) width 4: " "
layer at (25,676) size 180x184
  RenderTextControl {TEXTAREA} at (16,3) size 180x184
    RenderBlock {DIV} at (2,2) size 176x72
      RenderText {#text} at (0,0) size 168x72
        text run at (0,0) width 119: "Lorem ipsum dolor"
        text run at (119,0) width 4: " "
        text run at (0,18) width 168: "ABCDEFGHIJKLMNOPQR"
        text run at (0,36) width 77: "STUVWXYZ"
        text run at (77,36) width 4: " "
        text run at (0,54) width 150: "abcdefghijklmnopqrstuv"
        text run at (150,54) width 4: " "
layer at (25,882) size 60x76 clip at (25,882) size 44x76 scrollHeight 292
  RenderTextControl {TEXTAREA} at (16,3) size 60x76
    RenderBlock {DIV} at (2,2) size 40x288
      RenderText {#text} at (0,0) size 40x288
        text run at (0,0) width 29: "Lore"
        text run at (0,18) width 12: "m"
        text run at (12,18) width 4: " "
        text run at (0,36) width 38: "ipsum"
        text run at (38,36) width 2: " "
        text run at (0,54) width 32: "dolor"
        text run at (32,54) width 4: " "
        text run at (0,72) width 38: "ABCD"
        text run at (0,90) width 39: "EFGH"
        text run at (0,108) width 40: "IJKLM"
        text run at (0,126) width 30: "NOP"
        text run at (0,144) width 39: "QRST"
        text run at (0,162) width 32: "UVW"
        text run at (0,180) width 27: "XYZ"
        text run at (27,180) width 4: " "
        text run at (0,198) width 39: "abcde"
        text run at (0,216) width 36: "fghijkl"
        text run at (0,234) width 36: "mnop"
        text run at (0,252) width 39: "qrstuv"
        text run at (0,270) width 4: " "
layer at (375,26) size 60x40 clip at (375,26) size 44x40 scrollHeight 292
  RenderTextControl {TEXTAREA} at (14,3) size 60x40
    RenderBlock {DIV} at (2,2) size 40x288
      RenderText {#text} at (0,0) size 40x288
        text run at (0,0) width 29: "Lore"
        text run at (0,18) width 12: "m"
        text run at (12,18) width 4: " "
        text run at (0,36) width 38: "ipsum"
        text run at (38,36) width 2: " "
        text run at (0,54) width 32: "dolor"
        text run at (32,54) width 4: " "
        text run at (0,72) width 38: "ABCD"
        text run at (0,90) width 39: "EFGH"
        text run at (0,108) width 40: "IJKLM"
        text run at (0,126) width 30: "NOP"
        text run at (0,144) width 39: "QRST"
        text run at (0,162) width 32: "UVW"
        text run at (0,180) width 27: "XYZ"
        text run at (27,180) width 4: " "
        text run at (0,198) width 39: "abcde"
        text run at (0,216) width 36: "fghijkl"
        text run at (0,234) width 36: "mnop"
        text run at (0,252) width 39: "qrstuv"
        text run at (0,270) width 4: " "
layer at (375,88) size 60x40 clip at (375,88) size 44x40 scrollHeight 292
  RenderTextControl {TEXTAREA} at (14,3) size 60x40
    RenderBlock {DIV} at (2,2) size 40x288
      RenderText {#text} at (0,0) size 40x288
        text run at (0,0) width 29: "Lore"
        text run at (0,18) width 12: "m"
        text run at (12,18) width 4: " "
        text run at (0,36) width 38: "ipsum"
        text run at (38,36) width 2: " "
        text run at (0,54) width 32: "dolor"
        text run at (32,54) width 4: " "
        text run at (0,72) width 38: "ABCD"
        text run at (0,90) width 39: "EFGH"
        text run at (0,108) width 40: "IJKLM"
        text run at (0,126) width 30: "NOP"
        text run at (0,144) width 39: "QRST"
        text run at (0,162) width 32: "UVW"
        text run at (0,180) width 27: "XYZ"
        text run at (27,180) width 4: " "
        text run at (0,198) width 39: "abcde"
        text run at (0,216) width 36: "fghijkl"
        text run at (0,234) width 36: "mnop"
        text run at (0,252) width 39: "qrstuv"
        text run at (0,270) width 4: " "
layer at (375,150) size 60x40 clip at (375,150) size 44x40 scrollHeight 292
  RenderTextControl {TEXTAREA} at (14,3) size 60x40
    RenderBlock {DIV} at (2,2) size 40x288
      RenderText {#text} at (0,0) size 40x288
        text run at (0,0) width 29: "Lore"
        text run at (0,18) width 12: "m"
        text run at (12,18) width 4: " "
        text run at (0,36) width 38: "ipsum"
        text run at (38,36) width 2: " "
        text run at (0,54) width 32: "dolor"
        text run at (32,54) width 4: " "
        text run at (0,72) width 38: "ABCD"
        text run at (0,90) width 39: "EFGH"
        text run at (0,108) width 40: "IJKLM"
        text run at (0,126) width 30: "NOP"
        text run at (0,144) width 39: "QRST"
        text run at (0,162) width 32: "UVW"
        text run at (0,180) width 27: "XYZ"
        text run at (27,180) width 4: " "
        text run at (0,198) width 39: "abcde"
        text run at (0,216) width 36: "fghijkl"
        text run at (0,234) width 36: "mnop"
        text run at (0,252) width 39: "qrstuv"
        text run at (0,270) width 4: " "
layer at (377,210) size 180x60 clip at (377,210) size 164x60 scrollHeight 76
  RenderTextControl {TEXTAREA} at (16,1) size 180x60
    RenderBlock {DIV} at (2,2) size 160x72
      RenderText {#text} at (0,0) size 158x72
        text run at (0,0) width 119: "Lorem ipsum dolor"
        text run at (119,0) width 4: " "
        text run at (0,18) width 158: "ABCDEFGHIJKLMNOPQ"
        text run at (0,36) width 87: "RSTUVWXYZ"
        text run at (87,36) width 4: " "
        text run at (0,54) width 150: "abcdefghijklmnopqrstuv"
        text run at (150,54) width 4: " "
layer at (375,288) size 60x60 clip at (375,288) size 44x60 scrollHeight 292
  RenderTextControl {TEXTAREA} at (14,1) size 60x60
    RenderBlock {DIV} at (2,2) size 40x288
      RenderText {#text} at (0,0) size 40x288
        text run at (0,0) width 29: "Lore"
        text run at (0,18) width 12: "m"
        text run at (12,18) width 4: " "
        text run at (0,36) width 38: "ipsum"
        text run at (38,36) width 2: " "
        text run at (0,54) width 32: "dolor"
        text run at (32,54) width 4: " "
        text run at (0,72) width 38: "ABCD"
        text run at (0,90) width 39: "EFGH"
        text run at (0,108) width 40: "IJKLM"
        text run at (0,126) width 30: "NOP"
        text run at (0,144) width 39: "QRST"
        text run at (0,162) width 32: "UVW"
        text run at (0,180) width 27: "XYZ"
        text run at (27,180) width 4: " "
        text run at (0,198) width 39: "abcde"
        text run at (0,216) width 36: "fghijkl"
        text run at (0,234) width 36: "mnop"
        text run at (0,252) width 39: "qrstuv"
        text run at (0,270) width 4: " "
layer at (377,368) size 180x40 scrollHeight 76
  RenderTextControl {TEXTAREA} at (16,3) size 180x40
    RenderBlock {DIV} at (2,2) size 176x72
      RenderText {#text} at (0,0) size 168x72
        text run at (0,0) width 119: "Lorem ipsum dolor"
        text run at (119,0) width 4: " "
        text run at (0,18) width 168: "ABCDEFGHIJKLMNOPQR"
        text run at (0,36) width 77: "STUVWXYZ"
        text run at (77,36) width 4: " "
        text run at (0,54) width 150: "abcdefghijklmnopqrstuv"
        text run at (150,54) width 4: " "
layer at (377,430) size 180x56 clip at (377,430) size 164x40 scrollHeight 76
  RenderTextControl {TEXTAREA} at (16,3) size 180x56
    RenderBlock {DIV} at (2,2) size 160x72
      RenderText {#text} at (0,0) size 158x72
        text run at (0,0) width 119: "Lorem ipsum dolor"
        text run at (119,0) width 4: " "
        text run at (0,18) width 158: "ABCDEFGHIJKLMNOPQ"
        text run at (0,36) width 87: "RSTUVWXYZ"
        text run at (87,36) width 4: " "
        text run at (0,54) width 150: "abcdefghijklmnopqrstuv"
        text run at (150,54) width 4: " "
layer at (375,506) size 60x60 scrollHeight 202
  RenderTextControl {TEXTAREA} at (14,1) size 60x60
    RenderBlock {DIV} at (2,2) size 56x198
      RenderText {#text} at (0,0) size 56x198
        text run at (0,0) width 41: "Lorem"
        text run at (41,0) width 4: " "
        text run at (0,18) width 38: "ipsum"
        text run at (38,18) width 4: " "
        text run at (0,36) width 32: "dolor"
        text run at (32,36) width 4: " "
        text run at (0,54) width 56: "ABCDEF"
        text run at (0,72) width 49: "GHIJKL"
        text run at (0,90) width 53: "MNOPQ"
        text run at (0,108) width 47: "RSTUV"
        text run at (0,126) width 40: "WXYZ"
        text run at (40,126) width 4: " "
        text run at (0,144) width 51: "abcdefg"
        text run at (0,162) width 52: "hijklmno"
        text run at (0,180) width 47: "pqrstuv"
        text run at (47,180) width 4: " "
layer at (375,584) size 60x60 clip at (375,584) size 44x44 scrollHeight 292
  RenderTextControl {TEXTAREA} at (14,1) size 60x60
    RenderBlock {DIV} at (2,2) size 40x288
      RenderText {#text} at (0,0) size 40x288
        text run at (0,0) width 29: "Lore"
        text run at (0,18) width 12: "m"
        text run at (12,18) width 4: " "
        text run at (0,36) width 38: "ipsum"
        text run at (38,36) width 2: " "
        text run at (0,54) width 32: "dolor"
        text run at (32,54) width 4: " "
        text run at (0,72) width 38: "ABCD"
        text run at (0,90) width 39: "EFGH"
        text run at (0,108) width 40: "IJKLM"
        text run at (0,126) width 30: "NOP"
        text run at (0,144) width 39: "QRST"
        text run at (0,162) width 32: "UVW"
        text run at (0,180) width 27: "XYZ"
        text run at (27,180) width 4: " "
        text run at (0,198) width 39: "abcde"
        text run at (0,216) width 36: "fghijkl"
        text run at (0,234) width 36: "mnop"
        text run at (0,252) width 39: "qrstuv"
        text run at (0,270) width 4: " "
layer at (375,662) size 60x60 clip at (375,662) size 44x60 scrollHeight 292
  RenderTextControl {TEXTAREA} at (14,1) size 60x60
    RenderBlock {DIV} at (2,2) size 40x288
      RenderText {#text} at (0,0) size 40x288
        text run at (0,0) width 29: "Lore"
        text run at (0,18) width 12: "m"
        text run at (12,18) width 4: " "
        text run at (0,36) width 38: "ipsum"
        text run at (38,36) width 2: " "
        text run at (0,54) width 32: "dolor"
        text run at (32,54) width 4: " "
        text run at (0,72) width 38: "ABCD"
        text run at (0,90) width 39: "EFGH"
        text run at (0,108) width 40: "IJKLM"
        text run at (0,126) width 30: "NOP"
        text run at (0,144) width 39: "QRST"
        text run at (0,162) width 32: "UVW"
        text run at (0,180) width 27: "XYZ"
        text run at (27,180) width 4: " "
        text run at (0,198) width 39: "abcde"
        text run at (0,216) width 36: "fghijkl"
        text run at (0,234) width 36: "mnop"
        text run at (0,252) width 39: "qrstuv"
        text run at (0,270) width 4: " "
layer at (375,740) size 60x60 clip at (375,740) size 44x60 scrollHeight 292
  RenderTextControl {TEXTAREA} at (14,1) size 60x60
    RenderBlock {DIV} at (2,2) size 40x288
      RenderText {#text} at (0,0) size 40x288
        text run at (0,0) width 29: "Lore"
        text run at (0,18) width 12: "m"
        text run at (12,18) width 4: " "
        text run at (0,36) width 38: "ipsum"
        text run at (38,36) width 2: " "
        text run at (0,54) width 32: "dolor"
        text run at (32,54) width 4: " "
        text run at (0,72) width 38: "ABCD"
        text run at (0,90) width 39: "EFGH"
        text run at (0,108) width 40: "IJKLM"
        text run at (0,126) width 30: "NOP"
        text run at (0,144) width 39: "QRST"
        text run at (0,162) width 32: "UVW"
        text run at (0,180) width 27: "XYZ"
        text run at (27,180) width 4: " "
        text run at (0,198) width 39: "abcde"
        text run at (0,216) width 36: "fghijkl"
        text run at (0,234) width 36: "mnop"
        text run at (0,252) width 39: "qrstuv"
        text run at (0,270) width 4: " "
layer at (375,818) size 60x60 clip at (375,818) size 44x60 scrollHeight 292
  RenderTextControl {TEXTAREA} at (14,1) size 60x60
    RenderBlock {DIV} at (2,2) size 40x288
      RenderText {#text} at (0,0) size 40x288
        text run at (0,0) width 29: "Lore"
        text run at (0,18) width 12: "m"
        text run at (12,18) width 4: " "
        text run at (0,36) width 38: "ipsum"
        text run at (38,36) width 2: " "
        text run at (0,54) width 32: "dolor"
        text run at (32,54) width 4: " "
        text run at (0,72) width 38: "ABCD"
        text run at (0,90) width 39: "EFGH"
        text run at (0,108) width 40: "IJKLM"
        text run at (0,126) width 30: "NOP"
        text run at (0,144) width 39: "QRST"
        text run at (0,162) width 32: "UVW"
        text run at (0,180) width 27: "XYZ"
        text run at (27,180) width 4: " "
        text run at (0,198) width 39: "abcde"
        text run at (0,216) width 36: "fghijkl"
        text run at (0,234) width 36: "mnop"
        text run at (0,252) width 39: "qrstuv"
        text run at (0,270) width 4: " "
layer at (377,898) size 180x56 clip at (377,898) size 164x40 scrollWidth 220 scrollHeight 292
  RenderTextControl {TEXTAREA} at (16,3) size 180x56
    RenderBlock {DIV} at (2,2) size 160x288
      RenderText {#text} at (0,0) size 218x270
        text run at (0,0) width 4: " "
        text run at (4,0) width 0: " "
        text run at (0,18) width 218: "This is a text area with wrap=\"soft\""
        text run at (218,18) width 0: " "
        text run at (0,36) width 218: "This is a text area with wrap=\"soft\""
        text run at (218,36) width 0: " "
        text run at (0,54) width 218: "This is a text area with wrap=\"soft\""
        text run at (218,54) width 0: " "
        text run at (0,72) width 218: "This is a text area with wrap=\"soft\""
        text run at (218,72) width 0: " "
        text run at (0,90) width 218: "This is a text area with wrap=\"soft\""
        text run at (218,90) width 0: " "
        text run at (0,108) width 218: "This is a text area with wrap=\"soft\""
        text run at (218,108) width 0: " "
        text run at (0,126) width 218: "This is a text area with wrap=\"soft\""
        text run at (218,126) width 0: " "
        text run at (0,144) width 218: "This is a text area with wrap=\"soft\""
        text run at (218,144) width 0: " "
        text run at (0,162) width 218: "This is a text area with wrap=\"soft\""
        text run at (218,162) width 0: " "
        text run at (0,180) width 218: "This is a text area with wrap=\"soft\""
        text run at (218,180) width 0: " "
        text run at (0,198) width 218: "This is a text area with wrap=\"soft\""
        text run at (218,198) width 0: " "
        text run at (0,216) width 218: "This is a text area with wrap=\"soft\""
        text run at (218,216) width 0: " "
        text run at (0,234) width 218: "This is a text area with wrap=\"soft\""
        text run at (218,234) width 0: " "
        text run at (0,252) width 218: "This is a text area with wrap=\"soft\""
        text run at (218,252) width 0: " "
      RenderBR {BR} at (0,270) size 0x18
layer at (377,976) size 180x40 clip at (377,976) size 164x40 scrollHeight 544
  RenderTextControl {TEXTAREA} at (16,3) size 180x40
    RenderBlock {DIV} at (2,2) size 160x540
      RenderText {#text} at (0,0) size 146x522
        text run at (0,0) width 4: " "
        text run at (4,0) width 0: " "
        text run at (0,18) width 142: "This is a text area with"
        text run at (142,18) width 4: " "
        text run at (0,36) width 72: "wrap=\"soft\""
        text run at (72,36) width 0: " "
        text run at (0,54) width 142: "This is a text area with"
        text run at (142,54) width 4: " "
        text run at (0,72) width 72: "wrap=\"soft\""
        text run at (72,72) width 0: " "
        text run at (0,90) width 142: "This is a text area with"
        text run at (142,90) width 4: " "
        text run at (0,108) width 72: "wrap=\"soft\""
        text run at (72,108) width 0: " "
        text run at (0,126) width 142: "This is a text area with"
        text run at (142,126) width 4: " "
        text run at (0,144) width 72: "wrap=\"soft\""
        text run at (72,144) width 0: " "
        text run at (0,162) width 142: "This is a text area with"
        text run at (142,162) width 4: " "
        text run at (0,180) width 72: "wrap=\"soft\""
        text run at (72,180) width 0: " "
        text run at (0,198) width 142: "This is a text area with"
        text run at (142,198) width 4: " "
        text run at (0,216) width 72: "wrap=\"soft\""
        text run at (72,216) width 0: " "
        text run at (0,234) width 142: "This is a text area with"
        text run at (142,234) width 4: " "
        text run at (0,252) width 72: "wrap=\"soft\""
        text run at (72,252) width 0: " "
        text run at (0,270) width 142: "This is a text area with"
        text run at (142,270) width 4: " "
        text run at (0,288) width 72: "wrap=\"soft\""
        text run at (72,288) width 0: " "
        text run at (0,306) width 142: "This is a text area with"
        text run at (142,306) width 4: " "
        text run at (0,324) width 72: "wrap=\"soft\""
        text run at (72,324) width 0: " "
        text run at (0,342) width 142: "This is a text area with"
        text run at (142,342) width 4: " "
        text run at (0,360) width 72: "wrap=\"soft\""
        text run at (72,360) width 0: " "
        text run at (0,378) width 142: "This is a text area with"
        text run at (142,378) width 4: " "
        text run at (0,396) width 72: "wrap=\"soft\""
        text run at (72,396) width 0: " "
        text run at (0,414) width 142: "This is a text area with"
        text run at (142,414) width 4: " "
        text run at (0,432) width 72: "wrap=\"soft\""
        text run at (72,432) width 0: " "
        text run at (0,450) width 142: "This is a text area with"
        text run at (142,450) width 4: " "
        text run at (0,468) width 72: "wrap=\"soft\""
        text run at (72,468) width 0: " "
        text run at (0,486) width 142: "This is a text area with"
        text run at (142,486) width 4: " "
        text run at (0,504) width 72: "wrap=\"soft\""
        text run at (72,504) width 0: " "
      RenderBR {BR} at (0,522) size 0x18
layer at (377,1038) size 180x40 clip at (377,1038) size 164x40 scrollHeight 544
  RenderTextControl {TEXTAREA} at (16,3) size 180x40
    RenderBlock {DIV} at (2,2) size 160x540
      RenderText {#text} at (0,0) size 146x522
        text run at (0,0) width 4: " "
        text run at (4,0) width 0: " "
        text run at (0,18) width 142: "This is a text area with"
        text run at (142,18) width 4: " "
        text run at (0,36) width 72: "wrap=\"soft\""
        text run at (72,36) width 0: " "
        text run at (0,54) width 142: "This is a text area with"
        text run at (142,54) width 4: " "
        text run at (0,72) width 72: "wrap=\"soft\""
        text run at (72,72) width 0: " "
        text run at (0,90) width 142: "This is a text area with"
        text run at (142,90) width 4: " "
        text run at (0,108) width 72: "wrap=\"soft\""
        text run at (72,108) width 0: " "
        text run at (0,126) width 142: "This is a text area with"
        text run at (142,126) width 4: " "
        text run at (0,144) width 72: "wrap=\"soft\""
        text run at (72,144) width 0: " "
        text run at (0,162) width 142: "This is a text area with"
        text run at (142,162) width 4: " "
        text run at (0,180) width 72: "wrap=\"soft\""
        text run at (72,180) width 0: " "
        text run at (0,198) width 142: "This is a text area with"
        text run at (142,198) width 4: " "
        text run at (0,216) width 72: "wrap=\"soft\""
        text run at (72,216) width 0: " "
        text run at (0,234) width 142: "This is a text area with"
        text run at (142,234) width 4: " "
        text run at (0,252) width 72: "wrap=\"soft\""
        text run at (72,252) width 0: " "
        text run at (0,270) width 142: "This is a text area with"
        text run at (142,270) width 4: " "
        text run at (0,288) width 72: "wrap=\"soft\""
        text run at (72,288) width 0: " "
        text run at (0,306) width 142: "This is a text area with"
        text run at (142,306) width 4: " "
        text run at (0,324) width 72: "wrap=\"soft\""
        text run at (72,324) width 0: " "
        text run at (0,342) width 142: "This is a text area with"
        text run at (142,342) width 4: " "
        text run at (0,360) width 72: "wrap=\"soft\""
        text run at (72,360) width 0: " "
        text run at (0,378) width 142: "This is a text area with"
        text run at (142,378) width 4: " "
        text run at (0,396) width 72: "wrap=\"soft\""
        text run at (72,396) width 0: " "
        text run at (0,414) width 142: "This is a text area with"
        text run at (142,414) width 4: " "
        text run at (0,432) width 72: "wrap=\"soft\""
        text run at (72,432) width 0: " "
        text run at (0,450) width 142: "This is a text area with"
        text run at (142,450) width 4: " "
        text run at (0,468) width 72: "wrap=\"soft\""
        text run at (72,468) width 0: " "
        text run at (0,486) width 142: "This is a text area with"
        text run at (142,486) width 4: " "
        text run at (0,504) width 72: "wrap=\"soft\""
        text run at (72,504) width 0: " "
      RenderBR {BR} at (0,522) size 0x18
