layer at (0,0) size 784x652
  RenderView at (0,0) size 784x600
layer at (0,0) size 784x652
  RenderBlock {HTML} at (0,0) size 784x652
    RenderBody {BODY} at (8,8) size 768x636
      RenderBlock (anonymous) at (0,0) size 768x21
        RenderText {#text} at (0,0) size 384x21
          text run at (0,0) width 384: "This tests that buttons don't honor table display styles. "
        RenderBR {BR} at (384,16) size 0x0
      RenderButton {INPUT} at (2,23) size 106x33 [bgcolor=#C0C0C0]
        RenderBlock (anonymous) at (6,6) size 94x21
          RenderText at (0,0) size 94x21
            text run at (0,0) width 94: "display: table"
      RenderButton {INPUT} at (2,58) size 106x33 [bgcolor=#C0C0C0]
        RenderBlock (anonymous) at (6,6) size 94x21
          RenderText at (0,0) size 94x21
            text run at (0,0) width 94: "display: table"
      RenderBlock (anonymous) at (0,93) size 768x543
        RenderBR {BR} at (0,0) size 0x21
        RenderBR {BR} at (0,21) size 0x21
        RenderButton {INPUT} at (2,44) size 150x33 [bgcolor=#C0C0C0]
          RenderBlock (anonymous) at (6,6) size 138x21
            RenderText at (0,0) size 138x21
              text run at (0,0) width 138: "display: inline-table"
        RenderText {#text} at (154,50) size 4x21
          text run at (154,50) width 4: " "
        RenderButton {INPUT} at (160,44) size 150x33 [bgcolor=#C0C0C0]
          RenderBlock (anonymous) at (6,6) size 138x21
            RenderText at (0,0) size 138x21
              text run at (0,0) width 138: "display: inline-table"
        RenderText {#text} at (312,50) size 4x21
          text run at (312,50) width 4: " "
        RenderBR {BR} at (316,66) size 0x0
        RenderBR {BR} at (0,79) size 0x21
        RenderButton {INPUT} at (2,102) size 183x33 [bgcolor=#C0C0C0]
          RenderBlock (anonymous) at (6,6) size 171x21
            RenderText at (0,0) size 171x21
              text run at (0,0) width 171: "display: table-row-group"
        RenderText {#text} at (187,108) size 4x21
          text run at (187,108) width 4: " "
        RenderButton {INPUT} at (193,102) size 183x33 [bgcolor=#C0C0C0]
          RenderBlock (anonymous) at (6,6) size 171x21
            RenderText at (0,0) size 171x21
              text run at (0,0) width 171: "display: table-row-group"
        RenderText {#text} at (378,108) size 4x21
          text run at (378,108) width 4: " "
        RenderBR {BR} at (382,124) size 0x0
        RenderBR {BR} at (0,137) size 0x21
        RenderButton {INPUT} at (2,160) size 207x33 [bgcolor=#C0C0C0]
          RenderBlock (anonymous) at (6,6) size 195x21
            RenderText at (0,0) size 195x21
              text run at (0,0) width 195: "display: table-header-group"
        RenderText {#text} at (211,166) size 4x21
          text run at (211,166) width 4: " "
        RenderButton {INPUT} at (217,160) size 207x33 [bgcolor=#C0C0C0]
          RenderBlock (anonymous) at (6,6) size 195x21
            RenderText at (0,0) size 195x21
              text run at (0,0) width 195: "display: table-header-group"
        RenderText {#text} at (426,166) size 4x21
          text run at (426,166) width 4: " "
        RenderBR {BR} at (430,182) size 0x0
        RenderBR {BR} at (0,195) size 0x21
        RenderButton {INPUT} at (2,218) size 197x33 [bgcolor=#C0C0C0]
          RenderBlock (anonymous) at (6,6) size 185x21
            RenderText at (0,0) size 185x21
              text run at (0,0) width 185: "display: table-footer-group"
        RenderText {#text} at (201,224) size 4x21
          text run at (201,224) width 4: " "
        RenderButton {INPUT} at (207,218) size 197x33 [bgcolor=#C0C0C0]
          RenderBlock (anonymous) at (6,6) size 185x21
            RenderText at (0,0) size 185x21
              text run at (0,0) width 185: "display: table-footer-group"
        RenderText {#text} at (406,224) size 4x21
          text run at (406,224) width 4: " "
        RenderBR {BR} at (410,240) size 0x0
        RenderBR {BR} at (0,253) size 0x21
        RenderButton {INPUT} at (2,276) size 137x33 [bgcolor=#C0C0C0]
          RenderBlock (anonymous) at (6,6) size 125x21
            RenderText at (0,0) size 125x21
              text run at (0,0) width 125: "display: table-row"
        RenderText {#text} at (141,282) size 4x21
          text run at (141,282) width 4: " "
        RenderButton {INPUT} at (147,276) size 137x33 [bgcolor=#C0C0C0]
          RenderBlock (anonymous) at (6,6) size 125x21
            RenderText at (0,0) size 125x21
              text run at (0,0) width 125: "display: table-row"
        RenderText {#text} at (286,282) size 4x21
          text run at (286,282) width 4: " "
        RenderBR {BR} at (290,298) size 0x0
        RenderBR {BR} at (0,311) size 0x21
        RenderButton {INPUT} at (2,334) size 209x33 [bgcolor=#C0C0C0]
          RenderBlock (anonymous) at (6,6) size 197x21
            RenderText at (0,0) size 197x21
              text run at (0,0) width 197: "display: table-column-group"
        RenderText {#text} at (213,340) size 4x21
          text run at (213,340) width 4: " "
        RenderButton {INPUT} at (219,334) size 209x33 [bgcolor=#C0C0C0]
          RenderBlock (anonymous) at (6,6) size 197x21
            RenderText at (0,0) size 197x21
              text run at (0,0) width 197: "display: table-column-group"
        RenderText {#text} at (430,340) size 4x21
          text run at (430,340) width 4: " "
        RenderBR {BR} at (434,356) size 0x0
        RenderBR {BR} at (0,369) size 0x21
        RenderButton {INPUT} at (2,392) size 163x33 [bgcolor=#C0C0C0]
          RenderBlock (anonymous) at (6,6) size 151x21
            RenderText at (0,0) size 151x21
              text run at (0,0) width 151: "display: table-column"
        RenderText {#text} at (167,398) size 4x21
          text run at (167,398) width 4: " "
        RenderButton {INPUT} at (173,392) size 163x33 [bgcolor=#C0C0C0]
          RenderBlock (anonymous) at (6,6) size 151x21
            RenderText at (0,0) size 151x21
              text run at (0,0) width 151: "display: table-column"
        RenderText {#text} at (338,398) size 4x21
          text run at (338,398) width 4: " "
        RenderBR {BR} at (342,414) size 0x0
        RenderBR {BR} at (0,427) size 0x21
        RenderButton {INPUT} at (2,450) size 136x33 [bgcolor=#C0C0C0]
          RenderBlock (anonymous) at (6,6) size 124x21
            RenderText at (0,0) size 124x21
              text run at (0,0) width 124: "display: table-cell"
        RenderText {#text} at (140,456) size 4x21
          text run at (140,456) width 4: " "
        RenderButton {INPUT} at (146,450) size 136x33 [bgcolor=#C0C0C0]
          RenderBlock (anonymous) at (6,6) size 124x21
            RenderText at (0,0) size 124x21
              text run at (0,0) width 124: "display: table-cell"
        RenderText {#text} at (284,456) size 4x21
          text run at (284,456) width 4: " "
        RenderBR {BR} at (288,472) size 0x0
        RenderBR {BR} at (0,485) size 0x21
        RenderButton {INPUT} at (2,508) size 163x33 [bgcolor=#C0C0C0]
          RenderBlock (anonymous) at (6,6) size 151x21
            RenderText at (0,0) size 151x21
              text run at (0,0) width 151: "display: table-caption"
        RenderText {#text} at (167,514) size 4x21
          text run at (167,514) width 4: " "
        RenderButton {INPUT} at (173,508) size 163x33 [bgcolor=#C0C0C0]
          RenderBlock (anonymous) at (6,6) size 151x21
            RenderText at (0,0) size 151x21
              text run at (0,0) width 151: "display: table-caption"
        RenderText {#text} at (0,0) size 0x0
