layer at (0,0) size 800x600
  RenderView at (0,0) size 800x600
layer at (0,0) size 800x600
  RenderBlock {HTML} at (0,0) size 800x600
    RenderBody {BODY} at (8,8) size 784x576
      RenderBlock {P} at (0,0) size 784x42
        RenderText {#text} at (0,0) size 57x21
          text run at (0,0) width 57: "Test for "
        RenderInline {I} at (0,0) size 771x42
          RenderInline {A} at (0,0) size 329x21 [color=#0000EE]
            RenderText {#text} at (57,0) size 329x21
              text run at (57,0) width 329: "http://bugs.webkit.org/show_bug.cgi?id=15181"
          RenderText {#text} at (386,0) size 771x42
            text run at (386,0) width 4: " "
            text run at (390,0) width 381: "text-transform: uppercase not working in input (submit,"
            text run at (0,21) width 161: "reset, button) elements"
        RenderText {#text} at (161,21) size 4x21
          text run at (161,21) width 4: "."
      RenderBlock {P} at (0,58) size 784x37
        RenderButton {BUTTON} at (2,2) size 114x33 [bgcolor=#C0C0C0]
          RenderBlock (anonymous) at (6,6) size 102x21
            RenderText {#text} at (0,0) size 102x21
              text run at (0,0) width 102: "UPPERCASE"
        RenderText {#text} at (118,8) size 4x21
          text run at (118,8) width 4: " "
        RenderButton {BUTTON} at (124,2) size 85x33 [bgcolor=#C0C0C0]
          RenderBlock (anonymous) at (6,6) size 73x21
            RenderText {#text} at (0,0) size 73x21
              text run at (0,0) width 73: "lowercase"
        RenderText {#text} at (211,8) size 4x21
          text run at (211,8) width 4: " "
        RenderButton {BUTTON} at (217,2) size 84x33 [bgcolor=#C0C0C0]
          RenderBlock (anonymous) at (6,6) size 72x21
            RenderText {#text} at (0,0) size 72x21
              text run at (0,0) width 72: "Capitalize"
        RenderText {#text} at (0,0) size 0x0
      RenderBlock {P} at (0,111) size 784x37
        RenderButton {INPUT} at (2,2) size 114x33 [bgcolor=#C0C0C0]
          RenderBlock (anonymous) at (6,6) size 102x21
            RenderText at (0,0) size 102x21
              text run at (0,0) width 102: "UPPERCASE"
        RenderText {#text} at (118,8) size 4x21
          text run at (118,8) width 4: " "
        RenderButton {INPUT} at (124,2) size 85x33 [bgcolor=#C0C0C0]
          RenderBlock (anonymous) at (6,6) size 73x21
            RenderText at (0,0) size 73x21
              text run at (0,0) width 73: "lowercase"
        RenderText {#text} at (211,8) size 4x21
          text run at (211,8) width 4: " "
        RenderButton {INPUT} at (217,2) size 84x33 [bgcolor=#C0C0C0]
          RenderBlock (anonymous) at (6,6) size 72x21
            RenderText at (0,0) size 72x21
              text run at (0,0) width 72: "Capitalize"
        RenderText {#text} at (0,0) size 0x0
