layer at (0,0) size 800x600
  RenderView at (0,0) size 800x600
layer at (0,0) size 800x410
  RenderBlock {HTML} at (0,0) size 800x410
    RenderBody {BODY} at (8,16) size 784x386
      RenderBlock {P} at (0,0) size 784x42
        RenderText {#text} at (0,0) size 347x21
          text run at (0,0) width 325: "This is a test of generated content in <button> "
          text run at (325,0) width 22: "for "
        RenderInline {I} at (0,0) size 726x42
          RenderInline {A} at (0,0) size 379x21 [color=#0000EE]
            RenderText {#text} at (347,0) size 379x21
              text run at (347,0) width 379: "http://bugzilla.opendarwin.org/show_bug.cgi?id=9561"
          RenderText {#text} at (0,21) size 589x21
            text run at (0,21) width 589: "REGRESSION: Content property on :before of button causes hang on click or hover"
        RenderText {#text} at (589,21) size 4x21
          text run at (589,21) width 4: "."
      RenderBlock {HR} at (0,58) size 784x2 [border: (1px inset #000000)]
      RenderBlock (anonymous) at (0,68) size 784x318
        RenderButton {BUTTON} at (2,2) size 57x33 [color=#0000FF] [bgcolor=#C0C0C0]
          RenderBlock (anonymous) at (6,6) size 45x21
            RenderInline (generated) at (0,0) size 45x21
              RenderText at (0,0) size 45x21
                text run at (0,0) width 45: "before"
        RenderText {#text} at (61,8) size 4x21
          text run at (61,8) width 4: " "
        RenderButton {BUTTON} at (67,2) size 101x33 [color=#0000FF] [bgcolor=#C0C0C0]
          RenderBlock (anonymous) at (6,6) size 89x21
            RenderInline (generated) at (0,0) size 45x21
              RenderText at (0,0) size 45x21
                text run at (0,0) width 45: "before"
            RenderText {#text} at (45,0) size 44x21
              text run at (45,0) width 44: "button"
        RenderText {#text} at (170,8) size 4x21
          text run at (170,8) width 4: " "
        RenderBR {BR} at (0,0) size 0x0
        RenderButton {BUTTON} at (2,39) size 43x33 [color=#0000FF] [bgcolor=#C0C0C0]
          RenderBlock (anonymous) at (6,6) size 31x21
            RenderInline (generated) at (0,0) size 31x21
              RenderText at (0,0) size 31x21
                text run at (0,0) width 31: "after"
        RenderText {#text} at (47,45) size 4x21
          text run at (47,45) width 4: " "
        RenderButton {BUTTON} at (53,39) size 87x33 [color=#0000FF] [bgcolor=#C0C0C0]
          RenderBlock (anonymous) at (6,6) size 75x21
            RenderText {#text} at (0,0) size 44x21
              text run at (0,0) width 44: "button"
            RenderInline (generated) at (0,0) size 31x21
              RenderText at (44,0) size 31x21
                text run at (44,0) width 31: "after"
        RenderText {#text} at (142,45) size 4x21
          text run at (142,45) width 4: " "
        RenderBR {BR} at (0,0) size 0x0
        RenderButton {BUTTON} at (2,76) size 12x31 [bgcolor=#C0C0C0]
          RenderBlock (anonymous) at (6,15) size 0x0
        RenderText {#text} at (16,93) size 4x21
          text run at (16,93) width 4: " "
        RenderButton {BUTTON} at (22,87) size 56x33 [bgcolor=#C0C0C0]
          RenderBlock (anonymous) at (6,6) size 44x21
            RenderText {#text} at (0,0) size 44x21
              text run at (0,0) width 44: "button"
        RenderText {#text} at (80,93) size 4x21
          text run at (80,93) width 4: " "
        RenderBR {BR} at (0,0) size 0x0
        RenderButton {BUTTON} at (2,124) size 12x31 [bgcolor=#C0C0C0]
          RenderBlock (anonymous) at (6,15) size 0x0
        RenderText {#text} at (16,141) size 4x21
          text run at (16,141) width 4: " "
        RenderButton {BUTTON} at (22,135) size 56x33 [bgcolor=#C0C0C0]
          RenderBlock (anonymous) at (6,6) size 44x21
            RenderText {#text} at (0,0) size 44x21
              text run at (0,0) width 44: "button"
        RenderText {#text} at (80,141) size 4x21
          text run at (80,141) width 4: " "
        RenderBR {BR} at (0,0) size 0x0
        RenderButton {BUTTON} at (2,172) size 57x33 [bgcolor=#C0C0C0]
          RenderBlock (anonymous) at (6,6) size 45x21
            RenderInline (generated) at (0,0) size 45x21
              RenderText at (0,0) size 45x21
                text run at (0,0) width 45: "before"
        RenderText {#text} at (61,178) size 4x21
          text run at (61,178) width 4: " "
        RenderButton {BUTTON} at (67,172) size 101x33 [bgcolor=#C0C0C0]
          RenderBlock (anonymous) at (6,6) size 89x21
            RenderInline (generated) at (0,0) size 45x21
              RenderText at (0,0) size 45x21
                text run at (0,0) width 45: "before"
            RenderText {#text} at (45,0) size 44x21
              text run at (45,0) width 44: "button"
        RenderText {#text} at (170,178) size 4x21
          text run at (170,178) width 4: " "
        RenderBR {BR} at (0,0) size 0x0
        RenderButton {BUTTON} at (2,209) size 43x33 [bgcolor=#C0C0C0]
          RenderBlock (anonymous) at (6,6) size 31x21
            RenderInline (generated) at (0,0) size 31x21
              RenderText at (0,0) size 31x21
                text run at (0,0) width 31: "after"
        RenderText {#text} at (47,215) size 4x21
          text run at (47,215) width 4: " "
        RenderButton {BUTTON} at (53,209) size 87x33 [bgcolor=#C0C0C0]
          RenderBlock (anonymous) at (6,6) size 75x21
            RenderText {#text} at (0,0) size 44x21
              text run at (0,0) width 44: "button"
            RenderInline (generated) at (0,0) size 31x21
              RenderText at (44,0) size 31x21
                text run at (44,0) width 31: "after"
        RenderText {#text} at (142,215) size 4x21
          text run at (142,215) width 4: " "
        RenderBR {BR} at (0,0) size 0x0
        RenderButton {BUTTON} at (2,246) size 57x33 [bgcolor=#C0C0C0]
          RenderBlock (anonymous) at (6,6) size 45x21
            RenderInline (generated) at (0,0) size 45x21
              RenderText at (0,0) size 45x21
                text run at (0,0) width 45: "before"
        RenderText {#text} at (61,252) size 4x21
          text run at (61,252) width 4: " "
        RenderButton {BUTTON} at (67,246) size 101x33 [bgcolor=#C0C0C0]
          RenderBlock (anonymous) at (6,6) size 89x21
            RenderInline (generated) at (0,0) size 45x21
              RenderText at (0,0) size 45x21
                text run at (0,0) width 45: "before"
            RenderText {#text} at (45,0) size 44x21
              text run at (45,0) width 44: "button"
        RenderText {#text} at (170,252) size 4x21
          text run at (170,252) width 4: " "
        RenderBR {BR} at (0,0) size 0x0
        RenderButton {BUTTON} at (2,283) size 43x33 [bgcolor=#C0C0C0]
          RenderBlock (anonymous) at (6,6) size 31x21
            RenderInline (generated) at (0,0) size 31x21
              RenderText at (0,0) size 31x21
                text run at (0,0) width 31: "after"
        RenderText {#text} at (47,289) size 4x21
          text run at (47,289) width 4: " "
        RenderButton {BUTTON} at (53,283) size 87x33 [bgcolor=#C0C0C0]
          RenderBlock (anonymous) at (6,6) size 75x21
            RenderText {#text} at (0,0) size 44x21
              text run at (0,0) width 44: "button"
            RenderInline (generated) at (0,0) size 31x21
              RenderText at (44,0) size 31x21
                text run at (44,0) width 31: "after"
        RenderText {#text} at (142,289) size 4x21
          text run at (142,289) width 4: " "
        RenderBR {BR} at (0,0) size 0x0
