layer at (0,0) size 800x600
  RenderView at (0,0) size 800x600
layer at (0,0) size 800x600
  RenderBlock {HTML} at (0,0) size 800x600
    RenderBody {BODY} at (8,8) size 784x584
layer at (10,10) size 189x33
  RenderButton {BUTTON} at (10,10) size 189x33 [bgcolor=#C0C0C0]
    RenderBlock (anonymous) at (6,6) size 177x21
      RenderText {#text} at (0,0) size 177x21
        text run at (0,0) width 177: "This button is positioned."
layer at (10,10) size 219x33
  RenderButton {INPUT} at (10,10) size 219x33 [bgcolor=#C0C0C0]
    RenderBlock (anonymous) at (6,6) size 207x21
      RenderText at (0,0) size 207x21
        text run at (0,0) width 207: "This button is also positioned"
