layer at (0,0) size 800x600
  RenderView at (0,0) size 800x600
layer at (0,0) size 800x600
  RenderBlock {HTML} at (0,0) size 800x600
    RenderBody {BODY} at (8,8) size 784x584
      RenderText {#text} at (0,0) size 576x21
        text run at (0,0) width 576: "This tests that we don't honor line-height for controls that have restricted font size. "
      RenderBR {BR} at (0,0) size 0x0
      RenderMenuList {SELECT} at (2,23) size 386x30 [bgcolor=#FFFFFF]
        RenderBlock (anonymous) at (4,2) size 358x26
          RenderText at (0,2) size 358x21
            text run at (0,2) width 358: "This text should be centered vertically in the button"
      RenderText {#text} at (390,27) size 4x21
        text run at (390,27) width 4: " "
      RenderBR {BR} at (0,0) size 0x0
      RenderButton {INPUT} at (2,57) size 370x33 [bgcolor=#C0C0C0]
        RenderBlock (anonymous) at (6,6) size 358x21
          RenderText at (0,0) size 358x21
            text run at (0,0) width 358: "This text should be centered vertically in the button"
      RenderText {#text} at (374,63) size 4x21
        text run at (374,63) width 4: " "
      RenderBR {BR} at (0,0) size 0x0
      RenderTextControl {INPUT} at (2,94) size 186x30
        RenderDeprecatedFlexibleBox {DIV} at (2,2) size 182x26
          RenderBlock {DIV} at (0,13) size 0x0
          RenderBlock {DIV} at (0,0) size 171x26
          RenderBlock {DIV} at (171,7) size 11x11
      RenderText {#text} at (0,0) size 0x0
layer at (12,104) size 171x26 scrollWidth 360
  RenderBlock {DIV} at (0,0) size 171x26
    RenderText {#text} at (1,2) size 358x21
      text run at (1,2) width 358: "This text should be centered vertically in the button"
