layer at (0,0) size 800x600
  RenderView at (0,0) size 800x600
layer at (0,0) size 800x600
  RenderBlock {HTML} at (0,0) size 800x600
    RenderBody {BODY} at (8,8) size 784x572
      RenderBlock {P} at (0,0) size 784x42
        RenderText {#text} at (0,0) size 57x21
          text run at (0,0) width 57: "Test for "
        RenderInline {I} at (0,0) size 708x42
          RenderInline {A} at (0,0) size 329x21 [color=#0000EE]
            RenderText {#text} at (57,0) size 329x21
              text run at (57,0) width 329: "http://bugs.webkit.org/show_bug.cgi?id=17033"
          RenderText {#text} at (386,0) size 708x42
            text run at (386,0) width 4: " "
            text run at (390,0) width 318: "REGRESSION: Really long <option> causes"
            text run at (0,21) width 385: "unnecessary page scroll bars to accommodate content"
        RenderText {#text} at (385,21) size 4x21
          text run at (385,21) width 4: "."
      RenderBlock {P} at (0,58) size 784x21
        RenderText {#text} at (0,0) size 450x21
          text run at (0,0) width 450: "There should not be scroll bars below the popup and the button."
layer at (8,103) size 100x50
  RenderBlock {DIV} at (0,95) size 100x50
    RenderMenuList {SELECT} at (0,2) size 80x26 [bgcolor=#FFFFFF]
      RenderBlock (anonymous) at (4,2) size 55x21
        RenderText at (0,0) size 191x21
          text run at (0,0) width 191: "Lorem ipsum dolor sit amet"
    RenderText {#text} at (0,0) size 0x0
layer at (8,173) size 100x50
  RenderBlock {DIV} at (0,165) size 100x50
    RenderButton {BUTTON} at (0,2) size 80x33 [bgcolor=#C0C0C0]
      RenderBlock (anonymous) at (6,6) size 68x21
        RenderText {#text} at (0,0) size 191x21
          text run at (0,0) width 191: "Lorem ipsum dolor sit amet"
    RenderText {#text} at (0,0) size 0x0
