layer at (0,0) size 800x600
  RenderView at (0,0) size 800x600
layer at (0,0) size 800x600
  RenderBlock {HTML} at (0,0) size 800x600
    RenderBody {BODY} at (8,8) size 784x584
      RenderBlock {FORM} at (0,0) size 784x29
        RenderTextControl {INPUT} at (2,2) size 186x25
        RenderText {#text} at (0,0) size 0x0
      RenderBlock (anonymous) at (0,45) size 784x21
        RenderText {#text} at (0,0) size 132x21
          text run at (0,0) width 132: "multipart/form-data"
layer at (12,12) size 182x21
  RenderBlock {DIV} at (2,2) size 182x21
