layer at (0,0) size 784x800
  RenderView at (0,0) size 784x600
layer at (0,0) size 784x800
  RenderBlock {HTML} at (0,0) size 784x800
    RenderBody {BODY} at (8,8) size 768x784
      RenderBlock {H1} at (0,0) size 768x42
        RenderText {#text} at (0,0) size 467x42
          text run at (0,0) width 467: "Form Element Geometry Tests"
      RenderBlock {P} at (0,63) size 768x21
        RenderText {#text} at (0,0) size 604x21
          text run at (0,0) width 604: "These tests help us tune the widget classes in KWQ to have all the right fudge factors."
      RenderBlock {H2} at (0,103) size 768x32
        RenderText {#text} at (0,0) size 192x32
          text run at (0,0) width 192: "Bounding Boxes"
      RenderTable {TABLE} at (0,154) size 224x52
        RenderTableSection {TBODY} at (0,0) size 224x52
          RenderTableRow {TR} at (0,2) size 224x48
            RenderTableCell {TD} at (2,2) size 84x48 [r=0 c=0 rs=1 cs=1]
              RenderBlock {DIV} at (1,1) size 82x46 [border: (2px solid #0000FF)]
                RenderInline {FONT} at (0,0) size 78x30
                  RenderButton {INPUT} at (2,2) size 78x42 [bgcolor=#C0C0C0]
                    RenderBlock (anonymous) at (6,6) size 66x30
                      RenderText at (0,0) size 66x30
                        text run at (0,0) width 66: "button"
            RenderTableCell {TD} at (88,5) size 93x42 [r=0 c=1 rs=1 cs=1]
              RenderBlock {DIV} at (1,1) size 91x40 [border: (2px solid #0000FF)]
                RenderInline {FONT} at (0,0) size 87x30
                  RenderMenuList {SELECT} at (2,2) size 87x36 [bgcolor=#FFFFFF]
                    RenderBlock (anonymous) at (4,3) size 59x30
                      RenderText at (0,0) size 59x30
                        text run at (0,0) width 59: "menu"
            RenderTableCell {TD} at (183,17) size 18x18 [r=0 c=2 rs=1 cs=1]
              RenderBlock {DIV} at (1,1) size 16x16 [border: (2px solid #0000FF)]
                RenderInline {FONT} at (0,0) size 12x30
                  RenderBlock {INPUT} at (2,2) size 12x12
            RenderTableCell {TD} at (203,16) size 19x19 [r=0 c=3 rs=1 cs=1]
              RenderBlock {DIV} at (1,1) size 17x17 [border: (2px solid #0000FF)]
                RenderInline {FONT} at (0,0) size 13x30
                  RenderBlock {INPUT} at (2,2) size 13x13
      RenderTable {TABLE} at (0,206) size 183x43
        RenderTableSection {TBODY} at (0,0) size 183x43
          RenderTableRow {TR} at (0,2) size 183x39
            RenderTableCell {TD} at (2,2) size 62x39 [r=0 c=0 rs=1 cs=1]
              RenderBlock {DIV} at (1,1) size 60x37 [border: (2px solid #0000FF)]
                RenderButton {INPUT} at (2,2) size 56x33 [bgcolor=#C0C0C0]
                  RenderBlock (anonymous) at (6,6) size 44x21
                    RenderText at (0,0) size 44x21
                      text run at (0,0) width 44: "button"
            RenderTableCell {TD} at (66,5) size 74x32 [r=0 c=1 rs=1 cs=1]
              RenderBlock {DIV} at (1,1) size 72x30 [border: (2px solid #0000FF)]
                RenderMenuList {SELECT} at (2,2) size 68x26 [bgcolor=#FFFFFF]
                  RenderBlock (anonymous) at (4,2) size 40x21
                    RenderText at (0,0) size 40x21
                      text run at (0,0) width 40: "menu"
            RenderTableCell {TD} at (142,12) size 18x18 [r=0 c=2 rs=1 cs=1]
              RenderBlock {DIV} at (1,1) size 16x16 [border: (2px solid #0000FF)]
                RenderBlock {INPUT} at (2,2) size 12x12
            RenderTableCell {TD} at (162,12) size 19x19 [r=0 c=3 rs=1 cs=1]
              RenderBlock {DIV} at (1,1) size 17x17 [border: (2px solid #0000FF)]
                RenderBlock {INPUT} at (2,2) size 13x13
      RenderTable {TABLE} at (0,249) size 155x35
        RenderTableSection {TBODY} at (0,0) size 155x35
          RenderTableRow {TR} at (0,2) size 155x31
            RenderTableCell {TD} at (2,2) size 48x31 [r=0 c=0 rs=1 cs=1]
              RenderBlock {DIV} at (1,1) size 46x29 [border: (2px solid #0000FF)]
                RenderInline {FONT} at (0,0) size 42x13
                  RenderButton {INPUT} at (2,2) size 42x25 [bgcolor=#C0C0C0]
                    RenderBlock (anonymous) at (6,6) size 30x13
                      RenderText at (0,0) size 30x13
                        text run at (0,0) width 30: "button"
            RenderTableCell {TD} at (52,4) size 60x26 [r=0 c=1 rs=1 cs=1]
              RenderBlock {DIV} at (1,1) size 58x24 [border: (2px solid #0000FF)]
                RenderInline {FONT} at (0,0) size 54x13
                  RenderMenuList {SELECT} at (2,2) size 54x20 [bgcolor=#FFFFFF]
                    RenderBlock (anonymous) at (4,3) size 26x13
                      RenderText at (0,0) size 26x13
                        text run at (0,0) width 26: "menu"
            RenderTableCell {TD} at (114,8) size 18x18 [r=0 c=2 rs=1 cs=1]
              RenderBlock {DIV} at (1,1) size 16x16 [border: (2px solid #0000FF)]
                RenderInline {FONT} at (0,0) size 12x13
                  RenderBlock {INPUT} at (2,2) size 12x12
            RenderTableCell {TD} at (134,8) size 19x19 [r=0 c=3 rs=1 cs=1]
              RenderBlock {DIV} at (1,1) size 17x17 [border: (2px solid #0000FF)]
                RenderInline {FONT} at (0,0) size 13x13
                  RenderBlock {INPUT} at (2,2) size 13x13
      RenderTable {TABLE} at (0,284) size 680x99
        RenderTableSection {TBODY} at (0,0) size 680x99
          RenderTableRow {TR} at (0,2) size 680x95
            RenderTableCell {TD} at (2,2) size 100x31 [r=0 c=0 rs=1 cs=1]
              RenderBlock {DIV} at (1,1) size 98x29 [border: (2px solid #0000FF)]
                RenderTextControl {INPUT} at (2,2) size 94x25
            RenderTableCell {TD} at (104,2) size 48x95 [r=0 c=1 rs=1 cs=1]
              RenderBlock {DIV} at (1,1) size 46x93 [border: (2px solid #0000FF)]
                RenderListBox {SELECT} at (2,2) size 42x89 [bgcolor=#FFFFFF] [border: (1px inset #808080)]
            RenderTableCell {TD} at (154,2) size 312x39 [r=0 c=2 rs=1 cs=1]
              RenderBlock {DIV} at (1,1) size 310x37 [border: (2px solid #0000FF)]
                RenderFileUploadControl {INPUT} at (2,2) size 306x33 "No file selected"
                  RenderButton {INPUT} at (0,0) size 99x33 [bgcolor=#C0C0C0]
                    RenderBlock (anonymous) at (6,6) size 87x21
                      RenderText at (0,0) size 87x21
                        text run at (0,0) width 87: "Choose File"
            RenderTableCell {TD} at (468,2) size 210x56 [r=0 c=3 rs=1 cs=1]
              RenderBlock {DIV} at (1,1) size 208x54 [border: (2px solid #0000FF)]
      RenderBlock {H2} at (0,402) size 768x32
        RenderText {#text} at (0,0) size 223x32
          text run at (0,0) width 223: "Baseline Alignment"
      RenderBlock {DIV} at (0,453) size 768x46
        RenderInline {FONT} at (0,0) size 289x30
          RenderText {#text} at (0,8) size 46x30
            text run at (0,8) width 46: "text "
          RenderButton {INPUT} at (48,2) size 78x42 [bgcolor=#C0C0C0]
            RenderBlock (anonymous) at (6,6) size 66x30
              RenderText at (0,0) size 66x30
                text run at (0,0) width 66: "button"
          RenderText {#text} at (128,8) size 7x30
            text run at (128,8) width 7: " "
          RenderMenuList {SELECT} at (137,5) size 87x36 [bgcolor=#FFFFFF]
            RenderBlock (anonymous) at (4,3) size 59x30
              RenderText at (0,0) size 59x30
                text run at (0,0) width 59: "menu"
          RenderText {#text} at (226,8) size 7x30
            text run at (226,8) width 7: " "
          RenderBlock {INPUT} at (239,21) size 12x12
          RenderText {#text} at (257,8) size 7x30
            text run at (257,8) width 7: " "
          RenderBlock {INPUT} at (270,20) size 13x13
          RenderText {#text} at (0,0) size 0x0
      RenderBlock {DIV} at (0,499) size 768x37
        RenderText {#text} at (0,8) size 29x21
          text run at (0,8) width 29: "text "
        RenderButton {INPUT} at (31,2) size 56x33 [bgcolor=#C0C0C0]
          RenderBlock (anonymous) at (6,6) size 44x21
            RenderText at (0,0) size 44x21
              text run at (0,0) width 44: "button"
        RenderText {#text} at (89,8) size 4x21
          text run at (89,8) width 4: " "
        RenderMenuList {SELECT} at (95,6) size 68x26 [bgcolor=#FFFFFF]
          RenderBlock (anonymous) at (4,2) size 40x21
            RenderText at (0,0) size 40x21
              text run at (0,0) width 40: "menu"
        RenderText {#text} at (165,8) size 4x21
          text run at (165,8) width 4: " "
        RenderBlock {INPUT} at (173,14) size 12x12
        RenderText {#text} at (189,8) size 4x21
          text run at (189,8) width 4: " "
        RenderBlock {INPUT} at (197,13) size 13x13
        RenderText {#text} at (0,0) size 0x0
      RenderBlock {DIV} at (0,536) size 768x25
        RenderInline {FONT} at (0,0) size 158x13
          RenderText {#text} at (0,6) size 20x13
            text run at (0,6) width 20: "text "
          RenderButton {INPUT} at (20,0) size 42x25 [bgcolor=#C0C0C0]
            RenderBlock (anonymous) at (6,6) size 30x13
              RenderText at (0,0) size 30x13
                text run at (0,0) width 30: "button"
          RenderText {#text} at (62,6) size 3x13
            text run at (62,6) width 3: " "
          RenderMenuList {SELECT} at (65,3) size 54x20 [bgcolor=#FFFFFF]
            RenderBlock (anonymous) at (4,3) size 26x13
              RenderText at (0,0) size 26x13
                text run at (0,0) width 26: "menu"
          RenderText {#text} at (119,6) size 3x13
            text run at (119,6) width 3: " "
          RenderBlock {INPUT} at (124,6) size 12x12
          RenderText {#text} at (138,6) size 3x13
            text run at (138,6) width 3: " "
          RenderBlock {INPUT} at (143,5) size 13x13
          RenderText {#text} at (0,0) size 0x0
      RenderBlock {DIV} at (0,561) size 768x63
        RenderText {#text} at (0,34) size 29x21
          text run at (0,34) width 29: "text "
        RenderTextControl {INPUT} at (31,32) size 94x25
        RenderText {#text} at (127,34) size 4x21
          text run at (127,34) width 4: " "
        RenderFileUploadControl {INPUT} at (133,28) size 306x33 "No file selected"
          RenderButton {INPUT} at (0,0) size 99x33 [bgcolor=#C0C0C0]
            RenderBlock (anonymous) at (6,6) size 87x21
              RenderText at (0,0) size 87x21
                text run at (0,0) width 87: "Choose File"
        RenderText {#text} at (441,34) size 4x21
          text run at (441,34) width 4: " "
        RenderText {#text} at (0,0) size 0x0
      RenderBlock {H2} at (0,643) size 768x32
        RenderText {#text} at (0,0) size 222x32
          text run at (0,0) width 222: "Pop-up Menu Sizes"
      RenderBlock {DIV} at (0,694) size 768x40
        RenderInline {FONT} at (0,0) size 220x30
          RenderText {#text} at (0,0) size 0x0
          RenderMenuList {SELECT} at (2,2) size 35x36 [bgcolor=#FFFFFF]
            RenderBlock (anonymous) at (4,3) size 7x30
              RenderBR at (0,0) size 0x30 [bgcolor=#FFFFFF]
          RenderText {#text} at (39,5) size 7x30
            text run at (39,5) width 7: " "
          RenderMenuList {SELECT} at (48,2) size 35x36 [bgcolor=#FFFFFF]
            RenderBlock (anonymous) at (4,3) size 7x30
              RenderText at (0,0) size 6x30
                text run at (0,0) width 6: "|"
          RenderText {#text} at (85,5) size 7x30
            text run at (85,5) width 7: " "
          RenderMenuList {SELECT} at (94,2) size 124x36 [bgcolor=#FFFFFF]
            RenderBlock (anonymous) at (4,3) size 96x30
              RenderText at (0,0) size 96x30
                text run at (0,0) width 96: "xxxxxxxx"
          RenderText {#text} at (0,0) size 0x0
      RenderBlock {DIV} at (0,734) size 768x30
        RenderMenuList {SELECT} at (2,2) size 35x26 [bgcolor=#FFFFFF]
          RenderBlock (anonymous) at (4,2) size 7x21
            RenderBR at (0,0) size 0x21 [bgcolor=#FFFFFF]
        RenderText {#text} at (39,4) size 4x21
          text run at (39,4) width 4: " "
        RenderMenuList {SELECT} at (45,2) size 35x26 [bgcolor=#FFFFFF]
          RenderBlock (anonymous) at (4,2) size 7x21
            RenderText at (0,0) size 4x21
              text run at (0,0) width 4: "|"
        RenderText {#text} at (82,4) size 4x21
          text run at (82,4) width 4: " "
        RenderMenuList {SELECT} at (88,2) size 92x26 [bgcolor=#FFFFFF]
          RenderBlock (anonymous) at (4,2) size 64x21
            RenderText at (0,0) size 64x21
              text run at (0,0) width 64: "xxxxxxxx"
        RenderText {#text} at (0,0) size 0x0
      RenderBlock {DIV} at (0,764) size 768x20
        RenderInline {FONT} at (0,0) size 144x13
          RenderText {#text} at (0,0) size 0x0
          RenderMenuList {SELECT} at (0,0) size 35x20 [bgcolor=#FFFFFF]
            RenderBlock (anonymous) at (4,3) size 7x13
              RenderBR at (0,0) size 0x13 [bgcolor=#FFFFFF]
          RenderText {#text} at (35,3) size 3x13
            text run at (35,3) width 3: " "
          RenderMenuList {SELECT} at (38,0) size 35x20 [bgcolor=#FFFFFF]
            RenderBlock (anonymous) at (4,3) size 7x13
              RenderText at (0,0) size 3x13
                text run at (0,0) width 3: "|"
          RenderText {#text} at (73,3) size 3x13
            text run at (73,3) width 3: " "
          RenderMenuList {SELECT} at (76,0) size 68x20 [bgcolor=#FFFFFF]
            RenderBlock (anonymous) at (4,3) size 40x13
              RenderText at (0,0) size 40x13
                text run at (0,0) width 40: "xxxxxxxx"
          RenderText {#text} at (0,0) size 0x0
layer at (15,299) size 90x21
  RenderBlock {DIV} at (2,2) size 90x21
    RenderText {#text} at (0,0) size 59x21
      text run at (0,0) width 59: "text field"
layer at (481,299) size 200x46
  RenderTextControl {TEXTAREA} at (4,4) size 200x46
    RenderBlock {DIV} at (2,2) size 196x21
      RenderText {#text} at (0,0) size 57x21
        text run at (0,0) width 57: "textarea"
layer at (41,603) size 90x21
  RenderBlock {DIV} at (2,2) size 90x21
    RenderText {#text} at (0,0) size 59x21
      text run at (0,0) width 59: "text field"
layer at (455,571) size 200x46
  RenderTextControl {TEXTAREA} at (447,2) size 200x46
    RenderBlock {DIV} at (2,2) size 196x21
      RenderText {#text} at (0,0) size 57x21
        text run at (0,0) width 57: "textarea"
