layer at (0,0) size 800x600
  RenderView at (0,0) size 800x600
layer at (0,0) size 800x600
  RenderBlock {HTML} at (0,0) size 800x600
    RenderBody {BODY} at (8,8) size 784x584
      RenderBlock (anonymous) at (0,0) size 784x0
        RenderInline {A} at (0,0) size 0x0
          RenderText {#text} at (0,0) size 0x0
        RenderInline {A} at (0,0) size 0x0
      RenderBlock {DIV} at (0,0) size 784x41
        RenderBlock (anonymous) at (0,0) size 784x0
          RenderInline {A} at (0,0) size 0x0
            RenderText {#text} at (0,0) size 0x0
        RenderBlock (anonymous) at (0,0) size 784x41
          RenderTable {TABLE} at (0,0) size 68x41
            RenderTableSection {TBODY} at (0,0) size 68x41
              RenderTableRow {TR} at (0,2) size 68x37
                RenderTableCell {TD} at (2,19) size 2x2 [r=0 c=0 rs=1 cs=1]
                RenderTableCell {TD} at (6,2) size 60x37 [r=0 c=1 rs=1 cs=1]
                  RenderButton {INPUT} at (3,3) size 54x31 [bgcolor=#C0C0C0]
                    RenderBlock (anonymous) at (6,6) size 42x19
                      RenderText at (0,0) size 42x19
                        text run at (0,0) width 42: "Search"
        RenderBlock (anonymous) at (0,41) size 784x0
          RenderInline {A} at (0,0) size 0x0
          RenderInline {A} at (0,0) size 0x0 [color=#0000EE]
          RenderText {#text} at (0,0) size 0x0
      RenderBlock (anonymous) at (0,41) size 784x19
        RenderText {#text} at (0,0) size 0x0
        RenderText {#text} at (0,0) size 99x19
          text run at (0,0) width 99: "Form did submit"
