layer at (0,0) size 800x600
  RenderView at (0,0) size 800x600
layer at (0,0) size 800x600
  RenderBlock {HTML} at (0,0) size 800x600
    RenderBody {BODY} at (8,8) size 784x584
      RenderBlock {FORM} at (0,0) size 784x21
        RenderBlock {INPUT} at (4,6) size 12x12
        RenderText {#text} at (20,0) size 35x21
          text run at (20,0) width 35: "Two "
        RenderBlock {INPUT} at (59,6) size 12x12
        RenderText {#text} at (75,0) size 42x21
          text run at (75,0) width 42: "Three"
      RenderBlock {FORM} at (0,37) size 784x21
        RenderBlock {INPUT} at (4,6) size 12x12
        RenderText {#text} at (20,0) size 34x21
          text run at (20,0) width 34: "One "
        RenderBlock {INPUT} at (58,6) size 12x12
        RenderText {#text} at (74,0) size 35x21
          text run at (74,0) width 35: "Two "
        RenderBlock {INPUT} at (113,6) size 12x12
        RenderText {#text} at (129,0) size 46x21
          text run at (129,0) width 46: "Three "
        RenderBlock {INPUT} at (179,6) size 12x12
        RenderText {#text} at (195,0) size 30x21
          text run at (195,0) width 30: "One"
      RenderBlock (anonymous) at (0,74) size 784x42
        RenderText {#text} at (0,0) size 782x42
          text run at (0,0) width 556: "The count of the # of elements in form 1 should be 2 and in form 2 should be 4. "
          text run at (556,0) width 226: "The count in form 1 is 2, and the"
          text run at (0,21) width 133: "count in form 2 is 4"
