layer at (0,0) size 800x600
  RenderView at (0,0) size 800x600
layer at (0,0) size 800x600
  RenderBlock {HTML} at (0,0) size 800x600
    RenderBody {BODY} at (8,8) size 784x584
      RenderText {#text} at (0,0) size 631x19
        text run at (0,0) width 631: "In the list box below, the text \"This text should appear\" should be shown as the first entry into the list box."
      RenderBR {BR} at (631,15) size 0x0
      RenderListBox {SELECT} at (2,21) size 161x101 [bgcolor=#FFFFFF] [border: (1px inset #808080)]
      RenderText {#text} at (0,0) size 0x0
