layer at (0,0) size 800x600
  RenderView at (0,0) size 800x600
layer at (0,0) size 800x600
  RenderBlock {HTML} at (0,0) size 800x600
    RenderBody {BODY} at (8,8) size 784x584
      RenderText {#text} at (0,0) size 654x21
        text run at (0,0) width 654: "This test passes if it doesn't crash and if the Submit button does not honor the first-letter style."
      RenderBR {BR} at (654,16) size 0x0
      RenderButton {INPUT} at (2,23) size 66x30 [border: (2px outset #C0C0C0)]
        RenderBlock (anonymous) at (8,4) size 50x21
          RenderText at (0,0) size 50x21
            text run at (0,0) width 50: "Submit"
      RenderText {#text} at (0,0) size 0x0
