layer at (0,0) size 800x600
  RenderView at (0,0) size 800x600
layer at (0,0) size 800x600
  RenderBlock {HTML} at (0,0) size 800x600
    RenderBody {BODY} at (8,8) size 784x584
      RenderBlock {P} at (0,0) size 784x21
        RenderText {#text} at (0,0) size 650x21
          text run at (0,0) width 650: "The following 4 images should be all be rendered exactly the same, aligned to the right side."
      RenderImage {INPUT} at (767,37) size 17x19
      RenderBlock (anonymous) at (0,37) size 784x126
        RenderBR {BR} at (0,0) size 0x21
        RenderBR {BR} at (0,21) size 0x21
        RenderImage {INPUT} at (767,42) size 17x19
        RenderBR {BR} at (0,42) size 0x21
        RenderBR {BR} at (0,63) size 0x21
        RenderImage {INPUT} at (767,84) size 17x19
        RenderText {#text} at (0,0) size 0x0
        RenderBR {BR} at (0,84) size 0x21
        RenderBR {BR} at (0,105) size 0x21
      RenderBlock {DIV} at (0,163) size 784x0
        RenderImage {INPUT} at (767,0) size 17x19
