layer at (0,0) size 800x600
  RenderView at (0,0) size 800x600
layer at (0,0) size 800x600
  RenderBlock {HTML} at (0,0) size 800x600
    RenderBody {BODY} at (8,8) size 784x576
      RenderBlock (anonymous) at (0,0) size 784x29
        RenderTextControl {INPUT} at (2,2) size 186x25
        RenderText {#text} at (190,4) size 4x21
          text run at (190,4) width 4: " "
        RenderTextControl {INPUT} at (196,2) size 186x25
        RenderText {#text} at (384,4) size 4x21
          text run at (384,4) width 4: " "
        RenderTextControl {INPUT} at (390,2) size 186x25
        RenderText {#text} at (0,0) size 0x0
      RenderBlock {P} at (0,45) size 784x42
        RenderText {#text} at (0,0) size 748x42
          text run at (0,0) width 748: "Tests scrolling back to the beginning when a text field blurs. The first field should be scrolled to the left, the"
          text run at (0,21) width 260: "second and third scrolled to the right."
layer at (12,12) size 182x21 scrollWidth 399
  RenderBlock {DIV} at (2,2) size 182x21
    RenderText {#text} at (1,0) size 397x21
      text run at (1,0) width 397: "this text field has a lot of text in it so that it needs to scroll"
layer at (206,12) size 182x21 scrollX 216 scrollWidth 398
  RenderBlock {DIV} at (2,2) size 182x21
    RenderText {#text} at (-216,0) size 397x21
      text run at (-216,0) width 397: "this text field has a lot of text in it so that it needs to scroll"
layer at (400,12) size 182x21 scrollX 217 scrollWidth 399
  RenderBlock {DIV} at (2,2) size 182x21
    RenderText {#text} at (1,0) size 397x21
      text run at (1,0) width 397: "this text field has a lot of text in it so that it needs to scroll"
caret: position 66 of child 0 {#text} of child 0 {DIV} of {#shadow-root} of child 4 {INPUT} of body
