layer at (0,0) size 800x600
  RenderView at (0,0) size 800x600
layer at (0,0) size 800x384
  RenderBlock {HTML} at (0,0) size 800x384
    RenderBody {BODY} at (8,16) size 784x352
      RenderBlock {P} at (0,0) size 784x30
        RenderTextControl {INPUT} at (616,2) size 166x26
          RenderDeprecatedFlexibleBox {DIV} at (2,2) size 162x22
            RenderBlock {DIV} at (16,0) size 146x22
        RenderText {#text} at (0,0) size 0x0
      RenderBlock {P} at (0,46) size 784x30
        RenderTextControl {INPUT} at (616,2) size 166x26
          RenderDeprecatedFlexibleBox {DIV} at (2,2) size 162x22
            RenderBlock {DIV} at (16,0) size 146x22
        RenderText {#text} at (0,0) size 0x0
      RenderBlock {P} at (0,92) size 784x30
        RenderTextControl {INPUT} at (2,2) size 166x26
          RenderDeprecatedFlexibleBox {DIV} at (2,2) size 162x22
            RenderBlock {DIV} at (16,0) size 146x22
        RenderText {#text} at (0,0) size 0x0
      RenderBlock {P} at (0,138) size 784x30
        RenderTextControl {INPUT} at (2,2) size 166x26
          RenderDeprecatedFlexibleBox {DIV} at (2,2) size 162x22
            RenderBlock {DIV} at (16,0) size 146x22
        RenderText {#text} at (0,0) size 0x0
        RenderText {#text} at (0,0) size 0x0
      RenderBlock {P} at (0,184) size 784x30
        RenderTextControl {INPUT} at (2,2) size 166x26
          RenderDeprecatedFlexibleBox {DIV} at (2,2) size 162x22
            RenderBlock {DIV} at (0,0) size 146x22
        RenderText {#text} at (0,0) size 0x0
      RenderBlock {P} at (0,230) size 784x30
        RenderTextControl {INPUT} at (2,2) size 166x26
          RenderDeprecatedFlexibleBox {DIV} at (2,2) size 162x22
            RenderBlock {DIV} at (0,0) size 146x22
        RenderText {#text} at (0,0) size 0x0
        RenderText {#text} at (0,0) size 0x0
      RenderBlock {P} at (0,276) size 784x30
        RenderTextControl {INPUT} at (2,2) size 166x26
          RenderDeprecatedFlexibleBox {DIV} at (2,2) size 162x22
            RenderBlock {DIV} at (16,0) size 146x22
        RenderText {#text} at (0,0) size 0x0
      RenderBlock {P} at (0,322) size 784x30
        RenderTextControl {INPUT} at (2,2) size 166x26
          RenderDeprecatedFlexibleBox {DIV} at (2,2) size 162x22
            RenderBlock {DIV} at (16,0) size 146x22
        RenderText {#text} at (0,0) size 0x0
        RenderText {#text} at (0,0) size 0x0
layer at (642,20) size 146x22
  RenderBlock {DIV} at (0,0) size 146x22
    RenderText {#text} at (137,0) size 8x22
      text run at (137,0) width 8: "1"
layer at (642,66) size 146x22
  RenderBlock {DIV} at (0,0) size 146x22
    RenderText {#text} at (137,0) size 8x22
      text run at (137,0) width 8: "2"
layer at (28,112) size 146x22
  RenderBlock {DIV} at (0,0) size 146x22
    RenderText {#text} at (137,0) size 8x22
      text run at (137,0) width 8: "3"
layer at (28,158) size 146x22
  RenderBlock {DIV} at (0,0) size 146x22
    RenderText {#text} at (113,0) size 32x22
      text run at (113,0) width 32: "1234"
layer at (12,204) size 146x22
  RenderBlock {DIV} at (0,0) size 146x22
    RenderText {#text} at (1,0) size 8x22
      text run at (1,0) width 8: "5"
layer at (12,250) size 146x22
  RenderBlock {DIV} at (0,0) size 146x22
    RenderText {#text} at (1,0) size 8x22
      text run at (1,0) width 8: "6"
layer at (28,296) size 146x22
  RenderBlock {DIV} at (0,0) size 146x22
    RenderText {#text} at (137,0) size 8x22
      text run at (137,0) width 8: "7"
layer at (28,342) size 146x22
  RenderBlock {DIV} at (0,0) size 146x22
    RenderText {#text} at (137,0) size 8x22
      text run at (137,0) width 8: "8"
layer at (624,18) size 16x26
  RenderBlock (relative positioned) {DIV} at (-2,-2) size 16x26
layer at (624,64) size 16x26
  RenderBlock (relative positioned) {DIV} at (-2,-2) size 16x26
layer at (10,110) size 16x26
  RenderBlock (relative positioned) {DIV} at (-2,-2) size 16x26
layer at (10,156) size 16x26
  RenderBlock (relative positioned) {DIV} at (-2,-2) size 16x26
layer at (160,202) size 16x26
  RenderBlock (relative positioned) {DIV} at (148,-2) size 16x26
layer at (160,248) size 16x26
  RenderBlock (relative positioned) {DIV} at (148,-2) size 16x26
layer at (10,294) size 16x26
  RenderBlock (relative positioned) {DIV} at (-2,-2) size 16x26
layer at (10,340) size 16x26
  RenderBlock (relative positioned) {DIV} at (-2,-2) size 16x26
caret: position 4 of child 0 {#text} of child 0 {DIV} of child 0 {DIV} of child 0 {DIV} of {#shadow-root} of child 0 {INPUT} of child 6 {P} of body
