layer at (0,0) size 800x600
  RenderView at (0,0) size 800x600
layer at (0,0) size 800x600
  RenderBlock {HTML} at (0,0) size 800x600
    RenderBody {BODY} at (8,8) size 784x584
      RenderBlock (anonymous) at (0,0) size 784x92
        RenderText {#text} at (0,0) size 736x42
          text run at (0,0) width 736: "This test checks that undoing a paste into an empty text field doesn't cause it to collapse vertically. When"
          text run at (0,21) width 396: "running manually, you have to paste and undo by hand. "
        RenderBR {BR} at (396,37) size 0x0
        RenderBR {BR} at (0,42) size 0x21
        RenderTextControl {INPUT} at (2,65) size 186x25
        RenderText {#text} at (0,0) size 0x0
      RenderBlock {DIV} at (0,92) size 784x21
        RenderText {#text} at (0,0) size 91x21
          text run at (0,0) width 91: "Text to paste"
      RenderBlock {DIV} at (0,113) size 784x0
layer at (12,75) size 182x21
  RenderBlock {DIV} at (2,2) size 182x21
caret: position 0 of child 0 {DIV} of {#shadow-root} of child 4 {INPUT} of body
