layer at (0,0) size 800x600
  RenderView at (0,0) size 800x600
layer at (0,0) size 800x76
  RenderBlock {HTML} at (0,0) size 800x76
    RenderBody {BODY} at (8,8) size 784x60
      RenderBR {BR} at (170,4) size 0x22
      RenderTextControl {INPUT} at (2,32) size 166x26
        RenderDeprecatedFlexibleBox {DIV} at (2,2) size 162x22
          RenderBlock {DIV} at (0,0) size 146x22
      RenderText {#text} at (0,0) size 0x0
layer at (12,42) size 146x22
  RenderBlock {DIV} at (0,0) size 146x22
    RenderText {#text} at (1,0) size 16x22
      text run at (1,0) width 16: "10"
layer at (10,10) size 166x26
  RenderTextControl {INPUT} at (2,2) size 166x26
    RenderDeprecatedFlexibleBox {DIV} at (2,2) size 162x22
      RenderBlock {DIV} at (0,0) size 146x22
layer at (12,12) size 146x22
  RenderBlock {DIV} at (0,0) size 146x22
    RenderText {#text} at (1,0) size 16x22
      text run at (1,0) width 16: "10"
layer at (160,10) size 16x26
  RenderBlock (relative positioned) {DIV} at (148,-2) size 16x26
layer at (160,40) size 16x26
  RenderBlock (relative positioned) {DIV} at (148,-2) size 16x26
