layer at (0,0) size 800x600
  RenderView at (0,0) size 800x600
layer at (0,0) size 800x600
  RenderBlock {HTML} at (0,0) size 800x600
    RenderBody {BODY} at (8,8) size 784x584
      RenderBlock {P} at (0,0) size 784x30
        RenderText {#text} at (0,0) size 778x30
          text run at (0,0) width 778: "Text inside input field should not be cut off at the bottom when its font is larger than the body font size. If the descenders in \"something gjpqy\" below are all visible,"
          text run at (0,15) width 376: "the test passes. If they are cut off by the bottom of the input box, the test fails."
      RenderBlock (anonymous) at (0,41) size 784x24
        RenderTextControl {INPUT} at (0,2) size 300x20
        RenderText {#text} at (0,0) size 0x0
layer at (10,53) size 296x16
  RenderBlock {DIV} at (2,2) size 296x16
    RenderText {#text} at (1,0) size 90x16
      text run at (1,0) width 90: "something gjpqy"
