layer at (0,0) size 800x600
  RenderView at (0,0) size 800x600
layer at (0,0) size 800x600
  RenderBlock {HTML} at (0,0) size 800x600
    RenderBody {BODY} at (8,8) size 784x584
      RenderBlock {P} at (0,0) size 784x19
        RenderText {#text} at (0,0) size 323x19
          text run at (0,0) width 323: "Focus the field, focus away, then focus the field again."
      RenderBlock {DIV} at (0,35) size 784x27
        RenderTextControl {INPUT} at (2,2) size 192x23
        RenderText {#text} at (0,0) size 0x0
        RenderText {#text} at (0,0) size 0x0
layer at (12,47) size 188x19
  RenderBlock {DIV} at (2,2) size 188x19 [color=#A9A9A9]
    RenderText {#text} at (0,0) size 71x19
      text run at (0,0) width 71: "Placeholder"
layer at (12,47) size 188x19
  RenderBlock {DIV} at (2,2) size 188x19
caret: position 0 of child 0 {DIV} of {#shadow-root} of child 1 {INPUT} of child 3 {DIV} of body
