layer at (0,0) size 800x600
  RenderView at (0,0) size 800x600
layer at (0,0) size 800x600
  RenderBlock {HTML} at (0,0) size 800x600
    RenderBody {BODY} at (8,8) size 784x576
      RenderBlock {DIV} at (0,0) size 425x75 [bgcolor=#FFFF00]
        RenderTextControl {INPUT} at (27,27) size 186x25
          RenderBlock {DIV} at (2,2) size 182x21
      RenderBlock {P} at (0,91) size 784x42
        RenderText {#text} at (0,0) size 782x42
          text run at (0,0) width 782: "This test clicks outside an input element, and must not result in the element receiving focus. If the test succeeds"
          text run at (0,21) width 290: "the element should not have a focus ring."
caret: position 0 of child 0 {DIV} of {#shadow-root} of child 0 {INPUT} of child 0 {DIV} of body
