layer at (0,0) size 800x600
  RenderView at (0,0) size 800x600
layer at (0,0) size 800x600
  RenderBlock {HTML} at (0,0) size 800x600
    RenderBody {BODY} at (8,8) size 784x576
      RenderBlock (anonymous) at (0,0) size 784x29
        RenderTextControl {INPUT} at (2,2) size 186x25
        RenderText {#text} at (0,0) size 0x0
      RenderBlock {P} at (0,45) size 784x21
        RenderText {#text} at (0,0) size 713x21
          text run at (0,0) width 713: "Tests option-deleting a word. If the test succeeds, the word \"word\" should end up with a space after it."
layer at (12,12) size 182x21
  RenderBlock {DIV} at (2,2) size 182x21
    RenderText {#text} at (1,0) size 39x21
      text run at (1,0) width 39: "word "
caret: position 5 of child 0 {#text} of child 0 {DIV} of {#shadow-root} of child 0 {INPUT} of body
