layer at (0,0) size 800x600
  RenderView at (0,0) size 800x600
layer at (0,0) size 800x600
  RenderBlock {HTML} at (0,0) size 800x600
    RenderBody {BODY} at (8,8) size 784x584
      RenderButton {INPUT} at (0,10) size 37x23 [bgcolor=#C0C0C0]
        RenderBlock (anonymous) at (6,8) size 25x7
          RenderText at (0,0) size 25x7
            text run at (0,0) width 25: "Test Button"
      RenderText {#text} at (37,7) size 4x21
        text run at (37,7) width 4: " "
      RenderButton {INPUT} at (41,10) size 43x23 [bgcolor=#C0C0C0]
        RenderBlock (anonymous) at (6,7) size 31x8
          RenderText at (0,0) size 31x8
            text run at (0,0) width 31: "Test Button"
      RenderText {#text} at (84,7) size 4x21
        text run at (84,7) width 4: " "
      RenderButton {INPUT} at (88,9) size 49x23 [bgcolor=#C0C0C0]
        RenderBlock (anonymous) at (6,7) size 37x9
          RenderText at (0,0) size 37x9
            text run at (0,0) width 37: "Test Button"
      RenderText {#text} at (137,7) size 4x21
        text run at (137,7) width 4: " "
      RenderButton {INPUT} at (141,9) size 50x23 [bgcolor=#C0C0C0]
        RenderBlock (anonymous) at (6,6) size 38x11
          RenderText at (0,0) size 38x11
            text run at (0,0) width 38: "Test Button"
      RenderText {#text} at (191,7) size 4x21
        text run at (191,7) width 4: " "
      RenderButton {INPUT} at (195,8) size 61x24 [bgcolor=#C0C0C0]
        RenderBlock (anonymous) at (6,6) size 49x12
          RenderText at (0,0) size 49x12
            text run at (0,0) width 49: "Test Button"
      RenderText {#text} at (256,7) size 4x21
        text run at (256,7) width 4: " "
      RenderButton {INPUT} at (260,7) size 66x25 [bgcolor=#C0C0C0]
        RenderBlock (anonymous) at (6,6) size 54x13
          RenderText at (0,0) size 54x13
            text run at (0,0) width 54: "Test Button"
      RenderText {#text} at (326,7) size 4x21
        text run at (326,7) width 4: " "
      RenderButton {INPUT} at (332,6) size 68x27 [bgcolor=#C0C0C0]
        RenderBlock (anonymous) at (6,6) size 56x15
          RenderText at (0,0) size 56x15
            text run at (0,0) width 56: "Test Button"
      RenderText {#text} at (402,7) size 4x21
        text run at (402,7) width 4: " "
      RenderButton {INPUT} at (408,5) size 73x28 [bgcolor=#C0C0C0]
        RenderBlock (anonymous) at (6,6) size 61x16
          RenderText at (0,0) size 61x16
            text run at (0,0) width 61: "Test Button"
      RenderText {#text} at (483,7) size 4x21
        text run at (483,7) width 4: " "
      RenderButton {INPUT} at (489,4) size 80x29 [bgcolor=#C0C0C0]
        RenderBlock (anonymous) at (6,6) size 68x17
          RenderText at (0,0) size 68x17
            text run at (0,0) width 68: "Test Button"
      RenderText {#text} at (571,7) size 4x21
        text run at (571,7) width 4: " "
      RenderButton {INPUT} at (577,3) size 85x30 [bgcolor=#C0C0C0]
        RenderBlock (anonymous) at (6,6) size 73x18
          RenderText at (0,0) size 73x18
            text run at (0,0) width 73: "Test Button"
      RenderText {#text} at (664,7) size 4x21
        text run at (664,7) width 4: " "
      RenderButton {INPUT} at (670,2) size 87x32 [bgcolor=#C0C0C0]
        RenderBlock (anonymous) at (6,6) size 75x20
          RenderText at (0,0) size 75x20
            text run at (0,0) width 75: "Test Button"
      RenderText {#text} at (759,7) size 4x21
        text run at (759,7) width 4: " "
      RenderButton {INPUT} at (2,43) size 93x33 [bgcolor=#C0C0C0]
        RenderBlock (anonymous) at (6,6) size 81x21
          RenderText at (0,0) size 81x21
            text run at (0,0) width 81: "Test Button"
      RenderText {#text} at (97,49) size 4x21
        text run at (97,49) width 4: " "
      RenderButton {INPUT} at (103,42) size 98x34 [bgcolor=#C0C0C0]
        RenderBlock (anonymous) at (6,6) size 86x22
          RenderText at (0,0) size 86x22
            text run at (0,0) width 86: "Test Button"
      RenderText {#text} at (203,49) size 4x21
        text run at (203,49) width 4: " "
      RenderButton {INPUT} at (209,41) size 104x36 [bgcolor=#C0C0C0]
        RenderBlock (anonymous) at (6,6) size 92x24
          RenderText at (0,0) size 92x24
            text run at (0,0) width 92: "Test Button"
      RenderText {#text} at (315,49) size 4x21
        text run at (315,49) width 4: " "
      RenderButton {INPUT} at (321,40) size 111x37 [bgcolor=#C0C0C0]
        RenderBlock (anonymous) at (6,6) size 99x25
          RenderText at (0,0) size 99x25
            text run at (0,0) width 99: "Test Button"
      RenderText {#text} at (434,49) size 4x21
        text run at (434,49) width 4: " "
      RenderButton {INPUT} at (440,39) size 115x38 [bgcolor=#C0C0C0]
        RenderBlock (anonymous) at (6,6) size 103x26
          RenderText at (0,0) size 103x26
            text run at (0,0) width 103: "Test Button"
      RenderText {#text} at (557,49) size 4x21
        text run at (557,49) width 4: " "
      RenderButton {INPUT} at (563,38) size 122x39 [bgcolor=#C0C0C0]
        RenderBlock (anonymous) at (6,6) size 110x27
          RenderText at (0,0) size 110x27
            text run at (0,0) width 110: "Test Button"
      RenderText {#text} at (0,0) size 0x0
