layer at (0,0) size 800x600
  RenderView at (0,0) size 800x600
layer at (0,0) size 800x600
  RenderBlock {HTML} at (0,0) size 800x600
    RenderBody {BODY} at (8,8) size 784x576
      RenderBlock (anonymous) at (0,0) size 784x21
        RenderText {#text} at (0,0) size 541x21
          text run at (0,0) width 541: "This tests that the value becomes visible when the text field becomes visible."
      RenderBlock {P} at (0,37) size 784x29
        RenderTextControl {INPUT} at (2,2) size 186x25
        RenderText {#text} at (0,0) size 0x0
      RenderBlock {DIV} at (0,82) size 784x0
      RenderBlock {P} at (0,82) size 784x0
layer at (12,49) size 182x21
  RenderBlock {DIV} at (2,2) size 182x21
    RenderText {#text} at (1,0) size 89x21
      text run at (1,0) width 89: "Test Passed"
