layer at (0,0) size 800x600
  RenderView at (0,0) size 800x600
layer at (0,0) size 800x600
  RenderBlock {HTML} at (0,0) size 800x600
    RenderBody {BODY} at (8,8) size 784x576
      RenderBlock {P} at (0,0) size 784x21
        RenderText {#text} at (0,0) size 35x21
          text run at (0,0) width 35: "Test "
        RenderInline {TT} at (0,0) size 57x17
          RenderText {#text} at (35,3) size 57x17
            text run at (35,3) width 57: "<isindex>"
        RenderText {#text} at (92,0) size 142x21
          text run at (92,0) width 142: " placeholder styling."
      RenderBlock (anonymous) at (0,37) size 784x21
        RenderText {#text} at (0,0) size 258x21
          text run at (0,0) width 258: "The placeholder text should be gray:"
      RenderBlock {FORM} at (0,66) size 784x49
        RenderBlock {HR} at (0,0) size 784x2 [border: (1px inset #000000)]
        RenderBlock (anonymous) at (0,10) size 784x29
          RenderInline {LABEL} at (0,0) size 554x21
            RenderText {#text} at (0,4) size 364x21
              text run at (0,4) width 364: "This is a searchable index. Enter search keywords: "
            RenderTextControl {INPUT} at (366,2) size 186x25
        RenderBlock {HR} at (0,47) size 784x2 [border: (1px inset #000000)]
      RenderBlock (anonymous) at (0,131) size 784x21
        RenderText {#text} at (0,0) size 268x21
          text run at (0,0) width 268: "The placeholder text should be green:"
      RenderBlock {FORM} at (0,160) size 784x49
        RenderBlock {HR} at (0,0) size 784x2 [border: (1px inset #000000)]
        RenderBlock (anonymous) at (0,10) size 784x29
          RenderInline {LABEL} at (0,0) size 554x21
            RenderText {#text} at (0,4) size 364x21
              text run at (0,4) width 364: "This is a searchable index. Enter search keywords: "
            RenderTextControl {INPUT} at (366,2) size 186x25
        RenderBlock {HR} at (0,47) size 784x2 [border: (1px inset #000000)]
layer at (376,88) size 182x21
  RenderBlock {DIV} at (2,2) size 182x21
layer at (376,182) size 182x21
  RenderBlock {DIV} at (2,2) size 182x21
layer at (376,88) size 182x21
  RenderBlock (relative positioned) {DIV} at (2,2) size 182x21 [color=#A9A9A9]
    RenderText {#text} at (1,0) size 84x21
      text run at (1,0) width 84: "placeholder"
layer at (376,182) size 182x21
  RenderBlock (relative positioned) {DIV} at (2,2) size 182x21 [color=#008000]
    RenderText {#text} at (1,0) size 84x21
      text run at (1,0) width 84: "placeholder"
