layer at (0,0) size 785x653
  RenderView at (0,0) size 785x600
layer at (0,0) size 785x653
  RenderBlock {HTML} at (0,0) size 785x653
    RenderBody {BODY} at (8,8) size 769x637
      RenderBlock (anonymous) at (0,0) size 769x38
        RenderText {#text} at (0,0) size 556x19
          text run at (0,0) width 556: "This test verifies the visual alignment of items in a select element while changing text direction."
        RenderBR {BR} at (556,0) size 0x19
        RenderText {#text} at (0,19) size 398x19
          text run at (0,19) width 398: "All the items in the following select elements should be left-aligned."
      RenderTable {TABLE} at (0,38) size 452x180
        RenderTableSection {TBODY} at (0,0) size 452x180
          RenderTableRow {TR} at (0,2) size 452x87
            RenderTableCell {TD} at (2,2) size 178x87 [r=0 c=0 rs=1 cs=1]
              RenderListBox {SELECT} at (3,3) size 172x81 [bgcolor=#FFFFFF] [border: (1px inset #808080)]
            RenderTableCell {TD} at (182,2) size 43x87 [r=0 c=1 rs=1 cs=1]
              RenderListBox {SELECT} at (3,3) size 37x81 [bgcolor=#FFFFFF] [border: (1px inset #808080)]
            RenderTableCell {TD} at (227,2) size 178x87 [r=0 c=2 rs=1 cs=1]
              RenderListBox {SELECT} at (3,3) size 172x81 [bgcolor=#FFFFFF] [border: (1px inset #808080)]
            RenderTableCell {TD} at (407,2) size 43x87 [r=0 c=3 rs=1 cs=1]
              RenderListBox {SELECT} at (3,3) size 37x81 [bgcolor=#FFFFFF] [border: (1px inset #808080)]
          RenderTableRow {TR} at (0,91) size 452x87
            RenderTableCell {TD} at (2,91) size 178x87 [r=1 c=0 rs=1 cs=1]
              RenderListBox {SELECT} at (3,3) size 172x81 [bgcolor=#FFFFFF] [border: (1px inset #808080)]
            RenderTableCell {TD} at (182,91) size 43x87 [r=1 c=1 rs=1 cs=1]
              RenderListBox {SELECT} at (3,3) size 37x81 [bgcolor=#FFFFFF] [border: (1px inset #808080)]
      RenderBlock (anonymous) at (0,218) size 769x19
        RenderText {#text} at (0,0) size 406x19
          text run at (0,0) width 406: "All the items in the following select elements should be right-aligned."
      RenderTable {TABLE} at (0,237) size 468x180
        RenderTableSection {TBODY} at (0,0) size 468x180
          RenderTableRow {TR} at (0,2) size 468x87
            RenderTableCell {TD} at (2,2) size 186x87 [r=0 c=0 rs=1 cs=1]
              RenderListBox {SELECT} at (3,3) size 180x81 [bgcolor=#FFFFFF] [border: (1px inset #808080)]
            RenderTableCell {TD} at (190,2) size 43x87 [r=0 c=1 rs=1 cs=1]
              RenderListBox {SELECT} at (3,3) size 37x81 [bgcolor=#FFFFFF] [border: (1px inset #808080)]
            RenderTableCell {TD} at (235,2) size 186x87 [r=0 c=2 rs=1 cs=1]
              RenderListBox {SELECT} at (3,3) size 180x81 [bgcolor=#FFFFFF] [border: (1px inset #808080)]
            RenderTableCell {TD} at (423,2) size 43x87 [r=0 c=3 rs=1 cs=1]
              RenderListBox {SELECT} at (3,3) size 37x81 [bgcolor=#FFFFFF] [border: (1px inset #808080)]
          RenderTableRow {TR} at (0,91) size 468x87
            RenderTableCell {TD} at (2,91) size 186x87 [r=1 c=0 rs=1 cs=1]
              RenderListBox {SELECT} at (3,3) size 180x81 [bgcolor=#FFFFFF] [border: (1px inset #808080)]
            RenderTableCell {TD} at (190,91) size 43x87 [r=1 c=1 rs=1 cs=1]
              RenderListBox {SELECT} at (3,3) size 37x81 [bgcolor=#FFFFFF] [border: (1px inset #808080)]
      RenderBlock (anonymous) at (0,417) size 769x19
        RenderText {#text} at (0,0) size 417x19
          text run at (0,0) width 417: "All the items in the following select elements should be center-aligned."
      RenderTable {TABLE} at (0,436) size 490x91
        RenderTableSection {TBODY} at (0,0) size 490x91
          RenderTableRow {TR} at (0,2) size 490x87
            RenderTableCell {TD} at (2,2) size 197x87 [r=0 c=0 rs=1 cs=1]
              RenderListBox {SELECT} at (3,3) size 191x81 [bgcolor=#FFFFFF] [border: (1px inset #808080)]
            RenderTableCell {TD} at (201,2) size 43x87 [r=0 c=1 rs=1 cs=1]
              RenderListBox {SELECT} at (3,3) size 37x81 [bgcolor=#FFFFFF] [border: (1px inset #808080)]
            RenderTableCell {TD} at (246,2) size 197x87 [r=0 c=2 rs=1 cs=1]
              RenderListBox {SELECT} at (3,3) size 191x81 [bgcolor=#FFFFFF] [border: (1px inset #808080)]
            RenderTableCell {TD} at (445,2) size 43x87 [r=0 c=3 rs=1 cs=1]
              RenderListBox {SELECT} at (3,3) size 37x81 [bgcolor=#FFFFFF] [border: (1px inset #808080)]
      RenderBlock (anonymous) at (0,527) size 769x19
        RenderText {#text} at (0,0) size 270x19
          text run at (0,0) width 270: "The following tables check mixed alignments."
      RenderTable {TABLE} at (0,546) size 484x91
        RenderTableSection {TBODY} at (0,0) size 484x91
          RenderTableRow {TR} at (0,2) size 484x87
            RenderTableCell {TD} at (2,2) size 190x87 [r=0 c=0 rs=1 cs=1]
              RenderListBox {SELECT} at (3,3) size 184x81 [bgcolor=#FFFFFF] [border: (1px inset #808080)]
            RenderTableCell {TD} at (194,2) size 190x87 [r=0 c=1 rs=1 cs=1]
              RenderListBox {SELECT} at (3,3) size 184x81 [bgcolor=#FFFFFF] [border: (1px inset #808080)]
            RenderTableCell {TD} at (386,2) size 47x87 [r=0 c=2 rs=1 cs=1]
              RenderListBox {SELECT} at (3,3) size 41x81 [bgcolor=#FFFFFF] [border: (1px inset #808080)]
            RenderTableCell {TD} at (435,2) size 47x87 [r=0 c=3 rs=1 cs=1]
              RenderListBox {SELECT} at (3,3) size 41x81 [bgcolor=#FFFFFF] [border: (1px inset #808080)]
