layer at (0,0) size 800x600
  RenderView at (0,0) size 800x600
layer at (0,0) size 800x600
  RenderBlock {HTML} at (0,0) size 800x600
    RenderBody {BODY} at (8,8) size 784x584
      RenderBlock {P} at (0,0) size 784x44
        RenderText {#text} at (0,0) size 127x22
          text run at (0,0) width 127: "Rendering test for "
        RenderInline {I} at (0,0) size 750x44
          RenderInline {A} at (0,0) size 304x22 [color=#0000EE]
            RenderText {#text} at (127,0) size 304x22
              text run at (127,0) width 304: "http://bugs.webkit.org/show_bug.cgi?id=15156"
          RenderText {#text} at (431,0) size 750x44
            text run at (431,0) width 4: " "
            text run at (435,0) width 315: "REGRESSION (r24594-r24668): The bottom of"
            text run at (0,22) width 255: "styled <select> button text is clipped out"
        RenderText {#text} at (255,22) size 4x22
          text run at (255,22) width 4: "."
      RenderBlock (anonymous) at (0,60) size 784x30
        RenderMenuList {SELECT} at (2,0) size 48x30 [bgcolor=#FFFFFF] [border: (1px solid #000000)]
          RenderBlock (anonymous) at (1,2) size 46x25
            RenderText at (0,0) size 46x25
              text run at (0,0) width 46: "Apple"
        RenderText {#text} at (0,0) size 0x0
