layer at (0,0) size 800x600
  RenderView at (0,0) size 800x600
layer at (0,0) size 800x600
  RenderBlock {HTML} at (0,0) size 800x600
    RenderBody {BODY} at (8,8) size 784x584
      RenderText {#text} at (0,4) size 82x21
        text run at (0,4) width 82: "Test result: "
      RenderMenuList {SELECT} at (84,2) size 72x26 [bgcolor=#FFFFFF]
        RenderBlock (anonymous) at (4,2) size 44x21
          RenderText at (0,0) size 44x21
            text run at (0,0) width 44: "PASS"
      RenderText {#text} at (0,0) size 0x0
      RenderText {#text} at (0,0) size 0x0
