layer at (0,0) size 800x600
  RenderView at (0,0) size 800x600
layer at (0,0) size 800x600
  RenderBlock {HTML} at (0,0) size 800x600
    RenderBody {BODY} at (8,8) size 784x576
      RenderBlock {P} at (0,0) size 784x21
        RenderText {#text} at (0,0) size 57x21
          text run at (0,0) width 57: "Test for "
        RenderInline {I} at (0,0) size 627x21
          RenderInline {A} at (0,0) size 329x21 [color=#0000EE]
            RenderText {#text} at (57,0) size 329x21
              text run at (57,0) width 329: "http://bugs.webkit.org/show_bug.cgi?id=11362"
          RenderText {#text} at (386,0) size 298x21
            text run at (386,0) width 4: " "
            text run at (390,0) width 294: "Native popup with size=\"1\" wraps options"
        RenderText {#text} at (684,0) size 4x21
          text run at (684,0) width 4: "."
      RenderBlock {P} at (0,37) size 784x27
        RenderText {#text} at (0,3) size 36x21
          text run at (0,3) width 36: "With "
        RenderInline {TT} at (0,0) size 49x17
          RenderText {#text} at (36,6) size 49x17
            text run at (36,6) width 49: "size=\"1\""
        RenderText {#text} at (85,3) size 8x21
          text run at (85,3) width 8: ": "
        RenderMenuList {SELECT} at (93,2) size 100x23 [bgcolor=#FFFFFF] [border: (1px solid #000000)]
          RenderBlock (anonymous) at (1,1) size 98x21
            RenderText at (0,0) size 227x21
              text run at (0,0) width 227: "Very long option that does not fit"
        RenderText {#text} at (0,0) size 0x0
      RenderBlock {P} at (0,80) size 784x27
        RenderText {#text} at (0,3) size 58x21
          text run at (0,3) width 58: "Without "
        RenderInline {TT} at (0,0) size 24x17
          RenderText {#text} at (58,6) size 24x17
            text run at (58,6) width 24: "size"
        RenderText {#text} at (82,3) size 8x21
          text run at (82,3) width 8: ": "
        RenderMenuList {SELECT} at (90,2) size 100x23 [bgcolor=#FFFFFF] [border: (1px solid #000000)]
          RenderBlock (anonymous) at (1,1) size 98x21
            RenderText at (0,0) size 227x21
              text run at (0,0) width 227: "Very long option that does not fit"
        RenderText {#text} at (0,0) size 0x0
