layer at (0,0) size 800x600
  RenderView at (0,0) size 800x600
layer at (0,0) size 800x600
  RenderBlock {HTML} at (0,0) size 800x600
    RenderBody {BODY} at (8,8) size 784x584
      RenderMenuList {SELECT} at (0,0) size 226x20 [bgcolor=#FFFFFF]
        RenderBlock (anonymous) at (4,4) size 198x12
          RenderText at (0,0) size 198x12
            text run at (0,0) width 198: "No overflow should be allowed on popup menus!"
      RenderText {#text} at (0,0) size 0x0
