layer at (0,0) size 800x600
  RenderView at (0,0) size 800x600
layer at (0,0) size 800x600
  RenderBlock {HTML} at (0,0) size 800x600
    RenderBody {BODY} at (8,8) size 784x576
      RenderBlock (anonymous) at (0,0) size 784x21
        RenderText {#text} at (0,0) size 759x21
          text run at (0,0) width 759: "The textarea below should have standard line-height because textareas should ignore negative line-heights"
        RenderBR {BR} at (759,16) size 0x0
      RenderBlock {P} at (0,37) size 784x247
        RenderText {#text} at (0,0) size 87x21
          text run at (0,0) width 87: "TEXTAREA"
        RenderBR {BR} at (87,16) size 0x0
        RenderText {#text} at (400,205) size 4x21
          text run at (400,205) width 4: " "
        RenderBR {BR} at (0,0) size 0x0
        RenderBR {BR} at (0,226) size 0x21
layer at (8,66) size 400x200 clip at (9,67) size 398x198
  RenderTextControl {TEXTAREA} at (0,21) size 400x200 [bgcolor=#FFFFFF] [border: (1px dotted #C0C0C0)]
    RenderBlock {DIV} at (3,3) size 394x34
      RenderText {#text} at (0,0) size 351x34
        text run at (0,0) width 347: "Demo text here that wraps a bit and should demonstrate the"
        text run at (347,0) width 4: " "
        text run at (0,17) width 134: "goodness of line-height"
