layer at (0,0) size 800x600
  RenderView at (0,0) size 800x600
layer at (0,0) size 800x600
  RenderBlock {HTML} at (0,0) size 800x600
    RenderBody {BODY} at (8,8) size 784x584
      RenderTextControl {INPUT} at (2,2) size 166x26
      RenderText {#text} at (0,0) size 0x0
layer at (12,12) size 162x22
  RenderBlock {DIV} at (2,2) size 162x22
layer at (12,12) size 162x22
  RenderBlock (relative positioned) {DIV} at (2,2) size 162x22 [color=#A9A9A9]
    RenderText {#text} at (1,0) size 45x22
      text run at (1,0) width 45: "foobar"
