layer at (0,0) size 800x600
  RenderView at (0,0) size 800x600
layer at (0,0) size 800x600
  RenderBlock {HTML} at (0,0) size 800x600
    RenderBody {BODY} at (8,8) size 784x584
      RenderText {#text} at (0,0) size 723x21
        text run at (0,0) width 723: "This tests that the text security mode switches correctly when the placeholder appears and disappears."
      RenderBR {BR} at (723,16) size 0x0
      RenderText {#text} at (0,25) size 396x21
        text run at (0,25) width 396: "Leave field 1 alone. It should show the placeholder text: "
      RenderTextControl {INPUT} at (398,23) size 186x25
      RenderBR {BR} at (586,41) size 0x0
      RenderText {#text} at (0,54) size 450x21
        text run at (0,54) width 164: "Focus field 2 and type. "
        text run at (164,54) width 286: "It should show bullets for the password.: "
      RenderTextControl {INPUT} at (452,52) size 186x25
      RenderBR {BR} at (640,70) size 0x0
      RenderText {#text} at (0,79) size 655x21
        text run at (0,79) width 164: "Focus field 3 and type. "
        text run at (164,79) width 238: "Clear the value and blur the field. "
        text run at (402,79) width 253: "It should show the placeholder text: "
      RenderTextControl {INPUT} at (2,102) size 186x25
      RenderBR {BR} at (190,120) size 0x0
layer at (408,33) size 182x21
  RenderBlock {DIV} at (2,2) size 182x21
layer at (462,62) size 182x21
  RenderBlock {DIV} at (2,2) size 182x21
    RenderText {#text} at (1,0) size 24x21
      text run at (1,0) width 24: "\x{2022}\x{2022}\x{2022}\x{2022}"
layer at (12,112) size 182x21
  RenderBlock {DIV} at (2,2) size 182x21
layer at (408,33) size 182x21
  RenderBlock (relative positioned) {DIV} at (2,2) size 182x21 [color=#A9A9A9]
    RenderText {#text} at (1,0) size 84x21
      text run at (1,0) width 84: "placeholder"
layer at (12,112) size 182x21
  RenderBlock (relative positioned) {DIV} at (2,2) size 182x21 [color=#A9A9A9]
    RenderText {#text} at (1,0) size 84x21
      text run at (1,0) width 84: "placeholder"
