layer at (0,0) size 800x600
  RenderView at (0,0) size 800x600
layer at (0,0) size 800x600
  RenderBlock {HTML} at (0,0) size 800x600
    RenderBody {BODY} at (8,8) size 784x576
      RenderBlock {P} at (0,0) size 784x21
        RenderText {#text} at (0,0) size 484x21
          text run at (0,0) width 484: "If you can see the word \"Placeholder\" in the text field, then all is well."
      RenderBlock {P} at (0,37) size 784x29
        RenderTextControl {INPUT} at (2,2) size 186x25
layer at (12,49) size 182x21
  RenderBlock {DIV} at (2,2) size 182x21
layer at (12,49) size 182x21
  RenderBlock (relative positioned) {DIV} at (2,2) size 182x21 [color=#A9A9A9]
    RenderText {#text} at (1,0) size 86x21
      text run at (1,0) width 86: "Placeholder"
