layer at (0,0) size 800x600
  RenderView at (0,0) size 800x600
layer at (0,0) size 800x600
  RenderBlock {HTML} at (0,0) size 800x600
    RenderBody {BODY} at (8,8) size 784x578
      RenderBlock (anonymous) at (0,0) size 784x29
        RenderTextControl {INPUT} at (0,2) size 600x25 [border: (2px inset #000000)]
        RenderText {#text} at (600,5) size 4x19
          text run at (600,5) width 4: " "
        RenderBR {BR} at (604,19) size 0x0
      RenderBlock {DIV} at (0,29) size 784x20
        RenderText {#text} at (0,0) size 31x19
          text run at (0,0) width 31: "This "
        RenderInline {B} at (0,0) size 72x20
          RenderText {#text} at (31,0) size 46x20
            text run at (31,0) width 46: "styled "
          RenderInline {I} at (0,0) size 26x20
            RenderText {#text} at (77,0) size 26x20
              text run at (77,0) width 26: "text"
        RenderText {#text} at (103,0) size 36x19
          text run at (103,0) width 36: ", and "
        RenderInline {A} at (0,0) size 21x19 [color=#0000EE]
          RenderText {#text} at (139,0) size 21x19
            text run at (139,0) width 21: "link"
        RenderText {#text} at (160,0) size 399x19
          text run at (160,0) width 202: " will be pasted into the textfield. "
          text run at (362,0) width 197: "All richness should be stripped."
      RenderBlock {OL} at (0,63) size 784x19
        RenderListItem {LI} at (40,0) size 744x19
          RenderListMarker at (-20,0) size 16x19: "1"
          RenderText {#text} at (0,0) size 326x19
            text run at (0,0) width 326: "Success: document.execCommand(\"Copy\") == true"
layer at (11,13) size 594x19
  RenderBlock {DIV} at (3,3) size 594x19
caret: position 0 of child 0 {DIV} of {#shadow-root} of child 0 {INPUT} of body
