layer at (0,0) size 800x600
  RenderView at (0,0) size 800x600
layer at (0,0) size 800x600
  RenderBlock {HTML} at (0,0) size 800x600
    RenderBody {BODY} at (8,8) size 784x576
      RenderBlock {P} at (0,0) size 784x42
        RenderText {#text} at (0,0) size 761x42
          text run at (0,0) width 668: "This tests our ability to correctly select radio buttons when we have nested label tags. This test "
          text run at (668,0) width 93: "only works in"
          text run at (0,21) width 590: "DumpRenderTree. It can be tested manually outside of DRT just by clicking around."
      RenderBlock {FORM} at (0,58) size 784x42
        RenderBlock (anonymous) at (0,0) size 784x21
          RenderBlock {INPUT} at (4,6) size 12x12
          RenderInline {LABEL} at (0,0) size 187x21
            RenderText {#text} at (20,0) size 31x21
              text run at (20,0) width 31: "one "
            RenderBlock {INPUT} at (55,6) size 12x12
            RenderInline {LABEL} at (0,0) size 136x21
              RenderText {#text} at (71,0) size 29x21
                text run at (71,0) width 29: "two "
              RenderBlock {INPUT} at (104,6) size 12x12
              RenderInline {LABEL} at (0,0) size 87x21
                RenderText {#text} at (120,0) size 40x21
                  text run at (120,0) width 40: "three "
                RenderBlock {INPUT} at (164,6) size 12x12
                RenderInline {LABEL} at (0,0) size 27x21
                  RenderText {#text} at (180,0) size 27x21
                    text run at (180,0) width 27: "four"
        RenderBlock (anonymous) at (0,21) size 784x21
          RenderBlock {DIV} at (0,0) size 784x21
            RenderText {#text} at (0,0) size 120x21
              text run at (0,0) width 120: "Test Succeeded!"
        RenderBlock (anonymous) at (0,42) size 784x0
          RenderInline {LABEL} at (0,0) size 0x0
            RenderInline {LABEL} at (0,0) size 0x0
              RenderInline {LABEL} at (0,0) size 0x0
                RenderInline {LABEL} at (0,0) size 0x0
