layer at (0,0) size 800x600
  RenderView at (0,0) size 800x600
layer at (0,0) size 800x600
  RenderBlock {HTML} at (0,0) size 800x600
    RenderBody {BODY} at (8,8) size 784x584
      RenderBlock (anonymous) at (0,0) size 784x63
        RenderText {#text} at (0,0) size 758x42
          text run at (0,0) width 758: "This will test that radio buttons can be moved in and out of forms while maintaining only one checked button"
          text run at (0,21) width 142: "per group, per form. "
        RenderBR {BR} at (142,37) size 0x0
        RenderText {#text} at (0,42) size 373x21
          text run at (0,42) width 373: "Test 1: Transfer radio buttons from <body> to <form>:"
        RenderText {#text} at (0,0) size 0x0
        RenderText {#text} at (0,0) size 0x0
      RenderBlock {FORM} at (0,63) size 784x18
        RenderBlock {INPUT} at (4,3) size 12x12
        RenderBlock {INPUT} at (24,3) size 12x12
      RenderBlock {DIV} at (0,97) size 784x21
        RenderText {#text} at (0,0) size 107x21
          text run at (0,0) width 107: "Test 1 Passed"
      RenderBlock (anonymous) at (0,118) size 784x42
        RenderBR {BR} at (0,0) size 0x21
        RenderText {#text} at (0,21) size 373x21
          text run at (0,21) width 373: "Test 2: Transfer radio buttons from <form> to <body>:"
      RenderBlock {FORM} at (0,160) size 784x0
        RenderText {#text} at (0,0) size 0x0
        RenderText {#text} at (0,0) size 0x0
      RenderBlock {DIV} at (0,176) size 784x21
        RenderText {#text} at (0,0) size 107x21
          text run at (0,0) width 107: "Test 2 Passed"
      RenderBlock (anonymous) at (0,197) size 784x42
        RenderBR {BR} at (0,0) size 0x21
        RenderText {#text} at (0,21) size 614x21
          text run at (0,21) width 614: "Test 3: Transfer radio buttons from <form> to <body> with a dormant state in the middle:"
      RenderBlock {FORM} at (0,239) size 784x0
        RenderText {#text} at (0,0) size 0x0
        RenderText {#text} at (0,0) size 0x0
      RenderBlock {DIV} at (0,255) size 784x21
        RenderText {#text} at (0,0) size 107x21
          text run at (0,0) width 107: "Test 3 Passed"
      RenderBlock (anonymous) at (0,276) size 784x42
        RenderBR {BR} at (0,0) size 0x21
        RenderText {#text} at (0,21) size 269x21
          text run at (0,21) width 269: "Test 4: Transfer from <form> to <form>"
      RenderBlock {FORM} at (0,318) size 784x0
        RenderText {#text} at (0,0) size 0x0
        RenderText {#text} at (0,0) size 0x0
      RenderBlock {FORM} at (0,334) size 784x21
        RenderBlock {INPUT} at (4,6) size 12x12
        RenderText {#text} at (20,0) size 4x21
          text run at (20,0) width 4: " "
        RenderBlock {INPUT} at (28,6) size 12x12
        RenderBlock {INPUT} at (48,6) size 12x12
      RenderBlock {DIV} at (0,371) size 784x21
        RenderText {#text} at (0,0) size 107x21
          text run at (0,0) width 107: "Test 4 Passed"
      RenderBlock (anonymous) at (0,392) size 784x18
        RenderBlock {INPUT} at (4,3) size 12x12
        RenderBlock {INPUT} at (24,3) size 12x12
        RenderBlock {INPUT} at (44,3) size 12x12
        RenderBlock {INPUT} at (64,3) size 12x12
