layer at (0,0) size 800x600
  RenderView at (0,0) size 800x600
layer at (0,0) size 800x600
  RenderBlock {HTML} at (0,0) size 800x600
    RenderBody {BODY} at (8,8) size 784x576
      RenderBlock {P} at (0,0) size 784x42
        RenderText {#text} at (0,0) size 765x42
          text run at (0,0) width 469: "Test that search field text is vertically centered if the search field is "
          text run at (469,0) width 296: "taller than the text. In each of the following"
          text run at (0,21) width 186: "pairs of a search field and "
          text run at (186,21) width 393: "a text field, the vertical position of the text should be the "
          text run at (579,21) width 137: "same in both fields."
      RenderBlock {P} at (0,58) size 784x45
        RenderTextControl {INPUT} at (2,0) size 188x45 [bgcolor=#FFFFFF] [border: (2px inset #000000)]
          RenderDeprecatedFlexibleBox {DIV} at (3,3) size 182x39
            RenderBlock {DIV} at (0,19) size 0x0
            RenderBlock {DIV} at (0,9) size 171x21
            RenderBlock {DIV} at (171,14) size 11x11
        RenderText {#text} at (192,12) size 4x21
          text run at (192,12) width 4: " "
        RenderTextControl {INPUT} at (198,0) size 188x45 [bgcolor=#FFFFFF] [border: (2px inset #000000)]
        RenderText {#text} at (0,0) size 0x0
      RenderBlock {P} at (0,119) size 784x21
        RenderTextControl {INPUT} at (2,0) size 188x16 [bgcolor=#FFFFFF] [border: (2px inset #000000)]
          RenderDeprecatedFlexibleBox {DIV} at (3,0) size 182x16
            RenderBlock {DIV} at (0,8) size 0x0
            RenderBlock {DIV} at (0,3) size 171x10
            RenderBlock {DIV} at (171,2) size 11x11
        RenderText {#text} at (192,0) size 4x21
          text run at (192,0) width 4: " "
        RenderTextControl {INPUT} at (198,0) size 188x16 [bgcolor=#FFFFFF] [border: (2px inset #000000)]
        RenderText {#text} at (0,0) size 0x0
      RenderBlock {P} at (0,156) size 784x21
        RenderTextControl {INPUT} at (2,4) size 188x12 [bgcolor=#FFFFFF] [border: (2px inset #000000)]
          RenderDeprecatedFlexibleBox {DIV} at (3,0) size 182x12
            RenderBlock {DIV} at (0,6) size 0x0
            RenderBlock {DIV} at (0,3) size 171x6
            RenderBlock {DIV} at (171,0) size 11x11
        RenderText {#text} at (192,0) size 4x21
          text run at (192,0) width 4: " "
        RenderTextControl {INPUT} at (198,4) size 188x12 [bgcolor=#FFFFFF] [border: (2px inset #000000)]
        RenderText {#text} at (0,0) size 0x0
layer at (13,78) size 171x21
  RenderBlock {DIV} at (0,0) size 171x21
    RenderText {#text} at (1,0) size 31x21
      text run at (1,0) width 31: "Text"
layer at (209,78) size 182x21
  RenderBlock {DIV} at (3,12) size 182x21
    RenderText {#text} at (1,0) size 31x21
      text run at (1,0) width 31: "Text"
layer at (13,130) size 171x10 scrollHeight 21
  RenderBlock {DIV} at (0,0) size 171x10
    RenderText {#text} at (1,0) size 31x21
      text run at (1,0) width 31: "Text"
layer at (209,130) size 182x10 scrollHeight 21
  RenderBlock {DIV} at (3,3) size 182x10
    RenderText {#text} at (1,0) size 31x21
      text run at (1,0) width 31: "Text"
layer at (13,171) size 171x6 scrollHeight 21
  RenderBlock {DIV} at (0,0) size 171x6
    RenderText {#text} at (1,0) size 31x21
      text run at (1,0) width 31: "Text"
layer at (209,171) size 182x6 scrollHeight 21
  RenderBlock {DIV} at (3,3) size 182x6
    RenderText {#text} at (1,0) size 31x21
      text run at (1,0) width 31: "Text"
