layer at (0,0) size 800x600
  RenderView at (0,0) size 800x600
layer at (0,0) size 800x600
  RenderBlock {HTML} at (0,0) size 800x600
    RenderBody {BODY} at (8,8) size 784x584
      RenderTextControl {INPUT} at (2,2) size 186x25
        RenderDeprecatedFlexibleBox {DIV} at (2,2) size 182x21
          RenderBlock {DIV} at (0,10) size 0x0
          RenderBlock {DIV} at (0,0) size 171x21
          RenderBlock {DIV} at (171,5) size 11x11
      RenderText {#text} at (0,0) size 0x0
      RenderText {#text} at (0,0) size 0x0
layer at (12,12) size 171x21
  RenderBlock {DIV} at (0,0) size 171x21
layer at (12,12) size 171x21
  RenderBlock (relative positioned) {DIV} at (2,2) size 171x21 [color=#A9A9A9]
    RenderText {#text} at (1,0) size 89x21
      text run at (1,0) width 89: "Test Passed"
