layer at (0,0) size 842x584
  RenderView at (0,0) size 800x584
layer at (0,0) size 800x584
  RenderBlock {HTML} at (0,0) size 800x584
    RenderBody {BODY} at (8,8) size 784x560
      RenderBlock {P} at (0,0) size 784x44
        RenderText {#text} at (0,0) size 57x22
          text run at (0,0) width 57: "Test for "
        RenderInline {A} at (0,0) size 322x22 [color=#0000EE]
          RenderText {#text} at (57,0) size 322x22
            text run at (57,0) width 322: "https://bugs.webkit.org/show_bug.cgi?id=22190"
        RenderText {#text} at (379,0) size 5x22
          text run at (379,0) width 5: ":"
        RenderBR {BR} at (384,16) size 0x0
        RenderText {#text} at (0,22) size 430x22
          text run at (0,22) width 430: "Tests drawing and event handling on transformed search fields."
      RenderBlock {P} at (0,150) size 784x22
        RenderText {#text} at (0,0) size 40x22
          text run at (0,0) width 40: "PASS"
layer at (8,68) size 784x30
  RenderBlock {P} at (0,60) size 784x30
    RenderTextControl {INPUT} at (2,2) size 166x26
      RenderBlock {DIV} at (2,2) size 162x22
        RenderBlock {DIV} at (0,16) size 0x0
        RenderBlock {DIV} at (151,5) size 11x11
    RenderText {#text} at (0,0) size 0x0
layer at (12,72) size 151x22
  RenderBlock {DIV} at (0,0) size 151x22
    RenderText {#text} at (1,0) size 106x22
      text run at (1,0) width 106: "Some other text"
caret: position 15 of child 0 {#text} of child 1 {DIV} of child 0 {DIV} of child 1 {INPUT} of child 3 {P} of body
