layer at (0,0) size 800x600
  RenderView at (0,0) size 800x600
layer at (0,0) size 800x600
  RenderBlock {HTML} at (0,0) size 800x600
    RenderBody {BODY} at (8,8) size 784x584
      RenderText {#text} at (0,0) size 557x21
        text run at (0,0) width 557: "This tests that the display:none style will work on a search field's cancel button."
      RenderBR {BR} at (557,16) size 0x0
      RenderTextControl {INPUT} at (2,23) size 186x25
        RenderDeprecatedFlexibleBox {DIV} at (2,2) size 182x21
          RenderBlock {DIV} at (0,10) size 0x0
          RenderBlock {DIV} at (0,0) size 182x21
      RenderText {#text} at (0,0) size 0x0
layer at (12,33) size 182x21
  RenderBlock {DIV} at (0,0) size 182x21
    RenderText {#text} at (1,0) size 25x21
      text run at (1,0) width 25: "test"
