layer at (0,0) size 800x600
  RenderView at (0,0) size 800x600
layer at (0,0) size 800x600
  RenderBlock {HTML} at (0,0) size 800x600
    RenderBody {BODY} at (9,9) size 782x572
      RenderBlock {P} at (0,0) size 782x52
        RenderText {#text} at (0,0) size 68x26
          text run at (0,0) width 68: "Test for "
        RenderInline {A} at (0,0) size 393x26 [color=#0000EE]
          RenderText {#text} at (68,0) size 393x26
            text run at (68,0) width 393: "https://bugs.webkit.org/show_bug.cgi?id=24733"
        RenderText {#text} at (461,0) size 6x26
          text run at (461,0) width 6: ":"
        RenderBR {BR} at (467,19) size 0x0
        RenderText {#text} at (0,26) size 393x26
          text run at (0,26) width 393: "Tests event handling on search fields with zoom."
      RenderBlock {P} at (0,71) size 782x34
        RenderTextControl {INPUT} at (2,2) size 206x30
          RenderBlock {DIV} at (2,2) size 202x26
            RenderBlock {DIV} at (0,19) size 0x0
            RenderBlock {DIV} at (189,6) size 13x13
        RenderText {#text} at (0,0) size 0x0
      RenderBlock {P} at (0,177) size 782x26
        RenderText {#text} at (0,0) size 48x26
          text run at (0,0) width 48: "PASS"
layer at (13,84) size 189x26
  RenderBlock {DIV} at (0,0) size 189x26
    RenderText {#text} at (1,0) size 128x26
      text run at (1,0) width 128: "Some other text"
caret: position 15 of child 0 {#text} of child 1 {DIV} of child 0 {DIV} of child 1 {INPUT} of child 3 {P} of body
