layer at (0,0) size 800x600
  RenderView at (0,0) size 800x600
layer at (0,0) size 800x600
  RenderBlock {HTML} at (0,0) size 800x600
    RenderBody {BODY} at (8,8) size 784x584
      RenderBlock {P} at (0,0) size 784x42
        RenderText {#text} at (0,0) size 57x21
          text run at (0,0) width 57: "Test for "
        RenderInline {I} at (0,0) size 771x42
          RenderInline {A} at (0,0) size 329x21 [color=#0000EE]
            RenderText {#text} at (57,0) size 329x21
              text run at (57,0) width 329: "http://bugs.webkit.org/show_bug.cgi?id=12986"
          RenderText {#text} at (386,0) size 771x42
            text run at (386,0) width 4: " "
            text run at (390,0) width 381: "REGRESSION(NativeListBox): Listboxes not updated"
            text run at (0,21) width 184: "when resized dynamically"
        RenderText {#text} at (184,21) size 4x21
          text run at (184,21) width 4: "."
      RenderBlock {P} at (0,58) size 784x21
        RenderText {#text} at (0,0) size 348x21
          text run at (0,0) width 348: "This list box should be tall enough to fit 6 options."
      RenderBlock (anonymous) at (0,95) size 784x137
        RenderListBox {SELECT} at (2,2) size 64x133 [bgcolor=#FFFFFF] [border: (1px inset #808080)]
        RenderText {#text} at (0,0) size 0x0
        RenderText {#text} at (0,0) size 0x0
