layer at (0,0) size 800x600
  RenderView at (0,0) size 800x600
layer at (0,0) size 800x101
  RenderBlock {HTML} at (0,0) size 800x101
    RenderBody {BODY} at (8,8) size 784x77
      RenderTable {TABLE} at (0,0) size 67x40 [border: (1px outset #808080)]
        RenderTableSection {TBODY} at (1,1) size 65x38
          RenderTableRow {TR} at (0,2) size 65x34
            RenderTableCell {TD} at (2,2) size 61x34 [border: (1px inset #808080)] [r=0 c=0 rs=1 cs=1]
              RenderMenuList {SELECT} at (4,4) size 53x26 [bgcolor=#FFFFFF]
                RenderBlock (anonymous) at (4,2) size 25x21
                  RenderText at (0,0) size 25x21
                    text run at (0,0) width 25: "test"
      RenderBlock {P} at (0,56) size 784x21
        RenderText {#text} at (0,0) size 504x21
          text run at (0,0) width 504: "The select element in the table above must not spill outside of the table."
