layer at (0,0) size 800x600
  RenderView at (0,0) size 800x600
layer at (0,0) size 800x600
  RenderBlock {HTML} at (0,0) size 800x600
    RenderBody {BODY} at (8,8) size 784x584
      RenderBlock {P} at (0,0) size 784x42
        RenderText {#text} at (0,0) size 57x21
          text run at (0,0) width 57: "Test for "
        RenderInline {I} at (0,0) size 752x42
          RenderInline {A} at (0,0) size 329x21 [color=#0000EE]
            RenderText {#text} at (57,0) size 329x21
              text run at (57,0) width 329: "http://bugs.webkit.org/show_bug.cgi?id=12364"
          RenderText {#text} at (386,0) size 752x42
            text run at (386,0) width 4: " "
            text run at (390,0) width 362: "REGRESSSION (NativeListBox): Selected option's"
            text run at (0,21) width 279: "background is not clipped to the list box"
        RenderText {#text} at (279,21) size 4x21
          text run at (279,21) width 4: "."
      RenderBlock (anonymous) at (0,58) size 784x82
        RenderListBox {SELECT} at (2,0) size 68x82 [bgcolor=#FFFFFF] [border: (3px solid #0000FF)]
        RenderText {#text} at (0,0) size 0x0
        RenderText {#text} at (0,0) size 0x0
