layer at (0,0) size 800x600
  RenderView at (0,0) size 800x600
layer at (0,0) size 800x600
  RenderBlock {HTML} at (0,0) size 800x600
    RenderBody {BODY} at (8,8) size 784x584
      RenderText {#text} at (0,0) size 498x22
        text run at (0,0) width 498: "This tests that empty select controls and buttons have the correct baseline."
      RenderBR {BR} at (498,16) size 0x0
      RenderMenuList {SELECT} at (2,28) size 34x27 [bgcolor=#FFFFFF]
        RenderBlock (anonymous) at (4,2) size 6x22
          RenderBR at (0,0) size 0x22 [bgcolor=#FFFFFF]
      RenderText {#text} at (38,30) size 31x22
        text run at (38,30) width 31: " test "
      RenderMenuList {SELECT} at (71,28) size 51x27 [bgcolor=#FFFFFF]
        RenderBlock (anonymous) at (4,2) size 23x22
          RenderText at (0,0) size 23x22
            text run at (0,0) width 23: "test"
      RenderText {#text} at (124,30) size 4x22
        text run at (124,30) width 4: " "
      RenderMenuList {SELECT} at (130,27) size 36x28 [color=#00008B] [bgcolor=#ADD8E6] [border: (1px solid #00008B)]
        RenderBlock (anonymous) at (5,3) size 6x22
          RenderBR at (0,0) size 0x22 [bgcolor=#ADD8E6]
      RenderText {#text} at (168,30) size 31x22
        text run at (168,30) width 31: " test "
      RenderMenuList {SELECT} at (201,27) size 53x28 [color=#00008B] [bgcolor=#ADD8E6] [border: (1px solid #00008B)]
        RenderBlock (anonymous) at (5,3) size 23x22
          RenderText at (0,0) size 23x22
            text run at (0,0) width 23: "test"
      RenderText {#text} at (256,30) size 4x22
        text run at (256,30) width 4: " "
      RenderButton {BUTTON} at (262,24) size 12x33 [bgcolor=#C0C0C0]
      RenderText {#text} at (276,30) size 4x22
        text run at (276,30) width 4: " "
      RenderButton {BUTTON} at (282,24) size 37x33 [bgcolor=#C0C0C0]
        RenderBlock (anonymous) at (6,6) size 25x21
          RenderText {#text} at (0,0) size 25x21
            text run at (0,0) width 25: "test"
      RenderText {#text} at (321,30) size 4x22
        text run at (321,30) width 4: " "
      RenderButton {BUTTON} at (327,26) size 16x31 [color=#00008B] [bgcolor=#ADD8E6] [border: (2px outset #C0C0C0)]
      RenderText {#text} at (345,30) size 4x22
        text run at (345,30) width 4: " "
      RenderButton {BUTTON} at (351,26) size 39x31 [color=#00008B] [bgcolor=#ADD8E6] [border: (2px outset #C0C0C0)]
        RenderBlock (anonymous) at (8,4) size 23x22
          RenderText {#text} at (0,0) size 23x22
            text run at (0,0) width 23: "test"
      RenderText {#text} at (0,0) size 0x0
