layer at (0,0) size 800x600
  RenderView at (0,0) size 800x600
layer at (0,0) size 800x600
  RenderBlock {HTML} at (0,0) size 800x600
    RenderBody {BODY} at (8,8) size 784x584
      RenderBlock {P} at (0,0) size 784x21
        RenderText {#text} at (0,0) size 410x21
          text run at (0,0) width 410: "The select below has a size of 3, but a much larger height."
      RenderBlock (anonymous) at (0,37) size 784x250
        RenderListBox {SELECT} at (2,0) size 75x250 [bgcolor=#FFFFFF] [border: (1px inset #808080)]
        RenderText {#text} at (0,0) size 0x0
