layer at (0,0) size 800x600
  RenderView at (0,0) size 800x600
layer at (0,0) size 800x600
  RenderBlock {HTML} at (0,0) size 800x600
    RenderBody {BODY} at (8,8) size 784x576
      RenderBlock {P} at (0,0) size 784x42
        RenderText {#text} at (0,0) size 57x21
          text run at (0,0) width 57: "Test for "
        RenderInline {I} at (0,0) size 770x42
          RenderInline {A} at (0,0) size 329x21 [color=#0000EE]
            RenderText {#text} at (57,0) size 329x21
              text run at (57,0) width 329: "http://bugs.webkit.org/show_bug.cgi?id=13896"
          RenderText {#text} at (386,0) size 770x42
            text run at (386,0) width 4: " "
            text run at (390,0) width 380: "REGRESSION (NativePopup): Reproductible crasher"
            text run at (0,21) width 213: "on Google Coop control panel"
        RenderText {#text} at (213,21) size 4x21
          text run at (213,21) width 4: "."
      RenderBlock {P} at (0,58) size 784x21
        RenderText {#text} at (0,0) size 204x21
          text run at (0,0) width 204: "No crash means SUCCESS."
