layer at (0,0) size 800x600
  RenderView at (0,0) size 800x600
layer at (0,0) size 800x600
  RenderBlock {HTML} at (0,0) size 800x600
    RenderBody {BODY} at (8,8) size 784x584
      RenderBlock {P} at (0,0) size 784x21
        RenderText {#text} at (0,0) size 57x21
          text run at (0,0) width 57: "Test for "
        RenderInline {A} at (0,0) size 337x21 [color=#0000EE]
          RenderText {#text} at (57,0) size 337x21
            text run at (57,0) width 337: "https://bugs.webkit.org/show_bug.cgi?id=21248"
        RenderText {#text} at (394,0) size 4x21
          text run at (394,0) width 4: "."
      RenderBlock (anonymous) at (0,37) size 784x50
        RenderText {#text} at (0,0) size 0x0
layer at (10,47) size 200x46
  RenderTextControl {TEXTAREA} at (2,2) size 200x46
    RenderBlock {DIV} at (2,2) size 196x21
      RenderText {#text} at (0,0) size 62x21
        text run at (0,0) width 62: "New text"
