layer at (0,0) size 800x600
  RenderView at (0,0) size 800x600
layer at (0,0) size 800x600
  RenderBlock {HTML} at (0,0) size 800x600
    RenderBody {BODY} at (8,8) size 784x584
      RenderText {#text} at (204,34) size 4x21
        text run at (204,34) width 4: " "
      RenderText {#text} at (0,0) size 0x0
layer at (10,10) size 200x46 clip at (10,10) size 184x46 scrollHeight 109
  RenderTextControl {TEXTAREA} at (2,2) size 200x46
    RenderBlock {DIV} at (2,2) size 180x105
      RenderText {#text} at (0,0) size 177x84
        text run at (0,0) width 173: "A quick brown fox jumps"
        text run at (173,0) width 4: " "
        text run at (0,21) width 140: "over the lazy dog. A"
        text run at (140,21) width 4: " "
        text run at (0,42) width 158: "quick brown fox jumps"
        text run at (158,42) width 4: " "
        text run at (0,63) width 125: "over the lazy dog."
        text run at (125,63) width 0: " "
      RenderBR {BR} at (0,84) size 0x21
layer at (218,10) size 200x46 clip at (218,10) size 184x46 scrollHeight 86
  RenderTextControl {TEXTAREA} at (210,2) size 200x46
    RenderBlock {DIV} at (2,2) size 180x21
layer at (220,12) size 180x84 backgroundClip at (218,10) size 184x46 clip at (218,10) size 184x46 outlineClip at (218,10) size 184x46
  RenderBlock (relative positioned) {DIV} at (2,2) size 180x84 [color=#A9A9A9]
    RenderText {#text} at (0,0) size 177x84
      text run at (0,0) width 173: "A quick brown fox jumps"
      text run at (173,0) width 4: " "
      text run at (0,21) width 140: "over the lazy dog. A"
      text run at (140,21) width 4: " "
      text run at (0,42) width 158: "quick brown fox jumps"
      text run at (158,42) width 4: " "
      text run at (0,63) width 125: "over the lazy dog."
