layer at (0,0) size 800x600
  RenderView at (0,0) size 800x600
layer at (0,0) size 800x600
  RenderBlock {HTML} at (0,0) size 800x600
    RenderBody {BODY} at (8,8) size 784x584
      RenderBlock (anonymous) at (0,0) size 784x21
        RenderText {#text} at (0,0) size 187x21
          text run at (0,0) width 187: "The text should be default:"
      RenderBlock {FORM} at (0,29) size 784x49
        RenderBlock {HR} at (0,0) size 784x2 [border: (1px inset #000000)]
        RenderBlock (anonymous) at (0,10) size 784x29
          RenderInline {LABEL} at (0,0) size 554x21
            RenderText {#text} at (0,4) size 364x21
              text run at (0,4) width 364: "This is a searchable index. Enter search keywords: "
            RenderTextControl {INPUT} at (366,2) size 186x25
        RenderBlock {HR} at (0,47) size 784x2 [border: (1px inset #000000)]
      RenderBlock (anonymous) at (0,94) size 784x21
        RenderText {#text} at (0,0) size 162x21
          text run at (0,0) width 162: "The text should be red:"
      RenderBlock {FORM} at (0,123) size 784x49
        RenderBlock {HR} at (0,0) size 784x2 [border: (1px inset #000000)]
        RenderBlock (anonymous) at (0,10) size 784x29
          RenderInline {LABEL} at (0,0) size 554x21
            RenderText {#text} at (0,4) size 364x21
              text run at (0,4) width 364: "This is a searchable index. Enter search keywords: "
            RenderTextControl {INPUT} at (366,2) size 186x25 [color=#FF0000]
        RenderBlock {HR} at (0,47) size 784x2 [border: (1px inset #000000)]
      RenderBlock (anonymous) at (0,188) size 784x21
        RenderText {#text} at (0,0) size 237x21
          text run at (0,0) width 237: "The text should be gray on green:"
      RenderBlock {FORM} at (0,217) size 784x51
        RenderBlock {HR} at (0,0) size 784x2 [border: (1px inset #000000)]
        RenderBlock (anonymous) at (0,10) size 784x31
          RenderInline {LABEL} at (0,0) size 556x21
            RenderText {#text} at (0,5) size 364x21
              text run at (0,5) width 364: "This is a searchable index. Enter search keywords: "
            RenderTextControl {INPUT} at (366,2) size 188x27 [bgcolor=#008000] [border: (2px inset #000000)]
        RenderBlock {HR} at (0,49) size 784x2 [border: (1px inset #000000)]
      RenderBlock (anonymous) at (0,284) size 784x21
        RenderText {#text} at (0,0) size 232x21
          text run at (0,0) width 232: "The text should be red on Green:"
      RenderBlock {FORM} at (0,313) size 784x51
        RenderBlock {HR} at (0,0) size 784x2 [border: (1px inset #000000)]
        RenderBlock (anonymous) at (0,10) size 784x31
          RenderInline {LABEL} at (0,0) size 556x21
            RenderText {#text} at (0,5) size 364x21
              text run at (0,5) width 364: "This is a searchable index. Enter search keywords: "
            RenderTextControl {INPUT} at (366,2) size 188x27 [color=#FF0000] [bgcolor=#008000] [border: (2px inset #FF0000)]
        RenderBlock {HR} at (0,49) size 784x2 [border: (1px inset #000000)]
      RenderBlock (anonymous) at (0,380) size 784x31
        RenderTextControl {INPUT} at (2,3) size 186x25
        RenderText {#text} at (190,5) size 4x21
          text run at (190,5) width 4: " "
        RenderTextControl {INPUT} at (196,3) size 186x25 [color=#FF0000]
        RenderText {#text} at (384,5) size 4x21
          text run at (384,5) width 4: " "
        RenderTextControl {INPUT} at (390,2) size 188x27 [bgcolor=#008000] [border: (2px inset #000000)]
        RenderText {#text} at (580,5) size 4x21
          text run at (580,5) width 4: " "
        RenderTextControl {INPUT} at (586,2) size 188x27 [color=#FF0000] [bgcolor=#008000] [border: (2px inset #FF0000)]
        RenderText {#text} at (0,0) size 0x0
layer at (376,51) size 182x21
  RenderBlock {DIV} at (2,2) size 182x21
    RenderText {#text} at (1,0) size 48x21
      text run at (1,0) width 48: "default"
layer at (376,145) size 182x21
  RenderBlock {DIV} at (2,2) size 182x21
    RenderText {#text} at (1,0) size 23x21
      text run at (1,0) width 23: "red"
layer at (377,240) size 182x21
  RenderBlock {DIV} at (3,3) size 182x21
    RenderText {#text} at (1,0) size 115x21
      text run at (1,0) width 115: "default on green"
layer at (377,336) size 182x21
  RenderBlock {DIV} at (3,3) size 182x21
    RenderText {#text} at (1,0) size 90x21
      text run at (1,0) width 90: "red on green"
layer at (12,393) size 182x21
  RenderBlock {DIV} at (2,2) size 182x21
    RenderText {#text} at (1,0) size 48x21
      text run at (1,0) width 48: "default"
layer at (206,393) size 182x21
  RenderBlock {DIV} at (2,2) size 182x21
    RenderText {#text} at (1,0) size 23x21
      text run at (1,0) width 23: "red"
layer at (401,393) size 182x21
  RenderBlock {DIV} at (3,3) size 182x21
    RenderText {#text} at (1,0) size 115x21
      text run at (1,0) width 115: "default on green"
layer at (597,393) size 182x21
  RenderBlock {DIV} at (3,3) size 182x21
    RenderText {#text} at (1,0) size 90x21
      text run at (1,0) width 90: "red on green"
