layer at (0,0) size 800x600
  RenderView at (0,0) size 800x600
layer at (0,0) size 800x600
  RenderBlock {HTML} at (0,0) size 800x600
    RenderBody {BODY} at (8,8) size 784x584
      RenderBlock {P} at (0,0) size 784x19
        RenderText {#text} at (0,0) size 588x19
          text run at (0,0) width 588: "The following textarea elements should all be rendered on the left, with their text aligned to the left."
      RenderBlock (anonymous) at (0,35) size 784x196
        RenderText {#text} at (473,31) size 4x19
          text run at (473,31) width 4: " "
        RenderBR {BR} at (0,0) size 0x0
        RenderText {#text} at (473,81) size 4x19
          text run at (473,81) width 4: " "
        RenderBR {BR} at (0,0) size 0x0
        RenderText {#text} at (473,131) size 4x19
          text run at (473,131) width 4: " "
        RenderBR {BR} at (0,0) size 0x0
        RenderText {#text} at (0,0) size 0x0
        RenderText {#text} at (0,0) size 0x0
      RenderBlock {DIV} at (0,231) size 784x46
layer at (10,45) size 469x42
  RenderTextControl {TEXTAREA} at (2,2) size 469x42
    RenderBlock {DIV} at (2,2) size 465x19
      RenderText {#text} at (0,0) size 210x19
        text run at (0,0) width 210: "This is should be aligned to the left."
layer at (10,95) size 469x42
  RenderTextControl {TEXTAREA} at (2,52) size 469x42
    RenderBlock {DIV} at (2,2) size 465x19
      RenderText {#text} at (0,0) size 210x19
        text run at (0,0) width 210: "This is should be aligned to the left."
layer at (10,145) size 469x42
  RenderTextControl {TEXTAREA} at (2,102) size 469x42
    RenderBlock {DIV} at (2,2) size 465x19
      RenderText {#text} at (0,0) size 210x19
        text run at (0,0) width 210: "This is should be aligned to the left."
layer at (10,195) size 469x42
  RenderTextControl {TEXTAREA} at (2,152) size 469x42
    RenderBlock {DIV} at (2,2) size 465x19
      RenderText {#text} at (0,0) size 210x19
        text run at (0,0) width 210: "This is should be aligned to the left."
layer at (10,241) size 469x42
  RenderTextControl {TEXTAREA} at (2,2) size 469x42
    RenderBlock {DIV} at (2,2) size 465x19
      RenderText {#text} at (0,0) size 210x19
        text run at (0,0) width 210: "This is should be aligned to the left."
