layer at (0,0) size 800x600
  RenderView at (0,0) size 800x600
layer at (0,0) size 800x600
  RenderBlock {HTML} at (0,0) size 800x600
    RenderBody {BODY} at (8,8) size 784x584
      RenderText {#text} at (0,0) size 588x22
        text run at (0,0) width 588: "This tests that a negative outline-offset won't get in the way of a cursor in a text control."
      RenderBR {BR} at (588,16) size 0x0
      RenderTextControl {INPUT} at (2,24) size 206x31 [bgcolor=#FFFFFF] [border: (1px solid #000000)]
      RenderText {#text} at (0,0) size 0x0
layer at (12,34) size 202x27
  RenderBlock {DIV} at (2,2) size 202x27
    RenderText {#text} at (1,0) size 30x27
      text run at (1,0) width 30: "abc"
caret: position 3 of child 0 {#text} of child 0 {DIV} of child 3 {INPUT} of body
