layer at (0,0) size 800x600
  RenderView at (0,0) size 800x600
layer at (0,0) size 800x600
  RenderBlock {HTML} at (0,0) size 800x600
    RenderBody {BODY} at (8,8) size 784x584
      RenderBlock {P} at (0,0) size 784x22
        RenderText {#text} at (0,0) size 417x22
          text run at (0,0) width 417: "Focus field with a placeholder, then type, then clear the value."
      RenderBlock {DIV} at (0,38) size 784x52
        RenderText {#text} at (0,0) size 0x0
        RenderText {#text} at (0,0) size 0x0
layer at (10,48) size 180x48
  RenderTextControl {TEXTAREA} at (2,2) size 180x48
    RenderBlock {DIV} at (2,2) size 176x22
caret: position 0 of child 0 {DIV} of {#shadow-root} of child 1 {TEXTAREA} of child 3 {DIV} of body
