CONSOLE MESSAGE: line 5: Uncaught TypeError: Object [object Object] has no method 'setPrinting'
layer at (0,0) size 800x785
  RenderView at (0,0) size 785x585
layer at (0,0) size 785x785
  RenderBlock {HTML} at (0,0) size 785x785
    RenderBody {BODY} at (0,0) size 785x785
      RenderBlock {DIV} at (0,0) size 800x749 [bgcolor=#008000]
        RenderText {#text} at (0,0) size 230x18
          text run at (0,0) width 230: "This test case should output 2 pages."
      RenderBlock (anonymous) at (0,749) size 785x36
        RenderText {#text} at (0,0) size 765x36
          text run at (0,0) width 765: "There should be a blue line above this test. This line is the boundary of 2 pages. As the height of green box is shorter than"
          text run at (0,18) width 646: "the height of a page by one pixel, there should be a white line between the green box and the blue line."
