layer at (0,0) size 800x1153
  RenderView at (0,0) size 800x600
layer at (0,0) size 800x1153
  RenderBlock {HTML} at (0,0) size 800x1153
    RenderBody {BODY} at (8,8) size 784x1137 [bgcolor=#CCCCCC]
      RenderBlock {P} at (0,0) size 784x18
        RenderText {#text} at (0,0) size 355x18
          text run at (0,0) width 355: "The style declarations which apply to the text below are:"
      RenderBlock {PRE} at (0,34) size 784x90
        RenderText {#text} at (0,0) size 576x90
          text run at (0,0) width 408: ".zero {background-color: silver; padding-right: 0;}"
          text run at (408,0) width 0: " "
          text run at (0,15) width 568: ".one {padding-right: 0.5in; text-align: right; background-color: aqua;}"
          text run at (568,15) width 0: " "
          text run at (0,30) width 560: ".two {padding-right: 25px; text-align: right; background-color: aqua;}"
          text run at (560,30) width 0: " "
          text run at (0,45) width 568: ".three {padding-right: 5em; text-align: right; background-color: aqua;}"
          text run at (568,45) width 0: " "
          text run at (0,60) width 560: ".four {padding-right: 25%; text-align: right; background-color: aqua;}"
          text run at (560,60) width 0: " "
          text run at (0,75) width 576: ".five {padding-right: -20px; text-align: right; background-color: aqua;}"
          text run at (576,75) width 0: " "
      RenderBlock {HR} at (0,137) size 784x2 [border: (1px inset #000000)]
      RenderBlock {P} at (0,155) size 784x18 [bgcolor=#C0C0C0]
        RenderText {#text} at (0,0) size 203x18
          text run at (0,0) width 203: "This element has a class of zero."
      RenderBlock {P} at (0,189) size 784x54 [bgcolor=#00FFFF]
        RenderText {#text} at (40,0) size 735x54
          text run at (40,0) width 642: "This element should have a right padding of half an inch, which will require extra text in order to test. "
          text run at (682,0) width 54: "Both the"
          text run at (1,18) width 410: "content background and the padding should be aqua (light blue). "
          text run at (411,18) width 325: "The text has been right-aligned in order to make the"
          text run at (568,36) width 168: "right padding easier to see."
      RenderBlock {P} at (0,259) size 784x54 [bgcolor=#00FFFF]
        RenderText {#text} at (30,0) size 729x54
          text run at (30,0) width 625: "This element should have a right padding of 25 pixels, which will require extra text in order to test. "
          text run at (655,0) width 104: "Both the content"
          text run at (41,18) width 360: "background and the padding should be aqua (light blue). "
          text run at (401,18) width 358: "The text has been right-aligned in order to make the right"
          text run at (624,36) width 135: "padding easier to see."
      RenderBlock {P} at (0,329) size 784x54 [bgcolor=#00FFFF]
        RenderText {#text} at (1,0) size 703x54
          text run at (1,0) width 599: "This element should have a right padding of 5 em, which will require extra text in order to test. "
          text run at (600,0) width 104: "Both the content"
          text run at (19,18) width 360: "background and the padding should be aqua (light blue). "
          text run at (379,18) width 325: "The text has been right-aligned in order to make the"
          text run at (536,36) width 168: "right padding easier to see."
      RenderBlock {P} at (0,399) size 784x54 [bgcolor=#00FFFF]
        RenderText {#text} at (31,0) size 574x54
          text run at (31,0) width 557: "This element should have a right padding of 25%, which is calculated with respect to the"
          text run at (21,18) width 180: "width of the parent element. "
          text run at (201,18) width 387: "Both the content background and the padding should be aqua"
          text run at (14,36) width 77: "(light blue). "
          text run at (91,36) width 497: "The text has been right-aligned in order to make the right padding easier to see."
      RenderBlock {UL} at (0,469) size 784x72 [bgcolor=#808080]
        RenderListItem {LI} at (40,0) size 719x36
          RenderListMarker at (-17,0) size 7x18: bullet
          RenderText {#text} at (22,0) size 697x36
            text run at (22,0) width 697: "The right padding on this unordered list has been set to 25 pixels, which will require some extra text in order to"
            text run at (694,18) width 25: "test."
        RenderListItem {LI} at (40,36) size 719x36 [bgcolor=#FFFFFF]
          RenderListMarker at (-17,0) size 7x18: bullet
          RenderText {#text} at (34,0) size 660x36
            text run at (34,0) width 660: "This list item has a right padding of 25 pixels, which will appear to the left of the gray padding of the UL"
            text run at (641,18) width 53: "element."
      RenderBlock {P} at (0,557) size 784x54 [bgcolor=#00FFFF]
        RenderText {#text} at (0,0) size 784x54
          text run at (0,0) width 574: "This element should have no right padding, since negative padding values are not allowed. "
          text run at (574,0) width 210: "Both the content background and"
          text run at (22,18) width 302: "the normal padding should be aqua (light blue). "
          text run at (324,18) width 460: "The text has been right-aligned in order to make the lack of right padding"
          text run at (704,36) width 80: "easier to see."
      RenderTable {TABLE} at (0,627) size 784x510 [border: (1px outset #808080)]
        RenderTableSection {TBODY} at (1,1) size 782x508
          RenderTableRow {TR} at (0,0) size 782x26
            RenderTableCell {TD} at (0,0) size 782x26 [bgcolor=#C0C0C0] [border: (1px inset #808080)] [r=0 c=0 rs=1 cs=2]
              RenderInline {STRONG} at (0,0) size 163x18
                RenderText {#text} at (4,4) size 163x18
                  text run at (4,4) width 163: "TABLE Testing Section"
          RenderTableRow {TR} at (0,26) size 782x482
            RenderTableCell {TD} at (0,254) size 12x26 [bgcolor=#C0C0C0] [border: (1px inset #808080)] [r=1 c=0 rs=1 cs=1]
              RenderText {#text} at (4,4) size 4x18
                text run at (4,4) width 4: " "
            RenderTableCell {TD} at (12,26) size 770x482 [border: (1px inset #808080)] [r=1 c=1 rs=1 cs=1]
              RenderBlock {P} at (4,4) size 762x18 [bgcolor=#C0C0C0]
                RenderText {#text} at (0,0) size 203x18
                  text run at (0,0) width 203: "This element has a class of zero."
              RenderBlock {P} at (4,38) size 762x54 [bgcolor=#00FFFF]
                RenderText {#text} at (18,0) size 712x54
                  text run at (18,0) width 642: "This element should have a right padding of half an inch, which will require extra text in order to test. "
                  text run at (660,0) width 54: "Both the"
                  text run at (2,18) width 410: "content background and the padding should be aqua (light blue). "
                  text run at (412,18) width 302: "The text has been right-aligned in order to make"
                  text run at (523,36) width 191: "the right padding easier to see."
              RenderBlock {P} at (4,108) size 762x54 [bgcolor=#00FFFF]
                RenderText {#text} at (8,0) size 729x54
                  text run at (8,0) width 625: "This element should have a right padding of 25 pixels, which will require extra text in order to test. "
                  text run at (633,0) width 104: "Both the content"
                  text run at (19,18) width 360: "background and the padding should be aqua (light blue). "
                  text run at (379,18) width 358: "The text has been right-aligned in order to make the right"
                  text run at (602,36) width 135: "padding easier to see."
              RenderBlock {P} at (4,178) size 762x54 [bgcolor=#00FFFF]
                RenderText {#text} at (29,0) size 674x54
                  text run at (29,0) width 599: "This element should have a right padding of 5 em, which will require extra text in order to test. "
                  text run at (628,0) width 54: "Both the"
                  text run at (8,18) width 410: "content background and the padding should be aqua (light blue). "
                  text run at (418,18) width 264: "The text has been right-aligned in order to"
                  text run at (453,36) width 229: "make the right padding easier to see."
              RenderBlock {P} at (4,248) size 762x72 [bgcolor=#00FFFF]
                RenderText {#text} at (14,0) size 567x72
                  text run at (14,0) width 557: "This element should have a right padding of 25%, which is calculated with respect to the"
                  text run at (4,18) width 180: "width of the parent element. "
                  text run at (184,18) width 387: "Both the content background and the padding should be aqua"
                  text run at (25,36) width 77: "(light blue). "
                  text run at (102,36) width 469: "The text has been right-aligned in order to make the right padding easier to"
                  text run at (547,54) width 24: "see."
              RenderBlock {UL} at (4,336) size 762x72 [bgcolor=#808080]
                RenderListItem {LI} at (40,0) size 697x36
                  RenderListMarker at (-17,0) size 7x18: bullet
                  RenderText {#text} at (0,0) size 697x36
                    text run at (0,0) width 697: "The right padding on this unordered list has been set to 25 pixels, which will require some extra text in order to"
                    text run at (672,18) width 25: "test."
                RenderListItem {LI} at (40,36) size 697x36 [bgcolor=#FFFFFF]
                  RenderListMarker at (-17,0) size 7x18: bullet
                  RenderText {#text} at (12,0) size 660x36
                    text run at (12,0) width 660: "This list item has a right padding of 25 pixels, which will appear to the left of the gray padding of the UL"
                    text run at (619,18) width 53: "element."
              RenderBlock {P} at (4,424) size 762x54 [bgcolor=#00FFFF]
                RenderText {#text} at (5,0) size 757x54
                  text run at (5,0) width 574: "This element should have no right padding, since negative padding values are not allowed. "
                  text run at (579,0) width 183: "Both the content background"
                  text run at (28,18) width 329: "and the normal padding should be aqua (light blue). "
                  text run at (357,18) width 405: "The text has been right-aligned in order to make the lack of right"
                  text run at (627,36) width 135: "padding easier to see."
