layer at (0,0) size 800x600
  RenderView at (0,0) size 800x600
layer at (0,0) size 800x600
  RenderBlock {HTML} at (0,0) size 800x600
    RenderBody {BODY} at (8,8) size 784x576
      RenderBlock {P} at (0,0) size 784x36
        RenderText {#text} at (0,0) size 55x17
          text run at (0,0) width 55: "Test for "
        RenderInline {I} at (0,0) size 763x35
          RenderInline {A} at (0,0) size 306x17 [color=#0000EE]
            RenderText {#text} at (54,0) size 306x17
              text run at (54,0) width 306: "http://bugs.webkit.org/show_bug.cgi?id=11124"
          RenderText {#text} at (359,0) size 763x35
            text run at (359,0) width 5: " "
            text run at (363,0) width 400: "REGRESSION (r14297): No drag image for partially-selected"
            text run at (0,18) width 81: "complex text"
        RenderText {#text} at (80,18) size 5x17
          text run at (80,18) width 5: "."
      RenderBlock {P} at (0,52) size 784x18
        RenderText {#text} at (0,0) size 147x17
          text run at (0,0) width 147: "This should look like \x{201C}"
        RenderInline {SPAN} at (0,0) size 86x17 [color=#008000]
          RenderText {#text} at (146,0) size 86x17
            text run at (146,0) width 86: "Lore\x{300}m ipsum"
        RenderText {#text} at (231,0) size 17x17
          text run at (231,0) width 17: "\x{201D}: "
        RenderInline {SPAN} at (0,0) size 90x17
          RenderText {#text} at (247,0) size 90x17
            text run at (247,0) width 90: " Lore\x{300}m ipsum"
        RenderText {#text} at (0,0) size 0x0
selection start: position 1 of child 0 {#text} of child 3 {SPAN} of child 2 {P} of body
selection end:   position 13 of child 0 {#text} of child 3 {SPAN} of child 2 {P} of body
