layer at (0,0) size 784x700
  RenderView at (0,0) size 784x600
layer at (0,0) size 784x700
  RenderBlock {HTML} at (0,0) size 784x700
    RenderBody {BODY} at (8,8) size 768x684
      RenderBlock {DIV} at (0,0) size 768x18
        RenderInline {SPAN} at (0,0) size 332x17
          RenderText {#text} at (0,0) size 316x17
            text run at (0,0) width 316: "No font is specified. expected: yen sign, actual: \x{A5}"
          RenderInline {SPAN} at (0,0) size 9x17
            RenderText {#text} at (315,0) size 9x17
              text run at (315,0) width 9: "\x{A5}"
          RenderInline {SPAN} at (0,0) size 9x17
            RenderText {#text} at (323,0) size 9x17
              text run at (323,0) width 9: "\x{A5}"
      RenderBlock {DIV} at (0,18) size 768x18
        RenderInline {SPAN} at (0,0) size 371x17
          RenderText {#text} at (0,0) size 355x17
            text run at (0,0) width 355: "Using font \"MS PGothic\". expected: yen sign, actual: \x{A5}"
          RenderInline {SPAN} at (0,0) size 9x17
            RenderText {#text} at (354,0) size 9x17
              text run at (354,0) width 9: "\x{A5}"
          RenderInline {SPAN} at (0,0) size 9x17
            RenderText {#text} at (362,0) size 9x17
              text run at (362,0) width 9: "\x{A5}"
        RenderInline {SPAN} at (0,0) size 9x17
          RenderText {#text} at (370,0) size 9x17
            text run at (370,0) width 9: "\x{A5}"
      RenderBlock {DIV} at (0,36) size 768x18
        RenderInline {SPAN} at (0,0) size 362x17
          RenderText {#text} at (0,0) size 346x17
            text run at (0,0) width 346: "Using font \"MS Gothic\". expected: yen sign, actual: \x{A5}"
          RenderInline {SPAN} at (0,0) size 9x17
            RenderText {#text} at (345,0) size 9x17
              text run at (345,0) width 9: "\x{A5}"
          RenderInline {SPAN} at (0,0) size 9x17
            RenderText {#text} at (353,0) size 9x17
              text run at (353,0) width 9: "\x{A5}"
        RenderInline {SPAN} at (0,0) size 9x17
          RenderText {#text} at (361,0) size 9x17
            text run at (361,0) width 9: "\x{A5}"
      RenderBlock {DIV} at (0,54) size 768x18
        RenderInline {SPAN} at (0,0) size 377x17
          RenderText {#text} at (0,0) size 361x17
            text run at (0,0) width 361: "Using font \"MS PMincho\". expected: yen sign, actual: \x{A5}"
          RenderInline {SPAN} at (0,0) size 9x17
            RenderText {#text} at (360,0) size 9x17
              text run at (360,0) width 9: "\x{A5}"
          RenderInline {SPAN} at (0,0) size 9x17
            RenderText {#text} at (368,0) size 9x17
              text run at (368,0) width 9: "\x{A5}"
        RenderInline {SPAN} at (0,0) size 9x17
          RenderText {#text} at (376,0) size 9x17
            text run at (376,0) width 9: "\x{A5}"
      RenderBlock {DIV} at (0,72) size 768x18
        RenderInline {SPAN} at (0,0) size 368x17
          RenderText {#text} at (0,0) size 352x17
            text run at (0,0) width 352: "Using font \"MS Mincho\". expected: yen sign, actual: \x{A5}"
          RenderInline {SPAN} at (0,0) size 9x17
            RenderText {#text} at (351,0) size 9x17
              text run at (351,0) width 9: "\x{A5}"
          RenderInline {SPAN} at (0,0) size 9x17
            RenderText {#text} at (359,0) size 9x17
              text run at (359,0) width 9: "\x{A5}"
        RenderInline {SPAN} at (0,0) size 9x17
          RenderText {#text} at (367,0) size 9x17
            text run at (367,0) width 9: "\x{A5}"
      RenderBlock {DIV} at (0,90) size 768x18
        RenderInline {SPAN} at (0,0) size 338x17
          RenderText {#text} at (0,0) size 322x17
            text run at (0,0) width 322: "Using font \"Meiryo\". expected: yen sign, actual: \x{A5}"
          RenderInline {SPAN} at (0,0) size 9x17
            RenderText {#text} at (321,0) size 9x17
              text run at (321,0) width 9: "\x{A5}"
          RenderInline {SPAN} at (0,0) size 9x17
            RenderText {#text} at (329,0) size 9x17
              text run at (329,0) width 9: "\x{A5}"
        RenderInline {SPAN} at (0,0) size 9x17
          RenderText {#text} at (337,0) size 9x17
            text run at (337,0) width 9: "\x{A5}"
      RenderBlock {DIV} at (0,108) size 768x18
        RenderInline {SPAN} at (0,0) size 362x17
          RenderText {#text} at (0,0) size 346x17
            text run at (0,0) width 346: "Using font \"\x{FF2D}\x{FF33} \x{FF30}\x{30B4}\x{30B7}\x{30C3}\x{30AF}\". expected: yen sign, actual: \x{A5}"
          RenderInline {SPAN} at (0,0) size 9x17
            RenderText {#text} at (345,0) size 9x17
              text run at (345,0) width 9: "\x{A5}"
          RenderInline {SPAN} at (0,0) size 9x17
            RenderText {#text} at (353,0) size 9x17
              text run at (353,0) width 9: "\x{A5}"
        RenderInline {SPAN} at (0,0) size 9x17
          RenderText {#text} at (361,0) size 9x17
            text run at (361,0) width 9: "\x{A5}"
      RenderBlock {DIV} at (0,126) size 768x18
        RenderInline {SPAN} at (0,0) size 353x17
          RenderText {#text} at (0,0) size 337x17
            text run at (0,0) width 337: "Using font \"\x{FF2D}\x{FF33} \x{30B4}\x{30B7}\x{30C3}\x{30AF}\". expected: yen sign, actual: \x{A5}"
          RenderInline {SPAN} at (0,0) size 9x17
            RenderText {#text} at (336,0) size 9x17
              text run at (336,0) width 9: "\x{A5}"
          RenderInline {SPAN} at (0,0) size 9x17
            RenderText {#text} at (344,0) size 9x17
              text run at (344,0) width 9: "\x{A5}"
        RenderInline {SPAN} at (0,0) size 9x17
          RenderText {#text} at (352,0) size 9x17
            text run at (352,0) width 9: "\x{A5}"
      RenderBlock {DIV} at (0,144) size 768x18
        RenderInline {SPAN} at (0,0) size 343x17
          RenderText {#text} at (0,0) size 327x17
            text run at (0,0) width 327: "Using font \"\x{FF2D}\x{FF33} \x{FF30}\x{660E}\x{671D}\". expected: yen sign, actual: \x{A5}"
          RenderInline {SPAN} at (0,0) size 9x17
            RenderText {#text} at (326,0) size 9x17
              text run at (326,0) width 9: "\x{A5}"
          RenderInline {SPAN} at (0,0) size 9x17
            RenderText {#text} at (334,0) size 9x17
              text run at (334,0) width 9: "\x{A5}"
        RenderInline {SPAN} at (0,0) size 9x17
          RenderText {#text} at (342,0) size 9x17
            text run at (342,0) width 9: "\x{A5}"
      RenderBlock {DIV} at (0,162) size 768x18
        RenderInline {SPAN} at (0,0) size 334x17
          RenderText {#text} at (0,0) size 318x17
            text run at (0,0) width 318: "Using font \"\x{FF2D}\x{FF33} \x{660E}\x{671D}\". expected: yen sign, actual: \x{A5}"
          RenderInline {SPAN} at (0,0) size 9x17
            RenderText {#text} at (317,0) size 9x17
              text run at (317,0) width 9: "\x{A5}"
          RenderInline {SPAN} at (0,0) size 9x17
            RenderText {#text} at (325,0) size 9x17
              text run at (325,0) width 9: "\x{A5}"
        RenderInline {SPAN} at (0,0) size 9x17
          RenderText {#text} at (333,0) size 9x17
            text run at (333,0) width 9: "\x{A5}"
      RenderBlock {DIV} at (0,180) size 768x18
        RenderInline {SPAN} at (0,0) size 330x17
          RenderText {#text} at (0,0) size 314x17
            text run at (0,0) width 314: "Using font \"\x{30E1}\x{30A4}\x{30EA}\x{30AA}\". expected: yen sign, actual: \x{A5}"
          RenderInline {SPAN} at (0,0) size 9x17
            RenderText {#text} at (313,0) size 9x17
              text run at (313,0) width 9: "\x{A5}"
          RenderInline {SPAN} at (0,0) size 9x17
            RenderText {#text} at (321,0) size 9x17
              text run at (321,0) width 9: "\x{A5}"
        RenderInline {SPAN} at (0,0) size 9x17
          RenderText {#text} at (329,0) size 9x17
            text run at (329,0) width 9: "\x{A5}"
      RenderBlock {DIV} at (0,198) size 768x18
        RenderInline {SPAN} at (0,0) size 329x17
          RenderText {#text} at (0,0) size 320x17
            text run at (0,0) width 320: "Using font \"Times\". expected: backslash, actual: \\"
          RenderInline {SPAN} at (0,0) size 6x17
            RenderText {#text} at (319,0) size 6x17
              text run at (319,0) width 6: "\\"
          RenderInline {SPAN} at (0,0) size 5x17
            RenderText {#text} at (324,0) size 5x17
              text run at (324,0) width 5: "\\"
        RenderInline {SPAN} at (0,0) size 5x17
          RenderText {#text} at (328,0) size 5x17
            text run at (328,0) width 5: "\\"
      RenderBlock {DIV} at (0,216) size 768x18
        RenderInline {SPAN} at (0,0) size 331x17
          RenderText {#text} at (0,0) size 322x17
            text run at (0,0) width 322: "Using font \"foobar\". expected: backslash, actual: \\"
          RenderInline {SPAN} at (0,0) size 5x17
            RenderText {#text} at (321,0) size 5x17
              text run at (321,0) width 5: "\\"
          RenderInline {SPAN} at (0,0) size 6x17
            RenderText {#text} at (325,0) size 6x17
              text run at (325,0) width 6: "\\"
        RenderInline {SPAN} at (0,0) size 5x17
          RenderText {#text} at (330,0) size 5x17
            text run at (330,0) width 5: "\\"
      RenderBlock {DIV} at (0,234) size 768x18
        RenderInline {SPAN} at (0,0) size 471x17
          RenderText {#text} at (0,0) size 455x17
            text run at (0,0) width 455: "Using font \"*INVALID FONT NAME*\". expected: yen sign, actual: \x{A5}"
          RenderInline {SPAN} at (0,0) size 9x17
            RenderText {#text} at (454,0) size 9x17
              text run at (454,0) width 9: "\x{A5}"
          RenderInline {SPAN} at (0,0) size 9x17
            RenderText {#text} at (462,0) size 9x17
              text run at (462,0) width 9: "\x{A5}"
        RenderInline {SPAN} at (0,0) size 9x17
          RenderText {#text} at (470,0) size 9x17
            text run at (470,0) width 9: "\x{A5}"
      RenderBlock {DIV} at (0,252) size 768x18
        RenderInline {SPAN} at (0,0) size 320x17
          RenderText {#text} at (0,0) size 304x17
            text run at (0,0) width 304: "Using font \"serif\". expected: yen sign, actual: \x{A5}"
          RenderInline {SPAN} at (0,0) size 9x17
            RenderText {#text} at (303,0) size 9x17
              text run at (303,0) width 9: "\x{A5}"
          RenderInline {SPAN} at (0,0) size 9x17
            RenderText {#text} at (311,0) size 9x17
              text run at (311,0) width 9: "\x{A5}"
        RenderInline {SPAN} at (0,0) size 9x17
          RenderText {#text} at (319,0) size 9x17
            text run at (319,0) width 9: "\x{A5}"
      RenderBlock {DIV} at (0,270) size 768x18
        RenderInline {SPAN} at (0,0) size 387x17
          RenderText {#text} at (0,0) size 369x17
            text run at (0,0) width 369: "Using font \"sans-serif\". expected: yen sign, actual: \x{A5}"
          RenderInline {SPAN} at (0,0) size 10x17
            RenderText {#text} at (368,0) size 10x17
              text run at (368,0) width 10: "\x{A5}"
          RenderInline {SPAN} at (0,0) size 10x17
            RenderText {#text} at (377,0) size 10x17
              text run at (377,0) width 10: "\x{A5}"
        RenderInline {SPAN} at (0,0) size 10x17
          RenderText {#text} at (386,0) size 10x17
            text run at (386,0) width 10: "\x{A5}"
      RenderBlock {DIV} at (0,288) size 768x18
        RenderInline {SPAN} at (0,0) size 337x17
          RenderText {#text} at (0,0) size 321x17
            text run at (0,0) width 321: "Using font \"cursive\". expected: yen sign, actual: \x{A5}"
          RenderInline {SPAN} at (0,0) size 9x17
            RenderText {#text} at (320,0) size 9x17
              text run at (320,0) width 9: "\x{A5}"
          RenderInline {SPAN} at (0,0) size 9x17
            RenderText {#text} at (328,0) size 9x17
              text run at (328,0) width 9: "\x{A5}"
        RenderInline {SPAN} at (0,0) size 9x17
          RenderText {#text} at (336,0) size 9x17
            text run at (336,0) width 9: "\x{A5}"
      RenderBlock {DIV} at (0,306) size 768x18
        RenderInline {SPAN} at (0,0) size 337x17
          RenderText {#text} at (0,0) size 321x17
            text run at (0,0) width 321: "Using font \"fantasy\". expected: yen sign, actual: \x{A5}"
          RenderInline {SPAN} at (0,0) size 9x17
            RenderText {#text} at (320,0) size 9x17
              text run at (320,0) width 9: "\x{A5}"
          RenderInline {SPAN} at (0,0) size 9x17
            RenderText {#text} at (328,0) size 9x17
              text run at (328,0) width 9: "\x{A5}"
        RenderInline {SPAN} at (0,0) size 9x17
          RenderText {#text} at (336,0) size 9x17
            text run at (336,0) width 9: "\x{A5}"
      RenderBlock {DIV} at (0,324) size 768x18
        RenderInline {SPAN} at (0,0) size 430x15
          RenderText {#text} at (0,3) size 414x15
            text run at (0,3) width 414: "Using font \"monospace\". expected: yen sign, actual: \x{A5}"
          RenderInline {SPAN} at (0,0) size 9x15
            RenderText {#text} at (413,3) size 9x15
              text run at (413,3) width 9: "\x{A5}"
          RenderInline {SPAN} at (0,0) size 9x15
            RenderText {#text} at (421,3) size 9x15
              text run at (421,3) width 9: "\x{A5}"
        RenderInline {SPAN} at (0,0) size 8x15
          RenderText {#text} at (429,3) size 8x15
            text run at (429,3) width 8: "\x{A5}"
      RenderBlock {DIV} at (0,342) size 768x18
        RenderInline {SPAN} at (0,0) size 375x17
          RenderText {#text} at (0,0) size 366x17
            text run at (0,0) width 366: "Using font \"-webkit-body\". expected: backslash, actual: \\"
          RenderInline {SPAN} at (0,0) size 6x17
            RenderText {#text} at (365,0) size 6x17
              text run at (365,0) width 6: "\\"
          RenderInline {SPAN} at (0,0) size 5x17
            RenderText {#text} at (370,0) size 5x17
              text run at (370,0) width 5: "\\"
        RenderInline {SPAN} at (0,0) size 6x17
          RenderText {#text} at (374,0) size 6x17
            text run at (374,0) width 6: "\\"
      RenderBlock {DIV} at (0,360) size 768x18
        RenderInline {SPAN} at (0,0) size 369x17
          RenderText {#text} at (0,0) size 352x17
            text run at (0,0) width 352: "Using font \"caption\". expected: yen sign, actual: \x{A5}"
          RenderInline {SPAN} at (0,0) size 10x17
            RenderText {#text} at (351,0) size 10x17
              text run at (351,0) width 10: "\x{A5}"
          RenderInline {SPAN} at (0,0) size 9x17
            RenderText {#text} at (360,0) size 9x17
              text run at (360,0) width 9: "\x{A5}"
      RenderBlock {DIV} at (0,378) size 768x18
        RenderInline {SPAN} at (0,0) size 347x17
          RenderText {#text} at (0,0) size 329x17
            text run at (0,0) width 329: "Using font \"icon\". expected: yen sign, actual: \x{A5}"
          RenderInline {SPAN} at (0,0) size 10x17
            RenderText {#text} at (328,0) size 10x17
              text run at (328,0) width 10: "\x{A5}"
          RenderInline {SPAN} at (0,0) size 10x17
            RenderText {#text} at (337,0) size 10x17
              text run at (337,0) width 10: "\x{A5}"
      RenderBlock {DIV} at (0,396) size 768x18
        RenderInline {SPAN} at (0,0) size 358x17
          RenderText {#text} at (0,0) size 340x17
            text run at (0,0) width 340: "Using font \"menu\". expected: yen sign, actual: \x{A5}"
          RenderInline {SPAN} at (0,0) size 10x17
            RenderText {#text} at (339,0) size 10x17
              text run at (339,0) width 10: "\x{A5}"
          RenderInline {SPAN} at (0,0) size 10x17
            RenderText {#text} at (348,0) size 10x17
              text run at (348,0) width 10: "\x{A5}"
      RenderBlock {DIV} at (0,414) size 768x18
        RenderInline {SPAN} at (0,0) size 414x17
          RenderText {#text} at (0,0) size 396x17
            text run at (0,0) width 396: "Using font \"message-box\". expected: yen sign, actual: \x{A5}"
          RenderInline {SPAN} at (0,0) size 10x17
            RenderText {#text} at (395,0) size 10x17
              text run at (395,0) width 10: "\x{A5}"
          RenderInline {SPAN} at (0,0) size 10x17
            RenderText {#text} at (404,0) size 10x17
              text run at (404,0) width 10: "\x{A5}"
      RenderBlock {DIV} at (0,432) size 768x18
        RenderInline {SPAN} at (0,0) size 412x17
          RenderText {#text} at (0,0) size 394x17
            text run at (0,0) width 394: "Using font \"small-caption\". expected: yen sign, actual: \x{A5}"
          RenderInline {SPAN} at (0,0) size 10x17
            RenderText {#text} at (393,0) size 10x17
              text run at (393,0) width 10: "\x{A5}"
          RenderInline {SPAN} at (0,0) size 10x17
            RenderText {#text} at (402,0) size 10x17
              text run at (402,0) width 10: "\x{A5}"
      RenderBlock {DIV} at (0,450) size 768x18
        RenderInline {SPAN} at (0,0) size 389x17
          RenderText {#text} at (0,0) size 371x17
            text run at (0,0) width 371: "Using font \"status-bar\". expected: yen sign, actual: \x{A5}"
          RenderInline {SPAN} at (0,0) size 10x17
            RenderText {#text} at (370,0) size 10x17
              text run at (370,0) width 10: "\x{A5}"
          RenderInline {SPAN} at (0,0) size 10x17
            RenderText {#text} at (379,0) size 10x17
              text run at (379,0) width 10: "\x{A5}"
      RenderBlock {DIV} at (0,468) size 768x18
        RenderInline {SPAN} at (0,0) size 457x17
          RenderText {#text} at (0,0) size 439x17
            text run at (0,0) width 439: "Using font \"-webkit-mini-control\". expected: yen sign, actual: \x{A5}"
          RenderInline {SPAN} at (0,0) size 10x17
            RenderText {#text} at (438,0) size 10x17
              text run at (438,0) width 10: "\x{A5}"
          RenderInline {SPAN} at (0,0) size 10x17
            RenderText {#text} at (447,0) size 10x17
              text run at (447,0) width 10: "\x{A5}"
      RenderBlock {DIV} at (0,486) size 768x18
        RenderInline {SPAN} at (0,0) size 465x17
          RenderText {#text} at (0,0) size 447x17
            text run at (0,0) width 447: "Using font \"-webkit-small-control\". expected: yen sign, actual: \x{A5}"
          RenderInline {SPAN} at (0,0) size 10x17
            RenderText {#text} at (446,0) size 10x17
              text run at (446,0) width 10: "\x{A5}"
          RenderInline {SPAN} at (0,0) size 10x17
            RenderText {#text} at (455,0) size 10x17
              text run at (455,0) width 10: "\x{A5}"
      RenderBlock {DIV} at (0,504) size 768x18
        RenderInline {SPAN} at (0,0) size 422x17
          RenderText {#text} at (0,0) size 404x17
            text run at (0,0) width 404: "Using font \"-webkit-control\". expected: yen sign, actual: \x{A5}"
          RenderInline {SPAN} at (0,0) size 10x17
            RenderText {#text} at (403,0) size 10x17
              text run at (403,0) width 10: "\x{A5}"
          RenderInline {SPAN} at (0,0) size 10x17
            RenderText {#text} at (412,0) size 10x17
              text run at (412,0) width 10: "\x{A5}"
      RenderBlock {DIV} at (0,522) size 768x18
        RenderInline {SPAN} at (0,0) size 410x17
          RenderText {#text} at (0,0) size 394x17
            text run at (0,0) width 394: "Using font \"MS Gothic, Times\". expected: yen sign, actual: \x{A5}"
          RenderInline {SPAN} at (0,0) size 9x17
            RenderText {#text} at (393,0) size 9x17
              text run at (393,0) width 9: "\x{A5}"
          RenderInline {SPAN} at (0,0) size 9x17
            RenderText {#text} at (401,0) size 9x17
              text run at (401,0) width 9: "\x{A5}"
        RenderInline {SPAN} at (0,0) size 9x17
          RenderText {#text} at (409,0) size 9x17
            text run at (409,0) width 9: "\x{A5}"
      RenderBlock {DIV} at (0,540) size 768x18
        RenderInline {SPAN} at (0,0) size 408x17
          RenderText {#text} at (0,0) size 399x17
            text run at (0,0) width 399: "Using font \"Times, MS Gothic\". expected: backslash, actual: \\"
          RenderInline {SPAN} at (0,0) size 5x17
            RenderText {#text} at (398,0) size 5x17
              text run at (398,0) width 5: "\\"
          RenderInline {SPAN} at (0,0) size 6x17
            RenderText {#text} at (402,0) size 6x17
              text run at (402,0) width 6: "\\"
        RenderInline {SPAN} at (0,0) size 5x17
          RenderText {#text} at (407,0) size 5x17
            text run at (407,0) width 5: "\\"
      RenderBlock {DIV} at (0,558) size 768x18
        RenderInline {SPAN} at (0,0) size 412x17
          RenderText {#text} at (0,0) size 396x17
            text run at (0,0) width 396: "Using font \"MS Gothic, foobar\". expected: yen sign, actual: \x{A5}"
          RenderInline {SPAN} at (0,0) size 9x17
            RenderText {#text} at (395,0) size 9x17
              text run at (395,0) width 9: "\x{A5}"
          RenderInline {SPAN} at (0,0) size 9x17
            RenderText {#text} at (403,0) size 9x17
              text run at (403,0) width 9: "\x{A5}"
        RenderInline {SPAN} at (0,0) size 9x17
          RenderText {#text} at (411,0) size 9x17
            text run at (411,0) width 9: "\x{A5}"
      RenderBlock {DIV} at (0,576) size 768x18
        RenderInline {SPAN} at (0,0) size 409x17
          RenderText {#text} at (0,0) size 401x17
            text run at (0,0) width 401: "Using font \"foobar, MS Gothic\". expected: backslash, actual: \\"
          RenderInline {SPAN} at (0,0) size 5x17
            RenderText {#text} at (400,0) size 5x17
              text run at (400,0) width 5: "\\"
          RenderInline {SPAN} at (0,0) size 5x17
            RenderText {#text} at (404,0) size 5x17
              text run at (404,0) width 5: "\\"
        RenderInline {SPAN} at (0,0) size 6x17
          RenderText {#text} at (408,0) size 6x17
            text run at (408,0) width 6: "\\"
      RenderBlock {DIV} at (0,594) size 768x18
        RenderInline {SPAN} at (0,0) size 368x17
          RenderText {#text} at (0,0) size 352x17
            text run at (0,0) width 352: "Using font \"serif, Times\". expected: yen sign, actual: \x{A5}"
          RenderInline {SPAN} at (0,0) size 9x17
            RenderText {#text} at (351,0) size 9x17
              text run at (351,0) width 9: "\x{A5}"
          RenderInline {SPAN} at (0,0) size 9x17
            RenderText {#text} at (359,0) size 9x17
              text run at (359,0) width 9: "\x{A5}"
        RenderInline {SPAN} at (0,0) size 9x17
          RenderText {#text} at (367,0) size 9x17
            text run at (367,0) width 9: "\x{A5}"
      RenderBlock {DIV} at (0,612) size 768x18
        RenderInline {SPAN} at (0,0) size 365x17
          RenderText {#text} at (0,0) size 357x17
            text run at (0,0) width 357: "Using font \"Times, serif\". expected: backslash, actual: \\"
          RenderInline {SPAN} at (0,0) size 5x17
            RenderText {#text} at (356,0) size 5x17
              text run at (356,0) width 5: "\\"
          RenderInline {SPAN} at (0,0) size 5x17
            RenderText {#text} at (360,0) size 5x17
              text run at (360,0) width 5: "\\"
        RenderInline {SPAN} at (0,0) size 6x17
          RenderText {#text} at (364,0) size 6x17
            text run at (364,0) width 6: "\\"
      RenderBlock {DIV} at (0,630) size 768x18
        RenderInline {SPAN} at (0,0) size 356x17
          RenderText {#text} at (0,0) size 340x17
            text run at (0,0) width 340: "Using font \"serif, serif\". expected: yen sign, actual: \x{A5}"
          RenderInline {SPAN} at (0,0) size 9x17
            RenderText {#text} at (339,0) size 9x17
              text run at (339,0) width 9: "\x{A5}"
          RenderInline {SPAN} at (0,0) size 9x17
            RenderText {#text} at (347,0) size 9x17
              text run at (347,0) width 9: "\x{A5}"
        RenderInline {SPAN} at (0,0) size 9x17
          RenderText {#text} at (355,0) size 9x17
            text run at (355,0) width 9: "\x{A5}"
      RenderBlock {DIV} at (0,648) size 768x18
        RenderInline {SPAN} at (0,0) size 379x17
          RenderText {#text} at (0,0) size 370x17
            text run at (0,0) width 370: "Using font \"foobar, Times\". expected: backslash, actual: \\"
          RenderInline {SPAN} at (0,0) size 5x17
            RenderText {#text} at (369,0) size 5x17
              text run at (369,0) width 5: "\\"
          RenderInline {SPAN} at (0,0) size 6x17
            RenderText {#text} at (373,0) size 6x17
              text run at (373,0) width 6: "\\"
        RenderInline {SPAN} at (0,0) size 5x17
          RenderText {#text} at (378,0) size 5x17
            text run at (378,0) width 5: "\\"
      RenderBlock {DIV} at (0,666) size 768x18
        RenderInline {SPAN} at (0,0) size 379x17
          RenderText {#text} at (0,0) size 370x17
            text run at (0,0) width 370: "Using font \"Times, foobar\". expected: backslash, actual: \\"
          RenderInline {SPAN} at (0,0) size 5x17
            RenderText {#text} at (369,0) size 5x17
              text run at (369,0) width 5: "\\"
          RenderInline {SPAN} at (0,0) size 6x17
            RenderText {#text} at (373,0) size 6x17
              text run at (373,0) width 6: "\\"
        RenderInline {SPAN} at (0,0) size 5x17
          RenderText {#text} at (378,0) size 5x17
            text run at (378,0) width 5: "\\"
