layer at (0,0) size 800x600
  RenderView at (0,0) size 800x600
layer at (0,0) size 800x600
  RenderBlock {HTML} at (0,0) size 800x600
    RenderBody {BODY} at (8,8) size 784x584
      RenderBlock (anonymous) at (0,0) size 784x18
        RenderText {#text} at (0,0) size 419x19
          text run at (0,0) width 419: "Pixel test for complex text rendering with opacity (Chromium bug "
        RenderInline {A} at (0,0) size 32x19 [color=#0000EE]
          RenderText {#text} at (419,0) size 32x19
            text run at (419,0) width 32: "8768"
        RenderText {#text} at (451,0) size 9x19
          text run at (451,0) width 9: ")."
      RenderBlock {P} at (0,34) size 784x0
      RenderBlock {DIV} at (0,34) size 784x58
        RenderInline {SPAN} at (0,0) size 115x29
          RenderText {#text} at (0,0) size 115x29
            text run at (0,0) width 115: "\x{916}\x{94B}\x{91C}\x{947}\x{902}"
        RenderText {#text} at (115,0) size 6x29
          text run at (115,0) width 6: " "
        RenderText {#text} at (236,0) size 6x29
          text run at (236,0) width 6: " "
        RenderText {#text} at (357,0) size 6x29
          text run at (357,0) width 6: " "
        RenderText {#text} at (478,0) size 6x29
          text run at (478,0) width 6: " "
        RenderText {#text} at (599,0) size 6x29
          text run at (599,0) width 6: " "
        RenderText {#text} at (0,0) size 0x0
        RenderText {#text} at (115,29) size 6x29
          text run at (115,29) width 6: " "
        RenderText {#text} at (236,29) size 6x29
          text run at (236,29) width 6: " "
        RenderText {#text} at (357,29) size 6x29
          text run at (357,29) width 6: " "
        RenderText {#text} at (478,29) size 6x29
          text run at (478,29) width 6: " "
        RenderText {#text} at (0,0) size 0x0
      RenderBlock {DIV} at (0,92) size 784x58
        RenderInline {SPAN} at (0,0) size 90x29
          RenderText {#text} at (672,0) size 90x29
            text run at (672,0) width 90 RTL: "\x{64A}\x{624}\x{644}\x{645}\x{646}\x{64A}"
        RenderText {#text} at (666,0) size 6x29
          text run at (666,0) width 6 RTL: " "
        RenderText {#text} at (570,0) size 6x29
          text run at (570,0) width 6 RTL: " "
        RenderText {#text} at (474,0) size 6x29
          text run at (474,0) width 6 RTL: " "
        RenderText {#text} at (378,0) size 6x29
          text run at (378,0) width 6 RTL: " "
        RenderText {#text} at (282,0) size 6x29
          text run at (282,0) width 6 RTL: " "
        RenderText {#text} at (186,0) size 6x29
          text run at (186,0) width 6 RTL: " "
        RenderText {#text} at (90,0) size 6x29
          text run at (90,0) width 6 RTL: " "
        RenderText {#text} at (0,0) size 0x0
        RenderText {#text} at (186,29) size 6x29
          text run at (186,29) width 6 RTL: " "
        RenderText {#text} at (90,29) size 6x29
          text run at (90,29) width 6 RTL: " "
        RenderText {#text} at (0,0) size 0x0
layer at (8,42) size 115x29
  RenderInline {SPAN} at (0,0) size 115x29
    RenderText {#text} at (121,0) size 115x29
      text run at (121,0) width 115: "\x{916}\x{94B}\x{91C}\x{947}\x{902}"
layer at (8,42) size 115x29
  RenderInline {SPAN} at (0,0) size 115x29
    RenderText {#text} at (242,0) size 115x29
      text run at (242,0) width 115: "\x{916}\x{94B}\x{91C}\x{947}\x{902}"
layer at (8,42) size 115x29
  RenderInline {SPAN} at (0,0) size 115x29
    RenderText {#text} at (363,0) size 115x29
      text run at (363,0) width 115: "\x{916}\x{94B}\x{91C}\x{947}\x{902}"
layer at (8,42) size 115x29
  RenderInline {SPAN} at (0,0) size 115x29
    RenderText {#text} at (484,0) size 115x29
      text run at (484,0) width 115: "\x{916}\x{94B}\x{91C}\x{947}\x{902}"
layer at (8,42) size 115x29
  RenderInline {SPAN} at (0,0) size 115x29
    RenderText {#text} at (605,0) size 115x29
      text run at (605,0) width 115: "\x{916}\x{94B}\x{91C}\x{947}\x{902}"
layer at (8,42) size 115x29
  RenderInline {SPAN} at (0,0) size 115x29
    RenderText {#text} at (0,29) size 115x29
      text run at (0,29) width 115: "\x{916}\x{94B}\x{91C}\x{947}\x{902}"
layer at (8,42) size 115x29
  RenderInline {SPAN} at (0,0) size 115x29
    RenderText {#text} at (121,29) size 115x29
      text run at (121,29) width 115: "\x{916}\x{94B}\x{91C}\x{947}\x{902}"
layer at (8,42) size 115x29
  RenderInline {SPAN} at (0,0) size 115x29
    RenderText {#text} at (242,29) size 115x29
      text run at (242,29) width 115: "\x{916}\x{94B}\x{91C}\x{947}\x{902}"
layer at (8,42) size 115x29
  RenderInline {SPAN} at (0,0) size 115x29
    RenderText {#text} at (363,29) size 115x29
      text run at (363,29) width 115: "\x{916}\x{94B}\x{91C}\x{947}\x{902}"
layer at (8,42) size 115x29
  RenderInline {SPAN} at (0,0) size 115x29
    RenderText {#text} at (484,29) size 115x29
      text run at (484,29) width 115: "\x{916}\x{94B}\x{91C}\x{947}\x{902}"
layer at (8,100) size 90x29
  RenderInline {SPAN} at (0,0) size 90x29
    RenderText {#text} at (576,0) size 90x29
      text run at (576,0) width 90 RTL: "\x{64A}\x{624}\x{644}\x{645}\x{646}\x{64A}"
layer at (8,100) size 90x29
  RenderInline {SPAN} at (0,0) size 90x29
    RenderText {#text} at (480,0) size 90x29
      text run at (480,0) width 90 RTL: "\x{64A}\x{624}\x{644}\x{645}\x{646}\x{64A}"
layer at (8,100) size 90x29
  RenderInline {SPAN} at (0,0) size 90x29
    RenderText {#text} at (384,0) size 90x29
      text run at (384,0) width 90 RTL: "\x{64A}\x{624}\x{644}\x{645}\x{646}\x{64A}"
layer at (8,100) size 90x29
  RenderInline {SPAN} at (0,0) size 90x29
    RenderText {#text} at (288,0) size 90x29
      text run at (288,0) width 90 RTL: "\x{64A}\x{624}\x{644}\x{645}\x{646}\x{64A}"
layer at (8,100) size 90x29
  RenderInline {SPAN} at (0,0) size 90x29
    RenderText {#text} at (192,0) size 90x29
      text run at (192,0) width 90 RTL: "\x{64A}\x{624}\x{644}\x{645}\x{646}\x{64A}"
layer at (8,100) size 90x29
  RenderInline {SPAN} at (0,0) size 90x29
    RenderText {#text} at (96,0) size 90x29
      text run at (96,0) width 90 RTL: "\x{64A}\x{624}\x{644}\x{645}\x{646}\x{64A}"
layer at (8,100) size 90x29
  RenderInline {SPAN} at (0,0) size 90x29
    RenderText {#text} at (0,0) size 90x29
      text run at (0,0) width 90 RTL: "\x{64A}\x{624}\x{644}\x{645}\x{646}\x{64A}"
layer at (8,100) size 90x29
  RenderInline {SPAN} at (0,0) size 90x29
    RenderText {#text} at (192,29) size 90x29
      text run at (192,29) width 90 RTL: "\x{64A}\x{624}\x{644}\x{645}\x{646}\x{64A}"
layer at (8,100) size 90x29
  RenderInline {SPAN} at (0,0) size 90x29
    RenderText {#text} at (96,29) size 90x29
      text run at (96,29) width 90 RTL: "\x{64A}\x{624}\x{644}\x{645}\x{646}\x{64A}"
layer at (8,100) size 90x29
  RenderInline {SPAN} at (0,0) size 90x29
    RenderText {#text} at (0,29) size 90x29
      text run at (0,29) width 90 RTL: "\x{64A}\x{624}\x{644}\x{645}\x{646}\x{64A}"
