layer at (0,0) size 800x600
  RenderView at (0,0) size 800x600
layer at (0,0) size 800x600
  RenderBlock {HTML} at (0,0) size 800x600
    RenderBody {BODY} at (8,8) size 784x584
layer at (8,8) size 65x240
  RenderBlock (floating) {DIV} at (0,0) size 65x240
    RenderText {#text} at (0,0) size 65x16
      text run at (0,0) width 65: "    "
    RenderBR {BR} at (64,13) size 1x0
    RenderText {#text} at (0,16) size 65x16
      text run at (0,16) width 65: "    "
    RenderBR {BR} at (64,29) size 1x0
    RenderText {#text} at (0,32) size 65x16
      text run at (0,32) width 65: "    "
    RenderBR {BR} at (64,45) size 1x0
    RenderText {#text} at (0,48) size 65x16
      text run at (0,48) width 65: "    "
    RenderBR {BR} at (64,61) size 1x0
    RenderText {#text} at (0,64) size 65x16
      text run at (0,64) width 65: "    "
    RenderBR {BR} at (64,77) size 1x0
    RenderText {#text} at (0,80) size 65x16
      text run at (0,80) width 65: "    "
    RenderBR {BR} at (64,93) size 1x0
    RenderText {#text} at (0,96) size 65x16
      text run at (0,96) width 65: "    "
    RenderBR {BR} at (64,109) size 1x0
    RenderText {#text} at (0,112) size 65x16
      text run at (0,112) width 65: "    "
    RenderBR {BR} at (64,125) size 1x0
    RenderText {#text} at (0,128) size 65x16
      text run at (0,128) width 65: "    "
    RenderBR {BR} at (64,141) size 1x0
    RenderText {#text} at (0,144) size 65x16
      text run at (0,144) width 65: "    "
    RenderBR {BR} at (64,157) size 1x0
    RenderText {#text} at (0,160) size 65x16
      text run at (0,160) width 65: "    "
    RenderBR {BR} at (64,173) size 1x0
    RenderText {#text} at (0,176) size 65x16
      text run at (0,176) width 65: "    "
    RenderBR {BR} at (64,189) size 1x0
    RenderText {#text} at (0,192) size 65x16
      text run at (0,192) width 65: "    "
    RenderBR {BR} at (64,205) size 1x0
    RenderText {#text} at (0,208) size 65x16
      text run at (0,208) width 65: "    "
    RenderBR {BR} at (64,221) size 1x0
    RenderText {#text} at (0,224) size 65x16
      text run at (0,224) width 65: "    "
    RenderBR {BR} at (64,237) size 1x0
layer at (88,8) size 65x240
  RenderBlock (floating) {DIV} at (80,0) size 65x240
    RenderText {#text} at (0,0) size 65x16
      text run at (0,0) width 65: "    "
    RenderBR {BR} at (64,13) size 1x0
    RenderText {#text} at (0,16) size 65x16
      text run at (0,16) width 65: "    "
    RenderBR {BR} at (64,29) size 1x0
    RenderText {#text} at (0,32) size 65x16
      text run at (0,32) width 65: "    "
    RenderBR {BR} at (64,45) size 1x0
    RenderText {#text} at (0,48) size 65x16
      text run at (0,48) width 65: "    "
    RenderBR {BR} at (64,61) size 1x0
    RenderText {#text} at (0,64) size 65x16
      text run at (0,64) width 65: "    "
    RenderBR {BR} at (64,77) size 1x0
    RenderText {#text} at (0,80) size 65x16
      text run at (0,80) width 65: "    "
    RenderBR {BR} at (64,93) size 1x0
    RenderText {#text} at (0,96) size 65x16
      text run at (0,96) width 65: "    "
    RenderBR {BR} at (64,109) size 1x0
    RenderText {#text} at (0,112) size 65x16
      text run at (0,112) width 65: "    "
    RenderBR {BR} at (64,125) size 1x0
    RenderText {#text} at (0,128) size 65x16
      text run at (0,128) width 65: "    "
    RenderBR {BR} at (64,141) size 1x0
    RenderText {#text} at (0,144) size 65x16
      text run at (0,144) width 65: "    "
    RenderBR {BR} at (64,157) size 1x0
    RenderText {#text} at (0,160) size 65x16
      text run at (0,160) width 65: "    "
    RenderBR {BR} at (64,173) size 1x0
    RenderText {#text} at (0,176) size 65x16
      text run at (0,176) width 65: "    "
    RenderBR {BR} at (64,189) size 1x0
    RenderText {#text} at (0,192) size 65x16
      text run at (0,192) width 65: "    "
    RenderBR {BR} at (64,205) size 1x0
    RenderText {#text} at (0,208) size 65x16
      text run at (0,208) width 65: "    "
    RenderBR {BR} at (64,221) size 1x0
    RenderText {#text} at (0,224) size 65x16
      text run at (0,224) width 65: "    "
    RenderBR {BR} at (64,237) size 1x0
layer at (173,8) size 65x240
  RenderBlock (floating) {DIV} at (165,0) size 65x240
    RenderText {#text} at (0,0) size 65x16
      text run at (0,0) width 65: "    "
    RenderBR {BR} at (64,13) size 1x0
    RenderText {#text} at (0,16) size 65x16
      text run at (0,16) width 65: "    "
    RenderBR {BR} at (64,29) size 1x0
    RenderText {#text} at (0,32) size 65x16
      text run at (0,32) width 65: "    "
    RenderBR {BR} at (64,45) size 1x0
    RenderText {#text} at (0,48) size 65x16
      text run at (0,48) width 65: "    "
    RenderBR {BR} at (64,61) size 1x0
    RenderText {#text} at (0,64) size 65x16
      text run at (0,64) width 65: "    "
    RenderBR {BR} at (64,77) size 1x0
    RenderText {#text} at (0,80) size 65x16
      text run at (0,80) width 65: "    "
    RenderBR {BR} at (64,93) size 1x0
    RenderText {#text} at (0,96) size 65x16
      text run at (0,96) width 65: "    "
    RenderBR {BR} at (64,109) size 1x0
    RenderText {#text} at (0,112) size 65x16
      text run at (0,112) width 65: "    "
    RenderBR {BR} at (64,125) size 1x0
    RenderText {#text} at (0,128) size 65x16
      text run at (0,128) width 65: "    "
    RenderBR {BR} at (64,141) size 1x0
    RenderText {#text} at (0,144) size 65x16
      text run at (0,144) width 65: "    "
    RenderBR {BR} at (64,157) size 1x0
    RenderText {#text} at (0,160) size 65x16
      text run at (0,160) width 65: "    "
    RenderBR {BR} at (64,173) size 1x0
    RenderText {#text} at (0,176) size 65x16
      text run at (0,176) width 65: "    "
    RenderBR {BR} at (64,189) size 1x0
    RenderText {#text} at (0,192) size 65x16
      text run at (0,192) width 65: "    "
    RenderBR {BR} at (64,205) size 1x0
    RenderText {#text} at (0,208) size 65x16
      text run at (0,208) width 65: "    "
    RenderBR {BR} at (64,221) size 1x0
    RenderText {#text} at (0,224) size 65x16
      text run at (0,224) width 65: "    "
    RenderBR {BR} at (64,237) size 1x0
layer at (260,8) size 65x240
  RenderBlock (floating) {DIV} at (252,0) size 65x240
    RenderText {#text} at (0,0) size 65x16
      text run at (0,0) width 65: "    "
    RenderBR {BR} at (64,13) size 1x0
    RenderText {#text} at (0,16) size 65x16
      text run at (0,16) width 65: "    "
    RenderBR {BR} at (64,29) size 1x0
    RenderText {#text} at (0,32) size 65x16
      text run at (0,32) width 65: "    "
    RenderBR {BR} at (64,45) size 1x0
    RenderText {#text} at (0,48) size 65x16
      text run at (0,48) width 65: "    "
    RenderBR {BR} at (64,61) size 1x0
    RenderText {#text} at (0,64) size 65x16
      text run at (0,64) width 65: "    "
    RenderBR {BR} at (64,77) size 1x0
    RenderText {#text} at (0,80) size 65x16
      text run at (0,80) width 65: "    "
    RenderBR {BR} at (64,93) size 1x0
    RenderText {#text} at (0,96) size 65x16
      text run at (0,96) width 65: "    "
    RenderBR {BR} at (64,109) size 1x0
    RenderText {#text} at (0,112) size 65x16
      text run at (0,112) width 65: "    "
    RenderBR {BR} at (64,125) size 1x0
    RenderText {#text} at (0,128) size 65x16
      text run at (0,128) width 65: "    "
    RenderBR {BR} at (64,141) size 1x0
    RenderText {#text} at (0,144) size 65x16
      text run at (0,144) width 65: "    "
    RenderBR {BR} at (64,157) size 1x0
    RenderText {#text} at (0,160) size 65x16
      text run at (0,160) width 65: "    "
    RenderBR {BR} at (64,173) size 1x0
    RenderText {#text} at (0,176) size 65x16
      text run at (0,176) width 65: "    "
    RenderBR {BR} at (64,189) size 1x0
    RenderText {#text} at (0,192) size 65x16
      text run at (0,192) width 65: "    "
    RenderBR {BR} at (64,205) size 1x0
    RenderText {#text} at (0,208) size 65x16
      text run at (0,208) width 65: "    "
    RenderBR {BR} at (64,221) size 1x0
    RenderText {#text} at (0,224) size 65x16
      text run at (0,224) width 65: "    "
    RenderBR {BR} at (64,237) size 1x0
layer at (355,8) size 65x240
  RenderBlock (floating) {DIV} at (347,0) size 65x240
    RenderText {#text} at (0,0) size 65x16
      text run at (0,0) width 65: "    "
    RenderBR {BR} at (64,13) size 1x0
    RenderText {#text} at (0,16) size 65x16
      text run at (0,16) width 65: "    "
    RenderBR {BR} at (64,29) size 1x0
    RenderText {#text} at (0,32) size 65x16
      text run at (0,32) width 65: "    "
    RenderBR {BR} at (64,45) size 1x0
    RenderText {#text} at (0,48) size 65x16
      text run at (0,48) width 65: "    "
    RenderBR {BR} at (64,61) size 1x0
    RenderText {#text} at (0,64) size 65x16
      text run at (0,64) width 65: "    "
    RenderBR {BR} at (64,77) size 1x0
    RenderText {#text} at (0,80) size 65x16
      text run at (0,80) width 65: "    "
    RenderBR {BR} at (64,93) size 1x0
    RenderText {#text} at (0,96) size 65x16
      text run at (0,96) width 65: "    "
    RenderBR {BR} at (64,109) size 1x0
    RenderText {#text} at (0,112) size 65x16
      text run at (0,112) width 65: "    "
    RenderBR {BR} at (64,125) size 1x0
    RenderText {#text} at (0,128) size 65x16
      text run at (0,128) width 65: "    "
    RenderBR {BR} at (64,141) size 1x0
    RenderText {#text} at (0,144) size 65x16
      text run at (0,144) width 65: "    "
    RenderBR {BR} at (64,157) size 1x0
    RenderText {#text} at (0,160) size 65x16
      text run at (0,160) width 65: "    "
    RenderBR {BR} at (64,173) size 1x0
    RenderText {#text} at (0,176) size 65x16
      text run at (0,176) width 65: "    "
    RenderBR {BR} at (64,189) size 1x0
    RenderText {#text} at (0,192) size 65x16
      text run at (0,192) width 65: "    "
    RenderBR {BR} at (64,205) size 1x0
    RenderText {#text} at (0,208) size 65x16
      text run at (0,208) width 65: "    "
    RenderBR {BR} at (64,221) size 1x0
    RenderText {#text} at (0,224) size 65x16
      text run at (0,224) width 65: "    "
    RenderBR {BR} at (64,237) size 1x0
layer at (465,8) size 65x240
  RenderBlock (floating) {DIV} at (457,0) size 65x240
    RenderText {#text} at (0,0) size 65x16
      text run at (0,0) width 65: "    "
    RenderBR {BR} at (64,13) size 1x0
    RenderText {#text} at (0,16) size 65x16
      text run at (0,16) width 65: "    "
    RenderBR {BR} at (64,29) size 1x0
    RenderText {#text} at (0,32) size 65x16
      text run at (0,32) width 65: "    "
    RenderBR {BR} at (64,45) size 1x0
    RenderText {#text} at (0,48) size 65x16
      text run at (0,48) width 65: "    "
    RenderBR {BR} at (64,61) size 1x0
    RenderText {#text} at (0,64) size 65x16
      text run at (0,64) width 65: "    "
    RenderBR {BR} at (64,77) size 1x0
    RenderText {#text} at (0,80) size 65x16
      text run at (0,80) width 65: "    "
    RenderBR {BR} at (64,93) size 1x0
    RenderText {#text} at (0,96) size 65x16
      text run at (0,96) width 65: "    "
    RenderBR {BR} at (64,109) size 1x0
    RenderText {#text} at (0,112) size 65x16
      text run at (0,112) width 65: "    "
    RenderBR {BR} at (64,125) size 1x0
    RenderText {#text} at (0,128) size 65x16
      text run at (0,128) width 65: "    "
    RenderBR {BR} at (64,141) size 1x0
    RenderText {#text} at (0,144) size 65x16
      text run at (0,144) width 65: "    "
    RenderBR {BR} at (64,157) size 1x0
    RenderText {#text} at (0,160) size 65x16
      text run at (0,160) width 65: "    "
    RenderBR {BR} at (64,173) size 1x0
    RenderText {#text} at (0,176) size 65x16
      text run at (0,176) width 65: "    "
    RenderBR {BR} at (64,189) size 1x0
    RenderText {#text} at (0,192) size 65x16
      text run at (0,192) width 65: "    "
    RenderBR {BR} at (64,205) size 1x0
    RenderText {#text} at (0,208) size 65x16
      text run at (0,208) width 65: "    "
    RenderBR {BR} at (64,221) size 1x0
    RenderText {#text} at (0,224) size 65x16
      text run at (0,224) width 65: "    "
    RenderBR {BR} at (64,237) size 1x0
layer at (585,8) size 65x240
  RenderBlock (floating) {DIV} at (577,0) size 65x240
    RenderText {#text} at (0,0) size 65x16
      text run at (0,0) width 65: "    "
    RenderBR {BR} at (64,13) size 1x0
    RenderText {#text} at (0,16) size 65x16
      text run at (0,16) width 65: "    "
    RenderBR {BR} at (64,29) size 1x0
    RenderText {#text} at (0,32) size 65x16
      text run at (0,32) width 65: "    "
    RenderBR {BR} at (64,45) size 1x0
    RenderText {#text} at (0,48) size 65x16
      text run at (0,48) width 65: "    "
    RenderBR {BR} at (64,61) size 1x0
    RenderText {#text} at (0,64) size 65x16
      text run at (0,64) width 65: "    "
    RenderBR {BR} at (64,77) size 1x0
    RenderText {#text} at (0,80) size 65x16
      text run at (0,80) width 65: "    "
    RenderBR {BR} at (64,93) size 1x0
    RenderText {#text} at (0,96) size 65x16
      text run at (0,96) width 65: "    "
    RenderBR {BR} at (64,109) size 1x0
    RenderText {#text} at (0,112) size 65x16
      text run at (0,112) width 65: "    "
    RenderBR {BR} at (64,125) size 1x0
    RenderText {#text} at (0,128) size 65x16
      text run at (0,128) width 65: "    "
    RenderBR {BR} at (64,141) size 1x0
    RenderText {#text} at (0,144) size 65x16
      text run at (0,144) width 65: "    "
    RenderBR {BR} at (64,157) size 1x0
    RenderText {#text} at (0,160) size 65x16
      text run at (0,160) width 65: "    "
    RenderBR {BR} at (64,173) size 1x0
    RenderText {#text} at (0,176) size 65x16
      text run at (0,176) width 65: "    "
    RenderBR {BR} at (64,189) size 1x0
    RenderText {#text} at (0,192) size 65x16
      text run at (0,192) width 65: "    "
    RenderBR {BR} at (64,205) size 1x0
    RenderText {#text} at (0,208) size 65x16
      text run at (0,208) width 65: "    "
    RenderBR {BR} at (64,221) size 1x0
    RenderText {#text} at (0,224) size 65x16
      text run at (0,224) width 65: "    "
    RenderBR {BR} at (64,237) size 1x0
