layer at (0,0) size 800x600
  RenderView at (0,0) size 800x600
layer at (0,0) size 800x600
  RenderBlock {HTML} at (0,0) size 800x600
    RenderBody {BODY} at (8,8) size 784x584
      RenderBlock {P} at (0,0) size 784x36
        RenderText {#text} at (0,0) size 55x17
          text run at (0,0) width 55: "Test for "
        RenderInline {I} at (0,0) size 680x35
          RenderInline {A} at (0,0) size 306x17 [color=#0000EE]
            RenderText {#text} at (54,0) size 306x17
              text run at (54,0) width 306: "http://bugs.webkit.org/show_bug.cgi?id=10144"
          RenderText {#text} at (359,0) size 680x35
            text run at (359,0) width 5: " "
            text run at (363,0) width 317: "REGRESSION: Reproducible assertion failure in"
            text run at (0,18) width 294: "DeleteSelectionCommand::fixupWhitespace()"
        RenderText {#text} at (293,18) size 5x17
          text run at (293,18) width 5: "."
      RenderBlock {DIV} at (0,52) size 784x100
        RenderText {#text} at (0,0) size 0x17
          text run at (0,0) width 0: " "
        RenderBR {BR} at (0,18) size 0x17
caret: position 0 of child 1 {BR} of child 3 {DIV} of body
