layer at (0,0) size 800x600
  RenderView at (0,0) size 800x600
layer at (0,0) size 800x600
  RenderBlock {HTML} at (0,0) size 800x600
    RenderBody {BODY} at (8,8) size 784x584
      RenderBlock {P} at (0,0) size 784x19
        RenderText {#text} at (0,0) size 280x19
          text run at (0,0) width 280: "This tests GraphicsContext::drawBidiText()."
      RenderListBox {SELECT} at (2,35) size 333x199 [bgcolor=#FFFFFF] [border: (1px inset #808080)]
      RenderListBox {SELECT} at (2,236) size 367x18 [bgcolor=#FFFFFF] [border: (1px inset #808080)]
