layer at (0,0) size 800x600
  RenderView at (0,0) size 800x600
layer at (331,0) size 469x600
  RenderBlock {HTML} at (0,0) size 469x600
    RenderBody {BODY} at (8,8) size 0x584
      RenderBlock (floating) {DIV} at (8,8) size 88x366 [border: (3px solid #000000)]
        RenderText {#text} at (13,3) size 20x163
          text run at (13,3) width 163: "\x{305B}\x{3063}\x{304B}\x{304F}\x{898B}\x{3064}\x{3051}\x{305F}\x{3059}\x{3070}\x{3089}\x{3057}\x{3044}\x{8A18}\x{4E8B}"
        RenderInline {SPAN} at (0,0) size 20x141
          RenderText {#text} at (13,165) size 20x141
            text run at (13,165) width 141: "\x{304C}\x{3069}\x{3053}\x{306B}\x{3042}\x{3063}\x{305F}\x{304B}\x{5FD8}\x{308C}\x{3066}\x{3057}\x{307E}"
        RenderText {#text} at (13,305) size 41x357
          text run at (13,305) width 55: "\x{3063}\x{305F}\x{7D4C}\x{9A13}\x{306F}"
          text run at (34,3) width 55: "\x{3042}\x{308A}\x{307E}\x{3059}\x{304B}"
        RenderInline {SPAN} at (0,0) size 20x184
          RenderText {#text} at (34,57) size 20x184
            text run at (34,57) width 184: "\x{306A}\x{3089}\x{30BF}\x{30A4}\x{30C8}\x{30EB}\x{3068}\x{30A2}\x{30C9}\x{30EC}\x{30B9}\x{3060}\x{3051}\x{3067}\x{306A}\x{304F}\x{3001}"
        RenderText {#text} at (34,240) size 50x346
          text run at (34,240) width 109: "\x{8A2A}\x{554F}\x{3057}\x{305F}\x{30A6}\x{30A7}\x{30D6}\x{30DA}\x{30FC}\x{30B8}"
          text run at (64,3) width 233: "\x{306E}\x{30B3}\x{30F3}\x{30C6}\x{30F3}\x{30C4}\x{304B}\x{3089}\x{3082}\x{691C}\x{7D22}\x{3059}\x{308B}\x{3053}\x{3068}\x{304C}\x{3067}\x{304D}\x{307E}\x{3059}\x{3002}"
      RenderBlock (floating) {DIV} at (112,8) size 97x366 [border: (3px solid #000000)]
        RenderText {#text} at (13,3) size 20x33
          text run at (13,3) width 33: "\x{305B}\x{3063}\x{304B}"
        RenderInline {SPAN} at (0,0) size 20x66
          RenderText {#text} at (13,35) size 20x66
            text run at (13,35) width 65: "\x{304F}\x{898B}\x{3064}\x{3051}\x{305F}\x{3059}"
        RenderInline {SPAN} at (0,0) size 20x44
          RenderText {#text} at (13,100) size 20x44
            text run at (13,100) width 44: "\x{3070}\x{3089}\x{3057}\x{3044}"
        RenderInline {SPAN} at (0,0) size 20x44
          RenderText {#text} at (13,143) size 20x44
            text run at (13,143) width 44: "\x{8A18}\x{4E8B}\x{304C}\x{3069}"
        RenderInline {SPAN} at (0,0) size 20x44
          RenderText {#text} at (13,186) size 20x44
            text run at (13,186) width 44: "\x{3053}\x{306B}\x{3042}\x{3063}"
        RenderInline {SPAN} at (0,0) size 20x66
          RenderText {#text} at (13,229) size 20x66
            text run at (13,229) width 65: "\x{305F}\x{304B}\x{5FD8}\x{308C}\x{3066}\x{3057}"
        RenderInline {SPAN} at (0,0) size 20x55
          RenderText {#text} at (13,294) size 20x55
            text run at (13,294) width 55: "\x{307E}\x{3063}\x{305F}\x{7D4C}\x{9A13}"
        RenderInline {SPAN} at (0,0) size 50x357
          RenderText {#text} at (13,348) size 50x357
            text run at (13,348) width 11: "\x{306F}"
            text run at (43,3) width 55: "\x{3042}\x{308A}\x{307E}\x{3059}\x{304B}"
        RenderInline {SPAN} at (0,0) size 20x76
          RenderText {#text} at (43,57) size 20x76
            text run at (43,57) width 76: "\x{306A}\x{3089}\x{30BF}\x{30A4}\x{30C8}\x{30EB}\x{3068}"
        RenderInline {SPAN} at (0,0) size 20x88
          RenderText {#text} at (43,132) size 20x88
            text run at (43,132) width 87: "\x{30A2}\x{30C9}\x{30EC}\x{30B9}\x{3060}\x{3051}\x{3067}\x{306A}"
        RenderInline {SPAN} at (0,0) size 20x76
          RenderText {#text} at (43,219) size 20x76
            text run at (43,219) width 76: "\x{304F}\x{3001}\x{8A2A}\x{554F}\x{3057}\x{305F}\x{30A6}"
        RenderInline {SPAN} at (0,0) size 50x346
          RenderText {#text} at (43,294) size 50x346
            text run at (43,294) width 55: "\x{30A7}\x{30D6}\x{30DA}\x{30FC}\x{30B8}"
            text run at (73,3) width 49: "\x{306E}\x{30B3}\x{30F3}\x{30C6}"
        RenderText {#text} at (73,51) size 20x185
          text run at (73,51) width 184: "\x{30F3}\x{30C4}\x{304B}\x{3089}\x{3082}\x{691C}\x{7D22}\x{3059}\x{308B}\x{3053}\x{3068}\x{304C}\x{3067}\x{304D}\x{307E}\x{3059}\x{3002}"
      RenderBlock (floating) {DIV} at (225,8) size 96x366 [border: (3px solid #000000)]
        RenderText {#text} at (3,3) size 20x33
          text run at (3,3) width 33: "\x{305B}\x{3063}\x{304B}"
        RenderInline {SPAN} at (0,0) size 20x66
          RenderText {#text} at (3,35) size 20x66
            text run at (3,35) width 65: "\x{304F}\x{898B}\x{3064}\x{3051}\x{305F}\x{3059}"
        RenderInline {SPAN} at (0,0) size 20x44
          RenderText {#text} at (3,100) size 20x44
            text run at (3,100) width 44: "\x{3070}\x{3089}\x{3057}\x{3044}"
        RenderInline {SPAN} at (0,0) size 20x44
          RenderText {#text} at (3,143) size 20x44
            text run at (3,143) width 44: "\x{8A18}\x{4E8B}\x{304C}\x{3069}"
        RenderInline {SPAN} at (0,0) size 20x44
          RenderText {#text} at (3,186) size 20x44
            text run at (3,186) width 44: "\x{3053}\x{306B}\x{3042}\x{3063}"
        RenderInline {SPAN} at (0,0) size 20x66
          RenderText {#text} at (3,229) size 20x66
            text run at (3,229) width 65: "\x{305F}\x{304B}\x{5FD8}\x{308C}\x{3066}\x{3057}"
        RenderInline {SPAN} at (0,0) size 20x55
          RenderText {#text} at (3,294) size 20x55
            text run at (3,294) width 55: "\x{307E}\x{3063}\x{305F}\x{7D4C}\x{9A13}"
        RenderInline {SPAN} at (0,0) size 50x357
          RenderText {#text} at (3,348) size 50x357
            text run at (3,348) width 11: "\x{306F}"
            text run at (33,3) width 55: "\x{3042}\x{308A}\x{307E}\x{3059}\x{304B}"
        RenderInline {SPAN} at (0,0) size 20x76
          RenderText {#text} at (33,57) size 20x76
            text run at (33,57) width 76: "\x{306A}\x{3089}\x{30BF}\x{30A4}\x{30C8}\x{30EB}\x{3068}"
        RenderInline {SPAN} at (0,0) size 20x88
          RenderText {#text} at (33,132) size 20x88
            text run at (33,132) width 87: "\x{30A2}\x{30C9}\x{30EC}\x{30B9}\x{3060}\x{3051}\x{3067}\x{306A}"
        RenderInline {SPAN} at (0,0) size 20x76
          RenderText {#text} at (33,219) size 20x76
            text run at (33,219) width 76: "\x{304F}\x{3001}\x{8A2A}\x{554F}\x{3057}\x{305F}\x{30A6}"
        RenderInline {SPAN} at (0,0) size 50x346
          RenderText {#text} at (33,294) size 50x346
            text run at (33,294) width 55: "\x{30A7}\x{30D6}\x{30DA}\x{30FC}\x{30B8}"
            text run at (63,3) width 49: "\x{306E}\x{30B3}\x{30F3}\x{30C6}"
        RenderText {#text} at (63,51) size 20x185
          text run at (63,51) width 184: "\x{30F3}\x{30C4}\x{304B}\x{3089}\x{3082}\x{691C}\x{7D22}\x{3059}\x{308B}\x{3053}\x{3068}\x{304C}\x{3067}\x{304D}\x{307E}\x{3059}\x{3002}"
      RenderBlock (floating) {DIV} at (337,8) size 116x366 [border: (3px solid #000000)]
        RenderText {#text} at (13,3) size 20x163
          text run at (13,3) width 163: "\x{305B}\x{3063}\x{304B}\x{304F}\x{898B}\x{3064}\x{3051}\x{305F}\x{3059}\x{3070}\x{3089}\x{3057}\x{3044}\x{8A18}\x{4E8B}"
        RenderInline {SPAN} at (0,0) size 20x141
          RenderText {#text} at (13,165) size 20x141
            text run at (13,165) width 141: "\x{304C}\x{3069}\x{3053}\x{306B}\x{3042}\x{3063}\x{305F}\x{304B}\x{5FD8}\x{308C}\x{3066}\x{3057}\x{307E}"
        RenderText {#text} at (13,305) size 56x357
          text run at (13,305) width 55: "\x{3063}\x{305F}\x{7D4C}\x{9A13}\x{306F}"
          text run at (49,3) width 55: "\x{3042}\x{308A}\x{307E}\x{3059}\x{304B}"
        RenderInline {SPAN} at (0,0) size 20x184
          RenderText {#text} at (49,57) size 20x184
            text run at (49,57) width 184: "\x{306A}\x{3089}\x{30BF}\x{30A4}\x{30C8}\x{30EB}\x{3068}\x{30A2}\x{30C9}\x{30EC}\x{30B9}\x{3060}\x{3051}\x{3067}\x{306A}\x{304F}\x{3001}"
        RenderText {#text} at (49,240) size 56x346
          text run at (49,240) width 109: "\x{8A2A}\x{554F}\x{3057}\x{305F}\x{30A6}\x{30A7}\x{30D6}\x{30DA}\x{30FC}\x{30B8}"
          text run at (85,3) width 233: "\x{306E}\x{30B3}\x{30F3}\x{30C6}\x{30F3}\x{30C4}\x{304B}\x{3089}\x{3082}\x{691C}\x{7D22}\x{3059}\x{308B}\x{3053}\x{3068}\x{304C}\x{3067}\x{304D}\x{307E}\x{3059}\x{3002}"
