layer at (0,0) size 800x600
  RenderView at (0,0) size 800x600
layer at (0,0) size 800x600
  RenderBlock {HTML} at (0,0) size 800x600
    RenderBody {BODY} at (8,8) size 784x584
      RenderBlock {P} at (0,0) size 784x36
        RenderText {#text} at (0,0) size 67x17
          text run at (0,0) width 67: "Test for "
        RenderInline {I} at (0,0) size 754x35
          RenderInline {A} at (0,0) size 434x17 [color=#0000EE]
            RenderText {#text} at (66,0) size 434x17
              text run at (66,0) width 434: "http://bugzilla.opendarwin.org/show_bug.cgi?id=7433"
          RenderText {#text} at (499,0) size 754x35
            text run at (499,0) width 255: " REGRESSION (r12789): Second"
            text run at (0,18) width 331: "RTL text run on a line cannot be selected"
        RenderText {#text} at (330,18) size 6x17
          text run at (330,18) width 6: "."
      RenderBlock {P} at (0,52) size 784x36
        RenderText {#text} at (0,0) size 774x35
          text run at (0,0) width 774: "The rightmost two words in the Hebrew text should be selectable by dragging or double-clicking"
          text run at (0,18) width 47: "them."
      RenderBlock {HR} at (0,104) size 784x2 [border: (1px inset #000000)]
      RenderBlock (anonymous) at (0,114) size 784x18
        RenderInline {SPAN} at (0,0) size 150x17
          RenderText {#text} at (0,0) size 150x17
            text run at (0,0) width 62 RTL: "\x{5E9}\x{5EA}\x{5D4} \x{5DE}\x{5D9}\x{5E5}"
            text run at (61,0) width 89 RTL: "\x{5D0}\x{5DB}\x{5DC}\x{5EA} \x{5E4}\x{5DC}\x{5E4}\x{5DC} "
        RenderText {#text} at (0,0) size 0x0
caret: position 3 of child 0 {#text} of child 7 {SPAN} of body
