layer at (0,0) size 1048x7957
  RenderView at (0,0) size 785x585
layer at (0,0) size 785x7957
  RenderBlock {HTML} at (0,0) size 785x7957
    RenderBody {BODY} at (8,8) size 769x7936
      RenderBlock (anonymous) at (0,0) size 769x18
        RenderText {#text} at (0,0) size 659x19
          text run at (0,0) width 659: "The text below consists of composed characters. There shouldn't be any errors (e and ' visible separately)"
      RenderBlock {PRE} at (0,31) size 769x7905
        RenderText {#text} at (0,0) size 1040x3780
          text run at (0,0) width 1040: "e\x{301}e\x{301}e\x{301}e\x{301}e\x{301}e\x{301}e\x{301}e\x{301}e\x{301}e\x{301}e\x{301}e\x{301}e\x{301}e\x{301}e\x{301}e\x{301}e\x{301}e\x{301}e\x{301}e\x{301}e\x{301}e\x{301}e\x{301}e\x{301}e\x{301}e\x{301}e\x{301}e\x{301}e\x{301}e\x{301}e\x{301}e\x{301} e\x{301} e\x{301}e\x{301}e\x{301}e\x{301}e\x{301}e\x{301}e\x{301}e\x{301}e\x{301}e\x{301}e\x{301}e\x{301}e\x{301}e\x{301}e\x{301}e\x{301}e\x{301}e\x{301}e\x{301}e\x{301}e\x{301}e\x{301}e\x{301}e\x{301}e\x{301}e\x{301}e\x{301}e\x{301}e\x{301}e\x{301}e\x{301}e\x{301}e\x{301}e\x{301}e\x{301}e\x{301}e\x{301}e\x{301}e\x{301}e\x{301}e\x{301}e\x{301}e\x{301} e\x{301}e\x{301}e\x{301}e\x{301}e\x{301}e\x{301}e\x{301}e\x{301}e\x{301}e\x{301}e\x{301}e\x{301}e\x{301}e\x{301}e\x{301}e\x{301}e\x{301}e\x{301}e\x{301}e\x{301}e\x{301}e\x{301}e\x{301}e\x{301}e\x{301}e\x{301}e\x{301}e\x{301}e\x{301}e\x{301} e\x{301}e\x{301}e\x{301}e\x{301}e\x{301}e\x{301}e\x{301}e\x{301}e\x{301}e\x{301}e\x{301}e\x{301}e\x{301}e\x{301}e\x{301}e\x{301}e\x{301}e\x{301}e\x{301}e\x{301}e\x{301}e\x{301}"
          text run at (1040,0) width 0: " "
          text run at (0,15) width 1040: "e\x{301}e\x{301}e\x{301}e\x{301}e\x{301}e\x{301}e\x{301}e\x{301}e\x{301}e\x{301}e\x{301}e\x{301}e\x{301}e\x{301}e\x{301}e\x{301}e\x{301}e\x{301}e\x{301}e\x{301}e\x{301}e\x{301}e\x{301}e\x{301}e\x{301}e\x{301}e\x{301}e\x{301}e\x{301}e\x{301}e\x{301}e\x{301} e\x{301} e\x{301}e\x{301}e\x{301}e\x{301}e\x{301}e\x{301}e\x{301}e\x{301}e\x{301}e\x{301}e\x{301}e\x{301}e\x{301}e\x{301}e\x{301}e\x{301}e\x{301}e\x{301}e\x{301}e\x{301}e\x{301}e\x{301}e\x{301}e\x{301}e\x{301}e\x{301}e\x{301}e\x{301}e\x{301}e\x{301}e\x{301}e\x{301}e\x{301}e\x{301}e\x{301}e\x{301}e\x{301}e\x{301}e\x{301}e\x{301}e\x{301}e\x{301}e\x{301} e\x{301}e\x{301}e\x{301}e\x{301}e\x{301}e\x{301}e\x{301}e\x{301}e\x{301}e\x{301}e\x{301}e\x{301}e\x{301}e\x{301}e\x{301}e\x{301}e\x{301}e\x{301}e\x{301}e\x{301}e\x{301}e\x{301}e\x{301}e\x{301}e\x{301}e\x{301}e\x{301}e\x{301}e\x{301}e\x{301} e\x{301}e\x{301}e\x{301}e\x{301}e\x{301}e\x{301}e\x{301}e\x{301}e\x{301}e\x{301}e\x{301}e\x{301}e\x{301}e\x{301}e\x{301}e\x{301}e\x{301}e\x{301}e\x{301}e\x{301}e\x{301}e\x{301}"
          text run at (1040,15) width 0: " "
          text run at (0,30) width 1040: "e\x{301}e\x{301}e\x{301}e\x{301}e\x{301}e\x{301}e\x{301}e\x{301}e\x{301}e\x{301}e\x{301}e\x{301}e\x{301}e\x{301}e\x{301}e\x{301}e\x{301}e\x{301}e\x{301}e\x{301}e\x{301}e\x{301}e\x{301}e\x{301}e\x{301}e\x{301}e\x{301}e\x{301}e\x{301}e\x{301}e\x{301}e\x{301} e\x{301} e\x{301}e\x{301}e\x{301}e\x{301}e\x{301}e\x{301}e\x{301}e\x{301}e\x{301}e\x{301}e\x{301}e\x{301}e\x{301}e\x{301}e\x{301}e\x{301}e\x{301}e\x{301}e\x{301}e\x{301}e\x{301}e\x{301}e\x{301}e\x{301}e\x{301}e\x{301}e\x{301}e\x{301}e\x{301}e\x{301}e\x{301}e\x{301}e\x{301}e\x{301}e\x{301}e\x{301}e\x{301}e\x{301}e\x{301}e\x{301}e\x{301}e\x{301}e\x{301} e\x{301}e\x{301}e\x{301}e\x{301}e\x{301}e\x{301}e\x{301}e\x{301}e\x{301}e\x{301}e\x{301}e\x{301}e\x{301}e\x{301}e\x{301}e\x{301}e\x{301}e\x{301}e\x{301}e\x{301}e\x{301}e\x{301}e\x{301}e\x{301}e\x{301}e\x{301}e\x{301}e\x{301}e\x{301}e\x{301} e\x{301}e\x{301}e\x{301}e\x{301}e\x{301}e\x{301}e\x{301}e\x{301}e\x{301}e\x{301}e\x{301}e\x{301}e\x{301}e\x{301}e\x{301}e\x{301}e\x{301}e\x{301}e\x{301}e\x{301}e\x{301}e\x{301}"
          text run at (1040,30) width 0: " "
          text run at (0,45) width 1040: "e\x{301}e\x{301}e\x{301}e\x{301}e\x{301}e\x{301}e\x{301}e\x{301}e\x{301}e\x{301}e\x{301}e\x{301}e\x{301}e\x{301}e\x{301}e\x{301}e\x{301}e\x{301}e\x{301}e\x{301}e\x{301}e\x{301}e\x{301}e\x{301}e\x{301}e\x{301}e\x{301}e\x{301}e\x{301}e\x{301}e\x{301}e\x{301} e\x{301} e\x{301}e\x{301}e\x{301}e\x{301}e\x{301}e\x{301}e\x{301}e\x{301}e\x{301}e\x{301}e\x{301}e\x{301}e\x{301}e\x{301}e\x{301}e\x{301}e\x{301}e\x{301}e\x{301}e\x{301}e\x{301}e\x{301}e\x{301}e\x{301}e\x{301}e\x{301}e\x{301}e\x{301}e\x{301}e\x{301}e\x{301}e\x{301}e\x{301}e\x{301}e\x{301}e\x{301}e\x{301}e\x{301}e\x{301}e\x{301}e\x{301}e\x{301}e\x{301} e\x{301}e\x{301}e\x{301}e\x{301}e\x{301}e\x{301}e\x{301}e\x{301}e\x{301}e\x{301}e\x{301}e\x{301}e\x{301}e\x{301}e\x{301}e\x{301}e\x{301}e\x{301}e\x{301}e\x{301}e\x{301}e\x{301}e\x{301}e\x{301}e\x{301}e\x{301}e\x{301}e\x{301}e\x{301}e\x{301} e\x{301}e\x{301}e\x{301}e\x{301}e\x{301}e\x{301}e\x{301}e\x{301}e\x{301}e\x{301}e\x{301}e\x{301}e\x{301}e\x{301}e\x{301}e\x{301}e\x{301}e\x{301}e\x{301}e\x{301}e\x{301}e\x{301}"
          text run at (1040,45) width 0: " "
          text run at (0,60) width 1040: "e\x{301}e\x{301}e\x{301}e\x{301}e\x{301}e\x{301}e\x{301}e\x{301}e\x{301}e\x{301}e\x{301}e\x{301}e\x{301}e\x{301}e\x{301}e\x{301}e\x{301}e\x{301}e\x{301}e\x{301}e\x{301}e\x{301}e\x{301}e\x{301}e\x{301}e\x{301}e\x{301}e\x{301}e\x{301}e\x{301}e\x{301}e\x{301} e\x{301} e\x{301}e\x{301}e\x{301}e\x{301}e\x{301}e\x{301}e\x{301}e\x{301}e\x{301}e\x{301}e\x{301}e\x{301}e\x{301}e\x{301}e\x{301}e\x{301}e\x{301}e\x{301}e\x{301}e\x{301}e\x{301}e\x{301}e\x{301}e\x{301}e\x{301}e\x{301}e\x{301}e\x{301}e\x{301}e\x{301}e\x{301}e\x{301}e\x{301}e\x{301}e\x{301}e\x{301}e\x{301}e\x{301}e\x{301}e\x{301}e\x{301}e\x{301}e\x{301} e\x{301}e\x{301}e\x{301}e\x{301}e\x{301}e\x{301}e\x{301}e\x{301}e\x{301}e\x{301}e\x{301}e\x{301}e\x{301}e\x{301}e\x{301}e\x{301}e\x{301}e\x{301}e\x{301}e\x{301}e\x{301}e\x{301}e\x{301}e\x{301}e\x{301}e\x{301}e\x{301}e\x{301}e\x{301}e\x{301} e\x{301}e\x{301}e\x{301}e\x{301}e\x{301}e\x{301}e\x{301}e\x{301}e\x{301}e\x{301}e\x{301}e\x{301}e\x{301}e\x{301}e\x{301}e\x{301}e\x{301}e\x{301}e\x{301}e\x{301}e\x{301}e\x{301}"
          text run at (1040,60) width 0: " "
          text run at (0,75) width 1040: "e\x{301}e\x{301}e\x{301}e\x{301}e\x{301}e\x{301}e\x{301}e\x{301}e\x{301}e\x{301}e\x{301}e\x{301}e\x{301}e\x{301}e\x{301}e\x{301}e\x{301}e\x{301}e\x{301}e\x{301}e\x{301}e\x{301}e\x{301}e\x{301}e\x{301}e\x{301}e\x{301}e\x{301}e\x{301}e\x{301}e\x{301}e\x{301} e\x{301} e\x{301}e\x{301}e\x{301}e\x{301}e\x{301}e\x{301}e\x{301}e\x{301}e\x{301}e\x{301}e\x{301}e\x{301}e\x{301}e\x{301}e\x{301}e\x{301}e\x{301}e\x{301}e\x{301}e\x{301}e\x{301}e\x{301}e\x{301}e\x{301}e\x{301}e\x{301}e\x{301}e\x{301}e\x{301}e\x{301}e\x{301}e\x{301}e\x{301}e\x{301}e\x{301}e\x{301}e\x{301}e\x{301}e\x{301}e\x{301}e\x{301}e\x{301}e\x{301} e\x{301}e\x{301}e\x{301}e\x{301}e\x{301}e\x{301}e\x{301}e\x{301}e\x{301}e\x{301}e\x{301}e\x{301}e\x{301}e\x{301}e\x{301}e\x{301}e\x{301}e\x{301}e\x{301}e\x{301}e\x{301}e\x{301}e\x{301}e\x{301}e\x{301}e\x{301}e\x{301}e\x{301}e\x{301}e\x{301} e\x{301}e\x{301}e\x{301}e\x{301}e\x{301}e\x{301}e\x{301}e\x{301}e\x{301}e\x{301}e\x{301}e\x{301}e\x{301}e\x{301}e\x{301}e\x{301}e\x{301}e\x{301}e\x{301}e\x{301}e\x{301}e\x{301}"
          text run at (1040,75) width 0: " "
          text run at (0,90) width 1040: "e\x{301}e\x{301}e\x{301}e\x{301}e\x{301}e\x{301}e\x{301}e\x{301}e\x{301}e\x{301}e\x{301}e\x{301}e\x{301}e\x{301}e\x{301}e\x{301}e\x{301}e\x{301}e\x{301}e\x{301}e\x{301}e\x{301}e\x{301}e\x{301}e\x{301}e\x{301}e\x{301}e\x{301}e\x{301}e\x{301}e\x{301}e\x{301} e\x{301} e\x{301}e\x{301}e\x{301}e\x{301}e\x{301}e\x{301}e\x{301}e\x{301}e\x{301}e\x{301}e\x{301}e\x{301}e\x{301}e\x{301}e\x{301}e\x{301}e\x{301}e\x{301}e\x{301}e\x{301}e\x{301}e\x{301}e\x{301}e\x{301}e\x{301}e\x{301}e\x{301}e\x{301}e\x{301}e\x{301}e\x{301}e\x{301}e\x{301}e\x{301}e\x{301}e\x{301}e\x{301}e\x{301}e\x{301}e\x{301}e\x{301}e\x{301}e\x{301} e\x{301}e\x{301}e\x{301}e\x{301}e\x{301}e\x{301}e\x{301}e\x{301}e\x{301}e\x{301}e\x{301}e\x{301}e\x{301}e\x{301}e\x{301}e\x{301}e\x{301}e\x{301}e\x{301}e\x{301}e\x{301}e\x{301}e\x{301}e\x{301}e\x{301}e\x{301}e\x{301}e\x{301}e\x{301}e\x{301} e\x{301}e\x{301}e\x{301}e\x{301}e\x{301}e\x{301}e\x{301}e\x{301}e\x{301}e\x{301}e\x{301}e\x{301}e\x{301}e\x{301}e\x{301}e\x{301}e\x{301}e\x{301}e\x{301}e\x{301}e\x{301}e\x{301}"
          text run at (1040,90) width 0: " "
          text run at (0,105) width 1040: "e\x{301}e\x{301}e\x{301}e\x{301}e\x{301}e\x{301}e\x{301}e\x{301}e\x{301}e\x{301}e\x{301}e\x{301}e\x{301}e\x{301}e\x{301}e\x{301}e\x{301}e\x{301}e\x{301}e\x{301}e\x{301}e\x{301}e\x{301}e\x{301}e\x{301}e\x{301}e\x{301}e\x{301}e\x{301}e\x{301}e\x{301}e\x{301} e\x{301} e\x{301}e\x{301}e\x{301}e\x{301}e\x{301}e\x{301}e\x{301}e\x{301}e\x{301}e\x{301}e\x{301}e\x{301}e\x{301}e\x{301}e\x{301}e\x{301}e\x{301}e\x{301}e\x{301}e\x{301}e\x{301}e\x{301}e\x{301}e\x{301}e\x{301}e\x{301}e\x{301}e\x{301}e\x{301}e\x{301}e\x{301}e\x{301}e\x{301}e\x{301}e\x{301}e\x{301}e\x{301}e\x{301}e\x{301}e\x{301}e\x{301}e\x{301}e\x{301} e\x{301}e\x{301}e\x{301}e\x{301}e\x{301}e\x{301}e\x{301}e\x{301}e\x{301}e\x{301}e\x{301}e\x{301}e\x{301}e\x{301}e\x{301}e\x{301}e\x{301}e\x{301}e\x{301}e\x{301}e\x{301}e\x{301}e\x{301}e\x{301}e\x{301}e\x{301}e\x{301}e\x{301}e\x{301}e\x{301} e\x{301}e\x{301}e\x{301}e\x{301}e\x{301}e\x{301}e\x{301}e\x{301}e\x{301}e\x{301}e\x{301}e\x{301}e\x{301}e\x{301}e\x{301}e\x{301}e\x{301}e\x{301}e\x{301}e\x{301}e\x{301}e\x{301}"
          text run at (1040,105) width 0: " "
          text run at (0,120) width 1040: "e\x{301}e\x{301}e\x{301}e\x{301}e\x{301}e\x{301}e\x{301}e\x{301}e\x{301}e\x{301}e\x{301}e\x{301}e\x{301}e\x{301}e\x{301}e\x{301}e\x{301}e\x{301}e\x{301}e\x{301}e\x{301}e\x{301}e\x{301}e\x{301}e\x{301}e\x{301}e\x{301}e\x{301}e\x{301}e\x{301}e\x{301}e\x{301} e\x{301} e\x{301}e\x{301}e\x{301}e\x{301}e\x{301}e\x{301}e\x{301}e\x{301}e\x{301}e\x{301}e\x{301}e\x{301}e\x{301}e\x{301}e\x{301}e\x{301}e\x{301}e\x{301}e\x{301}e\x{301}e\x{301}e\x{301}e\x{301}e\x{301}e\x{301}e\x{301}e\x{301}e\x{301}e\x{301}e\x{301}e\x{301}e\x{301}e\x{301}e\x{301}e\x{301}e\x{301}e\x{301}e\x{301}e\x{301}e\x{301}e\x{301}e\x{301}e\x{301} e\x{301}e\x{301}e\x{301}e\x{301}e\x{301}e\x{301}e\x{301}e\x{301}e\x{301}e\x{301}e\x{301}e\x{301}e\x{301}e\x{301}e\x{301}e\x{301}e\x{301}e\x{301}e\x{301}e\x{301}e\x{301}e\x{301}e\x{301}e\x{301}e\x{301}e\x{301}e\x{301}e\x{301}e\x{301}e\x{301} e\x{301}e\x{301}e\x{301}e\x{301}e\x{301}e\x{301}e\x{301}e\x{301}e\x{301}e\x{301}e\x{301}e\x{301}e\x{301}e\x{301}e\x{301}e\x{301}e\x{301}e\x{301}e\x{301}e\x{301}e\x{301}e\x{301}"
          text run at (1040,120) width 0: " "
          text run at (0,135) width 1040: "e\x{301}e\x{301}e\x{301}e\x{301}e\x{301}e\x{301}e\x{301}e\x{301}e\x{301}e\x{301}e\x{301}e\x{301}e\x{301}e\x{301}e\x{301}e\x{301}e\x{301}e\x{301}e\x{301}e\x{301}e\x{301}e\x{301}e\x{301}e\x{301}e\x{301}e\x{301}e\x{301}e\x{301}e\x{301}e\x{301}e\x{301}e\x{301} e\x{301} e\x{301}e\x{301}e\x{301}e\x{301}e\x{301}e\x{301}e\x{301}e\x{301}e\x{301}e\x{301}e\x{301}e\x{301}e\x{301}e\x{301}e\x{301}e\x{301}e\x{301}e\x{301}e\x{301}e\x{301}e\x{301}e\x{301}e\x{301}e\x{301}e\x{301}e\x{301}e\x{301}e\x{301}e\x{301}e\x{301}e\x{301}e\x{301}e\x{301}e\x{301}e\x{301}e\x{301}e\x{301}e\x{301}e\x{301}e\x{301}e\x{301}e\x{301}e\x{301} e\x{301}e\x{301}e\x{301}e\x{301}e\x{301}e\x{301}e\x{301}e\x{301}e\x{301}e\x{301}e\x{301}e\x{301}e\x{301}e\x{301}e\x{301}e\x{301}e\x{301}e\x{301}e\x{301}e\x{301}e\x{301}e\x{301}e\x{301}e\x{301}e\x{301}e\x{301}e\x{301}e\x{301}e\x{301}e\x{301} e\x{301}e\x{301}e\x{301}e\x{301}e\x{301}e\x{301}e\x{301}e\x{301}e\x{301}e\x{301}e\x{301}e\x{301}e\x{301}e\x{301}e\x{301}e\x{301}e\x{301}e\x{301}e\x{301}e\x{301}e\x{301}e\x{301}"
          text run at (1040,135) width 0: " "
          text run at (0,150) width 1040: "e\x{301}e\x{301}e\x{301}e\x{301}e\x{301}e\x{301}e\x{301}e\x{301}e\x{301}e\x{301}e\x{301}e\x{301}e\x{301}e\x{301}e\x{301}e\x{301}e\x{301}e\x{301}e\x{301}e\x{301}e\x{301}e\x{301}e\x{301}e\x{301}e\x{301}e\x{301}e\x{301}e\x{301}e\x{301}e\x{301}e\x{301}e\x{301} e\x{301} e\x{301}e\x{301}e\x{301}e\x{301}e\x{301}e\x{301}e\x{301}e\x{301}e\x{301}e\x{301}e\x{301}e\x{301}e\x{301}e\x{301}e\x{301}e\x{301}e\x{301}e\x{301}e\x{301}e\x{301}e\x{301}e\x{301}e\x{301}e\x{301}e\x{301}e\x{301}e\x{301}e\x{301}e\x{301}e\x{301}e\x{301}e\x{301}e\x{301}e\x{301}e\x{301}e\x{301}e\x{301}e\x{301}e\x{301}e\x{301}e\x{301}e\x{301}e\x{301} e\x{301}e\x{301}e\x{301}e\x{301}e\x{301}e\x{301}e\x{301}e\x{301}e\x{301}e\x{301}e\x{301}e\x{301}e\x{301}e\x{301}e\x{301}e\x{301}e\x{301}e\x{301}e\x{301}e\x{301}e\x{301}e\x{301}e\x{301}e\x{301}e\x{301}e\x{301}e\x{301}e\x{301}e\x{301}e\x{301} e\x{301}e\x{301}e\x{301}e\x{301}e\x{301}e\x{301}e\x{301}e\x{301}e\x{301}e\x{301}e\x{301}e\x{301}e\x{301}e\x{301}e\x{301}e\x{301}e\x{301}e\x{301}e\x{301}e\x{301}e\x{301}e\x{301}"
          text run at (1040,150) width 0: " "
          text run at (0,165) width 1040: "e\x{301}e\x{301}e\x{301}e\x{301}e\x{301}e\x{301}e\x{301}e\x{301}e\x{301}e\x{301}e\x{301}e\x{301}e\x{301}e\x{301}e\x{301}e\x{301}e\x{301}e\x{301}e\x{301}e\x{301}e\x{301}e\x{301}e\x{301}e\x{301}e\x{301}e\x{301}e\x{301}e\x{301}e\x{301}e\x{301}e\x{301}e\x{301} e\x{301} e\x{301}e\x{301}e\x{301}e\x{301}e\x{301}e\x{301}e\x{301}e\x{301}e\x{301}e\x{301}e\x{301}e\x{301}e\x{301}e\x{301}e\x{301}e\x{301}e\x{301}e\x{301}e\x{301}e\x{301}e\x{301}e\x{301}e\x{301}e\x{301}e\x{301}e\x{301}e\x{301}e\x{301}e\x{301}e\x{301}e\x{301}e\x{301}e\x{301}e\x{301}e\x{301}e\x{301}e\x{301}e\x{301}e\x{301}e\x{301}e\x{301}e\x{301}e\x{301} e\x{301}e\x{301}e\x{301}e\x{301}e\x{301}e\x{301}e\x{301}e\x{301}e\x{301}e\x{301}e\x{301}e\x{301}e\x{301}e\x{301}e\x{301}e\x{301}e\x{301}e\x{301}e\x{301}e\x{301}e\x{301}e\x{301}e\x{301}e\x{301}e\x{301}e\x{301}e\x{301}e\x{301}e\x{301}e\x{301} e\x{301}e\x{301}e\x{301}e\x{301}e\x{301}e\x{301}e\x{301}e\x{301}e\x{301}e\x{301}e\x{301}e\x{301}e\x{301}e\x{301}e\x{301}e\x{301}e\x{301}e\x{301}e\x{301}e\x{301}e\x{301}e\x{301}"
          text run at (1040,165) width 0: " "
          text run at (0,180) width 1040: "e\x{301}e\x{301}e\x{301}e\x{301}e\x{301}e\x{301}e\x{301}e\x{301}e\x{301}e\x{301}e\x{301}e\x{301}e\x{301}e\x{301}e\x{301}e\x{301}e\x{301}e\x{301}e\x{301}e\x{301}e\x{301}e\x{301}e\x{301}e\x{301}e\x{301}e\x{301}e\x{301}e\x{301}e\x{301}e\x{301}e\x{301}e\x{301} e\x{301} e\x{301}e\x{301}e\x{301}e\x{301}e\x{301}e\x{301}e\x{301}e\x{301}e\x{301}e\x{301}e\x{301}e\x{301}e\x{301}e\x{301}e\x{301}e\x{301}e\x{301}e\x{301}e\x{301}e\x{301}e\x{301}e\x{301}e\x{301}e\x{301}e\x{301}e\x{301}e\x{301}e\x{301}e\x{301}e\x{301}e\x{301}e\x{301}e\x{301}e\x{301}e\x{301}e\x{301}e\x{301}e\x{301}e\x{301}e\x{301}e\x{301}e\x{301}e\x{301} e\x{301}e\x{301}e\x{301}e\x{301}e\x{301}e\x{301}e\x{301}e\x{301}e\x{301}e\x{301}e\x{301}e\x{301}e\x{301}e\x{301}e\x{301}e\x{301}e\x{301}e\x{301}e\x{301}e\x{301}e\x{301}e\x{301}e\x{301}e\x{301}e\x{301}e\x{301}e\x{301}e\x{301}e\x{301}e\x{301} e\x{301}e\x{301}e\x{301}e\x{301}e\x{301}e\x{301}e\x{301}e\x{301}e\x{301}e\x{301}e\x{301}e\x{301}e\x{301}e\x{301}e\x{301}e\x{301}e\x{301}e\x{301}e\x{301}e\x{301}e\x{301}e\x{301}"
          text run at (1040,180) width 0: " "
          text run at (0,195) width 1040: "e\x{301}e\x{301}e\x{301}e\x{301}e\x{301}e\x{301}e\x{301}e\x{301}e\x{301}e\x{301}e\x{301}e\x{301}e\x{301}e\x{301}e\x{301}e\x{301}e\x{301}e\x{301}e\x{301}e\x{301}e\x{301}e\x{301}e\x{301}e\x{301}e\x{301}e\x{301}e\x{301}e\x{301}e\x{301}e\x{301}e\x{301}e\x{301} e\x{301} e\x{301}e\x{301}e\x{301}e\x{301}e\x{301}e\x{301}e\x{301}e\x{301}e\x{301}e\x{301}e\x{301}e\x{301}e\x{301}e\x{301}e\x{301}e\x{301}e\x{301}e\x{301}e\x{301}e\x{301}e\x{301}e\x{301}e\x{301}e\x{301}e\x{301}e\x{301}e\x{301}e\x{301}e\x{301}e\x{301}e\x{301}e\x{301}e\x{301}e\x{301}e\x{301}e\x{301}e\x{301}e\x{301}e\x{301}e\x{301}e\x{301}e\x{301}e\x{301} e\x{301}e\x{301}e\x{301}e\x{301}e\x{301}e\x{301}e\x{301}e\x{301}e\x{301}e\x{301}e\x{301}e\x{301}e\x{301}e\x{301}e\x{301}e\x{301}e\x{301}e\x{301}e\x{301}e\x{301}e\x{301}e\x{301}e\x{301}e\x{301}e\x{301}e\x{301}e\x{301}e\x{301}e\x{301}e\x{301} e\x{301}e\x{301}e\x{301}e\x{301}e\x{301}e\x{301}e\x{301}e\x{301}e\x{301}e\x{301}e\x{301}e\x{301}e\x{301}e\x{301}e\x{301}e\x{301}e\x{301}e\x{301}e\x{301}e\x{301}e\x{301}e\x{301}"
          text run at (1040,195) width 0: " "
          text run at (0,210) width 1040: "e\x{301}e\x{301}e\x{301}e\x{301}e\x{301}e\x{301}e\x{301}e\x{301}e\x{301}e\x{301}e\x{301}e\x{301}e\x{301}e\x{301}e\x{301}e\x{301}e\x{301}e\x{301}e\x{301}e\x{301}e\x{301}e\x{301}e\x{301}e\x{301}e\x{301}e\x{301}e\x{301}e\x{301}e\x{301}e\x{301}e\x{301}e\x{301} e\x{301} e\x{301}e\x{301}e\x{301}e\x{301}e\x{301}e\x{301}e\x{301}e\x{301}e\x{301}e\x{301}e\x{301}e\x{301}e\x{301}e\x{301}e\x{301}e\x{301}e\x{301}e\x{301}e\x{301}e\x{301}e\x{301}e\x{301}e\x{301}e\x{301}e\x{301}e\x{301}e\x{301}e\x{301}e\x{301}e\x{301}e\x{301}e\x{301}e\x{301}e\x{301}e\x{301}e\x{301}e\x{301}e\x{301}e\x{301}e\x{301}e\x{301}e\x{301}e\x{301} e\x{301}e\x{301}e\x{301}e\x{301}e\x{301}e\x{301}e\x{301}e\x{301}e\x{301}e\x{301}e\x{301}e\x{301}e\x{301}e\x{301}e\x{301}e\x{301}e\x{301}e\x{301}e\x{301}e\x{301}e\x{301}e\x{301}e\x{301}e\x{301}e\x{301}e\x{301}e\x{301}e\x{301}e\x{301}e\x{301} e\x{301}e\x{301}e\x{301}e\x{301}e\x{301}e\x{301}e\x{301}e\x{301}e\x{301}e\x{301}e\x{301}e\x{301}e\x{301}e\x{301}e\x{301}e\x{301}e\x{301}e\x{301}e\x{301}e\x{301}e\x{301}e\x{301}"
          text run at (1040,210) width 0: " "
          text run at (0,225) width 1040: "e\x{301}e\x{301}e\x{301}e\x{301}e\x{301}e\x{301}e\x{301}e\x{301}e\x{301}e\x{301}e\x{301}e\x{301}e\x{301}e\x{301}e\x{301}e\x{301}e\x{301}e\x{301}e\x{301}e\x{301}e\x{301}e\x{301}e\x{301}e\x{301}e\x{301}e\x{301}e\x{301}e\x{301}e\x{301}e\x{301}e\x{301}e\x{301} e\x{301} e\x{301}e\x{301}e\x{301}e\x{301}e\x{301}e\x{301}e\x{301}e\x{301}e\x{301}e\x{301}e\x{301}e\x{301}e\x{301}e\x{301}e\x{301}e\x{301}e\x{301}e\x{301}e\x{301}e\x{301}e\x{301}e\x{301}e\x{301}e\x{301}e\x{301}e\x{301}e\x{301}e\x{301}e\x{301}e\x{301}e\x{301}e\x{301}e\x{301}e\x{301}e\x{301}e\x{301}e\x{301}e\x{301}e\x{301}e\x{301}e\x{301}e\x{301}e\x{301} e\x{301}e\x{301}e\x{301}e\x{301}e\x{301}e\x{301}e\x{301}e\x{301}e\x{301}e\x{301}e\x{301}e\x{301}e\x{301}e\x{301}e\x{301}e\x{301}e\x{301}e\x{301}e\x{301}e\x{301}e\x{301}e\x{301}e\x{301}e\x{301}e\x{301}e\x{301}e\x{301}e\x{301}e\x{301}e\x{301} e\x{301}e\x{301}e\x{301}e\x{301}e\x{301}e\x{301}e\x{301}e\x{301}e\x{301}e\x{301}e\x{301}e\x{301}e\x{301}e\x{301}e\x{301}e\x{301}e\x{301}e\x{301}e\x{301}e\x{301}e\x{301}e\x{301}"
          text run at (1040,225) width 0: " "
          text run at (0,240) width 1040: "e\x{301}e\x{301}e\x{301}e\x{301}e\x{301}e\x{301}e\x{301}e\x{301}e\x{301}e\x{301}e\x{301}e\x{301}e\x{301}e\x{301}e\x{301}e\x{301}e\x{301}e\x{301}e\x{301}e\x{301}e\x{301}e\x{301}e\x{301}e\x{301}e\x{301}e\x{301}e\x{301}e\x{301}e\x{301}e\x{301}e\x{301}e\x{301} e\x{301} e\x{301}e\x{301}e\x{301}e\x{301}e\x{301}e\x{301}e\x{301}e\x{301}e\x{301}e\x{301}e\x{301}e\x{301}e\x{301}e\x{301}e\x{301}e\x{301}e\x{301}e\x{301}e\x{301}e\x{301}e\x{301}e\x{301}e\x{301}e\x{301}e\x{301}e\x{301}e\x{301}e\x{301}e\x{301}e\x{301}e\x{301}e\x{301}e\x{301}e\x{301}e\x{301}e\x{301}e\x{301}e\x{301}e\x{301}e\x{301}e\x{301}e\x{301}e\x{301} e\x{301}e\x{301}e\x{301}e\x{301}e\x{301}e\x{301}e\x{301}e\x{301}e\x{301}e\x{301}e\x{301}e\x{301}e\x{301}e\x{301}e\x{301}e\x{301}e\x{301}e\x{301}e\x{301}e\x{301}e\x{301}e\x{301}e\x{301}e\x{301}e\x{301}e\x{301}e\x{301}e\x{301}e\x{301}e\x{301} e\x{301}e\x{301}e\x{301}e\x{301}e\x{301}e\x{301}e\x{301}e\x{301}e\x{301}e\x{301}e\x{301}e\x{301}e\x{301}e\x{301}e\x{301}e\x{301}e\x{301}e\x{301}e\x{301}e\x{301}e\x{301}e\x{301}"
          text run at (1040,240) width 0: " "
          text run at (0,255) width 1040: "e\x{301}e\x{301}e\x{301}e\x{301}e\x{301}e\x{301}e\x{301}e\x{301}e\x{301}e\x{301}e\x{301}e\x{301}e\x{301}e\x{301}e\x{301}e\x{301}e\x{301}e\x{301}e\x{301}e\x{301}e\x{301}e\x{301}e\x{301}e\x{301}e\x{301}e\x{301}e\x{301}e\x{301}e\x{301}e\x{301}e\x{301}e\x{301} e\x{301} e\x{301}e\x{301}e\x{301}e\x{301}e\x{301}e\x{301}e\x{301}e\x{301}e\x{301}e\x{301}e\x{301}e\x{301}e\x{301}e\x{301}e\x{301}e\x{301}e\x{301}e\x{301}e\x{301}e\x{301}e\x{301}e\x{301}e\x{301}e\x{301}e\x{301}e\x{301}e\x{301}e\x{301}e\x{301}e\x{301}e\x{301}e\x{301}e\x{301}e\x{301}e\x{301}e\x{301}e\x{301}e\x{301}e\x{301}e\x{301}e\x{301}e\x{301}e\x{301} e\x{301}e\x{301}e\x{301}e\x{301}e\x{301}e\x{301}e\x{301}e\x{301}e\x{301}e\x{301}e\x{301}e\x{301}e\x{301}e\x{301}e\x{301}e\x{301}e\x{301}e\x{301}e\x{301}e\x{301}e\x{301}e\x{301}e\x{301}e\x{301}e\x{301}e\x{301}e\x{301}e\x{301}e\x{301}e\x{301} e\x{301}e\x{301}e\x{301}e\x{301}e\x{301}e\x{301}e\x{301}e\x{301}e\x{301}e\x{301}e\x{301}e\x{301}e\x{301}e\x{301}e\x{301}e\x{301}e\x{301}e\x{301}e\x{301}e\x{301}e\x{301}e\x{301}"
          text run at (1040,255) width 0: " "
          text run at (0,270) width 1040: "e\x{301}e\x{301}e\x{301}e\x{301}e\x{301}e\x{301}e\x{301}e\x{301}e\x{301}e\x{301}e\x{301}e\x{301}e\x{301}e\x{301}e\x{301}e\x{301}e\x{301}e\x{301}e\x{301}e\x{301}e\x{301}e\x{301}e\x{301}e\x{301}e\x{301}e\x{301}e\x{301}e\x{301}e\x{301}e\x{301}e\x{301}e\x{301} e\x{301} e\x{301}e\x{301}e\x{301}e\x{301}e\x{301}e\x{301}e\x{301}e\x{301}e\x{301}e\x{301}e\x{301}e\x{301}e\x{301}e\x{301}e\x{301}e\x{301}e\x{301}e\x{301}e\x{301}e\x{301}e\x{301}e\x{301}e\x{301}e\x{301}e\x{301}e\x{301}e\x{301}e\x{301}e\x{301}e\x{301}e\x{301}e\x{301}e\x{301}e\x{301}e\x{301}e\x{301}e\x{301}e\x{301}e\x{301}e\x{301}e\x{301}e\x{301}e\x{301} e\x{301}e\x{301}e\x{301}e\x{301}e\x{301}e\x{301}e\x{301}e\x{301}e\x{301}e\x{301}e\x{301}e\x{301}e\x{301}e\x{301}e\x{301}e\x{301}e\x{301}e\x{301}e\x{301}e\x{301}e\x{301}e\x{301}e\x{301}e\x{301}e\x{301}e\x{301}e\x{301}e\x{301}e\x{301}e\x{301} e\x{301}e\x{301}e\x{301}e\x{301}e\x{301}e\x{301}e\x{301}e\x{301}e\x{301}e\x{301}e\x{301}e\x{301}e\x{301}e\x{301}e\x{301}e\x{301}e\x{301}e\x{301}e\x{301}e\x{301}e\x{301}e\x{301}"
          text run at (1040,270) width 0: " "
          text run at (0,285) width 1040: "e\x{301}e\x{301}e\x{301}e\x{301}e\x{301}e\x{301}e\x{301}e\x{301}e\x{301}e\x{301}e\x{301}e\x{301}e\x{301}e\x{301}e\x{301}e\x{301}e\x{301}e\x{301}e\x{301}e\x{301}e\x{301}e\x{301}e\x{301}e\x{301}e\x{301}e\x{301}e\x{301}e\x{301}e\x{301}e\x{301}e\x{301}e\x{301} e\x{301} e\x{301}e\x{301}e\x{301}e\x{301}e\x{301}e\x{301}e\x{301}e\x{301}e\x{301}e\x{301}e\x{301}e\x{301}e\x{301}e\x{301}e\x{301}e\x{301}e\x{301}e\x{301}e\x{301}e\x{301}e\x{301}e\x{301}e\x{301}e\x{301}e\x{301}e\x{301}e\x{301}e\x{301}e\x{301}e\x{301}e\x{301}e\x{301}e\x{301}e\x{301}e\x{301}e\x{301}e\x{301}e\x{301}e\x{301}e\x{301}e\x{301}e\x{301}e\x{301} e\x{301}e\x{301}e\x{301}e\x{301}e\x{301}e\x{301}e\x{301}e\x{301}e\x{301}e\x{301}e\x{301}e\x{301}e\x{301}e\x{301}e\x{301}e\x{301}e\x{301}e\x{301}e\x{301}e\x{301}e\x{301}e\x{301}e\x{301}e\x{301}e\x{301}e\x{301}e\x{301}e\x{301}e\x{301}e\x{301} e\x{301}e\x{301}e\x{301}e\x{301}e\x{301}e\x{301}e\x{301}e\x{301}e\x{301}e\x{301}e\x{301}e\x{301}e\x{301}e\x{301}e\x{301}e\x{301}e\x{301}e\x{301}e\x{301}e\x{301}e\x{301}e\x{301}"
          text run at (1040,285) width 0: " "
          text run at (0,300) width 1040: "e\x{301}e\x{301}e\x{301}e\x{301}e\x{301}e\x{301}e\x{301}e\x{301}e\x{301}e\x{301}e\x{301}e\x{301}e\x{301}e\x{301}e\x{301}e\x{301}e\x{301}e\x{301}e\x{301}e\x{301}e\x{301}e\x{301}e\x{301}e\x{301}e\x{301}e\x{301}e\x{301}e\x{301}e\x{301}e\x{301}e\x{301}e\x{301} e\x{301} e\x{301}e\x{301}e\x{301}e\x{301}e\x{301}e\x{301}e\x{301}e\x{301}e\x{301}e\x{301}e\x{301}e\x{301}e\x{301}e\x{301}e\x{301}e\x{301}e\x{301}e\x{301}e\x{301}e\x{301}e\x{301}e\x{301}e\x{301}e\x{301}e\x{301}e\x{301}e\x{301}e\x{301}e\x{301}e\x{301}e\x{301}e\x{301}e\x{301}e\x{301}e\x{301}e\x{301}e\x{301}e\x{301}e\x{301}e\x{301}e\x{301}e\x{301}e\x{301} e\x{301}e\x{301}e\x{301}e\x{301}e\x{301}e\x{301}e\x{301}e\x{301}e\x{301}e\x{301}e\x{301}e\x{301}e\x{301}e\x{301}e\x{301}e\x{301}e\x{301}e\x{301}e\x{301}e\x{301}e\x{301}e\x{301}e\x{301}e\x{301}e\x{301}e\x{301}e\x{301}e\x{301}e\x{301}e\x{301} e\x{301}e\x{301}e\x{301}e\x{301}e\x{301}e\x{301}e\x{301}e\x{301}e\x{301}e\x{301}e\x{301}e\x{301}e\x{301}e\x{301}e\x{301}e\x{301}e\x{301}e\x{301}e\x{301}e\x{301}e\x{301}e\x{301}"
          text run at (1040,300) width 0: " "
          text run at (0,315) width 1040: "e\x{301}e\x{301}e\x{301}e\x{301}e\x{301}e\x{301}e\x{301}e\x{301}e\x{301}e\x{301}e\x{301}e\x{301}e\x{301}e\x{301}e\x{301}e\x{301}e\x{301}e\x{301}e\x{301}e\x{301}e\x{301}e\x{301}e\x{301}e\x{301}e\x{301}e\x{301}e\x{301}e\x{301}e\x{301}e\x{301}e\x{301}e\x{301} e\x{301} e\x{301}e\x{301}e\x{301}e\x{301}e\x{301}e\x{301}e\x{301}e\x{301}e\x{301}e\x{301}e\x{301}e\x{301}e\x{301}e\x{301}e\x{301}e\x{301}e\x{301}e\x{301}e\x{301}e\x{301}e\x{301}e\x{301}e\x{301}e\x{301}e\x{301}e\x{301}e\x{301}e\x{301}e\x{301}e\x{301}e\x{301}e\x{301}e\x{301}e\x{301}e\x{301}e\x{301}e\x{301}e\x{301}e\x{301}e\x{301}e\x{301}e\x{301}e\x{301} e\x{301}e\x{301}e\x{301}e\x{301}e\x{301}e\x{301}e\x{301}e\x{301}e\x{301}e\x{301}e\x{301}e\x{301}e\x{301}e\x{301}e\x{301}e\x{301}e\x{301}e\x{301}e\x{301}e\x{301}e\x{301}e\x{301}e\x{301}e\x{301}e\x{301}e\x{301}e\x{301}e\x{301}e\x{301}e\x{301} e\x{301}e\x{301}e\x{301}e\x{301}e\x{301}e\x{301}e\x{301}e\x{301}e\x{301}e\x{301}e\x{301}e\x{301}e\x{301}e\x{301}e\x{301}e\x{301}e\x{301}e\x{301}e\x{301}e\x{301}e\x{301}e\x{301}"
          text run at (1040,315) width 0: " "
          text run at (0,330) width 1040: "e\x{301}e\x{301}e\x{301}e\x{301}e\x{301}e\x{301}e\x{301}e\x{301}e\x{301}e\x{301}e\x{301}e\x{301}e\x{301}e\x{301}e\x{301}e\x{301}e\x{301}e\x{301}e\x{301}e\x{301}e\x{301}e\x{301}e\x{301}e\x{301}e\x{301}e\x{301}e\x{301}e\x{301}e\x{301}e\x{301}e\x{301}e\x{301} e\x{301} e\x{301}e\x{301}e\x{301}e\x{301}e\x{301}e\x{301}e\x{301}e\x{301}e\x{301}e\x{301}e\x{301}e\x{301}e\x{301}e\x{301}e\x{301}e\x{301}e\x{301}e\x{301}e\x{301}e\x{301}e\x{301}e\x{301}e\x{301}e\x{301}e\x{301}e\x{301}e\x{301}e\x{301}e\x{301}e\x{301}e\x{301}e\x{301}e\x{301}e\x{301}e\x{301}e\x{301}e\x{301}e\x{301}e\x{301}e\x{301}e\x{301}e\x{301}e\x{301} e\x{301}e\x{301}e\x{301}e\x{301}e\x{301}e\x{301}e\x{301}e\x{301}e\x{301}e\x{301}e\x{301}e\x{301}e\x{301}e\x{301}e\x{301}e\x{301}e\x{301}e\x{301}e\x{301}e\x{301}e\x{301}e\x{301}e\x{301}e\x{301}e\x{301}e\x{301}e\x{301}e\x{301}e\x{301}e\x{301} e\x{301}e\x{301}e\x{301}e\x{301}e\x{301}e\x{301}e\x{301}e\x{301}e\x{301}e\x{301}e\x{301}e\x{301}e\x{301}e\x{301}e\x{301}e\x{301}e\x{301}e\x{301}e\x{301}e\x{301}e\x{301}e\x{301}"
          text run at (1040,330) width 0: " "
          text run at (0,345) width 1040: "e\x{301}e\x{301}e\x{301}e\x{301}e\x{301}e\x{301}e\x{301}e\x{301}e\x{301}e\x{301}e\x{301}e\x{301}e\x{301}e\x{301}e\x{301}e\x{301}e\x{301}e\x{301}e\x{301}e\x{301}e\x{301}e\x{301}e\x{301}e\x{301}e\x{301}e\x{301}e\x{301}e\x{301}e\x{301}e\x{301}e\x{301}e\x{301} e\x{301} e\x{301}e\x{301}e\x{301}e\x{301}e\x{301}e\x{301}e\x{301}e\x{301}e\x{301}e\x{301}e\x{301}e\x{301}e\x{301}e\x{301}e\x{301}e\x{301}e\x{301}e\x{301}e\x{301}e\x{301}e\x{301}e\x{301}e\x{301}e\x{301}e\x{301}e\x{301}e\x{301}e\x{301}e\x{301}e\x{301}e\x{301}e\x{301}e\x{301}e\x{301}e\x{301}e\x{301}e\x{301}e\x{301}e\x{301}e\x{301}e\x{301}e\x{301}e\x{301} e\x{301}e\x{301}e\x{301}e\x{301}e\x{301}e\x{301}e\x{301}e\x{301}e\x{301}e\x{301}e\x{301}e\x{301}e\x{301}e\x{301}e\x{301}e\x{301}e\x{301}e\x{301}e\x{301}e\x{301}e\x{301}e\x{301}e\x{301}e\x{301}e\x{301}e\x{301}e\x{301}e\x{301}e\x{301}e\x{301} e\x{301}e\x{301}e\x{301}e\x{301}e\x{301}e\x{301}e\x{301}e\x{301}e\x{301}e\x{301}e\x{301}e\x{301}e\x{301}e\x{301}e\x{301}e\x{301}e\x{301}e\x{301}e\x{301}e\x{301}e\x{301}e\x{301}"
          text run at (1040,345) width 0: " "
          text run at (0,360) width 1040: "e\x{301}e\x{301}e\x{301}e\x{301}e\x{301}e\x{301}e\x{301}e\x{301}e\x{301}e\x{301}e\x{301}e\x{301}e\x{301}e\x{301}e\x{301}e\x{301}e\x{301}e\x{301}e\x{301}e\x{301}e\x{301}e\x{301}e\x{301}e\x{301}e\x{301}e\x{301}e\x{301}e\x{301}e\x{301}e\x{301}e\x{301}e\x{301} e\x{301} e\x{301}e\x{301}e\x{301}e\x{301}e\x{301}e\x{301}e\x{301}e\x{301}e\x{301}e\x{301}e\x{301}e\x{301}e\x{301}e\x{301}e\x{301}e\x{301}e\x{301}e\x{301}e\x{301}e\x{301}e\x{301}e\x{301}e\x{301}e\x{301}e\x{301}e\x{301}e\x{301}e\x{301}e\x{301}e\x{301}e\x{301}e\x{301}e\x{301}e\x{301}e\x{301}e\x{301}e\x{301}e\x{301}e\x{301}e\x{301}e\x{301}e\x{301}e\x{301} e\x{301}e\x{301}e\x{301}e\x{301}e\x{301}e\x{301}e\x{301}e\x{301}e\x{301}e\x{301}e\x{301}e\x{301}e\x{301}e\x{301}e\x{301}e\x{301}e\x{301}e\x{301}e\x{301}e\x{301}e\x{301}e\x{301}e\x{301}e\x{301}e\x{301}e\x{301}e\x{301}e\x{301}e\x{301}e\x{301} e\x{301}e\x{301}e\x{301}e\x{301}e\x{301}e\x{301}e\x{301}e\x{301}e\x{301}e\x{301}e\x{301}e\x{301}e\x{301}e\x{301}e\x{301}e\x{301}e\x{301}e\x{301}e\x{301}e\x{301}e\x{301}e\x{301}"
          text run at (1040,360) width 0: " "
          text run at (0,375) width 1040: "e\x{301}e\x{301}e\x{301}e\x{301}e\x{301}e\x{301}e\x{301}e\x{301}e\x{301}e\x{301}e\x{301}e\x{301}e\x{301}e\x{301}e\x{301}e\x{301}e\x{301}e\x{301}e\x{301}e\x{301}e\x{301}e\x{301}e\x{301}e\x{301}e\x{301}e\x{301}e\x{301}e\x{301}e\x{301}e\x{301}e\x{301}e\x{301} e\x{301} e\x{301}e\x{301}e\x{301}e\x{301}e\x{301}e\x{301}e\x{301}e\x{301}e\x{301}e\x{301}e\x{301}e\x{301}e\x{301}e\x{301}e\x{301}e\x{301}e\x{301}e\x{301}e\x{301}e\x{301}e\x{301}e\x{301}e\x{301}e\x{301}e\x{301}e\x{301}e\x{301}e\x{301}e\x{301}e\x{301}e\x{301}e\x{301}e\x{301}e\x{301}e\x{301}e\x{301}e\x{301}e\x{301}e\x{301}e\x{301}e\x{301}e\x{301}e\x{301} e\x{301}e\x{301}e\x{301}e\x{301}e\x{301}e\x{301}e\x{301}e\x{301}e\x{301}e\x{301}e\x{301}e\x{301}e\x{301}e\x{301}e\x{301}e\x{301}e\x{301}e\x{301}e\x{301}e\x{301}e\x{301}e\x{301}e\x{301}e\x{301}e\x{301}e\x{301}e\x{301}e\x{301}e\x{301}e\x{301} e\x{301}e\x{301}e\x{301}e\x{301}e\x{301}e\x{301}e\x{301}e\x{301}e\x{301}e\x{301}e\x{301}e\x{301}e\x{301}e\x{301}e\x{301}e\x{301}e\x{301}e\x{301}e\x{301}e\x{301}e\x{301}e\x{301}"
          text run at (1040,375) width 0: " "
          text run at (0,390) width 1040: "e\x{301}e\x{301}e\x{301}e\x{301}e\x{301}e\x{301}e\x{301}e\x{301}e\x{301}e\x{301}e\x{301}e\x{301}e\x{301}e\x{301}e\x{301}e\x{301}e\x{301}e\x{301}e\x{301}e\x{301}e\x{301}e\x{301}e\x{301}e\x{301}e\x{301}e\x{301}e\x{301}e\x{301}e\x{301}e\x{301}e\x{301}e\x{301} e\x{301} e\x{301}e\x{301}e\x{301}e\x{301}e\x{301}e\x{301}e\x{301}e\x{301}e\x{301}e\x{301}e\x{301}e\x{301}e\x{301}e\x{301}e\x{301}e\x{301}e\x{301}e\x{301}e\x{301}e\x{301}e\x{301}e\x{301}e\x{301}e\x{301}e\x{301}e\x{301}e\x{301}e\x{301}e\x{301}e\x{301}e\x{301}e\x{301}e\x{301}e\x{301}e\x{301}e\x{301}e\x{301}e\x{301}e\x{301}e\x{301}e\x{301}e\x{301}e\x{301} e\x{301}e\x{301}e\x{301}e\x{301}e\x{301}e\x{301}e\x{301}e\x{301}e\x{301}e\x{301}e\x{301}e\x{301}e\x{301}e\x{301}e\x{301}e\x{301}e\x{301}e\x{301}e\x{301}e\x{301}e\x{301}e\x{301}e\x{301}e\x{301}e\x{301}e\x{301}e\x{301}e\x{301}e\x{301}e\x{301} e\x{301}e\x{301}e\x{301}e\x{301}e\x{301}e\x{301}e\x{301}e\x{301}e\x{301}e\x{301}e\x{301}e\x{301}e\x{301}e\x{301}e\x{301}e\x{301}e\x{301}e\x{301}e\x{301}e\x{301}e\x{301}e\x{301}"
          text run at (1040,390) width 0: " "
          text run at (0,405) width 1040: "e\x{301}e\x{301}e\x{301}e\x{301}e\x{301}e\x{301}e\x{301}e\x{301}e\x{301}e\x{301}e\x{301}e\x{301}e\x{301}e\x{301}e\x{301}e\x{301}e\x{301}e\x{301}e\x{301}e\x{301}e\x{301}e\x{301}e\x{301}e\x{301}e\x{301}e\x{301}e\x{301}e\x{301}e\x{301}e\x{301}e\x{301}e\x{301} e\x{301} e\x{301}e\x{301}e\x{301}e\x{301}e\x{301}e\x{301}e\x{301}e\x{301}e\x{301}e\x{301}e\x{301}e\x{301}e\x{301}e\x{301}e\x{301}e\x{301}e\x{301}e\x{301}e\x{301}e\x{301}e\x{301}e\x{301}e\x{301}e\x{301}e\x{301}e\x{301}e\x{301}e\x{301}e\x{301}e\x{301}e\x{301}e\x{301}e\x{301}e\x{301}e\x{301}e\x{301}e\x{301}e\x{301}e\x{301}e\x{301}e\x{301}e\x{301}e\x{301} e\x{301}e\x{301}e\x{301}e\x{301}e\x{301}e\x{301}e\x{301}e\x{301}e\x{301}e\x{301}e\x{301}e\x{301}e\x{301}e\x{301}e\x{301}e\x{301}e\x{301}e\x{301}e\x{301}e\x{301}e\x{301}e\x{301}e\x{301}e\x{301}e\x{301}e\x{301}e\x{301}e\x{301}e\x{301}e\x{301} e\x{301}e\x{301}e\x{301}e\x{301}e\x{301}e\x{301}e\x{301}e\x{301}e\x{301}e\x{301}e\x{301}e\x{301}e\x{301}e\x{301}e\x{301}e\x{301}e\x{301}e\x{301}e\x{301}e\x{301}e\x{301}e\x{301}"
          text run at (1040,405) width 0: " "
          text run at (0,420) width 1040: "e\x{301}e\x{301}e\x{301}e\x{301}e\x{301}e\x{301}e\x{301}e\x{301}e\x{301}e\x{301}e\x{301}e\x{301}e\x{301}e\x{301}e\x{301}e\x{301}e\x{301}e\x{301}e\x{301}e\x{301}e\x{301}e\x{301}e\x{301}e\x{301}e\x{301}e\x{301}e\x{301}e\x{301}e\x{301}e\x{301}e\x{301}e\x{301} e\x{301} e\x{301}e\x{301}e\x{301}e\x{301}e\x{301}e\x{301}e\x{301}e\x{301}e\x{301}e\x{301}e\x{301}e\x{301}e\x{301}e\x{301}e\x{301}e\x{301}e\x{301}e\x{301}e\x{301}e\x{301}e\x{301}e\x{301}e\x{301}e\x{301}e\x{301}e\x{301}e\x{301}e\x{301}e\x{301}e\x{301}e\x{301}e\x{301}e\x{301}e\x{301}e\x{301}e\x{301}e\x{301}e\x{301}e\x{301}e\x{301}e\x{301}e\x{301}e\x{301} e\x{301}e\x{301}e\x{301}e\x{301}e\x{301}e\x{301}e\x{301}e\x{301}e\x{301}e\x{301}e\x{301}e\x{301}e\x{301}e\x{301}e\x{301}e\x{301}e\x{301}e\x{301}e\x{301}e\x{301}e\x{301}e\x{301}e\x{301}e\x{301}e\x{301}e\x{301}e\x{301}e\x{301}e\x{301}e\x{301} e\x{301}e\x{301}e\x{301}e\x{301}e\x{301}e\x{301}e\x{301}e\x{301}e\x{301}e\x{301}e\x{301}e\x{301}e\x{301}e\x{301}e\x{301}e\x{301}e\x{301}e\x{301}e\x{301}e\x{301}e\x{301}e\x{301}"
          text run at (1040,420) width 0: " "
          text run at (0,435) width 1040: "e\x{301}e\x{301}e\x{301}e\x{301}e\x{301}e\x{301}e\x{301}e\x{301}e\x{301}e\x{301}e\x{301}e\x{301}e\x{301}e\x{301}e\x{301}e\x{301}e\x{301}e\x{301}e\x{301}e\x{301}e\x{301}e\x{301}e\x{301}e\x{301}e\x{301}e\x{301}e\x{301}e\x{301}e\x{301}e\x{301}e\x{301}e\x{301} e\x{301} e\x{301}e\x{301}e\x{301}e\x{301}e\x{301}e\x{301}e\x{301}e\x{301}e\x{301}e\x{301}e\x{301}e\x{301}e\x{301}e\x{301}e\x{301}e\x{301}e\x{301}e\x{301}e\x{301}e\x{301}e\x{301}e\x{301}e\x{301}e\x{301}e\x{301}e\x{301}e\x{301}e\x{301}e\x{301}e\x{301}e\x{301}e\x{301}e\x{301}e\x{301}e\x{301}e\x{301}e\x{301}e\x{301}e\x{301}e\x{301}e\x{301}e\x{301}e\x{301} e\x{301}e\x{301}e\x{301}e\x{301}e\x{301}e\x{301}e\x{301}e\x{301}e\x{301}e\x{301}e\x{301}e\x{301}e\x{301}e\x{301}e\x{301}e\x{301}e\x{301}e\x{301}e\x{301}e\x{301}e\x{301}e\x{301}e\x{301}e\x{301}e\x{301}e\x{301}e\x{301}e\x{301}e\x{301}e\x{301} e\x{301}e\x{301}e\x{301}e\x{301}e\x{301}e\x{301}e\x{301}e\x{301}e\x{301}e\x{301}e\x{301}e\x{301}e\x{301}e\x{301}e\x{301}e\x{301}e\x{301}e\x{301}e\x{301}e\x{301}e\x{301}e\x{301}"
          text run at (1040,435) width 0: " "
          text run at (0,450) width 1040: "e\x{301}e\x{301}e\x{301}e\x{301}e\x{301}e\x{301}e\x{301}e\x{301}e\x{301}e\x{301}e\x{301}e\x{301}e\x{301}e\x{301}e\x{301}e\x{301}e\x{301}e\x{301}e\x{301}e\x{301}e\x{301}e\x{301}e\x{301}e\x{301}e\x{301}e\x{301}e\x{301}e\x{301}e\x{301}e\x{301}e\x{301}e\x{301} e\x{301} e\x{301}e\x{301}e\x{301}e\x{301}e\x{301}e\x{301}e\x{301}e\x{301}e\x{301}e\x{301}e\x{301}e\x{301}e\x{301}e\x{301}e\x{301}e\x{301}e\x{301}e\x{301}e\x{301}e\x{301}e\x{301}e\x{301}e\x{301}e\x{301}e\x{301}e\x{301}e\x{301}e\x{301}e\x{301}e\x{301}e\x{301}e\x{301}e\x{301}e\x{301}e\x{301}e\x{301}e\x{301}e\x{301}e\x{301}e\x{301}e\x{301}e\x{301}e\x{301} e\x{301}e\x{301}e\x{301}e\x{301}e\x{301}e\x{301}e\x{301}e\x{301}e\x{301}e\x{301}e\x{301}e\x{301}e\x{301}e\x{301}e\x{301}e\x{301}e\x{301}e\x{301}e\x{301}e\x{301}e\x{301}e\x{301}e\x{301}e\x{301}e\x{301}e\x{301}e\x{301}e\x{301}e\x{301}e\x{301} e\x{301}e\x{301}e\x{301}e\x{301}e\x{301}e\x{301}e\x{301}e\x{301}e\x{301}e\x{301}e\x{301}e\x{301}e\x{301}e\x{301}e\x{301}e\x{301}e\x{301}e\x{301}e\x{301}e\x{301}e\x{301}e\x{301}"
          text run at (1040,450) width 0: " "
          text run at (0,465) width 1040: "e\x{301}e\x{301}e\x{301}e\x{301}e\x{301}e\x{301}e\x{301}e\x{301}e\x{301}e\x{301}e\x{301}e\x{301}e\x{301}e\x{301}e\x{301}e\x{301}e\x{301}e\x{301}e\x{301}e\x{301}e\x{301}e\x{301}e\x{301}e\x{301}e\x{301}e\x{301}e\x{301}e\x{301}e\x{301}e\x{301}e\x{301}e\x{301} e\x{301} e\x{301}e\x{301}e\x{301}e\x{301}e\x{301}e\x{301}e\x{301}e\x{301}e\x{301}e\x{301}e\x{301}e\x{301}e\x{301}e\x{301}e\x{301}e\x{301}e\x{301}e\x{301}e\x{301}e\x{301}e\x{301}e\x{301}e\x{301}e\x{301}e\x{301}e\x{301}e\x{301}e\x{301}e\x{301}e\x{301}e\x{301}e\x{301}e\x{301}e\x{301}e\x{301}e\x{301}e\x{301}e\x{301}e\x{301}e\x{301}e\x{301}e\x{301}e\x{301} e\x{301}e\x{301}e\x{301}e\x{301}e\x{301}e\x{301}e\x{301}e\x{301}e\x{301}e\x{301}e\x{301}e\x{301}e\x{301}e\x{301}e\x{301}e\x{301}e\x{301}e\x{301}e\x{301}e\x{301}e\x{301}e\x{301}e\x{301}e\x{301}e\x{301}e\x{301}e\x{301}e\x{301}e\x{301}e\x{301} e\x{301}e\x{301}e\x{301}e\x{301}e\x{301}e\x{301}e\x{301}e\x{301}e\x{301}e\x{301}e\x{301}e\x{301}e\x{301}e\x{301}e\x{301}e\x{301}e\x{301}e\x{301}e\x{301}e\x{301}e\x{301}e\x{301}"
          text run at (1040,465) width 0: " "
          text run at (0,480) width 1040: "e\x{301}e\x{301}e\x{301}e\x{301}e\x{301}e\x{301}e\x{301}e\x{301}e\x{301}e\x{301}e\x{301}e\x{301}e\x{301}e\x{301}e\x{301}e\x{301}e\x{301}e\x{301}e\x{301}e\x{301}e\x{301}e\x{301}e\x{301}e\x{301}e\x{301}e\x{301}e\x{301}e\x{301}e\x{301}e\x{301}e\x{301}e\x{301} e\x{301} e\x{301}e\x{301}e\x{301}e\x{301}e\x{301}e\x{301}e\x{301}e\x{301}e\x{301}e\x{301}e\x{301}e\x{301}e\x{301}e\x{301}e\x{301}e\x{301}e\x{301}e\x{301}e\x{301}e\x{301}e\x{301}e\x{301}e\x{301}e\x{301}e\x{301}e\x{301}e\x{301}e\x{301}e\x{301}e\x{301}e\x{301}e\x{301}e\x{301}e\x{301}e\x{301}e\x{301}e\x{301}e\x{301}e\x{301}e\x{301}e\x{301}e\x{301}e\x{301} e\x{301}e\x{301}e\x{301}e\x{301}e\x{301}e\x{301}e\x{301}e\x{301}e\x{301}e\x{301}e\x{301}e\x{301}e\x{301}e\x{301}e\x{301}e\x{301}e\x{301}e\x{301}e\x{301}e\x{301}e\x{301}e\x{301}e\x{301}e\x{301}e\x{301}e\x{301}e\x{301}e\x{301}e\x{301}e\x{301} e\x{301}e\x{301}e\x{301}e\x{301}e\x{301}e\x{301}e\x{301}e\x{301}e\x{301}e\x{301}e\x{301}e\x{301}e\x{301}e\x{301}e\x{301}e\x{301}e\x{301}e\x{301}e\x{301}e\x{301}e\x{301}e\x{301}"
          text run at (1040,480) width 0: " "
          text run at (0,495) width 1040: "e\x{301}e\x{301}e\x{301}e\x{301}e\x{301}e\x{301}e\x{301}e\x{301}e\x{301}e\x{301}e\x{301}e\x{301}e\x{301}e\x{301}e\x{301}e\x{301}e\x{301}e\x{301}e\x{301}e\x{301}e\x{301}e\x{301}e\x{301}e\x{301}e\x{301}e\x{301}e\x{301}e\x{301}e\x{301}e\x{301}e\x{301}e\x{301} e\x{301} e\x{301}e\x{301}e\x{301}e\x{301}e\x{301}e\x{301}e\x{301}e\x{301}e\x{301}e\x{301}e\x{301}e\x{301}e\x{301}e\x{301}e\x{301}e\x{301}e\x{301}e\x{301}e\x{301}e\x{301}e\x{301}e\x{301}e\x{301}e\x{301}e\x{301}e\x{301}e\x{301}e\x{301}e\x{301}e\x{301}e\x{301}e\x{301}e\x{301}e\x{301}e\x{301}e\x{301}e\x{301}e\x{301}e\x{301}e\x{301}e\x{301}e\x{301}e\x{301} e\x{301}e\x{301}e\x{301}e\x{301}e\x{301}e\x{301}e\x{301}e\x{301}e\x{301}e\x{301}e\x{301}e\x{301}e\x{301}e\x{301}e\x{301}e\x{301}e\x{301}e\x{301}e\x{301}e\x{301}e\x{301}e\x{301}e\x{301}e\x{301}e\x{301}e\x{301}e\x{301}e\x{301}e\x{301}e\x{301} e\x{301}e\x{301}e\x{301}e\x{301}e\x{301}e\x{301}e\x{301}e\x{301}e\x{301}e\x{301}e\x{301}e\x{301}e\x{301}e\x{301}e\x{301}e\x{301}e\x{301}e\x{301}e\x{301}e\x{301}e\x{301}e\x{301}"
          text run at (1040,495) width 0: " "
          text run at (0,510) width 1040: "e\x{301}e\x{301}e\x{301}e\x{301}e\x{301}e\x{301}e\x{301}e\x{301}e\x{301}e\x{301}e\x{301}e\x{301}e\x{301}e\x{301}e\x{301}e\x{301}e\x{301}e\x{301}e\x{301}e\x{301}e\x{301}e\x{301}e\x{301}e\x{301}e\x{301}e\x{301}e\x{301}e\x{301}e\x{301}e\x{301}e\x{301}e\x{301} e\x{301} e\x{301}e\x{301}e\x{301}e\x{301}e\x{301}e\x{301}e\x{301}e\x{301}e\x{301}e\x{301}e\x{301}e\x{301}e\x{301}e\x{301}e\x{301}e\x{301}e\x{301}e\x{301}e\x{301}e\x{301}e\x{301}e\x{301}e\x{301}e\x{301}e\x{301}e\x{301}e\x{301}e\x{301}e\x{301}e\x{301}e\x{301}e\x{301}e\x{301}e\x{301}e\x{301}e\x{301}e\x{301}e\x{301}e\x{301}e\x{301}e\x{301}e\x{301}e\x{301} e\x{301}e\x{301}e\x{301}e\x{301}e\x{301}e\x{301}e\x{301}e\x{301}e\x{301}e\x{301}e\x{301}e\x{301}e\x{301}e\x{301}e\x{301}e\x{301}e\x{301}e\x{301}e\x{301}e\x{301}e\x{301}e\x{301}e\x{301}e\x{301}e\x{301}e\x{301}e\x{301}e\x{301}e\x{301}e\x{301} e\x{301}e\x{301}e\x{301}e\x{301}e\x{301}e\x{301}e\x{301}e\x{301}e\x{301}e\x{301}e\x{301}e\x{301}e\x{301}e\x{301}e\x{301}e\x{301}e\x{301}e\x{301}e\x{301}e\x{301}e\x{301}e\x{301}"
          text run at (1040,510) width 0: " "
          text run at (0,525) width 1040: "e\x{301}e\x{301}e\x{301}e\x{301}e\x{301}e\x{301}e\x{301}e\x{301}e\x{301}e\x{301}e\x{301}e\x{301}e\x{301}e\x{301}e\x{301}e\x{301}e\x{301}e\x{301}e\x{301}e\x{301}e\x{301}e\x{301}e\x{301}e\x{301}e\x{301}e\x{301}e\x{301}e\x{301}e\x{301}e\x{301}e\x{301}e\x{301} e\x{301} e\x{301}e\x{301}e\x{301}e\x{301}e\x{301}e\x{301}e\x{301}e\x{301}e\x{301}e\x{301}e\x{301}e\x{301}e\x{301}e\x{301}e\x{301}e\x{301}e\x{301}e\x{301}e\x{301}e\x{301}e\x{301}e\x{301}e\x{301}e\x{301}e\x{301}e\x{301}e\x{301}e\x{301}e\x{301}e\x{301}e\x{301}e\x{301}e\x{301}e\x{301}e\x{301}e\x{301}e\x{301}e\x{301}e\x{301}e\x{301}e\x{301}e\x{301}e\x{301} e\x{301}e\x{301}e\x{301}e\x{301}e\x{301}e\x{301}e\x{301}e\x{301}e\x{301}e\x{301}e\x{301}e\x{301}e\x{301}e\x{301}e\x{301}e\x{301}e\x{301}e\x{301}e\x{301}e\x{301}e\x{301}e\x{301}e\x{301}e\x{301}e\x{301}e\x{301}e\x{301}e\x{301}e\x{301}e\x{301} e\x{301}e\x{301}e\x{301}e\x{301}e\x{301}e\x{301}e\x{301}e\x{301}e\x{301}e\x{301}e\x{301}e\x{301}e\x{301}e\x{301}e\x{301}e\x{301}e\x{301}e\x{301}e\x{301}e\x{301}e\x{301}e\x{301}"
          text run at (1040,525) width 0: " "
          text run at (0,540) width 1040: "e\x{301}e\x{301}e\x{301}e\x{301}e\x{301}e\x{301}e\x{301}e\x{301}e\x{301}e\x{301}e\x{301}e\x{301}e\x{301}e\x{301}e\x{301}e\x{301}e\x{301}e\x{301}e\x{301}e\x{301}e\x{301}e\x{301}e\x{301}e\x{301}e\x{301}e\x{301}e\x{301}e\x{301}e\x{301}e\x{301}e\x{301}e\x{301} e\x{301} e\x{301}e\x{301}e\x{301}e\x{301}e\x{301}e\x{301}e\x{301}e\x{301}e\x{301}e\x{301}e\x{301}e\x{301}e\x{301}e\x{301}e\x{301}e\x{301}e\x{301}e\x{301}e\x{301}e\x{301}e\x{301}e\x{301}e\x{301}e\x{301}e\x{301}e\x{301}e\x{301}e\x{301}e\x{301}e\x{301}e\x{301}e\x{301}e\x{301}e\x{301}e\x{301}e\x{301}e\x{301}e\x{301}e\x{301}e\x{301}e\x{301}e\x{301}e\x{301} e\x{301}e\x{301}e\x{301}e\x{301}e\x{301}e\x{301}e\x{301}e\x{301}e\x{301}e\x{301}e\x{301}e\x{301}e\x{301}e\x{301}e\x{301}e\x{301}e\x{301}e\x{301}e\x{301}e\x{301}e\x{301}e\x{301}e\x{301}e\x{301}e\x{301}e\x{301}e\x{301}e\x{301}e\x{301}e\x{301} e\x{301}e\x{301}e\x{301}e\x{301}e\x{301}e\x{301}e\x{301}e\x{301}e\x{301}e\x{301}e\x{301}e\x{301}e\x{301}e\x{301}e\x{301}e\x{301}e\x{301}e\x{301}e\x{301}e\x{301}e\x{301}e\x{301}"
          text run at (1040,540) width 0: " "
          text run at (0,555) width 1040: "e\x{301}e\x{301}e\x{301}e\x{301}e\x{301}e\x{301}e\x{301}e\x{301}e\x{301}e\x{301}e\x{301}e\x{301}e\x{301}e\x{301}e\x{301}e\x{301}e\x{301}e\x{301}e\x{301}e\x{301}e\x{301}e\x{301}e\x{301}e\x{301}e\x{301}e\x{301}e\x{301}e\x{301}e\x{301}e\x{301}e\x{301}e\x{301} e\x{301} e\x{301}e\x{301}e\x{301}e\x{301}e\x{301}e\x{301}e\x{301}e\x{301}e\x{301}e\x{301}e\x{301}e\x{301}e\x{301}e\x{301}e\x{301}e\x{301}e\x{301}e\x{301}e\x{301}e\x{301}e\x{301}e\x{301}e\x{301}e\x{301}e\x{301}e\x{301}e\x{301}e\x{301}e\x{301}e\x{301}e\x{301}e\x{301}e\x{301}e\x{301}e\x{301}e\x{301}e\x{301}e\x{301}e\x{301}e\x{301}e\x{301}e\x{301}e\x{301} e\x{301}e\x{301}e\x{301}e\x{301}e\x{301}e\x{301}e\x{301}e\x{301}e\x{301}e\x{301}e\x{301}e\x{301}e\x{301}e\x{301}e\x{301}e\x{301}e\x{301}e\x{301}e\x{301}e\x{301}e\x{301}e\x{301}e\x{301}e\x{301}e\x{301}e\x{301}e\x{301}e\x{301}e\x{301}e\x{301} e\x{301}e\x{301}e\x{301}e\x{301}e\x{301}e\x{301}e\x{301}e\x{301}e\x{301}e\x{301}e\x{301}e\x{301}e\x{301}e\x{301}e\x{301}e\x{301}e\x{301}e\x{301}e\x{301}e\x{301}e\x{301}e\x{301}"
          text run at (1040,555) width 0: " "
          text run at (0,570) width 1040: "e\x{301}e\x{301}e\x{301}e\x{301}e\x{301}e\x{301}e\x{301}e\x{301}e\x{301}e\x{301}e\x{301}e\x{301}e\x{301}e\x{301}e\x{301}e\x{301}e\x{301}e\x{301}e\x{301}e\x{301}e\x{301}e\x{301}e\x{301}e\x{301}e\x{301}e\x{301}e\x{301}e\x{301}e\x{301}e\x{301}e\x{301}e\x{301} e\x{301} e\x{301}e\x{301}e\x{301}e\x{301}e\x{301}e\x{301}e\x{301}e\x{301}e\x{301}e\x{301}e\x{301}e\x{301}e\x{301}e\x{301}e\x{301}e\x{301}e\x{301}e\x{301}e\x{301}e\x{301}e\x{301}e\x{301}e\x{301}e\x{301}e\x{301}e\x{301}e\x{301}e\x{301}e\x{301}e\x{301}e\x{301}e\x{301}e\x{301}e\x{301}e\x{301}e\x{301}e\x{301}e\x{301}e\x{301}e\x{301}e\x{301}e\x{301}e\x{301} e\x{301}e\x{301}e\x{301}e\x{301}e\x{301}e\x{301}e\x{301}e\x{301}e\x{301}e\x{301}e\x{301}e\x{301}e\x{301}e\x{301}e\x{301}e\x{301}e\x{301}e\x{301}e\x{301}e\x{301}e\x{301}e\x{301}e\x{301}e\x{301}e\x{301}e\x{301}e\x{301}e\x{301}e\x{301}e\x{301} e\x{301}e\x{301}e\x{301}e\x{301}e\x{301}e\x{301}e\x{301}e\x{301}e\x{301}e\x{301}e\x{301}e\x{301}e\x{301}e\x{301}e\x{301}e\x{301}e\x{301}e\x{301}e\x{301}e\x{301}e\x{301}e\x{301}"
          text run at (1040,570) width 0: " "
          text run at (0,585) width 1040: "e\x{301}e\x{301}e\x{301}e\x{301}e\x{301}e\x{301}e\x{301}e\x{301}e\x{301}e\x{301}e\x{301}e\x{301}e\x{301}e\x{301}e\x{301}e\x{301}e\x{301}e\x{301}e\x{301}e\x{301}e\x{301}e\x{301}e\x{301}e\x{301}e\x{301}e\x{301}e\x{301}e\x{301}e\x{301}e\x{301}e\x{301}e\x{301} e\x{301} e\x{301}e\x{301}e\x{301}e\x{301}e\x{301}e\x{301}e\x{301}e\x{301}e\x{301}e\x{301}e\x{301}e\x{301}e\x{301}e\x{301}e\x{301}e\x{301}e\x{301}e\x{301}e\x{301}e\x{301}e\x{301}e\x{301}e\x{301}e\x{301}e\x{301}e\x{301}e\x{301}e\x{301}e\x{301}e\x{301}e\x{301}e\x{301}e\x{301}e\x{301}e\x{301}e\x{301}e\x{301}e\x{301}e\x{301}e\x{301}e\x{301}e\x{301}e\x{301} e\x{301}e\x{301}e\x{301}e\x{301}e\x{301}e\x{301}e\x{301}e\x{301}e\x{301}e\x{301}e\x{301}e\x{301}e\x{301}e\x{301}e\x{301}e\x{301}e\x{301}e\x{301}e\x{301}e\x{301}e\x{301}e\x{301}e\x{301}e\x{301}e\x{301}e\x{301}e\x{301}e\x{301}e\x{301}e\x{301} e\x{301}e\x{301}e\x{301}e\x{301}e\x{301}e\x{301}e\x{301}e\x{301}e\x{301}e\x{301}e\x{301}e\x{301}e\x{301}e\x{301}e\x{301}e\x{301}e\x{301}e\x{301}e\x{301}e\x{301}e\x{301}e\x{301}"
          text run at (1040,585) width 0: " "
          text run at (0,600) width 1040: "e\x{301}e\x{301}e\x{301}e\x{301}e\x{301}e\x{301}e\x{301}e\x{301}e\x{301}e\x{301}e\x{301}e\x{301}e\x{301}e\x{301}e\x{301}e\x{301}e\x{301}e\x{301}e\x{301}e\x{301}e\x{301}e\x{301}e\x{301}e\x{301}e\x{301}e\x{301}e\x{301}e\x{301}e\x{301}e\x{301}e\x{301}e\x{301} e\x{301} e\x{301}e\x{301}e\x{301}e\x{301}e\x{301}e\x{301}e\x{301}e\x{301}e\x{301}e\x{301}e\x{301}e\x{301}e\x{301}e\x{301}e\x{301}e\x{301}e\x{301}e\x{301}e\x{301}e\x{301}e\x{301}e\x{301}e\x{301}e\x{301}e\x{301}e\x{301}e\x{301}e\x{301}e\x{301}e\x{301}e\x{301}e\x{301}e\x{301}e\x{301}e\x{301}e\x{301}e\x{301}e\x{301}e\x{301}e\x{301}e\x{301}e\x{301}e\x{301} e\x{301}e\x{301}e\x{301}e\x{301}e\x{301}e\x{301}e\x{301}e\x{301}e\x{301}e\x{301}e\x{301}e\x{301}e\x{301}e\x{301}e\x{301}e\x{301}e\x{301}e\x{301}e\x{301}e\x{301}e\x{301}e\x{301}e\x{301}e\x{301}e\x{301}e\x{301}e\x{301}e\x{301}e\x{301}e\x{301} e\x{301}e\x{301}e\x{301}e\x{301}e\x{301}e\x{301}e\x{301}e\x{301}e\x{301}e\x{301}e\x{301}e\x{301}e\x{301}e\x{301}e\x{301}e\x{301}e\x{301}e\x{301}e\x{301}e\x{301}e\x{301}e\x{301}"
          text run at (1040,600) width 0: " "
          text run at (0,615) width 1040: "e\x{301}e\x{301}e\x{301}e\x{301}e\x{301}e\x{301}e\x{301}e\x{301}e\x{301}e\x{301}e\x{301}e\x{301}e\x{301}e\x{301}e\x{301}e\x{301}e\x{301}e\x{301}e\x{301}e\x{301}e\x{301}e\x{301}e\x{301}e\x{301}e\x{301}e\x{301}e\x{301}e\x{301}e\x{301}e\x{301}e\x{301}e\x{301} e\x{301} e\x{301}e\x{301}e\x{301}e\x{301}e\x{301}e\x{301}e\x{301}e\x{301}e\x{301}e\x{301}e\x{301}e\x{301}e\x{301}e\x{301}e\x{301}e\x{301}e\x{301}e\x{301}e\x{301}e\x{301}e\x{301}e\x{301}e\x{301}e\x{301}e\x{301}e\x{301}e\x{301}e\x{301}e\x{301}e\x{301}e\x{301}e\x{301}e\x{301}e\x{301}e\x{301}e\x{301}e\x{301}e\x{301}e\x{301}e\x{301}e\x{301}e\x{301}e\x{301} e\x{301}e\x{301}e\x{301}e\x{301}e\x{301}e\x{301}e\x{301}e\x{301}e\x{301}e\x{301}e\x{301}e\x{301}e\x{301}e\x{301}e\x{301}e\x{301}e\x{301}e\x{301}e\x{301}e\x{301}e\x{301}e\x{301}e\x{301}e\x{301}e\x{301}e\x{301}e\x{301}e\x{301}e\x{301}e\x{301} e\x{301}e\x{301}e\x{301}e\x{301}e\x{301}e\x{301}e\x{301}e\x{301}e\x{301}e\x{301}e\x{301}e\x{301}e\x{301}e\x{301}e\x{301}e\x{301}e\x{301}e\x{301}e\x{301}e\x{301}e\x{301}e\x{301}"
          text run at (1040,615) width 0: " "
          text run at (0,630) width 1040: "e\x{301}e\x{301}e\x{301}e\x{301}e\x{301}e\x{301}e\x{301}e\x{301}e\x{301}e\x{301}e\x{301}e\x{301}e\x{301}e\x{301}e\x{301}e\x{301}e\x{301}e\x{301}e\x{301}e\x{301}e\x{301}e\x{301}e\x{301}e\x{301}e\x{301}e\x{301}e\x{301}e\x{301}e\x{301}e\x{301}e\x{301}e\x{301} e\x{301} e\x{301}e\x{301}e\x{301}e\x{301}e\x{301}e\x{301}e\x{301}e\x{301}e\x{301}e\x{301}e\x{301}e\x{301}e\x{301}e\x{301}e\x{301}e\x{301}e\x{301}e\x{301}e\x{301}e\x{301}e\x{301}e\x{301}e\x{301}e\x{301}e\x{301}e\x{301}e\x{301}e\x{301}e\x{301}e\x{301}e\x{301}e\x{301}e\x{301}e\x{301}e\x{301}e\x{301}e\x{301}e\x{301}e\x{301}e\x{301}e\x{301}e\x{301}e\x{301} e\x{301}e\x{301}e\x{301}e\x{301}e\x{301}e\x{301}e\x{301}e\x{301}e\x{301}e\x{301}e\x{301}e\x{301}e\x{301}e\x{301}e\x{301}e\x{301}e\x{301}e\x{301}e\x{301}e\x{301}e\x{301}e\x{301}e\x{301}e\x{301}e\x{301}e\x{301}e\x{301}e\x{301}e\x{301}e\x{301} e\x{301}e\x{301}e\x{301}e\x{301}e\x{301}e\x{301}e\x{301}e\x{301}e\x{301}e\x{301}e\x{301}e\x{301}e\x{301}e\x{301}e\x{301}e\x{301}e\x{301}e\x{301}e\x{301}e\x{301}e\x{301}e\x{301}"
          text run at (1040,630) width 0: " "
          text run at (0,645) width 1040: "e\x{301}e\x{301}e\x{301}e\x{301}e\x{301}e\x{301}e\x{301}e\x{301}e\x{301}e\x{301}e\x{301}e\x{301}e\x{301}e\x{301}e\x{301}e\x{301}e\x{301}e\x{301}e\x{301}e\x{301}e\x{301}e\x{301}e\x{301}e\x{301}e\x{301}e\x{301}e\x{301}e\x{301}e\x{301}e\x{301}e\x{301}e\x{301} e\x{301} e\x{301}e\x{301}e\x{301}e\x{301}e\x{301}e\x{301}e\x{301}e\x{301}e\x{301}e\x{301}e\x{301}e\x{301}e\x{301}e\x{301}e\x{301}e\x{301}e\x{301}e\x{301}e\x{301}e\x{301}e\x{301}e\x{301}e\x{301}e\x{301}e\x{301}e\x{301}e\x{301}e\x{301}e\x{301}e\x{301}e\x{301}e\x{301}e\x{301}e\x{301}e\x{301}e\x{301}e\x{301}e\x{301}e\x{301}e\x{301}e\x{301}e\x{301}e\x{301} e\x{301}e\x{301}e\x{301}e\x{301}e\x{301}e\x{301}e\x{301}e\x{301}e\x{301}e\x{301}e\x{301}e\x{301}e\x{301}e\x{301}e\x{301}e\x{301}e\x{301}e\x{301}e\x{301}e\x{301}e\x{301}e\x{301}e\x{301}e\x{301}e\x{301}e\x{301}e\x{301}e\x{301}e\x{301}e\x{301} e\x{301}e\x{301}e\x{301}e\x{301}e\x{301}e\x{301}e\x{301}e\x{301}e\x{301}e\x{301}e\x{301}e\x{301}e\x{301}e\x{301}e\x{301}e\x{301}e\x{301}e\x{301}e\x{301}e\x{301}e\x{301}e\x{301}"
          text run at (1040,645) width 0: " "
          text run at (0,660) width 1040: "e\x{301}e\x{301}e\x{301}e\x{301}e\x{301}e\x{301}e\x{301}e\x{301}e\x{301}e\x{301}e\x{301}e\x{301}e\x{301}e\x{301}e\x{301}e\x{301}e\x{301}e\x{301}e\x{301}e\x{301}e\x{301}e\x{301}e\x{301}e\x{301}e\x{301}e\x{301}e\x{301}e\x{301}e\x{301}e\x{301}e\x{301}e\x{301} e\x{301} e\x{301}e\x{301}e\x{301}e\x{301}e\x{301}e\x{301}e\x{301}e\x{301}e\x{301}e\x{301}e\x{301}e\x{301}e\x{301}e\x{301}e\x{301}e\x{301}e\x{301}e\x{301}e\x{301}e\x{301}e\x{301}e\x{301}e\x{301}e\x{301}e\x{301}e\x{301}e\x{301}e\x{301}e\x{301}e\x{301}e\x{301}e\x{301}e\x{301}e\x{301}e\x{301}e\x{301}e\x{301}e\x{301}e\x{301}e\x{301}e\x{301}e\x{301}e\x{301} e\x{301}e\x{301}e\x{301}e\x{301}e\x{301}e\x{301}e\x{301}e\x{301}e\x{301}e\x{301}e\x{301}e\x{301}e\x{301}e\x{301}e\x{301}e\x{301}e\x{301}e\x{301}e\x{301}e\x{301}e\x{301}e\x{301}e\x{301}e\x{301}e\x{301}e\x{301}e\x{301}e\x{301}e\x{301}e\x{301} e\x{301}e\x{301}e\x{301}e\x{301}e\x{301}e\x{301}e\x{301}e\x{301}e\x{301}e\x{301}e\x{301}e\x{301}e\x{301}e\x{301}e\x{301}e\x{301}e\x{301}e\x{301}e\x{301}e\x{301}e\x{301}e\x{301}"
          text run at (1040,660) width 0: " "
          text run at (0,675) width 1040: "e\x{301}e\x{301}e\x{301}e\x{301}e\x{301}e\x{301}e\x{301}e\x{301}e\x{301}e\x{301}e\x{301}e\x{301}e\x{301}e\x{301}e\x{301}e\x{301}e\x{301}e\x{301}e\x{301}e\x{301}e\x{301}e\x{301}e\x{301}e\x{301}e\x{301}e\x{301}e\x{301}e\x{301}e\x{301}e\x{301}e\x{301}e\x{301} e\x{301} e\x{301}e\x{301}e\x{301}e\x{301}e\x{301}e\x{301}e\x{301}e\x{301}e\x{301}e\x{301}e\x{301}e\x{301}e\x{301}e\x{301}e\x{301}e\x{301}e\x{301}e\x{301}e\x{301}e\x{301}e\x{301}e\x{301}e\x{301}e\x{301}e\x{301}e\x{301}e\x{301}e\x{301}e\x{301}e\x{301}e\x{301}e\x{301}e\x{301}e\x{301}e\x{301}e\x{301}e\x{301}e\x{301}e\x{301}e\x{301}e\x{301}e\x{301}e\x{301} e\x{301}e\x{301}e\x{301}e\x{301}e\x{301}e\x{301}e\x{301}e\x{301}e\x{301}e\x{301}e\x{301}e\x{301}e\x{301}e\x{301}e\x{301}e\x{301}e\x{301}e\x{301}e\x{301}e\x{301}e\x{301}e\x{301}e\x{301}e\x{301}e\x{301}e\x{301}e\x{301}e\x{301}e\x{301}e\x{301} e\x{301}e\x{301}e\x{301}e\x{301}e\x{301}e\x{301}e\x{301}e\x{301}e\x{301}e\x{301}e\x{301}e\x{301}e\x{301}e\x{301}e\x{301}e\x{301}e\x{301}e\x{301}e\x{301}e\x{301}e\x{301}e\x{301}"
          text run at (1040,675) width 0: " "
          text run at (0,690) width 1040: "e\x{301}e\x{301}e\x{301}e\x{301}e\x{301}e\x{301}e\x{301}e\x{301}e\x{301}e\x{301}e\x{301}e\x{301}e\x{301}e\x{301}e\x{301}e\x{301}e\x{301}e\x{301}e\x{301}e\x{301}e\x{301}e\x{301}e\x{301}e\x{301}e\x{301}e\x{301}e\x{301}e\x{301}e\x{301}e\x{301}e\x{301}e\x{301} e\x{301} e\x{301}e\x{301}e\x{301}e\x{301}e\x{301}e\x{301}e\x{301}e\x{301}e\x{301}e\x{301}e\x{301}e\x{301}e\x{301}e\x{301}e\x{301}e\x{301}e\x{301}e\x{301}e\x{301}e\x{301}e\x{301}e\x{301}e\x{301}e\x{301}e\x{301}e\x{301}e\x{301}e\x{301}e\x{301}e\x{301}e\x{301}e\x{301}e\x{301}e\x{301}e\x{301}e\x{301}e\x{301}e\x{301}e\x{301}e\x{301}e\x{301}e\x{301}e\x{301} e\x{301}e\x{301}e\x{301}e\x{301}e\x{301}e\x{301}e\x{301}e\x{301}e\x{301}e\x{301}e\x{301}e\x{301}e\x{301}e\x{301}e\x{301}e\x{301}e\x{301}e\x{301}e\x{301}e\x{301}e\x{301}e\x{301}e\x{301}e\x{301}e\x{301}e\x{301}e\x{301}e\x{301}e\x{301}e\x{301} e\x{301}e\x{301}e\x{301}e\x{301}e\x{301}e\x{301}e\x{301}e\x{301}e\x{301}e\x{301}e\x{301}e\x{301}e\x{301}e\x{301}e\x{301}e\x{301}e\x{301}e\x{301}e\x{301}e\x{301}e\x{301}e\x{301}"
          text run at (1040,690) width 0: " "
          text run at (0,705) width 1040: "e\x{301}e\x{301}e\x{301}e\x{301}e\x{301}e\x{301}e\x{301}e\x{301}e\x{301}e\x{301}e\x{301}e\x{301}e\x{301}e\x{301}e\x{301}e\x{301}e\x{301}e\x{301}e\x{301}e\x{301}e\x{301}e\x{301}e\x{301}e\x{301}e\x{301}e\x{301}e\x{301}e\x{301}e\x{301}e\x{301}e\x{301}e\x{301} e\x{301} e\x{301}e\x{301}e\x{301}e\x{301}e\x{301}e\x{301}e\x{301}e\x{301}e\x{301}e\x{301}e\x{301}e\x{301}e\x{301}e\x{301}e\x{301}e\x{301}e\x{301}e\x{301}e\x{301}e\x{301}e\x{301}e\x{301}e\x{301}e\x{301}e\x{301}e\x{301}e\x{301}e\x{301}e\x{301}e\x{301}e\x{301}e\x{301}e\x{301}e\x{301}e\x{301}e\x{301}e\x{301}e\x{301}e\x{301}e\x{301}e\x{301}e\x{301}e\x{301} e\x{301}e\x{301}e\x{301}e\x{301}e\x{301}e\x{301}e\x{301}e\x{301}e\x{301}e\x{301}e\x{301}e\x{301}e\x{301}e\x{301}e\x{301}e\x{301}e\x{301}e\x{301}e\x{301}e\x{301}e\x{301}e\x{301}e\x{301}e\x{301}e\x{301}e\x{301}e\x{301}e\x{301}e\x{301}e\x{301} e\x{301}e\x{301}e\x{301}e\x{301}e\x{301}e\x{301}e\x{301}e\x{301}e\x{301}e\x{301}e\x{301}e\x{301}e\x{301}e\x{301}e\x{301}e\x{301}e\x{301}e\x{301}e\x{301}e\x{301}e\x{301}e\x{301}"
          text run at (1040,705) width 0: " "
          text run at (0,720) width 1040: "e\x{301}e\x{301}e\x{301}e\x{301}e\x{301}e\x{301}e\x{301}e\x{301}e\x{301}e\x{301}e\x{301}e\x{301}e\x{301}e\x{301}e\x{301}e\x{301}e\x{301}e\x{301}e\x{301}e\x{301}e\x{301}e\x{301}e\x{301}e\x{301}e\x{301}e\x{301}e\x{301}e\x{301}e\x{301}e\x{301}e\x{301}e\x{301} e\x{301} e\x{301}e\x{301}e\x{301}e\x{301}e\x{301}e\x{301}e\x{301}e\x{301}e\x{301}e\x{301}e\x{301}e\x{301}e\x{301}e\x{301}e\x{301}e\x{301}e\x{301}e\x{301}e\x{301}e\x{301}e\x{301}e\x{301}e\x{301}e\x{301}e\x{301}e\x{301}e\x{301}e\x{301}e\x{301}e\x{301}e\x{301}e\x{301}e\x{301}e\x{301}e\x{301}e\x{301}e\x{301}e\x{301}e\x{301}e\x{301}e\x{301}e\x{301}e\x{301} e\x{301}e\x{301}e\x{301}e\x{301}e\x{301}e\x{301}e\x{301}e\x{301}e\x{301}e\x{301}e\x{301}e\x{301}e\x{301}e\x{301}e\x{301}e\x{301}e\x{301}e\x{301}e\x{301}e\x{301}e\x{301}e\x{301}e\x{301}e\x{301}e\x{301}e\x{301}e\x{301}e\x{301}e\x{301}e\x{301} e\x{301}e\x{301}e\x{301}e\x{301}e\x{301}e\x{301}e\x{301}e\x{301}e\x{301}e\x{301}e\x{301}e\x{301}e\x{301}e\x{301}e\x{301}e\x{301}e\x{301}e\x{301}e\x{301}e\x{301}e\x{301}e\x{301}"
          text run at (1040,720) width 0: " "
          text run at (0,735) width 1040: "e\x{301}e\x{301}e\x{301}e\x{301}e\x{301}e\x{301}e\x{301}e\x{301}e\x{301}e\x{301}e\x{301}e\x{301}e\x{301}e\x{301}e\x{301}e\x{301}e\x{301}e\x{301}e\x{301}e\x{301}e\x{301}e\x{301}e\x{301}e\x{301}e\x{301}e\x{301}e\x{301}e\x{301}e\x{301}e\x{301}e\x{301}e\x{301} e\x{301} e\x{301}e\x{301}e\x{301}e\x{301}e\x{301}e\x{301}e\x{301}e\x{301}e\x{301}e\x{301}e\x{301}e\x{301}e\x{301}e\x{301}e\x{301}e\x{301}e\x{301}e\x{301}e\x{301}e\x{301}e\x{301}e\x{301}e\x{301}e\x{301}e\x{301}e\x{301}e\x{301}e\x{301}e\x{301}e\x{301}e\x{301}e\x{301}e\x{301}e\x{301}e\x{301}e\x{301}e\x{301}e\x{301}e\x{301}e\x{301}e\x{301}e\x{301}e\x{301} e\x{301}e\x{301}e\x{301}e\x{301}e\x{301}e\x{301}e\x{301}e\x{301}e\x{301}e\x{301}e\x{301}e\x{301}e\x{301}e\x{301}e\x{301}e\x{301}e\x{301}e\x{301}e\x{301}e\x{301}e\x{301}e\x{301}e\x{301}e\x{301}e\x{301}e\x{301}e\x{301}e\x{301}e\x{301}e\x{301} e\x{301}e\x{301}e\x{301}e\x{301}e\x{301}e\x{301}e\x{301}e\x{301}e\x{301}e\x{301}e\x{301}e\x{301}e\x{301}e\x{301}e\x{301}e\x{301}e\x{301}e\x{301}e\x{301}e\x{301}e\x{301}e\x{301}"
          text run at (1040,735) width 0: " "
          text run at (0,750) width 1040: "e\x{301}e\x{301}e\x{301}e\x{301}e\x{301}e\x{301}e\x{301}e\x{301}e\x{301}e\x{301}e\x{301}e\x{301}e\x{301}e\x{301}e\x{301}e\x{301}e\x{301}e\x{301}e\x{301}e\x{301}e\x{301}e\x{301}e\x{301}e\x{301}e\x{301}e\x{301}e\x{301}e\x{301}e\x{301}e\x{301}e\x{301}e\x{301} e\x{301} e\x{301}e\x{301}e\x{301}e\x{301}e\x{301}e\x{301}e\x{301}e\x{301}e\x{301}e\x{301}e\x{301}e\x{301}e\x{301}e\x{301}e\x{301}e\x{301}e\x{301}e\x{301}e\x{301}e\x{301}e\x{301}e\x{301}e\x{301}e\x{301}e\x{301}e\x{301}e\x{301}e\x{301}e\x{301}e\x{301}e\x{301}e\x{301}e\x{301}e\x{301}e\x{301}e\x{301}e\x{301}e\x{301}e\x{301}e\x{301}e\x{301}e\x{301}e\x{301} e\x{301}e\x{301}e\x{301}e\x{301}e\x{301}e\x{301}e\x{301}e\x{301}e\x{301}e\x{301}e\x{301}e\x{301}e\x{301}e\x{301}e\x{301}e\x{301}e\x{301}e\x{301}e\x{301}e\x{301}e\x{301}e\x{301}e\x{301}e\x{301}e\x{301}e\x{301}e\x{301}e\x{301}e\x{301}e\x{301} e\x{301}e\x{301}e\x{301}e\x{301}e\x{301}e\x{301}e\x{301}e\x{301}e\x{301}e\x{301}e\x{301}e\x{301}e\x{301}e\x{301}e\x{301}e\x{301}e\x{301}e\x{301}e\x{301}e\x{301}e\x{301}e\x{301}"
          text run at (1040,750) width 0: " "
          text run at (0,765) width 1040: "e\x{301}e\x{301}e\x{301}e\x{301}e\x{301}e\x{301}e\x{301}e\x{301}e\x{301}e\x{301}e\x{301}e\x{301}e\x{301}e\x{301}e\x{301}e\x{301}e\x{301}e\x{301}e\x{301}e\x{301}e\x{301}e\x{301}e\x{301}e\x{301}e\x{301}e\x{301}e\x{301}e\x{301}e\x{301}e\x{301}e\x{301}e\x{301} e\x{301} e\x{301}e\x{301}e\x{301}e\x{301}e\x{301}e\x{301}e\x{301}e\x{301}e\x{301}e\x{301}e\x{301}e\x{301}e\x{301}e\x{301}e\x{301}e\x{301}e\x{301}e\x{301}e\x{301}e\x{301}e\x{301}e\x{301}e\x{301}e\x{301}e\x{301}e\x{301}e\x{301}e\x{301}e\x{301}e\x{301}e\x{301}e\x{301}e\x{301}e\x{301}e\x{301}e\x{301}e\x{301}e\x{301}e\x{301}e\x{301}e\x{301}e\x{301}e\x{301} e\x{301}e\x{301}e\x{301}e\x{301}e\x{301}e\x{301}e\x{301}e\x{301}e\x{301}e\x{301}e\x{301}e\x{301}e\x{301}e\x{301}e\x{301}e\x{301}e\x{301}e\x{301}e\x{301}e\x{301}e\x{301}e\x{301}e\x{301}e\x{301}e\x{301}e\x{301}e\x{301}e\x{301}e\x{301}e\x{301} e\x{301}e\x{301}e\x{301}e\x{301}e\x{301}e\x{301}e\x{301}e\x{301}e\x{301}e\x{301}e\x{301}e\x{301}e\x{301}e\x{301}e\x{301}e\x{301}e\x{301}e\x{301}e\x{301}e\x{301}e\x{301}e\x{301}"
          text run at (1040,765) width 0: " "
          text run at (0,780) width 1040: "e\x{301}e\x{301}e\x{301}e\x{301}e\x{301}e\x{301}e\x{301}e\x{301}e\x{301}e\x{301}e\x{301}e\x{301}e\x{301}e\x{301}e\x{301}e\x{301}e\x{301}e\x{301}e\x{301}e\x{301}e\x{301}e\x{301}e\x{301}e\x{301}e\x{301}e\x{301}e\x{301}e\x{301}e\x{301}e\x{301}e\x{301}e\x{301} e\x{301} e\x{301}e\x{301}e\x{301}e\x{301}e\x{301}e\x{301}e\x{301}e\x{301}e\x{301}e\x{301}e\x{301}e\x{301}e\x{301}e\x{301}e\x{301}e\x{301}e\x{301}e\x{301}e\x{301}e\x{301}e\x{301}e\x{301}e\x{301}e\x{301}e\x{301}e\x{301}e\x{301}e\x{301}e\x{301}e\x{301}e\x{301}e\x{301}e\x{301}e\x{301}e\x{301}e\x{301}e\x{301}e\x{301}e\x{301}e\x{301}e\x{301}e\x{301}e\x{301} e\x{301}e\x{301}e\x{301}e\x{301}e\x{301}e\x{301}e\x{301}e\x{301}e\x{301}e\x{301}e\x{301}e\x{301}e\x{301}e\x{301}e\x{301}e\x{301}e\x{301}e\x{301}e\x{301}e\x{301}e\x{301}e\x{301}e\x{301}e\x{301}e\x{301}e\x{301}e\x{301}e\x{301}e\x{301}e\x{301} e\x{301}e\x{301}e\x{301}e\x{301}e\x{301}e\x{301}e\x{301}e\x{301}e\x{301}e\x{301}e\x{301}e\x{301}e\x{301}e\x{301}e\x{301}e\x{301}e\x{301}e\x{301}e\x{301}e\x{301}e\x{301}e\x{301}"
          text run at (1040,780) width 0: " "
          text run at (0,795) width 1040: "e\x{301}e\x{301}e\x{301}e\x{301}e\x{301}e\x{301}e\x{301}e\x{301}e\x{301}e\x{301}e\x{301}e\x{301}e\x{301}e\x{301}e\x{301}e\x{301}e\x{301}e\x{301}e\x{301}e\x{301}e\x{301}e\x{301}e\x{301}e\x{301}e\x{301}e\x{301}e\x{301}e\x{301}e\x{301}e\x{301}e\x{301}e\x{301} e\x{301} e\x{301}e\x{301}e\x{301}e\x{301}e\x{301}e\x{301}e\x{301}e\x{301}e\x{301}e\x{301}e\x{301}e\x{301}e\x{301}e\x{301}e\x{301}e\x{301}e\x{301}e\x{301}e\x{301}e\x{301}e\x{301}e\x{301}e\x{301}e\x{301}e\x{301}e\x{301}e\x{301}e\x{301}e\x{301}e\x{301}e\x{301}e\x{301}e\x{301}e\x{301}e\x{301}e\x{301}e\x{301}e\x{301}e\x{301}e\x{301}e\x{301}e\x{301}e\x{301} e\x{301}e\x{301}e\x{301}e\x{301}e\x{301}e\x{301}e\x{301}e\x{301}e\x{301}e\x{301}e\x{301}e\x{301}e\x{301}e\x{301}e\x{301}e\x{301}e\x{301}e\x{301}e\x{301}e\x{301}e\x{301}e\x{301}e\x{301}e\x{301}e\x{301}e\x{301}e\x{301}e\x{301}e\x{301}e\x{301} e\x{301}e\x{301}e\x{301}e\x{301}e\x{301}e\x{301}e\x{301}e\x{301}e\x{301}e\x{301}e\x{301}e\x{301}e\x{301}e\x{301}e\x{301}e\x{301}e\x{301}e\x{301}e\x{301}e\x{301}e\x{301}e\x{301}"
          text run at (1040,795) width 0: " "
          text run at (0,810) width 1040: "e\x{301}e\x{301}e\x{301}e\x{301}e\x{301}e\x{301}e\x{301}e\x{301}e\x{301}e\x{301}e\x{301}e\x{301}e\x{301}e\x{301}e\x{301}e\x{301}e\x{301}e\x{301}e\x{301}e\x{301}e\x{301}e\x{301}e\x{301}e\x{301}e\x{301}e\x{301}e\x{301}e\x{301}e\x{301}e\x{301}e\x{301}e\x{301} e\x{301} e\x{301}e\x{301}e\x{301}e\x{301}e\x{301}e\x{301}e\x{301}e\x{301}e\x{301}e\x{301}e\x{301}e\x{301}e\x{301}e\x{301}e\x{301}e\x{301}e\x{301}e\x{301}e\x{301}e\x{301}e\x{301}e\x{301}e\x{301}e\x{301}e\x{301}e\x{301}e\x{301}e\x{301}e\x{301}e\x{301}e\x{301}e\x{301}e\x{301}e\x{301}e\x{301}e\x{301}e\x{301}e\x{301}e\x{301}e\x{301}e\x{301}e\x{301}e\x{301} e\x{301}e\x{301}e\x{301}e\x{301}e\x{301}e\x{301}e\x{301}e\x{301}e\x{301}e\x{301}e\x{301}e\x{301}e\x{301}e\x{301}e\x{301}e\x{301}e\x{301}e\x{301}e\x{301}e\x{301}e\x{301}e\x{301}e\x{301}e\x{301}e\x{301}e\x{301}e\x{301}e\x{301}e\x{301}e\x{301} e\x{301}e\x{301}e\x{301}e\x{301}e\x{301}e\x{301}e\x{301}e\x{301}e\x{301}e\x{301}e\x{301}e\x{301}e\x{301}e\x{301}e\x{301}e\x{301}e\x{301}e\x{301}e\x{301}e\x{301}e\x{301}e\x{301}"
          text run at (1040,810) width 0: " "
          text run at (0,825) width 1040: "e\x{301}e\x{301}e\x{301}e\x{301}e\x{301}e\x{301}e\x{301}e\x{301}e\x{301}e\x{301}e\x{301}e\x{301}e\x{301}e\x{301}e\x{301}e\x{301}e\x{301}e\x{301}e\x{301}e\x{301}e\x{301}e\x{301}e\x{301}e\x{301}e\x{301}e\x{301}e\x{301}e\x{301}e\x{301}e\x{301}e\x{301}e\x{301} e\x{301} e\x{301}e\x{301}e\x{301}e\x{301}e\x{301}e\x{301}e\x{301}e\x{301}e\x{301}e\x{301}e\x{301}e\x{301}e\x{301}e\x{301}e\x{301}e\x{301}e\x{301}e\x{301}e\x{301}e\x{301}e\x{301}e\x{301}e\x{301}e\x{301}e\x{301}e\x{301}e\x{301}e\x{301}e\x{301}e\x{301}e\x{301}e\x{301}e\x{301}e\x{301}e\x{301}e\x{301}e\x{301}e\x{301}e\x{301}e\x{301}e\x{301}e\x{301}e\x{301} e\x{301}e\x{301}e\x{301}e\x{301}e\x{301}e\x{301}e\x{301}e\x{301}e\x{301}e\x{301}e\x{301}e\x{301}e\x{301}e\x{301}e\x{301}e\x{301}e\x{301}e\x{301}e\x{301}e\x{301}e\x{301}e\x{301}e\x{301}e\x{301}e\x{301}e\x{301}e\x{301}e\x{301}e\x{301}e\x{301} e\x{301}e\x{301}e\x{301}e\x{301}e\x{301}e\x{301}e\x{301}e\x{301}e\x{301}e\x{301}e\x{301}e\x{301}e\x{301}e\x{301}e\x{301}e\x{301}e\x{301}e\x{301}e\x{301}e\x{301}e\x{301}e\x{301}"
          text run at (1040,825) width 0: " "
          text run at (0,840) width 1040: "e\x{301}e\x{301}e\x{301}e\x{301}e\x{301}e\x{301}e\x{301}e\x{301}e\x{301}e\x{301}e\x{301}e\x{301}e\x{301}e\x{301}e\x{301}e\x{301}e\x{301}e\x{301}e\x{301}e\x{301}e\x{301}e\x{301}e\x{301}e\x{301}e\x{301}e\x{301}e\x{301}e\x{301}e\x{301}e\x{301}e\x{301}e\x{301} e\x{301} e\x{301}e\x{301}e\x{301}e\x{301}e\x{301}e\x{301}e\x{301}e\x{301}e\x{301}e\x{301}e\x{301}e\x{301}e\x{301}e\x{301}e\x{301}e\x{301}e\x{301}e\x{301}e\x{301}e\x{301}e\x{301}e\x{301}e\x{301}e\x{301}e\x{301}e\x{301}e\x{301}e\x{301}e\x{301}e\x{301}e\x{301}e\x{301}e\x{301}e\x{301}e\x{301}e\x{301}e\x{301}e\x{301}e\x{301}e\x{301}e\x{301}e\x{301}e\x{301} e\x{301}e\x{301}e\x{301}e\x{301}e\x{301}e\x{301}e\x{301}e\x{301}e\x{301}e\x{301}e\x{301}e\x{301}e\x{301}e\x{301}e\x{301}e\x{301}e\x{301}e\x{301}e\x{301}e\x{301}e\x{301}e\x{301}e\x{301}e\x{301}e\x{301}e\x{301}e\x{301}e\x{301}e\x{301}e\x{301} e\x{301}e\x{301}e\x{301}e\x{301}e\x{301}e\x{301}e\x{301}e\x{301}e\x{301}e\x{301}e\x{301}e\x{301}e\x{301}e\x{301}e\x{301}e\x{301}e\x{301}e\x{301}e\x{301}e\x{301}e\x{301}e\x{301}"
          text run at (1040,840) width 0: " "
          text run at (0,855) width 1040: "e\x{301}e\x{301}e\x{301}e\x{301}e\x{301}e\x{301}e\x{301}e\x{301}e\x{301}e\x{301}e\x{301}e\x{301}e\x{301}e\x{301}e\x{301}e\x{301}e\x{301}e\x{301}e\x{301}e\x{301}e\x{301}e\x{301}e\x{301}e\x{301}e\x{301}e\x{301}e\x{301}e\x{301}e\x{301}e\x{301}e\x{301}e\x{301} e\x{301} e\x{301}e\x{301}e\x{301}e\x{301}e\x{301}e\x{301}e\x{301}e\x{301}e\x{301}e\x{301}e\x{301}e\x{301}e\x{301}e\x{301}e\x{301}e\x{301}e\x{301}e\x{301}e\x{301}e\x{301}e\x{301}e\x{301}e\x{301}e\x{301}e\x{301}e\x{301}e\x{301}e\x{301}e\x{301}e\x{301}e\x{301}e\x{301}e\x{301}e\x{301}e\x{301}e\x{301}e\x{301}e\x{301}e\x{301}e\x{301}e\x{301}e\x{301}e\x{301} e\x{301}e\x{301}e\x{301}e\x{301}e\x{301}e\x{301}e\x{301}e\x{301}e\x{301}e\x{301}e\x{301}e\x{301}e\x{301}e\x{301}e\x{301}e\x{301}e\x{301}e\x{301}e\x{301}e\x{301}e\x{301}e\x{301}e\x{301}e\x{301}e\x{301}e\x{301}e\x{301}e\x{301}e\x{301}e\x{301} e\x{301}e\x{301}e\x{301}e\x{301}e\x{301}e\x{301}e\x{301}e\x{301}e\x{301}e\x{301}e\x{301}e\x{301}e\x{301}e\x{301}e\x{301}e\x{301}e\x{301}e\x{301}e\x{301}e\x{301}e\x{301}e\x{301}"
          text run at (1040,855) width 0: " "
          text run at (0,870) width 1040: "e\x{301}e\x{301}e\x{301}e\x{301}e\x{301}e\x{301}e\x{301}e\x{301}e\x{301}e\x{301}e\x{301}e\x{301}e\x{301}e\x{301}e\x{301}e\x{301}e\x{301}e\x{301}e\x{301}e\x{301}e\x{301}e\x{301}e\x{301}e\x{301}e\x{301}e\x{301}e\x{301}e\x{301}e\x{301}e\x{301}e\x{301}e\x{301} e\x{301} e\x{301}e\x{301}e\x{301}e\x{301}e\x{301}e\x{301}e\x{301}e\x{301}e\x{301}e\x{301}e\x{301}e\x{301}e\x{301}e\x{301}e\x{301}e\x{301}e\x{301}e\x{301}e\x{301}e\x{301}e\x{301}e\x{301}e\x{301}e\x{301}e\x{301}e\x{301}e\x{301}e\x{301}e\x{301}e\x{301}e\x{301}e\x{301}e\x{301}e\x{301}e\x{301}e\x{301}e\x{301}e\x{301}e\x{301}e\x{301}e\x{301}e\x{301}e\x{301} e\x{301}e\x{301}e\x{301}e\x{301}e\x{301}e\x{301}e\x{301}e\x{301}e\x{301}e\x{301}e\x{301}e\x{301}e\x{301}e\x{301}e\x{301}e\x{301}e\x{301}e\x{301}e\x{301}e\x{301}e\x{301}e\x{301}e\x{301}e\x{301}e\x{301}e\x{301}e\x{301}e\x{301}e\x{301}e\x{301} e\x{301}e\x{301}e\x{301}e\x{301}e\x{301}e\x{301}e\x{301}e\x{301}e\x{301}e\x{301}e\x{301}e\x{301}e\x{301}e\x{301}e\x{301}e\x{301}e\x{301}e\x{301}e\x{301}e\x{301}e\x{301}e\x{301}"
          text run at (1040,870) width 0: " "
          text run at (0,885) width 1040: "e\x{301}e\x{301}e\x{301}e\x{301}e\x{301}e\x{301}e\x{301}e\x{301}e\x{301}e\x{301}e\x{301}e\x{301}e\x{301}e\x{301}e\x{301}e\x{301}e\x{301}e\x{301}e\x{301}e\x{301}e\x{301}e\x{301}e\x{301}e\x{301}e\x{301}e\x{301}e\x{301}e\x{301}e\x{301}e\x{301}e\x{301}e\x{301} e\x{301} e\x{301}e\x{301}e\x{301}e\x{301}e\x{301}e\x{301}e\x{301}e\x{301}e\x{301}e\x{301}e\x{301}e\x{301}e\x{301}e\x{301}e\x{301}e\x{301}e\x{301}e\x{301}e\x{301}e\x{301}e\x{301}e\x{301}e\x{301}e\x{301}e\x{301}e\x{301}e\x{301}e\x{301}e\x{301}e\x{301}e\x{301}e\x{301}e\x{301}e\x{301}e\x{301}e\x{301}e\x{301}e\x{301}e\x{301}e\x{301}e\x{301}e\x{301}e\x{301} e\x{301}e\x{301}e\x{301}e\x{301}e\x{301}e\x{301}e\x{301}e\x{301}e\x{301}e\x{301}e\x{301}e\x{301}e\x{301}e\x{301}e\x{301}e\x{301}e\x{301}e\x{301}e\x{301}e\x{301}e\x{301}e\x{301}e\x{301}e\x{301}e\x{301}e\x{301}e\x{301}e\x{301}e\x{301}e\x{301} e\x{301}e\x{301}e\x{301}e\x{301}e\x{301}e\x{301}e\x{301}e\x{301}e\x{301}e\x{301}e\x{301}e\x{301}e\x{301}e\x{301}e\x{301}e\x{301}e\x{301}e\x{301}e\x{301}e\x{301}e\x{301}e\x{301}"
          text run at (1040,885) width 0: " "
          text run at (0,900) width 1040: "e\x{301}e\x{301}e\x{301}e\x{301}e\x{301}e\x{301}e\x{301}e\x{301}e\x{301}e\x{301}e\x{301}e\x{301}e\x{301}e\x{301}e\x{301}e\x{301}e\x{301}e\x{301}e\x{301}e\x{301}e\x{301}e\x{301}e\x{301}e\x{301}e\x{301}e\x{301}e\x{301}e\x{301}e\x{301}e\x{301}e\x{301}e\x{301} e\x{301} e\x{301}e\x{301}e\x{301}e\x{301}e\x{301}e\x{301}e\x{301}e\x{301}e\x{301}e\x{301}e\x{301}e\x{301}e\x{301}e\x{301}e\x{301}e\x{301}e\x{301}e\x{301}e\x{301}e\x{301}e\x{301}e\x{301}e\x{301}e\x{301}e\x{301}e\x{301}e\x{301}e\x{301}e\x{301}e\x{301}e\x{301}e\x{301}e\x{301}e\x{301}e\x{301}e\x{301}e\x{301}e\x{301}e\x{301}e\x{301}e\x{301}e\x{301}e\x{301} e\x{301}e\x{301}e\x{301}e\x{301}e\x{301}e\x{301}e\x{301}e\x{301}e\x{301}e\x{301}e\x{301}e\x{301}e\x{301}e\x{301}e\x{301}e\x{301}e\x{301}e\x{301}e\x{301}e\x{301}e\x{301}e\x{301}e\x{301}e\x{301}e\x{301}e\x{301}e\x{301}e\x{301}e\x{301}e\x{301} e\x{301}e\x{301}e\x{301}e\x{301}e\x{301}e\x{301}e\x{301}e\x{301}e\x{301}e\x{301}e\x{301}e\x{301}e\x{301}e\x{301}e\x{301}e\x{301}e\x{301}e\x{301}e\x{301}e\x{301}e\x{301}e\x{301}"
          text run at (1040,900) width 0: " "
          text run at (0,915) width 1040: "e\x{301}e\x{301}e\x{301}e\x{301}e\x{301}e\x{301}e\x{301}e\x{301}e\x{301}e\x{301}e\x{301}e\x{301}e\x{301}e\x{301}e\x{301}e\x{301}e\x{301}e\x{301}e\x{301}e\x{301}e\x{301}e\x{301}e\x{301}e\x{301}e\x{301}e\x{301}e\x{301}e\x{301}e\x{301}e\x{301}e\x{301}e\x{301} e\x{301} e\x{301}e\x{301}e\x{301}e\x{301}e\x{301}e\x{301}e\x{301}e\x{301}e\x{301}e\x{301}e\x{301}e\x{301}e\x{301}e\x{301}e\x{301}e\x{301}e\x{301}e\x{301}e\x{301}e\x{301}e\x{301}e\x{301}e\x{301}e\x{301}e\x{301}e\x{301}e\x{301}e\x{301}e\x{301}e\x{301}e\x{301}e\x{301}e\x{301}e\x{301}e\x{301}e\x{301}e\x{301}e\x{301}e\x{301}e\x{301}e\x{301}e\x{301}e\x{301} e\x{301}e\x{301}e\x{301}e\x{301}e\x{301}e\x{301}e\x{301}e\x{301}e\x{301}e\x{301}e\x{301}e\x{301}e\x{301}e\x{301}e\x{301}e\x{301}e\x{301}e\x{301}e\x{301}e\x{301}e\x{301}e\x{301}e\x{301}e\x{301}e\x{301}e\x{301}e\x{301}e\x{301}e\x{301}e\x{301} e\x{301}e\x{301}e\x{301}e\x{301}e\x{301}e\x{301}e\x{301}e\x{301}e\x{301}e\x{301}e\x{301}e\x{301}e\x{301}e\x{301}e\x{301}e\x{301}e\x{301}e\x{301}e\x{301}e\x{301}e\x{301}e\x{301}"
          text run at (1040,915) width 0: " "
          text run at (0,930) width 1040: "e\x{301}e\x{301}e\x{301}e\x{301}e\x{301}e\x{301}e\x{301}e\x{301}e\x{301}e\x{301}e\x{301}e\x{301}e\x{301}e\x{301}e\x{301}e\x{301}e\x{301}e\x{301}e\x{301}e\x{301}e\x{301}e\x{301}e\x{301}e\x{301}e\x{301}e\x{301}e\x{301}e\x{301}e\x{301}e\x{301}e\x{301}e\x{301} e\x{301} e\x{301}e\x{301}e\x{301}e\x{301}e\x{301}e\x{301}e\x{301}e\x{301}e\x{301}e\x{301}e\x{301}e\x{301}e\x{301}e\x{301}e\x{301}e\x{301}e\x{301}e\x{301}e\x{301}e\x{301}e\x{301}e\x{301}e\x{301}e\x{301}e\x{301}e\x{301}e\x{301}e\x{301}e\x{301}e\x{301}e\x{301}e\x{301}e\x{301}e\x{301}e\x{301}e\x{301}e\x{301}e\x{301}e\x{301}e\x{301}e\x{301}e\x{301}e\x{301} e\x{301}e\x{301}e\x{301}e\x{301}e\x{301}e\x{301}e\x{301}e\x{301}e\x{301}e\x{301}e\x{301}e\x{301}e\x{301}e\x{301}e\x{301}e\x{301}e\x{301}e\x{301}e\x{301}e\x{301}e\x{301}e\x{301}e\x{301}e\x{301}e\x{301}e\x{301}e\x{301}e\x{301}e\x{301}e\x{301} e\x{301}e\x{301}e\x{301}e\x{301}e\x{301}e\x{301}e\x{301}e\x{301}e\x{301}e\x{301}e\x{301}e\x{301}e\x{301}e\x{301}e\x{301}e\x{301}e\x{301}e\x{301}e\x{301}e\x{301}e\x{301}e\x{301}"
          text run at (1040,930) width 0: " "
          text run at (0,945) width 1040: "e\x{301}e\x{301}e\x{301}e\x{301}e\x{301}e\x{301}e\x{301}e\x{301}e\x{301}e\x{301}e\x{301}e\x{301}e\x{301}e\x{301}e\x{301}e\x{301}e\x{301}e\x{301}e\x{301}e\x{301}e\x{301}e\x{301}e\x{301}e\x{301}e\x{301}e\x{301}e\x{301}e\x{301}e\x{301}e\x{301}e\x{301}e\x{301} e\x{301} e\x{301}e\x{301}e\x{301}e\x{301}e\x{301}e\x{301}e\x{301}e\x{301}e\x{301}e\x{301}e\x{301}e\x{301}e\x{301}e\x{301}e\x{301}e\x{301}e\x{301}e\x{301}e\x{301}e\x{301}e\x{301}e\x{301}e\x{301}e\x{301}e\x{301}e\x{301}e\x{301}e\x{301}e\x{301}e\x{301}e\x{301}e\x{301}e\x{301}e\x{301}e\x{301}e\x{301}e\x{301}e\x{301}e\x{301}e\x{301}e\x{301}e\x{301}e\x{301} e\x{301}e\x{301}e\x{301}e\x{301}e\x{301}e\x{301}e\x{301}e\x{301}e\x{301}e\x{301}e\x{301}e\x{301}e\x{301}e\x{301}e\x{301}e\x{301}e\x{301}e\x{301}e\x{301}e\x{301}e\x{301}e\x{301}e\x{301}e\x{301}e\x{301}e\x{301}e\x{301}e\x{301}e\x{301}e\x{301} e\x{301}e\x{301}e\x{301}e\x{301}e\x{301}e\x{301}e\x{301}e\x{301}e\x{301}e\x{301}e\x{301}e\x{301}e\x{301}e\x{301}e\x{301}e\x{301}e\x{301}e\x{301}e\x{301}e\x{301}e\x{301}e\x{301}"
          text run at (1040,945) width 0: " "
          text run at (0,960) width 1040: "e\x{301}e\x{301}e\x{301}e\x{301}e\x{301}e\x{301}e\x{301}e\x{301}e\x{301}e\x{301}e\x{301}e\x{301}e\x{301}e\x{301}e\x{301}e\x{301}e\x{301}e\x{301}e\x{301}e\x{301}e\x{301}e\x{301}e\x{301}e\x{301}e\x{301}e\x{301}e\x{301}e\x{301}e\x{301}e\x{301}e\x{301}e\x{301} e\x{301} e\x{301}e\x{301}e\x{301}e\x{301}e\x{301}e\x{301}e\x{301}e\x{301}e\x{301}e\x{301}e\x{301}e\x{301}e\x{301}e\x{301}e\x{301}e\x{301}e\x{301}e\x{301}e\x{301}e\x{301}e\x{301}e\x{301}e\x{301}e\x{301}e\x{301}e\x{301}e\x{301}e\x{301}e\x{301}e\x{301}e\x{301}e\x{301}e\x{301}e\x{301}e\x{301}e\x{301}e\x{301}e\x{301}e\x{301}e\x{301}e\x{301}e\x{301}e\x{301} e\x{301}e\x{301}e\x{301}e\x{301}e\x{301}e\x{301}e\x{301}e\x{301}e\x{301}e\x{301}e\x{301}e\x{301}e\x{301}e\x{301}e\x{301}e\x{301}e\x{301}e\x{301}e\x{301}e\x{301}e\x{301}e\x{301}e\x{301}e\x{301}e\x{301}e\x{301}e\x{301}e\x{301}e\x{301}e\x{301} e\x{301}e\x{301}e\x{301}e\x{301}e\x{301}e\x{301}e\x{301}e\x{301}e\x{301}e\x{301}e\x{301}e\x{301}e\x{301}e\x{301}e\x{301}e\x{301}e\x{301}e\x{301}e\x{301}e\x{301}e\x{301}e\x{301}"
          text run at (1040,960) width 0: " "
          text run at (0,975) width 1040: "e\x{301}e\x{301}e\x{301}e\x{301}e\x{301}e\x{301}e\x{301}e\x{301}e\x{301}e\x{301}e\x{301}e\x{301}e\x{301}e\x{301}e\x{301}e\x{301}e\x{301}e\x{301}e\x{301}e\x{301}e\x{301}e\x{301}e\x{301}e\x{301}e\x{301}e\x{301}e\x{301}e\x{301}e\x{301}e\x{301}e\x{301}e\x{301} e\x{301} e\x{301}e\x{301}e\x{301}e\x{301}e\x{301}e\x{301}e\x{301}e\x{301}e\x{301}e\x{301}e\x{301}e\x{301}e\x{301}e\x{301}e\x{301}e\x{301}e\x{301}e\x{301}e\x{301}e\x{301}e\x{301}e\x{301}e\x{301}e\x{301}e\x{301}e\x{301}e\x{301}e\x{301}e\x{301}e\x{301}e\x{301}e\x{301}e\x{301}e\x{301}e\x{301}e\x{301}e\x{301}e\x{301}e\x{301}e\x{301}e\x{301}e\x{301}e\x{301} e\x{301}e\x{301}e\x{301}e\x{301}e\x{301}e\x{301}e\x{301}e\x{301}e\x{301}e\x{301}e\x{301}e\x{301}e\x{301}e\x{301}e\x{301}e\x{301}e\x{301}e\x{301}e\x{301}e\x{301}e\x{301}e\x{301}e\x{301}e\x{301}e\x{301}e\x{301}e\x{301}e\x{301}e\x{301}e\x{301} e\x{301}e\x{301}e\x{301}e\x{301}e\x{301}e\x{301}e\x{301}e\x{301}e\x{301}e\x{301}e\x{301}e\x{301}e\x{301}e\x{301}e\x{301}e\x{301}e\x{301}e\x{301}e\x{301}e\x{301}e\x{301}e\x{301}"
          text run at (1040,975) width 0: " "
          text run at (0,990) width 1040: "e\x{301}e\x{301}e\x{301}e\x{301}e\x{301}e\x{301}e\x{301}e\x{301}e\x{301}e\x{301}e\x{301}e\x{301}e\x{301}e\x{301}e\x{301}e\x{301}e\x{301}e\x{301}e\x{301}e\x{301}e\x{301}e\x{301}e\x{301}e\x{301}e\x{301}e\x{301}e\x{301}e\x{301}e\x{301}e\x{301}e\x{301}e\x{301} e\x{301} e\x{301}e\x{301}e\x{301}e\x{301}e\x{301}e\x{301}e\x{301}e\x{301}e\x{301}e\x{301}e\x{301}e\x{301}e\x{301}e\x{301}e\x{301}e\x{301}e\x{301}e\x{301}e\x{301}e\x{301}e\x{301}e\x{301}e\x{301}e\x{301}e\x{301}e\x{301}e\x{301}e\x{301}e\x{301}e\x{301}e\x{301}e\x{301}e\x{301}e\x{301}e\x{301}e\x{301}e\x{301}e\x{301}e\x{301}e\x{301}e\x{301}e\x{301}e\x{301} e\x{301}e\x{301}e\x{301}e\x{301}e\x{301}e\x{301}e\x{301}e\x{301}e\x{301}e\x{301}e\x{301}e\x{301}e\x{301}e\x{301}e\x{301}e\x{301}e\x{301}e\x{301}e\x{301}e\x{301}e\x{301}e\x{301}e\x{301}e\x{301}e\x{301}e\x{301}e\x{301}e\x{301}e\x{301}e\x{301} e\x{301}e\x{301}e\x{301}e\x{301}e\x{301}e\x{301}e\x{301}e\x{301}e\x{301}e\x{301}e\x{301}e\x{301}e\x{301}e\x{301}e\x{301}e\x{301}e\x{301}e\x{301}e\x{301}e\x{301}e\x{301}e\x{301}"
          text run at (1040,990) width 0: " "
          text run at (0,1005) width 1040: "e\x{301}e\x{301}e\x{301}e\x{301}e\x{301}e\x{301}e\x{301}e\x{301}e\x{301}e\x{301}e\x{301}e\x{301}e\x{301}e\x{301}e\x{301}e\x{301}e\x{301}e\x{301}e\x{301}e\x{301}e\x{301}e\x{301}e\x{301}e\x{301}e\x{301}e\x{301}e\x{301}e\x{301}e\x{301}e\x{301}e\x{301}e\x{301} e\x{301} e\x{301}e\x{301}e\x{301}e\x{301}e\x{301}e\x{301}e\x{301}e\x{301}e\x{301}e\x{301}e\x{301}e\x{301}e\x{301}e\x{301}e\x{301}e\x{301}e\x{301}e\x{301}e\x{301}e\x{301}e\x{301}e\x{301}e\x{301}e\x{301}e\x{301}e\x{301}e\x{301}e\x{301}e\x{301}e\x{301}e\x{301}e\x{301}e\x{301}e\x{301}e\x{301}e\x{301}e\x{301}e\x{301}e\x{301}e\x{301}e\x{301}e\x{301}e\x{301} e\x{301}e\x{301}e\x{301}e\x{301}e\x{301}e\x{301}e\x{301}e\x{301}e\x{301}e\x{301}e\x{301}e\x{301}e\x{301}e\x{301}e\x{301}e\x{301}e\x{301}e\x{301}e\x{301}e\x{301}e\x{301}e\x{301}e\x{301}e\x{301}e\x{301}e\x{301}e\x{301}e\x{301}e\x{301}e\x{301} e\x{301}e\x{301}e\x{301}e\x{301}e\x{301}e\x{301}e\x{301}e\x{301}e\x{301}e\x{301}e\x{301}e\x{301}e\x{301}e\x{301}e\x{301}e\x{301}e\x{301}e\x{301}e\x{301}e\x{301}e\x{301}e\x{301}"
          text run at (1040,1005) width 0: " "
          text run at (0,1020) width 1040: "e\x{301}e\x{301}e\x{301}e\x{301}e\x{301}e\x{301}e\x{301}e\x{301}e\x{301}e\x{301}e\x{301}e\x{301}e\x{301}e\x{301}e\x{301}e\x{301}e\x{301}e\x{301}e\x{301}e\x{301}e\x{301}e\x{301}e\x{301}e\x{301}e\x{301}e\x{301}e\x{301}e\x{301}e\x{301}e\x{301}e\x{301}e\x{301} e\x{301} e\x{301}e\x{301}e\x{301}e\x{301}e\x{301}e\x{301}e\x{301}e\x{301}e\x{301}e\x{301}e\x{301}e\x{301}e\x{301}e\x{301}e\x{301}e\x{301}e\x{301}e\x{301}e\x{301}e\x{301}e\x{301}e\x{301}e\x{301}e\x{301}e\x{301}e\x{301}e\x{301}e\x{301}e\x{301}e\x{301}e\x{301}e\x{301}e\x{301}e\x{301}e\x{301}e\x{301}e\x{301}e\x{301}e\x{301}e\x{301}e\x{301}e\x{301}e\x{301} e\x{301}e\x{301}e\x{301}e\x{301}e\x{301}e\x{301}e\x{301}e\x{301}e\x{301}e\x{301}e\x{301}e\x{301}e\x{301}e\x{301}e\x{301}e\x{301}e\x{301}e\x{301}e\x{301}e\x{301}e\x{301}e\x{301}e\x{301}e\x{301}e\x{301}e\x{301}e\x{301}e\x{301}e\x{301}e\x{301} e\x{301}e\x{301}e\x{301}e\x{301}e\x{301}e\x{301}e\x{301}e\x{301}e\x{301}e\x{301}e\x{301}e\x{301}e\x{301}e\x{301}e\x{301}e\x{301}e\x{301}e\x{301}e\x{301}e\x{301}e\x{301}e\x{301}"
          text run at (1040,1020) width 0: " "
          text run at (0,1035) width 1040: "e\x{301}e\x{301}e\x{301}e\x{301}e\x{301}e\x{301}e\x{301}e\x{301}e\x{301}e\x{301}e\x{301}e\x{301}e\x{301}e\x{301}e\x{301}e\x{301}e\x{301}e\x{301}e\x{301}e\x{301}e\x{301}e\x{301}e\x{301}e\x{301}e\x{301}e\x{301}e\x{301}e\x{301}e\x{301}e\x{301}e\x{301}e\x{301} e\x{301} e\x{301}e\x{301}e\x{301}e\x{301}e\x{301}e\x{301}e\x{301}e\x{301}e\x{301}e\x{301}e\x{301}e\x{301}e\x{301}e\x{301}e\x{301}e\x{301}e\x{301}e\x{301}e\x{301}e\x{301}e\x{301}e\x{301}e\x{301}e\x{301}e\x{301}e\x{301}e\x{301}e\x{301}e\x{301}e\x{301}e\x{301}e\x{301}e\x{301}e\x{301}e\x{301}e\x{301}e\x{301}e\x{301}e\x{301}e\x{301}e\x{301}e\x{301}e\x{301} e\x{301}e\x{301}e\x{301}e\x{301}e\x{301}e\x{301}e\x{301}e\x{301}e\x{301}e\x{301}e\x{301}e\x{301}e\x{301}e\x{301}e\x{301}e\x{301}e\x{301}e\x{301}e\x{301}e\x{301}e\x{301}e\x{301}e\x{301}e\x{301}e\x{301}e\x{301}e\x{301}e\x{301}e\x{301}e\x{301} e\x{301}e\x{301}e\x{301}e\x{301}e\x{301}e\x{301}e\x{301}e\x{301}e\x{301}e\x{301}e\x{301}e\x{301}e\x{301}e\x{301}e\x{301}e\x{301}e\x{301}e\x{301}e\x{301}e\x{301}e\x{301}e\x{301}"
          text run at (1040,1035) width 0: " "
          text run at (0,1050) width 1040: "e\x{301}e\x{301}e\x{301}e\x{301}e\x{301}e\x{301}e\x{301}e\x{301}e\x{301}e\x{301}e\x{301}e\x{301}e\x{301}e\x{301}e\x{301}e\x{301}e\x{301}e\x{301}e\x{301}e\x{301}e\x{301}e\x{301}e\x{301}e\x{301}e\x{301}e\x{301}e\x{301}e\x{301}e\x{301}e\x{301}e\x{301}e\x{301} e\x{301} e\x{301}e\x{301}e\x{301}e\x{301}e\x{301}e\x{301}e\x{301}e\x{301}e\x{301}e\x{301}e\x{301}e\x{301}e\x{301}e\x{301}e\x{301}e\x{301}e\x{301}e\x{301}e\x{301}e\x{301}e\x{301}e\x{301}e\x{301}e\x{301}e\x{301}e\x{301}e\x{301}e\x{301}e\x{301}e\x{301}e\x{301}e\x{301}e\x{301}e\x{301}e\x{301}e\x{301}e\x{301}e\x{301}e\x{301}e\x{301}e\x{301}e\x{301}e\x{301} e\x{301}e\x{301}e\x{301}e\x{301}e\x{301}e\x{301}e\x{301}e\x{301}e\x{301}e\x{301}e\x{301}e\x{301}e\x{301}e\x{301}e\x{301}e\x{301}e\x{301}e\x{301}e\x{301}e\x{301}e\x{301}e\x{301}e\x{301}e\x{301}e\x{301}e\x{301}e\x{301}e\x{301}e\x{301}e\x{301} e\x{301}e\x{301}e\x{301}e\x{301}e\x{301}e\x{301}e\x{301}e\x{301}e\x{301}e\x{301}e\x{301}e\x{301}e\x{301}e\x{301}e\x{301}e\x{301}e\x{301}e\x{301}e\x{301}e\x{301}e\x{301}e\x{301}"
          text run at (1040,1050) width 0: " "
          text run at (0,1065) width 1040: "e\x{301}e\x{301}e\x{301}e\x{301}e\x{301}e\x{301}e\x{301}e\x{301}e\x{301}e\x{301}e\x{301}e\x{301}e\x{301}e\x{301}e\x{301}e\x{301}e\x{301}e\x{301}e\x{301}e\x{301}e\x{301}e\x{301}e\x{301}e\x{301}e\x{301}e\x{301}e\x{301}e\x{301}e\x{301}e\x{301}e\x{301}e\x{301} e\x{301} e\x{301}e\x{301}e\x{301}e\x{301}e\x{301}e\x{301}e\x{301}e\x{301}e\x{301}e\x{301}e\x{301}e\x{301}e\x{301}e\x{301}e\x{301}e\x{301}e\x{301}e\x{301}e\x{301}e\x{301}e\x{301}e\x{301}e\x{301}e\x{301}e\x{301}e\x{301}e\x{301}e\x{301}e\x{301}e\x{301}e\x{301}e\x{301}e\x{301}e\x{301}e\x{301}e\x{301}e\x{301}e\x{301}e\x{301}e\x{301}e\x{301}e\x{301}e\x{301} e\x{301}e\x{301}e\x{301}e\x{301}e\x{301}e\x{301}e\x{301}e\x{301}e\x{301}e\x{301}e\x{301}e\x{301}e\x{301}e\x{301}e\x{301}e\x{301}e\x{301}e\x{301}e\x{301}e\x{301}e\x{301}e\x{301}e\x{301}e\x{301}e\x{301}e\x{301}e\x{301}e\x{301}e\x{301}e\x{301} e\x{301}e\x{301}e\x{301}e\x{301}e\x{301}e\x{301}e\x{301}e\x{301}e\x{301}e\x{301}e\x{301}e\x{301}e\x{301}e\x{301}e\x{301}e\x{301}e\x{301}e\x{301}e\x{301}e\x{301}e\x{301}e\x{301}"
          text run at (1040,1065) width 0: " "
          text run at (0,1080) width 1040: "e\x{301}e\x{301}e\x{301}e\x{301}e\x{301}e\x{301}e\x{301}e\x{301}e\x{301}e\x{301}e\x{301}e\x{301}e\x{301}e\x{301}e\x{301}e\x{301}e\x{301}e\x{301}e\x{301}e\x{301}e\x{301}e\x{301}e\x{301}e\x{301}e\x{301}e\x{301}e\x{301}e\x{301}e\x{301}e\x{301}e\x{301}e\x{301} e\x{301} e\x{301}e\x{301}e\x{301}e\x{301}e\x{301}e\x{301}e\x{301}e\x{301}e\x{301}e\x{301}e\x{301}e\x{301}e\x{301}e\x{301}e\x{301}e\x{301}e\x{301}e\x{301}e\x{301}e\x{301}e\x{301}e\x{301}e\x{301}e\x{301}e\x{301}e\x{301}e\x{301}e\x{301}e\x{301}e\x{301}e\x{301}e\x{301}e\x{301}e\x{301}e\x{301}e\x{301}e\x{301}e\x{301}e\x{301}e\x{301}e\x{301}e\x{301}e\x{301} e\x{301}e\x{301}e\x{301}e\x{301}e\x{301}e\x{301}e\x{301}e\x{301}e\x{301}e\x{301}e\x{301}e\x{301}e\x{301}e\x{301}e\x{301}e\x{301}e\x{301}e\x{301}e\x{301}e\x{301}e\x{301}e\x{301}e\x{301}e\x{301}e\x{301}e\x{301}e\x{301}e\x{301}e\x{301}e\x{301} e\x{301}e\x{301}e\x{301}e\x{301}e\x{301}e\x{301}e\x{301}e\x{301}e\x{301}e\x{301}e\x{301}e\x{301}e\x{301}e\x{301}e\x{301}e\x{301}e\x{301}e\x{301}e\x{301}e\x{301}e\x{301}e\x{301}"
          text run at (1040,1080) width 0: " "
          text run at (0,1095) width 1040: "e\x{301}e\x{301}e\x{301}e\x{301}e\x{301}e\x{301}e\x{301}e\x{301}e\x{301}e\x{301}e\x{301}e\x{301}e\x{301}e\x{301}e\x{301}e\x{301}e\x{301}e\x{301}e\x{301}e\x{301}e\x{301}e\x{301}e\x{301}e\x{301}e\x{301}e\x{301}e\x{301}e\x{301}e\x{301}e\x{301}e\x{301}e\x{301} e\x{301} e\x{301}e\x{301}e\x{301}e\x{301}e\x{301}e\x{301}e\x{301}e\x{301}e\x{301}e\x{301}e\x{301}e\x{301}e\x{301}e\x{301}e\x{301}e\x{301}e\x{301}e\x{301}e\x{301}e\x{301}e\x{301}e\x{301}e\x{301}e\x{301}e\x{301}e\x{301}e\x{301}e\x{301}e\x{301}e\x{301}e\x{301}e\x{301}e\x{301}e\x{301}e\x{301}e\x{301}e\x{301}e\x{301}e\x{301}e\x{301}e\x{301}e\x{301}e\x{301} e\x{301}e\x{301}e\x{301}e\x{301}e\x{301}e\x{301}e\x{301}e\x{301}e\x{301}e\x{301}e\x{301}e\x{301}e\x{301}e\x{301}e\x{301}e\x{301}e\x{301}e\x{301}e\x{301}e\x{301}e\x{301}e\x{301}e\x{301}e\x{301}e\x{301}e\x{301}e\x{301}e\x{301}e\x{301}e\x{301} e\x{301}e\x{301}e\x{301}e\x{301}e\x{301}e\x{301}e\x{301}e\x{301}e\x{301}e\x{301}e\x{301}e\x{301}e\x{301}e\x{301}e\x{301}e\x{301}e\x{301}e\x{301}e\x{301}e\x{301}e\x{301}e\x{301}"
          text run at (1040,1095) width 0: " "
          text run at (0,1110) width 1040: "e\x{301}e\x{301}e\x{301}e\x{301}e\x{301}e\x{301}e\x{301}e\x{301}e\x{301}e\x{301}e\x{301}e\x{301}e\x{301}e\x{301}e\x{301}e\x{301}e\x{301}e\x{301}e\x{301}e\x{301}e\x{301}e\x{301}e\x{301}e\x{301}e\x{301}e\x{301}e\x{301}e\x{301}e\x{301}e\x{301}e\x{301}e\x{301} e\x{301} e\x{301}e\x{301}e\x{301}e\x{301}e\x{301}e\x{301}e\x{301}e\x{301}e\x{301}e\x{301}e\x{301}e\x{301}e\x{301}e\x{301}e\x{301}e\x{301}e\x{301}e\x{301}e\x{301}e\x{301}e\x{301}e\x{301}e\x{301}e\x{301}e\x{301}e\x{301}e\x{301}e\x{301}e\x{301}e\x{301}e\x{301}e\x{301}e\x{301}e\x{301}e\x{301}e\x{301}e\x{301}e\x{301}e\x{301}e\x{301}e\x{301}e\x{301}e\x{301} e\x{301}e\x{301}e\x{301}e\x{301}e\x{301}e\x{301}e\x{301}e\x{301}e\x{301}e\x{301}e\x{301}e\x{301}e\x{301}e\x{301}e\x{301}e\x{301}e\x{301}e\x{301}e\x{301}e\x{301}e\x{301}e\x{301}e\x{301}e\x{301}e\x{301}e\x{301}e\x{301}e\x{301}e\x{301}e\x{301} e\x{301}e\x{301}e\x{301}e\x{301}e\x{301}e\x{301}e\x{301}e\x{301}e\x{301}e\x{301}e\x{301}e\x{301}e\x{301}e\x{301}e\x{301}e\x{301}e\x{301}e\x{301}e\x{301}e\x{301}e\x{301}e\x{301}"
          text run at (1040,1110) width 0: " "
          text run at (0,1125) width 1040: "e\x{301}e\x{301}e\x{301}e\x{301}e\x{301}e\x{301}e\x{301}e\x{301}e\x{301}e\x{301}e\x{301}e\x{301}e\x{301}e\x{301}e\x{301}e\x{301}e\x{301}e\x{301}e\x{301}e\x{301}e\x{301}e\x{301}e\x{301}e\x{301}e\x{301}e\x{301}e\x{301}e\x{301}e\x{301}e\x{301}e\x{301}e\x{301} e\x{301} e\x{301}e\x{301}e\x{301}e\x{301}e\x{301}e\x{301}e\x{301}e\x{301}e\x{301}e\x{301}e\x{301}e\x{301}e\x{301}e\x{301}e\x{301}e\x{301}e\x{301}e\x{301}e\x{301}e\x{301}e\x{301}e\x{301}e\x{301}e\x{301}e\x{301}e\x{301}e\x{301}e\x{301}e\x{301}e\x{301}e\x{301}e\x{301}e\x{301}e\x{301}e\x{301}e\x{301}e\x{301}e\x{301}e\x{301}e\x{301}e\x{301}e\x{301}e\x{301} e\x{301}e\x{301}e\x{301}e\x{301}e\x{301}e\x{301}e\x{301}e\x{301}e\x{301}e\x{301}e\x{301}e\x{301}e\x{301}e\x{301}e\x{301}e\x{301}e\x{301}e\x{301}e\x{301}e\x{301}e\x{301}e\x{301}e\x{301}e\x{301}e\x{301}e\x{301}e\x{301}e\x{301}e\x{301}e\x{301} e\x{301}e\x{301}e\x{301}e\x{301}e\x{301}e\x{301}e\x{301}e\x{301}e\x{301}e\x{301}e\x{301}e\x{301}e\x{301}e\x{301}e\x{301}e\x{301}e\x{301}e\x{301}e\x{301}e\x{301}e\x{301}e\x{301}"
          text run at (1040,1125) width 0: " "
          text run at (0,1140) width 1040: "e\x{301}e\x{301}e\x{301}e\x{301}e\x{301}e\x{301}e\x{301}e\x{301}e\x{301}e\x{301}e\x{301}e\x{301}e\x{301}e\x{301}e\x{301}e\x{301}e\x{301}e\x{301}e\x{301}e\x{301}e\x{301}e\x{301}e\x{301}e\x{301}e\x{301}e\x{301}e\x{301}e\x{301}e\x{301}e\x{301}e\x{301}e\x{301} e\x{301} e\x{301}e\x{301}e\x{301}e\x{301}e\x{301}e\x{301}e\x{301}e\x{301}e\x{301}e\x{301}e\x{301}e\x{301}e\x{301}e\x{301}e\x{301}e\x{301}e\x{301}e\x{301}e\x{301}e\x{301}e\x{301}e\x{301}e\x{301}e\x{301}e\x{301}e\x{301}e\x{301}e\x{301}e\x{301}e\x{301}e\x{301}e\x{301}e\x{301}e\x{301}e\x{301}e\x{301}e\x{301}e\x{301}e\x{301}e\x{301}e\x{301}e\x{301}e\x{301} e\x{301}e\x{301}e\x{301}e\x{301}e\x{301}e\x{301}e\x{301}e\x{301}e\x{301}e\x{301}e\x{301}e\x{301}e\x{301}e\x{301}e\x{301}e\x{301}e\x{301}e\x{301}e\x{301}e\x{301}e\x{301}e\x{301}e\x{301}e\x{301}e\x{301}e\x{301}e\x{301}e\x{301}e\x{301}e\x{301} e\x{301}e\x{301}e\x{301}e\x{301}e\x{301}e\x{301}e\x{301}e\x{301}e\x{301}e\x{301}e\x{301}e\x{301}e\x{301}e\x{301}e\x{301}e\x{301}e\x{301}e\x{301}e\x{301}e\x{301}e\x{301}e\x{301}"
          text run at (1040,1140) width 0: " "
          text run at (0,1155) width 1040: "e\x{301}e\x{301}e\x{301}e\x{301}e\x{301}e\x{301}e\x{301}e\x{301}e\x{301}e\x{301}e\x{301}e\x{301}e\x{301}e\x{301}e\x{301}e\x{301}e\x{301}e\x{301}e\x{301}e\x{301}e\x{301}e\x{301}e\x{301}e\x{301}e\x{301}e\x{301}e\x{301}e\x{301}e\x{301}e\x{301}e\x{301}e\x{301} e\x{301} e\x{301}e\x{301}e\x{301}e\x{301}e\x{301}e\x{301}e\x{301}e\x{301}e\x{301}e\x{301}e\x{301}e\x{301}e\x{301}e\x{301}e\x{301}e\x{301}e\x{301}e\x{301}e\x{301}e\x{301}e\x{301}e\x{301}e\x{301}e\x{301}e\x{301}e\x{301}e\x{301}e\x{301}e\x{301}e\x{301}e\x{301}e\x{301}e\x{301}e\x{301}e\x{301}e\x{301}e\x{301}e\x{301}e\x{301}e\x{301}e\x{301}e\x{301}e\x{301} e\x{301}e\x{301}e\x{301}e\x{301}e\x{301}e\x{301}e\x{301}e\x{301}e\x{301}e\x{301}e\x{301}e\x{301}e\x{301}e\x{301}e\x{301}e\x{301}e\x{301}e\x{301}e\x{301}e\x{301}e\x{301}e\x{301}e\x{301}e\x{301}e\x{301}e\x{301}e\x{301}e\x{301}e\x{301}e\x{301} e\x{301}e\x{301}e\x{301}e\x{301}e\x{301}e\x{301}e\x{301}e\x{301}e\x{301}e\x{301}e\x{301}e\x{301}e\x{301}e\x{301}e\x{301}e\x{301}e\x{301}e\x{301}e\x{301}e\x{301}e\x{301}e\x{301}"
          text run at (1040,1155) width 0: " "
          text run at (0,1170) width 1040: "e\x{301}e\x{301}e\x{301}e\x{301}e\x{301}e\x{301}e\x{301}e\x{301}e\x{301}e\x{301}e\x{301}e\x{301}e\x{301}e\x{301}e\x{301}e\x{301}e\x{301}e\x{301}e\x{301}e\x{301}e\x{301}e\x{301}e\x{301}e\x{301}e\x{301}e\x{301}e\x{301}e\x{301}e\x{301}e\x{301}e\x{301}e\x{301} e\x{301} e\x{301}e\x{301}e\x{301}e\x{301}e\x{301}e\x{301}e\x{301}e\x{301}e\x{301}e\x{301}e\x{301}e\x{301}e\x{301}e\x{301}e\x{301}e\x{301}e\x{301}e\x{301}e\x{301}e\x{301}e\x{301}e\x{301}e\x{301}e\x{301}e\x{301}e\x{301}e\x{301}e\x{301}e\x{301}e\x{301}e\x{301}e\x{301}e\x{301}e\x{301}e\x{301}e\x{301}e\x{301}e\x{301}e\x{301}e\x{301}e\x{301}e\x{301}e\x{301} e\x{301}e\x{301}e\x{301}e\x{301}e\x{301}e\x{301}e\x{301}e\x{301}e\x{301}e\x{301}e\x{301}e\x{301}e\x{301}e\x{301}e\x{301}e\x{301}e\x{301}e\x{301}e\x{301}e\x{301}e\x{301}e\x{301}e\x{301}e\x{301}e\x{301}e\x{301}e\x{301}e\x{301}e\x{301}e\x{301} e\x{301}e\x{301}e\x{301}e\x{301}e\x{301}e\x{301}e\x{301}e\x{301}e\x{301}e\x{301}e\x{301}e\x{301}e\x{301}e\x{301}e\x{301}e\x{301}e\x{301}e\x{301}e\x{301}e\x{301}e\x{301}e\x{301}"
          text run at (1040,1170) width 0: " "
          text run at (0,1185) width 1040: "e\x{301}e\x{301}e\x{301}e\x{301}e\x{301}e\x{301}e\x{301}e\x{301}e\x{301}e\x{301}e\x{301}e\x{301}e\x{301}e\x{301}e\x{301}e\x{301}e\x{301}e\x{301}e\x{301}e\x{301}e\x{301}e\x{301}e\x{301}e\x{301}e\x{301}e\x{301}e\x{301}e\x{301}e\x{301}e\x{301}e\x{301}e\x{301} e\x{301} e\x{301}e\x{301}e\x{301}e\x{301}e\x{301}e\x{301}e\x{301}e\x{301}e\x{301}e\x{301}e\x{301}e\x{301}e\x{301}e\x{301}e\x{301}e\x{301}e\x{301}e\x{301}e\x{301}e\x{301}e\x{301}e\x{301}e\x{301}e\x{301}e\x{301}e\x{301}e\x{301}e\x{301}e\x{301}e\x{301}e\x{301}e\x{301}e\x{301}e\x{301}e\x{301}e\x{301}e\x{301}e\x{301}e\x{301}e\x{301}e\x{301}e\x{301}e\x{301} e\x{301}e\x{301}e\x{301}e\x{301}e\x{301}e\x{301}e\x{301}e\x{301}e\x{301}e\x{301}e\x{301}e\x{301}e\x{301}e\x{301}e\x{301}e\x{301}e\x{301}e\x{301}e\x{301}e\x{301}e\x{301}e\x{301}e\x{301}e\x{301}e\x{301}e\x{301}e\x{301}e\x{301}e\x{301}e\x{301} e\x{301}e\x{301}e\x{301}e\x{301}e\x{301}e\x{301}e\x{301}e\x{301}e\x{301}e\x{301}e\x{301}e\x{301}e\x{301}e\x{301}e\x{301}e\x{301}e\x{301}e\x{301}e\x{301}e\x{301}e\x{301}e\x{301}"
          text run at (1040,1185) width 0: " "
          text run at (0,1200) width 1040: "e\x{301}e\x{301}e\x{301}e\x{301}e\x{301}e\x{301}e\x{301}e\x{301}e\x{301}e\x{301}e\x{301}e\x{301}e\x{301}e\x{301}e\x{301}e\x{301}e\x{301}e\x{301}e\x{301}e\x{301}e\x{301}e\x{301}e\x{301}e\x{301}e\x{301}e\x{301}e\x{301}e\x{301}e\x{301}e\x{301}e\x{301}e\x{301} e\x{301} e\x{301}e\x{301}e\x{301}e\x{301}e\x{301}e\x{301}e\x{301}e\x{301}e\x{301}e\x{301}e\x{301}e\x{301}e\x{301}e\x{301}e\x{301}e\x{301}e\x{301}e\x{301}e\x{301}e\x{301}e\x{301}e\x{301}e\x{301}e\x{301}e\x{301}e\x{301}e\x{301}e\x{301}e\x{301}e\x{301}e\x{301}e\x{301}e\x{301}e\x{301}e\x{301}e\x{301}e\x{301}e\x{301}e\x{301}e\x{301}e\x{301}e\x{301}e\x{301} e\x{301}e\x{301}e\x{301}e\x{301}e\x{301}e\x{301}e\x{301}e\x{301}e\x{301}e\x{301}e\x{301}e\x{301}e\x{301}e\x{301}e\x{301}e\x{301}e\x{301}e\x{301}e\x{301}e\x{301}e\x{301}e\x{301}e\x{301}e\x{301}e\x{301}e\x{301}e\x{301}e\x{301}e\x{301}e\x{301} e\x{301}e\x{301}e\x{301}e\x{301}e\x{301}e\x{301}e\x{301}e\x{301}e\x{301}e\x{301}e\x{301}e\x{301}e\x{301}e\x{301}e\x{301}e\x{301}e\x{301}e\x{301}e\x{301}e\x{301}e\x{301}e\x{301}"
          text run at (1040,1200) width 0: " "
          text run at (0,1215) width 1040: "e\x{301}e\x{301}e\x{301}e\x{301}e\x{301}e\x{301}e\x{301}e\x{301}e\x{301}e\x{301}e\x{301}e\x{301}e\x{301}e\x{301}e\x{301}e\x{301}e\x{301}e\x{301}e\x{301}e\x{301}e\x{301}e\x{301}e\x{301}e\x{301}e\x{301}e\x{301}e\x{301}e\x{301}e\x{301}e\x{301}e\x{301}e\x{301} e\x{301} e\x{301}e\x{301}e\x{301}e\x{301}e\x{301}e\x{301}e\x{301}e\x{301}e\x{301}e\x{301}e\x{301}e\x{301}e\x{301}e\x{301}e\x{301}e\x{301}e\x{301}e\x{301}e\x{301}e\x{301}e\x{301}e\x{301}e\x{301}e\x{301}e\x{301}e\x{301}e\x{301}e\x{301}e\x{301}e\x{301}e\x{301}e\x{301}e\x{301}e\x{301}e\x{301}e\x{301}e\x{301}e\x{301}e\x{301}e\x{301}e\x{301}e\x{301}e\x{301} e\x{301}e\x{301}e\x{301}e\x{301}e\x{301}e\x{301}e\x{301}e\x{301}e\x{301}e\x{301}e\x{301}e\x{301}e\x{301}e\x{301}e\x{301}e\x{301}e\x{301}e\x{301}e\x{301}e\x{301}e\x{301}e\x{301}e\x{301}e\x{301}e\x{301}e\x{301}e\x{301}e\x{301}e\x{301}e\x{301} e\x{301}e\x{301}e\x{301}e\x{301}e\x{301}e\x{301}e\x{301}e\x{301}e\x{301}e\x{301}e\x{301}e\x{301}e\x{301}e\x{301}e\x{301}e\x{301}e\x{301}e\x{301}e\x{301}e\x{301}e\x{301}e\x{301}"
          text run at (1040,1215) width 0: " "
          text run at (0,1230) width 1040: "e\x{301}e\x{301}e\x{301}e\x{301}e\x{301}e\x{301}e\x{301}e\x{301}e\x{301}e\x{301}e\x{301}e\x{301}e\x{301}e\x{301}e\x{301}e\x{301}e\x{301}e\x{301}e\x{301}e\x{301}e\x{301}e\x{301}e\x{301}e\x{301}e\x{301}e\x{301}e\x{301}e\x{301}e\x{301}e\x{301}e\x{301}e\x{301} e\x{301} e\x{301}e\x{301}e\x{301}e\x{301}e\x{301}e\x{301}e\x{301}e\x{301}e\x{301}e\x{301}e\x{301}e\x{301}e\x{301}e\x{301}e\x{301}e\x{301}e\x{301}e\x{301}e\x{301}e\x{301}e\x{301}e\x{301}e\x{301}e\x{301}e\x{301}e\x{301}e\x{301}e\x{301}e\x{301}e\x{301}e\x{301}e\x{301}e\x{301}e\x{301}e\x{301}e\x{301}e\x{301}e\x{301}e\x{301}e\x{301}e\x{301}e\x{301}e\x{301} e\x{301}e\x{301}e\x{301}e\x{301}e\x{301}e\x{301}e\x{301}e\x{301}e\x{301}e\x{301}e\x{301}e\x{301}e\x{301}e\x{301}e\x{301}e\x{301}e\x{301}e\x{301}e\x{301}e\x{301}e\x{301}e\x{301}e\x{301}e\x{301}e\x{301}e\x{301}e\x{301}e\x{301}e\x{301}e\x{301} e\x{301}e\x{301}e\x{301}e\x{301}e\x{301}e\x{301}e\x{301}e\x{301}e\x{301}e\x{301}e\x{301}e\x{301}e\x{301}e\x{301}e\x{301}e\x{301}e\x{301}e\x{301}e\x{301}e\x{301}e\x{301}e\x{301}"
          text run at (1040,1230) width 0: " "
          text run at (0,1245) width 1040: "e\x{301}e\x{301}e\x{301}e\x{301}e\x{301}e\x{301}e\x{301}e\x{301}e\x{301}e\x{301}e\x{301}e\x{301}e\x{301}e\x{301}e\x{301}e\x{301}e\x{301}e\x{301}e\x{301}e\x{301}e\x{301}e\x{301}e\x{301}e\x{301}e\x{301}e\x{301}e\x{301}e\x{301}e\x{301}e\x{301}e\x{301}e\x{301} e\x{301} e\x{301}e\x{301}e\x{301}e\x{301}e\x{301}e\x{301}e\x{301}e\x{301}e\x{301}e\x{301}e\x{301}e\x{301}e\x{301}e\x{301}e\x{301}e\x{301}e\x{301}e\x{301}e\x{301}e\x{301}e\x{301}e\x{301}e\x{301}e\x{301}e\x{301}e\x{301}e\x{301}e\x{301}e\x{301}e\x{301}e\x{301}e\x{301}e\x{301}e\x{301}e\x{301}e\x{301}e\x{301}e\x{301}e\x{301}e\x{301}e\x{301}e\x{301}e\x{301} e\x{301}e\x{301}e\x{301}e\x{301}e\x{301}e\x{301}e\x{301}e\x{301}e\x{301}e\x{301}e\x{301}e\x{301}e\x{301}e\x{301}e\x{301}e\x{301}e\x{301}e\x{301}e\x{301}e\x{301}e\x{301}e\x{301}e\x{301}e\x{301}e\x{301}e\x{301}e\x{301}e\x{301}e\x{301}e\x{301} e\x{301}e\x{301}e\x{301}e\x{301}e\x{301}e\x{301}e\x{301}e\x{301}e\x{301}e\x{301}e\x{301}e\x{301}e\x{301}e\x{301}e\x{301}e\x{301}e\x{301}e\x{301}e\x{301}e\x{301}e\x{301}e\x{301}"
          text run at (1040,1245) width 0: " "
          text run at (0,1260) width 1040: "e\x{301}e\x{301}e\x{301}e\x{301}e\x{301}e\x{301}e\x{301}e\x{301}e\x{301}e\x{301}e\x{301}e\x{301}e\x{301}e\x{301}e\x{301}e\x{301}e\x{301}e\x{301}e\x{301}e\x{301}e\x{301}e\x{301}e\x{301}e\x{301}e\x{301}e\x{301}e\x{301}e\x{301}e\x{301}e\x{301}e\x{301}e\x{301} e\x{301} e\x{301}e\x{301}e\x{301}e\x{301}e\x{301}e\x{301}e\x{301}e\x{301}e\x{301}e\x{301}e\x{301}e\x{301}e\x{301}e\x{301}e\x{301}e\x{301}e\x{301}e\x{301}e\x{301}e\x{301}e\x{301}e\x{301}e\x{301}e\x{301}e\x{301}e\x{301}e\x{301}e\x{301}e\x{301}e\x{301}e\x{301}e\x{301}e\x{301}e\x{301}e\x{301}e\x{301}e\x{301}e\x{301}e\x{301}e\x{301}e\x{301}e\x{301}e\x{301} e\x{301}e\x{301}e\x{301}e\x{301}e\x{301}e\x{301}e\x{301}e\x{301}e\x{301}e\x{301}e\x{301}e\x{301}e\x{301}e\x{301}e\x{301}e\x{301}e\x{301}e\x{301}e\x{301}e\x{301}e\x{301}e\x{301}e\x{301}e\x{301}e\x{301}e\x{301}e\x{301}e\x{301}e\x{301}e\x{301} e\x{301}e\x{301}e\x{301}e\x{301}e\x{301}e\x{301}e\x{301}e\x{301}e\x{301}e\x{301}e\x{301}e\x{301}e\x{301}e\x{301}e\x{301}e\x{301}e\x{301}e\x{301}e\x{301}e\x{301}e\x{301}e\x{301}"
          text run at (1040,1260) width 0: " "
          text run at (0,1275) width 1040: "e\x{301}e\x{301}e\x{301}e\x{301}e\x{301}e\x{301}e\x{301}e\x{301}e\x{301}e\x{301}e\x{301}e\x{301}e\x{301}e\x{301}e\x{301}e\x{301}e\x{301}e\x{301}e\x{301}e\x{301}e\x{301}e\x{301}e\x{301}e\x{301}e\x{301}e\x{301}e\x{301}e\x{301}e\x{301}e\x{301}e\x{301}e\x{301} e\x{301} e\x{301}e\x{301}e\x{301}e\x{301}e\x{301}e\x{301}e\x{301}e\x{301}e\x{301}e\x{301}e\x{301}e\x{301}e\x{301}e\x{301}e\x{301}e\x{301}e\x{301}e\x{301}e\x{301}e\x{301}e\x{301}e\x{301}e\x{301}e\x{301}e\x{301}e\x{301}e\x{301}e\x{301}e\x{301}e\x{301}e\x{301}e\x{301}e\x{301}e\x{301}e\x{301}e\x{301}e\x{301}e\x{301}e\x{301}e\x{301}e\x{301}e\x{301}e\x{301} e\x{301}e\x{301}e\x{301}e\x{301}e\x{301}e\x{301}e\x{301}e\x{301}e\x{301}e\x{301}e\x{301}e\x{301}e\x{301}e\x{301}e\x{301}e\x{301}e\x{301}e\x{301}e\x{301}e\x{301}e\x{301}e\x{301}e\x{301}e\x{301}e\x{301}e\x{301}e\x{301}e\x{301}e\x{301}e\x{301} e\x{301}e\x{301}e\x{301}e\x{301}e\x{301}e\x{301}e\x{301}e\x{301}e\x{301}e\x{301}e\x{301}e\x{301}e\x{301}e\x{301}e\x{301}e\x{301}e\x{301}e\x{301}e\x{301}e\x{301}e\x{301}e\x{301}"
          text run at (1040,1275) width 0: " "
          text run at (0,1290) width 1040: "e\x{301}e\x{301}e\x{301}e\x{301}e\x{301}e\x{301}e\x{301}e\x{301}e\x{301}e\x{301}e\x{301}e\x{301}e\x{301}e\x{301}e\x{301}e\x{301}e\x{301}e\x{301}e\x{301}e\x{301}e\x{301}e\x{301}e\x{301}e\x{301}e\x{301}e\x{301}e\x{301}e\x{301}e\x{301}e\x{301}e\x{301}e\x{301} e\x{301} e\x{301}e\x{301}e\x{301}e\x{301}e\x{301}e\x{301}e\x{301}e\x{301}e\x{301}e\x{301}e\x{301}e\x{301}e\x{301}e\x{301}e\x{301}e\x{301}e\x{301}e\x{301}e\x{301}e\x{301}e\x{301}e\x{301}e\x{301}e\x{301}e\x{301}e\x{301}e\x{301}e\x{301}e\x{301}e\x{301}e\x{301}e\x{301}e\x{301}e\x{301}e\x{301}e\x{301}e\x{301}e\x{301}e\x{301}e\x{301}e\x{301}e\x{301}e\x{301} e\x{301}e\x{301}e\x{301}e\x{301}e\x{301}e\x{301}e\x{301}e\x{301}e\x{301}e\x{301}e\x{301}e\x{301}e\x{301}e\x{301}e\x{301}e\x{301}e\x{301}e\x{301}e\x{301}e\x{301}e\x{301}e\x{301}e\x{301}e\x{301}e\x{301}e\x{301}e\x{301}e\x{301}e\x{301}e\x{301} e\x{301}e\x{301}e\x{301}e\x{301}e\x{301}e\x{301}e\x{301}e\x{301}e\x{301}e\x{301}e\x{301}e\x{301}e\x{301}e\x{301}e\x{301}e\x{301}e\x{301}e\x{301}e\x{301}e\x{301}e\x{301}e\x{301}"
          text run at (1040,1290) width 0: " "
          text run at (0,1305) width 1040: "e\x{301}e\x{301}e\x{301}e\x{301}e\x{301}e\x{301}e\x{301}e\x{301}e\x{301}e\x{301}e\x{301}e\x{301}e\x{301}e\x{301}e\x{301}e\x{301}e\x{301}e\x{301}e\x{301}e\x{301}e\x{301}e\x{301}e\x{301}e\x{301}e\x{301}e\x{301}e\x{301}e\x{301}e\x{301}e\x{301}e\x{301}e\x{301} e\x{301} e\x{301}e\x{301}e\x{301}e\x{301}e\x{301}e\x{301}e\x{301}e\x{301}e\x{301}e\x{301}e\x{301}e\x{301}e\x{301}e\x{301}e\x{301}e\x{301}e\x{301}e\x{301}e\x{301}e\x{301}e\x{301}e\x{301}e\x{301}e\x{301}e\x{301}e\x{301}e\x{301}e\x{301}e\x{301}e\x{301}e\x{301}e\x{301}e\x{301}e\x{301}e\x{301}e\x{301}e\x{301}e\x{301}e\x{301}e\x{301}e\x{301}e\x{301}e\x{301} e\x{301}e\x{301}e\x{301}e\x{301}e\x{301}e\x{301}e\x{301}e\x{301}e\x{301}e\x{301}e\x{301}e\x{301}e\x{301}e\x{301}e\x{301}e\x{301}e\x{301}e\x{301}e\x{301}e\x{301}e\x{301}e\x{301}e\x{301}e\x{301}e\x{301}e\x{301}e\x{301}e\x{301}e\x{301}e\x{301} e\x{301}e\x{301}e\x{301}e\x{301}e\x{301}e\x{301}e\x{301}e\x{301}e\x{301}e\x{301}e\x{301}e\x{301}e\x{301}e\x{301}e\x{301}e\x{301}e\x{301}e\x{301}e\x{301}e\x{301}e\x{301}e\x{301}"
          text run at (1040,1305) width 0: " "
          text run at (0,1320) width 1040: "e\x{301}e\x{301}e\x{301}e\x{301}e\x{301}e\x{301}e\x{301}e\x{301}e\x{301}e\x{301}e\x{301}e\x{301}e\x{301}e\x{301}e\x{301}e\x{301}e\x{301}e\x{301}e\x{301}e\x{301}e\x{301}e\x{301}e\x{301}e\x{301}e\x{301}e\x{301}e\x{301}e\x{301}e\x{301}e\x{301}e\x{301}e\x{301} e\x{301} e\x{301}e\x{301}e\x{301}e\x{301}e\x{301}e\x{301}e\x{301}e\x{301}e\x{301}e\x{301}e\x{301}e\x{301}e\x{301}e\x{301}e\x{301}e\x{301}e\x{301}e\x{301}e\x{301}e\x{301}e\x{301}e\x{301}e\x{301}e\x{301}e\x{301}e\x{301}e\x{301}e\x{301}e\x{301}e\x{301}e\x{301}e\x{301}e\x{301}e\x{301}e\x{301}e\x{301}e\x{301}e\x{301}e\x{301}e\x{301}e\x{301}e\x{301}e\x{301} e\x{301}e\x{301}e\x{301}e\x{301}e\x{301}e\x{301}e\x{301}e\x{301}e\x{301}e\x{301}e\x{301}e\x{301}e\x{301}e\x{301}e\x{301}e\x{301}e\x{301}e\x{301}e\x{301}e\x{301}e\x{301}e\x{301}e\x{301}e\x{301}e\x{301}e\x{301}e\x{301}e\x{301}e\x{301}e\x{301} e\x{301}e\x{301}e\x{301}e\x{301}e\x{301}e\x{301}e\x{301}e\x{301}e\x{301}e\x{301}e\x{301}e\x{301}e\x{301}e\x{301}e\x{301}e\x{301}e\x{301}e\x{301}e\x{301}e\x{301}e\x{301}e\x{301}"
          text run at (1040,1320) width 0: " "
          text run at (0,1335) width 1040: "e\x{301}e\x{301}e\x{301}e\x{301}e\x{301}e\x{301}e\x{301}e\x{301}e\x{301}e\x{301}e\x{301}e\x{301}e\x{301}e\x{301}e\x{301}e\x{301}e\x{301}e\x{301}e\x{301}e\x{301}e\x{301}e\x{301}e\x{301}e\x{301}e\x{301}e\x{301}e\x{301}e\x{301}e\x{301}e\x{301}e\x{301}e\x{301} e\x{301} e\x{301}e\x{301}e\x{301}e\x{301}e\x{301}e\x{301}e\x{301}e\x{301}e\x{301}e\x{301}e\x{301}e\x{301}e\x{301}e\x{301}e\x{301}e\x{301}e\x{301}e\x{301}e\x{301}e\x{301}e\x{301}e\x{301}e\x{301}e\x{301}e\x{301}e\x{301}e\x{301}e\x{301}e\x{301}e\x{301}e\x{301}e\x{301}e\x{301}e\x{301}e\x{301}e\x{301}e\x{301}e\x{301}e\x{301}e\x{301}e\x{301}e\x{301}e\x{301} e\x{301}e\x{301}e\x{301}e\x{301}e\x{301}e\x{301}e\x{301}e\x{301}e\x{301}e\x{301}e\x{301}e\x{301}e\x{301}e\x{301}e\x{301}e\x{301}e\x{301}e\x{301}e\x{301}e\x{301}e\x{301}e\x{301}e\x{301}e\x{301}e\x{301}e\x{301}e\x{301}e\x{301}e\x{301}e\x{301} e\x{301}e\x{301}e\x{301}e\x{301}e\x{301}e\x{301}e\x{301}e\x{301}e\x{301}e\x{301}e\x{301}e\x{301}e\x{301}e\x{301}e\x{301}e\x{301}e\x{301}e\x{301}e\x{301}e\x{301}e\x{301}e\x{301}"
          text run at (1040,1335) width 0: " "
          text run at (0,1350) width 1040: "e\x{301}e\x{301}e\x{301}e\x{301}e\x{301}e\x{301}e\x{301}e\x{301}e\x{301}e\x{301}e\x{301}e\x{301}e\x{301}e\x{301}e\x{301}e\x{301}e\x{301}e\x{301}e\x{301}e\x{301}e\x{301}e\x{301}e\x{301}e\x{301}e\x{301}e\x{301}e\x{301}e\x{301}e\x{301}e\x{301}e\x{301}e\x{301} e\x{301} e\x{301}e\x{301}e\x{301}e\x{301}e\x{301}e\x{301}e\x{301}e\x{301}e\x{301}e\x{301}e\x{301}e\x{301}e\x{301}e\x{301}e\x{301}e\x{301}e\x{301}e\x{301}e\x{301}e\x{301}e\x{301}e\x{301}e\x{301}e\x{301}e\x{301}e\x{301}e\x{301}e\x{301}e\x{301}e\x{301}e\x{301}e\x{301}e\x{301}e\x{301}e\x{301}e\x{301}e\x{301}e\x{301}e\x{301}e\x{301}e\x{301}e\x{301}e\x{301} e\x{301}e\x{301}e\x{301}e\x{301}e\x{301}e\x{301}e\x{301}e\x{301}e\x{301}e\x{301}e\x{301}e\x{301}e\x{301}e\x{301}e\x{301}e\x{301}e\x{301}e\x{301}e\x{301}e\x{301}e\x{301}e\x{301}e\x{301}e\x{301}e\x{301}e\x{301}e\x{301}e\x{301}e\x{301}e\x{301} e\x{301}e\x{301}e\x{301}e\x{301}e\x{301}e\x{301}e\x{301}e\x{301}e\x{301}e\x{301}e\x{301}e\x{301}e\x{301}e\x{301}e\x{301}e\x{301}e\x{301}e\x{301}e\x{301}e\x{301}e\x{301}e\x{301}"
          text run at (1040,1350) width 0: " "
          text run at (0,1365) width 1040: "e\x{301}e\x{301}e\x{301}e\x{301}e\x{301}e\x{301}e\x{301}e\x{301}e\x{301}e\x{301}e\x{301}e\x{301}e\x{301}e\x{301}e\x{301}e\x{301}e\x{301}e\x{301}e\x{301}e\x{301}e\x{301}e\x{301}e\x{301}e\x{301}e\x{301}e\x{301}e\x{301}e\x{301}e\x{301}e\x{301}e\x{301}e\x{301} e\x{301} e\x{301}e\x{301}e\x{301}e\x{301}e\x{301}e\x{301}e\x{301}e\x{301}e\x{301}e\x{301}e\x{301}e\x{301}e\x{301}e\x{301}e\x{301}e\x{301}e\x{301}e\x{301}e\x{301}e\x{301}e\x{301}e\x{301}e\x{301}e\x{301}e\x{301}e\x{301}e\x{301}e\x{301}e\x{301}e\x{301}e\x{301}e\x{301}e\x{301}e\x{301}e\x{301}e\x{301}e\x{301}e\x{301}e\x{301}e\x{301}e\x{301}e\x{301}e\x{301} e\x{301}e\x{301}e\x{301}e\x{301}e\x{301}e\x{301}e\x{301}e\x{301}e\x{301}e\x{301}e\x{301}e\x{301}e\x{301}e\x{301}e\x{301}e\x{301}e\x{301}e\x{301}e\x{301}e\x{301}e\x{301}e\x{301}e\x{301}e\x{301}e\x{301}e\x{301}e\x{301}e\x{301}e\x{301}e\x{301} e\x{301}e\x{301}e\x{301}e\x{301}e\x{301}e\x{301}e\x{301}e\x{301}e\x{301}e\x{301}e\x{301}e\x{301}e\x{301}e\x{301}e\x{301}e\x{301}e\x{301}e\x{301}e\x{301}e\x{301}e\x{301}e\x{301}"
          text run at (1040,1365) width 0: " "
          text run at (0,1380) width 1040: "e\x{301}e\x{301}e\x{301}e\x{301}e\x{301}e\x{301}e\x{301}e\x{301}e\x{301}e\x{301}e\x{301}e\x{301}e\x{301}e\x{301}e\x{301}e\x{301}e\x{301}e\x{301}e\x{301}e\x{301}e\x{301}e\x{301}e\x{301}e\x{301}e\x{301}e\x{301}e\x{301}e\x{301}e\x{301}e\x{301}e\x{301}e\x{301} e\x{301} e\x{301}e\x{301}e\x{301}e\x{301}e\x{301}e\x{301}e\x{301}e\x{301}e\x{301}e\x{301}e\x{301}e\x{301}e\x{301}e\x{301}e\x{301}e\x{301}e\x{301}e\x{301}e\x{301}e\x{301}e\x{301}e\x{301}e\x{301}e\x{301}e\x{301}e\x{301}e\x{301}e\x{301}e\x{301}e\x{301}e\x{301}e\x{301}e\x{301}e\x{301}e\x{301}e\x{301}e\x{301}e\x{301}e\x{301}e\x{301}e\x{301}e\x{301}e\x{301} e\x{301}e\x{301}e\x{301}e\x{301}e\x{301}e\x{301}e\x{301}e\x{301}e\x{301}e\x{301}e\x{301}e\x{301}e\x{301}e\x{301}e\x{301}e\x{301}e\x{301}e\x{301}e\x{301}e\x{301}e\x{301}e\x{301}e\x{301}e\x{301}e\x{301}e\x{301}e\x{301}e\x{301}e\x{301}e\x{301} e\x{301}e\x{301}e\x{301}e\x{301}e\x{301}e\x{301}e\x{301}e\x{301}e\x{301}e\x{301}e\x{301}e\x{301}e\x{301}e\x{301}e\x{301}e\x{301}e\x{301}e\x{301}e\x{301}e\x{301}e\x{301}e\x{301}"
          text run at (1040,1380) width 0: " "
          text run at (0,1395) width 1040: "e\x{301}e\x{301}e\x{301}e\x{301}e\x{301}e\x{301}e\x{301}e\x{301}e\x{301}e\x{301}e\x{301}e\x{301}e\x{301}e\x{301}e\x{301}e\x{301}e\x{301}e\x{301}e\x{301}e\x{301}e\x{301}e\x{301}e\x{301}e\x{301}e\x{301}e\x{301}e\x{301}e\x{301}e\x{301}e\x{301}e\x{301}e\x{301} e\x{301} e\x{301}e\x{301}e\x{301}e\x{301}e\x{301}e\x{301}e\x{301}e\x{301}e\x{301}e\x{301}e\x{301}e\x{301}e\x{301}e\x{301}e\x{301}e\x{301}e\x{301}e\x{301}e\x{301}e\x{301}e\x{301}e\x{301}e\x{301}e\x{301}e\x{301}e\x{301}e\x{301}e\x{301}e\x{301}e\x{301}e\x{301}e\x{301}e\x{301}e\x{301}e\x{301}e\x{301}e\x{301}e\x{301}e\x{301}e\x{301}e\x{301}e\x{301}e\x{301} e\x{301}e\x{301}e\x{301}e\x{301}e\x{301}e\x{301}e\x{301}e\x{301}e\x{301}e\x{301}e\x{301}e\x{301}e\x{301}e\x{301}e\x{301}e\x{301}e\x{301}e\x{301}e\x{301}e\x{301}e\x{301}e\x{301}e\x{301}e\x{301}e\x{301}e\x{301}e\x{301}e\x{301}e\x{301}e\x{301} e\x{301}e\x{301}e\x{301}e\x{301}e\x{301}e\x{301}e\x{301}e\x{301}e\x{301}e\x{301}e\x{301}e\x{301}e\x{301}e\x{301}e\x{301}e\x{301}e\x{301}e\x{301}e\x{301}e\x{301}e\x{301}e\x{301}"
          text run at (1040,1395) width 0: " "
          text run at (0,1410) width 1040: "e\x{301}e\x{301}e\x{301}e\x{301}e\x{301}e\x{301}e\x{301}e\x{301}e\x{301}e\x{301}e\x{301}e\x{301}e\x{301}e\x{301}e\x{301}e\x{301}e\x{301}e\x{301}e\x{301}e\x{301}e\x{301}e\x{301}e\x{301}e\x{301}e\x{301}e\x{301}e\x{301}e\x{301}e\x{301}e\x{301}e\x{301}e\x{301} e\x{301} e\x{301}e\x{301}e\x{301}e\x{301}e\x{301}e\x{301}e\x{301}e\x{301}e\x{301}e\x{301}e\x{301}e\x{301}e\x{301}e\x{301}e\x{301}e\x{301}e\x{301}e\x{301}e\x{301}e\x{301}e\x{301}e\x{301}e\x{301}e\x{301}e\x{301}e\x{301}e\x{301}e\x{301}e\x{301}e\x{301}e\x{301}e\x{301}e\x{301}e\x{301}e\x{301}e\x{301}e\x{301}e\x{301}e\x{301}e\x{301}e\x{301}e\x{301}e\x{301} e\x{301}e\x{301}e\x{301}e\x{301}e\x{301}e\x{301}e\x{301}e\x{301}e\x{301}e\x{301}e\x{301}e\x{301}e\x{301}e\x{301}e\x{301}e\x{301}e\x{301}e\x{301}e\x{301}e\x{301}e\x{301}e\x{301}e\x{301}e\x{301}e\x{301}e\x{301}e\x{301}e\x{301}e\x{301}e\x{301} e\x{301}e\x{301}e\x{301}e\x{301}e\x{301}e\x{301}e\x{301}e\x{301}e\x{301}e\x{301}e\x{301}e\x{301}e\x{301}e\x{301}e\x{301}e\x{301}e\x{301}e\x{301}e\x{301}e\x{301}e\x{301}e\x{301}"
          text run at (1040,1410) width 0: " "
          text run at (0,1425) width 1040: "e\x{301}e\x{301}e\x{301}e\x{301}e\x{301}e\x{301}e\x{301}e\x{301}e\x{301}e\x{301}e\x{301}e\x{301}e\x{301}e\x{301}e\x{301}e\x{301}e\x{301}e\x{301}e\x{301}e\x{301}e\x{301}e\x{301}e\x{301}e\x{301}e\x{301}e\x{301}e\x{301}e\x{301}e\x{301}e\x{301}e\x{301}e\x{301} e\x{301} e\x{301}e\x{301}e\x{301}e\x{301}e\x{301}e\x{301}e\x{301}e\x{301}e\x{301}e\x{301}e\x{301}e\x{301}e\x{301}e\x{301}e\x{301}e\x{301}e\x{301}e\x{301}e\x{301}e\x{301}e\x{301}e\x{301}e\x{301}e\x{301}e\x{301}e\x{301}e\x{301}e\x{301}e\x{301}e\x{301}e\x{301}e\x{301}e\x{301}e\x{301}e\x{301}e\x{301}e\x{301}e\x{301}e\x{301}e\x{301}e\x{301}e\x{301}e\x{301} e\x{301}e\x{301}e\x{301}e\x{301}e\x{301}e\x{301}e\x{301}e\x{301}e\x{301}e\x{301}e\x{301}e\x{301}e\x{301}e\x{301}e\x{301}e\x{301}e\x{301}e\x{301}e\x{301}e\x{301}e\x{301}e\x{301}e\x{301}e\x{301}e\x{301}e\x{301}e\x{301}e\x{301}e\x{301}e\x{301} e\x{301}e\x{301}e\x{301}e\x{301}e\x{301}e\x{301}e\x{301}e\x{301}e\x{301}e\x{301}e\x{301}e\x{301}e\x{301}e\x{301}e\x{301}e\x{301}e\x{301}e\x{301}e\x{301}e\x{301}e\x{301}e\x{301}"
          text run at (1040,1425) width 0: " "
          text run at (0,1440) width 1040: "e\x{301}e\x{301}e\x{301}e\x{301}e\x{301}e\x{301}e\x{301}e\x{301}e\x{301}e\x{301}e\x{301}e\x{301}e\x{301}e\x{301}e\x{301}e\x{301}e\x{301}e\x{301}e\x{301}e\x{301}e\x{301}e\x{301}e\x{301}e\x{301}e\x{301}e\x{301}e\x{301}e\x{301}e\x{301}e\x{301}e\x{301}e\x{301} e\x{301} e\x{301}e\x{301}e\x{301}e\x{301}e\x{301}e\x{301}e\x{301}e\x{301}e\x{301}e\x{301}e\x{301}e\x{301}e\x{301}e\x{301}e\x{301}e\x{301}e\x{301}e\x{301}e\x{301}e\x{301}e\x{301}e\x{301}e\x{301}e\x{301}e\x{301}e\x{301}e\x{301}e\x{301}e\x{301}e\x{301}e\x{301}e\x{301}e\x{301}e\x{301}e\x{301}e\x{301}e\x{301}e\x{301}e\x{301}e\x{301}e\x{301}e\x{301}e\x{301} e\x{301}e\x{301}e\x{301}e\x{301}e\x{301}e\x{301}e\x{301}e\x{301}e\x{301}e\x{301}e\x{301}e\x{301}e\x{301}e\x{301}e\x{301}e\x{301}e\x{301}e\x{301}e\x{301}e\x{301}e\x{301}e\x{301}e\x{301}e\x{301}e\x{301}e\x{301}e\x{301}e\x{301}e\x{301}e\x{301} e\x{301}e\x{301}e\x{301}e\x{301}e\x{301}e\x{301}e\x{301}e\x{301}e\x{301}e\x{301}e\x{301}e\x{301}e\x{301}e\x{301}e\x{301}e\x{301}e\x{301}e\x{301}e\x{301}e\x{301}e\x{301}e\x{301}"
          text run at (1040,1440) width 0: " "
          text run at (0,1455) width 1040: "e\x{301}e\x{301}e\x{301}e\x{301}e\x{301}e\x{301}e\x{301}e\x{301}e\x{301}e\x{301}e\x{301}e\x{301}e\x{301}e\x{301}e\x{301}e\x{301}e\x{301}e\x{301}e\x{301}e\x{301}e\x{301}e\x{301}e\x{301}e\x{301}e\x{301}e\x{301}e\x{301}e\x{301}e\x{301}e\x{301}e\x{301}e\x{301} e\x{301} e\x{301}e\x{301}e\x{301}e\x{301}e\x{301}e\x{301}e\x{301}e\x{301}e\x{301}e\x{301}e\x{301}e\x{301}e\x{301}e\x{301}e\x{301}e\x{301}e\x{301}e\x{301}e\x{301}e\x{301}e\x{301}e\x{301}e\x{301}e\x{301}e\x{301}e\x{301}e\x{301}e\x{301}e\x{301}e\x{301}e\x{301}e\x{301}e\x{301}e\x{301}e\x{301}e\x{301}e\x{301}e\x{301}e\x{301}e\x{301}e\x{301}e\x{301}e\x{301} e\x{301}e\x{301}e\x{301}e\x{301}e\x{301}e\x{301}e\x{301}e\x{301}e\x{301}e\x{301}e\x{301}e\x{301}e\x{301}e\x{301}e\x{301}e\x{301}e\x{301}e\x{301}e\x{301}e\x{301}e\x{301}e\x{301}e\x{301}e\x{301}e\x{301}e\x{301}e\x{301}e\x{301}e\x{301}e\x{301} e\x{301}e\x{301}e\x{301}e\x{301}e\x{301}e\x{301}e\x{301}e\x{301}e\x{301}e\x{301}e\x{301}e\x{301}e\x{301}e\x{301}e\x{301}e\x{301}e\x{301}e\x{301}e\x{301}e\x{301}e\x{301}e\x{301}"
          text run at (1040,1455) width 0: " "
          text run at (0,1470) width 1040: "e\x{301}e\x{301}e\x{301}e\x{301}e\x{301}e\x{301}e\x{301}e\x{301}e\x{301}e\x{301}e\x{301}e\x{301}e\x{301}e\x{301}e\x{301}e\x{301}e\x{301}e\x{301}e\x{301}e\x{301}e\x{301}e\x{301}e\x{301}e\x{301}e\x{301}e\x{301}e\x{301}e\x{301}e\x{301}e\x{301}e\x{301}e\x{301} e\x{301} e\x{301}e\x{301}e\x{301}e\x{301}e\x{301}e\x{301}e\x{301}e\x{301}e\x{301}e\x{301}e\x{301}e\x{301}e\x{301}e\x{301}e\x{301}e\x{301}e\x{301}e\x{301}e\x{301}e\x{301}e\x{301}e\x{301}e\x{301}e\x{301}e\x{301}e\x{301}e\x{301}e\x{301}e\x{301}e\x{301}e\x{301}e\x{301}e\x{301}e\x{301}e\x{301}e\x{301}e\x{301}e\x{301}e\x{301}e\x{301}e\x{301}e\x{301}e\x{301} e\x{301}e\x{301}e\x{301}e\x{301}e\x{301}e\x{301}e\x{301}e\x{301}e\x{301}e\x{301}e\x{301}e\x{301}e\x{301}e\x{301}e\x{301}e\x{301}e\x{301}e\x{301}e\x{301}e\x{301}e\x{301}e\x{301}e\x{301}e\x{301}e\x{301}e\x{301}e\x{301}e\x{301}e\x{301}e\x{301} e\x{301}e\x{301}e\x{301}e\x{301}e\x{301}e\x{301}e\x{301}e\x{301}e\x{301}e\x{301}e\x{301}e\x{301}e\x{301}e\x{301}e\x{301}e\x{301}e\x{301}e\x{301}e\x{301}e\x{301}e\x{301}e\x{301}"
          text run at (1040,1470) width 0: " "
          text run at (0,1485) width 1040: "e\x{301}e\x{301}e\x{301}e\x{301}e\x{301}e\x{301}e\x{301}e\x{301}e\x{301}e\x{301}e\x{301}e\x{301}e\x{301}e\x{301}e\x{301}e\x{301}e\x{301}e\x{301}e\x{301}e\x{301}e\x{301}e\x{301}e\x{301}e\x{301}e\x{301}e\x{301}e\x{301}e\x{301}e\x{301}e\x{301}e\x{301}e\x{301} e\x{301} e\x{301}e\x{301}e\x{301}e\x{301}e\x{301}e\x{301}e\x{301}e\x{301}e\x{301}e\x{301}e\x{301}e\x{301}e\x{301}e\x{301}e\x{301}e\x{301}e\x{301}e\x{301}e\x{301}e\x{301}e\x{301}e\x{301}e\x{301}e\x{301}e\x{301}e\x{301}e\x{301}e\x{301}e\x{301}e\x{301}e\x{301}e\x{301}e\x{301}e\x{301}e\x{301}e\x{301}e\x{301}e\x{301}e\x{301}e\x{301}e\x{301}e\x{301}e\x{301} e\x{301}e\x{301}e\x{301}e\x{301}e\x{301}e\x{301}e\x{301}e\x{301}e\x{301}e\x{301}e\x{301}e\x{301}e\x{301}e\x{301}e\x{301}e\x{301}e\x{301}e\x{301}e\x{301}e\x{301}e\x{301}e\x{301}e\x{301}e\x{301}e\x{301}e\x{301}e\x{301}e\x{301}e\x{301}e\x{301} e\x{301}e\x{301}e\x{301}e\x{301}e\x{301}e\x{301}e\x{301}e\x{301}e\x{301}e\x{301}e\x{301}e\x{301}e\x{301}e\x{301}e\x{301}e\x{301}e\x{301}e\x{301}e\x{301}e\x{301}e\x{301}e\x{301}"
          text run at (1040,1485) width 0: " "
          text run at (0,1500) width 1040: "e\x{301}e\x{301}e\x{301}e\x{301}e\x{301}e\x{301}e\x{301}e\x{301}e\x{301}e\x{301}e\x{301}e\x{301}e\x{301}e\x{301}e\x{301}e\x{301}e\x{301}e\x{301}e\x{301}e\x{301}e\x{301}e\x{301}e\x{301}e\x{301}e\x{301}e\x{301}e\x{301}e\x{301}e\x{301}e\x{301}e\x{301}e\x{301} e\x{301} e\x{301}e\x{301}e\x{301}e\x{301}e\x{301}e\x{301}e\x{301}e\x{301}e\x{301}e\x{301}e\x{301}e\x{301}e\x{301}e\x{301}e\x{301}e\x{301}e\x{301}e\x{301}e\x{301}e\x{301}e\x{301}e\x{301}e\x{301}e\x{301}e\x{301}e\x{301}e\x{301}e\x{301}e\x{301}e\x{301}e\x{301}e\x{301}e\x{301}e\x{301}e\x{301}e\x{301}e\x{301}e\x{301}e\x{301}e\x{301}e\x{301}e\x{301}e\x{301} e\x{301}e\x{301}e\x{301}e\x{301}e\x{301}e\x{301}e\x{301}e\x{301}e\x{301}e\x{301}e\x{301}e\x{301}e\x{301}e\x{301}e\x{301}e\x{301}e\x{301}e\x{301}e\x{301}e\x{301}e\x{301}e\x{301}e\x{301}e\x{301}e\x{301}e\x{301}e\x{301}e\x{301}e\x{301}e\x{301} e\x{301}e\x{301}e\x{301}e\x{301}e\x{301}e\x{301}e\x{301}e\x{301}e\x{301}e\x{301}e\x{301}e\x{301}e\x{301}e\x{301}e\x{301}e\x{301}e\x{301}e\x{301}e\x{301}e\x{301}e\x{301}e\x{301}"
          text run at (1040,1500) width 0: " "
          text run at (0,1515) width 1040: "e\x{301}e\x{301}e\x{301}e\x{301}e\x{301}e\x{301}e\x{301}e\x{301}e\x{301}e\x{301}e\x{301}e\x{301}e\x{301}e\x{301}e\x{301}e\x{301}e\x{301}e\x{301}e\x{301}e\x{301}e\x{301}e\x{301}e\x{301}e\x{301}e\x{301}e\x{301}e\x{301}e\x{301}e\x{301}e\x{301}e\x{301}e\x{301} e\x{301} e\x{301}e\x{301}e\x{301}e\x{301}e\x{301}e\x{301}e\x{301}e\x{301}e\x{301}e\x{301}e\x{301}e\x{301}e\x{301}e\x{301}e\x{301}e\x{301}e\x{301}e\x{301}e\x{301}e\x{301}e\x{301}e\x{301}e\x{301}e\x{301}e\x{301}e\x{301}e\x{301}e\x{301}e\x{301}e\x{301}e\x{301}e\x{301}e\x{301}e\x{301}e\x{301}e\x{301}e\x{301}e\x{301}e\x{301}e\x{301}e\x{301}e\x{301}e\x{301} e\x{301}e\x{301}e\x{301}e\x{301}e\x{301}e\x{301}e\x{301}e\x{301}e\x{301}e\x{301}e\x{301}e\x{301}e\x{301}e\x{301}e\x{301}e\x{301}e\x{301}e\x{301}e\x{301}e\x{301}e\x{301}e\x{301}e\x{301}e\x{301}e\x{301}e\x{301}e\x{301}e\x{301}e\x{301}e\x{301} e\x{301}e\x{301}e\x{301}e\x{301}e\x{301}e\x{301}e\x{301}e\x{301}e\x{301}e\x{301}e\x{301}e\x{301}e\x{301}e\x{301}e\x{301}e\x{301}e\x{301}e\x{301}e\x{301}e\x{301}e\x{301}e\x{301}"
          text run at (1040,1515) width 0: " "
          text run at (0,1530) width 1040: "e\x{301}e\x{301}e\x{301}e\x{301}e\x{301}e\x{301}e\x{301}e\x{301}e\x{301}e\x{301}e\x{301}e\x{301}e\x{301}e\x{301}e\x{301}e\x{301}e\x{301}e\x{301}e\x{301}e\x{301}e\x{301}e\x{301}e\x{301}e\x{301}e\x{301}e\x{301}e\x{301}e\x{301}e\x{301}e\x{301}e\x{301}e\x{301} e\x{301} e\x{301}e\x{301}e\x{301}e\x{301}e\x{301}e\x{301}e\x{301}e\x{301}e\x{301}e\x{301}e\x{301}e\x{301}e\x{301}e\x{301}e\x{301}e\x{301}e\x{301}e\x{301}e\x{301}e\x{301}e\x{301}e\x{301}e\x{301}e\x{301}e\x{301}e\x{301}e\x{301}e\x{301}e\x{301}e\x{301}e\x{301}e\x{301}e\x{301}e\x{301}e\x{301}e\x{301}e\x{301}e\x{301}e\x{301}e\x{301}e\x{301}e\x{301}e\x{301} e\x{301}e\x{301}e\x{301}e\x{301}e\x{301}e\x{301}e\x{301}e\x{301}e\x{301}e\x{301}e\x{301}e\x{301}e\x{301}e\x{301}e\x{301}e\x{301}e\x{301}e\x{301}e\x{301}e\x{301}e\x{301}e\x{301}e\x{301}e\x{301}e\x{301}e\x{301}e\x{301}e\x{301}e\x{301}e\x{301} e\x{301}e\x{301}e\x{301}e\x{301}e\x{301}e\x{301}e\x{301}e\x{301}e\x{301}e\x{301}e\x{301}e\x{301}e\x{301}e\x{301}e\x{301}e\x{301}e\x{301}e\x{301}e\x{301}e\x{301}e\x{301}e\x{301}"
          text run at (1040,1530) width 0: " "
          text run at (0,1545) width 1040: "e\x{301}e\x{301}e\x{301}e\x{301}e\x{301}e\x{301}e\x{301}e\x{301}e\x{301}e\x{301}e\x{301}e\x{301}e\x{301}e\x{301}e\x{301}e\x{301}e\x{301}e\x{301}e\x{301}e\x{301}e\x{301}e\x{301}e\x{301}e\x{301}e\x{301}e\x{301}e\x{301}e\x{301}e\x{301}e\x{301}e\x{301}e\x{301} e\x{301} e\x{301}e\x{301}e\x{301}e\x{301}e\x{301}e\x{301}e\x{301}e\x{301}e\x{301}e\x{301}e\x{301}e\x{301}e\x{301}e\x{301}e\x{301}e\x{301}e\x{301}e\x{301}e\x{301}e\x{301}e\x{301}e\x{301}e\x{301}e\x{301}e\x{301}e\x{301}e\x{301}e\x{301}e\x{301}e\x{301}e\x{301}e\x{301}e\x{301}e\x{301}e\x{301}e\x{301}e\x{301}e\x{301}e\x{301}e\x{301}e\x{301}e\x{301}e\x{301} e\x{301}e\x{301}e\x{301}e\x{301}e\x{301}e\x{301}e\x{301}e\x{301}e\x{301}e\x{301}e\x{301}e\x{301}e\x{301}e\x{301}e\x{301}e\x{301}e\x{301}e\x{301}e\x{301}e\x{301}e\x{301}e\x{301}e\x{301}e\x{301}e\x{301}e\x{301}e\x{301}e\x{301}e\x{301}e\x{301} e\x{301}e\x{301}e\x{301}e\x{301}e\x{301}e\x{301}e\x{301}e\x{301}e\x{301}e\x{301}e\x{301}e\x{301}e\x{301}e\x{301}e\x{301}e\x{301}e\x{301}e\x{301}e\x{301}e\x{301}e\x{301}e\x{301}"
          text run at (1040,1545) width 0: " "
          text run at (0,1560) width 1040: "e\x{301}e\x{301}e\x{301}e\x{301}e\x{301}e\x{301}e\x{301}e\x{301}e\x{301}e\x{301}e\x{301}e\x{301}e\x{301}e\x{301}e\x{301}e\x{301}e\x{301}e\x{301}e\x{301}e\x{301}e\x{301}e\x{301}e\x{301}e\x{301}e\x{301}e\x{301}e\x{301}e\x{301}e\x{301}e\x{301}e\x{301}e\x{301} e\x{301} e\x{301}e\x{301}e\x{301}e\x{301}e\x{301}e\x{301}e\x{301}e\x{301}e\x{301}e\x{301}e\x{301}e\x{301}e\x{301}e\x{301}e\x{301}e\x{301}e\x{301}e\x{301}e\x{301}e\x{301}e\x{301}e\x{301}e\x{301}e\x{301}e\x{301}e\x{301}e\x{301}e\x{301}e\x{301}e\x{301}e\x{301}e\x{301}e\x{301}e\x{301}e\x{301}e\x{301}e\x{301}e\x{301}e\x{301}e\x{301}e\x{301}e\x{301}e\x{301} e\x{301}e\x{301}e\x{301}e\x{301}e\x{301}e\x{301}e\x{301}e\x{301}e\x{301}e\x{301}e\x{301}e\x{301}e\x{301}e\x{301}e\x{301}e\x{301}e\x{301}e\x{301}e\x{301}e\x{301}e\x{301}e\x{301}e\x{301}e\x{301}e\x{301}e\x{301}e\x{301}e\x{301}e\x{301}e\x{301} e\x{301}e\x{301}e\x{301}e\x{301}e\x{301}e\x{301}e\x{301}e\x{301}e\x{301}e\x{301}e\x{301}e\x{301}e\x{301}e\x{301}e\x{301}e\x{301}e\x{301}e\x{301}e\x{301}e\x{301}e\x{301}e\x{301}"
          text run at (1040,1560) width 0: " "
          text run at (0,1575) width 1040: "e\x{301}e\x{301}e\x{301}e\x{301}e\x{301}e\x{301}e\x{301}e\x{301}e\x{301}e\x{301}e\x{301}e\x{301}e\x{301}e\x{301}e\x{301}e\x{301}e\x{301}e\x{301}e\x{301}e\x{301}e\x{301}e\x{301}e\x{301}e\x{301}e\x{301}e\x{301}e\x{301}e\x{301}e\x{301}e\x{301}e\x{301}e\x{301} e\x{301} e\x{301}e\x{301}e\x{301}e\x{301}e\x{301}e\x{301}e\x{301}e\x{301}e\x{301}e\x{301}e\x{301}e\x{301}e\x{301}e\x{301}e\x{301}e\x{301}e\x{301}e\x{301}e\x{301}e\x{301}e\x{301}e\x{301}e\x{301}e\x{301}e\x{301}e\x{301}e\x{301}e\x{301}e\x{301}e\x{301}e\x{301}e\x{301}e\x{301}e\x{301}e\x{301}e\x{301}e\x{301}e\x{301}e\x{301}e\x{301}e\x{301}e\x{301}e\x{301} e\x{301}e\x{301}e\x{301}e\x{301}e\x{301}e\x{301}e\x{301}e\x{301}e\x{301}e\x{301}e\x{301}e\x{301}e\x{301}e\x{301}e\x{301}e\x{301}e\x{301}e\x{301}e\x{301}e\x{301}e\x{301}e\x{301}e\x{301}e\x{301}e\x{301}e\x{301}e\x{301}e\x{301}e\x{301}e\x{301} e\x{301}e\x{301}e\x{301}e\x{301}e\x{301}e\x{301}e\x{301}e\x{301}e\x{301}e\x{301}e\x{301}e\x{301}e\x{301}e\x{301}e\x{301}e\x{301}e\x{301}e\x{301}e\x{301}e\x{301}e\x{301}e\x{301}"
          text run at (1040,1575) width 0: " "
          text run at (0,1590) width 1040: "e\x{301}e\x{301}e\x{301}e\x{301}e\x{301}e\x{301}e\x{301}e\x{301}e\x{301}e\x{301}e\x{301}e\x{301}e\x{301}e\x{301}e\x{301}e\x{301}e\x{301}e\x{301}e\x{301}e\x{301}e\x{301}e\x{301}e\x{301}e\x{301}e\x{301}e\x{301}e\x{301}e\x{301}e\x{301}e\x{301}e\x{301}e\x{301} e\x{301} e\x{301}e\x{301}e\x{301}e\x{301}e\x{301}e\x{301}e\x{301}e\x{301}e\x{301}e\x{301}e\x{301}e\x{301}e\x{301}e\x{301}e\x{301}e\x{301}e\x{301}e\x{301}e\x{301}e\x{301}e\x{301}e\x{301}e\x{301}e\x{301}e\x{301}e\x{301}e\x{301}e\x{301}e\x{301}e\x{301}e\x{301}e\x{301}e\x{301}e\x{301}e\x{301}e\x{301}e\x{301}e\x{301}e\x{301}e\x{301}e\x{301}e\x{301}e\x{301} e\x{301}e\x{301}e\x{301}e\x{301}e\x{301}e\x{301}e\x{301}e\x{301}e\x{301}e\x{301}e\x{301}e\x{301}e\x{301}e\x{301}e\x{301}e\x{301}e\x{301}e\x{301}e\x{301}e\x{301}e\x{301}e\x{301}e\x{301}e\x{301}e\x{301}e\x{301}e\x{301}e\x{301}e\x{301}e\x{301} e\x{301}e\x{301}e\x{301}e\x{301}e\x{301}e\x{301}e\x{301}e\x{301}e\x{301}e\x{301}e\x{301}e\x{301}e\x{301}e\x{301}e\x{301}e\x{301}e\x{301}e\x{301}e\x{301}e\x{301}e\x{301}e\x{301}"
          text run at (1040,1590) width 0: " "
          text run at (0,1605) width 1040: "e\x{301}e\x{301}e\x{301}e\x{301}e\x{301}e\x{301}e\x{301}e\x{301}e\x{301}e\x{301}e\x{301}e\x{301}e\x{301}e\x{301}e\x{301}e\x{301}e\x{301}e\x{301}e\x{301}e\x{301}e\x{301}e\x{301}e\x{301}e\x{301}e\x{301}e\x{301}e\x{301}e\x{301}e\x{301}e\x{301}e\x{301}e\x{301} e\x{301} e\x{301}e\x{301}e\x{301}e\x{301}e\x{301}e\x{301}e\x{301}e\x{301}e\x{301}e\x{301}e\x{301}e\x{301}e\x{301}e\x{301}e\x{301}e\x{301}e\x{301}e\x{301}e\x{301}e\x{301}e\x{301}e\x{301}e\x{301}e\x{301}e\x{301}e\x{301}e\x{301}e\x{301}e\x{301}e\x{301}e\x{301}e\x{301}e\x{301}e\x{301}e\x{301}e\x{301}e\x{301}e\x{301}e\x{301}e\x{301}e\x{301}e\x{301}e\x{301} e\x{301}e\x{301}e\x{301}e\x{301}e\x{301}e\x{301}e\x{301}e\x{301}e\x{301}e\x{301}e\x{301}e\x{301}e\x{301}e\x{301}e\x{301}e\x{301}e\x{301}e\x{301}e\x{301}e\x{301}e\x{301}e\x{301}e\x{301}e\x{301}e\x{301}e\x{301}e\x{301}e\x{301}e\x{301}e\x{301} e\x{301}e\x{301}e\x{301}e\x{301}e\x{301}e\x{301}e\x{301}e\x{301}e\x{301}e\x{301}e\x{301}e\x{301}e\x{301}e\x{301}e\x{301}e\x{301}e\x{301}e\x{301}e\x{301}e\x{301}e\x{301}e\x{301}"
          text run at (1040,1605) width 0: " "
          text run at (0,1620) width 1040: "e\x{301}e\x{301}e\x{301}e\x{301}e\x{301}e\x{301}e\x{301}e\x{301}e\x{301}e\x{301}e\x{301}e\x{301}e\x{301}e\x{301}e\x{301}e\x{301}e\x{301}e\x{301}e\x{301}e\x{301}e\x{301}e\x{301}e\x{301}e\x{301}e\x{301}e\x{301}e\x{301}e\x{301}e\x{301}e\x{301}e\x{301}e\x{301} e\x{301} e\x{301}e\x{301}e\x{301}e\x{301}e\x{301}e\x{301}e\x{301}e\x{301}e\x{301}e\x{301}e\x{301}e\x{301}e\x{301}e\x{301}e\x{301}e\x{301}e\x{301}e\x{301}e\x{301}e\x{301}e\x{301}e\x{301}e\x{301}e\x{301}e\x{301}e\x{301}e\x{301}e\x{301}e\x{301}e\x{301}e\x{301}e\x{301}e\x{301}e\x{301}e\x{301}e\x{301}e\x{301}e\x{301}e\x{301}e\x{301}e\x{301}e\x{301}e\x{301} e\x{301}e\x{301}e\x{301}e\x{301}e\x{301}e\x{301}e\x{301}e\x{301}e\x{301}e\x{301}e\x{301}e\x{301}e\x{301}e\x{301}e\x{301}e\x{301}e\x{301}e\x{301}e\x{301}e\x{301}e\x{301}e\x{301}e\x{301}e\x{301}e\x{301}e\x{301}e\x{301}e\x{301}e\x{301}e\x{301} e\x{301}e\x{301}e\x{301}e\x{301}e\x{301}e\x{301}e\x{301}e\x{301}e\x{301}e\x{301}e\x{301}e\x{301}e\x{301}e\x{301}e\x{301}e\x{301}e\x{301}e\x{301}e\x{301}e\x{301}e\x{301}e\x{301}"
          text run at (1040,1620) width 0: " "
          text run at (0,1635) width 1040: "e\x{301}e\x{301}e\x{301}e\x{301}e\x{301}e\x{301}e\x{301}e\x{301}e\x{301}e\x{301}e\x{301}e\x{301}e\x{301}e\x{301}e\x{301}e\x{301}e\x{301}e\x{301}e\x{301}e\x{301}e\x{301}e\x{301}e\x{301}e\x{301}e\x{301}e\x{301}e\x{301}e\x{301}e\x{301}e\x{301}e\x{301}e\x{301} e\x{301} e\x{301}e\x{301}e\x{301}e\x{301}e\x{301}e\x{301}e\x{301}e\x{301}e\x{301}e\x{301}e\x{301}e\x{301}e\x{301}e\x{301}e\x{301}e\x{301}e\x{301}e\x{301}e\x{301}e\x{301}e\x{301}e\x{301}e\x{301}e\x{301}e\x{301}e\x{301}e\x{301}e\x{301}e\x{301}e\x{301}e\x{301}e\x{301}e\x{301}e\x{301}e\x{301}e\x{301}e\x{301}e\x{301}e\x{301}e\x{301}e\x{301}e\x{301}e\x{301} e\x{301}e\x{301}e\x{301}e\x{301}e\x{301}e\x{301}e\x{301}e\x{301}e\x{301}e\x{301}e\x{301}e\x{301}e\x{301}e\x{301}e\x{301}e\x{301}e\x{301}e\x{301}e\x{301}e\x{301}e\x{301}e\x{301}e\x{301}e\x{301}e\x{301}e\x{301}e\x{301}e\x{301}e\x{301}e\x{301} e\x{301}e\x{301}e\x{301}e\x{301}e\x{301}e\x{301}e\x{301}e\x{301}e\x{301}e\x{301}e\x{301}e\x{301}e\x{301}e\x{301}e\x{301}e\x{301}e\x{301}e\x{301}e\x{301}e\x{301}e\x{301}e\x{301}"
          text run at (1040,1635) width 0: " "
          text run at (0,1650) width 1040: "e\x{301}e\x{301}e\x{301}e\x{301}e\x{301}e\x{301}e\x{301}e\x{301}e\x{301}e\x{301}e\x{301}e\x{301}e\x{301}e\x{301}e\x{301}e\x{301}e\x{301}e\x{301}e\x{301}e\x{301}e\x{301}e\x{301}e\x{301}e\x{301}e\x{301}e\x{301}e\x{301}e\x{301}e\x{301}e\x{301}e\x{301}e\x{301} e\x{301} e\x{301}e\x{301}e\x{301}e\x{301}e\x{301}e\x{301}e\x{301}e\x{301}e\x{301}e\x{301}e\x{301}e\x{301}e\x{301}e\x{301}e\x{301}e\x{301}e\x{301}e\x{301}e\x{301}e\x{301}e\x{301}e\x{301}e\x{301}e\x{301}e\x{301}e\x{301}e\x{301}e\x{301}e\x{301}e\x{301}e\x{301}e\x{301}e\x{301}e\x{301}e\x{301}e\x{301}e\x{301}e\x{301}e\x{301}e\x{301}e\x{301}e\x{301}e\x{301} e\x{301}e\x{301}e\x{301}e\x{301}e\x{301}e\x{301}e\x{301}e\x{301}e\x{301}e\x{301}e\x{301}e\x{301}e\x{301}e\x{301}e\x{301}e\x{301}e\x{301}e\x{301}e\x{301}e\x{301}e\x{301}e\x{301}e\x{301}e\x{301}e\x{301}e\x{301}e\x{301}e\x{301}e\x{301}e\x{301} e\x{301}e\x{301}e\x{301}e\x{301}e\x{301}e\x{301}e\x{301}e\x{301}e\x{301}e\x{301}e\x{301}e\x{301}e\x{301}e\x{301}e\x{301}e\x{301}e\x{301}e\x{301}e\x{301}e\x{301}e\x{301}e\x{301}"
          text run at (1040,1650) width 0: " "
          text run at (0,1665) width 1040: "e\x{301}e\x{301}e\x{301}e\x{301}e\x{301}e\x{301}e\x{301}e\x{301}e\x{301}e\x{301}e\x{301}e\x{301}e\x{301}e\x{301}e\x{301}e\x{301}e\x{301}e\x{301}e\x{301}e\x{301}e\x{301}e\x{301}e\x{301}e\x{301}e\x{301}e\x{301}e\x{301}e\x{301}e\x{301}e\x{301}e\x{301}e\x{301} e\x{301} e\x{301}e\x{301}e\x{301}e\x{301}e\x{301}e\x{301}e\x{301}e\x{301}e\x{301}e\x{301}e\x{301}e\x{301}e\x{301}e\x{301}e\x{301}e\x{301}e\x{301}e\x{301}e\x{301}e\x{301}e\x{301}e\x{301}e\x{301}e\x{301}e\x{301}e\x{301}e\x{301}e\x{301}e\x{301}e\x{301}e\x{301}e\x{301}e\x{301}e\x{301}e\x{301}e\x{301}e\x{301}e\x{301}e\x{301}e\x{301}e\x{301}e\x{301}e\x{301} e\x{301}e\x{301}e\x{301}e\x{301}e\x{301}e\x{301}e\x{301}e\x{301}e\x{301}e\x{301}e\x{301}e\x{301}e\x{301}e\x{301}e\x{301}e\x{301}e\x{301}e\x{301}e\x{301}e\x{301}e\x{301}e\x{301}e\x{301}e\x{301}e\x{301}e\x{301}e\x{301}e\x{301}e\x{301}e\x{301} e\x{301}e\x{301}e\x{301}e\x{301}e\x{301}e\x{301}e\x{301}e\x{301}e\x{301}e\x{301}e\x{301}e\x{301}e\x{301}e\x{301}e\x{301}e\x{301}e\x{301}e\x{301}e\x{301}e\x{301}e\x{301}e\x{301}"
          text run at (1040,1665) width 0: " "
          text run at (0,1680) width 1040: "e\x{301}e\x{301}e\x{301}e\x{301}e\x{301}e\x{301}e\x{301}e\x{301}e\x{301}e\x{301}e\x{301}e\x{301}e\x{301}e\x{301}e\x{301}e\x{301}e\x{301}e\x{301}e\x{301}e\x{301}e\x{301}e\x{301}e\x{301}e\x{301}e\x{301}e\x{301}e\x{301}e\x{301}e\x{301}e\x{301}e\x{301}e\x{301} e\x{301} e\x{301}e\x{301}e\x{301}e\x{301}e\x{301}e\x{301}e\x{301}e\x{301}e\x{301}e\x{301}e\x{301}e\x{301}e\x{301}e\x{301}e\x{301}e\x{301}e\x{301}e\x{301}e\x{301}e\x{301}e\x{301}e\x{301}e\x{301}e\x{301}e\x{301}e\x{301}e\x{301}e\x{301}e\x{301}e\x{301}e\x{301}e\x{301}e\x{301}e\x{301}e\x{301}e\x{301}e\x{301}e\x{301}e\x{301}e\x{301}e\x{301}e\x{301}e\x{301} e\x{301}e\x{301}e\x{301}e\x{301}e\x{301}e\x{301}e\x{301}e\x{301}e\x{301}e\x{301}e\x{301}e\x{301}e\x{301}e\x{301}e\x{301}e\x{301}e\x{301}e\x{301}e\x{301}e\x{301}e\x{301}e\x{301}e\x{301}e\x{301}e\x{301}e\x{301}e\x{301}e\x{301}e\x{301}e\x{301} e\x{301}e\x{301}e\x{301}e\x{301}e\x{301}e\x{301}e\x{301}e\x{301}e\x{301}e\x{301}e\x{301}e\x{301}e\x{301}e\x{301}e\x{301}e\x{301}e\x{301}e\x{301}e\x{301}e\x{301}e\x{301}e\x{301}"
          text run at (1040,1680) width 0: " "
          text run at (0,1695) width 1040: "e\x{301}e\x{301}e\x{301}e\x{301}e\x{301}e\x{301}e\x{301}e\x{301}e\x{301}e\x{301}e\x{301}e\x{301}e\x{301}e\x{301}e\x{301}e\x{301}e\x{301}e\x{301}e\x{301}e\x{301}e\x{301}e\x{301}e\x{301}e\x{301}e\x{301}e\x{301}e\x{301}e\x{301}e\x{301}e\x{301}e\x{301}e\x{301} e\x{301} e\x{301}e\x{301}e\x{301}e\x{301}e\x{301}e\x{301}e\x{301}e\x{301}e\x{301}e\x{301}e\x{301}e\x{301}e\x{301}e\x{301}e\x{301}e\x{301}e\x{301}e\x{301}e\x{301}e\x{301}e\x{301}e\x{301}e\x{301}e\x{301}e\x{301}e\x{301}e\x{301}e\x{301}e\x{301}e\x{301}e\x{301}e\x{301}e\x{301}e\x{301}e\x{301}e\x{301}e\x{301}e\x{301}e\x{301}e\x{301}e\x{301}e\x{301}e\x{301} e\x{301}e\x{301}e\x{301}e\x{301}e\x{301}e\x{301}e\x{301}e\x{301}e\x{301}e\x{301}e\x{301}e\x{301}e\x{301}e\x{301}e\x{301}e\x{301}e\x{301}e\x{301}e\x{301}e\x{301}e\x{301}e\x{301}e\x{301}e\x{301}e\x{301}e\x{301}e\x{301}e\x{301}e\x{301}e\x{301} e\x{301}e\x{301}e\x{301}e\x{301}e\x{301}e\x{301}e\x{301}e\x{301}e\x{301}e\x{301}e\x{301}e\x{301}e\x{301}e\x{301}e\x{301}e\x{301}e\x{301}e\x{301}e\x{301}e\x{301}e\x{301}e\x{301}"
          text run at (1040,1695) width 0: " "
          text run at (0,1710) width 1040: "e\x{301}e\x{301}e\x{301}e\x{301}e\x{301}e\x{301}e\x{301}e\x{301}e\x{301}e\x{301}e\x{301}e\x{301}e\x{301}e\x{301}e\x{301}e\x{301}e\x{301}e\x{301}e\x{301}e\x{301}e\x{301}e\x{301}e\x{301}e\x{301}e\x{301}e\x{301}e\x{301}e\x{301}e\x{301}e\x{301}e\x{301}e\x{301} e\x{301} e\x{301}e\x{301}e\x{301}e\x{301}e\x{301}e\x{301}e\x{301}e\x{301}e\x{301}e\x{301}e\x{301}e\x{301}e\x{301}e\x{301}e\x{301}e\x{301}e\x{301}e\x{301}e\x{301}e\x{301}e\x{301}e\x{301}e\x{301}e\x{301}e\x{301}e\x{301}e\x{301}e\x{301}e\x{301}e\x{301}e\x{301}e\x{301}e\x{301}e\x{301}e\x{301}e\x{301}e\x{301}e\x{301}e\x{301}e\x{301}e\x{301}e\x{301}e\x{301} e\x{301}e\x{301}e\x{301}e\x{301}e\x{301}e\x{301}e\x{301}e\x{301}e\x{301}e\x{301}e\x{301}e\x{301}e\x{301}e\x{301}e\x{301}e\x{301}e\x{301}e\x{301}e\x{301}e\x{301}e\x{301}e\x{301}e\x{301}e\x{301}e\x{301}e\x{301}e\x{301}e\x{301}e\x{301}e\x{301} e\x{301}e\x{301}e\x{301}e\x{301}e\x{301}e\x{301}e\x{301}e\x{301}e\x{301}e\x{301}e\x{301}e\x{301}e\x{301}e\x{301}e\x{301}e\x{301}e\x{301}e\x{301}e\x{301}e\x{301}e\x{301}e\x{301}"
          text run at (1040,1710) width 0: " "
          text run at (0,1725) width 1040: "e\x{301}e\x{301}e\x{301}e\x{301}e\x{301}e\x{301}e\x{301}e\x{301}e\x{301}e\x{301}e\x{301}e\x{301}e\x{301}e\x{301}e\x{301}e\x{301}e\x{301}e\x{301}e\x{301}e\x{301}e\x{301}e\x{301}e\x{301}e\x{301}e\x{301}e\x{301}e\x{301}e\x{301}e\x{301}e\x{301}e\x{301}e\x{301} e\x{301} e\x{301}e\x{301}e\x{301}e\x{301}e\x{301}e\x{301}e\x{301}e\x{301}e\x{301}e\x{301}e\x{301}e\x{301}e\x{301}e\x{301}e\x{301}e\x{301}e\x{301}e\x{301}e\x{301}e\x{301}e\x{301}e\x{301}e\x{301}e\x{301}e\x{301}e\x{301}e\x{301}e\x{301}e\x{301}e\x{301}e\x{301}e\x{301}e\x{301}e\x{301}e\x{301}e\x{301}e\x{301}e\x{301}e\x{301}e\x{301}e\x{301}e\x{301}e\x{301} e\x{301}e\x{301}e\x{301}e\x{301}e\x{301}e\x{301}e\x{301}e\x{301}e\x{301}e\x{301}e\x{301}e\x{301}e\x{301}e\x{301}e\x{301}e\x{301}e\x{301}e\x{301}e\x{301}e\x{301}e\x{301}e\x{301}e\x{301}e\x{301}e\x{301}e\x{301}e\x{301}e\x{301}e\x{301}e\x{301} e\x{301}e\x{301}e\x{301}e\x{301}e\x{301}e\x{301}e\x{301}e\x{301}e\x{301}e\x{301}e\x{301}e\x{301}e\x{301}e\x{301}e\x{301}e\x{301}e\x{301}e\x{301}e\x{301}e\x{301}e\x{301}e\x{301}"
          text run at (1040,1725) width 0: " "
          text run at (0,1740) width 1040: "e\x{301}e\x{301}e\x{301}e\x{301}e\x{301}e\x{301}e\x{301}e\x{301}e\x{301}e\x{301}e\x{301}e\x{301}e\x{301}e\x{301}e\x{301}e\x{301}e\x{301}e\x{301}e\x{301}e\x{301}e\x{301}e\x{301}e\x{301}e\x{301}e\x{301}e\x{301}e\x{301}e\x{301}e\x{301}e\x{301}e\x{301}e\x{301} e\x{301} e\x{301}e\x{301}e\x{301}e\x{301}e\x{301}e\x{301}e\x{301}e\x{301}e\x{301}e\x{301}e\x{301}e\x{301}e\x{301}e\x{301}e\x{301}e\x{301}e\x{301}e\x{301}e\x{301}e\x{301}e\x{301}e\x{301}e\x{301}e\x{301}e\x{301}e\x{301}e\x{301}e\x{301}e\x{301}e\x{301}e\x{301}e\x{301}e\x{301}e\x{301}e\x{301}e\x{301}e\x{301}e\x{301}e\x{301}e\x{301}e\x{301}e\x{301}e\x{301} e\x{301}e\x{301}e\x{301}e\x{301}e\x{301}e\x{301}e\x{301}e\x{301}e\x{301}e\x{301}e\x{301}e\x{301}e\x{301}e\x{301}e\x{301}e\x{301}e\x{301}e\x{301}e\x{301}e\x{301}e\x{301}e\x{301}e\x{301}e\x{301}e\x{301}e\x{301}e\x{301}e\x{301}e\x{301}e\x{301} e\x{301}e\x{301}e\x{301}e\x{301}e\x{301}e\x{301}e\x{301}e\x{301}e\x{301}e\x{301}e\x{301}e\x{301}e\x{301}e\x{301}e\x{301}e\x{301}e\x{301}e\x{301}e\x{301}e\x{301}e\x{301}e\x{301}"
          text run at (1040,1740) width 0: " "
          text run at (0,1755) width 1040: "e\x{301}e\x{301}e\x{301}e\x{301}e\x{301}e\x{301}e\x{301}e\x{301}e\x{301}e\x{301}e\x{301}e\x{301}e\x{301}e\x{301}e\x{301}e\x{301}e\x{301}e\x{301}e\x{301}e\x{301}e\x{301}e\x{301}e\x{301}e\x{301}e\x{301}e\x{301}e\x{301}e\x{301}e\x{301}e\x{301}e\x{301}e\x{301} e\x{301} e\x{301}e\x{301}e\x{301}e\x{301}e\x{301}e\x{301}e\x{301}e\x{301}e\x{301}e\x{301}e\x{301}e\x{301}e\x{301}e\x{301}e\x{301}e\x{301}e\x{301}e\x{301}e\x{301}e\x{301}e\x{301}e\x{301}e\x{301}e\x{301}e\x{301}e\x{301}e\x{301}e\x{301}e\x{301}e\x{301}e\x{301}e\x{301}e\x{301}e\x{301}e\x{301}e\x{301}e\x{301}e\x{301}e\x{301}e\x{301}e\x{301}e\x{301}e\x{301} e\x{301}e\x{301}e\x{301}e\x{301}e\x{301}e\x{301}e\x{301}e\x{301}e\x{301}e\x{301}e\x{301}e\x{301}e\x{301}e\x{301}e\x{301}e\x{301}e\x{301}e\x{301}e\x{301}e\x{301}e\x{301}e\x{301}e\x{301}e\x{301}e\x{301}e\x{301}e\x{301}e\x{301}e\x{301}e\x{301} e\x{301}e\x{301}e\x{301}e\x{301}e\x{301}e\x{301}e\x{301}e\x{301}e\x{301}e\x{301}e\x{301}e\x{301}e\x{301}e\x{301}e\x{301}e\x{301}e\x{301}e\x{301}e\x{301}e\x{301}e\x{301}e\x{301}"
          text run at (1040,1755) width 0: " "
          text run at (0,1770) width 1040: "e\x{301}e\x{301}e\x{301}e\x{301}e\x{301}e\x{301}e\x{301}e\x{301}e\x{301}e\x{301}e\x{301}e\x{301}e\x{301}e\x{301}e\x{301}e\x{301}e\x{301}e\x{301}e\x{301}e\x{301}e\x{301}e\x{301}e\x{301}e\x{301}e\x{301}e\x{301}e\x{301}e\x{301}e\x{301}e\x{301}e\x{301}e\x{301} e\x{301} e\x{301}e\x{301}e\x{301}e\x{301}e\x{301}e\x{301}e\x{301}e\x{301}e\x{301}e\x{301}e\x{301}e\x{301}e\x{301}e\x{301}e\x{301}e\x{301}e\x{301}e\x{301}e\x{301}e\x{301}e\x{301}e\x{301}e\x{301}e\x{301}e\x{301}e\x{301}e\x{301}e\x{301}e\x{301}e\x{301}e\x{301}e\x{301}e\x{301}e\x{301}e\x{301}e\x{301}e\x{301}e\x{301}e\x{301}e\x{301}e\x{301}e\x{301}e\x{301} e\x{301}e\x{301}e\x{301}e\x{301}e\x{301}e\x{301}e\x{301}e\x{301}e\x{301}e\x{301}e\x{301}e\x{301}e\x{301}e\x{301}e\x{301}e\x{301}e\x{301}e\x{301}e\x{301}e\x{301}e\x{301}e\x{301}e\x{301}e\x{301}e\x{301}e\x{301}e\x{301}e\x{301}e\x{301}e\x{301} e\x{301}e\x{301}e\x{301}e\x{301}e\x{301}e\x{301}e\x{301}e\x{301}e\x{301}e\x{301}e\x{301}e\x{301}e\x{301}e\x{301}e\x{301}e\x{301}e\x{301}e\x{301}e\x{301}e\x{301}e\x{301}e\x{301}"
          text run at (1040,1770) width 0: " "
          text run at (0,1785) width 1040: "e\x{301}e\x{301}e\x{301}e\x{301}e\x{301}e\x{301}e\x{301}e\x{301}e\x{301}e\x{301}e\x{301}e\x{301}e\x{301}e\x{301}e\x{301}e\x{301}e\x{301}e\x{301}e\x{301}e\x{301}e\x{301}e\x{301}e\x{301}e\x{301}e\x{301}e\x{301}e\x{301}e\x{301}e\x{301}e\x{301}e\x{301}e\x{301} e\x{301} e\x{301}e\x{301}e\x{301}e\x{301}e\x{301}e\x{301}e\x{301}e\x{301}e\x{301}e\x{301}e\x{301}e\x{301}e\x{301}e\x{301}e\x{301}e\x{301}e\x{301}e\x{301}e\x{301}e\x{301}e\x{301}e\x{301}e\x{301}e\x{301}e\x{301}e\x{301}e\x{301}e\x{301}e\x{301}e\x{301}e\x{301}e\x{301}e\x{301}e\x{301}e\x{301}e\x{301}e\x{301}e\x{301}e\x{301}e\x{301}e\x{301}e\x{301}e\x{301} e\x{301}e\x{301}e\x{301}e\x{301}e\x{301}e\x{301}e\x{301}e\x{301}e\x{301}e\x{301}e\x{301}e\x{301}e\x{301}e\x{301}e\x{301}e\x{301}e\x{301}e\x{301}e\x{301}e\x{301}e\x{301}e\x{301}e\x{301}e\x{301}e\x{301}e\x{301}e\x{301}e\x{301}e\x{301}e\x{301} e\x{301}e\x{301}e\x{301}e\x{301}e\x{301}e\x{301}e\x{301}e\x{301}e\x{301}e\x{301}e\x{301}e\x{301}e\x{301}e\x{301}e\x{301}e\x{301}e\x{301}e\x{301}e\x{301}e\x{301}e\x{301}e\x{301}"
          text run at (1040,1785) width 0: " "
          text run at (0,1800) width 1040: "e\x{301}e\x{301}e\x{301}e\x{301}e\x{301}e\x{301}e\x{301}e\x{301}e\x{301}e\x{301}e\x{301}e\x{301}e\x{301}e\x{301}e\x{301}e\x{301}e\x{301}e\x{301}e\x{301}e\x{301}e\x{301}e\x{301}e\x{301}e\x{301}e\x{301}e\x{301}e\x{301}e\x{301}e\x{301}e\x{301}e\x{301}e\x{301} e\x{301} e\x{301}e\x{301}e\x{301}e\x{301}e\x{301}e\x{301}e\x{301}e\x{301}e\x{301}e\x{301}e\x{301}e\x{301}e\x{301}e\x{301}e\x{301}e\x{301}e\x{301}e\x{301}e\x{301}e\x{301}e\x{301}e\x{301}e\x{301}e\x{301}e\x{301}e\x{301}e\x{301}e\x{301}e\x{301}e\x{301}e\x{301}e\x{301}e\x{301}e\x{301}e\x{301}e\x{301}e\x{301}e\x{301}e\x{301}e\x{301}e\x{301}e\x{301}e\x{301} e\x{301}e\x{301}e\x{301}e\x{301}e\x{301}e\x{301}e\x{301}e\x{301}e\x{301}e\x{301}e\x{301}e\x{301}e\x{301}e\x{301}e\x{301}e\x{301}e\x{301}e\x{301}e\x{301}e\x{301}e\x{301}e\x{301}e\x{301}e\x{301}e\x{301}e\x{301}e\x{301}e\x{301}e\x{301}e\x{301} e\x{301}e\x{301}e\x{301}e\x{301}e\x{301}e\x{301}e\x{301}e\x{301}e\x{301}e\x{301}e\x{301}e\x{301}e\x{301}e\x{301}e\x{301}e\x{301}e\x{301}e\x{301}e\x{301}e\x{301}e\x{301}e\x{301}"
          text run at (1040,1800) width 0: " "
          text run at (0,1815) width 1040: "e\x{301}e\x{301}e\x{301}e\x{301}e\x{301}e\x{301}e\x{301}e\x{301}e\x{301}e\x{301}e\x{301}e\x{301}e\x{301}e\x{301}e\x{301}e\x{301}e\x{301}e\x{301}e\x{301}e\x{301}e\x{301}e\x{301}e\x{301}e\x{301}e\x{301}e\x{301}e\x{301}e\x{301}e\x{301}e\x{301}e\x{301}e\x{301} e\x{301} e\x{301}e\x{301}e\x{301}e\x{301}e\x{301}e\x{301}e\x{301}e\x{301}e\x{301}e\x{301}e\x{301}e\x{301}e\x{301}e\x{301}e\x{301}e\x{301}e\x{301}e\x{301}e\x{301}e\x{301}e\x{301}e\x{301}e\x{301}e\x{301}e\x{301}e\x{301}e\x{301}e\x{301}e\x{301}e\x{301}e\x{301}e\x{301}e\x{301}e\x{301}e\x{301}e\x{301}e\x{301}e\x{301}e\x{301}e\x{301}e\x{301}e\x{301}e\x{301} e\x{301}e\x{301}e\x{301}e\x{301}e\x{301}e\x{301}e\x{301}e\x{301}e\x{301}e\x{301}e\x{301}e\x{301}e\x{301}e\x{301}e\x{301}e\x{301}e\x{301}e\x{301}e\x{301}e\x{301}e\x{301}e\x{301}e\x{301}e\x{301}e\x{301}e\x{301}e\x{301}e\x{301}e\x{301}e\x{301} e\x{301}e\x{301}e\x{301}e\x{301}e\x{301}e\x{301}e\x{301}e\x{301}e\x{301}e\x{301}e\x{301}e\x{301}e\x{301}e\x{301}e\x{301}e\x{301}e\x{301}e\x{301}e\x{301}e\x{301}e\x{301}e\x{301}"
          text run at (1040,1815) width 0: " "
          text run at (0,1830) width 1040: "e\x{301}e\x{301}e\x{301}e\x{301}e\x{301}e\x{301}e\x{301}e\x{301}e\x{301}e\x{301}e\x{301}e\x{301}e\x{301}e\x{301}e\x{301}e\x{301}e\x{301}e\x{301}e\x{301}e\x{301}e\x{301}e\x{301}e\x{301}e\x{301}e\x{301}e\x{301}e\x{301}e\x{301}e\x{301}e\x{301}e\x{301}e\x{301} e\x{301} e\x{301}e\x{301}e\x{301}e\x{301}e\x{301}e\x{301}e\x{301}e\x{301}e\x{301}e\x{301}e\x{301}e\x{301}e\x{301}e\x{301}e\x{301}e\x{301}e\x{301}e\x{301}e\x{301}e\x{301}e\x{301}e\x{301}e\x{301}e\x{301}e\x{301}e\x{301}e\x{301}e\x{301}e\x{301}e\x{301}e\x{301}e\x{301}e\x{301}e\x{301}e\x{301}e\x{301}e\x{301}e\x{301}e\x{301}e\x{301}e\x{301}e\x{301}e\x{301} e\x{301}e\x{301}e\x{301}e\x{301}e\x{301}e\x{301}e\x{301}e\x{301}e\x{301}e\x{301}e\x{301}e\x{301}e\x{301}e\x{301}e\x{301}e\x{301}e\x{301}e\x{301}e\x{301}e\x{301}e\x{301}e\x{301}e\x{301}e\x{301}e\x{301}e\x{301}e\x{301}e\x{301}e\x{301}e\x{301} e\x{301}e\x{301}e\x{301}e\x{301}e\x{301}e\x{301}e\x{301}e\x{301}e\x{301}e\x{301}e\x{301}e\x{301}e\x{301}e\x{301}e\x{301}e\x{301}e\x{301}e\x{301}e\x{301}e\x{301}e\x{301}e\x{301}"
          text run at (1040,1830) width 0: " "
          text run at (0,1845) width 1040: "e\x{301}e\x{301}e\x{301}e\x{301}e\x{301}e\x{301}e\x{301}e\x{301}e\x{301}e\x{301}e\x{301}e\x{301}e\x{301}e\x{301}e\x{301}e\x{301}e\x{301}e\x{301}e\x{301}e\x{301}e\x{301}e\x{301}e\x{301}e\x{301}e\x{301}e\x{301}e\x{301}e\x{301}e\x{301}e\x{301}e\x{301}e\x{301} e\x{301} e\x{301}e\x{301}e\x{301}e\x{301}e\x{301}e\x{301}e\x{301}e\x{301}e\x{301}e\x{301}e\x{301}e\x{301}e\x{301}e\x{301}e\x{301}e\x{301}e\x{301}e\x{301}e\x{301}e\x{301}e\x{301}e\x{301}e\x{301}e\x{301}e\x{301}e\x{301}e\x{301}e\x{301}e\x{301}e\x{301}e\x{301}e\x{301}e\x{301}e\x{301}e\x{301}e\x{301}e\x{301}e\x{301}e\x{301}e\x{301}e\x{301}e\x{301}e\x{301} e\x{301}e\x{301}e\x{301}e\x{301}e\x{301}e\x{301}e\x{301}e\x{301}e\x{301}e\x{301}e\x{301}e\x{301}e\x{301}e\x{301}e\x{301}e\x{301}e\x{301}e\x{301}e\x{301}e\x{301}e\x{301}e\x{301}e\x{301}e\x{301}e\x{301}e\x{301}e\x{301}e\x{301}e\x{301}e\x{301} e\x{301}e\x{301}e\x{301}e\x{301}e\x{301}e\x{301}e\x{301}e\x{301}e\x{301}e\x{301}e\x{301}e\x{301}e\x{301}e\x{301}e\x{301}e\x{301}e\x{301}e\x{301}e\x{301}e\x{301}e\x{301}e\x{301}"
          text run at (1040,1845) width 0: " "
          text run at (0,1860) width 1040: "e\x{301}e\x{301}e\x{301}e\x{301}e\x{301}e\x{301}e\x{301}e\x{301}e\x{301}e\x{301}e\x{301}e\x{301}e\x{301}e\x{301}e\x{301}e\x{301}e\x{301}e\x{301}e\x{301}e\x{301}e\x{301}e\x{301}e\x{301}e\x{301}e\x{301}e\x{301}e\x{301}e\x{301}e\x{301}e\x{301}e\x{301}e\x{301} e\x{301} e\x{301}e\x{301}e\x{301}e\x{301}e\x{301}e\x{301}e\x{301}e\x{301}e\x{301}e\x{301}e\x{301}e\x{301}e\x{301}e\x{301}e\x{301}e\x{301}e\x{301}e\x{301}e\x{301}e\x{301}e\x{301}e\x{301}e\x{301}e\x{301}e\x{301}e\x{301}e\x{301}e\x{301}e\x{301}e\x{301}e\x{301}e\x{301}e\x{301}e\x{301}e\x{301}e\x{301}e\x{301}e\x{301}e\x{301}e\x{301}e\x{301}e\x{301}e\x{301} e\x{301}e\x{301}e\x{301}e\x{301}e\x{301}e\x{301}e\x{301}e\x{301}e\x{301}e\x{301}e\x{301}e\x{301}e\x{301}e\x{301}e\x{301}e\x{301}e\x{301}e\x{301}e\x{301}e\x{301}e\x{301}e\x{301}e\x{301}e\x{301}e\x{301}e\x{301}e\x{301}e\x{301}e\x{301}e\x{301} e\x{301}e\x{301}e\x{301}e\x{301}e\x{301}e\x{301}e\x{301}e\x{301}e\x{301}e\x{301}e\x{301}e\x{301}e\x{301}e\x{301}e\x{301}e\x{301}e\x{301}e\x{301}e\x{301}e\x{301}e\x{301}e\x{301}"
          text run at (1040,1860) width 0: " "
          text run at (0,1875) width 1040: "e\x{301}e\x{301}e\x{301}e\x{301}e\x{301}e\x{301}e\x{301}e\x{301}e\x{301}e\x{301}e\x{301}e\x{301}e\x{301}e\x{301}e\x{301}e\x{301}e\x{301}e\x{301}e\x{301}e\x{301}e\x{301}e\x{301}e\x{301}e\x{301}e\x{301}e\x{301}e\x{301}e\x{301}e\x{301}e\x{301}e\x{301}e\x{301} e\x{301} e\x{301}e\x{301}e\x{301}e\x{301}e\x{301}e\x{301}e\x{301}e\x{301}e\x{301}e\x{301}e\x{301}e\x{301}e\x{301}e\x{301}e\x{301}e\x{301}e\x{301}e\x{301}e\x{301}e\x{301}e\x{301}e\x{301}e\x{301}e\x{301}e\x{301}e\x{301}e\x{301}e\x{301}e\x{301}e\x{301}e\x{301}e\x{301}e\x{301}e\x{301}e\x{301}e\x{301}e\x{301}e\x{301}e\x{301}e\x{301}e\x{301}e\x{301}e\x{301} e\x{301}e\x{301}e\x{301}e\x{301}e\x{301}e\x{301}e\x{301}e\x{301}e\x{301}e\x{301}e\x{301}e\x{301}e\x{301}e\x{301}e\x{301}e\x{301}e\x{301}e\x{301}e\x{301}e\x{301}e\x{301}e\x{301}e\x{301}e\x{301}e\x{301}e\x{301}e\x{301}e\x{301}e\x{301}e\x{301} e\x{301}e\x{301}e\x{301}e\x{301}e\x{301}e\x{301}e\x{301}e\x{301}e\x{301}e\x{301}e\x{301}e\x{301}e\x{301}e\x{301}e\x{301}e\x{301}e\x{301}e\x{301}e\x{301}e\x{301}e\x{301}e\x{301}"
          text run at (1040,1875) width 0: " "
          text run at (0,1890) width 1040: "e\x{301}e\x{301}e\x{301}e\x{301}e\x{301}e\x{301}e\x{301}e\x{301}e\x{301}e\x{301}e\x{301}e\x{301}e\x{301}e\x{301}e\x{301}e\x{301}e\x{301}e\x{301}e\x{301}e\x{301}e\x{301}e\x{301}e\x{301}e\x{301}e\x{301}e\x{301}e\x{301}e\x{301}e\x{301}e\x{301}e\x{301}e\x{301} e\x{301} e\x{301}e\x{301}e\x{301}e\x{301}e\x{301}e\x{301}e\x{301}e\x{301}e\x{301}e\x{301}e\x{301}e\x{301}e\x{301}e\x{301}e\x{301}e\x{301}e\x{301}e\x{301}e\x{301}e\x{301}e\x{301}e\x{301}e\x{301}e\x{301}e\x{301}e\x{301}e\x{301}e\x{301}e\x{301}e\x{301}e\x{301}e\x{301}e\x{301}e\x{301}e\x{301}e\x{301}e\x{301}e\x{301}e\x{301}e\x{301}e\x{301}e\x{301}e\x{301} e\x{301}e\x{301}e\x{301}e\x{301}e\x{301}e\x{301}e\x{301}e\x{301}e\x{301}e\x{301}e\x{301}e\x{301}e\x{301}e\x{301}e\x{301}e\x{301}e\x{301}e\x{301}e\x{301}e\x{301}e\x{301}e\x{301}e\x{301}e\x{301}e\x{301}e\x{301}e\x{301}e\x{301}e\x{301}e\x{301} e\x{301}e\x{301}e\x{301}e\x{301}e\x{301}e\x{301}e\x{301}e\x{301}e\x{301}e\x{301}e\x{301}e\x{301}e\x{301}e\x{301}e\x{301}e\x{301}e\x{301}e\x{301}e\x{301}e\x{301}e\x{301}e\x{301}"
          text run at (1040,1890) width 0: " "
          text run at (0,1905) width 1040: "e\x{301}e\x{301}e\x{301}e\x{301}e\x{301}e\x{301}e\x{301}e\x{301}e\x{301}e\x{301}e\x{301}e\x{301}e\x{301}e\x{301}e\x{301}e\x{301}e\x{301}e\x{301}e\x{301}e\x{301}e\x{301}e\x{301}e\x{301}e\x{301}e\x{301}e\x{301}e\x{301}e\x{301}e\x{301}e\x{301}e\x{301}e\x{301} e\x{301} e\x{301}e\x{301}e\x{301}e\x{301}e\x{301}e\x{301}e\x{301}e\x{301}e\x{301}e\x{301}e\x{301}e\x{301}e\x{301}e\x{301}e\x{301}e\x{301}e\x{301}e\x{301}e\x{301}e\x{301}e\x{301}e\x{301}e\x{301}e\x{301}e\x{301}e\x{301}e\x{301}e\x{301}e\x{301}e\x{301}e\x{301}e\x{301}e\x{301}e\x{301}e\x{301}e\x{301}e\x{301}e\x{301}e\x{301}e\x{301}e\x{301}e\x{301}e\x{301} e\x{301}e\x{301}e\x{301}e\x{301}e\x{301}e\x{301}e\x{301}e\x{301}e\x{301}e\x{301}e\x{301}e\x{301}e\x{301}e\x{301}e\x{301}e\x{301}e\x{301}e\x{301}e\x{301}e\x{301}e\x{301}e\x{301}e\x{301}e\x{301}e\x{301}e\x{301}e\x{301}e\x{301}e\x{301}e\x{301} e\x{301}e\x{301}e\x{301}e\x{301}e\x{301}e\x{301}e\x{301}e\x{301}e\x{301}e\x{301}e\x{301}e\x{301}e\x{301}e\x{301}e\x{301}e\x{301}e\x{301}e\x{301}e\x{301}e\x{301}e\x{301}e\x{301}"
          text run at (1040,1905) width 0: " "
          text run at (0,1920) width 1040: "e\x{301}e\x{301}e\x{301}e\x{301}e\x{301}e\x{301}e\x{301}e\x{301}e\x{301}e\x{301}e\x{301}e\x{301}e\x{301}e\x{301}e\x{301}e\x{301}e\x{301}e\x{301}e\x{301}e\x{301}e\x{301}e\x{301}e\x{301}e\x{301}e\x{301}e\x{301}e\x{301}e\x{301}e\x{301}e\x{301}e\x{301}e\x{301} e\x{301} e\x{301}e\x{301}e\x{301}e\x{301}e\x{301}e\x{301}e\x{301}e\x{301}e\x{301}e\x{301}e\x{301}e\x{301}e\x{301}e\x{301}e\x{301}e\x{301}e\x{301}e\x{301}e\x{301}e\x{301}e\x{301}e\x{301}e\x{301}e\x{301}e\x{301}e\x{301}e\x{301}e\x{301}e\x{301}e\x{301}e\x{301}e\x{301}e\x{301}e\x{301}e\x{301}e\x{301}e\x{301}e\x{301}e\x{301}e\x{301}e\x{301}e\x{301}e\x{301} e\x{301}e\x{301}e\x{301}e\x{301}e\x{301}e\x{301}e\x{301}e\x{301}e\x{301}e\x{301}e\x{301}e\x{301}e\x{301}e\x{301}e\x{301}e\x{301}e\x{301}e\x{301}e\x{301}e\x{301}e\x{301}e\x{301}e\x{301}e\x{301}e\x{301}e\x{301}e\x{301}e\x{301}e\x{301}e\x{301} e\x{301}e\x{301}e\x{301}e\x{301}e\x{301}e\x{301}e\x{301}e\x{301}e\x{301}e\x{301}e\x{301}e\x{301}e\x{301}e\x{301}e\x{301}e\x{301}e\x{301}e\x{301}e\x{301}e\x{301}e\x{301}e\x{301}"
          text run at (1040,1920) width 0: " "
          text run at (0,1935) width 1040: "e\x{301}e\x{301}e\x{301}e\x{301}e\x{301}e\x{301}e\x{301}e\x{301}e\x{301}e\x{301}e\x{301}e\x{301}e\x{301}e\x{301}e\x{301}e\x{301}e\x{301}e\x{301}e\x{301}e\x{301}e\x{301}e\x{301}e\x{301}e\x{301}e\x{301}e\x{301}e\x{301}e\x{301}e\x{301}e\x{301}e\x{301}e\x{301} e\x{301} e\x{301}e\x{301}e\x{301}e\x{301}e\x{301}e\x{301}e\x{301}e\x{301}e\x{301}e\x{301}e\x{301}e\x{301}e\x{301}e\x{301}e\x{301}e\x{301}e\x{301}e\x{301}e\x{301}e\x{301}e\x{301}e\x{301}e\x{301}e\x{301}e\x{301}e\x{301}e\x{301}e\x{301}e\x{301}e\x{301}e\x{301}e\x{301}e\x{301}e\x{301}e\x{301}e\x{301}e\x{301}e\x{301}e\x{301}e\x{301}e\x{301}e\x{301}e\x{301} e\x{301}e\x{301}e\x{301}e\x{301}e\x{301}e\x{301}e\x{301}e\x{301}e\x{301}e\x{301}e\x{301}e\x{301}e\x{301}e\x{301}e\x{301}e\x{301}e\x{301}e\x{301}e\x{301}e\x{301}e\x{301}e\x{301}e\x{301}e\x{301}e\x{301}e\x{301}e\x{301}e\x{301}e\x{301}e\x{301} e\x{301}e\x{301}e\x{301}e\x{301}e\x{301}e\x{301}e\x{301}e\x{301}e\x{301}e\x{301}e\x{301}e\x{301}e\x{301}e\x{301}e\x{301}e\x{301}e\x{301}e\x{301}e\x{301}e\x{301}e\x{301}e\x{301}"
          text run at (1040,1935) width 0: " "
          text run at (0,1950) width 1040: "e\x{301}e\x{301}e\x{301}e\x{301}e\x{301}e\x{301}e\x{301}e\x{301}e\x{301}e\x{301}e\x{301}e\x{301}e\x{301}e\x{301}e\x{301}e\x{301}e\x{301}e\x{301}e\x{301}e\x{301}e\x{301}e\x{301}e\x{301}e\x{301}e\x{301}e\x{301}e\x{301}e\x{301}e\x{301}e\x{301}e\x{301}e\x{301} e\x{301} e\x{301}e\x{301}e\x{301}e\x{301}e\x{301}e\x{301}e\x{301}e\x{301}e\x{301}e\x{301}e\x{301}e\x{301}e\x{301}e\x{301}e\x{301}e\x{301}e\x{301}e\x{301}e\x{301}e\x{301}e\x{301}e\x{301}e\x{301}e\x{301}e\x{301}e\x{301}e\x{301}e\x{301}e\x{301}e\x{301}e\x{301}e\x{301}e\x{301}e\x{301}e\x{301}e\x{301}e\x{301}e\x{301}e\x{301}e\x{301}e\x{301}e\x{301}e\x{301} e\x{301}e\x{301}e\x{301}e\x{301}e\x{301}e\x{301}e\x{301}e\x{301}e\x{301}e\x{301}e\x{301}e\x{301}e\x{301}e\x{301}e\x{301}e\x{301}e\x{301}e\x{301}e\x{301}e\x{301}e\x{301}e\x{301}e\x{301}e\x{301}e\x{301}e\x{301}e\x{301}e\x{301}e\x{301}e\x{301} e\x{301}e\x{301}e\x{301}e\x{301}e\x{301}e\x{301}e\x{301}e\x{301}e\x{301}e\x{301}e\x{301}e\x{301}e\x{301}e\x{301}e\x{301}e\x{301}e\x{301}e\x{301}e\x{301}e\x{301}e\x{301}e\x{301}"
          text run at (1040,1950) width 0: " "
          text run at (0,1965) width 1040: "e\x{301}e\x{301}e\x{301}e\x{301}e\x{301}e\x{301}e\x{301}e\x{301}e\x{301}e\x{301}e\x{301}e\x{301}e\x{301}e\x{301}e\x{301}e\x{301}e\x{301}e\x{301}e\x{301}e\x{301}e\x{301}e\x{301}e\x{301}e\x{301}e\x{301}e\x{301}e\x{301}e\x{301}e\x{301}e\x{301}e\x{301}e\x{301} e\x{301} e\x{301}e\x{301}e\x{301}e\x{301}e\x{301}e\x{301}e\x{301}e\x{301}e\x{301}e\x{301}e\x{301}e\x{301}e\x{301}e\x{301}e\x{301}e\x{301}e\x{301}e\x{301}e\x{301}e\x{301}e\x{301}e\x{301}e\x{301}e\x{301}e\x{301}e\x{301}e\x{301}e\x{301}e\x{301}e\x{301}e\x{301}e\x{301}e\x{301}e\x{301}e\x{301}e\x{301}e\x{301}e\x{301}e\x{301}e\x{301}e\x{301}e\x{301}e\x{301} e\x{301}e\x{301}e\x{301}e\x{301}e\x{301}e\x{301}e\x{301}e\x{301}e\x{301}e\x{301}e\x{301}e\x{301}e\x{301}e\x{301}e\x{301}e\x{301}e\x{301}e\x{301}e\x{301}e\x{301}e\x{301}e\x{301}e\x{301}e\x{301}e\x{301}e\x{301}e\x{301}e\x{301}e\x{301}e\x{301} e\x{301}e\x{301}e\x{301}e\x{301}e\x{301}e\x{301}e\x{301}e\x{301}e\x{301}e\x{301}e\x{301}e\x{301}e\x{301}e\x{301}e\x{301}e\x{301}e\x{301}e\x{301}e\x{301}e\x{301}e\x{301}e\x{301}"
          text run at (1040,1965) width 0: " "
          text run at (0,1980) width 1040: "e\x{301}e\x{301}e\x{301}e\x{301}e\x{301}e\x{301}e\x{301}e\x{301}e\x{301}e\x{301}e\x{301}e\x{301}e\x{301}e\x{301}e\x{301}e\x{301}e\x{301}e\x{301}e\x{301}e\x{301}e\x{301}e\x{301}e\x{301}e\x{301}e\x{301}e\x{301}e\x{301}e\x{301}e\x{301}e\x{301}e\x{301}e\x{301} e\x{301} e\x{301}e\x{301}e\x{301}e\x{301}e\x{301}e\x{301}e\x{301}e\x{301}e\x{301}e\x{301}e\x{301}e\x{301}e\x{301}e\x{301}e\x{301}e\x{301}e\x{301}e\x{301}e\x{301}e\x{301}e\x{301}e\x{301}e\x{301}e\x{301}e\x{301}e\x{301}e\x{301}e\x{301}e\x{301}e\x{301}e\x{301}e\x{301}e\x{301}e\x{301}e\x{301}e\x{301}e\x{301}e\x{301}e\x{301}e\x{301}e\x{301}e\x{301}e\x{301} e\x{301}e\x{301}e\x{301}e\x{301}e\x{301}e\x{301}e\x{301}e\x{301}e\x{301}e\x{301}e\x{301}e\x{301}e\x{301}e\x{301}e\x{301}e\x{301}e\x{301}e\x{301}e\x{301}e\x{301}e\x{301}e\x{301}e\x{301}e\x{301}e\x{301}e\x{301}e\x{301}e\x{301}e\x{301}e\x{301} e\x{301}e\x{301}e\x{301}e\x{301}e\x{301}e\x{301}e\x{301}e\x{301}e\x{301}e\x{301}e\x{301}e\x{301}e\x{301}e\x{301}e\x{301}e\x{301}e\x{301}e\x{301}e\x{301}e\x{301}e\x{301}e\x{301}"
          text run at (1040,1980) width 0: " "
          text run at (0,1995) width 1040: "e\x{301}e\x{301}e\x{301}e\x{301}e\x{301}e\x{301}e\x{301}e\x{301}e\x{301}e\x{301}e\x{301}e\x{301}e\x{301}e\x{301}e\x{301}e\x{301}e\x{301}e\x{301}e\x{301}e\x{301}e\x{301}e\x{301}e\x{301}e\x{301}e\x{301}e\x{301}e\x{301}e\x{301}e\x{301}e\x{301}e\x{301}e\x{301} e\x{301} e\x{301}e\x{301}e\x{301}e\x{301}e\x{301}e\x{301}e\x{301}e\x{301}e\x{301}e\x{301}e\x{301}e\x{301}e\x{301}e\x{301}e\x{301}e\x{301}e\x{301}e\x{301}e\x{301}e\x{301}e\x{301}e\x{301}e\x{301}e\x{301}e\x{301}e\x{301}e\x{301}e\x{301}e\x{301}e\x{301}e\x{301}e\x{301}e\x{301}e\x{301}e\x{301}e\x{301}e\x{301}e\x{301}e\x{301}e\x{301}e\x{301}e\x{301}e\x{301} e\x{301}e\x{301}e\x{301}e\x{301}e\x{301}e\x{301}e\x{301}e\x{301}e\x{301}e\x{301}e\x{301}e\x{301}e\x{301}e\x{301}e\x{301}e\x{301}e\x{301}e\x{301}e\x{301}e\x{301}e\x{301}e\x{301}e\x{301}e\x{301}e\x{301}e\x{301}e\x{301}e\x{301}e\x{301}e\x{301} e\x{301}e\x{301}e\x{301}e\x{301}e\x{301}e\x{301}e\x{301}e\x{301}e\x{301}e\x{301}e\x{301}e\x{301}e\x{301}e\x{301}e\x{301}e\x{301}e\x{301}e\x{301}e\x{301}e\x{301}e\x{301}e\x{301}"
          text run at (1040,1995) width 0: " "
          text run at (0,2010) width 1040: "e\x{301}e\x{301}e\x{301}e\x{301}e\x{301}e\x{301}e\x{301}e\x{301}e\x{301}e\x{301}e\x{301}e\x{301}e\x{301}e\x{301}e\x{301}e\x{301}e\x{301}e\x{301}e\x{301}e\x{301}e\x{301}e\x{301}e\x{301}e\x{301}e\x{301}e\x{301}e\x{301}e\x{301}e\x{301}e\x{301}e\x{301}e\x{301} e\x{301} e\x{301}e\x{301}e\x{301}e\x{301}e\x{301}e\x{301}e\x{301}e\x{301}e\x{301}e\x{301}e\x{301}e\x{301}e\x{301}e\x{301}e\x{301}e\x{301}e\x{301}e\x{301}e\x{301}e\x{301}e\x{301}e\x{301}e\x{301}e\x{301}e\x{301}e\x{301}e\x{301}e\x{301}e\x{301}e\x{301}e\x{301}e\x{301}e\x{301}e\x{301}e\x{301}e\x{301}e\x{301}e\x{301}e\x{301}e\x{301}e\x{301}e\x{301}e\x{301} e\x{301}e\x{301}e\x{301}e\x{301}e\x{301}e\x{301}e\x{301}e\x{301}e\x{301}e\x{301}e\x{301}e\x{301}e\x{301}e\x{301}e\x{301}e\x{301}e\x{301}e\x{301}e\x{301}e\x{301}e\x{301}e\x{301}e\x{301}e\x{301}e\x{301}e\x{301}e\x{301}e\x{301}e\x{301}e\x{301} e\x{301}e\x{301}e\x{301}e\x{301}e\x{301}e\x{301}e\x{301}e\x{301}e\x{301}e\x{301}e\x{301}e\x{301}e\x{301}e\x{301}e\x{301}e\x{301}e\x{301}e\x{301}e\x{301}e\x{301}e\x{301}e\x{301}"
          text run at (1040,2010) width 0: " "
          text run at (0,2025) width 1040: "e\x{301}e\x{301}e\x{301}e\x{301}e\x{301}e\x{301}e\x{301}e\x{301}e\x{301}e\x{301}e\x{301}e\x{301}e\x{301}e\x{301}e\x{301}e\x{301}e\x{301}e\x{301}e\x{301}e\x{301}e\x{301}e\x{301}e\x{301}e\x{301}e\x{301}e\x{301}e\x{301}e\x{301}e\x{301}e\x{301}e\x{301}e\x{301} e\x{301} e\x{301}e\x{301}e\x{301}e\x{301}e\x{301}e\x{301}e\x{301}e\x{301}e\x{301}e\x{301}e\x{301}e\x{301}e\x{301}e\x{301}e\x{301}e\x{301}e\x{301}e\x{301}e\x{301}e\x{301}e\x{301}e\x{301}e\x{301}e\x{301}e\x{301}e\x{301}e\x{301}e\x{301}e\x{301}e\x{301}e\x{301}e\x{301}e\x{301}e\x{301}e\x{301}e\x{301}e\x{301}e\x{301}e\x{301}e\x{301}e\x{301}e\x{301}e\x{301} e\x{301}e\x{301}e\x{301}e\x{301}e\x{301}e\x{301}e\x{301}e\x{301}e\x{301}e\x{301}e\x{301}e\x{301}e\x{301}e\x{301}e\x{301}e\x{301}e\x{301}e\x{301}e\x{301}e\x{301}e\x{301}e\x{301}e\x{301}e\x{301}e\x{301}e\x{301}e\x{301}e\x{301}e\x{301}e\x{301} e\x{301}e\x{301}e\x{301}e\x{301}e\x{301}e\x{301}e\x{301}e\x{301}e\x{301}e\x{301}e\x{301}e\x{301}e\x{301}e\x{301}e\x{301}e\x{301}e\x{301}e\x{301}e\x{301}e\x{301}e\x{301}e\x{301}"
          text run at (1040,2025) width 0: " "
          text run at (0,2040) width 1040: "e\x{301}e\x{301}e\x{301}e\x{301}e\x{301}e\x{301}e\x{301}e\x{301}e\x{301}e\x{301}e\x{301}e\x{301}e\x{301}e\x{301}e\x{301}e\x{301}e\x{301}e\x{301}e\x{301}e\x{301}e\x{301}e\x{301}e\x{301}e\x{301}e\x{301}e\x{301}e\x{301}e\x{301}e\x{301}e\x{301}e\x{301}e\x{301} e\x{301} e\x{301}e\x{301}e\x{301}e\x{301}e\x{301}e\x{301}e\x{301}e\x{301}e\x{301}e\x{301}e\x{301}e\x{301}e\x{301}e\x{301}e\x{301}e\x{301}e\x{301}e\x{301}e\x{301}e\x{301}e\x{301}e\x{301}e\x{301}e\x{301}e\x{301}e\x{301}e\x{301}e\x{301}e\x{301}e\x{301}e\x{301}e\x{301}e\x{301}e\x{301}e\x{301}e\x{301}e\x{301}e\x{301}e\x{301}e\x{301}e\x{301}e\x{301}e\x{301} e\x{301}e\x{301}e\x{301}e\x{301}e\x{301}e\x{301}e\x{301}e\x{301}e\x{301}e\x{301}e\x{301}e\x{301}e\x{301}e\x{301}e\x{301}e\x{301}e\x{301}e\x{301}e\x{301}e\x{301}e\x{301}e\x{301}e\x{301}e\x{301}e\x{301}e\x{301}e\x{301}e\x{301}e\x{301}e\x{301} e\x{301}e\x{301}e\x{301}e\x{301}e\x{301}e\x{301}e\x{301}e\x{301}e\x{301}e\x{301}e\x{301}e\x{301}e\x{301}e\x{301}e\x{301}e\x{301}e\x{301}e\x{301}e\x{301}e\x{301}e\x{301}e\x{301}"
          text run at (1040,2040) width 0: " "
          text run at (0,2055) width 1040: "e\x{301}e\x{301}e\x{301}e\x{301}e\x{301}e\x{301}e\x{301}e\x{301}e\x{301}e\x{301}e\x{301}e\x{301}e\x{301}e\x{301}e\x{301}e\x{301}e\x{301}e\x{301}e\x{301}e\x{301}e\x{301}e\x{301}e\x{301}e\x{301}e\x{301}e\x{301}e\x{301}e\x{301}e\x{301}e\x{301}e\x{301}e\x{301} e\x{301} e\x{301}e\x{301}e\x{301}e\x{301}e\x{301}e\x{301}e\x{301}e\x{301}e\x{301}e\x{301}e\x{301}e\x{301}e\x{301}e\x{301}e\x{301}e\x{301}e\x{301}e\x{301}e\x{301}e\x{301}e\x{301}e\x{301}e\x{301}e\x{301}e\x{301}e\x{301}e\x{301}e\x{301}e\x{301}e\x{301}e\x{301}e\x{301}e\x{301}e\x{301}e\x{301}e\x{301}e\x{301}e\x{301}e\x{301}e\x{301}e\x{301}e\x{301}e\x{301} e\x{301}e\x{301}e\x{301}e\x{301}e\x{301}e\x{301}e\x{301}e\x{301}e\x{301}e\x{301}e\x{301}e\x{301}e\x{301}e\x{301}e\x{301}e\x{301}e\x{301}e\x{301}e\x{301}e\x{301}e\x{301}e\x{301}e\x{301}e\x{301}e\x{301}e\x{301}e\x{301}e\x{301}e\x{301}e\x{301} e\x{301}e\x{301}e\x{301}e\x{301}e\x{301}e\x{301}e\x{301}e\x{301}e\x{301}e\x{301}e\x{301}e\x{301}e\x{301}e\x{301}e\x{301}e\x{301}e\x{301}e\x{301}e\x{301}e\x{301}e\x{301}e\x{301}"
          text run at (1040,2055) width 0: " "
          text run at (0,2070) width 1040: "e\x{301}e\x{301}e\x{301}e\x{301}e\x{301}e\x{301}e\x{301}e\x{301}e\x{301}e\x{301}e\x{301}e\x{301}e\x{301}e\x{301}e\x{301}e\x{301}e\x{301}e\x{301}e\x{301}e\x{301}e\x{301}e\x{301}e\x{301}e\x{301}e\x{301}e\x{301}e\x{301}e\x{301}e\x{301}e\x{301}e\x{301}e\x{301} e\x{301} e\x{301}e\x{301}e\x{301}e\x{301}e\x{301}e\x{301}e\x{301}e\x{301}e\x{301}e\x{301}e\x{301}e\x{301}e\x{301}e\x{301}e\x{301}e\x{301}e\x{301}e\x{301}e\x{301}e\x{301}e\x{301}e\x{301}e\x{301}e\x{301}e\x{301}e\x{301}e\x{301}e\x{301}e\x{301}e\x{301}e\x{301}e\x{301}e\x{301}e\x{301}e\x{301}e\x{301}e\x{301}e\x{301}e\x{301}e\x{301}e\x{301}e\x{301}e\x{301} e\x{301}e\x{301}e\x{301}e\x{301}e\x{301}e\x{301}e\x{301}e\x{301}e\x{301}e\x{301}e\x{301}e\x{301}e\x{301}e\x{301}e\x{301}e\x{301}e\x{301}e\x{301}e\x{301}e\x{301}e\x{301}e\x{301}e\x{301}e\x{301}e\x{301}e\x{301}e\x{301}e\x{301}e\x{301}e\x{301} e\x{301}e\x{301}e\x{301}e\x{301}e\x{301}e\x{301}e\x{301}e\x{301}e\x{301}e\x{301}e\x{301}e\x{301}e\x{301}e\x{301}e\x{301}e\x{301}e\x{301}e\x{301}e\x{301}e\x{301}e\x{301}e\x{301}"
          text run at (1040,2070) width 0: " "
          text run at (0,2085) width 1040: "e\x{301}e\x{301}e\x{301}e\x{301}e\x{301}e\x{301}e\x{301}e\x{301}e\x{301}e\x{301}e\x{301}e\x{301}e\x{301}e\x{301}e\x{301}e\x{301}e\x{301}e\x{301}e\x{301}e\x{301}e\x{301}e\x{301}e\x{301}e\x{301}e\x{301}e\x{301}e\x{301}e\x{301}e\x{301}e\x{301}e\x{301}e\x{301} e\x{301} e\x{301}e\x{301}e\x{301}e\x{301}e\x{301}e\x{301}e\x{301}e\x{301}e\x{301}e\x{301}e\x{301}e\x{301}e\x{301}e\x{301}e\x{301}e\x{301}e\x{301}e\x{301}e\x{301}e\x{301}e\x{301}e\x{301}e\x{301}e\x{301}e\x{301}e\x{301}e\x{301}e\x{301}e\x{301}e\x{301}e\x{301}e\x{301}e\x{301}e\x{301}e\x{301}e\x{301}e\x{301}e\x{301}e\x{301}e\x{301}e\x{301}e\x{301}e\x{301} e\x{301}e\x{301}e\x{301}e\x{301}e\x{301}e\x{301}e\x{301}e\x{301}e\x{301}e\x{301}e\x{301}e\x{301}e\x{301}e\x{301}e\x{301}e\x{301}e\x{301}e\x{301}e\x{301}e\x{301}e\x{301}e\x{301}e\x{301}e\x{301}e\x{301}e\x{301}e\x{301}e\x{301}e\x{301}e\x{301} e\x{301}e\x{301}e\x{301}e\x{301}e\x{301}e\x{301}e\x{301}e\x{301}e\x{301}e\x{301}e\x{301}e\x{301}e\x{301}e\x{301}e\x{301}e\x{301}e\x{301}e\x{301}e\x{301}e\x{301}e\x{301}e\x{301}"
          text run at (1040,2085) width 0: " "
          text run at (0,2100) width 1040: "e\x{301}e\x{301}e\x{301}e\x{301}e\x{301}e\x{301}e\x{301}e\x{301}e\x{301}e\x{301}e\x{301}e\x{301}e\x{301}e\x{301}e\x{301}e\x{301}e\x{301}e\x{301}e\x{301}e\x{301}e\x{301}e\x{301}e\x{301}e\x{301}e\x{301}e\x{301}e\x{301}e\x{301}e\x{301}e\x{301}e\x{301}e\x{301} e\x{301} e\x{301}e\x{301}e\x{301}e\x{301}e\x{301}e\x{301}e\x{301}e\x{301}e\x{301}e\x{301}e\x{301}e\x{301}e\x{301}e\x{301}e\x{301}e\x{301}e\x{301}e\x{301}e\x{301}e\x{301}e\x{301}e\x{301}e\x{301}e\x{301}e\x{301}e\x{301}e\x{301}e\x{301}e\x{301}e\x{301}e\x{301}e\x{301}e\x{301}e\x{301}e\x{301}e\x{301}e\x{301}e\x{301}e\x{301}e\x{301}e\x{301}e\x{301}e\x{301} e\x{301}e\x{301}e\x{301}e\x{301}e\x{301}e\x{301}e\x{301}e\x{301}e\x{301}e\x{301}e\x{301}e\x{301}e\x{301}e\x{301}e\x{301}e\x{301}e\x{301}e\x{301}e\x{301}e\x{301}e\x{301}e\x{301}e\x{301}e\x{301}e\x{301}e\x{301}e\x{301}e\x{301}e\x{301}e\x{301} e\x{301}e\x{301}e\x{301}e\x{301}e\x{301}e\x{301}e\x{301}e\x{301}e\x{301}e\x{301}e\x{301}e\x{301}e\x{301}e\x{301}e\x{301}e\x{301}e\x{301}e\x{301}e\x{301}e\x{301}e\x{301}e\x{301}"
          text run at (1040,2100) width 0: " "
          text run at (0,2115) width 1040: "e\x{301}e\x{301}e\x{301}e\x{301}e\x{301}e\x{301}e\x{301}e\x{301}e\x{301}e\x{301}e\x{301}e\x{301}e\x{301}e\x{301}e\x{301}e\x{301}e\x{301}e\x{301}e\x{301}e\x{301}e\x{301}e\x{301}e\x{301}e\x{301}e\x{301}e\x{301}e\x{301}e\x{301}e\x{301}e\x{301}e\x{301}e\x{301} e\x{301} e\x{301}e\x{301}e\x{301}e\x{301}e\x{301}e\x{301}e\x{301}e\x{301}e\x{301}e\x{301}e\x{301}e\x{301}e\x{301}e\x{301}e\x{301}e\x{301}e\x{301}e\x{301}e\x{301}e\x{301}e\x{301}e\x{301}e\x{301}e\x{301}e\x{301}e\x{301}e\x{301}e\x{301}e\x{301}e\x{301}e\x{301}e\x{301}e\x{301}e\x{301}e\x{301}e\x{301}e\x{301}e\x{301}e\x{301}e\x{301}e\x{301}e\x{301}e\x{301} e\x{301}e\x{301}e\x{301}e\x{301}e\x{301}e\x{301}e\x{301}e\x{301}e\x{301}e\x{301}e\x{301}e\x{301}e\x{301}e\x{301}e\x{301}e\x{301}e\x{301}e\x{301}e\x{301}e\x{301}e\x{301}e\x{301}e\x{301}e\x{301}e\x{301}e\x{301}e\x{301}e\x{301}e\x{301}e\x{301} e\x{301}e\x{301}e\x{301}e\x{301}e\x{301}e\x{301}e\x{301}e\x{301}e\x{301}e\x{301}e\x{301}e\x{301}e\x{301}e\x{301}e\x{301}e\x{301}e\x{301}e\x{301}e\x{301}e\x{301}e\x{301}e\x{301}"
          text run at (1040,2115) width 0: " "
          text run at (0,2130) width 1040: "e\x{301}e\x{301}e\x{301}e\x{301}e\x{301}e\x{301}e\x{301}e\x{301}e\x{301}e\x{301}e\x{301}e\x{301}e\x{301}e\x{301}e\x{301}e\x{301}e\x{301}e\x{301}e\x{301}e\x{301}e\x{301}e\x{301}e\x{301}e\x{301}e\x{301}e\x{301}e\x{301}e\x{301}e\x{301}e\x{301}e\x{301}e\x{301} e\x{301} e\x{301}e\x{301}e\x{301}e\x{301}e\x{301}e\x{301}e\x{301}e\x{301}e\x{301}e\x{301}e\x{301}e\x{301}e\x{301}e\x{301}e\x{301}e\x{301}e\x{301}e\x{301}e\x{301}e\x{301}e\x{301}e\x{301}e\x{301}e\x{301}e\x{301}e\x{301}e\x{301}e\x{301}e\x{301}e\x{301}e\x{301}e\x{301}e\x{301}e\x{301}e\x{301}e\x{301}e\x{301}e\x{301}e\x{301}e\x{301}e\x{301}e\x{301}e\x{301} e\x{301}e\x{301}e\x{301}e\x{301}e\x{301}e\x{301}e\x{301}e\x{301}e\x{301}e\x{301}e\x{301}e\x{301}e\x{301}e\x{301}e\x{301}e\x{301}e\x{301}e\x{301}e\x{301}e\x{301}e\x{301}e\x{301}e\x{301}e\x{301}e\x{301}e\x{301}e\x{301}e\x{301}e\x{301}e\x{301} e\x{301}e\x{301}e\x{301}e\x{301}e\x{301}e\x{301}e\x{301}e\x{301}e\x{301}e\x{301}e\x{301}e\x{301}e\x{301}e\x{301}e\x{301}e\x{301}e\x{301}e\x{301}e\x{301}e\x{301}e\x{301}e\x{301}"
          text run at (1040,2130) width 0: " "
          text run at (0,2145) width 1040: "e\x{301}e\x{301}e\x{301}e\x{301}e\x{301}e\x{301}e\x{301}e\x{301}e\x{301}e\x{301}e\x{301}e\x{301}e\x{301}e\x{301}e\x{301}e\x{301}e\x{301}e\x{301}e\x{301}e\x{301}e\x{301}e\x{301}e\x{301}e\x{301}e\x{301}e\x{301}e\x{301}e\x{301}e\x{301}e\x{301}e\x{301}e\x{301} e\x{301} e\x{301}e\x{301}e\x{301}e\x{301}e\x{301}e\x{301}e\x{301}e\x{301}e\x{301}e\x{301}e\x{301}e\x{301}e\x{301}e\x{301}e\x{301}e\x{301}e\x{301}e\x{301}e\x{301}e\x{301}e\x{301}e\x{301}e\x{301}e\x{301}e\x{301}e\x{301}e\x{301}e\x{301}e\x{301}e\x{301}e\x{301}e\x{301}e\x{301}e\x{301}e\x{301}e\x{301}e\x{301}e\x{301}e\x{301}e\x{301}e\x{301}e\x{301}e\x{301} e\x{301}e\x{301}e\x{301}e\x{301}e\x{301}e\x{301}e\x{301}e\x{301}e\x{301}e\x{301}e\x{301}e\x{301}e\x{301}e\x{301}e\x{301}e\x{301}e\x{301}e\x{301}e\x{301}e\x{301}e\x{301}e\x{301}e\x{301}e\x{301}e\x{301}e\x{301}e\x{301}e\x{301}e\x{301}e\x{301} e\x{301}e\x{301}e\x{301}e\x{301}e\x{301}e\x{301}e\x{301}e\x{301}e\x{301}e\x{301}e\x{301}e\x{301}e\x{301}e\x{301}e\x{301}e\x{301}e\x{301}e\x{301}e\x{301}e\x{301}e\x{301}e\x{301}"
          text run at (1040,2145) width 0: " "
          text run at (0,2160) width 1040: "e\x{301}e\x{301}e\x{301}e\x{301}e\x{301}e\x{301}e\x{301}e\x{301}e\x{301}e\x{301}e\x{301}e\x{301}e\x{301}e\x{301}e\x{301}e\x{301}e\x{301}e\x{301}e\x{301}e\x{301}e\x{301}e\x{301}e\x{301}e\x{301}e\x{301}e\x{301}e\x{301}e\x{301}e\x{301}e\x{301}e\x{301}e\x{301} e\x{301} e\x{301}e\x{301}e\x{301}e\x{301}e\x{301}e\x{301}e\x{301}e\x{301}e\x{301}e\x{301}e\x{301}e\x{301}e\x{301}e\x{301}e\x{301}e\x{301}e\x{301}e\x{301}e\x{301}e\x{301}e\x{301}e\x{301}e\x{301}e\x{301}e\x{301}e\x{301}e\x{301}e\x{301}e\x{301}e\x{301}e\x{301}e\x{301}e\x{301}e\x{301}e\x{301}e\x{301}e\x{301}e\x{301}e\x{301}e\x{301}e\x{301}e\x{301}e\x{301} e\x{301}e\x{301}e\x{301}e\x{301}e\x{301}e\x{301}e\x{301}e\x{301}e\x{301}e\x{301}e\x{301}e\x{301}e\x{301}e\x{301}e\x{301}e\x{301}e\x{301}e\x{301}e\x{301}e\x{301}e\x{301}e\x{301}e\x{301}e\x{301}e\x{301}e\x{301}e\x{301}e\x{301}e\x{301}e\x{301} e\x{301}e\x{301}e\x{301}e\x{301}e\x{301}e\x{301}e\x{301}e\x{301}e\x{301}e\x{301}e\x{301}e\x{301}e\x{301}e\x{301}e\x{301}e\x{301}e\x{301}e\x{301}e\x{301}e\x{301}e\x{301}e\x{301}"
          text run at (1040,2160) width 0: " "
          text run at (0,2175) width 1040: "e\x{301}e\x{301}e\x{301}e\x{301}e\x{301}e\x{301}e\x{301}e\x{301}e\x{301}e\x{301}e\x{301}e\x{301}e\x{301}e\x{301}e\x{301}e\x{301}e\x{301}e\x{301}e\x{301}e\x{301}e\x{301}e\x{301}e\x{301}e\x{301}e\x{301}e\x{301}e\x{301}e\x{301}e\x{301}e\x{301}e\x{301}e\x{301} e\x{301} e\x{301}e\x{301}e\x{301}e\x{301}e\x{301}e\x{301}e\x{301}e\x{301}e\x{301}e\x{301}e\x{301}e\x{301}e\x{301}e\x{301}e\x{301}e\x{301}e\x{301}e\x{301}e\x{301}e\x{301}e\x{301}e\x{301}e\x{301}e\x{301}e\x{301}e\x{301}e\x{301}e\x{301}e\x{301}e\x{301}e\x{301}e\x{301}e\x{301}e\x{301}e\x{301}e\x{301}e\x{301}e\x{301}e\x{301}e\x{301}e\x{301}e\x{301}e\x{301} e\x{301}e\x{301}e\x{301}e\x{301}e\x{301}e\x{301}e\x{301}e\x{301}e\x{301}e\x{301}e\x{301}e\x{301}e\x{301}e\x{301}e\x{301}e\x{301}e\x{301}e\x{301}e\x{301}e\x{301}e\x{301}e\x{301}e\x{301}e\x{301}e\x{301}e\x{301}e\x{301}e\x{301}e\x{301}e\x{301} e\x{301}e\x{301}e\x{301}e\x{301}e\x{301}e\x{301}e\x{301}e\x{301}e\x{301}e\x{301}e\x{301}e\x{301}e\x{301}e\x{301}e\x{301}e\x{301}e\x{301}e\x{301}e\x{301}e\x{301}e\x{301}e\x{301}"
          text run at (1040,2175) width 0: " "
          text run at (0,2190) width 1040: "e\x{301}e\x{301}e\x{301}e\x{301}e\x{301}e\x{301}e\x{301}e\x{301}e\x{301}e\x{301}e\x{301}e\x{301}e\x{301}e\x{301}e\x{301}e\x{301}e\x{301}e\x{301}e\x{301}e\x{301}e\x{301}e\x{301}e\x{301}e\x{301}e\x{301}e\x{301}e\x{301}e\x{301}e\x{301}e\x{301}e\x{301}e\x{301} e\x{301} e\x{301}e\x{301}e\x{301}e\x{301}e\x{301}e\x{301}e\x{301}e\x{301}e\x{301}e\x{301}e\x{301}e\x{301}e\x{301}e\x{301}e\x{301}e\x{301}e\x{301}e\x{301}e\x{301}e\x{301}e\x{301}e\x{301}e\x{301}e\x{301}e\x{301}e\x{301}e\x{301}e\x{301}e\x{301}e\x{301}e\x{301}e\x{301}e\x{301}e\x{301}e\x{301}e\x{301}e\x{301}e\x{301}e\x{301}e\x{301}e\x{301}e\x{301}e\x{301} e\x{301}e\x{301}e\x{301}e\x{301}e\x{301}e\x{301}e\x{301}e\x{301}e\x{301}e\x{301}e\x{301}e\x{301}e\x{301}e\x{301}e\x{301}e\x{301}e\x{301}e\x{301}e\x{301}e\x{301}e\x{301}e\x{301}e\x{301}e\x{301}e\x{301}e\x{301}e\x{301}e\x{301}e\x{301}e\x{301} e\x{301}e\x{301}e\x{301}e\x{301}e\x{301}e\x{301}e\x{301}e\x{301}e\x{301}e\x{301}e\x{301}e\x{301}e\x{301}e\x{301}e\x{301}e\x{301}e\x{301}e\x{301}e\x{301}e\x{301}e\x{301}e\x{301}"
          text run at (1040,2190) width 0: " "
          text run at (0,2205) width 1040: "e\x{301}e\x{301}e\x{301}e\x{301}e\x{301}e\x{301}e\x{301}e\x{301}e\x{301}e\x{301}e\x{301}e\x{301}e\x{301}e\x{301}e\x{301}e\x{301}e\x{301}e\x{301}e\x{301}e\x{301}e\x{301}e\x{301}e\x{301}e\x{301}e\x{301}e\x{301}e\x{301}e\x{301}e\x{301}e\x{301}e\x{301}e\x{301} e\x{301} e\x{301}e\x{301}e\x{301}e\x{301}e\x{301}e\x{301}e\x{301}e\x{301}e\x{301}e\x{301}e\x{301}e\x{301}e\x{301}e\x{301}e\x{301}e\x{301}e\x{301}e\x{301}e\x{301}e\x{301}e\x{301}e\x{301}e\x{301}e\x{301}e\x{301}e\x{301}e\x{301}e\x{301}e\x{301}e\x{301}e\x{301}e\x{301}e\x{301}e\x{301}e\x{301}e\x{301}e\x{301}e\x{301}e\x{301}e\x{301}e\x{301}e\x{301}e\x{301} e\x{301}e\x{301}e\x{301}e\x{301}e\x{301}e\x{301}e\x{301}e\x{301}e\x{301}e\x{301}e\x{301}e\x{301}e\x{301}e\x{301}e\x{301}e\x{301}e\x{301}e\x{301}e\x{301}e\x{301}e\x{301}e\x{301}e\x{301}e\x{301}e\x{301}e\x{301}e\x{301}e\x{301}e\x{301}e\x{301} e\x{301}e\x{301}e\x{301}e\x{301}e\x{301}e\x{301}e\x{301}e\x{301}e\x{301}e\x{301}e\x{301}e\x{301}e\x{301}e\x{301}e\x{301}e\x{301}e\x{301}e\x{301}e\x{301}e\x{301}e\x{301}e\x{301}"
          text run at (1040,2205) width 0: " "
          text run at (0,2220) width 1040: "e\x{301}e\x{301}e\x{301}e\x{301}e\x{301}e\x{301}e\x{301}e\x{301}e\x{301}e\x{301}e\x{301}e\x{301}e\x{301}e\x{301}e\x{301}e\x{301}e\x{301}e\x{301}e\x{301}e\x{301}e\x{301}e\x{301}e\x{301}e\x{301}e\x{301}e\x{301}e\x{301}e\x{301}e\x{301}e\x{301}e\x{301}e\x{301} e\x{301} e\x{301}e\x{301}e\x{301}e\x{301}e\x{301}e\x{301}e\x{301}e\x{301}e\x{301}e\x{301}e\x{301}e\x{301}e\x{301}e\x{301}e\x{301}e\x{301}e\x{301}e\x{301}e\x{301}e\x{301}e\x{301}e\x{301}e\x{301}e\x{301}e\x{301}e\x{301}e\x{301}e\x{301}e\x{301}e\x{301}e\x{301}e\x{301}e\x{301}e\x{301}e\x{301}e\x{301}e\x{301}e\x{301}e\x{301}e\x{301}e\x{301}e\x{301}e\x{301} e\x{301}e\x{301}e\x{301}e\x{301}e\x{301}e\x{301}e\x{301}e\x{301}e\x{301}e\x{301}e\x{301}e\x{301}e\x{301}e\x{301}e\x{301}e\x{301}e\x{301}e\x{301}e\x{301}e\x{301}e\x{301}e\x{301}e\x{301}e\x{301}e\x{301}e\x{301}e\x{301}e\x{301}e\x{301}e\x{301} e\x{301}e\x{301}e\x{301}e\x{301}e\x{301}e\x{301}e\x{301}e\x{301}e\x{301}e\x{301}e\x{301}e\x{301}e\x{301}e\x{301}e\x{301}e\x{301}e\x{301}e\x{301}e\x{301}e\x{301}e\x{301}e\x{301}"
          text run at (1040,2220) width 0: " "
          text run at (0,2235) width 1040: "e\x{301}e\x{301}e\x{301}e\x{301}e\x{301}e\x{301}e\x{301}e\x{301}e\x{301}e\x{301}e\x{301}e\x{301}e\x{301}e\x{301}e\x{301}e\x{301}e\x{301}e\x{301}e\x{301}e\x{301}e\x{301}e\x{301}e\x{301}e\x{301}e\x{301}e\x{301}e\x{301}e\x{301}e\x{301}e\x{301}e\x{301}e\x{301} e\x{301} e\x{301}e\x{301}e\x{301}e\x{301}e\x{301}e\x{301}e\x{301}e\x{301}e\x{301}e\x{301}e\x{301}e\x{301}e\x{301}e\x{301}e\x{301}e\x{301}e\x{301}e\x{301}e\x{301}e\x{301}e\x{301}e\x{301}e\x{301}e\x{301}e\x{301}e\x{301}e\x{301}e\x{301}e\x{301}e\x{301}e\x{301}e\x{301}e\x{301}e\x{301}e\x{301}e\x{301}e\x{301}e\x{301}e\x{301}e\x{301}e\x{301}e\x{301}e\x{301} e\x{301}e\x{301}e\x{301}e\x{301}e\x{301}e\x{301}e\x{301}e\x{301}e\x{301}e\x{301}e\x{301}e\x{301}e\x{301}e\x{301}e\x{301}e\x{301}e\x{301}e\x{301}e\x{301}e\x{301}e\x{301}e\x{301}e\x{301}e\x{301}e\x{301}e\x{301}e\x{301}e\x{301}e\x{301}e\x{301} e\x{301}e\x{301}e\x{301}e\x{301}e\x{301}e\x{301}e\x{301}e\x{301}e\x{301}e\x{301}e\x{301}e\x{301}e\x{301}e\x{301}e\x{301}e\x{301}e\x{301}e\x{301}e\x{301}e\x{301}e\x{301}e\x{301}"
          text run at (1040,2235) width 0: " "
          text run at (0,2250) width 1040: "e\x{301}e\x{301}e\x{301}e\x{301}e\x{301}e\x{301}e\x{301}e\x{301}e\x{301}e\x{301}e\x{301}e\x{301}e\x{301}e\x{301}e\x{301}e\x{301}e\x{301}e\x{301}e\x{301}e\x{301}e\x{301}e\x{301}e\x{301}e\x{301}e\x{301}e\x{301}e\x{301}e\x{301}e\x{301}e\x{301}e\x{301}e\x{301} e\x{301} e\x{301}e\x{301}e\x{301}e\x{301}e\x{301}e\x{301}e\x{301}e\x{301}e\x{301}e\x{301}e\x{301}e\x{301}e\x{301}e\x{301}e\x{301}e\x{301}e\x{301}e\x{301}e\x{301}e\x{301}e\x{301}e\x{301}e\x{301}e\x{301}e\x{301}e\x{301}e\x{301}e\x{301}e\x{301}e\x{301}e\x{301}e\x{301}e\x{301}e\x{301}e\x{301}e\x{301}e\x{301}e\x{301}e\x{301}e\x{301}e\x{301}e\x{301}e\x{301} e\x{301}e\x{301}e\x{301}e\x{301}e\x{301}e\x{301}e\x{301}e\x{301}e\x{301}e\x{301}e\x{301}e\x{301}e\x{301}e\x{301}e\x{301}e\x{301}e\x{301}e\x{301}e\x{301}e\x{301}e\x{301}e\x{301}e\x{301}e\x{301}e\x{301}e\x{301}e\x{301}e\x{301}e\x{301}e\x{301} e\x{301}e\x{301}e\x{301}e\x{301}e\x{301}e\x{301}e\x{301}e\x{301}e\x{301}e\x{301}e\x{301}e\x{301}e\x{301}e\x{301}e\x{301}e\x{301}e\x{301}e\x{301}e\x{301}e\x{301}e\x{301}e\x{301}"
          text run at (1040,2250) width 0: " "
          text run at (0,2265) width 1040: "e\x{301}e\x{301}e\x{301}e\x{301}e\x{301}e\x{301}e\x{301}e\x{301}e\x{301}e\x{301}e\x{301}e\x{301}e\x{301}e\x{301}e\x{301}e\x{301}e\x{301}e\x{301}e\x{301}e\x{301}e\x{301}e\x{301}e\x{301}e\x{301}e\x{301}e\x{301}e\x{301}e\x{301}e\x{301}e\x{301}e\x{301}e\x{301} e\x{301} e\x{301}e\x{301}e\x{301}e\x{301}e\x{301}e\x{301}e\x{301}e\x{301}e\x{301}e\x{301}e\x{301}e\x{301}e\x{301}e\x{301}e\x{301}e\x{301}e\x{301}e\x{301}e\x{301}e\x{301}e\x{301}e\x{301}e\x{301}e\x{301}e\x{301}e\x{301}e\x{301}e\x{301}e\x{301}e\x{301}e\x{301}e\x{301}e\x{301}e\x{301}e\x{301}e\x{301}e\x{301}e\x{301}e\x{301}e\x{301}e\x{301}e\x{301}e\x{301} e\x{301}e\x{301}e\x{301}e\x{301}e\x{301}e\x{301}e\x{301}e\x{301}e\x{301}e\x{301}e\x{301}e\x{301}e\x{301}e\x{301}e\x{301}e\x{301}e\x{301}e\x{301}e\x{301}e\x{301}e\x{301}e\x{301}e\x{301}e\x{301}e\x{301}e\x{301}e\x{301}e\x{301}e\x{301}e\x{301} e\x{301}e\x{301}e\x{301}e\x{301}e\x{301}e\x{301}e\x{301}e\x{301}e\x{301}e\x{301}e\x{301}e\x{301}e\x{301}e\x{301}e\x{301}e\x{301}e\x{301}e\x{301}e\x{301}e\x{301}e\x{301}e\x{301}"
          text run at (1040,2265) width 0: " "
          text run at (0,2280) width 1040: "e\x{301}e\x{301}e\x{301}e\x{301}e\x{301}e\x{301}e\x{301}e\x{301}e\x{301}e\x{301}e\x{301}e\x{301}e\x{301}e\x{301}e\x{301}e\x{301}e\x{301}e\x{301}e\x{301}e\x{301}e\x{301}e\x{301}e\x{301}e\x{301}e\x{301}e\x{301}e\x{301}e\x{301}e\x{301}e\x{301}e\x{301}e\x{301} e\x{301} e\x{301}e\x{301}e\x{301}e\x{301}e\x{301}e\x{301}e\x{301}e\x{301}e\x{301}e\x{301}e\x{301}e\x{301}e\x{301}e\x{301}e\x{301}e\x{301}e\x{301}e\x{301}e\x{301}e\x{301}e\x{301}e\x{301}e\x{301}e\x{301}e\x{301}e\x{301}e\x{301}e\x{301}e\x{301}e\x{301}e\x{301}e\x{301}e\x{301}e\x{301}e\x{301}e\x{301}e\x{301}e\x{301}e\x{301}e\x{301}e\x{301}e\x{301}e\x{301} e\x{301}e\x{301}e\x{301}e\x{301}e\x{301}e\x{301}e\x{301}e\x{301}e\x{301}e\x{301}e\x{301}e\x{301}e\x{301}e\x{301}e\x{301}e\x{301}e\x{301}e\x{301}e\x{301}e\x{301}e\x{301}e\x{301}e\x{301}e\x{301}e\x{301}e\x{301}e\x{301}e\x{301}e\x{301}e\x{301} e\x{301}e\x{301}e\x{301}e\x{301}e\x{301}e\x{301}e\x{301}e\x{301}e\x{301}e\x{301}e\x{301}e\x{301}e\x{301}e\x{301}e\x{301}e\x{301}e\x{301}e\x{301}e\x{301}e\x{301}e\x{301}e\x{301}"
          text run at (1040,2280) width 0: " "
          text run at (0,2295) width 1040: "e\x{301}e\x{301}e\x{301}e\x{301}e\x{301}e\x{301}e\x{301}e\x{301}e\x{301}e\x{301}e\x{301}e\x{301}e\x{301}e\x{301}e\x{301}e\x{301}e\x{301}e\x{301}e\x{301}e\x{301}e\x{301}e\x{301}e\x{301}e\x{301}e\x{301}e\x{301}e\x{301}e\x{301}e\x{301}e\x{301}e\x{301}e\x{301} e\x{301} e\x{301}e\x{301}e\x{301}e\x{301}e\x{301}e\x{301}e\x{301}e\x{301}e\x{301}e\x{301}e\x{301}e\x{301}e\x{301}e\x{301}e\x{301}e\x{301}e\x{301}e\x{301}e\x{301}e\x{301}e\x{301}e\x{301}e\x{301}e\x{301}e\x{301}e\x{301}e\x{301}e\x{301}e\x{301}e\x{301}e\x{301}e\x{301}e\x{301}e\x{301}e\x{301}e\x{301}e\x{301}e\x{301}e\x{301}e\x{301}e\x{301}e\x{301}e\x{301} e\x{301}e\x{301}e\x{301}e\x{301}e\x{301}e\x{301}e\x{301}e\x{301}e\x{301}e\x{301}e\x{301}e\x{301}e\x{301}e\x{301}e\x{301}e\x{301}e\x{301}e\x{301}e\x{301}e\x{301}e\x{301}e\x{301}e\x{301}e\x{301}e\x{301}e\x{301}e\x{301}e\x{301}e\x{301}e\x{301} e\x{301}e\x{301}e\x{301}e\x{301}e\x{301}e\x{301}e\x{301}e\x{301}e\x{301}e\x{301}e\x{301}e\x{301}e\x{301}e\x{301}e\x{301}e\x{301}e\x{301}e\x{301}e\x{301}e\x{301}e\x{301}e\x{301}"
          text run at (1040,2295) width 0: " "
          text run at (0,2310) width 1040: "e\x{301}e\x{301}e\x{301}e\x{301}e\x{301}e\x{301}e\x{301}e\x{301}e\x{301}e\x{301}e\x{301}e\x{301}e\x{301}e\x{301}e\x{301}e\x{301}e\x{301}e\x{301}e\x{301}e\x{301}e\x{301}e\x{301}e\x{301}e\x{301}e\x{301}e\x{301}e\x{301}e\x{301}e\x{301}e\x{301}e\x{301}e\x{301} e\x{301} e\x{301}e\x{301}e\x{301}e\x{301}e\x{301}e\x{301}e\x{301}e\x{301}e\x{301}e\x{301}e\x{301}e\x{301}e\x{301}e\x{301}e\x{301}e\x{301}e\x{301}e\x{301}e\x{301}e\x{301}e\x{301}e\x{301}e\x{301}e\x{301}e\x{301}e\x{301}e\x{301}e\x{301}e\x{301}e\x{301}e\x{301}e\x{301}e\x{301}e\x{301}e\x{301}e\x{301}e\x{301}e\x{301}e\x{301}e\x{301}e\x{301}e\x{301}e\x{301} e\x{301}e\x{301}e\x{301}e\x{301}e\x{301}e\x{301}e\x{301}e\x{301}e\x{301}e\x{301}e\x{301}e\x{301}e\x{301}e\x{301}e\x{301}e\x{301}e\x{301}e\x{301}e\x{301}e\x{301}e\x{301}e\x{301}e\x{301}e\x{301}e\x{301}e\x{301}e\x{301}e\x{301}e\x{301}e\x{301} e\x{301}e\x{301}e\x{301}e\x{301}e\x{301}e\x{301}e\x{301}e\x{301}e\x{301}e\x{301}e\x{301}e\x{301}e\x{301}e\x{301}e\x{301}e\x{301}e\x{301}e\x{301}e\x{301}e\x{301}e\x{301}e\x{301}"
          text run at (1040,2310) width 0: " "
          text run at (0,2325) width 1040: "e\x{301}e\x{301}e\x{301}e\x{301}e\x{301}e\x{301}e\x{301}e\x{301}e\x{301}e\x{301}e\x{301}e\x{301}e\x{301}e\x{301}e\x{301}e\x{301}e\x{301}e\x{301}e\x{301}e\x{301}e\x{301}e\x{301}e\x{301}e\x{301}e\x{301}e\x{301}e\x{301}e\x{301}e\x{301}e\x{301}e\x{301}e\x{301} e\x{301} e\x{301}e\x{301}e\x{301}e\x{301}e\x{301}e\x{301}e\x{301}e\x{301}e\x{301}e\x{301}e\x{301}e\x{301}e\x{301}e\x{301}e\x{301}e\x{301}e\x{301}e\x{301}e\x{301}e\x{301}e\x{301}e\x{301}e\x{301}e\x{301}e\x{301}e\x{301}e\x{301}e\x{301}e\x{301}e\x{301}e\x{301}e\x{301}e\x{301}e\x{301}e\x{301}e\x{301}e\x{301}e\x{301}e\x{301}e\x{301}e\x{301}e\x{301}e\x{301} e\x{301}e\x{301}e\x{301}e\x{301}e\x{301}e\x{301}e\x{301}e\x{301}e\x{301}e\x{301}e\x{301}e\x{301}e\x{301}e\x{301}e\x{301}e\x{301}e\x{301}e\x{301}e\x{301}e\x{301}e\x{301}e\x{301}e\x{301}e\x{301}e\x{301}e\x{301}e\x{301}e\x{301}e\x{301}e\x{301} e\x{301}e\x{301}e\x{301}e\x{301}e\x{301}e\x{301}e\x{301}e\x{301}e\x{301}e\x{301}e\x{301}e\x{301}e\x{301}e\x{301}e\x{301}e\x{301}e\x{301}e\x{301}e\x{301}e\x{301}e\x{301}e\x{301}"
          text run at (1040,2325) width 0: " "
          text run at (0,2340) width 1040: "e\x{301}e\x{301}e\x{301}e\x{301}e\x{301}e\x{301}e\x{301}e\x{301}e\x{301}e\x{301}e\x{301}e\x{301}e\x{301}e\x{301}e\x{301}e\x{301}e\x{301}e\x{301}e\x{301}e\x{301}e\x{301}e\x{301}e\x{301}e\x{301}e\x{301}e\x{301}e\x{301}e\x{301}e\x{301}e\x{301}e\x{301}e\x{301} e\x{301} e\x{301}e\x{301}e\x{301}e\x{301}e\x{301}e\x{301}e\x{301}e\x{301}e\x{301}e\x{301}e\x{301}e\x{301}e\x{301}e\x{301}e\x{301}e\x{301}e\x{301}e\x{301}e\x{301}e\x{301}e\x{301}e\x{301}e\x{301}e\x{301}e\x{301}e\x{301}e\x{301}e\x{301}e\x{301}e\x{301}e\x{301}e\x{301}e\x{301}e\x{301}e\x{301}e\x{301}e\x{301}e\x{301}e\x{301}e\x{301}e\x{301}e\x{301}e\x{301} e\x{301}e\x{301}e\x{301}e\x{301}e\x{301}e\x{301}e\x{301}e\x{301}e\x{301}e\x{301}e\x{301}e\x{301}e\x{301}e\x{301}e\x{301}e\x{301}e\x{301}e\x{301}e\x{301}e\x{301}e\x{301}e\x{301}e\x{301}e\x{301}e\x{301}e\x{301}e\x{301}e\x{301}e\x{301}e\x{301} e\x{301}e\x{301}e\x{301}e\x{301}e\x{301}e\x{301}e\x{301}e\x{301}e\x{301}e\x{301}e\x{301}e\x{301}e\x{301}e\x{301}e\x{301}e\x{301}e\x{301}e\x{301}e\x{301}e\x{301}e\x{301}e\x{301}"
          text run at (1040,2340) width 0: " "
          text run at (0,2355) width 1040: "e\x{301}e\x{301}e\x{301}e\x{301}e\x{301}e\x{301}e\x{301}e\x{301}e\x{301}e\x{301}e\x{301}e\x{301}e\x{301}e\x{301}e\x{301}e\x{301}e\x{301}e\x{301}e\x{301}e\x{301}e\x{301}e\x{301}e\x{301}e\x{301}e\x{301}e\x{301}e\x{301}e\x{301}e\x{301}e\x{301}e\x{301}e\x{301} e\x{301} e\x{301}e\x{301}e\x{301}e\x{301}e\x{301}e\x{301}e\x{301}e\x{301}e\x{301}e\x{301}e\x{301}e\x{301}e\x{301}e\x{301}e\x{301}e\x{301}e\x{301}e\x{301}e\x{301}e\x{301}e\x{301}e\x{301}e\x{301}e\x{301}e\x{301}e\x{301}e\x{301}e\x{301}e\x{301}e\x{301}e\x{301}e\x{301}e\x{301}e\x{301}e\x{301}e\x{301}e\x{301}e\x{301}e\x{301}e\x{301}e\x{301}e\x{301}e\x{301} e\x{301}e\x{301}e\x{301}e\x{301}e\x{301}e\x{301}e\x{301}e\x{301}e\x{301}e\x{301}e\x{301}e\x{301}e\x{301}e\x{301}e\x{301}e\x{301}e\x{301}e\x{301}e\x{301}e\x{301}e\x{301}e\x{301}e\x{301}e\x{301}e\x{301}e\x{301}e\x{301}e\x{301}e\x{301}e\x{301} e\x{301}e\x{301}e\x{301}e\x{301}e\x{301}e\x{301}e\x{301}e\x{301}e\x{301}e\x{301}e\x{301}e\x{301}e\x{301}e\x{301}e\x{301}e\x{301}e\x{301}e\x{301}e\x{301}e\x{301}e\x{301}e\x{301}"
          text run at (1040,2355) width 0: " "
          text run at (0,2370) width 1040: "e\x{301}e\x{301}e\x{301}e\x{301}e\x{301}e\x{301}e\x{301}e\x{301}e\x{301}e\x{301}e\x{301}e\x{301}e\x{301}e\x{301}e\x{301}e\x{301}e\x{301}e\x{301}e\x{301}e\x{301}e\x{301}e\x{301}e\x{301}e\x{301}e\x{301}e\x{301}e\x{301}e\x{301}e\x{301}e\x{301}e\x{301}e\x{301} e\x{301} e\x{301}e\x{301}e\x{301}e\x{301}e\x{301}e\x{301}e\x{301}e\x{301}e\x{301}e\x{301}e\x{301}e\x{301}e\x{301}e\x{301}e\x{301}e\x{301}e\x{301}e\x{301}e\x{301}e\x{301}e\x{301}e\x{301}e\x{301}e\x{301}e\x{301}e\x{301}e\x{301}e\x{301}e\x{301}e\x{301}e\x{301}e\x{301}e\x{301}e\x{301}e\x{301}e\x{301}e\x{301}e\x{301}e\x{301}e\x{301}e\x{301}e\x{301}e\x{301} e\x{301}e\x{301}e\x{301}e\x{301}e\x{301}e\x{301}e\x{301}e\x{301}e\x{301}e\x{301}e\x{301}e\x{301}e\x{301}e\x{301}e\x{301}e\x{301}e\x{301}e\x{301}e\x{301}e\x{301}e\x{301}e\x{301}e\x{301}e\x{301}e\x{301}e\x{301}e\x{301}e\x{301}e\x{301}e\x{301} e\x{301}e\x{301}e\x{301}e\x{301}e\x{301}e\x{301}e\x{301}e\x{301}e\x{301}e\x{301}e\x{301}e\x{301}e\x{301}e\x{301}e\x{301}e\x{301}e\x{301}e\x{301}e\x{301}e\x{301}e\x{301}e\x{301}"
          text run at (1040,2370) width 0: " "
          text run at (0,2385) width 1040: "e\x{301}e\x{301}e\x{301}e\x{301}e\x{301}e\x{301}e\x{301}e\x{301}e\x{301}e\x{301}e\x{301}e\x{301}e\x{301}e\x{301}e\x{301}e\x{301}e\x{301}e\x{301}e\x{301}e\x{301}e\x{301}e\x{301}e\x{301}e\x{301}e\x{301}e\x{301}e\x{301}e\x{301}e\x{301}e\x{301}e\x{301}e\x{301} e\x{301} e\x{301}e\x{301}e\x{301}e\x{301}e\x{301}e\x{301}e\x{301}e\x{301}e\x{301}e\x{301}e\x{301}e\x{301}e\x{301}e\x{301}e\x{301}e\x{301}e\x{301}e\x{301}e\x{301}e\x{301}e\x{301}e\x{301}e\x{301}e\x{301}e\x{301}e\x{301}e\x{301}e\x{301}e\x{301}e\x{301}e\x{301}e\x{301}e\x{301}e\x{301}e\x{301}e\x{301}e\x{301}e\x{301}e\x{301}e\x{301}e\x{301}e\x{301}e\x{301} e\x{301}e\x{301}e\x{301}e\x{301}e\x{301}e\x{301}e\x{301}e\x{301}e\x{301}e\x{301}e\x{301}e\x{301}e\x{301}e\x{301}e\x{301}e\x{301}e\x{301}e\x{301}e\x{301}e\x{301}e\x{301}e\x{301}e\x{301}e\x{301}e\x{301}e\x{301}e\x{301}e\x{301}e\x{301}e\x{301} e\x{301}e\x{301}e\x{301}e\x{301}e\x{301}e\x{301}e\x{301}e\x{301}e\x{301}e\x{301}e\x{301}e\x{301}e\x{301}e\x{301}e\x{301}e\x{301}e\x{301}e\x{301}e\x{301}e\x{301}e\x{301}e\x{301}"
          text run at (1040,2385) width 0: " "
          text run at (0,2400) width 1040: "e\x{301}e\x{301}e\x{301}e\x{301}e\x{301}e\x{301}e\x{301}e\x{301}e\x{301}e\x{301}e\x{301}e\x{301}e\x{301}e\x{301}e\x{301}e\x{301}e\x{301}e\x{301}e\x{301}e\x{301}e\x{301}e\x{301}e\x{301}e\x{301}e\x{301}e\x{301}e\x{301}e\x{301}e\x{301}e\x{301}e\x{301}e\x{301} e\x{301} e\x{301}e\x{301}e\x{301}e\x{301}e\x{301}e\x{301}e\x{301}e\x{301}e\x{301}e\x{301}e\x{301}e\x{301}e\x{301}e\x{301}e\x{301}e\x{301}e\x{301}e\x{301}e\x{301}e\x{301}e\x{301}e\x{301}e\x{301}e\x{301}e\x{301}e\x{301}e\x{301}e\x{301}e\x{301}e\x{301}e\x{301}e\x{301}e\x{301}e\x{301}e\x{301}e\x{301}e\x{301}e\x{301}e\x{301}e\x{301}e\x{301}e\x{301}e\x{301} e\x{301}e\x{301}e\x{301}e\x{301}e\x{301}e\x{301}e\x{301}e\x{301}e\x{301}e\x{301}e\x{301}e\x{301}e\x{301}e\x{301}e\x{301}e\x{301}e\x{301}e\x{301}e\x{301}e\x{301}e\x{301}e\x{301}e\x{301}e\x{301}e\x{301}e\x{301}e\x{301}e\x{301}e\x{301}e\x{301} e\x{301}e\x{301}e\x{301}e\x{301}e\x{301}e\x{301}e\x{301}e\x{301}e\x{301}e\x{301}e\x{301}e\x{301}e\x{301}e\x{301}e\x{301}e\x{301}e\x{301}e\x{301}e\x{301}e\x{301}e\x{301}e\x{301}"
          text run at (1040,2400) width 0: " "
          text run at (0,2415) width 1040: "e\x{301}e\x{301}e\x{301}e\x{301}e\x{301}e\x{301}e\x{301}e\x{301}e\x{301}e\x{301}e\x{301}e\x{301}e\x{301}e\x{301}e\x{301}e\x{301}e\x{301}e\x{301}e\x{301}e\x{301}e\x{301}e\x{301}e\x{301}e\x{301}e\x{301}e\x{301}e\x{301}e\x{301}e\x{301}e\x{301}e\x{301}e\x{301} e\x{301} e\x{301}e\x{301}e\x{301}e\x{301}e\x{301}e\x{301}e\x{301}e\x{301}e\x{301}e\x{301}e\x{301}e\x{301}e\x{301}e\x{301}e\x{301}e\x{301}e\x{301}e\x{301}e\x{301}e\x{301}e\x{301}e\x{301}e\x{301}e\x{301}e\x{301}e\x{301}e\x{301}e\x{301}e\x{301}e\x{301}e\x{301}e\x{301}e\x{301}e\x{301}e\x{301}e\x{301}e\x{301}e\x{301}e\x{301}e\x{301}e\x{301}e\x{301}e\x{301} e\x{301}e\x{301}e\x{301}e\x{301}e\x{301}e\x{301}e\x{301}e\x{301}e\x{301}e\x{301}e\x{301}e\x{301}e\x{301}e\x{301}e\x{301}e\x{301}e\x{301}e\x{301}e\x{301}e\x{301}e\x{301}e\x{301}e\x{301}e\x{301}e\x{301}e\x{301}e\x{301}e\x{301}e\x{301}e\x{301} e\x{301}e\x{301}e\x{301}e\x{301}e\x{301}e\x{301}e\x{301}e\x{301}e\x{301}e\x{301}e\x{301}e\x{301}e\x{301}e\x{301}e\x{301}e\x{301}e\x{301}e\x{301}e\x{301}e\x{301}e\x{301}e\x{301}"
          text run at (1040,2415) width 0: " "
          text run at (0,2430) width 1040: "e\x{301}e\x{301}e\x{301}e\x{301}e\x{301}e\x{301}e\x{301}e\x{301}e\x{301}e\x{301}e\x{301}e\x{301}e\x{301}e\x{301}e\x{301}e\x{301}e\x{301}e\x{301}e\x{301}e\x{301}e\x{301}e\x{301}e\x{301}e\x{301}e\x{301}e\x{301}e\x{301}e\x{301}e\x{301}e\x{301}e\x{301}e\x{301} e\x{301} e\x{301}e\x{301}e\x{301}e\x{301}e\x{301}e\x{301}e\x{301}e\x{301}e\x{301}e\x{301}e\x{301}e\x{301}e\x{301}e\x{301}e\x{301}e\x{301}e\x{301}e\x{301}e\x{301}e\x{301}e\x{301}e\x{301}e\x{301}e\x{301}e\x{301}e\x{301}e\x{301}e\x{301}e\x{301}e\x{301}e\x{301}e\x{301}e\x{301}e\x{301}e\x{301}e\x{301}e\x{301}e\x{301}e\x{301}e\x{301}e\x{301}e\x{301}e\x{301} e\x{301}e\x{301}e\x{301}e\x{301}e\x{301}e\x{301}e\x{301}e\x{301}e\x{301}e\x{301}e\x{301}e\x{301}e\x{301}e\x{301}e\x{301}e\x{301}e\x{301}e\x{301}e\x{301}e\x{301}e\x{301}e\x{301}e\x{301}e\x{301}e\x{301}e\x{301}e\x{301}e\x{301}e\x{301}e\x{301} e\x{301}e\x{301}e\x{301}e\x{301}e\x{301}e\x{301}e\x{301}e\x{301}e\x{301}e\x{301}e\x{301}e\x{301}e\x{301}e\x{301}e\x{301}e\x{301}e\x{301}e\x{301}e\x{301}e\x{301}e\x{301}e\x{301}"
          text run at (1040,2430) width 0: " "
          text run at (0,2445) width 1040: "e\x{301}e\x{301}e\x{301}e\x{301}e\x{301}e\x{301}e\x{301}e\x{301}e\x{301}e\x{301}e\x{301}e\x{301}e\x{301}e\x{301}e\x{301}e\x{301}e\x{301}e\x{301}e\x{301}e\x{301}e\x{301}e\x{301}e\x{301}e\x{301}e\x{301}e\x{301}e\x{301}e\x{301}e\x{301}e\x{301}e\x{301}e\x{301} e\x{301} e\x{301}e\x{301}e\x{301}e\x{301}e\x{301}e\x{301}e\x{301}e\x{301}e\x{301}e\x{301}e\x{301}e\x{301}e\x{301}e\x{301}e\x{301}e\x{301}e\x{301}e\x{301}e\x{301}e\x{301}e\x{301}e\x{301}e\x{301}e\x{301}e\x{301}e\x{301}e\x{301}e\x{301}e\x{301}e\x{301}e\x{301}e\x{301}e\x{301}e\x{301}e\x{301}e\x{301}e\x{301}e\x{301}e\x{301}e\x{301}e\x{301}e\x{301}e\x{301} e\x{301}e\x{301}e\x{301}e\x{301}e\x{301}e\x{301}e\x{301}e\x{301}e\x{301}e\x{301}e\x{301}e\x{301}e\x{301}e\x{301}e\x{301}e\x{301}e\x{301}e\x{301}e\x{301}e\x{301}e\x{301}e\x{301}e\x{301}e\x{301}e\x{301}e\x{301}e\x{301}e\x{301}e\x{301}e\x{301} e\x{301}e\x{301}e\x{301}e\x{301}e\x{301}e\x{301}e\x{301}e\x{301}e\x{301}e\x{301}e\x{301}e\x{301}e\x{301}e\x{301}e\x{301}e\x{301}e\x{301}e\x{301}e\x{301}e\x{301}e\x{301}e\x{301}"
          text run at (1040,2445) width 0: " "
          text run at (0,2460) width 1040: "e\x{301}e\x{301}e\x{301}e\x{301}e\x{301}e\x{301}e\x{301}e\x{301}e\x{301}e\x{301}e\x{301}e\x{301}e\x{301}e\x{301}e\x{301}e\x{301}e\x{301}e\x{301}e\x{301}e\x{301}e\x{301}e\x{301}e\x{301}e\x{301}e\x{301}e\x{301}e\x{301}e\x{301}e\x{301}e\x{301}e\x{301}e\x{301} e\x{301} e\x{301}e\x{301}e\x{301}e\x{301}e\x{301}e\x{301}e\x{301}e\x{301}e\x{301}e\x{301}e\x{301}e\x{301}e\x{301}e\x{301}e\x{301}e\x{301}e\x{301}e\x{301}e\x{301}e\x{301}e\x{301}e\x{301}e\x{301}e\x{301}e\x{301}e\x{301}e\x{301}e\x{301}e\x{301}e\x{301}e\x{301}e\x{301}e\x{301}e\x{301}e\x{301}e\x{301}e\x{301}e\x{301}e\x{301}e\x{301}e\x{301}e\x{301}e\x{301} e\x{301}e\x{301}e\x{301}e\x{301}e\x{301}e\x{301}e\x{301}e\x{301}e\x{301}e\x{301}e\x{301}e\x{301}e\x{301}e\x{301}e\x{301}e\x{301}e\x{301}e\x{301}e\x{301}e\x{301}e\x{301}e\x{301}e\x{301}e\x{301}e\x{301}e\x{301}e\x{301}e\x{301}e\x{301}e\x{301} e\x{301}e\x{301}e\x{301}e\x{301}e\x{301}e\x{301}e\x{301}e\x{301}e\x{301}e\x{301}e\x{301}e\x{301}e\x{301}e\x{301}e\x{301}e\x{301}e\x{301}e\x{301}e\x{301}e\x{301}e\x{301}e\x{301}"
          text run at (1040,2460) width 0: " "
          text run at (0,2475) width 1040: "e\x{301}e\x{301}e\x{301}e\x{301}e\x{301}e\x{301}e\x{301}e\x{301}e\x{301}e\x{301}e\x{301}e\x{301}e\x{301}e\x{301}e\x{301}e\x{301}e\x{301}e\x{301}e\x{301}e\x{301}e\x{301}e\x{301}e\x{301}e\x{301}e\x{301}e\x{301}e\x{301}e\x{301}e\x{301}e\x{301}e\x{301}e\x{301} e\x{301} e\x{301}e\x{301}e\x{301}e\x{301}e\x{301}e\x{301}e\x{301}e\x{301}e\x{301}e\x{301}e\x{301}e\x{301}e\x{301}e\x{301}e\x{301}e\x{301}e\x{301}e\x{301}e\x{301}e\x{301}e\x{301}e\x{301}e\x{301}e\x{301}e\x{301}e\x{301}e\x{301}e\x{301}e\x{301}e\x{301}e\x{301}e\x{301}e\x{301}e\x{301}e\x{301}e\x{301}e\x{301}e\x{301}e\x{301}e\x{301}e\x{301}e\x{301}e\x{301} e\x{301}e\x{301}e\x{301}e\x{301}e\x{301}e\x{301}e\x{301}e\x{301}e\x{301}e\x{301}e\x{301}e\x{301}e\x{301}e\x{301}e\x{301}e\x{301}e\x{301}e\x{301}e\x{301}e\x{301}e\x{301}e\x{301}e\x{301}e\x{301}e\x{301}e\x{301}e\x{301}e\x{301}e\x{301}e\x{301} e\x{301}e\x{301}e\x{301}e\x{301}e\x{301}e\x{301}e\x{301}e\x{301}e\x{301}e\x{301}e\x{301}e\x{301}e\x{301}e\x{301}e\x{301}e\x{301}e\x{301}e\x{301}e\x{301}e\x{301}e\x{301}e\x{301}"
          text run at (1040,2475) width 0: " "
          text run at (0,2490) width 1040: "e\x{301}e\x{301}e\x{301}e\x{301}e\x{301}e\x{301}e\x{301}e\x{301}e\x{301}e\x{301}e\x{301}e\x{301}e\x{301}e\x{301}e\x{301}e\x{301}e\x{301}e\x{301}e\x{301}e\x{301}e\x{301}e\x{301}e\x{301}e\x{301}e\x{301}e\x{301}e\x{301}e\x{301}e\x{301}e\x{301}e\x{301}e\x{301} e\x{301} e\x{301}e\x{301}e\x{301}e\x{301}e\x{301}e\x{301}e\x{301}e\x{301}e\x{301}e\x{301}e\x{301}e\x{301}e\x{301}e\x{301}e\x{301}e\x{301}e\x{301}e\x{301}e\x{301}e\x{301}e\x{301}e\x{301}e\x{301}e\x{301}e\x{301}e\x{301}e\x{301}e\x{301}e\x{301}e\x{301}e\x{301}e\x{301}e\x{301}e\x{301}e\x{301}e\x{301}e\x{301}e\x{301}e\x{301}e\x{301}e\x{301}e\x{301}e\x{301} e\x{301}e\x{301}e\x{301}e\x{301}e\x{301}e\x{301}e\x{301}e\x{301}e\x{301}e\x{301}e\x{301}e\x{301}e\x{301}e\x{301}e\x{301}e\x{301}e\x{301}e\x{301}e\x{301}e\x{301}e\x{301}e\x{301}e\x{301}e\x{301}e\x{301}e\x{301}e\x{301}e\x{301}e\x{301}e\x{301} e\x{301}e\x{301}e\x{301}e\x{301}e\x{301}e\x{301}e\x{301}e\x{301}e\x{301}e\x{301}e\x{301}e\x{301}e\x{301}e\x{301}e\x{301}e\x{301}e\x{301}e\x{301}e\x{301}e\x{301}e\x{301}e\x{301}"
          text run at (1040,2490) width 0: " "
          text run at (0,2505) width 1040: "e\x{301}e\x{301}e\x{301}e\x{301}e\x{301}e\x{301}e\x{301}e\x{301}e\x{301}e\x{301}e\x{301}e\x{301}e\x{301}e\x{301}e\x{301}e\x{301}e\x{301}e\x{301}e\x{301}e\x{301}e\x{301}e\x{301}e\x{301}e\x{301}e\x{301}e\x{301}e\x{301}e\x{301}e\x{301}e\x{301}e\x{301}e\x{301} e\x{301} e\x{301}e\x{301}e\x{301}e\x{301}e\x{301}e\x{301}e\x{301}e\x{301}e\x{301}e\x{301}e\x{301}e\x{301}e\x{301}e\x{301}e\x{301}e\x{301}e\x{301}e\x{301}e\x{301}e\x{301}e\x{301}e\x{301}e\x{301}e\x{301}e\x{301}e\x{301}e\x{301}e\x{301}e\x{301}e\x{301}e\x{301}e\x{301}e\x{301}e\x{301}e\x{301}e\x{301}e\x{301}e\x{301}e\x{301}e\x{301}e\x{301}e\x{301}e\x{301} e\x{301}e\x{301}e\x{301}e\x{301}e\x{301}e\x{301}e\x{301}e\x{301}e\x{301}e\x{301}e\x{301}e\x{301}e\x{301}e\x{301}e\x{301}e\x{301}e\x{301}e\x{301}e\x{301}e\x{301}e\x{301}e\x{301}e\x{301}e\x{301}e\x{301}e\x{301}e\x{301}e\x{301}e\x{301}e\x{301} e\x{301}e\x{301}e\x{301}e\x{301}e\x{301}e\x{301}e\x{301}e\x{301}e\x{301}e\x{301}e\x{301}e\x{301}e\x{301}e\x{301}e\x{301}e\x{301}e\x{301}e\x{301}e\x{301}e\x{301}e\x{301}e\x{301}"
          text run at (1040,2505) width 0: " "
          text run at (0,2520) width 1040: "e\x{301}e\x{301}e\x{301}e\x{301}e\x{301}e\x{301}e\x{301}e\x{301}e\x{301}e\x{301}e\x{301}e\x{301}e\x{301}e\x{301}e\x{301}e\x{301}e\x{301}e\x{301}e\x{301}e\x{301}e\x{301}e\x{301}e\x{301}e\x{301}e\x{301}e\x{301}e\x{301}e\x{301}e\x{301}e\x{301}e\x{301}e\x{301} e\x{301} e\x{301}e\x{301}e\x{301}e\x{301}e\x{301}e\x{301}e\x{301}e\x{301}e\x{301}e\x{301}e\x{301}e\x{301}e\x{301}e\x{301}e\x{301}e\x{301}e\x{301}e\x{301}e\x{301}e\x{301}e\x{301}e\x{301}e\x{301}e\x{301}e\x{301}e\x{301}e\x{301}e\x{301}e\x{301}e\x{301}e\x{301}e\x{301}e\x{301}e\x{301}e\x{301}e\x{301}e\x{301}e\x{301}e\x{301}e\x{301}e\x{301}e\x{301}e\x{301} e\x{301}e\x{301}e\x{301}e\x{301}e\x{301}e\x{301}e\x{301}e\x{301}e\x{301}e\x{301}e\x{301}e\x{301}e\x{301}e\x{301}e\x{301}e\x{301}e\x{301}e\x{301}e\x{301}e\x{301}e\x{301}e\x{301}e\x{301}e\x{301}e\x{301}e\x{301}e\x{301}e\x{301}e\x{301}e\x{301} e\x{301}e\x{301}e\x{301}e\x{301}e\x{301}e\x{301}e\x{301}e\x{301}e\x{301}e\x{301}e\x{301}e\x{301}e\x{301}e\x{301}e\x{301}e\x{301}e\x{301}e\x{301}e\x{301}e\x{301}e\x{301}e\x{301}"
          text run at (1040,2520) width 0: " "
          text run at (0,2535) width 1040: "e\x{301}e\x{301}e\x{301}e\x{301}e\x{301}e\x{301}e\x{301}e\x{301}e\x{301}e\x{301}e\x{301}e\x{301}e\x{301}e\x{301}e\x{301}e\x{301}e\x{301}e\x{301}e\x{301}e\x{301}e\x{301}e\x{301}e\x{301}e\x{301}e\x{301}e\x{301}e\x{301}e\x{301}e\x{301}e\x{301}e\x{301}e\x{301} e\x{301} e\x{301}e\x{301}e\x{301}e\x{301}e\x{301}e\x{301}e\x{301}e\x{301}e\x{301}e\x{301}e\x{301}e\x{301}e\x{301}e\x{301}e\x{301}e\x{301}e\x{301}e\x{301}e\x{301}e\x{301}e\x{301}e\x{301}e\x{301}e\x{301}e\x{301}e\x{301}e\x{301}e\x{301}e\x{301}e\x{301}e\x{301}e\x{301}e\x{301}e\x{301}e\x{301}e\x{301}e\x{301}e\x{301}e\x{301}e\x{301}e\x{301}e\x{301}e\x{301} e\x{301}e\x{301}e\x{301}e\x{301}e\x{301}e\x{301}e\x{301}e\x{301}e\x{301}e\x{301}e\x{301}e\x{301}e\x{301}e\x{301}e\x{301}e\x{301}e\x{301}e\x{301}e\x{301}e\x{301}e\x{301}e\x{301}e\x{301}e\x{301}e\x{301}e\x{301}e\x{301}e\x{301}e\x{301}e\x{301} e\x{301}e\x{301}e\x{301}e\x{301}e\x{301}e\x{301}e\x{301}e\x{301}e\x{301}e\x{301}e\x{301}e\x{301}e\x{301}e\x{301}e\x{301}e\x{301}e\x{301}e\x{301}e\x{301}e\x{301}e\x{301}e\x{301}"
          text run at (1040,2535) width 0: " "
          text run at (0,2550) width 1040: "e\x{301}e\x{301}e\x{301}e\x{301}e\x{301}e\x{301}e\x{301}e\x{301}e\x{301}e\x{301}e\x{301}e\x{301}e\x{301}e\x{301}e\x{301}e\x{301}e\x{301}e\x{301}e\x{301}e\x{301}e\x{301}e\x{301}e\x{301}e\x{301}e\x{301}e\x{301}e\x{301}e\x{301}e\x{301}e\x{301}e\x{301}e\x{301} e\x{301} e\x{301}e\x{301}e\x{301}e\x{301}e\x{301}e\x{301}e\x{301}e\x{301}e\x{301}e\x{301}e\x{301}e\x{301}e\x{301}e\x{301}e\x{301}e\x{301}e\x{301}e\x{301}e\x{301}e\x{301}e\x{301}e\x{301}e\x{301}e\x{301}e\x{301}e\x{301}e\x{301}e\x{301}e\x{301}e\x{301}e\x{301}e\x{301}e\x{301}e\x{301}e\x{301}e\x{301}e\x{301}e\x{301}e\x{301}e\x{301}e\x{301}e\x{301}e\x{301} e\x{301}e\x{301}e\x{301}e\x{301}e\x{301}e\x{301}e\x{301}e\x{301}e\x{301}e\x{301}e\x{301}e\x{301}e\x{301}e\x{301}e\x{301}e\x{301}e\x{301}e\x{301}e\x{301}e\x{301}e\x{301}e\x{301}e\x{301}e\x{301}e\x{301}e\x{301}e\x{301}e\x{301}e\x{301}e\x{301} e\x{301}e\x{301}e\x{301}e\x{301}e\x{301}e\x{301}e\x{301}e\x{301}e\x{301}e\x{301}e\x{301}e\x{301}e\x{301}e\x{301}e\x{301}e\x{301}e\x{301}e\x{301}e\x{301}e\x{301}e\x{301}e\x{301}"
          text run at (1040,2550) width 0: " "
          text run at (0,2565) width 1040: "e\x{301}e\x{301}e\x{301}e\x{301}e\x{301}e\x{301}e\x{301}e\x{301}e\x{301}e\x{301}e\x{301}e\x{301}e\x{301}e\x{301}e\x{301}e\x{301}e\x{301}e\x{301}e\x{301}e\x{301}e\x{301}e\x{301}e\x{301}e\x{301}e\x{301}e\x{301}e\x{301}e\x{301}e\x{301}e\x{301}e\x{301}e\x{301} e\x{301} e\x{301}e\x{301}e\x{301}e\x{301}e\x{301}e\x{301}e\x{301}e\x{301}e\x{301}e\x{301}e\x{301}e\x{301}e\x{301}e\x{301}e\x{301}e\x{301}e\x{301}e\x{301}e\x{301}e\x{301}e\x{301}e\x{301}e\x{301}e\x{301}e\x{301}e\x{301}e\x{301}e\x{301}e\x{301}e\x{301}e\x{301}e\x{301}e\x{301}e\x{301}e\x{301}e\x{301}e\x{301}e\x{301}e\x{301}e\x{301}e\x{301}e\x{301}e\x{301} e\x{301}e\x{301}e\x{301}e\x{301}e\x{301}e\x{301}e\x{301}e\x{301}e\x{301}e\x{301}e\x{301}e\x{301}e\x{301}e\x{301}e\x{301}e\x{301}e\x{301}e\x{301}e\x{301}e\x{301}e\x{301}e\x{301}e\x{301}e\x{301}e\x{301}e\x{301}e\x{301}e\x{301}e\x{301}e\x{301} e\x{301}e\x{301}e\x{301}e\x{301}e\x{301}e\x{301}e\x{301}e\x{301}e\x{301}e\x{301}e\x{301}e\x{301}e\x{301}e\x{301}e\x{301}e\x{301}e\x{301}e\x{301}e\x{301}e\x{301}e\x{301}e\x{301}"
          text run at (1040,2565) width 0: " "
          text run at (0,2580) width 1040: "e\x{301}e\x{301}e\x{301}e\x{301}e\x{301}e\x{301}e\x{301}e\x{301}e\x{301}e\x{301}e\x{301}e\x{301}e\x{301}e\x{301}e\x{301}e\x{301}e\x{301}e\x{301}e\x{301}e\x{301}e\x{301}e\x{301}e\x{301}e\x{301}e\x{301}e\x{301}e\x{301}e\x{301}e\x{301}e\x{301}e\x{301}e\x{301} e\x{301} e\x{301}e\x{301}e\x{301}e\x{301}e\x{301}e\x{301}e\x{301}e\x{301}e\x{301}e\x{301}e\x{301}e\x{301}e\x{301}e\x{301}e\x{301}e\x{301}e\x{301}e\x{301}e\x{301}e\x{301}e\x{301}e\x{301}e\x{301}e\x{301}e\x{301}e\x{301}e\x{301}e\x{301}e\x{301}e\x{301}e\x{301}e\x{301}e\x{301}e\x{301}e\x{301}e\x{301}e\x{301}e\x{301}e\x{301}e\x{301}e\x{301}e\x{301}e\x{301} e\x{301}e\x{301}e\x{301}e\x{301}e\x{301}e\x{301}e\x{301}e\x{301}e\x{301}e\x{301}e\x{301}e\x{301}e\x{301}e\x{301}e\x{301}e\x{301}e\x{301}e\x{301}e\x{301}e\x{301}e\x{301}e\x{301}e\x{301}e\x{301}e\x{301}e\x{301}e\x{301}e\x{301}e\x{301}e\x{301} e\x{301}e\x{301}e\x{301}e\x{301}e\x{301}e\x{301}e\x{301}e\x{301}e\x{301}e\x{301}e\x{301}e\x{301}e\x{301}e\x{301}e\x{301}e\x{301}e\x{301}e\x{301}e\x{301}e\x{301}e\x{301}e\x{301}"
          text run at (1040,2580) width 0: " "
          text run at (0,2595) width 1040: "e\x{301}e\x{301}e\x{301}e\x{301}e\x{301}e\x{301}e\x{301}e\x{301}e\x{301}e\x{301}e\x{301}e\x{301}e\x{301}e\x{301}e\x{301}e\x{301}e\x{301}e\x{301}e\x{301}e\x{301}e\x{301}e\x{301}e\x{301}e\x{301}e\x{301}e\x{301}e\x{301}e\x{301}e\x{301}e\x{301}e\x{301}e\x{301} e\x{301} e\x{301}e\x{301}e\x{301}e\x{301}e\x{301}e\x{301}e\x{301}e\x{301}e\x{301}e\x{301}e\x{301}e\x{301}e\x{301}e\x{301}e\x{301}e\x{301}e\x{301}e\x{301}e\x{301}e\x{301}e\x{301}e\x{301}e\x{301}e\x{301}e\x{301}e\x{301}e\x{301}e\x{301}e\x{301}e\x{301}e\x{301}e\x{301}e\x{301}e\x{301}e\x{301}e\x{301}e\x{301}e\x{301}e\x{301}e\x{301}e\x{301}e\x{301}e\x{301} e\x{301}e\x{301}e\x{301}e\x{301}e\x{301}e\x{301}e\x{301}e\x{301}e\x{301}e\x{301}e\x{301}e\x{301}e\x{301}e\x{301}e\x{301}e\x{301}e\x{301}e\x{301}e\x{301}e\x{301}e\x{301}e\x{301}e\x{301}e\x{301}e\x{301}e\x{301}e\x{301}e\x{301}e\x{301}e\x{301} e\x{301}e\x{301}e\x{301}e\x{301}e\x{301}e\x{301}e\x{301}e\x{301}e\x{301}e\x{301}e\x{301}e\x{301}e\x{301}e\x{301}e\x{301}e\x{301}e\x{301}e\x{301}e\x{301}e\x{301}e\x{301}e\x{301}"
          text run at (1040,2595) width 0: " "
          text run at (0,2610) width 1040: "e\x{301}e\x{301}e\x{301}e\x{301}e\x{301}e\x{301}e\x{301}e\x{301}e\x{301}e\x{301}e\x{301}e\x{301}e\x{301}e\x{301}e\x{301}e\x{301}e\x{301}e\x{301}e\x{301}e\x{301}e\x{301}e\x{301}e\x{301}e\x{301}e\x{301}e\x{301}e\x{301}e\x{301}e\x{301}e\x{301}e\x{301}e\x{301} e\x{301} e\x{301}e\x{301}e\x{301}e\x{301}e\x{301}e\x{301}e\x{301}e\x{301}e\x{301}e\x{301}e\x{301}e\x{301}e\x{301}e\x{301}e\x{301}e\x{301}e\x{301}e\x{301}e\x{301}e\x{301}e\x{301}e\x{301}e\x{301}e\x{301}e\x{301}e\x{301}e\x{301}e\x{301}e\x{301}e\x{301}e\x{301}e\x{301}e\x{301}e\x{301}e\x{301}e\x{301}e\x{301}e\x{301}e\x{301}e\x{301}e\x{301}e\x{301}e\x{301} e\x{301}e\x{301}e\x{301}e\x{301}e\x{301}e\x{301}e\x{301}e\x{301}e\x{301}e\x{301}e\x{301}e\x{301}e\x{301}e\x{301}e\x{301}e\x{301}e\x{301}e\x{301}e\x{301}e\x{301}e\x{301}e\x{301}e\x{301}e\x{301}e\x{301}e\x{301}e\x{301}e\x{301}e\x{301}e\x{301} e\x{301}e\x{301}e\x{301}e\x{301}e\x{301}e\x{301}e\x{301}e\x{301}e\x{301}e\x{301}e\x{301}e\x{301}e\x{301}e\x{301}e\x{301}e\x{301}e\x{301}e\x{301}e\x{301}e\x{301}e\x{301}e\x{301}"
          text run at (1040,2610) width 0: " "
          text run at (0,2625) width 1040: "e\x{301}e\x{301}e\x{301}e\x{301}e\x{301}e\x{301}e\x{301}e\x{301}e\x{301}e\x{301}e\x{301}e\x{301}e\x{301}e\x{301}e\x{301}e\x{301}e\x{301}e\x{301}e\x{301}e\x{301}e\x{301}e\x{301}e\x{301}e\x{301}e\x{301}e\x{301}e\x{301}e\x{301}e\x{301}e\x{301}e\x{301}e\x{301} e\x{301} e\x{301}e\x{301}e\x{301}e\x{301}e\x{301}e\x{301}e\x{301}e\x{301}e\x{301}e\x{301}e\x{301}e\x{301}e\x{301}e\x{301}e\x{301}e\x{301}e\x{301}e\x{301}e\x{301}e\x{301}e\x{301}e\x{301}e\x{301}e\x{301}e\x{301}e\x{301}e\x{301}e\x{301}e\x{301}e\x{301}e\x{301}e\x{301}e\x{301}e\x{301}e\x{301}e\x{301}e\x{301}e\x{301}e\x{301}e\x{301}e\x{301}e\x{301}e\x{301} e\x{301}e\x{301}e\x{301}e\x{301}e\x{301}e\x{301}e\x{301}e\x{301}e\x{301}e\x{301}e\x{301}e\x{301}e\x{301}e\x{301}e\x{301}e\x{301}e\x{301}e\x{301}e\x{301}e\x{301}e\x{301}e\x{301}e\x{301}e\x{301}e\x{301}e\x{301}e\x{301}e\x{301}e\x{301}e\x{301} e\x{301}e\x{301}e\x{301}e\x{301}e\x{301}e\x{301}e\x{301}e\x{301}e\x{301}e\x{301}e\x{301}e\x{301}e\x{301}e\x{301}e\x{301}e\x{301}e\x{301}e\x{301}e\x{301}e\x{301}e\x{301}e\x{301}"
          text run at (1040,2625) width 0: " "
          text run at (0,2640) width 1040: "e\x{301}e\x{301}e\x{301}e\x{301}e\x{301}e\x{301}e\x{301}e\x{301}e\x{301}e\x{301}e\x{301}e\x{301}e\x{301}e\x{301}e\x{301}e\x{301}e\x{301}e\x{301}e\x{301}e\x{301}e\x{301}e\x{301}e\x{301}e\x{301}e\x{301}e\x{301}e\x{301}e\x{301}e\x{301}e\x{301}e\x{301}e\x{301} e\x{301} e\x{301}e\x{301}e\x{301}e\x{301}e\x{301}e\x{301}e\x{301}e\x{301}e\x{301}e\x{301}e\x{301}e\x{301}e\x{301}e\x{301}e\x{301}e\x{301}e\x{301}e\x{301}e\x{301}e\x{301}e\x{301}e\x{301}e\x{301}e\x{301}e\x{301}e\x{301}e\x{301}e\x{301}e\x{301}e\x{301}e\x{301}e\x{301}e\x{301}e\x{301}e\x{301}e\x{301}e\x{301}e\x{301}e\x{301}e\x{301}e\x{301}e\x{301}e\x{301} e\x{301}e\x{301}e\x{301}e\x{301}e\x{301}e\x{301}e\x{301}e\x{301}e\x{301}e\x{301}e\x{301}e\x{301}e\x{301}e\x{301}e\x{301}e\x{301}e\x{301}e\x{301}e\x{301}e\x{301}e\x{301}e\x{301}e\x{301}e\x{301}e\x{301}e\x{301}e\x{301}e\x{301}e\x{301}e\x{301} e\x{301}e\x{301}e\x{301}e\x{301}e\x{301}e\x{301}e\x{301}e\x{301}e\x{301}e\x{301}e\x{301}e\x{301}e\x{301}e\x{301}e\x{301}e\x{301}e\x{301}e\x{301}e\x{301}e\x{301}e\x{301}e\x{301}"
          text run at (1040,2640) width 0: " "
          text run at (0,2655) width 1040: "e\x{301}e\x{301}e\x{301}e\x{301}e\x{301}e\x{301}e\x{301}e\x{301}e\x{301}e\x{301}e\x{301}e\x{301}e\x{301}e\x{301}e\x{301}e\x{301}e\x{301}e\x{301}e\x{301}e\x{301}e\x{301}e\x{301}e\x{301}e\x{301}e\x{301}e\x{301}e\x{301}e\x{301}e\x{301}e\x{301}e\x{301}e\x{301} e\x{301} e\x{301}e\x{301}e\x{301}e\x{301}e\x{301}e\x{301}e\x{301}e\x{301}e\x{301}e\x{301}e\x{301}e\x{301}e\x{301}e\x{301}e\x{301}e\x{301}e\x{301}e\x{301}e\x{301}e\x{301}e\x{301}e\x{301}e\x{301}e\x{301}e\x{301}e\x{301}e\x{301}e\x{301}e\x{301}e\x{301}e\x{301}e\x{301}e\x{301}e\x{301}e\x{301}e\x{301}e\x{301}e\x{301}e\x{301}e\x{301}e\x{301}e\x{301}e\x{301} e\x{301}e\x{301}e\x{301}e\x{301}e\x{301}e\x{301}e\x{301}e\x{301}e\x{301}e\x{301}e\x{301}e\x{301}e\x{301}e\x{301}e\x{301}e\x{301}e\x{301}e\x{301}e\x{301}e\x{301}e\x{301}e\x{301}e\x{301}e\x{301}e\x{301}e\x{301}e\x{301}e\x{301}e\x{301}e\x{301} e\x{301}e\x{301}e\x{301}e\x{301}e\x{301}e\x{301}e\x{301}e\x{301}e\x{301}e\x{301}e\x{301}e\x{301}e\x{301}e\x{301}e\x{301}e\x{301}e\x{301}e\x{301}e\x{301}e\x{301}e\x{301}e\x{301}"
          text run at (1040,2655) width 0: " "
          text run at (0,2670) width 1040: "e\x{301}e\x{301}e\x{301}e\x{301}e\x{301}e\x{301}e\x{301}e\x{301}e\x{301}e\x{301}e\x{301}e\x{301}e\x{301}e\x{301}e\x{301}e\x{301}e\x{301}e\x{301}e\x{301}e\x{301}e\x{301}e\x{301}e\x{301}e\x{301}e\x{301}e\x{301}e\x{301}e\x{301}e\x{301}e\x{301}e\x{301}e\x{301} e\x{301} e\x{301}e\x{301}e\x{301}e\x{301}e\x{301}e\x{301}e\x{301}e\x{301}e\x{301}e\x{301}e\x{301}e\x{301}e\x{301}e\x{301}e\x{301}e\x{301}e\x{301}e\x{301}e\x{301}e\x{301}e\x{301}e\x{301}e\x{301}e\x{301}e\x{301}e\x{301}e\x{301}e\x{301}e\x{301}e\x{301}e\x{301}e\x{301}e\x{301}e\x{301}e\x{301}e\x{301}e\x{301}e\x{301}e\x{301}e\x{301}e\x{301}e\x{301}e\x{301} e\x{301}e\x{301}e\x{301}e\x{301}e\x{301}e\x{301}e\x{301}e\x{301}e\x{301}e\x{301}e\x{301}e\x{301}e\x{301}e\x{301}e\x{301}e\x{301}e\x{301}e\x{301}e\x{301}e\x{301}e\x{301}e\x{301}e\x{301}e\x{301}e\x{301}e\x{301}e\x{301}e\x{301}e\x{301}e\x{301} e\x{301}e\x{301}e\x{301}e\x{301}e\x{301}e\x{301}e\x{301}e\x{301}e\x{301}e\x{301}e\x{301}e\x{301}e\x{301}e\x{301}e\x{301}e\x{301}e\x{301}e\x{301}e\x{301}e\x{301}e\x{301}e\x{301}"
          text run at (1040,2670) width 0: " "
          text run at (0,2685) width 1040: "e\x{301}e\x{301}e\x{301}e\x{301}e\x{301}e\x{301}e\x{301}e\x{301}e\x{301}e\x{301}e\x{301}e\x{301}e\x{301}e\x{301}e\x{301}e\x{301}e\x{301}e\x{301}e\x{301}e\x{301}e\x{301}e\x{301}e\x{301}e\x{301}e\x{301}e\x{301}e\x{301}e\x{301}e\x{301}e\x{301}e\x{301}e\x{301} e\x{301} e\x{301}e\x{301}e\x{301}e\x{301}e\x{301}e\x{301}e\x{301}e\x{301}e\x{301}e\x{301}e\x{301}e\x{301}e\x{301}e\x{301}e\x{301}e\x{301}e\x{301}e\x{301}e\x{301}e\x{301}e\x{301}e\x{301}e\x{301}e\x{301}e\x{301}e\x{301}e\x{301}e\x{301}e\x{301}e\x{301}e\x{301}e\x{301}e\x{301}e\x{301}e\x{301}e\x{301}e\x{301}e\x{301}e\x{301}e\x{301}e\x{301}e\x{301}e\x{301} e\x{301}e\x{301}e\x{301}e\x{301}e\x{301}e\x{301}e\x{301}e\x{301}e\x{301}e\x{301}e\x{301}e\x{301}e\x{301}e\x{301}e\x{301}e\x{301}e\x{301}e\x{301}e\x{301}e\x{301}e\x{301}e\x{301}e\x{301}e\x{301}e\x{301}e\x{301}e\x{301}e\x{301}e\x{301}e\x{301} e\x{301}e\x{301}e\x{301}e\x{301}e\x{301}e\x{301}e\x{301}e\x{301}e\x{301}e\x{301}e\x{301}e\x{301}e\x{301}e\x{301}e\x{301}e\x{301}e\x{301}e\x{301}e\x{301}e\x{301}e\x{301}e\x{301}"
          text run at (1040,2685) width 0: " "
          text run at (0,2700) width 1040: "e\x{301}e\x{301}e\x{301}e\x{301}e\x{301}e\x{301}e\x{301}e\x{301}e\x{301}e\x{301}e\x{301}e\x{301}e\x{301}e\x{301}e\x{301}e\x{301}e\x{301}e\x{301}e\x{301}e\x{301}e\x{301}e\x{301}e\x{301}e\x{301}e\x{301}e\x{301}e\x{301}e\x{301}e\x{301}e\x{301}e\x{301}e\x{301} e\x{301} e\x{301}e\x{301}e\x{301}e\x{301}e\x{301}e\x{301}e\x{301}e\x{301}e\x{301}e\x{301}e\x{301}e\x{301}e\x{301}e\x{301}e\x{301}e\x{301}e\x{301}e\x{301}e\x{301}e\x{301}e\x{301}e\x{301}e\x{301}e\x{301}e\x{301}e\x{301}e\x{301}e\x{301}e\x{301}e\x{301}e\x{301}e\x{301}e\x{301}e\x{301}e\x{301}e\x{301}e\x{301}e\x{301}e\x{301}e\x{301}e\x{301}e\x{301}e\x{301} e\x{301}e\x{301}e\x{301}e\x{301}e\x{301}e\x{301}e\x{301}e\x{301}e\x{301}e\x{301}e\x{301}e\x{301}e\x{301}e\x{301}e\x{301}e\x{301}e\x{301}e\x{301}e\x{301}e\x{301}e\x{301}e\x{301}e\x{301}e\x{301}e\x{301}e\x{301}e\x{301}e\x{301}e\x{301}e\x{301} e\x{301}e\x{301}e\x{301}e\x{301}e\x{301}e\x{301}e\x{301}e\x{301}e\x{301}e\x{301}e\x{301}e\x{301}e\x{301}e\x{301}e\x{301}e\x{301}e\x{301}e\x{301}e\x{301}e\x{301}e\x{301}e\x{301}"
          text run at (1040,2700) width 0: " "
          text run at (0,2715) width 1040: "e\x{301}e\x{301}e\x{301}e\x{301}e\x{301}e\x{301}e\x{301}e\x{301}e\x{301}e\x{301}e\x{301}e\x{301}e\x{301}e\x{301}e\x{301}e\x{301}e\x{301}e\x{301}e\x{301}e\x{301}e\x{301}e\x{301}e\x{301}e\x{301}e\x{301}e\x{301}e\x{301}e\x{301}e\x{301}e\x{301}e\x{301}e\x{301} e\x{301} e\x{301}e\x{301}e\x{301}e\x{301}e\x{301}e\x{301}e\x{301}e\x{301}e\x{301}e\x{301}e\x{301}e\x{301}e\x{301}e\x{301}e\x{301}e\x{301}e\x{301}e\x{301}e\x{301}e\x{301}e\x{301}e\x{301}e\x{301}e\x{301}e\x{301}e\x{301}e\x{301}e\x{301}e\x{301}e\x{301}e\x{301}e\x{301}e\x{301}e\x{301}e\x{301}e\x{301}e\x{301}e\x{301}e\x{301}e\x{301}e\x{301}e\x{301}e\x{301} e\x{301}e\x{301}e\x{301}e\x{301}e\x{301}e\x{301}e\x{301}e\x{301}e\x{301}e\x{301}e\x{301}e\x{301}e\x{301}e\x{301}e\x{301}e\x{301}e\x{301}e\x{301}e\x{301}e\x{301}e\x{301}e\x{301}e\x{301}e\x{301}e\x{301}e\x{301}e\x{301}e\x{301}e\x{301}e\x{301} e\x{301}e\x{301}e\x{301}e\x{301}e\x{301}e\x{301}e\x{301}e\x{301}e\x{301}e\x{301}e\x{301}e\x{301}e\x{301}e\x{301}e\x{301}e\x{301}e\x{301}e\x{301}e\x{301}e\x{301}e\x{301}e\x{301}"
          text run at (1040,2715) width 0: " "
          text run at (0,2730) width 1040: "e\x{301}e\x{301}e\x{301}e\x{301}e\x{301}e\x{301}e\x{301}e\x{301}e\x{301}e\x{301}e\x{301}e\x{301}e\x{301}e\x{301}e\x{301}e\x{301}e\x{301}e\x{301}e\x{301}e\x{301}e\x{301}e\x{301}e\x{301}e\x{301}e\x{301}e\x{301}e\x{301}e\x{301}e\x{301}e\x{301}e\x{301}e\x{301} e\x{301} e\x{301}e\x{301}e\x{301}e\x{301}e\x{301}e\x{301}e\x{301}e\x{301}e\x{301}e\x{301}e\x{301}e\x{301}e\x{301}e\x{301}e\x{301}e\x{301}e\x{301}e\x{301}e\x{301}e\x{301}e\x{301}e\x{301}e\x{301}e\x{301}e\x{301}e\x{301}e\x{301}e\x{301}e\x{301}e\x{301}e\x{301}e\x{301}e\x{301}e\x{301}e\x{301}e\x{301}e\x{301}e\x{301}e\x{301}e\x{301}e\x{301}e\x{301}e\x{301} e\x{301}e\x{301}e\x{301}e\x{301}e\x{301}e\x{301}e\x{301}e\x{301}e\x{301}e\x{301}e\x{301}e\x{301}e\x{301}e\x{301}e\x{301}e\x{301}e\x{301}e\x{301}e\x{301}e\x{301}e\x{301}e\x{301}e\x{301}e\x{301}e\x{301}e\x{301}e\x{301}e\x{301}e\x{301}e\x{301} e\x{301}e\x{301}e\x{301}e\x{301}e\x{301}e\x{301}e\x{301}e\x{301}e\x{301}e\x{301}e\x{301}e\x{301}e\x{301}e\x{301}e\x{301}e\x{301}e\x{301}e\x{301}e\x{301}e\x{301}e\x{301}e\x{301}"
          text run at (1040,2730) width 0: " "
          text run at (0,2745) width 1040: "e\x{301}e\x{301}e\x{301}e\x{301}e\x{301}e\x{301}e\x{301}e\x{301}e\x{301}e\x{301}e\x{301}e\x{301}e\x{301}e\x{301}e\x{301}e\x{301}e\x{301}e\x{301}e\x{301}e\x{301}e\x{301}e\x{301}e\x{301}e\x{301}e\x{301}e\x{301}e\x{301}e\x{301}e\x{301}e\x{301}e\x{301}e\x{301} e\x{301} e\x{301}e\x{301}e\x{301}e\x{301}e\x{301}e\x{301}e\x{301}e\x{301}e\x{301}e\x{301}e\x{301}e\x{301}e\x{301}e\x{301}e\x{301}e\x{301}e\x{301}e\x{301}e\x{301}e\x{301}e\x{301}e\x{301}e\x{301}e\x{301}e\x{301}e\x{301}e\x{301}e\x{301}e\x{301}e\x{301}e\x{301}e\x{301}e\x{301}e\x{301}e\x{301}e\x{301}e\x{301}e\x{301}e\x{301}e\x{301}e\x{301}e\x{301}e\x{301} e\x{301}e\x{301}e\x{301}e\x{301}e\x{301}e\x{301}e\x{301}e\x{301}e\x{301}e\x{301}e\x{301}e\x{301}e\x{301}e\x{301}e\x{301}e\x{301}e\x{301}e\x{301}e\x{301}e\x{301}e\x{301}e\x{301}e\x{301}e\x{301}e\x{301}e\x{301}e\x{301}e\x{301}e\x{301}e\x{301} e\x{301}e\x{301}e\x{301}e\x{301}e\x{301}e\x{301}e\x{301}e\x{301}e\x{301}e\x{301}e\x{301}e\x{301}e\x{301}e\x{301}e\x{301}e\x{301}e\x{301}e\x{301}e\x{301}e\x{301}e\x{301}e\x{301}"
          text run at (1040,2745) width 0: " "
          text run at (0,2760) width 1040: "e\x{301}e\x{301}e\x{301}e\x{301}e\x{301}e\x{301}e\x{301}e\x{301}e\x{301}e\x{301}e\x{301}e\x{301}e\x{301}e\x{301}e\x{301}e\x{301}e\x{301}e\x{301}e\x{301}e\x{301}e\x{301}e\x{301}e\x{301}e\x{301}e\x{301}e\x{301}e\x{301}e\x{301}e\x{301}e\x{301}e\x{301}e\x{301} e\x{301} e\x{301}e\x{301}e\x{301}e\x{301}e\x{301}e\x{301}e\x{301}e\x{301}e\x{301}e\x{301}e\x{301}e\x{301}e\x{301}e\x{301}e\x{301}e\x{301}e\x{301}e\x{301}e\x{301}e\x{301}e\x{301}e\x{301}e\x{301}e\x{301}e\x{301}e\x{301}e\x{301}e\x{301}e\x{301}e\x{301}e\x{301}e\x{301}e\x{301}e\x{301}e\x{301}e\x{301}e\x{301}e\x{301}e\x{301}e\x{301}e\x{301}e\x{301}e\x{301} e\x{301}e\x{301}e\x{301}e\x{301}e\x{301}e\x{301}e\x{301}e\x{301}e\x{301}e\x{301}e\x{301}e\x{301}e\x{301}e\x{301}e\x{301}e\x{301}e\x{301}e\x{301}e\x{301}e\x{301}e\x{301}e\x{301}e\x{301}e\x{301}e\x{301}e\x{301}e\x{301}e\x{301}e\x{301}e\x{301} e\x{301}e\x{301}e\x{301}e\x{301}e\x{301}e\x{301}e\x{301}e\x{301}e\x{301}e\x{301}e\x{301}e\x{301}e\x{301}e\x{301}e\x{301}e\x{301}e\x{301}e\x{301}e\x{301}e\x{301}e\x{301}e\x{301}"
          text run at (1040,2760) width 0: " "
          text run at (0,2775) width 1040: "e\x{301}e\x{301}e\x{301}e\x{301}e\x{301}e\x{301}e\x{301}e\x{301}e\x{301}e\x{301}e\x{301}e\x{301}e\x{301}e\x{301}e\x{301}e\x{301}e\x{301}e\x{301}e\x{301}e\x{301}e\x{301}e\x{301}e\x{301}e\x{301}e\x{301}e\x{301}e\x{301}e\x{301}e\x{301}e\x{301}e\x{301}e\x{301} e\x{301} e\x{301}e\x{301}e\x{301}e\x{301}e\x{301}e\x{301}e\x{301}e\x{301}e\x{301}e\x{301}e\x{301}e\x{301}e\x{301}e\x{301}e\x{301}e\x{301}e\x{301}e\x{301}e\x{301}e\x{301}e\x{301}e\x{301}e\x{301}e\x{301}e\x{301}e\x{301}e\x{301}e\x{301}e\x{301}e\x{301}e\x{301}e\x{301}e\x{301}e\x{301}e\x{301}e\x{301}e\x{301}e\x{301}e\x{301}e\x{301}e\x{301}e\x{301}e\x{301} e\x{301}e\x{301}e\x{301}e\x{301}e\x{301}e\x{301}e\x{301}e\x{301}e\x{301}e\x{301}e\x{301}e\x{301}e\x{301}e\x{301}e\x{301}e\x{301}e\x{301}e\x{301}e\x{301}e\x{301}e\x{301}e\x{301}e\x{301}e\x{301}e\x{301}e\x{301}e\x{301}e\x{301}e\x{301}e\x{301} e\x{301}e\x{301}e\x{301}e\x{301}e\x{301}e\x{301}e\x{301}e\x{301}e\x{301}e\x{301}e\x{301}e\x{301}e\x{301}e\x{301}e\x{301}e\x{301}e\x{301}e\x{301}e\x{301}e\x{301}e\x{301}e\x{301}"
          text run at (1040,2775) width 0: " "
          text run at (0,2790) width 1040: "e\x{301}e\x{301}e\x{301}e\x{301}e\x{301}e\x{301}e\x{301}e\x{301}e\x{301}e\x{301}e\x{301}e\x{301}e\x{301}e\x{301}e\x{301}e\x{301}e\x{301}e\x{301}e\x{301}e\x{301}e\x{301}e\x{301}e\x{301}e\x{301}e\x{301}e\x{301}e\x{301}e\x{301}e\x{301}e\x{301}e\x{301}e\x{301} e\x{301} e\x{301}e\x{301}e\x{301}e\x{301}e\x{301}e\x{301}e\x{301}e\x{301}e\x{301}e\x{301}e\x{301}e\x{301}e\x{301}e\x{301}e\x{301}e\x{301}e\x{301}e\x{301}e\x{301}e\x{301}e\x{301}e\x{301}e\x{301}e\x{301}e\x{301}e\x{301}e\x{301}e\x{301}e\x{301}e\x{301}e\x{301}e\x{301}e\x{301}e\x{301}e\x{301}e\x{301}e\x{301}e\x{301}e\x{301}e\x{301}e\x{301}e\x{301}e\x{301} e\x{301}e\x{301}e\x{301}e\x{301}e\x{301}e\x{301}e\x{301}e\x{301}e\x{301}e\x{301}e\x{301}e\x{301}e\x{301}e\x{301}e\x{301}e\x{301}e\x{301}e\x{301}e\x{301}e\x{301}e\x{301}e\x{301}e\x{301}e\x{301}e\x{301}e\x{301}e\x{301}e\x{301}e\x{301}e\x{301} e\x{301}e\x{301}e\x{301}e\x{301}e\x{301}e\x{301}e\x{301}e\x{301}e\x{301}e\x{301}e\x{301}e\x{301}e\x{301}e\x{301}e\x{301}e\x{301}e\x{301}e\x{301}e\x{301}e\x{301}e\x{301}e\x{301}"
          text run at (1040,2790) width 0: " "
          text run at (0,2805) width 1040: "e\x{301}e\x{301}e\x{301}e\x{301}e\x{301}e\x{301}e\x{301}e\x{301}e\x{301}e\x{301}e\x{301}e\x{301}e\x{301}e\x{301}e\x{301}e\x{301}e\x{301}e\x{301}e\x{301}e\x{301}e\x{301}e\x{301}e\x{301}e\x{301}e\x{301}e\x{301}e\x{301}e\x{301}e\x{301}e\x{301}e\x{301}e\x{301} e\x{301} e\x{301}e\x{301}e\x{301}e\x{301}e\x{301}e\x{301}e\x{301}e\x{301}e\x{301}e\x{301}e\x{301}e\x{301}e\x{301}e\x{301}e\x{301}e\x{301}e\x{301}e\x{301}e\x{301}e\x{301}e\x{301}e\x{301}e\x{301}e\x{301}e\x{301}e\x{301}e\x{301}e\x{301}e\x{301}e\x{301}e\x{301}e\x{301}e\x{301}e\x{301}e\x{301}e\x{301}e\x{301}e\x{301}e\x{301}e\x{301}e\x{301}e\x{301}e\x{301} e\x{301}e\x{301}e\x{301}e\x{301}e\x{301}e\x{301}e\x{301}e\x{301}e\x{301}e\x{301}e\x{301}e\x{301}e\x{301}e\x{301}e\x{301}e\x{301}e\x{301}e\x{301}e\x{301}e\x{301}e\x{301}e\x{301}e\x{301}e\x{301}e\x{301}e\x{301}e\x{301}e\x{301}e\x{301}e\x{301} e\x{301}e\x{301}e\x{301}e\x{301}e\x{301}e\x{301}e\x{301}e\x{301}e\x{301}e\x{301}e\x{301}e\x{301}e\x{301}e\x{301}e\x{301}e\x{301}e\x{301}e\x{301}e\x{301}e\x{301}e\x{301}e\x{301}"
          text run at (1040,2805) width 0: " "
          text run at (0,2820) width 1040: "e\x{301}e\x{301}e\x{301}e\x{301}e\x{301}e\x{301}e\x{301}e\x{301}e\x{301}e\x{301}e\x{301}e\x{301}e\x{301}e\x{301}e\x{301}e\x{301}e\x{301}e\x{301}e\x{301}e\x{301}e\x{301}e\x{301}e\x{301}e\x{301}e\x{301}e\x{301}e\x{301}e\x{301}e\x{301}e\x{301}e\x{301}e\x{301} e\x{301} e\x{301}e\x{301}e\x{301}e\x{301}e\x{301}e\x{301}e\x{301}e\x{301}e\x{301}e\x{301}e\x{301}e\x{301}e\x{301}e\x{301}e\x{301}e\x{301}e\x{301}e\x{301}e\x{301}e\x{301}e\x{301}e\x{301}e\x{301}e\x{301}e\x{301}e\x{301}e\x{301}e\x{301}e\x{301}e\x{301}e\x{301}e\x{301}e\x{301}e\x{301}e\x{301}e\x{301}e\x{301}e\x{301}e\x{301}e\x{301}e\x{301}e\x{301}e\x{301} e\x{301}e\x{301}e\x{301}e\x{301}e\x{301}e\x{301}e\x{301}e\x{301}e\x{301}e\x{301}e\x{301}e\x{301}e\x{301}e\x{301}e\x{301}e\x{301}e\x{301}e\x{301}e\x{301}e\x{301}e\x{301}e\x{301}e\x{301}e\x{301}e\x{301}e\x{301}e\x{301}e\x{301}e\x{301}e\x{301} e\x{301}e\x{301}e\x{301}e\x{301}e\x{301}e\x{301}e\x{301}e\x{301}e\x{301}e\x{301}e\x{301}e\x{301}e\x{301}e\x{301}e\x{301}e\x{301}e\x{301}e\x{301}e\x{301}e\x{301}e\x{301}e\x{301}"
          text run at (1040,2820) width 0: " "
          text run at (0,2835) width 1040: "e\x{301}e\x{301}e\x{301}e\x{301}e\x{301}e\x{301}e\x{301}e\x{301}e\x{301}e\x{301}e\x{301}e\x{301}e\x{301}e\x{301}e\x{301}e\x{301}e\x{301}e\x{301}e\x{301}e\x{301}e\x{301}e\x{301}e\x{301}e\x{301}e\x{301}e\x{301}e\x{301}e\x{301}e\x{301}e\x{301}e\x{301}e\x{301} e\x{301} e\x{301}e\x{301}e\x{301}e\x{301}e\x{301}e\x{301}e\x{301}e\x{301}e\x{301}e\x{301}e\x{301}e\x{301}e\x{301}e\x{301}e\x{301}e\x{301}e\x{301}e\x{301}e\x{301}e\x{301}e\x{301}e\x{301}e\x{301}e\x{301}e\x{301}e\x{301}e\x{301}e\x{301}e\x{301}e\x{301}e\x{301}e\x{301}e\x{301}e\x{301}e\x{301}e\x{301}e\x{301}e\x{301}e\x{301}e\x{301}e\x{301}e\x{301}e\x{301} e\x{301}e\x{301}e\x{301}e\x{301}e\x{301}e\x{301}e\x{301}e\x{301}e\x{301}e\x{301}e\x{301}e\x{301}e\x{301}e\x{301}e\x{301}e\x{301}e\x{301}e\x{301}e\x{301}e\x{301}e\x{301}e\x{301}e\x{301}e\x{301}e\x{301}e\x{301}e\x{301}e\x{301}e\x{301}e\x{301} e\x{301}e\x{301}e\x{301}e\x{301}e\x{301}e\x{301}e\x{301}e\x{301}e\x{301}e\x{301}e\x{301}e\x{301}e\x{301}e\x{301}e\x{301}e\x{301}e\x{301}e\x{301}e\x{301}e\x{301}e\x{301}e\x{301}"
          text run at (1040,2835) width 0: " "
          text run at (0,2850) width 1040: "e\x{301}e\x{301}e\x{301}e\x{301}e\x{301}e\x{301}e\x{301}e\x{301}e\x{301}e\x{301}e\x{301}e\x{301}e\x{301}e\x{301}e\x{301}e\x{301}e\x{301}e\x{301}e\x{301}e\x{301}e\x{301}e\x{301}e\x{301}e\x{301}e\x{301}e\x{301}e\x{301}e\x{301}e\x{301}e\x{301}e\x{301}e\x{301} e\x{301} e\x{301}e\x{301}e\x{301}e\x{301}e\x{301}e\x{301}e\x{301}e\x{301}e\x{301}e\x{301}e\x{301}e\x{301}e\x{301}e\x{301}e\x{301}e\x{301}e\x{301}e\x{301}e\x{301}e\x{301}e\x{301}e\x{301}e\x{301}e\x{301}e\x{301}e\x{301}e\x{301}e\x{301}e\x{301}e\x{301}e\x{301}e\x{301}e\x{301}e\x{301}e\x{301}e\x{301}e\x{301}e\x{301}e\x{301}e\x{301}e\x{301}e\x{301}e\x{301} e\x{301}e\x{301}e\x{301}e\x{301}e\x{301}e\x{301}e\x{301}e\x{301}e\x{301}e\x{301}e\x{301}e\x{301}e\x{301}e\x{301}e\x{301}e\x{301}e\x{301}e\x{301}e\x{301}e\x{301}e\x{301}e\x{301}e\x{301}e\x{301}e\x{301}e\x{301}e\x{301}e\x{301}e\x{301}e\x{301} e\x{301}e\x{301}e\x{301}e\x{301}e\x{301}e\x{301}e\x{301}e\x{301}e\x{301}e\x{301}e\x{301}e\x{301}e\x{301}e\x{301}e\x{301}e\x{301}e\x{301}e\x{301}e\x{301}e\x{301}e\x{301}e\x{301}"
          text run at (1040,2850) width 0: " "
          text run at (0,2865) width 1040: "e\x{301}e\x{301}e\x{301}e\x{301}e\x{301}e\x{301}e\x{301}e\x{301}e\x{301}e\x{301}e\x{301}e\x{301}e\x{301}e\x{301}e\x{301}e\x{301}e\x{301}e\x{301}e\x{301}e\x{301}e\x{301}e\x{301}e\x{301}e\x{301}e\x{301}e\x{301}e\x{301}e\x{301}e\x{301}e\x{301}e\x{301}e\x{301} e\x{301} e\x{301}e\x{301}e\x{301}e\x{301}e\x{301}e\x{301}e\x{301}e\x{301}e\x{301}e\x{301}e\x{301}e\x{301}e\x{301}e\x{301}e\x{301}e\x{301}e\x{301}e\x{301}e\x{301}e\x{301}e\x{301}e\x{301}e\x{301}e\x{301}e\x{301}e\x{301}e\x{301}e\x{301}e\x{301}e\x{301}e\x{301}e\x{301}e\x{301}e\x{301}e\x{301}e\x{301}e\x{301}e\x{301}e\x{301}e\x{301}e\x{301}e\x{301}e\x{301} e\x{301}e\x{301}e\x{301}e\x{301}e\x{301}e\x{301}e\x{301}e\x{301}e\x{301}e\x{301}e\x{301}e\x{301}e\x{301}e\x{301}e\x{301}e\x{301}e\x{301}e\x{301}e\x{301}e\x{301}e\x{301}e\x{301}e\x{301}e\x{301}e\x{301}e\x{301}e\x{301}e\x{301}e\x{301}e\x{301} e\x{301}e\x{301}e\x{301}e\x{301}e\x{301}e\x{301}e\x{301}e\x{301}e\x{301}e\x{301}e\x{301}e\x{301}e\x{301}e\x{301}e\x{301}e\x{301}e\x{301}e\x{301}e\x{301}e\x{301}e\x{301}e\x{301}"
          text run at (1040,2865) width 0: " "
          text run at (0,2880) width 1040: "e\x{301}e\x{301}e\x{301}e\x{301}e\x{301}e\x{301}e\x{301}e\x{301}e\x{301}e\x{301}e\x{301}e\x{301}e\x{301}e\x{301}e\x{301}e\x{301}e\x{301}e\x{301}e\x{301}e\x{301}e\x{301}e\x{301}e\x{301}e\x{301}e\x{301}e\x{301}e\x{301}e\x{301}e\x{301}e\x{301}e\x{301}e\x{301} e\x{301} e\x{301}e\x{301}e\x{301}e\x{301}e\x{301}e\x{301}e\x{301}e\x{301}e\x{301}e\x{301}e\x{301}e\x{301}e\x{301}e\x{301}e\x{301}e\x{301}e\x{301}e\x{301}e\x{301}e\x{301}e\x{301}e\x{301}e\x{301}e\x{301}e\x{301}e\x{301}e\x{301}e\x{301}e\x{301}e\x{301}e\x{301}e\x{301}e\x{301}e\x{301}e\x{301}e\x{301}e\x{301}e\x{301}e\x{301}e\x{301}e\x{301}e\x{301}e\x{301} e\x{301}e\x{301}e\x{301}e\x{301}e\x{301}e\x{301}e\x{301}e\x{301}e\x{301}e\x{301}e\x{301}e\x{301}e\x{301}e\x{301}e\x{301}e\x{301}e\x{301}e\x{301}e\x{301}e\x{301}e\x{301}e\x{301}e\x{301}e\x{301}e\x{301}e\x{301}e\x{301}e\x{301}e\x{301}e\x{301} e\x{301}e\x{301}e\x{301}e\x{301}e\x{301}e\x{301}e\x{301}e\x{301}e\x{301}e\x{301}e\x{301}e\x{301}e\x{301}e\x{301}e\x{301}e\x{301}e\x{301}e\x{301}e\x{301}e\x{301}e\x{301}e\x{301}"
          text run at (1040,2880) width 0: " "
          text run at (0,2895) width 1040: "e\x{301}e\x{301}e\x{301}e\x{301}e\x{301}e\x{301}e\x{301}e\x{301}e\x{301}e\x{301}e\x{301}e\x{301}e\x{301}e\x{301}e\x{301}e\x{301}e\x{301}e\x{301}e\x{301}e\x{301}e\x{301}e\x{301}e\x{301}e\x{301}e\x{301}e\x{301}e\x{301}e\x{301}e\x{301}e\x{301}e\x{301}e\x{301} e\x{301} e\x{301}e\x{301}e\x{301}e\x{301}e\x{301}e\x{301}e\x{301}e\x{301}e\x{301}e\x{301}e\x{301}e\x{301}e\x{301}e\x{301}e\x{301}e\x{301}e\x{301}e\x{301}e\x{301}e\x{301}e\x{301}e\x{301}e\x{301}e\x{301}e\x{301}e\x{301}e\x{301}e\x{301}e\x{301}e\x{301}e\x{301}e\x{301}e\x{301}e\x{301}e\x{301}e\x{301}e\x{301}e\x{301}e\x{301}e\x{301}e\x{301}e\x{301}e\x{301} e\x{301}e\x{301}e\x{301}e\x{301}e\x{301}e\x{301}e\x{301}e\x{301}e\x{301}e\x{301}e\x{301}e\x{301}e\x{301}e\x{301}e\x{301}e\x{301}e\x{301}e\x{301}e\x{301}e\x{301}e\x{301}e\x{301}e\x{301}e\x{301}e\x{301}e\x{301}e\x{301}e\x{301}e\x{301}e\x{301} e\x{301}e\x{301}e\x{301}e\x{301}e\x{301}e\x{301}e\x{301}e\x{301}e\x{301}e\x{301}e\x{301}e\x{301}e\x{301}e\x{301}e\x{301}e\x{301}e\x{301}e\x{301}e\x{301}e\x{301}e\x{301}e\x{301}"
          text run at (1040,2895) width 0: " "
          text run at (0,2910) width 1040: "e\x{301}e\x{301}e\x{301}e\x{301}e\x{301}e\x{301}e\x{301}e\x{301}e\x{301}e\x{301}e\x{301}e\x{301}e\x{301}e\x{301}e\x{301}e\x{301}e\x{301}e\x{301}e\x{301}e\x{301}e\x{301}e\x{301}e\x{301}e\x{301}e\x{301}e\x{301}e\x{301}e\x{301}e\x{301}e\x{301}e\x{301}e\x{301} e\x{301} e\x{301}e\x{301}e\x{301}e\x{301}e\x{301}e\x{301}e\x{301}e\x{301}e\x{301}e\x{301}e\x{301}e\x{301}e\x{301}e\x{301}e\x{301}e\x{301}e\x{301}e\x{301}e\x{301}e\x{301}e\x{301}e\x{301}e\x{301}e\x{301}e\x{301}e\x{301}e\x{301}e\x{301}e\x{301}e\x{301}e\x{301}e\x{301}e\x{301}e\x{301}e\x{301}e\x{301}e\x{301}e\x{301}e\x{301}e\x{301}e\x{301}e\x{301}e\x{301} e\x{301}e\x{301}e\x{301}e\x{301}e\x{301}e\x{301}e\x{301}e\x{301}e\x{301}e\x{301}e\x{301}e\x{301}e\x{301}e\x{301}e\x{301}e\x{301}e\x{301}e\x{301}e\x{301}e\x{301}e\x{301}e\x{301}e\x{301}e\x{301}e\x{301}e\x{301}e\x{301}e\x{301}e\x{301}e\x{301} e\x{301}e\x{301}e\x{301}e\x{301}e\x{301}e\x{301}e\x{301}e\x{301}e\x{301}e\x{301}e\x{301}e\x{301}e\x{301}e\x{301}e\x{301}e\x{301}e\x{301}e\x{301}e\x{301}e\x{301}e\x{301}e\x{301}"
          text run at (1040,2910) width 0: " "
          text run at (0,2925) width 1040: "e\x{301}e\x{301}e\x{301}e\x{301}e\x{301}e\x{301}e\x{301}e\x{301}e\x{301}e\x{301}e\x{301}e\x{301}e\x{301}e\x{301}e\x{301}e\x{301}e\x{301}e\x{301}e\x{301}e\x{301}e\x{301}e\x{301}e\x{301}e\x{301}e\x{301}e\x{301}e\x{301}e\x{301}e\x{301}e\x{301}e\x{301}e\x{301} e\x{301} e\x{301}e\x{301}e\x{301}e\x{301}e\x{301}e\x{301}e\x{301}e\x{301}e\x{301}e\x{301}e\x{301}e\x{301}e\x{301}e\x{301}e\x{301}e\x{301}e\x{301}e\x{301}e\x{301}e\x{301}e\x{301}e\x{301}e\x{301}e\x{301}e\x{301}e\x{301}e\x{301}e\x{301}e\x{301}e\x{301}e\x{301}e\x{301}e\x{301}e\x{301}e\x{301}e\x{301}e\x{301}e\x{301}e\x{301}e\x{301}e\x{301}e\x{301}e\x{301} e\x{301}e\x{301}e\x{301}e\x{301}e\x{301}e\x{301}e\x{301}e\x{301}e\x{301}e\x{301}e\x{301}e\x{301}e\x{301}e\x{301}e\x{301}e\x{301}e\x{301}e\x{301}e\x{301}e\x{301}e\x{301}e\x{301}e\x{301}e\x{301}e\x{301}e\x{301}e\x{301}e\x{301}e\x{301}e\x{301} e\x{301}e\x{301}e\x{301}e\x{301}e\x{301}e\x{301}e\x{301}e\x{301}e\x{301}e\x{301}e\x{301}e\x{301}e\x{301}e\x{301}e\x{301}e\x{301}e\x{301}e\x{301}e\x{301}e\x{301}e\x{301}e\x{301}"
          text run at (1040,2925) width 0: " "
          text run at (0,2940) width 1040: "e\x{301}e\x{301}e\x{301}e\x{301}e\x{301}e\x{301}e\x{301}e\x{301}e\x{301}e\x{301}e\x{301}e\x{301}e\x{301}e\x{301}e\x{301}e\x{301}e\x{301}e\x{301}e\x{301}e\x{301}e\x{301}e\x{301}e\x{301}e\x{301}e\x{301}e\x{301}e\x{301}e\x{301}e\x{301}e\x{301}e\x{301}e\x{301} e\x{301} e\x{301}e\x{301}e\x{301}e\x{301}e\x{301}e\x{301}e\x{301}e\x{301}e\x{301}e\x{301}e\x{301}e\x{301}e\x{301}e\x{301}e\x{301}e\x{301}e\x{301}e\x{301}e\x{301}e\x{301}e\x{301}e\x{301}e\x{301}e\x{301}e\x{301}e\x{301}e\x{301}e\x{301}e\x{301}e\x{301}e\x{301}e\x{301}e\x{301}e\x{301}e\x{301}e\x{301}e\x{301}e\x{301}e\x{301}e\x{301}e\x{301}e\x{301}e\x{301} e\x{301}e\x{301}e\x{301}e\x{301}e\x{301}e\x{301}e\x{301}e\x{301}e\x{301}e\x{301}e\x{301}e\x{301}e\x{301}e\x{301}e\x{301}e\x{301}e\x{301}e\x{301}e\x{301}e\x{301}e\x{301}e\x{301}e\x{301}e\x{301}e\x{301}e\x{301}e\x{301}e\x{301}e\x{301}e\x{301} e\x{301}e\x{301}e\x{301}e\x{301}e\x{301}e\x{301}e\x{301}e\x{301}e\x{301}e\x{301}e\x{301}e\x{301}e\x{301}e\x{301}e\x{301}e\x{301}e\x{301}e\x{301}e\x{301}e\x{301}e\x{301}e\x{301}"
          text run at (1040,2940) width 0: " "
          text run at (0,2955) width 1040: "e\x{301}e\x{301}e\x{301}e\x{301}e\x{301}e\x{301}e\x{301}e\x{301}e\x{301}e\x{301}e\x{301}e\x{301}e\x{301}e\x{301}e\x{301}e\x{301}e\x{301}e\x{301}e\x{301}e\x{301}e\x{301}e\x{301}e\x{301}e\x{301}e\x{301}e\x{301}e\x{301}e\x{301}e\x{301}e\x{301}e\x{301}e\x{301} e\x{301} e\x{301}e\x{301}e\x{301}e\x{301}e\x{301}e\x{301}e\x{301}e\x{301}e\x{301}e\x{301}e\x{301}e\x{301}e\x{301}e\x{301}e\x{301}e\x{301}e\x{301}e\x{301}e\x{301}e\x{301}e\x{301}e\x{301}e\x{301}e\x{301}e\x{301}e\x{301}e\x{301}e\x{301}e\x{301}e\x{301}e\x{301}e\x{301}e\x{301}e\x{301}e\x{301}e\x{301}e\x{301}e\x{301}e\x{301}e\x{301}e\x{301}e\x{301}e\x{301} e\x{301}e\x{301}e\x{301}e\x{301}e\x{301}e\x{301}e\x{301}e\x{301}e\x{301}e\x{301}e\x{301}e\x{301}e\x{301}e\x{301}e\x{301}e\x{301}e\x{301}e\x{301}e\x{301}e\x{301}e\x{301}e\x{301}e\x{301}e\x{301}e\x{301}e\x{301}e\x{301}e\x{301}e\x{301}e\x{301} e\x{301}e\x{301}e\x{301}e\x{301}e\x{301}e\x{301}e\x{301}e\x{301}e\x{301}e\x{301}e\x{301}e\x{301}e\x{301}e\x{301}e\x{301}e\x{301}e\x{301}e\x{301}e\x{301}e\x{301}e\x{301}e\x{301}"
          text run at (1040,2955) width 0: " "
          text run at (0,2970) width 1040: "e\x{301}e\x{301}e\x{301}e\x{301}e\x{301}e\x{301}e\x{301}e\x{301}e\x{301}e\x{301}e\x{301}e\x{301}e\x{301}e\x{301}e\x{301}e\x{301}e\x{301}e\x{301}e\x{301}e\x{301}e\x{301}e\x{301}e\x{301}e\x{301}e\x{301}e\x{301}e\x{301}e\x{301}e\x{301}e\x{301}e\x{301}e\x{301} e\x{301} e\x{301}e\x{301}e\x{301}e\x{301}e\x{301}e\x{301}e\x{301}e\x{301}e\x{301}e\x{301}e\x{301}e\x{301}e\x{301}e\x{301}e\x{301}e\x{301}e\x{301}e\x{301}e\x{301}e\x{301}e\x{301}e\x{301}e\x{301}e\x{301}e\x{301}e\x{301}e\x{301}e\x{301}e\x{301}e\x{301}e\x{301}e\x{301}e\x{301}e\x{301}e\x{301}e\x{301}e\x{301}e\x{301}e\x{301}e\x{301}e\x{301}e\x{301}e\x{301} e\x{301}e\x{301}e\x{301}e\x{301}e\x{301}e\x{301}e\x{301}e\x{301}e\x{301}e\x{301}e\x{301}e\x{301}e\x{301}e\x{301}e\x{301}e\x{301}e\x{301}e\x{301}e\x{301}e\x{301}e\x{301}e\x{301}e\x{301}e\x{301}e\x{301}e\x{301}e\x{301}e\x{301}e\x{301}e\x{301} e\x{301}e\x{301}e\x{301}e\x{301}e\x{301}e\x{301}e\x{301}e\x{301}e\x{301}e\x{301}e\x{301}e\x{301}e\x{301}e\x{301}e\x{301}e\x{301}e\x{301}e\x{301}e\x{301}e\x{301}e\x{301}e\x{301}"
          text run at (1040,2970) width 0: " "
          text run at (0,2985) width 1040: "e\x{301}e\x{301}e\x{301}e\x{301}e\x{301}e\x{301}e\x{301}e\x{301}e\x{301}e\x{301}e\x{301}e\x{301}e\x{301}e\x{301}e\x{301}e\x{301}e\x{301}e\x{301}e\x{301}e\x{301}e\x{301}e\x{301}e\x{301}e\x{301}e\x{301}e\x{301}e\x{301}e\x{301}e\x{301}e\x{301}e\x{301}e\x{301} e\x{301} e\x{301}e\x{301}e\x{301}e\x{301}e\x{301}e\x{301}e\x{301}e\x{301}e\x{301}e\x{301}e\x{301}e\x{301}e\x{301}e\x{301}e\x{301}e\x{301}e\x{301}e\x{301}e\x{301}e\x{301}e\x{301}e\x{301}e\x{301}e\x{301}e\x{301}e\x{301}e\x{301}e\x{301}e\x{301}e\x{301}e\x{301}e\x{301}e\x{301}e\x{301}e\x{301}e\x{301}e\x{301}e\x{301}e\x{301}e\x{301}e\x{301}e\x{301}e\x{301} e\x{301}e\x{301}e\x{301}e\x{301}e\x{301}e\x{301}e\x{301}e\x{301}e\x{301}e\x{301}e\x{301}e\x{301}e\x{301}e\x{301}e\x{301}e\x{301}e\x{301}e\x{301}e\x{301}e\x{301}e\x{301}e\x{301}e\x{301}e\x{301}e\x{301}e\x{301}e\x{301}e\x{301}e\x{301}e\x{301} e\x{301}e\x{301}e\x{301}e\x{301}e\x{301}e\x{301}e\x{301}e\x{301}e\x{301}e\x{301}e\x{301}e\x{301}e\x{301}e\x{301}e\x{301}e\x{301}e\x{301}e\x{301}e\x{301}e\x{301}e\x{301}e\x{301}"
          text run at (1040,2985) width 0: " "
          text run at (0,3000) width 1040: "e\x{301}e\x{301}e\x{301}e\x{301}e\x{301}e\x{301}e\x{301}e\x{301}e\x{301}e\x{301}e\x{301}e\x{301}e\x{301}e\x{301}e\x{301}e\x{301}e\x{301}e\x{301}e\x{301}e\x{301}e\x{301}e\x{301}e\x{301}e\x{301}e\x{301}e\x{301}e\x{301}e\x{301}e\x{301}e\x{301}e\x{301}e\x{301} e\x{301} e\x{301}e\x{301}e\x{301}e\x{301}e\x{301}e\x{301}e\x{301}e\x{301}e\x{301}e\x{301}e\x{301}e\x{301}e\x{301}e\x{301}e\x{301}e\x{301}e\x{301}e\x{301}e\x{301}e\x{301}e\x{301}e\x{301}e\x{301}e\x{301}e\x{301}e\x{301}e\x{301}e\x{301}e\x{301}e\x{301}e\x{301}e\x{301}e\x{301}e\x{301}e\x{301}e\x{301}e\x{301}e\x{301}e\x{301}e\x{301}e\x{301}e\x{301}e\x{301} e\x{301}e\x{301}e\x{301}e\x{301}e\x{301}e\x{301}e\x{301}e\x{301}e\x{301}e\x{301}e\x{301}e\x{301}e\x{301}e\x{301}e\x{301}e\x{301}e\x{301}e\x{301}e\x{301}e\x{301}e\x{301}e\x{301}e\x{301}e\x{301}e\x{301}e\x{301}e\x{301}e\x{301}e\x{301}e\x{301} e\x{301}e\x{301}e\x{301}e\x{301}e\x{301}e\x{301}e\x{301}e\x{301}e\x{301}e\x{301}e\x{301}e\x{301}e\x{301}e\x{301}e\x{301}e\x{301}e\x{301}e\x{301}e\x{301}e\x{301}e\x{301}e\x{301}"
          text run at (1040,3000) width 0: " "
          text run at (0,3015) width 1040: "e\x{301}e\x{301}e\x{301}e\x{301}e\x{301}e\x{301}e\x{301}e\x{301}e\x{301}e\x{301}e\x{301}e\x{301}e\x{301}e\x{301}e\x{301}e\x{301}e\x{301}e\x{301}e\x{301}e\x{301}e\x{301}e\x{301}e\x{301}e\x{301}e\x{301}e\x{301}e\x{301}e\x{301}e\x{301}e\x{301}e\x{301}e\x{301} e\x{301} e\x{301}e\x{301}e\x{301}e\x{301}e\x{301}e\x{301}e\x{301}e\x{301}e\x{301}e\x{301}e\x{301}e\x{301}e\x{301}e\x{301}e\x{301}e\x{301}e\x{301}e\x{301}e\x{301}e\x{301}e\x{301}e\x{301}e\x{301}e\x{301}e\x{301}e\x{301}e\x{301}e\x{301}e\x{301}e\x{301}e\x{301}e\x{301}e\x{301}e\x{301}e\x{301}e\x{301}e\x{301}e\x{301}e\x{301}e\x{301}e\x{301}e\x{301}e\x{301} e\x{301}e\x{301}e\x{301}e\x{301}e\x{301}e\x{301}e\x{301}e\x{301}e\x{301}e\x{301}e\x{301}e\x{301}e\x{301}e\x{301}e\x{301}e\x{301}e\x{301}e\x{301}e\x{301}e\x{301}e\x{301}e\x{301}e\x{301}e\x{301}e\x{301}e\x{301}e\x{301}e\x{301}e\x{301}e\x{301} e\x{301}e\x{301}e\x{301}e\x{301}e\x{301}e\x{301}e\x{301}e\x{301}e\x{301}e\x{301}e\x{301}e\x{301}e\x{301}e\x{301}e\x{301}e\x{301}e\x{301}e\x{301}e\x{301}e\x{301}e\x{301}e\x{301}"
          text run at (1040,3015) width 0: " "
          text run at (0,3030) width 1040: "e\x{301}e\x{301}e\x{301}e\x{301}e\x{301}e\x{301}e\x{301}e\x{301}e\x{301}e\x{301}e\x{301}e\x{301}e\x{301}e\x{301}e\x{301}e\x{301}e\x{301}e\x{301}e\x{301}e\x{301}e\x{301}e\x{301}e\x{301}e\x{301}e\x{301}e\x{301}e\x{301}e\x{301}e\x{301}e\x{301}e\x{301}e\x{301} e\x{301} e\x{301}e\x{301}e\x{301}e\x{301}e\x{301}e\x{301}e\x{301}e\x{301}e\x{301}e\x{301}e\x{301}e\x{301}e\x{301}e\x{301}e\x{301}e\x{301}e\x{301}e\x{301}e\x{301}e\x{301}e\x{301}e\x{301}e\x{301}e\x{301}e\x{301}e\x{301}e\x{301}e\x{301}e\x{301}e\x{301}e\x{301}e\x{301}e\x{301}e\x{301}e\x{301}e\x{301}e\x{301}e\x{301}e\x{301}e\x{301}e\x{301}e\x{301}e\x{301} e\x{301}e\x{301}e\x{301}e\x{301}e\x{301}e\x{301}e\x{301}e\x{301}e\x{301}e\x{301}e\x{301}e\x{301}e\x{301}e\x{301}e\x{301}e\x{301}e\x{301}e\x{301}e\x{301}e\x{301}e\x{301}e\x{301}e\x{301}e\x{301}e\x{301}e\x{301}e\x{301}e\x{301}e\x{301}e\x{301} e\x{301}e\x{301}e\x{301}e\x{301}e\x{301}e\x{301}e\x{301}e\x{301}e\x{301}e\x{301}e\x{301}e\x{301}e\x{301}e\x{301}e\x{301}e\x{301}e\x{301}e\x{301}e\x{301}e\x{301}e\x{301}e\x{301}"
          text run at (1040,3030) width 0: " "
          text run at (0,3045) width 1040: "e\x{301}e\x{301}e\x{301}e\x{301}e\x{301}e\x{301}e\x{301}e\x{301}e\x{301}e\x{301}e\x{301}e\x{301}e\x{301}e\x{301}e\x{301}e\x{301}e\x{301}e\x{301}e\x{301}e\x{301}e\x{301}e\x{301}e\x{301}e\x{301}e\x{301}e\x{301}e\x{301}e\x{301}e\x{301}e\x{301}e\x{301}e\x{301} e\x{301} e\x{301}e\x{301}e\x{301}e\x{301}e\x{301}e\x{301}e\x{301}e\x{301}e\x{301}e\x{301}e\x{301}e\x{301}e\x{301}e\x{301}e\x{301}e\x{301}e\x{301}e\x{301}e\x{301}e\x{301}e\x{301}e\x{301}e\x{301}e\x{301}e\x{301}e\x{301}e\x{301}e\x{301}e\x{301}e\x{301}e\x{301}e\x{301}e\x{301}e\x{301}e\x{301}e\x{301}e\x{301}e\x{301}e\x{301}e\x{301}e\x{301}e\x{301}e\x{301} e\x{301}e\x{301}e\x{301}e\x{301}e\x{301}e\x{301}e\x{301}e\x{301}e\x{301}e\x{301}e\x{301}e\x{301}e\x{301}e\x{301}e\x{301}e\x{301}e\x{301}e\x{301}e\x{301}e\x{301}e\x{301}e\x{301}e\x{301}e\x{301}e\x{301}e\x{301}e\x{301}e\x{301}e\x{301}e\x{301} e\x{301}e\x{301}e\x{301}e\x{301}e\x{301}e\x{301}e\x{301}e\x{301}e\x{301}e\x{301}e\x{301}e\x{301}e\x{301}e\x{301}e\x{301}e\x{301}e\x{301}e\x{301}e\x{301}e\x{301}e\x{301}e\x{301}"
          text run at (1040,3045) width 0: " "
          text run at (0,3060) width 1040: "e\x{301}e\x{301}e\x{301}e\x{301}e\x{301}e\x{301}e\x{301}e\x{301}e\x{301}e\x{301}e\x{301}e\x{301}e\x{301}e\x{301}e\x{301}e\x{301}e\x{301}e\x{301}e\x{301}e\x{301}e\x{301}e\x{301}e\x{301}e\x{301}e\x{301}e\x{301}e\x{301}e\x{301}e\x{301}e\x{301}e\x{301}e\x{301} e\x{301} e\x{301}e\x{301}e\x{301}e\x{301}e\x{301}e\x{301}e\x{301}e\x{301}e\x{301}e\x{301}e\x{301}e\x{301}e\x{301}e\x{301}e\x{301}e\x{301}e\x{301}e\x{301}e\x{301}e\x{301}e\x{301}e\x{301}e\x{301}e\x{301}e\x{301}e\x{301}e\x{301}e\x{301}e\x{301}e\x{301}e\x{301}e\x{301}e\x{301}e\x{301}e\x{301}e\x{301}e\x{301}e\x{301}e\x{301}e\x{301}e\x{301}e\x{301}e\x{301} e\x{301}e\x{301}e\x{301}e\x{301}e\x{301}e\x{301}e\x{301}e\x{301}e\x{301}e\x{301}e\x{301}e\x{301}e\x{301}e\x{301}e\x{301}e\x{301}e\x{301}e\x{301}e\x{301}e\x{301}e\x{301}e\x{301}e\x{301}e\x{301}e\x{301}e\x{301}e\x{301}e\x{301}e\x{301}e\x{301} e\x{301}e\x{301}e\x{301}e\x{301}e\x{301}e\x{301}e\x{301}e\x{301}e\x{301}e\x{301}e\x{301}e\x{301}e\x{301}e\x{301}e\x{301}e\x{301}e\x{301}e\x{301}e\x{301}e\x{301}e\x{301}e\x{301}"
          text run at (1040,3060) width 0: " "
          text run at (0,3075) width 1040: "e\x{301}e\x{301}e\x{301}e\x{301}e\x{301}e\x{301}e\x{301}e\x{301}e\x{301}e\x{301}e\x{301}e\x{301}e\x{301}e\x{301}e\x{301}e\x{301}e\x{301}e\x{301}e\x{301}e\x{301}e\x{301}e\x{301}e\x{301}e\x{301}e\x{301}e\x{301}e\x{301}e\x{301}e\x{301}e\x{301}e\x{301}e\x{301} e\x{301} e\x{301}e\x{301}e\x{301}e\x{301}e\x{301}e\x{301}e\x{301}e\x{301}e\x{301}e\x{301}e\x{301}e\x{301}e\x{301}e\x{301}e\x{301}e\x{301}e\x{301}e\x{301}e\x{301}e\x{301}e\x{301}e\x{301}e\x{301}e\x{301}e\x{301}e\x{301}e\x{301}e\x{301}e\x{301}e\x{301}e\x{301}e\x{301}e\x{301}e\x{301}e\x{301}e\x{301}e\x{301}e\x{301}e\x{301}e\x{301}e\x{301}e\x{301}e\x{301} e\x{301}e\x{301}e\x{301}e\x{301}e\x{301}e\x{301}e\x{301}e\x{301}e\x{301}e\x{301}e\x{301}e\x{301}e\x{301}e\x{301}e\x{301}e\x{301}e\x{301}e\x{301}e\x{301}e\x{301}e\x{301}e\x{301}e\x{301}e\x{301}e\x{301}e\x{301}e\x{301}e\x{301}e\x{301}e\x{301} e\x{301}e\x{301}e\x{301}e\x{301}e\x{301}e\x{301}e\x{301}e\x{301}e\x{301}e\x{301}e\x{301}e\x{301}e\x{301}e\x{301}e\x{301}e\x{301}e\x{301}e\x{301}e\x{301}e\x{301}e\x{301}e\x{301}"
          text run at (1040,3075) width 0: " "
          text run at (0,3090) width 1040: "e\x{301}e\x{301}e\x{301}e\x{301}e\x{301}e\x{301}e\x{301}e\x{301}e\x{301}e\x{301}e\x{301}e\x{301}e\x{301}e\x{301}e\x{301}e\x{301}e\x{301}e\x{301}e\x{301}e\x{301}e\x{301}e\x{301}e\x{301}e\x{301}e\x{301}e\x{301}e\x{301}e\x{301}e\x{301}e\x{301}e\x{301}e\x{301} e\x{301} e\x{301}e\x{301}e\x{301}e\x{301}e\x{301}e\x{301}e\x{301}e\x{301}e\x{301}e\x{301}e\x{301}e\x{301}e\x{301}e\x{301}e\x{301}e\x{301}e\x{301}e\x{301}e\x{301}e\x{301}e\x{301}e\x{301}e\x{301}e\x{301}e\x{301}e\x{301}e\x{301}e\x{301}e\x{301}e\x{301}e\x{301}e\x{301}e\x{301}e\x{301}e\x{301}e\x{301}e\x{301}e\x{301}e\x{301}e\x{301}e\x{301}e\x{301}e\x{301} e\x{301}e\x{301}e\x{301}e\x{301}e\x{301}e\x{301}e\x{301}e\x{301}e\x{301}e\x{301}e\x{301}e\x{301}e\x{301}e\x{301}e\x{301}e\x{301}e\x{301}e\x{301}e\x{301}e\x{301}e\x{301}e\x{301}e\x{301}e\x{301}e\x{301}e\x{301}e\x{301}e\x{301}e\x{301}e\x{301} e\x{301}e\x{301}e\x{301}e\x{301}e\x{301}e\x{301}e\x{301}e\x{301}e\x{301}e\x{301}e\x{301}e\x{301}e\x{301}e\x{301}e\x{301}e\x{301}e\x{301}e\x{301}e\x{301}e\x{301}e\x{301}e\x{301}"
          text run at (1040,3090) width 0: " "
          text run at (0,3105) width 1040: "e\x{301}e\x{301}e\x{301}e\x{301}e\x{301}e\x{301}e\x{301}e\x{301}e\x{301}e\x{301}e\x{301}e\x{301}e\x{301}e\x{301}e\x{301}e\x{301}e\x{301}e\x{301}e\x{301}e\x{301}e\x{301}e\x{301}e\x{301}e\x{301}e\x{301}e\x{301}e\x{301}e\x{301}e\x{301}e\x{301}e\x{301}e\x{301} e\x{301} e\x{301}e\x{301}e\x{301}e\x{301}e\x{301}e\x{301}e\x{301}e\x{301}e\x{301}e\x{301}e\x{301}e\x{301}e\x{301}e\x{301}e\x{301}e\x{301}e\x{301}e\x{301}e\x{301}e\x{301}e\x{301}e\x{301}e\x{301}e\x{301}e\x{301}e\x{301}e\x{301}e\x{301}e\x{301}e\x{301}e\x{301}e\x{301}e\x{301}e\x{301}e\x{301}e\x{301}e\x{301}e\x{301}e\x{301}e\x{301}e\x{301}e\x{301}e\x{301} e\x{301}e\x{301}e\x{301}e\x{301}e\x{301}e\x{301}e\x{301}e\x{301}e\x{301}e\x{301}e\x{301}e\x{301}e\x{301}e\x{301}e\x{301}e\x{301}e\x{301}e\x{301}e\x{301}e\x{301}e\x{301}e\x{301}e\x{301}e\x{301}e\x{301}e\x{301}e\x{301}e\x{301}e\x{301}e\x{301} e\x{301}e\x{301}e\x{301}e\x{301}e\x{301}e\x{301}e\x{301}e\x{301}e\x{301}e\x{301}e\x{301}e\x{301}e\x{301}e\x{301}e\x{301}e\x{301}e\x{301}e\x{301}e\x{301}e\x{301}e\x{301}e\x{301}"
          text run at (1040,3105) width 0: " "
          text run at (0,3120) width 1040: "e\x{301}e\x{301}e\x{301}e\x{301}e\x{301}e\x{301}e\x{301}e\x{301}e\x{301}e\x{301}e\x{301}e\x{301}e\x{301}e\x{301}e\x{301}e\x{301}e\x{301}e\x{301}e\x{301}e\x{301}e\x{301}e\x{301}e\x{301}e\x{301}e\x{301}e\x{301}e\x{301}e\x{301}e\x{301}e\x{301}e\x{301}e\x{301} e\x{301} e\x{301}e\x{301}e\x{301}e\x{301}e\x{301}e\x{301}e\x{301}e\x{301}e\x{301}e\x{301}e\x{301}e\x{301}e\x{301}e\x{301}e\x{301}e\x{301}e\x{301}e\x{301}e\x{301}e\x{301}e\x{301}e\x{301}e\x{301}e\x{301}e\x{301}e\x{301}e\x{301}e\x{301}e\x{301}e\x{301}e\x{301}e\x{301}e\x{301}e\x{301}e\x{301}e\x{301}e\x{301}e\x{301}e\x{301}e\x{301}e\x{301}e\x{301}e\x{301} e\x{301}e\x{301}e\x{301}e\x{301}e\x{301}e\x{301}e\x{301}e\x{301}e\x{301}e\x{301}e\x{301}e\x{301}e\x{301}e\x{301}e\x{301}e\x{301}e\x{301}e\x{301}e\x{301}e\x{301}e\x{301}e\x{301}e\x{301}e\x{301}e\x{301}e\x{301}e\x{301}e\x{301}e\x{301}e\x{301} e\x{301}e\x{301}e\x{301}e\x{301}e\x{301}e\x{301}e\x{301}e\x{301}e\x{301}e\x{301}e\x{301}e\x{301}e\x{301}e\x{301}e\x{301}e\x{301}e\x{301}e\x{301}e\x{301}e\x{301}e\x{301}e\x{301}"
          text run at (1040,3120) width 0: " "
          text run at (0,3135) width 1040: "e\x{301}e\x{301}e\x{301}e\x{301}e\x{301}e\x{301}e\x{301}e\x{301}e\x{301}e\x{301}e\x{301}e\x{301}e\x{301}e\x{301}e\x{301}e\x{301}e\x{301}e\x{301}e\x{301}e\x{301}e\x{301}e\x{301}e\x{301}e\x{301}e\x{301}e\x{301}e\x{301}e\x{301}e\x{301}e\x{301}e\x{301}e\x{301} e\x{301} e\x{301}e\x{301}e\x{301}e\x{301}e\x{301}e\x{301}e\x{301}e\x{301}e\x{301}e\x{301}e\x{301}e\x{301}e\x{301}e\x{301}e\x{301}e\x{301}e\x{301}e\x{301}e\x{301}e\x{301}e\x{301}e\x{301}e\x{301}e\x{301}e\x{301}e\x{301}e\x{301}e\x{301}e\x{301}e\x{301}e\x{301}e\x{301}e\x{301}e\x{301}e\x{301}e\x{301}e\x{301}e\x{301}e\x{301}e\x{301}e\x{301}e\x{301}e\x{301} e\x{301}e\x{301}e\x{301}e\x{301}e\x{301}e\x{301}e\x{301}e\x{301}e\x{301}e\x{301}e\x{301}e\x{301}e\x{301}e\x{301}e\x{301}e\x{301}e\x{301}e\x{301}e\x{301}e\x{301}e\x{301}e\x{301}e\x{301}e\x{301}e\x{301}e\x{301}e\x{301}e\x{301}e\x{301}e\x{301} e\x{301}e\x{301}e\x{301}e\x{301}e\x{301}e\x{301}e\x{301}e\x{301}e\x{301}e\x{301}e\x{301}e\x{301}e\x{301}e\x{301}e\x{301}e\x{301}e\x{301}e\x{301}e\x{301}e\x{301}e\x{301}e\x{301}"
          text run at (1040,3135) width 0: " "
          text run at (0,3150) width 1040: "e\x{301}e\x{301}e\x{301}e\x{301}e\x{301}e\x{301}e\x{301}e\x{301}e\x{301}e\x{301}e\x{301}e\x{301}e\x{301}e\x{301}e\x{301}e\x{301}e\x{301}e\x{301}e\x{301}e\x{301}e\x{301}e\x{301}e\x{301}e\x{301}e\x{301}e\x{301}e\x{301}e\x{301}e\x{301}e\x{301}e\x{301}e\x{301} e\x{301} e\x{301}e\x{301}e\x{301}e\x{301}e\x{301}e\x{301}e\x{301}e\x{301}e\x{301}e\x{301}e\x{301}e\x{301}e\x{301}e\x{301}e\x{301}e\x{301}e\x{301}e\x{301}e\x{301}e\x{301}e\x{301}e\x{301}e\x{301}e\x{301}e\x{301}e\x{301}e\x{301}e\x{301}e\x{301}e\x{301}e\x{301}e\x{301}e\x{301}e\x{301}e\x{301}e\x{301}e\x{301}e\x{301}e\x{301}e\x{301}e\x{301}e\x{301}e\x{301} e\x{301}e\x{301}e\x{301}e\x{301}e\x{301}e\x{301}e\x{301}e\x{301}e\x{301}e\x{301}e\x{301}e\x{301}e\x{301}e\x{301}e\x{301}e\x{301}e\x{301}e\x{301}e\x{301}e\x{301}e\x{301}e\x{301}e\x{301}e\x{301}e\x{301}e\x{301}e\x{301}e\x{301}e\x{301}e\x{301} e\x{301}e\x{301}e\x{301}e\x{301}e\x{301}e\x{301}e\x{301}e\x{301}e\x{301}e\x{301}e\x{301}e\x{301}e\x{301}e\x{301}e\x{301}e\x{301}e\x{301}e\x{301}e\x{301}e\x{301}e\x{301}e\x{301}"
          text run at (1040,3150) width 0: " "
          text run at (0,3165) width 1040: "e\x{301}e\x{301}e\x{301}e\x{301}e\x{301}e\x{301}e\x{301}e\x{301}e\x{301}e\x{301}e\x{301}e\x{301}e\x{301}e\x{301}e\x{301}e\x{301}e\x{301}e\x{301}e\x{301}e\x{301}e\x{301}e\x{301}e\x{301}e\x{301}e\x{301}e\x{301}e\x{301}e\x{301}e\x{301}e\x{301}e\x{301}e\x{301} e\x{301} e\x{301}e\x{301}e\x{301}e\x{301}e\x{301}e\x{301}e\x{301}e\x{301}e\x{301}e\x{301}e\x{301}e\x{301}e\x{301}e\x{301}e\x{301}e\x{301}e\x{301}e\x{301}e\x{301}e\x{301}e\x{301}e\x{301}e\x{301}e\x{301}e\x{301}e\x{301}e\x{301}e\x{301}e\x{301}e\x{301}e\x{301}e\x{301}e\x{301}e\x{301}e\x{301}e\x{301}e\x{301}e\x{301}e\x{301}e\x{301}e\x{301}e\x{301}e\x{301} e\x{301}e\x{301}e\x{301}e\x{301}e\x{301}e\x{301}e\x{301}e\x{301}e\x{301}e\x{301}e\x{301}e\x{301}e\x{301}e\x{301}e\x{301}e\x{301}e\x{301}e\x{301}e\x{301}e\x{301}e\x{301}e\x{301}e\x{301}e\x{301}e\x{301}e\x{301}e\x{301}e\x{301}e\x{301}e\x{301} e\x{301}e\x{301}e\x{301}e\x{301}e\x{301}e\x{301}e\x{301}e\x{301}e\x{301}e\x{301}e\x{301}e\x{301}e\x{301}e\x{301}e\x{301}e\x{301}e\x{301}e\x{301}e\x{301}e\x{301}e\x{301}e\x{301}"
          text run at (1040,3165) width 0: " "
          text run at (0,3180) width 1040: "e\x{301}e\x{301}e\x{301}e\x{301}e\x{301}e\x{301}e\x{301}e\x{301}e\x{301}e\x{301}e\x{301}e\x{301}e\x{301}e\x{301}e\x{301}e\x{301}e\x{301}e\x{301}e\x{301}e\x{301}e\x{301}e\x{301}e\x{301}e\x{301}e\x{301}e\x{301}e\x{301}e\x{301}e\x{301}e\x{301}e\x{301}e\x{301} e\x{301} e\x{301}e\x{301}e\x{301}e\x{301}e\x{301}e\x{301}e\x{301}e\x{301}e\x{301}e\x{301}e\x{301}e\x{301}e\x{301}e\x{301}e\x{301}e\x{301}e\x{301}e\x{301}e\x{301}e\x{301}e\x{301}e\x{301}e\x{301}e\x{301}e\x{301}e\x{301}e\x{301}e\x{301}e\x{301}e\x{301}e\x{301}e\x{301}e\x{301}e\x{301}e\x{301}e\x{301}e\x{301}e\x{301}e\x{301}e\x{301}e\x{301}e\x{301}e\x{301} e\x{301}e\x{301}e\x{301}e\x{301}e\x{301}e\x{301}e\x{301}e\x{301}e\x{301}e\x{301}e\x{301}e\x{301}e\x{301}e\x{301}e\x{301}e\x{301}e\x{301}e\x{301}e\x{301}e\x{301}e\x{301}e\x{301}e\x{301}e\x{301}e\x{301}e\x{301}e\x{301}e\x{301}e\x{301}e\x{301} e\x{301}e\x{301}e\x{301}e\x{301}e\x{301}e\x{301}e\x{301}e\x{301}e\x{301}e\x{301}e\x{301}e\x{301}e\x{301}e\x{301}e\x{301}e\x{301}e\x{301}e\x{301}e\x{301}e\x{301}e\x{301}e\x{301}"
          text run at (1040,3180) width 0: " "
          text run at (0,3195) width 1040: "e\x{301}e\x{301}e\x{301}e\x{301}e\x{301}e\x{301}e\x{301}e\x{301}e\x{301}e\x{301}e\x{301}e\x{301}e\x{301}e\x{301}e\x{301}e\x{301}e\x{301}e\x{301}e\x{301}e\x{301}e\x{301}e\x{301}e\x{301}e\x{301}e\x{301}e\x{301}e\x{301}e\x{301}e\x{301}e\x{301}e\x{301}e\x{301} e\x{301} e\x{301}e\x{301}e\x{301}e\x{301}e\x{301}e\x{301}e\x{301}e\x{301}e\x{301}e\x{301}e\x{301}e\x{301}e\x{301}e\x{301}e\x{301}e\x{301}e\x{301}e\x{301}e\x{301}e\x{301}e\x{301}e\x{301}e\x{301}e\x{301}e\x{301}e\x{301}e\x{301}e\x{301}e\x{301}e\x{301}e\x{301}e\x{301}e\x{301}e\x{301}e\x{301}e\x{301}e\x{301}e\x{301}e\x{301}e\x{301}e\x{301}e\x{301}e\x{301} e\x{301}e\x{301}e\x{301}e\x{301}e\x{301}e\x{301}e\x{301}e\x{301}e\x{301}e\x{301}e\x{301}e\x{301}e\x{301}e\x{301}e\x{301}e\x{301}e\x{301}e\x{301}e\x{301}e\x{301}e\x{301}e\x{301}e\x{301}e\x{301}e\x{301}e\x{301}e\x{301}e\x{301}e\x{301}e\x{301} e\x{301}e\x{301}e\x{301}e\x{301}e\x{301}e\x{301}e\x{301}e\x{301}e\x{301}e\x{301}e\x{301}e\x{301}e\x{301}e\x{301}e\x{301}e\x{301}e\x{301}e\x{301}e\x{301}e\x{301}e\x{301}e\x{301}"
          text run at (1040,3195) width 0: " "
          text run at (0,3210) width 1040: "e\x{301}e\x{301}e\x{301}e\x{301}e\x{301}e\x{301}e\x{301}e\x{301}e\x{301}e\x{301}e\x{301}e\x{301}e\x{301}e\x{301}e\x{301}e\x{301}e\x{301}e\x{301}e\x{301}e\x{301}e\x{301}e\x{301}e\x{301}e\x{301}e\x{301}e\x{301}e\x{301}e\x{301}e\x{301}e\x{301}e\x{301}e\x{301} e\x{301} e\x{301}e\x{301}e\x{301}e\x{301}e\x{301}e\x{301}e\x{301}e\x{301}e\x{301}e\x{301}e\x{301}e\x{301}e\x{301}e\x{301}e\x{301}e\x{301}e\x{301}e\x{301}e\x{301}e\x{301}e\x{301}e\x{301}e\x{301}e\x{301}e\x{301}e\x{301}e\x{301}e\x{301}e\x{301}e\x{301}e\x{301}e\x{301}e\x{301}e\x{301}e\x{301}e\x{301}e\x{301}e\x{301}e\x{301}e\x{301}e\x{301}e\x{301}e\x{301} e\x{301}e\x{301}e\x{301}e\x{301}e\x{301}e\x{301}e\x{301}e\x{301}e\x{301}e\x{301}e\x{301}e\x{301}e\x{301}e\x{301}e\x{301}e\x{301}e\x{301}e\x{301}e\x{301}e\x{301}e\x{301}e\x{301}e\x{301}e\x{301}e\x{301}e\x{301}e\x{301}e\x{301}e\x{301}e\x{301} e\x{301}e\x{301}e\x{301}e\x{301}e\x{301}e\x{301}e\x{301}e\x{301}e\x{301}e\x{301}e\x{301}e\x{301}e\x{301}e\x{301}e\x{301}e\x{301}e\x{301}e\x{301}e\x{301}e\x{301}e\x{301}e\x{301}"
          text run at (1040,3210) width 0: " "
          text run at (0,3225) width 1040: "e\x{301}e\x{301}e\x{301}e\x{301}e\x{301}e\x{301}e\x{301}e\x{301}e\x{301}e\x{301}e\x{301}e\x{301}e\x{301}e\x{301}e\x{301}e\x{301}e\x{301}e\x{301}e\x{301}e\x{301}e\x{301}e\x{301}e\x{301}e\x{301}e\x{301}e\x{301}e\x{301}e\x{301}e\x{301}e\x{301}e\x{301}e\x{301} e\x{301} e\x{301}e\x{301}e\x{301}e\x{301}e\x{301}e\x{301}e\x{301}e\x{301}e\x{301}e\x{301}e\x{301}e\x{301}e\x{301}e\x{301}e\x{301}e\x{301}e\x{301}e\x{301}e\x{301}e\x{301}e\x{301}e\x{301}e\x{301}e\x{301}e\x{301}e\x{301}e\x{301}e\x{301}e\x{301}e\x{301}e\x{301}e\x{301}e\x{301}e\x{301}e\x{301}e\x{301}e\x{301}e\x{301}e\x{301}e\x{301}e\x{301}e\x{301}e\x{301} e\x{301}e\x{301}e\x{301}e\x{301}e\x{301}e\x{301}e\x{301}e\x{301}e\x{301}e\x{301}e\x{301}e\x{301}e\x{301}e\x{301}e\x{301}e\x{301}e\x{301}e\x{301}e\x{301}e\x{301}e\x{301}e\x{301}e\x{301}e\x{301}e\x{301}e\x{301}e\x{301}e\x{301}e\x{301}e\x{301} e\x{301}e\x{301}e\x{301}e\x{301}e\x{301}e\x{301}e\x{301}e\x{301}e\x{301}e\x{301}e\x{301}e\x{301}e\x{301}e\x{301}e\x{301}e\x{301}e\x{301}e\x{301}e\x{301}e\x{301}e\x{301}e\x{301}"
          text run at (1040,3225) width 0: " "
          text run at (0,3240) width 1040: "e\x{301}e\x{301}e\x{301}e\x{301}e\x{301}e\x{301}e\x{301}e\x{301}e\x{301}e\x{301}e\x{301}e\x{301}e\x{301}e\x{301}e\x{301}e\x{301}e\x{301}e\x{301}e\x{301}e\x{301}e\x{301}e\x{301}e\x{301}e\x{301}e\x{301}e\x{301}e\x{301}e\x{301}e\x{301}e\x{301}e\x{301}e\x{301} e\x{301} e\x{301}e\x{301}e\x{301}e\x{301}e\x{301}e\x{301}e\x{301}e\x{301}e\x{301}e\x{301}e\x{301}e\x{301}e\x{301}e\x{301}e\x{301}e\x{301}e\x{301}e\x{301}e\x{301}e\x{301}e\x{301}e\x{301}e\x{301}e\x{301}e\x{301}e\x{301}e\x{301}e\x{301}e\x{301}e\x{301}e\x{301}e\x{301}e\x{301}e\x{301}e\x{301}e\x{301}e\x{301}e\x{301}e\x{301}e\x{301}e\x{301}e\x{301}e\x{301} e\x{301}e\x{301}e\x{301}e\x{301}e\x{301}e\x{301}e\x{301}e\x{301}e\x{301}e\x{301}e\x{301}e\x{301}e\x{301}e\x{301}e\x{301}e\x{301}e\x{301}e\x{301}e\x{301}e\x{301}e\x{301}e\x{301}e\x{301}e\x{301}e\x{301}e\x{301}e\x{301}e\x{301}e\x{301}e\x{301} e\x{301}e\x{301}e\x{301}e\x{301}e\x{301}e\x{301}e\x{301}e\x{301}e\x{301}e\x{301}e\x{301}e\x{301}e\x{301}e\x{301}e\x{301}e\x{301}e\x{301}e\x{301}e\x{301}e\x{301}e\x{301}e\x{301}"
          text run at (1040,3240) width 0: " "
          text run at (0,3255) width 1040: "e\x{301}e\x{301}e\x{301}e\x{301}e\x{301}e\x{301}e\x{301}e\x{301}e\x{301}e\x{301}e\x{301}e\x{301}e\x{301}e\x{301}e\x{301}e\x{301}e\x{301}e\x{301}e\x{301}e\x{301}e\x{301}e\x{301}e\x{301}e\x{301}e\x{301}e\x{301}e\x{301}e\x{301}e\x{301}e\x{301}e\x{301}e\x{301} e\x{301} e\x{301}e\x{301}e\x{301}e\x{301}e\x{301}e\x{301}e\x{301}e\x{301}e\x{301}e\x{301}e\x{301}e\x{301}e\x{301}e\x{301}e\x{301}e\x{301}e\x{301}e\x{301}e\x{301}e\x{301}e\x{301}e\x{301}e\x{301}e\x{301}e\x{301}e\x{301}e\x{301}e\x{301}e\x{301}e\x{301}e\x{301}e\x{301}e\x{301}e\x{301}e\x{301}e\x{301}e\x{301}e\x{301}e\x{301}e\x{301}e\x{301}e\x{301}e\x{301} e\x{301}e\x{301}e\x{301}e\x{301}e\x{301}e\x{301}e\x{301}e\x{301}e\x{301}e\x{301}e\x{301}e\x{301}e\x{301}e\x{301}e\x{301}e\x{301}e\x{301}e\x{301}e\x{301}e\x{301}e\x{301}e\x{301}e\x{301}e\x{301}e\x{301}e\x{301}e\x{301}e\x{301}e\x{301}e\x{301} e\x{301}e\x{301}e\x{301}e\x{301}e\x{301}e\x{301}e\x{301}e\x{301}e\x{301}e\x{301}e\x{301}e\x{301}e\x{301}e\x{301}e\x{301}e\x{301}e\x{301}e\x{301}e\x{301}e\x{301}e\x{301}e\x{301}"
          text run at (1040,3255) width 0: " "
          text run at (0,3270) width 1040: "e\x{301}e\x{301}e\x{301}e\x{301}e\x{301}e\x{301}e\x{301}e\x{301}e\x{301}e\x{301}e\x{301}e\x{301}e\x{301}e\x{301}e\x{301}e\x{301}e\x{301}e\x{301}e\x{301}e\x{301}e\x{301}e\x{301}e\x{301}e\x{301}e\x{301}e\x{301}e\x{301}e\x{301}e\x{301}e\x{301}e\x{301}e\x{301} e\x{301} e\x{301}e\x{301}e\x{301}e\x{301}e\x{301}e\x{301}e\x{301}e\x{301}e\x{301}e\x{301}e\x{301}e\x{301}e\x{301}e\x{301}e\x{301}e\x{301}e\x{301}e\x{301}e\x{301}e\x{301}e\x{301}e\x{301}e\x{301}e\x{301}e\x{301}e\x{301}e\x{301}e\x{301}e\x{301}e\x{301}e\x{301}e\x{301}e\x{301}e\x{301}e\x{301}e\x{301}e\x{301}e\x{301}e\x{301}e\x{301}e\x{301}e\x{301}e\x{301} e\x{301}e\x{301}e\x{301}e\x{301}e\x{301}e\x{301}e\x{301}e\x{301}e\x{301}e\x{301}e\x{301}e\x{301}e\x{301}e\x{301}e\x{301}e\x{301}e\x{301}e\x{301}e\x{301}e\x{301}e\x{301}e\x{301}e\x{301}e\x{301}e\x{301}e\x{301}e\x{301}e\x{301}e\x{301}e\x{301} e\x{301}e\x{301}e\x{301}e\x{301}e\x{301}e\x{301}e\x{301}e\x{301}e\x{301}e\x{301}e\x{301}e\x{301}e\x{301}e\x{301}e\x{301}e\x{301}e\x{301}e\x{301}e\x{301}e\x{301}e\x{301}e\x{301}"
          text run at (1040,3270) width 0: " "
          text run at (0,3285) width 1040: "e\x{301}e\x{301}e\x{301}e\x{301}e\x{301}e\x{301}e\x{301}e\x{301}e\x{301}e\x{301}e\x{301}e\x{301}e\x{301}e\x{301}e\x{301}e\x{301}e\x{301}e\x{301}e\x{301}e\x{301}e\x{301}e\x{301}e\x{301}e\x{301}e\x{301}e\x{301}e\x{301}e\x{301}e\x{301}e\x{301}e\x{301}e\x{301} e\x{301} e\x{301}e\x{301}e\x{301}e\x{301}e\x{301}e\x{301}e\x{301}e\x{301}e\x{301}e\x{301}e\x{301}e\x{301}e\x{301}e\x{301}e\x{301}e\x{301}e\x{301}e\x{301}e\x{301}e\x{301}e\x{301}e\x{301}e\x{301}e\x{301}e\x{301}e\x{301}e\x{301}e\x{301}e\x{301}e\x{301}e\x{301}e\x{301}e\x{301}e\x{301}e\x{301}e\x{301}e\x{301}e\x{301}e\x{301}e\x{301}e\x{301}e\x{301}e\x{301} e\x{301}e\x{301}e\x{301}e\x{301}e\x{301}e\x{301}e\x{301}e\x{301}e\x{301}e\x{301}e\x{301}e\x{301}e\x{301}e\x{301}e\x{301}e\x{301}e\x{301}e\x{301}e\x{301}e\x{301}e\x{301}e\x{301}e\x{301}e\x{301}e\x{301}e\x{301}e\x{301}e\x{301}e\x{301}e\x{301} e\x{301}e\x{301}e\x{301}e\x{301}e\x{301}e\x{301}e\x{301}e\x{301}e\x{301}e\x{301}e\x{301}e\x{301}e\x{301}e\x{301}e\x{301}e\x{301}e\x{301}e\x{301}e\x{301}e\x{301}e\x{301}e\x{301}"
          text run at (1040,3285) width 0: " "
          text run at (0,3300) width 1040: "e\x{301}e\x{301}e\x{301}e\x{301}e\x{301}e\x{301}e\x{301}e\x{301}e\x{301}e\x{301}e\x{301}e\x{301}e\x{301}e\x{301}e\x{301}e\x{301}e\x{301}e\x{301}e\x{301}e\x{301}e\x{301}e\x{301}e\x{301}e\x{301}e\x{301}e\x{301}e\x{301}e\x{301}e\x{301}e\x{301}e\x{301}e\x{301} e\x{301} e\x{301}e\x{301}e\x{301}e\x{301}e\x{301}e\x{301}e\x{301}e\x{301}e\x{301}e\x{301}e\x{301}e\x{301}e\x{301}e\x{301}e\x{301}e\x{301}e\x{301}e\x{301}e\x{301}e\x{301}e\x{301}e\x{301}e\x{301}e\x{301}e\x{301}e\x{301}e\x{301}e\x{301}e\x{301}e\x{301}e\x{301}e\x{301}e\x{301}e\x{301}e\x{301}e\x{301}e\x{301}e\x{301}e\x{301}e\x{301}e\x{301}e\x{301}e\x{301} e\x{301}e\x{301}e\x{301}e\x{301}e\x{301}e\x{301}e\x{301}e\x{301}e\x{301}e\x{301}e\x{301}e\x{301}e\x{301}e\x{301}e\x{301}e\x{301}e\x{301}e\x{301}e\x{301}e\x{301}e\x{301}e\x{301}e\x{301}e\x{301}e\x{301}e\x{301}e\x{301}e\x{301}e\x{301}e\x{301} e\x{301}e\x{301}e\x{301}e\x{301}e\x{301}e\x{301}e\x{301}e\x{301}e\x{301}e\x{301}e\x{301}e\x{301}e\x{301}e\x{301}e\x{301}e\x{301}e\x{301}e\x{301}e\x{301}e\x{301}e\x{301}e\x{301}"
          text run at (1040,3300) width 0: " "
          text run at (0,3315) width 1040: "e\x{301}e\x{301}e\x{301}e\x{301}e\x{301}e\x{301}e\x{301}e\x{301}e\x{301}e\x{301}e\x{301}e\x{301}e\x{301}e\x{301}e\x{301}e\x{301}e\x{301}e\x{301}e\x{301}e\x{301}e\x{301}e\x{301}e\x{301}e\x{301}e\x{301}e\x{301}e\x{301}e\x{301}e\x{301}e\x{301}e\x{301}e\x{301} e\x{301} e\x{301}e\x{301}e\x{301}e\x{301}e\x{301}e\x{301}e\x{301}e\x{301}e\x{301}e\x{301}e\x{301}e\x{301}e\x{301}e\x{301}e\x{301}e\x{301}e\x{301}e\x{301}e\x{301}e\x{301}e\x{301}e\x{301}e\x{301}e\x{301}e\x{301}e\x{301}e\x{301}e\x{301}e\x{301}e\x{301}e\x{301}e\x{301}e\x{301}e\x{301}e\x{301}e\x{301}e\x{301}e\x{301}e\x{301}e\x{301}e\x{301}e\x{301}e\x{301} e\x{301}e\x{301}e\x{301}e\x{301}e\x{301}e\x{301}e\x{301}e\x{301}e\x{301}e\x{301}e\x{301}e\x{301}e\x{301}e\x{301}e\x{301}e\x{301}e\x{301}e\x{301}e\x{301}e\x{301}e\x{301}e\x{301}e\x{301}e\x{301}e\x{301}e\x{301}e\x{301}e\x{301}e\x{301}e\x{301} e\x{301}e\x{301}e\x{301}e\x{301}e\x{301}e\x{301}e\x{301}e\x{301}e\x{301}e\x{301}e\x{301}e\x{301}e\x{301}e\x{301}e\x{301}e\x{301}e\x{301}e\x{301}e\x{301}e\x{301}e\x{301}e\x{301}"
          text run at (1040,3315) width 0: " "
          text run at (0,3330) width 1040: "e\x{301}e\x{301}e\x{301}e\x{301}e\x{301}e\x{301}e\x{301}e\x{301}e\x{301}e\x{301}e\x{301}e\x{301}e\x{301}e\x{301}e\x{301}e\x{301}e\x{301}e\x{301}e\x{301}e\x{301}e\x{301}e\x{301}e\x{301}e\x{301}e\x{301}e\x{301}e\x{301}e\x{301}e\x{301}e\x{301}e\x{301}e\x{301} e\x{301} e\x{301}e\x{301}e\x{301}e\x{301}e\x{301}e\x{301}e\x{301}e\x{301}e\x{301}e\x{301}e\x{301}e\x{301}e\x{301}e\x{301}e\x{301}e\x{301}e\x{301}e\x{301}e\x{301}e\x{301}e\x{301}e\x{301}e\x{301}e\x{301}e\x{301}e\x{301}e\x{301}e\x{301}e\x{301}e\x{301}e\x{301}e\x{301}e\x{301}e\x{301}e\x{301}e\x{301}e\x{301}e\x{301}e\x{301}e\x{301}e\x{301}e\x{301}e\x{301} e\x{301}e\x{301}e\x{301}e\x{301}e\x{301}e\x{301}e\x{301}e\x{301}e\x{301}e\x{301}e\x{301}e\x{301}e\x{301}e\x{301}e\x{301}e\x{301}e\x{301}e\x{301}e\x{301}e\x{301}e\x{301}e\x{301}e\x{301}e\x{301}e\x{301}e\x{301}e\x{301}e\x{301}e\x{301}e\x{301} e\x{301}e\x{301}e\x{301}e\x{301}e\x{301}e\x{301}e\x{301}e\x{301}e\x{301}e\x{301}e\x{301}e\x{301}e\x{301}e\x{301}e\x{301}e\x{301}e\x{301}e\x{301}e\x{301}e\x{301}e\x{301}e\x{301}"
          text run at (1040,3330) width 0: " "
          text run at (0,3345) width 1040: "e\x{301}e\x{301}e\x{301}e\x{301}e\x{301}e\x{301}e\x{301}e\x{301}e\x{301}e\x{301}e\x{301}e\x{301}e\x{301}e\x{301}e\x{301}e\x{301}e\x{301}e\x{301}e\x{301}e\x{301}e\x{301}e\x{301}e\x{301}e\x{301}e\x{301}e\x{301}e\x{301}e\x{301}e\x{301}e\x{301}e\x{301}e\x{301} e\x{301} e\x{301}e\x{301}e\x{301}e\x{301}e\x{301}e\x{301}e\x{301}e\x{301}e\x{301}e\x{301}e\x{301}e\x{301}e\x{301}e\x{301}e\x{301}e\x{301}e\x{301}e\x{301}e\x{301}e\x{301}e\x{301}e\x{301}e\x{301}e\x{301}e\x{301}e\x{301}e\x{301}e\x{301}e\x{301}e\x{301}e\x{301}e\x{301}e\x{301}e\x{301}e\x{301}e\x{301}e\x{301}e\x{301}e\x{301}e\x{301}e\x{301}e\x{301}e\x{301} e\x{301}e\x{301}e\x{301}e\x{301}e\x{301}e\x{301}e\x{301}e\x{301}e\x{301}e\x{301}e\x{301}e\x{301}e\x{301}e\x{301}e\x{301}e\x{301}e\x{301}e\x{301}e\x{301}e\x{301}e\x{301}e\x{301}e\x{301}e\x{301}e\x{301}e\x{301}e\x{301}e\x{301}e\x{301}e\x{301} e\x{301}e\x{301}e\x{301}e\x{301}e\x{301}e\x{301}e\x{301}e\x{301}e\x{301}e\x{301}e\x{301}e\x{301}e\x{301}e\x{301}e\x{301}e\x{301}e\x{301}e\x{301}e\x{301}e\x{301}e\x{301}e\x{301}"
          text run at (1040,3345) width 0: " "
          text run at (0,3360) width 1040: "e\x{301}e\x{301}e\x{301}e\x{301}e\x{301}e\x{301}e\x{301}e\x{301}e\x{301}e\x{301}e\x{301}e\x{301}e\x{301}e\x{301}e\x{301}e\x{301}e\x{301}e\x{301}e\x{301}e\x{301}e\x{301}e\x{301}e\x{301}e\x{301}e\x{301}e\x{301}e\x{301}e\x{301}e\x{301}e\x{301}e\x{301}e\x{301} e\x{301} e\x{301}e\x{301}e\x{301}e\x{301}e\x{301}e\x{301}e\x{301}e\x{301}e\x{301}e\x{301}e\x{301}e\x{301}e\x{301}e\x{301}e\x{301}e\x{301}e\x{301}e\x{301}e\x{301}e\x{301}e\x{301}e\x{301}e\x{301}e\x{301}e\x{301}e\x{301}e\x{301}e\x{301}e\x{301}e\x{301}e\x{301}e\x{301}e\x{301}e\x{301}e\x{301}e\x{301}e\x{301}e\x{301}e\x{301}e\x{301}e\x{301}e\x{301}e\x{301} e\x{301}e\x{301}e\x{301}e\x{301}e\x{301}e\x{301}e\x{301}e\x{301}e\x{301}e\x{301}e\x{301}e\x{301}e\x{301}e\x{301}e\x{301}e\x{301}e\x{301}e\x{301}e\x{301}e\x{301}e\x{301}e\x{301}e\x{301}e\x{301}e\x{301}e\x{301}e\x{301}e\x{301}e\x{301}e\x{301} e\x{301}e\x{301}e\x{301}e\x{301}e\x{301}e\x{301}e\x{301}e\x{301}e\x{301}e\x{301}e\x{301}e\x{301}e\x{301}e\x{301}e\x{301}e\x{301}e\x{301}e\x{301}e\x{301}e\x{301}e\x{301}e\x{301}"
          text run at (1040,3360) width 0: " "
          text run at (0,3375) width 1040: "e\x{301}e\x{301}e\x{301}e\x{301}e\x{301}e\x{301}e\x{301}e\x{301}e\x{301}e\x{301}e\x{301}e\x{301}e\x{301}e\x{301}e\x{301}e\x{301}e\x{301}e\x{301}e\x{301}e\x{301}e\x{301}e\x{301}e\x{301}e\x{301}e\x{301}e\x{301}e\x{301}e\x{301}e\x{301}e\x{301}e\x{301}e\x{301} e\x{301} e\x{301}e\x{301}e\x{301}e\x{301}e\x{301}e\x{301}e\x{301}e\x{301}e\x{301}e\x{301}e\x{301}e\x{301}e\x{301}e\x{301}e\x{301}e\x{301}e\x{301}e\x{301}e\x{301}e\x{301}e\x{301}e\x{301}e\x{301}e\x{301}e\x{301}e\x{301}e\x{301}e\x{301}e\x{301}e\x{301}e\x{301}e\x{301}e\x{301}e\x{301}e\x{301}e\x{301}e\x{301}e\x{301}e\x{301}e\x{301}e\x{301}e\x{301}e\x{301} e\x{301}e\x{301}e\x{301}e\x{301}e\x{301}e\x{301}e\x{301}e\x{301}e\x{301}e\x{301}e\x{301}e\x{301}e\x{301}e\x{301}e\x{301}e\x{301}e\x{301}e\x{301}e\x{301}e\x{301}e\x{301}e\x{301}e\x{301}e\x{301}e\x{301}e\x{301}e\x{301}e\x{301}e\x{301}e\x{301} e\x{301}e\x{301}e\x{301}e\x{301}e\x{301}e\x{301}e\x{301}e\x{301}e\x{301}e\x{301}e\x{301}e\x{301}e\x{301}e\x{301}e\x{301}e\x{301}e\x{301}e\x{301}e\x{301}e\x{301}e\x{301}e\x{301}"
          text run at (1040,3375) width 0: " "
          text run at (0,3390) width 1040: "e\x{301}e\x{301}e\x{301}e\x{301}e\x{301}e\x{301}e\x{301}e\x{301}e\x{301}e\x{301}e\x{301}e\x{301}e\x{301}e\x{301}e\x{301}e\x{301}e\x{301}e\x{301}e\x{301}e\x{301}e\x{301}e\x{301}e\x{301}e\x{301}e\x{301}e\x{301}e\x{301}e\x{301}e\x{301}e\x{301}e\x{301}e\x{301} e\x{301} e\x{301}e\x{301}e\x{301}e\x{301}e\x{301}e\x{301}e\x{301}e\x{301}e\x{301}e\x{301}e\x{301}e\x{301}e\x{301}e\x{301}e\x{301}e\x{301}e\x{301}e\x{301}e\x{301}e\x{301}e\x{301}e\x{301}e\x{301}e\x{301}e\x{301}e\x{301}e\x{301}e\x{301}e\x{301}e\x{301}e\x{301}e\x{301}e\x{301}e\x{301}e\x{301}e\x{301}e\x{301}e\x{301}e\x{301}e\x{301}e\x{301}e\x{301}e\x{301} e\x{301}e\x{301}e\x{301}e\x{301}e\x{301}e\x{301}e\x{301}e\x{301}e\x{301}e\x{301}e\x{301}e\x{301}e\x{301}e\x{301}e\x{301}e\x{301}e\x{301}e\x{301}e\x{301}e\x{301}e\x{301}e\x{301}e\x{301}e\x{301}e\x{301}e\x{301}e\x{301}e\x{301}e\x{301}e\x{301} e\x{301}e\x{301}e\x{301}e\x{301}e\x{301}e\x{301}e\x{301}e\x{301}e\x{301}e\x{301}e\x{301}e\x{301}e\x{301}e\x{301}e\x{301}e\x{301}e\x{301}e\x{301}e\x{301}e\x{301}e\x{301}e\x{301}"
          text run at (1040,3390) width 0: " "
          text run at (0,3405) width 1040: "e\x{301}e\x{301}e\x{301}e\x{301}e\x{301}e\x{301}e\x{301}e\x{301}e\x{301}e\x{301}e\x{301}e\x{301}e\x{301}e\x{301}e\x{301}e\x{301}e\x{301}e\x{301}e\x{301}e\x{301}e\x{301}e\x{301}e\x{301}e\x{301}e\x{301}e\x{301}e\x{301}e\x{301}e\x{301}e\x{301}e\x{301}e\x{301} e\x{301} e\x{301}e\x{301}e\x{301}e\x{301}e\x{301}e\x{301}e\x{301}e\x{301}e\x{301}e\x{301}e\x{301}e\x{301}e\x{301}e\x{301}e\x{301}e\x{301}e\x{301}e\x{301}e\x{301}e\x{301}e\x{301}e\x{301}e\x{301}e\x{301}e\x{301}e\x{301}e\x{301}e\x{301}e\x{301}e\x{301}e\x{301}e\x{301}e\x{301}e\x{301}e\x{301}e\x{301}e\x{301}e\x{301}e\x{301}e\x{301}e\x{301}e\x{301}e\x{301} e\x{301}e\x{301}e\x{301}e\x{301}e\x{301}e\x{301}e\x{301}e\x{301}e\x{301}e\x{301}e\x{301}e\x{301}e\x{301}e\x{301}e\x{301}e\x{301}e\x{301}e\x{301}e\x{301}e\x{301}e\x{301}e\x{301}e\x{301}e\x{301}e\x{301}e\x{301}e\x{301}e\x{301}e\x{301}e\x{301} e\x{301}e\x{301}e\x{301}e\x{301}e\x{301}e\x{301}e\x{301}e\x{301}e\x{301}e\x{301}e\x{301}e\x{301}e\x{301}e\x{301}e\x{301}e\x{301}e\x{301}e\x{301}e\x{301}e\x{301}e\x{301}e\x{301}"
          text run at (1040,3405) width 0: " "
          text run at (0,3420) width 1040: "e\x{301}e\x{301}e\x{301}e\x{301}e\x{301}e\x{301}e\x{301}e\x{301}e\x{301}e\x{301}e\x{301}e\x{301}e\x{301}e\x{301}e\x{301}e\x{301}e\x{301}e\x{301}e\x{301}e\x{301}e\x{301}e\x{301}e\x{301}e\x{301}e\x{301}e\x{301}e\x{301}e\x{301}e\x{301}e\x{301}e\x{301}e\x{301} e\x{301} e\x{301}e\x{301}e\x{301}e\x{301}e\x{301}e\x{301}e\x{301}e\x{301}e\x{301}e\x{301}e\x{301}e\x{301}e\x{301}e\x{301}e\x{301}e\x{301}e\x{301}e\x{301}e\x{301}e\x{301}e\x{301}e\x{301}e\x{301}e\x{301}e\x{301}e\x{301}e\x{301}e\x{301}e\x{301}e\x{301}e\x{301}e\x{301}e\x{301}e\x{301}e\x{301}e\x{301}e\x{301}e\x{301}e\x{301}e\x{301}e\x{301}e\x{301}e\x{301} e\x{301}e\x{301}e\x{301}e\x{301}e\x{301}e\x{301}e\x{301}e\x{301}e\x{301}e\x{301}e\x{301}e\x{301}e\x{301}e\x{301}e\x{301}e\x{301}e\x{301}e\x{301}e\x{301}e\x{301}e\x{301}e\x{301}e\x{301}e\x{301}e\x{301}e\x{301}e\x{301}e\x{301}e\x{301}e\x{301} e\x{301}e\x{301}e\x{301}e\x{301}e\x{301}e\x{301}e\x{301}e\x{301}e\x{301}e\x{301}e\x{301}e\x{301}e\x{301}e\x{301}e\x{301}e\x{301}e\x{301}e\x{301}e\x{301}e\x{301}e\x{301}e\x{301}"
          text run at (1040,3420) width 0: " "
          text run at (0,3435) width 1040: "e\x{301}e\x{301}e\x{301}e\x{301}e\x{301}e\x{301}e\x{301}e\x{301}e\x{301}e\x{301}e\x{301}e\x{301}e\x{301}e\x{301}e\x{301}e\x{301}e\x{301}e\x{301}e\x{301}e\x{301}e\x{301}e\x{301}e\x{301}e\x{301}e\x{301}e\x{301}e\x{301}e\x{301}e\x{301}e\x{301}e\x{301}e\x{301} e\x{301} e\x{301}e\x{301}e\x{301}e\x{301}e\x{301}e\x{301}e\x{301}e\x{301}e\x{301}e\x{301}e\x{301}e\x{301}e\x{301}e\x{301}e\x{301}e\x{301}e\x{301}e\x{301}e\x{301}e\x{301}e\x{301}e\x{301}e\x{301}e\x{301}e\x{301}e\x{301}e\x{301}e\x{301}e\x{301}e\x{301}e\x{301}e\x{301}e\x{301}e\x{301}e\x{301}e\x{301}e\x{301}e\x{301}e\x{301}e\x{301}e\x{301}e\x{301}e\x{301} e\x{301}e\x{301}e\x{301}e\x{301}e\x{301}e\x{301}e\x{301}e\x{301}e\x{301}e\x{301}e\x{301}e\x{301}e\x{301}e\x{301}e\x{301}e\x{301}e\x{301}e\x{301}e\x{301}e\x{301}e\x{301}e\x{301}e\x{301}e\x{301}e\x{301}e\x{301}e\x{301}e\x{301}e\x{301}e\x{301} e\x{301}e\x{301}e\x{301}e\x{301}e\x{301}e\x{301}e\x{301}e\x{301}e\x{301}e\x{301}e\x{301}e\x{301}e\x{301}e\x{301}e\x{301}e\x{301}e\x{301}e\x{301}e\x{301}e\x{301}e\x{301}e\x{301}"
          text run at (1040,3435) width 0: " "
          text run at (0,3450) width 1040: "e\x{301}e\x{301}e\x{301}e\x{301}e\x{301}e\x{301}e\x{301}e\x{301}e\x{301}e\x{301}e\x{301}e\x{301}e\x{301}e\x{301}e\x{301}e\x{301}e\x{301}e\x{301}e\x{301}e\x{301}e\x{301}e\x{301}e\x{301}e\x{301}e\x{301}e\x{301}e\x{301}e\x{301}e\x{301}e\x{301}e\x{301}e\x{301} e\x{301} e\x{301}e\x{301}e\x{301}e\x{301}e\x{301}e\x{301}e\x{301}e\x{301}e\x{301}e\x{301}e\x{301}e\x{301}e\x{301}e\x{301}e\x{301}e\x{301}e\x{301}e\x{301}e\x{301}e\x{301}e\x{301}e\x{301}e\x{301}e\x{301}e\x{301}e\x{301}e\x{301}e\x{301}e\x{301}e\x{301}e\x{301}e\x{301}e\x{301}e\x{301}e\x{301}e\x{301}e\x{301}e\x{301}e\x{301}e\x{301}e\x{301}e\x{301}e\x{301} e\x{301}e\x{301}e\x{301}e\x{301}e\x{301}e\x{301}e\x{301}e\x{301}e\x{301}e\x{301}e\x{301}e\x{301}e\x{301}e\x{301}e\x{301}e\x{301}e\x{301}e\x{301}e\x{301}e\x{301}e\x{301}e\x{301}e\x{301}e\x{301}e\x{301}e\x{301}e\x{301}e\x{301}e\x{301}e\x{301} e\x{301}e\x{301}e\x{301}e\x{301}e\x{301}e\x{301}e\x{301}e\x{301}e\x{301}e\x{301}e\x{301}e\x{301}e\x{301}e\x{301}e\x{301}e\x{301}e\x{301}e\x{301}e\x{301}e\x{301}e\x{301}e\x{301}"
          text run at (1040,3450) width 0: " "
          text run at (0,3465) width 1040: "e\x{301}e\x{301}e\x{301}e\x{301}e\x{301}e\x{301}e\x{301}e\x{301}e\x{301}e\x{301}e\x{301}e\x{301}e\x{301}e\x{301}e\x{301}e\x{301}e\x{301}e\x{301}e\x{301}e\x{301}e\x{301}e\x{301}e\x{301}e\x{301}e\x{301}e\x{301}e\x{301}e\x{301}e\x{301}e\x{301}e\x{301}e\x{301} e\x{301} e\x{301}e\x{301}e\x{301}e\x{301}e\x{301}e\x{301}e\x{301}e\x{301}e\x{301}e\x{301}e\x{301}e\x{301}e\x{301}e\x{301}e\x{301}e\x{301}e\x{301}e\x{301}e\x{301}e\x{301}e\x{301}e\x{301}e\x{301}e\x{301}e\x{301}e\x{301}e\x{301}e\x{301}e\x{301}e\x{301}e\x{301}e\x{301}e\x{301}e\x{301}e\x{301}e\x{301}e\x{301}e\x{301}e\x{301}e\x{301}e\x{301}e\x{301}e\x{301} e\x{301}e\x{301}e\x{301}e\x{301}e\x{301}e\x{301}e\x{301}e\x{301}e\x{301}e\x{301}e\x{301}e\x{301}e\x{301}e\x{301}e\x{301}e\x{301}e\x{301}e\x{301}e\x{301}e\x{301}e\x{301}e\x{301}e\x{301}e\x{301}e\x{301}e\x{301}e\x{301}e\x{301}e\x{301}e\x{301} e\x{301}e\x{301}e\x{301}e\x{301}e\x{301}e\x{301}e\x{301}e\x{301}e\x{301}e\x{301}e\x{301}e\x{301}e\x{301}e\x{301}e\x{301}e\x{301}e\x{301}e\x{301}e\x{301}e\x{301}e\x{301}e\x{301}"
          text run at (1040,3465) width 0: " "
          text run at (0,3480) width 1040: "e\x{301}e\x{301}e\x{301}e\x{301}e\x{301}e\x{301}e\x{301}e\x{301}e\x{301}e\x{301}e\x{301}e\x{301}e\x{301}e\x{301}e\x{301}e\x{301}e\x{301}e\x{301}e\x{301}e\x{301}e\x{301}e\x{301}e\x{301}e\x{301}e\x{301}e\x{301}e\x{301}e\x{301}e\x{301}e\x{301}e\x{301}e\x{301} e\x{301} e\x{301}e\x{301}e\x{301}e\x{301}e\x{301}e\x{301}e\x{301}e\x{301}e\x{301}e\x{301}e\x{301}e\x{301}e\x{301}e\x{301}e\x{301}e\x{301}e\x{301}e\x{301}e\x{301}e\x{301}e\x{301}e\x{301}e\x{301}e\x{301}e\x{301}e\x{301}e\x{301}e\x{301}e\x{301}e\x{301}e\x{301}e\x{301}e\x{301}e\x{301}e\x{301}e\x{301}e\x{301}e\x{301}e\x{301}e\x{301}e\x{301}e\x{301}e\x{301} e\x{301}e\x{301}e\x{301}e\x{301}e\x{301}e\x{301}e\x{301}e\x{301}e\x{301}e\x{301}e\x{301}e\x{301}e\x{301}e\x{301}e\x{301}e\x{301}e\x{301}e\x{301}e\x{301}e\x{301}e\x{301}e\x{301}e\x{301}e\x{301}e\x{301}e\x{301}e\x{301}e\x{301}e\x{301}e\x{301} e\x{301}e\x{301}e\x{301}e\x{301}e\x{301}e\x{301}e\x{301}e\x{301}e\x{301}e\x{301}e\x{301}e\x{301}e\x{301}e\x{301}e\x{301}e\x{301}e\x{301}e\x{301}e\x{301}e\x{301}e\x{301}e\x{301}"
          text run at (1040,3480) width 0: " "
          text run at (0,3495) width 1040: "e\x{301}e\x{301}e\x{301}e\x{301}e\x{301}e\x{301}e\x{301}e\x{301}e\x{301}e\x{301}e\x{301}e\x{301}e\x{301}e\x{301}e\x{301}e\x{301}e\x{301}e\x{301}e\x{301}e\x{301}e\x{301}e\x{301}e\x{301}e\x{301}e\x{301}e\x{301}e\x{301}e\x{301}e\x{301}e\x{301}e\x{301}e\x{301} e\x{301} e\x{301}e\x{301}e\x{301}e\x{301}e\x{301}e\x{301}e\x{301}e\x{301}e\x{301}e\x{301}e\x{301}e\x{301}e\x{301}e\x{301}e\x{301}e\x{301}e\x{301}e\x{301}e\x{301}e\x{301}e\x{301}e\x{301}e\x{301}e\x{301}e\x{301}e\x{301}e\x{301}e\x{301}e\x{301}e\x{301}e\x{301}e\x{301}e\x{301}e\x{301}e\x{301}e\x{301}e\x{301}e\x{301}e\x{301}e\x{301}e\x{301}e\x{301}e\x{301} e\x{301}e\x{301}e\x{301}e\x{301}e\x{301}e\x{301}e\x{301}e\x{301}e\x{301}e\x{301}e\x{301}e\x{301}e\x{301}e\x{301}e\x{301}e\x{301}e\x{301}e\x{301}e\x{301}e\x{301}e\x{301}e\x{301}e\x{301}e\x{301}e\x{301}e\x{301}e\x{301}e\x{301}e\x{301}e\x{301} e\x{301}e\x{301}e\x{301}e\x{301}e\x{301}e\x{301}e\x{301}e\x{301}e\x{301}e\x{301}e\x{301}e\x{301}e\x{301}e\x{301}e\x{301}e\x{301}e\x{301}e\x{301}e\x{301}e\x{301}e\x{301}e\x{301}"
          text run at (1040,3495) width 0: " "
          text run at (0,3510) width 1040: "e\x{301}e\x{301}e\x{301}e\x{301}e\x{301}e\x{301}e\x{301}e\x{301}e\x{301}e\x{301}e\x{301}e\x{301}e\x{301}e\x{301}e\x{301}e\x{301}e\x{301}e\x{301}e\x{301}e\x{301}e\x{301}e\x{301}e\x{301}e\x{301}e\x{301}e\x{301}e\x{301}e\x{301}e\x{301}e\x{301}e\x{301}e\x{301} e\x{301} e\x{301}e\x{301}e\x{301}e\x{301}e\x{301}e\x{301}e\x{301}e\x{301}e\x{301}e\x{301}e\x{301}e\x{301}e\x{301}e\x{301}e\x{301}e\x{301}e\x{301}e\x{301}e\x{301}e\x{301}e\x{301}e\x{301}e\x{301}e\x{301}e\x{301}e\x{301}e\x{301}e\x{301}e\x{301}e\x{301}e\x{301}e\x{301}e\x{301}e\x{301}e\x{301}e\x{301}e\x{301}e\x{301}e\x{301}e\x{301}e\x{301}e\x{301}e\x{301} e\x{301}e\x{301}e\x{301}e\x{301}e\x{301}e\x{301}e\x{301}e\x{301}e\x{301}e\x{301}e\x{301}e\x{301}e\x{301}e\x{301}e\x{301}e\x{301}e\x{301}e\x{301}e\x{301}e\x{301}e\x{301}e\x{301}e\x{301}e\x{301}e\x{301}e\x{301}e\x{301}e\x{301}e\x{301}e\x{301} e\x{301}e\x{301}e\x{301}e\x{301}e\x{301}e\x{301}e\x{301}e\x{301}e\x{301}e\x{301}e\x{301}e\x{301}e\x{301}e\x{301}e\x{301}e\x{301}e\x{301}e\x{301}e\x{301}e\x{301}e\x{301}e\x{301}"
          text run at (1040,3510) width 0: " "
          text run at (0,3525) width 1040: "e\x{301}e\x{301}e\x{301}e\x{301}e\x{301}e\x{301}e\x{301}e\x{301}e\x{301}e\x{301}e\x{301}e\x{301}e\x{301}e\x{301}e\x{301}e\x{301}e\x{301}e\x{301}e\x{301}e\x{301}e\x{301}e\x{301}e\x{301}e\x{301}e\x{301}e\x{301}e\x{301}e\x{301}e\x{301}e\x{301}e\x{301}e\x{301} e\x{301} e\x{301}e\x{301}e\x{301}e\x{301}e\x{301}e\x{301}e\x{301}e\x{301}e\x{301}e\x{301}e\x{301}e\x{301}e\x{301}e\x{301}e\x{301}e\x{301}e\x{301}e\x{301}e\x{301}e\x{301}e\x{301}e\x{301}e\x{301}e\x{301}e\x{301}e\x{301}e\x{301}e\x{301}e\x{301}e\x{301}e\x{301}e\x{301}e\x{301}e\x{301}e\x{301}e\x{301}e\x{301}e\x{301}e\x{301}e\x{301}e\x{301}e\x{301}e\x{301} e\x{301}e\x{301}e\x{301}e\x{301}e\x{301}e\x{301}e\x{301}e\x{301}e\x{301}e\x{301}e\x{301}e\x{301}e\x{301}e\x{301}e\x{301}e\x{301}e\x{301}e\x{301}e\x{301}e\x{301}e\x{301}e\x{301}e\x{301}e\x{301}e\x{301}e\x{301}e\x{301}e\x{301}e\x{301}e\x{301} e\x{301}e\x{301}e\x{301}e\x{301}e\x{301}e\x{301}e\x{301}e\x{301}e\x{301}e\x{301}e\x{301}e\x{301}e\x{301}e\x{301}e\x{301}e\x{301}e\x{301}e\x{301}e\x{301}e\x{301}e\x{301}e\x{301}"
          text run at (1040,3525) width 0: " "
          text run at (0,3540) width 1040: "e\x{301}e\x{301}e\x{301}e\x{301}e\x{301}e\x{301}e\x{301}e\x{301}e\x{301}e\x{301}e\x{301}e\x{301}e\x{301}e\x{301}e\x{301}e\x{301}e\x{301}e\x{301}e\x{301}e\x{301}e\x{301}e\x{301}e\x{301}e\x{301}e\x{301}e\x{301}e\x{301}e\x{301}e\x{301}e\x{301}e\x{301}e\x{301} e\x{301} e\x{301}e\x{301}e\x{301}e\x{301}e\x{301}e\x{301}e\x{301}e\x{301}e\x{301}e\x{301}e\x{301}e\x{301}e\x{301}e\x{301}e\x{301}e\x{301}e\x{301}e\x{301}e\x{301}e\x{301}e\x{301}e\x{301}e\x{301}e\x{301}e\x{301}e\x{301}e\x{301}e\x{301}e\x{301}e\x{301}e\x{301}e\x{301}e\x{301}e\x{301}e\x{301}e\x{301}e\x{301}e\x{301}e\x{301}e\x{301}e\x{301}e\x{301}e\x{301} e\x{301}e\x{301}e\x{301}e\x{301}e\x{301}e\x{301}e\x{301}e\x{301}e\x{301}e\x{301}e\x{301}e\x{301}e\x{301}e\x{301}e\x{301}e\x{301}e\x{301}e\x{301}e\x{301}e\x{301}e\x{301}e\x{301}e\x{301}e\x{301}e\x{301}e\x{301}e\x{301}e\x{301}e\x{301}e\x{301} e\x{301}e\x{301}e\x{301}e\x{301}e\x{301}e\x{301}e\x{301}e\x{301}e\x{301}e\x{301}e\x{301}e\x{301}e\x{301}e\x{301}e\x{301}e\x{301}e\x{301}e\x{301}e\x{301}e\x{301}e\x{301}e\x{301}"
          text run at (1040,3540) width 0: " "
          text run at (0,3555) width 1040: "e\x{301}e\x{301}e\x{301}e\x{301}e\x{301}e\x{301}e\x{301}e\x{301}e\x{301}e\x{301}e\x{301}e\x{301}e\x{301}e\x{301}e\x{301}e\x{301}e\x{301}e\x{301}e\x{301}e\x{301}e\x{301}e\x{301}e\x{301}e\x{301}e\x{301}e\x{301}e\x{301}e\x{301}e\x{301}e\x{301}e\x{301}e\x{301} e\x{301} e\x{301}e\x{301}e\x{301}e\x{301}e\x{301}e\x{301}e\x{301}e\x{301}e\x{301}e\x{301}e\x{301}e\x{301}e\x{301}e\x{301}e\x{301}e\x{301}e\x{301}e\x{301}e\x{301}e\x{301}e\x{301}e\x{301}e\x{301}e\x{301}e\x{301}e\x{301}e\x{301}e\x{301}e\x{301}e\x{301}e\x{301}e\x{301}e\x{301}e\x{301}e\x{301}e\x{301}e\x{301}e\x{301}e\x{301}e\x{301}e\x{301}e\x{301}e\x{301} e\x{301}e\x{301}e\x{301}e\x{301}e\x{301}e\x{301}e\x{301}e\x{301}e\x{301}e\x{301}e\x{301}e\x{301}e\x{301}e\x{301}e\x{301}e\x{301}e\x{301}e\x{301}e\x{301}e\x{301}e\x{301}e\x{301}e\x{301}e\x{301}e\x{301}e\x{301}e\x{301}e\x{301}e\x{301}e\x{301} e\x{301}e\x{301}e\x{301}e\x{301}e\x{301}e\x{301}e\x{301}e\x{301}e\x{301}e\x{301}e\x{301}e\x{301}e\x{301}e\x{301}e\x{301}e\x{301}e\x{301}e\x{301}e\x{301}e\x{301}e\x{301}e\x{301}"
          text run at (1040,3555) width 0: " "
          text run at (0,3570) width 1040: "e\x{301}e\x{301}e\x{301}e\x{301}e\x{301}e\x{301}e\x{301}e\x{301}e\x{301}e\x{301}e\x{301}e\x{301}e\x{301}e\x{301}e\x{301}e\x{301}e\x{301}e\x{301}e\x{301}e\x{301}e\x{301}e\x{301}e\x{301}e\x{301}e\x{301}e\x{301}e\x{301}e\x{301}e\x{301}e\x{301}e\x{301}e\x{301} e\x{301} e\x{301}e\x{301}e\x{301}e\x{301}e\x{301}e\x{301}e\x{301}e\x{301}e\x{301}e\x{301}e\x{301}e\x{301}e\x{301}e\x{301}e\x{301}e\x{301}e\x{301}e\x{301}e\x{301}e\x{301}e\x{301}e\x{301}e\x{301}e\x{301}e\x{301}e\x{301}e\x{301}e\x{301}e\x{301}e\x{301}e\x{301}e\x{301}e\x{301}e\x{301}e\x{301}e\x{301}e\x{301}e\x{301}e\x{301}e\x{301}e\x{301}e\x{301}e\x{301} e\x{301}e\x{301}e\x{301}e\x{301}e\x{301}e\x{301}e\x{301}e\x{301}e\x{301}e\x{301}e\x{301}e\x{301}e\x{301}e\x{301}e\x{301}e\x{301}e\x{301}e\x{301}e\x{301}e\x{301}e\x{301}e\x{301}e\x{301}e\x{301}e\x{301}e\x{301}e\x{301}e\x{301}e\x{301}e\x{301} e\x{301}e\x{301}e\x{301}e\x{301}e\x{301}e\x{301}e\x{301}e\x{301}e\x{301}e\x{301}e\x{301}e\x{301}e\x{301}e\x{301}e\x{301}e\x{301}e\x{301}e\x{301}e\x{301}e\x{301}e\x{301}e\x{301}"
          text run at (1040,3570) width 0: " "
          text run at (0,3585) width 1040: "e\x{301}e\x{301}e\x{301}e\x{301}e\x{301}e\x{301}e\x{301}e\x{301}e\x{301}e\x{301}e\x{301}e\x{301}e\x{301}e\x{301}e\x{301}e\x{301}e\x{301}e\x{301}e\x{301}e\x{301}e\x{301}e\x{301}e\x{301}e\x{301}e\x{301}e\x{301}e\x{301}e\x{301}e\x{301}e\x{301}e\x{301}e\x{301} e\x{301} e\x{301}e\x{301}e\x{301}e\x{301}e\x{301}e\x{301}e\x{301}e\x{301}e\x{301}e\x{301}e\x{301}e\x{301}e\x{301}e\x{301}e\x{301}e\x{301}e\x{301}e\x{301}e\x{301}e\x{301}e\x{301}e\x{301}e\x{301}e\x{301}e\x{301}e\x{301}e\x{301}e\x{301}e\x{301}e\x{301}e\x{301}e\x{301}e\x{301}e\x{301}e\x{301}e\x{301}e\x{301}e\x{301}e\x{301}e\x{301}e\x{301}e\x{301}e\x{301} e\x{301}e\x{301}e\x{301}e\x{301}e\x{301}e\x{301}e\x{301}e\x{301}e\x{301}e\x{301}e\x{301}e\x{301}e\x{301}e\x{301}e\x{301}e\x{301}e\x{301}e\x{301}e\x{301}e\x{301}e\x{301}e\x{301}e\x{301}e\x{301}e\x{301}e\x{301}e\x{301}e\x{301}e\x{301}e\x{301} e\x{301}e\x{301}e\x{301}e\x{301}e\x{301}e\x{301}e\x{301}e\x{301}e\x{301}e\x{301}e\x{301}e\x{301}e\x{301}e\x{301}e\x{301}e\x{301}e\x{301}e\x{301}e\x{301}e\x{301}e\x{301}e\x{301}"
          text run at (1040,3585) width 0: " "
          text run at (0,3600) width 1040: "e\x{301}e\x{301}e\x{301}e\x{301}e\x{301}e\x{301}e\x{301}e\x{301}e\x{301}e\x{301}e\x{301}e\x{301}e\x{301}e\x{301}e\x{301}e\x{301}e\x{301}e\x{301}e\x{301}e\x{301}e\x{301}e\x{301}e\x{301}e\x{301}e\x{301}e\x{301}e\x{301}e\x{301}e\x{301}e\x{301}e\x{301}e\x{301} e\x{301} e\x{301}e\x{301}e\x{301}e\x{301}e\x{301}e\x{301}e\x{301}e\x{301}e\x{301}e\x{301}e\x{301}e\x{301}e\x{301}e\x{301}e\x{301}e\x{301}e\x{301}e\x{301}e\x{301}e\x{301}e\x{301}e\x{301}e\x{301}e\x{301}e\x{301}e\x{301}e\x{301}e\x{301}e\x{301}e\x{301}e\x{301}e\x{301}e\x{301}e\x{301}e\x{301}e\x{301}e\x{301}e\x{301}e\x{301}e\x{301}e\x{301}e\x{301}e\x{301} e\x{301}e\x{301}e\x{301}e\x{301}e\x{301}e\x{301}e\x{301}e\x{301}e\x{301}e\x{301}e\x{301}e\x{301}e\x{301}e\x{301}e\x{301}e\x{301}e\x{301}e\x{301}e\x{301}e\x{301}e\x{301}e\x{301}e\x{301}e\x{301}e\x{301}e\x{301}e\x{301}e\x{301}e\x{301}e\x{301} e\x{301}e\x{301}e\x{301}e\x{301}e\x{301}e\x{301}e\x{301}e\x{301}e\x{301}e\x{301}e\x{301}e\x{301}e\x{301}e\x{301}e\x{301}e\x{301}e\x{301}e\x{301}e\x{301}e\x{301}e\x{301}e\x{301}"
          text run at (1040,3600) width 0: " "
          text run at (0,3615) width 1040: "e\x{301}e\x{301}e\x{301}e\x{301}e\x{301}e\x{301}e\x{301}e\x{301}e\x{301}e\x{301}e\x{301}e\x{301}e\x{301}e\x{301}e\x{301}e\x{301}e\x{301}e\x{301}e\x{301}e\x{301}e\x{301}e\x{301}e\x{301}e\x{301}e\x{301}e\x{301}e\x{301}e\x{301}e\x{301}e\x{301}e\x{301}e\x{301} e\x{301} e\x{301}e\x{301}e\x{301}e\x{301}e\x{301}e\x{301}e\x{301}e\x{301}e\x{301}e\x{301}e\x{301}e\x{301}e\x{301}e\x{301}e\x{301}e\x{301}e\x{301}e\x{301}e\x{301}e\x{301}e\x{301}e\x{301}e\x{301}e\x{301}e\x{301}e\x{301}e\x{301}e\x{301}e\x{301}e\x{301}e\x{301}e\x{301}e\x{301}e\x{301}e\x{301}e\x{301}e\x{301}e\x{301}e\x{301}e\x{301}e\x{301}e\x{301}e\x{301} e\x{301}e\x{301}e\x{301}e\x{301}e\x{301}e\x{301}e\x{301}e\x{301}e\x{301}e\x{301}e\x{301}e\x{301}e\x{301}e\x{301}e\x{301}e\x{301}e\x{301}e\x{301}e\x{301}e\x{301}e\x{301}e\x{301}e\x{301}e\x{301}e\x{301}e\x{301}e\x{301}e\x{301}e\x{301}e\x{301} e\x{301}e\x{301}e\x{301}e\x{301}e\x{301}e\x{301}e\x{301}e\x{301}e\x{301}e\x{301}e\x{301}e\x{301}e\x{301}e\x{301}e\x{301}e\x{301}e\x{301}e\x{301}e\x{301}e\x{301}e\x{301}e\x{301}"
          text run at (1040,3615) width 0: " "
          text run at (0,3630) width 1040: "e\x{301}e\x{301}e\x{301}e\x{301}e\x{301}e\x{301}e\x{301}e\x{301}e\x{301}e\x{301}e\x{301}e\x{301}e\x{301}e\x{301}e\x{301}e\x{301}e\x{301}e\x{301}e\x{301}e\x{301}e\x{301}e\x{301}e\x{301}e\x{301}e\x{301}e\x{301}e\x{301}e\x{301}e\x{301}e\x{301}e\x{301}e\x{301} e\x{301} e\x{301}e\x{301}e\x{301}e\x{301}e\x{301}e\x{301}e\x{301}e\x{301}e\x{301}e\x{301}e\x{301}e\x{301}e\x{301}e\x{301}e\x{301}e\x{301}e\x{301}e\x{301}e\x{301}e\x{301}e\x{301}e\x{301}e\x{301}e\x{301}e\x{301}e\x{301}e\x{301}e\x{301}e\x{301}e\x{301}e\x{301}e\x{301}e\x{301}e\x{301}e\x{301}e\x{301}e\x{301}e\x{301}e\x{301}e\x{301}e\x{301}e\x{301}e\x{301} e\x{301}e\x{301}e\x{301}e\x{301}e\x{301}e\x{301}e\x{301}e\x{301}e\x{301}e\x{301}e\x{301}e\x{301}e\x{301}e\x{301}e\x{301}e\x{301}e\x{301}e\x{301}e\x{301}e\x{301}e\x{301}e\x{301}e\x{301}e\x{301}e\x{301}e\x{301}e\x{301}e\x{301}e\x{301}e\x{301} e\x{301}e\x{301}e\x{301}e\x{301}e\x{301}e\x{301}e\x{301}e\x{301}e\x{301}e\x{301}e\x{301}e\x{301}e\x{301}e\x{301}e\x{301}e\x{301}e\x{301}e\x{301}e\x{301}e\x{301}e\x{301}e\x{301}"
          text run at (1040,3630) width 0: " "
          text run at (0,3645) width 1040: "e\x{301}e\x{301}e\x{301}e\x{301}e\x{301}e\x{301}e\x{301}e\x{301}e\x{301}e\x{301}e\x{301}e\x{301}e\x{301}e\x{301}e\x{301}e\x{301}e\x{301}e\x{301}e\x{301}e\x{301}e\x{301}e\x{301}e\x{301}e\x{301}e\x{301}e\x{301}e\x{301}e\x{301}e\x{301}e\x{301}e\x{301}e\x{301} e\x{301} e\x{301}e\x{301}e\x{301}e\x{301}e\x{301}e\x{301}e\x{301}e\x{301}e\x{301}e\x{301}e\x{301}e\x{301}e\x{301}e\x{301}e\x{301}e\x{301}e\x{301}e\x{301}e\x{301}e\x{301}e\x{301}e\x{301}e\x{301}e\x{301}e\x{301}e\x{301}e\x{301}e\x{301}e\x{301}e\x{301}e\x{301}e\x{301}e\x{301}e\x{301}e\x{301}e\x{301}e\x{301}e\x{301}e\x{301}e\x{301}e\x{301}e\x{301}e\x{301} e\x{301}e\x{301}e\x{301}e\x{301}e\x{301}e\x{301}e\x{301}e\x{301}e\x{301}e\x{301}e\x{301}e\x{301}e\x{301}e\x{301}e\x{301}e\x{301}e\x{301}e\x{301}e\x{301}e\x{301}e\x{301}e\x{301}e\x{301}e\x{301}e\x{301}e\x{301}e\x{301}e\x{301}e\x{301}e\x{301} e\x{301}e\x{301}e\x{301}e\x{301}e\x{301}e\x{301}e\x{301}e\x{301}e\x{301}e\x{301}e\x{301}e\x{301}e\x{301}e\x{301}e\x{301}e\x{301}e\x{301}e\x{301}e\x{301}e\x{301}e\x{301}e\x{301}"
          text run at (1040,3645) width 0: " "
          text run at (0,3660) width 1040: "e\x{301}e\x{301}e\x{301}e\x{301}e\x{301}e\x{301}e\x{301}e\x{301}e\x{301}e\x{301}e\x{301}e\x{301}e\x{301}e\x{301}e\x{301}e\x{301}e\x{301}e\x{301}e\x{301}e\x{301}e\x{301}e\x{301}e\x{301}e\x{301}e\x{301}e\x{301}e\x{301}e\x{301}e\x{301}e\x{301}e\x{301}e\x{301} e\x{301} e\x{301}e\x{301}e\x{301}e\x{301}e\x{301}e\x{301}e\x{301}e\x{301}e\x{301}e\x{301}e\x{301}e\x{301}e\x{301}e\x{301}e\x{301}e\x{301}e\x{301}e\x{301}e\x{301}e\x{301}e\x{301}e\x{301}e\x{301}e\x{301}e\x{301}e\x{301}e\x{301}e\x{301}e\x{301}e\x{301}e\x{301}e\x{301}e\x{301}e\x{301}e\x{301}e\x{301}e\x{301}e\x{301}e\x{301}e\x{301}e\x{301}e\x{301}e\x{301} e\x{301}e\x{301}e\x{301}e\x{301}e\x{301}e\x{301}e\x{301}e\x{301}e\x{301}e\x{301}e\x{301}e\x{301}e\x{301}e\x{301}e\x{301}e\x{301}e\x{301}e\x{301}e\x{301}e\x{301}e\x{301}e\x{301}e\x{301}e\x{301}e\x{301}e\x{301}e\x{301}e\x{301}e\x{301}e\x{301} e\x{301}e\x{301}e\x{301}e\x{301}e\x{301}e\x{301}e\x{301}e\x{301}e\x{301}e\x{301}e\x{301}e\x{301}e\x{301}e\x{301}e\x{301}e\x{301}e\x{301}e\x{301}e\x{301}e\x{301}e\x{301}e\x{301}"
          text run at (1040,3660) width 0: " "
          text run at (0,3675) width 1040: "e\x{301}e\x{301}e\x{301}e\x{301}e\x{301}e\x{301}e\x{301}e\x{301}e\x{301}e\x{301}e\x{301}e\x{301}e\x{301}e\x{301}e\x{301}e\x{301}e\x{301}e\x{301}e\x{301}e\x{301}e\x{301}e\x{301}e\x{301}e\x{301}e\x{301}e\x{301}e\x{301}e\x{301}e\x{301}e\x{301}e\x{301}e\x{301} e\x{301} e\x{301}e\x{301}e\x{301}e\x{301}e\x{301}e\x{301}e\x{301}e\x{301}e\x{301}e\x{301}e\x{301}e\x{301}e\x{301}e\x{301}e\x{301}e\x{301}e\x{301}e\x{301}e\x{301}e\x{301}e\x{301}e\x{301}e\x{301}e\x{301}e\x{301}e\x{301}e\x{301}e\x{301}e\x{301}e\x{301}e\x{301}e\x{301}e\x{301}e\x{301}e\x{301}e\x{301}e\x{301}e\x{301}e\x{301}e\x{301}e\x{301}e\x{301}e\x{301} e\x{301}e\x{301}e\x{301}e\x{301}e\x{301}e\x{301}e\x{301}e\x{301}e\x{301}e\x{301}e\x{301}e\x{301}e\x{301}e\x{301}e\x{301}e\x{301}e\x{301}e\x{301}e\x{301}e\x{301}e\x{301}e\x{301}e\x{301}e\x{301}e\x{301}e\x{301}e\x{301}e\x{301}e\x{301}e\x{301} e\x{301}e\x{301}e\x{301}e\x{301}e\x{301}e\x{301}e\x{301}e\x{301}e\x{301}e\x{301}e\x{301}e\x{301}e\x{301}e\x{301}e\x{301}e\x{301}e\x{301}e\x{301}e\x{301}e\x{301}e\x{301}e\x{301}"
          text run at (1040,3675) width 0: " "
          text run at (0,3690) width 1040: "e\x{301}e\x{301}e\x{301}e\x{301}e\x{301}e\x{301}e\x{301}e\x{301}e\x{301}e\x{301}e\x{301}e\x{301}e\x{301}e\x{301}e\x{301}e\x{301}e\x{301}e\x{301}e\x{301}e\x{301}e\x{301}e\x{301}e\x{301}e\x{301}e\x{301}e\x{301}e\x{301}e\x{301}e\x{301}e\x{301}e\x{301}e\x{301} e\x{301} e\x{301}e\x{301}e\x{301}e\x{301}e\x{301}e\x{301}e\x{301}e\x{301}e\x{301}e\x{301}e\x{301}e\x{301}e\x{301}e\x{301}e\x{301}e\x{301}e\x{301}e\x{301}e\x{301}e\x{301}e\x{301}e\x{301}e\x{301}e\x{301}e\x{301}e\x{301}e\x{301}e\x{301}e\x{301}e\x{301}e\x{301}e\x{301}e\x{301}e\x{301}e\x{301}e\x{301}e\x{301}e\x{301}e\x{301}e\x{301}e\x{301}e\x{301}e\x{301} e\x{301}e\x{301}e\x{301}e\x{301}e\x{301}e\x{301}e\x{301}e\x{301}e\x{301}e\x{301}e\x{301}e\x{301}e\x{301}e\x{301}e\x{301}e\x{301}e\x{301}e\x{301}e\x{301}e\x{301}e\x{301}e\x{301}e\x{301}e\x{301}e\x{301}e\x{301}e\x{301}e\x{301}e\x{301}e\x{301} e\x{301}e\x{301}e\x{301}e\x{301}e\x{301}e\x{301}e\x{301}e\x{301}e\x{301}e\x{301}e\x{301}e\x{301}e\x{301}e\x{301}e\x{301}e\x{301}e\x{301}e\x{301}e\x{301}e\x{301}e\x{301}e\x{301}"
          text run at (1040,3690) width 0: " "
          text run at (0,3705) width 1040: "e\x{301}e\x{301}e\x{301}e\x{301}e\x{301}e\x{301}e\x{301}e\x{301}e\x{301}e\x{301}e\x{301}e\x{301}e\x{301}e\x{301}e\x{301}e\x{301}e\x{301}e\x{301}e\x{301}e\x{301}e\x{301}e\x{301}e\x{301}e\x{301}e\x{301}e\x{301}e\x{301}e\x{301}e\x{301}e\x{301}e\x{301}e\x{301} e\x{301} e\x{301}e\x{301}e\x{301}e\x{301}e\x{301}e\x{301}e\x{301}e\x{301}e\x{301}e\x{301}e\x{301}e\x{301}e\x{301}e\x{301}e\x{301}e\x{301}e\x{301}e\x{301}e\x{301}e\x{301}e\x{301}e\x{301}e\x{301}e\x{301}e\x{301}e\x{301}e\x{301}e\x{301}e\x{301}e\x{301}e\x{301}e\x{301}e\x{301}e\x{301}e\x{301}e\x{301}e\x{301}e\x{301}e\x{301}e\x{301}e\x{301}e\x{301}e\x{301} e\x{301}e\x{301}e\x{301}e\x{301}e\x{301}e\x{301}e\x{301}e\x{301}e\x{301}e\x{301}e\x{301}e\x{301}e\x{301}e\x{301}e\x{301}e\x{301}e\x{301}e\x{301}e\x{301}e\x{301}e\x{301}e\x{301}e\x{301}e\x{301}e\x{301}e\x{301}e\x{301}e\x{301}e\x{301}e\x{301} e\x{301}e\x{301}e\x{301}e\x{301}e\x{301}e\x{301}e\x{301}e\x{301}e\x{301}e\x{301}e\x{301}e\x{301}e\x{301}e\x{301}e\x{301}e\x{301}e\x{301}e\x{301}e\x{301}e\x{301}e\x{301}e\x{301}"
          text run at (1040,3705) width 0: " "
          text run at (0,3720) width 1040: "e\x{301}e\x{301}e\x{301}e\x{301}e\x{301}e\x{301}e\x{301}e\x{301}e\x{301}e\x{301}e\x{301}e\x{301}e\x{301}e\x{301}e\x{301}e\x{301}e\x{301}e\x{301}e\x{301}e\x{301}e\x{301}e\x{301}e\x{301}e\x{301}e\x{301}e\x{301}e\x{301}e\x{301}e\x{301}e\x{301}e\x{301}e\x{301} e\x{301} e\x{301}e\x{301}e\x{301}e\x{301}e\x{301}e\x{301}e\x{301}e\x{301}e\x{301}e\x{301}e\x{301}e\x{301}e\x{301}e\x{301}e\x{301}e\x{301}e\x{301}e\x{301}e\x{301}e\x{301}e\x{301}e\x{301}e\x{301}e\x{301}e\x{301}e\x{301}e\x{301}e\x{301}e\x{301}e\x{301}e\x{301}e\x{301}e\x{301}e\x{301}e\x{301}e\x{301}e\x{301}e\x{301}e\x{301}e\x{301}e\x{301}e\x{301}e\x{301} e\x{301}e\x{301}e\x{301}e\x{301}e\x{301}e\x{301}e\x{301}e\x{301}e\x{301}e\x{301}e\x{301}e\x{301}e\x{301}e\x{301}e\x{301}e\x{301}e\x{301}e\x{301}e\x{301}e\x{301}e\x{301}e\x{301}e\x{301}e\x{301}e\x{301}e\x{301}e\x{301}e\x{301}e\x{301}e\x{301} e\x{301}e\x{301}e\x{301}e\x{301}e\x{301}e\x{301}e\x{301}e\x{301}e\x{301}e\x{301}e\x{301}e\x{301}e\x{301}e\x{301}e\x{301}e\x{301}e\x{301}e\x{301}e\x{301}e\x{301}e\x{301}e\x{301}"
          text run at (1040,3720) width 0: " "
          text run at (0,3735) width 1040: "e\x{301}e\x{301}e\x{301}e\x{301}e\x{301}e\x{301}e\x{301}e\x{301}e\x{301}e\x{301}e\x{301}e\x{301}e\x{301}e\x{301}e\x{301}e\x{301}e\x{301}e\x{301}e\x{301}e\x{301}e\x{301}e\x{301}e\x{301}e\x{301}e\x{301}e\x{301}e\x{301}e\x{301}e\x{301}e\x{301}e\x{301}e\x{301} e\x{301} e\x{301}e\x{301}e\x{301}e\x{301}e\x{301}e\x{301}e\x{301}e\x{301}e\x{301}e\x{301}e\x{301}e\x{301}e\x{301}e\x{301}e\x{301}e\x{301}e\x{301}e\x{301}e\x{301}e\x{301}e\x{301}e\x{301}e\x{301}e\x{301}e\x{301}e\x{301}e\x{301}e\x{301}e\x{301}e\x{301}e\x{301}e\x{301}e\x{301}e\x{301}e\x{301}e\x{301}e\x{301}e\x{301}e\x{301}e\x{301}e\x{301}e\x{301}e\x{301} e\x{301}e\x{301}e\x{301}e\x{301}e\x{301}e\x{301}e\x{301}e\x{301}e\x{301}e\x{301}e\x{301}e\x{301}e\x{301}e\x{301}e\x{301}e\x{301}e\x{301}e\x{301}e\x{301}e\x{301}e\x{301}e\x{301}e\x{301}e\x{301}e\x{301}e\x{301}e\x{301}e\x{301}e\x{301}e\x{301} e\x{301}e\x{301}e\x{301}e\x{301}e\x{301}e\x{301}e\x{301}e\x{301}e\x{301}e\x{301}e\x{301}e\x{301}e\x{301}e\x{301}e\x{301}e\x{301}e\x{301}e\x{301}e\x{301}e\x{301}e\x{301}e\x{301}"
          text run at (1040,3735) width 0: " "
          text run at (0,3750) width 1040: "e\x{301}e\x{301}e\x{301}e\x{301}e\x{301}e\x{301}e\x{301}e\x{301}e\x{301}e\x{301}e\x{301}e\x{301}e\x{301}e\x{301}e\x{301}e\x{301}e\x{301}e\x{301}e\x{301}e\x{301}e\x{301}e\x{301}e\x{301}e\x{301}e\x{301}e\x{301}e\x{301}e\x{301}e\x{301}e\x{301}e\x{301}e\x{301} e\x{301} e\x{301}e\x{301}e\x{301}e\x{301}e\x{301}e\x{301}e\x{301}e\x{301}e\x{301}e\x{301}e\x{301}e\x{301}e\x{301}e\x{301}e\x{301}e\x{301}e\x{301}e\x{301}e\x{301}e\x{301}e\x{301}e\x{301}e\x{301}e\x{301}e\x{301}e\x{301}e\x{301}e\x{301}e\x{301}e\x{301}e\x{301}e\x{301}e\x{301}e\x{301}e\x{301}e\x{301}e\x{301}e\x{301}e\x{301}e\x{301}e\x{301}e\x{301}e\x{301} e\x{301}e\x{301}e\x{301}e\x{301}e\x{301}e\x{301}e\x{301}e\x{301}e\x{301}e\x{301}e\x{301}e\x{301}e\x{301}e\x{301}e\x{301}e\x{301}e\x{301}e\x{301}e\x{301}e\x{301}e\x{301}e\x{301}e\x{301}e\x{301}e\x{301}e\x{301}e\x{301}e\x{301}e\x{301}e\x{301} e\x{301}e\x{301}e\x{301}e\x{301}e\x{301}e\x{301}e\x{301}e\x{301}e\x{301}e\x{301}e\x{301}e\x{301}e\x{301}e\x{301}e\x{301}e\x{301}e\x{301}e\x{301}e\x{301}e\x{301}e\x{301}e\x{301}"
          text run at (1040,3750) width 0: " "
          text run at (0,3765) width 96: "e\x{301}e\x{301}e\x{301}e\x{301}e\x{301}e\x{301}e\x{301}e\x{301}e\x{301}e\x{301}e\x{301}e\x{301}"
        RenderText {#text} at (96,3765) size 1040x3780
          text run at (96,3765) width 944: "e\x{301}e\x{301}e\x{301}e\x{301}e\x{301}e\x{301}e\x{301}e\x{301}e\x{301}e\x{301}e\x{301}e\x{301}e\x{301}e\x{301}e\x{301}e\x{301}e\x{301}e\x{301}e\x{301}e\x{301} e\x{301} e\x{301}e\x{301}e\x{301}e\x{301}e\x{301}e\x{301}e\x{301}e\x{301}e\x{301}e\x{301}e\x{301}e\x{301}e\x{301}e\x{301}e\x{301}e\x{301}e\x{301}e\x{301}e\x{301}e\x{301}e\x{301}e\x{301}e\x{301}e\x{301}e\x{301}e\x{301}e\x{301}e\x{301}e\x{301}e\x{301}e\x{301}e\x{301}e\x{301}e\x{301}e\x{301}e\x{301}e\x{301}e\x{301}e\x{301}e\x{301}e\x{301}e\x{301}e\x{301} e\x{301}e\x{301}e\x{301}e\x{301}e\x{301}e\x{301}e\x{301}e\x{301}e\x{301}e\x{301}e\x{301}e\x{301}e\x{301}e\x{301}e\x{301}e\x{301}e\x{301}e\x{301}e\x{301}e\x{301}e\x{301}e\x{301}e\x{301}e\x{301}e\x{301}e\x{301}e\x{301}e\x{301}e\x{301}e\x{301} e\x{301}e\x{301}e\x{301}e\x{301}e\x{301}e\x{301}e\x{301}e\x{301}e\x{301}e\x{301}e\x{301}e\x{301}e\x{301}e\x{301}e\x{301}e\x{301}e\x{301}e\x{301}e\x{301}e\x{301}e\x{301}e\x{301}"
          text run at (1040,3765) width 0: " "
          text run at (0,3780) width 1040: "e\x{301}e\x{301}e\x{301}e\x{301}e\x{301}e\x{301}e\x{301}e\x{301}e\x{301}e\x{301}e\x{301}e\x{301}e\x{301}e\x{301}e\x{301}e\x{301}e\x{301}e\x{301}e\x{301}e\x{301}e\x{301}e\x{301}e\x{301}e\x{301}e\x{301}e\x{301}e\x{301}e\x{301}e\x{301}e\x{301}e\x{301}e\x{301} e\x{301} e\x{301}e\x{301}e\x{301}e\x{301}e\x{301}e\x{301}e\x{301}e\x{301}e\x{301}e\x{301}e\x{301}e\x{301}e\x{301}e\x{301}e\x{301}e\x{301}e\x{301}e\x{301}e\x{301}e\x{301}e\x{301}e\x{301}e\x{301}e\x{301}e\x{301}e\x{301}e\x{301}e\x{301}e\x{301}e\x{301}e\x{301}e\x{301}e\x{301}e\x{301}e\x{301}e\x{301}e\x{301}e\x{301}e\x{301}e\x{301}e\x{301}e\x{301}e\x{301} e\x{301}e\x{301}e\x{301}e\x{301}e\x{301}e\x{301}e\x{301}e\x{301}e\x{301}e\x{301}e\x{301}e\x{301}e\x{301}e\x{301}e\x{301}e\x{301}e\x{301}e\x{301}e\x{301}e\x{301}e\x{301}e\x{301}e\x{301}e\x{301}e\x{301}e\x{301}e\x{301}e\x{301}e\x{301}e\x{301} e\x{301}e\x{301}e\x{301}e\x{301}e\x{301}e\x{301}e\x{301}e\x{301}e\x{301}e\x{301}e\x{301}e\x{301}e\x{301}e\x{301}e\x{301}e\x{301}e\x{301}e\x{301}e\x{301}e\x{301}e\x{301}e\x{301}"
          text run at (1040,3780) width 0: " "
          text run at (0,3795) width 1040: "e\x{301}e\x{301}e\x{301}e\x{301}e\x{301}e\x{301}e\x{301}e\x{301}e\x{301}e\x{301}e\x{301}e\x{301}e\x{301}e\x{301}e\x{301}e\x{301}e\x{301}e\x{301}e\x{301}e\x{301}e\x{301}e\x{301}e\x{301}e\x{301}e\x{301}e\x{301}e\x{301}e\x{301}e\x{301}e\x{301}e\x{301}e\x{301} e\x{301} e\x{301}e\x{301}e\x{301}e\x{301}e\x{301}e\x{301}e\x{301}e\x{301}e\x{301}e\x{301}e\x{301}e\x{301}e\x{301}e\x{301}e\x{301}e\x{301}e\x{301}e\x{301}e\x{301}e\x{301}e\x{301}e\x{301}e\x{301}e\x{301}e\x{301}e\x{301}e\x{301}e\x{301}e\x{301}e\x{301}e\x{301}e\x{301}e\x{301}e\x{301}e\x{301}e\x{301}e\x{301}e\x{301}e\x{301}e\x{301}e\x{301}e\x{301}e\x{301} e\x{301}e\x{301}e\x{301}e\x{301}e\x{301}e\x{301}e\x{301}e\x{301}e\x{301}e\x{301}e\x{301}e\x{301}e\x{301}e\x{301}e\x{301}e\x{301}e\x{301}e\x{301}e\x{301}e\x{301}e\x{301}e\x{301}e\x{301}e\x{301}e\x{301}e\x{301}e\x{301}e\x{301}e\x{301}e\x{301} e\x{301}e\x{301}e\x{301}e\x{301}e\x{301}e\x{301}e\x{301}e\x{301}e\x{301}e\x{301}e\x{301}e\x{301}e\x{301}e\x{301}e\x{301}e\x{301}e\x{301}e\x{301}e\x{301}e\x{301}e\x{301}e\x{301}"
          text run at (1040,3795) width 0: " "
          text run at (0,3810) width 1040: "e\x{301}e\x{301}e\x{301}e\x{301}e\x{301}e\x{301}e\x{301}e\x{301}e\x{301}e\x{301}e\x{301}e\x{301}e\x{301}e\x{301}e\x{301}e\x{301}e\x{301}e\x{301}e\x{301}e\x{301}e\x{301}e\x{301}e\x{301}e\x{301}e\x{301}e\x{301}e\x{301}e\x{301}e\x{301}e\x{301}e\x{301}e\x{301} e\x{301} e\x{301}e\x{301}e\x{301}e\x{301}e\x{301}e\x{301}e\x{301}e\x{301}e\x{301}e\x{301}e\x{301}e\x{301}e\x{301}e\x{301}e\x{301}e\x{301}e\x{301}e\x{301}e\x{301}e\x{301}e\x{301}e\x{301}e\x{301}e\x{301}e\x{301}e\x{301}e\x{301}e\x{301}e\x{301}e\x{301}e\x{301}e\x{301}e\x{301}e\x{301}e\x{301}e\x{301}e\x{301}e\x{301}e\x{301}e\x{301}e\x{301}e\x{301}e\x{301} e\x{301}e\x{301}e\x{301}e\x{301}e\x{301}e\x{301}e\x{301}e\x{301}e\x{301}e\x{301}e\x{301}e\x{301}e\x{301}e\x{301}e\x{301}e\x{301}e\x{301}e\x{301}e\x{301}e\x{301}e\x{301}e\x{301}e\x{301}e\x{301}e\x{301}e\x{301}e\x{301}e\x{301}e\x{301}e\x{301} e\x{301}e\x{301}e\x{301}e\x{301}e\x{301}e\x{301}e\x{301}e\x{301}e\x{301}e\x{301}e\x{301}e\x{301}e\x{301}e\x{301}e\x{301}e\x{301}e\x{301}e\x{301}e\x{301}e\x{301}e\x{301}e\x{301}"
          text run at (1040,3810) width 0: " "
          text run at (0,3825) width 1040: "e\x{301}e\x{301}e\x{301}e\x{301}e\x{301}e\x{301}e\x{301}e\x{301}e\x{301}e\x{301}e\x{301}e\x{301}e\x{301}e\x{301}e\x{301}e\x{301}e\x{301}e\x{301}e\x{301}e\x{301}e\x{301}e\x{301}e\x{301}e\x{301}e\x{301}e\x{301}e\x{301}e\x{301}e\x{301}e\x{301}e\x{301}e\x{301} e\x{301} e\x{301}e\x{301}e\x{301}e\x{301}e\x{301}e\x{301}e\x{301}e\x{301}e\x{301}e\x{301}e\x{301}e\x{301}e\x{301}e\x{301}e\x{301}e\x{301}e\x{301}e\x{301}e\x{301}e\x{301}e\x{301}e\x{301}e\x{301}e\x{301}e\x{301}e\x{301}e\x{301}e\x{301}e\x{301}e\x{301}e\x{301}e\x{301}e\x{301}e\x{301}e\x{301}e\x{301}e\x{301}e\x{301}e\x{301}e\x{301}e\x{301}e\x{301}e\x{301} e\x{301}e\x{301}e\x{301}e\x{301}e\x{301}e\x{301}e\x{301}e\x{301}e\x{301}e\x{301}e\x{301}e\x{301}e\x{301}e\x{301}e\x{301}e\x{301}e\x{301}e\x{301}e\x{301}e\x{301}e\x{301}e\x{301}e\x{301}e\x{301}e\x{301}e\x{301}e\x{301}e\x{301}e\x{301}e\x{301} e\x{301}e\x{301}e\x{301}e\x{301}e\x{301}e\x{301}e\x{301}e\x{301}e\x{301}e\x{301}e\x{301}e\x{301}e\x{301}e\x{301}e\x{301}e\x{301}e\x{301}e\x{301}e\x{301}e\x{301}e\x{301}e\x{301}"
          text run at (1040,3825) width 0: " "
          text run at (0,3840) width 1040: "e\x{301}e\x{301}e\x{301}e\x{301}e\x{301}e\x{301}e\x{301}e\x{301}e\x{301}e\x{301}e\x{301}e\x{301}e\x{301}e\x{301}e\x{301}e\x{301}e\x{301}e\x{301}e\x{301}e\x{301}e\x{301}e\x{301}e\x{301}e\x{301}e\x{301}e\x{301}e\x{301}e\x{301}e\x{301}e\x{301}e\x{301}e\x{301} e\x{301} e\x{301}e\x{301}e\x{301}e\x{301}e\x{301}e\x{301}e\x{301}e\x{301}e\x{301}e\x{301}e\x{301}e\x{301}e\x{301}e\x{301}e\x{301}e\x{301}e\x{301}e\x{301}e\x{301}e\x{301}e\x{301}e\x{301}e\x{301}e\x{301}e\x{301}e\x{301}e\x{301}e\x{301}e\x{301}e\x{301}e\x{301}e\x{301}e\x{301}e\x{301}e\x{301}e\x{301}e\x{301}e\x{301}e\x{301}e\x{301}e\x{301}e\x{301}e\x{301} e\x{301}e\x{301}e\x{301}e\x{301}e\x{301}e\x{301}e\x{301}e\x{301}e\x{301}e\x{301}e\x{301}e\x{301}e\x{301}e\x{301}e\x{301}e\x{301}e\x{301}e\x{301}e\x{301}e\x{301}e\x{301}e\x{301}e\x{301}e\x{301}e\x{301}e\x{301}e\x{301}e\x{301}e\x{301}e\x{301} e\x{301}e\x{301}e\x{301}e\x{301}e\x{301}e\x{301}e\x{301}e\x{301}e\x{301}e\x{301}e\x{301}e\x{301}e\x{301}e\x{301}e\x{301}e\x{301}e\x{301}e\x{301}e\x{301}e\x{301}e\x{301}e\x{301}"
          text run at (1040,3840) width 0: " "
          text run at (0,3855) width 1040: "e\x{301}e\x{301}e\x{301}e\x{301}e\x{301}e\x{301}e\x{301}e\x{301}e\x{301}e\x{301}e\x{301}e\x{301}e\x{301}e\x{301}e\x{301}e\x{301}e\x{301}e\x{301}e\x{301}e\x{301}e\x{301}e\x{301}e\x{301}e\x{301}e\x{301}e\x{301}e\x{301}e\x{301}e\x{301}e\x{301}e\x{301}e\x{301} e\x{301} e\x{301}e\x{301}e\x{301}e\x{301}e\x{301}e\x{301}e\x{301}e\x{301}e\x{301}e\x{301}e\x{301}e\x{301}e\x{301}e\x{301}e\x{301}e\x{301}e\x{301}e\x{301}e\x{301}e\x{301}e\x{301}e\x{301}e\x{301}e\x{301}e\x{301}e\x{301}e\x{301}e\x{301}e\x{301}e\x{301}e\x{301}e\x{301}e\x{301}e\x{301}e\x{301}e\x{301}e\x{301}e\x{301}e\x{301}e\x{301}e\x{301}e\x{301}e\x{301} e\x{301}e\x{301}e\x{301}e\x{301}e\x{301}e\x{301}e\x{301}e\x{301}e\x{301}e\x{301}e\x{301}e\x{301}e\x{301}e\x{301}e\x{301}e\x{301}e\x{301}e\x{301}e\x{301}e\x{301}e\x{301}e\x{301}e\x{301}e\x{301}e\x{301}e\x{301}e\x{301}e\x{301}e\x{301}e\x{301} e\x{301}e\x{301}e\x{301}e\x{301}e\x{301}e\x{301}e\x{301}e\x{301}e\x{301}e\x{301}e\x{301}e\x{301}e\x{301}e\x{301}e\x{301}e\x{301}e\x{301}e\x{301}e\x{301}e\x{301}e\x{301}e\x{301}"
          text run at (1040,3855) width 0: " "
          text run at (0,3870) width 1040: "e\x{301}e\x{301}e\x{301}e\x{301}e\x{301}e\x{301}e\x{301}e\x{301}e\x{301}e\x{301}e\x{301}e\x{301}e\x{301}e\x{301}e\x{301}e\x{301}e\x{301}e\x{301}e\x{301}e\x{301}e\x{301}e\x{301}e\x{301}e\x{301}e\x{301}e\x{301}e\x{301}e\x{301}e\x{301}e\x{301}e\x{301}e\x{301} e\x{301} e\x{301}e\x{301}e\x{301}e\x{301}e\x{301}e\x{301}e\x{301}e\x{301}e\x{301}e\x{301}e\x{301}e\x{301}e\x{301}e\x{301}e\x{301}e\x{301}e\x{301}e\x{301}e\x{301}e\x{301}e\x{301}e\x{301}e\x{301}e\x{301}e\x{301}e\x{301}e\x{301}e\x{301}e\x{301}e\x{301}e\x{301}e\x{301}e\x{301}e\x{301}e\x{301}e\x{301}e\x{301}e\x{301}e\x{301}e\x{301}e\x{301}e\x{301}e\x{301} e\x{301}e\x{301}e\x{301}e\x{301}e\x{301}e\x{301}e\x{301}e\x{301}e\x{301}e\x{301}e\x{301}e\x{301}e\x{301}e\x{301}e\x{301}e\x{301}e\x{301}e\x{301}e\x{301}e\x{301}e\x{301}e\x{301}e\x{301}e\x{301}e\x{301}e\x{301}e\x{301}e\x{301}e\x{301}e\x{301} e\x{301}e\x{301}e\x{301}e\x{301}e\x{301}e\x{301}e\x{301}e\x{301}e\x{301}e\x{301}e\x{301}e\x{301}e\x{301}e\x{301}e\x{301}e\x{301}e\x{301}e\x{301}e\x{301}e\x{301}e\x{301}e\x{301}"
          text run at (1040,3870) width 0: " "
          text run at (0,3885) width 1040: "e\x{301}e\x{301}e\x{301}e\x{301}e\x{301}e\x{301}e\x{301}e\x{301}e\x{301}e\x{301}e\x{301}e\x{301}e\x{301}e\x{301}e\x{301}e\x{301}e\x{301}e\x{301}e\x{301}e\x{301}e\x{301}e\x{301}e\x{301}e\x{301}e\x{301}e\x{301}e\x{301}e\x{301}e\x{301}e\x{301}e\x{301}e\x{301} e\x{301} e\x{301}e\x{301}e\x{301}e\x{301}e\x{301}e\x{301}e\x{301}e\x{301}e\x{301}e\x{301}e\x{301}e\x{301}e\x{301}e\x{301}e\x{301}e\x{301}e\x{301}e\x{301}e\x{301}e\x{301}e\x{301}e\x{301}e\x{301}e\x{301}e\x{301}e\x{301}e\x{301}e\x{301}e\x{301}e\x{301}e\x{301}e\x{301}e\x{301}e\x{301}e\x{301}e\x{301}e\x{301}e\x{301}e\x{301}e\x{301}e\x{301}e\x{301}e\x{301} e\x{301}e\x{301}e\x{301}e\x{301}e\x{301}e\x{301}e\x{301}e\x{301}e\x{301}e\x{301}e\x{301}e\x{301}e\x{301}e\x{301}e\x{301}e\x{301}e\x{301}e\x{301}e\x{301}e\x{301}e\x{301}e\x{301}e\x{301}e\x{301}e\x{301}e\x{301}e\x{301}e\x{301}e\x{301}e\x{301} e\x{301}e\x{301}e\x{301}e\x{301}e\x{301}e\x{301}e\x{301}e\x{301}e\x{301}e\x{301}e\x{301}e\x{301}e\x{301}e\x{301}e\x{301}e\x{301}e\x{301}e\x{301}e\x{301}e\x{301}e\x{301}e\x{301}"
          text run at (1040,3885) width 0: " "
          text run at (0,3900) width 1040: "e\x{301}e\x{301}e\x{301}e\x{301}e\x{301}e\x{301}e\x{301}e\x{301}e\x{301}e\x{301}e\x{301}e\x{301}e\x{301}e\x{301}e\x{301}e\x{301}e\x{301}e\x{301}e\x{301}e\x{301}e\x{301}e\x{301}e\x{301}e\x{301}e\x{301}e\x{301}e\x{301}e\x{301}e\x{301}e\x{301}e\x{301}e\x{301} e\x{301} e\x{301}e\x{301}e\x{301}e\x{301}e\x{301}e\x{301}e\x{301}e\x{301}e\x{301}e\x{301}e\x{301}e\x{301}e\x{301}e\x{301}e\x{301}e\x{301}e\x{301}e\x{301}e\x{301}e\x{301}e\x{301}e\x{301}e\x{301}e\x{301}e\x{301}e\x{301}e\x{301}e\x{301}e\x{301}e\x{301}e\x{301}e\x{301}e\x{301}e\x{301}e\x{301}e\x{301}e\x{301}e\x{301}e\x{301}e\x{301}e\x{301}e\x{301}e\x{301} e\x{301}e\x{301}e\x{301}e\x{301}e\x{301}e\x{301}e\x{301}e\x{301}e\x{301}e\x{301}e\x{301}e\x{301}e\x{301}e\x{301}e\x{301}e\x{301}e\x{301}e\x{301}e\x{301}e\x{301}e\x{301}e\x{301}e\x{301}e\x{301}e\x{301}e\x{301}e\x{301}e\x{301}e\x{301}e\x{301} e\x{301}e\x{301}e\x{301}e\x{301}e\x{301}e\x{301}e\x{301}e\x{301}e\x{301}e\x{301}e\x{301}e\x{301}e\x{301}e\x{301}e\x{301}e\x{301}e\x{301}e\x{301}e\x{301}e\x{301}e\x{301}e\x{301}"
          text run at (1040,3900) width 0: " "
          text run at (0,3915) width 1040: "e\x{301}e\x{301}e\x{301}e\x{301}e\x{301}e\x{301}e\x{301}e\x{301}e\x{301}e\x{301}e\x{301}e\x{301}e\x{301}e\x{301}e\x{301}e\x{301}e\x{301}e\x{301}e\x{301}e\x{301}e\x{301}e\x{301}e\x{301}e\x{301}e\x{301}e\x{301}e\x{301}e\x{301}e\x{301}e\x{301}e\x{301}e\x{301} e\x{301} e\x{301}e\x{301}e\x{301}e\x{301}e\x{301}e\x{301}e\x{301}e\x{301}e\x{301}e\x{301}e\x{301}e\x{301}e\x{301}e\x{301}e\x{301}e\x{301}e\x{301}e\x{301}e\x{301}e\x{301}e\x{301}e\x{301}e\x{301}e\x{301}e\x{301}e\x{301}e\x{301}e\x{301}e\x{301}e\x{301}e\x{301}e\x{301}e\x{301}e\x{301}e\x{301}e\x{301}e\x{301}e\x{301}e\x{301}e\x{301}e\x{301}e\x{301}e\x{301} e\x{301}e\x{301}e\x{301}e\x{301}e\x{301}e\x{301}e\x{301}e\x{301}e\x{301}e\x{301}e\x{301}e\x{301}e\x{301}e\x{301}e\x{301}e\x{301}e\x{301}e\x{301}e\x{301}e\x{301}e\x{301}e\x{301}e\x{301}e\x{301}e\x{301}e\x{301}e\x{301}e\x{301}e\x{301}e\x{301} e\x{301}e\x{301}e\x{301}e\x{301}e\x{301}e\x{301}e\x{301}e\x{301}e\x{301}e\x{301}e\x{301}e\x{301}e\x{301}e\x{301}e\x{301}e\x{301}e\x{301}e\x{301}e\x{301}e\x{301}e\x{301}e\x{301}"
          text run at (1040,3915) width 0: " "
          text run at (0,3930) width 1040: "e\x{301}e\x{301}e\x{301}e\x{301}e\x{301}e\x{301}e\x{301}e\x{301}e\x{301}e\x{301}e\x{301}e\x{301}e\x{301}e\x{301}e\x{301}e\x{301}e\x{301}e\x{301}e\x{301}e\x{301}e\x{301}e\x{301}e\x{301}e\x{301}e\x{301}e\x{301}e\x{301}e\x{301}e\x{301}e\x{301}e\x{301}e\x{301} e\x{301} e\x{301}e\x{301}e\x{301}e\x{301}e\x{301}e\x{301}e\x{301}e\x{301}e\x{301}e\x{301}e\x{301}e\x{301}e\x{301}e\x{301}e\x{301}e\x{301}e\x{301}e\x{301}e\x{301}e\x{301}e\x{301}e\x{301}e\x{301}e\x{301}e\x{301}e\x{301}e\x{301}e\x{301}e\x{301}e\x{301}e\x{301}e\x{301}e\x{301}e\x{301}e\x{301}e\x{301}e\x{301}e\x{301}e\x{301}e\x{301}e\x{301}e\x{301}e\x{301} e\x{301}e\x{301}e\x{301}e\x{301}e\x{301}e\x{301}e\x{301}e\x{301}e\x{301}e\x{301}e\x{301}e\x{301}e\x{301}e\x{301}e\x{301}e\x{301}e\x{301}e\x{301}e\x{301}e\x{301}e\x{301}e\x{301}e\x{301}e\x{301}e\x{301}e\x{301}e\x{301}e\x{301}e\x{301}e\x{301} e\x{301}e\x{301}e\x{301}e\x{301}e\x{301}e\x{301}e\x{301}e\x{301}e\x{301}e\x{301}e\x{301}e\x{301}e\x{301}e\x{301}e\x{301}e\x{301}e\x{301}e\x{301}e\x{301}e\x{301}e\x{301}e\x{301}"
          text run at (1040,3930) width 0: " "
          text run at (0,3945) width 1040: "e\x{301}e\x{301}e\x{301}e\x{301}e\x{301}e\x{301}e\x{301}e\x{301}e\x{301}e\x{301}e\x{301}e\x{301}e\x{301}e\x{301}e\x{301}e\x{301}e\x{301}e\x{301}e\x{301}e\x{301}e\x{301}e\x{301}e\x{301}e\x{301}e\x{301}e\x{301}e\x{301}e\x{301}e\x{301}e\x{301}e\x{301}e\x{301} e\x{301} e\x{301}e\x{301}e\x{301}e\x{301}e\x{301}e\x{301}e\x{301}e\x{301}e\x{301}e\x{301}e\x{301}e\x{301}e\x{301}e\x{301}e\x{301}e\x{301}e\x{301}e\x{301}e\x{301}e\x{301}e\x{301}e\x{301}e\x{301}e\x{301}e\x{301}e\x{301}e\x{301}e\x{301}e\x{301}e\x{301}e\x{301}e\x{301}e\x{301}e\x{301}e\x{301}e\x{301}e\x{301}e\x{301}e\x{301}e\x{301}e\x{301}e\x{301}e\x{301} e\x{301}e\x{301}e\x{301}e\x{301}e\x{301}e\x{301}e\x{301}e\x{301}e\x{301}e\x{301}e\x{301}e\x{301}e\x{301}e\x{301}e\x{301}e\x{301}e\x{301}e\x{301}e\x{301}e\x{301}e\x{301}e\x{301}e\x{301}e\x{301}e\x{301}e\x{301}e\x{301}e\x{301}e\x{301}e\x{301} e\x{301}e\x{301}e\x{301}e\x{301}e\x{301}e\x{301}e\x{301}e\x{301}e\x{301}e\x{301}e\x{301}e\x{301}e\x{301}e\x{301}e\x{301}e\x{301}e\x{301}e\x{301}e\x{301}e\x{301}e\x{301}e\x{301}"
          text run at (1040,3945) width 0: " "
          text run at (0,3960) width 1040: "e\x{301}e\x{301}e\x{301}e\x{301}e\x{301}e\x{301}e\x{301}e\x{301}e\x{301}e\x{301}e\x{301}e\x{301}e\x{301}e\x{301}e\x{301}e\x{301}e\x{301}e\x{301}e\x{301}e\x{301}e\x{301}e\x{301}e\x{301}e\x{301}e\x{301}e\x{301}e\x{301}e\x{301}e\x{301}e\x{301}e\x{301}e\x{301} e\x{301} e\x{301}e\x{301}e\x{301}e\x{301}e\x{301}e\x{301}e\x{301}e\x{301}e\x{301}e\x{301}e\x{301}e\x{301}e\x{301}e\x{301}e\x{301}e\x{301}e\x{301}e\x{301}e\x{301}e\x{301}e\x{301}e\x{301}e\x{301}e\x{301}e\x{301}e\x{301}e\x{301}e\x{301}e\x{301}e\x{301}e\x{301}e\x{301}e\x{301}e\x{301}e\x{301}e\x{301}e\x{301}e\x{301}e\x{301}e\x{301}e\x{301}e\x{301}e\x{301} e\x{301}e\x{301}e\x{301}e\x{301}e\x{301}e\x{301}e\x{301}e\x{301}e\x{301}e\x{301}e\x{301}e\x{301}e\x{301}e\x{301}e\x{301}e\x{301}e\x{301}e\x{301}e\x{301}e\x{301}e\x{301}e\x{301}e\x{301}e\x{301}e\x{301}e\x{301}e\x{301}e\x{301}e\x{301}e\x{301} e\x{301}e\x{301}e\x{301}e\x{301}e\x{301}e\x{301}e\x{301}e\x{301}e\x{301}e\x{301}e\x{301}e\x{301}e\x{301}e\x{301}e\x{301}e\x{301}e\x{301}e\x{301}e\x{301}e\x{301}e\x{301}e\x{301}"
          text run at (1040,3960) width 0: " "
          text run at (0,3975) width 1040: "e\x{301}e\x{301}e\x{301}e\x{301}e\x{301}e\x{301}e\x{301}e\x{301}e\x{301}e\x{301}e\x{301}e\x{301}e\x{301}e\x{301}e\x{301}e\x{301}e\x{301}e\x{301}e\x{301}e\x{301}e\x{301}e\x{301}e\x{301}e\x{301}e\x{301}e\x{301}e\x{301}e\x{301}e\x{301}e\x{301}e\x{301}e\x{301} e\x{301} e\x{301}e\x{301}e\x{301}e\x{301}e\x{301}e\x{301}e\x{301}e\x{301}e\x{301}e\x{301}e\x{301}e\x{301}e\x{301}e\x{301}e\x{301}e\x{301}e\x{301}e\x{301}e\x{301}e\x{301}e\x{301}e\x{301}e\x{301}e\x{301}e\x{301}e\x{301}e\x{301}e\x{301}e\x{301}e\x{301}e\x{301}e\x{301}e\x{301}e\x{301}e\x{301}e\x{301}e\x{301}e\x{301}e\x{301}e\x{301}e\x{301}e\x{301}e\x{301} e\x{301}e\x{301}e\x{301}e\x{301}e\x{301}e\x{301}e\x{301}e\x{301}e\x{301}e\x{301}e\x{301}e\x{301}e\x{301}e\x{301}e\x{301}e\x{301}e\x{301}e\x{301}e\x{301}e\x{301}e\x{301}e\x{301}e\x{301}e\x{301}e\x{301}e\x{301}e\x{301}e\x{301}e\x{301}e\x{301} e\x{301}e\x{301}e\x{301}e\x{301}e\x{301}e\x{301}e\x{301}e\x{301}e\x{301}e\x{301}e\x{301}e\x{301}e\x{301}e\x{301}e\x{301}e\x{301}e\x{301}e\x{301}e\x{301}e\x{301}e\x{301}e\x{301}"
          text run at (1040,3975) width 0: " "
          text run at (0,3990) width 1040: "e\x{301}e\x{301}e\x{301}e\x{301}e\x{301}e\x{301}e\x{301}e\x{301}e\x{301}e\x{301}e\x{301}e\x{301}e\x{301}e\x{301}e\x{301}e\x{301}e\x{301}e\x{301}e\x{301}e\x{301}e\x{301}e\x{301}e\x{301}e\x{301}e\x{301}e\x{301}e\x{301}e\x{301}e\x{301}e\x{301}e\x{301}e\x{301} e\x{301} e\x{301}e\x{301}e\x{301}e\x{301}e\x{301}e\x{301}e\x{301}e\x{301}e\x{301}e\x{301}e\x{301}e\x{301}e\x{301}e\x{301}e\x{301}e\x{301}e\x{301}e\x{301}e\x{301}e\x{301}e\x{301}e\x{301}e\x{301}e\x{301}e\x{301}e\x{301}e\x{301}e\x{301}e\x{301}e\x{301}e\x{301}e\x{301}e\x{301}e\x{301}e\x{301}e\x{301}e\x{301}e\x{301}e\x{301}e\x{301}e\x{301}e\x{301}e\x{301} e\x{301}e\x{301}e\x{301}e\x{301}e\x{301}e\x{301}e\x{301}e\x{301}e\x{301}e\x{301}e\x{301}e\x{301}e\x{301}e\x{301}e\x{301}e\x{301}e\x{301}e\x{301}e\x{301}e\x{301}e\x{301}e\x{301}e\x{301}e\x{301}e\x{301}e\x{301}e\x{301}e\x{301}e\x{301}e\x{301} e\x{301}e\x{301}e\x{301}e\x{301}e\x{301}e\x{301}e\x{301}e\x{301}e\x{301}e\x{301}e\x{301}e\x{301}e\x{301}e\x{301}e\x{301}e\x{301}e\x{301}e\x{301}e\x{301}e\x{301}e\x{301}e\x{301}"
          text run at (1040,3990) width 0: " "
          text run at (0,4005) width 1040: "e\x{301}e\x{301}e\x{301}e\x{301}e\x{301}e\x{301}e\x{301}e\x{301}e\x{301}e\x{301}e\x{301}e\x{301}e\x{301}e\x{301}e\x{301}e\x{301}e\x{301}e\x{301}e\x{301}e\x{301}e\x{301}e\x{301}e\x{301}e\x{301}e\x{301}e\x{301}e\x{301}e\x{301}e\x{301}e\x{301}e\x{301}e\x{301} e\x{301} e\x{301}e\x{301}e\x{301}e\x{301}e\x{301}e\x{301}e\x{301}e\x{301}e\x{301}e\x{301}e\x{301}e\x{301}e\x{301}e\x{301}e\x{301}e\x{301}e\x{301}e\x{301}e\x{301}e\x{301}e\x{301}e\x{301}e\x{301}e\x{301}e\x{301}e\x{301}e\x{301}e\x{301}e\x{301}e\x{301}e\x{301}e\x{301}e\x{301}e\x{301}e\x{301}e\x{301}e\x{301}e\x{301}e\x{301}e\x{301}e\x{301}e\x{301}e\x{301} e\x{301}e\x{301}e\x{301}e\x{301}e\x{301}e\x{301}e\x{301}e\x{301}e\x{301}e\x{301}e\x{301}e\x{301}e\x{301}e\x{301}e\x{301}e\x{301}e\x{301}e\x{301}e\x{301}e\x{301}e\x{301}e\x{301}e\x{301}e\x{301}e\x{301}e\x{301}e\x{301}e\x{301}e\x{301}e\x{301} e\x{301}e\x{301}e\x{301}e\x{301}e\x{301}e\x{301}e\x{301}e\x{301}e\x{301}e\x{301}e\x{301}e\x{301}e\x{301}e\x{301}e\x{301}e\x{301}e\x{301}e\x{301}e\x{301}e\x{301}e\x{301}e\x{301}"
          text run at (1040,4005) width 0: " "
          text run at (0,4020) width 1040: "e\x{301}e\x{301}e\x{301}e\x{301}e\x{301}e\x{301}e\x{301}e\x{301}e\x{301}e\x{301}e\x{301}e\x{301}e\x{301}e\x{301}e\x{301}e\x{301}e\x{301}e\x{301}e\x{301}e\x{301}e\x{301}e\x{301}e\x{301}e\x{301}e\x{301}e\x{301}e\x{301}e\x{301}e\x{301}e\x{301}e\x{301}e\x{301} e\x{301} e\x{301}e\x{301}e\x{301}e\x{301}e\x{301}e\x{301}e\x{301}e\x{301}e\x{301}e\x{301}e\x{301}e\x{301}e\x{301}e\x{301}e\x{301}e\x{301}e\x{301}e\x{301}e\x{301}e\x{301}e\x{301}e\x{301}e\x{301}e\x{301}e\x{301}e\x{301}e\x{301}e\x{301}e\x{301}e\x{301}e\x{301}e\x{301}e\x{301}e\x{301}e\x{301}e\x{301}e\x{301}e\x{301}e\x{301}e\x{301}e\x{301}e\x{301}e\x{301} e\x{301}e\x{301}e\x{301}e\x{301}e\x{301}e\x{301}e\x{301}e\x{301}e\x{301}e\x{301}e\x{301}e\x{301}e\x{301}e\x{301}e\x{301}e\x{301}e\x{301}e\x{301}e\x{301}e\x{301}e\x{301}e\x{301}e\x{301}e\x{301}e\x{301}e\x{301}e\x{301}e\x{301}e\x{301}e\x{301} e\x{301}e\x{301}e\x{301}e\x{301}e\x{301}e\x{301}e\x{301}e\x{301}e\x{301}e\x{301}e\x{301}e\x{301}e\x{301}e\x{301}e\x{301}e\x{301}e\x{301}e\x{301}e\x{301}e\x{301}e\x{301}e\x{301}"
          text run at (1040,4020) width 0: " "
          text run at (0,4035) width 1040: "e\x{301}e\x{301}e\x{301}e\x{301}e\x{301}e\x{301}e\x{301}e\x{301}e\x{301}e\x{301}e\x{301}e\x{301}e\x{301}e\x{301}e\x{301}e\x{301}e\x{301}e\x{301}e\x{301}e\x{301}e\x{301}e\x{301}e\x{301}e\x{301}e\x{301}e\x{301}e\x{301}e\x{301}e\x{301}e\x{301}e\x{301}e\x{301} e\x{301} e\x{301}e\x{301}e\x{301}e\x{301}e\x{301}e\x{301}e\x{301}e\x{301}e\x{301}e\x{301}e\x{301}e\x{301}e\x{301}e\x{301}e\x{301}e\x{301}e\x{301}e\x{301}e\x{301}e\x{301}e\x{301}e\x{301}e\x{301}e\x{301}e\x{301}e\x{301}e\x{301}e\x{301}e\x{301}e\x{301}e\x{301}e\x{301}e\x{301}e\x{301}e\x{301}e\x{301}e\x{301}e\x{301}e\x{301}e\x{301}e\x{301}e\x{301}e\x{301} e\x{301}e\x{301}e\x{301}e\x{301}e\x{301}e\x{301}e\x{301}e\x{301}e\x{301}e\x{301}e\x{301}e\x{301}e\x{301}e\x{301}e\x{301}e\x{301}e\x{301}e\x{301}e\x{301}e\x{301}e\x{301}e\x{301}e\x{301}e\x{301}e\x{301}e\x{301}e\x{301}e\x{301}e\x{301}e\x{301} e\x{301}e\x{301}e\x{301}e\x{301}e\x{301}e\x{301}e\x{301}e\x{301}e\x{301}e\x{301}e\x{301}e\x{301}e\x{301}e\x{301}e\x{301}e\x{301}e\x{301}e\x{301}e\x{301}e\x{301}e\x{301}e\x{301}"
          text run at (1040,4035) width 0: " "
          text run at (0,4050) width 1040: "e\x{301}e\x{301}e\x{301}e\x{301}e\x{301}e\x{301}e\x{301}e\x{301}e\x{301}e\x{301}e\x{301}e\x{301}e\x{301}e\x{301}e\x{301}e\x{301}e\x{301}e\x{301}e\x{301}e\x{301}e\x{301}e\x{301}e\x{301}e\x{301}e\x{301}e\x{301}e\x{301}e\x{301}e\x{301}e\x{301}e\x{301}e\x{301} e\x{301} e\x{301}e\x{301}e\x{301}e\x{301}e\x{301}e\x{301}e\x{301}e\x{301}e\x{301}e\x{301}e\x{301}e\x{301}e\x{301}e\x{301}e\x{301}e\x{301}e\x{301}e\x{301}e\x{301}e\x{301}e\x{301}e\x{301}e\x{301}e\x{301}e\x{301}e\x{301}e\x{301}e\x{301}e\x{301}e\x{301}e\x{301}e\x{301}e\x{301}e\x{301}e\x{301}e\x{301}e\x{301}e\x{301}e\x{301}e\x{301}e\x{301}e\x{301}e\x{301} e\x{301}e\x{301}e\x{301}e\x{301}e\x{301}e\x{301}e\x{301}e\x{301}e\x{301}e\x{301}e\x{301}e\x{301}e\x{301}e\x{301}e\x{301}e\x{301}e\x{301}e\x{301}e\x{301}e\x{301}e\x{301}e\x{301}e\x{301}e\x{301}e\x{301}e\x{301}e\x{301}e\x{301}e\x{301}e\x{301} e\x{301}e\x{301}e\x{301}e\x{301}e\x{301}e\x{301}e\x{301}e\x{301}e\x{301}e\x{301}e\x{301}e\x{301}e\x{301}e\x{301}e\x{301}e\x{301}e\x{301}e\x{301}e\x{301}e\x{301}e\x{301}e\x{301}"
          text run at (1040,4050) width 0: " "
          text run at (0,4065) width 1040: "e\x{301}e\x{301}e\x{301}e\x{301}e\x{301}e\x{301}e\x{301}e\x{301}e\x{301}e\x{301}e\x{301}e\x{301}e\x{301}e\x{301}e\x{301}e\x{301}e\x{301}e\x{301}e\x{301}e\x{301}e\x{301}e\x{301}e\x{301}e\x{301}e\x{301}e\x{301}e\x{301}e\x{301}e\x{301}e\x{301}e\x{301}e\x{301} e\x{301} e\x{301}e\x{301}e\x{301}e\x{301}e\x{301}e\x{301}e\x{301}e\x{301}e\x{301}e\x{301}e\x{301}e\x{301}e\x{301}e\x{301}e\x{301}e\x{301}e\x{301}e\x{301}e\x{301}e\x{301}e\x{301}e\x{301}e\x{301}e\x{301}e\x{301}e\x{301}e\x{301}e\x{301}e\x{301}e\x{301}e\x{301}e\x{301}e\x{301}e\x{301}e\x{301}e\x{301}e\x{301}e\x{301}e\x{301}e\x{301}e\x{301}e\x{301}e\x{301} e\x{301}e\x{301}e\x{301}e\x{301}e\x{301}e\x{301}e\x{301}e\x{301}e\x{301}e\x{301}e\x{301}e\x{301}e\x{301}e\x{301}e\x{301}e\x{301}e\x{301}e\x{301}e\x{301}e\x{301}e\x{301}e\x{301}e\x{301}e\x{301}e\x{301}e\x{301}e\x{301}e\x{301}e\x{301}e\x{301} e\x{301}e\x{301}e\x{301}e\x{301}e\x{301}e\x{301}e\x{301}e\x{301}e\x{301}e\x{301}e\x{301}e\x{301}e\x{301}e\x{301}e\x{301}e\x{301}e\x{301}e\x{301}e\x{301}e\x{301}e\x{301}e\x{301}"
          text run at (1040,4065) width 0: " "
          text run at (0,4080) width 1040: "e\x{301}e\x{301}e\x{301}e\x{301}e\x{301}e\x{301}e\x{301}e\x{301}e\x{301}e\x{301}e\x{301}e\x{301}e\x{301}e\x{301}e\x{301}e\x{301}e\x{301}e\x{301}e\x{301}e\x{301}e\x{301}e\x{301}e\x{301}e\x{301}e\x{301}e\x{301}e\x{301}e\x{301}e\x{301}e\x{301}e\x{301}e\x{301} e\x{301} e\x{301}e\x{301}e\x{301}e\x{301}e\x{301}e\x{301}e\x{301}e\x{301}e\x{301}e\x{301}e\x{301}e\x{301}e\x{301}e\x{301}e\x{301}e\x{301}e\x{301}e\x{301}e\x{301}e\x{301}e\x{301}e\x{301}e\x{301}e\x{301}e\x{301}e\x{301}e\x{301}e\x{301}e\x{301}e\x{301}e\x{301}e\x{301}e\x{301}e\x{301}e\x{301}e\x{301}e\x{301}e\x{301}e\x{301}e\x{301}e\x{301}e\x{301}e\x{301} e\x{301}e\x{301}e\x{301}e\x{301}e\x{301}e\x{301}e\x{301}e\x{301}e\x{301}e\x{301}e\x{301}e\x{301}e\x{301}e\x{301}e\x{301}e\x{301}e\x{301}e\x{301}e\x{301}e\x{301}e\x{301}e\x{301}e\x{301}e\x{301}e\x{301}e\x{301}e\x{301}e\x{301}e\x{301}e\x{301} e\x{301}e\x{301}e\x{301}e\x{301}e\x{301}e\x{301}e\x{301}e\x{301}e\x{301}e\x{301}e\x{301}e\x{301}e\x{301}e\x{301}e\x{301}e\x{301}e\x{301}e\x{301}e\x{301}e\x{301}e\x{301}e\x{301}"
          text run at (1040,4080) width 0: " "
          text run at (0,4095) width 1040: "e\x{301}e\x{301}e\x{301}e\x{301}e\x{301}e\x{301}e\x{301}e\x{301}e\x{301}e\x{301}e\x{301}e\x{301}e\x{301}e\x{301}e\x{301}e\x{301}e\x{301}e\x{301}e\x{301}e\x{301}e\x{301}e\x{301}e\x{301}e\x{301}e\x{301}e\x{301}e\x{301}e\x{301}e\x{301}e\x{301}e\x{301}e\x{301} e\x{301} e\x{301}e\x{301}e\x{301}e\x{301}e\x{301}e\x{301}e\x{301}e\x{301}e\x{301}e\x{301}e\x{301}e\x{301}e\x{301}e\x{301}e\x{301}e\x{301}e\x{301}e\x{301}e\x{301}e\x{301}e\x{301}e\x{301}e\x{301}e\x{301}e\x{301}e\x{301}e\x{301}e\x{301}e\x{301}e\x{301}e\x{301}e\x{301}e\x{301}e\x{301}e\x{301}e\x{301}e\x{301}e\x{301}e\x{301}e\x{301}e\x{301}e\x{301}e\x{301} e\x{301}e\x{301}e\x{301}e\x{301}e\x{301}e\x{301}e\x{301}e\x{301}e\x{301}e\x{301}e\x{301}e\x{301}e\x{301}e\x{301}e\x{301}e\x{301}e\x{301}e\x{301}e\x{301}e\x{301}e\x{301}e\x{301}e\x{301}e\x{301}e\x{301}e\x{301}e\x{301}e\x{301}e\x{301}e\x{301} e\x{301}e\x{301}e\x{301}e\x{301}e\x{301}e\x{301}e\x{301}e\x{301}e\x{301}e\x{301}e\x{301}e\x{301}e\x{301}e\x{301}e\x{301}e\x{301}e\x{301}e\x{301}e\x{301}e\x{301}e\x{301}e\x{301}"
          text run at (1040,4095) width 0: " "
          text run at (0,4110) width 1040: "e\x{301}e\x{301}e\x{301}e\x{301}e\x{301}e\x{301}e\x{301}e\x{301}e\x{301}e\x{301}e\x{301}e\x{301}e\x{301}e\x{301}e\x{301}e\x{301}e\x{301}e\x{301}e\x{301}e\x{301}e\x{301}e\x{301}e\x{301}e\x{301}e\x{301}e\x{301}e\x{301}e\x{301}e\x{301}e\x{301}e\x{301}e\x{301} e\x{301} e\x{301}e\x{301}e\x{301}e\x{301}e\x{301}e\x{301}e\x{301}e\x{301}e\x{301}e\x{301}e\x{301}e\x{301}e\x{301}e\x{301}e\x{301}e\x{301}e\x{301}e\x{301}e\x{301}e\x{301}e\x{301}e\x{301}e\x{301}e\x{301}e\x{301}e\x{301}e\x{301}e\x{301}e\x{301}e\x{301}e\x{301}e\x{301}e\x{301}e\x{301}e\x{301}e\x{301}e\x{301}e\x{301}e\x{301}e\x{301}e\x{301}e\x{301}e\x{301} e\x{301}e\x{301}e\x{301}e\x{301}e\x{301}e\x{301}e\x{301}e\x{301}e\x{301}e\x{301}e\x{301}e\x{301}e\x{301}e\x{301}e\x{301}e\x{301}e\x{301}e\x{301}e\x{301}e\x{301}e\x{301}e\x{301}e\x{301}e\x{301}e\x{301}e\x{301}e\x{301}e\x{301}e\x{301}e\x{301} e\x{301}e\x{301}e\x{301}e\x{301}e\x{301}e\x{301}e\x{301}e\x{301}e\x{301}e\x{301}e\x{301}e\x{301}e\x{301}e\x{301}e\x{301}e\x{301}e\x{301}e\x{301}e\x{301}e\x{301}e\x{301}e\x{301}"
          text run at (1040,4110) width 0: " "
          text run at (0,4125) width 1040: "e\x{301}e\x{301}e\x{301}e\x{301}e\x{301}e\x{301}e\x{301}e\x{301}e\x{301}e\x{301}e\x{301}e\x{301}e\x{301}e\x{301}e\x{301}e\x{301}e\x{301}e\x{301}e\x{301}e\x{301}e\x{301}e\x{301}e\x{301}e\x{301}e\x{301}e\x{301}e\x{301}e\x{301}e\x{301}e\x{301}e\x{301}e\x{301} e\x{301} e\x{301}e\x{301}e\x{301}e\x{301}e\x{301}e\x{301}e\x{301}e\x{301}e\x{301}e\x{301}e\x{301}e\x{301}e\x{301}e\x{301}e\x{301}e\x{301}e\x{301}e\x{301}e\x{301}e\x{301}e\x{301}e\x{301}e\x{301}e\x{301}e\x{301}e\x{301}e\x{301}e\x{301}e\x{301}e\x{301}e\x{301}e\x{301}e\x{301}e\x{301}e\x{301}e\x{301}e\x{301}e\x{301}e\x{301}e\x{301}e\x{301}e\x{301}e\x{301} e\x{301}e\x{301}e\x{301}e\x{301}e\x{301}e\x{301}e\x{301}e\x{301}e\x{301}e\x{301}e\x{301}e\x{301}e\x{301}e\x{301}e\x{301}e\x{301}e\x{301}e\x{301}e\x{301}e\x{301}e\x{301}e\x{301}e\x{301}e\x{301}e\x{301}e\x{301}e\x{301}e\x{301}e\x{301}e\x{301} e\x{301}e\x{301}e\x{301}e\x{301}e\x{301}e\x{301}e\x{301}e\x{301}e\x{301}e\x{301}e\x{301}e\x{301}e\x{301}e\x{301}e\x{301}e\x{301}e\x{301}e\x{301}e\x{301}e\x{301}e\x{301}e\x{301}"
          text run at (1040,4125) width 0: " "
          text run at (0,4140) width 1040: "e\x{301}e\x{301}e\x{301}e\x{301}e\x{301}e\x{301}e\x{301}e\x{301}e\x{301}e\x{301}e\x{301}e\x{301}e\x{301}e\x{301}e\x{301}e\x{301}e\x{301}e\x{301}e\x{301}e\x{301}e\x{301}e\x{301}e\x{301}e\x{301}e\x{301}e\x{301}e\x{301}e\x{301}e\x{301}e\x{301}e\x{301}e\x{301} e\x{301} e\x{301}e\x{301}e\x{301}e\x{301}e\x{301}e\x{301}e\x{301}e\x{301}e\x{301}e\x{301}e\x{301}e\x{301}e\x{301}e\x{301}e\x{301}e\x{301}e\x{301}e\x{301}e\x{301}e\x{301}e\x{301}e\x{301}e\x{301}e\x{301}e\x{301}e\x{301}e\x{301}e\x{301}e\x{301}e\x{301}e\x{301}e\x{301}e\x{301}e\x{301}e\x{301}e\x{301}e\x{301}e\x{301}e\x{301}e\x{301}e\x{301}e\x{301}e\x{301} e\x{301}e\x{301}e\x{301}e\x{301}e\x{301}e\x{301}e\x{301}e\x{301}e\x{301}e\x{301}e\x{301}e\x{301}e\x{301}e\x{301}e\x{301}e\x{301}e\x{301}e\x{301}e\x{301}e\x{301}e\x{301}e\x{301}e\x{301}e\x{301}e\x{301}e\x{301}e\x{301}e\x{301}e\x{301}e\x{301} e\x{301}e\x{301}e\x{301}e\x{301}e\x{301}e\x{301}e\x{301}e\x{301}e\x{301}e\x{301}e\x{301}e\x{301}e\x{301}e\x{301}e\x{301}e\x{301}e\x{301}e\x{301}e\x{301}e\x{301}e\x{301}e\x{301}"
          text run at (1040,4140) width 0: " "
          text run at (0,4155) width 1040: "e\x{301}e\x{301}e\x{301}e\x{301}e\x{301}e\x{301}e\x{301}e\x{301}e\x{301}e\x{301}e\x{301}e\x{301}e\x{301}e\x{301}e\x{301}e\x{301}e\x{301}e\x{301}e\x{301}e\x{301}e\x{301}e\x{301}e\x{301}e\x{301}e\x{301}e\x{301}e\x{301}e\x{301}e\x{301}e\x{301}e\x{301}e\x{301} e\x{301} e\x{301}e\x{301}e\x{301}e\x{301}e\x{301}e\x{301}e\x{301}e\x{301}e\x{301}e\x{301}e\x{301}e\x{301}e\x{301}e\x{301}e\x{301}e\x{301}e\x{301}e\x{301}e\x{301}e\x{301}e\x{301}e\x{301}e\x{301}e\x{301}e\x{301}e\x{301}e\x{301}e\x{301}e\x{301}e\x{301}e\x{301}e\x{301}e\x{301}e\x{301}e\x{301}e\x{301}e\x{301}e\x{301}e\x{301}e\x{301}e\x{301}e\x{301}e\x{301} e\x{301}e\x{301}e\x{301}e\x{301}e\x{301}e\x{301}e\x{301}e\x{301}e\x{301}e\x{301}e\x{301}e\x{301}e\x{301}e\x{301}e\x{301}e\x{301}e\x{301}e\x{301}e\x{301}e\x{301}e\x{301}e\x{301}e\x{301}e\x{301}e\x{301}e\x{301}e\x{301}e\x{301}e\x{301}e\x{301} e\x{301}e\x{301}e\x{301}e\x{301}e\x{301}e\x{301}e\x{301}e\x{301}e\x{301}e\x{301}e\x{301}e\x{301}e\x{301}e\x{301}e\x{301}e\x{301}e\x{301}e\x{301}e\x{301}e\x{301}e\x{301}e\x{301}"
          text run at (1040,4155) width 0: " "
          text run at (0,4170) width 1040: "e\x{301}e\x{301}e\x{301}e\x{301}e\x{301}e\x{301}e\x{301}e\x{301}e\x{301}e\x{301}e\x{301}e\x{301}e\x{301}e\x{301}e\x{301}e\x{301}e\x{301}e\x{301}e\x{301}e\x{301}e\x{301}e\x{301}e\x{301}e\x{301}e\x{301}e\x{301}e\x{301}e\x{301}e\x{301}e\x{301}e\x{301}e\x{301} e\x{301} e\x{301}e\x{301}e\x{301}e\x{301}e\x{301}e\x{301}e\x{301}e\x{301}e\x{301}e\x{301}e\x{301}e\x{301}e\x{301}e\x{301}e\x{301}e\x{301}e\x{301}e\x{301}e\x{301}e\x{301}e\x{301}e\x{301}e\x{301}e\x{301}e\x{301}e\x{301}e\x{301}e\x{301}e\x{301}e\x{301}e\x{301}e\x{301}e\x{301}e\x{301}e\x{301}e\x{301}e\x{301}e\x{301}e\x{301}e\x{301}e\x{301}e\x{301}e\x{301} e\x{301}e\x{301}e\x{301}e\x{301}e\x{301}e\x{301}e\x{301}e\x{301}e\x{301}e\x{301}e\x{301}e\x{301}e\x{301}e\x{301}e\x{301}e\x{301}e\x{301}e\x{301}e\x{301}e\x{301}e\x{301}e\x{301}e\x{301}e\x{301}e\x{301}e\x{301}e\x{301}e\x{301}e\x{301}e\x{301} e\x{301}e\x{301}e\x{301}e\x{301}e\x{301}e\x{301}e\x{301}e\x{301}e\x{301}e\x{301}e\x{301}e\x{301}e\x{301}e\x{301}e\x{301}e\x{301}e\x{301}e\x{301}e\x{301}e\x{301}e\x{301}e\x{301}"
          text run at (1040,4170) width 0: " "
          text run at (0,4185) width 1040: "e\x{301}e\x{301}e\x{301}e\x{301}e\x{301}e\x{301}e\x{301}e\x{301}e\x{301}e\x{301}e\x{301}e\x{301}e\x{301}e\x{301}e\x{301}e\x{301}e\x{301}e\x{301}e\x{301}e\x{301}e\x{301}e\x{301}e\x{301}e\x{301}e\x{301}e\x{301}e\x{301}e\x{301}e\x{301}e\x{301}e\x{301}e\x{301} e\x{301} e\x{301}e\x{301}e\x{301}e\x{301}e\x{301}e\x{301}e\x{301}e\x{301}e\x{301}e\x{301}e\x{301}e\x{301}e\x{301}e\x{301}e\x{301}e\x{301}e\x{301}e\x{301}e\x{301}e\x{301}e\x{301}e\x{301}e\x{301}e\x{301}e\x{301}e\x{301}e\x{301}e\x{301}e\x{301}e\x{301}e\x{301}e\x{301}e\x{301}e\x{301}e\x{301}e\x{301}e\x{301}e\x{301}e\x{301}e\x{301}e\x{301}e\x{301}e\x{301} e\x{301}e\x{301}e\x{301}e\x{301}e\x{301}e\x{301}e\x{301}e\x{301}e\x{301}e\x{301}e\x{301}e\x{301}e\x{301}e\x{301}e\x{301}e\x{301}e\x{301}e\x{301}e\x{301}e\x{301}e\x{301}e\x{301}e\x{301}e\x{301}e\x{301}e\x{301}e\x{301}e\x{301}e\x{301}e\x{301} e\x{301}e\x{301}e\x{301}e\x{301}e\x{301}e\x{301}e\x{301}e\x{301}e\x{301}e\x{301}e\x{301}e\x{301}e\x{301}e\x{301}e\x{301}e\x{301}e\x{301}e\x{301}e\x{301}e\x{301}e\x{301}e\x{301}"
          text run at (1040,4185) width 0: " "
          text run at (0,4200) width 1040: "e\x{301}e\x{301}e\x{301}e\x{301}e\x{301}e\x{301}e\x{301}e\x{301}e\x{301}e\x{301}e\x{301}e\x{301}e\x{301}e\x{301}e\x{301}e\x{301}e\x{301}e\x{301}e\x{301}e\x{301}e\x{301}e\x{301}e\x{301}e\x{301}e\x{301}e\x{301}e\x{301}e\x{301}e\x{301}e\x{301}e\x{301}e\x{301} e\x{301} e\x{301}e\x{301}e\x{301}e\x{301}e\x{301}e\x{301}e\x{301}e\x{301}e\x{301}e\x{301}e\x{301}e\x{301}e\x{301}e\x{301}e\x{301}e\x{301}e\x{301}e\x{301}e\x{301}e\x{301}e\x{301}e\x{301}e\x{301}e\x{301}e\x{301}e\x{301}e\x{301}e\x{301}e\x{301}e\x{301}e\x{301}e\x{301}e\x{301}e\x{301}e\x{301}e\x{301}e\x{301}e\x{301}e\x{301}e\x{301}e\x{301}e\x{301}e\x{301} e\x{301}e\x{301}e\x{301}e\x{301}e\x{301}e\x{301}e\x{301}e\x{301}e\x{301}e\x{301}e\x{301}e\x{301}e\x{301}e\x{301}e\x{301}e\x{301}e\x{301}e\x{301}e\x{301}e\x{301}e\x{301}e\x{301}e\x{301}e\x{301}e\x{301}e\x{301}e\x{301}e\x{301}e\x{301}e\x{301} e\x{301}e\x{301}e\x{301}e\x{301}e\x{301}e\x{301}e\x{301}e\x{301}e\x{301}e\x{301}e\x{301}e\x{301}e\x{301}e\x{301}e\x{301}e\x{301}e\x{301}e\x{301}e\x{301}e\x{301}e\x{301}e\x{301}"
          text run at (1040,4200) width 0: " "
          text run at (0,4215) width 1040: "e\x{301}e\x{301}e\x{301}e\x{301}e\x{301}e\x{301}e\x{301}e\x{301}e\x{301}e\x{301}e\x{301}e\x{301}e\x{301}e\x{301}e\x{301}e\x{301}e\x{301}e\x{301}e\x{301}e\x{301}e\x{301}e\x{301}e\x{301}e\x{301}e\x{301}e\x{301}e\x{301}e\x{301}e\x{301}e\x{301}e\x{301}e\x{301} e\x{301} e\x{301}e\x{301}e\x{301}e\x{301}e\x{301}e\x{301}e\x{301}e\x{301}e\x{301}e\x{301}e\x{301}e\x{301}e\x{301}e\x{301}e\x{301}e\x{301}e\x{301}e\x{301}e\x{301}e\x{301}e\x{301}e\x{301}e\x{301}e\x{301}e\x{301}e\x{301}e\x{301}e\x{301}e\x{301}e\x{301}e\x{301}e\x{301}e\x{301}e\x{301}e\x{301}e\x{301}e\x{301}e\x{301}e\x{301}e\x{301}e\x{301}e\x{301}e\x{301} e\x{301}e\x{301}e\x{301}e\x{301}e\x{301}e\x{301}e\x{301}e\x{301}e\x{301}e\x{301}e\x{301}e\x{301}e\x{301}e\x{301}e\x{301}e\x{301}e\x{301}e\x{301}e\x{301}e\x{301}e\x{301}e\x{301}e\x{301}e\x{301}e\x{301}e\x{301}e\x{301}e\x{301}e\x{301}e\x{301} e\x{301}e\x{301}e\x{301}e\x{301}e\x{301}e\x{301}e\x{301}e\x{301}e\x{301}e\x{301}e\x{301}e\x{301}e\x{301}e\x{301}e\x{301}e\x{301}e\x{301}e\x{301}e\x{301}e\x{301}e\x{301}e\x{301}"
          text run at (1040,4215) width 0: " "
          text run at (0,4230) width 1040: "e\x{301}e\x{301}e\x{301}e\x{301}e\x{301}e\x{301}e\x{301}e\x{301}e\x{301}e\x{301}e\x{301}e\x{301}e\x{301}e\x{301}e\x{301}e\x{301}e\x{301}e\x{301}e\x{301}e\x{301}e\x{301}e\x{301}e\x{301}e\x{301}e\x{301}e\x{301}e\x{301}e\x{301}e\x{301}e\x{301}e\x{301}e\x{301} e\x{301} e\x{301}e\x{301}e\x{301}e\x{301}e\x{301}e\x{301}e\x{301}e\x{301}e\x{301}e\x{301}e\x{301}e\x{301}e\x{301}e\x{301}e\x{301}e\x{301}e\x{301}e\x{301}e\x{301}e\x{301}e\x{301}e\x{301}e\x{301}e\x{301}e\x{301}e\x{301}e\x{301}e\x{301}e\x{301}e\x{301}e\x{301}e\x{301}e\x{301}e\x{301}e\x{301}e\x{301}e\x{301}e\x{301}e\x{301}e\x{301}e\x{301}e\x{301}e\x{301} e\x{301}e\x{301}e\x{301}e\x{301}e\x{301}e\x{301}e\x{301}e\x{301}e\x{301}e\x{301}e\x{301}e\x{301}e\x{301}e\x{301}e\x{301}e\x{301}e\x{301}e\x{301}e\x{301}e\x{301}e\x{301}e\x{301}e\x{301}e\x{301}e\x{301}e\x{301}e\x{301}e\x{301}e\x{301}e\x{301} e\x{301}e\x{301}e\x{301}e\x{301}e\x{301}e\x{301}e\x{301}e\x{301}e\x{301}e\x{301}e\x{301}e\x{301}e\x{301}e\x{301}e\x{301}e\x{301}e\x{301}e\x{301}e\x{301}e\x{301}e\x{301}e\x{301}"
          text run at (1040,4230) width 0: " "
          text run at (0,4245) width 1040: "e\x{301}e\x{301}e\x{301}e\x{301}e\x{301}e\x{301}e\x{301}e\x{301}e\x{301}e\x{301}e\x{301}e\x{301}e\x{301}e\x{301}e\x{301}e\x{301}e\x{301}e\x{301}e\x{301}e\x{301}e\x{301}e\x{301}e\x{301}e\x{301}e\x{301}e\x{301}e\x{301}e\x{301}e\x{301}e\x{301}e\x{301}e\x{301} e\x{301} e\x{301}e\x{301}e\x{301}e\x{301}e\x{301}e\x{301}e\x{301}e\x{301}e\x{301}e\x{301}e\x{301}e\x{301}e\x{301}e\x{301}e\x{301}e\x{301}e\x{301}e\x{301}e\x{301}e\x{301}e\x{301}e\x{301}e\x{301}e\x{301}e\x{301}e\x{301}e\x{301}e\x{301}e\x{301}e\x{301}e\x{301}e\x{301}e\x{301}e\x{301}e\x{301}e\x{301}e\x{301}e\x{301}e\x{301}e\x{301}e\x{301}e\x{301}e\x{301} e\x{301}e\x{301}e\x{301}e\x{301}e\x{301}e\x{301}e\x{301}e\x{301}e\x{301}e\x{301}e\x{301}e\x{301}e\x{301}e\x{301}e\x{301}e\x{301}e\x{301}e\x{301}e\x{301}e\x{301}e\x{301}e\x{301}e\x{301}e\x{301}e\x{301}e\x{301}e\x{301}e\x{301}e\x{301}e\x{301} e\x{301}e\x{301}e\x{301}e\x{301}e\x{301}e\x{301}e\x{301}e\x{301}e\x{301}e\x{301}e\x{301}e\x{301}e\x{301}e\x{301}e\x{301}e\x{301}e\x{301}e\x{301}e\x{301}e\x{301}e\x{301}e\x{301}"
          text run at (1040,4245) width 0: " "
          text run at (0,4260) width 1040: "e\x{301}e\x{301}e\x{301}e\x{301}e\x{301}e\x{301}e\x{301}e\x{301}e\x{301}e\x{301}e\x{301}e\x{301}e\x{301}e\x{301}e\x{301}e\x{301}e\x{301}e\x{301}e\x{301}e\x{301}e\x{301}e\x{301}e\x{301}e\x{301}e\x{301}e\x{301}e\x{301}e\x{301}e\x{301}e\x{301}e\x{301}e\x{301} e\x{301} e\x{301}e\x{301}e\x{301}e\x{301}e\x{301}e\x{301}e\x{301}e\x{301}e\x{301}e\x{301}e\x{301}e\x{301}e\x{301}e\x{301}e\x{301}e\x{301}e\x{301}e\x{301}e\x{301}e\x{301}e\x{301}e\x{301}e\x{301}e\x{301}e\x{301}e\x{301}e\x{301}e\x{301}e\x{301}e\x{301}e\x{301}e\x{301}e\x{301}e\x{301}e\x{301}e\x{301}e\x{301}e\x{301}e\x{301}e\x{301}e\x{301}e\x{301}e\x{301} e\x{301}e\x{301}e\x{301}e\x{301}e\x{301}e\x{301}e\x{301}e\x{301}e\x{301}e\x{301}e\x{301}e\x{301}e\x{301}e\x{301}e\x{301}e\x{301}e\x{301}e\x{301}e\x{301}e\x{301}e\x{301}e\x{301}e\x{301}e\x{301}e\x{301}e\x{301}e\x{301}e\x{301}e\x{301}e\x{301} e\x{301}e\x{301}e\x{301}e\x{301}e\x{301}e\x{301}e\x{301}e\x{301}e\x{301}e\x{301}e\x{301}e\x{301}e\x{301}e\x{301}e\x{301}e\x{301}e\x{301}e\x{301}e\x{301}e\x{301}e\x{301}e\x{301}"
          text run at (1040,4260) width 0: " "
          text run at (0,4275) width 1040: "e\x{301}e\x{301}e\x{301}e\x{301}e\x{301}e\x{301}e\x{301}e\x{301}e\x{301}e\x{301}e\x{301}e\x{301}e\x{301}e\x{301}e\x{301}e\x{301}e\x{301}e\x{301}e\x{301}e\x{301}e\x{301}e\x{301}e\x{301}e\x{301}e\x{301}e\x{301}e\x{301}e\x{301}e\x{301}e\x{301}e\x{301}e\x{301} e\x{301} e\x{301}e\x{301}e\x{301}e\x{301}e\x{301}e\x{301}e\x{301}e\x{301}e\x{301}e\x{301}e\x{301}e\x{301}e\x{301}e\x{301}e\x{301}e\x{301}e\x{301}e\x{301}e\x{301}e\x{301}e\x{301}e\x{301}e\x{301}e\x{301}e\x{301}e\x{301}e\x{301}e\x{301}e\x{301}e\x{301}e\x{301}e\x{301}e\x{301}e\x{301}e\x{301}e\x{301}e\x{301}e\x{301}e\x{301}e\x{301}e\x{301}e\x{301}e\x{301} e\x{301}e\x{301}e\x{301}e\x{301}e\x{301}e\x{301}e\x{301}e\x{301}e\x{301}e\x{301}e\x{301}e\x{301}e\x{301}e\x{301}e\x{301}e\x{301}e\x{301}e\x{301}e\x{301}e\x{301}e\x{301}e\x{301}e\x{301}e\x{301}e\x{301}e\x{301}e\x{301}e\x{301}e\x{301}e\x{301} e\x{301}e\x{301}e\x{301}e\x{301}e\x{301}e\x{301}e\x{301}e\x{301}e\x{301}e\x{301}e\x{301}e\x{301}e\x{301}e\x{301}e\x{301}e\x{301}e\x{301}e\x{301}e\x{301}e\x{301}e\x{301}e\x{301}"
          text run at (1040,4275) width 0: " "
          text run at (0,4290) width 1040: "e\x{301}e\x{301}e\x{301}e\x{301}e\x{301}e\x{301}e\x{301}e\x{301}e\x{301}e\x{301}e\x{301}e\x{301}e\x{301}e\x{301}e\x{301}e\x{301}e\x{301}e\x{301}e\x{301}e\x{301}e\x{301}e\x{301}e\x{301}e\x{301}e\x{301}e\x{301}e\x{301}e\x{301}e\x{301}e\x{301}e\x{301}e\x{301} e\x{301} e\x{301}e\x{301}e\x{301}e\x{301}e\x{301}e\x{301}e\x{301}e\x{301}e\x{301}e\x{301}e\x{301}e\x{301}e\x{301}e\x{301}e\x{301}e\x{301}e\x{301}e\x{301}e\x{301}e\x{301}e\x{301}e\x{301}e\x{301}e\x{301}e\x{301}e\x{301}e\x{301}e\x{301}e\x{301}e\x{301}e\x{301}e\x{301}e\x{301}e\x{301}e\x{301}e\x{301}e\x{301}e\x{301}e\x{301}e\x{301}e\x{301}e\x{301}e\x{301} e\x{301}e\x{301}e\x{301}e\x{301}e\x{301}e\x{301}e\x{301}e\x{301}e\x{301}e\x{301}e\x{301}e\x{301}e\x{301}e\x{301}e\x{301}e\x{301}e\x{301}e\x{301}e\x{301}e\x{301}e\x{301}e\x{301}e\x{301}e\x{301}e\x{301}e\x{301}e\x{301}e\x{301}e\x{301}e\x{301} e\x{301}e\x{301}e\x{301}e\x{301}e\x{301}e\x{301}e\x{301}e\x{301}e\x{301}e\x{301}e\x{301}e\x{301}e\x{301}e\x{301}e\x{301}e\x{301}e\x{301}e\x{301}e\x{301}e\x{301}e\x{301}e\x{301}"
          text run at (1040,4290) width 0: " "
          text run at (0,4305) width 1040: "e\x{301}e\x{301}e\x{301}e\x{301}e\x{301}e\x{301}e\x{301}e\x{301}e\x{301}e\x{301}e\x{301}e\x{301}e\x{301}e\x{301}e\x{301}e\x{301}e\x{301}e\x{301}e\x{301}e\x{301}e\x{301}e\x{301}e\x{301}e\x{301}e\x{301}e\x{301}e\x{301}e\x{301}e\x{301}e\x{301}e\x{301}e\x{301} e\x{301} e\x{301}e\x{301}e\x{301}e\x{301}e\x{301}e\x{301}e\x{301}e\x{301}e\x{301}e\x{301}e\x{301}e\x{301}e\x{301}e\x{301}e\x{301}e\x{301}e\x{301}e\x{301}e\x{301}e\x{301}e\x{301}e\x{301}e\x{301}e\x{301}e\x{301}e\x{301}e\x{301}e\x{301}e\x{301}e\x{301}e\x{301}e\x{301}e\x{301}e\x{301}e\x{301}e\x{301}e\x{301}e\x{301}e\x{301}e\x{301}e\x{301}e\x{301}e\x{301} e\x{301}e\x{301}e\x{301}e\x{301}e\x{301}e\x{301}e\x{301}e\x{301}e\x{301}e\x{301}e\x{301}e\x{301}e\x{301}e\x{301}e\x{301}e\x{301}e\x{301}e\x{301}e\x{301}e\x{301}e\x{301}e\x{301}e\x{301}e\x{301}e\x{301}e\x{301}e\x{301}e\x{301}e\x{301}e\x{301} e\x{301}e\x{301}e\x{301}e\x{301}e\x{301}e\x{301}e\x{301}e\x{301}e\x{301}e\x{301}e\x{301}e\x{301}e\x{301}e\x{301}e\x{301}e\x{301}e\x{301}e\x{301}e\x{301}e\x{301}e\x{301}e\x{301}"
          text run at (1040,4305) width 0: " "
          text run at (0,4320) width 1040: "e\x{301}e\x{301}e\x{301}e\x{301}e\x{301}e\x{301}e\x{301}e\x{301}e\x{301}e\x{301}e\x{301}e\x{301}e\x{301}e\x{301}e\x{301}e\x{301}e\x{301}e\x{301}e\x{301}e\x{301}e\x{301}e\x{301}e\x{301}e\x{301}e\x{301}e\x{301}e\x{301}e\x{301}e\x{301}e\x{301}e\x{301}e\x{301} e\x{301} e\x{301}e\x{301}e\x{301}e\x{301}e\x{301}e\x{301}e\x{301}e\x{301}e\x{301}e\x{301}e\x{301}e\x{301}e\x{301}e\x{301}e\x{301}e\x{301}e\x{301}e\x{301}e\x{301}e\x{301}e\x{301}e\x{301}e\x{301}e\x{301}e\x{301}e\x{301}e\x{301}e\x{301}e\x{301}e\x{301}e\x{301}e\x{301}e\x{301}e\x{301}e\x{301}e\x{301}e\x{301}e\x{301}e\x{301}e\x{301}e\x{301}e\x{301}e\x{301} e\x{301}e\x{301}e\x{301}e\x{301}e\x{301}e\x{301}e\x{301}e\x{301}e\x{301}e\x{301}e\x{301}e\x{301}e\x{301}e\x{301}e\x{301}e\x{301}e\x{301}e\x{301}e\x{301}e\x{301}e\x{301}e\x{301}e\x{301}e\x{301}e\x{301}e\x{301}e\x{301}e\x{301}e\x{301}e\x{301} e\x{301}e\x{301}e\x{301}e\x{301}e\x{301}e\x{301}e\x{301}e\x{301}e\x{301}e\x{301}e\x{301}e\x{301}e\x{301}e\x{301}e\x{301}e\x{301}e\x{301}e\x{301}e\x{301}e\x{301}e\x{301}e\x{301}"
          text run at (1040,4320) width 0: " "
          text run at (0,4335) width 1040: "e\x{301}e\x{301}e\x{301}e\x{301}e\x{301}e\x{301}e\x{301}e\x{301}e\x{301}e\x{301}e\x{301}e\x{301}e\x{301}e\x{301}e\x{301}e\x{301}e\x{301}e\x{301}e\x{301}e\x{301}e\x{301}e\x{301}e\x{301}e\x{301}e\x{301}e\x{301}e\x{301}e\x{301}e\x{301}e\x{301}e\x{301}e\x{301} e\x{301} e\x{301}e\x{301}e\x{301}e\x{301}e\x{301}e\x{301}e\x{301}e\x{301}e\x{301}e\x{301}e\x{301}e\x{301}e\x{301}e\x{301}e\x{301}e\x{301}e\x{301}e\x{301}e\x{301}e\x{301}e\x{301}e\x{301}e\x{301}e\x{301}e\x{301}e\x{301}e\x{301}e\x{301}e\x{301}e\x{301}e\x{301}e\x{301}e\x{301}e\x{301}e\x{301}e\x{301}e\x{301}e\x{301}e\x{301}e\x{301}e\x{301}e\x{301}e\x{301} e\x{301}e\x{301}e\x{301}e\x{301}e\x{301}e\x{301}e\x{301}e\x{301}e\x{301}e\x{301}e\x{301}e\x{301}e\x{301}e\x{301}e\x{301}e\x{301}e\x{301}e\x{301}e\x{301}e\x{301}e\x{301}e\x{301}e\x{301}e\x{301}e\x{301}e\x{301}e\x{301}e\x{301}e\x{301}e\x{301} e\x{301}e\x{301}e\x{301}e\x{301}e\x{301}e\x{301}e\x{301}e\x{301}e\x{301}e\x{301}e\x{301}e\x{301}e\x{301}e\x{301}e\x{301}e\x{301}e\x{301}e\x{301}e\x{301}e\x{301}e\x{301}e\x{301}"
          text run at (1040,4335) width 0: " "
          text run at (0,4350) width 1040: "e\x{301}e\x{301}e\x{301}e\x{301}e\x{301}e\x{301}e\x{301}e\x{301}e\x{301}e\x{301}e\x{301}e\x{301}e\x{301}e\x{301}e\x{301}e\x{301}e\x{301}e\x{301}e\x{301}e\x{301}e\x{301}e\x{301}e\x{301}e\x{301}e\x{301}e\x{301}e\x{301}e\x{301}e\x{301}e\x{301}e\x{301}e\x{301} e\x{301} e\x{301}e\x{301}e\x{301}e\x{301}e\x{301}e\x{301}e\x{301}e\x{301}e\x{301}e\x{301}e\x{301}e\x{301}e\x{301}e\x{301}e\x{301}e\x{301}e\x{301}e\x{301}e\x{301}e\x{301}e\x{301}e\x{301}e\x{301}e\x{301}e\x{301}e\x{301}e\x{301}e\x{301}e\x{301}e\x{301}e\x{301}e\x{301}e\x{301}e\x{301}e\x{301}e\x{301}e\x{301}e\x{301}e\x{301}e\x{301}e\x{301}e\x{301}e\x{301} e\x{301}e\x{301}e\x{301}e\x{301}e\x{301}e\x{301}e\x{301}e\x{301}e\x{301}e\x{301}e\x{301}e\x{301}e\x{301}e\x{301}e\x{301}e\x{301}e\x{301}e\x{301}e\x{301}e\x{301}e\x{301}e\x{301}e\x{301}e\x{301}e\x{301}e\x{301}e\x{301}e\x{301}e\x{301}e\x{301} e\x{301}e\x{301}e\x{301}e\x{301}e\x{301}e\x{301}e\x{301}e\x{301}e\x{301}e\x{301}e\x{301}e\x{301}e\x{301}e\x{301}e\x{301}e\x{301}e\x{301}e\x{301}e\x{301}e\x{301}e\x{301}e\x{301}"
          text run at (1040,4350) width 0: " "
          text run at (0,4365) width 1040: "e\x{301}e\x{301}e\x{301}e\x{301}e\x{301}e\x{301}e\x{301}e\x{301}e\x{301}e\x{301}e\x{301}e\x{301}e\x{301}e\x{301}e\x{301}e\x{301}e\x{301}e\x{301}e\x{301}e\x{301}e\x{301}e\x{301}e\x{301}e\x{301}e\x{301}e\x{301}e\x{301}e\x{301}e\x{301}e\x{301}e\x{301}e\x{301} e\x{301} e\x{301}e\x{301}e\x{301}e\x{301}e\x{301}e\x{301}e\x{301}e\x{301}e\x{301}e\x{301}e\x{301}e\x{301}e\x{301}e\x{301}e\x{301}e\x{301}e\x{301}e\x{301}e\x{301}e\x{301}e\x{301}e\x{301}e\x{301}e\x{301}e\x{301}e\x{301}e\x{301}e\x{301}e\x{301}e\x{301}e\x{301}e\x{301}e\x{301}e\x{301}e\x{301}e\x{301}e\x{301}e\x{301}e\x{301}e\x{301}e\x{301}e\x{301}e\x{301} e\x{301}e\x{301}e\x{301}e\x{301}e\x{301}e\x{301}e\x{301}e\x{301}e\x{301}e\x{301}e\x{301}e\x{301}e\x{301}e\x{301}e\x{301}e\x{301}e\x{301}e\x{301}e\x{301}e\x{301}e\x{301}e\x{301}e\x{301}e\x{301}e\x{301}e\x{301}e\x{301}e\x{301}e\x{301}e\x{301} e\x{301}e\x{301}e\x{301}e\x{301}e\x{301}e\x{301}e\x{301}e\x{301}e\x{301}e\x{301}e\x{301}e\x{301}e\x{301}e\x{301}e\x{301}e\x{301}e\x{301}e\x{301}e\x{301}e\x{301}e\x{301}e\x{301}"
          text run at (1040,4365) width 0: " "
          text run at (0,4380) width 1040: "e\x{301}e\x{301}e\x{301}e\x{301}e\x{301}e\x{301}e\x{301}e\x{301}e\x{301}e\x{301}e\x{301}e\x{301}e\x{301}e\x{301}e\x{301}e\x{301}e\x{301}e\x{301}e\x{301}e\x{301}e\x{301}e\x{301}e\x{301}e\x{301}e\x{301}e\x{301}e\x{301}e\x{301}e\x{301}e\x{301}e\x{301}e\x{301} e\x{301} e\x{301}e\x{301}e\x{301}e\x{301}e\x{301}e\x{301}e\x{301}e\x{301}e\x{301}e\x{301}e\x{301}e\x{301}e\x{301}e\x{301}e\x{301}e\x{301}e\x{301}e\x{301}e\x{301}e\x{301}e\x{301}e\x{301}e\x{301}e\x{301}e\x{301}e\x{301}e\x{301}e\x{301}e\x{301}e\x{301}e\x{301}e\x{301}e\x{301}e\x{301}e\x{301}e\x{301}e\x{301}e\x{301}e\x{301}e\x{301}e\x{301}e\x{301}e\x{301} e\x{301}e\x{301}e\x{301}e\x{301}e\x{301}e\x{301}e\x{301}e\x{301}e\x{301}e\x{301}e\x{301}e\x{301}e\x{301}e\x{301}e\x{301}e\x{301}e\x{301}e\x{301}e\x{301}e\x{301}e\x{301}e\x{301}e\x{301}e\x{301}e\x{301}e\x{301}e\x{301}e\x{301}e\x{301}e\x{301} e\x{301}e\x{301}e\x{301}e\x{301}e\x{301}e\x{301}e\x{301}e\x{301}e\x{301}e\x{301}e\x{301}e\x{301}e\x{301}e\x{301}e\x{301}e\x{301}e\x{301}e\x{301}e\x{301}e\x{301}e\x{301}e\x{301}"
          text run at (1040,4380) width 0: " "
          text run at (0,4395) width 1040: "e\x{301}e\x{301}e\x{301}e\x{301}e\x{301}e\x{301}e\x{301}e\x{301}e\x{301}e\x{301}e\x{301}e\x{301}e\x{301}e\x{301}e\x{301}e\x{301}e\x{301}e\x{301}e\x{301}e\x{301}e\x{301}e\x{301}e\x{301}e\x{301}e\x{301}e\x{301}e\x{301}e\x{301}e\x{301}e\x{301}e\x{301}e\x{301} e\x{301} e\x{301}e\x{301}e\x{301}e\x{301}e\x{301}e\x{301}e\x{301}e\x{301}e\x{301}e\x{301}e\x{301}e\x{301}e\x{301}e\x{301}e\x{301}e\x{301}e\x{301}e\x{301}e\x{301}e\x{301}e\x{301}e\x{301}e\x{301}e\x{301}e\x{301}e\x{301}e\x{301}e\x{301}e\x{301}e\x{301}e\x{301}e\x{301}e\x{301}e\x{301}e\x{301}e\x{301}e\x{301}e\x{301}e\x{301}e\x{301}e\x{301}e\x{301}e\x{301} e\x{301}e\x{301}e\x{301}e\x{301}e\x{301}e\x{301}e\x{301}e\x{301}e\x{301}e\x{301}e\x{301}e\x{301}e\x{301}e\x{301}e\x{301}e\x{301}e\x{301}e\x{301}e\x{301}e\x{301}e\x{301}e\x{301}e\x{301}e\x{301}e\x{301}e\x{301}e\x{301}e\x{301}e\x{301}e\x{301} e\x{301}e\x{301}e\x{301}e\x{301}e\x{301}e\x{301}e\x{301}e\x{301}e\x{301}e\x{301}e\x{301}e\x{301}e\x{301}e\x{301}e\x{301}e\x{301}e\x{301}e\x{301}e\x{301}e\x{301}e\x{301}e\x{301}"
          text run at (1040,4395) width 0: " "
          text run at (0,4410) width 1040: "e\x{301}e\x{301}e\x{301}e\x{301}e\x{301}e\x{301}e\x{301}e\x{301}e\x{301}e\x{301}e\x{301}e\x{301}e\x{301}e\x{301}e\x{301}e\x{301}e\x{301}e\x{301}e\x{301}e\x{301}e\x{301}e\x{301}e\x{301}e\x{301}e\x{301}e\x{301}e\x{301}e\x{301}e\x{301}e\x{301}e\x{301}e\x{301} e\x{301} e\x{301}e\x{301}e\x{301}e\x{301}e\x{301}e\x{301}e\x{301}e\x{301}e\x{301}e\x{301}e\x{301}e\x{301}e\x{301}e\x{301}e\x{301}e\x{301}e\x{301}e\x{301}e\x{301}e\x{301}e\x{301}e\x{301}e\x{301}e\x{301}e\x{301}e\x{301}e\x{301}e\x{301}e\x{301}e\x{301}e\x{301}e\x{301}e\x{301}e\x{301}e\x{301}e\x{301}e\x{301}e\x{301}e\x{301}e\x{301}e\x{301}e\x{301}e\x{301} e\x{301}e\x{301}e\x{301}e\x{301}e\x{301}e\x{301}e\x{301}e\x{301}e\x{301}e\x{301}e\x{301}e\x{301}e\x{301}e\x{301}e\x{301}e\x{301}e\x{301}e\x{301}e\x{301}e\x{301}e\x{301}e\x{301}e\x{301}e\x{301}e\x{301}e\x{301}e\x{301}e\x{301}e\x{301}e\x{301} e\x{301}e\x{301}e\x{301}e\x{301}e\x{301}e\x{301}e\x{301}e\x{301}e\x{301}e\x{301}e\x{301}e\x{301}e\x{301}e\x{301}e\x{301}e\x{301}e\x{301}e\x{301}e\x{301}e\x{301}e\x{301}e\x{301}"
          text run at (1040,4410) width 0: " "
          text run at (0,4425) width 1040: "e\x{301}e\x{301}e\x{301}e\x{301}e\x{301}e\x{301}e\x{301}e\x{301}e\x{301}e\x{301}e\x{301}e\x{301}e\x{301}e\x{301}e\x{301}e\x{301}e\x{301}e\x{301}e\x{301}e\x{301}e\x{301}e\x{301}e\x{301}e\x{301}e\x{301}e\x{301}e\x{301}e\x{301}e\x{301}e\x{301}e\x{301}e\x{301} e\x{301} e\x{301}e\x{301}e\x{301}e\x{301}e\x{301}e\x{301}e\x{301}e\x{301}e\x{301}e\x{301}e\x{301}e\x{301}e\x{301}e\x{301}e\x{301}e\x{301}e\x{301}e\x{301}e\x{301}e\x{301}e\x{301}e\x{301}e\x{301}e\x{301}e\x{301}e\x{301}e\x{301}e\x{301}e\x{301}e\x{301}e\x{301}e\x{301}e\x{301}e\x{301}e\x{301}e\x{301}e\x{301}e\x{301}e\x{301}e\x{301}e\x{301}e\x{301}e\x{301} e\x{301}e\x{301}e\x{301}e\x{301}e\x{301}e\x{301}e\x{301}e\x{301}e\x{301}e\x{301}e\x{301}e\x{301}e\x{301}e\x{301}e\x{301}e\x{301}e\x{301}e\x{301}e\x{301}e\x{301}e\x{301}e\x{301}e\x{301}e\x{301}e\x{301}e\x{301}e\x{301}e\x{301}e\x{301}e\x{301} e\x{301}e\x{301}e\x{301}e\x{301}e\x{301}e\x{301}e\x{301}e\x{301}e\x{301}e\x{301}e\x{301}e\x{301}e\x{301}e\x{301}e\x{301}e\x{301}e\x{301}e\x{301}e\x{301}e\x{301}e\x{301}e\x{301}"
          text run at (1040,4425) width 0: " "
          text run at (0,4440) width 1040: "e\x{301}e\x{301}e\x{301}e\x{301}e\x{301}e\x{301}e\x{301}e\x{301}e\x{301}e\x{301}e\x{301}e\x{301}e\x{301}e\x{301}e\x{301}e\x{301}e\x{301}e\x{301}e\x{301}e\x{301}e\x{301}e\x{301}e\x{301}e\x{301}e\x{301}e\x{301}e\x{301}e\x{301}e\x{301}e\x{301}e\x{301}e\x{301} e\x{301} e\x{301}e\x{301}e\x{301}e\x{301}e\x{301}e\x{301}e\x{301}e\x{301}e\x{301}e\x{301}e\x{301}e\x{301}e\x{301}e\x{301}e\x{301}e\x{301}e\x{301}e\x{301}e\x{301}e\x{301}e\x{301}e\x{301}e\x{301}e\x{301}e\x{301}e\x{301}e\x{301}e\x{301}e\x{301}e\x{301}e\x{301}e\x{301}e\x{301}e\x{301}e\x{301}e\x{301}e\x{301}e\x{301}e\x{301}e\x{301}e\x{301}e\x{301}e\x{301} e\x{301}e\x{301}e\x{301}e\x{301}e\x{301}e\x{301}e\x{301}e\x{301}e\x{301}e\x{301}e\x{301}e\x{301}e\x{301}e\x{301}e\x{301}e\x{301}e\x{301}e\x{301}e\x{301}e\x{301}e\x{301}e\x{301}e\x{301}e\x{301}e\x{301}e\x{301}e\x{301}e\x{301}e\x{301}e\x{301} e\x{301}e\x{301}e\x{301}e\x{301}e\x{301}e\x{301}e\x{301}e\x{301}e\x{301}e\x{301}e\x{301}e\x{301}e\x{301}e\x{301}e\x{301}e\x{301}e\x{301}e\x{301}e\x{301}e\x{301}e\x{301}e\x{301}"
          text run at (1040,4440) width 0: " "
          text run at (0,4455) width 1040: "e\x{301}e\x{301}e\x{301}e\x{301}e\x{301}e\x{301}e\x{301}e\x{301}e\x{301}e\x{301}e\x{301}e\x{301}e\x{301}e\x{301}e\x{301}e\x{301}e\x{301}e\x{301}e\x{301}e\x{301}e\x{301}e\x{301}e\x{301}e\x{301}e\x{301}e\x{301}e\x{301}e\x{301}e\x{301}e\x{301}e\x{301}e\x{301} e\x{301} e\x{301}e\x{301}e\x{301}e\x{301}e\x{301}e\x{301}e\x{301}e\x{301}e\x{301}e\x{301}e\x{301}e\x{301}e\x{301}e\x{301}e\x{301}e\x{301}e\x{301}e\x{301}e\x{301}e\x{301}e\x{301}e\x{301}e\x{301}e\x{301}e\x{301}e\x{301}e\x{301}e\x{301}e\x{301}e\x{301}e\x{301}e\x{301}e\x{301}e\x{301}e\x{301}e\x{301}e\x{301}e\x{301}e\x{301}e\x{301}e\x{301}e\x{301}e\x{301} e\x{301}e\x{301}e\x{301}e\x{301}e\x{301}e\x{301}e\x{301}e\x{301}e\x{301}e\x{301}e\x{301}e\x{301}e\x{301}e\x{301}e\x{301}e\x{301}e\x{301}e\x{301}e\x{301}e\x{301}e\x{301}e\x{301}e\x{301}e\x{301}e\x{301}e\x{301}e\x{301}e\x{301}e\x{301}e\x{301} e\x{301}e\x{301}e\x{301}e\x{301}e\x{301}e\x{301}e\x{301}e\x{301}e\x{301}e\x{301}e\x{301}e\x{301}e\x{301}e\x{301}e\x{301}e\x{301}e\x{301}e\x{301}e\x{301}e\x{301}e\x{301}e\x{301}"
          text run at (1040,4455) width 0: " "
          text run at (0,4470) width 1040: "e\x{301}e\x{301}e\x{301}e\x{301}e\x{301}e\x{301}e\x{301}e\x{301}e\x{301}e\x{301}e\x{301}e\x{301}e\x{301}e\x{301}e\x{301}e\x{301}e\x{301}e\x{301}e\x{301}e\x{301}e\x{301}e\x{301}e\x{301}e\x{301}e\x{301}e\x{301}e\x{301}e\x{301}e\x{301}e\x{301}e\x{301}e\x{301} e\x{301} e\x{301}e\x{301}e\x{301}e\x{301}e\x{301}e\x{301}e\x{301}e\x{301}e\x{301}e\x{301}e\x{301}e\x{301}e\x{301}e\x{301}e\x{301}e\x{301}e\x{301}e\x{301}e\x{301}e\x{301}e\x{301}e\x{301}e\x{301}e\x{301}e\x{301}e\x{301}e\x{301}e\x{301}e\x{301}e\x{301}e\x{301}e\x{301}e\x{301}e\x{301}e\x{301}e\x{301}e\x{301}e\x{301}e\x{301}e\x{301}e\x{301}e\x{301}e\x{301} e\x{301}e\x{301}e\x{301}e\x{301}e\x{301}e\x{301}e\x{301}e\x{301}e\x{301}e\x{301}e\x{301}e\x{301}e\x{301}e\x{301}e\x{301}e\x{301}e\x{301}e\x{301}e\x{301}e\x{301}e\x{301}e\x{301}e\x{301}e\x{301}e\x{301}e\x{301}e\x{301}e\x{301}e\x{301}e\x{301} e\x{301}e\x{301}e\x{301}e\x{301}e\x{301}e\x{301}e\x{301}e\x{301}e\x{301}e\x{301}e\x{301}e\x{301}e\x{301}e\x{301}e\x{301}e\x{301}e\x{301}e\x{301}e\x{301}e\x{301}e\x{301}e\x{301}"
          text run at (1040,4470) width 0: " "
          text run at (0,4485) width 1040: "e\x{301}e\x{301}e\x{301}e\x{301}e\x{301}e\x{301}e\x{301}e\x{301}e\x{301}e\x{301}e\x{301}e\x{301}e\x{301}e\x{301}e\x{301}e\x{301}e\x{301}e\x{301}e\x{301}e\x{301}e\x{301}e\x{301}e\x{301}e\x{301}e\x{301}e\x{301}e\x{301}e\x{301}e\x{301}e\x{301}e\x{301}e\x{301} e\x{301} e\x{301}e\x{301}e\x{301}e\x{301}e\x{301}e\x{301}e\x{301}e\x{301}e\x{301}e\x{301}e\x{301}e\x{301}e\x{301}e\x{301}e\x{301}e\x{301}e\x{301}e\x{301}e\x{301}e\x{301}e\x{301}e\x{301}e\x{301}e\x{301}e\x{301}e\x{301}e\x{301}e\x{301}e\x{301}e\x{301}e\x{301}e\x{301}e\x{301}e\x{301}e\x{301}e\x{301}e\x{301}e\x{301}e\x{301}e\x{301}e\x{301}e\x{301}e\x{301} e\x{301}e\x{301}e\x{301}e\x{301}e\x{301}e\x{301}e\x{301}e\x{301}e\x{301}e\x{301}e\x{301}e\x{301}e\x{301}e\x{301}e\x{301}e\x{301}e\x{301}e\x{301}e\x{301}e\x{301}e\x{301}e\x{301}e\x{301}e\x{301}e\x{301}e\x{301}e\x{301}e\x{301}e\x{301}e\x{301} e\x{301}e\x{301}e\x{301}e\x{301}e\x{301}e\x{301}e\x{301}e\x{301}e\x{301}e\x{301}e\x{301}e\x{301}e\x{301}e\x{301}e\x{301}e\x{301}e\x{301}e\x{301}e\x{301}e\x{301}e\x{301}e\x{301}"
          text run at (1040,4485) width 0: " "
          text run at (0,4500) width 1040: "e\x{301}e\x{301}e\x{301}e\x{301}e\x{301}e\x{301}e\x{301}e\x{301}e\x{301}e\x{301}e\x{301}e\x{301}e\x{301}e\x{301}e\x{301}e\x{301}e\x{301}e\x{301}e\x{301}e\x{301}e\x{301}e\x{301}e\x{301}e\x{301}e\x{301}e\x{301}e\x{301}e\x{301}e\x{301}e\x{301}e\x{301}e\x{301} e\x{301} e\x{301}e\x{301}e\x{301}e\x{301}e\x{301}e\x{301}e\x{301}e\x{301}e\x{301}e\x{301}e\x{301}e\x{301}e\x{301}e\x{301}e\x{301}e\x{301}e\x{301}e\x{301}e\x{301}e\x{301}e\x{301}e\x{301}e\x{301}e\x{301}e\x{301}e\x{301}e\x{301}e\x{301}e\x{301}e\x{301}e\x{301}e\x{301}e\x{301}e\x{301}e\x{301}e\x{301}e\x{301}e\x{301}e\x{301}e\x{301}e\x{301}e\x{301}e\x{301} e\x{301}e\x{301}e\x{301}e\x{301}e\x{301}e\x{301}e\x{301}e\x{301}e\x{301}e\x{301}e\x{301}e\x{301}e\x{301}e\x{301}e\x{301}e\x{301}e\x{301}e\x{301}e\x{301}e\x{301}e\x{301}e\x{301}e\x{301}e\x{301}e\x{301}e\x{301}e\x{301}e\x{301}e\x{301}e\x{301} e\x{301}e\x{301}e\x{301}e\x{301}e\x{301}e\x{301}e\x{301}e\x{301}e\x{301}e\x{301}e\x{301}e\x{301}e\x{301}e\x{301}e\x{301}e\x{301}e\x{301}e\x{301}e\x{301}e\x{301}e\x{301}e\x{301}"
          text run at (1040,4500) width 0: " "
          text run at (0,4515) width 1040: "e\x{301}e\x{301}e\x{301}e\x{301}e\x{301}e\x{301}e\x{301}e\x{301}e\x{301}e\x{301}e\x{301}e\x{301}e\x{301}e\x{301}e\x{301}e\x{301}e\x{301}e\x{301}e\x{301}e\x{301}e\x{301}e\x{301}e\x{301}e\x{301}e\x{301}e\x{301}e\x{301}e\x{301}e\x{301}e\x{301}e\x{301}e\x{301} e\x{301} e\x{301}e\x{301}e\x{301}e\x{301}e\x{301}e\x{301}e\x{301}e\x{301}e\x{301}e\x{301}e\x{301}e\x{301}e\x{301}e\x{301}e\x{301}e\x{301}e\x{301}e\x{301}e\x{301}e\x{301}e\x{301}e\x{301}e\x{301}e\x{301}e\x{301}e\x{301}e\x{301}e\x{301}e\x{301}e\x{301}e\x{301}e\x{301}e\x{301}e\x{301}e\x{301}e\x{301}e\x{301}e\x{301}e\x{301}e\x{301}e\x{301}e\x{301}e\x{301} e\x{301}e\x{301}e\x{301}e\x{301}e\x{301}e\x{301}e\x{301}e\x{301}e\x{301}e\x{301}e\x{301}e\x{301}e\x{301}e\x{301}e\x{301}e\x{301}e\x{301}e\x{301}e\x{301}e\x{301}e\x{301}e\x{301}e\x{301}e\x{301}e\x{301}e\x{301}e\x{301}e\x{301}e\x{301}e\x{301} e\x{301}e\x{301}e\x{301}e\x{301}e\x{301}e\x{301}e\x{301}e\x{301}e\x{301}e\x{301}e\x{301}e\x{301}e\x{301}e\x{301}e\x{301}e\x{301}e\x{301}e\x{301}e\x{301}e\x{301}e\x{301}e\x{301}"
          text run at (1040,4515) width 0: " "
          text run at (0,4530) width 1040: "e\x{301}e\x{301}e\x{301}e\x{301}e\x{301}e\x{301}e\x{301}e\x{301}e\x{301}e\x{301}e\x{301}e\x{301}e\x{301}e\x{301}e\x{301}e\x{301}e\x{301}e\x{301}e\x{301}e\x{301}e\x{301}e\x{301}e\x{301}e\x{301}e\x{301}e\x{301}e\x{301}e\x{301}e\x{301}e\x{301}e\x{301}e\x{301} e\x{301} e\x{301}e\x{301}e\x{301}e\x{301}e\x{301}e\x{301}e\x{301}e\x{301}e\x{301}e\x{301}e\x{301}e\x{301}e\x{301}e\x{301}e\x{301}e\x{301}e\x{301}e\x{301}e\x{301}e\x{301}e\x{301}e\x{301}e\x{301}e\x{301}e\x{301}e\x{301}e\x{301}e\x{301}e\x{301}e\x{301}e\x{301}e\x{301}e\x{301}e\x{301}e\x{301}e\x{301}e\x{301}e\x{301}e\x{301}e\x{301}e\x{301}e\x{301}e\x{301} e\x{301}e\x{301}e\x{301}e\x{301}e\x{301}e\x{301}e\x{301}e\x{301}e\x{301}e\x{301}e\x{301}e\x{301}e\x{301}e\x{301}e\x{301}e\x{301}e\x{301}e\x{301}e\x{301}e\x{301}e\x{301}e\x{301}e\x{301}e\x{301}e\x{301}e\x{301}e\x{301}e\x{301}e\x{301}e\x{301} e\x{301}e\x{301}e\x{301}e\x{301}e\x{301}e\x{301}e\x{301}e\x{301}e\x{301}e\x{301}e\x{301}e\x{301}e\x{301}e\x{301}e\x{301}e\x{301}e\x{301}e\x{301}e\x{301}e\x{301}e\x{301}e\x{301}"
          text run at (1040,4530) width 0: " "
          text run at (0,4545) width 1040: "e\x{301}e\x{301}e\x{301}e\x{301}e\x{301}e\x{301}e\x{301}e\x{301}e\x{301}e\x{301}e\x{301}e\x{301}e\x{301}e\x{301}e\x{301}e\x{301}e\x{301}e\x{301}e\x{301}e\x{301}e\x{301}e\x{301}e\x{301}e\x{301}e\x{301}e\x{301}e\x{301}e\x{301}e\x{301}e\x{301}e\x{301}e\x{301} e\x{301} e\x{301}e\x{301}e\x{301}e\x{301}e\x{301}e\x{301}e\x{301}e\x{301}e\x{301}e\x{301}e\x{301}e\x{301}e\x{301}e\x{301}e\x{301}e\x{301}e\x{301}e\x{301}e\x{301}e\x{301}e\x{301}e\x{301}e\x{301}e\x{301}e\x{301}e\x{301}e\x{301}e\x{301}e\x{301}e\x{301}e\x{301}e\x{301}e\x{301}e\x{301}e\x{301}e\x{301}e\x{301}e\x{301}e\x{301}e\x{301}e\x{301}e\x{301}e\x{301} e\x{301}e\x{301}e\x{301}e\x{301}e\x{301}e\x{301}e\x{301}e\x{301}e\x{301}e\x{301}e\x{301}e\x{301}e\x{301}e\x{301}e\x{301}e\x{301}e\x{301}e\x{301}e\x{301}e\x{301}e\x{301}e\x{301}e\x{301}e\x{301}e\x{301}e\x{301}e\x{301}e\x{301}e\x{301}e\x{301} e\x{301}e\x{301}e\x{301}e\x{301}e\x{301}e\x{301}e\x{301}e\x{301}e\x{301}e\x{301}e\x{301}e\x{301}e\x{301}e\x{301}e\x{301}e\x{301}e\x{301}e\x{301}e\x{301}e\x{301}e\x{301}e\x{301}"
          text run at (1040,4545) width 0: " "
          text run at (0,4560) width 1040: "e\x{301}e\x{301}e\x{301}e\x{301}e\x{301}e\x{301}e\x{301}e\x{301}e\x{301}e\x{301}e\x{301}e\x{301}e\x{301}e\x{301}e\x{301}e\x{301}e\x{301}e\x{301}e\x{301}e\x{301}e\x{301}e\x{301}e\x{301}e\x{301}e\x{301}e\x{301}e\x{301}e\x{301}e\x{301}e\x{301}e\x{301}e\x{301} e\x{301} e\x{301}e\x{301}e\x{301}e\x{301}e\x{301}e\x{301}e\x{301}e\x{301}e\x{301}e\x{301}e\x{301}e\x{301}e\x{301}e\x{301}e\x{301}e\x{301}e\x{301}e\x{301}e\x{301}e\x{301}e\x{301}e\x{301}e\x{301}e\x{301}e\x{301}e\x{301}e\x{301}e\x{301}e\x{301}e\x{301}e\x{301}e\x{301}e\x{301}e\x{301}e\x{301}e\x{301}e\x{301}e\x{301}e\x{301}e\x{301}e\x{301}e\x{301}e\x{301} e\x{301}e\x{301}e\x{301}e\x{301}e\x{301}e\x{301}e\x{301}e\x{301}e\x{301}e\x{301}e\x{301}e\x{301}e\x{301}e\x{301}e\x{301}e\x{301}e\x{301}e\x{301}e\x{301}e\x{301}e\x{301}e\x{301}e\x{301}e\x{301}e\x{301}e\x{301}e\x{301}e\x{301}e\x{301}e\x{301} e\x{301}e\x{301}e\x{301}e\x{301}e\x{301}e\x{301}e\x{301}e\x{301}e\x{301}e\x{301}e\x{301}e\x{301}e\x{301}e\x{301}e\x{301}e\x{301}e\x{301}e\x{301}e\x{301}e\x{301}e\x{301}e\x{301}"
          text run at (1040,4560) width 0: " "
          text run at (0,4575) width 1040: "e\x{301}e\x{301}e\x{301}e\x{301}e\x{301}e\x{301}e\x{301}e\x{301}e\x{301}e\x{301}e\x{301}e\x{301}e\x{301}e\x{301}e\x{301}e\x{301}e\x{301}e\x{301}e\x{301}e\x{301}e\x{301}e\x{301}e\x{301}e\x{301}e\x{301}e\x{301}e\x{301}e\x{301}e\x{301}e\x{301}e\x{301}e\x{301} e\x{301} e\x{301}e\x{301}e\x{301}e\x{301}e\x{301}e\x{301}e\x{301}e\x{301}e\x{301}e\x{301}e\x{301}e\x{301}e\x{301}e\x{301}e\x{301}e\x{301}e\x{301}e\x{301}e\x{301}e\x{301}e\x{301}e\x{301}e\x{301}e\x{301}e\x{301}e\x{301}e\x{301}e\x{301}e\x{301}e\x{301}e\x{301}e\x{301}e\x{301}e\x{301}e\x{301}e\x{301}e\x{301}e\x{301}e\x{301}e\x{301}e\x{301}e\x{301}e\x{301} e\x{301}e\x{301}e\x{301}e\x{301}e\x{301}e\x{301}e\x{301}e\x{301}e\x{301}e\x{301}e\x{301}e\x{301}e\x{301}e\x{301}e\x{301}e\x{301}e\x{301}e\x{301}e\x{301}e\x{301}e\x{301}e\x{301}e\x{301}e\x{301}e\x{301}e\x{301}e\x{301}e\x{301}e\x{301}e\x{301} e\x{301}e\x{301}e\x{301}e\x{301}e\x{301}e\x{301}e\x{301}e\x{301}e\x{301}e\x{301}e\x{301}e\x{301}e\x{301}e\x{301}e\x{301}e\x{301}e\x{301}e\x{301}e\x{301}e\x{301}e\x{301}e\x{301}"
          text run at (1040,4575) width 0: " "
          text run at (0,4590) width 1040: "e\x{301}e\x{301}e\x{301}e\x{301}e\x{301}e\x{301}e\x{301}e\x{301}e\x{301}e\x{301}e\x{301}e\x{301}e\x{301}e\x{301}e\x{301}e\x{301}e\x{301}e\x{301}e\x{301}e\x{301}e\x{301}e\x{301}e\x{301}e\x{301}e\x{301}e\x{301}e\x{301}e\x{301}e\x{301}e\x{301}e\x{301}e\x{301} e\x{301} e\x{301}e\x{301}e\x{301}e\x{301}e\x{301}e\x{301}e\x{301}e\x{301}e\x{301}e\x{301}e\x{301}e\x{301}e\x{301}e\x{301}e\x{301}e\x{301}e\x{301}e\x{301}e\x{301}e\x{301}e\x{301}e\x{301}e\x{301}e\x{301}e\x{301}e\x{301}e\x{301}e\x{301}e\x{301}e\x{301}e\x{301}e\x{301}e\x{301}e\x{301}e\x{301}e\x{301}e\x{301}e\x{301}e\x{301}e\x{301}e\x{301}e\x{301}e\x{301} e\x{301}e\x{301}e\x{301}e\x{301}e\x{301}e\x{301}e\x{301}e\x{301}e\x{301}e\x{301}e\x{301}e\x{301}e\x{301}e\x{301}e\x{301}e\x{301}e\x{301}e\x{301}e\x{301}e\x{301}e\x{301}e\x{301}e\x{301}e\x{301}e\x{301}e\x{301}e\x{301}e\x{301}e\x{301}e\x{301} e\x{301}e\x{301}e\x{301}e\x{301}e\x{301}e\x{301}e\x{301}e\x{301}e\x{301}e\x{301}e\x{301}e\x{301}e\x{301}e\x{301}e\x{301}e\x{301}e\x{301}e\x{301}e\x{301}e\x{301}e\x{301}e\x{301}"
          text run at (1040,4590) width 0: " "
          text run at (0,4605) width 1040: "e\x{301}e\x{301}e\x{301}e\x{301}e\x{301}e\x{301}e\x{301}e\x{301}e\x{301}e\x{301}e\x{301}e\x{301}e\x{301}e\x{301}e\x{301}e\x{301}e\x{301}e\x{301}e\x{301}e\x{301}e\x{301}e\x{301}e\x{301}e\x{301}e\x{301}e\x{301}e\x{301}e\x{301}e\x{301}e\x{301}e\x{301}e\x{301} e\x{301} e\x{301}e\x{301}e\x{301}e\x{301}e\x{301}e\x{301}e\x{301}e\x{301}e\x{301}e\x{301}e\x{301}e\x{301}e\x{301}e\x{301}e\x{301}e\x{301}e\x{301}e\x{301}e\x{301}e\x{301}e\x{301}e\x{301}e\x{301}e\x{301}e\x{301}e\x{301}e\x{301}e\x{301}e\x{301}e\x{301}e\x{301}e\x{301}e\x{301}e\x{301}e\x{301}e\x{301}e\x{301}e\x{301}e\x{301}e\x{301}e\x{301}e\x{301}e\x{301} e\x{301}e\x{301}e\x{301}e\x{301}e\x{301}e\x{301}e\x{301}e\x{301}e\x{301}e\x{301}e\x{301}e\x{301}e\x{301}e\x{301}e\x{301}e\x{301}e\x{301}e\x{301}e\x{301}e\x{301}e\x{301}e\x{301}e\x{301}e\x{301}e\x{301}e\x{301}e\x{301}e\x{301}e\x{301}e\x{301} e\x{301}e\x{301}e\x{301}e\x{301}e\x{301}e\x{301}e\x{301}e\x{301}e\x{301}e\x{301}e\x{301}e\x{301}e\x{301}e\x{301}e\x{301}e\x{301}e\x{301}e\x{301}e\x{301}e\x{301}e\x{301}e\x{301}"
          text run at (1040,4605) width 0: " "
          text run at (0,4620) width 1040: "e\x{301}e\x{301}e\x{301}e\x{301}e\x{301}e\x{301}e\x{301}e\x{301}e\x{301}e\x{301}e\x{301}e\x{301}e\x{301}e\x{301}e\x{301}e\x{301}e\x{301}e\x{301}e\x{301}e\x{301}e\x{301}e\x{301}e\x{301}e\x{301}e\x{301}e\x{301}e\x{301}e\x{301}e\x{301}e\x{301}e\x{301}e\x{301} e\x{301} e\x{301}e\x{301}e\x{301}e\x{301}e\x{301}e\x{301}e\x{301}e\x{301}e\x{301}e\x{301}e\x{301}e\x{301}e\x{301}e\x{301}e\x{301}e\x{301}e\x{301}e\x{301}e\x{301}e\x{301}e\x{301}e\x{301}e\x{301}e\x{301}e\x{301}e\x{301}e\x{301}e\x{301}e\x{301}e\x{301}e\x{301}e\x{301}e\x{301}e\x{301}e\x{301}e\x{301}e\x{301}e\x{301}e\x{301}e\x{301}e\x{301}e\x{301}e\x{301} e\x{301}e\x{301}e\x{301}e\x{301}e\x{301}e\x{301}e\x{301}e\x{301}e\x{301}e\x{301}e\x{301}e\x{301}e\x{301}e\x{301}e\x{301}e\x{301}e\x{301}e\x{301}e\x{301}e\x{301}e\x{301}e\x{301}e\x{301}e\x{301}e\x{301}e\x{301}e\x{301}e\x{301}e\x{301}e\x{301} e\x{301}e\x{301}e\x{301}e\x{301}e\x{301}e\x{301}e\x{301}e\x{301}e\x{301}e\x{301}e\x{301}e\x{301}e\x{301}e\x{301}e\x{301}e\x{301}e\x{301}e\x{301}e\x{301}e\x{301}e\x{301}e\x{301}"
          text run at (1040,4620) width 0: " "
          text run at (0,4635) width 1040: "e\x{301}e\x{301}e\x{301}e\x{301}e\x{301}e\x{301}e\x{301}e\x{301}e\x{301}e\x{301}e\x{301}e\x{301}e\x{301}e\x{301}e\x{301}e\x{301}e\x{301}e\x{301}e\x{301}e\x{301}e\x{301}e\x{301}e\x{301}e\x{301}e\x{301}e\x{301}e\x{301}e\x{301}e\x{301}e\x{301}e\x{301}e\x{301} e\x{301} e\x{301}e\x{301}e\x{301}e\x{301}e\x{301}e\x{301}e\x{301}e\x{301}e\x{301}e\x{301}e\x{301}e\x{301}e\x{301}e\x{301}e\x{301}e\x{301}e\x{301}e\x{301}e\x{301}e\x{301}e\x{301}e\x{301}e\x{301}e\x{301}e\x{301}e\x{301}e\x{301}e\x{301}e\x{301}e\x{301}e\x{301}e\x{301}e\x{301}e\x{301}e\x{301}e\x{301}e\x{301}e\x{301}e\x{301}e\x{301}e\x{301}e\x{301}e\x{301} e\x{301}e\x{301}e\x{301}e\x{301}e\x{301}e\x{301}e\x{301}e\x{301}e\x{301}e\x{301}e\x{301}e\x{301}e\x{301}e\x{301}e\x{301}e\x{301}e\x{301}e\x{301}e\x{301}e\x{301}e\x{301}e\x{301}e\x{301}e\x{301}e\x{301}e\x{301}e\x{301}e\x{301}e\x{301}e\x{301} e\x{301}e\x{301}e\x{301}e\x{301}e\x{301}e\x{301}e\x{301}e\x{301}e\x{301}e\x{301}e\x{301}e\x{301}e\x{301}e\x{301}e\x{301}e\x{301}e\x{301}e\x{301}e\x{301}e\x{301}e\x{301}e\x{301}"
          text run at (1040,4635) width 0: " "
          text run at (0,4650) width 1040: "e\x{301}e\x{301}e\x{301}e\x{301}e\x{301}e\x{301}e\x{301}e\x{301}e\x{301}e\x{301}e\x{301}e\x{301}e\x{301}e\x{301}e\x{301}e\x{301}e\x{301}e\x{301}e\x{301}e\x{301}e\x{301}e\x{301}e\x{301}e\x{301}e\x{301}e\x{301}e\x{301}e\x{301}e\x{301}e\x{301}e\x{301}e\x{301} e\x{301} e\x{301}e\x{301}e\x{301}e\x{301}e\x{301}e\x{301}e\x{301}e\x{301}e\x{301}e\x{301}e\x{301}e\x{301}e\x{301}e\x{301}e\x{301}e\x{301}e\x{301}e\x{301}e\x{301}e\x{301}e\x{301}e\x{301}e\x{301}e\x{301}e\x{301}e\x{301}e\x{301}e\x{301}e\x{301}e\x{301}e\x{301}e\x{301}e\x{301}e\x{301}e\x{301}e\x{301}e\x{301}e\x{301}e\x{301}e\x{301}e\x{301}e\x{301}e\x{301} e\x{301}e\x{301}e\x{301}e\x{301}e\x{301}e\x{301}e\x{301}e\x{301}e\x{301}e\x{301}e\x{301}e\x{301}e\x{301}e\x{301}e\x{301}e\x{301}e\x{301}e\x{301}e\x{301}e\x{301}e\x{301}e\x{301}e\x{301}e\x{301}e\x{301}e\x{301}e\x{301}e\x{301}e\x{301}e\x{301} e\x{301}e\x{301}e\x{301}e\x{301}e\x{301}e\x{301}e\x{301}e\x{301}e\x{301}e\x{301}e\x{301}e\x{301}e\x{301}e\x{301}e\x{301}e\x{301}e\x{301}e\x{301}e\x{301}e\x{301}e\x{301}e\x{301}"
          text run at (1040,4650) width 0: " "
          text run at (0,4665) width 1040: "e\x{301}e\x{301}e\x{301}e\x{301}e\x{301}e\x{301}e\x{301}e\x{301}e\x{301}e\x{301}e\x{301}e\x{301}e\x{301}e\x{301}e\x{301}e\x{301}e\x{301}e\x{301}e\x{301}e\x{301}e\x{301}e\x{301}e\x{301}e\x{301}e\x{301}e\x{301}e\x{301}e\x{301}e\x{301}e\x{301}e\x{301}e\x{301} e\x{301} e\x{301}e\x{301}e\x{301}e\x{301}e\x{301}e\x{301}e\x{301}e\x{301}e\x{301}e\x{301}e\x{301}e\x{301}e\x{301}e\x{301}e\x{301}e\x{301}e\x{301}e\x{301}e\x{301}e\x{301}e\x{301}e\x{301}e\x{301}e\x{301}e\x{301}e\x{301}e\x{301}e\x{301}e\x{301}e\x{301}e\x{301}e\x{301}e\x{301}e\x{301}e\x{301}e\x{301}e\x{301}e\x{301}e\x{301}e\x{301}e\x{301}e\x{301}e\x{301} e\x{301}e\x{301}e\x{301}e\x{301}e\x{301}e\x{301}e\x{301}e\x{301}e\x{301}e\x{301}e\x{301}e\x{301}e\x{301}e\x{301}e\x{301}e\x{301}e\x{301}e\x{301}e\x{301}e\x{301}e\x{301}e\x{301}e\x{301}e\x{301}e\x{301}e\x{301}e\x{301}e\x{301}e\x{301}e\x{301} e\x{301}e\x{301}e\x{301}e\x{301}e\x{301}e\x{301}e\x{301}e\x{301}e\x{301}e\x{301}e\x{301}e\x{301}e\x{301}e\x{301}e\x{301}e\x{301}e\x{301}e\x{301}e\x{301}e\x{301}e\x{301}e\x{301}"
          text run at (1040,4665) width 0: " "
          text run at (0,4680) width 1040: "e\x{301}e\x{301}e\x{301}e\x{301}e\x{301}e\x{301}e\x{301}e\x{301}e\x{301}e\x{301}e\x{301}e\x{301}e\x{301}e\x{301}e\x{301}e\x{301}e\x{301}e\x{301}e\x{301}e\x{301}e\x{301}e\x{301}e\x{301}e\x{301}e\x{301}e\x{301}e\x{301}e\x{301}e\x{301}e\x{301}e\x{301}e\x{301} e\x{301} e\x{301}e\x{301}e\x{301}e\x{301}e\x{301}e\x{301}e\x{301}e\x{301}e\x{301}e\x{301}e\x{301}e\x{301}e\x{301}e\x{301}e\x{301}e\x{301}e\x{301}e\x{301}e\x{301}e\x{301}e\x{301}e\x{301}e\x{301}e\x{301}e\x{301}e\x{301}e\x{301}e\x{301}e\x{301}e\x{301}e\x{301}e\x{301}e\x{301}e\x{301}e\x{301}e\x{301}e\x{301}e\x{301}e\x{301}e\x{301}e\x{301}e\x{301}e\x{301} e\x{301}e\x{301}e\x{301}e\x{301}e\x{301}e\x{301}e\x{301}e\x{301}e\x{301}e\x{301}e\x{301}e\x{301}e\x{301}e\x{301}e\x{301}e\x{301}e\x{301}e\x{301}e\x{301}e\x{301}e\x{301}e\x{301}e\x{301}e\x{301}e\x{301}e\x{301}e\x{301}e\x{301}e\x{301}e\x{301} e\x{301}e\x{301}e\x{301}e\x{301}e\x{301}e\x{301}e\x{301}e\x{301}e\x{301}e\x{301}e\x{301}e\x{301}e\x{301}e\x{301}e\x{301}e\x{301}e\x{301}e\x{301}e\x{301}e\x{301}e\x{301}e\x{301}"
          text run at (1040,4680) width 0: " "
          text run at (0,4695) width 1040: "e\x{301}e\x{301}e\x{301}e\x{301}e\x{301}e\x{301}e\x{301}e\x{301}e\x{301}e\x{301}e\x{301}e\x{301}e\x{301}e\x{301}e\x{301}e\x{301}e\x{301}e\x{301}e\x{301}e\x{301}e\x{301}e\x{301}e\x{301}e\x{301}e\x{301}e\x{301}e\x{301}e\x{301}e\x{301}e\x{301}e\x{301}e\x{301} e\x{301} e\x{301}e\x{301}e\x{301}e\x{301}e\x{301}e\x{301}e\x{301}e\x{301}e\x{301}e\x{301}e\x{301}e\x{301}e\x{301}e\x{301}e\x{301}e\x{301}e\x{301}e\x{301}e\x{301}e\x{301}e\x{301}e\x{301}e\x{301}e\x{301}e\x{301}e\x{301}e\x{301}e\x{301}e\x{301}e\x{301}e\x{301}e\x{301}e\x{301}e\x{301}e\x{301}e\x{301}e\x{301}e\x{301}e\x{301}e\x{301}e\x{301}e\x{301}e\x{301} e\x{301}e\x{301}e\x{301}e\x{301}e\x{301}e\x{301}e\x{301}e\x{301}e\x{301}e\x{301}e\x{301}e\x{301}e\x{301}e\x{301}e\x{301}e\x{301}e\x{301}e\x{301}e\x{301}e\x{301}e\x{301}e\x{301}e\x{301}e\x{301}e\x{301}e\x{301}e\x{301}e\x{301}e\x{301}e\x{301} e\x{301}e\x{301}e\x{301}e\x{301}e\x{301}e\x{301}e\x{301}e\x{301}e\x{301}e\x{301}e\x{301}e\x{301}e\x{301}e\x{301}e\x{301}e\x{301}e\x{301}e\x{301}e\x{301}e\x{301}e\x{301}e\x{301}"
          text run at (1040,4695) width 0: " "
          text run at (0,4710) width 1040: "e\x{301}e\x{301}e\x{301}e\x{301}e\x{301}e\x{301}e\x{301}e\x{301}e\x{301}e\x{301}e\x{301}e\x{301}e\x{301}e\x{301}e\x{301}e\x{301}e\x{301}e\x{301}e\x{301}e\x{301}e\x{301}e\x{301}e\x{301}e\x{301}e\x{301}e\x{301}e\x{301}e\x{301}e\x{301}e\x{301}e\x{301}e\x{301} e\x{301} e\x{301}e\x{301}e\x{301}e\x{301}e\x{301}e\x{301}e\x{301}e\x{301}e\x{301}e\x{301}e\x{301}e\x{301}e\x{301}e\x{301}e\x{301}e\x{301}e\x{301}e\x{301}e\x{301}e\x{301}e\x{301}e\x{301}e\x{301}e\x{301}e\x{301}e\x{301}e\x{301}e\x{301}e\x{301}e\x{301}e\x{301}e\x{301}e\x{301}e\x{301}e\x{301}e\x{301}e\x{301}e\x{301}e\x{301}e\x{301}e\x{301}e\x{301}e\x{301} e\x{301}e\x{301}e\x{301}e\x{301}e\x{301}e\x{301}e\x{301}e\x{301}e\x{301}e\x{301}e\x{301}e\x{301}e\x{301}e\x{301}e\x{301}e\x{301}e\x{301}e\x{301}e\x{301}e\x{301}e\x{301}e\x{301}e\x{301}e\x{301}e\x{301}e\x{301}e\x{301}e\x{301}e\x{301}e\x{301} e\x{301}e\x{301}e\x{301}e\x{301}e\x{301}e\x{301}e\x{301}e\x{301}e\x{301}e\x{301}e\x{301}e\x{301}e\x{301}e\x{301}e\x{301}e\x{301}e\x{301}e\x{301}e\x{301}e\x{301}e\x{301}e\x{301}"
          text run at (1040,4710) width 0: " "
          text run at (0,4725) width 1040: "e\x{301}e\x{301}e\x{301}e\x{301}e\x{301}e\x{301}e\x{301}e\x{301}e\x{301}e\x{301}e\x{301}e\x{301}e\x{301}e\x{301}e\x{301}e\x{301}e\x{301}e\x{301}e\x{301}e\x{301}e\x{301}e\x{301}e\x{301}e\x{301}e\x{301}e\x{301}e\x{301}e\x{301}e\x{301}e\x{301}e\x{301}e\x{301} e\x{301} e\x{301}e\x{301}e\x{301}e\x{301}e\x{301}e\x{301}e\x{301}e\x{301}e\x{301}e\x{301}e\x{301}e\x{301}e\x{301}e\x{301}e\x{301}e\x{301}e\x{301}e\x{301}e\x{301}e\x{301}e\x{301}e\x{301}e\x{301}e\x{301}e\x{301}e\x{301}e\x{301}e\x{301}e\x{301}e\x{301}e\x{301}e\x{301}e\x{301}e\x{301}e\x{301}e\x{301}e\x{301}e\x{301}e\x{301}e\x{301}e\x{301}e\x{301}e\x{301} e\x{301}e\x{301}e\x{301}e\x{301}e\x{301}e\x{301}e\x{301}e\x{301}e\x{301}e\x{301}e\x{301}e\x{301}e\x{301}e\x{301}e\x{301}e\x{301}e\x{301}e\x{301}e\x{301}e\x{301}e\x{301}e\x{301}e\x{301}e\x{301}e\x{301}e\x{301}e\x{301}e\x{301}e\x{301}e\x{301} e\x{301}e\x{301}e\x{301}e\x{301}e\x{301}e\x{301}e\x{301}e\x{301}e\x{301}e\x{301}e\x{301}e\x{301}e\x{301}e\x{301}e\x{301}e\x{301}e\x{301}e\x{301}e\x{301}e\x{301}e\x{301}e\x{301}"
          text run at (1040,4725) width 0: " "
          text run at (0,4740) width 1040: "e\x{301}e\x{301}e\x{301}e\x{301}e\x{301}e\x{301}e\x{301}e\x{301}e\x{301}e\x{301}e\x{301}e\x{301}e\x{301}e\x{301}e\x{301}e\x{301}e\x{301}e\x{301}e\x{301}e\x{301}e\x{301}e\x{301}e\x{301}e\x{301}e\x{301}e\x{301}e\x{301}e\x{301}e\x{301}e\x{301}e\x{301}e\x{301} e\x{301} e\x{301}e\x{301}e\x{301}e\x{301}e\x{301}e\x{301}e\x{301}e\x{301}e\x{301}e\x{301}e\x{301}e\x{301}e\x{301}e\x{301}e\x{301}e\x{301}e\x{301}e\x{301}e\x{301}e\x{301}e\x{301}e\x{301}e\x{301}e\x{301}e\x{301}e\x{301}e\x{301}e\x{301}e\x{301}e\x{301}e\x{301}e\x{301}e\x{301}e\x{301}e\x{301}e\x{301}e\x{301}e\x{301}e\x{301}e\x{301}e\x{301}e\x{301}e\x{301} e\x{301}e\x{301}e\x{301}e\x{301}e\x{301}e\x{301}e\x{301}e\x{301}e\x{301}e\x{301}e\x{301}e\x{301}e\x{301}e\x{301}e\x{301}e\x{301}e\x{301}e\x{301}e\x{301}e\x{301}e\x{301}e\x{301}e\x{301}e\x{301}e\x{301}e\x{301}e\x{301}e\x{301}e\x{301}e\x{301} e\x{301}e\x{301}e\x{301}e\x{301}e\x{301}e\x{301}e\x{301}e\x{301}e\x{301}e\x{301}e\x{301}e\x{301}e\x{301}e\x{301}e\x{301}e\x{301}e\x{301}e\x{301}e\x{301}e\x{301}e\x{301}e\x{301}"
          text run at (1040,4740) width 0: " "
          text run at (0,4755) width 1040: "e\x{301}e\x{301}e\x{301}e\x{301}e\x{301}e\x{301}e\x{301}e\x{301}e\x{301}e\x{301}e\x{301}e\x{301}e\x{301}e\x{301}e\x{301}e\x{301}e\x{301}e\x{301}e\x{301}e\x{301}e\x{301}e\x{301}e\x{301}e\x{301}e\x{301}e\x{301}e\x{301}e\x{301}e\x{301}e\x{301}e\x{301}e\x{301} e\x{301} e\x{301}e\x{301}e\x{301}e\x{301}e\x{301}e\x{301}e\x{301}e\x{301}e\x{301}e\x{301}e\x{301}e\x{301}e\x{301}e\x{301}e\x{301}e\x{301}e\x{301}e\x{301}e\x{301}e\x{301}e\x{301}e\x{301}e\x{301}e\x{301}e\x{301}e\x{301}e\x{301}e\x{301}e\x{301}e\x{301}e\x{301}e\x{301}e\x{301}e\x{301}e\x{301}e\x{301}e\x{301}e\x{301}e\x{301}e\x{301}e\x{301}e\x{301}e\x{301} e\x{301}e\x{301}e\x{301}e\x{301}e\x{301}e\x{301}e\x{301}e\x{301}e\x{301}e\x{301}e\x{301}e\x{301}e\x{301}e\x{301}e\x{301}e\x{301}e\x{301}e\x{301}e\x{301}e\x{301}e\x{301}e\x{301}e\x{301}e\x{301}e\x{301}e\x{301}e\x{301}e\x{301}e\x{301}e\x{301} e\x{301}e\x{301}e\x{301}e\x{301}e\x{301}e\x{301}e\x{301}e\x{301}e\x{301}e\x{301}e\x{301}e\x{301}e\x{301}e\x{301}e\x{301}e\x{301}e\x{301}e\x{301}e\x{301}e\x{301}e\x{301}e\x{301}"
          text run at (1040,4755) width 0: " "
          text run at (0,4770) width 1040: "e\x{301}e\x{301}e\x{301}e\x{301}e\x{301}e\x{301}e\x{301}e\x{301}e\x{301}e\x{301}e\x{301}e\x{301}e\x{301}e\x{301}e\x{301}e\x{301}e\x{301}e\x{301}e\x{301}e\x{301}e\x{301}e\x{301}e\x{301}e\x{301}e\x{301}e\x{301}e\x{301}e\x{301}e\x{301}e\x{301}e\x{301}e\x{301} e\x{301} e\x{301}e\x{301}e\x{301}e\x{301}e\x{301}e\x{301}e\x{301}e\x{301}e\x{301}e\x{301}e\x{301}e\x{301}e\x{301}e\x{301}e\x{301}e\x{301}e\x{301}e\x{301}e\x{301}e\x{301}e\x{301}e\x{301}e\x{301}e\x{301}e\x{301}e\x{301}e\x{301}e\x{301}e\x{301}e\x{301}e\x{301}e\x{301}e\x{301}e\x{301}e\x{301}e\x{301}e\x{301}e\x{301}e\x{301}e\x{301}e\x{301}e\x{301}e\x{301} e\x{301}e\x{301}e\x{301}e\x{301}e\x{301}e\x{301}e\x{301}e\x{301}e\x{301}e\x{301}e\x{301}e\x{301}e\x{301}e\x{301}e\x{301}e\x{301}e\x{301}e\x{301}e\x{301}e\x{301}e\x{301}e\x{301}e\x{301}e\x{301}e\x{301}e\x{301}e\x{301}e\x{301}e\x{301}e\x{301} e\x{301}e\x{301}e\x{301}e\x{301}e\x{301}e\x{301}e\x{301}e\x{301}e\x{301}e\x{301}e\x{301}e\x{301}e\x{301}e\x{301}e\x{301}e\x{301}e\x{301}e\x{301}e\x{301}e\x{301}e\x{301}e\x{301}"
          text run at (1040,4770) width 0: " "
          text run at (0,4785) width 1040: "e\x{301}e\x{301}e\x{301}e\x{301}e\x{301}e\x{301}e\x{301}e\x{301}e\x{301}e\x{301}e\x{301}e\x{301}e\x{301}e\x{301}e\x{301}e\x{301}e\x{301}e\x{301}e\x{301}e\x{301}e\x{301}e\x{301}e\x{301}e\x{301}e\x{301}e\x{301}e\x{301}e\x{301}e\x{301}e\x{301}e\x{301}e\x{301} e\x{301} e\x{301}e\x{301}e\x{301}e\x{301}e\x{301}e\x{301}e\x{301}e\x{301}e\x{301}e\x{301}e\x{301}e\x{301}e\x{301}e\x{301}e\x{301}e\x{301}e\x{301}e\x{301}e\x{301}e\x{301}e\x{301}e\x{301}e\x{301}e\x{301}e\x{301}e\x{301}e\x{301}e\x{301}e\x{301}e\x{301}e\x{301}e\x{301}e\x{301}e\x{301}e\x{301}e\x{301}e\x{301}e\x{301}e\x{301}e\x{301}e\x{301}e\x{301}e\x{301} e\x{301}e\x{301}e\x{301}e\x{301}e\x{301}e\x{301}e\x{301}e\x{301}e\x{301}e\x{301}e\x{301}e\x{301}e\x{301}e\x{301}e\x{301}e\x{301}e\x{301}e\x{301}e\x{301}e\x{301}e\x{301}e\x{301}e\x{301}e\x{301}e\x{301}e\x{301}e\x{301}e\x{301}e\x{301}e\x{301} e\x{301}e\x{301}e\x{301}e\x{301}e\x{301}e\x{301}e\x{301}e\x{301}e\x{301}e\x{301}e\x{301}e\x{301}e\x{301}e\x{301}e\x{301}e\x{301}e\x{301}e\x{301}e\x{301}e\x{301}e\x{301}e\x{301}"
          text run at (1040,4785) width 0: " "
          text run at (0,4800) width 1040: "e\x{301}e\x{301}e\x{301}e\x{301}e\x{301}e\x{301}e\x{301}e\x{301}e\x{301}e\x{301}e\x{301}e\x{301}e\x{301}e\x{301}e\x{301}e\x{301}e\x{301}e\x{301}e\x{301}e\x{301}e\x{301}e\x{301}e\x{301}e\x{301}e\x{301}e\x{301}e\x{301}e\x{301}e\x{301}e\x{301}e\x{301}e\x{301} e\x{301} e\x{301}e\x{301}e\x{301}e\x{301}e\x{301}e\x{301}e\x{301}e\x{301}e\x{301}e\x{301}e\x{301}e\x{301}e\x{301}e\x{301}e\x{301}e\x{301}e\x{301}e\x{301}e\x{301}e\x{301}e\x{301}e\x{301}e\x{301}e\x{301}e\x{301}e\x{301}e\x{301}e\x{301}e\x{301}e\x{301}e\x{301}e\x{301}e\x{301}e\x{301}e\x{301}e\x{301}e\x{301}e\x{301}e\x{301}e\x{301}e\x{301}e\x{301}e\x{301} e\x{301}e\x{301}e\x{301}e\x{301}e\x{301}e\x{301}e\x{301}e\x{301}e\x{301}e\x{301}e\x{301}e\x{301}e\x{301}e\x{301}e\x{301}e\x{301}e\x{301}e\x{301}e\x{301}e\x{301}e\x{301}e\x{301}e\x{301}e\x{301}e\x{301}e\x{301}e\x{301}e\x{301}e\x{301}e\x{301} e\x{301}e\x{301}e\x{301}e\x{301}e\x{301}e\x{301}e\x{301}e\x{301}e\x{301}e\x{301}e\x{301}e\x{301}e\x{301}e\x{301}e\x{301}e\x{301}e\x{301}e\x{301}e\x{301}e\x{301}e\x{301}e\x{301}"
          text run at (1040,4800) width 0: " "
          text run at (0,4815) width 1040: "e\x{301}e\x{301}e\x{301}e\x{301}e\x{301}e\x{301}e\x{301}e\x{301}e\x{301}e\x{301}e\x{301}e\x{301}e\x{301}e\x{301}e\x{301}e\x{301}e\x{301}e\x{301}e\x{301}e\x{301}e\x{301}e\x{301}e\x{301}e\x{301}e\x{301}e\x{301}e\x{301}e\x{301}e\x{301}e\x{301}e\x{301}e\x{301} e\x{301} e\x{301}e\x{301}e\x{301}e\x{301}e\x{301}e\x{301}e\x{301}e\x{301}e\x{301}e\x{301}e\x{301}e\x{301}e\x{301}e\x{301}e\x{301}e\x{301}e\x{301}e\x{301}e\x{301}e\x{301}e\x{301}e\x{301}e\x{301}e\x{301}e\x{301}e\x{301}e\x{301}e\x{301}e\x{301}e\x{301}e\x{301}e\x{301}e\x{301}e\x{301}e\x{301}e\x{301}e\x{301}e\x{301}e\x{301}e\x{301}e\x{301}e\x{301}e\x{301} e\x{301}e\x{301}e\x{301}e\x{301}e\x{301}e\x{301}e\x{301}e\x{301}e\x{301}e\x{301}e\x{301}e\x{301}e\x{301}e\x{301}e\x{301}e\x{301}e\x{301}e\x{301}e\x{301}e\x{301}e\x{301}e\x{301}e\x{301}e\x{301}e\x{301}e\x{301}e\x{301}e\x{301}e\x{301}e\x{301} e\x{301}e\x{301}e\x{301}e\x{301}e\x{301}e\x{301}e\x{301}e\x{301}e\x{301}e\x{301}e\x{301}e\x{301}e\x{301}e\x{301}e\x{301}e\x{301}e\x{301}e\x{301}e\x{301}e\x{301}e\x{301}e\x{301}"
          text run at (1040,4815) width 0: " "
          text run at (0,4830) width 1040: "e\x{301}e\x{301}e\x{301}e\x{301}e\x{301}e\x{301}e\x{301}e\x{301}e\x{301}e\x{301}e\x{301}e\x{301}e\x{301}e\x{301}e\x{301}e\x{301}e\x{301}e\x{301}e\x{301}e\x{301}e\x{301}e\x{301}e\x{301}e\x{301}e\x{301}e\x{301}e\x{301}e\x{301}e\x{301}e\x{301}e\x{301}e\x{301} e\x{301} e\x{301}e\x{301}e\x{301}e\x{301}e\x{301}e\x{301}e\x{301}e\x{301}e\x{301}e\x{301}e\x{301}e\x{301}e\x{301}e\x{301}e\x{301}e\x{301}e\x{301}e\x{301}e\x{301}e\x{301}e\x{301}e\x{301}e\x{301}e\x{301}e\x{301}e\x{301}e\x{301}e\x{301}e\x{301}e\x{301}e\x{301}e\x{301}e\x{301}e\x{301}e\x{301}e\x{301}e\x{301}e\x{301}e\x{301}e\x{301}e\x{301}e\x{301}e\x{301} e\x{301}e\x{301}e\x{301}e\x{301}e\x{301}e\x{301}e\x{301}e\x{301}e\x{301}e\x{301}e\x{301}e\x{301}e\x{301}e\x{301}e\x{301}e\x{301}e\x{301}e\x{301}e\x{301}e\x{301}e\x{301}e\x{301}e\x{301}e\x{301}e\x{301}e\x{301}e\x{301}e\x{301}e\x{301}e\x{301} e\x{301}e\x{301}e\x{301}e\x{301}e\x{301}e\x{301}e\x{301}e\x{301}e\x{301}e\x{301}e\x{301}e\x{301}e\x{301}e\x{301}e\x{301}e\x{301}e\x{301}e\x{301}e\x{301}e\x{301}e\x{301}e\x{301}"
          text run at (1040,4830) width 0: " "
          text run at (0,4845) width 1040: "e\x{301}e\x{301}e\x{301}e\x{301}e\x{301}e\x{301}e\x{301}e\x{301}e\x{301}e\x{301}e\x{301}e\x{301}e\x{301}e\x{301}e\x{301}e\x{301}e\x{301}e\x{301}e\x{301}e\x{301}e\x{301}e\x{301}e\x{301}e\x{301}e\x{301}e\x{301}e\x{301}e\x{301}e\x{301}e\x{301}e\x{301}e\x{301} e\x{301} e\x{301}e\x{301}e\x{301}e\x{301}e\x{301}e\x{301}e\x{301}e\x{301}e\x{301}e\x{301}e\x{301}e\x{301}e\x{301}e\x{301}e\x{301}e\x{301}e\x{301}e\x{301}e\x{301}e\x{301}e\x{301}e\x{301}e\x{301}e\x{301}e\x{301}e\x{301}e\x{301}e\x{301}e\x{301}e\x{301}e\x{301}e\x{301}e\x{301}e\x{301}e\x{301}e\x{301}e\x{301}e\x{301}e\x{301}e\x{301}e\x{301}e\x{301}e\x{301} e\x{301}e\x{301}e\x{301}e\x{301}e\x{301}e\x{301}e\x{301}e\x{301}e\x{301}e\x{301}e\x{301}e\x{301}e\x{301}e\x{301}e\x{301}e\x{301}e\x{301}e\x{301}e\x{301}e\x{301}e\x{301}e\x{301}e\x{301}e\x{301}e\x{301}e\x{301}e\x{301}e\x{301}e\x{301}e\x{301} e\x{301}e\x{301}e\x{301}e\x{301}e\x{301}e\x{301}e\x{301}e\x{301}e\x{301}e\x{301}e\x{301}e\x{301}e\x{301}e\x{301}e\x{301}e\x{301}e\x{301}e\x{301}e\x{301}e\x{301}e\x{301}e\x{301}"
          text run at (1040,4845) width 0: " "
          text run at (0,4860) width 1040: "e\x{301}e\x{301}e\x{301}e\x{301}e\x{301}e\x{301}e\x{301}e\x{301}e\x{301}e\x{301}e\x{301}e\x{301}e\x{301}e\x{301}e\x{301}e\x{301}e\x{301}e\x{301}e\x{301}e\x{301}e\x{301}e\x{301}e\x{301}e\x{301}e\x{301}e\x{301}e\x{301}e\x{301}e\x{301}e\x{301}e\x{301}e\x{301} e\x{301} e\x{301}e\x{301}e\x{301}e\x{301}e\x{301}e\x{301}e\x{301}e\x{301}e\x{301}e\x{301}e\x{301}e\x{301}e\x{301}e\x{301}e\x{301}e\x{301}e\x{301}e\x{301}e\x{301}e\x{301}e\x{301}e\x{301}e\x{301}e\x{301}e\x{301}e\x{301}e\x{301}e\x{301}e\x{301}e\x{301}e\x{301}e\x{301}e\x{301}e\x{301}e\x{301}e\x{301}e\x{301}e\x{301}e\x{301}e\x{301}e\x{301}e\x{301}e\x{301} e\x{301}e\x{301}e\x{301}e\x{301}e\x{301}e\x{301}e\x{301}e\x{301}e\x{301}e\x{301}e\x{301}e\x{301}e\x{301}e\x{301}e\x{301}e\x{301}e\x{301}e\x{301}e\x{301}e\x{301}e\x{301}e\x{301}e\x{301}e\x{301}e\x{301}e\x{301}e\x{301}e\x{301}e\x{301}e\x{301} e\x{301}e\x{301}e\x{301}e\x{301}e\x{301}e\x{301}e\x{301}e\x{301}e\x{301}e\x{301}e\x{301}e\x{301}e\x{301}e\x{301}e\x{301}e\x{301}e\x{301}e\x{301}e\x{301}e\x{301}e\x{301}e\x{301}"
          text run at (1040,4860) width 0: " "
          text run at (0,4875) width 1040: "e\x{301}e\x{301}e\x{301}e\x{301}e\x{301}e\x{301}e\x{301}e\x{301}e\x{301}e\x{301}e\x{301}e\x{301}e\x{301}e\x{301}e\x{301}e\x{301}e\x{301}e\x{301}e\x{301}e\x{301}e\x{301}e\x{301}e\x{301}e\x{301}e\x{301}e\x{301}e\x{301}e\x{301}e\x{301}e\x{301}e\x{301}e\x{301} e\x{301} e\x{301}e\x{301}e\x{301}e\x{301}e\x{301}e\x{301}e\x{301}e\x{301}e\x{301}e\x{301}e\x{301}e\x{301}e\x{301}e\x{301}e\x{301}e\x{301}e\x{301}e\x{301}e\x{301}e\x{301}e\x{301}e\x{301}e\x{301}e\x{301}e\x{301}e\x{301}e\x{301}e\x{301}e\x{301}e\x{301}e\x{301}e\x{301}e\x{301}e\x{301}e\x{301}e\x{301}e\x{301}e\x{301}e\x{301}e\x{301}e\x{301}e\x{301}e\x{301} e\x{301}e\x{301}e\x{301}e\x{301}e\x{301}e\x{301}e\x{301}e\x{301}e\x{301}e\x{301}e\x{301}e\x{301}e\x{301}e\x{301}e\x{301}e\x{301}e\x{301}e\x{301}e\x{301}e\x{301}e\x{301}e\x{301}e\x{301}e\x{301}e\x{301}e\x{301}e\x{301}e\x{301}e\x{301}e\x{301} e\x{301}e\x{301}e\x{301}e\x{301}e\x{301}e\x{301}e\x{301}e\x{301}e\x{301}e\x{301}e\x{301}e\x{301}e\x{301}e\x{301}e\x{301}e\x{301}e\x{301}e\x{301}e\x{301}e\x{301}e\x{301}e\x{301}"
          text run at (1040,4875) width 0: " "
          text run at (0,4890) width 1040: "e\x{301}e\x{301}e\x{301}e\x{301}e\x{301}e\x{301}e\x{301}e\x{301}e\x{301}e\x{301}e\x{301}e\x{301}e\x{301}e\x{301}e\x{301}e\x{301}e\x{301}e\x{301}e\x{301}e\x{301}e\x{301}e\x{301}e\x{301}e\x{301}e\x{301}e\x{301}e\x{301}e\x{301}e\x{301}e\x{301}e\x{301}e\x{301} e\x{301} e\x{301}e\x{301}e\x{301}e\x{301}e\x{301}e\x{301}e\x{301}e\x{301}e\x{301}e\x{301}e\x{301}e\x{301}e\x{301}e\x{301}e\x{301}e\x{301}e\x{301}e\x{301}e\x{301}e\x{301}e\x{301}e\x{301}e\x{301}e\x{301}e\x{301}e\x{301}e\x{301}e\x{301}e\x{301}e\x{301}e\x{301}e\x{301}e\x{301}e\x{301}e\x{301}e\x{301}e\x{301}e\x{301}e\x{301}e\x{301}e\x{301}e\x{301}e\x{301} e\x{301}e\x{301}e\x{301}e\x{301}e\x{301}e\x{301}e\x{301}e\x{301}e\x{301}e\x{301}e\x{301}e\x{301}e\x{301}e\x{301}e\x{301}e\x{301}e\x{301}e\x{301}e\x{301}e\x{301}e\x{301}e\x{301}e\x{301}e\x{301}e\x{301}e\x{301}e\x{301}e\x{301}e\x{301}e\x{301} e\x{301}e\x{301}e\x{301}e\x{301}e\x{301}e\x{301}e\x{301}e\x{301}e\x{301}e\x{301}e\x{301}e\x{301}e\x{301}e\x{301}e\x{301}e\x{301}e\x{301}e\x{301}e\x{301}e\x{301}e\x{301}e\x{301}"
          text run at (1040,4890) width 0: " "
          text run at (0,4905) width 1040: "e\x{301}e\x{301}e\x{301}e\x{301}e\x{301}e\x{301}e\x{301}e\x{301}e\x{301}e\x{301}e\x{301}e\x{301}e\x{301}e\x{301}e\x{301}e\x{301}e\x{301}e\x{301}e\x{301}e\x{301}e\x{301}e\x{301}e\x{301}e\x{301}e\x{301}e\x{301}e\x{301}e\x{301}e\x{301}e\x{301}e\x{301}e\x{301} e\x{301} e\x{301}e\x{301}e\x{301}e\x{301}e\x{301}e\x{301}e\x{301}e\x{301}e\x{301}e\x{301}e\x{301}e\x{301}e\x{301}e\x{301}e\x{301}e\x{301}e\x{301}e\x{301}e\x{301}e\x{301}e\x{301}e\x{301}e\x{301}e\x{301}e\x{301}e\x{301}e\x{301}e\x{301}e\x{301}e\x{301}e\x{301}e\x{301}e\x{301}e\x{301}e\x{301}e\x{301}e\x{301}e\x{301}e\x{301}e\x{301}e\x{301}e\x{301}e\x{301} e\x{301}e\x{301}e\x{301}e\x{301}e\x{301}e\x{301}e\x{301}e\x{301}e\x{301}e\x{301}e\x{301}e\x{301}e\x{301}e\x{301}e\x{301}e\x{301}e\x{301}e\x{301}e\x{301}e\x{301}e\x{301}e\x{301}e\x{301}e\x{301}e\x{301}e\x{301}e\x{301}e\x{301}e\x{301}e\x{301} e\x{301}e\x{301}e\x{301}e\x{301}e\x{301}e\x{301}e\x{301}e\x{301}e\x{301}e\x{301}e\x{301}e\x{301}e\x{301}e\x{301}e\x{301}e\x{301}e\x{301}e\x{301}e\x{301}e\x{301}e\x{301}e\x{301}"
          text run at (1040,4905) width 0: " "
          text run at (0,4920) width 1040: "e\x{301}e\x{301}e\x{301}e\x{301}e\x{301}e\x{301}e\x{301}e\x{301}e\x{301}e\x{301}e\x{301}e\x{301}e\x{301}e\x{301}e\x{301}e\x{301}e\x{301}e\x{301}e\x{301}e\x{301}e\x{301}e\x{301}e\x{301}e\x{301}e\x{301}e\x{301}e\x{301}e\x{301}e\x{301}e\x{301}e\x{301}e\x{301} e\x{301} e\x{301}e\x{301}e\x{301}e\x{301}e\x{301}e\x{301}e\x{301}e\x{301}e\x{301}e\x{301}e\x{301}e\x{301}e\x{301}e\x{301}e\x{301}e\x{301}e\x{301}e\x{301}e\x{301}e\x{301}e\x{301}e\x{301}e\x{301}e\x{301}e\x{301}e\x{301}e\x{301}e\x{301}e\x{301}e\x{301}e\x{301}e\x{301}e\x{301}e\x{301}e\x{301}e\x{301}e\x{301}e\x{301}e\x{301}e\x{301}e\x{301}e\x{301}e\x{301} e\x{301}e\x{301}e\x{301}e\x{301}e\x{301}e\x{301}e\x{301}e\x{301}e\x{301}e\x{301}e\x{301}e\x{301}e\x{301}e\x{301}e\x{301}e\x{301}e\x{301}e\x{301}e\x{301}e\x{301}e\x{301}e\x{301}e\x{301}e\x{301}e\x{301}e\x{301}e\x{301}e\x{301}e\x{301}e\x{301} e\x{301}e\x{301}e\x{301}e\x{301}e\x{301}e\x{301}e\x{301}e\x{301}e\x{301}e\x{301}e\x{301}e\x{301}e\x{301}e\x{301}e\x{301}e\x{301}e\x{301}e\x{301}e\x{301}e\x{301}e\x{301}e\x{301}"
          text run at (1040,4920) width 0: " "
          text run at (0,4935) width 1040: "e\x{301}e\x{301}e\x{301}e\x{301}e\x{301}e\x{301}e\x{301}e\x{301}e\x{301}e\x{301}e\x{301}e\x{301}e\x{301}e\x{301}e\x{301}e\x{301}e\x{301}e\x{301}e\x{301}e\x{301}e\x{301}e\x{301}e\x{301}e\x{301}e\x{301}e\x{301}e\x{301}e\x{301}e\x{301}e\x{301}e\x{301}e\x{301} e\x{301} e\x{301}e\x{301}e\x{301}e\x{301}e\x{301}e\x{301}e\x{301}e\x{301}e\x{301}e\x{301}e\x{301}e\x{301}e\x{301}e\x{301}e\x{301}e\x{301}e\x{301}e\x{301}e\x{301}e\x{301}e\x{301}e\x{301}e\x{301}e\x{301}e\x{301}e\x{301}e\x{301}e\x{301}e\x{301}e\x{301}e\x{301}e\x{301}e\x{301}e\x{301}e\x{301}e\x{301}e\x{301}e\x{301}e\x{301}e\x{301}e\x{301}e\x{301}e\x{301} e\x{301}e\x{301}e\x{301}e\x{301}e\x{301}e\x{301}e\x{301}e\x{301}e\x{301}e\x{301}e\x{301}e\x{301}e\x{301}e\x{301}e\x{301}e\x{301}e\x{301}e\x{301}e\x{301}e\x{301}e\x{301}e\x{301}e\x{301}e\x{301}e\x{301}e\x{301}e\x{301}e\x{301}e\x{301}e\x{301} e\x{301}e\x{301}e\x{301}e\x{301}e\x{301}e\x{301}e\x{301}e\x{301}e\x{301}e\x{301}e\x{301}e\x{301}e\x{301}e\x{301}e\x{301}e\x{301}e\x{301}e\x{301}e\x{301}e\x{301}e\x{301}e\x{301}"
          text run at (1040,4935) width 0: " "
          text run at (0,4950) width 1040: "e\x{301}e\x{301}e\x{301}e\x{301}e\x{301}e\x{301}e\x{301}e\x{301}e\x{301}e\x{301}e\x{301}e\x{301}e\x{301}e\x{301}e\x{301}e\x{301}e\x{301}e\x{301}e\x{301}e\x{301}e\x{301}e\x{301}e\x{301}e\x{301}e\x{301}e\x{301}e\x{301}e\x{301}e\x{301}e\x{301}e\x{301}e\x{301} e\x{301} e\x{301}e\x{301}e\x{301}e\x{301}e\x{301}e\x{301}e\x{301}e\x{301}e\x{301}e\x{301}e\x{301}e\x{301}e\x{301}e\x{301}e\x{301}e\x{301}e\x{301}e\x{301}e\x{301}e\x{301}e\x{301}e\x{301}e\x{301}e\x{301}e\x{301}e\x{301}e\x{301}e\x{301}e\x{301}e\x{301}e\x{301}e\x{301}e\x{301}e\x{301}e\x{301}e\x{301}e\x{301}e\x{301}e\x{301}e\x{301}e\x{301}e\x{301}e\x{301} e\x{301}e\x{301}e\x{301}e\x{301}e\x{301}e\x{301}e\x{301}e\x{301}e\x{301}e\x{301}e\x{301}e\x{301}e\x{301}e\x{301}e\x{301}e\x{301}e\x{301}e\x{301}e\x{301}e\x{301}e\x{301}e\x{301}e\x{301}e\x{301}e\x{301}e\x{301}e\x{301}e\x{301}e\x{301}e\x{301} e\x{301}e\x{301}e\x{301}e\x{301}e\x{301}e\x{301}e\x{301}e\x{301}e\x{301}e\x{301}e\x{301}e\x{301}e\x{301}e\x{301}e\x{301}e\x{301}e\x{301}e\x{301}e\x{301}e\x{301}e\x{301}e\x{301}"
          text run at (1040,4950) width 0: " "
          text run at (0,4965) width 1040: "e\x{301}e\x{301}e\x{301}e\x{301}e\x{301}e\x{301}e\x{301}e\x{301}e\x{301}e\x{301}e\x{301}e\x{301}e\x{301}e\x{301}e\x{301}e\x{301}e\x{301}e\x{301}e\x{301}e\x{301}e\x{301}e\x{301}e\x{301}e\x{301}e\x{301}e\x{301}e\x{301}e\x{301}e\x{301}e\x{301}e\x{301}e\x{301} e\x{301} e\x{301}e\x{301}e\x{301}e\x{301}e\x{301}e\x{301}e\x{301}e\x{301}e\x{301}e\x{301}e\x{301}e\x{301}e\x{301}e\x{301}e\x{301}e\x{301}e\x{301}e\x{301}e\x{301}e\x{301}e\x{301}e\x{301}e\x{301}e\x{301}e\x{301}e\x{301}e\x{301}e\x{301}e\x{301}e\x{301}e\x{301}e\x{301}e\x{301}e\x{301}e\x{301}e\x{301}e\x{301}e\x{301}e\x{301}e\x{301}e\x{301}e\x{301}e\x{301} e\x{301}e\x{301}e\x{301}e\x{301}e\x{301}e\x{301}e\x{301}e\x{301}e\x{301}e\x{301}e\x{301}e\x{301}e\x{301}e\x{301}e\x{301}e\x{301}e\x{301}e\x{301}e\x{301}e\x{301}e\x{301}e\x{301}e\x{301}e\x{301}e\x{301}e\x{301}e\x{301}e\x{301}e\x{301}e\x{301} e\x{301}e\x{301}e\x{301}e\x{301}e\x{301}e\x{301}e\x{301}e\x{301}e\x{301}e\x{301}e\x{301}e\x{301}e\x{301}e\x{301}e\x{301}e\x{301}e\x{301}e\x{301}e\x{301}e\x{301}e\x{301}e\x{301}"
          text run at (1040,4965) width 0: " "
          text run at (0,4980) width 1040: "e\x{301}e\x{301}e\x{301}e\x{301}e\x{301}e\x{301}e\x{301}e\x{301}e\x{301}e\x{301}e\x{301}e\x{301}e\x{301}e\x{301}e\x{301}e\x{301}e\x{301}e\x{301}e\x{301}e\x{301}e\x{301}e\x{301}e\x{301}e\x{301}e\x{301}e\x{301}e\x{301}e\x{301}e\x{301}e\x{301}e\x{301}e\x{301} e\x{301} e\x{301}e\x{301}e\x{301}e\x{301}e\x{301}e\x{301}e\x{301}e\x{301}e\x{301}e\x{301}e\x{301}e\x{301}e\x{301}e\x{301}e\x{301}e\x{301}e\x{301}e\x{301}e\x{301}e\x{301}e\x{301}e\x{301}e\x{301}e\x{301}e\x{301}e\x{301}e\x{301}e\x{301}e\x{301}e\x{301}e\x{301}e\x{301}e\x{301}e\x{301}e\x{301}e\x{301}e\x{301}e\x{301}e\x{301}e\x{301}e\x{301}e\x{301}e\x{301} e\x{301}e\x{301}e\x{301}e\x{301}e\x{301}e\x{301}e\x{301}e\x{301}e\x{301}e\x{301}e\x{301}e\x{301}e\x{301}e\x{301}e\x{301}e\x{301}e\x{301}e\x{301}e\x{301}e\x{301}e\x{301}e\x{301}e\x{301}e\x{301}e\x{301}e\x{301}e\x{301}e\x{301}e\x{301}e\x{301} e\x{301}e\x{301}e\x{301}e\x{301}e\x{301}e\x{301}e\x{301}e\x{301}e\x{301}e\x{301}e\x{301}e\x{301}e\x{301}e\x{301}e\x{301}e\x{301}e\x{301}e\x{301}e\x{301}e\x{301}e\x{301}e\x{301}"
          text run at (1040,4980) width 0: " "
          text run at (0,4995) width 1040: "e\x{301}e\x{301}e\x{301}e\x{301}e\x{301}e\x{301}e\x{301}e\x{301}e\x{301}e\x{301}e\x{301}e\x{301}e\x{301}e\x{301}e\x{301}e\x{301}e\x{301}e\x{301}e\x{301}e\x{301}e\x{301}e\x{301}e\x{301}e\x{301}e\x{301}e\x{301}e\x{301}e\x{301}e\x{301}e\x{301}e\x{301}e\x{301} e\x{301} e\x{301}e\x{301}e\x{301}e\x{301}e\x{301}e\x{301}e\x{301}e\x{301}e\x{301}e\x{301}e\x{301}e\x{301}e\x{301}e\x{301}e\x{301}e\x{301}e\x{301}e\x{301}e\x{301}e\x{301}e\x{301}e\x{301}e\x{301}e\x{301}e\x{301}e\x{301}e\x{301}e\x{301}e\x{301}e\x{301}e\x{301}e\x{301}e\x{301}e\x{301}e\x{301}e\x{301}e\x{301}e\x{301}e\x{301}e\x{301}e\x{301}e\x{301}e\x{301} e\x{301}e\x{301}e\x{301}e\x{301}e\x{301}e\x{301}e\x{301}e\x{301}e\x{301}e\x{301}e\x{301}e\x{301}e\x{301}e\x{301}e\x{301}e\x{301}e\x{301}e\x{301}e\x{301}e\x{301}e\x{301}e\x{301}e\x{301}e\x{301}e\x{301}e\x{301}e\x{301}e\x{301}e\x{301}e\x{301} e\x{301}e\x{301}e\x{301}e\x{301}e\x{301}e\x{301}e\x{301}e\x{301}e\x{301}e\x{301}e\x{301}e\x{301}e\x{301}e\x{301}e\x{301}e\x{301}e\x{301}e\x{301}e\x{301}e\x{301}e\x{301}e\x{301}"
          text run at (1040,4995) width 0: " "
          text run at (0,5010) width 1040: "e\x{301}e\x{301}e\x{301}e\x{301}e\x{301}e\x{301}e\x{301}e\x{301}e\x{301}e\x{301}e\x{301}e\x{301}e\x{301}e\x{301}e\x{301}e\x{301}e\x{301}e\x{301}e\x{301}e\x{301}e\x{301}e\x{301}e\x{301}e\x{301}e\x{301}e\x{301}e\x{301}e\x{301}e\x{301}e\x{301}e\x{301}e\x{301} e\x{301} e\x{301}e\x{301}e\x{301}e\x{301}e\x{301}e\x{301}e\x{301}e\x{301}e\x{301}e\x{301}e\x{301}e\x{301}e\x{301}e\x{301}e\x{301}e\x{301}e\x{301}e\x{301}e\x{301}e\x{301}e\x{301}e\x{301}e\x{301}e\x{301}e\x{301}e\x{301}e\x{301}e\x{301}e\x{301}e\x{301}e\x{301}e\x{301}e\x{301}e\x{301}e\x{301}e\x{301}e\x{301}e\x{301}e\x{301}e\x{301}e\x{301}e\x{301}e\x{301} e\x{301}e\x{301}e\x{301}e\x{301}e\x{301}e\x{301}e\x{301}e\x{301}e\x{301}e\x{301}e\x{301}e\x{301}e\x{301}e\x{301}e\x{301}e\x{301}e\x{301}e\x{301}e\x{301}e\x{301}e\x{301}e\x{301}e\x{301}e\x{301}e\x{301}e\x{301}e\x{301}e\x{301}e\x{301}e\x{301} e\x{301}e\x{301}e\x{301}e\x{301}e\x{301}e\x{301}e\x{301}e\x{301}e\x{301}e\x{301}e\x{301}e\x{301}e\x{301}e\x{301}e\x{301}e\x{301}e\x{301}e\x{301}e\x{301}e\x{301}e\x{301}e\x{301}"
          text run at (1040,5010) width 0: " "
          text run at (0,5025) width 1040: "e\x{301}e\x{301}e\x{301}e\x{301}e\x{301}e\x{301}e\x{301}e\x{301}e\x{301}e\x{301}e\x{301}e\x{301}e\x{301}e\x{301}e\x{301}e\x{301}e\x{301}e\x{301}e\x{301}e\x{301}e\x{301}e\x{301}e\x{301}e\x{301}e\x{301}e\x{301}e\x{301}e\x{301}e\x{301}e\x{301}e\x{301}e\x{301} e\x{301} e\x{301}e\x{301}e\x{301}e\x{301}e\x{301}e\x{301}e\x{301}e\x{301}e\x{301}e\x{301}e\x{301}e\x{301}e\x{301}e\x{301}e\x{301}e\x{301}e\x{301}e\x{301}e\x{301}e\x{301}e\x{301}e\x{301}e\x{301}e\x{301}e\x{301}e\x{301}e\x{301}e\x{301}e\x{301}e\x{301}e\x{301}e\x{301}e\x{301}e\x{301}e\x{301}e\x{301}e\x{301}e\x{301}e\x{301}e\x{301}e\x{301}e\x{301}e\x{301} e\x{301}e\x{301}e\x{301}e\x{301}e\x{301}e\x{301}e\x{301}e\x{301}e\x{301}e\x{301}e\x{301}e\x{301}e\x{301}e\x{301}e\x{301}e\x{301}e\x{301}e\x{301}e\x{301}e\x{301}e\x{301}e\x{301}e\x{301}e\x{301}e\x{301}e\x{301}e\x{301}e\x{301}e\x{301}e\x{301} e\x{301}e\x{301}e\x{301}e\x{301}e\x{301}e\x{301}e\x{301}e\x{301}e\x{301}e\x{301}e\x{301}e\x{301}e\x{301}e\x{301}e\x{301}e\x{301}e\x{301}e\x{301}e\x{301}e\x{301}e\x{301}e\x{301}"
          text run at (1040,5025) width 0: " "
          text run at (0,5040) width 1040: "e\x{301}e\x{301}e\x{301}e\x{301}e\x{301}e\x{301}e\x{301}e\x{301}e\x{301}e\x{301}e\x{301}e\x{301}e\x{301}e\x{301}e\x{301}e\x{301}e\x{301}e\x{301}e\x{301}e\x{301}e\x{301}e\x{301}e\x{301}e\x{301}e\x{301}e\x{301}e\x{301}e\x{301}e\x{301}e\x{301}e\x{301}e\x{301} e\x{301} e\x{301}e\x{301}e\x{301}e\x{301}e\x{301}e\x{301}e\x{301}e\x{301}e\x{301}e\x{301}e\x{301}e\x{301}e\x{301}e\x{301}e\x{301}e\x{301}e\x{301}e\x{301}e\x{301}e\x{301}e\x{301}e\x{301}e\x{301}e\x{301}e\x{301}e\x{301}e\x{301}e\x{301}e\x{301}e\x{301}e\x{301}e\x{301}e\x{301}e\x{301}e\x{301}e\x{301}e\x{301}e\x{301}e\x{301}e\x{301}e\x{301}e\x{301}e\x{301} e\x{301}e\x{301}e\x{301}e\x{301}e\x{301}e\x{301}e\x{301}e\x{301}e\x{301}e\x{301}e\x{301}e\x{301}e\x{301}e\x{301}e\x{301}e\x{301}e\x{301}e\x{301}e\x{301}e\x{301}e\x{301}e\x{301}e\x{301}e\x{301}e\x{301}e\x{301}e\x{301}e\x{301}e\x{301}e\x{301} e\x{301}e\x{301}e\x{301}e\x{301}e\x{301}e\x{301}e\x{301}e\x{301}e\x{301}e\x{301}e\x{301}e\x{301}e\x{301}e\x{301}e\x{301}e\x{301}e\x{301}e\x{301}e\x{301}e\x{301}e\x{301}e\x{301}"
          text run at (1040,5040) width 0: " "
          text run at (0,5055) width 1040: "e\x{301}e\x{301}e\x{301}e\x{301}e\x{301}e\x{301}e\x{301}e\x{301}e\x{301}e\x{301}e\x{301}e\x{301}e\x{301}e\x{301}e\x{301}e\x{301}e\x{301}e\x{301}e\x{301}e\x{301}e\x{301}e\x{301}e\x{301}e\x{301}e\x{301}e\x{301}e\x{301}e\x{301}e\x{301}e\x{301}e\x{301}e\x{301} e\x{301} e\x{301}e\x{301}e\x{301}e\x{301}e\x{301}e\x{301}e\x{301}e\x{301}e\x{301}e\x{301}e\x{301}e\x{301}e\x{301}e\x{301}e\x{301}e\x{301}e\x{301}e\x{301}e\x{301}e\x{301}e\x{301}e\x{301}e\x{301}e\x{301}e\x{301}e\x{301}e\x{301}e\x{301}e\x{301}e\x{301}e\x{301}e\x{301}e\x{301}e\x{301}e\x{301}e\x{301}e\x{301}e\x{301}e\x{301}e\x{301}e\x{301}e\x{301}e\x{301} e\x{301}e\x{301}e\x{301}e\x{301}e\x{301}e\x{301}e\x{301}e\x{301}e\x{301}e\x{301}e\x{301}e\x{301}e\x{301}e\x{301}e\x{301}e\x{301}e\x{301}e\x{301}e\x{301}e\x{301}e\x{301}e\x{301}e\x{301}e\x{301}e\x{301}e\x{301}e\x{301}e\x{301}e\x{301}e\x{301} e\x{301}e\x{301}e\x{301}e\x{301}e\x{301}e\x{301}e\x{301}e\x{301}e\x{301}e\x{301}e\x{301}e\x{301}e\x{301}e\x{301}e\x{301}e\x{301}e\x{301}e\x{301}e\x{301}e\x{301}e\x{301}e\x{301}"
          text run at (1040,5055) width 0: " "
          text run at (0,5070) width 1040: "e\x{301}e\x{301}e\x{301}e\x{301}e\x{301}e\x{301}e\x{301}e\x{301}e\x{301}e\x{301}e\x{301}e\x{301}e\x{301}e\x{301}e\x{301}e\x{301}e\x{301}e\x{301}e\x{301}e\x{301}e\x{301}e\x{301}e\x{301}e\x{301}e\x{301}e\x{301}e\x{301}e\x{301}e\x{301}e\x{301}e\x{301}e\x{301} e\x{301} e\x{301}e\x{301}e\x{301}e\x{301}e\x{301}e\x{301}e\x{301}e\x{301}e\x{301}e\x{301}e\x{301}e\x{301}e\x{301}e\x{301}e\x{301}e\x{301}e\x{301}e\x{301}e\x{301}e\x{301}e\x{301}e\x{301}e\x{301}e\x{301}e\x{301}e\x{301}e\x{301}e\x{301}e\x{301}e\x{301}e\x{301}e\x{301}e\x{301}e\x{301}e\x{301}e\x{301}e\x{301}e\x{301}e\x{301}e\x{301}e\x{301}e\x{301}e\x{301} e\x{301}e\x{301}e\x{301}e\x{301}e\x{301}e\x{301}e\x{301}e\x{301}e\x{301}e\x{301}e\x{301}e\x{301}e\x{301}e\x{301}e\x{301}e\x{301}e\x{301}e\x{301}e\x{301}e\x{301}e\x{301}e\x{301}e\x{301}e\x{301}e\x{301}e\x{301}e\x{301}e\x{301}e\x{301}e\x{301} e\x{301}e\x{301}e\x{301}e\x{301}e\x{301}e\x{301}e\x{301}e\x{301}e\x{301}e\x{301}e\x{301}e\x{301}e\x{301}e\x{301}e\x{301}e\x{301}e\x{301}e\x{301}e\x{301}e\x{301}e\x{301}e\x{301}"
          text run at (1040,5070) width 0: " "
          text run at (0,5085) width 1040: "e\x{301}e\x{301}e\x{301}e\x{301}e\x{301}e\x{301}e\x{301}e\x{301}e\x{301}e\x{301}e\x{301}e\x{301}e\x{301}e\x{301}e\x{301}e\x{301}e\x{301}e\x{301}e\x{301}e\x{301}e\x{301}e\x{301}e\x{301}e\x{301}e\x{301}e\x{301}e\x{301}e\x{301}e\x{301}e\x{301}e\x{301}e\x{301} e\x{301} e\x{301}e\x{301}e\x{301}e\x{301}e\x{301}e\x{301}e\x{301}e\x{301}e\x{301}e\x{301}e\x{301}e\x{301}e\x{301}e\x{301}e\x{301}e\x{301}e\x{301}e\x{301}e\x{301}e\x{301}e\x{301}e\x{301}e\x{301}e\x{301}e\x{301}e\x{301}e\x{301}e\x{301}e\x{301}e\x{301}e\x{301}e\x{301}e\x{301}e\x{301}e\x{301}e\x{301}e\x{301}e\x{301}e\x{301}e\x{301}e\x{301}e\x{301}e\x{301} e\x{301}e\x{301}e\x{301}e\x{301}e\x{301}e\x{301}e\x{301}e\x{301}e\x{301}e\x{301}e\x{301}e\x{301}e\x{301}e\x{301}e\x{301}e\x{301}e\x{301}e\x{301}e\x{301}e\x{301}e\x{301}e\x{301}e\x{301}e\x{301}e\x{301}e\x{301}e\x{301}e\x{301}e\x{301}e\x{301} e\x{301}e\x{301}e\x{301}e\x{301}e\x{301}e\x{301}e\x{301}e\x{301}e\x{301}e\x{301}e\x{301}e\x{301}e\x{301}e\x{301}e\x{301}e\x{301}e\x{301}e\x{301}e\x{301}e\x{301}e\x{301}e\x{301}"
          text run at (1040,5085) width 0: " "
          text run at (0,5100) width 1040: "e\x{301}e\x{301}e\x{301}e\x{301}e\x{301}e\x{301}e\x{301}e\x{301}e\x{301}e\x{301}e\x{301}e\x{301}e\x{301}e\x{301}e\x{301}e\x{301}e\x{301}e\x{301}e\x{301}e\x{301}e\x{301}e\x{301}e\x{301}e\x{301}e\x{301}e\x{301}e\x{301}e\x{301}e\x{301}e\x{301}e\x{301}e\x{301} e\x{301} e\x{301}e\x{301}e\x{301}e\x{301}e\x{301}e\x{301}e\x{301}e\x{301}e\x{301}e\x{301}e\x{301}e\x{301}e\x{301}e\x{301}e\x{301}e\x{301}e\x{301}e\x{301}e\x{301}e\x{301}e\x{301}e\x{301}e\x{301}e\x{301}e\x{301}e\x{301}e\x{301}e\x{301}e\x{301}e\x{301}e\x{301}e\x{301}e\x{301}e\x{301}e\x{301}e\x{301}e\x{301}e\x{301}e\x{301}e\x{301}e\x{301}e\x{301}e\x{301} e\x{301}e\x{301}e\x{301}e\x{301}e\x{301}e\x{301}e\x{301}e\x{301}e\x{301}e\x{301}e\x{301}e\x{301}e\x{301}e\x{301}e\x{301}e\x{301}e\x{301}e\x{301}e\x{301}e\x{301}e\x{301}e\x{301}e\x{301}e\x{301}e\x{301}e\x{301}e\x{301}e\x{301}e\x{301}e\x{301} e\x{301}e\x{301}e\x{301}e\x{301}e\x{301}e\x{301}e\x{301}e\x{301}e\x{301}e\x{301}e\x{301}e\x{301}e\x{301}e\x{301}e\x{301}e\x{301}e\x{301}e\x{301}e\x{301}e\x{301}e\x{301}e\x{301}"
          text run at (1040,5100) width 0: " "
          text run at (0,5115) width 1040: "e\x{301}e\x{301}e\x{301}e\x{301}e\x{301}e\x{301}e\x{301}e\x{301}e\x{301}e\x{301}e\x{301}e\x{301}e\x{301}e\x{301}e\x{301}e\x{301}e\x{301}e\x{301}e\x{301}e\x{301}e\x{301}e\x{301}e\x{301}e\x{301}e\x{301}e\x{301}e\x{301}e\x{301}e\x{301}e\x{301}e\x{301}e\x{301} e\x{301} e\x{301}e\x{301}e\x{301}e\x{301}e\x{301}e\x{301}e\x{301}e\x{301}e\x{301}e\x{301}e\x{301}e\x{301}e\x{301}e\x{301}e\x{301}e\x{301}e\x{301}e\x{301}e\x{301}e\x{301}e\x{301}e\x{301}e\x{301}e\x{301}e\x{301}e\x{301}e\x{301}e\x{301}e\x{301}e\x{301}e\x{301}e\x{301}e\x{301}e\x{301}e\x{301}e\x{301}e\x{301}e\x{301}e\x{301}e\x{301}e\x{301}e\x{301}e\x{301} e\x{301}e\x{301}e\x{301}e\x{301}e\x{301}e\x{301}e\x{301}e\x{301}e\x{301}e\x{301}e\x{301}e\x{301}e\x{301}e\x{301}e\x{301}e\x{301}e\x{301}e\x{301}e\x{301}e\x{301}e\x{301}e\x{301}e\x{301}e\x{301}e\x{301}e\x{301}e\x{301}e\x{301}e\x{301}e\x{301} e\x{301}e\x{301}e\x{301}e\x{301}e\x{301}e\x{301}e\x{301}e\x{301}e\x{301}e\x{301}e\x{301}e\x{301}e\x{301}e\x{301}e\x{301}e\x{301}e\x{301}e\x{301}e\x{301}e\x{301}e\x{301}e\x{301}"
          text run at (1040,5115) width 0: " "
          text run at (0,5130) width 1040: "e\x{301}e\x{301}e\x{301}e\x{301}e\x{301}e\x{301}e\x{301}e\x{301}e\x{301}e\x{301}e\x{301}e\x{301}e\x{301}e\x{301}e\x{301}e\x{301}e\x{301}e\x{301}e\x{301}e\x{301}e\x{301}e\x{301}e\x{301}e\x{301}e\x{301}e\x{301}e\x{301}e\x{301}e\x{301}e\x{301}e\x{301}e\x{301} e\x{301} e\x{301}e\x{301}e\x{301}e\x{301}e\x{301}e\x{301}e\x{301}e\x{301}e\x{301}e\x{301}e\x{301}e\x{301}e\x{301}e\x{301}e\x{301}e\x{301}e\x{301}e\x{301}e\x{301}e\x{301}e\x{301}e\x{301}e\x{301}e\x{301}e\x{301}e\x{301}e\x{301}e\x{301}e\x{301}e\x{301}e\x{301}e\x{301}e\x{301}e\x{301}e\x{301}e\x{301}e\x{301}e\x{301}e\x{301}e\x{301}e\x{301}e\x{301}e\x{301} e\x{301}e\x{301}e\x{301}e\x{301}e\x{301}e\x{301}e\x{301}e\x{301}e\x{301}e\x{301}e\x{301}e\x{301}e\x{301}e\x{301}e\x{301}e\x{301}e\x{301}e\x{301}e\x{301}e\x{301}e\x{301}e\x{301}e\x{301}e\x{301}e\x{301}e\x{301}e\x{301}e\x{301}e\x{301}e\x{301} e\x{301}e\x{301}e\x{301}e\x{301}e\x{301}e\x{301}e\x{301}e\x{301}e\x{301}e\x{301}e\x{301}e\x{301}e\x{301}e\x{301}e\x{301}e\x{301}e\x{301}e\x{301}e\x{301}e\x{301}e\x{301}e\x{301}"
          text run at (1040,5130) width 0: " "
          text run at (0,5145) width 1040: "e\x{301}e\x{301}e\x{301}e\x{301}e\x{301}e\x{301}e\x{301}e\x{301}e\x{301}e\x{301}e\x{301}e\x{301}e\x{301}e\x{301}e\x{301}e\x{301}e\x{301}e\x{301}e\x{301}e\x{301}e\x{301}e\x{301}e\x{301}e\x{301}e\x{301}e\x{301}e\x{301}e\x{301}e\x{301}e\x{301}e\x{301}e\x{301} e\x{301} e\x{301}e\x{301}e\x{301}e\x{301}e\x{301}e\x{301}e\x{301}e\x{301}e\x{301}e\x{301}e\x{301}e\x{301}e\x{301}e\x{301}e\x{301}e\x{301}e\x{301}e\x{301}e\x{301}e\x{301}e\x{301}e\x{301}e\x{301}e\x{301}e\x{301}e\x{301}e\x{301}e\x{301}e\x{301}e\x{301}e\x{301}e\x{301}e\x{301}e\x{301}e\x{301}e\x{301}e\x{301}e\x{301}e\x{301}e\x{301}e\x{301}e\x{301}e\x{301} e\x{301}e\x{301}e\x{301}e\x{301}e\x{301}e\x{301}e\x{301}e\x{301}e\x{301}e\x{301}e\x{301}e\x{301}e\x{301}e\x{301}e\x{301}e\x{301}e\x{301}e\x{301}e\x{301}e\x{301}e\x{301}e\x{301}e\x{301}e\x{301}e\x{301}e\x{301}e\x{301}e\x{301}e\x{301}e\x{301} e\x{301}e\x{301}e\x{301}e\x{301}e\x{301}e\x{301}e\x{301}e\x{301}e\x{301}e\x{301}e\x{301}e\x{301}e\x{301}e\x{301}e\x{301}e\x{301}e\x{301}e\x{301}e\x{301}e\x{301}e\x{301}e\x{301}"
          text run at (1040,5145) width 0: " "
          text run at (0,5160) width 1040: "e\x{301}e\x{301}e\x{301}e\x{301}e\x{301}e\x{301}e\x{301}e\x{301}e\x{301}e\x{301}e\x{301}e\x{301}e\x{301}e\x{301}e\x{301}e\x{301}e\x{301}e\x{301}e\x{301}e\x{301}e\x{301}e\x{301}e\x{301}e\x{301}e\x{301}e\x{301}e\x{301}e\x{301}e\x{301}e\x{301}e\x{301}e\x{301} e\x{301} e\x{301}e\x{301}e\x{301}e\x{301}e\x{301}e\x{301}e\x{301}e\x{301}e\x{301}e\x{301}e\x{301}e\x{301}e\x{301}e\x{301}e\x{301}e\x{301}e\x{301}e\x{301}e\x{301}e\x{301}e\x{301}e\x{301}e\x{301}e\x{301}e\x{301}e\x{301}e\x{301}e\x{301}e\x{301}e\x{301}e\x{301}e\x{301}e\x{301}e\x{301}e\x{301}e\x{301}e\x{301}e\x{301}e\x{301}e\x{301}e\x{301}e\x{301}e\x{301} e\x{301}e\x{301}e\x{301}e\x{301}e\x{301}e\x{301}e\x{301}e\x{301}e\x{301}e\x{301}e\x{301}e\x{301}e\x{301}e\x{301}e\x{301}e\x{301}e\x{301}e\x{301}e\x{301}e\x{301}e\x{301}e\x{301}e\x{301}e\x{301}e\x{301}e\x{301}e\x{301}e\x{301}e\x{301}e\x{301} e\x{301}e\x{301}e\x{301}e\x{301}e\x{301}e\x{301}e\x{301}e\x{301}e\x{301}e\x{301}e\x{301}e\x{301}e\x{301}e\x{301}e\x{301}e\x{301}e\x{301}e\x{301}e\x{301}e\x{301}e\x{301}e\x{301}"
          text run at (1040,5160) width 0: " "
          text run at (0,5175) width 1040: "e\x{301}e\x{301}e\x{301}e\x{301}e\x{301}e\x{301}e\x{301}e\x{301}e\x{301}e\x{301}e\x{301}e\x{301}e\x{301}e\x{301}e\x{301}e\x{301}e\x{301}e\x{301}e\x{301}e\x{301}e\x{301}e\x{301}e\x{301}e\x{301}e\x{301}e\x{301}e\x{301}e\x{301}e\x{301}e\x{301}e\x{301}e\x{301} e\x{301} e\x{301}e\x{301}e\x{301}e\x{301}e\x{301}e\x{301}e\x{301}e\x{301}e\x{301}e\x{301}e\x{301}e\x{301}e\x{301}e\x{301}e\x{301}e\x{301}e\x{301}e\x{301}e\x{301}e\x{301}e\x{301}e\x{301}e\x{301}e\x{301}e\x{301}e\x{301}e\x{301}e\x{301}e\x{301}e\x{301}e\x{301}e\x{301}e\x{301}e\x{301}e\x{301}e\x{301}e\x{301}e\x{301}e\x{301}e\x{301}e\x{301}e\x{301}e\x{301} e\x{301}e\x{301}e\x{301}e\x{301}e\x{301}e\x{301}e\x{301}e\x{301}e\x{301}e\x{301}e\x{301}e\x{301}e\x{301}e\x{301}e\x{301}e\x{301}e\x{301}e\x{301}e\x{301}e\x{301}e\x{301}e\x{301}e\x{301}e\x{301}e\x{301}e\x{301}e\x{301}e\x{301}e\x{301}e\x{301} e\x{301}e\x{301}e\x{301}e\x{301}e\x{301}e\x{301}e\x{301}e\x{301}e\x{301}e\x{301}e\x{301}e\x{301}e\x{301}e\x{301}e\x{301}e\x{301}e\x{301}e\x{301}e\x{301}e\x{301}e\x{301}e\x{301}"
          text run at (1040,5175) width 0: " "
          text run at (0,5190) width 1040: "e\x{301}e\x{301}e\x{301}e\x{301}e\x{301}e\x{301}e\x{301}e\x{301}e\x{301}e\x{301}e\x{301}e\x{301}e\x{301}e\x{301}e\x{301}e\x{301}e\x{301}e\x{301}e\x{301}e\x{301}e\x{301}e\x{301}e\x{301}e\x{301}e\x{301}e\x{301}e\x{301}e\x{301}e\x{301}e\x{301}e\x{301}e\x{301} e\x{301} e\x{301}e\x{301}e\x{301}e\x{301}e\x{301}e\x{301}e\x{301}e\x{301}e\x{301}e\x{301}e\x{301}e\x{301}e\x{301}e\x{301}e\x{301}e\x{301}e\x{301}e\x{301}e\x{301}e\x{301}e\x{301}e\x{301}e\x{301}e\x{301}e\x{301}e\x{301}e\x{301}e\x{301}e\x{301}e\x{301}e\x{301}e\x{301}e\x{301}e\x{301}e\x{301}e\x{301}e\x{301}e\x{301}e\x{301}e\x{301}e\x{301}e\x{301}e\x{301} e\x{301}e\x{301}e\x{301}e\x{301}e\x{301}e\x{301}e\x{301}e\x{301}e\x{301}e\x{301}e\x{301}e\x{301}e\x{301}e\x{301}e\x{301}e\x{301}e\x{301}e\x{301}e\x{301}e\x{301}e\x{301}e\x{301}e\x{301}e\x{301}e\x{301}e\x{301}e\x{301}e\x{301}e\x{301}e\x{301} e\x{301}e\x{301}e\x{301}e\x{301}e\x{301}e\x{301}e\x{301}e\x{301}e\x{301}e\x{301}e\x{301}e\x{301}e\x{301}e\x{301}e\x{301}e\x{301}e\x{301}e\x{301}e\x{301}e\x{301}e\x{301}e\x{301}"
          text run at (1040,5190) width 0: " "
          text run at (0,5205) width 1040: "e\x{301}e\x{301}e\x{301}e\x{301}e\x{301}e\x{301}e\x{301}e\x{301}e\x{301}e\x{301}e\x{301}e\x{301}e\x{301}e\x{301}e\x{301}e\x{301}e\x{301}e\x{301}e\x{301}e\x{301}e\x{301}e\x{301}e\x{301}e\x{301}e\x{301}e\x{301}e\x{301}e\x{301}e\x{301}e\x{301}e\x{301}e\x{301} e\x{301} e\x{301}e\x{301}e\x{301}e\x{301}e\x{301}e\x{301}e\x{301}e\x{301}e\x{301}e\x{301}e\x{301}e\x{301}e\x{301}e\x{301}e\x{301}e\x{301}e\x{301}e\x{301}e\x{301}e\x{301}e\x{301}e\x{301}e\x{301}e\x{301}e\x{301}e\x{301}e\x{301}e\x{301}e\x{301}e\x{301}e\x{301}e\x{301}e\x{301}e\x{301}e\x{301}e\x{301}e\x{301}e\x{301}e\x{301}e\x{301}e\x{301}e\x{301}e\x{301} e\x{301}e\x{301}e\x{301}e\x{301}e\x{301}e\x{301}e\x{301}e\x{301}e\x{301}e\x{301}e\x{301}e\x{301}e\x{301}e\x{301}e\x{301}e\x{301}e\x{301}e\x{301}e\x{301}e\x{301}e\x{301}e\x{301}e\x{301}e\x{301}e\x{301}e\x{301}e\x{301}e\x{301}e\x{301}e\x{301} e\x{301}e\x{301}e\x{301}e\x{301}e\x{301}e\x{301}e\x{301}e\x{301}e\x{301}e\x{301}e\x{301}e\x{301}e\x{301}e\x{301}e\x{301}e\x{301}e\x{301}e\x{301}e\x{301}e\x{301}e\x{301}e\x{301}"
          text run at (1040,5205) width 0: " "
          text run at (0,5220) width 1040: "e\x{301}e\x{301}e\x{301}e\x{301}e\x{301}e\x{301}e\x{301}e\x{301}e\x{301}e\x{301}e\x{301}e\x{301}e\x{301}e\x{301}e\x{301}e\x{301}e\x{301}e\x{301}e\x{301}e\x{301}e\x{301}e\x{301}e\x{301}e\x{301}e\x{301}e\x{301}e\x{301}e\x{301}e\x{301}e\x{301}e\x{301}e\x{301} e\x{301} e\x{301}e\x{301}e\x{301}e\x{301}e\x{301}e\x{301}e\x{301}e\x{301}e\x{301}e\x{301}e\x{301}e\x{301}e\x{301}e\x{301}e\x{301}e\x{301}e\x{301}e\x{301}e\x{301}e\x{301}e\x{301}e\x{301}e\x{301}e\x{301}e\x{301}e\x{301}e\x{301}e\x{301}e\x{301}e\x{301}e\x{301}e\x{301}e\x{301}e\x{301}e\x{301}e\x{301}e\x{301}e\x{301}e\x{301}e\x{301}e\x{301}e\x{301}e\x{301} e\x{301}e\x{301}e\x{301}e\x{301}e\x{301}e\x{301}e\x{301}e\x{301}e\x{301}e\x{301}e\x{301}e\x{301}e\x{301}e\x{301}e\x{301}e\x{301}e\x{301}e\x{301}e\x{301}e\x{301}e\x{301}e\x{301}e\x{301}e\x{301}e\x{301}e\x{301}e\x{301}e\x{301}e\x{301}e\x{301} e\x{301}e\x{301}e\x{301}e\x{301}e\x{301}e\x{301}e\x{301}e\x{301}e\x{301}e\x{301}e\x{301}e\x{301}e\x{301}e\x{301}e\x{301}e\x{301}e\x{301}e\x{301}e\x{301}e\x{301}e\x{301}e\x{301}"
          text run at (1040,5220) width 0: " "
          text run at (0,5235) width 1040: "e\x{301}e\x{301}e\x{301}e\x{301}e\x{301}e\x{301}e\x{301}e\x{301}e\x{301}e\x{301}e\x{301}e\x{301}e\x{301}e\x{301}e\x{301}e\x{301}e\x{301}e\x{301}e\x{301}e\x{301}e\x{301}e\x{301}e\x{301}e\x{301}e\x{301}e\x{301}e\x{301}e\x{301}e\x{301}e\x{301}e\x{301}e\x{301} e\x{301} e\x{301}e\x{301}e\x{301}e\x{301}e\x{301}e\x{301}e\x{301}e\x{301}e\x{301}e\x{301}e\x{301}e\x{301}e\x{301}e\x{301}e\x{301}e\x{301}e\x{301}e\x{301}e\x{301}e\x{301}e\x{301}e\x{301}e\x{301}e\x{301}e\x{301}e\x{301}e\x{301}e\x{301}e\x{301}e\x{301}e\x{301}e\x{301}e\x{301}e\x{301}e\x{301}e\x{301}e\x{301}e\x{301}e\x{301}e\x{301}e\x{301}e\x{301}e\x{301} e\x{301}e\x{301}e\x{301}e\x{301}e\x{301}e\x{301}e\x{301}e\x{301}e\x{301}e\x{301}e\x{301}e\x{301}e\x{301}e\x{301}e\x{301}e\x{301}e\x{301}e\x{301}e\x{301}e\x{301}e\x{301}e\x{301}e\x{301}e\x{301}e\x{301}e\x{301}e\x{301}e\x{301}e\x{301}e\x{301} e\x{301}e\x{301}e\x{301}e\x{301}e\x{301}e\x{301}e\x{301}e\x{301}e\x{301}e\x{301}e\x{301}e\x{301}e\x{301}e\x{301}e\x{301}e\x{301}e\x{301}e\x{301}e\x{301}e\x{301}e\x{301}e\x{301}"
          text run at (1040,5235) width 0: " "
          text run at (0,5250) width 1040: "e\x{301}e\x{301}e\x{301}e\x{301}e\x{301}e\x{301}e\x{301}e\x{301}e\x{301}e\x{301}e\x{301}e\x{301}e\x{301}e\x{301}e\x{301}e\x{301}e\x{301}e\x{301}e\x{301}e\x{301}e\x{301}e\x{301}e\x{301}e\x{301}e\x{301}e\x{301}e\x{301}e\x{301}e\x{301}e\x{301}e\x{301}e\x{301} e\x{301} e\x{301}e\x{301}e\x{301}e\x{301}e\x{301}e\x{301}e\x{301}e\x{301}e\x{301}e\x{301}e\x{301}e\x{301}e\x{301}e\x{301}e\x{301}e\x{301}e\x{301}e\x{301}e\x{301}e\x{301}e\x{301}e\x{301}e\x{301}e\x{301}e\x{301}e\x{301}e\x{301}e\x{301}e\x{301}e\x{301}e\x{301}e\x{301}e\x{301}e\x{301}e\x{301}e\x{301}e\x{301}e\x{301}e\x{301}e\x{301}e\x{301}e\x{301}e\x{301} e\x{301}e\x{301}e\x{301}e\x{301}e\x{301}e\x{301}e\x{301}e\x{301}e\x{301}e\x{301}e\x{301}e\x{301}e\x{301}e\x{301}e\x{301}e\x{301}e\x{301}e\x{301}e\x{301}e\x{301}e\x{301}e\x{301}e\x{301}e\x{301}e\x{301}e\x{301}e\x{301}e\x{301}e\x{301}e\x{301} e\x{301}e\x{301}e\x{301}e\x{301}e\x{301}e\x{301}e\x{301}e\x{301}e\x{301}e\x{301}e\x{301}e\x{301}e\x{301}e\x{301}e\x{301}e\x{301}e\x{301}e\x{301}e\x{301}e\x{301}e\x{301}e\x{301}"
          text run at (1040,5250) width 0: " "
          text run at (0,5265) width 1040: "e\x{301}e\x{301}e\x{301}e\x{301}e\x{301}e\x{301}e\x{301}e\x{301}e\x{301}e\x{301}e\x{301}e\x{301}e\x{301}e\x{301}e\x{301}e\x{301}e\x{301}e\x{301}e\x{301}e\x{301}e\x{301}e\x{301}e\x{301}e\x{301}e\x{301}e\x{301}e\x{301}e\x{301}e\x{301}e\x{301}e\x{301}e\x{301} e\x{301} e\x{301}e\x{301}e\x{301}e\x{301}e\x{301}e\x{301}e\x{301}e\x{301}e\x{301}e\x{301}e\x{301}e\x{301}e\x{301}e\x{301}e\x{301}e\x{301}e\x{301}e\x{301}e\x{301}e\x{301}e\x{301}e\x{301}e\x{301}e\x{301}e\x{301}e\x{301}e\x{301}e\x{301}e\x{301}e\x{301}e\x{301}e\x{301}e\x{301}e\x{301}e\x{301}e\x{301}e\x{301}e\x{301}e\x{301}e\x{301}e\x{301}e\x{301}e\x{301} e\x{301}e\x{301}e\x{301}e\x{301}e\x{301}e\x{301}e\x{301}e\x{301}e\x{301}e\x{301}e\x{301}e\x{301}e\x{301}e\x{301}e\x{301}e\x{301}e\x{301}e\x{301}e\x{301}e\x{301}e\x{301}e\x{301}e\x{301}e\x{301}e\x{301}e\x{301}e\x{301}e\x{301}e\x{301}e\x{301} e\x{301}e\x{301}e\x{301}e\x{301}e\x{301}e\x{301}e\x{301}e\x{301}e\x{301}e\x{301}e\x{301}e\x{301}e\x{301}e\x{301}e\x{301}e\x{301}e\x{301}e\x{301}e\x{301}e\x{301}e\x{301}e\x{301}"
          text run at (1040,5265) width 0: " "
          text run at (0,5280) width 1040: "e\x{301}e\x{301}e\x{301}e\x{301}e\x{301}e\x{301}e\x{301}e\x{301}e\x{301}e\x{301}e\x{301}e\x{301}e\x{301}e\x{301}e\x{301}e\x{301}e\x{301}e\x{301}e\x{301}e\x{301}e\x{301}e\x{301}e\x{301}e\x{301}e\x{301}e\x{301}e\x{301}e\x{301}e\x{301}e\x{301}e\x{301}e\x{301} e\x{301} e\x{301}e\x{301}e\x{301}e\x{301}e\x{301}e\x{301}e\x{301}e\x{301}e\x{301}e\x{301}e\x{301}e\x{301}e\x{301}e\x{301}e\x{301}e\x{301}e\x{301}e\x{301}e\x{301}e\x{301}e\x{301}e\x{301}e\x{301}e\x{301}e\x{301}e\x{301}e\x{301}e\x{301}e\x{301}e\x{301}e\x{301}e\x{301}e\x{301}e\x{301}e\x{301}e\x{301}e\x{301}e\x{301}e\x{301}e\x{301}e\x{301}e\x{301}e\x{301} e\x{301}e\x{301}e\x{301}e\x{301}e\x{301}e\x{301}e\x{301}e\x{301}e\x{301}e\x{301}e\x{301}e\x{301}e\x{301}e\x{301}e\x{301}e\x{301}e\x{301}e\x{301}e\x{301}e\x{301}e\x{301}e\x{301}e\x{301}e\x{301}e\x{301}e\x{301}e\x{301}e\x{301}e\x{301}e\x{301} e\x{301}e\x{301}e\x{301}e\x{301}e\x{301}e\x{301}e\x{301}e\x{301}e\x{301}e\x{301}e\x{301}e\x{301}e\x{301}e\x{301}e\x{301}e\x{301}e\x{301}e\x{301}e\x{301}e\x{301}e\x{301}e\x{301}"
          text run at (1040,5280) width 0: " "
          text run at (0,5295) width 1040: "e\x{301}e\x{301}e\x{301}e\x{301}e\x{301}e\x{301}e\x{301}e\x{301}e\x{301}e\x{301}e\x{301}e\x{301}e\x{301}e\x{301}e\x{301}e\x{301}e\x{301}e\x{301}e\x{301}e\x{301}e\x{301}e\x{301}e\x{301}e\x{301}e\x{301}e\x{301}e\x{301}e\x{301}e\x{301}e\x{301}e\x{301}e\x{301} e\x{301} e\x{301}e\x{301}e\x{301}e\x{301}e\x{301}e\x{301}e\x{301}e\x{301}e\x{301}e\x{301}e\x{301}e\x{301}e\x{301}e\x{301}e\x{301}e\x{301}e\x{301}e\x{301}e\x{301}e\x{301}e\x{301}e\x{301}e\x{301}e\x{301}e\x{301}e\x{301}e\x{301}e\x{301}e\x{301}e\x{301}e\x{301}e\x{301}e\x{301}e\x{301}e\x{301}e\x{301}e\x{301}e\x{301}e\x{301}e\x{301}e\x{301}e\x{301}e\x{301} e\x{301}e\x{301}e\x{301}e\x{301}e\x{301}e\x{301}e\x{301}e\x{301}e\x{301}e\x{301}e\x{301}e\x{301}e\x{301}e\x{301}e\x{301}e\x{301}e\x{301}e\x{301}e\x{301}e\x{301}e\x{301}e\x{301}e\x{301}e\x{301}e\x{301}e\x{301}e\x{301}e\x{301}e\x{301}e\x{301} e\x{301}e\x{301}e\x{301}e\x{301}e\x{301}e\x{301}e\x{301}e\x{301}e\x{301}e\x{301}e\x{301}e\x{301}e\x{301}e\x{301}e\x{301}e\x{301}e\x{301}e\x{301}e\x{301}e\x{301}e\x{301}e\x{301}"
          text run at (1040,5295) width 0: " "
          text run at (0,5310) width 1040: "e\x{301}e\x{301}e\x{301}e\x{301}e\x{301}e\x{301}e\x{301}e\x{301}e\x{301}e\x{301}e\x{301}e\x{301}e\x{301}e\x{301}e\x{301}e\x{301}e\x{301}e\x{301}e\x{301}e\x{301}e\x{301}e\x{301}e\x{301}e\x{301}e\x{301}e\x{301}e\x{301}e\x{301}e\x{301}e\x{301}e\x{301}e\x{301} e\x{301} e\x{301}e\x{301}e\x{301}e\x{301}e\x{301}e\x{301}e\x{301}e\x{301}e\x{301}e\x{301}e\x{301}e\x{301}e\x{301}e\x{301}e\x{301}e\x{301}e\x{301}e\x{301}e\x{301}e\x{301}e\x{301}e\x{301}e\x{301}e\x{301}e\x{301}e\x{301}e\x{301}e\x{301}e\x{301}e\x{301}e\x{301}e\x{301}e\x{301}e\x{301}e\x{301}e\x{301}e\x{301}e\x{301}e\x{301}e\x{301}e\x{301}e\x{301}e\x{301} e\x{301}e\x{301}e\x{301}e\x{301}e\x{301}e\x{301}e\x{301}e\x{301}e\x{301}e\x{301}e\x{301}e\x{301}e\x{301}e\x{301}e\x{301}e\x{301}e\x{301}e\x{301}e\x{301}e\x{301}e\x{301}e\x{301}e\x{301}e\x{301}e\x{301}e\x{301}e\x{301}e\x{301}e\x{301}e\x{301} e\x{301}e\x{301}e\x{301}e\x{301}e\x{301}e\x{301}e\x{301}e\x{301}e\x{301}e\x{301}e\x{301}e\x{301}e\x{301}e\x{301}e\x{301}e\x{301}e\x{301}e\x{301}e\x{301}e\x{301}e\x{301}e\x{301}"
          text run at (1040,5310) width 0: " "
          text run at (0,5325) width 1040: "e\x{301}e\x{301}e\x{301}e\x{301}e\x{301}e\x{301}e\x{301}e\x{301}e\x{301}e\x{301}e\x{301}e\x{301}e\x{301}e\x{301}e\x{301}e\x{301}e\x{301}e\x{301}e\x{301}e\x{301}e\x{301}e\x{301}e\x{301}e\x{301}e\x{301}e\x{301}e\x{301}e\x{301}e\x{301}e\x{301}e\x{301}e\x{301} e\x{301} e\x{301}e\x{301}e\x{301}e\x{301}e\x{301}e\x{301}e\x{301}e\x{301}e\x{301}e\x{301}e\x{301}e\x{301}e\x{301}e\x{301}e\x{301}e\x{301}e\x{301}e\x{301}e\x{301}e\x{301}e\x{301}e\x{301}e\x{301}e\x{301}e\x{301}e\x{301}e\x{301}e\x{301}e\x{301}e\x{301}e\x{301}e\x{301}e\x{301}e\x{301}e\x{301}e\x{301}e\x{301}e\x{301}e\x{301}e\x{301}e\x{301}e\x{301}e\x{301} e\x{301}e\x{301}e\x{301}e\x{301}e\x{301}e\x{301}e\x{301}e\x{301}e\x{301}e\x{301}e\x{301}e\x{301}e\x{301}e\x{301}e\x{301}e\x{301}e\x{301}e\x{301}e\x{301}e\x{301}e\x{301}e\x{301}e\x{301}e\x{301}e\x{301}e\x{301}e\x{301}e\x{301}e\x{301}e\x{301} e\x{301}e\x{301}e\x{301}e\x{301}e\x{301}e\x{301}e\x{301}e\x{301}e\x{301}e\x{301}e\x{301}e\x{301}e\x{301}e\x{301}e\x{301}e\x{301}e\x{301}e\x{301}e\x{301}e\x{301}e\x{301}e\x{301}"
          text run at (1040,5325) width 0: " "
          text run at (0,5340) width 1040: "e\x{301}e\x{301}e\x{301}e\x{301}e\x{301}e\x{301}e\x{301}e\x{301}e\x{301}e\x{301}e\x{301}e\x{301}e\x{301}e\x{301}e\x{301}e\x{301}e\x{301}e\x{301}e\x{301}e\x{301}e\x{301}e\x{301}e\x{301}e\x{301}e\x{301}e\x{301}e\x{301}e\x{301}e\x{301}e\x{301}e\x{301}e\x{301} e\x{301} e\x{301}e\x{301}e\x{301}e\x{301}e\x{301}e\x{301}e\x{301}e\x{301}e\x{301}e\x{301}e\x{301}e\x{301}e\x{301}e\x{301}e\x{301}e\x{301}e\x{301}e\x{301}e\x{301}e\x{301}e\x{301}e\x{301}e\x{301}e\x{301}e\x{301}e\x{301}e\x{301}e\x{301}e\x{301}e\x{301}e\x{301}e\x{301}e\x{301}e\x{301}e\x{301}e\x{301}e\x{301}e\x{301}e\x{301}e\x{301}e\x{301}e\x{301}e\x{301} e\x{301}e\x{301}e\x{301}e\x{301}e\x{301}e\x{301}e\x{301}e\x{301}e\x{301}e\x{301}e\x{301}e\x{301}e\x{301}e\x{301}e\x{301}e\x{301}e\x{301}e\x{301}e\x{301}e\x{301}e\x{301}e\x{301}e\x{301}e\x{301}e\x{301}e\x{301}e\x{301}e\x{301}e\x{301}e\x{301} e\x{301}e\x{301}e\x{301}e\x{301}e\x{301}e\x{301}e\x{301}e\x{301}e\x{301}e\x{301}e\x{301}e\x{301}e\x{301}e\x{301}e\x{301}e\x{301}e\x{301}e\x{301}e\x{301}e\x{301}e\x{301}e\x{301}"
          text run at (1040,5340) width 0: " "
          text run at (0,5355) width 1040: "e\x{301}e\x{301}e\x{301}e\x{301}e\x{301}e\x{301}e\x{301}e\x{301}e\x{301}e\x{301}e\x{301}e\x{301}e\x{301}e\x{301}e\x{301}e\x{301}e\x{301}e\x{301}e\x{301}e\x{301}e\x{301}e\x{301}e\x{301}e\x{301}e\x{301}e\x{301}e\x{301}e\x{301}e\x{301}e\x{301}e\x{301}e\x{301} e\x{301} e\x{301}e\x{301}e\x{301}e\x{301}e\x{301}e\x{301}e\x{301}e\x{301}e\x{301}e\x{301}e\x{301}e\x{301}e\x{301}e\x{301}e\x{301}e\x{301}e\x{301}e\x{301}e\x{301}e\x{301}e\x{301}e\x{301}e\x{301}e\x{301}e\x{301}e\x{301}e\x{301}e\x{301}e\x{301}e\x{301}e\x{301}e\x{301}e\x{301}e\x{301}e\x{301}e\x{301}e\x{301}e\x{301}e\x{301}e\x{301}e\x{301}e\x{301}e\x{301} e\x{301}e\x{301}e\x{301}e\x{301}e\x{301}e\x{301}e\x{301}e\x{301}e\x{301}e\x{301}e\x{301}e\x{301}e\x{301}e\x{301}e\x{301}e\x{301}e\x{301}e\x{301}e\x{301}e\x{301}e\x{301}e\x{301}e\x{301}e\x{301}e\x{301}e\x{301}e\x{301}e\x{301}e\x{301}e\x{301} e\x{301}e\x{301}e\x{301}e\x{301}e\x{301}e\x{301}e\x{301}e\x{301}e\x{301}e\x{301}e\x{301}e\x{301}e\x{301}e\x{301}e\x{301}e\x{301}e\x{301}e\x{301}e\x{301}e\x{301}e\x{301}e\x{301}"
          text run at (1040,5355) width 0: " "
          text run at (0,5370) width 1040: "e\x{301}e\x{301}e\x{301}e\x{301}e\x{301}e\x{301}e\x{301}e\x{301}e\x{301}e\x{301}e\x{301}e\x{301}e\x{301}e\x{301}e\x{301}e\x{301}e\x{301}e\x{301}e\x{301}e\x{301}e\x{301}e\x{301}e\x{301}e\x{301}e\x{301}e\x{301}e\x{301}e\x{301}e\x{301}e\x{301}e\x{301}e\x{301} e\x{301} e\x{301}e\x{301}e\x{301}e\x{301}e\x{301}e\x{301}e\x{301}e\x{301}e\x{301}e\x{301}e\x{301}e\x{301}e\x{301}e\x{301}e\x{301}e\x{301}e\x{301}e\x{301}e\x{301}e\x{301}e\x{301}e\x{301}e\x{301}e\x{301}e\x{301}e\x{301}e\x{301}e\x{301}e\x{301}e\x{301}e\x{301}e\x{301}e\x{301}e\x{301}e\x{301}e\x{301}e\x{301}e\x{301}e\x{301}e\x{301}e\x{301}e\x{301}e\x{301} e\x{301}e\x{301}e\x{301}e\x{301}e\x{301}e\x{301}e\x{301}e\x{301}e\x{301}e\x{301}e\x{301}e\x{301}e\x{301}e\x{301}e\x{301}e\x{301}e\x{301}e\x{301}e\x{301}e\x{301}e\x{301}e\x{301}e\x{301}e\x{301}e\x{301}e\x{301}e\x{301}e\x{301}e\x{301}e\x{301} e\x{301}e\x{301}e\x{301}e\x{301}e\x{301}e\x{301}e\x{301}e\x{301}e\x{301}e\x{301}e\x{301}e\x{301}e\x{301}e\x{301}e\x{301}e\x{301}e\x{301}e\x{301}e\x{301}e\x{301}e\x{301}e\x{301}"
          text run at (1040,5370) width 0: " "
          text run at (0,5385) width 1040: "e\x{301}e\x{301}e\x{301}e\x{301}e\x{301}e\x{301}e\x{301}e\x{301}e\x{301}e\x{301}e\x{301}e\x{301}e\x{301}e\x{301}e\x{301}e\x{301}e\x{301}e\x{301}e\x{301}e\x{301}e\x{301}e\x{301}e\x{301}e\x{301}e\x{301}e\x{301}e\x{301}e\x{301}e\x{301}e\x{301}e\x{301}e\x{301} e\x{301} e\x{301}e\x{301}e\x{301}e\x{301}e\x{301}e\x{301}e\x{301}e\x{301}e\x{301}e\x{301}e\x{301}e\x{301}e\x{301}e\x{301}e\x{301}e\x{301}e\x{301}e\x{301}e\x{301}e\x{301}e\x{301}e\x{301}e\x{301}e\x{301}e\x{301}e\x{301}e\x{301}e\x{301}e\x{301}e\x{301}e\x{301}e\x{301}e\x{301}e\x{301}e\x{301}e\x{301}e\x{301}e\x{301}e\x{301}e\x{301}e\x{301}e\x{301}e\x{301} e\x{301}e\x{301}e\x{301}e\x{301}e\x{301}e\x{301}e\x{301}e\x{301}e\x{301}e\x{301}e\x{301}e\x{301}e\x{301}e\x{301}e\x{301}e\x{301}e\x{301}e\x{301}e\x{301}e\x{301}e\x{301}e\x{301}e\x{301}e\x{301}e\x{301}e\x{301}e\x{301}e\x{301}e\x{301}e\x{301} e\x{301}e\x{301}e\x{301}e\x{301}e\x{301}e\x{301}e\x{301}e\x{301}e\x{301}e\x{301}e\x{301}e\x{301}e\x{301}e\x{301}e\x{301}e\x{301}e\x{301}e\x{301}e\x{301}e\x{301}e\x{301}e\x{301}"
          text run at (1040,5385) width 0: " "
          text run at (0,5400) width 1040: "e\x{301}e\x{301}e\x{301}e\x{301}e\x{301}e\x{301}e\x{301}e\x{301}e\x{301}e\x{301}e\x{301}e\x{301}e\x{301}e\x{301}e\x{301}e\x{301}e\x{301}e\x{301}e\x{301}e\x{301}e\x{301}e\x{301}e\x{301}e\x{301}e\x{301}e\x{301}e\x{301}e\x{301}e\x{301}e\x{301}e\x{301}e\x{301} e\x{301} e\x{301}e\x{301}e\x{301}e\x{301}e\x{301}e\x{301}e\x{301}e\x{301}e\x{301}e\x{301}e\x{301}e\x{301}e\x{301}e\x{301}e\x{301}e\x{301}e\x{301}e\x{301}e\x{301}e\x{301}e\x{301}e\x{301}e\x{301}e\x{301}e\x{301}e\x{301}e\x{301}e\x{301}e\x{301}e\x{301}e\x{301}e\x{301}e\x{301}e\x{301}e\x{301}e\x{301}e\x{301}e\x{301}e\x{301}e\x{301}e\x{301}e\x{301}e\x{301} e\x{301}e\x{301}e\x{301}e\x{301}e\x{301}e\x{301}e\x{301}e\x{301}e\x{301}e\x{301}e\x{301}e\x{301}e\x{301}e\x{301}e\x{301}e\x{301}e\x{301}e\x{301}e\x{301}e\x{301}e\x{301}e\x{301}e\x{301}e\x{301}e\x{301}e\x{301}e\x{301}e\x{301}e\x{301}e\x{301} e\x{301}e\x{301}e\x{301}e\x{301}e\x{301}e\x{301}e\x{301}e\x{301}e\x{301}e\x{301}e\x{301}e\x{301}e\x{301}e\x{301}e\x{301}e\x{301}e\x{301}e\x{301}e\x{301}e\x{301}e\x{301}e\x{301}"
          text run at (1040,5400) width 0: " "
          text run at (0,5415) width 1040: "e\x{301}e\x{301}e\x{301}e\x{301}e\x{301}e\x{301}e\x{301}e\x{301}e\x{301}e\x{301}e\x{301}e\x{301}e\x{301}e\x{301}e\x{301}e\x{301}e\x{301}e\x{301}e\x{301}e\x{301}e\x{301}e\x{301}e\x{301}e\x{301}e\x{301}e\x{301}e\x{301}e\x{301}e\x{301}e\x{301}e\x{301}e\x{301} e\x{301} e\x{301}e\x{301}e\x{301}e\x{301}e\x{301}e\x{301}e\x{301}e\x{301}e\x{301}e\x{301}e\x{301}e\x{301}e\x{301}e\x{301}e\x{301}e\x{301}e\x{301}e\x{301}e\x{301}e\x{301}e\x{301}e\x{301}e\x{301}e\x{301}e\x{301}e\x{301}e\x{301}e\x{301}e\x{301}e\x{301}e\x{301}e\x{301}e\x{301}e\x{301}e\x{301}e\x{301}e\x{301}e\x{301}e\x{301}e\x{301}e\x{301}e\x{301}e\x{301} e\x{301}e\x{301}e\x{301}e\x{301}e\x{301}e\x{301}e\x{301}e\x{301}e\x{301}e\x{301}e\x{301}e\x{301}e\x{301}e\x{301}e\x{301}e\x{301}e\x{301}e\x{301}e\x{301}e\x{301}e\x{301}e\x{301}e\x{301}e\x{301}e\x{301}e\x{301}e\x{301}e\x{301}e\x{301}e\x{301} e\x{301}e\x{301}e\x{301}e\x{301}e\x{301}e\x{301}e\x{301}e\x{301}e\x{301}e\x{301}e\x{301}e\x{301}e\x{301}e\x{301}e\x{301}e\x{301}e\x{301}e\x{301}e\x{301}e\x{301}e\x{301}e\x{301}"
          text run at (1040,5415) width 0: " "
          text run at (0,5430) width 1040: "e\x{301}e\x{301}e\x{301}e\x{301}e\x{301}e\x{301}e\x{301}e\x{301}e\x{301}e\x{301}e\x{301}e\x{301}e\x{301}e\x{301}e\x{301}e\x{301}e\x{301}e\x{301}e\x{301}e\x{301}e\x{301}e\x{301}e\x{301}e\x{301}e\x{301}e\x{301}e\x{301}e\x{301}e\x{301}e\x{301}e\x{301}e\x{301} e\x{301} e\x{301}e\x{301}e\x{301}e\x{301}e\x{301}e\x{301}e\x{301}e\x{301}e\x{301}e\x{301}e\x{301}e\x{301}e\x{301}e\x{301}e\x{301}e\x{301}e\x{301}e\x{301}e\x{301}e\x{301}e\x{301}e\x{301}e\x{301}e\x{301}e\x{301}e\x{301}e\x{301}e\x{301}e\x{301}e\x{301}e\x{301}e\x{301}e\x{301}e\x{301}e\x{301}e\x{301}e\x{301}e\x{301}e\x{301}e\x{301}e\x{301}e\x{301}e\x{301} e\x{301}e\x{301}e\x{301}e\x{301}e\x{301}e\x{301}e\x{301}e\x{301}e\x{301}e\x{301}e\x{301}e\x{301}e\x{301}e\x{301}e\x{301}e\x{301}e\x{301}e\x{301}e\x{301}e\x{301}e\x{301}e\x{301}e\x{301}e\x{301}e\x{301}e\x{301}e\x{301}e\x{301}e\x{301}e\x{301} e\x{301}e\x{301}e\x{301}e\x{301}e\x{301}e\x{301}e\x{301}e\x{301}e\x{301}e\x{301}e\x{301}e\x{301}e\x{301}e\x{301}e\x{301}e\x{301}e\x{301}e\x{301}e\x{301}e\x{301}e\x{301}e\x{301}"
          text run at (1040,5430) width 0: " "
          text run at (0,5445) width 1040: "e\x{301}e\x{301}e\x{301}e\x{301}e\x{301}e\x{301}e\x{301}e\x{301}e\x{301}e\x{301}e\x{301}e\x{301}e\x{301}e\x{301}e\x{301}e\x{301}e\x{301}e\x{301}e\x{301}e\x{301}e\x{301}e\x{301}e\x{301}e\x{301}e\x{301}e\x{301}e\x{301}e\x{301}e\x{301}e\x{301}e\x{301}e\x{301} e\x{301} e\x{301}e\x{301}e\x{301}e\x{301}e\x{301}e\x{301}e\x{301}e\x{301}e\x{301}e\x{301}e\x{301}e\x{301}e\x{301}e\x{301}e\x{301}e\x{301}e\x{301}e\x{301}e\x{301}e\x{301}e\x{301}e\x{301}e\x{301}e\x{301}e\x{301}e\x{301}e\x{301}e\x{301}e\x{301}e\x{301}e\x{301}e\x{301}e\x{301}e\x{301}e\x{301}e\x{301}e\x{301}e\x{301}e\x{301}e\x{301}e\x{301}e\x{301}e\x{301} e\x{301}e\x{301}e\x{301}e\x{301}e\x{301}e\x{301}e\x{301}e\x{301}e\x{301}e\x{301}e\x{301}e\x{301}e\x{301}e\x{301}e\x{301}e\x{301}e\x{301}e\x{301}e\x{301}e\x{301}e\x{301}e\x{301}e\x{301}e\x{301}e\x{301}e\x{301}e\x{301}e\x{301}e\x{301}e\x{301} e\x{301}e\x{301}e\x{301}e\x{301}e\x{301}e\x{301}e\x{301}e\x{301}e\x{301}e\x{301}e\x{301}e\x{301}e\x{301}e\x{301}e\x{301}e\x{301}e\x{301}e\x{301}e\x{301}e\x{301}e\x{301}e\x{301}"
          text run at (1040,5445) width 0: " "
          text run at (0,5460) width 1040: "e\x{301}e\x{301}e\x{301}e\x{301}e\x{301}e\x{301}e\x{301}e\x{301}e\x{301}e\x{301}e\x{301}e\x{301}e\x{301}e\x{301}e\x{301}e\x{301}e\x{301}e\x{301}e\x{301}e\x{301}e\x{301}e\x{301}e\x{301}e\x{301}e\x{301}e\x{301}e\x{301}e\x{301}e\x{301}e\x{301}e\x{301}e\x{301} e\x{301} e\x{301}e\x{301}e\x{301}e\x{301}e\x{301}e\x{301}e\x{301}e\x{301}e\x{301}e\x{301}e\x{301}e\x{301}e\x{301}e\x{301}e\x{301}e\x{301}e\x{301}e\x{301}e\x{301}e\x{301}e\x{301}e\x{301}e\x{301}e\x{301}e\x{301}e\x{301}e\x{301}e\x{301}e\x{301}e\x{301}e\x{301}e\x{301}e\x{301}e\x{301}e\x{301}e\x{301}e\x{301}e\x{301}e\x{301}e\x{301}e\x{301}e\x{301}e\x{301} e\x{301}e\x{301}e\x{301}e\x{301}e\x{301}e\x{301}e\x{301}e\x{301}e\x{301}e\x{301}e\x{301}e\x{301}e\x{301}e\x{301}e\x{301}e\x{301}e\x{301}e\x{301}e\x{301}e\x{301}e\x{301}e\x{301}e\x{301}e\x{301}e\x{301}e\x{301}e\x{301}e\x{301}e\x{301}e\x{301} e\x{301}e\x{301}e\x{301}e\x{301}e\x{301}e\x{301}e\x{301}e\x{301}e\x{301}e\x{301}e\x{301}e\x{301}e\x{301}e\x{301}e\x{301}e\x{301}e\x{301}e\x{301}e\x{301}e\x{301}e\x{301}e\x{301}"
          text run at (1040,5460) width 0: " "
          text run at (0,5475) width 1040: "e\x{301}e\x{301}e\x{301}e\x{301}e\x{301}e\x{301}e\x{301}e\x{301}e\x{301}e\x{301}e\x{301}e\x{301}e\x{301}e\x{301}e\x{301}e\x{301}e\x{301}e\x{301}e\x{301}e\x{301}e\x{301}e\x{301}e\x{301}e\x{301}e\x{301}e\x{301}e\x{301}e\x{301}e\x{301}e\x{301}e\x{301}e\x{301} e\x{301} e\x{301}e\x{301}e\x{301}e\x{301}e\x{301}e\x{301}e\x{301}e\x{301}e\x{301}e\x{301}e\x{301}e\x{301}e\x{301}e\x{301}e\x{301}e\x{301}e\x{301}e\x{301}e\x{301}e\x{301}e\x{301}e\x{301}e\x{301}e\x{301}e\x{301}e\x{301}e\x{301}e\x{301}e\x{301}e\x{301}e\x{301}e\x{301}e\x{301}e\x{301}e\x{301}e\x{301}e\x{301}e\x{301}e\x{301}e\x{301}e\x{301}e\x{301}e\x{301} e\x{301}e\x{301}e\x{301}e\x{301}e\x{301}e\x{301}e\x{301}e\x{301}e\x{301}e\x{301}e\x{301}e\x{301}e\x{301}e\x{301}e\x{301}e\x{301}e\x{301}e\x{301}e\x{301}e\x{301}e\x{301}e\x{301}e\x{301}e\x{301}e\x{301}e\x{301}e\x{301}e\x{301}e\x{301}e\x{301} e\x{301}e\x{301}e\x{301}e\x{301}e\x{301}e\x{301}e\x{301}e\x{301}e\x{301}e\x{301}e\x{301}e\x{301}e\x{301}e\x{301}e\x{301}e\x{301}e\x{301}e\x{301}e\x{301}e\x{301}e\x{301}e\x{301}"
          text run at (1040,5475) width 0: " "
          text run at (0,5490) width 1040: "e\x{301}e\x{301}e\x{301}e\x{301}e\x{301}e\x{301}e\x{301}e\x{301}e\x{301}e\x{301}e\x{301}e\x{301}e\x{301}e\x{301}e\x{301}e\x{301}e\x{301}e\x{301}e\x{301}e\x{301}e\x{301}e\x{301}e\x{301}e\x{301}e\x{301}e\x{301}e\x{301}e\x{301}e\x{301}e\x{301}e\x{301}e\x{301} e\x{301} e\x{301}e\x{301}e\x{301}e\x{301}e\x{301}e\x{301}e\x{301}e\x{301}e\x{301}e\x{301}e\x{301}e\x{301}e\x{301}e\x{301}e\x{301}e\x{301}e\x{301}e\x{301}e\x{301}e\x{301}e\x{301}e\x{301}e\x{301}e\x{301}e\x{301}e\x{301}e\x{301}e\x{301}e\x{301}e\x{301}e\x{301}e\x{301}e\x{301}e\x{301}e\x{301}e\x{301}e\x{301}e\x{301}e\x{301}e\x{301}e\x{301}e\x{301}e\x{301} e\x{301}e\x{301}e\x{301}e\x{301}e\x{301}e\x{301}e\x{301}e\x{301}e\x{301}e\x{301}e\x{301}e\x{301}e\x{301}e\x{301}e\x{301}e\x{301}e\x{301}e\x{301}e\x{301}e\x{301}e\x{301}e\x{301}e\x{301}e\x{301}e\x{301}e\x{301}e\x{301}e\x{301}e\x{301}e\x{301} e\x{301}e\x{301}e\x{301}e\x{301}e\x{301}e\x{301}e\x{301}e\x{301}e\x{301}e\x{301}e\x{301}e\x{301}e\x{301}e\x{301}e\x{301}e\x{301}e\x{301}e\x{301}e\x{301}e\x{301}e\x{301}e\x{301}"
          text run at (1040,5490) width 0: " "
          text run at (0,5505) width 1040: "e\x{301}e\x{301}e\x{301}e\x{301}e\x{301}e\x{301}e\x{301}e\x{301}e\x{301}e\x{301}e\x{301}e\x{301}e\x{301}e\x{301}e\x{301}e\x{301}e\x{301}e\x{301}e\x{301}e\x{301}e\x{301}e\x{301}e\x{301}e\x{301}e\x{301}e\x{301}e\x{301}e\x{301}e\x{301}e\x{301}e\x{301}e\x{301} e\x{301} e\x{301}e\x{301}e\x{301}e\x{301}e\x{301}e\x{301}e\x{301}e\x{301}e\x{301}e\x{301}e\x{301}e\x{301}e\x{301}e\x{301}e\x{301}e\x{301}e\x{301}e\x{301}e\x{301}e\x{301}e\x{301}e\x{301}e\x{301}e\x{301}e\x{301}e\x{301}e\x{301}e\x{301}e\x{301}e\x{301}e\x{301}e\x{301}e\x{301}e\x{301}e\x{301}e\x{301}e\x{301}e\x{301}e\x{301}e\x{301}e\x{301}e\x{301}e\x{301} e\x{301}e\x{301}e\x{301}e\x{301}e\x{301}e\x{301}e\x{301}e\x{301}e\x{301}e\x{301}e\x{301}e\x{301}e\x{301}e\x{301}e\x{301}e\x{301}e\x{301}e\x{301}e\x{301}e\x{301}e\x{301}e\x{301}e\x{301}e\x{301}e\x{301}e\x{301}e\x{301}e\x{301}e\x{301}e\x{301} e\x{301}e\x{301}e\x{301}e\x{301}e\x{301}e\x{301}e\x{301}e\x{301}e\x{301}e\x{301}e\x{301}e\x{301}e\x{301}e\x{301}e\x{301}e\x{301}e\x{301}e\x{301}e\x{301}e\x{301}e\x{301}e\x{301}"
          text run at (1040,5505) width 0: " "
          text run at (0,5520) width 1040: "e\x{301}e\x{301}e\x{301}e\x{301}e\x{301}e\x{301}e\x{301}e\x{301}e\x{301}e\x{301}e\x{301}e\x{301}e\x{301}e\x{301}e\x{301}e\x{301}e\x{301}e\x{301}e\x{301}e\x{301}e\x{301}e\x{301}e\x{301}e\x{301}e\x{301}e\x{301}e\x{301}e\x{301}e\x{301}e\x{301}e\x{301}e\x{301} e\x{301} e\x{301}e\x{301}e\x{301}e\x{301}e\x{301}e\x{301}e\x{301}e\x{301}e\x{301}e\x{301}e\x{301}e\x{301}e\x{301}e\x{301}e\x{301}e\x{301}e\x{301}e\x{301}e\x{301}e\x{301}e\x{301}e\x{301}e\x{301}e\x{301}e\x{301}e\x{301}e\x{301}e\x{301}e\x{301}e\x{301}e\x{301}e\x{301}e\x{301}e\x{301}e\x{301}e\x{301}e\x{301}e\x{301}e\x{301}e\x{301}e\x{301}e\x{301}e\x{301} e\x{301}e\x{301}e\x{301}e\x{301}e\x{301}e\x{301}e\x{301}e\x{301}e\x{301}e\x{301}e\x{301}e\x{301}e\x{301}e\x{301}e\x{301}e\x{301}e\x{301}e\x{301}e\x{301}e\x{301}e\x{301}e\x{301}e\x{301}e\x{301}e\x{301}e\x{301}e\x{301}e\x{301}e\x{301}e\x{301} e\x{301}e\x{301}e\x{301}e\x{301}e\x{301}e\x{301}e\x{301}e\x{301}e\x{301}e\x{301}e\x{301}e\x{301}e\x{301}e\x{301}e\x{301}e\x{301}e\x{301}e\x{301}e\x{301}e\x{301}e\x{301}e\x{301}"
          text run at (1040,5520) width 0: " "
          text run at (0,5535) width 1040: "e\x{301}e\x{301}e\x{301}e\x{301}e\x{301}e\x{301}e\x{301}e\x{301}e\x{301}e\x{301}e\x{301}e\x{301}e\x{301}e\x{301}e\x{301}e\x{301}e\x{301}e\x{301}e\x{301}e\x{301}e\x{301}e\x{301}e\x{301}e\x{301}e\x{301}e\x{301}e\x{301}e\x{301}e\x{301}e\x{301}e\x{301}e\x{301} e\x{301} e\x{301}e\x{301}e\x{301}e\x{301}e\x{301}e\x{301}e\x{301}e\x{301}e\x{301}e\x{301}e\x{301}e\x{301}e\x{301}e\x{301}e\x{301}e\x{301}e\x{301}e\x{301}e\x{301}e\x{301}e\x{301}e\x{301}e\x{301}e\x{301}e\x{301}e\x{301}e\x{301}e\x{301}e\x{301}e\x{301}e\x{301}e\x{301}e\x{301}e\x{301}e\x{301}e\x{301}e\x{301}e\x{301}e\x{301}e\x{301}e\x{301}e\x{301}e\x{301} e\x{301}e\x{301}e\x{301}e\x{301}e\x{301}e\x{301}e\x{301}e\x{301}e\x{301}e\x{301}e\x{301}e\x{301}e\x{301}e\x{301}e\x{301}e\x{301}e\x{301}e\x{301}e\x{301}e\x{301}e\x{301}e\x{301}e\x{301}e\x{301}e\x{301}e\x{301}e\x{301}e\x{301}e\x{301}e\x{301} e\x{301}e\x{301}e\x{301}e\x{301}e\x{301}e\x{301}e\x{301}e\x{301}e\x{301}e\x{301}e\x{301}e\x{301}e\x{301}e\x{301}e\x{301}e\x{301}e\x{301}e\x{301}e\x{301}e\x{301}e\x{301}e\x{301}"
          text run at (1040,5535) width 0: " "
          text run at (0,5550) width 1040: "e\x{301}e\x{301}e\x{301}e\x{301}e\x{301}e\x{301}e\x{301}e\x{301}e\x{301}e\x{301}e\x{301}e\x{301}e\x{301}e\x{301}e\x{301}e\x{301}e\x{301}e\x{301}e\x{301}e\x{301}e\x{301}e\x{301}e\x{301}e\x{301}e\x{301}e\x{301}e\x{301}e\x{301}e\x{301}e\x{301}e\x{301}e\x{301} e\x{301} e\x{301}e\x{301}e\x{301}e\x{301}e\x{301}e\x{301}e\x{301}e\x{301}e\x{301}e\x{301}e\x{301}e\x{301}e\x{301}e\x{301}e\x{301}e\x{301}e\x{301}e\x{301}e\x{301}e\x{301}e\x{301}e\x{301}e\x{301}e\x{301}e\x{301}e\x{301}e\x{301}e\x{301}e\x{301}e\x{301}e\x{301}e\x{301}e\x{301}e\x{301}e\x{301}e\x{301}e\x{301}e\x{301}e\x{301}e\x{301}e\x{301}e\x{301}e\x{301} e\x{301}e\x{301}e\x{301}e\x{301}e\x{301}e\x{301}e\x{301}e\x{301}e\x{301}e\x{301}e\x{301}e\x{301}e\x{301}e\x{301}e\x{301}e\x{301}e\x{301}e\x{301}e\x{301}e\x{301}e\x{301}e\x{301}e\x{301}e\x{301}e\x{301}e\x{301}e\x{301}e\x{301}e\x{301}e\x{301} e\x{301}e\x{301}e\x{301}e\x{301}e\x{301}e\x{301}e\x{301}e\x{301}e\x{301}e\x{301}e\x{301}e\x{301}e\x{301}e\x{301}e\x{301}e\x{301}e\x{301}e\x{301}e\x{301}e\x{301}e\x{301}e\x{301}"
          text run at (1040,5550) width 0: " "
          text run at (0,5565) width 1040: "e\x{301}e\x{301}e\x{301}e\x{301}e\x{301}e\x{301}e\x{301}e\x{301}e\x{301}e\x{301}e\x{301}e\x{301}e\x{301}e\x{301}e\x{301}e\x{301}e\x{301}e\x{301}e\x{301}e\x{301}e\x{301}e\x{301}e\x{301}e\x{301}e\x{301}e\x{301}e\x{301}e\x{301}e\x{301}e\x{301}e\x{301}e\x{301} e\x{301} e\x{301}e\x{301}e\x{301}e\x{301}e\x{301}e\x{301}e\x{301}e\x{301}e\x{301}e\x{301}e\x{301}e\x{301}e\x{301}e\x{301}e\x{301}e\x{301}e\x{301}e\x{301}e\x{301}e\x{301}e\x{301}e\x{301}e\x{301}e\x{301}e\x{301}e\x{301}e\x{301}e\x{301}e\x{301}e\x{301}e\x{301}e\x{301}e\x{301}e\x{301}e\x{301}e\x{301}e\x{301}e\x{301}e\x{301}e\x{301}e\x{301}e\x{301}e\x{301} e\x{301}e\x{301}e\x{301}e\x{301}e\x{301}e\x{301}e\x{301}e\x{301}e\x{301}e\x{301}e\x{301}e\x{301}e\x{301}e\x{301}e\x{301}e\x{301}e\x{301}e\x{301}e\x{301}e\x{301}e\x{301}e\x{301}e\x{301}e\x{301}e\x{301}e\x{301}e\x{301}e\x{301}e\x{301}e\x{301} e\x{301}e\x{301}e\x{301}e\x{301}e\x{301}e\x{301}e\x{301}e\x{301}e\x{301}e\x{301}e\x{301}e\x{301}e\x{301}e\x{301}e\x{301}e\x{301}e\x{301}e\x{301}e\x{301}e\x{301}e\x{301}e\x{301}"
          text run at (1040,5565) width 0: " "
          text run at (0,5580) width 1040: "e\x{301}e\x{301}e\x{301}e\x{301}e\x{301}e\x{301}e\x{301}e\x{301}e\x{301}e\x{301}e\x{301}e\x{301}e\x{301}e\x{301}e\x{301}e\x{301}e\x{301}e\x{301}e\x{301}e\x{301}e\x{301}e\x{301}e\x{301}e\x{301}e\x{301}e\x{301}e\x{301}e\x{301}e\x{301}e\x{301}e\x{301}e\x{301} e\x{301} e\x{301}e\x{301}e\x{301}e\x{301}e\x{301}e\x{301}e\x{301}e\x{301}e\x{301}e\x{301}e\x{301}e\x{301}e\x{301}e\x{301}e\x{301}e\x{301}e\x{301}e\x{301}e\x{301}e\x{301}e\x{301}e\x{301}e\x{301}e\x{301}e\x{301}e\x{301}e\x{301}e\x{301}e\x{301}e\x{301}e\x{301}e\x{301}e\x{301}e\x{301}e\x{301}e\x{301}e\x{301}e\x{301}e\x{301}e\x{301}e\x{301}e\x{301}e\x{301} e\x{301}e\x{301}e\x{301}e\x{301}e\x{301}e\x{301}e\x{301}e\x{301}e\x{301}e\x{301}e\x{301}e\x{301}e\x{301}e\x{301}e\x{301}e\x{301}e\x{301}e\x{301}e\x{301}e\x{301}e\x{301}e\x{301}e\x{301}e\x{301}e\x{301}e\x{301}e\x{301}e\x{301}e\x{301}e\x{301} e\x{301}e\x{301}e\x{301}e\x{301}e\x{301}e\x{301}e\x{301}e\x{301}e\x{301}e\x{301}e\x{301}e\x{301}e\x{301}e\x{301}e\x{301}e\x{301}e\x{301}e\x{301}e\x{301}e\x{301}e\x{301}e\x{301}"
          text run at (1040,5580) width 0: " "
          text run at (0,5595) width 1040: "e\x{301}e\x{301}e\x{301}e\x{301}e\x{301}e\x{301}e\x{301}e\x{301}e\x{301}e\x{301}e\x{301}e\x{301}e\x{301}e\x{301}e\x{301}e\x{301}e\x{301}e\x{301}e\x{301}e\x{301}e\x{301}e\x{301}e\x{301}e\x{301}e\x{301}e\x{301}e\x{301}e\x{301}e\x{301}e\x{301}e\x{301}e\x{301} e\x{301} e\x{301}e\x{301}e\x{301}e\x{301}e\x{301}e\x{301}e\x{301}e\x{301}e\x{301}e\x{301}e\x{301}e\x{301}e\x{301}e\x{301}e\x{301}e\x{301}e\x{301}e\x{301}e\x{301}e\x{301}e\x{301}e\x{301}e\x{301}e\x{301}e\x{301}e\x{301}e\x{301}e\x{301}e\x{301}e\x{301}e\x{301}e\x{301}e\x{301}e\x{301}e\x{301}e\x{301}e\x{301}e\x{301}e\x{301}e\x{301}e\x{301}e\x{301}e\x{301} e\x{301}e\x{301}e\x{301}e\x{301}e\x{301}e\x{301}e\x{301}e\x{301}e\x{301}e\x{301}e\x{301}e\x{301}e\x{301}e\x{301}e\x{301}e\x{301}e\x{301}e\x{301}e\x{301}e\x{301}e\x{301}e\x{301}e\x{301}e\x{301}e\x{301}e\x{301}e\x{301}e\x{301}e\x{301}e\x{301} e\x{301}e\x{301}e\x{301}e\x{301}e\x{301}e\x{301}e\x{301}e\x{301}e\x{301}e\x{301}e\x{301}e\x{301}e\x{301}e\x{301}e\x{301}e\x{301}e\x{301}e\x{301}e\x{301}e\x{301}e\x{301}e\x{301}"
          text run at (1040,5595) width 0: " "
          text run at (0,5610) width 1040: "e\x{301}e\x{301}e\x{301}e\x{301}e\x{301}e\x{301}e\x{301}e\x{301}e\x{301}e\x{301}e\x{301}e\x{301}e\x{301}e\x{301}e\x{301}e\x{301}e\x{301}e\x{301}e\x{301}e\x{301}e\x{301}e\x{301}e\x{301}e\x{301}e\x{301}e\x{301}e\x{301}e\x{301}e\x{301}e\x{301}e\x{301}e\x{301} e\x{301} e\x{301}e\x{301}e\x{301}e\x{301}e\x{301}e\x{301}e\x{301}e\x{301}e\x{301}e\x{301}e\x{301}e\x{301}e\x{301}e\x{301}e\x{301}e\x{301}e\x{301}e\x{301}e\x{301}e\x{301}e\x{301}e\x{301}e\x{301}e\x{301}e\x{301}e\x{301}e\x{301}e\x{301}e\x{301}e\x{301}e\x{301}e\x{301}e\x{301}e\x{301}e\x{301}e\x{301}e\x{301}e\x{301}e\x{301}e\x{301}e\x{301}e\x{301}e\x{301} e\x{301}e\x{301}e\x{301}e\x{301}e\x{301}e\x{301}e\x{301}e\x{301}e\x{301}e\x{301}e\x{301}e\x{301}e\x{301}e\x{301}e\x{301}e\x{301}e\x{301}e\x{301}e\x{301}e\x{301}e\x{301}e\x{301}e\x{301}e\x{301}e\x{301}e\x{301}e\x{301}e\x{301}e\x{301}e\x{301} e\x{301}e\x{301}e\x{301}e\x{301}e\x{301}e\x{301}e\x{301}e\x{301}e\x{301}e\x{301}e\x{301}e\x{301}e\x{301}e\x{301}e\x{301}e\x{301}e\x{301}e\x{301}e\x{301}e\x{301}e\x{301}e\x{301}"
          text run at (1040,5610) width 0: " "
          text run at (0,5625) width 1040: "e\x{301}e\x{301}e\x{301}e\x{301}e\x{301}e\x{301}e\x{301}e\x{301}e\x{301}e\x{301}e\x{301}e\x{301}e\x{301}e\x{301}e\x{301}e\x{301}e\x{301}e\x{301}e\x{301}e\x{301}e\x{301}e\x{301}e\x{301}e\x{301}e\x{301}e\x{301}e\x{301}e\x{301}e\x{301}e\x{301}e\x{301}e\x{301} e\x{301} e\x{301}e\x{301}e\x{301}e\x{301}e\x{301}e\x{301}e\x{301}e\x{301}e\x{301}e\x{301}e\x{301}e\x{301}e\x{301}e\x{301}e\x{301}e\x{301}e\x{301}e\x{301}e\x{301}e\x{301}e\x{301}e\x{301}e\x{301}e\x{301}e\x{301}e\x{301}e\x{301}e\x{301}e\x{301}e\x{301}e\x{301}e\x{301}e\x{301}e\x{301}e\x{301}e\x{301}e\x{301}e\x{301}e\x{301}e\x{301}e\x{301}e\x{301}e\x{301} e\x{301}e\x{301}e\x{301}e\x{301}e\x{301}e\x{301}e\x{301}e\x{301}e\x{301}e\x{301}e\x{301}e\x{301}e\x{301}e\x{301}e\x{301}e\x{301}e\x{301}e\x{301}e\x{301}e\x{301}e\x{301}e\x{301}e\x{301}e\x{301}e\x{301}e\x{301}e\x{301}e\x{301}e\x{301}e\x{301} e\x{301}e\x{301}e\x{301}e\x{301}e\x{301}e\x{301}e\x{301}e\x{301}e\x{301}e\x{301}e\x{301}e\x{301}e\x{301}e\x{301}e\x{301}e\x{301}e\x{301}e\x{301}e\x{301}e\x{301}e\x{301}e\x{301}"
          text run at (1040,5625) width 0: " "
          text run at (0,5640) width 1040: "e\x{301}e\x{301}e\x{301}e\x{301}e\x{301}e\x{301}e\x{301}e\x{301}e\x{301}e\x{301}e\x{301}e\x{301}e\x{301}e\x{301}e\x{301}e\x{301}e\x{301}e\x{301}e\x{301}e\x{301}e\x{301}e\x{301}e\x{301}e\x{301}e\x{301}e\x{301}e\x{301}e\x{301}e\x{301}e\x{301}e\x{301}e\x{301} e\x{301} e\x{301}e\x{301}e\x{301}e\x{301}e\x{301}e\x{301}e\x{301}e\x{301}e\x{301}e\x{301}e\x{301}e\x{301}e\x{301}e\x{301}e\x{301}e\x{301}e\x{301}e\x{301}e\x{301}e\x{301}e\x{301}e\x{301}e\x{301}e\x{301}e\x{301}e\x{301}e\x{301}e\x{301}e\x{301}e\x{301}e\x{301}e\x{301}e\x{301}e\x{301}e\x{301}e\x{301}e\x{301}e\x{301}e\x{301}e\x{301}e\x{301}e\x{301}e\x{301} e\x{301}e\x{301}e\x{301}e\x{301}e\x{301}e\x{301}e\x{301}e\x{301}e\x{301}e\x{301}e\x{301}e\x{301}e\x{301}e\x{301}e\x{301}e\x{301}e\x{301}e\x{301}e\x{301}e\x{301}e\x{301}e\x{301}e\x{301}e\x{301}e\x{301}e\x{301}e\x{301}e\x{301}e\x{301}e\x{301} e\x{301}e\x{301}e\x{301}e\x{301}e\x{301}e\x{301}e\x{301}e\x{301}e\x{301}e\x{301}e\x{301}e\x{301}e\x{301}e\x{301}e\x{301}e\x{301}e\x{301}e\x{301}e\x{301}e\x{301}e\x{301}e\x{301}"
          text run at (1040,5640) width 0: " "
          text run at (0,5655) width 1040: "e\x{301}e\x{301}e\x{301}e\x{301}e\x{301}e\x{301}e\x{301}e\x{301}e\x{301}e\x{301}e\x{301}e\x{301}e\x{301}e\x{301}e\x{301}e\x{301}e\x{301}e\x{301}e\x{301}e\x{301}e\x{301}e\x{301}e\x{301}e\x{301}e\x{301}e\x{301}e\x{301}e\x{301}e\x{301}e\x{301}e\x{301}e\x{301} e\x{301} e\x{301}e\x{301}e\x{301}e\x{301}e\x{301}e\x{301}e\x{301}e\x{301}e\x{301}e\x{301}e\x{301}e\x{301}e\x{301}e\x{301}e\x{301}e\x{301}e\x{301}e\x{301}e\x{301}e\x{301}e\x{301}e\x{301}e\x{301}e\x{301}e\x{301}e\x{301}e\x{301}e\x{301}e\x{301}e\x{301}e\x{301}e\x{301}e\x{301}e\x{301}e\x{301}e\x{301}e\x{301}e\x{301}e\x{301}e\x{301}e\x{301}e\x{301}e\x{301} e\x{301}e\x{301}e\x{301}e\x{301}e\x{301}e\x{301}e\x{301}e\x{301}e\x{301}e\x{301}e\x{301}e\x{301}e\x{301}e\x{301}e\x{301}e\x{301}e\x{301}e\x{301}e\x{301}e\x{301}e\x{301}e\x{301}e\x{301}e\x{301}e\x{301}e\x{301}e\x{301}e\x{301}e\x{301}e\x{301} e\x{301}e\x{301}e\x{301}e\x{301}e\x{301}e\x{301}e\x{301}e\x{301}e\x{301}e\x{301}e\x{301}e\x{301}e\x{301}e\x{301}e\x{301}e\x{301}e\x{301}e\x{301}e\x{301}e\x{301}e\x{301}e\x{301}"
          text run at (1040,5655) width 0: " "
          text run at (0,5670) width 1040: "e\x{301}e\x{301}e\x{301}e\x{301}e\x{301}e\x{301}e\x{301}e\x{301}e\x{301}e\x{301}e\x{301}e\x{301}e\x{301}e\x{301}e\x{301}e\x{301}e\x{301}e\x{301}e\x{301}e\x{301}e\x{301}e\x{301}e\x{301}e\x{301}e\x{301}e\x{301}e\x{301}e\x{301}e\x{301}e\x{301}e\x{301}e\x{301} e\x{301} e\x{301}e\x{301}e\x{301}e\x{301}e\x{301}e\x{301}e\x{301}e\x{301}e\x{301}e\x{301}e\x{301}e\x{301}e\x{301}e\x{301}e\x{301}e\x{301}e\x{301}e\x{301}e\x{301}e\x{301}e\x{301}e\x{301}e\x{301}e\x{301}e\x{301}e\x{301}e\x{301}e\x{301}e\x{301}e\x{301}e\x{301}e\x{301}e\x{301}e\x{301}e\x{301}e\x{301}e\x{301}e\x{301}e\x{301}e\x{301}e\x{301}e\x{301}e\x{301} e\x{301}e\x{301}e\x{301}e\x{301}e\x{301}e\x{301}e\x{301}e\x{301}e\x{301}e\x{301}e\x{301}e\x{301}e\x{301}e\x{301}e\x{301}e\x{301}e\x{301}e\x{301}e\x{301}e\x{301}e\x{301}e\x{301}e\x{301}e\x{301}e\x{301}e\x{301}e\x{301}e\x{301}e\x{301}e\x{301} e\x{301}e\x{301}e\x{301}e\x{301}e\x{301}e\x{301}e\x{301}e\x{301}e\x{301}e\x{301}e\x{301}e\x{301}e\x{301}e\x{301}e\x{301}e\x{301}e\x{301}e\x{301}e\x{301}e\x{301}e\x{301}e\x{301}"
          text run at (1040,5670) width 0: " "
          text run at (0,5685) width 1040: "e\x{301}e\x{301}e\x{301}e\x{301}e\x{301}e\x{301}e\x{301}e\x{301}e\x{301}e\x{301}e\x{301}e\x{301}e\x{301}e\x{301}e\x{301}e\x{301}e\x{301}e\x{301}e\x{301}e\x{301}e\x{301}e\x{301}e\x{301}e\x{301}e\x{301}e\x{301}e\x{301}e\x{301}e\x{301}e\x{301}e\x{301}e\x{301} e\x{301} e\x{301}e\x{301}e\x{301}e\x{301}e\x{301}e\x{301}e\x{301}e\x{301}e\x{301}e\x{301}e\x{301}e\x{301}e\x{301}e\x{301}e\x{301}e\x{301}e\x{301}e\x{301}e\x{301}e\x{301}e\x{301}e\x{301}e\x{301}e\x{301}e\x{301}e\x{301}e\x{301}e\x{301}e\x{301}e\x{301}e\x{301}e\x{301}e\x{301}e\x{301}e\x{301}e\x{301}e\x{301}e\x{301}e\x{301}e\x{301}e\x{301}e\x{301}e\x{301} e\x{301}e\x{301}e\x{301}e\x{301}e\x{301}e\x{301}e\x{301}e\x{301}e\x{301}e\x{301}e\x{301}e\x{301}e\x{301}e\x{301}e\x{301}e\x{301}e\x{301}e\x{301}e\x{301}e\x{301}e\x{301}e\x{301}e\x{301}e\x{301}e\x{301}e\x{301}e\x{301}e\x{301}e\x{301}e\x{301} e\x{301}e\x{301}e\x{301}e\x{301}e\x{301}e\x{301}e\x{301}e\x{301}e\x{301}e\x{301}e\x{301}e\x{301}e\x{301}e\x{301}e\x{301}e\x{301}e\x{301}e\x{301}e\x{301}e\x{301}e\x{301}e\x{301}"
          text run at (1040,5685) width 0: " "
          text run at (0,5700) width 1040: "e\x{301}e\x{301}e\x{301}e\x{301}e\x{301}e\x{301}e\x{301}e\x{301}e\x{301}e\x{301}e\x{301}e\x{301}e\x{301}e\x{301}e\x{301}e\x{301}e\x{301}e\x{301}e\x{301}e\x{301}e\x{301}e\x{301}e\x{301}e\x{301}e\x{301}e\x{301}e\x{301}e\x{301}e\x{301}e\x{301}e\x{301}e\x{301} e\x{301} e\x{301}e\x{301}e\x{301}e\x{301}e\x{301}e\x{301}e\x{301}e\x{301}e\x{301}e\x{301}e\x{301}e\x{301}e\x{301}e\x{301}e\x{301}e\x{301}e\x{301}e\x{301}e\x{301}e\x{301}e\x{301}e\x{301}e\x{301}e\x{301}e\x{301}e\x{301}e\x{301}e\x{301}e\x{301}e\x{301}e\x{301}e\x{301}e\x{301}e\x{301}e\x{301}e\x{301}e\x{301}e\x{301}e\x{301}e\x{301}e\x{301}e\x{301}e\x{301} e\x{301}e\x{301}e\x{301}e\x{301}e\x{301}e\x{301}e\x{301}e\x{301}e\x{301}e\x{301}e\x{301}e\x{301}e\x{301}e\x{301}e\x{301}e\x{301}e\x{301}e\x{301}e\x{301}e\x{301}e\x{301}e\x{301}e\x{301}e\x{301}e\x{301}e\x{301}e\x{301}e\x{301}e\x{301}e\x{301} e\x{301}e\x{301}e\x{301}e\x{301}e\x{301}e\x{301}e\x{301}e\x{301}e\x{301}e\x{301}e\x{301}e\x{301}e\x{301}e\x{301}e\x{301}e\x{301}e\x{301}e\x{301}e\x{301}e\x{301}e\x{301}e\x{301}"
          text run at (1040,5700) width 0: " "
          text run at (0,5715) width 1040: "e\x{301}e\x{301}e\x{301}e\x{301}e\x{301}e\x{301}e\x{301}e\x{301}e\x{301}e\x{301}e\x{301}e\x{301}e\x{301}e\x{301}e\x{301}e\x{301}e\x{301}e\x{301}e\x{301}e\x{301}e\x{301}e\x{301}e\x{301}e\x{301}e\x{301}e\x{301}e\x{301}e\x{301}e\x{301}e\x{301}e\x{301}e\x{301} e\x{301} e\x{301}e\x{301}e\x{301}e\x{301}e\x{301}e\x{301}e\x{301}e\x{301}e\x{301}e\x{301}e\x{301}e\x{301}e\x{301}e\x{301}e\x{301}e\x{301}e\x{301}e\x{301}e\x{301}e\x{301}e\x{301}e\x{301}e\x{301}e\x{301}e\x{301}e\x{301}e\x{301}e\x{301}e\x{301}e\x{301}e\x{301}e\x{301}e\x{301}e\x{301}e\x{301}e\x{301}e\x{301}e\x{301}e\x{301}e\x{301}e\x{301}e\x{301}e\x{301} e\x{301}e\x{301}e\x{301}e\x{301}e\x{301}e\x{301}e\x{301}e\x{301}e\x{301}e\x{301}e\x{301}e\x{301}e\x{301}e\x{301}e\x{301}e\x{301}e\x{301}e\x{301}e\x{301}e\x{301}e\x{301}e\x{301}e\x{301}e\x{301}e\x{301}e\x{301}e\x{301}e\x{301}e\x{301}e\x{301} e\x{301}e\x{301}e\x{301}e\x{301}e\x{301}e\x{301}e\x{301}e\x{301}e\x{301}e\x{301}e\x{301}e\x{301}e\x{301}e\x{301}e\x{301}e\x{301}e\x{301}e\x{301}e\x{301}e\x{301}e\x{301}e\x{301}"
          text run at (1040,5715) width 0: " "
          text run at (0,5730) width 1040: "e\x{301}e\x{301}e\x{301}e\x{301}e\x{301}e\x{301}e\x{301}e\x{301}e\x{301}e\x{301}e\x{301}e\x{301}e\x{301}e\x{301}e\x{301}e\x{301}e\x{301}e\x{301}e\x{301}e\x{301}e\x{301}e\x{301}e\x{301}e\x{301}e\x{301}e\x{301}e\x{301}e\x{301}e\x{301}e\x{301}e\x{301}e\x{301} e\x{301} e\x{301}e\x{301}e\x{301}e\x{301}e\x{301}e\x{301}e\x{301}e\x{301}e\x{301}e\x{301}e\x{301}e\x{301}e\x{301}e\x{301}e\x{301}e\x{301}e\x{301}e\x{301}e\x{301}e\x{301}e\x{301}e\x{301}e\x{301}e\x{301}e\x{301}e\x{301}e\x{301}e\x{301}e\x{301}e\x{301}e\x{301}e\x{301}e\x{301}e\x{301}e\x{301}e\x{301}e\x{301}e\x{301}e\x{301}e\x{301}e\x{301}e\x{301}e\x{301} e\x{301}e\x{301}e\x{301}e\x{301}e\x{301}e\x{301}e\x{301}e\x{301}e\x{301}e\x{301}e\x{301}e\x{301}e\x{301}e\x{301}e\x{301}e\x{301}e\x{301}e\x{301}e\x{301}e\x{301}e\x{301}e\x{301}e\x{301}e\x{301}e\x{301}e\x{301}e\x{301}e\x{301}e\x{301}e\x{301} e\x{301}e\x{301}e\x{301}e\x{301}e\x{301}e\x{301}e\x{301}e\x{301}e\x{301}e\x{301}e\x{301}e\x{301}e\x{301}e\x{301}e\x{301}e\x{301}e\x{301}e\x{301}e\x{301}e\x{301}e\x{301}e\x{301}"
          text run at (1040,5730) width 0: " "
          text run at (0,5745) width 1040: "e\x{301}e\x{301}e\x{301}e\x{301}e\x{301}e\x{301}e\x{301}e\x{301}e\x{301}e\x{301}e\x{301}e\x{301}e\x{301}e\x{301}e\x{301}e\x{301}e\x{301}e\x{301}e\x{301}e\x{301}e\x{301}e\x{301}e\x{301}e\x{301}e\x{301}e\x{301}e\x{301}e\x{301}e\x{301}e\x{301}e\x{301}e\x{301} e\x{301} e\x{301}e\x{301}e\x{301}e\x{301}e\x{301}e\x{301}e\x{301}e\x{301}e\x{301}e\x{301}e\x{301}e\x{301}e\x{301}e\x{301}e\x{301}e\x{301}e\x{301}e\x{301}e\x{301}e\x{301}e\x{301}e\x{301}e\x{301}e\x{301}e\x{301}e\x{301}e\x{301}e\x{301}e\x{301}e\x{301}e\x{301}e\x{301}e\x{301}e\x{301}e\x{301}e\x{301}e\x{301}e\x{301}e\x{301}e\x{301}e\x{301}e\x{301}e\x{301} e\x{301}e\x{301}e\x{301}e\x{301}e\x{301}e\x{301}e\x{301}e\x{301}e\x{301}e\x{301}e\x{301}e\x{301}e\x{301}e\x{301}e\x{301}e\x{301}e\x{301}e\x{301}e\x{301}e\x{301}e\x{301}e\x{301}e\x{301}e\x{301}e\x{301}e\x{301}e\x{301}e\x{301}e\x{301}e\x{301} e\x{301}e\x{301}e\x{301}e\x{301}e\x{301}e\x{301}e\x{301}e\x{301}e\x{301}e\x{301}e\x{301}e\x{301}e\x{301}e\x{301}e\x{301}e\x{301}e\x{301}e\x{301}e\x{301}e\x{301}e\x{301}e\x{301}"
          text run at (1040,5745) width 0: " "
          text run at (0,5760) width 1040: "e\x{301}e\x{301}e\x{301}e\x{301}e\x{301}e\x{301}e\x{301}e\x{301}e\x{301}e\x{301}e\x{301}e\x{301}e\x{301}e\x{301}e\x{301}e\x{301}e\x{301}e\x{301}e\x{301}e\x{301}e\x{301}e\x{301}e\x{301}e\x{301}e\x{301}e\x{301}e\x{301}e\x{301}e\x{301}e\x{301}e\x{301}e\x{301} e\x{301} e\x{301}e\x{301}e\x{301}e\x{301}e\x{301}e\x{301}e\x{301}e\x{301}e\x{301}e\x{301}e\x{301}e\x{301}e\x{301}e\x{301}e\x{301}e\x{301}e\x{301}e\x{301}e\x{301}e\x{301}e\x{301}e\x{301}e\x{301}e\x{301}e\x{301}e\x{301}e\x{301}e\x{301}e\x{301}e\x{301}e\x{301}e\x{301}e\x{301}e\x{301}e\x{301}e\x{301}e\x{301}e\x{301}e\x{301}e\x{301}e\x{301}e\x{301}e\x{301} e\x{301}e\x{301}e\x{301}e\x{301}e\x{301}e\x{301}e\x{301}e\x{301}e\x{301}e\x{301}e\x{301}e\x{301}e\x{301}e\x{301}e\x{301}e\x{301}e\x{301}e\x{301}e\x{301}e\x{301}e\x{301}e\x{301}e\x{301}e\x{301}e\x{301}e\x{301}e\x{301}e\x{301}e\x{301}e\x{301} e\x{301}e\x{301}e\x{301}e\x{301}e\x{301}e\x{301}e\x{301}e\x{301}e\x{301}e\x{301}e\x{301}e\x{301}e\x{301}e\x{301}e\x{301}e\x{301}e\x{301}e\x{301}e\x{301}e\x{301}e\x{301}e\x{301}"
          text run at (1040,5760) width 0: " "
          text run at (0,5775) width 1040: "e\x{301}e\x{301}e\x{301}e\x{301}e\x{301}e\x{301}e\x{301}e\x{301}e\x{301}e\x{301}e\x{301}e\x{301}e\x{301}e\x{301}e\x{301}e\x{301}e\x{301}e\x{301}e\x{301}e\x{301}e\x{301}e\x{301}e\x{301}e\x{301}e\x{301}e\x{301}e\x{301}e\x{301}e\x{301}e\x{301}e\x{301}e\x{301} e\x{301} e\x{301}e\x{301}e\x{301}e\x{301}e\x{301}e\x{301}e\x{301}e\x{301}e\x{301}e\x{301}e\x{301}e\x{301}e\x{301}e\x{301}e\x{301}e\x{301}e\x{301}e\x{301}e\x{301}e\x{301}e\x{301}e\x{301}e\x{301}e\x{301}e\x{301}e\x{301}e\x{301}e\x{301}e\x{301}e\x{301}e\x{301}e\x{301}e\x{301}e\x{301}e\x{301}e\x{301}e\x{301}e\x{301}e\x{301}e\x{301}e\x{301}e\x{301}e\x{301} e\x{301}e\x{301}e\x{301}e\x{301}e\x{301}e\x{301}e\x{301}e\x{301}e\x{301}e\x{301}e\x{301}e\x{301}e\x{301}e\x{301}e\x{301}e\x{301}e\x{301}e\x{301}e\x{301}e\x{301}e\x{301}e\x{301}e\x{301}e\x{301}e\x{301}e\x{301}e\x{301}e\x{301}e\x{301}e\x{301} e\x{301}e\x{301}e\x{301}e\x{301}e\x{301}e\x{301}e\x{301}e\x{301}e\x{301}e\x{301}e\x{301}e\x{301}e\x{301}e\x{301}e\x{301}e\x{301}e\x{301}e\x{301}e\x{301}e\x{301}e\x{301}e\x{301}"
          text run at (1040,5775) width 0: " "
          text run at (0,5790) width 1040: "e\x{301}e\x{301}e\x{301}e\x{301}e\x{301}e\x{301}e\x{301}e\x{301}e\x{301}e\x{301}e\x{301}e\x{301}e\x{301}e\x{301}e\x{301}e\x{301}e\x{301}e\x{301}e\x{301}e\x{301}e\x{301}e\x{301}e\x{301}e\x{301}e\x{301}e\x{301}e\x{301}e\x{301}e\x{301}e\x{301}e\x{301}e\x{301} e\x{301} e\x{301}e\x{301}e\x{301}e\x{301}e\x{301}e\x{301}e\x{301}e\x{301}e\x{301}e\x{301}e\x{301}e\x{301}e\x{301}e\x{301}e\x{301}e\x{301}e\x{301}e\x{301}e\x{301}e\x{301}e\x{301}e\x{301}e\x{301}e\x{301}e\x{301}e\x{301}e\x{301}e\x{301}e\x{301}e\x{301}e\x{301}e\x{301}e\x{301}e\x{301}e\x{301}e\x{301}e\x{301}e\x{301}e\x{301}e\x{301}e\x{301}e\x{301}e\x{301} e\x{301}e\x{301}e\x{301}e\x{301}e\x{301}e\x{301}e\x{301}e\x{301}e\x{301}e\x{301}e\x{301}e\x{301}e\x{301}e\x{301}e\x{301}e\x{301}e\x{301}e\x{301}e\x{301}e\x{301}e\x{301}e\x{301}e\x{301}e\x{301}e\x{301}e\x{301}e\x{301}e\x{301}e\x{301}e\x{301} e\x{301}e\x{301}e\x{301}e\x{301}e\x{301}e\x{301}e\x{301}e\x{301}e\x{301}e\x{301}e\x{301}e\x{301}e\x{301}e\x{301}e\x{301}e\x{301}e\x{301}e\x{301}e\x{301}e\x{301}e\x{301}e\x{301}"
          text run at (1040,5790) width 0: " "
          text run at (0,5805) width 1040: "e\x{301}e\x{301}e\x{301}e\x{301}e\x{301}e\x{301}e\x{301}e\x{301}e\x{301}e\x{301}e\x{301}e\x{301}e\x{301}e\x{301}e\x{301}e\x{301}e\x{301}e\x{301}e\x{301}e\x{301}e\x{301}e\x{301}e\x{301}e\x{301}e\x{301}e\x{301}e\x{301}e\x{301}e\x{301}e\x{301}e\x{301}e\x{301} e\x{301} e\x{301}e\x{301}e\x{301}e\x{301}e\x{301}e\x{301}e\x{301}e\x{301}e\x{301}e\x{301}e\x{301}e\x{301}e\x{301}e\x{301}e\x{301}e\x{301}e\x{301}e\x{301}e\x{301}e\x{301}e\x{301}e\x{301}e\x{301}e\x{301}e\x{301}e\x{301}e\x{301}e\x{301}e\x{301}e\x{301}e\x{301}e\x{301}e\x{301}e\x{301}e\x{301}e\x{301}e\x{301}e\x{301}e\x{301}e\x{301}e\x{301}e\x{301}e\x{301} e\x{301}e\x{301}e\x{301}e\x{301}e\x{301}e\x{301}e\x{301}e\x{301}e\x{301}e\x{301}e\x{301}e\x{301}e\x{301}e\x{301}e\x{301}e\x{301}e\x{301}e\x{301}e\x{301}e\x{301}e\x{301}e\x{301}e\x{301}e\x{301}e\x{301}e\x{301}e\x{301}e\x{301}e\x{301}e\x{301} e\x{301}e\x{301}e\x{301}e\x{301}e\x{301}e\x{301}e\x{301}e\x{301}e\x{301}e\x{301}e\x{301}e\x{301}e\x{301}e\x{301}e\x{301}e\x{301}e\x{301}e\x{301}e\x{301}e\x{301}e\x{301}e\x{301}"
          text run at (1040,5805) width 0: " "
          text run at (0,5820) width 1040: "e\x{301}e\x{301}e\x{301}e\x{301}e\x{301}e\x{301}e\x{301}e\x{301}e\x{301}e\x{301}e\x{301}e\x{301}e\x{301}e\x{301}e\x{301}e\x{301}e\x{301}e\x{301}e\x{301}e\x{301}e\x{301}e\x{301}e\x{301}e\x{301}e\x{301}e\x{301}e\x{301}e\x{301}e\x{301}e\x{301}e\x{301}e\x{301} e\x{301} e\x{301}e\x{301}e\x{301}e\x{301}e\x{301}e\x{301}e\x{301}e\x{301}e\x{301}e\x{301}e\x{301}e\x{301}e\x{301}e\x{301}e\x{301}e\x{301}e\x{301}e\x{301}e\x{301}e\x{301}e\x{301}e\x{301}e\x{301}e\x{301}e\x{301}e\x{301}e\x{301}e\x{301}e\x{301}e\x{301}e\x{301}e\x{301}e\x{301}e\x{301}e\x{301}e\x{301}e\x{301}e\x{301}e\x{301}e\x{301}e\x{301}e\x{301}e\x{301} e\x{301}e\x{301}e\x{301}e\x{301}e\x{301}e\x{301}e\x{301}e\x{301}e\x{301}e\x{301}e\x{301}e\x{301}e\x{301}e\x{301}e\x{301}e\x{301}e\x{301}e\x{301}e\x{301}e\x{301}e\x{301}e\x{301}e\x{301}e\x{301}e\x{301}e\x{301}e\x{301}e\x{301}e\x{301}e\x{301} e\x{301}e\x{301}e\x{301}e\x{301}e\x{301}e\x{301}e\x{301}e\x{301}e\x{301}e\x{301}e\x{301}e\x{301}e\x{301}e\x{301}e\x{301}e\x{301}e\x{301}e\x{301}e\x{301}e\x{301}e\x{301}e\x{301}"
          text run at (1040,5820) width 0: " "
          text run at (0,5835) width 1040: "e\x{301}e\x{301}e\x{301}e\x{301}e\x{301}e\x{301}e\x{301}e\x{301}e\x{301}e\x{301}e\x{301}e\x{301}e\x{301}e\x{301}e\x{301}e\x{301}e\x{301}e\x{301}e\x{301}e\x{301}e\x{301}e\x{301}e\x{301}e\x{301}e\x{301}e\x{301}e\x{301}e\x{301}e\x{301}e\x{301}e\x{301}e\x{301} e\x{301} e\x{301}e\x{301}e\x{301}e\x{301}e\x{301}e\x{301}e\x{301}e\x{301}e\x{301}e\x{301}e\x{301}e\x{301}e\x{301}e\x{301}e\x{301}e\x{301}e\x{301}e\x{301}e\x{301}e\x{301}e\x{301}e\x{301}e\x{301}e\x{301}e\x{301}e\x{301}e\x{301}e\x{301}e\x{301}e\x{301}e\x{301}e\x{301}e\x{301}e\x{301}e\x{301}e\x{301}e\x{301}e\x{301}e\x{301}e\x{301}e\x{301}e\x{301}e\x{301} e\x{301}e\x{301}e\x{301}e\x{301}e\x{301}e\x{301}e\x{301}e\x{301}e\x{301}e\x{301}e\x{301}e\x{301}e\x{301}e\x{301}e\x{301}e\x{301}e\x{301}e\x{301}e\x{301}e\x{301}e\x{301}e\x{301}e\x{301}e\x{301}e\x{301}e\x{301}e\x{301}e\x{301}e\x{301}e\x{301} e\x{301}e\x{301}e\x{301}e\x{301}e\x{301}e\x{301}e\x{301}e\x{301}e\x{301}e\x{301}e\x{301}e\x{301}e\x{301}e\x{301}e\x{301}e\x{301}e\x{301}e\x{301}e\x{301}e\x{301}e\x{301}e\x{301}"
          text run at (1040,5835) width 0: " "
          text run at (0,5850) width 1040: "e\x{301}e\x{301}e\x{301}e\x{301}e\x{301}e\x{301}e\x{301}e\x{301}e\x{301}e\x{301}e\x{301}e\x{301}e\x{301}e\x{301}e\x{301}e\x{301}e\x{301}e\x{301}e\x{301}e\x{301}e\x{301}e\x{301}e\x{301}e\x{301}e\x{301}e\x{301}e\x{301}e\x{301}e\x{301}e\x{301}e\x{301}e\x{301} e\x{301} e\x{301}e\x{301}e\x{301}e\x{301}e\x{301}e\x{301}e\x{301}e\x{301}e\x{301}e\x{301}e\x{301}e\x{301}e\x{301}e\x{301}e\x{301}e\x{301}e\x{301}e\x{301}e\x{301}e\x{301}e\x{301}e\x{301}e\x{301}e\x{301}e\x{301}e\x{301}e\x{301}e\x{301}e\x{301}e\x{301}e\x{301}e\x{301}e\x{301}e\x{301}e\x{301}e\x{301}e\x{301}e\x{301}e\x{301}e\x{301}e\x{301}e\x{301}e\x{301} e\x{301}e\x{301}e\x{301}e\x{301}e\x{301}e\x{301}e\x{301}e\x{301}e\x{301}e\x{301}e\x{301}e\x{301}e\x{301}e\x{301}e\x{301}e\x{301}e\x{301}e\x{301}e\x{301}e\x{301}e\x{301}e\x{301}e\x{301}e\x{301}e\x{301}e\x{301}e\x{301}e\x{301}e\x{301}e\x{301} e\x{301}e\x{301}e\x{301}e\x{301}e\x{301}e\x{301}e\x{301}e\x{301}e\x{301}e\x{301}e\x{301}e\x{301}e\x{301}e\x{301}e\x{301}e\x{301}e\x{301}e\x{301}e\x{301}e\x{301}e\x{301}e\x{301}"
          text run at (1040,5850) width 0: " "
          text run at (0,5865) width 1040: "e\x{301}e\x{301}e\x{301}e\x{301}e\x{301}e\x{301}e\x{301}e\x{301}e\x{301}e\x{301}e\x{301}e\x{301}e\x{301}e\x{301}e\x{301}e\x{301}e\x{301}e\x{301}e\x{301}e\x{301}e\x{301}e\x{301}e\x{301}e\x{301}e\x{301}e\x{301}e\x{301}e\x{301}e\x{301}e\x{301}e\x{301}e\x{301} e\x{301} e\x{301}e\x{301}e\x{301}e\x{301}e\x{301}e\x{301}e\x{301}e\x{301}e\x{301}e\x{301}e\x{301}e\x{301}e\x{301}e\x{301}e\x{301}e\x{301}e\x{301}e\x{301}e\x{301}e\x{301}e\x{301}e\x{301}e\x{301}e\x{301}e\x{301}e\x{301}e\x{301}e\x{301}e\x{301}e\x{301}e\x{301}e\x{301}e\x{301}e\x{301}e\x{301}e\x{301}e\x{301}e\x{301}e\x{301}e\x{301}e\x{301}e\x{301}e\x{301} e\x{301}e\x{301}e\x{301}e\x{301}e\x{301}e\x{301}e\x{301}e\x{301}e\x{301}e\x{301}e\x{301}e\x{301}e\x{301}e\x{301}e\x{301}e\x{301}e\x{301}e\x{301}e\x{301}e\x{301}e\x{301}e\x{301}e\x{301}e\x{301}e\x{301}e\x{301}e\x{301}e\x{301}e\x{301}e\x{301} e\x{301}e\x{301}e\x{301}e\x{301}e\x{301}e\x{301}e\x{301}e\x{301}e\x{301}e\x{301}e\x{301}e\x{301}e\x{301}e\x{301}e\x{301}e\x{301}e\x{301}e\x{301}e\x{301}e\x{301}e\x{301}e\x{301}"
          text run at (1040,5865) width 0: " "
          text run at (0,5880) width 1040: "e\x{301}e\x{301}e\x{301}e\x{301}e\x{301}e\x{301}e\x{301}e\x{301}e\x{301}e\x{301}e\x{301}e\x{301}e\x{301}e\x{301}e\x{301}e\x{301}e\x{301}e\x{301}e\x{301}e\x{301}e\x{301}e\x{301}e\x{301}e\x{301}e\x{301}e\x{301}e\x{301}e\x{301}e\x{301}e\x{301}e\x{301}e\x{301} e\x{301} e\x{301}e\x{301}e\x{301}e\x{301}e\x{301}e\x{301}e\x{301}e\x{301}e\x{301}e\x{301}e\x{301}e\x{301}e\x{301}e\x{301}e\x{301}e\x{301}e\x{301}e\x{301}e\x{301}e\x{301}e\x{301}e\x{301}e\x{301}e\x{301}e\x{301}e\x{301}e\x{301}e\x{301}e\x{301}e\x{301}e\x{301}e\x{301}e\x{301}e\x{301}e\x{301}e\x{301}e\x{301}e\x{301}e\x{301}e\x{301}e\x{301}e\x{301}e\x{301} e\x{301}e\x{301}e\x{301}e\x{301}e\x{301}e\x{301}e\x{301}e\x{301}e\x{301}e\x{301}e\x{301}e\x{301}e\x{301}e\x{301}e\x{301}e\x{301}e\x{301}e\x{301}e\x{301}e\x{301}e\x{301}e\x{301}e\x{301}e\x{301}e\x{301}e\x{301}e\x{301}e\x{301}e\x{301}e\x{301} e\x{301}e\x{301}e\x{301}e\x{301}e\x{301}e\x{301}e\x{301}e\x{301}e\x{301}e\x{301}e\x{301}e\x{301}e\x{301}e\x{301}e\x{301}e\x{301}e\x{301}e\x{301}e\x{301}e\x{301}e\x{301}e\x{301}"
          text run at (1040,5880) width 0: " "
          text run at (0,5895) width 1040: "e\x{301}e\x{301}e\x{301}e\x{301}e\x{301}e\x{301}e\x{301}e\x{301}e\x{301}e\x{301}e\x{301}e\x{301}e\x{301}e\x{301}e\x{301}e\x{301}e\x{301}e\x{301}e\x{301}e\x{301}e\x{301}e\x{301}e\x{301}e\x{301}e\x{301}e\x{301}e\x{301}e\x{301}e\x{301}e\x{301}e\x{301}e\x{301} e\x{301} e\x{301}e\x{301}e\x{301}e\x{301}e\x{301}e\x{301}e\x{301}e\x{301}e\x{301}e\x{301}e\x{301}e\x{301}e\x{301}e\x{301}e\x{301}e\x{301}e\x{301}e\x{301}e\x{301}e\x{301}e\x{301}e\x{301}e\x{301}e\x{301}e\x{301}e\x{301}e\x{301}e\x{301}e\x{301}e\x{301}e\x{301}e\x{301}e\x{301}e\x{301}e\x{301}e\x{301}e\x{301}e\x{301}e\x{301}e\x{301}e\x{301}e\x{301}e\x{301} e\x{301}e\x{301}e\x{301}e\x{301}e\x{301}e\x{301}e\x{301}e\x{301}e\x{301}e\x{301}e\x{301}e\x{301}e\x{301}e\x{301}e\x{301}e\x{301}e\x{301}e\x{301}e\x{301}e\x{301}e\x{301}e\x{301}e\x{301}e\x{301}e\x{301}e\x{301}e\x{301}e\x{301}e\x{301}e\x{301} e\x{301}e\x{301}e\x{301}e\x{301}e\x{301}e\x{301}e\x{301}e\x{301}e\x{301}e\x{301}e\x{301}e\x{301}e\x{301}e\x{301}e\x{301}e\x{301}e\x{301}e\x{301}e\x{301}e\x{301}e\x{301}e\x{301}"
          text run at (1040,5895) width 0: " "
          text run at (0,5910) width 1040: "e\x{301}e\x{301}e\x{301}e\x{301}e\x{301}e\x{301}e\x{301}e\x{301}e\x{301}e\x{301}e\x{301}e\x{301}e\x{301}e\x{301}e\x{301}e\x{301}e\x{301}e\x{301}e\x{301}e\x{301}e\x{301}e\x{301}e\x{301}e\x{301}e\x{301}e\x{301}e\x{301}e\x{301}e\x{301}e\x{301}e\x{301}e\x{301} e\x{301} e\x{301}e\x{301}e\x{301}e\x{301}e\x{301}e\x{301}e\x{301}e\x{301}e\x{301}e\x{301}e\x{301}e\x{301}e\x{301}e\x{301}e\x{301}e\x{301}e\x{301}e\x{301}e\x{301}e\x{301}e\x{301}e\x{301}e\x{301}e\x{301}e\x{301}e\x{301}e\x{301}e\x{301}e\x{301}e\x{301}e\x{301}e\x{301}e\x{301}e\x{301}e\x{301}e\x{301}e\x{301}e\x{301}e\x{301}e\x{301}e\x{301}e\x{301}e\x{301} e\x{301}e\x{301}e\x{301}e\x{301}e\x{301}e\x{301}e\x{301}e\x{301}e\x{301}e\x{301}e\x{301}e\x{301}e\x{301}e\x{301}e\x{301}e\x{301}e\x{301}e\x{301}e\x{301}e\x{301}e\x{301}e\x{301}e\x{301}e\x{301}e\x{301}e\x{301}e\x{301}e\x{301}e\x{301}e\x{301} e\x{301}e\x{301}e\x{301}e\x{301}e\x{301}e\x{301}e\x{301}e\x{301}e\x{301}e\x{301}e\x{301}e\x{301}e\x{301}e\x{301}e\x{301}e\x{301}e\x{301}e\x{301}e\x{301}e\x{301}e\x{301}e\x{301}"
          text run at (1040,5910) width 0: " "
          text run at (0,5925) width 1040: "e\x{301}e\x{301}e\x{301}e\x{301}e\x{301}e\x{301}e\x{301}e\x{301}e\x{301}e\x{301}e\x{301}e\x{301}e\x{301}e\x{301}e\x{301}e\x{301}e\x{301}e\x{301}e\x{301}e\x{301}e\x{301}e\x{301}e\x{301}e\x{301}e\x{301}e\x{301}e\x{301}e\x{301}e\x{301}e\x{301}e\x{301}e\x{301} e\x{301} e\x{301}e\x{301}e\x{301}e\x{301}e\x{301}e\x{301}e\x{301}e\x{301}e\x{301}e\x{301}e\x{301}e\x{301}e\x{301}e\x{301}e\x{301}e\x{301}e\x{301}e\x{301}e\x{301}e\x{301}e\x{301}e\x{301}e\x{301}e\x{301}e\x{301}e\x{301}e\x{301}e\x{301}e\x{301}e\x{301}e\x{301}e\x{301}e\x{301}e\x{301}e\x{301}e\x{301}e\x{301}e\x{301}e\x{301}e\x{301}e\x{301}e\x{301}e\x{301} e\x{301}e\x{301}e\x{301}e\x{301}e\x{301}e\x{301}e\x{301}e\x{301}e\x{301}e\x{301}e\x{301}e\x{301}e\x{301}e\x{301}e\x{301}e\x{301}e\x{301}e\x{301}e\x{301}e\x{301}e\x{301}e\x{301}e\x{301}e\x{301}e\x{301}e\x{301}e\x{301}e\x{301}e\x{301}e\x{301} e\x{301}e\x{301}e\x{301}e\x{301}e\x{301}e\x{301}e\x{301}e\x{301}e\x{301}e\x{301}e\x{301}e\x{301}e\x{301}e\x{301}e\x{301}e\x{301}e\x{301}e\x{301}e\x{301}e\x{301}e\x{301}e\x{301}"
          text run at (1040,5925) width 0: " "
          text run at (0,5940) width 1040: "e\x{301}e\x{301}e\x{301}e\x{301}e\x{301}e\x{301}e\x{301}e\x{301}e\x{301}e\x{301}e\x{301}e\x{301}e\x{301}e\x{301}e\x{301}e\x{301}e\x{301}e\x{301}e\x{301}e\x{301}e\x{301}e\x{301}e\x{301}e\x{301}e\x{301}e\x{301}e\x{301}e\x{301}e\x{301}e\x{301}e\x{301}e\x{301} e\x{301} e\x{301}e\x{301}e\x{301}e\x{301}e\x{301}e\x{301}e\x{301}e\x{301}e\x{301}e\x{301}e\x{301}e\x{301}e\x{301}e\x{301}e\x{301}e\x{301}e\x{301}e\x{301}e\x{301}e\x{301}e\x{301}e\x{301}e\x{301}e\x{301}e\x{301}e\x{301}e\x{301}e\x{301}e\x{301}e\x{301}e\x{301}e\x{301}e\x{301}e\x{301}e\x{301}e\x{301}e\x{301}e\x{301}e\x{301}e\x{301}e\x{301}e\x{301}e\x{301} e\x{301}e\x{301}e\x{301}e\x{301}e\x{301}e\x{301}e\x{301}e\x{301}e\x{301}e\x{301}e\x{301}e\x{301}e\x{301}e\x{301}e\x{301}e\x{301}e\x{301}e\x{301}e\x{301}e\x{301}e\x{301}e\x{301}e\x{301}e\x{301}e\x{301}e\x{301}e\x{301}e\x{301}e\x{301}e\x{301} e\x{301}e\x{301}e\x{301}e\x{301}e\x{301}e\x{301}e\x{301}e\x{301}e\x{301}e\x{301}e\x{301}e\x{301}e\x{301}e\x{301}e\x{301}e\x{301}e\x{301}e\x{301}e\x{301}e\x{301}e\x{301}e\x{301}"
          text run at (1040,5940) width 0: " "
          text run at (0,5955) width 1040: "e\x{301}e\x{301}e\x{301}e\x{301}e\x{301}e\x{301}e\x{301}e\x{301}e\x{301}e\x{301}e\x{301}e\x{301}e\x{301}e\x{301}e\x{301}e\x{301}e\x{301}e\x{301}e\x{301}e\x{301}e\x{301}e\x{301}e\x{301}e\x{301}e\x{301}e\x{301}e\x{301}e\x{301}e\x{301}e\x{301}e\x{301}e\x{301} e\x{301} e\x{301}e\x{301}e\x{301}e\x{301}e\x{301}e\x{301}e\x{301}e\x{301}e\x{301}e\x{301}e\x{301}e\x{301}e\x{301}e\x{301}e\x{301}e\x{301}e\x{301}e\x{301}e\x{301}e\x{301}e\x{301}e\x{301}e\x{301}e\x{301}e\x{301}e\x{301}e\x{301}e\x{301}e\x{301}e\x{301}e\x{301}e\x{301}e\x{301}e\x{301}e\x{301}e\x{301}e\x{301}e\x{301}e\x{301}e\x{301}e\x{301}e\x{301}e\x{301} e\x{301}e\x{301}e\x{301}e\x{301}e\x{301}e\x{301}e\x{301}e\x{301}e\x{301}e\x{301}e\x{301}e\x{301}e\x{301}e\x{301}e\x{301}e\x{301}e\x{301}e\x{301}e\x{301}e\x{301}e\x{301}e\x{301}e\x{301}e\x{301}e\x{301}e\x{301}e\x{301}e\x{301}e\x{301}e\x{301} e\x{301}e\x{301}e\x{301}e\x{301}e\x{301}e\x{301}e\x{301}e\x{301}e\x{301}e\x{301}e\x{301}e\x{301}e\x{301}e\x{301}e\x{301}e\x{301}e\x{301}e\x{301}e\x{301}e\x{301}e\x{301}e\x{301}"
          text run at (1040,5955) width 0: " "
          text run at (0,5970) width 1040: "e\x{301}e\x{301}e\x{301}e\x{301}e\x{301}e\x{301}e\x{301}e\x{301}e\x{301}e\x{301}e\x{301}e\x{301}e\x{301}e\x{301}e\x{301}e\x{301}e\x{301}e\x{301}e\x{301}e\x{301}e\x{301}e\x{301}e\x{301}e\x{301}e\x{301}e\x{301}e\x{301}e\x{301}e\x{301}e\x{301}e\x{301}e\x{301} e\x{301} e\x{301}e\x{301}e\x{301}e\x{301}e\x{301}e\x{301}e\x{301}e\x{301}e\x{301}e\x{301}e\x{301}e\x{301}e\x{301}e\x{301}e\x{301}e\x{301}e\x{301}e\x{301}e\x{301}e\x{301}e\x{301}e\x{301}e\x{301}e\x{301}e\x{301}e\x{301}e\x{301}e\x{301}e\x{301}e\x{301}e\x{301}e\x{301}e\x{301}e\x{301}e\x{301}e\x{301}e\x{301}e\x{301}e\x{301}e\x{301}e\x{301}e\x{301}e\x{301} e\x{301}e\x{301}e\x{301}e\x{301}e\x{301}e\x{301}e\x{301}e\x{301}e\x{301}e\x{301}e\x{301}e\x{301}e\x{301}e\x{301}e\x{301}e\x{301}e\x{301}e\x{301}e\x{301}e\x{301}e\x{301}e\x{301}e\x{301}e\x{301}e\x{301}e\x{301}e\x{301}e\x{301}e\x{301}e\x{301} e\x{301}e\x{301}e\x{301}e\x{301}e\x{301}e\x{301}e\x{301}e\x{301}e\x{301}e\x{301}e\x{301}e\x{301}e\x{301}e\x{301}e\x{301}e\x{301}e\x{301}e\x{301}e\x{301}e\x{301}e\x{301}e\x{301}"
          text run at (1040,5970) width 0: " "
          text run at (0,5985) width 1040: "e\x{301}e\x{301}e\x{301}e\x{301}e\x{301}e\x{301}e\x{301}e\x{301}e\x{301}e\x{301}e\x{301}e\x{301}e\x{301}e\x{301}e\x{301}e\x{301}e\x{301}e\x{301}e\x{301}e\x{301}e\x{301}e\x{301}e\x{301}e\x{301}e\x{301}e\x{301}e\x{301}e\x{301}e\x{301}e\x{301}e\x{301}e\x{301} e\x{301} e\x{301}e\x{301}e\x{301}e\x{301}e\x{301}e\x{301}e\x{301}e\x{301}e\x{301}e\x{301}e\x{301}e\x{301}e\x{301}e\x{301}e\x{301}e\x{301}e\x{301}e\x{301}e\x{301}e\x{301}e\x{301}e\x{301}e\x{301}e\x{301}e\x{301}e\x{301}e\x{301}e\x{301}e\x{301}e\x{301}e\x{301}e\x{301}e\x{301}e\x{301}e\x{301}e\x{301}e\x{301}e\x{301}e\x{301}e\x{301}e\x{301}e\x{301}e\x{301} e\x{301}e\x{301}e\x{301}e\x{301}e\x{301}e\x{301}e\x{301}e\x{301}e\x{301}e\x{301}e\x{301}e\x{301}e\x{301}e\x{301}e\x{301}e\x{301}e\x{301}e\x{301}e\x{301}e\x{301}e\x{301}e\x{301}e\x{301}e\x{301}e\x{301}e\x{301}e\x{301}e\x{301}e\x{301}e\x{301} e\x{301}e\x{301}e\x{301}e\x{301}e\x{301}e\x{301}e\x{301}e\x{301}e\x{301}e\x{301}e\x{301}e\x{301}e\x{301}e\x{301}e\x{301}e\x{301}e\x{301}e\x{301}e\x{301}e\x{301}e\x{301}e\x{301}"
          text run at (1040,5985) width 0: " "
          text run at (0,6000) width 1040: "e\x{301}e\x{301}e\x{301}e\x{301}e\x{301}e\x{301}e\x{301}e\x{301}e\x{301}e\x{301}e\x{301}e\x{301}e\x{301}e\x{301}e\x{301}e\x{301}e\x{301}e\x{301}e\x{301}e\x{301}e\x{301}e\x{301}e\x{301}e\x{301}e\x{301}e\x{301}e\x{301}e\x{301}e\x{301}e\x{301}e\x{301}e\x{301} e\x{301} e\x{301}e\x{301}e\x{301}e\x{301}e\x{301}e\x{301}e\x{301}e\x{301}e\x{301}e\x{301}e\x{301}e\x{301}e\x{301}e\x{301}e\x{301}e\x{301}e\x{301}e\x{301}e\x{301}e\x{301}e\x{301}e\x{301}e\x{301}e\x{301}e\x{301}e\x{301}e\x{301}e\x{301}e\x{301}e\x{301}e\x{301}e\x{301}e\x{301}e\x{301}e\x{301}e\x{301}e\x{301}e\x{301}e\x{301}e\x{301}e\x{301}e\x{301}e\x{301} e\x{301}e\x{301}e\x{301}e\x{301}e\x{301}e\x{301}e\x{301}e\x{301}e\x{301}e\x{301}e\x{301}e\x{301}e\x{301}e\x{301}e\x{301}e\x{301}e\x{301}e\x{301}e\x{301}e\x{301}e\x{301}e\x{301}e\x{301}e\x{301}e\x{301}e\x{301}e\x{301}e\x{301}e\x{301}e\x{301} e\x{301}e\x{301}e\x{301}e\x{301}e\x{301}e\x{301}e\x{301}e\x{301}e\x{301}e\x{301}e\x{301}e\x{301}e\x{301}e\x{301}e\x{301}e\x{301}e\x{301}e\x{301}e\x{301}e\x{301}e\x{301}e\x{301}"
          text run at (1040,6000) width 0: " "
          text run at (0,6015) width 1040: "e\x{301}e\x{301}e\x{301}e\x{301}e\x{301}e\x{301}e\x{301}e\x{301}e\x{301}e\x{301}e\x{301}e\x{301}e\x{301}e\x{301}e\x{301}e\x{301}e\x{301}e\x{301}e\x{301}e\x{301}e\x{301}e\x{301}e\x{301}e\x{301}e\x{301}e\x{301}e\x{301}e\x{301}e\x{301}e\x{301}e\x{301}e\x{301} e\x{301} e\x{301}e\x{301}e\x{301}e\x{301}e\x{301}e\x{301}e\x{301}e\x{301}e\x{301}e\x{301}e\x{301}e\x{301}e\x{301}e\x{301}e\x{301}e\x{301}e\x{301}e\x{301}e\x{301}e\x{301}e\x{301}e\x{301}e\x{301}e\x{301}e\x{301}e\x{301}e\x{301}e\x{301}e\x{301}e\x{301}e\x{301}e\x{301}e\x{301}e\x{301}e\x{301}e\x{301}e\x{301}e\x{301}e\x{301}e\x{301}e\x{301}e\x{301}e\x{301} e\x{301}e\x{301}e\x{301}e\x{301}e\x{301}e\x{301}e\x{301}e\x{301}e\x{301}e\x{301}e\x{301}e\x{301}e\x{301}e\x{301}e\x{301}e\x{301}e\x{301}e\x{301}e\x{301}e\x{301}e\x{301}e\x{301}e\x{301}e\x{301}e\x{301}e\x{301}e\x{301}e\x{301}e\x{301}e\x{301} e\x{301}e\x{301}e\x{301}e\x{301}e\x{301}e\x{301}e\x{301}e\x{301}e\x{301}e\x{301}e\x{301}e\x{301}e\x{301}e\x{301}e\x{301}e\x{301}e\x{301}e\x{301}e\x{301}e\x{301}e\x{301}e\x{301}"
          text run at (1040,6015) width 0: " "
          text run at (0,6030) width 1040: "e\x{301}e\x{301}e\x{301}e\x{301}e\x{301}e\x{301}e\x{301}e\x{301}e\x{301}e\x{301}e\x{301}e\x{301}e\x{301}e\x{301}e\x{301}e\x{301}e\x{301}e\x{301}e\x{301}e\x{301}e\x{301}e\x{301}e\x{301}e\x{301}e\x{301}e\x{301}e\x{301}e\x{301}e\x{301}e\x{301}e\x{301}e\x{301} e\x{301} e\x{301}e\x{301}e\x{301}e\x{301}e\x{301}e\x{301}e\x{301}e\x{301}e\x{301}e\x{301}e\x{301}e\x{301}e\x{301}e\x{301}e\x{301}e\x{301}e\x{301}e\x{301}e\x{301}e\x{301}e\x{301}e\x{301}e\x{301}e\x{301}e\x{301}e\x{301}e\x{301}e\x{301}e\x{301}e\x{301}e\x{301}e\x{301}e\x{301}e\x{301}e\x{301}e\x{301}e\x{301}e\x{301}e\x{301}e\x{301}e\x{301}e\x{301}e\x{301} e\x{301}e\x{301}e\x{301}e\x{301}e\x{301}e\x{301}e\x{301}e\x{301}e\x{301}e\x{301}e\x{301}e\x{301}e\x{301}e\x{301}e\x{301}e\x{301}e\x{301}e\x{301}e\x{301}e\x{301}e\x{301}e\x{301}e\x{301}e\x{301}e\x{301}e\x{301}e\x{301}e\x{301}e\x{301}e\x{301} e\x{301}e\x{301}e\x{301}e\x{301}e\x{301}e\x{301}e\x{301}e\x{301}e\x{301}e\x{301}e\x{301}e\x{301}e\x{301}e\x{301}e\x{301}e\x{301}e\x{301}e\x{301}e\x{301}e\x{301}e\x{301}e\x{301}"
          text run at (1040,6030) width 0: " "
          text run at (0,6045) width 1040: "e\x{301}e\x{301}e\x{301}e\x{301}e\x{301}e\x{301}e\x{301}e\x{301}e\x{301}e\x{301}e\x{301}e\x{301}e\x{301}e\x{301}e\x{301}e\x{301}e\x{301}e\x{301}e\x{301}e\x{301}e\x{301}e\x{301}e\x{301}e\x{301}e\x{301}e\x{301}e\x{301}e\x{301}e\x{301}e\x{301}e\x{301}e\x{301} e\x{301} e\x{301}e\x{301}e\x{301}e\x{301}e\x{301}e\x{301}e\x{301}e\x{301}e\x{301}e\x{301}e\x{301}e\x{301}e\x{301}e\x{301}e\x{301}e\x{301}e\x{301}e\x{301}e\x{301}e\x{301}e\x{301}e\x{301}e\x{301}e\x{301}e\x{301}e\x{301}e\x{301}e\x{301}e\x{301}e\x{301}e\x{301}e\x{301}e\x{301}e\x{301}e\x{301}e\x{301}e\x{301}e\x{301}e\x{301}e\x{301}e\x{301}e\x{301}e\x{301} e\x{301}e\x{301}e\x{301}e\x{301}e\x{301}e\x{301}e\x{301}e\x{301}e\x{301}e\x{301}e\x{301}e\x{301}e\x{301}e\x{301}e\x{301}e\x{301}e\x{301}e\x{301}e\x{301}e\x{301}e\x{301}e\x{301}e\x{301}e\x{301}e\x{301}e\x{301}e\x{301}e\x{301}e\x{301}e\x{301} e\x{301}e\x{301}e\x{301}e\x{301}e\x{301}e\x{301}e\x{301}e\x{301}e\x{301}e\x{301}e\x{301}e\x{301}e\x{301}e\x{301}e\x{301}e\x{301}e\x{301}e\x{301}e\x{301}e\x{301}e\x{301}e\x{301}"
          text run at (1040,6045) width 0: " "
          text run at (0,6060) width 1040: "e\x{301}e\x{301}e\x{301}e\x{301}e\x{301}e\x{301}e\x{301}e\x{301}e\x{301}e\x{301}e\x{301}e\x{301}e\x{301}e\x{301}e\x{301}e\x{301}e\x{301}e\x{301}e\x{301}e\x{301}e\x{301}e\x{301}e\x{301}e\x{301}e\x{301}e\x{301}e\x{301}e\x{301}e\x{301}e\x{301}e\x{301}e\x{301} e\x{301} e\x{301}e\x{301}e\x{301}e\x{301}e\x{301}e\x{301}e\x{301}e\x{301}e\x{301}e\x{301}e\x{301}e\x{301}e\x{301}e\x{301}e\x{301}e\x{301}e\x{301}e\x{301}e\x{301}e\x{301}e\x{301}e\x{301}e\x{301}e\x{301}e\x{301}e\x{301}e\x{301}e\x{301}e\x{301}e\x{301}e\x{301}e\x{301}e\x{301}e\x{301}e\x{301}e\x{301}e\x{301}e\x{301}e\x{301}e\x{301}e\x{301}e\x{301}e\x{301} e\x{301}e\x{301}e\x{301}e\x{301}e\x{301}e\x{301}e\x{301}e\x{301}e\x{301}e\x{301}e\x{301}e\x{301}e\x{301}e\x{301}e\x{301}e\x{301}e\x{301}e\x{301}e\x{301}e\x{301}e\x{301}e\x{301}e\x{301}e\x{301}e\x{301}e\x{301}e\x{301}e\x{301}e\x{301}e\x{301} e\x{301}e\x{301}e\x{301}e\x{301}e\x{301}e\x{301}e\x{301}e\x{301}e\x{301}e\x{301}e\x{301}e\x{301}e\x{301}e\x{301}e\x{301}e\x{301}e\x{301}e\x{301}e\x{301}e\x{301}e\x{301}e\x{301}"
          text run at (1040,6060) width 0: " "
          text run at (0,6075) width 1040: "e\x{301}e\x{301}e\x{301}e\x{301}e\x{301}e\x{301}e\x{301}e\x{301}e\x{301}e\x{301}e\x{301}e\x{301}e\x{301}e\x{301}e\x{301}e\x{301}e\x{301}e\x{301}e\x{301}e\x{301}e\x{301}e\x{301}e\x{301}e\x{301}e\x{301}e\x{301}e\x{301}e\x{301}e\x{301}e\x{301}e\x{301}e\x{301} e\x{301} e\x{301}e\x{301}e\x{301}e\x{301}e\x{301}e\x{301}e\x{301}e\x{301}e\x{301}e\x{301}e\x{301}e\x{301}e\x{301}e\x{301}e\x{301}e\x{301}e\x{301}e\x{301}e\x{301}e\x{301}e\x{301}e\x{301}e\x{301}e\x{301}e\x{301}e\x{301}e\x{301}e\x{301}e\x{301}e\x{301}e\x{301}e\x{301}e\x{301}e\x{301}e\x{301}e\x{301}e\x{301}e\x{301}e\x{301}e\x{301}e\x{301}e\x{301}e\x{301} e\x{301}e\x{301}e\x{301}e\x{301}e\x{301}e\x{301}e\x{301}e\x{301}e\x{301}e\x{301}e\x{301}e\x{301}e\x{301}e\x{301}e\x{301}e\x{301}e\x{301}e\x{301}e\x{301}e\x{301}e\x{301}e\x{301}e\x{301}e\x{301}e\x{301}e\x{301}e\x{301}e\x{301}e\x{301}e\x{301} e\x{301}e\x{301}e\x{301}e\x{301}e\x{301}e\x{301}e\x{301}e\x{301}e\x{301}e\x{301}e\x{301}e\x{301}e\x{301}e\x{301}e\x{301}e\x{301}e\x{301}e\x{301}e\x{301}e\x{301}e\x{301}e\x{301}"
          text run at (1040,6075) width 0: " "
          text run at (0,6090) width 1040: "e\x{301}e\x{301}e\x{301}e\x{301}e\x{301}e\x{301}e\x{301}e\x{301}e\x{301}e\x{301}e\x{301}e\x{301}e\x{301}e\x{301}e\x{301}e\x{301}e\x{301}e\x{301}e\x{301}e\x{301}e\x{301}e\x{301}e\x{301}e\x{301}e\x{301}e\x{301}e\x{301}e\x{301}e\x{301}e\x{301}e\x{301}e\x{301} e\x{301} e\x{301}e\x{301}e\x{301}e\x{301}e\x{301}e\x{301}e\x{301}e\x{301}e\x{301}e\x{301}e\x{301}e\x{301}e\x{301}e\x{301}e\x{301}e\x{301}e\x{301}e\x{301}e\x{301}e\x{301}e\x{301}e\x{301}e\x{301}e\x{301}e\x{301}e\x{301}e\x{301}e\x{301}e\x{301}e\x{301}e\x{301}e\x{301}e\x{301}e\x{301}e\x{301}e\x{301}e\x{301}e\x{301}e\x{301}e\x{301}e\x{301}e\x{301}e\x{301} e\x{301}e\x{301}e\x{301}e\x{301}e\x{301}e\x{301}e\x{301}e\x{301}e\x{301}e\x{301}e\x{301}e\x{301}e\x{301}e\x{301}e\x{301}e\x{301}e\x{301}e\x{301}e\x{301}e\x{301}e\x{301}e\x{301}e\x{301}e\x{301}e\x{301}e\x{301}e\x{301}e\x{301}e\x{301}e\x{301} e\x{301}e\x{301}e\x{301}e\x{301}e\x{301}e\x{301}e\x{301}e\x{301}e\x{301}e\x{301}e\x{301}e\x{301}e\x{301}e\x{301}e\x{301}e\x{301}e\x{301}e\x{301}e\x{301}e\x{301}e\x{301}e\x{301}"
          text run at (1040,6090) width 0: " "
          text run at (0,6105) width 1040: "e\x{301}e\x{301}e\x{301}e\x{301}e\x{301}e\x{301}e\x{301}e\x{301}e\x{301}e\x{301}e\x{301}e\x{301}e\x{301}e\x{301}e\x{301}e\x{301}e\x{301}e\x{301}e\x{301}e\x{301}e\x{301}e\x{301}e\x{301}e\x{301}e\x{301}e\x{301}e\x{301}e\x{301}e\x{301}e\x{301}e\x{301}e\x{301} e\x{301} e\x{301}e\x{301}e\x{301}e\x{301}e\x{301}e\x{301}e\x{301}e\x{301}e\x{301}e\x{301}e\x{301}e\x{301}e\x{301}e\x{301}e\x{301}e\x{301}e\x{301}e\x{301}e\x{301}e\x{301}e\x{301}e\x{301}e\x{301}e\x{301}e\x{301}e\x{301}e\x{301}e\x{301}e\x{301}e\x{301}e\x{301}e\x{301}e\x{301}e\x{301}e\x{301}e\x{301}e\x{301}e\x{301}e\x{301}e\x{301}e\x{301}e\x{301}e\x{301} e\x{301}e\x{301}e\x{301}e\x{301}e\x{301}e\x{301}e\x{301}e\x{301}e\x{301}e\x{301}e\x{301}e\x{301}e\x{301}e\x{301}e\x{301}e\x{301}e\x{301}e\x{301}e\x{301}e\x{301}e\x{301}e\x{301}e\x{301}e\x{301}e\x{301}e\x{301}e\x{301}e\x{301}e\x{301}e\x{301} e\x{301}e\x{301}e\x{301}e\x{301}e\x{301}e\x{301}e\x{301}e\x{301}e\x{301}e\x{301}e\x{301}e\x{301}e\x{301}e\x{301}e\x{301}e\x{301}e\x{301}e\x{301}e\x{301}e\x{301}e\x{301}e\x{301}"
          text run at (1040,6105) width 0: " "
          text run at (0,6120) width 1040: "e\x{301}e\x{301}e\x{301}e\x{301}e\x{301}e\x{301}e\x{301}e\x{301}e\x{301}e\x{301}e\x{301}e\x{301}e\x{301}e\x{301}e\x{301}e\x{301}e\x{301}e\x{301}e\x{301}e\x{301}e\x{301}e\x{301}e\x{301}e\x{301}e\x{301}e\x{301}e\x{301}e\x{301}e\x{301}e\x{301}e\x{301}e\x{301} e\x{301} e\x{301}e\x{301}e\x{301}e\x{301}e\x{301}e\x{301}e\x{301}e\x{301}e\x{301}e\x{301}e\x{301}e\x{301}e\x{301}e\x{301}e\x{301}e\x{301}e\x{301}e\x{301}e\x{301}e\x{301}e\x{301}e\x{301}e\x{301}e\x{301}e\x{301}e\x{301}e\x{301}e\x{301}e\x{301}e\x{301}e\x{301}e\x{301}e\x{301}e\x{301}e\x{301}e\x{301}e\x{301}e\x{301}e\x{301}e\x{301}e\x{301}e\x{301}e\x{301} e\x{301}e\x{301}e\x{301}e\x{301}e\x{301}e\x{301}e\x{301}e\x{301}e\x{301}e\x{301}e\x{301}e\x{301}e\x{301}e\x{301}e\x{301}e\x{301}e\x{301}e\x{301}e\x{301}e\x{301}e\x{301}e\x{301}e\x{301}e\x{301}e\x{301}e\x{301}e\x{301}e\x{301}e\x{301}e\x{301} e\x{301}e\x{301}e\x{301}e\x{301}e\x{301}e\x{301}e\x{301}e\x{301}e\x{301}e\x{301}e\x{301}e\x{301}e\x{301}e\x{301}e\x{301}e\x{301}e\x{301}e\x{301}e\x{301}e\x{301}e\x{301}e\x{301}"
          text run at (1040,6120) width 0: " "
          text run at (0,6135) width 1040: "e\x{301}e\x{301}e\x{301}e\x{301}e\x{301}e\x{301}e\x{301}e\x{301}e\x{301}e\x{301}e\x{301}e\x{301}e\x{301}e\x{301}e\x{301}e\x{301}e\x{301}e\x{301}e\x{301}e\x{301}e\x{301}e\x{301}e\x{301}e\x{301}e\x{301}e\x{301}e\x{301}e\x{301}e\x{301}e\x{301}e\x{301}e\x{301} e\x{301} e\x{301}e\x{301}e\x{301}e\x{301}e\x{301}e\x{301}e\x{301}e\x{301}e\x{301}e\x{301}e\x{301}e\x{301}e\x{301}e\x{301}e\x{301}e\x{301}e\x{301}e\x{301}e\x{301}e\x{301}e\x{301}e\x{301}e\x{301}e\x{301}e\x{301}e\x{301}e\x{301}e\x{301}e\x{301}e\x{301}e\x{301}e\x{301}e\x{301}e\x{301}e\x{301}e\x{301}e\x{301}e\x{301}e\x{301}e\x{301}e\x{301}e\x{301}e\x{301} e\x{301}e\x{301}e\x{301}e\x{301}e\x{301}e\x{301}e\x{301}e\x{301}e\x{301}e\x{301}e\x{301}e\x{301}e\x{301}e\x{301}e\x{301}e\x{301}e\x{301}e\x{301}e\x{301}e\x{301}e\x{301}e\x{301}e\x{301}e\x{301}e\x{301}e\x{301}e\x{301}e\x{301}e\x{301}e\x{301} e\x{301}e\x{301}e\x{301}e\x{301}e\x{301}e\x{301}e\x{301}e\x{301}e\x{301}e\x{301}e\x{301}e\x{301}e\x{301}e\x{301}e\x{301}e\x{301}e\x{301}e\x{301}e\x{301}e\x{301}e\x{301}e\x{301}"
          text run at (1040,6135) width 0: " "
          text run at (0,6150) width 1040: "e\x{301}e\x{301}e\x{301}e\x{301}e\x{301}e\x{301}e\x{301}e\x{301}e\x{301}e\x{301}e\x{301}e\x{301}e\x{301}e\x{301}e\x{301}e\x{301}e\x{301}e\x{301}e\x{301}e\x{301}e\x{301}e\x{301}e\x{301}e\x{301}e\x{301}e\x{301}e\x{301}e\x{301}e\x{301}e\x{301}e\x{301}e\x{301} e\x{301} e\x{301}e\x{301}e\x{301}e\x{301}e\x{301}e\x{301}e\x{301}e\x{301}e\x{301}e\x{301}e\x{301}e\x{301}e\x{301}e\x{301}e\x{301}e\x{301}e\x{301}e\x{301}e\x{301}e\x{301}e\x{301}e\x{301}e\x{301}e\x{301}e\x{301}e\x{301}e\x{301}e\x{301}e\x{301}e\x{301}e\x{301}e\x{301}e\x{301}e\x{301}e\x{301}e\x{301}e\x{301}e\x{301}e\x{301}e\x{301}e\x{301}e\x{301}e\x{301} e\x{301}e\x{301}e\x{301}e\x{301}e\x{301}e\x{301}e\x{301}e\x{301}e\x{301}e\x{301}e\x{301}e\x{301}e\x{301}e\x{301}e\x{301}e\x{301}e\x{301}e\x{301}e\x{301}e\x{301}e\x{301}e\x{301}e\x{301}e\x{301}e\x{301}e\x{301}e\x{301}e\x{301}e\x{301}e\x{301} e\x{301}e\x{301}e\x{301}e\x{301}e\x{301}e\x{301}e\x{301}e\x{301}e\x{301}e\x{301}e\x{301}e\x{301}e\x{301}e\x{301}e\x{301}e\x{301}e\x{301}e\x{301}e\x{301}e\x{301}e\x{301}e\x{301}"
          text run at (1040,6150) width 0: " "
          text run at (0,6165) width 1040: "e\x{301}e\x{301}e\x{301}e\x{301}e\x{301}e\x{301}e\x{301}e\x{301}e\x{301}e\x{301}e\x{301}e\x{301}e\x{301}e\x{301}e\x{301}e\x{301}e\x{301}e\x{301}e\x{301}e\x{301}e\x{301}e\x{301}e\x{301}e\x{301}e\x{301}e\x{301}e\x{301}e\x{301}e\x{301}e\x{301}e\x{301}e\x{301} e\x{301} e\x{301}e\x{301}e\x{301}e\x{301}e\x{301}e\x{301}e\x{301}e\x{301}e\x{301}e\x{301}e\x{301}e\x{301}e\x{301}e\x{301}e\x{301}e\x{301}e\x{301}e\x{301}e\x{301}e\x{301}e\x{301}e\x{301}e\x{301}e\x{301}e\x{301}e\x{301}e\x{301}e\x{301}e\x{301}e\x{301}e\x{301}e\x{301}e\x{301}e\x{301}e\x{301}e\x{301}e\x{301}e\x{301}e\x{301}e\x{301}e\x{301}e\x{301}e\x{301} e\x{301}e\x{301}e\x{301}e\x{301}e\x{301}e\x{301}e\x{301}e\x{301}e\x{301}e\x{301}e\x{301}e\x{301}e\x{301}e\x{301}e\x{301}e\x{301}e\x{301}e\x{301}e\x{301}e\x{301}e\x{301}e\x{301}e\x{301}e\x{301}e\x{301}e\x{301}e\x{301}e\x{301}e\x{301}e\x{301} e\x{301}e\x{301}e\x{301}e\x{301}e\x{301}e\x{301}e\x{301}e\x{301}e\x{301}e\x{301}e\x{301}e\x{301}e\x{301}e\x{301}e\x{301}e\x{301}e\x{301}e\x{301}e\x{301}e\x{301}e\x{301}e\x{301}"
          text run at (1040,6165) width 0: " "
          text run at (0,6180) width 1040: "e\x{301}e\x{301}e\x{301}e\x{301}e\x{301}e\x{301}e\x{301}e\x{301}e\x{301}e\x{301}e\x{301}e\x{301}e\x{301}e\x{301}e\x{301}e\x{301}e\x{301}e\x{301}e\x{301}e\x{301}e\x{301}e\x{301}e\x{301}e\x{301}e\x{301}e\x{301}e\x{301}e\x{301}e\x{301}e\x{301}e\x{301}e\x{301} e\x{301} e\x{301}e\x{301}e\x{301}e\x{301}e\x{301}e\x{301}e\x{301}e\x{301}e\x{301}e\x{301}e\x{301}e\x{301}e\x{301}e\x{301}e\x{301}e\x{301}e\x{301}e\x{301}e\x{301}e\x{301}e\x{301}e\x{301}e\x{301}e\x{301}e\x{301}e\x{301}e\x{301}e\x{301}e\x{301}e\x{301}e\x{301}e\x{301}e\x{301}e\x{301}e\x{301}e\x{301}e\x{301}e\x{301}e\x{301}e\x{301}e\x{301}e\x{301}e\x{301} e\x{301}e\x{301}e\x{301}e\x{301}e\x{301}e\x{301}e\x{301}e\x{301}e\x{301}e\x{301}e\x{301}e\x{301}e\x{301}e\x{301}e\x{301}e\x{301}e\x{301}e\x{301}e\x{301}e\x{301}e\x{301}e\x{301}e\x{301}e\x{301}e\x{301}e\x{301}e\x{301}e\x{301}e\x{301}e\x{301} e\x{301}e\x{301}e\x{301}e\x{301}e\x{301}e\x{301}e\x{301}e\x{301}e\x{301}e\x{301}e\x{301}e\x{301}e\x{301}e\x{301}e\x{301}e\x{301}e\x{301}e\x{301}e\x{301}e\x{301}e\x{301}e\x{301}"
          text run at (1040,6180) width 0: " "
          text run at (0,6195) width 1040: "e\x{301}e\x{301}e\x{301}e\x{301}e\x{301}e\x{301}e\x{301}e\x{301}e\x{301}e\x{301}e\x{301}e\x{301}e\x{301}e\x{301}e\x{301}e\x{301}e\x{301}e\x{301}e\x{301}e\x{301}e\x{301}e\x{301}e\x{301}e\x{301}e\x{301}e\x{301}e\x{301}e\x{301}e\x{301}e\x{301}e\x{301}e\x{301} e\x{301} e\x{301}e\x{301}e\x{301}e\x{301}e\x{301}e\x{301}e\x{301}e\x{301}e\x{301}e\x{301}e\x{301}e\x{301}e\x{301}e\x{301}e\x{301}e\x{301}e\x{301}e\x{301}e\x{301}e\x{301}e\x{301}e\x{301}e\x{301}e\x{301}e\x{301}e\x{301}e\x{301}e\x{301}e\x{301}e\x{301}e\x{301}e\x{301}e\x{301}e\x{301}e\x{301}e\x{301}e\x{301}e\x{301}e\x{301}e\x{301}e\x{301}e\x{301}e\x{301} e\x{301}e\x{301}e\x{301}e\x{301}e\x{301}e\x{301}e\x{301}e\x{301}e\x{301}e\x{301}e\x{301}e\x{301}e\x{301}e\x{301}e\x{301}e\x{301}e\x{301}e\x{301}e\x{301}e\x{301}e\x{301}e\x{301}e\x{301}e\x{301}e\x{301}e\x{301}e\x{301}e\x{301}e\x{301}e\x{301} e\x{301}e\x{301}e\x{301}e\x{301}e\x{301}e\x{301}e\x{301}e\x{301}e\x{301}e\x{301}e\x{301}e\x{301}e\x{301}e\x{301}e\x{301}e\x{301}e\x{301}e\x{301}e\x{301}e\x{301}e\x{301}e\x{301}"
          text run at (1040,6195) width 0: " "
          text run at (0,6210) width 1040: "e\x{301}e\x{301}e\x{301}e\x{301}e\x{301}e\x{301}e\x{301}e\x{301}e\x{301}e\x{301}e\x{301}e\x{301}e\x{301}e\x{301}e\x{301}e\x{301}e\x{301}e\x{301}e\x{301}e\x{301}e\x{301}e\x{301}e\x{301}e\x{301}e\x{301}e\x{301}e\x{301}e\x{301}e\x{301}e\x{301}e\x{301}e\x{301} e\x{301} e\x{301}e\x{301}e\x{301}e\x{301}e\x{301}e\x{301}e\x{301}e\x{301}e\x{301}e\x{301}e\x{301}e\x{301}e\x{301}e\x{301}e\x{301}e\x{301}e\x{301}e\x{301}e\x{301}e\x{301}e\x{301}e\x{301}e\x{301}e\x{301}e\x{301}e\x{301}e\x{301}e\x{301}e\x{301}e\x{301}e\x{301}e\x{301}e\x{301}e\x{301}e\x{301}e\x{301}e\x{301}e\x{301}e\x{301}e\x{301}e\x{301}e\x{301}e\x{301} e\x{301}e\x{301}e\x{301}e\x{301}e\x{301}e\x{301}e\x{301}e\x{301}e\x{301}e\x{301}e\x{301}e\x{301}e\x{301}e\x{301}e\x{301}e\x{301}e\x{301}e\x{301}e\x{301}e\x{301}e\x{301}e\x{301}e\x{301}e\x{301}e\x{301}e\x{301}e\x{301}e\x{301}e\x{301}e\x{301} e\x{301}e\x{301}e\x{301}e\x{301}e\x{301}e\x{301}e\x{301}e\x{301}e\x{301}e\x{301}e\x{301}e\x{301}e\x{301}e\x{301}e\x{301}e\x{301}e\x{301}e\x{301}e\x{301}e\x{301}e\x{301}e\x{301}"
          text run at (1040,6210) width 0: " "
          text run at (0,6225) width 1040: "e\x{301}e\x{301}e\x{301}e\x{301}e\x{301}e\x{301}e\x{301}e\x{301}e\x{301}e\x{301}e\x{301}e\x{301}e\x{301}e\x{301}e\x{301}e\x{301}e\x{301}e\x{301}e\x{301}e\x{301}e\x{301}e\x{301}e\x{301}e\x{301}e\x{301}e\x{301}e\x{301}e\x{301}e\x{301}e\x{301}e\x{301}e\x{301} e\x{301} e\x{301}e\x{301}e\x{301}e\x{301}e\x{301}e\x{301}e\x{301}e\x{301}e\x{301}e\x{301}e\x{301}e\x{301}e\x{301}e\x{301}e\x{301}e\x{301}e\x{301}e\x{301}e\x{301}e\x{301}e\x{301}e\x{301}e\x{301}e\x{301}e\x{301}e\x{301}e\x{301}e\x{301}e\x{301}e\x{301}e\x{301}e\x{301}e\x{301}e\x{301}e\x{301}e\x{301}e\x{301}e\x{301}e\x{301}e\x{301}e\x{301}e\x{301}e\x{301} e\x{301}e\x{301}e\x{301}e\x{301}e\x{301}e\x{301}e\x{301}e\x{301}e\x{301}e\x{301}e\x{301}e\x{301}e\x{301}e\x{301}e\x{301}e\x{301}e\x{301}e\x{301}e\x{301}e\x{301}e\x{301}e\x{301}e\x{301}e\x{301}e\x{301}e\x{301}e\x{301}e\x{301}e\x{301}e\x{301} e\x{301}e\x{301}e\x{301}e\x{301}e\x{301}e\x{301}e\x{301}e\x{301}e\x{301}e\x{301}e\x{301}e\x{301}e\x{301}e\x{301}e\x{301}e\x{301}e\x{301}e\x{301}e\x{301}e\x{301}e\x{301}e\x{301}"
          text run at (1040,6225) width 0: " "
          text run at (0,6240) width 1040: "e\x{301}e\x{301}e\x{301}e\x{301}e\x{301}e\x{301}e\x{301}e\x{301}e\x{301}e\x{301}e\x{301}e\x{301}e\x{301}e\x{301}e\x{301}e\x{301}e\x{301}e\x{301}e\x{301}e\x{301}e\x{301}e\x{301}e\x{301}e\x{301}e\x{301}e\x{301}e\x{301}e\x{301}e\x{301}e\x{301}e\x{301}e\x{301} e\x{301} e\x{301}e\x{301}e\x{301}e\x{301}e\x{301}e\x{301}e\x{301}e\x{301}e\x{301}e\x{301}e\x{301}e\x{301}e\x{301}e\x{301}e\x{301}e\x{301}e\x{301}e\x{301}e\x{301}e\x{301}e\x{301}e\x{301}e\x{301}e\x{301}e\x{301}e\x{301}e\x{301}e\x{301}e\x{301}e\x{301}e\x{301}e\x{301}e\x{301}e\x{301}e\x{301}e\x{301}e\x{301}e\x{301}e\x{301}e\x{301}e\x{301}e\x{301}e\x{301} e\x{301}e\x{301}e\x{301}e\x{301}e\x{301}e\x{301}e\x{301}e\x{301}e\x{301}e\x{301}e\x{301}e\x{301}e\x{301}e\x{301}e\x{301}e\x{301}e\x{301}e\x{301}e\x{301}e\x{301}e\x{301}e\x{301}e\x{301}e\x{301}e\x{301}e\x{301}e\x{301}e\x{301}e\x{301}e\x{301} e\x{301}e\x{301}e\x{301}e\x{301}e\x{301}e\x{301}e\x{301}e\x{301}e\x{301}e\x{301}e\x{301}e\x{301}e\x{301}e\x{301}e\x{301}e\x{301}e\x{301}e\x{301}e\x{301}e\x{301}e\x{301}e\x{301}"
          text run at (1040,6240) width 0: " "
          text run at (0,6255) width 1040: "e\x{301}e\x{301}e\x{301}e\x{301}e\x{301}e\x{301}e\x{301}e\x{301}e\x{301}e\x{301}e\x{301}e\x{301}e\x{301}e\x{301}e\x{301}e\x{301}e\x{301}e\x{301}e\x{301}e\x{301}e\x{301}e\x{301}e\x{301}e\x{301}e\x{301}e\x{301}e\x{301}e\x{301}e\x{301}e\x{301}e\x{301}e\x{301} e\x{301} e\x{301}e\x{301}e\x{301}e\x{301}e\x{301}e\x{301}e\x{301}e\x{301}e\x{301}e\x{301}e\x{301}e\x{301}e\x{301}e\x{301}e\x{301}e\x{301}e\x{301}e\x{301}e\x{301}e\x{301}e\x{301}e\x{301}e\x{301}e\x{301}e\x{301}e\x{301}e\x{301}e\x{301}e\x{301}e\x{301}e\x{301}e\x{301}e\x{301}e\x{301}e\x{301}e\x{301}e\x{301}e\x{301}e\x{301}e\x{301}e\x{301}e\x{301}e\x{301} e\x{301}e\x{301}e\x{301}e\x{301}e\x{301}e\x{301}e\x{301}e\x{301}e\x{301}e\x{301}e\x{301}e\x{301}e\x{301}e\x{301}e\x{301}e\x{301}e\x{301}e\x{301}e\x{301}e\x{301}e\x{301}e\x{301}e\x{301}e\x{301}e\x{301}e\x{301}e\x{301}e\x{301}e\x{301}e\x{301} e\x{301}e\x{301}e\x{301}e\x{301}e\x{301}e\x{301}e\x{301}e\x{301}e\x{301}e\x{301}e\x{301}e\x{301}e\x{301}e\x{301}e\x{301}e\x{301}e\x{301}e\x{301}e\x{301}e\x{301}e\x{301}e\x{301}"
          text run at (1040,6255) width 0: " "
          text run at (0,6270) width 1040: "e\x{301}e\x{301}e\x{301}e\x{301}e\x{301}e\x{301}e\x{301}e\x{301}e\x{301}e\x{301}e\x{301}e\x{301}e\x{301}e\x{301}e\x{301}e\x{301}e\x{301}e\x{301}e\x{301}e\x{301}e\x{301}e\x{301}e\x{301}e\x{301}e\x{301}e\x{301}e\x{301}e\x{301}e\x{301}e\x{301}e\x{301}e\x{301} e\x{301} e\x{301}e\x{301}e\x{301}e\x{301}e\x{301}e\x{301}e\x{301}e\x{301}e\x{301}e\x{301}e\x{301}e\x{301}e\x{301}e\x{301}e\x{301}e\x{301}e\x{301}e\x{301}e\x{301}e\x{301}e\x{301}e\x{301}e\x{301}e\x{301}e\x{301}e\x{301}e\x{301}e\x{301}e\x{301}e\x{301}e\x{301}e\x{301}e\x{301}e\x{301}e\x{301}e\x{301}e\x{301}e\x{301}e\x{301}e\x{301}e\x{301}e\x{301}e\x{301} e\x{301}e\x{301}e\x{301}e\x{301}e\x{301}e\x{301}e\x{301}e\x{301}e\x{301}e\x{301}e\x{301}e\x{301}e\x{301}e\x{301}e\x{301}e\x{301}e\x{301}e\x{301}e\x{301}e\x{301}e\x{301}e\x{301}e\x{301}e\x{301}e\x{301}e\x{301}e\x{301}e\x{301}e\x{301}e\x{301} e\x{301}e\x{301}e\x{301}e\x{301}e\x{301}e\x{301}e\x{301}e\x{301}e\x{301}e\x{301}e\x{301}e\x{301}e\x{301}e\x{301}e\x{301}e\x{301}e\x{301}e\x{301}e\x{301}e\x{301}e\x{301}e\x{301}"
          text run at (1040,6270) width 0: " "
          text run at (0,6285) width 1040: "e\x{301}e\x{301}e\x{301}e\x{301}e\x{301}e\x{301}e\x{301}e\x{301}e\x{301}e\x{301}e\x{301}e\x{301}e\x{301}e\x{301}e\x{301}e\x{301}e\x{301}e\x{301}e\x{301}e\x{301}e\x{301}e\x{301}e\x{301}e\x{301}e\x{301}e\x{301}e\x{301}e\x{301}e\x{301}e\x{301}e\x{301}e\x{301} e\x{301} e\x{301}e\x{301}e\x{301}e\x{301}e\x{301}e\x{301}e\x{301}e\x{301}e\x{301}e\x{301}e\x{301}e\x{301}e\x{301}e\x{301}e\x{301}e\x{301}e\x{301}e\x{301}e\x{301}e\x{301}e\x{301}e\x{301}e\x{301}e\x{301}e\x{301}e\x{301}e\x{301}e\x{301}e\x{301}e\x{301}e\x{301}e\x{301}e\x{301}e\x{301}e\x{301}e\x{301}e\x{301}e\x{301}e\x{301}e\x{301}e\x{301}e\x{301}e\x{301} e\x{301}e\x{301}e\x{301}e\x{301}e\x{301}e\x{301}e\x{301}e\x{301}e\x{301}e\x{301}e\x{301}e\x{301}e\x{301}e\x{301}e\x{301}e\x{301}e\x{301}e\x{301}e\x{301}e\x{301}e\x{301}e\x{301}e\x{301}e\x{301}e\x{301}e\x{301}e\x{301}e\x{301}e\x{301}e\x{301} e\x{301}e\x{301}e\x{301}e\x{301}e\x{301}e\x{301}e\x{301}e\x{301}e\x{301}e\x{301}e\x{301}e\x{301}e\x{301}e\x{301}e\x{301}e\x{301}e\x{301}e\x{301}e\x{301}e\x{301}e\x{301}e\x{301}"
          text run at (1040,6285) width 0: " "
          text run at (0,6300) width 1040: "e\x{301}e\x{301}e\x{301}e\x{301}e\x{301}e\x{301}e\x{301}e\x{301}e\x{301}e\x{301}e\x{301}e\x{301}e\x{301}e\x{301}e\x{301}e\x{301}e\x{301}e\x{301}e\x{301}e\x{301}e\x{301}e\x{301}e\x{301}e\x{301}e\x{301}e\x{301}e\x{301}e\x{301}e\x{301}e\x{301}e\x{301}e\x{301} e\x{301} e\x{301}e\x{301}e\x{301}e\x{301}e\x{301}e\x{301}e\x{301}e\x{301}e\x{301}e\x{301}e\x{301}e\x{301}e\x{301}e\x{301}e\x{301}e\x{301}e\x{301}e\x{301}e\x{301}e\x{301}e\x{301}e\x{301}e\x{301}e\x{301}e\x{301}e\x{301}e\x{301}e\x{301}e\x{301}e\x{301}e\x{301}e\x{301}e\x{301}e\x{301}e\x{301}e\x{301}e\x{301}e\x{301}e\x{301}e\x{301}e\x{301}e\x{301}e\x{301} e\x{301}e\x{301}e\x{301}e\x{301}e\x{301}e\x{301}e\x{301}e\x{301}e\x{301}e\x{301}e\x{301}e\x{301}e\x{301}e\x{301}e\x{301}e\x{301}e\x{301}e\x{301}e\x{301}e\x{301}e\x{301}e\x{301}e\x{301}e\x{301}e\x{301}e\x{301}e\x{301}e\x{301}e\x{301}e\x{301} e\x{301}e\x{301}e\x{301}e\x{301}e\x{301}e\x{301}e\x{301}e\x{301}e\x{301}e\x{301}e\x{301}e\x{301}e\x{301}e\x{301}e\x{301}e\x{301}e\x{301}e\x{301}e\x{301}e\x{301}e\x{301}e\x{301}"
          text run at (1040,6300) width 0: " "
          text run at (0,6315) width 1040: "e\x{301}e\x{301}e\x{301}e\x{301}e\x{301}e\x{301}e\x{301}e\x{301}e\x{301}e\x{301}e\x{301}e\x{301}e\x{301}e\x{301}e\x{301}e\x{301}e\x{301}e\x{301}e\x{301}e\x{301}e\x{301}e\x{301}e\x{301}e\x{301}e\x{301}e\x{301}e\x{301}e\x{301}e\x{301}e\x{301}e\x{301}e\x{301} e\x{301} e\x{301}e\x{301}e\x{301}e\x{301}e\x{301}e\x{301}e\x{301}e\x{301}e\x{301}e\x{301}e\x{301}e\x{301}e\x{301}e\x{301}e\x{301}e\x{301}e\x{301}e\x{301}e\x{301}e\x{301}e\x{301}e\x{301}e\x{301}e\x{301}e\x{301}e\x{301}e\x{301}e\x{301}e\x{301}e\x{301}e\x{301}e\x{301}e\x{301}e\x{301}e\x{301}e\x{301}e\x{301}e\x{301}e\x{301}e\x{301}e\x{301}e\x{301}e\x{301} e\x{301}e\x{301}e\x{301}e\x{301}e\x{301}e\x{301}e\x{301}e\x{301}e\x{301}e\x{301}e\x{301}e\x{301}e\x{301}e\x{301}e\x{301}e\x{301}e\x{301}e\x{301}e\x{301}e\x{301}e\x{301}e\x{301}e\x{301}e\x{301}e\x{301}e\x{301}e\x{301}e\x{301}e\x{301}e\x{301} e\x{301}e\x{301}e\x{301}e\x{301}e\x{301}e\x{301}e\x{301}e\x{301}e\x{301}e\x{301}e\x{301}e\x{301}e\x{301}e\x{301}e\x{301}e\x{301}e\x{301}e\x{301}e\x{301}e\x{301}e\x{301}e\x{301}"
          text run at (1040,6315) width 0: " "
          text run at (0,6330) width 1040: "e\x{301}e\x{301}e\x{301}e\x{301}e\x{301}e\x{301}e\x{301}e\x{301}e\x{301}e\x{301}e\x{301}e\x{301}e\x{301}e\x{301}e\x{301}e\x{301}e\x{301}e\x{301}e\x{301}e\x{301}e\x{301}e\x{301}e\x{301}e\x{301}e\x{301}e\x{301}e\x{301}e\x{301}e\x{301}e\x{301}e\x{301}e\x{301} e\x{301} e\x{301}e\x{301}e\x{301}e\x{301}e\x{301}e\x{301}e\x{301}e\x{301}e\x{301}e\x{301}e\x{301}e\x{301}e\x{301}e\x{301}e\x{301}e\x{301}e\x{301}e\x{301}e\x{301}e\x{301}e\x{301}e\x{301}e\x{301}e\x{301}e\x{301}e\x{301}e\x{301}e\x{301}e\x{301}e\x{301}e\x{301}e\x{301}e\x{301}e\x{301}e\x{301}e\x{301}e\x{301}e\x{301}e\x{301}e\x{301}e\x{301}e\x{301}e\x{301} e\x{301}e\x{301}e\x{301}e\x{301}e\x{301}e\x{301}e\x{301}e\x{301}e\x{301}e\x{301}e\x{301}e\x{301}e\x{301}e\x{301}e\x{301}e\x{301}e\x{301}e\x{301}e\x{301}e\x{301}e\x{301}e\x{301}e\x{301}e\x{301}e\x{301}e\x{301}e\x{301}e\x{301}e\x{301}e\x{301} e\x{301}e\x{301}e\x{301}e\x{301}e\x{301}e\x{301}e\x{301}e\x{301}e\x{301}e\x{301}e\x{301}e\x{301}e\x{301}e\x{301}e\x{301}e\x{301}e\x{301}e\x{301}e\x{301}e\x{301}e\x{301}e\x{301}"
          text run at (1040,6330) width 0: " "
          text run at (0,6345) width 1040: "e\x{301}e\x{301}e\x{301}e\x{301}e\x{301}e\x{301}e\x{301}e\x{301}e\x{301}e\x{301}e\x{301}e\x{301}e\x{301}e\x{301}e\x{301}e\x{301}e\x{301}e\x{301}e\x{301}e\x{301}e\x{301}e\x{301}e\x{301}e\x{301}e\x{301}e\x{301}e\x{301}e\x{301}e\x{301}e\x{301}e\x{301}e\x{301} e\x{301} e\x{301}e\x{301}e\x{301}e\x{301}e\x{301}e\x{301}e\x{301}e\x{301}e\x{301}e\x{301}e\x{301}e\x{301}e\x{301}e\x{301}e\x{301}e\x{301}e\x{301}e\x{301}e\x{301}e\x{301}e\x{301}e\x{301}e\x{301}e\x{301}e\x{301}e\x{301}e\x{301}e\x{301}e\x{301}e\x{301}e\x{301}e\x{301}e\x{301}e\x{301}e\x{301}e\x{301}e\x{301}e\x{301}e\x{301}e\x{301}e\x{301}e\x{301}e\x{301} e\x{301}e\x{301}e\x{301}e\x{301}e\x{301}e\x{301}e\x{301}e\x{301}e\x{301}e\x{301}e\x{301}e\x{301}e\x{301}e\x{301}e\x{301}e\x{301}e\x{301}e\x{301}e\x{301}e\x{301}e\x{301}e\x{301}e\x{301}e\x{301}e\x{301}e\x{301}e\x{301}e\x{301}e\x{301}e\x{301} e\x{301}e\x{301}e\x{301}e\x{301}e\x{301}e\x{301}e\x{301}e\x{301}e\x{301}e\x{301}e\x{301}e\x{301}e\x{301}e\x{301}e\x{301}e\x{301}e\x{301}e\x{301}e\x{301}e\x{301}e\x{301}e\x{301}"
          text run at (1040,6345) width 0: " "
          text run at (0,6360) width 1040: "e\x{301}e\x{301}e\x{301}e\x{301}e\x{301}e\x{301}e\x{301}e\x{301}e\x{301}e\x{301}e\x{301}e\x{301}e\x{301}e\x{301}e\x{301}e\x{301}e\x{301}e\x{301}e\x{301}e\x{301}e\x{301}e\x{301}e\x{301}e\x{301}e\x{301}e\x{301}e\x{301}e\x{301}e\x{301}e\x{301}e\x{301}e\x{301} e\x{301} e\x{301}e\x{301}e\x{301}e\x{301}e\x{301}e\x{301}e\x{301}e\x{301}e\x{301}e\x{301}e\x{301}e\x{301}e\x{301}e\x{301}e\x{301}e\x{301}e\x{301}e\x{301}e\x{301}e\x{301}e\x{301}e\x{301}e\x{301}e\x{301}e\x{301}e\x{301}e\x{301}e\x{301}e\x{301}e\x{301}e\x{301}e\x{301}e\x{301}e\x{301}e\x{301}e\x{301}e\x{301}e\x{301}e\x{301}e\x{301}e\x{301}e\x{301}e\x{301} e\x{301}e\x{301}e\x{301}e\x{301}e\x{301}e\x{301}e\x{301}e\x{301}e\x{301}e\x{301}e\x{301}e\x{301}e\x{301}e\x{301}e\x{301}e\x{301}e\x{301}e\x{301}e\x{301}e\x{301}e\x{301}e\x{301}e\x{301}e\x{301}e\x{301}e\x{301}e\x{301}e\x{301}e\x{301}e\x{301} e\x{301}e\x{301}e\x{301}e\x{301}e\x{301}e\x{301}e\x{301}e\x{301}e\x{301}e\x{301}e\x{301}e\x{301}e\x{301}e\x{301}e\x{301}e\x{301}e\x{301}e\x{301}e\x{301}e\x{301}e\x{301}e\x{301}"
          text run at (1040,6360) width 0: " "
          text run at (0,6375) width 1040: "e\x{301}e\x{301}e\x{301}e\x{301}e\x{301}e\x{301}e\x{301}e\x{301}e\x{301}e\x{301}e\x{301}e\x{301}e\x{301}e\x{301}e\x{301}e\x{301}e\x{301}e\x{301}e\x{301}e\x{301}e\x{301}e\x{301}e\x{301}e\x{301}e\x{301}e\x{301}e\x{301}e\x{301}e\x{301}e\x{301}e\x{301}e\x{301} e\x{301} e\x{301}e\x{301}e\x{301}e\x{301}e\x{301}e\x{301}e\x{301}e\x{301}e\x{301}e\x{301}e\x{301}e\x{301}e\x{301}e\x{301}e\x{301}e\x{301}e\x{301}e\x{301}e\x{301}e\x{301}e\x{301}e\x{301}e\x{301}e\x{301}e\x{301}e\x{301}e\x{301}e\x{301}e\x{301}e\x{301}e\x{301}e\x{301}e\x{301}e\x{301}e\x{301}e\x{301}e\x{301}e\x{301}e\x{301}e\x{301}e\x{301}e\x{301}e\x{301} e\x{301}e\x{301}e\x{301}e\x{301}e\x{301}e\x{301}e\x{301}e\x{301}e\x{301}e\x{301}e\x{301}e\x{301}e\x{301}e\x{301}e\x{301}e\x{301}e\x{301}e\x{301}e\x{301}e\x{301}e\x{301}e\x{301}e\x{301}e\x{301}e\x{301}e\x{301}e\x{301}e\x{301}e\x{301}e\x{301} e\x{301}e\x{301}e\x{301}e\x{301}e\x{301}e\x{301}e\x{301}e\x{301}e\x{301}e\x{301}e\x{301}e\x{301}e\x{301}e\x{301}e\x{301}e\x{301}e\x{301}e\x{301}e\x{301}e\x{301}e\x{301}e\x{301}"
          text run at (1040,6375) width 0: " "
          text run at (0,6390) width 1040: "e\x{301}e\x{301}e\x{301}e\x{301}e\x{301}e\x{301}e\x{301}e\x{301}e\x{301}e\x{301}e\x{301}e\x{301}e\x{301}e\x{301}e\x{301}e\x{301}e\x{301}e\x{301}e\x{301}e\x{301}e\x{301}e\x{301}e\x{301}e\x{301}e\x{301}e\x{301}e\x{301}e\x{301}e\x{301}e\x{301}e\x{301}e\x{301} e\x{301} e\x{301}e\x{301}e\x{301}e\x{301}e\x{301}e\x{301}e\x{301}e\x{301}e\x{301}e\x{301}e\x{301}e\x{301}e\x{301}e\x{301}e\x{301}e\x{301}e\x{301}e\x{301}e\x{301}e\x{301}e\x{301}e\x{301}e\x{301}e\x{301}e\x{301}e\x{301}e\x{301}e\x{301}e\x{301}e\x{301}e\x{301}e\x{301}e\x{301}e\x{301}e\x{301}e\x{301}e\x{301}e\x{301}e\x{301}e\x{301}e\x{301}e\x{301}e\x{301} e\x{301}e\x{301}e\x{301}e\x{301}e\x{301}e\x{301}e\x{301}e\x{301}e\x{301}e\x{301}e\x{301}e\x{301}e\x{301}e\x{301}e\x{301}e\x{301}e\x{301}e\x{301}e\x{301}e\x{301}e\x{301}e\x{301}e\x{301}e\x{301}e\x{301}e\x{301}e\x{301}e\x{301}e\x{301}e\x{301} e\x{301}e\x{301}e\x{301}e\x{301}e\x{301}e\x{301}e\x{301}e\x{301}e\x{301}e\x{301}e\x{301}e\x{301}e\x{301}e\x{301}e\x{301}e\x{301}e\x{301}e\x{301}e\x{301}e\x{301}e\x{301}e\x{301}"
          text run at (1040,6390) width 0: " "
          text run at (0,6405) width 1040: "e\x{301}e\x{301}e\x{301}e\x{301}e\x{301}e\x{301}e\x{301}e\x{301}e\x{301}e\x{301}e\x{301}e\x{301}e\x{301}e\x{301}e\x{301}e\x{301}e\x{301}e\x{301}e\x{301}e\x{301}e\x{301}e\x{301}e\x{301}e\x{301}e\x{301}e\x{301}e\x{301}e\x{301}e\x{301}e\x{301}e\x{301}e\x{301} e\x{301} e\x{301}e\x{301}e\x{301}e\x{301}e\x{301}e\x{301}e\x{301}e\x{301}e\x{301}e\x{301}e\x{301}e\x{301}e\x{301}e\x{301}e\x{301}e\x{301}e\x{301}e\x{301}e\x{301}e\x{301}e\x{301}e\x{301}e\x{301}e\x{301}e\x{301}e\x{301}e\x{301}e\x{301}e\x{301}e\x{301}e\x{301}e\x{301}e\x{301}e\x{301}e\x{301}e\x{301}e\x{301}e\x{301}e\x{301}e\x{301}e\x{301}e\x{301}e\x{301} e\x{301}e\x{301}e\x{301}e\x{301}e\x{301}e\x{301}e\x{301}e\x{301}e\x{301}e\x{301}e\x{301}e\x{301}e\x{301}e\x{301}e\x{301}e\x{301}e\x{301}e\x{301}e\x{301}e\x{301}e\x{301}e\x{301}e\x{301}e\x{301}e\x{301}e\x{301}e\x{301}e\x{301}e\x{301}e\x{301} e\x{301}e\x{301}e\x{301}e\x{301}e\x{301}e\x{301}e\x{301}e\x{301}e\x{301}e\x{301}e\x{301}e\x{301}e\x{301}e\x{301}e\x{301}e\x{301}e\x{301}e\x{301}e\x{301}e\x{301}e\x{301}e\x{301}"
          text run at (1040,6405) width 0: " "
          text run at (0,6420) width 1040: "e\x{301}e\x{301}e\x{301}e\x{301}e\x{301}e\x{301}e\x{301}e\x{301}e\x{301}e\x{301}e\x{301}e\x{301}e\x{301}e\x{301}e\x{301}e\x{301}e\x{301}e\x{301}e\x{301}e\x{301}e\x{301}e\x{301}e\x{301}e\x{301}e\x{301}e\x{301}e\x{301}e\x{301}e\x{301}e\x{301}e\x{301}e\x{301} e\x{301} e\x{301}e\x{301}e\x{301}e\x{301}e\x{301}e\x{301}e\x{301}e\x{301}e\x{301}e\x{301}e\x{301}e\x{301}e\x{301}e\x{301}e\x{301}e\x{301}e\x{301}e\x{301}e\x{301}e\x{301}e\x{301}e\x{301}e\x{301}e\x{301}e\x{301}e\x{301}e\x{301}e\x{301}e\x{301}e\x{301}e\x{301}e\x{301}e\x{301}e\x{301}e\x{301}e\x{301}e\x{301}e\x{301}e\x{301}e\x{301}e\x{301}e\x{301}e\x{301} e\x{301}e\x{301}e\x{301}e\x{301}e\x{301}e\x{301}e\x{301}e\x{301}e\x{301}e\x{301}e\x{301}e\x{301}e\x{301}e\x{301}e\x{301}e\x{301}e\x{301}e\x{301}e\x{301}e\x{301}e\x{301}e\x{301}e\x{301}e\x{301}e\x{301}e\x{301}e\x{301}e\x{301}e\x{301}e\x{301} e\x{301}e\x{301}e\x{301}e\x{301}e\x{301}e\x{301}e\x{301}e\x{301}e\x{301}e\x{301}e\x{301}e\x{301}e\x{301}e\x{301}e\x{301}e\x{301}e\x{301}e\x{301}e\x{301}e\x{301}e\x{301}e\x{301}"
          text run at (1040,6420) width 0: " "
          text run at (0,6435) width 1040: "e\x{301}e\x{301}e\x{301}e\x{301}e\x{301}e\x{301}e\x{301}e\x{301}e\x{301}e\x{301}e\x{301}e\x{301}e\x{301}e\x{301}e\x{301}e\x{301}e\x{301}e\x{301}e\x{301}e\x{301}e\x{301}e\x{301}e\x{301}e\x{301}e\x{301}e\x{301}e\x{301}e\x{301}e\x{301}e\x{301}e\x{301}e\x{301} e\x{301} e\x{301}e\x{301}e\x{301}e\x{301}e\x{301}e\x{301}e\x{301}e\x{301}e\x{301}e\x{301}e\x{301}e\x{301}e\x{301}e\x{301}e\x{301}e\x{301}e\x{301}e\x{301}e\x{301}e\x{301}e\x{301}e\x{301}e\x{301}e\x{301}e\x{301}e\x{301}e\x{301}e\x{301}e\x{301}e\x{301}e\x{301}e\x{301}e\x{301}e\x{301}e\x{301}e\x{301}e\x{301}e\x{301}e\x{301}e\x{301}e\x{301}e\x{301}e\x{301} e\x{301}e\x{301}e\x{301}e\x{301}e\x{301}e\x{301}e\x{301}e\x{301}e\x{301}e\x{301}e\x{301}e\x{301}e\x{301}e\x{301}e\x{301}e\x{301}e\x{301}e\x{301}e\x{301}e\x{301}e\x{301}e\x{301}e\x{301}e\x{301}e\x{301}e\x{301}e\x{301}e\x{301}e\x{301}e\x{301} e\x{301}e\x{301}e\x{301}e\x{301}e\x{301}e\x{301}e\x{301}e\x{301}e\x{301}e\x{301}e\x{301}e\x{301}e\x{301}e\x{301}e\x{301}e\x{301}e\x{301}e\x{301}e\x{301}e\x{301}e\x{301}e\x{301}"
          text run at (1040,6435) width 0: " "
          text run at (0,6450) width 1040: "e\x{301}e\x{301}e\x{301}e\x{301}e\x{301}e\x{301}e\x{301}e\x{301}e\x{301}e\x{301}e\x{301}e\x{301}e\x{301}e\x{301}e\x{301}e\x{301}e\x{301}e\x{301}e\x{301}e\x{301}e\x{301}e\x{301}e\x{301}e\x{301}e\x{301}e\x{301}e\x{301}e\x{301}e\x{301}e\x{301}e\x{301}e\x{301} e\x{301} e\x{301}e\x{301}e\x{301}e\x{301}e\x{301}e\x{301}e\x{301}e\x{301}e\x{301}e\x{301}e\x{301}e\x{301}e\x{301}e\x{301}e\x{301}e\x{301}e\x{301}e\x{301}e\x{301}e\x{301}e\x{301}e\x{301}e\x{301}e\x{301}e\x{301}e\x{301}e\x{301}e\x{301}e\x{301}e\x{301}e\x{301}e\x{301}e\x{301}e\x{301}e\x{301}e\x{301}e\x{301}e\x{301}e\x{301}e\x{301}e\x{301}e\x{301}e\x{301} e\x{301}e\x{301}e\x{301}e\x{301}e\x{301}e\x{301}e\x{301}e\x{301}e\x{301}e\x{301}e\x{301}e\x{301}e\x{301}e\x{301}e\x{301}e\x{301}e\x{301}e\x{301}e\x{301}e\x{301}e\x{301}e\x{301}e\x{301}e\x{301}e\x{301}e\x{301}e\x{301}e\x{301}e\x{301}e\x{301} e\x{301}e\x{301}e\x{301}e\x{301}e\x{301}e\x{301}e\x{301}e\x{301}e\x{301}e\x{301}e\x{301}e\x{301}e\x{301}e\x{301}e\x{301}e\x{301}e\x{301}e\x{301}e\x{301}e\x{301}e\x{301}e\x{301}"
          text run at (1040,6450) width 0: " "
          text run at (0,6465) width 1040: "e\x{301}e\x{301}e\x{301}e\x{301}e\x{301}e\x{301}e\x{301}e\x{301}e\x{301}e\x{301}e\x{301}e\x{301}e\x{301}e\x{301}e\x{301}e\x{301}e\x{301}e\x{301}e\x{301}e\x{301}e\x{301}e\x{301}e\x{301}e\x{301}e\x{301}e\x{301}e\x{301}e\x{301}e\x{301}e\x{301}e\x{301}e\x{301} e\x{301} e\x{301}e\x{301}e\x{301}e\x{301}e\x{301}e\x{301}e\x{301}e\x{301}e\x{301}e\x{301}e\x{301}e\x{301}e\x{301}e\x{301}e\x{301}e\x{301}e\x{301}e\x{301}e\x{301}e\x{301}e\x{301}e\x{301}e\x{301}e\x{301}e\x{301}e\x{301}e\x{301}e\x{301}e\x{301}e\x{301}e\x{301}e\x{301}e\x{301}e\x{301}e\x{301}e\x{301}e\x{301}e\x{301}e\x{301}e\x{301}e\x{301}e\x{301}e\x{301} e\x{301}e\x{301}e\x{301}e\x{301}e\x{301}e\x{301}e\x{301}e\x{301}e\x{301}e\x{301}e\x{301}e\x{301}e\x{301}e\x{301}e\x{301}e\x{301}e\x{301}e\x{301}e\x{301}e\x{301}e\x{301}e\x{301}e\x{301}e\x{301}e\x{301}e\x{301}e\x{301}e\x{301}e\x{301}e\x{301} e\x{301}e\x{301}e\x{301}e\x{301}e\x{301}e\x{301}e\x{301}e\x{301}e\x{301}e\x{301}e\x{301}e\x{301}e\x{301}e\x{301}e\x{301}e\x{301}e\x{301}e\x{301}e\x{301}e\x{301}e\x{301}e\x{301}"
          text run at (1040,6465) width 0: " "
          text run at (0,6480) width 1040: "e\x{301}e\x{301}e\x{301}e\x{301}e\x{301}e\x{301}e\x{301}e\x{301}e\x{301}e\x{301}e\x{301}e\x{301}e\x{301}e\x{301}e\x{301}e\x{301}e\x{301}e\x{301}e\x{301}e\x{301}e\x{301}e\x{301}e\x{301}e\x{301}e\x{301}e\x{301}e\x{301}e\x{301}e\x{301}e\x{301}e\x{301}e\x{301} e\x{301} e\x{301}e\x{301}e\x{301}e\x{301}e\x{301}e\x{301}e\x{301}e\x{301}e\x{301}e\x{301}e\x{301}e\x{301}e\x{301}e\x{301}e\x{301}e\x{301}e\x{301}e\x{301}e\x{301}e\x{301}e\x{301}e\x{301}e\x{301}e\x{301}e\x{301}e\x{301}e\x{301}e\x{301}e\x{301}e\x{301}e\x{301}e\x{301}e\x{301}e\x{301}e\x{301}e\x{301}e\x{301}e\x{301}e\x{301}e\x{301}e\x{301}e\x{301}e\x{301} e\x{301}e\x{301}e\x{301}e\x{301}e\x{301}e\x{301}e\x{301}e\x{301}e\x{301}e\x{301}e\x{301}e\x{301}e\x{301}e\x{301}e\x{301}e\x{301}e\x{301}e\x{301}e\x{301}e\x{301}e\x{301}e\x{301}e\x{301}e\x{301}e\x{301}e\x{301}e\x{301}e\x{301}e\x{301}e\x{301} e\x{301}e\x{301}e\x{301}e\x{301}e\x{301}e\x{301}e\x{301}e\x{301}e\x{301}e\x{301}e\x{301}e\x{301}e\x{301}e\x{301}e\x{301}e\x{301}e\x{301}e\x{301}e\x{301}e\x{301}e\x{301}e\x{301}"
          text run at (1040,6480) width 0: " "
          text run at (0,6495) width 1040: "e\x{301}e\x{301}e\x{301}e\x{301}e\x{301}e\x{301}e\x{301}e\x{301}e\x{301}e\x{301}e\x{301}e\x{301}e\x{301}e\x{301}e\x{301}e\x{301}e\x{301}e\x{301}e\x{301}e\x{301}e\x{301}e\x{301}e\x{301}e\x{301}e\x{301}e\x{301}e\x{301}e\x{301}e\x{301}e\x{301}e\x{301}e\x{301} e\x{301} e\x{301}e\x{301}e\x{301}e\x{301}e\x{301}e\x{301}e\x{301}e\x{301}e\x{301}e\x{301}e\x{301}e\x{301}e\x{301}e\x{301}e\x{301}e\x{301}e\x{301}e\x{301}e\x{301}e\x{301}e\x{301}e\x{301}e\x{301}e\x{301}e\x{301}e\x{301}e\x{301}e\x{301}e\x{301}e\x{301}e\x{301}e\x{301}e\x{301}e\x{301}e\x{301}e\x{301}e\x{301}e\x{301}e\x{301}e\x{301}e\x{301}e\x{301}e\x{301} e\x{301}e\x{301}e\x{301}e\x{301}e\x{301}e\x{301}e\x{301}e\x{301}e\x{301}e\x{301}e\x{301}e\x{301}e\x{301}e\x{301}e\x{301}e\x{301}e\x{301}e\x{301}e\x{301}e\x{301}e\x{301}e\x{301}e\x{301}e\x{301}e\x{301}e\x{301}e\x{301}e\x{301}e\x{301}e\x{301} e\x{301}e\x{301}e\x{301}e\x{301}e\x{301}e\x{301}e\x{301}e\x{301}e\x{301}e\x{301}e\x{301}e\x{301}e\x{301}e\x{301}e\x{301}e\x{301}e\x{301}e\x{301}e\x{301}e\x{301}e\x{301}e\x{301}"
          text run at (1040,6495) width 0: " "
          text run at (0,6510) width 1040: "e\x{301}e\x{301}e\x{301}e\x{301}e\x{301}e\x{301}e\x{301}e\x{301}e\x{301}e\x{301}e\x{301}e\x{301}e\x{301}e\x{301}e\x{301}e\x{301}e\x{301}e\x{301}e\x{301}e\x{301}e\x{301}e\x{301}e\x{301}e\x{301}e\x{301}e\x{301}e\x{301}e\x{301}e\x{301}e\x{301}e\x{301}e\x{301} e\x{301} e\x{301}e\x{301}e\x{301}e\x{301}e\x{301}e\x{301}e\x{301}e\x{301}e\x{301}e\x{301}e\x{301}e\x{301}e\x{301}e\x{301}e\x{301}e\x{301}e\x{301}e\x{301}e\x{301}e\x{301}e\x{301}e\x{301}e\x{301}e\x{301}e\x{301}e\x{301}e\x{301}e\x{301}e\x{301}e\x{301}e\x{301}e\x{301}e\x{301}e\x{301}e\x{301}e\x{301}e\x{301}e\x{301}e\x{301}e\x{301}e\x{301}e\x{301}e\x{301} e\x{301}e\x{301}e\x{301}e\x{301}e\x{301}e\x{301}e\x{301}e\x{301}e\x{301}e\x{301}e\x{301}e\x{301}e\x{301}e\x{301}e\x{301}e\x{301}e\x{301}e\x{301}e\x{301}e\x{301}e\x{301}e\x{301}e\x{301}e\x{301}e\x{301}e\x{301}e\x{301}e\x{301}e\x{301}e\x{301} e\x{301}e\x{301}e\x{301}e\x{301}e\x{301}e\x{301}e\x{301}e\x{301}e\x{301}e\x{301}e\x{301}e\x{301}e\x{301}e\x{301}e\x{301}e\x{301}e\x{301}e\x{301}e\x{301}e\x{301}e\x{301}e\x{301}"
          text run at (1040,6510) width 0: " "
          text run at (0,6525) width 1040: "e\x{301}e\x{301}e\x{301}e\x{301}e\x{301}e\x{301}e\x{301}e\x{301}e\x{301}e\x{301}e\x{301}e\x{301}e\x{301}e\x{301}e\x{301}e\x{301}e\x{301}e\x{301}e\x{301}e\x{301}e\x{301}e\x{301}e\x{301}e\x{301}e\x{301}e\x{301}e\x{301}e\x{301}e\x{301}e\x{301}e\x{301}e\x{301} e\x{301} e\x{301}e\x{301}e\x{301}e\x{301}e\x{301}e\x{301}e\x{301}e\x{301}e\x{301}e\x{301}e\x{301}e\x{301}e\x{301}e\x{301}e\x{301}e\x{301}e\x{301}e\x{301}e\x{301}e\x{301}e\x{301}e\x{301}e\x{301}e\x{301}e\x{301}e\x{301}e\x{301}e\x{301}e\x{301}e\x{301}e\x{301}e\x{301}e\x{301}e\x{301}e\x{301}e\x{301}e\x{301}e\x{301}e\x{301}e\x{301}e\x{301}e\x{301}e\x{301} e\x{301}e\x{301}e\x{301}e\x{301}e\x{301}e\x{301}e\x{301}e\x{301}e\x{301}e\x{301}e\x{301}e\x{301}e\x{301}e\x{301}e\x{301}e\x{301}e\x{301}e\x{301}e\x{301}e\x{301}e\x{301}e\x{301}e\x{301}e\x{301}e\x{301}e\x{301}e\x{301}e\x{301}e\x{301}e\x{301} e\x{301}e\x{301}e\x{301}e\x{301}e\x{301}e\x{301}e\x{301}e\x{301}e\x{301}e\x{301}e\x{301}e\x{301}e\x{301}e\x{301}e\x{301}e\x{301}e\x{301}e\x{301}e\x{301}e\x{301}e\x{301}e\x{301}"
          text run at (1040,6525) width 0: " "
          text run at (0,6540) width 1040: "e\x{301}e\x{301}e\x{301}e\x{301}e\x{301}e\x{301}e\x{301}e\x{301}e\x{301}e\x{301}e\x{301}e\x{301}e\x{301}e\x{301}e\x{301}e\x{301}e\x{301}e\x{301}e\x{301}e\x{301}e\x{301}e\x{301}e\x{301}e\x{301}e\x{301}e\x{301}e\x{301}e\x{301}e\x{301}e\x{301}e\x{301}e\x{301} e\x{301} e\x{301}e\x{301}e\x{301}e\x{301}e\x{301}e\x{301}e\x{301}e\x{301}e\x{301}e\x{301}e\x{301}e\x{301}e\x{301}e\x{301}e\x{301}e\x{301}e\x{301}e\x{301}e\x{301}e\x{301}e\x{301}e\x{301}e\x{301}e\x{301}e\x{301}e\x{301}e\x{301}e\x{301}e\x{301}e\x{301}e\x{301}e\x{301}e\x{301}e\x{301}e\x{301}e\x{301}e\x{301}e\x{301}e\x{301}e\x{301}e\x{301}e\x{301}e\x{301} e\x{301}e\x{301}e\x{301}e\x{301}e\x{301}e\x{301}e\x{301}e\x{301}e\x{301}e\x{301}e\x{301}e\x{301}e\x{301}e\x{301}e\x{301}e\x{301}e\x{301}e\x{301}e\x{301}e\x{301}e\x{301}e\x{301}e\x{301}e\x{301}e\x{301}e\x{301}e\x{301}e\x{301}e\x{301}e\x{301} e\x{301}e\x{301}e\x{301}e\x{301}e\x{301}e\x{301}e\x{301}e\x{301}e\x{301}e\x{301}e\x{301}e\x{301}e\x{301}e\x{301}e\x{301}e\x{301}e\x{301}e\x{301}e\x{301}e\x{301}e\x{301}e\x{301}"
          text run at (1040,6540) width 0: " "
          text run at (0,6555) width 1040: "e\x{301}e\x{301}e\x{301}e\x{301}e\x{301}e\x{301}e\x{301}e\x{301}e\x{301}e\x{301}e\x{301}e\x{301}e\x{301}e\x{301}e\x{301}e\x{301}e\x{301}e\x{301}e\x{301}e\x{301}e\x{301}e\x{301}e\x{301}e\x{301}e\x{301}e\x{301}e\x{301}e\x{301}e\x{301}e\x{301}e\x{301}e\x{301} e\x{301} e\x{301}e\x{301}e\x{301}e\x{301}e\x{301}e\x{301}e\x{301}e\x{301}e\x{301}e\x{301}e\x{301}e\x{301}e\x{301}e\x{301}e\x{301}e\x{301}e\x{301}e\x{301}e\x{301}e\x{301}e\x{301}e\x{301}e\x{301}e\x{301}e\x{301}e\x{301}e\x{301}e\x{301}e\x{301}e\x{301}e\x{301}e\x{301}e\x{301}e\x{301}e\x{301}e\x{301}e\x{301}e\x{301}e\x{301}e\x{301}e\x{301}e\x{301}e\x{301} e\x{301}e\x{301}e\x{301}e\x{301}e\x{301}e\x{301}e\x{301}e\x{301}e\x{301}e\x{301}e\x{301}e\x{301}e\x{301}e\x{301}e\x{301}e\x{301}e\x{301}e\x{301}e\x{301}e\x{301}e\x{301}e\x{301}e\x{301}e\x{301}e\x{301}e\x{301}e\x{301}e\x{301}e\x{301}e\x{301} e\x{301}e\x{301}e\x{301}e\x{301}e\x{301}e\x{301}e\x{301}e\x{301}e\x{301}e\x{301}e\x{301}e\x{301}e\x{301}e\x{301}e\x{301}e\x{301}e\x{301}e\x{301}e\x{301}e\x{301}e\x{301}e\x{301}"
          text run at (1040,6555) width 0: " "
          text run at (0,6570) width 1040: "e\x{301}e\x{301}e\x{301}e\x{301}e\x{301}e\x{301}e\x{301}e\x{301}e\x{301}e\x{301}e\x{301}e\x{301}e\x{301}e\x{301}e\x{301}e\x{301}e\x{301}e\x{301}e\x{301}e\x{301}e\x{301}e\x{301}e\x{301}e\x{301}e\x{301}e\x{301}e\x{301}e\x{301}e\x{301}e\x{301}e\x{301}e\x{301} e\x{301} e\x{301}e\x{301}e\x{301}e\x{301}e\x{301}e\x{301}e\x{301}e\x{301}e\x{301}e\x{301}e\x{301}e\x{301}e\x{301}e\x{301}e\x{301}e\x{301}e\x{301}e\x{301}e\x{301}e\x{301}e\x{301}e\x{301}e\x{301}e\x{301}e\x{301}e\x{301}e\x{301}e\x{301}e\x{301}e\x{301}e\x{301}e\x{301}e\x{301}e\x{301}e\x{301}e\x{301}e\x{301}e\x{301}e\x{301}e\x{301}e\x{301}e\x{301}e\x{301} e\x{301}e\x{301}e\x{301}e\x{301}e\x{301}e\x{301}e\x{301}e\x{301}e\x{301}e\x{301}e\x{301}e\x{301}e\x{301}e\x{301}e\x{301}e\x{301}e\x{301}e\x{301}e\x{301}e\x{301}e\x{301}e\x{301}e\x{301}e\x{301}e\x{301}e\x{301}e\x{301}e\x{301}e\x{301}e\x{301} e\x{301}e\x{301}e\x{301}e\x{301}e\x{301}e\x{301}e\x{301}e\x{301}e\x{301}e\x{301}e\x{301}e\x{301}e\x{301}e\x{301}e\x{301}e\x{301}e\x{301}e\x{301}e\x{301}e\x{301}e\x{301}e\x{301}"
          text run at (1040,6570) width 0: " "
          text run at (0,6585) width 1040: "e\x{301}e\x{301}e\x{301}e\x{301}e\x{301}e\x{301}e\x{301}e\x{301}e\x{301}e\x{301}e\x{301}e\x{301}e\x{301}e\x{301}e\x{301}e\x{301}e\x{301}e\x{301}e\x{301}e\x{301}e\x{301}e\x{301}e\x{301}e\x{301}e\x{301}e\x{301}e\x{301}e\x{301}e\x{301}e\x{301}e\x{301}e\x{301} e\x{301} e\x{301}e\x{301}e\x{301}e\x{301}e\x{301}e\x{301}e\x{301}e\x{301}e\x{301}e\x{301}e\x{301}e\x{301}e\x{301}e\x{301}e\x{301}e\x{301}e\x{301}e\x{301}e\x{301}e\x{301}e\x{301}e\x{301}e\x{301}e\x{301}e\x{301}e\x{301}e\x{301}e\x{301}e\x{301}e\x{301}e\x{301}e\x{301}e\x{301}e\x{301}e\x{301}e\x{301}e\x{301}e\x{301}e\x{301}e\x{301}e\x{301}e\x{301}e\x{301} e\x{301}e\x{301}e\x{301}e\x{301}e\x{301}e\x{301}e\x{301}e\x{301}e\x{301}e\x{301}e\x{301}e\x{301}e\x{301}e\x{301}e\x{301}e\x{301}e\x{301}e\x{301}e\x{301}e\x{301}e\x{301}e\x{301}e\x{301}e\x{301}e\x{301}e\x{301}e\x{301}e\x{301}e\x{301}e\x{301} e\x{301}e\x{301}e\x{301}e\x{301}e\x{301}e\x{301}e\x{301}e\x{301}e\x{301}e\x{301}e\x{301}e\x{301}e\x{301}e\x{301}e\x{301}e\x{301}e\x{301}e\x{301}e\x{301}e\x{301}e\x{301}e\x{301}"
          text run at (1040,6585) width 0: " "
          text run at (0,6600) width 1040: "e\x{301}e\x{301}e\x{301}e\x{301}e\x{301}e\x{301}e\x{301}e\x{301}e\x{301}e\x{301}e\x{301}e\x{301}e\x{301}e\x{301}e\x{301}e\x{301}e\x{301}e\x{301}e\x{301}e\x{301}e\x{301}e\x{301}e\x{301}e\x{301}e\x{301}e\x{301}e\x{301}e\x{301}e\x{301}e\x{301}e\x{301}e\x{301} e\x{301} e\x{301}e\x{301}e\x{301}e\x{301}e\x{301}e\x{301}e\x{301}e\x{301}e\x{301}e\x{301}e\x{301}e\x{301}e\x{301}e\x{301}e\x{301}e\x{301}e\x{301}e\x{301}e\x{301}e\x{301}e\x{301}e\x{301}e\x{301}e\x{301}e\x{301}e\x{301}e\x{301}e\x{301}e\x{301}e\x{301}e\x{301}e\x{301}e\x{301}e\x{301}e\x{301}e\x{301}e\x{301}e\x{301}e\x{301}e\x{301}e\x{301}e\x{301}e\x{301} e\x{301}e\x{301}e\x{301}e\x{301}e\x{301}e\x{301}e\x{301}e\x{301}e\x{301}e\x{301}e\x{301}e\x{301}e\x{301}e\x{301}e\x{301}e\x{301}e\x{301}e\x{301}e\x{301}e\x{301}e\x{301}e\x{301}e\x{301}e\x{301}e\x{301}e\x{301}e\x{301}e\x{301}e\x{301}e\x{301} e\x{301}e\x{301}e\x{301}e\x{301}e\x{301}e\x{301}e\x{301}e\x{301}e\x{301}e\x{301}e\x{301}e\x{301}e\x{301}e\x{301}e\x{301}e\x{301}e\x{301}e\x{301}e\x{301}e\x{301}e\x{301}e\x{301}"
          text run at (1040,6600) width 0: " "
          text run at (0,6615) width 1040: "e\x{301}e\x{301}e\x{301}e\x{301}e\x{301}e\x{301}e\x{301}e\x{301}e\x{301}e\x{301}e\x{301}e\x{301}e\x{301}e\x{301}e\x{301}e\x{301}e\x{301}e\x{301}e\x{301}e\x{301}e\x{301}e\x{301}e\x{301}e\x{301}e\x{301}e\x{301}e\x{301}e\x{301}e\x{301}e\x{301}e\x{301}e\x{301} e\x{301} e\x{301}e\x{301}e\x{301}e\x{301}e\x{301}e\x{301}e\x{301}e\x{301}e\x{301}e\x{301}e\x{301}e\x{301}e\x{301}e\x{301}e\x{301}e\x{301}e\x{301}e\x{301}e\x{301}e\x{301}e\x{301}e\x{301}e\x{301}e\x{301}e\x{301}e\x{301}e\x{301}e\x{301}e\x{301}e\x{301}e\x{301}e\x{301}e\x{301}e\x{301}e\x{301}e\x{301}e\x{301}e\x{301}e\x{301}e\x{301}e\x{301}e\x{301}e\x{301} e\x{301}e\x{301}e\x{301}e\x{301}e\x{301}e\x{301}e\x{301}e\x{301}e\x{301}e\x{301}e\x{301}e\x{301}e\x{301}e\x{301}e\x{301}e\x{301}e\x{301}e\x{301}e\x{301}e\x{301}e\x{301}e\x{301}e\x{301}e\x{301}e\x{301}e\x{301}e\x{301}e\x{301}e\x{301}e\x{301} e\x{301}e\x{301}e\x{301}e\x{301}e\x{301}e\x{301}e\x{301}e\x{301}e\x{301}e\x{301}e\x{301}e\x{301}e\x{301}e\x{301}e\x{301}e\x{301}e\x{301}e\x{301}e\x{301}e\x{301}e\x{301}e\x{301}"
          text run at (1040,6615) width 0: " "
          text run at (0,6630) width 1040: "e\x{301}e\x{301}e\x{301}e\x{301}e\x{301}e\x{301}e\x{301}e\x{301}e\x{301}e\x{301}e\x{301}e\x{301}e\x{301}e\x{301}e\x{301}e\x{301}e\x{301}e\x{301}e\x{301}e\x{301}e\x{301}e\x{301}e\x{301}e\x{301}e\x{301}e\x{301}e\x{301}e\x{301}e\x{301}e\x{301}e\x{301}e\x{301} e\x{301} e\x{301}e\x{301}e\x{301}e\x{301}e\x{301}e\x{301}e\x{301}e\x{301}e\x{301}e\x{301}e\x{301}e\x{301}e\x{301}e\x{301}e\x{301}e\x{301}e\x{301}e\x{301}e\x{301}e\x{301}e\x{301}e\x{301}e\x{301}e\x{301}e\x{301}e\x{301}e\x{301}e\x{301}e\x{301}e\x{301}e\x{301}e\x{301}e\x{301}e\x{301}e\x{301}e\x{301}e\x{301}e\x{301}e\x{301}e\x{301}e\x{301}e\x{301}e\x{301} e\x{301}e\x{301}e\x{301}e\x{301}e\x{301}e\x{301}e\x{301}e\x{301}e\x{301}e\x{301}e\x{301}e\x{301}e\x{301}e\x{301}e\x{301}e\x{301}e\x{301}e\x{301}e\x{301}e\x{301}e\x{301}e\x{301}e\x{301}e\x{301}e\x{301}e\x{301}e\x{301}e\x{301}e\x{301}e\x{301} e\x{301}e\x{301}e\x{301}e\x{301}e\x{301}e\x{301}e\x{301}e\x{301}e\x{301}e\x{301}e\x{301}e\x{301}e\x{301}e\x{301}e\x{301}e\x{301}e\x{301}e\x{301}e\x{301}e\x{301}e\x{301}e\x{301}"
          text run at (1040,6630) width 0: " "
          text run at (0,6645) width 1040: "e\x{301}e\x{301}e\x{301}e\x{301}e\x{301}e\x{301}e\x{301}e\x{301}e\x{301}e\x{301}e\x{301}e\x{301}e\x{301}e\x{301}e\x{301}e\x{301}e\x{301}e\x{301}e\x{301}e\x{301}e\x{301}e\x{301}e\x{301}e\x{301}e\x{301}e\x{301}e\x{301}e\x{301}e\x{301}e\x{301}e\x{301}e\x{301} e\x{301} e\x{301}e\x{301}e\x{301}e\x{301}e\x{301}e\x{301}e\x{301}e\x{301}e\x{301}e\x{301}e\x{301}e\x{301}e\x{301}e\x{301}e\x{301}e\x{301}e\x{301}e\x{301}e\x{301}e\x{301}e\x{301}e\x{301}e\x{301}e\x{301}e\x{301}e\x{301}e\x{301}e\x{301}e\x{301}e\x{301}e\x{301}e\x{301}e\x{301}e\x{301}e\x{301}e\x{301}e\x{301}e\x{301}e\x{301}e\x{301}e\x{301}e\x{301}e\x{301} e\x{301}e\x{301}e\x{301}e\x{301}e\x{301}e\x{301}e\x{301}e\x{301}e\x{301}e\x{301}e\x{301}e\x{301}e\x{301}e\x{301}e\x{301}e\x{301}e\x{301}e\x{301}e\x{301}e\x{301}e\x{301}e\x{301}e\x{301}e\x{301}e\x{301}e\x{301}e\x{301}e\x{301}e\x{301}e\x{301} e\x{301}e\x{301}e\x{301}e\x{301}e\x{301}e\x{301}e\x{301}e\x{301}e\x{301}e\x{301}e\x{301}e\x{301}e\x{301}e\x{301}e\x{301}e\x{301}e\x{301}e\x{301}e\x{301}e\x{301}e\x{301}e\x{301}"
          text run at (1040,6645) width 0: " "
          text run at (0,6660) width 1040: "e\x{301}e\x{301}e\x{301}e\x{301}e\x{301}e\x{301}e\x{301}e\x{301}e\x{301}e\x{301}e\x{301}e\x{301}e\x{301}e\x{301}e\x{301}e\x{301}e\x{301}e\x{301}e\x{301}e\x{301}e\x{301}e\x{301}e\x{301}e\x{301}e\x{301}e\x{301}e\x{301}e\x{301}e\x{301}e\x{301}e\x{301}e\x{301} e\x{301} e\x{301}e\x{301}e\x{301}e\x{301}e\x{301}e\x{301}e\x{301}e\x{301}e\x{301}e\x{301}e\x{301}e\x{301}e\x{301}e\x{301}e\x{301}e\x{301}e\x{301}e\x{301}e\x{301}e\x{301}e\x{301}e\x{301}e\x{301}e\x{301}e\x{301}e\x{301}e\x{301}e\x{301}e\x{301}e\x{301}e\x{301}e\x{301}e\x{301}e\x{301}e\x{301}e\x{301}e\x{301}e\x{301}e\x{301}e\x{301}e\x{301}e\x{301}e\x{301} e\x{301}e\x{301}e\x{301}e\x{301}e\x{301}e\x{301}e\x{301}e\x{301}e\x{301}e\x{301}e\x{301}e\x{301}e\x{301}e\x{301}e\x{301}e\x{301}e\x{301}e\x{301}e\x{301}e\x{301}e\x{301}e\x{301}e\x{301}e\x{301}e\x{301}e\x{301}e\x{301}e\x{301}e\x{301}e\x{301} e\x{301}e\x{301}e\x{301}e\x{301}e\x{301}e\x{301}e\x{301}e\x{301}e\x{301}e\x{301}e\x{301}e\x{301}e\x{301}e\x{301}e\x{301}e\x{301}e\x{301}e\x{301}e\x{301}e\x{301}e\x{301}e\x{301}"
          text run at (1040,6660) width 0: " "
          text run at (0,6675) width 1040: "e\x{301}e\x{301}e\x{301}e\x{301}e\x{301}e\x{301}e\x{301}e\x{301}e\x{301}e\x{301}e\x{301}e\x{301}e\x{301}e\x{301}e\x{301}e\x{301}e\x{301}e\x{301}e\x{301}e\x{301}e\x{301}e\x{301}e\x{301}e\x{301}e\x{301}e\x{301}e\x{301}e\x{301}e\x{301}e\x{301}e\x{301}e\x{301} e\x{301} e\x{301}e\x{301}e\x{301}e\x{301}e\x{301}e\x{301}e\x{301}e\x{301}e\x{301}e\x{301}e\x{301}e\x{301}e\x{301}e\x{301}e\x{301}e\x{301}e\x{301}e\x{301}e\x{301}e\x{301}e\x{301}e\x{301}e\x{301}e\x{301}e\x{301}e\x{301}e\x{301}e\x{301}e\x{301}e\x{301}e\x{301}e\x{301}e\x{301}e\x{301}e\x{301}e\x{301}e\x{301}e\x{301}e\x{301}e\x{301}e\x{301}e\x{301}e\x{301} e\x{301}e\x{301}e\x{301}e\x{301}e\x{301}e\x{301}e\x{301}e\x{301}e\x{301}e\x{301}e\x{301}e\x{301}e\x{301}e\x{301}e\x{301}e\x{301}e\x{301}e\x{301}e\x{301}e\x{301}e\x{301}e\x{301}e\x{301}e\x{301}e\x{301}e\x{301}e\x{301}e\x{301}e\x{301}e\x{301} e\x{301}e\x{301}e\x{301}e\x{301}e\x{301}e\x{301}e\x{301}e\x{301}e\x{301}e\x{301}e\x{301}e\x{301}e\x{301}e\x{301}e\x{301}e\x{301}e\x{301}e\x{301}e\x{301}e\x{301}e\x{301}e\x{301}"
          text run at (1040,6675) width 0: " "
          text run at (0,6690) width 1040: "e\x{301}e\x{301}e\x{301}e\x{301}e\x{301}e\x{301}e\x{301}e\x{301}e\x{301}e\x{301}e\x{301}e\x{301}e\x{301}e\x{301}e\x{301}e\x{301}e\x{301}e\x{301}e\x{301}e\x{301}e\x{301}e\x{301}e\x{301}e\x{301}e\x{301}e\x{301}e\x{301}e\x{301}e\x{301}e\x{301}e\x{301}e\x{301} e\x{301} e\x{301}e\x{301}e\x{301}e\x{301}e\x{301}e\x{301}e\x{301}e\x{301}e\x{301}e\x{301}e\x{301}e\x{301}e\x{301}e\x{301}e\x{301}e\x{301}e\x{301}e\x{301}e\x{301}e\x{301}e\x{301}e\x{301}e\x{301}e\x{301}e\x{301}e\x{301}e\x{301}e\x{301}e\x{301}e\x{301}e\x{301}e\x{301}e\x{301}e\x{301}e\x{301}e\x{301}e\x{301}e\x{301}e\x{301}e\x{301}e\x{301}e\x{301}e\x{301} e\x{301}e\x{301}e\x{301}e\x{301}e\x{301}e\x{301}e\x{301}e\x{301}e\x{301}e\x{301}e\x{301}e\x{301}e\x{301}e\x{301}e\x{301}e\x{301}e\x{301}e\x{301}e\x{301}e\x{301}e\x{301}e\x{301}e\x{301}e\x{301}e\x{301}e\x{301}e\x{301}e\x{301}e\x{301}e\x{301} e\x{301}e\x{301}e\x{301}e\x{301}e\x{301}e\x{301}e\x{301}e\x{301}e\x{301}e\x{301}e\x{301}e\x{301}e\x{301}e\x{301}e\x{301}e\x{301}e\x{301}e\x{301}e\x{301}e\x{301}e\x{301}e\x{301}"
          text run at (1040,6690) width 0: " "
          text run at (0,6705) width 1040: "e\x{301}e\x{301}e\x{301}e\x{301}e\x{301}e\x{301}e\x{301}e\x{301}e\x{301}e\x{301}e\x{301}e\x{301}e\x{301}e\x{301}e\x{301}e\x{301}e\x{301}e\x{301}e\x{301}e\x{301}e\x{301}e\x{301}e\x{301}e\x{301}e\x{301}e\x{301}e\x{301}e\x{301}e\x{301}e\x{301}e\x{301}e\x{301} e\x{301} e\x{301}e\x{301}e\x{301}e\x{301}e\x{301}e\x{301}e\x{301}e\x{301}e\x{301}e\x{301}e\x{301}e\x{301}e\x{301}e\x{301}e\x{301}e\x{301}e\x{301}e\x{301}e\x{301}e\x{301}e\x{301}e\x{301}e\x{301}e\x{301}e\x{301}e\x{301}e\x{301}e\x{301}e\x{301}e\x{301}e\x{301}e\x{301}e\x{301}e\x{301}e\x{301}e\x{301}e\x{301}e\x{301}e\x{301}e\x{301}e\x{301}e\x{301}e\x{301} e\x{301}e\x{301}e\x{301}e\x{301}e\x{301}e\x{301}e\x{301}e\x{301}e\x{301}e\x{301}e\x{301}e\x{301}e\x{301}e\x{301}e\x{301}e\x{301}e\x{301}e\x{301}e\x{301}e\x{301}e\x{301}e\x{301}e\x{301}e\x{301}e\x{301}e\x{301}e\x{301}e\x{301}e\x{301}e\x{301} e\x{301}e\x{301}e\x{301}e\x{301}e\x{301}e\x{301}e\x{301}e\x{301}e\x{301}e\x{301}e\x{301}e\x{301}e\x{301}e\x{301}e\x{301}e\x{301}e\x{301}e\x{301}e\x{301}e\x{301}e\x{301}e\x{301}"
          text run at (1040,6705) width 0: " "
          text run at (0,6720) width 1040: "e\x{301}e\x{301}e\x{301}e\x{301}e\x{301}e\x{301}e\x{301}e\x{301}e\x{301}e\x{301}e\x{301}e\x{301}e\x{301}e\x{301}e\x{301}e\x{301}e\x{301}e\x{301}e\x{301}e\x{301}e\x{301}e\x{301}e\x{301}e\x{301}e\x{301}e\x{301}e\x{301}e\x{301}e\x{301}e\x{301}e\x{301}e\x{301} e\x{301} e\x{301}e\x{301}e\x{301}e\x{301}e\x{301}e\x{301}e\x{301}e\x{301}e\x{301}e\x{301}e\x{301}e\x{301}e\x{301}e\x{301}e\x{301}e\x{301}e\x{301}e\x{301}e\x{301}e\x{301}e\x{301}e\x{301}e\x{301}e\x{301}e\x{301}e\x{301}e\x{301}e\x{301}e\x{301}e\x{301}e\x{301}e\x{301}e\x{301}e\x{301}e\x{301}e\x{301}e\x{301}e\x{301}e\x{301}e\x{301}e\x{301}e\x{301}e\x{301} e\x{301}e\x{301}e\x{301}e\x{301}e\x{301}e\x{301}e\x{301}e\x{301}e\x{301}e\x{301}e\x{301}e\x{301}e\x{301}e\x{301}e\x{301}e\x{301}e\x{301}e\x{301}e\x{301}e\x{301}e\x{301}e\x{301}e\x{301}e\x{301}e\x{301}e\x{301}e\x{301}e\x{301}e\x{301}e\x{301} e\x{301}e\x{301}e\x{301}e\x{301}e\x{301}e\x{301}e\x{301}e\x{301}e\x{301}e\x{301}e\x{301}e\x{301}e\x{301}e\x{301}e\x{301}e\x{301}e\x{301}e\x{301}e\x{301}e\x{301}e\x{301}e\x{301}"
          text run at (1040,6720) width 0: " "
          text run at (0,6735) width 1040: "e\x{301}e\x{301}e\x{301}e\x{301}e\x{301}e\x{301}e\x{301}e\x{301}e\x{301}e\x{301}e\x{301}e\x{301}e\x{301}e\x{301}e\x{301}e\x{301}e\x{301}e\x{301}e\x{301}e\x{301}e\x{301}e\x{301}e\x{301}e\x{301}e\x{301}e\x{301}e\x{301}e\x{301}e\x{301}e\x{301}e\x{301}e\x{301} e\x{301} e\x{301}e\x{301}e\x{301}e\x{301}e\x{301}e\x{301}e\x{301}e\x{301}e\x{301}e\x{301}e\x{301}e\x{301}e\x{301}e\x{301}e\x{301}e\x{301}e\x{301}e\x{301}e\x{301}e\x{301}e\x{301}e\x{301}e\x{301}e\x{301}e\x{301}e\x{301}e\x{301}e\x{301}e\x{301}e\x{301}e\x{301}e\x{301}e\x{301}e\x{301}e\x{301}e\x{301}e\x{301}e\x{301}e\x{301}e\x{301}e\x{301}e\x{301}e\x{301} e\x{301}e\x{301}e\x{301}e\x{301}e\x{301}e\x{301}e\x{301}e\x{301}e\x{301}e\x{301}e\x{301}e\x{301}e\x{301}e\x{301}e\x{301}e\x{301}e\x{301}e\x{301}e\x{301}e\x{301}e\x{301}e\x{301}e\x{301}e\x{301}e\x{301}e\x{301}e\x{301}e\x{301}e\x{301}e\x{301} e\x{301}e\x{301}e\x{301}e\x{301}e\x{301}e\x{301}e\x{301}e\x{301}e\x{301}e\x{301}e\x{301}e\x{301}e\x{301}e\x{301}e\x{301}e\x{301}e\x{301}e\x{301}e\x{301}e\x{301}e\x{301}e\x{301}"
          text run at (1040,6735) width 0: " "
          text run at (0,6750) width 1040: "e\x{301}e\x{301}e\x{301}e\x{301}e\x{301}e\x{301}e\x{301}e\x{301}e\x{301}e\x{301}e\x{301}e\x{301}e\x{301}e\x{301}e\x{301}e\x{301}e\x{301}e\x{301}e\x{301}e\x{301}e\x{301}e\x{301}e\x{301}e\x{301}e\x{301}e\x{301}e\x{301}e\x{301}e\x{301}e\x{301}e\x{301}e\x{301} e\x{301} e\x{301}e\x{301}e\x{301}e\x{301}e\x{301}e\x{301}e\x{301}e\x{301}e\x{301}e\x{301}e\x{301}e\x{301}e\x{301}e\x{301}e\x{301}e\x{301}e\x{301}e\x{301}e\x{301}e\x{301}e\x{301}e\x{301}e\x{301}e\x{301}e\x{301}e\x{301}e\x{301}e\x{301}e\x{301}e\x{301}e\x{301}e\x{301}e\x{301}e\x{301}e\x{301}e\x{301}e\x{301}e\x{301}e\x{301}e\x{301}e\x{301}e\x{301}e\x{301} e\x{301}e\x{301}e\x{301}e\x{301}e\x{301}e\x{301}e\x{301}e\x{301}e\x{301}e\x{301}e\x{301}e\x{301}e\x{301}e\x{301}e\x{301}e\x{301}e\x{301}e\x{301}e\x{301}e\x{301}e\x{301}e\x{301}e\x{301}e\x{301}e\x{301}e\x{301}e\x{301}e\x{301}e\x{301}e\x{301} e\x{301}e\x{301}e\x{301}e\x{301}e\x{301}e\x{301}e\x{301}e\x{301}e\x{301}e\x{301}e\x{301}e\x{301}e\x{301}e\x{301}e\x{301}e\x{301}e\x{301}e\x{301}e\x{301}e\x{301}e\x{301}e\x{301}"
          text run at (1040,6750) width 0: " "
          text run at (0,6765) width 1040: "e\x{301}e\x{301}e\x{301}e\x{301}e\x{301}e\x{301}e\x{301}e\x{301}e\x{301}e\x{301}e\x{301}e\x{301}e\x{301}e\x{301}e\x{301}e\x{301}e\x{301}e\x{301}e\x{301}e\x{301}e\x{301}e\x{301}e\x{301}e\x{301}e\x{301}e\x{301}e\x{301}e\x{301}e\x{301}e\x{301}e\x{301}e\x{301} e\x{301} e\x{301}e\x{301}e\x{301}e\x{301}e\x{301}e\x{301}e\x{301}e\x{301}e\x{301}e\x{301}e\x{301}e\x{301}e\x{301}e\x{301}e\x{301}e\x{301}e\x{301}e\x{301}e\x{301}e\x{301}e\x{301}e\x{301}e\x{301}e\x{301}e\x{301}e\x{301}e\x{301}e\x{301}e\x{301}e\x{301}e\x{301}e\x{301}e\x{301}e\x{301}e\x{301}e\x{301}e\x{301}e\x{301}e\x{301}e\x{301}e\x{301}e\x{301}e\x{301} e\x{301}e\x{301}e\x{301}e\x{301}e\x{301}e\x{301}e\x{301}e\x{301}e\x{301}e\x{301}e\x{301}e\x{301}e\x{301}e\x{301}e\x{301}e\x{301}e\x{301}e\x{301}e\x{301}e\x{301}e\x{301}e\x{301}e\x{301}e\x{301}e\x{301}e\x{301}e\x{301}e\x{301}e\x{301}e\x{301} e\x{301}e\x{301}e\x{301}e\x{301}e\x{301}e\x{301}e\x{301}e\x{301}e\x{301}e\x{301}e\x{301}e\x{301}e\x{301}e\x{301}e\x{301}e\x{301}e\x{301}e\x{301}e\x{301}e\x{301}e\x{301}e\x{301}"
          text run at (1040,6765) width 0: " "
          text run at (0,6780) width 1040: "e\x{301}e\x{301}e\x{301}e\x{301}e\x{301}e\x{301}e\x{301}e\x{301}e\x{301}e\x{301}e\x{301}e\x{301}e\x{301}e\x{301}e\x{301}e\x{301}e\x{301}e\x{301}e\x{301}e\x{301}e\x{301}e\x{301}e\x{301}e\x{301}e\x{301}e\x{301}e\x{301}e\x{301}e\x{301}e\x{301}e\x{301}e\x{301} e\x{301} e\x{301}e\x{301}e\x{301}e\x{301}e\x{301}e\x{301}e\x{301}e\x{301}e\x{301}e\x{301}e\x{301}e\x{301}e\x{301}e\x{301}e\x{301}e\x{301}e\x{301}e\x{301}e\x{301}e\x{301}e\x{301}e\x{301}e\x{301}e\x{301}e\x{301}e\x{301}e\x{301}e\x{301}e\x{301}e\x{301}e\x{301}e\x{301}e\x{301}e\x{301}e\x{301}e\x{301}e\x{301}e\x{301}e\x{301}e\x{301}e\x{301}e\x{301}e\x{301} e\x{301}e\x{301}e\x{301}e\x{301}e\x{301}e\x{301}e\x{301}e\x{301}e\x{301}e\x{301}e\x{301}e\x{301}e\x{301}e\x{301}e\x{301}e\x{301}e\x{301}e\x{301}e\x{301}e\x{301}e\x{301}e\x{301}e\x{301}e\x{301}e\x{301}e\x{301}e\x{301}e\x{301}e\x{301}e\x{301} e\x{301}e\x{301}e\x{301}e\x{301}e\x{301}e\x{301}e\x{301}e\x{301}e\x{301}e\x{301}e\x{301}e\x{301}e\x{301}e\x{301}e\x{301}e\x{301}e\x{301}e\x{301}e\x{301}e\x{301}e\x{301}e\x{301}"
          text run at (1040,6780) width 0: " "
          text run at (0,6795) width 1040: "e\x{301}e\x{301}e\x{301}e\x{301}e\x{301}e\x{301}e\x{301}e\x{301}e\x{301}e\x{301}e\x{301}e\x{301}e\x{301}e\x{301}e\x{301}e\x{301}e\x{301}e\x{301}e\x{301}e\x{301}e\x{301}e\x{301}e\x{301}e\x{301}e\x{301}e\x{301}e\x{301}e\x{301}e\x{301}e\x{301}e\x{301}e\x{301} e\x{301} e\x{301}e\x{301}e\x{301}e\x{301}e\x{301}e\x{301}e\x{301}e\x{301}e\x{301}e\x{301}e\x{301}e\x{301}e\x{301}e\x{301}e\x{301}e\x{301}e\x{301}e\x{301}e\x{301}e\x{301}e\x{301}e\x{301}e\x{301}e\x{301}e\x{301}e\x{301}e\x{301}e\x{301}e\x{301}e\x{301}e\x{301}e\x{301}e\x{301}e\x{301}e\x{301}e\x{301}e\x{301}e\x{301}e\x{301}e\x{301}e\x{301}e\x{301}e\x{301} e\x{301}e\x{301}e\x{301}e\x{301}e\x{301}e\x{301}e\x{301}e\x{301}e\x{301}e\x{301}e\x{301}e\x{301}e\x{301}e\x{301}e\x{301}e\x{301}e\x{301}e\x{301}e\x{301}e\x{301}e\x{301}e\x{301}e\x{301}e\x{301}e\x{301}e\x{301}e\x{301}e\x{301}e\x{301}e\x{301} e\x{301}e\x{301}e\x{301}e\x{301}e\x{301}e\x{301}e\x{301}e\x{301}e\x{301}e\x{301}e\x{301}e\x{301}e\x{301}e\x{301}e\x{301}e\x{301}e\x{301}e\x{301}e\x{301}e\x{301}e\x{301}e\x{301}"
          text run at (1040,6795) width 0: " "
          text run at (0,6810) width 1040: "e\x{301}e\x{301}e\x{301}e\x{301}e\x{301}e\x{301}e\x{301}e\x{301}e\x{301}e\x{301}e\x{301}e\x{301}e\x{301}e\x{301}e\x{301}e\x{301}e\x{301}e\x{301}e\x{301}e\x{301}e\x{301}e\x{301}e\x{301}e\x{301}e\x{301}e\x{301}e\x{301}e\x{301}e\x{301}e\x{301}e\x{301}e\x{301} e\x{301} e\x{301}e\x{301}e\x{301}e\x{301}e\x{301}e\x{301}e\x{301}e\x{301}e\x{301}e\x{301}e\x{301}e\x{301}e\x{301}e\x{301}e\x{301}e\x{301}e\x{301}e\x{301}e\x{301}e\x{301}e\x{301}e\x{301}e\x{301}e\x{301}e\x{301}e\x{301}e\x{301}e\x{301}e\x{301}e\x{301}e\x{301}e\x{301}e\x{301}e\x{301}e\x{301}e\x{301}e\x{301}e\x{301}e\x{301}e\x{301}e\x{301}e\x{301}e\x{301} e\x{301}e\x{301}e\x{301}e\x{301}e\x{301}e\x{301}e\x{301}e\x{301}e\x{301}e\x{301}e\x{301}e\x{301}e\x{301}e\x{301}e\x{301}e\x{301}e\x{301}e\x{301}e\x{301}e\x{301}e\x{301}e\x{301}e\x{301}e\x{301}e\x{301}e\x{301}e\x{301}e\x{301}e\x{301}e\x{301} e\x{301}e\x{301}e\x{301}e\x{301}e\x{301}e\x{301}e\x{301}e\x{301}e\x{301}e\x{301}e\x{301}e\x{301}e\x{301}e\x{301}e\x{301}e\x{301}e\x{301}e\x{301}e\x{301}e\x{301}e\x{301}e\x{301}"
          text run at (1040,6810) width 0: " "
          text run at (0,6825) width 1040: "e\x{301}e\x{301}e\x{301}e\x{301}e\x{301}e\x{301}e\x{301}e\x{301}e\x{301}e\x{301}e\x{301}e\x{301}e\x{301}e\x{301}e\x{301}e\x{301}e\x{301}e\x{301}e\x{301}e\x{301}e\x{301}e\x{301}e\x{301}e\x{301}e\x{301}e\x{301}e\x{301}e\x{301}e\x{301}e\x{301}e\x{301}e\x{301} e\x{301} e\x{301}e\x{301}e\x{301}e\x{301}e\x{301}e\x{301}e\x{301}e\x{301}e\x{301}e\x{301}e\x{301}e\x{301}e\x{301}e\x{301}e\x{301}e\x{301}e\x{301}e\x{301}e\x{301}e\x{301}e\x{301}e\x{301}e\x{301}e\x{301}e\x{301}e\x{301}e\x{301}e\x{301}e\x{301}e\x{301}e\x{301}e\x{301}e\x{301}e\x{301}e\x{301}e\x{301}e\x{301}e\x{301}e\x{301}e\x{301}e\x{301}e\x{301}e\x{301} e\x{301}e\x{301}e\x{301}e\x{301}e\x{301}e\x{301}e\x{301}e\x{301}e\x{301}e\x{301}e\x{301}e\x{301}e\x{301}e\x{301}e\x{301}e\x{301}e\x{301}e\x{301}e\x{301}e\x{301}e\x{301}e\x{301}e\x{301}e\x{301}e\x{301}e\x{301}e\x{301}e\x{301}e\x{301}e\x{301} e\x{301}e\x{301}e\x{301}e\x{301}e\x{301}e\x{301}e\x{301}e\x{301}e\x{301}e\x{301}e\x{301}e\x{301}e\x{301}e\x{301}e\x{301}e\x{301}e\x{301}e\x{301}e\x{301}e\x{301}e\x{301}e\x{301}"
          text run at (1040,6825) width 0: " "
          text run at (0,6840) width 1040: "e\x{301}e\x{301}e\x{301}e\x{301}e\x{301}e\x{301}e\x{301}e\x{301}e\x{301}e\x{301}e\x{301}e\x{301}e\x{301}e\x{301}e\x{301}e\x{301}e\x{301}e\x{301}e\x{301}e\x{301}e\x{301}e\x{301}e\x{301}e\x{301}e\x{301}e\x{301}e\x{301}e\x{301}e\x{301}e\x{301}e\x{301}e\x{301} e\x{301} e\x{301}e\x{301}e\x{301}e\x{301}e\x{301}e\x{301}e\x{301}e\x{301}e\x{301}e\x{301}e\x{301}e\x{301}e\x{301}e\x{301}e\x{301}e\x{301}e\x{301}e\x{301}e\x{301}e\x{301}e\x{301}e\x{301}e\x{301}e\x{301}e\x{301}e\x{301}e\x{301}e\x{301}e\x{301}e\x{301}e\x{301}e\x{301}e\x{301}e\x{301}e\x{301}e\x{301}e\x{301}e\x{301}e\x{301}e\x{301}e\x{301}e\x{301}e\x{301} e\x{301}e\x{301}e\x{301}e\x{301}e\x{301}e\x{301}e\x{301}e\x{301}e\x{301}e\x{301}e\x{301}e\x{301}e\x{301}e\x{301}e\x{301}e\x{301}e\x{301}e\x{301}e\x{301}e\x{301}e\x{301}e\x{301}e\x{301}e\x{301}e\x{301}e\x{301}e\x{301}e\x{301}e\x{301}e\x{301} e\x{301}e\x{301}e\x{301}e\x{301}e\x{301}e\x{301}e\x{301}e\x{301}e\x{301}e\x{301}e\x{301}e\x{301}e\x{301}e\x{301}e\x{301}e\x{301}e\x{301}e\x{301}e\x{301}e\x{301}e\x{301}e\x{301}"
          text run at (1040,6840) width 0: " "
          text run at (0,6855) width 1040: "e\x{301}e\x{301}e\x{301}e\x{301}e\x{301}e\x{301}e\x{301}e\x{301}e\x{301}e\x{301}e\x{301}e\x{301}e\x{301}e\x{301}e\x{301}e\x{301}e\x{301}e\x{301}e\x{301}e\x{301}e\x{301}e\x{301}e\x{301}e\x{301}e\x{301}e\x{301}e\x{301}e\x{301}e\x{301}e\x{301}e\x{301}e\x{301} e\x{301} e\x{301}e\x{301}e\x{301}e\x{301}e\x{301}e\x{301}e\x{301}e\x{301}e\x{301}e\x{301}e\x{301}e\x{301}e\x{301}e\x{301}e\x{301}e\x{301}e\x{301}e\x{301}e\x{301}e\x{301}e\x{301}e\x{301}e\x{301}e\x{301}e\x{301}e\x{301}e\x{301}e\x{301}e\x{301}e\x{301}e\x{301}e\x{301}e\x{301}e\x{301}e\x{301}e\x{301}e\x{301}e\x{301}e\x{301}e\x{301}e\x{301}e\x{301}e\x{301} e\x{301}e\x{301}e\x{301}e\x{301}e\x{301}e\x{301}e\x{301}e\x{301}e\x{301}e\x{301}e\x{301}e\x{301}e\x{301}e\x{301}e\x{301}e\x{301}e\x{301}e\x{301}e\x{301}e\x{301}e\x{301}e\x{301}e\x{301}e\x{301}e\x{301}e\x{301}e\x{301}e\x{301}e\x{301}e\x{301} e\x{301}e\x{301}e\x{301}e\x{301}e\x{301}e\x{301}e\x{301}e\x{301}e\x{301}e\x{301}e\x{301}e\x{301}e\x{301}e\x{301}e\x{301}e\x{301}e\x{301}e\x{301}e\x{301}e\x{301}e\x{301}e\x{301}"
          text run at (1040,6855) width 0: " "
          text run at (0,6870) width 1040: "e\x{301}e\x{301}e\x{301}e\x{301}e\x{301}e\x{301}e\x{301}e\x{301}e\x{301}e\x{301}e\x{301}e\x{301}e\x{301}e\x{301}e\x{301}e\x{301}e\x{301}e\x{301}e\x{301}e\x{301}e\x{301}e\x{301}e\x{301}e\x{301}e\x{301}e\x{301}e\x{301}e\x{301}e\x{301}e\x{301}e\x{301}e\x{301} e\x{301} e\x{301}e\x{301}e\x{301}e\x{301}e\x{301}e\x{301}e\x{301}e\x{301}e\x{301}e\x{301}e\x{301}e\x{301}e\x{301}e\x{301}e\x{301}e\x{301}e\x{301}e\x{301}e\x{301}e\x{301}e\x{301}e\x{301}e\x{301}e\x{301}e\x{301}e\x{301}e\x{301}e\x{301}e\x{301}e\x{301}e\x{301}e\x{301}e\x{301}e\x{301}e\x{301}e\x{301}e\x{301}e\x{301}e\x{301}e\x{301}e\x{301}e\x{301}e\x{301} e\x{301}e\x{301}e\x{301}e\x{301}e\x{301}e\x{301}e\x{301}e\x{301}e\x{301}e\x{301}e\x{301}e\x{301}e\x{301}e\x{301}e\x{301}e\x{301}e\x{301}e\x{301}e\x{301}e\x{301}e\x{301}e\x{301}e\x{301}e\x{301}e\x{301}e\x{301}e\x{301}e\x{301}e\x{301}e\x{301} e\x{301}e\x{301}e\x{301}e\x{301}e\x{301}e\x{301}e\x{301}e\x{301}e\x{301}e\x{301}e\x{301}e\x{301}e\x{301}e\x{301}e\x{301}e\x{301}e\x{301}e\x{301}e\x{301}e\x{301}e\x{301}e\x{301}"
          text run at (1040,6870) width 0: " "
          text run at (0,6885) width 1040: "e\x{301}e\x{301}e\x{301}e\x{301}e\x{301}e\x{301}e\x{301}e\x{301}e\x{301}e\x{301}e\x{301}e\x{301}e\x{301}e\x{301}e\x{301}e\x{301}e\x{301}e\x{301}e\x{301}e\x{301}e\x{301}e\x{301}e\x{301}e\x{301}e\x{301}e\x{301}e\x{301}e\x{301}e\x{301}e\x{301}e\x{301}e\x{301} e\x{301} e\x{301}e\x{301}e\x{301}e\x{301}e\x{301}e\x{301}e\x{301}e\x{301}e\x{301}e\x{301}e\x{301}e\x{301}e\x{301}e\x{301}e\x{301}e\x{301}e\x{301}e\x{301}e\x{301}e\x{301}e\x{301}e\x{301}e\x{301}e\x{301}e\x{301}e\x{301}e\x{301}e\x{301}e\x{301}e\x{301}e\x{301}e\x{301}e\x{301}e\x{301}e\x{301}e\x{301}e\x{301}e\x{301}e\x{301}e\x{301}e\x{301}e\x{301}e\x{301} e\x{301}e\x{301}e\x{301}e\x{301}e\x{301}e\x{301}e\x{301}e\x{301}e\x{301}e\x{301}e\x{301}e\x{301}e\x{301}e\x{301}e\x{301}e\x{301}e\x{301}e\x{301}e\x{301}e\x{301}e\x{301}e\x{301}e\x{301}e\x{301}e\x{301}e\x{301}e\x{301}e\x{301}e\x{301}e\x{301} e\x{301}e\x{301}e\x{301}e\x{301}e\x{301}e\x{301}e\x{301}e\x{301}e\x{301}e\x{301}e\x{301}e\x{301}e\x{301}e\x{301}e\x{301}e\x{301}e\x{301}e\x{301}e\x{301}e\x{301}e\x{301}e\x{301}"
          text run at (1040,6885) width 0: " "
          text run at (0,6900) width 1040: "e\x{301}e\x{301}e\x{301}e\x{301}e\x{301}e\x{301}e\x{301}e\x{301}e\x{301}e\x{301}e\x{301}e\x{301}e\x{301}e\x{301}e\x{301}e\x{301}e\x{301}e\x{301}e\x{301}e\x{301}e\x{301}e\x{301}e\x{301}e\x{301}e\x{301}e\x{301}e\x{301}e\x{301}e\x{301}e\x{301}e\x{301}e\x{301} e\x{301} e\x{301}e\x{301}e\x{301}e\x{301}e\x{301}e\x{301}e\x{301}e\x{301}e\x{301}e\x{301}e\x{301}e\x{301}e\x{301}e\x{301}e\x{301}e\x{301}e\x{301}e\x{301}e\x{301}e\x{301}e\x{301}e\x{301}e\x{301}e\x{301}e\x{301}e\x{301}e\x{301}e\x{301}e\x{301}e\x{301}e\x{301}e\x{301}e\x{301}e\x{301}e\x{301}e\x{301}e\x{301}e\x{301}e\x{301}e\x{301}e\x{301}e\x{301}e\x{301} e\x{301}e\x{301}e\x{301}e\x{301}e\x{301}e\x{301}e\x{301}e\x{301}e\x{301}e\x{301}e\x{301}e\x{301}e\x{301}e\x{301}e\x{301}e\x{301}e\x{301}e\x{301}e\x{301}e\x{301}e\x{301}e\x{301}e\x{301}e\x{301}e\x{301}e\x{301}e\x{301}e\x{301}e\x{301}e\x{301} e\x{301}e\x{301}e\x{301}e\x{301}e\x{301}e\x{301}e\x{301}e\x{301}e\x{301}e\x{301}e\x{301}e\x{301}e\x{301}e\x{301}e\x{301}e\x{301}e\x{301}e\x{301}e\x{301}e\x{301}e\x{301}e\x{301}"
          text run at (1040,6900) width 0: " "
          text run at (0,6915) width 1040: "e\x{301}e\x{301}e\x{301}e\x{301}e\x{301}e\x{301}e\x{301}e\x{301}e\x{301}e\x{301}e\x{301}e\x{301}e\x{301}e\x{301}e\x{301}e\x{301}e\x{301}e\x{301}e\x{301}e\x{301}e\x{301}e\x{301}e\x{301}e\x{301}e\x{301}e\x{301}e\x{301}e\x{301}e\x{301}e\x{301}e\x{301}e\x{301} e\x{301} e\x{301}e\x{301}e\x{301}e\x{301}e\x{301}e\x{301}e\x{301}e\x{301}e\x{301}e\x{301}e\x{301}e\x{301}e\x{301}e\x{301}e\x{301}e\x{301}e\x{301}e\x{301}e\x{301}e\x{301}e\x{301}e\x{301}e\x{301}e\x{301}e\x{301}e\x{301}e\x{301}e\x{301}e\x{301}e\x{301}e\x{301}e\x{301}e\x{301}e\x{301}e\x{301}e\x{301}e\x{301}e\x{301}e\x{301}e\x{301}e\x{301}e\x{301}e\x{301} e\x{301}e\x{301}e\x{301}e\x{301}e\x{301}e\x{301}e\x{301}e\x{301}e\x{301}e\x{301}e\x{301}e\x{301}e\x{301}e\x{301}e\x{301}e\x{301}e\x{301}e\x{301}e\x{301}e\x{301}e\x{301}e\x{301}e\x{301}e\x{301}e\x{301}e\x{301}e\x{301}e\x{301}e\x{301}e\x{301} e\x{301}e\x{301}e\x{301}e\x{301}e\x{301}e\x{301}e\x{301}e\x{301}e\x{301}e\x{301}e\x{301}e\x{301}e\x{301}e\x{301}e\x{301}e\x{301}e\x{301}e\x{301}e\x{301}e\x{301}e\x{301}e\x{301}"
          text run at (1040,6915) width 0: " "
          text run at (0,6930) width 1040: "e\x{301}e\x{301}e\x{301}e\x{301}e\x{301}e\x{301}e\x{301}e\x{301}e\x{301}e\x{301}e\x{301}e\x{301}e\x{301}e\x{301}e\x{301}e\x{301}e\x{301}e\x{301}e\x{301}e\x{301}e\x{301}e\x{301}e\x{301}e\x{301}e\x{301}e\x{301}e\x{301}e\x{301}e\x{301}e\x{301}e\x{301}e\x{301} e\x{301} e\x{301}e\x{301}e\x{301}e\x{301}e\x{301}e\x{301}e\x{301}e\x{301}e\x{301}e\x{301}e\x{301}e\x{301}e\x{301}e\x{301}e\x{301}e\x{301}e\x{301}e\x{301}e\x{301}e\x{301}e\x{301}e\x{301}e\x{301}e\x{301}e\x{301}e\x{301}e\x{301}e\x{301}e\x{301}e\x{301}e\x{301}e\x{301}e\x{301}e\x{301}e\x{301}e\x{301}e\x{301}e\x{301}e\x{301}e\x{301}e\x{301}e\x{301}e\x{301} e\x{301}e\x{301}e\x{301}e\x{301}e\x{301}e\x{301}e\x{301}e\x{301}e\x{301}e\x{301}e\x{301}e\x{301}e\x{301}e\x{301}e\x{301}e\x{301}e\x{301}e\x{301}e\x{301}e\x{301}e\x{301}e\x{301}e\x{301}e\x{301}e\x{301}e\x{301}e\x{301}e\x{301}e\x{301}e\x{301} e\x{301}e\x{301}e\x{301}e\x{301}e\x{301}e\x{301}e\x{301}e\x{301}e\x{301}e\x{301}e\x{301}e\x{301}e\x{301}e\x{301}e\x{301}e\x{301}e\x{301}e\x{301}e\x{301}e\x{301}e\x{301}e\x{301}"
          text run at (1040,6930) width 0: " "
          text run at (0,6945) width 1040: "e\x{301}e\x{301}e\x{301}e\x{301}e\x{301}e\x{301}e\x{301}e\x{301}e\x{301}e\x{301}e\x{301}e\x{301}e\x{301}e\x{301}e\x{301}e\x{301}e\x{301}e\x{301}e\x{301}e\x{301}e\x{301}e\x{301}e\x{301}e\x{301}e\x{301}e\x{301}e\x{301}e\x{301}e\x{301}e\x{301}e\x{301}e\x{301} e\x{301} e\x{301}e\x{301}e\x{301}e\x{301}e\x{301}e\x{301}e\x{301}e\x{301}e\x{301}e\x{301}e\x{301}e\x{301}e\x{301}e\x{301}e\x{301}e\x{301}e\x{301}e\x{301}e\x{301}e\x{301}e\x{301}e\x{301}e\x{301}e\x{301}e\x{301}e\x{301}e\x{301}e\x{301}e\x{301}e\x{301}e\x{301}e\x{301}e\x{301}e\x{301}e\x{301}e\x{301}e\x{301}e\x{301}e\x{301}e\x{301}e\x{301}e\x{301}e\x{301} e\x{301}e\x{301}e\x{301}e\x{301}e\x{301}e\x{301}e\x{301}e\x{301}e\x{301}e\x{301}e\x{301}e\x{301}e\x{301}e\x{301}e\x{301}e\x{301}e\x{301}e\x{301}e\x{301}e\x{301}e\x{301}e\x{301}e\x{301}e\x{301}e\x{301}e\x{301}e\x{301}e\x{301}e\x{301}e\x{301} e\x{301}e\x{301}e\x{301}e\x{301}e\x{301}e\x{301}e\x{301}e\x{301}e\x{301}e\x{301}e\x{301}e\x{301}e\x{301}e\x{301}e\x{301}e\x{301}e\x{301}e\x{301}e\x{301}e\x{301}e\x{301}e\x{301}"
          text run at (1040,6945) width 0: " "
          text run at (0,6960) width 1040: "e\x{301}e\x{301}e\x{301}e\x{301}e\x{301}e\x{301}e\x{301}e\x{301}e\x{301}e\x{301}e\x{301}e\x{301}e\x{301}e\x{301}e\x{301}e\x{301}e\x{301}e\x{301}e\x{301}e\x{301}e\x{301}e\x{301}e\x{301}e\x{301}e\x{301}e\x{301}e\x{301}e\x{301}e\x{301}e\x{301}e\x{301}e\x{301} e\x{301} e\x{301}e\x{301}e\x{301}e\x{301}e\x{301}e\x{301}e\x{301}e\x{301}e\x{301}e\x{301}e\x{301}e\x{301}e\x{301}e\x{301}e\x{301}e\x{301}e\x{301}e\x{301}e\x{301}e\x{301}e\x{301}e\x{301}e\x{301}e\x{301}e\x{301}e\x{301}e\x{301}e\x{301}e\x{301}e\x{301}e\x{301}e\x{301}e\x{301}e\x{301}e\x{301}e\x{301}e\x{301}e\x{301}e\x{301}e\x{301}e\x{301}e\x{301}e\x{301} e\x{301}e\x{301}e\x{301}e\x{301}e\x{301}e\x{301}e\x{301}e\x{301}e\x{301}e\x{301}e\x{301}e\x{301}e\x{301}e\x{301}e\x{301}e\x{301}e\x{301}e\x{301}e\x{301}e\x{301}e\x{301}e\x{301}e\x{301}e\x{301}e\x{301}e\x{301}e\x{301}e\x{301}e\x{301}e\x{301} e\x{301}e\x{301}e\x{301}e\x{301}e\x{301}e\x{301}e\x{301}e\x{301}e\x{301}e\x{301}e\x{301}e\x{301}e\x{301}e\x{301}e\x{301}e\x{301}e\x{301}e\x{301}e\x{301}e\x{301}e\x{301}e\x{301}"
          text run at (1040,6960) width 0: " "
          text run at (0,6975) width 1040: "e\x{301}e\x{301}e\x{301}e\x{301}e\x{301}e\x{301}e\x{301}e\x{301}e\x{301}e\x{301}e\x{301}e\x{301}e\x{301}e\x{301}e\x{301}e\x{301}e\x{301}e\x{301}e\x{301}e\x{301}e\x{301}e\x{301}e\x{301}e\x{301}e\x{301}e\x{301}e\x{301}e\x{301}e\x{301}e\x{301}e\x{301}e\x{301} e\x{301} e\x{301}e\x{301}e\x{301}e\x{301}e\x{301}e\x{301}e\x{301}e\x{301}e\x{301}e\x{301}e\x{301}e\x{301}e\x{301}e\x{301}e\x{301}e\x{301}e\x{301}e\x{301}e\x{301}e\x{301}e\x{301}e\x{301}e\x{301}e\x{301}e\x{301}e\x{301}e\x{301}e\x{301}e\x{301}e\x{301}e\x{301}e\x{301}e\x{301}e\x{301}e\x{301}e\x{301}e\x{301}e\x{301}e\x{301}e\x{301}e\x{301}e\x{301}e\x{301} e\x{301}e\x{301}e\x{301}e\x{301}e\x{301}e\x{301}e\x{301}e\x{301}e\x{301}e\x{301}e\x{301}e\x{301}e\x{301}e\x{301}e\x{301}e\x{301}e\x{301}e\x{301}e\x{301}e\x{301}e\x{301}e\x{301}e\x{301}e\x{301}e\x{301}e\x{301}e\x{301}e\x{301}e\x{301}e\x{301} e\x{301}e\x{301}e\x{301}e\x{301}e\x{301}e\x{301}e\x{301}e\x{301}e\x{301}e\x{301}e\x{301}e\x{301}e\x{301}e\x{301}e\x{301}e\x{301}e\x{301}e\x{301}e\x{301}e\x{301}e\x{301}e\x{301}"
          text run at (1040,6975) width 0: " "
          text run at (0,6990) width 1040: "e\x{301}e\x{301}e\x{301}e\x{301}e\x{301}e\x{301}e\x{301}e\x{301}e\x{301}e\x{301}e\x{301}e\x{301}e\x{301}e\x{301}e\x{301}e\x{301}e\x{301}e\x{301}e\x{301}e\x{301}e\x{301}e\x{301}e\x{301}e\x{301}e\x{301}e\x{301}e\x{301}e\x{301}e\x{301}e\x{301}e\x{301}e\x{301} e\x{301} e\x{301}e\x{301}e\x{301}e\x{301}e\x{301}e\x{301}e\x{301}e\x{301}e\x{301}e\x{301}e\x{301}e\x{301}e\x{301}e\x{301}e\x{301}e\x{301}e\x{301}e\x{301}e\x{301}e\x{301}e\x{301}e\x{301}e\x{301}e\x{301}e\x{301}e\x{301}e\x{301}e\x{301}e\x{301}e\x{301}e\x{301}e\x{301}e\x{301}e\x{301}e\x{301}e\x{301}e\x{301}e\x{301}e\x{301}e\x{301}e\x{301}e\x{301}e\x{301} e\x{301}e\x{301}e\x{301}e\x{301}e\x{301}e\x{301}e\x{301}e\x{301}e\x{301}e\x{301}e\x{301}e\x{301}e\x{301}e\x{301}e\x{301}e\x{301}e\x{301}e\x{301}e\x{301}e\x{301}e\x{301}e\x{301}e\x{301}e\x{301}e\x{301}e\x{301}e\x{301}e\x{301}e\x{301}e\x{301} e\x{301}e\x{301}e\x{301}e\x{301}e\x{301}e\x{301}e\x{301}e\x{301}e\x{301}e\x{301}e\x{301}e\x{301}e\x{301}e\x{301}e\x{301}e\x{301}e\x{301}e\x{301}e\x{301}e\x{301}e\x{301}e\x{301}"
          text run at (1040,6990) width 0: " "
          text run at (0,7005) width 1040: "e\x{301}e\x{301}e\x{301}e\x{301}e\x{301}e\x{301}e\x{301}e\x{301}e\x{301}e\x{301}e\x{301}e\x{301}e\x{301}e\x{301}e\x{301}e\x{301}e\x{301}e\x{301}e\x{301}e\x{301}e\x{301}e\x{301}e\x{301}e\x{301}e\x{301}e\x{301}e\x{301}e\x{301}e\x{301}e\x{301}e\x{301}e\x{301} e\x{301} e\x{301}e\x{301}e\x{301}e\x{301}e\x{301}e\x{301}e\x{301}e\x{301}e\x{301}e\x{301}e\x{301}e\x{301}e\x{301}e\x{301}e\x{301}e\x{301}e\x{301}e\x{301}e\x{301}e\x{301}e\x{301}e\x{301}e\x{301}e\x{301}e\x{301}e\x{301}e\x{301}e\x{301}e\x{301}e\x{301}e\x{301}e\x{301}e\x{301}e\x{301}e\x{301}e\x{301}e\x{301}e\x{301}e\x{301}e\x{301}e\x{301}e\x{301}e\x{301} e\x{301}e\x{301}e\x{301}e\x{301}e\x{301}e\x{301}e\x{301}e\x{301}e\x{301}e\x{301}e\x{301}e\x{301}e\x{301}e\x{301}e\x{301}e\x{301}e\x{301}e\x{301}e\x{301}e\x{301}e\x{301}e\x{301}e\x{301}e\x{301}e\x{301}e\x{301}e\x{301}e\x{301}e\x{301}e\x{301} e\x{301}e\x{301}e\x{301}e\x{301}e\x{301}e\x{301}e\x{301}e\x{301}e\x{301}e\x{301}e\x{301}e\x{301}e\x{301}e\x{301}e\x{301}e\x{301}e\x{301}e\x{301}e\x{301}e\x{301}e\x{301}e\x{301}"
          text run at (1040,7005) width 0: " "
          text run at (0,7020) width 1040: "e\x{301}e\x{301}e\x{301}e\x{301}e\x{301}e\x{301}e\x{301}e\x{301}e\x{301}e\x{301}e\x{301}e\x{301}e\x{301}e\x{301}e\x{301}e\x{301}e\x{301}e\x{301}e\x{301}e\x{301}e\x{301}e\x{301}e\x{301}e\x{301}e\x{301}e\x{301}e\x{301}e\x{301}e\x{301}e\x{301}e\x{301}e\x{301} e\x{301} e\x{301}e\x{301}e\x{301}e\x{301}e\x{301}e\x{301}e\x{301}e\x{301}e\x{301}e\x{301}e\x{301}e\x{301}e\x{301}e\x{301}e\x{301}e\x{301}e\x{301}e\x{301}e\x{301}e\x{301}e\x{301}e\x{301}e\x{301}e\x{301}e\x{301}e\x{301}e\x{301}e\x{301}e\x{301}e\x{301}e\x{301}e\x{301}e\x{301}e\x{301}e\x{301}e\x{301}e\x{301}e\x{301}e\x{301}e\x{301}e\x{301}e\x{301}e\x{301} e\x{301}e\x{301}e\x{301}e\x{301}e\x{301}e\x{301}e\x{301}e\x{301}e\x{301}e\x{301}e\x{301}e\x{301}e\x{301}e\x{301}e\x{301}e\x{301}e\x{301}e\x{301}e\x{301}e\x{301}e\x{301}e\x{301}e\x{301}e\x{301}e\x{301}e\x{301}e\x{301}e\x{301}e\x{301}e\x{301} e\x{301}e\x{301}e\x{301}e\x{301}e\x{301}e\x{301}e\x{301}e\x{301}e\x{301}e\x{301}e\x{301}e\x{301}e\x{301}e\x{301}e\x{301}e\x{301}e\x{301}e\x{301}e\x{301}e\x{301}e\x{301}e\x{301}"
          text run at (1040,7020) width 0: " "
          text run at (0,7035) width 1040: "e\x{301}e\x{301}e\x{301}e\x{301}e\x{301}e\x{301}e\x{301}e\x{301}e\x{301}e\x{301}e\x{301}e\x{301}e\x{301}e\x{301}e\x{301}e\x{301}e\x{301}e\x{301}e\x{301}e\x{301}e\x{301}e\x{301}e\x{301}e\x{301}e\x{301}e\x{301}e\x{301}e\x{301}e\x{301}e\x{301}e\x{301}e\x{301} e\x{301} e\x{301}e\x{301}e\x{301}e\x{301}e\x{301}e\x{301}e\x{301}e\x{301}e\x{301}e\x{301}e\x{301}e\x{301}e\x{301}e\x{301}e\x{301}e\x{301}e\x{301}e\x{301}e\x{301}e\x{301}e\x{301}e\x{301}e\x{301}e\x{301}e\x{301}e\x{301}e\x{301}e\x{301}e\x{301}e\x{301}e\x{301}e\x{301}e\x{301}e\x{301}e\x{301}e\x{301}e\x{301}e\x{301}e\x{301}e\x{301}e\x{301}e\x{301}e\x{301} e\x{301}e\x{301}e\x{301}e\x{301}e\x{301}e\x{301}e\x{301}e\x{301}e\x{301}e\x{301}e\x{301}e\x{301}e\x{301}e\x{301}e\x{301}e\x{301}e\x{301}e\x{301}e\x{301}e\x{301}e\x{301}e\x{301}e\x{301}e\x{301}e\x{301}e\x{301}e\x{301}e\x{301}e\x{301}e\x{301} e\x{301}e\x{301}e\x{301}e\x{301}e\x{301}e\x{301}e\x{301}e\x{301}e\x{301}e\x{301}e\x{301}e\x{301}e\x{301}e\x{301}e\x{301}e\x{301}e\x{301}e\x{301}e\x{301}e\x{301}e\x{301}e\x{301}"
          text run at (1040,7035) width 0: " "
          text run at (0,7050) width 1040: "e\x{301}e\x{301}e\x{301}e\x{301}e\x{301}e\x{301}e\x{301}e\x{301}e\x{301}e\x{301}e\x{301}e\x{301}e\x{301}e\x{301}e\x{301}e\x{301}e\x{301}e\x{301}e\x{301}e\x{301}e\x{301}e\x{301}e\x{301}e\x{301}e\x{301}e\x{301}e\x{301}e\x{301}e\x{301}e\x{301}e\x{301}e\x{301} e\x{301} e\x{301}e\x{301}e\x{301}e\x{301}e\x{301}e\x{301}e\x{301}e\x{301}e\x{301}e\x{301}e\x{301}e\x{301}e\x{301}e\x{301}e\x{301}e\x{301}e\x{301}e\x{301}e\x{301}e\x{301}e\x{301}e\x{301}e\x{301}e\x{301}e\x{301}e\x{301}e\x{301}e\x{301}e\x{301}e\x{301}e\x{301}e\x{301}e\x{301}e\x{301}e\x{301}e\x{301}e\x{301}e\x{301}e\x{301}e\x{301}e\x{301}e\x{301}e\x{301} e\x{301}e\x{301}e\x{301}e\x{301}e\x{301}e\x{301}e\x{301}e\x{301}e\x{301}e\x{301}e\x{301}e\x{301}e\x{301}e\x{301}e\x{301}e\x{301}e\x{301}e\x{301}e\x{301}e\x{301}e\x{301}e\x{301}e\x{301}e\x{301}e\x{301}e\x{301}e\x{301}e\x{301}e\x{301}e\x{301} e\x{301}e\x{301}e\x{301}e\x{301}e\x{301}e\x{301}e\x{301}e\x{301}e\x{301}e\x{301}e\x{301}e\x{301}e\x{301}e\x{301}e\x{301}e\x{301}e\x{301}e\x{301}e\x{301}e\x{301}e\x{301}e\x{301}"
          text run at (1040,7050) width 0: " "
          text run at (0,7065) width 1040: "e\x{301}e\x{301}e\x{301}e\x{301}e\x{301}e\x{301}e\x{301}e\x{301}e\x{301}e\x{301}e\x{301}e\x{301}e\x{301}e\x{301}e\x{301}e\x{301}e\x{301}e\x{301}e\x{301}e\x{301}e\x{301}e\x{301}e\x{301}e\x{301}e\x{301}e\x{301}e\x{301}e\x{301}e\x{301}e\x{301}e\x{301}e\x{301} e\x{301} e\x{301}e\x{301}e\x{301}e\x{301}e\x{301}e\x{301}e\x{301}e\x{301}e\x{301}e\x{301}e\x{301}e\x{301}e\x{301}e\x{301}e\x{301}e\x{301}e\x{301}e\x{301}e\x{301}e\x{301}e\x{301}e\x{301}e\x{301}e\x{301}e\x{301}e\x{301}e\x{301}e\x{301}e\x{301}e\x{301}e\x{301}e\x{301}e\x{301}e\x{301}e\x{301}e\x{301}e\x{301}e\x{301}e\x{301}e\x{301}e\x{301}e\x{301}e\x{301} e\x{301}e\x{301}e\x{301}e\x{301}e\x{301}e\x{301}e\x{301}e\x{301}e\x{301}e\x{301}e\x{301}e\x{301}e\x{301}e\x{301}e\x{301}e\x{301}e\x{301}e\x{301}e\x{301}e\x{301}e\x{301}e\x{301}e\x{301}e\x{301}e\x{301}e\x{301}e\x{301}e\x{301}e\x{301}e\x{301} e\x{301}e\x{301}e\x{301}e\x{301}e\x{301}e\x{301}e\x{301}e\x{301}e\x{301}e\x{301}e\x{301}e\x{301}e\x{301}e\x{301}e\x{301}e\x{301}e\x{301}e\x{301}e\x{301}e\x{301}e\x{301}e\x{301}"
          text run at (1040,7065) width 0: " "
          text run at (0,7080) width 1040: "e\x{301}e\x{301}e\x{301}e\x{301}e\x{301}e\x{301}e\x{301}e\x{301}e\x{301}e\x{301}e\x{301}e\x{301}e\x{301}e\x{301}e\x{301}e\x{301}e\x{301}e\x{301}e\x{301}e\x{301}e\x{301}e\x{301}e\x{301}e\x{301}e\x{301}e\x{301}e\x{301}e\x{301}e\x{301}e\x{301}e\x{301}e\x{301} e\x{301} e\x{301}e\x{301}e\x{301}e\x{301}e\x{301}e\x{301}e\x{301}e\x{301}e\x{301}e\x{301}e\x{301}e\x{301}e\x{301}e\x{301}e\x{301}e\x{301}e\x{301}e\x{301}e\x{301}e\x{301}e\x{301}e\x{301}e\x{301}e\x{301}e\x{301}e\x{301}e\x{301}e\x{301}e\x{301}e\x{301}e\x{301}e\x{301}e\x{301}e\x{301}e\x{301}e\x{301}e\x{301}e\x{301}e\x{301}e\x{301}e\x{301}e\x{301}e\x{301} e\x{301}e\x{301}e\x{301}e\x{301}e\x{301}e\x{301}e\x{301}e\x{301}e\x{301}e\x{301}e\x{301}e\x{301}e\x{301}e\x{301}e\x{301}e\x{301}e\x{301}e\x{301}e\x{301}e\x{301}e\x{301}e\x{301}e\x{301}e\x{301}e\x{301}e\x{301}e\x{301}e\x{301}e\x{301}e\x{301} e\x{301}e\x{301}e\x{301}e\x{301}e\x{301}e\x{301}e\x{301}e\x{301}e\x{301}e\x{301}e\x{301}e\x{301}e\x{301}e\x{301}e\x{301}e\x{301}e\x{301}e\x{301}e\x{301}e\x{301}e\x{301}e\x{301}"
          text run at (1040,7080) width 0: " "
          text run at (0,7095) width 1040: "e\x{301}e\x{301}e\x{301}e\x{301}e\x{301}e\x{301}e\x{301}e\x{301}e\x{301}e\x{301}e\x{301}e\x{301}e\x{301}e\x{301}e\x{301}e\x{301}e\x{301}e\x{301}e\x{301}e\x{301}e\x{301}e\x{301}e\x{301}e\x{301}e\x{301}e\x{301}e\x{301}e\x{301}e\x{301}e\x{301}e\x{301}e\x{301} e\x{301} e\x{301}e\x{301}e\x{301}e\x{301}e\x{301}e\x{301}e\x{301}e\x{301}e\x{301}e\x{301}e\x{301}e\x{301}e\x{301}e\x{301}e\x{301}e\x{301}e\x{301}e\x{301}e\x{301}e\x{301}e\x{301}e\x{301}e\x{301}e\x{301}e\x{301}e\x{301}e\x{301}e\x{301}e\x{301}e\x{301}e\x{301}e\x{301}e\x{301}e\x{301}e\x{301}e\x{301}e\x{301}e\x{301}e\x{301}e\x{301}e\x{301}e\x{301}e\x{301} e\x{301}e\x{301}e\x{301}e\x{301}e\x{301}e\x{301}e\x{301}e\x{301}e\x{301}e\x{301}e\x{301}e\x{301}e\x{301}e\x{301}e\x{301}e\x{301}e\x{301}e\x{301}e\x{301}e\x{301}e\x{301}e\x{301}e\x{301}e\x{301}e\x{301}e\x{301}e\x{301}e\x{301}e\x{301}e\x{301} e\x{301}e\x{301}e\x{301}e\x{301}e\x{301}e\x{301}e\x{301}e\x{301}e\x{301}e\x{301}e\x{301}e\x{301}e\x{301}e\x{301}e\x{301}e\x{301}e\x{301}e\x{301}e\x{301}e\x{301}e\x{301}e\x{301}"
          text run at (1040,7095) width 0: " "
          text run at (0,7110) width 1040: "e\x{301}e\x{301}e\x{301}e\x{301}e\x{301}e\x{301}e\x{301}e\x{301}e\x{301}e\x{301}e\x{301}e\x{301}e\x{301}e\x{301}e\x{301}e\x{301}e\x{301}e\x{301}e\x{301}e\x{301}e\x{301}e\x{301}e\x{301}e\x{301}e\x{301}e\x{301}e\x{301}e\x{301}e\x{301}e\x{301}e\x{301}e\x{301} e\x{301} e\x{301}e\x{301}e\x{301}e\x{301}e\x{301}e\x{301}e\x{301}e\x{301}e\x{301}e\x{301}e\x{301}e\x{301}e\x{301}e\x{301}e\x{301}e\x{301}e\x{301}e\x{301}e\x{301}e\x{301}e\x{301}e\x{301}e\x{301}e\x{301}e\x{301}e\x{301}e\x{301}e\x{301}e\x{301}e\x{301}e\x{301}e\x{301}e\x{301}e\x{301}e\x{301}e\x{301}e\x{301}e\x{301}e\x{301}e\x{301}e\x{301}e\x{301}e\x{301} e\x{301}e\x{301}e\x{301}e\x{301}e\x{301}e\x{301}e\x{301}e\x{301}e\x{301}e\x{301}e\x{301}e\x{301}e\x{301}e\x{301}e\x{301}e\x{301}e\x{301}e\x{301}e\x{301}e\x{301}e\x{301}e\x{301}e\x{301}e\x{301}e\x{301}e\x{301}e\x{301}e\x{301}e\x{301}e\x{301} e\x{301}e\x{301}e\x{301}e\x{301}e\x{301}e\x{301}e\x{301}e\x{301}e\x{301}e\x{301}e\x{301}e\x{301}e\x{301}e\x{301}e\x{301}e\x{301}e\x{301}e\x{301}e\x{301}e\x{301}e\x{301}e\x{301}"
          text run at (1040,7110) width 0: " "
          text run at (0,7125) width 1040: "e\x{301}e\x{301}e\x{301}e\x{301}e\x{301}e\x{301}e\x{301}e\x{301}e\x{301}e\x{301}e\x{301}e\x{301}e\x{301}e\x{301}e\x{301}e\x{301}e\x{301}e\x{301}e\x{301}e\x{301}e\x{301}e\x{301}e\x{301}e\x{301}e\x{301}e\x{301}e\x{301}e\x{301}e\x{301}e\x{301}e\x{301}e\x{301} e\x{301} e\x{301}e\x{301}e\x{301}e\x{301}e\x{301}e\x{301}e\x{301}e\x{301}e\x{301}e\x{301}e\x{301}e\x{301}e\x{301}e\x{301}e\x{301}e\x{301}e\x{301}e\x{301}e\x{301}e\x{301}e\x{301}e\x{301}e\x{301}e\x{301}e\x{301}e\x{301}e\x{301}e\x{301}e\x{301}e\x{301}e\x{301}e\x{301}e\x{301}e\x{301}e\x{301}e\x{301}e\x{301}e\x{301}e\x{301}e\x{301}e\x{301}e\x{301}e\x{301} e\x{301}e\x{301}e\x{301}e\x{301}e\x{301}e\x{301}e\x{301}e\x{301}e\x{301}e\x{301}e\x{301}e\x{301}e\x{301}e\x{301}e\x{301}e\x{301}e\x{301}e\x{301}e\x{301}e\x{301}e\x{301}e\x{301}e\x{301}e\x{301}e\x{301}e\x{301}e\x{301}e\x{301}e\x{301}e\x{301} e\x{301}e\x{301}e\x{301}e\x{301}e\x{301}e\x{301}e\x{301}e\x{301}e\x{301}e\x{301}e\x{301}e\x{301}e\x{301}e\x{301}e\x{301}e\x{301}e\x{301}e\x{301}e\x{301}e\x{301}e\x{301}e\x{301}"
          text run at (1040,7125) width 0: " "
          text run at (0,7140) width 1040: "e\x{301}e\x{301}e\x{301}e\x{301}e\x{301}e\x{301}e\x{301}e\x{301}e\x{301}e\x{301}e\x{301}e\x{301}e\x{301}e\x{301}e\x{301}e\x{301}e\x{301}e\x{301}e\x{301}e\x{301}e\x{301}e\x{301}e\x{301}e\x{301}e\x{301}e\x{301}e\x{301}e\x{301}e\x{301}e\x{301}e\x{301}e\x{301} e\x{301} e\x{301}e\x{301}e\x{301}e\x{301}e\x{301}e\x{301}e\x{301}e\x{301}e\x{301}e\x{301}e\x{301}e\x{301}e\x{301}e\x{301}e\x{301}e\x{301}e\x{301}e\x{301}e\x{301}e\x{301}e\x{301}e\x{301}e\x{301}e\x{301}e\x{301}e\x{301}e\x{301}e\x{301}e\x{301}e\x{301}e\x{301}e\x{301}e\x{301}e\x{301}e\x{301}e\x{301}e\x{301}e\x{301}e\x{301}e\x{301}e\x{301}e\x{301}e\x{301} e\x{301}e\x{301}e\x{301}e\x{301}e\x{301}e\x{301}e\x{301}e\x{301}e\x{301}e\x{301}e\x{301}e\x{301}e\x{301}e\x{301}e\x{301}e\x{301}e\x{301}e\x{301}e\x{301}e\x{301}e\x{301}e\x{301}e\x{301}e\x{301}e\x{301}e\x{301}e\x{301}e\x{301}e\x{301}e\x{301} e\x{301}e\x{301}e\x{301}e\x{301}e\x{301}e\x{301}e\x{301}e\x{301}e\x{301}e\x{301}e\x{301}e\x{301}e\x{301}e\x{301}e\x{301}e\x{301}e\x{301}e\x{301}e\x{301}e\x{301}e\x{301}e\x{301}"
          text run at (1040,7140) width 0: " "
          text run at (0,7155) width 1040: "e\x{301}e\x{301}e\x{301}e\x{301}e\x{301}e\x{301}e\x{301}e\x{301}e\x{301}e\x{301}e\x{301}e\x{301}e\x{301}e\x{301}e\x{301}e\x{301}e\x{301}e\x{301}e\x{301}e\x{301}e\x{301}e\x{301}e\x{301}e\x{301}e\x{301}e\x{301}e\x{301}e\x{301}e\x{301}e\x{301}e\x{301}e\x{301} e\x{301} e\x{301}e\x{301}e\x{301}e\x{301}e\x{301}e\x{301}e\x{301}e\x{301}e\x{301}e\x{301}e\x{301}e\x{301}e\x{301}e\x{301}e\x{301}e\x{301}e\x{301}e\x{301}e\x{301}e\x{301}e\x{301}e\x{301}e\x{301}e\x{301}e\x{301}e\x{301}e\x{301}e\x{301}e\x{301}e\x{301}e\x{301}e\x{301}e\x{301}e\x{301}e\x{301}e\x{301}e\x{301}e\x{301}e\x{301}e\x{301}e\x{301}e\x{301}e\x{301} e\x{301}e\x{301}e\x{301}e\x{301}e\x{301}e\x{301}e\x{301}e\x{301}e\x{301}e\x{301}e\x{301}e\x{301}e\x{301}e\x{301}e\x{301}e\x{301}e\x{301}e\x{301}e\x{301}e\x{301}e\x{301}e\x{301}e\x{301}e\x{301}e\x{301}e\x{301}e\x{301}e\x{301}e\x{301}e\x{301} e\x{301}e\x{301}e\x{301}e\x{301}e\x{301}e\x{301}e\x{301}e\x{301}e\x{301}e\x{301}e\x{301}e\x{301}e\x{301}e\x{301}e\x{301}e\x{301}e\x{301}e\x{301}e\x{301}e\x{301}e\x{301}e\x{301}"
          text run at (1040,7155) width 0: " "
          text run at (0,7170) width 1040: "e\x{301}e\x{301}e\x{301}e\x{301}e\x{301}e\x{301}e\x{301}e\x{301}e\x{301}e\x{301}e\x{301}e\x{301}e\x{301}e\x{301}e\x{301}e\x{301}e\x{301}e\x{301}e\x{301}e\x{301}e\x{301}e\x{301}e\x{301}e\x{301}e\x{301}e\x{301}e\x{301}e\x{301}e\x{301}e\x{301}e\x{301}e\x{301} e\x{301} e\x{301}e\x{301}e\x{301}e\x{301}e\x{301}e\x{301}e\x{301}e\x{301}e\x{301}e\x{301}e\x{301}e\x{301}e\x{301}e\x{301}e\x{301}e\x{301}e\x{301}e\x{301}e\x{301}e\x{301}e\x{301}e\x{301}e\x{301}e\x{301}e\x{301}e\x{301}e\x{301}e\x{301}e\x{301}e\x{301}e\x{301}e\x{301}e\x{301}e\x{301}e\x{301}e\x{301}e\x{301}e\x{301}e\x{301}e\x{301}e\x{301}e\x{301}e\x{301} e\x{301}e\x{301}e\x{301}e\x{301}e\x{301}e\x{301}e\x{301}e\x{301}e\x{301}e\x{301}e\x{301}e\x{301}e\x{301}e\x{301}e\x{301}e\x{301}e\x{301}e\x{301}e\x{301}e\x{301}e\x{301}e\x{301}e\x{301}e\x{301}e\x{301}e\x{301}e\x{301}e\x{301}e\x{301}e\x{301} e\x{301}e\x{301}e\x{301}e\x{301}e\x{301}e\x{301}e\x{301}e\x{301}e\x{301}e\x{301}e\x{301}e\x{301}e\x{301}e\x{301}e\x{301}e\x{301}e\x{301}e\x{301}e\x{301}e\x{301}e\x{301}e\x{301}"
          text run at (1040,7170) width 0: " "
          text run at (0,7185) width 1040: "e\x{301}e\x{301}e\x{301}e\x{301}e\x{301}e\x{301}e\x{301}e\x{301}e\x{301}e\x{301}e\x{301}e\x{301}e\x{301}e\x{301}e\x{301}e\x{301}e\x{301}e\x{301}e\x{301}e\x{301}e\x{301}e\x{301}e\x{301}e\x{301}e\x{301}e\x{301}e\x{301}e\x{301}e\x{301}e\x{301}e\x{301}e\x{301} e\x{301} e\x{301}e\x{301}e\x{301}e\x{301}e\x{301}e\x{301}e\x{301}e\x{301}e\x{301}e\x{301}e\x{301}e\x{301}e\x{301}e\x{301}e\x{301}e\x{301}e\x{301}e\x{301}e\x{301}e\x{301}e\x{301}e\x{301}e\x{301}e\x{301}e\x{301}e\x{301}e\x{301}e\x{301}e\x{301}e\x{301}e\x{301}e\x{301}e\x{301}e\x{301}e\x{301}e\x{301}e\x{301}e\x{301}e\x{301}e\x{301}e\x{301}e\x{301}e\x{301} e\x{301}e\x{301}e\x{301}e\x{301}e\x{301}e\x{301}e\x{301}e\x{301}e\x{301}e\x{301}e\x{301}e\x{301}e\x{301}e\x{301}e\x{301}e\x{301}e\x{301}e\x{301}e\x{301}e\x{301}e\x{301}e\x{301}e\x{301}e\x{301}e\x{301}e\x{301}e\x{301}e\x{301}e\x{301}e\x{301} e\x{301}e\x{301}e\x{301}e\x{301}e\x{301}e\x{301}e\x{301}e\x{301}e\x{301}e\x{301}e\x{301}e\x{301}e\x{301}e\x{301}e\x{301}e\x{301}e\x{301}e\x{301}e\x{301}e\x{301}e\x{301}e\x{301}"
          text run at (1040,7185) width 0: " "
          text run at (0,7200) width 1040: "e\x{301}e\x{301}e\x{301}e\x{301}e\x{301}e\x{301}e\x{301}e\x{301}e\x{301}e\x{301}e\x{301}e\x{301}e\x{301}e\x{301}e\x{301}e\x{301}e\x{301}e\x{301}e\x{301}e\x{301}e\x{301}e\x{301}e\x{301}e\x{301}e\x{301}e\x{301}e\x{301}e\x{301}e\x{301}e\x{301}e\x{301}e\x{301} e\x{301} e\x{301}e\x{301}e\x{301}e\x{301}e\x{301}e\x{301}e\x{301}e\x{301}e\x{301}e\x{301}e\x{301}e\x{301}e\x{301}e\x{301}e\x{301}e\x{301}e\x{301}e\x{301}e\x{301}e\x{301}e\x{301}e\x{301}e\x{301}e\x{301}e\x{301}e\x{301}e\x{301}e\x{301}e\x{301}e\x{301}e\x{301}e\x{301}e\x{301}e\x{301}e\x{301}e\x{301}e\x{301}e\x{301}e\x{301}e\x{301}e\x{301}e\x{301}e\x{301} e\x{301}e\x{301}e\x{301}e\x{301}e\x{301}e\x{301}e\x{301}e\x{301}e\x{301}e\x{301}e\x{301}e\x{301}e\x{301}e\x{301}e\x{301}e\x{301}e\x{301}e\x{301}e\x{301}e\x{301}e\x{301}e\x{301}e\x{301}e\x{301}e\x{301}e\x{301}e\x{301}e\x{301}e\x{301}e\x{301} e\x{301}e\x{301}e\x{301}e\x{301}e\x{301}e\x{301}e\x{301}e\x{301}e\x{301}e\x{301}e\x{301}e\x{301}e\x{301}e\x{301}e\x{301}e\x{301}e\x{301}e\x{301}e\x{301}e\x{301}e\x{301}e\x{301}"
          text run at (1040,7200) width 0: " "
          text run at (0,7215) width 1040: "e\x{301}e\x{301}e\x{301}e\x{301}e\x{301}e\x{301}e\x{301}e\x{301}e\x{301}e\x{301}e\x{301}e\x{301}e\x{301}e\x{301}e\x{301}e\x{301}e\x{301}e\x{301}e\x{301}e\x{301}e\x{301}e\x{301}e\x{301}e\x{301}e\x{301}e\x{301}e\x{301}e\x{301}e\x{301}e\x{301}e\x{301}e\x{301} e\x{301} e\x{301}e\x{301}e\x{301}e\x{301}e\x{301}e\x{301}e\x{301}e\x{301}e\x{301}e\x{301}e\x{301}e\x{301}e\x{301}e\x{301}e\x{301}e\x{301}e\x{301}e\x{301}e\x{301}e\x{301}e\x{301}e\x{301}e\x{301}e\x{301}e\x{301}e\x{301}e\x{301}e\x{301}e\x{301}e\x{301}e\x{301}e\x{301}e\x{301}e\x{301}e\x{301}e\x{301}e\x{301}e\x{301}e\x{301}e\x{301}e\x{301}e\x{301}e\x{301} e\x{301}e\x{301}e\x{301}e\x{301}e\x{301}e\x{301}e\x{301}e\x{301}e\x{301}e\x{301}e\x{301}e\x{301}e\x{301}e\x{301}e\x{301}e\x{301}e\x{301}e\x{301}e\x{301}e\x{301}e\x{301}e\x{301}e\x{301}e\x{301}e\x{301}e\x{301}e\x{301}e\x{301}e\x{301}e\x{301} e\x{301}e\x{301}e\x{301}e\x{301}e\x{301}e\x{301}e\x{301}e\x{301}e\x{301}e\x{301}e\x{301}e\x{301}e\x{301}e\x{301}e\x{301}e\x{301}e\x{301}e\x{301}e\x{301}e\x{301}e\x{301}e\x{301}"
          text run at (1040,7215) width 0: " "
          text run at (0,7230) width 1040: "e\x{301}e\x{301}e\x{301}e\x{301}e\x{301}e\x{301}e\x{301}e\x{301}e\x{301}e\x{301}e\x{301}e\x{301}e\x{301}e\x{301}e\x{301}e\x{301}e\x{301}e\x{301}e\x{301}e\x{301}e\x{301}e\x{301}e\x{301}e\x{301}e\x{301}e\x{301}e\x{301}e\x{301}e\x{301}e\x{301}e\x{301}e\x{301} e\x{301} e\x{301}e\x{301}e\x{301}e\x{301}e\x{301}e\x{301}e\x{301}e\x{301}e\x{301}e\x{301}e\x{301}e\x{301}e\x{301}e\x{301}e\x{301}e\x{301}e\x{301}e\x{301}e\x{301}e\x{301}e\x{301}e\x{301}e\x{301}e\x{301}e\x{301}e\x{301}e\x{301}e\x{301}e\x{301}e\x{301}e\x{301}e\x{301}e\x{301}e\x{301}e\x{301}e\x{301}e\x{301}e\x{301}e\x{301}e\x{301}e\x{301}e\x{301}e\x{301} e\x{301}e\x{301}e\x{301}e\x{301}e\x{301}e\x{301}e\x{301}e\x{301}e\x{301}e\x{301}e\x{301}e\x{301}e\x{301}e\x{301}e\x{301}e\x{301}e\x{301}e\x{301}e\x{301}e\x{301}e\x{301}e\x{301}e\x{301}e\x{301}e\x{301}e\x{301}e\x{301}e\x{301}e\x{301}e\x{301} e\x{301}e\x{301}e\x{301}e\x{301}e\x{301}e\x{301}e\x{301}e\x{301}e\x{301}e\x{301}e\x{301}e\x{301}e\x{301}e\x{301}e\x{301}e\x{301}e\x{301}e\x{301}e\x{301}e\x{301}e\x{301}e\x{301}"
          text run at (1040,7230) width 0: " "
          text run at (0,7245) width 1040: "e\x{301}e\x{301}e\x{301}e\x{301}e\x{301}e\x{301}e\x{301}e\x{301}e\x{301}e\x{301}e\x{301}e\x{301}e\x{301}e\x{301}e\x{301}e\x{301}e\x{301}e\x{301}e\x{301}e\x{301}e\x{301}e\x{301}e\x{301}e\x{301}e\x{301}e\x{301}e\x{301}e\x{301}e\x{301}e\x{301}e\x{301}e\x{301} e\x{301} e\x{301}e\x{301}e\x{301}e\x{301}e\x{301}e\x{301}e\x{301}e\x{301}e\x{301}e\x{301}e\x{301}e\x{301}e\x{301}e\x{301}e\x{301}e\x{301}e\x{301}e\x{301}e\x{301}e\x{301}e\x{301}e\x{301}e\x{301}e\x{301}e\x{301}e\x{301}e\x{301}e\x{301}e\x{301}e\x{301}e\x{301}e\x{301}e\x{301}e\x{301}e\x{301}e\x{301}e\x{301}e\x{301}e\x{301}e\x{301}e\x{301}e\x{301}e\x{301} e\x{301}e\x{301}e\x{301}e\x{301}e\x{301}e\x{301}e\x{301}e\x{301}e\x{301}e\x{301}e\x{301}e\x{301}e\x{301}e\x{301}e\x{301}e\x{301}e\x{301}e\x{301}e\x{301}e\x{301}e\x{301}e\x{301}e\x{301}e\x{301}e\x{301}e\x{301}e\x{301}e\x{301}e\x{301}e\x{301} e\x{301}e\x{301}e\x{301}e\x{301}e\x{301}e\x{301}e\x{301}e\x{301}e\x{301}e\x{301}e\x{301}e\x{301}e\x{301}e\x{301}e\x{301}e\x{301}e\x{301}e\x{301}e\x{301}e\x{301}e\x{301}e\x{301}"
          text run at (1040,7245) width 0: " "
          text run at (0,7260) width 1040: "e\x{301}e\x{301}e\x{301}e\x{301}e\x{301}e\x{301}e\x{301}e\x{301}e\x{301}e\x{301}e\x{301}e\x{301}e\x{301}e\x{301}e\x{301}e\x{301}e\x{301}e\x{301}e\x{301}e\x{301}e\x{301}e\x{301}e\x{301}e\x{301}e\x{301}e\x{301}e\x{301}e\x{301}e\x{301}e\x{301}e\x{301}e\x{301} e\x{301} e\x{301}e\x{301}e\x{301}e\x{301}e\x{301}e\x{301}e\x{301}e\x{301}e\x{301}e\x{301}e\x{301}e\x{301}e\x{301}e\x{301}e\x{301}e\x{301}e\x{301}e\x{301}e\x{301}e\x{301}e\x{301}e\x{301}e\x{301}e\x{301}e\x{301}e\x{301}e\x{301}e\x{301}e\x{301}e\x{301}e\x{301}e\x{301}e\x{301}e\x{301}e\x{301}e\x{301}e\x{301}e\x{301}e\x{301}e\x{301}e\x{301}e\x{301}e\x{301} e\x{301}e\x{301}e\x{301}e\x{301}e\x{301}e\x{301}e\x{301}e\x{301}e\x{301}e\x{301}e\x{301}e\x{301}e\x{301}e\x{301}e\x{301}e\x{301}e\x{301}e\x{301}e\x{301}e\x{301}e\x{301}e\x{301}e\x{301}e\x{301}e\x{301}e\x{301}e\x{301}e\x{301}e\x{301}e\x{301} e\x{301}e\x{301}e\x{301}e\x{301}e\x{301}e\x{301}e\x{301}e\x{301}e\x{301}e\x{301}e\x{301}e\x{301}e\x{301}e\x{301}e\x{301}e\x{301}e\x{301}e\x{301}e\x{301}e\x{301}e\x{301}e\x{301}"
          text run at (1040,7260) width 0: " "
          text run at (0,7275) width 1040: "e\x{301}e\x{301}e\x{301}e\x{301}e\x{301}e\x{301}e\x{301}e\x{301}e\x{301}e\x{301}e\x{301}e\x{301}e\x{301}e\x{301}e\x{301}e\x{301}e\x{301}e\x{301}e\x{301}e\x{301}e\x{301}e\x{301}e\x{301}e\x{301}e\x{301}e\x{301}e\x{301}e\x{301}e\x{301}e\x{301}e\x{301}e\x{301} e\x{301} e\x{301}e\x{301}e\x{301}e\x{301}e\x{301}e\x{301}e\x{301}e\x{301}e\x{301}e\x{301}e\x{301}e\x{301}e\x{301}e\x{301}e\x{301}e\x{301}e\x{301}e\x{301}e\x{301}e\x{301}e\x{301}e\x{301}e\x{301}e\x{301}e\x{301}e\x{301}e\x{301}e\x{301}e\x{301}e\x{301}e\x{301}e\x{301}e\x{301}e\x{301}e\x{301}e\x{301}e\x{301}e\x{301}e\x{301}e\x{301}e\x{301}e\x{301}e\x{301} e\x{301}e\x{301}e\x{301}e\x{301}e\x{301}e\x{301}e\x{301}e\x{301}e\x{301}e\x{301}e\x{301}e\x{301}e\x{301}e\x{301}e\x{301}e\x{301}e\x{301}e\x{301}e\x{301}e\x{301}e\x{301}e\x{301}e\x{301}e\x{301}e\x{301}e\x{301}e\x{301}e\x{301}e\x{301}e\x{301} e\x{301}e\x{301}e\x{301}e\x{301}e\x{301}e\x{301}e\x{301}e\x{301}e\x{301}e\x{301}e\x{301}e\x{301}e\x{301}e\x{301}e\x{301}e\x{301}e\x{301}e\x{301}e\x{301}e\x{301}e\x{301}e\x{301}"
          text run at (1040,7275) width 0: " "
          text run at (0,7290) width 1040: "e\x{301}e\x{301}e\x{301}e\x{301}e\x{301}e\x{301}e\x{301}e\x{301}e\x{301}e\x{301}e\x{301}e\x{301}e\x{301}e\x{301}e\x{301}e\x{301}e\x{301}e\x{301}e\x{301}e\x{301}e\x{301}e\x{301}e\x{301}e\x{301}e\x{301}e\x{301}e\x{301}e\x{301}e\x{301}e\x{301}e\x{301}e\x{301} e\x{301} e\x{301}e\x{301}e\x{301}e\x{301}e\x{301}e\x{301}e\x{301}e\x{301}e\x{301}e\x{301}e\x{301}e\x{301}e\x{301}e\x{301}e\x{301}e\x{301}e\x{301}e\x{301}e\x{301}e\x{301}e\x{301}e\x{301}e\x{301}e\x{301}e\x{301}e\x{301}e\x{301}e\x{301}e\x{301}e\x{301}e\x{301}e\x{301}e\x{301}e\x{301}e\x{301}e\x{301}e\x{301}e\x{301}e\x{301}e\x{301}e\x{301}e\x{301}e\x{301} e\x{301}e\x{301}e\x{301}e\x{301}e\x{301}e\x{301}e\x{301}e\x{301}e\x{301}e\x{301}e\x{301}e\x{301}e\x{301}e\x{301}e\x{301}e\x{301}e\x{301}e\x{301}e\x{301}e\x{301}e\x{301}e\x{301}e\x{301}e\x{301}e\x{301}e\x{301}e\x{301}e\x{301}e\x{301}e\x{301} e\x{301}e\x{301}e\x{301}e\x{301}e\x{301}e\x{301}e\x{301}e\x{301}e\x{301}e\x{301}e\x{301}e\x{301}e\x{301}e\x{301}e\x{301}e\x{301}e\x{301}e\x{301}e\x{301}e\x{301}e\x{301}e\x{301}"
          text run at (1040,7290) width 0: " "
          text run at (0,7305) width 1040: "e\x{301}e\x{301}e\x{301}e\x{301}e\x{301}e\x{301}e\x{301}e\x{301}e\x{301}e\x{301}e\x{301}e\x{301}e\x{301}e\x{301}e\x{301}e\x{301}e\x{301}e\x{301}e\x{301}e\x{301}e\x{301}e\x{301}e\x{301}e\x{301}e\x{301}e\x{301}e\x{301}e\x{301}e\x{301}e\x{301}e\x{301}e\x{301} e\x{301} e\x{301}e\x{301}e\x{301}e\x{301}e\x{301}e\x{301}e\x{301}e\x{301}e\x{301}e\x{301}e\x{301}e\x{301}e\x{301}e\x{301}e\x{301}e\x{301}e\x{301}e\x{301}e\x{301}e\x{301}e\x{301}e\x{301}e\x{301}e\x{301}e\x{301}e\x{301}e\x{301}e\x{301}e\x{301}e\x{301}e\x{301}e\x{301}e\x{301}e\x{301}e\x{301}e\x{301}e\x{301}e\x{301}e\x{301}e\x{301}e\x{301}e\x{301}e\x{301} e\x{301}e\x{301}e\x{301}e\x{301}e\x{301}e\x{301}e\x{301}e\x{301}e\x{301}e\x{301}e\x{301}e\x{301}e\x{301}e\x{301}e\x{301}e\x{301}e\x{301}e\x{301}e\x{301}e\x{301}e\x{301}e\x{301}e\x{301}e\x{301}e\x{301}e\x{301}e\x{301}e\x{301}e\x{301}e\x{301} e\x{301}e\x{301}e\x{301}e\x{301}e\x{301}e\x{301}e\x{301}e\x{301}e\x{301}e\x{301}e\x{301}e\x{301}e\x{301}e\x{301}e\x{301}e\x{301}e\x{301}e\x{301}e\x{301}e\x{301}e\x{301}e\x{301}"
          text run at (1040,7305) width 0: " "
          text run at (0,7320) width 1040: "e\x{301}e\x{301}e\x{301}e\x{301}e\x{301}e\x{301}e\x{301}e\x{301}e\x{301}e\x{301}e\x{301}e\x{301}e\x{301}e\x{301}e\x{301}e\x{301}e\x{301}e\x{301}e\x{301}e\x{301}e\x{301}e\x{301}e\x{301}e\x{301}e\x{301}e\x{301}e\x{301}e\x{301}e\x{301}e\x{301}e\x{301}e\x{301} e\x{301} e\x{301}e\x{301}e\x{301}e\x{301}e\x{301}e\x{301}e\x{301}e\x{301}e\x{301}e\x{301}e\x{301}e\x{301}e\x{301}e\x{301}e\x{301}e\x{301}e\x{301}e\x{301}e\x{301}e\x{301}e\x{301}e\x{301}e\x{301}e\x{301}e\x{301}e\x{301}e\x{301}e\x{301}e\x{301}e\x{301}e\x{301}e\x{301}e\x{301}e\x{301}e\x{301}e\x{301}e\x{301}e\x{301}e\x{301}e\x{301}e\x{301}e\x{301}e\x{301} e\x{301}e\x{301}e\x{301}e\x{301}e\x{301}e\x{301}e\x{301}e\x{301}e\x{301}e\x{301}e\x{301}e\x{301}e\x{301}e\x{301}e\x{301}e\x{301}e\x{301}e\x{301}e\x{301}e\x{301}e\x{301}e\x{301}e\x{301}e\x{301}e\x{301}e\x{301}e\x{301}e\x{301}e\x{301}e\x{301} e\x{301}e\x{301}e\x{301}e\x{301}e\x{301}e\x{301}e\x{301}e\x{301}e\x{301}e\x{301}e\x{301}e\x{301}e\x{301}e\x{301}e\x{301}e\x{301}e\x{301}e\x{301}e\x{301}e\x{301}e\x{301}e\x{301}"
          text run at (1040,7320) width 0: " "
          text run at (0,7335) width 1040: "e\x{301}e\x{301}e\x{301}e\x{301}e\x{301}e\x{301}e\x{301}e\x{301}e\x{301}e\x{301}e\x{301}e\x{301}e\x{301}e\x{301}e\x{301}e\x{301}e\x{301}e\x{301}e\x{301}e\x{301}e\x{301}e\x{301}e\x{301}e\x{301}e\x{301}e\x{301}e\x{301}e\x{301}e\x{301}e\x{301}e\x{301}e\x{301} e\x{301} e\x{301}e\x{301}e\x{301}e\x{301}e\x{301}e\x{301}e\x{301}e\x{301}e\x{301}e\x{301}e\x{301}e\x{301}e\x{301}e\x{301}e\x{301}e\x{301}e\x{301}e\x{301}e\x{301}e\x{301}e\x{301}e\x{301}e\x{301}e\x{301}e\x{301}e\x{301}e\x{301}e\x{301}e\x{301}e\x{301}e\x{301}e\x{301}e\x{301}e\x{301}e\x{301}e\x{301}e\x{301}e\x{301}e\x{301}e\x{301}e\x{301}e\x{301}e\x{301} e\x{301}e\x{301}e\x{301}e\x{301}e\x{301}e\x{301}e\x{301}e\x{301}e\x{301}e\x{301}e\x{301}e\x{301}e\x{301}e\x{301}e\x{301}e\x{301}e\x{301}e\x{301}e\x{301}e\x{301}e\x{301}e\x{301}e\x{301}e\x{301}e\x{301}e\x{301}e\x{301}e\x{301}e\x{301}e\x{301} e\x{301}e\x{301}e\x{301}e\x{301}e\x{301}e\x{301}e\x{301}e\x{301}e\x{301}e\x{301}e\x{301}e\x{301}e\x{301}e\x{301}e\x{301}e\x{301}e\x{301}e\x{301}e\x{301}e\x{301}e\x{301}e\x{301}"
          text run at (1040,7335) width 0: " "
          text run at (0,7350) width 1040: "e\x{301}e\x{301}e\x{301}e\x{301}e\x{301}e\x{301}e\x{301}e\x{301}e\x{301}e\x{301}e\x{301}e\x{301}e\x{301}e\x{301}e\x{301}e\x{301}e\x{301}e\x{301}e\x{301}e\x{301}e\x{301}e\x{301}e\x{301}e\x{301}e\x{301}e\x{301}e\x{301}e\x{301}e\x{301}e\x{301}e\x{301}e\x{301} e\x{301} e\x{301}e\x{301}e\x{301}e\x{301}e\x{301}e\x{301}e\x{301}e\x{301}e\x{301}e\x{301}e\x{301}e\x{301}e\x{301}e\x{301}e\x{301}e\x{301}e\x{301}e\x{301}e\x{301}e\x{301}e\x{301}e\x{301}e\x{301}e\x{301}e\x{301}e\x{301}e\x{301}e\x{301}e\x{301}e\x{301}e\x{301}e\x{301}e\x{301}e\x{301}e\x{301}e\x{301}e\x{301}e\x{301}e\x{301}e\x{301}e\x{301}e\x{301}e\x{301} e\x{301}e\x{301}e\x{301}e\x{301}e\x{301}e\x{301}e\x{301}e\x{301}e\x{301}e\x{301}e\x{301}e\x{301}e\x{301}e\x{301}e\x{301}e\x{301}e\x{301}e\x{301}e\x{301}e\x{301}e\x{301}e\x{301}e\x{301}e\x{301}e\x{301}e\x{301}e\x{301}e\x{301}e\x{301}e\x{301} e\x{301}e\x{301}e\x{301}e\x{301}e\x{301}e\x{301}e\x{301}e\x{301}e\x{301}e\x{301}e\x{301}e\x{301}e\x{301}e\x{301}e\x{301}e\x{301}e\x{301}e\x{301}e\x{301}e\x{301}e\x{301}e\x{301}"
          text run at (1040,7350) width 0: " "
          text run at (0,7365) width 1040: "e\x{301}e\x{301}e\x{301}e\x{301}e\x{301}e\x{301}e\x{301}e\x{301}e\x{301}e\x{301}e\x{301}e\x{301}e\x{301}e\x{301}e\x{301}e\x{301}e\x{301}e\x{301}e\x{301}e\x{301}e\x{301}e\x{301}e\x{301}e\x{301}e\x{301}e\x{301}e\x{301}e\x{301}e\x{301}e\x{301}e\x{301}e\x{301} e\x{301} e\x{301}e\x{301}e\x{301}e\x{301}e\x{301}e\x{301}e\x{301}e\x{301}e\x{301}e\x{301}e\x{301}e\x{301}e\x{301}e\x{301}e\x{301}e\x{301}e\x{301}e\x{301}e\x{301}e\x{301}e\x{301}e\x{301}e\x{301}e\x{301}e\x{301}e\x{301}e\x{301}e\x{301}e\x{301}e\x{301}e\x{301}e\x{301}e\x{301}e\x{301}e\x{301}e\x{301}e\x{301}e\x{301}e\x{301}e\x{301}e\x{301}e\x{301}e\x{301} e\x{301}e\x{301}e\x{301}e\x{301}e\x{301}e\x{301}e\x{301}e\x{301}e\x{301}e\x{301}e\x{301}e\x{301}e\x{301}e\x{301}e\x{301}e\x{301}e\x{301}e\x{301}e\x{301}e\x{301}e\x{301}e\x{301}e\x{301}e\x{301}e\x{301}e\x{301}e\x{301}e\x{301}e\x{301}e\x{301} e\x{301}e\x{301}e\x{301}e\x{301}e\x{301}e\x{301}e\x{301}e\x{301}e\x{301}e\x{301}e\x{301}e\x{301}e\x{301}e\x{301}e\x{301}e\x{301}e\x{301}e\x{301}e\x{301}e\x{301}e\x{301}e\x{301}"
          text run at (1040,7365) width 0: " "
          text run at (0,7380) width 1040: "e\x{301}e\x{301}e\x{301}e\x{301}e\x{301}e\x{301}e\x{301}e\x{301}e\x{301}e\x{301}e\x{301}e\x{301}e\x{301}e\x{301}e\x{301}e\x{301}e\x{301}e\x{301}e\x{301}e\x{301}e\x{301}e\x{301}e\x{301}e\x{301}e\x{301}e\x{301}e\x{301}e\x{301}e\x{301}e\x{301}e\x{301}e\x{301} e\x{301} e\x{301}e\x{301}e\x{301}e\x{301}e\x{301}e\x{301}e\x{301}e\x{301}e\x{301}e\x{301}e\x{301}e\x{301}e\x{301}e\x{301}e\x{301}e\x{301}e\x{301}e\x{301}e\x{301}e\x{301}e\x{301}e\x{301}e\x{301}e\x{301}e\x{301}e\x{301}e\x{301}e\x{301}e\x{301}e\x{301}e\x{301}e\x{301}e\x{301}e\x{301}e\x{301}e\x{301}e\x{301}e\x{301}e\x{301}e\x{301}e\x{301}e\x{301}e\x{301} e\x{301}e\x{301}e\x{301}e\x{301}e\x{301}e\x{301}e\x{301}e\x{301}e\x{301}e\x{301}e\x{301}e\x{301}e\x{301}e\x{301}e\x{301}e\x{301}e\x{301}e\x{301}e\x{301}e\x{301}e\x{301}e\x{301}e\x{301}e\x{301}e\x{301}e\x{301}e\x{301}e\x{301}e\x{301}e\x{301} e\x{301}e\x{301}e\x{301}e\x{301}e\x{301}e\x{301}e\x{301}e\x{301}e\x{301}e\x{301}e\x{301}e\x{301}e\x{301}e\x{301}e\x{301}e\x{301}e\x{301}e\x{301}e\x{301}e\x{301}e\x{301}e\x{301}"
          text run at (1040,7380) width 0: " "
          text run at (0,7395) width 1040: "e\x{301}e\x{301}e\x{301}e\x{301}e\x{301}e\x{301}e\x{301}e\x{301}e\x{301}e\x{301}e\x{301}e\x{301}e\x{301}e\x{301}e\x{301}e\x{301}e\x{301}e\x{301}e\x{301}e\x{301}e\x{301}e\x{301}e\x{301}e\x{301}e\x{301}e\x{301}e\x{301}e\x{301}e\x{301}e\x{301}e\x{301}e\x{301} e\x{301} e\x{301}e\x{301}e\x{301}e\x{301}e\x{301}e\x{301}e\x{301}e\x{301}e\x{301}e\x{301}e\x{301}e\x{301}e\x{301}e\x{301}e\x{301}e\x{301}e\x{301}e\x{301}e\x{301}e\x{301}e\x{301}e\x{301}e\x{301}e\x{301}e\x{301}e\x{301}e\x{301}e\x{301}e\x{301}e\x{301}e\x{301}e\x{301}e\x{301}e\x{301}e\x{301}e\x{301}e\x{301}e\x{301}e\x{301}e\x{301}e\x{301}e\x{301}e\x{301} e\x{301}e\x{301}e\x{301}e\x{301}e\x{301}e\x{301}e\x{301}e\x{301}e\x{301}e\x{301}e\x{301}e\x{301}e\x{301}e\x{301}e\x{301}e\x{301}e\x{301}e\x{301}e\x{301}e\x{301}e\x{301}e\x{301}e\x{301}e\x{301}e\x{301}e\x{301}e\x{301}e\x{301}e\x{301}e\x{301} e\x{301}e\x{301}e\x{301}e\x{301}e\x{301}e\x{301}e\x{301}e\x{301}e\x{301}e\x{301}e\x{301}e\x{301}e\x{301}e\x{301}e\x{301}e\x{301}e\x{301}e\x{301}e\x{301}e\x{301}e\x{301}e\x{301}"
          text run at (1040,7395) width 0: " "
          text run at (0,7410) width 1040: "e\x{301}e\x{301}e\x{301}e\x{301}e\x{301}e\x{301}e\x{301}e\x{301}e\x{301}e\x{301}e\x{301}e\x{301}e\x{301}e\x{301}e\x{301}e\x{301}e\x{301}e\x{301}e\x{301}e\x{301}e\x{301}e\x{301}e\x{301}e\x{301}e\x{301}e\x{301}e\x{301}e\x{301}e\x{301}e\x{301}e\x{301}e\x{301} e\x{301} e\x{301}e\x{301}e\x{301}e\x{301}e\x{301}e\x{301}e\x{301}e\x{301}e\x{301}e\x{301}e\x{301}e\x{301}e\x{301}e\x{301}e\x{301}e\x{301}e\x{301}e\x{301}e\x{301}e\x{301}e\x{301}e\x{301}e\x{301}e\x{301}e\x{301}e\x{301}e\x{301}e\x{301}e\x{301}e\x{301}e\x{301}e\x{301}e\x{301}e\x{301}e\x{301}e\x{301}e\x{301}e\x{301}e\x{301}e\x{301}e\x{301}e\x{301}e\x{301} e\x{301}e\x{301}e\x{301}e\x{301}e\x{301}e\x{301}e\x{301}e\x{301}e\x{301}e\x{301}e\x{301}e\x{301}e\x{301}e\x{301}e\x{301}e\x{301}e\x{301}e\x{301}e\x{301}e\x{301}e\x{301}e\x{301}e\x{301}e\x{301}e\x{301}e\x{301}e\x{301}e\x{301}e\x{301}e\x{301} e\x{301}e\x{301}e\x{301}e\x{301}e\x{301}e\x{301}e\x{301}e\x{301}e\x{301}e\x{301}e\x{301}e\x{301}e\x{301}e\x{301}e\x{301}e\x{301}e\x{301}e\x{301}e\x{301}e\x{301}e\x{301}e\x{301}"
          text run at (1040,7410) width 0: " "
          text run at (0,7425) width 1040: "e\x{301}e\x{301}e\x{301}e\x{301}e\x{301}e\x{301}e\x{301}e\x{301}e\x{301}e\x{301}e\x{301}e\x{301}e\x{301}e\x{301}e\x{301}e\x{301}e\x{301}e\x{301}e\x{301}e\x{301}e\x{301}e\x{301}e\x{301}e\x{301}e\x{301}e\x{301}e\x{301}e\x{301}e\x{301}e\x{301}e\x{301}e\x{301} e\x{301} e\x{301}e\x{301}e\x{301}e\x{301}e\x{301}e\x{301}e\x{301}e\x{301}e\x{301}e\x{301}e\x{301}e\x{301}e\x{301}e\x{301}e\x{301}e\x{301}e\x{301}e\x{301}e\x{301}e\x{301}e\x{301}e\x{301}e\x{301}e\x{301}e\x{301}e\x{301}e\x{301}e\x{301}e\x{301}e\x{301}e\x{301}e\x{301}e\x{301}e\x{301}e\x{301}e\x{301}e\x{301}e\x{301}e\x{301}e\x{301}e\x{301}e\x{301}e\x{301} e\x{301}e\x{301}e\x{301}e\x{301}e\x{301}e\x{301}e\x{301}e\x{301}e\x{301}e\x{301}e\x{301}e\x{301}e\x{301}e\x{301}e\x{301}e\x{301}e\x{301}e\x{301}e\x{301}e\x{301}e\x{301}e\x{301}e\x{301}e\x{301}e\x{301}e\x{301}e\x{301}e\x{301}e\x{301}e\x{301} e\x{301}e\x{301}e\x{301}e\x{301}e\x{301}e\x{301}e\x{301}e\x{301}e\x{301}e\x{301}e\x{301}e\x{301}e\x{301}e\x{301}e\x{301}e\x{301}e\x{301}e\x{301}e\x{301}e\x{301}e\x{301}e\x{301}"
          text run at (1040,7425) width 0: " "
          text run at (0,7440) width 1040: "e\x{301}e\x{301}e\x{301}e\x{301}e\x{301}e\x{301}e\x{301}e\x{301}e\x{301}e\x{301}e\x{301}e\x{301}e\x{301}e\x{301}e\x{301}e\x{301}e\x{301}e\x{301}e\x{301}e\x{301}e\x{301}e\x{301}e\x{301}e\x{301}e\x{301}e\x{301}e\x{301}e\x{301}e\x{301}e\x{301}e\x{301}e\x{301} e\x{301} e\x{301}e\x{301}e\x{301}e\x{301}e\x{301}e\x{301}e\x{301}e\x{301}e\x{301}e\x{301}e\x{301}e\x{301}e\x{301}e\x{301}e\x{301}e\x{301}e\x{301}e\x{301}e\x{301}e\x{301}e\x{301}e\x{301}e\x{301}e\x{301}e\x{301}e\x{301}e\x{301}e\x{301}e\x{301}e\x{301}e\x{301}e\x{301}e\x{301}e\x{301}e\x{301}e\x{301}e\x{301}e\x{301}e\x{301}e\x{301}e\x{301}e\x{301}e\x{301} e\x{301}e\x{301}e\x{301}e\x{301}e\x{301}e\x{301}e\x{301}e\x{301}e\x{301}e\x{301}e\x{301}e\x{301}e\x{301}e\x{301}e\x{301}e\x{301}e\x{301}e\x{301}e\x{301}e\x{301}e\x{301}e\x{301}e\x{301}e\x{301}e\x{301}e\x{301}e\x{301}e\x{301}e\x{301}e\x{301} e\x{301}e\x{301}e\x{301}e\x{301}e\x{301}e\x{301}e\x{301}e\x{301}e\x{301}e\x{301}e\x{301}e\x{301}e\x{301}e\x{301}e\x{301}e\x{301}e\x{301}e\x{301}e\x{301}e\x{301}e\x{301}e\x{301}"
          text run at (1040,7440) width 0: " "
          text run at (0,7455) width 1040: "e\x{301}e\x{301}e\x{301}e\x{301}e\x{301}e\x{301}e\x{301}e\x{301}e\x{301}e\x{301}e\x{301}e\x{301}e\x{301}e\x{301}e\x{301}e\x{301}e\x{301}e\x{301}e\x{301}e\x{301}e\x{301}e\x{301}e\x{301}e\x{301}e\x{301}e\x{301}e\x{301}e\x{301}e\x{301}e\x{301}e\x{301}e\x{301} e\x{301} e\x{301}e\x{301}e\x{301}e\x{301}e\x{301}e\x{301}e\x{301}e\x{301}e\x{301}e\x{301}e\x{301}e\x{301}e\x{301}e\x{301}e\x{301}e\x{301}e\x{301}e\x{301}e\x{301}e\x{301}e\x{301}e\x{301}e\x{301}e\x{301}e\x{301}e\x{301}e\x{301}e\x{301}e\x{301}e\x{301}e\x{301}e\x{301}e\x{301}e\x{301}e\x{301}e\x{301}e\x{301}e\x{301}e\x{301}e\x{301}e\x{301}e\x{301}e\x{301} e\x{301}e\x{301}e\x{301}e\x{301}e\x{301}e\x{301}e\x{301}e\x{301}e\x{301}e\x{301}e\x{301}e\x{301}e\x{301}e\x{301}e\x{301}e\x{301}e\x{301}e\x{301}e\x{301}e\x{301}e\x{301}e\x{301}e\x{301}e\x{301}e\x{301}e\x{301}e\x{301}e\x{301}e\x{301}e\x{301} e\x{301}e\x{301}e\x{301}e\x{301}e\x{301}e\x{301}e\x{301}e\x{301}e\x{301}e\x{301}e\x{301}e\x{301}e\x{301}e\x{301}e\x{301}e\x{301}e\x{301}e\x{301}e\x{301}e\x{301}e\x{301}e\x{301}"
          text run at (1040,7455) width 0: " "
          text run at (0,7470) width 1040: "e\x{301}e\x{301}e\x{301}e\x{301}e\x{301}e\x{301}e\x{301}e\x{301}e\x{301}e\x{301}e\x{301}e\x{301}e\x{301}e\x{301}e\x{301}e\x{301}e\x{301}e\x{301}e\x{301}e\x{301}e\x{301}e\x{301}e\x{301}e\x{301}e\x{301}e\x{301}e\x{301}e\x{301}e\x{301}e\x{301}e\x{301}e\x{301} e\x{301} e\x{301}e\x{301}e\x{301}e\x{301}e\x{301}e\x{301}e\x{301}e\x{301}e\x{301}e\x{301}e\x{301}e\x{301}e\x{301}e\x{301}e\x{301}e\x{301}e\x{301}e\x{301}e\x{301}e\x{301}e\x{301}e\x{301}e\x{301}e\x{301}e\x{301}e\x{301}e\x{301}e\x{301}e\x{301}e\x{301}e\x{301}e\x{301}e\x{301}e\x{301}e\x{301}e\x{301}e\x{301}e\x{301}e\x{301}e\x{301}e\x{301}e\x{301}e\x{301} e\x{301}e\x{301}e\x{301}e\x{301}e\x{301}e\x{301}e\x{301}e\x{301}e\x{301}e\x{301}e\x{301}e\x{301}e\x{301}e\x{301}e\x{301}e\x{301}e\x{301}e\x{301}e\x{301}e\x{301}e\x{301}e\x{301}e\x{301}e\x{301}e\x{301}e\x{301}e\x{301}e\x{301}e\x{301}e\x{301} e\x{301}e\x{301}e\x{301}e\x{301}e\x{301}e\x{301}e\x{301}e\x{301}e\x{301}e\x{301}e\x{301}e\x{301}e\x{301}e\x{301}e\x{301}e\x{301}e\x{301}e\x{301}e\x{301}e\x{301}e\x{301}e\x{301}"
          text run at (1040,7470) width 0: " "
          text run at (0,7485) width 1040: "e\x{301}e\x{301}e\x{301}e\x{301}e\x{301}e\x{301}e\x{301}e\x{301}e\x{301}e\x{301}e\x{301}e\x{301}e\x{301}e\x{301}e\x{301}e\x{301}e\x{301}e\x{301}e\x{301}e\x{301}e\x{301}e\x{301}e\x{301}e\x{301}e\x{301}e\x{301}e\x{301}e\x{301}e\x{301}e\x{301}e\x{301}e\x{301} e\x{301} e\x{301}e\x{301}e\x{301}e\x{301}e\x{301}e\x{301}e\x{301}e\x{301}e\x{301}e\x{301}e\x{301}e\x{301}e\x{301}e\x{301}e\x{301}e\x{301}e\x{301}e\x{301}e\x{301}e\x{301}e\x{301}e\x{301}e\x{301}e\x{301}e\x{301}e\x{301}e\x{301}e\x{301}e\x{301}e\x{301}e\x{301}e\x{301}e\x{301}e\x{301}e\x{301}e\x{301}e\x{301}e\x{301}e\x{301}e\x{301}e\x{301}e\x{301}e\x{301} e\x{301}e\x{301}e\x{301}e\x{301}e\x{301}e\x{301}e\x{301}e\x{301}e\x{301}e\x{301}e\x{301}e\x{301}e\x{301}e\x{301}e\x{301}e\x{301}e\x{301}e\x{301}e\x{301}e\x{301}e\x{301}e\x{301}e\x{301}e\x{301}e\x{301}e\x{301}e\x{301}e\x{301}e\x{301}e\x{301} e\x{301}e\x{301}e\x{301}e\x{301}e\x{301}e\x{301}e\x{301}e\x{301}e\x{301}e\x{301}e\x{301}e\x{301}e\x{301}e\x{301}e\x{301}e\x{301}e\x{301}e\x{301}e\x{301}e\x{301}e\x{301}e\x{301}"
          text run at (1040,7485) width 0: " "
          text run at (0,7500) width 1040: "e\x{301}e\x{301}e\x{301}e\x{301}e\x{301}e\x{301}e\x{301}e\x{301}e\x{301}e\x{301}e\x{301}e\x{301}e\x{301}e\x{301}e\x{301}e\x{301}e\x{301}e\x{301}e\x{301}e\x{301}e\x{301}e\x{301}e\x{301}e\x{301}e\x{301}e\x{301}e\x{301}e\x{301}e\x{301}e\x{301}e\x{301}e\x{301} e\x{301} e\x{301}e\x{301}e\x{301}e\x{301}e\x{301}e\x{301}e\x{301}e\x{301}e\x{301}e\x{301}e\x{301}e\x{301}e\x{301}e\x{301}e\x{301}e\x{301}e\x{301}e\x{301}e\x{301}e\x{301}e\x{301}e\x{301}e\x{301}e\x{301}e\x{301}e\x{301}e\x{301}e\x{301}e\x{301}e\x{301}e\x{301}e\x{301}e\x{301}e\x{301}e\x{301}e\x{301}e\x{301}e\x{301}e\x{301}e\x{301}e\x{301}e\x{301}e\x{301} e\x{301}e\x{301}e\x{301}e\x{301}e\x{301}e\x{301}e\x{301}e\x{301}e\x{301}e\x{301}e\x{301}e\x{301}e\x{301}e\x{301}e\x{301}e\x{301}e\x{301}e\x{301}e\x{301}e\x{301}e\x{301}e\x{301}e\x{301}e\x{301}e\x{301}e\x{301}e\x{301}e\x{301}e\x{301}e\x{301} e\x{301}e\x{301}e\x{301}e\x{301}e\x{301}e\x{301}e\x{301}e\x{301}e\x{301}e\x{301}e\x{301}e\x{301}e\x{301}e\x{301}e\x{301}e\x{301}e\x{301}e\x{301}e\x{301}e\x{301}e\x{301}e\x{301}"
          text run at (1040,7500) width 0: " "
          text run at (0,7515) width 1040: "e\x{301}e\x{301}e\x{301}e\x{301}e\x{301}e\x{301}e\x{301}e\x{301}e\x{301}e\x{301}e\x{301}e\x{301}e\x{301}e\x{301}e\x{301}e\x{301}e\x{301}e\x{301}e\x{301}e\x{301}e\x{301}e\x{301}e\x{301}e\x{301}e\x{301}e\x{301}e\x{301}e\x{301}e\x{301}e\x{301}e\x{301}e\x{301} e\x{301} e\x{301}e\x{301}e\x{301}e\x{301}e\x{301}e\x{301}e\x{301}e\x{301}e\x{301}e\x{301}e\x{301}e\x{301}e\x{301}e\x{301}e\x{301}e\x{301}e\x{301}e\x{301}e\x{301}e\x{301}e\x{301}e\x{301}e\x{301}e\x{301}e\x{301}e\x{301}e\x{301}e\x{301}e\x{301}e\x{301}e\x{301}e\x{301}e\x{301}e\x{301}e\x{301}e\x{301}e\x{301}e\x{301}e\x{301}e\x{301}e\x{301}e\x{301}e\x{301} e\x{301}e\x{301}e\x{301}e\x{301}e\x{301}e\x{301}e\x{301}e\x{301}e\x{301}e\x{301}e\x{301}e\x{301}e\x{301}e\x{301}e\x{301}e\x{301}e\x{301}e\x{301}e\x{301}e\x{301}e\x{301}e\x{301}e\x{301}e\x{301}e\x{301}e\x{301}e\x{301}e\x{301}e\x{301}e\x{301} e\x{301}e\x{301}e\x{301}e\x{301}e\x{301}e\x{301}e\x{301}e\x{301}e\x{301}e\x{301}e\x{301}e\x{301}e\x{301}e\x{301}e\x{301}e\x{301}e\x{301}e\x{301}e\x{301}e\x{301}e\x{301}e\x{301}"
          text run at (1040,7515) width 0: " "
          text run at (0,7530) width 192: "e\x{301}e\x{301}e\x{301}e\x{301}e\x{301}e\x{301}e\x{301}e\x{301}e\x{301}e\x{301}e\x{301}e\x{301}e\x{301}e\x{301}e\x{301}e\x{301}e\x{301}e\x{301}e\x{301}e\x{301}e\x{301}e\x{301}e\x{301}e\x{301}"
        RenderText {#text} at (192,7530) size 1040x375
          text run at (192,7530) width 848: "e\x{301}e\x{301}e\x{301}e\x{301}e\x{301}e\x{301}e\x{301}e\x{301} e\x{301} e\x{301}e\x{301}e\x{301}e\x{301}e\x{301}e\x{301}e\x{301}e\x{301}e\x{301}e\x{301}e\x{301}e\x{301}e\x{301}e\x{301}e\x{301}e\x{301}e\x{301}e\x{301}e\x{301}e\x{301}e\x{301}e\x{301}e\x{301}e\x{301}e\x{301}e\x{301}e\x{301}e\x{301}e\x{301}e\x{301}e\x{301}e\x{301}e\x{301}e\x{301}e\x{301}e\x{301}e\x{301}e\x{301}e\x{301}e\x{301}e\x{301}e\x{301}e\x{301} e\x{301}e\x{301}e\x{301}e\x{301}e\x{301}e\x{301}e\x{301}e\x{301}e\x{301}e\x{301}e\x{301}e\x{301}e\x{301}e\x{301}e\x{301}e\x{301}e\x{301}e\x{301}e\x{301}e\x{301}e\x{301}e\x{301}e\x{301}e\x{301}e\x{301}e\x{301}e\x{301}e\x{301}e\x{301}e\x{301} e\x{301}e\x{301}e\x{301}e\x{301}e\x{301}e\x{301}e\x{301}e\x{301}e\x{301}e\x{301}e\x{301}e\x{301}e\x{301}e\x{301}e\x{301}e\x{301}e\x{301}e\x{301}e\x{301}e\x{301}e\x{301}e\x{301}"
          text run at (1040,7530) width 0: " "
          text run at (0,7545) width 1040: "e\x{301}e\x{301}e\x{301}e\x{301}e\x{301}e\x{301}e\x{301}e\x{301}e\x{301}e\x{301}e\x{301}e\x{301}e\x{301}e\x{301}e\x{301}e\x{301}e\x{301}e\x{301}e\x{301}e\x{301}e\x{301}e\x{301}e\x{301}e\x{301}e\x{301}e\x{301}e\x{301}e\x{301}e\x{301}e\x{301}e\x{301}e\x{301} e\x{301} e\x{301}e\x{301}e\x{301}e\x{301}e\x{301}e\x{301}e\x{301}e\x{301}e\x{301}e\x{301}e\x{301}e\x{301}e\x{301}e\x{301}e\x{301}e\x{301}e\x{301}e\x{301}e\x{301}e\x{301}e\x{301}e\x{301}e\x{301}e\x{301}e\x{301}e\x{301}e\x{301}e\x{301}e\x{301}e\x{301}e\x{301}e\x{301}e\x{301}e\x{301}e\x{301}e\x{301}e\x{301}e\x{301}e\x{301}e\x{301}e\x{301}e\x{301}e\x{301} e\x{301}e\x{301}e\x{301}e\x{301}e\x{301}e\x{301}e\x{301}e\x{301}e\x{301}e\x{301}e\x{301}e\x{301}e\x{301}e\x{301}e\x{301}e\x{301}e\x{301}e\x{301}e\x{301}e\x{301}e\x{301}e\x{301}e\x{301}e\x{301}e\x{301}e\x{301}e\x{301}e\x{301}e\x{301}e\x{301} e\x{301}e\x{301}e\x{301}e\x{301}e\x{301}e\x{301}e\x{301}e\x{301}e\x{301}e\x{301}e\x{301}e\x{301}e\x{301}e\x{301}e\x{301}e\x{301}e\x{301}e\x{301}e\x{301}e\x{301}e\x{301}e\x{301}"
          text run at (1040,7545) width 0: " "
          text run at (0,7560) width 1040: "e\x{301}e\x{301}e\x{301}e\x{301}e\x{301}e\x{301}e\x{301}e\x{301}e\x{301}e\x{301}e\x{301}e\x{301}e\x{301}e\x{301}e\x{301}e\x{301}e\x{301}e\x{301}e\x{301}e\x{301}e\x{301}e\x{301}e\x{301}e\x{301}e\x{301}e\x{301}e\x{301}e\x{301}e\x{301}e\x{301}e\x{301}e\x{301} e\x{301} e\x{301}e\x{301}e\x{301}e\x{301}e\x{301}e\x{301}e\x{301}e\x{301}e\x{301}e\x{301}e\x{301}e\x{301}e\x{301}e\x{301}e\x{301}e\x{301}e\x{301}e\x{301}e\x{301}e\x{301}e\x{301}e\x{301}e\x{301}e\x{301}e\x{301}e\x{301}e\x{301}e\x{301}e\x{301}e\x{301}e\x{301}e\x{301}e\x{301}e\x{301}e\x{301}e\x{301}e\x{301}e\x{301}e\x{301}e\x{301}e\x{301}e\x{301}e\x{301} e\x{301}e\x{301}e\x{301}e\x{301}e\x{301}e\x{301}e\x{301}e\x{301}e\x{301}e\x{301}e\x{301}e\x{301}e\x{301}e\x{301}e\x{301}e\x{301}e\x{301}e\x{301}e\x{301}e\x{301}e\x{301}e\x{301}e\x{301}e\x{301}e\x{301}e\x{301}e\x{301}e\x{301}e\x{301}e\x{301} e\x{301}e\x{301}e\x{301}e\x{301}e\x{301}e\x{301}e\x{301}e\x{301}e\x{301}e\x{301}e\x{301}e\x{301}e\x{301}e\x{301}e\x{301}e\x{301}e\x{301}e\x{301}e\x{301}e\x{301}e\x{301}e\x{301}"
          text run at (1040,7560) width 0: " "
          text run at (0,7575) width 1040: "e\x{301}e\x{301}e\x{301}e\x{301}e\x{301}e\x{301}e\x{301}e\x{301}e\x{301}e\x{301}e\x{301}e\x{301}e\x{301}e\x{301}e\x{301}e\x{301}e\x{301}e\x{301}e\x{301}e\x{301}e\x{301}e\x{301}e\x{301}e\x{301}e\x{301}e\x{301}e\x{301}e\x{301}e\x{301}e\x{301}e\x{301}e\x{301} e\x{301} e\x{301}e\x{301}e\x{301}e\x{301}e\x{301}e\x{301}e\x{301}e\x{301}e\x{301}e\x{301}e\x{301}e\x{301}e\x{301}e\x{301}e\x{301}e\x{301}e\x{301}e\x{301}e\x{301}e\x{301}e\x{301}e\x{301}e\x{301}e\x{301}e\x{301}e\x{301}e\x{301}e\x{301}e\x{301}e\x{301}e\x{301}e\x{301}e\x{301}e\x{301}e\x{301}e\x{301}e\x{301}e\x{301}e\x{301}e\x{301}e\x{301}e\x{301}e\x{301} e\x{301}e\x{301}e\x{301}e\x{301}e\x{301}e\x{301}e\x{301}e\x{301}e\x{301}e\x{301}e\x{301}e\x{301}e\x{301}e\x{301}e\x{301}e\x{301}e\x{301}e\x{301}e\x{301}e\x{301}e\x{301}e\x{301}e\x{301}e\x{301}e\x{301}e\x{301}e\x{301}e\x{301}e\x{301}e\x{301} e\x{301}e\x{301}e\x{301}e\x{301}e\x{301}e\x{301}e\x{301}e\x{301}e\x{301}e\x{301}e\x{301}e\x{301}e\x{301}e\x{301}e\x{301}e\x{301}e\x{301}e\x{301}e\x{301}e\x{301}e\x{301}e\x{301}"
          text run at (1040,7575) width 0: " "
          text run at (0,7590) width 1040: "e\x{301}e\x{301}e\x{301}e\x{301}e\x{301}e\x{301}e\x{301}e\x{301}e\x{301}e\x{301}e\x{301}e\x{301}e\x{301}e\x{301}e\x{301}e\x{301}e\x{301}e\x{301}e\x{301}e\x{301}e\x{301}e\x{301}e\x{301}e\x{301}e\x{301}e\x{301}e\x{301}e\x{301}e\x{301}e\x{301}e\x{301}e\x{301} e\x{301} e\x{301}e\x{301}e\x{301}e\x{301}e\x{301}e\x{301}e\x{301}e\x{301}e\x{301}e\x{301}e\x{301}e\x{301}e\x{301}e\x{301}e\x{301}e\x{301}e\x{301}e\x{301}e\x{301}e\x{301}e\x{301}e\x{301}e\x{301}e\x{301}e\x{301}e\x{301}e\x{301}e\x{301}e\x{301}e\x{301}e\x{301}e\x{301}e\x{301}e\x{301}e\x{301}e\x{301}e\x{301}e\x{301}e\x{301}e\x{301}e\x{301}e\x{301}e\x{301} e\x{301}e\x{301}e\x{301}e\x{301}e\x{301}e\x{301}e\x{301}e\x{301}e\x{301}e\x{301}e\x{301}e\x{301}e\x{301}e\x{301}e\x{301}e\x{301}e\x{301}e\x{301}e\x{301}e\x{301}e\x{301}e\x{301}e\x{301}e\x{301}e\x{301}e\x{301}e\x{301}e\x{301}e\x{301}e\x{301} e\x{301}e\x{301}e\x{301}e\x{301}e\x{301}e\x{301}e\x{301}e\x{301}e\x{301}e\x{301}e\x{301}e\x{301}e\x{301}e\x{301}e\x{301}e\x{301}e\x{301}e\x{301}e\x{301}e\x{301}e\x{301}e\x{301}"
          text run at (1040,7590) width 0: " "
          text run at (0,7605) width 1040: "e\x{301}e\x{301}e\x{301}e\x{301}e\x{301}e\x{301}e\x{301}e\x{301}e\x{301}e\x{301}e\x{301}e\x{301}e\x{301}e\x{301}e\x{301}e\x{301}e\x{301}e\x{301}e\x{301}e\x{301}e\x{301}e\x{301}e\x{301}e\x{301}e\x{301}e\x{301}e\x{301}e\x{301}e\x{301}e\x{301}e\x{301}e\x{301} e\x{301} e\x{301}e\x{301}e\x{301}e\x{301}e\x{301}e\x{301}e\x{301}e\x{301}e\x{301}e\x{301}e\x{301}e\x{301}e\x{301}e\x{301}e\x{301}e\x{301}e\x{301}e\x{301}e\x{301}e\x{301}e\x{301}e\x{301}e\x{301}e\x{301}e\x{301}e\x{301}e\x{301}e\x{301}e\x{301}e\x{301}e\x{301}e\x{301}e\x{301}e\x{301}e\x{301}e\x{301}e\x{301}e\x{301}e\x{301}e\x{301}e\x{301}e\x{301}e\x{301} e\x{301}e\x{301}e\x{301}e\x{301}e\x{301}e\x{301}e\x{301}e\x{301}e\x{301}e\x{301}e\x{301}e\x{301}e\x{301}e\x{301}e\x{301}e\x{301}e\x{301}e\x{301}e\x{301}e\x{301}e\x{301}e\x{301}e\x{301}e\x{301}e\x{301}e\x{301}e\x{301}e\x{301}e\x{301}e\x{301} e\x{301}e\x{301}e\x{301}e\x{301}e\x{301}e\x{301}e\x{301}e\x{301}e\x{301}e\x{301}e\x{301}e\x{301}e\x{301}e\x{301}e\x{301}e\x{301}e\x{301}e\x{301}e\x{301}e\x{301}e\x{301}e\x{301}"
          text run at (1040,7605) width 0: " "
          text run at (0,7620) width 1040: "e\x{301}e\x{301}e\x{301}e\x{301}e\x{301}e\x{301}e\x{301}e\x{301}e\x{301}e\x{301}e\x{301}e\x{301}e\x{301}e\x{301}e\x{301}e\x{301}e\x{301}e\x{301}e\x{301}e\x{301}e\x{301}e\x{301}e\x{301}e\x{301}e\x{301}e\x{301}e\x{301}e\x{301}e\x{301}e\x{301}e\x{301}e\x{301} e\x{301} e\x{301}e\x{301}e\x{301}e\x{301}e\x{301}e\x{301}e\x{301}e\x{301}e\x{301}e\x{301}e\x{301}e\x{301}e\x{301}e\x{301}e\x{301}e\x{301}e\x{301}e\x{301}e\x{301}e\x{301}e\x{301}e\x{301}e\x{301}e\x{301}e\x{301}e\x{301}e\x{301}e\x{301}e\x{301}e\x{301}e\x{301}e\x{301}e\x{301}e\x{301}e\x{301}e\x{301}e\x{301}e\x{301}e\x{301}e\x{301}e\x{301}e\x{301}e\x{301} e\x{301}e\x{301}e\x{301}e\x{301}e\x{301}e\x{301}e\x{301}e\x{301}e\x{301}e\x{301}e\x{301}e\x{301}e\x{301}e\x{301}e\x{301}e\x{301}e\x{301}e\x{301}e\x{301}e\x{301}e\x{301}e\x{301}e\x{301}e\x{301}e\x{301}e\x{301}e\x{301}e\x{301}e\x{301}e\x{301} e\x{301}e\x{301}e\x{301}e\x{301}e\x{301}e\x{301}e\x{301}e\x{301}e\x{301}e\x{301}e\x{301}e\x{301}e\x{301}e\x{301}e\x{301}e\x{301}e\x{301}e\x{301}e\x{301}e\x{301}e\x{301}e\x{301}"
          text run at (1040,7620) width 0: " "
          text run at (0,7635) width 1040: "e\x{301}e\x{301}e\x{301}e\x{301}e\x{301}e\x{301}e\x{301}e\x{301}e\x{301}e\x{301}e\x{301}e\x{301}e\x{301}e\x{301}e\x{301}e\x{301}e\x{301}e\x{301}e\x{301}e\x{301}e\x{301}e\x{301}e\x{301}e\x{301}e\x{301}e\x{301}e\x{301}e\x{301}e\x{301}e\x{301}e\x{301}e\x{301} e\x{301} e\x{301}e\x{301}e\x{301}e\x{301}e\x{301}e\x{301}e\x{301}e\x{301}e\x{301}e\x{301}e\x{301}e\x{301}e\x{301}e\x{301}e\x{301}e\x{301}e\x{301}e\x{301}e\x{301}e\x{301}e\x{301}e\x{301}e\x{301}e\x{301}e\x{301}e\x{301}e\x{301}e\x{301}e\x{301}e\x{301}e\x{301}e\x{301}e\x{301}e\x{301}e\x{301}e\x{301}e\x{301}e\x{301}e\x{301}e\x{301}e\x{301}e\x{301}e\x{301} e\x{301}e\x{301}e\x{301}e\x{301}e\x{301}e\x{301}e\x{301}e\x{301}e\x{301}e\x{301}e\x{301}e\x{301}e\x{301}e\x{301}e\x{301}e\x{301}e\x{301}e\x{301}e\x{301}e\x{301}e\x{301}e\x{301}e\x{301}e\x{301}e\x{301}e\x{301}e\x{301}e\x{301}e\x{301}e\x{301} e\x{301}e\x{301}e\x{301}e\x{301}e\x{301}e\x{301}e\x{301}e\x{301}e\x{301}e\x{301}e\x{301}e\x{301}e\x{301}e\x{301}e\x{301}e\x{301}e\x{301}e\x{301}e\x{301}e\x{301}e\x{301}e\x{301}"
          text run at (1040,7635) width 0: " "
          text run at (0,7650) width 1040: "e\x{301}e\x{301}e\x{301}e\x{301}e\x{301}e\x{301}e\x{301}e\x{301}e\x{301}e\x{301}e\x{301}e\x{301}e\x{301}e\x{301}e\x{301}e\x{301}e\x{301}e\x{301}e\x{301}e\x{301}e\x{301}e\x{301}e\x{301}e\x{301}e\x{301}e\x{301}e\x{301}e\x{301}e\x{301}e\x{301}e\x{301}e\x{301} e\x{301} e\x{301}e\x{301}e\x{301}e\x{301}e\x{301}e\x{301}e\x{301}e\x{301}e\x{301}e\x{301}e\x{301}e\x{301}e\x{301}e\x{301}e\x{301}e\x{301}e\x{301}e\x{301}e\x{301}e\x{301}e\x{301}e\x{301}e\x{301}e\x{301}e\x{301}e\x{301}e\x{301}e\x{301}e\x{301}e\x{301}e\x{301}e\x{301}e\x{301}e\x{301}e\x{301}e\x{301}e\x{301}e\x{301}e\x{301}e\x{301}e\x{301}e\x{301}e\x{301} e\x{301}e\x{301}e\x{301}e\x{301}e\x{301}e\x{301}e\x{301}e\x{301}e\x{301}e\x{301}e\x{301}e\x{301}e\x{301}e\x{301}e\x{301}e\x{301}e\x{301}e\x{301}e\x{301}e\x{301}e\x{301}e\x{301}e\x{301}e\x{301}e\x{301}e\x{301}e\x{301}e\x{301}e\x{301}e\x{301} e\x{301}e\x{301}e\x{301}e\x{301}e\x{301}e\x{301}e\x{301}e\x{301}e\x{301}e\x{301}e\x{301}e\x{301}e\x{301}e\x{301}e\x{301}e\x{301}e\x{301}e\x{301}e\x{301}e\x{301}e\x{301}e\x{301}"
          text run at (1040,7650) width 0: " "
          text run at (0,7665) width 1040: "e\x{301}e\x{301}e\x{301}e\x{301}e\x{301}e\x{301}e\x{301}e\x{301}e\x{301}e\x{301}e\x{301}e\x{301}e\x{301}e\x{301}e\x{301}e\x{301}e\x{301}e\x{301}e\x{301}e\x{301}e\x{301}e\x{301}e\x{301}e\x{301}e\x{301}e\x{301}e\x{301}e\x{301}e\x{301}e\x{301}e\x{301}e\x{301} e\x{301} e\x{301}e\x{301}e\x{301}e\x{301}e\x{301}e\x{301}e\x{301}e\x{301}e\x{301}e\x{301}e\x{301}e\x{301}e\x{301}e\x{301}e\x{301}e\x{301}e\x{301}e\x{301}e\x{301}e\x{301}e\x{301}e\x{301}e\x{301}e\x{301}e\x{301}e\x{301}e\x{301}e\x{301}e\x{301}e\x{301}e\x{301}e\x{301}e\x{301}e\x{301}e\x{301}e\x{301}e\x{301}e\x{301}e\x{301}e\x{301}e\x{301}e\x{301}e\x{301} e\x{301}e\x{301}e\x{301}e\x{301}e\x{301}e\x{301}e\x{301}e\x{301}e\x{301}e\x{301}e\x{301}e\x{301}e\x{301}e\x{301}e\x{301}e\x{301}e\x{301}e\x{301}e\x{301}e\x{301}e\x{301}e\x{301}e\x{301}e\x{301}e\x{301}e\x{301}e\x{301}e\x{301}e\x{301}e\x{301} e\x{301}e\x{301}e\x{301}e\x{301}e\x{301}e\x{301}e\x{301}e\x{301}e\x{301}e\x{301}e\x{301}e\x{301}e\x{301}e\x{301}e\x{301}e\x{301}e\x{301}e\x{301}e\x{301}e\x{301}e\x{301}e\x{301}"
          text run at (1040,7665) width 0: " "
          text run at (0,7680) width 1040: "e\x{301}e\x{301}e\x{301}e\x{301}e\x{301}e\x{301}e\x{301}e\x{301}e\x{301}e\x{301}e\x{301}e\x{301}e\x{301}e\x{301}e\x{301}e\x{301}e\x{301}e\x{301}e\x{301}e\x{301}e\x{301}e\x{301}e\x{301}e\x{301}e\x{301}e\x{301}e\x{301}e\x{301}e\x{301}e\x{301}e\x{301}e\x{301} e\x{301} e\x{301}e\x{301}e\x{301}e\x{301}e\x{301}e\x{301}e\x{301}e\x{301}e\x{301}e\x{301}e\x{301}e\x{301}e\x{301}e\x{301}e\x{301}e\x{301}e\x{301}e\x{301}e\x{301}e\x{301}e\x{301}e\x{301}e\x{301}e\x{301}e\x{301}e\x{301}e\x{301}e\x{301}e\x{301}e\x{301}e\x{301}e\x{301}e\x{301}e\x{301}e\x{301}e\x{301}e\x{301}e\x{301}e\x{301}e\x{301}e\x{301}e\x{301}e\x{301} e\x{301}e\x{301}e\x{301}e\x{301}e\x{301}e\x{301}e\x{301}e\x{301}e\x{301}e\x{301}e\x{301}e\x{301}e\x{301}e\x{301}e\x{301}e\x{301}e\x{301}e\x{301}e\x{301}e\x{301}e\x{301}e\x{301}e\x{301}e\x{301}e\x{301}e\x{301}e\x{301}e\x{301}e\x{301}e\x{301} e\x{301}e\x{301}e\x{301}e\x{301}e\x{301}e\x{301}e\x{301}e\x{301}e\x{301}e\x{301}e\x{301}e\x{301}e\x{301}e\x{301}e\x{301}e\x{301}e\x{301}e\x{301}e\x{301}e\x{301}e\x{301}e\x{301}"
          text run at (1040,7680) width 0: " "
          text run at (0,7695) width 1040: "e\x{301}e\x{301}e\x{301}e\x{301}e\x{301}e\x{301}e\x{301}e\x{301}e\x{301}e\x{301}e\x{301}e\x{301}e\x{301}e\x{301}e\x{301}e\x{301}e\x{301}e\x{301}e\x{301}e\x{301}e\x{301}e\x{301}e\x{301}e\x{301}e\x{301}e\x{301}e\x{301}e\x{301}e\x{301}e\x{301}e\x{301}e\x{301} e\x{301} e\x{301}e\x{301}e\x{301}e\x{301}e\x{301}e\x{301}e\x{301}e\x{301}e\x{301}e\x{301}e\x{301}e\x{301}e\x{301}e\x{301}e\x{301}e\x{301}e\x{301}e\x{301}e\x{301}e\x{301}e\x{301}e\x{301}e\x{301}e\x{301}e\x{301}e\x{301}e\x{301}e\x{301}e\x{301}e\x{301}e\x{301}e\x{301}e\x{301}e\x{301}e\x{301}e\x{301}e\x{301}e\x{301}e\x{301}e\x{301}e\x{301}e\x{301}e\x{301} e\x{301}e\x{301}e\x{301}e\x{301}e\x{301}e\x{301}e\x{301}e\x{301}e\x{301}e\x{301}e\x{301}e\x{301}e\x{301}e\x{301}e\x{301}e\x{301}e\x{301}e\x{301}e\x{301}e\x{301}e\x{301}e\x{301}e\x{301}e\x{301}e\x{301}e\x{301}e\x{301}e\x{301}e\x{301}e\x{301} e\x{301}e\x{301}e\x{301}e\x{301}e\x{301}e\x{301}e\x{301}e\x{301}e\x{301}e\x{301}e\x{301}e\x{301}e\x{301}e\x{301}e\x{301}e\x{301}e\x{301}e\x{301}e\x{301}e\x{301}e\x{301}e\x{301}"
          text run at (1040,7695) width 0: " "
          text run at (0,7710) width 1040: "e\x{301}e\x{301}e\x{301}e\x{301}e\x{301}e\x{301}e\x{301}e\x{301}e\x{301}e\x{301}e\x{301}e\x{301}e\x{301}e\x{301}e\x{301}e\x{301}e\x{301}e\x{301}e\x{301}e\x{301}e\x{301}e\x{301}e\x{301}e\x{301}e\x{301}e\x{301}e\x{301}e\x{301}e\x{301}e\x{301}e\x{301}e\x{301} e\x{301} e\x{301}e\x{301}e\x{301}e\x{301}e\x{301}e\x{301}e\x{301}e\x{301}e\x{301}e\x{301}e\x{301}e\x{301}e\x{301}e\x{301}e\x{301}e\x{301}e\x{301}e\x{301}e\x{301}e\x{301}e\x{301}e\x{301}e\x{301}e\x{301}e\x{301}e\x{301}e\x{301}e\x{301}e\x{301}e\x{301}e\x{301}e\x{301}e\x{301}e\x{301}e\x{301}e\x{301}e\x{301}e\x{301}e\x{301}e\x{301}e\x{301}e\x{301}e\x{301} e\x{301}e\x{301}e\x{301}e\x{301}e\x{301}e\x{301}e\x{301}e\x{301}e\x{301}e\x{301}e\x{301}e\x{301}e\x{301}e\x{301}e\x{301}e\x{301}e\x{301}e\x{301}e\x{301}e\x{301}e\x{301}e\x{301}e\x{301}e\x{301}e\x{301}e\x{301}e\x{301}e\x{301}e\x{301}e\x{301} e\x{301}e\x{301}e\x{301}e\x{301}e\x{301}e\x{301}e\x{301}e\x{301}e\x{301}e\x{301}e\x{301}e\x{301}e\x{301}e\x{301}e\x{301}e\x{301}e\x{301}e\x{301}e\x{301}e\x{301}e\x{301}e\x{301}"
          text run at (1040,7710) width 0: " "
          text run at (0,7725) width 1040: "e\x{301}e\x{301}e\x{301}e\x{301}e\x{301}e\x{301}e\x{301}e\x{301}e\x{301}e\x{301}e\x{301}e\x{301}e\x{301}e\x{301}e\x{301}e\x{301}e\x{301}e\x{301}e\x{301}e\x{301}e\x{301}e\x{301}e\x{301}e\x{301}e\x{301}e\x{301}e\x{301}e\x{301}e\x{301}e\x{301}e\x{301}e\x{301} e\x{301} e\x{301}e\x{301}e\x{301}e\x{301}e\x{301}e\x{301}e\x{301}e\x{301}e\x{301}e\x{301}e\x{301}e\x{301}e\x{301}e\x{301}e\x{301}e\x{301}e\x{301}e\x{301}e\x{301}e\x{301}e\x{301}e\x{301}e\x{301}e\x{301}e\x{301}e\x{301}e\x{301}e\x{301}e\x{301}e\x{301}e\x{301}e\x{301}e\x{301}e\x{301}e\x{301}e\x{301}e\x{301}e\x{301}e\x{301}e\x{301}e\x{301}e\x{301}e\x{301} e\x{301}e\x{301}e\x{301}e\x{301}e\x{301}e\x{301}e\x{301}e\x{301}e\x{301}e\x{301}e\x{301}e\x{301}e\x{301}e\x{301}e\x{301}e\x{301}e\x{301}e\x{301}e\x{301}e\x{301}e\x{301}e\x{301}e\x{301}e\x{301}e\x{301}e\x{301}e\x{301}e\x{301}e\x{301}e\x{301} e\x{301}e\x{301}e\x{301}e\x{301}e\x{301}e\x{301}e\x{301}e\x{301}e\x{301}e\x{301}e\x{301}e\x{301}e\x{301}e\x{301}e\x{301}e\x{301}e\x{301}e\x{301}e\x{301}e\x{301}e\x{301}e\x{301}"
          text run at (1040,7725) width 0: " "
          text run at (0,7740) width 1040: "e\x{301}e\x{301}e\x{301}e\x{301}e\x{301}e\x{301}e\x{301}e\x{301}e\x{301}e\x{301}e\x{301}e\x{301}e\x{301}e\x{301}e\x{301}e\x{301}e\x{301}e\x{301}e\x{301}e\x{301}e\x{301}e\x{301}e\x{301}e\x{301}e\x{301}e\x{301}e\x{301}e\x{301}e\x{301}e\x{301}e\x{301}e\x{301} e\x{301} e\x{301}e\x{301}e\x{301}e\x{301}e\x{301}e\x{301}e\x{301}e\x{301}e\x{301}e\x{301}e\x{301}e\x{301}e\x{301}e\x{301}e\x{301}e\x{301}e\x{301}e\x{301}e\x{301}e\x{301}e\x{301}e\x{301}e\x{301}e\x{301}e\x{301}e\x{301}e\x{301}e\x{301}e\x{301}e\x{301}e\x{301}e\x{301}e\x{301}e\x{301}e\x{301}e\x{301}e\x{301}e\x{301}e\x{301}e\x{301}e\x{301}e\x{301}e\x{301} e\x{301}e\x{301}e\x{301}e\x{301}e\x{301}e\x{301}e\x{301}e\x{301}e\x{301}e\x{301}e\x{301}e\x{301}e\x{301}e\x{301}e\x{301}e\x{301}e\x{301}e\x{301}e\x{301}e\x{301}e\x{301}e\x{301}e\x{301}e\x{301}e\x{301}e\x{301}e\x{301}e\x{301}e\x{301}e\x{301} e\x{301}e\x{301}e\x{301}e\x{301}e\x{301}e\x{301}e\x{301}e\x{301}e\x{301}e\x{301}e\x{301}e\x{301}e\x{301}e\x{301}e\x{301}e\x{301}e\x{301}e\x{301}e\x{301}e\x{301}e\x{301}e\x{301}"
          text run at (1040,7740) width 0: " "
          text run at (0,7755) width 1040: "e\x{301}e\x{301}e\x{301}e\x{301}e\x{301}e\x{301}e\x{301}e\x{301}e\x{301}e\x{301}e\x{301}e\x{301}e\x{301}e\x{301}e\x{301}e\x{301}e\x{301}e\x{301}e\x{301}e\x{301}e\x{301}e\x{301}e\x{301}e\x{301}e\x{301}e\x{301}e\x{301}e\x{301}e\x{301}e\x{301}e\x{301}e\x{301} e\x{301} e\x{301}e\x{301}e\x{301}e\x{301}e\x{301}e\x{301}e\x{301}e\x{301}e\x{301}e\x{301}e\x{301}e\x{301}e\x{301}e\x{301}e\x{301}e\x{301}e\x{301}e\x{301}e\x{301}e\x{301}e\x{301}e\x{301}e\x{301}e\x{301}e\x{301}e\x{301}e\x{301}e\x{301}e\x{301}e\x{301}e\x{301}e\x{301}e\x{301}e\x{301}e\x{301}e\x{301}e\x{301}e\x{301}e\x{301}e\x{301}e\x{301}e\x{301}e\x{301} e\x{301}e\x{301}e\x{301}e\x{301}e\x{301}e\x{301}e\x{301}e\x{301}e\x{301}e\x{301}e\x{301}e\x{301}e\x{301}e\x{301}e\x{301}e\x{301}e\x{301}e\x{301}e\x{301}e\x{301}e\x{301}e\x{301}e\x{301}e\x{301}e\x{301}e\x{301}e\x{301}e\x{301}e\x{301}e\x{301} e\x{301}e\x{301}e\x{301}e\x{301}e\x{301}e\x{301}e\x{301}e\x{301}e\x{301}e\x{301}e\x{301}e\x{301}e\x{301}e\x{301}e\x{301}e\x{301}e\x{301}e\x{301}e\x{301}e\x{301}e\x{301}e\x{301}"
          text run at (1040,7755) width 0: " "
          text run at (0,7770) width 1040: "e\x{301}e\x{301}e\x{301}e\x{301}e\x{301}e\x{301}e\x{301}e\x{301}e\x{301}e\x{301}e\x{301}e\x{301}e\x{301}e\x{301}e\x{301}e\x{301}e\x{301}e\x{301}e\x{301}e\x{301}e\x{301}e\x{301}e\x{301}e\x{301}e\x{301}e\x{301}e\x{301}e\x{301}e\x{301}e\x{301}e\x{301}e\x{301} e\x{301} e\x{301}e\x{301}e\x{301}e\x{301}e\x{301}e\x{301}e\x{301}e\x{301}e\x{301}e\x{301}e\x{301}e\x{301}e\x{301}e\x{301}e\x{301}e\x{301}e\x{301}e\x{301}e\x{301}e\x{301}e\x{301}e\x{301}e\x{301}e\x{301}e\x{301}e\x{301}e\x{301}e\x{301}e\x{301}e\x{301}e\x{301}e\x{301}e\x{301}e\x{301}e\x{301}e\x{301}e\x{301}e\x{301}e\x{301}e\x{301}e\x{301}e\x{301}e\x{301} e\x{301}e\x{301}e\x{301}e\x{301}e\x{301}e\x{301}e\x{301}e\x{301}e\x{301}e\x{301}e\x{301}e\x{301}e\x{301}e\x{301}e\x{301}e\x{301}e\x{301}e\x{301}e\x{301}e\x{301}e\x{301}e\x{301}e\x{301}e\x{301}e\x{301}e\x{301}e\x{301}e\x{301}e\x{301}e\x{301} e\x{301}e\x{301}e\x{301}e\x{301}e\x{301}e\x{301}e\x{301}e\x{301}e\x{301}e\x{301}e\x{301}e\x{301}e\x{301}e\x{301}e\x{301}e\x{301}e\x{301}e\x{301}e\x{301}e\x{301}e\x{301}e\x{301}"
          text run at (1040,7770) width 0: " "
          text run at (0,7785) width 1040: "e\x{301}e\x{301}e\x{301}e\x{301}e\x{301}e\x{301}e\x{301}e\x{301}e\x{301}e\x{301}e\x{301}e\x{301}e\x{301}e\x{301}e\x{301}e\x{301}e\x{301}e\x{301}e\x{301}e\x{301}e\x{301}e\x{301}e\x{301}e\x{301}e\x{301}e\x{301}e\x{301}e\x{301}e\x{301}e\x{301}e\x{301}e\x{301} e\x{301} e\x{301}e\x{301}e\x{301}e\x{301}e\x{301}e\x{301}e\x{301}e\x{301}e\x{301}e\x{301}e\x{301}e\x{301}e\x{301}e\x{301}e\x{301}e\x{301}e\x{301}e\x{301}e\x{301}e\x{301}e\x{301}e\x{301}e\x{301}e\x{301}e\x{301}e\x{301}e\x{301}e\x{301}e\x{301}e\x{301}e\x{301}e\x{301}e\x{301}e\x{301}e\x{301}e\x{301}e\x{301}e\x{301}e\x{301}e\x{301}e\x{301}e\x{301}e\x{301} e\x{301}e\x{301}e\x{301}e\x{301}e\x{301}e\x{301}e\x{301}e\x{301}e\x{301}e\x{301}e\x{301}e\x{301}e\x{301}e\x{301}e\x{301}e\x{301}e\x{301}e\x{301}e\x{301}e\x{301}e\x{301}e\x{301}e\x{301}e\x{301}e\x{301}e\x{301}e\x{301}e\x{301}e\x{301}e\x{301} e\x{301}e\x{301}e\x{301}e\x{301}e\x{301}e\x{301}e\x{301}e\x{301}e\x{301}e\x{301}e\x{301}e\x{301}e\x{301}e\x{301}e\x{301}e\x{301}e\x{301}e\x{301}e\x{301}e\x{301}e\x{301}e\x{301}"
          text run at (1040,7785) width 0: " "
          text run at (0,7800) width 1040: "e\x{301}e\x{301}e\x{301}e\x{301}e\x{301}e\x{301}e\x{301}e\x{301}e\x{301}e\x{301}e\x{301}e\x{301}e\x{301}e\x{301}e\x{301}e\x{301}e\x{301}e\x{301}e\x{301}e\x{301}e\x{301}e\x{301}e\x{301}e\x{301}e\x{301}e\x{301}e\x{301}e\x{301}e\x{301}e\x{301}e\x{301}e\x{301} e\x{301} e\x{301}e\x{301}e\x{301}e\x{301}e\x{301}e\x{301}e\x{301}e\x{301}e\x{301}e\x{301}e\x{301}e\x{301}e\x{301}e\x{301}e\x{301}e\x{301}e\x{301}e\x{301}e\x{301}e\x{301}e\x{301}e\x{301}e\x{301}e\x{301}e\x{301}e\x{301}e\x{301}e\x{301}e\x{301}e\x{301}e\x{301}e\x{301}e\x{301}e\x{301}e\x{301}e\x{301}e\x{301}e\x{301}e\x{301}e\x{301}e\x{301}e\x{301}e\x{301} e\x{301}e\x{301}e\x{301}e\x{301}e\x{301}e\x{301}e\x{301}e\x{301}e\x{301}e\x{301}e\x{301}e\x{301}e\x{301}e\x{301}e\x{301}e\x{301}e\x{301}e\x{301}e\x{301}e\x{301}e\x{301}e\x{301}e\x{301}e\x{301}e\x{301}e\x{301}e\x{301}e\x{301}e\x{301}e\x{301} e\x{301}e\x{301}e\x{301}e\x{301}e\x{301}e\x{301}e\x{301}e\x{301}e\x{301}e\x{301}e\x{301}e\x{301}e\x{301}e\x{301}e\x{301}e\x{301}e\x{301}e\x{301}e\x{301}e\x{301}e\x{301}e\x{301}"
          text run at (1040,7800) width 0: " "
          text run at (0,7815) width 1040: "e\x{301}e\x{301}e\x{301}e\x{301}e\x{301}e\x{301}e\x{301}e\x{301}e\x{301}e\x{301}e\x{301}e\x{301}e\x{301}e\x{301}e\x{301}e\x{301}e\x{301}e\x{301}e\x{301}e\x{301}e\x{301}e\x{301}e\x{301}e\x{301}e\x{301}e\x{301}e\x{301}e\x{301}e\x{301}e\x{301}e\x{301}e\x{301} e\x{301} e\x{301}e\x{301}e\x{301}e\x{301}e\x{301}e\x{301}e\x{301}e\x{301}e\x{301}e\x{301}e\x{301}e\x{301}e\x{301}e\x{301}e\x{301}e\x{301}e\x{301}e\x{301}e\x{301}e\x{301}e\x{301}e\x{301}e\x{301}e\x{301}e\x{301}e\x{301}e\x{301}e\x{301}e\x{301}e\x{301}e\x{301}e\x{301}e\x{301}e\x{301}e\x{301}e\x{301}e\x{301}e\x{301}e\x{301}e\x{301}e\x{301}e\x{301}e\x{301} e\x{301}e\x{301}e\x{301}e\x{301}e\x{301}e\x{301}e\x{301}e\x{301}e\x{301}e\x{301}e\x{301}e\x{301}e\x{301}e\x{301}e\x{301}e\x{301}e\x{301}e\x{301}e\x{301}e\x{301}e\x{301}e\x{301}e\x{301}e\x{301}e\x{301}e\x{301}e\x{301}e\x{301}e\x{301}e\x{301} e\x{301}e\x{301}e\x{301}e\x{301}e\x{301}e\x{301}e\x{301}e\x{301}e\x{301}e\x{301}e\x{301}e\x{301}e\x{301}e\x{301}e\x{301}e\x{301}e\x{301}e\x{301}e\x{301}e\x{301}e\x{301}e\x{301}"
          text run at (1040,7815) width 0: " "
          text run at (0,7830) width 1040: "e\x{301}e\x{301}e\x{301}e\x{301}e\x{301}e\x{301}e\x{301}e\x{301}e\x{301}e\x{301}e\x{301}e\x{301}e\x{301}e\x{301}e\x{301}e\x{301}e\x{301}e\x{301}e\x{301}e\x{301}e\x{301}e\x{301}e\x{301}e\x{301}e\x{301}e\x{301}e\x{301}e\x{301}e\x{301}e\x{301}e\x{301}e\x{301} e\x{301} e\x{301}e\x{301}e\x{301}e\x{301}e\x{301}e\x{301}e\x{301}e\x{301}e\x{301}e\x{301}e\x{301}e\x{301}e\x{301}e\x{301}e\x{301}e\x{301}e\x{301}e\x{301}e\x{301}e\x{301}e\x{301}e\x{301}e\x{301}e\x{301}e\x{301}e\x{301}e\x{301}e\x{301}e\x{301}e\x{301}e\x{301}e\x{301}e\x{301}e\x{301}e\x{301}e\x{301}e\x{301}e\x{301}e\x{301}e\x{301}e\x{301}e\x{301}e\x{301} e\x{301}e\x{301}e\x{301}e\x{301}e\x{301}e\x{301}e\x{301}e\x{301}e\x{301}e\x{301}e\x{301}e\x{301}e\x{301}e\x{301}e\x{301}e\x{301}e\x{301}e\x{301}e\x{301}e\x{301}e\x{301}e\x{301}e\x{301}e\x{301}e\x{301}e\x{301}e\x{301}e\x{301}e\x{301}e\x{301} e\x{301}e\x{301}e\x{301}e\x{301}e\x{301}e\x{301}e\x{301}e\x{301}e\x{301}e\x{301}e\x{301}e\x{301}e\x{301}e\x{301}e\x{301}e\x{301}e\x{301}e\x{301}e\x{301}e\x{301}e\x{301}e\x{301}"
          text run at (1040,7830) width 0: " "
          text run at (0,7845) width 1040: "e\x{301}e\x{301}e\x{301}e\x{301}e\x{301}e\x{301}e\x{301}e\x{301}e\x{301}e\x{301}e\x{301}e\x{301}e\x{301}e\x{301}e\x{301}e\x{301}e\x{301}e\x{301}e\x{301}e\x{301}e\x{301}e\x{301}e\x{301}e\x{301}e\x{301}e\x{301}e\x{301}e\x{301}e\x{301}e\x{301}e\x{301}e\x{301} e\x{301} e\x{301}e\x{301}e\x{301}e\x{301}e\x{301}e\x{301}e\x{301}e\x{301}e\x{301}e\x{301}e\x{301}e\x{301}e\x{301}e\x{301}e\x{301}e\x{301}e\x{301}e\x{301}e\x{301}e\x{301}e\x{301}e\x{301}e\x{301}e\x{301}e\x{301}e\x{301}e\x{301}e\x{301}e\x{301}e\x{301}e\x{301}e\x{301}e\x{301}e\x{301}e\x{301}e\x{301}e\x{301}e\x{301}e\x{301}e\x{301}e\x{301}e\x{301}e\x{301} e\x{301}e\x{301}e\x{301}e\x{301}e\x{301}e\x{301}e\x{301}e\x{301}e\x{301}e\x{301}e\x{301}e\x{301}e\x{301}e\x{301}e\x{301}e\x{301}e\x{301}e\x{301}e\x{301}e\x{301}e\x{301}e\x{301}e\x{301}e\x{301}e\x{301}e\x{301}e\x{301}e\x{301}e\x{301}e\x{301} e\x{301}e\x{301}e\x{301}e\x{301}e\x{301}e\x{301}e\x{301}e\x{301}e\x{301}e\x{301}e\x{301}e\x{301}e\x{301}e\x{301}e\x{301}e\x{301}e\x{301}e\x{301}e\x{301}e\x{301}e\x{301}e\x{301}"
          text run at (1040,7845) width 0: " "
          text run at (0,7860) width 1040: "e\x{301}e\x{301}e\x{301}e\x{301}e\x{301}e\x{301}e\x{301}e\x{301}e\x{301}e\x{301}e\x{301}e\x{301}e\x{301}e\x{301}e\x{301}e\x{301}e\x{301}e\x{301}e\x{301}e\x{301}e\x{301}e\x{301}e\x{301}e\x{301}e\x{301}e\x{301}e\x{301}e\x{301}e\x{301}e\x{301}e\x{301}e\x{301} e\x{301} e\x{301}e\x{301}e\x{301}e\x{301}e\x{301}e\x{301}e\x{301}e\x{301}e\x{301}e\x{301}e\x{301}e\x{301}e\x{301}e\x{301}e\x{301}e\x{301}e\x{301}e\x{301}e\x{301}e\x{301}e\x{301}e\x{301}e\x{301}e\x{301}e\x{301}e\x{301}e\x{301}e\x{301}e\x{301}e\x{301}e\x{301}e\x{301}e\x{301}e\x{301}e\x{301}e\x{301}e\x{301}e\x{301}e\x{301}e\x{301}e\x{301}e\x{301}e\x{301} e\x{301}e\x{301}e\x{301}e\x{301}e\x{301}e\x{301}e\x{301}e\x{301}e\x{301}e\x{301}e\x{301}e\x{301}e\x{301}e\x{301}e\x{301}e\x{301}e\x{301}e\x{301}e\x{301}e\x{301}e\x{301}e\x{301}e\x{301}e\x{301}e\x{301}e\x{301}e\x{301}e\x{301}e\x{301}e\x{301} e\x{301}e\x{301}e\x{301}e\x{301}e\x{301}e\x{301}e\x{301}e\x{301}e\x{301}e\x{301}e\x{301}e\x{301}e\x{301}e\x{301}e\x{301}e\x{301}e\x{301}e\x{301}e\x{301}e\x{301}e\x{301}e\x{301}"
          text run at (1040,7860) width 0: " "
          text run at (0,7875) width 1040: "e\x{301}e\x{301}e\x{301}e\x{301}e\x{301}e\x{301}e\x{301}e\x{301}e\x{301}e\x{301}e\x{301}e\x{301}e\x{301}e\x{301}e\x{301}e\x{301}e\x{301}e\x{301}e\x{301}e\x{301}e\x{301}e\x{301}e\x{301}e\x{301}e\x{301}e\x{301}e\x{301}e\x{301}e\x{301}e\x{301}e\x{301}e\x{301} e\x{301} e\x{301}e\x{301}e\x{301}e\x{301}e\x{301}e\x{301}e\x{301}e\x{301}e\x{301}e\x{301}e\x{301}e\x{301}e\x{301}e\x{301}e\x{301}e\x{301}e\x{301}e\x{301}e\x{301}e\x{301}e\x{301}e\x{301}e\x{301}e\x{301}e\x{301}e\x{301}e\x{301}e\x{301}e\x{301}e\x{301}e\x{301}e\x{301}e\x{301}e\x{301}e\x{301}e\x{301}e\x{301}e\x{301}e\x{301}e\x{301}e\x{301}e\x{301}e\x{301} e\x{301}e\x{301}e\x{301}e\x{301}e\x{301}e\x{301}e\x{301}e\x{301}e\x{301}e\x{301}e\x{301}e\x{301}e\x{301}e\x{301}e\x{301}e\x{301}e\x{301}e\x{301}e\x{301}e\x{301}e\x{301}e\x{301}e\x{301}e\x{301}e\x{301}e\x{301}e\x{301}e\x{301}e\x{301}e\x{301} e\x{301}e\x{301}e\x{301}e\x{301}e\x{301}e\x{301}e\x{301}e\x{301}e\x{301}e\x{301}e\x{301}e\x{301}e\x{301}e\x{301}e\x{301}e\x{301}e\x{301}e\x{301}e\x{301}e\x{301}e\x{301}e\x{301}"
          text run at (1040,7875) width 0: " "
          text run at (0,7890) width 1040: "e\x{301}e\x{301}e\x{301}e\x{301}e\x{301}e\x{301}e\x{301}e\x{301}e\x{301}e\x{301}e\x{301}e\x{301}e\x{301}e\x{301}e\x{301}e\x{301}e\x{301}e\x{301}e\x{301}e\x{301}e\x{301}e\x{301}e\x{301}e\x{301}e\x{301}e\x{301}e\x{301}e\x{301}e\x{301}e\x{301}e\x{301}e\x{301} e\x{301} e\x{301}e\x{301}e\x{301}e\x{301}e\x{301}e\x{301}e\x{301}e\x{301}e\x{301}e\x{301}e\x{301}e\x{301}e\x{301}e\x{301}e\x{301}e\x{301}e\x{301}e\x{301}e\x{301}e\x{301}e\x{301}e\x{301}e\x{301}e\x{301}e\x{301}e\x{301}e\x{301}e\x{301}e\x{301}e\x{301}e\x{301}e\x{301}e\x{301}e\x{301}e\x{301}e\x{301}e\x{301}e\x{301}e\x{301}e\x{301}e\x{301}e\x{301}e\x{301} e\x{301}e\x{301}e\x{301}e\x{301}e\x{301}e\x{301}e\x{301}e\x{301}e\x{301}e\x{301}e\x{301}e\x{301}e\x{301}e\x{301}e\x{301}e\x{301}e\x{301}e\x{301}e\x{301}e\x{301}e\x{301}e\x{301}e\x{301}e\x{301}e\x{301}e\x{301}e\x{301}e\x{301}e\x{301}e\x{301} e\x{301}e\x{301}e\x{301}e\x{301}e\x{301}e\x{301}e\x{301}e\x{301}e\x{301}e\x{301}e\x{301}e\x{301}e\x{301}e\x{301}e\x{301}e\x{301}e\x{301}e\x{301}e\x{301}e\x{301}e\x{301}e\x{301}"
          text run at (1040,7890) width 0: " "
