layer at (0,0) size 800x600
  RenderView at (0,0) size 800x600
layer at (0,0) size 800x600
  RenderBlock {HTML} at (0,0) size 800x600
    RenderBody {BODY} at (8,8) size 784x576
      RenderBlock {P} at (0,0) size 784x36
        RenderText {#text} at (0,0) size 67x19
          text run at (0,0) width 67: "Test for "
        RenderInline {I} at (0,0) size 775x37
          RenderInline {A} at (0,0) size 372x19 [color=#0000EE]
            RenderText {#text} at (67,0) size 372x19
              text run at (67,0) width 372: "http://bugs.webkit.org/show_bug.cgi?id=13156"
          RenderText {#text} at (439,0) size 775x37
            text run at (439,0) width 5: " "
            text run at (444,0) width 331: "REGRESSION (r19621): Pasting breakable"
            text run at (0,18) width 736: "content where wrapped line is too long to fit in a textarea fails to draw a horizontal scrollbar"
        RenderText {#text} at (736,18) size 5x19
          text run at (736,18) width 5: "."
      RenderBlock {P} at (0,52) size 784x54
        RenderText {#text} at (0,0) size 771x55
          text run at (0,0) width 761: "This tests that a line break will occur in the middle of the first word on a line if it\x{2019}s too long to fit"
          text run at (0,18) width 771: "on the line. The behavior is tested after breakable characters (question mark and hyphen), after"
          text run at (0,36) width 260: "a space and after a soft hyphen."
      RenderBlock {P} at (0,122) size 784x18
        RenderText {#text} at (0,0) size 320x19
          text run at (0,0) width 320: "The following blocks should be identical."
      RenderBlock (floating) {DIV} at (4,160) size 300x198 [bgcolor=#FFFFE0]
        RenderText {#text} at (0,0) size 300x199
          text run at (0,0) width 238: "Curabiturpretium,quamquiss?"
          text run at (0,18) width 299: "empermalesuada,estliberofeugiatlibe"
          text run at (0,36) width 252: "ro,velfringillaorcinibhsedneque-"
          text run at (0,54) width 285: "Quisqueeunullanonnisimolestieaccu"
          text run at (0,72) width 291: "msan.Etiamtellusurna,laoreetac,laor"
          text run at (0,90) width 56: "eetnon"
          text run at (0,108) width 294: "suscipitsed,sapien.Phasellusvehicula,"
          text run at (0,126) width 300: "sematposuerevehicula,auguenibhmol"
          text run at (0,144) width 69: "estienisl\x{AD}" + hyphen string "\x{2010}"
          text run at (0,162) width 298: "necullamcorperlacusantevulputatepe"
          text run at (0,180) width 202: "de.Nasceturridiculusmus."
      RenderBlock (floating) {DIV} at (312,160) size 300x234 [bgcolor=#FFFFE0]
        RenderText {#text} at (0,0) size 238x19
          text run at (0,0) width 238: "Curabiturpretium,quamquiss?"
        RenderBR {BR} at (238,15) size 0x0
        RenderText {#text} at (0,18) size 299x37
          text run at (0,18) width 299: "empermalesuada,estliberofeugiatlibe"
          text run at (0,36) width 86: "ro,velfringi"
        RenderBR {BR} at (86,51) size 0x0
        RenderText {#text} at (0,54) size 166x19
          text run at (0,54) width 166: "llaorcinibhsedneque-"
        RenderBR {BR} at (166,69) size 0x0
        RenderText {#text} at (0,72) size 285x37
          text run at (0,72) width 285: "Quisqueeunullanonnisimolestieaccu"
          text run at (0,90) width 95: "msan.Etiam"
        RenderBR {BR} at (95,105) size 0x0
        RenderText {#text} at (0,108) size 252x19
          text run at (0,108) width 252: "tellusurna,laoreetac,laoreetnon"
        RenderBR {BR} at (252,123) size 0x0
        RenderText {#text} at (0,126) size 294x37
          text run at (0,126) width 294: "suscipitsed,sapien.Phasellusvehicula,"
          text run at (0,144) width 88: "sematposu"
        RenderBR {BR} at (88,159) size 0x0
        RenderText {#text} at (0,162) size 282x19
          text run at (0,162) width 282: "erevehicula,auguenibhmolestienisl-"
        RenderBR {BR} at (282,177) size 0x0
        RenderText {#text} at (0,180) size 298x37
          text run at (0,180) width 298: "necullamcorperlacusantevulputatepe"
          text run at (0,198) width 90: "de.Nascetu"
        RenderBR {BR} at (90,213) size 0x0
        RenderText {#text} at (0,216) size 112x19
          text run at (0,216) width 112: "rridiculusmus."
