layer at (0,0) size 800x600
  RenderView at (0,0) size 800x600
layer at (0,0) size 800x600
  RenderBlock {HTML} at (0,0) size 800x600
    RenderBody {BODY} at (8,8) size 784x576
      RenderBlock {P} at (0,0) size 784x36
        RenderText {#text} at (0,0) size 328x17
          text run at (0,0) width 328: "Test for monospace width cache bug mentioned in "
        RenderInline {A} at (0,0) size 69x17 [color=#0000EE]
          RenderText {#text} at (327,0) size 69x17
            text run at (327,0) width 69: "bug 11197"
        RenderText {#text} at (395,0) size 5x17
          text run at (395,0) width 5: " "
        RenderInline {I} at (0,0) size 751x35
          RenderText {#text} at (399,0) size 751x35
            text run at (399,0) width 352: "REGRESSION: Specifying a counter for a CODE tag's"
            text run at (0,18) width 356: "content style property on before or after causes a crash"
        RenderText {#text} at (355,18) size 5x17
          text run at (355,18) width 5: "."
      RenderBlock {P} at (0,52) size 784x18
        RenderText {#text} at (0,0) size 376x17
          text run at (0,0) width 376: "The blue line and the black line should be the same length."
      RenderBlock {P} at (0,86) size 784x18
        RenderInline {SPAN} at (0,0) size 116x19 [border: (1px solid #0000FF) none]
          RenderText {#text} at (0,0) size 116x18
            text run at (0,0) width 116: "\x{2500}\x{2500}\x{2500}\x{2500}\x{2500}\x{2500}\x{2500}\x{2500}\x{2500}\x{2500}\x{2500}\x{2500}"
