layer at (0,0) size 800x600
  RenderView at (0,0) size 800x600
layer at (0,0) size 800x600
  RenderBlock {HTML} at (0,0) size 800x600
    RenderBody {BODY} at (8,8) size 784x584
      RenderBlock {P} at (0,0) size 784x36
        RenderText {#text} at (0,0) size 55x17
          text run at (0,0) width 55: "Test for "
        RenderInline {I} at (0,0) size 769x35
          RenderInline {A} at (0,0) size 306x17 [color=#0000EE]
            RenderText {#text} at (54,0) size 306x17
              text run at (54,0) width 306: "http://bugs.webkit.org/show_bug.cgi?id=13153"
          RenderText {#text} at (359,0) size 769x35
            text run at (359,0) width 5: " "
            text run at (363,0) width 406: "REGRESSION: Visual highlighting of pre-populated blank line"
            text run at (0,18) width 132: "in textarea is broken"
        RenderText {#text} at (131,18) size 5x17
          text run at (131,18) width 5: "."
      RenderBlock {P} at (0,52) size 784x18
        RenderText {#text} at (0,0) size 340x17
          text run at (0,0) width 340: "Testing the highlighting of and near hard line breaks."
      RenderBlock (anonymous) at (0,86) size 784x80
        RenderPartObject {IFRAME} at (4,4) size 62x72 [border: (1px solid #0000FF)]
          layer at (0,0) size 60x70
            RenderView at (0,0) size 60x70
          layer at (0,0) size 60x70
            RenderBlock {HTML} at (0,0) size 60x70
              RenderBody {BODY} at (8,8) size 44x54
                RenderBlock {PRE} at (0,0) size 44x45
                  RenderText {#text} at (0,0) size 24x45
                    text run at (0,0) width 24: "foo"
                    text run at (23,0) width 1: " "
                    text run at (0,15) width 0: " "
                    text run at (0,30) width 24: "bar"
        RenderPartObject {IFRAME} at (74,4) size 62x72 [border: (1px solid #0000FF)]
          layer at (0,0) size 60x70
            RenderView at (0,0) size 60x70
          layer at (0,0) size 60x70
            RenderBlock {HTML} at (0,0) size 60x70
              RenderBody {BODY} at (8,8) size 44x54
                RenderBlock {PRE} at (0,0) size 44x45
                  RenderText {#text} at (0,0) size 24x45
                    text run at (0,0) width 24: "foo"
                    text run at (23,0) width 1: " "
                    text run at (0,15) width 0: " "
                    text run at (0,30) width 24: "bar"
        RenderPartObject {IFRAME} at (144,4) size 62x72 [border: (1px solid #0000FF)]
          layer at (0,0) size 60x70
            RenderView at (0,0) size 60x70
          layer at (0,0) size 60x70
            RenderBlock {HTML} at (0,0) size 60x70
              RenderBody {BODY} at (8,8) size 44x54
                RenderBlock {PRE} at (0,0) size 44x45
                  RenderText {#text} at (0,0) size 24x45
                    text run at (0,0) width 24: "foo"
                    text run at (23,0) width 1: " "
                    text run at (0,15) width 0: " "
                    text run at (0,30) width 24: "bar"
        RenderPartObject {IFRAME} at (214,4) size 62x72 [border: (1px solid #0000FF)]
          layer at (0,0) size 60x70
            RenderView at (0,0) size 60x70
          layer at (0,0) size 60x70
            RenderBlock {HTML} at (0,0) size 60x70
              RenderBody {BODY} at (8,8) size 44x54
                RenderBlock {PRE} at (0,0) size 44x45
                  RenderText {#text} at (0,0) size 24x45
                    text run at (0,0) width 24: "foo"
                    text run at (23,0) width 1: " "
                    text run at (0,15) width 0: " "
                    text run at (0,30) width 24: "bar"
        RenderPartObject {IFRAME} at (284,4) size 62x72 [border: (1px solid #0000FF)]
          layer at (0,0) size 60x70
            RenderView at (0,0) size 60x70
          layer at (0,0) size 60x70
            RenderBlock {HTML} at (0,0) size 60x70
              RenderBody {BODY} at (8,8) size 44x54
                RenderBlock {PRE} at (0,0) size 44x45
                  RenderText {#text} at (0,0) size 24x45
                    text run at (0,0) width 24: "foo"
                    text run at (23,0) width 1: " "
                    text run at (0,15) width 0: " "
                    text run at (0,30) width 24: "bar"
        RenderPartObject {IFRAME} at (354,4) size 62x72 [border: (1px solid #0000FF)]
          layer at (0,0) size 60x70
            RenderView at (0,0) size 60x70
          layer at (0,0) size 60x70
            RenderBlock {HTML} at (0,0) size 60x70
              RenderBody {BODY} at (8,8) size 44x54
                RenderBlock {PRE} at (0,0) size 44x45
                  RenderText {#text} at (0,0) size 24x45
                    text run at (0,0) width 24: "foo"
                    text run at (23,0) width 1: " "
                    text run at (0,15) width 0: " "
                    text run at (0,30) width 24: "bar"
        RenderPartObject {IFRAME} at (424,4) size 62x72 [border: (1px solid #0000FF)]
          layer at (0,0) size 60x70
            RenderView at (0,0) size 60x70
          layer at (0,0) size 60x70
            RenderBlock {HTML} at (0,0) size 60x70
              RenderBody {BODY} at (8,8) size 44x54
                RenderBlock {PRE} at (0,0) size 44x45
                  RenderText {#text} at (0,0) size 24x45
                    text run at (0,0) width 24: "foo"
                    text run at (23,0) width 1: " "
                    text run at (0,15) width 0: " "
                    text run at (0,30) width 24: "bar"
        RenderPartObject {IFRAME} at (494,4) size 62x72 [border: (1px solid #0000FF)]
          layer at (0,0) size 60x70
            RenderView at (0,0) size 60x70
          layer at (0,0) size 60x70
            RenderBlock {HTML} at (0,0) size 60x70
              RenderBody {BODY} at (8,8) size 44x54
                RenderBlock {PRE} at (0,0) size 44x45
                  RenderText {#text} at (0,0) size 24x45
                    text run at (0,0) width 24: "foo"
                    text run at (23,0) width 1: " "
                    text run at (0,15) width 0: " "
                    text run at (0,30) width 24: "bar"
        RenderPartObject {IFRAME} at (564,4) size 62x72 [border: (1px solid #0000FF)]
          layer at (0,0) size 60x70
            RenderView at (0,0) size 60x70
          layer at (0,0) size 60x70
            RenderBlock {HTML} at (0,0) size 60x70
              RenderBody {BODY} at (8,8) size 44x54
                RenderBlock {PRE} at (0,0) size 44x45
                  RenderText {#text} at (0,0) size 24x45
                    text run at (0,0) width 24: "foo"
                    text run at (23,0) width 1: " "
                    text run at (0,15) width 0: " "
                    text run at (0,30) width 24: "bar"
        RenderPartObject {IFRAME} at (634,4) size 62x72 [border: (1px solid #0000FF)]
          layer at (0,0) size 60x70
            RenderView at (0,0) size 60x70
          layer at (0,0) size 60x70
            RenderBlock {HTML} at (0,0) size 60x70
              RenderBody {BODY} at (8,8) size 44x54
                RenderBlock {PRE} at (0,0) size 44x45
                  RenderText {#text} at (0,0) size 24x45
                    text run at (0,0) width 24: "foo"
                    text run at (23,0) width 1: " "
                    text run at (0,15) width 0: " "
                    text run at (0,30) width 24: "bar"
        RenderText {#text} at (0,0) size 0x0
      RenderBlock {P} at (0,182) size 784x18
        RenderText {#text} at (0,0) size 320x17
          text run at (0,0) width 320: "Testing the highlighting of text split across boxes."
      RenderBlock (anonymous) at (0,216) size 784x80
        RenderPartObject {IFRAME} at (4,4) size 130x72 [border: (1px solid #0000FF)]
          layer at (0,0) size 128x70
            RenderView at (0,0) size 128x70
          layer at (0,0) size 128x70
            RenderBlock {HTML} at (0,0) size 128x70
              RenderBody {BODY} at (8,8) size 112x54
                RenderBlock {DIV} at (0,0) size 112x36
                  RenderText {#text} at (0,0) size 86x35
                    text run at (0,0) width 47: "Lorem "
                    text run at (46,0) width 40: "ipsum"
                    text run at (0,18) width 34: "dolor"
        RenderText {#text} at (0,0) size 0x0
