layer at (0,0) size 800x600
  RenderView at (0,0) size 800x600
layer at (0,0) size 800x600
  RenderBlock {HTML} at (0,0) size 800x600
    RenderBody {BODY} at (8,8) size 784x576
      RenderBlock {P} at (0,0) size 784x18
        RenderText {#text} at (0,0) size 608x17
          text run at (0,0) width 479: "Test that the intensity of text-shadow does not depend on the transparency "
          text run at (478,0) width 130: "of the text fill color."
      RenderBlock {DIV} at (0,34) size 784x72
        RenderText {#text} at (0,0) size 48x24
          text run at (0,0) width 48: "A "
        RenderInline {SPAN} at (0,0) size 25x24 [color=#00000000]
          RenderText {#text} at (47,0) size 25x24
            text run at (47,0) width 25: "A"
        RenderText {#text} at (71,0) size 25x24
          text run at (71,0) width 25: " "
        RenderInline {SPAN} at (0,0) size 25x24 [color=#00000019]
          RenderText {#text} at (95,0) size 25x24
            text run at (95,0) width 25: "A"
        RenderText {#text} at (0,0) size 0x0
      RenderBlock {P} at (0,122) size 784x18
        RenderText {#text} at (0,0) size 408x17
          text run at (0,0) width 408: "There should be three identical green squares on the line above."
      RenderBlock {DIV} at (0,156) size 784x72
        RenderText {#text} at (0,0) size 48x24
          text run at (0,0) width 48: "A "
        RenderInline {SPAN} at (0,0) size 25x24 [color=#00000000]
          RenderText {#text} at (47,0) size 25x24
            text run at (47,0) width 25: "A"
        RenderText {#text} at (71,0) size 25x24
          text run at (71,0) width 25: " "
        RenderInline {SPAN} at (0,0) size 25x24 [color=#00000019]
          RenderText {#text} at (95,0) size 25x24
            text run at (95,0) width 25: "A"
        RenderText {#text} at (0,0) size 0x0
      RenderBlock {P} at (0,244) size 784x18
        RenderText {#text} at (0,0) size 479x17
          text run at (0,0) width 479: "There should be three identical soft-edged green squares on the line above."
      RenderBlock {DIV} at (0,278) size 784x72 [textStrokeColor=#0000FF] [textStrokeWidth=5.00]
        RenderText {#text} at (0,0) size 48x24
          text run at (0,0) width 48: "A "
        RenderInline {SPAN} at (0,0) size 25x24 [color=#00000000]
          RenderText {#text} at (47,0) size 25x24
            text run at (47,0) width 25: "A"
        RenderText {#text} at (71,0) size 25x24
          text run at (71,0) width 25: " "
        RenderInline {SPAN} at (0,0) size 25x24 [color=#00000019]
          RenderText {#text} at (95,0) size 25x24
            text run at (95,0) width 25: "A"
        RenderText {#text} at (0,0) size 0x0
      RenderBlock {P} at (0,366) size 784x18
        RenderText {#text} at (0,0) size 408x17
          text run at (0,0) width 408: "There should be three identical green squares on the line above."
