layer at (0,0) size 784x992
  RenderView at (0,0) size 784x600
layer at (0,0) size 784x992
  RenderBlock {HTML} at (0,0) size 784x992
    RenderBody {BODY} at (8,16) size 768x960
      RenderBlock {P} at (0,0) size 768x18
        RenderText {#text} at (0,0) size 438x17
          text run at (0,0) width 438: "In all of the following, there should not be a hyphen before \x{201C}lorem\x{201D}."
      RenderBlock {P} at (0,34) size 768x18
        RenderText {#text} at (0,0) size 20x17
          text run at (0,0) width 20: "Do"
        RenderBlock (floating) {SPAN} at (754,0) size 14x20 [border: (1px solid #FF0000)]
          RenderText {#text} at (1,1) size 12x17
            text run at (1,1) width 12: "X"
        RenderText {#text} at (19,0) size 81x17
          text run at (19,0) width 81: "\x{AD}lorem ipsum"
      RenderBlock {P} at (0,68) size 768x18
        RenderBlock (floating) {SPAN} at (754,0) size 14x20 [border: (1px solid #FF0000)]
          RenderText {#text} at (1,1) size 12x17
            text run at (1,1) width 12: "X"
        RenderText {#text} at (0,0) size 81x17
          text run at (0,0) width 81: "lorem ipsum"
      RenderBlock {P} at (0,102) size 768x20
        RenderText {#text} at (0,1) size 20x17
          text run at (0,1) width 20: "Do"
        RenderText {#text} at (33,1) size 81x17
          text run at (33,1) width 81: "\x{AD}lorem ipsum"
      RenderBlock {P} at (0,138) size 768x18
        RenderText {#text} at (0,0) size 20x17
          text run at (0,0) width 20: "Do"
        RenderText {#text} at (19,0) size 81x17
          text run at (19,0) width 81: "\x{AD}lorem ipsum"
      RenderBlock (anonymous) at (0,172) size 768x18
        RenderText {#text} at (0,0) size 20x17
          text run at (0,0) width 20: "Do"
      RenderBlock {P} at (0,206) size 768x18
        RenderText {#text} at (0,0) size 81x17
          text run at (0,0) width 81: "lorem ipsum"
      RenderBlock {P} at (0,240) size 768x36
        RenderText {#text} at (0,0) size 20x17
          text run at (0,0) width 20: "Do"
        RenderBR {BR} at (19,14) size 1x0
        RenderText {#text} at (0,18) size 81x17
          text run at (0,18) width 81: "lorem ipsum"
      RenderBlock {P} at (0,292) size 768x18
        RenderText {#text} at (0,0) size 20x17
          text run at (0,0) width 20: "Do"
        RenderInline {SPAN} at (0,0) size 38x17
          RenderText {#text} at (19,0) size 38x17
            text run at (19,0) width 38: "\x{AD}lorem"
        RenderText {#text} at (56,0) size 44x17
          text run at (56,0) width 44: " ipsum"
      RenderBlock {P} at (0,326) size 768x18
        RenderText {#text} at (0,0) size 12x17
          text run at (0,0) width 12: "D"
        RenderInline {SPAN} at (0,0) size 9x17
          RenderText {#text} at (11,0) size 9x17
            text run at (11,0) width 9: "o"
        RenderText {#text} at (19,0) size 81x17
          text run at (19,0) width 81: "\x{AD}lorem ipsum"
      RenderBlock {P} at (0,360) size 768x18
        RenderText {#text} at (0,0) size 24x17
          text run at (0,0) width 24: "Do "
        RenderInline {SPAN} at (0,0) size 38x17
          RenderText {#text} at (23,0) size 38x17
            text run at (23,0) width 38: "\x{AD}lorem"
        RenderText {#text} at (60,0) size 44x17
          text run at (60,0) width 44: " ipsum"
      RenderBlock {P} at (0,394) size 768x18
        RenderText {#text} at (0,0) size 12x17
          text run at (0,0) width 12: "D"
        RenderInline {SPAN} at (0,0) size 13x17
          RenderText {#text} at (11,0) size 13x17
            text run at (11,0) width 13: "o "
        RenderText {#text} at (23,0) size 81x17
          text run at (23,0) width 81: "\x{AD}lorem ipsum"
      RenderBlock {P} at (0,428) size 768x18
        RenderText {#text} at (0,0) size 24x17
          text run at (0,0) width 24: "Do "
        RenderInline {SPAN} at (0,0) size 38x17
          RenderText {#text} at (23,0) size 38x17
            text run at (23,0) width 38: "\x{AD}lorem"
        RenderText {#text} at (60,0) size 44x17
          text run at (60,0) width 44: " ipsum"
      RenderBlock {P} at (0,462) size 768x18
        RenderText {#text} at (0,0) size 12x17
          text run at (0,0) width 12: "D"
        RenderInline {SPAN} at (0,0) size 13x17
          RenderText {#text} at (11,0) size 13x17
            text run at (11,0) width 13: "o "
        RenderText {#text} at (23,0) size 81x17
          text run at (23,0) width 81: "\x{AD}lorem ipsum"
      RenderBlock {P} at (0,496) size 768x18
        RenderText {#text} at (0,0) size 65x17
          text run at (0,0) width 65: "Do \x{AD} lorem"
      RenderBlock {P} at (0,530) size 768x18
        RenderText {#text} at (0,0) size 61x17
          text run at (0,0) width 61: "Do\x{AD} \x{AD}lorem"
      RenderBlock {P} at (0,564) size 768x18
        RenderText {#text} at (0,0) size 61x17
          text run at (0,0) width 24: "Do "
          text run at (23,0) width 38: "\x{AD}lorem"
      RenderBlock {P} at (0,598) size 768x18
        RenderText {#text} at (0,0) size 61x17
          text run at (0,0) width 24: "Do\x{AD} "
          text run at (23,0) width 38: "lorem"
      RenderBlock {P} at (0,632) size 768x18
        RenderText {#text} at (0,0) size 65x17
          text run at (0,0) width 28: "Do \x{AD} "
          text run at (27,0) width 38: "lorem"
      RenderBlock {P} at (0,666) size 768x18
        RenderText {#text} at (0,0) size 65x17
          text run at (0,0) width 24: "Do "
          text run at (23,0) width 42: "\x{AD} lorem"
      RenderBlock {P} at (0,700) size 768x18
        RenderText {#text} at (0,0) size 20x17
          text run at (0,0) width 20: "Do"
        RenderInline {SPAN} at (0,0) size 1x17
        RenderText {#text} at (19,0) size 81x17
          text run at (19,0) width 81: "\x{AD}lorem ipsum"
      RenderBlock {P} at (0,734) size 768x18
        RenderText {#text} at (0,0) size 100x17
          text run at (0,0) width 100: "Do\x{AD}\x{AD}lorem ipsum"
      RenderBlock {P} at (0,768) size 768x18
        RenderInline {SPAN} at (0,0) size 20x17
          RenderText {#text} at (0,0) size 20x17
            text run at (0,0) width 20: "Do\x{AD}"
        RenderText {#text} at (19,0) size 81x17
          text run at (19,0) width 81: "\x{AD}lorem ipsum"
      RenderBlock {P} at (0,802) size 768x18
        RenderText {#text} at (0,0) size 20x17
          text run at (0,0) width 20: "Do\x{AD}"
        RenderInline {SPAN} at (0,0) size 81x17
          RenderText {#text} at (19,0) size 81x17
            text run at (19,0) width 81: "\x{AD}lorem ipsum"
      RenderBlock {P} at (0,836) size 768x18
        RenderInline {SPAN} at (0,0) size 20x17
          RenderText {#text} at (0,0) size 20x17
            text run at (0,0) width 20: "Do\x{AD}\x{AD}"
        RenderText {#text} at (19,0) size 81x17
          text run at (19,0) width 81: "lorem ipsum"
      RenderBlock {P} at (0,870) size 768x18
        RenderText {#text} at (0,0) size 251x17
          text run at (0,0) width 251: "The following pair should be the same:"
      RenderBlock {P} at (0,904) size 768x20
        RenderText {#text} at (0,1) size 16x17
          text run at (0,1) width 16: "W"
        RenderBlock {SPAN} at (15,0) size 14x20 [border: (1px solid #FF0000)]
          RenderText {#text} at (1,1) size 12x17
            text run at (1,1) width 12: "X"
        RenderText {#text} at (29,1) size 12x17
          text run at (29,1) width 12: "Y"
      RenderBlock {P} at (0,940) size 768x20
        RenderText {#text} at (0,1) size 16x17
          text run at (0,1) width 16: "W"
        RenderBlock {SPAN} at (15,0) size 14x20 [border: (1px solid #FF0000)]
          RenderText {#text} at (1,1) size 12x17
            text run at (1,1) width 12: "X"
        RenderText {#text} at (29,1) size 12x17
          text run at (29,1) width 12: "Y"
layer at (28,118) size 14x20
  RenderBlock (relative positioned) {SPAN} at (20,0) size 14x20 [border: (1px solid #FF0000)]
    RenderText {#text} at (1,1) size 12x17
      text run at (1,1) width 12: "X"
layer at (770,154) size 14x20
  RenderBlock (positioned) {SPAN} at (770,154) size 14x20 [border: (1px solid #FF0000)]
    RenderText {#text} at (1,1) size 12x17
      text run at (1,1) width 12: "X"
