layer at (0,0) size 800x600
  RenderView at (0,0) size 800x600
layer at (0,0) size 800x600
  RenderBlock {HTML} at (0,0) size 800x600
    RenderBody {BODY} at (8,8) size 784x584
      RenderBlock {DIV} at (0,0) size 225x50 [color=#FFFFFF]
        RenderText {#text} at (0,0) size 101x25
          text run at (0,0) width 101: "Did \x{AD}"
        RenderInline {SPAN} at (0,0) size 76x25 [color=#008000]
          RenderText {#text} at (100,0) size 76x25
            text run at (100,0) width 76: "not"
        RenderText {#text} at (0,25) size 101x25
          text run at (0,25) width 101: "fail"
