layer at (0,0) size 800x600
  RenderView at (0,0) size 800x600
layer at (0,0) size 800x600
  RenderBlock {HTML} at (0,0) size 800x600
    RenderBody {BODY} at (8,8) size 784x584
      RenderBlock {CENTER} at (0,0) size 784x67
        RenderBlock {FORM} at (0,0) size 784x32
          RenderTable {TABLE} at (0,0) size 784x32
            RenderTableSection {TBODY} at (0,0) size 784x32
              RenderTableRow {TR} at (0,0) size 784x32
                RenderTableCell {TD} at (0,6) size 130x19 [r=0 c=0 rs=2 cs=1]
                  RenderText {#text} at (0,0) size 4x19
                    text run at (0,0) width 4: " "
                RenderTableCell {TD} at (130,1) size 378x29 [r=0 c=1 rs=1 cs=1]
                  RenderTextControl {INPUT} at (2,2) size 374x25 [bgcolor=#FFFFFF] [border: (2px inset #000000)]
                  RenderText {#text} at (0,0) size 0x0
                RenderTableCell {TD} at (508,0) size 130x32 [r=0 c=2 rs=1 cs=1]
                  RenderButton {INPUT} at (2,2) size 126x28 [bgcolor=#C0C0C0] [border: (2px outset #C0C0C0)]
                    RenderBlock (anonymous) at (8,4) size 110x19
                      RenderText at (0,0) size 110x19
                        text run at (0,0) width 110: "Search Froogle"
                  RenderText {#text} at (0,0) size 0x0
                RenderTableCell {TD} at (638,6) size 146x19 [r=0 c=3 rs=2 cs=1]
                  RenderInline {LABEL} at (0,0) size 120x12
                    RenderText {#text} at (0,0) size 0x0
                    RenderBlock {INPUT} at (14,3) size 13x13
                    RenderText {#text} at (31,5) size 99x12
                      text run at (31,5) width 99: " Remember this location"
                  RenderText {#text} at (0,0) size 0x0
        RenderBlock (anonymous) at (0,48) size 784x19
          RenderBR {BR} at (392,0) size 0x19
layer at (143,14) size 368x19
  RenderBlock {DIV} at (3,3) size 368x19
caret: position 0 of child 0 {DIV} of child 1 {INPUT} of child 2 {TD} of child 0 {TR} of child 1 {TBODY} of child 1 {TABLE} of child 1 {FORM} of child 1 {CENTER} of body
