layer at (0,0) size 800x600
  RenderView at (0,0) size 800x600
layer at (0,0) size 800x600
  RenderBlock {HTML} at (0,0) size 800x600
    RenderBody {BODY} at (8,8) size 784x584
      RenderBlock (floating) {DIV} at (8,8) size 200x48 [bgcolor=#FFFFE0]
        RenderText {#text} at (0,0) size 166x24
          text run at (0,0) width 166: "Lorem ipsum dolor"
        RenderInline {SPAN} at (0,0) size 198x48 [bgcolor=#FFC0CB]
          RenderText {#text} at (166,0) size 198x48
            text run at (166,0) width 26: " sit"
            text run at (192,0) width 6: " "
            text run at (0,24) width 45: "amet"
        RenderText {#text} at (0,0) size 0x0
      RenderBlock (floating) {DIV} at (224,8) size 200x48 [bgcolor=#FFFFE0]
        RenderText {#text} at (4,0) size 166x24
          text run at (4,0) width 166: "Lorem ipsum dolor"
        RenderInline {SPAN} at (0,0) size 124x48 [bgcolor=#FFC0CB]
          RenderText {#text} at (170,0) size 124x48
            text run at (170,0) width 26: " sit"
            text run at (196,0) width 5: " "
            text run at (77,24) width 46: "amet"
        RenderText {#text} at (0,0) size 0x0
      RenderBlock (floating) {DIV} at (440,8) size 200x48 [bgcolor=#FFFFE0]
        RenderText {#text} at (8,0) size 166x24
          text run at (8,0) width 166: "Lorem ipsum dolor"
        RenderInline {SPAN} at (0,0) size 45x48 [bgcolor=#FFC0CB]
          RenderText {#text} at (174,0) size 45x48
            text run at (174,0) width 26: " sit"
            text run at (200,0) width 0: " "
            text run at (155,24) width 45: "amet"
        RenderText {#text} at (0,0) size 0x0
      RenderBlock (floating) {DIV} at (8,72) size 200x48 [bgcolor=#FFFFE0]
        RenderText {#text} at (0,0) size 171x24
          text run at (0,0) width 171: "Lorem ipsum dolor"
        RenderInline {SPAN} at (0,0) size 200x48 [bgcolor=#FFC0CB]
          RenderText {#text} at (171,0) size 200x48
            text run at (171,0) width 29: " sit"
            text run at (200,0) width 0: " "
            text run at (0,24) width 45: "amet"
        RenderText {#text} at (0,0) size 0x0
      RenderBlock (floating) {DIV} at (224,72) size 200x48 [bgcolor=#FFFFE0]
        RenderText {#text} at (0,0) size 166x24
          text run at (0,0) width 166: "Lorem ipsum dolor"
        RenderInline {SPAN} at (0,0) size 192x48 [bgcolor=#FFC0CB]
          RenderText {#text} at (0,0) size 192x48
            text run at (0,0) width 0 RTL: " "
            text run at (166,0) width 26: " sit"
            text run at (0,24) width 45: "amet"
        RenderText {#text} at (0,0) size 0x0
      RenderBlock (floating) {DIV} at (440,72) size 200x48 [bgcolor=#FFFFE0]
        RenderText {#text} at (4,0) size 166x24
          text run at (4,0) width 166: "Lorem ipsum dolor"
        RenderInline {SPAN} at (0,0) size 197x48 [bgcolor=#FFC0CB]
          RenderText {#text} at (0,0) size 197x48
            text run at (0,0) width 4 RTL: " "
            text run at (170,0) width 26: " sit"
            text run at (77,24) width 46: "amet"
        RenderText {#text} at (0,0) size 0x0
      RenderBlock (floating) {DIV} at (8,136) size 200x48 [bgcolor=#FFFFE0]
        RenderText {#text} at (8,0) size 166x24
          text run at (8,0) width 166: "Lorem ipsum dolor"
        RenderInline {SPAN} at (0,0) size 198x48 [bgcolor=#FFC0CB]
          RenderText {#text} at (2,0) size 198x48
            text run at (2,0) width 6 RTL: " "
            text run at (174,0) width 26: " sit"
            text run at (155,24) width 45: "amet"
        RenderText {#text} at (0,0) size 0x0
      RenderBlock (floating) {DIV} at (224,136) size 200x48 [bgcolor=#FFFFE0]
        RenderText {#text} at (0,0) size 171x24
          text run at (0,0) width 171: "Lorem ipsum dolor"
        RenderInline {SPAN} at (0,0) size 200x48 [bgcolor=#FFC0CB]
          RenderText {#text} at (0,0) size 200x48
            text run at (0,0) width 0 RTL: " "
            text run at (171,0) width 29: " sit"
            text run at (155,24) width 45: "amet"
        RenderText {#text} at (0,0) size 0x0
      RenderBlock (floating) {DIV} at (440,136) size 200x48 [bgcolor=#FFFFE0]
        RenderText {#text} at (0,0) size 169x24
          text run at (0,0) width 122: "Lorem ipsum "
          text run at (122,0) width 47 RTL: "\x{5D0}\x{5E0}\x{5D8}\x{5E3}"
        RenderInline {SPAN} at (0,0) size 175x48 [bgcolor=#FFC0CB]
          RenderText {#text} at (169,0) size 175x48
            text run at (169,0) width 6: " "
            text run at (0,24) width 37 RTL: "\x{5E9}\x{5DC}\x{5D2}\x{5D9}"
            text run at (37,24) width 51: " amet"
        RenderText {#text} at (0,0) size 0x0
      RenderBlock (floating) {DIV} at (8,200) size 200x48 [bgcolor=#FFFFE0]
        RenderText {#text} at (15,0) size 170x24
          text run at (15,0) width 123: "Lorem ipsum "
          text run at (137,0) width 48 RTL: "\x{5D0}\x{5E0}\x{5D8}\x{5E3}"
        RenderInline {SPAN} at (0,0) size 135x48 [bgcolor=#FFC0CB]
          RenderText {#text} at (184,0) size 135x48
            text run at (184,0) width 7: " "
            text run at (56,24) width 37 RTL: "\x{5E9}\x{5DC}\x{5D2}\x{5D9}"
            text run at (93,24) width 51: " amet"
        RenderText {#text} at (0,0) size 0x0
      RenderBlock (floating) {DIV} at (224,200) size 200x48 [bgcolor=#FFFFE0]
        RenderText {#text} at (31,0) size 169x24
          text run at (31,0) width 122: "Lorem ipsum "
          text run at (153,0) width 47 RTL: "\x{5D0}\x{5E0}\x{5D8}\x{5E3}"
        RenderInline {SPAN} at (0,0) size 88x48 [bgcolor=#FFC0CB]
          RenderText {#text} at (200,0) size 88x48
            text run at (200,0) width 0: " "
            text run at (112,24) width 37 RTL: "\x{5E9}\x{5DC}\x{5D2}\x{5D9}"
            text run at (149,24) width 51: " amet"
        RenderText {#text} at (0,0) size 0x0
      RenderBlock (floating) {DIV} at (440,200) size 200x48 [bgcolor=#FFFFE0]
        RenderText {#text} at (0,0) size 200x24
          text run at (0,0) width 153: "Lorem ipsum "
          text run at (153,0) width 47 RTL: "\x{5D0}\x{5E0}\x{5D8}\x{5E3}"
        RenderInline {SPAN} at (0,0) size 200x48 [bgcolor=#FFC0CB]
          RenderText {#text} at (200,0) size 200x48
            text run at (200,0) width 0: " "
            text run at (0,24) width 37 RTL: "\x{5E9}\x{5DC}\x{5D2}\x{5D9}"
            text run at (37,24) width 51: " amet"
        RenderText {#text} at (0,0) size 0x0
      RenderBlock (floating) {DIV} at (8,264) size 200x48 [bgcolor=#FFFFE0]
        RenderText {#text} at (0,0) size 169x24
          text run at (0,0) width 53 RTL: " \x{5D0}\x{5E0}\x{5D8}\x{5E3}"
          text run at (53,0) width 116: "Lorem ipsum"
        RenderInline {SPAN} at (0,0) size 88x48 [bgcolor=#FFC0CB]
          RenderText {#text} at (0,0) size 88x48
            text run at (0,0) width 0 RTL: " "
            text run at (0,24) width 45: "amet"
            text run at (45,24) width 43 RTL: "\x{5E9}\x{5DC}\x{5D2}\x{5D9} "
        RenderText {#text} at (0,0) size 0x0
      RenderBlock (floating) {DIV} at (224,264) size 200x48 [bgcolor=#FFFFE0]
        RenderText {#text} at (15,0) size 170x24
          text run at (15,0) width 54 RTL: " \x{5D0}\x{5E0}\x{5D8}\x{5E3}"
          text run at (68,0) width 117: "Lorem ipsum"
        RenderInline {SPAN} at (0,0) size 135x48 [bgcolor=#FFC0CB]
          RenderText {#text} at (9,0) size 135x48
            text run at (9,0) width 7 RTL: " "
            text run at (56,24) width 45: "amet"
            text run at (101,24) width 43 RTL: "\x{5E9}\x{5DC}\x{5D2}\x{5D9} "
        RenderText {#text} at (0,0) size 0x0
      RenderBlock (floating) {DIV} at (440,264) size 200x48 [bgcolor=#FFFFE0]
        RenderText {#text} at (31,0) size 169x24
          text run at (31,0) width 53 RTL: " \x{5D0}\x{5E0}\x{5D8}\x{5E3}"
          text run at (84,0) width 116: "Lorem ipsum"
        RenderInline {SPAN} at (0,0) size 175x48 [bgcolor=#FFC0CB]
          RenderText {#text} at (25,0) size 175x48
            text run at (25,0) width 6 RTL: " "
            text run at (112,24) width 45: "amet"
            text run at (157,24) width 43 RTL: "\x{5E9}\x{5DC}\x{5D2}\x{5D9} "
        RenderText {#text} at (0,0) size 0x0
      RenderBlock (floating) {DIV} at (8,328) size 200x48 [bgcolor=#FFFFE0]
        RenderText {#text} at (0,0) size 200x24
          text run at (0,0) width 68 RTL: " \x{5D0}\x{5E0}\x{5D8}\x{5E3}"
          text run at (68,0) width 132: "Lorem ipsum"
        RenderInline {SPAN} at (0,0) size 200x48 [bgcolor=#FFC0CB]
          RenderText {#text} at (0,0) size 200x48
            text run at (0,0) width 0 RTL: " "
            text run at (112,24) width 45: "amet"
            text run at (157,24) width 43 RTL: "\x{5E9}\x{5DC}\x{5D2}\x{5D9} "
        RenderText {#text} at (0,0) size 0x0
