layer at (0,0) size 800x600
  RenderView at (0,0) size 800x600
layer at (0,0) size 800x600
  RenderBlock {HTML} at (0,0) size 800x600
    RenderBody {BODY} at (8,8) size 784x584
      RenderBlock (floating) {DIV} at (8,8) size 200x46 [bgcolor=#FFFFE0]
        RenderText {#text} at (0,0) size 197x45
          text run at (0,0) width 192: "Lorem ipsum dolor sit"
          text run at (191,0) width 6: " "
          text run at (0,23) width 45: "amet"
      RenderBlock (floating) {DIV} at (224,8) size 200x46 [bgcolor=#FFFFE0]
        RenderText {#text} at (4,0) size 197x45
          text run at (4,0) width 192: "Lorem ipsum dolor sit"
          text run at (195,0) width 6: " "
          text run at (77,23) width 46: "amet"
      RenderBlock (floating) {DIV} at (440,8) size 200x46 [bgcolor=#FFFFE0]
        RenderText {#text} at (8,0) size 192x45
          text run at (8,0) width 192: "Lorem ipsum dolor sit"
          text run at (200,0) width 0: " "
          text run at (155,23) width 45: "amet"
      RenderBlock (floating) {DIV} at (8,70) size 200x46 [bgcolor=#FFFFE0]
        RenderText {#text} at (0,0) size 200x45
          text run at (0,0) width 200: "Lorem ipsum dolor sit"
          text run at (199,0) width 1: " "
          text run at (0,23) width 45: "amet"
      RenderBlock (floating) {DIV} at (224,70) size 200x46 [bgcolor=#FFFFE0]
        RenderText {#text} at (0,0) size 192x45
          text run at (0,0) width 0 RTL: " "
          text run at (0,0) width 192: "Lorem ipsum dolor sit"
          text run at (0,23) width 45: "amet"
      RenderBlock (floating) {DIV} at (440,70) size 200x46 [bgcolor=#FFFFE0]
        RenderText {#text} at (0,0) size 197x45
          text run at (0,0) width 5 RTL: " "
          text run at (4,0) width 192: "Lorem ipsum dolor sit"
          text run at (77,23) width 46: "amet"
      RenderBlock (floating) {DIV} at (8,132) size 200x46 [bgcolor=#FFFFE0]
        RenderText {#text} at (3,0) size 197x45
          text run at (3,0) width 6 RTL: " "
          text run at (8,0) width 192: "Lorem ipsum dolor sit"
          text run at (155,23) width 45: "amet"
      RenderBlock (floating) {DIV} at (224,132) size 200x46 [bgcolor=#FFFFE0]
        RenderText {#text} at (0,0) size 200x45
          text run at (0,0) width 0 RTL: " "
          text run at (0,0) width 200: "Lorem ipsum dolor sit"
          text run at (155,23) width 45: "amet"
      RenderBlock (floating) {DIV} at (440,132) size 200x46 [bgcolor=#FFFFE0]
        RenderText {#text} at (0,0) size 174x45
          text run at (0,0) width 122: "Lorem ipsum "
          text run at (121,0) width 48 RTL: "\x{5D0}\x{5E0}\x{5D8}\x{5E3}"
          text run at (168,0) width 6: " "
          text run at (0,23) width 43 RTL: "\x{5E9}\x{5DC}\x{5D2}\x{5D9}"
          text run at (42,23) width 51: " amet"
      RenderBlock (floating) {DIV} at (8,194) size 200x46 [bgcolor=#FFFFE0]
        RenderText {#text} at (15,0) size 175x45
          text run at (15,0) width 122: "Lorem ipsum "
          text run at (136,0) width 49 RTL: "\x{5D0}\x{5E0}\x{5D8}\x{5E3}"
          text run at (184,0) width 6: " "
          text run at (53,23) width 44 RTL: "\x{5E9}\x{5DC}\x{5D2}\x{5D9}"
          text run at (96,23) width 51: " amet"
      RenderBlock (floating) {DIV} at (224,194) size 200x46 [bgcolor=#FFFFE0]
        RenderText {#text} at (31,0) size 169x45
          text run at (31,0) width 122: "Lorem ipsum "
          text run at (152,0) width 48 RTL: "\x{5D0}\x{5E0}\x{5D8}\x{5E3}"
          text run at (200,0) width 0: " "
          text run at (107,23) width 43 RTL: "\x{5E9}\x{5DC}\x{5D2}\x{5D9}"
          text run at (149,23) width 51: " amet"
      RenderBlock (floating) {DIV} at (440,194) size 200x46 [bgcolor=#FFFFE0]
        RenderText {#text} at (0,0) size 200x45
          text run at (0,0) width 153: "Lorem ipsum "
          text run at (152,0) width 48 RTL: "\x{5D0}\x{5E0}\x{5D8}\x{5E3}"
          text run at (199,0) width 1: " "
          text run at (0,23) width 43 RTL: "\x{5E9}\x{5DC}\x{5D2}\x{5D9}"
          text run at (42,23) width 51: " amet"
      RenderBlock (floating) {DIV} at (8,256) size 200x46 [bgcolor=#FFFFE0]
        RenderText {#text} at (0,0) size 169x45
          text run at (0,0) width 0 RTL: " "
          text run at (0,0) width 53 RTL: " \x{5D0}\x{5E0}\x{5D8}\x{5E3}"
          text run at (52,0) width 117: "Lorem ipsum"
          text run at (0,23) width 45: "amet"
          text run at (44,23) width 49 RTL: "\x{5E9}\x{5DC}\x{5D2}\x{5D9} "
      RenderBlock (floating) {DIV} at (224,256) size 200x46 [bgcolor=#FFFFE0]
        RenderText {#text} at (10,0) size 175x45
          text run at (10,0) width 6 RTL: " "
          text run at (15,0) width 54 RTL: " \x{5D0}\x{5E0}\x{5D8}\x{5E3}"
          text run at (68,0) width 117: "Lorem ipsum"
          text run at (53,23) width 46: "amet"
          text run at (98,23) width 49 RTL: "\x{5E9}\x{5DC}\x{5D2}\x{5D9} "
      RenderBlock (floating) {DIV} at (440,256) size 200x46 [bgcolor=#FFFFE0]
        RenderText {#text} at (26,0) size 174x45
          text run at (26,0) width 6 RTL: " "
          text run at (31,0) width 54 RTL: " \x{5D0}\x{5E0}\x{5D8}\x{5E3}"
          text run at (84,0) width 116: "Lorem ipsum"
          text run at (107,23) width 45: "amet"
          text run at (151,23) width 49 RTL: "\x{5E9}\x{5DC}\x{5D2}\x{5D9} "
      RenderBlock (floating) {DIV} at (8,318) size 200x46 [bgcolor=#FFFFE0]
        RenderText {#text} at (0,0) size 200x45
          text run at (0,0) width 0 RTL: " "
          text run at (0,0) width 68 RTL: " \x{5D0}\x{5E0}\x{5D8}\x{5E3}"
          text run at (67,0) width 133: "Lorem ipsum"
          text run at (107,23) width 45: "amet"
          text run at (151,23) width 49 RTL: "\x{5E9}\x{5DC}\x{5D2}\x{5D9} "
