layer at (0,0) size 800x600
  RenderView at (0,0) size 800x600
layer at (0,0) size 800x600
  RenderBlock {HTML} at (0,0) size 800x600
    RenderBody {BODY} at (8,8) size 784x584
      RenderBlock {P} at (0,0) size 784x18
        RenderText {#text} at (0,0) size 55x17
          text run at (0,0) width 55: "Test for "
        RenderInline {I} at (0,0) size 611x17
          RenderInline {A} at (0,0) size 306x17 [color=#0000EE]
            RenderText {#text} at (54,0) size 306x17
              text run at (54,0) width 306: "http://bugs.webkit.org/show_bug.cgi?id=13178"
          RenderText {#text} at (359,0) size 306x17
            text run at (359,0) width 5: " "
            text run at (363,0) width 302: "Helvetica zero-width space has non-zero width"
        RenderText {#text} at (664,0) size 5x17
          text run at (664,0) width 5: "."
      RenderBlock {P} at (0,34) size 784x18
        RenderText {#text} at (0,0) size 275x17
          text run at (0,0) width 275: "The following lines should all be identical."
      RenderBlock {DIV} at (0,68) size 784x42
        RenderText {#text} at (0,0) size 387x41
          text run at (0,0) width 387: "Lor\x{E9}m\x{200B}ipsum\x{200E}dolor\x{1F}sit"
      RenderBlock {DIV} at (0,110) size 784x42
        RenderText {#text} at (0,0) size 427x41
          text run at (0,0) width 427: "Lore\x{301}m\x{200B}ipsum\x{200E}dolor\x{1F}sit"
      RenderBlock {DIV} at (0,152) size 784x42
        RenderText {#text} at (0,0) size 387x41
          text run at (0,0) width 387: "Lor\x{E9}mipsumdolorsit"
