layer at (0,0) size 800x600
  RenderView at (0,0) size 800x600
layer at (0,0) size 800x94
  RenderBlock {HTML} at (0,0) size 800x94
    RenderBody {BODY} at (8,16) size 784x70
      RenderBlock {P} at (0,0) size 784x18
        RenderText {#text} at (0,0) size 303x18
          text run at (0,0) width 303: "Test passes if there is no red visible on the page."
      RenderBlock {DIV} at (0,34) size 784x36
        RenderTable {TABLE} at (0,0) size 200x36 [bgcolor=#008000]
          RenderTableSection {TBODY} at (0,0) size 200x36
            RenderTableRow {TR} at (0,0) size 200x36
              RenderTableCell {TD} at (0,0) size 100x36 [r=0 c=0 rs=1 cs=1]
                RenderText {#text} at (0,0) size 75x36
                  text run at (0,0) width 75: "100px wide"
                  text run at (0,18) width 31: "child"
              RenderTableCell {TD} at (100,0) size 100x36 [r=0 c=1 rs=1 cs=1]
                RenderText {#text} at (0,0) size 75x36
                  text run at (0,0) width 75: "100px wide"
                  text run at (0,18) width 31: "child"
