layer at (0,0) size 800x600
  RenderView at (0,0) size 800x600
layer at (0,0) size 800x158
  RenderBlock {HTML} at (0,0) size 800x158
    RenderBody {BODY} at (8,16) size 784x134
      RenderBlock {P} at (0,0) size 784x18
        RenderText {#text} at (0,0) size 265x18
          text run at (0,0) width 265: "This test passes if there is no red showing."
layer at (8,50) size 400x100
  RenderBlock (relative positioned) {DIV} at (0,34) size 400x100 [bgcolor=#008000]
layer at (8,50) size 100x100
  RenderBlock (positioned) {DIV} at (0,0) size 100x100
layer at (108,50) size 100x100
  RenderBlock (positioned) {DIV} at (100,0) size 100x100
layer at (208,50) size 100x100
  RenderBlock (positioned) {DIV} at (200,0) size 100x100
layer at (308,50) size 100x100
  RenderBlock (positioned) {DIV} at (300,0) size 100x100
