layer at (0,0) size 800x600
  RenderView at (0,0) size 800x600
layer at (0,0) size 800x158
  RenderBlock {HTML} at (0,0) size 800x158
    RenderBody {BODY} at (8,16) size 784x134
      RenderBlock {P} at (0,0) size 784x18
        RenderText {#text} at (0,0) size 265x18
          text run at (0,0) width 265: "This test passes if there is no red showing."
      RenderDeprecatedFlexibleBox {DIV} at (0,34) size 300x100 [bgcolor=#FF0000]
        RenderBlock {DIV} at (0,0) size 200x100
        RenderBlock {DIV} at (200,0) size 100x100
