layer at (0,0) size 800x600
  RenderView at (0,0) size 800x600
layer at (0,0) size 800x258 layerType: background only
layer at (8,50) size 300x200
  RenderBlock (relative positioned) zI: -1 {DIV} at (0,34) size 300x200 [bgcolor=#FF0000]
layer at (8,150) size 100x100
  RenderBlock (positioned) {DIV} at (0,100) size 100x100 [bgcolor=#008000]
    RenderText {#text} at (0,0) size 35x18
      text run at (0,0) width 35: "Box1"
layer at (108,150) size 100x100
  RenderBlock (positioned) {DIV} at (100,100) size 100x100 [bgcolor=#008000]
    RenderText {#text} at (0,0) size 35x18
      text run at (0,0) width 35: "Box2"
layer at (208,150) size 100x100
  RenderBlock (positioned) {DIV} at (200,100) size 100x100 [bgcolor=#008000]
    RenderText {#text} at (0,0) size 35x18
      text run at (0,0) width 35: "Box3"
layer at (0,0) size 800x258 layerType: foreground only
  RenderBlock {HTML} at (0,0) size 800x258
    RenderBody {BODY} at (8,16) size 784x234
      RenderBlock {P} at (0,0) size 784x18
        RenderText {#text} at (0,0) size 265x18
          text run at (0,0) width 265: "This test passes if there is no red showing."
