layer at (0,0) size 800x600
  RenderView at (0,0) size 800x600
layer at (0,0) size 800x600
  RenderBlock {HTML} at (0,0) size 800x600
    RenderBody {BODY} at (8,8) size 784x584
      RenderText {#text} at (0,0) size 494x19
        text run at (0,0) width 494: "This tests that we don't honor line-height for controls that have restricted font size. "
      RenderBR {BR} at (0,0) size 0x0
      RenderMenuList {SELECT} at (2,22) size 319x20 [bgcolor=#DDDDDD] [border: (1px solid #000000)]
        RenderBlock (anonymous) at (1,1) size 317x18
          RenderText at (4,1) size 294x16
            text run at (4,1) width 294: "This text should be centered vertically in the button"
      RenderText {#text} at (323,22) size 4x19
        text run at (323,22) width 4: " "
      RenderBR {BR} at (0,0) size 0x0
      RenderButton {INPUT} at (2,46) size 310x22 [bgcolor=#DDDDDD] [border: (2px outset #DDDDDD)]
        RenderBlock (anonymous) at (8,3) size 294x16
          RenderText at (0,0) size 294x16
            text run at (0,0) width 294: "This text should be centered vertically in the button"
      RenderText {#text} at (314,47) size 4x19
        text run at (314,47) width 4: " "
      RenderBR {BR} at (0,0) size 0x0
      RenderTextControl {INPUT} at (2,72) size 155x22 [bgcolor=#FFFFFF] [border: (2px inset #000000)]
        RenderDeprecatedFlexibleBox {DIV} at (3,3) size 149x16
          RenderBlock {DIV} at (0,2) size 1x12
          RenderBlock {DIV} at (1,0) size 136x16
          RenderBlock {DIV} at (137,3) size 9x10
      RenderText {#text} at (0,0) size 0x0
layer at (14,83) size 136x16 scrollWidth 295
  RenderBlock {DIV} at (0,0) size 136x16
    RenderText {#text} at (0,0) size 294x16
      text run at (0,0) width 294: "This text should be centered vertically in the button"
