layer at (0,0) size 800x600
  RenderView at (0,0) size 800x600
layer at (0,0) size 800x600
  RenderBlock {HTML} at (0,0) size 800x600
    RenderBody {BODY} at (8,8) size 784x576
      RenderBlock {P} at (0,0) size 784x40
        RenderText {#text} at (0,0) size 740x39
          text run at (0,0) width 740: "Results that match WinIE are two columns on the right that say \"after\" every time, except for the last row which should have"
          text run at (0,20) width 145: "nothing in either column."
      RenderBlock {P} at (0,56) size 784x20
        RenderText {#text} at (0,0) size 677x19
          text run at (0,0) width 677: "Results that match Gecko are like WinIE, but with \"before\" for the attribute in the first two rows and the last row."
      RenderBlock {HR} at (0,92) size 784x2 [border: (1px inset #000000)]
      RenderBlock {FORM} at (0,102) size 784x406
        RenderTable {TABLE} at (0,0) size 738x406
          RenderTableSection {THEAD} at (0,0) size 738x26
            RenderTableRow {TR} at (0,2) size 738x22
              RenderTableCell {TH} at (2,2) size 366x22 [r=0 c=0 rs=1 cs=1]
                RenderText {#text} at (1,1) size 59x19
                  text run at (1,1) width 59: "test case"
              RenderTableCell {TH} at (370,2) size 244x22 [r=0 c=1 rs=1 cs=1]
                RenderText {#text} at (1,1) size 88x19
                  text run at (1,1) width 88: "form element"
              RenderTableCell {TH} at (616,2) size 59x22 [r=0 c=2 rs=1 cs=1]
                RenderText {#text} at (1,1) size 57x19
                  text run at (1,1) width 57: "property"
              RenderTableCell {TH} at (677,2) size 59x22 [r=0 c=3 rs=1 cs=1]
                RenderText {#text} at (1,1) size 57x19
                  text run at (1,1) width 57: "attribute"
          RenderTableSection {TBODY} at (0,26) size 738x380
            RenderTableRow {TR} at (0,2) size 738x28
              RenderTableCell {TD} at (2,5) size 366x22 [r=0 c=0 rs=1 cs=1]
                RenderText {#text} at (1,1) size 196x19
                  text run at (1,1) width 196: "text with value property changed"
              RenderTableCell {TD} at (370,2) size 244x28 [r=0 c=1 rs=1 cs=1]
                RenderTextControl {INPUT} at (3,3) size 153x22 [bgcolor=#FFFFFF] [border: (2px inset #000000)]
              RenderTableCell {TD} at (616,5) size 59x22 [r=0 c=2 rs=1 cs=1]
                RenderText {#text} at (1,1) size 27x19
                  text run at (1,1) width 27: "after"
              RenderTableCell {TD} at (677,5) size 59x22 [r=0 c=3 rs=1 cs=1]
                RenderText {#text} at (1,1) size 39x19
                  text run at (1,1) width 39: "before"
            RenderTableRow {TR} at (0,32) size 738x28
              RenderTableCell {TD} at (2,35) size 366x22 [r=1 c=0 rs=1 cs=1]
                RenderText {#text} at (1,1) size 233x19
                  text run at (1,1) width 233: "password with value property changed"
              RenderTableCell {TD} at (370,32) size 244x28 [r=1 c=1 rs=1 cs=1]
                RenderTextControl {INPUT} at (3,3) size 153x22 [bgcolor=#FFFFFF] [border: (2px inset #000000)]
              RenderTableCell {TD} at (616,35) size 59x22 [r=1 c=2 rs=1 cs=1]
                RenderText {#text} at (1,1) size 27x19
                  text run at (1,1) width 27: "after"
              RenderTableCell {TD} at (677,35) size 59x22 [r=1 c=3 rs=1 cs=1]
                RenderText {#text} at (1,1) size 39x19
                  text run at (1,1) width 39: "before"
            RenderTableRow {TR} at (0,62) size 738x22
              RenderTableCell {TD} at (2,62) size 366x22 [r=2 c=0 rs=1 cs=1]
                RenderText {#text} at (1,1) size 237x19
                  text run at (1,1) width 237: "check box with value property changed"
              RenderTableCell {TD} at (370,62) size 244x21 [r=2 c=1 rs=1 cs=1]
                RenderBlock {INPUT} at (5,4) size 13x13
              RenderTableCell {TD} at (616,62) size 59x22 [r=2 c=2 rs=1 cs=1]
                RenderText {#text} at (1,1) size 27x19
                  text run at (1,1) width 27: "after"
              RenderTableCell {TD} at (677,62) size 59x22 [r=2 c=3 rs=1 cs=1]
                RenderText {#text} at (1,1) size 27x19
                  text run at (1,1) width 27: "after"
            RenderTableRow {TR} at (0,86) size 738x22
              RenderTableCell {TD} at (2,86) size 366x22 [r=3 c=0 rs=1 cs=1]
                RenderText {#text} at (1,1) size 214x19
                  text run at (1,1) width 214: "hidden with value property changed"
              RenderTableCell {TD} at (370,96) size 244x2 [r=3 c=1 rs=1 cs=1]
              RenderTableCell {TD} at (616,86) size 59x22 [r=3 c=2 rs=1 cs=1]
                RenderText {#text} at (1,1) size 27x19
                  text run at (1,1) width 27: "after"
              RenderTableCell {TD} at (677,86) size 59x22 [r=3 c=3 rs=1 cs=1]
                RenderText {#text} at (1,1) size 27x19
                  text run at (1,1) width 27: "after"
            RenderTableRow {TR} at (0,110) size 738x28
              RenderTableCell {TD} at (2,113) size 366x22 [r=4 c=0 rs=1 cs=1]
                RenderText {#text} at (1,1) size 212x19
                  text run at (1,1) width 212: "button with value property changed"
              RenderTableCell {TD} at (370,110) size 244x28 [r=4 c=1 rs=1 cs=1]
                RenderButton {INPUT} at (3,3) size 41x22 [bgcolor=#DDDDDD] [border: (2px outset #DDDDDD)]
                  RenderBlock (anonymous) at (8,3) size 25x16
                    RenderText at (0,0) size 25x16
                      text run at (0,0) width 25: "after"
              RenderTableCell {TD} at (616,113) size 59x22 [r=4 c=2 rs=1 cs=1]
                RenderText {#text} at (1,1) size 27x19
                  text run at (1,1) width 27: "after"
              RenderTableCell {TD} at (677,113) size 59x22 [r=4 c=3 rs=1 cs=1]
                RenderText {#text} at (1,1) size 27x19
                  text run at (1,1) width 27: "after"
            RenderTableRow {TR} at (0,140) size 738x22
              RenderTableCell {TD} at (2,140) size 366x22 [r=5 c=0 rs=1 cs=1]
                RenderText {#text} at (1,1) size 209x19
                  text run at (1,1) width 209: "image with value property changed"
              RenderTableCell {TD} at (370,142) size 244x18 [r=5 c=1 rs=1 cs=1]
                RenderImage {INPUT} at (1,1) size 35x16
              RenderTableCell {TD} at (616,140) size 59x22 [r=5 c=2 rs=1 cs=1]
                RenderText {#text} at (1,1) size 27x19
                  text run at (1,1) width 27: "after"
              RenderTableCell {TD} at (677,140) size 59x22 [r=5 c=3 rs=1 cs=1]
                RenderText {#text} at (1,1) size 27x19
                  text run at (1,1) width 27: "after"
            RenderTableRow {TR} at (0,164) size 738x22
              RenderTableCell {TD} at (2,164) size 366x22 [r=6 c=0 rs=1 cs=1]
                RenderText {#text} at (1,1) size 205x19
                  text run at (1,1) width 205: "radio with value property changed"
              RenderTableCell {TD} at (370,166) size 244x18 [r=6 c=1 rs=1 cs=1]
                RenderBlock {INPUT} at (6,4) size 13x13
              RenderTableCell {TD} at (616,164) size 59x22 [r=6 c=2 rs=1 cs=1]
                RenderText {#text} at (1,1) size 27x19
                  text run at (1,1) width 27: "after"
              RenderTableCell {TD} at (677,164) size 59x22 [r=6 c=3 rs=1 cs=1]
                RenderText {#text} at (1,1) size 27x19
                  text run at (1,1) width 27: "after"
            RenderTableRow {TR} at (0,188) size 738x28
              RenderTableCell {TD} at (2,191) size 366x22 [r=7 c=0 rs=1 cs=1]
                RenderText {#text} at (1,1) size 193x19
                  text run at (1,1) width 193: "text with value attribute changed"
              RenderTableCell {TD} at (370,188) size 244x28 [r=7 c=1 rs=1 cs=1]
                RenderTextControl {INPUT} at (3,3) size 153x22 [bgcolor=#FFFFFF] [border: (2px inset #000000)]
              RenderTableCell {TD} at (616,191) size 59x22 [r=7 c=2 rs=1 cs=1]
                RenderText {#text} at (1,1) size 27x19
                  text run at (1,1) width 27: "after"
              RenderTableCell {TD} at (677,191) size 59x22 [r=7 c=3 rs=1 cs=1]
                RenderText {#text} at (1,1) size 27x19
                  text run at (1,1) width 27: "after"
            RenderTableRow {TR} at (0,218) size 738x22
              RenderTableCell {TD} at (2,218) size 366x22 [r=8 c=0 rs=1 cs=1]
                RenderText {#text} at (1,1) size 234x19
                  text run at (1,1) width 234: "check box with value attribute changed"
              RenderTableCell {TD} at (370,218) size 244x21 [r=8 c=1 rs=1 cs=1]
                RenderBlock {INPUT} at (5,4) size 13x13
              RenderTableCell {TD} at (616,218) size 59x22 [r=8 c=2 rs=1 cs=1]
                RenderText {#text} at (1,1) size 27x19
                  text run at (1,1) width 27: "after"
              RenderTableCell {TD} at (677,218) size 59x22 [r=8 c=3 rs=1 cs=1]
                RenderText {#text} at (1,1) size 27x19
                  text run at (1,1) width 27: "after"
            RenderTableRow {TR} at (0,242) size 738x22
              RenderTableCell {TD} at (2,242) size 366x22 [r=9 c=0 rs=1 cs=1]
                RenderText {#text} at (1,1) size 364x19
                  text run at (1,1) width 364: "text with value property changed, then turned into check box"
              RenderTableCell {TD} at (370,242) size 244x21 [r=9 c=1 rs=1 cs=1]
                RenderBlock {INPUT} at (5,4) size 13x13
              RenderTableCell {TD} at (616,242) size 59x22 [r=9 c=2 rs=1 cs=1]
                RenderText {#text} at (1,1) size 27x19
                  text run at (1,1) width 27: "after"
              RenderTableCell {TD} at (677,242) size 59x22 [r=9 c=3 rs=1 cs=1]
                RenderText {#text} at (1,1) size 27x19
                  text run at (1,1) width 27: "after"
            RenderTableRow {TR} at (0,266) size 738x28
              RenderTableCell {TD} at (2,269) size 366x22 [r=10 c=0 rs=1 cs=1]
                RenderText {#text} at (1,1) size 364x19
                  text run at (1,1) width 364: "check box with value property changed, then turned into text"
              RenderTableCell {TD} at (370,266) size 244x28 [r=10 c=1 rs=1 cs=1]
                RenderTextControl {INPUT} at (3,3) size 153x22 [bgcolor=#FFFFFF] [border: (2px inset #000000)]
              RenderTableCell {TD} at (616,269) size 59x22 [r=10 c=2 rs=1 cs=1]
                RenderText {#text} at (1,1) size 27x19
                  text run at (1,1) width 27: "after"
              RenderTableCell {TD} at (677,269) size 59x22 [r=10 c=3 rs=1 cs=1]
                RenderText {#text} at (1,1) size 27x19
                  text run at (1,1) width 27: "after"
            RenderTableRow {TR} at (0,296) size 738x22
              RenderTableCell {TD} at (2,296) size 366x22 [r=11 c=0 rs=1 cs=1]
                RenderText {#text} at (1,1) size 361x19
                  text run at (1,1) width 361: "text with value attribute changed, then turned into check box"
              RenderTableCell {TD} at (370,296) size 244x21 [r=11 c=1 rs=1 cs=1]
                RenderBlock {INPUT} at (5,4) size 13x13
              RenderTableCell {TD} at (616,296) size 59x22 [r=11 c=2 rs=1 cs=1]
                RenderText {#text} at (1,1) size 27x19
                  text run at (1,1) width 27: "after"
              RenderTableCell {TD} at (677,296) size 59x22 [r=11 c=3 rs=1 cs=1]
                RenderText {#text} at (1,1) size 27x19
                  text run at (1,1) width 27: "after"
            RenderTableRow {TR} at (0,320) size 738x28
              RenderTableCell {TD} at (2,323) size 366x22 [r=12 c=0 rs=1 cs=1]
                RenderText {#text} at (1,1) size 361x19
                  text run at (1,1) width 361: "check box with value attribute changed, then turned into text"
              RenderTableCell {TD} at (370,320) size 244x28 [r=12 c=1 rs=1 cs=1]
                RenderTextControl {INPUT} at (3,3) size 153x22 [bgcolor=#FFFFFF] [border: (2px inset #000000)]
              RenderTableCell {TD} at (616,323) size 59x22 [r=12 c=2 rs=1 cs=1]
                RenderText {#text} at (1,1) size 27x19
                  text run at (1,1) width 27: "after"
              RenderTableCell {TD} at (677,323) size 59x22 [r=12 c=3 rs=1 cs=1]
                RenderText {#text} at (1,1) size 27x19
                  text run at (1,1) width 27: "after"
            RenderTableRow {TR} at (0,350) size 738x28
              RenderTableCell {TD} at (2,353) size 366x22 [r=13 c=0 rs=1 cs=1]
                RenderText {#text} at (1,1) size 191x19
                  text run at (1,1) width 191: "file with value property changed"
              RenderTableCell {TD} at (370,350) size 244x28 [r=13 c=1 rs=1 cs=1]
                RenderFileUploadControl {INPUT} at (3,3) size 238x22 "No file chosen"
                  RenderButton {INPUT} at (0,0) size 85x22 [bgcolor=#DDDDDD] [border: (2px outset #DDDDDD)]
                    RenderBlock (anonymous) at (8,3) size 69x16
                      RenderText at (0,0) size 69x16
                        text run at (0,0) width 69: "Choose File"
              RenderTableCell {TD} at (616,363) size 59x2 [r=13 c=2 rs=1 cs=1]
              RenderTableCell {TD} at (677,353) size 59x22 [r=13 c=3 rs=1 cs=1]
                RenderText {#text} at (1,1) size 39x19
                  text run at (1,1) width 39: "before"
layer at (383,144) size 149x16
  RenderBlock {DIV} at (2,3) size 149x16
    RenderText {#text} at (0,0) size 35x16
      text run at (0,0) width 35: "before"
layer at (383,174) size 149x16
  RenderBlock {DIV} at (2,3) size 149x16
    RenderText {#text} at (0,0) size 30x16
      text run at (0,0) width 30: "\x{2022}\x{2022}\x{2022}\x{2022}\x{2022}\x{2022}"
layer at (383,330) size 149x16
  RenderBlock {DIV} at (2,3) size 149x16
    RenderText {#text} at (0,0) size 25x16
      text run at (0,0) width 25: "after"
layer at (383,408) size 149x16
  RenderBlock {DIV} at (2,3) size 149x16
    RenderText {#text} at (0,0) size 25x16
      text run at (0,0) width 25: "after"
layer at (383,462) size 149x16
  RenderBlock {DIV} at (2,3) size 149x16
    RenderText {#text} at (0,0) size 25x16
      text run at (0,0) width 25: "after"
