layer at (0,0) size 800x600
  RenderView at (0,0) size 800x600
layer at (0,0) size 800x600
  RenderBlock {HTML} at (0,0) size 800x600
    RenderBody {BODY} at (8,8) size 784x576
      RenderBlock (anonymous) at (0,0) size 784x20
        RenderText {#text} at (0,0) size 717x19
          text run at (0,0) width 717: "This tests the height attribute of form elements. The only element that should honour this value is the Image type of input."
      RenderBlock {FORM} at (0,20) size 784x298
        RenderText {#text} at (0,3) size 33x19
          text run at (0,3) width 33: "input "
        RenderTextControl {INPUT} at (35,2) size 153x22 [bgcolor=#FFFFFF] [border: (2px inset #000000)]
        RenderText {#text} at (190,3) size 4x19
          text run at (190,3) width 4: " "
        RenderBR {BR} at (194,18) size 0x0
        RenderText {#text} at (0,29) size 26x19
          text run at (0,29) width 26: "text "
        RenderTextControl {INPUT} at (28,28) size 153x22 [bgcolor=#FFFFFF] [border: (2px inset #000000)]
        RenderText {#text} at (183,29) size 4x19
          text run at (183,29) width 4: " "
        RenderBR {BR} at (187,44) size 0x0
        RenderText {#text} at (0,53) size 63x19
          text run at (0,53) width 63: "checkbox "
        RenderBlock {INPUT} at (67,55) size 13x13
        RenderText {#text} at (83,53) size 4x19
          text run at (83,53) width 4: " "
        RenderBR {BR} at (87,68) size 0x0
        RenderText {#text} at (0,76) size 21x19
          text run at (0,76) width 21: "file "
        RenderFileUploadControl {INPUT} at (23,75) size 238x22 "No file chosen"
          RenderButton {INPUT} at (0,0) size 85x22 [bgcolor=#DDDDDD] [border: (2px outset #DDDDDD)]
            RenderBlock (anonymous) at (8,3) size 69x16
              RenderText at (0,0) size 69x16
                text run at (0,0) width 69: "Choose File"
        RenderText {#text} at (263,76) size 4x19
          text run at (263,76) width 4: " "
        RenderBR {BR} at (267,91) size 0x0
        RenderText {#text} at (0,99) size 39x19
          text run at (0,99) width 39: "image "
        RenderImage {INPUT} at (39,113) size 10x1
        RenderText {#text} at (49,99) size 4x19
          text run at (49,99) width 4: " "
        RenderBR {BR} at (53,114) size 0x0
        RenderText {#text} at (0,120) size 35x19
          text run at (0,120) width 35: "radio "
        RenderBlock {INPUT} at (40,122) size 13x13
        RenderText {#text} at (56,120) size 4x19
          text run at (56,120) width 4: " "
        RenderBR {BR} at (60,135) size 0x0
        RenderText {#text} at (0,148) size 37x19
          text run at (0,148) width 37: "range "
        RenderSlider {INPUT} at (39,142) size 129x21 [color=#9D968E] [bgcolor=#FFFFFF]
          RenderDeprecatedFlexibleBox {DIV} at (0,0) size 129x21
            RenderBlock {DIV} at (0,0) size 118x21
            RenderBlock {DIV} at (118,0) size 11x21
        RenderText {#text} at (170,148) size 4x19
          text run at (170,148) width 4: " "
        RenderBR {BR} at (174,163) size 0x0
        RenderText {#text} at (0,171) size 33x19
          text run at (0,171) width 33: "reset "
        RenderButton {INPUT} at (35,170) size 50x22 [bgcolor=#DDDDDD] [border: (2px outset #DDDDDD)]
          RenderBlock (anonymous) at (8,3) size 34x16
            RenderText at (0,0) size 34x16
              text run at (0,0) width 34: "Reset"
        RenderText {#text} at (87,171) size 4x19
          text run at (87,171) width 4: " "
        RenderBR {BR} at (91,186) size 0x0
        RenderText {#text} at (0,197) size 43x19
          text run at (0,197) width 43: "submit "
        RenderButton {INPUT} at (45,196) size 57x22 [bgcolor=#DDDDDD] [border: (2px outset #DDDDDD)]
          RenderBlock (anonymous) at (8,3) size 41x16
            RenderText at (0,0) size 41x16
              text run at (0,0) width 41: "Submit"
        RenderText {#text} at (104,197) size 4x19
          text run at (104,197) width 4: " "
        RenderBR {BR} at (108,212) size 0x0
        RenderText {#text} at (0,223) size 45x19
          text run at (0,223) width 45: "isindex "
        RenderTextControl {INPUT} at (47,222) size 155x22 [bgcolor=#FFFFFF] [border: (2px inset #000000)]
        RenderText {#text} at (204,223) size 4x19
          text run at (204,223) width 4: " "
        RenderBR {BR} at (208,238) size 0x0
        RenderText {#text} at (0,249) size 63x19
          text run at (0,249) width 63: "password "
        RenderTextControl {INPUT} at (65,248) size 153x22 [bgcolor=#FFFFFF] [border: (2px inset #000000)]
        RenderText {#text} at (220,249) size 4x19
          text run at (220,249) width 4: " "
        RenderBR {BR} at (224,264) size 0x0
        RenderText {#text} at (0,275) size 43x19
          text run at (0,275) width 43: "search "
        RenderTextControl {INPUT} at (45,274) size 155x22 [bgcolor=#FFFFFF] [border: (2px inset #000000)]
          RenderDeprecatedFlexibleBox {DIV} at (3,3) size 149x16
            RenderBlock {DIV} at (0,2) size 1x12
            RenderBlock {DIV} at (1,0) size 136x16
            RenderBlock {DIV} at (137,3) size 9x10
        RenderText {#text} at (0,0) size 0x0
layer at (45,33) size 149x16
  RenderBlock {DIV} at (2,3) size 149x16
layer at (38,59) size 149x16
  RenderBlock {DIV} at (2,3) size 149x16
layer at (58,253) size 149x16
  RenderBlock {DIV} at (3,3) size 149x16
layer at (75,279) size 149x16
  RenderBlock {DIV} at (2,3) size 149x16
layer at (57,305) size 136x16
  RenderBlock {DIV} at (0,0) size 136x16
layer at (106,170) size 11x21
  RenderBlock (relative positioned) {DIV} at (0,0) size 11x21
