layer at (0,0) size 800x600
  RenderView at (0,0) size 800x600
layer at (0,0) size 800x600
  RenderBlock {HTML} at (0,0) size 800x600
    RenderBody {BODY} at (8,8) size 784x584
      RenderText {#text} at (0,0) size 277x19
        text run at (0,0) width 277: "This tests that text fields get the right baseline. "
      RenderBR {BR} at (277,15) size 0x0
      RenderBR {BR} at (0,20) size 0x19
      RenderTextControl {INPUT} at (2,42) size 153x22 [bgcolor=#FFFFFF] [border: (2px inset #000000)]
      RenderText {#text} at (157,43) size 398x19
        text run at (157,43) width 398: "This text should line up with the bottom of the text in the text field. "
      RenderBR {BR} at (555,58) size 0x0
      RenderBR {BR} at (0,66) size 0x19
      RenderTextControl {INPUT} at (2,88) size 153x128 [bgcolor=#FFFFFF] [border: (2px inset #000000)]
      RenderText {#text} at (157,173) size 394x19
        text run at (157,173) width 394: "This text should line up with the bottom of the text in the text field."
layer at (12,53) size 149x16
  RenderBlock {DIV} at (2,3) size 149x16
layer at (12,99) size 149x122
  RenderBlock {DIV} at (2,3) size 149x122
