layer at (0,0) size 800x600
  RenderView at (0,0) size 800x600
layer at (0,0) size 800x600
  RenderBlock {HTML} at (0,0) size 800x600
    RenderBody {BODY} at (8,8) size 784x584
      RenderText {#text} at (0,0) size 351x19
        text run at (0,0) width 351: "This tests that aqua-style search fields do not honor height."
      RenderBR {BR} at (351,15) size 0x0
      RenderTextControl {INPUT} at (0,123) size 81x6 [bgcolor=#FFFFFF] [border: (2px inset #000000)]
        RenderDeprecatedFlexibleBox {DIV} at (3,0) size 75x6
          RenderBlock {DIV} at (0,0) size 1x11
          RenderBlock {DIV} at (1,3) size 66x0
          RenderBlock {DIV} at (67,0) size 5x5
      RenderText {#text} at (81,114) size 4x19
        text run at (81,114) width 4: " "
      RenderTextControl {INPUT} at (87,104) size 181x40 [bgcolor=#FFFFFF] [border: (2px inset #000000)]
        RenderDeprecatedFlexibleBox {DIV} at (3,3) size 175x34
          RenderBlock {DIV} at (0,11) size 1x11
          RenderBlock {DIV} at (1,8) size 161x17
          RenderBlock {DIV} at (162,12) size 10x10
      RenderText {#text} at (270,114) size 4x19
        text run at (270,114) width 4: " "
      RenderTextControl {INPUT} at (276,20) size 309x200 [bgcolor=#FFFFFF] [border: (2px inset #000000)]
        RenderDeprecatedFlexibleBox {DIV} at (3,3) size 303x194
          RenderBlock {DIV} at (0,91) size 1x11
          RenderBlock {DIV} at (1,80) size 280x33
          RenderBlock {DIV} at (281,87) size 19x19
      RenderText {#text} at (0,0) size 0x0
layer at (99,123) size 161x17
  RenderBlock {DIV} at (0,0) size 161x17
    RenderText {#text} at (1,0) size 35x17
      text run at (1,0) width 35: "small"
layer at (288,111) size 280x33
  RenderBlock {DIV} at (0,0) size 280x33
    RenderText {#text} at (1,0) size 84x32
      text run at (1,0) width 84: "regular"
