layer at (0,0) size 800x600
  RenderView at (0,0) size 800x600
layer at (0,0) size 800x600
  RenderBlock {HTML} at (0,0) size 800x600
    RenderBody {BODY} at (8,8) size 784x584
      RenderBlock {P} at (0,0) size 784x40
        RenderText {#text} at (0,0) size 758x39
          text run at (0,0) width 758: "Assuming the port-specific theme draws focus rings, this test can be used to ensure that a focus ring is drawn around a"
          text run at (0,20) width 79: "search field."
      RenderBlock (anonymous) at (0,56) size 784x25
        RenderTextControl {INPUT} at (2,2) size 138x22 [bgcolor=#FFFFFF] [border: (1px solid #4C4C4C)]
          RenderFlexibleBox {DIV} at (6,3) size 125x15
            RenderBlock {DIV} at (0,7) size 0x0
            RenderBlock {DIV} at (0,0) size 125x14
            RenderBlock {DIV} at (124,7) size 0x0
        RenderText {#text} at (0,0) size 0x0
layer at (17,69) size 124x14
  RenderBlock {DIV} at (0,0) size 125x14
caret: position 0 of child 0 {DIV} of child 1 {DIV} of child 0 {DIV} of {#document-fragment} of child 3 {INPUT} of body
