layer at (0,0) size 800x600
  RenderView at (0,0) size 800x600
layer at (0,0) size 800x600
  RenderBlock {HTML} at (0,0) size 800x600
    RenderBody {BODY} at (8,8) size 784x584
      RenderBlock {P} at (0,0) size 784x18
        RenderText {#text} at (0,0) size 609x17
          text run at (0,0) width 430: "This tests copying/pasting less than a paragraph of quoted content. "
          text run at (429,0) width 180: "It should not appear quoted."
      RenderBlock {DIV} at (0,34) size 784x90
        RenderBlock (anonymous) at (0,0) size 784x36
          RenderText {#text} at (0,0) size 20x17
            text run at (0,0) width 20: "On"
          RenderBR {BR} at (19,14) size 1x0
          RenderBR {BR} at (0,18) size 0x17
        RenderBlock {BLOCKQUOTE} at (0,36) size 784x18 [color=#0000FF] [border: (2px solid #0000FF)]
          RenderText {#text} at (12,0) size 165x17
            text run at (12,0) width 165: "On Tuesday, Dave wrote:"
        RenderBlock {BLOCKQUOTE} at (0,54) size 784x18 [color=#0000FF] [border: (2px solid #0000FF)]
          RenderBR {BR} at (12,0) size 0x17
        RenderBlock {BLOCKQUOTE} at (0,72) size 784x18 [color=#0000FF] [border: (2px solid #0000FF)]
          RenderText {#text} at (12,0) size 85x17
            text run at (12,0) width 85: "Hello World."
caret: position 2 of child 1 {#text} of child 2 {DIV} of body
