layer at (0,0) size 800x600
  RenderView at (0,0) size 800x600
layer at (0,0) size 800x600
  RenderBlock {HTML} at (0,0) size 800x600
    RenderBody {BODY} at (8,8) size 784x584
      RenderBlock {P} at (0,0) size 784x36
        RenderText {#text} at (0,0) size 732x35
          text run at (0,0) width 414: "This tests for a bug where a copied link wouldn't paste as a link. "
          text run at (413,0) width 319: "Both editable regions below should contain a link"
          text run at (0,18) width 106: "\"Hello\\nWorld\"."
      RenderBlock {DIV} at (0,52) size 784x36
        RenderInline {A} at (0,0) size 41x35 [color=#0000EE]
          RenderText {#text} at (0,0) size 36x17
            text run at (0,0) width 36: "Hello"
          RenderBR {BR} at (35,14) size 1x0
          RenderText {#text} at (0,18) size 41x17
            text run at (0,18) width 41: "World"
        RenderText {#text} at (0,0) size 0x0
      RenderBlock {DIV} at (0,88) size 784x36
        RenderInline {A} at (0,0) size 41x35 [color=#0000EE]
          RenderText {#text} at (0,0) size 36x17
            text run at (0,0) width 36: "Hello"
          RenderBR {BR} at (35,14) size 1x0
          RenderText {#text} at (0,18) size 41x17
            text run at (0,18) width 41: "World"
caret: position 5 of child 2 {#text} of child 0 {A} of child 4 {DIV} of body
