EDITING DELEGATE: shouldBeginEditingInDOMRange:range from 0 of DIV > BODY > HTML > #document to 3 of DIV > BODY > HTML > #document
EDITING DELEGATE: webViewDidBeginEditing:WebViewDidBeginEditingNotification
EDITING DELEGATE: webViewDidChangeSelection:WebViewDidChangeSelectionNotification
EDITING DELEGATE: webViewDidChangeSelection:WebViewDidChangeSelectionNotification
EDITING DELEGATE: webViewDidChangeSelection:WebViewDidChangeSelectionNotification
EDITING DELEGATE: shouldChangeSelectedDOMRange:range from 8 of #text > DIV > DIV > BODY > HTML > #document to 8 of #text > DIV > DIV > BODY > HTML > #document toDOMRange:range from 0 of #text > DIV > DIV > BODY > HTML > #document to 23 of #text > DIV > DIV > BODY > HTML > #document affinity:NSSelectionAffinityDownstream stillSelecting:FALSE
EDITING DELEGATE: webViewDidChangeSelection:WebViewDidChangeSelectionNotification
EDITING DELEGATE: webViewDidChangeSelection:WebViewDidChangeSelectionNotification
layer at (0,0) size 800x600
  RenderView at (0,0) size 800x600
layer at (0,0) size 800x600
  RenderBlock {HTML} at (0,0) size 800x600
    RenderBody {BODY} at (8,8) size 784x584
      RenderBlock {DIV} at (0,0) size 784x179 [border: (2px solid #0000FF)]
        RenderBlock {DIV} at (14,14) size 756x54
          RenderText {#text} at (0,0) size 68x26
            text run at (0,0) width 68: "Tests: "
          RenderBR {BR} at (0,0) size 0x0
          RenderText {#text} at (0,27) size 220x26
            text run at (0,27) width 220: "ctrl-a, ctrl-k, and ctrl-y"
        RenderBlock {DIV} at (14,84) size 756x81
          RenderText {#text} at (0,0) size 190x26
            text run at (0,0) width 190: "Expected Results: "
          RenderBR {BR} at (189,21) size 1x0
          RenderBR {BR} at (0,27) size 0x26
          RenderText {#text} at (0,54) size 220x26
            text run at (0,54) width 220: "one two three four five"
      RenderBlock {DIV} at (0,203) size 784x31
        RenderBlock {DIV} at (0,0) size 784x31 [border: (2px solid #FF0000)]
          RenderText {#text} at (2,2) size 220x26
            text run at (2,2) width 220: "one five two three four"
caret: position 23 of child 0 {#text} of child 1 {DIV} of child 3 {DIV} of body
