EDITING DELEGATE: shouldBeginEditingInDOMRange:range from 0 of DIV > BODY > HTML > #document to 2 of DIV > BODY > HTML > #document
EDITING DELEGATE: webViewDidBeginEditing:WebViewDidBeginEditingNotification
EDITING DELEGATE: webViewDidChangeSelection:WebViewDidChangeSelectionNotification
EDITING DELEGATE: webViewDidChangeSelection:WebViewDidChangeSelectionNotification
EDITING DELEGATE: webViewDidChangeSelection:WebViewDidChangeSelectionNotification
EDITING DELEGATE: webViewDidChangeSelection:WebViewDidChangeSelectionNotification
EDITING DELEGATE: webViewDidChangeSelection:WebViewDidChangeSelectionNotification
EDITING DELEGATE: webViewDidChangeSelection:WebViewDidChangeSelectionNotification
EDITING DELEGATE: webViewDidChangeSelection:WebViewDidChangeSelectionNotification
EDITING DELEGATE: shouldChangeSelectedDOMRange:range from 5 of #text > DIV > BODY > HTML > #document to 4 of #text > DIV > DIV > BODY > HTML > #document toDOMRange:range from 4 of #text > DIV > DIV > BODY > HTML > #document to 4 of #text > DIV > DIV > BODY > HTML > #document affinity:NSSelectionAffinityDownstream stillSelecting:FALSE
EDITING DELEGATE: webViewDidChangeSelection:WebViewDidChangeSelectionNotification
EDITING DELEGATE: webViewDidChange:WebViewDidChangeNotification
layer at (0,0) size 800x600
  RenderView at (0,0) size 800x600
layer at (0,0) size 800x600
  RenderBlock {HTML} at (0,0) size 800x600
    RenderBody {BODY} at (8,8) size 784x584
      RenderBlock {P} at (0,0) size 784x54
        RenderText {#text} at (0,0) size 780x53
          text run at (0,0) width 780: "This is a test for the merge that paste does of the last paragraph of the incoming fragment with content after the end of the"
          text run at (0,18) width 179: "selection being pasted into. "
          text run at (178,18) width 597: "A fragment that ends in with paragraph surrounded by a blue border is pasted into a selection"
          text run at (0,36) width 325: "ending in a paragraph surrounded by a red border. "
          text run at (324,36) width 175: "The red border should win."
      RenderBlock {P} at (0,70) size 784x18
        RenderInline {B} at (0,0) size 590x17
          RenderText {#text} at (0,0) size 590x17
            text run at (0,0) width 590: "The second paragraph should be surrounded by a red border before and after the test."
      RenderBlock {DIV} at (0,104) size 784x38
        RenderBlock (anonymous) at (0,0) size 784x18
          RenderText {#text} at (0,0) size 34x17
            text run at (0,0) width 34: "First "
          RenderText {#text} at (33,0) size 65x17
            text run at (33,0) width 65: "paragraph"
        RenderBlock {DIV} at (0,18) size 784x20 [border: (1px solid #FF0000)]
          RenderText {#text} at (1,1) size 29x17
            text run at (1,1) width 29: "This"
          RenderText {#text} at (29,1) size 276x17
            text run at (29,1) width 276: " text should be surrounded by a red border."
caret: position 4 of child 0 {#text} of child 2 {DIV} of child 3 {DIV} of body
