EDITING DELEGATE: webViewDidChangeSelection:WebViewDidChangeSelectionNotification
EDITING DELEGATE: shouldChangeSelectedDOMRange:range from 0 of DIV > #shadow-root to 0 of DIV > #shadow-root toDOMRange:range from 0 of #text > DIV > #shadow-root to 11 of #text > DIV > #shadow-root affinity:NSSelectionAffinityDownstream stillSelecting:FALSE
EDITING DELEGATE: webViewDidChangeSelection:WebViewDidChangeSelectionNotification
EDITING DELEGATE: shouldBeginEditingInDOMRange:range from 0 of DIV > BODY > HTML > #document to 0 of DIV > BODY > HTML > #document
EDITING DELEGATE: webViewDidBeginEditing:WebViewDidBeginEditingNotification
EDITING DELEGATE: webViewDidChangeSelection:WebViewDidChangeSelectionNotification
EDITING DELEGATE: shouldInsertText:Tab->	<-Tab replacingDOMRange:range from 0 of DIV > BODY > HTML > #document to 0 of DIV > BODY > HTML > #document givenAction:WebViewInsertActionPasted
EDITING DELEGATE: shouldChangeSelectedDOMRange:range from 0 of DIV > BODY > HTML > #document to 0 of DIV > BODY > HTML > #document toDOMRange:range from 5 of #text > DIV > BODY > HTML > #document to 5 of #text > DIV > BODY > HTML > #document affinity:NSSelectionAffinityDownstream stillSelecting:FALSE
EDITING DELEGATE: webViewDidChangeSelection:WebViewDidChangeSelectionNotification
EDITING DELEGATE: webViewDidChange:WebViewDidChangeNotification
layer at (0,0) size 800x600
  RenderView at (0,0) size 800x600
layer at (0,0) size 800x600
  RenderBlock {HTML} at (0,0) size 800x600
    RenderBody {BODY} at (8,8) size 784x584
      RenderBlock {P} at (0,0) size 784x36
        RenderText {#text} at (0,0) size 783x35
          text run at (0,0) width 663: "This tests copying plain text with tabs and pasting it into an editable region using paste and match tyle. "
          text run at (662,0) width 121: "The tabs should be"
          text run at (0,18) width 67: "preserved."
      RenderBlock (anonymous) at (0,52) size 784x46
        RenderText {#text} at (0,0) size 0x0
      RenderBlock {DIV} at (0,98) size 784x18
        RenderText {#text} at (0,0) size 40x17
          text run at (0,0) width 40: "Tab->"
        RenderInline {SPAN} at (0,0) size 25x17
          RenderText {#text} at (39,0) size 25x17
            text run at (39,0) width 25: "\x{9}"
        RenderText {#text} at (64,0) size 40x17
          text run at (64,0) width 40: "<-Tab"
layer at (10,62) size 202x42 clip at (11,63) size 200x40
  RenderTextControl {TEXTAREA} at (2,2) size 202x42 [bgcolor=#FFFFFF] [border: (1px solid #000000)]
    RenderBlock {DIV} at (3,3) size 196x18
      RenderText {#text} at (0,0) size 114x17
        text run at (0,0) width 114: "Tab->\x{9}<-Tab"
caret: position 5 of child 2 {#text} of child 4 {DIV} of body
