EDITING DELEGATE: shouldBeginEditingInDOMRange:range from 0 of DIV > BODY > HTML > #document to 3 of DIV > BODY > HTML > #document
EDITING DELEGATE: webViewDidBeginEditing:WebViewDidBeginEditingNotification
EDITING DELEGATE: webViewDidChangeSelection:WebViewDidChangeSelectionNotification
EDITING DELEGATE: webViewDidChangeSelection:WebViewDidChangeSelectionNotification
EDITING DELEGATE: webViewDidChangeSelection:WebViewDidChangeSelectionNotification
EDITING DELEGATE: webViewDidChangeSelection:WebViewDidChangeSelectionNotification
EDITING DELEGATE: shouldDeleteDOMRange:range from 1 of DIV > DIV > BODY > HTML > #document to 6 of #text > DIV > DIV > BODY > HTML > #document
EDITING DELEGATE: shouldChangeSelectedDOMRange:range from 0 of DIV > DIV > BODY > HTML > #document to 0 of DIV > DIV > BODY > HTML > #document toDOMRange:range from 0 of DIV > DIV > BODY > HTML > #document to 0 of DIV > DIV > BODY > HTML > #document affinity:NSSelectionAffinityDownstream stillSelecting:FALSE
EDITING DELEGATE: webViewDidChangeSelection:WebViewDidChangeSelectionNotification
EDITING DELEGATE: webViewDidChange:WebViewDidChangeNotification
EDITING DELEGATE: shouldInsertNode:#document-fragment replacingDOMRange:range from 0 of DIV > DIV > BODY > HTML > #document to 0 of DIV > DIV > BODY > HTML > #document givenAction:WebViewInsertActionPasted
EDITING DELEGATE: shouldChangeSelectedDOMRange:range from 5 of #text > DIV > DIV > BODY > HTML > #document to 5 of #text > DIV > DIV > BODY > HTML > #document toDOMRange:range from 5 of #text > DIV > DIV > BODY > HTML > #document to 5 of #text > DIV > DIV > BODY > HTML > #document affinity:NSSelectionAffinityDownstream stillSelecting:FALSE
EDITING DELEGATE: webViewDidChangeSelection:WebViewDidChangeSelectionNotification
EDITING DELEGATE: webViewDidChange:WebViewDidChangeNotification
layer at (0,0) size 800x600
  RenderView at (0,0) size 800x600
layer at (0,0) size 800x600
  RenderBlock {HTML} at (0,0) size 800x600
    RenderBody {BODY} at (8,8) size 784x584
      RenderBlock {DIV} at (0,0) size 784x233 [border: (2px solid #0000FF)]
        RenderBlock {DIV} at (14,14) size 756x81
          RenderText {#text} at (0,0) size 68x26
            text run at (0,0) width 68: "Tests: "
          RenderBR {BR} at (0,0) size 0x0
          RenderText {#text} at (0,27) size 113x26
            text run at (0,27) width 113: "Bug fix for "
          RenderInline {A} at (0,0) size 258x26 [color=#0000EE]
            RenderText {#text} at (112,27) size 258x26
              text run at (112,27) width 258: "<rdar://problem/4035648>"
          RenderText {#text} at (369,27) size 711x53
            text run at (369,27) width 342: " REGRESSION (Mail): line feed in"
            text run at (0,54) width 483: "source HTML file causes bad copy/paste behavior"
        RenderBlock {DIV} at (14,111) size 756x108
          RenderText {#text} at (0,0) size 190x26
            text run at (0,0) width 190: "Expected Results: "
          RenderBR {BR} at (189,21) size 1x0
          RenderText {#text} at (0,27) size 514x26
            text run at (0,27) width 514: "Should see the text self-documenting itself correctly: "
          RenderBR {BR} at (513,48) size 1x0
          RenderInline {B} at (0,0) size 46x26
            RenderText {#text} at (0,54) size 46x26
              text run at (0,54) width 46: "bold"
            RenderBR {BR} at (45,75) size 1x0
          RenderText {#text} at (0,81) size 48x26
            text run at (0,81) width 48: "plain"
      RenderBlock {DIV} at (0,257) size 784x85
        RenderBlock {DIV} at (0,0) size 784x85 [border: (2px solid #FF0000)]
          RenderBR {BR} at (2,2) size 0x26
          RenderInline {B} at (0,0) size 46x26
            RenderText {#text} at (2,29) size 46x26
              text run at (2,29) width 46: "bold"
            RenderBR {BR} at (47,50) size 1x0
          RenderText {#text} at (2,56) size 48x26
            text run at (2,56) width 48: "plain"
caret: position 5 of child 2 {#text} of child 1 {DIV} of child 3 {DIV} of body
