layer at (0,0) size 800x600
  RenderView at (0,0) size 800x600
layer at (0,0) size 800x239
  RenderBlock {HTML} at (0,0) size 800x239
    RenderBody {BODY} at (8,16) size 784x207 [color=#FF0000]
      RenderBlock {P} at (0,0) size 784x22 [color=#008000]
        RenderText {#text} at (0,0) size 206x22
          text run at (0,0) width 206: "This sentence should be green."
      RenderBlock {DIV} at (0,38) size 784x22 [color=#008000]
        RenderBlock {P} at (0,0) size 784x22
          RenderText {#text} at (0,0) size 206x22
            text run at (0,0) width 206: "This sentence should be green."
      RenderBlock {P} at (0,76) size 784x22 [color=#008000]
        RenderText {#text} at (0,0) size 206x22
          text run at (0,0) width 206: "This sentence should be green."
      RenderBlock {P} at (0,114) size 784x22 [color=#008000]
        RenderText {#text} at (0,0) size 206x22
          text run at (0,0) width 206: "This sentence should be green."
      RenderBlock {DIV} at (0,152) size 784x17 [color=#008000]
        RenderBlock {PRE} at (0,0) size 784x17
          RenderText {#text} at (0,0) size 201x17
            text run at (0,0) width 201: "This sentence should be green."
      RenderBlock {DIV} at (0,185) size 784x22 [color=#008000]
        RenderBlock {UL} at (0,0) size 784x22
          RenderListItem {LI} at (40,0) size 744x22
            RenderListMarker at (-18,0) size 7x22: bullet
            RenderText {#text} at (0,0) size 206x22
              text run at (0,0) width 206: "This sentence should be green."
