layer at (0,0) size 800x600
  RenderView at (0,0) size 800x600
layer at (0,0) size 800x167
  RenderBlock {HTML} at (0,0) size 800x167
    RenderBody {BODY} at (8,16) size 784x133
      RenderBlock {P} at (0,0) size 784x22 [color=#000080]
        RenderText {#text} at (0,0) size 413x22
          text run at (0,0) width 413: "The word \"fail\" should not appear below, just a green block."
      RenderBlock {DIV} at (16,38) size 240x95 [color=#FFFFFF] [bgcolor=#FFFFFF]
        RenderImage {IMG} at (0,0) size 1x1
        RenderImage {IMG} at (0,1) size 240x112
        RenderInline {SPAN} at (0,0) size 177x95
          RenderText {#text} at (1,0) size 177x95
            text run at (1,0) width 177: "FAIL"
        RenderText {#text} at (0,0) size 0x0
