layer at (0,0) size 800x600
  RenderView at (0,0) size 800x600
layer at (0,0) size 800x324
  RenderBlock {HTML} at (0,0) size 800x324
    RenderBody {BODY} at (8,18) size 784x288 [color=#000080]
      RenderBlock {P} at (0,0) size 784x288
        RenderText {#text} at (0,5) size 752x61
          text run at (0,5) width 752: "This text should be 18px monospace, in small-caps, italicized, and very bold, with double"
          text run at (0,41) width 110: "line spacing. "
        RenderInline {SPAN} at (0,0) size 761x241 [color=#C0C0C0]
          RenderText {#text} at (110,41) size 761x241
            text run at (110,41) width 557: "dummy text dummy text dummy text dummy text dummy text dummy "
            text run at (667,41) width 94: "text dummy"
            text run at (0,77) width 500: "text dummy text dummy text dummy text dummy text dummy "
            text run at (500,77) width 237: "text dummy text dummy text"
            text run at (0,113) width 357: "dummy text dummy text dummy text dummy "
            text run at (357,113) width 394: "text dummy text dummy text dummy text dummy"
            text run at (0,149) width 200: "text dummy text dummy "
            text run at (200,149) width 537: "text dummy text dummy text dummy text dummy text dummy text"
            text run at (0,185) width 57: "dummy "
            text run at (57,185) width 600: "text dummy text dummy text dummy text dummy text dummy text dummy "
            text run at (657,185) width 94: "text dummy"
            text run at (0,221) width 500: "text dummy text dummy text dummy text dummy text dummy "
            text run at (500,221) width 237: "text dummy text dummy text"
            text run at (0,257) width 294: "dummy text dummy text dummy text"
        RenderText {#text} at (0,0) size 0x0
