layer at (0,0) size 800x600
  RenderView at (0,0) size 800x600
layer at (0,0) size 800x600
  RenderBlock {HTML} at (0,0) size 800x600
    RenderBody {BODY} at (8,8) size 784x576
      RenderBlock {CENTER} at (0,0) size 784x142
        RenderTable {TABLE} at (339,0) size 106x82 [border: none]
          RenderTableSection {THEAD} at (0,0) size 105x21
            RenderTableRow {TR} at (0,0) size 105x21
              RenderTableCell {TD} at (0,0) size 36x21 [border: (1px none #808080) none none (1px solid #808080)] [r=0 c=0 rs=1 cs=1]
                RenderText {#text} at (2,2) size 29x18
                  text run at (2,2) width 29: "EST"
              RenderTableCell {TD} at (36,0) size 30x21 [border: (1px none #808080) none none (1px solid #808080)] [r=0 c=1 rs=1 cs=1]
                RenderText {#text} at (2,2) size 27x18
                  text run at (2,2) width 27: "1am"
              RenderTableCell {TD} at (66,0) size 39x21 [border: (1px none #808080) none none (1px solid #808080)] [r=0 c=2 rs=1 cs=1]
                RenderText {#text} at (2,2) size 28x18
                  text run at (2,2) width 28: "8pm"
          RenderTableSection {TBODY} at (0,21) size 105x40
            RenderTableRow {TR} at (0,0) size 105x20
              RenderTableCell {TD} at (0,0) size 36x20 [border: none none none (1px solid #808080)] [r=0 c=0 rs=1 cs=1]
                RenderText {#text} at (2,1) size 30x18
                  text run at (2,1) width 30: "CST"
              RenderTableCell {TD} at (36,0) size 30x20 [border: none none none (1px solid #808080)] [r=0 c=1 rs=1 cs=1]
                RenderText {#text} at (2,1) size 27x18
                  text run at (2,1) width 27: "2am"
              RenderTableCell {TD} at (66,0) size 39x20 [border: none none none (1px solid #808080)] [r=0 c=2 rs=1 cs=1]
                RenderText {#text} at (2,1) size 28x18
                  text run at (2,1) width 28: "9pm"
            RenderTableRow {TR} at (0,20) size 105x20
              RenderTableCell {TD} at (0,20) size 36x20 [border: none none none (1px solid #808080)] [r=1 c=0 rs=1 cs=1]
                RenderText {#text} at (2,1) size 33x18
                  text run at (2,1) width 33: "MST"
              RenderTableCell {TD} at (36,20) size 30x20 [border: none none none (1px solid #808080)] [r=1 c=1 rs=1 cs=1]
                RenderText {#text} at (2,1) size 27x18
                  text run at (2,1) width 27: "3am"
              RenderTableCell {TD} at (66,20) size 39x20 [border: none none none (1px solid #808080)] [r=1 c=2 rs=1 cs=1]
                RenderText {#text} at (2,1) size 36x18
                  text run at (2,1) width 36: "10pm"
          RenderTableSection {TFOOT} at (0,61) size 105x20
            RenderTableRow {TR} at (0,0) size 105x20
              RenderTableCell {TD} at (0,0) size 36x20 [border: none none none (1px solid #808080)] [r=0 c=0 rs=1 cs=1]
                RenderText {#text} at (2,1) size 28x18
                  text run at (2,1) width 28: "PST"
              RenderTableCell {TD} at (36,0) size 30x20 [border: none none none (1px solid #808080)] [r=0 c=1 rs=1 cs=1]
                RenderText {#text} at (2,1) size 27x18
                  text run at (2,1) width 27: "4am"
              RenderTableCell {TD} at (66,0) size 39x20 [border: none none none (1px solid #808080)] [r=0 c=2 rs=1 cs=1]
                RenderText {#text} at (2,1) size 36x18
                  text run at (2,1) width 36: "11pm"
        RenderBlock {P} at (0,98) size 784x44
          RenderButton {BUTTON} at (264,2) size 76x18 [bgcolor=#C0C0C0] [border: none (2px outset #C0C0C0) none (2px outset #C0C0C0)]
            RenderBlock (anonymous) at (8,2) size 60x13
              RenderText {#text} at (0,0) size 60x13
                text run at (0,0) width 19: "No "
                text run at (18,0) width 42: "borders"
          RenderButton {BUTTON} at (343,2) size 99x18 [bgcolor=#C0C0C0] [border: none (2px outset #C0C0C0) none (2px outset #C0C0C0)]
            RenderBlock (anonymous) at (8,2) size 82x13
              RenderText {#text} at (0,0) size 82x13
                text run at (0,0) width 46: "Exterior "
                text run at (45,0) width 37: "border"
          RenderButton {BUTTON} at (445,2) size 75x18 [bgcolor=#C0C0C0] [border: none (2px outset #C0C0C0) none (2px outset #C0C0C0)]
            RenderBlock (anonymous) at (8,2) size 59x13
              RenderText {#text} at (0,0) size 59x13
                text run at (0,0) width 18: "All "
                text run at (17,0) width 42: "borders"
          RenderBR {BR} at (521,15) size 1x0
          RenderButton {BUTTON} at (230,24) size 103x18 [bgcolor=#C0C0C0] [border: none (2px outset #C0C0C0) none (2px outset #C0C0C0)]
            RenderBlock (anonymous) at (8,2) size 87x13
              RenderText {#text} at (0,0) size 87x13
                text run at (0,0) width 45: "Column "
                text run at (44,0) width 43: "borders"
          RenderButton {BUTTON} at (336,24) size 101x18 [bgcolor=#C0C0C0] [border: none (2px outset #C0C0C0) none (2px outset #C0C0C0)]
            RenderBlock (anonymous) at (8,2) size 84x13
              RenderText {#text} at (0,0) size 84x13
                text run at (0,0) width 43: "Groups "
                text run at (42,0) width 42: "borders"
          RenderButton {BUTTON} at (440,24) size 114x18 [bgcolor=#C0C0C0] [border: none (2px outset #C0C0C0) none (2px outset #C0C0C0)]
            RenderBlock (anonymous) at (8,2) size 98x13
              RenderText {#text} at (0,0) size 98x13
                text run at (0,0) width 33: "Table "
                text run at (32,0) width 66: "row borders"
          RenderText {#text} at (0,0) size 0x0
