layer at (0,0) size 784x714
  RenderView at (0,0) size 784x600
layer at (0,0) size 784x714
  RenderBlock {HTML} at (0,0) size 784x714
    RenderBody {BODY} at (8,16) size 768x682
      RenderBlock {P} at (0,0) size 768x63
        RenderText {#text} at (0,0) size 764x63
          text run at (0,0) width 514: "Following table should have 6px solid blue border around cell 3, red 5px "
          text run at (514,0) width 250: "solid border around the rest of table"
          text run at (0,21) width 301: "and green 4px solid border between cell 1 "
          text run at (301,21) width 417: "and cell 2. The red border should override the green border"
          text run at (0,42) width 117: "around the cells "
          text run at (117,42) width 546: "because it's thicker and the blue border should override the red border for the "
          text run at (663,42) width 96: "same reason."
      RenderTable {TABLE} at (0,79) size 180x35 [border: (3px solid #FF0000)]
        RenderTableSection {TBODY} at (2,3) size 175x29
          RenderTableRow {TR} at (0,0) size 175x29
            RenderTableCell {TD} at (0,0) size 58x28 [border: (3px solid #008000)] [r=0 c=0 rs=1 cs=1]
              RenderText {#text} at (4,4) size 51x21
                text run at (4,4) width 51: "Cell #1"
            RenderTableCell {TD} at (58,0) size 58x28 [border: (3px solid #008000)] [r=0 c=1 rs=1 cs=1]
              RenderText {#text} at (3,4) size 51x21
                text run at (3,4) width 51: "Cell #2"
            RenderTableCell {TD} at (116,0) size 59x29 [border: (3px solid #0000FF)] [r=0 c=2 rs=1 cs=1]
              RenderText {#text} at (4,4) size 51x21
                text run at (4,4) width 51: "Cell #3"
      RenderBlock {P} at (0,130) size 768x21
        RenderText {#text} at (0,0) size 33x21
          text run at (0,0) width 33: "See "
        RenderInline {A} at (0,0) size 251x21 [color=#0000EE]
          RenderText {#text} at (33,0) size 251x21
            text run at (33,0) width 80: "17.6.2 The "
            text run at (113,0) width 171: "collapsing border model"
        RenderText {#text} at (284,0) size 131x21
          text run at (284,0) width 131: " for following tests:"
      RenderTable {TABLE} at (0,167) size 164x287 [border: (2px solid #FFFF00)]
        RenderTableCol {COLGROUP} at (0,0) size 0x0
          RenderTableCol {COL} at (0,0) size 0x0 [border: (3px solid #000000)]
          RenderTableCol {COL} at (0,0) size 0x0
          RenderTableCol {COL} at (0,0) size 0x0
        RenderTableSection {TBODY} at (2,2) size 159x282
          RenderTableRow {TR} at (0,0) size 159x58
            RenderTableCell {TD} at (0,1) size 54x56 [border: (3px solid #FF0000)] [r=0 c=0 rs=1 cs=1]
              RenderText {#text} at (19,19) size 9x21
                text run at (19,19) width 9: "1"
            RenderTableCell {TD} at (54,0) size 52x58 [border: (3px solid #FF0000)] [r=0 c=1 rs=1 cs=1]
              RenderText {#text} at (18,19) size 9x21
                text run at (18,19) width 9: "2"
            RenderTableCell {TD} at (106,0) size 53x58 [border: (3px solid #FF0000)] [r=0 c=2 rs=1 cs=1]
              RenderText {#text} at (17,19) size 9x21
                text run at (17,19) width 9: "3"
          RenderTableRow {TR} at (0,58) size 159x58
            RenderTableCell {TD} at (0,60) size 54x54 [border: (1px solid #FF0000)] [r=1 c=0 rs=1 cs=1]
              RenderText {#text} at (19,17) size 9x21
                text run at (19,17) width 9: "4"
            RenderTableCell {TD} at (54,58) size 52x58 [border: (3px dashed #0000FF)] [r=1 c=1 rs=1 cs=1]
              RenderText {#text} at (19,19) size 9x21
                text run at (19,19) width 9: "5"
            RenderTableCell {TD} at (106,58) size 53x58 [border: (3px solid #008000)] [r=1 c=2 rs=1 cs=1]
              RenderText {#text} at (19,19) size 9x21
                text run at (19,19) width 9: "6"
          RenderTableRow {TR} at (0,116) size 159x56
            RenderTableCell {TD} at (0,117) size 54x54 [border: (1px solid #FF0000)] [r=2 c=0 rs=1 cs=1]
              RenderText {#text} at (19,17) size 9x21
                text run at (19,17) width 9: "7"
            RenderTableCell {TD} at (54,116) size 52x56 [border: (3px solid #FF0000)] [r=2 c=1 rs=1 cs=1]
              RenderText {#text} at (18,19) size 9x21
                text run at (18,19) width 9: "8"
            RenderTableCell {TD} at (106,116) size 53x56 [border: (3px solid #FF0000)] [r=2 c=2 rs=1 cs=1]
              RenderText {#text} at (17,19) size 9x21
                text run at (17,19) width 9: "9"
          RenderTableRow {TR} at (0,172) size 159x54
            RenderTableCell {TD} at (0,172) size 54x54 [border: (1px solid #FF0000)] [r=3 c=0 rs=1 cs=1]
              RenderText {#text} at (19,17) size 18x21
                text run at (19,17) width 18: "10"
            RenderTableCell {TD} at (54,172) size 52x54 [border: (1px solid #FF0000)] [r=3 c=1 rs=1 cs=1]
              RenderText {#text} at (18,17) size 18x21
                text run at (18,17) width 18: "11"
            RenderTableCell {TD} at (106,172) size 53x54 [border: (1px solid #FF0000)] [r=3 c=2 rs=1 cs=1]
              RenderText {#text} at (17,17) size 18x21
                text run at (17,17) width 18: "12"
          RenderTableRow {TR} at (0,226) size 159x56
            RenderTableCell {TD} at (0,226) size 54x56 [border: (1px solid #FF0000)] [r=4 c=0 rs=1 cs=1]
              RenderText {#text} at (19,17) size 18x21
                text run at (19,17) width 18: "13"
            RenderTableCell {TD} at (54,226) size 52x56 [border: (1px solid #FF0000)] [r=4 c=1 rs=1 cs=1]
              RenderText {#text} at (18,17) size 18x21
                text run at (18,17) width 18: "14"
            RenderTableCell {TD} at (106,226) size 53x56 [border: (1px solid #FF0000)] [r=4 c=2 rs=1 cs=1]
              RenderText {#text} at (17,17) size 18x21
                text run at (17,17) width 18: "15"
      RenderBlock {P} at (0,470) size 768x63
        RenderText {#text} at (0,0) size 397x21
          text run at (0,0) width 397: "This is an example rendering for the previous table from "
        RenderInline {A} at (0,0) size 718x42 [color=#0000EE]
          RenderText {#text} at (397,0) size 718x42
            text run at (397,0) width 321: "http://www.w3.org/TR/REC-CSS2/images/tbl-"
            text run at (0,21) width 122: "border-conflict.gif"
        RenderText {#text} at (122,21) size 8x21
          text run at (122,21) width 8: ": "
        RenderBR {BR} at (0,0) size 0x0
        RenderImage {IMG} at (0,42) size 230x21
        RenderText {#text} at (0,0) size 0x0
      RenderBlock {P} at (0,549) size 768x42
        RenderText {#text} at (0,0) size 748x42
          text run at (0,0) width 549: "Following table should have 2px solid black line between rows. There should "
          text run at (549,0) width 199: "be a total of two lines. There"
          text run at (0,21) width 331: "will be three lines if user agent doesn't support "
        RenderInline {CODE} at (0,0) size 65x17
          RenderText {#text} at (331,24) size 65x17
            text run at (331,24) width 65: "tr:first-child"
        RenderText {#text} at (396,21) size 4x21
          text run at (396,21) width 4: "."
      RenderTable {TABLE} at (0,607) size 150x75 [border: (1px none #808080)]
        RenderTableSection {TBODY} at (0,1) size 150x74
          RenderTableRow {TR} at (0,0) size 150x25 [border: (2px solid #000000) none]
            RenderTableCell {TD} at (0,0) size 50x25 [border: (1px none #000000)] [r=0 c=0 rs=1 cs=1]
              RenderText {#text} at (20,2) size 10x21
                text run at (20,2) width 10: "a"
            RenderTableCell {TD} at (50,0) size 50x25 [border: (1px none #000000)] [r=0 c=1 rs=1 cs=1]
              RenderText {#text} at (20,2) size 10x21
                text run at (20,2) width 10: "b"
            RenderTableCell {TD} at (100,0) size 50x25 [border: (1px none #000000)] [r=0 c=2 rs=1 cs=1]
              RenderText {#text} at (20,2) size 10x21
                text run at (20,2) width 10: "c"
          RenderTableRow {TR} at (0,25) size 150x25 [border: (2px solid #000000) none]
            RenderTableCell {TD} at (0,25) size 50x25 [border: (1px none #000000)] [r=1 c=0 rs=1 cs=1]
              RenderText {#text} at (20,2) size 10x21
                text run at (20,2) width 10: "3"
            RenderTableCell {TD} at (50,25) size 50x25 [border: (1px none #000000)] [r=1 c=1 rs=1 cs=1]
              RenderText {#text} at (20,2) size 10x21
                text run at (20,2) width 10: "4"
            RenderTableCell {TD} at (100,25) size 50x25 [border: (1px none #000000)] [r=1 c=2 rs=1 cs=1]
              RenderText {#text} at (20,2) size 10x21
                text run at (20,2) width 10: "5"
          RenderTableRow {TR} at (0,50) size 150x24 [border: (2px solid #000000) none]
            RenderTableCell {TD} at (0,50) size 50x24 [border: (1px none #000000)] [r=2 c=0 rs=1 cs=1]
              RenderText {#text} at (20,2) size 10x21
                text run at (20,2) width 10: "5"
            RenderTableCell {TD} at (50,50) size 50x24 [border: (1px none #000000)] [r=2 c=1 rs=1 cs=1]
              RenderText {#text} at (16,2) size 18x21
                text run at (16,2) width 18: "12"
            RenderTableCell {TD} at (100,50) size 50x24 [border: (1px none #000000)] [r=2 c=2 rs=1 cs=1]
              RenderText {#text} at (16,2) size 18x21
                text run at (16,2) width 18: "13"
