layer at (0,0) size 800x600
  RenderView at (0,0) size 800x600
layer at (0,0) size 800x600
  RenderBlock {HTML} at (0,0) size 800x600
    RenderBody {BODY} at (8,8) size 784x576
      RenderBlock {BLOCKQUOTE} at (40,0) size 704x142
        RenderBlock {CENTER} at (0,0) size 704x142
          RenderTable {TABLE} at (293,0) size 117x89 [border: (2px none #808080)]
            RenderTableSection {TBODY} at (2,2) size 112x84
              RenderTableRow {TR} at (0,0) size 112x28
                RenderTableCell {TD} at (0,0) size 40x28 [border: (3px groove #0000FF)] [r=0 c=0 rs=1 cs=1]
                  RenderText {#text} at (4,4) size 32x21
                    text run at (4,4) width 32: "EST"
                RenderTableCell {TD} at (40,0) size 72x28 [border: (3px groove #0000FF)] [r=0 c=1 rs=1 cs=1]
                  RenderText {#text} at (4,4) size 65x21
                    text run at (4,4) width 65: "9:00 a.m."
              RenderTableRow {TR} at (0,28) size 112x28
                RenderTableCell {TD} at (0,28) size 40x28 [border: (3px groove #0000FF)] [r=1 c=0 rs=1 cs=1]
                  RenderText {#text} at (4,4) size 33x21
                    text run at (4,4) width 33: "CST"
                RenderTableCell {TD} at (40,28) size 72x28 [border: (3px groove #0000FF)] [r=1 c=1 rs=1 cs=1]
                  RenderText {#text} at (4,4) size 65x21
                    text run at (4,4) width 65: "8:00 a.m."
              RenderTableRow {TR} at (0,56) size 112x28
                RenderTableCell {TD} at (0,56) size 40x28 [border: (3px groove #0000FF)] [r=2 c=0 rs=1 cs=1]
                  RenderText {#text} at (4,4) size 32x21
                    text run at (4,4) width 32: "PST"
                RenderTableCell {TD} at (40,56) size 72x28 [border: (3px groove #0000FF)] [r=2 c=1 rs=1 cs=1]
                  RenderText {#text} at (4,4) size 65x21
                    text run at (4,4) width 65: "6:00 a.m."
          RenderBlock {P} at (0,105) size 704x37
            RenderButton {INPUT} at (275,2) size 74x33 [bgcolor=#C0C0C0]
              RenderBlock (anonymous) at (6,6) size 62x21
                RenderText at (0,0) size 62x21
                  text run at (0,0) width 62: "separate"
            RenderText {#text} at (351,8) size 4x21
              text run at (351,8) width 4: " "
            RenderButton {INPUT} at (357,2) size 72x33 [bgcolor=#C0C0C0]
              RenderBlock (anonymous) at (6,6) size 60x21
                RenderText at (0,0) size 60x21
                  text run at (0,0) width 60: "collapse"
