** (DumpRenderTree:28569): DEBUG: NP_Initialize
** (DumpRenderTree:28569): DEBUG: NP_Initialize succeeded
** (DumpRenderTree:28569): DEBUG: totemPlugin [0x3c9c3c0]
** (DumpRenderTree:28569): DEBUG: 0x3c9c3c0: "Init mimetype 'video/quicktime' mode 1"
** (DumpRenderTree:28569): DEBUG: 0x3c9c3c0: "Document URI is 'file:///usr/local/google/projects/webkit3/LayoutTests/plugins/embed-attributes-style.html'"
** (DumpRenderTree:28569): DEBUG: 0x3c9c3c0: "Base URI is 'file:///usr/local/google/projects/webkit3/LayoutTests/plugins/embed-attributes-style.html'"
** (DumpRenderTree:28569): DEBUG: 0x3c9c3c0: "Real mimetype for 'video/quicktime' is 'video/quicktime'"
** (DumpRenderTree:28569): DEBUG: 0x3c9c3c0: "mSrcURI: "
** (DumpRenderTree:28569): DEBUG: 0x3c9c3c0: "mBaseURI: file:///usr/local/google/projects/webkit3/LayoutTests/plugins/embed-attributes-style.html"
** (DumpRenderTree:28569): DEBUG: 0x3c9c3c0: "mCache: 0"
** (DumpRenderTree:28569): DEBUG: 0x3c9c3c0: "mControllerHidden: 0"
** (DumpRenderTree:28569): DEBUG: 0x3c9c3c0: "mShowStatusbar: 0"
** (DumpRenderTree:28569): DEBUG: 0x3c9c3c0: "mHidden: 0"
** (DumpRenderTree:28569): DEBUG: 0x3c9c3c0: "mAudioOnly: 1"
** (DumpRenderTree:28569): DEBUG: 0x3c9c3c0: "mAutoPlay: 1, mRepeat: 0"
** (DumpRenderTree:28569): DEBUG: 0x3c9c3c0: "mHref: "
** (DumpRenderTree:28569): DEBUG: 0x3c9c3c0: "mTarget: "
** (DumpRenderTree:28569): DEBUG: 0x3c9c3c0: "Viewer spawned, PID 28586"
** (DumpRenderTree:28569): DEBUG: 0x3c9c3c0: "Initial window set, XID 4800021 size 50x100"
** (DumpRenderTree:28569): DEBUG: 0x3c9c3c0: "No viewer proxy yet, deferring SetWindow"
** (DumpRenderTree:28569): DEBUG: totemPlugin [0x3c0d3c0]
** (DumpRenderTree:28569): DEBUG: 0x3c0d3c0: "Init mimetype 'video/quicktime' mode 1"
** (DumpRenderTree:28569): DEBUG: 0x3c0d3c0: "Document URI is 'file:///usr/local/google/projects/webkit3/LayoutTests/plugins/embed-attributes-style.html'"
** (DumpRenderTree:28569): DEBUG: 0x3c0d3c0: "Base URI is 'file:///usr/local/google/projects/webkit3/LayoutTests/plugins/embed-attributes-style.html'"
** (DumpRenderTree:28569): DEBUG: 0x3c0d3c0: "Real mimetype for 'video/quicktime' is 'video/quicktime'"
** (DumpRenderTree:28569): DEBUG: 0x3c0d3c0: "mSrcURI: "
** (DumpRenderTree:28569): DEBUG: 0x3c0d3c0: "mBaseURI: file:///usr/local/google/projects/webkit3/LayoutTests/plugins/embed-attributes-style.html"
** (DumpRenderTree:28569): DEBUG: 0x3c0d3c0: "mCache: 0"
** (DumpRenderTree:28569): DEBUG: 0x3c0d3c0: "mControllerHidden: 0"
** (DumpRenderTree:28569): DEBUG: 0x3c0d3c0: "mShowStatusbar: 0"
** (DumpRenderTree:28569): DEBUG: 0x3c0d3c0: "mHidden: 1"
** (DumpRenderTree:28569): DEBUG: 0x3c0d3c0: "mAudioOnly: 1"
** (DumpRenderTree:28569): DEBUG: 0x3c0d3c0: "mAutoPlay: 1, mRepeat: 0"
** (DumpRenderTree:28569): DEBUG: 0x3c0d3c0: "mHref: "
** (DumpRenderTree:28569): DEBUG: 0x3c0d3c0: "mTarget: "
** (DumpRenderTree:28569): DEBUG: 0x3c0d3c0: "Viewer spawned, PID 28588"
** (DumpRenderTree:28569): DEBUG: 0x3c0d3c0: "SetWindow: hidden, can't set window"
** (DumpRenderTree:28569): DEBUG: totemPlugin [0x3c0d500]
** (DumpRenderTree:28569): DEBUG: 0x3c0d500: "Init mimetype 'video/quicktime' mode 1"
** (DumpRenderTree:28569): DEBUG: 0x3c0d500: "Document URI is 'file:///usr/local/google/projects/webkit3/LayoutTests/plugins/embed-attributes-style.html'"
** (DumpRenderTree:28569): DEBUG: 0x3c0d500: "Base URI is 'file:///usr/local/google/projects/webkit3/LayoutTests/plugins/embed-attributes-style.html'"
** (DumpRenderTree:28569): DEBUG: 0x3c0d500: "Real mimetype for 'video/quicktime' is 'video/quicktime'"
** (DumpRenderTree:28569): DEBUG: 0x3c0d500: "mSrcURI: "
** (DumpRenderTree:28569): DEBUG: 0x3c0d500: "mBaseURI: file:///usr/local/google/projects/webkit3/LayoutTests/plugins/embed-attributes-style.html"
** (DumpRenderTree:28569): DEBUG: 0x3c0d500: "mCache: 0"
** (DumpRenderTree:28569): DEBUG: 0x3c0d500: "mControllerHidden: 0"
** (DumpRenderTree:28569): DEBUG: 0x3c0d500: "mShowStatusbar: 0"
** (DumpRenderTree:28569): DEBUG: 0x3c0d500: "mHidden: 0"
** (DumpRenderTree:28569): DEBUG: 0x3c0d500: "mAudioOnly: 1"
** (DumpRenderTree:28569): DEBUG: 0x3c0d500: "mAutoPlay: 1, mRepeat: 0"
** (DumpRenderTree:28569): DEBUG: 0x3c0d500: "mHref: "
** (DumpRenderTree:28569): DEBUG: 0x3c0d500: "mTarget: "
** (DumpRenderTree:28569): DEBUG: 0x3c0d500: "Viewer spawned, PID 28590"
** (DumpRenderTree:28569): DEBUG: 0x3c0d500: "Initial window set, XID 4800029 size 50x100"
** (DumpRenderTree:28569): DEBUG: 0x3c0d500: "No viewer proxy yet, deferring SetWindow"
argv[0] type video/quicktime
argv[1] valign top
argv[0] hidden yes
argv[1] style border: 1px dashed black
argv[2] type video/quicktime
argv[0] type video/quicktime
argv[1] border 5px solid black
layer at (0,0) size 800x600
  RenderView at (0,0) size 800x600
layer at (0,0) size 800x600
  RenderBlock {HTML} at (0,0) size 800x600
    RenderBody {BODY} at (8,8) size 784x584
      RenderBlock {P} at (0,0) size 784x40
        RenderText {#text} at (0,0) size 769x39
          text run at (0,0) width 378: "This page tests using attributes to set style on embed elements. "
          text run at (378,0) width 391: "Previous versions of WebKit supported valign and border, which"
          text run at (0,20) width 431: "didn't match IE and FF. The only special support should be for 'hidden.'"
      RenderBlock {HR} at (0,56) size 784x2 [border: (1px inset #000000)]
      RenderBlock {DIV} at (0,66) size 784x0
      RenderBlock {DIV} at (0,66) size 784x105
        RenderText {#text} at (50,85) size 115x19
          text run at (50,85) width 4: " "
          text run at (54,85) width 111: "valign top attribute"
      RenderBlock {DIV} at (0,171) size 784x105
        RenderText {#text} at (50,85) size 125x19
          text run at (50,85) width 4: " "
          text run at (54,85) width 121: "border 5px attribute"
      RenderBlock {DIV} at (0,276) size 784x107
        RenderText {#text} at (52,87) size 97x19
          text run at (52,87) width 4: " "
          text run at (56,87) width 93: "hidden attribute"
layer at (8,74) size 50x100
  RenderEmbeddedObject {EMBED} at (0,0) size 50x100
layer at (8,179) size 50x100
  RenderEmbeddedObject {EMBED} at (0,0) size 50x100
layer at (8,284) size 52x102
  RenderEmbeddedObject {EMBED} at (0,0) size 52x102 [border: (1px dashed #000000)]
