layer at (0,0) size 1750x584
  RenderView at (0,0) size 800x584
layer at (0,0) size 800x584
  RenderBlock {HTML} at (0,0) size 800x584
    RenderBody {BODY} at (8,8) size 784x568
layer at (-950,8) size 1742x210 backgroundClip at (0,0) size 1750x584 clip at (0,0) size 1750x584 outlineClip at (0,0) size 1750x584
  RenderBlock (positioned) {DIV} at (8,8) size 1742x210
    RenderBlock {P} at (72,0) size 95x210
      RenderInline {A} at (0,0) size 95x174 [color=#0000EE]
        RenderText {#text} at (0,0) size 95x174
          text run at (0,0) width 174: "link 1"
    RenderBlock {P} at (239,0) size 95x210
      RenderInline {A} at (0,0) size 95x174 [color=#0000EE]
        RenderText {#text} at (0,0) size 95x174
          text run at (0,0) width 174: "link 2"
    RenderBlock {P} at (406,0) size 95x210
      RenderInline {A} at (0,0) size 95x174 [color=#0000EE]
        RenderText {#text} at (0,0) size 95x174
          text run at (0,0) width 174: "link 3"
    RenderBlock {P} at (573,0) size 95x210
      RenderInline {A} at (0,0) size 95x174 [color=#0000EE]
        RenderText {#text} at (0,0) size 95x174
          text run at (0,0) width 174: "link 4"
    RenderBlock {P} at (740,0) size 95x210
      RenderInline {A} at (0,0) size 95x174 [color=#0000EE]
        RenderText {#text} at (0,0) size 95x174
          text run at (0,0) width 174: "link 5"
    RenderBlock {P} at (907,0) size 95x210
      RenderInline {A} at (0,0) size 95x174 [color=#0000EE]
        RenderText {#text} at (0,0) size 95x174
          text run at (0,0) width 174: "link 6"
    RenderBlock {P} at (1074,0) size 95x210
      RenderInline {A} at (0,0) size 95x174 [color=#0000EE]
        RenderText {#text} at (0,0) size 95x174
          text run at (0,0) width 174: "link 7"
    RenderBlock {P} at (1241,0) size 95x210
      RenderInline {A} at (0,0) size 95x174 [color=#0000EE]
        RenderText {#text} at (0,0) size 95x174
          text run at (0,0) width 174: "link 8"
    RenderBlock {P} at (1408,0) size 95x210
      RenderInline {A} at (0,0) size 95x174 [color=#0000EE]
        RenderText {#text} at (0,0) size 95x174
          text run at (0,0) width 174: "link 9"
    RenderBlock {P} at (1575,0) size 95x210
      RenderInline {A} at (0,0) size 95x210 [color=#0000EE]
        RenderText {#text} at (0,0) size 95x210
          text run at (0,0) width 210: "link 10"
