layer at (0,0) size 800x600
  RenderView at (0,0) size 800x600
layer at (0,0) size 800x104
  RenderBlock {html} at (0,0) size 800x104
    RenderInline {body} at (0,0) size 228x17
      RenderText {#text} at (0,0) size 0x0
      RenderInline {h1} at (0,0) size 56x17
        RenderText {#text} at (0,86) size 56x17
          text run at (0,86) width 56: "Test 123"
      RenderText {#text} at (55,86) size 5x17
        text run at (55,86) width 5: " "
      RenderSVGRoot {svg} at (60,0) size 100x100
        RenderSVGText {text} at (0,-15) size 196x18 contains 1 chunk(s)
          RenderSVGInlineText {#text} at (0,0) size 196x18
            chunk 1 text run 1 at (0.00,0.00) startOffset 0 endOffset 29 width 195.05: "You should see an error above"
        RenderSVGPath {rect} at (60,0) size 100x100 [fill={[type=SOLID] [color=#008000]}] [x=0.00] [y=0.00] [width=100.00] [height=100.00]
      RenderText {#text} at (159,86) size 5x17
        text run at (159,86) width 5: " "
      RenderInline {h1} at (0,0) size 65x17
        RenderText {#text} at (163,86) size 65x17
          text run at (163,86) width 65: "Test ABC"
      RenderText {#text} at (0,0) size 0x0
    RenderText {#text} at (0,0) size 0x0
