layer at (0,0) size 800x600
  RenderView at (0,0) size 800x600
layer at (0,0) size 600x400
  RenderSVGRoot {svg} at (0,0) size 600x400
    RenderSVGForeignObject {foreignObject} at (0,0) size 600x400
      RenderBlock {html} at (0,0) size 600x216
        RenderBlock {div} at (0,0) size 600x216
          RenderBlock (anonymous) at (0,0) size 600x18
            RenderText {#text} at (0,0) size 572x17
              text run at (0,0) width 572: "This tests to make sure that baseVal and animVal are tied when animation is not enabled:"
          RenderBlock {div} at (0,18) size 600x18
            RenderText {#text} at (0,0) size 154x17
              text run at (0,0) width 154: "svg.x.baseVal.value = 0"
          RenderBlock {div} at (0,36) size 600x18
            RenderText {#text} at (0,0) size 157x17
              text run at (0,0) width 157: "svg.x.animVal.value = 0"
          RenderBlock {div} at (0,54) size 600x18
            RenderText {#text} at (0,0) size 209x17
              text run at (0,0) width 209: "setting svg.x.baseVal.value = 10"
          RenderBlock {div} at (0,72) size 600x18
            RenderText {#text} at (0,0) size 162x17
              text run at (0,0) width 162: "svg.x.baseVal.value = 10"
          RenderBlock {div} at (0,90) size 600x18
            RenderText {#text} at (0,0) size 165x17
              text run at (0,0) width 165: "svg.x.animVal.value = 10"
          RenderBlock {div} at (0,108) size 600x18
            RenderText {#text} at (0,0) size 122x17
              text run at (0,0) width 122: "SUCCESS (1 of 2)"
          RenderBlock {div} at (0,126) size 600x18
            RenderText {#text} at (0,0) size 204x17
              text run at (0,0) width 204: "setting svg.x.animVal.value = 5"
          RenderBlock {div} at (0,144) size 600x18
            RenderText {#text} at (0,0) size 519x17
              text run at (0,0) width 519: "caught exception: NO_MODIFICATION_ALLOWED_ERR: DOM Exception 7"
          RenderBlock {div} at (0,162) size 600x18
            RenderText {#text} at (0,0) size 162x17
              text run at (0,0) width 162: "svg.x.baseVal.value = 10"
          RenderBlock {div} at (0,180) size 600x18
            RenderText {#text} at (0,0) size 165x17
              text run at (0,0) width 165: "svg.x.animVal.value = 10"
          RenderBlock {div} at (0,198) size 600x18
            RenderText {#text} at (0,0) size 122x17
              text run at (0,0) width 122: "SUCCESS (2 of 2)"
