layer at (0,0) size 800x600
  RenderView at (0,0) size 800x600
layer at (0,0) size 800x480
  RenderBlock {html} at (0,0) size 800x480
    RenderBody {body} at (8,16) size 784x456
      RenderBlock {p} at (0,0) size 784x38
        RenderText {#text} at (0,0) size 772x38
          text run at (0,0) width 772: "The svg area contained in the div element (red box), should fill out the whole area (blue rectangle), especially after resizing"
          text run at (0,19) width 209: "the content box to a different size"
      RenderBlock {div} at (0,54) size 402x402 [border: (1px solid #FF0000)]
        RenderSVGRoot {svg} at (9,71) size 400x400
          RenderSVGPath {rect} at (9,71) size 400x400 [fill={[type=SOLID] [color=#0000FF]}] [x=0.00] [y=0.00] [width=400.00] [height=400.00]
        RenderText {#text} at (0,0) size 0x0
