layer at (0,0) size 800x600
  RenderView at (0,0) size 800x600
layer at (0,0) size 800x517
  RenderBlock {HTML} at (0,0) size 800x517 [bgcolor=#FFFFFF]
layer at (173,32) size 453x453
  RenderBody {BODY} at (173,32) size 453x453 [color=#FFFFFF] [bgcolor=#DD6600]
    RenderBlock {DIV} at (0,0) size 453x0
      RenderBlock {DIV} at (0,0) size 453x0
        RenderBlock {DIV} at (0,0) size 453x0
    RenderBlock {DIV} at (0,0) size 453x0
      RenderInline {SPAN} at (0,0) size 0x0
    RenderBlock {DIV} at (0,0) size 453x0
      RenderInline {SPAN} at (0,0) size 0x0
    RenderBlock {DIV} at (0,0) size 453x0
      RenderInline {SPAN} at (0,0) size 0x0
    RenderBlock {DIV} at (0,0) size 453x0
      RenderInline {SPAN} at (0,0) size 0x0
    RenderBlock {DIV} at (0,0) size 453x0
      RenderInline {SPAN} at (0,0) size 0x0
    RenderBlock {DIV} at (0,0) size 453x0
      RenderInline {SPAN} at (0,0) size 0x0
layer at (173,47) size 453x188
  RenderBlock (positioned) {H1} at (0,15) size 453x188 [color=#DD9955]
    RenderInline {SPAN} at (0,0) size 331x181
      RenderText {#text} at (83,3) size 331x181
        text run at (83,3) width 287: "CSS ZEN"
        text run at (61,97) width 331: "GARDEN"
layer at (173,118) size 453x21
  RenderBlock (positioned) {H2} at (0,86) size 453x21 [color=#EEFF00]
    RenderInline {SPAN} at (0,0) size 149x19
      RenderText {#text} at (152,1) size 88x19
        text run at (152,1) width 88: "The Beauty of "
      RenderInline {ACRONYM} at (0,0) size 22x19
        RenderText {#text} at (239,1) size 22x19
          text run at (239,1) width 22: "CSS"
      RenderText {#text} at (260,1) size 41x19
        text run at (260,1) width 41: " Design"
layer at (173,379) size 453x106
  RenderBlock (positioned) {DIV} at (0,347) size 453x106
    RenderInline {P} at (0,0) size 431x28
      RenderInline {SPAN} at (0,0) size 431x28
        RenderText {#text} at (11,0) size 431x28
          text run at (11,0) width 431: "Littering a dark and dreary road lay the past relics of browser-specific tags,"
          text run at (11,14) width 71: "incompatible "
        RenderInline {ACRONYM} at (0,0) size 30x14
          RenderText {#text} at (81,14) size 30x14
            text run at (81,14) width 30: "DOM"
        RenderText {#text} at (110,14) size 78x14
          text run at (110,14) width 78: "s, and broken "
        RenderInline {ACRONYM} at (0,0) size 23x14
          RenderText {#text} at (187,14) size 23x14
            text run at (187,14) width 23: "CSS"
        RenderText {#text} at (209,14) size 48x14
          text run at (209,14) width 48: " support."
    RenderText {#text} at (256,14) size 5x14
      text run at (256,14) width 5: " "
    RenderInline {P} at (0,0) size 431x42
      RenderInline {SPAN} at (0,0) size 431x42
        RenderText {#text} at (260,14) size 431x42
          text run at (260,14) width 182: "Today, we must clear the mind of"
          text run at (11,28) width 431: "past practices. Web enlightenment has been achieved thanks to the tireless efforts of"
          text run at (11,42) width 70: "folk like the "
        RenderInline {ACRONYM} at (0,0) size 28x14
          RenderText {#text} at (80,42) size 28x14
            text run at (80,42) width 28: "W3C"
        RenderText {#text} at (107,42) size 9x14
          text run at (107,42) width 9: ", "
        RenderInline {ACRONYM} at (0,0) size 33x14
          RenderText {#text} at (115,42) size 33x14
            text run at (115,42) width 33: "WaSP"
        RenderText {#text} at (147,42) size 180x14
          text run at (147,42) width 180: " and the major browser creators."
    RenderText {#text} at (326,42) size 6x14
      text run at (326,42) width 6: " "
    RenderInline {P} at (0,0) size 431x56
      RenderInline {SPAN} at (0,0) size 431x56
        RenderText {#text} at (331,42) size 431x56
          text run at (331,42) width 111: "The css Zen Garden"
          text run at (11,56) width 431: "invites you to relax and meditate on the important lessons of the masters. Begin to"
          text run at (11,70) width 431: "see with clarity. Learn to use the (yet to be) time-honored techniques in new and"
          text run at (11,84) width 242: "invigorating fashion. Become one with the web."
    RenderText {#text} at (0,0) size 0x0
layer at (322,236) size 304x80
  RenderBlock (positioned) {H3} at (149,-143) size 304x80 [color=#CCCC77] [bgcolor=#888811] [border: (3px solid #888811) none (3px solid #888811)]
    RenderInline {SPAN} at (0,0) size 222x79
      RenderText {#text} at (88,1) size 222x79
        text run at (88,1) width 186: "The Road to"
        text run at (52,38) width 222: "Enlightenment"
