layer at (0,0) size 800x600
  RenderView at (0,0) size 800x600
layer at (0,0) size 800x284
  RenderBlock {html} at (0,0) size 800x284
    RenderBody {body} at (8,21) size 784x247
      RenderBlock {h1} at (0,0) size 784x37
        RenderText {#text} at (0,0) size 115x36
          text run at (0,0) width 115: "Test for "
        RenderInline {a} at (0,0) size 143x36 [color=#0000EE]
          RenderText {#text} at (115,0) size 143x36
            text run at (115,0) width 143: "Bug 42352"
      RenderBlock {p} at (0,58) size 784x19
        RenderText {#text} at (0,0) size 506x19
          text run at (0,0) width 506: "Following text should be rendered as usual. Only \"A\" has a glyph in SVG Font."
      RenderBlock {p} at (0,93) size 784x18
        RenderText {#text} at (0,1) size 37x16
          text run at (0,1) width 37: "XXA"
      RenderBlock {p} at (0,127) size 784x18
        RenderText {#text} at (0,1) size 37x16
          text run at (0,1) width 37: "XAX"
      RenderBlock {p} at (0,161) size 784x18
        RenderText {#text} at (0,1) size 37x16
          text run at (0,1) width 37: "AXX"
      RenderBlock {p} at (0,195) size 784x18
        RenderText {#text} at (0,1) size 36x16
          text run at (0,1) width 36: "XXX"
      RenderBlock {p} at (0,229) size 784x18
        RenderText {#text} at (0,1) size 39x16
          text run at (0,1) width 39: "AAA"
