layer at (0,0) size 800x600
  RenderView at (0,0) size 800x600
layer at (0,0) size 800x452
  RenderBlock {html} at (0,0) size 800x452
    RenderBody {body} at (8,16) size 784x420
      RenderBlock {p} at (0,0) size 784x94
        RenderInline {span} at (0,0) size 96x45
          RenderText {#text} at (0,1) size 96x45
            text run at (0,1) width 96: "a \x{BE2} o"
        RenderBR {br} at (95,23) size 1x17
        RenderInline {span} at (0,0) size 96x45
          RenderText {#text} at (0,48) size 96x45
            text run at (0,48) width 96: "a \x{BE2} o"
        RenderText {#text} at (0,0) size 0x0
      RenderBlock {hr} at (0,110) size 784x2 [border: (1px inset #000000)]
      RenderBlock {p} at (0,128) size 784x56
        RenderInline {span} at (0,0) size 98x52
          RenderText {#text} at (0,2) size 98x52
            text run at (0,2) width 98: "a \x{BE2} o"
        RenderBR {br} at (97,30) size 1x17
      RenderBlock {hr} at (0,200) size 784x2 [border: (1px inset #000000)]
      RenderBlock {p} at (0,218) size 784x112
        RenderInline {span} at (0,0) size 97x52
          RenderText {#text} at (0,2) size 97x52
            text run at (0,2) width 97: "a \x{BE2} o"
        RenderBR {br} at (96,30) size 1x17
        RenderInline {span} at (0,0) size 97x52
          RenderText {#text} at (0,58) size 97x52
            text run at (0,58) width 97: "a \x{BE2} o"
        RenderText {#text} at (0,0) size 0x0
      RenderBlock {hr} at (0,346) size 784x2 [border: (1px inset #000000)]
      RenderBlock {p} at (0,364) size 784x56
        RenderInline {span} at (0,0) size 97x52
          RenderText {#text} at (0,2) size 97x52
            text run at (0,2) width 97: "a \x{BE2} o"
        RenderBR {br} at (96,30) size 1x17
