layer at (0,0) size 792x778
  RenderView at (0,0) size 784x584
layer at (0,0) size 784x778
  RenderBlock {html} at (0,0) size 784x778
    RenderBody {body} at (8,16) size 768x754
      RenderBlock {parsererror} at (16,0) size 736x134 [bgcolor=#FFDDDD] [border: (2px solid #CC7777)]
        RenderBlock {h3} at (18,20) size 700x22
          RenderText {#text} at (0,0) size 323x21
            text run at (0,0) width 323: "This page contains the following errors:"
        RenderBlock {div} at (18,60) size 700x14
          RenderText {#text} at (0,0) size 512x14
            text run at (0,0) width 512: "error on line 1 at column 132: Extra content at the end of the document"
            text run at (511,0) width 1: " "
        RenderBlock {h3} at (18,92) size 700x22
          RenderText {#text} at (0,0) size 428x21
            text run at (0,0) width 428: "Below is a rendering of the page up to the first error."
      RenderBlock (anonymous) at (0,150) size 768x604
        RenderSVGRoot {svg} at (8,171) size 342x19
          RenderSVGText {text} at (0,5) size 342x18 contains 1 chunk(s)
            RenderSVGInlineText {#text} at (0,0) size 342x18
              chunk 1 text run 1 at (0.00,20.00) startOffset 0 endOffset 53 width 341.27: "This should not crash, but display an error document."
          RenderSVGContainer {use} at (8,166) size 0x0
            RenderSVGContainer {g} at (8,166) size 0x0
