layer at (0,0) size 800x600
  RenderView at (0,0) size 800x600
layer at (0,0) size 800x225
  RenderBlock {html} at (0,0) size 800x225
    RenderBody {body} at (8,16) size 784x201
      RenderBlock {p} at (0,0) size 784x18 [color=#000080]
        RenderText {#text} at (0,0) size 264x19
          text run at (0,0) width 264: "There should be two identical bars below."
      RenderBlock {p} at (0,34) size 784x18 [color=#000080]
        RenderText {#text} at (0,0) size 56x19
          text run at (0,0) width 56: "First bar:"
      RenderBlock {div} at (0,68) size 160x40 [bgcolor=#000080]
      RenderBlock {p} at (0,124) size 784x18 [color=#000080]
        RenderText {#text} at (0,0) size 75x19
          text run at (0,0) width 75: "Second bar:"
      RenderBlock (anonymous) at (0,158) size 784x43
        RenderSVGRoot {svg} at (8,174) size 160x40
          RenderSVGRect {rect} at (8,174) size 160x40 [fill={[type=SOLID] [color=#000080]}] [x=0.00] [y=0.00] [width=100.00] [height=100.00]
        RenderText {#text} at (0,0) size 0x0
