layer at (0,0) size 800x600
  RenderView at (0,0) size 800x600
layer at (0,0) size 800x600
  RenderBlock {HTML} at (0,0) size 800x600
    RenderBody {BODY} at (8,8) size 784x584
      RenderBlock {P} at (0,0) size 784x18
        RenderText {#text} at (0,0) size 414x18
          text run at (0,0) width 414: "Test appearances of input-speech-button in <input type='search'>."
      RenderBlock {DIV} at (0,34) size 784x0
      RenderBlock {DIV} at (0,34) size 784x435
        RenderTable {TABLE} at (0,0) size 447x435
          RenderTableSection {TBODY} at (0,0) size 447x435
            RenderTableRow {TR} at (0,2) size 447x431
              RenderTableCell {TD} at (2,2) size 131x431 [r=0 c=0 rs=1 cs=1]
                RenderBlock {DIV} at (1,1) size 129x429
                  RenderTextControl {INPUT} at (0,0) size 102x17 [bgcolor=#FFFFFF] [border: (2px inset #000000)]
                    RenderDeprecatedFlexibleBox {DIV} at (3,3) size 96x11
                      RenderBlock {DIV} at (0,1) size 8x9
                      RenderBlock {DIV} at (8,0) size 64x11
                        RenderBlock {DIV} at (0,0) size 64x11
                      RenderBlock {DIV} at (72,1) size 13x9
                      RenderBlock {DIV} at (85,0) size 11x11
                  RenderBR {BR} at (102,12) size 0x0
                  RenderTextControl {INPUT} at (0,17) size 102x17 [bgcolor=#FFFFFF] [border: (2px inset #000000)]
                    RenderDeprecatedFlexibleBox {DIV} at (3,3) size 96x11
                      RenderBlock {DIV} at (0,1) size 8x9
                      RenderBlock {DIV} at (8,0) size 75x11
                      RenderBlock {DIV} at (83,1) size 13x9
                  RenderBR {BR} at (102,29) size 0x0
                  RenderTextControl {INPUT} at (0,34) size 102x17 [bgcolor=#FFFFFF] [border: (2px inset #000000)]
                    RenderDeprecatedFlexibleBox {DIV} at (3,3) size 96x11
                      RenderBlock {DIV} at (0,1) size 8x9
                      RenderBlock {DIV} at (8,0) size 64x11
                      RenderBlock {DIV} at (72,1) size 13x9
                      RenderBlock {DIV} at (85,0) size 11x11
                  RenderBR {BR} at (102,46) size 0x0
                  RenderTextControl {INPUT} at (0,51) size 102x17 [bgcolor=#FFFFFF] [border: (2px inset #000000)]
                    RenderDeprecatedFlexibleBox {DIV} at (3,3) size 96x11
                      RenderBlock {DIV} at (0,1) size 8x9
                      RenderBlock {DIV} at (8,0) size 64x11
                        RenderBlock {DIV} at (0,0) size 64x11
                      RenderBlock {DIV} at (72,1) size 13x9
                      RenderBlock {DIV} at (85,0) size 11x11
                  RenderBR {BR} at (102,63) size 0x0
                  RenderTextControl {INPUT} at (0,68) size 102x17 [bgcolor=#FFFFFF] [border: (2px inset #000000)]
                    RenderDeprecatedFlexibleBox {DIV} at (3,3) size 96x11
                      RenderBlock {DIV} at (0,1) size 8x9
                      RenderBlock {DIV} at (8,0) size 75x11
                      RenderBlock {DIV} at (83,1) size 13x9
                  RenderBR {BR} at (102,80) size 0x0
                  RenderTextControl {INPUT} at (0,85) size 102x17 [bgcolor=#FFFFFF] [border: (2px inset #000000)]
                    RenderDeprecatedFlexibleBox {DIV} at (3,3) size 96x11
                      RenderBlock {DIV} at (0,1) size 8x9
                      RenderBlock {DIV} at (8,0) size 64x11
                      RenderBlock {DIV} at (72,1) size 13x9
                      RenderBlock {DIV} at (85,0) size 11x11
                  RenderBR {BR} at (102,97) size 0x0
                  RenderTextControl {INPUT} at (0,102) size 102x17 [bgcolor=#FFFFFF] [border: (2px inset #000000)]
                    RenderDeprecatedFlexibleBox {DIV} at (3,3) size 96x11
                      RenderBlock {DIV} at (0,1) size 8x9
                      RenderBlock {DIV} at (8,0) size 64x11
                        RenderBlock {DIV} at (0,0) size 64x11
                      RenderBlock {DIV} at (72,1) size 13x9
                      RenderBlock {DIV} at (85,0) size 11x11
                  RenderBR {BR} at (102,114) size 0x0
                  RenderTextControl {INPUT} at (0,119) size 102x17 [bgcolor=#FFFFFF] [border: (2px inset #000000)]
                    RenderDeprecatedFlexibleBox {DIV} at (3,3) size 96x11
                      RenderBlock {DIV} at (0,1) size 8x9
                      RenderBlock {DIV} at (8,0) size 75x11
                      RenderBlock {DIV} at (83,1) size 13x9
                  RenderBR {BR} at (102,131) size 0x0
                  RenderTextControl {INPUT} at (0,136) size 102x17 [bgcolor=#FFFFFF] [border: (2px inset #000000)]
                    RenderDeprecatedFlexibleBox {DIV} at (3,3) size 96x11
                      RenderBlock {DIV} at (0,1) size 8x9
                      RenderBlock {DIV} at (8,0) size 64x11
                      RenderBlock {DIV} at (72,1) size 13x9
                      RenderBlock {DIV} at (85,0) size 11x11
                  RenderBR {BR} at (102,148) size 0x0
                  RenderTextControl {INPUT} at (2,155) size 125x19 [bgcolor=#FFFFFF] [border: (2px inset #000000)]
                    RenderDeprecatedFlexibleBox {DIV} at (3,2) size 119x14
                      RenderBlock {DIV} at (0,1) size 8x11
                      RenderBlock {DIV} at (8,0) size 84x13
                        RenderBlock {DIV} at (0,0) size 84x13
                      RenderBlock {DIV} at (92,1) size 13x11
                      RenderBlock {DIV} at (105,0) size 14x14
                  RenderBR {BR} at (129,168) size 0x0
                  RenderTextControl {INPUT} at (2,178) size 125x19 [bgcolor=#FFFFFF] [border: (2px inset #000000)]
                    RenderDeprecatedFlexibleBox {DIV} at (3,3) size 119x13
                      RenderBlock {DIV} at (0,1) size 8x11
                      RenderBlock {DIV} at (8,0) size 98x13
                      RenderBlock {DIV} at (106,1) size 13x11
                  RenderBR {BR} at (129,192) size 0x0
                  RenderTextControl {INPUT} at (2,201) size 125x19 [bgcolor=#FFFFFF] [border: (2px inset #000000)]
                    RenderDeprecatedFlexibleBox {DIV} at (3,2) size 119x14
                      RenderBlock {DIV} at (0,1) size 8x11
                      RenderBlock {DIV} at (8,0) size 84x13
                      RenderBlock {DIV} at (92,1) size 13x11
                      RenderBlock {DIV} at (105,0) size 14x14
                  RenderBR {BR} at (129,214) size 0x0
                  RenderTextControl {INPUT} at (2,224) size 125x19 [bgcolor=#FFFFFF] [border: (2px inset #000000)]
                    RenderDeprecatedFlexibleBox {DIV} at (3,2) size 119x14
                      RenderBlock {DIV} at (0,1) size 8x11
                      RenderBlock {DIV} at (8,0) size 84x13
                        RenderBlock {DIV} at (0,0) size 84x13
                      RenderBlock {DIV} at (92,1) size 13x11
                      RenderBlock {DIV} at (105,0) size 14x14
                  RenderBR {BR} at (129,237) size 0x0
                  RenderTextControl {INPUT} at (2,247) size 125x19 [bgcolor=#FFFFFF] [border: (2px inset #000000)]
                    RenderDeprecatedFlexibleBox {DIV} at (3,3) size 119x13
                      RenderBlock {DIV} at (0,1) size 8x11
                      RenderBlock {DIV} at (8,0) size 98x13
                      RenderBlock {DIV} at (106,1) size 13x11
                  RenderBR {BR} at (129,261) size 0x0
                  RenderTextControl {INPUT} at (2,270) size 125x19 [bgcolor=#FFFFFF] [border: (2px inset #000000)]
                    RenderDeprecatedFlexibleBox {DIV} at (3,2) size 119x14
                      RenderBlock {DIV} at (0,1) size 8x11
                      RenderBlock {DIV} at (8,0) size 84x13
                      RenderBlock {DIV} at (92,1) size 13x11
                      RenderBlock {DIV} at (105,0) size 14x14
                  RenderBR {BR} at (129,283) size 0x0
                  RenderTextControl {INPUT} at (2,293) size 125x19 [bgcolor=#FFFFFF] [border: (2px inset #000000)]
                    RenderDeprecatedFlexibleBox {DIV} at (3,2) size 119x14
                      RenderBlock {DIV} at (0,1) size 8x11
                      RenderBlock {DIV} at (8,0) size 84x13
                        RenderBlock {DIV} at (0,0) size 84x13
                      RenderBlock {DIV} at (92,1) size 13x11
                      RenderBlock {DIV} at (105,0) size 14x14
                  RenderBR {BR} at (129,306) size 0x0
                  RenderTextControl {INPUT} at (2,316) size 125x19 [bgcolor=#FFFFFF] [border: (2px inset #000000)]
                    RenderDeprecatedFlexibleBox {DIV} at (3,3) size 119x13
                      RenderBlock {DIV} at (0,1) size 8x11
                      RenderBlock {DIV} at (8,0) size 98x13
                      RenderBlock {DIV} at (106,1) size 13x11
                  RenderBR {BR} at (129,330) size 0x0
                  RenderTextControl {INPUT} at (2,339) size 125x19 [bgcolor=#FFFFFF] [border: (2px inset #000000)]
                    RenderDeprecatedFlexibleBox {DIV} at (3,2) size 119x14
                      RenderBlock {DIV} at (0,1) size 8x11
                      RenderBlock {DIV} at (8,0) size 84x13
                      RenderBlock {DIV} at (92,1) size 13x11
                      RenderBlock {DIV} at (105,0) size 14x14
                  RenderBR {BR} at (129,352) size 0x0
                  RenderTextControl {INPUT} at (2,362) size 125x19 [bgcolor=#FFFFFF] [border: (2px inset #000000)]
                    RenderDeprecatedFlexibleBox {DIV} at (3,2) size 119x14
                      RenderBlock {DIV} at (0,1) size 8x11
                      RenderBlock {DIV} at (8,0) size 84x13
                        RenderBlock {DIV} at (0,0) size 84x13
                      RenderBlock {DIV} at (92,1) size 13x11
                      RenderBlock {DIV} at (105,0) size 14x14
                  RenderBR {BR} at (129,375) size 0x0
                  RenderTextControl {INPUT} at (2,385) size 125x19 [bgcolor=#FFFFFF] [border: (2px inset #000000)]
                    RenderDeprecatedFlexibleBox {DIV} at (3,3) size 119x13
                      RenderBlock {DIV} at (0,1) size 8x11
                      RenderBlock {DIV} at (8,0) size 98x13
                      RenderBlock {DIV} at (106,1) size 13x11
                  RenderBR {BR} at (129,399) size 0x0
                  RenderTextControl {INPUT} at (2,408) size 125x19 [bgcolor=#FFFFFF] [border: (2px inset #000000)]
                    RenderDeprecatedFlexibleBox {DIV} at (3,2) size 119x14
                      RenderBlock {DIV} at (0,1) size 8x11
                      RenderBlock {DIV} at (8,0) size 84x13
                      RenderBlock {DIV} at (92,1) size 13x11
                      RenderBlock {DIV} at (105,0) size 14x14
                  RenderBR {BR} at (129,421) size 0x0
              RenderTableCell {TD} at (135,26) size 154x383 [r=0 c=1 rs=1 cs=1]
                RenderBlock {DIV} at (1,1) size 152x381
                  RenderTextControl {INPUT} at (2,2) size 125x19 [bgcolor=#FFFFFF] [border: (2px inset #000000)]
                    RenderDeprecatedFlexibleBox {DIV} at (3,2) size 119x14
                      RenderBlock {DIV} at (0,1) size 8x11
                      RenderBlock {DIV} at (8,0) size 84x13
                        RenderBlock {DIV} at (0,0) size 84x13
                      RenderBlock {DIV} at (92,1) size 13x11
                      RenderBlock {DIV} at (105,0) size 14x14
                  RenderBR {BR} at (129,15) size 0x0
                  RenderTextControl {INPUT} at (2,25) size 125x19 [bgcolor=#FFFFFF] [border: (2px inset #000000)]
                    RenderDeprecatedFlexibleBox {DIV} at (3,3) size 119x13
                      RenderBlock {DIV} at (0,1) size 8x11
                      RenderBlock {DIV} at (8,0) size 98x13
                      RenderBlock {DIV} at (106,1) size 13x11
                  RenderBR {BR} at (129,39) size 0x0
                  RenderTextControl {INPUT} at (2,48) size 125x19 [bgcolor=#FFFFFF] [border: (2px inset #000000)]
                    RenderDeprecatedFlexibleBox {DIV} at (3,2) size 119x14
                      RenderBlock {DIV} at (0,1) size 8x11
                      RenderBlock {DIV} at (8,0) size 84x13
                      RenderBlock {DIV} at (92,1) size 13x11
                      RenderBlock {DIV} at (105,0) size 14x14
                  RenderBR {BR} at (129,61) size 0x0
                  RenderTextControl {INPUT} at (2,71) size 148x22 [bgcolor=#FFFFFF] [border: (2px inset #000000)]
                    RenderDeprecatedFlexibleBox {DIV} at (3,3) size 142x16
                      RenderBlock {DIV} at (0,1) size 10x13
                      RenderBlock {DIV} at (10,0) size 100x16
                        RenderBlock {DIV} at (0,0) size 100x16
                      RenderBlock {DIV} at (110,1) size 16x13
                      RenderBlock {DIV} at (126,0) size 16x16
                  RenderBR {BR} at (152,87) size 0x0
                  RenderTextControl {INPUT} at (2,97) size 148x22 [bgcolor=#FFFFFF] [border: (2px inset #000000)]
                    RenderDeprecatedFlexibleBox {DIV} at (3,3) size 142x16
                      RenderBlock {DIV} at (0,1) size 10x13
                      RenderBlock {DIV} at (10,0) size 116x16
                      RenderBlock {DIV} at (126,1) size 16x13
                  RenderBR {BR} at (152,113) size 0x0
                  RenderTextControl {INPUT} at (2,123) size 148x22 [bgcolor=#FFFFFF] [border: (2px inset #000000)]
                    RenderDeprecatedFlexibleBox {DIV} at (3,3) size 142x16
                      RenderBlock {DIV} at (0,1) size 10x13
                      RenderBlock {DIV} at (10,0) size 100x16
                      RenderBlock {DIV} at (110,1) size 16x13
                      RenderBlock {DIV} at (126,0) size 16x16
                  RenderBR {BR} at (152,139) size 0x0
                  RenderTextControl {INPUT} at (2,149) size 148x22 [bgcolor=#FFFFFF] [border: (2px inset #000000)]
                    RenderDeprecatedFlexibleBox {DIV} at (3,3) size 142x16
                      RenderBlock {DIV} at (0,1) size 10x13
                      RenderBlock {DIV} at (10,0) size 100x16
                        RenderBlock {DIV} at (0,0) size 100x16
                      RenderBlock {DIV} at (110,1) size 16x13
                      RenderBlock {DIV} at (126,0) size 16x16
                  RenderBR {BR} at (152,165) size 0x0
                  RenderTextControl {INPUT} at (2,175) size 148x22 [bgcolor=#FFFFFF] [border: (2px inset #000000)]
                    RenderDeprecatedFlexibleBox {DIV} at (3,3) size 142x16
                      RenderBlock {DIV} at (0,1) size 10x13
                      RenderBlock {DIV} at (10,0) size 116x16
                      RenderBlock {DIV} at (126,1) size 16x13
                  RenderBR {BR} at (152,191) size 0x0
                  RenderTextControl {INPUT} at (2,201) size 148x22 [bgcolor=#FFFFFF] [border: (2px inset #000000)]
                    RenderDeprecatedFlexibleBox {DIV} at (3,3) size 142x16
                      RenderBlock {DIV} at (0,1) size 10x13
                      RenderBlock {DIV} at (10,0) size 100x16
                      RenderBlock {DIV} at (110,1) size 16x13
                      RenderBlock {DIV} at (126,0) size 16x16
                  RenderBR {BR} at (152,217) size 0x0
                  RenderTextControl {INPUT} at (2,227) size 148x22 [bgcolor=#FFFFFF] [border: (2px inset #000000)]
                    RenderDeprecatedFlexibleBox {DIV} at (3,3) size 142x16
                      RenderBlock {DIV} at (0,1) size 10x13
                      RenderBlock {DIV} at (10,0) size 100x16
                        RenderBlock {DIV} at (0,0) size 100x16
                      RenderBlock {DIV} at (110,1) size 16x13
                      RenderBlock {DIV} at (126,0) size 16x16
                  RenderBR {BR} at (152,243) size 0x0
                  RenderTextControl {INPUT} at (2,253) size 148x22 [bgcolor=#FFFFFF] [border: (2px inset #000000)]
                    RenderDeprecatedFlexibleBox {DIV} at (3,3) size 142x16
                      RenderBlock {DIV} at (0,1) size 10x13
                      RenderBlock {DIV} at (10,0) size 116x16
                      RenderBlock {DIV} at (126,1) size 16x13
                  RenderBR {BR} at (152,269) size 0x0
                  RenderTextControl {INPUT} at (2,279) size 148x22 [bgcolor=#FFFFFF] [border: (2px inset #000000)]
                    RenderDeprecatedFlexibleBox {DIV} at (3,3) size 142x16
                      RenderBlock {DIV} at (0,1) size 10x13
                      RenderBlock {DIV} at (10,0) size 100x16
                      RenderBlock {DIV} at (110,1) size 16x13
                      RenderBlock {DIV} at (126,0) size 16x16
                  RenderBR {BR} at (152,295) size 0x0
                  RenderTextControl {INPUT} at (2,305) size 148x22 [bgcolor=#FFFFFF] [border: (2px inset #000000)]
                    RenderDeprecatedFlexibleBox {DIV} at (3,3) size 142x16
                      RenderBlock {DIV} at (0,1) size 10x13
                      RenderBlock {DIV} at (10,0) size 100x16
                        RenderBlock {DIV} at (0,0) size 100x16
                      RenderBlock {DIV} at (110,1) size 16x13
                      RenderBlock {DIV} at (126,0) size 16x16
                  RenderBR {BR} at (152,321) size 0x0
                  RenderTextControl {INPUT} at (2,331) size 148x22 [bgcolor=#FFFFFF] [border: (2px inset #000000)]
                    RenderDeprecatedFlexibleBox {DIV} at (3,3) size 142x16
                      RenderBlock {DIV} at (0,1) size 10x13
                      RenderBlock {DIV} at (10,0) size 116x16
                      RenderBlock {DIV} at (126,1) size 16x13
                  RenderBR {BR} at (152,347) size 0x0
                  RenderTextControl {INPUT} at (2,357) size 148x22 [bgcolor=#FFFFFF] [border: (2px inset #000000)]
                    RenderDeprecatedFlexibleBox {DIV} at (3,3) size 142x16
                      RenderBlock {DIV} at (0,1) size 10x13
                      RenderBlock {DIV} at (10,0) size 100x16
                      RenderBlock {DIV} at (110,1) size 16x13
                      RenderBlock {DIV} at (126,0) size 16x16
                  RenderBR {BR} at (152,373) size 0x0
              RenderTableCell {TD} at (291,60) size 154x314 [r=0 c=2 rs=1 cs=1]
                RenderBlock {DIV} at (1,1) size 152x312
                  RenderTextControl {INPUT} at (2,2) size 148x22 [bgcolor=#FFFFFF] [border: (2px inset #000000)]
                    RenderDeprecatedFlexibleBox {DIV} at (3,3) size 142x16
                      RenderBlock {DIV} at (0,1) size 10x13
                      RenderBlock {DIV} at (10,0) size 100x16
                        RenderBlock {DIV} at (0,0) size 100x16
                      RenderBlock {DIV} at (110,1) size 16x13
                      RenderBlock {DIV} at (126,0) size 16x16
                  RenderBR {BR} at (152,18) size 0x0
                  RenderTextControl {INPUT} at (2,28) size 148x22 [bgcolor=#FFFFFF] [border: (2px inset #000000)]
                    RenderDeprecatedFlexibleBox {DIV} at (3,3) size 142x16
                      RenderBlock {DIV} at (0,1) size 10x13
                      RenderBlock {DIV} at (10,0) size 116x16
                      RenderBlock {DIV} at (126,1) size 16x13
                  RenderBR {BR} at (152,44) size 0x0
                  RenderTextControl {INPUT} at (2,54) size 148x22 [bgcolor=#FFFFFF] [border: (2px inset #000000)]
                    RenderDeprecatedFlexibleBox {DIV} at (3,3) size 142x16
                      RenderBlock {DIV} at (0,1) size 10x13
                      RenderBlock {DIV} at (10,0) size 100x16
                      RenderBlock {DIV} at (110,1) size 16x13
                      RenderBlock {DIV} at (126,0) size 16x16
                  RenderBR {BR} at (152,70) size 0x0
                  RenderTextControl {INPUT} at (2,80) size 148x22 [bgcolor=#FFFFFF] [border: (2px inset #000000)]
                    RenderDeprecatedFlexibleBox {DIV} at (3,3) size 142x16
                      RenderBlock {DIV} at (0,1) size 10x13
                      RenderBlock {DIV} at (10,0) size 100x16
                        RenderBlock {DIV} at (0,0) size 100x16
                      RenderBlock {DIV} at (110,1) size 16x13
                      RenderBlock {DIV} at (126,0) size 16x16
                  RenderBR {BR} at (152,96) size 0x0
                  RenderTextControl {INPUT} at (2,106) size 148x22 [bgcolor=#FFFFFF] [border: (2px inset #000000)]
                    RenderDeprecatedFlexibleBox {DIV} at (3,3) size 142x16
                      RenderBlock {DIV} at (0,1) size 10x13
                      RenderBlock {DIV} at (10,0) size 116x16
                      RenderBlock {DIV} at (126,1) size 16x13
                  RenderBR {BR} at (152,122) size 0x0
                  RenderTextControl {INPUT} at (2,132) size 148x22 [bgcolor=#FFFFFF] [border: (2px inset #000000)]
                    RenderDeprecatedFlexibleBox {DIV} at (3,3) size 142x16
                      RenderBlock {DIV} at (0,1) size 10x13
                      RenderBlock {DIV} at (10,0) size 100x16
                      RenderBlock {DIV} at (110,1) size 16x13
                      RenderBlock {DIV} at (126,0) size 16x16
                  RenderBR {BR} at (152,148) size 0x0
                  RenderTextControl {INPUT} at (2,158) size 148x22 [bgcolor=#FFFFFF] [border: (2px inset #000000)]
                    RenderDeprecatedFlexibleBox {DIV} at (3,3) size 142x16
                      RenderBlock {DIV} at (0,1) size 10x13
                      RenderBlock {DIV} at (10,0) size 100x16
                        RenderBlock {DIV} at (0,0) size 100x16
                      RenderBlock {DIV} at (110,1) size 16x13
                      RenderBlock {DIV} at (126,0) size 16x16
                  RenderBR {BR} at (152,174) size 0x0
                  RenderTextControl {INPUT} at (2,184) size 148x22 [bgcolor=#FFFFFF] [border: (2px inset #000000)]
                    RenderDeprecatedFlexibleBox {DIV} at (3,3) size 142x16
                      RenderBlock {DIV} at (0,1) size 10x13
                      RenderBlock {DIV} at (10,0) size 116x16
                      RenderBlock {DIV} at (126,1) size 16x13
                  RenderBR {BR} at (152,200) size 0x0
                  RenderTextControl {INPUT} at (2,210) size 148x22 [bgcolor=#FFFFFF] [border: (2px inset #000000)]
                    RenderDeprecatedFlexibleBox {DIV} at (3,3) size 142x16
                      RenderBlock {DIV} at (0,1) size 10x13
                      RenderBlock {DIV} at (10,0) size 100x16
                      RenderBlock {DIV} at (110,1) size 16x13
                      RenderBlock {DIV} at (126,0) size 16x16
                  RenderBR {BR} at (152,226) size 0x0
                  RenderTextControl {INPUT} at (2,236) size 148x22 [bgcolor=#FFFFFF] [border: (2px inset #000000)]
                    RenderDeprecatedFlexibleBox {DIV} at (3,3) size 142x16
                      RenderBlock {DIV} at (0,1) size 10x13
                      RenderBlock {DIV} at (10,0) size 100x16
                        RenderBlock {DIV} at (0,0) size 100x16
                      RenderBlock {DIV} at (110,1) size 16x13
                      RenderBlock {DIV} at (126,0) size 16x16
                  RenderBR {BR} at (152,252) size 0x0
                  RenderTextControl {INPUT} at (2,262) size 148x22 [bgcolor=#FFFFFF] [border: (2px inset #000000)]
                    RenderDeprecatedFlexibleBox {DIV} at (3,3) size 142x16
                      RenderBlock {DIV} at (0,1) size 10x13
                      RenderBlock {DIV} at (10,0) size 116x16
                      RenderBlock {DIV} at (126,1) size 16x13
                  RenderBR {BR} at (152,278) size 0x0
                  RenderTextControl {INPUT} at (2,288) size 148x22 [bgcolor=#FFFFFF] [border: (2px inset #000000)]
                    RenderDeprecatedFlexibleBox {DIV} at (3,3) size 142x16
                      RenderBlock {DIV} at (0,1) size 10x13
                      RenderBlock {DIV} at (10,0) size 100x16
                      RenderBlock {DIV} at (110,1) size 16x13
                      RenderBlock {DIV} at (126,0) size 16x16
                  RenderBR {BR} at (152,304) size 0x0
layer at (22,65) size 75x11 scrollWidth 173
  RenderBlock {DIV} at (0,0) size 75x11
    RenderText {#text} at (1,0) size 171x11
      text run at (1,0) width 171: "012345678901234567890123456789"
layer at (22,82) size 64x11 scrollWidth 173
  RenderBlock {DIV} at (0,0) size 64x11
    RenderText {#text} at (1,0) size 171x11
      text run at (1,0) width 171: "012345678901234567890123456789"
layer at (22,116) size 75x11 scrollWidth 173
  RenderBlock {DIV} at (0,0) size 75x11
    RenderText {#text} at (1,0) size 171x11
      text run at (1,0) width 171: "012345678901234567890123456789"
layer at (22,133) size 64x11 scrollWidth 173
  RenderBlock {DIV} at (0,0) size 64x11
    RenderText {#text} at (1,0) size 171x11
      text run at (1,0) width 171: "012345678901234567890123456789"
layer at (22,167) size 75x11 scrollWidth 173
  RenderBlock {DIV} at (0,0) size 75x11
    RenderText {#text} at (1,0) size 171x11
      text run at (1,0) width 171: "012345678901234567890123456789"
layer at (22,184) size 64x11 scrollWidth 173
  RenderBlock {DIV} at (0,0) size 64x11
    RenderText {#text} at (1,0) size 171x11
      text run at (1,0) width 171: "012345678901234567890123456789"
layer at (24,226) size 98x13 scrollWidth 211
  RenderBlock {DIV} at (0,0) size 98x13
    RenderText {#text} at (1,0) size 209x13
      text run at (1,0) width 209: "012345678901234567890123456789"
layer at (24,248) size 84x13 scrollWidth 211
  RenderBlock {DIV} at (0,0) size 84x13
    RenderText {#text} at (1,0) size 209x13
      text run at (1,0) width 209: "012345678901234567890123456789"
layer at (24,295) size 98x13 scrollWidth 211
  RenderBlock {DIV} at (0,0) size 98x13
    RenderText {#text} at (1,0) size 209x13
      text run at (1,0) width 209: "012345678901234567890123456789"
layer at (24,317) size 84x13 scrollWidth 211
  RenderBlock {DIV} at (0,0) size 84x13
    RenderText {#text} at (1,0) size 209x13
      text run at (1,0) width 209: "012345678901234567890123456789"
layer at (24,364) size 98x13 scrollWidth 211
  RenderBlock {DIV} at (0,0) size 98x13
    RenderText {#text} at (1,0) size 209x13
      text run at (1,0) width 209: "012345678901234567890123456789"
layer at (24,386) size 84x13 scrollWidth 211
  RenderBlock {DIV} at (0,0) size 84x13
    RenderText {#text} at (1,0) size 209x13
      text run at (1,0) width 209: "012345678901234567890123456789"
layer at (24,433) size 98x13 scrollWidth 211
  RenderBlock {DIV} at (0,0) size 98x13
    RenderText {#text} at (1,0) size 209x13
      text run at (1,0) width 209: "012345678901234567890123456789"
layer at (24,455) size 84x13 scrollWidth 211
  RenderBlock {DIV} at (0,0) size 84x13
    RenderText {#text} at (1,0) size 209x13
      text run at (1,0) width 209: "012345678901234567890123456789"
layer at (157,97) size 98x13 scrollWidth 211
  RenderBlock {DIV} at (0,0) size 98x13
    RenderText {#text} at (1,0) size 209x13
      text run at (1,0) width 209: "012345678901234567890123456789"
layer at (157,119) size 84x13 scrollWidth 211
  RenderBlock {DIV} at (0,0) size 84x13
    RenderText {#text} at (1,0) size 209x13
      text run at (1,0) width 209: "012345678901234567890123456789"
layer at (159,169) size 116x16 scrollWidth 249
  RenderBlock {DIV} at (0,0) size 116x16
    RenderText {#text} at (1,0) size 247x16
      text run at (1,0) width 247: "012345678901234567890123456789"
layer at (159,195) size 100x16 scrollWidth 249
  RenderBlock {DIV} at (0,0) size 100x16
    RenderText {#text} at (1,0) size 247x16
      text run at (1,0) width 247: "012345678901234567890123456789"
layer at (159,247) size 116x16 scrollWidth 249
  RenderBlock {DIV} at (0,0) size 116x16
    RenderText {#text} at (1,0) size 247x16
      text run at (1,0) width 247: "012345678901234567890123456789"
layer at (159,273) size 100x16 scrollWidth 249
  RenderBlock {DIV} at (0,0) size 100x16
    RenderText {#text} at (1,0) size 247x16
      text run at (1,0) width 247: "012345678901234567890123456789"
layer at (159,325) size 116x16 scrollWidth 249
  RenderBlock {DIV} at (0,0) size 116x16
    RenderText {#text} at (1,0) size 247x16
      text run at (1,0) width 247: "012345678901234567890123456789"
layer at (159,351) size 100x16 scrollWidth 249
  RenderBlock {DIV} at (0,0) size 100x16
    RenderText {#text} at (1,0) size 247x16
      text run at (1,0) width 247: "012345678901234567890123456789"
layer at (159,403) size 116x16 scrollWidth 249
  RenderBlock {DIV} at (0,0) size 116x16
    RenderText {#text} at (1,0) size 247x16
      text run at (1,0) width 247: "012345678901234567890123456789"
layer at (159,429) size 100x16 scrollWidth 249
  RenderBlock {DIV} at (0,0) size 100x16
    RenderText {#text} at (1,0) size 247x16
      text run at (1,0) width 247: "012345678901234567890123456789"
layer at (315,134) size 116x16 scrollWidth 249
  RenderBlock {DIV} at (0,0) size 116x16
    RenderText {#text} at (1,0) size 247x16
      text run at (1,0) width 247: "012345678901234567890123456789"
layer at (315,160) size 100x16 scrollWidth 249
  RenderBlock {DIV} at (0,0) size 100x16
    RenderText {#text} at (1,0) size 247x16
      text run at (1,0) width 247: "012345678901234567890123456789"
layer at (315,212) size 116x16 scrollWidth 249
  RenderBlock {DIV} at (0,0) size 116x16
    RenderText {#text} at (1,0) size 247x16
      text run at (1,0) width 247: "012345678901234567890123456789"
layer at (315,238) size 100x16 scrollWidth 249
  RenderBlock {DIV} at (0,0) size 100x16
    RenderText {#text} at (1,0) size 247x16
      text run at (1,0) width 247: "012345678901234567890123456789"
layer at (315,290) size 116x16 scrollWidth 249
  RenderBlock {DIV} at (0,0) size 116x16
    RenderText {#text} at (1,0) size 247x16
      text run at (1,0) width 247: "012345678901234567890123456789"
layer at (315,316) size 100x16 scrollWidth 249
  RenderBlock {DIV} at (0,0) size 100x16
    RenderText {#text} at (1,0) size 247x16
      text run at (1,0) width 247: "012345678901234567890123456789"
layer at (315,368) size 116x16 scrollWidth 249
  RenderBlock {DIV} at (0,0) size 116x16
    RenderText {#text} at (1,0) size 247x16
      text run at (1,0) width 247: "012345678901234567890123456789"
layer at (315,394) size 100x16 scrollWidth 249
  RenderBlock {DIV} at (0,0) size 100x16
    RenderText {#text} at (1,0) size 247x16
      text run at (1,0) width 247: "012345678901234567890123456789"
