layer at (0,0) size 800x600
  RenderView at (0,0) size 800x600
layer at (0,0) size 800x600
  RenderBlock {HTML} at (0,0) size 800x600
    RenderBody {BODY} at (8,8) size 784x584
      RenderBlock {P} at (0,0) size 784x21
        RenderText {#text} at (0,0) size 650x21
          text run at (0,0) width 650: "Testing reflections on directly composited images. Left and right sides should look the same."
      RenderBlock (anonymous) at (0,37) size 784x169
        RenderText {#text} at (224,148) size 4x21
          text run at (224,148) width 4: " "
        RenderText {#text} at (0,0) size 0x0
layer at (28,65) size 184x124
  RenderImage {IMG} at (20,20) size 184x124
layer at (256,65) size 184x124
  RenderImage {IMG} at (248,20) size 184x124
