layer at (0,0) size 784x620
  RenderView at (0,0) size 784x600
layer at (0,0) size 784x620
  RenderBlock {HTML} at (0,0) size 784x620
    RenderBody {BODY} at (8,8) size 768x604
      RenderBlock {P} at (0,0) size 768x21
        RenderText {#text} at (0,0) size 585x21
          text run at (0,0) width 585: "Testing masks on compositing layers. Left and right columns should look the same."
      RenderBlock (anonymous) at (0,37) size 768x567
        RenderText {#text} at (262,546) size 4x21
          text run at (262,546) width 4: " "
        RenderText {#text} at (0,0) size 0x0
layer at (8,45) size 262x562
  RenderBlock {DIV} at (0,0) size 262x562 [border: (1px solid #000000)]
layer at (39,76) size 200x200
  RenderBlock (relative positioned) {DIV} at (31,31) size 200x200 [bgcolor=#6464FFCC] [border: (10px solid #000000)]
layer at (274,45) size 262x562
  RenderBlock {DIV} at (266,0) size 262x562 [border: (1px solid #000000)]
layer at (305,76) size 200x200
  RenderBlock (relative positioned) {DIV} at (31,31) size 200x200 [bgcolor=#6464FFCC] [border: (10px solid #000000)]
