layer at (0,0) size 800x600
  RenderView at (0,0) size 800x600
layer at (0,503) size 800x97
  RenderBlock {HTML} at (0,0) size 800x97 [border: (10px solid #800000)]
    RenderBody {BODY} at (18,18) size 764x61
      RenderText {#text} at (0,0) size 220x45
        text run at (0,0) width 220: "\x{653B}\x{6BBB} \x{6A5F}\x{52D5}\x{968A} "
      RenderRuby (inline) {RUBY} at (0,0) size 200x40
        RenderRubyRun (anonymous) at (220,1) size 80x40
          RenderRubyText {RT} at (0,40) size 80x20
            RenderText {#text} at (0,0) size 80x20
              text run at (0,0) width 80: "\x{3053}\x{3046}\x{304B}\x{304F}"
          RenderRubyBase (anonymous) at (0,0) size 80x40
            RenderText {#text} at (0,0) size 80x40
              text run at (0,0) width 80: "\x{653B}\x{6BBB}"
        RenderRubyRun (anonymous) at (300,1) size 120x40
          RenderRubyText {RT} at (0,40) size 120x20
            RenderText {#text} at (10,0) size 100x20
              text run at (10,0) width 100: "\x{304D}\x{3069}\x{3046}\x{305F}\x{3044}"
          RenderRubyBase (anonymous) at (0,0) size 120x40
            RenderText {#text} at (0,0) size 120x40
              text run at (0,0) width 120: "\x{6A5F}\x{52D5}\x{968A}"
      RenderText {#text} at (0,0) size 0x0
