layer at (0,0) size 4327x585
  RenderView at (0,0) size 800x585
layer at (-3527,0) size 4327x585 backgroundClip at (0,0) size 4327x585 clip at (0,0) size 4327x585 outlineClip at (0,0) size 4327x585
  RenderBlock {HTML} at (0,0) size 4327x585
    RenderBody {BODY} at (58,46) size 4211x493
      RenderBlock {H1} at (0,0) size 48x493
        RenderText {#text} at (6,0) size 36x64
          text run at (6,0) width 64: "\x{8349}\x{6795}"
      RenderBlock {H2} at (69,0) size 36x493
        RenderText {#text} at (4,0) size 28x96
          text run at (4,0) width 96: "\x{590F}\x{76EE}\x{6F31}\x{77F3}"
      RenderBlock {DIV} at (124,0) size 4087x493
        RenderBlock (anonymous) at (0,0) size 2299x493
          RenderBR {BR} at (0,0) size 19x0
          RenderBR {BR} at (18,0) size 19x0
          RenderBR {BR} at (36,0) size 19x0
          RenderText {#text} at (54,0) size 19x144
            text run at (54,0) width 144: "\x{3000}\x{3000}\x{3000}\x{3000}\x{3000}\x{3000}\x{3000}\x{3000}\x{4E00}"
          RenderBR {BR} at (54,144) size 19x0
          RenderBR {BR} at (72,0) size 19x0
          RenderText {#text} at (101,0) size 19x16
            text run at (101,0) width 16: "\x{3000}"
          RenderRuby (inline) {RUBY} at (0,0) size 19x32
            RenderRubyRun (anonymous) at (101,14) size 18x36
              RenderRubyText {RT} at (-11,0) size 10x36
                RenderText {#text} at (0,0) size 11x36
                  text run at (0,0) width 36: "\x{3084}\x{307E}\x{307F}\x{3061}"
              RenderRubyBase (anonymous) at (0,0) size 18x36
                RenderInline {RB} at (0,0) size 19x32
                  RenderText {#text} at (0,2) size 19x32
                    text run at (0,2) width 32: "\x{5C71}\x{8DEF}"
          RenderText {#text} at (101,48) size 19x208
            text run at (101,48) width 208: "\x{3092}\x{767B}\x{308A}\x{306A}\x{304C}\x{3089}\x{3001}\x{3053}\x{3046}\x{8003}\x{3048}\x{305F}\x{3002}"
          RenderBR {BR} at (101,256) size 19x0
          RenderText {#text} at (130,0) size 19x16
            text run at (130,0) width 16: "\x{3000}"
          RenderRuby (inline) {RUBY} at (0,0) size 19x16
            RenderRubyRun (anonymous) at (130,16) size 18x16
              RenderRubyText {RT} at (-11,0) size 10x16
                RenderText {#text} at (0,3) size 11x10
                  text run at (0,3) width 9: "\x{3061}"
              RenderRubyBase (anonymous) at (0,0) size 18x16
                RenderInline {RB} at (0,0) size 19x16
                  RenderText {#text} at (0,0) size 19x16
                    text run at (0,0) width 16: "\x{667A}"
          RenderText {#text} at (130,32) size 19x64
            text run at (130,32) width 64: "\x{306B}\x{50CD}\x{3051}\x{3070}"
          RenderRuby (inline) {RUBY} at (0,0) size 19x16
            RenderRubyRun (anonymous) at (130,95) size 18x18
              RenderRubyText {RT} at (-11,0) size 10x18
                RenderText {#text} at (0,0) size 11x18
                  text run at (0,0) width 18: "\x{304B}\x{3069}"
              RenderRubyBase (anonymous) at (0,0) size 18x18
                RenderInline {RB} at (0,0) size 19x16
                  RenderText {#text} at (0,1) size 19x16
                    text run at (0,1) width 16: "\x{89D2}"
          RenderText {#text} at (130,112) size 19x64
            text run at (130,112) width 64: "\x{304C}\x{7ACB}\x{3064}\x{3002}"
          RenderRuby (inline) {RUBY} at (0,0) size 19x19
            RenderRubyRun (anonymous) at (130,172) size 18x27
              RenderRubyText {RT} at (-11,0) size 10x27
                RenderText {#text} at (0,0) size 11x27
                  text run at (0,0) width 27: "\x{3058}\x{3087}\x{3046}"
              RenderRubyBase (anonymous) at (0,0) size 18x27
                RenderInline {RB} at (0,0) size 19x17
                  RenderText {#text} at (0,5) size 19x17
                    text run at (0,5) width 16: "\x{60C5}"
          RenderText {#text} at (130,195) size 19x16
            text run at (130,195) width 16: "\x{306B}"
          RenderRuby (inline) {RUBY} at (0,0) size 19x16
            RenderRubyRun (anonymous) at (130,210) size 18x18
              RenderRubyText {RT} at (-11,0) size 10x18
                RenderText {#text} at (0,0) size 11x18
                  text run at (0,0) width 18: "\x{3055}\x{304A}"
              RenderRubyBase (anonymous) at (0,0) size 18x18
                RenderInline {RB} at (0,0) size 19x16
                  RenderText {#text} at (0,1) size 19x16
                    text run at (0,1) width 16: "\x{68F9}"
          RenderText {#text} at (130,227) size 19x176
            text run at (130,227) width 176: "\x{3055}\x{305B}\x{3070}\x{6D41}\x{3055}\x{308C}\x{308B}\x{3002}\x{610F}\x{5730}\x{3092}"
          RenderRuby (inline) {RUBY} at (0,0) size 19x16
            RenderRubyRun (anonymous) at (130,402) size 18x18
              RenderRubyText {RT} at (-11,0) size 10x18
                RenderText {#text} at (0,0) size 11x18
                  text run at (0,0) width 18: "\x{3068}\x{304A}"
              RenderRubyBase (anonymous) at (0,0) size 18x18
                RenderInline {RB} at (0,0) size 19x16
                  RenderText {#text} at (0,1) size 19x16
                    text run at (0,1) width 16: "\x{901A}"
          RenderText {#text} at (130,419) size 19x32
            text run at (130,419) width 32: "\x{305B}\x{3070}"
          RenderRuby (inline) {RUBY} at (0,0) size 19x41
            RenderRubyRun (anonymous) at (130,447) size 18x45
              RenderRubyText {RT} at (-11,0) size 10x45
                RenderText {#text} at (0,0) size 11x45
                  text run at (0,0) width 45: "\x{304D}\x{3085}\x{3046}\x{304F}\x{3064}"
              RenderRubyBase (anonymous) at (0,0) size 18x45
                RenderInline {RB} at (0,0) size 19x33
                  RenderText {#text} at (0,6) size 19x33
                    text run at (0,6) width 32: "\x{7AAE}\x{5C48}"
          RenderText {#text} at (148,0) size 19x254
            text run at (148,0) width 254: "\x{3060}\x{3002}\x{3068}\x{304B}\x{304F}\x{306B}\x{4EBA}\x{306E}\x{4E16}\x{306F}\x{4F4F}\x{307F}\x{306B}\x{304F}\x{3044}\x{3002}"
          RenderBR {BR} at (148,254) size 19x0
          RenderText {#text} at (177,0) size 19x112
            text run at (177,0) width 112: "\x{3000}\x{4F4F}\x{307F}\x{306B}\x{304F}\x{3055}\x{304C}"
          RenderRuby (inline) {RUBY} at (0,0) size 19x16
            RenderRubyRun (anonymous) at (177,111) size 18x18
              RenderRubyText {RT} at (-11,0) size 10x18
                RenderText {#text} at (0,0) size 11x18
                  text run at (0,0) width 18: "\x{3053}\x{3046}"
              RenderRubyBase (anonymous) at (0,0) size 18x18
                RenderInline {RB} at (0,0) size 19x16
                  RenderText {#text} at (0,1) size 19x16
                    text run at (0,1) width 16: "\x{9AD8}"
          RenderText {#text} at (177,128) size 48x480
            text run at (177,128) width 352: "\x{3058}\x{308B}\x{3068}\x{3001}\x{5B89}\x{3044}\x{6240}\x{3078}\x{5F15}\x{304D}\x{8D8A}\x{3057}\x{305F}\x{304F}\x{306A}\x{308B}\x{3002}\x{3069}\x{3053}\x{3078}\x{8D8A}\x{3057}"
            text run at (206,0) width 128: "\x{3066}\x{3082}\x{4F4F}\x{307F}\x{306B}\x{304F}\x{3044}\x{3068}"
          RenderRuby (inline) {RUBY} at (0,0) size 19x16
            RenderRubyRun (anonymous) at (206,127) size 18x18
              RenderRubyText {RT} at (-11,0) size 10x18
                RenderText {#text} at (0,0) size 11x18
                  text run at (0,0) width 18: "\x{3055}\x{3068}"
              RenderRubyBase (anonymous) at (0,0) size 18x18
                RenderInline {RB} at (0,0) size 19x16
                  RenderText {#text} at (0,1) size 19x16
                    text run at (0,1) width 16: "\x{609F}"
          RenderText {#text} at (206,144) size 19x160
            text run at (206,144) width 160: "\x{3063}\x{305F}\x{6642}\x{3001}\x{8A69}\x{304C}\x{751F}\x{308C}\x{3066}\x{3001}"
          RenderRuby (inline) {RUBY} at (0,0) size 19x16
            RenderRubyRun (anonymous) at (206,304) size 18x16
              RenderRubyText {RT} at (-11,0) size 10x16
                RenderText {#text} at (0,3) size 11x10
                  text run at (0,3) width 9: "\x{3048}"
              RenderRubyBase (anonymous) at (0,0) size 18x16
                RenderInline {RB} at (0,0) size 19x16
                  RenderText {#text} at (0,0) size 19x16
                    text run at (0,0) width 16: "\x{753B}"
          RenderText {#text} at (206,320) size 19x80
            text run at (206,320) width 80: "\x{304C}\x{51FA}\x{6765}\x{308B}\x{3002}"
          RenderBR {BR} at (206,400) size 19x0
          RenderText {#text} at (224,0) size 19x16
            text run at (224,0) width 16: "\x{3000}"
          RenderInline {STRONG} at (0,0) size 19x46
            RenderText {#text} at (224,16) size 19x46
              text run at (224,16) width 46: "\x{4EBA}\x{306E}\x{4E16}"
          RenderText {#text} at (224,62) size 19x430
            text run at (224,62) width 430: "\x{3092}\x{4F5C}\x{3063}\x{305F}\x{3082}\x{306E}\x{306F}\x{795E}\x{3067}\x{3082}\x{306A}\x{3051}\x{308C}\x{3070}\x{9B3C}\x{3067}\x{3082}\x{306A}\x{3044}\x{3002}\x{3084}\x{306F}\x{308A}\x{5411}\x{3046}\x{4E09}\x{8ED2}"
          RenderRuby (inline) {RUBY} at (0,0) size 19x41
            RenderRubyRun (anonymous) at (253,0) size 18x45
              RenderRubyText {RT} at (-11,0) size 10x45
                RenderText {#text} at (0,0) size 11x45
                  text run at (0,0) width 45: "\x{308A}\x{3087}\x{3046}\x{3069}\x{306A}"
              RenderRubyBase (anonymous) at (0,0) size 18x45
                RenderInline {RB} at (0,0) size 19x33
                  RenderText {#text} at (0,6) size 19x33
                    text run at (0,6) width 32: "\x{4E21}\x{96A3}"
          RenderText {#text} at (253,41) size 19x380
            text run at (253,41) width 380: "\x{308A}\x{306B}\x{3061}\x{3089}\x{3061}\x{3089}\x{3059}\x{308B}\x{305F}\x{3060}\x{306E}\x{4EBA}\x{3067}\x{3042}\x{308B}\x{3002}\x{305F}\x{3060}\x{306E}\x{4EBA}\x{304C}\x{4F5C}\x{3063}\x{305F}"
          RenderInline {STRONG} at (0,0) size 19x46
            RenderText {#text} at (253,421) size 19x46
              text run at (253,421) width 46: "\x{4EBA}\x{306E}\x{4E16}"
          RenderText {#text} at (253,467) size 37x483
            text run at (253,467) width 16: "\x{304C}"
            text run at (271,0) width 352: "\x{4F4F}\x{307F}\x{306B}\x{304F}\x{3044}\x{304B}\x{3089}\x{3068}\x{3066}\x{3001}\x{8D8A}\x{3059}\x{56FD}\x{306F}\x{3042}\x{308B}\x{307E}\x{3044}\x{3002}\x{3042}\x{308C}\x{3070}"
          RenderInline {STRONG} at (0,0) size 19x64
            RenderText {#text} at (271,352) size 19x64
              text run at (271,352) width 64: "\x{4EBA}\x{3067}\x{306A}\x{3057}"
          RenderText {#text} at (271,416) size 37x478
            text run at (271,416) width 62: "\x{306E}\x{56FD}\x{3078}\x{884C}"
            text run at (289,0) width 96: "\x{304F}\x{3070}\x{304B}\x{308A}\x{3060}\x{3002}"
          RenderInline {STRONG} at (0,0) size 19x64
            RenderText {#text} at (289,96) size 19x64
              text run at (289,96) width 64: "\x{4EBA}\x{3067}\x{306A}\x{3057}"
          RenderText {#text} at (289,160) size 19x46
            text run at (289,160) width 46: "\x{306E}\x{56FD}\x{306F}"
          RenderInline {STRONG} at (0,0) size 19x46
            RenderText {#text} at (289,206) size 19x46
              text run at (289,206) width 46: "\x{4EBA}\x{306E}\x{4E16}"
          RenderText {#text} at (289,252) size 19x208
            text run at (289,252) width 208: "\x{3088}\x{308A}\x{3082}\x{306A}\x{304A}\x{4F4F}\x{307F}\x{306B}\x{304F}\x{304B}\x{308D}\x{3046}\x{3002}"
          RenderBR {BR} at (289,460) size 19x0
          RenderText {#text} at (307,0) size 48x462
            text run at (307,0) width 462: "\x{3000}\x{8D8A}\x{3059}\x{4E8B}\x{306E}\x{306A}\x{3089}\x{306C}\x{4E16}\x{304C}\x{4F4F}\x{307F}\x{306B}\x{304F}\x{3051}\x{308C}\x{3070}\x{3001}\x{4F4F}\x{307F}\x{306B}\x{304F}\x{3044}\x{6240}\x{3092}\x{3069}\x{308C}\x{307B}\x{3069}"
            text run at (336,0) width 32: "\x{304B}\x{3001}"
          RenderRuby (inline) {RUBY} at (0,0) size 19x32
            RenderRubyRun (anonymous) at (336,30) size 18x36
              RenderRubyText {RT} at (-11,0) size 10x36
                RenderText {#text} at (0,0) size 11x36
                  text run at (0,0) width 36: "\x{304F}\x{3064}\x{308D}\x{3052}"
              RenderRubyBase (anonymous) at (0,0) size 18x36
                RenderInline {RB} at (0,0) size 19x32
                  RenderText {#text} at (0,2) size 19x32
                    text run at (0,2) width 32: "\x{5BDB}\x{5BB9}"
          RenderText {#text} at (336,64) size 19x32
            text run at (336,64) width 32: "\x{3066}\x{3001}"
          RenderRuby (inline) {RUBY} at (0,0) size 19x16
            RenderRubyRun (anonymous) at (336,95) size 18x18
              RenderRubyText {RT} at (-11,0) size 10x18
                RenderText {#text} at (0,0) size 11x18
                  text run at (0,0) width 18: "\x{3064}\x{304B}"
              RenderRubyBase (anonymous) at (0,0) size 18x18
                RenderInline {RB} at (0,0) size 19x16
                  RenderText {#text} at (0,1) size 19x16
                    text run at (0,1) width 16: "\x{675F}"
          RenderText {#text} at (336,112) size 19x14
            text run at (336,112) width 14: "\x{306E}"
          RenderRuby (inline) {RUBY} at (0,0) size 19x16
            RenderRubyRun (anonymous) at (336,126) size 18x16
              RenderRubyText {RT} at (-11,0) size 10x16
                RenderText {#text} at (0,3) size 11x10
                  text run at (0,3) width 9: "\x{307E}"
              RenderRubyBase (anonymous) at (0,0) size 18x16
                RenderInline {RB} at (0,0) size 19x16
                  RenderText {#text} at (0,0) size 19x16
                    text run at (0,0) width 16: "\x{9593}"
          RenderText {#text} at (336,142) size 48x490
            text run at (336,142) width 348: "\x{306E}\x{547D}\x{3092}\x{3001}\x{675F}\x{306E}\x{9593}\x{3067}\x{3082}\x{4F4F}\x{307F}\x{3088}\x{304F}\x{305B}\x{306D}\x{3070}\x{306A}\x{3089}\x{306C}\x{3002}\x{3053}\x{3053}"
            text run at (365,0) width 384: "\x{306B}\x{8A69}\x{4EBA}\x{3068}\x{3044}\x{3046}\x{5929}\x{8077}\x{304C}\x{51FA}\x{6765}\x{3066}\x{3001}\x{3053}\x{3053}\x{306B}\x{753B}\x{5BB6}\x{3068}\x{3044}\x{3046}\x{4F7F}\x{547D}\x{304C}"
          RenderRuby (inline) {RUBY} at (0,0) size 19x16
            RenderRubyRun (anonymous) at (365,383) size 18x18
              RenderRubyText {RT} at (-11,0) size 10x18
                RenderText {#text} at (0,0) size 11x18
                  text run at (0,0) width 18: "\x{304F}\x{3060}"
              RenderRubyBase (anonymous) at (0,0) size 18x18
                RenderInline {RB} at (0,0) size 19x16
                  RenderText {#text} at (0,1) size 19x16
                    text run at (0,1) width 16: "\x{964D}"
          RenderText {#text} at (365,400) size 48x480
            text run at (365,400) width 80: "\x{308B}\x{3002}\x{3042}\x{3089}\x{3086}"
            text run at (394,0) width 156: "\x{308B}\x{82B8}\x{8853}\x{306E}\x{58EB}\x{306F}\x{4EBA}\x{306E}\x{4E16}\x{3092}"
          RenderRuby (inline) {RUBY} at (0,0) size 19x32
            RenderRubyRun (anonymous) at (394,156) size 18x32
              RenderRubyText {RT} at (-11,0) size 10x32
                RenderText {#text} at (0,3) size 11x26
                  text run at (0,3) width 26: "\x{306E}\x{3069}\x{304B}"
              RenderRubyBase (anonymous) at (0,0) size 18x32
                RenderInline {RB} at (0,0) size 19x32
                  RenderText {#text} at (0,0) size 19x32
                    text run at (0,0) width 32: "\x{9577}\x{9591}"
          RenderText {#text} at (394,188) size 19x206
            text run at (394,188) width 206: "\x{306B}\x{3057}\x{3001}\x{4EBA}\x{306E}\x{5FC3}\x{3092}\x{8C4A}\x{304B}\x{306B}\x{3059}\x{308B}\x{304C}"
          RenderRuby (inline) {RUBY} at (0,0) size 19x16
            RenderRubyRun (anonymous) at (394,393) size 18x18
              RenderRubyText {RT} at (-11,0) size 10x18
                RenderText {#text} at (0,0) size 11x18
                  text run at (0,0) width 18: "\x{3086}\x{3048}"
              RenderRubyBase (anonymous) at (0,0) size 18x18
                RenderInline {RB} at (0,0) size 19x16
                  RenderText {#text} at (0,1) size 19x16
                    text run at (0,1) width 16: "\x{6545}"
          RenderText {#text} at (394,410) size 19x16
            text run at (394,410) width 16: "\x{306B}"
          RenderRuby (inline) {RUBY} at (0,0) size 19x16
            RenderRubyRun (anonymous) at (394,425) size 18x18
              RenderRubyText {RT} at (-11,0) size 10x18
                RenderText {#text} at (0,0) size 11x18
                  text run at (0,0) width 18: "\x{305F}\x{3063}"
              RenderRubyBase (anonymous) at (0,0) size 18x18
                RenderInline {RB} at (0,0) size 19x16
                  RenderText {#text} at (0,1) size 19x16
                    text run at (0,1) width 16: "\x{5C0A}"
          RenderText {#text} at (394,442) size 19x48
            text run at (394,442) width 48: "\x{3068}\x{3044}\x{3002}"
          RenderBR {BR} at (394,490) size 19x0
          RenderText {#text} at (423,0) size 19x240
            text run at (423,0) width 240: "\x{3000}\x{4F4F}\x{307F}\x{306B}\x{304F}\x{304D}\x{4E16}\x{304B}\x{3089}\x{3001}\x{4F4F}\x{307F}\x{306B}\x{304F}\x{304D}"
          RenderRuby (inline) {RUBY} at (0,0) size 19x19
            RenderRubyRun (anonymous) at (423,236) size 18x27
              RenderRubyText {RT} at (-11,0) size 10x27
                RenderText {#text} at (0,0) size 11x27
                  text run at (0,0) width 27: "\x{308F}\x{305A}\x{3089}"
              RenderRubyBase (anonymous) at (0,0) size 18x27
                RenderInline {RB} at (0,0) size 19x17
                  RenderText {#text} at (0,5) size 19x17
                    text run at (0,5) width 16: "\x{7169}"
          RenderText {#text} at (423,259) size 48x483
            text run at (423,259) width 224: "\x{3044}\x{3092}\x{5F15}\x{304D}\x{629C}\x{3044}\x{3066}\x{3001}\x{3042}\x{308A}\x{304C}\x{305F}\x{3044}\x{4E16}"
            text run at (452,0) width 268: "\x{754C}\x{3092}\x{307E}\x{306E}\x{3042}\x{305F}\x{308A}\x{306B}\x{5199}\x{3059}\x{306E}\x{304C}\x{8A69}\x{3067}\x{3042}\x{308B}\x{3001}"
          RenderRuby (inline) {RUBY} at (0,0) size 19x16
            RenderRubyRun (anonymous) at (452,268) size 18x16
              RenderRubyText {RT} at (-11,0) size 10x16
                RenderText {#text} at (0,3) size 11x10
                  text run at (0,3) width 9: "\x{3048}"
              RenderRubyBase (anonymous) at (0,0) size 18x16
                RenderInline {RB} at (0,0) size 19x16
                  RenderText {#text} at (0,0) size 19x16
                    text run at (0,0) width 16: "\x{753B}"
          RenderText {#text} at (452,284) size 48x492
            text run at (452,284) width 208: "\x{3067}\x{3042}\x{308B}\x{3002}\x{3042}\x{308B}\x{306F}\x{97F3}\x{697D}\x{3068}\x{5F6B}\x{523B}\x{3067}"
            text run at (481,0) width 112: "\x{3042}\x{308B}\x{3002}\x{3053}\x{307E}\x{304B}\x{306B}"
          RenderRuby (inline) {RUBY} at (0,0) size 19x16
            RenderRubyRun (anonymous) at (481,112) size 18x16
              RenderRubyText {RT} at (-11,0) size 10x16
                RenderText {#text} at (0,3) size 11x10
                  text run at (0,3) width 9: "\x{3044}"
              RenderRubyBase (anonymous) at (0,0) size 18x16
                RenderInline {RB} at (0,0) size 19x16
                  RenderText {#text} at (0,0) size 19x16
                    text run at (0,0) width 16: "\x{4E91}"
          RenderText {#text} at (481,128) size 48x462
            text run at (481,128) width 334: "\x{3048}\x{3070}\x{5199}\x{3055}\x{306A}\x{3044}\x{3067}\x{3082}\x{3088}\x{3044}\x{3002}\x{305F}\x{3060}\x{307E}\x{306E}\x{3042}\x{305F}\x{308A}\x{306B}\x{898B}\x{308C}"
            text run at (510,0) width 192: "\x{3070}\x{3001}\x{305D}\x{3053}\x{306B}\x{8A69}\x{3082}\x{751F}\x{304D}\x{3001}\x{6B4C}\x{3082}"
          RenderRuby (inline) {RUBY} at (0,0) size 19x16
            RenderRubyRun (anonymous) at (510,192) size 18x16
              RenderRubyText {RT} at (-11,0) size 10x16
                RenderText {#text} at (0,3) size 11x10
                  text run at (0,3) width 9: "\x{308F}"
              RenderRubyBase (anonymous) at (0,0) size 18x16
                RenderInline {RB} at (0,0) size 19x16
                  RenderText {#text} at (0,0) size 19x16
                    text run at (0,0) width 16: "\x{6E67}"
          RenderText {#text} at (510,208) size 19x192
            text run at (510,208) width 192: "\x{304F}\x{3002}\x{7740}\x{60F3}\x{3092}\x{7D19}\x{306B}\x{843D}\x{3055}\x{306C}\x{3068}\x{3082}"
          RenderRuby (inline) {RUBY} at (0,0) size 19x37
            RenderRubyRun (anonymous) at (510,396) size 18x45
              RenderRubyText {RT} at (-11,0) size 10x45
                RenderText {#text} at (0,0) size 11x45
                  text run at (0,0) width 45: "\x{304D}\x{3085}\x{3046}\x{305D}\x{3046}"
              RenderRubyBase (anonymous) at (0,0) size 18x45
                RenderInline {RB} at (0,0) size 19x33
                  RenderText {#text} at (0,6) size 19x17
                    text run at (0,6) width 16: "\x{7486}"
                  RenderText {#text} at (0,22) size 19x17
                    text run at (0,22) width 16: "\x{93D8}"
          RenderText {#text} at (510,437) size 19x14
            text run at (510,437) width 14: "\x{306E}"
          RenderRuby (inline) {RUBY} at (0,0) size 19x16
            RenderRubyRun (anonymous) at (510,450) size 18x18
              RenderRubyText {RT} at (-11,0) size 10x18
                RenderText {#text} at (0,0) size 11x18
                  text run at (0,0) width 18: "\x{304A}\x{3093}"
              RenderRubyBase (anonymous) at (0,0) size 18x18
                RenderInline {RB} at (0,0) size 19x16
                  RenderText {#text} at (0,1) size 19x16
                    text run at (0,1) width 16: "\x{97F3}"
          RenderText {#text} at (510,467) size 19x16
            text run at (510,467) width 16: "\x{306F}"
          RenderRuby (inline) {RUBY} at (0,0) size 19x34
            RenderRubyRun (anonymous) at (539,0) size 18x36
              RenderRubyText {RT} at (-11,0) size 10x36
                RenderText {#text} at (0,0) size 11x36
                  text run at (0,0) width 36: "\x{304D}\x{3087}\x{3046}\x{308A}"
              RenderRubyBase (anonymous) at (0,0) size 18x36
                RenderInline {RB} at (0,0) size 19x32
                  RenderText {#text} at (0,2) size 19x32
                    text run at (0,2) width 32: "\x{80F8}\x{88CF}"
          RenderText {#text} at (539,34) size 19x16
            text run at (539,34) width 16: "\x{306B}"
          RenderRuby (inline) {RUBY} at (0,0) size 19x16
            RenderRubyRun (anonymous) at (539,49) size 18x18
              RenderRubyText {RT} at (-11,0) size 10x18
                RenderText {#text} at (0,0) size 11x18
                  text run at (0,0) width 18: "\x{304A}\x{3053}"
              RenderRubyBase (anonymous) at (0,0) size 18x18
                RenderInline {RB} at (0,0) size 19x16
                  RenderText {#text} at (0,1) size 19x16
                    text run at (0,1) width 16: "\x{8D77}"
          RenderText {#text} at (539,66) size 19x32
            text run at (539,66) width 32: "\x{308B}\x{3002}"
          RenderRuby (inline) {RUBY} at (0,0) size 19x32
            RenderRubyRun (anonymous) at (539,96) size 18x36
              RenderRubyText {RT} at (-11,0) size 10x36
                RenderText {#text} at (0,0) size 11x36
                  text run at (0,0) width 36: "\x{305F}\x{3093}\x{305B}\x{3044}"
              RenderRubyBase (anonymous) at (0,0) size 18x36
                RenderInline {RB} at (0,0) size 19x32
                  RenderText {#text} at (0,2) size 19x32
                    text run at (0,2) width 32: "\x{4E39}\x{9752}"
          RenderText {#text} at (539,130) size 19x16
            text run at (539,130) width 16: "\x{306F}"
          RenderRuby (inline) {RUBY} at (0,0) size 19x32
            RenderRubyRun (anonymous) at (539,146) size 18x32
              RenderRubyText {RT} at (-11,0) size 10x32
                RenderText {#text} at (0,7) size 11x18
                  text run at (0,7) width 18: "\x{304C}\x{304B}"
              RenderRubyBase (anonymous) at (0,0) size 18x32
                RenderInline {RB} at (0,0) size 19x32
                  RenderText {#text} at (0,0) size 19x32
                    text run at (0,0) width 32: "\x{753B}\x{67B6}"
          RenderText {#text} at (539,178) size 19x64
            text run at (539,178) width 64: "\x{306B}\x{5411}\x{3063}\x{3066}"
          RenderRuby (inline) {RUBY} at (0,0) size 19x32
            RenderRubyRun (anonymous) at (539,242) size 18x32
              RenderRubyText {RT} at (-11,0) size 10x32
                RenderText {#text} at (0,2) size 11x28
                  text run at (0,2) width 27: "\x{3068}\x{307E}\x{3064}"
              RenderRubyBase (anonymous) at (0,0) size 18x32
                RenderInline {RB} at (0,0) size 19x32
                  RenderText {#text} at (0,0) size 19x32
                    text run at (0,0) width 32: "\x{5857}\x{62B9}"
          RenderText {#text} at (539,274) size 19x64
            text run at (539,274) width 64: "\x{305B}\x{3093}\x{3067}\x{3082}"
          RenderRuby (inline) {RUBY} at (0,0) size 19x32
            RenderRubyRun (anonymous) at (539,338) size 18x32
              RenderRubyText {RT} at (-11,0) size 10x32
                RenderText {#text} at (0,2) size 11x28
                  text run at (0,2) width 27: "\x{3054}\x{3055}\x{3044}"
              RenderRubyBase (anonymous) at (0,0) size 18x32
                RenderInline {RB} at (0,0) size 19x32
                  RenderText {#text} at (0,0) size 19x32
                    text run at (0,0) width 32: "\x{4E94}\x{5F69}"
          RenderText {#text} at (539,370) size 19x14
            text run at (539,370) width 14: "\x{306E}"
          RenderRuby (inline) {RUBY} at (0,0) size 19x32
            RenderRubyRun (anonymous) at (539,382) size 18x36
              RenderRubyText {RT} at (-11,0) size 10x36
                RenderText {#text} at (0,0) size 11x36
                  text run at (0,0) width 36: "\x{3051}\x{3093}\x{3089}\x{3093}"
              RenderRubyBase (anonymous) at (0,0) size 18x36
                RenderInline {RB} at (0,0) size 19x32
                  RenderText {#text} at (0,2) size 19x32
                    text run at (0,2) width 32: "\x{7D62}\x{721B}"
          RenderText {#text} at (539,416) size 19x16
            text run at (539,416) width 16: "\x{306F}"
          RenderRuby (inline) {RUBY} at (0,0) size 19x18
            RenderRubyRun (anonymous) at (539,428) size 18x26
              RenderRubyText {RT} at (-11,0) size 10x26
                RenderText {#text} at (0,0) size 11x26
                  text run at (0,0) width 26: "\x{304A}\x{306E}\x{305A}"
              RenderRubyBase (anonymous) at (0,0) size 18x26
                RenderInline {RB} at (0,0) size 19x16
                  RenderText {#text} at (0,5) size 19x16
                    text run at (0,5) width 16: "\x{81EA}"
          RenderText {#text} at (539,450) size 19x32
            text run at (539,450) width 32: "\x{304B}\x{3089}"
          RenderRuby (inline) {RUBY} at (0,0) size 19x34
            RenderRubyRun (anonymous) at (568,0) size 18x36
              RenderRubyText {RT} at (-11,0) size 10x36
                RenderText {#text} at (0,0) size 11x36
                  text run at (0,0) width 36: "\x{3057}\x{3093}\x{304C}\x{3093}"
              RenderRubyBase (anonymous) at (0,0) size 18x36
                RenderInline {RB} at (0,0) size 19x32
                  RenderText {#text} at (0,2) size 19x32
                    text run at (0,2) width 32: "\x{5FC3}\x{773C}"
          RenderText {#text} at (568,34) size 19x254
            text run at (568,34) width 254: "\x{306B}\x{6620}\x{308B}\x{3002}\x{305F}\x{3060}\x{304A}\x{306E}\x{304C}\x{4F4F}\x{3080}\x{4E16}\x{3092}\x{3001}\x{304B}\x{304F}"
          RenderRuby (inline) {RUBY} at (0,0) size 19x16
            RenderRubyRun (anonymous) at (568,287) size 18x18
              RenderRubyText {RT} at (-11,0) size 10x18
                RenderText {#text} at (0,0) size 11x18
                  text run at (0,0) width 18: "\x{304B}\x{3093}"
              RenderRubyBase (anonymous) at (0,0) size 18x18
                RenderInline {RB} at (0,0) size 19x16
                  RenderText {#text} at (0,1) size 19x16
                    text run at (0,1) width 16: "\x{89B3}"
          RenderText {#text} at (568,304) size 19x64
            text run at (568,304) width 64: "\x{3058}\x{5F97}\x{3066}\x{3001}"
          RenderRuby (inline) {RUBY} at (0,0) size 19x64
            RenderRubyRun (anonymous) at (568,364) size 18x72
              RenderRubyText {RT} at (-11,0) size 10x72
                RenderText {#text} at (0,0) size 11x72
                  text run at (0,0) width 72: "\x{308C}\x{3044}\x{3060}\x{3044}\x{307B}\x{3046}\x{3059}\x{3093}"
              RenderRubyBase (anonymous) at (0,0) size 18x72
                RenderInline {RB} at (0,0) size 19x64
                  RenderText {#text} at (0,4) size 19x64
                    text run at (0,4) width 64: "\x{970A}\x{53F0}\x{65B9}\x{5BF8}"
          RenderText {#text} at (568,432) size 48x478
            text run at (568,432) width 46: "\x{306E}\x{30AB}\x{30E1}"
            text run at (597,0) width 32: "\x{30E9}\x{306B}"
          RenderRuby (inline) {RUBY} at (0,0) size 19x64
            RenderRubyRun (anonymous) at (597,28) size 18x72
              RenderRubyText {RT} at (-11,0) size 10x72
                RenderText {#text} at (0,0) size 11x72
                  text run at (0,0) width 72: "\x{304E}\x{3087}\x{3046}\x{304D}\x{3053}\x{3093}\x{3060}\x{304F}"
              RenderRubyBase (anonymous) at (0,0) size 18x72
                RenderInline {RB} at (0,0) size 19x64
                  RenderText {#text} at (0,4) size 19x64
                    text run at (0,4) width 64: "\x{6F86}\x{5B63}\x{6EB7}\x{6FC1}"
          RenderText {#text} at (597,96) size 19x206
            text run at (597,96) width 206: "\x{306E}\x{4FD7}\x{754C}\x{3092}\x{6E05}\x{304F}\x{3046}\x{3089}\x{3089}\x{304B}\x{306B}\x{53CE}\x{3081}"
          RenderRuby (inline) {RUBY} at (0,0) size 19x16
            RenderRubyRun (anonymous) at (597,302) size 18x16
              RenderRubyText {RT} at (-11,0) size 10x16
                RenderText {#text} at (0,3) size 11x10
                  text run at (0,3) width 9: "\x{3046}"
              RenderRubyBase (anonymous) at (0,0) size 18x16
                RenderInline {RB} at (0,0) size 19x16
                  RenderText {#text} at (0,0) size 19x16
                    text run at (0,0) width 16: "\x{5F97}"
          RenderText {#text} at (597,318) size 19x32
            text run at (597,318) width 32: "\x{308C}\x{3070}"
          RenderRuby (inline) {RUBY} at (0,0) size 19x16
            RenderRubyRun (anonymous) at (597,350) size 18x16
              RenderRubyText {RT} at (-11,0) size 10x16
                RenderText {#text} at (0,3) size 11x10
                  text run at (0,3) width 9: "\x{305F}"
              RenderRubyBase (anonymous) at (0,0) size 18x16
                RenderInline {RB} at (0,0) size 19x16
                  RenderText {#text} at (0,0) size 19x16
                    text run at (0,0) width 16: "\x{8DB3}"
          RenderText {#text} at (597,366) size 19x94
            text run at (597,366) width 94: "\x{308B}\x{3002}\x{3053}\x{306E}\x{6545}\x{306B}"
          RenderRuby (inline) {RUBY} at (0,0) size 19x32
            RenderRubyRun (anonymous) at (597,460) size 18x32
              RenderRubyText {RT} at (-11,0) size 10x32
                RenderText {#text} at (0,2) size 11x28
                  text run at (0,2) width 27: "\x{3080}\x{305B}\x{3044}"
              RenderRubyBase (anonymous) at (0,0) size 18x32
                RenderInline {RB} at (0,0) size 19x32
                  RenderText {#text} at (0,0) size 19x32
                    text run at (0,0) width 32: "\x{7121}\x{58F0}"
          RenderText {#text} at (626,0) size 19x158
            text run at (626,0) width 158: "\x{306E}\x{8A69}\x{4EBA}\x{306B}\x{306F}\x{4E00}\x{53E5}\x{306A}\x{304F}\x{3001}"
          RenderRuby (inline) {RUBY} at (0,0) size 19x32
            RenderRubyRun (anonymous) at (626,156) size 18x36
              RenderRubyText {RT} at (-11,0) size 10x36
                RenderText {#text} at (0,0) size 11x36
                  text run at (0,0) width 36: "\x{3080}\x{3057}\x{3087}\x{304F}"
              RenderRubyBase (anonymous) at (0,0) size 18x36
                RenderInline {RB} at (0,0) size 19x32
                  RenderText {#text} at (0,2) size 19x32
                    text run at (0,2) width 32: "\x{7121}\x{8272}"
          RenderText {#text} at (626,190) size 19x78
            text run at (626,190) width 78: "\x{306E}\x{753B}\x{5BB6}\x{306B}\x{306F}"
          RenderRuby (inline) {RUBY} at (0,0) size 19x32
            RenderRubyRun (anonymous) at (626,266) size 18x36
              RenderRubyText {RT} at (-11,0) size 10x36
                RenderText {#text} at (0,0) size 11x36
                  text run at (0,0) width 36: "\x{305B}\x{3063}\x{3051}\x{3093}"
              RenderRubyBase (anonymous) at (0,0) size 18x36
                RenderInline {RB} at (0,0) size 19x32
                  RenderText {#text} at (0,2) size 19x32
                    text run at (0,2) width 32: "\x{5C3A}\x{7E11}"
          RenderText {#text} at (626,300) size 19x96
            text run at (626,300) width 96: "\x{306A}\x{304D}\x{3082}\x{3001}\x{304B}\x{304F}"
          RenderRuby (inline) {RUBY} at (0,0) size 19x32
            RenderRubyRun (anonymous) at (626,394) size 18x36
              RenderRubyText {RT} at (-11,0) size 10x36
                RenderText {#text} at (0,0) size 11x36
                  text run at (0,0) width 36: "\x{3058}\x{3093}\x{305B}\x{3044}"
              RenderRubyBase (anonymous) at (0,0) size 18x36
                RenderInline {RB} at (0,0) size 19x32
                  RenderText {#text} at (0,2) size 19x32
                    text run at (0,2) width 32: "\x{4EBA}\x{4E16}"
          RenderText {#text} at (626,428) size 48x492
            text run at (626,428) width 64: "\x{3092}\x{89B3}\x{3058}\x{5F97}"
            text run at (655,0) width 158: "\x{308B}\x{306E}\x{70B9}\x{306B}\x{304A}\x{3044}\x{3066}\x{3001}\x{304B}\x{304F}"
          RenderRuby (inline) {RUBY} at (0,0) size 19x33
            RenderRubyRun (anonymous) at (655,157) size 18x35
              RenderRubyText {RT} at (-11,0) size 10x35
                RenderText {#text} at (0,0) size 11x35
                  text run at (0,0) width 35: "\x{307C}\x{3093}\x{306E}\x{3046}"
              RenderRubyBase (anonymous) at (0,0) size 18x35
                RenderInline {RB} at (0,0) size 19x33
                  RenderText {#text} at (0,1) size 19x33
                    text run at (0,1) width 32: "\x{7169}\x{60A9}"
          RenderText {#text} at (655,191) size 19x16
            text run at (655,191) width 16: "\x{3092}"
          RenderRuby (inline) {RUBY} at (0,0) size 19x32
            RenderRubyRun (anonymous) at (655,207) size 18x32
              RenderRubyText {RT} at (-11,0) size 10x32
                RenderText {#text} at (0,2) size 11x28
                  text run at (0,2) width 27: "\x{3052}\x{3060}\x{3064}"
              RenderRubyBase (anonymous) at (0,0) size 18x32
                RenderInline {RB} at (0,0) size 19x32
                  RenderText {#text} at (0,0) size 19x32
                    text run at (0,0) width 32: "\x{89E3}\x{8131}"
          RenderText {#text} at (655,239) size 19x174
            text run at (655,239) width 174: "\x{3059}\x{308B}\x{306E}\x{70B9}\x{306B}\x{304A}\x{3044}\x{3066}\x{3001}\x{304B}\x{304F}"
          RenderRuby (inline) {RUBY} at (0,0) size 19x64
            RenderRubyRun (anonymous) at (655,409) size 18x72
              RenderRubyText {RT} at (-11,0) size 10x72
                RenderText {#text} at (0,0) size 11x72
                  text run at (0,0) width 72: "\x{3057}\x{3087}\x{3046}\x{3058}\x{3087}\x{3046}\x{304B}\x{3044}"
              RenderRubyBase (anonymous) at (0,0) size 18x72
                RenderInline {RB} at (0,0) size 19x48
                  RenderText {#text} at (0,12) size 19x48
                    text run at (0,12) width 48: "\x{6E05}\x{6D44}\x{754C}"
          RenderText {#text} at (655,477) size 19x16
            text run at (655,477) width 16: "\x{306B}"
          RenderRuby (inline) {RUBY} at (0,0) size 19x50
            RenderRubyRun (anonymous) at (684,0) size 18x54
              RenderRubyText {RT} at (-11,0) size 10x54
                RenderText {#text} at (0,0) size 11x54
                  text run at (0,0) width 54: "\x{3057}\x{3085}\x{3064}\x{306B}\x{3085}\x{3046}"
              RenderRubyBase (anonymous) at (0,0) size 18x54
                RenderInline {RB} at (0,0) size 19x32
                  RenderText {#text} at (0,11) size 19x32
                    text run at (0,11) width 32: "\x{51FA}\x{5165}"
          RenderText {#text} at (684,50) size 19x220
            text run at (684,50) width 220: "\x{3057}\x{5F97}\x{308B}\x{306E}\x{70B9}\x{306B}\x{304A}\x{3044}\x{3066}\x{3001}\x{307E}\x{305F}\x{3053}\x{306E}"
          RenderRuby (inline) {RUBY} at (0,0) size 19x64
            RenderRubyRun (anonymous) at (684,270) size 18x64
              RenderRubyText {RT} at (-11,0) size 10x64
                RenderText {#text} at (0,9) size 11x46
                  text run at (0,9) width 45: "\x{3075}\x{3069}\x{3046}\x{3075}\x{3058}"
              RenderRubyBase (anonymous) at (0,0) size 18x64
                RenderInline {RB} at (0,0) size 19x64
                  RenderText {#text} at (0,0) size 19x64
                    text run at (0,0) width 64: "\x{4E0D}\x{540C}\x{4E0D}\x{4E8C}"
          RenderText {#text} at (684,334) size 19x14
            text run at (684,334) width 14: "\x{306E}"
          RenderRuby (inline) {RUBY} at (0,0) size 19x32
            RenderRubyRun (anonymous) at (684,346) size 18x36
              RenderRubyText {RT} at (-11,0) size 10x36
                RenderText {#text} at (0,0) size 11x36
                  text run at (0,0) width 36: "\x{3051}\x{3093}\x{3053}\x{3093}"
              RenderRubyBase (anonymous) at (0,0) size 18x36
                RenderInline {RB} at (0,0) size 19x32
                  RenderText {#text} at (0,2) size 19x32
                    text run at (0,2) width 32: "\x{4E7E}\x{5764}"
          RenderText {#text} at (684,380) size 19x16
            text run at (684,380) width 16: "\x{3092}"
          RenderRuby (inline) {RUBY} at (0,0) size 19x37
            RenderRubyRun (anonymous) at (684,392) size 18x45
              RenderRubyText {RT} at (-11,0) size 10x45
                RenderText {#text} at (0,0) size 11x45
                  text run at (0,0) width 45: "\x{3053}\x{3093}\x{308A}\x{3085}\x{3046}"
              RenderRubyBase (anonymous) at (0,0) size 18x45
                RenderInline {RB} at (0,0) size 19x33
                  RenderText {#text} at (0,6) size 19x33
                    text run at (0,6) width 32: "\x{5EFA}\x{7ACB}"
          RenderText {#text} at (684,433) size 48x481
            text run at (684,433) width 48: "\x{3057}\x{5F97}\x{308B}"
            text run at (713,0) width 110: "\x{306E}\x{70B9}\x{306B}\x{304A}\x{3044}\x{3066}\x{3001}"
          RenderRuby (inline) {RUBY} at (0,0) size 19x64
            RenderRubyRun (anonymous) at (713,110) size 18x64
              RenderRubyText {RT} at (-11,0) size 10x64
                RenderText {#text} at (0,9) size 11x46
                  text run at (0,9) width 45: "\x{304C}\x{308A}\x{3057}\x{3088}\x{304F}"
              RenderRubyBase (anonymous) at (0,0) size 18x64
                RenderInline {RB} at (0,0) size 19x64
                  RenderText {#text} at (0,0) size 19x64
                    text run at (0,0) width 64: "\x{6211}\x{5229}\x{79C1}\x{617E}"
          RenderText {#text} at (713,174) size 19x14
            text run at (713,174) width 14: "\x{306E}"
          RenderRuby (inline) {RUBY} at (0,0) size 19x32
            RenderRubyRun (anonymous) at (713,188) size 18x32
              RenderRubyText {RT} at (-11,0) size 10x32
                RenderText {#text} at (0,2) size 11x28
                  text run at (0,2) width 27: "\x{304D}\x{306F}\x{3093}"
              RenderRubyBase (anonymous) at (0,0) size 18x32
                RenderInline {RB} at (0,0) size 19x32
                  RenderText {#text} at (0,0) size 19x32
                    text run at (0,0) width 32: "\x{898A}\x{7D46}"
          RenderText {#text} at (713,220) size 19x16
            text run at (713,220) width 16: "\x{3092}"
          RenderRuby (inline) {RUBY} at (0,0) size 19x32
            RenderRubyRun (anonymous) at (713,234) size 18x36
              RenderRubyText {RT} at (-11,0) size 10x36
                RenderText {#text} at (0,0) size 11x36
                  text run at (0,0) width 36: "\x{305D}\x{3046}\x{3068}\x{3046}"
              RenderRubyBase (anonymous) at (0,0) size 18x36
                RenderInline {RB} at (0,0) size 19x32
                  RenderText {#text} at (0,2) size 19x32
                    text run at (0,2) width 32: "\x{6383}\x{8569}"
          RenderText {#text} at (713,268) size 19x174
            text run at (713,268) width 174: "\x{3059}\x{308B}\x{306E}\x{70B9}\x{306B}\x{304A}\x{3044}\x{3066}\x{3001}\x{2015}\x{2015}"
          RenderRuby (inline) {RUBY} at (0,0) size 19x32
            RenderRubyRun (anonymous) at (713,440) size 18x36
              RenderRubyText {RT} at (-11,0) size 10x36
                RenderText {#text} at (0,0) size 11x36
                  text run at (0,0) width 36: "\x{305B}\x{3093}\x{304D}\x{3093}"
              RenderRubyBase (anonymous) at (0,0) size 18x36
                RenderInline {RB} at (0,0) size 19x32
                  RenderText {#text} at (0,2) size 19x32
                    text run at (0,2) width 32: "\x{5343}\x{91D1}"
          RenderText {#text} at (713,474) size 48x488
            text run at (713,474) width 14: "\x{306E}"
            text run at (742,0) width 80: "\x{5B50}\x{3088}\x{308A}\x{3082}\x{3001}"
          RenderRuby (inline) {RUBY} at (0,0) size 19x37
            RenderRubyRun (anonymous) at (742,76) size 18x45
              RenderRubyText {RT} at (-11,0) size 10x45
                RenderText {#text} at (0,0) size 11x45
                  text run at (0,0) width 45: "\x{3070}\x{3093}\x{3058}\x{3087}\x{3046}"
              RenderRubyBase (anonymous) at (0,0) size 18x45
                RenderInline {RB} at (0,0) size 19x33
                  RenderText {#text} at (0,6) size 19x33
                    text run at (0,6) width 32: "\x{4E07}\x{4E57}"
          RenderText {#text} at (742,117) size 19x204
            text run at (742,117) width 204: "\x{306E}\x{541B}\x{3088}\x{308A}\x{3082}\x{3001}\x{3042}\x{3089}\x{3086}\x{308B}\x{4FD7}\x{754C}\x{306E}"
          RenderRuby (inline) {RUBY} at (0,0) size 19x32
            RenderRubyRun (anonymous) at (742,319) size 18x36
              RenderRubyText {RT} at (-11,0) size 10x36
                RenderText {#text} at (0,0) size 11x36
                  text run at (0,0) width 36: "\x{3061}\x{3087}\x{3046}\x{3058}"
              RenderRubyBase (anonymous) at (0,0) size 18x36
                RenderInline {RB} at (0,0) size 19x32
                  RenderText {#text} at (0,2) size 19x32
                    text run at (0,2) width 32: "\x{5BF5}\x{5150}"
          RenderText {#text} at (742,353) size 37x465
            text run at (742,353) width 112: "\x{3088}\x{308A}\x{3082}\x{5E78}\x{798F}\x{3067}\x{3042}"
            text run at (760,0) width 32: "\x{308B}\x{3002}"
          RenderBR {BR} at (760,32) size 19x0
          RenderText {#text} at (789,0) size 19x272
            text run at (789,0) width 272: "\x{3000}\x{4E16}\x{306B}\x{4F4F}\x{3080}\x{3053}\x{3068}\x{4E8C}\x{5341}\x{5E74}\x{306B}\x{3057}\x{3066}\x{3001}\x{4F4F}\x{3080}\x{306B}"
          RenderRuby (inline) {RUBY} at (0,0) size 19x32
            RenderRubyRun (anonymous) at (789,272) size 18x32
              RenderRubyText {RT} at (-11,0) size 10x32
                RenderText {#text} at (0,7) size 11x18
                  text run at (0,7) width 18: "\x{304B}\x{3044}"
              RenderRubyBase (anonymous) at (0,0) size 18x32
                RenderInline {RB} at (0,0) size 19x32
                  RenderText {#text} at (0,0) size 19x32
                    text run at (0,0) width 32: "\x{7532}\x{6590}"
          RenderText {#text} at (789,304) size 48x480
            text run at (789,304) width 176: "\x{3042}\x{308B}\x{4E16}\x{3068}\x{77E5}\x{3063}\x{305F}\x{3002}\x{4E8C}\x{5341}\x{4E94}"
            text run at (818,0) width 112: "\x{5E74}\x{306B}\x{3057}\x{3066}\x{660E}\x{6697}\x{306F}"
          RenderRuby (inline) {RUBY} at (0,0) size 19x32
            RenderRubyRun (anonymous) at (818,110) size 18x36
              RenderRubyText {RT} at (-11,0) size 10x36
                RenderText {#text} at (0,0) size 11x36
                  text run at (0,0) width 36: "\x{3072}\x{3087}\x{3046}\x{308A}"
              RenderRubyBase (anonymous) at (0,0) size 18x36
                RenderInline {RB} at (0,0) size 19x32
                  RenderText {#text} at (0,2) size 19x32
                    text run at (0,2) width 32: "\x{8868}\x{88CF}"
          RenderText {#text} at (818,144) size 48x476
            text run at (818,144) width 332: "\x{306E}\x{3054}\x{3068}\x{304F}\x{3001}\x{65E5}\x{306E}\x{3042}\x{305F}\x{308B}\x{6240}\x{306B}\x{306F}\x{304D}\x{3063}\x{3068}\x{5F71}\x{304C}\x{3055}\x{3059}\x{3068}"
            text run at (847,0) width 110: "\x{609F}\x{3063}\x{305F}\x{3002}\x{4E09}\x{5341}\x{306E}"
          RenderRuby (inline) {RUBY} at (0,0) size 19x32
            RenderRubyRun (anonymous) at (847,108) size 18x36
              RenderRubyText {RT} at (-11,0) size 10x36
                RenderText {#text} at (0,0) size 11x36
                  text run at (0,0) width 36: "\x{3053}\x{3093}\x{306B}\x{3061}"
              RenderRubyBase (anonymous) at (0,0) size 18x36
                RenderInline {RB} at (0,0) size 19x32
                  RenderText {#text} at (0,2) size 19x32
                    text run at (0,2) width 32: "\x{4ECA}\x{65E5}"
          RenderText {#text} at (847,142) size 19x286
            text run at (847,142) width 286: "\x{306F}\x{3053}\x{3046}\x{601D}\x{3046}\x{3066}\x{3044}\x{308B}\x{3002}\x{2015}\x{2015}\x{559C}\x{3073}\x{306E}\x{6DF1}\x{304D}\x{3068}\x{304D}"
          RenderRuby (inline) {RUBY} at (0,0) size 19x19
            RenderRubyRun (anonymous) at (847,424) size 18x27
              RenderRubyText {RT} at (-11,0) size 10x27
                RenderText {#text} at (0,0) size 11x27
                  text run at (0,0) width 27: "\x{3046}\x{308C}\x{3044}"
              RenderRubyBase (anonymous) at (0,0) size 18x27
                RenderInline {RB} at (0,0) size 19x17
                  RenderText {#text} at (0,5) size 19x17
                    text run at (0,5) width 16: "\x{6182}"
          RenderText {#text} at (847,447) size 48x479
            text run at (847,447) width 32: "\x{3044}\x{3088}"
            text run at (876,0) width 80: "\x{3044}\x{3088}\x{6DF1}\x{304F}\x{3001}"
          RenderRuby (inline) {RUBY} at (0,0) size 19x18
            RenderRubyRun (anonymous) at (876,76) size 18x26
              RenderRubyText {RT} at (-11,0) size 10x26
                RenderText {#text} at (0,0) size 11x26
                  text run at (0,0) width 26: "\x{305F}\x{306E}\x{3057}"
              RenderRubyBase (anonymous) at (0,0) size 18x26
                RenderInline {RB} at (0,0) size 19x16
                  RenderText {#text} at (0,5) size 19x16
                    text run at (0,5) width 16: "\x{697D}"
          RenderText {#text} at (876,98) size 48x480
            text run at (876,98) width 382: "\x{307F}\x{306E}\x{5927}\x{3044}\x{306A}\x{308B}\x{307B}\x{3069}\x{82E6}\x{3057}\x{307F}\x{3082}\x{5927}\x{304D}\x{3044}\x{3002}\x{3053}\x{308C}\x{3092}\x{5207}\x{308A}\x{653E}\x{305D}\x{3046}"
            text run at (905,0) width 160: "\x{3068}\x{3059}\x{308B}\x{3068}\x{8EAB}\x{304C}\x{6301}\x{3066}\x{306C}\x{3002}"
          RenderRuby (inline) {RUBY} at (0,0) size 19x16
            RenderRubyRun (anonymous) at (905,159) size 18x18
              RenderRubyText {RT} at (-11,0) size 10x18
                RenderText {#text} at (0,0) size 11x18
                  text run at (0,0) width 18: "\x{304B}\x{305F}"
              RenderRubyBase (anonymous) at (0,0) size 18x18
                RenderInline {RB} at (0,0) size 19x16
                  RenderText {#text} at (0,1) size 19x16
                    text run at (0,1) width 16: "\x{7247}"
          RenderText {#text} at (905,176) size 48x464
            text run at (905,176) width 288: "\x{3065}\x{3051}\x{3088}\x{3046}\x{3068}\x{3059}\x{308C}\x{3070}\x{4E16}\x{304C}\x{7ACB}\x{305F}\x{306C}\x{3002}\x{91D1}\x{306F}\x{5927}\x{4E8B}"
            text run at (934,0) width 126: "\x{3060}\x{3001}\x{5927}\x{4E8B}\x{306A}\x{3082}\x{306E}\x{304C}"
          RenderRuby (inline) {RUBY} at (0,0) size 19x16
            RenderRubyRun (anonymous) at (934,126) size 18x16
              RenderRubyText {RT} at (-11,0) size 10x16
                RenderText {#text} at (0,3) size 11x10
                  text run at (0,3) width 9: "\x{3075}"
              RenderRubyBase (anonymous) at (0,0) size 18x16
                RenderInline {RB} at (0,0) size 19x16
                  RenderText {#text} at (0,0) size 19x16
                    text run at (0,0) width 16: "\x{6B96}"
          RenderText {#text} at (934,142) size 19x48
            text run at (934,142) width 48: "\x{3048}\x{308C}\x{3070}"
          RenderRuby (inline) {RUBY} at (0,0) size 19x16
            RenderRubyRun (anonymous) at (934,190) size 18x16
              RenderRubyText {RT} at (-11,0) size 10x16
                RenderText {#text} at (0,3) size 11x10
                  text run at (0,3) width 9: "\x{306D}"
              RenderRubyBase (anonymous) at (0,0) size 18x16
                RenderInline {RB} at (0,0) size 19x16
                  RenderText {#text} at (0,0) size 19x16
                    text run at (0,0) width 16: "\x{5BDD}"
          RenderText {#text} at (934,206) size 19x16
            text run at (934,206) width 16: "\x{308B}"
          RenderRuby (inline) {RUBY} at (0,0) size 19x16
            RenderRubyRun (anonymous) at (934,222) size 18x16
              RenderRubyText {RT} at (-11,0) size 10x16
                RenderText {#text} at (0,3) size 11x10
                  text run at (0,3) width 9: "\x{307E}"
              RenderRubyBase (anonymous) at (0,0) size 18x16
                RenderInline {RB} at (0,0) size 19x16
                  RenderText {#text} at (0,0) size 19x16
                    text run at (0,0) width 16: "\x{9593}"
          RenderText {#text} at (934,238) size 66x478
            text run at (934,238) width 240: "\x{3082}\x{5FC3}\x{914D}\x{3060}\x{308D}\x{3046}\x{3002}\x{604B}\x{306F}\x{3046}\x{308C}\x{3057}\x{3044}\x{3001}\x{5B09}"
            text run at (952,0) width 478: "\x{3057}\x{3044}\x{604B}\x{304C}\x{7A4D}\x{3082}\x{308C}\x{3070}\x{3001}\x{604B}\x{3092}\x{305B}\x{306C}\x{6614}\x{304C}\x{304B}\x{3048}\x{3063}\x{3066}\x{604B}\x{3057}\x{304B}\x{308D}\x{3002}\x{95A3}\x{50DA}\x{306E}\x{80A9}\x{306F}\x{6570}"
            text run at (981,0) width 94: "\x{767E}\x{4E07}\x{4EBA}\x{306E}\x{8DB3}\x{3092}"
          RenderRuby (inline) {RUBY} at (0,0) size 19x16
            RenderRubyRun (anonymous) at (981,93) size 18x18
              RenderRubyText {RT} at (-11,0) size 10x18
                RenderText {#text} at (0,0) size 11x18
                  text run at (0,0) width 18: "\x{3055}\x{3055}"
              RenderRubyBase (anonymous) at (0,0) size 18x18
                RenderInline {RB} at (0,0) size 19x16
                  RenderText {#text} at (0,1) size 19x16
                    text run at (0,1) width 16: "\x{652F}"
          RenderText {#text} at (981,110) size 19x80
            text run at (981,110) width 80: "\x{3048}\x{3066}\x{3044}\x{308B}\x{3002}"
          RenderRuby (inline) {RUBY} at (0,0) size 19x32
            RenderRubyRun (anonymous) at (981,190) size 18x32
              RenderRubyText {RT} at (-11,0) size 10x32
                RenderText {#text} at (0,2) size 11x28
                  text run at (0,2) width 27: "\x{305B}\x{306A}\x{304B}"
              RenderRubyBase (anonymous) at (0,0) size 18x32
                RenderInline {RB} at (0,0) size 19x32
                  RenderText {#text} at (0,0) size 19x32
                    text run at (0,0) width 32: "\x{80CC}\x{4E2D}"
          RenderText {#text} at (981,222) size 48x478
            text run at (981,222) width 256: "\x{306B}\x{306F}\x{91CD}\x{3044}\x{5929}\x{4E0B}\x{304C}\x{304A}\x{3076}\x{3055}\x{3063}\x{3066}\x{3044}\x{308B}\x{3002}\x{3046}"
            text run at (1010,0) width 272: "\x{307E}\x{3044}\x{7269}\x{3082}\x{98DF}\x{308F}\x{306D}\x{3070}\x{60DC}\x{3057}\x{3044}\x{3002}\x{5C11}\x{3057}\x{98DF}\x{3048}\x{3070}"
          RenderRuby (inline) {RUBY} at (0,0) size 19x16
            RenderRubyRun (anonymous) at (1010,272) size 18x16
              RenderRubyText {RT} at (-11,0) size 10x16
                RenderText {#text} at (0,3) size 11x10
                  text run at (0,3) width 9: "\x{3042}"
              RenderRubyBase (anonymous) at (0,0) size 18x16
                RenderInline {RB} at (0,0) size 19x16
                  RenderText {#text} at (0,0) size 19x16
                    text run at (0,0) width 16: "\x{98FD}"
          RenderText {#text} at (1010,288) size 19x16
            text run at (1010,288) width 16: "\x{304D}"
          RenderRuby (inline) {RUBY} at (0,0) size 19x16
            RenderRubyRun (anonymous) at (1010,304) size 18x16
              RenderRubyText {RT} at (-11,0) size 10x16
                RenderText {#text} at (0,3) size 11x10
                  text run at (0,3) width 9: "\x{305F}"
              RenderRubyBase (anonymous) at (0,0) size 18x16
                RenderInline {RB} at (0,0) size 19x16
                  RenderText {#text} at (0,0) size 19x16
                    text run at (0,0) width 16: "\x{8DB3}"
          RenderText {#text} at (1010,320) size 37x480
            text run at (1010,320) width 160: "\x{3089}\x{306C}\x{3002}\x{5B58}\x{5206}\x{98DF}\x{3048}\x{3070}\x{3042}\x{3068}"
            text run at (1028,0) width 128: "\x{304C}\x{4E0D}\x{6109}\x{5FEB}\x{3060}\x{3002}\x{2026}\x{2026}"
          RenderBR {BR} at (1028,128) size 19x0
          RenderText {#text} at (1057,0) size 19x16
            text run at (1057,0) width 16: "\x{3000}"
          RenderRuby (inline) {RUBY} at (0,0) size 19x16
            RenderRubyRun (anonymous) at (1057,16) size 18x16
              RenderRubyText {RT} at (-11,0) size 10x16
                RenderText {#text} at (0,3) size 11x10
                  text run at (0,3) width 9: "\x{3088}"
              RenderRubyBase (anonymous) at (0,0) size 18x16
                RenderInline {RB} at (0,0) size 19x16
                  RenderText {#text} at (0,0) size 19x16
                    text run at (0,0) width 16: "\x{4F59}"
          RenderText {#text} at (1057,32) size 19x14
            text run at (1057,32) width 14: "\x{306E}"
          RenderRuby (inline) {RUBY} at (0,0) size 19x28
            RenderRubyRun (anonymous) at (1057,42) size 18x36
              RenderRubyText {RT} at (-11,0) size 10x36
                RenderText {#text} at (0,0) size 11x36
                  text run at (0,0) width 36: "\x{304B}\x{3093}\x{304C}\x{3048}"
              RenderRubyBase (anonymous) at (0,0) size 18x36
                RenderInline {RB} at (0,0) size 19x16
                  RenderText {#text} at (0,10) size 19x16
                    text run at (0,10) width 16: "\x{8003}"
          RenderText {#text} at (1057,74) size 19x254
            text run at (1057,74) width 254: "\x{304C}\x{3053}\x{3053}\x{307E}\x{3067}\x{6F02}\x{6D41}\x{3057}\x{3066}\x{6765}\x{305F}\x{6642}\x{306B}\x{3001}\x{4F59}\x{306E}"
          RenderRuby (inline) {RUBY} at (0,0) size 19x32
            RenderRubyRun (anonymous) at (1057,328) size 18x32
              RenderRubyText {RT} at (-11,0) size 10x32
                RenderText {#text} at (0,2) size 11x28
                  text run at (0,2) width 27: "\x{3046}\x{305D}\x{304F}"
              RenderRubyBase (anonymous) at (0,0) size 18x32
                RenderInline {RB} at (0,0) size 19x32
                  RenderText {#text} at (0,0) size 19x32
                    text run at (0,0) width 32: "\x{53F3}\x{8DB3}"
          RenderText {#text} at (1057,360) size 19x48
            text run at (1057,360) width 48: "\x{306F}\x{7A81}\x{7136}"
          RenderRuby (inline) {RUBY} at (0,0) size 19x16
            RenderRubyRun (anonymous) at (1057,407) size 18x18
              RenderRubyText {RT} at (-11,0) size 10x18
                RenderText {#text} at (0,0) size 11x18
                  text run at (0,0) width 18: "\x{3059}\x{308F}"
              RenderRubyBase (anonymous) at (0,0) size 18x18
                RenderInline {RB} at (0,0) size 19x16
                  RenderText {#text} at (0,1) size 19x16
                    text run at (0,1) width 16: "\x{5750}"
          RenderText {#text} at (1057,424) size 48x486
            text run at (1057,424) width 62: "\x{308A}\x{306E}\x{308F}\x{308B}"
            text run at (1086,0) width 16: "\x{3044}"
          RenderRuby (inline) {RUBY} at (0,0) size 19x32
            RenderRubyRun (anonymous) at (1086,14) size 18x36
              RenderRubyText {RT} at (-11,0) size 10x36
                RenderText {#text} at (0,0) size 11x36
                  text run at (0,0) width 36: "\x{304B}\x{304F}\x{3044}\x{3057}"
              RenderRubyBase (anonymous) at (0,0) size 18x36
                RenderInline {RB} at (0,0) size 19x32
                  RenderText {#text} at (0,2) size 19x32
                    text run at (0,2) width 32: "\x{89D2}\x{77F3}"
          RenderText {#text} at (1086,48) size 19x14
            text run at (1086,48) width 14: "\x{306E}"
          RenderRuby (inline) {RUBY} at (0,0) size 19x16
            RenderRubyRun (anonymous) at (1086,61) size 18x18
              RenderRubyText {RT} at (-11,0) size 10x18
                RenderText {#text} at (0,0) size 11x18
                  text run at (0,0) width 18: "\x{306F}\x{3057}"
              RenderRubyBase (anonymous) at (0,0) size 18x18
                RenderInline {RB} at (0,0) size 19x16
                  RenderText {#text} at (0,1) size 19x16
                    text run at (0,1) width 16: "\x{7AEF}"
          RenderText {#text} at (1086,78) size 19x48
            text run at (1086,78) width 48: "\x{3092}\x{8E0F}\x{307F}"
          RenderRuby (inline) {RUBY} at (0,0) size 19x16
            RenderRubyRun (anonymous) at (1086,126) size 18x16
              RenderRubyText {RT} at (-11,0) size 10x16
                RenderText {#text} at (0,3) size 11x10
                  text run at (0,3) width 9: "\x{305D}"
              RenderRubyBase (anonymous) at (0,0) size 18x16
                RenderInline {RB} at (0,0) size 19x16
                  RenderText {#text} at (0,0) size 19x16
                    text run at (0,0) width 16: "\x{640D}"
          RenderText {#text} at (1086,142) size 19x80
            text run at (1086,142) width 80: "\x{304F}\x{306A}\x{3063}\x{305F}\x{3002}"
          RenderRuby (inline) {RUBY} at (0,0) size 19x32
            RenderRubyRun (anonymous) at (1086,220) size 18x36
              RenderRubyText {RT} at (-11,0) size 10x36
                RenderText {#text} at (0,0) size 11x36
                  text run at (0,0) width 36: "\x{3078}\x{3044}\x{3053}\x{3046}"
              RenderRubyBase (anonymous) at (0,0) size 18x36
                RenderInline {RB} at (0,0) size 19x32
                  RenderText {#text} at (0,2) size 19x32
                    text run at (0,2) width 32: "\x{5E73}\x{8861}"
          RenderText {#text} at (1086,254) size 48x478
            text run at (1086,254) width 224: "\x{3092}\x{4FDD}\x{3064}\x{305F}\x{3081}\x{306B}\x{3001}\x{3059}\x{308F}\x{3084}\x{3068}\x{524D}\x{306B}\x{98DB}"
            text run at (1115,0) width 64: "\x{3073}\x{51FA}\x{3057}\x{305F}"
          RenderRuby (inline) {RUBY} at (0,0) size 19x32
            RenderRubyRun (anonymous) at (1115,64) size 18x32
              RenderRubyText {RT} at (-11,0) size 10x32
                RenderText {#text} at (0,2) size 11x28
                  text run at (0,2) width 27: "\x{3055}\x{305D}\x{304F}"
              RenderRubyBase (anonymous) at (0,0) size 18x32
                RenderInline {RB} at (0,0) size 19x32
                  RenderText {#text} at (0,0) size 19x32
                    text run at (0,0) width 32: "\x{5DE6}\x{8DB3}"
          RenderText {#text} at (1115,96) size 19x32
            text run at (1115,96) width 32: "\x{304C}\x{3001}"
          RenderRuby (inline) {RUBY} at (0,0) size 19x32
            RenderRubyRun (anonymous) at (1115,128) size 18x32
              RenderRubyText {RT} at (-11,0) size 10x32
                RenderText {#text} at (0,2) size 11x28
                  text run at (0,2) width 27: "\x{3057}\x{305D}\x{3093}"
              RenderRubyBase (anonymous) at (0,0) size 18x32
                RenderInline {RB} at (0,0) size 19x32
                  RenderText {#text} at (0,0) size 19x32
                    text run at (0,0) width 32: "\x{4ED5}\x{640D}"
          RenderText {#text} at (1115,160) size 19x30
            text run at (1115,160) width 30: "\x{3058}\x{306E}"
          RenderRuby (inline) {RUBY} at (0,0) size 19x16
            RenderRubyRun (anonymous) at (1115,190) size 18x16
              RenderRubyText {RT} at (-11,0) size 10x16
                RenderText {#text} at (0,3) size 11x10
                  text run at (0,3) width 9: "\x{3046}"
              RenderRubyBase (anonymous) at (0,0) size 18x16
                RenderInline {RB} at (0,0) size 19x16
                  RenderText {#text} at (0,0) size 19x16
                    text run at (0,0) width 16: "\x{57CB}"
          RenderText {#text} at (1115,206) size 19x16
            text run at (1115,206) width 16: "\x{3081}"
          RenderRuby (inline) {RUBY} at (0,0) size 19x16
            RenderRubyRun (anonymous) at (1115,221) size 18x18
              RenderRubyText {RT} at (-11,0) size 10x18
                RenderText {#text} at (0,0) size 11x18
                  text run at (0,0) width 18: "\x{3042}\x{308F}"
              RenderRubyBase (anonymous) at (0,0) size 18x18
                RenderInline {RB} at (0,0) size 19x16
                  RenderText {#text} at (0,1) size 19x16
                    text run at (0,1) width 16: "\x{5408}"
          RenderText {#text} at (1115,238) size 19x254
            text run at (1115,238) width 254: "\x{305B}\x{3092}\x{3059}\x{308B}\x{3068}\x{5171}\x{306B}\x{3001}\x{4F59}\x{306E}\x{8170}\x{306F}\x{5177}\x{5408}\x{3088}\x{304F}"
          RenderRuby (inline) {RUBY} at (0,0) size 19x17
            RenderRubyRun (anonymous) at (1144,0) size 18x18
              RenderRubyText {RT} at (-11,0) size 10x18
                RenderText {#text} at (0,0) size 11x18
                  text run at (0,0) width 18: "\x{307B}\x{3046}"
              RenderRubyBase (anonymous) at (0,0) size 18x18
                RenderInline {RB} at (0,0) size 19x16
                  RenderText {#text} at (0,1) size 19x16
                    text run at (0,1) width 16: "\x{65B9}"
          RenderText {#text} at (1144,17) size 19x142
            text run at (1144,17) width 142: "\x{4E09}\x{5C3A}\x{307B}\x{3069}\x{306A}\x{5CA9}\x{306E}\x{4E0A}\x{306B}"
          RenderRuby (inline) {RUBY} at (0,0) size 19x16
            RenderRubyRun (anonymous) at (1144,159) size 18x16
              RenderRubyText {RT} at (-11,0) size 10x16
                RenderText {#text} at (0,3) size 11x10
                  text run at (0,3) width 9: "\x{304A}"
              RenderRubyBase (anonymous) at (0,0) size 18x16
                RenderInline {RB} at (0,0) size 19x16
                  RenderText {#text} at (0,0) size 19x16
                    text run at (0,0) width 16: "\x{5378}"
          RenderText {#text} at (1144,175) size 19x206
            text run at (1144,175) width 206: "\x{308A}\x{305F}\x{3002}\x{80A9}\x{306B}\x{304B}\x{3051}\x{305F}\x{7D75}\x{306E}\x{5177}\x{7BB1}\x{304C}"
          RenderRuby (inline) {RUBY} at (0,0) size 19x16
            RenderRubyRun (anonymous) at (1144,380) size 18x18
              RenderRubyText {RT} at (-11,0) size 10x18
                RenderText {#text} at (0,0) size 11x18
                  text run at (0,0) width 18: "\x{308F}\x{304D}"
              RenderRubyBase (anonymous) at (0,0) size 18x18
                RenderInline {RB} at (0,0) size 19x16
                  RenderText {#text} at (0,1) size 19x16
                    text run at (0,1) width 16: "\x{814B}"
          RenderText {#text} at (1144,397) size 19x62
            text run at (1144,397) width 62: "\x{306E}\x{4E0B}\x{304B}\x{3089}"
          RenderRuby (inline) {RUBY} at (0,0) size 19x16
            RenderRubyRun (anonymous) at (1144,458) size 18x18
              RenderRubyText {RT} at (-11,0) size 10x18
                RenderText {#text} at (0,0) size 11x18
                  text run at (0,0) width 18: "\x{304A}\x{3069}"
              RenderRubyBase (anonymous) at (0,0) size 18x18
                RenderInline {RB} at (0,0) size 19x16
                  RenderText {#text} at (0,1) size 19x16
                    text run at (0,1) width 16: "\x{8E8D}"
          RenderText {#text} at (1144,475) size 48x491
            text run at (1144,475) width 16: "\x{308A}"
            text run at (1173,0) width 160: "\x{51FA}\x{3057}\x{305F}\x{3060}\x{3051}\x{3067}\x{3001}\x{5E78}\x{3044}\x{3068}"
          RenderRuby (inline) {RUBY} at (0,0) size 19x16
            RenderRubyRun (anonymous) at (1173,159) size 18x18
              RenderRubyText {RT} at (-11,0) size 10x18
                RenderText {#text} at (0,0) size 11x18
                  text run at (0,0) width 18: "\x{306A}\x{3093}"
              RenderRubyBase (anonymous) at (0,0) size 18x18
                RenderInline {RB} at (0,0) size 19x16
                  RenderText {#text} at (0,1) size 19x16
                    text run at (0,1) width 16: "\x{4F55}"
          RenderText {#text} at (1173,176) size 19x126
            text run at (1173,176) width 126: "\x{306E}\x{4E8B}\x{3082}\x{306A}\x{304B}\x{3063}\x{305F}\x{3002}"
          RenderBR {BR} at (1173,302) size 19x0
          RenderText {#text} at (1202,0) size 19x240
            text run at (1202,0) width 240: "\x{3000}\x{7ACB}\x{3061}\x{4E0A}\x{304C}\x{308B}\x{6642}\x{306B}\x{5411}\x{3046}\x{3092}\x{898B}\x{308B}\x{3068}\x{3001}"
          RenderRuby (inline) {RUBY} at (0,0) size 19x16
            RenderRubyRun (anonymous) at (1202,239) size 18x18
              RenderRubyText {RT} at (-11,0) size 10x18
                RenderText {#text} at (0,0) size 11x18
                  text run at (0,0) width 18: "\x{307F}\x{3061}"
              RenderRubyBase (anonymous) at (0,0) size 18x18
                RenderInline {RB} at (0,0) size 19x16
                  RenderText {#text} at (0,1) size 19x16
                    text run at (0,1) width 16: "\x{8DEF}"
          RenderText {#text} at (1202,256) size 48x478
            text run at (1202,256) width 222: "\x{304B}\x{3089}\x{5DE6}\x{306E}\x{65B9}\x{306B}\x{30D0}\x{30B1}\x{30C4}\x{3092}\x{4F0F}\x{305B}\x{305F}\x{3088}"
            text run at (1231,0) width 64: "\x{3046}\x{306A}\x{5CF0}\x{304C}"
          RenderRuby (inline) {RUBY} at (0,0) size 19x16
            RenderRubyRun (anonymous) at (1231,63) size 18x18
              RenderRubyText {RT} at (-11,0) size 10x18
                RenderText {#text} at (0,0) size 11x18
                  text run at (0,0) width 18: "\x{305D}\x{3073}"
              RenderRubyBase (anonymous) at (0,0) size 18x18
                RenderInline {RB} at (0,0) size 19x16
                  RenderText {#text} at (0,1) size 19x16
                    text run at (0,1) width 16: "\x{8073}"
          RenderText {#text} at (1231,80) size 19x112
            text run at (1231,80) width 112: "\x{3048}\x{3066}\x{3044}\x{308B}\x{3002}\x{6749}\x{304B}"
          RenderRuby (inline) {RUBY} at (0,0) size 19x18
            RenderRubyRun (anonymous) at (1231,188) size 18x26
              RenderRubyText {RT} at (-11,0) size 10x26
                RenderText {#text} at (0,0) size 11x26
                  text run at (0,0) width 26: "\x{3072}\x{306E}\x{304D}"
              RenderRubyBase (anonymous) at (0,0) size 18x26
                RenderInline {RB} at (0,0) size 19x16
                  RenderText {#text} at (0,5) size 19x16
                    text run at (0,5) width 16: "\x{6A9C}"
          RenderText {#text} at (1231,210) size 19x112
            text run at (1231,210) width 112: "\x{304B}\x{5206}\x{304B}\x{3089}\x{306A}\x{3044}\x{304C}"
          RenderRuby (inline) {RUBY} at (0,0) size 19x32
            RenderRubyRun (anonymous) at (1231,322) size 18x32
              RenderRubyText {RT} at (-11,0) size 10x32
                RenderText {#text} at (0,2) size 11x28
                  text run at (0,2) width 27: "\x{306D}\x{3082}\x{3068}"
              RenderRubyBase (anonymous) at (0,0) size 18x32
                RenderInline {RB} at (0,0) size 19x32
                  RenderText {#text} at (0,0) size 19x32
                    text run at (0,0) width 32: "\x{6839}\x{5143}"
          RenderText {#text} at (1231,354) size 19x32
            text run at (1231,354) width 32: "\x{304B}\x{3089}"
          RenderRuby (inline) {RUBY} at (0,0) size 19x19
            RenderRubyRun (anonymous) at (1231,382) size 18x27
              RenderRubyText {RT} at (-11,0) size 10x27
                RenderText {#text} at (0,0) size 11x27
                  text run at (0,0) width 27: "\x{3044}\x{305F}\x{3060}"
              RenderRubyBase (anonymous) at (0,0) size 18x27
                RenderInline {RB} at (0,0) size 19x17
                  RenderText {#text} at (0,5) size 19x17
                    text run at (0,5) width 16: "\x{9802}"
          RenderText {#text} at (1231,405) size 48x485
            text run at (1231,405) width 80: "\x{304D}\x{307E}\x{3067}\x{3053}\x{3068}"
            text run at (1260,0) width 48: "\x{3054}\x{3068}\x{304F}"
          RenderRuby (inline) {RUBY} at (0,0) size 19x32
            RenderRubyRun (anonymous) at (1260,46) size 18x36
              RenderRubyText {RT} at (-11,0) size 10x36
                RenderText {#text} at (0,0) size 11x36
                  text run at (0,0) width 36: "\x{3042}\x{304A}\x{3050}\x{308D}"
              RenderRubyBase (anonymous) at (0,0) size 18x36
                RenderInline {RB} at (0,0) size 19x32
                  RenderText {#text} at (0,2) size 19x32
                    text run at (0,2) width 32: "\x{84BC}\x{9ED2}"
          RenderText {#text} at (1260,80) size 19x240
            text run at (1260,80) width 240: "\x{3044}\x{4E2D}\x{306B}\x{3001}\x{5C71}\x{685C}\x{304C}\x{8584}\x{8D64}\x{304F}\x{3060}\x{3093}\x{3060}\x{3089}\x{306B}"
          RenderRuby (inline) {RUBY} at (0,0) size 19x32
            RenderRubyRun (anonymous) at (1260,320) size 18x32
              RenderRubyText {RT} at (-11,0) size 10x32
                RenderText {#text} at (0,2) size 11x28
                  text run at (0,2) width 27: "\x{305F}\x{306A}\x{3073}"
              RenderRubyBase (anonymous) at (0,0) size 18x32
                RenderInline {RB} at (0,0) size 19x32
                  RenderText {#text} at (0,0) size 19x32
                    text run at (0,0) width 32: "\x{68DA}\x{5F15}"
          RenderText {#text} at (1260,352) size 19x48
            text run at (1260,352) width 48: "\x{3044}\x{3066}\x{3001}"
          RenderRuby (inline) {RUBY} at (0,0) size 19x16
            RenderRubyRun (anonymous) at (1260,400) size 18x16
              RenderRubyText {RT} at (-11,0) size 10x16
                RenderText {#text} at (0,3) size 11x10
                  text run at (0,3) width 9: "\x{3064}"
              RenderRubyBase (anonymous) at (0,0) size 18x16
                RenderInline {RB} at (0,0) size 19x16
                  RenderText {#text} at (0,0) size 19x16
                    text run at (0,0) width 16: "\x{7D9A}"
          RenderText {#text} at (1260,416) size 19x16
            text run at (1260,416) width 16: "\x{304E}"
          RenderRuby (inline) {RUBY} at (0,0) size 19x16
            RenderRubyRun (anonymous) at (1260,432) size 18x16
              RenderRubyText {RT} at (-11,0) size 10x16
                RenderText {#text} at (0,3) size 11x10
                  text run at (0,3) width 9: "\x{3081}"
              RenderRubyBase (anonymous) at (0,0) size 18x16
                RenderInline {RB} at (0,0) size 19x16
                  RenderText {#text} at (0,0) size 19x16
                    text run at (0,0) width 16: "\x{76EE}"
          RenderText {#text} at (1260,448) size 19x16
            text run at (1260,448) width 16: "\x{304C}"
          RenderRuby (inline) {RUBY} at (0,0) size 19x17
            RenderRubyRun (anonymous) at (1260,463) size 18x18
              RenderRubyText {RT} at (-11,0) size 10x18
                RenderText {#text} at (0,0) size 11x18
                  text run at (0,0) width 18: "\x{3057}\x{304B}"
              RenderRubyBase (anonymous) at (0,0) size 18x18
                RenderInline {RB} at (0,0) size 19x16
                  RenderText {#text} at (0,1) size 19x16
                    text run at (0,1) width 16: "\x{78BA}"
          RenderText {#text} at (1289,0) size 19x112
            text run at (1289,0) width 112: "\x{3068}\x{898B}\x{3048}\x{306C}\x{304F}\x{3089}\x{3044}"
          RenderRuby (inline) {RUBY} at (0,0) size 19x16
            RenderRubyRun (anonymous) at (1289,111) size 18x18
              RenderRubyText {RT} at (-11,0) size 10x18
                RenderText {#text} at (0,0) size 11x18
                  text run at (0,0) width 18: "\x{3082}\x{3084}"
              RenderRubyBase (anonymous) at (0,0) size 18x18
                RenderInline {RB} at (0,0) size 19x16
                  RenderText {#text} at (0,1) size 19x16
                    text run at (0,1) width 16: "\x{9744}"
          RenderText {#text} at (1289,128) size 19x144
            text run at (1289,128) width 144: "\x{304C}\x{6FC3}\x{3044}\x{3002}\x{5C11}\x{3057}\x{624B}\x{524D}\x{306B}"
          RenderRuby (inline) {RUBY} at (0,0) size 19x32
            RenderRubyRun (anonymous) at (1289,270) size 18x36
              RenderRubyText {RT} at (-11,0) size 10x36
                RenderText {#text} at (0,0) size 11x36
                  text run at (0,0) width 36: "\x{306F}\x{3052}\x{3084}\x{307E}"
              RenderRubyBase (anonymous) at (0,0) size 18x36
                RenderInline {RB} at (0,0) size 19x32
                  RenderText {#text} at (0,2) size 19x32
                    text run at (0,2) width 32: "\x{79BF}\x{5C71}"
          RenderText {#text} at (1289,304) size 19x64
            text run at (1289,304) width 64: "\x{304C}\x{4E00}\x{3064}\x{3001}"
          RenderRuby (inline) {RUBY} at (0,0) size 19x16
            RenderRubyRun (anonymous) at (1289,367) size 18x18
              RenderRubyText {RT} at (-11,0) size 10x18
                RenderText {#text} at (0,0) size 11x18
                  text run at (0,0) width 18: "\x{3050}\x{3093}"
              RenderRubyBase (anonymous) at (0,0) size 18x18
                RenderInline {RB} at (0,0) size 19x16
                  RenderText {#text} at (0,1) size 19x16
                    text run at (0,1) width 16: "\x{7FA4}"
          RenderText {#text} at (1289,384) size 19x96
            text run at (1289,384) width 96: "\x{3092}\x{306C}\x{304D}\x{3093}\x{3067}\x{3066}"
          RenderRuby (inline) {RUBY} at (0,0) size 19x17
            RenderRubyRun (anonymous) at (1318,0) size 18x18
              RenderRubyText {RT} at (-11,0) size 10x18
                RenderText {#text} at (0,0) size 11x18
                  text run at (0,0) width 18: "\x{307E}\x{3086}"
              RenderRubyBase (anonymous) at (0,0) size 18x18
                RenderInline {RB} at (0,0) size 19x16
                  RenderText {#text} at (0,1) size 19x16
                    text run at (0,1) width 16: "\x{7709}"
          RenderText {#text} at (1318,17) size 19x16
            text run at (1318,17) width 16: "\x{306B}"
          RenderRuby (inline) {RUBY} at (0,0) size 19x16
            RenderRubyRun (anonymous) at (1318,32) size 18x18
              RenderRubyText {RT} at (-11,0) size 10x18
                RenderText {#text} at (0,0) size 11x18
                  text run at (0,0) width 18: "\x{305B}\x{307E}"
              RenderRubyBase (anonymous) at (0,0) size 18x18
                RenderInline {RB} at (0,0) size 19x16
                  RenderText {#text} at (0,1) size 19x16
                    text run at (0,1) width 16: "\x{903C}"
          RenderText {#text} at (1318,49) size 19x32
            text run at (1318,49) width 32: "\x{308B}\x{3002}"
          RenderRuby (inline) {RUBY} at (0,0) size 19x16
            RenderRubyRun (anonymous) at (1318,81) size 18x16
              RenderRubyText {RT} at (-11,0) size 10x16
                RenderText {#text} at (0,3) size 11x10
                  text run at (0,3) width 9: "\x{306F}"
              RenderRubyBase (anonymous) at (0,0) size 18x16
                RenderInline {RB} at (0,0) size 19x16
                  RenderText {#text} at (0,0) size 19x16
                    text run at (0,0) width 16: "\x{79BF}"
          RenderText {#text} at (1318,97) size 19x126
            text run at (1318,97) width 126: "\x{3052}\x{305F}\x{5074}\x{9762}\x{306F}\x{5DE8}\x{4EBA}\x{306E}"
          RenderRuby (inline) {RUBY} at (0,0) size 19x17
            RenderRubyRun (anonymous) at (1318,223) size 18x17
              RenderRubyText {RT} at (-11,0) size 10x17
                RenderText {#text} at (0,0) size 11x17
                  text run at (0,0) width 17: "\x{304A}\x{306E}"
              RenderRubyBase (anonymous) at (0,0) size 18x17
                RenderInline {RB} at (0,0) size 19x17
                  RenderText {#text} at (0,0) size 19x17
                    text run at (0,0) width 16: "\x{65A7}"
          RenderText {#text} at (1318,240) size 19x16
            text run at (1318,240) width 16: "\x{3067}"
          RenderRuby (inline) {RUBY} at (0,0) size 19x16
            RenderRubyRun (anonymous) at (1318,255) size 18x18
              RenderRubyText {RT} at (-11,0) size 10x18
                RenderText {#text} at (0,0) size 11x18
                  text run at (0,0) width 18: "\x{3051}\x{305A}"
              RenderRubyBase (anonymous) at (0,0) size 18x18
                RenderInline {RB} at (0,0) size 19x16
                  RenderText {#text} at (0,1) size 19x16
                    text run at (0,1) width 16: "\x{524A}"
          RenderText {#text} at (1318,272) size 48x480
            text run at (1318,272) width 208: "\x{308A}\x{53BB}\x{3063}\x{305F}\x{304B}\x{3001}\x{92ED}\x{3069}\x{304D}\x{5E73}\x{9762}\x{3092}\x{3084}"
            text run at (1347,0) width 94: "\x{3051}\x{306B}\x{8C37}\x{306E}\x{5E95}\x{306B}"
          RenderRuby (inline) {RUBY} at (0,0) size 19x16
            RenderRubyRun (anonymous) at (1347,93) size 18x18
              RenderRubyText {RT} at (-11,0) size 10x18
                RenderText {#text} at (0,0) size 11x18
                  text run at (0,0) width 18: "\x{3046}\x{305A}"
              RenderRubyBase (anonymous) at (0,0) size 18x18
                RenderInline {RB} at (0,0) size 19x16
                  RenderText {#text} at (0,1) size 19x16
                    text run at (0,1) width 16: "\x{57CB}"
          RenderText {#text} at (1347,110) size 19x80
            text run at (1347,110) width 80: "\x{3081}\x{3066}\x{3044}\x{308B}\x{3002}"
          RenderRuby (inline) {RUBY} at (0,0) size 19x32
            RenderRubyRun (anonymous) at (1347,188) size 18x36
              RenderRubyText {RT} at (-11,0) size 10x36
                RenderText {#text} at (0,0) size 11x36
                  text run at (0,0) width 36: "\x{3066}\x{3063}\x{307A}\x{3093}"
              RenderRubyBase (anonymous) at (0,0) size 18x36
                RenderInline {RB} at (0,0) size 19x32
                  RenderText {#text} at (0,2) size 19x32
                    text run at (0,2) width 32: "\x{5929}\x{8FBA}"
          RenderText {#text} at (1347,222) size 48x490
            text run at (1347,222) width 268: "\x{306B}\x{4E00}\x{672C}\x{898B}\x{3048}\x{308B}\x{306E}\x{306F}\x{8D64}\x{677E}\x{3060}\x{308D}\x{3046}\x{3002}\x{679D}\x{306E}\x{9593}"
            text run at (1376,0) width 62: "\x{306E}\x{7A7A}\x{3055}\x{3048}"
          RenderRuby (inline) {RUBY} at (0,0) size 19x32
            RenderRubyRun (anonymous) at (1376,60) size 18x36
              RenderRubyText {RT} at (-11,0) size 10x36
                RenderText {#text} at (0,0) size 11x36
                  text run at (0,0) width 36: "\x{306F}\x{3063}\x{304D}\x{308A}"
              RenderRubyBase (anonymous) at (0,0) size 18x36
                RenderInline {RB} at (0,0) size 19x32
                  RenderText {#text} at (0,2) size 19x32
                    text run at (0,2) width 32: "\x{5224}\x{7136}"
          RenderText {#text} at (1376,94) size 48x478
            text run at (1376,94) width 384: "\x{3057}\x{3066}\x{3044}\x{308B}\x{3002}\x{884C}\x{304F}\x{624B}\x{306F}\x{4E8C}\x{4E01}\x{307B}\x{3069}\x{3067}\x{5207}\x{308C}\x{3066}\x{3044}\x{308B}\x{304C}\x{3001}\x{9AD8}\x{3044}\x{6240}"
            text run at (1405,0) width 64: "\x{304B}\x{3089}\x{8D64}\x{3044}"
          RenderRuby (inline) {RUBY} at (0,0) size 19x32
            RenderRubyRun (anonymous) at (1405,64) size 18x32
              RenderRubyText {RT} at (-11,0) size 10x32
                RenderText {#text} at (0,2) size 11x28
                  text run at (0,2) width 27: "\x{3051}\x{3063}\x{3068}"
              RenderRubyBase (anonymous) at (0,0) size 18x32
                RenderInline {RB} at (0,0) size 19x32
                  RenderText {#text} at (0,0) size 19x32
                    text run at (0,0) width 32: "\x{6BDB}\x{5E03}"
          RenderText {#text} at (1405,96) size 48x476
            text run at (1405,96) width 380: "\x{304C}\x{52D5}\x{3044}\x{3066}\x{6765}\x{308B}\x{306E}\x{3092}\x{898B}\x{308B}\x{3068}\x{3001}\x{767B}\x{308C}\x{3070}\x{3042}\x{3059}\x{3053}\x{3078}\x{51FA}\x{308B}\x{306E}\x{3060}\x{308D}"
            text run at (1434,0) width 128: "\x{3046}\x{3002}\x{8DEF}\x{306F}\x{3059}\x{3053}\x{3076}\x{308B}"
          RenderRuby (inline) {RUBY} at (0,0) size 19x32
            RenderRubyRun (anonymous) at (1434,128) size 18x32
              RenderRubyText {RT} at (-11,0) size 10x32
                RenderText {#text} at (0,2) size 11x28
                  text run at (0,2) width 27: "\x{306A}\x{3093}\x{304E}"
              RenderRubyBase (anonymous) at (0,0) size 18x32
                RenderInline {RB} at (0,0) size 19x32
                  RenderText {#text} at (0,0) size 19x32
                    text run at (0,0) width 32: "\x{96E3}\x{7FA9}"
          RenderText {#text} at (1434,160) size 19x32
            text run at (1434,160) width 32: "\x{3060}\x{3002}"
          RenderBR {BR} at (1434,192) size 19x0
          RenderText {#text} at (1463,0) size 19x208
            text run at (1463,0) width 208: "\x{3000}\x{571F}\x{3092}\x{306A}\x{3089}\x{3059}\x{3060}\x{3051}\x{306A}\x{3089}\x{3055}\x{307B}\x{3069}"
          RenderRuby (inline) {RUBY} at (0,0) size 19x32
            RenderRubyRun (anonymous) at (1463,208) size 18x32
              RenderRubyText {RT} at (-11,0) size 10x32
                RenderText {#text} at (0,7) size 11x18
                  text run at (0,7) width 18: "\x{3066}\x{307E}"
              RenderRubyBase (anonymous) at (0,0) size 18x32
                RenderInline {RB} at (0,0) size 19x32
                  RenderText {#text} at (0,0) size 19x32
                    text run at (0,0) width 32: "\x{624B}\x{9593}"
          RenderText {#text} at (1463,240) size 19x16
            text run at (1463,240) width 16: "\x{3082}"
          RenderRuby (inline) {RUBY} at (0,0) size 19x16
            RenderRubyRun (anonymous) at (1463,256) size 18x16
              RenderRubyText {RT} at (-11,0) size 10x16
                RenderText {#text} at (0,3) size 11x10
                  text run at (0,3) width 9: "\x{3044}"
              RenderRubyBase (anonymous) at (0,0) size 18x16
                RenderInline {RB} at (0,0) size 19x16
                  RenderText {#text} at (0,0) size 19x16
                    text run at (0,0) width 16: "\x{5165}"
          RenderText {#text} at (1463,272) size 48x478
            text run at (1463,272) width 206: "\x{308B}\x{307E}\x{3044}\x{304C}\x{3001}\x{571F}\x{306E}\x{4E2D}\x{306B}\x{306F}\x{5927}\x{304D}\x{306A}"
            text run at (1492,0) width 112: "\x{77F3}\x{304C}\x{3042}\x{308B}\x{3002}\x{571F}\x{306F}"
          RenderRuby (inline) {RUBY} at (0,0) size 19x16
            RenderRubyRun (anonymous) at (1492,111) size 18x18
              RenderRubyText {RT} at (-11,0) size 10x18
                RenderText {#text} at (0,0) size 11x18
                  text run at (0,0) width 18: "\x{305F}\x{3044}"
              RenderRubyBase (anonymous) at (0,0) size 18x18
                RenderInline {RB} at (0,0) size 19x16
                  RenderText {#text} at (0,1) size 19x16
                    text run at (0,1) width 16: "\x{5E73}"
          RenderText {#text} at (1492,128) size 48x464
            text run at (1492,128) width 336: "\x{3089}\x{306B}\x{3057}\x{3066}\x{3082}\x{77F3}\x{306F}\x{5E73}\x{3089}\x{306B}\x{306A}\x{3089}\x{306C}\x{3002}\x{77F3}\x{306F}\x{5207}\x{308A}\x{7815}\x{3044}\x{3066}"
            text run at (1521,0) width 176: "\x{3082}\x{3001}\x{5CA9}\x{306F}\x{59CB}\x{672B}\x{304C}\x{3064}\x{304B}\x{306C}\x{3002}"
          RenderRuby (inline) {RUBY} at (0,0) size 19x32
            RenderRubyRun (anonymous) at (1521,174) size 18x36
              RenderRubyText {RT} at (-11,0) size 10x36
                RenderText {#text} at (0,0) size 11x36
                  text run at (0,0) width 36: "\x{307B}\x{308A}\x{304F}\x{305A}"
              RenderRubyBase (anonymous) at (0,0) size 18x36
                RenderInline {RB} at (0,0) size 19x32
                  RenderText {#text} at (0,2) size 19x32
                    text run at (0,2) width 32: "\x{6398}\x{5D29}"
          RenderText {#text} at (1521,208) size 19x94
            text run at (1521,208) width 94: "\x{3057}\x{305F}\x{571F}\x{306E}\x{4E0A}\x{306B}"
          RenderRuby (inline) {RUBY} at (0,0) size 19x32
            RenderRubyRun (anonymous) at (1521,300) size 18x36
              RenderRubyText {RT} at (-11,0) size 10x36
                RenderText {#text} at (0,0) size 11x36
                  text run at (0,0) width 36: "\x{3086}\x{3046}\x{305C}\x{3093}"
              RenderRubyBase (anonymous) at (0,0) size 18x36
                RenderInline {RB} at (0,0) size 19x32
                  RenderText {#text} at (0,2) size 19x32
                    text run at (0,2) width 32: "\x{60A0}\x{7136}"
          RenderText {#text} at (1521,334) size 19x16
            text run at (1521,334) width 16: "\x{3068}"
          RenderRuby (inline) {RUBY} at (0,0) size 19x19
            RenderRubyRun (anonymous) at (1521,346) size 18x27
              RenderRubyText {RT} at (-11,0) size 10x27
                RenderText {#text} at (0,0) size 11x27
                  text run at (0,0) width 27: "\x{305D}\x{3070}\x{3060}"
              RenderRubyBase (anonymous) at (0,0) size 18x27
                RenderInline {RB} at (0,0) size 19x17
                  RenderText {#text} at (0,5) size 19x17
                    text run at (0,5) width 16: "\x{5CD9}"
          RenderText {#text} at (1521,369) size 48x479
            text run at (1521,369) width 110: "\x{3063}\x{3066}\x{3001}\x{543E}\x{3089}\x{306E}\x{305F}"
            text run at (1550,0) width 96: "\x{3081}\x{306B}\x{9053}\x{3092}\x{8B72}\x{308B}"
          RenderRuby (inline) {RUBY} at (0,0) size 19x32
            RenderRubyRun (anonymous) at (1550,96) size 18x32
              RenderRubyText {RT} at (-11,0) size 10x32
                RenderText {#text} at (0,2) size 11x28
                  text run at (0,2) width 27: "\x{3051}\x{3057}\x{304D}"
              RenderRubyBase (anonymous) at (0,0) size 18x32
                RenderInline {RB} at (0,0) size 19x32
                  RenderText {#text} at (0,0) size 19x32
                    text run at (0,0) width 32: "\x{666F}\x{8272}"
          RenderText {#text} at (1550,128) size 48x480
            text run at (1550,128) width 352: "\x{306F}\x{306A}\x{3044}\x{3002}\x{5411}\x{3046}\x{3067}\x{805E}\x{304B}\x{306C}\x{4E0A}\x{306F}\x{4E57}\x{308A}\x{8D8A}\x{3059}\x{304B}\x{3001}\x{5EFB}\x{3089}\x{306A}\x{3051}"
            text run at (1579,0) width 96: "\x{308C}\x{3070}\x{306A}\x{3089}\x{3093}\x{3002}"
          RenderRuby (inline) {RUBY} at (0,0) size 19x16
            RenderRubyRun (anonymous) at (1579,95) size 18x18
              RenderRubyText {RT} at (-11,0) size 10x18
                RenderText {#text} at (0,0) size 11x18
                  text run at (0,0) width 18: "\x{3044}\x{308F}"
              RenderRubyBase (anonymous) at (0,0) size 18x18
                RenderInline {RB} at (0,0) size 19x16
                  RenderText {#text} at (0,1) size 19x16
                    text run at (0,1) width 16: "\x{5DCC}"
          RenderText {#text} at (1579,112) size 19x110
            text run at (1579,112) width 110: "\x{306E}\x{306A}\x{3044}\x{6240}\x{3067}\x{3055}\x{3048}"
          RenderRuby (inline) {RUBY} at (0,0) size 19x16
            RenderRubyRun (anonymous) at (1579,222) size 18x16
              RenderRubyText {RT} at (-11,0) size 10x16
                RenderText {#text} at (0,3) size 11x10
                  text run at (0,3) width 9: "\x{3042}"
              RenderRubyBase (anonymous) at (0,0) size 18x16
                RenderInline {RB} at (0,0) size 19x16
                  RenderText {#text} at (0,0) size 19x16
                    text run at (0,0) width 16: "\x{6B69}"
          RenderText {#text} at (1579,238) size 48x462
            text run at (1579,238) width 224: "\x{308B}\x{304D}\x{3088}\x{304F}\x{306F}\x{306A}\x{3044}\x{3002}\x{5DE6}\x{53F3}\x{304C}\x{9AD8}\x{304F}\x{3063}"
            text run at (1608,0) width 80: "\x{3066}\x{3001}\x{4E2D}\x{5FC3}\x{304C}"
          RenderRuby (inline) {RUBY} at (0,0) size 19x16
            RenderRubyRun (anonymous) at (1608,79) size 18x18
              RenderRubyText {RT} at (-11,0) size 10x18
                RenderText {#text} at (0,0) size 11x18
                  text run at (0,0) width 18: "\x{304F}\x{307C}"
              RenderRubyBase (anonymous) at (0,0) size 18x18
                RenderInline {RB} at (0,0) size 19x16
                  RenderText {#text} at (0,1) size 19x16
                    text run at (0,1) width 16: "\x{7AAA}"
          RenderText {#text} at (1608,96) size 19x128
            text run at (1608,96) width 128: "\x{3093}\x{3067}\x{3001}\x{307E}\x{308B}\x{3067}\x{4E00}\x{9593}"
          RenderRuby (inline) {RUBY} at (0,0) size 19x16
            RenderRubyRun (anonymous) at (1608,223) size 18x18
              RenderRubyText {RT} at (-11,0) size 10x18
                RenderText {#text} at (0,0) size 11x18
                  text run at (0,0) width 18: "\x{306F}\x{3070}"
              RenderRubyBase (anonymous) at (0,0) size 18x18
                RenderInline {RB} at (0,0) size 19x16
                  RenderText {#text} at (0,1) size 19x16
                    text run at (0,1) width 16: "\x{5E45}"
          RenderText {#text} at (1608,240) size 19x64
            text run at (1608,240) width 64: "\x{3092}\x{4E09}\x{89D2}\x{306B}"
          RenderRuby (inline) {RUBY} at (0,0) size 19x16
            RenderRubyRun (anonymous) at (1608,304) size 18x16
              RenderRubyText {RT} at (-11,0) size 10x16
                RenderText {#text} at (0,3) size 11x10
                  text run at (0,3) width 9: "\x{304F}"
              RenderRubyBase (anonymous) at (0,0) size 18x16
                RenderInline {RB} at (0,0) size 19x16
                  RenderText {#text} at (0,0) size 19x16
                    text run at (0,0) width 16: "\x{7A7F}"
          RenderText {#text} at (1608,320) size 19x126
            text run at (1608,320) width 126: "\x{3063}\x{3066}\x{3001}\x{305D}\x{306E}\x{9802}\x{70B9}\x{304C}"
          RenderRuby (inline) {RUBY} at (0,0) size 19x34
            RenderRubyRun (anonymous) at (1608,444) size 18x36
              RenderRubyText {RT} at (-11,0) size 10x36
                RenderText {#text} at (0,0) size 11x36
                  text run at (0,0) width 36: "\x{307E}\x{3093}\x{306A}\x{304B}"
              RenderRubyBase (anonymous) at (0,0) size 18x36
                RenderInline {RB} at (0,0) size 19x32
                  RenderText {#text} at (0,2) size 19x32
                    text run at (0,2) width 32: "\x{771F}\x{4E2D}"
          RenderText {#text} at (1637,0) size 19x16
            text run at (1637,0) width 16: "\x{3092}"
          RenderRuby (inline) {RUBY} at (0,0) size 19x19
            RenderRubyRun (anonymous) at (1637,12) size 18x27
              RenderRubyText {RT} at (-11,0) size 10x27
                RenderText {#text} at (0,0) size 11x27
                  text run at (0,0) width 27: "\x{3064}\x{3089}\x{306C}"
              RenderRubyBase (anonymous) at (0,0) size 18x27
                RenderInline {RB} at (0,0) size 19x17
                  RenderText {#text} at (0,5) size 19x17
                    text run at (0,5) width 16: "\x{8CAB}"
          RenderText {#text} at (1637,35) size 19x400
            text run at (1637,35) width 400: "\x{3044}\x{3066}\x{3044}\x{308B}\x{3068}\x{8A55}\x{3057}\x{3066}\x{3082}\x{3088}\x{3044}\x{3002}\x{8DEF}\x{3092}\x{884C}\x{304F}\x{3068}\x{4E91}\x{308F}\x{3093}\x{3088}\x{308A}\x{5DDD}\x{5E95}\x{3092}"
          RenderRuby (inline) {RUBY} at (0,0) size 19x16
            RenderRubyRun (anonymous) at (1637,434) size 18x18
              RenderRubyText {RT} at (-11,0) size 10x18
                RenderText {#text} at (0,0) size 11x18
                  text run at (0,0) width 18: "\x{308F}\x{305F}"
              RenderRubyBase (anonymous) at (0,0) size 18x18
                RenderInline {RB} at (0,0) size 19x16
                  RenderText {#text} at (0,1) size 19x16
                    text run at (0,1) width 16: "\x{6E09}"
          RenderText {#text} at (1637,451) size 48x483
            text run at (1637,451) width 32: "\x{308B}\x{3068}"
            text run at (1666,0) width 128: "\x{4E91}\x{3046}\x{65B9}\x{304C}\x{9069}\x{5F53}\x{3060}\x{3002}"
          RenderRuby (inline) {RUBY} at (0,0) size 19x16
            RenderRubyRun (anonymous) at (1666,127) size 18x18
              RenderRubyText {RT} at (-11,0) size 10x18
                RenderText {#text} at (0,0) size 11x18
                  text run at (0,0) width 18: "\x{3082}\x{3068}"
              RenderRubyBase (anonymous) at (0,0) size 18x18
                RenderInline {RB} at (0,0) size 19x16
                  RenderText {#text} at (0,1) size 19x16
                    text run at (0,1) width 16: "\x{56FA}"
          RenderText {#text} at (1666,144) size 19x256
            text run at (1666,144) width 256: "\x{3088}\x{308A}\x{6025}\x{3050}\x{65C5}\x{3067}\x{306A}\x{3044}\x{304B}\x{3089}\x{3001}\x{3076}\x{3089}\x{3076}\x{3089}\x{3068}"
          RenderRuby (inline) {RUBY} at (0,0) size 19x32
            RenderRubyRun (anonymous) at (1666,398) size 18x36
              RenderRubyText {RT} at (-11,0) size 10x36
                RenderText {#text} at (0,0) size 11x36
                  text run at (0,0) width 36: "\x{306A}\x{306A}\x{307E}\x{304C}"
              RenderRubyBase (anonymous) at (0,0) size 18x36
                RenderInline {RB} at (0,0) size 19x32
                  RenderText {#text} at (0,2) size 19x32
                    text run at (0,2) width 32: "\x{4E03}\x{66F2}"
          RenderText {#text} at (1666,432) size 37x480
            text run at (1666,432) width 48: "\x{308A}\x{3078}\x{304B}"
            text run at (1684,0) width 48: "\x{304B}\x{308B}\x{3002}"
          RenderBR {BR} at (1684,48) size 19x0
          RenderText {#text} at (1713,0) size 19x142
            text run at (1713,0) width 142: "\x{3000}\x{305F}\x{3061}\x{307E}\x{3061}\x{8DB3}\x{306E}\x{4E0B}\x{3067}"
          RenderRuby (inline) {RUBY} at (0,0) size 19x32
            RenderRubyRun (anonymous) at (1713,142) size 18x32
              RenderRubyText {RT} at (-11,0) size 10x32
                RenderText {#text} at (0,2) size 11x28
                  text run at (0,2) width 27: "\x{3072}\x{3070}\x{308A}"
              RenderRubyBase (anonymous) at (0,0) size 18x32
                RenderInline {RB} at (0,0) size 19x32
                  RenderText {#text} at (0,0) size 19x32
                    text run at (0,0) width 32: "\x{96F2}\x{96C0}"
          RenderText {#text} at (1713,174) size 19x158
            text run at (1713,174) width 158: "\x{306E}\x{58F0}\x{304C}\x{3057}\x{51FA}\x{3057}\x{305F}\x{3002}\x{8C37}\x{3092}"
          RenderRuby (inline) {RUBY} at (0,0) size 19x32
            RenderRubyRun (anonymous) at (1713,332) size 18x32
              RenderRubyText {RT} at (-11,0) size 10x32
                RenderText {#text} at (0,2) size 11x28
                  text run at (0,2) width 27: "\x{307F}\x{304A}\x{308D}"
              RenderRubyBase (anonymous) at (0,0) size 18x32
                RenderInline {RB} at (0,0) size 19x32
                  RenderText {#text} at (0,0) size 19x32
                    text run at (0,0) width 32: "\x{898B}\x{4E0B}"
          RenderText {#text} at (1713,364) size 37x492
            text run at (1713,364) width 128: "\x{3057}\x{305F}\x{304C}\x{3001}\x{3069}\x{3053}\x{3067}\x{9CF4}"
            text run at (1731,0) width 480: "\x{3044}\x{3066}\x{308B}\x{304B}\x{5F71}\x{3082}\x{5F62}\x{3082}\x{898B}\x{3048}\x{306C}\x{3002}\x{305F}\x{3060}\x{58F0}\x{3060}\x{3051}\x{304C}\x{660E}\x{3089}\x{304B}\x{306B}\x{805E}\x{3048}\x{308B}\x{3002}\x{305B}\x{3063}\x{305B}\x{3068}"
          RenderRuby (inline) {RUBY} at (0,0) size 19x17
            RenderRubyRun (anonymous) at (1760,0) size 18x18
              RenderRubyText {RT} at (-11,0) size 10x18
                RenderText {#text} at (0,0) size 11x18
                  text run at (0,0) width 18: "\x{305B}\x{308F}"
              RenderRubyBase (anonymous) at (0,0) size 18x18
                RenderInline {RB} at (0,0) size 19x16
                  RenderText {#text} at (0,1) size 19x16
                    text run at (0,1) width 16: "\x{5FD9}"
          RenderText {#text} at (1760,17) size 19x48
            text run at (1760,17) width 48: "\x{3057}\x{304F}\x{3001}"
          RenderRuby (inline) {RUBY} at (0,0) size 19x32
            RenderRubyRun (anonymous) at (1760,65) size 18x32
              RenderRubyText {RT} at (-11,0) size 10x32
                RenderText {#text} at (0,2) size 11x28
                  text run at (0,2) width 27: "\x{305F}\x{3048}\x{307E}"
              RenderRubyBase (anonymous) at (0,0) size 18x32
                RenderInline {RB} at (0,0) size 19x32
                  RenderText {#text} at (0,0) size 19x32
                    text run at (0,0) width 32: "\x{7D76}\x{9593}"
          RenderText {#text} at (1760,97) size 19x128
            text run at (1760,97) width 128: "\x{306A}\x{304F}\x{9CF4}\x{3044}\x{3066}\x{3044}\x{308B}\x{3002}"
          RenderRuby (inline) {RUBY} at (0,0) size 19x48
            RenderRubyRun (anonymous) at (1760,225) size 18x48
              RenderRubyText {RT} at (-11,0) size 10x48
                RenderText {#text} at (0,1) size 11x46
                  text run at (0,1) width 45: "\x{307B}\x{3046}\x{3044}\x{304F}\x{308A}"
              RenderRubyBase (anonymous) at (0,0) size 18x48
                RenderInline {RB} at (0,0) size 19x48
                  RenderText {#text} at (0,0) size 19x48
                    text run at (0,0) width 48: "\x{65B9}\x{5E7E}\x{91CC}"
          RenderText {#text} at (1760,273) size 19x110
            text run at (1760,273) width 110: "\x{306E}\x{7A7A}\x{6C17}\x{304C}\x{4E00}\x{9762}\x{306B}"
          RenderRuby (inline) {RUBY} at (0,0) size 19x17
            RenderRubyRun (anonymous) at (1760,383) size 18x17
              RenderRubyText {RT} at (-11,0) size 10x17
                RenderText {#text} at (0,0) size 11x17
                  text run at (0,0) width 17: "\x{306E}\x{307F}"
              RenderRubyBase (anonymous) at (0,0) size 18x17
                RenderInline {RB} at (0,0) size 19x17
                  RenderText {#text} at (0,0) size 19x17
                    text run at (0,0) width 16: "\x{86A4}"
          RenderText {#text} at (1760,400) size 48x480
            text run at (1760,400) width 80: "\x{306B}\x{523A}\x{3055}\x{308C}\x{3066}"
            text run at (1789,0) width 332: "\x{3044}\x{305F}\x{305F}\x{307E}\x{308C}\x{306A}\x{3044}\x{3088}\x{3046}\x{306A}\x{6C17}\x{304C}\x{3059}\x{308B}\x{3002}\x{3042}\x{306E}\x{9CE5}\x{306E}\x{9CF4}\x{304F}"
          RenderRuby (inline) {RUBY} at (0,0) size 19x16
            RenderRubyRun (anonymous) at (1789,332) size 18x16
              RenderRubyText {RT} at (-11,0) size 10x16
                RenderText {#text} at (0,3) size 11x10
                  text run at (0,3) width 9: "\x{306D}"
              RenderRubyBase (anonymous) at (0,0) size 18x16
                RenderInline {RB} at (0,0) size 19x16
                  RenderText {#text} at (0,0) size 19x16
                    text run at (0,0) width 16: "\x{97F3}"
          RenderText {#text} at (1789,348) size 73x492
            text run at (1789,348) width 142: "\x{306B}\x{306F}\x{77AC}\x{6642}\x{306E}\x{4F59}\x{88D5}\x{3082}\x{306A}"
            text run at (1807,0) width 492: "\x{3044}\x{3002}\x{306E}\x{3069}\x{304B}\x{306A}\x{6625}\x{306E}\x{65E5}\x{3092}\x{9CF4}\x{304D}\x{5C3D}\x{304F}\x{3057}\x{3001}\x{9CF4}\x{304D}\x{3042}\x{304B}\x{3057}\x{3001}\x{307E}\x{305F}\x{9CF4}\x{304D}\x{66AE}\x{3089}\x{3055}\x{306A}\x{3051}"
            text run at (1825,0) width 478: "\x{308C}\x{3070}\x{6C17}\x{304C}\x{6E08}\x{307E}\x{3093}\x{3068}\x{898B}\x{3048}\x{308B}\x{3002}\x{305D}\x{306E}\x{4E0A}\x{3069}\x{3053}\x{307E}\x{3067}\x{3082}\x{767B}\x{3063}\x{3066}\x{884C}\x{304F}\x{3001}\x{3044}\x{3064}\x{307E}\x{3067}"
            text run at (1843,0) width 478: "\x{3082}\x{767B}\x{3063}\x{3066}\x{884C}\x{304F}\x{3002}\x{96F2}\x{96C0}\x{306F}\x{304D}\x{3063}\x{3068}\x{96F2}\x{306E}\x{4E2D}\x{3067}\x{6B7B}\x{306C}\x{306B}\x{76F8}\x{9055}\x{306A}\x{3044}\x{3002}\x{767B}\x{308A}\x{8A70}\x{3081}\x{305F}"
          RenderRuby (inline) {RUBY} at (0,0) size 19x32
            RenderRubyRun (anonymous) at (1872,0) size 18x32
              RenderRubyText {RT} at (-11,0) size 10x32
                RenderText {#text} at (0,2) size 11x28
                  text run at (0,2) width 27: "\x{3042}\x{3052}\x{304F}"
              RenderRubyBase (anonymous) at (0,0) size 18x32
                RenderInline {RB} at (0,0) size 19x32
                  RenderText {#text} at (0,0) size 19x32
                    text run at (0,0) width 32: "\x{63DA}\x{53E5}"
          RenderText {#text} at (1872,32) size 19x112
            text run at (1872,32) width 112: "\x{306F}\x{3001}\x{6D41}\x{308C}\x{3066}\x{96F2}\x{306B}"
          RenderRuby (inline) {RUBY} at (0,0) size 19x16
            RenderRubyRun (anonymous) at (1872,144) size 18x16
              RenderRubyText {RT} at (-11,0) size 10x16
                RenderText {#text} at (0,3) size 11x10
                  text run at (0,3) width 9: "\x{3044}"
              RenderRubyBase (anonymous) at (0,0) size 18x16
                RenderInline {RB} at (0,0) size 19x16
                  RenderText {#text} at (0,0) size 19x16
                    text run at (0,0) width 16: "\x{5165}"
          RenderText {#text} at (1872,160) size 19x48
            text run at (1872,160) width 48: "\x{3063}\x{3066}\x{3001}"
          RenderRuby (inline) {RUBY} at (0,0) size 19x19
            RenderRubyRun (anonymous) at (1872,204) size 18x27
              RenderRubyText {RT} at (-11,0) size 10x27
                RenderText {#text} at (0,0) size 11x27
                  text run at (0,0) width 27: "\x{305F}\x{3060}\x{3088}"
              RenderRubyBase (anonymous) at (0,0) size 18x27
                RenderInline {RB} at (0,0) size 19x17
                  RenderText {#text} at (0,5) size 19x17
                    text run at (0,5) width 16: "\x{6F02}"
          RenderText {#text} at (1872,227) size 48x483
            text run at (1872,227) width 256: "\x{3046}\x{3066}\x{3044}\x{308B}\x{3046}\x{3061}\x{306B}\x{5F62}\x{306F}\x{6D88}\x{3048}\x{3066}\x{306A}\x{304F}\x{306A}\x{3063}"
            text run at (1901,0) width 158: "\x{3066}\x{3001}\x{305F}\x{3060}\x{58F0}\x{3060}\x{3051}\x{304C}\x{7A7A}\x{306E}"
          RenderRuby (inline) {RUBY} at (0,0) size 19x16
            RenderRubyRun (anonymous) at (1901,157) size 18x18
              RenderRubyText {RT} at (-11,0) size 10x18
                RenderText {#text} at (0,0) size 11x18
                  text run at (0,0) width 18: "\x{3046}\x{3061}"
              RenderRubyBase (anonymous) at (0,0) size 18x18
                RenderInline {RB} at (0,0) size 19x16
                  RenderText {#text} at (0,1) size 19x16
                    text run at (0,1) width 16: "\x{88E1}"
          RenderText {#text} at (1901,174) size 19x174
            text run at (1901,174) width 174: "\x{306B}\x{6B8B}\x{308B}\x{306E}\x{304B}\x{3082}\x{77E5}\x{308C}\x{306A}\x{3044}\x{3002}"
          RenderBR {BR} at (1901,348) size 19x0
          RenderText {#text} at (1930,0) size 19x16
            text run at (1930,0) width 16: "\x{3000}"
          RenderRuby (inline) {RUBY} at (0,0) size 19x32
            RenderRubyRun (anonymous) at (1930,14) size 18x36
              RenderRubyText {RT} at (-11,0) size 10x36
                RenderText {#text} at (0,0) size 11x36
                  text run at (0,0) width 36: "\x{3044}\x{308F}\x{304B}\x{3069}"
              RenderRubyBase (anonymous) at (0,0) size 18x36
                RenderInline {RB} at (0,0) size 19x32
                  RenderText {#text} at (0,2) size 19x32
                    text run at (0,2) width 32: "\x{5DCC}\x{89D2}"
          RenderText {#text} at (1930,48) size 19x128
            text run at (1930,48) width 128: "\x{3092}\x{92ED}\x{3069}\x{304F}\x{5EFB}\x{3063}\x{3066}\x{3001}"
          RenderRuby (inline) {RUBY} at (0,0) size 19x32
            RenderRubyRun (anonymous) at (1930,176) size 18x32
              RenderRubyText {RT} at (-11,0) size 10x32
                RenderText {#text} at (0,2) size 11x28
                  text run at (0,2) width 27: "\x{3042}\x{3093}\x{307E}"
              RenderRubyBase (anonymous) at (0,0) size 18x32
                RenderInline {RB} at (0,0) size 19x32
                  RenderText {#text} at (0,0) size 19x32
                    text run at (0,0) width 32: "\x{6309}\x{6469}"
          RenderText {#text} at (1930,208) size 19x32
            text run at (1930,208) width 32: "\x{306A}\x{3089}"
          RenderRuby (inline) {RUBY} at (0,0) size 19x48
            RenderRubyRun (anonymous) at (1930,237) size 18x54
              RenderRubyText {RT} at (-11,0) size 10x54
                RenderText {#text} at (0,0) size 11x54
                  text run at (0,0) width 54: "\x{307E}\x{3063}\x{3055}\x{304B}\x{3055}\x{307E}"
              RenderRubyBase (anonymous) at (0,0) size 18x54
                RenderInline {RB} at (0,0) size 19x48
                  RenderText {#text} at (0,3) size 19x48
                    text run at (0,3) width 48: "\x{771F}\x{9006}\x{69D8}"
          RenderText {#text} at (1930,288) size 19x144
            text run at (1930,288) width 144: "\x{306B}\x{843D}\x{3064}\x{308B}\x{3068}\x{3053}\x{308D}\x{3092}\x{3001}"
          RenderRuby (inline) {RUBY} at (0,0) size 19x16
            RenderRubyRun (anonymous) at (1930,431) size 18x18
              RenderRubyText {RT} at (-11,0) size 10x18
                RenderText {#text} at (0,0) size 11x18
                  text run at (0,0) width 18: "\x{304D}\x{308F}"
              RenderRubyBase (anonymous) at (0,0) size 18x18
                RenderInline {RB} at (0,0) size 19x16
                  RenderText {#text} at (0,1) size 19x16
                    text run at (0,1) width 16: "\x{969B}"
          RenderText {#text} at (1930,448) size 48x480
            text run at (1930,448) width 32: "\x{3069}\x{304F}"
            text run at (1959,0) width 128: "\x{53F3}\x{3078}\x{5207}\x{308C}\x{3066}\x{3001}\x{6A2A}\x{306B}"
          RenderRuby (inline) {RUBY} at (0,0) size 19x32
            RenderRubyRun (anonymous) at (1959,128) size 18x32
              RenderRubyText {RT} at (-11,0) size 10x32
                RenderText {#text} at (0,2) size 11x28
                  text run at (0,2) width 27: "\x{307F}\x{304A}\x{308D}"
              RenderRubyBase (anonymous) at (0,0) size 18x32
                RenderInline {RB} at (0,0) size 19x32
                  RenderText {#text} at (0,0) size 19x32
                    text run at (0,0) width 32: "\x{898B}\x{4E0B}"
          RenderText {#text} at (1959,160) size 19x48
            text run at (1959,160) width 48: "\x{3059}\x{3068}\x{3001}"
          RenderRuby (inline) {RUBY} at (0,0) size 19x16
            RenderRubyRun (anonymous) at (1959,208) size 18x16
              RenderRubyText {RT} at (-11,0) size 10x16
                RenderText {#text} at (0,3) size 11x10
                  text run at (0,3) width 9: "\x{306A}"
              RenderRubyBase (anonymous) at (0,0) size 18x16
                RenderInline {RB} at (0,0) size 19x16
                  RenderText {#text} at (0,0) size 19x16
                    text run at (0,0) width 16: "\x{83DC}"
          RenderText {#text} at (1959,224) size 48x478
            text run at (1959,224) width 254: "\x{306E}\x{82B1}\x{304C}\x{4E00}\x{9762}\x{306B}\x{898B}\x{3048}\x{308B}\x{3002}\x{96F2}\x{96C0}\x{306F}\x{3042}\x{3059}\x{3053}"
            text run at (1988,0) width 268: "\x{3078}\x{843D}\x{3061}\x{308B}\x{306E}\x{304B}\x{3068}\x{601D}\x{3063}\x{305F}\x{3002}\x{3044}\x{3044}\x{3084}\x{3001}\x{3042}\x{306E}"
          RenderRuby (inline) {RUBY} at (0,0) size 19x32
            RenderRubyRun (anonymous) at (1988,268) size 18x32
              RenderRubyText {RT} at (-11,0) size 10x32
                RenderText {#text} at (0,2) size 11x28
                  text run at (0,2) width 27: "\x{3053}\x{304C}\x{306D}"
              RenderRubyBase (anonymous) at (0,0) size 18x32
                RenderInline {RB} at (0,0) size 19x32
                  RenderText {#text} at (0,0) size 19x32
                    text run at (0,0) width 32: "\x{9EC4}\x{91D1}"
          RenderText {#text} at (1988,300) size 48x490
            text run at (1988,300) width 190: "\x{306E}\x{539F}\x{304B}\x{3089}\x{98DB}\x{3073}\x{4E0A}\x{304C}\x{3063}\x{3066}\x{304F}\x{308B}"
            text run at (2017,0) width 270: "\x{306E}\x{304B}\x{3068}\x{601D}\x{3063}\x{305F}\x{3002}\x{6B21}\x{306B}\x{306F}\x{843D}\x{3061}\x{308B}\x{96F2}\x{96C0}\x{3068}\x{3001}"
          RenderRuby (inline) {RUBY} at (0,0) size 19x16
            RenderRubyRun (anonymous) at (2017,269) size 18x18
              RenderRubyText {RT} at (-11,0) size 10x18
                RenderText {#text} at (0,0) size 11x18
                  text run at (0,0) width 18: "\x{3042}\x{304C}"
              RenderRubyBase (anonymous) at (0,0) size 18x18
                RenderInline {RB} at (0,0) size 19x16
                  RenderText {#text} at (0,1) size 19x16
                    text run at (0,1) width 16: "\x{4E0A}"
          RenderText {#text} at (2017,286) size 19x16
            text run at (2017,286) width 16: "\x{308B}"
          RenderRuby (inline) {RUBY} at (0,0) size 19x32
            RenderRubyRun (anonymous) at (2017,302) size 18x32
              RenderRubyText {RT} at (-11,0) size 10x32
                RenderText {#text} at (0,2) size 11x28
                  text run at (0,2) width 27: "\x{3072}\x{3070}\x{308A}"
              RenderRubyBase (anonymous) at (0,0) size 18x32
                RenderInline {RB} at (0,0) size 19x32
                  RenderText {#text} at (0,0) size 19x32
                    text run at (0,0) width 32: "\x{96F2}\x{96C0}"
          RenderText {#text} at (2017,334) size 48x492
            text run at (2017,334) width 158: "\x{304C}\x{5341}\x{6587}\x{5B57}\x{306B}\x{3059}\x{308C}\x{9055}\x{3046}\x{306E}"
            text run at (2046,0) width 432: "\x{304B}\x{3068}\x{601D}\x{3063}\x{305F}\x{3002}\x{6700}\x{5F8C}\x{306B}\x{3001}\x{843D}\x{3061}\x{308B}\x{6642}\x{3082}\x{3001}\x{4E0A}\x{308B}\x{6642}\x{3082}\x{3001}\x{307E}\x{305F}\x{5341}\x{6587}\x{5B57}\x{306B}"
          RenderRuby (inline) {RUBY} at (0,0) size 19x16
            RenderRubyRun (anonymous) at (2046,432) size 18x16
              RenderRubyText {RT} at (-11,0) size 10x16
                RenderText {#text} at (0,3) size 11x10
                  text run at (0,3) width 9: "\x{3059}"
              RenderRubyBase (anonymous) at (0,0) size 18x16
                RenderInline {RB} at (0,0) size 19x16
                  RenderText {#text} at (0,0) size 19x16
                    text run at (0,0) width 16: "\x{64E6}"
          RenderText {#text} at (2046,448) size 37x480
            text run at (2046,448) width 32: "\x{308C}\x{9055}"
            text run at (2064,0) width 368: "\x{3046}\x{3068}\x{304D}\x{306B}\x{3082}\x{5143}\x{6C17}\x{3088}\x{304F}\x{9CF4}\x{304D}\x{3064}\x{3065}\x{3051}\x{308B}\x{3060}\x{308D}\x{3046}\x{3068}\x{601D}\x{3063}\x{305F}\x{3002}"
          RenderBR {BR} at (2064,368) size 19x0
          RenderText {#text} at (2093,0) size 19x192
            text run at (2093,0) width 192: "\x{3000}\x{6625}\x{306F}\x{7720}\x{304F}\x{306A}\x{308B}\x{3002}\x{732B}\x{306F}\x{9F20}\x{3092}"
          RenderRuby (inline) {RUBY} at (0,0) size 19x16
            RenderRubyRun (anonymous) at (2093,192) size 18x16
              RenderRubyText {RT} at (-11,0) size 10x16
                RenderText {#text} at (0,3) size 11x10
                  text run at (0,3) width 9: "\x{3068}"
              RenderRubyBase (anonymous) at (0,0) size 18x16
                RenderInline {RB} at (0,0) size 19x16
                  RenderText {#text} at (0,0) size 19x16
                    text run at (0,0) width 16: "\x{6355}"
          RenderText {#text} at (2093,208) size 48x478
            text run at (2093,208) width 270: "\x{308B}\x{4E8B}\x{3092}\x{5FD8}\x{308C}\x{3001}\x{4EBA}\x{9593}\x{306F}\x{501F}\x{91D1}\x{306E}\x{3042}\x{308B}\x{4E8B}\x{3092}\x{5FD8}"
            text run at (2122,0) width 142: "\x{308C}\x{308B}\x{3002}\x{6642}\x{306B}\x{306F}\x{81EA}\x{5206}\x{306E}"
          RenderRuby (inline) {RUBY} at (0,0) size 19x28
            RenderRubyRun (anonymous) at (2122,138) size 18x36
              RenderRubyText {RT} at (-11,0) size 10x36
                RenderText {#text} at (0,0) size 11x36
                  text run at (0,0) width 36: "\x{305F}\x{307E}\x{3057}\x{3044}"
              RenderRubyBase (anonymous) at (0,0) size 18x36
                RenderInline {RB} at (0,0) size 19x16
                  RenderText {#text} at (0,10) size 19x16
                    text run at (0,10) width 16: "\x{9B42}"
          RenderText {#text} at (2122,170) size 19x14
            text run at (2122,170) width 14: "\x{306E}"
          RenderRuby (inline) {RUBY} at (0,0) size 19x32
            RenderRubyRun (anonymous) at (2122,182) size 18x36
              RenderRubyText {RT} at (-11,0) size 10x36
                RenderText {#text} at (0,0) size 11x36
                  text run at (0,0) width 36: "\x{3044}\x{3069}\x{3053}\x{308D}"
              RenderRubyBase (anonymous) at (0,0) size 18x36
                RenderInline {RB} at (0,0) size 19x32
                  RenderText {#text} at (0,2) size 19x32
                    text run at (0,2) width 32: "\x{5C45}\x{6240}"
          RenderText {#text} at (2122,216) size 48x486
            text run at (2122,216) width 270: "\x{3055}\x{3048}\x{5FD8}\x{308C}\x{3066}\x{6B63}\x{4F53}\x{306A}\x{304F}\x{306A}\x{308B}\x{3002}\x{305F}\x{3060}\x{83DC}\x{306E}\x{82B1}"
            text run at (2151,0) width 176: "\x{3092}\x{9060}\x{304F}\x{671B}\x{3093}\x{3060}\x{3068}\x{304D}\x{306B}\x{773C}\x{304C}"
          RenderRuby (inline) {RUBY} at (0,0) size 19x16
            RenderRubyRun (anonymous) at (2151,176) size 18x16
              RenderRubyText {RT} at (-11,0) size 10x16
                RenderText {#text} at (0,3) size 11x10
                  text run at (0,3) width 9: "\x{3055}"
              RenderRubyBase (anonymous) at (0,0) size 18x16
                RenderInline {RB} at (0,0) size 19x16
                  RenderText {#text} at (0,0) size 19x16
                    text run at (0,0) width 16: "\x{9192}"
          RenderText {#text} at (2151,192) size 48x492
            text run at (2151,192) width 300: "\x{3081}\x{308B}\x{3002}\x{96F2}\x{96C0}\x{306E}\x{58F0}\x{3092}\x{805E}\x{3044}\x{305F}\x{3068}\x{304D}\x{306B}\x{9B42}\x{306E}\x{3042}\x{308A}\x{304B}"
            text run at (2180,0) width 16: "\x{304C}"
          RenderRuby (inline) {RUBY} at (0,0) size 19x32
            RenderRubyRun (anonymous) at (2180,14) size 18x36
              RenderRubyText {RT} at (-11,0) size 10x36
                RenderText {#text} at (0,0) size 11x36
                  text run at (0,0) width 36: "\x{306F}\x{3093}\x{305C}\x{3093}"
              RenderRubyBase (anonymous) at (0,0) size 18x36
                RenderInline {RB} at (0,0) size 19x32
                  RenderText {#text} at (0,2) size 19x32
                    text run at (0,2) width 32: "\x{5224}\x{7136}"
          RenderText {#text} at (2180,48) size 55x492
            text run at (2180,48) width 424: "\x{3059}\x{308B}\x{3002}\x{96F2}\x{96C0}\x{306E}\x{9CF4}\x{304F}\x{306E}\x{306F}\x{53E3}\x{3067}\x{9CF4}\x{304F}\x{306E}\x{3067}\x{306F}\x{306A}\x{3044}\x{3001}\x{9B42}\x{5168}\x{4F53}\x{304C}\x{9CF4}\x{304F}\x{306E}"
            text run at (2198,0) width 488: "\x{3060}\x{3002}\x{9B42}\x{306E}\x{6D3B}\x{52D5}\x{304C}\x{58F0}\x{306B}\x{3042}\x{3089}\x{308F}\x{308C}\x{305F}\x{3082}\x{306E}\x{306E}\x{3046}\x{3061}\x{3067}\x{3001}\x{3042}\x{308C}\x{307B}\x{3069}\x{5143}\x{6C17}\x{306E}\x{3042}\x{308B}\x{3082}"
            text run at (2216,0) width 492: "\x{306E}\x{306F}\x{306A}\x{3044}\x{3002}\x{3042}\x{3042}\x{6109}\x{5FEB}\x{3060}\x{3002}\x{3053}\x{3046}\x{601D}\x{3063}\x{3066}\x{3001}\x{3053}\x{3046}\x{6109}\x{5FEB}\x{306B}\x{306A}\x{308B}\x{306E}\x{304C}\x{8A69}\x{3067}\x{3042}\x{308B}\x{3002}"
          RenderBR {BR} at (2216,492) size 19x0
          RenderText {#text} at (2234,0) size 48x490
            text run at (2234,0) width 490: "\x{3000}\x{305F}\x{3061}\x{307E}\x{3061}\x{30B7}\x{30A7}\x{30EC}\x{30FC}\x{306E}\x{96F2}\x{96C0}\x{306E}\x{8A69}\x{3092}\x{601D}\x{3044}\x{51FA}\x{3057}\x{3066}\x{3001}\x{53E3}\x{306E}\x{3046}\x{3061}\x{3067}\x{899A}\x{3048}\x{305F}\x{3068}\x{3053}"
            text run at (2263,0) width 48: "\x{308D}\x{3060}\x{3051}"
          RenderRuby (inline) {RUBY} at (0,0) size 19x37
            RenderRubyRun (anonymous) at (2263,44) size 18x45
              RenderRubyText {RT} at (-11,0) size 10x45
                RenderText {#text} at (0,0) size 11x45
                  text run at (0,0) width 45: "\x{3042}\x{3093}\x{3057}\x{3087}\x{3046}"
              RenderRubyBase (anonymous) at (0,0) size 18x45
                RenderInline {RB} at (0,0) size 19x33
                  RenderText {#text} at (0,6) size 19x33
                    text run at (0,6) width 32: "\x{6697}\x{8AA6}"
          RenderText {#text} at (2263,85) size 37x485
            text run at (2263,85) width 400: "\x{3057}\x{3066}\x{898B}\x{305F}\x{304C}\x{3001}\x{899A}\x{3048}\x{3066}\x{3044}\x{308B}\x{3068}\x{3053}\x{308D}\x{306F}\x{4E8C}\x{4E09}\x{53E5}\x{3057}\x{304B}\x{306A}\x{304B}\x{3063}\x{305F}\x{3002}"
            text run at (2281,0) width 266: "\x{305D}\x{306E}\x{4E8C}\x{4E09}\x{53E5}\x{306E}\x{306A}\x{304B}\x{306B}\x{3053}\x{3093}\x{306A}\x{306E}\x{304C}\x{3042}\x{308B}\x{3002}"
          RenderBR {BR} at (2281,266) size 19x0
        RenderBlock {DIV} at (2299,32) size 90x461
          RenderText {#text} at (0,0) size 19x189
            text run at (0,0) width 189: "\x{3000}\x{3000}We look before and after"
          RenderBR {BR} at (0,189) size 19x0
          RenderText {#text} at (18,0) size 19x222
            text run at (18,0) width 222: "\x{3000}\x{3000}\x{3000}\x{3000}And pine for what is not:"
          RenderBR {BR} at (18,222) size 19x0
          RenderText {#text} at (36,0) size 19x170
            text run at (36,0) width 170: "\x{3000}\x{3000}Our sincerest laughter"
          RenderBR {BR} at (36,170) size 19x0
          RenderText {#text} at (54,0) size 19x230
            text run at (54,0) width 230: "\x{3000}\x{3000}\x{3000}\x{3000}With some pain is fraught;"
          RenderBR {BR} at (54,230) size 19x0
          RenderText {#text} at (72,0) size 19x355
            text run at (72,0) width 355: "Our sweetest songs are those that tell of saddest thought."
          RenderBR {BR} at (72,355) size 19x0
        RenderBlock (anonymous) at (2389,0) size 1698x493
          RenderText {#text} at (11,0) size 19x112
            text run at (11,0) width 112: "\x{300C}\x{524D}\x{3092}\x{307F}\x{3066}\x{306F}\x{3001}"
          RenderRuby (inline) {RUBY} at (0,0) size 19x16
            RenderRubyRun (anonymous) at (11,111) size 18x18
              RenderRubyText {RT} at (-11,0) size 10x18
                RenderText {#text} at (0,0) size 11x18
                  text run at (0,0) width 18: "\x{3057}\x{308A}"
              RenderRubyBase (anonymous) at (0,0) size 18x18
                RenderInline {RB} at (0,0) size 19x16
                  RenderText {#text} at (0,1) size 19x16
                    text run at (0,1) width 16: "\x{5F8C}"
          RenderText {#text} at (11,128) size 19x96
            text run at (11,128) width 96: "\x{3048}\x{3092}\x{898B}\x{3066}\x{306F}\x{3001}"
          RenderRuby (inline) {RUBY} at (0,0) size 19x32
            RenderRubyRun (anonymous) at (11,224) size 18x32
              RenderRubyText {RT} at (-11,0) size 10x32
                RenderText {#text} at (0,3) size 11x26
                  text run at (0,3) width 26: "\x{3082}\x{306E}\x{307B}"
              RenderRubyBase (anonymous) at (0,0) size 18x32
                RenderInline {RB} at (0,0) size 19x32
                  RenderText {#text} at (0,0) size 19x32
                    text run at (0,0) width 32: "\x{7269}\x{6B32}"
          RenderText {#text} at (11,256) size 48x480
            text run at (11,256) width 224: "\x{3057}\x{3068}\x{3001}\x{3042}\x{3053}\x{304C}\x{308B}\x{308B}\x{304B}\x{306A}\x{308F}\x{308C}\x{3002}\x{8179}"
            text run at (40,0) width 460: "\x{304B}\x{3089}\x{306E}\x{3001}\x{7B11}\x{3068}\x{3044}\x{3048}\x{3069}\x{3001}\x{82E6}\x{3057}\x{307F}\x{306E}\x{3001}\x{305D}\x{3053}\x{306B}\x{3042}\x{308B}\x{3079}\x{3057}\x{3002}\x{3046}\x{3064}\x{304F}\x{3057}\x{304D}\x{3001}"
          RenderRuby (inline) {RUBY} at (0,0) size 19x16
            RenderRubyRun (anonymous) at (40,459) size 18x18
              RenderRubyText {RT} at (-11,0) size 10x18
                RenderText {#text} at (0,0) size 11x18
                  text run at (0,0) width 18: "\x{304D}\x{308F}"
              RenderRubyBase (anonymous) at (0,0) size 18x18
                RenderInline {RB} at (0,0) size 19x16
                  RenderText {#text} at (0,1) size 19x16
                    text run at (0,1) width 16: "\x{6975}"
          RenderText {#text} at (40,476) size 48x492
            text run at (40,476) width 16: "\x{307F}"
            text run at (69,0) width 186: "\x{306E}\x{6B4C}\x{306B}\x{3001}\x{60B2}\x{3057}\x{3055}\x{306E}\x{3001}\x{6975}\x{307F}\x{306E}"
          RenderRuby (inline) {RUBY} at (0,0) size 19x19
            RenderRubyRun (anonymous) at (69,182) size 18x27
              RenderRubyText {RT} at (-11,0) size 10x27
                RenderText {#text} at (0,0) size 11x27
                  text run at (0,0) width 27: "\x{304A}\x{3082}\x{3044}"
              RenderRubyBase (anonymous) at (0,0) size 18x27
                RenderInline {RB} at (0,0) size 19x17
                  RenderText {#text} at (0,5) size 19x17
                    text run at (0,5) width 16: "\x{60F3}"
          RenderText {#text} at (69,205) size 19x16
            text run at (69,205) width 16: "\x{3001}"
          RenderRuby (inline) {RUBY} at (0,0) size 19x16
            RenderRubyRun (anonymous) at (69,220) size 18x18
              RenderRubyText {RT} at (-11,0) size 10x18
                RenderText {#text} at (0,0) size 11x18
                  text run at (0,0) width 18: "\x{3053}\x{3082}"
              RenderRubyBase (anonymous) at (0,0) size 18x18
                RenderInline {RB} at (0,0) size 19x16
                  RenderText {#text} at (0,1) size 19x16
                    text run at (0,1) width 16: "\x{7C60}"
          RenderText {#text} at (69,237) size 19x96
            text run at (69,237) width 96: "\x{308B}\x{3068}\x{305E}\x{77E5}\x{308C}\x{300D}"
          RenderBR {BR} at (69,333) size 19x0
          RenderText {#text} at (87,0) size 48x492
            text run at (87,0) width 492: "\x{3000}\x{306A}\x{308B}\x{307B}\x{3069}\x{3044}\x{304F}\x{3089}\x{8A69}\x{4EBA}\x{304C}\x{5E78}\x{798F}\x{3067}\x{3082}\x{3001}\x{3042}\x{306E}\x{96F2}\x{96C0}\x{306E}\x{3088}\x{3046}\x{306B}\x{601D}\x{3044}\x{5207}\x{3063}\x{3066}\x{3001}\x{4E00}"
            text run at (116,0) width 320: "\x{5FC3}\x{4E0D}\x{4E71}\x{306B}\x{3001}\x{524D}\x{5F8C}\x{3092}\x{5FD8}\x{5374}\x{3057}\x{3066}\x{3001}\x{308F}\x{304C}\x{559C}\x{3073}\x{3092}\x{6B4C}\x{3046}"
          RenderRuby (inline) {RUBY} at (0,0) size 19x16
            RenderRubyRun (anonymous) at (116,319) size 18x18
              RenderRubyText {RT} at (-11,0) size 10x18
                RenderText {#text} at (0,0) size 11x18
                  text run at (0,0) width 18: "\x{308F}\x{3051}"
              RenderRubyBase (anonymous) at (0,0) size 18x18
                RenderInline {RB} at (0,0) size 19x16
                  RenderText {#text} at (0,1) size 19x16
                    text run at (0,1) width 16: "\x{8A33}"
          RenderText {#text} at (116,336) size 48x480
            text run at (116,336) width 144: "\x{306B}\x{306F}\x{884C}\x{304F}\x{307E}\x{3044}\x{3002}\x{897F}\x{6D0B}"
            text run at (145,0) width 266: "\x{306E}\x{8A69}\x{306F}\x{7121}\x{8AD6}\x{306E}\x{4E8B}\x{3001}\x{652F}\x{90A3}\x{306E}\x{8A69}\x{306B}\x{3082}\x{3001}\x{3088}\x{304F}"
          RenderRuby (inline) {RUBY} at (0,0) size 19x32
            RenderRubyRun (anonymous) at (145,264) size 18x36
              RenderRubyText {RT} at (-11,0) size 10x36
                RenderText {#text} at (0,0) size 11x36
                  text run at (0,0) width 36: "\x{3070}\x{3093}\x{3053}\x{304F}"
              RenderRubyBase (anonymous) at (0,0) size 18x36
                RenderInline {RB} at (0,0) size 19x32
                  RenderText {#text} at (0,2) size 19x32
                    text run at (0,2) width 32: "\x{4E07}\x{659B}"
          RenderText {#text} at (145,298) size 19x14
            text run at (145,298) width 14: "\x{306E}"
          RenderRuby (inline) {RUBY} at (0,0) size 19x19
            RenderRubyRun (anonymous) at (145,308) size 18x27
              RenderRubyText {RT} at (-11,0) size 10x27
                RenderText {#text} at (0,0) size 11x27
                  text run at (0,0) width 27: "\x{3046}\x{308C}\x{3044}"
              RenderRubyBase (anonymous) at (0,0) size 18x27
                RenderInline {RB} at (0,0) size 19x17
                  RenderText {#text} at (0,5) size 19x17
                    text run at (0,5) width 16: "\x{6101}"
          RenderText {#text} at (145,331) size 48x491
            text run at (145,331) width 160: "\x{306A}\x{3069}\x{3068}\x{4E91}\x{3046}\x{5B57}\x{304C}\x{3042}\x{308B}\x{3002}"
            text run at (174,0) width 128: "\x{8A69}\x{4EBA}\x{3060}\x{304B}\x{3089}\x{4E07}\x{659B}\x{3067}"
          RenderRuby (inline) {RUBY} at (0,0) size 19x32
            RenderRubyRun (anonymous) at (174,126) size 18x36
              RenderRubyText {RT} at (-11,0) size 10x36
                RenderText {#text} at (0,0) size 11x36
                  text run at (0,0) width 36: "\x{3057}\x{308D}\x{3046}\x{3068}"
              RenderRubyBase (anonymous) at (0,0) size 18x36
                RenderInline {RB} at (0,0) size 19x32
                  RenderText {#text} at (0,2) size 19x32
                    text run at (0,2) width 32: "\x{7D20}\x{4EBA}"
          RenderText {#text} at (174,160) size 19x48
            text run at (174,160) width 48: "\x{306A}\x{3089}\x{4E00}"
          RenderRuby (inline) {RUBY} at (0,0) size 19x16
            RenderRubyRun (anonymous) at (174,207) size 18x18
              RenderRubyText {RT} at (-11,0) size 10x18
                RenderText {#text} at (0,0) size 11x18
                  text run at (0,0) width 18: "\x{3054}\x{3046}"
              RenderRubyBase (anonymous) at (0,0) size 18x18
                RenderInline {RB} at (0,0) size 19x16
                  RenderText {#text} at (0,1) size 19x16
                    text run at (0,1) width 16: "\x{5408}"
          RenderText {#text} at (174,224) size 48x480
            text run at (174,224) width 256: "\x{3067}\x{6E08}\x{3080}\x{304B}\x{3082}\x{77E5}\x{308C}\x{306C}\x{3002}\x{3057}\x{3066}\x{898B}\x{308B}\x{3068}\x{8A69}\x{4EBA}"
            text run at (203,0) width 190: "\x{306F}\x{5E38}\x{306E}\x{4EBA}\x{3088}\x{308A}\x{3082}\x{82E6}\x{52B4}\x{6027}\x{3067}\x{3001}"
          RenderRuby (inline) {RUBY} at (0,0) size 19x32
            RenderRubyRun (anonymous) at (203,188) size 18x36
              RenderRubyText {RT} at (-11,0) size 10x36
                RenderText {#text} at (0,0) size 11x36
                  text run at (0,0) width 36: "\x{307C}\x{3093}\x{3053}\x{3064}"
              RenderRubyBase (anonymous) at (0,0) size 18x36
                RenderInline {RB} at (0,0) size 19x32
                  RenderText {#text} at (0,2) size 19x32
                    text run at (0,2) width 32: "\x{51E1}\x{9AA8}"
          RenderText {#text} at (203,222) size 48x474
            text run at (203,222) width 252: "\x{306E}\x{500D}\x{4EE5}\x{4E0A}\x{306B}\x{795E}\x{7D4C}\x{304C}\x{92ED}\x{654F}\x{306A}\x{306E}\x{304B}\x{3082}\x{77E5}\x{308C}"
            text run at (232,0) width 252: "\x{3093}\x{3002}\x{8D85}\x{4FD7}\x{306E}\x{559C}\x{3073}\x{3082}\x{3042}\x{308D}\x{3046}\x{304C}\x{3001}\x{7121}\x{91CF}\x{306E}"
          RenderRuby (inline) {RUBY} at (0,0) size 19x28
            RenderRubyRun (anonymous) at (232,248) size 18x36
              RenderRubyText {RT} at (-11,0) size 10x36
                RenderText {#text} at (0,0) size 11x36
                  text run at (0,0) width 36: "\x{304B}\x{306A}\x{3057}\x{307F}"
              RenderRubyBase (anonymous) at (0,0) size 18x36
                RenderInline {RB} at (0,0) size 19x16
                  RenderText {#text} at (0,10) size 19x16
                    text run at (0,10) width 16: "\x{60B2}"
          RenderText {#text} at (232,280) size 37x488
            text run at (232,280) width 208: "\x{3082}\x{591A}\x{304B}\x{308D}\x{3046}\x{3002}\x{305D}\x{3093}\x{306A}\x{3089}\x{3070}\x{8A69}\x{4EBA}"
            text run at (250,0) width 158: "\x{306B}\x{306A}\x{308B}\x{306E}\x{3082}\x{8003}\x{3048}\x{7269}\x{3060}\x{3002}"
          RenderBR {BR} at (250,158) size 19x0
          RenderText {#text} at (279,0) size 19x128
            text run at (279,0) width 128: "\x{3000}\x{3057}\x{3070}\x{3089}\x{304F}\x{306F}\x{8DEF}\x{304C}"
          RenderRuby (inline) {RUBY} at (0,0) size 19x19
            RenderRubyRun (anonymous) at (279,124) size 18x27
              RenderRubyText {RT} at (-11,0) size 10x27
                RenderText {#text} at (0,0) size 11x27
                  text run at (0,0) width 27: "\x{305F}\x{3044}\x{3089}"
              RenderRubyBase (anonymous) at (0,0) size 18x27
                RenderInline {RB} at (0,0) size 19x17
                  RenderText {#text} at (0,5) size 19x17
                    text run at (0,5) width 16: "\x{5E73}"
          RenderText {#text} at (279,147) size 19x64
            text run at (279,147) width 64: "\x{3067}\x{3001}\x{53F3}\x{306F}"
          RenderRuby (inline) {RUBY} at (0,0) size 19x48
            RenderRubyRun (anonymous) at (279,211) size 18x48
              RenderRubyText {RT} at (-11,0) size 10x48
                RenderText {#text} at (0,1) size 11x46
                  text run at (0,1) width 45: "\x{305E}\x{3046}\x{304D}\x{3084}\x{307E}"
              RenderRubyBase (anonymous) at (0,0) size 18x48
                RenderInline {RB} at (0,0) size 19x48
                  RenderText {#text} at (0,0) size 19x48
                    text run at (0,0) width 48: "\x{96D1}\x{6728}\x{5C71}"
          RenderText {#text} at (279,259) size 48x463
            text run at (279,259) width 204: "\x{3001}\x{5DE6}\x{306F}\x{83DC}\x{306E}\x{82B1}\x{306E}\x{898B}\x{3064}\x{3065}\x{3051}\x{3067}\x{3042}"
            text run at (308,0) width 126: "\x{308B}\x{3002}\x{8DB3}\x{306E}\x{4E0B}\x{306B}\x{6642}\x{3005}"
          RenderRuby (inline) {RUBY} at (0,0) size 19x48
            RenderRubyRun (anonymous) at (308,126) size 18x48
              RenderRubyText {RT} at (-11,0) size 10x48
                RenderText {#text} at (0,6) size 11x36
                  text run at (0,6) width 36: "\x{305F}\x{3093}\x{307D}\x{307D}"
              RenderRubyBase (anonymous) at (0,0) size 18x48
                RenderInline {RB} at (0,0) size 19x48
                  RenderText {#text} at (0,0) size 19x48
                    text run at (0,0) width 48: "\x{84B2}\x{516C}\x{82F1}"
          RenderText {#text} at (308,174) size 19x112
            text run at (308,174) width 112: "\x{3092}\x{8E0F}\x{307F}\x{3064}\x{3051}\x{308B}\x{3002}"
          RenderRuby (inline) {RUBY} at (0,0) size 19x27
            RenderRubyRun (anonymous) at (308,282) size 18x35
              RenderRubyText {RT} at (-11,0) size 10x35
                RenderText {#text} at (0,0) size 11x35
                  text run at (0,0) width 35: "\x{306E}\x{3053}\x{304E}\x{308A}"
              RenderRubyBase (anonymous) at (0,0) size 18x35
                RenderInline {RB} at (0,0) size 19x17
                  RenderText {#text} at (0,9) size 19x17
                    text run at (0,9) width 16: "\x{92F8}"
          RenderText {#text} at (308,313) size 48x487
            text run at (308,313) width 174: "\x{306E}\x{3088}\x{3046}\x{306A}\x{8449}\x{304C}\x{9060}\x{616E}\x{306A}\x{304F}\x{56DB}"
            text run at (337,0) width 174: "\x{65B9}\x{3078}\x{306E}\x{3057}\x{3066}\x{771F}\x{4E2D}\x{306B}\x{9EC4}\x{8272}\x{306A}"
          RenderRuby (inline) {RUBY} at (0,0) size 19x16
            RenderRubyRun (anonymous) at (337,173) size 18x18
              RenderRubyText {RT} at (-11,0) size 10x18
                RenderText {#text} at (0,0) size 11x18
                  text run at (0,0) width 18: "\x{305F}\x{307E}"
              RenderRubyBase (anonymous) at (0,0) size 18x18
                RenderInline {RB} at (0,0) size 19x16
                  RenderText {#text} at (0,1) size 19x16
                    text run at (0,1) width 16: "\x{73E0}"
          RenderText {#text} at (337,190) size 66x492
            text run at (337,190) width 302: "\x{3092}\x{64C1}\x{8B77}\x{3057}\x{3066}\x{3044}\x{308B}\x{3002}\x{83DC}\x{306E}\x{82B1}\x{306B}\x{6C17}\x{3092}\x{3068}\x{3089}\x{308C}\x{3066}\x{3001}"
            text run at (355,0) width 478: "\x{8E0F}\x{307F}\x{3064}\x{3051}\x{305F}\x{3042}\x{3068}\x{3067}\x{3001}\x{6C17}\x{306E}\x{6BD2}\x{306A}\x{4E8B}\x{3092}\x{3057}\x{305F}\x{3068}\x{3001}\x{632F}\x{308A}\x{5411}\x{3044}\x{3066}\x{898B}\x{308B}\x{3068}\x{3001}\x{9EC4}\x{8272}"
            text run at (384,0) width 206: "\x{306A}\x{73E0}\x{306F}\x{4F9D}\x{7136}\x{3068}\x{3057}\x{3066}\x{92F8}\x{306E}\x{306A}\x{304B}\x{306B}"
          RenderRuby (inline) {RUBY} at (0,0) size 19x32
            RenderRubyRun (anonymous) at (384,206) size 18x32
              RenderRubyText {RT} at (-11,0) size 10x32
                RenderText {#text} at (0,2) size 11x28
                  text run at (0,2) width 27: "\x{3061}\x{3093}\x{3056}"
              RenderRubyBase (anonymous) at (0,0) size 18x32
                RenderInline {RB} at (0,0) size 19x32
                  RenderText {#text} at (0,0) size 19x32
                    text run at (0,0) width 32: "\x{93AE}\x{5EA7}"
          RenderText {#text} at (384,238) size 19x80
            text run at (384,238) width 80: "\x{3057}\x{3066}\x{3044}\x{308B}\x{3002}"
          RenderRuby (inline) {RUBY} at (0,0) size 19x32
            RenderRubyRun (anonymous) at (384,318) size 18x32
              RenderRubyText {RT} at (-11,0) size 10x32
                RenderText {#text} at (0,3) size 11x26
                  text run at (0,3) width 26: "\x{306E}\x{3093}\x{304D}"
              RenderRubyBase (anonymous) at (0,0) size 18x32
                RenderInline {RB} at (0,0) size 19x32
                  RenderText {#text} at (0,0) size 19x32
                    text run at (0,0) width 32: "\x{5451}\x{6C17}"
          RenderText {#text} at (384,350) size 37x492
            text run at (384,350) width 142: "\x{306A}\x{3082}\x{306E}\x{3060}\x{3002}\x{307E}\x{305F}\x{8003}\x{3048}"
            text run at (402,0) width 96: "\x{3092}\x{3064}\x{3065}\x{3051}\x{308B}\x{3002}"
          RenderBR {BR} at (402,96) size 19x0
          RenderText {#text} at (431,0) size 19x64
            text run at (431,0) width 64: "\x{3000}\x{8A69}\x{4EBA}\x{306B}"
          RenderRuby (inline) {RUBY} at (0,0) size 19x19
            RenderRubyRun (anonymous) at (431,60) size 18x27
              RenderRubyText {RT} at (-11,0) size 10x27
                RenderText {#text} at (0,0) size 11x27
                  text run at (0,0) width 27: "\x{3046}\x{308C}\x{3044}"
              RenderRubyBase (anonymous) at (0,0) size 18x27
                RenderInline {RB} at (0,0) size 19x17
                  RenderText {#text} at (0,5) size 19x17
                    text run at (0,5) width 16: "\x{6182}"
          RenderText {#text} at (431,83) size 19x236
            text run at (431,83) width 236: "\x{306F}\x{3064}\x{304D}\x{3082}\x{306E}\x{304B}\x{3082}\x{77E5}\x{308C}\x{306A}\x{3044}\x{304C}\x{3001}\x{3042}\x{306E}"
          RenderRuby (inline) {RUBY} at (0,0) size 19x32
            RenderRubyRun (anonymous) at (431,319) size 18x32
              RenderRubyText {RT} at (-11,0) size 10x32
                RenderText {#text} at (0,2) size 11x28
                  text run at (0,2) width 27: "\x{3072}\x{3070}\x{308A}"
              RenderRubyBase (anonymous) at (0,0) size 18x32
                RenderInline {RB} at (0,0) size 19x32
                  RenderText {#text} at (0,0) size 19x32
                    text run at (0,0) width 32: "\x{96F2}\x{96C0}"
          RenderText {#text} at (431,351) size 48x479
            text run at (431,351) width 128: "\x{3092}\x{805E}\x{304F}\x{5FC3}\x{6301}\x{306B}\x{306A}\x{308C}"
            text run at (460,0) width 16: "\x{3070}"
          RenderRuby (inline) {RUBY} at (0,0) size 19x32
            RenderRubyRun (anonymous) at (460,16) size 18x32
              RenderRubyText {RT} at (-11,0) size 10x32
                RenderText {#text} at (0,2) size 11x28
                  text run at (0,2) width 27: "\x{307F}\x{3058}\x{3093}"
              RenderRubyBase (anonymous) at (0,0) size 18x32
                RenderInline {RB} at (0,0) size 19x32
                  RenderText {#text} at (0,0) size 19x32
                    text run at (0,0) width 32: "\x{5FAE}\x{5875}"
          RenderText {#text} at (460,48) size 19x14
            text run at (460,48) width 14: "\x{306E}"
          RenderRuby (inline) {RUBY} at (0,0) size 19x16
            RenderRubyRun (anonymous) at (460,62) size 18x16
              RenderRubyText {RT} at (-11,0) size 10x16
                RenderText {#text} at (0,3) size 11x10
                  text run at (0,3) width 9: "\x{304F}"
              RenderRubyBase (anonymous) at (0,0) size 18x16
                RenderInline {RB} at (0,0) size 19x16
                  RenderText {#text} at (0,0) size 19x16
                    text run at (0,0) width 16: "\x{82E6}"
          RenderText {#text} at (460,78) size 19x334
            text run at (460,78) width 334: "\x{3082}\x{306A}\x{3044}\x{3002}\x{83DC}\x{306E}\x{82B1}\x{3092}\x{898B}\x{3066}\x{3082}\x{3001}\x{305F}\x{3060}\x{3046}\x{308C}\x{3057}\x{304F}\x{3066}\x{80F8}\x{304C}"
          RenderRuby (inline) {RUBY} at (0,0) size 19x16
            RenderRubyRun (anonymous) at (460,411) size 18x18
              RenderRubyText {RT} at (-11,0) size 10x18
                RenderText {#text} at (0,0) size 11x18
                  text run at (0,0) width 18: "\x{304A}\x{3069}"
              RenderRubyBase (anonymous) at (0,0) size 18x18
                RenderInline {RB} at (0,0) size 19x16
                  RenderText {#text} at (0,1) size 19x16
                    text run at (0,1) width 16: "\x{8E8D}"
          RenderText {#text} at (460,428) size 66x492
            text run at (460,428) width 64: "\x{308B}\x{3070}\x{304B}\x{308A}"
            text run at (478,0) width 478: "\x{3060}\x{3002}\x{84B2}\x{516C}\x{82F1}\x{3082}\x{305D}\x{306E}\x{901A}\x{308A}\x{3001}\x{685C}\x{3082}\x{2015}\x{2015}\x{685C}\x{306F}\x{3044}\x{3064}\x{304B}\x{898B}\x{3048}\x{306A}\x{304F}\x{306A}\x{3063}\x{305F}\x{3002}\x{3053}\x{3046}"
            text run at (507,0) width 140: "\x{5C71}\x{306E}\x{4E2D}\x{3078}\x{6765}\x{3066}\x{81EA}\x{7136}\x{306E}"
          RenderRuby (inline) {RUBY} at (0,0) size 19x32
            RenderRubyRun (anonymous) at (507,138) size 18x36
              RenderRubyText {RT} at (-11,0) size 10x36
                RenderText {#text} at (0,0) size 11x36
                  text run at (0,0) width 36: "\x{3051}\x{3044}\x{3076}\x{3064}"
              RenderRubyBase (anonymous) at (0,0) size 18x36
                RenderInline {RB} at (0,0) size 19x32
                  RenderText {#text} at (0,2) size 19x32
                    text run at (0,2) width 32: "\x{666F}\x{7269}"
          RenderText {#text} at (507,172) size 48x488
            text run at (507,172) width 316: "\x{306B}\x{63A5}\x{3059}\x{308C}\x{3070}\x{3001}\x{898B}\x{308B}\x{3082}\x{306E}\x{3082}\x{805E}\x{304F}\x{3082}\x{306E}\x{3082}\x{9762}\x{767D}\x{3044}\x{3002}"
            text run at (536,0) width 398: "\x{9762}\x{767D}\x{3044}\x{3060}\x{3051}\x{3067}\x{5225}\x{6BB5}\x{306E}\x{82E6}\x{3057}\x{307F}\x{3082}\x{8D77}\x{3089}\x{306C}\x{3002}\x{8D77}\x{308B}\x{3068}\x{3059}\x{308C}\x{3070}\x{8DB3}\x{304C}"
          RenderRuby (inline) {RUBY} at (0,0) size 19x32
            RenderRubyRun (anonymous) at (536,398) size 18x32
              RenderRubyText {RT} at (-11,0) size 10x32
                RenderText {#text} at (0,2) size 11x28
                  text run at (0,2) width 27: "\x{304F}\x{305F}\x{3073}"
              RenderRubyBase (anonymous) at (0,0) size 18x32
                RenderInline {RB} at (0,0) size 19x32
                  RenderText {#text} at (0,0) size 19x32
                    text run at (0,0) width 32: "\x{8349}\x{81E5}"
          RenderText {#text} at (536,430) size 19x48
            text run at (536,430) width 48: "\x{308C}\x{3066}\x{3001}"
          RenderRuby (inline) {RUBY} at (0,0) size 19x17
            RenderRubyRun (anonymous) at (565,0) size 18x18
              RenderRubyText {RT} at (-11,0) size 10x18
                RenderText {#text} at (0,0) size 11x18
                  text run at (0,0) width 18: "\x{3046}\x{307E}"
              RenderRubyBase (anonymous) at (0,0) size 18x18
                RenderInline {RB} at (0,0) size 19x16
                  RenderText {#text} at (0,1) size 19x16
                    text run at (0,1) width 16: "\x{65E8}"
          RenderText {#text} at (565,17) size 19x284
            text run at (565,17) width 284: "\x{3044}\x{3082}\x{306E}\x{304C}\x{98DF}\x{3079}\x{3089}\x{308C}\x{306C}\x{304F}\x{3089}\x{3044}\x{306E}\x{4E8B}\x{3060}\x{308D}\x{3046}\x{3002}"
          RenderBR {BR} at (565,301) size 19x0
          RenderText {#text} at (594,0) size 19x410
            text run at (594,0) width 410: "\x{3000}\x{3057}\x{304B}\x{3057}\x{82E6}\x{3057}\x{307F}\x{306E}\x{306A}\x{3044}\x{306E}\x{306F}\x{306A}\x{305C}\x{3060}\x{308D}\x{3046}\x{3002}\x{305F}\x{3060}\x{3053}\x{306E}\x{666F}\x{8272}\x{3092}\x{4E00}"
          RenderRuby (inline) {RUBY} at (0,0) size 19x16
            RenderRubyRun (anonymous) at (594,409) size 18x18
              RenderRubyText {RT} at (-11,0) size 10x18
                RenderText {#text} at (0,0) size 11x18
                  text run at (0,0) width 18: "\x{3077}\x{304F}"
              RenderRubyBase (anonymous) at (0,0) size 18x18
                RenderInline {RB} at (0,0) size 19x16
                  RenderText {#text} at (0,1) size 19x16
                    text run at (0,1) width 16: "\x{5E45}"
          RenderText {#text} at (594,426) size 19x14
            text run at (594,426) width 14: "\x{306E}"
          RenderRuby (inline) {RUBY} at (0,0) size 19x16
            RenderRubyRun (anonymous) at (594,440) size 18x16
              RenderRubyText {RT} at (-11,0) size 10x16
                RenderText {#text} at (0,3) size 11x10
                  text run at (0,3) width 9: "\x{3048}"
              RenderRubyBase (anonymous) at (0,0) size 18x16
                RenderInline {RB} at (0,0) size 19x16
                  RenderText {#text} at (0,0) size 19x16
                    text run at (0,0) width 16: "\x{753B}"
          RenderText {#text} at (594,456) size 48x488
            text run at (594,456) width 32: "\x{3068}\x{3057}"
            text run at (623,0) width 16: "\x{3066}"
          RenderRuby (inline) {RUBY} at (0,0) size 19x16
            RenderRubyRun (anonymous) at (623,16) size 18x16
              RenderRubyText {RT} at (-11,0) size 10x16
                RenderText {#text} at (0,3) size 11x10
                  text run at (0,3) width 9: "\x{307F}"
              RenderRubyBase (anonymous) at (0,0) size 18x16
                RenderInline {RB} at (0,0) size 19x16
                  RenderText {#text} at (0,0) size 19x16
                    text run at (0,0) width 16: "\x{89B3}"
          RenderText {#text} at (623,32) size 19x32
            text run at (623,32) width 32: "\x{3001}\x{4E00}"
          RenderRuby (inline) {RUBY} at (0,0) size 19x16
            RenderRubyRun (anonymous) at (623,63) size 18x18
              RenderRubyText {RT} at (-11,0) size 10x18
                RenderText {#text} at (0,0) size 11x18
                  text run at (0,0) width 18: "\x{304B}\x{3093}"
              RenderRubyBase (anonymous) at (0,0) size 18x18
                RenderInline {RB} at (0,0) size 19x16
                  RenderText {#text} at (0,1) size 19x16
                    text run at (0,1) width 16: "\x{5DFB}"
          RenderText {#text} at (623,80) size 19x206
            text run at (623,80) width 206: "\x{306E}\x{8A69}\x{3068}\x{3057}\x{3066}\x{8AAD}\x{3080}\x{304B}\x{3089}\x{3067}\x{3042}\x{308B}\x{3002}"
          RenderRuby (inline) {RUBY} at (0,0) size 19x16
            RenderRubyRun (anonymous) at (623,286) size 18x16
              RenderRubyText {RT} at (-11,0) size 10x16
                RenderText {#text} at (0,3) size 11x10
                  text run at (0,3) width 9: "\x{304C}"
              RenderRubyBase (anonymous) at (0,0) size 18x16
                RenderInline {RB} at (0,0) size 19x16
                  RenderText {#text} at (0,0) size 19x16
                    text run at (0,0) width 16: "\x{753B}"
          RenderText {#text} at (623,302) size 19x160
            text run at (623,302) width 160: "\x{3067}\x{3042}\x{308A}\x{8A69}\x{3067}\x{3042}\x{308B}\x{4EE5}\x{4E0A}\x{306F}"
          RenderRuby (inline) {RUBY} at (0,0) size 19x32
            RenderRubyRun (anonymous) at (652,0) size 18x32
              RenderRubyText {RT} at (-11,0) size 10x32
                RenderText {#text} at (0,2) size 11x28
                  text run at (0,2) width 27: "\x{3058}\x{3081}\x{3093}"
              RenderRubyBase (anonymous) at (0,0) size 18x32
                RenderInline {RB} at (0,0) size 19x32
                  RenderText {#text} at (0,0) size 19x32
                    text run at (0,0) width 32: "\x{5730}\x{9762}"
          RenderText {#text} at (652,32) size 19x368
            text run at (652,32) width 368: "\x{3092}\x{8CB0}\x{3063}\x{3066}\x{3001}\x{958B}\x{62D3}\x{3059}\x{308B}\x{6C17}\x{306B}\x{3082}\x{306A}\x{3089}\x{306D}\x{3070}\x{3001}\x{9244}\x{9053}\x{3092}\x{304B}\x{3051}\x{3066}"
          RenderRuby (inline) {RUBY} at (0,0) size 19x32
            RenderRubyRun (anonymous) at (652,398) size 18x36
              RenderRubyText {RT} at (-11,0) size 10x36
                RenderText {#text} at (0,0) size 11x36
                  text run at (0,0) width 36: "\x{3072}\x{3068}\x{3082}\x{3046}"
              RenderRubyBase (anonymous) at (0,0) size 18x36
                RenderInline {RB} at (0,0) size 19x32
                  RenderText {#text} at (0,2) size 19x32
                    text run at (0,2) width 32: "\x{4E00}\x{5132}"
          RenderText {#text} at (652,432) size 19x48
            text run at (652,432) width 48: "\x{3051}\x{3059}\x{308B}"
          RenderRuby (inline) {RUBY} at (0,0) size 19x41
            RenderRubyRun (anonymous) at (681,0) size 18x45
              RenderRubyText {RT} at (-11,0) size 10x45
                RenderText {#text} at (0,0) size 11x45
                  text run at (0,0) width 45: "\x{308A}\x{3087}\x{3046}\x{3051}\x{3093}"
              RenderRubyBase (anonymous) at (0,0) size 18x45
                RenderInline {RB} at (0,0) size 19x33
                  RenderText {#text} at (0,6) size 19x33
                    text run at (0,6) width 32: "\x{4E86}\x{898B}"
          RenderText {#text} at (681,41) size 19x252
            text run at (681,41) width 252: "\x{3082}\x{8D77}\x{3089}\x{306C}\x{3002}\x{305F}\x{3060}\x{3053}\x{306E}\x{666F}\x{8272}\x{304C}\x{2015}\x{2015}\x{8179}\x{306E}"
          RenderRuby (inline) {RUBY} at (0,0) size 19x16
            RenderRubyRun (anonymous) at (681,293) size 18x16
              RenderRubyText {RT} at (-11,0) size 10x16
                RenderText {#text} at (0,3) size 11x10
                  text run at (0,3) width 9: "\x{305F}"
              RenderRubyBase (anonymous) at (0,0) size 18x16
                RenderInline {RB} at (0,0) size 19x16
                  RenderText {#text} at (0,0) size 19x16
                    text run at (0,0) width 16: "\x{8DB3}"
          RenderText {#text} at (681,309) size 66x492
            text run at (681,309) width 174: "\x{3057}\x{306B}\x{3082}\x{306A}\x{3089}\x{306C}\x{3001}\x{6708}\x{7D66}\x{306E}\x{88DC}"
            text run at (699,0) width 492: "\x{3044}\x{306B}\x{3082}\x{306A}\x{3089}\x{306C}\x{3053}\x{306E}\x{666F}\x{8272}\x{304C}\x{666F}\x{8272}\x{3068}\x{3057}\x{3066}\x{306E}\x{307F}\x{3001}\x{4F59}\x{304C}\x{5FC3}\x{3092}\x{697D}\x{307E}\x{305B}\x{3064}\x{3064}\x{3042}\x{308B}\x{304B}"
            text run at (728,0) width 112: "\x{3089}\x{82E6}\x{52B4}\x{3082}\x{5FC3}\x{914D}\x{3082}"
          RenderRuby (inline) {RUBY} at (0,0) size 19x19
            RenderRubyRun (anonymous) at (728,108) size 18x27
              RenderRubyText {RT} at (-11,0) size 10x27
                RenderText {#text} at (0,0) size 11x27
                  text run at (0,0) width 27: "\x{3068}\x{3082}\x{306A}"
              RenderRubyBase (anonymous) at (0,0) size 18x27
                RenderInline {RB} at (0,0) size 19x17
                  RenderText {#text} at (0,5) size 19x17
                    text run at (0,5) width 16: "\x{4F34}"
          RenderText {#text} at (728,131) size 19x284
            text run at (728,131) width 284: "\x{308F}\x{306C}\x{306E}\x{3060}\x{308D}\x{3046}\x{3002}\x{81EA}\x{7136}\x{306E}\x{529B}\x{306F}\x{3053}\x{3053}\x{306B}\x{304A}\x{3044}\x{3066}"
          RenderRuby (inline) {RUBY} at (0,0) size 19x16
            RenderRubyRun (anonymous) at (728,414) size 18x18
              RenderRubyText {RT} at (-11,0) size 10x18
                RenderText {#text} at (0,0) size 11x18
                  text run at (0,0) width 18: "\x{305F}\x{3063}"
              RenderRubyBase (anonymous) at (0,0) size 18x18
                RenderInline {RB} at (0,0) size 19x16
                  RenderText {#text} at (0,1) size 19x16
                    text run at (0,1) width 16: "\x{5C0A}"
          RenderText {#text} at (728,431) size 48x479
            text run at (728,431) width 48: "\x{3068}\x{3044}\x{3002}"
            text run at (757,0) width 142: "\x{543E}\x{4EBA}\x{306E}\x{6027}\x{60C5}\x{3092}\x{77AC}\x{523B}\x{306B}"
          RenderRuby (inline) {RUBY} at (0,0) size 19x32
            RenderRubyRun (anonymous) at (757,142) size 18x32
              RenderRubyText {RT} at (-11,0) size 10x32
                RenderText {#text} at (0,2) size 11x28
                  text run at (0,2) width 27: "\x{3068}\x{3046}\x{3084}"
              RenderRubyBase (anonymous) at (0,0) size 18x32
                RenderInline {RB} at (0,0) size 19x32
                  RenderText {#text} at (0,0) size 19x32
                    text run at (0,0) width 32: "\x{9676}\x{51B6}"
          RenderText {#text} at (757,174) size 19x32
            text run at (757,174) width 32: "\x{3057}\x{3066}"
          RenderRuby (inline) {RUBY} at (0,0) size 19x32
            RenderRubyRun (anonymous) at (757,204) size 18x36
              RenderRubyText {RT} at (-11,0) size 10x36
                RenderText {#text} at (0,0) size 11x36
                  text run at (0,0) width 36: "\x{3058}\x{3085}\x{3093}\x{3053}"
              RenderRubyBase (anonymous) at (0,0) size 18x36
                RenderInline {RB} at (0,0) size 19x32
                  RenderText {#text} at (0,2) size 19x32
                    text run at (0,2) width 32: "\x{9187}\x{4E4E}"
          RenderText {#text} at (757,238) size 37x492
            text run at (757,238) width 254: "\x{3068}\x{3057}\x{3066}\x{9187}\x{306A}\x{308B}\x{8A69}\x{5883}\x{306B}\x{5165}\x{3089}\x{3057}\x{3080}\x{308B}\x{306E}\x{306F}"
            text run at (775,0) width 96: "\x{81EA}\x{7136}\x{3067}\x{3042}\x{308B}\x{3002}"
          RenderBR {BR} at (775,96) size 19x0
          RenderText {#text} at (793,0) size 48x480
            text run at (793,0) width 480: "\x{3000}\x{604B}\x{306F}\x{3046}\x{3064}\x{304F}\x{3057}\x{304B}\x{308D}\x{3001}\x{5B5D}\x{3082}\x{3046}\x{3064}\x{304F}\x{3057}\x{304B}\x{308D}\x{3001}\x{5FE0}\x{541B}\x{611B}\x{56FD}\x{3082}\x{7D50}\x{69CB}\x{3060}\x{308D}\x{3046}\x{3002}"
            text run at (822,0) width 126: "\x{3057}\x{304B}\x{3057}\x{81EA}\x{8EAB}\x{304C}\x{305D}\x{306E}"
          RenderRuby (inline) {RUBY} at (0,0) size 19x19
            RenderRubyRun (anonymous) at (822,122) size 18x27
              RenderRubyText {RT} at (-11,0) size 10x27
                RenderText {#text} at (0,0) size 11x27
                  text run at (0,0) width 27: "\x{304D}\x{3087}\x{304F}"
              RenderRubyBase (anonymous) at (0,0) size 18x27
                RenderInline {RB} at (0,0) size 19x17
                  RenderText {#text} at (0,5) size 19x17
                    text run at (0,5) width 16: "\x{5C40}"
          RenderText {#text} at (822,145) size 19x110
            text run at (822,145) width 110: "\x{306B}\x{5F53}\x{308C}\x{3070}\x{5229}\x{5BB3}\x{306E}"
          RenderRuby (inline) {RUBY} at (0,0) size 19x32
            RenderRubyRun (anonymous) at (822,255) size 18x32
              RenderRubyText {RT} at (-11,0) size 10x32
                RenderText {#text} at (0,2) size 11x28
                  text run at (0,2) width 27: "\x{3064}\x{3080}\x{3058}"
              RenderRubyBase (anonymous) at (0,0) size 18x32
                RenderInline {RB} at (0,0) size 19x32
                  RenderText {#text} at (0,0) size 19x32
                    text run at (0,0) width 32: "\x{65CB}\x{98A8}"
          RenderText {#text} at (822,287) size 19x16
            text run at (822,287) width 16: "\x{306B}"
          RenderRuby (inline) {RUBY} at (0,0) size 19x16
            RenderRubyRun (anonymous) at (822,303) size 18x16
              RenderRubyText {RT} at (-11,0) size 10x16
                RenderText {#text} at (0,3) size 11x10
                  text run at (0,3) width 9: "\x{307E}"
              RenderRubyBase (anonymous) at (0,0) size 18x16
                RenderInline {RB} at (0,0) size 19x16
                  RenderText {#text} at (0,0) size 19x16
                    text run at (0,0) width 16: "\x{6372}"
          RenderText {#text} at (822,319) size 48x479
            text run at (822,319) width 160: "\x{304D}\x{8FBC}\x{307E}\x{308C}\x{3066}\x{3001}\x{3046}\x{3064}\x{304F}\x{3057}"
            text run at (851,0) width 224: "\x{304D}\x{4E8B}\x{306B}\x{3082}\x{3001}\x{7D50}\x{69CB}\x{306A}\x{4E8B}\x{306B}\x{3082}\x{3001}\x{76EE}\x{306F}"
          RenderRuby (inline) {RUBY} at (0,0) size 19x16
            RenderRubyRun (anonymous) at (851,223) size 18x18
              RenderRubyText {RT} at (-11,0) size 10x18
                RenderText {#text} at (0,0) size 11x18
                  text run at (0,0) width 18: "\x{304F}\x{3089}"
              RenderRubyBase (anonymous) at (0,0) size 18x18
                RenderInline {RB} at (0,0) size 19x16
                  RenderText {#text} at (0,1) size 19x16
                    text run at (0,1) width 16: "\x{7729}"
          RenderText {#text} at (851,240) size 48x480
            text run at (851,240) width 240: "\x{3093}\x{3067}\x{3057}\x{307E}\x{3046}\x{3002}\x{3057}\x{305F}\x{304C}\x{3063}\x{3066}\x{3069}\x{3053}\x{306B}\x{8A69}"
            text run at (880,0) width 128: "\x{304C}\x{3042}\x{308B}\x{304B}\x{81EA}\x{8EAB}\x{306B}\x{306F}"
          RenderRuby (inline) {RUBY} at (0,0) size 19x16
            RenderRubyRun (anonymous) at (880,128) size 18x16
              RenderRubyText {RT} at (-11,0) size 10x16
                RenderText {#text} at (0,3) size 11x10
                  text run at (0,3) width 9: "\x{3052}"
              RenderRubyBase (anonymous) at (0,0) size 18x16
                RenderInline {RB} at (0,0) size 19x16
                  RenderText {#text} at (0,0) size 19x16
                    text run at (0,0) width 16: "\x{89E3}"
          RenderText {#text} at (880,144) size 19x80
            text run at (880,144) width 80: "\x{3057}\x{304B}\x{306D}\x{308B}\x{3002}"
          RenderBR {BR} at (880,224) size 19x0
          RenderText {#text} at (898,0) size 48x490
            text run at (898,0) width 490: "\x{3000}\x{3053}\x{308C}\x{304C}\x{308F}\x{304B}\x{308B}\x{305F}\x{3081}\x{306B}\x{306F}\x{3001}\x{308F}\x{304B}\x{308B}\x{3060}\x{3051}\x{306E}\x{4F59}\x{88D5}\x{306E}\x{3042}\x{308B}\x{7B2C}\x{4E09}\x{8005}\x{306E}\x{5730}\x{4F4D}\x{306B}\x{7ACB}"
            text run at (927,0) width 334: "\x{305F}\x{306D}\x{3070}\x{306A}\x{3089}\x{306C}\x{3002}\x{4E09}\x{8005}\x{306E}\x{5730}\x{4F4D}\x{306B}\x{7ACB}\x{3066}\x{3070}\x{3053}\x{305D}\x{829D}\x{5C45}\x{306F}"
          RenderRuby (inline) {RUBY} at (0,0) size 19x16
            RenderRubyRun (anonymous) at (927,334) size 18x16
              RenderRubyText {RT} at (-11,0) size 10x16
                RenderText {#text} at (0,3) size 11x10
                  text run at (0,3) width 9: "\x{307F}"
              RenderRubyBase (anonymous) at (0,0) size 18x16
                RenderInline {RB} at (0,0) size 19x16
                  RenderText {#text} at (0,0) size 19x16
                    text run at (0,0) width 16: "\x{89B3}"
          RenderText {#text} at (927,350) size 66x480
            text run at (927,350) width 128: "\x{3066}\x{9762}\x{767D}\x{3044}\x{3002}\x{5C0F}\x{8AAC}\x{3082}"
            text run at (945,0) width 480: "\x{898B}\x{3066}\x{9762}\x{767D}\x{3044}\x{3002}\x{829D}\x{5C45}\x{3092}\x{898B}\x{3066}\x{9762}\x{767D}\x{3044}\x{4EBA}\x{3082}\x{3001}\x{5C0F}\x{8AAC}\x{3092}\x{8AAD}\x{3093}\x{3067}\x{9762}\x{767D}\x{3044}\x{4EBA}\x{3082}\x{3001}\x{81EA}"
            text run at (974,0) width 78: "\x{5DF1}\x{306E}\x{5229}\x{5BB3}\x{306F}"
          RenderRuby (inline) {RUBY} at (0,0) size 19x16
            RenderRubyRun (anonymous) at (974,77) size 18x18
              RenderRubyText {RT} at (-11,0) size 10x18
                RenderText {#text} at (0,0) size 11x18
                  text run at (0,0) width 18: "\x{305F}\x{306A}"
              RenderRubyBase (anonymous) at (0,0) size 18x18
                RenderInline {RB} at (0,0) size 19x16
                  RenderText {#text} at (0,1) size 19x16
                    text run at (0,1) width 16: "\x{68DA}"
          RenderText {#text} at (974,94) size 37x478
            text run at (974,94) width 384: "\x{3078}\x{4E0A}\x{3052}\x{3066}\x{3044}\x{308B}\x{3002}\x{898B}\x{305F}\x{308A}\x{8AAD}\x{3093}\x{3060}\x{308A}\x{3059}\x{308B}\x{9593}\x{3060}\x{3051}\x{306F}\x{8A69}\x{4EBA}\x{3067}\x{3042}"
            text run at (992,0) width 32: "\x{308B}\x{3002}"
          RenderBR {BR} at (992,32) size 19x0
          RenderText {#text} at (1021,0) size 19x302
            text run at (1021,0) width 302: "\x{3000}\x{305D}\x{308C}\x{3059}\x{3089}\x{3001}\x{666E}\x{901A}\x{306E}\x{829D}\x{5C45}\x{3084}\x{5C0F}\x{8AAC}\x{3067}\x{306F}\x{4EBA}\x{60C5}\x{3092}"
          RenderRuby (inline) {RUBY} at (0,0) size 19x16
            RenderRubyRun (anonymous) at (1021,301) size 18x18
              RenderRubyText {RT} at (-11,0) size 10x18
                RenderText {#text} at (0,0) size 11x18
                  text run at (0,0) width 18: "\x{307E}\x{306C}"
              RenderRubyBase (anonymous) at (0,0) size 18x18
                RenderInline {RB} at (0,0) size 19x16
                  RenderText {#text} at (0,1) size 19x16
                    text run at (0,1) width 16: "\x{514D}"
          RenderText {#text} at (1021,318) size 66x492
            text run at (1021,318) width 160: "\x{304B}\x{308C}\x{306C}\x{3002}\x{82E6}\x{3057}\x{3093}\x{3060}\x{308A}\x{3001}"
            text run at (1039,0) width 492: "\x{6012}\x{3063}\x{305F}\x{308A}\x{3001}\x{9A12}\x{3044}\x{3060}\x{308A}\x{3001}\x{6CE3}\x{3044}\x{305F}\x{308A}\x{3059}\x{308B}\x{3002}\x{898B}\x{308B}\x{3082}\x{306E}\x{3082}\x{3044}\x{3064}\x{304B}\x{305D}\x{306E}\x{4E2D}\x{306B}\x{540C}\x{5316}"
            text run at (1068,0) width 400: "\x{3057}\x{3066}\x{82E6}\x{3057}\x{3093}\x{3060}\x{308A}\x{3001}\x{6012}\x{3063}\x{305F}\x{308A}\x{3001}\x{9A12}\x{3044}\x{3060}\x{308A}\x{3001}\x{6CE3}\x{3044}\x{305F}\x{308A}\x{3059}\x{308B}\x{3002}"
          RenderRuby (inline) {RUBY} at (0,0) size 19x32
            RenderRubyRun (anonymous) at (1068,400) size 18x32
              RenderRubyText {RT} at (-11,0) size 10x32
                RenderText {#text} at (0,2) size 11x28
                  text run at (0,2) width 27: "\x{3068}\x{308A}\x{3048}"
              RenderRubyBase (anonymous) at (0,0) size 18x32
                RenderInline {RB} at (0,0) size 19x32
                  RenderText {#text} at (0,0) size 19x32
                    text run at (0,0) width 32: "\x{53D6}\x{67C4}"
          RenderText {#text} at (1068,432) size 48x480
            text run at (1068,432) width 48: "\x{306F}\x{5229}\x{617E}"
            text run at (1097,0) width 16: "\x{304C}"
          RenderRuby (inline) {RUBY} at (0,0) size 19x16
            RenderRubyRun (anonymous) at (1097,15) size 18x18
              RenderRubyText {RT} at (-11,0) size 10x18
                RenderText {#text} at (0,0) size 11x18
                  text run at (0,0) width 18: "\x{307E}\x{3058}"
              RenderRubyBase (anonymous) at (0,0) size 18x18
                RenderInline {RB} at (0,0) size 19x16
                  RenderText {#text} at (0,1) size 19x16
                    text run at (0,1) width 16: "\x{4EA4}"
          RenderText {#text} at (1097,32) size 19x112
            text run at (1097,32) width 112: "\x{3089}\x{306C}\x{3068}\x{4E91}\x{3046}\x{70B9}\x{306B}"
          RenderRuby (inline) {RUBY} at (0,0) size 19x16
            RenderRubyRun (anonymous) at (1097,143) size 18x18
              RenderRubyText {RT} at (-11,0) size 10x18
                RenderText {#text} at (0,0) size 11x18
                  text run at (0,0) width 18: "\x{305D}\x{3093}"
              RenderRubyBase (anonymous) at (0,0) size 18x18
                RenderInline {RB} at (0,0) size 19x16
                  RenderText {#text} at (0,1) size 19x16
                    text run at (0,1) width 16: "\x{5B58}"
          RenderText {#text} at (1097,160) size 19x300
            text run at (1097,160) width 300: "\x{3059}\x{308B}\x{304B}\x{3082}\x{77E5}\x{308C}\x{306C}\x{304C}\x{3001}\x{4EA4}\x{3089}\x{306C}\x{3060}\x{3051}\x{306B}\x{305D}\x{306E}\x{4ED6}\x{306E}"
          RenderRuby (inline) {RUBY} at (0,0) size 19x41
            RenderRubyRun (anonymous) at (1126,0) size 18x45
              RenderRubyText {RT} at (-11,0) size 10x45
                RenderText {#text} at (0,0) size 11x45
                  text run at (0,0) width 45: "\x{3058}\x{3087}\x{3046}\x{3057}\x{3087}"
              RenderRubyBase (anonymous) at (0,0) size 18x45
                RenderInline {RB} at (0,0) size 19x33
                  RenderText {#text} at (0,6) size 19x33
                    text run at (0,6) width 32: "\x{60C5}\x{7DD2}"
          RenderText {#text} at (1126,41) size 19x304
            text run at (1126,41) width 304: "\x{306F}\x{5E38}\x{3088}\x{308A}\x{306F}\x{4F59}\x{8A08}\x{306B}\x{6D3B}\x{52D5}\x{3059}\x{308B}\x{3060}\x{308D}\x{3046}\x{3002}\x{305D}\x{308C}\x{304C}"
          RenderRuby (inline) {RUBY} at (0,0) size 19x16
            RenderRubyRun (anonymous) at (1126,344) size 18x18
              RenderRubyText {RT} at (-11,0) size 10x18
                RenderText {#text} at (0,0) size 11x18
                  text run at (0,0) width 18: "\x{3044}\x{3084}"
              RenderRubyBase (anonymous) at (0,0) size 18x18
                RenderInline {RB} at (0,0) size 19x16
                  RenderText {#text} at (0,1) size 19x16
                    text run at (0,1) width 16: "\x{5ACC}"
          RenderText {#text} at (1126,361) size 19x32
            text run at (1126,361) width 32: "\x{3060}\x{3002}"
          RenderBR {BR} at (1126,393) size 19x0
          RenderText {#text} at (1144,0) size 48x476
            text run at (1144,0) width 476: "\x{3000}\x{82E6}\x{3057}\x{3093}\x{3060}\x{308A}\x{3001}\x{6012}\x{3063}\x{305F}\x{308A}\x{3001}\x{9A12}\x{3044}\x{3060}\x{308A}\x{3001}\x{6CE3}\x{3044}\x{305F}\x{308A}\x{306F}\x{4EBA}\x{306E}\x{4E16}\x{306B}\x{3064}\x{304D}\x{3082}\x{306E}"
            text run at (1173,0) width 190: "\x{3060}\x{3002}\x{4F59}\x{3082}\x{4E09}\x{5341}\x{5E74}\x{306E}\x{9593}\x{305D}\x{308C}\x{3092}"
          RenderRuby (inline) {RUBY} at (0,0) size 19x32
            RenderRubyRun (anonymous) at (1173,190) size 18x32
              RenderRubyText {RT} at (-11,0) size 10x32
                RenderText {#text} at (0,2) size 11x28
                  text run at (0,2) width 27: "\x{3057}\x{3068}\x{304A}"
              RenderRubyBase (anonymous) at (0,0) size 18x32
                RenderInline {RB} at (0,0) size 19x32
                  RenderText {#text} at (0,0) size 19x32
                    text run at (0,0) width 32: "\x{4ED5}\x{901A}"
          RenderText {#text} at (1173,222) size 19x48
            text run at (1173,222) width 48: "\x{3057}\x{3066}\x{3001}"
          RenderRuby (inline) {RUBY} at (0,0) size 19x32
            RenderRubyRun (anonymous) at (1173,268) size 18x36
              RenderRubyText {RT} at (-11,0) size 10x36
                RenderText {#text} at (0,0) size 11x36
                  text run at (0,0) width 36: "\x{3042}\x{304D}\x{3042}\x{304D}"
              RenderRubyBase (anonymous) at (0,0) size 18x36
                RenderInline {RB} at (0,0) size 19x32
                  RenderText {#text} at (0,2) size 19x32
                    text run at (0,2) width 32: "\x{98FD}\x{3005}"
          RenderText {#text} at (1173,302) size 19x48
            text run at (1173,302) width 48: "\x{3057}\x{305F}\x{3002}"
          RenderRuby (inline) {RUBY} at (0,0) size 19x16
            RenderRubyRun (anonymous) at (1173,350) size 18x16
              RenderRubyText {RT} at (-11,0) size 10x16
                RenderText {#text} at (0,3) size 11x10
                  text run at (0,3) width 9: "\x{3042}"
              RenderRubyBase (anonymous) at (0,0) size 18x16
                RenderInline {RB} at (0,0) size 19x16
                  RenderText {#text} at (0,0) size 19x16
                    text run at (0,0) width 16: "\x{98FD}"
          RenderText {#text} at (1173,366) size 66x480
            text run at (1173,366) width 112: "\x{304D}\x{98FD}\x{304D}\x{3057}\x{305F}\x{4E0A}\x{306B}"
            text run at (1191,0) width 480: "\x{829D}\x{5C45}\x{3084}\x{5C0F}\x{8AAC}\x{3067}\x{540C}\x{3058}\x{523A}\x{6FC0}\x{3092}\x{7E70}\x{308A}\x{8FD4}\x{3057}\x{3066}\x{306F}\x{5927}\x{5909}\x{3060}\x{3002}\x{4F59}\x{304C}\x{6B32}\x{3059}\x{308B}\x{8A69}\x{306F}\x{305D}\x{3093}"
            text run at (1220,0) width 126: "\x{306A}\x{4E16}\x{9593}\x{7684}\x{306E}\x{4EBA}\x{60C5}\x{3092}"
          RenderRuby (inline) {RUBY} at (0,0) size 19x32
            RenderRubyRun (anonymous) at (1220,126) size 18x32
              RenderRubyText {RT} at (-11,0) size 10x32
                RenderText {#text} at (0,7) size 11x18
                  text run at (0,7) width 18: "\x{3053}\x{3076}"
              RenderRubyBase (anonymous) at (0,0) size 18x32
                RenderInline {RB} at (0,0) size 19x32
                  RenderText {#text} at (0,0) size 19x32
                    text run at (0,0) width 32: "\x{9F13}\x{821E}"
          RenderText {#text} at (1220,158) size 48x492
            text run at (1220,158) width 334: "\x{3059}\x{308B}\x{3088}\x{3046}\x{306A}\x{3082}\x{306E}\x{3067}\x{306F}\x{306A}\x{3044}\x{3002}\x{4FD7}\x{5FF5}\x{3092}\x{653E}\x{68C4}\x{3057}\x{3066}\x{3001}\x{3057}"
            text run at (1249,0) width 80: "\x{3070}\x{3089}\x{304F}\x{3067}\x{3082}"
          RenderRuby (inline) {RUBY} at (0,0) size 19x32
            RenderRubyRun (anonymous) at (1249,78) size 18x36
              RenderRubyText {RT} at (-11,0) size 10x36
                RenderText {#text} at (0,0) size 11x36
                  text run at (0,0) width 36: "\x{3058}\x{3093}\x{304B}\x{3044}"
              RenderRubyBase (anonymous) at (0,0) size 18x36
                RenderInline {RB} at (0,0) size 19x32
                  RenderText {#text} at (0,2) size 19x32
                    text run at (0,2) width 32: "\x{5875}\x{754C}"
          RenderText {#text} at (1249,112) size 84x490
            text run at (1249,112) width 368: "\x{3092}\x{96E2}\x{308C}\x{305F}\x{5FC3}\x{6301}\x{3061}\x{306B}\x{306A}\x{308C}\x{308B}\x{8A69}\x{3067}\x{3042}\x{308B}\x{3002}\x{3044}\x{304F}\x{3089}\x{5091}\x{4F5C}\x{3067}\x{3082}"
            text run at (1267,0) width 480: "\x{4EBA}\x{60C5}\x{3092}\x{96E2}\x{308C}\x{305F}\x{829D}\x{5C45}\x{306F}\x{306A}\x{3044}\x{3001}\x{7406}\x{975E}\x{3092}\x{7D76}\x{3057}\x{305F}\x{5C0F}\x{8AAC}\x{306F}\x{5C11}\x{304B}\x{308D}\x{3046}\x{3002}\x{3069}\x{3053}\x{307E}\x{3067}"
            text run at (1285,0) width 490: "\x{3082}\x{4E16}\x{9593}\x{3092}\x{51FA}\x{308B}\x{4E8B}\x{304C}\x{51FA}\x{6765}\x{306C}\x{306E}\x{304C}\x{5F7C}\x{3089}\x{306E}\x{7279}\x{8272}\x{3067}\x{3042}\x{308B}\x{3002}\x{3053}\x{3068}\x{306B}\x{897F}\x{6D0B}\x{306E}\x{8A69}\x{306B}\x{306A}"
            text run at (1314,0) width 272: "\x{308B}\x{3068}\x{3001}\x{4EBA}\x{4E8B}\x{304C}\x{6839}\x{672C}\x{306B}\x{306A}\x{308B}\x{304B}\x{3089}\x{3044}\x{308F}\x{3086}\x{308B}"
          RenderRuby (inline) {RUBY} at (0,0) size 19x32
            RenderRubyRun (anonymous) at (1314,272) size 18x32
              RenderRubyText {RT} at (-11,0) size 10x32
                RenderText {#text} at (0,2) size 11x28
                  text run at (0,2) width 27: "\x{3057}\x{3044}\x{304B}"
              RenderRubyBase (anonymous) at (0,0) size 18x32
                RenderInline {RB} at (0,0) size 19x32
                  RenderText {#text} at (0,0) size 19x32
                    text run at (0,0) width 32: "\x{8A69}\x{6B4C}"
          RenderText {#text} at (1314,304) size 19x154
            text run at (1314,304) width 154: "\x{306E}\x{7D14}\x{7C8B}\x{306A}\x{308B}\x{3082}\x{306E}\x{3082}\x{3053}\x{306E}"
          RenderRuby (inline) {RUBY} at (0,0) size 19x19
            RenderRubyRun (anonymous) at (1314,454) size 18x27
              RenderRubyText {RT} at (-11,0) size 10x27
                RenderText {#text} at (0,0) size 11x27
                  text run at (0,0) width 27: "\x{304D}\x{3087}\x{3046}"
              RenderRubyBase (anonymous) at (0,0) size 18x27
                RenderInline {RB} at (0,0) size 19x17
                  RenderText {#text} at (0,5) size 19x17
                    text run at (0,5) width 16: "\x{5883}"
          RenderText {#text} at (1314,477) size 19x16
            text run at (1314,477) width 16: "\x{3092}"
          RenderRuby (inline) {RUBY} at (0,0) size 19x32
            RenderRubyRun (anonymous) at (1343,0) size 18x32
              RenderRubyText {RT} at (-11,0) size 10x32
                RenderText {#text} at (0,2) size 11x28
                  text run at (0,2) width 27: "\x{3052}\x{3060}\x{3064}"
              RenderRubyBase (anonymous) at (0,0) size 18x32
                RenderInline {RB} at (0,0) size 19x32
                  RenderText {#text} at (0,0) size 19x32
                    text run at (0,0) width 32: "\x{89E3}\x{8131}"
          RenderText {#text} at (1343,32) size 48x480
            text run at (1343,32) width 448: "\x{3059}\x{308B}\x{4E8B}\x{3092}\x{77E5}\x{3089}\x{306C}\x{3002}\x{3069}\x{3053}\x{307E}\x{3067}\x{3082}\x{540C}\x{60C5}\x{3060}\x{3068}\x{304B}\x{3001}\x{611B}\x{3060}\x{3068}\x{304B}\x{3001}\x{6B63}\x{7FA9}\x{3060}\x{3068}"
            text run at (1372,0) width 128: "\x{304B}\x{3001}\x{81EA}\x{7531}\x{3060}\x{3068}\x{304B}\x{3001}"
          RenderRuby (inline) {RUBY} at (0,0) size 19x32
            RenderRubyRun (anonymous) at (1372,128) size 18x32
              RenderRubyText {RT} at (-11,0) size 10x32
                RenderText {#text} at (0,2) size 11x28
                  text run at (0,2) width 27: "\x{3046}\x{304D}\x{3088}"
              RenderRubyBase (anonymous) at (0,0) size 18x32
                RenderInline {RB} at (0,0) size 19x32
                  RenderText {#text} at (0,0) size 19x32
                    text run at (0,0) width 32: "\x{6D6E}\x{4E16}"
          RenderText {#text} at (1372,160) size 19x14
            text run at (1372,160) width 14: "\x{306E}"
          RenderRuby (inline) {RUBY} at (0,0) size 19x48
            RenderRubyRun (anonymous) at (1372,174) size 18x48
              RenderRubyText {RT} at (-11,0) size 10x48
                RenderText {#text} at (0,1) size 11x46
                  text run at (0,1) width 45: "\x{304B}\x{3093}\x{3053}\x{3046}\x{3070}"
              RenderRubyBase (anonymous) at (0,0) size 18x48
                RenderInline {RB} at (0,0) size 19x48
                  RenderText {#text} at (0,0) size 19x48
                    text run at (0,0) width 48: "\x{52E7}\x{5DE5}\x{5834}"
          RenderText {#text} at (1372,222) size 19x158
            text run at (1372,222) width 158: "\x{306B}\x{3042}\x{308B}\x{3082}\x{306E}\x{3060}\x{3051}\x{3067}\x{7528}\x{3092}"
          RenderRuby (inline) {RUBY} at (0,0) size 19x16
            RenderRubyRun (anonymous) at (1372,379) size 18x18
              RenderRubyText {RT} at (-11,0) size 10x18
                RenderText {#text} at (0,0) size 11x18
                  text run at (0,0) width 18: "\x{3079}\x{3093}"
              RenderRubyBase (anonymous) at (0,0) size 18x18
                RenderInline {RB} at (0,0) size 19x16
                  RenderText {#text} at (0,1) size 19x16
                    text run at (0,1) width 16: "\x{5F01}"
          RenderText {#text} at (1372,396) size 48x492
            text run at (1372,396) width 96: "\x{3058}\x{3066}\x{3044}\x{308B}\x{3002}\x{3044}"
            text run at (1401,0) width 222: "\x{304F}\x{3089}\x{8A69}\x{7684}\x{306B}\x{306A}\x{3063}\x{3066}\x{3082}\x{5730}\x{9762}\x{306E}\x{4E0A}\x{3092}"
          RenderRuby (inline) {RUBY} at (0,0) size 19x16
            RenderRubyRun (anonymous) at (1401,222) size 18x16
              RenderRubyText {RT} at (-11,0) size 10x16
                RenderText {#text} at (0,3) size 11x10
                  text run at (0,3) width 9: "\x{304B}"
              RenderRubyBase (anonymous) at (0,0) size 18x16
                RenderInline {RB} at (0,0) size 19x16
                  RenderText {#text} at (0,0) size 19x16
                    text run at (0,0) width 16: "\x{99B3}"
          RenderText {#text} at (1401,238) size 19x112
            text run at (1401,238) width 112: "\x{3051}\x{3066}\x{3042}\x{308B}\x{3044}\x{3066}\x{3001}"
          RenderRuby (inline) {RUBY} at (0,0) size 19x16
            RenderRubyRun (anonymous) at (1401,349) size 18x18
              RenderRubyText {RT} at (-11,0) size 10x18
                RenderText {#text} at (0,0) size 11x18
                  text run at (0,0) width 18: "\x{305C}\x{306B}"
              RenderRubyBase (anonymous) at (0,0) size 18x18
                RenderInline {RB} at (0,0) size 19x16
                  RenderText {#text} at (0,1) size 19x16
                    text run at (0,1) width 16: "\x{92AD}"
          RenderText {#text} at (1401,366) size 48x492
            text run at (1401,366) width 126: "\x{306E}\x{52D8}\x{5B9A}\x{3092}\x{5FD8}\x{308C}\x{308B}\x{3072}"
            text run at (1430,0) width 160: "\x{307E}\x{304C}\x{306A}\x{3044}\x{3002}\x{30B7}\x{30A7}\x{30EC}\x{30FC}\x{304C}"
          RenderRuby (inline) {RUBY} at (0,0) size 19x32
            RenderRubyRun (anonymous) at (1430,160) size 18x32
              RenderRubyText {RT} at (-11,0) size 10x32
                RenderText {#text} at (0,2) size 11x28
                  text run at (0,2) width 27: "\x{3072}\x{3070}\x{308A}"
              RenderRubyBase (anonymous) at (0,0) size 18x32
                RenderInline {RB} at (0,0) size 19x32
                  RenderText {#text} at (0,0) size 19x32
                    text run at (0,0) width 32: "\x{96F2}\x{96C0}"
          RenderText {#text} at (1430,192) size 19x254
            text run at (1430,192) width 254: "\x{3092}\x{805E}\x{3044}\x{3066}\x{5606}\x{606F}\x{3057}\x{305F}\x{306E}\x{3082}\x{7121}\x{7406}\x{306F}\x{306A}\x{3044}\x{3002}"
          RenderBR {BR} at (1430,446) size 19x0
          RenderText {#text} at (1459,0) size 19x158
            text run at (1459,0) width 158: "\x{3000}\x{3046}\x{308C}\x{3057}\x{3044}\x{4E8B}\x{306B}\x{6771}\x{6D0B}\x{306E}"
          RenderRuby (inline) {RUBY} at (0,0) size 19x32
            RenderRubyRun (anonymous) at (1459,158) size 18x32
              RenderRubyText {RT} at (-11,0) size 10x32
                RenderText {#text} at (0,2) size 11x28
                  text run at (0,2) width 27: "\x{3057}\x{3044}\x{304B}"
              RenderRubyBase (anonymous) at (0,0) size 18x32
                RenderInline {RB} at (0,0) size 19x32
                  RenderText {#text} at (0,0) size 19x32
                    text run at (0,0) width 32: "\x{8A69}\x{6B4C}"
          RenderText {#text} at (1459,190) size 19x64
            text run at (1459,190) width 64: "\x{306F}\x{305D}\x{3053}\x{3092}"
          RenderRuby (inline) {RUBY} at (0,0) size 19x32
            RenderRubyRun (anonymous) at (1459,254) size 18x32
              RenderRubyText {RT} at (-11,0) size 10x32
                RenderText {#text} at (0,2) size 11x28
                  text run at (0,2) width 27: "\x{3052}\x{3060}\x{3064}"
              RenderRubyBase (anonymous) at (0,0) size 18x32
                RenderInline {RB} at (0,0) size 19x32
                  RenderText {#text} at (0,0) size 19x32
                    text run at (0,0) width 32: "\x{89E3}\x{8131}"
          RenderText {#text} at (1459,286) size 19x110
            text run at (1459,286) width 110: "\x{3057}\x{305F}\x{306E}\x{304C}\x{3042}\x{308B}\x{3002}"
          RenderRuby (inline) {RUBY} at (0,0) size 19x41
            RenderRubyRun (anonymous) at (1459,392) size 18x45
              RenderRubyText {RT} at (-11,0) size 10x45
                RenderText {#text} at (0,0) size 11x45
                  text run at (0,0) width 45: "\x{304D}\x{304F}\x{3092}\x{3068}\x{308B}"
              RenderRubyBase (anonymous) at (0,0) size 18x45
                RenderInline {RB} at (0,0) size 19x33
                  RenderText {#text} at (0,6) size 19x33
                    text run at (0,6) width 32: "\x{63A1}\x{83CA}"
          RenderRuby (inline) {RUBY} at (0,0) size 19x53
            RenderRubyRun (anonymous) at (1459,437) size 18x53
              RenderRubyText {RT} at (-11,0) size 10x53
                RenderText {#text} at (0,0) size 11x53
                  text run at (0,0) width 53: "\x{3068}\x{3046}\x{308A}\x{306E}\x{3082}\x{3068}"
              RenderRubyBase (anonymous) at (0,0) size 18x53
                RenderInline {RB} at (0,0) size 19x49
                  RenderText {#text} at (0,2) size 19x49
                    text run at (0,2) width 48: "\x{6771}\x{7C6C}\x{4E0B}"
          RenderText {#text} at (1488,0) size 19x16
            text run at (1488,0) width 16: "\x{3001}"
          RenderRuby (inline) {RUBY} at (0,0) size 19x59
            RenderRubyRun (anonymous) at (1488,12) size 18x63
              RenderRubyText {RT} at (-11,0) size 10x63
                RenderText {#text} at (0,0) size 11x63
                  text run at (0,0) width 63: "\x{3086}\x{3046}\x{305C}\x{3093}\x{3068}\x{3057}\x{3066}"
              RenderRubyBase (anonymous) at (0,0) size 18x63
                RenderInline {RB} at (0,0) size 19x33
                  RenderText {#text} at (0,15) size 19x33
                    text run at (0,15) width 32: "\x{60A0}\x{7136}"
          RenderRuby (inline) {RUBY} at (0,0) size 19x59
            RenderRubyRun (anonymous) at (1488,75) size 18x63
              RenderRubyText {RT} at (-11,0) size 10x63
                RenderText {#text} at (0,0) size 11x63
                  text run at (0,0) width 63: "\x{306A}\x{3093}\x{3056}\x{3093}\x{3092}\x{307F}\x{308B}"
              RenderRubyBase (anonymous) at (0,0) size 18x63
                RenderInline {RB} at (0,0) size 19x49
                  RenderText {#text} at (0,7) size 19x49
                    text run at (0,7) width 48: "\x{898B}\x{5357}\x{5C71}"
          RenderText {#text} at (1488,134) size 19x126
            text run at (1488,134) width 126: "\x{3002}\x{305F}\x{3060}\x{305D}\x{308C}\x{304E}\x{308A}\x{306E}"
          RenderRuby (inline) {RUBY} at (0,0) size 19x16
            RenderRubyRun (anonymous) at (1488,259) size 18x18
              RenderRubyText {RT} at (-11,0) size 10x18
                RenderText {#text} at (0,0) size 11x18
                  text run at (0,0) width 18: "\x{3046}\x{3061}"
              RenderRubyBase (anonymous) at (0,0) size 18x18
                RenderInline {RB} at (0,0) size 19x16
                  RenderText {#text} at (0,1) size 19x16
                    text run at (0,1) width 16: "\x{88CF}"
          RenderText {#text} at (1488,276) size 48x482
            text run at (1488,276) width 206: "\x{306B}\x{6691}\x{82E6}\x{3057}\x{3044}\x{4E16}\x{306E}\x{4E2D}\x{3092}\x{307E}\x{308B}\x{3067}\x{5FD8}"
            text run at (1517,0) width 316: "\x{308C}\x{305F}\x{5149}\x{666F}\x{304C}\x{51FA}\x{3066}\x{304F}\x{308B}\x{3002}\x{57A3}\x{306E}\x{5411}\x{3046}\x{306B}\x{96A3}\x{308A}\x{306E}\x{5A18}\x{304C}"
          RenderRuby (inline) {RUBY} at (0,0) size 19x17
            RenderRubyRun (anonymous) at (1517,316) size 18x17
              RenderRubyText {RT} at (-11,0) size 10x17
                RenderText {#text} at (0,0) size 11x17
                  text run at (0,0) width 17: "\x{306E}\x{305E}"
              RenderRubyBase (anonymous) at (0,0) size 18x17
                RenderInline {RB} at (0,0) size 19x17
                  RenderText {#text} at (0,0) size 19x17
                    text run at (0,0) width 16: "\x{8997}"
          RenderText {#text} at (1517,333) size 48x477
            text run at (1517,333) width 144: "\x{3044}\x{3066}\x{308B}\x{8A33}\x{3067}\x{3082}\x{306A}\x{3051}\x{308C}"
            text run at (1546,0) width 32: "\x{3070}\x{3001}"
          RenderRuby (inline) {RUBY} at (0,0) size 19x32
            RenderRubyRun (anonymous) at (1546,30) size 18x36
              RenderRubyText {RT} at (-11,0) size 10x36
                RenderText {#text} at (0,0) size 11x36
                  text run at (0,0) width 36: "\x{306A}\x{3093}\x{3056}\x{3093}"
              RenderRubyBase (anonymous) at (0,0) size 18x36
                RenderInline {RB} at (0,0) size 19x32
                  RenderText {#text} at (0,2) size 19x32
                    text run at (0,2) width 32: "\x{5357}\x{5C71}"
          RenderText {#text} at (1546,64) size 19x320
            text run at (1546,64) width 320: "\x{306B}\x{89AA}\x{53CB}\x{304C}\x{5949}\x{8077}\x{3057}\x{3066}\x{3044}\x{308B}\x{6B21}\x{7B2C}\x{3067}\x{3082}\x{306A}\x{3044}\x{3002}\x{8D85}\x{7136}\x{3068}"
          RenderRuby (inline) {RUBY} at (0,0) size 19x64
            RenderRubyRun (anonymous) at (1546,380) size 18x72
              RenderRubyText {RT} at (-11,0) size 10x72
                RenderText {#text} at (0,0) size 11x72
                  text run at (0,0) width 72: "\x{3057}\x{3085}\x{3063}\x{305B}\x{3051}\x{3093}\x{3066}\x{304D}"
              RenderRubyBase (anonymous) at (0,0) size 18x72
                RenderInline {RB} at (0,0) size 19x64
                  RenderText {#text} at (0,4) size 19x64
                    text run at (0,4) width 64: "\x{51FA}\x{4E16}\x{9593}\x{7684}"
          RenderText {#text} at (1546,448) size 48x480
            text run at (1546,448) width 32: "\x{306B}\x{5229}"
            text run at (1575,0) width 302: "\x{5BB3}\x{640D}\x{5F97}\x{306E}\x{6C57}\x{3092}\x{6D41}\x{3057}\x{53BB}\x{3063}\x{305F}\x{5FC3}\x{6301}\x{3061}\x{306B}\x{306A}\x{308C}\x{308B}\x{3002}"
          RenderRuby (inline) {RUBY} at (0,0) size 19x23
            RenderRubyRun (anonymous) at (1575,298) size 18x27
              RenderRubyText {RT} at (-11,0) size 10x27
                RenderText {#text} at (0,0) size 11x27
                  text run at (0,0) width 27: "\x{3072}\x{3068}\x{308A}"
              RenderRubyBase (anonymous) at (0,0) size 18x27
                RenderInline {RB} at (0,0) size 19x17
                  RenderText {#text} at (0,5) size 19x17
                    text run at (0,5) width 16: "\x{72EC}"
          RenderRuby (inline) {RUBY} at (0,0) size 19x85
            RenderRubyRun (anonymous) at (1575,325) size 18x89
              RenderRubyText {RT} at (-11,0) size 10x89
                RenderText {#text} at (0,0) size 11x89
                  text run at (0,0) width 89: "\x{3086}\x{3046}\x{3053}\x{3046}\x{306E}\x{3046}\x{3061}\x{306B}\x{3056}\x{3057}"
              RenderRubyBase (anonymous) at (0,0) size 18x89
                RenderInline {RB} at (0,0) size 19x65
                  RenderText {#text} at (0,12) size 19x65
                    text run at (0,12) width 64: "\x{5750}\x{5E7D}\x{7BC1}\x{88CF}"
          RenderText {#text} at (1575,410) size 19x16
            text run at (1575,410) width 16: "\x{3001}"
          RenderRuby (inline) {RUBY} at (0,0) size 19x59
            RenderRubyRun (anonymous) at (1575,422) size 18x63
              RenderRubyText {RT} at (-11,0) size 10x63
                RenderText {#text} at (0,0) size 11x63
                  text run at (0,0) width 63: "\x{304D}\x{3093}\x{3092}\x{3060}\x{3093}\x{3058}\x{3066}"
              RenderRubyBase (anonymous) at (0,0) size 18x63
                RenderInline {RB} at (0,0) size 19x33
                  RenderText {#text} at (0,15) size 19x33
                    text run at (0,15) width 32: "\x{5F3E}\x{7434}"
          RenderRuby (inline) {RUBY} at (0,0) size 19x77
            RenderRubyRun (anonymous) at (1604,0) size 18x81
              RenderRubyText {RT} at (-11,0) size 10x81
                RenderText {#text} at (0,0) size 11x81
                  text run at (0,0) width 81: "\x{307E}\x{305F}\x{3061}\x{3087}\x{3046}\x{3057}\x{3087}\x{3046}\x{3059}"
              RenderRubyBase (anonymous) at (0,0) size 18x81
                RenderInline {RB} at (0,0) size 19x49
                  RenderText {#text} at (0,16) size 19x49
                    text run at (0,16) width 48: "\x{5FA9}\x{9577}\x{562F}"
          RenderText {#text} at (1604,77) size 19x16
            text run at (1604,77) width 16: "\x{3001}"
          RenderRuby (inline) {RUBY} at (0,0) size 19x34
            RenderRubyRun (anonymous) at (1604,91) size 18x36
              RenderRubyText {RT} at (-11,0) size 10x36
                RenderText {#text} at (0,0) size 11x36
                  text run at (0,0) width 36: "\x{3057}\x{3093}\x{308A}\x{3093}"
              RenderRubyBase (anonymous) at (0,0) size 18x36
                RenderInline {RB} at (0,0) size 19x32
                  RenderText {#text} at (0,2) size 19x32
                    text run at (0,2) width 32: "\x{6DF1}\x{6797}"
          RenderRuby (inline) {RUBY} at (0,0) size 19x48
            RenderRubyRun (anonymous) at (1604,127) size 18x48
              RenderRubyText {RT} at (-11,0) size 10x48
                RenderText {#text} at (0,1) size 11x46
                  text run at (0,1) width 45: "\x{3072}\x{3068}\x{3057}\x{3089}\x{305A}"
              RenderRubyBase (anonymous) at (0,0) size 18x48
                RenderInline {RB} at (0,0) size 19x48
                  RenderText {#text} at (0,0) size 19x48
                    text run at (0,0) width 48: "\x{4EBA}\x{4E0D}\x{77E5}"
          RenderText {#text} at (1604,175) size 19x16
            text run at (1604,175) width 16: "\x{3001}"
          RenderRuby (inline) {RUBY} at (0,0) size 19x68
            RenderRubyRun (anonymous) at (1604,187) size 18x72
              RenderRubyText {RT} at (-11,0) size 10x72
                RenderText {#text} at (0,0) size 11x72
                  text run at (0,0) width 72: "\x{3081}\x{3044}\x{3052}\x{3064}\x{304D}\x{305F}\x{308A}\x{3066}"
              RenderRubyBase (anonymous) at (0,0) size 18x72
                RenderInline {RB} at (0,0) size 19x48
                  RenderText {#text} at (0,12) size 19x48
                    text run at (0,12) width 48: "\x{660E}\x{6708}\x{6765}"
          RenderRuby (inline) {RUBY} at (0,0) size 19x41
            RenderRubyRun (anonymous) at (1604,259) size 18x45
              RenderRubyText {RT} at (-11,0) size 10x45
                RenderText {#text} at (0,0) size 11x45
                  text run at (0,0) width 45: "\x{3042}\x{3044}\x{3066}\x{3089}\x{3059}"
              RenderRubyBase (anonymous) at (0,0) size 18x45
                RenderInline {RB} at (0,0) size 19x33
                  RenderText {#text} at (0,6) size 19x33
                    text run at (0,6) width 32: "\x{76F8}\x{7167}"
          RenderText {#text} at (1604,300) size 19x158
            text run at (1604,300) width 158: "\x{3002}\x{305F}\x{3060}\x{4E8C}\x{5341}\x{5B57}\x{306E}\x{3046}\x{3061}\x{306B}"
          RenderRuby (inline) {RUBY} at (0,0) size 19x16
            RenderRubyRun (anonymous) at (1604,457) size 18x18
              RenderRubyText {RT} at (-11,0) size 10x18
                RenderText {#text} at (0,0) size 11x18
                  text run at (0,0) width 18: "\x{3086}\x{3046}"
              RenderRubyBase (anonymous) at (0,0) size 18x18
                RenderInline {RB} at (0,0) size 19x16
                  RenderText {#text} at (0,1) size 19x16
                    text run at (0,1) width 16: "\x{512A}"
          RenderText {#text} at (1604,474) size 19x16
            text run at (1604,474) width 16: "\x{306B}"
          RenderRuby (inline) {RUBY} at (0,0) size 19x51
            RenderRubyRun (anonymous) at (1633,0) size 18x54
              RenderRubyText {RT} at (-11,0) size 10x54
                RenderText {#text} at (0,0) size 11x54
                  text run at (0,0) width 54: "\x{3079}\x{3064}\x{3051}\x{3093}\x{3053}\x{3093}"
              RenderRubyBase (anonymous) at (0,0) size 18x54
                RenderInline {RB} at (0,0) size 19x48
                  RenderText {#text} at (0,3) size 19x48
                    text run at (0,3) width 48: "\x{5225}\x{4E7E}\x{5764}"
          RenderText {#text} at (1633,51) size 19x16
            text run at (1633,51) width 16: "\x{3092}"
          RenderRuby (inline) {RUBY} at (0,0) size 19x37
            RenderRubyRun (anonymous) at (1633,63) size 18x45
              RenderRubyText {RT} at (-11,0) size 10x45
                RenderText {#text} at (0,0) size 11x45
                  text run at (0,0) width 45: "\x{3053}\x{3093}\x{308A}\x{3085}\x{3046}"
              RenderRubyBase (anonymous) at (0,0) size 18x45
                RenderInline {RB} at (0,0) size 19x33
                  RenderText {#text} at (0,6) size 19x33
                    text run at (0,6) width 32: "\x{5EFA}\x{7ACB}"
          RenderText {#text} at (1633,104) size 19x156
            text run at (1633,104) width 156: "\x{3057}\x{3066}\x{3044}\x{308B}\x{3002}\x{3053}\x{306E}\x{4E7E}\x{5764}\x{306E}"
          RenderRuby (inline) {RUBY} at (0,0) size 19x32
            RenderRubyRun (anonymous) at (1633,260) size 18x32
              RenderRubyText {RT} at (-11,0) size 10x32
                RenderText {#text} at (0,2) size 11x28
                  text run at (0,2) width 27: "\x{304F}\x{3069}\x{304F}"
              RenderRubyBase (anonymous) at (0,0) size 18x32
                RenderInline {RB} at (0,0) size 19x32
                  RenderText {#text} at (0,0) size 19x32
                    text run at (0,0) width 32: "\x{529F}\x{5FB3}"
          RenderText {#text} at (1633,292) size 19x32
            text run at (1633,292) width 32: "\x{306F}\x{300C}"
          RenderRuby (inline) {RUBY} at (0,0) size 19x48
            RenderRubyRun (anonymous) at (1633,324) size 18x48
              RenderRubyText {RT} at (-11,0) size 10x48
                RenderText {#text} at (0,1) size 11x46
                  text run at (0,1) width 45: "\x{307B}\x{3068}\x{3068}\x{304E}\x{3059}"
              RenderRubyBase (anonymous) at (0,0) size 18x48
                RenderInline {RB} at (0,0) size 19x48
                  RenderText {#text} at (0,0) size 19x48
                    text run at (0,0) width 48: "\x{4E0D}\x{5982}\x{5E30}"
          RenderText {#text} at (1633,372) size 19x48
            text run at (1633,372) width 48: "\x{300D}\x{3084}\x{300C}"
          RenderRuby (inline) {RUBY} at (0,0) size 19x64
            RenderRubyRun (anonymous) at (1633,420) size 18x64
              RenderRubyText {RT} at (-11,0) size 10x64
                RenderText {#text} at (0,0) size 11x64
                  text run at (0,0) width 63: "\x{3053}\x{3093}\x{3058}\x{304D}\x{3084}\x{3057}\x{3083}"
              RenderRubyBase (anonymous) at (0,0) size 18x64
                RenderInline {RB} at (0,0) size 19x64
                  RenderText {#text} at (0,0) size 19x64
                    text run at (0,0) width 64: "\x{91D1}\x{8272}\x{591C}\x{53C9}"
          RenderText {#text} at (1651,0) size 48x478
            text run at (1651,0) width 478: "\x{300D}\x{306E}\x{529F}\x{5FB3}\x{3067}\x{306F}\x{306A}\x{3044}\x{3002}\x{6C7D}\x{8239}\x{3001}\x{6C7D}\x{8ECA}\x{3001}\x{6A29}\x{5229}\x{3001}\x{7FA9}\x{52D9}\x{3001}\x{9053}\x{5FB3}\x{3001}\x{793C}\x{7FA9}\x{3067}\x{75B2}\x{308C}\x{679C}"
            text run at (1680,0) width 32: "\x{3066}\x{305F}"
          RenderRuby (inline) {RUBY} at (0,0) size 19x17
            RenderRubyRun (anonymous) at (1680,32) size 18x17
              RenderRubyText {RT} at (-11,0) size 10x17
                RenderText {#text} at (0,0) size 11x17
                  text run at (0,0) width 17: "\x{306E}\x{3061}"
              RenderRubyBase (anonymous) at (0,0) size 18x17
                RenderInline {RB} at (0,0) size 19x17
                  RenderText {#text} at (0,0) size 19x17
                    text run at (0,0) width 16: "\x{5F8C}"
          RenderText {#text} at (1680,49) size 19x416
            text run at (1680,49) width 416: "\x{306B}\x{3001}\x{3059}\x{3079}\x{3066}\x{3092}\x{5FD8}\x{5374}\x{3057}\x{3066}\x{3050}\x{3063}\x{3059}\x{308A}\x{5BDD}\x{8FBC}\x{3080}\x{3088}\x{3046}\x{306A}\x{529F}\x{5FB3}\x{3067}\x{3042}\x{308B}\x{3002}"
          RenderBR {BR} at (1680,465) size 19x0
