layer at (0,0) size 800x600
  RenderView at (0,0) size 800x600
layer at (0,0) size 800x334
  RenderBlock {HTML} at (0,0) size 800x334
    RenderBody {BODY} at (8,8) size 784x310
      RenderBlock (anonymous) at (0,0) size 784x18
        RenderText {#text} at (0,0) size 653x17
          text run at (0,0) width 264: "You should see a green rectangle below. "
          text run at (263,0) width 390: "If you see any red other than anti-aliasing, the test has failed."
      RenderBlock {P} at (0,290) size 784x20 [border: (1px solid #000000)]
        RenderText {#text} at (1,1) size 189x17
          text run at (1,1) width 189: "This line should look normal."
layer at (8,26) size 384x256
  RenderBlock {DIV} at (0,18) size 384x256 [bgcolor=#FF0000]
    RenderInline {SPAN} at (0,0) size 320x64 [color=#008000]
      RenderText {#text} at (0,0) size 320x64
        text run at (0,0) width 320: "xxxxx"
    RenderInline {SPAN} at (0,0) size 65x128 [bgcolor=#008000]
    RenderBR {BR} at (383,0) size 1x64
    RenderInline {SPAN} at (0,0) size 321x128 [color=#008000]
      RenderText {#text} at (0,13) size 321x128
        text run at (0,13) width 321: "xxxxx"
    RenderBlock {DIV} at (0,128) size 64x128 [bgcolor=#008000]
    RenderText {#text} at (0,0) size 0x0
