layer at (0,0) size 800x600
  RenderView at (0,0) size 800x600
layer at (0,0) size 800x600
  RenderBlock {HTML} at (0,0) size 800x600
    RenderBody {BODY} at (8,8) size 784x584
      RenderTable {TABLE} at (0,0) size 784x56
        RenderTableSection {TBODY} at (0,0) size 784x56
          RenderTableRow {TR} at (0,2) size 784x29
            RenderTableCell {TD} at (2,6) size 35x21 [r=0 c=0 rs=1 cs=1]
              RenderText {#text} at (1,1) size 33x19
                text run at (1,1) width 33: "URL:"
            RenderTableCell {TD} at (39,2) size 743x29 [r=0 c=1 rs=1 cs=1]
              RenderTextControl {INPUT} at (1,3) size 741x23
          RenderTableRow {TR} at (0,33) size 784x21
            RenderTableCell {TD} at (2,33) size 780x21 [bgcolor=#FF0000] [r=1 c=0 rs=1 cs=2]
              RenderText {#text} at (1,1) size 233x19
                text run at (1,1) width 233: "Alongwordtogiveyouanicebigminwidth."
      RenderTable {TABLE} at (0,56) size 100x100 [bgcolor=#FF0000] [border: (2px outset #808080)]
        RenderTableSection {TBODY} at (2,2) size 96x96
          RenderTableRow {TR} at (0,2) size 96x92
            RenderTableCell {TD} at (2,46) size 92x4 [border: (1px inset #808080)] [r=0 c=0 rs=1 cs=1]
      RenderTable {TABLE} at (0,156) size 215x120 [border: (2px outset #808080)]
        RenderTableSection {TBODY} at (2,2) size 211x116
          RenderTableRow {TR} at (0,2) size 211x23
            RenderTableCell {TD} at (2,2) size 207x23 [border: (1px inset #808080)] [r=0 c=0 rs=1 cs=1]
              RenderText {#text} at (2,2) size 28x19
                text run at (2,2) width 28: "hello"
          RenderTableRow {TR} at (0,27) size 211x23
            RenderTableCell {TD} at (2,27) size 207x23 [border: (1px inset #808080)] [r=1 c=0 rs=1 cs=1]
              RenderText {#text} at (2,2) size 63x19
                text run at (2,2) width 63: "more hello"
          RenderTableRow {TR} at (0,52) size 211x23
            RenderTableCell {TD} at (2,52) size 207x23 [border: (1px inset #808080)] [r=2 c=0 rs=1 cs=1]
              RenderText {#text} at (2,2) size 35x19
                text run at (2,2) width 35: "world"
          RenderTableRow {TR} at (0,77) size 211x37
            RenderTableCell {TD} at (2,79) size 207x33 [border: (1px inset #808080)] [r=3 c=0 rs=1 cs=1]
              RenderText {#text} at (0,0) size 0x0
      RenderTable {TABLE} at (0,276) size 106x82
        RenderTableSection {TBODY} at (0,0) size 106x82
          RenderTableRow {TR} at (0,2) size 106x78
            RenderTableCell {TD} at (2,2) size 102x78 [r=0 c=0 rs=1 cs=1]
              RenderText {#text} at (1,1) size 95x76
                text run at (1,1) width 83: "I should wrap"
                text run at (1,20) width 77: "and not have"
                text run at (1,39) width 54: "nowrap. "
                text run at (55,39) width 41: "I really"
                text run at (1,58) width 43: "should."
      RenderTable {TABLE} at (0,358) size 106x82
        RenderTableSection {TBODY} at (0,0) size 106x82
          RenderTableRow {TR} at (0,2) size 106x78
            RenderTableCell {TD} at (2,2) size 102x78 [r=0 c=0 rs=1 cs=1]
              RenderBlock {DIV} at (1,1) size 100x76
                RenderText {#text} at (0,0) size 95x76
                  text run at (0,0) width 83: "I should wrap"
                  text run at (0,19) width 77: "and not have"
                  text run at (0,38) width 54: "nowrap. "
                  text run at (54,38) width 41: "I really"
                  text run at (0,57) width 43: "should."
      RenderTable {TABLE} at (0,440) size 346x25
        RenderTableSection {TBODY} at (0,0) size 346x25
          RenderTableRow {TR} at (0,2) size 346x21
            RenderTableCell {TD} at (2,2) size 342x21 [r=0 c=0 rs=1 cs=1]
              RenderText {#text} at (1,1) size 340x19
                text run at (1,1) width 138: "I should have nowrap. "
                text run at (139,1) width 92: "I really should. "
                text run at (231,1) width 110: "Definitely. Should."
      RenderTable {TABLE} at (0,465) size 346x25
        RenderTableSection {TBODY} at (0,0) size 346x25
          RenderTableRow {TR} at (0,2) size 346x21
            RenderTableCell {TD} at (2,2) size 342x21 [r=0 c=0 rs=1 cs=1]
              RenderBlock {DIV} at (1,1) size 340x19
                RenderText {#text} at (0,0) size 340x19
                  text run at (0,0) width 138: "I should have nowrap. "
                  text run at (138,0) width 92: "I really should. "
                  text run at (230,0) width 110: "Definitely. Should."
layer at (50,15) size 737x19
  RenderBlock {DIV} at (2,2) size 737x19
layer at (16,247) size 199x29
  RenderTextControl {TEXTAREA} at (4,2) size 199x29
    RenderBlock {DIV} at (2,2) size 195x19
