layer at (0,0) size 800x600
  RenderView at (0,0) size 800x600
layer at (0,0) size 800x600
  RenderBlock {HTML} at (0,0) size 800x600
    RenderBody {BODY} at (8,8) size 784x584
      RenderTable {TABLE} at (0,0) size 524x117 [border: (1px outset #808080)]
        RenderTableSection {TBODY} at (1,1) size 522x115
          RenderTableRow {TR} at (0,0) size 522x48
            RenderTableCell {TD} at (0,0) size 27x3 [border: (1px inset #808080)] [r=0 c=0 rs=3 cs=1]
              RenderImage {IMG} at (1,1) size 25x1
            RenderTableCell {TD} at (27,0) size 495x23 [border: (1px inset #808080)] [r=0 c=1 rs=1 cs=1]
              RenderText {#text} at (1,1) size 22x21
                text run at (1,1) width 22: "foo"
          RenderTableRow {TR} at (0,48) size 522x44
            RenderTableCell {TD} at (27,48) size 495x44 [border: (1px inset #808080)] [r=1 c=1 rs=1 cs=1]
              RenderBlock {DIV} at (1,1) size 493x42
                RenderText {#text} at (12,0) size 421x42
                  text run at (12,0) width 421: "Affordable, high-quality business services with unparalleled"
                  text run at (12,21) width 57: "support."
          RenderTableRow {TR} at (0,92) size 522x0
            RenderTableCell {TD} at (27,92) size 495x23 [border: (1px inset #808080)] [r=2 c=1 rs=2 cs=1]
              RenderText {#text} at (1,1) size 459x21
                text run at (1,1) width 459: "Wireless Services\x{2014}Take the Net with you when you\x{2019}re on the go"
          RenderTableRow {TR} at (0,92) size 522x23
            RenderTableCell {TD} at (0,92) size 522x23 [border: (1px inset #808080)] [r=3 c=0 rs=1 cs=2]
              RenderText {#text} at (1,1) size 27x21
                text run at (1,1) width 27: "goo"
