layer at (0,0) size 800x600
  RenderView at (0,0) size 800x600
layer at (0,0) size 800x600
  RenderBlock {HTML} at (0,0) size 800x600
    RenderBody {BODY} at (8,8) size 784x584
      RenderTable {TABLE} at (0,0) size 784x126 [bgcolor=#808000]
        RenderTableSection {TBODY} at (0,0) size 784x126
          RenderTableRow {TR} at (0,0) size 784x126
            RenderTableCell {TD} at (0,0) size 80x126 [r=0 c=0 rs=1 cs=1]
              RenderText {#text} at (0,0) size 80x126
                text run at (0,0) width 56: "Dorothy"
                text run at (0,21) width 80: "Rothschild:"
                text run at (0,42) width 39: "Love,"
                text run at (0,63) width 63: "curiosity,"
                text run at (0,84) width 55: "freckles"
                text run at (0,105) width 27: "and"
            RenderTableCell {TD} at (80,0) size 704x21 [bgcolor=#008000] [r=0 c=1 rs=1 cs=1]
              RenderText {#text} at (0,0) size 221x21
                text run at (0,0) width 221: "Animal Friends Rescue Project"
