layer at (0,0) size 800x600
  RenderView at (0,0) size 800x600
layer at (0,0) size 800x600
  RenderBlock {HTML} at (0,0) size 800x600
    RenderBody {BODY} at (8,8) size 784x584
      RenderTable {TABLE} at (0,0) size 345x26
        RenderTableSection {TBODY} at (0,0) size 345x26
          RenderTableRow {TR} at (0,2) size 345x2
            RenderTableCell {TD} at (2,2) size 131x2 [r=0 c=0 rs=1 cs=1]
            RenderTableCell {TD} at (135,2) size 208x2 [r=0 c=1 rs=1 cs=1]
          RenderTableRow {TR} at (0,6) size 345x18
            RenderTableCell {TD} at (2,6) size 131x18 [r=1 c=0 rs=1 cs=1]
              RenderText {#text} at (1,1) size 129x16
                text run at (1,1) width 129: "[this should not overlap]"
            RenderTableCell {TD} at (135,6) size 208x18 [r=1 c=1 rs=1 cs=1]
              RenderText {#text} at (1,1) size 206x16
                text run at (1,1) width 206: "[with this, since the table is auto width]"
      RenderTable {TABLE} at (0,26) size 600x26
        RenderTableSection {TBODY} at (0,0) size 600x26
          RenderTableRow {TR} at (0,2) size 600x2
            RenderTableCell {TD} at (2,2) size 297x2 [r=0 c=0 rs=1 cs=1]
            RenderTableCell {TD} at (301,2) size 297x2 [r=0 c=1 rs=1 cs=1]
          RenderTableRow {TR} at (0,6) size 600x18
            RenderTableCell {TD} at (2,6) size 297x18 [r=1 c=0 rs=1 cs=1]
              RenderText {#text} at (1,1) size 129x16
                text run at (1,1) width 129: "[this should not overlap]"
            RenderTableCell {TD} at (301,6) size 297x18 [r=1 c=1 rs=1 cs=1]
              RenderText {#text} at (1,1) size 50x16
                text run at (1,1) width 50: "[with this]"
      RenderTable {TABLE} at (0,52) size 600x21
        RenderTableSection {TBODY} at (0,0) size 600x21
          RenderTableRow {TR} at (0,0) size 600x4
            RenderTableCell {TD} at (0,3) size 85x1 [r=0 c=0 rs=1 cs=1]
            RenderTableCell {TD} at (85,3) size 85x1 [r=0 c=1 rs=1 cs=1]
            RenderTableCell {TD} at (170,3) size 86x1 [r=0 c=2 rs=1 cs=1]
            RenderTableCell {TD} at (256,3) size 86x1 [r=0 c=3 rs=1 cs=1]
            RenderTableCell {TD} at (342,3) size 86x1 [r=0 c=4 rs=1 cs=1]
            RenderTableCell {TD} at (428,3) size 86x1 [r=0 c=5 rs=1 cs=1]
          RenderTableRow {TR} at (0,4) size 600x17
            RenderTableCell {TD} at (0,20) size 85x1 [r=1 c=0 rs=1 cs=1]
            RenderTableCell {TD} at (85,20) size 85x1 [r=1 c=1 rs=1 cs=1]
            RenderTableCell {TD} at (170,20) size 86x1 [r=1 c=2 rs=1 cs=1]
            RenderTableCell {TD} at (256,4) size 86x17 [r=1 c=3 rs=1 cs=1]
              RenderText {#text} at (1,1) size 63x16
                text run at (1,1) width 63: "[should not]"
            RenderTableCell {TD} at (342,4) size 86x17 [r=1 c=4 rs=1 cs=1]
              RenderText {#text} at (1,1) size 51x16
                text run at (1,1) width 51: "[overlap]"
            RenderTableCell {TD} at (428,4) size 86x17 [r=1 c=5 rs=1 cs=1]
              RenderText {#text} at (1,1) size 170x16
                text run at (1,1) width 170: "[at all, since width=0 is ignored]"
            RenderTableCell {TD} at (514,20) size 86x1 [r=1 c=6 rs=1 cs=1]
