layer at (0,0) size 784x842
  RenderView at (0,0) size 784x600
layer at (0,0) size 784x842
  RenderBlock {HTML} at (0,0) size 784x842
    RenderBody {BODY} at (8,8) size 768x818
      RenderTable {TABLE} at (0,0) size 768x92
        RenderTableSection {TBODY} at (0,0) size 768x92
          RenderTableRow {TR} at (0,2) size 768x88
            RenderTableCell {TD} at (2,33) size 681x25 [border: (1px solid #008000)] [r=0 c=0 rs=1 cs=1]
              RenderText {#text} at (2,2) size 9x21
                text run at (2,2) width 9: "1"
            RenderTableCell {TD} at (685,2) size 66x88 [border: (1px solid #008000)] [r=0 c=1 rs=1 cs=1]
              RenderText {#text} at (2,2) size 62x84
                text run at (2,2) width 62: "See, this"
                text run at (2,23) width 38: "is the"
                text run at (2,44) width 62: "problem."
                text run at (2,65) width 48: "It will..."
            RenderTableCell {TD} at (753,33) size 13x25 [border: (1px solid #008000)] [r=0 c=2 rs=1 cs=1]
              RenderText {#text} at (2,2) size 9x21
                text run at (2,2) width 9: "3"
      RenderBlock {P} at (0,108) size 768x0
      RenderTable {TABLE} at (0,108) size 768x226
        RenderTableSection {TBODY} at (0,0) size 768x226
          RenderTableRow {TR} at (0,2) size 768x222
            RenderTableCell {TD} at (2,2) size 764x222 [border: (1px solid #008000)] [r=0 c=0 rs=1 cs=1]
              RenderTable {TABLE} at (2,2) size 760x218
                RenderTableSection {TBODY} at (0,0) size 760x218
                  RenderTableRow {TR} at (0,2) size 760x214
                    RenderTableCell {TD} at (2,96) size 673x25 [border: (1px solid #008000)] [r=0 c=0 rs=1 cs=1]
                      RenderText {#text} at (2,2) size 9x21
                        text run at (2,2) width 9: "1"
                    RenderTableCell {TD} at (677,2) size 66x214 [border: (1px solid #008000)] [r=0 c=1 rs=1 cs=1]
                      RenderText {#text} at (2,2) size 62x210
                        text run at (2,2) width 62: "See, this"
                        text run at (2,23) width 38: "is the"
                        text run at (2,44) width 62: "problem."
                        text run at (2,65) width 48: "S See,"
                        text run at (2,86) width 41: "this is"
                        text run at (2,107) width 22: "the"
                        text run at (2,128) width 62: "problem."
                        text run at (2,149) width 62: "See, this"
                        text run at (2,170) width 38: "is the"
                        text run at (2,191) width 62: "problem."
                    RenderTableCell {TD} at (745,96) size 13x25 [border: (1px solid #008000)] [r=0 c=2 rs=1 cs=1]
                      RenderText {#text} at (2,2) size 9x21
                        text run at (2,2) width 9: "3"
      RenderBlock {P} at (0,350) size 768x0
      RenderTable {TABLE} at (0,350) size 579x226
        RenderTableSection {TBODY} at (0,0) size 579x226
          RenderTableRow {TR} at (0,2) size 579x222
            RenderTableCell {TD} at (2,2) size 575x222 [border: (1px solid #008000)] [r=0 c=0 rs=1 cs=1]
              RenderTable {TABLE} at (2,2) size 571x218
                RenderTableSection {TBODY} at (0,0) size 571x218
                  RenderTableRow {TR} at (0,2) size 571x214
                    RenderTableCell {TD} at (2,96) size 484x25 [border: (1px solid #008000)] [r=0 c=0 rs=1 cs=1]
                      RenderText {#text} at (2,2) size 9x21
                        text run at (2,2) width 9: "1"
                    RenderTableCell {TD} at (488,2) size 66x214 [border: (1px solid #008000)] [r=0 c=1 rs=1 cs=1]
                      RenderText {#text} at (2,2) size 62x210
                        text run at (2,2) width 62: "See, this"
                        text run at (2,23) width 38: "is the"
                        text run at (2,44) width 62: "problem."
                        text run at (2,65) width 48: "S See,"
                        text run at (2,86) width 41: "this is"
                        text run at (2,107) width 22: "the"
                        text run at (2,128) width 62: "problem."
                        text run at (2,149) width 62: "See, this"
                        text run at (2,170) width 38: "is the"
                        text run at (2,191) width 62: "problem."
                    RenderTableCell {TD} at (556,96) size 13x25 [border: (1px solid #008000)] [r=0 c=2 rs=1 cs=1]
                      RenderText {#text} at (2,2) size 9x21
                        text run at (2,2) width 9: "3"
      RenderBlock {P} at (0,592) size 768x0
      RenderTable {TABLE} at (0,592) size 579x226
        RenderTableSection {TBODY} at (0,0) size 579x226
          RenderTableRow {TR} at (0,2) size 579x222
            RenderTableCell {TD} at (2,2) size 575x222 [border: (1px solid #008000)] [r=0 c=0 rs=1 cs=1]
              RenderBlock {DIV} at (2,2) size 571x218
                RenderTable {TABLE} at (0,0) size 571x218
                  RenderTableSection {TBODY} at (0,0) size 571x218
                    RenderTableRow {TR} at (0,2) size 571x214
                      RenderTableCell {TD} at (2,96) size 484x25 [border: (1px solid #008000)] [r=0 c=0 rs=1 cs=1]
                        RenderText {#text} at (2,2) size 9x21
                          text run at (2,2) width 9: "1"
                      RenderTableCell {TD} at (488,2) size 66x214 [border: (1px solid #008000)] [r=0 c=1 rs=1 cs=1]
                        RenderText {#text} at (2,2) size 62x210
                          text run at (2,2) width 62: "See, this"
                          text run at (2,23) width 38: "is the"
                          text run at (2,44) width 62: "problem."
                          text run at (2,65) width 48: "S See,"
                          text run at (2,86) width 41: "this is"
                          text run at (2,107) width 22: "the"
                          text run at (2,128) width 62: "problem."
                          text run at (2,149) width 62: "See, this"
                          text run at (2,170) width 38: "is the"
                          text run at (2,191) width 62: "problem."
                      RenderTableCell {TD} at (556,96) size 13x25 [border: (1px solid #008000)] [r=0 c=2 rs=1 cs=1]
                        RenderText {#text} at (2,2) size 9x21
                          text run at (2,2) width 9: "3"
      RenderBlock {P} at (0,834) size 768x0
