layer at (0,0) size 800x600
  RenderView at (0,0) size 800x600
layer at (0,0) size 800x600
  RenderBlock {HTML} at (0,0) size 800x600
    RenderBody {BODY} at (8,8) size 784x584
      RenderTable {TABLE} at (709,0) size 75x33
        RenderTableSection {TBODY} at (0,0) size 75x33
          RenderTableRow {TR} at (0,2) size 75x29
            RenderTableCell {TD} at (2,2) size 71x29 [r=0 c=0 rs=1 cs=1]
              RenderBlock (floating) {DIV} at (1,1) size 69x27
                RenderTable {TABLE} at (0,0) size 69x27
                  RenderTableSection {TBODY} at (0,0) size 69x27
                    RenderTableRow {TR} at (0,2) size 69x23
                      RenderTableCell {TD} at (2,2) size 11x23 [r=0 c=0 rs=1 cs=1]
                        RenderText {#text} at (1,1) size 9x21
                          text run at (1,1) width 9: "a"
                      RenderTableCell {TD} at (15,2) size 40x23 [r=0 c=1 rs=1 cs=1]
                        RenderText {#text} at (1,1) size 38x21
                          text run at (1,1) width 38: "Hello"
                      RenderTableCell {TD} at (57,2) size 10x23 [r=0 c=2 rs=1 cs=1]
                        RenderText {#text} at (1,1) size 8x21
                          text run at (1,1) width 8: "c"
