layer at (0,0) size 784x862
  RenderView at (0,0) size 784x600
layer at (0,0) size 784x862
  RenderBlock {HTML} at (0,0) size 784x862
    RenderBody {BODY} at (8,8) size 768x846
      RenderTable {TABLE} at (0,0) size 389x846
        RenderTableSection {TBODY} at (0,0) size 389x846
          RenderTableRow {TR} at (0,0) size 29x846
            RenderTableCell {TD} at (0,0) size 29x846 [border: (1px solid #008000)] [r=0 c=0 rs=1 cs=3]
              RenderText {#text} at (4,4) size 21x258
                text run at (4,4) width 153: "   Join Now   Sign In   "
                text run at (4,157) width 105: "   Personalize: "
              RenderInline {A} at (0,0) size 21x58
                RenderText {#text} at (4,262) size 21x58
                  text run at (4,262) width 58: "Settings"
              RenderText {#text} at (4,320) size 21x14
                text run at (4,320) width 14: " \x{2022} "
              RenderInline {A} at (0,0) size 21x56
                RenderText {#text} at (4,334) size 21x56
                  text run at (4,334) width 56: "Content"
              RenderText {#text} at (4,390) size 21x14
                text run at (4,390) width 14: " \x{2022} "
              RenderInline {A} at (0,0) size 21x48
                RenderText {#text} at (4,404) size 21x48
                  text run at (4,404) width 48: "Layout"
              RenderText {#text} at (4,452) size 21x14
                text run at (4,452) width 14: " \x{2022} "
              RenderInline {A} at (0,0) size 21x124
                RenderText {#text} at (4,466) size 21x124
                  text run at (4,466) width 124: "Colors & Themes"
              RenderText {#text} at (4,590) size 21x14
                text run at (4,590) width 14: " \x{2022} "
              RenderInline {A} at (0,0) size 21x50
                RenderText {#text} at (4,604) size 21x50
                  text run at (4,604) width 50: "Sign In"
              RenderText {#text} at (4,654) size 21x188
                text run at (4,654) width 8: "  "
                text run at (4,662) width 91: "   My Links:   "
                text run at (4,753) width 89: "  Lite \x{2022} Email"
          RenderTableRow {TR} at (0,29) size 360x846
            RenderTableCell {TD} at (29,176) size 360x-344 [border: (1px solid #008000)] [r=1 c=0 rs=1 cs=1]
            RenderTableCell {TD} at (29,8) size 360x618 [border: (1px solid #008000)] [r=1 c=1 rs=1 cs=1]
              RenderTable {TABLE} at (4,4) size 352x610
                RenderTableSection {TBODY} at (0,0) size 352x610
                  RenderTableRow {TR} at (0,2) size 348x610
                    RenderTableCell {TD} at (2,2) size 348x606 [border: (1px solid #008000)] [r=0 c=0 rs=1 cs=1]
                      RenderTable {TABLE} at (2,2) size 344x602
                        RenderTableSection {TBODY} at (0,0) size 344x602
                          RenderTableRow {TR} at (0,2) size 340x602
                            RenderTableCell {TD} at (2,170) size 340x-77 [border: (1px solid #008000)] [r=0 c=0 rs=1 cs=1]
                            RenderTableCell {TD} at (2,263) size 340x76 [border: (1px solid #008000)] [r=0 c=1 rs=1 cs=1]
                              RenderText {#text} at (2,2) size 336x72
                                text run at (2,2) width 61: "This guy"
                                text run at (23,2) width 48: "should"
                                text run at (44,2) width 61: "have the"
                                text run at (65,2) width 65: "really big"
                                text run at (86,2) width 72: "maxwidth."
                                text run at (107,2) width 12: "It "
                                text run at (107,14) width 48: "should"
                                text run at (128,2) width 44: "be big"
                                text run at (149,2) width 71: "enough to"
                                text run at (170,2) width 39: "really"
                                text run at (191,2) width 39: "really"
                                text run at (212,2) width 42: "screw"
                                text run at (233,2) width 69: "things up."
                                text run at (254,2) width 48: "That is"
                                text run at (275,2) width 42: "what I"
                                text run at (296,2) width 62: "think will"
                                text run at (317,2) width 38: "work."
                            RenderTableCell {TD} at (2,509) size 340x-77 [border: (1px solid #008000)] [r=0 c=2 rs=1 cs=1]
            RenderTableCell {TD} at (29,793) size 360x-114 [border: (1px solid #008000)] [r=1 c=2 rs=1 cs=1]
              RenderImage {IMG} at (171,-163) size 18x212
              RenderText {#text} at (0,0) size 0x0
