layer at (0,0) size 852x584
  RenderView at (0,0) size 800x584
layer at (0,0) size 800x584
  RenderBlock {HTML} at (0,0) size 800x584
    RenderBody {BODY} at (8,8) size 784x568
      RenderTable {TABLE} at (0,0) size 844x389
        RenderTableSection {TBODY} at (0,0) size 844x389
          RenderTableRow {TR} at (0,0) size 844x29
            RenderTableCell {TD} at (0,0) size 844x29 [border: (1px solid #008000)] [r=0 c=0 rs=1 cs=3]
              RenderText {#text} at (4,4) size 258x21
                text run at (4,4) width 153: "   Join Now   Sign In   "
                text run at (157,4) width 105: "   Personalize: "
              RenderInline {A} at (0,0) size 58x21
                RenderText {#text} at (262,4) size 58x21
                  text run at (262,4) width 58: "Settings"
              RenderText {#text} at (320,4) size 14x21
                text run at (320,4) width 14: " \x{2022} "
              RenderInline {A} at (0,0) size 56x21
                RenderText {#text} at (334,4) size 56x21
                  text run at (334,4) width 56: "Content"
              RenderText {#text} at (390,4) size 14x21
                text run at (390,4) width 14: " \x{2022} "
              RenderInline {A} at (0,0) size 48x21
                RenderText {#text} at (404,4) size 48x21
                  text run at (404,4) width 48: "Layout"
              RenderText {#text} at (452,4) size 14x21
                text run at (452,4) width 14: " \x{2022} "
              RenderInline {A} at (0,0) size 124x21
                RenderText {#text} at (466,4) size 124x21
                  text run at (466,4) width 124: "Colors & Themes"
              RenderText {#text} at (590,4) size 14x21
                text run at (590,4) width 14: " \x{2022} "
              RenderInline {A} at (0,0) size 50x21
                RenderText {#text} at (604,4) size 50x21
                  text run at (604,4) width 50: "Sign In"
              RenderText {#text} at (654,4) size 188x21
                text run at (654,4) width 8: "  "
                text run at (662,4) width 91: "   My Links:   "
                text run at (753,4) width 89: "  Lite \x{2022} Email"
          RenderTableRow {TR} at (0,29) size 844x360
            RenderTableCell {TD} at (0,205) size 236x8 [border: (1px solid #008000)] [r=1 c=0 rs=1 cs=1]
            RenderTableCell {TD} at (236,29) size 372x360 [border: (1px solid #008000)] [r=1 c=1 rs=1 cs=1]
              RenderTable {TABLE} at (4,4) size 364x352
                RenderTableSection {TBODY} at (0,0) size 364x352
                  RenderTableRow {TR} at (0,2) size 364x348
                    RenderTableCell {TD} at (2,2) size 360x348 [border: (1px solid #008000)] [r=0 c=0 rs=1 cs=1]
                      RenderTable {TABLE} at (2,2) size 356x344
                        RenderTableSection {TBODY} at (0,0) size 356x344
                          RenderTableRow {TR} at (0,2) size 356x340
                            RenderTableCell {TD} at (2,170) size 136x4 [border: (1px solid #008000)] [r=0 c=0 rs=1 cs=1]
                            RenderTableCell {TD} at (140,2) size 76x340 [border: (1px solid #008000)] [r=0 c=1 rs=1 cs=1]
                              RenderText {#text} at (2,2) size 72x336
                                text run at (2,2) width 61: "This guy"
                                text run at (2,23) width 48: "should"
                                text run at (2,44) width 61: "have the"
                                text run at (2,65) width 65: "really big"
                                text run at (2,86) width 72: "maxwidth."
                                text run at (2,107) width 12: "It "
                                text run at (14,107) width 48: "should"
                                text run at (2,128) width 44: "be big"
                                text run at (2,149) width 71: "enough to"
                                text run at (2,170) width 39: "really"
                                text run at (2,191) width 39: "really"
                                text run at (2,212) width 42: "screw"
                                text run at (2,233) width 69: "things up."
                                text run at (2,254) width 48: "That is"
                                text run at (2,275) width 42: "what I"
                                text run at (2,296) width 62: "think will"
                                text run at (2,317) width 38: "work."
                            RenderTableCell {TD} at (218,170) size 136x4 [border: (1px solid #008000)] [r=0 c=2 rs=1 cs=1]
            RenderTableCell {TD} at (608,196) size 236x26 [border: (1px solid #008000)] [r=1 c=2 rs=1 cs=1]
              RenderImage {IMG} at (4,4) size 212x18
              RenderText {#text} at (0,0) size 0x0
