layer at (0,0) size 800x600
  RenderView at (0,0) size 800x600
layer at (0,0) size 800x600
  RenderBlock {HTML} at (0,0) size 800x600
    RenderBody {BODY} at (8,8) size 784x584
      RenderTable {TABLE} at (0,0) size 784x64
        RenderTableSection {TBODY} at (0,0) size 784x64
          RenderTableRow {TR} at (0,0) size 784x64
layer at (8,8) size 150x64
  RenderTableCell {TD} at (0,0) size 150x64 [r=0 c=0 rs=1 cs=1]
    RenderTable {TABLE} at (0,0) size 150x64 [border: (10px outset #808080)]
      RenderTableSection {TBODY} at (10,10) size 130x44
        RenderTableRow {TR} at (0,0) size 130x44
layer at (18,18) size 130x44 clip at (19,19) size 128x42
  RenderTableCell {TD} at (0,0) size 130x44 [border: (1px inset #808080)] [r=0 c=0 rs=1 cs=1]
    RenderText {#text} at (1,1) size 77x42
      text run at (1,1) width 77: "left column"
      text run at (1,22) width 52: "content"
layer at (158,8) size 634x64
  RenderTableCell {TD} at (150,21) size 634x21 [r=0 c=1 rs=1 cs=1]
    RenderText {#text} at (0,0) size 81x21
      text run at (0,0) width 81: "second cell"
