layer at (0,0) size 800x600
  RenderView at (0,0) size 800x600
layer at (0,0) size 800x600
  RenderBlock {HTML} at (0,0) size 800x600
    RenderBody {BODY} at (8,8) size 784x576
      RenderTable {TABLE} at (0,0) size 188x55 [border: (1px outset #808080)]
        RenderTableSection {TBODY} at (1,1) size 186x53
          RenderTableRow {TR} at (0,1) size 186x25
            RenderTableCell {TH} at (1,1) size 36x25 [border: (1px inset #808080)] [r=0 c=0 rs=1 cs=1]
              RenderText {#text} at (2,2) size 32x21
                text run at (2,2) width 32: "(1,1)"
            RenderTableCell {TH} at (38,1) size 36x25 [border: (1px inset #808080)] [r=0 c=1 rs=1 cs=1]
              RenderText {#text} at (2,2) size 32x21
                text run at (2,2) width 32: "(1,2)"
            RenderTableCell {TH} at (75,1) size 36x25 [border: (1px inset #808080)] [r=0 c=2 rs=1 cs=1]
              RenderText {#text} at (2,2) size 32x21
                text run at (2,2) width 32: "(1,3)"
            RenderTableCell {TH} at (112,1) size 36x25 [border: (1px inset #808080)] [r=0 c=3 rs=1 cs=1]
              RenderText {#text} at (2,2) size 32x21
                text run at (2,2) width 32: "(1,4)"
            RenderTableCell {TH} at (149,1) size 36x25 [border: (1px inset #808080)] [r=0 c=4 rs=1 cs=1]
              RenderText {#text} at (2,2) size 32x21
                text run at (2,2) width 32: "(1,5)"
          RenderTableRow {TR} at (0,27) size 186x25
            RenderTableCell {TD} at (1,27) size 36x25 [border: (1px inset #808080)] [r=1 c=0 rs=1 cs=1]
              RenderText {#text} at (2,2) size 32x21
                text run at (2,2) width 32: "(2,1)"
            RenderTableCell {TD} at (38,27) size 36x25 [border: (1px inset #808080)] [r=1 c=1 rs=1 cs=1]
              RenderText {#text} at (2,2) size 32x21
                text run at (2,2) width 32: "(2,2)"
            RenderTableCell {TD} at (75,27) size 36x25 [border: (1px inset #808080)] [r=1 c=2 rs=1 cs=1]
              RenderText {#text} at (2,2) size 32x21
                text run at (2,2) width 32: "(2,3)"
            RenderTableCell {TD} at (112,27) size 36x25 [border: (1px inset #808080)] [r=1 c=3 rs=1 cs=1]
              RenderText {#text} at (2,2) size 32x21
                text run at (2,2) width 32: "(2,4)"
            RenderTableCell {TD} at (149,27) size 36x25 [border: (1px inset #808080)] [r=1 c=4 rs=1 cs=1]
              RenderText {#text} at (2,2) size 32x21
                text run at (2,2) width 32: "(2,5)"
      RenderBlock {P} at (0,71) size 784x42
        RenderInline {B} at (0,0) size 52x21
          RenderText {#text} at (0,0) size 52x21
            text run at (0,0) width 52: "Row 0:"
        RenderText {#text} at (52,0) size 180x21
          text run at (52,0) width 180: " (1,1)\x{9}(1,2)\x{9}(1,3)\x{9}(1,4)\x{9}(1,5)"
        RenderBR {BR} at (232,16) size 0x0
        RenderInline {B} at (0,0) size 52x21
          RenderText {#text} at (0,21) size 52x21
            text run at (0,21) width 52: "Row 1:"
        RenderText {#text} at (52,21) size 180x21
          text run at (52,21) width 180: " (2,1)\x{9}(2,2)\x{9}(2,3)\x{9}(2,4)\x{9}(2,5)"
        RenderBR {BR} at (232,37) size 0x0
