layer at (0,0) size 784x673
  RenderView at (0,0) size 784x600
layer at (0,0) size 784x673
  RenderBlock {HTML} at (0,0) size 784x673
    RenderBody {BODY} at (8,8) size 768x657
      RenderBlock {H1} at (0,0) size 768x42
        RenderText {#text} at (0,0) size 665x42
          text run at (0,0) width 665: "Fixed Columns, Auto Span, Minwidth Table"
      RenderTable {TABLE} at (0,63) size 100x40
        RenderTableSection {TBODY} at (0,0) size 100x40
          RenderTableRow {TR} at (0,0) size 100x20
            RenderTableCell {TD} at (0,10) size 33x0 [bgcolor=#00FFFF] [r=0 c=0 rs=1 cs=1]
            RenderTableCell {TD} at (33,10) size 67x0 [bgcolor=#FFFF00] [r=0 c=1 rs=1 cs=1]
          RenderTableRow {TR} at (0,20) size 100x20
            RenderTableCell {TD} at (0,30) size 100x0 [bgcolor=#FFC0CB] [r=1 c=0 rs=1 cs=2]
              RenderBlock {DIV} at (0,0) size 100x0
      RenderBlock {P} at (0,119) size 768x63
        RenderText {#text} at (0,0) size 160x21
          text run at (0,0) width 160: "The table width is: 100"
        RenderBR {BR} at (160,16) size 0x0
        RenderText {#text} at (0,21) size 146x21
          text run at (0,21) width 146: "Column One is: 33%"
        RenderBR {BR} at (146,37) size 0x0
        RenderText {#text} at (0,42) size 147x21
          text run at (0,42) width 147: "Column Two is: 67%"
      RenderBlock {HR} at (0,198) size 768x2 [border: (1px inset #000000)]
      RenderTable {TABLE} at (0,208) size 600x40
        RenderTableSection {TBODY} at (0,0) size 600x40
          RenderTableRow {TR} at (0,0) size 600x20
            RenderTableCell {TD} at (0,10) size 200x0 [bgcolor=#00FFFF] [r=0 c=0 rs=1 cs=1]
            RenderTableCell {TD} at (200,10) size 400x0 [bgcolor=#FFFF00] [r=0 c=1 rs=1 cs=1]
          RenderTableRow {TR} at (0,20) size 600x20
            RenderTableCell {TD} at (0,30) size 600x0 [bgcolor=#FFC0CB] [r=1 c=0 rs=1 cs=2]
              RenderBlock {DIV} at (0,0) size 600x0
      RenderBlock {P} at (0,264) size 768x63
        RenderText {#text} at (0,0) size 160x21
          text run at (0,0) width 160: "The table width is: 600"
        RenderBR {BR} at (160,16) size 0x0
        RenderText {#text} at (0,21) size 146x21
          text run at (0,21) width 146: "Column One is: 33%"
        RenderBR {BR} at (146,37) size 0x0
        RenderText {#text} at (0,42) size 147x21
          text run at (0,42) width 147: "Column Two is: 67%"
      RenderBlock {HR} at (0,343) size 768x2 [border: (1px inset #000000)]
      RenderTable {TABLE} at (0,353) size 600x62
        RenderTableSection {TBODY} at (0,0) size 600x62
          RenderTableRow {TR} at (0,0) size 600x42
            RenderTableCell {TD} at (0,0) size 200x42 [bgcolor=#00FFFF] [r=0 c=0 rs=1 cs=1]
              RenderText {#text} at (0,0) size 173x42
                text run at (0,0) width 173: "Fixed cell in column one"
                text run at (0,21) width 105: "with some text."
            RenderTableCell {TD} at (200,0) size 400x42 [bgcolor=#FFFF00] [r=0 c=1 rs=1 cs=1]
              RenderText {#text} at (0,0) size 368x42
                text run at (0,0) width 368: "Fixed cell in column two with a lot more text. Will the"
                text run at (0,21) width 145: "ratios be preserved?"
          RenderTableRow {TR} at (0,42) size 600x20
            RenderTableCell {TD} at (0,52) size 600x0 [bgcolor=#FFC0CB] [r=1 c=0 rs=1 cs=2]
              RenderBlock {DIV} at (0,0) size 600x0
      RenderBlock {P} at (0,431) size 768x63
        RenderText {#text} at (0,0) size 160x21
          text run at (0,0) width 160: "The table width is: 600"
        RenderBR {BR} at (160,16) size 0x0
        RenderText {#text} at (0,21) size 146x21
          text run at (0,21) width 146: "Column One is: 33%"
        RenderBR {BR} at (146,37) size 0x0
        RenderText {#text} at (0,42) size 147x21
          text run at (0,42) width 147: "Column Two is: 67%"
      RenderBlock {HR} at (0,510) size 768x2 [border: (1px inset #000000)]
      RenderTable {TABLE} at (0,520) size 600x40
        RenderTableSection {TBODY} at (0,0) size 600x40
          RenderTableRow {TR} at (0,0) size 600x20
            RenderTableCell {TD} at (0,10) size 200x0 [bgcolor=#00FFFF] [r=0 c=0 rs=1 cs=1]
              RenderBlock {DIV} at (0,0) size 100x0
            RenderTableCell {TD} at (200,10) size 400x0 [bgcolor=#FFFF00] [r=0 c=1 rs=1 cs=1]
              RenderBlock {DIV} at (0,0) size 250x0
          RenderTableRow {TR} at (0,20) size 600x20
            RenderTableCell {TD} at (0,30) size 600x0 [bgcolor=#FFC0CB] [r=1 c=0 rs=1 cs=2]
              RenderBlock {DIV} at (0,0) size 600x0
      RenderBlock {P} at (0,576) size 768x63
        RenderText {#text} at (0,0) size 160x21
          text run at (0,0) width 160: "The table width is: 600"
        RenderBR {BR} at (160,16) size 0x0
        RenderText {#text} at (0,21) size 146x21
          text run at (0,21) width 146: "Column One is: 33%"
        RenderBR {BR} at (146,37) size 0x0
        RenderText {#text} at (0,42) size 147x21
          text run at (0,42) width 147: "Column Two is: 67%"
      RenderBlock {HR} at (0,655) size 768x2 [border: (1px inset #000000)]
