layer at (0,0) size 784x625
  RenderView at (0,0) size 784x600
layer at (0,0) size 784x625
  RenderBlock {HTML} at (0,0) size 784x625
    RenderBody {BODY} at (8,16) size 768x601
      RenderBlock {DIV} at (0,0) size 600x601
        RenderBlock {P} at (0,0) size 600x21
          RenderText {#text} at (0,0) size 319x21
            text run at (0,0) width 319: "The following two tables should be the same."
        RenderBlock {P} at (0,37) size 600x21
          RenderText {#text} at (0,0) size 172x21
            text run at (0,0) width 172: "Table 1: width in <COL>"
        RenderTable {TABLE} at (0,74) size 256x237
          RenderTableCol {COLGROUP} at (0,0) size 0x0
            RenderTableCol {COL} at (0,0) size 0x0
            RenderTableCol {COL} at (0,0) size 0x0
          RenderTableSection {TBODY} at (0,0) size 256x237
            RenderTableRow {TR} at (0,2) size 256x233
              RenderTableCell {TD} at (2,2) size 150x233 [bgcolor=#FFFF00] [r=0 c=0 rs=1 cs=1]
                RenderText {#text} at (1,1) size 147x231
                  text run at (1,1) width 98: "Cras tincidunt"
                  text run at (1,22) width 114: "bibendum nunc."
                  text run at (1,43) width 140: "Morbi condimentum"
                  text run at (1,64) width 91: "aliquet diam."
                  text run at (1,85) width 136: "Phasellus pulvinar,"
                  text run at (1,106) width 147: "nisl at tempor auctor,"
                  text run at (1,127) width 76: "dolor pede"
                  text run at (1,148) width 119: "vestibulum risus,"
                  text run at (1,169) width 140: "placerat malesuada"
                  text run at (1,190) width 120: "dui enim nec est."
                  text run at (1,211) width 68: "Nulla leo."
              RenderTableCell {TD} at (154,107) size 100x23 [bgcolor=#008000] [r=0 c=1 rs=1 cs=1]
                RenderText {#text} at (1,1) size 92x21
                  text run at (1,1) width 92: "Lorem ipsum"
        RenderBlock {P} at (0,327) size 600x21
          RenderText {#text} at (0,0) size 161x21
            text run at (0,0) width 161: "Table 2: width in <TD>"
        RenderTable {TABLE} at (0,364) size 260x237
          RenderTableSection {TBODY} at (0,0) size 260x237
            RenderTableRow {TR} at (0,2) size 260x233
              RenderTableCell {TD} at (2,2) size 152x233 [bgcolor=#FFFF00] [r=0 c=0 rs=1 cs=1]
                RenderText {#text} at (1,1) size 147x231
                  text run at (1,1) width 98: "Cras tincidunt"
                  text run at (1,22) width 114: "bibendum nunc."
                  text run at (1,43) width 140: "Morbi condimentum"
                  text run at (1,64) width 91: "aliquet diam."
                  text run at (1,85) width 136: "Phasellus pulvinar,"
                  text run at (1,106) width 147: "nisl at tempor auctor,"
                  text run at (1,127) width 76: "dolor pede"
                  text run at (1,148) width 119: "vestibulum risus,"
                  text run at (1,169) width 140: "placerat malesuada"
                  text run at (1,190) width 120: "dui enim nec est."
                  text run at (1,211) width 68: "Nulla leo."
              RenderTableCell {TD} at (156,107) size 102x23 [bgcolor=#008000] [r=0 c=1 rs=1 cs=1]
                RenderText {#text} at (1,1) size 92x21
                  text run at (1,1) width 92: "Lorem ipsum"
