layer at (0,0) size 800x600
  RenderView at (0,0) size 800x600
layer at (0,0) size 800x600
  RenderBlock {HTML} at (0,0) size 800x600
    RenderBody {BODY} at (8,8) size 784x584
      RenderTable {TABLE} at (0,0) size 262x234 [border: none]
        RenderTableCol {COLGROUP} at (0,0) size 0x0 [border: (1px solid #000000) none (1px solid #000000)]
        RenderTableCol {COLGROUP} at (0,0) size 0x0 [border: (1px solid #000000) none (1px solid #000000)]
        RenderTableSection {TBODY} at (0,0) size 261x233 [border: (1px solid #808080) none (1px solid #808080) none]
          RenderTableRow {TR} at (0,0) size 261x30
            RenderTableCell {TH} at (0,0) size 94x30 [border: (1px none #000000)] [r=0 c=0 rs=1 cs=1]
              RenderText {#text} at (12,5) size 71x21
                text run at (12,5) width 71: "Weekday"
            RenderTableCell {TH} at (94,0) size 49x30 [border: (1px none #000000)] [r=0 c=1 rs=1 cs=1]
              RenderText {#text} at (7,5) size 36x21
                text run at (7,5) width 36: "Date"
            RenderTableCell {TH} at (143,0) size 74x30 [border: (1px none #000000)] [r=0 c=2 rs=1 cs=1]
              RenderText {#text} at (4,5) size 66x21
                text run at (4,5) width 66: "Manager"
            RenderTableCell {TH} at (217,0) size 44x30 [border: (1px none #000000)] [r=0 c=3 rs=1 cs=1]
              RenderText {#text} at (9,5) size 26x21
                text run at (9,5) width 26: "Qty"
          RenderTableRow {TR} at (0,30) size 261x29
            RenderTableCell {TD} at (0,30) size 94x29 [border: none] [r=1 c=0 rs=1 cs=1]
              RenderText {#text} at (5,4) size 57x21
                text run at (5,4) width 57: "Monday"
            RenderTableCell {TD} at (94,30) size 49x29 [border: none] [r=1 c=1 rs=1 cs=1]
              RenderText {#text} at (5,4) size 40x21
                text run at (5,4) width 40: "09/11"
            RenderTableCell {TD} at (143,30) size 74x29 [r=1 c=2 rs=1 cs=1]
              RenderText {#text} at (4,4) size 49x21
                text run at (4,4) width 49: "Kelsey"
            RenderTableCell {TD} at (217,30) size 44x29 [r=1 c=3 rs=1 cs=1]
              RenderText {#text} at (4,4) size 27x21
                text run at (4,4) width 27: "639"
          RenderTableRow {TR} at (0,59) size 261x29
            RenderTableCell {TD} at (0,59) size 94x29 [border: none] [r=2 c=0 rs=1 cs=1]
              RenderText {#text} at (5,4) size 62x21
                text run at (5,4) width 62: "Tuesday"
            RenderTableCell {TD} at (94,59) size 49x29 [border: none] [r=2 c=1 rs=1 cs=1]
              RenderText {#text} at (5,4) size 40x21
                text run at (5,4) width 40: "09/12"
            RenderTableCell {TD} at (143,59) size 74x29 [r=2 c=2 rs=1 cs=1]
              RenderText {#text} at (4,4) size 56x21
                text run at (4,4) width 56: "Lindsey"
            RenderTableCell {TD} at (217,59) size 44x29 [r=2 c=3 rs=1 cs=1]
              RenderText {#text} at (4,4) size 27x21
                text run at (4,4) width 27: "596"
          RenderTableRow {TR} at (0,88) size 261x29
            RenderTableCell {TD} at (0,88) size 94x29 [border: none] [r=3 c=0 rs=1 cs=1]
              RenderText {#text} at (5,4) size 85x21
                text run at (5,4) width 85: "Wednesday"
            RenderTableCell {TD} at (94,88) size 49x29 [border: none] [r=3 c=1 rs=1 cs=1]
              RenderText {#text} at (5,4) size 40x21
                text run at (5,4) width 40: "09/13"
            RenderTableCell {TD} at (143,88) size 74x29 [r=3 c=2 rs=1 cs=1]
              RenderText {#text} at (4,4) size 47x21
                text run at (4,4) width 47: "Randy"
            RenderTableCell {TD} at (217,88) size 44x29 [r=3 c=3 rs=1 cs=1]
              RenderText {#text} at (4,4) size 36x21
                text run at (4,4) width 36: "1135"
          RenderTableRow {TR} at (0,117) size 261x29
            RenderTableCell {TD} at (0,117) size 94x29 [border: none] [r=4 c=0 rs=1 cs=1]
              RenderText {#text} at (5,4) size 67x21
                text run at (5,4) width 67: "Thursday"
            RenderTableCell {TD} at (94,117) size 49x29 [border: none] [r=4 c=1 rs=1 cs=1]
              RenderText {#text} at (5,4) size 40x21
                text run at (5,4) width 40: "09/14"
            RenderTableCell {TD} at (143,117) size 74x29 [r=4 c=2 rs=1 cs=1]
              RenderText {#text} at (4,4) size 46x21
                text run at (4,4) width 46: "Susan"
            RenderTableCell {TD} at (217,117) size 44x29 [r=4 c=3 rs=1 cs=1]
              RenderText {#text} at (4,4) size 36x21
                text run at (4,4) width 36: "1002"
          RenderTableRow {TR} at (0,146) size 261x29
            RenderTableCell {TD} at (0,146) size 94x29 [border: none] [r=5 c=0 rs=1 cs=1]
              RenderText {#text} at (5,4) size 45x21
                text run at (5,4) width 45: "Friday"
            RenderTableCell {TD} at (94,146) size 49x29 [border: none] [r=5 c=1 rs=1 cs=1]
              RenderText {#text} at (5,4) size 40x21
                text run at (5,4) width 40: "09/15"
            RenderTableCell {TD} at (143,146) size 74x29 [r=5 c=2 rs=1 cs=1]
              RenderText {#text} at (4,4) size 47x21
                text run at (4,4) width 47: "Randy"
            RenderTableCell {TD} at (217,146) size 44x29 [r=5 c=3 rs=1 cs=1]
              RenderText {#text} at (4,4) size 27x21
                text run at (4,4) width 27: "908"
          RenderTableRow {TR} at (0,175) size 261x29
            RenderTableCell {TD} at (0,175) size 94x29 [border: none] [r=6 c=0 rs=1 cs=1]
              RenderText {#text} at (5,4) size 64x21
                text run at (5,4) width 64: "Saturday"
            RenderTableCell {TD} at (94,175) size 49x29 [border: none] [r=6 c=1 rs=1 cs=1]
              RenderText {#text} at (5,4) size 40x21
                text run at (5,4) width 40: "09/16"
            RenderTableCell {TD} at (143,175) size 74x29 [r=6 c=2 rs=1 cs=1]
              RenderText {#text} at (4,4) size 56x21
                text run at (4,4) width 56: "Lindsey"
            RenderTableCell {TD} at (217,175) size 44x29 [r=6 c=3 rs=1 cs=1]
              RenderText {#text} at (4,4) size 27x21
                text run at (4,4) width 27: "371"
          RenderTableRow {TR} at (0,204) size 261x29
            RenderTableCell {TD} at (0,204) size 94x29 [border: none] [r=7 c=0 rs=1 cs=1]
              RenderText {#text} at (5,4) size 55x21
                text run at (5,4) width 55: "Sunday"
            RenderTableCell {TD} at (94,204) size 49x29 [border: none] [r=7 c=1 rs=1 cs=1]
              RenderText {#text} at (5,4) size 40x21
                text run at (5,4) width 40: "09/17"
            RenderTableCell {TD} at (143,204) size 74x29 [r=7 c=2 rs=1 cs=1]
              RenderText {#text} at (4,4) size 46x21
                text run at (4,4) width 46: "Susan"
            RenderTableCell {TD} at (217,204) size 44x29 [r=7 c=3 rs=1 cs=1]
              RenderText {#text} at (4,4) size 27x21
                text run at (4,4) width 27: "272"
