layer at (0,0) size 800x600
  RenderView at (0,0) size 800x600
layer at (0,0) size 800x100
  RenderBlock {html} at (0,0) size 800x100
    RenderBody {body} at (8,8) size 784x84
      RenderTable {table} at (0,0) size 52x84
        RenderBlock {caption} at (0,0) size 52x84
          RenderText {#text} at (2,0) size 52x84
            text run at (2,0) width 48: "PASS:"
            text run at (2,21) width 48: "Text in"
            text run at (0,42) width 52: "caption"
            text run at (21,63) width 10: "1"
