layer at (0,0) size 800x600
  RenderView at (0,0) size 800x600
layer at (0,0) size 800x600
  RenderBlock {HTML} at (0,0) size 800x600
    RenderBody {BODY} at (8,8) size 784x584
      RenderTable {TABLE} at (0,0) size 126x114 [border: (1px outset #808080)]
        RenderTableSection {TBODY} at (1,1) size 124x112
          RenderTableRow {TR} at (0,2) size 124x53
            RenderTableCell {TD} at (2,2) size 59x53 [border: (1px inset #808080)] [r=0 c=0 rs=1 cs=1]
              RenderText {#text} at (16,16) size 27x21
                text run at (16,16) width 27: "100"
            RenderTableCell {TD} at (63,2) size 59x53 [border: (1px inset #808080)] [r=0 c=1 rs=1 cs=1]
              RenderText {#text} at (16,16) size 27x21
                text run at (16,16) width 27: "200"
          RenderTableRow {TR} at (0,57) size 124x53
            RenderTableCell {TD} at (2,57) size 59x53 [border: (1px inset #808080)] [r=1 c=0 rs=1 cs=1]
              RenderText {#text} at (16,16) size 27x21
                text run at (16,16) width 27: "300"
            RenderTableCell {TD} at (63,57) size 59x53 [border: (1px inset #808080)] [r=1 c=1 rs=1 cs=1]
              RenderText {#text} at (16,16) size 27x21
                text run at (16,16) width 27: "400"
