layer at (0,0) size 800x600
  RenderView at (0,0) size 800x600
layer at (0,0) size 800x600
  RenderBlock {HTML} at (0,0) size 800x600
    RenderBody {BODY} at (8,8) size 784x584
      RenderTable {TABLE} at (0,0) size 784x37 [bgcolor=#FF0000]
        RenderTableSection {TBODY} at (0,0) size 784x37
          RenderTableRow {TR} at (0,2) size 784x2
            RenderTableCell {TD} at (2,2) size 780x2 [r=0 c=0 rs=1 cs=1]
          RenderTableRow {TR} at (0,6) size 784x29
            RenderTableCell {TD} at (2,6) size 780x29 [r=1 c=0 rs=1 cs=1]
              RenderTable {TABLE} at (1,1) size 778x27 [bgcolor=#008000]
                RenderTableSection {TBODY} at (0,0) size 778x27
                  RenderTableRow {TR} at (0,2) size 778x23
                    RenderTableCell {TD} at (2,2) size 774x23 [r=0 c=0 rs=1 cs=1]
                      RenderText {#text} at (1,1) size 56x21
                        text run at (1,1) width 56: "Content"
