layer at (0,0) size 784x8418
  RenderView at (0,0) size 784x600
layer at (0,0) size 784x8418
  RenderBlock {HTML} at (0,0) size 784x8418
    RenderBody {BODY} at (8,8) size 768x8362
      RenderTable {TABLE} at (0,0) size 294x136
        RenderBlock {CAPTION} at (0,0) size 294x21
          RenderInline {A} at (0,0) size 251x21
            RenderText {#text} at (19,0) size 251x21
              text run at (19,0) width 251: "Frame=\x{201C}void\x{201D} and Rules=\x{201C}none\x{201D}"
          RenderInline (generated) at (0,0) size 5x21
            RenderText at (270,0) size 5x21
              text run at (270,0) width 5: ":"
        RenderTableSection {THEAD} at (0,21) size 294x23
          RenderTableRow {TR} at (0,0) size 294x23
            RenderTableCell {TD} at (0,0) size 98x23 [r=0 c=0 rs=1 cs=1]
              RenderText {#text} at (1,1) size 96x21
                text run at (1,1) width 96: "Row 1, Cell 1"
            RenderTableCell {TD} at (98,0) size 98x23 [r=0 c=1 rs=1 cs=1]
              RenderText {#text} at (1,1) size 96x21
                text run at (1,1) width 96: "Row 1, Cell 2"
            RenderTableCell {TD} at (196,0) size 98x23 [r=0 c=2 rs=1 cs=1]
              RenderText {#text} at (1,1) size 96x21
                text run at (1,1) width 96: "Row 1, Cell 3"
        RenderTableSection {TBODY} at (0,44) size 294x69
          RenderTableRow {TR} at (0,0) size 294x23
            RenderTableCell {TD} at (0,11) size 98x23 [r=0 c=0 rs=2 cs=1]
              RenderText {#text} at (1,1) size 96x21
                text run at (1,1) width 96: "Row 2, Cell 1"
            RenderTableCell {TD} at (98,0) size 196x23 [r=0 c=1 rs=1 cs=2]
              RenderText {#text} at (1,1) size 96x21
                text run at (1,1) width 96: "Row 2, Cell 2"
          RenderTableRow {TR} at (0,23) size 294x23
            RenderTableCell {TD} at (98,23) size 98x23 [r=1 c=1 rs=1 cs=1]
              RenderText {#text} at (1,1) size 96x21
                text run at (1,1) width 96: "Row 3, Cell 2"
            RenderTableCell {TD} at (196,34) size 98x23 [r=1 c=2 rs=2 cs=1]
              RenderText {#text} at (1,1) size 96x21
                text run at (1,1) width 96: "Row 3, Cell 3"
          RenderTableRow {TR} at (0,46) size 294x23
            RenderTableCell {TD} at (0,46) size 196x23 [r=2 c=0 rs=1 cs=2]
              RenderText {#text} at (1,1) size 96x21
                text run at (1,1) width 96: "Row 4, Cell 1"
        RenderTableSection {TFOOT} at (0,113) size 294x23
          RenderTableRow {TR} at (0,0) size 294x23
            RenderTableCell {TD} at (0,0) size 98x23 [r=0 c=0 rs=1 cs=1]
              RenderText {#text} at (1,1) size 96x21
                text run at (1,1) width 96: "Row 5, Cell 1"
            RenderTableCell {TD} at (98,0) size 98x23 [r=0 c=1 rs=1 cs=1]
              RenderText {#text} at (1,1) size 96x21
                text run at (1,1) width 96: "Row 5, Cell 2"
            RenderTableCell {TD} at (196,0) size 98x23 [r=0 c=2 rs=1 cs=1]
              RenderText {#text} at (1,1) size 96x21
                text run at (1,1) width 96: "Row 5, Cell 3"
      RenderTable {TABLE} at (0,184) size 294x137
        RenderBlock {CAPTION} at (0,0) size 294x21
          RenderInline {A} at (0,0) size 265x21
            RenderText {#text} at (12,0) size 265x21
              text run at (12,0) width 265: "Frame=\x{201C}above\x{201D} and Rules=\x{201C}none\x{201D}"
          RenderInline (generated) at (0,0) size 5x21
            RenderText at (277,0) size 5x21
              text run at (277,0) width 5: ":"
        RenderTableSection {THEAD} at (0,21) size 294x24
          RenderTableRow {TR} at (0,0) size 294x24
            RenderTableCell {TD} at (0,0) size 98x24 [border: (1px none #000000)] [r=0 c=0 rs=1 cs=1]
              RenderText {#text} at (1,2) size 96x21
                text run at (1,2) width 96: "Row 1, Cell 1"
            RenderTableCell {TD} at (98,0) size 98x24 [border: (1px none #000000)] [r=0 c=1 rs=1 cs=1]
              RenderText {#text} at (1,2) size 96x21
                text run at (1,2) width 96: "Row 1, Cell 2"
            RenderTableCell {TD} at (196,0) size 98x24 [border: (1px none #000000)] [r=0 c=2 rs=1 cs=1]
              RenderText {#text} at (1,2) size 96x21
                text run at (1,2) width 96: "Row 1, Cell 3"
        RenderTableSection {TBODY} at (0,45) size 294x69
          RenderTableRow {TR} at (0,0) size 294x23
            RenderTableCell {TD} at (0,11) size 98x23 [r=0 c=0 rs=2 cs=1]
              RenderText {#text} at (1,1) size 96x21
                text run at (1,1) width 96: "Row 2, Cell 1"
            RenderTableCell {TD} at (98,0) size 196x23 [r=0 c=1 rs=1 cs=2]
              RenderText {#text} at (1,1) size 96x21
                text run at (1,1) width 96: "Row 2, Cell 2"
          RenderTableRow {TR} at (0,23) size 294x23
            RenderTableCell {TD} at (98,23) size 98x23 [r=1 c=1 rs=1 cs=1]
              RenderText {#text} at (1,1) size 96x21
                text run at (1,1) width 96: "Row 3, Cell 2"
            RenderTableCell {TD} at (196,34) size 98x23 [r=1 c=2 rs=2 cs=1]
              RenderText {#text} at (1,1) size 96x21
                text run at (1,1) width 96: "Row 3, Cell 3"
          RenderTableRow {TR} at (0,46) size 294x23
            RenderTableCell {TD} at (0,46) size 196x23 [r=2 c=0 rs=1 cs=2]
              RenderText {#text} at (1,1) size 96x21
                text run at (1,1) width 96: "Row 4, Cell 1"
        RenderTableSection {TFOOT} at (0,114) size 294x23
          RenderTableRow {TR} at (0,0) size 294x23
            RenderTableCell {TD} at (0,0) size 98x23 [r=0 c=0 rs=1 cs=1]
              RenderText {#text} at (1,1) size 96x21
                text run at (1,1) width 96: "Row 5, Cell 1"
            RenderTableCell {TD} at (98,0) size 98x23 [r=0 c=1 rs=1 cs=1]
              RenderText {#text} at (1,1) size 96x21
                text run at (1,1) width 96: "Row 5, Cell 2"
            RenderTableCell {TD} at (196,0) size 98x23 [r=0 c=2 rs=1 cs=1]
              RenderText {#text} at (1,1) size 96x21
                text run at (1,1) width 96: "Row 5, Cell 3"
      RenderTable {TABLE} at (0,369) size 294x137 [border: none (1px solid #808080) none]
        RenderBlock {CAPTION} at (0,0) size 294x21
          RenderInline {A} at (0,0) size 263x21
            RenderText {#text} at (13,0) size 263x21
              text run at (13,0) width 263: "Frame=\x{201C}below\x{201D} and Rules=\x{201C}none\x{201D}"
          RenderInline (generated) at (0,0) size 5x21
            RenderText at (276,0) size 5x21
              text run at (276,0) width 5: ":"
        RenderTableSection {THEAD} at (0,21) size 294x23
          RenderTableRow {TR} at (0,0) size 294x23
            RenderTableCell {TD} at (0,0) size 98x23 [r=0 c=0 rs=1 cs=1]
              RenderText {#text} at (1,1) size 96x21
                text run at (1,1) width 96: "Row 1, Cell 1"
            RenderTableCell {TD} at (98,0) size 98x23 [r=0 c=1 rs=1 cs=1]
              RenderText {#text} at (1,1) size 96x21
                text run at (1,1) width 96: "Row 1, Cell 2"
            RenderTableCell {TD} at (196,0) size 98x23 [r=0 c=2 rs=1 cs=1]
              RenderText {#text} at (1,1) size 96x21
                text run at (1,1) width 96: "Row 1, Cell 3"
        RenderTableSection {TBODY} at (0,44) size 294x69
          RenderTableRow {TR} at (0,0) size 294x23
            RenderTableCell {TD} at (0,11) size 98x23 [r=0 c=0 rs=2 cs=1]
              RenderText {#text} at (1,1) size 96x21
                text run at (1,1) width 96: "Row 2, Cell 1"
            RenderTableCell {TD} at (98,0) size 196x23 [r=0 c=1 rs=1 cs=2]
              RenderText {#text} at (1,1) size 96x21
                text run at (1,1) width 96: "Row 2, Cell 2"
          RenderTableRow {TR} at (0,23) size 294x23
            RenderTableCell {TD} at (98,23) size 98x23 [r=1 c=1 rs=1 cs=1]
              RenderText {#text} at (1,1) size 96x21
                text run at (1,1) width 96: "Row 3, Cell 2"
            RenderTableCell {TD} at (196,34) size 98x23 [r=1 c=2 rs=2 cs=1]
              RenderText {#text} at (1,1) size 96x21
                text run at (1,1) width 96: "Row 3, Cell 3"
          RenderTableRow {TR} at (0,46) size 294x23
            RenderTableCell {TD} at (0,46) size 196x23 [r=2 c=0 rs=1 cs=2]
              RenderText {#text} at (1,1) size 96x21
                text run at (1,1) width 96: "Row 4, Cell 1"
        RenderTableSection {TFOOT} at (0,113) size 294x23
          RenderTableRow {TR} at (0,0) size 294x23
            RenderTableCell {TD} at (0,0) size 98x23 [r=0 c=0 rs=1 cs=1]
              RenderText {#text} at (1,1) size 96x21
                text run at (1,1) width 96: "Row 5, Cell 1"
            RenderTableCell {TD} at (98,0) size 98x23 [r=0 c=1 rs=1 cs=1]
              RenderText {#text} at (1,1) size 96x21
                text run at (1,1) width 96: "Row 5, Cell 2"
            RenderTableCell {TD} at (196,0) size 98x23 [r=0 c=2 rs=1 cs=1]
              RenderText {#text} at (1,1) size 96x21
                text run at (1,1) width 96: "Row 5, Cell 3"
      RenderTable {TABLE} at (0,554) size 294x138 [border: none none (1px solid #808080) none]
        RenderBlock {CAPTION} at (0,0) size 294x21
          RenderInline {A} at (0,0) size 269x21
            RenderText {#text} at (10,0) size 269x21
              text run at (10,0) width 269: "Frame=\x{201C}hsides\x{201D} and Rules=\x{201C}none\x{201D}"
          RenderInline (generated) at (0,0) size 5x21
            RenderText at (279,0) size 5x21
              text run at (279,0) width 5: ":"
        RenderTableSection {THEAD} at (0,21) size 294x24
          RenderTableRow {TR} at (0,0) size 294x24
            RenderTableCell {TD} at (0,0) size 98x24 [border: (1px none #000000)] [r=0 c=0 rs=1 cs=1]
              RenderText {#text} at (1,2) size 96x21
                text run at (1,2) width 96: "Row 1, Cell 1"
            RenderTableCell {TD} at (98,0) size 98x24 [border: (1px none #000000)] [r=0 c=1 rs=1 cs=1]
              RenderText {#text} at (1,2) size 96x21
                text run at (1,2) width 96: "Row 1, Cell 2"
            RenderTableCell {TD} at (196,0) size 98x24 [border: (1px none #000000)] [r=0 c=2 rs=1 cs=1]
              RenderText {#text} at (1,2) size 96x21
                text run at (1,2) width 96: "Row 1, Cell 3"
        RenderTableSection {TBODY} at (0,45) size 294x69
          RenderTableRow {TR} at (0,0) size 294x23
            RenderTableCell {TD} at (0,11) size 98x23 [r=0 c=0 rs=2 cs=1]
              RenderText {#text} at (1,1) size 96x21
                text run at (1,1) width 96: "Row 2, Cell 1"
            RenderTableCell {TD} at (98,0) size 196x23 [r=0 c=1 rs=1 cs=2]
              RenderText {#text} at (1,1) size 96x21
                text run at (1,1) width 96: "Row 2, Cell 2"
          RenderTableRow {TR} at (0,23) size 294x23
            RenderTableCell {TD} at (98,23) size 98x23 [r=1 c=1 rs=1 cs=1]
              RenderText {#text} at (1,1) size 96x21
                text run at (1,1) width 96: "Row 3, Cell 2"
            RenderTableCell {TD} at (196,34) size 98x23 [r=1 c=2 rs=2 cs=1]
              RenderText {#text} at (1,1) size 96x21
                text run at (1,1) width 96: "Row 3, Cell 3"
          RenderTableRow {TR} at (0,46) size 294x23
            RenderTableCell {TD} at (0,46) size 196x23 [r=2 c=0 rs=1 cs=2]
              RenderText {#text} at (1,1) size 96x21
                text run at (1,1) width 96: "Row 4, Cell 1"
        RenderTableSection {TFOOT} at (0,114) size 294x23
          RenderTableRow {TR} at (0,0) size 294x23
            RenderTableCell {TD} at (0,0) size 98x23 [r=0 c=0 rs=1 cs=1]
              RenderText {#text} at (1,1) size 96x21
                text run at (1,1) width 96: "Row 5, Cell 1"
            RenderTableCell {TD} at (98,0) size 98x23 [r=0 c=1 rs=1 cs=1]
              RenderText {#text} at (1,1) size 96x21
                text run at (1,1) width 96: "Row 5, Cell 2"
            RenderTableCell {TD} at (196,0) size 98x23 [r=0 c=2 rs=1 cs=1]
              RenderText {#text} at (1,1) size 96x21
                text run at (1,1) width 96: "Row 5, Cell 3"
      RenderTable {TABLE} at (0,740) size 296x136 [border: none (1px solid #808080) none none]
        RenderBlock {CAPTION} at (0,0) size 296x21
          RenderInline {A} at (0,0) size 269x21
            RenderText {#text} at (11,0) size 269x21
              text run at (11,0) width 269: "Frame=\x{201C}vsides\x{201D} and Rules=\x{201C}none\x{201D}"
          RenderInline (generated) at (0,0) size 6x21
            RenderText at (279,0) size 6x21
              text run at (279,0) width 6: ":"
        RenderTableSection {THEAD} at (0,21) size 295x23
          RenderTableRow {TR} at (0,0) size 295x23
            RenderTableCell {TD} at (0,0) size 99x23 [border: none] [r=0 c=0 rs=1 cs=1]
              RenderText {#text} at (2,1) size 96x21
                text run at (2,1) width 96: "Row 1, Cell 1"
            RenderTableCell {TD} at (99,0) size 98x23 [r=0 c=1 rs=1 cs=1]
              RenderText {#text} at (1,1) size 96x21
                text run at (1,1) width 96: "Row 1, Cell 2"
            RenderTableCell {TD} at (197,0) size 98x23 [r=0 c=2 rs=1 cs=1]
              RenderText {#text} at (1,1) size 96x21
                text run at (1,1) width 96: "Row 1, Cell 3"
        RenderTableSection {TBODY} at (0,44) size 295x69
          RenderTableRow {TR} at (0,0) size 295x23
            RenderTableCell {TD} at (0,11) size 99x23 [border: none] [r=0 c=0 rs=2 cs=1]
              RenderText {#text} at (2,1) size 96x21
                text run at (2,1) width 96: "Row 2, Cell 1"
            RenderTableCell {TD} at (99,0) size 196x23 [r=0 c=1 rs=1 cs=2]
              RenderText {#text} at (1,1) size 96x21
                text run at (1,1) width 96: "Row 2, Cell 2"
          RenderTableRow {TR} at (0,23) size 295x23
            RenderTableCell {TD} at (99,23) size 98x23 [r=1 c=1 rs=1 cs=1]
              RenderText {#text} at (1,1) size 96x21
                text run at (1,1) width 96: "Row 3, Cell 2"
            RenderTableCell {TD} at (197,34) size 98x23 [r=1 c=2 rs=2 cs=1]
              RenderText {#text} at (1,1) size 96x21
                text run at (1,1) width 96: "Row 3, Cell 3"
          RenderTableRow {TR} at (0,46) size 295x23
            RenderTableCell {TD} at (0,46) size 197x23 [border: none] [r=2 c=0 rs=1 cs=2]
              RenderText {#text} at (2,1) size 96x21
                text run at (2,1) width 96: "Row 4, Cell 1"
        RenderTableSection {TFOOT} at (0,113) size 295x23
          RenderTableRow {TR} at (0,0) size 295x23
            RenderTableCell {TD} at (0,0) size 99x23 [border: none] [r=0 c=0 rs=1 cs=1]
              RenderText {#text} at (2,1) size 96x21
                text run at (2,1) width 96: "Row 5, Cell 1"
            RenderTableCell {TD} at (99,0) size 98x23 [r=0 c=1 rs=1 cs=1]
              RenderText {#text} at (1,1) size 96x21
                text run at (1,1) width 96: "Row 5, Cell 2"
            RenderTableCell {TD} at (197,0) size 98x23 [r=0 c=2 rs=1 cs=1]
              RenderText {#text} at (1,1) size 96x21
                text run at (1,1) width 96: "Row 5, Cell 3"
      RenderTable {TABLE} at (0,924) size 295x136
        RenderBlock {CAPTION} at (0,0) size 295x21
          RenderInline {A} at (0,0) size 242x21
            RenderText {#text} at (24,0) size 242x21
              text run at (24,0) width 242: "Frame=\x{201C}lhs\x{201D} and Rules=\x{201C}none\x{201D}"
          RenderInline (generated) at (0,0) size 6x21
            RenderText at (265,0) size 6x21
              text run at (265,0) width 6: ":"
        RenderTableSection {THEAD} at (0,21) size 295x23
          RenderTableRow {TR} at (0,0) size 295x23
            RenderTableCell {TD} at (0,0) size 99x23 [border: none] [r=0 c=0 rs=1 cs=1]
              RenderText {#text} at (2,1) size 96x21
                text run at (2,1) width 96: "Row 1, Cell 1"
            RenderTableCell {TD} at (99,0) size 98x23 [r=0 c=1 rs=1 cs=1]
              RenderText {#text} at (1,1) size 96x21
                text run at (1,1) width 96: "Row 1, Cell 2"
            RenderTableCell {TD} at (197,0) size 98x23 [r=0 c=2 rs=1 cs=1]
              RenderText {#text} at (1,1) size 96x21
                text run at (1,1) width 96: "Row 1, Cell 3"
        RenderTableSection {TBODY} at (0,44) size 295x69
          RenderTableRow {TR} at (0,0) size 295x23
            RenderTableCell {TD} at (0,11) size 99x23 [border: none] [r=0 c=0 rs=2 cs=1]
              RenderText {#text} at (2,1) size 96x21
                text run at (2,1) width 96: "Row 2, Cell 1"
            RenderTableCell {TD} at (99,0) size 196x23 [r=0 c=1 rs=1 cs=2]
              RenderText {#text} at (1,1) size 96x21
                text run at (1,1) width 96: "Row 2, Cell 2"
          RenderTableRow {TR} at (0,23) size 295x23
            RenderTableCell {TD} at (99,23) size 98x23 [r=1 c=1 rs=1 cs=1]
              RenderText {#text} at (1,1) size 96x21
                text run at (1,1) width 96: "Row 3, Cell 2"
            RenderTableCell {TD} at (197,34) size 98x23 [r=1 c=2 rs=2 cs=1]
              RenderText {#text} at (1,1) size 96x21
                text run at (1,1) width 96: "Row 3, Cell 3"
          RenderTableRow {TR} at (0,46) size 295x23
            RenderTableCell {TD} at (0,46) size 197x23 [border: none] [r=2 c=0 rs=1 cs=2]
              RenderText {#text} at (2,1) size 96x21
                text run at (2,1) width 96: "Row 4, Cell 1"
        RenderTableSection {TFOOT} at (0,113) size 295x23
          RenderTableRow {TR} at (0,0) size 295x23
            RenderTableCell {TD} at (0,0) size 99x23 [border: none] [r=0 c=0 rs=1 cs=1]
              RenderText {#text} at (2,1) size 96x21
                text run at (2,1) width 96: "Row 5, Cell 1"
            RenderTableCell {TD} at (99,0) size 98x23 [r=0 c=1 rs=1 cs=1]
              RenderText {#text} at (1,1) size 96x21
                text run at (1,1) width 96: "Row 5, Cell 2"
            RenderTableCell {TD} at (197,0) size 98x23 [r=0 c=2 rs=1 cs=1]
              RenderText {#text} at (1,1) size 96x21
                text run at (1,1) width 96: "Row 5, Cell 3"
      RenderTable {TABLE} at (0,1108) size 295x136 [border: none (1px solid #808080) none]
        RenderBlock {CAPTION} at (0,0) size 295x21
          RenderInline {A} at (0,0) size 244x21
            RenderText {#text} at (23,0) size 244x21
              text run at (23,0) width 244: "Frame=\x{201C}rhs\x{201D} and Rules=\x{201C}none\x{201D}"
          RenderInline (generated) at (0,0) size 6x21
            RenderText at (266,0) size 6x21
              text run at (266,0) width 6: ":"
        RenderTableSection {THEAD} at (0,21) size 294x23
          RenderTableRow {TR} at (0,0) size 294x23
            RenderTableCell {TD} at (0,0) size 98x23 [r=0 c=0 rs=1 cs=1]
              RenderText {#text} at (1,1) size 96x21
                text run at (1,1) width 96: "Row 1, Cell 1"
            RenderTableCell {TD} at (98,0) size 98x23 [r=0 c=1 rs=1 cs=1]
              RenderText {#text} at (1,1) size 96x21
                text run at (1,1) width 96: "Row 1, Cell 2"
            RenderTableCell {TD} at (196,0) size 98x23 [r=0 c=2 rs=1 cs=1]
              RenderText {#text} at (1,1) size 96x21
                text run at (1,1) width 96: "Row 1, Cell 3"
        RenderTableSection {TBODY} at (0,44) size 294x69
          RenderTableRow {TR} at (0,0) size 294x23
            RenderTableCell {TD} at (0,11) size 98x23 [r=0 c=0 rs=2 cs=1]
              RenderText {#text} at (1,1) size 96x21
                text run at (1,1) width 96: "Row 2, Cell 1"
            RenderTableCell {TD} at (98,0) size 196x23 [r=0 c=1 rs=1 cs=2]
              RenderText {#text} at (1,1) size 96x21
                text run at (1,1) width 96: "Row 2, Cell 2"
          RenderTableRow {TR} at (0,23) size 294x23
            RenderTableCell {TD} at (98,23) size 98x23 [r=1 c=1 rs=1 cs=1]
              RenderText {#text} at (1,1) size 96x21
                text run at (1,1) width 96: "Row 3, Cell 2"
            RenderTableCell {TD} at (196,34) size 98x23 [r=1 c=2 rs=2 cs=1]
              RenderText {#text} at (1,1) size 96x21
                text run at (1,1) width 96: "Row 3, Cell 3"
          RenderTableRow {TR} at (0,46) size 294x23
            RenderTableCell {TD} at (0,46) size 196x23 [r=2 c=0 rs=1 cs=2]
              RenderText {#text} at (1,1) size 96x21
                text run at (1,1) width 96: "Row 4, Cell 1"
        RenderTableSection {TFOOT} at (0,113) size 294x23
          RenderTableRow {TR} at (0,0) size 294x23
            RenderTableCell {TD} at (0,0) size 98x23 [r=0 c=0 rs=1 cs=1]
              RenderText {#text} at (1,1) size 96x21
                text run at (1,1) width 96: "Row 5, Cell 1"
            RenderTableCell {TD} at (98,0) size 98x23 [r=0 c=1 rs=1 cs=1]
              RenderText {#text} at (1,1) size 96x21
                text run at (1,1) width 96: "Row 5, Cell 2"
            RenderTableCell {TD} at (196,0) size 98x23 [r=0 c=2 rs=1 cs=1]
              RenderText {#text} at (1,1) size 96x21
                text run at (1,1) width 96: "Row 5, Cell 3"
      RenderTable {TABLE} at (0,1292) size 296x138 [border: none]
        RenderBlock {CAPTION} at (0,0) size 296x21
          RenderInline {A} at (0,0) size 247x21
            RenderText {#text} at (22,0) size 247x21
              text run at (22,0) width 247: "Frame=\x{201C}box\x{201D} and Rules=\x{201C}none\x{201D}"
          RenderInline (generated) at (0,0) size 5x21
            RenderText at (269,0) size 5x21
              text run at (269,0) width 5: ":"
        RenderTableSection {THEAD} at (0,21) size 295x24
          RenderTableRow {TR} at (0,0) size 295x24
            RenderTableCell {TD} at (0,0) size 99x24 [border: (1px none #000000)] [r=0 c=0 rs=1 cs=1]
              RenderText {#text} at (2,2) size 96x21
                text run at (2,2) width 96: "Row 1, Cell 1"
            RenderTableCell {TD} at (99,0) size 98x24 [border: (1px none #000000)] [r=0 c=1 rs=1 cs=1]
              RenderText {#text} at (1,2) size 96x21
                text run at (1,2) width 96: "Row 1, Cell 2"
            RenderTableCell {TD} at (197,0) size 98x24 [border: (1px none #000000)] [r=0 c=2 rs=1 cs=1]
              RenderText {#text} at (1,2) size 96x21
                text run at (1,2) width 96: "Row 1, Cell 3"
        RenderTableSection {TBODY} at (0,45) size 295x69
          RenderTableRow {TR} at (0,0) size 295x23
            RenderTableCell {TD} at (0,11) size 99x23 [border: none] [r=0 c=0 rs=2 cs=1]
              RenderText {#text} at (2,1) size 96x21
                text run at (2,1) width 96: "Row 2, Cell 1"
            RenderTableCell {TD} at (99,0) size 196x23 [r=0 c=1 rs=1 cs=2]
              RenderText {#text} at (1,1) size 96x21
                text run at (1,1) width 96: "Row 2, Cell 2"
          RenderTableRow {TR} at (0,23) size 295x23
            RenderTableCell {TD} at (99,23) size 98x23 [r=1 c=1 rs=1 cs=1]
              RenderText {#text} at (1,1) size 96x21
                text run at (1,1) width 96: "Row 3, Cell 2"
            RenderTableCell {TD} at (197,34) size 98x23 [r=1 c=2 rs=2 cs=1]
              RenderText {#text} at (1,1) size 96x21
                text run at (1,1) width 96: "Row 3, Cell 3"
          RenderTableRow {TR} at (0,46) size 295x23
            RenderTableCell {TD} at (0,46) size 197x23 [border: none] [r=2 c=0 rs=1 cs=2]
              RenderText {#text} at (2,1) size 96x21
                text run at (2,1) width 96: "Row 4, Cell 1"
        RenderTableSection {TFOOT} at (0,114) size 295x23
          RenderTableRow {TR} at (0,0) size 295x23
            RenderTableCell {TD} at (0,0) size 99x23 [border: none] [r=0 c=0 rs=1 cs=1]
              RenderText {#text} at (2,1) size 96x21
                text run at (2,1) width 96: "Row 5, Cell 1"
            RenderTableCell {TD} at (99,0) size 98x23 [r=0 c=1 rs=1 cs=1]
              RenderText {#text} at (1,1) size 96x21
                text run at (1,1) width 96: "Row 5, Cell 2"
            RenderTableCell {TD} at (197,0) size 98x23 [r=0 c=2 rs=1 cs=1]
              RenderText {#text} at (1,1) size 96x21
                text run at (1,1) width 96: "Row 5, Cell 3"
      RenderTable {TABLE} at (0,1478) size 296x138 [border: none]
        RenderBlock {CAPTION} at (0,0) size 296x21
          RenderInline {A} at (0,0) size 269x21
            RenderText {#text} at (11,0) size 269x21
              text run at (11,0) width 269: "Frame=\x{201C}border\x{201D} and Rules=\x{201C}none\x{201D}"
          RenderInline (generated) at (0,0) size 5x21
            RenderText at (280,0) size 5x21
              text run at (280,0) width 5: ":"
        RenderTableSection {THEAD} at (0,21) size 295x24
          RenderTableRow {TR} at (0,0) size 295x24
            RenderTableCell {TD} at (0,0) size 99x24 [border: (1px none #000000)] [r=0 c=0 rs=1 cs=1]
              RenderText {#text} at (2,2) size 96x21
                text run at (2,2) width 96: "Row 1, Cell 1"
            RenderTableCell {TD} at (99,0) size 98x24 [border: (1px none #000000)] [r=0 c=1 rs=1 cs=1]
              RenderText {#text} at (1,2) size 96x21
                text run at (1,2) width 96: "Row 1, Cell 2"
            RenderTableCell {TD} at (197,0) size 98x24 [border: (1px none #000000)] [r=0 c=2 rs=1 cs=1]
              RenderText {#text} at (1,2) size 96x21
                text run at (1,2) width 96: "Row 1, Cell 3"
        RenderTableSection {TBODY} at (0,45) size 295x69
          RenderTableRow {TR} at (0,0) size 295x23
            RenderTableCell {TD} at (0,11) size 99x23 [border: none] [r=0 c=0 rs=2 cs=1]
              RenderText {#text} at (2,1) size 96x21
                text run at (2,1) width 96: "Row 2, Cell 1"
            RenderTableCell {TD} at (99,0) size 196x23 [r=0 c=1 rs=1 cs=2]
              RenderText {#text} at (1,1) size 96x21
                text run at (1,1) width 96: "Row 2, Cell 2"
          RenderTableRow {TR} at (0,23) size 295x23
            RenderTableCell {TD} at (99,23) size 98x23 [r=1 c=1 rs=1 cs=1]
              RenderText {#text} at (1,1) size 96x21
                text run at (1,1) width 96: "Row 3, Cell 2"
            RenderTableCell {TD} at (197,34) size 98x23 [r=1 c=2 rs=2 cs=1]
              RenderText {#text} at (1,1) size 96x21
                text run at (1,1) width 96: "Row 3, Cell 3"
          RenderTableRow {TR} at (0,46) size 295x23
            RenderTableCell {TD} at (0,46) size 197x23 [border: none] [r=2 c=0 rs=1 cs=2]
              RenderText {#text} at (2,1) size 96x21
                text run at (2,1) width 96: "Row 4, Cell 1"
        RenderTableSection {TFOOT} at (0,114) size 295x23
          RenderTableRow {TR} at (0,0) size 295x23
            RenderTableCell {TD} at (0,0) size 99x23 [border: none] [r=0 c=0 rs=1 cs=1]
              RenderText {#text} at (2,1) size 96x21
                text run at (2,1) width 96: "Row 5, Cell 1"
            RenderTableCell {TD} at (99,0) size 98x23 [r=0 c=1 rs=1 cs=1]
              RenderText {#text} at (1,1) size 96x21
                text run at (1,1) width 96: "Row 5, Cell 2"
            RenderTableCell {TD} at (197,0) size 98x23 [r=0 c=2 rs=1 cs=1]
              RenderText {#text} at (1,1) size 96x21
                text run at (1,1) width 96: "Row 5, Cell 3"
      RenderTable {TABLE} at (0,1664) size 294x138
        RenderBlock {CAPTION} at (0,0) size 294x21
          RenderInline {A} at (0,0) size 267x21
            RenderText {#text} at (11,0) size 267x21
              text run at (11,0) width 267: "Frame=\x{201C}void\x{201D} and Rules=\x{201C}groups\x{201D}"
          RenderInline (generated) at (0,0) size 5x21
            RenderText at (278,0) size 5x21
              text run at (278,0) width 5: ":"
        RenderTableSection {THEAD} at (0,21) size 294x23 [border: (1px solid #808080) none (1px solid #808080) none]
          RenderTableRow {TR} at (0,0) size 294x23
            RenderTableCell {TD} at (0,0) size 98x23 [r=0 c=0 rs=1 cs=1]
              RenderText {#text} at (1,1) size 96x21
                text run at (1,1) width 96: "Row 1, Cell 1"
            RenderTableCell {TD} at (98,0) size 98x23 [r=0 c=1 rs=1 cs=1]
              RenderText {#text} at (1,1) size 96x21
                text run at (1,1) width 96: "Row 1, Cell 2"
            RenderTableCell {TD} at (196,0) size 98x23 [r=0 c=2 rs=1 cs=1]
              RenderText {#text} at (1,1) size 96x21
                text run at (1,1) width 96: "Row 1, Cell 3"
        RenderTableSection {TBODY} at (0,44) size 294x70 [border: (1px solid #808080) none (1px solid #808080) none]
          RenderTableRow {TR} at (0,0) size 294x24
            RenderTableCell {TD} at (0,11) size 98x24 [border: (1px none #000000)] [r=0 c=0 rs=2 cs=1]
              RenderText {#text} at (1,2) size 96x21
                text run at (1,2) width 96: "Row 2, Cell 1"
            RenderTableCell {TD} at (98,0) size 196x24 [border: (1px none #000000)] [r=0 c=1 rs=1 cs=2]
              RenderText {#text} at (1,2) size 96x21
                text run at (1,2) width 96: "Row 2, Cell 2"
          RenderTableRow {TR} at (0,24) size 294x23
            RenderTableCell {TD} at (98,24) size 98x23 [r=1 c=1 rs=1 cs=1]
              RenderText {#text} at (1,1) size 96x21
                text run at (1,1) width 96: "Row 3, Cell 2"
            RenderTableCell {TD} at (196,35) size 98x23 [r=1 c=2 rs=2 cs=1]
              RenderText {#text} at (1,1) size 96x21
                text run at (1,1) width 96: "Row 3, Cell 3"
          RenderTableRow {TR} at (0,47) size 294x23
            RenderTableCell {TD} at (0,47) size 196x23 [r=2 c=0 rs=1 cs=2]
              RenderText {#text} at (1,1) size 96x21
                text run at (1,1) width 96: "Row 4, Cell 1"
        RenderTableSection {TFOOT} at (0,114) size 294x24 [border: (1px solid #808080) none (1px solid #808080) none]
          RenderTableRow {TR} at (0,0) size 294x24
            RenderTableCell {TD} at (0,0) size 98x24 [border: (1px none #000000)] [r=0 c=0 rs=1 cs=1]
              RenderText {#text} at (1,2) size 96x21
                text run at (1,2) width 96: "Row 5, Cell 1"
            RenderTableCell {TD} at (98,0) size 98x24 [border: (1px none #000000)] [r=0 c=1 rs=1 cs=1]
              RenderText {#text} at (1,2) size 96x21
                text run at (1,2) width 96: "Row 5, Cell 2"
            RenderTableCell {TD} at (196,0) size 98x24 [border: (1px none #000000)] [r=0 c=2 rs=1 cs=1]
              RenderText {#text} at (1,2) size 96x21
                text run at (1,2) width 96: "Row 5, Cell 3"
      RenderTable {TABLE} at (0,1850) size 294x139
        RenderBlock {CAPTION} at (0,0) size 294x21
          RenderInline {A} at (0,0) size 281x21
            RenderText {#text} at (4,0) size 281x21
              text run at (4,0) width 281: "Frame=\x{201C}above\x{201D} and Rules=\x{201C}groups\x{201D}"
          RenderInline (generated) at (0,0) size 5x21
            RenderText at (285,0) size 5x21
              text run at (285,0) width 5: ":"
        RenderTableSection {THEAD} at (0,21) size 294x24 [border: (1px solid #808080) none (1px solid #808080) none]
          RenderTableRow {TR} at (0,0) size 294x24
            RenderTableCell {TD} at (0,0) size 98x24 [border: (1px none #000000)] [r=0 c=0 rs=1 cs=1]
              RenderText {#text} at (1,2) size 96x21
                text run at (1,2) width 96: "Row 1, Cell 1"
            RenderTableCell {TD} at (98,0) size 98x24 [border: (1px none #000000)] [r=0 c=1 rs=1 cs=1]
              RenderText {#text} at (1,2) size 96x21
                text run at (1,2) width 96: "Row 1, Cell 2"
            RenderTableCell {TD} at (196,0) size 98x24 [border: (1px none #000000)] [r=0 c=2 rs=1 cs=1]
              RenderText {#text} at (1,2) size 96x21
                text run at (1,2) width 96: "Row 1, Cell 3"
        RenderTableSection {TBODY} at (0,45) size 294x70 [border: (1px solid #808080) none (1px solid #808080) none]
          RenderTableRow {TR} at (0,0) size 294x24
            RenderTableCell {TD} at (0,11) size 98x24 [border: (1px none #000000)] [r=0 c=0 rs=2 cs=1]
              RenderText {#text} at (1,2) size 96x21
                text run at (1,2) width 96: "Row 2, Cell 1"
            RenderTableCell {TD} at (98,0) size 196x24 [border: (1px none #000000)] [r=0 c=1 rs=1 cs=2]
              RenderText {#text} at (1,2) size 96x21
                text run at (1,2) width 96: "Row 2, Cell 2"
          RenderTableRow {TR} at (0,24) size 294x23
            RenderTableCell {TD} at (98,24) size 98x23 [r=1 c=1 rs=1 cs=1]
              RenderText {#text} at (1,1) size 96x21
                text run at (1,1) width 96: "Row 3, Cell 2"
            RenderTableCell {TD} at (196,35) size 98x23 [r=1 c=2 rs=2 cs=1]
              RenderText {#text} at (1,1) size 96x21
                text run at (1,1) width 96: "Row 3, Cell 3"
          RenderTableRow {TR} at (0,47) size 294x23
            RenderTableCell {TD} at (0,47) size 196x23 [r=2 c=0 rs=1 cs=2]
              RenderText {#text} at (1,1) size 96x21
                text run at (1,1) width 96: "Row 4, Cell 1"
        RenderTableSection {TFOOT} at (0,115) size 294x24 [border: (1px solid #808080) none (1px solid #808080) none]
          RenderTableRow {TR} at (0,0) size 294x24
            RenderTableCell {TD} at (0,0) size 98x24 [border: (1px none #000000)] [r=0 c=0 rs=1 cs=1]
              RenderText {#text} at (1,2) size 96x21
                text run at (1,2) width 96: "Row 5, Cell 1"
            RenderTableCell {TD} at (98,0) size 98x24 [border: (1px none #000000)] [r=0 c=1 rs=1 cs=1]
              RenderText {#text} at (1,2) size 96x21
                text run at (1,2) width 96: "Row 5, Cell 2"
            RenderTableCell {TD} at (196,0) size 98x24 [border: (1px none #000000)] [r=0 c=2 rs=1 cs=1]
              RenderText {#text} at (1,2) size 96x21
                text run at (1,2) width 96: "Row 5, Cell 3"
      RenderTable {TABLE} at (0,2037) size 294x139 [border: none (1px solid #808080) none]
        RenderBlock {CAPTION} at (0,0) size 294x21
          RenderInline {A} at (0,0) size 279x21
            RenderText {#text} at (5,0) size 279x21
              text run at (5,0) width 279: "Frame=\x{201C}below\x{201D} and Rules=\x{201C}groups\x{201D}"
          RenderInline (generated) at (0,0) size 5x21
            RenderText at (284,0) size 5x21
              text run at (284,0) width 5: ":"
        RenderTableSection {THEAD} at (0,21) size 294x23 [border: (1px solid #808080) none (1px solid #808080) none]
          RenderTableRow {TR} at (0,0) size 294x23
            RenderTableCell {TD} at (0,0) size 98x23 [r=0 c=0 rs=1 cs=1]
              RenderText {#text} at (1,1) size 96x21
                text run at (1,1) width 96: "Row 1, Cell 1"
            RenderTableCell {TD} at (98,0) size 98x23 [r=0 c=1 rs=1 cs=1]
              RenderText {#text} at (1,1) size 96x21
                text run at (1,1) width 96: "Row 1, Cell 2"
            RenderTableCell {TD} at (196,0) size 98x23 [r=0 c=2 rs=1 cs=1]
              RenderText {#text} at (1,1) size 96x21
                text run at (1,1) width 96: "Row 1, Cell 3"
        RenderTableSection {TBODY} at (0,44) size 294x70 [border: (1px solid #808080) none (1px solid #808080) none]
          RenderTableRow {TR} at (0,0) size 294x24
            RenderTableCell {TD} at (0,11) size 98x24 [border: (1px none #000000)] [r=0 c=0 rs=2 cs=1]
              RenderText {#text} at (1,2) size 96x21
                text run at (1,2) width 96: "Row 2, Cell 1"
            RenderTableCell {TD} at (98,0) size 196x24 [border: (1px none #000000)] [r=0 c=1 rs=1 cs=2]
              RenderText {#text} at (1,2) size 96x21
                text run at (1,2) width 96: "Row 2, Cell 2"
          RenderTableRow {TR} at (0,24) size 294x23
            RenderTableCell {TD} at (98,24) size 98x23 [r=1 c=1 rs=1 cs=1]
              RenderText {#text} at (1,1) size 96x21
                text run at (1,1) width 96: "Row 3, Cell 2"
            RenderTableCell {TD} at (196,35) size 98x23 [r=1 c=2 rs=2 cs=1]
              RenderText {#text} at (1,1) size 96x21
                text run at (1,1) width 96: "Row 3, Cell 3"
          RenderTableRow {TR} at (0,47) size 294x23
            RenderTableCell {TD} at (0,47) size 196x23 [r=2 c=0 rs=1 cs=2]
              RenderText {#text} at (1,1) size 96x21
                text run at (1,1) width 96: "Row 4, Cell 1"
        RenderTableSection {TFOOT} at (0,114) size 294x24 [border: (1px solid #808080) none (1px solid #808080) none]
          RenderTableRow {TR} at (0,0) size 294x24
            RenderTableCell {TD} at (0,0) size 98x24 [border: (1px none #000000)] [r=0 c=0 rs=1 cs=1]
              RenderText {#text} at (1,2) size 96x21
                text run at (1,2) width 96: "Row 5, Cell 1"
            RenderTableCell {TD} at (98,0) size 98x24 [border: (1px none #000000)] [r=0 c=1 rs=1 cs=1]
              RenderText {#text} at (1,2) size 96x21
                text run at (1,2) width 96: "Row 5, Cell 2"
            RenderTableCell {TD} at (196,0) size 98x24 [border: (1px none #000000)] [r=0 c=2 rs=1 cs=1]
              RenderText {#text} at (1,2) size 96x21
                text run at (1,2) width 96: "Row 5, Cell 3"
      RenderTable {TABLE} at (0,2224) size 294x140 [border: none none (1px solid #808080) none]
        RenderBlock {CAPTION} at (0,0) size 294x21
          RenderInline {A} at (0,0) size 285x21
            RenderText {#text} at (2,0) size 285x21
              text run at (2,0) width 285: "Frame=\x{201C}hsides\x{201D} and Rules=\x{201C}groups\x{201D}"
          RenderInline (generated) at (0,0) size 5x21
            RenderText at (287,0) size 5x21
              text run at (287,0) width 5: ":"
        RenderTableSection {THEAD} at (0,21) size 294x24 [border: (1px solid #808080) none (1px solid #808080) none]
          RenderTableRow {TR} at (0,0) size 294x24
            RenderTableCell {TD} at (0,0) size 98x24 [border: (1px none #000000)] [r=0 c=0 rs=1 cs=1]
              RenderText {#text} at (1,2) size 96x21
                text run at (1,2) width 96: "Row 1, Cell 1"
            RenderTableCell {TD} at (98,0) size 98x24 [border: (1px none #000000)] [r=0 c=1 rs=1 cs=1]
              RenderText {#text} at (1,2) size 96x21
                text run at (1,2) width 96: "Row 1, Cell 2"
            RenderTableCell {TD} at (196,0) size 98x24 [border: (1px none #000000)] [r=0 c=2 rs=1 cs=1]
              RenderText {#text} at (1,2) size 96x21
                text run at (1,2) width 96: "Row 1, Cell 3"
        RenderTableSection {TBODY} at (0,45) size 294x70 [border: (1px solid #808080) none (1px solid #808080) none]
          RenderTableRow {TR} at (0,0) size 294x24
            RenderTableCell {TD} at (0,11) size 98x24 [border: (1px none #000000)] [r=0 c=0 rs=2 cs=1]
              RenderText {#text} at (1,2) size 96x21
                text run at (1,2) width 96: "Row 2, Cell 1"
            RenderTableCell {TD} at (98,0) size 196x24 [border: (1px none #000000)] [r=0 c=1 rs=1 cs=2]
              RenderText {#text} at (1,2) size 96x21
                text run at (1,2) width 96: "Row 2, Cell 2"
          RenderTableRow {TR} at (0,24) size 294x23
            RenderTableCell {TD} at (98,24) size 98x23 [r=1 c=1 rs=1 cs=1]
              RenderText {#text} at (1,1) size 96x21
                text run at (1,1) width 96: "Row 3, Cell 2"
            RenderTableCell {TD} at (196,35) size 98x23 [r=1 c=2 rs=2 cs=1]
              RenderText {#text} at (1,1) size 96x21
                text run at (1,1) width 96: "Row 3, Cell 3"
          RenderTableRow {TR} at (0,47) size 294x23
            RenderTableCell {TD} at (0,47) size 196x23 [r=2 c=0 rs=1 cs=2]
              RenderText {#text} at (1,1) size 96x21
                text run at (1,1) width 96: "Row 4, Cell 1"
        RenderTableSection {TFOOT} at (0,115) size 294x24 [border: (1px solid #808080) none (1px solid #808080) none]
          RenderTableRow {TR} at (0,0) size 294x24
            RenderTableCell {TD} at (0,0) size 98x24 [border: (1px none #000000)] [r=0 c=0 rs=1 cs=1]
              RenderText {#text} at (1,2) size 96x21
                text run at (1,2) width 96: "Row 5, Cell 1"
            RenderTableCell {TD} at (98,0) size 98x24 [border: (1px none #000000)] [r=0 c=1 rs=1 cs=1]
              RenderText {#text} at (1,2) size 96x21
                text run at (1,2) width 96: "Row 5, Cell 2"
            RenderTableCell {TD} at (196,0) size 98x24 [border: (1px none #000000)] [r=0 c=2 rs=1 cs=1]
              RenderText {#text} at (1,2) size 96x21
                text run at (1,2) width 96: "Row 5, Cell 3"
      RenderTable {TABLE} at (0,2412) size 296x138 [border: none (1px solid #808080) none none]
        RenderBlock {CAPTION} at (0,0) size 296x21
          RenderInline {A} at (0,0) size 285x21
            RenderText {#text} at (3,0) size 285x21
              text run at (3,0) width 285: "Frame=\x{201C}vsides\x{201D} and Rules=\x{201C}groups\x{201D}"
          RenderInline (generated) at (0,0) size 6x21
            RenderText at (287,0) size 6x21
              text run at (287,0) width 6: ":"
        RenderTableSection {THEAD} at (0,21) size 295x23 [border: (1px solid #808080) none (1px solid #808080) none]
          RenderTableRow {TR} at (0,0) size 295x23
            RenderTableCell {TD} at (0,0) size 99x23 [border: none] [r=0 c=0 rs=1 cs=1]
              RenderText {#text} at (2,1) size 96x21
                text run at (2,1) width 96: "Row 1, Cell 1"
            RenderTableCell {TD} at (99,0) size 98x23 [r=0 c=1 rs=1 cs=1]
              RenderText {#text} at (1,1) size 96x21
                text run at (1,1) width 96: "Row 1, Cell 2"
            RenderTableCell {TD} at (197,0) size 98x23 [r=0 c=2 rs=1 cs=1]
              RenderText {#text} at (1,1) size 96x21
                text run at (1,1) width 96: "Row 1, Cell 3"
        RenderTableSection {TBODY} at (0,44) size 295x70 [border: (1px solid #808080) none (1px solid #808080) none]
          RenderTableRow {TR} at (0,0) size 295x24
            RenderTableCell {TD} at (0,11) size 99x24 [border: (1px none #000000)] [r=0 c=0 rs=2 cs=1]
              RenderText {#text} at (2,2) size 96x21
                text run at (2,2) width 96: "Row 2, Cell 1"
            RenderTableCell {TD} at (99,0) size 196x24 [border: (1px none #000000)] [r=0 c=1 rs=1 cs=2]
              RenderText {#text} at (1,2) size 96x21
                text run at (1,2) width 96: "Row 2, Cell 2"
          RenderTableRow {TR} at (0,24) size 295x23
            RenderTableCell {TD} at (99,24) size 98x23 [r=1 c=1 rs=1 cs=1]
              RenderText {#text} at (1,1) size 96x21
                text run at (1,1) width 96: "Row 3, Cell 2"
            RenderTableCell {TD} at (197,35) size 98x23 [r=1 c=2 rs=2 cs=1]
              RenderText {#text} at (1,1) size 96x21
                text run at (1,1) width 96: "Row 3, Cell 3"
          RenderTableRow {TR} at (0,47) size 295x23
            RenderTableCell {TD} at (0,47) size 197x23 [border: none] [r=2 c=0 rs=1 cs=2]
              RenderText {#text} at (2,1) size 96x21
                text run at (2,1) width 96: "Row 4, Cell 1"
        RenderTableSection {TFOOT} at (0,114) size 295x24 [border: (1px solid #808080) none (1px solid #808080) none]
          RenderTableRow {TR} at (0,0) size 295x24
            RenderTableCell {TD} at (0,0) size 99x24 [border: (1px none #000000)] [r=0 c=0 rs=1 cs=1]
              RenderText {#text} at (2,2) size 96x21
                text run at (2,2) width 96: "Row 5, Cell 1"
            RenderTableCell {TD} at (99,0) size 98x24 [border: (1px none #000000)] [r=0 c=1 rs=1 cs=1]
              RenderText {#text} at (1,2) size 96x21
                text run at (1,2) width 96: "Row 5, Cell 2"
            RenderTableCell {TD} at (197,0) size 98x24 [border: (1px none #000000)] [r=0 c=2 rs=1 cs=1]
              RenderText {#text} at (1,2) size 96x21
                text run at (1,2) width 96: "Row 5, Cell 3"
      RenderTable {TABLE} at (0,2598) size 295x138
        RenderBlock {CAPTION} at (0,0) size 295x21
          RenderInline {A} at (0,0) size 258x21
            RenderText {#text} at (16,0) size 258x21
              text run at (16,0) width 258: "Frame=\x{201C}lhs\x{201D} and Rules=\x{201C}groups\x{201D}"
          RenderInline (generated) at (0,0) size 6x21
            RenderText at (273,0) size 6x21
              text run at (273,0) width 6: ":"
        RenderTableSection {THEAD} at (0,21) size 295x23 [border: (1px solid #808080) none (1px solid #808080) none]
          RenderTableRow {TR} at (0,0) size 295x23
            RenderTableCell {TD} at (0,0) size 99x23 [border: none] [r=0 c=0 rs=1 cs=1]
              RenderText {#text} at (2,1) size 96x21
                text run at (2,1) width 96: "Row 1, Cell 1"
            RenderTableCell {TD} at (99,0) size 98x23 [r=0 c=1 rs=1 cs=1]
              RenderText {#text} at (1,1) size 96x21
                text run at (1,1) width 96: "Row 1, Cell 2"
            RenderTableCell {TD} at (197,0) size 98x23 [r=0 c=2 rs=1 cs=1]
              RenderText {#text} at (1,1) size 96x21
                text run at (1,1) width 96: "Row 1, Cell 3"
        RenderTableSection {TBODY} at (0,44) size 295x70 [border: (1px solid #808080) none (1px solid #808080) none]
          RenderTableRow {TR} at (0,0) size 295x24
            RenderTableCell {TD} at (0,11) size 99x24 [border: (1px none #000000)] [r=0 c=0 rs=2 cs=1]
              RenderText {#text} at (2,2) size 96x21
                text run at (2,2) width 96: "Row 2, Cell 1"
            RenderTableCell {TD} at (99,0) size 196x24 [border: (1px none #000000)] [r=0 c=1 rs=1 cs=2]
              RenderText {#text} at (1,2) size 96x21
                text run at (1,2) width 96: "Row 2, Cell 2"
          RenderTableRow {TR} at (0,24) size 295x23
            RenderTableCell {TD} at (99,24) size 98x23 [r=1 c=1 rs=1 cs=1]
              RenderText {#text} at (1,1) size 96x21
                text run at (1,1) width 96: "Row 3, Cell 2"
            RenderTableCell {TD} at (197,35) size 98x23 [r=1 c=2 rs=2 cs=1]
              RenderText {#text} at (1,1) size 96x21
                text run at (1,1) width 96: "Row 3, Cell 3"
          RenderTableRow {TR} at (0,47) size 295x23
            RenderTableCell {TD} at (0,47) size 197x23 [border: none] [r=2 c=0 rs=1 cs=2]
              RenderText {#text} at (2,1) size 96x21
                text run at (2,1) width 96: "Row 4, Cell 1"
        RenderTableSection {TFOOT} at (0,114) size 295x24 [border: (1px solid #808080) none (1px solid #808080) none]
          RenderTableRow {TR} at (0,0) size 295x24
            RenderTableCell {TD} at (0,0) size 99x24 [border: (1px none #000000)] [r=0 c=0 rs=1 cs=1]
              RenderText {#text} at (2,2) size 96x21
                text run at (2,2) width 96: "Row 5, Cell 1"
            RenderTableCell {TD} at (99,0) size 98x24 [border: (1px none #000000)] [r=0 c=1 rs=1 cs=1]
              RenderText {#text} at (1,2) size 96x21
                text run at (1,2) width 96: "Row 5, Cell 2"
            RenderTableCell {TD} at (197,0) size 98x24 [border: (1px none #000000)] [r=0 c=2 rs=1 cs=1]
              RenderText {#text} at (1,2) size 96x21
                text run at (1,2) width 96: "Row 5, Cell 3"
      RenderTable {TABLE} at (0,2784) size 295x138 [border: none (1px solid #808080) none]
        RenderBlock {CAPTION} at (0,0) size 295x21
          RenderInline {A} at (0,0) size 260x21
            RenderText {#text} at (15,0) size 260x21
              text run at (15,0) width 260: "Frame=\x{201C}rhs\x{201D} and Rules=\x{201C}groups\x{201D}"
          RenderInline (generated) at (0,0) size 6x21
            RenderText at (274,0) size 6x21
              text run at (274,0) width 6: ":"
        RenderTableSection {THEAD} at (0,21) size 294x23 [border: (1px solid #808080) none (1px solid #808080) none]
          RenderTableRow {TR} at (0,0) size 294x23
            RenderTableCell {TD} at (0,0) size 98x23 [r=0 c=0 rs=1 cs=1]
              RenderText {#text} at (1,1) size 96x21
                text run at (1,1) width 96: "Row 1, Cell 1"
            RenderTableCell {TD} at (98,0) size 98x23 [r=0 c=1 rs=1 cs=1]
              RenderText {#text} at (1,1) size 96x21
                text run at (1,1) width 96: "Row 1, Cell 2"
            RenderTableCell {TD} at (196,0) size 98x23 [r=0 c=2 rs=1 cs=1]
              RenderText {#text} at (1,1) size 96x21
                text run at (1,1) width 96: "Row 1, Cell 3"
        RenderTableSection {TBODY} at (0,44) size 294x70 [border: (1px solid #808080) none (1px solid #808080) none]
          RenderTableRow {TR} at (0,0) size 294x24
            RenderTableCell {TD} at (0,11) size 98x24 [border: (1px none #000000)] [r=0 c=0 rs=2 cs=1]
              RenderText {#text} at (1,2) size 96x21
                text run at (1,2) width 96: "Row 2, Cell 1"
            RenderTableCell {TD} at (98,0) size 196x24 [border: (1px none #000000)] [r=0 c=1 rs=1 cs=2]
              RenderText {#text} at (1,2) size 96x21
                text run at (1,2) width 96: "Row 2, Cell 2"
          RenderTableRow {TR} at (0,24) size 294x23
            RenderTableCell {TD} at (98,24) size 98x23 [r=1 c=1 rs=1 cs=1]
              RenderText {#text} at (1,1) size 96x21
                text run at (1,1) width 96: "Row 3, Cell 2"
            RenderTableCell {TD} at (196,35) size 98x23 [r=1 c=2 rs=2 cs=1]
              RenderText {#text} at (1,1) size 96x21
                text run at (1,1) width 96: "Row 3, Cell 3"
          RenderTableRow {TR} at (0,47) size 294x23
            RenderTableCell {TD} at (0,47) size 196x23 [r=2 c=0 rs=1 cs=2]
              RenderText {#text} at (1,1) size 96x21
                text run at (1,1) width 96: "Row 4, Cell 1"
        RenderTableSection {TFOOT} at (0,114) size 294x24 [border: (1px solid #808080) none (1px solid #808080) none]
          RenderTableRow {TR} at (0,0) size 294x24
            RenderTableCell {TD} at (0,0) size 98x24 [border: (1px none #000000)] [r=0 c=0 rs=1 cs=1]
              RenderText {#text} at (1,2) size 96x21
                text run at (1,2) width 96: "Row 5, Cell 1"
            RenderTableCell {TD} at (98,0) size 98x24 [border: (1px none #000000)] [r=0 c=1 rs=1 cs=1]
              RenderText {#text} at (1,2) size 96x21
                text run at (1,2) width 96: "Row 5, Cell 2"
            RenderTableCell {TD} at (196,0) size 98x24 [border: (1px none #000000)] [r=0 c=2 rs=1 cs=1]
              RenderText {#text} at (1,2) size 96x21
                text run at (1,2) width 96: "Row 5, Cell 3"
      RenderTable {TABLE} at (0,2970) size 296x140 [border: none]
        RenderBlock {CAPTION} at (0,0) size 296x21
          RenderInline {A} at (0,0) size 263x21
            RenderText {#text} at (14,0) size 263x21
              text run at (14,0) width 263: "Frame=\x{201C}box\x{201D} and Rules=\x{201C}groups\x{201D}"
          RenderInline (generated) at (0,0) size 5x21
            RenderText at (277,0) size 5x21
              text run at (277,0) width 5: ":"
        RenderTableSection {THEAD} at (0,21) size 295x24 [border: (1px solid #808080) none (1px solid #808080) none]
          RenderTableRow {TR} at (0,0) size 295x24
            RenderTableCell {TD} at (0,0) size 99x24 [border: (1px none #000000)] [r=0 c=0 rs=1 cs=1]
              RenderText {#text} at (2,2) size 96x21
                text run at (2,2) width 96: "Row 1, Cell 1"
            RenderTableCell {TD} at (99,0) size 98x24 [border: (1px none #000000)] [r=0 c=1 rs=1 cs=1]
              RenderText {#text} at (1,2) size 96x21
                text run at (1,2) width 96: "Row 1, Cell 2"
            RenderTableCell {TD} at (197,0) size 98x24 [border: (1px none #000000)] [r=0 c=2 rs=1 cs=1]
              RenderText {#text} at (1,2) size 96x21
                text run at (1,2) width 96: "Row 1, Cell 3"
        RenderTableSection {TBODY} at (0,45) size 295x70 [border: (1px solid #808080) none (1px solid #808080) none]
          RenderTableRow {TR} at (0,0) size 295x24
            RenderTableCell {TD} at (0,11) size 99x24 [border: (1px none #000000)] [r=0 c=0 rs=2 cs=1]
              RenderText {#text} at (2,2) size 96x21
                text run at (2,2) width 96: "Row 2, Cell 1"
            RenderTableCell {TD} at (99,0) size 196x24 [border: (1px none #000000)] [r=0 c=1 rs=1 cs=2]
              RenderText {#text} at (1,2) size 96x21
                text run at (1,2) width 96: "Row 2, Cell 2"
          RenderTableRow {TR} at (0,24) size 295x23
            RenderTableCell {TD} at (99,24) size 98x23 [r=1 c=1 rs=1 cs=1]
              RenderText {#text} at (1,1) size 96x21
                text run at (1,1) width 96: "Row 3, Cell 2"
            RenderTableCell {TD} at (197,35) size 98x23 [r=1 c=2 rs=2 cs=1]
              RenderText {#text} at (1,1) size 96x21
                text run at (1,1) width 96: "Row 3, Cell 3"
          RenderTableRow {TR} at (0,47) size 295x23
            RenderTableCell {TD} at (0,47) size 197x23 [border: none] [r=2 c=0 rs=1 cs=2]
              RenderText {#text} at (2,1) size 96x21
                text run at (2,1) width 96: "Row 4, Cell 1"
        RenderTableSection {TFOOT} at (0,115) size 295x24 [border: (1px solid #808080) none (1px solid #808080) none]
          RenderTableRow {TR} at (0,0) size 295x24
            RenderTableCell {TD} at (0,0) size 99x24 [border: (1px none #000000)] [r=0 c=0 rs=1 cs=1]
              RenderText {#text} at (2,2) size 96x21
                text run at (2,2) width 96: "Row 5, Cell 1"
            RenderTableCell {TD} at (99,0) size 98x24 [border: (1px none #000000)] [r=0 c=1 rs=1 cs=1]
              RenderText {#text} at (1,2) size 96x21
                text run at (1,2) width 96: "Row 5, Cell 2"
            RenderTableCell {TD} at (197,0) size 98x24 [border: (1px none #000000)] [r=0 c=2 rs=1 cs=1]
              RenderText {#text} at (1,2) size 96x21
                text run at (1,2) width 96: "Row 5, Cell 3"
      RenderTable {TABLE} at (0,3158) size 296x140 [border: none]
        RenderBlock {CAPTION} at (0,0) size 296x21
          RenderInline {A} at (0,0) size 285x21
            RenderText {#text} at (3,0) size 285x21
              text run at (3,0) width 285: "Frame=\x{201C}border\x{201D} and Rules=\x{201C}groups\x{201D}"
          RenderInline (generated) at (0,0) size 5x21
            RenderText at (288,0) size 5x21
              text run at (288,0) width 5: ":"
        RenderTableSection {THEAD} at (0,21) size 295x24 [border: (1px solid #808080) none (1px solid #808080) none]
          RenderTableRow {TR} at (0,0) size 295x24
            RenderTableCell {TD} at (0,0) size 99x24 [border: (1px none #000000)] [r=0 c=0 rs=1 cs=1]
              RenderText {#text} at (2,2) size 96x21
                text run at (2,2) width 96: "Row 1, Cell 1"
            RenderTableCell {TD} at (99,0) size 98x24 [border: (1px none #000000)] [r=0 c=1 rs=1 cs=1]
              RenderText {#text} at (1,2) size 96x21
                text run at (1,2) width 96: "Row 1, Cell 2"
            RenderTableCell {TD} at (197,0) size 98x24 [border: (1px none #000000)] [r=0 c=2 rs=1 cs=1]
              RenderText {#text} at (1,2) size 96x21
                text run at (1,2) width 96: "Row 1, Cell 3"
        RenderTableSection {TBODY} at (0,45) size 295x70 [border: (1px solid #808080) none (1px solid #808080) none]
          RenderTableRow {TR} at (0,0) size 295x24
            RenderTableCell {TD} at (0,11) size 99x24 [border: (1px none #000000)] [r=0 c=0 rs=2 cs=1]
              RenderText {#text} at (2,2) size 96x21
                text run at (2,2) width 96: "Row 2, Cell 1"
            RenderTableCell {TD} at (99,0) size 196x24 [border: (1px none #000000)] [r=0 c=1 rs=1 cs=2]
              RenderText {#text} at (1,2) size 96x21
                text run at (1,2) width 96: "Row 2, Cell 2"
          RenderTableRow {TR} at (0,24) size 295x23
            RenderTableCell {TD} at (99,24) size 98x23 [r=1 c=1 rs=1 cs=1]
              RenderText {#text} at (1,1) size 96x21
                text run at (1,1) width 96: "Row 3, Cell 2"
            RenderTableCell {TD} at (197,35) size 98x23 [r=1 c=2 rs=2 cs=1]
              RenderText {#text} at (1,1) size 96x21
                text run at (1,1) width 96: "Row 3, Cell 3"
          RenderTableRow {TR} at (0,47) size 295x23
            RenderTableCell {TD} at (0,47) size 197x23 [border: none] [r=2 c=0 rs=1 cs=2]
              RenderText {#text} at (2,1) size 96x21
                text run at (2,1) width 96: "Row 4, Cell 1"
        RenderTableSection {TFOOT} at (0,115) size 295x24 [border: (1px solid #808080) none (1px solid #808080) none]
          RenderTableRow {TR} at (0,0) size 295x24
            RenderTableCell {TD} at (0,0) size 99x24 [border: (1px none #000000)] [r=0 c=0 rs=1 cs=1]
              RenderText {#text} at (2,2) size 96x21
                text run at (2,2) width 96: "Row 5, Cell 1"
            RenderTableCell {TD} at (99,0) size 98x24 [border: (1px none #000000)] [r=0 c=1 rs=1 cs=1]
              RenderText {#text} at (1,2) size 96x21
                text run at (1,2) width 96: "Row 5, Cell 2"
            RenderTableCell {TD} at (197,0) size 98x24 [border: (1px none #000000)] [r=0 c=2 rs=1 cs=1]
              RenderText {#text} at (1,2) size 96x21
                text run at (1,2) width 96: "Row 5, Cell 3"
      RenderTable {TABLE} at (0,3346) size 294x140
        RenderBlock {CAPTION} at (0,0) size 294x21
          RenderInline {A} at (0,0) size 249x21
            RenderText {#text} at (20,0) size 249x21
              text run at (20,0) width 249: "Frame=\x{201C}void\x{201D} and Rules=\x{201C}rows\x{201D}"
          RenderInline (generated) at (0,0) size 5x21
            RenderText at (269,0) size 5x21
              text run at (269,0) width 5: ":"
        RenderTableSection {THEAD} at (0,21) size 294x23
          RenderTableRow {TR} at (0,0) size 294x23
            RenderTableCell {TD} at (0,0) size 98x23 [r=0 c=0 rs=1 cs=1]
              RenderText {#text} at (1,1) size 96x21
                text run at (1,1) width 96: "Row 1, Cell 1"
            RenderTableCell {TD} at (98,0) size 98x23 [r=0 c=1 rs=1 cs=1]
              RenderText {#text} at (1,1) size 96x21
                text run at (1,1) width 96: "Row 1, Cell 2"
            RenderTableCell {TD} at (196,0) size 98x23 [r=0 c=2 rs=1 cs=1]
              RenderText {#text} at (1,1) size 96x21
                text run at (1,1) width 96: "Row 1, Cell 3"
        RenderTableSection {TBODY} at (0,44) size 294x72
          RenderTableRow {TR} at (0,0) size 294x24
            RenderTableCell {TD} at (0,12) size 98x24 [border: (1px solid #808080) none none none] [r=0 c=0 rs=2 cs=1]
              RenderText {#text} at (1,2) size 96x21
                text run at (1,2) width 96: "Row 2, Cell 1"
            RenderTableCell {TD} at (98,0) size 196x24 [border: (1px solid #808080) none none none] [r=0 c=1 rs=1 cs=2]
              RenderText {#text} at (1,2) size 96x21
                text run at (1,2) width 96: "Row 2, Cell 2"
          RenderTableRow {TR} at (0,24) size 294x24
            RenderTableCell {TD} at (98,24) size 98x24 [border: (1px solid #808080) none none none] [r=1 c=1 rs=1 cs=1]
              RenderText {#text} at (1,2) size 96x21
                text run at (1,2) width 96: "Row 3, Cell 2"
            RenderTableCell {TD} at (196,36) size 98x24 [border: (1px solid #808080) none none none] [r=1 c=2 rs=2 cs=1]
              RenderText {#text} at (1,2) size 96x21
                text run at (1,2) width 96: "Row 3, Cell 3"
          RenderTableRow {TR} at (0,48) size 294x24
            RenderTableCell {TD} at (0,48) size 196x24 [border: (1px solid #808080) none none none] [r=2 c=0 rs=1 cs=2]
              RenderText {#text} at (1,2) size 96x21
                text run at (1,2) width 96: "Row 4, Cell 1"
        RenderTableSection {TFOOT} at (0,116) size 294x24
          RenderTableRow {TR} at (0,0) size 294x24
            RenderTableCell {TD} at (0,0) size 98x24 [border: (1px solid #808080) none none none] [r=0 c=0 rs=1 cs=1]
              RenderText {#text} at (1,2) size 96x21
                text run at (1,2) width 96: "Row 5, Cell 1"
            RenderTableCell {TD} at (98,0) size 98x24 [border: (1px solid #808080) none none none] [r=0 c=1 rs=1 cs=1]
              RenderText {#text} at (1,2) size 96x21
                text run at (1,2) width 96: "Row 5, Cell 2"
            RenderTableCell {TD} at (196,0) size 98x24 [border: (1px solid #808080) none none none] [r=0 c=2 rs=1 cs=1]
              RenderText {#text} at (1,2) size 96x21
                text run at (1,2) width 96: "Row 5, Cell 3"
      RenderTable {TABLE} at (0,3534) size 294x141
        RenderBlock {CAPTION} at (0,0) size 294x21
          RenderInline {A} at (0,0) size 263x21
            RenderText {#text} at (13,0) size 263x21
              text run at (13,0) width 263: "Frame=\x{201C}above\x{201D} and Rules=\x{201C}rows\x{201D}"
          RenderInline (generated) at (0,0) size 5x21
            RenderText at (276,0) size 5x21
              text run at (276,0) width 5: ":"
        RenderTableSection {THEAD} at (0,21) size 294x24
          RenderTableRow {TR} at (0,0) size 294x24
            RenderTableCell {TD} at (0,0) size 98x24 [border: (1px solid #808080) none none none] [r=0 c=0 rs=1 cs=1]
              RenderText {#text} at (1,2) size 96x21
                text run at (1,2) width 96: "Row 1, Cell 1"
            RenderTableCell {TD} at (98,0) size 98x24 [border: (1px solid #808080) none none none] [r=0 c=1 rs=1 cs=1]
              RenderText {#text} at (1,2) size 96x21
                text run at (1,2) width 96: "Row 1, Cell 2"
            RenderTableCell {TD} at (196,0) size 98x24 [border: (1px solid #808080) none none none] [r=0 c=2 rs=1 cs=1]
              RenderText {#text} at (1,2) size 96x21
                text run at (1,2) width 96: "Row 1, Cell 3"
        RenderTableSection {TBODY} at (0,45) size 294x72
          RenderTableRow {TR} at (0,0) size 294x24
            RenderTableCell {TD} at (0,12) size 98x24 [border: (1px solid #808080) none none none] [r=0 c=0 rs=2 cs=1]
              RenderText {#text} at (1,2) size 96x21
                text run at (1,2) width 96: "Row 2, Cell 1"
            RenderTableCell {TD} at (98,0) size 196x24 [border: (1px solid #808080) none none none] [r=0 c=1 rs=1 cs=2]
              RenderText {#text} at (1,2) size 96x21
                text run at (1,2) width 96: "Row 2, Cell 2"
          RenderTableRow {TR} at (0,24) size 294x24
            RenderTableCell {TD} at (98,24) size 98x24 [border: (1px solid #808080) none none none] [r=1 c=1 rs=1 cs=1]
              RenderText {#text} at (1,2) size 96x21
                text run at (1,2) width 96: "Row 3, Cell 2"
            RenderTableCell {TD} at (196,36) size 98x24 [border: (1px solid #808080) none none none] [r=1 c=2 rs=2 cs=1]
              RenderText {#text} at (1,2) size 96x21
                text run at (1,2) width 96: "Row 3, Cell 3"
          RenderTableRow {TR} at (0,48) size 294x24
            RenderTableCell {TD} at (0,48) size 196x24 [border: (1px solid #808080) none none none] [r=2 c=0 rs=1 cs=2]
              RenderText {#text} at (1,2) size 96x21
                text run at (1,2) width 96: "Row 4, Cell 1"
        RenderTableSection {TFOOT} at (0,117) size 294x24
          RenderTableRow {TR} at (0,0) size 294x24
            RenderTableCell {TD} at (0,0) size 98x24 [border: (1px solid #808080) none none none] [r=0 c=0 rs=1 cs=1]
              RenderText {#text} at (1,2) size 96x21
                text run at (1,2) width 96: "Row 5, Cell 1"
            RenderTableCell {TD} at (98,0) size 98x24 [border: (1px solid #808080) none none none] [r=0 c=1 rs=1 cs=1]
              RenderText {#text} at (1,2) size 96x21
                text run at (1,2) width 96: "Row 5, Cell 2"
            RenderTableCell {TD} at (196,0) size 98x24 [border: (1px solid #808080) none none none] [r=0 c=2 rs=1 cs=1]
              RenderText {#text} at (1,2) size 96x21
                text run at (1,2) width 96: "Row 5, Cell 3"
      RenderTable {TABLE} at (0,3723) size 294x141 [border: none (1px solid #808080) none]
        RenderBlock {CAPTION} at (0,0) size 294x21
          RenderInline {A} at (0,0) size 261x21
            RenderText {#text} at (14,0) size 261x21
              text run at (14,0) width 261: "Frame=\x{201C}below\x{201D} and Rules=\x{201C}rows\x{201D}"
          RenderInline (generated) at (0,0) size 5x21
            RenderText at (275,0) size 5x21
              text run at (275,0) width 5: ":"
        RenderTableSection {THEAD} at (0,21) size 294x23
          RenderTableRow {TR} at (0,0) size 294x23
            RenderTableCell {TD} at (0,0) size 98x23 [r=0 c=0 rs=1 cs=1]
              RenderText {#text} at (1,1) size 96x21
                text run at (1,1) width 96: "Row 1, Cell 1"
            RenderTableCell {TD} at (98,0) size 98x23 [r=0 c=1 rs=1 cs=1]
              RenderText {#text} at (1,1) size 96x21
                text run at (1,1) width 96: "Row 1, Cell 2"
            RenderTableCell {TD} at (196,0) size 98x23 [r=0 c=2 rs=1 cs=1]
              RenderText {#text} at (1,1) size 96x21
                text run at (1,1) width 96: "Row 1, Cell 3"
        RenderTableSection {TBODY} at (0,44) size 294x72
          RenderTableRow {TR} at (0,0) size 294x24
            RenderTableCell {TD} at (0,12) size 98x24 [border: (1px solid #808080) none none none] [r=0 c=0 rs=2 cs=1]
              RenderText {#text} at (1,2) size 96x21
                text run at (1,2) width 96: "Row 2, Cell 1"
            RenderTableCell {TD} at (98,0) size 196x24 [border: (1px solid #808080) none none none] [r=0 c=1 rs=1 cs=2]
              RenderText {#text} at (1,2) size 96x21
                text run at (1,2) width 96: "Row 2, Cell 2"
          RenderTableRow {TR} at (0,24) size 294x24
            RenderTableCell {TD} at (98,24) size 98x24 [border: (1px solid #808080) none none none] [r=1 c=1 rs=1 cs=1]
              RenderText {#text} at (1,2) size 96x21
                text run at (1,2) width 96: "Row 3, Cell 2"
            RenderTableCell {TD} at (196,36) size 98x24 [border: (1px solid #808080) none none none] [r=1 c=2 rs=2 cs=1]
              RenderText {#text} at (1,2) size 96x21
                text run at (1,2) width 96: "Row 3, Cell 3"
          RenderTableRow {TR} at (0,48) size 294x24
            RenderTableCell {TD} at (0,48) size 196x24 [border: (1px solid #808080) none none none] [r=2 c=0 rs=1 cs=2]
              RenderText {#text} at (1,2) size 96x21
                text run at (1,2) width 96: "Row 4, Cell 1"
        RenderTableSection {TFOOT} at (0,116) size 294x24
          RenderTableRow {TR} at (0,0) size 294x24
            RenderTableCell {TD} at (0,0) size 98x24 [border: (1px solid #808080) none none none] [r=0 c=0 rs=1 cs=1]
              RenderText {#text} at (1,2) size 96x21
                text run at (1,2) width 96: "Row 5, Cell 1"
            RenderTableCell {TD} at (98,0) size 98x24 [border: (1px solid #808080) none none none] [r=0 c=1 rs=1 cs=1]
              RenderText {#text} at (1,2) size 96x21
                text run at (1,2) width 96: "Row 5, Cell 2"
            RenderTableCell {TD} at (196,0) size 98x24 [border: (1px solid #808080) none none none] [r=0 c=2 rs=1 cs=1]
              RenderText {#text} at (1,2) size 96x21
                text run at (1,2) width 96: "Row 5, Cell 3"
      RenderTable {TABLE} at (0,3912) size 294x142 [border: none none (1px solid #808080) none]
        RenderBlock {CAPTION} at (0,0) size 294x21
          RenderInline {A} at (0,0) size 267x21
            RenderText {#text} at (11,0) size 267x21
              text run at (11,0) width 267: "Frame=\x{201C}hsides\x{201D} and Rules=\x{201C}rows\x{201D}"
          RenderInline (generated) at (0,0) size 5x21
            RenderText at (278,0) size 5x21
              text run at (278,0) width 5: ":"
        RenderTableSection {THEAD} at (0,21) size 294x24
          RenderTableRow {TR} at (0,0) size 294x24
            RenderTableCell {TD} at (0,0) size 98x24 [border: (1px solid #808080) none none none] [r=0 c=0 rs=1 cs=1]
              RenderText {#text} at (1,2) size 96x21
                text run at (1,2) width 96: "Row 1, Cell 1"
            RenderTableCell {TD} at (98,0) size 98x24 [border: (1px solid #808080) none none none] [r=0 c=1 rs=1 cs=1]
              RenderText {#text} at (1,2) size 96x21
                text run at (1,2) width 96: "Row 1, Cell 2"
            RenderTableCell {TD} at (196,0) size 98x24 [border: (1px solid #808080) none none none] [r=0 c=2 rs=1 cs=1]
              RenderText {#text} at (1,2) size 96x21
                text run at (1,2) width 96: "Row 1, Cell 3"
        RenderTableSection {TBODY} at (0,45) size 294x72
          RenderTableRow {TR} at (0,0) size 294x24
            RenderTableCell {TD} at (0,12) size 98x24 [border: (1px solid #808080) none none none] [r=0 c=0 rs=2 cs=1]
              RenderText {#text} at (1,2) size 96x21
                text run at (1,2) width 96: "Row 2, Cell 1"
            RenderTableCell {TD} at (98,0) size 196x24 [border: (1px solid #808080) none none none] [r=0 c=1 rs=1 cs=2]
              RenderText {#text} at (1,2) size 96x21
                text run at (1,2) width 96: "Row 2, Cell 2"
          RenderTableRow {TR} at (0,24) size 294x24
            RenderTableCell {TD} at (98,24) size 98x24 [border: (1px solid #808080) none none none] [r=1 c=1 rs=1 cs=1]
              RenderText {#text} at (1,2) size 96x21
                text run at (1,2) width 96: "Row 3, Cell 2"
            RenderTableCell {TD} at (196,36) size 98x24 [border: (1px solid #808080) none none none] [r=1 c=2 rs=2 cs=1]
              RenderText {#text} at (1,2) size 96x21
                text run at (1,2) width 96: "Row 3, Cell 3"
          RenderTableRow {TR} at (0,48) size 294x24
            RenderTableCell {TD} at (0,48) size 196x24 [border: (1px solid #808080) none none none] [r=2 c=0 rs=1 cs=2]
              RenderText {#text} at (1,2) size 96x21
                text run at (1,2) width 96: "Row 4, Cell 1"
        RenderTableSection {TFOOT} at (0,117) size 294x24
          RenderTableRow {TR} at (0,0) size 294x24
            RenderTableCell {TD} at (0,0) size 98x24 [border: (1px solid #808080) none none none] [r=0 c=0 rs=1 cs=1]
              RenderText {#text} at (1,2) size 96x21
                text run at (1,2) width 96: "Row 5, Cell 1"
            RenderTableCell {TD} at (98,0) size 98x24 [border: (1px solid #808080) none none none] [r=0 c=1 rs=1 cs=1]
              RenderText {#text} at (1,2) size 96x21
                text run at (1,2) width 96: "Row 5, Cell 2"
            RenderTableCell {TD} at (196,0) size 98x24 [border: (1px solid #808080) none none none] [r=0 c=2 rs=1 cs=1]
              RenderText {#text} at (1,2) size 96x21
                text run at (1,2) width 96: "Row 5, Cell 3"
      RenderTable {TABLE} at (0,4102) size 296x140 [border: none (1px solid #808080) none none]
        RenderBlock {CAPTION} at (0,0) size 296x21
          RenderInline {A} at (0,0) size 267x21
            RenderText {#text} at (12,0) size 267x21
              text run at (12,0) width 267: "Frame=\x{201C}vsides\x{201D} and Rules=\x{201C}rows\x{201D}"
          RenderInline (generated) at (0,0) size 6x21
            RenderText at (278,0) size 6x21
              text run at (278,0) width 6: ":"
        RenderTableSection {THEAD} at (0,21) size 295x23
          RenderTableRow {TR} at (0,0) size 295x23
            RenderTableCell {TD} at (0,0) size 99x23 [border: none none none (1px none #808080)] [r=0 c=0 rs=1 cs=1]
              RenderText {#text} at (2,1) size 96x21
                text run at (2,1) width 96: "Row 1, Cell 1"
            RenderTableCell {TD} at (99,0) size 98x23 [r=0 c=1 rs=1 cs=1]
              RenderText {#text} at (1,1) size 96x21
                text run at (1,1) width 96: "Row 1, Cell 2"
            RenderTableCell {TD} at (197,0) size 98x23 [r=0 c=2 rs=1 cs=1]
              RenderText {#text} at (1,1) size 96x21
                text run at (1,1) width 96: "Row 1, Cell 3"
        RenderTableSection {TBODY} at (0,44) size 295x72
          RenderTableRow {TR} at (0,0) size 295x24
            RenderTableCell {TD} at (0,12) size 99x24 [border: (1px solid #808080) none none (1px none #808080)] [r=0 c=0 rs=2 cs=1]
              RenderText {#text} at (2,2) size 96x21
                text run at (2,2) width 96: "Row 2, Cell 1"
            RenderTableCell {TD} at (99,0) size 196x24 [border: (1px solid #808080) none none none] [r=0 c=1 rs=1 cs=2]
              RenderText {#text} at (1,2) size 96x21
                text run at (1,2) width 96: "Row 2, Cell 2"
          RenderTableRow {TR} at (0,24) size 295x24
            RenderTableCell {TD} at (99,24) size 98x24 [border: (1px solid #808080) none none none] [r=1 c=1 rs=1 cs=1]
              RenderText {#text} at (1,2) size 96x21
                text run at (1,2) width 96: "Row 3, Cell 2"
            RenderTableCell {TD} at (197,36) size 98x24 [border: (1px solid #808080) none none none] [r=1 c=2 rs=2 cs=1]
              RenderText {#text} at (1,2) size 96x21
                text run at (1,2) width 96: "Row 3, Cell 3"
          RenderTableRow {TR} at (0,48) size 295x24
            RenderTableCell {TD} at (0,48) size 197x24 [border: (1px solid #808080) none none (1px none #808080)] [r=2 c=0 rs=1 cs=2]
              RenderText {#text} at (2,2) size 96x21
                text run at (2,2) width 96: "Row 4, Cell 1"
        RenderTableSection {TFOOT} at (0,116) size 295x24
          RenderTableRow {TR} at (0,0) size 295x24
            RenderTableCell {TD} at (0,0) size 99x24 [border: (1px solid #808080) none none (1px none #808080)] [r=0 c=0 rs=1 cs=1]
              RenderText {#text} at (2,2) size 96x21
                text run at (2,2) width 96: "Row 5, Cell 1"
            RenderTableCell {TD} at (99,0) size 98x24 [border: (1px solid #808080) none none none] [r=0 c=1 rs=1 cs=1]
              RenderText {#text} at (1,2) size 96x21
                text run at (1,2) width 96: "Row 5, Cell 2"
            RenderTableCell {TD} at (197,0) size 98x24 [border: (1px solid #808080) none none none] [r=0 c=2 rs=1 cs=1]
              RenderText {#text} at (1,2) size 96x21
                text run at (1,2) width 96: "Row 5, Cell 3"
      RenderTable {TABLE} at (0,4290) size 295x140
        RenderBlock {CAPTION} at (0,0) size 295x21
          RenderInline {A} at (0,0) size 240x21
            RenderText {#text} at (25,0) size 240x21
              text run at (25,0) width 240: "Frame=\x{201C}lhs\x{201D} and Rules=\x{201C}rows\x{201D}"
          RenderInline (generated) at (0,0) size 6x21
            RenderText at (264,0) size 6x21
              text run at (264,0) width 6: ":"
        RenderTableSection {THEAD} at (0,21) size 295x23
          RenderTableRow {TR} at (0,0) size 295x23
            RenderTableCell {TD} at (0,0) size 99x23 [border: none none none (1px none #808080)] [r=0 c=0 rs=1 cs=1]
              RenderText {#text} at (2,1) size 96x21
                text run at (2,1) width 96: "Row 1, Cell 1"
            RenderTableCell {TD} at (99,0) size 98x23 [r=0 c=1 rs=1 cs=1]
              RenderText {#text} at (1,1) size 96x21
                text run at (1,1) width 96: "Row 1, Cell 2"
            RenderTableCell {TD} at (197,0) size 98x23 [r=0 c=2 rs=1 cs=1]
              RenderText {#text} at (1,1) size 96x21
                text run at (1,1) width 96: "Row 1, Cell 3"
        RenderTableSection {TBODY} at (0,44) size 295x72
          RenderTableRow {TR} at (0,0) size 295x24
            RenderTableCell {TD} at (0,12) size 99x24 [border: (1px solid #808080) none none (1px none #808080)] [r=0 c=0 rs=2 cs=1]
              RenderText {#text} at (2,2) size 96x21
                text run at (2,2) width 96: "Row 2, Cell 1"
            RenderTableCell {TD} at (99,0) size 196x24 [border: (1px solid #808080) none none none] [r=0 c=1 rs=1 cs=2]
              RenderText {#text} at (1,2) size 96x21
                text run at (1,2) width 96: "Row 2, Cell 2"
          RenderTableRow {TR} at (0,24) size 295x24
            RenderTableCell {TD} at (99,24) size 98x24 [border: (1px solid #808080) none none none] [r=1 c=1 rs=1 cs=1]
              RenderText {#text} at (1,2) size 96x21
                text run at (1,2) width 96: "Row 3, Cell 2"
            RenderTableCell {TD} at (197,36) size 98x24 [border: (1px solid #808080) none none none] [r=1 c=2 rs=2 cs=1]
              RenderText {#text} at (1,2) size 96x21
                text run at (1,2) width 96: "Row 3, Cell 3"
          RenderTableRow {TR} at (0,48) size 295x24
            RenderTableCell {TD} at (0,48) size 197x24 [border: (1px solid #808080) none none (1px none #808080)] [r=2 c=0 rs=1 cs=2]
              RenderText {#text} at (2,2) size 96x21
                text run at (2,2) width 96: "Row 4, Cell 1"
        RenderTableSection {TFOOT} at (0,116) size 295x24
          RenderTableRow {TR} at (0,0) size 295x24
            RenderTableCell {TD} at (0,0) size 99x24 [border: (1px solid #808080) none none (1px none #808080)] [r=0 c=0 rs=1 cs=1]
              RenderText {#text} at (2,2) size 96x21
                text run at (2,2) width 96: "Row 5, Cell 1"
            RenderTableCell {TD} at (99,0) size 98x24 [border: (1px solid #808080) none none none] [r=0 c=1 rs=1 cs=1]
              RenderText {#text} at (1,2) size 96x21
                text run at (1,2) width 96: "Row 5, Cell 2"
            RenderTableCell {TD} at (197,0) size 98x24 [border: (1px solid #808080) none none none] [r=0 c=2 rs=1 cs=1]
              RenderText {#text} at (1,2) size 96x21
                text run at (1,2) width 96: "Row 5, Cell 3"
      RenderTable {TABLE} at (0,4478) size 295x140 [border: none (1px solid #808080) none]
        RenderBlock {CAPTION} at (0,0) size 295x21
          RenderInline {A} at (0,0) size 242x21
            RenderText {#text} at (24,0) size 242x21
              text run at (24,0) width 242: "Frame=\x{201C}rhs\x{201D} and Rules=\x{201C}rows\x{201D}"
          RenderInline (generated) at (0,0) size 6x21
            RenderText at (265,0) size 6x21
              text run at (265,0) width 6: ":"
        RenderTableSection {THEAD} at (0,21) size 294x23
          RenderTableRow {TR} at (0,0) size 294x23
            RenderTableCell {TD} at (0,0) size 98x23 [r=0 c=0 rs=1 cs=1]
              RenderText {#text} at (1,1) size 96x21
                text run at (1,1) width 96: "Row 1, Cell 1"
            RenderTableCell {TD} at (98,0) size 98x23 [r=0 c=1 rs=1 cs=1]
              RenderText {#text} at (1,1) size 96x21
                text run at (1,1) width 96: "Row 1, Cell 2"
            RenderTableCell {TD} at (196,0) size 98x23 [r=0 c=2 rs=1 cs=1]
              RenderText {#text} at (1,1) size 96x21
                text run at (1,1) width 96: "Row 1, Cell 3"
        RenderTableSection {TBODY} at (0,44) size 294x72
          RenderTableRow {TR} at (0,0) size 294x24
            RenderTableCell {TD} at (0,12) size 98x24 [border: (1px solid #808080) none none none] [r=0 c=0 rs=2 cs=1]
              RenderText {#text} at (1,2) size 96x21
                text run at (1,2) width 96: "Row 2, Cell 1"
            RenderTableCell {TD} at (98,0) size 196x24 [border: (1px solid #808080) none none none] [r=0 c=1 rs=1 cs=2]
              RenderText {#text} at (1,2) size 96x21
                text run at (1,2) width 96: "Row 2, Cell 2"
          RenderTableRow {TR} at (0,24) size 294x24
            RenderTableCell {TD} at (98,24) size 98x24 [border: (1px solid #808080) none none none] [r=1 c=1 rs=1 cs=1]
              RenderText {#text} at (1,2) size 96x21
                text run at (1,2) width 96: "Row 3, Cell 2"
            RenderTableCell {TD} at (196,36) size 98x24 [border: (1px solid #808080) none none none] [r=1 c=2 rs=2 cs=1]
              RenderText {#text} at (1,2) size 96x21
                text run at (1,2) width 96: "Row 3, Cell 3"
          RenderTableRow {TR} at (0,48) size 294x24
            RenderTableCell {TD} at (0,48) size 196x24 [border: (1px solid #808080) none none none] [r=2 c=0 rs=1 cs=2]
              RenderText {#text} at (1,2) size 96x21
                text run at (1,2) width 96: "Row 4, Cell 1"
        RenderTableSection {TFOOT} at (0,116) size 294x24
          RenderTableRow {TR} at (0,0) size 294x24
            RenderTableCell {TD} at (0,0) size 98x24 [border: (1px solid #808080) none none none] [r=0 c=0 rs=1 cs=1]
              RenderText {#text} at (1,2) size 96x21
                text run at (1,2) width 96: "Row 5, Cell 1"
            RenderTableCell {TD} at (98,0) size 98x24 [border: (1px solid #808080) none none none] [r=0 c=1 rs=1 cs=1]
              RenderText {#text} at (1,2) size 96x21
                text run at (1,2) width 96: "Row 5, Cell 2"
            RenderTableCell {TD} at (196,0) size 98x24 [border: (1px solid #808080) none none none] [r=0 c=2 rs=1 cs=1]
              RenderText {#text} at (1,2) size 96x21
                text run at (1,2) width 96: "Row 5, Cell 3"
      RenderTable {TABLE} at (0,4666) size 296x142 [border: none]
        RenderBlock {CAPTION} at (0,0) size 296x21
          RenderInline {A} at (0,0) size 245x21
            RenderText {#text} at (23,0) size 245x21
              text run at (23,0) width 245: "Frame=\x{201C}box\x{201D} and Rules=\x{201C}rows\x{201D}"
          RenderInline (generated) at (0,0) size 5x21
            RenderText at (268,0) size 5x21
              text run at (268,0) width 5: ":"
        RenderTableSection {THEAD} at (0,21) size 295x24
          RenderTableRow {TR} at (0,0) size 295x24
            RenderTableCell {TD} at (0,0) size 99x24 [border: (1px solid #808080) none none (1px none #808080)] [r=0 c=0 rs=1 cs=1]
              RenderText {#text} at (2,2) size 96x21
                text run at (2,2) width 96: "Row 1, Cell 1"
            RenderTableCell {TD} at (99,0) size 98x24 [border: (1px solid #808080) none none none] [r=0 c=1 rs=1 cs=1]
              RenderText {#text} at (1,2) size 96x21
                text run at (1,2) width 96: "Row 1, Cell 2"
            RenderTableCell {TD} at (197,0) size 98x24 [border: (1px solid #808080) none none none] [r=0 c=2 rs=1 cs=1]
              RenderText {#text} at (1,2) size 96x21
                text run at (1,2) width 96: "Row 1, Cell 3"
        RenderTableSection {TBODY} at (0,45) size 295x72
          RenderTableRow {TR} at (0,0) size 295x24
            RenderTableCell {TD} at (0,12) size 99x24 [border: (1px solid #808080) none none (1px none #808080)] [r=0 c=0 rs=2 cs=1]
              RenderText {#text} at (2,2) size 96x21
                text run at (2,2) width 96: "Row 2, Cell 1"
            RenderTableCell {TD} at (99,0) size 196x24 [border: (1px solid #808080) none none none] [r=0 c=1 rs=1 cs=2]
              RenderText {#text} at (1,2) size 96x21
                text run at (1,2) width 96: "Row 2, Cell 2"
          RenderTableRow {TR} at (0,24) size 295x24
            RenderTableCell {TD} at (99,24) size 98x24 [border: (1px solid #808080) none none none] [r=1 c=1 rs=1 cs=1]
              RenderText {#text} at (1,2) size 96x21
                text run at (1,2) width 96: "Row 3, Cell 2"
            RenderTableCell {TD} at (197,36) size 98x24 [border: (1px solid #808080) none none none] [r=1 c=2 rs=2 cs=1]
              RenderText {#text} at (1,2) size 96x21
                text run at (1,2) width 96: "Row 3, Cell 3"
          RenderTableRow {TR} at (0,48) size 295x24
            RenderTableCell {TD} at (0,48) size 197x24 [border: (1px solid #808080) none none (1px none #808080)] [r=2 c=0 rs=1 cs=2]
              RenderText {#text} at (2,2) size 96x21
                text run at (2,2) width 96: "Row 4, Cell 1"
        RenderTableSection {TFOOT} at (0,117) size 295x24
          RenderTableRow {TR} at (0,0) size 295x24
            RenderTableCell {TD} at (0,0) size 99x24 [border: (1px solid #808080) none none (1px none #808080)] [r=0 c=0 rs=1 cs=1]
              RenderText {#text} at (2,2) size 96x21
                text run at (2,2) width 96: "Row 5, Cell 1"
            RenderTableCell {TD} at (99,0) size 98x24 [border: (1px solid #808080) none none none] [r=0 c=1 rs=1 cs=1]
              RenderText {#text} at (1,2) size 96x21
                text run at (1,2) width 96: "Row 5, Cell 2"
            RenderTableCell {TD} at (197,0) size 98x24 [border: (1px solid #808080) none none none] [r=0 c=2 rs=1 cs=1]
              RenderText {#text} at (1,2) size 96x21
                text run at (1,2) width 96: "Row 5, Cell 3"
      RenderTable {TABLE} at (0,4856) size 296x142 [border: none]
        RenderBlock {CAPTION} at (0,0) size 296x21
          RenderInline {A} at (0,0) size 267x21
            RenderText {#text} at (12,0) size 267x21
              text run at (12,0) width 267: "Frame=\x{201C}border\x{201D} and Rules=\x{201C}rows\x{201D}"
          RenderInline (generated) at (0,0) size 5x21
            RenderText at (279,0) size 5x21
              text run at (279,0) width 5: ":"
        RenderTableSection {THEAD} at (0,21) size 295x24
          RenderTableRow {TR} at (0,0) size 295x24
            RenderTableCell {TD} at (0,0) size 99x24 [border: (1px solid #808080) none none (1px none #808080)] [r=0 c=0 rs=1 cs=1]
              RenderText {#text} at (2,2) size 96x21
                text run at (2,2) width 96: "Row 1, Cell 1"
            RenderTableCell {TD} at (99,0) size 98x24 [border: (1px solid #808080) none none none] [r=0 c=1 rs=1 cs=1]
              RenderText {#text} at (1,2) size 96x21
                text run at (1,2) width 96: "Row 1, Cell 2"
            RenderTableCell {TD} at (197,0) size 98x24 [border: (1px solid #808080) none none none] [r=0 c=2 rs=1 cs=1]
              RenderText {#text} at (1,2) size 96x21
                text run at (1,2) width 96: "Row 1, Cell 3"
        RenderTableSection {TBODY} at (0,45) size 295x72
          RenderTableRow {TR} at (0,0) size 295x24
            RenderTableCell {TD} at (0,12) size 99x24 [border: (1px solid #808080) none none (1px none #808080)] [r=0 c=0 rs=2 cs=1]
              RenderText {#text} at (2,2) size 96x21
                text run at (2,2) width 96: "Row 2, Cell 1"
            RenderTableCell {TD} at (99,0) size 196x24 [border: (1px solid #808080) none none none] [r=0 c=1 rs=1 cs=2]
              RenderText {#text} at (1,2) size 96x21
                text run at (1,2) width 96: "Row 2, Cell 2"
          RenderTableRow {TR} at (0,24) size 295x24
            RenderTableCell {TD} at (99,24) size 98x24 [border: (1px solid #808080) none none none] [r=1 c=1 rs=1 cs=1]
              RenderText {#text} at (1,2) size 96x21
                text run at (1,2) width 96: "Row 3, Cell 2"
            RenderTableCell {TD} at (197,36) size 98x24 [border: (1px solid #808080) none none none] [r=1 c=2 rs=2 cs=1]
              RenderText {#text} at (1,2) size 96x21
                text run at (1,2) width 96: "Row 3, Cell 3"
          RenderTableRow {TR} at (0,48) size 295x24
            RenderTableCell {TD} at (0,48) size 197x24 [border: (1px solid #808080) none none (1px none #808080)] [r=2 c=0 rs=1 cs=2]
              RenderText {#text} at (2,2) size 96x21
                text run at (2,2) width 96: "Row 4, Cell 1"
        RenderTableSection {TFOOT} at (0,117) size 295x24
          RenderTableRow {TR} at (0,0) size 295x24
            RenderTableCell {TD} at (0,0) size 99x24 [border: (1px solid #808080) none none (1px none #808080)] [r=0 c=0 rs=1 cs=1]
              RenderText {#text} at (2,2) size 96x21
                text run at (2,2) width 96: "Row 5, Cell 1"
            RenderTableCell {TD} at (99,0) size 98x24 [border: (1px solid #808080) none none none] [r=0 c=1 rs=1 cs=1]
              RenderText {#text} at (1,2) size 96x21
                text run at (1,2) width 96: "Row 5, Cell 2"
            RenderTableCell {TD} at (197,0) size 98x24 [border: (1px solid #808080) none none none] [r=0 c=2 rs=1 cs=1]
              RenderText {#text} at (1,2) size 96x21
                text run at (1,2) width 96: "Row 5, Cell 3"
      RenderTable {TABLE} at (0,5046) size 296x136
        RenderBlock {CAPTION} at (0,0) size 296x21
          RenderInline {A} at (0,0) size 245x21
            RenderText {#text} at (23,0) size 245x21
              text run at (23,0) width 245: "Frame=\x{201C}void\x{201D} and Rules=\x{201C}cols\x{201D}"
          RenderInline (generated) at (0,0) size 6x21
            RenderText at (267,0) size 6x21
              text run at (267,0) width 6: ":"
        RenderTableSection {THEAD} at (0,21) size 296x23
          RenderTableRow {TR} at (0,0) size 296x23
            RenderTableCell {TD} at (0,0) size 98x23 [r=0 c=0 rs=1 cs=1]
              RenderText {#text} at (1,1) size 96x21
                text run at (1,1) width 96: "Row 1, Cell 1"
            RenderTableCell {TD} at (98,0) size 99x23 [border: none none none (1px solid #808080)] [r=0 c=1 rs=1 cs=1]
              RenderText {#text} at (2,1) size 96x21
                text run at (2,1) width 96: "Row 1, Cell 2"
            RenderTableCell {TD} at (197,0) size 99x23 [border: none none none (1px solid #808080)] [r=0 c=2 rs=1 cs=1]
              RenderText {#text} at (2,1) size 96x21
                text run at (2,1) width 96: "Row 1, Cell 3"
        RenderTableSection {TBODY} at (0,44) size 296x69
          RenderTableRow {TR} at (0,0) size 296x23
            RenderTableCell {TD} at (0,11) size 98x23 [r=0 c=0 rs=2 cs=1]
              RenderText {#text} at (1,1) size 96x21
                text run at (1,1) width 96: "Row 2, Cell 1"
            RenderTableCell {TD} at (98,0) size 198x23 [border: none none none (1px solid #808080)] [r=0 c=1 rs=1 cs=2]
              RenderText {#text} at (2,1) size 96x21
                text run at (2,1) width 96: "Row 2, Cell 2"
          RenderTableRow {TR} at (0,23) size 296x23
            RenderTableCell {TD} at (98,23) size 99x23 [border: none none none (1px solid #808080)] [r=1 c=1 rs=1 cs=1]
              RenderText {#text} at (2,1) size 96x21
                text run at (2,1) width 96: "Row 3, Cell 2"
            RenderTableCell {TD} at (197,34) size 99x23 [border: none none none (1px solid #808080)] [r=1 c=2 rs=2 cs=1]
              RenderText {#text} at (2,1) size 96x21
                text run at (2,1) width 96: "Row 3, Cell 3"
          RenderTableRow {TR} at (0,46) size 296x23
            RenderTableCell {TD} at (0,46) size 197x23 [r=2 c=0 rs=1 cs=2]
              RenderText {#text} at (1,1) size 96x21
                text run at (1,1) width 96: "Row 4, Cell 1"
        RenderTableSection {TFOOT} at (0,113) size 296x23
          RenderTableRow {TR} at (0,0) size 296x23
            RenderTableCell {TD} at (0,0) size 98x23 [r=0 c=0 rs=1 cs=1]
              RenderText {#text} at (1,1) size 96x21
                text run at (1,1) width 96: "Row 5, Cell 1"
            RenderTableCell {TD} at (98,0) size 99x23 [border: none none none (1px solid #808080)] [r=0 c=1 rs=1 cs=1]
              RenderText {#text} at (2,1) size 96x21
                text run at (2,1) width 96: "Row 5, Cell 2"
            RenderTableCell {TD} at (197,0) size 99x23 [border: none none none (1px solid #808080)] [r=0 c=2 rs=1 cs=1]
              RenderText {#text} at (2,1) size 96x21
                text run at (2,1) width 96: "Row 5, Cell 3"
      RenderTable {TABLE} at (0,5230) size 296x137
        RenderBlock {CAPTION} at (0,0) size 296x21
          RenderInline {A} at (0,0) size 259x21
            RenderText {#text} at (16,0) size 259x21
              text run at (16,0) width 259: "Frame=\x{201C}above\x{201D} and Rules=\x{201C}cols\x{201D}"
          RenderInline (generated) at (0,0) size 6x21
            RenderText at (274,0) size 6x21
              text run at (274,0) width 6: ":"
        RenderTableSection {THEAD} at (0,21) size 296x24
          RenderTableRow {TR} at (0,0) size 296x24
            RenderTableCell {TD} at (0,0) size 98x24 [border: (1px none #808080) none none none] [r=0 c=0 rs=1 cs=1]
              RenderText {#text} at (1,2) size 96x21
                text run at (1,2) width 96: "Row 1, Cell 1"
            RenderTableCell {TD} at (98,0) size 99x24 [border: (1px none #808080) none none (1px solid #808080)] [r=0 c=1 rs=1 cs=1]
              RenderText {#text} at (2,2) size 96x21
                text run at (2,2) width 96: "Row 1, Cell 2"
            RenderTableCell {TD} at (197,0) size 99x24 [border: (1px none #808080) none none (1px solid #808080)] [r=0 c=2 rs=1 cs=1]
              RenderText {#text} at (2,2) size 96x21
                text run at (2,2) width 96: "Row 1, Cell 3"
        RenderTableSection {TBODY} at (0,45) size 296x69
          RenderTableRow {TR} at (0,0) size 296x23
            RenderTableCell {TD} at (0,11) size 98x23 [r=0 c=0 rs=2 cs=1]
              RenderText {#text} at (1,1) size 96x21
                text run at (1,1) width 96: "Row 2, Cell 1"
            RenderTableCell {TD} at (98,0) size 198x23 [border: none none none (1px solid #808080)] [r=0 c=1 rs=1 cs=2]
              RenderText {#text} at (2,1) size 96x21
                text run at (2,1) width 96: "Row 2, Cell 2"
          RenderTableRow {TR} at (0,23) size 296x23
            RenderTableCell {TD} at (98,23) size 99x23 [border: none none none (1px solid #808080)] [r=1 c=1 rs=1 cs=1]
              RenderText {#text} at (2,1) size 96x21
                text run at (2,1) width 96: "Row 3, Cell 2"
            RenderTableCell {TD} at (197,34) size 99x23 [border: none none none (1px solid #808080)] [r=1 c=2 rs=2 cs=1]
              RenderText {#text} at (2,1) size 96x21
                text run at (2,1) width 96: "Row 3, Cell 3"
          RenderTableRow {TR} at (0,46) size 296x23
            RenderTableCell {TD} at (0,46) size 197x23 [r=2 c=0 rs=1 cs=2]
              RenderText {#text} at (1,1) size 96x21
                text run at (1,1) width 96: "Row 4, Cell 1"
        RenderTableSection {TFOOT} at (0,114) size 296x23
          RenderTableRow {TR} at (0,0) size 296x23
            RenderTableCell {TD} at (0,0) size 98x23 [r=0 c=0 rs=1 cs=1]
              RenderText {#text} at (1,1) size 96x21
                text run at (1,1) width 96: "Row 5, Cell 1"
            RenderTableCell {TD} at (98,0) size 99x23 [border: none none none (1px solid #808080)] [r=0 c=1 rs=1 cs=1]
              RenderText {#text} at (2,1) size 96x21
                text run at (2,1) width 96: "Row 5, Cell 2"
            RenderTableCell {TD} at (197,0) size 99x23 [border: none none none (1px solid #808080)] [r=0 c=2 rs=1 cs=1]
              RenderText {#text} at (2,1) size 96x21
                text run at (2,1) width 96: "Row 5, Cell 3"
      RenderTable {TABLE} at (0,5415) size 296x137 [border: none (1px solid #808080) none]
        RenderBlock {CAPTION} at (0,0) size 296x21
          RenderInline {A} at (0,0) size 257x21
            RenderText {#text} at (17,0) size 257x21
              text run at (17,0) width 257: "Frame=\x{201C}below\x{201D} and Rules=\x{201C}cols\x{201D}"
          RenderInline (generated) at (0,0) size 6x21
            RenderText at (273,0) size 6x21
              text run at (273,0) width 6: ":"
        RenderTableSection {THEAD} at (0,21) size 296x23
          RenderTableRow {TR} at (0,0) size 296x23
            RenderTableCell {TD} at (0,0) size 98x23 [r=0 c=0 rs=1 cs=1]
              RenderText {#text} at (1,1) size 96x21
                text run at (1,1) width 96: "Row 1, Cell 1"
            RenderTableCell {TD} at (98,0) size 99x23 [border: none none none (1px solid #808080)] [r=0 c=1 rs=1 cs=1]
              RenderText {#text} at (2,1) size 96x21
                text run at (2,1) width 96: "Row 1, Cell 2"
            RenderTableCell {TD} at (197,0) size 99x23 [border: none none none (1px solid #808080)] [r=0 c=2 rs=1 cs=1]
              RenderText {#text} at (2,1) size 96x21
                text run at (2,1) width 96: "Row 1, Cell 3"
        RenderTableSection {TBODY} at (0,44) size 296x69
          RenderTableRow {TR} at (0,0) size 296x23
            RenderTableCell {TD} at (0,11) size 98x23 [r=0 c=0 rs=2 cs=1]
              RenderText {#text} at (1,1) size 96x21
                text run at (1,1) width 96: "Row 2, Cell 1"
            RenderTableCell {TD} at (98,0) size 198x23 [border: none none none (1px solid #808080)] [r=0 c=1 rs=1 cs=2]
              RenderText {#text} at (2,1) size 96x21
                text run at (2,1) width 96: "Row 2, Cell 2"
          RenderTableRow {TR} at (0,23) size 296x23
            RenderTableCell {TD} at (98,23) size 99x23 [border: none none none (1px solid #808080)] [r=1 c=1 rs=1 cs=1]
              RenderText {#text} at (2,1) size 96x21
                text run at (2,1) width 96: "Row 3, Cell 2"
            RenderTableCell {TD} at (197,34) size 99x23 [border: none none none (1px solid #808080)] [r=1 c=2 rs=2 cs=1]
              RenderText {#text} at (2,1) size 96x21
                text run at (2,1) width 96: "Row 3, Cell 3"
          RenderTableRow {TR} at (0,46) size 296x23
            RenderTableCell {TD} at (0,46) size 197x23 [r=2 c=0 rs=1 cs=2]
              RenderText {#text} at (1,1) size 96x21
                text run at (1,1) width 96: "Row 4, Cell 1"
        RenderTableSection {TFOOT} at (0,113) size 296x23
          RenderTableRow {TR} at (0,0) size 296x23
            RenderTableCell {TD} at (0,0) size 98x23 [r=0 c=0 rs=1 cs=1]
              RenderText {#text} at (1,1) size 96x21
                text run at (1,1) width 96: "Row 5, Cell 1"
            RenderTableCell {TD} at (98,0) size 99x23 [border: none none none (1px solid #808080)] [r=0 c=1 rs=1 cs=1]
              RenderText {#text} at (2,1) size 96x21
                text run at (2,1) width 96: "Row 5, Cell 2"
            RenderTableCell {TD} at (197,0) size 99x23 [border: none none none (1px solid #808080)] [r=0 c=2 rs=1 cs=1]
              RenderText {#text} at (2,1) size 96x21
                text run at (2,1) width 96: "Row 5, Cell 3"
      RenderTable {TABLE} at (0,5600) size 296x138 [border: none none (1px solid #808080) none]
        RenderBlock {CAPTION} at (0,0) size 296x21
          RenderInline {A} at (0,0) size 263x21
            RenderText {#text} at (14,0) size 263x21
              text run at (14,0) width 263: "Frame=\x{201C}hsides\x{201D} and Rules=\x{201C}cols\x{201D}"
          RenderInline (generated) at (0,0) size 6x21
            RenderText at (276,0) size 6x21
              text run at (276,0) width 6: ":"
        RenderTableSection {THEAD} at (0,21) size 296x24
          RenderTableRow {TR} at (0,0) size 296x24
            RenderTableCell {TD} at (0,0) size 98x24 [border: (1px none #808080) none none none] [r=0 c=0 rs=1 cs=1]
              RenderText {#text} at (1,2) size 96x21
                text run at (1,2) width 96: "Row 1, Cell 1"
            RenderTableCell {TD} at (98,0) size 99x24 [border: (1px none #808080) none none (1px solid #808080)] [r=0 c=1 rs=1 cs=1]
              RenderText {#text} at (2,2) size 96x21
                text run at (2,2) width 96: "Row 1, Cell 2"
            RenderTableCell {TD} at (197,0) size 99x24 [border: (1px none #808080) none none (1px solid #808080)] [r=0 c=2 rs=1 cs=1]
              RenderText {#text} at (2,2) size 96x21
                text run at (2,2) width 96: "Row 1, Cell 3"
        RenderTableSection {TBODY} at (0,45) size 296x69
          RenderTableRow {TR} at (0,0) size 296x23
            RenderTableCell {TD} at (0,11) size 98x23 [r=0 c=0 rs=2 cs=1]
              RenderText {#text} at (1,1) size 96x21
                text run at (1,1) width 96: "Row 2, Cell 1"
            RenderTableCell {TD} at (98,0) size 198x23 [border: none none none (1px solid #808080)] [r=0 c=1 rs=1 cs=2]
              RenderText {#text} at (2,1) size 96x21
                text run at (2,1) width 96: "Row 2, Cell 2"
          RenderTableRow {TR} at (0,23) size 296x23
            RenderTableCell {TD} at (98,23) size 99x23 [border: none none none (1px solid #808080)] [r=1 c=1 rs=1 cs=1]
              RenderText {#text} at (2,1) size 96x21
                text run at (2,1) width 96: "Row 3, Cell 2"
            RenderTableCell {TD} at (197,34) size 99x23 [border: none none none (1px solid #808080)] [r=1 c=2 rs=2 cs=1]
              RenderText {#text} at (2,1) size 96x21
                text run at (2,1) width 96: "Row 3, Cell 3"
          RenderTableRow {TR} at (0,46) size 296x23
            RenderTableCell {TD} at (0,46) size 197x23 [r=2 c=0 rs=1 cs=2]
              RenderText {#text} at (1,1) size 96x21
                text run at (1,1) width 96: "Row 4, Cell 1"
        RenderTableSection {TFOOT} at (0,114) size 296x23
          RenderTableRow {TR} at (0,0) size 296x23
            RenderTableCell {TD} at (0,0) size 98x23 [r=0 c=0 rs=1 cs=1]
              RenderText {#text} at (1,1) size 96x21
                text run at (1,1) width 96: "Row 5, Cell 1"
            RenderTableCell {TD} at (98,0) size 99x23 [border: none none none (1px solid #808080)] [r=0 c=1 rs=1 cs=1]
              RenderText {#text} at (2,1) size 96x21
                text run at (2,1) width 96: "Row 5, Cell 2"
            RenderTableCell {TD} at (197,0) size 99x23 [border: none none none (1px solid #808080)] [r=0 c=2 rs=1 cs=1]
              RenderText {#text} at (2,1) size 96x21
                text run at (2,1) width 96: "Row 5, Cell 3"
      RenderTable {TABLE} at (0,5786) size 298x136 [border: none (1px solid #808080) none none]
        RenderBlock {CAPTION} at (0,0) size 298x21
          RenderInline {A} at (0,0) size 261x21
            RenderText {#text} at (16,0) size 261x21
              text run at (16,0) width 261: "Frame=\x{201C}vsides\x{201D} and Rules=\x{201C}cols\x{201D}"
          RenderInline (generated) at (0,0) size 5x21
            RenderText at (277,0) size 5x21
              text run at (277,0) width 5: ":"
        RenderTableSection {THEAD} at (0,21) size 297x23
          RenderTableRow {TR} at (0,0) size 297x23
            RenderTableCell {TD} at (0,0) size 99x23 [border: none none none (1px solid #808080)] [r=0 c=0 rs=1 cs=1]
              RenderText {#text} at (2,1) size 96x21
                text run at (2,1) width 96: "Row 1, Cell 1"
            RenderTableCell {TD} at (99,0) size 99x23 [border: none none none (1px solid #808080)] [r=0 c=1 rs=1 cs=1]
              RenderText {#text} at (2,1) size 96x21
                text run at (2,1) width 96: "Row 1, Cell 2"
            RenderTableCell {TD} at (198,0) size 99x23 [border: none none none (1px solid #808080)] [r=0 c=2 rs=1 cs=1]
              RenderText {#text} at (2,1) size 96x21
                text run at (2,1) width 96: "Row 1, Cell 3"
        RenderTableSection {TBODY} at (0,44) size 297x69
          RenderTableRow {TR} at (0,0) size 297x23
            RenderTableCell {TD} at (0,11) size 99x23 [border: none none none (1px solid #808080)] [r=0 c=0 rs=2 cs=1]
              RenderText {#text} at (2,1) size 96x21
                text run at (2,1) width 96: "Row 2, Cell 1"
            RenderTableCell {TD} at (99,0) size 198x23 [border: none none none (1px solid #808080)] [r=0 c=1 rs=1 cs=2]
              RenderText {#text} at (2,1) size 96x21
                text run at (2,1) width 96: "Row 2, Cell 2"
          RenderTableRow {TR} at (0,23) size 297x23
            RenderTableCell {TD} at (99,23) size 99x23 [border: none none none (1px solid #808080)] [r=1 c=1 rs=1 cs=1]
              RenderText {#text} at (2,1) size 96x21
                text run at (2,1) width 96: "Row 3, Cell 2"
            RenderTableCell {TD} at (198,34) size 99x23 [border: none none none (1px solid #808080)] [r=1 c=2 rs=2 cs=1]
              RenderText {#text} at (2,1) size 96x21
                text run at (2,1) width 96: "Row 3, Cell 3"
          RenderTableRow {TR} at (0,46) size 297x23
            RenderTableCell {TD} at (0,46) size 198x23 [border: none none none (1px solid #808080)] [r=2 c=0 rs=1 cs=2]
              RenderText {#text} at (2,1) size 96x21
                text run at (2,1) width 96: "Row 4, Cell 1"
        RenderTableSection {TFOOT} at (0,113) size 297x23
          RenderTableRow {TR} at (0,0) size 297x23
            RenderTableCell {TD} at (0,0) size 99x23 [border: none none none (1px solid #808080)] [r=0 c=0 rs=1 cs=1]
              RenderText {#text} at (2,1) size 96x21
                text run at (2,1) width 96: "Row 5, Cell 1"
            RenderTableCell {TD} at (99,0) size 99x23 [border: none none none (1px solid #808080)] [r=0 c=1 rs=1 cs=1]
              RenderText {#text} at (2,1) size 96x21
                text run at (2,1) width 96: "Row 5, Cell 2"
            RenderTableCell {TD} at (198,0) size 99x23 [border: none none none (1px solid #808080)] [r=0 c=2 rs=1 cs=1]
              RenderText {#text} at (2,1) size 96x21
                text run at (2,1) width 96: "Row 5, Cell 3"
      RenderTable {TABLE} at (0,5970) size 297x136
        RenderBlock {CAPTION} at (0,0) size 297x21
          RenderInline {A} at (0,0) size 234x21
            RenderText {#text} at (29,0) size 234x21
              text run at (29,0) width 234: "Frame=\x{201C}lhs\x{201D} and Rules=\x{201C}cols\x{201D}"
          RenderInline (generated) at (0,0) size 5x21
            RenderText at (263,0) size 5x21
              text run at (263,0) width 5: ":"
        RenderTableSection {THEAD} at (0,21) size 297x23
          RenderTableRow {TR} at (0,0) size 297x23
            RenderTableCell {TD} at (0,0) size 99x23 [border: none none none (1px solid #808080)] [r=0 c=0 rs=1 cs=1]
              RenderText {#text} at (2,1) size 96x21
                text run at (2,1) width 96: "Row 1, Cell 1"
            RenderTableCell {TD} at (99,0) size 99x23 [border: none none none (1px solid #808080)] [r=0 c=1 rs=1 cs=1]
              RenderText {#text} at (2,1) size 96x21
                text run at (2,1) width 96: "Row 1, Cell 2"
            RenderTableCell {TD} at (198,0) size 99x23 [border: none none none (1px solid #808080)] [r=0 c=2 rs=1 cs=1]
              RenderText {#text} at (2,1) size 96x21
                text run at (2,1) width 96: "Row 1, Cell 3"
        RenderTableSection {TBODY} at (0,44) size 297x69
          RenderTableRow {TR} at (0,0) size 297x23
            RenderTableCell {TD} at (0,11) size 99x23 [border: none none none (1px solid #808080)] [r=0 c=0 rs=2 cs=1]
              RenderText {#text} at (2,1) size 96x21
                text run at (2,1) width 96: "Row 2, Cell 1"
            RenderTableCell {TD} at (99,0) size 198x23 [border: none none none (1px solid #808080)] [r=0 c=1 rs=1 cs=2]
              RenderText {#text} at (2,1) size 96x21
                text run at (2,1) width 96: "Row 2, Cell 2"
          RenderTableRow {TR} at (0,23) size 297x23
            RenderTableCell {TD} at (99,23) size 99x23 [border: none none none (1px solid #808080)] [r=1 c=1 rs=1 cs=1]
              RenderText {#text} at (2,1) size 96x21
                text run at (2,1) width 96: "Row 3, Cell 2"
            RenderTableCell {TD} at (198,34) size 99x23 [border: none none none (1px solid #808080)] [r=1 c=2 rs=2 cs=1]
              RenderText {#text} at (2,1) size 96x21
                text run at (2,1) width 96: "Row 3, Cell 3"
          RenderTableRow {TR} at (0,46) size 297x23
            RenderTableCell {TD} at (0,46) size 198x23 [border: none none none (1px solid #808080)] [r=2 c=0 rs=1 cs=2]
              RenderText {#text} at (2,1) size 96x21
                text run at (2,1) width 96: "Row 4, Cell 1"
        RenderTableSection {TFOOT} at (0,113) size 297x23
          RenderTableRow {TR} at (0,0) size 297x23
            RenderTableCell {TD} at (0,0) size 99x23 [border: none none none (1px solid #808080)] [r=0 c=0 rs=1 cs=1]
              RenderText {#text} at (2,1) size 96x21
                text run at (2,1) width 96: "Row 5, Cell 1"
            RenderTableCell {TD} at (99,0) size 99x23 [border: none none none (1px solid #808080)] [r=0 c=1 rs=1 cs=1]
              RenderText {#text} at (2,1) size 96x21
                text run at (2,1) width 96: "Row 5, Cell 2"
            RenderTableCell {TD} at (198,0) size 99x23 [border: none none none (1px solid #808080)] [r=0 c=2 rs=1 cs=1]
              RenderText {#text} at (2,1) size 96x21
                text run at (2,1) width 96: "Row 5, Cell 3"
      RenderTable {TABLE} at (0,6154) size 297x136 [border: none (1px solid #808080) none]
        RenderBlock {CAPTION} at (0,0) size 297x21
          RenderInline {A} at (0,0) size 236x21
            RenderText {#text} at (28,0) size 236x21
              text run at (28,0) width 236: "Frame=\x{201C}rhs\x{201D} and Rules=\x{201C}cols\x{201D}"
          RenderInline (generated) at (0,0) size 5x21
            RenderText at (264,0) size 5x21
              text run at (264,0) width 5: ":"
        RenderTableSection {THEAD} at (0,21) size 296x23
          RenderTableRow {TR} at (0,0) size 296x23
            RenderTableCell {TD} at (0,0) size 98x23 [r=0 c=0 rs=1 cs=1]
              RenderText {#text} at (1,1) size 96x21
                text run at (1,1) width 96: "Row 1, Cell 1"
            RenderTableCell {TD} at (98,0) size 99x23 [border: none none none (1px solid #808080)] [r=0 c=1 rs=1 cs=1]
              RenderText {#text} at (2,1) size 96x21
                text run at (2,1) width 96: "Row 1, Cell 2"
            RenderTableCell {TD} at (197,0) size 99x23 [border: none none none (1px solid #808080)] [r=0 c=2 rs=1 cs=1]
              RenderText {#text} at (2,1) size 96x21
                text run at (2,1) width 96: "Row 1, Cell 3"
        RenderTableSection {TBODY} at (0,44) size 296x69
          RenderTableRow {TR} at (0,0) size 296x23
            RenderTableCell {TD} at (0,11) size 98x23 [r=0 c=0 rs=2 cs=1]
              RenderText {#text} at (1,1) size 96x21
                text run at (1,1) width 96: "Row 2, Cell 1"
            RenderTableCell {TD} at (98,0) size 198x23 [border: none none none (1px solid #808080)] [r=0 c=1 rs=1 cs=2]
              RenderText {#text} at (2,1) size 96x21
                text run at (2,1) width 96: "Row 2, Cell 2"
          RenderTableRow {TR} at (0,23) size 296x23
            RenderTableCell {TD} at (98,23) size 99x23 [border: none none none (1px solid #808080)] [r=1 c=1 rs=1 cs=1]
              RenderText {#text} at (2,1) size 96x21
                text run at (2,1) width 96: "Row 3, Cell 2"
            RenderTableCell {TD} at (197,34) size 99x23 [border: none none none (1px solid #808080)] [r=1 c=2 rs=2 cs=1]
              RenderText {#text} at (2,1) size 96x21
                text run at (2,1) width 96: "Row 3, Cell 3"
          RenderTableRow {TR} at (0,46) size 296x23
            RenderTableCell {TD} at (0,46) size 197x23 [r=2 c=0 rs=1 cs=2]
              RenderText {#text} at (1,1) size 96x21
                text run at (1,1) width 96: "Row 4, Cell 1"
        RenderTableSection {TFOOT} at (0,113) size 296x23
          RenderTableRow {TR} at (0,0) size 296x23
            RenderTableCell {TD} at (0,0) size 98x23 [r=0 c=0 rs=1 cs=1]
              RenderText {#text} at (1,1) size 96x21
                text run at (1,1) width 96: "Row 5, Cell 1"
            RenderTableCell {TD} at (98,0) size 99x23 [border: none none none (1px solid #808080)] [r=0 c=1 rs=1 cs=1]
              RenderText {#text} at (2,1) size 96x21
                text run at (2,1) width 96: "Row 5, Cell 2"
            RenderTableCell {TD} at (197,0) size 99x23 [border: none none none (1px solid #808080)] [r=0 c=2 rs=1 cs=1]
              RenderText {#text} at (2,1) size 96x21
                text run at (2,1) width 96: "Row 5, Cell 3"
      RenderTable {TABLE} at (0,6338) size 298x138 [border: none]
        RenderBlock {CAPTION} at (0,0) size 298x21
          RenderInline {A} at (0,0) size 241x21
            RenderText {#text} at (26,0) size 241x21
              text run at (26,0) width 241: "Frame=\x{201C}box\x{201D} and Rules=\x{201C}cols\x{201D}"
          RenderInline (generated) at (0,0) size 6x21
            RenderText at (266,0) size 6x21
              text run at (266,0) width 6: ":"
        RenderTableSection {THEAD} at (0,21) size 297x24
          RenderTableRow {TR} at (0,0) size 297x24
            RenderTableCell {TD} at (0,0) size 99x24 [border: (1px none #808080) none none (1px solid #808080)] [r=0 c=0 rs=1 cs=1]
              RenderText {#text} at (2,2) size 96x21
                text run at (2,2) width 96: "Row 1, Cell 1"
            RenderTableCell {TD} at (99,0) size 99x24 [border: (1px none #808080) none none (1px solid #808080)] [r=0 c=1 rs=1 cs=1]
              RenderText {#text} at (2,2) size 96x21
                text run at (2,2) width 96: "Row 1, Cell 2"
            RenderTableCell {TD} at (198,0) size 99x24 [border: (1px none #808080) none none (1px solid #808080)] [r=0 c=2 rs=1 cs=1]
              RenderText {#text} at (2,2) size 96x21
                text run at (2,2) width 96: "Row 1, Cell 3"
        RenderTableSection {TBODY} at (0,45) size 297x69
          RenderTableRow {TR} at (0,0) size 297x23
            RenderTableCell {TD} at (0,11) size 99x23 [border: none none none (1px solid #808080)] [r=0 c=0 rs=2 cs=1]
              RenderText {#text} at (2,1) size 96x21
                text run at (2,1) width 96: "Row 2, Cell 1"
            RenderTableCell {TD} at (99,0) size 198x23 [border: none none none (1px solid #808080)] [r=0 c=1 rs=1 cs=2]
              RenderText {#text} at (2,1) size 96x21
                text run at (2,1) width 96: "Row 2, Cell 2"
          RenderTableRow {TR} at (0,23) size 297x23
            RenderTableCell {TD} at (99,23) size 99x23 [border: none none none (1px solid #808080)] [r=1 c=1 rs=1 cs=1]
              RenderText {#text} at (2,1) size 96x21
                text run at (2,1) width 96: "Row 3, Cell 2"
            RenderTableCell {TD} at (198,34) size 99x23 [border: none none none (1px solid #808080)] [r=1 c=2 rs=2 cs=1]
              RenderText {#text} at (2,1) size 96x21
                text run at (2,1) width 96: "Row 3, Cell 3"
          RenderTableRow {TR} at (0,46) size 297x23
            RenderTableCell {TD} at (0,46) size 198x23 [border: none none none (1px solid #808080)] [r=2 c=0 rs=1 cs=2]
              RenderText {#text} at (2,1) size 96x21
                text run at (2,1) width 96: "Row 4, Cell 1"
        RenderTableSection {TFOOT} at (0,114) size 297x23
          RenderTableRow {TR} at (0,0) size 297x23
            RenderTableCell {TD} at (0,0) size 99x23 [border: none none none (1px solid #808080)] [r=0 c=0 rs=1 cs=1]
              RenderText {#text} at (2,1) size 96x21
                text run at (2,1) width 96: "Row 5, Cell 1"
            RenderTableCell {TD} at (99,0) size 99x23 [border: none none none (1px solid #808080)] [r=0 c=1 rs=1 cs=1]
              RenderText {#text} at (2,1) size 96x21
                text run at (2,1) width 96: "Row 5, Cell 2"
            RenderTableCell {TD} at (198,0) size 99x23 [border: none none none (1px solid #808080)] [r=0 c=2 rs=1 cs=1]
              RenderText {#text} at (2,1) size 96x21
                text run at (2,1) width 96: "Row 5, Cell 3"
      RenderTable {TABLE} at (0,6524) size 298x138 [border: none]
        RenderBlock {CAPTION} at (0,0) size 298x21
          RenderInline {A} at (0,0) size 263x21
            RenderText {#text} at (15,0) size 263x21
              text run at (15,0) width 263: "Frame=\x{201C}border\x{201D} and Rules=\x{201C}cols\x{201D}"
          RenderInline (generated) at (0,0) size 6x21
            RenderText at (277,0) size 6x21
              text run at (277,0) width 6: ":"
        RenderTableSection {THEAD} at (0,21) size 297x24
          RenderTableRow {TR} at (0,0) size 297x24
            RenderTableCell {TD} at (0,0) size 99x24 [border: (1px none #808080) none none (1px solid #808080)] [r=0 c=0 rs=1 cs=1]
              RenderText {#text} at (2,2) size 96x21
                text run at (2,2) width 96: "Row 1, Cell 1"
            RenderTableCell {TD} at (99,0) size 99x24 [border: (1px none #808080) none none (1px solid #808080)] [r=0 c=1 rs=1 cs=1]
              RenderText {#text} at (2,2) size 96x21
                text run at (2,2) width 96: "Row 1, Cell 2"
            RenderTableCell {TD} at (198,0) size 99x24 [border: (1px none #808080) none none (1px solid #808080)] [r=0 c=2 rs=1 cs=1]
              RenderText {#text} at (2,2) size 96x21
                text run at (2,2) width 96: "Row 1, Cell 3"
        RenderTableSection {TBODY} at (0,45) size 297x69
          RenderTableRow {TR} at (0,0) size 297x23
            RenderTableCell {TD} at (0,11) size 99x23 [border: none none none (1px solid #808080)] [r=0 c=0 rs=2 cs=1]
              RenderText {#text} at (2,1) size 96x21
                text run at (2,1) width 96: "Row 2, Cell 1"
            RenderTableCell {TD} at (99,0) size 198x23 [border: none none none (1px solid #808080)] [r=0 c=1 rs=1 cs=2]
              RenderText {#text} at (2,1) size 96x21
                text run at (2,1) width 96: "Row 2, Cell 2"
          RenderTableRow {TR} at (0,23) size 297x23
            RenderTableCell {TD} at (99,23) size 99x23 [border: none none none (1px solid #808080)] [r=1 c=1 rs=1 cs=1]
              RenderText {#text} at (2,1) size 96x21
                text run at (2,1) width 96: "Row 3, Cell 2"
            RenderTableCell {TD} at (198,34) size 99x23 [border: none none none (1px solid #808080)] [r=1 c=2 rs=2 cs=1]
              RenderText {#text} at (2,1) size 96x21
                text run at (2,1) width 96: "Row 3, Cell 3"
          RenderTableRow {TR} at (0,46) size 297x23
            RenderTableCell {TD} at (0,46) size 198x23 [border: none none none (1px solid #808080)] [r=2 c=0 rs=1 cs=2]
              RenderText {#text} at (2,1) size 96x21
                text run at (2,1) width 96: "Row 4, Cell 1"
        RenderTableSection {TFOOT} at (0,114) size 297x23
          RenderTableRow {TR} at (0,0) size 297x23
            RenderTableCell {TD} at (0,0) size 99x23 [border: none none none (1px solid #808080)] [r=0 c=0 rs=1 cs=1]
              RenderText {#text} at (2,1) size 96x21
                text run at (2,1) width 96: "Row 5, Cell 1"
            RenderTableCell {TD} at (99,0) size 99x23 [border: none none none (1px solid #808080)] [r=0 c=1 rs=1 cs=1]
              RenderText {#text} at (2,1) size 96x21
                text run at (2,1) width 96: "Row 5, Cell 2"
            RenderTableCell {TD} at (198,0) size 99x23 [border: none none none (1px solid #808080)] [r=0 c=2 rs=1 cs=1]
              RenderText {#text} at (2,1) size 96x21
                text run at (2,1) width 96: "Row 5, Cell 3"
      RenderTable {TABLE} at (0,6710) size 296x140
        RenderBlock {CAPTION} at (0,0) size 296x21
          RenderInline {A} at (0,0) size 229x21
            RenderText {#text} at (31,0) size 229x21
              text run at (31,0) width 229: "Frame=\x{201C}void\x{201D} and Rules=\x{201C}all\x{201D}"
          RenderInline (generated) at (0,0) size 5x21
            RenderText at (260,0) size 5x21
              text run at (260,0) width 5: ":"
        RenderTableSection {THEAD} at (0,21) size 296x23
          RenderTableRow {TR} at (0,0) size 296x23
            RenderTableCell {TD} at (0,0) size 98x23 [r=0 c=0 rs=1 cs=1]
              RenderText {#text} at (1,1) size 96x21
                text run at (1,1) width 96: "Row 1, Cell 1"
            RenderTableCell {TD} at (98,0) size 99x23 [border: none] [r=0 c=1 rs=1 cs=1]
              RenderText {#text} at (2,1) size 96x21
                text run at (2,1) width 96: "Row 1, Cell 2"
            RenderTableCell {TD} at (197,0) size 99x23 [border: none] [r=0 c=2 rs=1 cs=1]
              RenderText {#text} at (2,1) size 96x21
                text run at (2,1) width 96: "Row 1, Cell 3"
        RenderTableSection {TBODY} at (0,44) size 296x72
          RenderTableRow {TR} at (0,0) size 296x24
            RenderTableCell {TD} at (0,12) size 98x24 [border: (1px solid #808080)] [r=0 c=0 rs=2 cs=1]
              RenderText {#text} at (1,2) size 96x21
                text run at (1,2) width 96: "Row 2, Cell 1"
            RenderTableCell {TD} at (98,0) size 198x24 [border: (1px solid #808080)] [r=0 c=1 rs=1 cs=2]
              RenderText {#text} at (2,2) size 96x21
                text run at (2,2) width 96: "Row 2, Cell 2"
          RenderTableRow {TR} at (0,24) size 296x24
            RenderTableCell {TD} at (98,24) size 99x24 [border: (1px solid #808080)] [r=1 c=1 rs=1 cs=1]
              RenderText {#text} at (2,2) size 96x21
                text run at (2,2) width 96: "Row 3, Cell 2"
            RenderTableCell {TD} at (197,36) size 99x24 [border: (1px solid #808080)] [r=1 c=2 rs=2 cs=1]
              RenderText {#text} at (2,2) size 96x21
                text run at (2,2) width 96: "Row 3, Cell 3"
          RenderTableRow {TR} at (0,48) size 296x24
            RenderTableCell {TD} at (0,48) size 197x24 [border: (1px solid #808080)] [r=2 c=0 rs=1 cs=2]
              RenderText {#text} at (1,2) size 96x21
                text run at (1,2) width 96: "Row 4, Cell 1"
        RenderTableSection {TFOOT} at (0,116) size 296x24
          RenderTableRow {TR} at (0,0) size 296x24
            RenderTableCell {TD} at (0,0) size 98x24 [border: (1px solid #808080)] [r=0 c=0 rs=1 cs=1]
              RenderText {#text} at (1,2) size 96x21
                text run at (1,2) width 96: "Row 5, Cell 1"
            RenderTableCell {TD} at (98,0) size 99x24 [border: (1px solid #808080)] [r=0 c=1 rs=1 cs=1]
              RenderText {#text} at (2,2) size 96x21
                text run at (2,2) width 96: "Row 5, Cell 2"
            RenderTableCell {TD} at (197,0) size 99x24 [border: (1px solid #808080)] [r=0 c=2 rs=1 cs=1]
              RenderText {#text} at (2,2) size 96x21
                text run at (2,2) width 96: "Row 5, Cell 3"
      RenderTable {TABLE} at (0,6898) size 296x141
        RenderBlock {CAPTION} at (0,0) size 296x21
          RenderInline {A} at (0,0) size 243x21
            RenderText {#text} at (24,0) size 243x21
              text run at (24,0) width 243: "Frame=\x{201C}above\x{201D} and Rules=\x{201C}all\x{201D}"
          RenderInline (generated) at (0,0) size 5x21
            RenderText at (267,0) size 5x21
              text run at (267,0) width 5: ":"
        RenderTableSection {THEAD} at (0,21) size 296x24
          RenderTableRow {TR} at (0,0) size 296x24
            RenderTableCell {TD} at (0,0) size 98x24 [border: (1px solid #808080)] [r=0 c=0 rs=1 cs=1]
              RenderText {#text} at (1,2) size 96x21
                text run at (1,2) width 96: "Row 1, Cell 1"
            RenderTableCell {TD} at (98,0) size 99x24 [border: (1px solid #808080)] [r=0 c=1 rs=1 cs=1]
              RenderText {#text} at (2,2) size 96x21
                text run at (2,2) width 96: "Row 1, Cell 2"
            RenderTableCell {TD} at (197,0) size 99x24 [border: (1px solid #808080)] [r=0 c=2 rs=1 cs=1]
              RenderText {#text} at (2,2) size 96x21
                text run at (2,2) width 96: "Row 1, Cell 3"
        RenderTableSection {TBODY} at (0,45) size 296x72
          RenderTableRow {TR} at (0,0) size 296x24
            RenderTableCell {TD} at (0,12) size 98x24 [border: (1px solid #808080)] [r=0 c=0 rs=2 cs=1]
              RenderText {#text} at (1,2) size 96x21
                text run at (1,2) width 96: "Row 2, Cell 1"
            RenderTableCell {TD} at (98,0) size 198x24 [border: (1px solid #808080)] [r=0 c=1 rs=1 cs=2]
              RenderText {#text} at (2,2) size 96x21
                text run at (2,2) width 96: "Row 2, Cell 2"
          RenderTableRow {TR} at (0,24) size 296x24
            RenderTableCell {TD} at (98,24) size 99x24 [border: (1px solid #808080)] [r=1 c=1 rs=1 cs=1]
              RenderText {#text} at (2,2) size 96x21
                text run at (2,2) width 96: "Row 3, Cell 2"
            RenderTableCell {TD} at (197,36) size 99x24 [border: (1px solid #808080)] [r=1 c=2 rs=2 cs=1]
              RenderText {#text} at (2,2) size 96x21
                text run at (2,2) width 96: "Row 3, Cell 3"
          RenderTableRow {TR} at (0,48) size 296x24
            RenderTableCell {TD} at (0,48) size 197x24 [border: (1px solid #808080)] [r=2 c=0 rs=1 cs=2]
              RenderText {#text} at (1,2) size 96x21
                text run at (1,2) width 96: "Row 4, Cell 1"
        RenderTableSection {TFOOT} at (0,117) size 296x24
          RenderTableRow {TR} at (0,0) size 296x24
            RenderTableCell {TD} at (0,0) size 98x24 [border: (1px solid #808080)] [r=0 c=0 rs=1 cs=1]
              RenderText {#text} at (1,2) size 96x21
                text run at (1,2) width 96: "Row 5, Cell 1"
            RenderTableCell {TD} at (98,0) size 99x24 [border: (1px solid #808080)] [r=0 c=1 rs=1 cs=1]
              RenderText {#text} at (2,2) size 96x21
                text run at (2,2) width 96: "Row 5, Cell 2"
            RenderTableCell {TD} at (197,0) size 99x24 [border: (1px solid #808080)] [r=0 c=2 rs=1 cs=1]
              RenderText {#text} at (2,2) size 96x21
                text run at (2,2) width 96: "Row 5, Cell 3"
      RenderTable {TABLE} at (0,7087) size 296x141 [border: none (1px solid #808080) none]
        RenderBlock {CAPTION} at (0,0) size 296x21
          RenderInline {A} at (0,0) size 241x21
            RenderText {#text} at (25,0) size 241x21
              text run at (25,0) width 241: "Frame=\x{201C}below\x{201D} and Rules=\x{201C}all\x{201D}"
          RenderInline (generated) at (0,0) size 5x21
            RenderText at (266,0) size 5x21
              text run at (266,0) width 5: ":"
        RenderTableSection {THEAD} at (0,21) size 296x23
          RenderTableRow {TR} at (0,0) size 296x23
            RenderTableCell {TD} at (0,0) size 98x23 [r=0 c=0 rs=1 cs=1]
              RenderText {#text} at (1,1) size 96x21
                text run at (1,1) width 96: "Row 1, Cell 1"
            RenderTableCell {TD} at (98,0) size 99x23 [border: none] [r=0 c=1 rs=1 cs=1]
              RenderText {#text} at (2,1) size 96x21
                text run at (2,1) width 96: "Row 1, Cell 2"
            RenderTableCell {TD} at (197,0) size 99x23 [border: none] [r=0 c=2 rs=1 cs=1]
              RenderText {#text} at (2,1) size 96x21
                text run at (2,1) width 96: "Row 1, Cell 3"
        RenderTableSection {TBODY} at (0,44) size 296x72
          RenderTableRow {TR} at (0,0) size 296x24
            RenderTableCell {TD} at (0,12) size 98x24 [border: (1px solid #808080)] [r=0 c=0 rs=2 cs=1]
              RenderText {#text} at (1,2) size 96x21
                text run at (1,2) width 96: "Row 2, Cell 1"
            RenderTableCell {TD} at (98,0) size 198x24 [border: (1px solid #808080)] [r=0 c=1 rs=1 cs=2]
              RenderText {#text} at (2,2) size 96x21
                text run at (2,2) width 96: "Row 2, Cell 2"
          RenderTableRow {TR} at (0,24) size 296x24
            RenderTableCell {TD} at (98,24) size 99x24 [border: (1px solid #808080)] [r=1 c=1 rs=1 cs=1]
              RenderText {#text} at (2,2) size 96x21
                text run at (2,2) width 96: "Row 3, Cell 2"
            RenderTableCell {TD} at (197,36) size 99x24 [border: (1px solid #808080)] [r=1 c=2 rs=2 cs=1]
              RenderText {#text} at (2,2) size 96x21
                text run at (2,2) width 96: "Row 3, Cell 3"
          RenderTableRow {TR} at (0,48) size 296x24
            RenderTableCell {TD} at (0,48) size 197x24 [border: (1px solid #808080)] [r=2 c=0 rs=1 cs=2]
              RenderText {#text} at (1,2) size 96x21
                text run at (1,2) width 96: "Row 4, Cell 1"
        RenderTableSection {TFOOT} at (0,116) size 296x24
          RenderTableRow {TR} at (0,0) size 296x24
            RenderTableCell {TD} at (0,0) size 98x24 [border: (1px solid #808080)] [r=0 c=0 rs=1 cs=1]
              RenderText {#text} at (1,2) size 96x21
                text run at (1,2) width 96: "Row 5, Cell 1"
            RenderTableCell {TD} at (98,0) size 99x24 [border: (1px solid #808080)] [r=0 c=1 rs=1 cs=1]
              RenderText {#text} at (2,2) size 96x21
                text run at (2,2) width 96: "Row 5, Cell 2"
            RenderTableCell {TD} at (197,0) size 99x24 [border: (1px solid #808080)] [r=0 c=2 rs=1 cs=1]
              RenderText {#text} at (2,2) size 96x21
                text run at (2,2) width 96: "Row 5, Cell 3"
      RenderTable {TABLE} at (0,7276) size 296x142 [border: none none (1px solid #808080) none]
        RenderBlock {CAPTION} at (0,0) size 296x21
          RenderInline {A} at (0,0) size 247x21
            RenderText {#text} at (22,0) size 247x21
              text run at (22,0) width 247: "Frame=\x{201C}hsides\x{201D} and Rules=\x{201C}all\x{201D}"
          RenderInline (generated) at (0,0) size 5x21
            RenderText at (269,0) size 5x21
              text run at (269,0) width 5: ":"
        RenderTableSection {THEAD} at (0,21) size 296x24
          RenderTableRow {TR} at (0,0) size 296x24
            RenderTableCell {TD} at (0,0) size 98x24 [border: (1px solid #808080)] [r=0 c=0 rs=1 cs=1]
              RenderText {#text} at (1,2) size 96x21
                text run at (1,2) width 96: "Row 1, Cell 1"
            RenderTableCell {TD} at (98,0) size 99x24 [border: (1px solid #808080)] [r=0 c=1 rs=1 cs=1]
              RenderText {#text} at (2,2) size 96x21
                text run at (2,2) width 96: "Row 1, Cell 2"
            RenderTableCell {TD} at (197,0) size 99x24 [border: (1px solid #808080)] [r=0 c=2 rs=1 cs=1]
              RenderText {#text} at (2,2) size 96x21
                text run at (2,2) width 96: "Row 1, Cell 3"
        RenderTableSection {TBODY} at (0,45) size 296x72
          RenderTableRow {TR} at (0,0) size 296x24
            RenderTableCell {TD} at (0,12) size 98x24 [border: (1px solid #808080)] [r=0 c=0 rs=2 cs=1]
              RenderText {#text} at (1,2) size 96x21
                text run at (1,2) width 96: "Row 2, Cell 1"
            RenderTableCell {TD} at (98,0) size 198x24 [border: (1px solid #808080)] [r=0 c=1 rs=1 cs=2]
              RenderText {#text} at (2,2) size 96x21
                text run at (2,2) width 96: "Row 2, Cell 2"
          RenderTableRow {TR} at (0,24) size 296x24
            RenderTableCell {TD} at (98,24) size 99x24 [border: (1px solid #808080)] [r=1 c=1 rs=1 cs=1]
              RenderText {#text} at (2,2) size 96x21
                text run at (2,2) width 96: "Row 3, Cell 2"
            RenderTableCell {TD} at (197,36) size 99x24 [border: (1px solid #808080)] [r=1 c=2 rs=2 cs=1]
              RenderText {#text} at (2,2) size 96x21
                text run at (2,2) width 96: "Row 3, Cell 3"
          RenderTableRow {TR} at (0,48) size 296x24
            RenderTableCell {TD} at (0,48) size 197x24 [border: (1px solid #808080)] [r=2 c=0 rs=1 cs=2]
              RenderText {#text} at (1,2) size 96x21
                text run at (1,2) width 96: "Row 4, Cell 1"
        RenderTableSection {TFOOT} at (0,117) size 296x24
          RenderTableRow {TR} at (0,0) size 296x24
            RenderTableCell {TD} at (0,0) size 98x24 [border: (1px solid #808080)] [r=0 c=0 rs=1 cs=1]
              RenderText {#text} at (1,2) size 96x21
                text run at (1,2) width 96: "Row 5, Cell 1"
            RenderTableCell {TD} at (98,0) size 99x24 [border: (1px solid #808080)] [r=0 c=1 rs=1 cs=1]
              RenderText {#text} at (2,2) size 96x21
                text run at (2,2) width 96: "Row 5, Cell 2"
            RenderTableCell {TD} at (197,0) size 99x24 [border: (1px solid #808080)] [r=0 c=2 rs=1 cs=1]
              RenderText {#text} at (2,2) size 96x21
                text run at (2,2) width 96: "Row 5, Cell 3"
      RenderTable {TABLE} at (0,7466) size 298x140 [border: none (1px solid #808080) none none]
        RenderBlock {CAPTION} at (0,0) size 298x21
          RenderInline {A} at (0,0) size 247x21
            RenderText {#text} at (23,0) size 247x21
              text run at (23,0) width 247: "Frame=\x{201C}vsides\x{201D} and Rules=\x{201C}all\x{201D}"
          RenderInline (generated) at (0,0) size 6x21
            RenderText at (269,0) size 6x21
              text run at (269,0) width 6: ":"
        RenderTableSection {THEAD} at (0,21) size 297x23
          RenderTableRow {TR} at (0,0) size 297x23
            RenderTableCell {TD} at (0,0) size 99x23 [border: none] [r=0 c=0 rs=1 cs=1]
              RenderText {#text} at (2,1) size 96x21
                text run at (2,1) width 96: "Row 1, Cell 1"
            RenderTableCell {TD} at (99,0) size 99x23 [border: none] [r=0 c=1 rs=1 cs=1]
              RenderText {#text} at (2,1) size 96x21
                text run at (2,1) width 96: "Row 1, Cell 2"
            RenderTableCell {TD} at (198,0) size 99x23 [border: none] [r=0 c=2 rs=1 cs=1]
              RenderText {#text} at (2,1) size 96x21
                text run at (2,1) width 96: "Row 1, Cell 3"
        RenderTableSection {TBODY} at (0,44) size 297x72
          RenderTableRow {TR} at (0,0) size 297x24
            RenderTableCell {TD} at (0,12) size 99x24 [border: (1px solid #808080)] [r=0 c=0 rs=2 cs=1]
              RenderText {#text} at (2,2) size 96x21
                text run at (2,2) width 96: "Row 2, Cell 1"
            RenderTableCell {TD} at (99,0) size 198x24 [border: (1px solid #808080)] [r=0 c=1 rs=1 cs=2]
              RenderText {#text} at (2,2) size 96x21
                text run at (2,2) width 96: "Row 2, Cell 2"
          RenderTableRow {TR} at (0,24) size 297x24
            RenderTableCell {TD} at (99,24) size 99x24 [border: (1px solid #808080)] [r=1 c=1 rs=1 cs=1]
              RenderText {#text} at (2,2) size 96x21
                text run at (2,2) width 96: "Row 3, Cell 2"
            RenderTableCell {TD} at (198,36) size 99x24 [border: (1px solid #808080)] [r=1 c=2 rs=2 cs=1]
              RenderText {#text} at (2,2) size 96x21
                text run at (2,2) width 96: "Row 3, Cell 3"
          RenderTableRow {TR} at (0,48) size 297x24
            RenderTableCell {TD} at (0,48) size 198x24 [border: (1px solid #808080)] [r=2 c=0 rs=1 cs=2]
              RenderText {#text} at (2,2) size 96x21
                text run at (2,2) width 96: "Row 4, Cell 1"
        RenderTableSection {TFOOT} at (0,116) size 297x24
          RenderTableRow {TR} at (0,0) size 297x24
            RenderTableCell {TD} at (0,0) size 99x24 [border: (1px solid #808080)] [r=0 c=0 rs=1 cs=1]
              RenderText {#text} at (2,2) size 96x21
                text run at (2,2) width 96: "Row 5, Cell 1"
            RenderTableCell {TD} at (99,0) size 99x24 [border: (1px solid #808080)] [r=0 c=1 rs=1 cs=1]
              RenderText {#text} at (2,2) size 96x21
                text run at (2,2) width 96: "Row 5, Cell 2"
            RenderTableCell {TD} at (198,0) size 99x24 [border: (1px solid #808080)] [r=0 c=2 rs=1 cs=1]
              RenderText {#text} at (2,2) size 96x21
                text run at (2,2) width 96: "Row 5, Cell 3"
      RenderTable {TABLE} at (0,7654) size 297x140
        RenderBlock {CAPTION} at (0,0) size 297x21
          RenderInline {A} at (0,0) size 220x21
            RenderText {#text} at (36,0) size 220x21
              text run at (36,0) width 220: "Frame=\x{201C}lhs\x{201D} and Rules=\x{201C}all\x{201D}"
          RenderInline (generated) at (0,0) size 6x21
            RenderText at (255,0) size 6x21
              text run at (255,0) width 6: ":"
        RenderTableSection {THEAD} at (0,21) size 297x23
          RenderTableRow {TR} at (0,0) size 297x23
            RenderTableCell {TD} at (0,0) size 99x23 [border: none] [r=0 c=0 rs=1 cs=1]
              RenderText {#text} at (2,1) size 96x21
                text run at (2,1) width 96: "Row 1, Cell 1"
            RenderTableCell {TD} at (99,0) size 99x23 [border: none] [r=0 c=1 rs=1 cs=1]
              RenderText {#text} at (2,1) size 96x21
                text run at (2,1) width 96: "Row 1, Cell 2"
            RenderTableCell {TD} at (198,0) size 99x23 [border: none] [r=0 c=2 rs=1 cs=1]
              RenderText {#text} at (2,1) size 96x21
                text run at (2,1) width 96: "Row 1, Cell 3"
        RenderTableSection {TBODY} at (0,44) size 297x72
          RenderTableRow {TR} at (0,0) size 297x24
            RenderTableCell {TD} at (0,12) size 99x24 [border: (1px solid #808080)] [r=0 c=0 rs=2 cs=1]
              RenderText {#text} at (2,2) size 96x21
                text run at (2,2) width 96: "Row 2, Cell 1"
            RenderTableCell {TD} at (99,0) size 198x24 [border: (1px solid #808080)] [r=0 c=1 rs=1 cs=2]
              RenderText {#text} at (2,2) size 96x21
                text run at (2,2) width 96: "Row 2, Cell 2"
          RenderTableRow {TR} at (0,24) size 297x24
            RenderTableCell {TD} at (99,24) size 99x24 [border: (1px solid #808080)] [r=1 c=1 rs=1 cs=1]
              RenderText {#text} at (2,2) size 96x21
                text run at (2,2) width 96: "Row 3, Cell 2"
            RenderTableCell {TD} at (198,36) size 99x24 [border: (1px solid #808080)] [r=1 c=2 rs=2 cs=1]
              RenderText {#text} at (2,2) size 96x21
                text run at (2,2) width 96: "Row 3, Cell 3"
          RenderTableRow {TR} at (0,48) size 297x24
            RenderTableCell {TD} at (0,48) size 198x24 [border: (1px solid #808080)] [r=2 c=0 rs=1 cs=2]
              RenderText {#text} at (2,2) size 96x21
                text run at (2,2) width 96: "Row 4, Cell 1"
        RenderTableSection {TFOOT} at (0,116) size 297x24
          RenderTableRow {TR} at (0,0) size 297x24
            RenderTableCell {TD} at (0,0) size 99x24 [border: (1px solid #808080)] [r=0 c=0 rs=1 cs=1]
              RenderText {#text} at (2,2) size 96x21
                text run at (2,2) width 96: "Row 5, Cell 1"
            RenderTableCell {TD} at (99,0) size 99x24 [border: (1px solid #808080)] [r=0 c=1 rs=1 cs=1]
              RenderText {#text} at (2,2) size 96x21
                text run at (2,2) width 96: "Row 5, Cell 2"
            RenderTableCell {TD} at (198,0) size 99x24 [border: (1px solid #808080)] [r=0 c=2 rs=1 cs=1]
              RenderText {#text} at (2,2) size 96x21
                text run at (2,2) width 96: "Row 5, Cell 3"
      RenderTable {TABLE} at (0,7842) size 297x140 [border: none (1px solid #808080) none]
        RenderBlock {CAPTION} at (0,0) size 297x21
          RenderInline {A} at (0,0) size 222x21
            RenderText {#text} at (35,0) size 222x21
              text run at (35,0) width 222: "Frame=\x{201C}rhs\x{201D} and Rules=\x{201C}all\x{201D}"
          RenderInline (generated) at (0,0) size 6x21
            RenderText at (256,0) size 6x21
              text run at (256,0) width 6: ":"
        RenderTableSection {THEAD} at (0,21) size 296x23
          RenderTableRow {TR} at (0,0) size 296x23
            RenderTableCell {TD} at (0,0) size 98x23 [r=0 c=0 rs=1 cs=1]
              RenderText {#text} at (1,1) size 96x21
                text run at (1,1) width 96: "Row 1, Cell 1"
            RenderTableCell {TD} at (98,0) size 99x23 [border: none] [r=0 c=1 rs=1 cs=1]
              RenderText {#text} at (2,1) size 96x21
                text run at (2,1) width 96: "Row 1, Cell 2"
            RenderTableCell {TD} at (197,0) size 99x23 [border: none] [r=0 c=2 rs=1 cs=1]
              RenderText {#text} at (2,1) size 96x21
                text run at (2,1) width 96: "Row 1, Cell 3"
        RenderTableSection {TBODY} at (0,44) size 296x72
          RenderTableRow {TR} at (0,0) size 296x24
            RenderTableCell {TD} at (0,12) size 98x24 [border: (1px solid #808080)] [r=0 c=0 rs=2 cs=1]
              RenderText {#text} at (1,2) size 96x21
                text run at (1,2) width 96: "Row 2, Cell 1"
            RenderTableCell {TD} at (98,0) size 198x24 [border: (1px solid #808080)] [r=0 c=1 rs=1 cs=2]
              RenderText {#text} at (2,2) size 96x21
                text run at (2,2) width 96: "Row 2, Cell 2"
          RenderTableRow {TR} at (0,24) size 296x24
            RenderTableCell {TD} at (98,24) size 99x24 [border: (1px solid #808080)] [r=1 c=1 rs=1 cs=1]
              RenderText {#text} at (2,2) size 96x21
                text run at (2,2) width 96: "Row 3, Cell 2"
            RenderTableCell {TD} at (197,36) size 99x24 [border: (1px solid #808080)] [r=1 c=2 rs=2 cs=1]
              RenderText {#text} at (2,2) size 96x21
                text run at (2,2) width 96: "Row 3, Cell 3"
          RenderTableRow {TR} at (0,48) size 296x24
            RenderTableCell {TD} at (0,48) size 197x24 [border: (1px solid #808080)] [r=2 c=0 rs=1 cs=2]
              RenderText {#text} at (1,2) size 96x21
                text run at (1,2) width 96: "Row 4, Cell 1"
        RenderTableSection {TFOOT} at (0,116) size 296x24
          RenderTableRow {TR} at (0,0) size 296x24
            RenderTableCell {TD} at (0,0) size 98x24 [border: (1px solid #808080)] [r=0 c=0 rs=1 cs=1]
              RenderText {#text} at (1,2) size 96x21
                text run at (1,2) width 96: "Row 5, Cell 1"
            RenderTableCell {TD} at (98,0) size 99x24 [border: (1px solid #808080)] [r=0 c=1 rs=1 cs=1]
              RenderText {#text} at (2,2) size 96x21
                text run at (2,2) width 96: "Row 5, Cell 2"
            RenderTableCell {TD} at (197,0) size 99x24 [border: (1px solid #808080)] [r=0 c=2 rs=1 cs=1]
              RenderText {#text} at (2,2) size 96x21
                text run at (2,2) width 96: "Row 5, Cell 3"
      RenderTable {TABLE} at (0,8030) size 298x142 [border: none]
        RenderBlock {CAPTION} at (0,0) size 298x21
          RenderInline {A} at (0,0) size 225x21
            RenderText {#text} at (34,0) size 225x21
              text run at (34,0) width 225: "Frame=\x{201C}box\x{201D} and Rules=\x{201C}all\x{201D}"
          RenderInline (generated) at (0,0) size 5x21
            RenderText at (259,0) size 5x21
              text run at (259,0) width 5: ":"
        RenderTableSection {THEAD} at (0,21) size 297x24
          RenderTableRow {TR} at (0,0) size 297x24
            RenderTableCell {TD} at (0,0) size 99x24 [border: (1px solid #808080)] [r=0 c=0 rs=1 cs=1]
              RenderText {#text} at (2,2) size 96x21
                text run at (2,2) width 96: "Row 1, Cell 1"
            RenderTableCell {TD} at (99,0) size 99x24 [border: (1px solid #808080)] [r=0 c=1 rs=1 cs=1]
              RenderText {#text} at (2,2) size 96x21
                text run at (2,2) width 96: "Row 1, Cell 2"
            RenderTableCell {TD} at (198,0) size 99x24 [border: (1px solid #808080)] [r=0 c=2 rs=1 cs=1]
              RenderText {#text} at (2,2) size 96x21
                text run at (2,2) width 96: "Row 1, Cell 3"
        RenderTableSection {TBODY} at (0,45) size 297x72
          RenderTableRow {TR} at (0,0) size 297x24
            RenderTableCell {TD} at (0,12) size 99x24 [border: (1px solid #808080)] [r=0 c=0 rs=2 cs=1]
              RenderText {#text} at (2,2) size 96x21
                text run at (2,2) width 96: "Row 2, Cell 1"
            RenderTableCell {TD} at (99,0) size 198x24 [border: (1px solid #808080)] [r=0 c=1 rs=1 cs=2]
              RenderText {#text} at (2,2) size 96x21
                text run at (2,2) width 96: "Row 2, Cell 2"
          RenderTableRow {TR} at (0,24) size 297x24
            RenderTableCell {TD} at (99,24) size 99x24 [border: (1px solid #808080)] [r=1 c=1 rs=1 cs=1]
              RenderText {#text} at (2,2) size 96x21
                text run at (2,2) width 96: "Row 3, Cell 2"
            RenderTableCell {TD} at (198,36) size 99x24 [border: (1px solid #808080)] [r=1 c=2 rs=2 cs=1]
              RenderText {#text} at (2,2) size 96x21
                text run at (2,2) width 96: "Row 3, Cell 3"
          RenderTableRow {TR} at (0,48) size 297x24
            RenderTableCell {TD} at (0,48) size 198x24 [border: (1px solid #808080)] [r=2 c=0 rs=1 cs=2]
              RenderText {#text} at (2,2) size 96x21
                text run at (2,2) width 96: "Row 4, Cell 1"
        RenderTableSection {TFOOT} at (0,117) size 297x24
          RenderTableRow {TR} at (0,0) size 297x24
            RenderTableCell {TD} at (0,0) size 99x24 [border: (1px solid #808080)] [r=0 c=0 rs=1 cs=1]
              RenderText {#text} at (2,2) size 96x21
                text run at (2,2) width 96: "Row 5, Cell 1"
            RenderTableCell {TD} at (99,0) size 99x24 [border: (1px solid #808080)] [r=0 c=1 rs=1 cs=1]
              RenderText {#text} at (2,2) size 96x21
                text run at (2,2) width 96: "Row 5, Cell 2"
            RenderTableCell {TD} at (198,0) size 99x24 [border: (1px solid #808080)] [r=0 c=2 rs=1 cs=1]
              RenderText {#text} at (2,2) size 96x21
                text run at (2,2) width 96: "Row 5, Cell 3"
      RenderTable {TABLE} at (0,8220) size 298x142 [border: none]
        RenderBlock {CAPTION} at (0,0) size 298x21
          RenderInline {A} at (0,0) size 247x21
            RenderText {#text} at (23,0) size 247x21
              text run at (23,0) width 247: "Frame=\x{201C}border\x{201D} and Rules=\x{201C}all\x{201D}"
          RenderInline (generated) at (0,0) size 5x21
            RenderText at (270,0) size 5x21
              text run at (270,0) width 5: ":"
        RenderTableSection {THEAD} at (0,21) size 297x24
          RenderTableRow {TR} at (0,0) size 297x24
            RenderTableCell {TD} at (0,0) size 99x24 [border: (1px solid #808080)] [r=0 c=0 rs=1 cs=1]
              RenderText {#text} at (2,2) size 96x21
                text run at (2,2) width 96: "Row 1, Cell 1"
            RenderTableCell {TD} at (99,0) size 99x24 [border: (1px solid #808080)] [r=0 c=1 rs=1 cs=1]
              RenderText {#text} at (2,2) size 96x21
                text run at (2,2) width 96: "Row 1, Cell 2"
            RenderTableCell {TD} at (198,0) size 99x24 [border: (1px solid #808080)] [r=0 c=2 rs=1 cs=1]
              RenderText {#text} at (2,2) size 96x21
                text run at (2,2) width 96: "Row 1, Cell 3"
        RenderTableSection {TBODY} at (0,45) size 297x72
          RenderTableRow {TR} at (0,0) size 297x24
            RenderTableCell {TD} at (0,12) size 99x24 [border: (1px solid #808080)] [r=0 c=0 rs=2 cs=1]
              RenderText {#text} at (2,2) size 96x21
                text run at (2,2) width 96: "Row 2, Cell 1"
            RenderTableCell {TD} at (99,0) size 198x24 [border: (1px solid #808080)] [r=0 c=1 rs=1 cs=2]
              RenderText {#text} at (2,2) size 96x21
                text run at (2,2) width 96: "Row 2, Cell 2"
          RenderTableRow {TR} at (0,24) size 297x24
            RenderTableCell {TD} at (99,24) size 99x24 [border: (1px solid #808080)] [r=1 c=1 rs=1 cs=1]
              RenderText {#text} at (2,2) size 96x21
                text run at (2,2) width 96: "Row 3, Cell 2"
            RenderTableCell {TD} at (198,36) size 99x24 [border: (1px solid #808080)] [r=1 c=2 rs=2 cs=1]
              RenderText {#text} at (2,2) size 96x21
                text run at (2,2) width 96: "Row 3, Cell 3"
          RenderTableRow {TR} at (0,48) size 297x24
            RenderTableCell {TD} at (0,48) size 198x24 [border: (1px solid #808080)] [r=2 c=0 rs=1 cs=2]
              RenderText {#text} at (2,2) size 96x21
                text run at (2,2) width 96: "Row 4, Cell 1"
        RenderTableSection {TFOOT} at (0,117) size 297x24
          RenderTableRow {TR} at (0,0) size 297x24
            RenderTableCell {TD} at (0,0) size 99x24 [border: (1px solid #808080)] [r=0 c=0 rs=1 cs=1]
              RenderText {#text} at (2,2) size 96x21
                text run at (2,2) width 96: "Row 5, Cell 1"
            RenderTableCell {TD} at (99,0) size 99x24 [border: (1px solid #808080)] [r=0 c=1 rs=1 cs=1]
              RenderText {#text} at (2,2) size 96x21
                text run at (2,2) width 96: "Row 5, Cell 2"
            RenderTableCell {TD} at (198,0) size 99x24 [border: (1px solid #808080)] [r=0 c=2 rs=1 cs=1]
              RenderText {#text} at (2,2) size 96x21
                text run at (2,2) width 96: "Row 5, Cell 3"
layer at (392,24) size 392x150
  RenderBlock (positioned) {TABLE} at (392,24) size 392x150
    RenderTable at (0,0) size 378x172
      RenderBlock {CAPTION} at (0,0) size 378x21
        RenderText {#text} at (45,0) size 283x21
          text run at (45,0) width 283: "Local links to specific testcase tables"
        RenderInline (generated) at (0,0) size 6x21
          RenderText at (327,0) size 6x21
            text run at (327,0) width 6: ":"
      RenderTableCol {COLGROUP} at (0,0) size 0x0
      RenderTableCol {COLGROUP} at (0,0) size 0x0
      RenderTableSection {THEAD} at (0,21) size 378x44
        RenderTableRow {TR} at (0,2) size 378x19
          RenderTableCell {TH} at (2,21) size 78x2 [r=0 c=0 rs=2 cs=2]
          RenderTableCell {TH} at (82,2) size 294x19 [r=0 c=2 rs=1 cs=9]
            RenderText {#text} at (128,1) size 38x17
              text run at (128,1) width 38: "Frame"
        RenderTableRow {TR} at (0,23) size 378x19
          RenderTableCell {TH} at (82,23) size 26x19 [r=1 c=2 rs=1 cs=1]
            RenderText {#text} at (1,1) size 24x17
              text run at (1,1) width 24: "void"
          RenderTableCell {TH} at (110,23) size 37x19 [r=1 c=3 rs=1 cs=1]
            RenderText {#text} at (1,1) size 35x17
              text run at (1,1) width 35: "above"
          RenderTableCell {TH} at (149,23) size 35x19 [r=1 c=4 rs=1 cs=1]
            RenderText {#text} at (1,1) size 33x17
              text run at (1,1) width 33: "below"
          RenderTableCell {TH} at (186,23) size 40x19 [r=1 c=5 rs=1 cs=1]
            RenderText {#text} at (1,1) size 38x17
              text run at (1,1) width 38: "hsides"
          RenderTableCell {TH} at (228,23) size 40x19 [r=1 c=6 rs=1 cs=1]
            RenderText {#text} at (1,1) size 38x17
              text run at (1,1) width 38: "vsides"
          RenderTableCell {TH} at (270,23) size 19x19 [r=1 c=7 rs=1 cs=1]
            RenderText {#text} at (1,1) size 17x17
              text run at (1,1) width 17: "lhs"
          RenderTableCell {TH} at (291,23) size 20x19 [r=1 c=8 rs=1 cs=1]
            RenderText {#text} at (1,1) size 18x17
              text run at (1,1) width 18: "rhs"
          RenderTableCell {TH} at (313,23) size 23x19 [r=1 c=9 rs=1 cs=1]
            RenderText {#text} at (1,1) size 21x17
              text run at (1,1) width 21: "box"
          RenderTableCell {TH} at (338,23) size 38x19 [r=1 c=10 rs=1 cs=1]
            RenderText {#text} at (1,1) size 36x17
              text run at (1,1) width 36: "border"
      RenderTableSection {TBODY} at (0,65) size 378x107
        RenderTableRow {TR} at (0,2) size 378x19
          RenderTableCell {TH} at (2,44) size 35x19 [r=0 c=0 rs=5 cs=1]
            RenderText {#text} at (1,1) size 33x17
              text run at (1,1) width 33: "Rules"
          RenderTableCell {TH} at (39,2) size 41x19 [r=0 c=1 rs=1 cs=1]
            RenderText {#text} at (12,1) size 28x17
              text run at (12,1) width 28: "none"
          RenderTableCell {TD} at (82,2) size 26x18 [bgcolor=#CCCCCC] [r=0 c=2 rs=1 cs=1]
            RenderInline {A} at (0,0) size 16x16 [color=#0000EE]
              RenderText {#text} at (5,1) size 16x16
                text run at (5,1) width 16: "Go"
          RenderTableCell {TD} at (110,2) size 37x18 [bgcolor=#CCCCCC] [r=0 c=3 rs=1 cs=1]
            RenderInline {A} at (0,0) size 17x16 [color=#0000EE]
              RenderText {#text} at (10,1) size 17x16
                text run at (10,1) width 17: "Go"
          RenderTableCell {TD} at (149,2) size 35x18 [bgcolor=#CCCCCC] [r=0 c=4 rs=1 cs=1]
            RenderInline {A} at (0,0) size 17x16 [color=#0000EE]
              RenderText {#text} at (9,1) size 17x16
                text run at (9,1) width 17: "Go"
          RenderTableCell {TD} at (186,2) size 40x18 [bgcolor=#CCCCCC] [r=0 c=5 rs=1 cs=1]
            RenderInline {A} at (0,0) size 16x16 [color=#0000EE]
              RenderText {#text} at (12,1) size 16x16
                text run at (12,1) width 16: "Go"
          RenderTableCell {TD} at (228,2) size 40x18 [bgcolor=#CCCCCC] [r=0 c=6 rs=1 cs=1]
            RenderInline {A} at (0,0) size 16x16 [color=#0000EE]
              RenderText {#text} at (12,1) size 16x16
                text run at (12,1) width 16: "Go"
          RenderTableCell {TD} at (270,2) size 19x18 [bgcolor=#CCCCCC] [r=0 c=7 rs=1 cs=1]
            RenderInline {A} at (0,0) size 17x16 [color=#0000EE]
              RenderText {#text} at (1,1) size 17x16
                text run at (1,1) width 17: "Go"
          RenderTableCell {TD} at (291,2) size 20x18 [bgcolor=#CCCCCC] [r=0 c=8 rs=1 cs=1]
            RenderInline {A} at (0,0) size 16x16 [color=#0000EE]
              RenderText {#text} at (2,1) size 16x16
                text run at (2,1) width 16: "Go"
          RenderTableCell {TD} at (313,2) size 23x18 [bgcolor=#CCCCCC] [r=0 c=9 rs=1 cs=1]
            RenderInline {A} at (0,0) size 17x16 [color=#0000EE]
              RenderText {#text} at (3,1) size 17x16
                text run at (3,1) width 17: "Go"
          RenderTableCell {TD} at (338,2) size 38x18 [bgcolor=#CCCCCC] [r=0 c=10 rs=1 cs=1]
            RenderInline {A} at (0,0) size 16x16 [color=#0000EE]
              RenderText {#text} at (11,1) size 16x16
                text run at (11,1) width 16: "Go"
        RenderTableRow {TR} at (0,23) size 378x19
          RenderTableCell {TH} at (39,23) size 41x19 [r=1 c=1 rs=1 cs=1]
            RenderText {#text} at (1,1) size 39x17
              text run at (1,1) width 39: "groups"
          RenderTableCell {TD} at (82,23) size 26x18 [bgcolor=#CCCCCC] [r=1 c=2 rs=1 cs=1]
            RenderInline {A} at (0,0) size 16x16 [color=#0000EE]
              RenderText {#text} at (5,1) size 16x16
                text run at (5,1) width 16: "Go"
          RenderTableCell {TD} at (110,23) size 37x18 [bgcolor=#CCCCCC] [r=1 c=3 rs=1 cs=1]
            RenderInline {A} at (0,0) size 17x16 [color=#0000EE]
              RenderText {#text} at (10,1) size 17x16
                text run at (10,1) width 17: "Go"
          RenderTableCell {TD} at (149,23) size 35x18 [bgcolor=#CCCCCC] [r=1 c=4 rs=1 cs=1]
            RenderInline {A} at (0,0) size 17x16 [color=#0000EE]
              RenderText {#text} at (9,1) size 17x16
                text run at (9,1) width 17: "Go"
          RenderTableCell {TD} at (186,23) size 40x18 [bgcolor=#CCCCCC] [r=1 c=5 rs=1 cs=1]
            RenderInline {A} at (0,0) size 16x16 [color=#0000EE]
              RenderText {#text} at (12,1) size 16x16
                text run at (12,1) width 16: "Go"
          RenderTableCell {TD} at (228,23) size 40x18 [bgcolor=#CCCCCC] [r=1 c=6 rs=1 cs=1]
            RenderInline {A} at (0,0) size 16x16 [color=#0000EE]
              RenderText {#text} at (12,1) size 16x16
                text run at (12,1) width 16: "Go"
          RenderTableCell {TD} at (270,23) size 19x18 [bgcolor=#CCCCCC] [r=1 c=7 rs=1 cs=1]
            RenderInline {A} at (0,0) size 17x16 [color=#0000EE]
              RenderText {#text} at (1,1) size 17x16
                text run at (1,1) width 17: "Go"
          RenderTableCell {TD} at (291,23) size 20x18 [bgcolor=#CCCCCC] [r=1 c=8 rs=1 cs=1]
            RenderInline {A} at (0,0) size 16x16 [color=#0000EE]
              RenderText {#text} at (2,1) size 16x16
                text run at (2,1) width 16: "Go"
          RenderTableCell {TD} at (313,23) size 23x18 [bgcolor=#CCCCCC] [r=1 c=9 rs=1 cs=1]
            RenderInline {A} at (0,0) size 17x16 [color=#0000EE]
              RenderText {#text} at (3,1) size 17x16
                text run at (3,1) width 17: "Go"
          RenderTableCell {TD} at (338,23) size 38x18 [bgcolor=#CCCCCC] [r=1 c=10 rs=1 cs=1]
            RenderInline {A} at (0,0) size 16x16 [color=#0000EE]
              RenderText {#text} at (11,1) size 16x16
                text run at (11,1) width 16: "Go"
        RenderTableRow {TR} at (0,44) size 378x19
          RenderTableCell {TH} at (39,44) size 41x19 [r=2 c=1 rs=1 cs=1]
            RenderText {#text} at (13,1) size 27x17
              text run at (13,1) width 27: "rows"
          RenderTableCell {TD} at (82,44) size 26x18 [bgcolor=#CCCCCC] [r=2 c=2 rs=1 cs=1]
            RenderInline {A} at (0,0) size 16x16 [color=#0000EE]
              RenderText {#text} at (5,1) size 16x16
                text run at (5,1) width 16: "Go"
          RenderTableCell {TD} at (110,44) size 37x18 [bgcolor=#CCCCCC] [r=2 c=3 rs=1 cs=1]
            RenderInline {A} at (0,0) size 17x16 [color=#0000EE]
              RenderText {#text} at (10,1) size 17x16
                text run at (10,1) width 17: "Go"
          RenderTableCell {TD} at (149,44) size 35x18 [bgcolor=#CCCCCC] [r=2 c=4 rs=1 cs=1]
            RenderInline {A} at (0,0) size 17x16 [color=#0000EE]
              RenderText {#text} at (9,1) size 17x16
                text run at (9,1) width 17: "Go"
          RenderTableCell {TD} at (186,44) size 40x18 [bgcolor=#CCCCCC] [r=2 c=5 rs=1 cs=1]
            RenderInline {A} at (0,0) size 16x16 [color=#0000EE]
              RenderText {#text} at (12,1) size 16x16
                text run at (12,1) width 16: "Go"
          RenderTableCell {TD} at (228,44) size 40x18 [bgcolor=#CCCCCC] [r=2 c=6 rs=1 cs=1]
            RenderInline {A} at (0,0) size 16x16 [color=#0000EE]
              RenderText {#text} at (12,1) size 16x16
                text run at (12,1) width 16: "Go"
          RenderTableCell {TD} at (270,44) size 19x18 [bgcolor=#CCCCCC] [r=2 c=7 rs=1 cs=1]
            RenderInline {A} at (0,0) size 17x16 [color=#0000EE]
              RenderText {#text} at (1,1) size 17x16
                text run at (1,1) width 17: "Go"
          RenderTableCell {TD} at (291,44) size 20x18 [bgcolor=#CCCCCC] [r=2 c=8 rs=1 cs=1]
            RenderInline {A} at (0,0) size 16x16 [color=#0000EE]
              RenderText {#text} at (2,1) size 16x16
                text run at (2,1) width 16: "Go"
          RenderTableCell {TD} at (313,44) size 23x18 [bgcolor=#CCCCCC] [r=2 c=9 rs=1 cs=1]
            RenderInline {A} at (0,0) size 17x16 [color=#0000EE]
              RenderText {#text} at (3,1) size 17x16
                text run at (3,1) width 17: "Go"
          RenderTableCell {TD} at (338,44) size 38x18 [bgcolor=#CCCCCC] [r=2 c=10 rs=1 cs=1]
            RenderInline {A} at (0,0) size 16x16 [color=#0000EE]
              RenderText {#text} at (11,1) size 16x16
                text run at (11,1) width 16: "Go"
        RenderTableRow {TR} at (0,65) size 378x19
          RenderTableCell {TH} at (39,65) size 41x19 [r=3 c=1 rs=1 cs=1]
            RenderText {#text} at (16,1) size 24x17
              text run at (16,1) width 24: "cols"
          RenderTableCell {TD} at (82,65) size 26x18 [bgcolor=#CCCCCC] [r=3 c=2 rs=1 cs=1]
            RenderInline {A} at (0,0) size 16x16 [color=#0000EE]
              RenderText {#text} at (5,1) size 16x16
                text run at (5,1) width 16: "Go"
          RenderTableCell {TD} at (110,65) size 37x18 [bgcolor=#CCCCCC] [r=3 c=3 rs=1 cs=1]
            RenderInline {A} at (0,0) size 17x16 [color=#0000EE]
              RenderText {#text} at (10,1) size 17x16
                text run at (10,1) width 17: "Go"
          RenderTableCell {TD} at (149,65) size 35x18 [bgcolor=#CCCCCC] [r=3 c=4 rs=1 cs=1]
            RenderInline {A} at (0,0) size 17x16 [color=#0000EE]
              RenderText {#text} at (9,1) size 17x16
                text run at (9,1) width 17: "Go"
          RenderTableCell {TD} at (186,65) size 40x18 [bgcolor=#CCCCCC] [r=3 c=5 rs=1 cs=1]
            RenderInline {A} at (0,0) size 16x16 [color=#0000EE]
              RenderText {#text} at (12,1) size 16x16
                text run at (12,1) width 16: "Go"
          RenderTableCell {TD} at (228,65) size 40x18 [bgcolor=#CCCCCC] [r=3 c=6 rs=1 cs=1]
            RenderInline {A} at (0,0) size 16x16 [color=#0000EE]
              RenderText {#text} at (12,1) size 16x16
                text run at (12,1) width 16: "Go"
          RenderTableCell {TD} at (270,65) size 19x18 [bgcolor=#CCCCCC] [r=3 c=7 rs=1 cs=1]
            RenderInline {A} at (0,0) size 17x16 [color=#0000EE]
              RenderText {#text} at (1,1) size 17x16
                text run at (1,1) width 17: "Go"
          RenderTableCell {TD} at (291,65) size 20x18 [bgcolor=#CCCCCC] [r=3 c=8 rs=1 cs=1]
            RenderInline {A} at (0,0) size 16x16 [color=#0000EE]
              RenderText {#text} at (2,1) size 16x16
                text run at (2,1) width 16: "Go"
          RenderTableCell {TD} at (313,65) size 23x18 [bgcolor=#CCCCCC] [r=3 c=9 rs=1 cs=1]
            RenderInline {A} at (0,0) size 17x16 [color=#0000EE]
              RenderText {#text} at (3,1) size 17x16
                text run at (3,1) width 17: "Go"
          RenderTableCell {TD} at (338,65) size 38x18 [bgcolor=#CCCCCC] [r=3 c=10 rs=1 cs=1]
            RenderInline {A} at (0,0) size 16x16 [color=#0000EE]
              RenderText {#text} at (11,1) size 16x16
                text run at (11,1) width 16: "Go"
        RenderTableRow {TR} at (0,86) size 378x19
          RenderTableCell {TH} at (39,86) size 41x19 [r=4 c=1 rs=1 cs=1]
            RenderText {#text} at (27,1) size 13x17
              text run at (27,1) width 13: "all"
          RenderTableCell {TD} at (82,86) size 26x18 [bgcolor=#CCCCCC] [r=4 c=2 rs=1 cs=1]
            RenderInline {A} at (0,0) size 16x16 [color=#0000EE]
              RenderText {#text} at (5,1) size 16x16
                text run at (5,1) width 16: "Go"
          RenderTableCell {TD} at (110,86) size 37x18 [bgcolor=#CCCCCC] [r=4 c=3 rs=1 cs=1]
            RenderInline {A} at (0,0) size 17x16 [color=#0000EE]
              RenderText {#text} at (10,1) size 17x16
                text run at (10,1) width 17: "Go"
          RenderTableCell {TD} at (149,86) size 35x18 [bgcolor=#CCCCCC] [r=4 c=4 rs=1 cs=1]
            RenderInline {A} at (0,0) size 17x16 [color=#0000EE]
              RenderText {#text} at (9,1) size 17x16
                text run at (9,1) width 17: "Go"
          RenderTableCell {TD} at (186,86) size 40x18 [bgcolor=#CCCCCC] [r=4 c=5 rs=1 cs=1]
            RenderInline {A} at (0,0) size 16x16 [color=#0000EE]
              RenderText {#text} at (12,1) size 16x16
                text run at (12,1) width 16: "Go"
          RenderTableCell {TD} at (228,86) size 40x18 [bgcolor=#CCCCCC] [r=4 c=6 rs=1 cs=1]
            RenderInline {A} at (0,0) size 16x16 [color=#0000EE]
              RenderText {#text} at (12,1) size 16x16
                text run at (12,1) width 16: "Go"
          RenderTableCell {TD} at (270,86) size 19x18 [bgcolor=#CCCCCC] [r=4 c=7 rs=1 cs=1]
            RenderInline {A} at (0,0) size 17x16 [color=#0000EE]
              RenderText {#text} at (1,1) size 17x16
                text run at (1,1) width 17: "Go"
          RenderTableCell {TD} at (291,86) size 20x18 [bgcolor=#CCCCCC] [r=4 c=8 rs=1 cs=1]
            RenderInline {A} at (0,0) size 16x16 [color=#0000EE]
              RenderText {#text} at (2,1) size 16x16
                text run at (2,1) width 16: "Go"
          RenderTableCell {TD} at (313,86) size 23x18 [bgcolor=#CCCCCC] [r=4 c=9 rs=1 cs=1]
            RenderInline {A} at (0,0) size 17x16 [color=#0000EE]
              RenderText {#text} at (3,1) size 17x16
                text run at (3,1) width 17: "Go"
          RenderTableCell {TD} at (338,86) size 38x18 [bgcolor=#CCCCCC] [r=4 c=10 rs=1 cs=1]
            RenderInline {A} at (0,0) size 16x16 [color=#0000EE]
              RenderText {#text} at (11,1) size 16x16
                text run at (11,1) width 16: "Go"
