layer at (0,0) size 800x600
  RenderView at (0,0) size 800x600
layer at (0,0) size 800x600
  RenderBlock {HTML} at (0,0) size 800x600
    RenderBody {BODY} at (8,8) size 784x584
      RenderBlock {P} at (0,0) size 784x21
        RenderText {#text} at (0,0) size 57x21
          text run at (0,0) width 57: "Test for "
        RenderInline {I} at (0,0) size 710x21
          RenderInline {A} at (0,0) size 165x21 [color=#0000EE]
            RenderText {#text} at (57,0) size 165x21
              text run at (57,0) width 165: "rdar://problem/5615307"
          RenderText {#text} at (222,0) size 545x21
            text run at (222,0) width 545: " Repro crash in WebKit!WebCore::RenderContainer::destroyLeftoverChildren"
        RenderText {#text} at (767,0) size 4x21
          text run at (767,0) width 4: "."
      RenderBlock {P} at (0,37) size 784x21
        RenderText {#text} at (0,0) size 301x21
          text run at (0,0) width 301: "There should be a line of green text below."
      RenderTable {TABLE} at (0,74) size 166x33 [color=#FF0000]
        RenderTableSection {TBODY} at (0,0) size 166x33
          RenderTableRow {TR} at (0,2) size 166x29
            RenderTableCell {TD} at (2,2) size 162x29 [r=0 c=0 rs=1 cs=1]
              RenderTable {TABLE} at (1,1) size 160x27 [color=#008000]
                RenderTableSection {TBODY} at (0,0) size 160x27
                  RenderTableRow {TR} at (0,2) size 160x23
                    RenderTableCell {TD} at (2,2) size 156x23 [r=0 c=0 rs=1 cs=1]
                      RenderText {#text} at (1,1) size 154x21
                        text run at (1,1) width 154: "This should be green."
