layer at (0,0) size 800x600
  RenderView at (0,0) size 800x600
layer at (0,0) size 800x600
  RenderBlock {HTML} at (0,0) size 800x600
    RenderBody {BODY} at (8,8) size 784x584
      RenderBlock {P} at (0,0) size 784x42
        RenderText {#text} at (0,0) size 57x21
          text run at (0,0) width 57: "Test for "
        RenderInline {I} at (0,0) size 752x42
          RenderInline {A} at (0,0) size 329x21 [color=#0000EE]
            RenderText {#text} at (57,0) size 329x21
              text run at (57,0) width 329: "http://bugs.webkit.org/show_bug.cgi?id=15208"
          RenderText {#text} at (386,0) size 752x42
            text run at (386,0) width 4: " "
            text run at (390,0) width 362: "display:table causes the collapsed text to show at a"
            text run at (0,21) width 235: "different position when expanded"
        RenderText {#text} at (235,21) size 4x21
          text run at (235,21) width 4: "."
      RenderBlock {P} at (0,58) size 784x21
        RenderText {#text} at (0,0) size 222x21
          text run at (0,0) width 222: "This should say \x{201C}Lorem ipsum\x{201D}:"
      RenderTable {DIV} at (0,95) size 92x21
        RenderTableSection (anonymous) at (0,0) size 92x21
          RenderTableRow (anonymous) at (0,0) size 92x21
            RenderTableCell (anonymous) at (0,0) size 92x21 [r=0 c=0 rs=1 cs=1]
              RenderText {#text} at (0,0) size 45x21
                text run at (0,0) width 45: "Lorem"
              RenderText {#text} at (45,0) size 47x21
                text run at (45,0) width 4: " "
                text run at (49,0) width 43: "ipsum"
