layer at (0,0) size 800x600
  RenderView at (0,0) size 800x600
layer at (0,0) size 800x600
  RenderBlock {HTML} at (0,0) size 800x600
    RenderBody {BODY} at (8,8) size 784x584
      RenderTable {TABLE} at (0,0) size 784x70 [border: (1px outset #808080)]
        RenderTableSection {TBODY} at (1,1) size 782x68
          RenderTableRow {TR} at (0,2) size 782x64
            RenderTableCell {TD} at (2,23) size 22x22 [border: (1px inset #808080)] [r=0 c=0 rs=1 cs=1]
            RenderTableCell {TD} at (26,2) size 754x64 [border: (1px inset #808080)] [r=0 c=1 rs=1 cs=1]
              RenderText {#text} at (11,11) size 729x42
                text run at (11,11) width 729: "This is a very long line of text, but it should be wrapped. It should not extend all the way off the right side"
                text run at (11,32) width 380: "of the window, but rather be broken into multiple lines."
