layer at (0,0) size 800x600
  RenderView at (0,0) size 800x600
layer at (0,0) size 800x476
  RenderBlock {HTML} at (0,0) size 800x476
    RenderBody {BODY} at (8,21) size 784x447
      RenderBlock {H1} at (0,0) size 784x37
        RenderText {#text} at (0,0) size 486x36
          text run at (0,0) width 486: "Vertical alignment and table height"
      RenderBlock {P} at (0,58) size 784x19
        RenderText {#text} at (0,0) size 503x19
          text run at (0,0) width 503: "In each of the following tables the cells with 'Data' should all have the same baseline:"
      RenderTable {TABLE} at (0,93) size 452x118
        RenderTableSection {TBODY} at (0,0) size 452x118
          RenderTableRow {TR} at (0,2) size 452x114
            RenderTableCell {TD} at (2,2) size 186x114 [border: (1px solid #000000)] [r=0 c=0 rs=1 cs=1]
              RenderText {#text} at (2,3) size 182x107
                text run at (2,3) width 182: "Data"
            RenderTableCell {TD} at (190,2) size 29x23 [border: (1px solid #000000)] [r=0 c=1 rs=1 cs=1]
              RenderText {#text} at (2,2) size 25x19
                text run at (2,2) width 25: "Top"
            RenderTableCell {TD} at (221,47) size 47x23 [border: (1px solid #000000)] [r=0 c=2 rs=1 cs=1]
              RenderText {#text} at (2,2) size 43x19
                text run at (2,2) width 43: "Middle"
            RenderTableCell {TD} at (270,74) size 33x23 [border: (1px solid #000000)] [r=0 c=3 rs=1 cs=1]
              RenderText {#text} at (2,2) size 29x19
                text run at (2,2) width 29: "Data"
            RenderTableCell {TD} at (305,93) size 49x23 [border: (1px solid #000000)] [r=0 c=4 rs=1 cs=1]
              RenderText {#text} at (2,2) size 45x19
                text run at (2,2) width 45: "Bottom"
            RenderTableCell {TD} at (356,46) size 94x59 [border: (1px solid #000000)] [r=0 c=5 rs=1 cs=1]
              RenderText {#text} at (2,2) size 90x54
                text run at (2,2) width 90: "Data"
      RenderTable {TABLE} at (0,211) size 452x118
        RenderTableSection {TBODY} at (0,0) size 452x118
          RenderTableRow {TR} at (0,2) size 452x114
            RenderTableCell {TD} at (2,2) size 29x23 [border: (1px solid #000000)] [r=0 c=0 rs=1 cs=1]
              RenderText {#text} at (2,2) size 25x19
                text run at (2,2) width 25: "Top"
            RenderTableCell {TD} at (33,74) size 33x23 [border: (1px solid #000000)] [r=0 c=1 rs=1 cs=1]
              RenderText {#text} at (2,2) size 29x19
                text run at (2,2) width 29: "Data"
            RenderTableCell {TD} at (68,46) size 94x59 [border: (1px solid #000000)] [r=0 c=2 rs=1 cs=1]
              RenderText {#text} at (2,2) size 90x54
                text run at (2,2) width 90: "Data"
            RenderTableCell {TD} at (164,47) size 47x23 [border: (1px solid #000000)] [r=0 c=3 rs=1 cs=1]
              RenderText {#text} at (2,2) size 43x19
                text run at (2,2) width 43: "Middle"
            RenderTableCell {TD} at (213,93) size 49x23 [border: (1px solid #000000)] [r=0 c=4 rs=1 cs=1]
              RenderText {#text} at (2,2) size 45x19
                text run at (2,2) width 45: "Bottom"
            RenderTableCell {TD} at (264,2) size 186x114 [border: (1px solid #000000)] [r=0 c=5 rs=1 cs=1]
              RenderText {#text} at (2,3) size 182x107
                text run at (2,3) width 182: "Data"
      RenderTable {TABLE} at (0,329) size 452x118
        RenderTableSection {TBODY} at (0,0) size 452x118
          RenderTableRow {TR} at (0,2) size 452x114
            RenderTableCell {TD} at (2,2) size 29x23 [border: (1px solid #000000)] [r=0 c=0 rs=1 cs=1]
              RenderText {#text} at (2,2) size 25x19
                text run at (2,2) width 25: "Top"
            RenderTableCell {TD} at (33,46) size 94x59 [border: (1px solid #000000)] [r=0 c=1 rs=1 cs=1]
              RenderText {#text} at (2,2) size 90x54
                text run at (2,2) width 90: "Data"
            RenderTableCell {TD} at (129,93) size 49x23 [border: (1px solid #000000)] [r=0 c=2 rs=1 cs=1]
              RenderText {#text} at (2,2) size 45x19
                text run at (2,2) width 45: "Bottom"
            RenderTableCell {TD} at (180,74) size 33x23 [border: (1px solid #000000)] [r=0 c=3 rs=1 cs=1]
              RenderText {#text} at (2,2) size 29x19
                text run at (2,2) width 29: "Data"
            RenderTableCell {TD} at (215,2) size 186x114 [border: (1px solid #000000)] [r=0 c=4 rs=1 cs=1]
              RenderText {#text} at (2,3) size 182x107
                text run at (2,3) width 182: "Data"
            RenderTableCell {TD} at (403,47) size 47x23 [border: (1px solid #000000)] [r=0 c=5 rs=1 cs=1]
              RenderText {#text} at (2,2) size 43x19
                text run at (2,2) width 43: "Middle"
