layer at (0,0) size 784x2514
  RenderView at (0,0) size 784x600
layer at (0,0) size 784x2514
  RenderBlock {HTML} at (0,0) size 784x2514
    RenderBody {BODY} at (8,8) size 768x2498
      RenderTable {TABLE} at (0,0) size 418x112 [border: (2px outset #808080)]
        RenderTableSection {TBODY} at (2,2) size 414x108
          RenderTableRow {TR} at (0,2) size 414x104
            RenderTableCell {TD} at (308,2) size 104x104 [border: (1px inset #808080)] [r=0 c=1 rs=1 cs=1]
              RenderBlock {DIV} at (2,2) size 100x100 [bgcolor=#800080]
      RenderBlock (anonymous) at (0,112) size 768x42
        RenderBR {BR} at (0,0) size 0x21
        RenderBR {BR} at (0,21) size 0x21
      RenderTable {TABLE} at (0,154) size 718x112 [border: (2px outset #808080)]
        RenderTableSection {TBODY} at (2,2) size 714x108
          RenderTableRow {TR} at (0,2) size 714x104
            RenderTableCell {TD} at (608,2) size 104x104 [border: (1px inset #808080)] [r=0 c=1 rs=1 cs=1]
              RenderBlock {DIV} at (2,2) size 100x100 [bgcolor=#800080]
      RenderBlock (anonymous) at (0,266) size 768x42
        RenderBR {BR} at (0,0) size 0x21
        RenderBR {BR} at (0,21) size 0x21
      RenderTable {TABLE} at (0,308) size 718x112 [border: (2px outset #808080)]
        RenderTableSection {TBODY} at (2,2) size 714x108
          RenderTableRow {TR} at (0,2) size 714x104
            RenderTableCell {TD} at (608,2) size 104x104 [border: (1px inset #808080)] [r=0 c=1 rs=1 cs=1]
              RenderBlock {DIV} at (2,2) size 100x100 [bgcolor=#800080]
      RenderBlock (anonymous) at (0,420) size 768x42
        RenderBR {BR} at (0,0) size 0x21
        RenderBR {BR} at (0,21) size 0x21
      RenderTable {TABLE} at (0,462) size 418x112 [border: (2px outset #808080)]
        RenderTableSection {TBODY} at (2,2) size 414x108
          RenderTableRow {TR} at (0,2) size 414x104
            RenderTableCell {TD} at (308,2) size 104x104 [border: (1px inset #808080)] [r=0 c=1 rs=1 cs=1]
              RenderBlock {DIV} at (2,2) size 100x100 [bgcolor=#800080]
      RenderBlock (anonymous) at (0,574) size 768x42
        RenderBR {BR} at (0,0) size 0x21
        RenderBR {BR} at (0,21) size 0x21
      RenderTable {TABLE} at (0,616) size 418x112 [border: (2px outset #808080)]
        RenderTableSection {TBODY} at (2,2) size 414x108
          RenderTableRow {TR} at (0,2) size 414x104
            RenderTableCell {TD} at (2,2) size 104x104 [border: (1px inset #808080)] [r=0 c=0 rs=1 cs=1]
              RenderBlock {DIV} at (2,2) size 100x100 [bgcolor=#800080]
      RenderBlock (anonymous) at (0,728) size 768x42
        RenderBR {BR} at (0,0) size 0x21
        RenderBR {BR} at (0,21) size 0x21
      RenderTable {TABLE} at (0,770) size 618x218 [border: (2px outset #808080)]
        RenderTableSection {TBODY} at (2,2) size 614x214
          RenderTableRow {TR} at (0,2) size 614x104
            RenderTableCell {TD} at (308,2) size 304x104 [border: (1px inset #808080)] [r=0 c=1 rs=1 cs=1]
              RenderBlock {DIV} at (2,2) size 300x100 [bgcolor=#800080]
          RenderTableRow {TR} at (0,108) size 614x104
            RenderTableCell {TD} at (2,108) size 304x104 [border: (1px inset #808080)] [r=1 c=0 rs=1 cs=1]
              RenderBlock {DIV} at (2,2) size 300x100 [bgcolor=#800080]
      RenderBlock (anonymous) at (0,988) size 768x42
        RenderBR {BR} at (0,0) size 0x21
        RenderBR {BR} at (0,21) size 0x21
      RenderTable {TABLE} at (0,1030) size 718x112 [border: (2px outset #808080)]
        RenderTableSection {TBODY} at (2,2) size 714x108
          RenderTableRow {TR} at (0,2) size 714x104
            RenderTableCell {TD} at (608,2) size 104x104 [border: (1px inset #808080)] [r=0 c=1 rs=1 cs=1]
              RenderBlock {DIV} at (2,2) size 100x100 [bgcolor=#800080]
      RenderBlock (anonymous) at (0,1142) size 768x42
        RenderBR {BR} at (0,0) size 0x21
        RenderBR {BR} at (0,21) size 0x21
      RenderTable {TABLE} at (0,1184) size 718x112 [border: (2px outset #808080)]
        RenderTableSection {TBODY} at (2,2) size 714x108
          RenderTableRow {TR} at (0,2) size 714x104
            RenderTableCell {TD} at (608,2) size 104x104 [border: (1px inset #808080)] [r=0 c=1 rs=1 cs=1]
              RenderBlock {DIV} at (2,2) size 100x100 [bgcolor=#800080]
      RenderBlock (anonymous) at (0,1296) size 768x42
        RenderBR {BR} at (0,0) size 0x21
        RenderBR {BR} at (0,21) size 0x21
      RenderTable {TABLE} at (0,1338) size 718x112 [border: (2px outset #808080)]
        RenderTableSection {TBODY} at (2,2) size 714x108
          RenderTableRow {TR} at (0,2) size 714x104
            RenderTableCell {TD} at (608,2) size 104x104 [border: (1px inset #808080)] [r=0 c=1 rs=1 cs=1]
              RenderBlock {DIV} at (2,2) size 100x100 [bgcolor=#800080]
      RenderBlock (anonymous) at (0,1450) size 768x42
        RenderBR {BR} at (0,0) size 0x21
        RenderBR {BR} at (0,21) size 0x21
      RenderTable {DIV} at (0,1492) size 400x100
        RenderTableSection (anonymous) at (0,0) size 400x100
          RenderTableRow {DIV} at (0,0) size 400x100
            RenderTableCell {DIV} at (300,0) size 100x100 [r=0 c=1 rs=1 cs=1]
              RenderBlock {DIV} at (0,0) size 100x100 [bgcolor=#800080]
      RenderBlock (anonymous) at (0,1592) size 768x42
        RenderBR {BR} at (0,0) size 0x21
        RenderBR {BR} at (0,21) size 0x21
      RenderTable {DIV} at (0,1634) size 400x100
        RenderTableSection (anonymous) at (0,0) size 400x100
          RenderTableRow {DIV} at (0,0) size 400x100
            RenderTableCell {DIV} at (300,0) size 100x100 [r=0 c=1 rs=1 cs=1]
              RenderBlock {DIV} at (0,0) size 100x100 [bgcolor=#800080]
      RenderBlock (anonymous) at (0,1734) size 768x42
        RenderBR {BR} at (0,0) size 0x21
        RenderBR {BR} at (0,21) size 0x21
      RenderTable {TABLE} at (0,1776) size 715x112 [border: (2px outset #808080)]
        RenderTableSection {TBODY} at (2,2) size 710x107
          RenderTableRow {TR} at (0,0) size 710x107
            RenderTableCell {TD} at (605,0) size 105x107 [border: (3px inset #808080)] [r=0 c=1 rs=1 cs=1]
              RenderBlock {DIV} at (2,4) size 100x100 [bgcolor=#800080]
      RenderBlock (anonymous) at (0,1888) size 768x42
        RenderBR {BR} at (0,0) size 0x21
        RenderBR {BR} at (0,21) size 0x21
      RenderTable {TABLE} at (0,1930) size 715x112 [border: (2px outset #808080)]
        RenderTableSection {TBODY} at (2,2) size 710x107
          RenderTableRow {TR} at (0,0) size 710x107
            RenderTableCell {TD} at (605,0) size 105x107 [border: (3px inset #808080)] [r=0 c=1 rs=1 cs=1]
              RenderBlock {DIV} at (2,4) size 100x100 [bgcolor=#800080]
      RenderBlock (anonymous) at (0,2042) size 768x42
        RenderBR {BR} at (0,0) size 0x21
        RenderBR {BR} at (0,21) size 0x21
      RenderTable {TABLE} at (0,2084) size 418x112 [border: (2px outset #808080)]
        RenderTableSection {TBODY} at (2,2) size 414x108
          RenderTableRow {TR} at (0,2) size 414x104
            RenderTableCell {TD} at (308,2) size 104x104 [border: (1px inset #808080)] [r=0 c=1 rs=1 cs=1]
              RenderBlock {DIV} at (2,2) size 100x100 [bgcolor=#800080]
      RenderBlock (anonymous) at (0,2196) size 768x42
        RenderBR {BR} at (0,0) size 0x21
        RenderBR {BR} at (0,21) size 0x21
      RenderTable {TABLE} at (0,2238) size 418x112 [border: (2px outset #808080)]
        RenderTableSection {TBODY} at (2,2) size 414x108
          RenderTableRow {TR} at (0,2) size 414x104
            RenderTableCell {TD} at (308,2) size 104x104 [border: (1px inset #808080)] [r=0 c=1 rs=1 cs=1]
              RenderBlock {DIV} at (2,2) size 100x100 [bgcolor=#800080]
      RenderBlock (anonymous) at (0,2350) size 768x42
        RenderBR {BR} at (0,0) size 0x21
        RenderBR {BR} at (0,21) size 0x21
      RenderTable {TABLE} at (0,2392) size 470x106
        RenderTableSection {TBODY} at (0,0) size 470x106
          RenderTableRow {TR} at (0,2) size 470x102
            RenderTableCell {TD} at (366,2) size 102x102 [r=0 c=1 rs=1 cs=1]
              RenderBlock {DIV} at (1,1) size 100x100 [bgcolor=#800080]
layer at (12,12) size 304x104 clip at (13,13) size 302x102
  RenderTableCell {TD} at (2,52) size 304x4 [bgcolor=#808080] [border: (1px inset #808080)] [r=0 c=0 rs=1 cs=1]
layer at (12,166) size 604x104 clip at (13,167) size 602x102
  RenderTableCell {TD} at (2,41) size 604x25 [bgcolor=#808080] [border: (1px inset #808080)] [r=0 c=0 rs=1 cs=1]
layer at (12,474) size 304x104 clip at (13,475) size 302x102 scrollWidth 601
  RenderTableCell {TD} at (2,51) size 304x5 [bgcolor=#808080] [border: (1px inset #808080)] [r=0 c=0 rs=1 cs=1]
    RenderBlock {DIV} at (2,-18) size 300x21 [bgcolor=#00FF00]
      RenderBlock {DIV} at (0,0) size 600x21 [bgcolor=#008000]
        RenderText {#text} at (0,0) size 31x21
          text run at (0,0) width 31: "Test"
layer at (118,628) size 304x104 clip at (119,629) size 302x102 scrollWidth 601
  RenderTableCell {TD} at (108,51) size 304x5 [bgcolor=#808080] [border: (1px inset #808080)] [r=0 c=1 rs=1 cs=1]
    RenderBlock {DIV} at (2,-18) size 300x21 [bgcolor=#00FF00]
      RenderBlock {DIV} at (0,0) size 600x21 [bgcolor=#008000]
        RenderText {#text} at (0,0) size 95x21
          text run at (0,0) width 95: "Reverse Test"
layer at (12,782) size 304x104 clip at (13,783) size 302x102 scrollWidth 601
  RenderTableCell {TD} at (2,51) size 304x5 [bgcolor=#808080] [border: (1px inset #808080)] [r=0 c=0 rs=1 cs=1]
    RenderBlock {DIV} at (2,-18) size 300x21 [bgcolor=#00FF00]
      RenderBlock {DIV} at (0,0) size 600x21 [bgcolor=#008000]
        RenderText {#text} at (0,0) size 93x21
          text run at (0,0) width 93: "Stacked Test"
layer at (318,888) size 304x104 clip at (319,889) size 302x102 scrollWidth 601
  RenderTableCell {TD} at (308,157) size 304x5 [bgcolor=#808080] [border: (1px inset #808080)] [r=1 c=1 rs=1 cs=1]
    RenderBlock {DIV} at (2,-18) size 300x21 [bgcolor=#00FF00]
      RenderBlock {DIV} at (0,0) size 600x21 [bgcolor=#008000]
        RenderText {#text} at (0,0) size 60x21
          text run at (0,0) width 60: "Reverse"
layer at (12,1042) size 604x104 clip at (13,1043) size 602x102
  RenderTableCell {TD} at (2,41) size 604x25 [bgcolor=#808080] [border: (1px inset #808080)] [r=0 c=0 rs=1 cs=1]
layer at (8,1500) size 300x100 scrollWidth 600
  RenderTableCell {DIV} at (0,39) size 300x21 [r=0 c=0 rs=1 cs=1]
    RenderBlock {DIV} at (0,0) size 300x21
      RenderBlock {DIV} at (0,0) size 600x21 [bgcolor=#FFA500]
        RenderText {#text} at (0,0) size 156x21
          text run at (0,0) width 156: "With display:table-cell"
layer at (10,1786) size 605x107 clip at (13,1789) size 602x102
  RenderTableCell {TD} at (0,39) size 605x28 [bgcolor=#808080] [border: (3px inset #808080)] [r=0 c=0 rs=1 cs=1]
    RenderBlock {DIV} at (4,4) size 600x21 [bgcolor=#FFFF00]
      RenderText {#text} at (0,0) size 243x21
        text run at (0,0) width 243: "Test with border-collapse:collapse"
layer at (10,1940) size 605x107 clip at (13,1943) size 602x102
  RenderTableCell {TD} at (0,39) size 605x28 [border: (3px inset #808080)] [r=0 c=0 rs=1 cs=1]
    RenderBlock {DIV} at (4,4) size 600x21 [bgcolor=#FFFF00]
      RenderText {#text} at (0,0) size 304x21
        text run at (0,0) width 304: "Test with border-collapse:collapse no color"
layer at (12,2096) size 304x83 clip at (13,2097) size 302x65 scrollWidth 601
  RenderTableCell {TD} at (2,33) size 304x21 [bgcolor=#808080] [border: (1px inset #808080)] [r=0 c=0 rs=1 cs=1]
    RenderBlock {DIV} at (2,-18) size 300x21 [bgcolor=#00FF00]
      RenderBlock {DIV} at (0,0) size 600x21 [bgcolor=#008000]
        RenderText {#text} at (0,0) size 163x21
          text run at (0,0) width 163: "Test with overflow:auto"
layer at (12,2250) size 304x104 clip at (13,2251) size 286x86 scrollWidth 601
  RenderTableCell {TD} at (2,43) size 304x21 [bgcolor=#808080] [border: (1px inset #808080)] [r=0 c=0 rs=1 cs=1]
    RenderBlock {DIV} at (2,-18) size 300x21 [bgcolor=#00FF00]
      RenderBlock {DIV} at (0,0) size 600x21 [bgcolor=#008000]
        RenderText {#text} at (0,0) size 170x21
          text run at (0,0) width 170: "Test with overflow:scroll"
layer at (10,2402) size 362x102 clip at (40,2432) size 302x26 scrollWidth 601
  RenderTableCell {TD} at (2,3) size 362x99 [bgcolor=#808080] [border: (30px solid #000000)] [r=0 c=0 rs=1 cs=1]
    RenderBlock {DIV} at (31,31) size 300x21 [bgcolor=#00FF00]
      RenderBlock {DIV} at (0,0) size 600x21 [bgcolor=#008000]
        RenderText {#text} at (0,0) size 163x21
          text run at (0,0) width 163: "Test with overflow:auto"
layer at (14,90) size 600x21
  RenderBlock (positioned) {DIV} at (14,90) size 600x21 [bgcolor=#00FFFF]
    RenderText {#text} at (0,0) size 230x21
      text run at (0,0) width 230: "With absolute positioning on div."
layer at (14,207) size 600x21
  RenderBlock {DIV} at (2,2) size 600x21 [bgcolor=#00FFFF]
    RenderText {#text} at (0,0) size 138x21
      text run at (0,0) width 138: "With opacity on div."
layer at (12,320) size 604x104 clip at (13,321) size 602x102
  RenderTableCell {TD} at (2,41) size 604x25 [bgcolor=#808080] [border: (1px inset #808080)] [r=0 c=0 rs=1 cs=1]
    RenderBlock {DIV} at (2,2) size 600x21 [bgcolor=#00FFFF]
      RenderText {#text} at (0,0) size 142x21
        text run at (0,0) width 142: "With opacity on cell."
layer at (14,1083) size 600x21
  RenderBlock (relative positioned) {DIV} at (2,2) size 600x21 [bgcolor=#FFA500]
    RenderText {#text} at (0,0) size 221x21
      text run at (0,0) width 221: "With relative positioning on div."
layer at (12,1196) size 604x104 clip at (13,1197) size 602x102
  RenderTableCell {TD} at (2,41) size 604x25 [bgcolor=#808080] [border: (1px inset #808080)] [r=0 c=0 rs=1 cs=1]
    RenderBlock {DIV} at (2,2) size 600x21 [bgcolor=#FFC0CB]
      RenderText {#text} at (0,0) size 225x21
        text run at (0,0) width 225: "With relative positioning on cell."
layer at (112,1350) size 604x104 clip at (113,1351) size 602x102
  RenderTableCell {TD} at (2,41) size 604x25 [bgcolor=#808080] [border: (1px inset #808080)] [r=0 c=0 rs=1 cs=1]
    RenderBlock {DIV} at (2,2) size 600x21 [bgcolor=#FFC0CB]
      RenderText {#text} at (0,0) size 320x21
        text run at (0,0) width 320: "With relative positioning and an offset on cell."
layer at (108,1642) size 300x100 scrollWidth 600
  RenderTableCell {DIV} at (0,39) size 300x21 [r=0 c=0 rs=1 cs=1]
    RenderBlock {DIV} at (0,0) size 300x21
      RenderBlock {DIV} at (0,0) size 600x21 [bgcolor=#FFA500]
        RenderText {#text} at (0,0) size 307x21
          text run at (0,0) width 307: "With display:table-cell + relative positioning"
