layer at (0,0) size 800x600
  RenderView at (0,0) size 800x600
layer at (0,0) size 800x600
  RenderBlock {HTML} at (0,0) size 800x600
    RenderBody {BODY} at (8,8) size 784x584
      RenderBlock {H3} at (0,0) size 784x25
        RenderText {#text} at (0,0) size 280x25
          text run at (0,0) width 280: "Small Percentage Heights Bug"
      RenderBlock {P} at (0,43) size 784x63
        RenderText {#text} at (0,0) size 768x63
          text run at (0,0) width 451: "In the example below, all eight cells should be the same height. "
          text run at (451,0) width 317: "It appears that any percentage heights cause"
          text run at (0,21) width 235: "cells to fill the entire table height. "
          text run at (235,21) width 504: "Note how cell 8 is correct but 2-7 are not, despite the cells all specifying"
          text run at (0,42) width 84: "height:30%."
      RenderTable {TABLE} at (0,122) size 784x108 [border: (1px outset #808080)]
        RenderTableSection {TBODY} at (1,1) size 782x106
          RenderTableRow {TR} at (0,0) size 782x106
            RenderTableCell {TD} at (0,0) size 474x106 [bgcolor=#FFFF00] [border: (1px inset #808080)] [r=0 c=0 rs=1 cs=1]
              RenderText {#text} at (186,11) size 102x21
                text run at (186,11) width 102: "Table Data #1"
              RenderBR {BR} at (287,27) size 1x0
              RenderText {#text} at (199,32) size 76x21
                text run at (199,32) width 76: "Other cells"
              RenderBR {BR} at (275,48) size 0x0
              RenderText {#text} at (165,53) size 144x21
                text run at (165,53) width 144: "should be the height"
              RenderBR {BR} at (309,69) size 0x0
              RenderText {#text} at (201,74) size 72x21
                text run at (201,74) width 72: "of this cell"
            RenderTableCell {TD} at (474,21) size 44x64 [bgcolor=#006000] [border: (1px inset #808080)] [r=0 c=1 rs=1 cs=1]
              RenderText {#text} at (11,11) size 22x42
                text run at (11,11) width 22: "TD"
                text run at (13,32) width 18: "#2"
            RenderTableCell {TD} at (518,21) size 44x64 [bgcolor=#00FFFF] [border: (1px inset #808080)] [r=0 c=2 rs=1 cs=1]
              RenderText {#text} at (11,11) size 22x42
                text run at (11,11) width 22: "TD"
                text run at (13,32) width 18: "#3"
            RenderTableCell {TD} at (562,21) size 44x64 [bgcolor=#0000FF] [border: (1px inset #808080)] [r=0 c=3 rs=1 cs=1]
              RenderText {#text} at (11,11) size 22x42
                text run at (11,11) width 22: "TD"
                text run at (13,32) width 18: "#4"
            RenderTableCell {TD} at (606,21) size 44x64 [bgcolor=#008000] [border: (1px inset #808080)] [r=0 c=4 rs=1 cs=1]
              RenderText {#text} at (11,11) size 22x42
                text run at (11,11) width 22: "TD"
                text run at (13,32) width 18: "#5"
            RenderTableCell {TD} at (650,21) size 44x64 [bgcolor=#000080] [border: (1px inset #808080)] [r=0 c=5 rs=1 cs=1]
              RenderText {#text} at (11,11) size 22x42
                text run at (11,11) width 22: "TD"
                text run at (13,32) width 18: "#6"
            RenderTableCell {TD} at (694,21) size 44x64 [bgcolor=#CACACA] [border: (1px inset #808080)] [r=0 c=6 rs=1 cs=1]
              RenderText {#text} at (11,11) size 22x42
                text run at (11,11) width 22: "TD"
                text run at (13,32) width 18: "#7"
            RenderTableCell {TD} at (738,21) size 44x64 [bgcolor=#000000] [border: (1px inset #808080)] [r=0 c=7 rs=1 cs=1]
              RenderInline {FONT} at (0,0) size 22x42 [color=#FFFFFF]
                RenderText {#text} at (11,11) size 22x42
                  text run at (11,11) width 22: "TD"
                  text run at (13,32) width 18: "#8"
