layer at (0,0) size 800x600
  RenderView at (0,0) size 800x600
layer at (0,0) size 800x350
  RenderBlock {HTML} at (0,0) size 800x350
    RenderBody {BODY} at (16,16) size 768x318
      RenderTable at (0,0) size 690x318
        RenderTableSection (anonymous) at (0,0) size 690x318
          RenderTableRow {Q} at (0,0) size 690x318
            RenderTableCell (anonymous) at (0,0) size 690x318 [r=0 c=0 rs=1 cs=1]
              RenderInline (generated) at (0,0) size 11x41
                RenderQuote at (0,277) size 11x41
                  text run at (0,277) width 11: "\""
              RenderText {#text} at (11,277) size 30x41
                text run at (11,277) width 30: " A"
              RenderPartObject {IFRAME} at (41,0) size 608x308 [border: (4px inset #000000)]
                layer at (0,0) size 600x300
                  RenderView at (0,0) size 600x300
                layer at (0,0) size 600x300
                  RenderBlock {HTML} at (0,0) size 600x300
                    RenderBody {BODY} at (8,8) size 584x284
              RenderText {#text} at (649,277) size 30x41
                text run at (649,277) width 30: "B "
              RenderInline (generated) at (0,0) size 11x41
                RenderQuote at (679,277) size 11x41
                  text run at (679,277) width 11: "\""
