layer at (0,0) size 800x600
  RenderView at (0,0) size 800x600
layer at (0,0) size 800x600
  RenderBlock {HTML} at (0,0) size 800x600
    RenderBody {BODY} at (8,8) size 784x584
      RenderBlock {P} at (0,0) size 784x13
        RenderText {#text} at (0,0) size 435x13
          text run at (0,0) width 435: "This tests rowIndex, in particular in cases where the table sections are in different orders."
      RenderBlock {P} at (0,23) size 784x13
        RenderText {#text} at (0,0) size 350x13
          text run at (0,0) width 350: "A: This table has the header and footer before the body (\"normal\" order)."
      RenderTable {TABLE} at (0,46) size 152x65 [border: (1px outset #808080)]
        RenderTableSection {THEAD} at (1,1) size 150x21
          RenderTableRow {TR} at (0,2) size 150x17
            RenderTableCell {TD} at (2,2) size 77x17 [border: (1px inset #808080)] [r=0 c=0 rs=1 cs=1]
              RenderText {#text} at (2,2) size 73x13
                text run at (2,2) width 73: "table A, header"
            RenderTableCell {TD} at (81,2) size 67x17 [border: (1px inset #808080)] [r=0 c=1 rs=1 cs=1]
              RenderText {#text} at (2,2) size 63x13
                text run at (2,2) width 63: "rowIndex = 0"
        RenderTableSection {TFOOT} at (1,43) size 150x21
          RenderTableRow {TR} at (0,2) size 150x17
            RenderTableCell {TD} at (2,2) size 77x17 [border: (1px inset #808080)] [r=0 c=0 rs=1 cs=1]
              RenderText {#text} at (2,2) size 68x13
                text run at (2,2) width 68: "table A, footer"
            RenderTableCell {TD} at (81,2) size 67x17 [border: (1px inset #808080)] [r=0 c=1 rs=1 cs=1]
              RenderText {#text} at (2,2) size 63x13
                text run at (2,2) width 63: "rowIndex = 2"
        RenderTableSection {TBODY} at (1,22) size 150x21
          RenderTableRow {TR} at (0,2) size 150x17
            RenderTableCell {TD} at (2,2) size 77x17 [border: (1px inset #808080)] [r=0 c=0 rs=1 cs=1]
              RenderText {#text} at (2,2) size 63x13
                text run at (2,2) width 63: "table A, body"
            RenderTableCell {TD} at (81,2) size 67x17 [border: (1px inset #808080)] [r=0 c=1 rs=1 cs=1]
              RenderText {#text} at (2,2) size 63x13
                text run at (2,2) width 63: "rowIndex = 1"
      RenderBlock {P} at (0,121) size 784x13
        RenderText {#text} at (0,0) size 347x13
          text run at (0,0) width 347: "B: This table has the footer before the body and both before the header."
      RenderTable {TABLE} at (0,144) size 152x65 [border: (1px outset #808080)]
        RenderTableSection {TFOOT} at (1,43) size 150x21
          RenderTableRow {TR} at (0,2) size 150x17
            RenderTableCell {TD} at (2,2) size 77x17 [border: (1px inset #808080)] [r=0 c=0 rs=1 cs=1]
              RenderText {#text} at (2,2) size 68x13
                text run at (2,2) width 68: "table B, footer"
            RenderTableCell {TD} at (81,2) size 67x17 [border: (1px inset #808080)] [r=0 c=1 rs=1 cs=1]
              RenderText {#text} at (2,2) size 63x13
                text run at (2,2) width 63: "rowIndex = 2"
        RenderTableSection {TBODY} at (1,22) size 150x21
          RenderTableRow {TR} at (0,2) size 150x17
            RenderTableCell {TD} at (2,2) size 77x17 [border: (1px inset #808080)] [r=0 c=0 rs=1 cs=1]
              RenderText {#text} at (2,2) size 63x13
                text run at (2,2) width 63: "table B, body"
            RenderTableCell {TD} at (81,2) size 67x17 [border: (1px inset #808080)] [r=0 c=1 rs=1 cs=1]
              RenderText {#text} at (2,2) size 63x13
                text run at (2,2) width 63: "rowIndex = 1"
        RenderTableSection {THEAD} at (1,1) size 150x21
          RenderTableRow {TR} at (0,2) size 150x17
            RenderTableCell {TD} at (2,2) size 77x17 [border: (1px inset #808080)] [r=0 c=0 rs=1 cs=1]
              RenderText {#text} at (2,2) size 73x13
                text run at (2,2) width 73: "table B, header"
            RenderTableCell {TD} at (81,2) size 67x17 [border: (1px inset #808080)] [r=0 c=1 rs=1 cs=1]
              RenderText {#text} at (2,2) size 63x13
                text run at (2,2) width 63: "rowIndex = 0"
      RenderBlock {P} at (0,219) size 784x13
        RenderText {#text} at (0,0) size 664x13
          text run at (0,0) width 664: "C: This table has two footers before two bodies before two heads. The rows inside the extra footers and heads don't get row indices at all."
      RenderTable {TABLE} at (0,242) size 197x242 [border: (1px outset #808080)]
        RenderTableSection {TFOOT} at (1,201) size 195x40
          RenderTableRow {TR} at (0,2) size 195x17
            RenderTableCell {TD} at (2,2) size 118x17 [border: (1px inset #808080)] [r=0 c=0 rs=1 cs=1]
              RenderText {#text} at (2,2) size 109x13
                text run at (2,2) width 109: "table C, footer A row A"
            RenderTableCell {TD} at (122,2) size 71x17 [border: (1px inset #808080)] [r=0 c=1 rs=1 cs=1]
              RenderText {#text} at (2,2) size 63x13
                text run at (2,2) width 63: "rowIndex = 6"
          RenderTableRow {TR} at (0,21) size 195x17
            RenderTableCell {TD} at (2,21) size 118x17 [border: (1px inset #808080)] [r=1 c=0 rs=1 cs=1]
              RenderText {#text} at (2,2) size 109x13
                text run at (2,2) width 109: "table C, footer A row B"
            RenderTableCell {TD} at (122,21) size 71x17 [border: (1px inset #808080)] [r=1 c=1 rs=1 cs=1]
              RenderText {#text} at (2,2) size 63x13
                text run at (2,2) width 63: "rowIndex = 7"
        RenderTableSection {TFOOT} at (1,41) size 195x40
          RenderTableRow {TR} at (0,2) size 195x17
            RenderTableCell {TD} at (2,2) size 118x17 [border: (1px inset #808080)] [r=0 c=0 rs=1 cs=1]
              RenderText {#text} at (2,2) size 109x13
                text run at (2,2) width 109: "table C, footer B row A"
            RenderTableCell {TD} at (122,2) size 71x17 [border: (1px inset #808080)] [r=0 c=1 rs=1 cs=1]
              RenderText {#text} at (2,2) size 67x13
                text run at (2,2) width 67: "rowIndex = -1"
          RenderTableRow {TR} at (0,21) size 195x17
            RenderTableCell {TD} at (2,21) size 118x17 [border: (1px inset #808080)] [r=1 c=0 rs=1 cs=1]
              RenderText {#text} at (2,2) size 109x13
                text run at (2,2) width 109: "table C, footer B row B"
            RenderTableCell {TD} at (122,21) size 71x17 [border: (1px inset #808080)] [r=1 c=1 rs=1 cs=1]
              RenderText {#text} at (2,2) size 67x13
                text run at (2,2) width 67: "rowIndex = -1"
        RenderTableSection {TBODY} at (1,81) size 195x40
          RenderTableRow {TR} at (0,2) size 195x17
            RenderTableCell {TD} at (2,2) size 118x17 [border: (1px inset #808080)] [r=0 c=0 rs=1 cs=1]
              RenderText {#text} at (2,2) size 104x13
                text run at (2,2) width 104: "table C, body A row A"
            RenderTableCell {TD} at (122,2) size 71x17 [border: (1px inset #808080)] [r=0 c=1 rs=1 cs=1]
              RenderText {#text} at (2,2) size 63x13
                text run at (2,2) width 63: "rowIndex = 2"
          RenderTableRow {TR} at (0,21) size 195x17
            RenderTableCell {TD} at (2,21) size 118x17 [border: (1px inset #808080)] [r=1 c=0 rs=1 cs=1]
              RenderText {#text} at (2,2) size 104x13
                text run at (2,2) width 104: "table C, body A row B"
            RenderTableCell {TD} at (122,21) size 71x17 [border: (1px inset #808080)] [r=1 c=1 rs=1 cs=1]
              RenderText {#text} at (2,2) size 63x13
                text run at (2,2) width 63: "rowIndex = 3"
        RenderTableSection {TBODY} at (1,121) size 195x40
          RenderTableRow {TR} at (0,2) size 195x17
            RenderTableCell {TD} at (2,2) size 118x17 [border: (1px inset #808080)] [r=0 c=0 rs=1 cs=1]
              RenderText {#text} at (2,2) size 104x13
                text run at (2,2) width 104: "table C, body B row A"
            RenderTableCell {TD} at (122,2) size 71x17 [border: (1px inset #808080)] [r=0 c=1 rs=1 cs=1]
              RenderText {#text} at (2,2) size 63x13
                text run at (2,2) width 63: "rowIndex = 4"
          RenderTableRow {TR} at (0,21) size 195x17
            RenderTableCell {TD} at (2,21) size 118x17 [border: (1px inset #808080)] [r=1 c=0 rs=1 cs=1]
              RenderText {#text} at (2,2) size 104x13
                text run at (2,2) width 104: "table C, body B row B"
            RenderTableCell {TD} at (122,21) size 71x17 [border: (1px inset #808080)] [r=1 c=1 rs=1 cs=1]
              RenderText {#text} at (2,2) size 63x13
                text run at (2,2) width 63: "rowIndex = 5"
        RenderTableSection {THEAD} at (1,1) size 195x40
          RenderTableRow {TR} at (0,2) size 195x17
            RenderTableCell {TD} at (2,2) size 118x17 [border: (1px inset #808080)] [r=0 c=0 rs=1 cs=1]
              RenderText {#text} at (2,2) size 114x13
                text run at (2,2) width 114: "table C, header A row A"
            RenderTableCell {TD} at (122,2) size 71x17 [border: (1px inset #808080)] [r=0 c=1 rs=1 cs=1]
              RenderText {#text} at (2,2) size 63x13
                text run at (2,2) width 63: "rowIndex = 0"
          RenderTableRow {TR} at (0,21) size 195x17
            RenderTableCell {TD} at (2,21) size 118x17 [border: (1px inset #808080)] [r=1 c=0 rs=1 cs=1]
              RenderText {#text} at (2,2) size 114x13
                text run at (2,2) width 114: "table C, header A row B"
            RenderTableCell {TD} at (122,21) size 71x17 [border: (1px inset #808080)] [r=1 c=1 rs=1 cs=1]
              RenderText {#text} at (2,2) size 63x13
                text run at (2,2) width 63: "rowIndex = 1"
        RenderTableSection {THEAD} at (1,161) size 195x40
          RenderTableRow {TR} at (0,2) size 195x17
            RenderTableCell {TD} at (2,2) size 118x17 [border: (1px inset #808080)] [r=0 c=0 rs=1 cs=1]
              RenderText {#text} at (2,2) size 114x13
                text run at (2,2) width 114: "table C, header B row A"
            RenderTableCell {TD} at (122,2) size 71x17 [border: (1px inset #808080)] [r=0 c=1 rs=1 cs=1]
              RenderText {#text} at (2,2) size 67x13
                text run at (2,2) width 67: "rowIndex = -1"
          RenderTableRow {TR} at (0,21) size 195x17
            RenderTableCell {TD} at (2,21) size 118x17 [border: (1px inset #808080)] [r=1 c=0 rs=1 cs=1]
              RenderText {#text} at (2,2) size 114x13
                text run at (2,2) width 114: "table C, header B row B"
            RenderTableCell {TD} at (122,21) size 71x17 [border: (1px inset #808080)] [r=1 c=1 rs=1 cs=1]
              RenderText {#text} at (2,2) size 67x13
                text run at (2,2) width 67: "rowIndex = -1"
