layer at (0,0) size 800x600
  RenderView at (0,0) size 800x600
layer at (0,0) size 800x600
  RenderBlock {HTML} at (0,0) size 800x600
    RenderBody {BODY} at (8,8) size 784x576
      RenderTable {TABLE} at (0,0) size 167x71 [border: none]
        RenderTableSection {TBODY} at (0,0) size 166x70
          RenderTableRow {TR} at (0,0) size 166x24
            RenderTableCell {TD} at (0,0) size 83x24 [border: (1px none #808080) none none (1px solid #808080)] [r=0 c=0 rs=1 cs=1]
              RenderText {#text} at (2,2) size 80x21
                text run at (2,2) width 80: "Row1 cell1"
            RenderTableCell {TD} at (83,0) size 83x24 [border: (1px none #808080) none none (1px solid #808080)] [r=0 c=1 rs=1 cs=1]
              RenderText {#text} at (2,2) size 80x21
                text run at (2,2) width 80: "Row1 cell2"
          RenderTableRow {TR} at (0,24) size 166x23
            RenderTableCell {TD} at (0,24) size 83x23 [border: none none none (1px solid #808080)] [r=1 c=0 rs=1 cs=1]
              RenderText {#text} at (2,1) size 80x21
                text run at (2,1) width 80: "Row2 cell1"
            RenderTableCell {TD} at (83,24) size 83x23 [border: none none none (1px solid #808080)] [r=1 c=1 rs=1 cs=1]
              RenderText {#text} at (2,1) size 80x21
                text run at (2,1) width 80: "Row2 cell2"
          RenderTableRow {TR} at (0,47) size 166x23
            RenderTableCell {TD} at (0,47) size 83x23 [border: none none none (1px solid #808080)] [r=2 c=0 rs=1 cs=1]
              RenderText {#text} at (2,1) size 80x21
                text run at (2,1) width 80: "Row3 cell1"
            RenderTableCell {TD} at (83,47) size 83x23 [border: none none none (1px solid #808080)] [r=2 c=1 rs=1 cs=1]
              RenderText {#text} at (2,1) size 80x21
                text run at (2,1) width 80: "Row3 cell2"
      RenderBlock {P} at (0,87) size 784x42
        RenderText {#text} at (0,0) size 767x42
          text run at (0,0) width 767: "The rules attribute is first set dynamically to rows, then to cols, so the table should show only column borders."
          text run at (0,21) width 82: "Bug 14848."
