layer at (0,0) size 800x600
  RenderView at (0,0) size 800x600
layer at (0,0) size 800x600
  RenderBlock {HTML} at (0,0) size 800x600
    RenderBody {BODY} at (8,8) size 784x576
      RenderTable {TABLE} at (0,0) size 166x73 [border: none]
        RenderTableSection {TBODY} at (0,0) size 165x72
          RenderTableRow {TR} at (0,0) size 165x24
            RenderTableCell {TD} at (0,0) size 83x24 [border: (1px solid #808080) none none (1px none #808080)] [r=0 c=0 rs=1 cs=1]
              RenderText {#text} at (2,2) size 80x21
                text run at (2,2) width 80: "Row1 cell1"
            RenderTableCell {TD} at (83,0) size 82x24 [border: (1px solid #808080) none none none] [r=0 c=1 rs=1 cs=1]
              RenderText {#text} at (1,2) size 80x21
                text run at (1,2) width 80: "Row1 cell2"
          RenderTableRow {TR} at (0,24) size 165x24
            RenderTableCell {TD} at (0,24) size 83x24 [border: (1px solid #808080) none none (1px none #808080)] [r=1 c=0 rs=1 cs=1]
              RenderText {#text} at (2,2) size 80x21
                text run at (2,2) width 80: "Row2 cell1"
            RenderTableCell {TD} at (83,24) size 82x24 [border: (1px solid #808080) none none none] [r=1 c=1 rs=1 cs=1]
              RenderText {#text} at (1,2) size 80x21
                text run at (1,2) width 80: "Row2 cell2"
          RenderTableRow {TR} at (0,48) size 165x24
            RenderTableCell {TD} at (0,48) size 83x24 [border: (1px solid #808080) none none (1px none #808080)] [r=2 c=0 rs=1 cs=1]
              RenderText {#text} at (2,2) size 80x21
                text run at (2,2) width 80: "Row3 cell1"
            RenderTableCell {TD} at (83,48) size 82x24 [border: (1px solid #808080) none none none] [r=2 c=1 rs=1 cs=1]
              RenderText {#text} at (1,2) size 80x21
                text run at (1,2) width 80: "Row3 cell2"
      RenderBlock {P} at (0,89) size 784x42
        RenderText {#text} at (0,0) size 774x42
          text run at (0,0) width 774: "The rules attribute is first set dynamically to cols, then to rows, so the table should show only row borders. Bug"
          text run at (0,21) width 49: "14848."
