layer at (0,0) size 800x600
  RenderView at (0,0) size 800x600
layer at (0,0) size 800x600
  RenderBlock {HTML} at (0,0) size 800x600
    RenderBody {BODY} at (8,8) size 784x584
      RenderBlock (anonymous) at (0,0) size 784x21
        RenderText {#text} at (0,0) size 378x21
          text run at (0,0) width 378: "You should see a PASS with a solid outline around it."
        RenderText {#text} at (0,0) size 0x0
      RenderTable {TABLE} at (0,21) size 48x25
        RenderTableSection (anonymous) at (0,0) size 48x25
          RenderTableRow (anonymous) at (0,2) size 48x21
            RenderTableCell (anonymous) at (2,2) size 44x21 [r=0 c=0 rs=1 cs=1]
              RenderInline {SPAN} at (0,0) size 44x21
                RenderText {#text} at (0,0) size 44x21
                  text run at (0,0) width 44: "PASS"
              RenderInline {SPAN} at (0,0) size 0x21
