layer at (0,0) size 800x600
  RenderView at (0,0) size 800x600
layer at (0,0) size 800x600
  RenderBlock {HTML} at (0,0) size 800x600
    RenderBody {BODY} at (8,8) size 784x584
      RenderTable {TABLE} at (0,0) size 225x89
        RenderTableSection {TBODY} at (0,0) size 225x89
          RenderTableRow {TR} at (0,2) size 225x85
            RenderTableCell {TD} at (2,2) size 221x85 [r=0 c=0 rs=1 cs=1]
              RenderTable {TABLE} at (1,1) size 219x27
                RenderTableSection {TBODY} at (0,0) size 219x27
                  RenderTableRow {TR} at (0,2) size 219x23
                    RenderTableCell {TD} at (2,2) size 215x23 [r=0 c=0 rs=1 cs=1]
                      RenderText {#text} at (1,1) size 213x21
                        text run at (1,1) width 213: "This should all be on one line."
              RenderTable {TABLE} at (1,28) size 90x56
                RenderTableSection {THEAD} at (0,27) size 90x2
                RenderBlock {CAPTION} at (0,0) size 90x27
                  RenderTable {TABLE} at (14,0) size 62x27
                    RenderTableSection {TBODY} at (0,0) size 62x27
                      RenderTableRow {TR} at (0,2) size 62x23
                        RenderTableCell {TD} at (2,2) size 58x23 [r=0 c=0 rs=1 cs=1]
                          RenderText {#text} at (1,1) size 56x21
                            text run at (1,1) width 56: "Caption"
                RenderTableSection {TBODY} at (0,29) size 90x27
                  RenderTableRow {TR} at (0,2) size 90x23
                    RenderTableCell {TD} at (2,2) size 52x23 [r=0 c=0 rs=1 cs=1]
                      RenderText {#text} at (1,1) size 50x21
                        text run at (1,1) width 50: "Bottom"
                    RenderTableCell {TD} at (56,2) size 32x23 [r=0 c=1 rs=1 cs=1]
                      RenderText {#text} at (1,1) size 30x21
                        text run at (1,1) width 30: "line."
