layer at (0,0) size 800x600
  RenderView at (0,0) size 800x600
layer at (0,0) size 800x563
  RenderBlock {HTML} at (0,0) size 800x563
    RenderBody {BODY} at (8,10) size 784x545
      RenderBlock {TABLE} at (10,0) size 764x108 [border: (1px solid #000000)]
        RenderTable at (1,1) size 128x106
          RenderTableSection {THEAD} at (0,0) size 128x27
            RenderTableRow {TR} at (0,2) size 128x23
              RenderTableCell {TD} at (2,2) size 61x23 [r=0 c=0 rs=1 cs=1]
                RenderText {#text} at (1,1) size 52x21
                  text run at (1,1) width 52: "Head 1"
              RenderTableCell {TD} at (65,2) size 61x23 [r=0 c=1 rs=1 cs=1]
                RenderText {#text} at (1,1) size 52x21
                  text run at (1,1) width 52: "Head 2"
          RenderTableSection {TFOOT} at (0,79) size 128x27
            RenderTableRow {TR} at (0,2) size 128x23
              RenderTableCell {TD} at (2,2) size 61x23 [r=0 c=0 rs=1 cs=1]
                RenderText {#text} at (1,1) size 59x21
                  text run at (1,1) width 59: "Footer 1"
              RenderTableCell {TD} at (65,2) size 61x23 [r=0 c=1 rs=1 cs=1]
                RenderText {#text} at (1,1) size 59x21
                  text run at (1,1) width 59: "Footer 2"
          RenderTableSection {TBODY} at (0,27) size 128x52
            RenderTableRow {TR} at (0,2) size 128x23
              RenderTableCell {TD} at (2,2) size 61x23 [r=0 c=0 rs=1 cs=1]
                RenderText {#text} at (1,1) size 42x21
                  text run at (1,1) width 42: "Cell 1"
              RenderTableCell {TD} at (65,2) size 61x23 [r=0 c=1 rs=1 cs=1]
                RenderText {#text} at (1,1) size 42x21
                  text run at (1,1) width 42: "Cell 2"
            RenderTableRow {TR} at (0,27) size 128x23
              RenderTableCell {TD} at (2,27) size 61x23 [r=1 c=0 rs=1 cs=1]
                RenderText {#text} at (1,1) size 42x21
                  text run at (1,1) width 42: "Cell 3"
              RenderTableCell {TD} at (65,27) size 61x23 [r=1 c=1 rs=1 cs=1]
                RenderText {#text} at (1,1) size 42x21
                  text run at (1,1) width 42: "Cell 4"
      RenderBlock {TABLE} at (10,118) size 764x60 [border: (1px solid #000000)]
        RenderTable at (1,1) size 244x58
          RenderTableSection (anonymous) at (0,0) size 244x31
            RenderTableRow (anonymous) at (0,2) size 244x27
              RenderTableCell {THEAD} at (2,2) size 112x27 [r=0 c=0 rs=1 cs=1]
                RenderTable at (0,0) size 112x27
                  RenderTableSection (anonymous) at (0,0) size 112x27
                    RenderTableRow (anonymous) at (0,2) size 112x23
                      RenderTableCell {TR} at (2,2) size 108x23 [r=0 c=0 rs=1 cs=1]
                        RenderInline {TD} at (0,0) size 54x23
                          RenderText {#text} at (1,2) size 52x21
                            text run at (1,2) width 52: "Head 1"
                        RenderInline {TD} at (0,0) size 54x23
                          RenderText {#text} at (55,2) size 52x21
                            text run at (55,2) width 52: "Head 2"
              RenderTableCell {TFOOT} at (116,2) size 126x27 [r=0 c=1 rs=1 cs=1]
                RenderTable at (0,0) size 126x27
                  RenderTableSection (anonymous) at (0,0) size 126x27
                    RenderTableRow (anonymous) at (0,2) size 126x23
                      RenderTableCell {TR} at (2,2) size 122x23 [r=0 c=0 rs=1 cs=1]
                        RenderInline {TD} at (0,0) size 61x23
                          RenderText {#text} at (1,2) size 59x21
                            text run at (1,2) width 59: "Footer 1"
                        RenderInline {TD} at (0,0) size 61x23
                          RenderText {#text} at (62,2) size 59x21
                            text run at (62,2) width 59: "Footer 2"
          RenderTableSection {TBODY} at (0,31) size 244x27
            RenderTableRow (anonymous) at (0,2) size 244x23
              RenderTableCell {TR} at (2,2) size 112x23 [r=0 c=0 rs=1 cs=1]
                RenderInline {TD} at (0,0) size 44x23
                  RenderText {#text} at (1,2) size 42x21
                    text run at (1,2) width 42: "Cell 1"
                RenderInline {TD} at (0,0) size 44x23
                  RenderText {#text} at (45,2) size 42x21
                    text run at (45,2) width 42: "Cell 2"
              RenderTableCell {TR} at (116,2) size 126x23 [r=0 c=1 rs=1 cs=1]
                RenderInline {TD} at (0,0) size 44x23
                  RenderText {#text} at (1,2) size 42x21
                    text run at (1,2) width 42: "Cell 3"
                RenderInline {TD} at (0,0) size 44x23
                  RenderText {#text} at (45,2) size 42x21
                    text run at (45,2) width 42: "Cell 4"
      RenderBlock {TABLE} at (10,188) size 764x114 [border: (1px solid #000000)]
        RenderBlock {THEAD} at (1,1) size 762x27
          RenderBlock {TR} at (0,0) size 762x27
            RenderTable at (0,0) size 114x27
              RenderTableSection (anonymous) at (0,0) size 114x27
                RenderTableRow (anonymous) at (0,2) size 114x23
                  RenderTableCell {TD} at (2,2) size 54x23 [r=0 c=0 rs=1 cs=1]
                    RenderText {#text} at (1,1) size 52x21
                      text run at (1,1) width 52: "Head 1"
                  RenderTableCell {TD} at (58,2) size 54x23 [r=0 c=1 rs=1 cs=1]
                    RenderText {#text} at (1,1) size 52x21
                      text run at (1,1) width 52: "Head 2"
        RenderBlock {TFOOT} at (1,28) size 762x27
          RenderBlock {TR} at (0,0) size 762x27
            RenderTable at (0,0) size 128x27
              RenderTableSection (anonymous) at (0,0) size 128x27
                RenderTableRow (anonymous) at (0,2) size 128x23
                  RenderTableCell {TD} at (2,2) size 61x23 [r=0 c=0 rs=1 cs=1]
                    RenderText {#text} at (1,1) size 59x21
                      text run at (1,1) width 59: "Footer 1"
                  RenderTableCell {TD} at (65,2) size 61x23 [r=0 c=1 rs=1 cs=1]
                    RenderText {#text} at (1,1) size 59x21
                      text run at (1,1) width 59: "Footer 2"
        RenderTable at (1,55) size 98x58
          RenderTableSection {TBODY} at (0,0) size 98x58
            RenderTableRow (anonymous) at (0,2) size 98x54
              RenderTableCell (anonymous) at (2,2) size 94x54 [r=0 c=0 rs=1 cs=1]
                RenderBlock {TR} at (0,0) size 94x27
                  RenderTable at (0,0) size 94x27
                    RenderTableSection (anonymous) at (0,0) size 94x27
                      RenderTableRow (anonymous) at (0,2) size 94x23
                        RenderTableCell {TD} at (2,2) size 44x23 [r=0 c=0 rs=1 cs=1]
                          RenderText {#text} at (1,1) size 42x21
                            text run at (1,1) width 42: "Cell 1"
                        RenderTableCell {TD} at (48,2) size 44x23 [r=0 c=1 rs=1 cs=1]
                          RenderText {#text} at (1,1) size 42x21
                            text run at (1,1) width 42: "Cell 2"
                RenderBlock {TR} at (0,27) size 94x27
                  RenderTable at (0,0) size 94x27
                    RenderTableSection (anonymous) at (0,0) size 94x27
                      RenderTableRow (anonymous) at (0,2) size 94x23
                        RenderTableCell {TD} at (2,2) size 44x23 [r=0 c=0 rs=1 cs=1]
                          RenderText {#text} at (1,1) size 42x21
                            text run at (1,1) width 42: "Cell 3"
                        RenderTableCell {TD} at (48,2) size 44x23 [r=0 c=1 rs=1 cs=1]
                          RenderText {#text} at (1,1) size 42x21
                            text run at (1,1) width 42: "Cell 4"
      RenderTable at (0,312) size 302x233
        RenderTableSection (anonymous) at (0,0) size 302x233
          RenderTableRow (anonymous) at (0,0) size 302x233
            RenderTableCell {P} at (0,0) size 302x233 [border: (1px solid #000000)] [r=0 c=0 rs=1 cs=1]
              RenderText {#text} at (1,1) size 297x231
                text run at (1,1) width 281: "Lorem ipsum dolor sit amet, consectetur"
                text run at (1,22) width 276: "adipisicing elit, sed do eiusmod tempor"
                text run at (1,43) width 254: "incididunt ut labore et dolore magna"
                text run at (1,64) width 270: "aliqua. Ut enim ad minim veniam, quis"
                text run at (1,85) width 297: "nostrud exercitation ullamco laboris nisi ut"
                text run at (1,106) width 284: "aliquip ex ea commodo consequat. Duis"
                text run at (1,127) width 240: "aute irure dolor in reprehenderit in"
                text run at (1,148) width 296: "voluptate velit esse cillum dolore eu fugiat"
                text run at (1,169) width 270: "nulla pariatur. Excepteur sint occaecat"
                text run at (1,190) width 282: "cupidatat non proident, sunt in culpa qui"
                text run at (1,211) width 297: "officia deserunt mollit anim id est laborum."
