layer at (0,0) size 800x600
  RenderView at (0,0) size 800x600
layer at (0,0) size 800x600
  RenderBlock {HTML} at (0,0) size 800x600
    RenderBody {BODY} at (8,8) size 784x584
      RenderBlock {DIV} at (0,0) size 784x118 [color=#FF0000] [border: (3px solid #008000)]
        RenderBlock {DIV} at (19,19) size 746x21
          RenderText {#text} at (0,0) size 79x21
            text run at (0,0) width 79: "CONTENT"
        RenderTable at (19,40) size 92x59
          RenderTableSection (anonymous) at (0,0) size 92x59
            RenderTableRow (anonymous) at (0,0) size 92x59
              RenderTableCell (anonymous) at (0,0) size 92x59 [border: (3px solid #0000FF)] [r=0 c=0 rs=1 cs=1]
                RenderText at (19,19) size 54x21
                  text run at (19,19) width 54: "AFTER"
