layer at (0,0) size 784x1456
  RenderView at (0,0) size 784x600
layer at (0,0) size 784x1456
  RenderBlock {HTML} at (0,0) size 784x1456
    RenderBody {BODY} at (8,10) size 768x1438
      RenderTable {TABLE} at (10,0) size 108x130 [border: (1px solid #000000)]
        RenderTableSection {THEAD} at (1,1) size 27x128
          RenderTableRow {TR} at (0,2) size 23x128
            RenderTableCell {TD} at (2,2) size 23x61 [r=0 c=0 rs=1 cs=1]
              RenderText {#text} at (1,1) size 21x52
                text run at (1,1) width 52: "Head 1"
            RenderTableCell {TD} at (2,65) size 23x61 [r=0 c=1 rs=1 cs=1]
              RenderText {#text} at (1,1) size 21x52
                text run at (1,1) width 52: "Head 2"
        RenderTableSection {TFOOT} at (80,1) size 27x128
          RenderTableRow {TR} at (0,2) size 23x128
            RenderTableCell {TD} at (2,2) size 23x61 [r=0 c=0 rs=1 cs=1]
              RenderText {#text} at (1,1) size 21x59
                text run at (1,1) width 59: "Footer 1"
            RenderTableCell {TD} at (2,65) size 23x61 [r=0 c=1 rs=1 cs=1]
              RenderText {#text} at (1,1) size 21x59
                text run at (1,1) width 59: "Footer 2"
        RenderTableSection {TBODY} at (28,1) size 52x128
          RenderTableRow {TR} at (0,2) size 23x128
            RenderTableCell {TD} at (2,2) size 23x61 [r=0 c=0 rs=1 cs=1]
              RenderText {#text} at (1,1) size 21x42
                text run at (1,1) width 42: "Cell 1"
            RenderTableCell {TD} at (2,65) size 23x61 [r=0 c=1 rs=1 cs=1]
              RenderText {#text} at (1,1) size 21x42
                text run at (1,1) width 42: "Cell 2"
          RenderTableRow {TR} at (0,27) size 23x128
            RenderTableCell {TD} at (27,2) size 23x61 [r=1 c=0 rs=1 cs=1]
              RenderText {#text} at (1,1) size 21x42
                text run at (1,1) width 42: "Cell 3"
            RenderTableCell {TD} at (27,65) size 23x61 [r=1 c=1 rs=1 cs=1]
              RenderText {#text} at (1,1) size 21x42
                text run at (1,1) width 42: "Cell 4"
      RenderBlock {P} at (0,146) size 768x21
        RenderText {#text} at (0,0) size 249x21
          text run at (0,0) width 249: "Row groups have display:table-cell"
      RenderTable {TABLE} at (10,183) size 68x258 [border: (1px solid #000000)]
        RenderTableSection (anonymous) at (1,1) size 35x256
          RenderTableRow (anonymous) at (0,2) size 31x256
            RenderTableCell {THEAD} at (2,2) size 31x118 [r=0 c=0 rs=1 cs=1]
              RenderTable at (0,0) size 31x118
                RenderTableSection (anonymous) at (0,0) size 31x118
                  RenderTableRow (anonymous) at (0,2) size 27x118
                    RenderTableCell {TR} at (2,2) size 27x114 [r=0 c=0 rs=1 cs=1]
                      RenderTable at (0,0) size 27x114
                        RenderTableSection (anonymous) at (0,0) size 27x114
                          RenderTableRow (anonymous) at (0,2) size 23x114
                            RenderTableCell {TD} at (2,2) size 23x54 [r=0 c=0 rs=1 cs=1]
                              RenderText {#text} at (1,1) size 21x52
                                text run at (1,1) width 52: "Head 1"
                            RenderTableCell {TD} at (2,58) size 23x54 [r=0 c=1 rs=1 cs=1]
                              RenderText {#text} at (1,1) size 21x52
                                text run at (1,1) width 52: "Head 2"
            RenderTableCell {TFOOT} at (2,122) size 31x132 [r=0 c=1 rs=1 cs=1]
              RenderTable at (0,0) size 31x132
                RenderTableSection (anonymous) at (0,0) size 31x132
                  RenderTableRow (anonymous) at (0,2) size 27x132
                    RenderTableCell {TR} at (2,2) size 27x128 [r=0 c=0 rs=1 cs=1]
                      RenderTable at (0,0) size 27x128
                        RenderTableSection (anonymous) at (0,0) size 27x128
                          RenderTableRow (anonymous) at (0,2) size 23x128
                            RenderTableCell {TD} at (2,2) size 23x61 [r=0 c=0 rs=1 cs=1]
                              RenderText {#text} at (1,1) size 21x59
                                text run at (1,1) width 59: "Footer 1"
                            RenderTableCell {TD} at (2,65) size 23x61 [r=0 c=1 rs=1 cs=1]
                              RenderText {#text} at (1,1) size 21x59
                                text run at (1,1) width 59: "Footer 2"
        RenderTableSection {TBODY} at (36,1) size 31x256
          RenderTableRow (anonymous) at (0,2) size 27x256
            RenderTableCell {TR} at (2,2) size 27x118 [r=0 c=0 rs=1 cs=1]
              RenderTable at (0,0) size 27x94
                RenderTableSection (anonymous) at (0,0) size 27x94
                  RenderTableRow (anonymous) at (0,2) size 23x94
                    RenderTableCell {TD} at (2,2) size 23x44 [r=0 c=0 rs=1 cs=1]
                      RenderText {#text} at (1,1) size 21x42
                        text run at (1,1) width 42: "Cell 1"
                    RenderTableCell {TD} at (2,48) size 23x44 [r=0 c=1 rs=1 cs=1]
                      RenderText {#text} at (1,1) size 21x42
                        text run at (1,1) width 42: "Cell 2"
            RenderTableCell {TR} at (2,122) size 27x132 [r=0 c=1 rs=1 cs=1]
              RenderTable at (0,0) size 27x94
                RenderTableSection (anonymous) at (0,0) size 27x94
                  RenderTableRow (anonymous) at (0,2) size 23x94
                    RenderTableCell {TD} at (2,2) size 23x44 [r=0 c=0 rs=1 cs=1]
                      RenderText {#text} at (1,1) size 21x42
                        text run at (1,1) width 42: "Cell 3"
                    RenderTableCell {TD} at (2,48) size 23x44 [r=0 c=1 rs=1 cs=1]
                      RenderText {#text} at (1,1) size 21x42
                        text run at (1,1) width 42: "Cell 4"
      RenderBlock {P} at (0,457) size 768x21
        RenderText {#text} at (0,0) size 222x21
          text run at (0,0) width 222: "Row groups have display:block"
      RenderTable {TABLE} at (10,494) size 118x134 [border: (1px solid #000000)]
        RenderTableSection (anonymous) at (1,1) size 58x132
          RenderTableRow (anonymous) at (0,2) size 54x132
            RenderTableCell (anonymous) at (2,2) size 54x128 [r=0 c=0 rs=1 cs=1]
              RenderBlock {THEAD} at (0,0) size 27x128
                RenderBlock {TR} at (0,0) size 27x128
                  RenderTable at (0,0) size 27x114
                    RenderTableSection (anonymous) at (0,0) size 27x114
                      RenderTableRow (anonymous) at (0,2) size 23x114
                        RenderTableCell {TD} at (2,2) size 23x54 [r=0 c=0 rs=1 cs=1]
                          RenderText {#text} at (1,1) size 21x52
                            text run at (1,1) width 52: "Head 1"
                        RenderTableCell {TD} at (2,58) size 23x54 [r=0 c=1 rs=1 cs=1]
                          RenderText {#text} at (1,1) size 21x52
                            text run at (1,1) width 52: "Head 2"
              RenderBlock {TFOOT} at (27,0) size 27x128
                RenderBlock {TR} at (0,0) size 27x128
                  RenderTable at (0,0) size 27x128
                    RenderTableSection (anonymous) at (0,0) size 27x128
                      RenderTableRow (anonymous) at (0,2) size 23x128
                        RenderTableCell {TD} at (2,2) size 23x61 [r=0 c=0 rs=1 cs=1]
                          RenderText {#text} at (1,1) size 21x59
                            text run at (1,1) width 59: "Footer 1"
                        RenderTableCell {TD} at (2,65) size 23x61 [r=0 c=1 rs=1 cs=1]
                          RenderText {#text} at (1,1) size 21x59
                            text run at (1,1) width 59: "Footer 2"
        RenderTableSection {TBODY} at (59,1) size 58x132
          RenderTableRow (anonymous) at (0,2) size 54x132
            RenderTableCell (anonymous) at (2,2) size 54x128 [r=0 c=0 rs=1 cs=1]
              RenderBlock {TR} at (0,0) size 27x128
                RenderTable at (0,0) size 27x94
                  RenderTableSection (anonymous) at (0,0) size 27x94
                    RenderTableRow (anonymous) at (0,2) size 23x94
                      RenderTableCell {TD} at (2,2) size 23x44 [r=0 c=0 rs=1 cs=1]
                        RenderText {#text} at (1,1) size 21x42
                          text run at (1,1) width 42: "Cell 1"
                      RenderTableCell {TD} at (2,48) size 23x44 [r=0 c=1 rs=1 cs=1]
                        RenderText {#text} at (1,1) size 21x42
                          text run at (1,1) width 42: "Cell 2"
              RenderBlock {TR} at (27,0) size 27x128
                RenderTable at (0,0) size 27x94
                  RenderTableSection (anonymous) at (0,0) size 27x94
                    RenderTableRow (anonymous) at (0,2) size 23x94
                      RenderTableCell {TD} at (2,2) size 23x44 [r=0 c=0 rs=1 cs=1]
                        RenderText {#text} at (1,1) size 21x42
                          text run at (1,1) width 42: "Cell 3"
                      RenderTableCell {TD} at (2,48) size 23x44 [r=0 c=1 rs=1 cs=1]
                        RenderText {#text} at (1,1) size 21x42
                          text run at (1,1) width 42: "Cell 4"
      RenderTable at (0,638) size 102x800
        RenderTableSection (anonymous) at (0,0) size 102x800
          RenderTableRow (anonymous) at (0,0) size 102x800
            RenderTableCell {P} at (0,0) size 102x800 [border: (1px solid #000000)] [r=0 c=0 rs=1 cs=1]
              RenderText {#text} at (1,1) size 100x798
                text run at (1,1) width 92: "Lorem ipsum"
                text run at (1,22) width 99: "dolor sit amet,"
                text run at (1,43) width 82: "consectetur"
                text run at (1,64) width 77: "adipisicing"
                text run at (1,85) width 77: "elit, sed do"
                text run at (1,106) width 61: "eiusmod"
                text run at (1,127) width 49: "tempor"
                text run at (1,148) width 86: "incididunt ut"
                text run at (1,169) width 62: "labore et"
                text run at (1,190) width 98: "dolore magna"
                text run at (1,211) width 68: "aliqua. Ut"
                text run at (1,232) width 57: "enim ad"
                text run at (1,253) width 43: "minim"
                text run at (1,274) width 90: "veniam, quis"
                text run at (1,295) width 53: "nostrud"
                text run at (1,316) width 82: "exercitation"
                text run at (1,337) width 56: "ullamco"
                text run at (1,358) width 94: "laboris nisi ut"
                text run at (1,379) width 91: "aliquip ex ea"
                text run at (1,400) width 70: "commodo"
                text run at (1,421) width 78: "consequat."
                text run at (1,442) width 68: "Duis aute"
                text run at (1,463) width 89: "irure dolor in"
                text run at (1,484) width 95: "reprehenderit"
                text run at (1,505) width 82: "in voluptate"
                text run at (1,526) width 67: "velit esse"
                text run at (1,547) width 91: "cillum dolore"
                text run at (1,568) width 100: "eu fugiat nulla"
                text run at (1,589) width 58: "pariatur."
                text run at (1,610) width 72: "Excepteur"
                text run at (1,631) width 93: "sint occaecat"
                text run at (1,652) width 96: "cupidatat non"
                text run at (1,673) width 96: "proident, sunt"
                text run at (1,694) width 82: "in culpa qui"
                text run at (1,715) width 42: "officia"
                text run at (1,736) width 62: "deserunt"
                text run at (1,757) width 94: "mollit anim id"
                text run at (1,778) width 87: "est laborum."
