layer at (0,0) size 800x600
  RenderView at (0,0) size 800x600
layer at (0,0) size 800x600
  RenderBlock {HTML} at (0,0) size 800x600
    RenderBody {BODY} at (8,8) size 784x584
      RenderBlock (anonymous) at (0,0) size 784x21
        RenderText {#text} at (0,0) size 95x21
          text run at (0,0) width 95: "No line break"
      RenderTable {TABLE} at (0,21) size 129x61 [bgcolor=#C0C0C0]
        RenderTableSection {TBODY} at (0,0) size 129x61
          RenderTableRow {TR} at (0,2) size 129x57
            RenderTableCell {TD} at (2,2) size 125x57 [r=0 c=0 rs=1 cs=1]
              RenderImage {IMG} at (1,1) size 20x50 [bgcolor=#ADD8E6]
              RenderText {#text} at (21,35) size 83x21
                text run at (21,35) width 83: "loremipsum"
              RenderImage {IMG} at (104,1) size 20x50 [bgcolor=#ADD8E6]
              RenderText {#text} at (0,0) size 0x0
      RenderBlock {HR} at (0,90) size 784x2 [border: (1px inset #000000)]
      RenderBlock (anonymous) at (0,100) size 784x21
        RenderText {#text} at (0,0) size 95x21
          text run at (0,0) width 95: "No line break"
      RenderTable {TABLE} at (0,121) size 109x61 [bgcolor=#C0C0C0]
        RenderTableSection {TBODY} at (0,0) size 109x61
          RenderTableRow {TR} at (0,2) size 109x57
            RenderTableCell {TD} at (2,2) size 105x57 [r=0 c=0 rs=1 cs=1]
              RenderText {#text} at (1,35) size 83x21
                text run at (1,35) width 83: "loremipsum"
              RenderImage {IMG} at (84,1) size 20x50 [bgcolor=#ADD8E6]
              RenderText {#text} at (0,0) size 0x0
      RenderBlock {HR} at (0,190) size 784x2 [border: (1px inset #000000)]
      RenderBlock (anonymous) at (0,200) size 784x21
        RenderText {#text} at (0,0) size 165x21
          text run at (0,0) width 165: "Line break after the \"a\"."
      RenderTable {TABLE} at (0,221) size 109x82 [bgcolor=#C0C0C0]
        RenderTableSection {TBODY} at (0,0) size 109x82
          RenderTableRow {TR} at (0,2) size 109x78
            RenderTableCell {TD} at (2,2) size 105x78 [r=0 c=0 rs=1 cs=1]
              RenderText {#text} at (1,1) size 83x76
                text run at (1,1) width 9: "a"
                text run at (1,56) width 83: "loremipsum"
              RenderImage {IMG} at (84,22) size 20x50 [bgcolor=#ADD8E6]
              RenderText {#text} at (0,0) size 0x0
      RenderBlock {HR} at (0,311) size 784x2 [border: (1px inset #000000)]
      RenderBlock (anonymous) at (0,321) size 784x21
        RenderText {#text} at (0,0) size 165x21
          text run at (0,0) width 165: "Line break after the \"a\"."
      RenderTable {TABLE} at (0,342) size 129x82 [bgcolor=#C0C0C0]
        RenderTableSection {TBODY} at (0,0) size 129x82
          RenderTableRow {TR} at (0,2) size 129x78
            RenderTableCell {TD} at (2,2) size 125x78 [r=0 c=0 rs=1 cs=1]
              RenderText {#text} at (1,1) size 9x21
                text run at (1,1) width 9: "a"
              RenderImage {IMG} at (1,22) size 20x50 [bgcolor=#ADD8E6]
              RenderText {#text} at (21,56) size 83x21
                text run at (21,56) width 83: "loremipsum"
              RenderImage {IMG} at (104,22) size 20x50 [bgcolor=#ADD8E6]
              RenderText {#text} at (0,0) size 0x0
      RenderBlock {HR} at (0,432) size 784x2 [border: (1px inset #000000)]
      RenderBlock (anonymous) at (0,442) size 784x21
        RenderText {#text} at (0,0) size 199x21
          text run at (0,0) width 199: "Line break after \"wideword\"."
      RenderTable {TABLE} at (0,463) size 129x82 [bgcolor=#C0C0C0]
        RenderTableSection {TBODY} at (0,0) size 129x82
          RenderTableRow {TR} at (0,2) size 129x78
            RenderTableCell {TD} at (2,2) size 125x78 [r=0 c=0 rs=1 cs=1]
              RenderText {#text} at (1,1) size 69x21
                text run at (1,1) width 69: "wideword"
              RenderImage {IMG} at (1,22) size 20x50 [bgcolor=#ADD8E6]
              RenderText {#text} at (21,56) size 83x21
                text run at (21,56) width 83: "loremipsum"
              RenderImage {IMG} at (104,22) size 20x50 [bgcolor=#ADD8E6]
              RenderText {#text} at (0,0) size 0x0
