layer at (0,0) size 800x600
  RenderView at (0,0) size 800x600
layer at (0,0) size 800x600
  RenderBlock {HTML} at (0,0) size 800x600
    RenderBody {BODY} at (8,8) size 784x584
      RenderTable {TABLE} at (0,0) size 784x60 [bgcolor=#3399CC]
        RenderTableSection {TBODY} at (0,0) size 784x60
          RenderTableRow {TR} at (0,0) size 784x30
            RenderTableCell {TD} at (0,0) size 784x30 [border: none (1px solid #FFFFFF) none] [r=0 c=0 rs=1 cs=1]
              RenderBlock {A} at (0,0) size 784x29 [color=#0000EE]
                RenderText {#text} at (4,4) size 167x21
                  text run at (4,4) width 167: "List of Transit Providers"
          RenderTableRow {TR} at (0,30) size 784x30
            RenderTableCell {TD} at (0,30) size 784x30 [border: none (1px solid #FFFFFF) none] [r=1 c=0 rs=1 cs=1]
              RenderBlock {A} at (0,0) size 784x29 [color=#0000EE]
                RenderText {#text} at (4,4) size 178x21
                  text run at (4,4) width 178: "Locate a Transit Provider"
