layer at (0,0) size 800x600
  RenderView at (0,0) size 800x600
layer at (0,0) size 800x510
  RenderBlock {HTML} at (0,0) size 800x510
    RenderBody {BODY} at (8,8) size 784x494
      RenderTable {TABLE} at (0,0) size 682x494 [border: (1px outset #808080)]
        RenderTableSection {TBODY} at (1,1) size 680x492
          RenderTableRow {TR} at (0,2) size 680x488
            RenderTableCell {TD} at (2,86) size 49x25 [border: (1px inset #808080)] [r=0 c=0 rs=1 cs=1]
              RenderText {#text} at (2,2) size 45x21
                text run at (2,2) width 45: "Lorem"
            RenderTableCell {TD} at (53,67) size 131x50 [border: (1px inset #808080)] [r=0 c=1 rs=1 cs=1]
              RenderText {#text} at (2,21) size 47x21
                text run at (2,21) width 47: "ipsum "
              RenderInline {SPAN} at (0,0) size 80x46
                RenderText {#text} at (49,2) size 80x46
                  text run at (49,2) width 80: "dolor"
              RenderText {#text} at (0,0) size 0x0
            RenderTableCell {TD} at (186,86) size 20x25 [border: (1px inset #808080)] [r=0 c=2 rs=1 cs=1]
              RenderBlock {DIV} at (2,2) size 16x21
                RenderText {#text} at (0,0) size 16x21
                  text run at (0,0) width 16: "sit"
            RenderTableCell {TD} at (208,86) size 54x104 [border: (1px inset #808080)] [r=0 c=3 rs=1 cs=1]
              RenderBlock {DIV} at (2,2) size 50x100 [bgcolor=#ADD8E6]
                RenderText {#text} at (0,0) size 35x21
                  text run at (0,0) width 35: "amet"
            RenderTableCell {TD} at (264,86) size 64x25 [border: (1px inset #808080)] [r=0 c=4 rs=1 cs=1]
              RenderText {#text} at (2,2) size 51x21
                text run at (2,2) width 51: "consec"
              RenderText {#text} at (0,0) size 0x0
            RenderTableCell {TD} at (330,60) size 91x89 [border: (1px inset #808080)] [r=0 c=5 rs=1 cs=1]
              RenderTable {TABLE} at (2,2) size 87x85 [border: (1px outset #808080)]
                RenderTableSection {TBODY} at (1,1) size 85x83
                  RenderTableRow {TR} at (0,10) size 85x63
                    RenderTableCell {TD} at (2,10) size 81x63 [border: (10px solid #0000FF) (1px inset #808080) (5px solid #0000FF) (1px inset #808080)] [r=0 c=0 rs=1 cs=1]
                      RenderText {#text} at (2,15) size 40x21
                        text run at (2,15) width 40: "tetuer"
                      RenderBR {BR} at (42,15) size 0x21
                      RenderText {#text} at (2,36) size 77x21
                        text run at (2,36) width 77: "adipiscing."
            RenderTableCell {TD} at (423,2) size 64x4 [border: (1px inset #808080)] [r=0 c=6 rs=1 cs=1]
            RenderTableCell {TD} at (489,2) size 54x104 [border: (1px inset #808080)] [r=0 c=7 rs=1 cs=1]
              RenderBlock {DIV} at (2,2) size 50x100 [bgcolor=#FFB6C1]
            RenderTableCell {TD} at (545,29) size 67x167 [border: (1px inset #808080)] [r=0 c=8 rs=1 cs=1]
              RenderTable {TABLE} at (2,2) size 63x121 [border: (1px outset #808080)]
                RenderTableSection {TBODY} at (1,1) size 61x119
                  RenderTableRow {TR} at (0,2) size 61x80
                    RenderTableCell {TD} at (2,26) size 57x56 [border: (10px solid #0000FF) (1px inset #808080) (5px solid #0000FF) (1px inset #808080)] [r=0 c=0 rs=1 cs=1]
                      RenderBlock {DIV} at (6,25) size 45x21 [bgcolor=#FFB6C1]
                        RenderText {#text} at (0,0) size 45x21
                          text run at (0,0) width 45: "Lorem"
                  RenderTableRow {TR} at (0,84) size 61x33
                    RenderTableCell {TD} at (2,84) size 57x33 [border: (1px inset #808080)] [r=1 c=0 rs=1 cs=1]
                      RenderText {#text} at (6,6) size 43x21
                        text run at (6,6) width 43: "ipsum"
              RenderBlock (anonymous) at (2,123) size 63x42
                RenderText {#text} at (0,0) size 56x21
                  text run at (0,0) width 56: "dolor sit"
                RenderBR {BR} at (56,0) size 0x21
                RenderText {#text} at (0,21) size 39x21
                  text run at (0,21) width 39: "amet."
            RenderTableCell {TD} at (614,42) size 64x64 [border: (1px inset #808080)] [r=0 c=9 rs=1 cs=1]
              RenderBlock (floating) {DIV} at (2,2) size 25x30 [bgcolor=#90EE90]
                RenderText {#text} at (0,0) size 19x21
                  text run at (0,0) width 19: "F1"
              RenderBlock (floating) {DIV} at (27,2) size 25x30 [bgcolor=#90EE90]
                RenderText {#text} at (0,0) size 19x21
                  text run at (0,0) width 19: "F2"
              RenderBlock (floating) {DIV} at (2,32) size 25x30 [bgcolor=#90EE90]
                RenderText {#text} at (0,0) size 19x21
                  text run at (0,0) width 19: "F3"
layer at (275,0) size 60x50
  RenderBlock (positioned) {DIV} at (275,0) size 60x50 [bgcolor=#FFFFE0]
    RenderText {#text} at (0,0) size 11x21
      text run at (0,0) width 11: "P"
layer at (434,13) size 60x50
  RenderBlock (positioned) {DIV} at (434,13) size 60x50 [bgcolor=#FFFFE0]
    RenderText {#text} at (0,0) size 11x21
      text run at (0,0) width 11: "P"
