layer at (0,0) size 800x600
  RenderView at (0,0) size 800x600
layer at (0,0) size 800x600
  RenderBlock {HTML} at (0,0) size 800x600
    RenderBody {BODY} at (8,8) size 784x584
      RenderText {#text} at (0,0) size 493x18
        text run at (0,0) width 493: "This tests that toggling the display property won't make the controls disappear."
      RenderBR {BR} at (493,14) size 0x0
      RenderText {#text} at (0,0) size 0x0
layer at (8,26) size 320x240
  RenderVideo {VIDEO} at (0,18) size 320x240
layer at (8,26) size 320x240
  RenderBlock (relative positioned) {DIV} at (0,0) size 320x240
layer at (8,241) size 320x25
  RenderDeprecatedFlexibleBox (positioned) {DIV} at (0,215) size 320x25
    RenderButton {INPUT} at (6,3) size 18x18
    RenderButton {INPUT} at (32,4) size 16x16
    RenderDeprecatedFlexibleBox {DIV} at (49,5) size 216x15
      RenderSlider {INPUT} at (45,2) size 126x13
        RenderBlock {DIV} at (0,2) size 10x8
    RenderButton {INPUT} at (297,4) size 16x16
    RenderButton {INPUT} at (267,6) size 14x12
layer at (57,248) size 45x11
  RenderDeprecatedFlexibleBox {DIV} at (0,2) size 45x11 [color=#FFFFFF]
    RenderBlock (anonymous) at (9,0) size 26x11
      RenderText {#text} at (0,0) size 26x11
        text run at (0,0) width 26: "00:00"
layer at (228,248) size 45x11
  RenderDeprecatedFlexibleBox {DIV} at (171,2) size 45x11 [color=#FFFFFF]
    RenderBlock (anonymous) at (7,0) size 31x11
      RenderText {#text} at (0,0) size 31x11
        text run at (0,0) width 31: "-00:06"
