layer at (0,0) size 800x600
  RenderView at (0,0) size 800x600
layer at (0,0) size 800x600
  RenderBlock {HTML} at (0,0) size 800x600
    RenderBody {BODY} at (8,8) size 784x584
      RenderBlock {P} at (0,0) size 784x80
        RenderText {#text} at (0,0) size 779x79
          text run at (0,0) width 779: "This test demonstrates -webkit-color-correction. Below are 3 images with 20 pixel borders. The images are all the same -- purple"
          text run at (0,20) width 740: "with an sRGB color profile. The border is the same CSS color for all three images. The first image has no special CSS. The"
          text run at (0,40) width 779: "second has -webkit-color-correction set to default, so it matches the first image. And the third has -webkit-color-correction set to"
          text run at (0,60) width 763: "sRGB. This color-corrects the purple border from the sRGB color space, and the result is that the border and the image match."
      RenderBlock (anonymous) at (0,96) size 784x145
        RenderImage {IMG} at (0,0) size 140x140 [border: (20px solid #560063)]
        RenderText {#text} at (140,125) size 4x19
          text run at (140,125) width 4: " "
        RenderImage {IMG} at (144,0) size 140x140 [border: (20px solid #560063)]
        RenderText {#text} at (284,125) size 4x19
          text run at (284,125) width 4: " "
        RenderImage {IMG} at (288,0) size 140x140 [border: (20px solid #560063)]
        RenderText {#text} at (0,0) size 0x0
