layer at (0,0) size 785x864
  RenderView at (0,0) size 785x600
layer at (0,0) size 785x864
  RenderBlock {HTML} at (0,0) size 785x864
    RenderBody {BODY} at (8,8) size 769x576
      RenderBlock {P} at (0,0) size 769x40
        RenderText {#text} at (0,0) size 765x39
          text run at (0,0) width 765: "The two squares below should not match each other. On the left an uncorrected image is tiled as a background, and on the right"
          text run at (0,20) width 428: "the same image is tiled as a background, but it is corrected from sRGB."
      RenderBlock (floating) {DIV} at (0,56) size 400x400
      RenderBlock (floating) {DIV} at (0,456) size 400x400
