layer at (0,0) size 800x600
  RenderView at (0,0) size 800x600
layer at (0,0) size 800x600
  RenderBlock {HTML} at (0,0) size 800x600
    RenderBody {BODY} at (8,8) size 784x576
      RenderBlock {P} at (0,0) size 784x40
        RenderText {#text} at (0,0) size 773x39
          text run at (0,0) width 773: "The two squares below should not match each other. On the left is an uncorrected image and border, and on the right is the same"
          text run at (0,20) width 315: "image and same border color corrected from sRGB."
      RenderImage {IMG} at (0,56) size 140x140 [border: (20px solid #560063)]
      RenderImage {IMG} at (140,56) size 140x140 [border: (20px solid #560063)]
