layer at (0,0) size 800x600
  RenderView at (0,0) size 800x600
layer at (0,0) size 800x600
  RenderBlock {HTML} at (0,0) size 800x600
    RenderBody {BODY} at (8,8) size 784x584
      RenderBlock {P} at (0,0) size 784x20
        RenderText {#text} at (0,0) size 255x19
          text run at (0,0) width 255: "You should see the numbers 1 to 9 below."
      RenderBlock {DIV} at (0,36) size 784x57
        RenderText {#text} at (0,1) size 34x55
          text run at (0,1) width 34: "A"
      RenderBlock {DIV} at (0,93) size 784x57
        RenderText {#text} at (0,1) size 34x55
          text run at (0,1) width 34: "A"
      RenderBlock {DIV} at (0,150) size 784x57
        RenderText {#text} at (0,1) size 34x55
          text run at (0,1) width 34: "A"
      RenderBlock {DIV} at (0,207) size 784x57
        RenderText {#text} at (0,1) size 34x55
          text run at (0,1) width 34: "A"
      RenderBlock {DIV} at (0,264) size 784x57
        RenderText {#text} at (0,1) size 34x55
          text run at (0,1) width 34: "A"
      RenderBlock {DIV} at (0,321) size 784x57
        RenderText {#text} at (0,1) size 34x55
          text run at (0,1) width 34: "A"
      RenderBlock {DIV} at (0,378) size 784x57
        RenderText {#text} at (0,1) size 35x55
          text run at (0,1) width 35: "A"
      RenderBlock {DIV} at (0,435) size 784x57
        RenderText {#text} at (0,1) size 35x55
          text run at (0,1) width 35: "A"
      RenderBlock {DIV} at (0,492) size 784x57
        RenderText {#text} at (0,1) size 35x55
          text run at (0,1) width 35: "A"
