layer at (0,0) size 800x600
  RenderView at (0,0) size 800x600
layer at (0,0) size 800x600
  RenderBlock {HTML} at (0,0) size 800x600
    RenderBody {BODY} at (0,0) size 800x600 [bgcolor=#FFFFFF]
      RenderBlock (anonymous) at (0,0) size 800x0
        RenderInline {SPAN} at (0,0) size 0x0
          RenderText {#text} at (0,0) size 0x0
          RenderInline {TDX} at (0,0) size 0x0
            RenderInline {IMGX} at (0,0) size 0x0
      RenderBlock (anonymous) at (0,0) size 800x80
        RenderTable {TABLE} at (0,0) size 800x80 [bgcolor=#FFFFFF]
          RenderTableSection {TBODY} at (0,0) size 800x80
            RenderTableRow {TR} at (0,0) size 800x20
              RenderTableCell {TD} at (0,0) size 357x60 [r=0 c=0 rs=2 cs=1]
                RenderInline {A} at (0,0) size 250x17 [color=#003399]
                  RenderImage {IMG} at (0,0) size 250x60
              RenderTableCell {TD} at (357,0) size 25x20 [r=0 c=1 rs=1 cs=1]
                RenderImage {IMG} at (7,0) size 18x20
              RenderTableCell {TD} at (382,4) size 418x11 [bgcolor=#000000] [r=0 c=2 rs=1 cs=2]
                RenderInline {FONT} at (0,0) size 292x11 [color=#FFFFFF]
                  RenderText {#text} at (0,0) size 0x0
                  RenderInline {B} at (0,0) size 292x11
                    RenderText {#text} at (126,0) size 7x11
                      text run at (126,0) width 7: "  "
                    RenderInline {A} at (0,0) size 60x11
                      RenderInline {FONT} at (0,0) size 60x11
                        RenderText {#text} at (132,0) size 60x11
                          text run at (132,0) width 60: "All Products"
                    RenderText {#text} at (191,0) size 6x11
                      text run at (191,0) width 6: "  "
                    RenderInline {FONT} at (0,0) size 4x11
                      RenderText {#text} at (196,0) size 4x11
                        text run at (196,0) width 4: "|"
                    RenderText {#text} at (199,0) size 9x11
                      text run at (199,0) width 4: " "
                      text run at (202,0) width 6: "  "
                    RenderInline {A} at (0,0) size 40x11
                      RenderInline {FONT} at (0,0) size 40x11
                        RenderText {#text} at (207,0) size 40x11
                          text run at (207,0) width 40: "Support"
                    RenderText {#text} at (246,0) size 6x11
                      text run at (246,0) width 6: "  "
                    RenderInline {FONT} at (0,0) size 4x11
                      RenderText {#text} at (251,0) size 4x11
                        text run at (251,0) width 4: "|"
                    RenderText {#text} at (254,0) size 9x11
                      text run at (254,0) width 4: " "
                      text run at (257,0) width 6: "  "
                    RenderInline {A} at (0,0) size 35x11
                      RenderInline {FONT} at (0,0) size 35x11
                        RenderText {#text} at (262,0) size 35x11
                          text run at (262,0) width 35: "Search"
                    RenderText {#text} at (296,0) size 6x11
                      text run at (296,0) width 6: "  "
                    RenderInline {FONT} at (0,0) size 4x11
                      RenderText {#text} at (301,0) size 4x11
                        text run at (301,0) width 4: "|"
                    RenderText {#text} at (304,0) size 9x11
                      text run at (304,0) width 4: " "
                      text run at (307,0) width 6: "  "
                    RenderInline {A} at (0,0) size 101x11
                      RenderInline {FONT} at (0,0) size 101x11
                        RenderText {#text} at (312,0) size 101x11
                          text run at (312,0) width 101: "microsoft.com Home"
                    RenderText {#text} at (412,0) size 6x11
                      text run at (412,0) width 6: "  "
                  RenderText {#text} at (0,0) size 0x0
            RenderTableRow {TR} at (0,20) size 800x40
              RenderTableCell {TD} at (357,20) size 443x40 [r=1 c=1 rs=1 cs=2]
                RenderInline {A} at (0,0) size 112x17 [color=#003399]
                  RenderImage {IMG} at (331,0) size 112x40
            RenderTableRow {TR} at (0,60) size 800x20
              RenderTableCell {TD} at (0,64) size 800x11 [bgcolor=#6699CC] [r=2 c=0 rs=1 cs=4]
                RenderInline {FONT} at (0,0) size 487x11 [color=#FFFFFF]
                  RenderInline {B} at (0,0) size 487x11
                    RenderText {#text} at (0,0) size 6x11
                      text run at (0,0) width 6: "  "
                    RenderInline {A} at (0,0) size 29x11
                      RenderInline {FONT} at (0,0) size 29x11
                        RenderText {#text} at (5,0) size 29x11
                          text run at (5,0) width 29: "Home"
                    RenderText {#text} at (33,0) size 6x11
                      text run at (33,0) width 6: "  "
                    RenderInline {FONT} at (0,0) size 4x11
                      RenderText {#text} at (38,0) size 4x11
                        text run at (38,0) width 4: "|"
                    RenderText {#text} at (41,0) size 10x11
                      text run at (41,0) width 4: " "
                      text run at (44,0) width 7: "  "
                    RenderInline {A} at (0,0) size 33x11
                      RenderInline {FONT} at (0,0) size 33x11
                        RenderText {#text} at (50,0) size 33x11
                          text run at (50,0) width 33: "Events"
                    RenderText {#text} at (82,0) size 7x11
                      text run at (82,0) width 7: "  "
                    RenderInline {FONT} at (0,0) size 4x11
                      RenderText {#text} at (88,0) size 4x11
                        text run at (88,0) width 4: "|"
                    RenderText {#text} at (91,0) size 9x11
                      text run at (91,0) width 3: " "
                      text run at (93,0) width 7: "  "
                    RenderInline {A} at (0,0) size 40x11
                      RenderInline {FONT} at (0,0) size 40x11
                        RenderText {#text} at (99,0) size 40x11
                          text run at (99,0) width 40: "Training"
                    RenderText {#text} at (138,0) size 7x11
                      text run at (138,0) width 7: "  "
                    RenderInline {FONT} at (0,0) size 4x11
                      RenderText {#text} at (144,0) size 4x11
                        text run at (144,0) width 4: "|"
                    RenderText {#text} at (147,0) size 9x11
                      text run at (147,0) width 4: " "
                      text run at (150,0) width 6: "  "
                    RenderInline {A} at (0,0) size 54x11
                      RenderInline {FONT} at (0,0) size 54x11
                        RenderText {#text} at (155,0) size 54x11
                          text run at (155,0) width 54: "Downloads"
                    RenderText {#text} at (208,0) size 7x11
                      text run at (208,0) width 7: "  "
                    RenderInline {FONT} at (0,0) size 4x11
                      RenderText {#text} at (214,0) size 4x11
                        text run at (214,0) width 4: "|"
                    RenderText {#text} at (217,0) size 9x11
                      text run at (217,0) width 4: " "
                      text run at (220,0) width 6: "  "
                    RenderInline {A} at (0,0) size 57x11
                      RenderInline {FONT} at (0,0) size 57x11
                        RenderText {#text} at (225,0) size 57x11
                          text run at (225,0) width 57: "Newsletters"
                    RenderText {#text} at (281,0) size 7x11
                      text run at (281,0) width 7: "  "
                    RenderInline {FONT} at (0,0) size 4x11
                      RenderText {#text} at (287,0) size 4x11
                        text run at (287,0) width 4: "|"
                    RenderText {#text} at (290,0) size 9x11
                      text run at (290,0) width 3: " "
                      text run at (292,0) width 7: "  "
                    RenderInline {A} at (0,0) size 93x11
                      RenderInline {FONT} at (0,0) size 93x11
                        RenderText {#text} at (298,0) size 93x11
                          text run at (298,0) width 93: "U.S. & International"
                    RenderText {#text} at (390,0) size 7x11
                      text run at (390,0) width 7: "  "
                    RenderInline {FONT} at (0,0) size 4x11
                      RenderText {#text} at (396,0) size 4x11
                        text run at (396,0) width 4: "|"
                    RenderText {#text} at (399,0) size 9x11
                      text run at (399,0) width 3: " "
                      text run at (401,0) width 7: "  "
                    RenderInline {A} at (0,0) size 71x11
                      RenderInline {FONT} at (0,0) size 71x11
                        RenderText {#text} at (407,0) size 71x11
                          text run at (407,0) width 71: "About Our Site"
                    RenderText {#text} at (477,0) size 7x11
                      text run at (477,0) width 7: "  "
                    RenderInline {FONT} at (0,0) size 4x11
                      RenderText {#text} at (483,0) size 4x11
                        text run at (483,0) width 4: "|"
                    RenderText {#text} at (0,0) size 0x0
      RenderBlock (anonymous) at (0,80) size 800x0
        RenderInline {SPAN} at (0,0) size 0x0
