layer at (0,0) size 800x600
  RenderView at (0,0) size 800x600
layer at (0,0) size 800x600
  RenderBlock {HTML} at (0,0) size 800x600
    RenderBody {BODY} at (8,8) size 784x584
      RenderTable {TABLE} at (0,0) size 784x374
        RenderTableSection {TBODY} at (0,0) size 784x374
          RenderTableRow {TR} at (0,0) size 784x11
            RenderTableCell {TD} at (0,0) size 7x11 [bgcolor=#FDFDFB] [r=0 c=0 rs=1 cs=1]
              RenderInline {FONT} at (0,0) size 3x11
                RenderText {#text} at (0,0) size 3x11
                  text run at (0,0) width 3: " "
            RenderTableCell {TD} at (7,0) size 7x11 [bgcolor=#FDFDFB] [r=0 c=1 rs=1 cs=1]
              RenderInline {FONT} at (0,0) size 3x11
                RenderText {#text} at (0,0) size 3x11
                  text run at (0,0) width 3: " "
            RenderTableCell {TD} at (14,0) size 7x11 [bgcolor=#FDFDFB] [r=0 c=2 rs=1 cs=1]
              RenderInline {FONT} at (0,0) size 3x11
                RenderText {#text} at (0,0) size 3x11
                  text run at (0,0) width 3: " "
            RenderTableCell {TD} at (21,0) size 7x11 [bgcolor=#FDFDFB] [r=0 c=3 rs=1 cs=1]
              RenderInline {FONT} at (0,0) size 3x11
                RenderText {#text} at (0,0) size 3x11
                  text run at (0,0) width 3: " "
            RenderTableCell {TD} at (28,0) size 7x11 [bgcolor=#FDFDFB] [r=0 c=4 rs=1 cs=1]
              RenderInline {FONT} at (0,0) size 3x11
                RenderText {#text} at (0,0) size 3x11
                  text run at (0,0) width 3: " "
            RenderTableCell {TD} at (35,0) size 7x11 [bgcolor=#FDFDFB] [r=0 c=5 rs=1 cs=1]
              RenderInline {FONT} at (0,0) size 3x11
                RenderText {#text} at (0,0) size 3x11
                  text run at (0,0) width 3: " "
            RenderTableCell {TD} at (42,0) size 7x11 [bgcolor=#FDFDFB] [r=0 c=6 rs=1 cs=1]
              RenderInline {FONT} at (0,0) size 3x11
                RenderText {#text} at (0,0) size 3x11
                  text run at (0,0) width 3: " "
            RenderTableCell {TD} at (49,0) size 7x11 [bgcolor=#FDFDFB] [r=0 c=7 rs=1 cs=1]
              RenderInline {FONT} at (0,0) size 3x11
                RenderText {#text} at (0,0) size 3x11
                  text run at (0,0) width 3: " "
            RenderTableCell {TD} at (56,0) size 7x11 [bgcolor=#FDFDFB] [r=0 c=8 rs=1 cs=1]
              RenderInline {FONT} at (0,0) size 3x11
                RenderText {#text} at (0,0) size 3x11
                  text run at (0,0) width 3: " "
            RenderTableCell {TD} at (63,0) size 7x11 [bgcolor=#FDFDFB] [r=0 c=9 rs=1 cs=1]
              RenderInline {FONT} at (0,0) size 3x11
                RenderText {#text} at (0,0) size 3x11
                  text run at (0,0) width 3: " "
            RenderTableCell {TD} at (70,0) size 7x11 [bgcolor=#CADEDD] [r=0 c=10 rs=1 cs=1]
              RenderInline {FONT} at (0,0) size 3x11
                RenderText {#text} at (0,0) size 3x11
                  text run at (0,0) width 3: " "
            RenderTableCell {TD} at (77,0) size 7x11 [bgcolor=#97C1C0] [r=0 c=11 rs=1 cs=1]
              RenderInline {FONT} at (0,0) size 3x11
                RenderText {#text} at (0,0) size 3x11
                  text run at (0,0) width 3: " "
            RenderTableCell {TD} at (84,0) size 7x11 [bgcolor=#5CADAE] [r=0 c=12 rs=1 cs=1]
              RenderInline {FONT} at (0,0) size 3x11
                RenderText {#text} at (0,0) size 3x11
                  text run at (0,0) width 3: " "
            RenderTableCell {TD} at (91,0) size 7x11 [bgcolor=#048485] [r=0 c=13 rs=1 cs=1]
              RenderInline {FONT} at (0,0) size 3x11
                RenderText {#text} at (0,0) size 3x11
                  text run at (0,0) width 3: " "
            RenderTableCell {TD} at (98,0) size 7x11 [bgcolor=#048485] [r=0 c=14 rs=1 cs=1]
              RenderInline {FONT} at (0,0) size 3x11
                RenderText {#text} at (0,0) size 3x11
                  text run at (0,0) width 3: " "
            RenderTableCell {TD} at (105,0) size 7x11 [bgcolor=#027777] [r=0 c=15 rs=1 cs=1]
              RenderInline {FONT} at (0,0) size 3x11
                RenderText {#text} at (0,0) size 3x11
                  text run at (0,0) width 3: " "
            RenderTableCell {TD} at (112,0) size 8x11 [bgcolor=#027777] [r=0 c=16 rs=1 cs=1]
              RenderInline {FONT} at (0,0) size 3x11
                RenderText {#text} at (0,0) size 3x11
                  text run at (0,0) width 3: " "
            RenderTableCell {TD} at (120,0) size 8x11 [bgcolor=#027777] [r=0 c=17 rs=1 cs=1]
              RenderInline {FONT} at (0,0) size 3x11
                RenderText {#text} at (0,0) size 3x11
                  text run at (0,0) width 3: " "
            RenderTableCell {TD} at (128,0) size 8x11 [bgcolor=#027777] [r=0 c=18 rs=1 cs=1]
              RenderInline {FONT} at (0,0) size 3x11
                RenderText {#text} at (0,0) size 3x11
                  text run at (0,0) width 3: " "
            RenderTableCell {TD} at (136,0) size 8x11 [bgcolor=#027777] [r=0 c=19 rs=1 cs=1]
              RenderInline {FONT} at (0,0) size 3x11
                RenderText {#text} at (0,0) size 3x11
                  text run at (0,0) width 3: " "
            RenderTableCell {TD} at (144,0) size 8x11 [bgcolor=#1B8685] [r=0 c=20 rs=1 cs=1]
              RenderInline {FONT} at (0,0) size 3x11
                RenderText {#text} at (0,0) size 3x11
                  text run at (0,0) width 3: " "
            RenderTableCell {TD} at (152,0) size 8x11 [bgcolor=#60A2A3] [r=0 c=21 rs=1 cs=1]
              RenderInline {FONT} at (0,0) size 3x11
                RenderText {#text} at (0,0) size 3x11
                  text run at (0,0) width 3: " "
            RenderTableCell {TD} at (160,0) size 8x11 [bgcolor=#8DB7B6] [r=0 c=22 rs=1 cs=1]
              RenderInline {FONT} at (0,0) size 3x11
                RenderText {#text} at (0,0) size 3x11
                  text run at (0,0) width 3: " "
            RenderTableCell {TD} at (168,0) size 8x11 [bgcolor=#CADEDD] [r=0 c=23 rs=1 cs=1]
              RenderInline {FONT} at (0,0) size 3x11
                RenderText {#text} at (0,0) size 3x11
                  text run at (0,0) width 3: " "
            RenderTableCell {TD} at (176,0) size 8x11 [bgcolor=#EDEEEF] [r=0 c=24 rs=1 cs=1]
              RenderInline {FONT} at (0,0) size 3x11
                RenderText {#text} at (0,0) size 3x11
                  text run at (0,0) width 3: " "
            RenderTableCell {TD} at (184,0) size 8x11 [bgcolor=#FDFDFB] [r=0 c=25 rs=1 cs=1]
              RenderInline {FONT} at (0,0) size 3x11
                RenderText {#text} at (0,0) size 3x11
                  text run at (0,0) width 3: " "
            RenderTableCell {TD} at (192,0) size 8x11 [bgcolor=#FDFDFB] [r=0 c=26 rs=1 cs=1]
              RenderInline {FONT} at (0,0) size 3x11
                RenderText {#text} at (0,0) size 3x11
                  text run at (0,0) width 3: " "
            RenderTableCell {TD} at (200,0) size 8x11 [bgcolor=#FDFDFB] [r=0 c=27 rs=1 cs=1]
              RenderInline {FONT} at (0,0) size 3x11
                RenderText {#text} at (0,0) size 3x11
                  text run at (0,0) width 3: " "
            RenderTableCell {TD} at (208,0) size 8x11 [bgcolor=#FDFDFB] [r=0 c=28 rs=1 cs=1]
              RenderInline {FONT} at (0,0) size 3x11
                RenderText {#text} at (0,0) size 3x11
                  text run at (0,0) width 3: " "
            RenderTableCell {TD} at (216,0) size 8x11 [bgcolor=#FDFDFB] [r=0 c=29 rs=1 cs=1]
              RenderInline {FONT} at (0,0) size 3x11
                RenderText {#text} at (0,0) size 3x11
                  text run at (0,0) width 3: " "
            RenderTableCell {TD} at (224,0) size 8x11 [bgcolor=#FDFDFB] [r=0 c=30 rs=1 cs=1]
              RenderInline {FONT} at (0,0) size 3x11
                RenderText {#text} at (0,0) size 3x11
                  text run at (0,0) width 3: " "
            RenderTableCell {TD} at (232,0) size 8x11 [bgcolor=#FDFDFB] [r=0 c=31 rs=1 cs=1]
              RenderInline {FONT} at (0,0) size 3x11
                RenderText {#text} at (0,0) size 3x11
                  text run at (0,0) width 3: " "
            RenderTableCell {TD} at (240,0) size 8x11 [bgcolor=#FDFDFB] [r=0 c=32 rs=1 cs=1]
              RenderInline {FONT} at (0,0) size 3x11
                RenderText {#text} at (0,0) size 3x11
                  text run at (0,0) width 3: " "
            RenderTableCell {TD} at (248,0) size 8x11 [bgcolor=#FDFDFB] [r=0 c=33 rs=1 cs=1]
              RenderInline {FONT} at (0,0) size 3x11
                RenderText {#text} at (0,0) size 3x11
                  text run at (0,0) width 3: " "
            RenderTableCell {TD} at (256,0) size 8x11 [bgcolor=#FDFDFB] [r=0 c=34 rs=1 cs=1]
              RenderInline {FONT} at (0,0) size 3x11
                RenderText {#text} at (0,0) size 3x11
                  text run at (0,0) width 3: " "
            RenderTableCell {TD} at (264,0) size 8x11 [bgcolor=#FDFDFB] [r=0 c=35 rs=1 cs=1]
              RenderInline {FONT} at (0,0) size 3x11
                RenderText {#text} at (0,0) size 3x11
                  text run at (0,0) width 3: " "
            RenderTableCell {TD} at (272,0) size 8x11 [bgcolor=#E0EAE9] [r=0 c=36 rs=1 cs=1]
              RenderInline {FONT} at (0,0) size 3x11
                RenderText {#text} at (0,0) size 3x11
                  text run at (0,0) width 3: " "
            RenderTableCell {TD} at (280,0) size 8x11 [bgcolor=#CADEDD] [r=0 c=37 rs=1 cs=1]
              RenderInline {FONT} at (0,0) size 3x11
                RenderText {#text} at (0,0) size 3x11
                  text run at (0,0) width 3: " "
            RenderTableCell {TD} at (288,0) size 8x11 [bgcolor=#CADEDD] [r=0 c=38 rs=1 cs=1]
              RenderInline {FONT} at (0,0) size 3x11
                RenderText {#text} at (0,0) size 3x11
                  text run at (0,0) width 3: " "
            RenderTableCell {TD} at (296,0) size 8x11 [bgcolor=#CADEDD] [r=0 c=39 rs=1 cs=1]
              RenderInline {FONT} at (0,0) size 3x11
                RenderText {#text} at (0,0) size 3x11
                  text run at (0,0) width 3: " "
            RenderTableCell {TD} at (304,0) size 8x11 [bgcolor=#CADEDD] [r=0 c=40 rs=1 cs=1]
              RenderInline {FONT} at (0,0) size 3x11
                RenderText {#text} at (0,0) size 3x11
                  text run at (0,0) width 3: " "
            RenderTableCell {TD} at (312,0) size 8x11 [bgcolor=#CADEDD] [r=0 c=41 rs=1 cs=1]
              RenderInline {FONT} at (0,0) size 3x11
                RenderText {#text} at (0,0) size 3x11
                  text run at (0,0) width 3: " "
            RenderTableCell {TD} at (320,0) size 8x11 [bgcolor=#CADEDD] [r=0 c=42 rs=1 cs=1]
              RenderInline {FONT} at (0,0) size 3x11
                RenderText {#text} at (0,0) size 3x11
                  text run at (0,0) width 3: " "
            RenderTableCell {TD} at (328,0) size 8x11 [bgcolor=#CADEDD] [r=0 c=43 rs=1 cs=1]
              RenderInline {FONT} at (0,0) size 3x11
                RenderText {#text} at (0,0) size 3x11
                  text run at (0,0) width 3: " "
            RenderTableCell {TD} at (336,0) size 8x11 [bgcolor=#CADEDD] [r=0 c=44 rs=1 cs=1]
              RenderInline {FONT} at (0,0) size 3x11
                RenderText {#text} at (0,0) size 3x11
                  text run at (0,0) width 3: " "
            RenderTableCell {TD} at (344,0) size 8x11 [bgcolor=#CADEDD] [r=0 c=45 rs=1 cs=1]
              RenderInline {FONT} at (0,0) size 3x11
                RenderText {#text} at (0,0) size 3x11
                  text run at (0,0) width 3: " "
            RenderTableCell {TD} at (352,0) size 8x11 [bgcolor=#CADEDD] [r=0 c=46 rs=1 cs=1]
              RenderInline {FONT} at (0,0) size 3x11
                RenderText {#text} at (0,0) size 3x11
                  text run at (0,0) width 3: " "
            RenderTableCell {TD} at (360,0) size 8x11 [bgcolor=#CADEDD] [r=0 c=47 rs=1 cs=1]
              RenderInline {FONT} at (0,0) size 3x11
                RenderText {#text} at (0,0) size 3x11
                  text run at (0,0) width 3: " "
            RenderTableCell {TD} at (368,0) size 8x11 [bgcolor=#CADEDD] [r=0 c=48 rs=1 cs=1]
              RenderInline {FONT} at (0,0) size 3x11
                RenderText {#text} at (0,0) size 3x11
                  text run at (0,0) width 3: " "
            RenderTableCell {TD} at (376,0) size 8x11 [bgcolor=#CADEDD] [r=0 c=49 rs=1 cs=1]
              RenderInline {FONT} at (0,0) size 3x11
                RenderText {#text} at (0,0) size 3x11
                  text run at (0,0) width 3: " "
            RenderTableCell {TD} at (384,0) size 8x11 [bgcolor=#CADEDD] [r=0 c=50 rs=1 cs=1]
              RenderInline {FONT} at (0,0) size 3x11
                RenderText {#text} at (0,0) size 3x11
                  text run at (0,0) width 3: " "
            RenderTableCell {TD} at (392,0) size 8x11 [bgcolor=#CADEDD] [r=0 c=51 rs=1 cs=1]
              RenderInline {FONT} at (0,0) size 3x11
                RenderText {#text} at (0,0) size 3x11
                  text run at (0,0) width 3: " "
            RenderTableCell {TD} at (400,0) size 8x11 [bgcolor=#EDEEEF] [r=0 c=52 rs=1 cs=1]
              RenderInline {FONT} at (0,0) size 3x11
                RenderText {#text} at (0,0) size 3x11
                  text run at (0,0) width 3: " "
            RenderTableCell {TD} at (408,0) size 8x11 [bgcolor=#FDFDFB] [r=0 c=53 rs=1 cs=1]
              RenderInline {FONT} at (0,0) size 3x11
                RenderText {#text} at (0,0) size 3x11
                  text run at (0,0) width 3: " "
            RenderTableCell {TD} at (416,0) size 8x11 [bgcolor=#FDFDFB] [r=0 c=54 rs=1 cs=1]
              RenderInline {FONT} at (0,0) size 3x11
                RenderText {#text} at (0,0) size 3x11
                  text run at (0,0) width 3: " "
            RenderTableCell {TD} at (424,0) size 8x11 [bgcolor=#E0EAE9] [r=0 c=55 rs=1 cs=1]
              RenderInline {FONT} at (0,0) size 3x11
                RenderText {#text} at (0,0) size 3x11
                  text run at (0,0) width 3: " "
            RenderTableCell {TD} at (432,0) size 8x11 [bgcolor=#CADEDD] [r=0 c=56 rs=1 cs=1]
              RenderInline {FONT} at (0,0) size 3x11
                RenderText {#text} at (0,0) size 3x11
                  text run at (0,0) width 3: " "
            RenderTableCell {TD} at (440,0) size 8x11 [bgcolor=#EDEEEF] [r=0 c=57 rs=1 cs=1]
              RenderInline {FONT} at (0,0) size 3x11
                RenderText {#text} at (0,0) size 3x11
                  text run at (0,0) width 3: " "
            RenderTableCell {TD} at (448,0) size 8x11 [bgcolor=#FDFDFB] [r=0 c=58 rs=1 cs=1]
              RenderInline {FONT} at (0,0) size 3x11
                RenderText {#text} at (0,0) size 3x11
                  text run at (0,0) width 3: " "
            RenderTableCell {TD} at (456,0) size 8x11 [bgcolor=#FDFDFB] [r=0 c=59 rs=1 cs=1]
              RenderInline {FONT} at (0,0) size 3x11
                RenderText {#text} at (0,0) size 3x11
                  text run at (0,0) width 3: " "
            RenderTableCell {TD} at (464,0) size 8x11 [bgcolor=#FDFDFB] [r=0 c=60 rs=1 cs=1]
              RenderInline {FONT} at (0,0) size 3x11
                RenderText {#text} at (0,0) size 3x11
                  text run at (0,0) width 3: " "
            RenderTableCell {TD} at (472,0) size 8x11 [bgcolor=#FDFDFB] [r=0 c=61 rs=1 cs=1]
              RenderInline {FONT} at (0,0) size 3x11
                RenderText {#text} at (0,0) size 3x11
                  text run at (0,0) width 3: " "
            RenderTableCell {TD} at (480,0) size 8x11 [bgcolor=#FDFDFB] [r=0 c=62 rs=1 cs=1]
              RenderInline {FONT} at (0,0) size 3x11
                RenderText {#text} at (0,0) size 3x11
                  text run at (0,0) width 3: " "
            RenderTableCell {TD} at (488,0) size 8x11 [bgcolor=#FDFDFB] [r=0 c=63 rs=1 cs=1]
              RenderInline {FONT} at (0,0) size 3x11
                RenderText {#text} at (0,0) size 3x11
                  text run at (0,0) width 3: " "
            RenderTableCell {TD} at (496,0) size 8x11 [bgcolor=#FDFDFB] [r=0 c=64 rs=1 cs=1]
              RenderInline {FONT} at (0,0) size 3x11
                RenderText {#text} at (0,0) size 3x11
                  text run at (0,0) width 3: " "
            RenderTableCell {TD} at (504,0) size 8x11 [bgcolor=#FDFDFB] [r=0 c=65 rs=1 cs=1]
              RenderInline {FONT} at (0,0) size 3x11
                RenderText {#text} at (0,0) size 3x11
                  text run at (0,0) width 3: " "
            RenderTableCell {TD} at (512,0) size 8x11 [bgcolor=#FDFDFB] [r=0 c=66 rs=1 cs=1]
              RenderInline {FONT} at (0,0) size 3x11
                RenderText {#text} at (0,0) size 3x11
                  text run at (0,0) width 3: " "
            RenderTableCell {TD} at (520,0) size 8x11 [bgcolor=#FDFDFB] [r=0 c=67 rs=1 cs=1]
              RenderInline {FONT} at (0,0) size 3x11
                RenderText {#text} at (0,0) size 3x11
                  text run at (0,0) width 3: " "
            RenderTableCell {TD} at (528,0) size 8x11 [bgcolor=#FDFDFB] [r=0 c=68 rs=1 cs=1]
              RenderInline {FONT} at (0,0) size 3x11
                RenderText {#text} at (0,0) size 3x11
                  text run at (0,0) width 3: " "
            RenderTableCell {TD} at (536,0) size 8x11 [bgcolor=#FDFDFB] [r=0 c=69 rs=1 cs=1]
              RenderInline {FONT} at (0,0) size 3x11
                RenderText {#text} at (0,0) size 3x11
                  text run at (0,0) width 3: " "
            RenderTableCell {TD} at (544,0) size 8x11 [bgcolor=#FDFDFB] [r=0 c=70 rs=1 cs=1]
              RenderInline {FONT} at (0,0) size 3x11
                RenderText {#text} at (0,0) size 3x11
                  text run at (0,0) width 3: " "
            RenderTableCell {TD} at (552,0) size 8x11 [bgcolor=#FDFDFB] [r=0 c=71 rs=1 cs=1]
              RenderInline {FONT} at (0,0) size 3x11
                RenderText {#text} at (0,0) size 3x11
                  text run at (0,0) width 3: " "
            RenderTableCell {TD} at (560,0) size 8x11 [bgcolor=#EDEEEF] [r=0 c=72 rs=1 cs=1]
              RenderInline {FONT} at (0,0) size 3x11
                RenderText {#text} at (0,0) size 3x11
                  text run at (0,0) width 3: " "
            RenderTableCell {TD} at (568,0) size 8x11 [bgcolor=#EDEEEF] [r=0 c=73 rs=1 cs=1]
              RenderInline {FONT} at (0,0) size 3x11
                RenderText {#text} at (0,0) size 3x11
                  text run at (0,0) width 3: " "
            RenderTableCell {TD} at (576,0) size 8x11 [bgcolor=#E0EAE9] [r=0 c=74 rs=1 cs=1]
              RenderInline {FONT} at (0,0) size 3x11
                RenderText {#text} at (0,0) size 3x11
                  text run at (0,0) width 3: " "
            RenderTableCell {TD} at (584,0) size 8x11 [bgcolor=#CADEDD] [r=0 c=75 rs=1 cs=1]
              RenderInline {FONT} at (0,0) size 3x11
                RenderText {#text} at (0,0) size 3x11
                  text run at (0,0) width 3: " "
            RenderTableCell {TD} at (592,0) size 8x11 [bgcolor=#CADEDD] [r=0 c=76 rs=1 cs=1]
              RenderInline {FONT} at (0,0) size 3x11
                RenderText {#text} at (0,0) size 3x11
                  text run at (0,0) width 3: " "
            RenderTableCell {TD} at (600,0) size 8x11 [bgcolor=#CADEDD] [r=0 c=77 rs=1 cs=1]
              RenderInline {FONT} at (0,0) size 3x11
                RenderText {#text} at (0,0) size 3x11
                  text run at (0,0) width 3: " "
            RenderTableCell {TD} at (608,0) size 8x11 [bgcolor=#CADEDD] [r=0 c=78 rs=1 cs=1]
              RenderInline {FONT} at (0,0) size 3x11
                RenderText {#text} at (0,0) size 3x11
                  text run at (0,0) width 3: " "
            RenderTableCell {TD} at (616,0) size 8x11 [bgcolor=#CADEDD] [r=0 c=79 rs=1 cs=1]
              RenderInline {FONT} at (0,0) size 3x11
                RenderText {#text} at (0,0) size 3x11
                  text run at (0,0) width 3: " "
            RenderTableCell {TD} at (624,0) size 8x11 [bgcolor=#CADEDD] [r=0 c=80 rs=1 cs=1]
              RenderInline {FONT} at (0,0) size 3x11
                RenderText {#text} at (0,0) size 3x11
                  text run at (0,0) width 3: " "
            RenderTableCell {TD} at (632,0) size 8x11 [bgcolor=#CADEDD] [r=0 c=81 rs=1 cs=1]
              RenderInline {FONT} at (0,0) size 3x11
                RenderText {#text} at (0,0) size 3x11
                  text run at (0,0) width 3: " "
            RenderTableCell {TD} at (640,0) size 8x11 [bgcolor=#CADEDD] [r=0 c=82 rs=1 cs=1]
              RenderInline {FONT} at (0,0) size 3x11
                RenderText {#text} at (0,0) size 3x11
                  text run at (0,0) width 3: " "
            RenderTableCell {TD} at (648,0) size 8x11 [bgcolor=#CADEDD] [r=0 c=83 rs=1 cs=1]
              RenderInline {FONT} at (0,0) size 3x11
                RenderText {#text} at (0,0) size 3x11
                  text run at (0,0) width 3: " "
            RenderTableCell {TD} at (656,0) size 8x11 [bgcolor=#CADEDD] [r=0 c=84 rs=1 cs=1]
              RenderInline {FONT} at (0,0) size 3x11
                RenderText {#text} at (0,0) size 3x11
                  text run at (0,0) width 3: " "
            RenderTableCell {TD} at (664,0) size 8x11 [bgcolor=#CADEDD] [r=0 c=85 rs=1 cs=1]
              RenderInline {FONT} at (0,0) size 3x11
                RenderText {#text} at (0,0) size 3x11
                  text run at (0,0) width 3: " "
            RenderTableCell {TD} at (672,0) size 8x11 [bgcolor=#CADEDD] [r=0 c=86 rs=1 cs=1]
              RenderInline {FONT} at (0,0) size 3x11
                RenderText {#text} at (0,0) size 3x11
                  text run at (0,0) width 3: " "
            RenderTableCell {TD} at (680,0) size 8x11 [bgcolor=#CADEDD] [r=0 c=87 rs=1 cs=1]
              RenderInline {FONT} at (0,0) size 3x11
                RenderText {#text} at (0,0) size 3x11
                  text run at (0,0) width 3: " "
            RenderTableCell {TD} at (688,0) size 8x11 [bgcolor=#CADEDD] [r=0 c=88 rs=1 cs=1]
              RenderInline {FONT} at (0,0) size 3x11
                RenderText {#text} at (0,0) size 3x11
                  text run at (0,0) width 3: " "
            RenderTableCell {TD} at (696,0) size 8x11 [bgcolor=#CADEDD] [r=0 c=89 rs=1 cs=1]
              RenderInline {FONT} at (0,0) size 3x11
                RenderText {#text} at (0,0) size 3x11
                  text run at (0,0) width 3: " "
            RenderTableCell {TD} at (704,0) size 8x11 [bgcolor=#CADEDD] [r=0 c=90 rs=1 cs=1]
              RenderInline {FONT} at (0,0) size 3x11
                RenderText {#text} at (0,0) size 3x11
                  text run at (0,0) width 3: " "
            RenderTableCell {TD} at (712,0) size 8x11 [bgcolor=#CADEDD] [r=0 c=91 rs=1 cs=1]
              RenderInline {FONT} at (0,0) size 3x11
                RenderText {#text} at (0,0) size 3x11
                  text run at (0,0) width 3: " "
            RenderTableCell {TD} at (720,0) size 8x11 [bgcolor=#CADEDD] [r=0 c=92 rs=1 cs=1]
              RenderInline {FONT} at (0,0) size 3x11
                RenderText {#text} at (0,0) size 3x11
                  text run at (0,0) width 3: " "
            RenderTableCell {TD} at (728,0) size 8x11 [bgcolor=#CADEDD] [r=0 c=93 rs=1 cs=1]
              RenderInline {FONT} at (0,0) size 3x11
                RenderText {#text} at (0,0) size 3x11
                  text run at (0,0) width 3: " "
            RenderTableCell {TD} at (736,0) size 8x11 [bgcolor=#E0EAE9] [r=0 c=94 rs=1 cs=1]
              RenderInline {FONT} at (0,0) size 3x11
                RenderText {#text} at (0,0) size 3x11
                  text run at (0,0) width 3: " "
            RenderTableCell {TD} at (744,0) size 8x11 [bgcolor=#FDFDFB] [r=0 c=95 rs=1 cs=1]
              RenderInline {FONT} at (0,0) size 3x11
                RenderText {#text} at (0,0) size 3x11
                  text run at (0,0) width 3: " "
            RenderTableCell {TD} at (752,0) size 8x11 [bgcolor=#FDFDFB] [r=0 c=96 rs=1 cs=1]
              RenderInline {FONT} at (0,0) size 3x11
                RenderText {#text} at (0,0) size 3x11
                  text run at (0,0) width 3: " "
            RenderTableCell {TD} at (760,0) size 8x11 [bgcolor=#FDFDFB] [r=0 c=97 rs=1 cs=1]
              RenderInline {FONT} at (0,0) size 3x11
                RenderText {#text} at (0,0) size 3x11
                  text run at (0,0) width 3: " "
            RenderTableCell {TD} at (768,0) size 8x11 [bgcolor=#FDFDFB] [r=0 c=98 rs=1 cs=1]
              RenderInline {FONT} at (0,0) size 3x11
                RenderText {#text} at (0,0) size 3x11
                  text run at (0,0) width 3: " "
            RenderTableCell {TD} at (776,0) size 8x11 [bgcolor=#FDFDFB] [r=0 c=99 rs=1 cs=1]
              RenderInline {FONT} at (0,0) size 3x11
                RenderText {#text} at (0,0) size 3x11
                  text run at (0,0) width 3: " "
          RenderTableRow {TR} at (0,11) size 784x11
            RenderTableCell {TD} at (0,11) size 7x11 [bgcolor=#FDFDFB] [r=1 c=0 rs=1 cs=1]
              RenderInline {FONT} at (0,0) size 3x11
                RenderText {#text} at (0,0) size 3x11
                  text run at (0,0) width 3: " "
            RenderTableCell {TD} at (7,11) size 7x11 [bgcolor=#FDFDFB] [r=1 c=1 rs=1 cs=1]
              RenderInline {FONT} at (0,0) size 3x11
                RenderText {#text} at (0,0) size 3x11
                  text run at (0,0) width 3: " "
            RenderTableCell {TD} at (14,11) size 7x11 [bgcolor=#FDFDFB] [r=1 c=2 rs=1 cs=1]
              RenderInline {FONT} at (0,0) size 3x11
                RenderText {#text} at (0,0) size 3x11
                  text run at (0,0) width 3: " "
            RenderTableCell {TD} at (21,11) size 7x11 [bgcolor=#FDFDFB] [r=1 c=3 rs=1 cs=1]
              RenderInline {FONT} at (0,0) size 3x11
                RenderText {#text} at (0,0) size 3x11
                  text run at (0,0) width 3: " "
            RenderTableCell {TD} at (28,11) size 7x11 [bgcolor=#FDFDFB] [r=1 c=4 rs=1 cs=1]
              RenderInline {FONT} at (0,0) size 3x11
                RenderText {#text} at (0,0) size 3x11
                  text run at (0,0) width 3: " "
            RenderTableCell {TD} at (35,11) size 7x11 [bgcolor=#FDFDFB] [r=1 c=5 rs=1 cs=1]
              RenderInline {FONT} at (0,0) size 3x11
                RenderText {#text} at (0,0) size 3x11
                  text run at (0,0) width 3: " "
            RenderTableCell {TD} at (42,11) size 7x11 [bgcolor=#FDFDFB] [r=1 c=6 rs=1 cs=1]
              RenderInline {FONT} at (0,0) size 3x11
                RenderText {#text} at (0,0) size 3x11
                  text run at (0,0) width 3: " "
            RenderTableCell {TD} at (49,11) size 7x11 [bgcolor=#EDEEEF] [r=1 c=7 rs=1 cs=1]
              RenderInline {FONT} at (0,0) size 3x11
                RenderText {#text} at (0,0) size 3x11
                  text run at (0,0) width 3: " "
            RenderTableCell {TD} at (56,11) size 7x11 [bgcolor=#B6D8D7] [r=1 c=8 rs=1 cs=1]
              RenderInline {FONT} at (0,0) size 3x11
                RenderText {#text} at (0,0) size 3x11
                  text run at (0,0) width 3: " "
            RenderTableCell {TD} at (63,11) size 7x11 [bgcolor=#44A3A2] [r=1 c=9 rs=1 cs=1]
              RenderInline {FONT} at (0,0) size 3x11
                RenderText {#text} at (0,0) size 3x11
                  text run at (0,0) width 3: " "
            RenderTableCell {TD} at (70,11) size 7x11 [bgcolor=#158E8C] [r=1 c=10 rs=1 cs=1]
              RenderInline {FONT} at (0,0) size 3x11
                RenderText {#text} at (0,0) size 3x11
                  text run at (0,0) width 3: " "
            RenderTableCell {TD} at (77,11) size 7x11 [bgcolor=#048485] [r=1 c=11 rs=1 cs=1]
              RenderInline {FONT} at (0,0) size 3x11
                RenderText {#text} at (0,0) size 3x11
                  text run at (0,0) width 3: " "
            RenderTableCell {TD} at (84,11) size 7x11 [bgcolor=#048485] [r=1 c=12 rs=1 cs=1]
              RenderInline {FONT} at (0,0) size 3x11
                RenderText {#text} at (0,0) size 3x11
                  text run at (0,0) width 3: " "
            RenderTableCell {TD} at (91,11) size 7x11 [bgcolor=#027777] [r=1 c=13 rs=1 cs=1]
              RenderInline {FONT} at (0,0) size 3x11
                RenderText {#text} at (0,0) size 3x11
                  text run at (0,0) width 3: " "
            RenderTableCell {TD} at (98,11) size 7x11 [bgcolor=#026766] [r=1 c=14 rs=1 cs=1]
              RenderInline {FONT} at (0,0) size 3x11
                RenderText {#text} at (0,0) size 3x11
                  text run at (0,0) width 3: " "
            RenderTableCell {TD} at (105,11) size 7x11 [bgcolor=#026766] [r=1 c=15 rs=1 cs=1]
              RenderInline {FONT} at (0,0) size 3x11
                RenderText {#text} at (0,0) size 3x11
                  text run at (0,0) width 3: " "
            RenderTableCell {TD} at (112,11) size 8x11 [bgcolor=#026766] [r=1 c=16 rs=1 cs=1]
              RenderInline {FONT} at (0,0) size 3x11
                RenderText {#text} at (0,0) size 3x11
                  text run at (0,0) width 3: " "
            RenderTableCell {TD} at (120,11) size 8x11 [bgcolor=#026766] [r=1 c=17 rs=1 cs=1]
              RenderInline {FONT} at (0,0) size 3x11
                RenderText {#text} at (0,0) size 3x11
                  text run at (0,0) width 3: " "
            RenderTableCell {TD} at (128,11) size 8x11 [bgcolor=#027777] [r=1 c=18 rs=1 cs=1]
              RenderInline {FONT} at (0,0) size 3x11
                RenderText {#text} at (0,0) size 3x11
                  text run at (0,0) width 3: " "
            RenderTableCell {TD} at (136,11) size 8x11 [bgcolor=#027777] [r=1 c=19 rs=1 cs=1]
              RenderInline {FONT} at (0,0) size 3x11
                RenderText {#text} at (0,0) size 3x11
                  text run at (0,0) width 3: " "
            RenderTableCell {TD} at (144,11) size 8x11 [bgcolor=#027777] [r=1 c=20 rs=1 cs=1]
              RenderInline {FONT} at (0,0) size 3x11
                RenderText {#text} at (0,0) size 3x11
                  text run at (0,0) width 3: " "
            RenderTableCell {TD} at (152,11) size 8x11 [bgcolor=#027777] [r=1 c=21 rs=1 cs=1]
              RenderInline {FONT} at (0,0) size 3x11
                RenderText {#text} at (0,0) size 3x11
                  text run at (0,0) width 3: " "
            RenderTableCell {TD} at (160,11) size 8x11 [bgcolor=#026766] [r=1 c=22 rs=1 cs=1]
              RenderInline {FONT} at (0,0) size 3x11
                RenderText {#text} at (0,0) size 3x11
                  text run at (0,0) width 3: " "
            RenderTableCell {TD} at (168,11) size 8x11 [bgcolor=#1E7A79] [r=1 c=23 rs=1 cs=1]
              RenderInline {FONT} at (0,0) size 3x11
                RenderText {#text} at (0,0) size 3x11
                  text run at (0,0) width 3: " "
            RenderTableCell {TD} at (176,11) size 8x11 [bgcolor=#589594] [r=1 c=24 rs=1 cs=1]
              RenderInline {FONT} at (0,0) size 3x11
                RenderText {#text} at (0,0) size 3x11
                  text run at (0,0) width 3: " "
            RenderTableCell {TD} at (184,11) size 8x11 [bgcolor=#BEC2C2] [r=1 c=25 rs=1 cs=1]
              RenderInline {FONT} at (0,0) size 3x11
                RenderText {#text} at (0,0) size 3x11
                  text run at (0,0) width 3: " "
            RenderTableCell {TD} at (192,11) size 8x11 [bgcolor=#E0EAE9] [r=1 c=26 rs=1 cs=1]
              RenderInline {FONT} at (0,0) size 3x11
                RenderText {#text} at (0,0) size 3x11
                  text run at (0,0) width 3: " "
            RenderTableCell {TD} at (200,11) size 8x11 [bgcolor=#FDFDFB] [r=1 c=27 rs=1 cs=1]
              RenderInline {FONT} at (0,0) size 3x11
                RenderText {#text} at (0,0) size 3x11
                  text run at (0,0) width 3: " "
            RenderTableCell {TD} at (208,11) size 8x11 [bgcolor=#FDFDFB] [r=1 c=28 rs=1 cs=1]
              RenderInline {FONT} at (0,0) size 3x11
                RenderText {#text} at (0,0) size 3x11
                  text run at (0,0) width 3: " "
            RenderTableCell {TD} at (216,11) size 8x11 [bgcolor=#FDFDFB] [r=1 c=29 rs=1 cs=1]
              RenderInline {FONT} at (0,0) size 3x11
                RenderText {#text} at (0,0) size 3x11
                  text run at (0,0) width 3: " "
            RenderTableCell {TD} at (224,11) size 8x11 [bgcolor=#FDFDFB] [r=1 c=30 rs=1 cs=1]
              RenderInline {FONT} at (0,0) size 3x11
                RenderText {#text} at (0,0) size 3x11
                  text run at (0,0) width 3: " "
            RenderTableCell {TD} at (232,11) size 8x11 [bgcolor=#FDFDFB] [r=1 c=31 rs=1 cs=1]
              RenderInline {FONT} at (0,0) size 3x11
                RenderText {#text} at (0,0) size 3x11
                  text run at (0,0) width 3: " "
            RenderTableCell {TD} at (240,11) size 8x11 [bgcolor=#FDFDFB] [r=1 c=32 rs=1 cs=1]
              RenderInline {FONT} at (0,0) size 3x11
                RenderText {#text} at (0,0) size 3x11
                  text run at (0,0) width 3: " "
            RenderTableCell {TD} at (248,11) size 8x11 [bgcolor=#FDFDFB] [r=1 c=33 rs=1 cs=1]
              RenderInline {FONT} at (0,0) size 3x11
                RenderText {#text} at (0,0) size 3x11
                  text run at (0,0) width 3: " "
            RenderTableCell {TD} at (256,11) size 8x11 [bgcolor=#FDFDFB] [r=1 c=34 rs=1 cs=1]
              RenderInline {FONT} at (0,0) size 3x11
                RenderText {#text} at (0,0) size 3x11
                  text run at (0,0) width 3: " "
            RenderTableCell {TD} at (264,11) size 8x11 [bgcolor=#EDEEEF] [r=1 c=35 rs=1 cs=1]
              RenderInline {FONT} at (0,0) size 3x11
                RenderText {#text} at (0,0) size 3x11
                  text run at (0,0) width 3: " "
            RenderTableCell {TD} at (272,11) size 8x11 [bgcolor=#249393] [r=1 c=36 rs=1 cs=1]
              RenderInline {FONT} at (0,0) size 3x11
                RenderText {#text} at (0,0) size 3x11
                  text run at (0,0) width 3: " "
            RenderTableCell {TD} at (280,11) size 8x11 [bgcolor=#249393] [r=1 c=37 rs=1 cs=1]
              RenderInline {FONT} at (0,0) size 3x11
                RenderText {#text} at (0,0) size 3x11
                  text run at (0,0) width 3: " "
            RenderTableCell {TD} at (288,11) size 8x11 [bgcolor=#1B8685] [r=1 c=38 rs=1 cs=1]
              RenderInline {FONT} at (0,0) size 3x11
                RenderText {#text} at (0,0) size 3x11
                  text run at (0,0) width 3: " "
            RenderTableCell {TD} at (296,11) size 8x11 [bgcolor=#1B8685] [r=1 c=39 rs=1 cs=1]
              RenderInline {FONT} at (0,0) size 3x11
                RenderText {#text} at (0,0) size 3x11
                  text run at (0,0) width 3: " "
            RenderTableCell {TD} at (304,11) size 8x11 [bgcolor=#1B8685] [r=1 c=40 rs=1 cs=1]
              RenderInline {FONT} at (0,0) size 3x11
                RenderText {#text} at (0,0) size 3x11
                  text run at (0,0) width 3: " "
            RenderTableCell {TD} at (312,11) size 8x11 [bgcolor=#1B8685] [r=1 c=41 rs=1 cs=1]
              RenderInline {FONT} at (0,0) size 3x11
                RenderText {#text} at (0,0) size 3x11
                  text run at (0,0) width 3: " "
            RenderTableCell {TD} at (320,11) size 8x11 [bgcolor=#1B8685] [r=1 c=42 rs=1 cs=1]
              RenderInline {FONT} at (0,0) size 3x11
                RenderText {#text} at (0,0) size 3x11
                  text run at (0,0) width 3: " "
            RenderTableCell {TD} at (328,11) size 8x11 [bgcolor=#1B8685] [r=1 c=43 rs=1 cs=1]
              RenderInline {FONT} at (0,0) size 3x11
                RenderText {#text} at (0,0) size 3x11
                  text run at (0,0) width 3: " "
            RenderTableCell {TD} at (336,11) size 8x11 [bgcolor=#1B8685] [r=1 c=44 rs=1 cs=1]
              RenderInline {FONT} at (0,0) size 3x11
                RenderText {#text} at (0,0) size 3x11
                  text run at (0,0) width 3: " "
            RenderTableCell {TD} at (344,11) size 8x11 [bgcolor=#1B8685] [r=1 c=45 rs=1 cs=1]
              RenderInline {FONT} at (0,0) size 3x11
                RenderText {#text} at (0,0) size 3x11
                  text run at (0,0) width 3: " "
            RenderTableCell {TD} at (352,11) size 8x11 [bgcolor=#1B8685] [r=1 c=46 rs=1 cs=1]
              RenderInline {FONT} at (0,0) size 3x11
                RenderText {#text} at (0,0) size 3x11
                  text run at (0,0) width 3: " "
            RenderTableCell {TD} at (360,11) size 8x11 [bgcolor=#1B8685] [r=1 c=47 rs=1 cs=1]
              RenderInline {FONT} at (0,0) size 3x11
                RenderText {#text} at (0,0) size 3x11
                  text run at (0,0) width 3: " "
            RenderTableCell {TD} at (368,11) size 8x11 [bgcolor=#1B8685] [r=1 c=48 rs=1 cs=1]
              RenderInline {FONT} at (0,0) size 3x11
                RenderText {#text} at (0,0) size 3x11
                  text run at (0,0) width 3: " "
            RenderTableCell {TD} at (376,11) size 8x11 [bgcolor=#1B8685] [r=1 c=49 rs=1 cs=1]
              RenderInline {FONT} at (0,0) size 3x11
                RenderText {#text} at (0,0) size 3x11
                  text run at (0,0) width 3: " "
            RenderTableCell {TD} at (384,11) size 8x11 [bgcolor=#1B8685] [r=1 c=50 rs=1 cs=1]
              RenderInline {FONT} at (0,0) size 3x11
                RenderText {#text} at (0,0) size 3x11
                  text run at (0,0) width 3: " "
            RenderTableCell {TD} at (392,11) size 8x11 [bgcolor=#1E7A79] [r=1 c=51 rs=1 cs=1]
              RenderInline {FONT} at (0,0) size 3x11
                RenderText {#text} at (0,0) size 3x11
                  text run at (0,0) width 3: " "
            RenderTableCell {TD} at (400,11) size 8x11 [bgcolor=#BEC2C2] [r=1 c=52 rs=1 cs=1]
              RenderInline {FONT} at (0,0) size 3x11
                RenderText {#text} at (0,0) size 3x11
                  text run at (0,0) width 3: " "
            RenderTableCell {TD} at (408,11) size 8x11 [bgcolor=#B6D0D1] [r=1 c=53 rs=1 cs=1]
              RenderInline {FONT} at (0,0) size 3x11
                RenderText {#text} at (0,0) size 3x11
                  text run at (0,0) width 3: " "
            RenderTableCell {TD} at (416,11) size 8x11 [bgcolor=#44A3A2] [r=1 c=54 rs=1 cs=1]
              RenderInline {FONT} at (0,0) size 3x11
                RenderText {#text} at (0,0) size 3x11
                  text run at (0,0) width 3: " "
            RenderTableCell {TD} at (424,11) size 8x11 [bgcolor=#1B8685] [r=1 c=55 rs=1 cs=1]
              RenderInline {FONT} at (0,0) size 3x11
                RenderText {#text} at (0,0) size 3x11
                  text run at (0,0) width 3: " "
            RenderTableCell {TD} at (432,11) size 8x11 [bgcolor=#1A6B6A] [r=1 c=56 rs=1 cs=1]
              RenderInline {FONT} at (0,0) size 3x11
                RenderText {#text} at (0,0) size 3x11
                  text run at (0,0) width 3: " "
            RenderTableCell {TD} at (440,11) size 8x11 [bgcolor=#BEC2C2] [r=1 c=57 rs=1 cs=1]
              RenderInline {FONT} at (0,0) size 3x11
                RenderText {#text} at (0,0) size 3x11
                  text run at (0,0) width 3: " "
            RenderTableCell {TD} at (448,11) size 8x11 [bgcolor=#EDEEEF] [r=1 c=58 rs=1 cs=1]
              RenderInline {FONT} at (0,0) size 3x11
                RenderText {#text} at (0,0) size 3x11
                  text run at (0,0) width 3: " "
            RenderTableCell {TD} at (456,11) size 8x11 [bgcolor=#FDFDFB] [r=1 c=59 rs=1 cs=1]
              RenderInline {FONT} at (0,0) size 3x11
                RenderText {#text} at (0,0) size 3x11
                  text run at (0,0) width 3: " "
            RenderTableCell {TD} at (464,11) size 8x11 [bgcolor=#FDFDFB] [r=1 c=60 rs=1 cs=1]
              RenderInline {FONT} at (0,0) size 3x11
                RenderText {#text} at (0,0) size 3x11
                  text run at (0,0) width 3: " "
            RenderTableCell {TD} at (472,11) size 8x11 [bgcolor=#FDFDFB] [r=1 c=61 rs=1 cs=1]
              RenderInline {FONT} at (0,0) size 3x11
                RenderText {#text} at (0,0) size 3x11
                  text run at (0,0) width 3: " "
            RenderTableCell {TD} at (480,11) size 8x11 [bgcolor=#FDFDFB] [r=1 c=62 rs=1 cs=1]
              RenderInline {FONT} at (0,0) size 3x11
                RenderText {#text} at (0,0) size 3x11
                  text run at (0,0) width 3: " "
            RenderTableCell {TD} at (488,11) size 8x11 [bgcolor=#FDFDFB] [r=1 c=63 rs=1 cs=1]
              RenderInline {FONT} at (0,0) size 3x11
                RenderText {#text} at (0,0) size 3x11
                  text run at (0,0) width 3: " "
            RenderTableCell {TD} at (496,11) size 8x11 [bgcolor=#FDFDFB] [r=1 c=64 rs=1 cs=1]
              RenderInline {FONT} at (0,0) size 3x11
                RenderText {#text} at (0,0) size 3x11
                  text run at (0,0) width 3: " "
            RenderTableCell {TD} at (504,11) size 8x11 [bgcolor=#FDFDFB] [r=1 c=65 rs=1 cs=1]
              RenderInline {FONT} at (0,0) size 3x11
                RenderText {#text} at (0,0) size 3x11
                  text run at (0,0) width 3: " "
            RenderTableCell {TD} at (512,11) size 8x11 [bgcolor=#FDFDFB] [r=1 c=66 rs=1 cs=1]
              RenderInline {FONT} at (0,0) size 3x11
                RenderText {#text} at (0,0) size 3x11
                  text run at (0,0) width 3: " "
            RenderTableCell {TD} at (520,11) size 8x11 [bgcolor=#EDEEEF] [r=1 c=67 rs=1 cs=1]
              RenderInline {FONT} at (0,0) size 3x11
                RenderText {#text} at (0,0) size 3x11
                  text run at (0,0) width 3: " "
            RenderTableCell {TD} at (528,11) size 8x11 [bgcolor=#E0EAE9] [r=1 c=68 rs=1 cs=1]
              RenderInline {FONT} at (0,0) size 3x11
                RenderText {#text} at (0,0) size 3x11
                  text run at (0,0) width 3: " "
            RenderTableCell {TD} at (536,11) size 8x11 [bgcolor=#B6D8D7] [r=1 c=69 rs=1 cs=1]
              RenderInline {FONT} at (0,0) size 3x11
                RenderText {#text} at (0,0) size 3x11
                  text run at (0,0) width 3: " "
            RenderTableCell {TD} at (544,11) size 8x11 [bgcolor=#7DBAB9] [r=1 c=70 rs=1 cs=1]
              RenderInline {FONT} at (0,0) size 3x11
                RenderText {#text} at (0,0) size 3x11
                  text run at (0,0) width 3: " "
            RenderTableCell {TD} at (552,11) size 8x11 [bgcolor=#349392] [r=1 c=71 rs=1 cs=1]
              RenderInline {FONT} at (0,0) size 3x11
                RenderText {#text} at (0,0) size 3x11
                  text run at (0,0) width 3: " "
            RenderTableCell {TD} at (560,11) size 8x11 [bgcolor=#349392] [r=1 c=72 rs=1 cs=1]
              RenderInline {FONT} at (0,0) size 3x11
                RenderText {#text} at (0,0) size 3x11
                  text run at (0,0) width 3: " "
            RenderTableCell {TD} at (568,11) size 8x11 [bgcolor=#349392] [r=1 c=73 rs=1 cs=1]
              RenderInline {FONT} at (0,0) size 3x11
                RenderText {#text} at (0,0) size 3x11
                  text run at (0,0) width 3: " "
            RenderTableCell {TD} at (576,11) size 8x11 [bgcolor=#249393] [r=1 c=74 rs=1 cs=1]
              RenderInline {FONT} at (0,0) size 3x11
                RenderText {#text} at (0,0) size 3x11
                  text run at (0,0) width 3: " "
            RenderTableCell {TD} at (584,11) size 8x11 [bgcolor=#1B8685] [r=1 c=75 rs=1 cs=1]
              RenderInline {FONT} at (0,0) size 3x11
                RenderText {#text} at (0,0) size 3x11
                  text run at (0,0) width 3: " "
            RenderTableCell {TD} at (592,11) size 8x11 [bgcolor=#1B8685] [r=1 c=76 rs=1 cs=1]
              RenderInline {FONT} at (0,0) size 3x11
                RenderText {#text} at (0,0) size 3x11
                  text run at (0,0) width 3: " "
            RenderTableCell {TD} at (600,11) size 8x11 [bgcolor=#1B8685] [r=1 c=77 rs=1 cs=1]
              RenderInline {FONT} at (0,0) size 3x11
                RenderText {#text} at (0,0) size 3x11
                  text run at (0,0) width 3: " "
            RenderTableCell {TD} at (608,11) size 8x11 [bgcolor=#1B8685] [r=1 c=78 rs=1 cs=1]
              RenderInline {FONT} at (0,0) size 3x11
                RenderText {#text} at (0,0) size 3x11
                  text run at (0,0) width 3: " "
            RenderTableCell {TD} at (616,11) size 8x11 [bgcolor=#1B8685] [r=1 c=79 rs=1 cs=1]
              RenderInline {FONT} at (0,0) size 3x11
                RenderText {#text} at (0,0) size 3x11
                  text run at (0,0) width 3: " "
            RenderTableCell {TD} at (624,11) size 8x11 [bgcolor=#1B8685] [r=1 c=80 rs=1 cs=1]
              RenderInline {FONT} at (0,0) size 3x11
                RenderText {#text} at (0,0) size 3x11
                  text run at (0,0) width 3: " "
            RenderTableCell {TD} at (632,11) size 8x11 [bgcolor=#1B8685] [r=1 c=81 rs=1 cs=1]
              RenderInline {FONT} at (0,0) size 3x11
                RenderText {#text} at (0,0) size 3x11
                  text run at (0,0) width 3: " "
            RenderTableCell {TD} at (640,11) size 8x11 [bgcolor=#1B8685] [r=1 c=82 rs=1 cs=1]
              RenderInline {FONT} at (0,0) size 3x11
                RenderText {#text} at (0,0) size 3x11
                  text run at (0,0) width 3: " "
            RenderTableCell {TD} at (648,11) size 8x11 [bgcolor=#1B8685] [r=1 c=83 rs=1 cs=1]
              RenderInline {FONT} at (0,0) size 3x11
                RenderText {#text} at (0,0) size 3x11
                  text run at (0,0) width 3: " "
            RenderTableCell {TD} at (656,11) size 8x11 [bgcolor=#1B8685] [r=1 c=84 rs=1 cs=1]
              RenderInline {FONT} at (0,0) size 3x11
                RenderText {#text} at (0,0) size 3x11
                  text run at (0,0) width 3: " "
            RenderTableCell {TD} at (664,11) size 8x11 [bgcolor=#1B8685] [r=1 c=85 rs=1 cs=1]
              RenderInline {FONT} at (0,0) size 3x11
                RenderText {#text} at (0,0) size 3x11
                  text run at (0,0) width 3: " "
            RenderTableCell {TD} at (672,11) size 8x11 [bgcolor=#1B8685] [r=1 c=86 rs=1 cs=1]
              RenderInline {FONT} at (0,0) size 3x11
                RenderText {#text} at (0,0) size 3x11
                  text run at (0,0) width 3: " "
            RenderTableCell {TD} at (680,11) size 8x11 [bgcolor=#1B8685] [r=1 c=87 rs=1 cs=1]
              RenderInline {FONT} at (0,0) size 3x11
                RenderText {#text} at (0,0) size 3x11
                  text run at (0,0) width 3: " "
            RenderTableCell {TD} at (688,11) size 8x11 [bgcolor=#1B8685] [r=1 c=88 rs=1 cs=1]
              RenderInline {FONT} at (0,0) size 3x11
                RenderText {#text} at (0,0) size 3x11
                  text run at (0,0) width 3: " "
            RenderTableCell {TD} at (696,11) size 8x11 [bgcolor=#1B8685] [r=1 c=89 rs=1 cs=1]
              RenderInline {FONT} at (0,0) size 3x11
                RenderText {#text} at (0,0) size 3x11
                  text run at (0,0) width 3: " "
            RenderTableCell {TD} at (704,11) size 8x11 [bgcolor=#1B8685] [r=1 c=90 rs=1 cs=1]
              RenderInline {FONT} at (0,0) size 3x11
                RenderText {#text} at (0,0) size 3x11
                  text run at (0,0) width 3: " "
            RenderTableCell {TD} at (712,11) size 8x11 [bgcolor=#1B8685] [r=1 c=91 rs=1 cs=1]
              RenderInline {FONT} at (0,0) size 3x11
                RenderText {#text} at (0,0) size 3x11
                  text run at (0,0) width 3: " "
            RenderTableCell {TD} at (720,11) size 8x11 [bgcolor=#1E7A79] [r=1 c=92 rs=1 cs=1]
              RenderInline {FONT} at (0,0) size 3x11
                RenderText {#text} at (0,0) size 3x11
                  text run at (0,0) width 3: " "
            RenderTableCell {TD} at (728,11) size 8x11 [bgcolor=#1A6B6A] [r=1 c=93 rs=1 cs=1]
              RenderInline {FONT} at (0,0) size 3x11
                RenderText {#text} at (0,0) size 3x11
                  text run at (0,0) width 3: " "
            RenderTableCell {TD} at (736,11) size 8x11 [bgcolor=#91A3A3] [r=1 c=94 rs=1 cs=1]
              RenderInline {FONT} at (0,0) size 3x11
                RenderText {#text} at (0,0) size 3x11
                  text run at (0,0) width 3: " "
            RenderTableCell {TD} at (744,11) size 8x11 [bgcolor=#E0EAE9] [r=1 c=95 rs=1 cs=1]
              RenderInline {FONT} at (0,0) size 3x11
                RenderText {#text} at (0,0) size 3x11
                  text run at (0,0) width 3: " "
            RenderTableCell {TD} at (752,11) size 8x11 [bgcolor=#EDEEEF] [r=1 c=96 rs=1 cs=1]
              RenderInline {FONT} at (0,0) size 3x11
                RenderText {#text} at (0,0) size 3x11
                  text run at (0,0) width 3: " "
            RenderTableCell {TD} at (760,11) size 8x11 [bgcolor=#FDFDFB] [r=1 c=97 rs=1 cs=1]
              RenderInline {FONT} at (0,0) size 3x11
                RenderText {#text} at (0,0) size 3x11
                  text run at (0,0) width 3: " "
            RenderTableCell {TD} at (768,11) size 8x11 [bgcolor=#FDFDFB] [r=1 c=98 rs=1 cs=1]
              RenderInline {FONT} at (0,0) size 3x11
                RenderText {#text} at (0,0) size 3x11
                  text run at (0,0) width 3: " "
            RenderTableCell {TD} at (776,11) size 8x11 [bgcolor=#FDFDFB] [r=1 c=99 rs=1 cs=1]
              RenderInline {FONT} at (0,0) size 3x11
                RenderText {#text} at (0,0) size 3x11
                  text run at (0,0) width 3: " "
          RenderTableRow {TR} at (0,22) size 784x11
            RenderTableCell {TD} at (0,22) size 7x11 [bgcolor=#FDFDFB] [r=2 c=0 rs=1 cs=1]
              RenderInline {FONT} at (0,0) size 3x11
                RenderText {#text} at (0,0) size 3x11
                  text run at (0,0) width 3: " "
            RenderTableCell {TD} at (7,22) size 7x11 [bgcolor=#FDFDFB] [r=2 c=1 rs=1 cs=1]
              RenderInline {FONT} at (0,0) size 3x11
                RenderText {#text} at (0,0) size 3x11
                  text run at (0,0) width 3: " "
            RenderTableCell {TD} at (14,22) size 7x11 [bgcolor=#FDFDFB] [r=2 c=2 rs=1 cs=1]
              RenderInline {FONT} at (0,0) size 3x11
                RenderText {#text} at (0,0) size 3x11
                  text run at (0,0) width 3: " "
            RenderTableCell {TD} at (21,22) size 7x11 [bgcolor=#FDFDFB] [r=2 c=3 rs=1 cs=1]
              RenderInline {FONT} at (0,0) size 3x11
                RenderText {#text} at (0,0) size 3x11
                  text run at (0,0) width 3: " "
            RenderTableCell {TD} at (28,22) size 7x11 [bgcolor=#FDFDFB] [r=2 c=4 rs=1 cs=1]
              RenderInline {FONT} at (0,0) size 3x11
                RenderText {#text} at (0,0) size 3x11
                  text run at (0,0) width 3: " "
            RenderTableCell {TD} at (35,22) size 7x11 [bgcolor=#FDFDFB] [r=2 c=5 rs=1 cs=1]
              RenderInline {FONT} at (0,0) size 3x11
                RenderText {#text} at (0,0) size 3x11
                  text run at (0,0) width 3: " "
            RenderTableCell {TD} at (42,22) size 7x11 [bgcolor=#CADEDD] [r=2 c=6 rs=1 cs=1]
              RenderInline {FONT} at (0,0) size 3x11
                RenderText {#text} at (0,0) size 3x11
                  text run at (0,0) width 3: " "
            RenderTableCell {TD} at (49,22) size 7x11 [bgcolor=#44A3A2] [r=2 c=7 rs=1 cs=1]
              RenderInline {FONT} at (0,0) size 3x11
                RenderText {#text} at (0,0) size 3x11
                  text run at (0,0) width 3: " "
            RenderTableCell {TD} at (56,22) size 7x11 [bgcolor=#048485] [r=2 c=8 rs=1 cs=1]
              RenderInline {FONT} at (0,0) size 3x11
                RenderText {#text} at (0,0) size 3x11
                  text run at (0,0) width 3: " "
            RenderTableCell {TD} at (63,22) size 7x11 [bgcolor=#048485] [r=2 c=9 rs=1 cs=1]
              RenderInline {FONT} at (0,0) size 3x11
                RenderText {#text} at (0,0) size 3x11
                  text run at (0,0) width 3: " "
            RenderTableCell {TD} at (70,22) size 7x11 [bgcolor=#027777] [r=2 c=10 rs=1 cs=1]
              RenderInline {FONT} at (0,0) size 3x11
                RenderText {#text} at (0,0) size 3x11
                  text run at (0,0) width 3: " "
            RenderTableCell {TD} at (77,22) size 7x11 [bgcolor=#027777] [r=2 c=11 rs=1 cs=1]
              RenderInline {FONT} at (0,0) size 3x11
                RenderText {#text} at (0,0) size 3x11
                  text run at (0,0) width 3: " "
            RenderTableCell {TD} at (84,22) size 7x11 [bgcolor=#026766] [r=2 c=12 rs=1 cs=1]
              RenderInline {FONT} at (0,0) size 3x11
                RenderText {#text} at (0,0) size 3x11
                  text run at (0,0) width 3: " "
            RenderTableCell {TD} at (91,22) size 7x11 [bgcolor=#025E5E] [r=2 c=13 rs=1 cs=1]
              RenderInline {FONT} at (0,0) size 3x11
                RenderText {#text} at (0,0) size 3x11
                  text run at (0,0) width 3: " "
            RenderTableCell {TD} at (98,22) size 7x11 [bgcolor=#044F4F] [r=2 c=14 rs=1 cs=1]
              RenderInline {FONT} at (0,0) size 3x11
                RenderText {#text} at (0,0) size 3x11
                  text run at (0,0) width 3: " "
            RenderTableCell {TD} at (105,22) size 7x11 [bgcolor=#044140] [r=2 c=15 rs=1 cs=1]
              RenderInline {FONT} at (0,0) size 3x11
                RenderText {#text} at (0,0) size 3x11
                  text run at (0,0) width 3: " "
            RenderTableCell {TD} at (112,22) size 8x11 [bgcolor=#044140] [r=2 c=16 rs=1 cs=1]
              RenderInline {FONT} at (0,0) size 3x11
                RenderText {#text} at (0,0) size 3x11
                  text run at (0,0) width 3: " "
            RenderTableCell {TD} at (120,22) size 8x11 [bgcolor=#044F4F] [r=2 c=17 rs=1 cs=1]
              RenderInline {FONT} at (0,0) size 3x11
                RenderText {#text} at (0,0) size 3x11
                  text run at (0,0) width 3: " "
            RenderTableCell {TD} at (128,22) size 8x11 [bgcolor=#025E5E] [r=2 c=18 rs=1 cs=1]
              RenderInline {FONT} at (0,0) size 3x11
                RenderText {#text} at (0,0) size 3x11
                  text run at (0,0) width 3: " "
            RenderTableCell {TD} at (136,22) size 8x11 [bgcolor=#026766] [r=2 c=19 rs=1 cs=1]
              RenderInline {FONT} at (0,0) size 3x11
                RenderText {#text} at (0,0) size 3x11
                  text run at (0,0) width 3: " "
            RenderTableCell {TD} at (144,22) size 8x11 [bgcolor=#026766] [r=2 c=20 rs=1 cs=1]
              RenderInline {FONT} at (0,0) size 3x11
                RenderText {#text} at (0,0) size 3x11
                  text run at (0,0) width 3: " "
            RenderTableCell {TD} at (152,22) size 8x11 [bgcolor=#026766] [r=2 c=21 rs=1 cs=1]
              RenderInline {FONT} at (0,0) size 3x11
                RenderText {#text} at (0,0) size 3x11
                  text run at (0,0) width 3: " "
            RenderTableCell {TD} at (160,22) size 8x11 [bgcolor=#026766] [r=2 c=22 rs=1 cs=1]
              RenderInline {FONT} at (0,0) size 3x11
                RenderText {#text} at (0,0) size 3x11
                  text run at (0,0) width 3: " "
            RenderTableCell {TD} at (168,22) size 8x11 [bgcolor=#026766] [r=2 c=23 rs=1 cs=1]
              RenderInline {FONT} at (0,0) size 3x11
                RenderText {#text} at (0,0) size 3x11
                  text run at (0,0) width 3: " "
            RenderTableCell {TD} at (176,22) size 8x11 [bgcolor=#026766] [r=2 c=24 rs=1 cs=1]
              RenderInline {FONT} at (0,0) size 3x11
                RenderText {#text} at (0,0) size 3x11
                  text run at (0,0) width 3: " "
            RenderTableCell {TD} at (184,22) size 8x11 [bgcolor=#026766] [r=2 c=25 rs=1 cs=1]
              RenderInline {FONT} at (0,0) size 3x11
                RenderText {#text} at (0,0) size 3x11
                  text run at (0,0) width 3: " "
            RenderTableCell {TD} at (192,22) size 8x11 [bgcolor=#589594] [r=2 c=26 rs=1 cs=1]
              RenderInline {FONT} at (0,0) size 3x11
                RenderText {#text} at (0,0) size 3x11
                  text run at (0,0) width 3: " "
            RenderTableCell {TD} at (200,22) size 8x11 [bgcolor=#CECFCF] [r=2 c=27 rs=1 cs=1]
              RenderInline {FONT} at (0,0) size 3x11
                RenderText {#text} at (0,0) size 3x11
                  text run at (0,0) width 3: " "
            RenderTableCell {TD} at (208,22) size 8x11 [bgcolor=#EDEEEF] [r=2 c=28 rs=1 cs=1]
              RenderInline {FONT} at (0,0) size 3x11
                RenderText {#text} at (0,0) size 3x11
                  text run at (0,0) width 3: " "
            RenderTableCell {TD} at (216,22) size 8x11 [bgcolor=#FDFDFB] [r=2 c=29 rs=1 cs=1]
              RenderInline {FONT} at (0,0) size 3x11
                RenderText {#text} at (0,0) size 3x11
                  text run at (0,0) width 3: " "
            RenderTableCell {TD} at (224,22) size 8x11 [bgcolor=#FDFDFB] [r=2 c=30 rs=1 cs=1]
              RenderInline {FONT} at (0,0) size 3x11
                RenderText {#text} at (0,0) size 3x11
                  text run at (0,0) width 3: " "
            RenderTableCell {TD} at (232,22) size 8x11 [bgcolor=#FDFDFB] [r=2 c=31 rs=1 cs=1]
              RenderInline {FONT} at (0,0) size 3x11
                RenderText {#text} at (0,0) size 3x11
                  text run at (0,0) width 3: " "
            RenderTableCell {TD} at (240,22) size 8x11 [bgcolor=#FDFDFB] [r=2 c=32 rs=1 cs=1]
              RenderInline {FONT} at (0,0) size 3x11
                RenderText {#text} at (0,0) size 3x11
                  text run at (0,0) width 3: " "
            RenderTableCell {TD} at (248,22) size 8x11 [bgcolor=#FDFDFB] [r=2 c=33 rs=1 cs=1]
              RenderInline {FONT} at (0,0) size 3x11
                RenderText {#text} at (0,0) size 3x11
                  text run at (0,0) width 3: " "
            RenderTableCell {TD} at (256,22) size 8x11 [bgcolor=#FDFDFB] [r=2 c=34 rs=1 cs=1]
              RenderInline {FONT} at (0,0) size 3x11
                RenderText {#text} at (0,0) size 3x11
                  text run at (0,0) width 3: " "
            RenderTableCell {TD} at (264,22) size 8x11 [bgcolor=#EDEEEF] [r=2 c=35 rs=1 cs=1]
              RenderInline {FONT} at (0,0) size 3x11
                RenderText {#text} at (0,0) size 3x11
                  text run at (0,0) width 3: " "
            RenderTableCell {TD} at (272,22) size 8x11 [bgcolor=#048485] [r=2 c=36 rs=1 cs=1]
              RenderInline {FONT} at (0,0) size 3x11
                RenderText {#text} at (0,0) size 3x11
                  text run at (0,0) width 3: " "
            RenderTableCell {TD} at (280,22) size 8x11 [bgcolor=#048485] [r=2 c=37 rs=1 cs=1]
              RenderInline {FONT} at (0,0) size 3x11
                RenderText {#text} at (0,0) size 3x11
                  text run at (0,0) width 3: " "
            RenderTableCell {TD} at (288,22) size 8x11 [bgcolor=#027777] [r=2 c=38 rs=1 cs=1]
              RenderInline {FONT} at (0,0) size 3x11
                RenderText {#text} at (0,0) size 3x11
                  text run at (0,0) width 3: " "
            RenderTableCell {TD} at (296,22) size 8x11 [bgcolor=#027777] [r=2 c=39 rs=1 cs=1]
              RenderInline {FONT} at (0,0) size 3x11
                RenderText {#text} at (0,0) size 3x11
                  text run at (0,0) width 3: " "
            RenderTableCell {TD} at (304,22) size 8x11 [bgcolor=#027777] [r=2 c=40 rs=1 cs=1]
              RenderInline {FONT} at (0,0) size 3x11
                RenderText {#text} at (0,0) size 3x11
                  text run at (0,0) width 3: " "
            RenderTableCell {TD} at (312,22) size 8x11 [bgcolor=#027777] [r=2 c=41 rs=1 cs=1]
              RenderInline {FONT} at (0,0) size 3x11
                RenderText {#text} at (0,0) size 3x11
                  text run at (0,0) width 3: " "
            RenderTableCell {TD} at (320,22) size 8x11 [bgcolor=#027777] [r=2 c=42 rs=1 cs=1]
              RenderInline {FONT} at (0,0) size 3x11
                RenderText {#text} at (0,0) size 3x11
                  text run at (0,0) width 3: " "
            RenderTableCell {TD} at (328,22) size 8x11 [bgcolor=#027777] [r=2 c=43 rs=1 cs=1]
              RenderInline {FONT} at (0,0) size 3x11
                RenderText {#text} at (0,0) size 3x11
                  text run at (0,0) width 3: " "
            RenderTableCell {TD} at (336,22) size 8x11 [bgcolor=#027777] [r=2 c=44 rs=1 cs=1]
              RenderInline {FONT} at (0,0) size 3x11
                RenderText {#text} at (0,0) size 3x11
                  text run at (0,0) width 3: " "
            RenderTableCell {TD} at (344,22) size 8x11 [bgcolor=#027777] [r=2 c=45 rs=1 cs=1]
              RenderInline {FONT} at (0,0) size 3x11
                RenderText {#text} at (0,0) size 3x11
                  text run at (0,0) width 3: " "
            RenderTableCell {TD} at (352,22) size 8x11 [bgcolor=#027777] [r=2 c=46 rs=1 cs=1]
              RenderInline {FONT} at (0,0) size 3x11
                RenderText {#text} at (0,0) size 3x11
                  text run at (0,0) width 3: " "
            RenderTableCell {TD} at (360,22) size 8x11 [bgcolor=#027777] [r=2 c=47 rs=1 cs=1]
              RenderInline {FONT} at (0,0) size 3x11
                RenderText {#text} at (0,0) size 3x11
                  text run at (0,0) width 3: " "
            RenderTableCell {TD} at (368,22) size 8x11 [bgcolor=#027777] [r=2 c=48 rs=1 cs=1]
              RenderInline {FONT} at (0,0) size 3x11
                RenderText {#text} at (0,0) size 3x11
                  text run at (0,0) width 3: " "
            RenderTableCell {TD} at (376,22) size 8x11 [bgcolor=#027777] [r=2 c=49 rs=1 cs=1]
              RenderInline {FONT} at (0,0) size 3x11
                RenderText {#text} at (0,0) size 3x11
                  text run at (0,0) width 3: " "
            RenderTableCell {TD} at (384,22) size 8x11 [bgcolor=#027777] [r=2 c=50 rs=1 cs=1]
              RenderInline {FONT} at (0,0) size 3x11
                RenderText {#text} at (0,0) size 3x11
                  text run at (0,0) width 3: " "
            RenderTableCell {TD} at (392,22) size 8x11 [bgcolor=#026766] [r=2 c=51 rs=1 cs=1]
              RenderInline {FONT} at (0,0) size 3x11
                RenderText {#text} at (0,0) size 3x11
                  text run at (0,0) width 3: " "
            RenderTableCell {TD} at (400,22) size 8x11 [bgcolor=#338686] [r=2 c=52 rs=1 cs=1]
              RenderInline {FONT} at (0,0) size 3x11
                RenderText {#text} at (0,0) size 3x11
                  text run at (0,0) width 3: " "
            RenderTableCell {TD} at (408,22) size 8x11 [bgcolor=#048485] [r=2 c=53 rs=1 cs=1]
              RenderInline {FONT} at (0,0) size 3x11
                RenderText {#text} at (0,0) size 3x11
                  text run at (0,0) width 3: " "
            RenderTableCell {TD} at (416,22) size 8x11 [bgcolor=#027777] [r=2 c=54 rs=1 cs=1]
              RenderInline {FONT} at (0,0) size 3x11
                RenderText {#text} at (0,0) size 3x11
                  text run at (0,0) width 3: " "
            RenderTableCell {TD} at (424,22) size 8x11 [bgcolor=#026766] [r=2 c=55 rs=1 cs=1]
              RenderInline {FONT} at (0,0) size 3x11
                RenderText {#text} at (0,0) size 3x11
                  text run at (0,0) width 3: " "
            RenderTableCell {TD} at (432,22) size 8x11 [bgcolor=#044F4F] [r=2 c=56 rs=1 cs=1]
              RenderInline {FONT} at (0,0) size 3x11
                RenderText {#text} at (0,0) size 3x11
                  text run at (0,0) width 3: " "
            RenderTableCell {TD} at (440,22) size 8x11 [bgcolor=#939494] [r=2 c=57 rs=1 cs=1]
              RenderInline {FONT} at (0,0) size 3x11
                RenderText {#text} at (0,0) size 3x11
                  text run at (0,0) width 3: " "
            RenderTableCell {TD} at (448,22) size 8x11 [bgcolor=#CECFCF] [r=2 c=58 rs=1 cs=1]
              RenderInline {FONT} at (0,0) size 3x11
                RenderText {#text} at (0,0) size 3x11
                  text run at (0,0) width 3: " "
            RenderTableCell {TD} at (456,22) size 8x11 [bgcolor=#EDEEEF] [r=2 c=59 rs=1 cs=1]
              RenderInline {FONT} at (0,0) size 3x11
                RenderText {#text} at (0,0) size 3x11
                  text run at (0,0) width 3: " "
            RenderTableCell {TD} at (464,22) size 8x11 [bgcolor=#FDFDFB] [r=2 c=60 rs=1 cs=1]
              RenderInline {FONT} at (0,0) size 3x11
                RenderText {#text} at (0,0) size 3x11
                  text run at (0,0) width 3: " "
            RenderTableCell {TD} at (472,22) size 8x11 [bgcolor=#FDFDFB] [r=2 c=61 rs=1 cs=1]
              RenderInline {FONT} at (0,0) size 3x11
                RenderText {#text} at (0,0) size 3x11
                  text run at (0,0) width 3: " "
            RenderTableCell {TD} at (480,22) size 8x11 [bgcolor=#FDFDFB] [r=2 c=62 rs=1 cs=1]
              RenderInline {FONT} at (0,0) size 3x11
                RenderText {#text} at (0,0) size 3x11
                  text run at (0,0) width 3: " "
            RenderTableCell {TD} at (488,22) size 8x11 [bgcolor=#FDFDFB] [r=2 c=63 rs=1 cs=1]
              RenderInline {FONT} at (0,0) size 3x11
                RenderText {#text} at (0,0) size 3x11
                  text run at (0,0) width 3: " "
            RenderTableCell {TD} at (496,22) size 8x11 [bgcolor=#FDFDFB] [r=2 c=64 rs=1 cs=1]
              RenderInline {FONT} at (0,0) size 3x11
                RenderText {#text} at (0,0) size 3x11
                  text run at (0,0) width 3: " "
            RenderTableCell {TD} at (504,22) size 8x11 [bgcolor=#EDEEEF] [r=2 c=65 rs=1 cs=1]
              RenderInline {FONT} at (0,0) size 3x11
                RenderText {#text} at (0,0) size 3x11
                  text run at (0,0) width 3: " "
            RenderTableCell {TD} at (512,22) size 8x11 [bgcolor=#A4CCCC] [r=2 c=66 rs=1 cs=1]
              RenderInline {FONT} at (0,0) size 3x11
                RenderText {#text} at (0,0) size 3x11
                  text run at (0,0) width 3: " "
            RenderTableCell {TD} at (520,22) size 8x11 [bgcolor=#5CADAE] [r=2 c=67 rs=1 cs=1]
              RenderInline {FONT} at (0,0) size 3x11
                RenderText {#text} at (0,0) size 3x11
                  text run at (0,0) width 3: " "
            RenderTableCell {TD} at (528,22) size 8x11 [bgcolor=#158E8C] [r=2 c=68 rs=1 cs=1]
              RenderInline {FONT} at (0,0) size 3x11
                RenderText {#text} at (0,0) size 3x11
                  text run at (0,0) width 3: " "
            RenderTableCell {TD} at (536,22) size 8x11 [bgcolor=#048485] [r=2 c=69 rs=1 cs=1]
              RenderInline {FONT} at (0,0) size 3x11
                RenderText {#text} at (0,0) size 3x11
                  text run at (0,0) width 3: " "
            RenderTableCell {TD} at (544,22) size 8x11 [bgcolor=#048485] [r=2 c=70 rs=1 cs=1]
              RenderInline {FONT} at (0,0) size 3x11
                RenderText {#text} at (0,0) size 3x11
                  text run at (0,0) width 3: " "
            RenderTableCell {TD} at (552,22) size 8x11 [bgcolor=#027777] [r=2 c=71 rs=1 cs=1]
              RenderInline {FONT} at (0,0) size 3x11
                RenderText {#text} at (0,0) size 3x11
                  text run at (0,0) width 3: " "
            RenderTableCell {TD} at (560,22) size 8x11 [bgcolor=#027777] [r=2 c=72 rs=1 cs=1]
              RenderInline {FONT} at (0,0) size 3x11
                RenderText {#text} at (0,0) size 3x11
                  text run at (0,0) width 3: " "
            RenderTableCell {TD} at (568,22) size 8x11 [bgcolor=#027777] [r=2 c=73 rs=1 cs=1]
              RenderInline {FONT} at (0,0) size 3x11
                RenderText {#text} at (0,0) size 3x11
                  text run at (0,0) width 3: " "
            RenderTableCell {TD} at (576,22) size 8x11 [bgcolor=#027777] [r=2 c=74 rs=1 cs=1]
              RenderInline {FONT} at (0,0) size 3x11
                RenderText {#text} at (0,0) size 3x11
                  text run at (0,0) width 3: " "
            RenderTableCell {TD} at (584,22) size 8x11 [bgcolor=#027777] [r=2 c=75 rs=1 cs=1]
              RenderInline {FONT} at (0,0) size 3x11
                RenderText {#text} at (0,0) size 3x11
                  text run at (0,0) width 3: " "
            RenderTableCell {TD} at (592,22) size 8x11 [bgcolor=#027777] [r=2 c=76 rs=1 cs=1]
              RenderInline {FONT} at (0,0) size 3x11
                RenderText {#text} at (0,0) size 3x11
                  text run at (0,0) width 3: " "
            RenderTableCell {TD} at (600,22) size 8x11 [bgcolor=#027777] [r=2 c=77 rs=1 cs=1]
              RenderInline {FONT} at (0,0) size 3x11
                RenderText {#text} at (0,0) size 3x11
                  text run at (0,0) width 3: " "
            RenderTableCell {TD} at (608,22) size 8x11 [bgcolor=#027777] [r=2 c=78 rs=1 cs=1]
              RenderInline {FONT} at (0,0) size 3x11
                RenderText {#text} at (0,0) size 3x11
                  text run at (0,0) width 3: " "
            RenderTableCell {TD} at (616,22) size 8x11 [bgcolor=#027777] [r=2 c=79 rs=1 cs=1]
              RenderInline {FONT} at (0,0) size 3x11
                RenderText {#text} at (0,0) size 3x11
                  text run at (0,0) width 3: " "
            RenderTableCell {TD} at (624,22) size 8x11 [bgcolor=#027777] [r=2 c=80 rs=1 cs=1]
              RenderInline {FONT} at (0,0) size 3x11
                RenderText {#text} at (0,0) size 3x11
                  text run at (0,0) width 3: " "
            RenderTableCell {TD} at (632,22) size 8x11 [bgcolor=#027777] [r=2 c=81 rs=1 cs=1]
              RenderInline {FONT} at (0,0) size 3x11
                RenderText {#text} at (0,0) size 3x11
                  text run at (0,0) width 3: " "
            RenderTableCell {TD} at (640,22) size 8x11 [bgcolor=#027777] [r=2 c=82 rs=1 cs=1]
              RenderInline {FONT} at (0,0) size 3x11
                RenderText {#text} at (0,0) size 3x11
                  text run at (0,0) width 3: " "
            RenderTableCell {TD} at (648,22) size 8x11 [bgcolor=#027777] [r=2 c=83 rs=1 cs=1]
              RenderInline {FONT} at (0,0) size 3x11
                RenderText {#text} at (0,0) size 3x11
                  text run at (0,0) width 3: " "
            RenderTableCell {TD} at (656,22) size 8x11 [bgcolor=#027777] [r=2 c=84 rs=1 cs=1]
              RenderInline {FONT} at (0,0) size 3x11
                RenderText {#text} at (0,0) size 3x11
                  text run at (0,0) width 3: " "
            RenderTableCell {TD} at (664,22) size 8x11 [bgcolor=#027777] [r=2 c=85 rs=1 cs=1]
              RenderInline {FONT} at (0,0) size 3x11
                RenderText {#text} at (0,0) size 3x11
                  text run at (0,0) width 3: " "
            RenderTableCell {TD} at (672,22) size 8x11 [bgcolor=#027777] [r=2 c=86 rs=1 cs=1]
              RenderInline {FONT} at (0,0) size 3x11
                RenderText {#text} at (0,0) size 3x11
                  text run at (0,0) width 3: " "
            RenderTableCell {TD} at (680,22) size 8x11 [bgcolor=#027777] [r=2 c=87 rs=1 cs=1]
              RenderInline {FONT} at (0,0) size 3x11
                RenderText {#text} at (0,0) size 3x11
                  text run at (0,0) width 3: " "
            RenderTableCell {TD} at (688,22) size 8x11 [bgcolor=#027777] [r=2 c=88 rs=1 cs=1]
              RenderInline {FONT} at (0,0) size 3x11
                RenderText {#text} at (0,0) size 3x11
                  text run at (0,0) width 3: " "
            RenderTableCell {TD} at (696,22) size 8x11 [bgcolor=#027777] [r=2 c=89 rs=1 cs=1]
              RenderInline {FONT} at (0,0) size 3x11
                RenderText {#text} at (0,0) size 3x11
                  text run at (0,0) width 3: " "
            RenderTableCell {TD} at (704,22) size 8x11 [bgcolor=#027777] [r=2 c=90 rs=1 cs=1]
              RenderInline {FONT} at (0,0) size 3x11
                RenderText {#text} at (0,0) size 3x11
                  text run at (0,0) width 3: " "
            RenderTableCell {TD} at (712,22) size 8x11 [bgcolor=#027777] [r=2 c=91 rs=1 cs=1]
              RenderInline {FONT} at (0,0) size 3x11
                RenderText {#text} at (0,0) size 3x11
                  text run at (0,0) width 3: " "
            RenderTableCell {TD} at (720,22) size 8x11 [bgcolor=#026766] [r=2 c=92 rs=1 cs=1]
              RenderInline {FONT} at (0,0) size 3x11
                RenderText {#text} at (0,0) size 3x11
                  text run at (0,0) width 3: " "
            RenderTableCell {TD} at (728,22) size 8x11 [bgcolor=#044F4F] [r=2 c=93 rs=1 cs=1]
              RenderInline {FONT} at (0,0) size 3x11
                RenderText {#text} at (0,0) size 3x11
                  text run at (0,0) width 3: " "
            RenderTableCell {TD} at (736,22) size 8x11 [bgcolor=#647979] [r=2 c=94 rs=1 cs=1]
              RenderInline {FONT} at (0,0) size 3x11
                RenderText {#text} at (0,0) size 3x11
                  text run at (0,0) width 3: " "
            RenderTableCell {TD} at (744,22) size 8x11 [bgcolor=#BEC2C2] [r=2 c=95 rs=1 cs=1]
              RenderInline {FONT} at (0,0) size 3x11
                RenderText {#text} at (0,0) size 3x11
                  text run at (0,0) width 3: " "
            RenderTableCell {TD} at (752,22) size 8x11 [bgcolor=#E0EAE9] [r=2 c=96 rs=1 cs=1]
              RenderInline {FONT} at (0,0) size 3x11
                RenderText {#text} at (0,0) size 3x11
                  text run at (0,0) width 3: " "
            RenderTableCell {TD} at (760,22) size 8x11 [bgcolor=#FDFDFB] [r=2 c=97 rs=1 cs=1]
              RenderInline {FONT} at (0,0) size 3x11
                RenderText {#text} at (0,0) size 3x11
                  text run at (0,0) width 3: " "
            RenderTableCell {TD} at (768,22) size 8x11 [bgcolor=#FDFDFB] [r=2 c=98 rs=1 cs=1]
              RenderInline {FONT} at (0,0) size 3x11
                RenderText {#text} at (0,0) size 3x11
                  text run at (0,0) width 3: " "
            RenderTableCell {TD} at (776,22) size 8x11 [bgcolor=#FDFDFB] [r=2 c=99 rs=1 cs=1]
              RenderInline {FONT} at (0,0) size 3x11
                RenderText {#text} at (0,0) size 3x11
                  text run at (0,0) width 3: " "
          RenderTableRow {TR} at (0,33) size 784x11
            RenderTableCell {TD} at (0,33) size 7x11 [bgcolor=#FDFDFB] [r=3 c=0 rs=1 cs=1]
              RenderInline {FONT} at (0,0) size 3x11
                RenderText {#text} at (0,0) size 3x11
                  text run at (0,0) width 3: " "
            RenderTableCell {TD} at (7,33) size 7x11 [bgcolor=#FDFDFB] [r=3 c=1 rs=1 cs=1]
              RenderInline {FONT} at (0,0) size 3x11
                RenderText {#text} at (0,0) size 3x11
                  text run at (0,0) width 3: " "
            RenderTableCell {TD} at (14,33) size 7x11 [bgcolor=#FDFDFB] [r=3 c=2 rs=1 cs=1]
              RenderInline {FONT} at (0,0) size 3x11
                RenderText {#text} at (0,0) size 3x11
                  text run at (0,0) width 3: " "
            RenderTableCell {TD} at (21,33) size 7x11 [bgcolor=#FDFDFB] [r=3 c=3 rs=1 cs=1]
              RenderInline {FONT} at (0,0) size 3x11
                RenderText {#text} at (0,0) size 3x11
                  text run at (0,0) width 3: " "
            RenderTableCell {TD} at (28,33) size 7x11 [bgcolor=#FDFDFB] [r=3 c=4 rs=1 cs=1]
              RenderInline {FONT} at (0,0) size 3x11
                RenderText {#text} at (0,0) size 3x11
                  text run at (0,0) width 3: " "
            RenderTableCell {TD} at (35,33) size 7x11 [bgcolor=#66BABC] [r=3 c=5 rs=1 cs=1]
              RenderInline {FONT} at (0,0) size 3x11
                RenderText {#text} at (0,0) size 3x11
                  text run at (0,0) width 3: " "
            RenderTableCell {TD} at (42,33) size 7x11 [bgcolor=#158E8C] [r=3 c=6 rs=1 cs=1]
              RenderInline {FONT} at (0,0) size 3x11
                RenderText {#text} at (0,0) size 3x11
                  text run at (0,0) width 3: " "
            RenderTableCell {TD} at (49,33) size 7x11 [bgcolor=#048485] [r=3 c=7 rs=1 cs=1]
              RenderInline {FONT} at (0,0) size 3x11
                RenderText {#text} at (0,0) size 3x11
                  text run at (0,0) width 3: " "
            RenderTableCell {TD} at (56,33) size 7x11 [bgcolor=#027777] [r=3 c=8 rs=1 cs=1]
              RenderInline {FONT} at (0,0) size 3x11
                RenderText {#text} at (0,0) size 3x11
                  text run at (0,0) width 3: " "
            RenderTableCell {TD} at (63,33) size 7x11 [bgcolor=#027777] [r=3 c=9 rs=1 cs=1]
              RenderInline {FONT} at (0,0) size 3x11
                RenderText {#text} at (0,0) size 3x11
                  text run at (0,0) width 3: " "
            RenderTableCell {TD} at (70,33) size 7x11 [bgcolor=#026766] [r=3 c=10 rs=1 cs=1]
              RenderInline {FONT} at (0,0) size 3x11
                RenderText {#text} at (0,0) size 3x11
                  text run at (0,0) width 3: " "
            RenderTableCell {TD} at (77,33) size 7x11 [bgcolor=#026766] [r=3 c=11 rs=1 cs=1]
              RenderInline {FONT} at (0,0) size 3x11
                RenderText {#text} at (0,0) size 3x11
                  text run at (0,0) width 3: " "
            RenderTableCell {TD} at (84,33) size 7x11 [bgcolor=#025E5E] [r=3 c=12 rs=1 cs=1]
              RenderInline {FONT} at (0,0) size 3x11
                RenderText {#text} at (0,0) size 3x11
                  text run at (0,0) width 3: " "
            RenderTableCell {TD} at (91,33) size 7x11 [bgcolor=#044F4F] [r=3 c=13 rs=1 cs=1]
              RenderInline {FONT} at (0,0) size 3x11
                RenderText {#text} at (0,0) size 3x11
                  text run at (0,0) width 3: " "
            RenderTableCell {TD} at (98,33) size 7x11 [bgcolor=#044140] [r=3 c=14 rs=1 cs=1]
              RenderInline {FONT} at (0,0) size 3x11
                RenderText {#text} at (0,0) size 3x11
                  text run at (0,0) width 3: " "
            RenderTableCell {TD} at (105,33) size 7x11 [bgcolor=#223C3D] [r=3 c=15 rs=1 cs=1]
              RenderInline {FONT} at (0,0) size 3x11
                RenderText {#text} at (0,0) size 3x11
                  text run at (0,0) width 3: " "
            RenderTableCell {TD} at (112,33) size 8x11 [bgcolor=#344C4E] [r=3 c=16 rs=1 cs=1]
              RenderInline {FONT} at (0,0) size 3x11
                RenderText {#text} at (0,0) size 3x11
                  text run at (0,0) width 3: " "
            RenderTableCell {TD} at (120,33) size 8x11 [bgcolor=#4D4F4F] [r=3 c=17 rs=1 cs=1]
              RenderInline {FONT} at (0,0) size 3x11
                RenderText {#text} at (0,0) size 3x11
                  text run at (0,0) width 3: " "
            RenderTableCell {TD} at (128,33) size 8x11 [bgcolor=#1A5C5C] [r=3 c=18 rs=1 cs=1]
              RenderInline {FONT} at (0,0) size 3x11
                RenderText {#text} at (0,0) size 3x11
                  text run at (0,0) width 3: " "
            RenderTableCell {TD} at (136,33) size 8x11 [bgcolor=#026766] [r=3 c=19 rs=1 cs=1]
              RenderInline {FONT} at (0,0) size 3x11
                RenderText {#text} at (0,0) size 3x11
                  text run at (0,0) width 3: " "
            RenderTableCell {TD} at (144,33) size 8x11 [bgcolor=#026766] [r=3 c=20 rs=1 cs=1]
              RenderInline {FONT} at (0,0) size 3x11
                RenderText {#text} at (0,0) size 3x11
                  text run at (0,0) width 3: " "
            RenderTableCell {TD} at (152,33) size 8x11 [bgcolor=#026766] [r=3 c=21 rs=1 cs=1]
              RenderInline {FONT} at (0,0) size 3x11
                RenderText {#text} at (0,0) size 3x11
                  text run at (0,0) width 3: " "
            RenderTableCell {TD} at (160,33) size 8x11 [bgcolor=#026766] [r=3 c=22 rs=1 cs=1]
              RenderInline {FONT} at (0,0) size 3x11
                RenderText {#text} at (0,0) size 3x11
                  text run at (0,0) width 3: " "
            RenderTableCell {TD} at (168,33) size 8x11 [bgcolor=#026766] [r=3 c=23 rs=1 cs=1]
              RenderInline {FONT} at (0,0) size 3x11
                RenderText {#text} at (0,0) size 3x11
                  text run at (0,0) width 3: " "
            RenderTableCell {TD} at (176,33) size 8x11 [bgcolor=#026766] [r=3 c=24 rs=1 cs=1]
              RenderInline {FONT} at (0,0) size 3x11
                RenderText {#text} at (0,0) size 3x11
                  text run at (0,0) width 3: " "
            RenderTableCell {TD} at (184,33) size 8x11 [bgcolor=#026766] [r=3 c=25 rs=1 cs=1]
              RenderInline {FONT} at (0,0) size 3x11
                RenderText {#text} at (0,0) size 3x11
                  text run at (0,0) width 3: " "
            RenderTableCell {TD} at (192,33) size 8x11 [bgcolor=#025E5E] [r=3 c=26 rs=1 cs=1]
              RenderInline {FONT} at (0,0) size 3x11
                RenderText {#text} at (0,0) size 3x11
                  text run at (0,0) width 3: " "
            RenderTableCell {TD} at (200,33) size 8x11 [bgcolor=#1A6B6A] [r=3 c=27 rs=1 cs=1]
              RenderInline {FONT} at (0,0) size 3x11
                RenderText {#text} at (0,0) size 3x11
                  text run at (0,0) width 3: " "
            RenderTableCell {TD} at (208,33) size 8x11 [bgcolor=#7B918F] [r=3 c=28 rs=1 cs=1]
              RenderInline {FONT} at (0,0) size 3x11
                RenderText {#text} at (0,0) size 3x11
                  text run at (0,0) width 3: " "
            RenderTableCell {TD} at (216,33) size 8x11 [bgcolor=#A5A6A6] [r=3 c=29 rs=1 cs=1]
              RenderInline {FONT} at (0,0) size 3x11
                RenderText {#text} at (0,0) size 3x11
                  text run at (0,0) width 3: " "
            RenderTableCell {TD} at (224,33) size 8x11 [bgcolor=#B4B4B4] [r=3 c=30 rs=1 cs=1]
              RenderInline {FONT} at (0,0) size 3x11
                RenderText {#text} at (0,0) size 3x11
                  text run at (0,0) width 3: " "
            RenderTableCell {TD} at (232,33) size 8x11 [bgcolor=#B4B4B4] [r=3 c=31 rs=1 cs=1]
              RenderInline {FONT} at (0,0) size 3x11
                RenderText {#text} at (0,0) size 3x11
                  text run at (0,0) width 3: " "
            RenderTableCell {TD} at (240,33) size 8x11 [bgcolor=#B4B4B4] [r=3 c=32 rs=1 cs=1]
              RenderInline {FONT} at (0,0) size 3x11
                RenderText {#text} at (0,0) size 3x11
                  text run at (0,0) width 3: " "
            RenderTableCell {TD} at (248,33) size 8x11 [bgcolor=#B4B4B4] [r=3 c=33 rs=1 cs=1]
              RenderInline {FONT} at (0,0) size 3x11
                RenderText {#text} at (0,0) size 3x11
                  text run at (0,0) width 3: " "
            RenderTableCell {TD} at (256,33) size 8x11 [bgcolor=#B4B4B4] [r=3 c=34 rs=1 cs=1]
              RenderInline {FONT} at (0,0) size 3x11
                RenderText {#text} at (0,0) size 3x11
                  text run at (0,0) width 3: " "
            RenderTableCell {TD} at (264,33) size 8x11 [bgcolor=#A2B5B4] [r=3 c=35 rs=1 cs=1]
              RenderInline {FONT} at (0,0) size 3x11
                RenderText {#text} at (0,0) size 3x11
                  text run at (0,0) width 3: " "
            RenderTableCell {TD} at (272,33) size 8x11 [bgcolor=#048485] [r=3 c=36 rs=1 cs=1]
              RenderInline {FONT} at (0,0) size 3x11
                RenderText {#text} at (0,0) size 3x11
                  text run at (0,0) width 3: " "
            RenderTableCell {TD} at (280,33) size 8x11 [bgcolor=#027777] [r=3 c=37 rs=1 cs=1]
              RenderInline {FONT} at (0,0) size 3x11
                RenderText {#text} at (0,0) size 3x11
                  text run at (0,0) width 3: " "
            RenderTableCell {TD} at (288,33) size 8x11 [bgcolor=#026766] [r=3 c=38 rs=1 cs=1]
              RenderInline {FONT} at (0,0) size 3x11
                RenderText {#text} at (0,0) size 3x11
                  text run at (0,0) width 3: " "
            RenderTableCell {TD} at (296,33) size 8x11 [bgcolor=#026766] [r=3 c=39 rs=1 cs=1]
              RenderInline {FONT} at (0,0) size 3x11
                RenderText {#text} at (0,0) size 3x11
                  text run at (0,0) width 3: " "
            RenderTableCell {TD} at (304,33) size 8x11 [bgcolor=#026766] [r=3 c=40 rs=1 cs=1]
              RenderInline {FONT} at (0,0) size 3x11
                RenderText {#text} at (0,0) size 3x11
                  text run at (0,0) width 3: " "
            RenderTableCell {TD} at (312,33) size 8x11 [bgcolor=#026766] [r=3 c=41 rs=1 cs=1]
              RenderInline {FONT} at (0,0) size 3x11
                RenderText {#text} at (0,0) size 3x11
                  text run at (0,0) width 3: " "
            RenderTableCell {TD} at (320,33) size 8x11 [bgcolor=#026766] [r=3 c=42 rs=1 cs=1]
              RenderInline {FONT} at (0,0) size 3x11
                RenderText {#text} at (0,0) size 3x11
                  text run at (0,0) width 3: " "
            RenderTableCell {TD} at (328,33) size 8x11 [bgcolor=#026766] [r=3 c=43 rs=1 cs=1]
              RenderInline {FONT} at (0,0) size 3x11
                RenderText {#text} at (0,0) size 3x11
                  text run at (0,0) width 3: " "
            RenderTableCell {TD} at (336,33) size 8x11 [bgcolor=#026766] [r=3 c=44 rs=1 cs=1]
              RenderInline {FONT} at (0,0) size 3x11
                RenderText {#text} at (0,0) size 3x11
                  text run at (0,0) width 3: " "
            RenderTableCell {TD} at (344,33) size 8x11 [bgcolor=#026766] [r=3 c=45 rs=1 cs=1]
              RenderInline {FONT} at (0,0) size 3x11
                RenderText {#text} at (0,0) size 3x11
                  text run at (0,0) width 3: " "
            RenderTableCell {TD} at (352,33) size 8x11 [bgcolor=#026766] [r=3 c=46 rs=1 cs=1]
              RenderInline {FONT} at (0,0) size 3x11
                RenderText {#text} at (0,0) size 3x11
                  text run at (0,0) width 3: " "
            RenderTableCell {TD} at (360,33) size 8x11 [bgcolor=#026766] [r=3 c=47 rs=1 cs=1]
              RenderInline {FONT} at (0,0) size 3x11
                RenderText {#text} at (0,0) size 3x11
                  text run at (0,0) width 3: " "
            RenderTableCell {TD} at (368,33) size 8x11 [bgcolor=#026766] [r=3 c=48 rs=1 cs=1]
              RenderInline {FONT} at (0,0) size 3x11
                RenderText {#text} at (0,0) size 3x11
                  text run at (0,0) width 3: " "
            RenderTableCell {TD} at (376,33) size 8x11 [bgcolor=#026766] [r=3 c=49 rs=1 cs=1]
              RenderInline {FONT} at (0,0) size 3x11
                RenderText {#text} at (0,0) size 3x11
                  text run at (0,0) width 3: " "
            RenderTableCell {TD} at (384,33) size 8x11 [bgcolor=#026766] [r=3 c=50 rs=1 cs=1]
              RenderInline {FONT} at (0,0) size 3x11
                RenderText {#text} at (0,0) size 3x11
                  text run at (0,0) width 3: " "
            RenderTableCell {TD} at (392,33) size 8x11 [bgcolor=#026766] [r=3 c=51 rs=1 cs=1]
              RenderInline {FONT} at (0,0) size 3x11
                RenderText {#text} at (0,0) size 3x11
                  text run at (0,0) width 3: " "
            RenderTableCell {TD} at (400,33) size 8x11 [bgcolor=#026766] [r=3 c=52 rs=1 cs=1]
              RenderInline {FONT} at (0,0) size 3x11
                RenderText {#text} at (0,0) size 3x11
                  text run at (0,0) width 3: " "
            RenderTableCell {TD} at (408,33) size 8x11 [bgcolor=#027777] [r=3 c=53 rs=1 cs=1]
              RenderInline {FONT} at (0,0) size 3x11
                RenderText {#text} at (0,0) size 3x11
                  text run at (0,0) width 3: " "
            RenderTableCell {TD} at (416,33) size 8x11 [bgcolor=#026766] [r=3 c=54 rs=1 cs=1]
              RenderInline {FONT} at (0,0) size 3x11
                RenderText {#text} at (0,0) size 3x11
                  text run at (0,0) width 3: " "
            RenderTableCell {TD} at (424,33) size 8x11 [bgcolor=#044F4F] [r=3 c=55 rs=1 cs=1]
              RenderInline {FONT} at (0,0) size 3x11
                RenderText {#text} at (0,0) size 3x11
                  text run at (0,0) width 3: " "
            RenderTableCell {TD} at (432,33) size 8x11 [bgcolor=#044140] [r=3 c=56 rs=1 cs=1]
              RenderInline {FONT} at (0,0) size 3x11
                RenderText {#text} at (0,0) size 3x11
                  text run at (0,0) width 3: " "
            RenderTableCell {TD} at (440,33) size 8x11 [bgcolor=#515C5B] [r=3 c=57 rs=1 cs=1]
              RenderInline {FONT} at (0,0) size 3x11
                RenderText {#text} at (0,0) size 3x11
                  text run at (0,0) width 3: " "
            RenderTableCell {TD} at (448,33) size 8x11 [bgcolor=#848788] [r=3 c=58 rs=1 cs=1]
              RenderInline {FONT} at (0,0) size 3x11
                RenderText {#text} at (0,0) size 3x11
                  text run at (0,0) width 3: " "
            RenderTableCell {TD} at (456,33) size 8x11 [bgcolor=#A5A6A6] [r=3 c=59 rs=1 cs=1]
              RenderInline {FONT} at (0,0) size 3x11
                RenderText {#text} at (0,0) size 3x11
                  text run at (0,0) width 3: " "
            RenderTableCell {TD} at (464,33) size 8x11 [bgcolor=#B4B4B4] [r=3 c=60 rs=1 cs=1]
              RenderInline {FONT} at (0,0) size 3x11
                RenderText {#text} at (0,0) size 3x11
                  text run at (0,0) width 3: " "
            RenderTableCell {TD} at (472,33) size 8x11 [bgcolor=#B4B4B4] [r=3 c=61 rs=1 cs=1]
              RenderInline {FONT} at (0,0) size 3x11
                RenderText {#text} at (0,0) size 3x11
                  text run at (0,0) width 3: " "
            RenderTableCell {TD} at (480,33) size 8x11 [bgcolor=#B4B4B4] [r=3 c=62 rs=1 cs=1]
              RenderInline {FONT} at (0,0) size 3x11
                RenderText {#text} at (0,0) size 3x11
                  text run at (0,0) width 3: " "
            RenderTableCell {TD} at (488,33) size 8x11 [bgcolor=#B4B4B4] [r=3 c=63 rs=1 cs=1]
              RenderInline {FONT} at (0,0) size 3x11
                RenderText {#text} at (0,0) size 3x11
                  text run at (0,0) width 3: " "
            RenderTableCell {TD} at (496,33) size 8x11 [bgcolor=#72A3A1] [r=3 c=64 rs=1 cs=1]
              RenderInline {FONT} at (0,0) size 3x11
                RenderText {#text} at (0,0) size 3x11
                  text run at (0,0) width 3: " "
            RenderTableCell {TD} at (504,33) size 8x11 [bgcolor=#158E8C] [r=3 c=65 rs=1 cs=1]
              RenderInline {FONT} at (0,0) size 3x11
                RenderText {#text} at (0,0) size 3x11
                  text run at (0,0) width 3: " "
            RenderTableCell {TD} at (512,33) size 8x11 [bgcolor=#048485] [r=3 c=66 rs=1 cs=1]
              RenderInline {FONT} at (0,0) size 3x11
                RenderText {#text} at (0,0) size 3x11
                  text run at (0,0) width 3: " "
            RenderTableCell {TD} at (520,33) size 8x11 [bgcolor=#048485] [r=3 c=67 rs=1 cs=1]
              RenderInline {FONT} at (0,0) size 3x11
                RenderText {#text} at (0,0) size 3x11
                  text run at (0,0) width 3: " "
            RenderTableCell {TD} at (528,33) size 8x11 [bgcolor=#027777] [r=3 c=68 rs=1 cs=1]
              RenderInline {FONT} at (0,0) size 3x11
                RenderText {#text} at (0,0) size 3x11
                  text run at (0,0) width 3: " "
            RenderTableCell {TD} at (536,33) size 8x11 [bgcolor=#027777] [r=3 c=69 rs=1 cs=1]
              RenderInline {FONT} at (0,0) size 3x11
                RenderText {#text} at (0,0) size 3x11
                  text run at (0,0) width 3: " "
            RenderTableCell {TD} at (544,33) size 8x11 [bgcolor=#027777] [r=3 c=70 rs=1 cs=1]
              RenderInline {FONT} at (0,0) size 3x11
                RenderText {#text} at (0,0) size 3x11
                  text run at (0,0) width 3: " "
            RenderTableCell {TD} at (552,33) size 8x11 [bgcolor=#026766] [r=3 c=71 rs=1 cs=1]
              RenderInline {FONT} at (0,0) size 3x11
                RenderText {#text} at (0,0) size 3x11
                  text run at (0,0) width 3: " "
            RenderTableCell {TD} at (560,33) size 8x11 [bgcolor=#026766] [r=3 c=72 rs=1 cs=1]
              RenderInline {FONT} at (0,0) size 3x11
                RenderText {#text} at (0,0) size 3x11
                  text run at (0,0) width 3: " "
            RenderTableCell {TD} at (568,33) size 8x11 [bgcolor=#026766] [r=3 c=73 rs=1 cs=1]
              RenderInline {FONT} at (0,0) size 3x11
                RenderText {#text} at (0,0) size 3x11
                  text run at (0,0) width 3: " "
            RenderTableCell {TD} at (576,33) size 8x11 [bgcolor=#025E5E] [r=3 c=74 rs=1 cs=1]
              RenderInline {FONT} at (0,0) size 3x11
                RenderText {#text} at (0,0) size 3x11
                  text run at (0,0) width 3: " "
            RenderTableCell {TD} at (584,33) size 8x11 [bgcolor=#025E5E] [r=3 c=75 rs=1 cs=1]
              RenderInline {FONT} at (0,0) size 3x11
                RenderText {#text} at (0,0) size 3x11
                  text run at (0,0) width 3: " "
            RenderTableCell {TD} at (592,33) size 8x11 [bgcolor=#025E5E] [r=3 c=76 rs=1 cs=1]
              RenderInline {FONT} at (0,0) size 3x11
                RenderText {#text} at (0,0) size 3x11
                  text run at (0,0) width 3: " "
            RenderTableCell {TD} at (600,33) size 8x11 [bgcolor=#025E5E] [r=3 c=77 rs=1 cs=1]
              RenderInline {FONT} at (0,0) size 3x11
                RenderText {#text} at (0,0) size 3x11
                  text run at (0,0) width 3: " "
            RenderTableCell {TD} at (608,33) size 8x11 [bgcolor=#026766] [r=3 c=78 rs=1 cs=1]
              RenderInline {FONT} at (0,0) size 3x11
                RenderText {#text} at (0,0) size 3x11
                  text run at (0,0) width 3: " "
            RenderTableCell {TD} at (616,33) size 8x11 [bgcolor=#026766] [r=3 c=79 rs=1 cs=1]
              RenderInline {FONT} at (0,0) size 3x11
                RenderText {#text} at (0,0) size 3x11
                  text run at (0,0) width 3: " "
            RenderTableCell {TD} at (624,33) size 8x11 [bgcolor=#026766] [r=3 c=80 rs=1 cs=1]
              RenderInline {FONT} at (0,0) size 3x11
                RenderText {#text} at (0,0) size 3x11
                  text run at (0,0) width 3: " "
            RenderTableCell {TD} at (632,33) size 8x11 [bgcolor=#026766] [r=3 c=81 rs=1 cs=1]
              RenderInline {FONT} at (0,0) size 3x11
                RenderText {#text} at (0,0) size 3x11
                  text run at (0,0) width 3: " "
            RenderTableCell {TD} at (640,33) size 8x11 [bgcolor=#026766] [r=3 c=82 rs=1 cs=1]
              RenderInline {FONT} at (0,0) size 3x11
                RenderText {#text} at (0,0) size 3x11
                  text run at (0,0) width 3: " "
            RenderTableCell {TD} at (648,33) size 8x11 [bgcolor=#026766] [r=3 c=83 rs=1 cs=1]
              RenderInline {FONT} at (0,0) size 3x11
                RenderText {#text} at (0,0) size 3x11
                  text run at (0,0) width 3: " "
            RenderTableCell {TD} at (656,33) size 8x11 [bgcolor=#026766] [r=3 c=84 rs=1 cs=1]
              RenderInline {FONT} at (0,0) size 3x11
                RenderText {#text} at (0,0) size 3x11
                  text run at (0,0) width 3: " "
            RenderTableCell {TD} at (664,33) size 8x11 [bgcolor=#026766] [r=3 c=85 rs=1 cs=1]
              RenderInline {FONT} at (0,0) size 3x11
                RenderText {#text} at (0,0) size 3x11
                  text run at (0,0) width 3: " "
            RenderTableCell {TD} at (672,33) size 8x11 [bgcolor=#026766] [r=3 c=86 rs=1 cs=1]
              RenderInline {FONT} at (0,0) size 3x11
                RenderText {#text} at (0,0) size 3x11
                  text run at (0,0) width 3: " "
            RenderTableCell {TD} at (680,33) size 8x11 [bgcolor=#026766] [r=3 c=87 rs=1 cs=1]
              RenderInline {FONT} at (0,0) size 3x11
                RenderText {#text} at (0,0) size 3x11
                  text run at (0,0) width 3: " "
            RenderTableCell {TD} at (688,33) size 8x11 [bgcolor=#026766] [r=3 c=88 rs=1 cs=1]
              RenderInline {FONT} at (0,0) size 3x11
                RenderText {#text} at (0,0) size 3x11
                  text run at (0,0) width 3: " "
            RenderTableCell {TD} at (696,33) size 8x11 [bgcolor=#026766] [r=3 c=89 rs=1 cs=1]
              RenderInline {FONT} at (0,0) size 3x11
                RenderText {#text} at (0,0) size 3x11
                  text run at (0,0) width 3: " "
            RenderTableCell {TD} at (704,33) size 8x11 [bgcolor=#026766] [r=3 c=90 rs=1 cs=1]
              RenderInline {FONT} at (0,0) size 3x11
                RenderText {#text} at (0,0) size 3x11
                  text run at (0,0) width 3: " "
            RenderTableCell {TD} at (712,33) size 8x11 [bgcolor=#026766] [r=3 c=91 rs=1 cs=1]
              RenderInline {FONT} at (0,0) size 3x11
                RenderText {#text} at (0,0) size 3x11
                  text run at (0,0) width 3: " "
            RenderTableCell {TD} at (720,33) size 8x11 [bgcolor=#025E5E] [r=3 c=92 rs=1 cs=1]
              RenderInline {FONT} at (0,0) size 3x11
                RenderText {#text} at (0,0) size 3x11
                  text run at (0,0) width 3: " "
            RenderTableCell {TD} at (728,33) size 8x11 [bgcolor=#044140] [r=3 c=93 rs=1 cs=1]
              RenderInline {FONT} at (0,0) size 3x11
                RenderText {#text} at (0,0) size 3x11
                  text run at (0,0) width 3: " "
            RenderTableCell {TD} at (736,33) size 8x11 [bgcolor=#344C4E] [r=3 c=94 rs=1 cs=1]
              RenderInline {FONT} at (0,0) size 3x11
                RenderText {#text} at (0,0) size 3x11
                  text run at (0,0) width 3: " "
            RenderTableCell {TD} at (744,33) size 8x11 [bgcolor=#777878] [r=3 c=95 rs=1 cs=1]
              RenderInline {FONT} at (0,0) size 3x11
                RenderText {#text} at (0,0) size 3x11
                  text run at (0,0) width 3: " "
            RenderTableCell {TD} at (752,33) size 8x11 [bgcolor=#91A3A3] [r=3 c=96 rs=1 cs=1]
              RenderInline {FONT} at (0,0) size 3x11
                RenderText {#text} at (0,0) size 3x11
                  text run at (0,0) width 3: " "
            RenderTableCell {TD} at (760,33) size 8x11 [bgcolor=#B4B4B4] [r=3 c=97 rs=1 cs=1]
              RenderInline {FONT} at (0,0) size 3x11
                RenderText {#text} at (0,0) size 3x11
                  text run at (0,0) width 3: " "
            RenderTableCell {TD} at (768,33) size 8x11 [bgcolor=#A5A6A6] [r=3 c=98 rs=1 cs=1]
              RenderInline {FONT} at (0,0) size 3x11
                RenderText {#text} at (0,0) size 3x11
                  text run at (0,0) width 3: " "
            RenderTableCell {TD} at (776,33) size 8x11 [bgcolor=#848788] [r=3 c=99 rs=1 cs=1]
              RenderInline {FONT} at (0,0) size 3x11
                RenderText {#text} at (0,0) size 3x11
                  text run at (0,0) width 3: " "
          RenderTableRow {TR} at (0,44) size 784x11
            RenderTableCell {TD} at (0,44) size 7x11 [bgcolor=#FDFDFB] [r=4 c=0 rs=1 cs=1]
              RenderInline {FONT} at (0,0) size 3x11
                RenderText {#text} at (0,0) size 3x11
                  text run at (0,0) width 3: " "
            RenderTableCell {TD} at (7,44) size 7x11 [bgcolor=#FDFDFB] [r=4 c=1 rs=1 cs=1]
              RenderInline {FONT} at (0,0) size 3x11
                RenderText {#text} at (0,0) size 3x11
                  text run at (0,0) width 3: " "
            RenderTableCell {TD} at (14,44) size 7x11 [bgcolor=#FDFDFB] [r=4 c=2 rs=1 cs=1]
              RenderInline {FONT} at (0,0) size 3x11
                RenderText {#text} at (0,0) size 3x11
                  text run at (0,0) width 3: " "
            RenderTableCell {TD} at (21,44) size 7x11 [bgcolor=#EDEEEF] [r=4 c=3 rs=1 cs=1]
              RenderInline {FONT} at (0,0) size 3x11
                RenderText {#text} at (0,0) size 3x11
                  text run at (0,0) width 3: " "
            RenderTableCell {TD} at (28,44) size 7x11 [bgcolor=#66BABC] [r=4 c=4 rs=1 cs=1]
              RenderInline {FONT} at (0,0) size 3x11
                RenderText {#text} at (0,0) size 3x11
                  text run at (0,0) width 3: " "
            RenderTableCell {TD} at (35,44) size 7x11 [bgcolor=#048485] [r=4 c=5 rs=1 cs=1]
              RenderInline {FONT} at (0,0) size 3x11
                RenderText {#text} at (0,0) size 3x11
                  text run at (0,0) width 3: " "
            RenderTableCell {TD} at (42,44) size 7x11 [bgcolor=#048485] [r=4 c=6 rs=1 cs=1]
              RenderInline {FONT} at (0,0) size 3x11
                RenderText {#text} at (0,0) size 3x11
                  text run at (0,0) width 3: " "
            RenderTableCell {TD} at (49,44) size 7x11 [bgcolor=#027777] [r=4 c=7 rs=1 cs=1]
              RenderInline {FONT} at (0,0) size 3x11
                RenderText {#text} at (0,0) size 3x11
                  text run at (0,0) width 3: " "
            RenderTableCell {TD} at (56,44) size 7x11 [bgcolor=#026766] [r=4 c=8 rs=1 cs=1]
              RenderInline {FONT} at (0,0) size 3x11
                RenderText {#text} at (0,0) size 3x11
                  text run at (0,0) width 3: " "
            RenderTableCell {TD} at (63,44) size 7x11 [bgcolor=#026766] [r=4 c=9 rs=1 cs=1]
              RenderInline {FONT} at (0,0) size 3x11
                RenderText {#text} at (0,0) size 3x11
                  text run at (0,0) width 3: " "
            RenderTableCell {TD} at (70,44) size 7x11 [bgcolor=#026766] [r=4 c=10 rs=1 cs=1]
              RenderInline {FONT} at (0,0) size 3x11
                RenderText {#text} at (0,0) size 3x11
                  text run at (0,0) width 3: " "
            RenderTableCell {TD} at (77,44) size 7x11 [bgcolor=#026766] [r=4 c=11 rs=1 cs=1]
              RenderInline {FONT} at (0,0) size 3x11
                RenderText {#text} at (0,0) size 3x11
                  text run at (0,0) width 3: " "
            RenderTableCell {TD} at (84,44) size 7x11 [bgcolor=#025E5E] [r=4 c=12 rs=1 cs=1]
              RenderInline {FONT} at (0,0) size 3x11
                RenderText {#text} at (0,0) size 3x11
                  text run at (0,0) width 3: " "
            RenderTableCell {TD} at (91,44) size 7x11 [bgcolor=#044140] [r=4 c=13 rs=1 cs=1]
              RenderInline {FONT} at (0,0) size 3x11
                RenderText {#text} at (0,0) size 3x11
                  text run at (0,0) width 3: " "
            RenderTableCell {TD} at (98,44) size 7x11 [bgcolor=#083131] [r=4 c=14 rs=1 cs=1]
              RenderInline {FONT} at (0,0) size 3x11
                RenderText {#text} at (0,0) size 3x11
                  text run at (0,0) width 3: " "
            RenderTableCell {TD} at (105,44) size 7x11 [bgcolor=#3D4242] [r=4 c=15 rs=1 cs=1]
              RenderInline {FONT} at (0,0) size 3x11
                RenderText {#text} at (0,0) size 3x11
                  text run at (0,0) width 3: " "
            RenderTableCell {TD} at (112,44) size 8x11 [bgcolor=#515C5B] [r=4 c=16 rs=1 cs=1]
              RenderInline {FONT} at (0,0) size 3x11
                RenderText {#text} at (0,0) size 3x11
                  text run at (0,0) width 3: " "
            RenderTableCell {TD} at (120,44) size 8x11 [bgcolor=#696A69] [r=4 c=17 rs=1 cs=1]
              RenderInline {FONT} at (0,0) size 3x11
                RenderText {#text} at (0,0) size 3x11
                  text run at (0,0) width 3: " "
            RenderTableCell {TD} at (128,44) size 8x11 [bgcolor=#526B6B] [r=4 c=18 rs=1 cs=1]
              RenderInline {FONT} at (0,0) size 3x11
                RenderText {#text} at (0,0) size 3x11
                  text run at (0,0) width 3: " "
            RenderTableCell {TD} at (136,44) size 8x11 [bgcolor=#026766] [r=4 c=19 rs=1 cs=1]
              RenderInline {FONT} at (0,0) size 3x11
                RenderText {#text} at (0,0) size 3x11
                  text run at (0,0) width 3: " "
            RenderTableCell {TD} at (144,44) size 8x11 [bgcolor=#026766] [r=4 c=20 rs=1 cs=1]
              RenderInline {FONT} at (0,0) size 3x11
                RenderText {#text} at (0,0) size 3x11
                  text run at (0,0) width 3: " "
            RenderTableCell {TD} at (152,44) size 8x11 [bgcolor=#026766] [r=4 c=21 rs=1 cs=1]
              RenderInline {FONT} at (0,0) size 3x11
                RenderText {#text} at (0,0) size 3x11
                  text run at (0,0) width 3: " "
            RenderTableCell {TD} at (160,44) size 8x11 [bgcolor=#026766] [r=4 c=22 rs=1 cs=1]
              RenderInline {FONT} at (0,0) size 3x11
                RenderText {#text} at (0,0) size 3x11
                  text run at (0,0) width 3: " "
            RenderTableCell {TD} at (168,44) size 8x11 [bgcolor=#026766] [r=4 c=23 rs=1 cs=1]
              RenderInline {FONT} at (0,0) size 3x11
                RenderText {#text} at (0,0) size 3x11
                  text run at (0,0) width 3: " "
            RenderTableCell {TD} at (176,44) size 8x11 [bgcolor=#026766] [r=4 c=24 rs=1 cs=1]
              RenderInline {FONT} at (0,0) size 3x11
                RenderText {#text} at (0,0) size 3x11
                  text run at (0,0) width 3: " "
            RenderTableCell {TD} at (184,44) size 8x11 [bgcolor=#026766] [r=4 c=25 rs=1 cs=1]
              RenderInline {FONT} at (0,0) size 3x11
                RenderText {#text} at (0,0) size 3x11
                  text run at (0,0) width 3: " "
            RenderTableCell {TD} at (192,44) size 8x11 [bgcolor=#026766] [r=4 c=26 rs=1 cs=1]
              RenderInline {FONT} at (0,0) size 3x11
                RenderText {#text} at (0,0) size 3x11
                  text run at (0,0) width 3: " "
            RenderTableCell {TD} at (200,44) size 8x11 [bgcolor=#025E5E] [r=4 c=27 rs=1 cs=1]
              RenderInline {FONT} at (0,0) size 3x11
                RenderText {#text} at (0,0) size 3x11
                  text run at (0,0) width 3: " "
            RenderTableCell {TD} at (208,44) size 8x11 [bgcolor=#025E5E] [r=4 c=28 rs=1 cs=1]
              RenderInline {FONT} at (0,0) size 3x11
                RenderText {#text} at (0,0) size 3x11
                  text run at (0,0) width 3: " "
            RenderTableCell {TD} at (216,44) size 8x11 [bgcolor=#647979] [r=4 c=29 rs=1 cs=1]
              RenderInline {FONT} at (0,0) size 3x11
                RenderText {#text} at (0,0) size 3x11
                  text run at (0,0) width 3: " "
            RenderTableCell {TD} at (224,44) size 8x11 [bgcolor=#939494] [r=4 c=30 rs=1 cs=1]
              RenderInline {FONT} at (0,0) size 3x11
                RenderText {#text} at (0,0) size 3x11
                  text run at (0,0) width 3: " "
            RenderTableCell {TD} at (232,44) size 8x11 [bgcolor=#A5A6A6] [r=4 c=31 rs=1 cs=1]
              RenderInline {FONT} at (0,0) size 3x11
                RenderText {#text} at (0,0) size 3x11
                  text run at (0,0) width 3: " "
            RenderTableCell {TD} at (240,44) size 8x11 [bgcolor=#A5A6A6] [r=4 c=32 rs=1 cs=1]
              RenderInline {FONT} at (0,0) size 3x11
                RenderText {#text} at (0,0) size 3x11
                  text run at (0,0) width 3: " "
            RenderTableCell {TD} at (248,44) size 8x11 [bgcolor=#B4B4B4] [r=4 c=33 rs=1 cs=1]
              RenderInline {FONT} at (0,0) size 3x11
                RenderText {#text} at (0,0) size 3x11
                  text run at (0,0) width 3: " "
            RenderTableCell {TD} at (256,44) size 8x11 [bgcolor=#B4B4B4] [r=4 c=34 rs=1 cs=1]
              RenderInline {FONT} at (0,0) size 3x11
                RenderText {#text} at (0,0) size 3x11
                  text run at (0,0) width 3: " "
            RenderTableCell {TD} at (264,44) size 8x11 [bgcolor=#91A3A3] [r=4 c=35 rs=1 cs=1]
              RenderInline {FONT} at (0,0) size 3x11
                RenderText {#text} at (0,0) size 3x11
                  text run at (0,0) width 3: " "
            RenderTableCell {TD} at (272,44) size 8x11 [bgcolor=#048485] [r=4 c=36 rs=1 cs=1]
              RenderInline {FONT} at (0,0) size 3x11
                RenderText {#text} at (0,0) size 3x11
                  text run at (0,0) width 3: " "
            RenderTableCell {TD} at (280,44) size 8x11 [bgcolor=#027777] [r=4 c=37 rs=1 cs=1]
              RenderInline {FONT} at (0,0) size 3x11
                RenderText {#text} at (0,0) size 3x11
                  text run at (0,0) width 3: " "
            RenderTableCell {TD} at (288,44) size 8x11 [bgcolor=#026766] [r=4 c=38 rs=1 cs=1]
              RenderInline {FONT} at (0,0) size 3x11
                RenderText {#text} at (0,0) size 3x11
                  text run at (0,0) width 3: " "
            RenderTableCell {TD} at (296,44) size 8x11 [bgcolor=#026766] [r=4 c=39 rs=1 cs=1]
              RenderInline {FONT} at (0,0) size 3x11
                RenderText {#text} at (0,0) size 3x11
                  text run at (0,0) width 3: " "
            RenderTableCell {TD} at (304,44) size 8x11 [bgcolor=#026766] [r=4 c=40 rs=1 cs=1]
              RenderInline {FONT} at (0,0) size 3x11
                RenderText {#text} at (0,0) size 3x11
                  text run at (0,0) width 3: " "
            RenderTableCell {TD} at (312,44) size 8x11 [bgcolor=#026766] [r=4 c=41 rs=1 cs=1]
              RenderInline {FONT} at (0,0) size 3x11
                RenderText {#text} at (0,0) size 3x11
                  text run at (0,0) width 3: " "
            RenderTableCell {TD} at (320,44) size 8x11 [bgcolor=#026766] [r=4 c=42 rs=1 cs=1]
              RenderInline {FONT} at (0,0) size 3x11
                RenderText {#text} at (0,0) size 3x11
                  text run at (0,0) width 3: " "
            RenderTableCell {TD} at (328,44) size 8x11 [bgcolor=#026766] [r=4 c=43 rs=1 cs=1]
              RenderInline {FONT} at (0,0) size 3x11
                RenderText {#text} at (0,0) size 3x11
                  text run at (0,0) width 3: " "
            RenderTableCell {TD} at (336,44) size 8x11 [bgcolor=#026766] [r=4 c=44 rs=1 cs=1]
              RenderInline {FONT} at (0,0) size 3x11
                RenderText {#text} at (0,0) size 3x11
                  text run at (0,0) width 3: " "
            RenderTableCell {TD} at (344,44) size 8x11 [bgcolor=#026766] [r=4 c=45 rs=1 cs=1]
              RenderInline {FONT} at (0,0) size 3x11
                RenderText {#text} at (0,0) size 3x11
                  text run at (0,0) width 3: " "
            RenderTableCell {TD} at (352,44) size 8x11 [bgcolor=#026766] [r=4 c=46 rs=1 cs=1]
              RenderInline {FONT} at (0,0) size 3x11
                RenderText {#text} at (0,0) size 3x11
                  text run at (0,0) width 3: " "
            RenderTableCell {TD} at (360,44) size 8x11 [bgcolor=#026766] [r=4 c=47 rs=1 cs=1]
              RenderInline {FONT} at (0,0) size 3x11
                RenderText {#text} at (0,0) size 3x11
                  text run at (0,0) width 3: " "
            RenderTableCell {TD} at (368,44) size 8x11 [bgcolor=#026766] [r=4 c=48 rs=1 cs=1]
              RenderInline {FONT} at (0,0) size 3x11
                RenderText {#text} at (0,0) size 3x11
                  text run at (0,0) width 3: " "
            RenderTableCell {TD} at (376,44) size 8x11 [bgcolor=#026766] [r=4 c=49 rs=1 cs=1]
              RenderInline {FONT} at (0,0) size 3x11
                RenderText {#text} at (0,0) size 3x11
                  text run at (0,0) width 3: " "
            RenderTableCell {TD} at (384,44) size 8x11 [bgcolor=#026766] [r=4 c=50 rs=1 cs=1]
              RenderInline {FONT} at (0,0) size 3x11
                RenderText {#text} at (0,0) size 3x11
                  text run at (0,0) width 3: " "
            RenderTableCell {TD} at (392,44) size 8x11 [bgcolor=#026766] [r=4 c=51 rs=1 cs=1]
              RenderInline {FONT} at (0,0) size 3x11
                RenderText {#text} at (0,0) size 3x11
                  text run at (0,0) width 3: " "
            RenderTableCell {TD} at (400,44) size 8x11 [bgcolor=#026766] [r=4 c=52 rs=1 cs=1]
              RenderInline {FONT} at (0,0) size 3x11
                RenderText {#text} at (0,0) size 3x11
                  text run at (0,0) width 3: " "
            RenderTableCell {TD} at (408,44) size 8x11 [bgcolor=#025E5E] [r=4 c=53 rs=1 cs=1]
              RenderInline {FONT} at (0,0) size 3x11
                RenderText {#text} at (0,0) size 3x11
                  text run at (0,0) width 3: " "
            RenderTableCell {TD} at (416,44) size 8x11 [bgcolor=#025E5E] [r=4 c=54 rs=1 cs=1]
              RenderInline {FONT} at (0,0) size 3x11
                RenderText {#text} at (0,0) size 3x11
                  text run at (0,0) width 3: " "
            RenderTableCell {TD} at (424,44) size 8x11 [bgcolor=#044140] [r=4 c=55 rs=1 cs=1]
              RenderInline {FONT} at (0,0) size 3x11
                RenderText {#text} at (0,0) size 3x11
                  text run at (0,0) width 3: " "
            RenderTableCell {TD} at (432,44) size 8x11 [bgcolor=#083131] [r=4 c=56 rs=1 cs=1]
              RenderInline {FONT} at (0,0) size 3x11
                RenderText {#text} at (0,0) size 3x11
                  text run at (0,0) width 3: " "
            RenderTableCell {TD} at (440,44) size 8x11 [bgcolor=#4D4F4F] [r=4 c=57 rs=1 cs=1]
              RenderInline {FONT} at (0,0) size 3x11
                RenderText {#text} at (0,0) size 3x11
                  text run at (0,0) width 3: " "
            RenderTableCell {TD} at (448,44) size 8x11 [bgcolor=#777878] [r=4 c=58 rs=1 cs=1]
              RenderInline {FONT} at (0,0) size 3x11
                RenderText {#text} at (0,0) size 3x11
                  text run at (0,0) width 3: " "
            RenderTableCell {TD} at (456,44) size 8x11 [bgcolor=#939494] [r=4 c=59 rs=1 cs=1]
              RenderInline {FONT} at (0,0) size 3x11
                RenderText {#text} at (0,0) size 3x11
                  text run at (0,0) width 3: " "
            RenderTableCell {TD} at (464,44) size 8x11 [bgcolor=#A5A6A6] [r=4 c=60 rs=1 cs=1]
              RenderInline {FONT} at (0,0) size 3x11
                RenderText {#text} at (0,0) size 3x11
                  text run at (0,0) width 3: " "
            RenderTableCell {TD} at (472,44) size 8x11 [bgcolor=#B4B4B4] [r=4 c=61 rs=1 cs=1]
              RenderInline {FONT} at (0,0) size 3x11
                RenderText {#text} at (0,0) size 3x11
                  text run at (0,0) width 3: " "
            RenderTableCell {TD} at (480,44) size 8x11 [bgcolor=#A5A6A6] [r=4 c=62 rs=1 cs=1]
              RenderInline {FONT} at (0,0) size 3x11
                RenderText {#text} at (0,0) size 3x11
                  text run at (0,0) width 3: " "
            RenderTableCell {TD} at (488,44) size 8x11 [bgcolor=#589594] [r=4 c=63 rs=1 cs=1]
              RenderInline {FONT} at (0,0) size 3x11
                RenderText {#text} at (0,0) size 3x11
                  text run at (0,0) width 3: " "
            RenderTableCell {TD} at (496,44) size 8x11 [bgcolor=#048485] [r=4 c=64 rs=1 cs=1]
              RenderInline {FONT} at (0,0) size 3x11
                RenderText {#text} at (0,0) size 3x11
                  text run at (0,0) width 3: " "
            RenderTableCell {TD} at (504,44) size 8x11 [bgcolor=#048485] [r=4 c=65 rs=1 cs=1]
              RenderInline {FONT} at (0,0) size 3x11
                RenderText {#text} at (0,0) size 3x11
                  text run at (0,0) width 3: " "
            RenderTableCell {TD} at (512,44) size 8x11 [bgcolor=#027777] [r=4 c=66 rs=1 cs=1]
              RenderInline {FONT} at (0,0) size 3x11
                RenderText {#text} at (0,0) size 3x11
                  text run at (0,0) width 3: " "
            RenderTableCell {TD} at (520,44) size 8x11 [bgcolor=#027777] [r=4 c=67 rs=1 cs=1]
              RenderInline {FONT} at (0,0) size 3x11
                RenderText {#text} at (0,0) size 3x11
                  text run at (0,0) width 3: " "
            RenderTableCell {TD} at (528,44) size 8x11 [bgcolor=#026766] [r=4 c=68 rs=1 cs=1]
              RenderInline {FONT} at (0,0) size 3x11
                RenderText {#text} at (0,0) size 3x11
                  text run at (0,0) width 3: " "
            RenderTableCell {TD} at (536,44) size 8x11 [bgcolor=#026766] [r=4 c=69 rs=1 cs=1]
              RenderInline {FONT} at (0,0) size 3x11
                RenderText {#text} at (0,0) size 3x11
                  text run at (0,0) width 3: " "
            RenderTableCell {TD} at (544,44) size 8x11 [bgcolor=#026766] [r=4 c=70 rs=1 cs=1]
              RenderInline {FONT} at (0,0) size 3x11
                RenderText {#text} at (0,0) size 3x11
                  text run at (0,0) width 3: " "
            RenderTableCell {TD} at (552,44) size 8x11 [bgcolor=#026766] [r=4 c=71 rs=1 cs=1]
              RenderInline {FONT} at (0,0) size 3x11
                RenderText {#text} at (0,0) size 3x11
                  text run at (0,0) width 3: " "
            RenderTableCell {TD} at (560,44) size 8x11 [bgcolor=#025E5E] [r=4 c=72 rs=1 cs=1]
              RenderInline {FONT} at (0,0) size 3x11
                RenderText {#text} at (0,0) size 3x11
                  text run at (0,0) width 3: " "
            RenderTableCell {TD} at (568,44) size 8x11 [bgcolor=#025E5E] [r=4 c=73 rs=1 cs=1]
              RenderInline {FONT} at (0,0) size 3x11
                RenderText {#text} at (0,0) size 3x11
                  text run at (0,0) width 3: " "
            RenderTableCell {TD} at (576,44) size 8x11 [bgcolor=#044F4F] [r=4 c=74 rs=1 cs=1]
              RenderInline {FONT} at (0,0) size 3x11
                RenderText {#text} at (0,0) size 3x11
                  text run at (0,0) width 3: " "
            RenderTableCell {TD} at (584,44) size 8x11 [bgcolor=#044140] [r=4 c=75 rs=1 cs=1]
              RenderInline {FONT} at (0,0) size 3x11
                RenderText {#text} at (0,0) size 3x11
                  text run at (0,0) width 3: " "
            RenderTableCell {TD} at (592,44) size 8x11 [bgcolor=#044F4F] [r=4 c=76 rs=1 cs=1]
              RenderInline {FONT} at (0,0) size 3x11
                RenderText {#text} at (0,0) size 3x11
                  text run at (0,0) width 3: " "
            RenderTableCell {TD} at (600,44) size 8x11 [bgcolor=#044F4F] [r=4 c=77 rs=1 cs=1]
              RenderInline {FONT} at (0,0) size 3x11
                RenderText {#text} at (0,0) size 3x11
                  text run at (0,0) width 3: " "
            RenderTableCell {TD} at (608,44) size 8x11 [bgcolor=#025E5E] [r=4 c=78 rs=1 cs=1]
              RenderInline {FONT} at (0,0) size 3x11
                RenderText {#text} at (0,0) size 3x11
                  text run at (0,0) width 3: " "
            RenderTableCell {TD} at (616,44) size 8x11 [bgcolor=#026766] [r=4 c=79 rs=1 cs=1]
              RenderInline {FONT} at (0,0) size 3x11
                RenderText {#text} at (0,0) size 3x11
                  text run at (0,0) width 3: " "
            RenderTableCell {TD} at (624,44) size 8x11 [bgcolor=#026766] [r=4 c=80 rs=1 cs=1]
              RenderInline {FONT} at (0,0) size 3x11
                RenderText {#text} at (0,0) size 3x11
                  text run at (0,0) width 3: " "
            RenderTableCell {TD} at (632,44) size 8x11 [bgcolor=#026766] [r=4 c=81 rs=1 cs=1]
              RenderInline {FONT} at (0,0) size 3x11
                RenderText {#text} at (0,0) size 3x11
                  text run at (0,0) width 3: " "
            RenderTableCell {TD} at (640,44) size 8x11 [bgcolor=#026766] [r=4 c=82 rs=1 cs=1]
              RenderInline {FONT} at (0,0) size 3x11
                RenderText {#text} at (0,0) size 3x11
                  text run at (0,0) width 3: " "
            RenderTableCell {TD} at (648,44) size 8x11 [bgcolor=#026766] [r=4 c=83 rs=1 cs=1]
              RenderInline {FONT} at (0,0) size 3x11
                RenderText {#text} at (0,0) size 3x11
                  text run at (0,0) width 3: " "
            RenderTableCell {TD} at (656,44) size 8x11 [bgcolor=#026766] [r=4 c=84 rs=1 cs=1]
              RenderInline {FONT} at (0,0) size 3x11
                RenderText {#text} at (0,0) size 3x11
                  text run at (0,0) width 3: " "
            RenderTableCell {TD} at (664,44) size 8x11 [bgcolor=#026766] [r=4 c=85 rs=1 cs=1]
              RenderInline {FONT} at (0,0) size 3x11
                RenderText {#text} at (0,0) size 3x11
                  text run at (0,0) width 3: " "
            RenderTableCell {TD} at (672,44) size 8x11 [bgcolor=#026766] [r=4 c=86 rs=1 cs=1]
              RenderInline {FONT} at (0,0) size 3x11
                RenderText {#text} at (0,0) size 3x11
                  text run at (0,0) width 3: " "
            RenderTableCell {TD} at (680,44) size 8x11 [bgcolor=#026766] [r=4 c=87 rs=1 cs=1]
              RenderInline {FONT} at (0,0) size 3x11
                RenderText {#text} at (0,0) size 3x11
                  text run at (0,0) width 3: " "
            RenderTableCell {TD} at (688,44) size 8x11 [bgcolor=#026766] [r=4 c=88 rs=1 cs=1]
              RenderInline {FONT} at (0,0) size 3x11
                RenderText {#text} at (0,0) size 3x11
                  text run at (0,0) width 3: " "
            RenderTableCell {TD} at (696,44) size 8x11 [bgcolor=#026766] [r=4 c=89 rs=1 cs=1]
              RenderInline {FONT} at (0,0) size 3x11
                RenderText {#text} at (0,0) size 3x11
                  text run at (0,0) width 3: " "
            RenderTableCell {TD} at (704,44) size 8x11 [bgcolor=#026766] [r=4 c=90 rs=1 cs=1]
              RenderInline {FONT} at (0,0) size 3x11
                RenderText {#text} at (0,0) size 3x11
                  text run at (0,0) width 3: " "
            RenderTableCell {TD} at (712,44) size 8x11 [bgcolor=#025E5E] [r=4 c=91 rs=1 cs=1]
              RenderInline {FONT} at (0,0) size 3x11
                RenderText {#text} at (0,0) size 3x11
                  text run at (0,0) width 3: " "
            RenderTableCell {TD} at (720,44) size 8x11 [bgcolor=#044F4F] [r=4 c=92 rs=1 cs=1]
              RenderInline {FONT} at (0,0) size 3x11
                RenderText {#text} at (0,0) size 3x11
                  text run at (0,0) width 3: " "
            RenderTableCell {TD} at (728,44) size 8x11 [bgcolor=#044140] [r=4 c=93 rs=1 cs=1]
              RenderInline {FONT} at (0,0) size 3x11
                RenderText {#text} at (0,0) size 3x11
                  text run at (0,0) width 3: " "
            RenderTableCell {TD} at (736,44) size 8x11 [bgcolor=#3D4242] [r=4 c=94 rs=1 cs=1]
              RenderInline {FONT} at (0,0) size 3x11
                RenderText {#text} at (0,0) size 3x11
                  text run at (0,0) width 3: " "
            RenderTableCell {TD} at (744,44) size 8x11 [bgcolor=#696A69] [r=4 c=95 rs=1 cs=1]
              RenderInline {FONT} at (0,0) size 3x11
                RenderText {#text} at (0,0) size 3x11
                  text run at (0,0) width 3: " "
            RenderTableCell {TD} at (752,44) size 8x11 [bgcolor=#939494] [r=4 c=96 rs=1 cs=1]
              RenderInline {FONT} at (0,0) size 3x11
                RenderText {#text} at (0,0) size 3x11
                  text run at (0,0) width 3: " "
            RenderTableCell {TD} at (760,44) size 8x11 [bgcolor=#A5A6A6] [r=4 c=97 rs=1 cs=1]
              RenderInline {FONT} at (0,0) size 3x11
                RenderText {#text} at (0,0) size 3x11
                  text run at (0,0) width 3: " "
            RenderTableCell {TD} at (768,44) size 8x11 [bgcolor=#939494] [r=4 c=98 rs=1 cs=1]
              RenderInline {FONT} at (0,0) size 3x11
                RenderText {#text} at (0,0) size 3x11
                  text run at (0,0) width 3: " "
            RenderTableCell {TD} at (776,44) size 8x11 [bgcolor=#696A69] [r=4 c=99 rs=1 cs=1]
              RenderInline {FONT} at (0,0) size 3x11
                RenderText {#text} at (0,0) size 3x11
                  text run at (0,0) width 3: " "
          RenderTableRow {TR} at (0,55) size 784x11
            RenderTableCell {TD} at (0,55) size 7x11 [bgcolor=#FDFDFB] [r=5 c=0 rs=1 cs=1]
              RenderInline {FONT} at (0,0) size 3x11
                RenderText {#text} at (0,0) size 3x11
                  text run at (0,0) width 3: " "
            RenderTableCell {TD} at (7,55) size 7x11 [bgcolor=#FDFDFB] [r=5 c=1 rs=1 cs=1]
              RenderInline {FONT} at (0,0) size 3x11
                RenderText {#text} at (0,0) size 3x11
                  text run at (0,0) width 3: " "
            RenderTableCell {TD} at (14,55) size 7x11 [bgcolor=#FDFDFB] [r=5 c=2 rs=1 cs=1]
              RenderInline {FONT} at (0,0) size 3x11
                RenderText {#text} at (0,0) size 3x11
                  text run at (0,0) width 3: " "
            RenderTableCell {TD} at (21,55) size 7x11 [bgcolor=#7DBAB9] [r=5 c=3 rs=1 cs=1]
              RenderInline {FONT} at (0,0) size 3x11
                RenderText {#text} at (0,0) size 3x11
                  text run at (0,0) width 3: " "
            RenderTableCell {TD} at (28,55) size 7x11 [bgcolor=#048485] [r=5 c=4 rs=1 cs=1]
              RenderInline {FONT} at (0,0) size 3x11
                RenderText {#text} at (0,0) size 3x11
                  text run at (0,0) width 3: " "
            RenderTableCell {TD} at (35,55) size 7x11 [bgcolor=#048485] [r=5 c=5 rs=1 cs=1]
              RenderInline {FONT} at (0,0) size 3x11
                RenderText {#text} at (0,0) size 3x11
                  text run at (0,0) width 3: " "
            RenderTableCell {TD} at (42,55) size 7x11 [bgcolor=#027777] [r=5 c=6 rs=1 cs=1]
              RenderInline {FONT} at (0,0) size 3x11
                RenderText {#text} at (0,0) size 3x11
                  text run at (0,0) width 3: " "
            RenderTableCell {TD} at (49,55) size 7x11 [bgcolor=#026766] [r=5 c=7 rs=1 cs=1]
              RenderInline {FONT} at (0,0) size 3x11
                RenderText {#text} at (0,0) size 3x11
                  text run at (0,0) width 3: " "
            RenderTableCell {TD} at (56,55) size 7x11 [bgcolor=#026766] [r=5 c=8 rs=1 cs=1]
              RenderInline {FONT} at (0,0) size 3x11
                RenderText {#text} at (0,0) size 3x11
                  text run at (0,0) width 3: " "
            RenderTableCell {TD} at (63,55) size 7x11 [bgcolor=#026766] [r=5 c=9 rs=1 cs=1]
              RenderInline {FONT} at (0,0) size 3x11
                RenderText {#text} at (0,0) size 3x11
                  text run at (0,0) width 3: " "
            RenderTableCell {TD} at (70,55) size 7x11 [bgcolor=#026766] [r=5 c=10 rs=1 cs=1]
              RenderInline {FONT} at (0,0) size 3x11
                RenderText {#text} at (0,0) size 3x11
                  text run at (0,0) width 3: " "
            RenderTableCell {TD} at (77,55) size 7x11 [bgcolor=#025E5E] [r=5 c=11 rs=1 cs=1]
              RenderInline {FONT} at (0,0) size 3x11
                RenderText {#text} at (0,0) size 3x11
                  text run at (0,0) width 3: " "
            RenderTableCell {TD} at (84,55) size 7x11 [bgcolor=#025E5E] [r=5 c=12 rs=1 cs=1]
              RenderInline {FONT} at (0,0) size 3x11
                RenderText {#text} at (0,0) size 3x11
                  text run at (0,0) width 3: " "
            RenderTableCell {TD} at (91,55) size 7x11 [bgcolor=#044140] [r=5 c=13 rs=1 cs=1]
              RenderInline {FONT} at (0,0) size 3x11
                RenderText {#text} at (0,0) size 3x11
                  text run at (0,0) width 3: " "
            RenderTableCell {TD} at (98,55) size 7x11 [bgcolor=#223C3D] [r=5 c=14 rs=1 cs=1]
              RenderInline {FONT} at (0,0) size 3x11
                RenderText {#text} at (0,0) size 3x11
                  text run at (0,0) width 3: " "
            RenderTableCell {TD} at (105,55) size 7x11 [bgcolor=#4D4F4F] [r=5 c=15 rs=1 cs=1]
              RenderInline {FONT} at (0,0) size 3x11
                RenderText {#text} at (0,0) size 3x11
                  text run at (0,0) width 3: " "
            RenderTableCell {TD} at (112,55) size 8x11 [bgcolor=#696A69] [r=5 c=16 rs=1 cs=1]
              RenderInline {FONT} at (0,0) size 3x11
                RenderText {#text} at (0,0) size 3x11
                  text run at (0,0) width 3: " "
            RenderTableCell {TD} at (120,55) size 8x11 [bgcolor=#777878] [r=5 c=17 rs=1 cs=1]
              RenderInline {FONT} at (0,0) size 3x11
                RenderText {#text} at (0,0) size 3x11
                  text run at (0,0) width 3: " "
            RenderTableCell {TD} at (128,55) size 8x11 [bgcolor=#777878] [r=5 c=18 rs=1 cs=1]
              RenderInline {FONT} at (0,0) size 3x11
                RenderText {#text} at (0,0) size 3x11
                  text run at (0,0) width 3: " "
            RenderTableCell {TD} at (136,55) size 8x11 [bgcolor=#1E7A79] [r=5 c=19 rs=1 cs=1]
              RenderInline {FONT} at (0,0) size 3x11
                RenderText {#text} at (0,0) size 3x11
                  text run at (0,0) width 3: " "
            RenderTableCell {TD} at (144,55) size 8x11 [bgcolor=#027777] [r=5 c=20 rs=1 cs=1]
              RenderInline {FONT} at (0,0) size 3x11
                RenderText {#text} at (0,0) size 3x11
                  text run at (0,0) width 3: " "
            RenderTableCell {TD} at (152,55) size 8x11 [bgcolor=#026766] [r=5 c=21 rs=1 cs=1]
              RenderInline {FONT} at (0,0) size 3x11
                RenderText {#text} at (0,0) size 3x11
                  text run at (0,0) width 3: " "
            RenderTableCell {TD} at (160,55) size 8x11 [bgcolor=#026766] [r=5 c=22 rs=1 cs=1]
              RenderInline {FONT} at (0,0) size 3x11
                RenderText {#text} at (0,0) size 3x11
                  text run at (0,0) width 3: " "
            RenderTableCell {TD} at (168,55) size 8x11 [bgcolor=#026766] [r=5 c=23 rs=1 cs=1]
              RenderInline {FONT} at (0,0) size 3x11
                RenderText {#text} at (0,0) size 3x11
                  text run at (0,0) width 3: " "
            RenderTableCell {TD} at (176,55) size 8x11 [bgcolor=#026766] [r=5 c=24 rs=1 cs=1]
              RenderInline {FONT} at (0,0) size 3x11
                RenderText {#text} at (0,0) size 3x11
                  text run at (0,0) width 3: " "
            RenderTableCell {TD} at (184,55) size 8x11 [bgcolor=#026766] [r=5 c=25 rs=1 cs=1]
              RenderInline {FONT} at (0,0) size 3x11
                RenderText {#text} at (0,0) size 3x11
                  text run at (0,0) width 3: " "
            RenderTableCell {TD} at (192,55) size 8x11 [bgcolor=#026766] [r=5 c=26 rs=1 cs=1]
              RenderInline {FONT} at (0,0) size 3x11
                RenderText {#text} at (0,0) size 3x11
                  text run at (0,0) width 3: " "
            RenderTableCell {TD} at (200,55) size 8x11 [bgcolor=#025E5E] [r=5 c=27 rs=1 cs=1]
              RenderInline {FONT} at (0,0) size 3x11
                RenderText {#text} at (0,0) size 3x11
                  text run at (0,0) width 3: " "
            RenderTableCell {TD} at (208,55) size 8x11 [bgcolor=#025E5E] [r=5 c=28 rs=1 cs=1]
              RenderInline {FONT} at (0,0) size 3x11
                RenderText {#text} at (0,0) size 3x11
                  text run at (0,0) width 3: " "
            RenderTableCell {TD} at (216,55) size 8x11 [bgcolor=#025E5E] [r=5 c=29 rs=1 cs=1]
              RenderInline {FONT} at (0,0) size 3x11
                RenderText {#text} at (0,0) size 3x11
                  text run at (0,0) width 3: " "
            RenderTableCell {TD} at (224,55) size 8x11 [bgcolor=#526B6B] [r=5 c=30 rs=1 cs=1]
              RenderInline {FONT} at (0,0) size 3x11
                RenderText {#text} at (0,0) size 3x11
                  text run at (0,0) width 3: " "
            RenderTableCell {TD} at (232,55) size 8x11 [bgcolor=#848788] [r=5 c=31 rs=1 cs=1]
              RenderInline {FONT} at (0,0) size 3x11
                RenderText {#text} at (0,0) size 3x11
                  text run at (0,0) width 3: " "
            RenderTableCell {TD} at (240,55) size 8x11 [bgcolor=#939494] [r=5 c=32 rs=1 cs=1]
              RenderInline {FONT} at (0,0) size 3x11
                RenderText {#text} at (0,0) size 3x11
                  text run at (0,0) width 3: " "
            RenderTableCell {TD} at (248,55) size 8x11 [bgcolor=#939494] [r=5 c=33 rs=1 cs=1]
              RenderInline {FONT} at (0,0) size 3x11
                RenderText {#text} at (0,0) size 3x11
                  text run at (0,0) width 3: " "
            RenderTableCell {TD} at (256,55) size 8x11 [bgcolor=#91A3A3] [r=5 c=34 rs=1 cs=1]
              RenderInline {FONT} at (0,0) size 3x11
                RenderText {#text} at (0,0) size 3x11
                  text run at (0,0) width 3: " "
            RenderTableCell {TD} at (264,55) size 8x11 [bgcolor=#939494] [r=5 c=35 rs=1 cs=1]
              RenderInline {FONT} at (0,0) size 3x11
                RenderText {#text} at (0,0) size 3x11
                  text run at (0,0) width 3: " "
            RenderTableCell {TD} at (272,55) size 8x11 [bgcolor=#027777] [r=5 c=36 rs=1 cs=1]
              RenderInline {FONT} at (0,0) size 3x11
                RenderText {#text} at (0,0) size 3x11
                  text run at (0,0) width 3: " "
            RenderTableCell {TD} at (280,55) size 8x11 [bgcolor=#027777] [r=5 c=37 rs=1 cs=1]
              RenderInline {FONT} at (0,0) size 3x11
                RenderText {#text} at (0,0) size 3x11
                  text run at (0,0) width 3: " "
            RenderTableCell {TD} at (288,55) size 8x11 [bgcolor=#026766] [r=5 c=38 rs=1 cs=1]
              RenderInline {FONT} at (0,0) size 3x11
                RenderText {#text} at (0,0) size 3x11
                  text run at (0,0) width 3: " "
            RenderTableCell {TD} at (296,55) size 8x11 [bgcolor=#026766] [r=5 c=39 rs=1 cs=1]
              RenderInline {FONT} at (0,0) size 3x11
                RenderText {#text} at (0,0) size 3x11
                  text run at (0,0) width 3: " "
            RenderTableCell {TD} at (304,55) size 8x11 [bgcolor=#026766] [r=5 c=40 rs=1 cs=1]
              RenderInline {FONT} at (0,0) size 3x11
                RenderText {#text} at (0,0) size 3x11
                  text run at (0,0) width 3: " "
            RenderTableCell {TD} at (312,55) size 8x11 [bgcolor=#026766] [r=5 c=41 rs=1 cs=1]
              RenderInline {FONT} at (0,0) size 3x11
                RenderText {#text} at (0,0) size 3x11
                  text run at (0,0) width 3: " "
            RenderTableCell {TD} at (320,55) size 8x11 [bgcolor=#026766] [r=5 c=42 rs=1 cs=1]
              RenderInline {FONT} at (0,0) size 3x11
                RenderText {#text} at (0,0) size 3x11
                  text run at (0,0) width 3: " "
            RenderTableCell {TD} at (328,55) size 8x11 [bgcolor=#026766] [r=5 c=43 rs=1 cs=1]
              RenderInline {FONT} at (0,0) size 3x11
                RenderText {#text} at (0,0) size 3x11
                  text run at (0,0) width 3: " "
            RenderTableCell {TD} at (336,55) size 8x11 [bgcolor=#026766] [r=5 c=44 rs=1 cs=1]
              RenderInline {FONT} at (0,0) size 3x11
                RenderText {#text} at (0,0) size 3x11
                  text run at (0,0) width 3: " "
            RenderTableCell {TD} at (344,55) size 8x11 [bgcolor=#026766] [r=5 c=45 rs=1 cs=1]
              RenderInline {FONT} at (0,0) size 3x11
                RenderText {#text} at (0,0) size 3x11
                  text run at (0,0) width 3: " "
            RenderTableCell {TD} at (352,55) size 8x11 [bgcolor=#026766] [r=5 c=46 rs=1 cs=1]
              RenderInline {FONT} at (0,0) size 3x11
                RenderText {#text} at (0,0) size 3x11
                  text run at (0,0) width 3: " "
            RenderTableCell {TD} at (360,55) size 8x11 [bgcolor=#026766] [r=5 c=47 rs=1 cs=1]
              RenderInline {FONT} at (0,0) size 3x11
                RenderText {#text} at (0,0) size 3x11
                  text run at (0,0) width 3: " "
            RenderTableCell {TD} at (368,55) size 8x11 [bgcolor=#026766] [r=5 c=48 rs=1 cs=1]
              RenderInline {FONT} at (0,0) size 3x11
                RenderText {#text} at (0,0) size 3x11
                  text run at (0,0) width 3: " "
            RenderTableCell {TD} at (376,55) size 8x11 [bgcolor=#026766] [r=5 c=49 rs=1 cs=1]
              RenderInline {FONT} at (0,0) size 3x11
                RenderText {#text} at (0,0) size 3x11
                  text run at (0,0) width 3: " "
            RenderTableCell {TD} at (384,55) size 8x11 [bgcolor=#026766] [r=5 c=50 rs=1 cs=1]
              RenderInline {FONT} at (0,0) size 3x11
                RenderText {#text} at (0,0) size 3x11
                  text run at (0,0) width 3: " "
            RenderTableCell {TD} at (392,55) size 8x11 [bgcolor=#025E5E] [r=5 c=51 rs=1 cs=1]
              RenderInline {FONT} at (0,0) size 3x11
                RenderText {#text} at (0,0) size 3x11
                  text run at (0,0) width 3: " "
            RenderTableCell {TD} at (400,55) size 8x11 [bgcolor=#025E5E] [r=5 c=52 rs=1 cs=1]
              RenderInline {FONT} at (0,0) size 3x11
                RenderText {#text} at (0,0) size 3x11
                  text run at (0,0) width 3: " "
            RenderTableCell {TD} at (408,55) size 8x11 [bgcolor=#044F4F] [r=5 c=53 rs=1 cs=1]
              RenderInline {FONT} at (0,0) size 3x11
                RenderText {#text} at (0,0) size 3x11
                  text run at (0,0) width 3: " "
            RenderTableCell {TD} at (416,55) size 8x11 [bgcolor=#044140] [r=5 c=54 rs=1 cs=1]
              RenderInline {FONT} at (0,0) size 3x11
                RenderText {#text} at (0,0) size 3x11
                  text run at (0,0) width 3: " "
            RenderTableCell {TD} at (424,55) size 8x11 [bgcolor=#083131] [r=5 c=55 rs=1 cs=1]
              RenderInline {FONT} at (0,0) size 3x11
                RenderText {#text} at (0,0) size 3x11
                  text run at (0,0) width 3: " "
            RenderTableCell {TD} at (432,55) size 8x11 [bgcolor=#083131] [r=5 c=56 rs=1 cs=1]
              RenderInline {FONT} at (0,0) size 3x11
                RenderText {#text} at (0,0) size 3x11
                  text run at (0,0) width 3: " "
            RenderTableCell {TD} at (440,55) size 8x11 [bgcolor=#4D4F4F] [r=5 c=57 rs=1 cs=1]
              RenderInline {FONT} at (0,0) size 3x11
                RenderText {#text} at (0,0) size 3x11
                  text run at (0,0) width 3: " "
            RenderTableCell {TD} at (448,55) size 8x11 [bgcolor=#696A69] [r=5 c=58 rs=1 cs=1]
              RenderInline {FONT} at (0,0) size 3x11
                RenderText {#text} at (0,0) size 3x11
                  text run at (0,0) width 3: " "
            RenderTableCell {TD} at (456,55) size 8x11 [bgcolor=#939494] [r=5 c=59 rs=1 cs=1]
              RenderInline {FONT} at (0,0) size 3x11
                RenderText {#text} at (0,0) size 3x11
                  text run at (0,0) width 3: " "
            RenderTableCell {TD} at (464,55) size 8x11 [bgcolor=#939494] [r=5 c=60 rs=1 cs=1]
              RenderInline {FONT} at (0,0) size 3x11
                RenderText {#text} at (0,0) size 3x11
                  text run at (0,0) width 3: " "
            RenderTableCell {TD} at (472,55) size 8x11 [bgcolor=#939494] [r=5 c=61 rs=1 cs=1]
              RenderInline {FONT} at (0,0) size 3x11
                RenderText {#text} at (0,0) size 3x11
                  text run at (0,0) width 3: " "
            RenderTableCell {TD} at (480,55) size 8x11 [bgcolor=#469191] [r=5 c=62 rs=1 cs=1]
              RenderInline {FONT} at (0,0) size 3x11
                RenderText {#text} at (0,0) size 3x11
                  text run at (0,0) width 3: " "
            RenderTableCell {TD} at (488,55) size 8x11 [bgcolor=#048485] [r=5 c=63 rs=1 cs=1]
              RenderInline {FONT} at (0,0) size 3x11
                RenderText {#text} at (0,0) size 3x11
                  text run at (0,0) width 3: " "
            RenderTableCell {TD} at (496,55) size 8x11 [bgcolor=#048485] [r=5 c=64 rs=1 cs=1]
              RenderInline {FONT} at (0,0) size 3x11
                RenderText {#text} at (0,0) size 3x11
                  text run at (0,0) width 3: " "
            RenderTableCell {TD} at (504,55) size 8x11 [bgcolor=#027777] [r=5 c=65 rs=1 cs=1]
              RenderInline {FONT} at (0,0) size 3x11
                RenderText {#text} at (0,0) size 3x11
                  text run at (0,0) width 3: " "
            RenderTableCell {TD} at (512,55) size 8x11 [bgcolor=#026766] [r=5 c=66 rs=1 cs=1]
              RenderInline {FONT} at (0,0) size 3x11
                RenderText {#text} at (0,0) size 3x11
                  text run at (0,0) width 3: " "
            RenderTableCell {TD} at (520,55) size 8x11 [bgcolor=#026766] [r=5 c=67 rs=1 cs=1]
              RenderInline {FONT} at (0,0) size 3x11
                RenderText {#text} at (0,0) size 3x11
                  text run at (0,0) width 3: " "
            RenderTableCell {TD} at (528,55) size 8x11 [bgcolor=#026766] [r=5 c=68 rs=1 cs=1]
              RenderInline {FONT} at (0,0) size 3x11
                RenderText {#text} at (0,0) size 3x11
                  text run at (0,0) width 3: " "
            RenderTableCell {TD} at (536,55) size 8x11 [bgcolor=#026766] [r=5 c=69 rs=1 cs=1]
              RenderInline {FONT} at (0,0) size 3x11
                RenderText {#text} at (0,0) size 3x11
                  text run at (0,0) width 3: " "
            RenderTableCell {TD} at (544,55) size 8x11 [bgcolor=#026766] [r=5 c=70 rs=1 cs=1]
              RenderInline {FONT} at (0,0) size 3x11
                RenderText {#text} at (0,0) size 3x11
                  text run at (0,0) width 3: " "
            RenderTableCell {TD} at (552,55) size 8x11 [bgcolor=#025E5E] [r=5 c=71 rs=1 cs=1]
              RenderInline {FONT} at (0,0) size 3x11
                RenderText {#text} at (0,0) size 3x11
                  text run at (0,0) width 3: " "
            RenderTableCell {TD} at (560,55) size 8x11 [bgcolor=#044F4F] [r=5 c=72 rs=1 cs=1]
              RenderInline {FONT} at (0,0) size 3x11
                RenderText {#text} at (0,0) size 3x11
                  text run at (0,0) width 3: " "
            RenderTableCell {TD} at (568,55) size 8x11 [bgcolor=#044140] [r=5 c=73 rs=1 cs=1]
              RenderInline {FONT} at (0,0) size 3x11
                RenderText {#text} at (0,0) size 3x11
                  text run at (0,0) width 3: " "
            RenderTableCell {TD} at (576,55) size 8x11 [bgcolor=#083131] [r=5 c=74 rs=1 cs=1]
              RenderInline {FONT} at (0,0) size 3x11
                RenderText {#text} at (0,0) size 3x11
                  text run at (0,0) width 3: " "
            RenderTableCell {TD} at (584,55) size 8x11 [bgcolor=#083131] [r=5 c=75 rs=1 cs=1]
              RenderInline {FONT} at (0,0) size 3x11
                RenderText {#text} at (0,0) size 3x11
                  text run at (0,0) width 3: " "
            RenderTableCell {TD} at (592,55) size 8x11 [bgcolor=#223C3D] [r=5 c=76 rs=1 cs=1]
              RenderInline {FONT} at (0,0) size 3x11
                RenderText {#text} at (0,0) size 3x11
                  text run at (0,0) width 3: " "
            RenderTableCell {TD} at (600,55) size 8x11 [bgcolor=#274C4D] [r=5 c=77 rs=1 cs=1]
              RenderInline {FONT} at (0,0) size 3x11
                RenderText {#text} at (0,0) size 3x11
                  text run at (0,0) width 3: " "
            RenderTableCell {TD} at (608,55) size 8x11 [bgcolor=#025E5E] [r=5 c=78 rs=1 cs=1]
              RenderInline {FONT} at (0,0) size 3x11
                RenderText {#text} at (0,0) size 3x11
                  text run at (0,0) width 3: " "
            RenderTableCell {TD} at (616,55) size 8x11 [bgcolor=#026766] [r=5 c=79 rs=1 cs=1]
              RenderInline {FONT} at (0,0) size 3x11
                RenderText {#text} at (0,0) size 3x11
                  text run at (0,0) width 3: " "
            RenderTableCell {TD} at (624,55) size 8x11 [bgcolor=#026766] [r=5 c=80 rs=1 cs=1]
              RenderInline {FONT} at (0,0) size 3x11
                RenderText {#text} at (0,0) size 3x11
                  text run at (0,0) width 3: " "
            RenderTableCell {TD} at (632,55) size 8x11 [bgcolor=#026766] [r=5 c=81 rs=1 cs=1]
              RenderInline {FONT} at (0,0) size 3x11
                RenderText {#text} at (0,0) size 3x11
                  text run at (0,0) width 3: " "
            RenderTableCell {TD} at (640,55) size 8x11 [bgcolor=#026766] [r=5 c=82 rs=1 cs=1]
              RenderInline {FONT} at (0,0) size 3x11
                RenderText {#text} at (0,0) size 3x11
                  text run at (0,0) width 3: " "
            RenderTableCell {TD} at (648,55) size 8x11 [bgcolor=#026766] [r=5 c=83 rs=1 cs=1]
              RenderInline {FONT} at (0,0) size 3x11
                RenderText {#text} at (0,0) size 3x11
                  text run at (0,0) width 3: " "
            RenderTableCell {TD} at (656,55) size 8x11 [bgcolor=#026766] [r=5 c=84 rs=1 cs=1]
              RenderInline {FONT} at (0,0) size 3x11
                RenderText {#text} at (0,0) size 3x11
                  text run at (0,0) width 3: " "
            RenderTableCell {TD} at (664,55) size 8x11 [bgcolor=#026766] [r=5 c=85 rs=1 cs=1]
              RenderInline {FONT} at (0,0) size 3x11
                RenderText {#text} at (0,0) size 3x11
                  text run at (0,0) width 3: " "
            RenderTableCell {TD} at (672,55) size 8x11 [bgcolor=#026766] [r=5 c=86 rs=1 cs=1]
              RenderInline {FONT} at (0,0) size 3x11
                RenderText {#text} at (0,0) size 3x11
                  text run at (0,0) width 3: " "
            RenderTableCell {TD} at (680,55) size 8x11 [bgcolor=#026766] [r=5 c=87 rs=1 cs=1]
              RenderInline {FONT} at (0,0) size 3x11
                RenderText {#text} at (0,0) size 3x11
                  text run at (0,0) width 3: " "
            RenderTableCell {TD} at (688,55) size 8x11 [bgcolor=#026766] [r=5 c=88 rs=1 cs=1]
              RenderInline {FONT} at (0,0) size 3x11
                RenderText {#text} at (0,0) size 3x11
                  text run at (0,0) width 3: " "
            RenderTableCell {TD} at (696,55) size 8x11 [bgcolor=#026766] [r=5 c=89 rs=1 cs=1]
              RenderInline {FONT} at (0,0) size 3x11
                RenderText {#text} at (0,0) size 3x11
                  text run at (0,0) width 3: " "
            RenderTableCell {TD} at (704,55) size 8x11 [bgcolor=#026766] [r=5 c=90 rs=1 cs=1]
              RenderInline {FONT} at (0,0) size 3x11
                RenderText {#text} at (0,0) size 3x11
                  text run at (0,0) width 3: " "
            RenderTableCell {TD} at (712,55) size 8x11 [bgcolor=#025E5E] [r=5 c=91 rs=1 cs=1]
              RenderInline {FONT} at (0,0) size 3x11
                RenderText {#text} at (0,0) size 3x11
                  text run at (0,0) width 3: " "
            RenderTableCell {TD} at (720,55) size 8x11 [bgcolor=#044F4F] [r=5 c=92 rs=1 cs=1]
              RenderInline {FONT} at (0,0) size 3x11
                RenderText {#text} at (0,0) size 3x11
                  text run at (0,0) width 3: " "
            RenderTableCell {TD} at (728,55) size 8x11 [bgcolor=#044140] [r=5 c=93 rs=1 cs=1]
              RenderInline {FONT} at (0,0) size 3x11
                RenderText {#text} at (0,0) size 3x11
                  text run at (0,0) width 3: " "
            RenderTableCell {TD} at (736,55) size 8x11 [bgcolor=#223C3D] [r=5 c=94 rs=1 cs=1]
              RenderInline {FONT} at (0,0) size 3x11
                RenderText {#text} at (0,0) size 3x11
                  text run at (0,0) width 3: " "
            RenderTableCell {TD} at (744,55) size 8x11 [bgcolor=#696A69] [r=5 c=95 rs=1 cs=1]
              RenderInline {FONT} at (0,0) size 3x11
                RenderText {#text} at (0,0) size 3x11
                  text run at (0,0) width 3: " "
            RenderTableCell {TD} at (752,55) size 8x11 [bgcolor=#848788] [r=5 c=96 rs=1 cs=1]
              RenderInline {FONT} at (0,0) size 3x11
                RenderText {#text} at (0,0) size 3x11
                  text run at (0,0) width 3: " "
            RenderTableCell {TD} at (760,55) size 8x11 [bgcolor=#939494] [r=5 c=97 rs=1 cs=1]
              RenderInline {FONT} at (0,0) size 3x11
                RenderText {#text} at (0,0) size 3x11
                  text run at (0,0) width 3: " "
            RenderTableCell {TD} at (768,55) size 8x11 [bgcolor=#777878] [r=5 c=98 rs=1 cs=1]
              RenderInline {FONT} at (0,0) size 3x11
                RenderText {#text} at (0,0) size 3x11
                  text run at (0,0) width 3: " "
            RenderTableCell {TD} at (776,55) size 8x11 [bgcolor=#515C5B] [r=5 c=99 rs=1 cs=1]
              RenderInline {FONT} at (0,0) size 3x11
                RenderText {#text} at (0,0) size 3x11
                  text run at (0,0) width 3: " "
          RenderTableRow {TR} at (0,66) size 784x11
            RenderTableCell {TD} at (0,66) size 7x11 [bgcolor=#FDFDFB] [r=6 c=0 rs=1 cs=1]
              RenderInline {FONT} at (0,0) size 3x11
                RenderText {#text} at (0,0) size 3x11
                  text run at (0,0) width 3: " "
            RenderTableCell {TD} at (7,66) size 7x11 [bgcolor=#FDFDFB] [r=6 c=1 rs=1 cs=1]
              RenderInline {FONT} at (0,0) size 3x11
                RenderText {#text} at (0,0) size 3x11
                  text run at (0,0) width 3: " "
            RenderTableCell {TD} at (14,66) size 7x11 [bgcolor=#A4CCCC] [r=6 c=2 rs=1 cs=1]
              RenderInline {FONT} at (0,0) size 3x11
                RenderText {#text} at (0,0) size 3x11
                  text run at (0,0) width 3: " "
            RenderTableCell {TD} at (21,66) size 7x11 [bgcolor=#048485] [r=6 c=3 rs=1 cs=1]
              RenderInline {FONT} at (0,0) size 3x11
                RenderText {#text} at (0,0) size 3x11
                  text run at (0,0) width 3: " "
            RenderTableCell {TD} at (28,66) size 7x11 [bgcolor=#048485] [r=6 c=4 rs=1 cs=1]
              RenderInline {FONT} at (0,0) size 3x11
                RenderText {#text} at (0,0) size 3x11
                  text run at (0,0) width 3: " "
            RenderTableCell {TD} at (35,66) size 7x11 [bgcolor=#027777] [r=6 c=5 rs=1 cs=1]
              RenderInline {FONT} at (0,0) size 3x11
                RenderText {#text} at (0,0) size 3x11
                  text run at (0,0) width 3: " "
            RenderTableCell {TD} at (42,66) size 7x11 [bgcolor=#026766] [r=6 c=6 rs=1 cs=1]
              RenderInline {FONT} at (0,0) size 3x11
                RenderText {#text} at (0,0) size 3x11
                  text run at (0,0) width 3: " "
            RenderTableCell {TD} at (49,66) size 7x11 [bgcolor=#026766] [r=6 c=7 rs=1 cs=1]
              RenderInline {FONT} at (0,0) size 3x11
                RenderText {#text} at (0,0) size 3x11
                  text run at (0,0) width 3: " "
            RenderTableCell {TD} at (56,66) size 7x11 [bgcolor=#026766] [r=6 c=8 rs=1 cs=1]
              RenderInline {FONT} at (0,0) size 3x11
                RenderText {#text} at (0,0) size 3x11
                  text run at (0,0) width 3: " "
            RenderTableCell {TD} at (63,66) size 7x11 [bgcolor=#026766] [r=6 c=9 rs=1 cs=1]
              RenderInline {FONT} at (0,0) size 3x11
                RenderText {#text} at (0,0) size 3x11
                  text run at (0,0) width 3: " "
            RenderTableCell {TD} at (70,66) size 7x11 [bgcolor=#026766] [r=6 c=10 rs=1 cs=1]
              RenderInline {FONT} at (0,0) size 3x11
                RenderText {#text} at (0,0) size 3x11
                  text run at (0,0) width 3: " "
            RenderTableCell {TD} at (77,66) size 7x11 [bgcolor=#025E5E] [r=6 c=11 rs=1 cs=1]
              RenderInline {FONT} at (0,0) size 3x11
                RenderText {#text} at (0,0) size 3x11
                  text run at (0,0) width 3: " "
            RenderTableCell {TD} at (84,66) size 7x11 [bgcolor=#025E5E] [r=6 c=12 rs=1 cs=1]
              RenderInline {FONT} at (0,0) size 3x11
                RenderText {#text} at (0,0) size 3x11
                  text run at (0,0) width 3: " "
            RenderTableCell {TD} at (91,66) size 7x11 [bgcolor=#044140] [r=6 c=13 rs=1 cs=1]
              RenderInline {FONT} at (0,0) size 3x11
                RenderText {#text} at (0,0) size 3x11
                  text run at (0,0) width 3: " "
            RenderTableCell {TD} at (98,66) size 7x11 [bgcolor=#223C3D] [r=6 c=14 rs=1 cs=1]
              RenderInline {FONT} at (0,0) size 3x11
                RenderText {#text} at (0,0) size 3x11
                  text run at (0,0) width 3: " "
            RenderTableCell {TD} at (105,66) size 7x11 [bgcolor=#696A69] [r=6 c=15 rs=1 cs=1]
              RenderInline {FONT} at (0,0) size 3x11
                RenderText {#text} at (0,0) size 3x11
                  text run at (0,0) width 3: " "
            RenderTableCell {TD} at (112,66) size 8x11 [bgcolor=#A5A6A6] [r=6 c=16 rs=1 cs=1]
              RenderInline {FONT} at (0,0) size 3x11
                RenderText {#text} at (0,0) size 3x11
                  text run at (0,0) width 3: " "
            RenderTableCell {TD} at (120,66) size 8x11 [bgcolor=#B4B4B4] [r=6 c=17 rs=1 cs=1]
              RenderInline {FONT} at (0,0) size 3x11
                RenderText {#text} at (0,0) size 3x11
                  text run at (0,0) width 3: " "
            RenderTableCell {TD} at (128,66) size 8x11 [bgcolor=#848788] [r=6 c=18 rs=1 cs=1]
              RenderInline {FONT} at (0,0) size 3x11
                RenderText {#text} at (0,0) size 3x11
                  text run at (0,0) width 3: " "
            RenderTableCell {TD} at (136,66) size 8x11 [bgcolor=#1E7A79] [r=6 c=19 rs=1 cs=1]
              RenderInline {FONT} at (0,0) size 3x11
                RenderText {#text} at (0,0) size 3x11
                  text run at (0,0) width 3: " "
            RenderTableCell {TD} at (144,66) size 8x11 [bgcolor=#027777] [r=6 c=20 rs=1 cs=1]
              RenderInline {FONT} at (0,0) size 3x11
                RenderText {#text} at (0,0) size 3x11
                  text run at (0,0) width 3: " "
            RenderTableCell {TD} at (152,66) size 8x11 [bgcolor=#026766] [r=6 c=21 rs=1 cs=1]
              RenderInline {FONT} at (0,0) size 3x11
                RenderText {#text} at (0,0) size 3x11
                  text run at (0,0) width 3: " "
            RenderTableCell {TD} at (160,66) size 8x11 [bgcolor=#026766] [r=6 c=22 rs=1 cs=1]
              RenderInline {FONT} at (0,0) size 3x11
                RenderText {#text} at (0,0) size 3x11
                  text run at (0,0) width 3: " "
            RenderTableCell {TD} at (168,66) size 8x11 [bgcolor=#026766] [r=6 c=23 rs=1 cs=1]
              RenderInline {FONT} at (0,0) size 3x11
                RenderText {#text} at (0,0) size 3x11
                  text run at (0,0) width 3: " "
            RenderTableCell {TD} at (176,66) size 8x11 [bgcolor=#026766] [r=6 c=24 rs=1 cs=1]
              RenderInline {FONT} at (0,0) size 3x11
                RenderText {#text} at (0,0) size 3x11
                  text run at (0,0) width 3: " "
            RenderTableCell {TD} at (184,66) size 8x11 [bgcolor=#026766] [r=6 c=25 rs=1 cs=1]
              RenderInline {FONT} at (0,0) size 3x11
                RenderText {#text} at (0,0) size 3x11
                  text run at (0,0) width 3: " "
            RenderTableCell {TD} at (192,66) size 8x11 [bgcolor=#026766] [r=6 c=26 rs=1 cs=1]
              RenderInline {FONT} at (0,0) size 3x11
                RenderText {#text} at (0,0) size 3x11
                  text run at (0,0) width 3: " "
            RenderTableCell {TD} at (200,66) size 8x11 [bgcolor=#026766] [r=6 c=27 rs=1 cs=1]
              RenderInline {FONT} at (0,0) size 3x11
                RenderText {#text} at (0,0) size 3x11
                  text run at (0,0) width 3: " "
            RenderTableCell {TD} at (208,66) size 8x11 [bgcolor=#025E5E] [r=6 c=28 rs=1 cs=1]
              RenderInline {FONT} at (0,0) size 3x11
                RenderText {#text} at (0,0) size 3x11
                  text run at (0,0) width 3: " "
            RenderTableCell {TD} at (216,66) size 8x11 [bgcolor=#025E5E] [r=6 c=29 rs=1 cs=1]
              RenderInline {FONT} at (0,0) size 3x11
                RenderText {#text} at (0,0) size 3x11
                  text run at (0,0) width 3: " "
            RenderTableCell {TD} at (224,66) size 8x11 [bgcolor=#044F4F] [r=6 c=30 rs=1 cs=1]
              RenderInline {FONT} at (0,0) size 3x11
                RenderText {#text} at (0,0) size 3x11
                  text run at (0,0) width 3: " "
            RenderTableCell {TD} at (232,66) size 8x11 [bgcolor=#696A69] [r=6 c=31 rs=1 cs=1]
              RenderInline {FONT} at (0,0) size 3x11
                RenderText {#text} at (0,0) size 3x11
                  text run at (0,0) width 3: " "
            RenderTableCell {TD} at (240,66) size 8x11 [bgcolor=#848788] [r=6 c=32 rs=1 cs=1]
              RenderInline {FONT} at (0,0) size 3x11
                RenderText {#text} at (0,0) size 3x11
                  text run at (0,0) width 3: " "
            RenderTableCell {TD} at (248,66) size 8x11 [bgcolor=#939494] [r=6 c=33 rs=1 cs=1]
              RenderInline {FONT} at (0,0) size 3x11
                RenderText {#text} at (0,0) size 3x11
                  text run at (0,0) width 3: " "
            RenderTableCell {TD} at (256,66) size 8x11 [bgcolor=#939494] [r=6 c=34 rs=1 cs=1]
              RenderInline {FONT} at (0,0) size 3x11
                RenderText {#text} at (0,0) size 3x11
                  text run at (0,0) width 3: " "
            RenderTableCell {TD} at (264,66) size 8x11 [bgcolor=#7B918F] [r=6 c=35 rs=1 cs=1]
              RenderInline {FONT} at (0,0) size 3x11
                RenderText {#text} at (0,0) size 3x11
                  text run at (0,0) width 3: " "
            RenderTableCell {TD} at (272,66) size 8x11 [bgcolor=#027777] [r=6 c=36 rs=1 cs=1]
              RenderInline {FONT} at (0,0) size 3x11
                RenderText {#text} at (0,0) size 3x11
                  text run at (0,0) width 3: " "
            RenderTableCell {TD} at (280,66) size 8x11 [bgcolor=#027777] [r=6 c=37 rs=1 cs=1]
              RenderInline {FONT} at (0,0) size 3x11
                RenderText {#text} at (0,0) size 3x11
                  text run at (0,0) width 3: " "
            RenderTableCell {TD} at (288,66) size 8x11 [bgcolor=#026766] [r=6 c=38 rs=1 cs=1]
              RenderInline {FONT} at (0,0) size 3x11
                RenderText {#text} at (0,0) size 3x11
                  text run at (0,0) width 3: " "
            RenderTableCell {TD} at (296,66) size 8x11 [bgcolor=#026766] [r=6 c=39 rs=1 cs=1]
              RenderInline {FONT} at (0,0) size 3x11
                RenderText {#text} at (0,0) size 3x11
                  text run at (0,0) width 3: " "
            RenderTableCell {TD} at (304,66) size 8x11 [bgcolor=#026766] [r=6 c=40 rs=1 cs=1]
              RenderInline {FONT} at (0,0) size 3x11
                RenderText {#text} at (0,0) size 3x11
                  text run at (0,0) width 3: " "
            RenderTableCell {TD} at (312,66) size 8x11 [bgcolor=#026766] [r=6 c=41 rs=1 cs=1]
              RenderInline {FONT} at (0,0) size 3x11
                RenderText {#text} at (0,0) size 3x11
                  text run at (0,0) width 3: " "
            RenderTableCell {TD} at (320,66) size 8x11 [bgcolor=#026766] [r=6 c=42 rs=1 cs=1]
              RenderInline {FONT} at (0,0) size 3x11
                RenderText {#text} at (0,0) size 3x11
                  text run at (0,0) width 3: " "
            RenderTableCell {TD} at (328,66) size 8x11 [bgcolor=#026766] [r=6 c=43 rs=1 cs=1]
              RenderInline {FONT} at (0,0) size 3x11
                RenderText {#text} at (0,0) size 3x11
                  text run at (0,0) width 3: " "
            RenderTableCell {TD} at (336,66) size 8x11 [bgcolor=#026766] [r=6 c=44 rs=1 cs=1]
              RenderInline {FONT} at (0,0) size 3x11
                RenderText {#text} at (0,0) size 3x11
                  text run at (0,0) width 3: " "
            RenderTableCell {TD} at (344,66) size 8x11 [bgcolor=#026766] [r=6 c=45 rs=1 cs=1]
              RenderInline {FONT} at (0,0) size 3x11
                RenderText {#text} at (0,0) size 3x11
                  text run at (0,0) width 3: " "
            RenderTableCell {TD} at (352,66) size 8x11 [bgcolor=#026766] [r=6 c=46 rs=1 cs=1]
              RenderInline {FONT} at (0,0) size 3x11
                RenderText {#text} at (0,0) size 3x11
                  text run at (0,0) width 3: " "
            RenderTableCell {TD} at (360,66) size 8x11 [bgcolor=#026766] [r=6 c=47 rs=1 cs=1]
              RenderInline {FONT} at (0,0) size 3x11
                RenderText {#text} at (0,0) size 3x11
                  text run at (0,0) width 3: " "
            RenderTableCell {TD} at (368,66) size 8x11 [bgcolor=#469191] [r=6 c=48 rs=1 cs=1]
              RenderInline {FONT} at (0,0) size 3x11
                RenderText {#text} at (0,0) size 3x11
                  text run at (0,0) width 3: " "
            RenderTableCell {TD} at (376,66) size 8x11 [bgcolor=#72A3A1] [r=6 c=49 rs=1 cs=1]
              RenderInline {FONT} at (0,0) size 3x11
                RenderText {#text} at (0,0) size 3x11
                  text run at (0,0) width 3: " "
            RenderTableCell {TD} at (384,66) size 8x11 [bgcolor=#338686] [r=6 c=50 rs=1 cs=1]
              RenderInline {FONT} at (0,0) size 3x11
                RenderText {#text} at (0,0) size 3x11
                  text run at (0,0) width 3: " "
            RenderTableCell {TD} at (392,66) size 8x11 [bgcolor=#025E5E] [r=6 c=51 rs=1 cs=1]
              RenderInline {FONT} at (0,0) size 3x11
                RenderText {#text} at (0,0) size 3x11
                  text run at (0,0) width 3: " "
            RenderTableCell {TD} at (400,66) size 8x11 [bgcolor=#044140] [r=6 c=52 rs=1 cs=1]
              RenderInline {FONT} at (0,0) size 3x11
                RenderText {#text} at (0,0) size 3x11
                  text run at (0,0) width 3: " "
            RenderTableCell {TD} at (408,66) size 8x11 [bgcolor=#083131] [r=6 c=53 rs=1 cs=1]
              RenderInline {FONT} at (0,0) size 3x11
                RenderText {#text} at (0,0) size 3x11
                  text run at (0,0) width 3: " "
            RenderTableCell {TD} at (416,66) size 8x11 [bgcolor=#083131] [r=6 c=54 rs=1 cs=1]
              RenderInline {FONT} at (0,0) size 3x11
                RenderText {#text} at (0,0) size 3x11
                  text run at (0,0) width 3: " "
            RenderTableCell {TD} at (424,66) size 8x11 [bgcolor=#2D3433] [r=6 c=55 rs=1 cs=1]
              RenderInline {FONT} at (0,0) size 3x11
                RenderText {#text} at (0,0) size 3x11
                  text run at (0,0) width 3: " "
            RenderTableCell {TD} at (432,66) size 8x11 [bgcolor=#3D4242] [r=6 c=56 rs=1 cs=1]
              RenderInline {FONT} at (0,0) size 3x11
                RenderText {#text} at (0,0) size 3x11
                  text run at (0,0) width 3: " "
            RenderTableCell {TD} at (440,66) size 8x11 [bgcolor=#515C5B] [r=6 c=57 rs=1 cs=1]
              RenderInline {FONT} at (0,0) size 3x11
                RenderText {#text} at (0,0) size 3x11
                  text run at (0,0) width 3: " "
            RenderTableCell {TD} at (448,66) size 8x11 [bgcolor=#777878] [r=6 c=58 rs=1 cs=1]
              RenderInline {FONT} at (0,0) size 3x11
                RenderText {#text} at (0,0) size 3x11
                  text run at (0,0) width 3: " "
            RenderTableCell {TD} at (456,66) size 8x11 [bgcolor=#848788] [r=6 c=59 rs=1 cs=1]
              RenderInline {FONT} at (0,0) size 3x11
                RenderText {#text} at (0,0) size 3x11
                  text run at (0,0) width 3: " "
            RenderTableCell {TD} at (464,66) size 8x11 [bgcolor=#939494] [r=6 c=60 rs=1 cs=1]
              RenderInline {FONT} at (0,0) size 3x11
                RenderText {#text} at (0,0) size 3x11
                  text run at (0,0) width 3: " "
            RenderTableCell {TD} at (472,66) size 8x11 [bgcolor=#5A8787] [r=6 c=61 rs=1 cs=1]
              RenderInline {FONT} at (0,0) size 3x11
                RenderText {#text} at (0,0) size 3x11
                  text run at (0,0) width 3: " "
            RenderTableCell {TD} at (480,66) size 8x11 [bgcolor=#048485] [r=6 c=62 rs=1 cs=1]
              RenderInline {FONT} at (0,0) size 3x11
                RenderText {#text} at (0,0) size 3x11
                  text run at (0,0) width 3: " "
            RenderTableCell {TD} at (488,66) size 8x11 [bgcolor=#048485] [r=6 c=63 rs=1 cs=1]
              RenderInline {FONT} at (0,0) size 3x11
                RenderText {#text} at (0,0) size 3x11
                  text run at (0,0) width 3: " "
            RenderTableCell {TD} at (496,66) size 8x11 [bgcolor=#027777] [r=6 c=64 rs=1 cs=1]
              RenderInline {FONT} at (0,0) size 3x11
                RenderText {#text} at (0,0) size 3x11
                  text run at (0,0) width 3: " "
            RenderTableCell {TD} at (504,66) size 8x11 [bgcolor=#026766] [r=6 c=65 rs=1 cs=1]
              RenderInline {FONT} at (0,0) size 3x11
                RenderText {#text} at (0,0) size 3x11
                  text run at (0,0) width 3: " "
            RenderTableCell {TD} at (512,66) size 8x11 [bgcolor=#026766] [r=6 c=66 rs=1 cs=1]
              RenderInline {FONT} at (0,0) size 3x11
                RenderText {#text} at (0,0) size 3x11
                  text run at (0,0) width 3: " "
            RenderTableCell {TD} at (520,66) size 8x11 [bgcolor=#026766] [r=6 c=67 rs=1 cs=1]
              RenderInline {FONT} at (0,0) size 3x11
                RenderText {#text} at (0,0) size 3x11
                  text run at (0,0) width 3: " "
            RenderTableCell {TD} at (528,66) size 8x11 [bgcolor=#026766] [r=6 c=68 rs=1 cs=1]
              RenderInline {FONT} at (0,0) size 3x11
                RenderText {#text} at (0,0) size 3x11
                  text run at (0,0) width 3: " "
            RenderTableCell {TD} at (536,66) size 8x11 [bgcolor=#026766] [r=6 c=69 rs=1 cs=1]
              RenderInline {FONT} at (0,0) size 3x11
                RenderText {#text} at (0,0) size 3x11
                  text run at (0,0) width 3: " "
            RenderTableCell {TD} at (544,66) size 8x11 [bgcolor=#1A6B6A] [r=6 c=70 rs=1 cs=1]
              RenderInline {FONT} at (0,0) size 3x11
                RenderText {#text} at (0,0) size 3x11
                  text run at (0,0) width 3: " "
            RenderTableCell {TD} at (552,66) size 8x11 [bgcolor=#589594] [r=6 c=71 rs=1 cs=1]
              RenderInline {FONT} at (0,0) size 3x11
                RenderText {#text} at (0,0) size 3x11
                  text run at (0,0) width 3: " "
            RenderTableCell {TD} at (560,66) size 8x11 [bgcolor=#7B918F] [r=6 c=72 rs=1 cs=1]
              RenderInline {FONT} at (0,0) size 3x11
                RenderText {#text} at (0,0) size 3x11
                  text run at (0,0) width 3: " "
            RenderTableCell {TD} at (568,66) size 8x11 [bgcolor=#274C4D] [r=6 c=73 rs=1 cs=1]
              RenderInline {FONT} at (0,0) size 3x11
                RenderText {#text} at (0,0) size 3x11
                  text run at (0,0) width 3: " "
            RenderTableCell {TD} at (576,66) size 8x11 [bgcolor=#2D3433] [r=6 c=74 rs=1 cs=1]
              RenderInline {FONT} at (0,0) size 3x11
                RenderText {#text} at (0,0) size 3x11
                  text run at (0,0) width 3: " "
            RenderTableCell {TD} at (584,66) size 8x11 [bgcolor=#3D4242] [r=6 c=75 rs=1 cs=1]
              RenderInline {FONT} at (0,0) size 3x11
                RenderText {#text} at (0,0) size 3x11
                  text run at (0,0) width 3: " "
            RenderTableCell {TD} at (592,66) size 8x11 [bgcolor=#4D4F4F] [r=6 c=76 rs=1 cs=1]
              RenderInline {FONT} at (0,0) size 3x11
                RenderText {#text} at (0,0) size 3x11
                  text run at (0,0) width 3: " "
            RenderTableCell {TD} at (600,66) size 8x11 [bgcolor=#515C5B] [r=6 c=77 rs=1 cs=1]
              RenderInline {FONT} at (0,0) size 3x11
                RenderText {#text} at (0,0) size 3x11
                  text run at (0,0) width 3: " "
            RenderTableCell {TD} at (608,66) size 8x11 [bgcolor=#1A6B6A] [r=6 c=78 rs=1 cs=1]
              RenderInline {FONT} at (0,0) size 3x11
                RenderText {#text} at (0,0) size 3x11
                  text run at (0,0) width 3: " "
            RenderTableCell {TD} at (616,66) size 8x11 [bgcolor=#026766] [r=6 c=79 rs=1 cs=1]
              RenderInline {FONT} at (0,0) size 3x11
                RenderText {#text} at (0,0) size 3x11
                  text run at (0,0) width 3: " "
            RenderTableCell {TD} at (624,66) size 8x11 [bgcolor=#026766] [r=6 c=80 rs=1 cs=1]
              RenderInline {FONT} at (0,0) size 3x11
                RenderText {#text} at (0,0) size 3x11
                  text run at (0,0) width 3: " "
            RenderTableCell {TD} at (632,66) size 8x11 [bgcolor=#026766] [r=6 c=81 rs=1 cs=1]
              RenderInline {FONT} at (0,0) size 3x11
                RenderText {#text} at (0,0) size 3x11
                  text run at (0,0) width 3: " "
            RenderTableCell {TD} at (640,66) size 8x11 [bgcolor=#026766] [r=6 c=82 rs=1 cs=1]
              RenderInline {FONT} at (0,0) size 3x11
                RenderText {#text} at (0,0) size 3x11
                  text run at (0,0) width 3: " "
            RenderTableCell {TD} at (648,66) size 8x11 [bgcolor=#026766] [r=6 c=83 rs=1 cs=1]
              RenderInline {FONT} at (0,0) size 3x11
                RenderText {#text} at (0,0) size 3x11
                  text run at (0,0) width 3: " "
            RenderTableCell {TD} at (656,66) size 8x11 [bgcolor=#026766] [r=6 c=84 rs=1 cs=1]
              RenderInline {FONT} at (0,0) size 3x11
                RenderText {#text} at (0,0) size 3x11
                  text run at (0,0) width 3: " "
            RenderTableCell {TD} at (664,66) size 8x11 [bgcolor=#026766] [r=6 c=85 rs=1 cs=1]
              RenderInline {FONT} at (0,0) size 3x11
                RenderText {#text} at (0,0) size 3x11
                  text run at (0,0) width 3: " "
            RenderTableCell {TD} at (672,66) size 8x11 [bgcolor=#026766] [r=6 c=86 rs=1 cs=1]
              RenderInline {FONT} at (0,0) size 3x11
                RenderText {#text} at (0,0) size 3x11
                  text run at (0,0) width 3: " "
            RenderTableCell {TD} at (680,66) size 8x11 [bgcolor=#026766] [r=6 c=87 rs=1 cs=1]
              RenderInline {FONT} at (0,0) size 3x11
                RenderText {#text} at (0,0) size 3x11
                  text run at (0,0) width 3: " "
            RenderTableCell {TD} at (688,66) size 8x11 [bgcolor=#026766] [r=6 c=88 rs=1 cs=1]
              RenderInline {FONT} at (0,0) size 3x11
                RenderText {#text} at (0,0) size 3x11
                  text run at (0,0) width 3: " "
            RenderTableCell {TD} at (696,66) size 8x11 [bgcolor=#026766] [r=6 c=89 rs=1 cs=1]
              RenderInline {FONT} at (0,0) size 3x11
                RenderText {#text} at (0,0) size 3x11
                  text run at (0,0) width 3: " "
            RenderTableCell {TD} at (704,66) size 8x11 [bgcolor=#026766] [r=6 c=90 rs=1 cs=1]
              RenderInline {FONT} at (0,0) size 3x11
                RenderText {#text} at (0,0) size 3x11
                  text run at (0,0) width 3: " "
            RenderTableCell {TD} at (712,66) size 8x11 [bgcolor=#025E5E] [r=6 c=91 rs=1 cs=1]
              RenderInline {FONT} at (0,0) size 3x11
                RenderText {#text} at (0,0) size 3x11
                  text run at (0,0) width 3: " "
            RenderTableCell {TD} at (720,66) size 8x11 [bgcolor=#044F4F] [r=6 c=92 rs=1 cs=1]
              RenderInline {FONT} at (0,0) size 3x11
                RenderText {#text} at (0,0) size 3x11
                  text run at (0,0) width 3: " "
            RenderTableCell {TD} at (728,66) size 8x11 [bgcolor=#044140] [r=6 c=93 rs=1 cs=1]
              RenderInline {FONT} at (0,0) size 3x11
                RenderText {#text} at (0,0) size 3x11
                  text run at (0,0) width 3: " "
            RenderTableCell {TD} at (736,66) size 8x11 [bgcolor=#223C3D] [r=6 c=94 rs=1 cs=1]
              RenderInline {FONT} at (0,0) size 3x11
                RenderText {#text} at (0,0) size 3x11
                  text run at (0,0) width 3: " "
            RenderTableCell {TD} at (744,66) size 8x11 [bgcolor=#5E5F60] [r=6 c=95 rs=1 cs=1]
              RenderInline {FONT} at (0,0) size 3x11
                RenderText {#text} at (0,0) size 3x11
                  text run at (0,0) width 3: " "
            RenderTableCell {TD} at (752,66) size 8x11 [bgcolor=#777878] [r=6 c=96 rs=1 cs=1]
              RenderInline {FONT} at (0,0) size 3x11
                RenderText {#text} at (0,0) size 3x11
                  text run at (0,0) width 3: " "
            RenderTableCell {TD} at (760,66) size 8x11 [bgcolor=#848788] [r=6 c=97 rs=1 cs=1]
              RenderInline {FONT} at (0,0) size 3x11
                RenderText {#text} at (0,0) size 3x11
                  text run at (0,0) width 3: " "
            RenderTableCell {TD} at (768,66) size 8x11 [bgcolor=#777878] [r=6 c=98 rs=1 cs=1]
              RenderInline {FONT} at (0,0) size 3x11
                RenderText {#text} at (0,0) size 3x11
                  text run at (0,0) width 3: " "
            RenderTableCell {TD} at (776,66) size 8x11 [bgcolor=#4D4F4F] [r=6 c=99 rs=1 cs=1]
              RenderInline {FONT} at (0,0) size 3x11
                RenderText {#text} at (0,0) size 3x11
                  text run at (0,0) width 3: " "
          RenderTableRow {TR} at (0,77) size 784x11
            RenderTableCell {TD} at (0,77) size 7x11 [bgcolor=#FDFDFB] [r=7 c=0 rs=1 cs=1]
              RenderInline {FONT} at (0,0) size 3x11
                RenderText {#text} at (0,0) size 3x11
                  text run at (0,0) width 3: " "
            RenderTableCell {TD} at (7,77) size 7x11 [bgcolor=#EDEEEF] [r=7 c=1 rs=1 cs=1]
              RenderInline {FONT} at (0,0) size 3x11
                RenderText {#text} at (0,0) size 3x11
                  text run at (0,0) width 3: " "
            RenderTableCell {TD} at (14,77) size 7x11 [bgcolor=#249393] [r=7 c=2 rs=1 cs=1]
              RenderInline {FONT} at (0,0) size 3x11
                RenderText {#text} at (0,0) size 3x11
                  text run at (0,0) width 3: " "
            RenderTableCell {TD} at (21,77) size 7x11 [bgcolor=#048485] [r=7 c=3 rs=1 cs=1]
              RenderInline {FONT} at (0,0) size 3x11
                RenderText {#text} at (0,0) size 3x11
                  text run at (0,0) width 3: " "
            RenderTableCell {TD} at (28,77) size 7x11 [bgcolor=#027777] [r=7 c=4 rs=1 cs=1]
              RenderInline {FONT} at (0,0) size 3x11
                RenderText {#text} at (0,0) size 3x11
                  text run at (0,0) width 3: " "
            RenderTableCell {TD} at (35,77) size 7x11 [bgcolor=#026766] [r=7 c=5 rs=1 cs=1]
              RenderInline {FONT} at (0,0) size 3x11
                RenderText {#text} at (0,0) size 3x11
                  text run at (0,0) width 3: " "
            RenderTableCell {TD} at (42,77) size 7x11 [bgcolor=#026766] [r=7 c=6 rs=1 cs=1]
              RenderInline {FONT} at (0,0) size 3x11
                RenderText {#text} at (0,0) size 3x11
                  text run at (0,0) width 3: " "
            RenderTableCell {TD} at (49,77) size 7x11 [bgcolor=#026766] [r=7 c=7 rs=1 cs=1]
              RenderInline {FONT} at (0,0) size 3x11
                RenderText {#text} at (0,0) size 3x11
                  text run at (0,0) width 3: " "
            RenderTableCell {TD} at (56,77) size 7x11 [bgcolor=#026766] [r=7 c=8 rs=1 cs=1]
              RenderInline {FONT} at (0,0) size 3x11
                RenderText {#text} at (0,0) size 3x11
                  text run at (0,0) width 3: " "
            RenderTableCell {TD} at (63,77) size 7x11 [bgcolor=#026766] [r=7 c=9 rs=1 cs=1]
              RenderInline {FONT} at (0,0) size 3x11
                RenderText {#text} at (0,0) size 3x11
                  text run at (0,0) width 3: " "
            RenderTableCell {TD} at (70,77) size 7x11 [bgcolor=#026766] [r=7 c=10 rs=1 cs=1]
              RenderInline {FONT} at (0,0) size 3x11
                RenderText {#text} at (0,0) size 3x11
                  text run at (0,0) width 3: " "
            RenderTableCell {TD} at (77,77) size 7x11 [bgcolor=#025E5E] [r=7 c=11 rs=1 cs=1]
              RenderInline {FONT} at (0,0) size 3x11
                RenderText {#text} at (0,0) size 3x11
                  text run at (0,0) width 3: " "
            RenderTableCell {TD} at (84,77) size 7x11 [bgcolor=#025E5E] [r=7 c=12 rs=1 cs=1]
              RenderInline {FONT} at (0,0) size 3x11
                RenderText {#text} at (0,0) size 3x11
                  text run at (0,0) width 3: " "
            RenderTableCell {TD} at (91,77) size 7x11 [bgcolor=#044140] [r=7 c=13 rs=1 cs=1]
              RenderInline {FONT} at (0,0) size 3x11
                RenderText {#text} at (0,0) size 3x11
                  text run at (0,0) width 3: " "
            RenderTableCell {TD} at (98,77) size 7x11 [bgcolor=#223C3D] [r=7 c=14 rs=1 cs=1]
              RenderInline {FONT} at (0,0) size 3x11
                RenderText {#text} at (0,0) size 3x11
                  text run at (0,0) width 3: " "
            RenderTableCell {TD} at (105,77) size 7x11 [bgcolor=#848788] [r=7 c=15 rs=1 cs=1]
              RenderInline {FONT} at (0,0) size 3x11
                RenderText {#text} at (0,0) size 3x11
                  text run at (0,0) width 3: " "
            RenderTableCell {TD} at (112,77) size 8x11 [bgcolor=#FDFDFB] [r=7 c=16 rs=1 cs=1]
              RenderInline {FONT} at (0,0) size 3x11
                RenderText {#text} at (0,0) size 3x11
                  text run at (0,0) width 3: " "
            RenderTableCell {TD} at (120,77) size 8x11 [bgcolor=#FDFDFB] [r=7 c=17 rs=1 cs=1]
              RenderInline {FONT} at (0,0) size 3x11
                RenderText {#text} at (0,0) size 3x11
                  text run at (0,0) width 3: " "
            RenderTableCell {TD} at (128,77) size 8x11 [bgcolor=#4D4F4F] [r=7 c=18 rs=1 cs=1]
              RenderInline {FONT} at (0,0) size 3x11
                RenderText {#text} at (0,0) size 3x11
                  text run at (0,0) width 3: " "
            RenderTableCell {TD} at (136,77) size 8x11 [bgcolor=#1E7A79] [r=7 c=19 rs=1 cs=1]
              RenderInline {FONT} at (0,0) size 3x11
                RenderText {#text} at (0,0) size 3x11
                  text run at (0,0) width 3: " "
            RenderTableCell {TD} at (144,77) size 8x11 [bgcolor=#027777] [r=7 c=20 rs=1 cs=1]
              RenderInline {FONT} at (0,0) size 3x11
                RenderText {#text} at (0,0) size 3x11
                  text run at (0,0) width 3: " "
            RenderTableCell {TD} at (152,77) size 8x11 [bgcolor=#026766] [r=7 c=21 rs=1 cs=1]
              RenderInline {FONT} at (0,0) size 3x11
                RenderText {#text} at (0,0) size 3x11
                  text run at (0,0) width 3: " "
            RenderTableCell {TD} at (160,77) size 8x11 [bgcolor=#026766] [r=7 c=22 rs=1 cs=1]
              RenderInline {FONT} at (0,0) size 3x11
                RenderText {#text} at (0,0) size 3x11
                  text run at (0,0) width 3: " "
            RenderTableCell {TD} at (168,77) size 8x11 [bgcolor=#026766] [r=7 c=23 rs=1 cs=1]
              RenderInline {FONT} at (0,0) size 3x11
                RenderText {#text} at (0,0) size 3x11
                  text run at (0,0) width 3: " "
            RenderTableCell {TD} at (176,77) size 8x11 [bgcolor=#026766] [r=7 c=24 rs=1 cs=1]
              RenderInline {FONT} at (0,0) size 3x11
                RenderText {#text} at (0,0) size 3x11
                  text run at (0,0) width 3: " "
            RenderTableCell {TD} at (184,77) size 8x11 [bgcolor=#026766] [r=7 c=25 rs=1 cs=1]
              RenderInline {FONT} at (0,0) size 3x11
                RenderText {#text} at (0,0) size 3x11
                  text run at (0,0) width 3: " "
            RenderTableCell {TD} at (192,77) size 8x11 [bgcolor=#026766] [r=7 c=26 rs=1 cs=1]
              RenderInline {FONT} at (0,0) size 3x11
                RenderText {#text} at (0,0) size 3x11
                  text run at (0,0) width 3: " "
            RenderTableCell {TD} at (200,77) size 8x11 [bgcolor=#026766] [r=7 c=27 rs=1 cs=1]
              RenderInline {FONT} at (0,0) size 3x11
                RenderText {#text} at (0,0) size 3x11
                  text run at (0,0) width 3: " "
            RenderTableCell {TD} at (208,77) size 8x11 [bgcolor=#025E5E] [r=7 c=28 rs=1 cs=1]
              RenderInline {FONT} at (0,0) size 3x11
                RenderText {#text} at (0,0) size 3x11
                  text run at (0,0) width 3: " "
            RenderTableCell {TD} at (216,77) size 8x11 [bgcolor=#025E5E] [r=7 c=29 rs=1 cs=1]
              RenderInline {FONT} at (0,0) size 3x11
                RenderText {#text} at (0,0) size 3x11
                  text run at (0,0) width 3: " "
            RenderTableCell {TD} at (224,77) size 8x11 [bgcolor=#044F4F] [r=7 c=30 rs=1 cs=1]
              RenderInline {FONT} at (0,0) size 3x11
                RenderText {#text} at (0,0) size 3x11
                  text run at (0,0) width 3: " "
            RenderTableCell {TD} at (232,77) size 8x11 [bgcolor=#274C4D] [r=7 c=31 rs=1 cs=1]
              RenderInline {FONT} at (0,0) size 3x11
                RenderText {#text} at (0,0) size 3x11
                  text run at (0,0) width 3: " "
            RenderTableCell {TD} at (240,77) size 8x11 [bgcolor=#777878] [r=7 c=32 rs=1 cs=1]
              RenderInline {FONT} at (0,0) size 3x11
                RenderText {#text} at (0,0) size 3x11
                  text run at (0,0) width 3: " "
            RenderTableCell {TD} at (248,77) size 8x11 [bgcolor=#848788] [r=7 c=33 rs=1 cs=1]
              RenderInline {FONT} at (0,0) size 3x11
                RenderText {#text} at (0,0) size 3x11
                  text run at (0,0) width 3: " "
            RenderTableCell {TD} at (256,77) size 8x11 [bgcolor=#939494] [r=7 c=34 rs=1 cs=1]
              RenderInline {FONT} at (0,0) size 3x11
                RenderText {#text} at (0,0) size 3x11
                  text run at (0,0) width 3: " "
            RenderTableCell {TD} at (264,77) size 8x11 [bgcolor=#7B918F] [r=7 c=35 rs=1 cs=1]
              RenderInline {FONT} at (0,0) size 3x11
                RenderText {#text} at (0,0) size 3x11
                  text run at (0,0) width 3: " "
            RenderTableCell {TD} at (272,77) size 8x11 [bgcolor=#027777] [r=7 c=36 rs=1 cs=1]
              RenderInline {FONT} at (0,0) size 3x11
                RenderText {#text} at (0,0) size 3x11
                  text run at (0,0) width 3: " "
            RenderTableCell {TD} at (280,77) size 8x11 [bgcolor=#027777] [r=7 c=37 rs=1 cs=1]
              RenderInline {FONT} at (0,0) size 3x11
                RenderText {#text} at (0,0) size 3x11
                  text run at (0,0) width 3: " "
            RenderTableCell {TD} at (288,77) size 8x11 [bgcolor=#026766] [r=7 c=38 rs=1 cs=1]
              RenderInline {FONT} at (0,0) size 3x11
                RenderText {#text} at (0,0) size 3x11
                  text run at (0,0) width 3: " "
            RenderTableCell {TD} at (296,77) size 8x11 [bgcolor=#026766] [r=7 c=39 rs=1 cs=1]
              RenderInline {FONT} at (0,0) size 3x11
                RenderText {#text} at (0,0) size 3x11
                  text run at (0,0) width 3: " "
            RenderTableCell {TD} at (304,77) size 8x11 [bgcolor=#026766] [r=7 c=40 rs=1 cs=1]
              RenderInline {FONT} at (0,0) size 3x11
                RenderText {#text} at (0,0) size 3x11
                  text run at (0,0) width 3: " "
            RenderTableCell {TD} at (312,77) size 8x11 [bgcolor=#026766] [r=7 c=41 rs=1 cs=1]
              RenderInline {FONT} at (0,0) size 3x11
                RenderText {#text} at (0,0) size 3x11
                  text run at (0,0) width 3: " "
            RenderTableCell {TD} at (320,77) size 8x11 [bgcolor=#026766] [r=7 c=42 rs=1 cs=1]
              RenderInline {FONT} at (0,0) size 3x11
                RenderText {#text} at (0,0) size 3x11
                  text run at (0,0) width 3: " "
            RenderTableCell {TD} at (328,77) size 8x11 [bgcolor=#026766] [r=7 c=43 rs=1 cs=1]
              RenderInline {FONT} at (0,0) size 3x11
                RenderText {#text} at (0,0) size 3x11
                  text run at (0,0) width 3: " "
            RenderTableCell {TD} at (336,77) size 8x11 [bgcolor=#026766] [r=7 c=44 rs=1 cs=1]
              RenderInline {FONT} at (0,0) size 3x11
                RenderText {#text} at (0,0) size 3x11
                  text run at (0,0) width 3: " "
            RenderTableCell {TD} at (344,77) size 8x11 [bgcolor=#026766] [r=7 c=45 rs=1 cs=1]
              RenderInline {FONT} at (0,0) size 3x11
                RenderText {#text} at (0,0) size 3x11
                  text run at (0,0) width 3: " "
            RenderTableCell {TD} at (352,77) size 8x11 [bgcolor=#026766] [r=7 c=46 rs=1 cs=1]
              RenderInline {FONT} at (0,0) size 3x11
                RenderText {#text} at (0,0) size 3x11
                  text run at (0,0) width 3: " "
            RenderTableCell {TD} at (360,77) size 8x11 [bgcolor=#1A6B6A] [r=7 c=47 rs=1 cs=1]
              RenderInline {FONT} at (0,0) size 3x11
                RenderText {#text} at (0,0) size 3x11
                  text run at (0,0) width 3: " "
            RenderTableCell {TD} at (368,77) size 8x11 [bgcolor=#B6D0D1] [r=7 c=48 rs=1 cs=1]
              RenderInline {FONT} at (0,0) size 3x11
                RenderText {#text} at (0,0) size 3x11
                  text run at (0,0) width 3: " "
            RenderTableCell {TD} at (376,77) size 8x11 [bgcolor=#FDFDFB] [r=7 c=49 rs=1 cs=1]
              RenderInline {FONT} at (0,0) size 3x11
                RenderText {#text} at (0,0) size 3x11
                  text run at (0,0) width 3: " "
            RenderTableCell {TD} at (384,77) size 8x11 [bgcolor=#7B918F] [r=7 c=50 rs=1 cs=1]
              RenderInline {FONT} at (0,0) size 3x11
                RenderText {#text} at (0,0) size 3x11
                  text run at (0,0) width 3: " "
            RenderTableCell {TD} at (392,77) size 8x11 [bgcolor=#044140] [r=7 c=51 rs=1 cs=1]
              RenderInline {FONT} at (0,0) size 3x11
                RenderText {#text} at (0,0) size 3x11
                  text run at (0,0) width 3: " "
            RenderTableCell {TD} at (400,77) size 8x11 [bgcolor=#083131] [r=7 c=52 rs=1 cs=1]
              RenderInline {FONT} at (0,0) size 3x11
                RenderText {#text} at (0,0) size 3x11
                  text run at (0,0) width 3: " "
            RenderTableCell {TD} at (408,77) size 8x11 [bgcolor=#083131] [r=7 c=53 rs=1 cs=1]
              RenderInline {FONT} at (0,0) size 3x11
                RenderText {#text} at (0,0) size 3x11
                  text run at (0,0) width 3: " "
            RenderTableCell {TD} at (416,77) size 8x11 [bgcolor=#2D3433] [r=7 c=54 rs=1 cs=1]
              RenderInline {FONT} at (0,0) size 3x11
                RenderText {#text} at (0,0) size 3x11
                  text run at (0,0) width 3: " "
            RenderTableCell {TD} at (424,77) size 8x11 [bgcolor=#4D4F4F] [r=7 c=55 rs=1 cs=1]
              RenderInline {FONT} at (0,0) size 3x11
                RenderText {#text} at (0,0) size 3x11
                  text run at (0,0) width 3: " "
            RenderTableCell {TD} at (432,77) size 8x11 [bgcolor=#5E5F60] [r=7 c=56 rs=1 cs=1]
              RenderInline {FONT} at (0,0) size 3x11
                RenderText {#text} at (0,0) size 3x11
                  text run at (0,0) width 3: " "
            RenderTableCell {TD} at (440,77) size 8x11 [bgcolor=#777878] [r=7 c=57 rs=1 cs=1]
              RenderInline {FONT} at (0,0) size 3x11
                RenderText {#text} at (0,0) size 3x11
                  text run at (0,0) width 3: " "
            RenderTableCell {TD} at (448,77) size 8x11 [bgcolor=#848788] [r=7 c=58 rs=1 cs=1]
              RenderInline {FONT} at (0,0) size 3x11
                RenderText {#text} at (0,0) size 3x11
                  text run at (0,0) width 3: " "
            RenderTableCell {TD} at (456,77) size 8x11 [bgcolor=#939494] [r=7 c=59 rs=1 cs=1]
              RenderInline {FONT} at (0,0) size 3x11
                RenderText {#text} at (0,0) size 3x11
                  text run at (0,0) width 3: " "
            RenderTableCell {TD} at (464,77) size 8x11 [bgcolor=#939494] [r=7 c=60 rs=1 cs=1]
              RenderInline {FONT} at (0,0) size 3x11
                RenderText {#text} at (0,0) size 3x11
                  text run at (0,0) width 3: " "
            RenderTableCell {TD} at (472,77) size 8x11 [bgcolor=#1B8685] [r=7 c=61 rs=1 cs=1]
              RenderInline {FONT} at (0,0) size 3x11
                RenderText {#text} at (0,0) size 3x11
                  text run at (0,0) width 3: " "
            RenderTableCell {TD} at (480,77) size 8x11 [bgcolor=#048485] [r=7 c=62 rs=1 cs=1]
              RenderInline {FONT} at (0,0) size 3x11
                RenderText {#text} at (0,0) size 3x11
                  text run at (0,0) width 3: " "
            RenderTableCell {TD} at (488,77) size 8x11 [bgcolor=#027777] [r=7 c=63 rs=1 cs=1]
              RenderInline {FONT} at (0,0) size 3x11
                RenderText {#text} at (0,0) size 3x11
                  text run at (0,0) width 3: " "
            RenderTableCell {TD} at (496,77) size 8x11 [bgcolor=#026766] [r=7 c=64 rs=1 cs=1]
              RenderInline {FONT} at (0,0) size 3x11
                RenderText {#text} at (0,0) size 3x11
                  text run at (0,0) width 3: " "
            RenderTableCell {TD} at (504,77) size 8x11 [bgcolor=#026766] [r=7 c=65 rs=1 cs=1]
              RenderInline {FONT} at (0,0) size 3x11
                RenderText {#text} at (0,0) size 3x11
                  text run at (0,0) width 3: " "
            RenderTableCell {TD} at (512,77) size 8x11 [bgcolor=#026766] [r=7 c=66 rs=1 cs=1]
              RenderInline {FONT} at (0,0) size 3x11
                RenderText {#text} at (0,0) size 3x11
                  text run at (0,0) width 3: " "
            RenderTableCell {TD} at (520,77) size 8x11 [bgcolor=#026766] [r=7 c=67 rs=1 cs=1]
              RenderInline {FONT} at (0,0) size 3x11
                RenderText {#text} at (0,0) size 3x11
                  text run at (0,0) width 3: " "
            RenderTableCell {TD} at (528,77) size 8x11 [bgcolor=#026766] [r=7 c=68 rs=1 cs=1]
              RenderInline {FONT} at (0,0) size 3x11
                RenderText {#text} at (0,0) size 3x11
                  text run at (0,0) width 3: " "
            RenderTableCell {TD} at (536,77) size 8x11 [bgcolor=#026766] [r=7 c=69 rs=1 cs=1]
              RenderInline {FONT} at (0,0) size 3x11
                RenderText {#text} at (0,0) size 3x11
                  text run at (0,0) width 3: " "
            RenderTableCell {TD} at (544,77) size 8x11 [bgcolor=#1E7A79] [r=7 c=70 rs=1 cs=1]
              RenderInline {FONT} at (0,0) size 3x11
                RenderText {#text} at (0,0) size 3x11
                  text run at (0,0) width 3: " "
            RenderTableCell {TD} at (552,77) size 8x11 [bgcolor=#E0EAE9] [r=7 c=71 rs=1 cs=1]
              RenderInline {FONT} at (0,0) size 3x11
                RenderText {#text} at (0,0) size 3x11
                  text run at (0,0) width 3: " "
            RenderTableCell {TD} at (560,77) size 8x11 [bgcolor=#FDFDFB] [r=7 c=72 rs=1 cs=1]
              RenderInline {FONT} at (0,0) size 3x11
                RenderText {#text} at (0,0) size 3x11
                  text run at (0,0) width 3: " "
            RenderTableCell {TD} at (568,77) size 8x11 [bgcolor=#515C5B] [r=7 c=73 rs=1 cs=1]
              RenderInline {FONT} at (0,0) size 3x11
                RenderText {#text} at (0,0) size 3x11
                  text run at (0,0) width 3: " "
            RenderTableCell {TD} at (576,77) size 8x11 [bgcolor=#3D4242] [r=7 c=74 rs=1 cs=1]
              RenderInline {FONT} at (0,0) size 3x11
                RenderText {#text} at (0,0) size 3x11
                  text run at (0,0) width 3: " "
            RenderTableCell {TD} at (584,77) size 8x11 [bgcolor=#515C5B] [r=7 c=75 rs=1 cs=1]
              RenderInline {FONT} at (0,0) size 3x11
                RenderText {#text} at (0,0) size 3x11
                  text run at (0,0) width 3: " "
            RenderTableCell {TD} at (592,77) size 8x11 [bgcolor=#696A69] [r=7 c=76 rs=1 cs=1]
              RenderInline {FONT} at (0,0) size 3x11
                RenderText {#text} at (0,0) size 3x11
                  text run at (0,0) width 3: " "
            RenderTableCell {TD} at (600,77) size 8x11 [bgcolor=#777878] [r=7 c=77 rs=1 cs=1]
              RenderInline {FONT} at (0,0) size 3x11
                RenderText {#text} at (0,0) size 3x11
                  text run at (0,0) width 3: " "
            RenderTableCell {TD} at (608,77) size 8x11 [bgcolor=#1E7A79] [r=7 c=78 rs=1 cs=1]
              RenderInline {FONT} at (0,0) size 3x11
                RenderText {#text} at (0,0) size 3x11
                  text run at (0,0) width 3: " "
            RenderTableCell {TD} at (616,77) size 8x11 [bgcolor=#027777] [r=7 c=79 rs=1 cs=1]
              RenderInline {FONT} at (0,0) size 3x11
                RenderText {#text} at (0,0) size 3x11
                  text run at (0,0) width 3: " "
            RenderTableCell {TD} at (624,77) size 8x11 [bgcolor=#026766] [r=7 c=80 rs=1 cs=1]
              RenderInline {FONT} at (0,0) size 3x11
                RenderText {#text} at (0,0) size 3x11
                  text run at (0,0) width 3: " "
            RenderTableCell {TD} at (632,77) size 8x11 [bgcolor=#026766] [r=7 c=81 rs=1 cs=1]
              RenderInline {FONT} at (0,0) size 3x11
                RenderText {#text} at (0,0) size 3x11
                  text run at (0,0) width 3: " "
            RenderTableCell {TD} at (640,77) size 8x11 [bgcolor=#026766] [r=7 c=82 rs=1 cs=1]
              RenderInline {FONT} at (0,0) size 3x11
                RenderText {#text} at (0,0) size 3x11
                  text run at (0,0) width 3: " "
            RenderTableCell {TD} at (648,77) size 8x11 [bgcolor=#026766] [r=7 c=83 rs=1 cs=1]
              RenderInline {FONT} at (0,0) size 3x11
                RenderText {#text} at (0,0) size 3x11
                  text run at (0,0) width 3: " "
            RenderTableCell {TD} at (656,77) size 8x11 [bgcolor=#026766] [r=7 c=84 rs=1 cs=1]
              RenderInline {FONT} at (0,0) size 3x11
                RenderText {#text} at (0,0) size 3x11
                  text run at (0,0) width 3: " "
            RenderTableCell {TD} at (664,77) size 8x11 [bgcolor=#026766] [r=7 c=85 rs=1 cs=1]
              RenderInline {FONT} at (0,0) size 3x11
                RenderText {#text} at (0,0) size 3x11
                  text run at (0,0) width 3: " "
            RenderTableCell {TD} at (672,77) size 8x11 [bgcolor=#026766] [r=7 c=86 rs=1 cs=1]
              RenderInline {FONT} at (0,0) size 3x11
                RenderText {#text} at (0,0) size 3x11
                  text run at (0,0) width 3: " "
            RenderTableCell {TD} at (680,77) size 8x11 [bgcolor=#026766] [r=7 c=87 rs=1 cs=1]
              RenderInline {FONT} at (0,0) size 3x11
                RenderText {#text} at (0,0) size 3x11
                  text run at (0,0) width 3: " "
            RenderTableCell {TD} at (688,77) size 8x11 [bgcolor=#026766] [r=7 c=88 rs=1 cs=1]
              RenderInline {FONT} at (0,0) size 3x11
                RenderText {#text} at (0,0) size 3x11
                  text run at (0,0) width 3: " "
            RenderTableCell {TD} at (696,77) size 8x11 [bgcolor=#026766] [r=7 c=89 rs=1 cs=1]
              RenderInline {FONT} at (0,0) size 3x11
                RenderText {#text} at (0,0) size 3x11
                  text run at (0,0) width 3: " "
            RenderTableCell {TD} at (704,77) size 8x11 [bgcolor=#1E7A79] [r=7 c=90 rs=1 cs=1]
              RenderInline {FONT} at (0,0) size 3x11
                RenderText {#text} at (0,0) size 3x11
                  text run at (0,0) width 3: " "
            RenderTableCell {TD} at (712,77) size 8x11 [bgcolor=#8DB7B6] [r=7 c=91 rs=1 cs=1]
              RenderInline {FONT} at (0,0) size 3x11
                RenderText {#text} at (0,0) size 3x11
                  text run at (0,0) width 3: " "
            RenderTableCell {TD} at (720,77) size 8x11 [bgcolor=#97C1C0] [r=7 c=92 rs=1 cs=1]
              RenderInline {FONT} at (0,0) size 3x11
                RenderText {#text} at (0,0) size 3x11
                  text run at (0,0) width 3: " "
            RenderTableCell {TD} at (728,77) size 8x11 [bgcolor=#274C4D] [r=7 c=93 rs=1 cs=1]
              RenderInline {FONT} at (0,0) size 3x11
                RenderText {#text} at (0,0) size 3x11
                  text run at (0,0) width 3: " "
            RenderTableCell {TD} at (736,77) size 8x11 [bgcolor=#223C3D] [r=7 c=94 rs=1 cs=1]
              RenderInline {FONT} at (0,0) size 3x11
                RenderText {#text} at (0,0) size 3x11
                  text run at (0,0) width 3: " "
            RenderTableCell {TD} at (744,77) size 8x11 [bgcolor=#5E5F60] [r=7 c=95 rs=1 cs=1]
              RenderInline {FONT} at (0,0) size 3x11
                RenderText {#text} at (0,0) size 3x11
                  text run at (0,0) width 3: " "
            RenderTableCell {TD} at (752,77) size 8x11 [bgcolor=#777878] [r=7 c=96 rs=1 cs=1]
              RenderInline {FONT} at (0,0) size 3x11
                RenderText {#text} at (0,0) size 3x11
                  text run at (0,0) width 3: " "
            RenderTableCell {TD} at (760,77) size 8x11 [bgcolor=#848788] [r=7 c=97 rs=1 cs=1]
              RenderInline {FONT} at (0,0) size 3x11
                RenderText {#text} at (0,0) size 3x11
                  text run at (0,0) width 3: " "
            RenderTableCell {TD} at (768,77) size 8x11 [bgcolor=#777878] [r=7 c=98 rs=1 cs=1]
              RenderInline {FONT} at (0,0) size 3x11
                RenderText {#text} at (0,0) size 3x11
                  text run at (0,0) width 3: " "
            RenderTableCell {TD} at (776,77) size 8x11 [bgcolor=#4D4F4F] [r=7 c=99 rs=1 cs=1]
              RenderInline {FONT} at (0,0) size 3x11
                RenderText {#text} at (0,0) size 3x11
                  text run at (0,0) width 3: " "
          RenderTableRow {TR} at (0,88) size 784x11
            RenderTableCell {TD} at (0,88) size 7x11 [bgcolor=#FDFDFB] [r=8 c=0 rs=1 cs=1]
              RenderInline {FONT} at (0,0) size 3x11
                RenderText {#text} at (0,0) size 3x11
                  text run at (0,0) width 3: " "
            RenderTableCell {TD} at (7,88) size 7x11 [bgcolor=#97C1C0] [r=8 c=1 rs=1 cs=1]
              RenderInline {FONT} at (0,0) size 3x11
                RenderText {#text} at (0,0) size 3x11
                  text run at (0,0) width 3: " "
            RenderTableCell {TD} at (14,88) size 7x11 [bgcolor=#048485] [r=8 c=2 rs=1 cs=1]
              RenderInline {FONT} at (0,0) size 3x11
                RenderText {#text} at (0,0) size 3x11
                  text run at (0,0) width 3: " "
            RenderTableCell {TD} at (21,88) size 7x11 [bgcolor=#027777] [r=8 c=3 rs=1 cs=1]
              RenderInline {FONT} at (0,0) size 3x11
                RenderText {#text} at (0,0) size 3x11
                  text run at (0,0) width 3: " "
            RenderTableCell {TD} at (28,88) size 7x11 [bgcolor=#026766] [r=8 c=4 rs=1 cs=1]
              RenderInline {FONT} at (0,0) size 3x11
                RenderText {#text} at (0,0) size 3x11
                  text run at (0,0) width 3: " "
            RenderTableCell {TD} at (35,88) size 7x11 [bgcolor=#026766] [r=8 c=5 rs=1 cs=1]
              RenderInline {FONT} at (0,0) size 3x11
                RenderText {#text} at (0,0) size 3x11
                  text run at (0,0) width 3: " "
            RenderTableCell {TD} at (42,88) size 7x11 [bgcolor=#026766] [r=8 c=6 rs=1 cs=1]
              RenderInline {FONT} at (0,0) size 3x11
                RenderText {#text} at (0,0) size 3x11
                  text run at (0,0) width 3: " "
            RenderTableCell {TD} at (49,88) size 7x11 [bgcolor=#026766] [r=8 c=7 rs=1 cs=1]
              RenderInline {FONT} at (0,0) size 3x11
                RenderText {#text} at (0,0) size 3x11
                  text run at (0,0) width 3: " "
            RenderTableCell {TD} at (56,88) size 7x11 [bgcolor=#026766] [r=8 c=8 rs=1 cs=1]
              RenderInline {FONT} at (0,0) size 3x11
                RenderText {#text} at (0,0) size 3x11
                  text run at (0,0) width 3: " "
            RenderTableCell {TD} at (63,88) size 7x11 [bgcolor=#026766] [r=8 c=9 rs=1 cs=1]
              RenderInline {FONT} at (0,0) size 3x11
                RenderText {#text} at (0,0) size 3x11
                  text run at (0,0) width 3: " "
            RenderTableCell {TD} at (70,88) size 7x11 [bgcolor=#026766] [r=8 c=10 rs=1 cs=1]
              RenderInline {FONT} at (0,0) size 3x11
                RenderText {#text} at (0,0) size 3x11
                  text run at (0,0) width 3: " "
            RenderTableCell {TD} at (77,88) size 7x11 [bgcolor=#025E5E] [r=8 c=11 rs=1 cs=1]
              RenderInline {FONT} at (0,0) size 3x11
                RenderText {#text} at (0,0) size 3x11
                  text run at (0,0) width 3: " "
            RenderTableCell {TD} at (84,88) size 7x11 [bgcolor=#025E5E] [r=8 c=12 rs=1 cs=1]
              RenderInline {FONT} at (0,0) size 3x11
                RenderText {#text} at (0,0) size 3x11
                  text run at (0,0) width 3: " "
            RenderTableCell {TD} at (91,88) size 7x11 [bgcolor=#044140] [r=8 c=13 rs=1 cs=1]
              RenderInline {FONT} at (0,0) size 3x11
                RenderText {#text} at (0,0) size 3x11
                  text run at (0,0) width 3: " "
            RenderTableCell {TD} at (98,88) size 7x11 [bgcolor=#223C3D] [r=8 c=14 rs=1 cs=1]
              RenderInline {FONT} at (0,0) size 3x11
                RenderText {#text} at (0,0) size 3x11
                  text run at (0,0) width 3: " "
            RenderTableCell {TD} at (105,88) size 7x11 [bgcolor=#848788] [r=8 c=15 rs=1 cs=1]
              RenderInline {FONT} at (0,0) size 3x11
                RenderText {#text} at (0,0) size 3x11
                  text run at (0,0) width 3: " "
            RenderTableCell {TD} at (112,88) size 8x11 [bgcolor=#FDFDFB] [r=8 c=16 rs=1 cs=1]
              RenderInline {FONT} at (0,0) size 3x11
                RenderText {#text} at (0,0) size 3x11
                  text run at (0,0) width 3: " "
            RenderTableCell {TD} at (120,88) size 8x11 [bgcolor=#FDFDFB] [r=8 c=17 rs=1 cs=1]
              RenderInline {FONT} at (0,0) size 3x11
                RenderText {#text} at (0,0) size 3x11
                  text run at (0,0) width 3: " "
            RenderTableCell {TD} at (128,88) size 8x11 [bgcolor=#2D3433] [r=8 c=18 rs=1 cs=1]
              RenderInline {FONT} at (0,0) size 3x11
                RenderText {#text} at (0,0) size 3x11
                  text run at (0,0) width 3: " "
            RenderTableCell {TD} at (136,88) size 8x11 [bgcolor=#1E7A79] [r=8 c=19 rs=1 cs=1]
              RenderInline {FONT} at (0,0) size 3x11
                RenderText {#text} at (0,0) size 3x11
                  text run at (0,0) width 3: " "
            RenderTableCell {TD} at (144,88) size 8x11 [bgcolor=#027777] [r=8 c=20 rs=1 cs=1]
              RenderInline {FONT} at (0,0) size 3x11
                RenderText {#text} at (0,0) size 3x11
                  text run at (0,0) width 3: " "
            RenderTableCell {TD} at (152,88) size 8x11 [bgcolor=#026766] [r=8 c=21 rs=1 cs=1]
              RenderInline {FONT} at (0,0) size 3x11
                RenderText {#text} at (0,0) size 3x11
                  text run at (0,0) width 3: " "
            RenderTableCell {TD} at (160,88) size 8x11 [bgcolor=#026766] [r=8 c=22 rs=1 cs=1]
              RenderInline {FONT} at (0,0) size 3x11
                RenderText {#text} at (0,0) size 3x11
                  text run at (0,0) width 3: " "
            RenderTableCell {TD} at (168,88) size 8x11 [bgcolor=#026766] [r=8 c=23 rs=1 cs=1]
              RenderInline {FONT} at (0,0) size 3x11
                RenderText {#text} at (0,0) size 3x11
                  text run at (0,0) width 3: " "
            RenderTableCell {TD} at (176,88) size 8x11 [bgcolor=#026766] [r=8 c=24 rs=1 cs=1]
              RenderInline {FONT} at (0,0) size 3x11
                RenderText {#text} at (0,0) size 3x11
                  text run at (0,0) width 3: " "
            RenderTableCell {TD} at (184,88) size 8x11 [bgcolor=#026766] [r=8 c=25 rs=1 cs=1]
              RenderInline {FONT} at (0,0) size 3x11
                RenderText {#text} at (0,0) size 3x11
                  text run at (0,0) width 3: " "
            RenderTableCell {TD} at (192,88) size 8x11 [bgcolor=#026766] [r=8 c=26 rs=1 cs=1]
              RenderInline {FONT} at (0,0) size 3x11
                RenderText {#text} at (0,0) size 3x11
                  text run at (0,0) width 3: " "
            RenderTableCell {TD} at (200,88) size 8x11 [bgcolor=#026766] [r=8 c=27 rs=1 cs=1]
              RenderInline {FONT} at (0,0) size 3x11
                RenderText {#text} at (0,0) size 3x11
                  text run at (0,0) width 3: " "
            RenderTableCell {TD} at (208,88) size 8x11 [bgcolor=#026766] [r=8 c=28 rs=1 cs=1]
              RenderInline {FONT} at (0,0) size 3x11
                RenderText {#text} at (0,0) size 3x11
                  text run at (0,0) width 3: " "
            RenderTableCell {TD} at (216,88) size 8x11 [bgcolor=#025E5E] [r=8 c=29 rs=1 cs=1]
              RenderInline {FONT} at (0,0) size 3x11
                RenderText {#text} at (0,0) size 3x11
                  text run at (0,0) width 3: " "
            RenderTableCell {TD} at (224,88) size 8x11 [bgcolor=#044F4F] [r=8 c=30 rs=1 cs=1]
              RenderInline {FONT} at (0,0) size 3x11
                RenderText {#text} at (0,0) size 3x11
                  text run at (0,0) width 3: " "
            RenderTableCell {TD} at (232,88) size 8x11 [bgcolor=#044140] [r=8 c=31 rs=1 cs=1]
              RenderInline {FONT} at (0,0) size 3x11
                RenderText {#text} at (0,0) size 3x11
                  text run at (0,0) width 3: " "
            RenderTableCell {TD} at (240,88) size 8x11 [bgcolor=#515C5B] [r=8 c=32 rs=1 cs=1]
              RenderInline {FONT} at (0,0) size 3x11
                RenderText {#text} at (0,0) size 3x11
                  text run at (0,0) width 3: " "
            RenderTableCell {TD} at (248,88) size 8x11 [bgcolor=#777878] [r=8 c=33 rs=1 cs=1]
              RenderInline {FONT} at (0,0) size 3x11
                RenderText {#text} at (0,0) size 3x11
                  text run at (0,0) width 3: " "
            RenderTableCell {TD} at (256,88) size 8x11 [bgcolor=#939494] [r=8 c=34 rs=1 cs=1]
              RenderInline {FONT} at (0,0) size 3x11
                RenderText {#text} at (0,0) size 3x11
                  text run at (0,0) width 3: " "
            RenderTableCell {TD} at (264,88) size 8x11 [bgcolor=#7B918F] [r=8 c=35 rs=1 cs=1]
              RenderInline {FONT} at (0,0) size 3x11
                RenderText {#text} at (0,0) size 3x11
                  text run at (0,0) width 3: " "
            RenderTableCell {TD} at (272,88) size 8x11 [bgcolor=#027777] [r=8 c=36 rs=1 cs=1]
              RenderInline {FONT} at (0,0) size 3x11
                RenderText {#text} at (0,0) size 3x11
                  text run at (0,0) width 3: " "
            RenderTableCell {TD} at (280,88) size 8x11 [bgcolor=#027777] [r=8 c=37 rs=1 cs=1]
              RenderInline {FONT} at (0,0) size 3x11
                RenderText {#text} at (0,0) size 3x11
                  text run at (0,0) width 3: " "
            RenderTableCell {TD} at (288,88) size 8x11 [bgcolor=#026766] [r=8 c=38 rs=1 cs=1]
              RenderInline {FONT} at (0,0) size 3x11
                RenderText {#text} at (0,0) size 3x11
                  text run at (0,0) width 3: " "
            RenderTableCell {TD} at (296,88) size 8x11 [bgcolor=#026766] [r=8 c=39 rs=1 cs=1]
              RenderInline {FONT} at (0,0) size 3x11
                RenderText {#text} at (0,0) size 3x11
                  text run at (0,0) width 3: " "
            RenderTableCell {TD} at (304,88) size 8x11 [bgcolor=#026766] [r=8 c=40 rs=1 cs=1]
              RenderInline {FONT} at (0,0) size 3x11
                RenderText {#text} at (0,0) size 3x11
                  text run at (0,0) width 3: " "
            RenderTableCell {TD} at (312,88) size 8x11 [bgcolor=#026766] [r=8 c=41 rs=1 cs=1]
              RenderInline {FONT} at (0,0) size 3x11
                RenderText {#text} at (0,0) size 3x11
                  text run at (0,0) width 3: " "
            RenderTableCell {TD} at (320,88) size 8x11 [bgcolor=#026766] [r=8 c=42 rs=1 cs=1]
              RenderInline {FONT} at (0,0) size 3x11
                RenderText {#text} at (0,0) size 3x11
                  text run at (0,0) width 3: " "
            RenderTableCell {TD} at (328,88) size 8x11 [bgcolor=#026766] [r=8 c=43 rs=1 cs=1]
              RenderInline {FONT} at (0,0) size 3x11
                RenderText {#text} at (0,0) size 3x11
                  text run at (0,0) width 3: " "
            RenderTableCell {TD} at (336,88) size 8x11 [bgcolor=#026766] [r=8 c=44 rs=1 cs=1]
              RenderInline {FONT} at (0,0) size 3x11
                RenderText {#text} at (0,0) size 3x11
                  text run at (0,0) width 3: " "
            RenderTableCell {TD} at (344,88) size 8x11 [bgcolor=#026766] [r=8 c=45 rs=1 cs=1]
              RenderInline {FONT} at (0,0) size 3x11
                RenderText {#text} at (0,0) size 3x11
                  text run at (0,0) width 3: " "
            RenderTableCell {TD} at (352,88) size 8x11 [bgcolor=#026766] [r=8 c=46 rs=1 cs=1]
              RenderInline {FONT} at (0,0) size 3x11
                RenderText {#text} at (0,0) size 3x11
                  text run at (0,0) width 3: " "
            RenderTableCell {TD} at (360,88) size 8x11 [bgcolor=#1A6B6A] [r=8 c=47 rs=1 cs=1]
              RenderInline {FONT} at (0,0) size 3x11
                RenderText {#text} at (0,0) size 3x11
                  text run at (0,0) width 3: " "
            RenderTableCell {TD} at (368,88) size 8x11 [bgcolor=#B6D0D1] [r=8 c=48 rs=1 cs=1]
              RenderInline {FONT} at (0,0) size 3x11
                RenderText {#text} at (0,0) size 3x11
                  text run at (0,0) width 3: " "
            RenderTableCell {TD} at (376,88) size 8x11 [bgcolor=#FDFDFB] [r=8 c=49 rs=1 cs=1]
              RenderInline {FONT} at (0,0) size 3x11
                RenderText {#text} at (0,0) size 3x11
                  text run at (0,0) width 3: " "
            RenderTableCell {TD} at (384,88) size 8x11 [bgcolor=#848788] [r=8 c=50 rs=1 cs=1]
              RenderInline {FONT} at (0,0) size 3x11
                RenderText {#text} at (0,0) size 3x11
                  text run at (0,0) width 3: " "
            RenderTableCell {TD} at (392,88) size 8x11 [bgcolor=#083131] [r=8 c=51 rs=1 cs=1]
              RenderInline {FONT} at (0,0) size 3x11
                RenderText {#text} at (0,0) size 3x11
                  text run at (0,0) width 3: " "
            RenderTableCell {TD} at (400,88) size 8x11 [bgcolor=#083131] [r=8 c=52 rs=1 cs=1]
              RenderInline {FONT} at (0,0) size 3x11
                RenderText {#text} at (0,0) size 3x11
                  text run at (0,0) width 3: " "
            RenderTableCell {TD} at (408,88) size 8x11 [bgcolor=#3D4242] [r=8 c=53 rs=1 cs=1]
              RenderInline {FONT} at (0,0) size 3x11
                RenderText {#text} at (0,0) size 3x11
                  text run at (0,0) width 3: " "
            RenderTableCell {TD} at (416,88) size 8x11 [bgcolor=#4D4F4F] [r=8 c=54 rs=1 cs=1]
              RenderInline {FONT} at (0,0) size 3x11
                RenderText {#text} at (0,0) size 3x11
                  text run at (0,0) width 3: " "
            RenderTableCell {TD} at (424,88) size 8x11 [bgcolor=#696A69] [r=8 c=55 rs=1 cs=1]
              RenderInline {FONT} at (0,0) size 3x11
                RenderText {#text} at (0,0) size 3x11
                  text run at (0,0) width 3: " "
            RenderTableCell {TD} at (432,88) size 8x11 [bgcolor=#777878] [r=8 c=56 rs=1 cs=1]
              RenderInline {FONT} at (0,0) size 3x11
                RenderText {#text} at (0,0) size 3x11
                  text run at (0,0) width 3: " "
            RenderTableCell {TD} at (440,88) size 8x11 [bgcolor=#848788] [r=8 c=57 rs=1 cs=1]
              RenderInline {FONT} at (0,0) size 3x11
                RenderText {#text} at (0,0) size 3x11
                  text run at (0,0) width 3: " "
            RenderTableCell {TD} at (448,88) size 8x11 [bgcolor=#939494] [r=8 c=58 rs=1 cs=1]
              RenderInline {FONT} at (0,0) size 3x11
                RenderText {#text} at (0,0) size 3x11
                  text run at (0,0) width 3: " "
            RenderTableCell {TD} at (456,88) size 8x11 [bgcolor=#939494] [r=8 c=59 rs=1 cs=1]
              RenderInline {FONT} at (0,0) size 3x11
                RenderText {#text} at (0,0) size 3x11
                  text run at (0,0) width 3: " "
            RenderTableCell {TD} at (464,88) size 8x11 [bgcolor=#7B918F] [r=8 c=60 rs=1 cs=1]
              RenderInline {FONT} at (0,0) size 3x11
                RenderText {#text} at (0,0) size 3x11
                  text run at (0,0) width 3: " "
            RenderTableCell {TD} at (472,88) size 8x11 [bgcolor=#048485] [r=8 c=61 rs=1 cs=1]
              RenderInline {FONT} at (0,0) size 3x11
                RenderText {#text} at (0,0) size 3x11
                  text run at (0,0) width 3: " "
            RenderTableCell {TD} at (480,88) size 8x11 [bgcolor=#027777] [r=8 c=62 rs=1 cs=1]
              RenderInline {FONT} at (0,0) size 3x11
                RenderText {#text} at (0,0) size 3x11
                  text run at (0,0) width 3: " "
            RenderTableCell {TD} at (488,88) size 8x11 [bgcolor=#026766] [r=8 c=63 rs=1 cs=1]
              RenderInline {FONT} at (0,0) size 3x11
                RenderText {#text} at (0,0) size 3x11
                  text run at (0,0) width 3: " "
            RenderTableCell {TD} at (496,88) size 8x11 [bgcolor=#026766] [r=8 c=64 rs=1 cs=1]
              RenderInline {FONT} at (0,0) size 3x11
                RenderText {#text} at (0,0) size 3x11
                  text run at (0,0) width 3: " "
            RenderTableCell {TD} at (504,88) size 8x11 [bgcolor=#026766] [r=8 c=65 rs=1 cs=1]
              RenderInline {FONT} at (0,0) size 3x11
                RenderText {#text} at (0,0) size 3x11
                  text run at (0,0) width 3: " "
            RenderTableCell {TD} at (512,88) size 8x11 [bgcolor=#026766] [r=8 c=66 rs=1 cs=1]
              RenderInline {FONT} at (0,0) size 3x11
                RenderText {#text} at (0,0) size 3x11
                  text run at (0,0) width 3: " "
            RenderTableCell {TD} at (520,88) size 8x11 [bgcolor=#026766] [r=8 c=67 rs=1 cs=1]
              RenderInline {FONT} at (0,0) size 3x11
                RenderText {#text} at (0,0) size 3x11
                  text run at (0,0) width 3: " "
            RenderTableCell {TD} at (528,88) size 8x11 [bgcolor=#026766] [r=8 c=68 rs=1 cs=1]
              RenderInline {FONT} at (0,0) size 3x11
                RenderText {#text} at (0,0) size 3x11
                  text run at (0,0) width 3: " "
            RenderTableCell {TD} at (536,88) size 8x11 [bgcolor=#026766] [r=8 c=69 rs=1 cs=1]
              RenderInline {FONT} at (0,0) size 3x11
                RenderText {#text} at (0,0) size 3x11
                  text run at (0,0) width 3: " "
            RenderTableCell {TD} at (544,88) size 8x11 [bgcolor=#1E7A79] [r=8 c=70 rs=1 cs=1]
              RenderInline {FONT} at (0,0) size 3x11
                RenderText {#text} at (0,0) size 3x11
                  text run at (0,0) width 3: " "
            RenderTableCell {TD} at (552,88) size 8x11 [bgcolor=#E0EAE9] [r=8 c=71 rs=1 cs=1]
              RenderInline {FONT} at (0,0) size 3x11
                RenderText {#text} at (0,0) size 3x11
                  text run at (0,0) width 3: " "
            RenderTableCell {TD} at (560,88) size 8x11 [bgcolor=#FDFDFB] [r=8 c=72 rs=1 cs=1]
              RenderInline {FONT} at (0,0) size 3x11
                RenderText {#text} at (0,0) size 3x11
                  text run at (0,0) width 3: " "
            RenderTableCell {TD} at (568,88) size 8x11 [bgcolor=#4D4F4F] [r=8 c=73 rs=1 cs=1]
              RenderInline {FONT} at (0,0) size 3x11
                RenderText {#text} at (0,0) size 3x11
                  text run at (0,0) width 3: " "
            RenderTableCell {TD} at (576,88) size 8x11 [bgcolor=#515C5B] [r=8 c=74 rs=1 cs=1]
              RenderInline {FONT} at (0,0) size 3x11
                RenderText {#text} at (0,0) size 3x11
                  text run at (0,0) width 3: " "
            RenderTableCell {TD} at (584,88) size 8x11 [bgcolor=#777878] [r=8 c=75 rs=1 cs=1]
              RenderInline {FONT} at (0,0) size 3x11
                RenderText {#text} at (0,0) size 3x11
                  text run at (0,0) width 3: " "
            RenderTableCell {TD} at (592,88) size 8x11 [bgcolor=#848788] [r=8 c=76 rs=1 cs=1]
              RenderInline {FONT} at (0,0) size 3x11
                RenderText {#text} at (0,0) size 3x11
                  text run at (0,0) width 3: " "
            RenderTableCell {TD} at (600,88) size 8x11 [bgcolor=#848788] [r=8 c=77 rs=1 cs=1]
              RenderInline {FONT} at (0,0) size 3x11
                RenderText {#text} at (0,0) size 3x11
                  text run at (0,0) width 3: " "
            RenderTableCell {TD} at (608,88) size 8x11 [bgcolor=#1E7A79] [r=8 c=78 rs=1 cs=1]
              RenderInline {FONT} at (0,0) size 3x11
                RenderText {#text} at (0,0) size 3x11
                  text run at (0,0) width 3: " "
            RenderTableCell {TD} at (616,88) size 8x11 [bgcolor=#027777] [r=8 c=79 rs=1 cs=1]
              RenderInline {FONT} at (0,0) size 3x11
                RenderText {#text} at (0,0) size 3x11
                  text run at (0,0) width 3: " "
            RenderTableCell {TD} at (624,88) size 8x11 [bgcolor=#026766] [r=8 c=80 rs=1 cs=1]
              RenderInline {FONT} at (0,0) size 3x11
                RenderText {#text} at (0,0) size 3x11
                  text run at (0,0) width 3: " "
            RenderTableCell {TD} at (632,88) size 8x11 [bgcolor=#026766] [r=8 c=81 rs=1 cs=1]
              RenderInline {FONT} at (0,0) size 3x11
                RenderText {#text} at (0,0) size 3x11
                  text run at (0,0) width 3: " "
            RenderTableCell {TD} at (640,88) size 8x11 [bgcolor=#026766] [r=8 c=82 rs=1 cs=1]
              RenderInline {FONT} at (0,0) size 3x11
                RenderText {#text} at (0,0) size 3x11
                  text run at (0,0) width 3: " "
            RenderTableCell {TD} at (648,88) size 8x11 [bgcolor=#026766] [r=8 c=83 rs=1 cs=1]
              RenderInline {FONT} at (0,0) size 3x11
                RenderText {#text} at (0,0) size 3x11
                  text run at (0,0) width 3: " "
            RenderTableCell {TD} at (656,88) size 8x11 [bgcolor=#026766] [r=8 c=84 rs=1 cs=1]
              RenderInline {FONT} at (0,0) size 3x11
                RenderText {#text} at (0,0) size 3x11
                  text run at (0,0) width 3: " "
            RenderTableCell {TD} at (664,88) size 8x11 [bgcolor=#026766] [r=8 c=85 rs=1 cs=1]
              RenderInline {FONT} at (0,0) size 3x11
                RenderText {#text} at (0,0) size 3x11
                  text run at (0,0) width 3: " "
            RenderTableCell {TD} at (672,88) size 8x11 [bgcolor=#026766] [r=8 c=86 rs=1 cs=1]
              RenderInline {FONT} at (0,0) size 3x11
                RenderText {#text} at (0,0) size 3x11
                  text run at (0,0) width 3: " "
            RenderTableCell {TD} at (680,88) size 8x11 [bgcolor=#026766] [r=8 c=87 rs=1 cs=1]
              RenderInline {FONT} at (0,0) size 3x11
                RenderText {#text} at (0,0) size 3x11
                  text run at (0,0) width 3: " "
            RenderTableCell {TD} at (688,88) size 8x11 [bgcolor=#026766] [r=8 c=88 rs=1 cs=1]
              RenderInline {FONT} at (0,0) size 3x11
                RenderText {#text} at (0,0) size 3x11
                  text run at (0,0) width 3: " "
            RenderTableCell {TD} at (696,88) size 8x11 [bgcolor=#026766] [r=8 c=89 rs=1 cs=1]
              RenderInline {FONT} at (0,0) size 3x11
                RenderText {#text} at (0,0) size 3x11
                  text run at (0,0) width 3: " "
            RenderTableCell {TD} at (704,88) size 8x11 [bgcolor=#338686] [r=8 c=90 rs=1 cs=1]
              RenderInline {FONT} at (0,0) size 3x11
                RenderText {#text} at (0,0) size 3x11
                  text run at (0,0) width 3: " "
            RenderTableCell {TD} at (712,88) size 8x11 [bgcolor=#EDEEEF] [r=8 c=91 rs=1 cs=1]
              RenderInline {FONT} at (0,0) size 3x11
                RenderText {#text} at (0,0) size 3x11
                  text run at (0,0) width 3: " "
            RenderTableCell {TD} at (720,88) size 8x11 [bgcolor=#FDFDFB] [r=8 c=92 rs=1 cs=1]
              RenderInline {FONT} at (0,0) size 3x11
                RenderText {#text} at (0,0) size 3x11
                  text run at (0,0) width 3: " "
            RenderTableCell {TD} at (728,88) size 8x11 [bgcolor=#223C3D] [r=8 c=93 rs=1 cs=1]
              RenderInline {FONT} at (0,0) size 3x11
                RenderText {#text} at (0,0) size 3x11
                  text run at (0,0) width 3: " "
            RenderTableCell {TD} at (736,88) size 8x11 [bgcolor=#223C3D] [r=8 c=94 rs=1 cs=1]
              RenderInline {FONT} at (0,0) size 3x11
                RenderText {#text} at (0,0) size 3x11
                  text run at (0,0) width 3: " "
            RenderTableCell {TD} at (744,88) size 8x11 [bgcolor=#5E5F60] [r=8 c=95 rs=1 cs=1]
              RenderInline {FONT} at (0,0) size 3x11
                RenderText {#text} at (0,0) size 3x11
                  text run at (0,0) width 3: " "
            RenderTableCell {TD} at (752,88) size 8x11 [bgcolor=#777878] [r=8 c=96 rs=1 cs=1]
              RenderInline {FONT} at (0,0) size 3x11
                RenderText {#text} at (0,0) size 3x11
                  text run at (0,0) width 3: " "
            RenderTableCell {TD} at (760,88) size 8x11 [bgcolor=#848788] [r=8 c=97 rs=1 cs=1]
              RenderInline {FONT} at (0,0) size 3x11
                RenderText {#text} at (0,0) size 3x11
                  text run at (0,0) width 3: " "
            RenderTableCell {TD} at (768,88) size 8x11 [bgcolor=#777878] [r=8 c=98 rs=1 cs=1]
              RenderInline {FONT} at (0,0) size 3x11
                RenderText {#text} at (0,0) size 3x11
                  text run at (0,0) width 3: " "
            RenderTableCell {TD} at (776,88) size 8x11 [bgcolor=#4D4F4F] [r=8 c=99 rs=1 cs=1]
              RenderInline {FONT} at (0,0) size 3x11
                RenderText {#text} at (0,0) size 3x11
                  text run at (0,0) width 3: " "
          RenderTableRow {TR} at (0,99) size 784x11
            RenderTableCell {TD} at (0,99) size 7x11 [bgcolor=#EDEEEF] [r=9 c=0 rs=1 cs=1]
              RenderInline {FONT} at (0,0) size 3x11
                RenderText {#text} at (0,0) size 3x11
                  text run at (0,0) width 3: " "
            RenderTableCell {TD} at (7,99) size 7x11 [bgcolor=#44A3A2] [r=9 c=1 rs=1 cs=1]
              RenderInline {FONT} at (0,0) size 3x11
                RenderText {#text} at (0,0) size 3x11
                  text run at (0,0) width 3: " "
            RenderTableCell {TD} at (14,99) size 7x11 [bgcolor=#048485] [r=9 c=2 rs=1 cs=1]
              RenderInline {FONT} at (0,0) size 3x11
                RenderText {#text} at (0,0) size 3x11
                  text run at (0,0) width 3: " "
            RenderTableCell {TD} at (21,99) size 7x11 [bgcolor=#027777] [r=9 c=3 rs=1 cs=1]
              RenderInline {FONT} at (0,0) size 3x11
                RenderText {#text} at (0,0) size 3x11
                  text run at (0,0) width 3: " "
            RenderTableCell {TD} at (28,99) size 7x11 [bgcolor=#469191] [r=9 c=4 rs=1 cs=1]
              RenderInline {FONT} at (0,0) size 3x11
                RenderText {#text} at (0,0) size 3x11
                  text run at (0,0) width 3: " "
            RenderTableCell {TD} at (35,99) size 7x11 [bgcolor=#7CAEAF] [r=9 c=5 rs=1 cs=1]
              RenderInline {FONT} at (0,0) size 3x11
                RenderText {#text} at (0,0) size 3x11
                  text run at (0,0) width 3: " "
            RenderTableCell {TD} at (42,99) size 7x11 [bgcolor=#97C1C0] [r=9 c=6 rs=1 cs=1]
              RenderInline {FONT} at (0,0) size 3x11
                RenderText {#text} at (0,0) size 3x11
                  text run at (0,0) width 3: " "
            RenderTableCell {TD} at (49,99) size 7x11 [bgcolor=#97C1C0] [r=9 c=7 rs=1 cs=1]
              RenderInline {FONT} at (0,0) size 3x11
                RenderText {#text} at (0,0) size 3x11
                  text run at (0,0) width 3: " "
            RenderTableCell {TD} at (56,99) size 7x11 [bgcolor=#97C1C0] [r=9 c=8 rs=1 cs=1]
              RenderInline {FONT} at (0,0) size 3x11
                RenderText {#text} at (0,0) size 3x11
                  text run at (0,0) width 3: " "
            RenderTableCell {TD} at (63,99) size 7x11 [bgcolor=#7CAEAF] [r=9 c=9 rs=1 cs=1]
              RenderInline {FONT} at (0,0) size 3x11
                RenderText {#text} at (0,0) size 3x11
                  text run at (0,0) width 3: " "
            RenderTableCell {TD} at (70,99) size 7x11 [bgcolor=#469191] [r=9 c=10 rs=1 cs=1]
              RenderInline {FONT} at (0,0) size 3x11
                RenderText {#text} at (0,0) size 3x11
                  text run at (0,0) width 3: " "
            RenderTableCell {TD} at (77,99) size 7x11 [bgcolor=#1A6B6A] [r=9 c=11 rs=1 cs=1]
              RenderInline {FONT} at (0,0) size 3x11
                RenderText {#text} at (0,0) size 3x11
                  text run at (0,0) width 3: " "
            RenderTableCell {TD} at (84,99) size 7x11 [bgcolor=#025E5E] [r=9 c=12 rs=1 cs=1]
              RenderInline {FONT} at (0,0) size 3x11
                RenderText {#text} at (0,0) size 3x11
                  text run at (0,0) width 3: " "
            RenderTableCell {TD} at (91,99) size 7x11 [bgcolor=#044140] [r=9 c=13 rs=1 cs=1]
              RenderInline {FONT} at (0,0) size 3x11
                RenderText {#text} at (0,0) size 3x11
                  text run at (0,0) width 3: " "
            RenderTableCell {TD} at (98,99) size 7x11 [bgcolor=#223C3D] [r=9 c=14 rs=1 cs=1]
              RenderInline {FONT} at (0,0) size 3x11
                RenderText {#text} at (0,0) size 3x11
                  text run at (0,0) width 3: " "
            RenderTableCell {TD} at (105,99) size 7x11 [bgcolor=#848788] [r=9 c=15 rs=1 cs=1]
              RenderInline {FONT} at (0,0) size 3x11
                RenderText {#text} at (0,0) size 3x11
                  text run at (0,0) width 3: " "
            RenderTableCell {TD} at (112,99) size 8x11 [bgcolor=#FDFDFB] [r=9 c=16 rs=1 cs=1]
              RenderInline {FONT} at (0,0) size 3x11
                RenderText {#text} at (0,0) size 3x11
                  text run at (0,0) width 3: " "
            RenderTableCell {TD} at (120,99) size 8x11 [bgcolor=#FDFDFB] [r=9 c=17 rs=1 cs=1]
              RenderInline {FONT} at (0,0) size 3x11
                RenderText {#text} at (0,0) size 3x11
                  text run at (0,0) width 3: " "
            RenderTableCell {TD} at (128,99) size 8x11 [bgcolor=#2D3433] [r=9 c=18 rs=1 cs=1]
              RenderInline {FONT} at (0,0) size 3x11
                RenderText {#text} at (0,0) size 3x11
                  text run at (0,0) width 3: " "
            RenderTableCell {TD} at (136,99) size 8x11 [bgcolor=#1E7A79] [r=9 c=19 rs=1 cs=1]
              RenderInline {FONT} at (0,0) size 3x11
                RenderText {#text} at (0,0) size 3x11
                  text run at (0,0) width 3: " "
            RenderTableCell {TD} at (144,99) size 8x11 [bgcolor=#027777] [r=9 c=20 rs=1 cs=1]
              RenderInline {FONT} at (0,0) size 3x11
                RenderText {#text} at (0,0) size 3x11
                  text run at (0,0) width 3: " "
            RenderTableCell {TD} at (152,99) size 8x11 [bgcolor=#026766] [r=9 c=21 rs=1 cs=1]
              RenderInline {FONT} at (0,0) size 3x11
                RenderText {#text} at (0,0) size 3x11
                  text run at (0,0) width 3: " "
            RenderTableCell {TD} at (160,99) size 8x11 [bgcolor=#1E7A79] [r=9 c=22 rs=1 cs=1]
              RenderInline {FONT} at (0,0) size 3x11
                RenderText {#text} at (0,0) size 3x11
                  text run at (0,0) width 3: " "
            RenderTableCell {TD} at (168,99) size 8x11 [bgcolor=#469191] [r=9 c=23 rs=1 cs=1]
              RenderInline {FONT} at (0,0) size 3x11
                RenderText {#text} at (0,0) size 3x11
                  text run at (0,0) width 3: " "
            RenderTableCell {TD} at (176,99) size 8x11 [bgcolor=#7CAEAF] [r=9 c=24 rs=1 cs=1]
              RenderInline {FONT} at (0,0) size 3x11
                RenderText {#text} at (0,0) size 3x11
                  text run at (0,0) width 3: " "
            RenderTableCell {TD} at (184,99) size 8x11 [bgcolor=#97C1C0] [r=9 c=25 rs=1 cs=1]
              RenderInline {FONT} at (0,0) size 3x11
                RenderText {#text} at (0,0) size 3x11
                  text run at (0,0) width 3: " "
            RenderTableCell {TD} at (192,99) size 8x11 [bgcolor=#97C1C0] [r=9 c=26 rs=1 cs=1]
              RenderInline {FONT} at (0,0) size 3x11
                RenderText {#text} at (0,0) size 3x11
                  text run at (0,0) width 3: " "
            RenderTableCell {TD} at (200,99) size 8x11 [bgcolor=#97C1C0] [r=9 c=27 rs=1 cs=1]
              RenderInline {FONT} at (0,0) size 3x11
                RenderText {#text} at (0,0) size 3x11
                  text run at (0,0) width 3: " "
            RenderTableCell {TD} at (208,99) size 8x11 [bgcolor=#7CAEAF] [r=9 c=28 rs=1 cs=1]
              RenderInline {FONT} at (0,0) size 3x11
                RenderText {#text} at (0,0) size 3x11
                  text run at (0,0) width 3: " "
            RenderTableCell {TD} at (216,99) size 8x11 [bgcolor=#589594] [r=9 c=29 rs=1 cs=1]
              RenderInline {FONT} at (0,0) size 3x11
                RenderText {#text} at (0,0) size 3x11
                  text run at (0,0) width 3: " "
            RenderTableCell {TD} at (224,99) size 8x11 [bgcolor=#1E7A79] [r=9 c=30 rs=1 cs=1]
              RenderInline {FONT} at (0,0) size 3x11
                RenderText {#text} at (0,0) size 3x11
                  text run at (0,0) width 3: " "
            RenderTableCell {TD} at (232,99) size 8x11 [bgcolor=#044F4F] [r=9 c=31 rs=1 cs=1]
              RenderInline {FONT} at (0,0) size 3x11
                RenderText {#text} at (0,0) size 3x11
                  text run at (0,0) width 3: " "
            RenderTableCell {TD} at (240,99) size 8x11 [bgcolor=#344C4E] [r=9 c=32 rs=1 cs=1]
              RenderInline {FONT} at (0,0) size 3x11
                RenderText {#text} at (0,0) size 3x11
                  text run at (0,0) width 3: " "
            RenderTableCell {TD} at (248,99) size 8x11 [bgcolor=#696A69] [r=9 c=33 rs=1 cs=1]
              RenderInline {FONT} at (0,0) size 3x11
                RenderText {#text} at (0,0) size 3x11
                  text run at (0,0) width 3: " "
            RenderTableCell {TD} at (256,99) size 8x11 [bgcolor=#848788] [r=9 c=34 rs=1 cs=1]
              RenderInline {FONT} at (0,0) size 3x11
                RenderText {#text} at (0,0) size 3x11
                  text run at (0,0) width 3: " "
            RenderTableCell {TD} at (264,99) size 8x11 [bgcolor=#848788] [r=9 c=35 rs=1 cs=1]
              RenderInline {FONT} at (0,0) size 3x11
                RenderText {#text} at (0,0) size 3x11
                  text run at (0,0) width 3: " "
            RenderTableCell {TD} at (272,99) size 8x11 [bgcolor=#249393] [r=9 c=36 rs=1 cs=1]
              RenderInline {FONT} at (0,0) size 3x11
                RenderText {#text} at (0,0) size 3x11
                  text run at (0,0) width 3: " "
            RenderTableCell {TD} at (280,99) size 8x11 [bgcolor=#60A2A3] [r=9 c=37 rs=1 cs=1]
              RenderInline {FONT} at (0,0) size 3x11
                RenderText {#text} at (0,0) size 3x11
                  text run at (0,0) width 3: " "
            RenderTableCell {TD} at (288,99) size 8x11 [bgcolor=#8DB7B6] [r=9 c=38 rs=1 cs=1]
              RenderInline {FONT} at (0,0) size 3x11
                RenderText {#text} at (0,0) size 3x11
                  text run at (0,0) width 3: " "
            RenderTableCell {TD} at (296,99) size 8x11 [bgcolor=#97C1C0] [r=9 c=39 rs=1 cs=1]
              RenderInline {FONT} at (0,0) size 3x11
                RenderText {#text} at (0,0) size 3x11
                  text run at (0,0) width 3: " "
            RenderTableCell {TD} at (304,99) size 8x11 [bgcolor=#97C1C0] [r=9 c=40 rs=1 cs=1]
              RenderInline {FONT} at (0,0) size 3x11
                RenderText {#text} at (0,0) size 3x11
                  text run at (0,0) width 3: " "
            RenderTableCell {TD} at (312,99) size 8x11 [bgcolor=#8DB7B6] [r=9 c=41 rs=1 cs=1]
              RenderInline {FONT} at (0,0) size 3x11
                RenderText {#text} at (0,0) size 3x11
                  text run at (0,0) width 3: " "
            RenderTableCell {TD} at (320,99) size 8x11 [bgcolor=#60A2A3] [r=9 c=42 rs=1 cs=1]
              RenderInline {FONT} at (0,0) size 3x11
                RenderText {#text} at (0,0) size 3x11
                  text run at (0,0) width 3: " "
            RenderTableCell {TD} at (328,99) size 8x11 [bgcolor=#287A7A] [r=9 c=43 rs=1 cs=1]
              RenderInline {FONT} at (0,0) size 3x11
                RenderText {#text} at (0,0) size 3x11
                  text run at (0,0) width 3: " "
            RenderTableCell {TD} at (336,99) size 8x11 [bgcolor=#026766] [r=9 c=44 rs=1 cs=1]
              RenderInline {FONT} at (0,0) size 3x11
                RenderText {#text} at (0,0) size 3x11
                  text run at (0,0) width 3: " "
            RenderTableCell {TD} at (344,99) size 8x11 [bgcolor=#026766] [r=9 c=45 rs=1 cs=1]
              RenderInline {FONT} at (0,0) size 3x11
                RenderText {#text} at (0,0) size 3x11
                  text run at (0,0) width 3: " "
            RenderTableCell {TD} at (352,99) size 8x11 [bgcolor=#026766] [r=9 c=46 rs=1 cs=1]
              RenderInline {FONT} at (0,0) size 3x11
                RenderText {#text} at (0,0) size 3x11
                  text run at (0,0) width 3: " "
            RenderTableCell {TD} at (360,99) size 8x11 [bgcolor=#1A6B6A] [r=9 c=47 rs=1 cs=1]
              RenderInline {FONT} at (0,0) size 3x11
                RenderText {#text} at (0,0) size 3x11
                  text run at (0,0) width 3: " "
            RenderTableCell {TD} at (368,99) size 8x11 [bgcolor=#B6D0D1] [r=9 c=48 rs=1 cs=1]
              RenderInline {FONT} at (0,0) size 3x11
                RenderText {#text} at (0,0) size 3x11
                  text run at (0,0) width 3: " "
            RenderTableCell {TD} at (376,99) size 8x11 [bgcolor=#FDFDFB] [r=9 c=49 rs=1 cs=1]
              RenderInline {FONT} at (0,0) size 3x11
                RenderText {#text} at (0,0) size 3x11
                  text run at (0,0) width 3: " "
            RenderTableCell {TD} at (384,99) size 8x11 [bgcolor=#848788] [r=9 c=50 rs=1 cs=1]
              RenderInline {FONT} at (0,0) size 3x11
                RenderText {#text} at (0,0) size 3x11
                  text run at (0,0) width 3: " "
            RenderTableCell {TD} at (392,99) size 8x11 [bgcolor=#274C4D] [r=9 c=51 rs=1 cs=1]
              RenderInline {FONT} at (0,0) size 3x11
                RenderText {#text} at (0,0) size 3x11
                  text run at (0,0) width 3: " "
            RenderTableCell {TD} at (400,99) size 8x11 [bgcolor=#848788] [r=9 c=52 rs=1 cs=1]
              RenderInline {FONT} at (0,0) size 3x11
                RenderText {#text} at (0,0) size 3x11
                  text run at (0,0) width 3: " "
            RenderTableCell {TD} at (408,99) size 8x11 [bgcolor=#B4B4B4] [r=9 c=53 rs=1 cs=1]
              RenderInline {FONT} at (0,0) size 3x11
                RenderText {#text} at (0,0) size 3x11
                  text run at (0,0) width 3: " "
            RenderTableCell {TD} at (416,99) size 8x11 [bgcolor=#BEC2C2] [r=9 c=54 rs=1 cs=1]
              RenderInline {FONT} at (0,0) size 3x11
                RenderText {#text} at (0,0) size 3x11
                  text run at (0,0) width 3: " "
            RenderTableCell {TD} at (424,99) size 8x11 [bgcolor=#BEC2C2] [r=9 c=55 rs=1 cs=1]
              RenderInline {FONT} at (0,0) size 3x11
                RenderText {#text} at (0,0) size 3x11
                  text run at (0,0) width 3: " "
            RenderTableCell {TD} at (432,99) size 8x11 [bgcolor=#B4B4B4] [r=9 c=56 rs=1 cs=1]
              RenderInline {FONT} at (0,0) size 3x11
                RenderText {#text} at (0,0) size 3x11
                  text run at (0,0) width 3: " "
            RenderTableCell {TD} at (440,99) size 8x11 [bgcolor=#A5A6A6] [r=9 c=57 rs=1 cs=1]
              RenderInline {FONT} at (0,0) size 3x11
                RenderText {#text} at (0,0) size 3x11
                  text run at (0,0) width 3: " "
            RenderTableCell {TD} at (448,99) size 8x11 [bgcolor=#939494] [r=9 c=58 rs=1 cs=1]
              RenderInline {FONT} at (0,0) size 3x11
                RenderText {#text} at (0,0) size 3x11
                  text run at (0,0) width 3: " "
            RenderTableCell {TD} at (456,99) size 8x11 [bgcolor=#939494] [r=9 c=59 rs=1 cs=1]
              RenderInline {FONT} at (0,0) size 3x11
                RenderText {#text} at (0,0) size 3x11
                  text run at (0,0) width 3: " "
            RenderTableCell {TD} at (464,99) size 8x11 [bgcolor=#469191] [r=9 c=60 rs=1 cs=1]
              RenderInline {FONT} at (0,0) size 3x11
                RenderText {#text} at (0,0) size 3x11
                  text run at (0,0) width 3: " "
            RenderTableCell {TD} at (472,99) size 8x11 [bgcolor=#048485] [r=9 c=61 rs=1 cs=1]
              RenderInline {FONT} at (0,0) size 3x11
                RenderText {#text} at (0,0) size 3x11
                  text run at (0,0) width 3: " "
            RenderTableCell {TD} at (480,99) size 8x11 [bgcolor=#027777] [r=9 c=62 rs=1 cs=1]
              RenderInline {FONT} at (0,0) size 3x11
                RenderText {#text} at (0,0) size 3x11
                  text run at (0,0) width 3: " "
            RenderTableCell {TD} at (488,99) size 8x11 [bgcolor=#1A6B6A] [r=9 c=63 rs=1 cs=1]
              RenderInline {FONT} at (0,0) size 3x11
                RenderText {#text} at (0,0) size 3x11
                  text run at (0,0) width 3: " "
            RenderTableCell {TD} at (496,99) size 8x11 [bgcolor=#469191] [r=9 c=64 rs=1 cs=1]
              RenderInline {FONT} at (0,0) size 3x11
                RenderText {#text} at (0,0) size 3x11
                  text run at (0,0) width 3: " "
            RenderTableCell {TD} at (504,99) size 8x11 [bgcolor=#7CAEAF] [r=9 c=65 rs=1 cs=1]
              RenderInline {FONT} at (0,0) size 3x11
                RenderText {#text} at (0,0) size 3x11
                  text run at (0,0) width 3: " "
            RenderTableCell {TD} at (512,99) size 8x11 [bgcolor=#97C1C0] [r=9 c=66 rs=1 cs=1]
              RenderInline {FONT} at (0,0) size 3x11
                RenderText {#text} at (0,0) size 3x11
                  text run at (0,0) width 3: " "
            RenderTableCell {TD} at (520,99) size 8x11 [bgcolor=#97C1C0] [r=9 c=67 rs=1 cs=1]
              RenderInline {FONT} at (0,0) size 3x11
                RenderText {#text} at (0,0) size 3x11
                  text run at (0,0) width 3: " "
            RenderTableCell {TD} at (528,99) size 8x11 [bgcolor=#7CAEAF] [r=9 c=68 rs=1 cs=1]
              RenderInline {FONT} at (0,0) size 3x11
                RenderText {#text} at (0,0) size 3x11
                  text run at (0,0) width 3: " "
            RenderTableCell {TD} at (536,99) size 8x11 [bgcolor=#469191] [r=9 c=69 rs=1 cs=1]
              RenderInline {FONT} at (0,0) size 3x11
                RenderText {#text} at (0,0) size 3x11
                  text run at (0,0) width 3: " "
            RenderTableCell {TD} at (544,99) size 8x11 [bgcolor=#338686] [r=9 c=70 rs=1 cs=1]
              RenderInline {FONT} at (0,0) size 3x11
                RenderText {#text} at (0,0) size 3x11
                  text run at (0,0) width 3: " "
            RenderTableCell {TD} at (552,99) size 8x11 [bgcolor=#E0EAE9] [r=9 c=71 rs=1 cs=1]
              RenderInline {FONT} at (0,0) size 3x11
                RenderText {#text} at (0,0) size 3x11
                  text run at (0,0) width 3: " "
            RenderTableCell {TD} at (560,99) size 8x11 [bgcolor=#FDFDFB] [r=9 c=72 rs=1 cs=1]
              RenderInline {FONT} at (0,0) size 3x11
                RenderText {#text} at (0,0) size 3x11
                  text run at (0,0) width 3: " "
            RenderTableCell {TD} at (568,99) size 8x11 [bgcolor=#4D4F4F] [r=9 c=73 rs=1 cs=1]
              RenderInline {FONT} at (0,0) size 3x11
                RenderText {#text} at (0,0) size 3x11
                  text run at (0,0) width 3: " "
            RenderTableCell {TD} at (576,99) size 8x11 [bgcolor=#5E5F60] [r=9 c=74 rs=1 cs=1]
              RenderInline {FONT} at (0,0) size 3x11
                RenderText {#text} at (0,0) size 3x11
                  text run at (0,0) width 3: " "
            RenderTableCell {TD} at (584,99) size 8x11 [bgcolor=#777878] [r=9 c=75 rs=1 cs=1]
              RenderInline {FONT} at (0,0) size 3x11
                RenderText {#text} at (0,0) size 3x11
                  text run at (0,0) width 3: " "
            RenderTableCell {TD} at (592,99) size 8x11 [bgcolor=#939494] [r=9 c=76 rs=1 cs=1]
              RenderInline {FONT} at (0,0) size 3x11
                RenderText {#text} at (0,0) size 3x11
                  text run at (0,0) width 3: " "
            RenderTableCell {TD} at (600,99) size 8x11 [bgcolor=#939494] [r=9 c=77 rs=1 cs=1]
              RenderInline {FONT} at (0,0) size 3x11
                RenderText {#text} at (0,0) size 3x11
                  text run at (0,0) width 3: " "
            RenderTableCell {TD} at (608,99) size 8x11 [bgcolor=#589594] [r=9 c=78 rs=1 cs=1]
              RenderInline {FONT} at (0,0) size 3x11
                RenderText {#text} at (0,0) size 3x11
                  text run at (0,0) width 3: " "
            RenderTableCell {TD} at (616,99) size 8x11 [bgcolor=#5CADAE] [r=9 c=79 rs=1 cs=1]
              RenderInline {FONT} at (0,0) size 3x11
                RenderText {#text} at (0,0) size 3x11
                  text run at (0,0) width 3: " "
            RenderTableCell {TD} at (624,99) size 8x11 [bgcolor=#7DBAB9] [r=9 c=80 rs=1 cs=1]
              RenderInline {FONT} at (0,0) size 3x11
                RenderText {#text} at (0,0) size 3x11
                  text run at (0,0) width 3: " "
            RenderTableCell {TD} at (632,99) size 8x11 [bgcolor=#97C1C0] [r=9 c=81 rs=1 cs=1]
              RenderInline {FONT} at (0,0) size 3x11
                RenderText {#text} at (0,0) size 3x11
                  text run at (0,0) width 3: " "
            RenderTableCell {TD} at (640,99) size 8x11 [bgcolor=#97C1C0] [r=9 c=82 rs=1 cs=1]
              RenderInline {FONT} at (0,0) size 3x11
                RenderText {#text} at (0,0) size 3x11
                  text run at (0,0) width 3: " "
            RenderTableCell {TD} at (648,99) size 8x11 [bgcolor=#7CAEAF] [r=9 c=83 rs=1 cs=1]
              RenderInline {FONT} at (0,0) size 3x11
                RenderText {#text} at (0,0) size 3x11
                  text run at (0,0) width 3: " "
            RenderTableCell {TD} at (656,99) size 8x11 [bgcolor=#469191] [r=9 c=84 rs=1 cs=1]
              RenderInline {FONT} at (0,0) size 3x11
                RenderText {#text} at (0,0) size 3x11
                  text run at (0,0) width 3: " "
            RenderTableCell {TD} at (664,99) size 8x11 [bgcolor=#1E7A79] [r=9 c=85 rs=1 cs=1]
              RenderInline {FONT} at (0,0) size 3x11
                RenderText {#text} at (0,0) size 3x11
                  text run at (0,0) width 3: " "
            RenderTableCell {TD} at (672,99) size 8x11 [bgcolor=#026766] [r=9 c=86 rs=1 cs=1]
              RenderInline {FONT} at (0,0) size 3x11
                RenderText {#text} at (0,0) size 3x11
                  text run at (0,0) width 3: " "
            RenderTableCell {TD} at (680,99) size 8x11 [bgcolor=#026766] [r=9 c=87 rs=1 cs=1]
              RenderInline {FONT} at (0,0) size 3x11
                RenderText {#text} at (0,0) size 3x11
                  text run at (0,0) width 3: " "
            RenderTableCell {TD} at (688,99) size 8x11 [bgcolor=#026766] [r=9 c=88 rs=1 cs=1]
              RenderInline {FONT} at (0,0) size 3x11
                RenderText {#text} at (0,0) size 3x11
                  text run at (0,0) width 3: " "
            RenderTableCell {TD} at (696,99) size 8x11 [bgcolor=#469191] [r=9 c=89 rs=1 cs=1]
              RenderInline {FONT} at (0,0) size 3x11
                RenderText {#text} at (0,0) size 3x11
                  text run at (0,0) width 3: " "
            RenderTableCell {TD} at (704,99) size 8x11 [bgcolor=#7CAEAF] [r=9 c=90 rs=1 cs=1]
              RenderInline {FONT} at (0,0) size 3x11
                RenderText {#text} at (0,0) size 3x11
                  text run at (0,0) width 3: " "
            RenderTableCell {TD} at (712,99) size 8x11 [bgcolor=#EDEEEF] [r=9 c=91 rs=1 cs=1]
              RenderInline {FONT} at (0,0) size 3x11
                RenderText {#text} at (0,0) size 3x11
                  text run at (0,0) width 3: " "
            RenderTableCell {TD} at (720,99) size 8x11 [bgcolor=#FDFDFB] [r=9 c=92 rs=1 cs=1]
              RenderInline {FONT} at (0,0) size 3x11
                RenderText {#text} at (0,0) size 3x11
                  text run at (0,0) width 3: " "
            RenderTableCell {TD} at (728,99) size 8x11 [bgcolor=#848788] [r=9 c=93 rs=1 cs=1]
              RenderInline {FONT} at (0,0) size 3x11
                RenderText {#text} at (0,0) size 3x11
                  text run at (0,0) width 3: " "
            RenderTableCell {TD} at (736,99) size 8x11 [bgcolor=#848788] [r=9 c=94 rs=1 cs=1]
              RenderInline {FONT} at (0,0) size 3x11
                RenderText {#text} at (0,0) size 3x11
                  text run at (0,0) width 3: " "
            RenderTableCell {TD} at (744,99) size 8x11 [bgcolor=#777878] [r=9 c=95 rs=1 cs=1]
              RenderInline {FONT} at (0,0) size 3x11
                RenderText {#text} at (0,0) size 3x11
                  text run at (0,0) width 3: " "
            RenderTableCell {TD} at (752,99) size 8x11 [bgcolor=#777878] [r=9 c=96 rs=1 cs=1]
              RenderInline {FONT} at (0,0) size 3x11
                RenderText {#text} at (0,0) size 3x11
                  text run at (0,0) width 3: " "
            RenderTableCell {TD} at (760,99) size 8x11 [bgcolor=#848788] [r=9 c=97 rs=1 cs=1]
              RenderInline {FONT} at (0,0) size 3x11
                RenderText {#text} at (0,0) size 3x11
                  text run at (0,0) width 3: " "
            RenderTableCell {TD} at (768,99) size 8x11 [bgcolor=#777878] [r=9 c=98 rs=1 cs=1]
              RenderInline {FONT} at (0,0) size 3x11
                RenderText {#text} at (0,0) size 3x11
                  text run at (0,0) width 3: " "
            RenderTableCell {TD} at (776,99) size 8x11 [bgcolor=#4D4F4F] [r=9 c=99 rs=1 cs=1]
              RenderInline {FONT} at (0,0) size 3x11
                RenderText {#text} at (0,0) size 3x11
                  text run at (0,0) width 3: " "
          RenderTableRow {TR} at (0,110) size 784x11
            RenderTableCell {TD} at (0,110) size 7x11 [bgcolor=#E0EAE9] [r=10 c=0 rs=1 cs=1]
              RenderInline {FONT} at (0,0) size 3x11
                RenderText {#text} at (0,0) size 3x11
                  text run at (0,0) width 3: " "
            RenderTableCell {TD} at (7,110) size 7x11 [bgcolor=#249393] [r=10 c=1 rs=1 cs=1]
              RenderInline {FONT} at (0,0) size 3x11
                RenderText {#text} at (0,0) size 3x11
                  text run at (0,0) width 3: " "
            RenderTableCell {TD} at (14,110) size 7x11 [bgcolor=#1B8685] [r=10 c=2 rs=1 cs=1]
              RenderInline {FONT} at (0,0) size 3x11
                RenderText {#text} at (0,0) size 3x11
                  text run at (0,0) width 3: " "
            RenderTableCell {TD} at (21,110) size 7x11 [bgcolor=#A4CCCC] [r=10 c=3 rs=1 cs=1]
              RenderInline {FONT} at (0,0) size 3x11
                RenderText {#text} at (0,0) size 3x11
                  text run at (0,0) width 3: " "
            RenderTableCell {TD} at (28,110) size 7x11 [bgcolor=#EDEEEF] [r=10 c=4 rs=1 cs=1]
              RenderInline {FONT} at (0,0) size 3x11
                RenderText {#text} at (0,0) size 3x11
                  text run at (0,0) width 3: " "
            RenderTableCell {TD} at (35,110) size 7x11 [bgcolor=#CECFCF] [r=10 c=5 rs=1 cs=1]
              RenderInline {FONT} at (0,0) size 3x11
                RenderText {#text} at (0,0) size 3x11
                  text run at (0,0) width 3: " "
            RenderTableCell {TD} at (42,110) size 7x11 [bgcolor=#939494] [r=10 c=6 rs=1 cs=1]
              RenderInline {FONT} at (0,0) size 3x11
                RenderText {#text} at (0,0) size 3x11
                  text run at (0,0) width 3: " "
            RenderTableCell {TD} at (49,110) size 7x11 [bgcolor=#848788] [r=10 c=7 rs=1 cs=1]
              RenderInline {FONT} at (0,0) size 3x11
                RenderText {#text} at (0,0) size 3x11
                  text run at (0,0) width 3: " "
            RenderTableCell {TD} at (56,110) size 7x11 [bgcolor=#939494] [r=10 c=8 rs=1 cs=1]
              RenderInline {FONT} at (0,0) size 3x11
                RenderText {#text} at (0,0) size 3x11
                  text run at (0,0) width 3: " "
            RenderTableCell {TD} at (63,110) size 7x11 [bgcolor=#CECFCF] [r=10 c=9 rs=1 cs=1]
              RenderInline {FONT} at (0,0) size 3x11
                RenderText {#text} at (0,0) size 3x11
                  text run at (0,0) width 3: " "
            RenderTableCell {TD} at (70,110) size 7x11 [bgcolor=#EDEEEF] [r=10 c=10 rs=1 cs=1]
              RenderInline {FONT} at (0,0) size 3x11
                RenderText {#text} at (0,0) size 3x11
                  text run at (0,0) width 3: " "
            RenderTableCell {TD} at (77,110) size 7x11 [bgcolor=#A4CCCC] [r=10 c=11 rs=1 cs=1]
              RenderInline {FONT} at (0,0) size 3x11
                RenderText {#text} at (0,0) size 3x11
                  text run at (0,0) width 3: " "
            RenderTableCell {TD} at (84,110) size 7x11 [bgcolor=#1A6B6A] [r=10 c=12 rs=1 cs=1]
              RenderInline {FONT} at (0,0) size 3x11
                RenderText {#text} at (0,0) size 3x11
                  text run at (0,0) width 3: " "
            RenderTableCell {TD} at (91,110) size 7x11 [bgcolor=#044140] [r=10 c=13 rs=1 cs=1]
              RenderInline {FONT} at (0,0) size 3x11
                RenderText {#text} at (0,0) size 3x11
                  text run at (0,0) width 3: " "
            RenderTableCell {TD} at (98,110) size 7x11 [bgcolor=#223C3D] [r=10 c=14 rs=1 cs=1]
              RenderInline {FONT} at (0,0) size 3x11
                RenderText {#text} at (0,0) size 3x11
                  text run at (0,0) width 3: " "
            RenderTableCell {TD} at (105,110) size 7x11 [bgcolor=#848788] [r=10 c=15 rs=1 cs=1]
              RenderInline {FONT} at (0,0) size 3x11
                RenderText {#text} at (0,0) size 3x11
                  text run at (0,0) width 3: " "
            RenderTableCell {TD} at (112,110) size 8x11 [bgcolor=#FDFDFB] [r=10 c=16 rs=1 cs=1]
              RenderInline {FONT} at (0,0) size 3x11
                RenderText {#text} at (0,0) size 3x11
                  text run at (0,0) width 3: " "
            RenderTableCell {TD} at (120,110) size 8x11 [bgcolor=#FDFDFB] [r=10 c=17 rs=1 cs=1]
              RenderInline {FONT} at (0,0) size 3x11
                RenderText {#text} at (0,0) size 3x11
                  text run at (0,0) width 3: " "
            RenderTableCell {TD} at (128,110) size 8x11 [bgcolor=#2D3433] [r=10 c=18 rs=1 cs=1]
              RenderInline {FONT} at (0,0) size 3x11
                RenderText {#text} at (0,0) size 3x11
                  text run at (0,0) width 3: " "
            RenderTableCell {TD} at (136,110) size 8x11 [bgcolor=#1E7A79] [r=10 c=19 rs=1 cs=1]
              RenderInline {FONT} at (0,0) size 3x11
                RenderText {#text} at (0,0) size 3x11
                  text run at (0,0) width 3: " "
            RenderTableCell {TD} at (144,110) size 8x11 [bgcolor=#027777] [r=10 c=20 rs=1 cs=1]
              RenderInline {FONT} at (0,0) size 3x11
                RenderText {#text} at (0,0) size 3x11
                  text run at (0,0) width 3: " "
            RenderTableCell {TD} at (152,110) size 8x11 [bgcolor=#349392] [r=10 c=21 rs=1 cs=1]
              RenderInline {FONT} at (0,0) size 3x11
                RenderText {#text} at (0,0) size 3x11
                  text run at (0,0) width 3: " "
            RenderTableCell {TD} at (160,110) size 8x11 [bgcolor=#CADEDD] [r=10 c=22 rs=1 cs=1]
              RenderInline {FONT} at (0,0) size 3x11
                RenderText {#text} at (0,0) size 3x11
                  text run at (0,0) width 3: " "
            RenderTableCell {TD} at (168,110) size 8x11 [bgcolor=#EDEEEF] [r=10 c=23 rs=1 cs=1]
              RenderInline {FONT} at (0,0) size 3x11
                RenderText {#text} at (0,0) size 3x11
                  text run at (0,0) width 3: " "
            RenderTableCell {TD} at (176,110) size 8x11 [bgcolor=#BEC2C2] [r=10 c=24 rs=1 cs=1]
              RenderInline {FONT} at (0,0) size 3x11
                RenderText {#text} at (0,0) size 3x11
                  text run at (0,0) width 3: " "
            RenderTableCell {TD} at (184,110) size 8x11 [bgcolor=#939494] [r=10 c=25 rs=1 cs=1]
              RenderInline {FONT} at (0,0) size 3x11
                RenderText {#text} at (0,0) size 3x11
                  text run at (0,0) width 3: " "
            RenderTableCell {TD} at (192,110) size 8x11 [bgcolor=#848788] [r=10 c=26 rs=1 cs=1]
              RenderInline {FONT} at (0,0) size 3x11
                RenderText {#text} at (0,0) size 3x11
                  text run at (0,0) width 3: " "
            RenderTableCell {TD} at (200,110) size 8x11 [bgcolor=#939494] [r=10 c=27 rs=1 cs=1]
              RenderInline {FONT} at (0,0) size 3x11
                RenderText {#text} at (0,0) size 3x11
                  text run at (0,0) width 3: " "
            RenderTableCell {TD} at (208,110) size 8x11 [bgcolor=#BEC2C2] [r=10 c=28 rs=1 cs=1]
              RenderInline {FONT} at (0,0) size 3x11
                RenderText {#text} at (0,0) size 3x11
                  text run at (0,0) width 3: " "
            RenderTableCell {TD} at (216,110) size 8x11 [bgcolor=#EDEEEF] [r=10 c=29 rs=1 cs=1]
              RenderInline {FONT} at (0,0) size 3x11
                RenderText {#text} at (0,0) size 3x11
                  text run at (0,0) width 3: " "
            RenderTableCell {TD} at (224,110) size 8x11 [bgcolor=#CADEDD] [r=10 c=30 rs=1 cs=1]
              RenderInline {FONT} at (0,0) size 3x11
                RenderText {#text} at (0,0) size 3x11
                  text run at (0,0) width 3: " "
            RenderTableCell {TD} at (232,110) size 8x11 [bgcolor=#447877] [r=10 c=31 rs=1 cs=1]
              RenderInline {FONT} at (0,0) size 3x11
                RenderText {#text} at (0,0) size 3x11
                  text run at (0,0) width 3: " "
            RenderTableCell {TD} at (240,110) size 8x11 [bgcolor=#044140] [r=10 c=32 rs=1 cs=1]
              RenderInline {FONT} at (0,0) size 3x11
                RenderText {#text} at (0,0) size 3x11
                  text run at (0,0) width 3: " "
            RenderTableCell {TD} at (248,110) size 8x11 [bgcolor=#5E5F60] [r=10 c=33 rs=1 cs=1]
              RenderInline {FONT} at (0,0) size 3x11
                RenderText {#text} at (0,0) size 3x11
                  text run at (0,0) width 3: " "
            RenderTableCell {TD} at (256,110) size 8x11 [bgcolor=#777878] [r=10 c=34 rs=1 cs=1]
              RenderInline {FONT} at (0,0) size 3x11
                RenderText {#text} at (0,0) size 3x11
                  text run at (0,0) width 3: " "
            RenderTableCell {TD} at (264,110) size 8x11 [bgcolor=#B4B4B4] [r=10 c=35 rs=1 cs=1]
              RenderInline {FONT} at (0,0) size 3x11
                RenderText {#text} at (0,0) size 3x11
                  text run at (0,0) width 3: " "
            RenderTableCell {TD} at (272,110) size 8x11 [bgcolor=#E0EAE9] [r=10 c=36 rs=1 cs=1]
              RenderInline {FONT} at (0,0) size 3x11
                RenderText {#text} at (0,0) size 3x11
                  text run at (0,0) width 3: " "
            RenderTableCell {TD} at (280,110) size 8x11 [bgcolor=#EDEEEF] [r=10 c=37 rs=1 cs=1]
              RenderInline {FONT} at (0,0) size 3x11
                RenderText {#text} at (0,0) size 3x11
                  text run at (0,0) width 3: " "
            RenderTableCell {TD} at (288,110) size 8x11 [bgcolor=#A5A6A6] [r=10 c=38 rs=1 cs=1]
              RenderInline {FONT} at (0,0) size 3x11
                RenderText {#text} at (0,0) size 3x11
                  text run at (0,0) width 3: " "
            RenderTableCell {TD} at (296,110) size 8x11 [bgcolor=#848788] [r=10 c=39 rs=1 cs=1]
              RenderInline {FONT} at (0,0) size 3x11
                RenderText {#text} at (0,0) size 3x11
                  text run at (0,0) width 3: " "
            RenderTableCell {TD} at (304,110) size 8x11 [bgcolor=#848788] [r=10 c=40 rs=1 cs=1]
              RenderInline {FONT} at (0,0) size 3x11
                RenderText {#text} at (0,0) size 3x11
                  text run at (0,0) width 3: " "
            RenderTableCell {TD} at (312,110) size 8x11 [bgcolor=#A5A6A6] [r=10 c=41 rs=1 cs=1]
              RenderInline {FONT} at (0,0) size 3x11
                RenderText {#text} at (0,0) size 3x11
                  text run at (0,0) width 3: " "
            RenderTableCell {TD} at (320,110) size 8x11 [bgcolor=#E0EAE9] [r=10 c=42 rs=1 cs=1]
              RenderInline {FONT} at (0,0) size 3x11
                RenderText {#text} at (0,0) size 3x11
                  text run at (0,0) width 3: " "
            RenderTableCell {TD} at (328,110) size 8x11 [bgcolor=#E0EAE9] [r=10 c=43 rs=1 cs=1]
              RenderInline {FONT} at (0,0) size 3x11
                RenderText {#text} at (0,0) size 3x11
                  text run at (0,0) width 3: " "
            RenderTableCell {TD} at (336,110) size 8x11 [bgcolor=#589594] [r=10 c=44 rs=1 cs=1]
              RenderInline {FONT} at (0,0) size 3x11
                RenderText {#text} at (0,0) size 3x11
                  text run at (0,0) width 3: " "
            RenderTableCell {TD} at (344,110) size 8x11 [bgcolor=#026766] [r=10 c=45 rs=1 cs=1]
              RenderInline {FONT} at (0,0) size 3x11
                RenderText {#text} at (0,0) size 3x11
                  text run at (0,0) width 3: " "
            RenderTableCell {TD} at (352,110) size 8x11 [bgcolor=#026766] [r=10 c=46 rs=1 cs=1]
              RenderInline {FONT} at (0,0) size 3x11
                RenderText {#text} at (0,0) size 3x11
                  text run at (0,0) width 3: " "
            RenderTableCell {TD} at (360,110) size 8x11 [bgcolor=#1A6B6A] [r=10 c=47 rs=1 cs=1]
              RenderInline {FONT} at (0,0) size 3x11
                RenderText {#text} at (0,0) size 3x11
                  text run at (0,0) width 3: " "
            RenderTableCell {TD} at (368,110) size 8x11 [bgcolor=#B6D0D1] [r=10 c=48 rs=1 cs=1]
              RenderInline {FONT} at (0,0) size 3x11
                RenderText {#text} at (0,0) size 3x11
                  text run at (0,0) width 3: " "
            RenderTableCell {TD} at (376,110) size 8x11 [bgcolor=#FDFDFB] [r=10 c=49 rs=1 cs=1]
              RenderInline {FONT} at (0,0) size 3x11
                RenderText {#text} at (0,0) size 3x11
                  text run at (0,0) width 3: " "
            RenderTableCell {TD} at (384,110) size 8x11 [bgcolor=#CECFCF] [r=10 c=50 rs=1 cs=1]
              RenderInline {FONT} at (0,0) size 3x11
                RenderText {#text} at (0,0) size 3x11
                  text run at (0,0) width 3: " "
            RenderTableCell {TD} at (392,110) size 8x11 [bgcolor=#CECFCF] [r=10 c=51 rs=1 cs=1]
              RenderInline {FONT} at (0,0) size 3x11
                RenderText {#text} at (0,0) size 3x11
                  text run at (0,0) width 3: " "
            RenderTableCell {TD} at (400,110) size 8x11 [bgcolor=#B4B4B4] [r=10 c=52 rs=1 cs=1]
              RenderInline {FONT} at (0,0) size 3x11
                RenderText {#text} at (0,0) size 3x11
                  text run at (0,0) width 3: " "
            RenderTableCell {TD} at (408,110) size 8x11 [bgcolor=#939494] [r=10 c=53 rs=1 cs=1]
              RenderInline {FONT} at (0,0) size 3x11
                RenderText {#text} at (0,0) size 3x11
                  text run at (0,0) width 3: " "
            RenderTableCell {TD} at (416,110) size 8x11 [bgcolor=#848788] [r=10 c=54 rs=1 cs=1]
              RenderInline {FONT} at (0,0) size 3x11
                RenderText {#text} at (0,0) size 3x11
                  text run at (0,0) width 3: " "
            RenderTableCell {TD} at (424,110) size 8x11 [bgcolor=#A5A6A6] [r=10 c=55 rs=1 cs=1]
              RenderInline {FONT} at (0,0) size 3x11
                RenderText {#text} at (0,0) size 3x11
                  text run at (0,0) width 3: " "
            RenderTableCell {TD} at (432,110) size 8x11 [bgcolor=#FDFDFB] [r=10 c=56 rs=1 cs=1]
              RenderInline {FONT} at (0,0) size 3x11
                RenderText {#text} at (0,0) size 3x11
                  text run at (0,0) width 3: " "
            RenderTableCell {TD} at (440,110) size 8x11 [bgcolor=#EDEEEF] [r=10 c=57 rs=1 cs=1]
              RenderInline {FONT} at (0,0) size 3x11
                RenderText {#text} at (0,0) size 3x11
                  text run at (0,0) width 3: " "
            RenderTableCell {TD} at (448,110) size 8x11 [bgcolor=#B4B4B4] [r=10 c=58 rs=1 cs=1]
              RenderInline {FONT} at (0,0) size 3x11
                RenderText {#text} at (0,0) size 3x11
                  text run at (0,0) width 3: " "
            RenderTableCell {TD} at (456,110) size 8x11 [bgcolor=#939494] [r=10 c=59 rs=1 cs=1]
              RenderInline {FONT} at (0,0) size 3x11
                RenderText {#text} at (0,0) size 3x11
                  text run at (0,0) width 3: " "
            RenderTableCell {TD} at (464,110) size 8x11 [bgcolor=#1B8685] [r=10 c=60 rs=1 cs=1]
              RenderInline {FONT} at (0,0) size 3x11
                RenderText {#text} at (0,0) size 3x11
                  text run at (0,0) width 3: " "
            RenderTableCell {TD} at (472,110) size 8x11 [bgcolor=#027777] [r=10 c=61 rs=1 cs=1]
              RenderInline {FONT} at (0,0) size 3x11
                RenderText {#text} at (0,0) size 3x11
                  text run at (0,0) width 3: " "
            RenderTableCell {TD} at (480,110) size 8x11 [bgcolor=#349392] [r=10 c=62 rs=1 cs=1]
              RenderInline {FONT} at (0,0) size 3x11
                RenderText {#text} at (0,0) size 3x11
                  text run at (0,0) width 3: " "
            RenderTableCell {TD} at (488,110) size 8x11 [bgcolor=#B6D0D1] [r=10 c=63 rs=1 cs=1]
              RenderInline {FONT} at (0,0) size 3x11
                RenderText {#text} at (0,0) size 3x11
                  text run at (0,0) width 3: " "
            RenderTableCell {TD} at (496,110) size 8x11 [bgcolor=#EDEEEF] [r=10 c=64 rs=1 cs=1]
              RenderInline {FONT} at (0,0) size 3x11
                RenderText {#text} at (0,0) size 3x11
                  text run at (0,0) width 3: " "
            RenderTableCell {TD} at (504,110) size 8x11 [bgcolor=#CECFCF] [r=10 c=65 rs=1 cs=1]
              RenderInline {FONT} at (0,0) size 3x11
                RenderText {#text} at (0,0) size 3x11
                  text run at (0,0) width 3: " "
            RenderTableCell {TD} at (512,110) size 8x11 [bgcolor=#939494] [r=10 c=66 rs=1 cs=1]
              RenderInline {FONT} at (0,0) size 3x11
                RenderText {#text} at (0,0) size 3x11
                  text run at (0,0) width 3: " "
            RenderTableCell {TD} at (520,110) size 8x11 [bgcolor=#848788] [r=10 c=67 rs=1 cs=1]
              RenderInline {FONT} at (0,0) size 3x11
                RenderText {#text} at (0,0) size 3x11
                  text run at (0,0) width 3: " "
            RenderTableCell {TD} at (528,110) size 8x11 [bgcolor=#939494] [r=10 c=68 rs=1 cs=1]
              RenderInline {FONT} at (0,0) size 3x11
                RenderText {#text} at (0,0) size 3x11
                  text run at (0,0) width 3: " "
            RenderTableCell {TD} at (536,110) size 8x11 [bgcolor=#CECFCF] [r=10 c=69 rs=1 cs=1]
              RenderInline {FONT} at (0,0) size 3x11
                RenderText {#text} at (0,0) size 3x11
                  text run at (0,0) width 3: " "
            RenderTableCell {TD} at (544,110) size 8x11 [bgcolor=#B6D8D7] [r=10 c=70 rs=1 cs=1]
              RenderInline {FONT} at (0,0) size 3x11
                RenderText {#text} at (0,0) size 3x11
                  text run at (0,0) width 3: " "
            RenderTableCell {TD} at (552,110) size 8x11 [bgcolor=#EDEEEF] [r=10 c=71 rs=1 cs=1]
              RenderInline {FONT} at (0,0) size 3x11
                RenderText {#text} at (0,0) size 3x11
                  text run at (0,0) width 3: " "
            RenderTableCell {TD} at (560,110) size 8x11 [bgcolor=#FDFDFB] [r=10 c=72 rs=1 cs=1]
              RenderInline {FONT} at (0,0) size 3x11
                RenderText {#text} at (0,0) size 3x11
                  text run at (0,0) width 3: " "
            RenderTableCell {TD} at (568,110) size 8x11 [bgcolor=#4D4F4F] [r=10 c=73 rs=1 cs=1]
              RenderInline {FONT} at (0,0) size 3x11
                RenderText {#text} at (0,0) size 3x11
                  text run at (0,0) width 3: " "
            RenderTableCell {TD} at (576,110) size 8x11 [bgcolor=#5E5F60] [r=10 c=74 rs=1 cs=1]
              RenderInline {FONT} at (0,0) size 3x11
                RenderText {#text} at (0,0) size 3x11
                  text run at (0,0) width 3: " "
            RenderTableCell {TD} at (584,110) size 8x11 [bgcolor=#848788] [r=10 c=75 rs=1 cs=1]
              RenderInline {FONT} at (0,0) size 3x11
                RenderText {#text} at (0,0) size 3x11
                  text run at (0,0) width 3: " "
            RenderTableCell {TD} at (592,110) size 8x11 [bgcolor=#939494] [r=10 c=76 rs=1 cs=1]
              RenderInline {FONT} at (0,0) size 3x11
                RenderText {#text} at (0,0) size 3x11
                  text run at (0,0) width 3: " "
            RenderTableCell {TD} at (600,110) size 8x11 [bgcolor=#CECFCF] [r=10 c=77 rs=1 cs=1]
              RenderInline {FONT} at (0,0) size 3x11
                RenderText {#text} at (0,0) size 3x11
                  text run at (0,0) width 3: " "
            RenderTableCell {TD} at (608,110) size 8x11 [bgcolor=#EDEEEF] [r=10 c=78 rs=1 cs=1]
              RenderInline {FONT} at (0,0) size 3x11
                RenderText {#text} at (0,0) size 3x11
                  text run at (0,0) width 3: " "
            RenderTableCell {TD} at (616,110) size 8x11 [bgcolor=#DEDFDF] [r=10 c=79 rs=1 cs=1]
              RenderInline {FONT} at (0,0) size 3x11
                RenderText {#text} at (0,0) size 3x11
                  text run at (0,0) width 3: " "
            RenderTableCell {TD} at (624,110) size 8x11 [bgcolor=#A5A6A6] [r=10 c=80 rs=1 cs=1]
              RenderInline {FONT} at (0,0) size 3x11
                RenderText {#text} at (0,0) size 3x11
                  text run at (0,0) width 3: " "
            RenderTableCell {TD} at (632,110) size 8x11 [bgcolor=#848788] [r=10 c=81 rs=1 cs=1]
              RenderInline {FONT} at (0,0) size 3x11
                RenderText {#text} at (0,0) size 3x11
                  text run at (0,0) width 3: " "
            RenderTableCell {TD} at (640,110) size 8x11 [bgcolor=#939494] [r=10 c=82 rs=1 cs=1]
              RenderInline {FONT} at (0,0) size 3x11
                RenderText {#text} at (0,0) size 3x11
                  text run at (0,0) width 3: " "
            RenderTableCell {TD} at (648,110) size 8x11 [bgcolor=#BEC2C2] [r=10 c=83 rs=1 cs=1]
              RenderInline {FONT} at (0,0) size 3x11
                RenderText {#text} at (0,0) size 3x11
                  text run at (0,0) width 3: " "
            RenderTableCell {TD} at (656,110) size 8x11 [bgcolor=#EDEEEF] [r=10 c=84 rs=1 cs=1]
              RenderInline {FONT} at (0,0) size 3x11
                RenderText {#text} at (0,0) size 3x11
                  text run at (0,0) width 3: " "
            RenderTableCell {TD} at (664,110) size 8x11 [bgcolor=#CADEDD] [r=10 c=85 rs=1 cs=1]
              RenderInline {FONT} at (0,0) size 3x11
                RenderText {#text} at (0,0) size 3x11
                  text run at (0,0) width 3: " "
            RenderTableCell {TD} at (672,110) size 8x11 [bgcolor=#589594] [r=10 c=86 rs=1 cs=1]
              RenderInline {FONT} at (0,0) size 3x11
                RenderText {#text} at (0,0) size 3x11
                  text run at (0,0) width 3: " "
            RenderTableCell {TD} at (680,110) size 8x11 [bgcolor=#026766] [r=10 c=87 rs=1 cs=1]
              RenderInline {FONT} at (0,0) size 3x11
                RenderText {#text} at (0,0) size 3x11
                  text run at (0,0) width 3: " "
            RenderTableCell {TD} at (688,110) size 8x11 [bgcolor=#026766] [r=10 c=88 rs=1 cs=1]
              RenderInline {FONT} at (0,0) size 3x11
                RenderText {#text} at (0,0) size 3x11
                  text run at (0,0) width 3: " "
            RenderTableCell {TD} at (696,110) size 8x11 [bgcolor=#7CAEAF] [r=10 c=89 rs=1 cs=1]
              RenderInline {FONT} at (0,0) size 3x11
                RenderText {#text} at (0,0) size 3x11
                  text run at (0,0) width 3: " "
            RenderTableCell {TD} at (704,110) size 8x11 [bgcolor=#CECFCF] [r=10 c=90 rs=1 cs=1]
              RenderInline {FONT} at (0,0) size 3x11
                RenderText {#text} at (0,0) size 3x11
                  text run at (0,0) width 3: " "
            RenderTableCell {TD} at (712,110) size 8x11 [bgcolor=#FDFDFB] [r=10 c=91 rs=1 cs=1]
              RenderInline {FONT} at (0,0) size 3x11
                RenderText {#text} at (0,0) size 3x11
                  text run at (0,0) width 3: " "
            RenderTableCell {TD} at (720,110) size 8x11 [bgcolor=#FDFDFB] [r=10 c=92 rs=1 cs=1]
              RenderInline {FONT} at (0,0) size 3x11
                RenderText {#text} at (0,0) size 3x11
                  text run at (0,0) width 3: " "
            RenderTableCell {TD} at (728,110) size 8x11 [bgcolor=#BEC2C2] [r=10 c=93 rs=1 cs=1]
              RenderInline {FONT} at (0,0) size 3x11
                RenderText {#text} at (0,0) size 3x11
                  text run at (0,0) width 3: " "
            RenderTableCell {TD} at (736,110) size 8x11 [bgcolor=#B4B4B4] [r=10 c=94 rs=1 cs=1]
              RenderInline {FONT} at (0,0) size 3x11
                RenderText {#text} at (0,0) size 3x11
                  text run at (0,0) width 3: " "
            RenderTableCell {TD} at (744,110) size 8x11 [bgcolor=#696A69] [r=10 c=95 rs=1 cs=1]
              RenderInline {FONT} at (0,0) size 3x11
                RenderText {#text} at (0,0) size 3x11
                  text run at (0,0) width 3: " "
            RenderTableCell {TD} at (752,110) size 8x11 [bgcolor=#696A69] [r=10 c=96 rs=1 cs=1]
              RenderInline {FONT} at (0,0) size 3x11
                RenderText {#text} at (0,0) size 3x11
                  text run at (0,0) width 3: " "
            RenderTableCell {TD} at (760,110) size 8x11 [bgcolor=#848788] [r=10 c=97 rs=1 cs=1]
              RenderInline {FONT} at (0,0) size 3x11
                RenderText {#text} at (0,0) size 3x11
                  text run at (0,0) width 3: " "
            RenderTableCell {TD} at (768,110) size 8x11 [bgcolor=#777878] [r=10 c=98 rs=1 cs=1]
              RenderInline {FONT} at (0,0) size 3x11
                RenderText {#text} at (0,0) size 3x11
                  text run at (0,0) width 3: " "
            RenderTableCell {TD} at (776,110) size 8x11 [bgcolor=#4D4F4F] [r=10 c=99 rs=1 cs=1]
              RenderInline {FONT} at (0,0) size 3x11
                RenderText {#text} at (0,0) size 3x11
                  text run at (0,0) width 3: " "
          RenderTableRow {TR} at (0,121) size 784x11
            RenderTableCell {TD} at (0,121) size 7x11 [bgcolor=#A4CCCC] [r=11 c=0 rs=1 cs=1]
              RenderInline {FONT} at (0,0) size 3x11
                RenderText {#text} at (0,0) size 3x11
                  text run at (0,0) width 3: " "
            RenderTableCell {TD} at (7,121) size 7x11 [bgcolor=#048485] [r=11 c=1 rs=1 cs=1]
              RenderInline {FONT} at (0,0) size 3x11
                RenderText {#text} at (0,0) size 3x11
                  text run at (0,0) width 3: " "
            RenderTableCell {TD} at (14,121) size 7x11 [bgcolor=#7DBAB9] [r=11 c=2 rs=1 cs=1]
              RenderInline {FONT} at (0,0) size 3x11
                RenderText {#text} at (0,0) size 3x11
                  text run at (0,0) width 3: " "
            RenderTableCell {TD} at (21,121) size 7x11 [bgcolor=#FDFDFB] [r=11 c=3 rs=1 cs=1]
              RenderInline {FONT} at (0,0) size 3x11
                RenderText {#text} at (0,0) size 3x11
                  text run at (0,0) width 3: " "
            RenderTableCell {TD} at (28,121) size 7x11 [bgcolor=#CECFCF] [r=11 c=4 rs=1 cs=1]
              RenderInline {FONT} at (0,0) size 3x11
                RenderText {#text} at (0,0) size 3x11
                  text run at (0,0) width 3: " "
            RenderTableCell {TD} at (35,121) size 7x11 [bgcolor=#072323] [r=11 c=5 rs=1 cs=1]
              RenderInline {FONT} at (0,0) size 3x11
                RenderText {#text} at (0,0) size 3x11
                  text run at (0,0) width 3: " "
            RenderTableCell {TD} at (42,121) size 7x11 [bgcolor=#044140] [r=11 c=6 rs=1 cs=1]
              RenderInline {FONT} at (0,0) size 3x11
                RenderText {#text} at (0,0) size 3x11
                  text run at (0,0) width 3: " "
            RenderTableCell {TD} at (49,121) size 7x11 [bgcolor=#044F4F] [r=11 c=7 rs=1 cs=1]
              RenderInline {FONT} at (0,0) size 3x11
                RenderText {#text} at (0,0) size 3x11
                  text run at (0,0) width 3: " "
            RenderTableCell {TD} at (56,121) size 7x11 [bgcolor=#044F4F] [r=11 c=8 rs=1 cs=1]
              RenderInline {FONT} at (0,0) size 3x11
                RenderText {#text} at (0,0) size 3x11
                  text run at (0,0) width 3: " "
            RenderTableCell {TD} at (63,121) size 7x11 [bgcolor=#044F4F] [r=11 c=9 rs=1 cs=1]
              RenderInline {FONT} at (0,0) size 3x11
                RenderText {#text} at (0,0) size 3x11
                  text run at (0,0) width 3: " "
            RenderTableCell {TD} at (70,121) size 7x11 [bgcolor=#A2B5B4] [r=11 c=10 rs=1 cs=1]
              RenderInline {FONT} at (0,0) size 3x11
                RenderText {#text} at (0,0) size 3x11
                  text run at (0,0) width 3: " "
            RenderTableCell {TD} at (77,121) size 7x11 [bgcolor=#BEC2C2] [r=11 c=11 rs=1 cs=1]
              RenderInline {FONT} at (0,0) size 3x11
                RenderText {#text} at (0,0) size 3x11
                  text run at (0,0) width 3: " "
            RenderTableCell {TD} at (84,121) size 7x11 [bgcolor=#647979] [r=11 c=12 rs=1 cs=1]
              RenderInline {FONT} at (0,0) size 3x11
                RenderText {#text} at (0,0) size 3x11
                  text run at (0,0) width 3: " "
            RenderTableCell {TD} at (91,121) size 7x11 [bgcolor=#044140] [r=11 c=13 rs=1 cs=1]
              RenderInline {FONT} at (0,0) size 3x11
                RenderText {#text} at (0,0) size 3x11
                  text run at (0,0) width 3: " "
            RenderTableCell {TD} at (98,121) size 7x11 [bgcolor=#223C3D] [r=11 c=14 rs=1 cs=1]
              RenderInline {FONT} at (0,0) size 3x11
                RenderText {#text} at (0,0) size 3x11
                  text run at (0,0) width 3: " "
            RenderTableCell {TD} at (105,121) size 7x11 [bgcolor=#848788] [r=11 c=15 rs=1 cs=1]
              RenderInline {FONT} at (0,0) size 3x11
                RenderText {#text} at (0,0) size 3x11
                  text run at (0,0) width 3: " "
            RenderTableCell {TD} at (112,121) size 8x11 [bgcolor=#FDFDFB] [r=11 c=16 rs=1 cs=1]
              RenderInline {FONT} at (0,0) size 3x11
                RenderText {#text} at (0,0) size 3x11
                  text run at (0,0) width 3: " "
            RenderTableCell {TD} at (120,121) size 8x11 [bgcolor=#FDFDFB] [r=11 c=17 rs=1 cs=1]
              RenderInline {FONT} at (0,0) size 3x11
                RenderText {#text} at (0,0) size 3x11
                  text run at (0,0) width 3: " "
            RenderTableCell {TD} at (128,121) size 8x11 [bgcolor=#2D3433] [r=11 c=18 rs=1 cs=1]
              RenderInline {FONT} at (0,0) size 3x11
                RenderText {#text} at (0,0) size 3x11
                  text run at (0,0) width 3: " "
            RenderTableCell {TD} at (136,121) size 8x11 [bgcolor=#1E7A79] [r=11 c=19 rs=1 cs=1]
              RenderInline {FONT} at (0,0) size 3x11
                RenderText {#text} at (0,0) size 3x11
                  text run at (0,0) width 3: " "
            RenderTableCell {TD} at (144,121) size 8x11 [bgcolor=#027777] [r=11 c=20 rs=1 cs=1]
              RenderInline {FONT} at (0,0) size 3x11
                RenderText {#text} at (0,0) size 3x11
                  text run at (0,0) width 3: " "
            RenderTableCell {TD} at (152,121) size 8x11 [bgcolor=#A4CCCC] [r=11 c=21 rs=1 cs=1]
              RenderInline {FONT} at (0,0) size 3x11
                RenderText {#text} at (0,0) size 3x11
                  text run at (0,0) width 3: " "
            RenderTableCell {TD} at (160,121) size 8x11 [bgcolor=#DEDFDF] [r=11 c=22 rs=1 cs=1]
              RenderInline {FONT} at (0,0) size 3x11
                RenderText {#text} at (0,0) size 3x11
                  text run at (0,0) width 3: " "
            RenderTableCell {TD} at (168,121) size 8x11 [bgcolor=#848788] [r=11 c=23 rs=1 cs=1]
              RenderInline {FONT} at (0,0) size 3x11
                RenderText {#text} at (0,0) size 3x11
                  text run at (0,0) width 3: " "
            RenderTableCell {TD} at (176,121) size 8x11 [bgcolor=#072323] [r=11 c=24 rs=1 cs=1]
              RenderInline {FONT} at (0,0) size 3x11
                RenderText {#text} at (0,0) size 3x11
                  text run at (0,0) width 3: " "
            RenderTableCell {TD} at (184,121) size 8x11 [bgcolor=#044140] [r=11 c=25 rs=1 cs=1]
              RenderInline {FONT} at (0,0) size 3x11
                RenderText {#text} at (0,0) size 3x11
                  text run at (0,0) width 3: " "
            RenderTableCell {TD} at (192,121) size 8x11 [bgcolor=#044F4F] [r=11 c=26 rs=1 cs=1]
              RenderInline {FONT} at (0,0) size 3x11
                RenderText {#text} at (0,0) size 3x11
                  text run at (0,0) width 3: " "
            RenderTableCell {TD} at (200,121) size 8x11 [bgcolor=#044F4F] [r=11 c=27 rs=1 cs=1]
              RenderInline {FONT} at (0,0) size 3x11
                RenderText {#text} at (0,0) size 3x11
                  text run at (0,0) width 3: " "
            RenderTableCell {TD} at (208,121) size 8x11 [bgcolor=#044F4F] [r=11 c=28 rs=1 cs=1]
              RenderInline {FONT} at (0,0) size 3x11
                RenderText {#text} at (0,0) size 3x11
                  text run at (0,0) width 3: " "
            RenderTableCell {TD} at (216,121) size 8x11 [bgcolor=#A2B5B4] [r=11 c=29 rs=1 cs=1]
              RenderInline {FONT} at (0,0) size 3x11
                RenderText {#text} at (0,0) size 3x11
                  text run at (0,0) width 3: " "
            RenderTableCell {TD} at (224,121) size 8x11 [bgcolor=#FDFDFB] [r=11 c=30 rs=1 cs=1]
              RenderInline {FONT} at (0,0) size 3x11
                RenderText {#text} at (0,0) size 3x11
                  text run at (0,0) width 3: " "
            RenderTableCell {TD} at (232,121) size 8x11 [bgcolor=#A2B5B4] [r=11 c=31 rs=1 cs=1]
              RenderInline {FONT} at (0,0) size 3x11
                RenderText {#text} at (0,0) size 3x11
                  text run at (0,0) width 3: " "
            RenderTableCell {TD} at (240,121) size 8x11 [bgcolor=#083131] [r=11 c=32 rs=1 cs=1]
              RenderInline {FONT} at (0,0) size 3x11
                RenderText {#text} at (0,0) size 3x11
                  text run at (0,0) width 3: " "
            RenderTableCell {TD} at (248,121) size 8x11 [bgcolor=#515C5B] [r=11 c=33 rs=1 cs=1]
              RenderInline {FONT} at (0,0) size 3x11
                RenderText {#text} at (0,0) size 3x11
                  text run at (0,0) width 3: " "
            RenderTableCell {TD} at (256,121) size 8x11 [bgcolor=#848788] [r=11 c=34 rs=1 cs=1]
              RenderInline {FONT} at (0,0) size 3x11
                RenderText {#text} at (0,0) size 3x11
                  text run at (0,0) width 3: " "
            RenderTableCell {TD} at (264,121) size 8x11 [bgcolor=#EDEEEF] [r=11 c=35 rs=1 cs=1]
              RenderInline {FONT} at (0,0) size 3x11
                RenderText {#text} at (0,0) size 3x11
                  text run at (0,0) width 3: " "
            RenderTableCell {TD} at (272,121) size 8x11 [bgcolor=#FDFDFB] [r=11 c=36 rs=1 cs=1]
              RenderInline {FONT} at (0,0) size 3x11
                RenderText {#text} at (0,0) size 3x11
                  text run at (0,0) width 3: " "
            RenderTableCell {TD} at (280,121) size 8x11 [bgcolor=#5E5F60] [r=11 c=37 rs=1 cs=1]
              RenderInline {FONT} at (0,0) size 3x11
                RenderText {#text} at (0,0) size 3x11
                  text run at (0,0) width 3: " "
            RenderTableCell {TD} at (288,121) size 8x11 [bgcolor=#083131] [r=11 c=38 rs=1 cs=1]
              RenderInline {FONT} at (0,0) size 3x11
                RenderText {#text} at (0,0) size 3x11
                  text run at (0,0) width 3: " "
            RenderTableCell {TD} at (296,121) size 8x11 [bgcolor=#044F4F] [r=11 c=39 rs=1 cs=1]
              RenderInline {FONT} at (0,0) size 3x11
                RenderText {#text} at (0,0) size 3x11
                  text run at (0,0) width 3: " "
            RenderTableCell {TD} at (304,121) size 8x11 [bgcolor=#044F4F] [r=11 c=40 rs=1 cs=1]
              RenderInline {FONT} at (0,0) size 3x11
                RenderText {#text} at (0,0) size 3x11
                  text run at (0,0) width 3: " "
            RenderTableCell {TD} at (312,121) size 8x11 [bgcolor=#044F4F] [r=11 c=41 rs=1 cs=1]
              RenderInline {FONT} at (0,0) size 3x11
                RenderText {#text} at (0,0) size 3x11
                  text run at (0,0) width 3: " "
            RenderTableCell {TD} at (320,121) size 8x11 [bgcolor=#396B6A] [r=11 c=42 rs=1 cs=1]
              RenderInline {FONT} at (0,0) size 3x11
                RenderText {#text} at (0,0) size 3x11
                  text run at (0,0) width 3: " "
            RenderTableCell {TD} at (328,121) size 8x11 [bgcolor=#CECFCF] [r=11 c=43 rs=1 cs=1]
              RenderInline {FONT} at (0,0) size 3x11
                RenderText {#text} at (0,0) size 3x11
                  text run at (0,0) width 3: " "
            RenderTableCell {TD} at (336,121) size 8x11 [bgcolor=#A5A6A6] [r=11 c=44 rs=1 cs=1]
              RenderInline {FONT} at (0,0) size 3x11
                RenderText {#text} at (0,0) size 3x11
                  text run at (0,0) width 3: " "
            RenderTableCell {TD} at (344,121) size 8x11 [bgcolor=#1A5C5C] [r=11 c=45 rs=1 cs=1]
              RenderInline {FONT} at (0,0) size 3x11
                RenderText {#text} at (0,0) size 3x11
                  text run at (0,0) width 3: " "
            RenderTableCell {TD} at (352,121) size 8x11 [bgcolor=#026766] [r=11 c=46 rs=1 cs=1]
              RenderInline {FONT} at (0,0) size 3x11
                RenderText {#text} at (0,0) size 3x11
                  text run at (0,0) width 3: " "
            RenderTableCell {TD} at (360,121) size 8x11 [bgcolor=#1A6B6A] [r=11 c=47 rs=1 cs=1]
              RenderInline {FONT} at (0,0) size 3x11
                RenderText {#text} at (0,0) size 3x11
                  text run at (0,0) width 3: " "
            RenderTableCell {TD} at (368,121) size 8x11 [bgcolor=#B6D0D1] [r=11 c=48 rs=1 cs=1]
              RenderInline {FONT} at (0,0) size 3x11
                RenderText {#text} at (0,0) size 3x11
                  text run at (0,0) width 3: " "
            RenderTableCell {TD} at (376,121) size 8x11 [bgcolor=#FDFDFB] [r=11 c=49 rs=1 cs=1]
              RenderInline {FONT} at (0,0) size 3x11
                RenderText {#text} at (0,0) size 3x11
                  text run at (0,0) width 3: " "
            RenderTableCell {TD} at (384,121) size 8x11 [bgcolor=#EDEEEF] [r=11 c=50 rs=1 cs=1]
              RenderInline {FONT} at (0,0) size 3x11
                RenderText {#text} at (0,0) size 3x11
                  text run at (0,0) width 3: " "
            RenderTableCell {TD} at (392,121) size 8x11 [bgcolor=#4D4F4F] [r=11 c=51 rs=1 cs=1]
              RenderInline {FONT} at (0,0) size 3x11
                RenderText {#text} at (0,0) size 3x11
                  text run at (0,0) width 3: " "
            RenderTableCell {TD} at (400,121) size 8x11 [bgcolor=#1C2524] [r=11 c=52 rs=1 cs=1]
              RenderInline {FONT} at (0,0) size 3x11
                RenderText {#text} at (0,0) size 3x11
                  text run at (0,0) width 3: " "
            RenderTableCell {TD} at (408,121) size 8x11 [bgcolor=#3D4242] [r=11 c=53 rs=1 cs=1]
              RenderInline {FONT} at (0,0) size 3x11
                RenderText {#text} at (0,0) size 3x11
                  text run at (0,0) width 3: " "
            RenderTableCell {TD} at (416,121) size 8x11 [bgcolor=#696A69] [r=11 c=54 rs=1 cs=1]
              RenderInline {FONT} at (0,0) size 3x11
                RenderText {#text} at (0,0) size 3x11
                  text run at (0,0) width 3: " "
            RenderTableCell {TD} at (424,121) size 8x11 [bgcolor=#777878] [r=11 c=55 rs=1 cs=1]
              RenderInline {FONT} at (0,0) size 3x11
                RenderText {#text} at (0,0) size 3x11
                  text run at (0,0) width 3: " "
            RenderTableCell {TD} at (432,121) size 8x11 [bgcolor=#B4B4B4] [r=11 c=56 rs=1 cs=1]
              RenderInline {FONT} at (0,0) size 3x11
                RenderText {#text} at (0,0) size 3x11
                  text run at (0,0) width 3: " "
            RenderTableCell {TD} at (440,121) size 8x11 [bgcolor=#FDFDFB] [r=11 c=57 rs=1 cs=1]
              RenderInline {FONT} at (0,0) size 3x11
                RenderText {#text} at (0,0) size 3x11
                  text run at (0,0) width 3: " "
            RenderTableCell {TD} at (448,121) size 8x11 [bgcolor=#EDEEEF] [r=11 c=58 rs=1 cs=1]
              RenderInline {FONT} at (0,0) size 3x11
                RenderText {#text} at (0,0) size 3x11
                  text run at (0,0) width 3: " "
            RenderTableCell {TD} at (456,121) size 8x11 [bgcolor=#696A69] [r=11 c=59 rs=1 cs=1]
              RenderInline {FONT} at (0,0) size 3x11
                RenderText {#text} at (0,0) size 3x11
                  text run at (0,0) width 3: " "
            RenderTableCell {TD} at (464,121) size 8x11 [bgcolor=#1B8685] [r=11 c=60 rs=1 cs=1]
              RenderInline {FONT} at (0,0) size 3x11
                RenderText {#text} at (0,0) size 3x11
                  text run at (0,0) width 3: " "
            RenderTableCell {TD} at (472,121) size 8x11 [bgcolor=#1B8685] [r=11 c=61 rs=1 cs=1]
              RenderInline {FONT} at (0,0) size 3x11
                RenderText {#text} at (0,0) size 3x11
                  text run at (0,0) width 3: " "
            RenderTableCell {TD} at (480,121) size 8x11 [bgcolor=#E0EAE9] [r=11 c=62 rs=1 cs=1]
              RenderInline {FONT} at (0,0) size 3x11
                RenderText {#text} at (0,0) size 3x11
                  text run at (0,0) width 3: " "
            RenderTableCell {TD} at (488,121) size 8x11 [bgcolor=#FDFDFB] [r=11 c=63 rs=1 cs=1]
              RenderInline {FONT} at (0,0) size 3x11
                RenderText {#text} at (0,0) size 3x11
                  text run at (0,0) width 3: " "
            RenderTableCell {TD} at (496,121) size 8x11 [bgcolor=#777878] [r=11 c=64 rs=1 cs=1]
              RenderInline {FONT} at (0,0) size 3x11
                RenderText {#text} at (0,0) size 3x11
                  text run at (0,0) width 3: " "
            RenderTableCell {TD} at (504,121) size 8x11 [bgcolor=#072323] [r=11 c=65 rs=1 cs=1]
              RenderInline {FONT} at (0,0) size 3x11
                RenderText {#text} at (0,0) size 3x11
                  text run at (0,0) width 3: " "
            RenderTableCell {TD} at (512,121) size 8x11 [bgcolor=#044140] [r=11 c=66 rs=1 cs=1]
              RenderInline {FONT} at (0,0) size 3x11
                RenderText {#text} at (0,0) size 3x11
                  text run at (0,0) width 3: " "
            RenderTableCell {TD} at (520,121) size 8x11 [bgcolor=#044F4F] [r=11 c=67 rs=1 cs=1]
              RenderInline {FONT} at (0,0) size 3x11
                RenderText {#text} at (0,0) size 3x11
                  text run at (0,0) width 3: " "
            RenderTableCell {TD} at (528,121) size 8x11 [bgcolor=#044F4F] [r=11 c=68 rs=1 cs=1]
              RenderInline {FONT} at (0,0) size 3x11
                RenderText {#text} at (0,0) size 3x11
                  text run at (0,0) width 3: " "
            RenderTableCell {TD} at (536,121) size 8x11 [bgcolor=#1A5C5C] [r=11 c=69 rs=1 cs=1]
              RenderInline {FONT} at (0,0) size 3x11
                RenderText {#text} at (0,0) size 3x11
                  text run at (0,0) width 3: " "
            RenderTableCell {TD} at (544,121) size 8x11 [bgcolor=#A2B5B4] [r=11 c=70 rs=1 cs=1]
              RenderInline {FONT} at (0,0) size 3x11
                RenderText {#text} at (0,0) size 3x11
                  text run at (0,0) width 3: " "
            RenderTableCell {TD} at (552,121) size 8x11 [bgcolor=#FDFDFB] [r=11 c=71 rs=1 cs=1]
              RenderInline {FONT} at (0,0) size 3x11
                RenderText {#text} at (0,0) size 3x11
                  text run at (0,0) width 3: " "
            RenderTableCell {TD} at (560,121) size 8x11 [bgcolor=#FDFDFB] [r=11 c=72 rs=1 cs=1]
              RenderInline {FONT} at (0,0) size 3x11
                RenderText {#text} at (0,0) size 3x11
                  text run at (0,0) width 3: " "
            RenderTableCell {TD} at (568,121) size 8x11 [bgcolor=#4D4F4F] [r=11 c=73 rs=1 cs=1]
              RenderInline {FONT} at (0,0) size 3x11
                RenderText {#text} at (0,0) size 3x11
                  text run at (0,0) width 3: " "
            RenderTableCell {TD} at (576,121) size 8x11 [bgcolor=#5E5F60] [r=11 c=74 rs=1 cs=1]
              RenderInline {FONT} at (0,0) size 3x11
                RenderText {#text} at (0,0) size 3x11
                  text run at (0,0) width 3: " "
            RenderTableCell {TD} at (584,121) size 8x11 [bgcolor=#848788] [r=11 c=75 rs=1 cs=1]
              RenderInline {FONT} at (0,0) size 3x11
                RenderText {#text} at (0,0) size 3x11
                  text run at (0,0) width 3: " "
            RenderTableCell {TD} at (592,121) size 8x11 [bgcolor=#CECFCF] [r=11 c=76 rs=1 cs=1]
              RenderInline {FONT} at (0,0) size 3x11
                RenderText {#text} at (0,0) size 3x11
                  text run at (0,0) width 3: " "
            RenderTableCell {TD} at (600,121) size 8x11 [bgcolor=#FDFDFB] [r=11 c=77 rs=1 cs=1]
              RenderInline {FONT} at (0,0) size 3x11
                RenderText {#text} at (0,0) size 3x11
                  text run at (0,0) width 3: " "
            RenderTableCell {TD} at (608,121) size 8x11 [bgcolor=#B4B4B4] [r=11 c=78 rs=1 cs=1]
              RenderInline {FONT} at (0,0) size 3x11
                RenderText {#text} at (0,0) size 3x11
                  text run at (0,0) width 3: " "
            RenderTableCell {TD} at (616,121) size 8x11 [bgcolor=#1C2524] [r=11 c=79 rs=1 cs=1]
              RenderInline {FONT} at (0,0) size 3x11
                RenderText {#text} at (0,0) size 3x11
                  text run at (0,0) width 3: " "
            RenderTableCell {TD} at (624,121) size 8x11 [bgcolor=#044140] [r=11 c=80 rs=1 cs=1]
              RenderInline {FONT} at (0,0) size 3x11
                RenderText {#text} at (0,0) size 3x11
                  text run at (0,0) width 3: " "
            RenderTableCell {TD} at (632,121) size 8x11 [bgcolor=#044F4F] [r=11 c=81 rs=1 cs=1]
              RenderInline {FONT} at (0,0) size 3x11
                RenderText {#text} at (0,0) size 3x11
                  text run at (0,0) width 3: " "
            RenderTableCell {TD} at (640,121) size 8x11 [bgcolor=#044F4F] [r=11 c=82 rs=1 cs=1]
              RenderInline {FONT} at (0,0) size 3x11
                RenderText {#text} at (0,0) size 3x11
                  text run at (0,0) width 3: " "
            RenderTableCell {TD} at (648,121) size 8x11 [bgcolor=#044F4F] [r=11 c=83 rs=1 cs=1]
              RenderInline {FONT} at (0,0) size 3x11
                RenderText {#text} at (0,0) size 3x11
                  text run at (0,0) width 3: " "
            RenderTableCell {TD} at (656,121) size 8x11 [bgcolor=#447877] [r=11 c=84 rs=1 cs=1]
              RenderInline {FONT} at (0,0) size 3x11
                RenderText {#text} at (0,0) size 3x11
                  text run at (0,0) width 3: " "
            RenderTableCell {TD} at (664,121) size 8x11 [bgcolor=#EDEEEF] [r=11 c=85 rs=1 cs=1]
              RenderInline {FONT} at (0,0) size 3x11
                RenderText {#text} at (0,0) size 3x11
                  text run at (0,0) width 3: " "
            RenderTableCell {TD} at (672,121) size 8x11 [bgcolor=#FDFDFB] [r=11 c=86 rs=1 cs=1]
              RenderInline {FONT} at (0,0) size 3x11
                RenderText {#text} at (0,0) size 3x11
                  text run at (0,0) width 3: " "
            RenderTableCell {TD} at (680,121) size 8x11 [bgcolor=#5A8787] [r=11 c=87 rs=1 cs=1]
              RenderInline {FONT} at (0,0) size 3x11
                RenderText {#text} at (0,0) size 3x11
                  text run at (0,0) width 3: " "
            RenderTableCell {TD} at (688,121) size 8x11 [bgcolor=#025E5E] [r=11 c=88 rs=1 cs=1]
              RenderInline {FONT} at (0,0) size 3x11
                RenderText {#text} at (0,0) size 3x11
                  text run at (0,0) width 3: " "
            RenderTableCell {TD} at (696,121) size 8x11 [bgcolor=#025E5E] [r=11 c=89 rs=1 cs=1]
              RenderInline {FONT} at (0,0) size 3x11
                RenderText {#text} at (0,0) size 3x11
                  text run at (0,0) width 3: " "
            RenderTableCell {TD} at (704,121) size 8x11 [bgcolor=#396B6A] [r=11 c=90 rs=1 cs=1]
              RenderInline {FONT} at (0,0) size 3x11
                RenderText {#text} at (0,0) size 3x11
                  text run at (0,0) width 3: " "
            RenderTableCell {TD} at (712,121) size 8x11 [bgcolor=#E0EAE9] [r=11 c=91 rs=1 cs=1]
              RenderInline {FONT} at (0,0) size 3x11
                RenderText {#text} at (0,0) size 3x11
                  text run at (0,0) width 3: " "
            RenderTableCell {TD} at (720,121) size 8x11 [bgcolor=#FDFDFB] [r=11 c=92 rs=1 cs=1]
              RenderInline {FONT} at (0,0) size 3x11
                RenderText {#text} at (0,0) size 3x11
                  text run at (0,0) width 3: " "
            RenderTableCell {TD} at (728,121) size 8x11 [bgcolor=#2D3433] [r=11 c=93 rs=1 cs=1]
              RenderInline {FONT} at (0,0) size 3x11
                RenderText {#text} at (0,0) size 3x11
                  text run at (0,0) width 3: " "
            RenderTableCell {TD} at (736,121) size 8x11 [bgcolor=#1C2524] [r=11 c=94 rs=1 cs=1]
              RenderInline {FONT} at (0,0) size 3x11
                RenderText {#text} at (0,0) size 3x11
                  text run at (0,0) width 3: " "
            RenderTableCell {TD} at (744,121) size 8x11 [bgcolor=#3D4242] [r=11 c=95 rs=1 cs=1]
              RenderInline {FONT} at (0,0) size 3x11
                RenderText {#text} at (0,0) size 3x11
                  text run at (0,0) width 3: " "
            RenderTableCell {TD} at (752,121) size 8x11 [bgcolor=#777878] [r=11 c=96 rs=1 cs=1]
              RenderInline {FONT} at (0,0) size 3x11
                RenderText {#text} at (0,0) size 3x11
                  text run at (0,0) width 3: " "
            RenderTableCell {TD} at (760,121) size 8x11 [bgcolor=#848788] [r=11 c=97 rs=1 cs=1]
              RenderInline {FONT} at (0,0) size 3x11
                RenderText {#text} at (0,0) size 3x11
                  text run at (0,0) width 3: " "
            RenderTableCell {TD} at (768,121) size 8x11 [bgcolor=#777878] [r=11 c=98 rs=1 cs=1]
              RenderInline {FONT} at (0,0) size 3x11
                RenderText {#text} at (0,0) size 3x11
                  text run at (0,0) width 3: " "
            RenderTableCell {TD} at (776,121) size 8x11 [bgcolor=#4D4F4F] [r=11 c=99 rs=1 cs=1]
              RenderInline {FONT} at (0,0) size 3x11
                RenderText {#text} at (0,0) size 3x11
                  text run at (0,0) width 3: " "
          RenderTableRow {TR} at (0,132) size 784x11
            RenderTableCell {TD} at (0,132) size 7x11 [bgcolor=#97C1C0] [r=12 c=0 rs=1 cs=1]
              RenderInline {FONT} at (0,0) size 3x11
                RenderText {#text} at (0,0) size 3x11
                  text run at (0,0) width 3: " "
            RenderTableCell {TD} at (7,132) size 7x11 [bgcolor=#027777] [r=12 c=1 rs=1 cs=1]
              RenderInline {FONT} at (0,0) size 3x11
                RenderText {#text} at (0,0) size 3x11
                  text run at (0,0) width 3: " "
            RenderTableCell {TD} at (14,132) size 7x11 [bgcolor=#60A2A3] [r=12 c=2 rs=1 cs=1]
              RenderInline {FONT} at (0,0) size 3x11
                RenderText {#text} at (0,0) size 3x11
                  text run at (0,0) width 3: " "
            RenderTableCell {TD} at (21,132) size 7x11 [bgcolor=#EDEEEF] [r=12 c=3 rs=1 cs=1]
              RenderInline {FONT} at (0,0) size 3x11
                RenderText {#text} at (0,0) size 3x11
                  text run at (0,0) width 3: " "
            RenderTableCell {TD} at (28,132) size 7x11 [bgcolor=#FDFDFB] [r=12 c=4 rs=1 cs=1]
              RenderInline {FONT} at (0,0) size 3x11
                RenderText {#text} at (0,0) size 3x11
                  text run at (0,0) width 3: " "
            RenderTableCell {TD} at (35,132) size 7x11 [bgcolor=#A2B5B4] [r=12 c=5 rs=1 cs=1]
              RenderInline {FONT} at (0,0) size 3x11
                RenderText {#text} at (0,0) size 3x11
                  text run at (0,0) width 3: " "
            RenderTableCell {TD} at (42,132) size 7x11 [bgcolor=#72A3A1] [r=12 c=6 rs=1 cs=1]
              RenderInline {FONT} at (0,0) size 3x11
                RenderText {#text} at (0,0) size 3x11
                  text run at (0,0) width 3: " "
            RenderTableCell {TD} at (49,132) size 7x11 [bgcolor=#469191] [r=12 c=7 rs=1 cs=1]
              RenderInline {FONT} at (0,0) size 3x11
                RenderText {#text} at (0,0) size 3x11
                  text run at (0,0) width 3: " "
            RenderTableCell {TD} at (56,132) size 7x11 [bgcolor=#338686] [r=12 c=8 rs=1 cs=1]
              RenderInline {FONT} at (0,0) size 3x11
                RenderText {#text} at (0,0) size 3x11
                  text run at (0,0) width 3: " "
            RenderTableCell {TD} at (63,132) size 7x11 [bgcolor=#1E7A79] [r=12 c=9 rs=1 cs=1]
              RenderInline {FONT} at (0,0) size 3x11
                RenderText {#text} at (0,0) size 3x11
                  text run at (0,0) width 3: " "
            RenderTableCell {TD} at (70,132) size 7x11 [bgcolor=#1A6B6A] [r=12 c=10 rs=1 cs=1]
              RenderInline {FONT} at (0,0) size 3x11
                RenderText {#text} at (0,0) size 3x11
                  text run at (0,0) width 3: " "
            RenderTableCell {TD} at (77,132) size 7x11 [bgcolor=#044F4F] [r=12 c=11 rs=1 cs=1]
              RenderInline {FONT} at (0,0) size 3x11
                RenderText {#text} at (0,0) size 3x11
                  text run at (0,0) width 3: " "
            RenderTableCell {TD} at (84,132) size 7x11 [bgcolor=#044140] [r=12 c=12 rs=1 cs=1]
              RenderInline {FONT} at (0,0) size 3x11
                RenderText {#text} at (0,0) size 3x11
                  text run at (0,0) width 3: " "
            RenderTableCell {TD} at (91,132) size 7x11 [bgcolor=#044140] [r=12 c=13 rs=1 cs=1]
              RenderInline {FONT} at (0,0) size 3x11
                RenderText {#text} at (0,0) size 3x11
                  text run at (0,0) width 3: " "
            RenderTableCell {TD} at (98,132) size 7x11 [bgcolor=#223C3D] [r=12 c=14 rs=1 cs=1]
              RenderInline {FONT} at (0,0) size 3x11
                RenderText {#text} at (0,0) size 3x11
                  text run at (0,0) width 3: " "
            RenderTableCell {TD} at (105,132) size 7x11 [bgcolor=#848788] [r=12 c=15 rs=1 cs=1]
              RenderInline {FONT} at (0,0) size 3x11
                RenderText {#text} at (0,0) size 3x11
                  text run at (0,0) width 3: " "
            RenderTableCell {TD} at (112,132) size 8x11 [bgcolor=#FDFDFB] [r=12 c=16 rs=1 cs=1]
              RenderInline {FONT} at (0,0) size 3x11
                RenderText {#text} at (0,0) size 3x11
                  text run at (0,0) width 3: " "
            RenderTableCell {TD} at (120,132) size 8x11 [bgcolor=#FDFDFB] [r=12 c=17 rs=1 cs=1]
              RenderInline {FONT} at (0,0) size 3x11
                RenderText {#text} at (0,0) size 3x11
                  text run at (0,0) width 3: " "
            RenderTableCell {TD} at (128,132) size 8x11 [bgcolor=#2D3433] [r=12 c=18 rs=1 cs=1]
              RenderInline {FONT} at (0,0) size 3x11
                RenderText {#text} at (0,0) size 3x11
                  text run at (0,0) width 3: " "
            RenderTableCell {TD} at (136,132) size 8x11 [bgcolor=#1E7A79] [r=12 c=19 rs=1 cs=1]
              RenderInline {FONT} at (0,0) size 3x11
                RenderText {#text} at (0,0) size 3x11
                  text run at (0,0) width 3: " "
            RenderTableCell {TD} at (144,132) size 8x11 [bgcolor=#027777] [r=12 c=20 rs=1 cs=1]
              RenderInline {FONT} at (0,0) size 3x11
                RenderText {#text} at (0,0) size 3x11
                  text run at (0,0) width 3: " "
            RenderTableCell {TD} at (152,132) size 8x11 [bgcolor=#1A6B6A] [r=12 c=21 rs=1 cs=1]
              RenderInline {FONT} at (0,0) size 3x11
                RenderText {#text} at (0,0) size 3x11
                  text run at (0,0) width 3: " "
            RenderTableCell {TD} at (160,132) size 8x11 [bgcolor=#274C4D] [r=12 c=22 rs=1 cs=1]
              RenderInline {FONT} at (0,0) size 3x11
                RenderText {#text} at (0,0) size 3x11
                  text run at (0,0) width 3: " "
            RenderTableCell {TD} at (168,132) size 8x11 [bgcolor=#274C4D] [r=12 c=23 rs=1 cs=1]
              RenderInline {FONT} at (0,0) size 3x11
                RenderText {#text} at (0,0) size 3x11
                  text run at (0,0) width 3: " "
            RenderTableCell {TD} at (176,132) size 8x11 [bgcolor=#287A7A] [r=12 c=24 rs=1 cs=1]
              RenderInline {FONT} at (0,0) size 3x11
                RenderText {#text} at (0,0) size 3x11
                  text run at (0,0) width 3: " "
            RenderTableCell {TD} at (184,132) size 8x11 [bgcolor=#338686] [r=12 c=25 rs=1 cs=1]
              RenderInline {FONT} at (0,0) size 3x11
                RenderText {#text} at (0,0) size 3x11
                  text run at (0,0) width 3: " "
            RenderTableCell {TD} at (192,132) size 8x11 [bgcolor=#338686] [r=12 c=26 rs=1 cs=1]
              RenderInline {FONT} at (0,0) size 3x11
                RenderText {#text} at (0,0) size 3x11
                  text run at (0,0) width 3: " "
            RenderTableCell {TD} at (200,132) size 8x11 [bgcolor=#469191] [r=12 c=27 rs=1 cs=1]
              RenderInline {FONT} at (0,0) size 3x11
                RenderText {#text} at (0,0) size 3x11
                  text run at (0,0) width 3: " "
            RenderTableCell {TD} at (208,132) size 8x11 [bgcolor=#60A2A3] [r=12 c=28 rs=1 cs=1]
              RenderInline {FONT} at (0,0) size 3x11
                RenderText {#text} at (0,0) size 3x11
                  text run at (0,0) width 3: " "
            RenderTableCell {TD} at (216,132) size 8x11 [bgcolor=#CADEDD] [r=12 c=29 rs=1 cs=1]
              RenderInline {FONT} at (0,0) size 3x11
                RenderText {#text} at (0,0) size 3x11
                  text run at (0,0) width 3: " "
            RenderTableCell {TD} at (224,132) size 8x11 [bgcolor=#FDFDFB] [r=12 c=30 rs=1 cs=1]
              RenderInline {FONT} at (0,0) size 3x11
                RenderText {#text} at (0,0) size 3x11
                  text run at (0,0) width 3: " "
            RenderTableCell {TD} at (232,132) size 8x11 [bgcolor=#B4B4B4] [r=12 c=31 rs=1 cs=1]
              RenderInline {FONT} at (0,0) size 3x11
                RenderText {#text} at (0,0) size 3x11
                  text run at (0,0) width 3: " "
            RenderTableCell {TD} at (240,132) size 8x11 [bgcolor=#072323] [r=12 c=32 rs=1 cs=1]
              RenderInline {FONT} at (0,0) size 3x11
                RenderText {#text} at (0,0) size 3x11
                  text run at (0,0) width 3: " "
            RenderTableCell {TD} at (248,132) size 8x11 [bgcolor=#4D4F4F] [r=12 c=33 rs=1 cs=1]
              RenderInline {FONT} at (0,0) size 3x11
                RenderText {#text} at (0,0) size 3x11
                  text run at (0,0) width 3: " "
            RenderTableCell {TD} at (256,132) size 8x11 [bgcolor=#777878] [r=12 c=34 rs=1 cs=1]
              RenderInline {FONT} at (0,0) size 3x11
                RenderText {#text} at (0,0) size 3x11
                  text run at (0,0) width 3: " "
            RenderTableCell {TD} at (264,132) size 8x11 [bgcolor=#CECFCF] [r=12 c=35 rs=1 cs=1]
              RenderInline {FONT} at (0,0) size 3x11
                RenderText {#text} at (0,0) size 3x11
                  text run at (0,0) width 3: " "
            RenderTableCell {TD} at (272,132) size 8x11 [bgcolor=#FDFDFB] [r=12 c=36 rs=1 cs=1]
              RenderInline {FONT} at (0,0) size 3x11
                RenderText {#text} at (0,0) size 3x11
                  text run at (0,0) width 3: " "
            RenderTableCell {TD} at (280,132) size 8x11 [bgcolor=#CECFCF] [r=12 c=37 rs=1 cs=1]
              RenderInline {FONT} at (0,0) size 3x11
                RenderText {#text} at (0,0) size 3x11
                  text run at (0,0) width 3: " "
            RenderTableCell {TD} at (288,132) size 8x11 [bgcolor=#8DB7B6] [r=12 c=38 rs=1 cs=1]
              RenderInline {FONT} at (0,0) size 3x11
                RenderText {#text} at (0,0) size 3x11
                  text run at (0,0) width 3: " "
            RenderTableCell {TD} at (296,132) size 8x11 [bgcolor=#589594] [r=12 c=39 rs=1 cs=1]
              RenderInline {FONT} at (0,0) size 3x11
                RenderText {#text} at (0,0) size 3x11
                  text run at (0,0) width 3: " "
            RenderTableCell {TD} at (304,132) size 8x11 [bgcolor=#338686] [r=12 c=40 rs=1 cs=1]
              RenderInline {FONT} at (0,0) size 3x11
                RenderText {#text} at (0,0) size 3x11
                  text run at (0,0) width 3: " "
            RenderTableCell {TD} at (312,132) size 8x11 [bgcolor=#287A7A] [r=12 c=41 rs=1 cs=1]
              RenderInline {FONT} at (0,0) size 3x11
                RenderText {#text} at (0,0) size 3x11
                  text run at (0,0) width 3: " "
            RenderTableCell {TD} at (320,132) size 8x11 [bgcolor=#1E7A79] [r=12 c=42 rs=1 cs=1]
              RenderInline {FONT} at (0,0) size 3x11
                RenderText {#text} at (0,0) size 3x11
                  text run at (0,0) width 3: " "
            RenderTableCell {TD} at (328,132) size 8x11 [bgcolor=#1A5C5C] [r=12 c=43 rs=1 cs=1]
              RenderInline {FONT} at (0,0) size 3x11
                RenderText {#text} at (0,0) size 3x11
                  text run at (0,0) width 3: " "
            RenderTableCell {TD} at (336,132) size 8x11 [bgcolor=#044F4F] [r=12 c=44 rs=1 cs=1]
              RenderInline {FONT} at (0,0) size 3x11
                RenderText {#text} at (0,0) size 3x11
                  text run at (0,0) width 3: " "
            RenderTableCell {TD} at (344,132) size 8x11 [bgcolor=#044F4F] [r=12 c=45 rs=1 cs=1]
              RenderInline {FONT} at (0,0) size 3x11
                RenderText {#text} at (0,0) size 3x11
                  text run at (0,0) width 3: " "
            RenderTableCell {TD} at (352,132) size 8x11 [bgcolor=#026766] [r=12 c=46 rs=1 cs=1]
              RenderInline {FONT} at (0,0) size 3x11
                RenderText {#text} at (0,0) size 3x11
                  text run at (0,0) width 3: " "
            RenderTableCell {TD} at (360,132) size 8x11 [bgcolor=#1A6B6A] [r=12 c=47 rs=1 cs=1]
              RenderInline {FONT} at (0,0) size 3x11
                RenderText {#text} at (0,0) size 3x11
                  text run at (0,0) width 3: " "
            RenderTableCell {TD} at (368,132) size 8x11 [bgcolor=#B6D0D1] [r=12 c=48 rs=1 cs=1]
              RenderInline {FONT} at (0,0) size 3x11
                RenderText {#text} at (0,0) size 3x11
                  text run at (0,0) width 3: " "
            RenderTableCell {TD} at (376,132) size 8x11 [bgcolor=#FDFDFB] [r=12 c=49 rs=1 cs=1]
              RenderInline {FONT} at (0,0) size 3x11
                RenderText {#text} at (0,0) size 3x11
                  text run at (0,0) width 3: " "
            RenderTableCell {TD} at (384,132) size 8x11 [bgcolor=#A5A6A6] [r=12 c=50 rs=1 cs=1]
              RenderInline {FONT} at (0,0) size 3x11
                RenderText {#text} at (0,0) size 3x11
                  text run at (0,0) width 3: " "
            RenderTableCell {TD} at (392,132) size 8x11 [bgcolor=#072323] [r=12 c=51 rs=1 cs=1]
              RenderInline {FONT} at (0,0) size 3x11
                RenderText {#text} at (0,0) size 3x11
                  text run at (0,0) width 3: " "
            RenderTableCell {TD} at (400,132) size 8x11 [bgcolor=#3D4242] [r=12 c=52 rs=1 cs=1]
              RenderInline {FONT} at (0,0) size 3x11
                RenderText {#text} at (0,0) size 3x11
                  text run at (0,0) width 3: " "
            RenderTableCell {TD} at (408,132) size 8x11 [bgcolor=#696A69] [r=12 c=53 rs=1 cs=1]
              RenderInline {FONT} at (0,0) size 3x11
                RenderText {#text} at (0,0) size 3x11
                  text run at (0,0) width 3: " "
            RenderTableCell {TD} at (416,132) size 8x11 [bgcolor=#848788] [r=12 c=54 rs=1 cs=1]
              RenderInline {FONT} at (0,0) size 3x11
                RenderText {#text} at (0,0) size 3x11
                  text run at (0,0) width 3: " "
            RenderTableCell {TD} at (424,132) size 8x11 [bgcolor=#939494] [r=12 c=55 rs=1 cs=1]
              RenderInline {FONT} at (0,0) size 3x11
                RenderText {#text} at (0,0) size 3x11
                  text run at (0,0) width 3: " "
            RenderTableCell {TD} at (432,132) size 8x11 [bgcolor=#B4B4B4] [r=12 c=56 rs=1 cs=1]
              RenderInline {FONT} at (0,0) size 3x11
                RenderText {#text} at (0,0) size 3x11
                  text run at (0,0) width 3: " "
            RenderTableCell {TD} at (440,132) size 8x11 [bgcolor=#FDFDFB] [r=12 c=57 rs=1 cs=1]
              RenderInline {FONT} at (0,0) size 3x11
                RenderText {#text} at (0,0) size 3x11
                  text run at (0,0) width 3: " "
            RenderTableCell {TD} at (448,132) size 8x11 [bgcolor=#FDFDFB] [r=12 c=58 rs=1 cs=1]
              RenderInline {FONT} at (0,0) size 3x11
                RenderText {#text} at (0,0) size 3x11
                  text run at (0,0) width 3: " "
            RenderTableCell {TD} at (456,132) size 8x11 [bgcolor=#2D3433] [r=12 c=59 rs=1 cs=1]
              RenderInline {FONT} at (0,0) size 3x11
                RenderText {#text} at (0,0) size 3x11
                  text run at (0,0) width 3: " "
            RenderTableCell {TD} at (464,132) size 8x11 [bgcolor=#1E7A79] [r=12 c=60 rs=1 cs=1]
              RenderInline {FONT} at (0,0) size 3x11
                RenderText {#text} at (0,0) size 3x11
                  text run at (0,0) width 3: " "
            RenderTableCell {TD} at (472,132) size 8x11 [bgcolor=#66BABC] [r=12 c=61 rs=1 cs=1]
              RenderInline {FONT} at (0,0) size 3x11
                RenderText {#text} at (0,0) size 3x11
                  text run at (0,0) width 3: " "
            RenderTableCell {TD} at (480,132) size 8x11 [bgcolor=#FDFDFB] [r=12 c=62 rs=1 cs=1]
              RenderInline {FONT} at (0,0) size 3x11
                RenderText {#text} at (0,0) size 3x11
                  text run at (0,0) width 3: " "
            RenderTableCell {TD} at (488,132) size 8x11 [bgcolor=#DEDFDF] [r=12 c=63 rs=1 cs=1]
              RenderInline {FONT} at (0,0) size 3x11
                RenderText {#text} at (0,0) size 3x11
                  text run at (0,0) width 3: " "
            RenderTableCell {TD} at (496,132) size 8x11 [bgcolor=#072323] [r=12 c=64 rs=1 cs=1]
              RenderInline {FONT} at (0,0) size 3x11
                RenderText {#text} at (0,0) size 3x11
                  text run at (0,0) width 3: " "
            RenderTableCell {TD} at (504,132) size 8x11 [bgcolor=#025E5E] [r=12 c=65 rs=1 cs=1]
              RenderInline {FONT} at (0,0) size 3x11
                RenderText {#text} at (0,0) size 3x11
                  text run at (0,0) width 3: " "
            RenderTableCell {TD} at (512,132) size 8x11 [bgcolor=#026766] [r=12 c=66 rs=1 cs=1]
              RenderInline {FONT} at (0,0) size 3x11
                RenderText {#text} at (0,0) size 3x11
                  text run at (0,0) width 3: " "
            RenderTableCell {TD} at (520,132) size 8x11 [bgcolor=#026766] [r=12 c=67 rs=1 cs=1]
              RenderInline {FONT} at (0,0) size 3x11
                RenderText {#text} at (0,0) size 3x11
                  text run at (0,0) width 3: " "
            RenderTableCell {TD} at (528,132) size 8x11 [bgcolor=#026766] [r=12 c=68 rs=1 cs=1]
              RenderInline {FONT} at (0,0) size 3x11
                RenderText {#text} at (0,0) size 3x11
                  text run at (0,0) width 3: " "
            RenderTableCell {TD} at (536,132) size 8x11 [bgcolor=#026766] [r=12 c=69 rs=1 cs=1]
              RenderInline {FONT} at (0,0) size 3x11
                RenderText {#text} at (0,0) size 3x11
                  text run at (0,0) width 3: " "
            RenderTableCell {TD} at (544,132) size 8x11 [bgcolor=#287A7A] [r=12 c=70 rs=1 cs=1]
              RenderInline {FONT} at (0,0) size 3x11
                RenderText {#text} at (0,0) size 3x11
                  text run at (0,0) width 3: " "
            RenderTableCell {TD} at (552,132) size 8x11 [bgcolor=#EDEEEF] [r=12 c=71 rs=1 cs=1]
              RenderInline {FONT} at (0,0) size 3x11
                RenderText {#text} at (0,0) size 3x11
                  text run at (0,0) width 3: " "
            RenderTableCell {TD} at (560,132) size 8x11 [bgcolor=#FDFDFB] [r=12 c=72 rs=1 cs=1]
              RenderInline {FONT} at (0,0) size 3x11
                RenderText {#text} at (0,0) size 3x11
                  text run at (0,0) width 3: " "
            RenderTableCell {TD} at (568,132) size 8x11 [bgcolor=#4D4F4F] [r=12 c=73 rs=1 cs=1]
              RenderInline {FONT} at (0,0) size 3x11
                RenderText {#text} at (0,0) size 3x11
                  text run at (0,0) width 3: " "
            RenderTableCell {TD} at (576,132) size 8x11 [bgcolor=#5E5F60] [r=12 c=74 rs=1 cs=1]
              RenderInline {FONT} at (0,0) size 3x11
                RenderText {#text} at (0,0) size 3x11
                  text run at (0,0) width 3: " "
            RenderTableCell {TD} at (584,132) size 8x11 [bgcolor=#91A3A3] [r=12 c=75 rs=1 cs=1]
              RenderInline {FONT} at (0,0) size 3x11
                RenderText {#text} at (0,0) size 3x11
                  text run at (0,0) width 3: " "
            RenderTableCell {TD} at (592,132) size 8x11 [bgcolor=#FDFDFB] [r=12 c=76 rs=1 cs=1]
              RenderInline {FONT} at (0,0) size 3x11
                RenderText {#text} at (0,0) size 3x11
                  text run at (0,0) width 3: " "
            RenderTableCell {TD} at (600,132) size 8x11 [bgcolor=#DEDFDF] [r=12 c=77 rs=1 cs=1]
              RenderInline {FONT} at (0,0) size 3x11
                RenderText {#text} at (0,0) size 3x11
                  text run at (0,0) width 3: " "
            RenderTableCell {TD} at (608,132) size 8x11 [bgcolor=#3D4242] [r=12 c=78 rs=1 cs=1]
              RenderInline {FONT} at (0,0) size 3x11
                RenderText {#text} at (0,0) size 3x11
                  text run at (0,0) width 3: " "
            RenderTableCell {TD} at (616,132) size 8x11 [bgcolor=#025E5E] [r=12 c=79 rs=1 cs=1]
              RenderInline {FONT} at (0,0) size 3x11
                RenderText {#text} at (0,0) size 3x11
                  text run at (0,0) width 3: " "
            RenderTableCell {TD} at (624,132) size 8x11 [bgcolor=#026766] [r=12 c=80 rs=1 cs=1]
              RenderInline {FONT} at (0,0) size 3x11
                RenderText {#text} at (0,0) size 3x11
                  text run at (0,0) width 3: " "
            RenderTableCell {TD} at (632,132) size 8x11 [bgcolor=#026766] [r=12 c=81 rs=1 cs=1]
              RenderInline {FONT} at (0,0) size 3x11
                RenderText {#text} at (0,0) size 3x11
                  text run at (0,0) width 3: " "
            RenderTableCell {TD} at (640,132) size 8x11 [bgcolor=#026766] [r=12 c=82 rs=1 cs=1]
              RenderInline {FONT} at (0,0) size 3x11
                RenderText {#text} at (0,0) size 3x11
                  text run at (0,0) width 3: " "
            RenderTableCell {TD} at (648,132) size 8x11 [bgcolor=#026766] [r=12 c=83 rs=1 cs=1]
              RenderInline {FONT} at (0,0) size 3x11
                RenderText {#text} at (0,0) size 3x11
                  text run at (0,0) width 3: " "
            RenderTableCell {TD} at (656,132) size 8x11 [bgcolor=#026766] [r=12 c=84 rs=1 cs=1]
              RenderInline {FONT} at (0,0) size 3x11
                RenderText {#text} at (0,0) size 3x11
                  text run at (0,0) width 3: " "
            RenderTableCell {TD} at (664,132) size 8x11 [bgcolor=#7CAEAF] [r=12 c=85 rs=1 cs=1]
              RenderInline {FONT} at (0,0) size 3x11
                RenderText {#text} at (0,0) size 3x11
                  text run at (0,0) width 3: " "
            RenderTableCell {TD} at (672,132) size 8x11 [bgcolor=#FDFDFB] [r=12 c=86 rs=1 cs=1]
              RenderInline {FONT} at (0,0) size 3x11
                RenderText {#text} at (0,0) size 3x11
                  text run at (0,0) width 3: " "
            RenderTableCell {TD} at (680,132) size 8x11 [bgcolor=#BEC2C2] [r=12 c=87 rs=1 cs=1]
              RenderInline {FONT} at (0,0) size 3x11
                RenderText {#text} at (0,0) size 3x11
                  text run at (0,0) width 3: " "
            RenderTableCell {TD} at (688,132) size 8x11 [bgcolor=#1A5C5C] [r=12 c=88 rs=1 cs=1]
              RenderInline {FONT} at (0,0) size 3x11
                RenderText {#text} at (0,0) size 3x11
                  text run at (0,0) width 3: " "
            RenderTableCell {TD} at (696,132) size 8x11 [bgcolor=#026766] [r=12 c=89 rs=1 cs=1]
              RenderInline {FONT} at (0,0) size 3x11
                RenderText {#text} at (0,0) size 3x11
                  text run at (0,0) width 3: " "
            RenderTableCell {TD} at (704,132) size 8x11 [bgcolor=#338686] [r=12 c=90 rs=1 cs=1]
              RenderInline {FONT} at (0,0) size 3x11
                RenderText {#text} at (0,0) size 3x11
                  text run at (0,0) width 3: " "
            RenderTableCell {TD} at (712,132) size 8x11 [bgcolor=#EDEEEF] [r=12 c=91 rs=1 cs=1]
              RenderInline {FONT} at (0,0) size 3x11
                RenderText {#text} at (0,0) size 3x11
                  text run at (0,0) width 3: " "
            RenderTableCell {TD} at (720,132) size 8x11 [bgcolor=#FDFDFB] [r=12 c=92 rs=1 cs=1]
              RenderInline {FONT} at (0,0) size 3x11
                RenderText {#text} at (0,0) size 3x11
                  text run at (0,0) width 3: " "
            RenderTableCell {TD} at (728,132) size 8x11 [bgcolor=#2D3433] [r=12 c=93 rs=1 cs=1]
              RenderInline {FONT} at (0,0) size 3x11
                RenderText {#text} at (0,0) size 3x11
                  text run at (0,0) width 3: " "
            RenderTableCell {TD} at (736,132) size 8x11 [bgcolor=#223C3D] [r=12 c=94 rs=1 cs=1]
              RenderInline {FONT} at (0,0) size 3x11
                RenderText {#text} at (0,0) size 3x11
                  text run at (0,0) width 3: " "
            RenderTableCell {TD} at (744,132) size 8x11 [bgcolor=#5E5F60] [r=12 c=95 rs=1 cs=1]
              RenderInline {FONT} at (0,0) size 3x11
                RenderText {#text} at (0,0) size 3x11
                  text run at (0,0) width 3: " "
            RenderTableCell {TD} at (752,132) size 8x11 [bgcolor=#777878] [r=12 c=96 rs=1 cs=1]
              RenderInline {FONT} at (0,0) size 3x11
                RenderText {#text} at (0,0) size 3x11
                  text run at (0,0) width 3: " "
            RenderTableCell {TD} at (760,132) size 8x11 [bgcolor=#848788] [r=12 c=97 rs=1 cs=1]
              RenderInline {FONT} at (0,0) size 3x11
                RenderText {#text} at (0,0) size 3x11
                  text run at (0,0) width 3: " "
            RenderTableCell {TD} at (768,132) size 8x11 [bgcolor=#777878] [r=12 c=98 rs=1 cs=1]
              RenderInline {FONT} at (0,0) size 3x11
                RenderText {#text} at (0,0) size 3x11
                  text run at (0,0) width 3: " "
            RenderTableCell {TD} at (776,132) size 8x11 [bgcolor=#4D4F4F] [r=12 c=99 rs=1 cs=1]
              RenderInline {FONT} at (0,0) size 3x11
                RenderText {#text} at (0,0) size 3x11
                  text run at (0,0) width 3: " "
          RenderTableRow {TR} at (0,143) size 784x11
            RenderTableCell {TD} at (0,143) size 7x11 [bgcolor=#97C1C0] [r=13 c=0 rs=1 cs=1]
              RenderInline {FONT} at (0,0) size 3x11
                RenderText {#text} at (0,0) size 3x11
                  text run at (0,0) width 3: " "
            RenderTableCell {TD} at (7,143) size 7x11 [bgcolor=#027777] [r=13 c=1 rs=1 cs=1]
              RenderInline {FONT} at (0,0) size 3x11
                RenderText {#text} at (0,0) size 3x11
                  text run at (0,0) width 3: " "
            RenderTableCell {TD} at (14,143) size 7x11 [bgcolor=#027777] [r=13 c=2 rs=1 cs=1]
              RenderInline {FONT} at (0,0) size 3x11
                RenderText {#text} at (0,0) size 3x11
                  text run at (0,0) width 3: " "
            RenderTableCell {TD} at (21,143) size 7x11 [bgcolor=#447877] [r=13 c=3 rs=1 cs=1]
              RenderInline {FONT} at (0,0) size 3x11
                RenderText {#text} at (0,0) size 3x11
                  text run at (0,0) width 3: " "
            RenderTableCell {TD} at (28,143) size 7x11 [bgcolor=#939494] [r=13 c=4 rs=1 cs=1]
              RenderInline {FONT} at (0,0) size 3x11
                RenderText {#text} at (0,0) size 3x11
                  text run at (0,0) width 3: " "
            RenderTableCell {TD} at (35,143) size 7x11 [bgcolor=#CECFCF] [r=13 c=5 rs=1 cs=1]
              RenderInline {FONT} at (0,0) size 3x11
                RenderText {#text} at (0,0) size 3x11
                  text run at (0,0) width 3: " "
            RenderTableCell {TD} at (42,143) size 7x11 [bgcolor=#EDEEEF] [r=13 c=6 rs=1 cs=1]
              RenderInline {FONT} at (0,0) size 3x11
                RenderText {#text} at (0,0) size 3x11
                  text run at (0,0) width 3: " "
            RenderTableCell {TD} at (49,143) size 7x11 [bgcolor=#FDFDFB] [r=13 c=7 rs=1 cs=1]
              RenderInline {FONT} at (0,0) size 3x11
                RenderText {#text} at (0,0) size 3x11
                  text run at (0,0) width 3: " "
            RenderTableCell {TD} at (56,143) size 7x11 [bgcolor=#E0EAE9] [r=13 c=8 rs=1 cs=1]
              RenderInline {FONT} at (0,0) size 3x11
                RenderText {#text} at (0,0) size 3x11
                  text run at (0,0) width 3: " "
            RenderTableCell {TD} at (63,143) size 7x11 [bgcolor=#CADEDD] [r=13 c=9 rs=1 cs=1]
              RenderInline {FONT} at (0,0) size 3x11
                RenderText {#text} at (0,0) size 3x11
                  text run at (0,0) width 3: " "
            RenderTableCell {TD} at (70,143) size 7x11 [bgcolor=#B6D0D1] [r=13 c=10 rs=1 cs=1]
              RenderInline {FONT} at (0,0) size 3x11
                RenderText {#text} at (0,0) size 3x11
                  text run at (0,0) width 3: " "
            RenderTableCell {TD} at (77,143) size 7x11 [bgcolor=#7CAEAF] [r=13 c=11 rs=1 cs=1]
              RenderInline {FONT} at (0,0) size 3x11
                RenderText {#text} at (0,0) size 3x11
                  text run at (0,0) width 3: " "
            RenderTableCell {TD} at (84,143) size 7x11 [bgcolor=#1A6B6A] [r=13 c=12 rs=1 cs=1]
              RenderInline {FONT} at (0,0) size 3x11
                RenderText {#text} at (0,0) size 3x11
                  text run at (0,0) width 3: " "
            RenderTableCell {TD} at (91,143) size 7x11 [bgcolor=#044140] [r=13 c=13 rs=1 cs=1]
              RenderInline {FONT} at (0,0) size 3x11
                RenderText {#text} at (0,0) size 3x11
                  text run at (0,0) width 3: " "
            RenderTableCell {TD} at (98,143) size 7x11 [bgcolor=#223C3D] [r=13 c=14 rs=1 cs=1]
              RenderInline {FONT} at (0,0) size 3x11
                RenderText {#text} at (0,0) size 3x11
                  text run at (0,0) width 3: " "
            RenderTableCell {TD} at (105,143) size 7x11 [bgcolor=#848788] [r=13 c=15 rs=1 cs=1]
              RenderInline {FONT} at (0,0) size 3x11
                RenderText {#text} at (0,0) size 3x11
                  text run at (0,0) width 3: " "
            RenderTableCell {TD} at (112,143) size 8x11 [bgcolor=#FDFDFB] [r=13 c=16 rs=1 cs=1]
              RenderInline {FONT} at (0,0) size 3x11
                RenderText {#text} at (0,0) size 3x11
                  text run at (0,0) width 3: " "
            RenderTableCell {TD} at (120,143) size 8x11 [bgcolor=#FDFDFB] [r=13 c=17 rs=1 cs=1]
              RenderInline {FONT} at (0,0) size 3x11
                RenderText {#text} at (0,0) size 3x11
                  text run at (0,0) width 3: " "
            RenderTableCell {TD} at (128,143) size 8x11 [bgcolor=#2D3433] [r=13 c=18 rs=1 cs=1]
              RenderInline {FONT} at (0,0) size 3x11
                RenderText {#text} at (0,0) size 3x11
                  text run at (0,0) width 3: " "
            RenderTableCell {TD} at (136,143) size 8x11 [bgcolor=#1E7A79] [r=13 c=19 rs=1 cs=1]
              RenderInline {FONT} at (0,0) size 3x11
                RenderText {#text} at (0,0) size 3x11
                  text run at (0,0) width 3: " "
            RenderTableCell {TD} at (144,143) size 8x11 [bgcolor=#027777] [r=13 c=20 rs=1 cs=1]
              RenderInline {FONT} at (0,0) size 3x11
                RenderText {#text} at (0,0) size 3x11
                  text run at (0,0) width 3: " "
            RenderTableCell {TD} at (152,143) size 8x11 [bgcolor=#338686] [r=13 c=21 rs=1 cs=1]
              RenderInline {FONT} at (0,0) size 3x11
                RenderText {#text} at (0,0) size 3x11
                  text run at (0,0) width 3: " "
            RenderTableCell {TD} at (160,143) size 8x11 [bgcolor=#97C1C0] [r=13 c=22 rs=1 cs=1]
              RenderInline {FONT} at (0,0) size 3x11
                RenderText {#text} at (0,0) size 3x11
                  text run at (0,0) width 3: " "
            RenderTableCell {TD} at (168,143) size 8x11 [bgcolor=#CADEDD] [r=13 c=23 rs=1 cs=1]
              RenderInline {FONT} at (0,0) size 3x11
                RenderText {#text} at (0,0) size 3x11
                  text run at (0,0) width 3: " "
            RenderTableCell {TD} at (176,143) size 8x11 [bgcolor=#E0EAE9] [r=13 c=24 rs=1 cs=1]
              RenderInline {FONT} at (0,0) size 3x11
                RenderText {#text} at (0,0) size 3x11
                  text run at (0,0) width 3: " "
            RenderTableCell {TD} at (184,143) size 8x11 [bgcolor=#E0EAE9] [r=13 c=25 rs=1 cs=1]
              RenderInline {FONT} at (0,0) size 3x11
                RenderText {#text} at (0,0) size 3x11
                  text run at (0,0) width 3: " "
            RenderTableCell {TD} at (192,143) size 8x11 [bgcolor=#DEDFDF] [r=13 c=26 rs=1 cs=1]
              RenderInline {FONT} at (0,0) size 3x11
                RenderText {#text} at (0,0) size 3x11
                  text run at (0,0) width 3: " "
            RenderTableCell {TD} at (200,143) size 8x11 [bgcolor=#CECFCF] [r=13 c=27 rs=1 cs=1]
              RenderInline {FONT} at (0,0) size 3x11
                RenderText {#text} at (0,0) size 3x11
                  text run at (0,0) width 3: " "
            RenderTableCell {TD} at (208,143) size 8x11 [bgcolor=#B4B4B4] [r=13 c=28 rs=1 cs=1]
              RenderInline {FONT} at (0,0) size 3x11
                RenderText {#text} at (0,0) size 3x11
                  text run at (0,0) width 3: " "
            RenderTableCell {TD} at (216,143) size 8x11 [bgcolor=#CECFCF] [r=13 c=29 rs=1 cs=1]
              RenderInline {FONT} at (0,0) size 3x11
                RenderText {#text} at (0,0) size 3x11
                  text run at (0,0) width 3: " "
            RenderTableCell {TD} at (224,143) size 8x11 [bgcolor=#FDFDFB] [r=13 c=30 rs=1 cs=1]
              RenderInline {FONT} at (0,0) size 3x11
                RenderText {#text} at (0,0) size 3x11
                  text run at (0,0) width 3: " "
            RenderTableCell {TD} at (232,143) size 8x11 [bgcolor=#B4B4B4] [r=13 c=31 rs=1 cs=1]
              RenderInline {FONT} at (0,0) size 3x11
                RenderText {#text} at (0,0) size 3x11
                  text run at (0,0) width 3: " "
            RenderTableCell {TD} at (240,143) size 8x11 [bgcolor=#072323] [r=13 c=32 rs=1 cs=1]
              RenderInline {FONT} at (0,0) size 3x11
                RenderText {#text} at (0,0) size 3x11
                  text run at (0,0) width 3: " "
            RenderTableCell {TD} at (248,143) size 8x11 [bgcolor=#4D4F4F] [r=13 c=33 rs=1 cs=1]
              RenderInline {FONT} at (0,0) size 3x11
                RenderText {#text} at (0,0) size 3x11
                  text run at (0,0) width 3: " "
            RenderTableCell {TD} at (256,143) size 8x11 [bgcolor=#696A69] [r=13 c=34 rs=1 cs=1]
              RenderInline {FONT} at (0,0) size 3x11
                RenderText {#text} at (0,0) size 3x11
                  text run at (0,0) width 3: " "
            RenderTableCell {TD} at (264,143) size 8x11 [bgcolor=#848788] [r=13 c=35 rs=1 cs=1]
              RenderInline {FONT} at (0,0) size 3x11
                RenderText {#text} at (0,0) size 3x11
                  text run at (0,0) width 3: " "
            RenderTableCell {TD} at (272,143) size 8x11 [bgcolor=#7B918F] [r=13 c=36 rs=1 cs=1]
              RenderInline {FONT} at (0,0) size 3x11
                RenderText {#text} at (0,0) size 3x11
                  text run at (0,0) width 3: " "
            RenderTableCell {TD} at (280,143) size 8x11 [bgcolor=#B4B4B4] [r=13 c=37 rs=1 cs=1]
              RenderInline {FONT} at (0,0) size 3x11
                RenderText {#text} at (0,0) size 3x11
                  text run at (0,0) width 3: " "
            RenderTableCell {TD} at (288,143) size 8x11 [bgcolor=#DEDFDF] [r=13 c=38 rs=1 cs=1]
              RenderInline {FONT} at (0,0) size 3x11
                RenderText {#text} at (0,0) size 3x11
                  text run at (0,0) width 3: " "
            RenderTableCell {TD} at (296,143) size 8x11 [bgcolor=#FDFDFB] [r=13 c=39 rs=1 cs=1]
              RenderInline {FONT} at (0,0) size 3x11
                RenderText {#text} at (0,0) size 3x11
                  text run at (0,0) width 3: " "
            RenderTableCell {TD} at (304,143) size 8x11 [bgcolor=#EDEEEF] [r=13 c=40 rs=1 cs=1]
              RenderInline {FONT} at (0,0) size 3x11
                RenderText {#text} at (0,0) size 3x11
                  text run at (0,0) width 3: " "
            RenderTableCell {TD} at (312,143) size 8x11 [bgcolor=#E0EAE9] [r=13 c=41 rs=1 cs=1]
              RenderInline {FONT} at (0,0) size 3x11
                RenderText {#text} at (0,0) size 3x11
                  text run at (0,0) width 3: " "
            RenderTableCell {TD} at (320,143) size 8x11 [bgcolor=#CADEDD] [r=13 c=42 rs=1 cs=1]
              RenderInline {FONT} at (0,0) size 3x11
                RenderText {#text} at (0,0) size 3x11
                  text run at (0,0) width 3: " "
            RenderTableCell {TD} at (328,143) size 8x11 [bgcolor=#97C1C0] [r=13 c=43 rs=1 cs=1]
              RenderInline {FONT} at (0,0) size 3x11
                RenderText {#text} at (0,0) size 3x11
                  text run at (0,0) width 3: " "
            RenderTableCell {TD} at (336,143) size 8x11 [bgcolor=#469191] [r=13 c=44 rs=1 cs=1]
              RenderInline {FONT} at (0,0) size 3x11
                RenderText {#text} at (0,0) size 3x11
                  text run at (0,0) width 3: " "
            RenderTableCell {TD} at (344,143) size 8x11 [bgcolor=#026766] [r=13 c=45 rs=1 cs=1]
              RenderInline {FONT} at (0,0) size 3x11
                RenderText {#text} at (0,0) size 3x11
                  text run at (0,0) width 3: " "
            RenderTableCell {TD} at (352,143) size 8x11 [bgcolor=#026766] [r=13 c=46 rs=1 cs=1]
              RenderInline {FONT} at (0,0) size 3x11
                RenderText {#text} at (0,0) size 3x11
                  text run at (0,0) width 3: " "
            RenderTableCell {TD} at (360,143) size 8x11 [bgcolor=#1A6B6A] [r=13 c=47 rs=1 cs=1]
              RenderInline {FONT} at (0,0) size 3x11
                RenderText {#text} at (0,0) size 3x11
                  text run at (0,0) width 3: " "
            RenderTableCell {TD} at (368,143) size 8x11 [bgcolor=#B6D0D1] [r=13 c=48 rs=1 cs=1]
              RenderInline {FONT} at (0,0) size 3x11
                RenderText {#text} at (0,0) size 3x11
                  text run at (0,0) width 3: " "
            RenderTableCell {TD} at (376,143) size 8x11 [bgcolor=#FDFDFB] [r=13 c=49 rs=1 cs=1]
              RenderInline {FONT} at (0,0) size 3x11
                RenderText {#text} at (0,0) size 3x11
                  text run at (0,0) width 3: " "
            RenderTableCell {TD} at (384,143) size 8x11 [bgcolor=#848788] [r=13 c=50 rs=1 cs=1]
              RenderInline {FONT} at (0,0) size 3x11
                RenderText {#text} at (0,0) size 3x11
                  text run at (0,0) width 3: " "
            RenderTableCell {TD} at (392,143) size 8x11 [bgcolor=#072323] [r=13 c=51 rs=1 cs=1]
              RenderInline {FONT} at (0,0) size 3x11
                RenderText {#text} at (0,0) size 3x11
                  text run at (0,0) width 3: " "
            RenderTableCell {TD} at (400,143) size 8x11 [bgcolor=#3D4242] [r=13 c=52 rs=1 cs=1]
              RenderInline {FONT} at (0,0) size 3x11
                RenderText {#text} at (0,0) size 3x11
                  text run at (0,0) width 3: " "
            RenderTableCell {TD} at (408,143) size 8x11 [bgcolor=#696A69] [r=13 c=53 rs=1 cs=1]
              RenderInline {FONT} at (0,0) size 3x11
                RenderText {#text} at (0,0) size 3x11
                  text run at (0,0) width 3: " "
            RenderTableCell {TD} at (416,143) size 8x11 [bgcolor=#848788] [r=13 c=54 rs=1 cs=1]
              RenderInline {FONT} at (0,0) size 3x11
                RenderText {#text} at (0,0) size 3x11
                  text run at (0,0) width 3: " "
            RenderTableCell {TD} at (424,143) size 8x11 [bgcolor=#939494] [r=13 c=55 rs=1 cs=1]
              RenderInline {FONT} at (0,0) size 3x11
                RenderText {#text} at (0,0) size 3x11
                  text run at (0,0) width 3: " "
            RenderTableCell {TD} at (432,143) size 8x11 [bgcolor=#B4B4B4] [r=13 c=56 rs=1 cs=1]
              RenderInline {FONT} at (0,0) size 3x11
                RenderText {#text} at (0,0) size 3x11
                  text run at (0,0) width 3: " "
            RenderTableCell {TD} at (440,143) size 8x11 [bgcolor=#FDFDFB] [r=13 c=57 rs=1 cs=1]
              RenderInline {FONT} at (0,0) size 3x11
                RenderText {#text} at (0,0) size 3x11
                  text run at (0,0) width 3: " "
            RenderTableCell {TD} at (448,143) size 8x11 [bgcolor=#FDFDFB] [r=13 c=58 rs=1 cs=1]
              RenderInline {FONT} at (0,0) size 3x11
                RenderText {#text} at (0,0) size 3x11
                  text run at (0,0) width 3: " "
            RenderTableCell {TD} at (456,143) size 8x11 [bgcolor=#2D3433] [r=13 c=59 rs=1 cs=1]
              RenderInline {FONT} at (0,0) size 3x11
                RenderText {#text} at (0,0) size 3x11
                  text run at (0,0) width 3: " "
            RenderTableCell {TD} at (464,143) size 8x11 [bgcolor=#1E7A79] [r=13 c=60 rs=1 cs=1]
              RenderInline {FONT} at (0,0) size 3x11
                RenderText {#text} at (0,0) size 3x11
                  text run at (0,0) width 3: " "
            RenderTableCell {TD} at (472,143) size 8x11 [bgcolor=#7DBAB9] [r=13 c=61 rs=1 cs=1]
              RenderInline {FONT} at (0,0) size 3x11
                RenderText {#text} at (0,0) size 3x11
                  text run at (0,0) width 3: " "
            RenderTableCell {TD} at (480,143) size 8x11 [bgcolor=#FDFDFB] [r=13 c=62 rs=1 cs=1]
              RenderInline {FONT} at (0,0) size 3x11
                RenderText {#text} at (0,0) size 3x11
                  text run at (0,0) width 3: " "
            RenderTableCell {TD} at (488,143) size 8x11 [bgcolor=#BEC2C2] [r=13 c=63 rs=1 cs=1]
              RenderInline {FONT} at (0,0) size 3x11
                RenderText {#text} at (0,0) size 3x11
                  text run at (0,0) width 3: " "
            RenderTableCell {TD} at (496,143) size 8x11 [bgcolor=#083131] [r=13 c=64 rs=1 cs=1]
              RenderInline {FONT} at (0,0) size 3x11
                RenderText {#text} at (0,0) size 3x11
                  text run at (0,0) width 3: " "
            RenderTableCell {TD} at (504,143) size 8x11 [bgcolor=#026766] [r=13 c=65 rs=1 cs=1]
              RenderInline {FONT} at (0,0) size 3x11
                RenderText {#text} at (0,0) size 3x11
                  text run at (0,0) width 3: " "
            RenderTableCell {TD} at (512,143) size 8x11 [bgcolor=#026766] [r=13 c=66 rs=1 cs=1]
              RenderInline {FONT} at (0,0) size 3x11
                RenderText {#text} at (0,0) size 3x11
                  text run at (0,0) width 3: " "
            RenderTableCell {TD} at (520,143) size 8x11 [bgcolor=#026766] [r=13 c=67 rs=1 cs=1]
              RenderInline {FONT} at (0,0) size 3x11
                RenderText {#text} at (0,0) size 3x11
                  text run at (0,0) width 3: " "
            RenderTableCell {TD} at (528,143) size 8x11 [bgcolor=#026766] [r=13 c=68 rs=1 cs=1]
              RenderInline {FONT} at (0,0) size 3x11
                RenderText {#text} at (0,0) size 3x11
                  text run at (0,0) width 3: " "
            RenderTableCell {TD} at (536,143) size 8x11 [bgcolor=#026766] [r=13 c=69 rs=1 cs=1]
              RenderInline {FONT} at (0,0) size 3x11
                RenderText {#text} at (0,0) size 3x11
                  text run at (0,0) width 3: " "
            RenderTableCell {TD} at (544,143) size 8x11 [bgcolor=#1E7A79] [r=13 c=70 rs=1 cs=1]
              RenderInline {FONT} at (0,0) size 3x11
                RenderText {#text} at (0,0) size 3x11
                  text run at (0,0) width 3: " "
            RenderTableCell {TD} at (552,143) size 8x11 [bgcolor=#E0EAE9] [r=13 c=71 rs=1 cs=1]
              RenderInline {FONT} at (0,0) size 3x11
                RenderText {#text} at (0,0) size 3x11
                  text run at (0,0) width 3: " "
            RenderTableCell {TD} at (560,143) size 8x11 [bgcolor=#FDFDFB] [r=13 c=72 rs=1 cs=1]
              RenderInline {FONT} at (0,0) size 3x11
                RenderText {#text} at (0,0) size 3x11
                  text run at (0,0) width 3: " "
            RenderTableCell {TD} at (568,143) size 8x11 [bgcolor=#4D4F4F] [r=13 c=73 rs=1 cs=1]
              RenderInline {FONT} at (0,0) size 3x11
                RenderText {#text} at (0,0) size 3x11
                  text run at (0,0) width 3: " "
            RenderTableCell {TD} at (576,143) size 8x11 [bgcolor=#5E5F60] [r=13 c=74 rs=1 cs=1]
              RenderInline {FONT} at (0,0) size 3x11
                RenderText {#text} at (0,0) size 3x11
                  text run at (0,0) width 3: " "
            RenderTableCell {TD} at (584,143) size 8x11 [bgcolor=#B4B4B4] [r=13 c=75 rs=1 cs=1]
              RenderInline {FONT} at (0,0) size 3x11
                RenderText {#text} at (0,0) size 3x11
                  text run at (0,0) width 3: " "
            RenderTableCell {TD} at (592,143) size 8x11 [bgcolor=#FDFDFB] [r=13 c=76 rs=1 cs=1]
              RenderInline {FONT} at (0,0) size 3x11
                RenderText {#text} at (0,0) size 3x11
                  text run at (0,0) width 3: " "
            RenderTableCell {TD} at (600,143) size 8x11 [bgcolor=#BEC2C2] [r=13 c=77 rs=1 cs=1]
              RenderInline {FONT} at (0,0) size 3x11
                RenderText {#text} at (0,0) size 3x11
                  text run at (0,0) width 3: " "
            RenderTableCell {TD} at (608,143) size 8x11 [bgcolor=#274C4D] [r=13 c=78 rs=1 cs=1]
              RenderInline {FONT} at (0,0) size 3x11
                RenderText {#text} at (0,0) size 3x11
                  text run at (0,0) width 3: " "
            RenderTableCell {TD} at (616,143) size 8x11 [bgcolor=#027777] [r=13 c=79 rs=1 cs=1]
              RenderInline {FONT} at (0,0) size 3x11
                RenderText {#text} at (0,0) size 3x11
                  text run at (0,0) width 3: " "
            RenderTableCell {TD} at (624,143) size 8x11 [bgcolor=#026766] [r=13 c=80 rs=1 cs=1]
              RenderInline {FONT} at (0,0) size 3x11
                RenderText {#text} at (0,0) size 3x11
                  text run at (0,0) width 3: " "
            RenderTableCell {TD} at (632,143) size 8x11 [bgcolor=#026766] [r=13 c=81 rs=1 cs=1]
              RenderInline {FONT} at (0,0) size 3x11
                RenderText {#text} at (0,0) size 3x11
                  text run at (0,0) width 3: " "
            RenderTableCell {TD} at (640,143) size 8x11 [bgcolor=#026766] [r=13 c=82 rs=1 cs=1]
              RenderInline {FONT} at (0,0) size 3x11
                RenderText {#text} at (0,0) size 3x11
                  text run at (0,0) width 3: " "
            RenderTableCell {TD} at (648,143) size 8x11 [bgcolor=#026766] [r=13 c=83 rs=1 cs=1]
              RenderInline {FONT} at (0,0) size 3x11
                RenderText {#text} at (0,0) size 3x11
                  text run at (0,0) width 3: " "
            RenderTableCell {TD} at (656,143) size 8x11 [bgcolor=#026766] [r=13 c=84 rs=1 cs=1]
              RenderInline {FONT} at (0,0) size 3x11
                RenderText {#text} at (0,0) size 3x11
                  text run at (0,0) width 3: " "
            RenderTableCell {TD} at (664,143) size 8x11 [bgcolor=#469191] [r=13 c=85 rs=1 cs=1]
              RenderInline {FONT} at (0,0) size 3x11
                RenderText {#text} at (0,0) size 3x11
                  text run at (0,0) width 3: " "
            RenderTableCell {TD} at (672,143) size 8x11 [bgcolor=#FDFDFB] [r=13 c=86 rs=1 cs=1]
              RenderInline {FONT} at (0,0) size 3x11
                RenderText {#text} at (0,0) size 3x11
                  text run at (0,0) width 3: " "
            RenderTableCell {TD} at (680,143) size 8x11 [bgcolor=#DEDFDF] [r=13 c=87 rs=1 cs=1]
              RenderInline {FONT} at (0,0) size 3x11
                RenderText {#text} at (0,0) size 3x11
                  text run at (0,0) width 3: " "
            RenderTableCell {TD} at (688,143) size 8x11 [bgcolor=#274C4D] [r=13 c=88 rs=1 cs=1]
              RenderInline {FONT} at (0,0) size 3x11
                RenderText {#text} at (0,0) size 3x11
                  text run at (0,0) width 3: " "
            RenderTableCell {TD} at (696,143) size 8x11 [bgcolor=#026766] [r=13 c=89 rs=1 cs=1]
              RenderInline {FONT} at (0,0) size 3x11
                RenderText {#text} at (0,0) size 3x11
                  text run at (0,0) width 3: " "
            RenderTableCell {TD} at (704,143) size 8x11 [bgcolor=#338686] [r=13 c=90 rs=1 cs=1]
              RenderInline {FONT} at (0,0) size 3x11
                RenderText {#text} at (0,0) size 3x11
                  text run at (0,0) width 3: " "
            RenderTableCell {TD} at (712,143) size 8x11 [bgcolor=#EDEEEF] [r=13 c=91 rs=1 cs=1]
              RenderInline {FONT} at (0,0) size 3x11
                RenderText {#text} at (0,0) size 3x11
                  text run at (0,0) width 3: " "
            RenderTableCell {TD} at (720,143) size 8x11 [bgcolor=#FDFDFB] [r=13 c=92 rs=1 cs=1]
              RenderInline {FONT} at (0,0) size 3x11
                RenderText {#text} at (0,0) size 3x11
                  text run at (0,0) width 3: " "
            RenderTableCell {TD} at (728,143) size 8x11 [bgcolor=#2D3433] [r=13 c=93 rs=1 cs=1]
              RenderInline {FONT} at (0,0) size 3x11
                RenderText {#text} at (0,0) size 3x11
                  text run at (0,0) width 3: " "
            RenderTableCell {TD} at (736,143) size 8x11 [bgcolor=#223C3D] [r=13 c=94 rs=1 cs=1]
              RenderInline {FONT} at (0,0) size 3x11
                RenderText {#text} at (0,0) size 3x11
                  text run at (0,0) width 3: " "
            RenderTableCell {TD} at (744,143) size 8x11 [bgcolor=#5E5F60] [r=13 c=95 rs=1 cs=1]
              RenderInline {FONT} at (0,0) size 3x11
                RenderText {#text} at (0,0) size 3x11
                  text run at (0,0) width 3: " "
            RenderTableCell {TD} at (752,143) size 8x11 [bgcolor=#777878] [r=13 c=96 rs=1 cs=1]
              RenderInline {FONT} at (0,0) size 3x11
                RenderText {#text} at (0,0) size 3x11
                  text run at (0,0) width 3: " "
            RenderTableCell {TD} at (760,143) size 8x11 [bgcolor=#848788] [r=13 c=97 rs=1 cs=1]
              RenderInline {FONT} at (0,0) size 3x11
                RenderText {#text} at (0,0) size 3x11
                  text run at (0,0) width 3: " "
            RenderTableCell {TD} at (768,143) size 8x11 [bgcolor=#777878] [r=13 c=98 rs=1 cs=1]
              RenderInline {FONT} at (0,0) size 3x11
                RenderText {#text} at (0,0) size 3x11
                  text run at (0,0) width 3: " "
            RenderTableCell {TD} at (776,143) size 8x11 [bgcolor=#4D4F4F] [r=13 c=99 rs=1 cs=1]
              RenderInline {FONT} at (0,0) size 3x11
                RenderText {#text} at (0,0) size 3x11
                  text run at (0,0) width 3: " "
          RenderTableRow {TR} at (0,154) size 784x11
            RenderTableCell {TD} at (0,154) size 7x11 [bgcolor=#CADEDD] [r=14 c=0 rs=1 cs=1]
              RenderInline {FONT} at (0,0) size 3x11
                RenderText {#text} at (0,0) size 3x11
                  text run at (0,0) width 3: " "
            RenderTableCell {TD} at (7,154) size 7x11 [bgcolor=#1B8685] [r=14 c=1 rs=1 cs=1]
              RenderInline {FONT} at (0,0) size 3x11
                RenderText {#text} at (0,0) size 3x11
                  text run at (0,0) width 3: " "
            RenderTableCell {TD} at (14,154) size 7x11 [bgcolor=#1B8685] [r=14 c=2 rs=1 cs=1]
              RenderInline {FONT} at (0,0) size 3x11
                RenderText {#text} at (0,0) size 3x11
                  text run at (0,0) width 3: " "
            RenderTableCell {TD} at (21,154) size 7x11 [bgcolor=#287A7A] [r=14 c=3 rs=1 cs=1]
              RenderInline {FONT} at (0,0) size 3x11
                RenderText {#text} at (0,0) size 3x11
                  text run at (0,0) width 3: " "
            RenderTableCell {TD} at (28,154) size 7x11 [bgcolor=#026766] [r=14 c=4 rs=1 cs=1]
              RenderInline {FONT} at (0,0) size 3x11
                RenderText {#text} at (0,0) size 3x11
                  text run at (0,0) width 3: " "
            RenderTableCell {TD} at (35,154) size 7x11 [bgcolor=#044140] [r=14 c=5 rs=1 cs=1]
              RenderInline {FONT} at (0,0) size 3x11
                RenderText {#text} at (0,0) size 3x11
                  text run at (0,0) width 3: " "
            RenderTableCell {TD} at (42,154) size 7x11 [bgcolor=#044140] [r=14 c=6 rs=1 cs=1]
              RenderInline {FONT} at (0,0) size 3x11
                RenderText {#text} at (0,0) size 3x11
                  text run at (0,0) width 3: " "
            RenderTableCell {TD} at (49,154) size 7x11 [bgcolor=#274C4D] [r=14 c=7 rs=1 cs=1]
              RenderInline {FONT} at (0,0) size 3x11
                RenderText {#text} at (0,0) size 3x11
                  text run at (0,0) width 3: " "
            RenderTableCell {TD} at (56,154) size 7x11 [bgcolor=#425A5A] [r=14 c=8 rs=1 cs=1]
              RenderInline {FONT} at (0,0) size 3x11
                RenderText {#text} at (0,0) size 3x11
                  text run at (0,0) width 3: " "
            RenderTableCell {TD} at (63,154) size 7x11 [bgcolor=#647979] [r=14 c=9 rs=1 cs=1]
              RenderInline {FONT} at (0,0) size 3x11
                RenderText {#text} at (0,0) size 3x11
                  text run at (0,0) width 3: " "
            RenderTableCell {TD} at (70,154) size 7x11 [bgcolor=#CECFCF] [r=14 c=10 rs=1 cs=1]
              RenderInline {FONT} at (0,0) size 3x11
                RenderText {#text} at (0,0) size 3x11
                  text run at (0,0) width 3: " "
            RenderTableCell {TD} at (77,154) size 7x11 [bgcolor=#FDFDFB] [r=14 c=11 rs=1 cs=1]
              RenderInline {FONT} at (0,0) size 3x11
                RenderText {#text} at (0,0) size 3x11
                  text run at (0,0) width 3: " "
            RenderTableCell {TD} at (84,154) size 7x11 [bgcolor=#CADEDD] [r=14 c=12 rs=1 cs=1]
              RenderInline {FONT} at (0,0) size 3x11
                RenderText {#text} at (0,0) size 3x11
                  text run at (0,0) width 3: " "
            RenderTableCell {TD} at (91,154) size 7x11 [bgcolor=#044140] [r=14 c=13 rs=1 cs=1]
              RenderInline {FONT} at (0,0) size 3x11
                RenderText {#text} at (0,0) size 3x11
                  text run at (0,0) width 3: " "
            RenderTableCell {TD} at (98,154) size 7x11 [bgcolor=#223C3D] [r=14 c=14 rs=1 cs=1]
              RenderInline {FONT} at (0,0) size 3x11
                RenderText {#text} at (0,0) size 3x11
                  text run at (0,0) width 3: " "
            RenderTableCell {TD} at (105,154) size 7x11 [bgcolor=#848788] [r=14 c=15 rs=1 cs=1]
              RenderInline {FONT} at (0,0) size 3x11
                RenderText {#text} at (0,0) size 3x11
                  text run at (0,0) width 3: " "
            RenderTableCell {TD} at (112,154) size 8x11 [bgcolor=#FDFDFB] [r=14 c=16 rs=1 cs=1]
              RenderInline {FONT} at (0,0) size 3x11
                RenderText {#text} at (0,0) size 3x11
                  text run at (0,0) width 3: " "
            RenderTableCell {TD} at (120,154) size 8x11 [bgcolor=#FDFDFB] [r=14 c=17 rs=1 cs=1]
              RenderInline {FONT} at (0,0) size 3x11
                RenderText {#text} at (0,0) size 3x11
                  text run at (0,0) width 3: " "
            RenderTableCell {TD} at (128,154) size 8x11 [bgcolor=#2D3433] [r=14 c=18 rs=1 cs=1]
              RenderInline {FONT} at (0,0) size 3x11
                RenderText {#text} at (0,0) size 3x11
                  text run at (0,0) width 3: " "
            RenderTableCell {TD} at (136,154) size 8x11 [bgcolor=#1E7A79] [r=14 c=19 rs=1 cs=1]
              RenderInline {FONT} at (0,0) size 3x11
                RenderText {#text} at (0,0) size 3x11
                  text run at (0,0) width 3: " "
            RenderTableCell {TD} at (144,154) size 8x11 [bgcolor=#1B8685] [r=14 c=20 rs=1 cs=1]
              RenderInline {FONT} at (0,0) size 3x11
                RenderText {#text} at (0,0) size 3x11
                  text run at (0,0) width 3: " "
            RenderTableCell {TD} at (152,154) size 8x11 [bgcolor=#EDEEEF] [r=14 c=21 rs=1 cs=1]
              RenderInline {FONT} at (0,0) size 3x11
                RenderText {#text} at (0,0) size 3x11
                  text run at (0,0) width 3: " "
            RenderTableCell {TD} at (160,154) size 8x11 [bgcolor=#FDFDFB] [r=14 c=22 rs=1 cs=1]
              RenderInline {FONT} at (0,0) size 3x11
                RenderText {#text} at (0,0) size 3x11
                  text run at (0,0) width 3: " "
            RenderTableCell {TD} at (168,154) size 8x11 [bgcolor=#777878] [r=14 c=23 rs=1 cs=1]
              RenderInline {FONT} at (0,0) size 3x11
                RenderText {#text} at (0,0) size 3x11
                  text run at (0,0) width 3: " "
            RenderTableCell {TD} at (176,154) size 8x11 [bgcolor=#223C3D] [r=14 c=24 rs=1 cs=1]
              RenderInline {FONT} at (0,0) size 3x11
                RenderText {#text} at (0,0) size 3x11
                  text run at (0,0) width 3: " "
            RenderTableCell {TD} at (184,154) size 8x11 [bgcolor=#072323] [r=14 c=25 rs=1 cs=1]
              RenderInline {FONT} at (0,0) size 3x11
                RenderText {#text} at (0,0) size 3x11
                  text run at (0,0) width 3: " "
            RenderTableCell {TD} at (192,154) size 8x11 [bgcolor=#083131] [r=14 c=26 rs=1 cs=1]
              RenderInline {FONT} at (0,0) size 3x11
                RenderText {#text} at (0,0) size 3x11
                  text run at (0,0) width 3: " "
            RenderTableCell {TD} at (200,154) size 8x11 [bgcolor=#083131] [r=14 c=27 rs=1 cs=1]
              RenderInline {FONT} at (0,0) size 3x11
                RenderText {#text} at (0,0) size 3x11
                  text run at (0,0) width 3: " "
            RenderTableCell {TD} at (208,154) size 8x11 [bgcolor=#044140] [r=14 c=28 rs=1 cs=1]
              RenderInline {FONT} at (0,0) size 3x11
                RenderText {#text} at (0,0) size 3x11
                  text run at (0,0) width 3: " "
            RenderTableCell {TD} at (216,154) size 8x11 [bgcolor=#A2B5B4] [r=14 c=29 rs=1 cs=1]
              RenderInline {FONT} at (0,0) size 3x11
                RenderText {#text} at (0,0) size 3x11
                  text run at (0,0) width 3: " "
            RenderTableCell {TD} at (224,154) size 8x11 [bgcolor=#FDFDFB] [r=14 c=30 rs=1 cs=1]
              RenderInline {FONT} at (0,0) size 3x11
                RenderText {#text} at (0,0) size 3x11
                  text run at (0,0) width 3: " "
            RenderTableCell {TD} at (232,154) size 8x11 [bgcolor=#B4B4B4] [r=14 c=31 rs=1 cs=1]
              RenderInline {FONT} at (0,0) size 3x11
                RenderText {#text} at (0,0) size 3x11
                  text run at (0,0) width 3: " "
            RenderTableCell {TD} at (240,154) size 8x11 [bgcolor=#072323] [r=14 c=32 rs=1 cs=1]
              RenderInline {FONT} at (0,0) size 3x11
                RenderText {#text} at (0,0) size 3x11
                  text run at (0,0) width 3: " "
            RenderTableCell {TD} at (248,154) size 8x11 [bgcolor=#4D4F4F] [r=14 c=33 rs=1 cs=1]
              RenderInline {FONT} at (0,0) size 3x11
                RenderText {#text} at (0,0) size 3x11
                  text run at (0,0) width 3: " "
            RenderTableCell {TD} at (256,154) size 8x11 [bgcolor=#777878] [r=14 c=34 rs=1 cs=1]
              RenderInline {FONT} at (0,0) size 3x11
                RenderText {#text} at (0,0) size 3x11
                  text run at (0,0) width 3: " "
            RenderTableCell {TD} at (264,154) size 8x11 [bgcolor=#939494] [r=14 c=35 rs=1 cs=1]
              RenderInline {FONT} at (0,0) size 3x11
                RenderText {#text} at (0,0) size 3x11
                  text run at (0,0) width 3: " "
            RenderTableCell {TD} at (272,154) size 8x11 [bgcolor=#1B8685] [r=14 c=36 rs=1 cs=1]
              RenderInline {FONT} at (0,0) size 3x11
                RenderText {#text} at (0,0) size 3x11
                  text run at (0,0) width 3: " "
            RenderTableCell {TD} at (280,154) size 8x11 [bgcolor=#025E5E] [r=14 c=37 rs=1 cs=1]
              RenderInline {FONT} at (0,0) size 3x11
                RenderText {#text} at (0,0) size 3x11
                  text run at (0,0) width 3: " "
            RenderTableCell {TD} at (288,154) size 8x11 [bgcolor=#044140] [r=14 c=38 rs=1 cs=1]
              RenderInline {FONT} at (0,0) size 3x11
                RenderText {#text} at (0,0) size 3x11
                  text run at (0,0) width 3: " "
            RenderTableCell {TD} at (296,154) size 8x11 [bgcolor=#044140] [r=14 c=39 rs=1 cs=1]
              RenderInline {FONT} at (0,0) size 3x11
                RenderText {#text} at (0,0) size 3x11
                  text run at (0,0) width 3: " "
            RenderTableCell {TD} at (304,154) size 8x11 [bgcolor=#274C4D] [r=14 c=40 rs=1 cs=1]
              RenderInline {FONT} at (0,0) size 3x11
                RenderText {#text} at (0,0) size 3x11
                  text run at (0,0) width 3: " "
            RenderTableCell {TD} at (312,154) size 8x11 [bgcolor=#527274] [r=14 c=41 rs=1 cs=1]
              RenderInline {FONT} at (0,0) size 3x11
                RenderText {#text} at (0,0) size 3x11
                  text run at (0,0) width 3: " "
            RenderTableCell {TD} at (320,154) size 8x11 [bgcolor=#91A3A3] [r=14 c=42 rs=1 cs=1]
              RenderInline {FONT} at (0,0) size 3x11
                RenderText {#text} at (0,0) size 3x11
                  text run at (0,0) width 3: " "
            RenderTableCell {TD} at (328,154) size 8x11 [bgcolor=#EDEEEF] [r=14 c=43 rs=1 cs=1]
              RenderInline {FONT} at (0,0) size 3x11
                RenderText {#text} at (0,0) size 3x11
                  text run at (0,0) width 3: " "
            RenderTableCell {TD} at (336,154) size 8x11 [bgcolor=#FDFDFB] [r=14 c=44 rs=1 cs=1]
              RenderInline {FONT} at (0,0) size 3x11
                RenderText {#text} at (0,0) size 3x11
                  text run at (0,0) width 3: " "
            RenderTableCell {TD} at (344,154) size 8x11 [bgcolor=#5A8787] [r=14 c=45 rs=1 cs=1]
              RenderInline {FONT} at (0,0) size 3x11
                RenderText {#text} at (0,0) size 3x11
                  text run at (0,0) width 3: " "
            RenderTableCell {TD} at (352,154) size 8x11 [bgcolor=#026766] [r=14 c=46 rs=1 cs=1]
              RenderInline {FONT} at (0,0) size 3x11
                RenderText {#text} at (0,0) size 3x11
                  text run at (0,0) width 3: " "
            RenderTableCell {TD} at (360,154) size 8x11 [bgcolor=#1A6B6A] [r=14 c=47 rs=1 cs=1]
              RenderInline {FONT} at (0,0) size 3x11
                RenderText {#text} at (0,0) size 3x11
                  text run at (0,0) width 3: " "
            RenderTableCell {TD} at (368,154) size 8x11 [bgcolor=#B6D0D1] [r=14 c=48 rs=1 cs=1]
              RenderInline {FONT} at (0,0) size 3x11
                RenderText {#text} at (0,0) size 3x11
                  text run at (0,0) width 3: " "
            RenderTableCell {TD} at (376,154) size 8x11 [bgcolor=#FDFDFB] [r=14 c=49 rs=1 cs=1]
              RenderInline {FONT} at (0,0) size 3x11
                RenderText {#text} at (0,0) size 3x11
                  text run at (0,0) width 3: " "
            RenderTableCell {TD} at (384,154) size 8x11 [bgcolor=#848788] [r=14 c=50 rs=1 cs=1]
              RenderInline {FONT} at (0,0) size 3x11
                RenderText {#text} at (0,0) size 3x11
                  text run at (0,0) width 3: " "
            RenderTableCell {TD} at (392,154) size 8x11 [bgcolor=#072323] [r=14 c=51 rs=1 cs=1]
              RenderInline {FONT} at (0,0) size 3x11
                RenderText {#text} at (0,0) size 3x11
                  text run at (0,0) width 3: " "
            RenderTableCell {TD} at (400,154) size 8x11 [bgcolor=#3D4242] [r=14 c=52 rs=1 cs=1]
              RenderInline {FONT} at (0,0) size 3x11
                RenderText {#text} at (0,0) size 3x11
                  text run at (0,0) width 3: " "
            RenderTableCell {TD} at (408,154) size 8x11 [bgcolor=#696A69] [r=14 c=53 rs=1 cs=1]
              RenderInline {FONT} at (0,0) size 3x11
                RenderText {#text} at (0,0) size 3x11
                  text run at (0,0) width 3: " "
            RenderTableCell {TD} at (416,154) size 8x11 [bgcolor=#848788] [r=14 c=54 rs=1 cs=1]
              RenderInline {FONT} at (0,0) size 3x11
                RenderText {#text} at (0,0) size 3x11
                  text run at (0,0) width 3: " "
            RenderTableCell {TD} at (424,154) size 8x11 [bgcolor=#939494] [r=14 c=55 rs=1 cs=1]
              RenderInline {FONT} at (0,0) size 3x11
                RenderText {#text} at (0,0) size 3x11
                  text run at (0,0) width 3: " "
            RenderTableCell {TD} at (432,154) size 8x11 [bgcolor=#B4B4B4] [r=14 c=56 rs=1 cs=1]
              RenderInline {FONT} at (0,0) size 3x11
                RenderText {#text} at (0,0) size 3x11
                  text run at (0,0) width 3: " "
            RenderTableCell {TD} at (440,154) size 8x11 [bgcolor=#FDFDFB] [r=14 c=57 rs=1 cs=1]
              RenderInline {FONT} at (0,0) size 3x11
                RenderText {#text} at (0,0) size 3x11
                  text run at (0,0) width 3: " "
            RenderTableCell {TD} at (448,154) size 8x11 [bgcolor=#FDFDFB] [r=14 c=58 rs=1 cs=1]
              RenderInline {FONT} at (0,0) size 3x11
                RenderText {#text} at (0,0) size 3x11
                  text run at (0,0) width 3: " "
            RenderTableCell {TD} at (456,154) size 8x11 [bgcolor=#2D3433] [r=14 c=59 rs=1 cs=1]
              RenderInline {FONT} at (0,0) size 3x11
                RenderText {#text} at (0,0) size 3x11
                  text run at (0,0) width 3: " "
            RenderTableCell {TD} at (464,154) size 8x11 [bgcolor=#1E7A79] [r=14 c=60 rs=1 cs=1]
              RenderInline {FONT} at (0,0) size 3x11
                RenderText {#text} at (0,0) size 3x11
                  text run at (0,0) width 3: " "
            RenderTableCell {TD} at (472,154) size 8x11 [bgcolor=#60A2A3] [r=14 c=61 rs=1 cs=1]
              RenderInline {FONT} at (0,0) size 3x11
                RenderText {#text} at (0,0) size 3x11
                  text run at (0,0) width 3: " "
            RenderTableCell {TD} at (480,154) size 8x11 [bgcolor=#FDFDFB] [r=14 c=62 rs=1 cs=1]
              RenderInline {FONT} at (0,0) size 3x11
                RenderText {#text} at (0,0) size 3x11
                  text run at (0,0) width 3: " "
            RenderTableCell {TD} at (488,154) size 8x11 [bgcolor=#E0EAE9] [r=14 c=63 rs=1 cs=1]
              RenderInline {FONT} at (0,0) size 3x11
                RenderText {#text} at (0,0) size 3x11
                  text run at (0,0) width 3: " "
            RenderTableCell {TD} at (496,154) size 8x11 [bgcolor=#044140] [r=14 c=64 rs=1 cs=1]
              RenderInline {FONT} at (0,0) size 3x11
                RenderText {#text} at (0,0) size 3x11
                  text run at (0,0) width 3: " "
            RenderTableCell {TD} at (504,154) size 8x11 [bgcolor=#026766] [r=14 c=65 rs=1 cs=1]
              RenderInline {FONT} at (0,0) size 3x11
                RenderText {#text} at (0,0) size 3x11
                  text run at (0,0) width 3: " "
            RenderTableCell {TD} at (512,154) size 8x11 [bgcolor=#026766] [r=14 c=66 rs=1 cs=1]
              RenderInline {FONT} at (0,0) size 3x11
                RenderText {#text} at (0,0) size 3x11
                  text run at (0,0) width 3: " "
            RenderTableCell {TD} at (520,154) size 8x11 [bgcolor=#026766] [r=14 c=67 rs=1 cs=1]
              RenderInline {FONT} at (0,0) size 3x11
                RenderText {#text} at (0,0) size 3x11
                  text run at (0,0) width 3: " "
            RenderTableCell {TD} at (528,154) size 8x11 [bgcolor=#026766] [r=14 c=68 rs=1 cs=1]
              RenderInline {FONT} at (0,0) size 3x11
                RenderText {#text} at (0,0) size 3x11
                  text run at (0,0) width 3: " "
            RenderTableCell {TD} at (536,154) size 8x11 [bgcolor=#026766] [r=14 c=69 rs=1 cs=1]
              RenderInline {FONT} at (0,0) size 3x11
                RenderText {#text} at (0,0) size 3x11
                  text run at (0,0) width 3: " "
            RenderTableCell {TD} at (544,154) size 8x11 [bgcolor=#287A7A] [r=14 c=70 rs=1 cs=1]
              RenderInline {FONT} at (0,0) size 3x11
                RenderText {#text} at (0,0) size 3x11
                  text run at (0,0) width 3: " "
            RenderTableCell {TD} at (552,154) size 8x11 [bgcolor=#E0EAE9] [r=14 c=71 rs=1 cs=1]
              RenderInline {FONT} at (0,0) size 3x11
                RenderText {#text} at (0,0) size 3x11
                  text run at (0,0) width 3: " "
            RenderTableCell {TD} at (560,154) size 8x11 [bgcolor=#FDFDFB] [r=14 c=72 rs=1 cs=1]
              RenderInline {FONT} at (0,0) size 3x11
                RenderText {#text} at (0,0) size 3x11
                  text run at (0,0) width 3: " "
            RenderTableCell {TD} at (568,154) size 8x11 [bgcolor=#4D4F4F] [r=14 c=73 rs=1 cs=1]
              RenderInline {FONT} at (0,0) size 3x11
                RenderText {#text} at (0,0) size 3x11
                  text run at (0,0) width 3: " "
            RenderTableCell {TD} at (576,154) size 8x11 [bgcolor=#5E5F60] [r=14 c=74 rs=1 cs=1]
              RenderInline {FONT} at (0,0) size 3x11
                RenderText {#text} at (0,0) size 3x11
                  text run at (0,0) width 3: " "
            RenderTableCell {TD} at (584,154) size 8x11 [bgcolor=#A5A6A6] [r=14 c=75 rs=1 cs=1]
              RenderInline {FONT} at (0,0) size 3x11
                RenderText {#text} at (0,0) size 3x11
                  text run at (0,0) width 3: " "
            RenderTableCell {TD} at (592,154) size 8x11 [bgcolor=#FDFDFB] [r=14 c=76 rs=1 cs=1]
              RenderInline {FONT} at (0,0) size 3x11
                RenderText {#text} at (0,0) size 3x11
                  text run at (0,0) width 3: " "
            RenderTableCell {TD} at (600,154) size 8x11 [bgcolor=#DEDFDF] [r=14 c=77 rs=1 cs=1]
              RenderInline {FONT} at (0,0) size 3x11
                RenderText {#text} at (0,0) size 3x11
                  text run at (0,0) width 3: " "
            RenderTableCell {TD} at (608,154) size 8x11 [bgcolor=#396B6A] [r=14 c=78 rs=1 cs=1]
              RenderInline {FONT} at (0,0) size 3x11
                RenderText {#text} at (0,0) size 3x11
                  text run at (0,0) width 3: " "
            RenderTableCell {TD} at (616,154) size 8x11 [bgcolor=#027777] [r=14 c=79 rs=1 cs=1]
              RenderInline {FONT} at (0,0) size 3x11
                RenderText {#text} at (0,0) size 3x11
                  text run at (0,0) width 3: " "
            RenderTableCell {TD} at (624,154) size 8x11 [bgcolor=#026766] [r=14 c=80 rs=1 cs=1]
              RenderInline {FONT} at (0,0) size 3x11
                RenderText {#text} at (0,0) size 3x11
                  text run at (0,0) width 3: " "
            RenderTableCell {TD} at (632,154) size 8x11 [bgcolor=#026766] [r=14 c=81 rs=1 cs=1]
              RenderInline {FONT} at (0,0) size 3x11
                RenderText {#text} at (0,0) size 3x11
                  text run at (0,0) width 3: " "
            RenderTableCell {TD} at (640,154) size 8x11 [bgcolor=#026766] [r=14 c=82 rs=1 cs=1]
              RenderInline {FONT} at (0,0) size 3x11
                RenderText {#text} at (0,0) size 3x11
                  text run at (0,0) width 3: " "
            RenderTableCell {TD} at (648,154) size 8x11 [bgcolor=#026766] [r=14 c=83 rs=1 cs=1]
              RenderInline {FONT} at (0,0) size 3x11
                RenderText {#text} at (0,0) size 3x11
                  text run at (0,0) width 3: " "
            RenderTableCell {TD} at (656,154) size 8x11 [bgcolor=#026766] [r=14 c=84 rs=1 cs=1]
              RenderInline {FONT} at (0,0) size 3x11
                RenderText {#text} at (0,0) size 3x11
                  text run at (0,0) width 3: " "
            RenderTableCell {TD} at (664,154) size 8x11 [bgcolor=#7CAEAF] [r=14 c=85 rs=1 cs=1]
              RenderInline {FONT} at (0,0) size 3x11
                RenderText {#text} at (0,0) size 3x11
                  text run at (0,0) width 3: " "
            RenderTableCell {TD} at (672,154) size 8x11 [bgcolor=#FDFDFB] [r=14 c=86 rs=1 cs=1]
              RenderInline {FONT} at (0,0) size 3x11
                RenderText {#text} at (0,0) size 3x11
                  text run at (0,0) width 3: " "
            RenderTableCell {TD} at (680,154) size 8x11 [bgcolor=#BEC2C2] [r=14 c=87 rs=1 cs=1]
              RenderInline {FONT} at (0,0) size 3x11
                RenderText {#text} at (0,0) size 3x11
                  text run at (0,0) width 3: " "
            RenderTableCell {TD} at (688,154) size 8x11 [bgcolor=#223C3D] [r=14 c=88 rs=1 cs=1]
              RenderInline {FONT} at (0,0) size 3x11
                RenderText {#text} at (0,0) size 3x11
                  text run at (0,0) width 3: " "
            RenderTableCell {TD} at (696,154) size 8x11 [bgcolor=#026766] [r=14 c=89 rs=1 cs=1]
              RenderInline {FONT} at (0,0) size 3x11
                RenderText {#text} at (0,0) size 3x11
                  text run at (0,0) width 3: " "
            RenderTableCell {TD} at (704,154) size 8x11 [bgcolor=#338686] [r=14 c=90 rs=1 cs=1]
              RenderInline {FONT} at (0,0) size 3x11
                RenderText {#text} at (0,0) size 3x11
                  text run at (0,0) width 3: " "
            RenderTableCell {TD} at (712,154) size 8x11 [bgcolor=#EDEEEF] [r=14 c=91 rs=1 cs=1]
              RenderInline {FONT} at (0,0) size 3x11
                RenderText {#text} at (0,0) size 3x11
                  text run at (0,0) width 3: " "
            RenderTableCell {TD} at (720,154) size 8x11 [bgcolor=#FDFDFB] [r=14 c=92 rs=1 cs=1]
              RenderInline {FONT} at (0,0) size 3x11
                RenderText {#text} at (0,0) size 3x11
                  text run at (0,0) width 3: " "
            RenderTableCell {TD} at (728,154) size 8x11 [bgcolor=#2D3433] [r=14 c=93 rs=1 cs=1]
              RenderInline {FONT} at (0,0) size 3x11
                RenderText {#text} at (0,0) size 3x11
                  text run at (0,0) width 3: " "
            RenderTableCell {TD} at (736,154) size 8x11 [bgcolor=#223C3D] [r=14 c=94 rs=1 cs=1]
              RenderInline {FONT} at (0,0) size 3x11
                RenderText {#text} at (0,0) size 3x11
                  text run at (0,0) width 3: " "
            RenderTableCell {TD} at (744,154) size 8x11 [bgcolor=#5E5F60] [r=14 c=95 rs=1 cs=1]
              RenderInline {FONT} at (0,0) size 3x11
                RenderText {#text} at (0,0) size 3x11
                  text run at (0,0) width 3: " "
            RenderTableCell {TD} at (752,154) size 8x11 [bgcolor=#777878] [r=14 c=96 rs=1 cs=1]
              RenderInline {FONT} at (0,0) size 3x11
                RenderText {#text} at (0,0) size 3x11
                  text run at (0,0) width 3: " "
            RenderTableCell {TD} at (760,154) size 8x11 [bgcolor=#848788] [r=14 c=97 rs=1 cs=1]
              RenderInline {FONT} at (0,0) size 3x11
                RenderText {#text} at (0,0) size 3x11
                  text run at (0,0) width 3: " "
            RenderTableCell {TD} at (768,154) size 8x11 [bgcolor=#777878] [r=14 c=98 rs=1 cs=1]
              RenderInline {FONT} at (0,0) size 3x11
                RenderText {#text} at (0,0) size 3x11
                  text run at (0,0) width 3: " "
            RenderTableCell {TD} at (776,154) size 8x11 [bgcolor=#4D4F4F] [r=14 c=99 rs=1 cs=1]
              RenderInline {FONT} at (0,0) size 3x11
                RenderText {#text} at (0,0) size 3x11
                  text run at (0,0) width 3: " "
          RenderTableRow {TR} at (0,165) size 784x11
            RenderTableCell {TD} at (0,165) size 7x11 [bgcolor=#E0EAE9] [r=15 c=0 rs=1 cs=1]
              RenderInline {FONT} at (0,0) size 3x11
                RenderText {#text} at (0,0) size 3x11
                  text run at (0,0) width 3: " "
            RenderTableCell {TD} at (7,165) size 7x11 [bgcolor=#469191] [r=15 c=1 rs=1 cs=1]
              RenderInline {FONT} at (0,0) size 3x11
                RenderText {#text} at (0,0) size 3x11
                  text run at (0,0) width 3: " "
            RenderTableCell {TD} at (14,165) size 7x11 [bgcolor=#A4CCCC] [r=15 c=2 rs=1 cs=1]
              RenderInline {FONT} at (0,0) size 3x11
                RenderText {#text} at (0,0) size 3x11
                  text run at (0,0) width 3: " "
            RenderTableCell {TD} at (21,165) size 7x11 [bgcolor=#E0EAE9] [r=15 c=3 rs=1 cs=1]
              RenderInline {FONT} at (0,0) size 3x11
                RenderText {#text} at (0,0) size 3x11
                  text run at (0,0) width 3: " "
            RenderTableCell {TD} at (28,165) size 7x11 [bgcolor=#7CAEAF] [r=15 c=4 rs=1 cs=1]
              RenderInline {FONT} at (0,0) size 3x11
                RenderText {#text} at (0,0) size 3x11
                  text run at (0,0) width 3: " "
            RenderTableCell {TD} at (35,165) size 7x11 [bgcolor=#026766] [r=15 c=5 rs=1 cs=1]
              RenderInline {FONT} at (0,0) size 3x11
                RenderText {#text} at (0,0) size 3x11
                  text run at (0,0) width 3: " "
            RenderTableCell {TD} at (42,165) size 7x11 [bgcolor=#026766] [r=15 c=6 rs=1 cs=1]
              RenderInline {FONT} at (0,0) size 3x11
                RenderText {#text} at (0,0) size 3x11
                  text run at (0,0) width 3: " "
            RenderTableCell {TD} at (49,165) size 7x11 [bgcolor=#025E5E] [r=15 c=7 rs=1 cs=1]
              RenderInline {FONT} at (0,0) size 3x11
                RenderText {#text} at (0,0) size 3x11
                  text run at (0,0) width 3: " "
            RenderTableCell {TD} at (56,165) size 7x11 [bgcolor=#025E5E] [r=15 c=8 rs=1 cs=1]
              RenderInline {FONT} at (0,0) size 3x11
                RenderText {#text} at (0,0) size 3x11
                  text run at (0,0) width 3: " "
            RenderTableCell {TD} at (63,165) size 7x11 [bgcolor=#025E5E] [r=15 c=9 rs=1 cs=1]
              RenderInline {FONT} at (0,0) size 3x11
                RenderText {#text} at (0,0) size 3x11
                  text run at (0,0) width 3: " "
            RenderTableCell {TD} at (70,165) size 7x11 [bgcolor=#72A3A1] [r=15 c=10 rs=1 cs=1]
              RenderInline {FONT} at (0,0) size 3x11
                RenderText {#text} at (0,0) size 3x11
                  text run at (0,0) width 3: " "
            RenderTableCell {TD} at (77,165) size 7x11 [bgcolor=#FDFDFB] [r=15 c=11 rs=1 cs=1]
              RenderInline {FONT} at (0,0) size 3x11
                RenderText {#text} at (0,0) size 3x11
                  text run at (0,0) width 3: " "
            RenderTableCell {TD} at (84,165) size 7x11 [bgcolor=#EDEEEF] [r=15 c=12 rs=1 cs=1]
              RenderInline {FONT} at (0,0) size 3x11
                RenderText {#text} at (0,0) size 3x11
                  text run at (0,0) width 3: " "
            RenderTableCell {TD} at (91,165) size 7x11 [bgcolor=#072323] [r=15 c=13 rs=1 cs=1]
              RenderInline {FONT} at (0,0) size 3x11
                RenderText {#text} at (0,0) size 3x11
                  text run at (0,0) width 3: " "
            RenderTableCell {TD} at (98,165) size 7x11 [bgcolor=#223C3D] [r=15 c=14 rs=1 cs=1]
              RenderInline {FONT} at (0,0) size 3x11
                RenderText {#text} at (0,0) size 3x11
                  text run at (0,0) width 3: " "
            RenderTableCell {TD} at (105,165) size 7x11 [bgcolor=#848788] [r=15 c=15 rs=1 cs=1]
              RenderInline {FONT} at (0,0) size 3x11
                RenderText {#text} at (0,0) size 3x11
                  text run at (0,0) width 3: " "
            RenderTableCell {TD} at (112,165) size 8x11 [bgcolor=#FDFDFB] [r=15 c=16 rs=1 cs=1]
              RenderInline {FONT} at (0,0) size 3x11
                RenderText {#text} at (0,0) size 3x11
                  text run at (0,0) width 3: " "
            RenderTableCell {TD} at (120,165) size 8x11 [bgcolor=#FDFDFB] [r=15 c=17 rs=1 cs=1]
              RenderInline {FONT} at (0,0) size 3x11
                RenderText {#text} at (0,0) size 3x11
                  text run at (0,0) width 3: " "
            RenderTableCell {TD} at (128,165) size 8x11 [bgcolor=#2D3433] [r=15 c=18 rs=1 cs=1]
              RenderInline {FONT} at (0,0) size 3x11
                RenderText {#text} at (0,0) size 3x11
                  text run at (0,0) width 3: " "
            RenderTableCell {TD} at (136,165) size 8x11 [bgcolor=#1E7A79] [r=15 c=19 rs=1 cs=1]
              RenderInline {FONT} at (0,0) size 3x11
                RenderText {#text} at (0,0) size 3x11
                  text run at (0,0) width 3: " "
            RenderTableCell {TD} at (144,165) size 8x11 [bgcolor=#44A3A2] [r=15 c=20 rs=1 cs=1]
              RenderInline {FONT} at (0,0) size 3x11
                RenderText {#text} at (0,0) size 3x11
                  text run at (0,0) width 3: " "
            RenderTableCell {TD} at (152,165) size 8x11 [bgcolor=#FDFDFB] [r=15 c=21 rs=1 cs=1]
              RenderInline {FONT} at (0,0) size 3x11
                RenderText {#text} at (0,0) size 3x11
                  text run at (0,0) width 3: " "
            RenderTableCell {TD} at (160,165) size 8x11 [bgcolor=#FDFDFB] [r=15 c=22 rs=1 cs=1]
              RenderInline {FONT} at (0,0) size 3x11
                RenderText {#text} at (0,0) size 3x11
                  text run at (0,0) width 3: " "
            RenderTableCell {TD} at (168,165) size 8x11 [bgcolor=#223C3D] [r=15 c=23 rs=1 cs=1]
              RenderInline {FONT} at (0,0) size 3x11
                RenderText {#text} at (0,0) size 3x11
                  text run at (0,0) width 3: " "
            RenderTableCell {TD} at (176,165) size 8x11 [bgcolor=#025E5E] [r=15 c=24 rs=1 cs=1]
              RenderInline {FONT} at (0,0) size 3x11
                RenderText {#text} at (0,0) size 3x11
                  text run at (0,0) width 3: " "
            RenderTableCell {TD} at (184,165) size 8x11 [bgcolor=#025E5E] [r=15 c=25 rs=1 cs=1]
              RenderInline {FONT} at (0,0) size 3x11
                RenderText {#text} at (0,0) size 3x11
                  text run at (0,0) width 3: " "
            RenderTableCell {TD} at (192,165) size 8x11 [bgcolor=#026766] [r=15 c=26 rs=1 cs=1]
              RenderInline {FONT} at (0,0) size 3x11
                RenderText {#text} at (0,0) size 3x11
                  text run at (0,0) width 3: " "
            RenderTableCell {TD} at (200,165) size 8x11 [bgcolor=#026766] [r=15 c=27 rs=1 cs=1]
              RenderInline {FONT} at (0,0) size 3x11
                RenderText {#text} at (0,0) size 3x11
                  text run at (0,0) width 3: " "
            RenderTableCell {TD} at (208,165) size 8x11 [bgcolor=#338686] [r=15 c=28 rs=1 cs=1]
              RenderInline {FONT} at (0,0) size 3x11
                RenderText {#text} at (0,0) size 3x11
                  text run at (0,0) width 3: " "
            RenderTableCell {TD} at (216,165) size 8x11 [bgcolor=#E0EAE9] [r=15 c=29 rs=1 cs=1]
              RenderInline {FONT} at (0,0) size 3x11
                RenderText {#text} at (0,0) size 3x11
                  text run at (0,0) width 3: " "
            RenderTableCell {TD} at (224,165) size 8x11 [bgcolor=#FDFDFB] [r=15 c=30 rs=1 cs=1]
              RenderInline {FONT} at (0,0) size 3x11
                RenderText {#text} at (0,0) size 3x11
                  text run at (0,0) width 3: " "
            RenderTableCell {TD} at (232,165) size 8x11 [bgcolor=#B4B4B4] [r=15 c=31 rs=1 cs=1]
              RenderInline {FONT} at (0,0) size 3x11
                RenderText {#text} at (0,0) size 3x11
                  text run at (0,0) width 3: " "
            RenderTableCell {TD} at (240,165) size 8x11 [bgcolor=#1C2524] [r=15 c=32 rs=1 cs=1]
              RenderInline {FONT} at (0,0) size 3x11
                RenderText {#text} at (0,0) size 3x11
                  text run at (0,0) width 3: " "
            RenderTableCell {TD} at (248,165) size 8x11 [bgcolor=#4D4F4F] [r=15 c=33 rs=1 cs=1]
              RenderInline {FONT} at (0,0) size 3x11
                RenderText {#text} at (0,0) size 3x11
                  text run at (0,0) width 3: " "
            RenderTableCell {TD} at (256,165) size 8x11 [bgcolor=#939494] [r=15 c=34 rs=1 cs=1]
              RenderInline {FONT} at (0,0) size 3x11
                RenderText {#text} at (0,0) size 3x11
                  text run at (0,0) width 3: " "
            RenderTableCell {TD} at (264,165) size 8x11 [bgcolor=#EDEEEF] [r=15 c=35 rs=1 cs=1]
              RenderInline {FONT} at (0,0) size 3x11
                RenderText {#text} at (0,0) size 3x11
                  text run at (0,0) width 3: " "
            RenderTableCell {TD} at (272,165) size 8x11 [bgcolor=#CADEDD] [r=15 c=36 rs=1 cs=1]
              RenderInline {FONT} at (0,0) size 3x11
                RenderText {#text} at (0,0) size 3x11
                  text run at (0,0) width 3: " "
            RenderTableCell {TD} at (280,165) size 8x11 [bgcolor=#338686] [r=15 c=37 rs=1 cs=1]
              RenderInline {FONT} at (0,0) size 3x11
                RenderText {#text} at (0,0) size 3x11
                  text run at (0,0) width 3: " "
            RenderTableCell {TD} at (288,165) size 8x11 [bgcolor=#026766] [r=15 c=38 rs=1 cs=1]
              RenderInline {FONT} at (0,0) size 3x11
                RenderText {#text} at (0,0) size 3x11
                  text run at (0,0) width 3: " "
            RenderTableCell {TD} at (296,165) size 8x11 [bgcolor=#026766] [r=15 c=39 rs=1 cs=1]
              RenderInline {FONT} at (0,0) size 3x11
                RenderText {#text} at (0,0) size 3x11
                  text run at (0,0) width 3: " "
            RenderTableCell {TD} at (304,165) size 8x11 [bgcolor=#025E5E] [r=15 c=40 rs=1 cs=1]
              RenderInline {FONT} at (0,0) size 3x11
                RenderText {#text} at (0,0) size 3x11
                  text run at (0,0) width 3: " "
            RenderTableCell {TD} at (312,165) size 8x11 [bgcolor=#025E5E] [r=15 c=41 rs=1 cs=1]
              RenderInline {FONT} at (0,0) size 3x11
                RenderText {#text} at (0,0) size 3x11
                  text run at (0,0) width 3: " "
            RenderTableCell {TD} at (320,165) size 8x11 [bgcolor=#1A6B6A] [r=15 c=42 rs=1 cs=1]
              RenderInline {FONT} at (0,0) size 3x11
                RenderText {#text} at (0,0) size 3x11
                  text run at (0,0) width 3: " "
            RenderTableCell {TD} at (328,165) size 8x11 [bgcolor=#CADEDD] [r=15 c=43 rs=1 cs=1]
              RenderInline {FONT} at (0,0) size 3x11
                RenderText {#text} at (0,0) size 3x11
                  text run at (0,0) width 3: " "
            RenderTableCell {TD} at (336,165) size 8x11 [bgcolor=#FDFDFB] [r=15 c=44 rs=1 cs=1]
              RenderInline {FONT} at (0,0) size 3x11
                RenderText {#text} at (0,0) size 3x11
                  text run at (0,0) width 3: " "
            RenderTableCell {TD} at (344,165) size 8x11 [bgcolor=#777878] [r=15 c=45 rs=1 cs=1]
              RenderInline {FONT} at (0,0) size 3x11
                RenderText {#text} at (0,0) size 3x11
                  text run at (0,0) width 3: " "
            RenderTableCell {TD} at (352,165) size 8x11 [bgcolor=#044F4F] [r=15 c=46 rs=1 cs=1]
              RenderInline {FONT} at (0,0) size 3x11
                RenderText {#text} at (0,0) size 3x11
                  text run at (0,0) width 3: " "
            RenderTableCell {TD} at (360,165) size 8x11 [bgcolor=#1A6B6A] [r=15 c=47 rs=1 cs=1]
              RenderInline {FONT} at (0,0) size 3x11
                RenderText {#text} at (0,0) size 3x11
                  text run at (0,0) width 3: " "
            RenderTableCell {TD} at (368,165) size 8x11 [bgcolor=#B6D0D1] [r=15 c=48 rs=1 cs=1]
              RenderInline {FONT} at (0,0) size 3x11
                RenderText {#text} at (0,0) size 3x11
                  text run at (0,0) width 3: " "
            RenderTableCell {TD} at (376,165) size 8x11 [bgcolor=#FDFDFB] [r=15 c=49 rs=1 cs=1]
              RenderInline {FONT} at (0,0) size 3x11
                RenderText {#text} at (0,0) size 3x11
                  text run at (0,0) width 3: " "
            RenderTableCell {TD} at (384,165) size 8x11 [bgcolor=#848788] [r=15 c=50 rs=1 cs=1]
              RenderInline {FONT} at (0,0) size 3x11
                RenderText {#text} at (0,0) size 3x11
                  text run at (0,0) width 3: " "
            RenderTableCell {TD} at (392,165) size 8x11 [bgcolor=#072323] [r=15 c=51 rs=1 cs=1]
              RenderInline {FONT} at (0,0) size 3x11
                RenderText {#text} at (0,0) size 3x11
                  text run at (0,0) width 3: " "
            RenderTableCell {TD} at (400,165) size 8x11 [bgcolor=#3D4242] [r=15 c=52 rs=1 cs=1]
              RenderInline {FONT} at (0,0) size 3x11
                RenderText {#text} at (0,0) size 3x11
                  text run at (0,0) width 3: " "
            RenderTableCell {TD} at (408,165) size 8x11 [bgcolor=#696A69] [r=15 c=53 rs=1 cs=1]
              RenderInline {FONT} at (0,0) size 3x11
                RenderText {#text} at (0,0) size 3x11
                  text run at (0,0) width 3: " "
            RenderTableCell {TD} at (416,165) size 8x11 [bgcolor=#848788] [r=15 c=54 rs=1 cs=1]
              RenderInline {FONT} at (0,0) size 3x11
                RenderText {#text} at (0,0) size 3x11
                  text run at (0,0) width 3: " "
            RenderTableCell {TD} at (424,165) size 8x11 [bgcolor=#939494] [r=15 c=55 rs=1 cs=1]
              RenderInline {FONT} at (0,0) size 3x11
                RenderText {#text} at (0,0) size 3x11
                  text run at (0,0) width 3: " "
            RenderTableCell {TD} at (432,165) size 8x11 [bgcolor=#B4B4B4] [r=15 c=56 rs=1 cs=1]
              RenderInline {FONT} at (0,0) size 3x11
                RenderText {#text} at (0,0) size 3x11
                  text run at (0,0) width 3: " "
            RenderTableCell {TD} at (440,165) size 8x11 [bgcolor=#FDFDFB] [r=15 c=57 rs=1 cs=1]
              RenderInline {FONT} at (0,0) size 3x11
                RenderText {#text} at (0,0) size 3x11
                  text run at (0,0) width 3: " "
            RenderTableCell {TD} at (448,165) size 8x11 [bgcolor=#FDFDFB] [r=15 c=58 rs=1 cs=1]
              RenderInline {FONT} at (0,0) size 3x11
                RenderText {#text} at (0,0) size 3x11
                  text run at (0,0) width 3: " "
            RenderTableCell {TD} at (456,165) size 8x11 [bgcolor=#2D3433] [r=15 c=59 rs=1 cs=1]
              RenderInline {FONT} at (0,0) size 3x11
                RenderText {#text} at (0,0) size 3x11
                  text run at (0,0) width 3: " "
            RenderTableCell {TD} at (464,165) size 8x11 [bgcolor=#287A7A] [r=15 c=60 rs=1 cs=1]
              RenderInline {FONT} at (0,0) size 3x11
                RenderText {#text} at (0,0) size 3x11
                  text run at (0,0) width 3: " "
            RenderTableCell {TD} at (472,165) size 8x11 [bgcolor=#027777] [r=15 c=61 rs=1 cs=1]
              RenderInline {FONT} at (0,0) size 3x11
                RenderText {#text} at (0,0) size 3x11
                  text run at (0,0) width 3: " "
            RenderTableCell {TD} at (480,165) size 8x11 [bgcolor=#B6D8D7] [r=15 c=62 rs=1 cs=1]
              RenderInline {FONT} at (0,0) size 3x11
                RenderText {#text} at (0,0) size 3x11
                  text run at (0,0) width 3: " "
            RenderTableCell {TD} at (488,165) size 8x11 [bgcolor=#FDFDFB] [r=15 c=63 rs=1 cs=1]
              RenderInline {FONT} at (0,0) size 3x11
                RenderText {#text} at (0,0) size 3x11
                  text run at (0,0) width 3: " "
            RenderTableCell {TD} at (496,165) size 8x11 [bgcolor=#91A3A3] [r=15 c=64 rs=1 cs=1]
              RenderInline {FONT} at (0,0) size 3x11
                RenderText {#text} at (0,0) size 3x11
                  text run at (0,0) width 3: " "
            RenderTableCell {TD} at (504,165) size 8x11 [bgcolor=#1A6B6A] [r=15 c=65 rs=1 cs=1]
              RenderInline {FONT} at (0,0) size 3x11
                RenderText {#text} at (0,0) size 3x11
                  text run at (0,0) width 3: " "
            RenderTableCell {TD} at (512,165) size 8x11 [bgcolor=#026766] [r=15 c=66 rs=1 cs=1]
              RenderInline {FONT} at (0,0) size 3x11
                RenderText {#text} at (0,0) size 3x11
                  text run at (0,0) width 3: " "
            RenderTableCell {TD} at (520,165) size 8x11 [bgcolor=#026766] [r=15 c=67 rs=1 cs=1]
              RenderInline {FONT} at (0,0) size 3x11
                RenderText {#text} at (0,0) size 3x11
                  text run at (0,0) width 3: " "
            RenderTableCell {TD} at (528,165) size 8x11 [bgcolor=#026766] [r=15 c=68 rs=1 cs=1]
              RenderInline {FONT} at (0,0) size 3x11
                RenderText {#text} at (0,0) size 3x11
                  text run at (0,0) width 3: " "
            RenderTableCell {TD} at (536,165) size 8x11 [bgcolor=#1A6B6A] [r=15 c=69 rs=1 cs=1]
              RenderInline {FONT} at (0,0) size 3x11
                RenderText {#text} at (0,0) size 3x11
                  text run at (0,0) width 3: " "
            RenderTableCell {TD} at (544,165) size 8x11 [bgcolor=#8DB7B6] [r=15 c=70 rs=1 cs=1]
              RenderInline {FONT} at (0,0) size 3x11
                RenderText {#text} at (0,0) size 3x11
                  text run at (0,0) width 3: " "
            RenderTableCell {TD} at (552,165) size 8x11 [bgcolor=#FDFDFB] [r=15 c=71 rs=1 cs=1]
              RenderInline {FONT} at (0,0) size 3x11
                RenderText {#text} at (0,0) size 3x11
                  text run at (0,0) width 3: " "
            RenderTableCell {TD} at (560,165) size 8x11 [bgcolor=#FDFDFB] [r=15 c=72 rs=1 cs=1]
              RenderInline {FONT} at (0,0) size 3x11
                RenderText {#text} at (0,0) size 3x11
                  text run at (0,0) width 3: " "
            RenderTableCell {TD} at (568,165) size 8x11 [bgcolor=#4D4F4F] [r=15 c=73 rs=1 cs=1]
              RenderInline {FONT} at (0,0) size 3x11
                RenderText {#text} at (0,0) size 3x11
                  text run at (0,0) width 3: " "
            RenderTableCell {TD} at (576,165) size 8x11 [bgcolor=#5E5F60] [r=15 c=74 rs=1 cs=1]
              RenderInline {FONT} at (0,0) size 3x11
                RenderText {#text} at (0,0) size 3x11
                  text run at (0,0) width 3: " "
            RenderTableCell {TD} at (584,165) size 8x11 [bgcolor=#848788] [r=15 c=75 rs=1 cs=1]
              RenderInline {FONT} at (0,0) size 3x11
                RenderText {#text} at (0,0) size 3x11
                  text run at (0,0) width 3: " "
            RenderTableCell {TD} at (592,165) size 8x11 [bgcolor=#CECFCF] [r=15 c=76 rs=1 cs=1]
              RenderInline {FONT} at (0,0) size 3x11
                RenderText {#text} at (0,0) size 3x11
                  text run at (0,0) width 3: " "
            RenderTableCell {TD} at (600,165) size 8x11 [bgcolor=#FDFDFB] [r=15 c=77 rs=1 cs=1]
              RenderInline {FONT} at (0,0) size 3x11
                RenderText {#text} at (0,0) size 3x11
                  text run at (0,0) width 3: " "
            RenderTableCell {TD} at (608,165) size 8x11 [bgcolor=#A2B5B4] [r=15 c=78 rs=1 cs=1]
              RenderInline {FONT} at (0,0) size 3x11
                RenderText {#text} at (0,0) size 3x11
                  text run at (0,0) width 3: " "
            RenderTableCell {TD} at (616,165) size 8x11 [bgcolor=#1B8685] [r=15 c=79 rs=1 cs=1]
              RenderInline {FONT} at (0,0) size 3x11
                RenderText {#text} at (0,0) size 3x11
                  text run at (0,0) width 3: " "
            RenderTableCell {TD} at (624,165) size 8x11 [bgcolor=#026766] [r=15 c=80 rs=1 cs=1]
              RenderInline {FONT} at (0,0) size 3x11
                RenderText {#text} at (0,0) size 3x11
                  text run at (0,0) width 3: " "
            RenderTableCell {TD} at (632,165) size 8x11 [bgcolor=#026766] [r=15 c=81 rs=1 cs=1]
              RenderInline {FONT} at (0,0) size 3x11
                RenderText {#text} at (0,0) size 3x11
                  text run at (0,0) width 3: " "
            RenderTableCell {TD} at (640,165) size 8x11 [bgcolor=#026766] [r=15 c=82 rs=1 cs=1]
              RenderInline {FONT} at (0,0) size 3x11
                RenderText {#text} at (0,0) size 3x11
                  text run at (0,0) width 3: " "
            RenderTableCell {TD} at (648,165) size 8x11 [bgcolor=#026766] [r=15 c=83 rs=1 cs=1]
              RenderInline {FONT} at (0,0) size 3x11
                RenderText {#text} at (0,0) size 3x11
                  text run at (0,0) width 3: " "
            RenderTableCell {TD} at (656,165) size 8x11 [bgcolor=#338686] [r=15 c=84 rs=1 cs=1]
              RenderInline {FONT} at (0,0) size 3x11
                RenderText {#text} at (0,0) size 3x11
                  text run at (0,0) width 3: " "
            RenderTableCell {TD} at (664,165) size 8x11 [bgcolor=#E0EAE9] [r=15 c=85 rs=1 cs=1]
              RenderInline {FONT} at (0,0) size 3x11
                RenderText {#text} at (0,0) size 3x11
                  text run at (0,0) width 3: " "
            RenderTableCell {TD} at (672,165) size 8x11 [bgcolor=#EDEEEF] [r=15 c=86 rs=1 cs=1]
              RenderInline {FONT} at (0,0) size 3x11
                RenderText {#text} at (0,0) size 3x11
                  text run at (0,0) width 3: " "
            RenderTableCell {TD} at (680,165) size 8x11 [bgcolor=#515C5B] [r=15 c=87 rs=1 cs=1]
              RenderInline {FONT} at (0,0) size 3x11
                RenderText {#text} at (0,0) size 3x11
                  text run at (0,0) width 3: " "
            RenderTableCell {TD} at (688,165) size 8x11 [bgcolor=#044140] [r=15 c=88 rs=1 cs=1]
              RenderInline {FONT} at (0,0) size 3x11
                RenderText {#text} at (0,0) size 3x11
                  text run at (0,0) width 3: " "
            RenderTableCell {TD} at (696,165) size 8x11 [bgcolor=#026766] [r=15 c=89 rs=1 cs=1]
              RenderInline {FONT} at (0,0) size 3x11
                RenderText {#text} at (0,0) size 3x11
                  text run at (0,0) width 3: " "
            RenderTableCell {TD} at (704,165) size 8x11 [bgcolor=#338686] [r=15 c=90 rs=1 cs=1]
              RenderInline {FONT} at (0,0) size 3x11
                RenderText {#text} at (0,0) size 3x11
                  text run at (0,0) width 3: " "
            RenderTableCell {TD} at (712,165) size 8x11 [bgcolor=#EDEEEF] [r=15 c=91 rs=1 cs=1]
              RenderInline {FONT} at (0,0) size 3x11
                RenderText {#text} at (0,0) size 3x11
                  text run at (0,0) width 3: " "
            RenderTableCell {TD} at (720,165) size 8x11 [bgcolor=#FDFDFB] [r=15 c=92 rs=1 cs=1]
              RenderInline {FONT} at (0,0) size 3x11
                RenderText {#text} at (0,0) size 3x11
                  text run at (0,0) width 3: " "
            RenderTableCell {TD} at (728,165) size 8x11 [bgcolor=#2D3433] [r=15 c=93 rs=1 cs=1]
              RenderInline {FONT} at (0,0) size 3x11
                RenderText {#text} at (0,0) size 3x11
                  text run at (0,0) width 3: " "
            RenderTableCell {TD} at (736,165) size 8x11 [bgcolor=#223C3D] [r=15 c=94 rs=1 cs=1]
              RenderInline {FONT} at (0,0) size 3x11
                RenderText {#text} at (0,0) size 3x11
                  text run at (0,0) width 3: " "
            RenderTableCell {TD} at (744,165) size 8x11 [bgcolor=#5E5F60] [r=15 c=95 rs=1 cs=1]
              RenderInline {FONT} at (0,0) size 3x11
                RenderText {#text} at (0,0) size 3x11
                  text run at (0,0) width 3: " "
            RenderTableCell {TD} at (752,165) size 8x11 [bgcolor=#777878] [r=15 c=96 rs=1 cs=1]
              RenderInline {FONT} at (0,0) size 3x11
                RenderText {#text} at (0,0) size 3x11
                  text run at (0,0) width 3: " "
            RenderTableCell {TD} at (760,165) size 8x11 [bgcolor=#848788] [r=15 c=97 rs=1 cs=1]
              RenderInline {FONT} at (0,0) size 3x11
                RenderText {#text} at (0,0) size 3x11
                  text run at (0,0) width 3: " "
            RenderTableCell {TD} at (768,165) size 8x11 [bgcolor=#777878] [r=15 c=98 rs=1 cs=1]
              RenderInline {FONT} at (0,0) size 3x11
                RenderText {#text} at (0,0) size 3x11
                  text run at (0,0) width 3: " "
            RenderTableCell {TD} at (776,165) size 8x11 [bgcolor=#4D4F4F] [r=15 c=99 rs=1 cs=1]
              RenderInline {FONT} at (0,0) size 3x11
                RenderText {#text} at (0,0) size 3x11
                  text run at (0,0) width 3: " "
          RenderTableRow {TR} at (0,176) size 784x11
            RenderTableCell {TD} at (0,176) size 7x11 [bgcolor=#FDFDFB] [r=16 c=0 rs=1 cs=1]
              RenderInline {FONT} at (0,0) size 3x11
                RenderText {#text} at (0,0) size 3x11
                  text run at (0,0) width 3: " "
            RenderTableCell {TD} at (7,176) size 7x11 [bgcolor=#7CAEAF] [r=16 c=1 rs=1 cs=1]
              RenderInline {FONT} at (0,0) size 3x11
                RenderText {#text} at (0,0) size 3x11
                  text run at (0,0) width 3: " "
            RenderTableCell {TD} at (14,176) size 7x11 [bgcolor=#469191] [r=16 c=2 rs=1 cs=1]
              RenderInline {FONT} at (0,0) size 3x11
                RenderText {#text} at (0,0) size 3x11
                  text run at (0,0) width 3: " "
            RenderTableCell {TD} at (21,176) size 7x11 [bgcolor=#EDEEEF] [r=16 c=3 rs=1 cs=1]
              RenderInline {FONT} at (0,0) size 3x11
                RenderText {#text} at (0,0) size 3x11
                  text run at (0,0) width 3: " "
            RenderTableCell {TD} at (28,176) size 7x11 [bgcolor=#FDFDFB] [r=16 c=4 rs=1 cs=1]
              RenderInline {FONT} at (0,0) size 3x11
                RenderText {#text} at (0,0) size 3x11
                  text run at (0,0) width 3: " "
            RenderTableCell {TD} at (35,176) size 7x11 [bgcolor=#A4CCCC] [r=16 c=5 rs=1 cs=1]
              RenderInline {FONT} at (0,0) size 3x11
                RenderText {#text} at (0,0) size 3x11
                  text run at (0,0) width 3: " "
            RenderTableCell {TD} at (42,176) size 7x11 [bgcolor=#7CAEAF] [r=16 c=6 rs=1 cs=1]
              RenderInline {FONT} at (0,0) size 3x11
                RenderText {#text} at (0,0) size 3x11
                  text run at (0,0) width 3: " "
            RenderTableCell {TD} at (49,176) size 7x11 [bgcolor=#60A2A3] [r=16 c=7 rs=1 cs=1]
              RenderInline {FONT} at (0,0) size 3x11
                RenderText {#text} at (0,0) size 3x11
                  text run at (0,0) width 3: " "
            RenderTableCell {TD} at (56,176) size 7x11 [bgcolor=#72A3A1] [r=16 c=8 rs=1 cs=1]
              RenderInline {FONT} at (0,0) size 3x11
                RenderText {#text} at (0,0) size 3x11
                  text run at (0,0) width 3: " "
            RenderTableCell {TD} at (63,176) size 7x11 [bgcolor=#97C1C0] [r=16 c=9 rs=1 cs=1]
              RenderInline {FONT} at (0,0) size 3x11
                RenderText {#text} at (0,0) size 3x11
                  text run at (0,0) width 3: " "
            RenderTableCell {TD} at (70,176) size 7x11 [bgcolor=#E0EAE9] [r=16 c=10 rs=1 cs=1]
              RenderInline {FONT} at (0,0) size 3x11
                RenderText {#text} at (0,0) size 3x11
                  text run at (0,0) width 3: " "
            RenderTableCell {TD} at (77,176) size 7x11 [bgcolor=#EDEEEF] [r=16 c=11 rs=1 cs=1]
              RenderInline {FONT} at (0,0) size 3x11
                RenderText {#text} at (0,0) size 3x11
                  text run at (0,0) width 3: " "
            RenderTableCell {TD} at (84,176) size 7x11 [bgcolor=#696A69] [r=16 c=12 rs=1 cs=1]
              RenderInline {FONT} at (0,0) size 3x11
                RenderText {#text} at (0,0) size 3x11
                  text run at (0,0) width 3: " "
            RenderTableCell {TD} at (91,176) size 7x11 [bgcolor=#072323] [r=16 c=13 rs=1 cs=1]
              RenderInline {FONT} at (0,0) size 3x11
                RenderText {#text} at (0,0) size 3x11
                  text run at (0,0) width 3: " "
            RenderTableCell {TD} at (98,176) size 7x11 [bgcolor=#223C3D] [r=16 c=14 rs=1 cs=1]
              RenderInline {FONT} at (0,0) size 3x11
                RenderText {#text} at (0,0) size 3x11
                  text run at (0,0) width 3: " "
            RenderTableCell {TD} at (105,176) size 7x11 [bgcolor=#848788] [r=16 c=15 rs=1 cs=1]
              RenderInline {FONT} at (0,0) size 3x11
                RenderText {#text} at (0,0) size 3x11
                  text run at (0,0) width 3: " "
            RenderTableCell {TD} at (112,176) size 8x11 [bgcolor=#FDFDFB] [r=16 c=16 rs=1 cs=1]
              RenderInline {FONT} at (0,0) size 3x11
                RenderText {#text} at (0,0) size 3x11
                  text run at (0,0) width 3: " "
            RenderTableCell {TD} at (120,176) size 8x11 [bgcolor=#FDFDFB] [r=16 c=17 rs=1 cs=1]
              RenderInline {FONT} at (0,0) size 3x11
                RenderText {#text} at (0,0) size 3x11
                  text run at (0,0) width 3: " "
            RenderTableCell {TD} at (128,176) size 8x11 [bgcolor=#2D3433] [r=16 c=18 rs=1 cs=1]
              RenderInline {FONT} at (0,0) size 3x11
                RenderText {#text} at (0,0) size 3x11
                  text run at (0,0) width 3: " "
            RenderTableCell {TD} at (136,176) size 8x11 [bgcolor=#1E7A79] [r=16 c=19 rs=1 cs=1]
              RenderInline {FONT} at (0,0) size 3x11
                RenderText {#text} at (0,0) size 3x11
                  text run at (0,0) width 3: " "
            RenderTableCell {TD} at (144,176) size 8x11 [bgcolor=#1B8685] [r=16 c=20 rs=1 cs=1]
              RenderInline {FONT} at (0,0) size 3x11
                RenderText {#text} at (0,0) size 3x11
                  text run at (0,0) width 3: " "
            RenderTableCell {TD} at (152,176) size 8x11 [bgcolor=#CADEDD] [r=16 c=21 rs=1 cs=1]
              RenderInline {FONT} at (0,0) size 3x11
                RenderText {#text} at (0,0) size 3x11
                  text run at (0,0) width 3: " "
            RenderTableCell {TD} at (160,176) size 8x11 [bgcolor=#FDFDFB] [r=16 c=22 rs=1 cs=1]
              RenderInline {FONT} at (0,0) size 3x11
                RenderText {#text} at (0,0) size 3x11
                  text run at (0,0) width 3: " "
            RenderTableCell {TD} at (168,176) size 8x11 [bgcolor=#B6D0D1] [r=16 c=23 rs=1 cs=1]
              RenderInline {FONT} at (0,0) size 3x11
                RenderText {#text} at (0,0) size 3x11
                  text run at (0,0) width 3: " "
            RenderTableCell {TD} at (176,176) size 8x11 [bgcolor=#7CAEAF] [r=16 c=24 rs=1 cs=1]
              RenderInline {FONT} at (0,0) size 3x11
                RenderText {#text} at (0,0) size 3x11
                  text run at (0,0) width 3: " "
            RenderTableCell {TD} at (184,176) size 8x11 [bgcolor=#60A2A3] [r=16 c=25 rs=1 cs=1]
              RenderInline {FONT} at (0,0) size 3x11
                RenderText {#text} at (0,0) size 3x11
                  text run at (0,0) width 3: " "
            RenderTableCell {TD} at (192,176) size 8x11 [bgcolor=#7CAEAF] [r=16 c=26 rs=1 cs=1]
              RenderInline {FONT} at (0,0) size 3x11
                RenderText {#text} at (0,0) size 3x11
                  text run at (0,0) width 3: " "
            RenderTableCell {TD} at (200,176) size 8x11 [bgcolor=#A4CCCC] [r=16 c=27 rs=1 cs=1]
              RenderInline {FONT} at (0,0) size 3x11
                RenderText {#text} at (0,0) size 3x11
                  text run at (0,0) width 3: " "
            RenderTableCell {TD} at (208,176) size 8x11 [bgcolor=#DEDFDF] [r=16 c=28 rs=1 cs=1]
              RenderInline {FONT} at (0,0) size 3x11
                RenderText {#text} at (0,0) size 3x11
                  text run at (0,0) width 3: " "
            RenderTableCell {TD} at (216,176) size 8x11 [bgcolor=#BEC2C2] [r=16 c=29 rs=1 cs=1]
              RenderInline {FONT} at (0,0) size 3x11
                RenderText {#text} at (0,0) size 3x11
                  text run at (0,0) width 3: " "
            RenderTableCell {TD} at (224,176) size 8x11 [bgcolor=#FDFDFB] [r=16 c=30 rs=1 cs=1]
              RenderInline {FONT} at (0,0) size 3x11
                RenderText {#text} at (0,0) size 3x11
                  text run at (0,0) width 3: " "
            RenderTableCell {TD} at (232,176) size 8x11 [bgcolor=#DEDFDF] [r=16 c=31 rs=1 cs=1]
              RenderInline {FONT} at (0,0) size 3x11
                RenderText {#text} at (0,0) size 3x11
                  text run at (0,0) width 3: " "
            RenderTableCell {TD} at (240,176) size 8x11 [bgcolor=#939494] [r=16 c=32 rs=1 cs=1]
              RenderInline {FONT} at (0,0) size 3x11
                RenderText {#text} at (0,0) size 3x11
                  text run at (0,0) width 3: " "
            RenderTableCell {TD} at (248,176) size 8x11 [bgcolor=#696A69] [r=16 c=33 rs=1 cs=1]
              RenderInline {FONT} at (0,0) size 3x11
                RenderText {#text} at (0,0) size 3x11
                  text run at (0,0) width 3: " "
            RenderTableCell {TD} at (256,176) size 8x11 [bgcolor=#848788] [r=16 c=34 rs=1 cs=1]
              RenderInline {FONT} at (0,0) size 3x11
                RenderText {#text} at (0,0) size 3x11
                  text run at (0,0) width 3: " "
            RenderTableCell {TD} at (264,176) size 8x11 [bgcolor=#CECFCF] [r=16 c=35 rs=1 cs=1]
              RenderInline {FONT} at (0,0) size 3x11
                RenderText {#text} at (0,0) size 3x11
                  text run at (0,0) width 3: " "
            RenderTableCell {TD} at (272,176) size 8x11 [bgcolor=#FDFDFB] [r=16 c=36 rs=1 cs=1]
              RenderInline {FONT} at (0,0) size 3x11
                RenderText {#text} at (0,0) size 3x11
                  text run at (0,0) width 3: " "
            RenderTableCell {TD} at (280,176) size 8x11 [bgcolor=#DEDFDF] [r=16 c=37 rs=1 cs=1]
              RenderInline {FONT} at (0,0) size 3x11
                RenderText {#text} at (0,0) size 3x11
                  text run at (0,0) width 3: " "
            RenderTableCell {TD} at (288,176) size 8x11 [bgcolor=#8DB7B6] [r=16 c=38 rs=1 cs=1]
              RenderInline {FONT} at (0,0) size 3x11
                RenderText {#text} at (0,0) size 3x11
                  text run at (0,0) width 3: " "
            RenderTableCell {TD} at (296,176) size 8x11 [bgcolor=#72A3A1] [r=16 c=39 rs=1 cs=1]
              RenderInline {FONT} at (0,0) size 3x11
                RenderText {#text} at (0,0) size 3x11
                  text run at (0,0) width 3: " "
            RenderTableCell {TD} at (304,176) size 8x11 [bgcolor=#60A2A3] [r=16 c=40 rs=1 cs=1]
              RenderInline {FONT} at (0,0) size 3x11
                RenderText {#text} at (0,0) size 3x11
                  text run at (0,0) width 3: " "
            RenderTableCell {TD} at (312,176) size 8x11 [bgcolor=#7CAEAF] [r=16 c=41 rs=1 cs=1]
              RenderInline {FONT} at (0,0) size 3x11
                RenderText {#text} at (0,0) size 3x11
                  text run at (0,0) width 3: " "
            RenderTableCell {TD} at (320,176) size 8x11 [bgcolor=#B6D8D7] [r=16 c=42 rs=1 cs=1]
              RenderInline {FONT} at (0,0) size 3x11
                RenderText {#text} at (0,0) size 3x11
                  text run at (0,0) width 3: " "
            RenderTableCell {TD} at (328,176) size 8x11 [bgcolor=#FDFDFB] [r=16 c=43 rs=1 cs=1]
              RenderInline {FONT} at (0,0) size 3x11
                RenderText {#text} at (0,0) size 3x11
                  text run at (0,0) width 3: " "
            RenderTableCell {TD} at (336,176) size 8x11 [bgcolor=#B4B4B4] [r=16 c=44 rs=1 cs=1]
              RenderInline {FONT} at (0,0) size 3x11
                RenderText {#text} at (0,0) size 3x11
                  text run at (0,0) width 3: " "
            RenderTableCell {TD} at (344,176) size 8x11 [bgcolor=#1C2524] [r=16 c=45 rs=1 cs=1]
              RenderInline {FONT} at (0,0) size 3x11
                RenderText {#text} at (0,0) size 3x11
                  text run at (0,0) width 3: " "
            RenderTableCell {TD} at (352,176) size 8x11 [bgcolor=#025E5E] [r=16 c=46 rs=1 cs=1]
              RenderInline {FONT} at (0,0) size 3x11
                RenderText {#text} at (0,0) size 3x11
                  text run at (0,0) width 3: " "
            RenderTableCell {TD} at (360,176) size 8x11 [bgcolor=#1A6B6A] [r=16 c=47 rs=1 cs=1]
              RenderInline {FONT} at (0,0) size 3x11
                RenderText {#text} at (0,0) size 3x11
                  text run at (0,0) width 3: " "
            RenderTableCell {TD} at (368,176) size 8x11 [bgcolor=#B6D0D1] [r=16 c=48 rs=1 cs=1]
              RenderInline {FONT} at (0,0) size 3x11
                RenderText {#text} at (0,0) size 3x11
                  text run at (0,0) width 3: " "
            RenderTableCell {TD} at (376,176) size 8x11 [bgcolor=#FDFDFB] [r=16 c=49 rs=1 cs=1]
              RenderInline {FONT} at (0,0) size 3x11
                RenderText {#text} at (0,0) size 3x11
                  text run at (0,0) width 3: " "
            RenderTableCell {TD} at (384,176) size 8x11 [bgcolor=#848788] [r=16 c=50 rs=1 cs=1]
              RenderInline {FONT} at (0,0) size 3x11
                RenderText {#text} at (0,0) size 3x11
                  text run at (0,0) width 3: " "
            RenderTableCell {TD} at (392,176) size 8x11 [bgcolor=#072323] [r=16 c=51 rs=1 cs=1]
              RenderInline {FONT} at (0,0) size 3x11
                RenderText {#text} at (0,0) size 3x11
                  text run at (0,0) width 3: " "
            RenderTableCell {TD} at (400,176) size 8x11 [bgcolor=#3D4242] [r=16 c=52 rs=1 cs=1]
              RenderInline {FONT} at (0,0) size 3x11
                RenderText {#text} at (0,0) size 3x11
                  text run at (0,0) width 3: " "
            RenderTableCell {TD} at (408,176) size 8x11 [bgcolor=#696A69] [r=16 c=53 rs=1 cs=1]
              RenderInline {FONT} at (0,0) size 3x11
                RenderText {#text} at (0,0) size 3x11
                  text run at (0,0) width 3: " "
            RenderTableCell {TD} at (416,176) size 8x11 [bgcolor=#848788] [r=16 c=54 rs=1 cs=1]
              RenderInline {FONT} at (0,0) size 3x11
                RenderText {#text} at (0,0) size 3x11
                  text run at (0,0) width 3: " "
            RenderTableCell {TD} at (424,176) size 8x11 [bgcolor=#939494] [r=16 c=55 rs=1 cs=1]
              RenderInline {FONT} at (0,0) size 3x11
                RenderText {#text} at (0,0) size 3x11
                  text run at (0,0) width 3: " "
            RenderTableCell {TD} at (432,176) size 8x11 [bgcolor=#B4B4B4] [r=16 c=56 rs=1 cs=1]
              RenderInline {FONT} at (0,0) size 3x11
                RenderText {#text} at (0,0) size 3x11
                  text run at (0,0) width 3: " "
            RenderTableCell {TD} at (440,176) size 8x11 [bgcolor=#FDFDFB] [r=16 c=57 rs=1 cs=1]
              RenderInline {FONT} at (0,0) size 3x11
                RenderText {#text} at (0,0) size 3x11
                  text run at (0,0) width 3: " "
            RenderTableCell {TD} at (448,176) size 8x11 [bgcolor=#FDFDFB] [r=16 c=58 rs=1 cs=1]
              RenderInline {FONT} at (0,0) size 3x11
                RenderText {#text} at (0,0) size 3x11
                  text run at (0,0) width 3: " "
            RenderTableCell {TD} at (456,176) size 8x11 [bgcolor=#2D3433] [r=16 c=59 rs=1 cs=1]
              RenderInline {FONT} at (0,0) size 3x11
                RenderText {#text} at (0,0) size 3x11
                  text run at (0,0) width 3: " "
            RenderTableCell {TD} at (464,176) size 8x11 [bgcolor=#447877] [r=16 c=60 rs=1 cs=1]
              RenderInline {FONT} at (0,0) size 3x11
                RenderText {#text} at (0,0) size 3x11
                  text run at (0,0) width 3: " "
            RenderTableCell {TD} at (472,176) size 8x11 [bgcolor=#027777] [r=16 c=61 rs=1 cs=1]
              RenderInline {FONT} at (0,0) size 3x11
                RenderText {#text} at (0,0) size 3x11
                  text run at (0,0) width 3: " "
            RenderTableCell {TD} at (480,176) size 8x11 [bgcolor=#338686] [r=16 c=62 rs=1 cs=1]
              RenderInline {FONT} at (0,0) size 3x11
                RenderText {#text} at (0,0) size 3x11
                  text run at (0,0) width 3: " "
            RenderTableCell {TD} at (488,176) size 8x11 [bgcolor=#B6D0D1] [r=16 c=63 rs=1 cs=1]
              RenderInline {FONT} at (0,0) size 3x11
                RenderText {#text} at (0,0) size 3x11
                  text run at (0,0) width 3: " "
            RenderTableCell {TD} at (496,176) size 8x11 [bgcolor=#FDFDFB] [r=16 c=64 rs=1 cs=1]
              RenderInline {FONT} at (0,0) size 3x11
                RenderText {#text} at (0,0) size 3x11
                  text run at (0,0) width 3: " "
            RenderTableCell {TD} at (504,176) size 8x11 [bgcolor=#B6D0D1] [r=16 c=65 rs=1 cs=1]
              RenderInline {FONT} at (0,0) size 3x11
                RenderText {#text} at (0,0) size 3x11
                  text run at (0,0) width 3: " "
            RenderTableCell {TD} at (512,176) size 8x11 [bgcolor=#7CAEAF] [r=16 c=66 rs=1 cs=1]
              RenderInline {FONT} at (0,0) size 3x11
                RenderText {#text} at (0,0) size 3x11
                  text run at (0,0) width 3: " "
            RenderTableCell {TD} at (520,176) size 8x11 [bgcolor=#60A2A3] [r=16 c=67 rs=1 cs=1]
              RenderInline {FONT} at (0,0) size 3x11
                RenderText {#text} at (0,0) size 3x11
                  text run at (0,0) width 3: " "
            RenderTableCell {TD} at (528,176) size 8x11 [bgcolor=#7CAEAF] [r=16 c=68 rs=1 cs=1]
              RenderInline {FONT} at (0,0) size 3x11
                RenderText {#text} at (0,0) size 3x11
                  text run at (0,0) width 3: " "
            RenderTableCell {TD} at (536,176) size 8x11 [bgcolor=#CADEDD] [r=16 c=69 rs=1 cs=1]
              RenderInline {FONT} at (0,0) size 3x11
                RenderText {#text} at (0,0) size 3x11
                  text run at (0,0) width 3: " "
            RenderTableCell {TD} at (544,176) size 8x11 [bgcolor=#DEDFDF] [r=16 c=70 rs=1 cs=1]
              RenderInline {FONT} at (0,0) size 3x11
                RenderText {#text} at (0,0) size 3x11
                  text run at (0,0) width 3: " "
            RenderTableCell {TD} at (552,176) size 8x11 [bgcolor=#DEDFDF] [r=16 c=71 rs=1 cs=1]
              RenderInline {FONT} at (0,0) size 3x11
                RenderText {#text} at (0,0) size 3x11
                  text run at (0,0) width 3: " "
            RenderTableCell {TD} at (560,176) size 8x11 [bgcolor=#FDFDFB] [r=16 c=72 rs=1 cs=1]
              RenderInline {FONT} at (0,0) size 3x11
                RenderText {#text} at (0,0) size 3x11
                  text run at (0,0) width 3: " "
            RenderTableCell {TD} at (568,176) size 8x11 [bgcolor=#4D4F4F] [r=16 c=73 rs=1 cs=1]
              RenderInline {FONT} at (0,0) size 3x11
                RenderText {#text} at (0,0) size 3x11
                  text run at (0,0) width 3: " "
            RenderTableCell {TD} at (576,176) size 8x11 [bgcolor=#5E5F60] [r=16 c=74 rs=1 cs=1]
              RenderInline {FONT} at (0,0) size 3x11
                RenderText {#text} at (0,0) size 3x11
                  text run at (0,0) width 3: " "
            RenderTableCell {TD} at (584,176) size 8x11 [bgcolor=#848788] [r=16 c=75 rs=1 cs=1]
              RenderInline {FONT} at (0,0) size 3x11
                RenderText {#text} at (0,0) size 3x11
                  text run at (0,0) width 3: " "
            RenderTableCell {TD} at (592,176) size 8x11 [bgcolor=#939494] [r=16 c=76 rs=1 cs=1]
              RenderInline {FONT} at (0,0) size 3x11
                RenderText {#text} at (0,0) size 3x11
                  text run at (0,0) width 3: " "
            RenderTableCell {TD} at (600,176) size 8x11 [bgcolor=#BEC2C2] [r=16 c=77 rs=1 cs=1]
              RenderInline {FONT} at (0,0) size 3x11
                RenderText {#text} at (0,0) size 3x11
                  text run at (0,0) width 3: " "
            RenderTableCell {TD} at (608,176) size 8x11 [bgcolor=#FDFDFB] [r=16 c=78 rs=1 cs=1]
              RenderInline {FONT} at (0,0) size 3x11
                RenderText {#text} at (0,0) size 3x11
                  text run at (0,0) width 3: " "
            RenderTableCell {TD} at (616,176) size 8x11 [bgcolor=#CADEDD] [r=16 c=79 rs=1 cs=1]
              RenderInline {FONT} at (0,0) size 3x11
                RenderText {#text} at (0,0) size 3x11
                  text run at (0,0) width 3: " "
            RenderTableCell {TD} at (624,176) size 8x11 [bgcolor=#8DB7B6] [r=16 c=80 rs=1 cs=1]
              RenderInline {FONT} at (0,0) size 3x11
                RenderText {#text} at (0,0) size 3x11
                  text run at (0,0) width 3: " "
            RenderTableCell {TD} at (632,176) size 8x11 [bgcolor=#72A3A1] [r=16 c=81 rs=1 cs=1]
              RenderInline {FONT} at (0,0) size 3x11
                RenderText {#text} at (0,0) size 3x11
                  text run at (0,0) width 3: " "
            RenderTableCell {TD} at (640,176) size 8x11 [bgcolor=#72A3A1] [r=16 c=82 rs=1 cs=1]
              RenderInline {FONT} at (0,0) size 3x11
                RenderText {#text} at (0,0) size 3x11
                  text run at (0,0) width 3: " "
            RenderTableCell {TD} at (648,176) size 8x11 [bgcolor=#97C1C0] [r=16 c=83 rs=1 cs=1]
              RenderInline {FONT} at (0,0) size 3x11
                RenderText {#text} at (0,0) size 3x11
                  text run at (0,0) width 3: " "
            RenderTableCell {TD} at (656,176) size 8x11 [bgcolor=#EDEEEF] [r=16 c=84 rs=1 cs=1]
              RenderInline {FONT} at (0,0) size 3x11
                RenderText {#text} at (0,0) size 3x11
                  text run at (0,0) width 3: " "
            RenderTableCell {TD} at (664,176) size 8x11 [bgcolor=#DEDFDF] [r=16 c=85 rs=1 cs=1]
              RenderInline {FONT} at (0,0) size 3x11
                RenderText {#text} at (0,0) size 3x11
                  text run at (0,0) width 3: " "
            RenderTableCell {TD} at (672,176) size 8x11 [bgcolor=#696A69] [r=16 c=86 rs=1 cs=1]
              RenderInline {FONT} at (0,0) size 3x11
                RenderText {#text} at (0,0) size 3x11
                  text run at (0,0) width 3: " "
            RenderTableCell {TD} at (680,176) size 8x11 [bgcolor=#072323] [r=16 c=87 rs=1 cs=1]
              RenderInline {FONT} at (0,0) size 3x11
                RenderText {#text} at (0,0) size 3x11
                  text run at (0,0) width 3: " "
            RenderTableCell {TD} at (688,176) size 8x11 [bgcolor=#025E5E] [r=16 c=88 rs=1 cs=1]
              RenderInline {FONT} at (0,0) size 3x11
                RenderText {#text} at (0,0) size 3x11
                  text run at (0,0) width 3: " "
            RenderTableCell {TD} at (696,176) size 8x11 [bgcolor=#026766] [r=16 c=89 rs=1 cs=1]
              RenderInline {FONT} at (0,0) size 3x11
                RenderText {#text} at (0,0) size 3x11
                  text run at (0,0) width 3: " "
            RenderTableCell {TD} at (704,176) size 8x11 [bgcolor=#287A7A] [r=16 c=90 rs=1 cs=1]
              RenderInline {FONT} at (0,0) size 3x11
                RenderText {#text} at (0,0) size 3x11
                  text run at (0,0) width 3: " "
            RenderTableCell {TD} at (712,176) size 8x11 [bgcolor=#E0EAE9] [r=16 c=91 rs=1 cs=1]
              RenderInline {FONT} at (0,0) size 3x11
                RenderText {#text} at (0,0) size 3x11
                  text run at (0,0) width 3: " "
            RenderTableCell {TD} at (720,176) size 8x11 [bgcolor=#FDFDFB] [r=16 c=92 rs=1 cs=1]
              RenderInline {FONT} at (0,0) size 3x11
                RenderText {#text} at (0,0) size 3x11
                  text run at (0,0) width 3: " "
            RenderTableCell {TD} at (728,176) size 8x11 [bgcolor=#B4B4B4] [r=16 c=93 rs=1 cs=1]
              RenderInline {FONT} at (0,0) size 3x11
                RenderText {#text} at (0,0) size 3x11
                  text run at (0,0) width 3: " "
            RenderTableCell {TD} at (736,176) size 8x11 [bgcolor=#91A3A3] [r=16 c=94 rs=1 cs=1]
              RenderInline {FONT} at (0,0) size 3x11
                RenderText {#text} at (0,0) size 3x11
                  text run at (0,0) width 3: " "
            RenderTableCell {TD} at (744,176) size 8x11 [bgcolor=#848788] [r=16 c=95 rs=1 cs=1]
              RenderInline {FONT} at (0,0) size 3x11
                RenderText {#text} at (0,0) size 3x11
                  text run at (0,0) width 3: " "
            RenderTableCell {TD} at (752,176) size 8x11 [bgcolor=#777878] [r=16 c=96 rs=1 cs=1]
              RenderInline {FONT} at (0,0) size 3x11
                RenderText {#text} at (0,0) size 3x11
                  text run at (0,0) width 3: " "
            RenderTableCell {TD} at (760,176) size 8x11 [bgcolor=#848788] [r=16 c=97 rs=1 cs=1]
              RenderInline {FONT} at (0,0) size 3x11
                RenderText {#text} at (0,0) size 3x11
                  text run at (0,0) width 3: " "
            RenderTableCell {TD} at (768,176) size 8x11 [bgcolor=#777878] [r=16 c=98 rs=1 cs=1]
              RenderInline {FONT} at (0,0) size 3x11
                RenderText {#text} at (0,0) size 3x11
                  text run at (0,0) width 3: " "
            RenderTableCell {TD} at (776,176) size 8x11 [bgcolor=#4D4F4F] [r=16 c=99 rs=1 cs=1]
              RenderInline {FONT} at (0,0) size 3x11
                RenderText {#text} at (0,0) size 3x11
                  text run at (0,0) width 3: " "
          RenderTableRow {TR} at (0,187) size 784x11
            RenderTableCell {TD} at (0,187) size 7x11 [bgcolor=#FDFDFB] [r=17 c=0 rs=1 cs=1]
              RenderInline {FONT} at (0,0) size 3x11
                RenderText {#text} at (0,0) size 3x11
                  text run at (0,0) width 3: " "
            RenderTableCell {TD} at (7,187) size 7x11 [bgcolor=#CADEDD] [r=17 c=1 rs=1 cs=1]
              RenderInline {FONT} at (0,0) size 3x11
                RenderText {#text} at (0,0) size 3x11
                  text run at (0,0) width 3: " "
            RenderTableCell {TD} at (14,187) size 7x11 [bgcolor=#1A6B6A] [r=17 c=2 rs=1 cs=1]
              RenderInline {FONT} at (0,0) size 3x11
                RenderText {#text} at (0,0) size 3x11
                  text run at (0,0) width 3: " "
            RenderTableCell {TD} at (21,187) size 7x11 [bgcolor=#1A5C5C] [r=17 c=3 rs=1 cs=1]
              RenderInline {FONT} at (0,0) size 3x11
                RenderText {#text} at (0,0) size 3x11
                  text run at (0,0) width 3: " "
            RenderTableCell {TD} at (28,187) size 7x11 [bgcolor=#647979] [r=17 c=4 rs=1 cs=1]
              RenderInline {FONT} at (0,0) size 3x11
                RenderText {#text} at (0,0) size 3x11
                  text run at (0,0) width 3: " "
            RenderTableCell {TD} at (35,187) size 7x11 [bgcolor=#939494] [r=17 c=5 rs=1 cs=1]
              RenderInline {FONT} at (0,0) size 3x11
                RenderText {#text} at (0,0) size 3x11
                  text run at (0,0) width 3: " "
            RenderTableCell {TD} at (42,187) size 7x11 [bgcolor=#A5A6A6] [r=17 c=6 rs=1 cs=1]
              RenderInline {FONT} at (0,0) size 3x11
                RenderText {#text} at (0,0) size 3x11
                  text run at (0,0) width 3: " "
            RenderTableCell {TD} at (49,187) size 7x11 [bgcolor=#A5A6A6] [r=17 c=7 rs=1 cs=1]
              RenderInline {FONT} at (0,0) size 3x11
                RenderText {#text} at (0,0) size 3x11
                  text run at (0,0) width 3: " "
            RenderTableCell {TD} at (56,187) size 7x11 [bgcolor=#A5A6A6] [r=17 c=8 rs=1 cs=1]
              RenderInline {FONT} at (0,0) size 3x11
                RenderText {#text} at (0,0) size 3x11
                  text run at (0,0) width 3: " "
            RenderTableCell {TD} at (63,187) size 7x11 [bgcolor=#91A3A3] [r=17 c=9 rs=1 cs=1]
              RenderInline {FONT} at (0,0) size 3x11
                RenderText {#text} at (0,0) size 3x11
                  text run at (0,0) width 3: " "
            RenderTableCell {TD} at (70,187) size 7x11 [bgcolor=#696A69] [r=17 c=10 rs=1 cs=1]
              RenderInline {FONT} at (0,0) size 3x11
                RenderText {#text} at (0,0) size 3x11
                  text run at (0,0) width 3: " "
            RenderTableCell {TD} at (77,187) size 7x11 [bgcolor=#1C2524] [r=17 c=11 rs=1 cs=1]
              RenderInline {FONT} at (0,0) size 3x11
                RenderText {#text} at (0,0) size 3x11
                  text run at (0,0) width 3: " "
            RenderTableCell {TD} at (84,187) size 7x11 [bgcolor=#083131] [r=17 c=12 rs=1 cs=1]
              RenderInline {FONT} at (0,0) size 3x11
                RenderText {#text} at (0,0) size 3x11
                  text run at (0,0) width 3: " "
            RenderTableCell {TD} at (91,187) size 7x11 [bgcolor=#044140] [r=17 c=13 rs=1 cs=1]
              RenderInline {FONT} at (0,0) size 3x11
                RenderText {#text} at (0,0) size 3x11
                  text run at (0,0) width 3: " "
            RenderTableCell {TD} at (98,187) size 7x11 [bgcolor=#223C3D] [r=17 c=14 rs=1 cs=1]
              RenderInline {FONT} at (0,0) size 3x11
                RenderText {#text} at (0,0) size 3x11
                  text run at (0,0) width 3: " "
            RenderTableCell {TD} at (105,187) size 7x11 [bgcolor=#777878] [r=17 c=15 rs=1 cs=1]
              RenderInline {FONT} at (0,0) size 3x11
                RenderText {#text} at (0,0) size 3x11
                  text run at (0,0) width 3: " "
            RenderTableCell {TD} at (112,187) size 8x11 [bgcolor=#939494] [r=17 c=16 rs=1 cs=1]
              RenderInline {FONT} at (0,0) size 3x11
                RenderText {#text} at (0,0) size 3x11
                  text run at (0,0) width 3: " "
            RenderTableCell {TD} at (120,187) size 8x11 [bgcolor=#848788] [r=17 c=17 rs=1 cs=1]
              RenderInline {FONT} at (0,0) size 3x11
                RenderText {#text} at (0,0) size 3x11
                  text run at (0,0) width 3: " "
            RenderTableCell {TD} at (128,187) size 8x11 [bgcolor=#2D3433] [r=17 c=18 rs=1 cs=1]
              RenderInline {FONT} at (0,0) size 3x11
                RenderText {#text} at (0,0) size 3x11
                  text run at (0,0) width 3: " "
            RenderTableCell {TD} at (136,187) size 8x11 [bgcolor=#1E7A79] [r=17 c=19 rs=1 cs=1]
              RenderInline {FONT} at (0,0) size 3x11
                RenderText {#text} at (0,0) size 3x11
                  text run at (0,0) width 3: " "
            RenderTableCell {TD} at (144,187) size 8x11 [bgcolor=#027777] [r=17 c=20 rs=1 cs=1]
              RenderInline {FONT} at (0,0) size 3x11
                RenderText {#text} at (0,0) size 3x11
                  text run at (0,0) width 3: " "
            RenderTableCell {TD} at (152,187) size 8x11 [bgcolor=#1A6B6A] [r=17 c=21 rs=1 cs=1]
              RenderInline {FONT} at (0,0) size 3x11
                RenderText {#text} at (0,0) size 3x11
                  text run at (0,0) width 3: " "
            RenderTableCell {TD} at (160,187) size 8x11 [bgcolor=#5A8787] [r=17 c=22 rs=1 cs=1]
              RenderInline {FONT} at (0,0) size 3x11
                RenderText {#text} at (0,0) size 3x11
                  text run at (0,0) width 3: " "
            RenderTableCell {TD} at (168,187) size 8x11 [bgcolor=#A5A6A6] [r=17 c=23 rs=1 cs=1]
              RenderInline {FONT} at (0,0) size 3x11
                RenderText {#text} at (0,0) size 3x11
                  text run at (0,0) width 3: " "
            RenderTableCell {TD} at (176,187) size 8x11 [bgcolor=#A5A6A6] [r=17 c=24 rs=1 cs=1]
              RenderInline {FONT} at (0,0) size 3x11
                RenderText {#text} at (0,0) size 3x11
                  text run at (0,0) width 3: " "
            RenderTableCell {TD} at (184,187) size 8x11 [bgcolor=#A5A6A6] [r=17 c=25 rs=1 cs=1]
              RenderInline {FONT} at (0,0) size 3x11
                RenderText {#text} at (0,0) size 3x11
                  text run at (0,0) width 3: " "
            RenderTableCell {TD} at (192,187) size 8x11 [bgcolor=#939494] [r=17 c=26 rs=1 cs=1]
              RenderInline {FONT} at (0,0) size 3x11
                RenderText {#text} at (0,0) size 3x11
                  text run at (0,0) width 3: " "
            RenderTableCell {TD} at (200,187) size 8x11 [bgcolor=#696A69] [r=17 c=27 rs=1 cs=1]
              RenderInline {FONT} at (0,0) size 3x11
                RenderText {#text} at (0,0) size 3x11
                  text run at (0,0) width 3: " "
            RenderTableCell {TD} at (208,187) size 8x11 [bgcolor=#072323] [r=17 c=28 rs=1 cs=1]
              RenderInline {FONT} at (0,0) size 3x11
                RenderText {#text} at (0,0) size 3x11
                  text run at (0,0) width 3: " "
            RenderTableCell {TD} at (216,187) size 8x11 [bgcolor=#083131] [r=17 c=29 rs=1 cs=1]
              RenderInline {FONT} at (0,0) size 3x11
                RenderText {#text} at (0,0) size 3x11
                  text run at (0,0) width 3: " "
            RenderTableCell {TD} at (224,187) size 8x11 [bgcolor=#647979] [r=17 c=30 rs=1 cs=1]
              RenderInline {FONT} at (0,0) size 3x11
                RenderText {#text} at (0,0) size 3x11
                  text run at (0,0) width 3: " "
            RenderTableCell {TD} at (232,187) size 8x11 [bgcolor=#939494] [r=17 c=31 rs=1 cs=1]
              RenderInline {FONT} at (0,0) size 3x11
                RenderText {#text} at (0,0) size 3x11
                  text run at (0,0) width 3: " "
            RenderTableCell {TD} at (240,187) size 8x11 [bgcolor=#939494] [r=17 c=32 rs=1 cs=1]
              RenderInline {FONT} at (0,0) size 3x11
                RenderText {#text} at (0,0) size 3x11
                  text run at (0,0) width 3: " "
            RenderTableCell {TD} at (248,187) size 8x11 [bgcolor=#3D4242] [r=17 c=33 rs=1 cs=1]
              RenderInline {FONT} at (0,0) size 3x11
                RenderText {#text} at (0,0) size 3x11
                  text run at (0,0) width 3: " "
            RenderTableCell {TD} at (256,187) size 8x11 [bgcolor=#777878] [r=17 c=34 rs=1 cs=1]
              RenderInline {FONT} at (0,0) size 3x11
                RenderText {#text} at (0,0) size 3x11
                  text run at (0,0) width 3: " "
            RenderTableCell {TD} at (264,187) size 8x11 [bgcolor=#848788] [r=17 c=35 rs=1 cs=1]
              RenderInline {FONT} at (0,0) size 3x11
                RenderText {#text} at (0,0) size 3x11
                  text run at (0,0) width 3: " "
            RenderTableCell {TD} at (272,187) size 8x11 [bgcolor=#447877] [r=17 c=36 rs=1 cs=1]
              RenderInline {FONT} at (0,0) size 3x11
                RenderText {#text} at (0,0) size 3x11
                  text run at (0,0) width 3: " "
            RenderTableCell {TD} at (280,187) size 8x11 [bgcolor=#7B918F] [r=17 c=37 rs=1 cs=1]
              RenderInline {FONT} at (0,0) size 3x11
                RenderText {#text} at (0,0) size 3x11
                  text run at (0,0) width 3: " "
            RenderTableCell {TD} at (288,187) size 8x11 [bgcolor=#A5A6A6] [r=17 c=38 rs=1 cs=1]
              RenderInline {FONT} at (0,0) size 3x11
                RenderText {#text} at (0,0) size 3x11
                  text run at (0,0) width 3: " "
            RenderTableCell {TD} at (296,187) size 8x11 [bgcolor=#A5A6A6] [r=17 c=39 rs=1 cs=1]
              RenderInline {FONT} at (0,0) size 3x11
                RenderText {#text} at (0,0) size 3x11
                  text run at (0,0) width 3: " "
            RenderTableCell {TD} at (304,187) size 8x11 [bgcolor=#A5A6A6] [r=17 c=40 rs=1 cs=1]
              RenderInline {FONT} at (0,0) size 3x11
                RenderText {#text} at (0,0) size 3x11
                  text run at (0,0) width 3: " "
            RenderTableCell {TD} at (312,187) size 8x11 [bgcolor=#A5A6A6] [r=17 c=41 rs=1 cs=1]
              RenderInline {FONT} at (0,0) size 3x11
                RenderText {#text} at (0,0) size 3x11
                  text run at (0,0) width 3: " "
            RenderTableCell {TD} at (320,187) size 8x11 [bgcolor=#848788] [r=17 c=42 rs=1 cs=1]
              RenderInline {FONT} at (0,0) size 3x11
                RenderText {#text} at (0,0) size 3x11
                  text run at (0,0) width 3: " "
            RenderTableCell {TD} at (328,187) size 8x11 [bgcolor=#344C4E] [r=17 c=43 rs=1 cs=1]
              RenderInline {FONT} at (0,0) size 3x11
                RenderText {#text} at (0,0) size 3x11
                  text run at (0,0) width 3: " "
            RenderTableCell {TD} at (336,187) size 8x11 [bgcolor=#072323] [r=17 c=44 rs=1 cs=1]
              RenderInline {FONT} at (0,0) size 3x11
                RenderText {#text} at (0,0) size 3x11
                  text run at (0,0) width 3: " "
            RenderTableCell {TD} at (344,187) size 8x11 [bgcolor=#044F4F] [r=17 c=45 rs=1 cs=1]
              RenderInline {FONT} at (0,0) size 3x11
                RenderText {#text} at (0,0) size 3x11
                  text run at (0,0) width 3: " "
            RenderTableCell {TD} at (352,187) size 8x11 [bgcolor=#026766] [r=17 c=46 rs=1 cs=1]
              RenderInline {FONT} at (0,0) size 3x11
                RenderText {#text} at (0,0) size 3x11
                  text run at (0,0) width 3: " "
            RenderTableCell {TD} at (360,187) size 8x11 [bgcolor=#026766] [r=17 c=47 rs=1 cs=1]
              RenderInline {FONT} at (0,0) size 3x11
                RenderText {#text} at (0,0) size 3x11
                  text run at (0,0) width 3: " "
            RenderTableCell {TD} at (368,187) size 8x11 [bgcolor=#589594] [r=17 c=48 rs=1 cs=1]
              RenderInline {FONT} at (0,0) size 3x11
                RenderText {#text} at (0,0) size 3x11
                  text run at (0,0) width 3: " "
            RenderTableCell {TD} at (376,187) size 8x11 [bgcolor=#848788] [r=17 c=49 rs=1 cs=1]
              RenderInline {FONT} at (0,0) size 3x11
                RenderText {#text} at (0,0) size 3x11
                  text run at (0,0) width 3: " "
            RenderTableCell {TD} at (384,187) size 8x11 [bgcolor=#344C4E] [r=17 c=50 rs=1 cs=1]
              RenderInline {FONT} at (0,0) size 3x11
                RenderText {#text} at (0,0) size 3x11
                  text run at (0,0) width 3: " "
            RenderTableCell {TD} at (392,187) size 8x11 [bgcolor=#083131] [r=17 c=51 rs=1 cs=1]
              RenderInline {FONT} at (0,0) size 3x11
                RenderText {#text} at (0,0) size 3x11
                  text run at (0,0) width 3: " "
            RenderTableCell {TD} at (400,187) size 8x11 [bgcolor=#3D4242] [r=17 c=52 rs=1 cs=1]
              RenderInline {FONT} at (0,0) size 3x11
                RenderText {#text} at (0,0) size 3x11
                  text run at (0,0) width 3: " "
            RenderTableCell {TD} at (408,187) size 8x11 [bgcolor=#696A69] [r=17 c=53 rs=1 cs=1]
              RenderInline {FONT} at (0,0) size 3x11
                RenderText {#text} at (0,0) size 3x11
                  text run at (0,0) width 3: " "
            RenderTableCell {TD} at (416,187) size 8x11 [bgcolor=#848788] [r=17 c=54 rs=1 cs=1]
              RenderInline {FONT} at (0,0) size 3x11
                RenderText {#text} at (0,0) size 3x11
                  text run at (0,0) width 3: " "
            RenderTableCell {TD} at (424,187) size 8x11 [bgcolor=#939494] [r=17 c=55 rs=1 cs=1]
              RenderInline {FONT} at (0,0) size 3x11
                RenderText {#text} at (0,0) size 3x11
                  text run at (0,0) width 3: " "
            RenderTableCell {TD} at (432,187) size 8x11 [bgcolor=#A5A6A6] [r=17 c=56 rs=1 cs=1]
              RenderInline {FONT} at (0,0) size 3x11
                RenderText {#text} at (0,0) size 3x11
                  text run at (0,0) width 3: " "
            RenderTableCell {TD} at (440,187) size 8x11 [bgcolor=#91A3A3] [r=17 c=57 rs=1 cs=1]
              RenderInline {FONT} at (0,0) size 3x11
                RenderText {#text} at (0,0) size 3x11
                  text run at (0,0) width 3: " "
            RenderTableCell {TD} at (448,187) size 8x11 [bgcolor=#848788] [r=17 c=58 rs=1 cs=1]
              RenderInline {FONT} at (0,0) size 3x11
                RenderText {#text} at (0,0) size 3x11
                  text run at (0,0) width 3: " "
            RenderTableCell {TD} at (456,187) size 8x11 [bgcolor=#3D4242] [r=17 c=59 rs=1 cs=1]
              RenderInline {FONT} at (0,0) size 3x11
                RenderText {#text} at (0,0) size 3x11
                  text run at (0,0) width 3: " "
            RenderTableCell {TD} at (464,187) size 8x11 [bgcolor=#848788] [r=17 c=60 rs=1 cs=1]
              RenderInline {FONT} at (0,0) size 3x11
                RenderText {#text} at (0,0) size 3x11
                  text run at (0,0) width 3: " "
            RenderTableCell {TD} at (472,187) size 8x11 [bgcolor=#026766] [r=17 c=61 rs=1 cs=1]
              RenderInline {FONT} at (0,0) size 3x11
                RenderText {#text} at (0,0) size 3x11
                  text run at (0,0) width 3: " "
            RenderTableCell {TD} at (480,187) size 8x11 [bgcolor=#026766] [r=17 c=62 rs=1 cs=1]
              RenderInline {FONT} at (0,0) size 3x11
                RenderText {#text} at (0,0) size 3x11
                  text run at (0,0) width 3: " "
            RenderTableCell {TD} at (488,187) size 8x11 [bgcolor=#025E5E] [r=17 c=63 rs=1 cs=1]
              RenderInline {FONT} at (0,0) size 3x11
                RenderText {#text} at (0,0) size 3x11
                  text run at (0,0) width 3: " "
            RenderTableCell {TD} at (496,187) size 8x11 [bgcolor=#526B6B] [r=17 c=64 rs=1 cs=1]
              RenderInline {FONT} at (0,0) size 3x11
                RenderText {#text} at (0,0) size 3x11
                  text run at (0,0) width 3: " "
            RenderTableCell {TD} at (504,187) size 8x11 [bgcolor=#939494] [r=17 c=65 rs=1 cs=1]
              RenderInline {FONT} at (0,0) size 3x11
                RenderText {#text} at (0,0) size 3x11
                  text run at (0,0) width 3: " "
            RenderTableCell {TD} at (512,187) size 8x11 [bgcolor=#A5A6A6] [r=17 c=66 rs=1 cs=1]
              RenderInline {FONT} at (0,0) size 3x11
                RenderText {#text} at (0,0) size 3x11
                  text run at (0,0) width 3: " "
            RenderTableCell {TD} at (520,187) size 8x11 [bgcolor=#A5A6A6] [r=17 c=67 rs=1 cs=1]
              RenderInline {FONT} at (0,0) size 3x11
                RenderText {#text} at (0,0) size 3x11
                  text run at (0,0) width 3: " "
            RenderTableCell {TD} at (528,187) size 8x11 [bgcolor=#A5A6A6] [r=17 c=68 rs=1 cs=1]
              RenderInline {FONT} at (0,0) size 3x11
                RenderText {#text} at (0,0) size 3x11
                  text run at (0,0) width 3: " "
            RenderTableCell {TD} at (536,187) size 8x11 [bgcolor=#696A69] [r=17 c=69 rs=1 cs=1]
              RenderInline {FONT} at (0,0) size 3x11
                RenderText {#text} at (0,0) size 3x11
                  text run at (0,0) width 3: " "
            RenderTableCell {TD} at (544,187) size 8x11 [bgcolor=#083131] [r=17 c=70 rs=1 cs=1]
              RenderInline {FONT} at (0,0) size 3x11
                RenderText {#text} at (0,0) size 3x11
                  text run at (0,0) width 3: " "
            RenderTableCell {TD} at (552,187) size 8x11 [bgcolor=#647979] [r=17 c=71 rs=1 cs=1]
              RenderInline {FONT} at (0,0) size 3x11
                RenderText {#text} at (0,0) size 3x11
                  text run at (0,0) width 3: " "
            RenderTableCell {TD} at (560,187) size 8x11 [bgcolor=#848788] [r=17 c=72 rs=1 cs=1]
              RenderInline {FONT} at (0,0) size 3x11
                RenderText {#text} at (0,0) size 3x11
                  text run at (0,0) width 3: " "
            RenderTableCell {TD} at (568,187) size 8x11 [bgcolor=#2D3433] [r=17 c=73 rs=1 cs=1]
              RenderInline {FONT} at (0,0) size 3x11
                RenderText {#text} at (0,0) size 3x11
                  text run at (0,0) width 3: " "
            RenderTableCell {TD} at (576,187) size 8x11 [bgcolor=#5E5F60] [r=17 c=74 rs=1 cs=1]
              RenderInline {FONT} at (0,0) size 3x11
                RenderText {#text} at (0,0) size 3x11
                  text run at (0,0) width 3: " "
            RenderTableCell {TD} at (584,187) size 8x11 [bgcolor=#848788] [r=17 c=75 rs=1 cs=1]
              RenderInline {FONT} at (0,0) size 3x11
                RenderText {#text} at (0,0) size 3x11
                  text run at (0,0) width 3: " "
            RenderTableCell {TD} at (592,187) size 8x11 [bgcolor=#939494] [r=17 c=76 rs=1 cs=1]
              RenderInline {FONT} at (0,0) size 3x11
                RenderText {#text} at (0,0) size 3x11
                  text run at (0,0) width 3: " "
            RenderTableCell {TD} at (600,187) size 8x11 [bgcolor=#848788] [r=17 c=77 rs=1 cs=1]
              RenderInline {FONT} at (0,0) size 3x11
                RenderText {#text} at (0,0) size 3x11
                  text run at (0,0) width 3: " "
            RenderTableCell {TD} at (608,187) size 8x11 [bgcolor=#527274] [r=17 c=78 rs=1 cs=1]
              RenderInline {FONT} at (0,0) size 3x11
                RenderText {#text} at (0,0) size 3x11
                  text run at (0,0) width 3: " "
            RenderTableCell {TD} at (616,187) size 8x11 [bgcolor=#7B918F] [r=17 c=79 rs=1 cs=1]
              RenderInline {FONT} at (0,0) size 3x11
                RenderText {#text} at (0,0) size 3x11
                  text run at (0,0) width 3: " "
            RenderTableCell {TD} at (624,187) size 8x11 [bgcolor=#A5A6A6] [r=17 c=80 rs=1 cs=1]
              RenderInline {FONT} at (0,0) size 3x11
                RenderText {#text} at (0,0) size 3x11
                  text run at (0,0) width 3: " "
            RenderTableCell {TD} at (632,187) size 8x11 [bgcolor=#A5A6A6] [r=17 c=81 rs=1 cs=1]
              RenderInline {FONT} at (0,0) size 3x11
                RenderText {#text} at (0,0) size 3x11
                  text run at (0,0) width 3: " "
            RenderTableCell {TD} at (640,187) size 8x11 [bgcolor=#A5A6A6] [r=17 c=82 rs=1 cs=1]
              RenderInline {FONT} at (0,0) size 3x11
                RenderText {#text} at (0,0) size 3x11
                  text run at (0,0) width 3: " "
            RenderTableCell {TD} at (648,187) size 8x11 [bgcolor=#939494] [r=17 c=83 rs=1 cs=1]
              RenderInline {FONT} at (0,0) size 3x11
                RenderText {#text} at (0,0) size 3x11
                  text run at (0,0) width 3: " "
            RenderTableCell {TD} at (656,187) size 8x11 [bgcolor=#5E5F60] [r=17 c=84 rs=1 cs=1]
              RenderInline {FONT} at (0,0) size 3x11
                RenderText {#text} at (0,0) size 3x11
                  text run at (0,0) width 3: " "
            RenderTableCell {TD} at (664,187) size 8x11 [bgcolor=#072323] [r=17 c=85 rs=1 cs=1]
              RenderInline {FONT} at (0,0) size 3x11
                RenderText {#text} at (0,0) size 3x11
                  text run at (0,0) width 3: " "
            RenderTableCell {TD} at (672,187) size 8x11 [bgcolor=#044140] [r=17 c=86 rs=1 cs=1]
              RenderInline {FONT} at (0,0) size 3x11
                RenderText {#text} at (0,0) size 3x11
                  text run at (0,0) width 3: " "
            RenderTableCell {TD} at (680,187) size 8x11 [bgcolor=#026766] [r=17 c=87 rs=1 cs=1]
              RenderInline {FONT} at (0,0) size 3x11
                RenderText {#text} at (0,0) size 3x11
                  text run at (0,0) width 3: " "
            RenderTableCell {TD} at (688,187) size 8x11 [bgcolor=#026766] [r=17 c=88 rs=1 cs=1]
              RenderInline {FONT} at (0,0) size 3x11
                RenderText {#text} at (0,0) size 3x11
                  text run at (0,0) width 3: " "
            RenderTableCell {TD} at (696,187) size 8x11 [bgcolor=#026766] [r=17 c=89 rs=1 cs=1]
              RenderInline {FONT} at (0,0) size 3x11
                RenderText {#text} at (0,0) size 3x11
                  text run at (0,0) width 3: " "
            RenderTableCell {TD} at (704,187) size 8x11 [bgcolor=#026766] [r=17 c=90 rs=1 cs=1]
              RenderInline {FONT} at (0,0) size 3x11
                RenderText {#text} at (0,0) size 3x11
                  text run at (0,0) width 3: " "
            RenderTableCell {TD} at (712,187) size 8x11 [bgcolor=#287A7A] [r=17 c=91 rs=1 cs=1]
              RenderInline {FONT} at (0,0) size 3x11
                RenderText {#text} at (0,0) size 3x11
                  text run at (0,0) width 3: " "
            RenderTableCell {TD} at (720,187) size 8x11 [bgcolor=#939494] [r=17 c=92 rs=1 cs=1]
              RenderInline {FONT} at (0,0) size 3x11
                RenderText {#text} at (0,0) size 3x11
                  text run at (0,0) width 3: " "
            RenderTableCell {TD} at (728,187) size 8x11 [bgcolor=#939494] [r=17 c=93 rs=1 cs=1]
              RenderInline {FONT} at (0,0) size 3x11
                RenderText {#text} at (0,0) size 3x11
                  text run at (0,0) width 3: " "
            RenderTableCell {TD} at (736,187) size 8x11 [bgcolor=#939494] [r=17 c=94 rs=1 cs=1]
              RenderInline {FONT} at (0,0) size 3x11
                RenderText {#text} at (0,0) size 3x11
                  text run at (0,0) width 3: " "
            RenderTableCell {TD} at (744,187) size 8x11 [bgcolor=#4D4F4F] [r=17 c=95 rs=1 cs=1]
              RenderInline {FONT} at (0,0) size 3x11
                RenderText {#text} at (0,0) size 3x11
                  text run at (0,0) width 3: " "
            RenderTableCell {TD} at (752,187) size 8x11 [bgcolor=#696A69] [r=17 c=96 rs=1 cs=1]
              RenderInline {FONT} at (0,0) size 3x11
                RenderText {#text} at (0,0) size 3x11
                  text run at (0,0) width 3: " "
            RenderTableCell {TD} at (760,187) size 8x11 [bgcolor=#848788] [r=17 c=97 rs=1 cs=1]
              RenderInline {FONT} at (0,0) size 3x11
                RenderText {#text} at (0,0) size 3x11
                  text run at (0,0) width 3: " "
            RenderTableCell {TD} at (768,187) size 8x11 [bgcolor=#777878] [r=17 c=98 rs=1 cs=1]
              RenderInline {FONT} at (0,0) size 3x11
                RenderText {#text} at (0,0) size 3x11
                  text run at (0,0) width 3: " "
            RenderTableCell {TD} at (776,187) size 8x11 [bgcolor=#4D4F4F] [r=17 c=99 rs=1 cs=1]
              RenderInline {FONT} at (0,0) size 3x11
                RenderText {#text} at (0,0) size 3x11
                  text run at (0,0) width 3: " "
          RenderTableRow {TR} at (0,198) size 784x11
            RenderTableCell {TD} at (0,198) size 7x11 [bgcolor=#FDFDFB] [r=18 c=0 rs=1 cs=1]
              RenderInline {FONT} at (0,0) size 3x11
                RenderText {#text} at (0,0) size 3x11
                  text run at (0,0) width 3: " "
            RenderTableCell {TD} at (7,198) size 7x11 [bgcolor=#EDEEEF] [r=18 c=1 rs=1 cs=1]
              RenderInline {FONT} at (0,0) size 3x11
                RenderText {#text} at (0,0) size 3x11
                  text run at (0,0) width 3: " "
            RenderTableCell {TD} at (14,198) size 7x11 [bgcolor=#7CAEAF] [r=18 c=2 rs=1 cs=1]
              RenderInline {FONT} at (0,0) size 3x11
                RenderText {#text} at (0,0) size 3x11
                  text run at (0,0) width 3: " "
            RenderTableCell {TD} at (21,198) size 7x11 [bgcolor=#025E5E] [r=18 c=3 rs=1 cs=1]
              RenderInline {FONT} at (0,0) size 3x11
                RenderText {#text} at (0,0) size 3x11
                  text run at (0,0) width 3: " "
            RenderTableCell {TD} at (28,198) size 7x11 [bgcolor=#025E5E] [r=18 c=4 rs=1 cs=1]
              RenderInline {FONT} at (0,0) size 3x11
                RenderText {#text} at (0,0) size 3x11
                  text run at (0,0) width 3: " "
            RenderTableCell {TD} at (35,198) size 7x11 [bgcolor=#044F4F] [r=18 c=5 rs=1 cs=1]
              RenderInline {FONT} at (0,0) size 3x11
                RenderText {#text} at (0,0) size 3x11
                  text run at (0,0) width 3: " "
            RenderTableCell {TD} at (42,198) size 7x11 [bgcolor=#044F4F] [r=18 c=6 rs=1 cs=1]
              RenderInline {FONT} at (0,0) size 3x11
                RenderText {#text} at (0,0) size 3x11
                  text run at (0,0) width 3: " "
            RenderTableCell {TD} at (49,198) size 7x11 [bgcolor=#044F4F] [r=18 c=7 rs=1 cs=1]
              RenderInline {FONT} at (0,0) size 3x11
                RenderText {#text} at (0,0) size 3x11
                  text run at (0,0) width 3: " "
            RenderTableCell {TD} at (56,198) size 7x11 [bgcolor=#044F4F] [r=18 c=8 rs=1 cs=1]
              RenderInline {FONT} at (0,0) size 3x11
                RenderText {#text} at (0,0) size 3x11
                  text run at (0,0) width 3: " "
            RenderTableCell {TD} at (63,198) size 7x11 [bgcolor=#044F4F] [r=18 c=9 rs=1 cs=1]
              RenderInline {FONT} at (0,0) size 3x11
                RenderText {#text} at (0,0) size 3x11
                  text run at (0,0) width 3: " "
            RenderTableCell {TD} at (70,198) size 7x11 [bgcolor=#044F4F] [r=18 c=10 rs=1 cs=1]
              RenderInline {FONT} at (0,0) size 3x11
                RenderText {#text} at (0,0) size 3x11
                  text run at (0,0) width 3: " "
            RenderTableCell {TD} at (77,198) size 7x11 [bgcolor=#025E5E] [r=18 c=11 rs=1 cs=1]
              RenderInline {FONT} at (0,0) size 3x11
                RenderText {#text} at (0,0) size 3x11
                  text run at (0,0) width 3: " "
            RenderTableCell {TD} at (84,198) size 7x11 [bgcolor=#025E5E] [r=18 c=12 rs=1 cs=1]
              RenderInline {FONT} at (0,0) size 3x11
                RenderText {#text} at (0,0) size 3x11
                  text run at (0,0) width 3: " "
            RenderTableCell {TD} at (91,198) size 7x11 [bgcolor=#044140] [r=18 c=13 rs=1 cs=1]
              RenderInline {FONT} at (0,0) size 3x11
                RenderText {#text} at (0,0) size 3x11
                  text run at (0,0) width 3: " "
            RenderTableCell {TD} at (98,198) size 7x11 [bgcolor=#223C3D] [r=18 c=14 rs=1 cs=1]
              RenderInline {FONT} at (0,0) size 3x11
                RenderText {#text} at (0,0) size 3x11
                  text run at (0,0) width 3: " "
            RenderTableCell {TD} at (105,198) size 7x11 [bgcolor=#515C5B] [r=18 c=15 rs=1 cs=1]
              RenderInline {FONT} at (0,0) size 3x11
                RenderText {#text} at (0,0) size 3x11
                  text run at (0,0) width 3: " "
            RenderTableCell {TD} at (112,198) size 8x11 [bgcolor=#696A69] [r=18 c=16 rs=1 cs=1]
              RenderInline {FONT} at (0,0) size 3x11
                RenderText {#text} at (0,0) size 3x11
                  text run at (0,0) width 3: " "
            RenderTableCell {TD} at (120,198) size 8x11 [bgcolor=#777878] [r=18 c=17 rs=1 cs=1]
              RenderInline {FONT} at (0,0) size 3x11
                RenderText {#text} at (0,0) size 3x11
                  text run at (0,0) width 3: " "
            RenderTableCell {TD} at (128,198) size 8x11 [bgcolor=#777878] [r=18 c=18 rs=1 cs=1]
              RenderInline {FONT} at (0,0) size 3x11
                RenderText {#text} at (0,0) size 3x11
                  text run at (0,0) width 3: " "
            RenderTableCell {TD} at (136,198) size 8x11 [bgcolor=#1E7A79] [r=18 c=19 rs=1 cs=1]
              RenderInline {FONT} at (0,0) size 3x11
                RenderText {#text} at (0,0) size 3x11
                  text run at (0,0) width 3: " "
            RenderTableCell {TD} at (144,198) size 8x11 [bgcolor=#027777] [r=18 c=20 rs=1 cs=1]
              RenderInline {FONT} at (0,0) size 3x11
                RenderText {#text} at (0,0) size 3x11
                  text run at (0,0) width 3: " "
            RenderTableCell {TD} at (152,198) size 8x11 [bgcolor=#026766] [r=18 c=21 rs=1 cs=1]
              RenderInline {FONT} at (0,0) size 3x11
                RenderText {#text} at (0,0) size 3x11
                  text run at (0,0) width 3: " "
            RenderTableCell {TD} at (160,198) size 8x11 [bgcolor=#025E5E] [r=18 c=22 rs=1 cs=1]
              RenderInline {FONT} at (0,0) size 3x11
                RenderText {#text} at (0,0) size 3x11
                  text run at (0,0) width 3: " "
            RenderTableCell {TD} at (168,198) size 8x11 [bgcolor=#044F4F] [r=18 c=23 rs=1 cs=1]
              RenderInline {FONT} at (0,0) size 3x11
                RenderText {#text} at (0,0) size 3x11
                  text run at (0,0) width 3: " "
            RenderTableCell {TD} at (176,198) size 8x11 [bgcolor=#044F4F] [r=18 c=24 rs=1 cs=1]
              RenderInline {FONT} at (0,0) size 3x11
                RenderText {#text} at (0,0) size 3x11
                  text run at (0,0) width 3: " "
            RenderTableCell {TD} at (184,198) size 8x11 [bgcolor=#044F4F] [r=18 c=25 rs=1 cs=1]
              RenderInline {FONT} at (0,0) size 3x11
                RenderText {#text} at (0,0) size 3x11
                  text run at (0,0) width 3: " "
            RenderTableCell {TD} at (192,198) size 8x11 [bgcolor=#044140] [r=18 c=26 rs=1 cs=1]
              RenderInline {FONT} at (0,0) size 3x11
                RenderText {#text} at (0,0) size 3x11
                  text run at (0,0) width 3: " "
            RenderTableCell {TD} at (200,198) size 8x11 [bgcolor=#044F4F] [r=18 c=27 rs=1 cs=1]
              RenderInline {FONT} at (0,0) size 3x11
                RenderText {#text} at (0,0) size 3x11
                  text run at (0,0) width 3: " "
            RenderTableCell {TD} at (208,198) size 8x11 [bgcolor=#044F4F] [r=18 c=28 rs=1 cs=1]
              RenderInline {FONT} at (0,0) size 3x11
                RenderText {#text} at (0,0) size 3x11
                  text run at (0,0) width 3: " "
            RenderTableCell {TD} at (216,198) size 8x11 [bgcolor=#044140] [r=18 c=29 rs=1 cs=1]
              RenderInline {FONT} at (0,0) size 3x11
                RenderText {#text} at (0,0) size 3x11
                  text run at (0,0) width 3: " "
            RenderTableCell {TD} at (224,198) size 8x11 [bgcolor=#072323] [r=18 c=30 rs=1 cs=1]
              RenderInline {FONT} at (0,0) size 3x11
                RenderText {#text} at (0,0) size 3x11
                  text run at (0,0) width 3: " "
            RenderTableCell {TD} at (232,198) size 8x11 [bgcolor=#2D3433] [r=18 c=31 rs=1 cs=1]
              RenderInline {FONT} at (0,0) size 3x11
                RenderText {#text} at (0,0) size 3x11
                  text run at (0,0) width 3: " "
            RenderTableCell {TD} at (240,198) size 8x11 [bgcolor=#3D4242] [r=18 c=32 rs=1 cs=1]
              RenderInline {FONT} at (0,0) size 3x11
                RenderText {#text} at (0,0) size 3x11
                  text run at (0,0) width 3: " "
            RenderTableCell {TD} at (248,198) size 8x11 [bgcolor=#696A69] [r=18 c=33 rs=1 cs=1]
              RenderInline {FONT} at (0,0) size 3x11
                RenderText {#text} at (0,0) size 3x11
                  text run at (0,0) width 3: " "
            RenderTableCell {TD} at (256,198) size 8x11 [bgcolor=#848788] [r=18 c=34 rs=1 cs=1]
              RenderInline {FONT} at (0,0) size 3x11
                RenderText {#text} at (0,0) size 3x11
                  text run at (0,0) width 3: " "
            RenderTableCell {TD} at (264,198) size 8x11 [bgcolor=#848788] [r=18 c=35 rs=1 cs=1]
              RenderInline {FONT} at (0,0) size 3x11
                RenderText {#text} at (0,0) size 3x11
                  text run at (0,0) width 3: " "
            RenderTableCell {TD} at (272,198) size 8x11 [bgcolor=#027777] [r=18 c=36 rs=1 cs=1]
              RenderInline {FONT} at (0,0) size 3x11
                RenderText {#text} at (0,0) size 3x11
                  text run at (0,0) width 3: " "
            RenderTableCell {TD} at (280,198) size 8x11 [bgcolor=#026766] [r=18 c=37 rs=1 cs=1]
              RenderInline {FONT} at (0,0) size 3x11
                RenderText {#text} at (0,0) size 3x11
                  text run at (0,0) width 3: " "
            RenderTableCell {TD} at (288,198) size 8x11 [bgcolor=#025E5E] [r=18 c=38 rs=1 cs=1]
              RenderInline {FONT} at (0,0) size 3x11
                RenderText {#text} at (0,0) size 3x11
                  text run at (0,0) width 3: " "
            RenderTableCell {TD} at (296,198) size 8x11 [bgcolor=#044F4F] [r=18 c=39 rs=1 cs=1]
              RenderInline {FONT} at (0,0) size 3x11
                RenderText {#text} at (0,0) size 3x11
                  text run at (0,0) width 3: " "
            RenderTableCell {TD} at (304,198) size 8x11 [bgcolor=#044F4F] [r=18 c=40 rs=1 cs=1]
              RenderInline {FONT} at (0,0) size 3x11
                RenderText {#text} at (0,0) size 3x11
                  text run at (0,0) width 3: " "
            RenderTableCell {TD} at (312,198) size 8x11 [bgcolor=#044F4F] [r=18 c=41 rs=1 cs=1]
              RenderInline {FONT} at (0,0) size 3x11
                RenderText {#text} at (0,0) size 3x11
                  text run at (0,0) width 3: " "
            RenderTableCell {TD} at (320,198) size 8x11 [bgcolor=#044F4F] [r=18 c=42 rs=1 cs=1]
              RenderInline {FONT} at (0,0) size 3x11
                RenderText {#text} at (0,0) size 3x11
                  text run at (0,0) width 3: " "
            RenderTableCell {TD} at (328,198) size 8x11 [bgcolor=#044F4F] [r=18 c=43 rs=1 cs=1]
              RenderInline {FONT} at (0,0) size 3x11
                RenderText {#text} at (0,0) size 3x11
                  text run at (0,0) width 3: " "
            RenderTableCell {TD} at (336,198) size 8x11 [bgcolor=#025E5E] [r=18 c=44 rs=1 cs=1]
              RenderInline {FONT} at (0,0) size 3x11
                RenderText {#text} at (0,0) size 3x11
                  text run at (0,0) width 3: " "
            RenderTableCell {TD} at (344,198) size 8x11 [bgcolor=#026766] [r=18 c=45 rs=1 cs=1]
              RenderInline {FONT} at (0,0) size 3x11
                RenderText {#text} at (0,0) size 3x11
                  text run at (0,0) width 3: " "
            RenderTableCell {TD} at (352,198) size 8x11 [bgcolor=#026766] [r=18 c=46 rs=1 cs=1]
              RenderInline {FONT} at (0,0) size 3x11
                RenderText {#text} at (0,0) size 3x11
                  text run at (0,0) width 3: " "
            RenderTableCell {TD} at (360,198) size 8x11 [bgcolor=#026766] [r=18 c=47 rs=1 cs=1]
              RenderInline {FONT} at (0,0) size 3x11
                RenderText {#text} at (0,0) size 3x11
                  text run at (0,0) width 3: " "
            RenderTableCell {TD} at (368,198) size 8x11 [bgcolor=#025E5E] [r=18 c=48 rs=1 cs=1]
              RenderInline {FONT} at (0,0) size 3x11
                RenderText {#text} at (0,0) size 3x11
                  text run at (0,0) width 3: " "
            RenderTableCell {TD} at (376,198) size 8x11 [bgcolor=#044F4F] [r=18 c=49 rs=1 cs=1]
              RenderInline {FONT} at (0,0) size 3x11
                RenderText {#text} at (0,0) size 3x11
                  text run at (0,0) width 3: " "
            RenderTableCell {TD} at (384,198) size 8x11 [bgcolor=#044140] [r=18 c=50 rs=1 cs=1]
              RenderInline {FONT} at (0,0) size 3x11
                RenderText {#text} at (0,0) size 3x11
                  text run at (0,0) width 3: " "
            RenderTableCell {TD} at (392,198) size 8x11 [bgcolor=#083131] [r=18 c=51 rs=1 cs=1]
              RenderInline {FONT} at (0,0) size 3x11
                RenderText {#text} at (0,0) size 3x11
                  text run at (0,0) width 3: " "
            RenderTableCell {TD} at (400,198) size 8x11 [bgcolor=#3D4242] [r=18 c=52 rs=1 cs=1]
              RenderInline {FONT} at (0,0) size 3x11
                RenderText {#text} at (0,0) size 3x11
                  text run at (0,0) width 3: " "
            RenderTableCell {TD} at (408,198) size 8x11 [bgcolor=#696A69] [r=18 c=53 rs=1 cs=1]
              RenderInline {FONT} at (0,0) size 3x11
                RenderText {#text} at (0,0) size 3x11
                  text run at (0,0) width 3: " "
            RenderTableCell {TD} at (416,198) size 8x11 [bgcolor=#848788] [r=18 c=54 rs=1 cs=1]
              RenderInline {FONT} at (0,0) size 3x11
                RenderText {#text} at (0,0) size 3x11
                  text run at (0,0) width 3: " "
            RenderTableCell {TD} at (424,198) size 8x11 [bgcolor=#939494] [r=18 c=55 rs=1 cs=1]
              RenderInline {FONT} at (0,0) size 3x11
                RenderText {#text} at (0,0) size 3x11
                  text run at (0,0) width 3: " "
            RenderTableCell {TD} at (432,198) size 8x11 [bgcolor=#939494] [r=18 c=56 rs=1 cs=1]
              RenderInline {FONT} at (0,0) size 3x11
                RenderText {#text} at (0,0) size 3x11
                  text run at (0,0) width 3: " "
            RenderTableCell {TD} at (440,198) size 8x11 [bgcolor=#848788] [r=18 c=57 rs=1 cs=1]
              RenderInline {FONT} at (0,0) size 3x11
                RenderText {#text} at (0,0) size 3x11
                  text run at (0,0) width 3: " "
            RenderTableCell {TD} at (448,198) size 8x11 [bgcolor=#777878] [r=18 c=58 rs=1 cs=1]
              RenderInline {FONT} at (0,0) size 3x11
                RenderText {#text} at (0,0) size 3x11
                  text run at (0,0) width 3: " "
            RenderTableCell {TD} at (456,198) size 8x11 [bgcolor=#848788] [r=18 c=59 rs=1 cs=1]
              RenderInline {FONT} at (0,0) size 3x11
                RenderText {#text} at (0,0) size 3x11
                  text run at (0,0) width 3: " "
            RenderTableCell {TD} at (464,198) size 8x11 [bgcolor=#848788] [r=18 c=60 rs=1 cs=1]
              RenderInline {FONT} at (0,0) size 3x11
                RenderText {#text} at (0,0) size 3x11
                  text run at (0,0) width 3: " "
            RenderTableCell {TD} at (472,198) size 8x11 [bgcolor=#1A6B6A] [r=18 c=61 rs=1 cs=1]
              RenderInline {FONT} at (0,0) size 3x11
                RenderText {#text} at (0,0) size 3x11
                  text run at (0,0) width 3: " "
            RenderTableCell {TD} at (480,198) size 8x11 [bgcolor=#026766] [r=18 c=62 rs=1 cs=1]
              RenderInline {FONT} at (0,0) size 3x11
                RenderText {#text} at (0,0) size 3x11
                  text run at (0,0) width 3: " "
            RenderTableCell {TD} at (488,198) size 8x11 [bgcolor=#026766] [r=18 c=63 rs=1 cs=1]
              RenderInline {FONT} at (0,0) size 3x11
                RenderText {#text} at (0,0) size 3x11
                  text run at (0,0) width 3: " "
            RenderTableCell {TD} at (496,198) size 8x11 [bgcolor=#025E5E] [r=18 c=64 rs=1 cs=1]
              RenderInline {FONT} at (0,0) size 3x11
                RenderText {#text} at (0,0) size 3x11
                  text run at (0,0) width 3: " "
            RenderTableCell {TD} at (504,198) size 8x11 [bgcolor=#044F4F] [r=18 c=65 rs=1 cs=1]
              RenderInline {FONT} at (0,0) size 3x11
                RenderText {#text} at (0,0) size 3x11
                  text run at (0,0) width 3: " "
            RenderTableCell {TD} at (512,198) size 8x11 [bgcolor=#044F4F] [r=18 c=66 rs=1 cs=1]
              RenderInline {FONT} at (0,0) size 3x11
                RenderText {#text} at (0,0) size 3x11
                  text run at (0,0) width 3: " "
            RenderTableCell {TD} at (520,198) size 8x11 [bgcolor=#044F4F] [r=18 c=67 rs=1 cs=1]
              RenderInline {FONT} at (0,0) size 3x11
                RenderText {#text} at (0,0) size 3x11
                  text run at (0,0) width 3: " "
            RenderTableCell {TD} at (528,198) size 8x11 [bgcolor=#044F4F] [r=18 c=68 rs=1 cs=1]
              RenderInline {FONT} at (0,0) size 3x11
                RenderText {#text} at (0,0) size 3x11
                  text run at (0,0) width 3: " "
            RenderTableCell {TD} at (536,198) size 8x11 [bgcolor=#044F4F] [r=18 c=69 rs=1 cs=1]
              RenderInline {FONT} at (0,0) size 3x11
                RenderText {#text} at (0,0) size 3x11
                  text run at (0,0) width 3: " "
            RenderTableCell {TD} at (544,198) size 8x11 [bgcolor=#025E5E] [r=18 c=70 rs=1 cs=1]
              RenderInline {FONT} at (0,0) size 3x11
                RenderText {#text} at (0,0) size 3x11
                  text run at (0,0) width 3: " "
            RenderTableCell {TD} at (552,198) size 8x11 [bgcolor=#025E5E] [r=18 c=71 rs=1 cs=1]
              RenderInline {FONT} at (0,0) size 3x11
                RenderText {#text} at (0,0) size 3x11
                  text run at (0,0) width 3: " "
            RenderTableCell {TD} at (560,198) size 8x11 [bgcolor=#044140] [r=18 c=72 rs=1 cs=1]
              RenderInline {FONT} at (0,0) size 3x11
                RenderText {#text} at (0,0) size 3x11
                  text run at (0,0) width 3: " "
            RenderTableCell {TD} at (568,198) size 8x11 [bgcolor=#223C3D] [r=18 c=73 rs=1 cs=1]
              RenderInline {FONT} at (0,0) size 3x11
                RenderText {#text} at (0,0) size 3x11
                  text run at (0,0) width 3: " "
            RenderTableCell {TD} at (576,198) size 8x11 [bgcolor=#5E5F60] [r=18 c=74 rs=1 cs=1]
              RenderInline {FONT} at (0,0) size 3x11
                RenderText {#text} at (0,0) size 3x11
                  text run at (0,0) width 3: " "
            RenderTableCell {TD} at (584,198) size 8x11 [bgcolor=#777878] [r=18 c=75 rs=1 cs=1]
              RenderInline {FONT} at (0,0) size 3x11
                RenderText {#text} at (0,0) size 3x11
                  text run at (0,0) width 3: " "
            RenderTableCell {TD} at (592,198) size 8x11 [bgcolor=#939494] [r=18 c=76 rs=1 cs=1]
              RenderInline {FONT} at (0,0) size 3x11
                RenderText {#text} at (0,0) size 3x11
                  text run at (0,0) width 3: " "
            RenderTableCell {TD} at (600,198) size 8x11 [bgcolor=#939494] [r=18 c=77 rs=1 cs=1]
              RenderInline {FONT} at (0,0) size 3x11
                RenderText {#text} at (0,0) size 3x11
                  text run at (0,0) width 3: " "
            RenderTableCell {TD} at (608,198) size 8x11 [bgcolor=#1B8685] [r=18 c=78 rs=1 cs=1]
              RenderInline {FONT} at (0,0) size 3x11
                RenderText {#text} at (0,0) size 3x11
                  text run at (0,0) width 3: " "
            RenderTableCell {TD} at (616,198) size 8x11 [bgcolor=#026766] [r=18 c=79 rs=1 cs=1]
              RenderInline {FONT} at (0,0) size 3x11
                RenderText {#text} at (0,0) size 3x11
                  text run at (0,0) width 3: " "
            RenderTableCell {TD} at (624,198) size 8x11 [bgcolor=#025E5E] [r=18 c=80 rs=1 cs=1]
              RenderInline {FONT} at (0,0) size 3x11
                RenderText {#text} at (0,0) size 3x11
                  text run at (0,0) width 3: " "
            RenderTableCell {TD} at (632,198) size 8x11 [bgcolor=#044F4F] [r=18 c=81 rs=1 cs=1]
              RenderInline {FONT} at (0,0) size 3x11
                RenderText {#text} at (0,0) size 3x11
                  text run at (0,0) width 3: " "
            RenderTableCell {TD} at (640,198) size 8x11 [bgcolor=#044F4F] [r=18 c=82 rs=1 cs=1]
              RenderInline {FONT} at (0,0) size 3x11
                RenderText {#text} at (0,0) size 3x11
                  text run at (0,0) width 3: " "
            RenderTableCell {TD} at (648,198) size 8x11 [bgcolor=#044F4F] [r=18 c=83 rs=1 cs=1]
              RenderInline {FONT} at (0,0) size 3x11
                RenderText {#text} at (0,0) size 3x11
                  text run at (0,0) width 3: " "
            RenderTableCell {TD} at (656,198) size 8x11 [bgcolor=#044F4F] [r=18 c=84 rs=1 cs=1]
              RenderInline {FONT} at (0,0) size 3x11
                RenderText {#text} at (0,0) size 3x11
                  text run at (0,0) width 3: " "
            RenderTableCell {TD} at (664,198) size 8x11 [bgcolor=#025E5E] [r=18 c=85 rs=1 cs=1]
              RenderInline {FONT} at (0,0) size 3x11
                RenderText {#text} at (0,0) size 3x11
                  text run at (0,0) width 3: " "
            RenderTableCell {TD} at (672,198) size 8x11 [bgcolor=#026766] [r=18 c=86 rs=1 cs=1]
              RenderInline {FONT} at (0,0) size 3x11
                RenderText {#text} at (0,0) size 3x11
                  text run at (0,0) width 3: " "
            RenderTableCell {TD} at (680,198) size 8x11 [bgcolor=#026766] [r=18 c=87 rs=1 cs=1]
              RenderInline {FONT} at (0,0) size 3x11
                RenderText {#text} at (0,0) size 3x11
                  text run at (0,0) width 3: " "
            RenderTableCell {TD} at (688,198) size 8x11 [bgcolor=#026766] [r=18 c=88 rs=1 cs=1]
              RenderInline {FONT} at (0,0) size 3x11
                RenderText {#text} at (0,0) size 3x11
                  text run at (0,0) width 3: " "
            RenderTableCell {TD} at (696,198) size 8x11 [bgcolor=#026766] [r=18 c=89 rs=1 cs=1]
              RenderInline {FONT} at (0,0) size 3x11
                RenderText {#text} at (0,0) size 3x11
                  text run at (0,0) width 3: " "
            RenderTableCell {TD} at (704,198) size 8x11 [bgcolor=#026766] [r=18 c=90 rs=1 cs=1]
              RenderInline {FONT} at (0,0) size 3x11
                RenderText {#text} at (0,0) size 3x11
                  text run at (0,0) width 3: " "
            RenderTableCell {TD} at (712,198) size 8x11 [bgcolor=#025E5E] [r=18 c=91 rs=1 cs=1]
              RenderInline {FONT} at (0,0) size 3x11
                RenderText {#text} at (0,0) size 3x11
                  text run at (0,0) width 3: " "
            RenderTableCell {TD} at (720,198) size 8x11 [bgcolor=#044F4F] [r=18 c=92 rs=1 cs=1]
              RenderInline {FONT} at (0,0) size 3x11
                RenderText {#text} at (0,0) size 3x11
                  text run at (0,0) width 3: " "
            RenderTableCell {TD} at (728,198) size 8x11 [bgcolor=#083131] [r=18 c=93 rs=1 cs=1]
              RenderInline {FONT} at (0,0) size 3x11
                RenderText {#text} at (0,0) size 3x11
                  text run at (0,0) width 3: " "
            RenderTableCell {TD} at (736,198) size 8x11 [bgcolor=#1C2524] [r=18 c=94 rs=1 cs=1]
              RenderInline {FONT} at (0,0) size 3x11
                RenderText {#text} at (0,0) size 3x11
                  text run at (0,0) width 3: " "
            RenderTableCell {TD} at (744,198) size 8x11 [bgcolor=#4D4F4F] [r=18 c=95 rs=1 cs=1]
              RenderInline {FONT} at (0,0) size 3x11
                RenderText {#text} at (0,0) size 3x11
                  text run at (0,0) width 3: " "
            RenderTableCell {TD} at (752,198) size 8x11 [bgcolor=#777878] [r=18 c=96 rs=1 cs=1]
              RenderInline {FONT} at (0,0) size 3x11
                RenderText {#text} at (0,0) size 3x11
                  text run at (0,0) width 3: " "
            RenderTableCell {TD} at (760,198) size 8x11 [bgcolor=#848788] [r=18 c=97 rs=1 cs=1]
              RenderInline {FONT} at (0,0) size 3x11
                RenderText {#text} at (0,0) size 3x11
                  text run at (0,0) width 3: " "
            RenderTableCell {TD} at (768,198) size 8x11 [bgcolor=#777878] [r=18 c=98 rs=1 cs=1]
              RenderInline {FONT} at (0,0) size 3x11
                RenderText {#text} at (0,0) size 3x11
                  text run at (0,0) width 3: " "
            RenderTableCell {TD} at (776,198) size 8x11 [bgcolor=#4D4F4F] [r=18 c=99 rs=1 cs=1]
              RenderInline {FONT} at (0,0) size 3x11
                RenderText {#text} at (0,0) size 3x11
                  text run at (0,0) width 3: " "
          RenderTableRow {TR} at (0,209) size 784x11
            RenderTableCell {TD} at (0,209) size 7x11 [bgcolor=#FDFDFB] [r=19 c=0 rs=1 cs=1]
              RenderInline {FONT} at (0,0) size 3x11
                RenderText {#text} at (0,0) size 3x11
                  text run at (0,0) width 3: " "
            RenderTableCell {TD} at (7,209) size 7x11 [bgcolor=#FDFDFB] [r=19 c=1 rs=1 cs=1]
              RenderInline {FONT} at (0,0) size 3x11
                RenderText {#text} at (0,0) size 3x11
                  text run at (0,0) width 3: " "
            RenderTableCell {TD} at (14,209) size 7x11 [bgcolor=#DEDFDF] [r=19 c=2 rs=1 cs=1]
              RenderInline {FONT} at (0,0) size 3x11
                RenderText {#text} at (0,0) size 3x11
                  text run at (0,0) width 3: " "
            RenderTableCell {TD} at (21,209) size 7x11 [bgcolor=#5A8787] [r=19 c=3 rs=1 cs=1]
              RenderInline {FONT} at (0,0) size 3x11
                RenderText {#text} at (0,0) size 3x11
                  text run at (0,0) width 3: " "
            RenderTableCell {TD} at (28,209) size 7x11 [bgcolor=#025E5E] [r=19 c=4 rs=1 cs=1]
              RenderInline {FONT} at (0,0) size 3x11
                RenderText {#text} at (0,0) size 3x11
                  text run at (0,0) width 3: " "
            RenderTableCell {TD} at (35,209) size 7x11 [bgcolor=#025E5E] [r=19 c=5 rs=1 cs=1]
              RenderInline {FONT} at (0,0) size 3x11
                RenderText {#text} at (0,0) size 3x11
                  text run at (0,0) width 3: " "
            RenderTableCell {TD} at (42,209) size 7x11 [bgcolor=#025E5E] [r=19 c=6 rs=1 cs=1]
              RenderInline {FONT} at (0,0) size 3x11
                RenderText {#text} at (0,0) size 3x11
                  text run at (0,0) width 3: " "
            RenderTableCell {TD} at (49,209) size 7x11 [bgcolor=#026766] [r=19 c=7 rs=1 cs=1]
              RenderInline {FONT} at (0,0) size 3x11
                RenderText {#text} at (0,0) size 3x11
                  text run at (0,0) width 3: " "
            RenderTableCell {TD} at (56,209) size 7x11 [bgcolor=#026766] [r=19 c=8 rs=1 cs=1]
              RenderInline {FONT} at (0,0) size 3x11
                RenderText {#text} at (0,0) size 3x11
                  text run at (0,0) width 3: " "
            RenderTableCell {TD} at (63,209) size 7x11 [bgcolor=#026766] [r=19 c=9 rs=1 cs=1]
              RenderInline {FONT} at (0,0) size 3x11
                RenderText {#text} at (0,0) size 3x11
                  text run at (0,0) width 3: " "
            RenderTableCell {TD} at (70,209) size 7x11 [bgcolor=#026766] [r=19 c=10 rs=1 cs=1]
              RenderInline {FONT} at (0,0) size 3x11
                RenderText {#text} at (0,0) size 3x11
                  text run at (0,0) width 3: " "
            RenderTableCell {TD} at (77,209) size 7x11 [bgcolor=#025E5E] [r=19 c=11 rs=1 cs=1]
              RenderInline {FONT} at (0,0) size 3x11
                RenderText {#text} at (0,0) size 3x11
                  text run at (0,0) width 3: " "
            RenderTableCell {TD} at (84,209) size 7x11 [bgcolor=#025E5E] [r=19 c=12 rs=1 cs=1]
              RenderInline {FONT} at (0,0) size 3x11
                RenderText {#text} at (0,0) size 3x11
                  text run at (0,0) width 3: " "
            RenderTableCell {TD} at (91,209) size 7x11 [bgcolor=#044140] [r=19 c=13 rs=1 cs=1]
              RenderInline {FONT} at (0,0) size 3x11
                RenderText {#text} at (0,0) size 3x11
                  text run at (0,0) width 3: " "
            RenderTableCell {TD} at (98,209) size 7x11 [bgcolor=#223C3D] [r=19 c=14 rs=1 cs=1]
              RenderInline {FONT} at (0,0) size 3x11
                RenderText {#text} at (0,0) size 3x11
                  text run at (0,0) width 3: " "
            RenderTableCell {TD} at (105,209) size 7x11 [bgcolor=#4D4F4F] [r=19 c=15 rs=1 cs=1]
              RenderInline {FONT} at (0,0) size 3x11
                RenderText {#text} at (0,0) size 3x11
                  text run at (0,0) width 3: " "
            RenderTableCell {TD} at (112,209) size 8x11 [bgcolor=#777878] [r=19 c=16 rs=1 cs=1]
              RenderInline {FONT} at (0,0) size 3x11
                RenderText {#text} at (0,0) size 3x11
                  text run at (0,0) width 3: " "
            RenderTableCell {TD} at (120,209) size 8x11 [bgcolor=#848788] [r=19 c=17 rs=1 cs=1]
              RenderInline {FONT} at (0,0) size 3x11
                RenderText {#text} at (0,0) size 3x11
                  text run at (0,0) width 3: " "
            RenderTableCell {TD} at (128,209) size 8x11 [bgcolor=#848788] [r=19 c=18 rs=1 cs=1]
              RenderInline {FONT} at (0,0) size 3x11
                RenderText {#text} at (0,0) size 3x11
                  text run at (0,0) width 3: " "
            RenderTableCell {TD} at (136,209) size 8x11 [bgcolor=#1B8685] [r=19 c=19 rs=1 cs=1]
              RenderInline {FONT} at (0,0) size 3x11
                RenderText {#text} at (0,0) size 3x11
                  text run at (0,0) width 3: " "
            RenderTableCell {TD} at (144,209) size 8x11 [bgcolor=#027777] [r=19 c=20 rs=1 cs=1]
              RenderInline {FONT} at (0,0) size 3x11
                RenderText {#text} at (0,0) size 3x11
                  text run at (0,0) width 3: " "
            RenderTableCell {TD} at (152,209) size 8x11 [bgcolor=#026766] [r=19 c=21 rs=1 cs=1]
              RenderInline {FONT} at (0,0) size 3x11
                RenderText {#text} at (0,0) size 3x11
                  text run at (0,0) width 3: " "
            RenderTableCell {TD} at (160,209) size 8x11 [bgcolor=#026766] [r=19 c=22 rs=1 cs=1]
              RenderInline {FONT} at (0,0) size 3x11
                RenderText {#text} at (0,0) size 3x11
                  text run at (0,0) width 3: " "
            RenderTableCell {TD} at (168,209) size 8x11 [bgcolor=#026766] [r=19 c=23 rs=1 cs=1]
              RenderInline {FONT} at (0,0) size 3x11
                RenderText {#text} at (0,0) size 3x11
                  text run at (0,0) width 3: " "
            RenderTableCell {TD} at (176,209) size 8x11 [bgcolor=#025E5E] [r=19 c=24 rs=1 cs=1]
              RenderInline {FONT} at (0,0) size 3x11
                RenderText {#text} at (0,0) size 3x11
                  text run at (0,0) width 3: " "
            RenderTableCell {TD} at (184,209) size 8x11 [bgcolor=#025E5E] [r=19 c=25 rs=1 cs=1]
              RenderInline {FONT} at (0,0) size 3x11
                RenderText {#text} at (0,0) size 3x11
                  text run at (0,0) width 3: " "
            RenderTableCell {TD} at (192,209) size 8x11 [bgcolor=#025E5E] [r=19 c=26 rs=1 cs=1]
              RenderInline {FONT} at (0,0) size 3x11
                RenderText {#text} at (0,0) size 3x11
                  text run at (0,0) width 3: " "
            RenderTableCell {TD} at (200,209) size 8x11 [bgcolor=#044F4F] [r=19 c=27 rs=1 cs=1]
              RenderInline {FONT} at (0,0) size 3x11
                RenderText {#text} at (0,0) size 3x11
                  text run at (0,0) width 3: " "
            RenderTableCell {TD} at (208,209) size 8x11 [bgcolor=#044140] [r=19 c=28 rs=1 cs=1]
              RenderInline {FONT} at (0,0) size 3x11
                RenderText {#text} at (0,0) size 3x11
                  text run at (0,0) width 3: " "
            RenderTableCell {TD} at (216,209) size 8x11 [bgcolor=#072323] [r=19 c=29 rs=1 cs=1]
              RenderInline {FONT} at (0,0) size 3x11
                RenderText {#text} at (0,0) size 3x11
                  text run at (0,0) width 3: " "
            RenderTableCell {TD} at (224,209) size 8x11 [bgcolor=#2D3433] [r=19 c=30 rs=1 cs=1]
              RenderInline {FONT} at (0,0) size 3x11
                RenderText {#text} at (0,0) size 3x11
                  text run at (0,0) width 3: " "
            RenderTableCell {TD} at (232,209) size 8x11 [bgcolor=#4D4F4F] [r=19 c=31 rs=1 cs=1]
              RenderInline {FONT} at (0,0) size 3x11
                RenderText {#text} at (0,0) size 3x11
                  text run at (0,0) width 3: " "
            RenderTableCell {TD} at (240,209) size 8x11 [bgcolor=#5E5F60] [r=19 c=32 rs=1 cs=1]
              RenderInline {FONT} at (0,0) size 3x11
                RenderText {#text} at (0,0) size 3x11
                  text run at (0,0) width 3: " "
            RenderTableCell {TD} at (248,209) size 8x11 [bgcolor=#777878] [r=19 c=33 rs=1 cs=1]
              RenderInline {FONT} at (0,0) size 3x11
                RenderText {#text} at (0,0) size 3x11
                  text run at (0,0) width 3: " "
            RenderTableCell {TD} at (256,209) size 8x11 [bgcolor=#848788] [r=19 c=34 rs=1 cs=1]
              RenderInline {FONT} at (0,0) size 3x11
                RenderText {#text} at (0,0) size 3x11
                  text run at (0,0) width 3: " "
            RenderTableCell {TD} at (264,209) size 8x11 [bgcolor=#848788] [r=19 c=35 rs=1 cs=1]
              RenderInline {FONT} at (0,0) size 3x11
                RenderText {#text} at (0,0) size 3x11
                  text run at (0,0) width 3: " "
            RenderTableCell {TD} at (272,209) size 8x11 [bgcolor=#027777] [r=19 c=36 rs=1 cs=1]
              RenderInline {FONT} at (0,0) size 3x11
                RenderText {#text} at (0,0) size 3x11
                  text run at (0,0) width 3: " "
            RenderTableCell {TD} at (280,209) size 8x11 [bgcolor=#027777] [r=19 c=37 rs=1 cs=1]
              RenderInline {FONT} at (0,0) size 3x11
                RenderText {#text} at (0,0) size 3x11
                  text run at (0,0) width 3: " "
            RenderTableCell {TD} at (288,209) size 8x11 [bgcolor=#026766] [r=19 c=38 rs=1 cs=1]
              RenderInline {FONT} at (0,0) size 3x11
                RenderText {#text} at (0,0) size 3x11
                  text run at (0,0) width 3: " "
            RenderTableCell {TD} at (296,209) size 8x11 [bgcolor=#026766] [r=19 c=39 rs=1 cs=1]
              RenderInline {FONT} at (0,0) size 3x11
                RenderText {#text} at (0,0) size 3x11
                  text run at (0,0) width 3: " "
            RenderTableCell {TD} at (304,209) size 8x11 [bgcolor=#026766] [r=19 c=40 rs=1 cs=1]
              RenderInline {FONT} at (0,0) size 3x11
                RenderText {#text} at (0,0) size 3x11
                  text run at (0,0) width 3: " "
            RenderTableCell {TD} at (312,209) size 8x11 [bgcolor=#026766] [r=19 c=41 rs=1 cs=1]
              RenderInline {FONT} at (0,0) size 3x11
                RenderText {#text} at (0,0) size 3x11
                  text run at (0,0) width 3: " "
            RenderTableCell {TD} at (320,209) size 8x11 [bgcolor=#026766] [r=19 c=42 rs=1 cs=1]
              RenderInline {FONT} at (0,0) size 3x11
                RenderText {#text} at (0,0) size 3x11
                  text run at (0,0) width 3: " "
            RenderTableCell {TD} at (328,209) size 8x11 [bgcolor=#026766] [r=19 c=43 rs=1 cs=1]
              RenderInline {FONT} at (0,0) size 3x11
                RenderText {#text} at (0,0) size 3x11
                  text run at (0,0) width 3: " "
            RenderTableCell {TD} at (336,209) size 8x11 [bgcolor=#026766] [r=19 c=44 rs=1 cs=1]
              RenderInline {FONT} at (0,0) size 3x11
                RenderText {#text} at (0,0) size 3x11
                  text run at (0,0) width 3: " "
            RenderTableCell {TD} at (344,209) size 8x11 [bgcolor=#026766] [r=19 c=45 rs=1 cs=1]
              RenderInline {FONT} at (0,0) size 3x11
                RenderText {#text} at (0,0) size 3x11
                  text run at (0,0) width 3: " "
            RenderTableCell {TD} at (352,209) size 8x11 [bgcolor=#026766] [r=19 c=46 rs=1 cs=1]
              RenderInline {FONT} at (0,0) size 3x11
                RenderText {#text} at (0,0) size 3x11
                  text run at (0,0) width 3: " "
            RenderTableCell {TD} at (360,209) size 8x11 [bgcolor=#026766] [r=19 c=47 rs=1 cs=1]
              RenderInline {FONT} at (0,0) size 3x11
                RenderText {#text} at (0,0) size 3x11
                  text run at (0,0) width 3: " "
            RenderTableCell {TD} at (368,209) size 8x11 [bgcolor=#026766] [r=19 c=48 rs=1 cs=1]
              RenderInline {FONT} at (0,0) size 3x11
                RenderText {#text} at (0,0) size 3x11
                  text run at (0,0) width 3: " "
            RenderTableCell {TD} at (376,209) size 8x11 [bgcolor=#025E5E] [r=19 c=49 rs=1 cs=1]
              RenderInline {FONT} at (0,0) size 3x11
                RenderText {#text} at (0,0) size 3x11
                  text run at (0,0) width 3: " "
            RenderTableCell {TD} at (384,209) size 8x11 [bgcolor=#044F4F] [r=19 c=50 rs=1 cs=1]
              RenderInline {FONT} at (0,0) size 3x11
                RenderText {#text} at (0,0) size 3x11
                  text run at (0,0) width 3: " "
            RenderTableCell {TD} at (392,209) size 8x11 [bgcolor=#083131] [r=19 c=51 rs=1 cs=1]
              RenderInline {FONT} at (0,0) size 3x11
                RenderText {#text} at (0,0) size 3x11
                  text run at (0,0) width 3: " "
            RenderTableCell {TD} at (400,209) size 8x11 [bgcolor=#3D4242] [r=19 c=52 rs=1 cs=1]
              RenderInline {FONT} at (0,0) size 3x11
                RenderText {#text} at (0,0) size 3x11
                  text run at (0,0) width 3: " "
            RenderTableCell {TD} at (408,209) size 8x11 [bgcolor=#5E5F60] [r=19 c=53 rs=1 cs=1]
              RenderInline {FONT} at (0,0) size 3x11
                RenderText {#text} at (0,0) size 3x11
                  text run at (0,0) width 3: " "
            RenderTableCell {TD} at (416,209) size 8x11 [bgcolor=#777878] [r=19 c=54 rs=1 cs=1]
              RenderInline {FONT} at (0,0) size 3x11
                RenderText {#text} at (0,0) size 3x11
                  text run at (0,0) width 3: " "
            RenderTableCell {TD} at (424,209) size 8x11 [bgcolor=#848788] [r=19 c=55 rs=1 cs=1]
              RenderInline {FONT} at (0,0) size 3x11
                RenderText {#text} at (0,0) size 3x11
                  text run at (0,0) width 3: " "
            RenderTableCell {TD} at (432,209) size 8x11 [bgcolor=#939494] [r=19 c=56 rs=1 cs=1]
              RenderInline {FONT} at (0,0) size 3x11
                RenderText {#text} at (0,0) size 3x11
                  text run at (0,0) width 3: " "
            RenderTableCell {TD} at (440,209) size 8x11 [bgcolor=#939494] [r=19 c=57 rs=1 cs=1]
              RenderInline {FONT} at (0,0) size 3x11
                RenderText {#text} at (0,0) size 3x11
                  text run at (0,0) width 3: " "
            RenderTableCell {TD} at (448,209) size 8x11 [bgcolor=#939494] [r=19 c=58 rs=1 cs=1]
              RenderInline {FONT} at (0,0) size 3x11
                RenderText {#text} at (0,0) size 3x11
                  text run at (0,0) width 3: " "
            RenderTableCell {TD} at (456,209) size 8x11 [bgcolor=#939494] [r=19 c=59 rs=1 cs=1]
              RenderInline {FONT} at (0,0) size 3x11
                RenderText {#text} at (0,0) size 3x11
                  text run at (0,0) width 3: " "
            RenderTableCell {TD} at (464,209) size 8x11 [bgcolor=#848788] [r=19 c=60 rs=1 cs=1]
              RenderInline {FONT} at (0,0) size 3x11
                RenderText {#text} at (0,0) size 3x11
                  text run at (0,0) width 3: " "
            RenderTableCell {TD} at (472,209) size 8x11 [bgcolor=#527274] [r=19 c=61 rs=1 cs=1]
              RenderInline {FONT} at (0,0) size 3x11
                RenderText {#text} at (0,0) size 3x11
                  text run at (0,0) width 3: " "
            RenderTableCell {TD} at (480,209) size 8x11 [bgcolor=#026766] [r=19 c=62 rs=1 cs=1]
              RenderInline {FONT} at (0,0) size 3x11
                RenderText {#text} at (0,0) size 3x11
                  text run at (0,0) width 3: " "
            RenderTableCell {TD} at (488,209) size 8x11 [bgcolor=#026766] [r=19 c=63 rs=1 cs=1]
              RenderInline {FONT} at (0,0) size 3x11
                RenderText {#text} at (0,0) size 3x11
                  text run at (0,0) width 3: " "
            RenderTableCell {TD} at (496,209) size 8x11 [bgcolor=#026766] [r=19 c=64 rs=1 cs=1]
              RenderInline {FONT} at (0,0) size 3x11
                RenderText {#text} at (0,0) size 3x11
                  text run at (0,0) width 3: " "
            RenderTableCell {TD} at (504,209) size 8x11 [bgcolor=#026766] [r=19 c=65 rs=1 cs=1]
              RenderInline {FONT} at (0,0) size 3x11
                RenderText {#text} at (0,0) size 3x11
                  text run at (0,0) width 3: " "
            RenderTableCell {TD} at (512,209) size 8x11 [bgcolor=#026766] [r=19 c=66 rs=1 cs=1]
              RenderInline {FONT} at (0,0) size 3x11
                RenderText {#text} at (0,0) size 3x11
                  text run at (0,0) width 3: " "
            RenderTableCell {TD} at (520,209) size 8x11 [bgcolor=#026766] [r=19 c=67 rs=1 cs=1]
              RenderInline {FONT} at (0,0) size 3x11
                RenderText {#text} at (0,0) size 3x11
                  text run at (0,0) width 3: " "
            RenderTableCell {TD} at (528,209) size 8x11 [bgcolor=#026766] [r=19 c=68 rs=1 cs=1]
              RenderInline {FONT} at (0,0) size 3x11
                RenderText {#text} at (0,0) size 3x11
                  text run at (0,0) width 3: " "
            RenderTableCell {TD} at (536,209) size 8x11 [bgcolor=#026766] [r=19 c=69 rs=1 cs=1]
              RenderInline {FONT} at (0,0) size 3x11
                RenderText {#text} at (0,0) size 3x11
                  text run at (0,0) width 3: " "
            RenderTableCell {TD} at (544,209) size 8x11 [bgcolor=#026766] [r=19 c=70 rs=1 cs=1]
              RenderInline {FONT} at (0,0) size 3x11
                RenderText {#text} at (0,0) size 3x11
                  text run at (0,0) width 3: " "
            RenderTableCell {TD} at (552,209) size 8x11 [bgcolor=#025E5E] [r=19 c=71 rs=1 cs=1]
              RenderInline {FONT} at (0,0) size 3x11
                RenderText {#text} at (0,0) size 3x11
                  text run at (0,0) width 3: " "
            RenderTableCell {TD} at (560,209) size 8x11 [bgcolor=#025E5E] [r=19 c=72 rs=1 cs=1]
              RenderInline {FONT} at (0,0) size 3x11
                RenderText {#text} at (0,0) size 3x11
                  text run at (0,0) width 3: " "
            RenderTableCell {TD} at (568,209) size 8x11 [bgcolor=#044F4F] [r=19 c=73 rs=1 cs=1]
              RenderInline {FONT} at (0,0) size 3x11
                RenderText {#text} at (0,0) size 3x11
                  text run at (0,0) width 3: " "
            RenderTableCell {TD} at (576,209) size 8x11 [bgcolor=#425A5A] [r=19 c=74 rs=1 cs=1]
              RenderInline {FONT} at (0,0) size 3x11
                RenderText {#text} at (0,0) size 3x11
                  text run at (0,0) width 3: " "
            RenderTableCell {TD} at (584,209) size 8x11 [bgcolor=#777878] [r=19 c=75 rs=1 cs=1]
              RenderInline {FONT} at (0,0) size 3x11
                RenderText {#text} at (0,0) size 3x11
                  text run at (0,0) width 3: " "
            RenderTableCell {TD} at (592,209) size 8x11 [bgcolor=#848788] [r=19 c=76 rs=1 cs=1]
              RenderInline {FONT} at (0,0) size 3x11
                RenderText {#text} at (0,0) size 3x11
                  text run at (0,0) width 3: " "
            RenderTableCell {TD} at (600,209) size 8x11 [bgcolor=#848788] [r=19 c=77 rs=1 cs=1]
              RenderInline {FONT} at (0,0) size 3x11
                RenderText {#text} at (0,0) size 3x11
                  text run at (0,0) width 3: " "
            RenderTableCell {TD} at (608,209) size 8x11 [bgcolor=#1B8685] [r=19 c=78 rs=1 cs=1]
              RenderInline {FONT} at (0,0) size 3x11
                RenderText {#text} at (0,0) size 3x11
                  text run at (0,0) width 3: " "
            RenderTableCell {TD} at (616,209) size 8x11 [bgcolor=#027777] [r=19 c=79 rs=1 cs=1]
              RenderInline {FONT} at (0,0) size 3x11
                RenderText {#text} at (0,0) size 3x11
                  text run at (0,0) width 3: " "
            RenderTableCell {TD} at (624,209) size 8x11 [bgcolor=#026766] [r=19 c=80 rs=1 cs=1]
              RenderInline {FONT} at (0,0) size 3x11
                RenderText {#text} at (0,0) size 3x11
                  text run at (0,0) width 3: " "
            RenderTableCell {TD} at (632,209) size 8x11 [bgcolor=#026766] [r=19 c=81 rs=1 cs=1]
              RenderInline {FONT} at (0,0) size 3x11
                RenderText {#text} at (0,0) size 3x11
                  text run at (0,0) width 3: " "
            RenderTableCell {TD} at (640,209) size 8x11 [bgcolor=#026766] [r=19 c=82 rs=1 cs=1]
              RenderInline {FONT} at (0,0) size 3x11
                RenderText {#text} at (0,0) size 3x11
                  text run at (0,0) width 3: " "
            RenderTableCell {TD} at (648,209) size 8x11 [bgcolor=#026766] [r=19 c=83 rs=1 cs=1]
              RenderInline {FONT} at (0,0) size 3x11
                RenderText {#text} at (0,0) size 3x11
                  text run at (0,0) width 3: " "
            RenderTableCell {TD} at (656,209) size 8x11 [bgcolor=#026766] [r=19 c=84 rs=1 cs=1]
              RenderInline {FONT} at (0,0) size 3x11
                RenderText {#text} at (0,0) size 3x11
                  text run at (0,0) width 3: " "
            RenderTableCell {TD} at (664,209) size 8x11 [bgcolor=#026766] [r=19 c=85 rs=1 cs=1]
              RenderInline {FONT} at (0,0) size 3x11
                RenderText {#text} at (0,0) size 3x11
                  text run at (0,0) width 3: " "
            RenderTableCell {TD} at (672,209) size 8x11 [bgcolor=#026766] [r=19 c=86 rs=1 cs=1]
              RenderInline {FONT} at (0,0) size 3x11
                RenderText {#text} at (0,0) size 3x11
                  text run at (0,0) width 3: " "
            RenderTableCell {TD} at (680,209) size 8x11 [bgcolor=#026766] [r=19 c=87 rs=1 cs=1]
              RenderInline {FONT} at (0,0) size 3x11
                RenderText {#text} at (0,0) size 3x11
                  text run at (0,0) width 3: " "
            RenderTableCell {TD} at (688,209) size 8x11 [bgcolor=#026766] [r=19 c=88 rs=1 cs=1]
              RenderInline {FONT} at (0,0) size 3x11
                RenderText {#text} at (0,0) size 3x11
                  text run at (0,0) width 3: " "
            RenderTableCell {TD} at (696,209) size 8x11 [bgcolor=#026766] [r=19 c=89 rs=1 cs=1]
              RenderInline {FONT} at (0,0) size 3x11
                RenderText {#text} at (0,0) size 3x11
                  text run at (0,0) width 3: " "
            RenderTableCell {TD} at (704,209) size 8x11 [bgcolor=#026766] [r=19 c=90 rs=1 cs=1]
              RenderInline {FONT} at (0,0) size 3x11
                RenderText {#text} at (0,0) size 3x11
                  text run at (0,0) width 3: " "
            RenderTableCell {TD} at (712,209) size 8x11 [bgcolor=#025E5E] [r=19 c=91 rs=1 cs=1]
              RenderInline {FONT} at (0,0) size 3x11
                RenderText {#text} at (0,0) size 3x11
                  text run at (0,0) width 3: " "
            RenderTableCell {TD} at (720,209) size 8x11 [bgcolor=#044F4F] [r=19 c=92 rs=1 cs=1]
              RenderInline {FONT} at (0,0) size 3x11
                RenderText {#text} at (0,0) size 3x11
                  text run at (0,0) width 3: " "
            RenderTableCell {TD} at (728,209) size 8x11 [bgcolor=#044140] [r=19 c=93 rs=1 cs=1]
              RenderInline {FONT} at (0,0) size 3x11
                RenderText {#text} at (0,0) size 3x11
                  text run at (0,0) width 3: " "
            RenderTableCell {TD} at (736,209) size 8x11 [bgcolor=#223C3D] [r=19 c=94 rs=1 cs=1]
              RenderInline {FONT} at (0,0) size 3x11
                RenderText {#text} at (0,0) size 3x11
                  text run at (0,0) width 3: " "
            RenderTableCell {TD} at (744,209) size 8x11 [bgcolor=#515C5B] [r=19 c=95 rs=1 cs=1]
              RenderInline {FONT} at (0,0) size 3x11
                RenderText {#text} at (0,0) size 3x11
                  text run at (0,0) width 3: " "
            RenderTableCell {TD} at (752,209) size 8x11 [bgcolor=#777878] [r=19 c=96 rs=1 cs=1]
              RenderInline {FONT} at (0,0) size 3x11
                RenderText {#text} at (0,0) size 3x11
                  text run at (0,0) width 3: " "
            RenderTableCell {TD} at (760,209) size 8x11 [bgcolor=#848788] [r=19 c=97 rs=1 cs=1]
              RenderInline {FONT} at (0,0) size 3x11
                RenderText {#text} at (0,0) size 3x11
                  text run at (0,0) width 3: " "
            RenderTableCell {TD} at (768,209) size 8x11 [bgcolor=#696A69] [r=19 c=98 rs=1 cs=1]
              RenderInline {FONT} at (0,0) size 3x11
                RenderText {#text} at (0,0) size 3x11
                  text run at (0,0) width 3: " "
            RenderTableCell {TD} at (776,209) size 8x11 [bgcolor=#4D4F4F] [r=19 c=99 rs=1 cs=1]
              RenderInline {FONT} at (0,0) size 3x11
                RenderText {#text} at (0,0) size 3x11
                  text run at (0,0) width 3: " "
          RenderTableRow {TR} at (0,220) size 784x11
            RenderTableCell {TD} at (0,220) size 7x11 [bgcolor=#FDFDFB] [r=20 c=0 rs=1 cs=1]
              RenderInline {FONT} at (0,0) size 3x11
                RenderText {#text} at (0,0) size 3x11
                  text run at (0,0) width 3: " "
            RenderTableCell {TD} at (7,220) size 7x11 [bgcolor=#FDFDFB] [r=20 c=1 rs=1 cs=1]
              RenderInline {FONT} at (0,0) size 3x11
                RenderText {#text} at (0,0) size 3x11
                  text run at (0,0) width 3: " "
            RenderTableCell {TD} at (14,220) size 7x11 [bgcolor=#EDEEEF] [r=20 c=2 rs=1 cs=1]
              RenderInline {FONT} at (0,0) size 3x11
                RenderText {#text} at (0,0) size 3x11
                  text run at (0,0) width 3: " "
            RenderTableCell {TD} at (21,220) size 7x11 [bgcolor=#CECFCF] [r=20 c=3 rs=1 cs=1]
              RenderInline {FONT} at (0,0) size 3x11
                RenderText {#text} at (0,0) size 3x11
                  text run at (0,0) width 3: " "
            RenderTableCell {TD} at (28,220) size 7x11 [bgcolor=#5A8787] [r=20 c=4 rs=1 cs=1]
              RenderInline {FONT} at (0,0) size 3x11
                RenderText {#text} at (0,0) size 3x11
                  text run at (0,0) width 3: " "
            RenderTableCell {TD} at (35,220) size 7x11 [bgcolor=#044F4F] [r=20 c=5 rs=1 cs=1]
              RenderInline {FONT} at (0,0) size 3x11
                RenderText {#text} at (0,0) size 3x11
                  text run at (0,0) width 3: " "
            RenderTableCell {TD} at (42,220) size 7x11 [bgcolor=#025E5E] [r=20 c=6 rs=1 cs=1]
              RenderInline {FONT} at (0,0) size 3x11
                RenderText {#text} at (0,0) size 3x11
                  text run at (0,0) width 3: " "
            RenderTableCell {TD} at (49,220) size 7x11 [bgcolor=#025E5E] [r=20 c=7 rs=1 cs=1]
              RenderInline {FONT} at (0,0) size 3x11
                RenderText {#text} at (0,0) size 3x11
                  text run at (0,0) width 3: " "
            RenderTableCell {TD} at (56,220) size 7x11 [bgcolor=#025E5E] [r=20 c=8 rs=1 cs=1]
              RenderInline {FONT} at (0,0) size 3x11
                RenderText {#text} at (0,0) size 3x11
                  text run at (0,0) width 3: " "
            RenderTableCell {TD} at (63,220) size 7x11 [bgcolor=#026766] [r=20 c=9 rs=1 cs=1]
              RenderInline {FONT} at (0,0) size 3x11
                RenderText {#text} at (0,0) size 3x11
                  text run at (0,0) width 3: " "
            RenderTableCell {TD} at (70,220) size 7x11 [bgcolor=#026766] [r=20 c=10 rs=1 cs=1]
              RenderInline {FONT} at (0,0) size 3x11
                RenderText {#text} at (0,0) size 3x11
                  text run at (0,0) width 3: " "
            RenderTableCell {TD} at (77,220) size 7x11 [bgcolor=#025E5E] [r=20 c=11 rs=1 cs=1]
              RenderInline {FONT} at (0,0) size 3x11
                RenderText {#text} at (0,0) size 3x11
                  text run at (0,0) width 3: " "
            RenderTableCell {TD} at (84,220) size 7x11 [bgcolor=#025E5E] [r=20 c=12 rs=1 cs=1]
              RenderInline {FONT} at (0,0) size 3x11
                RenderText {#text} at (0,0) size 3x11
                  text run at (0,0) width 3: " "
            RenderTableCell {TD} at (91,220) size 7x11 [bgcolor=#044F4F] [r=20 c=13 rs=1 cs=1]
              RenderInline {FONT} at (0,0) size 3x11
                RenderText {#text} at (0,0) size 3x11
                  text run at (0,0) width 3: " "
            RenderTableCell {TD} at (98,220) size 7x11 [bgcolor=#044140] [r=20 c=14 rs=1 cs=1]
              RenderInline {FONT} at (0,0) size 3x11
                RenderText {#text} at (0,0) size 3x11
                  text run at (0,0) width 3: " "
            RenderTableCell {TD} at (105,220) size 7x11 [bgcolor=#3D4242] [r=20 c=15 rs=1 cs=1]
              RenderInline {FONT} at (0,0) size 3x11
                RenderText {#text} at (0,0) size 3x11
                  text run at (0,0) width 3: " "
            RenderTableCell {TD} at (112,220) size 8x11 [bgcolor=#515C5B] [r=20 c=16 rs=1 cs=1]
              RenderInline {FONT} at (0,0) size 3x11
                RenderText {#text} at (0,0) size 3x11
                  text run at (0,0) width 3: " "
            RenderTableCell {TD} at (120,220) size 8x11 [bgcolor=#696A69] [r=20 c=17 rs=1 cs=1]
              RenderInline {FONT} at (0,0) size 3x11
                RenderText {#text} at (0,0) size 3x11
                  text run at (0,0) width 3: " "
            RenderTableCell {TD} at (128,220) size 8x11 [bgcolor=#526B6B] [r=20 c=18 rs=1 cs=1]
              RenderInline {FONT} at (0,0) size 3x11
                RenderText {#text} at (0,0) size 3x11
                  text run at (0,0) width 3: " "
            RenderTableCell {TD} at (136,220) size 8x11 [bgcolor=#048485] [r=20 c=19 rs=1 cs=1]
              RenderInline {FONT} at (0,0) size 3x11
                RenderText {#text} at (0,0) size 3x11
                  text run at (0,0) width 3: " "
            RenderTableCell {TD} at (144,220) size 8x11 [bgcolor=#027777] [r=20 c=20 rs=1 cs=1]
              RenderInline {FONT} at (0,0) size 3x11
                RenderText {#text} at (0,0) size 3x11
                  text run at (0,0) width 3: " "
            RenderTableCell {TD} at (152,220) size 8x11 [bgcolor=#026766] [r=20 c=21 rs=1 cs=1]
              RenderInline {FONT} at (0,0) size 3x11
                RenderText {#text} at (0,0) size 3x11
                  text run at (0,0) width 3: " "
            RenderTableCell {TD} at (160,220) size 8x11 [bgcolor=#026766] [r=20 c=22 rs=1 cs=1]
              RenderInline {FONT} at (0,0) size 3x11
                RenderText {#text} at (0,0) size 3x11
                  text run at (0,0) width 3: " "
            RenderTableCell {TD} at (168,220) size 8x11 [bgcolor=#025E5E] [r=20 c=23 rs=1 cs=1]
              RenderInline {FONT} at (0,0) size 3x11
                RenderText {#text} at (0,0) size 3x11
                  text run at (0,0) width 3: " "
            RenderTableCell {TD} at (176,220) size 8x11 [bgcolor=#025E5E] [r=20 c=24 rs=1 cs=1]
              RenderInline {FONT} at (0,0) size 3x11
                RenderText {#text} at (0,0) size 3x11
                  text run at (0,0) width 3: " "
            RenderTableCell {TD} at (184,220) size 8x11 [bgcolor=#025E5E] [r=20 c=25 rs=1 cs=1]
              RenderInline {FONT} at (0,0) size 3x11
                RenderText {#text} at (0,0) size 3x11
                  text run at (0,0) width 3: " "
            RenderTableCell {TD} at (192,220) size 8x11 [bgcolor=#044F4F] [r=20 c=26 rs=1 cs=1]
              RenderInline {FONT} at (0,0) size 3x11
                RenderText {#text} at (0,0) size 3x11
                  text run at (0,0) width 3: " "
            RenderTableCell {TD} at (200,220) size 8x11 [bgcolor=#044140] [r=20 c=27 rs=1 cs=1]
              RenderInline {FONT} at (0,0) size 3x11
                RenderText {#text} at (0,0) size 3x11
                  text run at (0,0) width 3: " "
            RenderTableCell {TD} at (208,220) size 8x11 [bgcolor=#072323] [r=20 c=28 rs=1 cs=1]
              RenderInline {FONT} at (0,0) size 3x11
                RenderText {#text} at (0,0) size 3x11
                  text run at (0,0) width 3: " "
            RenderTableCell {TD} at (216,220) size 8x11 [bgcolor=#1C2524] [r=20 c=29 rs=1 cs=1]
              RenderInline {FONT} at (0,0) size 3x11
                RenderText {#text} at (0,0) size 3x11
                  text run at (0,0) width 3: " "
            RenderTableCell {TD} at (224,220) size 8x11 [bgcolor=#2D3433] [r=20 c=30 rs=1 cs=1]
              RenderInline {FONT} at (0,0) size 3x11
                RenderText {#text} at (0,0) size 3x11
                  text run at (0,0) width 3: " "
            RenderTableCell {TD} at (232,220) size 8x11 [bgcolor=#3D4242] [r=20 c=31 rs=1 cs=1]
              RenderInline {FONT} at (0,0) size 3x11
                RenderText {#text} at (0,0) size 3x11
                  text run at (0,0) width 3: " "
            RenderTableCell {TD} at (240,220) size 8x11 [bgcolor=#515C5B] [r=20 c=32 rs=1 cs=1]
              RenderInline {FONT} at (0,0) size 3x11
                RenderText {#text} at (0,0) size 3x11
                  text run at (0,0) width 3: " "
            RenderTableCell {TD} at (248,220) size 8x11 [bgcolor=#696A69] [r=20 c=33 rs=1 cs=1]
              RenderInline {FONT} at (0,0) size 3x11
                RenderText {#text} at (0,0) size 3x11
                  text run at (0,0) width 3: " "
            RenderTableCell {TD} at (256,220) size 8x11 [bgcolor=#696A69] [r=20 c=34 rs=1 cs=1]
              RenderInline {FONT} at (0,0) size 3x11
                RenderText {#text} at (0,0) size 3x11
                  text run at (0,0) width 3: " "
            RenderTableCell {TD} at (264,220) size 8x11 [bgcolor=#696A69] [r=20 c=35 rs=1 cs=1]
              RenderInline {FONT} at (0,0) size 3x11
                RenderText {#text} at (0,0) size 3x11
                  text run at (0,0) width 3: " "
            RenderTableCell {TD} at (272,220) size 8x11 [bgcolor=#027777] [r=20 c=36 rs=1 cs=1]
              RenderInline {FONT} at (0,0) size 3x11
                RenderText {#text} at (0,0) size 3x11
                  text run at (0,0) width 3: " "
            RenderTableCell {TD} at (280,220) size 8x11 [bgcolor=#027777] [r=20 c=37 rs=1 cs=1]
              RenderInline {FONT} at (0,0) size 3x11
                RenderText {#text} at (0,0) size 3x11
                  text run at (0,0) width 3: " "
            RenderTableCell {TD} at (288,220) size 8x11 [bgcolor=#026766] [r=20 c=38 rs=1 cs=1]
              RenderInline {FONT} at (0,0) size 3x11
                RenderText {#text} at (0,0) size 3x11
                  text run at (0,0) width 3: " "
            RenderTableCell {TD} at (296,220) size 8x11 [bgcolor=#026766] [r=20 c=39 rs=1 cs=1]
              RenderInline {FONT} at (0,0) size 3x11
                RenderText {#text} at (0,0) size 3x11
                  text run at (0,0) width 3: " "
            RenderTableCell {TD} at (304,220) size 8x11 [bgcolor=#026766] [r=20 c=40 rs=1 cs=1]
              RenderInline {FONT} at (0,0) size 3x11
                RenderText {#text} at (0,0) size 3x11
                  text run at (0,0) width 3: " "
            RenderTableCell {TD} at (312,220) size 8x11 [bgcolor=#026766] [r=20 c=41 rs=1 cs=1]
              RenderInline {FONT} at (0,0) size 3x11
                RenderText {#text} at (0,0) size 3x11
                  text run at (0,0) width 3: " "
            RenderTableCell {TD} at (320,220) size 8x11 [bgcolor=#026766] [r=20 c=42 rs=1 cs=1]
              RenderInline {FONT} at (0,0) size 3x11
                RenderText {#text} at (0,0) size 3x11
                  text run at (0,0) width 3: " "
            RenderTableCell {TD} at (328,220) size 8x11 [bgcolor=#026766] [r=20 c=43 rs=1 cs=1]
              RenderInline {FONT} at (0,0) size 3x11
                RenderText {#text} at (0,0) size 3x11
                  text run at (0,0) width 3: " "
            RenderTableCell {TD} at (336,220) size 8x11 [bgcolor=#026766] [r=20 c=44 rs=1 cs=1]
              RenderInline {FONT} at (0,0) size 3x11
                RenderText {#text} at (0,0) size 3x11
                  text run at (0,0) width 3: " "
            RenderTableCell {TD} at (344,220) size 8x11 [bgcolor=#026766] [r=20 c=45 rs=1 cs=1]
              RenderInline {FONT} at (0,0) size 3x11
                RenderText {#text} at (0,0) size 3x11
                  text run at (0,0) width 3: " "
            RenderTableCell {TD} at (352,220) size 8x11 [bgcolor=#026766] [r=20 c=46 rs=1 cs=1]
              RenderInline {FONT} at (0,0) size 3x11
                RenderText {#text} at (0,0) size 3x11
                  text run at (0,0) width 3: " "
            RenderTableCell {TD} at (360,220) size 8x11 [bgcolor=#026766] [r=20 c=47 rs=1 cs=1]
              RenderInline {FONT} at (0,0) size 3x11
                RenderText {#text} at (0,0) size 3x11
                  text run at (0,0) width 3: " "
            RenderTableCell {TD} at (368,220) size 8x11 [bgcolor=#025E5E] [r=20 c=48 rs=1 cs=1]
              RenderInline {FONT} at (0,0) size 3x11
                RenderText {#text} at (0,0) size 3x11
                  text run at (0,0) width 3: " "
            RenderTableCell {TD} at (376,220) size 8x11 [bgcolor=#025E5E] [r=20 c=49 rs=1 cs=1]
              RenderInline {FONT} at (0,0) size 3x11
                RenderText {#text} at (0,0) size 3x11
                  text run at (0,0) width 3: " "
            RenderTableCell {TD} at (384,220) size 8x11 [bgcolor=#044F4F] [r=20 c=50 rs=1 cs=1]
              RenderInline {FONT} at (0,0) size 3x11
                RenderText {#text} at (0,0) size 3x11
                  text run at (0,0) width 3: " "
            RenderTableCell {TD} at (392,220) size 8x11 [bgcolor=#083131] [r=20 c=51 rs=1 cs=1]
              RenderInline {FONT} at (0,0) size 3x11
                RenderText {#text} at (0,0) size 3x11
                  text run at (0,0) width 3: " "
            RenderTableCell {TD} at (400,220) size 8x11 [bgcolor=#2D3433] [r=20 c=52 rs=1 cs=1]
              RenderInline {FONT} at (0,0) size 3x11
                RenderText {#text} at (0,0) size 3x11
                  text run at (0,0) width 3: " "
            RenderTableCell {TD} at (408,220) size 8x11 [bgcolor=#4D4F4F] [r=20 c=53 rs=1 cs=1]
              RenderInline {FONT} at (0,0) size 3x11
                RenderText {#text} at (0,0) size 3x11
                  text run at (0,0) width 3: " "
            RenderTableCell {TD} at (416,220) size 8x11 [bgcolor=#5E5F60] [r=20 c=54 rs=1 cs=1]
              RenderInline {FONT} at (0,0) size 3x11
                RenderText {#text} at (0,0) size 3x11
                  text run at (0,0) width 3: " "
            RenderTableCell {TD} at (424,220) size 8x11 [bgcolor=#696A69] [r=20 c=55 rs=1 cs=1]
              RenderInline {FONT} at (0,0) size 3x11
                RenderText {#text} at (0,0) size 3x11
                  text run at (0,0) width 3: " "
            RenderTableCell {TD} at (432,220) size 8x11 [bgcolor=#696A69] [r=20 c=56 rs=1 cs=1]
              RenderInline {FONT} at (0,0) size 3x11
                RenderText {#text} at (0,0) size 3x11
                  text run at (0,0) width 3: " "
            RenderTableCell {TD} at (440,220) size 8x11 [bgcolor=#696A69] [r=20 c=57 rs=1 cs=1]
              RenderInline {FONT} at (0,0) size 3x11
                RenderText {#text} at (0,0) size 3x11
                  text run at (0,0) width 3: " "
            RenderTableCell {TD} at (448,220) size 8x11 [bgcolor=#696A69] [r=20 c=58 rs=1 cs=1]
              RenderInline {FONT} at (0,0) size 3x11
                RenderText {#text} at (0,0) size 3x11
                  text run at (0,0) width 3: " "
            RenderTableCell {TD} at (456,220) size 8x11 [bgcolor=#696A69] [r=20 c=59 rs=1 cs=1]
              RenderInline {FONT} at (0,0) size 3x11
                RenderText {#text} at (0,0) size 3x11
                  text run at (0,0) width 3: " "
            RenderTableCell {TD} at (464,220) size 8x11 [bgcolor=#696A69] [r=20 c=60 rs=1 cs=1]
              RenderInline {FONT} at (0,0) size 3x11
                RenderText {#text} at (0,0) size 3x11
                  text run at (0,0) width 3: " "
            RenderTableCell {TD} at (472,220) size 8x11 [bgcolor=#5E5F60] [r=20 c=61 rs=1 cs=1]
              RenderInline {FONT} at (0,0) size 3x11
                RenderText {#text} at (0,0) size 3x11
                  text run at (0,0) width 3: " "
            RenderTableCell {TD} at (480,220) size 8x11 [bgcolor=#1A5C5C] [r=20 c=62 rs=1 cs=1]
              RenderInline {FONT} at (0,0) size 3x11
                RenderText {#text} at (0,0) size 3x11
                  text run at (0,0) width 3: " "
            RenderTableCell {TD} at (488,220) size 8x11 [bgcolor=#025E5E] [r=20 c=63 rs=1 cs=1]
              RenderInline {FONT} at (0,0) size 3x11
                RenderText {#text} at (0,0) size 3x11
                  text run at (0,0) width 3: " "
            RenderTableCell {TD} at (496,220) size 8x11 [bgcolor=#025E5E] [r=20 c=64 rs=1 cs=1]
              RenderInline {FONT} at (0,0) size 3x11
                RenderText {#text} at (0,0) size 3x11
                  text run at (0,0) width 3: " "
            RenderTableCell {TD} at (504,220) size 8x11 [bgcolor=#025E5E] [r=20 c=65 rs=1 cs=1]
              RenderInline {FONT} at (0,0) size 3x11
                RenderText {#text} at (0,0) size 3x11
                  text run at (0,0) width 3: " "
            RenderTableCell {TD} at (512,220) size 8x11 [bgcolor=#026766] [r=20 c=66 rs=1 cs=1]
              RenderInline {FONT} at (0,0) size 3x11
                RenderText {#text} at (0,0) size 3x11
                  text run at (0,0) width 3: " "
            RenderTableCell {TD} at (520,220) size 8x11 [bgcolor=#026766] [r=20 c=67 rs=1 cs=1]
              RenderInline {FONT} at (0,0) size 3x11
                RenderText {#text} at (0,0) size 3x11
                  text run at (0,0) width 3: " "
            RenderTableCell {TD} at (528,220) size 8x11 [bgcolor=#026766] [r=20 c=68 rs=1 cs=1]
              RenderInline {FONT} at (0,0) size 3x11
                RenderText {#text} at (0,0) size 3x11
                  text run at (0,0) width 3: " "
            RenderTableCell {TD} at (536,220) size 8x11 [bgcolor=#026766] [r=20 c=69 rs=1 cs=1]
              RenderInline {FONT} at (0,0) size 3x11
                RenderText {#text} at (0,0) size 3x11
                  text run at (0,0) width 3: " "
            RenderTableCell {TD} at (544,220) size 8x11 [bgcolor=#026766] [r=20 c=70 rs=1 cs=1]
              RenderInline {FONT} at (0,0) size 3x11
                RenderText {#text} at (0,0) size 3x11
                  text run at (0,0) width 3: " "
            RenderTableCell {TD} at (552,220) size 8x11 [bgcolor=#026766] [r=20 c=71 rs=1 cs=1]
              RenderInline {FONT} at (0,0) size 3x11
                RenderText {#text} at (0,0) size 3x11
                  text run at (0,0) width 3: " "
            RenderTableCell {TD} at (560,220) size 8x11 [bgcolor=#025E5E] [r=20 c=72 rs=1 cs=1]
              RenderInline {FONT} at (0,0) size 3x11
                RenderText {#text} at (0,0) size 3x11
                  text run at (0,0) width 3: " "
            RenderTableCell {TD} at (568,220) size 8x11 [bgcolor=#025E5E] [r=20 c=73 rs=1 cs=1]
              RenderInline {FONT} at (0,0) size 3x11
                RenderText {#text} at (0,0) size 3x11
                  text run at (0,0) width 3: " "
            RenderTableCell {TD} at (576,220) size 8x11 [bgcolor=#026766] [r=20 c=74 rs=1 cs=1]
              RenderInline {FONT} at (0,0) size 3x11
                RenderText {#text} at (0,0) size 3x11
                  text run at (0,0) width 3: " "
            RenderTableCell {TD} at (584,220) size 8x11 [bgcolor=#026766] [r=20 c=75 rs=1 cs=1]
              RenderInline {FONT} at (0,0) size 3x11
                RenderText {#text} at (0,0) size 3x11
                  text run at (0,0) width 3: " "
            RenderTableCell {TD} at (592,220) size 8x11 [bgcolor=#1E7A79] [r=20 c=76 rs=1 cs=1]
              RenderInline {FONT} at (0,0) size 3x11
                RenderText {#text} at (0,0) size 3x11
                  text run at (0,0) width 3: " "
            RenderTableCell {TD} at (600,220) size 8x11 [bgcolor=#287A7A] [r=20 c=77 rs=1 cs=1]
              RenderInline {FONT} at (0,0) size 3x11
                RenderText {#text} at (0,0) size 3x11
                  text run at (0,0) width 3: " "
            RenderTableCell {TD} at (608,220) size 8x11 [bgcolor=#048485] [r=20 c=78 rs=1 cs=1]
              RenderInline {FONT} at (0,0) size 3x11
                RenderText {#text} at (0,0) size 3x11
                  text run at (0,0) width 3: " "
            RenderTableCell {TD} at (616,220) size 8x11 [bgcolor=#027777] [r=20 c=79 rs=1 cs=1]
              RenderInline {FONT} at (0,0) size 3x11
                RenderText {#text} at (0,0) size 3x11
                  text run at (0,0) width 3: " "
            RenderTableCell {TD} at (624,220) size 8x11 [bgcolor=#026766] [r=20 c=80 rs=1 cs=1]
              RenderInline {FONT} at (0,0) size 3x11
                RenderText {#text} at (0,0) size 3x11
                  text run at (0,0) width 3: " "
            RenderTableCell {TD} at (632,220) size 8x11 [bgcolor=#026766] [r=20 c=81 rs=1 cs=1]
              RenderInline {FONT} at (0,0) size 3x11
                RenderText {#text} at (0,0) size 3x11
                  text run at (0,0) width 3: " "
            RenderTableCell {TD} at (640,220) size 8x11 [bgcolor=#026766] [r=20 c=82 rs=1 cs=1]
              RenderInline {FONT} at (0,0) size 3x11
                RenderText {#text} at (0,0) size 3x11
                  text run at (0,0) width 3: " "
            RenderTableCell {TD} at (648,220) size 8x11 [bgcolor=#026766] [r=20 c=83 rs=1 cs=1]
              RenderInline {FONT} at (0,0) size 3x11
                RenderText {#text} at (0,0) size 3x11
                  text run at (0,0) width 3: " "
            RenderTableCell {TD} at (656,220) size 8x11 [bgcolor=#026766] [r=20 c=84 rs=1 cs=1]
              RenderInline {FONT} at (0,0) size 3x11
                RenderText {#text} at (0,0) size 3x11
                  text run at (0,0) width 3: " "
            RenderTableCell {TD} at (664,220) size 8x11 [bgcolor=#026766] [r=20 c=85 rs=1 cs=1]
              RenderInline {FONT} at (0,0) size 3x11
                RenderText {#text} at (0,0) size 3x11
                  text run at (0,0) width 3: " "
            RenderTableCell {TD} at (672,220) size 8x11 [bgcolor=#026766] [r=20 c=86 rs=1 cs=1]
              RenderInline {FONT} at (0,0) size 3x11
                RenderText {#text} at (0,0) size 3x11
                  text run at (0,0) width 3: " "
            RenderTableCell {TD} at (680,220) size 8x11 [bgcolor=#026766] [r=20 c=87 rs=1 cs=1]
              RenderInline {FONT} at (0,0) size 3x11
                RenderText {#text} at (0,0) size 3x11
                  text run at (0,0) width 3: " "
            RenderTableCell {TD} at (688,220) size 8x11 [bgcolor=#026766] [r=20 c=88 rs=1 cs=1]
              RenderInline {FONT} at (0,0) size 3x11
                RenderText {#text} at (0,0) size 3x11
                  text run at (0,0) width 3: " "
            RenderTableCell {TD} at (696,220) size 8x11 [bgcolor=#026766] [r=20 c=89 rs=1 cs=1]
              RenderInline {FONT} at (0,0) size 3x11
                RenderText {#text} at (0,0) size 3x11
                  text run at (0,0) width 3: " "
            RenderTableCell {TD} at (704,220) size 8x11 [bgcolor=#026766] [r=20 c=90 rs=1 cs=1]
              RenderInline {FONT} at (0,0) size 3x11
                RenderText {#text} at (0,0) size 3x11
                  text run at (0,0) width 3: " "
            RenderTableCell {TD} at (712,220) size 8x11 [bgcolor=#025E5E] [r=20 c=91 rs=1 cs=1]
              RenderInline {FONT} at (0,0) size 3x11
                RenderText {#text} at (0,0) size 3x11
                  text run at (0,0) width 3: " "
            RenderTableCell {TD} at (720,220) size 8x11 [bgcolor=#044F4F] [r=20 c=92 rs=1 cs=1]
              RenderInline {FONT} at (0,0) size 3x11
                RenderText {#text} at (0,0) size 3x11
                  text run at (0,0) width 3: " "
            RenderTableCell {TD} at (728,220) size 8x11 [bgcolor=#044140] [r=20 c=93 rs=1 cs=1]
              RenderInline {FONT} at (0,0) size 3x11
                RenderText {#text} at (0,0) size 3x11
                  text run at (0,0) width 3: " "
            RenderTableCell {TD} at (736,220) size 8x11 [bgcolor=#2D3433] [r=20 c=94 rs=1 cs=1]
              RenderInline {FONT} at (0,0) size 3x11
                RenderText {#text} at (0,0) size 3x11
                  text run at (0,0) width 3: " "
            RenderTableCell {TD} at (744,220) size 8x11 [bgcolor=#3D4242] [r=20 c=95 rs=1 cs=1]
              RenderInline {FONT} at (0,0) size 3x11
                RenderText {#text} at (0,0) size 3x11
                  text run at (0,0) width 3: " "
            RenderTableCell {TD} at (752,220) size 8x11 [bgcolor=#515C5B] [r=20 c=96 rs=1 cs=1]
              RenderInline {FONT} at (0,0) size 3x11
                RenderText {#text} at (0,0) size 3x11
                  text run at (0,0) width 3: " "
            RenderTableCell {TD} at (760,220) size 8x11 [bgcolor=#696A69] [r=20 c=97 rs=1 cs=1]
              RenderInline {FONT} at (0,0) size 3x11
                RenderText {#text} at (0,0) size 3x11
                  text run at (0,0) width 3: " "
            RenderTableCell {TD} at (768,220) size 8x11 [bgcolor=#515C5B] [r=20 c=98 rs=1 cs=1]
              RenderInline {FONT} at (0,0) size 3x11
                RenderText {#text} at (0,0) size 3x11
                  text run at (0,0) width 3: " "
            RenderTableCell {TD} at (776,220) size 8x11 [bgcolor=#3D4242] [r=20 c=99 rs=1 cs=1]
              RenderInline {FONT} at (0,0) size 3x11
                RenderText {#text} at (0,0) size 3x11
                  text run at (0,0) width 3: " "
          RenderTableRow {TR} at (0,231) size 784x11
            RenderTableCell {TD} at (0,231) size 7x11 [bgcolor=#FDFDFB] [r=21 c=0 rs=1 cs=1]
              RenderInline {FONT} at (0,0) size 3x11
                RenderText {#text} at (0,0) size 3x11
                  text run at (0,0) width 3: " "
            RenderTableCell {TD} at (7,231) size 7x11 [bgcolor=#FDFDFB] [r=21 c=1 rs=1 cs=1]
              RenderInline {FONT} at (0,0) size 3x11
                RenderText {#text} at (0,0) size 3x11
                  text run at (0,0) width 3: " "
            RenderTableCell {TD} at (14,231) size 7x11 [bgcolor=#FDFDFB] [r=21 c=2 rs=1 cs=1]
              RenderInline {FONT} at (0,0) size 3x11
                RenderText {#text} at (0,0) size 3x11
                  text run at (0,0) width 3: " "
            RenderTableCell {TD} at (21,231) size 7x11 [bgcolor=#EDEEEF] [r=21 c=3 rs=1 cs=1]
              RenderInline {FONT} at (0,0) size 3x11
                RenderText {#text} at (0,0) size 3x11
                  text run at (0,0) width 3: " "
            RenderTableCell {TD} at (28,231) size 7x11 [bgcolor=#CECFCF] [r=21 c=4 rs=1 cs=1]
              RenderInline {FONT} at (0,0) size 3x11
                RenderText {#text} at (0,0) size 3x11
                  text run at (0,0) width 3: " "
            RenderTableCell {TD} at (35,231) size 7x11 [bgcolor=#5A8787] [r=21 c=5 rs=1 cs=1]
              RenderInline {FONT} at (0,0) size 3x11
                RenderText {#text} at (0,0) size 3x11
                  text run at (0,0) width 3: " "
            RenderTableCell {TD} at (42,231) size 7x11 [bgcolor=#1A5C5C] [r=21 c=6 rs=1 cs=1]
              RenderInline {FONT} at (0,0) size 3x11
                RenderText {#text} at (0,0) size 3x11
                  text run at (0,0) width 3: " "
            RenderTableCell {TD} at (49,231) size 7x11 [bgcolor=#044F4F] [r=21 c=7 rs=1 cs=1]
              RenderInline {FONT} at (0,0) size 3x11
                RenderText {#text} at (0,0) size 3x11
                  text run at (0,0) width 3: " "
            RenderTableCell {TD} at (56,231) size 7x11 [bgcolor=#025E5E] [r=21 c=8 rs=1 cs=1]
              RenderInline {FONT} at (0,0) size 3x11
                RenderText {#text} at (0,0) size 3x11
                  text run at (0,0) width 3: " "
            RenderTableCell {TD} at (63,231) size 7x11 [bgcolor=#025E5E] [r=21 c=9 rs=1 cs=1]
              RenderInline {FONT} at (0,0) size 3x11
                RenderText {#text} at (0,0) size 3x11
                  text run at (0,0) width 3: " "
            RenderTableCell {TD} at (70,231) size 7x11 [bgcolor=#025E5E] [r=21 c=10 rs=1 cs=1]
              RenderInline {FONT} at (0,0) size 3x11
                RenderText {#text} at (0,0) size 3x11
                  text run at (0,0) width 3: " "
            RenderTableCell {TD} at (77,231) size 7x11 [bgcolor=#025E5E] [r=21 c=11 rs=1 cs=1]
              RenderInline {FONT} at (0,0) size 3x11
                RenderText {#text} at (0,0) size 3x11
                  text run at (0,0) width 3: " "
            RenderTableCell {TD} at (84,231) size 7x11 [bgcolor=#025E5E] [r=21 c=12 rs=1 cs=1]
              RenderInline {FONT} at (0,0) size 3x11
                RenderText {#text} at (0,0) size 3x11
                  text run at (0,0) width 3: " "
            RenderTableCell {TD} at (91,231) size 7x11 [bgcolor=#025E5E] [r=21 c=13 rs=1 cs=1]
              RenderInline {FONT} at (0,0) size 3x11
                RenderText {#text} at (0,0) size 3x11
                  text run at (0,0) width 3: " "
            RenderTableCell {TD} at (98,231) size 7x11 [bgcolor=#044F4F] [r=21 c=14 rs=1 cs=1]
              RenderInline {FONT} at (0,0) size 3x11
                RenderText {#text} at (0,0) size 3x11
                  text run at (0,0) width 3: " "
            RenderTableCell {TD} at (105,231) size 7x11 [bgcolor=#223C3D] [r=21 c=15 rs=1 cs=1]
              RenderInline {FONT} at (0,0) size 3x11
                RenderText {#text} at (0,0) size 3x11
                  text run at (0,0) width 3: " "
            RenderTableCell {TD} at (112,231) size 8x11 [bgcolor=#344C4E] [r=21 c=16 rs=1 cs=1]
              RenderInline {FONT} at (0,0) size 3x11
                RenderText {#text} at (0,0) size 3x11
                  text run at (0,0) width 3: " "
            RenderTableCell {TD} at (120,231) size 8x11 [bgcolor=#344C4E] [r=21 c=17 rs=1 cs=1]
              RenderInline {FONT} at (0,0) size 3x11
                RenderText {#text} at (0,0) size 3x11
                  text run at (0,0) width 3: " "
            RenderTableCell {TD} at (128,231) size 8x11 [bgcolor=#1A6B6A] [r=21 c=18 rs=1 cs=1]
              RenderInline {FONT} at (0,0) size 3x11
                RenderText {#text} at (0,0) size 3x11
                  text run at (0,0) width 3: " "
            RenderTableCell {TD} at (136,231) size 8x11 [bgcolor=#048485] [r=21 c=19 rs=1 cs=1]
              RenderInline {FONT} at (0,0) size 3x11
                RenderText {#text} at (0,0) size 3x11
                  text run at (0,0) width 3: " "
            RenderTableCell {TD} at (144,231) size 8x11 [bgcolor=#027777] [r=21 c=20 rs=1 cs=1]
              RenderInline {FONT} at (0,0) size 3x11
                RenderText {#text} at (0,0) size 3x11
                  text run at (0,0) width 3: " "
            RenderTableCell {TD} at (152,231) size 8x11 [bgcolor=#026766] [r=21 c=21 rs=1 cs=1]
              RenderInline {FONT} at (0,0) size 3x11
                RenderText {#text} at (0,0) size 3x11
                  text run at (0,0) width 3: " "
            RenderTableCell {TD} at (160,231) size 8x11 [bgcolor=#025E5E] [r=21 c=22 rs=1 cs=1]
              RenderInline {FONT} at (0,0) size 3x11
                RenderText {#text} at (0,0) size 3x11
                  text run at (0,0) width 3: " "
            RenderTableCell {TD} at (168,231) size 8x11 [bgcolor=#025E5E] [r=21 c=23 rs=1 cs=1]
              RenderInline {FONT} at (0,0) size 3x11
                RenderText {#text} at (0,0) size 3x11
                  text run at (0,0) width 3: " "
            RenderTableCell {TD} at (176,231) size 8x11 [bgcolor=#044F4F] [r=21 c=24 rs=1 cs=1]
              RenderInline {FONT} at (0,0) size 3x11
                RenderText {#text} at (0,0) size 3x11
                  text run at (0,0) width 3: " "
            RenderTableCell {TD} at (184,231) size 8x11 [bgcolor=#044140] [r=21 c=25 rs=1 cs=1]
              RenderInline {FONT} at (0,0) size 3x11
                RenderText {#text} at (0,0) size 3x11
                  text run at (0,0) width 3: " "
            RenderTableCell {TD} at (192,231) size 8x11 [bgcolor=#083131] [r=21 c=26 rs=1 cs=1]
              RenderInline {FONT} at (0,0) size 3x11
                RenderText {#text} at (0,0) size 3x11
                  text run at (0,0) width 3: " "
            RenderTableCell {TD} at (200,231) size 8x11 [bgcolor=#083131] [r=21 c=27 rs=1 cs=1]
              RenderInline {FONT} at (0,0) size 3x11
                RenderText {#text} at (0,0) size 3x11
                  text run at (0,0) width 3: " "
            RenderTableCell {TD} at (208,231) size 8x11 [bgcolor=#1C2524] [r=21 c=28 rs=1 cs=1]
              RenderInline {FONT} at (0,0) size 3x11
                RenderText {#text} at (0,0) size 3x11
                  text run at (0,0) width 3: " "
            RenderTableCell {TD} at (216,231) size 8x11 [bgcolor=#2D3433] [r=21 c=29 rs=1 cs=1]
              RenderInline {FONT} at (0,0) size 3x11
                RenderText {#text} at (0,0) size 3x11
                  text run at (0,0) width 3: " "
            RenderTableCell {TD} at (224,231) size 8x11 [bgcolor=#3D4242] [r=21 c=30 rs=1 cs=1]
              RenderInline {FONT} at (0,0) size 3x11
                RenderText {#text} at (0,0) size 3x11
                  text run at (0,0) width 3: " "
            RenderTableCell {TD} at (232,231) size 8x11 [bgcolor=#4D4F4F] [r=21 c=31 rs=1 cs=1]
              RenderInline {FONT} at (0,0) size 3x11
                RenderText {#text} at (0,0) size 3x11
                  text run at (0,0) width 3: " "
            RenderTableCell {TD} at (240,231) size 8x11 [bgcolor=#5E5F60] [r=21 c=32 rs=1 cs=1]
              RenderInline {FONT} at (0,0) size 3x11
                RenderText {#text} at (0,0) size 3x11
                  text run at (0,0) width 3: " "
            RenderTableCell {TD} at (248,231) size 8x11 [bgcolor=#696A69] [r=21 c=33 rs=1 cs=1]
              RenderInline {FONT} at (0,0) size 3x11
                RenderText {#text} at (0,0) size 3x11
                  text run at (0,0) width 3: " "
            RenderTableCell {TD} at (256,231) size 8x11 [bgcolor=#696A69] [r=21 c=34 rs=1 cs=1]
              RenderInline {FONT} at (0,0) size 3x11
                RenderText {#text} at (0,0) size 3x11
                  text run at (0,0) width 3: " "
            RenderTableCell {TD} at (264,231) size 8x11 [bgcolor=#5E5F60] [r=21 c=35 rs=1 cs=1]
              RenderInline {FONT} at (0,0) size 3x11
                RenderText {#text} at (0,0) size 3x11
                  text run at (0,0) width 3: " "
            RenderTableCell {TD} at (272,231) size 8x11 [bgcolor=#027777] [r=21 c=36 rs=1 cs=1]
              RenderInline {FONT} at (0,0) size 3x11
                RenderText {#text} at (0,0) size 3x11
                  text run at (0,0) width 3: " "
            RenderTableCell {TD} at (280,231) size 8x11 [bgcolor=#027777] [r=21 c=37 rs=1 cs=1]
              RenderInline {FONT} at (0,0) size 3x11
                RenderText {#text} at (0,0) size 3x11
                  text run at (0,0) width 3: " "
            RenderTableCell {TD} at (288,231) size 8x11 [bgcolor=#026766] [r=21 c=38 rs=1 cs=1]
              RenderInline {FONT} at (0,0) size 3x11
                RenderText {#text} at (0,0) size 3x11
                  text run at (0,0) width 3: " "
            RenderTableCell {TD} at (296,231) size 8x11 [bgcolor=#025E5E] [r=21 c=39 rs=1 cs=1]
              RenderInline {FONT} at (0,0) size 3x11
                RenderText {#text} at (0,0) size 3x11
                  text run at (0,0) width 3: " "
            RenderTableCell {TD} at (304,231) size 8x11 [bgcolor=#025E5E] [r=21 c=40 rs=1 cs=1]
              RenderInline {FONT} at (0,0) size 3x11
                RenderText {#text} at (0,0) size 3x11
                  text run at (0,0) width 3: " "
            RenderTableCell {TD} at (312,231) size 8x11 [bgcolor=#025E5E] [r=21 c=41 rs=1 cs=1]
              RenderInline {FONT} at (0,0) size 3x11
                RenderText {#text} at (0,0) size 3x11
                  text run at (0,0) width 3: " "
            RenderTableCell {TD} at (320,231) size 8x11 [bgcolor=#025E5E] [r=21 c=42 rs=1 cs=1]
              RenderInline {FONT} at (0,0) size 3x11
                RenderText {#text} at (0,0) size 3x11
                  text run at (0,0) width 3: " "
            RenderTableCell {TD} at (328,231) size 8x11 [bgcolor=#025E5E] [r=21 c=43 rs=1 cs=1]
              RenderInline {FONT} at (0,0) size 3x11
                RenderText {#text} at (0,0) size 3x11
                  text run at (0,0) width 3: " "
            RenderTableCell {TD} at (336,231) size 8x11 [bgcolor=#025E5E] [r=21 c=44 rs=1 cs=1]
              RenderInline {FONT} at (0,0) size 3x11
                RenderText {#text} at (0,0) size 3x11
                  text run at (0,0) width 3: " "
            RenderTableCell {TD} at (344,231) size 8x11 [bgcolor=#025E5E] [r=21 c=45 rs=1 cs=1]
              RenderInline {FONT} at (0,0) size 3x11
                RenderText {#text} at (0,0) size 3x11
                  text run at (0,0) width 3: " "
            RenderTableCell {TD} at (352,231) size 8x11 [bgcolor=#025E5E] [r=21 c=46 rs=1 cs=1]
              RenderInline {FONT} at (0,0) size 3x11
                RenderText {#text} at (0,0) size 3x11
                  text run at (0,0) width 3: " "
            RenderTableCell {TD} at (360,231) size 8x11 [bgcolor=#025E5E] [r=21 c=47 rs=1 cs=1]
              RenderInline {FONT} at (0,0) size 3x11
                RenderText {#text} at (0,0) size 3x11
                  text run at (0,0) width 3: " "
            RenderTableCell {TD} at (368,231) size 8x11 [bgcolor=#025E5E] [r=21 c=48 rs=1 cs=1]
              RenderInline {FONT} at (0,0) size 3x11
                RenderText {#text} at (0,0) size 3x11
                  text run at (0,0) width 3: " "
            RenderTableCell {TD} at (376,231) size 8x11 [bgcolor=#025E5E] [r=21 c=49 rs=1 cs=1]
              RenderInline {FONT} at (0,0) size 3x11
                RenderText {#text} at (0,0) size 3x11
                  text run at (0,0) width 3: " "
            RenderTableCell {TD} at (384,231) size 8x11 [bgcolor=#044F4F] [r=21 c=50 rs=1 cs=1]
              RenderInline {FONT} at (0,0) size 3x11
                RenderText {#text} at (0,0) size 3x11
                  text run at (0,0) width 3: " "
            RenderTableCell {TD} at (392,231) size 8x11 [bgcolor=#083131] [r=21 c=51 rs=1 cs=1]
              RenderInline {FONT} at (0,0) size 3x11
                RenderText {#text} at (0,0) size 3x11
                  text run at (0,0) width 3: " "
            RenderTableCell {TD} at (400,231) size 8x11 [bgcolor=#2D3433] [r=21 c=52 rs=1 cs=1]
              RenderInline {FONT} at (0,0) size 3x11
                RenderText {#text} at (0,0) size 3x11
                  text run at (0,0) width 3: " "
            RenderTableCell {TD} at (408,231) size 8x11 [bgcolor=#3D4242] [r=21 c=53 rs=1 cs=1]
              RenderInline {FONT} at (0,0) size 3x11
                RenderText {#text} at (0,0) size 3x11
                  text run at (0,0) width 3: " "
            RenderTableCell {TD} at (416,231) size 8x11 [bgcolor=#515C5B] [r=21 c=54 rs=1 cs=1]
              RenderInline {FONT} at (0,0) size 3x11
                RenderText {#text} at (0,0) size 3x11
                  text run at (0,0) width 3: " "
            RenderTableCell {TD} at (424,231) size 8x11 [bgcolor=#5E5F60] [r=21 c=55 rs=1 cs=1]
              RenderInline {FONT} at (0,0) size 3x11
                RenderText {#text} at (0,0) size 3x11
                  text run at (0,0) width 3: " "
            RenderTableCell {TD} at (432,231) size 8x11 [bgcolor=#696A69] [r=21 c=56 rs=1 cs=1]
              RenderInline {FONT} at (0,0) size 3x11
                RenderText {#text} at (0,0) size 3x11
                  text run at (0,0) width 3: " "
            RenderTableCell {TD} at (440,231) size 8x11 [bgcolor=#696A69] [r=21 c=57 rs=1 cs=1]
              RenderInline {FONT} at (0,0) size 3x11
                RenderText {#text} at (0,0) size 3x11
                  text run at (0,0) width 3: " "
            RenderTableCell {TD} at (448,231) size 8x11 [bgcolor=#696A69] [r=21 c=58 rs=1 cs=1]
              RenderInline {FONT} at (0,0) size 3x11
                RenderText {#text} at (0,0) size 3x11
                  text run at (0,0) width 3: " "
            RenderTableCell {TD} at (456,231) size 8x11 [bgcolor=#696A69] [r=21 c=59 rs=1 cs=1]
              RenderInline {FONT} at (0,0) size 3x11
                RenderText {#text} at (0,0) size 3x11
                  text run at (0,0) width 3: " "
            RenderTableCell {TD} at (464,231) size 8x11 [bgcolor=#696A69] [r=21 c=60 rs=1 cs=1]
              RenderInline {FONT} at (0,0) size 3x11
                RenderText {#text} at (0,0) size 3x11
                  text run at (0,0) width 3: " "
            RenderTableCell {TD} at (472,231) size 8x11 [bgcolor=#5E5F60] [r=21 c=61 rs=1 cs=1]
              RenderInline {FONT} at (0,0) size 3x11
                RenderText {#text} at (0,0) size 3x11
                  text run at (0,0) width 3: " "
            RenderTableCell {TD} at (480,231) size 8x11 [bgcolor=#425A5A] [r=21 c=62 rs=1 cs=1]
              RenderInline {FONT} at (0,0) size 3x11
                RenderText {#text} at (0,0) size 3x11
                  text run at (0,0) width 3: " "
            RenderTableCell {TD} at (488,231) size 8x11 [bgcolor=#1A5C5C] [r=21 c=63 rs=1 cs=1]
              RenderInline {FONT} at (0,0) size 3x11
                RenderText {#text} at (0,0) size 3x11
                  text run at (0,0) width 3: " "
            RenderTableCell {TD} at (496,231) size 8x11 [bgcolor=#044F4F] [r=21 c=64 rs=1 cs=1]
              RenderInline {FONT} at (0,0) size 3x11
                RenderText {#text} at (0,0) size 3x11
                  text run at (0,0) width 3: " "
            RenderTableCell {TD} at (504,231) size 8x11 [bgcolor=#025E5E] [r=21 c=65 rs=1 cs=1]
              RenderInline {FONT} at (0,0) size 3x11
                RenderText {#text} at (0,0) size 3x11
                  text run at (0,0) width 3: " "
            RenderTableCell {TD} at (512,231) size 8x11 [bgcolor=#025E5E] [r=21 c=66 rs=1 cs=1]
              RenderInline {FONT} at (0,0) size 3x11
                RenderText {#text} at (0,0) size 3x11
                  text run at (0,0) width 3: " "
            RenderTableCell {TD} at (520,231) size 8x11 [bgcolor=#025E5E] [r=21 c=67 rs=1 cs=1]
              RenderInline {FONT} at (0,0) size 3x11
                RenderText {#text} at (0,0) size 3x11
                  text run at (0,0) width 3: " "
            RenderTableCell {TD} at (528,231) size 8x11 [bgcolor=#025E5E] [r=21 c=68 rs=1 cs=1]
              RenderInline {FONT} at (0,0) size 3x11
                RenderText {#text} at (0,0) size 3x11
                  text run at (0,0) width 3: " "
            RenderTableCell {TD} at (536,231) size 8x11 [bgcolor=#025E5E] [r=21 c=69 rs=1 cs=1]
              RenderInline {FONT} at (0,0) size 3x11
                RenderText {#text} at (0,0) size 3x11
                  text run at (0,0) width 3: " "
            RenderTableCell {TD} at (544,231) size 8x11 [bgcolor=#026766] [r=21 c=70 rs=1 cs=1]
              RenderInline {FONT} at (0,0) size 3x11
                RenderText {#text} at (0,0) size 3x11
                  text run at (0,0) width 3: " "
            RenderTableCell {TD} at (552,231) size 8x11 [bgcolor=#026766] [r=21 c=71 rs=1 cs=1]
              RenderInline {FONT} at (0,0) size 3x11
                RenderText {#text} at (0,0) size 3x11
                  text run at (0,0) width 3: " "
            RenderTableCell {TD} at (560,231) size 8x11 [bgcolor=#026766] [r=21 c=72 rs=1 cs=1]
              RenderInline {FONT} at (0,0) size 3x11
                RenderText {#text} at (0,0) size 3x11
                  text run at (0,0) width 3: " "
            RenderTableCell {TD} at (568,231) size 8x11 [bgcolor=#026766] [r=21 c=73 rs=1 cs=1]
              RenderInline {FONT} at (0,0) size 3x11
                RenderText {#text} at (0,0) size 3x11
                  text run at (0,0) width 3: " "
            RenderTableCell {TD} at (576,231) size 8x11 [bgcolor=#026766] [r=21 c=74 rs=1 cs=1]
              RenderInline {FONT} at (0,0) size 3x11
                RenderText {#text} at (0,0) size 3x11
                  text run at (0,0) width 3: " "
            RenderTableCell {TD} at (584,231) size 8x11 [bgcolor=#026766] [r=21 c=75 rs=1 cs=1]
              RenderInline {FONT} at (0,0) size 3x11
                RenderText {#text} at (0,0) size 3x11
                  text run at (0,0) width 3: " "
            RenderTableCell {TD} at (592,231) size 8x11 [bgcolor=#027777] [r=21 c=76 rs=1 cs=1]
              RenderInline {FONT} at (0,0) size 3x11
                RenderText {#text} at (0,0) size 3x11
                  text run at (0,0) width 3: " "
            RenderTableCell {TD} at (600,231) size 8x11 [bgcolor=#027777] [r=21 c=77 rs=1 cs=1]
              RenderInline {FONT} at (0,0) size 3x11
                RenderText {#text} at (0,0) size 3x11
                  text run at (0,0) width 3: " "
            RenderTableCell {TD} at (608,231) size 8x11 [bgcolor=#027777] [r=21 c=78 rs=1 cs=1]
              RenderInline {FONT} at (0,0) size 3x11
                RenderText {#text} at (0,0) size 3x11
                  text run at (0,0) width 3: " "
            RenderTableCell {TD} at (616,231) size 8x11 [bgcolor=#026766] [r=21 c=79 rs=1 cs=1]
              RenderInline {FONT} at (0,0) size 3x11
                RenderText {#text} at (0,0) size 3x11
                  text run at (0,0) width 3: " "
            RenderTableCell {TD} at (624,231) size 8x11 [bgcolor=#026766] [r=21 c=80 rs=1 cs=1]
              RenderInline {FONT} at (0,0) size 3x11
                RenderText {#text} at (0,0) size 3x11
                  text run at (0,0) width 3: " "
            RenderTableCell {TD} at (632,231) size 8x11 [bgcolor=#026766] [r=21 c=81 rs=1 cs=1]
              RenderInline {FONT} at (0,0) size 3x11
                RenderText {#text} at (0,0) size 3x11
                  text run at (0,0) width 3: " "
            RenderTableCell {TD} at (640,231) size 8x11 [bgcolor=#026766] [r=21 c=82 rs=1 cs=1]
              RenderInline {FONT} at (0,0) size 3x11
                RenderText {#text} at (0,0) size 3x11
                  text run at (0,0) width 3: " "
            RenderTableCell {TD} at (648,231) size 8x11 [bgcolor=#026766] [r=21 c=83 rs=1 cs=1]
              RenderInline {FONT} at (0,0) size 3x11
                RenderText {#text} at (0,0) size 3x11
                  text run at (0,0) width 3: " "
            RenderTableCell {TD} at (656,231) size 8x11 [bgcolor=#026766] [r=21 c=84 rs=1 cs=1]
              RenderInline {FONT} at (0,0) size 3x11
                RenderText {#text} at (0,0) size 3x11
                  text run at (0,0) width 3: " "
            RenderTableCell {TD} at (664,231) size 8x11 [bgcolor=#026766] [r=21 c=85 rs=1 cs=1]
              RenderInline {FONT} at (0,0) size 3x11
                RenderText {#text} at (0,0) size 3x11
                  text run at (0,0) width 3: " "
            RenderTableCell {TD} at (672,231) size 8x11 [bgcolor=#026766] [r=21 c=86 rs=1 cs=1]
              RenderInline {FONT} at (0,0) size 3x11
                RenderText {#text} at (0,0) size 3x11
                  text run at (0,0) width 3: " "
            RenderTableCell {TD} at (680,231) size 8x11 [bgcolor=#026766] [r=21 c=87 rs=1 cs=1]
              RenderInline {FONT} at (0,0) size 3x11
                RenderText {#text} at (0,0) size 3x11
                  text run at (0,0) width 3: " "
            RenderTableCell {TD} at (688,231) size 8x11 [bgcolor=#026766] [r=21 c=88 rs=1 cs=1]
              RenderInline {FONT} at (0,0) size 3x11
                RenderText {#text} at (0,0) size 3x11
                  text run at (0,0) width 3: " "
            RenderTableCell {TD} at (696,231) size 8x11 [bgcolor=#026766] [r=21 c=89 rs=1 cs=1]
              RenderInline {FONT} at (0,0) size 3x11
                RenderText {#text} at (0,0) size 3x11
                  text run at (0,0) width 3: " "
            RenderTableCell {TD} at (704,231) size 8x11 [bgcolor=#026766] [r=21 c=90 rs=1 cs=1]
              RenderInline {FONT} at (0,0) size 3x11
                RenderText {#text} at (0,0) size 3x11
                  text run at (0,0) width 3: " "
            RenderTableCell {TD} at (712,231) size 8x11 [bgcolor=#025E5E] [r=21 c=91 rs=1 cs=1]
              RenderInline {FONT} at (0,0) size 3x11
                RenderText {#text} at (0,0) size 3x11
                  text run at (0,0) width 3: " "
            RenderTableCell {TD} at (720,231) size 8x11 [bgcolor=#044F4F] [r=21 c=92 rs=1 cs=1]
              RenderInline {FONT} at (0,0) size 3x11
                RenderText {#text} at (0,0) size 3x11
                  text run at (0,0) width 3: " "
            RenderTableCell {TD} at (728,231) size 8x11 [bgcolor=#044140] [r=21 c=93 rs=1 cs=1]
              RenderInline {FONT} at (0,0) size 3x11
                RenderText {#text} at (0,0) size 3x11
                  text run at (0,0) width 3: " "
            RenderTableCell {TD} at (736,231) size 8x11 [bgcolor=#1C2524] [r=21 c=94 rs=1 cs=1]
              RenderInline {FONT} at (0,0) size 3x11
                RenderText {#text} at (0,0) size 3x11
                  text run at (0,0) width 3: " "
            RenderTableCell {TD} at (744,231) size 8x11 [bgcolor=#3D4242] [r=21 c=95 rs=1 cs=1]
              RenderInline {FONT} at (0,0) size 3x11
                RenderText {#text} at (0,0) size 3x11
                  text run at (0,0) width 3: " "
            RenderTableCell {TD} at (752,231) size 8x11 [bgcolor=#515C5B] [r=21 c=96 rs=1 cs=1]
              RenderInline {FONT} at (0,0) size 3x11
                RenderText {#text} at (0,0) size 3x11
                  text run at (0,0) width 3: " "
            RenderTableCell {TD} at (760,231) size 8x11 [bgcolor=#5E5F60] [r=21 c=97 rs=1 cs=1]
              RenderInline {FONT} at (0,0) size 3x11
                RenderText {#text} at (0,0) size 3x11
                  text run at (0,0) width 3: " "
            RenderTableCell {TD} at (768,231) size 8x11 [bgcolor=#5E5F60] [r=21 c=98 rs=1 cs=1]
              RenderInline {FONT} at (0,0) size 3x11
                RenderText {#text} at (0,0) size 3x11
                  text run at (0,0) width 3: " "
            RenderTableCell {TD} at (776,231) size 8x11 [bgcolor=#515C5B] [r=21 c=99 rs=1 cs=1]
              RenderInline {FONT} at (0,0) size 3x11
                RenderText {#text} at (0,0) size 3x11
                  text run at (0,0) width 3: " "
          RenderTableRow {TR} at (0,242) size 784x11
            RenderTableCell {TD} at (0,242) size 7x11 [bgcolor=#FDFDFB] [r=22 c=0 rs=1 cs=1]
              RenderInline {FONT} at (0,0) size 3x11
                RenderText {#text} at (0,0) size 3x11
                  text run at (0,0) width 3: " "
            RenderTableCell {TD} at (7,242) size 7x11 [bgcolor=#FDFDFB] [r=22 c=1 rs=1 cs=1]
              RenderInline {FONT} at (0,0) size 3x11
                RenderText {#text} at (0,0) size 3x11
                  text run at (0,0) width 3: " "
            RenderTableCell {TD} at (14,242) size 7x11 [bgcolor=#FDFDFB] [r=22 c=2 rs=1 cs=1]
              RenderInline {FONT} at (0,0) size 3x11
                RenderText {#text} at (0,0) size 3x11
                  text run at (0,0) width 3: " "
            RenderTableCell {TD} at (21,242) size 7x11 [bgcolor=#FDFDFB] [r=22 c=3 rs=1 cs=1]
              RenderInline {FONT} at (0,0) size 3x11
                RenderText {#text} at (0,0) size 3x11
                  text run at (0,0) width 3: " "
            RenderTableCell {TD} at (28,242) size 7x11 [bgcolor=#EDEEEF] [r=22 c=4 rs=1 cs=1]
              RenderInline {FONT} at (0,0) size 3x11
                RenderText {#text} at (0,0) size 3x11
                  text run at (0,0) width 3: " "
            RenderTableCell {TD} at (35,242) size 7x11 [bgcolor=#CECFCF] [r=22 c=5 rs=1 cs=1]
              RenderInline {FONT} at (0,0) size 3x11
                RenderText {#text} at (0,0) size 3x11
                  text run at (0,0) width 3: " "
            RenderTableCell {TD} at (42,242) size 7x11 [bgcolor=#91A3A3] [r=22 c=6 rs=1 cs=1]
              RenderInline {FONT} at (0,0) size 3x11
                RenderText {#text} at (0,0) size 3x11
                  text run at (0,0) width 3: " "
            RenderTableCell {TD} at (49,242) size 7x11 [bgcolor=#305D5D] [r=22 c=7 rs=1 cs=1]
              RenderInline {FONT} at (0,0) size 3x11
                RenderText {#text} at (0,0) size 3x11
                  text run at (0,0) width 3: " "
            RenderTableCell {TD} at (56,242) size 7x11 [bgcolor=#044F4F] [r=22 c=8 rs=1 cs=1]
              RenderInline {FONT} at (0,0) size 3x11
                RenderText {#text} at (0,0) size 3x11
                  text run at (0,0) width 3: " "
            RenderTableCell {TD} at (63,242) size 7x11 [bgcolor=#044F4F] [r=22 c=9 rs=1 cs=1]
              RenderInline {FONT} at (0,0) size 3x11
                RenderText {#text} at (0,0) size 3x11
                  text run at (0,0) width 3: " "
            RenderTableCell {TD} at (70,242) size 7x11 [bgcolor=#044F4F] [r=22 c=10 rs=1 cs=1]
              RenderInline {FONT} at (0,0) size 3x11
                RenderText {#text} at (0,0) size 3x11
                  text run at (0,0) width 3: " "
            RenderTableCell {TD} at (77,242) size 7x11 [bgcolor=#025E5E] [r=22 c=11 rs=1 cs=1]
              RenderInline {FONT} at (0,0) size 3x11
                RenderText {#text} at (0,0) size 3x11
                  text run at (0,0) width 3: " "
            RenderTableCell {TD} at (84,242) size 7x11 [bgcolor=#025E5E] [r=22 c=12 rs=1 cs=1]
              RenderInline {FONT} at (0,0) size 3x11
                RenderText {#text} at (0,0) size 3x11
                  text run at (0,0) width 3: " "
            RenderTableCell {TD} at (91,242) size 7x11 [bgcolor=#025E5E] [r=22 c=13 rs=1 cs=1]
              RenderInline {FONT} at (0,0) size 3x11
                RenderText {#text} at (0,0) size 3x11
                  text run at (0,0) width 3: " "
            RenderTableCell {TD} at (98,242) size 7x11 [bgcolor=#025E5E] [r=22 c=14 rs=1 cs=1]
              RenderInline {FONT} at (0,0) size 3x11
                RenderText {#text} at (0,0) size 3x11
                  text run at (0,0) width 3: " "
            RenderTableCell {TD} at (105,242) size 7x11 [bgcolor=#026766] [r=22 c=15 rs=1 cs=1]
              RenderInline {FONT} at (0,0) size 3x11
                RenderText {#text} at (0,0) size 3x11
                  text run at (0,0) width 3: " "
            RenderTableCell {TD} at (112,242) size 8x11 [bgcolor=#027777] [r=22 c=16 rs=1 cs=1]
              RenderInline {FONT} at (0,0) size 3x11
                RenderText {#text} at (0,0) size 3x11
                  text run at (0,0) width 3: " "
            RenderTableCell {TD} at (120,242) size 8x11 [bgcolor=#027777] [r=22 c=17 rs=1 cs=1]
              RenderInline {FONT} at (0,0) size 3x11
                RenderText {#text} at (0,0) size 3x11
                  text run at (0,0) width 3: " "
            RenderTableCell {TD} at (128,242) size 8x11 [bgcolor=#027777] [r=22 c=18 rs=1 cs=1]
              RenderInline {FONT} at (0,0) size 3x11
                RenderText {#text} at (0,0) size 3x11
                  text run at (0,0) width 3: " "
            RenderTableCell {TD} at (136,242) size 8x11 [bgcolor=#027777] [r=22 c=19 rs=1 cs=1]
              RenderInline {FONT} at (0,0) size 3x11
                RenderText {#text} at (0,0) size 3x11
                  text run at (0,0) width 3: " "
            RenderTableCell {TD} at (144,242) size 8x11 [bgcolor=#025E5E] [r=22 c=20 rs=1 cs=1]
              RenderInline {FONT} at (0,0) size 3x11
                RenderText {#text} at (0,0) size 3x11
                  text run at (0,0) width 3: " "
            RenderTableCell {TD} at (152,242) size 8x11 [bgcolor=#044F4F] [r=22 c=21 rs=1 cs=1]
              RenderInline {FONT} at (0,0) size 3x11
                RenderText {#text} at (0,0) size 3x11
                  text run at (0,0) width 3: " "
            RenderTableCell {TD} at (160,242) size 8x11 [bgcolor=#044F4F] [r=22 c=22 rs=1 cs=1]
              RenderInline {FONT} at (0,0) size 3x11
                RenderText {#text} at (0,0) size 3x11
                  text run at (0,0) width 3: " "
            RenderTableCell {TD} at (168,242) size 8x11 [bgcolor=#044140] [r=22 c=23 rs=1 cs=1]
              RenderInline {FONT} at (0,0) size 3x11
                RenderText {#text} at (0,0) size 3x11
                  text run at (0,0) width 3: " "
            RenderTableCell {TD} at (176,242) size 8x11 [bgcolor=#083131] [r=22 c=24 rs=1 cs=1]
              RenderInline {FONT} at (0,0) size 3x11
                RenderText {#text} at (0,0) size 3x11
                  text run at (0,0) width 3: " "
            RenderTableCell {TD} at (184,242) size 8x11 [bgcolor=#083131] [r=22 c=25 rs=1 cs=1]
              RenderInline {FONT} at (0,0) size 3x11
                RenderText {#text} at (0,0) size 3x11
                  text run at (0,0) width 3: " "
            RenderTableCell {TD} at (192,242) size 8x11 [bgcolor=#3D4242] [r=22 c=26 rs=1 cs=1]
              RenderInline {FONT} at (0,0) size 3x11
                RenderText {#text} at (0,0) size 3x11
                  text run at (0,0) width 3: " "
            RenderTableCell {TD} at (200,242) size 8x11 [bgcolor=#5E5F60] [r=22 c=27 rs=1 cs=1]
              RenderInline {FONT} at (0,0) size 3x11
                RenderText {#text} at (0,0) size 3x11
                  text run at (0,0) width 3: " "
            RenderTableCell {TD} at (208,242) size 8x11 [bgcolor=#848788] [r=22 c=28 rs=1 cs=1]
              RenderInline {FONT} at (0,0) size 3x11
                RenderText {#text} at (0,0) size 3x11
                  text run at (0,0) width 3: " "
            RenderTableCell {TD} at (216,242) size 8x11 [bgcolor=#A5A6A6] [r=22 c=29 rs=1 cs=1]
              RenderInline {FONT} at (0,0) size 3x11
                RenderText {#text} at (0,0) size 3x11
                  text run at (0,0) width 3: " "
            RenderTableCell {TD} at (224,242) size 8x11 [bgcolor=#CECFCF] [r=22 c=30 rs=1 cs=1]
              RenderInline {FONT} at (0,0) size 3x11
                RenderText {#text} at (0,0) size 3x11
                  text run at (0,0) width 3: " "
            RenderTableCell {TD} at (232,242) size 8x11 [bgcolor=#EDEEEF] [r=22 c=31 rs=1 cs=1]
              RenderInline {FONT} at (0,0) size 3x11
                RenderText {#text} at (0,0) size 3x11
                  text run at (0,0) width 3: " "
            RenderTableCell {TD} at (240,242) size 8x11 [bgcolor=#FDFDFB] [r=22 c=32 rs=1 cs=1]
              RenderInline {FONT} at (0,0) size 3x11
                RenderText {#text} at (0,0) size 3x11
                  text run at (0,0) width 3: " "
            RenderTableCell {TD} at (248,242) size 8x11 [bgcolor=#FDFDFB] [r=22 c=33 rs=1 cs=1]
              RenderInline {FONT} at (0,0) size 3x11
                RenderText {#text} at (0,0) size 3x11
                  text run at (0,0) width 3: " "
            RenderTableCell {TD} at (256,242) size 8x11 [bgcolor=#FDFDFB] [r=22 c=34 rs=1 cs=1]
              RenderInline {FONT} at (0,0) size 3x11
                RenderText {#text} at (0,0) size 3x11
                  text run at (0,0) width 3: " "
            RenderTableCell {TD} at (264,242) size 8x11 [bgcolor=#EDEEEF] [r=22 c=35 rs=1 cs=1]
              RenderInline {FONT} at (0,0) size 3x11
                RenderText {#text} at (0,0) size 3x11
                  text run at (0,0) width 3: " "
            RenderTableCell {TD} at (272,242) size 8x11 [bgcolor=#027777] [r=22 c=36 rs=1 cs=1]
              RenderInline {FONT} at (0,0) size 3x11
                RenderText {#text} at (0,0) size 3x11
                  text run at (0,0) width 3: " "
            RenderTableCell {TD} at (280,242) size 8x11 [bgcolor=#026766] [r=22 c=37 rs=1 cs=1]
              RenderInline {FONT} at (0,0) size 3x11
                RenderText {#text} at (0,0) size 3x11
                  text run at (0,0) width 3: " "
            RenderTableCell {TD} at (288,242) size 8x11 [bgcolor=#025E5E] [r=22 c=38 rs=1 cs=1]
              RenderInline {FONT} at (0,0) size 3x11
                RenderText {#text} at (0,0) size 3x11
                  text run at (0,0) width 3: " "
            RenderTableCell {TD} at (296,242) size 8x11 [bgcolor=#044F4F] [r=22 c=39 rs=1 cs=1]
              RenderInline {FONT} at (0,0) size 3x11
                RenderText {#text} at (0,0) size 3x11
                  text run at (0,0) width 3: " "
            RenderTableCell {TD} at (304,242) size 8x11 [bgcolor=#044F4F] [r=22 c=40 rs=1 cs=1]
              RenderInline {FONT} at (0,0) size 3x11
                RenderText {#text} at (0,0) size 3x11
                  text run at (0,0) width 3: " "
            RenderTableCell {TD} at (312,242) size 8x11 [bgcolor=#044F4F] [r=22 c=41 rs=1 cs=1]
              RenderInline {FONT} at (0,0) size 3x11
                RenderText {#text} at (0,0) size 3x11
                  text run at (0,0) width 3: " "
            RenderTableCell {TD} at (320,242) size 8x11 [bgcolor=#044F4F] [r=22 c=42 rs=1 cs=1]
              RenderInline {FONT} at (0,0) size 3x11
                RenderText {#text} at (0,0) size 3x11
                  text run at (0,0) width 3: " "
            RenderTableCell {TD} at (328,242) size 8x11 [bgcolor=#044F4F] [r=22 c=43 rs=1 cs=1]
              RenderInline {FONT} at (0,0) size 3x11
                RenderText {#text} at (0,0) size 3x11
                  text run at (0,0) width 3: " "
            RenderTableCell {TD} at (336,242) size 8x11 [bgcolor=#044F4F] [r=22 c=44 rs=1 cs=1]
              RenderInline {FONT} at (0,0) size 3x11
                RenderText {#text} at (0,0) size 3x11
                  text run at (0,0) width 3: " "
            RenderTableCell {TD} at (344,242) size 8x11 [bgcolor=#044F4F] [r=22 c=45 rs=1 cs=1]
              RenderInline {FONT} at (0,0) size 3x11
                RenderText {#text} at (0,0) size 3x11
                  text run at (0,0) width 3: " "
            RenderTableCell {TD} at (352,242) size 8x11 [bgcolor=#044F4F] [r=22 c=46 rs=1 cs=1]
              RenderInline {FONT} at (0,0) size 3x11
                RenderText {#text} at (0,0) size 3x11
                  text run at (0,0) width 3: " "
            RenderTableCell {TD} at (360,242) size 8x11 [bgcolor=#044F4F] [r=22 c=47 rs=1 cs=1]
              RenderInline {FONT} at (0,0) size 3x11
                RenderText {#text} at (0,0) size 3x11
                  text run at (0,0) width 3: " "
            RenderTableCell {TD} at (368,242) size 8x11 [bgcolor=#044F4F] [r=22 c=48 rs=1 cs=1]
              RenderInline {FONT} at (0,0) size 3x11
                RenderText {#text} at (0,0) size 3x11
                  text run at (0,0) width 3: " "
            RenderTableCell {TD} at (376,242) size 8x11 [bgcolor=#044F4F] [r=22 c=49 rs=1 cs=1]
              RenderInline {FONT} at (0,0) size 3x11
                RenderText {#text} at (0,0) size 3x11
                  text run at (0,0) width 3: " "
            RenderTableCell {TD} at (384,242) size 8x11 [bgcolor=#044140] [r=22 c=50 rs=1 cs=1]
              RenderInline {FONT} at (0,0) size 3x11
                RenderText {#text} at (0,0) size 3x11
                  text run at (0,0) width 3: " "
            RenderTableCell {TD} at (392,242) size 8x11 [bgcolor=#083131] [r=22 c=51 rs=1 cs=1]
              RenderInline {FONT} at (0,0) size 3x11
                RenderText {#text} at (0,0) size 3x11
                  text run at (0,0) width 3: " "
            RenderTableCell {TD} at (400,242) size 8x11 [bgcolor=#696A69] [r=22 c=52 rs=1 cs=1]
              RenderInline {FONT} at (0,0) size 3x11
                RenderText {#text} at (0,0) size 3x11
                  text run at (0,0) width 3: " "
            RenderTableCell {TD} at (408,242) size 8x11 [bgcolor=#B4B4B4] [r=22 c=53 rs=1 cs=1]
              RenderInline {FONT} at (0,0) size 3x11
                RenderText {#text} at (0,0) size 3x11
                  text run at (0,0) width 3: " "
            RenderTableCell {TD} at (416,242) size 8x11 [bgcolor=#DEDFDF] [r=22 c=54 rs=1 cs=1]
              RenderInline {FONT} at (0,0) size 3x11
                RenderText {#text} at (0,0) size 3x11
                  text run at (0,0) width 3: " "
            RenderTableCell {TD} at (424,242) size 8x11 [bgcolor=#FDFDFB] [r=22 c=55 rs=1 cs=1]
              RenderInline {FONT} at (0,0) size 3x11
                RenderText {#text} at (0,0) size 3x11
                  text run at (0,0) width 3: " "
            RenderTableCell {TD} at (432,242) size 8x11 [bgcolor=#FDFDFB] [r=22 c=56 rs=1 cs=1]
              RenderInline {FONT} at (0,0) size 3x11
                RenderText {#text} at (0,0) size 3x11
                  text run at (0,0) width 3: " "
            RenderTableCell {TD} at (440,242) size 8x11 [bgcolor=#FDFDFB] [r=22 c=57 rs=1 cs=1]
              RenderInline {FONT} at (0,0) size 3x11
                RenderText {#text} at (0,0) size 3x11
                  text run at (0,0) width 3: " "
            RenderTableCell {TD} at (448,242) size 8x11 [bgcolor=#FDFDFB] [r=22 c=58 rs=1 cs=1]
              RenderInline {FONT} at (0,0) size 3x11
                RenderText {#text} at (0,0) size 3x11
                  text run at (0,0) width 3: " "
            RenderTableCell {TD} at (456,242) size 8x11 [bgcolor=#FDFDFB] [r=22 c=59 rs=1 cs=1]
              RenderInline {FONT} at (0,0) size 3x11
                RenderText {#text} at (0,0) size 3x11
                  text run at (0,0) width 3: " "
            RenderTableCell {TD} at (464,242) size 8x11 [bgcolor=#FDFDFB] [r=22 c=60 rs=1 cs=1]
              RenderInline {FONT} at (0,0) size 3x11
                RenderText {#text} at (0,0) size 3x11
                  text run at (0,0) width 3: " "
            RenderTableCell {TD} at (472,242) size 8x11 [bgcolor=#FDFDFB] [r=22 c=61 rs=1 cs=1]
              RenderInline {FONT} at (0,0) size 3x11
                RenderText {#text} at (0,0) size 3x11
                  text run at (0,0) width 3: " "
            RenderTableCell {TD} at (480,242) size 8x11 [bgcolor=#EDEEEF] [r=22 c=62 rs=1 cs=1]
              RenderInline {FONT} at (0,0) size 3x11
                RenderText {#text} at (0,0) size 3x11
                  text run at (0,0) width 3: " "
            RenderTableCell {TD} at (488,242) size 8x11 [bgcolor=#BEC2C2] [r=22 c=63 rs=1 cs=1]
              RenderInline {FONT} at (0,0) size 3x11
                RenderText {#text} at (0,0) size 3x11
                  text run at (0,0) width 3: " "
            RenderTableCell {TD} at (496,242) size 8x11 [bgcolor=#396B6A] [r=22 c=64 rs=1 cs=1]
              RenderInline {FONT} at (0,0) size 3x11
                RenderText {#text} at (0,0) size 3x11
                  text run at (0,0) width 3: " "
            RenderTableCell {TD} at (504,242) size 8x11 [bgcolor=#044F4F] [r=22 c=65 rs=1 cs=1]
              RenderInline {FONT} at (0,0) size 3x11
                RenderText {#text} at (0,0) size 3x11
                  text run at (0,0) width 3: " "
            RenderTableCell {TD} at (512,242) size 8x11 [bgcolor=#044F4F] [r=22 c=66 rs=1 cs=1]
              RenderInline {FONT} at (0,0) size 3x11
                RenderText {#text} at (0,0) size 3x11
                  text run at (0,0) width 3: " "
            RenderTableCell {TD} at (520,242) size 8x11 [bgcolor=#025E5E] [r=22 c=67 rs=1 cs=1]
              RenderInline {FONT} at (0,0) size 3x11
                RenderText {#text} at (0,0) size 3x11
                  text run at (0,0) width 3: " "
            RenderTableCell {TD} at (528,242) size 8x11 [bgcolor=#025E5E] [r=22 c=68 rs=1 cs=1]
              RenderInline {FONT} at (0,0) size 3x11
                RenderText {#text} at (0,0) size 3x11
                  text run at (0,0) width 3: " "
            RenderTableCell {TD} at (536,242) size 8x11 [bgcolor=#025E5E] [r=22 c=69 rs=1 cs=1]
              RenderInline {FONT} at (0,0) size 3x11
                RenderText {#text} at (0,0) size 3x11
                  text run at (0,0) width 3: " "
            RenderTableCell {TD} at (544,242) size 8x11 [bgcolor=#025E5E] [r=22 c=70 rs=1 cs=1]
              RenderInline {FONT} at (0,0) size 3x11
                RenderText {#text} at (0,0) size 3x11
                  text run at (0,0) width 3: " "
            RenderTableCell {TD} at (552,242) size 8x11 [bgcolor=#025E5E] [r=22 c=71 rs=1 cs=1]
              RenderInline {FONT} at (0,0) size 3x11
                RenderText {#text} at (0,0) size 3x11
                  text run at (0,0) width 3: " "
            RenderTableCell {TD} at (560,242) size 8x11 [bgcolor=#025E5E] [r=22 c=72 rs=1 cs=1]
              RenderInline {FONT} at (0,0) size 3x11
                RenderText {#text} at (0,0) size 3x11
                  text run at (0,0) width 3: " "
            RenderTableCell {TD} at (568,242) size 8x11 [bgcolor=#025E5E] [r=22 c=73 rs=1 cs=1]
              RenderInline {FONT} at (0,0) size 3x11
                RenderText {#text} at (0,0) size 3x11
                  text run at (0,0) width 3: " "
            RenderTableCell {TD} at (576,242) size 8x11 [bgcolor=#026766] [r=22 c=74 rs=1 cs=1]
              RenderInline {FONT} at (0,0) size 3x11
                RenderText {#text} at (0,0) size 3x11
                  text run at (0,0) width 3: " "
            RenderTableCell {TD} at (584,242) size 8x11 [bgcolor=#026766] [r=22 c=75 rs=1 cs=1]
              RenderInline {FONT} at (0,0) size 3x11
                RenderText {#text} at (0,0) size 3x11
                  text run at (0,0) width 3: " "
            RenderTableCell {TD} at (592,242) size 8x11 [bgcolor=#026766] [r=22 c=76 rs=1 cs=1]
              RenderInline {FONT} at (0,0) size 3x11
                RenderText {#text} at (0,0) size 3x11
                  text run at (0,0) width 3: " "
            RenderTableCell {TD} at (600,242) size 8x11 [bgcolor=#026766] [r=22 c=77 rs=1 cs=1]
              RenderInline {FONT} at (0,0) size 3x11
                RenderText {#text} at (0,0) size 3x11
                  text run at (0,0) width 3: " "
            RenderTableCell {TD} at (608,242) size 8x11 [bgcolor=#026766] [r=22 c=78 rs=1 cs=1]
              RenderInline {FONT} at (0,0) size 3x11
                RenderText {#text} at (0,0) size 3x11
                  text run at (0,0) width 3: " "
            RenderTableCell {TD} at (616,242) size 8x11 [bgcolor=#026766] [r=22 c=79 rs=1 cs=1]
              RenderInline {FONT} at (0,0) size 3x11
                RenderText {#text} at (0,0) size 3x11
                  text run at (0,0) width 3: " "
            RenderTableCell {TD} at (624,242) size 8x11 [bgcolor=#026766] [r=22 c=80 rs=1 cs=1]
              RenderInline {FONT} at (0,0) size 3x11
                RenderText {#text} at (0,0) size 3x11
                  text run at (0,0) width 3: " "
            RenderTableCell {TD} at (632,242) size 8x11 [bgcolor=#026766] [r=22 c=81 rs=1 cs=1]
              RenderInline {FONT} at (0,0) size 3x11
                RenderText {#text} at (0,0) size 3x11
                  text run at (0,0) width 3: " "
            RenderTableCell {TD} at (640,242) size 8x11 [bgcolor=#026766] [r=22 c=82 rs=1 cs=1]
              RenderInline {FONT} at (0,0) size 3x11
                RenderText {#text} at (0,0) size 3x11
                  text run at (0,0) width 3: " "
            RenderTableCell {TD} at (648,242) size 8x11 [bgcolor=#026766] [r=22 c=83 rs=1 cs=1]
              RenderInline {FONT} at (0,0) size 3x11
                RenderText {#text} at (0,0) size 3x11
                  text run at (0,0) width 3: " "
            RenderTableCell {TD} at (656,242) size 8x11 [bgcolor=#026766] [r=22 c=84 rs=1 cs=1]
              RenderInline {FONT} at (0,0) size 3x11
                RenderText {#text} at (0,0) size 3x11
                  text run at (0,0) width 3: " "
            RenderTableCell {TD} at (664,242) size 8x11 [bgcolor=#026766] [r=22 c=85 rs=1 cs=1]
              RenderInline {FONT} at (0,0) size 3x11
                RenderText {#text} at (0,0) size 3x11
                  text run at (0,0) width 3: " "
            RenderTableCell {TD} at (672,242) size 8x11 [bgcolor=#026766] [r=22 c=86 rs=1 cs=1]
              RenderInline {FONT} at (0,0) size 3x11
                RenderText {#text} at (0,0) size 3x11
                  text run at (0,0) width 3: " "
            RenderTableCell {TD} at (680,242) size 8x11 [bgcolor=#026766] [r=22 c=87 rs=1 cs=1]
              RenderInline {FONT} at (0,0) size 3x11
                RenderText {#text} at (0,0) size 3x11
                  text run at (0,0) width 3: " "
            RenderTableCell {TD} at (688,242) size 8x11 [bgcolor=#026766] [r=22 c=88 rs=1 cs=1]
              RenderInline {FONT} at (0,0) size 3x11
                RenderText {#text} at (0,0) size 3x11
                  text run at (0,0) width 3: " "
            RenderTableCell {TD} at (696,242) size 8x11 [bgcolor=#026766] [r=22 c=89 rs=1 cs=1]
              RenderInline {FONT} at (0,0) size 3x11
                RenderText {#text} at (0,0) size 3x11
                  text run at (0,0) width 3: " "
            RenderTableCell {TD} at (704,242) size 8x11 [bgcolor=#026766] [r=22 c=90 rs=1 cs=1]
              RenderInline {FONT} at (0,0) size 3x11
                RenderText {#text} at (0,0) size 3x11
                  text run at (0,0) width 3: " "
            RenderTableCell {TD} at (712,242) size 8x11 [bgcolor=#025E5E] [r=22 c=91 rs=1 cs=1]
              RenderInline {FONT} at (0,0) size 3x11
                RenderText {#text} at (0,0) size 3x11
                  text run at (0,0) width 3: " "
            RenderTableCell {TD} at (720,242) size 8x11 [bgcolor=#044F4F] [r=22 c=92 rs=1 cs=1]
              RenderInline {FONT} at (0,0) size 3x11
                RenderText {#text} at (0,0) size 3x11
                  text run at (0,0) width 3: " "
            RenderTableCell {TD} at (728,242) size 8x11 [bgcolor=#044140] [r=22 c=93 rs=1 cs=1]
              RenderInline {FONT} at (0,0) size 3x11
                RenderText {#text} at (0,0) size 3x11
                  text run at (0,0) width 3: " "
            RenderTableCell {TD} at (736,242) size 8x11 [bgcolor=#425A5A] [r=22 c=94 rs=1 cs=1]
              RenderInline {FONT} at (0,0) size 3x11
                RenderText {#text} at (0,0) size 3x11
                  text run at (0,0) width 3: " "
            RenderTableCell {TD} at (744,242) size 8x11 [bgcolor=#A5A6A6] [r=22 c=95 rs=1 cs=1]
              RenderInline {FONT} at (0,0) size 3x11
                RenderText {#text} at (0,0) size 3x11
                  text run at (0,0) width 3: " "
            RenderTableCell {TD} at (752,242) size 8x11 [bgcolor=#CECFCF] [r=22 c=96 rs=1 cs=1]
              RenderInline {FONT} at (0,0) size 3x11
                RenderText {#text} at (0,0) size 3x11
                  text run at (0,0) width 3: " "
            RenderTableCell {TD} at (760,242) size 8x11 [bgcolor=#FDFDFB] [r=22 c=97 rs=1 cs=1]
              RenderInline {FONT} at (0,0) size 3x11
                RenderText {#text} at (0,0) size 3x11
                  text run at (0,0) width 3: " "
            RenderTableCell {TD} at (768,242) size 8x11 [bgcolor=#FDFDFB] [r=22 c=98 rs=1 cs=1]
              RenderInline {FONT} at (0,0) size 3x11
                RenderText {#text} at (0,0) size 3x11
                  text run at (0,0) width 3: " "
            RenderTableCell {TD} at (776,242) size 8x11 [bgcolor=#FDFDFB] [r=22 c=99 rs=1 cs=1]
              RenderInline {FONT} at (0,0) size 3x11
                RenderText {#text} at (0,0) size 3x11
                  text run at (0,0) width 3: " "
          RenderTableRow {TR} at (0,253) size 784x11
            RenderTableCell {TD} at (0,253) size 7x11 [bgcolor=#FDFDFB] [r=23 c=0 rs=1 cs=1]
              RenderInline {FONT} at (0,0) size 3x11
                RenderText {#text} at (0,0) size 3x11
                  text run at (0,0) width 3: " "
            RenderTableCell {TD} at (7,253) size 7x11 [bgcolor=#FDFDFB] [r=23 c=1 rs=1 cs=1]
              RenderInline {FONT} at (0,0) size 3x11
                RenderText {#text} at (0,0) size 3x11
                  text run at (0,0) width 3: " "
            RenderTableCell {TD} at (14,253) size 7x11 [bgcolor=#FDFDFB] [r=23 c=2 rs=1 cs=1]
              RenderInline {FONT} at (0,0) size 3x11
                RenderText {#text} at (0,0) size 3x11
                  text run at (0,0) width 3: " "
            RenderTableCell {TD} at (21,253) size 7x11 [bgcolor=#FDFDFB] [r=23 c=3 rs=1 cs=1]
              RenderInline {FONT} at (0,0) size 3x11
                RenderText {#text} at (0,0) size 3x11
                  text run at (0,0) width 3: " "
            RenderTableCell {TD} at (28,253) size 7x11 [bgcolor=#FDFDFB] [r=23 c=4 rs=1 cs=1]
              RenderInline {FONT} at (0,0) size 3x11
                RenderText {#text} at (0,0) size 3x11
                  text run at (0,0) width 3: " "
            RenderTableCell {TD} at (35,253) size 7x11 [bgcolor=#EDEEEF] [r=23 c=5 rs=1 cs=1]
              RenderInline {FONT} at (0,0) size 3x11
                RenderText {#text} at (0,0) size 3x11
                  text run at (0,0) width 3: " "
            RenderTableCell {TD} at (42,253) size 7x11 [bgcolor=#DEDFDF] [r=23 c=6 rs=1 cs=1]
              RenderInline {FONT} at (0,0) size 3x11
                RenderText {#text} at (0,0) size 3x11
                  text run at (0,0) width 3: " "
            RenderTableCell {TD} at (49,253) size 7x11 [bgcolor=#B4B4B4] [r=23 c=7 rs=1 cs=1]
              RenderInline {FONT} at (0,0) size 3x11
                RenderText {#text} at (0,0) size 3x11
                  text run at (0,0) width 3: " "
            RenderTableCell {TD} at (56,253) size 7x11 [bgcolor=#848788] [r=23 c=8 rs=1 cs=1]
              RenderInline {FONT} at (0,0) size 3x11
                RenderText {#text} at (0,0) size 3x11
                  text run at (0,0) width 3: " "
            RenderTableCell {TD} at (63,253) size 7x11 [bgcolor=#305D5D] [r=23 c=9 rs=1 cs=1]
              RenderInline {FONT} at (0,0) size 3x11
                RenderText {#text} at (0,0) size 3x11
                  text run at (0,0) width 3: " "
            RenderTableCell {TD} at (70,253) size 7x11 [bgcolor=#044F4F] [r=23 c=10 rs=1 cs=1]
              RenderInline {FONT} at (0,0) size 3x11
                RenderText {#text} at (0,0) size 3x11
                  text run at (0,0) width 3: " "
            RenderTableCell {TD} at (77,253) size 7x11 [bgcolor=#044140] [r=23 c=11 rs=1 cs=1]
              RenderInline {FONT} at (0,0) size 3x11
                RenderText {#text} at (0,0) size 3x11
                  text run at (0,0) width 3: " "
            RenderTableCell {TD} at (84,253) size 7x11 [bgcolor=#044F4F] [r=23 c=12 rs=1 cs=1]
              RenderInline {FONT} at (0,0) size 3x11
                RenderText {#text} at (0,0) size 3x11
                  text run at (0,0) width 3: " "
            RenderTableCell {TD} at (91,253) size 7x11 [bgcolor=#044F4F] [r=23 c=13 rs=1 cs=1]
              RenderInline {FONT} at (0,0) size 3x11
                RenderText {#text} at (0,0) size 3x11
                  text run at (0,0) width 3: " "
            RenderTableCell {TD} at (98,253) size 7x11 [bgcolor=#044F4F] [r=23 c=14 rs=1 cs=1]
              RenderInline {FONT} at (0,0) size 3x11
                RenderText {#text} at (0,0) size 3x11
                  text run at (0,0) width 3: " "
            RenderTableCell {TD} at (105,253) size 7x11 [bgcolor=#044F4F] [r=23 c=15 rs=1 cs=1]
              RenderInline {FONT} at (0,0) size 3x11
                RenderText {#text} at (0,0) size 3x11
                  text run at (0,0) width 3: " "
            RenderTableCell {TD} at (112,253) size 8x11 [bgcolor=#025E5E] [r=23 c=16 rs=1 cs=1]
              RenderInline {FONT} at (0,0) size 3x11
                RenderText {#text} at (0,0) size 3x11
                  text run at (0,0) width 3: " "
            RenderTableCell {TD} at (120,253) size 8x11 [bgcolor=#025E5E] [r=23 c=17 rs=1 cs=1]
              RenderInline {FONT} at (0,0) size 3x11
                RenderText {#text} at (0,0) size 3x11
                  text run at (0,0) width 3: " "
            RenderTableCell {TD} at (128,253) size 8x11 [bgcolor=#044F4F] [r=23 c=18 rs=1 cs=1]
              RenderInline {FONT} at (0,0) size 3x11
                RenderText {#text} at (0,0) size 3x11
                  text run at (0,0) width 3: " "
            RenderTableCell {TD} at (136,253) size 8x11 [bgcolor=#044F4F] [r=23 c=19 rs=1 cs=1]
              RenderInline {FONT} at (0,0) size 3x11
                RenderText {#text} at (0,0) size 3x11
                  text run at (0,0) width 3: " "
            RenderTableCell {TD} at (144,253) size 8x11 [bgcolor=#044140] [r=23 c=20 rs=1 cs=1]
              RenderInline {FONT} at (0,0) size 3x11
                RenderText {#text} at (0,0) size 3x11
                  text run at (0,0) width 3: " "
            RenderTableCell {TD} at (152,253) size 8x11 [bgcolor=#044140] [r=23 c=21 rs=1 cs=1]
              RenderInline {FONT} at (0,0) size 3x11
                RenderText {#text} at (0,0) size 3x11
                  text run at (0,0) width 3: " "
            RenderTableCell {TD} at (160,253) size 8x11 [bgcolor=#083131] [r=23 c=22 rs=1 cs=1]
              RenderInline {FONT} at (0,0) size 3x11
                RenderText {#text} at (0,0) size 3x11
                  text run at (0,0) width 3: " "
            RenderTableCell {TD} at (168,253) size 8x11 [bgcolor=#083131] [r=23 c=23 rs=1 cs=1]
              RenderInline {FONT} at (0,0) size 3x11
                RenderText {#text} at (0,0) size 3x11
                  text run at (0,0) width 3: " "
            RenderTableCell {TD} at (176,253) size 8x11 [bgcolor=#344C4E] [r=23 c=24 rs=1 cs=1]
              RenderInline {FONT} at (0,0) size 3x11
                RenderText {#text} at (0,0) size 3x11
                  text run at (0,0) width 3: " "
            RenderTableCell {TD} at (184,253) size 8x11 [bgcolor=#5E5F60] [r=23 c=25 rs=1 cs=1]
              RenderInline {FONT} at (0,0) size 3x11
                RenderText {#text} at (0,0) size 3x11
                  text run at (0,0) width 3: " "
            RenderTableCell {TD} at (192,253) size 8x11 [bgcolor=#777878] [r=23 c=26 rs=1 cs=1]
              RenderInline {FONT} at (0,0) size 3x11
                RenderText {#text} at (0,0) size 3x11
                  text run at (0,0) width 3: " "
            RenderTableCell {TD} at (200,253) size 8x11 [bgcolor=#939494] [r=23 c=27 rs=1 cs=1]
              RenderInline {FONT} at (0,0) size 3x11
                RenderText {#text} at (0,0) size 3x11
                  text run at (0,0) width 3: " "
            RenderTableCell {TD} at (208,253) size 8x11 [bgcolor=#B4B4B4] [r=23 c=28 rs=1 cs=1]
              RenderInline {FONT} at (0,0) size 3x11
                RenderText {#text} at (0,0) size 3x11
                  text run at (0,0) width 3: " "
            RenderTableCell {TD} at (216,253) size 8x11 [bgcolor=#CECFCF] [r=23 c=29 rs=1 cs=1]
              RenderInline {FONT} at (0,0) size 3x11
                RenderText {#text} at (0,0) size 3x11
                  text run at (0,0) width 3: " "
            RenderTableCell {TD} at (224,253) size 8x11 [bgcolor=#EDEEEF] [r=23 c=30 rs=1 cs=1]
              RenderInline {FONT} at (0,0) size 3x11
                RenderText {#text} at (0,0) size 3x11
                  text run at (0,0) width 3: " "
            RenderTableCell {TD} at (232,253) size 8x11 [bgcolor=#FDFDFB] [r=23 c=31 rs=1 cs=1]
              RenderInline {FONT} at (0,0) size 3x11
                RenderText {#text} at (0,0) size 3x11
                  text run at (0,0) width 3: " "
            RenderTableCell {TD} at (240,253) size 8x11 [bgcolor=#FDFDFB] [r=23 c=32 rs=1 cs=1]
              RenderInline {FONT} at (0,0) size 3x11
                RenderText {#text} at (0,0) size 3x11
                  text run at (0,0) width 3: " "
            RenderTableCell {TD} at (248,253) size 8x11 [bgcolor=#FDFDFB] [r=23 c=33 rs=1 cs=1]
              RenderInline {FONT} at (0,0) size 3x11
                RenderText {#text} at (0,0) size 3x11
                  text run at (0,0) width 3: " "
            RenderTableCell {TD} at (256,253) size 8x11 [bgcolor=#FDFDFB] [r=23 c=34 rs=1 cs=1]
              RenderInline {FONT} at (0,0) size 3x11
                RenderText {#text} at (0,0) size 3x11
                  text run at (0,0) width 3: " "
            RenderTableCell {TD} at (264,253) size 8x11 [bgcolor=#E0EAE9] [r=23 c=35 rs=1 cs=1]
              RenderInline {FONT} at (0,0) size 3x11
                RenderText {#text} at (0,0) size 3x11
                  text run at (0,0) width 3: " "
            RenderTableCell {TD} at (272,253) size 8x11 [bgcolor=#025E5E] [r=23 c=36 rs=1 cs=1]
              RenderInline {FONT} at (0,0) size 3x11
                RenderText {#text} at (0,0) size 3x11
                  text run at (0,0) width 3: " "
            RenderTableCell {TD} at (280,253) size 8x11 [bgcolor=#044F4F] [r=23 c=37 rs=1 cs=1]
              RenderInline {FONT} at (0,0) size 3x11
                RenderText {#text} at (0,0) size 3x11
                  text run at (0,0) width 3: " "
            RenderTableCell {TD} at (288,253) size 8x11 [bgcolor=#044140] [r=23 c=38 rs=1 cs=1]
              RenderInline {FONT} at (0,0) size 3x11
                RenderText {#text} at (0,0) size 3x11
                  text run at (0,0) width 3: " "
            RenderTableCell {TD} at (296,253) size 8x11 [bgcolor=#044140] [r=23 c=39 rs=1 cs=1]
              RenderInline {FONT} at (0,0) size 3x11
                RenderText {#text} at (0,0) size 3x11
                  text run at (0,0) width 3: " "
            RenderTableCell {TD} at (304,253) size 8x11 [bgcolor=#044140] [r=23 c=40 rs=1 cs=1]
              RenderInline {FONT} at (0,0) size 3x11
                RenderText {#text} at (0,0) size 3x11
                  text run at (0,0) width 3: " "
            RenderTableCell {TD} at (312,253) size 8x11 [bgcolor=#044140] [r=23 c=41 rs=1 cs=1]
              RenderInline {FONT} at (0,0) size 3x11
                RenderText {#text} at (0,0) size 3x11
                  text run at (0,0) width 3: " "
            RenderTableCell {TD} at (320,253) size 8x11 [bgcolor=#044140] [r=23 c=42 rs=1 cs=1]
              RenderInline {FONT} at (0,0) size 3x11
                RenderText {#text} at (0,0) size 3x11
                  text run at (0,0) width 3: " "
            RenderTableCell {TD} at (328,253) size 8x11 [bgcolor=#044140] [r=23 c=43 rs=1 cs=1]
              RenderInline {FONT} at (0,0) size 3x11
                RenderText {#text} at (0,0) size 3x11
                  text run at (0,0) width 3: " "
            RenderTableCell {TD} at (336,253) size 8x11 [bgcolor=#044140] [r=23 c=44 rs=1 cs=1]
              RenderInline {FONT} at (0,0) size 3x11
                RenderText {#text} at (0,0) size 3x11
                  text run at (0,0) width 3: " "
            RenderTableCell {TD} at (344,253) size 8x11 [bgcolor=#044140] [r=23 c=45 rs=1 cs=1]
              RenderInline {FONT} at (0,0) size 3x11
                RenderText {#text} at (0,0) size 3x11
                  text run at (0,0) width 3: " "
            RenderTableCell {TD} at (352,253) size 8x11 [bgcolor=#044140] [r=23 c=46 rs=1 cs=1]
              RenderInline {FONT} at (0,0) size 3x11
                RenderText {#text} at (0,0) size 3x11
                  text run at (0,0) width 3: " "
            RenderTableCell {TD} at (360,253) size 8x11 [bgcolor=#044140] [r=23 c=47 rs=1 cs=1]
              RenderInline {FONT} at (0,0) size 3x11
                RenderText {#text} at (0,0) size 3x11
                  text run at (0,0) width 3: " "
            RenderTableCell {TD} at (368,253) size 8x11 [bgcolor=#044140] [r=23 c=48 rs=1 cs=1]
              RenderInline {FONT} at (0,0) size 3x11
                RenderText {#text} at (0,0) size 3x11
                  text run at (0,0) width 3: " "
            RenderTableCell {TD} at (376,253) size 8x11 [bgcolor=#044140] [r=23 c=49 rs=1 cs=1]
              RenderInline {FONT} at (0,0) size 3x11
                RenderText {#text} at (0,0) size 3x11
                  text run at (0,0) width 3: " "
            RenderTableCell {TD} at (384,253) size 8x11 [bgcolor=#083131] [r=23 c=50 rs=1 cs=1]
              RenderInline {FONT} at (0,0) size 3x11
                RenderText {#text} at (0,0) size 3x11
                  text run at (0,0) width 3: " "
            RenderTableCell {TD} at (392,253) size 8x11 [bgcolor=#072323] [r=23 c=51 rs=1 cs=1]
              RenderInline {FONT} at (0,0) size 3x11
                RenderText {#text} at (0,0) size 3x11
                  text run at (0,0) width 3: " "
            RenderTableCell {TD} at (400,253) size 8x11 [bgcolor=#647979] [r=23 c=52 rs=1 cs=1]
              RenderInline {FONT} at (0,0) size 3x11
                RenderText {#text} at (0,0) size 3x11
                  text run at (0,0) width 3: " "
            RenderTableCell {TD} at (408,253) size 8x11 [bgcolor=#B4B4B4] [r=23 c=53 rs=1 cs=1]
              RenderInline {FONT} at (0,0) size 3x11
                RenderText {#text} at (0,0) size 3x11
                  text run at (0,0) width 3: " "
            RenderTableCell {TD} at (416,253) size 8x11 [bgcolor=#E0EAE9] [r=23 c=54 rs=1 cs=1]
              RenderInline {FONT} at (0,0) size 3x11
                RenderText {#text} at (0,0) size 3x11
                  text run at (0,0) width 3: " "
            RenderTableCell {TD} at (424,253) size 8x11 [bgcolor=#FDFDFB] [r=23 c=55 rs=1 cs=1]
              RenderInline {FONT} at (0,0) size 3x11
                RenderText {#text} at (0,0) size 3x11
                  text run at (0,0) width 3: " "
            RenderTableCell {TD} at (432,253) size 8x11 [bgcolor=#FDFDFB] [r=23 c=56 rs=1 cs=1]
              RenderInline {FONT} at (0,0) size 3x11
                RenderText {#text} at (0,0) size 3x11
                  text run at (0,0) width 3: " "
            RenderTableCell {TD} at (440,253) size 8x11 [bgcolor=#FDFDFB] [r=23 c=57 rs=1 cs=1]
              RenderInline {FONT} at (0,0) size 3x11
                RenderText {#text} at (0,0) size 3x11
                  text run at (0,0) width 3: " "
            RenderTableCell {TD} at (448,253) size 8x11 [bgcolor=#FDFDFB] [r=23 c=58 rs=1 cs=1]
              RenderInline {FONT} at (0,0) size 3x11
                RenderText {#text} at (0,0) size 3x11
                  text run at (0,0) width 3: " "
            RenderTableCell {TD} at (456,253) size 8x11 [bgcolor=#FDFDFB] [r=23 c=59 rs=1 cs=1]
              RenderInline {FONT} at (0,0) size 3x11
                RenderText {#text} at (0,0) size 3x11
                  text run at (0,0) width 3: " "
            RenderTableCell {TD} at (464,253) size 8x11 [bgcolor=#FDFDFB] [r=23 c=60 rs=1 cs=1]
              RenderInline {FONT} at (0,0) size 3x11
                RenderText {#text} at (0,0) size 3x11
                  text run at (0,0) width 3: " "
            RenderTableCell {TD} at (472,253) size 8x11 [bgcolor=#FDFDFB] [r=23 c=61 rs=1 cs=1]
              RenderInline {FONT} at (0,0) size 3x11
                RenderText {#text} at (0,0) size 3x11
                  text run at (0,0) width 3: " "
            RenderTableCell {TD} at (480,253) size 8x11 [bgcolor=#FDFDFB] [r=23 c=62 rs=1 cs=1]
              RenderInline {FONT} at (0,0) size 3x11
                RenderText {#text} at (0,0) size 3x11
                  text run at (0,0) width 3: " "
            RenderTableCell {TD} at (488,253) size 8x11 [bgcolor=#E0EAE9] [r=23 c=63 rs=1 cs=1]
              RenderInline {FONT} at (0,0) size 3x11
                RenderText {#text} at (0,0) size 3x11
                  text run at (0,0) width 3: " "
            RenderTableCell {TD} at (496,253) size 8x11 [bgcolor=#BEC2C2] [r=23 c=64 rs=1 cs=1]
              RenderInline {FONT} at (0,0) size 3x11
                RenderText {#text} at (0,0) size 3x11
                  text run at (0,0) width 3: " "
            RenderTableCell {TD} at (504,253) size 8x11 [bgcolor=#7B918F] [r=23 c=65 rs=1 cs=1]
              RenderInline {FONT} at (0,0) size 3x11
                RenderText {#text} at (0,0) size 3x11
                  text run at (0,0) width 3: " "
            RenderTableCell {TD} at (512,253) size 8x11 [bgcolor=#305D5D] [r=23 c=66 rs=1 cs=1]
              RenderInline {FONT} at (0,0) size 3x11
                RenderText {#text} at (0,0) size 3x11
                  text run at (0,0) width 3: " "
            RenderTableCell {TD} at (520,253) size 8x11 [bgcolor=#044F4F] [r=23 c=67 rs=1 cs=1]
              RenderInline {FONT} at (0,0) size 3x11
                RenderText {#text} at (0,0) size 3x11
                  text run at (0,0) width 3: " "
            RenderTableCell {TD} at (528,253) size 8x11 [bgcolor=#044F4F] [r=23 c=68 rs=1 cs=1]
              RenderInline {FONT} at (0,0) size 3x11
                RenderText {#text} at (0,0) size 3x11
                  text run at (0,0) width 3: " "
            RenderTableCell {TD} at (536,253) size 8x11 [bgcolor=#044F4F] [r=23 c=69 rs=1 cs=1]
              RenderInline {FONT} at (0,0) size 3x11
                RenderText {#text} at (0,0) size 3x11
                  text run at (0,0) width 3: " "
            RenderTableCell {TD} at (544,253) size 8x11 [bgcolor=#044F4F] [r=23 c=70 rs=1 cs=1]
              RenderInline {FONT} at (0,0) size 3x11
                RenderText {#text} at (0,0) size 3x11
                  text run at (0,0) width 3: " "
            RenderTableCell {TD} at (552,253) size 8x11 [bgcolor=#044F4F] [r=23 c=71 rs=1 cs=1]
              RenderInline {FONT} at (0,0) size 3x11
                RenderText {#text} at (0,0) size 3x11
                  text run at (0,0) width 3: " "
            RenderTableCell {TD} at (560,253) size 8x11 [bgcolor=#044F4F] [r=23 c=72 rs=1 cs=1]
              RenderInline {FONT} at (0,0) size 3x11
                RenderText {#text} at (0,0) size 3x11
                  text run at (0,0) width 3: " "
            RenderTableCell {TD} at (568,253) size 8x11 [bgcolor=#025E5E] [r=23 c=73 rs=1 cs=1]
              RenderInline {FONT} at (0,0) size 3x11
                RenderText {#text} at (0,0) size 3x11
                  text run at (0,0) width 3: " "
            RenderTableCell {TD} at (576,253) size 8x11 [bgcolor=#025E5E] [r=23 c=74 rs=1 cs=1]
              RenderInline {FONT} at (0,0) size 3x11
                RenderText {#text} at (0,0) size 3x11
                  text run at (0,0) width 3: " "
            RenderTableCell {TD} at (584,253) size 8x11 [bgcolor=#025E5E] [r=23 c=75 rs=1 cs=1]
              RenderInline {FONT} at (0,0) size 3x11
                RenderText {#text} at (0,0) size 3x11
                  text run at (0,0) width 3: " "
            RenderTableCell {TD} at (592,253) size 8x11 [bgcolor=#025E5E] [r=23 c=76 rs=1 cs=1]
              RenderInline {FONT} at (0,0) size 3x11
                RenderText {#text} at (0,0) size 3x11
                  text run at (0,0) width 3: " "
            RenderTableCell {TD} at (600,253) size 8x11 [bgcolor=#025E5E] [r=23 c=77 rs=1 cs=1]
              RenderInline {FONT} at (0,0) size 3x11
                RenderText {#text} at (0,0) size 3x11
                  text run at (0,0) width 3: " "
            RenderTableCell {TD} at (608,253) size 8x11 [bgcolor=#026766] [r=23 c=78 rs=1 cs=1]
              RenderInline {FONT} at (0,0) size 3x11
                RenderText {#text} at (0,0) size 3x11
                  text run at (0,0) width 3: " "
            RenderTableCell {TD} at (616,253) size 8x11 [bgcolor=#026766] [r=23 c=79 rs=1 cs=1]
              RenderInline {FONT} at (0,0) size 3x11
                RenderText {#text} at (0,0) size 3x11
                  text run at (0,0) width 3: " "
            RenderTableCell {TD} at (624,253) size 8x11 [bgcolor=#026766] [r=23 c=80 rs=1 cs=1]
              RenderInline {FONT} at (0,0) size 3x11
                RenderText {#text} at (0,0) size 3x11
                  text run at (0,0) width 3: " "
            RenderTableCell {TD} at (632,253) size 8x11 [bgcolor=#026766] [r=23 c=81 rs=1 cs=1]
              RenderInline {FONT} at (0,0) size 3x11
                RenderText {#text} at (0,0) size 3x11
                  text run at (0,0) width 3: " "
            RenderTableCell {TD} at (640,253) size 8x11 [bgcolor=#026766] [r=23 c=82 rs=1 cs=1]
              RenderInline {FONT} at (0,0) size 3x11
                RenderText {#text} at (0,0) size 3x11
                  text run at (0,0) width 3: " "
            RenderTableCell {TD} at (648,253) size 8x11 [bgcolor=#026766] [r=23 c=83 rs=1 cs=1]
              RenderInline {FONT} at (0,0) size 3x11
                RenderText {#text} at (0,0) size 3x11
                  text run at (0,0) width 3: " "
            RenderTableCell {TD} at (656,253) size 8x11 [bgcolor=#026766] [r=23 c=84 rs=1 cs=1]
              RenderInline {FONT} at (0,0) size 3x11
                RenderText {#text} at (0,0) size 3x11
                  text run at (0,0) width 3: " "
            RenderTableCell {TD} at (664,253) size 8x11 [bgcolor=#026766] [r=23 c=85 rs=1 cs=1]
              RenderInline {FONT} at (0,0) size 3x11
                RenderText {#text} at (0,0) size 3x11
                  text run at (0,0) width 3: " "
            RenderTableCell {TD} at (672,253) size 8x11 [bgcolor=#026766] [r=23 c=86 rs=1 cs=1]
              RenderInline {FONT} at (0,0) size 3x11
                RenderText {#text} at (0,0) size 3x11
                  text run at (0,0) width 3: " "
            RenderTableCell {TD} at (680,253) size 8x11 [bgcolor=#026766] [r=23 c=87 rs=1 cs=1]
              RenderInline {FONT} at (0,0) size 3x11
                RenderText {#text} at (0,0) size 3x11
                  text run at (0,0) width 3: " "
            RenderTableCell {TD} at (688,253) size 8x11 [bgcolor=#026766] [r=23 c=88 rs=1 cs=1]
              RenderInline {FONT} at (0,0) size 3x11
                RenderText {#text} at (0,0) size 3x11
                  text run at (0,0) width 3: " "
            RenderTableCell {TD} at (696,253) size 8x11 [bgcolor=#026766] [r=23 c=89 rs=1 cs=1]
              RenderInline {FONT} at (0,0) size 3x11
                RenderText {#text} at (0,0) size 3x11
                  text run at (0,0) width 3: " "
            RenderTableCell {TD} at (704,253) size 8x11 [bgcolor=#026766] [r=23 c=90 rs=1 cs=1]
              RenderInline {FONT} at (0,0) size 3x11
                RenderText {#text} at (0,0) size 3x11
                  text run at (0,0) width 3: " "
            RenderTableCell {TD} at (712,253) size 8x11 [bgcolor=#025E5E] [r=23 c=91 rs=1 cs=1]
              RenderInline {FONT} at (0,0) size 3x11
                RenderText {#text} at (0,0) size 3x11
                  text run at (0,0) width 3: " "
            RenderTableCell {TD} at (720,253) size 8x11 [bgcolor=#044F4F] [r=23 c=92 rs=1 cs=1]
              RenderInline {FONT} at (0,0) size 3x11
                RenderText {#text} at (0,0) size 3x11
                  text run at (0,0) width 3: " "
            RenderTableCell {TD} at (728,253) size 8x11 [bgcolor=#044140] [r=23 c=93 rs=1 cs=1]
              RenderInline {FONT} at (0,0) size 3x11
                RenderText {#text} at (0,0) size 3x11
                  text run at (0,0) width 3: " "
            RenderTableCell {TD} at (736,253) size 8x11 [bgcolor=#425A5A] [r=23 c=94 rs=1 cs=1]
              RenderInline {FONT} at (0,0) size 3x11
                RenderText {#text} at (0,0) size 3x11
                  text run at (0,0) width 3: " "
            RenderTableCell {TD} at (744,253) size 8x11 [bgcolor=#A5A6A6] [r=23 c=95 rs=1 cs=1]
              RenderInline {FONT} at (0,0) size 3x11
                RenderText {#text} at (0,0) size 3x11
                  text run at (0,0) width 3: " "
            RenderTableCell {TD} at (752,253) size 8x11 [bgcolor=#CECFCF] [r=23 c=96 rs=1 cs=1]
              RenderInline {FONT} at (0,0) size 3x11
                RenderText {#text} at (0,0) size 3x11
                  text run at (0,0) width 3: " "
            RenderTableCell {TD} at (760,253) size 8x11 [bgcolor=#FDFDFB] [r=23 c=97 rs=1 cs=1]
              RenderInline {FONT} at (0,0) size 3x11
                RenderText {#text} at (0,0) size 3x11
                  text run at (0,0) width 3: " "
            RenderTableCell {TD} at (768,253) size 8x11 [bgcolor=#FDFDFB] [r=23 c=98 rs=1 cs=1]
              RenderInline {FONT} at (0,0) size 3x11
                RenderText {#text} at (0,0) size 3x11
                  text run at (0,0) width 3: " "
            RenderTableCell {TD} at (776,253) size 8x11 [bgcolor=#FDFDFB] [r=23 c=99 rs=1 cs=1]
              RenderInline {FONT} at (0,0) size 3x11
                RenderText {#text} at (0,0) size 3x11
                  text run at (0,0) width 3: " "
          RenderTableRow {TR} at (0,264) size 784x11
            RenderTableCell {TD} at (0,264) size 7x11 [bgcolor=#FDFDFB] [r=24 c=0 rs=1 cs=1]
              RenderInline {FONT} at (0,0) size 3x11
                RenderText {#text} at (0,0) size 3x11
                  text run at (0,0) width 3: " "
            RenderTableCell {TD} at (7,264) size 7x11 [bgcolor=#FDFDFB] [r=24 c=1 rs=1 cs=1]
              RenderInline {FONT} at (0,0) size 3x11
                RenderText {#text} at (0,0) size 3x11
                  text run at (0,0) width 3: " "
            RenderTableCell {TD} at (14,264) size 7x11 [bgcolor=#FDFDFB] [r=24 c=2 rs=1 cs=1]
              RenderInline {FONT} at (0,0) size 3x11
                RenderText {#text} at (0,0) size 3x11
                  text run at (0,0) width 3: " "
            RenderTableCell {TD} at (21,264) size 7x11 [bgcolor=#FDFDFB] [r=24 c=3 rs=1 cs=1]
              RenderInline {FONT} at (0,0) size 3x11
                RenderText {#text} at (0,0) size 3x11
                  text run at (0,0) width 3: " "
            RenderTableCell {TD} at (28,264) size 7x11 [bgcolor=#FDFDFB] [r=24 c=4 rs=1 cs=1]
              RenderInline {FONT} at (0,0) size 3x11
                RenderText {#text} at (0,0) size 3x11
                  text run at (0,0) width 3: " "
            RenderTableCell {TD} at (35,264) size 7x11 [bgcolor=#FDFDFB] [r=24 c=5 rs=1 cs=1]
              RenderInline {FONT} at (0,0) size 3x11
                RenderText {#text} at (0,0) size 3x11
                  text run at (0,0) width 3: " "
            RenderTableCell {TD} at (42,264) size 7x11 [bgcolor=#EDEEEF] [r=24 c=6 rs=1 cs=1]
              RenderInline {FONT} at (0,0) size 3x11
                RenderText {#text} at (0,0) size 3x11
                  text run at (0,0) width 3: " "
            RenderTableCell {TD} at (49,264) size 7x11 [bgcolor=#DEDFDF] [r=24 c=7 rs=1 cs=1]
              RenderInline {FONT} at (0,0) size 3x11
                RenderText {#text} at (0,0) size 3x11
                  text run at (0,0) width 3: " "
            RenderTableCell {TD} at (56,264) size 7x11 [bgcolor=#CECFCF] [r=24 c=8 rs=1 cs=1]
              RenderInline {FONT} at (0,0) size 3x11
                RenderText {#text} at (0,0) size 3x11
                  text run at (0,0) width 3: " "
            RenderTableCell {TD} at (63,264) size 7x11 [bgcolor=#B4B4B4] [r=24 c=9 rs=1 cs=1]
              RenderInline {FONT} at (0,0) size 3x11
                RenderText {#text} at (0,0) size 3x11
                  text run at (0,0) width 3: " "
            RenderTableCell {TD} at (70,264) size 7x11 [bgcolor=#848788] [r=24 c=10 rs=1 cs=1]
              RenderInline {FONT} at (0,0) size 3x11
                RenderText {#text} at (0,0) size 3x11
                  text run at (0,0) width 3: " "
            RenderTableCell {TD} at (77,264) size 7x11 [bgcolor=#527274] [r=24 c=11 rs=1 cs=1]
              RenderInline {FONT} at (0,0) size 3x11
                RenderText {#text} at (0,0) size 3x11
                  text run at (0,0) width 3: " "
            RenderTableCell {TD} at (84,264) size 7x11 [bgcolor=#305D5D] [r=24 c=12 rs=1 cs=1]
              RenderInline {FONT} at (0,0) size 3x11
                RenderText {#text} at (0,0) size 3x11
                  text run at (0,0) width 3: " "
            RenderTableCell {TD} at (91,264) size 7x11 [bgcolor=#044140] [r=24 c=13 rs=1 cs=1]
              RenderInline {FONT} at (0,0) size 3x11
                RenderText {#text} at (0,0) size 3x11
                  text run at (0,0) width 3: " "
            RenderTableCell {TD} at (98,264) size 7x11 [bgcolor=#044140] [r=24 c=14 rs=1 cs=1]
              RenderInline {FONT} at (0,0) size 3x11
                RenderText {#text} at (0,0) size 3x11
                  text run at (0,0) width 3: " "
            RenderTableCell {TD} at (105,264) size 7x11 [bgcolor=#044140] [r=24 c=15 rs=1 cs=1]
              RenderInline {FONT} at (0,0) size 3x11
                RenderText {#text} at (0,0) size 3x11
                  text run at (0,0) width 3: " "
            RenderTableCell {TD} at (112,264) size 8x11 [bgcolor=#044140] [r=24 c=16 rs=1 cs=1]
              RenderInline {FONT} at (0,0) size 3x11
                RenderText {#text} at (0,0) size 3x11
                  text run at (0,0) width 3: " "
            RenderTableCell {TD} at (120,264) size 8x11 [bgcolor=#044140] [r=24 c=17 rs=1 cs=1]
              RenderInline {FONT} at (0,0) size 3x11
                RenderText {#text} at (0,0) size 3x11
                  text run at (0,0) width 3: " "
            RenderTableCell {TD} at (128,264) size 8x11 [bgcolor=#044140] [r=24 c=18 rs=1 cs=1]
              RenderInline {FONT} at (0,0) size 3x11
                RenderText {#text} at (0,0) size 3x11
                  text run at (0,0) width 3: " "
            RenderTableCell {TD} at (136,264) size 8x11 [bgcolor=#044140] [r=24 c=19 rs=1 cs=1]
              RenderInline {FONT} at (0,0) size 3x11
                RenderText {#text} at (0,0) size 3x11
                  text run at (0,0) width 3: " "
            RenderTableCell {TD} at (144,264) size 8x11 [bgcolor=#223C3D] [r=24 c=20 rs=1 cs=1]
              RenderInline {FONT} at (0,0) size 3x11
                RenderText {#text} at (0,0) size 3x11
                  text run at (0,0) width 3: " "
            RenderTableCell {TD} at (152,264) size 8x11 [bgcolor=#344C4E] [r=24 c=21 rs=1 cs=1]
              RenderInline {FONT} at (0,0) size 3x11
                RenderText {#text} at (0,0) size 3x11
                  text run at (0,0) width 3: " "
            RenderTableCell {TD} at (160,264) size 8x11 [bgcolor=#515C5B] [r=24 c=22 rs=1 cs=1]
              RenderInline {FONT} at (0,0) size 3x11
                RenderText {#text} at (0,0) size 3x11
                  text run at (0,0) width 3: " "
            RenderTableCell {TD} at (168,264) size 8x11 [bgcolor=#696A69] [r=24 c=23 rs=1 cs=1]
              RenderInline {FONT} at (0,0) size 3x11
                RenderText {#text} at (0,0) size 3x11
                  text run at (0,0) width 3: " "
            RenderTableCell {TD} at (176,264) size 8x11 [bgcolor=#848788] [r=24 c=24 rs=1 cs=1]
              RenderInline {FONT} at (0,0) size 3x11
                RenderText {#text} at (0,0) size 3x11
                  text run at (0,0) width 3: " "
            RenderTableCell {TD} at (184,264) size 8x11 [bgcolor=#939494] [r=24 c=25 rs=1 cs=1]
              RenderInline {FONT} at (0,0) size 3x11
                RenderText {#text} at (0,0) size 3x11
                  text run at (0,0) width 3: " "
            RenderTableCell {TD} at (192,264) size 8x11 [bgcolor=#B4B4B4] [r=24 c=26 rs=1 cs=1]
              RenderInline {FONT} at (0,0) size 3x11
                RenderText {#text} at (0,0) size 3x11
                  text run at (0,0) width 3: " "
            RenderTableCell {TD} at (200,264) size 8x11 [bgcolor=#BEC2C2] [r=24 c=27 rs=1 cs=1]
              RenderInline {FONT} at (0,0) size 3x11
                RenderText {#text} at (0,0) size 3x11
                  text run at (0,0) width 3: " "
            RenderTableCell {TD} at (208,264) size 8x11 [bgcolor=#DEDFDF] [r=24 c=28 rs=1 cs=1]
              RenderInline {FONT} at (0,0) size 3x11
                RenderText {#text} at (0,0) size 3x11
                  text run at (0,0) width 3: " "
            RenderTableCell {TD} at (216,264) size 8x11 [bgcolor=#EDEEEF] [r=24 c=29 rs=1 cs=1]
              RenderInline {FONT} at (0,0) size 3x11
                RenderText {#text} at (0,0) size 3x11
                  text run at (0,0) width 3: " "
            RenderTableCell {TD} at (224,264) size 8x11 [bgcolor=#FDFDFB] [r=24 c=30 rs=1 cs=1]
              RenderInline {FONT} at (0,0) size 3x11
                RenderText {#text} at (0,0) size 3x11
                  text run at (0,0) width 3: " "
            RenderTableCell {TD} at (232,264) size 8x11 [bgcolor=#FDFDFB] [r=24 c=31 rs=1 cs=1]
              RenderInline {FONT} at (0,0) size 3x11
                RenderText {#text} at (0,0) size 3x11
                  text run at (0,0) width 3: " "
            RenderTableCell {TD} at (240,264) size 8x11 [bgcolor=#FDFDFB] [r=24 c=32 rs=1 cs=1]
              RenderInline {FONT} at (0,0) size 3x11
                RenderText {#text} at (0,0) size 3x11
                  text run at (0,0) width 3: " "
            RenderTableCell {TD} at (248,264) size 8x11 [bgcolor=#FDFDFB] [r=24 c=33 rs=1 cs=1]
              RenderInline {FONT} at (0,0) size 3x11
                RenderText {#text} at (0,0) size 3x11
                  text run at (0,0) width 3: " "
            RenderTableCell {TD} at (256,264) size 8x11 [bgcolor=#FDFDFB] [r=24 c=34 rs=1 cs=1]
              RenderInline {FONT} at (0,0) size 3x11
                RenderText {#text} at (0,0) size 3x11
                  text run at (0,0) width 3: " "
            RenderTableCell {TD} at (264,264) size 8x11 [bgcolor=#EDEEEF] [r=24 c=35 rs=1 cs=1]
              RenderInline {FONT} at (0,0) size 3x11
                RenderText {#text} at (0,0) size 3x11
                  text run at (0,0) width 3: " "
            RenderTableCell {TD} at (272,264) size 8x11 [bgcolor=#91A3A3] [r=24 c=36 rs=1 cs=1]
              RenderInline {FONT} at (0,0) size 3x11
                RenderText {#text} at (0,0) size 3x11
                  text run at (0,0) width 3: " "
            RenderTableCell {TD} at (280,264) size 8x11 [bgcolor=#7B918F] [r=24 c=37 rs=1 cs=1]
              RenderInline {FONT} at (0,0) size 3x11
                RenderText {#text} at (0,0) size 3x11
                  text run at (0,0) width 3: " "
            RenderTableCell {TD} at (288,264) size 8x11 [bgcolor=#526B6B] [r=24 c=38 rs=1 cs=1]
              RenderInline {FONT} at (0,0) size 3x11
                RenderText {#text} at (0,0) size 3x11
                  text run at (0,0) width 3: " "
            RenderTableCell {TD} at (296,264) size 8x11 [bgcolor=#515C5B] [r=24 c=39 rs=1 cs=1]
              RenderInline {FONT} at (0,0) size 3x11
                RenderText {#text} at (0,0) size 3x11
                  text run at (0,0) width 3: " "
            RenderTableCell {TD} at (304,264) size 8x11 [bgcolor=#515C5B] [r=24 c=40 rs=1 cs=1]
              RenderInline {FONT} at (0,0) size 3x11
                RenderText {#text} at (0,0) size 3x11
                  text run at (0,0) width 3: " "
            RenderTableCell {TD} at (312,264) size 8x11 [bgcolor=#515C5B] [r=24 c=41 rs=1 cs=1]
              RenderInline {FONT} at (0,0) size 3x11
                RenderText {#text} at (0,0) size 3x11
                  text run at (0,0) width 3: " "
            RenderTableCell {TD} at (320,264) size 8x11 [bgcolor=#515C5B] [r=24 c=42 rs=1 cs=1]
              RenderInline {FONT} at (0,0) size 3x11
                RenderText {#text} at (0,0) size 3x11
                  text run at (0,0) width 3: " "
            RenderTableCell {TD} at (328,264) size 8x11 [bgcolor=#515C5B] [r=24 c=43 rs=1 cs=1]
              RenderInline {FONT} at (0,0) size 3x11
                RenderText {#text} at (0,0) size 3x11
                  text run at (0,0) width 3: " "
            RenderTableCell {TD} at (336,264) size 8x11 [bgcolor=#515C5B] [r=24 c=44 rs=1 cs=1]
              RenderInline {FONT} at (0,0) size 3x11
                RenderText {#text} at (0,0) size 3x11
                  text run at (0,0) width 3: " "
            RenderTableCell {TD} at (344,264) size 8x11 [bgcolor=#515C5B] [r=24 c=45 rs=1 cs=1]
              RenderInline {FONT} at (0,0) size 3x11
                RenderText {#text} at (0,0) size 3x11
                  text run at (0,0) width 3: " "
            RenderTableCell {TD} at (352,264) size 8x11 [bgcolor=#515C5B] [r=24 c=46 rs=1 cs=1]
              RenderInline {FONT} at (0,0) size 3x11
                RenderText {#text} at (0,0) size 3x11
                  text run at (0,0) width 3: " "
            RenderTableCell {TD} at (360,264) size 8x11 [bgcolor=#515C5B] [r=24 c=47 rs=1 cs=1]
              RenderInline {FONT} at (0,0) size 3x11
                RenderText {#text} at (0,0) size 3x11
                  text run at (0,0) width 3: " "
            RenderTableCell {TD} at (368,264) size 8x11 [bgcolor=#515C5B] [r=24 c=48 rs=1 cs=1]
              RenderInline {FONT} at (0,0) size 3x11
                RenderText {#text} at (0,0) size 3x11
                  text run at (0,0) width 3: " "
            RenderTableCell {TD} at (376,264) size 8x11 [bgcolor=#515C5B] [r=24 c=49 rs=1 cs=1]
              RenderInline {FONT} at (0,0) size 3x11
                RenderText {#text} at (0,0) size 3x11
                  text run at (0,0) width 3: " "
            RenderTableCell {TD} at (384,264) size 8x11 [bgcolor=#515C5B] [r=24 c=50 rs=1 cs=1]
              RenderInline {FONT} at (0,0) size 3x11
                RenderText {#text} at (0,0) size 3x11
                  text run at (0,0) width 3: " "
            RenderTableCell {TD} at (392,264) size 8x11 [bgcolor=#515C5B] [r=24 c=51 rs=1 cs=1]
              RenderInline {FONT} at (0,0) size 3x11
                RenderText {#text} at (0,0) size 3x11
                  text run at (0,0) width 3: " "
            RenderTableCell {TD} at (400,264) size 8x11 [bgcolor=#848788] [r=24 c=52 rs=1 cs=1]
              RenderInline {FONT} at (0,0) size 3x11
                RenderText {#text} at (0,0) size 3x11
                  text run at (0,0) width 3: " "
            RenderTableCell {TD} at (408,264) size 8x11 [bgcolor=#B4B4B4] [r=24 c=53 rs=1 cs=1]
              RenderInline {FONT} at (0,0) size 3x11
                RenderText {#text} at (0,0) size 3x11
                  text run at (0,0) width 3: " "
            RenderTableCell {TD} at (416,264) size 8x11 [bgcolor=#EDEEEF] [r=24 c=54 rs=1 cs=1]
              RenderInline {FONT} at (0,0) size 3x11
                RenderText {#text} at (0,0) size 3x11
                  text run at (0,0) width 3: " "
            RenderTableCell {TD} at (424,264) size 8x11 [bgcolor=#FDFDFB] [r=24 c=55 rs=1 cs=1]
              RenderInline {FONT} at (0,0) size 3x11
                RenderText {#text} at (0,0) size 3x11
                  text run at (0,0) width 3: " "
            RenderTableCell {TD} at (432,264) size 8x11 [bgcolor=#FDFDFB] [r=24 c=56 rs=1 cs=1]
              RenderInline {FONT} at (0,0) size 3x11
                RenderText {#text} at (0,0) size 3x11
                  text run at (0,0) width 3: " "
            RenderTableCell {TD} at (440,264) size 8x11 [bgcolor=#FDFDFB] [r=24 c=57 rs=1 cs=1]
              RenderInline {FONT} at (0,0) size 3x11
                RenderText {#text} at (0,0) size 3x11
                  text run at (0,0) width 3: " "
            RenderTableCell {TD} at (448,264) size 8x11 [bgcolor=#FDFDFB] [r=24 c=58 rs=1 cs=1]
              RenderInline {FONT} at (0,0) size 3x11
                RenderText {#text} at (0,0) size 3x11
                  text run at (0,0) width 3: " "
            RenderTableCell {TD} at (456,264) size 8x11 [bgcolor=#FDFDFB] [r=24 c=59 rs=1 cs=1]
              RenderInline {FONT} at (0,0) size 3x11
                RenderText {#text} at (0,0) size 3x11
                  text run at (0,0) width 3: " "
            RenderTableCell {TD} at (464,264) size 8x11 [bgcolor=#FDFDFB] [r=24 c=60 rs=1 cs=1]
              RenderInline {FONT} at (0,0) size 3x11
                RenderText {#text} at (0,0) size 3x11
                  text run at (0,0) width 3: " "
            RenderTableCell {TD} at (472,264) size 8x11 [bgcolor=#FDFDFB] [r=24 c=61 rs=1 cs=1]
              RenderInline {FONT} at (0,0) size 3x11
                RenderText {#text} at (0,0) size 3x11
                  text run at (0,0) width 3: " "
            RenderTableCell {TD} at (480,264) size 8x11 [bgcolor=#FDFDFB] [r=24 c=62 rs=1 cs=1]
              RenderInline {FONT} at (0,0) size 3x11
                RenderText {#text} at (0,0) size 3x11
                  text run at (0,0) width 3: " "
            RenderTableCell {TD} at (488,264) size 8x11 [bgcolor=#FDFDFB] [r=24 c=63 rs=1 cs=1]
              RenderInline {FONT} at (0,0) size 3x11
                RenderText {#text} at (0,0) size 3x11
                  text run at (0,0) width 3: " "
            RenderTableCell {TD} at (496,264) size 8x11 [bgcolor=#E0EAE9] [r=24 c=64 rs=1 cs=1]
              RenderInline {FONT} at (0,0) size 3x11
                RenderText {#text} at (0,0) size 3x11
                  text run at (0,0) width 3: " "
            RenderTableCell {TD} at (504,264) size 8x11 [bgcolor=#CECFCF] [r=24 c=65 rs=1 cs=1]
              RenderInline {FONT} at (0,0) size 3x11
                RenderText {#text} at (0,0) size 3x11
                  text run at (0,0) width 3: " "
            RenderTableCell {TD} at (512,264) size 8x11 [bgcolor=#B4B4B4] [r=24 c=66 rs=1 cs=1]
              RenderInline {FONT} at (0,0) size 3x11
                RenderText {#text} at (0,0) size 3x11
                  text run at (0,0) width 3: " "
            RenderTableCell {TD} at (520,264) size 8x11 [bgcolor=#848788] [r=24 c=67 rs=1 cs=1]
              RenderInline {FONT} at (0,0) size 3x11
                RenderText {#text} at (0,0) size 3x11
                  text run at (0,0) width 3: " "
            RenderTableCell {TD} at (528,264) size 8x11 [bgcolor=#526B6B] [r=24 c=68 rs=1 cs=1]
              RenderInline {FONT} at (0,0) size 3x11
                RenderText {#text} at (0,0) size 3x11
                  text run at (0,0) width 3: " "
            RenderTableCell {TD} at (536,264) size 8x11 [bgcolor=#044140] [r=24 c=69 rs=1 cs=1]
              RenderInline {FONT} at (0,0) size 3x11
                RenderText {#text} at (0,0) size 3x11
                  text run at (0,0) width 3: " "
            RenderTableCell {TD} at (544,264) size 8x11 [bgcolor=#044140] [r=24 c=70 rs=1 cs=1]
              RenderInline {FONT} at (0,0) size 3x11
                RenderText {#text} at (0,0) size 3x11
                  text run at (0,0) width 3: " "
            RenderTableCell {TD} at (552,264) size 8x11 [bgcolor=#044140] [r=24 c=71 rs=1 cs=1]
              RenderInline {FONT} at (0,0) size 3x11
                RenderText {#text} at (0,0) size 3x11
                  text run at (0,0) width 3: " "
            RenderTableCell {TD} at (560,264) size 8x11 [bgcolor=#044140] [r=24 c=72 rs=1 cs=1]
              RenderInline {FONT} at (0,0) size 3x11
                RenderText {#text} at (0,0) size 3x11
                  text run at (0,0) width 3: " "
            RenderTableCell {TD} at (568,264) size 8x11 [bgcolor=#044140] [r=24 c=73 rs=1 cs=1]
              RenderInline {FONT} at (0,0) size 3x11
                RenderText {#text} at (0,0) size 3x11
                  text run at (0,0) width 3: " "
            RenderTableCell {TD} at (576,264) size 8x11 [bgcolor=#044140] [r=24 c=74 rs=1 cs=1]
              RenderInline {FONT} at (0,0) size 3x11
                RenderText {#text} at (0,0) size 3x11
                  text run at (0,0) width 3: " "
            RenderTableCell {TD} at (584,264) size 8x11 [bgcolor=#044140] [r=24 c=75 rs=1 cs=1]
              RenderInline {FONT} at (0,0) size 3x11
                RenderText {#text} at (0,0) size 3x11
                  text run at (0,0) width 3: " "
            RenderTableCell {TD} at (592,264) size 8x11 [bgcolor=#044F4F] [r=24 c=76 rs=1 cs=1]
              RenderInline {FONT} at (0,0) size 3x11
                RenderText {#text} at (0,0) size 3x11
                  text run at (0,0) width 3: " "
            RenderTableCell {TD} at (600,264) size 8x11 [bgcolor=#025E5E] [r=24 c=77 rs=1 cs=1]
              RenderInline {FONT} at (0,0) size 3x11
                RenderText {#text} at (0,0) size 3x11
                  text run at (0,0) width 3: " "
            RenderTableCell {TD} at (608,264) size 8x11 [bgcolor=#025E5E] [r=24 c=78 rs=1 cs=1]
              RenderInline {FONT} at (0,0) size 3x11
                RenderText {#text} at (0,0) size 3x11
                  text run at (0,0) width 3: " "
            RenderTableCell {TD} at (616,264) size 8x11 [bgcolor=#026766] [r=24 c=79 rs=1 cs=1]
              RenderInline {FONT} at (0,0) size 3x11
                RenderText {#text} at (0,0) size 3x11
                  text run at (0,0) width 3: " "
            RenderTableCell {TD} at (624,264) size 8x11 [bgcolor=#026766] [r=24 c=80 rs=1 cs=1]
              RenderInline {FONT} at (0,0) size 3x11
                RenderText {#text} at (0,0) size 3x11
                  text run at (0,0) width 3: " "
            RenderTableCell {TD} at (632,264) size 8x11 [bgcolor=#026766] [r=24 c=81 rs=1 cs=1]
              RenderInline {FONT} at (0,0) size 3x11
                RenderText {#text} at (0,0) size 3x11
                  text run at (0,0) width 3: " "
            RenderTableCell {TD} at (640,264) size 8x11 [bgcolor=#026766] [r=24 c=82 rs=1 cs=1]
              RenderInline {FONT} at (0,0) size 3x11
                RenderText {#text} at (0,0) size 3x11
                  text run at (0,0) width 3: " "
            RenderTableCell {TD} at (648,264) size 8x11 [bgcolor=#026766] [r=24 c=83 rs=1 cs=1]
              RenderInline {FONT} at (0,0) size 3x11
                RenderText {#text} at (0,0) size 3x11
                  text run at (0,0) width 3: " "
            RenderTableCell {TD} at (656,264) size 8x11 [bgcolor=#026766] [r=24 c=84 rs=1 cs=1]
              RenderInline {FONT} at (0,0) size 3x11
                RenderText {#text} at (0,0) size 3x11
                  text run at (0,0) width 3: " "
            RenderTableCell {TD} at (664,264) size 8x11 [bgcolor=#026766] [r=24 c=85 rs=1 cs=1]
              RenderInline {FONT} at (0,0) size 3x11
                RenderText {#text} at (0,0) size 3x11
                  text run at (0,0) width 3: " "
            RenderTableCell {TD} at (672,264) size 8x11 [bgcolor=#026766] [r=24 c=86 rs=1 cs=1]
              RenderInline {FONT} at (0,0) size 3x11
                RenderText {#text} at (0,0) size 3x11
                  text run at (0,0) width 3: " "
            RenderTableCell {TD} at (680,264) size 8x11 [bgcolor=#026766] [r=24 c=87 rs=1 cs=1]
              RenderInline {FONT} at (0,0) size 3x11
                RenderText {#text} at (0,0) size 3x11
                  text run at (0,0) width 3: " "
            RenderTableCell {TD} at (688,264) size 8x11 [bgcolor=#026766] [r=24 c=88 rs=1 cs=1]
              RenderInline {FONT} at (0,0) size 3x11
                RenderText {#text} at (0,0) size 3x11
                  text run at (0,0) width 3: " "
            RenderTableCell {TD} at (696,264) size 8x11 [bgcolor=#026766] [r=24 c=89 rs=1 cs=1]
              RenderInline {FONT} at (0,0) size 3x11
                RenderText {#text} at (0,0) size 3x11
                  text run at (0,0) width 3: " "
            RenderTableCell {TD} at (704,264) size 8x11 [bgcolor=#026766] [r=24 c=90 rs=1 cs=1]
              RenderInline {FONT} at (0,0) size 3x11
                RenderText {#text} at (0,0) size 3x11
                  text run at (0,0) width 3: " "
            RenderTableCell {TD} at (712,264) size 8x11 [bgcolor=#025E5E] [r=24 c=91 rs=1 cs=1]
              RenderInline {FONT} at (0,0) size 3x11
                RenderText {#text} at (0,0) size 3x11
                  text run at (0,0) width 3: " "
            RenderTableCell {TD} at (720,264) size 8x11 [bgcolor=#044F4F] [r=24 c=92 rs=1 cs=1]
              RenderInline {FONT} at (0,0) size 3x11
                RenderText {#text} at (0,0) size 3x11
                  text run at (0,0) width 3: " "
            RenderTableCell {TD} at (728,264) size 8x11 [bgcolor=#083131] [r=24 c=93 rs=1 cs=1]
              RenderInline {FONT} at (0,0) size 3x11
                RenderText {#text} at (0,0) size 3x11
                  text run at (0,0) width 3: " "
            RenderTableCell {TD} at (736,264) size 8x11 [bgcolor=#425A5A] [r=24 c=94 rs=1 cs=1]
              RenderInline {FONT} at (0,0) size 3x11
                RenderText {#text} at (0,0) size 3x11
                  text run at (0,0) width 3: " "
            RenderTableCell {TD} at (744,264) size 8x11 [bgcolor=#A5A6A6] [r=24 c=95 rs=1 cs=1]
              RenderInline {FONT} at (0,0) size 3x11
                RenderText {#text} at (0,0) size 3x11
                  text run at (0,0) width 3: " "
            RenderTableCell {TD} at (752,264) size 8x11 [bgcolor=#CECFCF] [r=24 c=96 rs=1 cs=1]
              RenderInline {FONT} at (0,0) size 3x11
                RenderText {#text} at (0,0) size 3x11
                  text run at (0,0) width 3: " "
            RenderTableCell {TD} at (760,264) size 8x11 [bgcolor=#FDFDFB] [r=24 c=97 rs=1 cs=1]
              RenderInline {FONT} at (0,0) size 3x11
                RenderText {#text} at (0,0) size 3x11
                  text run at (0,0) width 3: " "
            RenderTableCell {TD} at (768,264) size 8x11 [bgcolor=#FDFDFB] [r=24 c=98 rs=1 cs=1]
              RenderInline {FONT} at (0,0) size 3x11
                RenderText {#text} at (0,0) size 3x11
                  text run at (0,0) width 3: " "
            RenderTableCell {TD} at (776,264) size 8x11 [bgcolor=#FDFDFB] [r=24 c=99 rs=1 cs=1]
              RenderInline {FONT} at (0,0) size 3x11
                RenderText {#text} at (0,0) size 3x11
                  text run at (0,0) width 3: " "
          RenderTableRow {TR} at (0,275) size 784x11
            RenderTableCell {TD} at (0,275) size 7x11 [bgcolor=#FDFDFB] [r=25 c=0 rs=1 cs=1]
              RenderInline {FONT} at (0,0) size 3x11
                RenderText {#text} at (0,0) size 3x11
                  text run at (0,0) width 3: " "
            RenderTableCell {TD} at (7,275) size 7x11 [bgcolor=#FDFDFB] [r=25 c=1 rs=1 cs=1]
              RenderInline {FONT} at (0,0) size 3x11
                RenderText {#text} at (0,0) size 3x11
                  text run at (0,0) width 3: " "
            RenderTableCell {TD} at (14,275) size 7x11 [bgcolor=#FDFDFB] [r=25 c=2 rs=1 cs=1]
              RenderInline {FONT} at (0,0) size 3x11
                RenderText {#text} at (0,0) size 3x11
                  text run at (0,0) width 3: " "
            RenderTableCell {TD} at (21,275) size 7x11 [bgcolor=#FDFDFB] [r=25 c=3 rs=1 cs=1]
              RenderInline {FONT} at (0,0) size 3x11
                RenderText {#text} at (0,0) size 3x11
                  text run at (0,0) width 3: " "
            RenderTableCell {TD} at (28,275) size 7x11 [bgcolor=#FDFDFB] [r=25 c=4 rs=1 cs=1]
              RenderInline {FONT} at (0,0) size 3x11
                RenderText {#text} at (0,0) size 3x11
                  text run at (0,0) width 3: " "
            RenderTableCell {TD} at (35,275) size 7x11 [bgcolor=#FDFDFB] [r=25 c=5 rs=1 cs=1]
              RenderInline {FONT} at (0,0) size 3x11
                RenderText {#text} at (0,0) size 3x11
                  text run at (0,0) width 3: " "
            RenderTableCell {TD} at (42,275) size 7x11 [bgcolor=#FDFDFB] [r=25 c=6 rs=1 cs=1]
              RenderInline {FONT} at (0,0) size 3x11
                RenderText {#text} at (0,0) size 3x11
                  text run at (0,0) width 3: " "
            RenderTableCell {TD} at (49,275) size 7x11 [bgcolor=#FDFDFB] [r=25 c=7 rs=1 cs=1]
              RenderInline {FONT} at (0,0) size 3x11
                RenderText {#text} at (0,0) size 3x11
                  text run at (0,0) width 3: " "
            RenderTableCell {TD} at (56,275) size 7x11 [bgcolor=#EDEEEF] [r=25 c=8 rs=1 cs=1]
              RenderInline {FONT} at (0,0) size 3x11
                RenderText {#text} at (0,0) size 3x11
                  text run at (0,0) width 3: " "
            RenderTableCell {TD} at (63,275) size 7x11 [bgcolor=#DEDFDF] [r=25 c=9 rs=1 cs=1]
              RenderInline {FONT} at (0,0) size 3x11
                RenderText {#text} at (0,0) size 3x11
                  text run at (0,0) width 3: " "
            RenderTableCell {TD} at (70,275) size 7x11 [bgcolor=#CECFCF] [r=25 c=10 rs=1 cs=1]
              RenderInline {FONT} at (0,0) size 3x11
                RenderText {#text} at (0,0) size 3x11
                  text run at (0,0) width 3: " "
            RenderTableCell {TD} at (77,275) size 7x11 [bgcolor=#BEC2C2] [r=25 c=11 rs=1 cs=1]
              RenderInline {FONT} at (0,0) size 3x11
                RenderText {#text} at (0,0) size 3x11
                  text run at (0,0) width 3: " "
            RenderTableCell {TD} at (84,275) size 7x11 [bgcolor=#A5A6A6] [r=25 c=12 rs=1 cs=1]
              RenderInline {FONT} at (0,0) size 3x11
                RenderText {#text} at (0,0) size 3x11
                  text run at (0,0) width 3: " "
            RenderTableCell {TD} at (91,275) size 7x11 [bgcolor=#939494] [r=25 c=13 rs=1 cs=1]
              RenderInline {FONT} at (0,0) size 3x11
                RenderText {#text} at (0,0) size 3x11
                  text run at (0,0) width 3: " "
            RenderTableCell {TD} at (98,275) size 7x11 [bgcolor=#848788] [r=25 c=14 rs=1 cs=1]
              RenderInline {FONT} at (0,0) size 3x11
                RenderText {#text} at (0,0) size 3x11
                  text run at (0,0) width 3: " "
            RenderTableCell {TD} at (105,275) size 7x11 [bgcolor=#848788] [r=25 c=15 rs=1 cs=1]
              RenderInline {FONT} at (0,0) size 3x11
                RenderText {#text} at (0,0) size 3x11
                  text run at (0,0) width 3: " "
            RenderTableCell {TD} at (112,275) size 8x11 [bgcolor=#848788] [r=25 c=16 rs=1 cs=1]
              RenderInline {FONT} at (0,0) size 3x11
                RenderText {#text} at (0,0) size 3x11
                  text run at (0,0) width 3: " "
            RenderTableCell {TD} at (120,275) size 8x11 [bgcolor=#848788] [r=25 c=17 rs=1 cs=1]
              RenderInline {FONT} at (0,0) size 3x11
                RenderText {#text} at (0,0) size 3x11
                  text run at (0,0) width 3: " "
            RenderTableCell {TD} at (128,275) size 8x11 [bgcolor=#848788] [r=25 c=18 rs=1 cs=1]
              RenderInline {FONT} at (0,0) size 3x11
                RenderText {#text} at (0,0) size 3x11
                  text run at (0,0) width 3: " "
            RenderTableCell {TD} at (136,275) size 8x11 [bgcolor=#848788] [r=25 c=19 rs=1 cs=1]
              RenderInline {FONT} at (0,0) size 3x11
                RenderText {#text} at (0,0) size 3x11
                  text run at (0,0) width 3: " "
            RenderTableCell {TD} at (144,275) size 8x11 [bgcolor=#848788] [r=25 c=20 rs=1 cs=1]
              RenderInline {FONT} at (0,0) size 3x11
                RenderText {#text} at (0,0) size 3x11
                  text run at (0,0) width 3: " "
            RenderTableCell {TD} at (152,275) size 8x11 [bgcolor=#939494] [r=25 c=21 rs=1 cs=1]
              RenderInline {FONT} at (0,0) size 3x11
                RenderText {#text} at (0,0) size 3x11
                  text run at (0,0) width 3: " "
            RenderTableCell {TD} at (160,275) size 8x11 [bgcolor=#939494] [r=25 c=22 rs=1 cs=1]
              RenderInline {FONT} at (0,0) size 3x11
                RenderText {#text} at (0,0) size 3x11
                  text run at (0,0) width 3: " "
            RenderTableCell {TD} at (168,275) size 8x11 [bgcolor=#A5A6A6] [r=25 c=23 rs=1 cs=1]
              RenderInline {FONT} at (0,0) size 3x11
                RenderText {#text} at (0,0) size 3x11
                  text run at (0,0) width 3: " "
            RenderTableCell {TD} at (176,275) size 8x11 [bgcolor=#B4B4B4] [r=25 c=24 rs=1 cs=1]
              RenderInline {FONT} at (0,0) size 3x11
                RenderText {#text} at (0,0) size 3x11
                  text run at (0,0) width 3: " "
            RenderTableCell {TD} at (184,275) size 8x11 [bgcolor=#CECFCF] [r=25 c=25 rs=1 cs=1]
              RenderInline {FONT} at (0,0) size 3x11
                RenderText {#text} at (0,0) size 3x11
                  text run at (0,0) width 3: " "
            RenderTableCell {TD} at (192,275) size 8x11 [bgcolor=#DEDFDF] [r=25 c=26 rs=1 cs=1]
              RenderInline {FONT} at (0,0) size 3x11
                RenderText {#text} at (0,0) size 3x11
                  text run at (0,0) width 3: " "
            RenderTableCell {TD} at (200,275) size 8x11 [bgcolor=#EDEEEF] [r=25 c=27 rs=1 cs=1]
              RenderInline {FONT} at (0,0) size 3x11
                RenderText {#text} at (0,0) size 3x11
                  text run at (0,0) width 3: " "
            RenderTableCell {TD} at (208,275) size 8x11 [bgcolor=#FDFDFB] [r=25 c=28 rs=1 cs=1]
              RenderInline {FONT} at (0,0) size 3x11
                RenderText {#text} at (0,0) size 3x11
                  text run at (0,0) width 3: " "
            RenderTableCell {TD} at (216,275) size 8x11 [bgcolor=#FDFDFB] [r=25 c=29 rs=1 cs=1]
              RenderInline {FONT} at (0,0) size 3x11
                RenderText {#text} at (0,0) size 3x11
                  text run at (0,0) width 3: " "
            RenderTableCell {TD} at (224,275) size 8x11 [bgcolor=#FDFDFB] [r=25 c=30 rs=1 cs=1]
              RenderInline {FONT} at (0,0) size 3x11
                RenderText {#text} at (0,0) size 3x11
                  text run at (0,0) width 3: " "
            RenderTableCell {TD} at (232,275) size 8x11 [bgcolor=#FDFDFB] [r=25 c=31 rs=1 cs=1]
              RenderInline {FONT} at (0,0) size 3x11
                RenderText {#text} at (0,0) size 3x11
                  text run at (0,0) width 3: " "
            RenderTableCell {TD} at (240,275) size 8x11 [bgcolor=#FDFDFB] [r=25 c=32 rs=1 cs=1]
              RenderInline {FONT} at (0,0) size 3x11
                RenderText {#text} at (0,0) size 3x11
                  text run at (0,0) width 3: " "
            RenderTableCell {TD} at (248,275) size 8x11 [bgcolor=#FDFDFB] [r=25 c=33 rs=1 cs=1]
              RenderInline {FONT} at (0,0) size 3x11
                RenderText {#text} at (0,0) size 3x11
                  text run at (0,0) width 3: " "
            RenderTableCell {TD} at (256,275) size 8x11 [bgcolor=#FDFDFB] [r=25 c=34 rs=1 cs=1]
              RenderInline {FONT} at (0,0) size 3x11
                RenderText {#text} at (0,0) size 3x11
                  text run at (0,0) width 3: " "
            RenderTableCell {TD} at (264,275) size 8x11 [bgcolor=#FDFDFB] [r=25 c=35 rs=1 cs=1]
              RenderInline {FONT} at (0,0) size 3x11
                RenderText {#text} at (0,0) size 3x11
                  text run at (0,0) width 3: " "
            RenderTableCell {TD} at (272,275) size 8x11 [bgcolor=#E0EAE9] [r=25 c=36 rs=1 cs=1]
              RenderInline {FONT} at (0,0) size 3x11
                RenderText {#text} at (0,0) size 3x11
                  text run at (0,0) width 3: " "
            RenderTableCell {TD} at (280,275) size 8x11 [bgcolor=#CECFCF] [r=25 c=37 rs=1 cs=1]
              RenderInline {FONT} at (0,0) size 3x11
                RenderText {#text} at (0,0) size 3x11
                  text run at (0,0) width 3: " "
            RenderTableCell {TD} at (288,275) size 8x11 [bgcolor=#B4B4B4] [r=25 c=38 rs=1 cs=1]
              RenderInline {FONT} at (0,0) size 3x11
                RenderText {#text} at (0,0) size 3x11
                  text run at (0,0) width 3: " "
            RenderTableCell {TD} at (296,275) size 8x11 [bgcolor=#A5A6A6] [r=25 c=39 rs=1 cs=1]
              RenderInline {FONT} at (0,0) size 3x11
                RenderText {#text} at (0,0) size 3x11
                  text run at (0,0) width 3: " "
            RenderTableCell {TD} at (304,275) size 8x11 [bgcolor=#A5A6A6] [r=25 c=40 rs=1 cs=1]
              RenderInline {FONT} at (0,0) size 3x11
                RenderText {#text} at (0,0) size 3x11
                  text run at (0,0) width 3: " "
            RenderTableCell {TD} at (312,275) size 8x11 [bgcolor=#A5A6A6] [r=25 c=41 rs=1 cs=1]
              RenderInline {FONT} at (0,0) size 3x11
                RenderText {#text} at (0,0) size 3x11
                  text run at (0,0) width 3: " "
            RenderTableCell {TD} at (320,275) size 8x11 [bgcolor=#A5A6A6] [r=25 c=42 rs=1 cs=1]
              RenderInline {FONT} at (0,0) size 3x11
                RenderText {#text} at (0,0) size 3x11
                  text run at (0,0) width 3: " "
            RenderTableCell {TD} at (328,275) size 8x11 [bgcolor=#A5A6A6] [r=25 c=43 rs=1 cs=1]
              RenderInline {FONT} at (0,0) size 3x11
                RenderText {#text} at (0,0) size 3x11
                  text run at (0,0) width 3: " "
            RenderTableCell {TD} at (336,275) size 8x11 [bgcolor=#A5A6A6] [r=25 c=44 rs=1 cs=1]
              RenderInline {FONT} at (0,0) size 3x11
                RenderText {#text} at (0,0) size 3x11
                  text run at (0,0) width 3: " "
            RenderTableCell {TD} at (344,275) size 8x11 [bgcolor=#A5A6A6] [r=25 c=45 rs=1 cs=1]
              RenderInline {FONT} at (0,0) size 3x11
                RenderText {#text} at (0,0) size 3x11
                  text run at (0,0) width 3: " "
            RenderTableCell {TD} at (352,275) size 8x11 [bgcolor=#A5A6A6] [r=25 c=46 rs=1 cs=1]
              RenderInline {FONT} at (0,0) size 3x11
                RenderText {#text} at (0,0) size 3x11
                  text run at (0,0) width 3: " "
            RenderTableCell {TD} at (360,275) size 8x11 [bgcolor=#A5A6A6] [r=25 c=47 rs=1 cs=1]
              RenderInline {FONT} at (0,0) size 3x11
                RenderText {#text} at (0,0) size 3x11
                  text run at (0,0) width 3: " "
            RenderTableCell {TD} at (368,275) size 8x11 [bgcolor=#A5A6A6] [r=25 c=48 rs=1 cs=1]
              RenderInline {FONT} at (0,0) size 3x11
                RenderText {#text} at (0,0) size 3x11
                  text run at (0,0) width 3: " "
            RenderTableCell {TD} at (376,275) size 8x11 [bgcolor=#A5A6A6] [r=25 c=49 rs=1 cs=1]
              RenderInline {FONT} at (0,0) size 3x11
                RenderText {#text} at (0,0) size 3x11
                  text run at (0,0) width 3: " "
            RenderTableCell {TD} at (384,275) size 8x11 [bgcolor=#A5A6A6] [r=25 c=50 rs=1 cs=1]
              RenderInline {FONT} at (0,0) size 3x11
                RenderText {#text} at (0,0) size 3x11
                  text run at (0,0) width 3: " "
            RenderTableCell {TD} at (392,275) size 8x11 [bgcolor=#A5A6A6] [r=25 c=51 rs=1 cs=1]
              RenderInline {FONT} at (0,0) size 3x11
                RenderText {#text} at (0,0) size 3x11
                  text run at (0,0) width 3: " "
            RenderTableCell {TD} at (400,275) size 8x11 [bgcolor=#B4B4B4] [r=25 c=52 rs=1 cs=1]
              RenderInline {FONT} at (0,0) size 3x11
                RenderText {#text} at (0,0) size 3x11
                  text run at (0,0) width 3: " "
            RenderTableCell {TD} at (408,275) size 8x11 [bgcolor=#CECFCF] [r=25 c=53 rs=1 cs=1]
              RenderInline {FONT} at (0,0) size 3x11
                RenderText {#text} at (0,0) size 3x11
                  text run at (0,0) width 3: " "
            RenderTableCell {TD} at (416,275) size 8x11 [bgcolor=#EDEEEF] [r=25 c=54 rs=1 cs=1]
              RenderInline {FONT} at (0,0) size 3x11
                RenderText {#text} at (0,0) size 3x11
                  text run at (0,0) width 3: " "
            RenderTableCell {TD} at (424,275) size 8x11 [bgcolor=#FDFDFB] [r=25 c=55 rs=1 cs=1]
              RenderInline {FONT} at (0,0) size 3x11
                RenderText {#text} at (0,0) size 3x11
                  text run at (0,0) width 3: " "
            RenderTableCell {TD} at (432,275) size 8x11 [bgcolor=#FDFDFB] [r=25 c=56 rs=1 cs=1]
              RenderInline {FONT} at (0,0) size 3x11
                RenderText {#text} at (0,0) size 3x11
                  text run at (0,0) width 3: " "
            RenderTableCell {TD} at (440,275) size 8x11 [bgcolor=#FDFDFB] [r=25 c=57 rs=1 cs=1]
              RenderInline {FONT} at (0,0) size 3x11
                RenderText {#text} at (0,0) size 3x11
                  text run at (0,0) width 3: " "
            RenderTableCell {TD} at (448,275) size 8x11 [bgcolor=#FDFDFB] [r=25 c=58 rs=1 cs=1]
              RenderInline {FONT} at (0,0) size 3x11
                RenderText {#text} at (0,0) size 3x11
                  text run at (0,0) width 3: " "
            RenderTableCell {TD} at (456,275) size 8x11 [bgcolor=#FDFDFB] [r=25 c=59 rs=1 cs=1]
              RenderInline {FONT} at (0,0) size 3x11
                RenderText {#text} at (0,0) size 3x11
                  text run at (0,0) width 3: " "
            RenderTableCell {TD} at (464,275) size 8x11 [bgcolor=#FDFDFB] [r=25 c=60 rs=1 cs=1]
              RenderInline {FONT} at (0,0) size 3x11
                RenderText {#text} at (0,0) size 3x11
                  text run at (0,0) width 3: " "
            RenderTableCell {TD} at (472,275) size 8x11 [bgcolor=#FDFDFB] [r=25 c=61 rs=1 cs=1]
              RenderInline {FONT} at (0,0) size 3x11
                RenderText {#text} at (0,0) size 3x11
                  text run at (0,0) width 3: " "
            RenderTableCell {TD} at (480,275) size 8x11 [bgcolor=#FDFDFB] [r=25 c=62 rs=1 cs=1]
              RenderInline {FONT} at (0,0) size 3x11
                RenderText {#text} at (0,0) size 3x11
                  text run at (0,0) width 3: " "
            RenderTableCell {TD} at (488,275) size 8x11 [bgcolor=#FDFDFB] [r=25 c=63 rs=1 cs=1]
              RenderInline {FONT} at (0,0) size 3x11
                RenderText {#text} at (0,0) size 3x11
                  text run at (0,0) width 3: " "
            RenderTableCell {TD} at (496,275) size 8x11 [bgcolor=#FDFDFB] [r=25 c=64 rs=1 cs=1]
              RenderInline {FONT} at (0,0) size 3x11
                RenderText {#text} at (0,0) size 3x11
                  text run at (0,0) width 3: " "
            RenderTableCell {TD} at (504,275) size 8x11 [bgcolor=#EDEEEF] [r=25 c=65 rs=1 cs=1]
              RenderInline {FONT} at (0,0) size 3x11
                RenderText {#text} at (0,0) size 3x11
                  text run at (0,0) width 3: " "
            RenderTableCell {TD} at (512,275) size 8x11 [bgcolor=#DEDFDF] [r=25 c=66 rs=1 cs=1]
              RenderInline {FONT} at (0,0) size 3x11
                RenderText {#text} at (0,0) size 3x11
                  text run at (0,0) width 3: " "
            RenderTableCell {TD} at (520,275) size 8x11 [bgcolor=#CECFCF] [r=25 c=67 rs=1 cs=1]
              RenderInline {FONT} at (0,0) size 3x11
                RenderText {#text} at (0,0) size 3x11
                  text run at (0,0) width 3: " "
            RenderTableCell {TD} at (528,275) size 8x11 [bgcolor=#B4B4B4] [r=25 c=68 rs=1 cs=1]
              RenderInline {FONT} at (0,0) size 3x11
                RenderText {#text} at (0,0) size 3x11
                  text run at (0,0) width 3: " "
            RenderTableCell {TD} at (536,275) size 8x11 [bgcolor=#91A3A3] [r=25 c=69 rs=1 cs=1]
              RenderInline {FONT} at (0,0) size 3x11
                RenderText {#text} at (0,0) size 3x11
                  text run at (0,0) width 3: " "
            RenderTableCell {TD} at (544,275) size 8x11 [bgcolor=#848788] [r=25 c=70 rs=1 cs=1]
              RenderInline {FONT} at (0,0) size 3x11
                RenderText {#text} at (0,0) size 3x11
                  text run at (0,0) width 3: " "
            RenderTableCell {TD} at (552,275) size 8x11 [bgcolor=#777878] [r=25 c=71 rs=1 cs=1]
              RenderInline {FONT} at (0,0) size 3x11
                RenderText {#text} at (0,0) size 3x11
                  text run at (0,0) width 3: " "
            RenderTableCell {TD} at (560,275) size 8x11 [bgcolor=#526B6B] [r=25 c=72 rs=1 cs=1]
              RenderInline {FONT} at (0,0) size 3x11
                RenderText {#text} at (0,0) size 3x11
                  text run at (0,0) width 3: " "
            RenderTableCell {TD} at (568,275) size 8x11 [bgcolor=#425A5A] [r=25 c=73 rs=1 cs=1]
              RenderInline {FONT} at (0,0) size 3x11
                RenderText {#text} at (0,0) size 3x11
                  text run at (0,0) width 3: " "
            RenderTableCell {TD} at (576,275) size 8x11 [bgcolor=#425A5A] [r=25 c=74 rs=1 cs=1]
              RenderInline {FONT} at (0,0) size 3x11
                RenderText {#text} at (0,0) size 3x11
                  text run at (0,0) width 3: " "
            RenderTableCell {TD} at (584,275) size 8x11 [bgcolor=#305D5D] [r=25 c=75 rs=1 cs=1]
              RenderInline {FONT} at (0,0) size 3x11
                RenderText {#text} at (0,0) size 3x11
                  text run at (0,0) width 3: " "
            RenderTableCell {TD} at (592,275) size 8x11 [bgcolor=#305D5D] [r=25 c=76 rs=1 cs=1]
              RenderInline {FONT} at (0,0) size 3x11
                RenderText {#text} at (0,0) size 3x11
                  text run at (0,0) width 3: " "
            RenderTableCell {TD} at (600,275) size 8x11 [bgcolor=#305D5D] [r=25 c=77 rs=1 cs=1]
              RenderInline {FONT} at (0,0) size 3x11
                RenderText {#text} at (0,0) size 3x11
                  text run at (0,0) width 3: " "
            RenderTableCell {TD} at (608,275) size 8x11 [bgcolor=#026766] [r=25 c=78 rs=1 cs=1]
              RenderInline {FONT} at (0,0) size 3x11
                RenderText {#text} at (0,0) size 3x11
                  text run at (0,0) width 3: " "
            RenderTableCell {TD} at (616,275) size 8x11 [bgcolor=#026766] [r=25 c=79 rs=1 cs=1]
              RenderInline {FONT} at (0,0) size 3x11
                RenderText {#text} at (0,0) size 3x11
                  text run at (0,0) width 3: " "
            RenderTableCell {TD} at (624,275) size 8x11 [bgcolor=#026766] [r=25 c=80 rs=1 cs=1]
              RenderInline {FONT} at (0,0) size 3x11
                RenderText {#text} at (0,0) size 3x11
                  text run at (0,0) width 3: " "
            RenderTableCell {TD} at (632,275) size 8x11 [bgcolor=#026766] [r=25 c=81 rs=1 cs=1]
              RenderInline {FONT} at (0,0) size 3x11
                RenderText {#text} at (0,0) size 3x11
                  text run at (0,0) width 3: " "
            RenderTableCell {TD} at (640,275) size 8x11 [bgcolor=#026766] [r=25 c=82 rs=1 cs=1]
              RenderInline {FONT} at (0,0) size 3x11
                RenderText {#text} at (0,0) size 3x11
                  text run at (0,0) width 3: " "
            RenderTableCell {TD} at (648,275) size 8x11 [bgcolor=#026766] [r=25 c=83 rs=1 cs=1]
              RenderInline {FONT} at (0,0) size 3x11
                RenderText {#text} at (0,0) size 3x11
                  text run at (0,0) width 3: " "
            RenderTableCell {TD} at (656,275) size 8x11 [bgcolor=#026766] [r=25 c=84 rs=1 cs=1]
              RenderInline {FONT} at (0,0) size 3x11
                RenderText {#text} at (0,0) size 3x11
                  text run at (0,0) width 3: " "
            RenderTableCell {TD} at (664,275) size 8x11 [bgcolor=#026766] [r=25 c=85 rs=1 cs=1]
              RenderInline {FONT} at (0,0) size 3x11
                RenderText {#text} at (0,0) size 3x11
                  text run at (0,0) width 3: " "
            RenderTableCell {TD} at (672,275) size 8x11 [bgcolor=#026766] [r=25 c=86 rs=1 cs=1]
              RenderInline {FONT} at (0,0) size 3x11
                RenderText {#text} at (0,0) size 3x11
                  text run at (0,0) width 3: " "
            RenderTableCell {TD} at (680,275) size 8x11 [bgcolor=#026766] [r=25 c=87 rs=1 cs=1]
              RenderInline {FONT} at (0,0) size 3x11
                RenderText {#text} at (0,0) size 3x11
                  text run at (0,0) width 3: " "
            RenderTableCell {TD} at (688,275) size 8x11 [bgcolor=#026766] [r=25 c=88 rs=1 cs=1]
              RenderInline {FONT} at (0,0) size 3x11
                RenderText {#text} at (0,0) size 3x11
                  text run at (0,0) width 3: " "
            RenderTableCell {TD} at (696,275) size 8x11 [bgcolor=#026766] [r=25 c=89 rs=1 cs=1]
              RenderInline {FONT} at (0,0) size 3x11
                RenderText {#text} at (0,0) size 3x11
                  text run at (0,0) width 3: " "
            RenderTableCell {TD} at (704,275) size 8x11 [bgcolor=#025E5E] [r=25 c=90 rs=1 cs=1]
              RenderInline {FONT} at (0,0) size 3x11
                RenderText {#text} at (0,0) size 3x11
                  text run at (0,0) width 3: " "
            RenderTableCell {TD} at (712,275) size 8x11 [bgcolor=#025E5E] [r=25 c=91 rs=1 cs=1]
              RenderInline {FONT} at (0,0) size 3x11
                RenderText {#text} at (0,0) size 3x11
                  text run at (0,0) width 3: " "
            RenderTableCell {TD} at (720,275) size 8x11 [bgcolor=#044140] [r=25 c=92 rs=1 cs=1]
              RenderInline {FONT} at (0,0) size 3x11
                RenderText {#text} at (0,0) size 3x11
                  text run at (0,0) width 3: " "
            RenderTableCell {TD} at (728,275) size 8x11 [bgcolor=#083131] [r=25 c=93 rs=1 cs=1]
              RenderInline {FONT} at (0,0) size 3x11
                RenderText {#text} at (0,0) size 3x11
                  text run at (0,0) width 3: " "
            RenderTableCell {TD} at (736,275) size 8x11 [bgcolor=#5E5F60] [r=25 c=94 rs=1 cs=1]
              RenderInline {FONT} at (0,0) size 3x11
                RenderText {#text} at (0,0) size 3x11
                  text run at (0,0) width 3: " "
            RenderTableCell {TD} at (744,275) size 8x11 [bgcolor=#A5A6A6] [r=25 c=95 rs=1 cs=1]
              RenderInline {FONT} at (0,0) size 3x11
                RenderText {#text} at (0,0) size 3x11
                  text run at (0,0) width 3: " "
            RenderTableCell {TD} at (752,275) size 8x11 [bgcolor=#DEDFDF] [r=25 c=96 rs=1 cs=1]
              RenderInline {FONT} at (0,0) size 3x11
                RenderText {#text} at (0,0) size 3x11
                  text run at (0,0) width 3: " "
            RenderTableCell {TD} at (760,275) size 8x11 [bgcolor=#FDFDFB] [r=25 c=97 rs=1 cs=1]
              RenderInline {FONT} at (0,0) size 3x11
                RenderText {#text} at (0,0) size 3x11
                  text run at (0,0) width 3: " "
            RenderTableCell {TD} at (768,275) size 8x11 [bgcolor=#FDFDFB] [r=25 c=98 rs=1 cs=1]
              RenderInline {FONT} at (0,0) size 3x11
                RenderText {#text} at (0,0) size 3x11
                  text run at (0,0) width 3: " "
            RenderTableCell {TD} at (776,275) size 8x11 [bgcolor=#FDFDFB] [r=25 c=99 rs=1 cs=1]
              RenderInline {FONT} at (0,0) size 3x11
                RenderText {#text} at (0,0) size 3x11
                  text run at (0,0) width 3: " "
          RenderTableRow {TR} at (0,286) size 784x11
            RenderTableCell {TD} at (0,286) size 7x11 [bgcolor=#FDFDFB] [r=26 c=0 rs=1 cs=1]
              RenderInline {FONT} at (0,0) size 3x11
                RenderText {#text} at (0,0) size 3x11
                  text run at (0,0) width 3: " "
            RenderTableCell {TD} at (7,286) size 7x11 [bgcolor=#FDFDFB] [r=26 c=1 rs=1 cs=1]
              RenderInline {FONT} at (0,0) size 3x11
                RenderText {#text} at (0,0) size 3x11
                  text run at (0,0) width 3: " "
            RenderTableCell {TD} at (14,286) size 7x11 [bgcolor=#FDFDFB] [r=26 c=2 rs=1 cs=1]
              RenderInline {FONT} at (0,0) size 3x11
                RenderText {#text} at (0,0) size 3x11
                  text run at (0,0) width 3: " "
            RenderTableCell {TD} at (21,286) size 7x11 [bgcolor=#FDFDFB] [r=26 c=3 rs=1 cs=1]
              RenderInline {FONT} at (0,0) size 3x11
                RenderText {#text} at (0,0) size 3x11
                  text run at (0,0) width 3: " "
            RenderTableCell {TD} at (28,286) size 7x11 [bgcolor=#FDFDFB] [r=26 c=4 rs=1 cs=1]
              RenderInline {FONT} at (0,0) size 3x11
                RenderText {#text} at (0,0) size 3x11
                  text run at (0,0) width 3: " "
            RenderTableCell {TD} at (35,286) size 7x11 [bgcolor=#FDFDFB] [r=26 c=5 rs=1 cs=1]
              RenderInline {FONT} at (0,0) size 3x11
                RenderText {#text} at (0,0) size 3x11
                  text run at (0,0) width 3: " "
            RenderTableCell {TD} at (42,286) size 7x11 [bgcolor=#FDFDFB] [r=26 c=6 rs=1 cs=1]
              RenderInline {FONT} at (0,0) size 3x11
                RenderText {#text} at (0,0) size 3x11
                  text run at (0,0) width 3: " "
            RenderTableCell {TD} at (49,286) size 7x11 [bgcolor=#FDFDFB] [r=26 c=7 rs=1 cs=1]
              RenderInline {FONT} at (0,0) size 3x11
                RenderText {#text} at (0,0) size 3x11
                  text run at (0,0) width 3: " "
            RenderTableCell {TD} at (56,286) size 7x11 [bgcolor=#FDFDFB] [r=26 c=8 rs=1 cs=1]
              RenderInline {FONT} at (0,0) size 3x11
                RenderText {#text} at (0,0) size 3x11
                  text run at (0,0) width 3: " "
            RenderTableCell {TD} at (63,286) size 7x11 [bgcolor=#FDFDFB] [r=26 c=9 rs=1 cs=1]
              RenderInline {FONT} at (0,0) size 3x11
                RenderText {#text} at (0,0) size 3x11
                  text run at (0,0) width 3: " "
            RenderTableCell {TD} at (70,286) size 7x11 [bgcolor=#EDEEEF] [r=26 c=10 rs=1 cs=1]
              RenderInline {FONT} at (0,0) size 3x11
                RenderText {#text} at (0,0) size 3x11
                  text run at (0,0) width 3: " "
            RenderTableCell {TD} at (77,286) size 7x11 [bgcolor=#EDEEEF] [r=26 c=11 rs=1 cs=1]
              RenderInline {FONT} at (0,0) size 3x11
                RenderText {#text} at (0,0) size 3x11
                  text run at (0,0) width 3: " "
            RenderTableCell {TD} at (84,286) size 7x11 [bgcolor=#DEDFDF] [r=26 c=12 rs=1 cs=1]
              RenderInline {FONT} at (0,0) size 3x11
                RenderText {#text} at (0,0) size 3x11
                  text run at (0,0) width 3: " "
            RenderTableCell {TD} at (91,286) size 7x11 [bgcolor=#CECFCF] [r=26 c=13 rs=1 cs=1]
              RenderInline {FONT} at (0,0) size 3x11
                RenderText {#text} at (0,0) size 3x11
                  text run at (0,0) width 3: " "
            RenderTableCell {TD} at (98,286) size 7x11 [bgcolor=#CECFCF] [r=26 c=14 rs=1 cs=1]
              RenderInline {FONT} at (0,0) size 3x11
                RenderText {#text} at (0,0) size 3x11
                  text run at (0,0) width 3: " "
            RenderTableCell {TD} at (105,286) size 7x11 [bgcolor=#BEC2C2] [r=26 c=15 rs=1 cs=1]
              RenderInline {FONT} at (0,0) size 3x11
                RenderText {#text} at (0,0) size 3x11
                  text run at (0,0) width 3: " "
            RenderTableCell {TD} at (112,286) size 8x11 [bgcolor=#BEC2C2] [r=26 c=16 rs=1 cs=1]
              RenderInline {FONT} at (0,0) size 3x11
                RenderText {#text} at (0,0) size 3x11
                  text run at (0,0) width 3: " "
            RenderTableCell {TD} at (120,286) size 8x11 [bgcolor=#BEC2C2] [r=26 c=17 rs=1 cs=1]
              RenderInline {FONT} at (0,0) size 3x11
                RenderText {#text} at (0,0) size 3x11
                  text run at (0,0) width 3: " "
            RenderTableCell {TD} at (128,286) size 8x11 [bgcolor=#BEC2C2] [r=26 c=18 rs=1 cs=1]
              RenderInline {FONT} at (0,0) size 3x11
                RenderText {#text} at (0,0) size 3x11
                  text run at (0,0) width 3: " "
            RenderTableCell {TD} at (136,286) size 8x11 [bgcolor=#BEC2C2] [r=26 c=19 rs=1 cs=1]
              RenderInline {FONT} at (0,0) size 3x11
                RenderText {#text} at (0,0) size 3x11
                  text run at (0,0) width 3: " "
            RenderTableCell {TD} at (144,286) size 8x11 [bgcolor=#BEC2C2] [r=26 c=20 rs=1 cs=1]
              RenderInline {FONT} at (0,0) size 3x11
                RenderText {#text} at (0,0) size 3x11
                  text run at (0,0) width 3: " "
            RenderTableCell {TD} at (152,286) size 8x11 [bgcolor=#CECFCF] [r=26 c=21 rs=1 cs=1]
              RenderInline {FONT} at (0,0) size 3x11
                RenderText {#text} at (0,0) size 3x11
                  text run at (0,0) width 3: " "
            RenderTableCell {TD} at (160,286) size 8x11 [bgcolor=#CECFCF] [r=26 c=22 rs=1 cs=1]
              RenderInline {FONT} at (0,0) size 3x11
                RenderText {#text} at (0,0) size 3x11
                  text run at (0,0) width 3: " "
            RenderTableCell {TD} at (168,286) size 8x11 [bgcolor=#DEDFDF] [r=26 c=23 rs=1 cs=1]
              RenderInline {FONT} at (0,0) size 3x11
                RenderText {#text} at (0,0) size 3x11
                  text run at (0,0) width 3: " "
            RenderTableCell {TD} at (176,286) size 8x11 [bgcolor=#E0EAE9] [r=26 c=24 rs=1 cs=1]
              RenderInline {FONT} at (0,0) size 3x11
                RenderText {#text} at (0,0) size 3x11
                  text run at (0,0) width 3: " "
            RenderTableCell {TD} at (184,286) size 8x11 [bgcolor=#EDEEEF] [r=26 c=25 rs=1 cs=1]
              RenderInline {FONT} at (0,0) size 3x11
                RenderText {#text} at (0,0) size 3x11
                  text run at (0,0) width 3: " "
            RenderTableCell {TD} at (192,286) size 8x11 [bgcolor=#FDFDFB] [r=26 c=26 rs=1 cs=1]
              RenderInline {FONT} at (0,0) size 3x11
                RenderText {#text} at (0,0) size 3x11
                  text run at (0,0) width 3: " "
            RenderTableCell {TD} at (200,286) size 8x11 [bgcolor=#FDFDFB] [r=26 c=27 rs=1 cs=1]
              RenderInline {FONT} at (0,0) size 3x11
                RenderText {#text} at (0,0) size 3x11
                  text run at (0,0) width 3: " "
            RenderTableCell {TD} at (208,286) size 8x11 [bgcolor=#FDFDFB] [r=26 c=28 rs=1 cs=1]
              RenderInline {FONT} at (0,0) size 3x11
                RenderText {#text} at (0,0) size 3x11
                  text run at (0,0) width 3: " "
            RenderTableCell {TD} at (216,286) size 8x11 [bgcolor=#FDFDFB] [r=26 c=29 rs=1 cs=1]
              RenderInline {FONT} at (0,0) size 3x11
                RenderText {#text} at (0,0) size 3x11
                  text run at (0,0) width 3: " "
            RenderTableCell {TD} at (224,286) size 8x11 [bgcolor=#FDFDFB] [r=26 c=30 rs=1 cs=1]
              RenderInline {FONT} at (0,0) size 3x11
                RenderText {#text} at (0,0) size 3x11
                  text run at (0,0) width 3: " "
            RenderTableCell {TD} at (232,286) size 8x11 [bgcolor=#FDFDFB] [r=26 c=31 rs=1 cs=1]
              RenderInline {FONT} at (0,0) size 3x11
                RenderText {#text} at (0,0) size 3x11
                  text run at (0,0) width 3: " "
            RenderTableCell {TD} at (240,286) size 8x11 [bgcolor=#FDFDFB] [r=26 c=32 rs=1 cs=1]
              RenderInline {FONT} at (0,0) size 3x11
                RenderText {#text} at (0,0) size 3x11
                  text run at (0,0) width 3: " "
            RenderTableCell {TD} at (248,286) size 8x11 [bgcolor=#FDFDFB] [r=26 c=33 rs=1 cs=1]
              RenderInline {FONT} at (0,0) size 3x11
                RenderText {#text} at (0,0) size 3x11
                  text run at (0,0) width 3: " "
            RenderTableCell {TD} at (256,286) size 8x11 [bgcolor=#FDFDFB] [r=26 c=34 rs=1 cs=1]
              RenderInline {FONT} at (0,0) size 3x11
                RenderText {#text} at (0,0) size 3x11
                  text run at (0,0) width 3: " "
            RenderTableCell {TD} at (264,286) size 8x11 [bgcolor=#FDFDFB] [r=26 c=35 rs=1 cs=1]
              RenderInline {FONT} at (0,0) size 3x11
                RenderText {#text} at (0,0) size 3x11
                  text run at (0,0) width 3: " "
            RenderTableCell {TD} at (272,286) size 8x11 [bgcolor=#FDFDFB] [r=26 c=36 rs=1 cs=1]
              RenderInline {FONT} at (0,0) size 3x11
                RenderText {#text} at (0,0) size 3x11
                  text run at (0,0) width 3: " "
            RenderTableCell {TD} at (280,286) size 8x11 [bgcolor=#EDEEEF] [r=26 c=37 rs=1 cs=1]
              RenderInline {FONT} at (0,0) size 3x11
                RenderText {#text} at (0,0) size 3x11
                  text run at (0,0) width 3: " "
            RenderTableCell {TD} at (288,286) size 8x11 [bgcolor=#DEDFDF] [r=26 c=38 rs=1 cs=1]
              RenderInline {FONT} at (0,0) size 3x11
                RenderText {#text} at (0,0) size 3x11
                  text run at (0,0) width 3: " "
            RenderTableCell {TD} at (296,286) size 8x11 [bgcolor=#DEDFDF] [r=26 c=39 rs=1 cs=1]
              RenderInline {FONT} at (0,0) size 3x11
                RenderText {#text} at (0,0) size 3x11
                  text run at (0,0) width 3: " "
            RenderTableCell {TD} at (304,286) size 8x11 [bgcolor=#DEDFDF] [r=26 c=40 rs=1 cs=1]
              RenderInline {FONT} at (0,0) size 3x11
                RenderText {#text} at (0,0) size 3x11
                  text run at (0,0) width 3: " "
            RenderTableCell {TD} at (312,286) size 8x11 [bgcolor=#DEDFDF] [r=26 c=41 rs=1 cs=1]
              RenderInline {FONT} at (0,0) size 3x11
                RenderText {#text} at (0,0) size 3x11
                  text run at (0,0) width 3: " "
            RenderTableCell {TD} at (320,286) size 8x11 [bgcolor=#DEDFDF] [r=26 c=42 rs=1 cs=1]
              RenderInline {FONT} at (0,0) size 3x11
                RenderText {#text} at (0,0) size 3x11
                  text run at (0,0) width 3: " "
            RenderTableCell {TD} at (328,286) size 8x11 [bgcolor=#DEDFDF] [r=26 c=43 rs=1 cs=1]
              RenderInline {FONT} at (0,0) size 3x11
                RenderText {#text} at (0,0) size 3x11
                  text run at (0,0) width 3: " "
            RenderTableCell {TD} at (336,286) size 8x11 [bgcolor=#DEDFDF] [r=26 c=44 rs=1 cs=1]
              RenderInline {FONT} at (0,0) size 3x11
                RenderText {#text} at (0,0) size 3x11
                  text run at (0,0) width 3: " "
            RenderTableCell {TD} at (344,286) size 8x11 [bgcolor=#DEDFDF] [r=26 c=45 rs=1 cs=1]
              RenderInline {FONT} at (0,0) size 3x11
                RenderText {#text} at (0,0) size 3x11
                  text run at (0,0) width 3: " "
            RenderTableCell {TD} at (352,286) size 8x11 [bgcolor=#DEDFDF] [r=26 c=46 rs=1 cs=1]
              RenderInline {FONT} at (0,0) size 3x11
                RenderText {#text} at (0,0) size 3x11
                  text run at (0,0) width 3: " "
            RenderTableCell {TD} at (360,286) size 8x11 [bgcolor=#DEDFDF] [r=26 c=47 rs=1 cs=1]
              RenderInline {FONT} at (0,0) size 3x11
                RenderText {#text} at (0,0) size 3x11
                  text run at (0,0) width 3: " "
            RenderTableCell {TD} at (368,286) size 8x11 [bgcolor=#DEDFDF] [r=26 c=48 rs=1 cs=1]
              RenderInline {FONT} at (0,0) size 3x11
                RenderText {#text} at (0,0) size 3x11
                  text run at (0,0) width 3: " "
            RenderTableCell {TD} at (376,286) size 8x11 [bgcolor=#DEDFDF] [r=26 c=49 rs=1 cs=1]
              RenderInline {FONT} at (0,0) size 3x11
                RenderText {#text} at (0,0) size 3x11
                  text run at (0,0) width 3: " "
            RenderTableCell {TD} at (384,286) size 8x11 [bgcolor=#DEDFDF] [r=26 c=50 rs=1 cs=1]
              RenderInline {FONT} at (0,0) size 3x11
                RenderText {#text} at (0,0) size 3x11
                  text run at (0,0) width 3: " "
            RenderTableCell {TD} at (392,286) size 8x11 [bgcolor=#DEDFDF] [r=26 c=51 rs=1 cs=1]
              RenderInline {FONT} at (0,0) size 3x11
                RenderText {#text} at (0,0) size 3x11
                  text run at (0,0) width 3: " "
            RenderTableCell {TD} at (400,286) size 8x11 [bgcolor=#DEDFDF] [r=26 c=52 rs=1 cs=1]
              RenderInline {FONT} at (0,0) size 3x11
                RenderText {#text} at (0,0) size 3x11
                  text run at (0,0) width 3: " "
            RenderTableCell {TD} at (408,286) size 8x11 [bgcolor=#EDEEEF] [r=26 c=53 rs=1 cs=1]
              RenderInline {FONT} at (0,0) size 3x11
                RenderText {#text} at (0,0) size 3x11
                  text run at (0,0) width 3: " "
            RenderTableCell {TD} at (416,286) size 8x11 [bgcolor=#FDFDFB] [r=26 c=54 rs=1 cs=1]
              RenderInline {FONT} at (0,0) size 3x11
                RenderText {#text} at (0,0) size 3x11
                  text run at (0,0) width 3: " "
            RenderTableCell {TD} at (424,286) size 8x11 [bgcolor=#FDFDFB] [r=26 c=55 rs=1 cs=1]
              RenderInline {FONT} at (0,0) size 3x11
                RenderText {#text} at (0,0) size 3x11
                  text run at (0,0) width 3: " "
            RenderTableCell {TD} at (432,286) size 8x11 [bgcolor=#FDFDFB] [r=26 c=56 rs=1 cs=1]
              RenderInline {FONT} at (0,0) size 3x11
                RenderText {#text} at (0,0) size 3x11
                  text run at (0,0) width 3: " "
            RenderTableCell {TD} at (440,286) size 8x11 [bgcolor=#FDFDFB] [r=26 c=57 rs=1 cs=1]
              RenderInline {FONT} at (0,0) size 3x11
                RenderText {#text} at (0,0) size 3x11
                  text run at (0,0) width 3: " "
            RenderTableCell {TD} at (448,286) size 8x11 [bgcolor=#FDFDFB] [r=26 c=58 rs=1 cs=1]
              RenderInline {FONT} at (0,0) size 3x11
                RenderText {#text} at (0,0) size 3x11
                  text run at (0,0) width 3: " "
            RenderTableCell {TD} at (456,286) size 8x11 [bgcolor=#FDFDFB] [r=26 c=59 rs=1 cs=1]
              RenderInline {FONT} at (0,0) size 3x11
                RenderText {#text} at (0,0) size 3x11
                  text run at (0,0) width 3: " "
            RenderTableCell {TD} at (464,286) size 8x11 [bgcolor=#FDFDFB] [r=26 c=60 rs=1 cs=1]
              RenderInline {FONT} at (0,0) size 3x11
                RenderText {#text} at (0,0) size 3x11
                  text run at (0,0) width 3: " "
            RenderTableCell {TD} at (472,286) size 8x11 [bgcolor=#FDFDFB] [r=26 c=61 rs=1 cs=1]
              RenderInline {FONT} at (0,0) size 3x11
                RenderText {#text} at (0,0) size 3x11
                  text run at (0,0) width 3: " "
            RenderTableCell {TD} at (480,286) size 8x11 [bgcolor=#FDFDFB] [r=26 c=62 rs=1 cs=1]
              RenderInline {FONT} at (0,0) size 3x11
                RenderText {#text} at (0,0) size 3x11
                  text run at (0,0) width 3: " "
            RenderTableCell {TD} at (488,286) size 8x11 [bgcolor=#FDFDFB] [r=26 c=63 rs=1 cs=1]
              RenderInline {FONT} at (0,0) size 3x11
                RenderText {#text} at (0,0) size 3x11
                  text run at (0,0) width 3: " "
            RenderTableCell {TD} at (496,286) size 8x11 [bgcolor=#FDFDFB] [r=26 c=64 rs=1 cs=1]
              RenderInline {FONT} at (0,0) size 3x11
                RenderText {#text} at (0,0) size 3x11
                  text run at (0,0) width 3: " "
            RenderTableCell {TD} at (504,286) size 8x11 [bgcolor=#FDFDFB] [r=26 c=65 rs=1 cs=1]
              RenderInline {FONT} at (0,0) size 3x11
                RenderText {#text} at (0,0) size 3x11
                  text run at (0,0) width 3: " "
            RenderTableCell {TD} at (512,286) size 8x11 [bgcolor=#FDFDFB] [r=26 c=66 rs=1 cs=1]
              RenderInline {FONT} at (0,0) size 3x11
                RenderText {#text} at (0,0) size 3x11
                  text run at (0,0) width 3: " "
            RenderTableCell {TD} at (520,286) size 8x11 [bgcolor=#EDEEEF] [r=26 c=67 rs=1 cs=1]
              RenderInline {FONT} at (0,0) size 3x11
                RenderText {#text} at (0,0) size 3x11
                  text run at (0,0) width 3: " "
            RenderTableCell {TD} at (528,286) size 8x11 [bgcolor=#DEDFDF] [r=26 c=68 rs=1 cs=1]
              RenderInline {FONT} at (0,0) size 3x11
                RenderText {#text} at (0,0) size 3x11
                  text run at (0,0) width 3: " "
            RenderTableCell {TD} at (536,286) size 8x11 [bgcolor=#CECFCF] [r=26 c=69 rs=1 cs=1]
              RenderInline {FONT} at (0,0) size 3x11
                RenderText {#text} at (0,0) size 3x11
                  text run at (0,0) width 3: " "
            RenderTableCell {TD} at (544,286) size 8x11 [bgcolor=#BEC2C2] [r=26 c=70 rs=1 cs=1]
              RenderInline {FONT} at (0,0) size 3x11
                RenderText {#text} at (0,0) size 3x11
                  text run at (0,0) width 3: " "
            RenderTableCell {TD} at (552,286) size 8x11 [bgcolor=#B4B4B4] [r=26 c=71 rs=1 cs=1]
              RenderInline {FONT} at (0,0) size 3x11
                RenderText {#text} at (0,0) size 3x11
                  text run at (0,0) width 3: " "
            RenderTableCell {TD} at (560,286) size 8x11 [bgcolor=#B4B4B4] [r=26 c=72 rs=1 cs=1]
              RenderInline {FONT} at (0,0) size 3x11
                RenderText {#text} at (0,0) size 3x11
                  text run at (0,0) width 3: " "
            RenderTableCell {TD} at (568,286) size 8x11 [bgcolor=#A5A6A6] [r=26 c=73 rs=1 cs=1]
              RenderInline {FONT} at (0,0) size 3x11
                RenderText {#text} at (0,0) size 3x11
                  text run at (0,0) width 3: " "
            RenderTableCell {TD} at (576,286) size 8x11 [bgcolor=#91A3A3] [r=26 c=74 rs=1 cs=1]
              RenderInline {FONT} at (0,0) size 3x11
                RenderText {#text} at (0,0) size 3x11
                  text run at (0,0) width 3: " "
            RenderTableCell {TD} at (584,286) size 8x11 [bgcolor=#939494] [r=26 c=75 rs=1 cs=1]
              RenderInline {FONT} at (0,0) size 3x11
                RenderText {#text} at (0,0) size 3x11
                  text run at (0,0) width 3: " "
            RenderTableCell {TD} at (592,286) size 8x11 [bgcolor=#939494] [r=26 c=76 rs=1 cs=1]
              RenderInline {FONT} at (0,0) size 3x11
                RenderText {#text} at (0,0) size 3x11
                  text run at (0,0) width 3: " "
            RenderTableCell {TD} at (600,286) size 8x11 [bgcolor=#5A8787] [r=26 c=77 rs=1 cs=1]
              RenderInline {FONT} at (0,0) size 3x11
                RenderText {#text} at (0,0) size 3x11
                  text run at (0,0) width 3: " "
            RenderTableCell {TD} at (608,286) size 8x11 [bgcolor=#027777] [r=26 c=78 rs=1 cs=1]
              RenderInline {FONT} at (0,0) size 3x11
                RenderText {#text} at (0,0) size 3x11
                  text run at (0,0) width 3: " "
            RenderTableCell {TD} at (616,286) size 8x11 [bgcolor=#026766] [r=26 c=79 rs=1 cs=1]
              RenderInline {FONT} at (0,0) size 3x11
                RenderText {#text} at (0,0) size 3x11
                  text run at (0,0) width 3: " "
            RenderTableCell {TD} at (624,286) size 8x11 [bgcolor=#026766] [r=26 c=80 rs=1 cs=1]
              RenderInline {FONT} at (0,0) size 3x11
                RenderText {#text} at (0,0) size 3x11
                  text run at (0,0) width 3: " "
            RenderTableCell {TD} at (632,286) size 8x11 [bgcolor=#026766] [r=26 c=81 rs=1 cs=1]
              RenderInline {FONT} at (0,0) size 3x11
                RenderText {#text} at (0,0) size 3x11
                  text run at (0,0) width 3: " "
            RenderTableCell {TD} at (640,286) size 8x11 [bgcolor=#026766] [r=26 c=82 rs=1 cs=1]
              RenderInline {FONT} at (0,0) size 3x11
                RenderText {#text} at (0,0) size 3x11
                  text run at (0,0) width 3: " "
            RenderTableCell {TD} at (648,286) size 8x11 [bgcolor=#026766] [r=26 c=83 rs=1 cs=1]
              RenderInline {FONT} at (0,0) size 3x11
                RenderText {#text} at (0,0) size 3x11
                  text run at (0,0) width 3: " "
            RenderTableCell {TD} at (656,286) size 8x11 [bgcolor=#026766] [r=26 c=84 rs=1 cs=1]
              RenderInline {FONT} at (0,0) size 3x11
                RenderText {#text} at (0,0) size 3x11
                  text run at (0,0) width 3: " "
            RenderTableCell {TD} at (664,286) size 8x11 [bgcolor=#026766] [r=26 c=85 rs=1 cs=1]
              RenderInline {FONT} at (0,0) size 3x11
                RenderText {#text} at (0,0) size 3x11
                  text run at (0,0) width 3: " "
            RenderTableCell {TD} at (672,286) size 8x11 [bgcolor=#026766] [r=26 c=86 rs=1 cs=1]
              RenderInline {FONT} at (0,0) size 3x11
                RenderText {#text} at (0,0) size 3x11
                  text run at (0,0) width 3: " "
            RenderTableCell {TD} at (680,286) size 8x11 [bgcolor=#026766] [r=26 c=87 rs=1 cs=1]
              RenderInline {FONT} at (0,0) size 3x11
                RenderText {#text} at (0,0) size 3x11
                  text run at (0,0) width 3: " "
            RenderTableCell {TD} at (688,286) size 8x11 [bgcolor=#026766] [r=26 c=88 rs=1 cs=1]
              RenderInline {FONT} at (0,0) size 3x11
                RenderText {#text} at (0,0) size 3x11
                  text run at (0,0) width 3: " "
            RenderTableCell {TD} at (696,286) size 8x11 [bgcolor=#025E5E] [r=26 c=89 rs=1 cs=1]
              RenderInline {FONT} at (0,0) size 3x11
                RenderText {#text} at (0,0) size 3x11
                  text run at (0,0) width 3: " "
            RenderTableCell {TD} at (704,286) size 8x11 [bgcolor=#025E5E] [r=26 c=90 rs=1 cs=1]
              RenderInline {FONT} at (0,0) size 3x11
                RenderText {#text} at (0,0) size 3x11
                  text run at (0,0) width 3: " "
            RenderTableCell {TD} at (712,286) size 8x11 [bgcolor=#044F4F] [r=26 c=91 rs=1 cs=1]
              RenderInline {FONT} at (0,0) size 3x11
                RenderText {#text} at (0,0) size 3x11
                  text run at (0,0) width 3: " "
            RenderTableCell {TD} at (720,286) size 8x11 [bgcolor=#044140] [r=26 c=92 rs=1 cs=1]
              RenderInline {FONT} at (0,0) size 3x11
                RenderText {#text} at (0,0) size 3x11
                  text run at (0,0) width 3: " "
            RenderTableCell {TD} at (728,286) size 8x11 [bgcolor=#083131] [r=26 c=93 rs=1 cs=1]
              RenderInline {FONT} at (0,0) size 3x11
                RenderText {#text} at (0,0) size 3x11
                  text run at (0,0) width 3: " "
            RenderTableCell {TD} at (736,286) size 8x11 [bgcolor=#777878] [r=26 c=94 rs=1 cs=1]
              RenderInline {FONT} at (0,0) size 3x11
                RenderText {#text} at (0,0) size 3x11
                  text run at (0,0) width 3: " "
            RenderTableCell {TD} at (744,286) size 8x11 [bgcolor=#B4B4B4] [r=26 c=95 rs=1 cs=1]
              RenderInline {FONT} at (0,0) size 3x11
                RenderText {#text} at (0,0) size 3x11
                  text run at (0,0) width 3: " "
            RenderTableCell {TD} at (752,286) size 8x11 [bgcolor=#DEDFDF] [r=26 c=96 rs=1 cs=1]
              RenderInline {FONT} at (0,0) size 3x11
                RenderText {#text} at (0,0) size 3x11
                  text run at (0,0) width 3: " "
            RenderTableCell {TD} at (760,286) size 8x11 [bgcolor=#FDFDFB] [r=26 c=97 rs=1 cs=1]
              RenderInline {FONT} at (0,0) size 3x11
                RenderText {#text} at (0,0) size 3x11
                  text run at (0,0) width 3: " "
            RenderTableCell {TD} at (768,286) size 8x11 [bgcolor=#FDFDFB] [r=26 c=98 rs=1 cs=1]
              RenderInline {FONT} at (0,0) size 3x11
                RenderText {#text} at (0,0) size 3x11
                  text run at (0,0) width 3: " "
            RenderTableCell {TD} at (776,286) size 8x11 [bgcolor=#FDFDFB] [r=26 c=99 rs=1 cs=1]
              RenderInline {FONT} at (0,0) size 3x11
                RenderText {#text} at (0,0) size 3x11
                  text run at (0,0) width 3: " "
          RenderTableRow {TR} at (0,297) size 784x11
            RenderTableCell {TD} at (0,297) size 7x11 [bgcolor=#FDFDFB] [r=27 c=0 rs=1 cs=1]
              RenderInline {FONT} at (0,0) size 3x11
                RenderText {#text} at (0,0) size 3x11
                  text run at (0,0) width 3: " "
            RenderTableCell {TD} at (7,297) size 7x11 [bgcolor=#FDFDFB] [r=27 c=1 rs=1 cs=1]
              RenderInline {FONT} at (0,0) size 3x11
                RenderText {#text} at (0,0) size 3x11
                  text run at (0,0) width 3: " "
            RenderTableCell {TD} at (14,297) size 7x11 [bgcolor=#FDFDFB] [r=27 c=2 rs=1 cs=1]
              RenderInline {FONT} at (0,0) size 3x11
                RenderText {#text} at (0,0) size 3x11
                  text run at (0,0) width 3: " "
            RenderTableCell {TD} at (21,297) size 7x11 [bgcolor=#FDFDFB] [r=27 c=3 rs=1 cs=1]
              RenderInline {FONT} at (0,0) size 3x11
                RenderText {#text} at (0,0) size 3x11
                  text run at (0,0) width 3: " "
            RenderTableCell {TD} at (28,297) size 7x11 [bgcolor=#FDFDFB] [r=27 c=4 rs=1 cs=1]
              RenderInline {FONT} at (0,0) size 3x11
                RenderText {#text} at (0,0) size 3x11
                  text run at (0,0) width 3: " "
            RenderTableCell {TD} at (35,297) size 7x11 [bgcolor=#FDFDFB] [r=27 c=5 rs=1 cs=1]
              RenderInline {FONT} at (0,0) size 3x11
                RenderText {#text} at (0,0) size 3x11
                  text run at (0,0) width 3: " "
            RenderTableCell {TD} at (42,297) size 7x11 [bgcolor=#FDFDFB] [r=27 c=6 rs=1 cs=1]
              RenderInline {FONT} at (0,0) size 3x11
                RenderText {#text} at (0,0) size 3x11
                  text run at (0,0) width 3: " "
            RenderTableCell {TD} at (49,297) size 7x11 [bgcolor=#FDFDFB] [r=27 c=7 rs=1 cs=1]
              RenderInline {FONT} at (0,0) size 3x11
                RenderText {#text} at (0,0) size 3x11
                  text run at (0,0) width 3: " "
            RenderTableCell {TD} at (56,297) size 7x11 [bgcolor=#FDFDFB] [r=27 c=8 rs=1 cs=1]
              RenderInline {FONT} at (0,0) size 3x11
                RenderText {#text} at (0,0) size 3x11
                  text run at (0,0) width 3: " "
            RenderTableCell {TD} at (63,297) size 7x11 [bgcolor=#FDFDFB] [r=27 c=9 rs=1 cs=1]
              RenderInline {FONT} at (0,0) size 3x11
                RenderText {#text} at (0,0) size 3x11
                  text run at (0,0) width 3: " "
            RenderTableCell {TD} at (70,297) size 7x11 [bgcolor=#FDFDFB] [r=27 c=10 rs=1 cs=1]
              RenderInline {FONT} at (0,0) size 3x11
                RenderText {#text} at (0,0) size 3x11
                  text run at (0,0) width 3: " "
            RenderTableCell {TD} at (77,297) size 7x11 [bgcolor=#FDFDFB] [r=27 c=11 rs=1 cs=1]
              RenderInline {FONT} at (0,0) size 3x11
                RenderText {#text} at (0,0) size 3x11
                  text run at (0,0) width 3: " "
            RenderTableCell {TD} at (84,297) size 7x11 [bgcolor=#FDFDFB] [r=27 c=12 rs=1 cs=1]
              RenderInline {FONT} at (0,0) size 3x11
                RenderText {#text} at (0,0) size 3x11
                  text run at (0,0) width 3: " "
            RenderTableCell {TD} at (91,297) size 7x11 [bgcolor=#EDEEEF] [r=27 c=13 rs=1 cs=1]
              RenderInline {FONT} at (0,0) size 3x11
                RenderText {#text} at (0,0) size 3x11
                  text run at (0,0) width 3: " "
            RenderTableCell {TD} at (98,297) size 7x11 [bgcolor=#EDEEEF] [r=27 c=14 rs=1 cs=1]
              RenderInline {FONT} at (0,0) size 3x11
                RenderText {#text} at (0,0) size 3x11
                  text run at (0,0) width 3: " "
            RenderTableCell {TD} at (105,297) size 7x11 [bgcolor=#EDEEEF] [r=27 c=15 rs=1 cs=1]
              RenderInline {FONT} at (0,0) size 3x11
                RenderText {#text} at (0,0) size 3x11
                  text run at (0,0) width 3: " "
            RenderTableCell {TD} at (112,297) size 8x11 [bgcolor=#EDEEEF] [r=27 c=16 rs=1 cs=1]
              RenderInline {FONT} at (0,0) size 3x11
                RenderText {#text} at (0,0) size 3x11
                  text run at (0,0) width 3: " "
            RenderTableCell {TD} at (120,297) size 8x11 [bgcolor=#EDEEEF] [r=27 c=17 rs=1 cs=1]
              RenderInline {FONT} at (0,0) size 3x11
                RenderText {#text} at (0,0) size 3x11
                  text run at (0,0) width 3: " "
            RenderTableCell {TD} at (128,297) size 8x11 [bgcolor=#EDEEEF] [r=27 c=18 rs=1 cs=1]
              RenderInline {FONT} at (0,0) size 3x11
                RenderText {#text} at (0,0) size 3x11
                  text run at (0,0) width 3: " "
            RenderTableCell {TD} at (136,297) size 8x11 [bgcolor=#EDEEEF] [r=27 c=19 rs=1 cs=1]
              RenderInline {FONT} at (0,0) size 3x11
                RenderText {#text} at (0,0) size 3x11
                  text run at (0,0) width 3: " "
            RenderTableCell {TD} at (144,297) size 8x11 [bgcolor=#EDEEEF] [r=27 c=20 rs=1 cs=1]
              RenderInline {FONT} at (0,0) size 3x11
                RenderText {#text} at (0,0) size 3x11
                  text run at (0,0) width 3: " "
            RenderTableCell {TD} at (152,297) size 8x11 [bgcolor=#EDEEEF] [r=27 c=21 rs=1 cs=1]
              RenderInline {FONT} at (0,0) size 3x11
                RenderText {#text} at (0,0) size 3x11
                  text run at (0,0) width 3: " "
            RenderTableCell {TD} at (160,297) size 8x11 [bgcolor=#EDEEEF] [r=27 c=22 rs=1 cs=1]
              RenderInline {FONT} at (0,0) size 3x11
                RenderText {#text} at (0,0) size 3x11
                  text run at (0,0) width 3: " "
            RenderTableCell {TD} at (168,297) size 8x11 [bgcolor=#FDFDFB] [r=27 c=23 rs=1 cs=1]
              RenderInline {FONT} at (0,0) size 3x11
                RenderText {#text} at (0,0) size 3x11
                  text run at (0,0) width 3: " "
            RenderTableCell {TD} at (176,297) size 8x11 [bgcolor=#FDFDFB] [r=27 c=24 rs=1 cs=1]
              RenderInline {FONT} at (0,0) size 3x11
                RenderText {#text} at (0,0) size 3x11
                  text run at (0,0) width 3: " "
            RenderTableCell {TD} at (184,297) size 8x11 [bgcolor=#FDFDFB] [r=27 c=25 rs=1 cs=1]
              RenderInline {FONT} at (0,0) size 3x11
                RenderText {#text} at (0,0) size 3x11
                  text run at (0,0) width 3: " "
            RenderTableCell {TD} at (192,297) size 8x11 [bgcolor=#FDFDFB] [r=27 c=26 rs=1 cs=1]
              RenderInline {FONT} at (0,0) size 3x11
                RenderText {#text} at (0,0) size 3x11
                  text run at (0,0) width 3: " "
            RenderTableCell {TD} at (200,297) size 8x11 [bgcolor=#FDFDFB] [r=27 c=27 rs=1 cs=1]
              RenderInline {FONT} at (0,0) size 3x11
                RenderText {#text} at (0,0) size 3x11
                  text run at (0,0) width 3: " "
            RenderTableCell {TD} at (208,297) size 8x11 [bgcolor=#FDFDFB] [r=27 c=28 rs=1 cs=1]
              RenderInline {FONT} at (0,0) size 3x11
                RenderText {#text} at (0,0) size 3x11
                  text run at (0,0) width 3: " "
            RenderTableCell {TD} at (216,297) size 8x11 [bgcolor=#FDFDFB] [r=27 c=29 rs=1 cs=1]
              RenderInline {FONT} at (0,0) size 3x11
                RenderText {#text} at (0,0) size 3x11
                  text run at (0,0) width 3: " "
            RenderTableCell {TD} at (224,297) size 8x11 [bgcolor=#FDFDFB] [r=27 c=30 rs=1 cs=1]
              RenderInline {FONT} at (0,0) size 3x11
                RenderText {#text} at (0,0) size 3x11
                  text run at (0,0) width 3: " "
            RenderTableCell {TD} at (232,297) size 8x11 [bgcolor=#FDFDFB] [r=27 c=31 rs=1 cs=1]
              RenderInline {FONT} at (0,0) size 3x11
                RenderText {#text} at (0,0) size 3x11
                  text run at (0,0) width 3: " "
            RenderTableCell {TD} at (240,297) size 8x11 [bgcolor=#FDFDFB] [r=27 c=32 rs=1 cs=1]
              RenderInline {FONT} at (0,0) size 3x11
                RenderText {#text} at (0,0) size 3x11
                  text run at (0,0) width 3: " "
            RenderTableCell {TD} at (248,297) size 8x11 [bgcolor=#FDFDFB] [r=27 c=33 rs=1 cs=1]
              RenderInline {FONT} at (0,0) size 3x11
                RenderText {#text} at (0,0) size 3x11
                  text run at (0,0) width 3: " "
            RenderTableCell {TD} at (256,297) size 8x11 [bgcolor=#FDFDFB] [r=27 c=34 rs=1 cs=1]
              RenderInline {FONT} at (0,0) size 3x11
                RenderText {#text} at (0,0) size 3x11
                  text run at (0,0) width 3: " "
            RenderTableCell {TD} at (264,297) size 8x11 [bgcolor=#FDFDFB] [r=27 c=35 rs=1 cs=1]
              RenderInline {FONT} at (0,0) size 3x11
                RenderText {#text} at (0,0) size 3x11
                  text run at (0,0) width 3: " "
            RenderTableCell {TD} at (272,297) size 8x11 [bgcolor=#FDFDFB] [r=27 c=36 rs=1 cs=1]
              RenderInline {FONT} at (0,0) size 3x11
                RenderText {#text} at (0,0) size 3x11
                  text run at (0,0) width 3: " "
            RenderTableCell {TD} at (280,297) size 8x11 [bgcolor=#FDFDFB] [r=27 c=37 rs=1 cs=1]
              RenderInline {FONT} at (0,0) size 3x11
                RenderText {#text} at (0,0) size 3x11
                  text run at (0,0) width 3: " "
            RenderTableCell {TD} at (288,297) size 8x11 [bgcolor=#FDFDFB] [r=27 c=38 rs=1 cs=1]
              RenderInline {FONT} at (0,0) size 3x11
                RenderText {#text} at (0,0) size 3x11
                  text run at (0,0) width 3: " "
            RenderTableCell {TD} at (296,297) size 8x11 [bgcolor=#FDFDFB] [r=27 c=39 rs=1 cs=1]
              RenderInline {FONT} at (0,0) size 3x11
                RenderText {#text} at (0,0) size 3x11
                  text run at (0,0) width 3: " "
            RenderTableCell {TD} at (304,297) size 8x11 [bgcolor=#FDFDFB] [r=27 c=40 rs=1 cs=1]
              RenderInline {FONT} at (0,0) size 3x11
                RenderText {#text} at (0,0) size 3x11
                  text run at (0,0) width 3: " "
            RenderTableCell {TD} at (312,297) size 8x11 [bgcolor=#FDFDFB] [r=27 c=41 rs=1 cs=1]
              RenderInline {FONT} at (0,0) size 3x11
                RenderText {#text} at (0,0) size 3x11
                  text run at (0,0) width 3: " "
            RenderTableCell {TD} at (320,297) size 8x11 [bgcolor=#FDFDFB] [r=27 c=42 rs=1 cs=1]
              RenderInline {FONT} at (0,0) size 3x11
                RenderText {#text} at (0,0) size 3x11
                  text run at (0,0) width 3: " "
            RenderTableCell {TD} at (328,297) size 8x11 [bgcolor=#FDFDFB] [r=27 c=43 rs=1 cs=1]
              RenderInline {FONT} at (0,0) size 3x11
                RenderText {#text} at (0,0) size 3x11
                  text run at (0,0) width 3: " "
            RenderTableCell {TD} at (336,297) size 8x11 [bgcolor=#FDFDFB] [r=27 c=44 rs=1 cs=1]
              RenderInline {FONT} at (0,0) size 3x11
                RenderText {#text} at (0,0) size 3x11
                  text run at (0,0) width 3: " "
            RenderTableCell {TD} at (344,297) size 8x11 [bgcolor=#FDFDFB] [r=27 c=45 rs=1 cs=1]
              RenderInline {FONT} at (0,0) size 3x11
                RenderText {#text} at (0,0) size 3x11
                  text run at (0,0) width 3: " "
            RenderTableCell {TD} at (352,297) size 8x11 [bgcolor=#FDFDFB] [r=27 c=46 rs=1 cs=1]
              RenderInline {FONT} at (0,0) size 3x11
                RenderText {#text} at (0,0) size 3x11
                  text run at (0,0) width 3: " "
            RenderTableCell {TD} at (360,297) size 8x11 [bgcolor=#FDFDFB] [r=27 c=47 rs=1 cs=1]
              RenderInline {FONT} at (0,0) size 3x11
                RenderText {#text} at (0,0) size 3x11
                  text run at (0,0) width 3: " "
            RenderTableCell {TD} at (368,297) size 8x11 [bgcolor=#FDFDFB] [r=27 c=48 rs=1 cs=1]
              RenderInline {FONT} at (0,0) size 3x11
                RenderText {#text} at (0,0) size 3x11
                  text run at (0,0) width 3: " "
            RenderTableCell {TD} at (376,297) size 8x11 [bgcolor=#FDFDFB] [r=27 c=49 rs=1 cs=1]
              RenderInline {FONT} at (0,0) size 3x11
                RenderText {#text} at (0,0) size 3x11
                  text run at (0,0) width 3: " "
            RenderTableCell {TD} at (384,297) size 8x11 [bgcolor=#FDFDFB] [r=27 c=50 rs=1 cs=1]
              RenderInline {FONT} at (0,0) size 3x11
                RenderText {#text} at (0,0) size 3x11
                  text run at (0,0) width 3: " "
            RenderTableCell {TD} at (392,297) size 8x11 [bgcolor=#FDFDFB] [r=27 c=51 rs=1 cs=1]
              RenderInline {FONT} at (0,0) size 3x11
                RenderText {#text} at (0,0) size 3x11
                  text run at (0,0) width 3: " "
            RenderTableCell {TD} at (400,297) size 8x11 [bgcolor=#FDFDFB] [r=27 c=52 rs=1 cs=1]
              RenderInline {FONT} at (0,0) size 3x11
                RenderText {#text} at (0,0) size 3x11
                  text run at (0,0) width 3: " "
            RenderTableCell {TD} at (408,297) size 8x11 [bgcolor=#FDFDFB] [r=27 c=53 rs=1 cs=1]
              RenderInline {FONT} at (0,0) size 3x11
                RenderText {#text} at (0,0) size 3x11
                  text run at (0,0) width 3: " "
            RenderTableCell {TD} at (416,297) size 8x11 [bgcolor=#FDFDFB] [r=27 c=54 rs=1 cs=1]
              RenderInline {FONT} at (0,0) size 3x11
                RenderText {#text} at (0,0) size 3x11
                  text run at (0,0) width 3: " "
            RenderTableCell {TD} at (424,297) size 8x11 [bgcolor=#FDFDFB] [r=27 c=55 rs=1 cs=1]
              RenderInline {FONT} at (0,0) size 3x11
                RenderText {#text} at (0,0) size 3x11
                  text run at (0,0) width 3: " "
            RenderTableCell {TD} at (432,297) size 8x11 [bgcolor=#FDFDFB] [r=27 c=56 rs=1 cs=1]
              RenderInline {FONT} at (0,0) size 3x11
                RenderText {#text} at (0,0) size 3x11
                  text run at (0,0) width 3: " "
            RenderTableCell {TD} at (440,297) size 8x11 [bgcolor=#FDFDFB] [r=27 c=57 rs=1 cs=1]
              RenderInline {FONT} at (0,0) size 3x11
                RenderText {#text} at (0,0) size 3x11
                  text run at (0,0) width 3: " "
            RenderTableCell {TD} at (448,297) size 8x11 [bgcolor=#FDFDFB] [r=27 c=58 rs=1 cs=1]
              RenderInline {FONT} at (0,0) size 3x11
                RenderText {#text} at (0,0) size 3x11
                  text run at (0,0) width 3: " "
            RenderTableCell {TD} at (456,297) size 8x11 [bgcolor=#FDFDFB] [r=27 c=59 rs=1 cs=1]
              RenderInline {FONT} at (0,0) size 3x11
                RenderText {#text} at (0,0) size 3x11
                  text run at (0,0) width 3: " "
            RenderTableCell {TD} at (464,297) size 8x11 [bgcolor=#FDFDFB] [r=27 c=60 rs=1 cs=1]
              RenderInline {FONT} at (0,0) size 3x11
                RenderText {#text} at (0,0) size 3x11
                  text run at (0,0) width 3: " "
            RenderTableCell {TD} at (472,297) size 8x11 [bgcolor=#FDFDFB] [r=27 c=61 rs=1 cs=1]
              RenderInline {FONT} at (0,0) size 3x11
                RenderText {#text} at (0,0) size 3x11
                  text run at (0,0) width 3: " "
            RenderTableCell {TD} at (480,297) size 8x11 [bgcolor=#FDFDFB] [r=27 c=62 rs=1 cs=1]
              RenderInline {FONT} at (0,0) size 3x11
                RenderText {#text} at (0,0) size 3x11
                  text run at (0,0) width 3: " "
            RenderTableCell {TD} at (488,297) size 8x11 [bgcolor=#FDFDFB] [r=27 c=63 rs=1 cs=1]
              RenderInline {FONT} at (0,0) size 3x11
                RenderText {#text} at (0,0) size 3x11
                  text run at (0,0) width 3: " "
            RenderTableCell {TD} at (496,297) size 8x11 [bgcolor=#FDFDFB] [r=27 c=64 rs=1 cs=1]
              RenderInline {FONT} at (0,0) size 3x11
                RenderText {#text} at (0,0) size 3x11
                  text run at (0,0) width 3: " "
            RenderTableCell {TD} at (504,297) size 8x11 [bgcolor=#B6D8D7] [r=27 c=65 rs=1 cs=1]
              RenderInline {FONT} at (0,0) size 3x11
                RenderText {#text} at (0,0) size 3x11
                  text run at (0,0) width 3: " "
            RenderTableCell {TD} at (512,297) size 8x11 [bgcolor=#5CADAE] [r=27 c=66 rs=1 cs=1]
              RenderInline {FONT} at (0,0) size 3x11
                RenderText {#text} at (0,0) size 3x11
                  text run at (0,0) width 3: " "
            RenderTableCell {TD} at (520,297) size 8x11 [bgcolor=#7DBAB9] [r=27 c=67 rs=1 cs=1]
              RenderInline {FONT} at (0,0) size 3x11
                RenderText {#text} at (0,0) size 3x11
                  text run at (0,0) width 3: " "
            RenderTableCell {TD} at (528,297) size 8x11 [bgcolor=#97C1C0] [r=27 c=68 rs=1 cs=1]
              RenderInline {FONT} at (0,0) size 3x11
                RenderText {#text} at (0,0) size 3x11
                  text run at (0,0) width 3: " "
            RenderTableCell {TD} at (536,297) size 8x11 [bgcolor=#A4CCCC] [r=27 c=69 rs=1 cs=1]
              RenderInline {FONT} at (0,0) size 3x11
                RenderText {#text} at (0,0) size 3x11
                  text run at (0,0) width 3: " "
            RenderTableCell {TD} at (544,297) size 8x11 [bgcolor=#B6D0D1] [r=27 c=70 rs=1 cs=1]
              RenderInline {FONT} at (0,0) size 3x11
                RenderText {#text} at (0,0) size 3x11
                  text run at (0,0) width 3: " "
            RenderTableCell {TD} at (552,297) size 8x11 [bgcolor=#B6D0D1] [r=27 c=71 rs=1 cs=1]
              RenderInline {FONT} at (0,0) size 3x11
                RenderText {#text} at (0,0) size 3x11
                  text run at (0,0) width 3: " "
            RenderTableCell {TD} at (560,297) size 8x11 [bgcolor=#B6D0D1] [r=27 c=72 rs=1 cs=1]
              RenderInline {FONT} at (0,0) size 3x11
                RenderText {#text} at (0,0) size 3x11
                  text run at (0,0) width 3: " "
            RenderTableCell {TD} at (568,297) size 8x11 [bgcolor=#B6D0D1] [r=27 c=73 rs=1 cs=1]
              RenderInline {FONT} at (0,0) size 3x11
                RenderText {#text} at (0,0) size 3x11
                  text run at (0,0) width 3: " "
            RenderTableCell {TD} at (576,297) size 8x11 [bgcolor=#BEC2C2] [r=27 c=74 rs=1 cs=1]
              RenderInline {FONT} at (0,0) size 3x11
                RenderText {#text} at (0,0) size 3x11
                  text run at (0,0) width 3: " "
            RenderTableCell {TD} at (584,297) size 8x11 [bgcolor=#A2B5B4] [r=27 c=75 rs=1 cs=1]
              RenderInline {FONT} at (0,0) size 3x11
                RenderText {#text} at (0,0) size 3x11
                  text run at (0,0) width 3: " "
            RenderTableCell {TD} at (592,297) size 8x11 [bgcolor=#60A2A3] [r=27 c=76 rs=1 cs=1]
              RenderInline {FONT} at (0,0) size 3x11
                RenderText {#text} at (0,0) size 3x11
                  text run at (0,0) width 3: " "
            RenderTableCell {TD} at (600,297) size 8x11 [bgcolor=#1B8685] [r=27 c=77 rs=1 cs=1]
              RenderInline {FONT} at (0,0) size 3x11
                RenderText {#text} at (0,0) size 3x11
                  text run at (0,0) width 3: " "
            RenderTableCell {TD} at (608,297) size 8x11 [bgcolor=#027777] [r=27 c=78 rs=1 cs=1]
              RenderInline {FONT} at (0,0) size 3x11
                RenderText {#text} at (0,0) size 3x11
                  text run at (0,0) width 3: " "
            RenderTableCell {TD} at (616,297) size 8x11 [bgcolor=#026766] [r=27 c=79 rs=1 cs=1]
              RenderInline {FONT} at (0,0) size 3x11
                RenderText {#text} at (0,0) size 3x11
                  text run at (0,0) width 3: " "
            RenderTableCell {TD} at (624,297) size 8x11 [bgcolor=#026766] [r=27 c=80 rs=1 cs=1]
              RenderInline {FONT} at (0,0) size 3x11
                RenderText {#text} at (0,0) size 3x11
                  text run at (0,0) width 3: " "
            RenderTableCell {TD} at (632,297) size 8x11 [bgcolor=#026766] [r=27 c=81 rs=1 cs=1]
              RenderInline {FONT} at (0,0) size 3x11
                RenderText {#text} at (0,0) size 3x11
                  text run at (0,0) width 3: " "
            RenderTableCell {TD} at (640,297) size 8x11 [bgcolor=#026766] [r=27 c=82 rs=1 cs=1]
              RenderInline {FONT} at (0,0) size 3x11
                RenderText {#text} at (0,0) size 3x11
                  text run at (0,0) width 3: " "
            RenderTableCell {TD} at (648,297) size 8x11 [bgcolor=#026766] [r=27 c=83 rs=1 cs=1]
              RenderInline {FONT} at (0,0) size 3x11
                RenderText {#text} at (0,0) size 3x11
                  text run at (0,0) width 3: " "
            RenderTableCell {TD} at (656,297) size 8x11 [bgcolor=#026766] [r=27 c=84 rs=1 cs=1]
              RenderInline {FONT} at (0,0) size 3x11
                RenderText {#text} at (0,0) size 3x11
                  text run at (0,0) width 3: " "
            RenderTableCell {TD} at (664,297) size 8x11 [bgcolor=#026766] [r=27 c=85 rs=1 cs=1]
              RenderInline {FONT} at (0,0) size 3x11
                RenderText {#text} at (0,0) size 3x11
                  text run at (0,0) width 3: " "
            RenderTableCell {TD} at (672,297) size 8x11 [bgcolor=#025E5E] [r=27 c=86 rs=1 cs=1]
              RenderInline {FONT} at (0,0) size 3x11
                RenderText {#text} at (0,0) size 3x11
                  text run at (0,0) width 3: " "
            RenderTableCell {TD} at (680,297) size 8x11 [bgcolor=#025E5E] [r=27 c=87 rs=1 cs=1]
              RenderInline {FONT} at (0,0) size 3x11
                RenderText {#text} at (0,0) size 3x11
                  text run at (0,0) width 3: " "
            RenderTableCell {TD} at (688,297) size 8x11 [bgcolor=#025E5E] [r=27 c=88 rs=1 cs=1]
              RenderInline {FONT} at (0,0) size 3x11
                RenderText {#text} at (0,0) size 3x11
                  text run at (0,0) width 3: " "
            RenderTableCell {TD} at (696,297) size 8x11 [bgcolor=#025E5E] [r=27 c=89 rs=1 cs=1]
              RenderInline {FONT} at (0,0) size 3x11
                RenderText {#text} at (0,0) size 3x11
                  text run at (0,0) width 3: " "
            RenderTableCell {TD} at (704,297) size 8x11 [bgcolor=#044F4F] [r=27 c=90 rs=1 cs=1]
              RenderInline {FONT} at (0,0) size 3x11
                RenderText {#text} at (0,0) size 3x11
                  text run at (0,0) width 3: " "
            RenderTableCell {TD} at (712,297) size 8x11 [bgcolor=#044140] [r=27 c=91 rs=1 cs=1]
              RenderInline {FONT} at (0,0) size 3x11
                RenderText {#text} at (0,0) size 3x11
                  text run at (0,0) width 3: " "
            RenderTableCell {TD} at (720,297) size 8x11 [bgcolor=#072323] [r=27 c=92 rs=1 cs=1]
              RenderInline {FONT} at (0,0) size 3x11
                RenderText {#text} at (0,0) size 3x11
                  text run at (0,0) width 3: " "
            RenderTableCell {TD} at (728,297) size 8x11 [bgcolor=#4D4F4F] [r=27 c=93 rs=1 cs=1]
              RenderInline {FONT} at (0,0) size 3x11
                RenderText {#text} at (0,0) size 3x11
                  text run at (0,0) width 3: " "
            RenderTableCell {TD} at (736,297) size 8x11 [bgcolor=#848788] [r=27 c=94 rs=1 cs=1]
              RenderInline {FONT} at (0,0) size 3x11
                RenderText {#text} at (0,0) size 3x11
                  text run at (0,0) width 3: " "
            RenderTableCell {TD} at (744,297) size 8x11 [bgcolor=#BEC2C2] [r=27 c=95 rs=1 cs=1]
              RenderInline {FONT} at (0,0) size 3x11
                RenderText {#text} at (0,0) size 3x11
                  text run at (0,0) width 3: " "
            RenderTableCell {TD} at (752,297) size 8x11 [bgcolor=#EDEEEF] [r=27 c=96 rs=1 cs=1]
              RenderInline {FONT} at (0,0) size 3x11
                RenderText {#text} at (0,0) size 3x11
                  text run at (0,0) width 3: " "
            RenderTableCell {TD} at (760,297) size 8x11 [bgcolor=#FDFDFB] [r=27 c=97 rs=1 cs=1]
              RenderInline {FONT} at (0,0) size 3x11
                RenderText {#text} at (0,0) size 3x11
                  text run at (0,0) width 3: " "
            RenderTableCell {TD} at (768,297) size 8x11 [bgcolor=#FDFDFB] [r=27 c=98 rs=1 cs=1]
              RenderInline {FONT} at (0,0) size 3x11
                RenderText {#text} at (0,0) size 3x11
                  text run at (0,0) width 3: " "
            RenderTableCell {TD} at (776,297) size 8x11 [bgcolor=#FDFDFB] [r=27 c=99 rs=1 cs=1]
              RenderInline {FONT} at (0,0) size 3x11
                RenderText {#text} at (0,0) size 3x11
                  text run at (0,0) width 3: " "
          RenderTableRow {TR} at (0,308) size 784x11
            RenderTableCell {TD} at (0,308) size 7x11 [bgcolor=#FDFDFB] [r=28 c=0 rs=1 cs=1]
              RenderInline {FONT} at (0,0) size 3x11
                RenderText {#text} at (0,0) size 3x11
                  text run at (0,0) width 3: " "
            RenderTableCell {TD} at (7,308) size 7x11 [bgcolor=#FDFDFB] [r=28 c=1 rs=1 cs=1]
              RenderInline {FONT} at (0,0) size 3x11
                RenderText {#text} at (0,0) size 3x11
                  text run at (0,0) width 3: " "
            RenderTableCell {TD} at (14,308) size 7x11 [bgcolor=#FDFDFB] [r=28 c=2 rs=1 cs=1]
              RenderInline {FONT} at (0,0) size 3x11
                RenderText {#text} at (0,0) size 3x11
                  text run at (0,0) width 3: " "
            RenderTableCell {TD} at (21,308) size 7x11 [bgcolor=#FDFDFB] [r=28 c=3 rs=1 cs=1]
              RenderInline {FONT} at (0,0) size 3x11
                RenderText {#text} at (0,0) size 3x11
                  text run at (0,0) width 3: " "
            RenderTableCell {TD} at (28,308) size 7x11 [bgcolor=#FDFDFB] [r=28 c=4 rs=1 cs=1]
              RenderInline {FONT} at (0,0) size 3x11
                RenderText {#text} at (0,0) size 3x11
                  text run at (0,0) width 3: " "
            RenderTableCell {TD} at (35,308) size 7x11 [bgcolor=#FDFDFB] [r=28 c=5 rs=1 cs=1]
              RenderInline {FONT} at (0,0) size 3x11
                RenderText {#text} at (0,0) size 3x11
                  text run at (0,0) width 3: " "
            RenderTableCell {TD} at (42,308) size 7x11 [bgcolor=#FDFDFB] [r=28 c=6 rs=1 cs=1]
              RenderInline {FONT} at (0,0) size 3x11
                RenderText {#text} at (0,0) size 3x11
                  text run at (0,0) width 3: " "
            RenderTableCell {TD} at (49,308) size 7x11 [bgcolor=#FDFDFB] [r=28 c=7 rs=1 cs=1]
              RenderInline {FONT} at (0,0) size 3x11
                RenderText {#text} at (0,0) size 3x11
                  text run at (0,0) width 3: " "
            RenderTableCell {TD} at (56,308) size 7x11 [bgcolor=#FDFDFB] [r=28 c=8 rs=1 cs=1]
              RenderInline {FONT} at (0,0) size 3x11
                RenderText {#text} at (0,0) size 3x11
                  text run at (0,0) width 3: " "
            RenderTableCell {TD} at (63,308) size 7x11 [bgcolor=#FDFDFB] [r=28 c=9 rs=1 cs=1]
              RenderInline {FONT} at (0,0) size 3x11
                RenderText {#text} at (0,0) size 3x11
                  text run at (0,0) width 3: " "
            RenderTableCell {TD} at (70,308) size 7x11 [bgcolor=#FDFDFB] [r=28 c=10 rs=1 cs=1]
              RenderInline {FONT} at (0,0) size 3x11
                RenderText {#text} at (0,0) size 3x11
                  text run at (0,0) width 3: " "
            RenderTableCell {TD} at (77,308) size 7x11 [bgcolor=#FDFDFB] [r=28 c=11 rs=1 cs=1]
              RenderInline {FONT} at (0,0) size 3x11
                RenderText {#text} at (0,0) size 3x11
                  text run at (0,0) width 3: " "
            RenderTableCell {TD} at (84,308) size 7x11 [bgcolor=#FDFDFB] [r=28 c=12 rs=1 cs=1]
              RenderInline {FONT} at (0,0) size 3x11
                RenderText {#text} at (0,0) size 3x11
                  text run at (0,0) width 3: " "
            RenderTableCell {TD} at (91,308) size 7x11 [bgcolor=#FDFDFB] [r=28 c=13 rs=1 cs=1]
              RenderInline {FONT} at (0,0) size 3x11
                RenderText {#text} at (0,0) size 3x11
                  text run at (0,0) width 3: " "
            RenderTableCell {TD} at (98,308) size 7x11 [bgcolor=#FDFDFB] [r=28 c=14 rs=1 cs=1]
              RenderInline {FONT} at (0,0) size 3x11
                RenderText {#text} at (0,0) size 3x11
                  text run at (0,0) width 3: " "
            RenderTableCell {TD} at (105,308) size 7x11 [bgcolor=#FDFDFB] [r=28 c=15 rs=1 cs=1]
              RenderInline {FONT} at (0,0) size 3x11
                RenderText {#text} at (0,0) size 3x11
                  text run at (0,0) width 3: " "
            RenderTableCell {TD} at (112,308) size 8x11 [bgcolor=#FDFDFB] [r=28 c=16 rs=1 cs=1]
              RenderInline {FONT} at (0,0) size 3x11
                RenderText {#text} at (0,0) size 3x11
                  text run at (0,0) width 3: " "
            RenderTableCell {TD} at (120,308) size 8x11 [bgcolor=#FDFDFB] [r=28 c=17 rs=1 cs=1]
              RenderInline {FONT} at (0,0) size 3x11
                RenderText {#text} at (0,0) size 3x11
                  text run at (0,0) width 3: " "
            RenderTableCell {TD} at (128,308) size 8x11 [bgcolor=#FDFDFB] [r=28 c=18 rs=1 cs=1]
              RenderInline {FONT} at (0,0) size 3x11
                RenderText {#text} at (0,0) size 3x11
                  text run at (0,0) width 3: " "
            RenderTableCell {TD} at (136,308) size 8x11 [bgcolor=#FDFDFB] [r=28 c=19 rs=1 cs=1]
              RenderInline {FONT} at (0,0) size 3x11
                RenderText {#text} at (0,0) size 3x11
                  text run at (0,0) width 3: " "
            RenderTableCell {TD} at (144,308) size 8x11 [bgcolor=#FDFDFB] [r=28 c=20 rs=1 cs=1]
              RenderInline {FONT} at (0,0) size 3x11
                RenderText {#text} at (0,0) size 3x11
                  text run at (0,0) width 3: " "
            RenderTableCell {TD} at (152,308) size 8x11 [bgcolor=#FDFDFB] [r=28 c=21 rs=1 cs=1]
              RenderInline {FONT} at (0,0) size 3x11
                RenderText {#text} at (0,0) size 3x11
                  text run at (0,0) width 3: " "
            RenderTableCell {TD} at (160,308) size 8x11 [bgcolor=#FDFDFB] [r=28 c=22 rs=1 cs=1]
              RenderInline {FONT} at (0,0) size 3x11
                RenderText {#text} at (0,0) size 3x11
                  text run at (0,0) width 3: " "
            RenderTableCell {TD} at (168,308) size 8x11 [bgcolor=#FDFDFB] [r=28 c=23 rs=1 cs=1]
              RenderInline {FONT} at (0,0) size 3x11
                RenderText {#text} at (0,0) size 3x11
                  text run at (0,0) width 3: " "
            RenderTableCell {TD} at (176,308) size 8x11 [bgcolor=#FDFDFB] [r=28 c=24 rs=1 cs=1]
              RenderInline {FONT} at (0,0) size 3x11
                RenderText {#text} at (0,0) size 3x11
                  text run at (0,0) width 3: " "
            RenderTableCell {TD} at (184,308) size 8x11 [bgcolor=#FDFDFB] [r=28 c=25 rs=1 cs=1]
              RenderInline {FONT} at (0,0) size 3x11
                RenderText {#text} at (0,0) size 3x11
                  text run at (0,0) width 3: " "
            RenderTableCell {TD} at (192,308) size 8x11 [bgcolor=#FDFDFB] [r=28 c=26 rs=1 cs=1]
              RenderInline {FONT} at (0,0) size 3x11
                RenderText {#text} at (0,0) size 3x11
                  text run at (0,0) width 3: " "
            RenderTableCell {TD} at (200,308) size 8x11 [bgcolor=#FDFDFB] [r=28 c=27 rs=1 cs=1]
              RenderInline {FONT} at (0,0) size 3x11
                RenderText {#text} at (0,0) size 3x11
                  text run at (0,0) width 3: " "
            RenderTableCell {TD} at (208,308) size 8x11 [bgcolor=#FDFDFB] [r=28 c=28 rs=1 cs=1]
              RenderInline {FONT} at (0,0) size 3x11
                RenderText {#text} at (0,0) size 3x11
                  text run at (0,0) width 3: " "
            RenderTableCell {TD} at (216,308) size 8x11 [bgcolor=#FDFDFB] [r=28 c=29 rs=1 cs=1]
              RenderInline {FONT} at (0,0) size 3x11
                RenderText {#text} at (0,0) size 3x11
                  text run at (0,0) width 3: " "
            RenderTableCell {TD} at (224,308) size 8x11 [bgcolor=#FDFDFB] [r=28 c=30 rs=1 cs=1]
              RenderInline {FONT} at (0,0) size 3x11
                RenderText {#text} at (0,0) size 3x11
                  text run at (0,0) width 3: " "
            RenderTableCell {TD} at (232,308) size 8x11 [bgcolor=#FDFDFB] [r=28 c=31 rs=1 cs=1]
              RenderInline {FONT} at (0,0) size 3x11
                RenderText {#text} at (0,0) size 3x11
                  text run at (0,0) width 3: " "
            RenderTableCell {TD} at (240,308) size 8x11 [bgcolor=#FDFDFB] [r=28 c=32 rs=1 cs=1]
              RenderInline {FONT} at (0,0) size 3x11
                RenderText {#text} at (0,0) size 3x11
                  text run at (0,0) width 3: " "
            RenderTableCell {TD} at (248,308) size 8x11 [bgcolor=#FDFDFB] [r=28 c=33 rs=1 cs=1]
              RenderInline {FONT} at (0,0) size 3x11
                RenderText {#text} at (0,0) size 3x11
                  text run at (0,0) width 3: " "
            RenderTableCell {TD} at (256,308) size 8x11 [bgcolor=#FDFDFB] [r=28 c=34 rs=1 cs=1]
              RenderInline {FONT} at (0,0) size 3x11
                RenderText {#text} at (0,0) size 3x11
                  text run at (0,0) width 3: " "
            RenderTableCell {TD} at (264,308) size 8x11 [bgcolor=#FDFDFB] [r=28 c=35 rs=1 cs=1]
              RenderInline {FONT} at (0,0) size 3x11
                RenderText {#text} at (0,0) size 3x11
                  text run at (0,0) width 3: " "
            RenderTableCell {TD} at (272,308) size 8x11 [bgcolor=#FDFDFB] [r=28 c=36 rs=1 cs=1]
              RenderInline {FONT} at (0,0) size 3x11
                RenderText {#text} at (0,0) size 3x11
                  text run at (0,0) width 3: " "
            RenderTableCell {TD} at (280,308) size 8x11 [bgcolor=#FDFDFB] [r=28 c=37 rs=1 cs=1]
              RenderInline {FONT} at (0,0) size 3x11
                RenderText {#text} at (0,0) size 3x11
                  text run at (0,0) width 3: " "
            RenderTableCell {TD} at (288,308) size 8x11 [bgcolor=#FDFDFB] [r=28 c=38 rs=1 cs=1]
              RenderInline {FONT} at (0,0) size 3x11
                RenderText {#text} at (0,0) size 3x11
                  text run at (0,0) width 3: " "
            RenderTableCell {TD} at (296,308) size 8x11 [bgcolor=#FDFDFB] [r=28 c=39 rs=1 cs=1]
              RenderInline {FONT} at (0,0) size 3x11
                RenderText {#text} at (0,0) size 3x11
                  text run at (0,0) width 3: " "
            RenderTableCell {TD} at (304,308) size 8x11 [bgcolor=#FDFDFB] [r=28 c=40 rs=1 cs=1]
              RenderInline {FONT} at (0,0) size 3x11
                RenderText {#text} at (0,0) size 3x11
                  text run at (0,0) width 3: " "
            RenderTableCell {TD} at (312,308) size 8x11 [bgcolor=#FDFDFB] [r=28 c=41 rs=1 cs=1]
              RenderInline {FONT} at (0,0) size 3x11
                RenderText {#text} at (0,0) size 3x11
                  text run at (0,0) width 3: " "
            RenderTableCell {TD} at (320,308) size 8x11 [bgcolor=#FDFDFB] [r=28 c=42 rs=1 cs=1]
              RenderInline {FONT} at (0,0) size 3x11
                RenderText {#text} at (0,0) size 3x11
                  text run at (0,0) width 3: " "
            RenderTableCell {TD} at (328,308) size 8x11 [bgcolor=#FDFDFB] [r=28 c=43 rs=1 cs=1]
              RenderInline {FONT} at (0,0) size 3x11
                RenderText {#text} at (0,0) size 3x11
                  text run at (0,0) width 3: " "
            RenderTableCell {TD} at (336,308) size 8x11 [bgcolor=#FDFDFB] [r=28 c=44 rs=1 cs=1]
              RenderInline {FONT} at (0,0) size 3x11
                RenderText {#text} at (0,0) size 3x11
                  text run at (0,0) width 3: " "
            RenderTableCell {TD} at (344,308) size 8x11 [bgcolor=#FDFDFB] [r=28 c=45 rs=1 cs=1]
              RenderInline {FONT} at (0,0) size 3x11
                RenderText {#text} at (0,0) size 3x11
                  text run at (0,0) width 3: " "
            RenderTableCell {TD} at (352,308) size 8x11 [bgcolor=#FDFDFB] [r=28 c=46 rs=1 cs=1]
              RenderInline {FONT} at (0,0) size 3x11
                RenderText {#text} at (0,0) size 3x11
                  text run at (0,0) width 3: " "
            RenderTableCell {TD} at (360,308) size 8x11 [bgcolor=#FDFDFB] [r=28 c=47 rs=1 cs=1]
              RenderInline {FONT} at (0,0) size 3x11
                RenderText {#text} at (0,0) size 3x11
                  text run at (0,0) width 3: " "
            RenderTableCell {TD} at (368,308) size 8x11 [bgcolor=#FDFDFB] [r=28 c=48 rs=1 cs=1]
              RenderInline {FONT} at (0,0) size 3x11
                RenderText {#text} at (0,0) size 3x11
                  text run at (0,0) width 3: " "
            RenderTableCell {TD} at (376,308) size 8x11 [bgcolor=#FDFDFB] [r=28 c=49 rs=1 cs=1]
              RenderInline {FONT} at (0,0) size 3x11
                RenderText {#text} at (0,0) size 3x11
                  text run at (0,0) width 3: " "
            RenderTableCell {TD} at (384,308) size 8x11 [bgcolor=#FDFDFB] [r=28 c=50 rs=1 cs=1]
              RenderInline {FONT} at (0,0) size 3x11
                RenderText {#text} at (0,0) size 3x11
                  text run at (0,0) width 3: " "
            RenderTableCell {TD} at (392,308) size 8x11 [bgcolor=#FDFDFB] [r=28 c=51 rs=1 cs=1]
              RenderInline {FONT} at (0,0) size 3x11
                RenderText {#text} at (0,0) size 3x11
                  text run at (0,0) width 3: " "
            RenderTableCell {TD} at (400,308) size 8x11 [bgcolor=#FDFDFB] [r=28 c=52 rs=1 cs=1]
              RenderInline {FONT} at (0,0) size 3x11
                RenderText {#text} at (0,0) size 3x11
                  text run at (0,0) width 3: " "
            RenderTableCell {TD} at (408,308) size 8x11 [bgcolor=#FDFDFB] [r=28 c=53 rs=1 cs=1]
              RenderInline {FONT} at (0,0) size 3x11
                RenderText {#text} at (0,0) size 3x11
                  text run at (0,0) width 3: " "
            RenderTableCell {TD} at (416,308) size 8x11 [bgcolor=#FDFDFB] [r=28 c=54 rs=1 cs=1]
              RenderInline {FONT} at (0,0) size 3x11
                RenderText {#text} at (0,0) size 3x11
                  text run at (0,0) width 3: " "
            RenderTableCell {TD} at (424,308) size 8x11 [bgcolor=#FDFDFB] [r=28 c=55 rs=1 cs=1]
              RenderInline {FONT} at (0,0) size 3x11
                RenderText {#text} at (0,0) size 3x11
                  text run at (0,0) width 3: " "
            RenderTableCell {TD} at (432,308) size 8x11 [bgcolor=#FDFDFB] [r=28 c=56 rs=1 cs=1]
              RenderInline {FONT} at (0,0) size 3x11
                RenderText {#text} at (0,0) size 3x11
                  text run at (0,0) width 3: " "
            RenderTableCell {TD} at (440,308) size 8x11 [bgcolor=#FDFDFB] [r=28 c=57 rs=1 cs=1]
              RenderInline {FONT} at (0,0) size 3x11
                RenderText {#text} at (0,0) size 3x11
                  text run at (0,0) width 3: " "
            RenderTableCell {TD} at (448,308) size 8x11 [bgcolor=#FDFDFB] [r=28 c=58 rs=1 cs=1]
              RenderInline {FONT} at (0,0) size 3x11
                RenderText {#text} at (0,0) size 3x11
                  text run at (0,0) width 3: " "
            RenderTableCell {TD} at (456,308) size 8x11 [bgcolor=#FDFDFB] [r=28 c=59 rs=1 cs=1]
              RenderInline {FONT} at (0,0) size 3x11
                RenderText {#text} at (0,0) size 3x11
                  text run at (0,0) width 3: " "
            RenderTableCell {TD} at (464,308) size 8x11 [bgcolor=#FDFDFB] [r=28 c=60 rs=1 cs=1]
              RenderInline {FONT} at (0,0) size 3x11
                RenderText {#text} at (0,0) size 3x11
                  text run at (0,0) width 3: " "
            RenderTableCell {TD} at (472,308) size 8x11 [bgcolor=#FDFDFB] [r=28 c=61 rs=1 cs=1]
              RenderInline {FONT} at (0,0) size 3x11
                RenderText {#text} at (0,0) size 3x11
                  text run at (0,0) width 3: " "
            RenderTableCell {TD} at (480,308) size 8x11 [bgcolor=#FDFDFB] [r=28 c=62 rs=1 cs=1]
              RenderInline {FONT} at (0,0) size 3x11
                RenderText {#text} at (0,0) size 3x11
                  text run at (0,0) width 3: " "
            RenderTableCell {TD} at (488,308) size 8x11 [bgcolor=#FDFDFB] [r=28 c=63 rs=1 cs=1]
              RenderInline {FONT} at (0,0) size 3x11
                RenderText {#text} at (0,0) size 3x11
                  text run at (0,0) width 3: " "
            RenderTableCell {TD} at (496,308) size 8x11 [bgcolor=#FDFDFB] [r=28 c=64 rs=1 cs=1]
              RenderInline {FONT} at (0,0) size 3x11
                RenderText {#text} at (0,0) size 3x11
                  text run at (0,0) width 3: " "
            RenderTableCell {TD} at (504,308) size 8x11 [bgcolor=#97C1C0] [r=28 c=65 rs=1 cs=1]
              RenderInline {FONT} at (0,0) size 3x11
                RenderText {#text} at (0,0) size 3x11
                  text run at (0,0) width 3: " "
            RenderTableCell {TD} at (512,308) size 8x11 [bgcolor=#048485] [r=28 c=66 rs=1 cs=1]
              RenderInline {FONT} at (0,0) size 3x11
                RenderText {#text} at (0,0) size 3x11
                  text run at (0,0) width 3: " "
            RenderTableCell {TD} at (520,308) size 8x11 [bgcolor=#027777] [r=28 c=67 rs=1 cs=1]
              RenderInline {FONT} at (0,0) size 3x11
                RenderText {#text} at (0,0) size 3x11
                  text run at (0,0) width 3: " "
            RenderTableCell {TD} at (528,308) size 8x11 [bgcolor=#027777] [r=28 c=68 rs=1 cs=1]
              RenderInline {FONT} at (0,0) size 3x11
                RenderText {#text} at (0,0) size 3x11
                  text run at (0,0) width 3: " "
            RenderTableCell {TD} at (536,308) size 8x11 [bgcolor=#027777] [r=28 c=69 rs=1 cs=1]
              RenderInline {FONT} at (0,0) size 3x11
                RenderText {#text} at (0,0) size 3x11
                  text run at (0,0) width 3: " "
            RenderTableCell {TD} at (544,308) size 8x11 [bgcolor=#027777] [r=28 c=70 rs=1 cs=1]
              RenderInline {FONT} at (0,0) size 3x11
                RenderText {#text} at (0,0) size 3x11
                  text run at (0,0) width 3: " "
            RenderTableCell {TD} at (552,308) size 8x11 [bgcolor=#027777] [r=28 c=71 rs=1 cs=1]
              RenderInline {FONT} at (0,0) size 3x11
                RenderText {#text} at (0,0) size 3x11
                  text run at (0,0) width 3: " "
            RenderTableCell {TD} at (560,308) size 8x11 [bgcolor=#027777] [r=28 c=72 rs=1 cs=1]
              RenderInline {FONT} at (0,0) size 3x11
                RenderText {#text} at (0,0) size 3x11
                  text run at (0,0) width 3: " "
            RenderTableCell {TD} at (568,308) size 8x11 [bgcolor=#027777] [r=28 c=73 rs=1 cs=1]
              RenderInline {FONT} at (0,0) size 3x11
                RenderText {#text} at (0,0) size 3x11
                  text run at (0,0) width 3: " "
            RenderTableCell {TD} at (576,308) size 8x11 [bgcolor=#048485] [r=28 c=74 rs=1 cs=1]
              RenderInline {FONT} at (0,0) size 3x11
                RenderText {#text} at (0,0) size 3x11
                  text run at (0,0) width 3: " "
            RenderTableCell {TD} at (584,308) size 8x11 [bgcolor=#048485] [r=28 c=75 rs=1 cs=1]
              RenderInline {FONT} at (0,0) size 3x11
                RenderText {#text} at (0,0) size 3x11
                  text run at (0,0) width 3: " "
            RenderTableCell {TD} at (592,308) size 8x11 [bgcolor=#048485] [r=28 c=76 rs=1 cs=1]
              RenderInline {FONT} at (0,0) size 3x11
                RenderText {#text} at (0,0) size 3x11
                  text run at (0,0) width 3: " "
            RenderTableCell {TD} at (600,308) size 8x11 [bgcolor=#027777] [r=28 c=77 rs=1 cs=1]
              RenderInline {FONT} at (0,0) size 3x11
                RenderText {#text} at (0,0) size 3x11
                  text run at (0,0) width 3: " "
            RenderTableCell {TD} at (608,308) size 8x11 [bgcolor=#026766] [r=28 c=78 rs=1 cs=1]
              RenderInline {FONT} at (0,0) size 3x11
                RenderText {#text} at (0,0) size 3x11
                  text run at (0,0) width 3: " "
            RenderTableCell {TD} at (616,308) size 8x11 [bgcolor=#026766] [r=28 c=79 rs=1 cs=1]
              RenderInline {FONT} at (0,0) size 3x11
                RenderText {#text} at (0,0) size 3x11
                  text run at (0,0) width 3: " "
            RenderTableCell {TD} at (624,308) size 8x11 [bgcolor=#026766] [r=28 c=80 rs=1 cs=1]
              RenderInline {FONT} at (0,0) size 3x11
                RenderText {#text} at (0,0) size 3x11
                  text run at (0,0) width 3: " "
            RenderTableCell {TD} at (632,308) size 8x11 [bgcolor=#025E5E] [r=28 c=81 rs=1 cs=1]
              RenderInline {FONT} at (0,0) size 3x11
                RenderText {#text} at (0,0) size 3x11
                  text run at (0,0) width 3: " "
            RenderTableCell {TD} at (640,308) size 8x11 [bgcolor=#025E5E] [r=28 c=82 rs=1 cs=1]
              RenderInline {FONT} at (0,0) size 3x11
                RenderText {#text} at (0,0) size 3x11
                  text run at (0,0) width 3: " "
            RenderTableCell {TD} at (648,308) size 8x11 [bgcolor=#025E5E] [r=28 c=83 rs=1 cs=1]
              RenderInline {FONT} at (0,0) size 3x11
                RenderText {#text} at (0,0) size 3x11
                  text run at (0,0) width 3: " "
            RenderTableCell {TD} at (656,308) size 8x11 [bgcolor=#025E5E] [r=28 c=84 rs=1 cs=1]
              RenderInline {FONT} at (0,0) size 3x11
                RenderText {#text} at (0,0) size 3x11
                  text run at (0,0) width 3: " "
            RenderTableCell {TD} at (664,308) size 8x11 [bgcolor=#025E5E] [r=28 c=85 rs=1 cs=1]
              RenderInline {FONT} at (0,0) size 3x11
                RenderText {#text} at (0,0) size 3x11
                  text run at (0,0) width 3: " "
            RenderTableCell {TD} at (672,308) size 8x11 [bgcolor=#025E5E] [r=28 c=86 rs=1 cs=1]
              RenderInline {FONT} at (0,0) size 3x11
                RenderText {#text} at (0,0) size 3x11
                  text run at (0,0) width 3: " "
            RenderTableCell {TD} at (680,308) size 8x11 [bgcolor=#025E5E] [r=28 c=87 rs=1 cs=1]
              RenderInline {FONT} at (0,0) size 3x11
                RenderText {#text} at (0,0) size 3x11
                  text run at (0,0) width 3: " "
            RenderTableCell {TD} at (688,308) size 8x11 [bgcolor=#044F4F] [r=28 c=88 rs=1 cs=1]
              RenderInline {FONT} at (0,0) size 3x11
                RenderText {#text} at (0,0) size 3x11
                  text run at (0,0) width 3: " "
            RenderTableCell {TD} at (696,308) size 8x11 [bgcolor=#044140] [r=28 c=89 rs=1 cs=1]
              RenderInline {FONT} at (0,0) size 3x11
                RenderText {#text} at (0,0) size 3x11
                  text run at (0,0) width 3: " "
            RenderTableCell {TD} at (704,308) size 8x11 [bgcolor=#083131] [r=28 c=90 rs=1 cs=1]
              RenderInline {FONT} at (0,0) size 3x11
                RenderText {#text} at (0,0) size 3x11
                  text run at (0,0) width 3: " "
            RenderTableCell {TD} at (712,308) size 8x11 [bgcolor=#072323] [r=28 c=91 rs=1 cs=1]
              RenderInline {FONT} at (0,0) size 3x11
                RenderText {#text} at (0,0) size 3x11
                  text run at (0,0) width 3: " "
            RenderTableCell {TD} at (720,308) size 8x11 [bgcolor=#4D4F4F] [r=28 c=92 rs=1 cs=1]
              RenderInline {FONT} at (0,0) size 3x11
                RenderText {#text} at (0,0) size 3x11
                  text run at (0,0) width 3: " "
            RenderTableCell {TD} at (728,308) size 8x11 [bgcolor=#777878] [r=28 c=93 rs=1 cs=1]
              RenderInline {FONT} at (0,0) size 3x11
                RenderText {#text} at (0,0) size 3x11
                  text run at (0,0) width 3: " "
            RenderTableCell {TD} at (736,308) size 8x11 [bgcolor=#A5A6A6] [r=28 c=94 rs=1 cs=1]
              RenderInline {FONT} at (0,0) size 3x11
                RenderText {#text} at (0,0) size 3x11
                  text run at (0,0) width 3: " "
            RenderTableCell {TD} at (744,308) size 8x11 [bgcolor=#DEDFDF] [r=28 c=95 rs=1 cs=1]
              RenderInline {FONT} at (0,0) size 3x11
                RenderText {#text} at (0,0) size 3x11
                  text run at (0,0) width 3: " "
            RenderTableCell {TD} at (752,308) size 8x11 [bgcolor=#EDEEEF] [r=28 c=96 rs=1 cs=1]
              RenderInline {FONT} at (0,0) size 3x11
                RenderText {#text} at (0,0) size 3x11
                  text run at (0,0) width 3: " "
            RenderTableCell {TD} at (760,308) size 8x11 [bgcolor=#FDFDFB] [r=28 c=97 rs=1 cs=1]
              RenderInline {FONT} at (0,0) size 3x11
                RenderText {#text} at (0,0) size 3x11
                  text run at (0,0) width 3: " "
            RenderTableCell {TD} at (768,308) size 8x11 [bgcolor=#FDFDFB] [r=28 c=98 rs=1 cs=1]
              RenderInline {FONT} at (0,0) size 3x11
                RenderText {#text} at (0,0) size 3x11
                  text run at (0,0) width 3: " "
            RenderTableCell {TD} at (776,308) size 8x11 [bgcolor=#FDFDFB] [r=28 c=99 rs=1 cs=1]
              RenderInline {FONT} at (0,0) size 3x11
                RenderText {#text} at (0,0) size 3x11
                  text run at (0,0) width 3: " "
          RenderTableRow {TR} at (0,319) size 784x11
            RenderTableCell {TD} at (0,319) size 7x11 [bgcolor=#FDFDFB] [r=29 c=0 rs=1 cs=1]
              RenderInline {FONT} at (0,0) size 3x11
                RenderText {#text} at (0,0) size 3x11
                  text run at (0,0) width 3: " "
            RenderTableCell {TD} at (7,319) size 7x11 [bgcolor=#FDFDFB] [r=29 c=1 rs=1 cs=1]
              RenderInline {FONT} at (0,0) size 3x11
                RenderText {#text} at (0,0) size 3x11
                  text run at (0,0) width 3: " "
            RenderTableCell {TD} at (14,319) size 7x11 [bgcolor=#FDFDFB] [r=29 c=2 rs=1 cs=1]
              RenderInline {FONT} at (0,0) size 3x11
                RenderText {#text} at (0,0) size 3x11
                  text run at (0,0) width 3: " "
            RenderTableCell {TD} at (21,319) size 7x11 [bgcolor=#FDFDFB] [r=29 c=3 rs=1 cs=1]
              RenderInline {FONT} at (0,0) size 3x11
                RenderText {#text} at (0,0) size 3x11
                  text run at (0,0) width 3: " "
            RenderTableCell {TD} at (28,319) size 7x11 [bgcolor=#FDFDFB] [r=29 c=4 rs=1 cs=1]
              RenderInline {FONT} at (0,0) size 3x11
                RenderText {#text} at (0,0) size 3x11
                  text run at (0,0) width 3: " "
            RenderTableCell {TD} at (35,319) size 7x11 [bgcolor=#FDFDFB] [r=29 c=5 rs=1 cs=1]
              RenderInline {FONT} at (0,0) size 3x11
                RenderText {#text} at (0,0) size 3x11
                  text run at (0,0) width 3: " "
            RenderTableCell {TD} at (42,319) size 7x11 [bgcolor=#FDFDFB] [r=29 c=6 rs=1 cs=1]
              RenderInline {FONT} at (0,0) size 3x11
                RenderText {#text} at (0,0) size 3x11
                  text run at (0,0) width 3: " "
            RenderTableCell {TD} at (49,319) size 7x11 [bgcolor=#FDFDFB] [r=29 c=7 rs=1 cs=1]
              RenderInline {FONT} at (0,0) size 3x11
                RenderText {#text} at (0,0) size 3x11
                  text run at (0,0) width 3: " "
            RenderTableCell {TD} at (56,319) size 7x11 [bgcolor=#FDFDFB] [r=29 c=8 rs=1 cs=1]
              RenderInline {FONT} at (0,0) size 3x11
                RenderText {#text} at (0,0) size 3x11
                  text run at (0,0) width 3: " "
            RenderTableCell {TD} at (63,319) size 7x11 [bgcolor=#FDFDFB] [r=29 c=9 rs=1 cs=1]
              RenderInline {FONT} at (0,0) size 3x11
                RenderText {#text} at (0,0) size 3x11
                  text run at (0,0) width 3: " "
            RenderTableCell {TD} at (70,319) size 7x11 [bgcolor=#FDFDFB] [r=29 c=10 rs=1 cs=1]
              RenderInline {FONT} at (0,0) size 3x11
                RenderText {#text} at (0,0) size 3x11
                  text run at (0,0) width 3: " "
            RenderTableCell {TD} at (77,319) size 7x11 [bgcolor=#FDFDFB] [r=29 c=11 rs=1 cs=1]
              RenderInline {FONT} at (0,0) size 3x11
                RenderText {#text} at (0,0) size 3x11
                  text run at (0,0) width 3: " "
            RenderTableCell {TD} at (84,319) size 7x11 [bgcolor=#FDFDFB] [r=29 c=12 rs=1 cs=1]
              RenderInline {FONT} at (0,0) size 3x11
                RenderText {#text} at (0,0) size 3x11
                  text run at (0,0) width 3: " "
            RenderTableCell {TD} at (91,319) size 7x11 [bgcolor=#FDFDFB] [r=29 c=13 rs=1 cs=1]
              RenderInline {FONT} at (0,0) size 3x11
                RenderText {#text} at (0,0) size 3x11
                  text run at (0,0) width 3: " "
            RenderTableCell {TD} at (98,319) size 7x11 [bgcolor=#FDFDFB] [r=29 c=14 rs=1 cs=1]
              RenderInline {FONT} at (0,0) size 3x11
                RenderText {#text} at (0,0) size 3x11
                  text run at (0,0) width 3: " "
            RenderTableCell {TD} at (105,319) size 7x11 [bgcolor=#FDFDFB] [r=29 c=15 rs=1 cs=1]
              RenderInline {FONT} at (0,0) size 3x11
                RenderText {#text} at (0,0) size 3x11
                  text run at (0,0) width 3: " "
            RenderTableCell {TD} at (112,319) size 8x11 [bgcolor=#FDFDFB] [r=29 c=16 rs=1 cs=1]
              RenderInline {FONT} at (0,0) size 3x11
                RenderText {#text} at (0,0) size 3x11
                  text run at (0,0) width 3: " "
            RenderTableCell {TD} at (120,319) size 8x11 [bgcolor=#FDFDFB] [r=29 c=17 rs=1 cs=1]
              RenderInline {FONT} at (0,0) size 3x11
                RenderText {#text} at (0,0) size 3x11
                  text run at (0,0) width 3: " "
            RenderTableCell {TD} at (128,319) size 8x11 [bgcolor=#FDFDFB] [r=29 c=18 rs=1 cs=1]
              RenderInline {FONT} at (0,0) size 3x11
                RenderText {#text} at (0,0) size 3x11
                  text run at (0,0) width 3: " "
            RenderTableCell {TD} at (136,319) size 8x11 [bgcolor=#FDFDFB] [r=29 c=19 rs=1 cs=1]
              RenderInline {FONT} at (0,0) size 3x11
                RenderText {#text} at (0,0) size 3x11
                  text run at (0,0) width 3: " "
            RenderTableCell {TD} at (144,319) size 8x11 [bgcolor=#FDFDFB] [r=29 c=20 rs=1 cs=1]
              RenderInline {FONT} at (0,0) size 3x11
                RenderText {#text} at (0,0) size 3x11
                  text run at (0,0) width 3: " "
            RenderTableCell {TD} at (152,319) size 8x11 [bgcolor=#FDFDFB] [r=29 c=21 rs=1 cs=1]
              RenderInline {FONT} at (0,0) size 3x11
                RenderText {#text} at (0,0) size 3x11
                  text run at (0,0) width 3: " "
            RenderTableCell {TD} at (160,319) size 8x11 [bgcolor=#FDFDFB] [r=29 c=22 rs=1 cs=1]
              RenderInline {FONT} at (0,0) size 3x11
                RenderText {#text} at (0,0) size 3x11
                  text run at (0,0) width 3: " "
            RenderTableCell {TD} at (168,319) size 8x11 [bgcolor=#FDFDFB] [r=29 c=23 rs=1 cs=1]
              RenderInline {FONT} at (0,0) size 3x11
                RenderText {#text} at (0,0) size 3x11
                  text run at (0,0) width 3: " "
            RenderTableCell {TD} at (176,319) size 8x11 [bgcolor=#FDFDFB] [r=29 c=24 rs=1 cs=1]
              RenderInline {FONT} at (0,0) size 3x11
                RenderText {#text} at (0,0) size 3x11
                  text run at (0,0) width 3: " "
            RenderTableCell {TD} at (184,319) size 8x11 [bgcolor=#FDFDFB] [r=29 c=25 rs=1 cs=1]
              RenderInline {FONT} at (0,0) size 3x11
                RenderText {#text} at (0,0) size 3x11
                  text run at (0,0) width 3: " "
            RenderTableCell {TD} at (192,319) size 8x11 [bgcolor=#FDFDFB] [r=29 c=26 rs=1 cs=1]
              RenderInline {FONT} at (0,0) size 3x11
                RenderText {#text} at (0,0) size 3x11
                  text run at (0,0) width 3: " "
            RenderTableCell {TD} at (200,319) size 8x11 [bgcolor=#FDFDFB] [r=29 c=27 rs=1 cs=1]
              RenderInline {FONT} at (0,0) size 3x11
                RenderText {#text} at (0,0) size 3x11
                  text run at (0,0) width 3: " "
            RenderTableCell {TD} at (208,319) size 8x11 [bgcolor=#FDFDFB] [r=29 c=28 rs=1 cs=1]
              RenderInline {FONT} at (0,0) size 3x11
                RenderText {#text} at (0,0) size 3x11
                  text run at (0,0) width 3: " "
            RenderTableCell {TD} at (216,319) size 8x11 [bgcolor=#FDFDFB] [r=29 c=29 rs=1 cs=1]
              RenderInline {FONT} at (0,0) size 3x11
                RenderText {#text} at (0,0) size 3x11
                  text run at (0,0) width 3: " "
            RenderTableCell {TD} at (224,319) size 8x11 [bgcolor=#FDFDFB] [r=29 c=30 rs=1 cs=1]
              RenderInline {FONT} at (0,0) size 3x11
                RenderText {#text} at (0,0) size 3x11
                  text run at (0,0) width 3: " "
            RenderTableCell {TD} at (232,319) size 8x11 [bgcolor=#FDFDFB] [r=29 c=31 rs=1 cs=1]
              RenderInline {FONT} at (0,0) size 3x11
                RenderText {#text} at (0,0) size 3x11
                  text run at (0,0) width 3: " "
            RenderTableCell {TD} at (240,319) size 8x11 [bgcolor=#FDFDFB] [r=29 c=32 rs=1 cs=1]
              RenderInline {FONT} at (0,0) size 3x11
                RenderText {#text} at (0,0) size 3x11
                  text run at (0,0) width 3: " "
            RenderTableCell {TD} at (248,319) size 8x11 [bgcolor=#FDFDFB] [r=29 c=33 rs=1 cs=1]
              RenderInline {FONT} at (0,0) size 3x11
                RenderText {#text} at (0,0) size 3x11
                  text run at (0,0) width 3: " "
            RenderTableCell {TD} at (256,319) size 8x11 [bgcolor=#FDFDFB] [r=29 c=34 rs=1 cs=1]
              RenderInline {FONT} at (0,0) size 3x11
                RenderText {#text} at (0,0) size 3x11
                  text run at (0,0) width 3: " "
            RenderTableCell {TD} at (264,319) size 8x11 [bgcolor=#FDFDFB] [r=29 c=35 rs=1 cs=1]
              RenderInline {FONT} at (0,0) size 3x11
                RenderText {#text} at (0,0) size 3x11
                  text run at (0,0) width 3: " "
            RenderTableCell {TD} at (272,319) size 8x11 [bgcolor=#FDFDFB] [r=29 c=36 rs=1 cs=1]
              RenderInline {FONT} at (0,0) size 3x11
                RenderText {#text} at (0,0) size 3x11
                  text run at (0,0) width 3: " "
            RenderTableCell {TD} at (280,319) size 8x11 [bgcolor=#FDFDFB] [r=29 c=37 rs=1 cs=1]
              RenderInline {FONT} at (0,0) size 3x11
                RenderText {#text} at (0,0) size 3x11
                  text run at (0,0) width 3: " "
            RenderTableCell {TD} at (288,319) size 8x11 [bgcolor=#FDFDFB] [r=29 c=38 rs=1 cs=1]
              RenderInline {FONT} at (0,0) size 3x11
                RenderText {#text} at (0,0) size 3x11
                  text run at (0,0) width 3: " "
            RenderTableCell {TD} at (296,319) size 8x11 [bgcolor=#FDFDFB] [r=29 c=39 rs=1 cs=1]
              RenderInline {FONT} at (0,0) size 3x11
                RenderText {#text} at (0,0) size 3x11
                  text run at (0,0) width 3: " "
            RenderTableCell {TD} at (304,319) size 8x11 [bgcolor=#FDFDFB] [r=29 c=40 rs=1 cs=1]
              RenderInline {FONT} at (0,0) size 3x11
                RenderText {#text} at (0,0) size 3x11
                  text run at (0,0) width 3: " "
            RenderTableCell {TD} at (312,319) size 8x11 [bgcolor=#FDFDFB] [r=29 c=41 rs=1 cs=1]
              RenderInline {FONT} at (0,0) size 3x11
                RenderText {#text} at (0,0) size 3x11
                  text run at (0,0) width 3: " "
            RenderTableCell {TD} at (320,319) size 8x11 [bgcolor=#FDFDFB] [r=29 c=42 rs=1 cs=1]
              RenderInline {FONT} at (0,0) size 3x11
                RenderText {#text} at (0,0) size 3x11
                  text run at (0,0) width 3: " "
            RenderTableCell {TD} at (328,319) size 8x11 [bgcolor=#FDFDFB] [r=29 c=43 rs=1 cs=1]
              RenderInline {FONT} at (0,0) size 3x11
                RenderText {#text} at (0,0) size 3x11
                  text run at (0,0) width 3: " "
            RenderTableCell {TD} at (336,319) size 8x11 [bgcolor=#FDFDFB] [r=29 c=44 rs=1 cs=1]
              RenderInline {FONT} at (0,0) size 3x11
                RenderText {#text} at (0,0) size 3x11
                  text run at (0,0) width 3: " "
            RenderTableCell {TD} at (344,319) size 8x11 [bgcolor=#FDFDFB] [r=29 c=45 rs=1 cs=1]
              RenderInline {FONT} at (0,0) size 3x11
                RenderText {#text} at (0,0) size 3x11
                  text run at (0,0) width 3: " "
            RenderTableCell {TD} at (352,319) size 8x11 [bgcolor=#FDFDFB] [r=29 c=46 rs=1 cs=1]
              RenderInline {FONT} at (0,0) size 3x11
                RenderText {#text} at (0,0) size 3x11
                  text run at (0,0) width 3: " "
            RenderTableCell {TD} at (360,319) size 8x11 [bgcolor=#FDFDFB] [r=29 c=47 rs=1 cs=1]
              RenderInline {FONT} at (0,0) size 3x11
                RenderText {#text} at (0,0) size 3x11
                  text run at (0,0) width 3: " "
            RenderTableCell {TD} at (368,319) size 8x11 [bgcolor=#FDFDFB] [r=29 c=48 rs=1 cs=1]
              RenderInline {FONT} at (0,0) size 3x11
                RenderText {#text} at (0,0) size 3x11
                  text run at (0,0) width 3: " "
            RenderTableCell {TD} at (376,319) size 8x11 [bgcolor=#FDFDFB] [r=29 c=49 rs=1 cs=1]
              RenderInline {FONT} at (0,0) size 3x11
                RenderText {#text} at (0,0) size 3x11
                  text run at (0,0) width 3: " "
            RenderTableCell {TD} at (384,319) size 8x11 [bgcolor=#FDFDFB] [r=29 c=50 rs=1 cs=1]
              RenderInline {FONT} at (0,0) size 3x11
                RenderText {#text} at (0,0) size 3x11
                  text run at (0,0) width 3: " "
            RenderTableCell {TD} at (392,319) size 8x11 [bgcolor=#FDFDFB] [r=29 c=51 rs=1 cs=1]
              RenderInline {FONT} at (0,0) size 3x11
                RenderText {#text} at (0,0) size 3x11
                  text run at (0,0) width 3: " "
            RenderTableCell {TD} at (400,319) size 8x11 [bgcolor=#FDFDFB] [r=29 c=52 rs=1 cs=1]
              RenderInline {FONT} at (0,0) size 3x11
                RenderText {#text} at (0,0) size 3x11
                  text run at (0,0) width 3: " "
            RenderTableCell {TD} at (408,319) size 8x11 [bgcolor=#FDFDFB] [r=29 c=53 rs=1 cs=1]
              RenderInline {FONT} at (0,0) size 3x11
                RenderText {#text} at (0,0) size 3x11
                  text run at (0,0) width 3: " "
            RenderTableCell {TD} at (416,319) size 8x11 [bgcolor=#FDFDFB] [r=29 c=54 rs=1 cs=1]
              RenderInline {FONT} at (0,0) size 3x11
                RenderText {#text} at (0,0) size 3x11
                  text run at (0,0) width 3: " "
            RenderTableCell {TD} at (424,319) size 8x11 [bgcolor=#FDFDFB] [r=29 c=55 rs=1 cs=1]
              RenderInline {FONT} at (0,0) size 3x11
                RenderText {#text} at (0,0) size 3x11
                  text run at (0,0) width 3: " "
            RenderTableCell {TD} at (432,319) size 8x11 [bgcolor=#FDFDFB] [r=29 c=56 rs=1 cs=1]
              RenderInline {FONT} at (0,0) size 3x11
                RenderText {#text} at (0,0) size 3x11
                  text run at (0,0) width 3: " "
            RenderTableCell {TD} at (440,319) size 8x11 [bgcolor=#FDFDFB] [r=29 c=57 rs=1 cs=1]
              RenderInline {FONT} at (0,0) size 3x11
                RenderText {#text} at (0,0) size 3x11
                  text run at (0,0) width 3: " "
            RenderTableCell {TD} at (448,319) size 8x11 [bgcolor=#FDFDFB] [r=29 c=58 rs=1 cs=1]
              RenderInline {FONT} at (0,0) size 3x11
                RenderText {#text} at (0,0) size 3x11
                  text run at (0,0) width 3: " "
            RenderTableCell {TD} at (456,319) size 8x11 [bgcolor=#FDFDFB] [r=29 c=59 rs=1 cs=1]
              RenderInline {FONT} at (0,0) size 3x11
                RenderText {#text} at (0,0) size 3x11
                  text run at (0,0) width 3: " "
            RenderTableCell {TD} at (464,319) size 8x11 [bgcolor=#FDFDFB] [r=29 c=60 rs=1 cs=1]
              RenderInline {FONT} at (0,0) size 3x11
                RenderText {#text} at (0,0) size 3x11
                  text run at (0,0) width 3: " "
            RenderTableCell {TD} at (472,319) size 8x11 [bgcolor=#FDFDFB] [r=29 c=61 rs=1 cs=1]
              RenderInline {FONT} at (0,0) size 3x11
                RenderText {#text} at (0,0) size 3x11
                  text run at (0,0) width 3: " "
            RenderTableCell {TD} at (480,319) size 8x11 [bgcolor=#FDFDFB] [r=29 c=62 rs=1 cs=1]
              RenderInline {FONT} at (0,0) size 3x11
                RenderText {#text} at (0,0) size 3x11
                  text run at (0,0) width 3: " "
            RenderTableCell {TD} at (488,319) size 8x11 [bgcolor=#FDFDFB] [r=29 c=63 rs=1 cs=1]
              RenderInline {FONT} at (0,0) size 3x11
                RenderText {#text} at (0,0) size 3x11
                  text run at (0,0) width 3: " "
            RenderTableCell {TD} at (496,319) size 8x11 [bgcolor=#FDFDFB] [r=29 c=64 rs=1 cs=1]
              RenderInline {FONT} at (0,0) size 3x11
                RenderText {#text} at (0,0) size 3x11
                  text run at (0,0) width 3: " "
            RenderTableCell {TD} at (504,319) size 8x11 [bgcolor=#8DB7B6] [r=29 c=65 rs=1 cs=1]
              RenderInline {FONT} at (0,0) size 3x11
                RenderText {#text} at (0,0) size 3x11
                  text run at (0,0) width 3: " "
            RenderTableCell {TD} at (512,319) size 8x11 [bgcolor=#026766] [r=29 c=66 rs=1 cs=1]
              RenderInline {FONT} at (0,0) size 3x11
                RenderText {#text} at (0,0) size 3x11
                  text run at (0,0) width 3: " "
            RenderTableCell {TD} at (520,319) size 8x11 [bgcolor=#025E5E] [r=29 c=67 rs=1 cs=1]
              RenderInline {FONT} at (0,0) size 3x11
                RenderText {#text} at (0,0) size 3x11
                  text run at (0,0) width 3: " "
            RenderTableCell {TD} at (528,319) size 8x11 [bgcolor=#025E5E] [r=29 c=68 rs=1 cs=1]
              RenderInline {FONT} at (0,0) size 3x11
                RenderText {#text} at (0,0) size 3x11
                  text run at (0,0) width 3: " "
            RenderTableCell {TD} at (536,319) size 8x11 [bgcolor=#025E5E] [r=29 c=69 rs=1 cs=1]
              RenderInline {FONT} at (0,0) size 3x11
                RenderText {#text} at (0,0) size 3x11
                  text run at (0,0) width 3: " "
            RenderTableCell {TD} at (544,319) size 8x11 [bgcolor=#026766] [r=29 c=70 rs=1 cs=1]
              RenderInline {FONT} at (0,0) size 3x11
                RenderText {#text} at (0,0) size 3x11
                  text run at (0,0) width 3: " "
            RenderTableCell {TD} at (552,319) size 8x11 [bgcolor=#026766] [r=29 c=71 rs=1 cs=1]
              RenderInline {FONT} at (0,0) size 3x11
                RenderText {#text} at (0,0) size 3x11
                  text run at (0,0) width 3: " "
            RenderTableCell {TD} at (560,319) size 8x11 [bgcolor=#026766] [r=29 c=72 rs=1 cs=1]
              RenderInline {FONT} at (0,0) size 3x11
                RenderText {#text} at (0,0) size 3x11
                  text run at (0,0) width 3: " "
            RenderTableCell {TD} at (568,319) size 8x11 [bgcolor=#026766] [r=29 c=73 rs=1 cs=1]
              RenderInline {FONT} at (0,0) size 3x11
                RenderText {#text} at (0,0) size 3x11
                  text run at (0,0) width 3: " "
            RenderTableCell {TD} at (576,319) size 8x11 [bgcolor=#026766] [r=29 c=74 rs=1 cs=1]
              RenderInline {FONT} at (0,0) size 3x11
                RenderText {#text} at (0,0) size 3x11
                  text run at (0,0) width 3: " "
            RenderTableCell {TD} at (584,319) size 8x11 [bgcolor=#026766] [r=29 c=75 rs=1 cs=1]
              RenderInline {FONT} at (0,0) size 3x11
                RenderText {#text} at (0,0) size 3x11
                  text run at (0,0) width 3: " "
            RenderTableCell {TD} at (592,319) size 8x11 [bgcolor=#026766] [r=29 c=76 rs=1 cs=1]
              RenderInline {FONT} at (0,0) size 3x11
                RenderText {#text} at (0,0) size 3x11
                  text run at (0,0) width 3: " "
            RenderTableCell {TD} at (600,319) size 8x11 [bgcolor=#026766] [r=29 c=77 rs=1 cs=1]
              RenderInline {FONT} at (0,0) size 3x11
                RenderText {#text} at (0,0) size 3x11
                  text run at (0,0) width 3: " "
            RenderTableCell {TD} at (608,319) size 8x11 [bgcolor=#025E5E] [r=29 c=78 rs=1 cs=1]
              RenderInline {FONT} at (0,0) size 3x11
                RenderText {#text} at (0,0) size 3x11
                  text run at (0,0) width 3: " "
            RenderTableCell {TD} at (616,319) size 8x11 [bgcolor=#025E5E] [r=29 c=79 rs=1 cs=1]
              RenderInline {FONT} at (0,0) size 3x11
                RenderText {#text} at (0,0) size 3x11
                  text run at (0,0) width 3: " "
            RenderTableCell {TD} at (624,319) size 8x11 [bgcolor=#025E5E] [r=29 c=80 rs=1 cs=1]
              RenderInline {FONT} at (0,0) size 3x11
                RenderText {#text} at (0,0) size 3x11
                  text run at (0,0) width 3: " "
            RenderTableCell {TD} at (632,319) size 8x11 [bgcolor=#025E5E] [r=29 c=81 rs=1 cs=1]
              RenderInline {FONT} at (0,0) size 3x11
                RenderText {#text} at (0,0) size 3x11
                  text run at (0,0) width 3: " "
            RenderTableCell {TD} at (640,319) size 8x11 [bgcolor=#025E5E] [r=29 c=82 rs=1 cs=1]
              RenderInline {FONT} at (0,0) size 3x11
                RenderText {#text} at (0,0) size 3x11
                  text run at (0,0) width 3: " "
            RenderTableCell {TD} at (648,319) size 8x11 [bgcolor=#044F4F] [r=29 c=83 rs=1 cs=1]
              RenderInline {FONT} at (0,0) size 3x11
                RenderText {#text} at (0,0) size 3x11
                  text run at (0,0) width 3: " "
            RenderTableCell {TD} at (656,319) size 8x11 [bgcolor=#044F4F] [r=29 c=84 rs=1 cs=1]
              RenderInline {FONT} at (0,0) size 3x11
                RenderText {#text} at (0,0) size 3x11
                  text run at (0,0) width 3: " "
            RenderTableCell {TD} at (664,319) size 8x11 [bgcolor=#044F4F] [r=29 c=85 rs=1 cs=1]
              RenderInline {FONT} at (0,0) size 3x11
                RenderText {#text} at (0,0) size 3x11
                  text run at (0,0) width 3: " "
            RenderTableCell {TD} at (672,319) size 8x11 [bgcolor=#044F4F] [r=29 c=86 rs=1 cs=1]
              RenderInline {FONT} at (0,0) size 3x11
                RenderText {#text} at (0,0) size 3x11
                  text run at (0,0) width 3: " "
            RenderTableCell {TD} at (680,319) size 8x11 [bgcolor=#044140] [r=29 c=87 rs=1 cs=1]
              RenderInline {FONT} at (0,0) size 3x11
                RenderText {#text} at (0,0) size 3x11
                  text run at (0,0) width 3: " "
            RenderTableCell {TD} at (688,319) size 8x11 [bgcolor=#083131] [r=29 c=88 rs=1 cs=1]
              RenderInline {FONT} at (0,0) size 3x11
                RenderText {#text} at (0,0) size 3x11
                  text run at (0,0) width 3: " "
            RenderTableCell {TD} at (696,319) size 8x11 [bgcolor=#083131] [r=29 c=89 rs=1 cs=1]
              RenderInline {FONT} at (0,0) size 3x11
                RenderText {#text} at (0,0) size 3x11
                  text run at (0,0) width 3: " "
            RenderTableCell {TD} at (704,319) size 8x11 [bgcolor=#223C3D] [r=29 c=90 rs=1 cs=1]
              RenderInline {FONT} at (0,0) size 3x11
                RenderText {#text} at (0,0) size 3x11
                  text run at (0,0) width 3: " "
            RenderTableCell {TD} at (712,319) size 8x11 [bgcolor=#515C5B] [r=29 c=91 rs=1 cs=1]
              RenderInline {FONT} at (0,0) size 3x11
                RenderText {#text} at (0,0) size 3x11
                  text run at (0,0) width 3: " "
            RenderTableCell {TD} at (720,319) size 8x11 [bgcolor=#777878] [r=29 c=92 rs=1 cs=1]
              RenderInline {FONT} at (0,0) size 3x11
                RenderText {#text} at (0,0) size 3x11
                  text run at (0,0) width 3: " "
            RenderTableCell {TD} at (728,319) size 8x11 [bgcolor=#A5A6A6] [r=29 c=93 rs=1 cs=1]
              RenderInline {FONT} at (0,0) size 3x11
                RenderText {#text} at (0,0) size 3x11
                  text run at (0,0) width 3: " "
            RenderTableCell {TD} at (736,319) size 8x11 [bgcolor=#CECFCF] [r=29 c=94 rs=1 cs=1]
              RenderInline {FONT} at (0,0) size 3x11
                RenderText {#text} at (0,0) size 3x11
                  text run at (0,0) width 3: " "
            RenderTableCell {TD} at (744,319) size 8x11 [bgcolor=#EDEEEF] [r=29 c=95 rs=1 cs=1]
              RenderInline {FONT} at (0,0) size 3x11
                RenderText {#text} at (0,0) size 3x11
                  text run at (0,0) width 3: " "
            RenderTableCell {TD} at (752,319) size 8x11 [bgcolor=#FDFDFB] [r=29 c=96 rs=1 cs=1]
              RenderInline {FONT} at (0,0) size 3x11
                RenderText {#text} at (0,0) size 3x11
                  text run at (0,0) width 3: " "
            RenderTableCell {TD} at (760,319) size 8x11 [bgcolor=#FDFDFB] [r=29 c=97 rs=1 cs=1]
              RenderInline {FONT} at (0,0) size 3x11
                RenderText {#text} at (0,0) size 3x11
                  text run at (0,0) width 3: " "
            RenderTableCell {TD} at (768,319) size 8x11 [bgcolor=#FDFDFB] [r=29 c=98 rs=1 cs=1]
              RenderInline {FONT} at (0,0) size 3x11
                RenderText {#text} at (0,0) size 3x11
                  text run at (0,0) width 3: " "
            RenderTableCell {TD} at (776,319) size 8x11 [bgcolor=#FDFDFB] [r=29 c=99 rs=1 cs=1]
              RenderInline {FONT} at (0,0) size 3x11
                RenderText {#text} at (0,0) size 3x11
                  text run at (0,0) width 3: " "
          RenderTableRow {TR} at (0,330) size 784x11
            RenderTableCell {TD} at (0,330) size 7x11 [bgcolor=#FDFDFB] [r=30 c=0 rs=1 cs=1]
              RenderInline {FONT} at (0,0) size 3x11
                RenderText {#text} at (0,0) size 3x11
                  text run at (0,0) width 3: " "
            RenderTableCell {TD} at (7,330) size 7x11 [bgcolor=#FDFDFB] [r=30 c=1 rs=1 cs=1]
              RenderInline {FONT} at (0,0) size 3x11
                RenderText {#text} at (0,0) size 3x11
                  text run at (0,0) width 3: " "
            RenderTableCell {TD} at (14,330) size 7x11 [bgcolor=#FDFDFB] [r=30 c=2 rs=1 cs=1]
              RenderInline {FONT} at (0,0) size 3x11
                RenderText {#text} at (0,0) size 3x11
                  text run at (0,0) width 3: " "
            RenderTableCell {TD} at (21,330) size 7x11 [bgcolor=#FDFDFB] [r=30 c=3 rs=1 cs=1]
              RenderInline {FONT} at (0,0) size 3x11
                RenderText {#text} at (0,0) size 3x11
                  text run at (0,0) width 3: " "
            RenderTableCell {TD} at (28,330) size 7x11 [bgcolor=#FDFDFB] [r=30 c=4 rs=1 cs=1]
              RenderInline {FONT} at (0,0) size 3x11
                RenderText {#text} at (0,0) size 3x11
                  text run at (0,0) width 3: " "
            RenderTableCell {TD} at (35,330) size 7x11 [bgcolor=#FDFDFB] [r=30 c=5 rs=1 cs=1]
              RenderInline {FONT} at (0,0) size 3x11
                RenderText {#text} at (0,0) size 3x11
                  text run at (0,0) width 3: " "
            RenderTableCell {TD} at (42,330) size 7x11 [bgcolor=#FDFDFB] [r=30 c=6 rs=1 cs=1]
              RenderInline {FONT} at (0,0) size 3x11
                RenderText {#text} at (0,0) size 3x11
                  text run at (0,0) width 3: " "
            RenderTableCell {TD} at (49,330) size 7x11 [bgcolor=#FDFDFB] [r=30 c=7 rs=1 cs=1]
              RenderInline {FONT} at (0,0) size 3x11
                RenderText {#text} at (0,0) size 3x11
                  text run at (0,0) width 3: " "
            RenderTableCell {TD} at (56,330) size 7x11 [bgcolor=#FDFDFB] [r=30 c=8 rs=1 cs=1]
              RenderInline {FONT} at (0,0) size 3x11
                RenderText {#text} at (0,0) size 3x11
                  text run at (0,0) width 3: " "
            RenderTableCell {TD} at (63,330) size 7x11 [bgcolor=#FDFDFB] [r=30 c=9 rs=1 cs=1]
              RenderInline {FONT} at (0,0) size 3x11
                RenderText {#text} at (0,0) size 3x11
                  text run at (0,0) width 3: " "
            RenderTableCell {TD} at (70,330) size 7x11 [bgcolor=#FDFDFB] [r=30 c=10 rs=1 cs=1]
              RenderInline {FONT} at (0,0) size 3x11
                RenderText {#text} at (0,0) size 3x11
                  text run at (0,0) width 3: " "
            RenderTableCell {TD} at (77,330) size 7x11 [bgcolor=#FDFDFB] [r=30 c=11 rs=1 cs=1]
              RenderInline {FONT} at (0,0) size 3x11
                RenderText {#text} at (0,0) size 3x11
                  text run at (0,0) width 3: " "
            RenderTableCell {TD} at (84,330) size 7x11 [bgcolor=#FDFDFB] [r=30 c=12 rs=1 cs=1]
              RenderInline {FONT} at (0,0) size 3x11
                RenderText {#text} at (0,0) size 3x11
                  text run at (0,0) width 3: " "
            RenderTableCell {TD} at (91,330) size 7x11 [bgcolor=#FDFDFB] [r=30 c=13 rs=1 cs=1]
              RenderInline {FONT} at (0,0) size 3x11
                RenderText {#text} at (0,0) size 3x11
                  text run at (0,0) width 3: " "
            RenderTableCell {TD} at (98,330) size 7x11 [bgcolor=#FDFDFB] [r=30 c=14 rs=1 cs=1]
              RenderInline {FONT} at (0,0) size 3x11
                RenderText {#text} at (0,0) size 3x11
                  text run at (0,0) width 3: " "
            RenderTableCell {TD} at (105,330) size 7x11 [bgcolor=#FDFDFB] [r=30 c=15 rs=1 cs=1]
              RenderInline {FONT} at (0,0) size 3x11
                RenderText {#text} at (0,0) size 3x11
                  text run at (0,0) width 3: " "
            RenderTableCell {TD} at (112,330) size 8x11 [bgcolor=#FDFDFB] [r=30 c=16 rs=1 cs=1]
              RenderInline {FONT} at (0,0) size 3x11
                RenderText {#text} at (0,0) size 3x11
                  text run at (0,0) width 3: " "
            RenderTableCell {TD} at (120,330) size 8x11 [bgcolor=#FDFDFB] [r=30 c=17 rs=1 cs=1]
              RenderInline {FONT} at (0,0) size 3x11
                RenderText {#text} at (0,0) size 3x11
                  text run at (0,0) width 3: " "
            RenderTableCell {TD} at (128,330) size 8x11 [bgcolor=#FDFDFB] [r=30 c=18 rs=1 cs=1]
              RenderInline {FONT} at (0,0) size 3x11
                RenderText {#text} at (0,0) size 3x11
                  text run at (0,0) width 3: " "
            RenderTableCell {TD} at (136,330) size 8x11 [bgcolor=#FDFDFB] [r=30 c=19 rs=1 cs=1]
              RenderInline {FONT} at (0,0) size 3x11
                RenderText {#text} at (0,0) size 3x11
                  text run at (0,0) width 3: " "
            RenderTableCell {TD} at (144,330) size 8x11 [bgcolor=#FDFDFB] [r=30 c=20 rs=1 cs=1]
              RenderInline {FONT} at (0,0) size 3x11
                RenderText {#text} at (0,0) size 3x11
                  text run at (0,0) width 3: " "
            RenderTableCell {TD} at (152,330) size 8x11 [bgcolor=#FDFDFB] [r=30 c=21 rs=1 cs=1]
              RenderInline {FONT} at (0,0) size 3x11
                RenderText {#text} at (0,0) size 3x11
                  text run at (0,0) width 3: " "
            RenderTableCell {TD} at (160,330) size 8x11 [bgcolor=#FDFDFB] [r=30 c=22 rs=1 cs=1]
              RenderInline {FONT} at (0,0) size 3x11
                RenderText {#text} at (0,0) size 3x11
                  text run at (0,0) width 3: " "
            RenderTableCell {TD} at (168,330) size 8x11 [bgcolor=#FDFDFB] [r=30 c=23 rs=1 cs=1]
              RenderInline {FONT} at (0,0) size 3x11
                RenderText {#text} at (0,0) size 3x11
                  text run at (0,0) width 3: " "
            RenderTableCell {TD} at (176,330) size 8x11 [bgcolor=#FDFDFB] [r=30 c=24 rs=1 cs=1]
              RenderInline {FONT} at (0,0) size 3x11
                RenderText {#text} at (0,0) size 3x11
                  text run at (0,0) width 3: " "
            RenderTableCell {TD} at (184,330) size 8x11 [bgcolor=#FDFDFB] [r=30 c=25 rs=1 cs=1]
              RenderInline {FONT} at (0,0) size 3x11
                RenderText {#text} at (0,0) size 3x11
                  text run at (0,0) width 3: " "
            RenderTableCell {TD} at (192,330) size 8x11 [bgcolor=#FDFDFB] [r=30 c=26 rs=1 cs=1]
              RenderInline {FONT} at (0,0) size 3x11
                RenderText {#text} at (0,0) size 3x11
                  text run at (0,0) width 3: " "
            RenderTableCell {TD} at (200,330) size 8x11 [bgcolor=#FDFDFB] [r=30 c=27 rs=1 cs=1]
              RenderInline {FONT} at (0,0) size 3x11
                RenderText {#text} at (0,0) size 3x11
                  text run at (0,0) width 3: " "
            RenderTableCell {TD} at (208,330) size 8x11 [bgcolor=#FDFDFB] [r=30 c=28 rs=1 cs=1]
              RenderInline {FONT} at (0,0) size 3x11
                RenderText {#text} at (0,0) size 3x11
                  text run at (0,0) width 3: " "
            RenderTableCell {TD} at (216,330) size 8x11 [bgcolor=#FDFDFB] [r=30 c=29 rs=1 cs=1]
              RenderInline {FONT} at (0,0) size 3x11
                RenderText {#text} at (0,0) size 3x11
                  text run at (0,0) width 3: " "
            RenderTableCell {TD} at (224,330) size 8x11 [bgcolor=#FDFDFB] [r=30 c=30 rs=1 cs=1]
              RenderInline {FONT} at (0,0) size 3x11
                RenderText {#text} at (0,0) size 3x11
                  text run at (0,0) width 3: " "
            RenderTableCell {TD} at (232,330) size 8x11 [bgcolor=#FDFDFB] [r=30 c=31 rs=1 cs=1]
              RenderInline {FONT} at (0,0) size 3x11
                RenderText {#text} at (0,0) size 3x11
                  text run at (0,0) width 3: " "
            RenderTableCell {TD} at (240,330) size 8x11 [bgcolor=#FDFDFB] [r=30 c=32 rs=1 cs=1]
              RenderInline {FONT} at (0,0) size 3x11
                RenderText {#text} at (0,0) size 3x11
                  text run at (0,0) width 3: " "
            RenderTableCell {TD} at (248,330) size 8x11 [bgcolor=#FDFDFB] [r=30 c=33 rs=1 cs=1]
              RenderInline {FONT} at (0,0) size 3x11
                RenderText {#text} at (0,0) size 3x11
                  text run at (0,0) width 3: " "
            RenderTableCell {TD} at (256,330) size 8x11 [bgcolor=#FDFDFB] [r=30 c=34 rs=1 cs=1]
              RenderInline {FONT} at (0,0) size 3x11
                RenderText {#text} at (0,0) size 3x11
                  text run at (0,0) width 3: " "
            RenderTableCell {TD} at (264,330) size 8x11 [bgcolor=#FDFDFB] [r=30 c=35 rs=1 cs=1]
              RenderInline {FONT} at (0,0) size 3x11
                RenderText {#text} at (0,0) size 3x11
                  text run at (0,0) width 3: " "
            RenderTableCell {TD} at (272,330) size 8x11 [bgcolor=#FDFDFB] [r=30 c=36 rs=1 cs=1]
              RenderInline {FONT} at (0,0) size 3x11
                RenderText {#text} at (0,0) size 3x11
                  text run at (0,0) width 3: " "
            RenderTableCell {TD} at (280,330) size 8x11 [bgcolor=#FDFDFB] [r=30 c=37 rs=1 cs=1]
              RenderInline {FONT} at (0,0) size 3x11
                RenderText {#text} at (0,0) size 3x11
                  text run at (0,0) width 3: " "
            RenderTableCell {TD} at (288,330) size 8x11 [bgcolor=#FDFDFB] [r=30 c=38 rs=1 cs=1]
              RenderInline {FONT} at (0,0) size 3x11
                RenderText {#text} at (0,0) size 3x11
                  text run at (0,0) width 3: " "
            RenderTableCell {TD} at (296,330) size 8x11 [bgcolor=#FDFDFB] [r=30 c=39 rs=1 cs=1]
              RenderInline {FONT} at (0,0) size 3x11
                RenderText {#text} at (0,0) size 3x11
                  text run at (0,0) width 3: " "
            RenderTableCell {TD} at (304,330) size 8x11 [bgcolor=#FDFDFB] [r=30 c=40 rs=1 cs=1]
              RenderInline {FONT} at (0,0) size 3x11
                RenderText {#text} at (0,0) size 3x11
                  text run at (0,0) width 3: " "
            RenderTableCell {TD} at (312,330) size 8x11 [bgcolor=#FDFDFB] [r=30 c=41 rs=1 cs=1]
              RenderInline {FONT} at (0,0) size 3x11
                RenderText {#text} at (0,0) size 3x11
                  text run at (0,0) width 3: " "
            RenderTableCell {TD} at (320,330) size 8x11 [bgcolor=#FDFDFB] [r=30 c=42 rs=1 cs=1]
              RenderInline {FONT} at (0,0) size 3x11
                RenderText {#text} at (0,0) size 3x11
                  text run at (0,0) width 3: " "
            RenderTableCell {TD} at (328,330) size 8x11 [bgcolor=#FDFDFB] [r=30 c=43 rs=1 cs=1]
              RenderInline {FONT} at (0,0) size 3x11
                RenderText {#text} at (0,0) size 3x11
                  text run at (0,0) width 3: " "
            RenderTableCell {TD} at (336,330) size 8x11 [bgcolor=#FDFDFB] [r=30 c=44 rs=1 cs=1]
              RenderInline {FONT} at (0,0) size 3x11
                RenderText {#text} at (0,0) size 3x11
                  text run at (0,0) width 3: " "
            RenderTableCell {TD} at (344,330) size 8x11 [bgcolor=#FDFDFB] [r=30 c=45 rs=1 cs=1]
              RenderInline {FONT} at (0,0) size 3x11
                RenderText {#text} at (0,0) size 3x11
                  text run at (0,0) width 3: " "
            RenderTableCell {TD} at (352,330) size 8x11 [bgcolor=#FDFDFB] [r=30 c=46 rs=1 cs=1]
              RenderInline {FONT} at (0,0) size 3x11
                RenderText {#text} at (0,0) size 3x11
                  text run at (0,0) width 3: " "
            RenderTableCell {TD} at (360,330) size 8x11 [bgcolor=#FDFDFB] [r=30 c=47 rs=1 cs=1]
              RenderInline {FONT} at (0,0) size 3x11
                RenderText {#text} at (0,0) size 3x11
                  text run at (0,0) width 3: " "
            RenderTableCell {TD} at (368,330) size 8x11 [bgcolor=#FDFDFB] [r=30 c=48 rs=1 cs=1]
              RenderInline {FONT} at (0,0) size 3x11
                RenderText {#text} at (0,0) size 3x11
                  text run at (0,0) width 3: " "
            RenderTableCell {TD} at (376,330) size 8x11 [bgcolor=#FDFDFB] [r=30 c=49 rs=1 cs=1]
              RenderInline {FONT} at (0,0) size 3x11
                RenderText {#text} at (0,0) size 3x11
                  text run at (0,0) width 3: " "
            RenderTableCell {TD} at (384,330) size 8x11 [bgcolor=#FDFDFB] [r=30 c=50 rs=1 cs=1]
              RenderInline {FONT} at (0,0) size 3x11
                RenderText {#text} at (0,0) size 3x11
                  text run at (0,0) width 3: " "
            RenderTableCell {TD} at (392,330) size 8x11 [bgcolor=#FDFDFB] [r=30 c=51 rs=1 cs=1]
              RenderInline {FONT} at (0,0) size 3x11
                RenderText {#text} at (0,0) size 3x11
                  text run at (0,0) width 3: " "
            RenderTableCell {TD} at (400,330) size 8x11 [bgcolor=#FDFDFB] [r=30 c=52 rs=1 cs=1]
              RenderInline {FONT} at (0,0) size 3x11
                RenderText {#text} at (0,0) size 3x11
                  text run at (0,0) width 3: " "
            RenderTableCell {TD} at (408,330) size 8x11 [bgcolor=#FDFDFB] [r=30 c=53 rs=1 cs=1]
              RenderInline {FONT} at (0,0) size 3x11
                RenderText {#text} at (0,0) size 3x11
                  text run at (0,0) width 3: " "
            RenderTableCell {TD} at (416,330) size 8x11 [bgcolor=#FDFDFB] [r=30 c=54 rs=1 cs=1]
              RenderInline {FONT} at (0,0) size 3x11
                RenderText {#text} at (0,0) size 3x11
                  text run at (0,0) width 3: " "
            RenderTableCell {TD} at (424,330) size 8x11 [bgcolor=#FDFDFB] [r=30 c=55 rs=1 cs=1]
              RenderInline {FONT} at (0,0) size 3x11
                RenderText {#text} at (0,0) size 3x11
                  text run at (0,0) width 3: " "
            RenderTableCell {TD} at (432,330) size 8x11 [bgcolor=#FDFDFB] [r=30 c=56 rs=1 cs=1]
              RenderInline {FONT} at (0,0) size 3x11
                RenderText {#text} at (0,0) size 3x11
                  text run at (0,0) width 3: " "
            RenderTableCell {TD} at (440,330) size 8x11 [bgcolor=#FDFDFB] [r=30 c=57 rs=1 cs=1]
              RenderInline {FONT} at (0,0) size 3x11
                RenderText {#text} at (0,0) size 3x11
                  text run at (0,0) width 3: " "
            RenderTableCell {TD} at (448,330) size 8x11 [bgcolor=#FDFDFB] [r=30 c=58 rs=1 cs=1]
              RenderInline {FONT} at (0,0) size 3x11
                RenderText {#text} at (0,0) size 3x11
                  text run at (0,0) width 3: " "
            RenderTableCell {TD} at (456,330) size 8x11 [bgcolor=#FDFDFB] [r=30 c=59 rs=1 cs=1]
              RenderInline {FONT} at (0,0) size 3x11
                RenderText {#text} at (0,0) size 3x11
                  text run at (0,0) width 3: " "
            RenderTableCell {TD} at (464,330) size 8x11 [bgcolor=#FDFDFB] [r=30 c=60 rs=1 cs=1]
              RenderInline {FONT} at (0,0) size 3x11
                RenderText {#text} at (0,0) size 3x11
                  text run at (0,0) width 3: " "
            RenderTableCell {TD} at (472,330) size 8x11 [bgcolor=#FDFDFB] [r=30 c=61 rs=1 cs=1]
              RenderInline {FONT} at (0,0) size 3x11
                RenderText {#text} at (0,0) size 3x11
                  text run at (0,0) width 3: " "
            RenderTableCell {TD} at (480,330) size 8x11 [bgcolor=#FDFDFB] [r=30 c=62 rs=1 cs=1]
              RenderInline {FONT} at (0,0) size 3x11
                RenderText {#text} at (0,0) size 3x11
                  text run at (0,0) width 3: " "
            RenderTableCell {TD} at (488,330) size 8x11 [bgcolor=#FDFDFB] [r=30 c=63 rs=1 cs=1]
              RenderInline {FONT} at (0,0) size 3x11
                RenderText {#text} at (0,0) size 3x11
                  text run at (0,0) width 3: " "
            RenderTableCell {TD} at (496,330) size 8x11 [bgcolor=#FDFDFB] [r=30 c=64 rs=1 cs=1]
              RenderInline {FONT} at (0,0) size 3x11
                RenderText {#text} at (0,0) size 3x11
                  text run at (0,0) width 3: " "
            RenderTableCell {TD} at (504,330) size 8x11 [bgcolor=#CECFCF] [r=30 c=65 rs=1 cs=1]
              RenderInline {FONT} at (0,0) size 3x11
                RenderText {#text} at (0,0) size 3x11
                  text run at (0,0) width 3: " "
            RenderTableCell {TD} at (512,330) size 8x11 [bgcolor=#7B918F] [r=30 c=66 rs=1 cs=1]
              RenderInline {FONT} at (0,0) size 3x11
                RenderText {#text} at (0,0) size 3x11
                  text run at (0,0) width 3: " "
            RenderTableCell {TD} at (520,330) size 8x11 [bgcolor=#305D5D] [r=30 c=67 rs=1 cs=1]
              RenderInline {FONT} at (0,0) size 3x11
                RenderText {#text} at (0,0) size 3x11
                  text run at (0,0) width 3: " "
            RenderTableCell {TD} at (528,330) size 8x11 [bgcolor=#044140] [r=30 c=68 rs=1 cs=1]
              RenderInline {FONT} at (0,0) size 3x11
                RenderText {#text} at (0,0) size 3x11
                  text run at (0,0) width 3: " "
            RenderTableCell {TD} at (536,330) size 8x11 [bgcolor=#044140] [r=30 c=69 rs=1 cs=1]
              RenderInline {FONT} at (0,0) size 3x11
                RenderText {#text} at (0,0) size 3x11
                  text run at (0,0) width 3: " "
            RenderTableCell {TD} at (544,330) size 8x11 [bgcolor=#044140] [r=30 c=70 rs=1 cs=1]
              RenderInline {FONT} at (0,0) size 3x11
                RenderText {#text} at (0,0) size 3x11
                  text run at (0,0) width 3: " "
            RenderTableCell {TD} at (552,330) size 8x11 [bgcolor=#044F4F] [r=30 c=71 rs=1 cs=1]
              RenderInline {FONT} at (0,0) size 3x11
                RenderText {#text} at (0,0) size 3x11
                  text run at (0,0) width 3: " "
            RenderTableCell {TD} at (560,330) size 8x11 [bgcolor=#044F4F] [r=30 c=72 rs=1 cs=1]
              RenderInline {FONT} at (0,0) size 3x11
                RenderText {#text} at (0,0) size 3x11
                  text run at (0,0) width 3: " "
            RenderTableCell {TD} at (568,330) size 8x11 [bgcolor=#044F4F] [r=30 c=73 rs=1 cs=1]
              RenderInline {FONT} at (0,0) size 3x11
                RenderText {#text} at (0,0) size 3x11
                  text run at (0,0) width 3: " "
            RenderTableCell {TD} at (576,330) size 8x11 [bgcolor=#044F4F] [r=30 c=74 rs=1 cs=1]
              RenderInline {FONT} at (0,0) size 3x11
                RenderText {#text} at (0,0) size 3x11
                  text run at (0,0) width 3: " "
            RenderTableCell {TD} at (584,330) size 8x11 [bgcolor=#044F4F] [r=30 c=75 rs=1 cs=1]
              RenderInline {FONT} at (0,0) size 3x11
                RenderText {#text} at (0,0) size 3x11
                  text run at (0,0) width 3: " "
            RenderTableCell {TD} at (592,330) size 8x11 [bgcolor=#044F4F] [r=30 c=76 rs=1 cs=1]
              RenderInline {FONT} at (0,0) size 3x11
                RenderText {#text} at (0,0) size 3x11
                  text run at (0,0) width 3: " "
            RenderTableCell {TD} at (600,330) size 8x11 [bgcolor=#044F4F] [r=30 c=77 rs=1 cs=1]
              RenderInline {FONT} at (0,0) size 3x11
                RenderText {#text} at (0,0) size 3x11
                  text run at (0,0) width 3: " "
            RenderTableCell {TD} at (608,330) size 8x11 [bgcolor=#044140] [r=30 c=78 rs=1 cs=1]
              RenderInline {FONT} at (0,0) size 3x11
                RenderText {#text} at (0,0) size 3x11
                  text run at (0,0) width 3: " "
            RenderTableCell {TD} at (616,330) size 8x11 [bgcolor=#044140] [r=30 c=79 rs=1 cs=1]
              RenderInline {FONT} at (0,0) size 3x11
                RenderText {#text} at (0,0) size 3x11
                  text run at (0,0) width 3: " "
            RenderTableCell {TD} at (624,330) size 8x11 [bgcolor=#044140] [r=30 c=80 rs=1 cs=1]
              RenderInline {FONT} at (0,0) size 3x11
                RenderText {#text} at (0,0) size 3x11
                  text run at (0,0) width 3: " "
            RenderTableCell {TD} at (632,330) size 8x11 [bgcolor=#044140] [r=30 c=81 rs=1 cs=1]
              RenderInline {FONT} at (0,0) size 3x11
                RenderText {#text} at (0,0) size 3x11
                  text run at (0,0) width 3: " "
            RenderTableCell {TD} at (640,330) size 8x11 [bgcolor=#044140] [r=30 c=82 rs=1 cs=1]
              RenderInline {FONT} at (0,0) size 3x11
                RenderText {#text} at (0,0) size 3x11
                  text run at (0,0) width 3: " "
            RenderTableCell {TD} at (648,330) size 8x11 [bgcolor=#044140] [r=30 c=83 rs=1 cs=1]
              RenderInline {FONT} at (0,0) size 3x11
                RenderText {#text} at (0,0) size 3x11
                  text run at (0,0) width 3: " "
            RenderTableCell {TD} at (656,330) size 8x11 [bgcolor=#044140] [r=30 c=84 rs=1 cs=1]
              RenderInline {FONT} at (0,0) size 3x11
                RenderText {#text} at (0,0) size 3x11
                  text run at (0,0) width 3: " "
            RenderTableCell {TD} at (664,330) size 8x11 [bgcolor=#083131] [r=30 c=85 rs=1 cs=1]
              RenderInline {FONT} at (0,0) size 3x11
                RenderText {#text} at (0,0) size 3x11
                  text run at (0,0) width 3: " "
            RenderTableCell {TD} at (672,330) size 8x11 [bgcolor=#083131] [r=30 c=86 rs=1 cs=1]
              RenderInline {FONT} at (0,0) size 3x11
                RenderText {#text} at (0,0) size 3x11
                  text run at (0,0) width 3: " "
            RenderTableCell {TD} at (680,330) size 8x11 [bgcolor=#083131] [r=30 c=87 rs=1 cs=1]
              RenderInline {FONT} at (0,0) size 3x11
                RenderText {#text} at (0,0) size 3x11
                  text run at (0,0) width 3: " "
            RenderTableCell {TD} at (688,330) size 8x11 [bgcolor=#344C4E] [r=30 c=88 rs=1 cs=1]
              RenderInline {FONT} at (0,0) size 3x11
                RenderText {#text} at (0,0) size 3x11
                  text run at (0,0) width 3: " "
            RenderTableCell {TD} at (696,330) size 8x11 [bgcolor=#515C5B] [r=30 c=89 rs=1 cs=1]
              RenderInline {FONT} at (0,0) size 3x11
                RenderText {#text} at (0,0) size 3x11
                  text run at (0,0) width 3: " "
            RenderTableCell {TD} at (704,330) size 8x11 [bgcolor=#777878] [r=30 c=90 rs=1 cs=1]
              RenderInline {FONT} at (0,0) size 3x11
                RenderText {#text} at (0,0) size 3x11
                  text run at (0,0) width 3: " "
            RenderTableCell {TD} at (712,330) size 8x11 [bgcolor=#939494] [r=30 c=91 rs=1 cs=1]
              RenderInline {FONT} at (0,0) size 3x11
                RenderText {#text} at (0,0) size 3x11
                  text run at (0,0) width 3: " "
            RenderTableCell {TD} at (720,330) size 8x11 [bgcolor=#A5A6A6] [r=30 c=92 rs=1 cs=1]
              RenderInline {FONT} at (0,0) size 3x11
                RenderText {#text} at (0,0) size 3x11
                  text run at (0,0) width 3: " "
            RenderTableCell {TD} at (728,330) size 8x11 [bgcolor=#CECFCF] [r=30 c=93 rs=1 cs=1]
              RenderInline {FONT} at (0,0) size 3x11
                RenderText {#text} at (0,0) size 3x11
                  text run at (0,0) width 3: " "
            RenderTableCell {TD} at (736,330) size 8x11 [bgcolor=#E0EAE9] [r=30 c=94 rs=1 cs=1]
              RenderInline {FONT} at (0,0) size 3x11
                RenderText {#text} at (0,0) size 3x11
                  text run at (0,0) width 3: " "
            RenderTableCell {TD} at (744,330) size 8x11 [bgcolor=#FDFDFB] [r=30 c=95 rs=1 cs=1]
              RenderInline {FONT} at (0,0) size 3x11
                RenderText {#text} at (0,0) size 3x11
                  text run at (0,0) width 3: " "
            RenderTableCell {TD} at (752,330) size 8x11 [bgcolor=#FDFDFB] [r=30 c=96 rs=1 cs=1]
              RenderInline {FONT} at (0,0) size 3x11
                RenderText {#text} at (0,0) size 3x11
                  text run at (0,0) width 3: " "
            RenderTableCell {TD} at (760,330) size 8x11 [bgcolor=#FDFDFB] [r=30 c=97 rs=1 cs=1]
              RenderInline {FONT} at (0,0) size 3x11
                RenderText {#text} at (0,0) size 3x11
                  text run at (0,0) width 3: " "
            RenderTableCell {TD} at (768,330) size 8x11 [bgcolor=#FDFDFB] [r=30 c=98 rs=1 cs=1]
              RenderInline {FONT} at (0,0) size 3x11
                RenderText {#text} at (0,0) size 3x11
                  text run at (0,0) width 3: " "
            RenderTableCell {TD} at (776,330) size 8x11 [bgcolor=#FDFDFB] [r=30 c=99 rs=1 cs=1]
              RenderInline {FONT} at (0,0) size 3x11
                RenderText {#text} at (0,0) size 3x11
                  text run at (0,0) width 3: " "
          RenderTableRow {TR} at (0,341) size 784x11
            RenderTableCell {TD} at (0,341) size 7x11 [bgcolor=#FDFDFB] [r=31 c=0 rs=1 cs=1]
              RenderInline {FONT} at (0,0) size 3x11
                RenderText {#text} at (0,0) size 3x11
                  text run at (0,0) width 3: " "
            RenderTableCell {TD} at (7,341) size 7x11 [bgcolor=#FDFDFB] [r=31 c=1 rs=1 cs=1]
              RenderInline {FONT} at (0,0) size 3x11
                RenderText {#text} at (0,0) size 3x11
                  text run at (0,0) width 3: " "
            RenderTableCell {TD} at (14,341) size 7x11 [bgcolor=#FDFDFB] [r=31 c=2 rs=1 cs=1]
              RenderInline {FONT} at (0,0) size 3x11
                RenderText {#text} at (0,0) size 3x11
                  text run at (0,0) width 3: " "
            RenderTableCell {TD} at (21,341) size 7x11 [bgcolor=#FDFDFB] [r=31 c=3 rs=1 cs=1]
              RenderInline {FONT} at (0,0) size 3x11
                RenderText {#text} at (0,0) size 3x11
                  text run at (0,0) width 3: " "
            RenderTableCell {TD} at (28,341) size 7x11 [bgcolor=#FDFDFB] [r=31 c=4 rs=1 cs=1]
              RenderInline {FONT} at (0,0) size 3x11
                RenderText {#text} at (0,0) size 3x11
                  text run at (0,0) width 3: " "
            RenderTableCell {TD} at (35,341) size 7x11 [bgcolor=#FDFDFB] [r=31 c=5 rs=1 cs=1]
              RenderInline {FONT} at (0,0) size 3x11
                RenderText {#text} at (0,0) size 3x11
                  text run at (0,0) width 3: " "
            RenderTableCell {TD} at (42,341) size 7x11 [bgcolor=#FDFDFB] [r=31 c=6 rs=1 cs=1]
              RenderInline {FONT} at (0,0) size 3x11
                RenderText {#text} at (0,0) size 3x11
                  text run at (0,0) width 3: " "
            RenderTableCell {TD} at (49,341) size 7x11 [bgcolor=#FDFDFB] [r=31 c=7 rs=1 cs=1]
              RenderInline {FONT} at (0,0) size 3x11
                RenderText {#text} at (0,0) size 3x11
                  text run at (0,0) width 3: " "
            RenderTableCell {TD} at (56,341) size 7x11 [bgcolor=#FDFDFB] [r=31 c=8 rs=1 cs=1]
              RenderInline {FONT} at (0,0) size 3x11
                RenderText {#text} at (0,0) size 3x11
                  text run at (0,0) width 3: " "
            RenderTableCell {TD} at (63,341) size 7x11 [bgcolor=#FDFDFB] [r=31 c=9 rs=1 cs=1]
              RenderInline {FONT} at (0,0) size 3x11
                RenderText {#text} at (0,0) size 3x11
                  text run at (0,0) width 3: " "
            RenderTableCell {TD} at (70,341) size 7x11 [bgcolor=#FDFDFB] [r=31 c=10 rs=1 cs=1]
              RenderInline {FONT} at (0,0) size 3x11
                RenderText {#text} at (0,0) size 3x11
                  text run at (0,0) width 3: " "
            RenderTableCell {TD} at (77,341) size 7x11 [bgcolor=#FDFDFB] [r=31 c=11 rs=1 cs=1]
              RenderInline {FONT} at (0,0) size 3x11
                RenderText {#text} at (0,0) size 3x11
                  text run at (0,0) width 3: " "
            RenderTableCell {TD} at (84,341) size 7x11 [bgcolor=#FDFDFB] [r=31 c=12 rs=1 cs=1]
              RenderInline {FONT} at (0,0) size 3x11
                RenderText {#text} at (0,0) size 3x11
                  text run at (0,0) width 3: " "
            RenderTableCell {TD} at (91,341) size 7x11 [bgcolor=#FDFDFB] [r=31 c=13 rs=1 cs=1]
              RenderInline {FONT} at (0,0) size 3x11
                RenderText {#text} at (0,0) size 3x11
                  text run at (0,0) width 3: " "
            RenderTableCell {TD} at (98,341) size 7x11 [bgcolor=#FDFDFB] [r=31 c=14 rs=1 cs=1]
              RenderInline {FONT} at (0,0) size 3x11
                RenderText {#text} at (0,0) size 3x11
                  text run at (0,0) width 3: " "
            RenderTableCell {TD} at (105,341) size 7x11 [bgcolor=#FDFDFB] [r=31 c=15 rs=1 cs=1]
              RenderInline {FONT} at (0,0) size 3x11
                RenderText {#text} at (0,0) size 3x11
                  text run at (0,0) width 3: " "
            RenderTableCell {TD} at (112,341) size 8x11 [bgcolor=#FDFDFB] [r=31 c=16 rs=1 cs=1]
              RenderInline {FONT} at (0,0) size 3x11
                RenderText {#text} at (0,0) size 3x11
                  text run at (0,0) width 3: " "
            RenderTableCell {TD} at (120,341) size 8x11 [bgcolor=#FDFDFB] [r=31 c=17 rs=1 cs=1]
              RenderInline {FONT} at (0,0) size 3x11
                RenderText {#text} at (0,0) size 3x11
                  text run at (0,0) width 3: " "
            RenderTableCell {TD} at (128,341) size 8x11 [bgcolor=#FDFDFB] [r=31 c=18 rs=1 cs=1]
              RenderInline {FONT} at (0,0) size 3x11
                RenderText {#text} at (0,0) size 3x11
                  text run at (0,0) width 3: " "
            RenderTableCell {TD} at (136,341) size 8x11 [bgcolor=#FDFDFB] [r=31 c=19 rs=1 cs=1]
              RenderInline {FONT} at (0,0) size 3x11
                RenderText {#text} at (0,0) size 3x11
                  text run at (0,0) width 3: " "
            RenderTableCell {TD} at (144,341) size 8x11 [bgcolor=#FDFDFB] [r=31 c=20 rs=1 cs=1]
              RenderInline {FONT} at (0,0) size 3x11
                RenderText {#text} at (0,0) size 3x11
                  text run at (0,0) width 3: " "
            RenderTableCell {TD} at (152,341) size 8x11 [bgcolor=#FDFDFB] [r=31 c=21 rs=1 cs=1]
              RenderInline {FONT} at (0,0) size 3x11
                RenderText {#text} at (0,0) size 3x11
                  text run at (0,0) width 3: " "
            RenderTableCell {TD} at (160,341) size 8x11 [bgcolor=#FDFDFB] [r=31 c=22 rs=1 cs=1]
              RenderInline {FONT} at (0,0) size 3x11
                RenderText {#text} at (0,0) size 3x11
                  text run at (0,0) width 3: " "
            RenderTableCell {TD} at (168,341) size 8x11 [bgcolor=#FDFDFB] [r=31 c=23 rs=1 cs=1]
              RenderInline {FONT} at (0,0) size 3x11
                RenderText {#text} at (0,0) size 3x11
                  text run at (0,0) width 3: " "
            RenderTableCell {TD} at (176,341) size 8x11 [bgcolor=#FDFDFB] [r=31 c=24 rs=1 cs=1]
              RenderInline {FONT} at (0,0) size 3x11
                RenderText {#text} at (0,0) size 3x11
                  text run at (0,0) width 3: " "
            RenderTableCell {TD} at (184,341) size 8x11 [bgcolor=#FDFDFB] [r=31 c=25 rs=1 cs=1]
              RenderInline {FONT} at (0,0) size 3x11
                RenderText {#text} at (0,0) size 3x11
                  text run at (0,0) width 3: " "
            RenderTableCell {TD} at (192,341) size 8x11 [bgcolor=#FDFDFB] [r=31 c=26 rs=1 cs=1]
              RenderInline {FONT} at (0,0) size 3x11
                RenderText {#text} at (0,0) size 3x11
                  text run at (0,0) width 3: " "
            RenderTableCell {TD} at (200,341) size 8x11 [bgcolor=#FDFDFB] [r=31 c=27 rs=1 cs=1]
              RenderInline {FONT} at (0,0) size 3x11
                RenderText {#text} at (0,0) size 3x11
                  text run at (0,0) width 3: " "
            RenderTableCell {TD} at (208,341) size 8x11 [bgcolor=#FDFDFB] [r=31 c=28 rs=1 cs=1]
              RenderInline {FONT} at (0,0) size 3x11
                RenderText {#text} at (0,0) size 3x11
                  text run at (0,0) width 3: " "
            RenderTableCell {TD} at (216,341) size 8x11 [bgcolor=#FDFDFB] [r=31 c=29 rs=1 cs=1]
              RenderInline {FONT} at (0,0) size 3x11
                RenderText {#text} at (0,0) size 3x11
                  text run at (0,0) width 3: " "
            RenderTableCell {TD} at (224,341) size 8x11 [bgcolor=#FDFDFB] [r=31 c=30 rs=1 cs=1]
              RenderInline {FONT} at (0,0) size 3x11
                RenderText {#text} at (0,0) size 3x11
                  text run at (0,0) width 3: " "
            RenderTableCell {TD} at (232,341) size 8x11 [bgcolor=#FDFDFB] [r=31 c=31 rs=1 cs=1]
              RenderInline {FONT} at (0,0) size 3x11
                RenderText {#text} at (0,0) size 3x11
                  text run at (0,0) width 3: " "
            RenderTableCell {TD} at (240,341) size 8x11 [bgcolor=#FDFDFB] [r=31 c=32 rs=1 cs=1]
              RenderInline {FONT} at (0,0) size 3x11
                RenderText {#text} at (0,0) size 3x11
                  text run at (0,0) width 3: " "
            RenderTableCell {TD} at (248,341) size 8x11 [bgcolor=#FDFDFB] [r=31 c=33 rs=1 cs=1]
              RenderInline {FONT} at (0,0) size 3x11
                RenderText {#text} at (0,0) size 3x11
                  text run at (0,0) width 3: " "
            RenderTableCell {TD} at (256,341) size 8x11 [bgcolor=#FDFDFB] [r=31 c=34 rs=1 cs=1]
              RenderInline {FONT} at (0,0) size 3x11
                RenderText {#text} at (0,0) size 3x11
                  text run at (0,0) width 3: " "
            RenderTableCell {TD} at (264,341) size 8x11 [bgcolor=#FDFDFB] [r=31 c=35 rs=1 cs=1]
              RenderInline {FONT} at (0,0) size 3x11
                RenderText {#text} at (0,0) size 3x11
                  text run at (0,0) width 3: " "
            RenderTableCell {TD} at (272,341) size 8x11 [bgcolor=#FDFDFB] [r=31 c=36 rs=1 cs=1]
              RenderInline {FONT} at (0,0) size 3x11
                RenderText {#text} at (0,0) size 3x11
                  text run at (0,0) width 3: " "
            RenderTableCell {TD} at (280,341) size 8x11 [bgcolor=#FDFDFB] [r=31 c=37 rs=1 cs=1]
              RenderInline {FONT} at (0,0) size 3x11
                RenderText {#text} at (0,0) size 3x11
                  text run at (0,0) width 3: " "
            RenderTableCell {TD} at (288,341) size 8x11 [bgcolor=#FDFDFB] [r=31 c=38 rs=1 cs=1]
              RenderInline {FONT} at (0,0) size 3x11
                RenderText {#text} at (0,0) size 3x11
                  text run at (0,0) width 3: " "
            RenderTableCell {TD} at (296,341) size 8x11 [bgcolor=#FDFDFB] [r=31 c=39 rs=1 cs=1]
              RenderInline {FONT} at (0,0) size 3x11
                RenderText {#text} at (0,0) size 3x11
                  text run at (0,0) width 3: " "
            RenderTableCell {TD} at (304,341) size 8x11 [bgcolor=#FDFDFB] [r=31 c=40 rs=1 cs=1]
              RenderInline {FONT} at (0,0) size 3x11
                RenderText {#text} at (0,0) size 3x11
                  text run at (0,0) width 3: " "
            RenderTableCell {TD} at (312,341) size 8x11 [bgcolor=#FDFDFB] [r=31 c=41 rs=1 cs=1]
              RenderInline {FONT} at (0,0) size 3x11
                RenderText {#text} at (0,0) size 3x11
                  text run at (0,0) width 3: " "
            RenderTableCell {TD} at (320,341) size 8x11 [bgcolor=#FDFDFB] [r=31 c=42 rs=1 cs=1]
              RenderInline {FONT} at (0,0) size 3x11
                RenderText {#text} at (0,0) size 3x11
                  text run at (0,0) width 3: " "
            RenderTableCell {TD} at (328,341) size 8x11 [bgcolor=#FDFDFB] [r=31 c=43 rs=1 cs=1]
              RenderInline {FONT} at (0,0) size 3x11
                RenderText {#text} at (0,0) size 3x11
                  text run at (0,0) width 3: " "
            RenderTableCell {TD} at (336,341) size 8x11 [bgcolor=#FDFDFB] [r=31 c=44 rs=1 cs=1]
              RenderInline {FONT} at (0,0) size 3x11
                RenderText {#text} at (0,0) size 3x11
                  text run at (0,0) width 3: " "
            RenderTableCell {TD} at (344,341) size 8x11 [bgcolor=#FDFDFB] [r=31 c=45 rs=1 cs=1]
              RenderInline {FONT} at (0,0) size 3x11
                RenderText {#text} at (0,0) size 3x11
                  text run at (0,0) width 3: " "
            RenderTableCell {TD} at (352,341) size 8x11 [bgcolor=#FDFDFB] [r=31 c=46 rs=1 cs=1]
              RenderInline {FONT} at (0,0) size 3x11
                RenderText {#text} at (0,0) size 3x11
                  text run at (0,0) width 3: " "
            RenderTableCell {TD} at (360,341) size 8x11 [bgcolor=#FDFDFB] [r=31 c=47 rs=1 cs=1]
              RenderInline {FONT} at (0,0) size 3x11
                RenderText {#text} at (0,0) size 3x11
                  text run at (0,0) width 3: " "
            RenderTableCell {TD} at (368,341) size 8x11 [bgcolor=#FDFDFB] [r=31 c=48 rs=1 cs=1]
              RenderInline {FONT} at (0,0) size 3x11
                RenderText {#text} at (0,0) size 3x11
                  text run at (0,0) width 3: " "
            RenderTableCell {TD} at (376,341) size 8x11 [bgcolor=#FDFDFB] [r=31 c=49 rs=1 cs=1]
              RenderInline {FONT} at (0,0) size 3x11
                RenderText {#text} at (0,0) size 3x11
                  text run at (0,0) width 3: " "
            RenderTableCell {TD} at (384,341) size 8x11 [bgcolor=#FDFDFB] [r=31 c=50 rs=1 cs=1]
              RenderInline {FONT} at (0,0) size 3x11
                RenderText {#text} at (0,0) size 3x11
                  text run at (0,0) width 3: " "
            RenderTableCell {TD} at (392,341) size 8x11 [bgcolor=#FDFDFB] [r=31 c=51 rs=1 cs=1]
              RenderInline {FONT} at (0,0) size 3x11
                RenderText {#text} at (0,0) size 3x11
                  text run at (0,0) width 3: " "
            RenderTableCell {TD} at (400,341) size 8x11 [bgcolor=#FDFDFB] [r=31 c=52 rs=1 cs=1]
              RenderInline {FONT} at (0,0) size 3x11
                RenderText {#text} at (0,0) size 3x11
                  text run at (0,0) width 3: " "
            RenderTableCell {TD} at (408,341) size 8x11 [bgcolor=#FDFDFB] [r=31 c=53 rs=1 cs=1]
              RenderInline {FONT} at (0,0) size 3x11
                RenderText {#text} at (0,0) size 3x11
                  text run at (0,0) width 3: " "
            RenderTableCell {TD} at (416,341) size 8x11 [bgcolor=#FDFDFB] [r=31 c=54 rs=1 cs=1]
              RenderInline {FONT} at (0,0) size 3x11
                RenderText {#text} at (0,0) size 3x11
                  text run at (0,0) width 3: " "
            RenderTableCell {TD} at (424,341) size 8x11 [bgcolor=#FDFDFB] [r=31 c=55 rs=1 cs=1]
              RenderInline {FONT} at (0,0) size 3x11
                RenderText {#text} at (0,0) size 3x11
                  text run at (0,0) width 3: " "
            RenderTableCell {TD} at (432,341) size 8x11 [bgcolor=#FDFDFB] [r=31 c=56 rs=1 cs=1]
              RenderInline {FONT} at (0,0) size 3x11
                RenderText {#text} at (0,0) size 3x11
                  text run at (0,0) width 3: " "
            RenderTableCell {TD} at (440,341) size 8x11 [bgcolor=#FDFDFB] [r=31 c=57 rs=1 cs=1]
              RenderInline {FONT} at (0,0) size 3x11
                RenderText {#text} at (0,0) size 3x11
                  text run at (0,0) width 3: " "
            RenderTableCell {TD} at (448,341) size 8x11 [bgcolor=#FDFDFB] [r=31 c=58 rs=1 cs=1]
              RenderInline {FONT} at (0,0) size 3x11
                RenderText {#text} at (0,0) size 3x11
                  text run at (0,0) width 3: " "
            RenderTableCell {TD} at (456,341) size 8x11 [bgcolor=#FDFDFB] [r=31 c=59 rs=1 cs=1]
              RenderInline {FONT} at (0,0) size 3x11
                RenderText {#text} at (0,0) size 3x11
                  text run at (0,0) width 3: " "
            RenderTableCell {TD} at (464,341) size 8x11 [bgcolor=#FDFDFB] [r=31 c=60 rs=1 cs=1]
              RenderInline {FONT} at (0,0) size 3x11
                RenderText {#text} at (0,0) size 3x11
                  text run at (0,0) width 3: " "
            RenderTableCell {TD} at (472,341) size 8x11 [bgcolor=#FDFDFB] [r=31 c=61 rs=1 cs=1]
              RenderInline {FONT} at (0,0) size 3x11
                RenderText {#text} at (0,0) size 3x11
                  text run at (0,0) width 3: " "
            RenderTableCell {TD} at (480,341) size 8x11 [bgcolor=#FDFDFB] [r=31 c=62 rs=1 cs=1]
              RenderInline {FONT} at (0,0) size 3x11
                RenderText {#text} at (0,0) size 3x11
                  text run at (0,0) width 3: " "
            RenderTableCell {TD} at (488,341) size 8x11 [bgcolor=#FDFDFB] [r=31 c=63 rs=1 cs=1]
              RenderInline {FONT} at (0,0) size 3x11
                RenderText {#text} at (0,0) size 3x11
                  text run at (0,0) width 3: " "
            RenderTableCell {TD} at (496,341) size 8x11 [bgcolor=#FDFDFB] [r=31 c=64 rs=1 cs=1]
              RenderInline {FONT} at (0,0) size 3x11
                RenderText {#text} at (0,0) size 3x11
                  text run at (0,0) width 3: " "
            RenderTableCell {TD} at (504,341) size 8x11 [bgcolor=#EDEEEF] [r=31 c=65 rs=1 cs=1]
              RenderInline {FONT} at (0,0) size 3x11
                RenderText {#text} at (0,0) size 3x11
                  text run at (0,0) width 3: " "
            RenderTableCell {TD} at (512,341) size 8x11 [bgcolor=#DEDFDF] [r=31 c=66 rs=1 cs=1]
              RenderInline {FONT} at (0,0) size 3x11
                RenderText {#text} at (0,0) size 3x11
                  text run at (0,0) width 3: " "
            RenderTableCell {TD} at (520,341) size 8x11 [bgcolor=#B4B4B4] [r=31 c=67 rs=1 cs=1]
              RenderInline {FONT} at (0,0) size 3x11
                RenderText {#text} at (0,0) size 3x11
                  text run at (0,0) width 3: " "
            RenderTableCell {TD} at (528,341) size 8x11 [bgcolor=#91A3A3] [r=31 c=68 rs=1 cs=1]
              RenderInline {FONT} at (0,0) size 3x11
                RenderText {#text} at (0,0) size 3x11
                  text run at (0,0) width 3: " "
            RenderTableCell {TD} at (536,341) size 8x11 [bgcolor=#848788] [r=31 c=69 rs=1 cs=1]
              RenderInline {FONT} at (0,0) size 3x11
                RenderText {#text} at (0,0) size 3x11
                  text run at (0,0) width 3: " "
            RenderTableCell {TD} at (544,341) size 8x11 [bgcolor=#647979] [r=31 c=70 rs=1 cs=1]
              RenderInline {FONT} at (0,0) size 3x11
                RenderText {#text} at (0,0) size 3x11
                  text run at (0,0) width 3: " "
            RenderTableCell {TD} at (552,341) size 8x11 [bgcolor=#515C5B] [r=31 c=71 rs=1 cs=1]
              RenderInline {FONT} at (0,0) size 3x11
                RenderText {#text} at (0,0) size 3x11
                  text run at (0,0) width 3: " "
            RenderTableCell {TD} at (560,341) size 8x11 [bgcolor=#425A5A] [r=31 c=72 rs=1 cs=1]
              RenderInline {FONT} at (0,0) size 3x11
                RenderText {#text} at (0,0) size 3x11
                  text run at (0,0) width 3: " "
            RenderTableCell {TD} at (568,341) size 8x11 [bgcolor=#344C4E] [r=31 c=73 rs=1 cs=1]
              RenderInline {FONT} at (0,0) size 3x11
                RenderText {#text} at (0,0) size 3x11
                  text run at (0,0) width 3: " "
            RenderTableCell {TD} at (576,341) size 8x11 [bgcolor=#344C4E] [r=31 c=74 rs=1 cs=1]
              RenderInline {FONT} at (0,0) size 3x11
                RenderText {#text} at (0,0) size 3x11
                  text run at (0,0) width 3: " "
            RenderTableCell {TD} at (584,341) size 8x11 [bgcolor=#344C4E] [r=31 c=75 rs=1 cs=1]
              RenderInline {FONT} at (0,0) size 3x11
                RenderText {#text} at (0,0) size 3x11
                  text run at (0,0) width 3: " "
            RenderTableCell {TD} at (592,341) size 8x11 [bgcolor=#274C4D] [r=31 c=76 rs=1 cs=1]
              RenderInline {FONT} at (0,0) size 3x11
                RenderText {#text} at (0,0) size 3x11
                  text run at (0,0) width 3: " "
            RenderTableCell {TD} at (600,341) size 8x11 [bgcolor=#274C4D] [r=31 c=77 rs=1 cs=1]
              RenderInline {FONT} at (0,0) size 3x11
                RenderText {#text} at (0,0) size 3x11
                  text run at (0,0) width 3: " "
            RenderTableCell {TD} at (608,341) size 8x11 [bgcolor=#223C3D] [r=31 c=78 rs=1 cs=1]
              RenderInline {FONT} at (0,0) size 3x11
                RenderText {#text} at (0,0) size 3x11
                  text run at (0,0) width 3: " "
            RenderTableCell {TD} at (616,341) size 8x11 [bgcolor=#274C4D] [r=31 c=79 rs=1 cs=1]
              RenderInline {FONT} at (0,0) size 3x11
                RenderText {#text} at (0,0) size 3x11
                  text run at (0,0) width 3: " "
            RenderTableCell {TD} at (624,341) size 8x11 [bgcolor=#274C4D] [r=31 c=80 rs=1 cs=1]
              RenderInline {FONT} at (0,0) size 3x11
                RenderText {#text} at (0,0) size 3x11
                  text run at (0,0) width 3: " "
            RenderTableCell {TD} at (632,341) size 8x11 [bgcolor=#274C4D] [r=31 c=81 rs=1 cs=1]
              RenderInline {FONT} at (0,0) size 3x11
                RenderText {#text} at (0,0) size 3x11
                  text run at (0,0) width 3: " "
            RenderTableCell {TD} at (640,341) size 8x11 [bgcolor=#344C4E] [r=31 c=82 rs=1 cs=1]
              RenderInline {FONT} at (0,0) size 3x11
                RenderText {#text} at (0,0) size 3x11
                  text run at (0,0) width 3: " "
            RenderTableCell {TD} at (648,341) size 8x11 [bgcolor=#344C4E] [r=31 c=83 rs=1 cs=1]
              RenderInline {FONT} at (0,0) size 3x11
                RenderText {#text} at (0,0) size 3x11
                  text run at (0,0) width 3: " "
            RenderTableCell {TD} at (656,341) size 8x11 [bgcolor=#344C4E] [r=31 c=84 rs=1 cs=1]
              RenderInline {FONT} at (0,0) size 3x11
                RenderText {#text} at (0,0) size 3x11
                  text run at (0,0) width 3: " "
            RenderTableCell {TD} at (664,341) size 8x11 [bgcolor=#5E5F60] [r=31 c=85 rs=1 cs=1]
              RenderInline {FONT} at (0,0) size 3x11
                RenderText {#text} at (0,0) size 3x11
                  text run at (0,0) width 3: " "
            RenderTableCell {TD} at (672,341) size 8x11 [bgcolor=#777878] [r=31 c=86 rs=1 cs=1]
              RenderInline {FONT} at (0,0) size 3x11
                RenderText {#text} at (0,0) size 3x11
                  text run at (0,0) width 3: " "
            RenderTableCell {TD} at (680,341) size 8x11 [bgcolor=#848788] [r=31 c=87 rs=1 cs=1]
              RenderInline {FONT} at (0,0) size 3x11
                RenderText {#text} at (0,0) size 3x11
                  text run at (0,0) width 3: " "
            RenderTableCell {TD} at (688,341) size 8x11 [bgcolor=#848788] [r=31 c=88 rs=1 cs=1]
              RenderInline {FONT} at (0,0) size 3x11
                RenderText {#text} at (0,0) size 3x11
                  text run at (0,0) width 3: " "
            RenderTableCell {TD} at (696,341) size 8x11 [bgcolor=#939494] [r=31 c=89 rs=1 cs=1]
              RenderInline {FONT} at (0,0) size 3x11
                RenderText {#text} at (0,0) size 3x11
                  text run at (0,0) width 3: " "
            RenderTableCell {TD} at (704,341) size 8x11 [bgcolor=#B4B4B4] [r=31 c=90 rs=1 cs=1]
              RenderInline {FONT} at (0,0) size 3x11
                RenderText {#text} at (0,0) size 3x11
                  text run at (0,0) width 3: " "
            RenderTableCell {TD} at (712,341) size 8x11 [bgcolor=#BEC2C2] [r=31 c=91 rs=1 cs=1]
              RenderInline {FONT} at (0,0) size 3x11
                RenderText {#text} at (0,0) size 3x11
                  text run at (0,0) width 3: " "
            RenderTableCell {TD} at (720,341) size 8x11 [bgcolor=#DEDFDF] [r=31 c=92 rs=1 cs=1]
              RenderInline {FONT} at (0,0) size 3x11
                RenderText {#text} at (0,0) size 3x11
                  text run at (0,0) width 3: " "
            RenderTableCell {TD} at (728,341) size 8x11 [bgcolor=#EDEEEF] [r=31 c=93 rs=1 cs=1]
              RenderInline {FONT} at (0,0) size 3x11
                RenderText {#text} at (0,0) size 3x11
                  text run at (0,0) width 3: " "
            RenderTableCell {TD} at (736,341) size 8x11 [bgcolor=#FDFDFB] [r=31 c=94 rs=1 cs=1]
              RenderInline {FONT} at (0,0) size 3x11
                RenderText {#text} at (0,0) size 3x11
                  text run at (0,0) width 3: " "
            RenderTableCell {TD} at (744,341) size 8x11 [bgcolor=#FDFDFB] [r=31 c=95 rs=1 cs=1]
              RenderInline {FONT} at (0,0) size 3x11
                RenderText {#text} at (0,0) size 3x11
                  text run at (0,0) width 3: " "
            RenderTableCell {TD} at (752,341) size 8x11 [bgcolor=#FDFDFB] [r=31 c=96 rs=1 cs=1]
              RenderInline {FONT} at (0,0) size 3x11
                RenderText {#text} at (0,0) size 3x11
                  text run at (0,0) width 3: " "
            RenderTableCell {TD} at (760,341) size 8x11 [bgcolor=#FDFDFB] [r=31 c=97 rs=1 cs=1]
              RenderInline {FONT} at (0,0) size 3x11
                RenderText {#text} at (0,0) size 3x11
                  text run at (0,0) width 3: " "
            RenderTableCell {TD} at (768,341) size 8x11 [bgcolor=#FDFDFB] [r=31 c=98 rs=1 cs=1]
              RenderInline {FONT} at (0,0) size 3x11
                RenderText {#text} at (0,0) size 3x11
                  text run at (0,0) width 3: " "
            RenderTableCell {TD} at (776,341) size 8x11 [bgcolor=#FDFDFB] [r=31 c=99 rs=1 cs=1]
              RenderInline {FONT} at (0,0) size 3x11
                RenderText {#text} at (0,0) size 3x11
                  text run at (0,0) width 3: " "
          RenderTableRow {TR} at (0,352) size 784x11
            RenderTableCell {TD} at (0,352) size 7x11 [bgcolor=#FDFDFB] [r=32 c=0 rs=1 cs=1]
              RenderInline {FONT} at (0,0) size 3x11
                RenderText {#text} at (0,0) size 3x11
                  text run at (0,0) width 3: " "
            RenderTableCell {TD} at (7,352) size 7x11 [bgcolor=#FDFDFB] [r=32 c=1 rs=1 cs=1]
              RenderInline {FONT} at (0,0) size 3x11
                RenderText {#text} at (0,0) size 3x11
                  text run at (0,0) width 3: " "
            RenderTableCell {TD} at (14,352) size 7x11 [bgcolor=#FDFDFB] [r=32 c=2 rs=1 cs=1]
              RenderInline {FONT} at (0,0) size 3x11
                RenderText {#text} at (0,0) size 3x11
                  text run at (0,0) width 3: " "
            RenderTableCell {TD} at (21,352) size 7x11 [bgcolor=#FDFDFB] [r=32 c=3 rs=1 cs=1]
              RenderInline {FONT} at (0,0) size 3x11
                RenderText {#text} at (0,0) size 3x11
                  text run at (0,0) width 3: " "
            RenderTableCell {TD} at (28,352) size 7x11 [bgcolor=#FDFDFB] [r=32 c=4 rs=1 cs=1]
              RenderInline {FONT} at (0,0) size 3x11
                RenderText {#text} at (0,0) size 3x11
                  text run at (0,0) width 3: " "
            RenderTableCell {TD} at (35,352) size 7x11 [bgcolor=#FDFDFB] [r=32 c=5 rs=1 cs=1]
              RenderInline {FONT} at (0,0) size 3x11
                RenderText {#text} at (0,0) size 3x11
                  text run at (0,0) width 3: " "
            RenderTableCell {TD} at (42,352) size 7x11 [bgcolor=#FDFDFB] [r=32 c=6 rs=1 cs=1]
              RenderInline {FONT} at (0,0) size 3x11
                RenderText {#text} at (0,0) size 3x11
                  text run at (0,0) width 3: " "
            RenderTableCell {TD} at (49,352) size 7x11 [bgcolor=#FDFDFB] [r=32 c=7 rs=1 cs=1]
              RenderInline {FONT} at (0,0) size 3x11
                RenderText {#text} at (0,0) size 3x11
                  text run at (0,0) width 3: " "
            RenderTableCell {TD} at (56,352) size 7x11 [bgcolor=#FDFDFB] [r=32 c=8 rs=1 cs=1]
              RenderInline {FONT} at (0,0) size 3x11
                RenderText {#text} at (0,0) size 3x11
                  text run at (0,0) width 3: " "
            RenderTableCell {TD} at (63,352) size 7x11 [bgcolor=#FDFDFB] [r=32 c=9 rs=1 cs=1]
              RenderInline {FONT} at (0,0) size 3x11
                RenderText {#text} at (0,0) size 3x11
                  text run at (0,0) width 3: " "
            RenderTableCell {TD} at (70,352) size 7x11 [bgcolor=#FDFDFB] [r=32 c=10 rs=1 cs=1]
              RenderInline {FONT} at (0,0) size 3x11
                RenderText {#text} at (0,0) size 3x11
                  text run at (0,0) width 3: " "
            RenderTableCell {TD} at (77,352) size 7x11 [bgcolor=#FDFDFB] [r=32 c=11 rs=1 cs=1]
              RenderInline {FONT} at (0,0) size 3x11
                RenderText {#text} at (0,0) size 3x11
                  text run at (0,0) width 3: " "
            RenderTableCell {TD} at (84,352) size 7x11 [bgcolor=#FDFDFB] [r=32 c=12 rs=1 cs=1]
              RenderInline {FONT} at (0,0) size 3x11
                RenderText {#text} at (0,0) size 3x11
                  text run at (0,0) width 3: " "
            RenderTableCell {TD} at (91,352) size 7x11 [bgcolor=#FDFDFB] [r=32 c=13 rs=1 cs=1]
              RenderInline {FONT} at (0,0) size 3x11
                RenderText {#text} at (0,0) size 3x11
                  text run at (0,0) width 3: " "
            RenderTableCell {TD} at (98,352) size 7x11 [bgcolor=#FDFDFB] [r=32 c=14 rs=1 cs=1]
              RenderInline {FONT} at (0,0) size 3x11
                RenderText {#text} at (0,0) size 3x11
                  text run at (0,0) width 3: " "
            RenderTableCell {TD} at (105,352) size 7x11 [bgcolor=#FDFDFB] [r=32 c=15 rs=1 cs=1]
              RenderInline {FONT} at (0,0) size 3x11
                RenderText {#text} at (0,0) size 3x11
                  text run at (0,0) width 3: " "
            RenderTableCell {TD} at (112,352) size 8x11 [bgcolor=#FDFDFB] [r=32 c=16 rs=1 cs=1]
              RenderInline {FONT} at (0,0) size 3x11
                RenderText {#text} at (0,0) size 3x11
                  text run at (0,0) width 3: " "
            RenderTableCell {TD} at (120,352) size 8x11 [bgcolor=#FDFDFB] [r=32 c=17 rs=1 cs=1]
              RenderInline {FONT} at (0,0) size 3x11
                RenderText {#text} at (0,0) size 3x11
                  text run at (0,0) width 3: " "
            RenderTableCell {TD} at (128,352) size 8x11 [bgcolor=#FDFDFB] [r=32 c=18 rs=1 cs=1]
              RenderInline {FONT} at (0,0) size 3x11
                RenderText {#text} at (0,0) size 3x11
                  text run at (0,0) width 3: " "
            RenderTableCell {TD} at (136,352) size 8x11 [bgcolor=#FDFDFB] [r=32 c=19 rs=1 cs=1]
              RenderInline {FONT} at (0,0) size 3x11
                RenderText {#text} at (0,0) size 3x11
                  text run at (0,0) width 3: " "
            RenderTableCell {TD} at (144,352) size 8x11 [bgcolor=#FDFDFB] [r=32 c=20 rs=1 cs=1]
              RenderInline {FONT} at (0,0) size 3x11
                RenderText {#text} at (0,0) size 3x11
                  text run at (0,0) width 3: " "
            RenderTableCell {TD} at (152,352) size 8x11 [bgcolor=#FDFDFB] [r=32 c=21 rs=1 cs=1]
              RenderInline {FONT} at (0,0) size 3x11
                RenderText {#text} at (0,0) size 3x11
                  text run at (0,0) width 3: " "
            RenderTableCell {TD} at (160,352) size 8x11 [bgcolor=#FDFDFB] [r=32 c=22 rs=1 cs=1]
              RenderInline {FONT} at (0,0) size 3x11
                RenderText {#text} at (0,0) size 3x11
                  text run at (0,0) width 3: " "
            RenderTableCell {TD} at (168,352) size 8x11 [bgcolor=#FDFDFB] [r=32 c=23 rs=1 cs=1]
              RenderInline {FONT} at (0,0) size 3x11
                RenderText {#text} at (0,0) size 3x11
                  text run at (0,0) width 3: " "
            RenderTableCell {TD} at (176,352) size 8x11 [bgcolor=#FDFDFB] [r=32 c=24 rs=1 cs=1]
              RenderInline {FONT} at (0,0) size 3x11
                RenderText {#text} at (0,0) size 3x11
                  text run at (0,0) width 3: " "
            RenderTableCell {TD} at (184,352) size 8x11 [bgcolor=#FDFDFB] [r=32 c=25 rs=1 cs=1]
              RenderInline {FONT} at (0,0) size 3x11
                RenderText {#text} at (0,0) size 3x11
                  text run at (0,0) width 3: " "
            RenderTableCell {TD} at (192,352) size 8x11 [bgcolor=#FDFDFB] [r=32 c=26 rs=1 cs=1]
              RenderInline {FONT} at (0,0) size 3x11
                RenderText {#text} at (0,0) size 3x11
                  text run at (0,0) width 3: " "
            RenderTableCell {TD} at (200,352) size 8x11 [bgcolor=#FDFDFB] [r=32 c=27 rs=1 cs=1]
              RenderInline {FONT} at (0,0) size 3x11
                RenderText {#text} at (0,0) size 3x11
                  text run at (0,0) width 3: " "
            RenderTableCell {TD} at (208,352) size 8x11 [bgcolor=#FDFDFB] [r=32 c=28 rs=1 cs=1]
              RenderInline {FONT} at (0,0) size 3x11
                RenderText {#text} at (0,0) size 3x11
                  text run at (0,0) width 3: " "
            RenderTableCell {TD} at (216,352) size 8x11 [bgcolor=#FDFDFB] [r=32 c=29 rs=1 cs=1]
              RenderInline {FONT} at (0,0) size 3x11
                RenderText {#text} at (0,0) size 3x11
                  text run at (0,0) width 3: " "
            RenderTableCell {TD} at (224,352) size 8x11 [bgcolor=#FDFDFB] [r=32 c=30 rs=1 cs=1]
              RenderInline {FONT} at (0,0) size 3x11
                RenderText {#text} at (0,0) size 3x11
                  text run at (0,0) width 3: " "
            RenderTableCell {TD} at (232,352) size 8x11 [bgcolor=#FDFDFB] [r=32 c=31 rs=1 cs=1]
              RenderInline {FONT} at (0,0) size 3x11
                RenderText {#text} at (0,0) size 3x11
                  text run at (0,0) width 3: " "
            RenderTableCell {TD} at (240,352) size 8x11 [bgcolor=#FDFDFB] [r=32 c=32 rs=1 cs=1]
              RenderInline {FONT} at (0,0) size 3x11
                RenderText {#text} at (0,0) size 3x11
                  text run at (0,0) width 3: " "
            RenderTableCell {TD} at (248,352) size 8x11 [bgcolor=#FDFDFB] [r=32 c=33 rs=1 cs=1]
              RenderInline {FONT} at (0,0) size 3x11
                RenderText {#text} at (0,0) size 3x11
                  text run at (0,0) width 3: " "
            RenderTableCell {TD} at (256,352) size 8x11 [bgcolor=#FDFDFB] [r=32 c=34 rs=1 cs=1]
              RenderInline {FONT} at (0,0) size 3x11
                RenderText {#text} at (0,0) size 3x11
                  text run at (0,0) width 3: " "
            RenderTableCell {TD} at (264,352) size 8x11 [bgcolor=#FDFDFB] [r=32 c=35 rs=1 cs=1]
              RenderInline {FONT} at (0,0) size 3x11
                RenderText {#text} at (0,0) size 3x11
                  text run at (0,0) width 3: " "
            RenderTableCell {TD} at (272,352) size 8x11 [bgcolor=#FDFDFB] [r=32 c=36 rs=1 cs=1]
              RenderInline {FONT} at (0,0) size 3x11
                RenderText {#text} at (0,0) size 3x11
                  text run at (0,0) width 3: " "
            RenderTableCell {TD} at (280,352) size 8x11 [bgcolor=#FDFDFB] [r=32 c=37 rs=1 cs=1]
              RenderInline {FONT} at (0,0) size 3x11
                RenderText {#text} at (0,0) size 3x11
                  text run at (0,0) width 3: " "
            RenderTableCell {TD} at (288,352) size 8x11 [bgcolor=#FDFDFB] [r=32 c=38 rs=1 cs=1]
              RenderInline {FONT} at (0,0) size 3x11
                RenderText {#text} at (0,0) size 3x11
                  text run at (0,0) width 3: " "
            RenderTableCell {TD} at (296,352) size 8x11 [bgcolor=#FDFDFB] [r=32 c=39 rs=1 cs=1]
              RenderInline {FONT} at (0,0) size 3x11
                RenderText {#text} at (0,0) size 3x11
                  text run at (0,0) width 3: " "
            RenderTableCell {TD} at (304,352) size 8x11 [bgcolor=#FDFDFB] [r=32 c=40 rs=1 cs=1]
              RenderInline {FONT} at (0,0) size 3x11
                RenderText {#text} at (0,0) size 3x11
                  text run at (0,0) width 3: " "
            RenderTableCell {TD} at (312,352) size 8x11 [bgcolor=#FDFDFB] [r=32 c=41 rs=1 cs=1]
              RenderInline {FONT} at (0,0) size 3x11
                RenderText {#text} at (0,0) size 3x11
                  text run at (0,0) width 3: " "
            RenderTableCell {TD} at (320,352) size 8x11 [bgcolor=#FDFDFB] [r=32 c=42 rs=1 cs=1]
              RenderInline {FONT} at (0,0) size 3x11
                RenderText {#text} at (0,0) size 3x11
                  text run at (0,0) width 3: " "
            RenderTableCell {TD} at (328,352) size 8x11 [bgcolor=#FDFDFB] [r=32 c=43 rs=1 cs=1]
              RenderInline {FONT} at (0,0) size 3x11
                RenderText {#text} at (0,0) size 3x11
                  text run at (0,0) width 3: " "
            RenderTableCell {TD} at (336,352) size 8x11 [bgcolor=#FDFDFB] [r=32 c=44 rs=1 cs=1]
              RenderInline {FONT} at (0,0) size 3x11
                RenderText {#text} at (0,0) size 3x11
                  text run at (0,0) width 3: " "
            RenderTableCell {TD} at (344,352) size 8x11 [bgcolor=#FDFDFB] [r=32 c=45 rs=1 cs=1]
              RenderInline {FONT} at (0,0) size 3x11
                RenderText {#text} at (0,0) size 3x11
                  text run at (0,0) width 3: " "
            RenderTableCell {TD} at (352,352) size 8x11 [bgcolor=#FDFDFB] [r=32 c=46 rs=1 cs=1]
              RenderInline {FONT} at (0,0) size 3x11
                RenderText {#text} at (0,0) size 3x11
                  text run at (0,0) width 3: " "
            RenderTableCell {TD} at (360,352) size 8x11 [bgcolor=#FDFDFB] [r=32 c=47 rs=1 cs=1]
              RenderInline {FONT} at (0,0) size 3x11
                RenderText {#text} at (0,0) size 3x11
                  text run at (0,0) width 3: " "
            RenderTableCell {TD} at (368,352) size 8x11 [bgcolor=#FDFDFB] [r=32 c=48 rs=1 cs=1]
              RenderInline {FONT} at (0,0) size 3x11
                RenderText {#text} at (0,0) size 3x11
                  text run at (0,0) width 3: " "
            RenderTableCell {TD} at (376,352) size 8x11 [bgcolor=#FDFDFB] [r=32 c=49 rs=1 cs=1]
              RenderInline {FONT} at (0,0) size 3x11
                RenderText {#text} at (0,0) size 3x11
                  text run at (0,0) width 3: " "
            RenderTableCell {TD} at (384,352) size 8x11 [bgcolor=#FDFDFB] [r=32 c=50 rs=1 cs=1]
              RenderInline {FONT} at (0,0) size 3x11
                RenderText {#text} at (0,0) size 3x11
                  text run at (0,0) width 3: " "
            RenderTableCell {TD} at (392,352) size 8x11 [bgcolor=#FDFDFB] [r=32 c=51 rs=1 cs=1]
              RenderInline {FONT} at (0,0) size 3x11
                RenderText {#text} at (0,0) size 3x11
                  text run at (0,0) width 3: " "
            RenderTableCell {TD} at (400,352) size 8x11 [bgcolor=#FDFDFB] [r=32 c=52 rs=1 cs=1]
              RenderInline {FONT} at (0,0) size 3x11
                RenderText {#text} at (0,0) size 3x11
                  text run at (0,0) width 3: " "
            RenderTableCell {TD} at (408,352) size 8x11 [bgcolor=#FDFDFB] [r=32 c=53 rs=1 cs=1]
              RenderInline {FONT} at (0,0) size 3x11
                RenderText {#text} at (0,0) size 3x11
                  text run at (0,0) width 3: " "
            RenderTableCell {TD} at (416,352) size 8x11 [bgcolor=#FDFDFB] [r=32 c=54 rs=1 cs=1]
              RenderInline {FONT} at (0,0) size 3x11
                RenderText {#text} at (0,0) size 3x11
                  text run at (0,0) width 3: " "
            RenderTableCell {TD} at (424,352) size 8x11 [bgcolor=#FDFDFB] [r=32 c=55 rs=1 cs=1]
              RenderInline {FONT} at (0,0) size 3x11
                RenderText {#text} at (0,0) size 3x11
                  text run at (0,0) width 3: " "
            RenderTableCell {TD} at (432,352) size 8x11 [bgcolor=#FDFDFB] [r=32 c=56 rs=1 cs=1]
              RenderInline {FONT} at (0,0) size 3x11
                RenderText {#text} at (0,0) size 3x11
                  text run at (0,0) width 3: " "
            RenderTableCell {TD} at (440,352) size 8x11 [bgcolor=#FDFDFB] [r=32 c=57 rs=1 cs=1]
              RenderInline {FONT} at (0,0) size 3x11
                RenderText {#text} at (0,0) size 3x11
                  text run at (0,0) width 3: " "
            RenderTableCell {TD} at (448,352) size 8x11 [bgcolor=#FDFDFB] [r=32 c=58 rs=1 cs=1]
              RenderInline {FONT} at (0,0) size 3x11
                RenderText {#text} at (0,0) size 3x11
                  text run at (0,0) width 3: " "
            RenderTableCell {TD} at (456,352) size 8x11 [bgcolor=#FDFDFB] [r=32 c=59 rs=1 cs=1]
              RenderInline {FONT} at (0,0) size 3x11
                RenderText {#text} at (0,0) size 3x11
                  text run at (0,0) width 3: " "
            RenderTableCell {TD} at (464,352) size 8x11 [bgcolor=#FDFDFB] [r=32 c=60 rs=1 cs=1]
              RenderInline {FONT} at (0,0) size 3x11
                RenderText {#text} at (0,0) size 3x11
                  text run at (0,0) width 3: " "
            RenderTableCell {TD} at (472,352) size 8x11 [bgcolor=#FDFDFB] [r=32 c=61 rs=1 cs=1]
              RenderInline {FONT} at (0,0) size 3x11
                RenderText {#text} at (0,0) size 3x11
                  text run at (0,0) width 3: " "
            RenderTableCell {TD} at (480,352) size 8x11 [bgcolor=#FDFDFB] [r=32 c=62 rs=1 cs=1]
              RenderInline {FONT} at (0,0) size 3x11
                RenderText {#text} at (0,0) size 3x11
                  text run at (0,0) width 3: " "
            RenderTableCell {TD} at (488,352) size 8x11 [bgcolor=#FDFDFB] [r=32 c=63 rs=1 cs=1]
              RenderInline {FONT} at (0,0) size 3x11
                RenderText {#text} at (0,0) size 3x11
                  text run at (0,0) width 3: " "
            RenderTableCell {TD} at (496,352) size 8x11 [bgcolor=#FDFDFB] [r=32 c=64 rs=1 cs=1]
              RenderInline {FONT} at (0,0) size 3x11
                RenderText {#text} at (0,0) size 3x11
                  text run at (0,0) width 3: " "
            RenderTableCell {TD} at (504,352) size 8x11 [bgcolor=#FDFDFB] [r=32 c=65 rs=1 cs=1]
              RenderInline {FONT} at (0,0) size 3x11
                RenderText {#text} at (0,0) size 3x11
                  text run at (0,0) width 3: " "
            RenderTableCell {TD} at (512,352) size 8x11 [bgcolor=#EDEEEF] [r=32 c=66 rs=1 cs=1]
              RenderInline {FONT} at (0,0) size 3x11
                RenderText {#text} at (0,0) size 3x11
                  text run at (0,0) width 3: " "
            RenderTableCell {TD} at (520,352) size 8x11 [bgcolor=#DEDFDF] [r=32 c=67 rs=1 cs=1]
              RenderInline {FONT} at (0,0) size 3x11
                RenderText {#text} at (0,0) size 3x11
                  text run at (0,0) width 3: " "
            RenderTableCell {TD} at (528,352) size 8x11 [bgcolor=#CECFCF] [r=32 c=68 rs=1 cs=1]
              RenderInline {FONT} at (0,0) size 3x11
                RenderText {#text} at (0,0) size 3x11
                  text run at (0,0) width 3: " "
            RenderTableCell {TD} at (536,352) size 8x11 [bgcolor=#BEC2C2] [r=32 c=69 rs=1 cs=1]
              RenderInline {FONT} at (0,0) size 3x11
                RenderText {#text} at (0,0) size 3x11
                  text run at (0,0) width 3: " "
            RenderTableCell {TD} at (544,352) size 8x11 [bgcolor=#B4B4B4] [r=32 c=70 rs=1 cs=1]
              RenderInline {FONT} at (0,0) size 3x11
                RenderText {#text} at (0,0) size 3x11
                  text run at (0,0) width 3: " "
            RenderTableCell {TD} at (552,352) size 8x11 [bgcolor=#B4B4B4] [r=32 c=71 rs=1 cs=1]
              RenderInline {FONT} at (0,0) size 3x11
                RenderText {#text} at (0,0) size 3x11
                  text run at (0,0) width 3: " "
            RenderTableCell {TD} at (560,352) size 8x11 [bgcolor=#A5A6A6] [r=32 c=72 rs=1 cs=1]
              RenderInline {FONT} at (0,0) size 3x11
                RenderText {#text} at (0,0) size 3x11
                  text run at (0,0) width 3: " "
            RenderTableCell {TD} at (568,352) size 8x11 [bgcolor=#91A3A3] [r=32 c=73 rs=1 cs=1]
              RenderInline {FONT} at (0,0) size 3x11
                RenderText {#text} at (0,0) size 3x11
                  text run at (0,0) width 3: " "
            RenderTableCell {TD} at (576,352) size 8x11 [bgcolor=#939494] [r=32 c=74 rs=1 cs=1]
              RenderInline {FONT} at (0,0) size 3x11
                RenderText {#text} at (0,0) size 3x11
                  text run at (0,0) width 3: " "
            RenderTableCell {TD} at (584,352) size 8x11 [bgcolor=#939494] [r=32 c=75 rs=1 cs=1]
              RenderInline {FONT} at (0,0) size 3x11
                RenderText {#text} at (0,0) size 3x11
                  text run at (0,0) width 3: " "
            RenderTableCell {TD} at (592,352) size 8x11 [bgcolor=#939494] [r=32 c=76 rs=1 cs=1]
              RenderInline {FONT} at (0,0) size 3x11
                RenderText {#text} at (0,0) size 3x11
                  text run at (0,0) width 3: " "
            RenderTableCell {TD} at (600,352) size 8x11 [bgcolor=#939494] [r=32 c=77 rs=1 cs=1]
              RenderInline {FONT} at (0,0) size 3x11
                RenderText {#text} at (0,0) size 3x11
                  text run at (0,0) width 3: " "
            RenderTableCell {TD} at (608,352) size 8x11 [bgcolor=#848788] [r=32 c=78 rs=1 cs=1]
              RenderInline {FONT} at (0,0) size 3x11
                RenderText {#text} at (0,0) size 3x11
                  text run at (0,0) width 3: " "
            RenderTableCell {TD} at (616,352) size 8x11 [bgcolor=#939494] [r=32 c=79 rs=1 cs=1]
              RenderInline {FONT} at (0,0) size 3x11
                RenderText {#text} at (0,0) size 3x11
                  text run at (0,0) width 3: " "
            RenderTableCell {TD} at (624,352) size 8x11 [bgcolor=#939494] [r=32 c=80 rs=1 cs=1]
              RenderInline {FONT} at (0,0) size 3x11
                RenderText {#text} at (0,0) size 3x11
                  text run at (0,0) width 3: " "
            RenderTableCell {TD} at (632,352) size 8x11 [bgcolor=#939494] [r=32 c=81 rs=1 cs=1]
              RenderInline {FONT} at (0,0) size 3x11
                RenderText {#text} at (0,0) size 3x11
                  text run at (0,0) width 3: " "
            RenderTableCell {TD} at (640,352) size 8x11 [bgcolor=#939494] [r=32 c=82 rs=1 cs=1]
              RenderInline {FONT} at (0,0) size 3x11
                RenderText {#text} at (0,0) size 3x11
                  text run at (0,0) width 3: " "
            RenderTableCell {TD} at (648,352) size 8x11 [bgcolor=#939494] [r=32 c=83 rs=1 cs=1]
              RenderInline {FONT} at (0,0) size 3x11
                RenderText {#text} at (0,0) size 3x11
                  text run at (0,0) width 3: " "
            RenderTableCell {TD} at (656,352) size 8x11 [bgcolor=#939494] [r=32 c=84 rs=1 cs=1]
              RenderInline {FONT} at (0,0) size 3x11
                RenderText {#text} at (0,0) size 3x11
                  text run at (0,0) width 3: " "
            RenderTableCell {TD} at (664,352) size 8x11 [bgcolor=#A5A6A6] [r=32 c=85 rs=1 cs=1]
              RenderInline {FONT} at (0,0) size 3x11
                RenderText {#text} at (0,0) size 3x11
                  text run at (0,0) width 3: " "
            RenderTableCell {TD} at (672,352) size 8x11 [bgcolor=#A5A6A6] [r=32 c=86 rs=1 cs=1]
              RenderInline {FONT} at (0,0) size 3x11
                RenderText {#text} at (0,0) size 3x11
                  text run at (0,0) width 3: " "
            RenderTableCell {TD} at (680,352) size 8x11 [bgcolor=#B4B4B4] [r=32 c=87 rs=1 cs=1]
              RenderInline {FONT} at (0,0) size 3x11
                RenderText {#text} at (0,0) size 3x11
                  text run at (0,0) width 3: " "
            RenderTableCell {TD} at (688,352) size 8x11 [bgcolor=#BEC2C2] [r=32 c=88 rs=1 cs=1]
              RenderInline {FONT} at (0,0) size 3x11
                RenderText {#text} at (0,0) size 3x11
                  text run at (0,0) width 3: " "
            RenderTableCell {TD} at (696,352) size 8x11 [bgcolor=#CECFCF] [r=32 c=89 rs=1 cs=1]
              RenderInline {FONT} at (0,0) size 3x11
                RenderText {#text} at (0,0) size 3x11
                  text run at (0,0) width 3: " "
            RenderTableCell {TD} at (704,352) size 8x11 [bgcolor=#DEDFDF] [r=32 c=90 rs=1 cs=1]
              RenderInline {FONT} at (0,0) size 3x11
                RenderText {#text} at (0,0) size 3x11
                  text run at (0,0) width 3: " "
            RenderTableCell {TD} at (712,352) size 8x11 [bgcolor=#EDEEEF] [r=32 c=91 rs=1 cs=1]
              RenderInline {FONT} at (0,0) size 3x11
                RenderText {#text} at (0,0) size 3x11
                  text run at (0,0) width 3: " "
            RenderTableCell {TD} at (720,352) size 8x11 [bgcolor=#FDFDFB] [r=32 c=92 rs=1 cs=1]
              RenderInline {FONT} at (0,0) size 3x11
                RenderText {#text} at (0,0) size 3x11
                  text run at (0,0) width 3: " "
            RenderTableCell {TD} at (728,352) size 8x11 [bgcolor=#FDFDFB] [r=32 c=93 rs=1 cs=1]
              RenderInline {FONT} at (0,0) size 3x11
                RenderText {#text} at (0,0) size 3x11
                  text run at (0,0) width 3: " "
            RenderTableCell {TD} at (736,352) size 8x11 [bgcolor=#FDFDFB] [r=32 c=94 rs=1 cs=1]
              RenderInline {FONT} at (0,0) size 3x11
                RenderText {#text} at (0,0) size 3x11
                  text run at (0,0) width 3: " "
            RenderTableCell {TD} at (744,352) size 8x11 [bgcolor=#FDFDFB] [r=32 c=95 rs=1 cs=1]
              RenderInline {FONT} at (0,0) size 3x11
                RenderText {#text} at (0,0) size 3x11
                  text run at (0,0) width 3: " "
            RenderTableCell {TD} at (752,352) size 8x11 [bgcolor=#FDFDFB] [r=32 c=96 rs=1 cs=1]
              RenderInline {FONT} at (0,0) size 3x11
                RenderText {#text} at (0,0) size 3x11
                  text run at (0,0) width 3: " "
            RenderTableCell {TD} at (760,352) size 8x11 [bgcolor=#FDFDFB] [r=32 c=97 rs=1 cs=1]
              RenderInline {FONT} at (0,0) size 3x11
                RenderText {#text} at (0,0) size 3x11
                  text run at (0,0) width 3: " "
            RenderTableCell {TD} at (768,352) size 8x11 [bgcolor=#FDFDFB] [r=32 c=98 rs=1 cs=1]
              RenderInline {FONT} at (0,0) size 3x11
                RenderText {#text} at (0,0) size 3x11
                  text run at (0,0) width 3: " "
            RenderTableCell {TD} at (776,352) size 8x11 [bgcolor=#FDFDFB] [r=32 c=99 rs=1 cs=1]
              RenderInline {FONT} at (0,0) size 3x11
                RenderText {#text} at (0,0) size 3x11
                  text run at (0,0) width 3: " "
          RenderTableRow {TR} at (0,363) size 784x11
            RenderTableCell {TD} at (0,363) size 7x11 [bgcolor=#FDFDFB] [r=33 c=0 rs=1 cs=1]
              RenderInline {FONT} at (0,0) size 3x11
                RenderText {#text} at (0,0) size 3x11
                  text run at (0,0) width 3: " "
            RenderTableCell {TD} at (7,363) size 7x11 [bgcolor=#FDFDFB] [r=33 c=1 rs=1 cs=1]
              RenderInline {FONT} at (0,0) size 3x11
                RenderText {#text} at (0,0) size 3x11
                  text run at (0,0) width 3: " "
            RenderTableCell {TD} at (14,363) size 7x11 [bgcolor=#FDFDFB] [r=33 c=2 rs=1 cs=1]
              RenderInline {FONT} at (0,0) size 3x11
                RenderText {#text} at (0,0) size 3x11
                  text run at (0,0) width 3: " "
            RenderTableCell {TD} at (21,363) size 7x11 [bgcolor=#FDFDFB] [r=33 c=3 rs=1 cs=1]
              RenderInline {FONT} at (0,0) size 3x11
                RenderText {#text} at (0,0) size 3x11
                  text run at (0,0) width 3: " "
            RenderTableCell {TD} at (28,363) size 7x11 [bgcolor=#FDFDFB] [r=33 c=4 rs=1 cs=1]
              RenderInline {FONT} at (0,0) size 3x11
                RenderText {#text} at (0,0) size 3x11
                  text run at (0,0) width 3: " "
            RenderTableCell {TD} at (35,363) size 7x11 [bgcolor=#FDFDFB] [r=33 c=5 rs=1 cs=1]
              RenderInline {FONT} at (0,0) size 3x11
                RenderText {#text} at (0,0) size 3x11
                  text run at (0,0) width 3: " "
            RenderTableCell {TD} at (42,363) size 7x11 [bgcolor=#FDFDFB] [r=33 c=6 rs=1 cs=1]
              RenderInline {FONT} at (0,0) size 3x11
                RenderText {#text} at (0,0) size 3x11
                  text run at (0,0) width 3: " "
            RenderTableCell {TD} at (49,363) size 7x11 [bgcolor=#FDFDFB] [r=33 c=7 rs=1 cs=1]
              RenderInline {FONT} at (0,0) size 3x11
                RenderText {#text} at (0,0) size 3x11
                  text run at (0,0) width 3: " "
            RenderTableCell {TD} at (56,363) size 7x11 [bgcolor=#FDFDFB] [r=33 c=8 rs=1 cs=1]
              RenderInline {FONT} at (0,0) size 3x11
                RenderText {#text} at (0,0) size 3x11
                  text run at (0,0) width 3: " "
            RenderTableCell {TD} at (63,363) size 7x11 [bgcolor=#FDFDFB] [r=33 c=9 rs=1 cs=1]
              RenderInline {FONT} at (0,0) size 3x11
                RenderText {#text} at (0,0) size 3x11
                  text run at (0,0) width 3: " "
            RenderTableCell {TD} at (70,363) size 7x11 [bgcolor=#FDFDFB] [r=33 c=10 rs=1 cs=1]
              RenderInline {FONT} at (0,0) size 3x11
                RenderText {#text} at (0,0) size 3x11
                  text run at (0,0) width 3: " "
            RenderTableCell {TD} at (77,363) size 7x11 [bgcolor=#FDFDFB] [r=33 c=11 rs=1 cs=1]
              RenderInline {FONT} at (0,0) size 3x11
                RenderText {#text} at (0,0) size 3x11
                  text run at (0,0) width 3: " "
            RenderTableCell {TD} at (84,363) size 7x11 [bgcolor=#FDFDFB] [r=33 c=12 rs=1 cs=1]
              RenderInline {FONT} at (0,0) size 3x11
                RenderText {#text} at (0,0) size 3x11
                  text run at (0,0) width 3: " "
            RenderTableCell {TD} at (91,363) size 7x11 [bgcolor=#FDFDFB] [r=33 c=13 rs=1 cs=1]
              RenderInline {FONT} at (0,0) size 3x11
                RenderText {#text} at (0,0) size 3x11
                  text run at (0,0) width 3: " "
            RenderTableCell {TD} at (98,363) size 7x11 [bgcolor=#FDFDFB] [r=33 c=14 rs=1 cs=1]
              RenderInline {FONT} at (0,0) size 3x11
                RenderText {#text} at (0,0) size 3x11
                  text run at (0,0) width 3: " "
            RenderTableCell {TD} at (105,363) size 7x11 [bgcolor=#FDFDFB] [r=33 c=15 rs=1 cs=1]
              RenderInline {FONT} at (0,0) size 3x11
                RenderText {#text} at (0,0) size 3x11
                  text run at (0,0) width 3: " "
            RenderTableCell {TD} at (112,363) size 8x11 [bgcolor=#FDFDFB] [r=33 c=16 rs=1 cs=1]
              RenderInline {FONT} at (0,0) size 3x11
                RenderText {#text} at (0,0) size 3x11
                  text run at (0,0) width 3: " "
            RenderTableCell {TD} at (120,363) size 8x11 [bgcolor=#FDFDFB] [r=33 c=17 rs=1 cs=1]
              RenderInline {FONT} at (0,0) size 3x11
                RenderText {#text} at (0,0) size 3x11
                  text run at (0,0) width 3: " "
            RenderTableCell {TD} at (128,363) size 8x11 [bgcolor=#FDFDFB] [r=33 c=18 rs=1 cs=1]
              RenderInline {FONT} at (0,0) size 3x11
                RenderText {#text} at (0,0) size 3x11
                  text run at (0,0) width 3: " "
            RenderTableCell {TD} at (136,363) size 8x11 [bgcolor=#FDFDFB] [r=33 c=19 rs=1 cs=1]
              RenderInline {FONT} at (0,0) size 3x11
                RenderText {#text} at (0,0) size 3x11
                  text run at (0,0) width 3: " "
            RenderTableCell {TD} at (144,363) size 8x11 [bgcolor=#FDFDFB] [r=33 c=20 rs=1 cs=1]
              RenderInline {FONT} at (0,0) size 3x11
                RenderText {#text} at (0,0) size 3x11
                  text run at (0,0) width 3: " "
            RenderTableCell {TD} at (152,363) size 8x11 [bgcolor=#FDFDFB] [r=33 c=21 rs=1 cs=1]
              RenderInline {FONT} at (0,0) size 3x11
                RenderText {#text} at (0,0) size 3x11
                  text run at (0,0) width 3: " "
            RenderTableCell {TD} at (160,363) size 8x11 [bgcolor=#FDFDFB] [r=33 c=22 rs=1 cs=1]
              RenderInline {FONT} at (0,0) size 3x11
                RenderText {#text} at (0,0) size 3x11
                  text run at (0,0) width 3: " "
            RenderTableCell {TD} at (168,363) size 8x11 [bgcolor=#FDFDFB] [r=33 c=23 rs=1 cs=1]
              RenderInline {FONT} at (0,0) size 3x11
                RenderText {#text} at (0,0) size 3x11
                  text run at (0,0) width 3: " "
            RenderTableCell {TD} at (176,363) size 8x11 [bgcolor=#FDFDFB] [r=33 c=24 rs=1 cs=1]
              RenderInline {FONT} at (0,0) size 3x11
                RenderText {#text} at (0,0) size 3x11
                  text run at (0,0) width 3: " "
            RenderTableCell {TD} at (184,363) size 8x11 [bgcolor=#FDFDFB] [r=33 c=25 rs=1 cs=1]
              RenderInline {FONT} at (0,0) size 3x11
                RenderText {#text} at (0,0) size 3x11
                  text run at (0,0) width 3: " "
            RenderTableCell {TD} at (192,363) size 8x11 [bgcolor=#FDFDFB] [r=33 c=26 rs=1 cs=1]
              RenderInline {FONT} at (0,0) size 3x11
                RenderText {#text} at (0,0) size 3x11
                  text run at (0,0) width 3: " "
            RenderTableCell {TD} at (200,363) size 8x11 [bgcolor=#FDFDFB] [r=33 c=27 rs=1 cs=1]
              RenderInline {FONT} at (0,0) size 3x11
                RenderText {#text} at (0,0) size 3x11
                  text run at (0,0) width 3: " "
            RenderTableCell {TD} at (208,363) size 8x11 [bgcolor=#FDFDFB] [r=33 c=28 rs=1 cs=1]
              RenderInline {FONT} at (0,0) size 3x11
                RenderText {#text} at (0,0) size 3x11
                  text run at (0,0) width 3: " "
            RenderTableCell {TD} at (216,363) size 8x11 [bgcolor=#FDFDFB] [r=33 c=29 rs=1 cs=1]
              RenderInline {FONT} at (0,0) size 3x11
                RenderText {#text} at (0,0) size 3x11
                  text run at (0,0) width 3: " "
            RenderTableCell {TD} at (224,363) size 8x11 [bgcolor=#FDFDFB] [r=33 c=30 rs=1 cs=1]
              RenderInline {FONT} at (0,0) size 3x11
                RenderText {#text} at (0,0) size 3x11
                  text run at (0,0) width 3: " "
            RenderTableCell {TD} at (232,363) size 8x11 [bgcolor=#FDFDFB] [r=33 c=31 rs=1 cs=1]
              RenderInline {FONT} at (0,0) size 3x11
                RenderText {#text} at (0,0) size 3x11
                  text run at (0,0) width 3: " "
            RenderTableCell {TD} at (240,363) size 8x11 [bgcolor=#FDFDFB] [r=33 c=32 rs=1 cs=1]
              RenderInline {FONT} at (0,0) size 3x11
                RenderText {#text} at (0,0) size 3x11
                  text run at (0,0) width 3: " "
            RenderTableCell {TD} at (248,363) size 8x11 [bgcolor=#FDFDFB] [r=33 c=33 rs=1 cs=1]
              RenderInline {FONT} at (0,0) size 3x11
                RenderText {#text} at (0,0) size 3x11
                  text run at (0,0) width 3: " "
            RenderTableCell {TD} at (256,363) size 8x11 [bgcolor=#FDFDFB] [r=33 c=34 rs=1 cs=1]
              RenderInline {FONT} at (0,0) size 3x11
                RenderText {#text} at (0,0) size 3x11
                  text run at (0,0) width 3: " "
            RenderTableCell {TD} at (264,363) size 8x11 [bgcolor=#FDFDFB] [r=33 c=35 rs=1 cs=1]
              RenderInline {FONT} at (0,0) size 3x11
                RenderText {#text} at (0,0) size 3x11
                  text run at (0,0) width 3: " "
            RenderTableCell {TD} at (272,363) size 8x11 [bgcolor=#FDFDFB] [r=33 c=36 rs=1 cs=1]
              RenderInline {FONT} at (0,0) size 3x11
                RenderText {#text} at (0,0) size 3x11
                  text run at (0,0) width 3: " "
            RenderTableCell {TD} at (280,363) size 8x11 [bgcolor=#FDFDFB] [r=33 c=37 rs=1 cs=1]
              RenderInline {FONT} at (0,0) size 3x11
                RenderText {#text} at (0,0) size 3x11
                  text run at (0,0) width 3: " "
            RenderTableCell {TD} at (288,363) size 8x11 [bgcolor=#FDFDFB] [r=33 c=38 rs=1 cs=1]
              RenderInline {FONT} at (0,0) size 3x11
                RenderText {#text} at (0,0) size 3x11
                  text run at (0,0) width 3: " "
            RenderTableCell {TD} at (296,363) size 8x11 [bgcolor=#FDFDFB] [r=33 c=39 rs=1 cs=1]
              RenderInline {FONT} at (0,0) size 3x11
                RenderText {#text} at (0,0) size 3x11
                  text run at (0,0) width 3: " "
            RenderTableCell {TD} at (304,363) size 8x11 [bgcolor=#FDFDFB] [r=33 c=40 rs=1 cs=1]
              RenderInline {FONT} at (0,0) size 3x11
                RenderText {#text} at (0,0) size 3x11
                  text run at (0,0) width 3: " "
            RenderTableCell {TD} at (312,363) size 8x11 [bgcolor=#FDFDFB] [r=33 c=41 rs=1 cs=1]
              RenderInline {FONT} at (0,0) size 3x11
                RenderText {#text} at (0,0) size 3x11
                  text run at (0,0) width 3: " "
            RenderTableCell {TD} at (320,363) size 8x11 [bgcolor=#FDFDFB] [r=33 c=42 rs=1 cs=1]
              RenderInline {FONT} at (0,0) size 3x11
                RenderText {#text} at (0,0) size 3x11
                  text run at (0,0) width 3: " "
            RenderTableCell {TD} at (328,363) size 8x11 [bgcolor=#FDFDFB] [r=33 c=43 rs=1 cs=1]
              RenderInline {FONT} at (0,0) size 3x11
                RenderText {#text} at (0,0) size 3x11
                  text run at (0,0) width 3: " "
            RenderTableCell {TD} at (336,363) size 8x11 [bgcolor=#FDFDFB] [r=33 c=44 rs=1 cs=1]
              RenderInline {FONT} at (0,0) size 3x11
                RenderText {#text} at (0,0) size 3x11
                  text run at (0,0) width 3: " "
            RenderTableCell {TD} at (344,363) size 8x11 [bgcolor=#FDFDFB] [r=33 c=45 rs=1 cs=1]
              RenderInline {FONT} at (0,0) size 3x11
                RenderText {#text} at (0,0) size 3x11
                  text run at (0,0) width 3: " "
            RenderTableCell {TD} at (352,363) size 8x11 [bgcolor=#FDFDFB] [r=33 c=46 rs=1 cs=1]
              RenderInline {FONT} at (0,0) size 3x11
                RenderText {#text} at (0,0) size 3x11
                  text run at (0,0) width 3: " "
            RenderTableCell {TD} at (360,363) size 8x11 [bgcolor=#FDFDFB] [r=33 c=47 rs=1 cs=1]
              RenderInline {FONT} at (0,0) size 3x11
                RenderText {#text} at (0,0) size 3x11
                  text run at (0,0) width 3: " "
            RenderTableCell {TD} at (368,363) size 8x11 [bgcolor=#FDFDFB] [r=33 c=48 rs=1 cs=1]
              RenderInline {FONT} at (0,0) size 3x11
                RenderText {#text} at (0,0) size 3x11
                  text run at (0,0) width 3: " "
            RenderTableCell {TD} at (376,363) size 8x11 [bgcolor=#FDFDFB] [r=33 c=49 rs=1 cs=1]
              RenderInline {FONT} at (0,0) size 3x11
                RenderText {#text} at (0,0) size 3x11
                  text run at (0,0) width 3: " "
            RenderTableCell {TD} at (384,363) size 8x11 [bgcolor=#FDFDFB] [r=33 c=50 rs=1 cs=1]
              RenderInline {FONT} at (0,0) size 3x11
                RenderText {#text} at (0,0) size 3x11
                  text run at (0,0) width 3: " "
            RenderTableCell {TD} at (392,363) size 8x11 [bgcolor=#FDFDFB] [r=33 c=51 rs=1 cs=1]
              RenderInline {FONT} at (0,0) size 3x11
                RenderText {#text} at (0,0) size 3x11
                  text run at (0,0) width 3: " "
            RenderTableCell {TD} at (400,363) size 8x11 [bgcolor=#FDFDFB] [r=33 c=52 rs=1 cs=1]
              RenderInline {FONT} at (0,0) size 3x11
                RenderText {#text} at (0,0) size 3x11
                  text run at (0,0) width 3: " "
            RenderTableCell {TD} at (408,363) size 8x11 [bgcolor=#FDFDFB] [r=33 c=53 rs=1 cs=1]
              RenderInline {FONT} at (0,0) size 3x11
                RenderText {#text} at (0,0) size 3x11
                  text run at (0,0) width 3: " "
            RenderTableCell {TD} at (416,363) size 8x11 [bgcolor=#FDFDFB] [r=33 c=54 rs=1 cs=1]
              RenderInline {FONT} at (0,0) size 3x11
                RenderText {#text} at (0,0) size 3x11
                  text run at (0,0) width 3: " "
            RenderTableCell {TD} at (424,363) size 8x11 [bgcolor=#FDFDFB] [r=33 c=55 rs=1 cs=1]
              RenderInline {FONT} at (0,0) size 3x11
                RenderText {#text} at (0,0) size 3x11
                  text run at (0,0) width 3: " "
            RenderTableCell {TD} at (432,363) size 8x11 [bgcolor=#FDFDFB] [r=33 c=56 rs=1 cs=1]
              RenderInline {FONT} at (0,0) size 3x11
                RenderText {#text} at (0,0) size 3x11
                  text run at (0,0) width 3: " "
            RenderTableCell {TD} at (440,363) size 8x11 [bgcolor=#FDFDFB] [r=33 c=57 rs=1 cs=1]
              RenderInline {FONT} at (0,0) size 3x11
                RenderText {#text} at (0,0) size 3x11
                  text run at (0,0) width 3: " "
            RenderTableCell {TD} at (448,363) size 8x11 [bgcolor=#FDFDFB] [r=33 c=58 rs=1 cs=1]
              RenderInline {FONT} at (0,0) size 3x11
                RenderText {#text} at (0,0) size 3x11
                  text run at (0,0) width 3: " "
            RenderTableCell {TD} at (456,363) size 8x11 [bgcolor=#FDFDFB] [r=33 c=59 rs=1 cs=1]
              RenderInline {FONT} at (0,0) size 3x11
                RenderText {#text} at (0,0) size 3x11
                  text run at (0,0) width 3: " "
            RenderTableCell {TD} at (464,363) size 8x11 [bgcolor=#FDFDFB] [r=33 c=60 rs=1 cs=1]
              RenderInline {FONT} at (0,0) size 3x11
                RenderText {#text} at (0,0) size 3x11
                  text run at (0,0) width 3: " "
            RenderTableCell {TD} at (472,363) size 8x11 [bgcolor=#FDFDFB] [r=33 c=61 rs=1 cs=1]
              RenderInline {FONT} at (0,0) size 3x11
                RenderText {#text} at (0,0) size 3x11
                  text run at (0,0) width 3: " "
            RenderTableCell {TD} at (480,363) size 8x11 [bgcolor=#FDFDFB] [r=33 c=62 rs=1 cs=1]
              RenderInline {FONT} at (0,0) size 3x11
                RenderText {#text} at (0,0) size 3x11
                  text run at (0,0) width 3: " "
            RenderTableCell {TD} at (488,363) size 8x11 [bgcolor=#FDFDFB] [r=33 c=63 rs=1 cs=1]
              RenderInline {FONT} at (0,0) size 3x11
                RenderText {#text} at (0,0) size 3x11
                  text run at (0,0) width 3: " "
            RenderTableCell {TD} at (496,363) size 8x11 [bgcolor=#FDFDFB] [r=33 c=64 rs=1 cs=1]
              RenderInline {FONT} at (0,0) size 3x11
                RenderText {#text} at (0,0) size 3x11
                  text run at (0,0) width 3: " "
            RenderTableCell {TD} at (504,363) size 8x11 [bgcolor=#FDFDFB] [r=33 c=65 rs=1 cs=1]
              RenderInline {FONT} at (0,0) size 3x11
                RenderText {#text} at (0,0) size 3x11
                  text run at (0,0) width 3: " "
            RenderTableCell {TD} at (512,363) size 8x11 [bgcolor=#FDFDFB] [r=33 c=66 rs=1 cs=1]
              RenderInline {FONT} at (0,0) size 3x11
                RenderText {#text} at (0,0) size 3x11
                  text run at (0,0) width 3: " "
            RenderTableCell {TD} at (520,363) size 8x11 [bgcolor=#FDFDFB] [r=33 c=67 rs=1 cs=1]
              RenderInline {FONT} at (0,0) size 3x11
                RenderText {#text} at (0,0) size 3x11
                  text run at (0,0) width 3: " "
            RenderTableCell {TD} at (528,363) size 8x11 [bgcolor=#EDEEEF] [r=33 c=68 rs=1 cs=1]
              RenderInline {FONT} at (0,0) size 3x11
                RenderText {#text} at (0,0) size 3x11
                  text run at (0,0) width 3: " "
            RenderTableCell {TD} at (536,363) size 8x11 [bgcolor=#EDEEEF] [r=33 c=69 rs=1 cs=1]
              RenderInline {FONT} at (0,0) size 3x11
                RenderText {#text} at (0,0) size 3x11
                  text run at (0,0) width 3: " "
            RenderTableCell {TD} at (544,363) size 8x11 [bgcolor=#E0EAE9] [r=33 c=70 rs=1 cs=1]
              RenderInline {FONT} at (0,0) size 3x11
                RenderText {#text} at (0,0) size 3x11
                  text run at (0,0) width 3: " "
            RenderTableCell {TD} at (552,363) size 8x11 [bgcolor=#DEDFDF] [r=33 c=71 rs=1 cs=1]
              RenderInline {FONT} at (0,0) size 3x11
                RenderText {#text} at (0,0) size 3x11
                  text run at (0,0) width 3: " "
            RenderTableCell {TD} at (560,363) size 8x11 [bgcolor=#DEDFDF] [r=33 c=72 rs=1 cs=1]
              RenderInline {FONT} at (0,0) size 3x11
                RenderText {#text} at (0,0) size 3x11
                  text run at (0,0) width 3: " "
            RenderTableCell {TD} at (568,363) size 8x11 [bgcolor=#CECFCF] [r=33 c=73 rs=1 cs=1]
              RenderInline {FONT} at (0,0) size 3x11
                RenderText {#text} at (0,0) size 3x11
                  text run at (0,0) width 3: " "
            RenderTableCell {TD} at (576,363) size 8x11 [bgcolor=#CECFCF] [r=33 c=74 rs=1 cs=1]
              RenderInline {FONT} at (0,0) size 3x11
                RenderText {#text} at (0,0) size 3x11
                  text run at (0,0) width 3: " "
            RenderTableCell {TD} at (584,363) size 8x11 [bgcolor=#CECFCF] [r=33 c=75 rs=1 cs=1]
              RenderInline {FONT} at (0,0) size 3x11
                RenderText {#text} at (0,0) size 3x11
                  text run at (0,0) width 3: " "
            RenderTableCell {TD} at (592,363) size 8x11 [bgcolor=#CECFCF] [r=33 c=76 rs=1 cs=1]
              RenderInline {FONT} at (0,0) size 3x11
                RenderText {#text} at (0,0) size 3x11
                  text run at (0,0) width 3: " "
            RenderTableCell {TD} at (600,363) size 8x11 [bgcolor=#CECFCF] [r=33 c=77 rs=1 cs=1]
              RenderInline {FONT} at (0,0) size 3x11
                RenderText {#text} at (0,0) size 3x11
                  text run at (0,0) width 3: " "
            RenderTableCell {TD} at (608,363) size 8x11 [bgcolor=#CECFCF] [r=33 c=78 rs=1 cs=1]
              RenderInline {FONT} at (0,0) size 3x11
                RenderText {#text} at (0,0) size 3x11
                  text run at (0,0) width 3: " "
            RenderTableCell {TD} at (616,363) size 8x11 [bgcolor=#CECFCF] [r=33 c=79 rs=1 cs=1]
              RenderInline {FONT} at (0,0) size 3x11
                RenderText {#text} at (0,0) size 3x11
                  text run at (0,0) width 3: " "
            RenderTableCell {TD} at (624,363) size 8x11 [bgcolor=#CECFCF] [r=33 c=80 rs=1 cs=1]
              RenderInline {FONT} at (0,0) size 3x11
                RenderText {#text} at (0,0) size 3x11
                  text run at (0,0) width 3: " "
            RenderTableCell {TD} at (632,363) size 8x11 [bgcolor=#CECFCF] [r=33 c=81 rs=1 cs=1]
              RenderInline {FONT} at (0,0) size 3x11
                RenderText {#text} at (0,0) size 3x11
                  text run at (0,0) width 3: " "
            RenderTableCell {TD} at (640,363) size 8x11 [bgcolor=#CECFCF] [r=33 c=82 rs=1 cs=1]
              RenderInline {FONT} at (0,0) size 3x11
                RenderText {#text} at (0,0) size 3x11
                  text run at (0,0) width 3: " "
            RenderTableCell {TD} at (648,363) size 8x11 [bgcolor=#CECFCF] [r=33 c=83 rs=1 cs=1]
              RenderInline {FONT} at (0,0) size 3x11
                RenderText {#text} at (0,0) size 3x11
                  text run at (0,0) width 3: " "
            RenderTableCell {TD} at (656,363) size 8x11 [bgcolor=#CECFCF] [r=33 c=84 rs=1 cs=1]
              RenderInline {FONT} at (0,0) size 3x11
                RenderText {#text} at (0,0) size 3x11
                  text run at (0,0) width 3: " "
            RenderTableCell {TD} at (664,363) size 8x11 [bgcolor=#CECFCF] [r=33 c=85 rs=1 cs=1]
              RenderInline {FONT} at (0,0) size 3x11
                RenderText {#text} at (0,0) size 3x11
                  text run at (0,0) width 3: " "
            RenderTableCell {TD} at (672,363) size 8x11 [bgcolor=#DEDFDF] [r=33 c=86 rs=1 cs=1]
              RenderInline {FONT} at (0,0) size 3x11
                RenderText {#text} at (0,0) size 3x11
                  text run at (0,0) width 3: " "
            RenderTableCell {TD} at (680,363) size 8x11 [bgcolor=#E0EAE9] [r=33 c=87 rs=1 cs=1]
              RenderInline {FONT} at (0,0) size 3x11
                RenderText {#text} at (0,0) size 3x11
                  text run at (0,0) width 3: " "
            RenderTableCell {TD} at (688,363) size 8x11 [bgcolor=#EDEEEF] [r=33 c=88 rs=1 cs=1]
              RenderInline {FONT} at (0,0) size 3x11
                RenderText {#text} at (0,0) size 3x11
                  text run at (0,0) width 3: " "
            RenderTableCell {TD} at (696,363) size 8x11 [bgcolor=#EDEEEF] [r=33 c=89 rs=1 cs=1]
              RenderInline {FONT} at (0,0) size 3x11
                RenderText {#text} at (0,0) size 3x11
                  text run at (0,0) width 3: " "
            RenderTableCell {TD} at (704,363) size 8x11 [bgcolor=#FDFDFB] [r=33 c=90 rs=1 cs=1]
              RenderInline {FONT} at (0,0) size 3x11
                RenderText {#text} at (0,0) size 3x11
                  text run at (0,0) width 3: " "
            RenderTableCell {TD} at (712,363) size 8x11 [bgcolor=#FDFDFB] [r=33 c=91 rs=1 cs=1]
              RenderInline {FONT} at (0,0) size 3x11
                RenderText {#text} at (0,0) size 3x11
                  text run at (0,0) width 3: " "
            RenderTableCell {TD} at (720,363) size 8x11 [bgcolor=#FDFDFB] [r=33 c=92 rs=1 cs=1]
              RenderInline {FONT} at (0,0) size 3x11
                RenderText {#text} at (0,0) size 3x11
                  text run at (0,0) width 3: " "
            RenderTableCell {TD} at (728,363) size 8x11 [bgcolor=#FDFDFB] [r=33 c=93 rs=1 cs=1]
              RenderInline {FONT} at (0,0) size 3x11
                RenderText {#text} at (0,0) size 3x11
                  text run at (0,0) width 3: " "
            RenderTableCell {TD} at (736,363) size 8x11 [bgcolor=#FDFDFB] [r=33 c=94 rs=1 cs=1]
              RenderInline {FONT} at (0,0) size 3x11
                RenderText {#text} at (0,0) size 3x11
                  text run at (0,0) width 3: " "
            RenderTableCell {TD} at (744,363) size 8x11 [bgcolor=#FDFDFB] [r=33 c=95 rs=1 cs=1]
              RenderInline {FONT} at (0,0) size 3x11
                RenderText {#text} at (0,0) size 3x11
                  text run at (0,0) width 3: " "
            RenderTableCell {TD} at (752,363) size 8x11 [bgcolor=#FDFDFB] [r=33 c=96 rs=1 cs=1]
              RenderInline {FONT} at (0,0) size 3x11
                RenderText {#text} at (0,0) size 3x11
                  text run at (0,0) width 3: " "
            RenderTableCell {TD} at (760,363) size 8x11 [bgcolor=#FDFDFB] [r=33 c=97 rs=1 cs=1]
              RenderInline {FONT} at (0,0) size 3x11
                RenderText {#text} at (0,0) size 3x11
                  text run at (0,0) width 3: " "
            RenderTableCell {TD} at (768,363) size 8x11 [bgcolor=#FDFDFB] [r=33 c=98 rs=1 cs=1]
              RenderInline {FONT} at (0,0) size 3x11
                RenderText {#text} at (0,0) size 3x11
                  text run at (0,0) width 3: " "
            RenderTableCell {TD} at (776,363) size 8x11 [bgcolor=#FDFDFB] [r=33 c=99 rs=1 cs=1]
              RenderInline {FONT} at (0,0) size 3x11
                RenderText {#text} at (0,0) size 3x11
                  text run at (0,0) width 3: " "
