layer at (0,0) size 784x865
  RenderView at (0,0) size 784x600
layer at (0,0) size 784x865
  RenderBlock {HTML} at (0,0) size 784x865
    RenderBody {BODY} at (8,8) size 768x841 [bgcolor=#FFFFFF]
      RenderBlock {H1} at (0,0) size 768x37
        RenderText {#text} at (0,0) size 336x36
          text run at (0,0) width 336: "Example 3: Basic Tables"
      RenderBlock {H2} at (0,58) size 768x27
        RenderText {#text} at (0,0) size 361x26
          text run at (0,0) width 361: "Simple table, 75% width, border=1"
      RenderTable {TABLE} at (0,104) size 576x104 [border: (1px outset #808080)]
        RenderTableSection {TBODY} at (1,1) size 574x102
          RenderTableRow {TR} at (0,2) size 574x22
            RenderTableCell {TD} at (2,2) size 193x22 [bgcolor=#0000FF] [border: (1px inset #808080)] [r=0 c=0 rs=1 cs=1]
              RenderText {#text} at (2,2) size 44x17
                text run at (2,2) width 44: "cell bg"
            RenderTableCell {TD} at (197,2) size 174x22 [border: (1px inset #808080)] [r=0 c=1 rs=1 cs=1]
              RenderText {#text} at (2,2) size 30x17
                text run at (2,2) width 30: "Two"
            RenderTableCell {TD} at (373,2) size 199x22 [border: (1px inset #808080)] [r=0 c=2 rs=1 cs=1]
              RenderText {#text} at (2,2) size 38x17
                text run at (2,2) width 38: "Three"
          RenderTableRow {TR} at (0,26) size 574x22
            RenderTableCell {TD} at (2,26) size 193x22 [border: (1px inset #808080)] [r=1 c=0 rs=1 cs=1]
              RenderText {#text} at (2,2) size 22x17
                text run at (2,2) width 22: "left"
            RenderTableCell {TD} at (197,26) size 174x22 [border: (1px inset #808080)] [r=1 c=1 rs=1 cs=1]
              RenderText {#text} at (67,2) size 40x17
                text run at (67,2) width 40: "center"
            RenderTableCell {TD} at (373,26) size 199x22 [border: (1px inset #808080)] [r=1 c=2 rs=1 cs=1]
              RenderText {#text} at (166,2) size 31x17
                text run at (166,2) width 31: "right"
          RenderTableRow {TR} at (0,50) size 574x50 [bgcolor=#FFFF00]
            RenderTableCell {TD} at (2,64) size 193x22 [border: (1px inset #808080)] [r=2 c=0 rs=1 cs=1]
              RenderText {#text} at (2,2) size 45x17
                text run at (2,2) width 45: "row bg"
            RenderTableCell {TD} at (197,50) size 174x22 [border: (1px inset #808080)] [r=2 c=1 rs=1 cs=1]
              RenderText {#text} at (2,2) size 21x17
                text run at (2,2) width 21: "top"
            RenderTableCell {TD} at (373,78) size 199x22 [border: (1px inset #808080)] [r=2 c=2 rs=1 cs=1]
              RenderText {#text} at (2,2) size 46x17
                text run at (2,2) width 46: "bottom"
      RenderBlock {H2} at (0,227) size 768x27
        RenderText {#text} at (0,0) size 392x26
          text run at (0,0) width 392: "Row Span, auto width table, border=5"
      RenderTable {TABLE} at (0,273) size 273x252 [border: (5px outset #808080)]
        RenderTableSection {TBODY} at (5,5) size 263x242
          RenderTableRow {TR} at (0,2) size 263x22
            RenderTableCell {TD} at (2,14) size 189x22 [border: (1px inset #808080)] [r=0 c=0 rs=2 cs=1]
              RenderText {#text} at (2,2) size 185x17
                text run at (2,2) width 185: "c0r[0-1] Data 1 span=2 rows"
            RenderTableCell {TD} at (193,2) size 33x22 [border: (1px inset #808080)] [r=0 c=1 rs=1 cs=1]
              RenderText {#text} at (2,2) size 29x17
                text run at (2,2) width 29: "c0r0"
            RenderTableCell {TD} at (228,2) size 33x22 [border: (1px inset #808080)] [r=0 c=2 rs=1 cs=1]
              RenderText {#text} at (2,2) size 29x17
                text run at (2,2) width 29: "c1r0"
          RenderTableRow {TR} at (0,26) size 263x22
            RenderTableCell {TD} at (193,26) size 33x22 [border: (1px inset #808080)] [r=1 c=1 rs=1 cs=1]
              RenderText {#text} at (2,2) size 29x17
                text run at (2,2) width 29: "c0r1"
            RenderTableCell {TD} at (228,26) size 33x22 [border: (1px inset #808080)] [r=1 c=2 rs=1 cs=1]
              RenderText {#text} at (2,2) size 29x17
                text run at (2,2) width 29: "c1r1"
          RenderTableRow {TR} at (0,50) size 263x22
            RenderTableCell {TD} at (2,98) size 189x22 [border: (1px inset #808080)] [r=2 c=0 rs=5 cs=1]
              RenderText {#text} at (2,2) size 185x17
                text run at (2,2) width 185: "c0r[2-6],Data 2 span=5 rows"
            RenderTableCell {TD} at (193,50) size 33x22 [border: (1px inset #808080)] [r=2 c=1 rs=1 cs=1]
              RenderText {#text} at (2,2) size 29x17
                text run at (2,2) width 29: "c0r2"
            RenderTableCell {TD} at (228,50) size 33x22 [border: (1px inset #808080)] [r=2 c=2 rs=1 cs=1]
              RenderText {#text} at (2,2) size 29x17
                text run at (2,2) width 29: "c1r2"
          RenderTableRow {TR} at (0,74) size 263x22
            RenderTableCell {TD} at (193,74) size 33x22 [border: (1px inset #808080)] [r=3 c=1 rs=1 cs=1]
              RenderText {#text} at (2,2) size 29x17
                text run at (2,2) width 29: "c0r3"
            RenderTableCell {TD} at (228,74) size 33x22 [border: (1px inset #808080)] [r=3 c=2 rs=1 cs=1]
              RenderText {#text} at (2,2) size 29x17
                text run at (2,2) width 29: "c1r3"
          RenderTableRow {TR} at (0,98) size 263x22
            RenderTableCell {TD} at (193,98) size 33x22 [border: (1px inset #808080)] [r=4 c=1 rs=1 cs=1]
              RenderText {#text} at (2,2) size 29x17
                text run at (2,2) width 29: "c0r4"
            RenderTableCell {TD} at (228,98) size 33x22 [border: (1px inset #808080)] [r=4 c=2 rs=1 cs=1]
              RenderText {#text} at (2,2) size 29x17
                text run at (2,2) width 29: "c1r4"
          RenderTableRow {TR} at (0,122) size 263x22
            RenderTableCell {TD} at (193,122) size 33x22 [border: (1px inset #808080)] [r=5 c=1 rs=1 cs=1]
              RenderText {#text} at (2,2) size 29x17
                text run at (2,2) width 29: "c0r5"
            RenderTableCell {TD} at (228,122) size 33x22 [border: (1px inset #808080)] [r=5 c=2 rs=1 cs=1]
              RenderText {#text} at (2,2) size 29x17
                text run at (2,2) width 29: "c1r5"
          RenderTableRow {TR} at (0,146) size 263x22
            RenderTableCell {TD} at (193,146) size 33x22 [border: (1px inset #808080)] [r=6 c=1 rs=1 cs=1]
              RenderText {#text} at (2,2) size 29x17
                text run at (2,2) width 29: "c0r6"
            RenderTableCell {TD} at (228,146) size 33x22 [border: (1px inset #808080)] [r=6 c=2 rs=1 cs=1]
              RenderText {#text} at (2,2) size 29x17
                text run at (2,2) width 29: "c1r6"
          RenderTableRow {TR} at (0,170) size 263x22
            RenderTableCell {TD} at (2,194) size 189x22 [border: (1px inset #808080)] [r=7 c=0 rs=3 cs=1]
              RenderText {#text} at (2,2) size 138x17
                text run at (2,2) width 138: "c0r[7-9] span=3 rows"
            RenderTableCell {TD} at (193,170) size 33x22 [border: (1px inset #808080)] [r=7 c=1 rs=1 cs=1]
              RenderText {#text} at (2,2) size 29x17
                text run at (2,2) width 29: "c0r7"
            RenderTableCell {TD} at (228,170) size 33x22 [border: (1px inset #808080)] [r=7 c=2 rs=1 cs=1]
              RenderText {#text} at (2,2) size 29x17
                text run at (2,2) width 29: "c1r7"
          RenderTableRow {TR} at (0,194) size 263x22
            RenderTableCell {TD} at (193,194) size 33x22 [border: (1px inset #808080)] [r=8 c=1 rs=1 cs=1]
              RenderText {#text} at (2,2) size 29x17
                text run at (2,2) width 29: "c0r8"
            RenderTableCell {TD} at (228,194) size 33x22 [border: (1px inset #808080)] [r=8 c=2 rs=1 cs=1]
              RenderText {#text} at (2,2) size 29x17
                text run at (2,2) width 29: "c1r8"
          RenderTableRow {TR} at (0,218) size 263x22
            RenderTableCell {TD} at (193,218) size 33x22 [border: (1px inset #808080)] [r=9 c=1 rs=1 cs=1]
              RenderText {#text} at (2,2) size 29x17
                text run at (2,2) width 29: "c0r9"
            RenderTableCell {TD} at (228,218) size 33x22 [border: (1px inset #808080)] [r=9 c=2 rs=1 cs=1]
              RenderText {#text} at (2,2) size 29x17
                text run at (2,2) width 29: "c1r9"
      RenderBlock {H2} at (0,544) size 768x27
        RenderText {#text} at (0,0) size 267x26
          text run at (0,0) width 267: "Col Span auto width table"
      RenderTable {TABLE} at (0,590) size 714x76 [border: (1px outset #808080)]
        RenderTableSection {TBODY} at (1,1) size 712x74
          RenderTableRow {TR} at (0,2) size 712x22
            RenderTableCell {TD} at (2,2) size 286x22 [border: (1px inset #808080)] [r=0 c=0 rs=1 cs=8]
              RenderText {#text} at (2,2) size 107x17
                text run at (2,2) width 107: "r0c[0-7], span=8"
            RenderTableCell {TD} at (290,2) size 420x22 [border: (1px inset #808080)] [r=0 c=8 rs=1 cs=10]
              RenderText {#text} at (2,2) size 165x17
                text run at (2,2) width 165: "r0col[8-17], span=10 cols"
          RenderTableRow {TR} at (0,26) size 712x22
            RenderTableCell {TD} at (2,26) size 111x22 [border: (1px inset #808080)] [r=1 c=0 rs=1 cs=3]
              RenderText {#text} at (2,2) size 107x17
                text run at (2,2) width 107: "r1c[0-2], span=3"
            RenderTableCell {TD} at (115,26) size 173x22 [border: (1px inset #808080)] [r=1 c=3 rs=1 cs=5]
              RenderText {#text} at (2,2) size 107x17
                text run at (2,2) width 107: "r1c[3-7], span=5"
            RenderTableCell {TD} at (290,26) size 291x22 [border: (1px inset #808080)] [r=1 c=8 rs=1 cs=7]
              RenderText {#text} at (2,2) size 115x17
                text run at (2,2) width 115: "r1c[8-14], span=7"
            RenderTableCell {TD} at (583,26) size 127x22 [border: (1px inset #808080)] [r=1 c=15 rs=1 cs=3]
              RenderText {#text} at (2,2) size 123x17
                text run at (2,2) width 123: "r1c[15-17], span=3"
          RenderTableRow {TR} at (0,50) size 712x22
            RenderTableCell {TD} at (2,50) size 35x22 [border: (1px inset #808080)] [r=2 c=0 rs=1 cs=1]
              RenderText {#text} at (2,2) size 29x17
                text run at (2,2) width 29: "r2c0"
            RenderTableCell {TD} at (39,50) size 36x22 [border: (1px inset #808080)] [r=2 c=1 rs=1 cs=1]
              RenderText {#text} at (2,2) size 29x17
                text run at (2,2) width 29: "r2c1"
            RenderTableCell {TD} at (77,50) size 36x22 [border: (1px inset #808080)] [r=2 c=2 rs=1 cs=1]
              RenderText {#text} at (2,2) size 29x17
                text run at (2,2) width 29: "r2c3"
            RenderTableCell {TD} at (115,50) size 33x22 [border: (1px inset #808080)] [r=2 c=3 rs=1 cs=1]
              RenderText {#text} at (2,2) size 29x17
                text run at (2,2) width 29: "r2c4"
            RenderTableCell {TD} at (150,50) size 33x22 [border: (1px inset #808080)] [r=2 c=4 rs=1 cs=1]
              RenderText {#text} at (2,2) size 29x17
                text run at (2,2) width 29: "r2c5"
            RenderTableCell {TD} at (185,50) size 33x22 [border: (1px inset #808080)] [r=2 c=5 rs=1 cs=1]
              RenderText {#text} at (2,2) size 29x17
                text run at (2,2) width 29: "r2c6"
            RenderTableCell {TD} at (220,50) size 33x22 [border: (1px inset #808080)] [r=2 c=6 rs=1 cs=1]
              RenderText {#text} at (2,2) size 29x17
                text run at (2,2) width 29: "r2c7"
            RenderTableCell {TD} at (255,50) size 33x22 [border: (1px inset #808080)] [r=2 c=7 rs=1 cs=1]
              RenderText {#text} at (2,2) size 29x17
                text run at (2,2) width 29: "r2c8"
            RenderTableCell {TD} at (290,50) size 33x22 [border: (1px inset #808080)] [r=2 c=8 rs=1 cs=1]
              RenderText {#text} at (2,2) size 29x17
                text run at (2,2) width 29: "r2c9"
            RenderTableCell {TD} at (325,50) size 41x22 [border: (1px inset #808080)] [r=2 c=9 rs=1 cs=1]
              RenderText {#text} at (2,2) size 37x17
                text run at (2,2) width 37: "r2c10"
            RenderTableCell {TD} at (368,50) size 41x22 [border: (1px inset #808080)] [r=2 c=10 rs=1 cs=1]
              RenderText {#text} at (2,2) size 37x17
                text run at (2,2) width 37: "r2c11"
            RenderTableCell {TD} at (411,50) size 41x22 [border: (1px inset #808080)] [r=2 c=11 rs=1 cs=1]
              RenderText {#text} at (2,2) size 37x17
                text run at (2,2) width 37: "r2c12"
            RenderTableCell {TD} at (454,50) size 41x22 [border: (1px inset #808080)] [r=2 c=12 rs=1 cs=1]
              RenderText {#text} at (2,2) size 37x17
                text run at (2,2) width 37: "r2c13"
            RenderTableCell {TD} at (497,50) size 41x22 [border: (1px inset #808080)] [r=2 c=13 rs=1 cs=1]
              RenderText {#text} at (2,2) size 37x17
                text run at (2,2) width 37: "r2c14"
            RenderTableCell {TD} at (540,50) size 41x22 [border: (1px inset #808080)] [r=2 c=14 rs=1 cs=1]
              RenderText {#text} at (2,2) size 37x17
                text run at (2,2) width 37: "r2c15"
            RenderTableCell {TD} at (583,50) size 41x22 [border: (1px inset #808080)] [r=2 c=15 rs=1 cs=1]
              RenderText {#text} at (2,2) size 37x17
                text run at (2,2) width 37: "r2c16"
            RenderTableCell {TD} at (626,50) size 41x22 [border: (1px inset #808080)] [r=2 c=16 rs=1 cs=1]
              RenderText {#text} at (2,2) size 37x17
                text run at (2,2) width 37: "r2c17"
            RenderTableCell {TD} at (669,50) size 41x22 [border: (1px inset #808080)] [r=2 c=17 rs=1 cs=1]
              RenderText {#text} at (2,2) size 37x17
                text run at (2,2) width 37: "r2c18"
      RenderBlock {H2} at (0,685) size 768x27
        RenderText {#text} at (0,0) size 192x26
          text run at (0,0) width 192: "Row and Col Span"
      RenderTable {TABLE} at (0,731) size 157x76 [border: (1px outset #808080)]
        RenderTableSection {TBODY} at (1,1) size 155x74
          RenderTableRow {TR} at (0,2) size 155x22
            RenderTableCell {TD} at (2,14) size 81x22 [border: (1px inset #808080)] [r=0 c=0 rs=2 cs=2]
              RenderText {#text} at (2,2) size 77x17
                text run at (2,2) width 77: "r[0-2]c[0-1]"
            RenderTableCell {TD} at (85,2) size 33x22 [border: (1px inset #808080)] [r=0 c=2 rs=1 cs=1]
              RenderText {#text} at (2,2) size 29x17
                text run at (2,2) width 29: "r0c2"
            RenderTableCell {TD} at (120,2) size 33x22 [border: (1px inset #808080)] [r=0 c=3 rs=1 cs=1]
              RenderText {#text} at (2,2) size 29x17
                text run at (2,2) width 29: "r0c3"
          RenderTableRow {TR} at (0,26) size 155x22
            RenderTableCell {TD} at (85,26) size 33x22 [border: (1px inset #808080)] [r=1 c=2 rs=1 cs=1]
              RenderText {#text} at (2,2) size 29x17
                text run at (2,2) width 29: "r1c2"
            RenderTableCell {TD} at (120,26) size 33x22 [border: (1px inset #808080)] [r=1 c=3 rs=1 cs=1]
              RenderText {#text} at (2,2) size 29x17
                text run at (2,2) width 29: "r1c3"
          RenderTableRow {TR} at (0,50) size 155x22
            RenderTableCell {TD} at (2,50) size 39x22 [border: (1px inset #808080)] [r=2 c=0 rs=1 cs=1]
              RenderText {#text} at (2,2) size 29x17
                text run at (2,2) width 29: "r2c0"
            RenderTableCell {TD} at (43,50) size 40x22 [border: (1px inset #808080)] [r=2 c=1 rs=1 cs=1]
              RenderText {#text} at (2,2) size 29x17
                text run at (2,2) width 29: "r2c1"
            RenderTableCell {TD} at (85,50) size 33x22 [border: (1px inset #808080)] [r=2 c=2 rs=1 cs=1]
              RenderText {#text} at (2,2) size 29x17
                text run at (2,2) width 29: "r2c2"
            RenderTableCell {TD} at (120,50) size 33x22 [border: (1px inset #808080)] [r=2 c=3 rs=1 cs=1]
              RenderText {#text} at (2,2) size 29x17
                text run at (2,2) width 29: "r2c3"
      RenderBlock {P} at (0,823) size 768x18
        RenderText {#text} at (0,0) size 4x17
          text run at (0,0) width 4: " "
