layer at (0,0) size 784x1370
  RenderView at (0,0) size 784x600
layer at (0,0) size 784x1370
  RenderBlock {HTML} at (0,0) size 784x1370
    RenderBody {BODY} at (8,8) size 768x1354
      RenderBlock {H1} at (0,0) size 768x37
        RenderText {#text} at (0,0) size 399x36
          text run at (0,0) width 399: "Example 6: Table Stress Test"
      RenderBlock {PRE} at (0,58) size 768x15 [color=#FF0000]
        RenderText {#text} at (0,0) size 266x15
          text run at (0,0) width 266: "Resize document for maximum effect"
      RenderBlock (anonymous) at (0,86) size 768x18
        RenderBR {BR} at (0,0) size 0x17
      RenderBlock {H2} at (0,123) size 768x27
        RenderText {#text} at (0,0) size 504x26
          text run at (0,0) width 504: "Auto-width tables with spans nested 8 levels deep"
      RenderTable {TABLE} at (0,169) size 768x386 [bgcolor=#FF0000] [border: (1px outset #808080)]
        RenderTableSection {TBODY} at (1,1) size 766x384
          RenderTableRow {TR} at (0,2) size 766x22
            RenderTableCell {TD} at (2,2) size 31x22 [border: (1px inset #808080)] [r=0 c=0 rs=1 cs=1]
              RenderText {#text} at (2,2) size 27x17
                text run at (2,2) width 27: "Cell"
            RenderTableCell {TD} at (35,2) size 729x356 [border: (1px inset #808080)] [r=0 c=1 rs=2 cs=2]
              RenderTable {TABLE} at (2,2) size 725x352 [bgcolor=#ADD8E6] [border: (1px outset #808080)]
                RenderTableSection {TBODY} at (1,1) size 723x350
                  RenderTableRow {TR} at (0,2) size 723x22
                    RenderTableCell {TD} at (2,2) size 31x22 [border: (1px inset #808080)] [r=0 c=0 rs=1 cs=1]
                      RenderText {#text} at (2,2) size 27x17
                        text run at (2,2) width 27: "Cell"
                    RenderTableCell {TD} at (35,2) size 686x322 [border: (1px inset #808080)] [r=0 c=1 rs=2 cs=2]
                      RenderTable {TABLE} at (2,2) size 682x318 [bgcolor=#90EE90] [border: (1px outset #808080)]
                        RenderTableSection {TBODY} at (1,1) size 680x316
                          RenderTableRow {TR} at (0,2) size 680x22
                            RenderTableCell {TD} at (2,2) size 31x22 [border: (1px inset #808080)] [r=0 c=0 rs=1 cs=1]
                              RenderText {#text} at (2,2) size 27x17
                                text run at (2,2) width 27: "Cell"
                            RenderTableCell {TD} at (35,2) size 643x288 [border: (1px inset #808080)] [r=0 c=1 rs=2 cs=2]
                              RenderTable {TABLE} at (2,2) size 639x284 [border: (1px outset #808080)]
                                RenderTableSection {TBODY} at (1,1) size 637x282
                                  RenderTableRow {TR} at (0,2) size 637x22
                                    RenderTableCell {TD} at (2,2) size 31x22 [border: (1px inset #808080)] [r=0 c=0 rs=1 cs=1]
                                      RenderText {#text} at (2,2) size 27x17
                                        text run at (2,2) width 27: "Cell"
                                    RenderTableCell {TD} at (35,2) size 600x254 [border: (1px inset #808080)] [r=0 c=1 rs=2 cs=2]
                                      RenderTable {TABLE} at (2,2) size 596x250 [bgcolor=#FFA500] [border: (1px outset #808080)]
                                        RenderTableSection {TBODY} at (1,1) size 594x248
                                          RenderTableRow {TR} at (0,2) size 594x22
                                            RenderTableCell {TD} at (2,2) size 31x22 [border: (1px inset #808080)] [r=0 c=0 rs=1 cs=1]
                                              RenderText {#text} at (2,2) size 27x17
                                                text run at (2,2) width 27: "Cell"
                                            RenderTableCell {TD} at (35,2) size 557x202 [border: (1px inset #808080)] [r=0 c=1 rs=2 cs=2]
                                              RenderTable {TABLE} at (2,2) size 553x198 [bgcolor=#FF0000] [border: (1px outset #808080)]
                                                RenderTableSection {TBODY} at (1,1) size 551x196
                                                  RenderTableRow {TR} at (0,2) size 551x22
                                                    RenderTableCell {TD} at (2,2) size 31x22 [border: (1px inset #808080)] [r=0 c=0 rs=1 cs=1]
                                                      RenderText {#text} at (2,2) size 27x17
                                                        text run at (2,2) width 27: "Cell"
                                                    RenderTableCell {TD} at (35,2) size 514x150 [border: (1px inset #808080)] [r=0 c=1 rs=2 cs=2]
                                                      RenderTable {TABLE} at (2,2) size 510x146 [bgcolor=#ADD8E6] [border: (1px outset #808080)]
                                                        RenderTableSection {TBODY} at (1,1) size 508x144
                                                          RenderTableRow {TR} at (0,2) size 508x22
                                                            RenderTableCell {TD} at (2,2) size 31x22 [border: (1px inset #808080)] [r=0 c=0 rs=1 cs=1]
                                                              RenderText {#text} at (2,2) size 27x17
                                                                text run at (2,2) width 27: "Cell"
                                                            RenderTableCell {TD} at (35,2) size 471x98 [border: (1px inset #808080)] [r=0 c=1 rs=2 cs=2]
                                                              RenderTable {TABLE} at (2,2) size 467x94 [bgcolor=#90EE90] [border: (1px outset #808080)]
                                                                RenderTableSection {TBODY} at (1,1) size 465x92
                                                                  RenderTableRow {TR} at (0,2) size 465x22
                                                                    RenderTableCell {TD} at (2,2) size 31x22 [border: (1px inset #808080)] [r=0 c=0 rs=1 cs=1]
                                                                      RenderText {#text} at (2,2) size 27x17
                                                                        text run at (2,2) width 27: "Cell"
                                                                    RenderTableCell {TD} at (35,5) size 428x40 [border: (1px inset #808080)] [r=0 c=1 rs=2 cs=2]
                                                                      RenderText {#text} at (2,2) size 400x35
                                                                        text run at (2,2) width 400: "Cell, and stuff to test out table cell layout. This should be long"
                                                                        text run at (2,20) width 121: "enough for testing."
                                                                  RenderTableRow {TR} at (0,26) size 465x22
                                                                    RenderTableCell {TD} at (2,26) size 31x22 [border: (1px inset #808080)] [r=1 c=0 rs=1 cs=1]
                                                                      RenderText {#text} at (2,2) size 27x17
                                                                        text run at (2,2) width 27: "Cell"
                                                                  RenderTableRow {TR} at (0,50) size 465x40
                                                                    RenderTableCell {TD} at (2,59) size 31x22 [border: (1px inset #808080)] [r=2 c=0 rs=1 cs=1]
                                                                      RenderText {#text} at (2,2) size 27x17
                                                                        text run at (2,2) width 27: "Cell"
                                                                    RenderTableCell {TD} at (35,50) size 395x40 [border: (1px inset #808080)] [r=2 c=1 rs=1 cs=1]
                                                                      RenderText {#text} at (2,2) size 367x35
                                                                        text run at (2,2) width 367: "Cell, and stuff to test out table cell layout. This should be"
                                                                        text run at (2,20) width 33: "long "
                                                                        text run at (34,20) width 121: "enough for testing."
                                                                    RenderTableCell {TD} at (432,59) size 31x22 [border: (1px inset #808080)] [r=2 c=2 rs=1 cs=1]
                                                                      RenderText {#text} at (2,2) size 27x17
                                                                        text run at (2,2) width 27: "Cell"
                                                          RenderTableRow {TR} at (0,26) size 508x74
                                                            RenderTableCell {TD} at (2,52) size 31x22 [border: (1px inset #808080)] [r=1 c=0 rs=1 cs=1]
                                                              RenderText {#text} at (2,2) size 27x17
                                                                text run at (2,2) width 27: "Cell"
                                                          RenderTableRow {TR} at (0,102) size 508x40
                                                            RenderTableCell {TD} at (2,111) size 31x22 [border: (1px inset #808080)] [r=2 c=0 rs=1 cs=1]
                                                              RenderText {#text} at (2,2) size 27x17
                                                                text run at (2,2) width 27: "Cell"
                                                            RenderTableCell {TD} at (35,102) size 438x40 [border: (1px inset #808080)] [r=2 c=1 rs=1 cs=1]
                                                              RenderText {#text} at (2,2) size 400x35
                                                                text run at (2,2) width 400: "Cell, and stuff to test out table cell layout. This should be long"
                                                                text run at (2,20) width 121: "enough for testing."
                                                            RenderTableCell {TD} at (475,111) size 31x22 [border: (1px inset #808080)] [r=2 c=2 rs=1 cs=1]
                                                              RenderText {#text} at (2,2) size 27x17
                                                                text run at (2,2) width 27: "Cell"
                                                  RenderTableRow {TR} at (0,26) size 551x126
                                                    RenderTableCell {TD} at (2,78) size 31x22 [border: (1px inset #808080)] [r=1 c=0 rs=1 cs=1]
                                                      RenderText {#text} at (2,2) size 27x17
                                                        text run at (2,2) width 27: "Cell"
                                                  RenderTableRow {TR} at (0,154) size 551x40
                                                    RenderTableCell {TD} at (2,163) size 31x22 [border: (1px inset #808080)] [r=2 c=0 rs=1 cs=1]
                                                      RenderText {#text} at (2,2) size 27x17
                                                        text run at (2,2) width 27: "Cell"
                                                    RenderTableCell {TD} at (35,154) size 481x40 [border: (1px inset #808080)] [r=2 c=1 rs=1 cs=1]
                                                      RenderText {#text} at (2,2) size 473x35
                                                        text run at (2,2) width 404: "Cell, and stuff to test out table cell layout. This should be long "
                                                        text run at (405,2) width 70: "enough for"
                                                        text run at (2,20) width 47: "testing."
                                                    RenderTableCell {TD} at (518,163) size 31x22 [border: (1px inset #808080)] [r=2 c=2 rs=1 cs=1]
                                                      RenderText {#text} at (2,2) size 27x17
                                                        text run at (2,2) width 27: "Cell"
                                          RenderTableRow {TR} at (0,26) size 594x178
                                            RenderTableCell {TD} at (2,104) size 31x22 [border: (1px inset #808080)] [r=1 c=0 rs=1 cs=1]
                                              RenderText {#text} at (2,2) size 27x17
                                                text run at (2,2) width 27: "Cell"
                                          RenderTableRow {TR} at (0,206) size 594x40
                                            RenderTableCell {TD} at (2,215) size 31x22 [border: (1px inset #808080)] [r=2 c=0 rs=1 cs=1]
                                              RenderText {#text} at (2,2) size 27x17
                                                text run at (2,2) width 27: "Cell"
                                            RenderTableCell {TD} at (35,206) size 523x40 [border: (1px inset #808080)] [r=2 c=1 rs=1 cs=1]
                                              RenderText {#text} at (2,2) size 473x35
                                                text run at (2,2) width 404: "Cell, and stuff to test out table cell layout. This should be long "
                                                text run at (405,2) width 70: "enough for"
                                                text run at (2,20) width 47: "testing."
                                            RenderTableCell {TD} at (560,215) size 32x22 [border: (1px inset #808080)] [r=2 c=2 rs=1 cs=1]
                                              RenderText {#text} at (2,2) size 27x17
                                                text run at (2,2) width 27: "Cell"
                                  RenderTableRow {TR} at (0,26) size 637x230
                                    RenderTableCell {TD} at (2,130) size 31x22 [border: (1px inset #808080)] [r=1 c=0 rs=1 cs=1]
                                      RenderText {#text} at (2,2) size 27x17
                                        text run at (2,2) width 27: "Cell"
                                  RenderTableRow {TR} at (0,258) size 637x22
                                    RenderTableCell {TD} at (2,258) size 31x22 [border: (1px inset #808080)] [r=2 c=0 rs=1 cs=1]
                                      RenderText {#text} at (2,2) size 27x17
                                        text run at (2,2) width 27: "Cell"
                                    RenderTableCell {TD} at (35,258) size 564x22 [border: (1px inset #808080)] [r=2 c=1 rs=1 cs=1]
                                      RenderText {#text} at (2,2) size 524x17
                                        text run at (2,2) width 404: "Cell, and stuff to test out table cell layout. This should be long "
                                        text run at (405,2) width 121: "enough for testing."
                                    RenderTableCell {TD} at (601,258) size 34x22 [border: (1px inset #808080)] [r=2 c=2 rs=1 cs=1]
                                      RenderText {#text} at (2,2) size 27x17
                                        text run at (2,2) width 27: "Cell"
                          RenderTableRow {TR} at (0,26) size 680x264
                            RenderTableCell {TD} at (2,147) size 31x22 [border: (1px inset #808080)] [r=1 c=0 rs=1 cs=1]
                              RenderText {#text} at (2,2) size 27x17
                                text run at (2,2) width 27: "Cell"
                          RenderTableRow {TR} at (0,292) size 680x22
                            RenderTableCell {TD} at (2,292) size 31x22 [border: (1px inset #808080)] [r=2 c=0 rs=1 cs=1]
                              RenderText {#text} at (2,2) size 27x17
                                text run at (2,2) width 27: "Cell"
                            RenderTableCell {TD} at (35,292) size 605x22 [border: (1px inset #808080)] [r=2 c=1 rs=1 cs=1]
                              RenderText {#text} at (2,2) size 524x17
                                text run at (2,2) width 404: "Cell, and stuff to test out table cell layout. This should be long "
                                text run at (405,2) width 121: "enough for testing."
                            RenderTableCell {TD} at (642,292) size 36x22 [border: (1px inset #808080)] [r=2 c=2 rs=1 cs=1]
                              RenderText {#text} at (2,2) size 27x17
                                text run at (2,2) width 27: "Cell"
                  RenderTableRow {TR} at (0,26) size 723x298
                    RenderTableCell {TD} at (2,164) size 31x22 [border: (1px inset #808080)] [r=1 c=0 rs=1 cs=1]
                      RenderText {#text} at (2,2) size 27x17
                        text run at (2,2) width 27: "Cell"
                  RenderTableRow {TR} at (0,326) size 723x22
                    RenderTableCell {TD} at (2,326) size 31x22 [border: (1px inset #808080)] [r=2 c=0 rs=1 cs=1]
                      RenderText {#text} at (2,2) size 27x17
                        text run at (2,2) width 27: "Cell"
                    RenderTableCell {TD} at (35,326) size 645x22 [border: (1px inset #808080)] [r=2 c=1 rs=1 cs=1]
                      RenderText {#text} at (2,2) size 524x17
                        text run at (2,2) width 404: "Cell, and stuff to test out table cell layout. This should be long "
                        text run at (405,2) width 121: "enough for testing."
                    RenderTableCell {TD} at (682,326) size 39x22 [border: (1px inset #808080)] [r=2 c=2 rs=1 cs=1]
                      RenderText {#text} at (2,2) size 27x17
                        text run at (2,2) width 27: "Cell"
          RenderTableRow {TR} at (0,26) size 766x332
            RenderTableCell {TD} at (2,181) size 31x22 [border: (1px inset #808080)] [r=1 c=0 rs=1 cs=1]
              RenderText {#text} at (2,2) size 27x17
                text run at (2,2) width 27: "Cell"
          RenderTableRow {TR} at (0,360) size 766x22
            RenderTableCell {TD} at (2,360) size 31x22 [border: (1px inset #808080)] [r=2 c=0 rs=1 cs=1]
              RenderText {#text} at (2,2) size 27x17
                text run at (2,2) width 27: "Cell"
            RenderTableCell {TD} at (35,360) size 686x22 [border: (1px inset #808080)] [r=2 c=1 rs=1 cs=1]
              RenderText {#text} at (2,2) size 524x17
                text run at (2,2) width 404: "Cell, and stuff to test out table cell layout. This should be long "
                text run at (405,2) width 121: "enough for testing."
            RenderTableCell {TD} at (723,360) size 41x22 [border: (1px inset #808080)] [r=2 c=2 rs=1 cs=1]
              RenderText {#text} at (2,2) size 27x17
                text run at (2,2) width 27: "Cell"
      RenderBlock (anonymous) at (0,555) size 768x18
        RenderBR {BR} at (0,0) size 0x17
      RenderBlock {H2} at (0,592) size 768x27
        RenderText {#text} at (0,0) size 396x26
          text run at (0,0) width 396: "100% width tables nested 6 levels deep"
      RenderTable {TABLE} at (0,638) size 768x716 [bgcolor=#FFFF00] [border: (1px outset #808080)]
        RenderTableSection {TBODY} at (1,1) size 766x714
          RenderTableRow {TR} at (0,2) size 766x22
            RenderTableCell {TD} at (2,2) size 608x22 [border: (1px inset #808080)] [r=0 c=0 rs=1 cs=1]
              RenderText {#text} at (2,2) size 54x17
                text run at (2,2) width 54: "Cell one"
            RenderTableCell {TD} at (612,2) size 75x22 [border: (1px inset #808080)] [r=0 c=1 rs=1 cs=1]
              RenderText {#text} at (2,2) size 35x17
                text run at (2,2) width 35: "Cell2"
            RenderTableCell {TD} at (689,2) size 75x22 [border: (1px inset #808080)] [r=0 c=2 rs=1 cs=1]
              RenderText {#text} at (2,2) size 39x17
                text run at (2,2) width 39: "Cell 3"
          RenderTableRow {TR} at (0,26) size 766x22
            RenderTableCell {TD} at (2,26) size 608x22 [border: (1px inset #808080)] [r=1 c=0 rs=1 cs=1]
              RenderText {#text} at (2,2) size 39x17
                text run at (2,2) width 39: "Cell 4"
            RenderTableCell {TD} at (612,26) size 75x22 [border: (1px inset #808080)] [r=1 c=1 rs=1 cs=1]
              RenderText {#text} at (2,2) size 39x17
                text run at (2,2) width 39: "Cell 5"
            RenderTableCell {TD} at (689,26) size 75x22 [border: (1px inset #808080)] [r=1 c=2 rs=1 cs=1]
              RenderText {#text} at (2,2) size 39x17
                text run at (2,2) width 39: "Cell 6"
          RenderTableRow {TR} at (0,50) size 766x662
            RenderTableCell {TD} at (2,50) size 608x662 [border: (1px inset #808080)] [r=2 c=0 rs=1 cs=1]
              RenderTable {TABLE} at (2,2) size 604x640 [bgcolor=#D3D3D3]
                RenderTableSection {TBODY} at (0,0) size 604x640
                  RenderTableRow {TR} at (0,2) size 604x20
                    RenderTableCell {TD} at (2,2) size 17x20 [r=0 c=0 rs=1 cs=1]
                      RenderText {#text} at (1,1) size 8x17
                        text run at (1,1) width 8: "1"
                    RenderTableCell {TD} at (21,2) size 561x20 [r=0 c=1 rs=1 cs=1]
                      RenderText {#text} at (1,1) size 8x17
                        text run at (1,1) width 8: "2"
                    RenderTableCell {TD} at (584,2) size 18x20 [r=0 c=2 rs=1 cs=1]
                      RenderText {#text} at (1,1) size 8x17
                        text run at (1,1) width 8: "3"
                  RenderTableRow {TR} at (0,24) size 604x592
                    RenderTableCell {TD} at (2,310) size 17x20 [r=1 c=0 rs=1 cs=1]
                      RenderText {#text} at (1,1) size 8x17
                        text run at (1,1) width 8: "4"
                    RenderTableCell {TD} at (21,24) size 561x592 [r=1 c=1 rs=1 cs=1]
                      RenderTable {TABLE} at (1,1) size 559x572 [bgcolor=#ADD8E6] [border: (1px outset #808080)]
                        RenderTableSection {TBODY} at (1,1) size 557x570
                          RenderTableRow {TR} at (0,2) size 557x518
                            RenderTableCell {TD} at (2,250) size 21x22 [border: (1px inset #808080)] [r=0 c=0 rs=1 cs=1]
                              RenderText {#text} at (2,2) size 8x17
                                text run at (2,2) width 8: "1"
                            RenderTableCell {TD} at (25,2) size 506x518 [border: (1px inset #808080)] [r=0 c=1 rs=1 cs=1]
                              RenderTable {TABLE} at (2,2) size 502x496 [bgcolor=#FF0000] [border: (1px outset #808080)]
                                RenderTableSection {TBODY} at (1,1) size 500x494
                                  RenderTableRow {TR} at (0,2) size 500x22
                                    RenderTableCell {TD} at (2,2) size 22x22 [border: (1px inset #808080)] [r=0 c=0 rs=1 cs=1]
                                      RenderText {#text} at (2,2) size 8x17
                                        text run at (2,2) width 8: "1"
                                    RenderTableCell {TD} at (26,2) size 22x22 [border: (1px inset #808080)] [r=0 c=1 rs=1 cs=1]
                                      RenderText {#text} at (2,2) size 8x17
                                        text run at (2,2) width 8: "2"
                                    RenderTableCell {TD} at (50,2) size 399x22 [border: (1px inset #808080)] [r=0 c=2 rs=1 cs=1]
                                      RenderText {#text} at (2,2) size 8x17
                                        text run at (2,2) width 8: "3"
                                    RenderTableCell {TD} at (451,2) size 22x22 [border: (1px inset #808080)] [r=0 c=3 rs=1 cs=1]
                                      RenderText {#text} at (2,2) size 8x17
                                        text run at (2,2) width 8: "4"
                                    RenderTableCell {TD} at (475,2) size 23x22 [border: (1px inset #808080)] [r=0 c=4 rs=1 cs=1]
                                      RenderText {#text} at (2,2) size 8x17
                                        text run at (2,2) width 8: "5"
                                  RenderTableRow {TR} at (0,26) size 500x394
                                    RenderTableCell {TD} at (2,212) size 22x22 [border: (1px inset #808080)] [r=1 c=0 rs=1 cs=1]
                                      RenderText {#text} at (2,2) size 8x17
                                        text run at (2,2) width 8: "6"
                                    RenderTableCell {TD} at (26,212) size 22x22 [border: (1px inset #808080)] [r=1 c=1 rs=1 cs=1]
                                      RenderText {#text} at (2,2) size 8x17
                                        text run at (2,2) width 8: "7"
                                    RenderTableCell {TD} at (50,26) size 399x394 [border: (1px inset #808080)] [r=1 c=2 rs=1 cs=1]
                                      RenderTable {TABLE} at (2,2) size 395x372 [bgcolor=#008000] [border: (1px outset #808080)]
                                        RenderTableSection {TBODY} at (1,1) size 393x370
                                          RenderTableRow {TR} at (0,2) size 393x22
                                            RenderTableCell {TD} at (2,2) size 23x22 [border: (1px inset #808080)] [r=0 c=0 rs=1 cs=1]
                                              RenderText {#text} at (2,2) size 8x17
                                                text run at (2,2) width 8: "a"
                                            RenderTableCell {TD} at (27,2) size 23x22 [border: (1px inset #808080)] [r=0 c=1 rs=1 cs=1]
                                              RenderText {#text} at (2,2) size 8x17
                                                text run at (2,2) width 8: "b"
                                            RenderTableCell {TD} at (52,2) size 288x22 [border: (1px inset #808080)] [r=0 c=2 rs=1 cs=1]
                                              RenderText {#text} at (2,2) size 8x17
                                                text run at (2,2) width 8: "c"
                                            RenderTableCell {TD} at (342,2) size 23x22 [border: (1px inset #808080)] [r=0 c=3 rs=1 cs=1]
                                              RenderText {#text} at (2,2) size 8x17
                                                text run at (2,2) width 8: "d"
                                            RenderTableCell {TD} at (367,2) size 24x22 [border: (1px inset #808080)] [r=0 c=4 rs=1 cs=1]
                                              RenderText {#text} at (2,2) size 8x17
                                                text run at (2,2) width 8: "e"
                                          RenderTableRow {TR} at (0,26) size 393x22
                                            RenderTableCell {TD} at (2,26) size 23x22 [border: (1px inset #808080)] [r=1 c=0 rs=1 cs=1]
                                              RenderText {#text} at (2,2) size 6x17
                                                text run at (2,2) width 6: "f"
                                            RenderTableCell {TD} at (27,26) size 23x22 [border: (1px inset #808080)] [r=1 c=1 rs=1 cs=1]
                                              RenderText {#text} at (2,2) size 8x17
                                                text run at (2,2) width 8: "g"
                                            RenderTableCell {TD} at (52,26) size 288x22 [border: (1px inset #808080)] [r=1 c=2 rs=1 cs=1]
                                              RenderText {#text} at (2,2) size 8x17
                                                text run at (2,2) width 8: "h"
                                            RenderTableCell {TD} at (342,26) size 23x22 [border: (1px inset #808080)] [r=1 c=3 rs=1 cs=1]
                                              RenderText {#text} at (2,2) size 5x17
                                                text run at (2,2) width 5: "i"
                                            RenderTableCell {TD} at (367,26) size 24x22 [border: (1px inset #808080)] [r=1 c=4 rs=1 cs=1]
                                              RenderText {#text} at (2,2) size 5x17
                                                text run at (2,2) width 5: "j"
                                          RenderTableRow {TR} at (0,50) size 393x270
                                            RenderTableCell {TD} at (2,174) size 23x22 [border: (1px inset #808080)] [r=2 c=0 rs=1 cs=1]
                                              RenderText {#text} at (2,2) size 8x17
                                                text run at (2,2) width 8: "k"
                                            RenderTableCell {TD} at (27,174) size 23x22 [border: (1px inset #808080)] [r=2 c=1 rs=1 cs=1]
                                              RenderText {#text} at (2,2) size 5x17
                                                text run at (2,2) width 5: "l"
                                            RenderTableCell {TD} at (52,50) size 288x270 [border: (1px inset #808080)] [r=2 c=2 rs=1 cs=1]
                                              RenderTable {TABLE} at (2,2) size 284x248 [bgcolor=#800080] [border: (1px outset #808080)]
                                                RenderTableSection {TBODY} at (1,1) size 282x246
                                                  RenderTableRow {TR} at (0,2) size 282x22
                                                    RenderTableCell {TD} at (2,2) size 24x22 [border: (1px inset #808080)] [r=0 c=0 rs=1 cs=1]
                                                      RenderText {#text} at (2,2) size 8x17
                                                        text run at (2,2) width 8: "a"
                                                    RenderTableCell {TD} at (28,2) size 24x22 [border: (1px inset #808080)] [r=0 c=1 rs=1 cs=1]
                                                      RenderText {#text} at (2,2) size 8x17
                                                        text run at (2,2) width 8: "b"
                                                    RenderTableCell {TD} at (54,2) size 172x22 [border: (1px inset #808080)] [r=0 c=2 rs=1 cs=1]
                                                      RenderText {#text} at (2,2) size 8x17
                                                        text run at (2,2) width 8: "c"
                                                    RenderTableCell {TD} at (228,2) size 25x22 [border: (1px inset #808080)] [r=0 c=3 rs=1 cs=1]
                                                      RenderText {#text} at (2,2) size 8x17
                                                        text run at (2,2) width 8: "d"
                                                    RenderTableCell {TD} at (255,2) size 25x22 [border: (1px inset #808080)] [r=0 c=4 rs=1 cs=1]
                                                      RenderText {#text} at (2,2) size 8x17
                                                        text run at (2,2) width 8: "e"
                                                  RenderTableRow {TR} at (0,26) size 282x22
                                                    RenderTableCell {TD} at (2,26) size 24x22 [border: (1px inset #808080)] [r=1 c=0 rs=1 cs=1]
                                                      RenderText {#text} at (2,2) size 6x17
                                                        text run at (2,2) width 6: "f"
                                                    RenderTableCell {TD} at (28,26) size 24x22 [border: (1px inset #808080)] [r=1 c=1 rs=1 cs=1]
                                                      RenderText {#text} at (2,2) size 8x17
                                                        text run at (2,2) width 8: "g"
                                                    RenderTableCell {TD} at (54,26) size 172x22 [border: (1px inset #808080)] [r=1 c=2 rs=1 cs=1]
                                                      RenderText {#text} at (2,2) size 8x17
                                                        text run at (2,2) width 8: "h"
                                                    RenderTableCell {TD} at (228,26) size 25x22 [border: (1px inset #808080)] [r=1 c=3 rs=1 cs=1]
                                                      RenderText {#text} at (2,2) size 5x17
                                                        text run at (2,2) width 5: "i"
                                                    RenderTableCell {TD} at (255,26) size 25x22 [border: (1px inset #808080)] [r=1 c=4 rs=1 cs=1]
                                                      RenderText {#text} at (2,2) size 5x17
                                                        text run at (2,2) width 5: "j"
                                                  RenderTableRow {TR} at (0,50) size 282x146
                                                    RenderTableCell {TD} at (2,112) size 24x22 [border: (1px inset #808080)] [r=2 c=0 rs=1 cs=1]
                                                      RenderText {#text} at (2,2) size 8x17
                                                        text run at (2,2) width 8: "k"
                                                    RenderTableCell {TD} at (28,112) size 24x22 [border: (1px inset #808080)] [r=2 c=1 rs=1 cs=1]
                                                      RenderText {#text} at (2,2) size 5x17
                                                        text run at (2,2) width 5: "l"
                                                    RenderTableCell {TD} at (54,50) size 172x146 [border: (1px inset #808080)] [r=2 c=2 rs=1 cs=1]
                                                      RenderTable {TABLE} at (2,2) size 168x124 [bgcolor=#FFA500] [border: (1px outset #808080)]
                                                        RenderTableSection {TBODY} at (1,1) size 166x122
                                                          RenderTableRow {TR} at (0,2) size 166x22
                                                            RenderTableCell {TD} at (2,2) size 28x22 [border: (1px inset #808080)] [r=0 c=0 rs=1 cs=1]
                                                              RenderText {#text} at (2,2) size 8x17
                                                                text run at (2,2) width 8: "a"
                                                            RenderTableCell {TD} at (32,2) size 28x22 [border: (1px inset #808080)] [r=0 c=1 rs=1 cs=1]
                                                              RenderText {#text} at (2,2) size 8x17
                                                                text run at (2,2) width 8: "b"
                                                            RenderTableCell {TD} at (62,2) size 40x22 [border: (1px inset #808080)] [r=0 c=2 rs=1 cs=1]
                                                              RenderText {#text} at (2,2) size 8x17
                                                                text run at (2,2) width 8: "c"
                                                            RenderTableCell {TD} at (104,2) size 29x22 [border: (1px inset #808080)] [r=0 c=3 rs=1 cs=1]
                                                              RenderText {#text} at (2,2) size 8x17
                                                                text run at (2,2) width 8: "d"
                                                            RenderTableCell {TD} at (135,2) size 29x22 [border: (1px inset #808080)] [r=0 c=4 rs=1 cs=1]
                                                              RenderText {#text} at (2,2) size 8x17
                                                                text run at (2,2) width 8: "e"
                                                          RenderTableRow {TR} at (0,26) size 166x22
                                                            RenderTableCell {TD} at (2,26) size 28x22 [border: (1px inset #808080)] [r=1 c=0 rs=1 cs=1]
                                                              RenderText {#text} at (2,2) size 6x17
                                                                text run at (2,2) width 6: "f"
                                                            RenderTableCell {TD} at (32,26) size 28x22 [border: (1px inset #808080)] [r=1 c=1 rs=1 cs=1]
                                                              RenderText {#text} at (2,2) size 8x17
                                                                text run at (2,2) width 8: "g"
                                                            RenderTableCell {TD} at (62,26) size 40x22 [border: (1px inset #808080)] [r=1 c=2 rs=1 cs=1]
                                                              RenderText {#text} at (2,2) size 8x17
                                                                text run at (2,2) width 8: "h"
                                                            RenderTableCell {TD} at (104,26) size 29x22 [border: (1px inset #808080)] [r=1 c=3 rs=1 cs=1]
                                                              RenderText {#text} at (2,2) size 5x17
                                                                text run at (2,2) width 5: "i"
                                                            RenderTableCell {TD} at (135,26) size 29x22 [border: (1px inset #808080)] [r=1 c=4 rs=1 cs=1]
                                                              RenderText {#text} at (2,2) size 5x17
                                                                text run at (2,2) width 5: "j"
                                                          RenderTableRow {TR} at (0,50) size 166x22
                                                            RenderTableCell {TD} at (2,50) size 28x22 [border: (1px inset #808080)] [r=2 c=0 rs=1 cs=1]
                                                              RenderText {#text} at (2,2) size 8x17
                                                                text run at (2,2) width 8: "k"
                                                            RenderTableCell {TD} at (32,50) size 28x22 [border: (1px inset #808080)] [r=2 c=1 rs=1 cs=1]
                                                              RenderText {#text} at (2,2) size 5x17
                                                                text run at (2,2) width 5: "l"
                                                            RenderTableCell {TD} at (62,50) size 40x22 [border: (1px inset #808080)] [r=2 c=2 rs=1 cs=1]
                                                              RenderText {#text} at (2,2) size 13x17
                                                                text run at (2,2) width 13: "m"
                                                            RenderTableCell {TD} at (104,50) size 29x22 [border: (1px inset #808080)] [r=2 c=3 rs=1 cs=1]
                                                              RenderText {#text} at (2,2) size 8x17
                                                                text run at (2,2) width 8: "n"
                                                            RenderTableCell {TD} at (135,50) size 29x22 [border: (1px inset #808080)] [r=2 c=4 rs=1 cs=1]
                                                              RenderText {#text} at (2,2) size 8x17
                                                                text run at (2,2) width 8: "o"
                                                          RenderTableRow {TR} at (0,74) size 166x22
                                                            RenderTableCell {TD} at (2,74) size 28x22 [border: (1px inset #808080)] [r=3 c=0 rs=1 cs=1]
                                                              RenderText {#text} at (2,2) size 8x17
                                                                text run at (2,2) width 8: "p"
                                                            RenderTableCell {TD} at (32,74) size 28x22 [border: (1px inset #808080)] [r=3 c=1 rs=1 cs=1]
                                                              RenderText {#text} at (2,2) size 8x17
                                                                text run at (2,2) width 8: "q"
                                                            RenderTableCell {TD} at (62,74) size 40x22 [border: (1px inset #808080)] [r=3 c=2 rs=1 cs=1]
                                                              RenderText {#text} at (2,2) size 6x17
                                                                text run at (2,2) width 6: "r"
                                                            RenderTableCell {TD} at (104,74) size 29x22 [border: (1px inset #808080)] [r=3 c=3 rs=1 cs=1]
                                                              RenderText {#text} at (2,2) size 7x17
                                                                text run at (2,2) width 7: "s"
                                                            RenderTableCell {TD} at (135,74) size 29x22 [border: (1px inset #808080)] [r=3 c=4 rs=1 cs=1]
                                                              RenderText {#text} at (2,2) size 5x17
                                                                text run at (2,2) width 5: "t"
                                                          RenderTableRow {TR} at (0,98) size 166x22
                                                            RenderTableCell {TD} at (2,98) size 28x22 [border: (1px inset #808080)] [r=4 c=0 rs=1 cs=1]
                                                              RenderText {#text} at (2,2) size 8x17
                                                                text run at (2,2) width 8: "u"
                                                            RenderTableCell {TD} at (32,98) size 28x22 [border: (1px inset #808080)] [r=4 c=1 rs=1 cs=1]
                                                              RenderText {#text} at (2,2) size 8x17
                                                                text run at (2,2) width 8: "v"
                                                            RenderTableCell {TD} at (62,98) size 40x22 [border: (1px inset #808080)] [r=4 c=2 rs=1 cs=1]
                                                              RenderText {#text} at (2,2) size 12x17
                                                                text run at (2,2) width 12: "w"
                                                            RenderTableCell {TD} at (104,98) size 29x22 [border: (1px inset #808080)] [r=4 c=3 rs=1 cs=1]
                                                              RenderText {#text} at (2,2) size 8x17
                                                                text run at (2,2) width 8: "x"
                                                            RenderTableCell {TD} at (135,98) size 29x22 [border: (1px inset #808080)] [r=4 c=4 rs=1 cs=1]
                                                              RenderText {#text} at (2,2) size 8x17
                                                                text run at (2,2) width 8: "y"
                                                      RenderBlock (anonymous) at (2,126) size 168x18
                                                        RenderText {#text} at (0,0) size 4x17
                                                          text run at (0,0) width 4: " "
                                                    RenderTableCell {TD} at (228,112) size 25x22 [border: (1px inset #808080)] [r=2 c=3 rs=1 cs=1]
                                                      RenderText {#text} at (2,2) size 8x17
                                                        text run at (2,2) width 8: "n"
                                                    RenderTableCell {TD} at (255,112) size 25x22 [border: (1px inset #808080)] [r=2 c=4 rs=1 cs=1]
                                                      RenderText {#text} at (2,2) size 8x17
                                                        text run at (2,2) width 8: "o"
                                                  RenderTableRow {TR} at (0,198) size 282x22
                                                    RenderTableCell {TD} at (2,198) size 24x22 [border: (1px inset #808080)] [r=3 c=0 rs=1 cs=1]
                                                      RenderText {#text} at (2,2) size 8x17
                                                        text run at (2,2) width 8: "p"
                                                    RenderTableCell {TD} at (28,198) size 24x22 [border: (1px inset #808080)] [r=3 c=1 rs=1 cs=1]
                                                      RenderText {#text} at (2,2) size 8x17
                                                        text run at (2,2) width 8: "q"
                                                    RenderTableCell {TD} at (54,198) size 172x22 [border: (1px inset #808080)] [r=3 c=2 rs=1 cs=1]
                                                      RenderText {#text} at (2,2) size 6x17
                                                        text run at (2,2) width 6: "r"
                                                    RenderTableCell {TD} at (228,198) size 25x22 [border: (1px inset #808080)] [r=3 c=3 rs=1 cs=1]
                                                      RenderText {#text} at (2,2) size 7x17
                                                        text run at (2,2) width 7: "s"
                                                    RenderTableCell {TD} at (255,198) size 25x22 [border: (1px inset #808080)] [r=3 c=4 rs=1 cs=1]
                                                      RenderText {#text} at (2,2) size 5x17
                                                        text run at (2,2) width 5: "t"
                                                  RenderTableRow {TR} at (0,222) size 282x22
                                                    RenderTableCell {TD} at (2,222) size 24x22 [border: (1px inset #808080)] [r=4 c=0 rs=1 cs=1]
                                                      RenderText {#text} at (2,2) size 8x17
                                                        text run at (2,2) width 8: "u"
                                                    RenderTableCell {TD} at (28,222) size 24x22 [border: (1px inset #808080)] [r=4 c=1 rs=1 cs=1]
                                                      RenderText {#text} at (2,2) size 8x17
                                                        text run at (2,2) width 8: "v"
                                                    RenderTableCell {TD} at (54,222) size 172x22 [border: (1px inset #808080)] [r=4 c=2 rs=1 cs=1]
                                                      RenderText {#text} at (2,2) size 12x17
                                                        text run at (2,2) width 12: "w"
                                                    RenderTableCell {TD} at (228,222) size 25x22 [border: (1px inset #808080)] [r=4 c=3 rs=1 cs=1]
                                                      RenderText {#text} at (2,2) size 8x17
                                                        text run at (2,2) width 8: "x"
                                                    RenderTableCell {TD} at (255,222) size 25x22 [border: (1px inset #808080)] [r=4 c=4 rs=1 cs=1]
                                                      RenderText {#text} at (2,2) size 8x17
                                                        text run at (2,2) width 8: "y"
                                              RenderBlock (anonymous) at (2,250) size 284x18
                                                RenderText {#text} at (0,0) size 4x17
                                                  text run at (0,0) width 4: " "
                                            RenderTableCell {TD} at (342,174) size 23x22 [border: (1px inset #808080)] [r=2 c=3 rs=1 cs=1]
                                              RenderText {#text} at (2,2) size 8x17
                                                text run at (2,2) width 8: "n"
                                            RenderTableCell {TD} at (367,174) size 24x22 [border: (1px inset #808080)] [r=2 c=4 rs=1 cs=1]
                                              RenderText {#text} at (2,2) size 8x17
                                                text run at (2,2) width 8: "o"
                                          RenderTableRow {TR} at (0,322) size 393x22
                                            RenderTableCell {TD} at (2,322) size 23x22 [border: (1px inset #808080)] [r=3 c=0 rs=1 cs=1]
                                              RenderText {#text} at (2,2) size 8x17
                                                text run at (2,2) width 8: "p"
                                            RenderTableCell {TD} at (27,322) size 23x22 [border: (1px inset #808080)] [r=3 c=1 rs=1 cs=1]
                                              RenderText {#text} at (2,2) size 8x17
                                                text run at (2,2) width 8: "q"
                                            RenderTableCell {TD} at (52,322) size 288x22 [border: (1px inset #808080)] [r=3 c=2 rs=1 cs=1]
                                              RenderText {#text} at (2,2) size 6x17
                                                text run at (2,2) width 6: "r"
                                            RenderTableCell {TD} at (342,322) size 23x22 [border: (1px inset #808080)] [r=3 c=3 rs=1 cs=1]
                                              RenderText {#text} at (2,2) size 7x17
                                                text run at (2,2) width 7: "s"
                                            RenderTableCell {TD} at (367,322) size 24x22 [border: (1px inset #808080)] [r=3 c=4 rs=1 cs=1]
                                              RenderText {#text} at (2,2) size 5x17
                                                text run at (2,2) width 5: "t"
                                          RenderTableRow {TR} at (0,346) size 393x22
                                            RenderTableCell {TD} at (2,346) size 23x22 [border: (1px inset #808080)] [r=4 c=0 rs=1 cs=1]
                                              RenderText {#text} at (2,2) size 8x17
                                                text run at (2,2) width 8: "u"
                                            RenderTableCell {TD} at (27,346) size 23x22 [border: (1px inset #808080)] [r=4 c=1 rs=1 cs=1]
                                              RenderText {#text} at (2,2) size 8x17
                                                text run at (2,2) width 8: "v"
                                            RenderTableCell {TD} at (52,346) size 288x22 [border: (1px inset #808080)] [r=4 c=2 rs=1 cs=1]
                                              RenderText {#text} at (2,2) size 12x17
                                                text run at (2,2) width 12: "w"
                                            RenderTableCell {TD} at (342,346) size 23x22 [border: (1px inset #808080)] [r=4 c=3 rs=1 cs=1]
                                              RenderText {#text} at (2,2) size 8x17
                                                text run at (2,2) width 8: "x"
                                            RenderTableCell {TD} at (367,346) size 24x22 [border: (1px inset #808080)] [r=4 c=4 rs=1 cs=1]
                                              RenderText {#text} at (2,2) size 8x17
                                                text run at (2,2) width 8: "y"
                                      RenderBlock (anonymous) at (2,374) size 395x18
                                        RenderText {#text} at (0,0) size 4x17
                                          text run at (0,0) width 4: " "
                                    RenderTableCell {TD} at (451,212) size 22x22 [border: (1px inset #808080)] [r=1 c=3 rs=1 cs=1]
                                      RenderText {#text} at (2,2) size 8x17
                                        text run at (2,2) width 8: "9"
                                    RenderTableCell {TD} at (475,212) size 23x22 [border: (1px inset #808080)] [r=1 c=4 rs=1 cs=1]
                                      RenderText {#text} at (2,2) size 8x17
                                        text run at (2,2) width 8: "0"
                                  RenderTableRow {TR} at (0,422) size 500x22
                                    RenderTableCell {TD} at (2,422) size 22x22 [border: (1px inset #808080)] [r=2 c=0 rs=1 cs=1]
                                      RenderText {#text} at (2,2) size 8x17
                                        text run at (2,2) width 8: "a"
                                    RenderTableCell {TD} at (26,422) size 22x22 [border: (1px inset #808080)] [r=2 c=1 rs=1 cs=1]
                                      RenderText {#text} at (2,2) size 8x17
                                        text run at (2,2) width 8: "b"
                                    RenderTableCell {TD} at (50,422) size 399x22 [border: (1px inset #808080)] [r=2 c=2 rs=1 cs=1]
                                      RenderText {#text} at (2,2) size 8x17
                                        text run at (2,2) width 8: "c"
                                    RenderTableCell {TD} at (451,422) size 22x22 [border: (1px inset #808080)] [r=2 c=3 rs=1 cs=1]
                                      RenderText {#text} at (2,2) size 8x17
                                        text run at (2,2) width 8: "d"
                                    RenderTableCell {TD} at (475,422) size 23x22 [border: (1px inset #808080)] [r=2 c=4 rs=1 cs=1]
                                      RenderText {#text} at (2,2) size 8x17
                                        text run at (2,2) width 8: "e"
                                  RenderTableRow {TR} at (0,446) size 500x22
                                    RenderTableCell {TD} at (2,446) size 22x22 [border: (1px inset #808080)] [r=3 c=0 rs=1 cs=1]
                                      RenderText {#text} at (2,2) size 6x17
                                        text run at (2,2) width 6: "f"
                                    RenderTableCell {TD} at (26,446) size 22x22 [border: (1px inset #808080)] [r=3 c=1 rs=1 cs=1]
                                      RenderText {#text} at (2,2) size 8x17
                                        text run at (2,2) width 8: "g"
                                    RenderTableCell {TD} at (50,446) size 399x22 [border: (1px inset #808080)] [r=3 c=2 rs=1 cs=1]
                                      RenderText {#text} at (2,2) size 8x17
                                        text run at (2,2) width 8: "h"
                                    RenderTableCell {TD} at (451,446) size 22x22 [border: (1px inset #808080)] [r=3 c=3 rs=1 cs=1]
                                      RenderText {#text} at (2,2) size 5x17
                                        text run at (2,2) width 5: "i"
                                    RenderTableCell {TD} at (475,446) size 23x22 [border: (1px inset #808080)] [r=3 c=4 rs=1 cs=1]
                                      RenderText {#text} at (2,2) size 5x17
                                        text run at (2,2) width 5: "j"
                                  RenderTableRow {TR} at (0,470) size 500x22
                                    RenderTableCell {TD} at (2,470) size 22x22 [border: (1px inset #808080)] [r=4 c=0 rs=1 cs=1]
                                      RenderText {#text} at (2,2) size 8x17
                                        text run at (2,2) width 8: "k"
                                    RenderTableCell {TD} at (26,470) size 22x22 [border: (1px inset #808080)] [r=4 c=1 rs=1 cs=1]
                                      RenderText {#text} at (2,2) size 5x17
                                        text run at (2,2) width 5: "l"
                                    RenderTableCell {TD} at (50,470) size 399x22 [border: (1px inset #808080)] [r=4 c=2 rs=1 cs=1]
                                      RenderText {#text} at (2,2) size 13x17
                                        text run at (2,2) width 13: "m"
                                    RenderTableCell {TD} at (451,470) size 22x22 [border: (1px inset #808080)] [r=4 c=3 rs=1 cs=1]
                                      RenderText {#text} at (2,2) size 8x17
                                        text run at (2,2) width 8: "n"
                                    RenderTableCell {TD} at (475,470) size 23x22 [border: (1px inset #808080)] [r=4 c=4 rs=1 cs=1]
                                      RenderText {#text} at (2,2) size 8x17
                                        text run at (2,2) width 8: "o"
                              RenderBlock (anonymous) at (2,498) size 502x18
                                RenderText {#text} at (0,0) size 4x17
                                  text run at (0,0) width 4: " "
                            RenderTableCell {TD} at (533,250) size 22x22 [border: (1px inset #808080)] [r=0 c=2 rs=1 cs=1]
                              RenderText {#text} at (2,2) size 8x17
                                text run at (2,2) width 8: "3"
                          RenderTableRow {TR} at (0,522) size 557x22
                            RenderTableCell {TD} at (2,522) size 21x22 [border: (1px inset #808080)] [r=1 c=0 rs=1 cs=1]
                              RenderText {#text} at (2,2) size 8x17
                                text run at (2,2) width 8: "4"
                            RenderTableCell {TD} at (25,522) size 506x22 [border: (1px inset #808080)] [r=1 c=1 rs=1 cs=1]
                              RenderText {#text} at (2,2) size 8x17
                                text run at (2,2) width 8: "5"
                            RenderTableCell {TD} at (533,522) size 22x22 [border: (1px inset #808080)] [r=1 c=2 rs=1 cs=1]
                              RenderText {#text} at (2,2) size 8x17
                                text run at (2,2) width 8: "6"
                          RenderTableRow {TR} at (0,546) size 557x22
                            RenderTableCell {TD} at (2,546) size 21x22 [border: (1px inset #808080)] [r=2 c=0 rs=1 cs=1]
                              RenderText {#text} at (2,2) size 8x17
                                text run at (2,2) width 8: "7"
                            RenderTableCell {TD} at (25,546) size 506x22 [border: (1px inset #808080)] [r=2 c=1 rs=1 cs=1]
                              RenderText {#text} at (2,2) size 8x17
                                text run at (2,2) width 8: "8"
                            RenderTableCell {TD} at (533,546) size 22x22 [border: (1px inset #808080)] [r=2 c=2 rs=1 cs=1]
                              RenderText {#text} at (2,2) size 8x17
                                text run at (2,2) width 8: "9"
                      RenderBlock (anonymous) at (1,573) size 559x18
                        RenderText {#text} at (0,0) size 4x17
                          text run at (0,0) width 4: " "
                    RenderTableCell {TD} at (584,310) size 18x20 [r=1 c=2 rs=1 cs=1]
                      RenderText {#text} at (1,1) size 8x17
                        text run at (1,1) width 8: "6"
                  RenderTableRow {TR} at (0,618) size 604x20
                    RenderTableCell {TD} at (2,618) size 17x20 [r=2 c=0 rs=1 cs=1]
                      RenderText {#text} at (1,1) size 8x17
                        text run at (1,1) width 8: "7"
                    RenderTableCell {TD} at (21,618) size 561x20 [r=2 c=1 rs=1 cs=1]
                      RenderText {#text} at (1,1) size 8x17
                        text run at (1,1) width 8: "8"
                    RenderTableCell {TD} at (584,618) size 18x20 [r=2 c=2 rs=1 cs=1]
                      RenderText {#text} at (1,1) size 8x17
                        text run at (1,1) width 8: "9"
              RenderBlock (anonymous) at (2,642) size 604x18
                RenderText {#text} at (0,0) size 4x17
                  text run at (0,0) width 4: " "
            RenderTableCell {TD} at (612,370) size 75x22 [border: (1px inset #808080)] [r=2 c=1 rs=1 cs=1]
              RenderText {#text} at (2,2) size 8x17
                text run at (2,2) width 8: "8"
            RenderTableCell {TD} at (689,370) size 75x22 [border: (1px inset #808080)] [r=2 c=2 rs=1 cs=1]
              RenderText {#text} at (2,2) size 8x17
                text run at (2,2) width 8: "9"
