layer at (0,0) size 784x1309
  RenderView at (0,0) size 784x600
layer at (0,0) size 784x1309
  RenderBlock {HTML} at (0,0) size 784x1309
    RenderBody {BODY} at (8,8) size 768x1285 [bgcolor=#FFDEAD]
      RenderBlock (anonymous) at (0,0) size 768x18
        RenderText {#text} at (0,0) size 611x17
          text run at (0,0) width 611: "If there is missing vertical space between tables and/or tables and other content, it is bug 6997. "
        RenderBR {BR} at (610,14) size 1x0
      RenderBlock {H1} at (0,39) size 768x74
        RenderInline {FONT} at (0,0) size 475x73 [color=#FF0000]
          RenderText {#text} at (0,0) size 297x36
            text run at (0,0) width 297: "Acceptance Test Case"
          RenderBR {BR} at (296,29) size 1x0
          RenderText {#text} at (0,37) size 475x36
            text run at (0,37) width 475: "Web Browser: Web View (HTML)"
      RenderBlock {P} at (0,134) size 768x27
        RenderInline {FONT} at (0,0) size 219x26 [color=#FF0000]
          RenderInline {B} at (0,0) size 219x26
            RenderText {#text} at (0,0) size 219x26
              text run at (0,0) width 219: "Table: <TR> ALIGN"
        RenderText {#text} at (0,0) size 0x0
      RenderBlock {HR} at (0,177) size 768x2 [border: (1px inset #000000)]
      RenderBlock (anonymous) at (0,187) size 768x72
        RenderText {#text} at (0,0) size 277x17
          text run at (0,0) width 277: "This acceptance test case tests the optional "
        RenderInline {B} at (0,0) size 42x17
          RenderText {#text} at (276,0) size 42x17
            text run at (276,0) width 42: "<TR>"
        RenderText {#text} at (317,0) size 28x17
          text run at (317,0) width 28: " tag "
        RenderInline {B} at (0,0) size 54x17
          RenderText {#text} at (344,0) size 54x17
            text run at (344,0) width 54: "ALIGN"
        RenderText {#text} at (397,0) size 751x53
          text run at (397,0) width 184: " attribute which controls the "
          text run at (580,0) width 171: "horizontal alignment of all"
          text run at (0,18) width 504: "the cells in a row. This cause the contents of each cell in the row to be aligned "
          text run at (503,18) width 229: "either LEFT|CENTER|RIGHT with"
          text run at (0,36) width 432: "respect to the current left and right margins of the display window. "
          text run at (431,36) width 30: "The "
        RenderInline {B} at (0,0) size 51x17
          RenderText {#text} at (460,36) size 51x17
            text run at (460,36) width 51: "Header"
        RenderText {#text} at (510,36) size 182x17
          text run at (510,36) width 182: " cells by default are aligned "
        RenderInline {B} at (0,0) size 68x17
          RenderText {#text} at (691,36) size 68x17
            text run at (691,36) width 68: "CENTER"
        RenderText {#text} at (0,54) size 64x17
          text run at (0,54) width 64: "while the "
        RenderInline {B} at (0,0) size 33x17
          RenderText {#text} at (63,54) size 33x17
            text run at (63,54) width 33: "Data"
        RenderText {#text} at (95,54) size 182x17
          text run at (95,54) width 182: " cells by default are aligned "
        RenderInline {B} at (0,0) size 43x17
          RenderText {#text} at (276,54) size 43x17
            text run at (276,54) width 43: "LEFT"
        RenderText {#text} at (318,54) size 5x17
          text run at (318,54) width 5: "."
      RenderBlock {P} at (0,275) size 768x18
        RenderInline {B} at (0,0) size 122x17
          RenderText {#text} at (0,0) size 122x17
            text run at (0,0) width 122: "Test Instructions:"
        RenderText {#text} at (0,0) size 0x0
      RenderBlock {OL} at (0,309) size 768x210
        RenderListItem {LI} at (40,0) size 728x18
          RenderListMarker at (-20,0) size 16x17: "1"
          RenderText {#text} at (0,0) size 511x17
            text run at (0,0) width 511: "Verify that the sample text displays as stated in each of the following test cases:"
        RenderBlock {P} at (40,34) size 728x70
          RenderTable {TABLE} at (0,0) size 721x70 [bgcolor=#F08080]
            RenderTableSection {TBODY} at (0,0) size 721x70
              RenderTableRow {TR} at (0,2) size 721x32
                RenderTableCell {TD} at (2,2) size 97x32 [r=0 c=0 rs=1 cs=1]
                  RenderInline {A} at (0,0) size 83x17 [color=#0000EE]
                    RenderText {#text} at (7,7) size 83x17
                      text run at (7,7) width 83: "Test Case #1"
                RenderTableCell {TD} at (101,2) size 618x32 [r=0 c=1 rs=1 cs=1]
                  RenderInline {FONT} at (0,0) size 604x17 [color=#0000FF]
                    RenderInline {B} at (0,0) size 604x17
                      RenderText {#text} at (7,7) size 604x17
                        text run at (7,7) width 604: "Table displaying Header \"CENTER \"& Data \"LEFT\" default horizontal row alignment"
              RenderTableRow {TR} at (0,36) size 721x32
                RenderTableCell {TD} at (2,36) size 97x32 [r=1 c=0 rs=1 cs=1]
                  RenderInline {A} at (0,0) size 83x17 [color=#0000EE]
                    RenderText {#text} at (7,7) size 83x17
                      text run at (7,7) width 83: "Test Case #2"
                RenderTableCell {TD} at (101,36) size 618x32 [r=1 c=1 rs=1 cs=1]
                  RenderInline {FONT} at (0,0) size 597x17 [color=#0000FF]
                    RenderInline {B} at (0,0) size 597x17
                      RenderText {#text} at (7,7) size 597x17
                        text run at (7,7) width 597: "Tables displaying Header & Data \"LEFT|CENTER|RIGHT\" horizontal row alignment"
        RenderBlock {P} at (40,120) size 728x0
        RenderListItem {LI} at (40,120) size 728x18
          RenderListMarker at (-20,0) size 16x17: "2"
          RenderText {#text} at (0,0) size 289x17
            text run at (0,0) width 289: "Verify that the table is maintained when you "
          RenderInline {B} at (0,0) size 135x17
            RenderText {#text} at (288,0) size 135x17
              text run at (288,0) width 135: "minimize/maximize"
          RenderText {#text} at (422,0) size 73x17
            text run at (422,0) width 73: " the screen."
        RenderListItem {LI} at (40,138) size 728x18
          RenderListMarker at (-20,0) size 16x17: "3"
          RenderText {#text} at (0,0) size 289x17
            text run at (0,0) width 289: "Verify that the table is maintained when you "
          RenderInline {B} at (0,0) size 127x17
            RenderText {#text} at (288,0) size 127x17
              text run at (288,0) width 127: "re-size left & right"
          RenderText {#text} at (414,0) size 73x17
            text run at (414,0) width 73: " the screen."
        RenderListItem {LI} at (40,156) size 728x18
          RenderListMarker at (-20,0) size 16x17: "4"
          RenderText {#text} at (0,0) size 289x17
            text run at (0,0) width 289: "Verify that the table is maintained when you "
          RenderInline {B} at (0,0) size 142x17
            RenderText {#text} at (288,0) size 142x17
              text run at (288,0) width 142: "re-size top & bottom"
          RenderText {#text} at (429,0) size 74x17
            text run at (429,0) width 74: " the screen."
        RenderListItem {LI} at (40,174) size 728x18
          RenderListMarker at (-20,0) size 16x17: "5"
          RenderText {#text} at (0,0) size 418x17
            text run at (0,0) width 418: "Verify re-draw takes place correctly after maximizing the screen."
        RenderListItem {LI} at (40,192) size 728x18
          RenderListMarker at (-20,0) size 16x17: "6"
          RenderText {#text} at (0,0) size 133x17
            text run at (0,0) width 133: "Verify reload works."
      RenderBlock {HR} at (0,535) size 768x2 [border: (1px inset #000000)]
      RenderBlock {P} at (0,553) size 768x62
        RenderTable {TABLE} at (0,0) size 768x62 [bgcolor=#F08080] [border: (1px outset #808080)]
          RenderTableSection {TBODY} at (1,1) size 766x60
            RenderTableRow {TR} at (0,2) size 766x56
              RenderTableCell {TH} at (2,2) size 762x56 [border: (1px inset #808080)] [r=0 c=0 rs=1 cs=1]
                RenderInline {A} at (0,0) size 0x0
                RenderText {#text} at (12,11) size 97x17
                  text run at (12,11) width 97: "Test Case #1: "
                RenderInline {FONT} at (0,0) size 604x17 [color=#0000FF]
                  RenderText {#text} at (108,11) size 604x17
                    text run at (108,11) width 604: "Table displaying Header \"CENTER \"& Data \"LEFT\" default horizontal row alignment"
                RenderText {#text} at (711,11) size 5x17
                  text run at (711,11) width 5: " "
                RenderInline {FONT} at (0,0) size 397x31
                  RenderInline {I} at (0,0) size 397x31
                    RenderText {#text} at (715,13) size 397x31
                      text run at (715,13) width 35: "(using"
                      text run at (353,29) width 56: "<TR> tag)"
                RenderText {#text} at (0,0) size 0x0
      RenderBlock {P} at (0,631) size 768x70
        RenderTable {TABLE} at (0,0) size 345x70 [bgcolor=#FFE4C4] [border: (1px outset #808080)]
          RenderBlock {CAPTION} at (0,0) size 343x18
            RenderText {#text} at (57,0) size 229x17
              text run at (57,0) width 229: "Default Horizontal Row Alignment"
          RenderTableSection {TBODY} at (1,19) size 343x50
            RenderTableRow {TR} at (0,2) size 343x22
              RenderTableCell {TH} at (2,2) size 111x22 [border: (1px inset #808080)] [r=0 c=0 rs=1 cs=1]
                RenderText {#text} at (17,2) size 77x17
                  text run at (17,2) width 77: "row head 1"
              RenderTableCell {TH} at (115,2) size 112x22 [border: (1px inset #808080)] [r=0 c=1 rs=1 cs=1]
                RenderText {#text} at (18,2) size 76x17
                  text run at (18,2) width 76: "row head 2"
              RenderTableCell {TH} at (229,2) size 112x22 [border: (1px inset #808080)] [r=0 c=2 rs=1 cs=1]
                RenderText {#text} at (18,2) size 76x17
                  text run at (18,2) width 76: "row head 3"
            RenderTableRow {TR} at (0,26) size 343x22
              RenderTableCell {TD} at (2,26) size 111x22 [border: (1px inset #808080)] [r=1 c=0 rs=1 cs=1]
                RenderText {#text} at (2,2) size 68x17
                  text run at (2,2) width 68: "row data 1"
              RenderTableCell {TD} at (115,26) size 112x22 [border: (1px inset #808080)] [r=1 c=1 rs=1 cs=1]
                RenderText {#text} at (2,2) size 68x17
                  text run at (2,2) width 68: "row data 2"
              RenderTableCell {TD} at (229,26) size 112x22 [border: (1px inset #808080)] [r=1 c=2 rs=1 cs=1]
                RenderText {#text} at (2,2) size 68x17
                  text run at (2,2) width 68: "row data 3"
      RenderBlock {HR} at (0,717) size 768x2 [border: (1px inset #000000)]
      RenderBlock {P} at (0,735) size 768x62
        RenderTable {TABLE} at (0,0) size 768x62 [bgcolor=#F08080] [border: (1px outset #808080)]
          RenderTableSection {TBODY} at (1,1) size 766x60
            RenderTableRow {TR} at (0,2) size 766x56
              RenderTableCell {TH} at (2,2) size 762x56 [border: (1px inset #808080)] [r=0 c=0 rs=1 cs=1]
                RenderInline {A} at (0,0) size 0x0
                RenderText {#text} at (16,11) size 96x17
                  text run at (16,11) width 96: "Test Case #2: "
                RenderInline {FONT} at (0,0) size 597x17 [color=#0000FF]
                  RenderText {#text} at (111,11) size 597x17
                    text run at (111,11) width 597: "Tables displaying Header & Data \"LEFT|CENTER|RIGHT\" horizontal row alignment"
                RenderText {#text} at (707,11) size 5x17
                  text run at (707,11) width 5: " "
                RenderInline {FONT} at (0,0) size 485x31
                  RenderInline {I} at (0,0) size 485x31
                    RenderText {#text} at (711,13) size 485x31
                      text run at (711,13) width 35: "(using"
                      text run at (261,29) width 240: "<TR ALIGN=LEFT|CENTER|RIGHT> tag)"
                RenderText {#text} at (0,0) size 0x0
      RenderBlock {P} at (0,813) size 768x146
        RenderTable {TABLE} at (0,0) size 345x146 [bgcolor=#FFE4C4] [border: (1px outset #808080)]
          RenderBlock {CAPTION} at (0,0) size 343x18
            RenderText {#text} at (60,0) size 223x17
              text run at (60,0) width 223: "Horizontal Row Alignment=LEFT"
          RenderTableSection {TBODY} at (1,19) size 343x126
            RenderTableRow {TR} at (0,2) size 343x22
              RenderTableCell {TH} at (2,2) size 111x22 [border: (1px inset #808080)] [r=0 c=0 rs=1 cs=1]
                RenderText {#text} at (2,2) size 76x17
                  text run at (2,2) width 76: "row head 1"
              RenderTableCell {TH} at (115,2) size 112x22 [border: (1px inset #808080)] [r=0 c=1 rs=1 cs=1]
                RenderText {#text} at (2,2) size 76x17
                  text run at (2,2) width 76: "row head 2"
              RenderTableCell {TH} at (229,2) size 112x22 [border: (1px inset #808080)] [r=0 c=2 rs=1 cs=1]
                RenderText {#text} at (2,2) size 76x17
                  text run at (2,2) width 76: "row head 3"
            RenderTableRow {TR} at (0,26) size 343x22
              RenderTableCell {TD} at (2,26) size 111x22 [border: (1px inset #808080)] [r=1 c=0 rs=1 cs=1]
                RenderText {#text} at (2,2) size 68x17
                  text run at (2,2) width 68: "row data 1"
              RenderTableCell {TD} at (115,26) size 112x22 [border: (1px inset #808080)] [r=1 c=1 rs=1 cs=1]
                RenderText {#text} at (2,2) size 68x17
                  text run at (2,2) width 68: "row data 2"
              RenderTableCell {TD} at (229,26) size 112x22 [border: (1px inset #808080)] [r=1 c=2 rs=1 cs=1]
                RenderText {#text} at (2,2) size 68x17
                  text run at (2,2) width 68: "row data 3"
            RenderTableRow {TR} at (0,50) size 343x74 [bgcolor=#FFD700]
              RenderTableCell {TD} at (2,50) size 339x74 [border: (1px inset #808080)] [r=2 c=0 rs=1 cs=3]
                RenderBlock (anonymous) at (2,2) size 335x54
                  RenderInline {B} at (0,0) size 325x53
                    RenderInline {FONT} at (0,0) size 325x53 [color=#FF0000]
                      RenderText {#text} at (0,0) size 137x17
                        text run at (0,0) width 137: "Note: The attribute "
                      RenderInline {FONT} at (0,0) size 104x17 [color=#0000FF]
                        RenderText {#text} at (136,0) size 104x17
                          text run at (136,0) width 104: "ALIGN=LEFT"
                      RenderText {#text} at (239,0) size 325x53
                        text run at (239,0) width 49: " has no"
                        text run at (0,18) width 300: "special effect on the row data since it simply"
                        text run at (0,36) width 325: "reiterates the default horizontal row alignment!"
                RenderBlock (anonymous) at (2,56) size 335x0 [color=#FF0000]
                RenderBlock (anonymous) at (2,56) size 335x0
                  RenderInline {B} at (0,0) size 0x0
                    RenderInline {FONT} at (0,0) size 0x0 [color=#FF0000]
                RenderBlock {P} at (2,72) size 335x0
                  RenderInline {B} at (0,0) size 0x0
                    RenderInline {FONT} at (0,0) size 0x0 [color=#FF0000]
                  RenderText {#text} at (0,0) size 0x0
      RenderBlock {P} at (0,975) size 768x146
        RenderTable {TABLE} at (0,0) size 345x146 [bgcolor=#FFE4C4] [border: (1px outset #808080)]
          RenderBlock {CAPTION} at (0,0) size 343x18
            RenderText {#text} at (48,0) size 247x17
              text run at (48,0) width 247: "Horizontal Row Alignment=CENTER"
          RenderTableSection {TBODY} at (1,19) size 343x126
            RenderTableRow {TR} at (0,2) size 343x22
              RenderTableCell {TH} at (2,2) size 111x22 [border: (1px inset #808080)] [r=0 c=0 rs=1 cs=1]
                RenderText {#text} at (17,2) size 77x17
                  text run at (17,2) width 77: "row head 1"
              RenderTableCell {TH} at (115,2) size 112x22 [border: (1px inset #808080)] [r=0 c=1 rs=1 cs=1]
                RenderText {#text} at (18,2) size 76x17
                  text run at (18,2) width 76: "row head 2"
              RenderTableCell {TH} at (229,2) size 112x22 [border: (1px inset #808080)] [r=0 c=2 rs=1 cs=1]
                RenderText {#text} at (18,2) size 76x17
                  text run at (18,2) width 76: "row head 3"
            RenderTableRow {TR} at (0,26) size 343x22
              RenderTableCell {TD} at (2,26) size 111x22 [border: (1px inset #808080)] [r=1 c=0 rs=1 cs=1]
                RenderText {#text} at (21,2) size 69x17
                  text run at (21,2) width 69: "row data 1"
              RenderTableCell {TD} at (115,26) size 112x22 [border: (1px inset #808080)] [r=1 c=1 rs=1 cs=1]
                RenderText {#text} at (22,2) size 68x17
                  text run at (22,2) width 68: "row data 2"
              RenderTableCell {TD} at (229,26) size 112x22 [border: (1px inset #808080)] [r=1 c=2 rs=1 cs=1]
                RenderText {#text} at (22,2) size 68x17
                  text run at (22,2) width 68: "row data 3"
            RenderTableRow {TR} at (0,50) size 343x74 [bgcolor=#FFD700]
              RenderTableCell {TD} at (2,50) size 339x74 [border: (1px inset #808080)] [r=2 c=0 rs=1 cs=3]
                RenderBlock (anonymous) at (2,2) size 335x54
                  RenderInline {B} at (0,0) size 325x53
                    RenderInline {FONT} at (0,0) size 325x53 [color=#FF0000]
                      RenderText {#text} at (0,0) size 137x17
                        text run at (0,0) width 137: "Note: The attribute "
                      RenderInline {FONT} at (0,0) size 129x17 [color=#0000FF]
                        RenderText {#text} at (136,0) size 129x17
                          text run at (136,0) width 129: "ALIGN=CENTER"
                      RenderText {#text} at (264,0) size 325x53
                        text run at (264,0) width 49: " has no"
                        text run at (0,18) width 303: "special effect on the row head since it simply"
                        text run at (0,36) width 325: "reiterates the default horizontal row alignment!"
                RenderBlock (anonymous) at (2,56) size 335x0 [color=#FF0000]
                RenderBlock (anonymous) at (2,56) size 335x0
                  RenderInline {B} at (0,0) size 0x0
                    RenderInline {FONT} at (0,0) size 0x0 [color=#FF0000]
                RenderBlock {P} at (2,72) size 335x0
                  RenderInline {B} at (0,0) size 0x0
                    RenderInline {FONT} at (0,0) size 0x0 [color=#FF0000]
                  RenderText {#text} at (0,0) size 0x0
      RenderBlock {P} at (0,1137) size 768x70
        RenderTable {TABLE} at (0,0) size 345x70 [bgcolor=#FFE4C4] [border: (1px outset #808080)]
          RenderBlock {CAPTION} at (0,0) size 343x18
            RenderText {#text} at (55,0) size 233x17
              text run at (55,0) width 233: "Horizontal Row Alignment=RIGHT"
          RenderTableSection {TBODY} at (1,19) size 343x50
            RenderTableRow {TR} at (0,2) size 343x22
              RenderTableCell {TH} at (2,2) size 111x22 [border: (1px inset #808080)] [r=0 c=0 rs=1 cs=1]
                RenderText {#text} at (33,2) size 76x17
                  text run at (33,2) width 76: "row head 1"
              RenderTableCell {TH} at (115,2) size 112x22 [border: (1px inset #808080)] [r=0 c=1 rs=1 cs=1]
                RenderText {#text} at (34,2) size 76x17
                  text run at (34,2) width 76: "row head 2"
              RenderTableCell {TH} at (229,2) size 112x22 [border: (1px inset #808080)] [r=0 c=2 rs=1 cs=1]
                RenderText {#text} at (34,2) size 76x17
                  text run at (34,2) width 76: "row head 3"
            RenderTableRow {TR} at (0,26) size 343x22
              RenderTableCell {TD} at (2,26) size 111x22 [border: (1px inset #808080)] [r=1 c=0 rs=1 cs=1]
                RenderText {#text} at (41,2) size 68x17
                  text run at (41,2) width 68: "row data 1"
              RenderTableCell {TD} at (115,26) size 112x22 [border: (1px inset #808080)] [r=1 c=1 rs=1 cs=1]
                RenderText {#text} at (42,2) size 68x17
                  text run at (42,2) width 68: "row data 2"
              RenderTableCell {TD} at (229,26) size 112x22 [border: (1px inset #808080)] [r=1 c=2 rs=1 cs=1]
                RenderText {#text} at (42,2) size 68x17
                  text run at (42,2) width 68: "row data 3"
      RenderBlock {P} at (0,1223) size 768x0
      RenderBlock {HR} at (0,1223) size 768x2 [border: (1px inset #000000)]
      RenderBlock (anonymous) at (0,1233) size 768x18
        RenderImage {IMG} at (0,1) size 13x13
        RenderText {#text} at (13,0) size 123x17
          text run at (13,0) width 123: " Created 9/9/96 by "
        RenderInline {A} at (0,0) size 84x17 [color=#0000EE]
          RenderText {#text} at (135,0) size 84x17
            text run at (135,0) width 84: "Ronald Greti"
        RenderBR {BR} at (218,14) size 1x0
      RenderBlock {P} at (0,1267) size 768x18
        RenderBR {BR} at (0,0) size 0x17
      RenderBlock {P} at (0,1301) size 768x0
