layer at (0,0) size 784x2540
  RenderView at (0,0) size 784x600
layer at (0,0) size 784x2540
  RenderBlock {HTML} at (0,0) size 784x2540
    RenderBody {BODY} at (8,8) size 768x2516 [bgcolor=#FFDEAD]
      RenderBlock {H1} at (0,0) size 768x74
        RenderInline {FONT} at (0,0) size 475x73 [color=#FF0000]
          RenderText {#text} at (0,0) size 297x36
            text run at (0,0) width 297: "Acceptance Test Case"
          RenderBR {BR} at (296,29) size 1x0
          RenderText {#text} at (0,37) size 475x36
            text run at (0,37) width 475: "Web Browser: Web View (HTML)"
      RenderBlock {P} at (0,95) size 768x27
        RenderInline {FONT} at (0,0) size 357x26 [color=#FF0000]
          RenderInline {B} at (0,0) size 357x26
            RenderText {#text} at (0,0) size 357x26
              text run at (0,0) width 357: "Table: <TH> & <TD> ROWSPAN"
        RenderText {#text} at (0,0) size 0x0
      RenderBlock {HR} at (0,138) size 768x2 [border: (1px inset #000000)]
      RenderBlock (anonymous) at (0,148) size 768x54
        RenderText {#text} at (0,0) size 277x17
          text run at (0,0) width 277: "This acceptance test case tests the optional "
        RenderInline {B} at (0,0) size 43x17
          RenderText {#text} at (276,0) size 43x17
            text run at (276,0) width 43: "<TH>"
        RenderText {#text} at (318,0) size 21x17
          text run at (318,0) width 21: " & "
        RenderInline {B} at (0,0) size 42x17
          RenderText {#text} at (338,0) size 42x17
            text run at (338,0) width 42: "<TD>"
        RenderText {#text} at (379,0) size 28x17
          text run at (379,0) width 28: " tag "
        RenderInline {B} at (0,0) size 83x17
          RenderText {#text} at (406,0) size 83x17
            text run at (406,0) width 83: "ROWSPAN"
        RenderText {#text} at (488,0) size 740x35
          text run at (488,0) width 109: " attribute which, "
          text run at (596,0) width 144: "when placed in a table"
          text run at (0,18) width 564: "header or data tag, specifies how many rows the table header or data cell will span. The "
        RenderInline {B} at (0,0) size 83x17
          RenderText {#text} at (563,18) size 83x17
            text run at (563,18) width 83: "ROWSPAN"
        RenderText {#text} at (645,18) size 756x35
          text run at (645,18) width 111: " attribute is set to"
          text run at (0,36) width 494: "an integer value equal the number of rows the table header or data cell spans."
      RenderBlock {P} at (0,218) size 768x18
        RenderInline {B} at (0,0) size 122x17
          RenderText {#text} at (0,0) size 122x17
            text run at (0,0) width 122: "Test Instructions:"
        RenderText {#text} at (0,0) size 0x0
      RenderBlock {OL} at (0,252) size 768x244
        RenderListItem {LI} at (40,0) size 728x18
          RenderListMarker at (-20,0) size 16x17: "1"
          RenderText {#text} at (0,0) size 511x17
            text run at (0,0) width 511: "Verify that the sample text displays as stated in each of the following test cases:"
        RenderBlock {P} at (40,34) size 728x104
          RenderTable {TABLE} at (0,0) size 533x104 [bgcolor=#F08080]
            RenderTableSection {TBODY} at (0,0) size 533x104
              RenderTableRow {TR} at (0,2) size 533x32
                RenderTableCell {TD} at (2,2) size 97x32 [r=0 c=0 rs=1 cs=1]
                  RenderInline {A} at (0,0) size 83x17 [color=#0000EE]
                    RenderText {#text} at (7,7) size 83x17
                      text run at (7,7) width 83: "Test Case #1"
                RenderTableCell {TD} at (101,2) size 430x32 [r=0 c=1 rs=1 cs=1]
                  RenderInline {FONT} at (0,0) size 317x17 [color=#0000FF]
                    RenderInline {B} at (0,0) size 317x17
                      RenderText {#text} at (7,7) size 317x17
                        text run at (7,7) width 317: "table with header cells spanning multiple rows"
              RenderTableRow {TR} at (0,36) size 533x32
                RenderTableCell {TD} at (2,36) size 97x32 [r=1 c=0 rs=1 cs=1]
                  RenderInline {A} at (0,0) size 83x17 [color=#0000EE]
                    RenderText {#text} at (7,7) size 83x17
                      text run at (7,7) width 83: "Test Case #2"
                RenderTableCell {TD} at (101,36) size 430x32 [r=1 c=1 rs=1 cs=1]
                  RenderInline {FONT} at (0,0) size 300x17 [color=#0000FF]
                    RenderInline {B} at (0,0) size 300x17
                      RenderText {#text} at (7,7) size 300x17
                        text run at (7,7) width 300: "table with data cells spanning multiple rows"
              RenderTableRow {TR} at (0,70) size 533x32
                RenderTableCell {TD} at (2,70) size 97x32 [r=2 c=0 rs=1 cs=1]
                  RenderInline {A} at (0,0) size 83x17 [color=#0000EE]
                    RenderText {#text} at (7,7) size 83x17
                      text run at (7,7) width 83: "Test Case #3"
                RenderTableCell {TD} at (101,70) size 430x32 [r=2 c=1 rs=1 cs=1]
                  RenderInline {FONT} at (0,0) size 416x17 [color=#0000FF]
                    RenderInline {B} at (0,0) size 416x17
                      RenderText {#text} at (7,7) size 416x17
                        text run at (7,7) width 416: "table with nested header & data cells spanning multiple rows"
        RenderBlock {P} at (40,154) size 728x0
        RenderListItem {LI} at (40,154) size 728x18
          RenderListMarker at (-20,0) size 16x17: "2"
          RenderText {#text} at (0,0) size 289x17
            text run at (0,0) width 289: "Verify that the table is maintained when you "
          RenderInline {B} at (0,0) size 135x17
            RenderText {#text} at (288,0) size 135x17
              text run at (288,0) width 135: "minimize/maximize"
          RenderText {#text} at (422,0) size 73x17
            text run at (422,0) width 73: " the screen."
        RenderListItem {LI} at (40,172) size 728x18
          RenderListMarker at (-20,0) size 16x17: "3"
          RenderText {#text} at (0,0) size 289x17
            text run at (0,0) width 289: "Verify that the table is maintained when you "
          RenderInline {B} at (0,0) size 127x17
            RenderText {#text} at (288,0) size 127x17
              text run at (288,0) width 127: "re-size left & right"
          RenderText {#text} at (414,0) size 73x17
            text run at (414,0) width 73: " the screen."
        RenderListItem {LI} at (40,190) size 728x18
          RenderListMarker at (-20,0) size 16x17: "4"
          RenderText {#text} at (0,0) size 289x17
            text run at (0,0) width 289: "Verify that the table is maintained when you "
          RenderInline {B} at (0,0) size 142x17
            RenderText {#text} at (288,0) size 142x17
              text run at (288,0) width 142: "re-size top & bottom"
          RenderText {#text} at (429,0) size 74x17
            text run at (429,0) width 74: " the screen."
        RenderListItem {LI} at (40,208) size 728x18
          RenderListMarker at (-20,0) size 16x17: "5"
          RenderText {#text} at (0,0) size 418x17
            text run at (0,0) width 418: "Verify re-draw takes place correctly after maximizing the screen."
        RenderListItem {LI} at (40,226) size 728x18
          RenderListMarker at (-20,0) size 16x17: "6"
          RenderText {#text} at (0,0) size 133x17
            text run at (0,0) width 133: "Verify reload works."
      RenderBlock {HR} at (0,512) size 768x2 [border: (1px inset #000000)]
      RenderBlock {P} at (0,530) size 768x62
        RenderTable {TABLE} at (0,0) size 652x62 [bgcolor=#F08080] [border: (1px outset #808080)]
          RenderTableSection {TBODY} at (1,1) size 650x60
            RenderTableRow {TR} at (0,2) size 650x56
              RenderTableCell {TH} at (2,2) size 646x56 [border: (1px inset #808080)] [r=0 c=0 rs=1 cs=1]
                RenderInline {A} at (0,0) size 0x0
                RenderText {#text} at (11,11) size 96x17
                  text run at (11,11) width 96: "Test Case #1: "
                RenderInline {FONT} at (0,0) size 317x17 [color=#0000FF]
                  RenderText {#text} at (106,11) size 317x17
                    text run at (106,11) width 317: "table with header cells spanning multiple rows"
                RenderText {#text} at (423,11) size 4x17
                  text run at (423,11) width 4: " "
                RenderInline {FONT} at (0,0) size 590x31
                  RenderInline {I} at (0,0) size 590x31
                    RenderText {#text} at (427,13) size 590x31
                      text run at (427,13) width 174: "(using <TH ROWSPAN=integer"
                      text run at (11,29) width 61: "value> tag)"
                RenderText {#text} at (0,0) size 0x0
      RenderBlock {P} at (0,608) size 768x136
        RenderBlock (anonymous) at (0,0) size 768x18
          RenderBR {BR} at (0,0) size 0x17
        RenderTable {TABLE} at (0,18) size 691x118 [bgcolor=#FFD700] [border: (1px outset #808080)]
          RenderTableSection {TBODY} at (1,1) size 689x116
            RenderTableRow {TR} at (0,2) size 689x112
              RenderTableCell {TD} at (2,2) size 685x112 [border: (1px inset #808080)] [r=0 c=0 rs=1 cs=1]
                RenderInline {FONT} at (0,0) size 649x89 [color=#FF0000]
                  RenderInline {B} at (0,0) size 649x89
                    RenderText {#text} at (11,11) size 361x17
                      text run at (11,11) width 361: "In the following sample table you should see that the "
                    RenderInline {FONT} at (0,0) size 83x17 [color=#0000FF]
                      RenderText {#text} at (371,11) size 83x17
                        text run at (371,11) width 83: "ROWSPAN"
                    RenderText {#text} at (453,11) size 633x35
                      text run at (453,11) width 5: " "
                      text run at (457,11) width 187: "attribute applies an integer"
                      text run at (11,29) width 263: "value equal to the number of rows the "
                    RenderInline {FONT} at (0,0) size 69x17 [color=#0000FF]
                      RenderText {#text} at (273,29) size 69x17
                        text run at (273,29) width 69: "HEADER"
                    RenderText {#text} at (341,29) size 649x71
                      text run at (341,29) width 139: " cell is to span. This "
                      text run at (479,29) width 172: "tells the browser to make"
                      text run at (11,47) width 636: "the table header cell occupy the same vertical space as the integer number of cells specified in"
                      text run at (11,65) width 37: "rows "
                      text run at (47,65) width 613: "above or below it. The browser flows the contents of the spanning cell to occupy the entire"
                      text run at (11,83) width 103: "spanned space."
      RenderBlock {P} at (0,760) size 768x36
        RenderBR {BR} at (0,0) size 0x17
        RenderBR {BR} at (0,18) size 0x17
      RenderBlock {UL} at (0,812) size 768x262
        RenderTable {TABLE} at (40,0) size 473x262 [border: (1px outset #808080)]
          RenderBlock {CAPTION} at (0,0) size 473x18
            RenderText {#text} at (94,0) size 42x17
              text run at (94,0) width 42: "Table "
            RenderInline {B} at (0,0) size 89x17
              RenderText {#text} at (135,0) size 89x17
                text run at (135,0) width 89: "Header Cells"
            RenderText {#text} at (223,0) size 156x17
              text run at (223,0) width 156: " spanning multiple rows"
          RenderTableSection {TBODY} at (1,19) size 471x242
            RenderTableRow {TR} at (0,2) size 471x22
              RenderTableCell {TH} at (2,5) size 98x40 [bgcolor=#FFE4C4] [border: (1px inset #808080)] [r=0 c=0 rs=2 cs=1]
                RenderText {#text} at (17,2) size 64x17
                  text run at (17,2) width 64: "Header 1"
                RenderBR {BR} at (80,16) size 1x0
                RenderText {#text} at (5,20) size 88x17
                  text run at (5,20) width 88: "span=2 rows"
              RenderTableCell {TD} at (102,2) size 39x22 [bgcolor=#EE82EE] [border: (1px inset #808080)] [r=0 c=1 rs=1 cs=1]
                RenderText {#text} at (2,2) size 32x17
                  text run at (2,2) width 32: "col 1"
              RenderTableCell {TD} at (143,2) size 39x22 [bgcolor=#EE82EE] [border: (1px inset #808080)] [r=0 c=2 rs=1 cs=1]
                RenderText {#text} at (2,2) size 32x17
                  text run at (2,2) width 32: "col 2"
              RenderTableCell {TD} at (184,2) size 39x22 [bgcolor=#EE82EE] [border: (1px inset #808080)] [r=0 c=3 rs=1 cs=1]
                RenderText {#text} at (2,2) size 32x17
                  text run at (2,2) width 32: "col 3"
              RenderTableCell {TD} at (225,2) size 39x22 [bgcolor=#EE82EE] [border: (1px inset #808080)] [r=0 c=4 rs=1 cs=1]
                RenderText {#text} at (2,2) size 32x17
                  text run at (2,2) width 32: "col 4"
              RenderTableCell {TD} at (266,2) size 39x22 [bgcolor=#EE82EE] [border: (1px inset #808080)] [r=0 c=5 rs=1 cs=1]
                RenderText {#text} at (2,2) size 32x17
                  text run at (2,2) width 32: "col 5"
              RenderTableCell {TD} at (307,2) size 39x22 [bgcolor=#EE82EE] [border: (1px inset #808080)] [r=0 c=6 rs=1 cs=1]
                RenderText {#text} at (2,2) size 32x17
                  text run at (2,2) width 32: "col 6"
              RenderTableCell {TD} at (348,2) size 39x22 [bgcolor=#EE82EE] [border: (1px inset #808080)] [r=0 c=7 rs=1 cs=1]
                RenderText {#text} at (2,2) size 32x17
                  text run at (2,2) width 32: "col 7"
              RenderTableCell {TD} at (389,2) size 39x22 [bgcolor=#EE82EE] [border: (1px inset #808080)] [r=0 c=8 rs=1 cs=1]
                RenderText {#text} at (2,2) size 32x17
                  text run at (2,2) width 32: "col 8"
              RenderTableCell {TD} at (430,2) size 39x22 [bgcolor=#EE82EE] [border: (1px inset #808080)] [r=0 c=9 rs=1 cs=1]
                RenderText {#text} at (2,2) size 32x17
                  text run at (2,2) width 32: "col 9"
            RenderTableRow {TR} at (0,26) size 471x22
              RenderTableCell {TD} at (102,26) size 39x22 [bgcolor=#EE82EE] [border: (1px inset #808080)] [r=1 c=1 rs=1 cs=1]
                RenderText {#text} at (2,2) size 32x17
                  text run at (2,2) width 32: "col 1"
              RenderTableCell {TD} at (143,26) size 39x22 [bgcolor=#EE82EE] [border: (1px inset #808080)] [r=1 c=2 rs=1 cs=1]
                RenderText {#text} at (2,2) size 32x17
                  text run at (2,2) width 32: "col 2"
              RenderTableCell {TD} at (184,26) size 39x22 [bgcolor=#EE82EE] [border: (1px inset #808080)] [r=1 c=3 rs=1 cs=1]
                RenderText {#text} at (2,2) size 32x17
                  text run at (2,2) width 32: "col 3"
              RenderTableCell {TD} at (225,26) size 39x22 [bgcolor=#EE82EE] [border: (1px inset #808080)] [r=1 c=4 rs=1 cs=1]
                RenderText {#text} at (2,2) size 32x17
                  text run at (2,2) width 32: "col 4"
              RenderTableCell {TD} at (266,26) size 39x22 [bgcolor=#EE82EE] [border: (1px inset #808080)] [r=1 c=5 rs=1 cs=1]
                RenderText {#text} at (2,2) size 32x17
                  text run at (2,2) width 32: "col 5"
              RenderTableCell {TD} at (307,26) size 39x22 [bgcolor=#EE82EE] [border: (1px inset #808080)] [r=1 c=6 rs=1 cs=1]
                RenderText {#text} at (2,2) size 32x17
                  text run at (2,2) width 32: "col 6"
              RenderTableCell {TD} at (348,26) size 39x22 [bgcolor=#EE82EE] [border: (1px inset #808080)] [r=1 c=7 rs=1 cs=1]
                RenderText {#text} at (2,2) size 32x17
                  text run at (2,2) width 32: "col 7"
              RenderTableCell {TD} at (389,26) size 39x22 [bgcolor=#EE82EE] [border: (1px inset #808080)] [r=1 c=8 rs=1 cs=1]
                RenderText {#text} at (2,2) size 32x17
                  text run at (2,2) width 32: "col 8"
              RenderTableCell {TD} at (430,26) size 39x22 [bgcolor=#EE82EE] [border: (1px inset #808080)] [r=1 c=9 rs=1 cs=1]
                RenderText {#text} at (2,2) size 32x17
                  text run at (2,2) width 32: "col 9"
            RenderTableRow {TR} at (0,50) size 471x22
              RenderTableCell {TH} at (2,89) size 98x40 [bgcolor=#FFE4C4] [border: (1px inset #808080)] [r=2 c=0 rs=5 cs=1]
                RenderText {#text} at (17,2) size 64x17
                  text run at (17,2) width 64: "Header 2"
                RenderBR {BR} at (80,16) size 1x0
                RenderText {#text} at (5,20) size 88x17
                  text run at (5,20) width 88: "span=5 rows"
              RenderTableCell {TD} at (102,50) size 39x22 [bgcolor=#90EE90] [border: (1px inset #808080)] [r=2 c=1 rs=1 cs=1]
                RenderText {#text} at (2,2) size 32x17
                  text run at (2,2) width 32: "col 1"
              RenderTableCell {TD} at (143,50) size 39x22 [bgcolor=#90EE90] [border: (1px inset #808080)] [r=2 c=2 rs=1 cs=1]
                RenderText {#text} at (2,2) size 32x17
                  text run at (2,2) width 32: "col 2"
              RenderTableCell {TD} at (184,50) size 39x22 [bgcolor=#90EE90] [border: (1px inset #808080)] [r=2 c=3 rs=1 cs=1]
                RenderText {#text} at (2,2) size 32x17
                  text run at (2,2) width 32: "col 3"
              RenderTableCell {TD} at (225,50) size 39x22 [bgcolor=#90EE90] [border: (1px inset #808080)] [r=2 c=4 rs=1 cs=1]
                RenderText {#text} at (2,2) size 32x17
                  text run at (2,2) width 32: "col 4"
              RenderTableCell {TD} at (266,50) size 39x22 [bgcolor=#90EE90] [border: (1px inset #808080)] [r=2 c=5 rs=1 cs=1]
                RenderText {#text} at (2,2) size 32x17
                  text run at (2,2) width 32: "col 5"
              RenderTableCell {TD} at (307,50) size 39x22 [bgcolor=#90EE90] [border: (1px inset #808080)] [r=2 c=6 rs=1 cs=1]
                RenderText {#text} at (2,2) size 32x17
                  text run at (2,2) width 32: "col 6"
              RenderTableCell {TD} at (348,50) size 39x22 [bgcolor=#90EE90] [border: (1px inset #808080)] [r=2 c=7 rs=1 cs=1]
                RenderText {#text} at (2,2) size 32x17
                  text run at (2,2) width 32: "col 7"
              RenderTableCell {TD} at (389,50) size 39x22 [bgcolor=#90EE90] [border: (1px inset #808080)] [r=2 c=8 rs=1 cs=1]
                RenderText {#text} at (2,2) size 32x17
                  text run at (2,2) width 32: "col 8"
              RenderTableCell {TD} at (430,50) size 39x22 [bgcolor=#90EE90] [border: (1px inset #808080)] [r=2 c=9 rs=1 cs=1]
                RenderText {#text} at (2,2) size 32x17
                  text run at (2,2) width 32: "col 9"
            RenderTableRow {TR} at (0,74) size 471x22
              RenderTableCell {TD} at (102,74) size 39x22 [bgcolor=#90EE90] [border: (1px inset #808080)] [r=3 c=1 rs=1 cs=1]
                RenderText {#text} at (2,2) size 32x17
                  text run at (2,2) width 32: "col 1"
              RenderTableCell {TD} at (143,74) size 39x22 [bgcolor=#90EE90] [border: (1px inset #808080)] [r=3 c=2 rs=1 cs=1]
                RenderText {#text} at (2,2) size 32x17
                  text run at (2,2) width 32: "col 2"
              RenderTableCell {TD} at (184,74) size 39x22 [bgcolor=#90EE90] [border: (1px inset #808080)] [r=3 c=3 rs=1 cs=1]
                RenderText {#text} at (2,2) size 32x17
                  text run at (2,2) width 32: "col 3"
              RenderTableCell {TD} at (225,74) size 39x22 [bgcolor=#90EE90] [border: (1px inset #808080)] [r=3 c=4 rs=1 cs=1]
                RenderText {#text} at (2,2) size 32x17
                  text run at (2,2) width 32: "col 4"
              RenderTableCell {TD} at (266,74) size 39x22 [bgcolor=#90EE90] [border: (1px inset #808080)] [r=3 c=5 rs=1 cs=1]
                RenderText {#text} at (2,2) size 32x17
                  text run at (2,2) width 32: "col 5"
              RenderTableCell {TD} at (307,74) size 39x22 [bgcolor=#90EE90] [border: (1px inset #808080)] [r=3 c=6 rs=1 cs=1]
                RenderText {#text} at (2,2) size 32x17
                  text run at (2,2) width 32: "col 6"
              RenderTableCell {TD} at (348,74) size 39x22 [bgcolor=#90EE90] [border: (1px inset #808080)] [r=3 c=7 rs=1 cs=1]
                RenderText {#text} at (2,2) size 32x17
                  text run at (2,2) width 32: "col 7"
              RenderTableCell {TD} at (389,74) size 39x22 [bgcolor=#90EE90] [border: (1px inset #808080)] [r=3 c=8 rs=1 cs=1]
                RenderText {#text} at (2,2) size 32x17
                  text run at (2,2) width 32: "col 8"
              RenderTableCell {TD} at (430,74) size 39x22 [bgcolor=#90EE90] [border: (1px inset #808080)] [r=3 c=9 rs=1 cs=1]
                RenderText {#text} at (2,2) size 32x17
                  text run at (2,2) width 32: "col 9"
            RenderTableRow {TR} at (0,98) size 471x22 [bgcolor=#FFE4C4]
              RenderTableCell {TD} at (102,98) size 39x22 [bgcolor=#90EE90] [border: (1px inset #808080)] [r=4 c=1 rs=1 cs=1]
                RenderText {#text} at (2,2) size 32x17
                  text run at (2,2) width 32: "col 1"
              RenderTableCell {TD} at (143,98) size 39x22 [bgcolor=#90EE90] [border: (1px inset #808080)] [r=4 c=2 rs=1 cs=1]
                RenderText {#text} at (2,2) size 32x17
                  text run at (2,2) width 32: "col 2"
              RenderTableCell {TD} at (184,98) size 39x22 [bgcolor=#90EE90] [border: (1px inset #808080)] [r=4 c=3 rs=1 cs=1]
                RenderText {#text} at (2,2) size 32x17
                  text run at (2,2) width 32: "col 3"
              RenderTableCell {TD} at (225,98) size 39x22 [bgcolor=#90EE90] [border: (1px inset #808080)] [r=4 c=4 rs=1 cs=1]
                RenderText {#text} at (2,2) size 32x17
                  text run at (2,2) width 32: "col 4"
              RenderTableCell {TD} at (266,98) size 39x22 [bgcolor=#90EE90] [border: (1px inset #808080)] [r=4 c=5 rs=1 cs=1]
                RenderText {#text} at (2,2) size 32x17
                  text run at (2,2) width 32: "col 5"
              RenderTableCell {TD} at (307,98) size 39x22 [bgcolor=#90EE90] [border: (1px inset #808080)] [r=4 c=6 rs=1 cs=1]
                RenderText {#text} at (2,2) size 32x17
                  text run at (2,2) width 32: "col 6"
              RenderTableCell {TD} at (348,98) size 39x22 [bgcolor=#90EE90] [border: (1px inset #808080)] [r=4 c=7 rs=1 cs=1]
                RenderText {#text} at (2,2) size 32x17
                  text run at (2,2) width 32: "col 7"
              RenderTableCell {TD} at (389,98) size 39x22 [bgcolor=#90EE90] [border: (1px inset #808080)] [r=4 c=8 rs=1 cs=1]
                RenderText {#text} at (2,2) size 32x17
                  text run at (2,2) width 32: "col 8"
              RenderTableCell {TD} at (430,98) size 39x22 [bgcolor=#90EE90] [border: (1px inset #808080)] [r=4 c=9 rs=1 cs=1]
                RenderText {#text} at (2,2) size 32x17
                  text run at (2,2) width 32: "col 9"
            RenderTableRow {TR} at (0,122) size 471x22
              RenderTableCell {TD} at (102,122) size 39x22 [bgcolor=#90EE90] [border: (1px inset #808080)] [r=5 c=1 rs=1 cs=1]
                RenderText {#text} at (2,2) size 32x17
                  text run at (2,2) width 32: "col 1"
              RenderTableCell {TD} at (143,122) size 39x22 [bgcolor=#90EE90] [border: (1px inset #808080)] [r=5 c=2 rs=1 cs=1]
                RenderText {#text} at (2,2) size 32x17
                  text run at (2,2) width 32: "col 2"
              RenderTableCell {TD} at (184,122) size 39x22 [bgcolor=#90EE90] [border: (1px inset #808080)] [r=5 c=3 rs=1 cs=1]
                RenderText {#text} at (2,2) size 32x17
                  text run at (2,2) width 32: "col 3"
              RenderTableCell {TD} at (225,122) size 39x22 [bgcolor=#90EE90] [border: (1px inset #808080)] [r=5 c=4 rs=1 cs=1]
                RenderText {#text} at (2,2) size 32x17
                  text run at (2,2) width 32: "col 4"
              RenderTableCell {TD} at (266,122) size 39x22 [bgcolor=#90EE90] [border: (1px inset #808080)] [r=5 c=5 rs=1 cs=1]
                RenderText {#text} at (2,2) size 32x17
                  text run at (2,2) width 32: "col 5"
              RenderTableCell {TD} at (307,122) size 39x22 [bgcolor=#90EE90] [border: (1px inset #808080)] [r=5 c=6 rs=1 cs=1]
                RenderText {#text} at (2,2) size 32x17
                  text run at (2,2) width 32: "col 6"
              RenderTableCell {TD} at (348,122) size 39x22 [bgcolor=#90EE90] [border: (1px inset #808080)] [r=5 c=7 rs=1 cs=1]
                RenderText {#text} at (2,2) size 32x17
                  text run at (2,2) width 32: "col 7"
              RenderTableCell {TD} at (389,122) size 39x22 [bgcolor=#90EE90] [border: (1px inset #808080)] [r=5 c=8 rs=1 cs=1]
                RenderText {#text} at (2,2) size 32x17
                  text run at (2,2) width 32: "col 8"
              RenderTableCell {TD} at (430,122) size 39x22 [bgcolor=#90EE90] [border: (1px inset #808080)] [r=5 c=9 rs=1 cs=1]
                RenderText {#text} at (2,2) size 32x17
                  text run at (2,2) width 32: "col 9"
            RenderTableRow {TR} at (0,146) size 471x22
              RenderTableCell {TD} at (102,146) size 39x22 [bgcolor=#90EE90] [border: (1px inset #808080)] [r=6 c=1 rs=1 cs=1]
                RenderText {#text} at (2,2) size 32x17
                  text run at (2,2) width 32: "col 1"
              RenderTableCell {TD} at (143,146) size 39x22 [bgcolor=#90EE90] [border: (1px inset #808080)] [r=6 c=2 rs=1 cs=1]
                RenderText {#text} at (2,2) size 32x17
                  text run at (2,2) width 32: "col 2"
              RenderTableCell {TD} at (184,146) size 39x22 [bgcolor=#90EE90] [border: (1px inset #808080)] [r=6 c=3 rs=1 cs=1]
                RenderText {#text} at (2,2) size 32x17
                  text run at (2,2) width 32: "col 3"
              RenderTableCell {TD} at (225,146) size 39x22 [bgcolor=#90EE90] [border: (1px inset #808080)] [r=6 c=4 rs=1 cs=1]
                RenderText {#text} at (2,2) size 32x17
                  text run at (2,2) width 32: "col 4"
              RenderTableCell {TD} at (266,146) size 39x22 [bgcolor=#90EE90] [border: (1px inset #808080)] [r=6 c=5 rs=1 cs=1]
                RenderText {#text} at (2,2) size 32x17
                  text run at (2,2) width 32: "col 5"
              RenderTableCell {TD} at (307,146) size 39x22 [bgcolor=#90EE90] [border: (1px inset #808080)] [r=6 c=6 rs=1 cs=1]
                RenderText {#text} at (2,2) size 32x17
                  text run at (2,2) width 32: "col 6"
              RenderTableCell {TD} at (348,146) size 39x22 [bgcolor=#90EE90] [border: (1px inset #808080)] [r=6 c=7 rs=1 cs=1]
                RenderText {#text} at (2,2) size 32x17
                  text run at (2,2) width 32: "col 7"
              RenderTableCell {TD} at (389,146) size 39x22 [bgcolor=#90EE90] [border: (1px inset #808080)] [r=6 c=8 rs=1 cs=1]
                RenderText {#text} at (2,2) size 32x17
                  text run at (2,2) width 32: "col 8"
              RenderTableCell {TD} at (430,146) size 39x22 [bgcolor=#90EE90] [border: (1px inset #808080)] [r=6 c=9 rs=1 cs=1]
                RenderText {#text} at (2,2) size 32x17
                  text run at (2,2) width 32: "col 9"
            RenderTableRow {TR} at (0,170) size 471x22
              RenderTableCell {TH} at (2,185) size 98x40 [bgcolor=#FFE4C4] [border: (1px inset #808080)] [r=7 c=0 rs=3 cs=1]
                RenderText {#text} at (17,2) size 64x17
                  text run at (17,2) width 64: "Header 3"
                RenderBR {BR} at (80,16) size 1x0
                RenderText {#text} at (5,20) size 88x17
                  text run at (5,20) width 88: "span=3 rows"
              RenderTableCell {TD} at (102,170) size 39x22 [bgcolor=#ADD8E6] [border: (1px inset #808080)] [r=7 c=1 rs=1 cs=1]
                RenderText {#text} at (2,2) size 32x17
                  text run at (2,2) width 32: "col 1"
              RenderTableCell {TD} at (143,170) size 39x22 [bgcolor=#ADD8E6] [border: (1px inset #808080)] [r=7 c=2 rs=1 cs=1]
                RenderText {#text} at (2,2) size 32x17
                  text run at (2,2) width 32: "col 2"
              RenderTableCell {TD} at (184,170) size 39x22 [bgcolor=#ADD8E6] [border: (1px inset #808080)] [r=7 c=3 rs=1 cs=1]
                RenderText {#text} at (2,2) size 32x17
                  text run at (2,2) width 32: "col 3"
              RenderTableCell {TD} at (225,170) size 39x22 [bgcolor=#ADD8E6] [border: (1px inset #808080)] [r=7 c=4 rs=1 cs=1]
                RenderText {#text} at (2,2) size 32x17
                  text run at (2,2) width 32: "col 4"
              RenderTableCell {TD} at (266,170) size 39x22 [bgcolor=#ADD8E6] [border: (1px inset #808080)] [r=7 c=5 rs=1 cs=1]
                RenderText {#text} at (2,2) size 32x17
                  text run at (2,2) width 32: "col 5"
              RenderTableCell {TD} at (307,170) size 39x22 [bgcolor=#ADD8E6] [border: (1px inset #808080)] [r=7 c=6 rs=1 cs=1]
                RenderText {#text} at (2,2) size 32x17
                  text run at (2,2) width 32: "col 6"
              RenderTableCell {TD} at (348,170) size 39x22 [bgcolor=#ADD8E6] [border: (1px inset #808080)] [r=7 c=7 rs=1 cs=1]
                RenderText {#text} at (2,2) size 32x17
                  text run at (2,2) width 32: "col 7"
              RenderTableCell {TD} at (389,170) size 39x22 [bgcolor=#ADD8E6] [border: (1px inset #808080)] [r=7 c=8 rs=1 cs=1]
                RenderText {#text} at (2,2) size 32x17
                  text run at (2,2) width 32: "col 8"
              RenderTableCell {TD} at (430,170) size 39x22 [bgcolor=#ADD8E6] [border: (1px inset #808080)] [r=7 c=9 rs=1 cs=1]
                RenderText {#text} at (2,2) size 32x17
                  text run at (2,2) width 32: "col 9"
            RenderTableRow {TR} at (0,194) size 471x22
              RenderTableCell {TD} at (102,194) size 39x22 [bgcolor=#ADD8E6] [border: (1px inset #808080)] [r=8 c=1 rs=1 cs=1]
                RenderText {#text} at (2,2) size 32x17
                  text run at (2,2) width 32: "col 1"
              RenderTableCell {TD} at (143,194) size 39x22 [bgcolor=#ADD8E6] [border: (1px inset #808080)] [r=8 c=2 rs=1 cs=1]
                RenderText {#text} at (2,2) size 32x17
                  text run at (2,2) width 32: "col 2"
              RenderTableCell {TD} at (184,194) size 39x22 [bgcolor=#ADD8E6] [border: (1px inset #808080)] [r=8 c=3 rs=1 cs=1]
                RenderText {#text} at (2,2) size 32x17
                  text run at (2,2) width 32: "col 3"
              RenderTableCell {TD} at (225,194) size 39x22 [bgcolor=#ADD8E6] [border: (1px inset #808080)] [r=8 c=4 rs=1 cs=1]
                RenderText {#text} at (2,2) size 32x17
                  text run at (2,2) width 32: "col 4"
              RenderTableCell {TD} at (266,194) size 39x22 [bgcolor=#ADD8E6] [border: (1px inset #808080)] [r=8 c=5 rs=1 cs=1]
                RenderText {#text} at (2,2) size 32x17
                  text run at (2,2) width 32: "col 5"
              RenderTableCell {TD} at (307,194) size 39x22 [bgcolor=#ADD8E6] [border: (1px inset #808080)] [r=8 c=6 rs=1 cs=1]
                RenderText {#text} at (2,2) size 32x17
                  text run at (2,2) width 32: "col 6"
              RenderTableCell {TD} at (348,194) size 39x22 [bgcolor=#ADD8E6] [border: (1px inset #808080)] [r=8 c=7 rs=1 cs=1]
                RenderText {#text} at (2,2) size 32x17
                  text run at (2,2) width 32: "col 7"
              RenderTableCell {TD} at (389,194) size 39x22 [bgcolor=#ADD8E6] [border: (1px inset #808080)] [r=8 c=8 rs=1 cs=1]
                RenderText {#text} at (2,2) size 32x17
                  text run at (2,2) width 32: "col 8"
              RenderTableCell {TD} at (430,194) size 39x22 [bgcolor=#ADD8E6] [border: (1px inset #808080)] [r=8 c=9 rs=1 cs=1]
                RenderText {#text} at (2,2) size 32x17
                  text run at (2,2) width 32: "col 9"
            RenderTableRow {TR} at (0,218) size 471x22
              RenderTableCell {TD} at (102,218) size 39x22 [bgcolor=#ADD8E6] [border: (1px inset #808080)] [r=9 c=1 rs=1 cs=1]
                RenderText {#text} at (2,2) size 32x17
                  text run at (2,2) width 32: "col 1"
              RenderTableCell {TD} at (143,218) size 39x22 [bgcolor=#ADD8E6] [border: (1px inset #808080)] [r=9 c=2 rs=1 cs=1]
                RenderText {#text} at (2,2) size 32x17
                  text run at (2,2) width 32: "col 2"
              RenderTableCell {TD} at (184,218) size 39x22 [bgcolor=#ADD8E6] [border: (1px inset #808080)] [r=9 c=3 rs=1 cs=1]
                RenderText {#text} at (2,2) size 32x17
                  text run at (2,2) width 32: "col 3"
              RenderTableCell {TD} at (225,218) size 39x22 [bgcolor=#ADD8E6] [border: (1px inset #808080)] [r=9 c=4 rs=1 cs=1]
                RenderText {#text} at (2,2) size 32x17
                  text run at (2,2) width 32: "col 4"
              RenderTableCell {TD} at (266,218) size 39x22 [bgcolor=#ADD8E6] [border: (1px inset #808080)] [r=9 c=5 rs=1 cs=1]
                RenderText {#text} at (2,2) size 32x17
                  text run at (2,2) width 32: "col 5"
              RenderTableCell {TD} at (307,218) size 39x22 [bgcolor=#ADD8E6] [border: (1px inset #808080)] [r=9 c=6 rs=1 cs=1]
                RenderText {#text} at (2,2) size 32x17
                  text run at (2,2) width 32: "col 6"
              RenderTableCell {TD} at (348,218) size 39x22 [bgcolor=#ADD8E6] [border: (1px inset #808080)] [r=9 c=7 rs=1 cs=1]
                RenderText {#text} at (2,2) size 32x17
                  text run at (2,2) width 32: "col 7"
              RenderTableCell {TD} at (389,218) size 39x22 [bgcolor=#ADD8E6] [border: (1px inset #808080)] [r=9 c=8 rs=1 cs=1]
                RenderText {#text} at (2,2) size 32x17
                  text run at (2,2) width 32: "col 8"
              RenderTableCell {TD} at (430,218) size 39x22 [bgcolor=#ADD8E6] [border: (1px inset #808080)] [r=9 c=9 rs=1 cs=1]
                RenderText {#text} at (2,2) size 32x17
                  text run at (2,2) width 32: "col 9"
      RenderBlock {P} at (0,1090) size 768x0
      RenderBlock {HR} at (0,1090) size 768x2 [border: (1px inset #000000)]
      RenderBlock {P} at (0,1108) size 768x62
        RenderTable {TABLE} at (0,0) size 652x62 [bgcolor=#F08080] [border: (1px outset #808080)]
          RenderTableSection {TBODY} at (1,1) size 650x60
            RenderTableRow {TR} at (0,2) size 650x56
              RenderTableCell {TH} at (2,2) size 646x56 [border: (1px inset #808080)] [r=0 c=0 rs=1 cs=1]
                RenderInline {A} at (0,0) size 0x0
                RenderText {#text} at (11,11) size 96x17
                  text run at (11,11) width 96: "Test Case #2: "
                RenderInline {FONT} at (0,0) size 301x17 [color=#0000FF]
                  RenderText {#text} at (106,11) size 301x17
                    text run at (106,11) width 301: "table with data cells spanning multiple rows"
                RenderText {#text} at (406,11) size 5x17
                  text run at (406,11) width 5: " "
                RenderInline {FONT} at (0,0) size 612x31
                  RenderInline {I} at (0,0) size 612x31
                    RenderText {#text} at (410,13) size 612x31
                      text run at (410,13) width 213: "(using <TD ROWSPAN=integer value>"
                      text run at (11,29) width 21: "tag)"
                RenderText {#text} at (0,0) size 0x0
      RenderBlock {P} at (0,1186) size 768x136
        RenderBlock (anonymous) at (0,0) size 768x18
          RenderBR {BR} at (0,0) size 0x17
        RenderTable {TABLE} at (0,18) size 691x118 [bgcolor=#FFD700] [border: (1px outset #808080)]
          RenderTableSection {TBODY} at (1,1) size 689x116
            RenderTableRow {TR} at (0,2) size 689x112
              RenderTableCell {TD} at (2,2) size 685x112 [border: (1px inset #808080)] [r=0 c=0 rs=1 cs=1]
                RenderInline {FONT} at (0,0) size 642x89 [color=#FF0000]
                  RenderInline {B} at (0,0) size 642x89
                    RenderText {#text} at (11,11) size 361x17
                      text run at (11,11) width 361: "In the following sample table you should see that the "
                    RenderInline {FONT} at (0,0) size 83x17 [color=#0000FF]
                      RenderText {#text} at (371,11) size 83x17
                        text run at (371,11) width 83: "ROWSPAN"
                    RenderText {#text} at (453,11) size 633x35
                      text run at (453,11) width 5: " "
                      text run at (457,11) width 187: "attribute applies an integer"
                      text run at (11,29) width 263: "value equal to the number of rows the "
                    RenderInline {FONT} at (0,0) size 46x17 [color=#0000FF]
                      RenderText {#text} at (273,29) size 46x17
                        text run at (273,29) width 46: "DATA"
                    RenderText {#text} at (318,29) size 642x71
                      text run at (318,29) width 138: " cell is to span. This "
                      text run at (455,29) width 198: "tells the browser to make the"
                      text run at (11,47) width 631: "table data cell occupy the same vertical space as the integer number of cells specified in rows"
                      text run at (11,65) width 612: "above or below it. The browser flows the contents of the spanning cell to occupy the entire"
                      text run at (11,83) width 103: "spanned space."
      RenderBlock {P} at (0,1338) size 768x36
        RenderBR {BR} at (0,0) size 0x17
        RenderBR {BR} at (0,18) size 0x17
      RenderBlock {UL} at (0,1390) size 768x442
        RenderTable {TABLE} at (40,0) size 473x442 [border: (1px outset #808080)]
          RenderBlock {CAPTION} at (0,0) size 473x18
            RenderText {#text} at (103,0) size 42x17
              text run at (103,0) width 42: "Table "
            RenderInline {B} at (0,0) size 71x17
              RenderText {#text} at (144,0) size 71x17
                text run at (144,0) width 71: "Data Cells"
            RenderText {#text} at (214,0) size 156x17
              text run at (214,0) width 156: " spanning multiple rows"
          RenderTableSection {TBODY} at (1,19) size 471x422
            RenderTableRow {TR} at (0,2) size 471x40
              RenderTableCell {TH} at (2,11) size 41x22 [bgcolor=#EE82EE] [border: (1px inset #808080)] [r=0 c=0 rs=1 cs=1]
                RenderText {#text} at (2,2) size 37x17
                  text run at (2,2) width 37: "Head"
              RenderTableCell {TD} at (45,14) size 85x58 [bgcolor=#FFFACD] [border: (1px inset #808080)] [r=0 c=1 rs=2 cs=1]
                RenderText {#text} at (2,2) size 43x17
                  text run at (2,2) width 43: "Data 1"
                RenderBR {BR} at (44,16) size 1x0
                RenderText {#text} at (2,20) size 47x35
                  text run at (2,20) width 47: "span=2"
                  text run at (2,38) width 32: "rows"
              RenderTableCell {TD} at (132,2) size 35x40 [bgcolor=#EE82EE] [border: (1px inset #808080)] [r=0 c=2 rs=1 cs=1]
                RenderText {#text} at (2,2) size 20x35
                  text run at (2,2) width 20: "col"
                  text run at (2,20) width 8: "1"
              RenderTableCell {TD} at (169,2) size 35x40 [bgcolor=#EE82EE] [border: (1px inset #808080)] [r=0 c=3 rs=1 cs=1]
                RenderText {#text} at (2,2) size 20x35
                  text run at (2,2) width 20: "col"
                  text run at (2,20) width 8: "2"
              RenderTableCell {TD} at (206,2) size 35x40 [bgcolor=#EE82EE] [border: (1px inset #808080)] [r=0 c=4 rs=1 cs=1]
                RenderText {#text} at (2,2) size 20x35
                  text run at (2,2) width 20: "col"
                  text run at (2,20) width 8: "3"
              RenderTableCell {TD} at (243,11) size 36x22 [bgcolor=#EE82EE] [border: (1px inset #808080)] [r=0 c=5 rs=1 cs=1]
                RenderText {#text} at (2,2) size 32x17
                  text run at (2,2) width 32: "col 4"
              RenderTableCell {TD} at (281,11) size 36x22 [bgcolor=#EE82EE] [border: (1px inset #808080)] [r=0 c=6 rs=1 cs=1]
                RenderText {#text} at (2,2) size 32x17
                  text run at (2,2) width 32: "col 5"
              RenderTableCell {TD} at (319,11) size 36x22 [bgcolor=#EE82EE] [border: (1px inset #808080)] [r=0 c=7 rs=1 cs=1]
                RenderText {#text} at (2,2) size 32x17
                  text run at (2,2) width 32: "col 6"
              RenderTableCell {TD} at (357,11) size 36x22 [bgcolor=#EE82EE] [border: (1px inset #808080)] [r=0 c=8 rs=1 cs=1]
                RenderText {#text} at (2,2) size 32x17
                  text run at (2,2) width 32: "col 7"
              RenderTableCell {TD} at (395,11) size 36x22 [bgcolor=#EE82EE] [border: (1px inset #808080)] [r=0 c=9 rs=1 cs=1]
                RenderText {#text} at (2,2) size 32x17
                  text run at (2,2) width 32: "col 8"
              RenderTableCell {TD} at (433,11) size 36x22 [bgcolor=#EE82EE] [border: (1px inset #808080)] [r=0 c=10 rs=1 cs=1]
                RenderText {#text} at (2,2) size 32x17
                  text run at (2,2) width 32: "col 9"
            RenderTableRow {TR} at (0,44) size 471x40
              RenderTableCell {TH} at (2,53) size 41x22 [bgcolor=#EE82EE] [border: (1px inset #808080)] [r=1 c=0 rs=1 cs=1]
                RenderText {#text} at (2,2) size 37x17
                  text run at (2,2) width 37: "Head"
              RenderTableCell {TD} at (132,44) size 35x40 [bgcolor=#EE82EE] [border: (1px inset #808080)] [r=1 c=2 rs=1 cs=1]
                RenderText {#text} at (2,2) size 20x35
                  text run at (2,2) width 20: "col"
                  text run at (2,20) width 8: "1"
              RenderTableCell {TD} at (169,44) size 35x40 [bgcolor=#EE82EE] [border: (1px inset #808080)] [r=1 c=3 rs=1 cs=1]
                RenderText {#text} at (2,2) size 20x35
                  text run at (2,2) width 20: "col"
                  text run at (2,20) width 8: "2"
              RenderTableCell {TD} at (206,44) size 35x40 [bgcolor=#EE82EE] [border: (1px inset #808080)] [r=1 c=4 rs=1 cs=1]
                RenderText {#text} at (2,2) size 20x35
                  text run at (2,2) width 20: "col"
                  text run at (2,20) width 8: "3"
              RenderTableCell {TD} at (243,53) size 36x22 [bgcolor=#EE82EE] [border: (1px inset #808080)] [r=1 c=5 rs=1 cs=1]
                RenderText {#text} at (2,2) size 32x17
                  text run at (2,2) width 32: "col 4"
              RenderTableCell {TD} at (281,53) size 36x22 [bgcolor=#EE82EE] [border: (1px inset #808080)] [r=1 c=6 rs=1 cs=1]
                RenderText {#text} at (2,2) size 32x17
                  text run at (2,2) width 32: "col 5"
              RenderTableCell {TD} at (319,53) size 36x22 [bgcolor=#EE82EE] [border: (1px inset #808080)] [r=1 c=7 rs=1 cs=1]
                RenderText {#text} at (2,2) size 32x17
                  text run at (2,2) width 32: "col 6"
              RenderTableCell {TD} at (357,53) size 36x22 [bgcolor=#EE82EE] [border: (1px inset #808080)] [r=1 c=8 rs=1 cs=1]
                RenderText {#text} at (2,2) size 32x17
                  text run at (2,2) width 32: "col 7"
              RenderTableCell {TD} at (395,53) size 36x22 [bgcolor=#EE82EE] [border: (1px inset #808080)] [r=1 c=9 rs=1 cs=1]
                RenderText {#text} at (2,2) size 32x17
                  text run at (2,2) width 32: "col 8"
              RenderTableCell {TD} at (433,53) size 36x22 [bgcolor=#EE82EE] [border: (1px inset #808080)] [r=1 c=10 rs=1 cs=1]
                RenderText {#text} at (2,2) size 32x17
                  text run at (2,2) width 32: "col 9"
            RenderTableRow {TR} at (0,86) size 471x40
              RenderTableCell {TH} at (2,95) size 41x22 [bgcolor=#90EE90] [border: (1px inset #808080)] [r=2 c=0 rs=1 cs=1]
                RenderText {#text} at (2,2) size 37x17
                  text run at (2,2) width 37: "Head"
              RenderTableCell {TD} at (45,161) size 85x58 [bgcolor=#FFFACD] [border: (1px inset #808080)] [r=2 c=1 rs=5 cs=1]
                RenderText {#text} at (2,2) size 43x17
                  text run at (2,2) width 43: "Data 2"
                RenderBR {BR} at (44,16) size 1x0
                RenderText {#text} at (2,20) size 47x35
                  text run at (2,20) width 47: "span=5"
                  text run at (2,38) width 32: "rows"
              RenderTableCell {TD} at (132,86) size 35x40 [bgcolor=#90EE90] [border: (1px inset #808080)] [r=2 c=2 rs=1 cs=1]
                RenderText {#text} at (2,2) size 20x35
                  text run at (2,2) width 20: "col"
                  text run at (2,20) width 8: "1"
              RenderTableCell {TD} at (169,86) size 35x40 [bgcolor=#90EE90] [border: (1px inset #808080)] [r=2 c=3 rs=1 cs=1]
                RenderText {#text} at (2,2) size 20x35
                  text run at (2,2) width 20: "col"
                  text run at (2,20) width 8: "2"
              RenderTableCell {TD} at (206,86) size 35x40 [bgcolor=#90EE90] [border: (1px inset #808080)] [r=2 c=4 rs=1 cs=1]
                RenderText {#text} at (2,2) size 20x35
                  text run at (2,2) width 20: "col"
                  text run at (2,20) width 8: "3"
              RenderTableCell {TD} at (243,95) size 36x22 [bgcolor=#90EE90] [border: (1px inset #808080)] [r=2 c=5 rs=1 cs=1]
                RenderText {#text} at (2,2) size 32x17
                  text run at (2,2) width 32: "col 4"
              RenderTableCell {TD} at (281,95) size 36x22 [bgcolor=#90EE90] [border: (1px inset #808080)] [r=2 c=6 rs=1 cs=1]
                RenderText {#text} at (2,2) size 32x17
                  text run at (2,2) width 32: "col 5"
              RenderTableCell {TD} at (319,95) size 36x22 [bgcolor=#90EE90] [border: (1px inset #808080)] [r=2 c=7 rs=1 cs=1]
                RenderText {#text} at (2,2) size 32x17
                  text run at (2,2) width 32: "col 6"
              RenderTableCell {TD} at (357,95) size 36x22 [bgcolor=#90EE90] [border: (1px inset #808080)] [r=2 c=8 rs=1 cs=1]
                RenderText {#text} at (2,2) size 32x17
                  text run at (2,2) width 32: "col 7"
              RenderTableCell {TD} at (395,95) size 36x22 [bgcolor=#90EE90] [border: (1px inset #808080)] [r=2 c=9 rs=1 cs=1]
                RenderText {#text} at (2,2) size 32x17
                  text run at (2,2) width 32: "col 8"
              RenderTableCell {TD} at (433,95) size 36x22 [bgcolor=#90EE90] [border: (1px inset #808080)] [r=2 c=10 rs=1 cs=1]
                RenderText {#text} at (2,2) size 32x17
                  text run at (2,2) width 32: "col 9"
            RenderTableRow {TR} at (0,128) size 471x40
              RenderTableCell {TH} at (2,137) size 41x22 [bgcolor=#90EE90] [border: (1px inset #808080)] [r=3 c=0 rs=1 cs=1]
                RenderText {#text} at (2,2) size 37x17
                  text run at (2,2) width 37: "Head"
              RenderTableCell {TD} at (132,128) size 35x40 [bgcolor=#90EE90] [border: (1px inset #808080)] [r=3 c=2 rs=1 cs=1]
                RenderText {#text} at (2,2) size 20x35
                  text run at (2,2) width 20: "col"
                  text run at (2,20) width 8: "1"
              RenderTableCell {TD} at (169,128) size 35x40 [bgcolor=#90EE90] [border: (1px inset #808080)] [r=3 c=3 rs=1 cs=1]
                RenderText {#text} at (2,2) size 20x35
                  text run at (2,2) width 20: "col"
                  text run at (2,20) width 8: "2"
              RenderTableCell {TD} at (206,128) size 35x40 [bgcolor=#90EE90] [border: (1px inset #808080)] [r=3 c=4 rs=1 cs=1]
                RenderText {#text} at (2,2) size 20x35
                  text run at (2,2) width 20: "col"
                  text run at (2,20) width 8: "3"
              RenderTableCell {TD} at (243,137) size 36x22 [bgcolor=#90EE90] [border: (1px inset #808080)] [r=3 c=5 rs=1 cs=1]
                RenderText {#text} at (2,2) size 32x17
                  text run at (2,2) width 32: "col 4"
              RenderTableCell {TD} at (281,137) size 36x22 [bgcolor=#90EE90] [border: (1px inset #808080)] [r=3 c=6 rs=1 cs=1]
                RenderText {#text} at (2,2) size 32x17
                  text run at (2,2) width 32: "col 5"
              RenderTableCell {TD} at (319,137) size 36x22 [bgcolor=#90EE90] [border: (1px inset #808080)] [r=3 c=7 rs=1 cs=1]
                RenderText {#text} at (2,2) size 32x17
                  text run at (2,2) width 32: "col 6"
              RenderTableCell {TD} at (357,137) size 36x22 [bgcolor=#90EE90] [border: (1px inset #808080)] [r=3 c=8 rs=1 cs=1]
                RenderText {#text} at (2,2) size 32x17
                  text run at (2,2) width 32: "col 7"
              RenderTableCell {TD} at (395,137) size 36x22 [bgcolor=#90EE90] [border: (1px inset #808080)] [r=3 c=9 rs=1 cs=1]
                RenderText {#text} at (2,2) size 32x17
                  text run at (2,2) width 32: "col 8"
              RenderTableCell {TD} at (433,137) size 36x22 [bgcolor=#90EE90] [border: (1px inset #808080)] [r=3 c=10 rs=1 cs=1]
                RenderText {#text} at (2,2) size 32x17
                  text run at (2,2) width 32: "col 9"
            RenderTableRow {TR} at (0,170) size 471x40
              RenderTableCell {TH} at (2,179) size 41x22 [bgcolor=#90EE90] [border: (1px inset #808080)] [r=4 c=0 rs=1 cs=1]
                RenderText {#text} at (2,2) size 37x17
                  text run at (2,2) width 37: "Head"
              RenderTableCell {TD} at (132,170) size 35x40 [bgcolor=#90EE90] [border: (1px inset #808080)] [r=4 c=2 rs=1 cs=1]
                RenderText {#text} at (2,2) size 20x35
                  text run at (2,2) width 20: "col"
                  text run at (2,20) width 8: "1"
              RenderTableCell {TD} at (169,170) size 35x40 [bgcolor=#90EE90] [border: (1px inset #808080)] [r=4 c=3 rs=1 cs=1]
                RenderText {#text} at (2,2) size 20x35
                  text run at (2,2) width 20: "col"
                  text run at (2,20) width 8: "2"
              RenderTableCell {TD} at (206,170) size 35x40 [bgcolor=#90EE90] [border: (1px inset #808080)] [r=4 c=4 rs=1 cs=1]
                RenderText {#text} at (2,2) size 20x35
                  text run at (2,2) width 20: "col"
                  text run at (2,20) width 8: "3"
              RenderTableCell {TD} at (243,179) size 36x22 [bgcolor=#90EE90] [border: (1px inset #808080)] [r=4 c=5 rs=1 cs=1]
                RenderText {#text} at (2,2) size 32x17
                  text run at (2,2) width 32: "col 4"
              RenderTableCell {TD} at (281,179) size 36x22 [bgcolor=#90EE90] [border: (1px inset #808080)] [r=4 c=6 rs=1 cs=1]
                RenderText {#text} at (2,2) size 32x17
                  text run at (2,2) width 32: "col 5"
              RenderTableCell {TD} at (319,179) size 36x22 [bgcolor=#90EE90] [border: (1px inset #808080)] [r=4 c=7 rs=1 cs=1]
                RenderText {#text} at (2,2) size 32x17
                  text run at (2,2) width 32: "col 6"
              RenderTableCell {TD} at (357,179) size 36x22 [bgcolor=#90EE90] [border: (1px inset #808080)] [r=4 c=8 rs=1 cs=1]
                RenderText {#text} at (2,2) size 32x17
                  text run at (2,2) width 32: "col 7"
              RenderTableCell {TD} at (395,179) size 36x22 [bgcolor=#90EE90] [border: (1px inset #808080)] [r=4 c=9 rs=1 cs=1]
                RenderText {#text} at (2,2) size 32x17
                  text run at (2,2) width 32: "col 8"
              RenderTableCell {TD} at (433,179) size 36x22 [bgcolor=#90EE90] [border: (1px inset #808080)] [r=4 c=10 rs=1 cs=1]
                RenderText {#text} at (2,2) size 32x17
                  text run at (2,2) width 32: "col 9"
            RenderTableRow {TR} at (0,212) size 471x40
              RenderTableCell {TH} at (2,221) size 41x22 [bgcolor=#90EE90] [border: (1px inset #808080)] [r=5 c=0 rs=1 cs=1]
                RenderText {#text} at (2,2) size 37x17
                  text run at (2,2) width 37: "Head"
              RenderTableCell {TD} at (132,212) size 35x40 [bgcolor=#90EE90] [border: (1px inset #808080)] [r=5 c=2 rs=1 cs=1]
                RenderText {#text} at (2,2) size 20x35
                  text run at (2,2) width 20: "col"
                  text run at (2,20) width 8: "1"
              RenderTableCell {TD} at (169,212) size 35x40 [bgcolor=#90EE90] [border: (1px inset #808080)] [r=5 c=3 rs=1 cs=1]
                RenderText {#text} at (2,2) size 20x35
                  text run at (2,2) width 20: "col"
                  text run at (2,20) width 8: "2"
              RenderTableCell {TD} at (206,212) size 35x40 [bgcolor=#90EE90] [border: (1px inset #808080)] [r=5 c=4 rs=1 cs=1]
                RenderText {#text} at (2,2) size 20x35
                  text run at (2,2) width 20: "col"
                  text run at (2,20) width 8: "3"
              RenderTableCell {TD} at (243,221) size 36x22 [bgcolor=#90EE90] [border: (1px inset #808080)] [r=5 c=5 rs=1 cs=1]
                RenderText {#text} at (2,2) size 32x17
                  text run at (2,2) width 32: "col 4"
              RenderTableCell {TD} at (281,221) size 36x22 [bgcolor=#90EE90] [border: (1px inset #808080)] [r=5 c=6 rs=1 cs=1]
                RenderText {#text} at (2,2) size 32x17
                  text run at (2,2) width 32: "col 5"
              RenderTableCell {TD} at (319,221) size 36x22 [bgcolor=#90EE90] [border: (1px inset #808080)] [r=5 c=7 rs=1 cs=1]
                RenderText {#text} at (2,2) size 32x17
                  text run at (2,2) width 32: "col 6"
              RenderTableCell {TD} at (357,221) size 36x22 [bgcolor=#90EE90] [border: (1px inset #808080)] [r=5 c=8 rs=1 cs=1]
                RenderText {#text} at (2,2) size 32x17
                  text run at (2,2) width 32: "col 7"
              RenderTableCell {TD} at (395,221) size 36x22 [bgcolor=#90EE90] [border: (1px inset #808080)] [r=5 c=9 rs=1 cs=1]
                RenderText {#text} at (2,2) size 32x17
                  text run at (2,2) width 32: "col 8"
              RenderTableCell {TD} at (433,221) size 36x22 [bgcolor=#90EE90] [border: (1px inset #808080)] [r=5 c=10 rs=1 cs=1]
                RenderText {#text} at (2,2) size 32x17
                  text run at (2,2) width 32: "col 9"
            RenderTableRow {TR} at (0,254) size 471x40
              RenderTableCell {TH} at (2,263) size 41x22 [bgcolor=#90EE90] [border: (1px inset #808080)] [r=6 c=0 rs=1 cs=1]
                RenderText {#text} at (2,2) size 37x17
                  text run at (2,2) width 37: "Head"
              RenderTableCell {TD} at (132,254) size 35x40 [bgcolor=#90EE90] [border: (1px inset #808080)] [r=6 c=2 rs=1 cs=1]
                RenderText {#text} at (2,2) size 20x35
                  text run at (2,2) width 20: "col"
                  text run at (2,20) width 8: "1"
              RenderTableCell {TD} at (169,254) size 35x40 [bgcolor=#90EE90] [border: (1px inset #808080)] [r=6 c=3 rs=1 cs=1]
                RenderText {#text} at (2,2) size 20x35
                  text run at (2,2) width 20: "col"
                  text run at (2,20) width 8: "2"
              RenderTableCell {TD} at (206,254) size 35x40 [bgcolor=#90EE90] [border: (1px inset #808080)] [r=6 c=4 rs=1 cs=1]
                RenderText {#text} at (2,2) size 20x35
                  text run at (2,2) width 20: "col"
                  text run at (2,20) width 8: "3"
              RenderTableCell {TD} at (243,263) size 36x22 [bgcolor=#90EE90] [border: (1px inset #808080)] [r=6 c=5 rs=1 cs=1]
                RenderText {#text} at (2,2) size 32x17
                  text run at (2,2) width 32: "col 4"
              RenderTableCell {TD} at (281,263) size 36x22 [bgcolor=#90EE90] [border: (1px inset #808080)] [r=6 c=6 rs=1 cs=1]
                RenderText {#text} at (2,2) size 32x17
                  text run at (2,2) width 32: "col 5"
              RenderTableCell {TD} at (319,263) size 36x22 [bgcolor=#90EE90] [border: (1px inset #808080)] [r=6 c=7 rs=1 cs=1]
                RenderText {#text} at (2,2) size 32x17
                  text run at (2,2) width 32: "col 6"
              RenderTableCell {TD} at (357,263) size 36x22 [bgcolor=#90EE90] [border: (1px inset #808080)] [r=6 c=8 rs=1 cs=1]
                RenderText {#text} at (2,2) size 32x17
                  text run at (2,2) width 32: "col 7"
              RenderTableCell {TD} at (395,263) size 36x22 [bgcolor=#90EE90] [border: (1px inset #808080)] [r=6 c=9 rs=1 cs=1]
                RenderText {#text} at (2,2) size 32x17
                  text run at (2,2) width 32: "col 8"
              RenderTableCell {TD} at (433,263) size 36x22 [bgcolor=#90EE90] [border: (1px inset #808080)] [r=6 c=10 rs=1 cs=1]
                RenderText {#text} at (2,2) size 32x17
                  text run at (2,2) width 32: "col 9"
            RenderTableRow {TR} at (0,296) size 471x40
              RenderTableCell {TH} at (2,305) size 41x22 [bgcolor=#ADD8E6] [border: (1px inset #808080)] [r=7 c=0 rs=1 cs=1]
                RenderText {#text} at (2,2) size 37x17
                  text run at (2,2) width 37: "Head"
              RenderTableCell {TD} at (45,329) size 85x58 [bgcolor=#FFFACD] [border: (1px inset #808080)] [r=7 c=1 rs=3 cs=1]
                RenderText {#text} at (2,2) size 43x17
                  text run at (2,2) width 43: "Data 3"
                RenderBR {BR} at (44,16) size 1x0
                RenderText {#text} at (2,20) size 47x35
                  text run at (2,20) width 47: "span=3"
                  text run at (2,38) width 32: "rows"
              RenderTableCell {TD} at (132,296) size 35x40 [bgcolor=#ADD8E6] [border: (1px inset #808080)] [r=7 c=2 rs=1 cs=1]
                RenderText {#text} at (2,2) size 20x35
                  text run at (2,2) width 20: "col"
                  text run at (2,20) width 8: "1"
              RenderTableCell {TD} at (169,296) size 35x40 [bgcolor=#ADD8E6] [border: (1px inset #808080)] [r=7 c=3 rs=1 cs=1]
                RenderText {#text} at (2,2) size 20x35
                  text run at (2,2) width 20: "col"
                  text run at (2,20) width 8: "2"
              RenderTableCell {TD} at (206,296) size 35x40 [bgcolor=#ADD8E6] [border: (1px inset #808080)] [r=7 c=4 rs=1 cs=1]
                RenderText {#text} at (2,2) size 20x35
                  text run at (2,2) width 20: "col"
                  text run at (2,20) width 8: "3"
              RenderTableCell {TD} at (243,305) size 36x22 [bgcolor=#ADD8E6] [border: (1px inset #808080)] [r=7 c=5 rs=1 cs=1]
                RenderText {#text} at (2,2) size 32x17
                  text run at (2,2) width 32: "col 4"
              RenderTableCell {TD} at (281,305) size 36x22 [bgcolor=#ADD8E6] [border: (1px inset #808080)] [r=7 c=6 rs=1 cs=1]
                RenderText {#text} at (2,2) size 32x17
                  text run at (2,2) width 32: "col 5"
              RenderTableCell {TD} at (319,305) size 36x22 [bgcolor=#ADD8E6] [border: (1px inset #808080)] [r=7 c=7 rs=1 cs=1]
                RenderText {#text} at (2,2) size 32x17
                  text run at (2,2) width 32: "col 6"
              RenderTableCell {TD} at (357,305) size 36x22 [bgcolor=#ADD8E6] [border: (1px inset #808080)] [r=7 c=8 rs=1 cs=1]
                RenderText {#text} at (2,2) size 32x17
                  text run at (2,2) width 32: "col 7"
              RenderTableCell {TD} at (395,305) size 36x22 [bgcolor=#ADD8E6] [border: (1px inset #808080)] [r=7 c=9 rs=1 cs=1]
                RenderText {#text} at (2,2) size 32x17
                  text run at (2,2) width 32: "col 8"
              RenderTableCell {TD} at (433,305) size 36x22 [bgcolor=#ADD8E6] [border: (1px inset #808080)] [r=7 c=10 rs=1 cs=1]
                RenderText {#text} at (2,2) size 32x17
                  text run at (2,2) width 32: "col 9"
            RenderTableRow {TR} at (0,338) size 471x40
              RenderTableCell {TH} at (2,347) size 41x22 [bgcolor=#ADD8E6] [border: (1px inset #808080)] [r=8 c=0 rs=1 cs=1]
                RenderText {#text} at (2,2) size 37x17
                  text run at (2,2) width 37: "Head"
              RenderTableCell {TD} at (132,338) size 35x40 [bgcolor=#ADD8E6] [border: (1px inset #808080)] [r=8 c=2 rs=1 cs=1]
                RenderText {#text} at (2,2) size 20x35
                  text run at (2,2) width 20: "col"
                  text run at (2,20) width 8: "1"
              RenderTableCell {TD} at (169,338) size 35x40 [bgcolor=#ADD8E6] [border: (1px inset #808080)] [r=8 c=3 rs=1 cs=1]
                RenderText {#text} at (2,2) size 20x35
                  text run at (2,2) width 20: "col"
                  text run at (2,20) width 8: "2"
              RenderTableCell {TD} at (206,338) size 35x40 [bgcolor=#ADD8E6] [border: (1px inset #808080)] [r=8 c=4 rs=1 cs=1]
                RenderText {#text} at (2,2) size 20x35
                  text run at (2,2) width 20: "col"
                  text run at (2,20) width 8: "3"
              RenderTableCell {TD} at (243,347) size 36x22 [bgcolor=#ADD8E6] [border: (1px inset #808080)] [r=8 c=5 rs=1 cs=1]
                RenderText {#text} at (2,2) size 32x17
                  text run at (2,2) width 32: "col 4"
              RenderTableCell {TD} at (281,347) size 36x22 [bgcolor=#ADD8E6] [border: (1px inset #808080)] [r=8 c=6 rs=1 cs=1]
                RenderText {#text} at (2,2) size 32x17
                  text run at (2,2) width 32: "col 5"
              RenderTableCell {TD} at (319,347) size 36x22 [bgcolor=#ADD8E6] [border: (1px inset #808080)] [r=8 c=7 rs=1 cs=1]
                RenderText {#text} at (2,2) size 32x17
                  text run at (2,2) width 32: "col 6"
              RenderTableCell {TD} at (357,347) size 36x22 [bgcolor=#ADD8E6] [border: (1px inset #808080)] [r=8 c=8 rs=1 cs=1]
                RenderText {#text} at (2,2) size 32x17
                  text run at (2,2) width 32: "col 7"
              RenderTableCell {TD} at (395,347) size 36x22 [bgcolor=#ADD8E6] [border: (1px inset #808080)] [r=8 c=9 rs=1 cs=1]
                RenderText {#text} at (2,2) size 32x17
                  text run at (2,2) width 32: "col 8"
              RenderTableCell {TD} at (433,347) size 36x22 [bgcolor=#ADD8E6] [border: (1px inset #808080)] [r=8 c=10 rs=1 cs=1]
                RenderText {#text} at (2,2) size 32x17
                  text run at (2,2) width 32: "col 9"
            RenderTableRow {TR} at (0,380) size 471x40
              RenderTableCell {TH} at (2,389) size 41x22 [bgcolor=#ADD8E6] [border: (1px inset #808080)] [r=9 c=0 rs=1 cs=1]
                RenderText {#text} at (2,2) size 37x17
                  text run at (2,2) width 37: "Head"
              RenderTableCell {TD} at (132,380) size 35x40 [bgcolor=#ADD8E6] [border: (1px inset #808080)] [r=9 c=2 rs=1 cs=1]
                RenderText {#text} at (2,2) size 20x35
                  text run at (2,2) width 20: "col"
                  text run at (2,20) width 8: "1"
              RenderTableCell {TD} at (169,380) size 35x40 [bgcolor=#ADD8E6] [border: (1px inset #808080)] [r=9 c=3 rs=1 cs=1]
                RenderText {#text} at (2,2) size 20x35
                  text run at (2,2) width 20: "col"
                  text run at (2,20) width 8: "2"
              RenderTableCell {TD} at (206,380) size 35x40 [bgcolor=#ADD8E6] [border: (1px inset #808080)] [r=9 c=4 rs=1 cs=1]
                RenderText {#text} at (2,2) size 20x35
                  text run at (2,2) width 20: "col"
                  text run at (2,20) width 8: "3"
              RenderTableCell {TD} at (243,389) size 36x22 [bgcolor=#ADD8E6] [border: (1px inset #808080)] [r=9 c=5 rs=1 cs=1]
                RenderText {#text} at (2,2) size 32x17
                  text run at (2,2) width 32: "col 4"
              RenderTableCell {TD} at (281,389) size 36x22 [bgcolor=#ADD8E6] [border: (1px inset #808080)] [r=9 c=6 rs=1 cs=1]
                RenderText {#text} at (2,2) size 32x17
                  text run at (2,2) width 32: "col 5"
              RenderTableCell {TD} at (319,389) size 36x22 [bgcolor=#ADD8E6] [border: (1px inset #808080)] [r=9 c=7 rs=1 cs=1]
                RenderText {#text} at (2,2) size 32x17
                  text run at (2,2) width 32: "col 6"
              RenderTableCell {TD} at (357,389) size 36x22 [bgcolor=#ADD8E6] [border: (1px inset #808080)] [r=9 c=8 rs=1 cs=1]
                RenderText {#text} at (2,2) size 32x17
                  text run at (2,2) width 32: "col 7"
              RenderTableCell {TD} at (395,389) size 36x22 [bgcolor=#ADD8E6] [border: (1px inset #808080)] [r=9 c=9 rs=1 cs=1]
                RenderText {#text} at (2,2) size 32x17
                  text run at (2,2) width 32: "col 8"
              RenderTableCell {TD} at (433,389) size 36x22 [bgcolor=#ADD8E6] [border: (1px inset #808080)] [r=9 c=10 rs=1 cs=1]
                RenderText {#text} at (2,2) size 32x17
                  text run at (2,2) width 32: "col 9"
      RenderBlock {P} at (0,1848) size 768x0
      RenderBlock {HR} at (0,1848) size 768x2 [border: (1px inset #000000)]
      RenderBlock {P} at (0,1866) size 768x62
        RenderTable {TABLE} at (0,0) size 652x62 [bgcolor=#F08080] [border: (1px outset #808080)]
          RenderTableSection {TBODY} at (1,1) size 650x60
            RenderTableRow {TR} at (0,2) size 650x56
              RenderTableCell {TH} at (2,2) size 646x56 [border: (1px inset #808080)] [r=0 c=0 rs=1 cs=1]
                RenderInline {A} at (0,0) size 0x0
                RenderText {#text} at (11,11) size 96x17
                  text run at (11,11) width 96: "Test Case #3: "
                RenderInline {FONT} at (0,0) size 417x17 [color=#0000FF]
                  RenderText {#text} at (106,11) size 417x17
                    text run at (106,11) width 417: "table with nested header & data cells spanning multiple rows"
                RenderText {#text} at (522,11) size 5x17
                  text run at (522,11) width 5: " "
                RenderInline {FONT} at (0,0) size 578x31
                  RenderInline {I} at (0,0) size 578x31
                    RenderText {#text} at (526,13) size 578x31
                      text run at (526,13) width 63: "(using <TH"
                      text run at (11,29) width 351: "ROWSPAN=integer value> <TD ROWSPAN=integer value> tag)"
                RenderText {#text} at (0,0) size 0x0
      RenderBlock {P} at (0,1944) size 768x36
        RenderBR {BR} at (0,0) size 0x17
        RenderBR {BR} at (0,18) size 0x17
      RenderBlock {UL} at (0,1996) size 768x442
        RenderTable {TABLE} at (40,0) size 473x442 [border: (1px outset #808080)]
          RenderBlock {CAPTION} at (0,0) size 473x18
            RenderText {#text} at (25,0) size 90x17
              text run at (25,0) width 90: "Nested Table "
            RenderInline {B} at (0,0) size 89x17
              RenderText {#text} at (114,0) size 89x17
                text run at (114,0) width 89: "Header Cells"
            RenderText {#text} at (202,0) size 21x17
              text run at (202,0) width 21: " & "
            RenderInline {B} at (0,0) size 72x17
              RenderText {#text} at (222,0) size 72x17
                text run at (222,0) width 72: "Data Cells"
            RenderText {#text} at (293,0) size 155x17
              text run at (293,0) width 155: " spanning multiple rows"
          RenderTableSection {TBODY} at (1,19) size 471x422
            RenderTableRow {TR} at (0,2) size 471x40
              RenderTableCell {TH} at (2,119) size 81x58 [bgcolor=#FFE4C4] [border: (1px inset #808080)] [r=0 c=0 rs=7 cs=1]
                RenderText {#text} at (9,2) size 63x17
                  text run at (9,2) width 63: "Header 1"
                RenderBR {BR} at (71,16) size 1x0
                RenderText {#text} at (15,20) size 51x35
                  text run at (15,20) width 51: "span=7"
                  text run at (24,38) width 33: "rows"
              RenderTableCell {TD} at (85,14) size 76x58 [bgcolor=#FFFACD] [border: (1px inset #808080)] [r=0 c=1 rs=2 cs=1]
                RenderText {#text} at (2,2) size 43x17
                  text run at (2,2) width 43: "Data 1"
                RenderBR {BR} at (44,16) size 1x0
                RenderText {#text} at (2,20) size 47x35
                  text run at (2,20) width 47: "span=2"
                  text run at (2,38) width 32: "rows"
              RenderTableCell {TD} at (163,2) size 32x40 [bgcolor=#EE82EE] [border: (1px inset #808080)] [r=0 c=2 rs=1 cs=1]
                RenderText {#text} at (2,2) size 20x35
                  text run at (2,2) width 20: "col"
                  text run at (2,20) width 8: "1"
              RenderTableCell {TD} at (197,2) size 32x40 [bgcolor=#EE82EE] [border: (1px inset #808080)] [r=0 c=3 rs=1 cs=1]
                RenderText {#text} at (2,2) size 20x35
                  text run at (2,2) width 20: "col"
                  text run at (2,20) width 8: "2"
              RenderTableCell {TD} at (231,2) size 32x40 [bgcolor=#EE82EE] [border: (1px inset #808080)] [r=0 c=4 rs=1 cs=1]
                RenderText {#text} at (2,2) size 20x35
                  text run at (2,2) width 20: "col"
                  text run at (2,20) width 8: "3"
              RenderTableCell {TD} at (265,2) size 32x40 [bgcolor=#EE82EE] [border: (1px inset #808080)] [r=0 c=5 rs=1 cs=1]
                RenderText {#text} at (2,2) size 20x35
                  text run at (2,2) width 20: "col"
                  text run at (2,20) width 8: "4"
              RenderTableCell {TD} at (299,2) size 32x40 [bgcolor=#EE82EE] [border: (1px inset #808080)] [r=0 c=6 rs=1 cs=1]
                RenderText {#text} at (2,2) size 20x35
                  text run at (2,2) width 20: "col"
                  text run at (2,20) width 8: "5"
              RenderTableCell {TD} at (333,2) size 32x40 [bgcolor=#EE82EE] [border: (1px inset #808080)] [r=0 c=7 rs=1 cs=1]
                RenderText {#text} at (2,2) size 20x35
                  text run at (2,2) width 20: "col"
                  text run at (2,20) width 8: "6"
              RenderTableCell {TD} at (367,2) size 32x40 [bgcolor=#EE82EE] [border: (1px inset #808080)] [r=0 c=8 rs=1 cs=1]
                RenderText {#text} at (2,2) size 20x35
                  text run at (2,2) width 20: "col"
                  text run at (2,20) width 8: "7"
              RenderTableCell {TD} at (401,2) size 33x40 [bgcolor=#EE82EE] [border: (1px inset #808080)] [r=0 c=9 rs=1 cs=1]
                RenderText {#text} at (2,2) size 20x35
                  text run at (2,2) width 20: "col"
                  text run at (2,20) width 8: "8"
              RenderTableCell {TD} at (436,2) size 33x40 [bgcolor=#EE82EE] [border: (1px inset #808080)] [r=0 c=10 rs=1 cs=1]
                RenderText {#text} at (2,2) size 20x35
                  text run at (2,2) width 20: "col"
                  text run at (2,20) width 8: "9"
            RenderTableRow {TR} at (0,44) size 471x40
              RenderTableCell {TD} at (163,44) size 32x40 [bgcolor=#EE82EE] [border: (1px inset #808080)] [r=1 c=2 rs=1 cs=1]
                RenderText {#text} at (2,2) size 20x35
                  text run at (2,2) width 20: "col"
                  text run at (2,20) width 8: "1"
              RenderTableCell {TD} at (197,44) size 32x40 [bgcolor=#EE82EE] [border: (1px inset #808080)] [r=1 c=3 rs=1 cs=1]
                RenderText {#text} at (2,2) size 20x35
                  text run at (2,2) width 20: "col"
                  text run at (2,20) width 8: "2"
              RenderTableCell {TD} at (231,44) size 32x40 [bgcolor=#EE82EE] [border: (1px inset #808080)] [r=1 c=4 rs=1 cs=1]
                RenderText {#text} at (2,2) size 20x35
                  text run at (2,2) width 20: "col"
                  text run at (2,20) width 8: "3"
              RenderTableCell {TD} at (265,44) size 32x40 [bgcolor=#EE82EE] [border: (1px inset #808080)] [r=1 c=5 rs=1 cs=1]
                RenderText {#text} at (2,2) size 20x35
                  text run at (2,2) width 20: "col"
                  text run at (2,20) width 8: "4"
              RenderTableCell {TD} at (299,44) size 32x40 [bgcolor=#EE82EE] [border: (1px inset #808080)] [r=1 c=6 rs=1 cs=1]
                RenderText {#text} at (2,2) size 20x35
                  text run at (2,2) width 20: "col"
                  text run at (2,20) width 8: "5"
              RenderTableCell {TD} at (333,44) size 32x40 [bgcolor=#EE82EE] [border: (1px inset #808080)] [r=1 c=7 rs=1 cs=1]
                RenderText {#text} at (2,2) size 20x35
                  text run at (2,2) width 20: "col"
                  text run at (2,20) width 8: "6"
              RenderTableCell {TD} at (367,44) size 32x40 [bgcolor=#EE82EE] [border: (1px inset #808080)] [r=1 c=8 rs=1 cs=1]
                RenderText {#text} at (2,2) size 20x35
                  text run at (2,2) width 20: "col"
                  text run at (2,20) width 8: "7"
              RenderTableCell {TD} at (401,44) size 33x40 [bgcolor=#EE82EE] [border: (1px inset #808080)] [r=1 c=9 rs=1 cs=1]
                RenderText {#text} at (2,2) size 20x35
                  text run at (2,2) width 20: "col"
                  text run at (2,20) width 8: "8"
              RenderTableCell {TD} at (436,44) size 33x40 [bgcolor=#EE82EE] [border: (1px inset #808080)] [r=1 c=10 rs=1 cs=1]
                RenderText {#text} at (2,2) size 20x35
                  text run at (2,2) width 20: "col"
                  text run at (2,20) width 8: "9"
            RenderTableRow {TR} at (0,86) size 471x40
              RenderTableCell {TD} at (85,161) size 76x58 [bgcolor=#FFFACD] [border: (1px inset #808080)] [r=2 c=1 rs=5 cs=1]
                RenderText {#text} at (2,2) size 43x17
                  text run at (2,2) width 43: "Data 2"
                RenderBR {BR} at (44,16) size 1x0
                RenderText {#text} at (2,20) size 47x35
                  text run at (2,20) width 47: "span=5"
                  text run at (2,38) width 32: "rows"
              RenderTableCell {TD} at (163,86) size 32x40 [bgcolor=#90EE90] [border: (1px inset #808080)] [r=2 c=2 rs=1 cs=1]
                RenderText {#text} at (2,2) size 20x35
                  text run at (2,2) width 20: "col"
                  text run at (2,20) width 8: "1"
              RenderTableCell {TD} at (197,86) size 32x40 [bgcolor=#90EE90] [border: (1px inset #808080)] [r=2 c=3 rs=1 cs=1]
                RenderText {#text} at (2,2) size 20x35
                  text run at (2,2) width 20: "col"
                  text run at (2,20) width 8: "2"
              RenderTableCell {TD} at (231,86) size 32x40 [bgcolor=#90EE90] [border: (1px inset #808080)] [r=2 c=4 rs=1 cs=1]
                RenderText {#text} at (2,2) size 20x35
                  text run at (2,2) width 20: "col"
                  text run at (2,20) width 8: "3"
              RenderTableCell {TD} at (265,86) size 32x40 [bgcolor=#90EE90] [border: (1px inset #808080)] [r=2 c=5 rs=1 cs=1]
                RenderText {#text} at (2,2) size 20x35
                  text run at (2,2) width 20: "col"
                  text run at (2,20) width 8: "4"
              RenderTableCell {TD} at (299,86) size 32x40 [bgcolor=#90EE90] [border: (1px inset #808080)] [r=2 c=6 rs=1 cs=1]
                RenderText {#text} at (2,2) size 20x35
                  text run at (2,2) width 20: "col"
                  text run at (2,20) width 8: "5"
              RenderTableCell {TD} at (333,86) size 32x40 [bgcolor=#90EE90] [border: (1px inset #808080)] [r=2 c=7 rs=1 cs=1]
                RenderText {#text} at (2,2) size 20x35
                  text run at (2,2) width 20: "col"
                  text run at (2,20) width 8: "6"
              RenderTableCell {TD} at (367,86) size 32x40 [bgcolor=#90EE90] [border: (1px inset #808080)] [r=2 c=8 rs=1 cs=1]
                RenderText {#text} at (2,2) size 20x35
                  text run at (2,2) width 20: "col"
                  text run at (2,20) width 8: "7"
              RenderTableCell {TD} at (401,86) size 33x40 [bgcolor=#90EE90] [border: (1px inset #808080)] [r=2 c=9 rs=1 cs=1]
                RenderText {#text} at (2,2) size 20x35
                  text run at (2,2) width 20: "col"
                  text run at (2,20) width 8: "8"
              RenderTableCell {TD} at (436,86) size 33x40 [bgcolor=#90EE90] [border: (1px inset #808080)] [r=2 c=10 rs=1 cs=1]
                RenderText {#text} at (2,2) size 20x35
                  text run at (2,2) width 20: "col"
                  text run at (2,20) width 8: "9"
            RenderTableRow {TR} at (0,128) size 471x40
              RenderTableCell {TD} at (163,128) size 32x40 [bgcolor=#90EE90] [border: (1px inset #808080)] [r=3 c=2 rs=1 cs=1]
                RenderText {#text} at (2,2) size 20x35
                  text run at (2,2) width 20: "col"
                  text run at (2,20) width 8: "1"
              RenderTableCell {TD} at (197,128) size 32x40 [bgcolor=#90EE90] [border: (1px inset #808080)] [r=3 c=3 rs=1 cs=1]
                RenderText {#text} at (2,2) size 20x35
                  text run at (2,2) width 20: "col"
                  text run at (2,20) width 8: "2"
              RenderTableCell {TD} at (231,128) size 32x40 [bgcolor=#90EE90] [border: (1px inset #808080)] [r=3 c=4 rs=1 cs=1]
                RenderText {#text} at (2,2) size 20x35
                  text run at (2,2) width 20: "col"
                  text run at (2,20) width 8: "3"
              RenderTableCell {TD} at (265,128) size 32x40 [bgcolor=#90EE90] [border: (1px inset #808080)] [r=3 c=5 rs=1 cs=1]
                RenderText {#text} at (2,2) size 20x35
                  text run at (2,2) width 20: "col"
                  text run at (2,20) width 8: "4"
              RenderTableCell {TD} at (299,128) size 32x40 [bgcolor=#90EE90] [border: (1px inset #808080)] [r=3 c=6 rs=1 cs=1]
                RenderText {#text} at (2,2) size 20x35
                  text run at (2,2) width 20: "col"
                  text run at (2,20) width 8: "5"
              RenderTableCell {TD} at (333,128) size 32x40 [bgcolor=#90EE90] [border: (1px inset #808080)] [r=3 c=7 rs=1 cs=1]
                RenderText {#text} at (2,2) size 20x35
                  text run at (2,2) width 20: "col"
                  text run at (2,20) width 8: "6"
              RenderTableCell {TD} at (367,128) size 32x40 [bgcolor=#90EE90] [border: (1px inset #808080)] [r=3 c=8 rs=1 cs=1]
                RenderText {#text} at (2,2) size 20x35
                  text run at (2,2) width 20: "col"
                  text run at (2,20) width 8: "7"
              RenderTableCell {TD} at (401,128) size 33x40 [bgcolor=#90EE90] [border: (1px inset #808080)] [r=3 c=9 rs=1 cs=1]
                RenderText {#text} at (2,2) size 20x35
                  text run at (2,2) width 20: "col"
                  text run at (2,20) width 8: "8"
              RenderTableCell {TD} at (436,128) size 33x40 [bgcolor=#90EE90] [border: (1px inset #808080)] [r=3 c=10 rs=1 cs=1]
                RenderText {#text} at (2,2) size 20x35
                  text run at (2,2) width 20: "col"
                  text run at (2,20) width 8: "9"
            RenderTableRow {TR} at (0,170) size 471x40
              RenderTableCell {TD} at (163,170) size 32x40 [bgcolor=#90EE90] [border: (1px inset #808080)] [r=4 c=2 rs=1 cs=1]
                RenderText {#text} at (2,2) size 20x35
                  text run at (2,2) width 20: "col"
                  text run at (2,20) width 8: "1"
              RenderTableCell {TD} at (197,170) size 32x40 [bgcolor=#90EE90] [border: (1px inset #808080)] [r=4 c=3 rs=1 cs=1]
                RenderText {#text} at (2,2) size 20x35
                  text run at (2,2) width 20: "col"
                  text run at (2,20) width 8: "2"
              RenderTableCell {TD} at (231,170) size 32x40 [bgcolor=#90EE90] [border: (1px inset #808080)] [r=4 c=4 rs=1 cs=1]
                RenderText {#text} at (2,2) size 20x35
                  text run at (2,2) width 20: "col"
                  text run at (2,20) width 8: "3"
              RenderTableCell {TD} at (265,170) size 32x40 [bgcolor=#90EE90] [border: (1px inset #808080)] [r=4 c=5 rs=1 cs=1]
                RenderText {#text} at (2,2) size 20x35
                  text run at (2,2) width 20: "col"
                  text run at (2,20) width 8: "4"
              RenderTableCell {TD} at (299,170) size 32x40 [bgcolor=#90EE90] [border: (1px inset #808080)] [r=4 c=6 rs=1 cs=1]
                RenderText {#text} at (2,2) size 20x35
                  text run at (2,2) width 20: "col"
                  text run at (2,20) width 8: "5"
              RenderTableCell {TD} at (333,170) size 32x40 [bgcolor=#90EE90] [border: (1px inset #808080)] [r=4 c=7 rs=1 cs=1]
                RenderText {#text} at (2,2) size 20x35
                  text run at (2,2) width 20: "col"
                  text run at (2,20) width 8: "6"
              RenderTableCell {TD} at (367,170) size 32x40 [bgcolor=#90EE90] [border: (1px inset #808080)] [r=4 c=8 rs=1 cs=1]
                RenderText {#text} at (2,2) size 20x35
                  text run at (2,2) width 20: "col"
                  text run at (2,20) width 8: "7"
              RenderTableCell {TD} at (401,170) size 33x40 [bgcolor=#90EE90] [border: (1px inset #808080)] [r=4 c=9 rs=1 cs=1]
                RenderText {#text} at (2,2) size 20x35
                  text run at (2,2) width 20: "col"
                  text run at (2,20) width 8: "8"
              RenderTableCell {TD} at (436,170) size 33x40 [bgcolor=#90EE90] [border: (1px inset #808080)] [r=4 c=10 rs=1 cs=1]
                RenderText {#text} at (2,2) size 20x35
                  text run at (2,2) width 20: "col"
                  text run at (2,20) width 8: "9"
            RenderTableRow {TR} at (0,212) size 471x40
              RenderTableCell {TD} at (163,212) size 32x40 [bgcolor=#90EE90] [border: (1px inset #808080)] [r=5 c=2 rs=1 cs=1]
                RenderText {#text} at (2,2) size 20x35
                  text run at (2,2) width 20: "col"
                  text run at (2,20) width 8: "1"
              RenderTableCell {TD} at (197,212) size 32x40 [bgcolor=#90EE90] [border: (1px inset #808080)] [r=5 c=3 rs=1 cs=1]
                RenderText {#text} at (2,2) size 20x35
                  text run at (2,2) width 20: "col"
                  text run at (2,20) width 8: "2"
              RenderTableCell {TD} at (231,212) size 32x40 [bgcolor=#90EE90] [border: (1px inset #808080)] [r=5 c=4 rs=1 cs=1]
                RenderText {#text} at (2,2) size 20x35
                  text run at (2,2) width 20: "col"
                  text run at (2,20) width 8: "3"
              RenderTableCell {TD} at (265,212) size 32x40 [bgcolor=#90EE90] [border: (1px inset #808080)] [r=5 c=5 rs=1 cs=1]
                RenderText {#text} at (2,2) size 20x35
                  text run at (2,2) width 20: "col"
                  text run at (2,20) width 8: "4"
              RenderTableCell {TD} at (299,212) size 32x40 [bgcolor=#90EE90] [border: (1px inset #808080)] [r=5 c=6 rs=1 cs=1]
                RenderText {#text} at (2,2) size 20x35
                  text run at (2,2) width 20: "col"
                  text run at (2,20) width 8: "5"
              RenderTableCell {TD} at (333,212) size 32x40 [bgcolor=#90EE90] [border: (1px inset #808080)] [r=5 c=7 rs=1 cs=1]
                RenderText {#text} at (2,2) size 20x35
                  text run at (2,2) width 20: "col"
                  text run at (2,20) width 8: "6"
              RenderTableCell {TD} at (367,212) size 32x40 [bgcolor=#90EE90] [border: (1px inset #808080)] [r=5 c=8 rs=1 cs=1]
                RenderText {#text} at (2,2) size 20x35
                  text run at (2,2) width 20: "col"
                  text run at (2,20) width 8: "7"
              RenderTableCell {TD} at (401,212) size 33x40 [bgcolor=#90EE90] [border: (1px inset #808080)] [r=5 c=9 rs=1 cs=1]
                RenderText {#text} at (2,2) size 20x35
                  text run at (2,2) width 20: "col"
                  text run at (2,20) width 8: "8"
              RenderTableCell {TD} at (436,212) size 33x40 [bgcolor=#90EE90] [border: (1px inset #808080)] [r=5 c=10 rs=1 cs=1]
                RenderText {#text} at (2,2) size 20x35
                  text run at (2,2) width 20: "col"
                  text run at (2,20) width 8: "9"
            RenderTableRow {TR} at (0,254) size 471x40
              RenderTableCell {TD} at (163,254) size 32x40 [bgcolor=#90EE90] [border: (1px inset #808080)] [r=6 c=2 rs=1 cs=1]
                RenderText {#text} at (2,2) size 20x35
                  text run at (2,2) width 20: "col"
                  text run at (2,20) width 8: "1"
              RenderTableCell {TD} at (197,254) size 32x40 [bgcolor=#90EE90] [border: (1px inset #808080)] [r=6 c=3 rs=1 cs=1]
                RenderText {#text} at (2,2) size 20x35
                  text run at (2,2) width 20: "col"
                  text run at (2,20) width 8: "2"
              RenderTableCell {TD} at (231,254) size 32x40 [bgcolor=#90EE90] [border: (1px inset #808080)] [r=6 c=4 rs=1 cs=1]
                RenderText {#text} at (2,2) size 20x35
                  text run at (2,2) width 20: "col"
                  text run at (2,20) width 8: "3"
              RenderTableCell {TD} at (265,254) size 32x40 [bgcolor=#90EE90] [border: (1px inset #808080)] [r=6 c=5 rs=1 cs=1]
                RenderText {#text} at (2,2) size 20x35
                  text run at (2,2) width 20: "col"
                  text run at (2,20) width 8: "4"
              RenderTableCell {TD} at (299,254) size 32x40 [bgcolor=#90EE90] [border: (1px inset #808080)] [r=6 c=6 rs=1 cs=1]
                RenderText {#text} at (2,2) size 20x35
                  text run at (2,2) width 20: "col"
                  text run at (2,20) width 8: "5"
              RenderTableCell {TD} at (333,254) size 32x40 [bgcolor=#90EE90] [border: (1px inset #808080)] [r=6 c=7 rs=1 cs=1]
                RenderText {#text} at (2,2) size 20x35
                  text run at (2,2) width 20: "col"
                  text run at (2,20) width 8: "6"
              RenderTableCell {TD} at (367,254) size 32x40 [bgcolor=#90EE90] [border: (1px inset #808080)] [r=6 c=8 rs=1 cs=1]
                RenderText {#text} at (2,2) size 20x35
                  text run at (2,2) width 20: "col"
                  text run at (2,20) width 8: "7"
              RenderTableCell {TD} at (401,254) size 33x40 [bgcolor=#90EE90] [border: (1px inset #808080)] [r=6 c=9 rs=1 cs=1]
                RenderText {#text} at (2,2) size 20x35
                  text run at (2,2) width 20: "col"
                  text run at (2,20) width 8: "8"
              RenderTableCell {TD} at (436,254) size 33x40 [bgcolor=#90EE90] [border: (1px inset #808080)] [r=6 c=10 rs=1 cs=1]
                RenderText {#text} at (2,2) size 20x35
                  text run at (2,2) width 20: "col"
                  text run at (2,20) width 8: "9"
            RenderTableRow {TR} at (0,296) size 471x40
              RenderTableCell {TH} at (2,329) size 81x58 [bgcolor=#FFE4C4] [border: (1px inset #808080)] [r=7 c=0 rs=3 cs=1]
                RenderText {#text} at (9,2) size 63x17
                  text run at (9,2) width 63: "Header 2"
                RenderBR {BR} at (71,16) size 1x0
                RenderText {#text} at (15,20) size 51x35
                  text run at (15,20) width 51: "span=3"
                  text run at (24,38) width 33: "rows"
              RenderTableCell {TD} at (85,329) size 76x58 [bgcolor=#FFFACD] [border: (1px inset #808080)] [r=7 c=1 rs=3 cs=1]
                RenderText {#text} at (2,2) size 43x17
                  text run at (2,2) width 43: "Data 3"
                RenderBR {BR} at (44,16) size 1x0
                RenderText {#text} at (2,20) size 47x35
                  text run at (2,20) width 47: "span=3"
                  text run at (2,38) width 32: "rows"
              RenderTableCell {TD} at (163,296) size 32x40 [bgcolor=#ADD8E6] [border: (1px inset #808080)] [r=7 c=2 rs=1 cs=1]
                RenderText {#text} at (2,2) size 20x35
                  text run at (2,2) width 20: "col"
                  text run at (2,20) width 8: "1"
              RenderTableCell {TD} at (197,296) size 32x40 [bgcolor=#ADD8E6] [border: (1px inset #808080)] [r=7 c=3 rs=1 cs=1]
                RenderText {#text} at (2,2) size 20x35
                  text run at (2,2) width 20: "col"
                  text run at (2,20) width 8: "2"
              RenderTableCell {TD} at (231,296) size 32x40 [bgcolor=#ADD8E6] [border: (1px inset #808080)] [r=7 c=4 rs=1 cs=1]
                RenderText {#text} at (2,2) size 20x35
                  text run at (2,2) width 20: "col"
                  text run at (2,20) width 8: "3"
              RenderTableCell {TD} at (265,296) size 32x40 [bgcolor=#ADD8E6] [border: (1px inset #808080)] [r=7 c=5 rs=1 cs=1]
                RenderText {#text} at (2,2) size 20x35
                  text run at (2,2) width 20: "col"
                  text run at (2,20) width 8: "4"
              RenderTableCell {TD} at (299,296) size 32x40 [bgcolor=#ADD8E6] [border: (1px inset #808080)] [r=7 c=6 rs=1 cs=1]
                RenderText {#text} at (2,2) size 20x35
                  text run at (2,2) width 20: "col"
                  text run at (2,20) width 8: "5"
              RenderTableCell {TD} at (333,296) size 32x40 [bgcolor=#ADD8E6] [border: (1px inset #808080)] [r=7 c=7 rs=1 cs=1]
                RenderText {#text} at (2,2) size 20x35
                  text run at (2,2) width 20: "col"
                  text run at (2,20) width 8: "6"
              RenderTableCell {TD} at (367,296) size 32x40 [bgcolor=#ADD8E6] [border: (1px inset #808080)] [r=7 c=8 rs=1 cs=1]
                RenderText {#text} at (2,2) size 20x35
                  text run at (2,2) width 20: "col"
                  text run at (2,20) width 8: "7"
              RenderTableCell {TD} at (401,296) size 33x40 [bgcolor=#ADD8E6] [border: (1px inset #808080)] [r=7 c=9 rs=1 cs=1]
                RenderText {#text} at (2,2) size 20x35
                  text run at (2,2) width 20: "col"
                  text run at (2,20) width 8: "8"
              RenderTableCell {TD} at (436,296) size 33x40 [bgcolor=#ADD8E6] [border: (1px inset #808080)] [r=7 c=10 rs=1 cs=1]
                RenderText {#text} at (2,2) size 20x35
                  text run at (2,2) width 20: "col"
                  text run at (2,20) width 8: "9"
            RenderTableRow {TR} at (0,338) size 471x40
              RenderTableCell {TD} at (163,338) size 32x40 [bgcolor=#ADD8E6] [border: (1px inset #808080)] [r=8 c=2 rs=1 cs=1]
                RenderText {#text} at (2,2) size 20x35
                  text run at (2,2) width 20: "col"
                  text run at (2,20) width 8: "1"
              RenderTableCell {TD} at (197,338) size 32x40 [bgcolor=#ADD8E6] [border: (1px inset #808080)] [r=8 c=3 rs=1 cs=1]
                RenderText {#text} at (2,2) size 20x35
                  text run at (2,2) width 20: "col"
                  text run at (2,20) width 8: "2"
              RenderTableCell {TD} at (231,338) size 32x40 [bgcolor=#ADD8E6] [border: (1px inset #808080)] [r=8 c=4 rs=1 cs=1]
                RenderText {#text} at (2,2) size 20x35
                  text run at (2,2) width 20: "col"
                  text run at (2,20) width 8: "3"
              RenderTableCell {TD} at (265,338) size 32x40 [bgcolor=#ADD8E6] [border: (1px inset #808080)] [r=8 c=5 rs=1 cs=1]
                RenderText {#text} at (2,2) size 20x35
                  text run at (2,2) width 20: "col"
                  text run at (2,20) width 8: "4"
              RenderTableCell {TD} at (299,338) size 32x40 [bgcolor=#ADD8E6] [border: (1px inset #808080)] [r=8 c=6 rs=1 cs=1]
                RenderText {#text} at (2,2) size 20x35
                  text run at (2,2) width 20: "col"
                  text run at (2,20) width 8: "5"
              RenderTableCell {TD} at (333,338) size 32x40 [bgcolor=#ADD8E6] [border: (1px inset #808080)] [r=8 c=7 rs=1 cs=1]
                RenderText {#text} at (2,2) size 20x35
                  text run at (2,2) width 20: "col"
                  text run at (2,20) width 8: "6"
              RenderTableCell {TD} at (367,338) size 32x40 [bgcolor=#ADD8E6] [border: (1px inset #808080)] [r=8 c=8 rs=1 cs=1]
                RenderText {#text} at (2,2) size 20x35
                  text run at (2,2) width 20: "col"
                  text run at (2,20) width 8: "7"
              RenderTableCell {TD} at (401,338) size 33x40 [bgcolor=#ADD8E6] [border: (1px inset #808080)] [r=8 c=9 rs=1 cs=1]
                RenderText {#text} at (2,2) size 20x35
                  text run at (2,2) width 20: "col"
                  text run at (2,20) width 8: "8"
              RenderTableCell {TD} at (436,338) size 33x40 [bgcolor=#ADD8E6] [border: (1px inset #808080)] [r=8 c=10 rs=1 cs=1]
                RenderText {#text} at (2,2) size 20x35
                  text run at (2,2) width 20: "col"
                  text run at (2,20) width 8: "9"
            RenderTableRow {TR} at (0,380) size 471x40
              RenderTableCell {TD} at (163,380) size 32x40 [bgcolor=#ADD8E6] [border: (1px inset #808080)] [r=9 c=2 rs=1 cs=1]
                RenderText {#text} at (2,2) size 20x35
                  text run at (2,2) width 20: "col"
                  text run at (2,20) width 8: "1"
              RenderTableCell {TD} at (197,380) size 32x40 [bgcolor=#ADD8E6] [border: (1px inset #808080)] [r=9 c=3 rs=1 cs=1]
                RenderText {#text} at (2,2) size 20x35
                  text run at (2,2) width 20: "col"
                  text run at (2,20) width 8: "2"
              RenderTableCell {TD} at (231,380) size 32x40 [bgcolor=#ADD8E6] [border: (1px inset #808080)] [r=9 c=4 rs=1 cs=1]
                RenderText {#text} at (2,2) size 20x35
                  text run at (2,2) width 20: "col"
                  text run at (2,20) width 8: "3"
              RenderTableCell {TD} at (265,380) size 32x40 [bgcolor=#ADD8E6] [border: (1px inset #808080)] [r=9 c=5 rs=1 cs=1]
                RenderText {#text} at (2,2) size 20x35
                  text run at (2,2) width 20: "col"
                  text run at (2,20) width 8: "4"
              RenderTableCell {TD} at (299,380) size 32x40 [bgcolor=#ADD8E6] [border: (1px inset #808080)] [r=9 c=6 rs=1 cs=1]
                RenderText {#text} at (2,2) size 20x35
                  text run at (2,2) width 20: "col"
                  text run at (2,20) width 8: "5"
              RenderTableCell {TD} at (333,380) size 32x40 [bgcolor=#ADD8E6] [border: (1px inset #808080)] [r=9 c=7 rs=1 cs=1]
                RenderText {#text} at (2,2) size 20x35
                  text run at (2,2) width 20: "col"
                  text run at (2,20) width 8: "6"
              RenderTableCell {TD} at (367,380) size 32x40 [bgcolor=#ADD8E6] [border: (1px inset #808080)] [r=9 c=8 rs=1 cs=1]
                RenderText {#text} at (2,2) size 20x35
                  text run at (2,2) width 20: "col"
                  text run at (2,20) width 8: "7"
              RenderTableCell {TD} at (401,380) size 33x40 [bgcolor=#ADD8E6] [border: (1px inset #808080)] [r=9 c=9 rs=1 cs=1]
                RenderText {#text} at (2,2) size 20x35
                  text run at (2,2) width 20: "col"
                  text run at (2,20) width 8: "8"
              RenderTableCell {TD} at (436,380) size 33x40 [bgcolor=#ADD8E6] [border: (1px inset #808080)] [r=9 c=10 rs=1 cs=1]
                RenderText {#text} at (2,2) size 20x35
                  text run at (2,2) width 20: "col"
                  text run at (2,20) width 8: "9"
      RenderBlock {P} at (0,2454) size 768x0
      RenderBlock {HR} at (0,2454) size 768x2 [border: (1px inset #000000)]
      RenderBlock (anonymous) at (0,2464) size 768x18
        RenderImage {IMG} at (0,1) size 13x13
        RenderText {#text} at (13,0) size 131x17
          text run at (13,0) width 131: " Created 9/19/96 by "
        RenderInline {A} at (0,0) size 84x17 [color=#0000EE]
          RenderText {#text} at (143,0) size 84x17
            text run at (143,0) width 84: "Ronald Greti"
        RenderBR {BR} at (226,14) size 1x0
      RenderBlock {P} at (0,2498) size 768x18
        RenderBR {BR} at (0,0) size 0x17
