CONSOLE MESSAGE: line 9: Error: Problem parsing d="M 0 0 L 10 10 10"
layer at (0,0) size 785x933
  RenderView at (0,0) size 785x600
layer at (0,0) size 785x933
  RenderBlock {html} at (0,0) size 785x933
    RenderBody {body} at (8,16) size 769x909
      RenderBlock {parsererror} at (16,0) size 737x134 [bgcolor=#FFDDDD] [border: (2px solid #CC7777)]
        RenderBlock {h3} at (18,20) size 701x22
          RenderText {#text} at (0,0) size 324x22
            text run at (0,0) width 324: "This page contains the following errors:"
        RenderBlock {div} at (18,60) size 701x14
          RenderText {#text} at (0,0) size 469x14
            text run at (0,0) width 469: "error on line 10 at column 66: invalid character in attribute value"
            text run at (469,0) width 0: " "
        RenderBlock {h3} at (18,92) size 701x22
          RenderText {#text} at (0,0) size 429x22
            text run at (0,0) width 429: "Below is a rendering of the page up to the first error."
      RenderBlock (anonymous) at (0,150) size 769x759
        RenderSVGRoot {svg} at (7.65,165.65) size 200.35x200.35
          RenderSVGPath {path} at (8,166) size 200x200 [fill={[type=SOLID] [color=#008000]}] [data="M0.00,0.00 L200.00,0.00 L200.00,200.00 L0.00,200.00"]
          RenderSVGPath {path} at (7.65,165.65) size 10.71x10.71 [stroke={[type=SOLID] [color=#FF0000]}] [fill={[type=SOLID] [color=#FF0000]}] [data="M0.00,0.00 L10.00,10.00"]
