layer at (0,0) size 800x600
  RenderView at (0,0) size 800x600
layer at (0,0) size 800x52
  RenderBlock {html} at (0,0) size 800x52
    RenderBody {body} at (8,8) size 784x36
      RenderBlock {tests} at (0,0) size 784x36 [color=#008000]
        RenderBlock {testA} at (0,0) size 784x18
          RenderText {#text} at (0,0) size 136x18
            text run at (0,0) width 136: "This should be green."
        RenderBlock {testB} at (0,18) size 784x18
          RenderText {#text} at (0,0) size 136x18
            text run at (0,0) width 136: "This should be green."
