layer at (0,0) size 800x600
  RenderView at (0,0) size 800x600
layer at (0,0) size 800x340
  RenderBlock {html} at (0,0) size 800x340
    RenderBody {body} at (8,8) size 784x324
      RenderBlock (anonymous) at (0,0) size 784x0
        RenderInline {test} at (0,0) size 0x0
          RenderText {#text} at (0,0) size 0x0
      RenderBlock (anonymous) at (0,0) size 784x324
        RenderBlock {line} at (0,0) size 784x18
          RenderText {#text} at (0,0) size 181x18
            text run at (0,0) width 181: "This line should be unstyled."
        RenderBlock {line} at (0,18) size 784x18 [bgcolor=#00FF00]
          RenderText {#text} at (0,0) size 163x18
            text run at (0,0) width 163: "This line should be green."
        RenderBlock {line} at (0,36) size 784x18
          RenderText {#text} at (0,0) size 181x18
            text run at (0,0) width 181: "This line should be unstyled."
        RenderBlock {line} at (0,54) size 784x18
          RenderText {#text} at (0,0) size 181x18
            text run at (0,0) width 181: "This line should be unstyled."
        RenderBlock {line} at (0,72) size 784x18 [bgcolor=#00FF00]
          RenderText {#text} at (0,0) size 163x18
            text run at (0,0) width 163: "This line should be green."
        RenderBlock {line} at (0,90) size 784x18
          RenderText {#text} at (0,0) size 181x18
            text run at (0,0) width 181: "This line should be unstyled."
        RenderBlock {line} at (0,108) size 784x18 [bgcolor=#00FF00]
          RenderText {#text} at (0,0) size 163x18
            text run at (0,0) width 163: "This line should be green."
        RenderBlock {line} at (0,126) size 784x18
          RenderText {#text} at (0,0) size 181x18
            text run at (0,0) width 181: "This line should be unstyled."
        RenderBlock {line} at (0,144) size 784x18
          RenderText {#text} at (0,0) size 181x18
            text run at (0,0) width 181: "This line should be unstyled."
        RenderBlock {line} at (0,162) size 784x18 [bgcolor=#00FF00]
          RenderText {#text} at (0,0) size 163x18
            text run at (0,0) width 163: "This line should be green."
        RenderBlock {line} at (0,180) size 784x18
          RenderText {#text} at (0,0) size 181x18
            text run at (0,0) width 181: "This line should be unstyled."
        RenderBlock {line} at (0,198) size 784x18
          RenderText {#text} at (0,0) size 181x18
            text run at (0,0) width 181: "This line should be unstyled."
        RenderBlock {line} at (0,216) size 784x18
          RenderText {#text} at (0,0) size 181x18
            text run at (0,0) width 181: "This line should be unstyled."
        RenderBlock {line} at (0,234) size 784x18 [bgcolor=#00FF00]
          RenderText {#text} at (0,0) size 163x18
            text run at (0,0) width 163: "This line should be green."
        RenderBlock {line} at (0,252) size 784x18
          RenderText {#text} at (0,0) size 181x18
            text run at (0,0) width 181: "This line should be unstyled."
        RenderBlock {line} at (0,270) size 784x18
          RenderText {#text} at (0,0) size 181x18
            text run at (0,0) width 181: "This line should be unstyled."
        RenderBlock {line} at (0,288) size 784x18 [bgcolor=#00FF00]
          RenderText {#text} at (0,0) size 163x18
            text run at (0,0) width 163: "This line should be green."
        RenderBlock {line} at (0,306) size 784x18
          RenderText {#text} at (0,0) size 181x18
            text run at (0,0) width 181: "This line should be unstyled."
      RenderBlock (anonymous) at (0,324) size 784x0
        RenderInline {test} at (0,0) size 0x0
        RenderText {#text} at (0,0) size 0x0
