layer at (0,0) size 800x600
  RenderView at (0,0) size 800x600
layer at (0,0) size 800x134
  RenderBlock {html} at (0,0) size 800x134
    RenderBody {body} at (8,8) size 784x110
      RenderBlock {div} at (0,0) size 784x76
        RenderTable {table} at (0,0) size 123x76 [border: (1px outset #808080)]
          RenderTableSection (anonymous) at (1,1) size 121x74
            RenderTableRow {tr} at (0,2) size 121x22
              RenderTableCell {td} at (2,2) size 65x22 [bgcolor=#00FF00] [border: (1px inset #808080)] [r=0 c=0 rs=1 cs=1]
                RenderText {#text} at (2,2) size 61x18
                  text run at (2,2) width 61: "green cell"
              RenderTableCell {td} at (69,2) size 24x22 [border: (1px inset #808080)] [r=0 c=1 rs=1 cs=1]
                RenderText {#text} at (2,2) size 20x18
                  text run at (2,2) width 20: "1.2"
              RenderTableCell {td} at (95,2) size 24x22 [border: (1px inset #808080)] [r=0 c=2 rs=1 cs=1]
                RenderText {#text} at (2,2) size 20x18
                  text run at (2,2) width 20: "1.3"
            RenderTableRow {tr} at (0,26) size 121x22
              RenderTableCell {td} at (2,26) size 65x22 [bgcolor=#00FF00] [border: (1px inset #808080)] [r=1 c=0 rs=1 cs=1]
                RenderText {#text} at (2,2) size 61x18
                  text run at (2,2) width 61: "green cell"
              RenderTableCell {td} at (69,26) size 24x22 [border: (1px inset #808080)] [r=1 c=1 rs=1 cs=1]
                RenderText {#text} at (2,2) size 20x18
                  text run at (2,2) width 20: "2.2"
              RenderTableCell {td} at (95,26) size 24x22 [border: (1px inset #808080)] [r=1 c=2 rs=1 cs=1]
                RenderText {#text} at (2,2) size 20x18
                  text run at (2,2) width 20: "2.3"
            RenderTableRow {tr} at (0,50) size 121x22
              RenderTableCell {td} at (2,50) size 65x22 [bgcolor=#00FF00] [border: (1px inset #808080)] [r=2 c=0 rs=1 cs=1]
                RenderText {#text} at (2,2) size 61x18
                  text run at (2,2) width 61: "green cell"
              RenderTableCell {td} at (69,50) size 24x22 [border: (1px inset #808080)] [r=2 c=1 rs=1 cs=1]
                RenderText {#text} at (2,2) size 20x18
                  text run at (2,2) width 20: "3.2"
              RenderTableCell {td} at (95,50) size 24x22 [border: (1px inset #808080)] [r=2 c=2 rs=1 cs=1]
                RenderText {#text} at (2,2) size 20x18
                  text run at (2,2) width 20: "3.3"
      RenderBlock {p} at (0,92) size 784x18
        RenderText {#text} at (0,0) size 219x18
          text run at (0,0) width 219: "This paragraph contains some text "
        RenderInline {span} at (0,0) size 303x18 [bgcolor=#00FF00]
          RenderText {#text} at (219,0) size 303x18
            text run at (219,0) width 303: "and a span that should have a green background"
        RenderText {#text} at (0,0) size 0x0
