layer at (0,0) size 800x600
  RenderView at (0,0) size 800x600
layer at (0,0) size 800x384
  RenderBlock {html} at (0,0) size 800x384
    RenderBody {body} at (8,16) size 784x352
      RenderBlock {p} at (0,0) size 784x18
        RenderText {#text} at (0,0) size 329x18
          text run at (0,0) width 329: "This paragraph is here only to fill space in the DOM"
      RenderBlock {address} at (0,34) size 784x18
        RenderText {#text} at (0,0) size 137x18
          text run at (0,0) width 137: "And this address too.."
      RenderBlock {p} at (0,68) size 784x18
        RenderText {#text} at (0,0) size 152x18
          text run at (0,0) width 152: "So does this paragraph !"
      RenderBlock {p} at (0,102) size 784x18 [bgcolor=#00FF00]
        RenderText {#text} at (0,0) size 274x18
          text run at (0,0) width 274: "But this one should have green background"
      RenderBlock {dl} at (0,136) size 784x216
        RenderBlock {dt} at (0,0) size 784x18 [bgcolor=#00FF00]
          RenderText {#text} at (0,0) size 349x18
            text run at (0,0) width 349: "First definition term that should have green background"
        RenderBlock {dd} at (40,18) size 744x18 [bgcolor=#00FF00]
          RenderText {#text} at (0,0) size 317x18
            text run at (0,0) width 317: "First definition that should have green background"
        RenderBlock {dt} at (0,36) size 784x18
          RenderText {#text} at (0,0) size 143x18
            text run at (0,0) width 143: "Second definition term"
        RenderBlock {dd} at (40,54) size 744x18
          RenderText {#text} at (0,0) size 111x18
            text run at (0,0) width 111: "Second definition"
        RenderBlock {dt} at (0,72) size 784x18
          RenderText {#text} at (0,0) size 131x18
            text run at (0,0) width 131: "Third definition term"
        RenderBlock {dd} at (40,90) size 744x18
          RenderText {#text} at (0,0) size 99x18
            text run at (0,0) width 99: "Third definition"
        RenderBlock {dt} at (0,108) size 784x18 [bgcolor=#00FF00]
          RenderText {#text} at (0,0) size 363x18
            text run at (0,0) width 363: "Fourth definition term that should have green background"
        RenderBlock {dd} at (40,126) size 744x18 [bgcolor=#00FF00]
          RenderText {#text} at (0,0) size 331x18
            text run at (0,0) width 331: "Fourth definition that should have green background"
        RenderBlock {dt} at (0,144) size 784x18
          RenderText {#text} at (0,0) size 126x18
            text run at (0,0) width 126: "Fifth definition term"
        RenderBlock {dd} at (40,162) size 744x18
          RenderText {#text} at (0,0) size 94x18
            text run at (0,0) width 94: "Fifth definition"
        RenderBlock {dt} at (0,180) size 784x18
          RenderText {#text} at (0,0) size 129x18
            text run at (0,0) width 129: "Sixth definition term"
        RenderBlock {dd} at (40,198) size 744x18
          RenderText {#text} at (0,0) size 97x18
            text run at (0,0) width 97: "Sixth definition"
