layer at (0,0) size 800x600
  RenderView at (0,0) size 800x600
layer at (0,0) size 800x50
  RenderBlock {html} at (0,0) size 800x50
    RenderBody {body} at (8,16) size 784x18
      RenderBlock {p} at (0,0) size 784x18
        RenderInline {a} at (0,0) size 382x18 [color=#000080]
          RenderText {#text} at (0,0) size 44x18
            text run at (0,0) width 44: "Hover "
          RenderInline {strong} at (0,0) size 30x18
            RenderText {#text} at (44,0) size 30x18
              text run at (44,0) width 30: "here"
          RenderText {#text} at (74,0) size 150x18
            text run at (74,0) width 150: " and the background of "
          RenderInline {span} at (0,0) size 154x18
            RenderText {#text} at (224,0) size 154x18
              text run at (224,0) width 154: "this text should go green"
          RenderText {#text} at (378,0) size 4x18
            text run at (378,0) width 4: "."
