layer at (0,0) size 785x5269
  RenderView at (0,0) size 785x600
layer at (0,0) size 785x5269 layerType: background only
layer at (84,1479) size 200x200
  RenderBlock (positioned) zI: -3000000 {P} at (60,60) size 200x200 [color=#FFFFFF] [bgcolor=#990066]
    RenderText zI: -3000000 {#text} at (77,45) size 46x90
      text run at (77,45) width 46: "8"
layer at (34,1629) size 200x200
  RenderBlock (positioned) zI: -2000000 {P} at (10,210) size 200x200 [color=#FFFFFF] [bgcolor=#660099]
    RenderText zI: -2000000 {#text} at (77,45) size 46x90
      text run at (77,45) width 46: "7"
layer at (84,1779) size 200x200
  RenderBlock (positioned) zI: -1000000 {P} at (60,360) size 200x200 [color=#FFFFFF] [bgcolor=#0000FF]
    RenderText zI: -1000000 {#text} at (77,45) size 46x90
      text run at (77,45) width 46: "6"
layer at (84,2115) size 200x200
  RenderBlock (positioned) zI: -40 {P} at (60,60) size 200x200 [color=#FFFFFF] [bgcolor=#990066]
    RenderText zI: -40 {#text} at (77,45) size 46x90
      text run at (77,45) width 46: "8"
layer at (34,2265) size 200x200
  RenderBlock (positioned) zI: -30 {P} at (10,210) size 200x200 [color=#FFFFFF] [bgcolor=#660099]
    RenderText zI: -30 {#text} at (77,45) size 46x90
      text run at (77,45) width 46: "7"
layer at (84,843) size 200x200
  RenderBlock (positioned) zI: -3 {P} at (60,60) size 200x200 [color=#FFFFFF] [bgcolor=#990066]
    RenderText zI: -3 {#text} at (50,45) size 392x90
      text run at (50,45) width 392: " 8 hide me"
layer at (84,2751) size 200x200
  RenderBlock (positioned) zI: -3 {P} at (60,60) size 200x200 [color=#FFFFFF] [bgcolor=#990066]
    RenderText zI: -3 {#text} at (77,45) size 46x90
      text run at (77,45) width 46: "8"
layer at (34,2901) size 200x200
  RenderBlock (positioned) zI: -3 {P} at (10,210) size 200x200 [color=#FFFFFF] [bgcolor=#660099]
    RenderText zI: -3 {#text} at (77,45) size 46x90
      text run at (77,45) width 46: "7"
layer at (84,3387) size 200x200
  RenderBlock (positioned) zI: -3 {P} at (60,60) size 200x200 [color=#FFFFFF] [bgcolor=#990066]
    RenderText zI: -3 {#text} at (77,45) size 46x90
      text run at (77,45) width 46: "8"
layer at (84,4023) size 200x200
  RenderBlock (positioned) zI: -3 {P} at (60,60) size 200x200 [color=#FFFFFF] [bgcolor=#990066]
    RenderText zI: -3 {#text} at (77,45) size 46x90
      text run at (77,45) width 46: "8"
layer at (84,4693) size 200x200
  RenderBlock (positioned) zI: -3 {P} at (60,60) size 200x200 [color=#FFFFFF] [bgcolor=#990066]
    RenderText zI: -3 {#text} at (77,45) size 46x90
      text run at (77,45) width 46: "8"
layer at (34,993) size 200x200
  RenderBlock (positioned) zI: -2 {P} at (10,210) size 200x200 [color=#FFFFFF] [bgcolor=#660099]
    RenderText zI: -2 {#text} at (77,45) size 46x90
      text run at (77,45) width 46: "7"
layer at (84,2415) size 200x200
  RenderBlock (positioned) zI: -2 {P} at (60,360) size 200x200 [color=#FFFFFF] [bgcolor=#0000FF]
    RenderText zI: -2 {#text} at (77,45) size 46x90
      text run at (77,45) width 46: "6"
layer at (234,2465) size 200x200
  RenderBlock (positioned) zI: -2 {P} at (210,410) size 200x200 [color=#FFFFFF] [bgcolor=#009999]
    RenderText zI: -2 {#text} at (77,45) size 46x90
      text run at (77,45) width 46: "5"
layer at (34,3537) size 200x200
  RenderBlock (positioned) zI: -2 {P} at (10,210) size 200x200 [color=#FFFFFF] [bgcolor=#660099]
    RenderText zI: -2 {#text} at (77,45) size 46x90
      text run at (77,45) width 46: "7"
layer at (34,4173) size 200x200
  RenderBlock (positioned) zI: -2 {P} at (0,200) size 200x200 [color=#FFFFFF] [bgcolor=#660099]
    RenderText zI: -2 {#text} at (77,45) size 46x90
      text run at (77,45) width 46: "7"
layer at (34,4843) size 200x200
  RenderBlock (positioned) zI: -2 {P} at (0,200) size 200x200 [color=#FFFFFF] [bgcolor=#660099]
    RenderText zI: -2 {#text} at (77,45) size 46x90
      text run at (77,45) width 46: "7"
layer at (84,1143) size 200x200
  RenderBlock (positioned) zI: -1 {P} at (60,360) size 200x200 [color=#FFFFFF] [bgcolor=#0000FF]
    RenderText zI: -1 {#text} at (77,45) size 46x90
      text run at (77,45) width 46: "6"
layer at (84,4323) size 200x200
  RenderBlock (positioned) zI: -1 {P} at (60,360) size 200x200 [color=#FFFFFF] [bgcolor=#0000FF]
    RenderText zI: -1 {#text} at (77,45) size 46x90
      text run at (77,45) width 46: "6"
layer at (84,4993) size 200x200
  RenderBlock (positioned) zI: -1 {P} at (60,360) size 200x200 [color=#FFFFFF] [bgcolor=#0000FF]
    RenderText zI: -1 {#text} at (77,45) size 46x90
      text run at (77,45) width 46: "6"
layer at (0,0) size 785x5269 layerType: foreground only
  RenderBlock {HTML} at (0,0) size 785x5269
    RenderBody {BODY} at (8,21) size 769x5232
      RenderBlock {H1} at (0,0) size 769x37
        RenderText {#text} at (0,0) size 294x36
          text run at (0,0) width 294: "Layered Presentation"
      RenderBlock {P} at (0,58) size 769x18
        RenderText {#text} at (0,0) size 733x19
          text run at (0,0) width 398: "Robert O'Callahan pointed out to me some mistakes in this test "
          text run at (398,0) width 335: "that I have not yet had the time to examine or correct."
      RenderBlock {P} at (0,92) size 769x18
        RenderText {#text} at (0,0) size 463x19
          text run at (0,0) width 463: "In each of the following, 1 should be the top layer and 8 the bottom layer:"
      RenderBlock {P} at (0,4578) size 769x18
        RenderText {#text} at (0,0) size 349x19
          text run at (0,0) width 349: "Using assumed default value of z-index (may not pass):"
layer at (24,147) size 620x620
  RenderBlock (relative positioned) {DIV} at (16,126) size 620x620 [border: (10px solid #000000)]
layer at (84,207) size 200x200
  RenderBlock (positioned) {P} at (60,60) size 200x200 [color=#FFFFFF] [bgcolor=#990066]
    RenderText {#text} at (50,45) size 392x90
      text run at (50,45) width 392: " 8 hide me"
layer at (34,357) size 200x200
  RenderBlock (positioned) {P} at (10,210) size 200x200 [color=#FFFFFF] [bgcolor=#660099]
    RenderText {#text} at (77,45) size 46x90
      text run at (77,45) width 46: "7"
layer at (84,507) size 200x200
  RenderBlock (positioned) {P} at (60,360) size 200x200 [color=#FFFFFF] [bgcolor=#0000FF]
    RenderText {#text} at (77,45) size 46x90
      text run at (77,45) width 46: "6"
layer at (234,557) size 200x200
  RenderBlock (positioned) {P} at (210,410) size 200x200 [color=#FFFFFF] [bgcolor=#009999]
    RenderText {#text} at (77,45) size 46x90
      text run at (77,45) width 46: "5"
layer at (384,507) size 200x200
  RenderBlock (positioned) {P} at (360,360) size 200x200 [color=#FFFFFF] [bgcolor=#00CC00]
    RenderText {#text} at (77,45) size 46x90
      text run at (77,45) width 46: "4"
layer at (434,357) size 200x200
  RenderBlock (positioned) {P} at (410,210) size 200x200 [color=#FFFFFF] [bgcolor=#CCCC00]
    RenderText {#text} at (77,45) size 46x90
      text run at (77,45) width 46: "3"
layer at (384,207) size 200x200
  RenderBlock (positioned) {P} at (360,60) size 200x200 [color=#FFFFFF] [bgcolor=#FF9900]
    RenderText {#text} at (77,45) size 46x90
      text run at (77,45) width 46: "2"
layer at (234,157) size 200x200
  RenderBlock (positioned) {P} at (210,10) size 200x200 [color=#FFFFFF] [bgcolor=#FF0000]
    RenderText {#text} at (77,45) size 46x90
      text run at (77,45) width 46: "1"
layer at (24,783) size 620x620
  RenderBlock (relative positioned) {DIV} at (16,762) size 620x620 [border: (10px solid #000000)]
layer at (234,1193) size 200x200
  RenderBlock (positioned) {P} at (210,410) size 200x200 [color=#FFFFFF] [bgcolor=#009999]
    RenderText {#text} at (77,45) size 46x90
      text run at (77,45) width 46: "5"
layer at (24,1419) size 620x620
  RenderBlock (relative positioned) {DIV} at (16,1398) size 620x620 [border: (10px solid #000000)]
layer at (234,1829) size 200x200
  RenderBlock (positioned) {P} at (210,410) size 200x200 [color=#FFFFFF] [bgcolor=#009999]
    RenderText {#text} at (77,45) size 46x90
      text run at (77,45) width 46: "5"
layer at (24,2055) size 620x620
  RenderBlock (relative positioned) {DIV} at (16,2034) size 620x620 [border: (10px solid #000000)]
layer at (384,2415) size 200x200
  RenderBlock (positioned) {P} at (360,360) size 200x200 [color=#FFFFFF] [bgcolor=#00CC00]
    RenderText {#text} at (77,45) size 46x90
      text run at (77,45) width 46: "4"
layer at (434,2265) size 200x200
  RenderBlock (positioned) {P} at (410,210) size 200x200 [color=#FFFFFF] [bgcolor=#CCCC00]
    RenderText {#text} at (77,45) size 46x90
      text run at (77,45) width 46: "3"
layer at (24,2691) size 620x620
  RenderBlock (relative positioned) {DIV} at (16,2670) size 620x620 [border: (10px solid #000000)]
layer at (84,3051) size 200x200
  RenderBlock (positioned) {P} at (60,360) size 200x200 [color=#FFFFFF] [bgcolor=#0000FF]
    RenderText {#text} at (77,45) size 46x90
      text run at (77,45) width 46: "6"
layer at (234,3101) size 200x200
  RenderBlock (positioned) {P} at (210,410) size 200x200 [color=#FFFFFF] [bgcolor=#009999]
    RenderText {#text} at (77,45) size 46x90
      text run at (77,45) width 46: "5"
layer at (384,3051) size 200x200
  RenderBlock (positioned) {P} at (360,360) size 200x200 [color=#FFFFFF] [bgcolor=#00CC00]
    RenderText {#text} at (77,45) size 46x90
      text run at (77,45) width 46: "4"
layer at (24,3327) size 620x620
  RenderBlock (relative positioned) {DIV} at (16,3306) size 620x620 [border: (10px solid #000000)]
layer at (34,3337) size 600x600 layerType: background only
layer at (84,3687) size 200x200
  RenderBlock (positioned) zI: -9 {P} at (50,350) size 200x200 [color=#FFFFFF] [bgcolor=#0000FF]
    RenderText zI: -9 {#text} at (77,45) size 46x90
      text run at (77,45) width 46: "6"
layer at (34,3337) size 600x600 layerType: foreground only
  RenderBlock (positioned) {DIV} at (10,10) size 600x600
layer at (234,3737) size 200x200
  RenderBlock (positioned) {P} at (200,400) size 200x200 [color=#FFFFFF] [bgcolor=#009999]
    RenderText {#text} at (77,45) size 46x90
      text run at (77,45) width 46: "5"
layer at (384,3687) size 200x200
  RenderBlock (positioned) zI: 9 {P} at (350,350) size 200x200 [color=#FFFFFF] [bgcolor=#00CC00]
    RenderText zI: 9 {#text} at (77,45) size 46x90
      text run at (77,45) width 46: "4"
layer at (24,3963) size 620x620
  RenderBlock (relative positioned) {DIV} at (16,3942) size 620x620 [border: (10px solid #000000)]
layer at (34,3973) size 600x600
  RenderBlock (positioned) {DIV} at (10,10) size 600x600
layer at (234,4373) size 200x200
  RenderBlock (positioned) {P} at (210,410) size 200x200 [color=#FFFFFF] [bgcolor=#009999]
    RenderText {#text} at (77,45) size 46x90
      text run at (77,45) width 46: "5"
layer at (24,4633) size 620x620
  RenderBlock (relative positioned) {DIV} at (16,4612) size 620x620 [border: (10px solid #000000)]
layer at (34,4643) size 600x600
  RenderBlock (positioned) {DIV} at (10,10) size 600x600
layer at (234,5043) size 200x200
  RenderBlock (positioned) {P} at (210,410) size 200x200 [color=#FFFFFF] [bgcolor=#009999]
    RenderText {#text} at (77,45) size 46x90
      text run at (77,45) width 46: "5"
layer at (384,1143) size 200x200
  RenderBlock (positioned) zI: 1 {P} at (360,360) size 200x200 [color=#FFFFFF] [bgcolor=#00CC00]
    RenderText zI: 1 {#text} at (77,45) size 46x90
      text run at (77,45) width 46: "4"
layer at (384,4323) size 200x200
  RenderBlock (positioned) zI: 1 {P} at (350,350) size 200x200 [color=#FFFFFF] [bgcolor=#00CC00]
    RenderText zI: 1 {#text} at (77,45) size 46x90
      text run at (77,45) width 46: "4"
layer at (384,4993) size 200x200
  RenderBlock (positioned) zI: 1 {P} at (350,350) size 200x200 [color=#FFFFFF] [bgcolor=#00CC00]
    RenderText zI: 1 {#text} at (77,45) size 46x90
      text run at (77,45) width 46: "4"
layer at (434,993) size 200x200
  RenderBlock (positioned) zI: 2 {P} at (410,210) size 200x200 [color=#FFFFFF] [bgcolor=#CCCC00]
    RenderText zI: 2 {#text} at (77,45) size 46x90
      text run at (77,45) width 46: "3"
layer at (384,2115) size 200x200
  RenderBlock (positioned) zI: 2 {P} at (360,60) size 200x200 [color=#FFFFFF] [bgcolor=#FF9900]
    RenderText zI: 2 {#text} at (77,45) size 46x90
      text run at (77,45) width 46: "2"
layer at (434,3537) size 200x200
  RenderBlock (positioned) zI: 2 {P} at (410,210) size 200x200 [color=#FFFFFF] [bgcolor=#CCCC00]
    RenderText zI: 2 {#text} at (77,45) size 46x90
      text run at (77,45) width 46: "3"
layer at (434,4173) size 200x200
  RenderBlock (positioned) zI: 2 {P} at (410,210) size 200x200 [color=#FFFFFF] [bgcolor=#CCCC00]
    RenderText zI: 2 {#text} at (77,45) size 46x90
      text run at (77,45) width 46: "3"
layer at (434,4843) size 200x200
  RenderBlock (positioned) zI: 2 {P} at (410,210) size 200x200 [color=#FFFFFF] [bgcolor=#CCCC00]
    RenderText zI: 2 {#text} at (77,45) size 46x90
      text run at (77,45) width 46: "3"
layer at (384,843) size 200x200
  RenderBlock (positioned) zI: 3 {P} at (360,60) size 200x200 [color=#FFFFFF] [bgcolor=#FF9900]
    RenderText zI: 3 {#text} at (77,45) size 46x90
      text run at (77,45) width 46: "2"
layer at (234,2065) size 200x200
  RenderBlock (positioned) zI: 3 {P} at (210,10) size 200x200 [color=#FFFFFF] [bgcolor=#FF0000]
    RenderText zI: 3 {#text} at (77,45) size 46x90
      text run at (77,45) width 46: "1"
layer at (384,3387) size 200x200
  RenderBlock (positioned) zI: 3 {P} at (360,60) size 200x200 [color=#FFFFFF] [bgcolor=#FF9900]
    RenderText zI: 3 {#text} at (77,45) size 46x90
      text run at (77,45) width 46: "2"
layer at (384,4023) size 200x200
  RenderBlock (positioned) zI: 3 {P} at (350,50) size 200x200 [color=#FFFFFF] [bgcolor=#FF9900]
    RenderText zI: 3 {#text} at (77,45) size 46x90
      text run at (77,45) width 46: "2"
layer at (384,4693) size 200x200
  RenderBlock (positioned) zI: 3 {P} at (350,50) size 200x200 [color=#FFFFFF] [bgcolor=#FF9900]
    RenderText zI: 3 {#text} at (77,45) size 46x90
      text run at (77,45) width 46: "2"
layer at (234,793) size 200x200
  RenderBlock (positioned) zI: 4 {P} at (210,10) size 200x200 [color=#FFFFFF] [bgcolor=#FF0000]
    RenderText zI: 4 {#text} at (77,45) size 46x90
      text run at (77,45) width 46: "1"
layer at (434,2901) size 200x200
  RenderBlock (positioned) zI: 4 {P} at (410,210) size 200x200 [color=#FFFFFF] [bgcolor=#CCCC00]
    RenderText zI: 4 {#text} at (77,45) size 46x90
      text run at (77,45) width 46: "3"
layer at (384,2751) size 200x200
  RenderBlock (positioned) zI: 4 {P} at (360,60) size 200x200 [color=#FFFFFF] [bgcolor=#FF9900]
    RenderText zI: 4 {#text} at (77,45) size 46x90
      text run at (77,45) width 46: "2"
layer at (234,2701) size 200x200
  RenderBlock (positioned) zI: 4 {P} at (210,10) size 200x200 [color=#FFFFFF] [bgcolor=#FF0000]
    RenderText zI: 4 {#text} at (77,45) size 46x90
      text run at (77,45) width 46: "1"
layer at (234,3337) size 200x200
  RenderBlock (positioned) zI: 4 {P} at (210,10) size 200x200 [color=#FFFFFF] [bgcolor=#FF0000]
    RenderText zI: 4 {#text} at (77,45) size 46x90
      text run at (77,45) width 46: "1"
layer at (234,3973) size 200x200
  RenderBlock (positioned) zI: 4 {P} at (210,10) size 200x200 [color=#FFFFFF] [bgcolor=#FF0000]
    RenderText zI: 4 {#text} at (77,45) size 46x90
      text run at (77,45) width 46: "1"
layer at (234,4643) size 200x200
  RenderBlock (positioned) zI: 4 {P} at (210,10) size 200x200 [color=#FFFFFF] [bgcolor=#FF0000]
    RenderText zI: 4 {#text} at (77,45) size 46x90
      text run at (77,45) width 46: "1"
layer at (384,1779) size 200x200
  RenderBlock (positioned) zI: 1000000 {P} at (360,360) size 200x200 [color=#FFFFFF] [bgcolor=#00CC00]
    RenderText zI: 1000000 {#text} at (77,45) size 46x90
      text run at (77,45) width 46: "4"
layer at (434,1629) size 200x200
  RenderBlock (positioned) zI: 2000000 {P} at (410,210) size 200x200 [color=#FFFFFF] [bgcolor=#CCCC00]
    RenderText zI: 2000000 {#text} at (77,45) size 46x90
      text run at (77,45) width 46: "3"
layer at (384,1479) size 200x200
  RenderBlock (positioned) zI: 3000000 {P} at (360,60) size 200x200 [color=#FFFFFF] [bgcolor=#FF9900]
    RenderText zI: 3000000 {#text} at (77,45) size 46x90
      text run at (77,45) width 46: "2"
layer at (234,1429) size 200x200
  RenderBlock (positioned) zI: 4000000 {P} at (210,10) size 200x200 [color=#FFFFFF] [bgcolor=#FF0000]
    RenderText zI: 4000000 {#text} at (77,45) size 46x90
      text run at (77,45) width 46: "1"
