layer at (0,0) size 800x600
  RenderView at (0,0) size 800x600
layer at (0,0) size 800x600
  RenderBlock {HTML} at (0,0) size 800x600
    RenderBody {BODY} at (8,8) size 784x584
      RenderText {#text} at (0,0) size 356x19
        text run at (0,0) width 356: "All of the boxes below should look identical to this one: "
      RenderBR {BR} at (356,15) size 0x0
      RenderText {#text} at (72,71) size 4x19
        text run at (72,71) width 4: " "
      RenderBR {BR} at (76,86) size 0x0
      RenderText {#text} at (0,89) size 99x19
        text run at (0,89) width 99: "The test boxes: "
      RenderBR {BR} at (0,0) size 0x0
      RenderText {#text} at (72,160) size 4x19
        text run at (72,160) width 4: " "
      RenderText {#text} at (148,160) size 4x19
        text run at (148,160) width 4: " "
      RenderText {#text} at (224,160) size 4x19
        text run at (224,160) width 4: " "
      RenderText {#text} at (300,160) size 4x19
        text run at (300,160) width 4: " "
      RenderBR {BR} at (0,0) size 0x0
      RenderText {#text} at (72,231) size 4x19
        text run at (72,231) width 4: " "
      RenderText {#text} at (148,231) size 4x19
        text run at (148,231) width 4: " "
      RenderText {#text} at (224,231) size 4x19
        text run at (224,231) width 4: " "
      RenderText {#text} at (300,231) size 4x19
        text run at (300,231) width 4: " "
      RenderBR {BR} at (0,0) size 0x0
      RenderText {#text} at (72,302) size 4x19
        text run at (72,302) width 4: " "
      RenderText {#text} at (148,302) size 4x19
        text run at (148,302) width 4: " "
      RenderText {#text} at (224,302) size 4x19
        text run at (224,302) width 4: " "
      RenderText {#text} at (300,302) size 4x19
        text run at (300,302) width 4: " "
      RenderBR {BR} at (0,0) size 0x0
      RenderText {#text} at (72,373) size 4x19
        text run at (72,373) width 4: " "
      RenderText {#text} at (148,373) size 4x19
        text run at (148,373) width 4: " "
      RenderText {#text} at (224,373) size 4x19
        text run at (224,373) width 4: " "
      RenderText {#text} at (0,0) size 0x0
layer at (13,31) size 62x58
  RenderBlock (relative positioned) {DIV} at (5,23) size 62x58 [border: (1px solid #000000) (2px solid #000000) (3px solid #000000) (4px solid #000000)]
layer at (17,32) size 20x20
  RenderImage {IMG} at (4,1) size 20x20 [bgcolor=#008000]
layer at (53,32) size 20x20
  RenderImage {IMG} at (40,1) size 20x20 [bgcolor=#008000]
layer at (17,66) size 20x20
  RenderImage {IMG} at (4,35) size 20x20 [bgcolor=#008000]
layer at (53,66) size 20x20
  RenderImage {IMG} at (40,35) size 20x20 [bgcolor=#008000]
layer at (13,120) size 62x58
  RenderBlock (relative positioned) {DIV} at (5,112) size 62x58 [border: (1px solid #000000) (2px solid #000000) (3px solid #000000) (4px solid #000000)]
layer at (17,121) size 20x20
  RenderImage {IMG} at (4,1) size 20x20 [bgcolor=#008000]
layer at (53,121) size 20x20
  RenderImage {IMG} at (40,1) size 20x20 [bgcolor=#008000]
layer at (17,155) size 20x20
  RenderImage {IMG} at (4,35) size 20x20 [bgcolor=#008000]
layer at (53,155) size 20x20
  RenderImage {IMG} at (40,35) size 20x20 [bgcolor=#008000]
layer at (89,120) size 62x58
  RenderBlock (relative positioned) {DIV} at (81,112) size 62x58 [border: (1px solid #000000) (2px solid #000000) (3px solid #000000) (4px solid #000000)]
layer at (93,121) size 20x20
  RenderImage {IMG} at (4,1) size 20x20 [bgcolor=#008000]
layer at (129,121) size 20x20
  RenderImage {IMG} at (40,1) size 20x20 [bgcolor=#008000]
layer at (93,155) size 20x20
  RenderImage {IMG} at (4,35) size 20x20 [bgcolor=#008000]
layer at (129,155) size 20x20
  RenderImage {IMG} at (40,35) size 20x20 [bgcolor=#008000]
layer at (165,120) size 62x58
  RenderBlock (relative positioned) {DIV} at (157,112) size 62x58 [border: (1px solid #000000) (2px solid #000000) (3px solid #000000) (4px solid #000000)]
layer at (169,121) size 20x20
  RenderImage {IMG} at (4,37) size 20x20 [bgcolor=#008000]
layer at (205,121) size 20x20
  RenderImage {IMG} at (40,37) size 20x20 [bgcolor=#008000]
layer at (169,155) size 20x20
  RenderImage {IMG} at (4,3) size 20x20 [bgcolor=#008000]
layer at (205,155) size 20x20
  RenderImage {IMG} at (40,3) size 20x20 [bgcolor=#008000]
layer at (241,120) size 62x58
  RenderBlock (relative positioned) {DIV} at (233,112) size 62x58 [border: (1px solid #000000) (2px solid #000000) (3px solid #000000) (4px solid #000000)]
layer at (245,121) size 20x20
  RenderImage {IMG} at (38,1) size 20x20 [bgcolor=#008000]
layer at (281,121) size 20x20
  RenderImage {IMG} at (2,1) size 20x20 [bgcolor=#008000]
layer at (245,155) size 20x20
  RenderImage {IMG} at (38,35) size 20x20 [bgcolor=#008000]
layer at (281,155) size 20x20
  RenderImage {IMG} at (2,35) size 20x20 [bgcolor=#008000]
layer at (13,191) size 62x58
  RenderBlock (relative positioned) {DIV} at (5,183) size 62x58 [border: (1px solid #000000) (2px solid #000000) (3px solid #000000) (4px solid #000000)]
layer at (53,192) size 20x20
  RenderImage {IMG} at (40,1) size 20x20 [bgcolor=#008000]
layer at (17,226) size 20x20
  RenderImage {IMG} at (4,35) size 20x20 [bgcolor=#008000]
layer at (53,226) size 20x20
  RenderImage {IMG} at (40,35) size 20x20 [bgcolor=#008000]
layer at (17,192) size 20x20
  RenderImage {IMG} at (4,1) size 20x20 [bgcolor=#008000]
layer at (89,191) size 62x58
  RenderBlock (relative positioned) {DIV} at (81,183) size 62x58 [border: (1px solid #000000) (2px solid #000000) (3px solid #000000) (4px solid #000000)]
layer at (129,192) size 20x20
  RenderImage {IMG} at (40,1) size 20x20 [bgcolor=#008000]
layer at (93,226) size 20x20
  RenderImage {IMG} at (4,35) size 20x20 [bgcolor=#008000]
layer at (129,226) size 20x20
  RenderImage {IMG} at (40,35) size 20x20 [bgcolor=#008000]
layer at (93,192) size 20x20
  RenderImage {IMG} at (4,1) size 20x20 [bgcolor=#008000]
layer at (165,191) size 62x58
  RenderBlock (relative positioned) {DIV} at (157,183) size 62x58 [border: (1px solid #000000) (2px solid #000000) (3px solid #000000) (4px solid #000000)]
layer at (205,192) size 20x20
  RenderImage {IMG} at (40,37) size 20x20 [bgcolor=#008000]
layer at (169,226) size 20x20
  RenderImage {IMG} at (4,3) size 20x20 [bgcolor=#008000]
layer at (205,226) size 20x20
  RenderImage {IMG} at (40,3) size 20x20 [bgcolor=#008000]
layer at (169,192) size 20x20
  RenderImage {IMG} at (4,37) size 20x20 [bgcolor=#008000]
layer at (241,191) size 62x58
  RenderBlock (relative positioned) {DIV} at (233,183) size 62x58 [border: (1px solid #000000) (2px solid #000000) (3px solid #000000) (4px solid #000000)]
layer at (281,192) size 20x20
  RenderImage {IMG} at (2,1) size 20x20 [bgcolor=#008000]
layer at (245,226) size 20x20
  RenderImage {IMG} at (38,35) size 20x20 [bgcolor=#008000]
layer at (281,226) size 20x20
  RenderImage {IMG} at (2,35) size 20x20 [bgcolor=#008000]
layer at (245,192) size 20x20
  RenderImage {IMG} at (38,1) size 20x20 [bgcolor=#008000]
layer at (13,262) size 62x58
  RenderBlock (relative positioned) {DIV} at (5,254) size 62x58 [border: (1px solid #000000) (2px solid #000000) (3px solid #000000) (4px solid #000000)]
layer at (17,297) size 20x20
  RenderImage {IMG} at (4,35) size 20x20 [bgcolor=#008000]
layer at (53,297) size 20x20
  RenderImage {IMG} at (40,35) size 20x20 [bgcolor=#008000]
layer at (17,263) size 20x20
  RenderImage {IMG} at (4,1) size 20x20 [bgcolor=#008000]
layer at (53,263) size 20x20
  RenderImage {IMG} at (40,1) size 20x20 [bgcolor=#008000]
layer at (89,262) size 62x58
  RenderBlock (relative positioned) {DIV} at (81,254) size 62x58 [border: (1px solid #000000) (2px solid #000000) (3px solid #000000) (4px solid #000000)]
layer at (93,297) size 20x20
  RenderImage {IMG} at (4,35) size 20x20 [bgcolor=#008000]
layer at (129,297) size 20x20
  RenderImage {IMG} at (40,35) size 20x20 [bgcolor=#008000]
layer at (93,263) size 20x20
  RenderImage {IMG} at (4,1) size 20x20 [bgcolor=#008000]
layer at (129,263) size 20x20
  RenderImage {IMG} at (40,1) size 20x20 [bgcolor=#008000]
layer at (165,262) size 62x58
  RenderBlock (relative positioned) {DIV} at (157,254) size 62x58 [border: (1px solid #000000) (2px solid #000000) (3px solid #000000) (4px solid #000000)]
layer at (169,297) size 20x20
  RenderImage {IMG} at (4,3) size 20x20 [bgcolor=#008000]
layer at (205,297) size 20x20
  RenderImage {IMG} at (40,3) size 20x20 [bgcolor=#008000]
layer at (169,263) size 20x20
  RenderImage {IMG} at (4,37) size 20x20 [bgcolor=#008000]
layer at (205,263) size 20x20
  RenderImage {IMG} at (40,37) size 20x20 [bgcolor=#008000]
layer at (241,262) size 62x58
  RenderBlock (relative positioned) {DIV} at (233,254) size 62x58 [border: (1px solid #000000) (2px solid #000000) (3px solid #000000) (4px solid #000000)]
layer at (245,297) size 20x20
  RenderImage {IMG} at (38,35) size 20x20 [bgcolor=#008000]
layer at (281,297) size 20x20
  RenderImage {IMG} at (2,35) size 20x20 [bgcolor=#008000]
layer at (245,263) size 20x20
  RenderImage {IMG} at (38,1) size 20x20 [bgcolor=#008000]
layer at (281,263) size 20x20
  RenderImage {IMG} at (2,1) size 20x20 [bgcolor=#008000]
layer at (13,333) size 62x58
  RenderBlock (relative positioned) {DIV} at (5,325) size 62x58 [border: (1px solid #000000) (2px solid #000000) (3px solid #000000) (4px solid #000000)]
layer at (53,368) size 20x20
  RenderImage {IMG} at (40,35) size 20x20 [bgcolor=#008000]
layer at (17,334) size 20x20
  RenderImage {IMG} at (4,1) size 20x20 [bgcolor=#008000]
layer at (53,334) size 20x20
  RenderImage {IMG} at (40,1) size 20x20 [bgcolor=#008000]
layer at (17,368) size 20x20
  RenderImage {IMG} at (4,35) size 20x20 [bgcolor=#008000]
layer at (89,333) size 62x58
  RenderBlock (relative positioned) {DIV} at (81,325) size 62x58 [border: (1px solid #000000) (2px solid #000000) (3px solid #000000) (4px solid #000000)]
layer at (129,368) size 20x20
  RenderImage {IMG} at (40,35) size 20x20 [bgcolor=#008000]
layer at (93,334) size 20x20
  RenderImage {IMG} at (4,1) size 20x20 [bgcolor=#008000]
layer at (129,334) size 20x20
  RenderImage {IMG} at (40,1) size 20x20 [bgcolor=#008000]
layer at (93,368) size 20x20
  RenderImage {IMG} at (4,35) size 20x20 [bgcolor=#008000]
layer at (165,333) size 62x58
  RenderBlock (relative positioned) {DIV} at (157,325) size 62x58 [border: (1px solid #000000) (2px solid #000000) (3px solid #000000) (4px solid #000000)]
layer at (205,368) size 20x20
  RenderImage {IMG} at (40,3) size 20x20 [bgcolor=#008000]
layer at (169,334) size 20x20
  RenderImage {IMG} at (4,37) size 20x20 [bgcolor=#008000]
layer at (205,334) size 20x20
  RenderImage {IMG} at (40,37) size 20x20 [bgcolor=#008000]
layer at (169,368) size 20x20
  RenderImage {IMG} at (4,3) size 20x20 [bgcolor=#008000]
layer at (241,333) size 62x58
  RenderBlock (relative positioned) {DIV} at (233,325) size 62x58 [border: (1px solid #000000) (2px solid #000000) (3px solid #000000) (4px solid #000000)]
layer at (281,368) size 20x20
  RenderImage {IMG} at (2,35) size 20x20 [bgcolor=#008000]
layer at (245,334) size 20x20
  RenderImage {IMG} at (38,1) size 20x20 [bgcolor=#008000]
layer at (281,334) size 20x20
  RenderImage {IMG} at (2,1) size 20x20 [bgcolor=#008000]
layer at (245,368) size 20x20
  RenderImage {IMG} at (38,35) size 20x20 [bgcolor=#008000]
