layer at (0,0) size 800x600
  RenderView at (0,0) size 800x600
layer at (0,0) size 800x200
  RenderBlock {HTML} at (0,0) size 800x200
    RenderBody {BODY} at (8,16) size 784x168
      RenderBlock {P} at (0,0) size 784x18
        RenderText {#text} at (0,0) size 92x18
          text run at (0,0) width 92: "From WebKit "
        RenderInline {A} at (0,0) size 68x18 [color=#0000EE]
          RenderText {#text} at (92,0) size 68x18
            text run at (92,0) width 68: "bug 50913"
        RenderText {#text} at (0,0) size 0x0
      RenderBlock {P} at (0,34) size 784x54
        RenderText {#text} at (0,0) size 772x54
          text run at (0,0) width 761: "In this example, usernames are shown along with the number of posts that the user has submitted. If the bdi element were"
          text run at (0,18) width 772: "not used, the username of the Arabic user would end up confusing the text (the bidirectional algorithm would put the colon"
          text run at (0,36) width 516: "and the number \"3\" next to the word \"User\" rather than next to the word \"posts\")."
      RenderBlock {UL} at (0,104) size 784x64
        RenderListItem {LI} at (40,0) size 744x18
          RenderListMarker at (-17,0) size 7x18: bullet
          RenderText {#text} at (0,0) size 34x18
            text run at (0,0) width 34: "User "
          RenderInline {BDI} at (0,0) size 55x18
            RenderText {#text} at (34,0) size 55x18
              text run at (34,0) width 55: "jcranmer"
          RenderText {#text} at (89,0) size 64x18
            text run at (89,0) width 64: ": 12 posts."
        RenderListItem {LI} at (40,18) size 744x18
          RenderListMarker at (-17,0) size 7x18: bullet
          RenderText {#text} at (0,0) size 34x18
            text run at (0,0) width 34: "User "
          RenderInline {BDI} at (0,0) size 36x18
            RenderText {#text} at (34,0) size 36x18
              text run at (34,0) width 36: "hober"
          RenderText {#text} at (70,0) size 56x18
            text run at (70,0) width 56: ": 5 posts."
        RenderListItem {LI} at (40,36) size 744x28
          RenderListMarker at (-17,2) size 7x18: bullet
          RenderText {#text} at (0,2) size 34x18
            text run at (0,2) width 34: "User "
          RenderInline {BDI} at (0,0) size 24x18
            RenderText {#text} at (34,2) size 24x18
              text run at (34,2) width 24 RTL: "\x{625}\x{64A}\x{627}\x{646}"
          RenderText {#text} at (58,2) size 56x18
            text run at (58,2) width 56: ": 3 posts."
