layer at (0,0) size 800x600
  RenderView at (0,0) size 800x600
layer at (0,0) size 800x600
  RenderBlock {HTML} at (0,0) size 800x600
    RenderBody {BODY} at (8,8) size 784x584
      RenderBlock {P} at (0,0) size 784x21
        RenderInline {A} at (0,0) size 165x21 [color=#0000EE]
          RenderText {#text} at (0,0) size 165x21
            text run at (0,0) width 165: "rdar://problem/6983207"
        RenderText {#text} at (165,0) size 437x21
          text run at (165,0) width 437: "Should not leave blue box behind after moving to the top right."
layer at (8,45) size 502x102
  RenderBlock (relative positioned) {DIV} at (0,37) size 502x102 [border: (1px solid #000000)]
layer at (259,46) size 250x100
  RenderBlock (positioned) {DIV} at (251,1) size 250x100 [bgcolor=#0000FF]
layer at (9,46) size 50x50
  RenderBlock (positioned) {DIV} at (1,1) size 50x50 [bgcolor=#000000]
