layer at (0,0) size 800x600
  RenderView at (0,0) size 800x600
layer at (0,0) size 800x53
  RenderBlock {HTML} at (0,0) size 800x53
layer at (8,16) size 784x21
  RenderBody {BODY} at (8,16) size 784x21
    RenderBlock {P} at (0,0) size 784x21
      RenderText {#text} at (0,0) size 395x21
        text run at (0,0) width 395: "In a pixel test, you should see a plain white background."
