layer at (0,0) size 785x2517
  RenderView at (0,0) size 785x600
layer at (0,0) size 785x2517
  RenderBlock {HTML} at (0,0) size 785x2517
    RenderBody {BODY} at (8,8) size 769x2501 [bgcolor=#CCCCCC]
      RenderBlock {P} at (0,0) size 769x19
        RenderText {#text} at (0,0) size 355x19
          text run at (0,0) width 355: "The style declarations which apply to the text below are:"
      RenderBlock {PRE} at (0,35) size 769x300
        RenderText {#text} at (0,0) size 496x300
          text run at (0,0) width 368: "P.one {margin-bottom: 2cm; padding-bottom: 0;}"
          text run at (368,0) width 0: " "
          text run at (0,15) width 320: "P.two {margin-top: 2cm; padding-top: 0;}"
          text run at (320,15) width 0: " "
          text run at (0,30) width 320: "P.three {margin-top: 0; padding-top: 0;}"
          text run at (320,30) width 0: " "
          text run at (0,45) width 344: "P.four {margin-top: -1cm; margin-bottom: 0;"
          text run at (344,45) width 0: " "
          text run at (0,60) width 344: "        padding-top: 0; padding-bottom: 0;}"
          text run at (344,60) width 0: " "
          text run at (0,75) width 368: "DIV.five {margin-top: 1cm; margin-bottom: 1cm;"
          text run at (368,75) width 0: " "
          text run at (0,90) width 376: "          padding-top: 1cm; padding-bottom: 0;}"
          text run at (376,90) width 0: " "
          text run at (0,105) width 344: "P.six {margin-top: 1cm; margin-bottom: 1cm;"
          text run at (344,105) width 0: " "
          text run at (0,120) width 336: "       padding-top: 0; padding-bottom: 0;}"
          text run at (336,120) width 0: " "
          text run at (0,135) width 336: "P.seven {margin-top: 1cm; padding-top: 0;}"
          text run at (336,135) width 0: " "
          text run at (0,150) width 408: "P.eight {margin-bottom: -1cm; padding-bottom: 2cm;}"
          text run at (408,150) width 0: " "
          text run at (0,165) width 344: "P.nine {margin-top: -1cm; padding-top: 1cm;"
          text run at (344,165) width 0: " "
          text run at (0,180) width 376: "        padding-bottom: 0; margin-bottom: 1cm;}"
          text run at (376,180) width 0: " "
          text run at (0,195) width 304: "P.ten {margin-top: 1cm;padding-top: 0;"
          text run at (304,195) width 0: " "
          text run at (0,210) width 248: "       float: left;width: 50%;}"
          text run at (248,210) width 0: " "
          text run at (0,225) width 448: "P.eleven {margin-top: 1cm; padding-top: 0; clear: none;}"
          text run at (448,225) width 0: " "
          text run at (0,240) width 496: "P.twelve {margin-bottom: 0; padding-bottom: 1cm; clear: both;}"
          text run at (496,240) width 0: " "
          text run at (0,255) width 360: "P.thirteen {margin-top: 0; padding-top: 1cm;}"
          text run at (360,255) width 0: " "
          text run at (0,270) width 160: "TABLE {clear: both;}"
          text run at (160,270) width 0: " "
          text run at (0,285) width 0: " "
      RenderBlock {HR} at (0,348) size 769x2 [border: (1px inset #000000)]
      RenderBlock {P} at (0,366) size 769x38
        RenderText {#text} at (0,0) size 754x38
          text run at (0,0) width 754: "There should be a two-centimeter margin between this paragraph and the next, because adjacent vertical margins should"
          text run at (0,19) width 255: "collapse to the maximum of the margins."
      RenderBlock {P} at (0,479) size 769x19
        RenderText {#text} at (0,0) size 164x19
          text run at (0,0) width 164: "This is another paragraph."
      RenderBlock {P} at (0,514) size 769x19
        RenderText {#text} at (0,0) size 494x19
          text run at (0,0) width 494: "There should be a two-centimeter margin between this paragraph and the next."
      RenderBlock {P} at (0,608) size 769x19
        RenderText {#text} at (0,0) size 164x19
          text run at (0,0) width 164: "This is another paragraph."
      RenderBlock {P} at (0,643) size 769x38
        RenderText {#text} at (0,0) size 719x38
          text run at (0,0) width 719: "There should be a one-centimeter margin between this paragraph and the next, because when there is one negative"
          text run at (0,19) width 465: "margin, the two margins should be added (the minus sign should be kept)."
      RenderBlock {P} at (0,719) size 769x19
        RenderText {#text} at (0,0) size 164x19
          text run at (0,0) width 164: "This is another paragraph."
      RenderBlock {DIV} at (0,775) size 769x131
        RenderBlock {P} at (0,74) size 769x57
          RenderText {#text} at (0,0) size 760x57
            text run at (0,0) width 757: "There should be three centimeters between this text and the text above, but only one centimeter between this text and the"
            text run at (0,19) width 760: "text below, because vertical margins of nested elements should collapse only if there is no border or padding between the"
            text run at (0,38) width 54: "margins."
      RenderBlock {P} at (0,943) size 769x19
        RenderText {#text} at (0,0) size 109x19
          text run at (0,0) width 109: "This is more text."
      RenderBlock {P} at (0,978) size 769x113
        RenderText {#text} at (0,0) size 726x38
          text run at (0,0) width 726: "There should be two centimeters between this paragraph and the one below, because negative margins collapse to a"
          text run at (0,19) width 456: "negative margin with the largest absolute value of the margins collapsed."
      RenderBlock {P} at (0,1054) size 769x75
        RenderText {#text} at (0,37) size 765x38
          text run at (0,37) width 765: "This is a paragraph, which I should make very long so that you can easily see how much space there is between it and the"
          text run at (0,56) width 181: "one below it and to the right."
      RenderBlock (floating) {P} at (0,1203) size 384x57
        RenderText {#text} at (0,0) size 382x57
          text run at (0,0) width 382: "There should be two centimeters between this paragraph and"
          text run at (0,19) width 365: "the one above it, since margins do not collapse on floating"
          text run at (0,38) width 59: "elements."
      RenderBlock {P} at (0,1166) size 769x57
        RenderText {#text} at (384,0) size 375x57
          text run at (384,0) width 375: "There should be one centimeter between this paragraph and"
          text run at (384,19) width 356: "the (non-floating) one above it, since the float should not"
          text run at (384,38) width 181: "effect the paragraph spacing."
      RenderBlock {P} at (0,1276) size 769x75
        RenderText {#text} at (0,0) size 750x38
          text run at (0,0) width 555: "There should be two centimeters of padding between this paragraph and the one below. "
          text run at (555,0) width 195: "Padding does not collapse, and"
          text run at (0,19) width 234: "there is 1cm of padding on each side."
      RenderBlock {P} at (0,1351) size 769x56
        RenderText {#text} at (0,37) size 167x19
          text run at (0,37) width 167: "This is the next paragraph."
      RenderTable {TABLE} at (0,1423) size 769x1078 [border: (1px outset #808080)]
        RenderTableSection {TBODY} at (1,1) size 767x1076
          RenderTableRow {TR} at (0,0) size 767x27
            RenderTableCell {TD} at (0,0) size 767x27 [bgcolor=#C0C0C0] [border: (1px inset #808080)] [r=0 c=0 rs=1 cs=2]
              RenderInline {STRONG} at (0,0) size 163x19
                RenderText {#text} at (4,4) size 163x19
                  text run at (4,4) width 163: "TABLE Testing Section"
          RenderTableRow {TR} at (0,27) size 767x1049
            RenderTableCell {TD} at (0,538) size 12x27 [bgcolor=#C0C0C0] [border: (1px inset #808080)] [r=1 c=0 rs=1 cs=1]
              RenderText {#text} at (4,4) size 4x19
                text run at (4,4) width 4: " "
            RenderTableCell {TD} at (12,27) size 755x1049 [border: (1px inset #808080)] [r=1 c=1 rs=1 cs=1]
              RenderBlock {P} at (4,4) size 747x38
                RenderText {#text} at (0,0) size 708x38
                  text run at (0,0) width 708: "There should be a two-centimeter margin between this paragraph and the next, because adjacent vertical margins"
                  text run at (0,19) width 301: "should collapse to the maximum of the margins."
              RenderBlock {P} at (4,117) size 747x19
                RenderText {#text} at (0,0) size 164x19
                  text run at (0,0) width 164: "This is another paragraph."
              RenderBlock {P} at (4,152) size 747x19
                RenderText {#text} at (0,0) size 494x19
                  text run at (0,0) width 494: "There should be a two-centimeter margin between this paragraph and the next."
              RenderBlock {P} at (4,246) size 747x19
                RenderText {#text} at (0,0) size 164x19
                  text run at (0,0) width 164: "This is another paragraph."
              RenderBlock {P} at (4,281) size 747x38
                RenderText {#text} at (0,0) size 719x38
                  text run at (0,0) width 719: "There should be a one-centimeter margin between this paragraph and the next, because when there is one negative"
                  text run at (0,19) width 465: "margin, the two margins should be added (the minus sign should be kept)."
              RenderBlock {P} at (4,357) size 747x19
                RenderText {#text} at (0,0) size 164x19
                  text run at (0,0) width 164: "This is another paragraph."
              RenderBlock {DIV} at (4,413) size 747x131
                RenderBlock {P} at (0,74) size 747x57
                  RenderText {#text} at (0,0) size 734x57
                    text run at (0,0) width 734: "There should be three centimeters between this text and the text above, but only one centimeter between this text and"
                    text run at (0,19) width 703: "the text below, because vertical margins of nested elements should collapse only if there is no border or padding"
                    text run at (0,38) width 134: "between the margins."
              RenderBlock {P} at (4,581) size 747x19
                RenderText {#text} at (0,0) size 109x19
                  text run at (0,0) width 109: "This is more text."
              RenderBlock {P} at (4,616) size 747x113
                RenderText {#text} at (0,0) size 726x38
                  text run at (0,0) width 726: "There should be two centimeters between this paragraph and the one below, because negative margins collapse to a"
                  text run at (0,19) width 456: "negative margin with the largest absolute value of the margins collapsed."
              RenderBlock {P} at (4,692) size 747x75
                RenderText {#text} at (0,37) size 742x38
                  text run at (0,37) width 742: "This is a paragraph, which I should make very long so that you can easily see how much space there is between it and"
                  text run at (0,56) width 204: "the one below it and to the right."
              RenderBlock (floating) {P} at (4,841) size 373x57
                RenderText {#text} at (0,0) size 355x57
                  text run at (0,0) width 355: "There should be two centimeters between this paragraph"
                  text run at (0,19) width 340: "and the one above it, since margins do not collapse on"
                  text run at (0,38) width 111: "floating elements."
              RenderBlock {P} at (4,804) size 747x57
                RenderText {#text} at (373,0) size 359x57
                  text run at (373,0) width 348: "There should be one centimeter between this paragraph"
                  text run at (373,19) width 359: "and the (non-floating) one above it, since the float should"
                  text run at (373,38) width 205: "not effect the paragraph spacing."
              RenderBlock {P} at (4,914) size 747x75
                RenderText {#text} at (0,0) size 723x38
                  text run at (0,0) width 555: "There should be two centimeters of padding between this paragraph and the one below. "
                  text run at (555,0) width 168: "Padding does not collapse,"
                  text run at (0,19) width 261: "and there is 1cm of padding on each side."
              RenderBlock {P} at (4,989) size 747x56
                RenderText {#text} at (0,37) size 167x19
                  text run at (0,37) width 167: "This is the next paragraph."
