layer at (0,0) size 1000x650
  RenderView at (0,0) size 784x584
layer at (0,0) size 784x650
  RenderBlock {HTML} at (0,0) size 784x650
    RenderFrameSet {FRAMESET} at (0,0) size 1000x650
      RenderFrame {FRAME} at (0,0) size 300x650
        layer at (0,0) size 300x650
          RenderView at (0,0) size 300x650
        layer at (0,0) size 300x650
          RenderBlock {HTML} at (0,0) size 300x650
            RenderBody {BODY} at (8,8) size 284x626 [bgcolor=#008000]
              RenderBlock {P} at (0,0) size 284x42
                RenderText {#text} at (0,0) size 260x42
                  text run at (0,0) width 223: "Test for frameset flattening. The"
                  text run at (0,21) width 260: "flattening only works inside the DRT."
              RenderBlock {P} at (0,58) size 284x42
                RenderText {#text} at (0,0) size 266x42
                  text run at (0,0) width 266: "This frame should be 300px wide and"
                  text run at (0,21) width 243: "not be scrollable (have scrollbars)."
        layer at (0,350) size 300x300
          RenderBlock (positioned) {DIV} at (0,350) size 300x300 [bgcolor=#0000FF]
      RenderFrame {FRAME} at (300,0) size 700x650
        layer at (0,0) size 700x650
          RenderView at (0,0) size 700x650
        layer at (0,0) size 700x650
          RenderBlock {HTML} at (0,0) size 700x650
            RenderBody {BODY} at (8,8) size 684x634
