layer at (0,0) size 800x600
  RenderView at (0,0) size 800x600
layer at (0,0) size 800x600
  RenderBlock {HTML} at (0,0) size 800x600
    RenderBody {BODY} at (8,8) size 784x576 [bgcolor=#008000]
      RenderBlock {P} at (0,0) size 784x21
        RenderText {#text} at (0,0) size 470x21
          text run at (0,0) width 470: "Test for iframe flattening. The flattening only works inside the DRT."
      RenderBlock {P} at (0,37) size 784x42
        RenderText {#text} at (0,0) size 755x42
          text run at (0,0) width 485: "This inner frame should be 400px in each direction, disregarding the "
          text run at (485,0) width 270: "border, and it must not be scrollable or"
          text run at (0,21) width 112: "have scrollbars."
      RenderBlock {P} at (0,95) size 784x404
        RenderPartObject {IFRAME} at (0,0) size 404x404 [border: (2px inset #000000)]
          layer at (0,0) size 400x400
            RenderView at (0,0) size 400x400
          layer at (0,0) size 400x400
            RenderBlock {HTML} at (0,0) size 400x400
              RenderBody {BODY} at (8,8) size 384x384 [bgcolor=#FF0000]
          layer at (0,0) size 400x400
            RenderBlock (positioned) {DIV} at (0,0) size 400x400
