layer at (0,0) size 800x600
  RenderView at (0,0) size 800x600
layer at (0,0) size 800x600
  RenderBlock {HTML} at (0,0) size 800x600
    RenderBody {BODY} at (8,8) size 784x576 [bgcolor=#008000]
      RenderBlock {P} at (0,0) size 784x402
        RenderPartObject {IFRAME} at (0,0) size 502x402 [bgcolor=#FFFFFF] [border: (1px solid #000000)]
          layer at (0,0) size 500x400
            RenderView at (0,0) size 500x400
          layer at (0,0) size 500x240
            RenderBlock {HTML} at (0,0) size 500x240
              RenderBody {BODY} at (8,16) size 484x216
                RenderBlock {P} at (0,0) size 484x22
                  RenderText {#text} at (0,0) size 202x22
                    text run at (0,0) width 202: "This is the intermediate frame"
                RenderBlock (anonymous) at (0,38) size 484x178
                  RenderPartObject {IFRAME} at (0,0) size 252x172 [border: (1px solid #000000)]
                    layer at (0,0) size 250x170
                      RenderView at (0,0) size 250x170
                    layer at (0,0) size 250x54
                      RenderBlock {HTML} at (0,0) size 250x54
                        RenderBody {BODY} at (8,16) size 234x22 [bgcolor=#C0C0C0]
                          RenderBlock {P} at (0,0) size 234x22
                            RenderText {#text} at (0,0) size 157x22
                              text run at (0,0) width 157: "This is the inner frame."
                  RenderText {#text} at (0,0) size 0x0
