layer at (0,0) size 800x600
  RenderView at (0,0) size 800x600
layer at (0,0) size 800x331
  RenderBlock {HTML} at (0,0) size 800x332
    RenderBody {BODY} at (5,5) size 790x321
      RenderTable {TABLE} at (0,0) size 471x320
        RenderTableSection {TBODY} at (0,0) size 471x320
          RenderTableRow {TR} at (0,1) size 471x14
            RenderTableCell {TH} at (1,1) size 65x14 [bgcolor=#DDDD99] [r=0 c=0 rs=1 cs=1]
              RenderText {#text} at (6,0) size 53x14
                text run at (6,0) width 53: "viewBox?"
            RenderTableCell {TH} at (67,1) size 119x14 [bgcolor=#DDDD99] [r=0 c=1 rs=1 cs=1]
              RenderText {#text} at (1,0) size 117x14
                text run at (1,0) width 117: "preserve\x{AD}Aspect\x{AD}Ratio"
            RenderTableCell {TH} at (187,1) size 141x14 [bgcolor=#DDDD99] [r=0 c=2 rs=1 cs=1]
              RenderText {#text} at (54,0) size 33x14
                text run at (54,0) width 33: "<img>"
            RenderTableCell {TH} at (329,1) size 141x14 [bgcolor=#DDDD99] [r=0 c=3 rs=1 cs=1]
              RenderText {#text} at (47,0) size 47x14
                text run at (47,0) width 47: "<object>"
          RenderTableRow {TR} at (0,16) size 471x37
            RenderTableCell {TH} at (1,84) size 65x14 [bgcolor=#DDDD99] [r=1 c=0 rs=4 cs=1]
              RenderText {#text} at (1,0) size 63x14
                text run at (1,0) width 63: "No viewBox"
            RenderTableCell {TH} at (67,34) size 119x0 [bgcolor=#DDDD99] [r=1 c=1 rs=1 cs=1]
            RenderTableCell {TD} at (187,16) size 141x37 [r=1 c=2 rs=1 cs=1]
              RenderImage {IMG} at (0,-1) size 139x35 [border: (1px dashed #800000)]
              RenderText {#text} at (0,0) size 0x0
            RenderTableCell {TD} at (329,16) size 141x37 [r=1 c=3 rs=1 cs=1]
              RenderEmbeddedObject {OBJECT} at (0,-1) size 139x35 [border: (1px dashed #008000)]
                layer at (0,0) size 133x29
                  RenderView at (0,0) size 133x29
                layer at (0,0) size 133x29
                  RenderSVGRoot {svg} at (0,0) size 133x29
                    RenderSVGEllipse {circle} at (0,0) size 133x29 [stroke={[type=SOLID] [color=#000000]}] [fill={[type=SOLID] [color=#D9BB7A] [fill rule=EVEN-ODD]}] [cx=110.00] [cy=110.00] [r=110.00]
              RenderText {#text} at (0,0) size 0x0
          RenderTableRow {TR} at (0,54) size 471x37
            RenderTableCell {TH} at (67,65) size 119x14 [bgcolor=#DDDD99] [r=2 c=1 rs=1 cs=1]
              RenderText {#text} at (45,0) size 29x14
                text run at (45,0) width 29: "none"
            RenderTableCell {TD} at (187,54) size 141x37 [r=2 c=2 rs=1 cs=1]
              RenderImage {IMG} at (0,-1) size 139x35 [border: (1px dashed #800000)]
              RenderText {#text} at (0,0) size 0x0
            RenderTableCell {TD} at (329,54) size 141x37 [r=2 c=3 rs=1 cs=1]
              RenderEmbeddedObject {OBJECT} at (0,-1) size 139x35 [border: (1px dashed #008000)]
                layer at (0,0) size 133x29
                  RenderView at (0,0) size 133x29
                layer at (0,0) size 133x29
                  RenderSVGRoot {svg} at (0,0) size 133x29
                    RenderSVGHiddenContainer {defs} at (0,0) size 0x0
                    RenderSVGContainer {g} at (0,0) size 133x29 [transform={m=((1.00,0.00)(0.00,1.00)) t=(-162.36,-403.29)}]
                      RenderSVGPath {path} at (0,0) size 133x29 [stroke={[type=SOLID] [color=#000000]}] [fill={[type=SOLID] [color=#D9BB7A] [fill rule=EVEN-ODD]}] [data="M 525.714 585.219 C 525.714 685.419 444.486 766.648 344.286 766.648 C 244.085 766.648 162.857 685.419 162.857 585.219 C 162.857 485.019 244.085 403.791 344.286 403.791 C 444.486 403.791 525.714 485.019 525.714 585.219 Z"]
              RenderText {#text} at (0,0) size 0x0
          RenderTableRow {TR} at (0,92) size 471x37
            RenderTableCell {TH} at (67,103) size 119x14 [bgcolor=#DDDD99] [r=3 c=1 rs=1 cs=1]
              RenderText {#text} at (45,0) size 29x14
                text run at (45,0) width 29: "meet"
            RenderTableCell {TD} at (187,92) size 141x37 [r=3 c=2 rs=1 cs=1]
              RenderImage {IMG} at (0,-1) size 139x35 [border: (1px dashed #800000)]
              RenderText {#text} at (0,0) size 0x0
            RenderTableCell {TD} at (329,92) size 141x37 [r=3 c=3 rs=1 cs=1]
              RenderEmbeddedObject {OBJECT} at (0,-1) size 139x35 [border: (1px dashed #008000)]
                layer at (0,0) size 133x29
                  RenderView at (0,0) size 133x29
                layer at (0,0) size 133x29
                  RenderSVGRoot {svg} at (0,0) size 133x29
                    RenderSVGHiddenContainer {defs} at (0,0) size 0x0
                    RenderSVGContainer {g} at (0,0) size 133x29 [transform={m=((1.00,0.00)(0.00,1.00)) t=(-162.36,-403.29)}]
                      RenderSVGPath {path} at (0,0) size 133x29 [stroke={[type=SOLID] [color=#000000]}] [fill={[type=SOLID] [color=#D9BB7A] [fill rule=EVEN-ODD]}] [data="M 525.714 585.219 C 525.714 685.419 444.486 766.648 344.286 766.648 C 244.085 766.648 162.857 685.419 162.857 585.219 C 162.857 485.019 244.085 403.791 344.286 403.791 C 444.486 403.791 525.714 485.019 525.714 585.219 Z"]
              RenderText {#text} at (0,0) size 0x0
          RenderTableRow {TR} at (0,130) size 471x37
            RenderTableCell {TH} at (67,141) size 119x14 [bgcolor=#DDDD99] [r=4 c=1 rs=1 cs=1]
              RenderText {#text} at (46,0) size 27x14
                text run at (46,0) width 27: "slice"
            RenderTableCell {TD} at (187,130) size 141x37 [r=4 c=2 rs=1 cs=1]
              RenderImage {IMG} at (0,-1) size 139x35 [border: (1px dashed #800000)]
              RenderText {#text} at (0,0) size 0x0
            RenderTableCell {TD} at (329,130) size 141x37 [r=4 c=3 rs=1 cs=1]
              RenderEmbeddedObject {OBJECT} at (0,-1) size 139x35 [border: (1px dashed #008000)]
                layer at (0,0) size 133x29
                  RenderView at (0,0) size 133x29
                layer at (0,0) size 133x29
                  RenderSVGRoot {svg} at (0,0) size 133x29
                    RenderSVGHiddenContainer {defs} at (0,0) size 0x0
                    RenderSVGContainer {g} at (0,0) size 133x29 [transform={m=((1.00,0.00)(0.00,1.00)) t=(-162.36,-403.29)}]
                      RenderSVGPath {path} at (0,0) size 133x29 [stroke={[type=SOLID] [color=#000000]}] [fill={[type=SOLID] [color=#D9BB7A] [fill rule=EVEN-ODD]}] [data="M 525.714 585.219 C 525.714 685.419 444.486 766.648 344.286 766.648 C 244.085 766.648 162.857 685.419 162.857 585.219 C 162.857 485.019 244.085 403.791 344.286 403.791 C 444.486 403.791 525.714 485.019 525.714 585.219 Z"]
              RenderText {#text} at (0,0) size 0x0
          RenderTableRow {TR} at (0,168) size 471x37
            RenderTableCell {TH} at (1,236) size 65x14 [bgcolor=#DDDD99] [r=5 c=0 rs=4 cs=1]
              RenderText {#text} at (9,0) size 47x14
                text run at (9,0) width 47: "viewBox"
            RenderTableCell {TH} at (67,186) size 119x0 [bgcolor=#DDDD99] [r=5 c=1 rs=1 cs=1]
            RenderTableCell {TD} at (187,168) size 141x37 [r=5 c=2 rs=1 cs=1]
              RenderImage {IMG} at (0,-1) size 139x35 [border: (1px dashed #800000)]
              RenderText {#text} at (0,0) size 0x0
            RenderTableCell {TD} at (329,168) size 141x37 [r=5 c=3 rs=1 cs=1]
              RenderEmbeddedObject {OBJECT} at (0,-1) size 139x35 [border: (1px dashed #008000)]
                layer at (0,0) size 133x29
                  RenderView at (0,0) size 133x29
                layer at (0,0) size 133x29
                  RenderSVGRoot {svg} at (52,0) size 21x21
                    RenderSVGHiddenContainer {defs} at (0,0) size 0x0
                    RenderSVGContainer {g} at (52,0) size 21x21 [transform={m=((1.00,0.00)(0.00,1.00)) t=(-162.36,-403.29)}]
                      RenderSVGPath {path} at (52,0) size 21x21 [stroke={[type=SOLID] [color=#000000]}] [fill={[type=SOLID] [color=#D9BB7A] [fill rule=EVEN-ODD]}] [data="M 525.714 585.219 C 525.714 685.419 444.486 766.648 344.286 766.648 C 244.085 766.648 162.857 685.419 162.857 585.219 C 162.857 485.019 244.085 403.791 344.286 403.791 C 444.486 403.791 525.714 485.019 525.714 585.219 Z"]
              RenderText {#text} at (0,0) size 0x0
          RenderTableRow {TR} at (0,206) size 471x37
            RenderTableCell {TH} at (67,217) size 119x14 [bgcolor=#DDDD99] [r=6 c=1 rs=1 cs=1]
              RenderText {#text} at (45,0) size 29x14
                text run at (45,0) width 29: "none"
            RenderTableCell {TD} at (187,206) size 141x37 [r=6 c=2 rs=1 cs=1]
              RenderImage {IMG} at (0,-1) size 139x35 [border: (1px dashed #800000)]
              RenderText {#text} at (0,0) size 0x0
            RenderTableCell {TD} at (329,206) size 141x37 [r=6 c=3 rs=1 cs=1]
              RenderEmbeddedObject {OBJECT} at (0,-1) size 139x35 [border: (1px dashed #008000)]
                layer at (0,0) size 133x29
                  RenderView at (0,0) size 133x29
                layer at (0,0) size 133x29
                  RenderSVGRoot {svg} at (0,0) size 97x21
                    RenderSVGHiddenContainer {defs} at (0,0) size 0x0
                    RenderSVGContainer {g} at (0,0) size 97x21 [transform={m=((1.00,0.00)(0.00,1.00)) t=(-162.36,-403.29)}]
                      RenderSVGPath {path} at (0,0) size 97x21 [stroke={[type=SOLID] [color=#000000]}] [fill={[type=SOLID] [color=#D9BB7A] [fill rule=EVEN-ODD]}] [data="M 525.714 585.219 C 525.714 685.419 444.486 766.648 344.286 766.648 C 244.085 766.648 162.857 685.419 162.857 585.219 C 162.857 485.019 244.085 403.791 344.286 403.791 C 444.486 403.791 525.714 485.019 525.714 585.219 Z"]
              RenderText {#text} at (0,0) size 0x0
          RenderTableRow {TR} at (0,244) size 471x37
            RenderTableCell {TH} at (67,255) size 119x14 [bgcolor=#DDDD99] [r=7 c=1 rs=1 cs=1]
              RenderText {#text} at (45,0) size 29x14
                text run at (45,0) width 29: "meet"
            RenderTableCell {TD} at (187,244) size 141x37 [r=7 c=2 rs=1 cs=1]
              RenderImage {IMG} at (0,-1) size 139x35 [border: (1px dashed #800000)]
              RenderText {#text} at (0,0) size 0x0
            RenderTableCell {TD} at (329,244) size 141x37 [r=7 c=3 rs=1 cs=1]
              RenderEmbeddedObject {OBJECT} at (0,-1) size 139x35 [border: (1px dashed #008000)]
                layer at (0,0) size 133x29
                  RenderView at (0,0) size 133x29
                layer at (0,0) size 133x29
                  RenderSVGRoot {svg} at (52,0) size 21x21
                    RenderSVGHiddenContainer {defs} at (0,0) size 0x0
                    RenderSVGContainer {g} at (52,0) size 21x21 [transform={m=((1.00,0.00)(0.00,1.00)) t=(-162.36,-403.29)}]
                      RenderSVGPath {path} at (52,0) size 21x21 [stroke={[type=SOLID] [color=#000000]}] [fill={[type=SOLID] [color=#D9BB7A] [fill rule=EVEN-ODD]}] [data="M 525.714 585.219 C 525.714 685.419 444.486 766.648 344.286 766.648 C 244.085 766.648 162.857 685.419 162.857 585.219 C 162.857 485.019 244.085 403.791 344.286 403.791 C 444.486 403.791 525.714 485.019 525.714 585.219 Z"]
              RenderText {#text} at (0,0) size 0x0
          RenderTableRow {TR} at (0,282) size 471x37
            RenderTableCell {TH} at (67,293) size 119x14 [bgcolor=#DDDD99] [r=8 c=1 rs=1 cs=1]
              RenderText {#text} at (46,0) size 27x14
                text run at (46,0) width 27: "slice"
            RenderTableCell {TD} at (187,282) size 141x37 [r=8 c=2 rs=1 cs=1]
              RenderImage {IMG} at (0,-1) size 139x35 [border: (1px dashed #800000)]
              RenderText {#text} at (0,0) size 0x0
            RenderTableCell {TD} at (329,282) size 141x37 [r=8 c=3 rs=1 cs=1]
              RenderEmbeddedObject {OBJECT} at (0,-1) size 139x35 [border: (1px dashed #008000)]
                layer at (0,0) size 133x29
                  RenderView at (0,0) size 133x29
                layer at (0,0) size 133x29
                  RenderSVGRoot {svg} at (0,0) size 97x29
                    RenderSVGHiddenContainer {defs} at (0,0) size 0x0
                    RenderSVGContainer {g} at (0,0) size 97x29 [transform={m=((1.00,0.00)(0.00,1.00)) t=(-162.36,-403.29)}]
                      RenderSVGPath {path} at (0,0) size 97x29 [stroke={[type=SOLID] [color=#000000]}] [fill={[type=SOLID] [color=#D9BB7A] [fill rule=EVEN-ODD]}] [data="M 525.714 585.219 C 525.714 685.419 444.486 766.648 344.286 766.648 C 244.085 766.648 162.857 685.419 162.857 585.219 C 162.857 485.019 244.085 403.791 344.286 403.791 C 444.486 403.791 525.714 485.019 525.714 585.219 Z"]
              RenderText {#text} at (0,0) size 0x0
