layer at (0,0) size 800x600
  RenderView at (0,0) size 800x600
layer at (0,0) size 800x79
  RenderBlock {HTML} at (0,0) size 800x79
    RenderBody {BODY} at (8,8) size 784x63
      RenderText {#text} at (0,0) size 772x42
        text run at (0,0) width 661: "Simple test of composited iframe content. There should be a blue box with a gray background "
        text run at (661,0) width 111: "inside the black"
        text run at (0,21) width 505: "border. The gray background should fit perfectly within the block border "
        text run at (505,21) width 98: "with no gaps. "
      RenderBR {BR} at (0,0) size 0x0
      RenderBR {BR} at (0,42) size 0x21
      RenderText {#text} at (0,0) size 0x0
layer at (100,100) size 440x340
  RenderPartObject {IFRAME} at (100,100) size 440x340 [border: (20px solid #000000)]
    layer at (0,0) size 400x300
      RenderView at (0,0) size 400x300
    layer at (0,0) size 400x230
      RenderBlock {HTML} at (0,0) size 400x230
        RenderBody {BODY} at (8,10) size 384x210 [bgcolor=#C0C0C0]
    layer at (18,10) size 210x210
      RenderBlock {DIV} at (10,0) size 210x210 [bgcolor=#0000FF]
