layer at (0,0) size 785x661
  RenderView at (0,0) size 785x600
layer at (0,0) size 785x661
  RenderBlock {HTML} at (0,0) size 785x661
    RenderBody {BODY} at (8,8) size 769x633
      RenderBlock {P} at (0,0) size 769x38
        RenderText {#text} at (0,0) size 53x19
          text run at (0,0) width 53: "Test for "
        RenderInline {I} at (0,0) size 748x38
          RenderInline {A} at (0,0) size 301x19 [color=#0000EE]
            RenderText {#text} at (53,0) size 301x19
              text run at (53,0) width 301: "http://bugs.webkit.org/show_bug.cgi?id=14875"
          RenderText {#text} at (354,0) size 748x38
            text run at (354,0) width 4: " "
            text run at (358,0) width 390: "Textarea with nowrap - left/right nav, Up/down nav both hide"
            text run at (0,19) width 22: "text"
        RenderText {#text} at (22,19) size 4x19
          text run at (22,19) width 4: "."
      RenderBlock {P} at (0,54) size 769x19
        RenderText {#text} at (0,0) size 458x19
          text run at (0,0) width 458: "The letter A should be fully visible in each one of the eight boxes below."
layer at (28,101) size 150x50 clip at (28,101) size 150x35 scrollX 50 scrollWidth 200
  RenderBlock {DIV} at (20,93) size 150x50
    RenderBlock {DIV} at (0,0) size 200x19
      RenderText {#text} at (188,0) size 12x19
        text run at (188,0) width 12: "A"
layer at (28,171) size 160x50 clip at (38,171) size 150x35 scrollX 50 scrollWidth 200
  RenderBlock {DIV} at (20,163) size 160x50 [border: (10px solid #000000)]
    RenderBlock {DIV} at (10,0) size 200x19
      RenderText {#text} at (188,0) size 12x19
        text run at (188,0) width 12: "A"
layer at (28,241) size 160x50 clip at (28,241) size 150x35 scrollX 50 scrollWidth 200
  RenderBlock {DIV} at (20,233) size 160x50 [border: (10px solid #000000) none]
    RenderBlock {DIV} at (0,0) size 200x19
      RenderText {#text} at (188,0) size 12x19
        text run at (188,0) width 12: "A"
layer at (28,311) size 150x50 clip at (28,311) size 135x35 scrollX 65 scrollWidth 200
  RenderBlock {DIV} at (20,303) size 150x50
    RenderBlock {DIV} at (0,0) size 200x19
      RenderText {#text} at (188,0) size 12x19
        text run at (188,0) width 12: "A"
layer at (28,381) size 150x50 clip at (28,381) size 150x35 scrollWidth 200
  RenderBlock {DIV} at (20,373) size 150x50
    RenderBlock {DIV} at (0,0) size 200x19
      RenderText {#text} at (0,0) size 12x19
        text run at (0,0) width 12: "A"
layer at (28,451) size 160x50 clip at (38,451) size 150x35 scrollWidth 200
  RenderBlock {DIV} at (20,443) size 160x50 [border: (10px solid #000000)]
    RenderBlock {DIV} at (10,0) size 200x19
      RenderText {#text} at (0,0) size 12x19
        text run at (0,0) width 12: "A"
layer at (28,521) size 160x50 clip at (28,521) size 150x35 scrollWidth 200
  RenderBlock {DIV} at (20,513) size 160x50 [border: (10px solid #000000) none]
    RenderBlock {DIV} at (0,0) size 200x19
      RenderText {#text} at (0,0) size 12x19
        text run at (0,0) width 12: "A"
layer at (28,591) size 150x50 clip at (28,591) size 135x35 scrollWidth 200
  RenderBlock {DIV} at (20,583) size 150x50
    RenderBlock {DIV} at (0,0) size 200x19
      RenderText {#text} at (0,0) size 12x19
        text run at (0,0) width 12: "A"
