layer at (0,0) size 800x600
  RenderView at (0,0) size 800x600
layer at (0,0) size 800x600
  RenderBlock {HTML} at (0,0) size 800x600
    RenderBody {BODY} at (8,8) size 784x584
      RenderBlock {P} at (0,0) size 784x38
        RenderInline {A} at (0,0) size 305x19 [color=#0000EE]
          RenderText {#text} at (0,0) size 305x19
            text run at (0,0) width 305: "https://bugs.webkit.org/show_bug.cgi?id=25066"
        RenderBR {BR} at (305,15) size 0x0
        RenderText {#text} at (0,19) size 415x19
          text run at (0,19) width 415: "controls should not be misplaced when video gets a RenderLayer."
      RenderBlock (anonymous) at (0,54) size 784x252
        RenderText {#text} at (0,0) size 0x0
        RenderText {#text} at (0,0) size 0x0
layer at (58,112) size 302x152
  RenderVideo {VIDEO} at (50,50) size 302x152 [border: (1px solid #000000)]
layer at (59,113) size 300x150
  RenderBlock (relative positioned) {DIV} at (1,1) size 300x150
layer at (59,243) size 300x20 scrollHeight 28
  RenderDeprecatedFlexibleBox (positioned) {DIV} at (0,130) size 300x20
    RenderButton {INPUT} at (0,0) size 20x20
    RenderDeprecatedFlexibleBox {DIV} at (20,0) size 220x20
      RenderBlock (anonymous) at (0,0) size 63x28
        RenderDeprecatedFlexibleBox {DIV} at (0,0) size 63x28
          RenderBlock (anonymous) at (4,4) size 55x20
            RenderText {#text} at (0,0) size 55x12
              text run at (0,0) width 55: "00:00 / 00:00"
      RenderSlider {INPUT} at (63,0) size 157x20
        RenderDeprecatedFlexibleBox {DIV} at (0,0) size 157x20
          RenderBlock {DIV} at (0,4) size 145x12
          RenderBlock {DIV} at (145,4) size 12x12
    RenderButton {INPUT} at (240,0) size 20x20
    RenderButton {INPUT} at (260,0) size 20x20
    RenderButton {INPUT} at (280,0) size 20x20
layer at (142,247) size 12x12
  RenderBlock (relative positioned) {DIV} at (0,0) size 12x12
