layer at (0,0) size 800x600
  RenderView at (0,0) size 800x600
layer at (0,0) size 800x600
  RenderBlock {HTML} at (0,0) size 800x600
    RenderBody {BODY} at (8,8) size 784x584
      RenderBlock {P} at (0,0) size 784x19
        RenderText {#text} at (0,0) size 167x19
          text run at (0,0) width 167: "Tests: the colspan attribute"
        RenderBR {BR} at (167,15) size 0x0
      RenderBlock {P} at (0,35) size 784x76
        RenderText {#text} at (0,0) size 73x19
          text run at (0,0) width 73: "Conditions:"
        RenderBR {BR} at (73,15) size 0x0
        RenderText {#text} at (0,19) size 772x57
          text run at (0,19) width 654: "The colSpan attribute specifies the number of columns spanned by the current cell. The default value of "
          text run at (654,19) width 118: "this attribute is one"
          text run at (0,38) width 514: "(\"1\"). The value zero (\"0\") means that the cell spans all columns from the current "
          text run at (514,38) width 253: "column to the last column of the column"
          text run at (0,57) width 317: "group (COLGROUP) in which the cell is defined."
      RenderBlock {P} at (0,127) size 784x57
        RenderText {#text} at (0,0) size 782x57
          text run at (0,0) width 759: "The first table tests the default value of one, and an input of 7, which is within the normal range of expect input. The first"
          text run at (0,19) width 709: "column in the first row should span only column \"one\" and the second cell should span all of the other columns. "
          text run at (709,19) width 73: "The second"
          text run at (0,38) width 520: "table tests the zero value. \"Just A\" should span \"A\" and \"Just B\" should span \"B.\""
      RenderBlock {HR} at (0,200) size 784x2 [border: (1px inset #000000)]
      RenderBlock (anonymous) at (0,210) size 784x19
        RenderBR {BR} at (0,0) size 0x19
      RenderTable {TABLE} at (0,229) size 270x73 [border: (1px outset #808080)]
        RenderBlock {CAPTION} at (0,0) size 268x19
          RenderText {#text} at (26,0) size 216x19
            text run at (26,0) width 216: "Testing Default and Regular Input"
        RenderTableSection {TBODY} at (1,20) size 268x52
          RenderTableRow {TR} at (0,2) size 268x23
            RenderTableCell {TD} at (2,2) size 32x23 [border: (1px inset #808080)] [r=0 c=0 rs=1 cs=1]
              RenderText {#text} at (2,2) size 28x19
                text run at (2,2) width 28: "First"
            RenderTableCell {TD} at (36,2) size 230x23 [border: (1px inset #808080)] [r=0 c=1 rs=1 cs=7]
              RenderText {#text} at (2,2) size 75x19
                text run at (2,2) width 75: "All the Rest"
          RenderTableRow {TR} at (0,27) size 268x23
            RenderTableCell {TD} at (2,27) size 32x23 [border: (1px inset #808080)] [r=1 c=0 rs=1 cs=1]
              RenderText {#text} at (2,2) size 23x19
                text run at (2,2) width 23: "one"
            RenderTableCell {TD} at (36,27) size 28x23 [border: (1px inset #808080)] [r=1 c=1 rs=1 cs=1]
              RenderText {#text} at (2,2) size 24x19
                text run at (2,2) width 24: "two"
            RenderTableCell {TD} at (66,27) size 35x23 [border: (1px inset #808080)] [r=1 c=2 rs=1 cs=1]
              RenderText {#text} at (2,2) size 31x19
                text run at (2,2) width 31: "three"
            RenderTableCell {TD} at (103,27) size 30x23 [border: (1px inset #808080)] [r=1 c=3 rs=1 cs=1]
              RenderText {#text} at (2,2) size 26x19
                text run at (2,2) width 26: "four"
            RenderTableCell {TD} at (135,27) size 28x23 [border: (1px inset #808080)] [r=1 c=4 rs=1 cs=1]
              RenderText {#text} at (2,2) size 24x19
                text run at (2,2) width 24: "five"
            RenderTableCell {TD} at (165,27) size 22x23 [border: (1px inset #808080)] [r=1 c=5 rs=1 cs=1]
              RenderText {#text} at (2,2) size 18x19
                text run at (2,2) width 18: "six"
            RenderTableCell {TD} at (189,27) size 40x23 [border: (1px inset #808080)] [r=1 c=6 rs=1 cs=1]
              RenderText {#text} at (2,2) size 36x19
                text run at (2,2) width 36: "seven"
            RenderTableCell {TD} at (231,27) size 35x23 [border: (1px inset #808080)] [r=1 c=7 rs=1 cs=1]
              RenderText {#text} at (2,2) size 31x19
                text run at (2,2) width 31: "eight"
      RenderBlock (anonymous) at (0,302) size 784x19
        RenderBR {BR} at (0,0) size 0x19
      RenderTable {TABLE} at (0,321) size 197x73 [border: (1px outset #808080)]
        RenderBlock {CAPTION} at (0,0) size 195x19
          RenderText {#text} at (14,0) size 167x19
            text run at (14,0) width 167: "Testing Zero Special Case"
        RenderTableSection {TBODY} at (1,20) size 195x52
          RenderTableRow {TR} at (0,2) size 195x23
            RenderTableCell {TD} at (2,2) size 44x23 [border: (1px inset #808080)] [r=0 c=0 rs=1 cs=1]
              RenderText {#text} at (2,2) size 40x19
                text run at (2,2) width 40: "Just A"
            RenderTableCell {TD} at (48,2) size 43x23 [border: (1px inset #808080)] [r=0 c=1 rs=1 cs=1]
              RenderText {#text} at (2,2) size 39x19
                text run at (2,2) width 39: "Just B"
          RenderTableRow {TR} at (0,27) size 195x23
            RenderTableCell {TD} at (2,27) size 44x23 [border: (1px inset #808080)] [r=1 c=0 rs=1 cs=1]
              RenderText {#text} at (2,2) size 12x19
                text run at (2,2) width 12: "A"
            RenderTableCell {TD} at (48,27) size 43x23 [border: (1px inset #808080)] [r=1 c=1 rs=1 cs=1]
              RenderText {#text} at (2,2) size 11x19
                text run at (2,2) width 11: "B"
            RenderTableCell {TD} at (93,27) size 15x23 [border: (1px inset #808080)] [r=1 c=2 rs=1 cs=1]
              RenderText {#text} at (2,2) size 11x19
                text run at (2,2) width 11: "C"
            RenderTableCell {TD} at (110,27) size 16x23 [border: (1px inset #808080)] [r=1 c=3 rs=1 cs=1]
              RenderText {#text} at (2,2) size 12x19
                text run at (2,2) width 12: "D"
            RenderTableCell {TD} at (128,27) size 14x23 [border: (1px inset #808080)] [r=1 c=4 rs=1 cs=1]
              RenderText {#text} at (2,2) size 10x19
                text run at (2,2) width 10: "E"
            RenderTableCell {TD} at (144,27) size 13x23 [border: (1px inset #808080)] [r=1 c=5 rs=1 cs=1]
              RenderText {#text} at (2,2) size 9x19
                text run at (2,2) width 9: "F"
            RenderTableCell {TD} at (159,27) size 16x23 [border: (1px inset #808080)] [r=1 c=6 rs=1 cs=1]
              RenderText {#text} at (2,2) size 12x19
                text run at (2,2) width 12: "G"
            RenderTableCell {TD} at (177,27) size 16x23 [border: (1px inset #808080)] [r=1 c=7 rs=1 cs=1]
              RenderText {#text} at (2,2) size 12x19
                text run at (2,2) width 12: "H"
