layer at (0,0) size 800x600
  RenderView at (0,0) size 800x600
layer at (0,0) size 800x332
  RenderBlock {HTML} at (0,0) size 800x332
    RenderBody {BODY} at (8,8) size 784x316
      RenderBlock (anonymous) at (0,0) size 784x244
        RenderText {#text} at (0,0) size 0x0
      RenderBlock {DIV} at (0,244) size 784x72
        RenderText {#text} at (0,0) size 368x18
          text run at (0,0) width 368: "Rendering vertical line-positioned cues with Japanese text."
        RenderBR {BR} at (368,0) size 0x18
        RenderText {#text} at (0,18) size 162x18
          text run at (0,18) width 162: "EVENT(canplaythrough)"
        RenderBR {BR} at (162,18) size 0x18
        RenderText {#text} at (0,36) size 107x18
          text run at (0,36) width 107: "EVENT(seeked)"
        RenderBR {BR} at (107,36) size 0x18
        RenderText {#text} at (0,54) size 102x18
          text run at (0,54) width 102: "END OF TEST"
        RenderBR {BR} at (102,54) size 0x18
layer at (8,8) size 320x240
  RenderVideo {VIDEO} at (0,0) size 320x240
layer at (8,8) size 320x240
  RenderDeprecatedFlexibleBox (relative positioned) {DIV} at (0,0) size 320x240
    RenderBlock {DIV} at (0,205) size 320x35
layer at (8,8) size 320x205
  RenderBlock (relative positioned) {DIV} at (0,0) size 320x205 [color=#FFFFFF00]
layer at (8,8) size 18x205
  RenderBlock (positioned) {DIV} at (0,0) size 18x205 [color=#FFFFFF]
    RenderInline {DIV} at (0,0) size 18x117 [bgcolor=#000000CC]
      RenderText {#text} at (2,44) size 14x113
        text run at (2,44) width 112: "Cue 1: \x{79C1}\x{306F}\x{7ACB}\x{6D3E}\x{306A}\x{4EBA}"
    RenderInline {DIV} at (0,0) size 16x5 [bgcolor=#000000CC]
layer at (26,8) size 18x205
  RenderBlock (positioned) {DIV} at (18,0) size 18x205 [color=#FFFFFF]
    RenderInline {DIV} at (0,0) size 18x117 [bgcolor=#000000CC]
      RenderText {#text} at (2,44) size 14x113
        text run at (2,44) width 112: "Cue 2: \x{79C1}\x{306F}\x{7ACB}\x{6D3E}\x{306A}\x{4EBA}"
    RenderInline {DIV} at (0,0) size 16x5 [bgcolor=#000000CC]
layer at (256,8) size 18x205
  RenderBlock (positioned) {DIV} at (248,0) size 18x205 [color=#FFFFFF]
    RenderInline {DIV} at (0,0) size 18x117 [bgcolor=#000000CC]
      RenderText {#text} at (2,44) size 14x113
        text run at (2,44) width 112: "Cue 3: \x{79C1}\x{306F}\x{7ACB}\x{6D3E}\x{306A}\x{4EBA}"
    RenderInline {DIV} at (0,0) size 16x5 [bgcolor=#000000CC]
layer at (238,8) size 18x205
  RenderBlock (positioned) {DIV} at (230,0) size 18x205 [color=#FFFFFF]
    RenderInline {DIV} at (0,0) size 18x117 [bgcolor=#000000CC]
      RenderText {#text} at (2,44) size 14x113
        text run at (2,44) width 112: "Cue 4: \x{79C1}\x{306F}\x{7ACB}\x{6D3E}\x{306A}\x{4EBA}"
    RenderInline {DIV} at (0,0) size 16x5 [bgcolor=#000000CC]
layer at (310,8) size 18x205
  RenderBlock (positioned) {DIV} at (302,0) size 18x205 [color=#FFFFFF]
    RenderInline {DIV} at (0,0) size 18x117 [bgcolor=#000000CC]
      RenderText {#text} at (2,44) size 14x113
        text run at (2,44) width 112: "Cue 5: \x{79C1}\x{306F}\x{7ACB}\x{6D3E}\x{306A}\x{4EBA}"
    RenderInline {DIV} at (0,0) size 16x5 [bgcolor=#000000CC]
layer at (292,8) size 18x205
  RenderBlock (positioned) {DIV} at (284,0) size 18x205 [color=#FFFFFF]
    RenderInline {DIV} at (0,0) size 18x117 [bgcolor=#000000CC]
      RenderText {#text} at (2,44) size 14x113
        text run at (2,44) width 112: "Cue 6: \x{79C1}\x{306F}\x{7ACB}\x{6D3E}\x{306A}\x{4EBA}"
    RenderInline {DIV} at (0,0) size 16x5 [bgcolor=#000000CC]
layer at (13,213) size 310x30 scrollHeight 36
  RenderDeprecatedFlexibleBox (relative positioned) {DIV} at (5,0) size 310x30 [bgcolor=#141414CC]
    RenderButton {INPUT} at (9,0) size 30x30
    RenderSlider {INPUT} at (48,11) size 74x8
      RenderDeprecatedFlexibleBox {DIV} at (0,0) size 74x8 [border: (1px solid #E6E6E659)]
        RenderBlock {DIV} at (1,1) size 54x24
        RenderBlock {DIV} at (48,1) size 32x24
    RenderDeprecatedFlexibleBox {DIV} at (137,0) size 25x30 [color=#FFFFFF]
      RenderBlock (anonymous) at (0,0) size 25x30
        RenderText {#text} at (0,7) size 25x15
          text run at (0,7) width 25: "0:00"
    RenderButton {INPUT} at (171,0) size 35x30
    RenderSlider {INPUT} at (212,11) size 15x8
      RenderDeprecatedFlexibleBox {DIV} at (0,0) size 15x8 [border: (1px solid #E6E6E659)]
        RenderBlock {DIV} at (1,1) size 3x24
        RenderBlock {DIV} at (-3,1) size 24x24
    RenderButton {INPUT} at (237,0) size 30x30
    RenderButton {INPUT} at (271,0) size 30x30
layer at (62,216) size 32x24
  RenderBlock (relative positioned) {DIV} at (-7,-8) size 32x24
layer at (222,216) size 24x24
  RenderBlock (relative positioned) {DIV} at (-7,-8) size 24x24
