layer at (0,0) size 800x600
  RenderView at (0,0) size 800x600
layer at (0,0) size 800x600
  RenderBlock {HTML} at (0,0) size 800x600
    RenderBody {BODY} at (8,8) size 784x584
      RenderBlock (anonymous) at (0,0) size 784x20
        RenderText {#text} at (0,0) size 515x19
          text run at (0,0) width 515: "This tests that backgrounds for list box items draw correctly when a list box is a block"
        RenderBR {BR} at (515,15) size 0x0
      RenderMenuList {SELECT} at (2,22) size 57x20 [bgcolor=#DDDDDD] [border: (1px solid #000000)]
        RenderBlock (anonymous) at (1,1) size 55x18
          RenderText at (4,1) size 32x16
            text run at (4,1) width 32: "Item1"
