layer at (0,0) size 800x600
  RenderView at (0,0) size 800x600
layer at (0,0) size 800x600
  RenderBlock {HTML} at (0,0) size 800x600
    RenderBody {BODY} at (8,8) size 784x584
      RenderText {#text} at (0,0) size 425x19
        text run at (0,0) width 425: "This tests that you can dynamically change a popup menu to a list box. "
      RenderBR {BR} at (425,15) size 0x0
      RenderMenuList {SELECT} at (2,22) size 199x20 [bgcolor=#DDDDDD] [border: (1px solid #000000)]
        RenderBlock (anonymous) at (1,1) size 197x18
          RenderText at (4,1) size 174x16
            text run at (4,1) width 174: "This should turn into a list box"
      RenderText {#text} at (0,0) size 0x0
