layer at (0,0) size 800x600
  RenderView at (0,0) size 800x600
layer at (0,0) size 800x600
  RenderBlock {HTML} at (0,0) size 800x600
    RenderBody {BODY} at (8,8) size 784x576
      RenderBlock {CENTER} at (0,0) size 784x160
        RenderTable {TABLE} at (338,0) size 108x82 [border: none]
          RenderTableSection {THEAD} at (0,0) size 107x21
            RenderTableRow {TR} at (0,0) size 107x21
              RenderTableCell {TD} at (0,0) size 36x21 [border: (1px none #808080) none none (1px solid #808080)] [r=0 c=0 rs=1 cs=1]
                RenderText {#text} at (2,2) size 29x17
                  text run at (2,2) width 29: "EST"
              RenderTableCell {TD} at (36,0) size 31x21 [border: (1px none #808080) none none (1px solid #808080)] [r=0 c=1 rs=1 cs=1]
                RenderText {#text} at (2,2) size 28x17
                  text run at (2,2) width 28: "1am"
              RenderTableCell {TD} at (67,0) size 40x21 [border: (1px none #808080) none none (1px solid #808080)] [r=0 c=2 rs=1 cs=1]
                RenderText {#text} at (2,2) size 29x17
                  text run at (2,2) width 29: "8pm"
          RenderTableSection {TBODY} at (0,21) size 107x40
            RenderTableRow {TR} at (0,0) size 107x20
              RenderTableCell {TD} at (0,0) size 36x20 [border: none none none (1px solid #808080)] [r=0 c=0 rs=1 cs=1]
                RenderText {#text} at (2,1) size 30x17
                  text run at (2,1) width 30: "CST"
              RenderTableCell {TD} at (36,0) size 31x20 [border: none none none (1px solid #808080)] [r=0 c=1 rs=1 cs=1]
                RenderText {#text} at (2,1) size 28x17
                  text run at (2,1) width 28: "2am"
              RenderTableCell {TD} at (67,0) size 40x20 [border: none none none (1px solid #808080)] [r=0 c=2 rs=1 cs=1]
                RenderText {#text} at (2,1) size 29x17
                  text run at (2,1) width 29: "9pm"
            RenderTableRow {TR} at (0,20) size 107x20
              RenderTableCell {TD} at (0,20) size 36x20 [border: none none none (1px solid #808080)] [r=1 c=0 rs=1 cs=1]
                RenderText {#text} at (2,1) size 33x17
                  text run at (2,1) width 33: "MST"
              RenderTableCell {TD} at (36,20) size 31x20 [border: none none none (1px solid #808080)] [r=1 c=1 rs=1 cs=1]
                RenderText {#text} at (2,1) size 28x17
                  text run at (2,1) width 28: "3am"
              RenderTableCell {TD} at (67,20) size 40x20 [border: none none none (1px solid #808080)] [r=1 c=2 rs=1 cs=1]
                RenderText {#text} at (2,1) size 37x17
                  text run at (2,1) width 37: "10pm"
          RenderTableSection {TFOOT} at (0,61) size 107x20
            RenderTableRow {TR} at (0,0) size 107x20
              RenderTableCell {TD} at (0,0) size 36x20 [border: none none none (1px solid #808080)] [r=0 c=0 rs=1 cs=1]
                RenderText {#text} at (2,1) size 28x17
                  text run at (2,1) width 28: "PST"
              RenderTableCell {TD} at (36,0) size 31x20 [border: none none none (1px solid #808080)] [r=0 c=1 rs=1 cs=1]
                RenderText {#text} at (2,1) size 28x17
                  text run at (2,1) width 28: "4am"
              RenderTableCell {TD} at (67,0) size 40x20 [border: none none none (1px solid #808080)] [r=0 c=2 rs=1 cs=1]
                RenderText {#text} at (2,1) size 37x17
                  text run at (2,1) width 37: "11pm"
        RenderBlock {P} at (0,98) size 784x62
          RenderButton {BUTTON} at (233,2) size 96x27 [bgcolor=#C0C0C0] [border: (2px outset #C0C0C0)]
            RenderBlock (anonymous) at (8,4) size 80x18
              RenderText {#text} at (0,0) size 80x17
                text run at (0,0) width 26: "No "
                text run at (25,0) width 55: "borders"
          RenderButton {BUTTON} at (333,2) size 122x27 [bgcolor=#C0C0C0] [border: (2px outset #C0C0C0)]
            RenderBlock (anonymous) at (8,4) size 106x18
              RenderText {#text} at (0,0) size 106x17
                text run at (0,0) width 60: "Exterior "
                text run at (59,0) width 47: "border"
          RenderButton {BUTTON} at (459,2) size 93x27 [bgcolor=#C0C0C0] [border: (2px outset #C0C0C0)]
            RenderBlock (anonymous) at (8,4) size 77x18
              RenderText {#text} at (0,0) size 77x17
                text run at (0,0) width 23: "All "
                text run at (22,0) width 55: "borders"
          RenderBR {BR} at (553,20) size 1x0
          RenderButton {BUTTON} at (187,33) size 130x27 [bgcolor=#C0C0C0] [border: (2px outset #C0C0C0)]
            RenderBlock (anonymous) at (8,4) size 114x18
              RenderText {#text} at (0,0) size 114x17
                text run at (0,0) width 60: "Column "
                text run at (59,0) width 55: "borders"
          RenderButton {BUTTON} at (321,33) size 128x27 [bgcolor=#C0C0C0] [border: (2px outset #C0C0C0)]
            RenderBlock (anonymous) at (8,4) size 112x18
              RenderText {#text} at (0,0) size 112x17
                text run at (0,0) width 58: "Groups "
                text run at (57,0) width 55: "borders"
          RenderButton {BUTTON} at (453,33) size 145x27 [bgcolor=#C0C0C0] [border: (2px outset #C0C0C0)]
            RenderBlock (anonymous) at (8,4) size 129x18
              RenderText {#text} at (0,0) size 129x17
                text run at (0,0) width 45: "Table "
                text run at (44,0) width 85: "row borders"
          RenderText {#text} at (0,0) size 0x0
