layer at (0,0) size 800x600
  RenderView at (0,0) size 800x600
layer at (0,0) size 800x250
  RenderBlock {HTML} at (0,0) size 800x250
    RenderBody {BODY} at (8,16) size 784x226
      RenderBlock {P} at (0,0) size 784x18
        RenderText {#text} at (0,0) size 303x18
          text run at (0,0) width 303: "Test passes if there is no red visible on the page."
      RenderTable {TABLE} at (0,34) size 192x192
        RenderTableCol {COLGROUP} at (0,0) size 0x0 [border: (5px solid #000000)]
          RenderTableCol {COL} at (0,0) size 0x0
        RenderTableCol {COLGROUP} at (0,0) size 0x0 [border: (5px solid #000000) (5px solid #FF0000)]
          RenderTableCol {COL} at (0,0) size 0x0
        RenderTableCol {COLGROUP} at (0,0) size 0x0 [border: (5px solid #000000) (5px solid #FF0000)]
          RenderTableCol {COL} at (0,0) size 0x0
        RenderTableSection {TBODY} at (0,0) size 192x192
          RenderTableRow {TR} at (0,0) size 192x192
            RenderTableCell {TD} at (0,92) size 64x7 [border: (3px none #000000)] [r=0 c=0 rs=1 cs=1]
            RenderTableCell {TD} at (64,92) size 64x7 [border: (3px none #000000)] [r=0 c=1 rs=1 cs=1]
            RenderTableCell {TD} at (128,92) size 64x7 [border: (3px none #000000)] [r=0 c=2 rs=1 cs=1]
