layer at (0,0) size 800x600
  RenderView at (0,0) size 800x600
layer at (0,0) size 800x600
  RenderBlock {HTML} at (0,0) size 800x600
    RenderBody {BODY} at (8,8) size 470x582
      RenderBlock (anonymous) at (0,0) size 470x306
        RenderText {#text} at (0,0) size 326x18
          text run at (0,0) width 326: "This tests basic inputs. Here's what you should see: "
        RenderBR {BR} at (326,14) size 0x0
        RenderBR {BR} at (0,18) size 0x18
        RenderText {#text} at (0,36) size 455x54
          text run at (0,36) width 432: "first line: the letter \"a\" and then a text input field filled with repeating"
          text run at (0,54) width 85: "\"foobarbaz\", "
          text run at (85,54) width 370: "then the word \"text\" followed by a disabled text input field"
          text run at (0,72) width 332: "filled with \"foo\" and then the letter \"b\" and then \"a\" "
        RenderBR {BR} at (332,86) size 0x0
        RenderBR {BR} at (0,90) size 0x18
        RenderText {#text} at (0,108) size 466x54
          text run at (0,108) width 466: "second line: and then a password input field that's filled and then the word"
          text run at (0,126) width 448: "\"password\" and then a disabled password field that's filled and then the"
          text run at (0,144) width 61: "letter \"b\" "
        RenderBR {BR} at (61,158) size 0x0
        RenderBR {BR} at (0,162) size 0x18
        RenderText {#text} at (0,180) size 451x36
          text run at (0,180) width 451: "third line: the letter \"a\" and then a checkbox (unchecked) with the word"
          text run at (0,198) width 357: "\"checkbox\" and then a disabled checkbox and letter \"b\" "
        RenderBR {BR} at (357,212) size 0x0
        RenderBR {BR} at (0,216) size 0x18
        RenderText {#text} at (0,234) size 449x54
          text run at (0,234) width 401: "fourth line: the last line has the letter \"a\" and then a redio button"
          text run at (0,252) width 449: "(unselected) and then the word \"radio\" and then a disabled radio button"
          text run at (0,270) width 111: "and the letter \"b\" "
        RenderBR {BR} at (111,284) size 0x0
        RenderBR {BR} at (0,288) size 0x18
      RenderBlock {DIV} at (10,316) size 450x48 [border: (1px solid #FF0000)]
        RenderText {#text} at (1,3) size 7x18
          text run at (1,3) width 7: "a"
        RenderTextControl {INPUT} at (10,3) size 123x19 [bgcolor=#FFFFFF] [border: (2px inset #000000)]
        RenderText {#text} at (135,3) size 27x18
          text run at (135,3) width 27: "text "
        RenderTextControl {INPUT} at (164,3) size 123x19 [color=#545454] [bgcolor=#FFFFFF] [border: (2px inset #545454)]
        RenderText {#text} at (289,3) size 19x18
          text run at (289,3) width 12: "b "
          text run at (301,3) width 7: "a"
        RenderTextControl {INPUT} at (310,3) size 123x19 [bgcolor=#FFFFFF] [border: (2px inset #000000)]
        RenderText {#text} at (1,26) size 64x18
          text run at (1,26) width 64: "password "
        RenderTextControl {INPUT} at (67,26) size 123x19 [color=#545454] [bgcolor=#FFFFFF] [border: (2px inset #545454)]
        RenderText {#text} at (192,26) size 8x18
          text run at (192,26) width 8: "b"
      RenderBlock {DIV} at (10,374) size 450x21 [border: (1px solid #FF0000)]
        RenderText {#text} at (1,1) size 7x18
          text run at (1,1) width 7: "a"
        RenderBlock {INPUT} at (10,5) size 13x12
        RenderText {#text} at (25,1) size 66x18
          text run at (25,1) width 66: "checkbox "
        RenderBlock {INPUT} at (93,5) size 13x12 [color=#545454]
        RenderText {#text} at (108,1) size 9x18
          text run at (108,1) width 9: "b"
      RenderBlock {DIV} at (10,405) size 450x21 [border: (1px solid #FF0000)]
        RenderText {#text} at (1,1) size 7x18
          text run at (1,1) width 7: "a"
        RenderBlock {INPUT} at (10,4) size 13x13
        RenderText {#text} at (25,1) size 37x18
          text run at (25,1) width 37: "radio "
        RenderBlock {INPUT} at (64,4) size 13x13 [color=#545454]
        RenderText {#text} at (79,1) size 9x18
          text run at (79,1) width 9: "b"
layer at (31,330) size 117x13 scrollWidth 165
  RenderBlock {DIV} at (3,3) size 117x13
    RenderText {#text} at (0,0) size 164x13
      text run at (0,0) width 164: "foobarbazfoobarbazfoobarbaz"
layer at (185,330) size 117x13
  RenderBlock {DIV} at (3,3) size 117x13
    RenderText {#text} at (0,0) size 18x13
      text run at (0,0) width 18: "foo"
layer at (331,330) size 117x13
  RenderBlock {DIV} at (3,3) size 117x13
    RenderText {#text} at (0,0) size 19x13
      text run at (0,0) width 19: "\x{2022}\x{2022}\x{2022}"
layer at (88,353) size 117x13
  RenderBlock {DIV} at (3,3) size 117x13
    RenderText {#text} at (0,0) size 19x13
      text run at (0,0) width 19: "\x{2022}\x{2022}\x{2022}"
