layer at (0,0) size 785x1438
  RenderView at (0,0) size 785x600
layer at (0,0) size 785x1438
  RenderBlock {HTML} at (0,0) size 785x1438
    RenderBody {BODY} at (0,0) size 785x1438
      RenderPartObject {IFRAME} at (0,0) size 785x748
        layer at (0,0) size 785x748
          RenderView at (0,0) size 785x748
        layer at (0,0) size 785x723
          RenderBlock {HTML} at (0,0) size 785x723
            RenderBody {BODY} at (0,5) size 785x718
              RenderBlock {DIV} at (0,0) size 785x18
                RenderText {#text} at (0,0) size 196x18
                  text run at (0,0) width 196: "CompatMode: CSS1Compat"
              RenderBlock (anonymous) at (0,23) size 785x695
                RenderBlock {DIV} at (0,30) size 167x55 [border: (1px solid #0000FF)]
                  RenderBlock {SPAN} at (1,12) size 80x0
                  RenderBR {BR} at (81,1) size 0x14
                RenderBlock {DIV} at (167,30) size 167x55 [border: (1px solid #0000FF)]
                  RenderBlock {SPAN} at (1,1) size 80x14
                    RenderText {#text} at (0,0) size 76x14
                      text run at (0,0) width 76: "disabled: \"true\","
                  RenderBR {BR} at (81,1) size 0x14
                RenderBlock {DIV} at (334,0) size 183x85 [border: (1px solid #0000FF)]
                  RenderBlock {SPAN} at (1,1) size 80x28
                    RenderText {#text} at (0,0) size 78x28
                      text run at (0,0) width 25: "style:"
                      text run at (0,14) width 78: "\"padding:10px\","
                  RenderBR {BR} at (81,15) size 0x14
                RenderBlock {DIV} at (517,20) size 163x65 [border: (1px solid #0000FF)]
                  RenderBlock {SPAN} at (1,1) size 80x28
                    RenderText {#text} at (0,0) size 72x28
                      text run at (0,0) width 25: "style:"
                      text run at (0,14) width 72: "\"padding:0px\","
                  RenderBR {BR} at (81,15) size 0x14
                RenderBlock {DIV} at (0,119) size 183x85 [border: (1px solid #0000FF)]
                  RenderBlock {SPAN} at (1,1) size 80x28
                    RenderText {#text} at (0,0) size 73x28
                      text run at (0,0) width 25: "style:"
                      text run at (0,14) width 73: "\"margin:10px\","
                  RenderBR {BR} at (81,15) size 0x14
                RenderBlock {DIV} at (183,139) size 163x65 [border: (1px solid #0000FF)]
                  RenderBlock {SPAN} at (1,1) size 80x28
                    RenderText {#text} at (0,0) size 67x28
                      text run at (0,0) width 25: "style:"
                      text run at (0,14) width 67: "\"margin:0px\","
                  RenderBR {BR} at (81,15) size 0x14
                RenderBlock {DIV} at (346,135) size 82x69 [border: (1px solid #0000FF)]
                  RenderBlock {SPAN} at (1,1) size 80x28
                    RenderText {#text} at (0,0) size 67x28
                      text run at (0,0) width 25: "style:"
                      text run at (0,14) width 67: "\"width:60px\","
                  RenderBR {BR} at (81,15) size 0x14
                RenderBlock {DIV} at (428,85) size 104x119 [border: (1px solid #0000FF)]
                  RenderBlock {SPAN} at (1,1) size 80x42
                    RenderText {#text} at (0,0) size 73x42
                      text run at (0,0) width 25: "style:"
                      text run at (0,14) width 62: "\"width:60px;"
                      text run at (0,28) width 73: "padding:20px\","
                  RenderBR {BR} at (81,29) size 0x14
                RenderBlock {DIV} at (532,125) size 82x79 [border: (1px solid #0000FF)]
                  RenderBlock {SPAN} at (1,1) size 80x42
                    RenderText {#text} at (0,0) size 62x42
                      text run at (0,0) width 25: "style:"
                      text run at (0,14) width 62: "\"width:60px;"
                      text run at (0,28) width 55: "padding:0\","
                  RenderBR {BR} at (81,29) size 0x14
                RenderBlock {DIV} at (614,105) size 167x99 [border: (1px solid #0000FF)]
                  RenderBlock {SPAN} at (1,1) size 80x28
                    RenderText {#text} at (0,0) size 69x28
                      text run at (0,0) width 25: "style:"
                      text run at (0,14) width 69: "\"height:60px\","
                  RenderBR {BR} at (81,15) size 0x14
                RenderBlock {DIV} at (0,218) size 82x113 [border: (1px solid #0000FF)]
                  RenderBlock {SPAN} at (1,1) size 80x42
                    RenderText {#text} at (0,0) size 64x42
                      text run at (0,0) width 25: "style:"
                      text run at (0,14) width 62: "\"width:60px;"
                      text run at (0,28) width 64: "height:60px\","
                  RenderBR {BR} at (81,29) size 0x14
                RenderBlock {DIV} at (82,262) size 167x69 [border: (1px solid #0000FF)]
                  RenderBlock {SPAN} at (1,1) size 80x28
                    RenderText {#text} at (0,0) size 91x28
                      text run at (0,0) width 25: "style:"
                      text run at (0,14) width 91: "\"overflow:hidden\","
                  RenderBR {BR} at (81,15) size 0x14
                RenderBlock {DIV} at (249,247) size 167x84 [border: (1px solid #0000FF)]
                  RenderBlock {SPAN} at (1,1) size 80x28
                    RenderText {#text} at (0,0) size 85x28
                      text run at (0,0) width 25: "style:"
                      text run at (0,14) width 85: "\"overflow:scroll\","
                  RenderBR {BR} at (81,15) size 0x14
                RenderBlock {DIV} at (416,204) size 82x127 [border: (1px solid #0000FF)]
                  RenderBlock {SPAN} at (1,1) size 80x56
                    RenderText {#text} at (0,0) size 86x56
                      text run at (0,0) width 25: "style:"
                      text run at (0,14) width 86: "\"overflow:hidden;"
                      text run at (0,28) width 57: "width:60px;"
                      text run at (0,42) width 64: "height:60px\","
                  RenderBR {BR} at (81,43) size 0x14
                RenderBlock {DIV} at (498,204) size 82x127 [border: (1px solid #0000FF)]
                  RenderBlock {SPAN} at (1,1) size 80x56
                    RenderText {#text} at (0,0) size 80x56
                      text run at (0,0) width 25: "style:"
                      text run at (0,14) width 80: "\"overflow:scroll;"
                      text run at (0,28) width 57: "width:60px;"
                      text run at (0,42) width 64: "height:60px\","
                  RenderBR {BR} at (81,43) size 0x14
                RenderBlock {DIV} at (580,218) size 82x113 [border: (1px solid #0000FF)]
                  RenderBlock {SPAN} at (1,1) size 80x42
                    RenderText {#text} at (0,0) size 72x42
                      text run at (0,0) width 72: "cols: \"5\", style:"
                      text run at (0,14) width 62: "\"width:60px;"
                      text run at (0,28) width 64: "height:60px\","
                  RenderBR {BR} at (81,29) size 0x14
                RenderBlock {DIV} at (662,218) size 82x113 [border: (1px solid #0000FF)]
                  RenderBlock {SPAN} at (1,1) size 80x42
                    RenderText {#text} at (0,0) size 77x42
                      text run at (0,0) width 77: "rows: \"4\", style:"
                      text run at (0,14) width 62: "\"width:60px;"
                      text run at (0,28) width 64: "height:60px\","
                  RenderBR {BR} at (81,29) size 0x14
                RenderBlock {DIV} at (0,331) size 82x127 [border: (1px solid #0000FF)]
                  RenderBlock {SPAN} at (1,1) size 80x56
                    RenderText {#text} at (0,0) size 74x56
                      text run at (0,0) width 74: "cols: \"5\", rows:"
                      text run at (0,14) width 47: "\"4\", style:"
                      text run at (0,28) width 62: "\"width:60px;"
                      text run at (0,42) width 64: "height:60px\","
                  RenderBR {BR} at (81,43) size 0x14
                RenderBlock {DIV} at (82,403) size 82x55 [border: (1px solid #0000FF)]
                  RenderBlock {SPAN} at (1,1) size 80x14
                    RenderText {#text} at (0,0) size 44x14
                      text run at (0,0) width 44: "cols: \"3\","
                  RenderBR {BR} at (81,1) size 0x14
                RenderBlock {DIV} at (164,390) size 167x68 [border: (1px solid #0000FF)]
                  RenderBlock {SPAN} at (1,1) size 80x14
                    RenderText {#text} at (0,0) size 49x14
                      text run at (0,0) width 49: "rows: \"3\","
                  RenderBR {BR} at (81,1) size 0x14
                RenderBlock {DIV} at (331,403) size 82x55 [border: (1px solid #0000FF)]
                  RenderBlock {SPAN} at (1,1) size 80x14
                    RenderText {#text} at (0,0) size 44x14
                      text run at (0,0) width 44: "cols: \"7\","
                  RenderBR {BR} at (81,1) size 0x14
                RenderBlock {DIV} at (413,338) size 167x120 [border: (1px solid #0000FF)]
                  RenderBlock {SPAN} at (1,1) size 80x14
                    RenderText {#text} at (0,0) size 49x14
                      text run at (0,0) width 49: "rows: \"7\","
                  RenderBR {BR} at (81,1) size 0x14
                RenderBlock {DIV} at (580,363) size 82x95 [border: (1px solid #0000FF)]
                  RenderBlock {SPAN} at (1,1) size 80x28
                    RenderText {#text} at (0,0) size 74x28
                      text run at (0,0) width 74: "cols: \"5\", rows:"
                      text run at (0,14) width 19: "\"4\","
                  RenderBR {BR} at (81,15) size 0x14
                RenderBlock {DIV} at (0,458) size 167x70 [border: (1px solid #0000FF)]
                  RenderBlock {SPAN} at (1,1) size 80x14
                    RenderText {#text} at (0,0) size 57x14
                      text run at (0,0) width 57: "wrap: \"off\","
                  RenderBR {BR} at (81,1) size 0x14
                RenderBlock {DIV} at (167,473) size 167x55 [border: (1px solid #0000FF)]
                  RenderBlock {SPAN} at (1,1) size 80x14
                    RenderText {#text} at (0,0) size 64x14
                      text run at (0,0) width 64: "wrap: \"hard\","
                  RenderBR {BR} at (81,1) size 0x14
                RenderBlock {DIV} at (334,473) size 167x55 [border: (1px solid #0000FF)]
                  RenderBlock {SPAN} at (1,1) size 80x14
                    RenderText {#text} at (0,0) size 61x14
                      text run at (0,0) width 61: "wrap: \"soft\","
                  RenderBR {BR} at (81,1) size 0x14
                RenderBlock {DIV} at (501,459) size 167x69 [border: (1px solid #0000FF)]
                  RenderBlock {SPAN} at (1,1) size 80x28
                    RenderText {#text} at (0,0) size 70x28
                      text run at (0,0) width 63: "style: \"white-"
                      text run at (0,14) width 70: "space:normal\","
                  RenderBR {BR} at (81,15) size 0x14
                RenderBlock {DIV} at (0,528) size 167x69 [border: (1px solid #0000FF)]
                  RenderBlock {SPAN} at (1,1) size 80x28
                    RenderText {#text} at (0,0) size 63x28
                      text run at (0,0) width 63: "style: \"white-"
                      text run at (0,14) width 52: "space:pre\","
                  RenderBR {BR} at (81,15) size 0x14
                RenderBlock {DIV} at (167,528) size 167x69 [border: (1px solid #0000FF)]
                  RenderBlock {SPAN} at (1,1) size 80x28
                    RenderText {#text} at (0,0) size 76x28
                      text run at (0,0) width 63: "style: \"white-"
                      text run at (0,14) width 76: "space:prewrap\","
                  RenderBR {BR} at (81,15) size 0x14
                RenderBlock {DIV} at (334,528) size 167x69 [border: (1px solid #0000FF)]
                  RenderBlock {SPAN} at (1,1) size 80x28
                    RenderText {#text} at (0,0) size 73x28
                      text run at (0,0) width 63: "style: \"white-"
                      text run at (0,14) width 73: "space:nowrap\","
                  RenderBR {BR} at (81,15) size 0x14
                RenderBlock {DIV} at (501,528) size 167x69 [border: (1px solid #0000FF)]
                  RenderBlock {SPAN} at (1,1) size 80x28
                    RenderText {#text} at (0,0) size 73x28
                      text run at (0,0) width 63: "style: \"white-"
                      text run at (0,14) width 73: "space:pre-line\","
                  RenderBR {BR} at (81,15) size 0x14
                RenderBlock {DIV} at (0,611) size 167x84 [border: (1px solid #0000FF)]
                  RenderBlock {SPAN} at (1,1) size 80x28
                    RenderText {#text} at (0,0) size 68x28
                      text run at (0,0) width 62: "style: \"word-"
                      text run at (0,14) width 68: "wrap:normal\","
                  RenderBR {BR} at (81,15) size 0x14
                RenderBlock {DIV} at (167,597) size 167x98 [border: (1px solid #0000FF)]
                  RenderBlock {SPAN} at (1,1) size 80x42
                    RenderText {#text} at (0,0) size 80x42
                      text run at (0,0) width 57: "wrap: \"off\","
                      text run at (0,14) width 63: "style: \"white-"
                      text run at (0,28) width 80: "space:pre-wrap\","
                  RenderBR {BR} at (81,29) size 0x14
        layer at (3,75) size 161x32 clip at (4,76) size 159x30
          RenderTextControl {TEXTAREA} at (3,17) size 161x32 [bgcolor=#FFFFFF] [border: (1px solid #000000)]
            RenderBlock {DIV} at (3,3) size 155x13
              RenderText {#text} at (0,0) size 102x13
                text run at (0,0) width 102: "Lorem ipsum dolor"
        layer at (170,75) size 161x32 clip at (171,76) size 144x30 scrollHeight 56
          RenderTextControl {TEXTAREA} at (3,17) size 161x32 [color=#545454] [bgcolor=#FFFFFF] [border: (1px solid #545454)]
            RenderBlock {DIV} at (3,3) size 140x52
              RenderText {#text} at (0,0) size 138x52
                text run at (0,0) width 105: "Lorem ipsum  dolor"
                text run at (104,0) width 5: " "
                text run at (0,13) width 138: "ABCDEFGHIJKLMNOPQRST"
                text run at (0,26) width 45: "UVWXYZ"
                text run at (44,26) width 5: " "
                text run at (0,39) width 130: "abcdefghijklmnopqrstuv"
        layer at (337,59) size 177x48 clip at (338,60) size 160x46 scrollHeight 72
          RenderTextControl {TEXTAREA} at (3,31) size 177x48 [bgcolor=#FFFFFF] [border: (1px solid #000000)]
            RenderBlock {DIV} at (11,11) size 140x52
              RenderText {#text} at (0,0) size 138x52
                text run at (0,0) width 105: "Lorem ipsum  dolor"
                text run at (104,0) width 5: " "
                text run at (0,13) width 138: "ABCDEFGHIJKLMNOPQRST"
                text run at (0,26) width 45: "UVWXYZ"
                text run at (44,26) width 5: " "
                text run at (0,39) width 130: "abcdefghijklmnopqrstuv"
        layer at (520,79) size 157x28 clip at (521,80) size 140x26 scrollHeight 52
          RenderTextControl {TEXTAREA} at (3,31) size 157x28 [bgcolor=#FFFFFF] [border: (1px solid #000000)]
            RenderBlock {DIV} at (1,1) size 140x52
              RenderText {#text} at (0,0) size 138x52
                text run at (0,0) width 105: "Lorem ipsum  dolor"
                text run at (104,0) width 5: " "
                text run at (0,13) width 138: "ABCDEFGHIJKLMNOPQRST"
                text run at (0,26) width 45: "UVWXYZ"
                text run at (44,26) width 5: " "
                text run at (0,39) width 130: "abcdefghijklmnopqrstuv"
        layer at (11,186) size 161x32 clip at (12,187) size 144x30 scrollHeight 56
          RenderTextControl {TEXTAREA} at (11,39) size 161x32 [bgcolor=#FFFFFF] [border: (1px solid #000000)]
            RenderBlock {DIV} at (3,3) size 140x52
              RenderText {#text} at (0,0) size 138x52
                text run at (0,0) width 105: "Lorem ipsum  dolor"
                text run at (104,0) width 5: " "
                text run at (0,13) width 138: "ABCDEFGHIJKLMNOPQRST"
                text run at (0,26) width 45: "UVWXYZ"
                text run at (44,26) width 5: " "
                text run at (0,39) width 130: "abcdefghijklmnopqrstuv"
        layer at (184,196) size 161x32 clip at (185,197) size 144x30 scrollHeight 56
          RenderTextControl {TEXTAREA} at (1,29) size 161x32 [bgcolor=#FFFFFF] [border: (1px solid #000000)]
            RenderBlock {DIV} at (3,3) size 140x52
              RenderText {#text} at (0,0) size 138x52
                text run at (0,0) width 105: "Lorem ipsum  dolor"
                text run at (104,0) width 5: " "
                text run at (0,13) width 138: "ABCDEFGHIJKLMNOPQRST"
                text run at (0,26) width 45: "UVWXYZ"
                text run at (44,26) width 5: " "
                text run at (0,39) width 130: "abcdefghijklmnopqrstuv"
        layer at (347,194) size 66x32 clip at (348,195) size 49x30 scrollHeight 160
          RenderTextControl {TEXTAREA} at (1,31) size 66x32 [bgcolor=#FFFFFF] [border: (1px solid #000000)]
            RenderBlock {DIV} at (3,3) size 45x156
              RenderText {#text} at (0,0) size 45x156
                text run at (0,0) width 34: "Lorem"
                text run at (33,0) width 5: " "
                text run at (0,13) width 33: "ipsum"
                text run at (32,13) width 8: "  "
                text run at (0,26) width 29: "dolor"
                text run at (28,26) width 4: " "
                text run at (0,39) width 42: "ABCDEF"
                text run at (0,52) width 36: "GHIJKL"
                text run at (0,65) width 41: "MNOPQ"
                text run at (0,78) width 45: "RSTUVW"
                text run at (0,91) width 21: "XYZ"
                text run at (20,91) width 4: " "
                text run at (0,104) width 43: "abcdefg"
                text run at (0,117) width 41: "hijklmn"
                text run at (0,130) width 42: "opqrstu"
                text run at (0,143) width 6: "v"
        layer at (429,158) size 102x68 clip at (430,159) size 85x66 scrollHeight 196
          RenderTextControl {TEXTAREA} at (1,45) size 102x68 [bgcolor=#FFFFFF] [border: (1px solid #000000)]
            RenderBlock {DIV} at (21,21) size 45x156
              RenderText {#text} at (0,0) size 45x156
                text run at (0,0) width 34: "Lorem"
                text run at (33,0) width 5: " "
                text run at (0,13) width 33: "ipsum"
                text run at (32,13) width 8: "  "
                text run at (0,26) width 29: "dolor"
                text run at (28,26) width 4: " "
                text run at (0,39) width 42: "ABCDEF"
                text run at (0,52) width 36: "GHIJKL"
                text run at (0,65) width 41: "MNOPQ"
                text run at (0,78) width 45: "RSTUVW"
                text run at (0,91) width 21: "XYZ"
                text run at (20,91) width 4: " "
                text run at (0,104) width 43: "abcdefg"
                text run at (0,117) width 41: "hijklmn"
                text run at (0,130) width 42: "opqrstu"
                text run at (0,143) width 6: "v"
        layer at (533,198) size 62x28 clip at (534,199) size 45x26 scrollHeight 156
          RenderTextControl {TEXTAREA} at (1,45) size 62x28 [bgcolor=#FFFFFF] [border: (1px solid #000000)]
            RenderBlock {DIV} at (1,1) size 45x156
              RenderText {#text} at (0,0) size 45x156
                text run at (0,0) width 34: "Lorem"
                text run at (33,0) width 5: " "
                text run at (0,13) width 33: "ipsum"
                text run at (32,13) width 8: "  "
                text run at (0,26) width 29: "dolor"
                text run at (28,26) width 4: " "
                text run at (0,39) width 42: "ABCDEF"
                text run at (0,52) width 36: "GHIJKL"
                text run at (0,65) width 41: "MNOPQ"
                text run at (0,78) width 45: "RSTUVW"
                text run at (0,91) width 21: "XYZ"
                text run at (20,91) width 4: " "
                text run at (0,104) width 43: "abcdefg"
                text run at (0,117) width 41: "hijklmn"
                text run at (0,130) width 42: "opqrstu"
                text run at (0,143) width 6: "v"
        layer at (617,162) size 161x66 clip at (618,163) size 159x64
          RenderTextControl {TEXTAREA} at (3,29) size 161x66 [bgcolor=#FFFFFF] [border: (1px solid #000000)]
            RenderBlock {DIV} at (3,3) size 155x52
              RenderText {#text} at (0,0) size 153x52
                text run at (0,0) width 105: "Lorem ipsum  dolor"
                text run at (104,0) width 5: " "
                text run at (0,13) width 153: "ABCDEFGHIJKLMNOPQRSTUV"
                text run at (0,26) width 30: "WXYZ"
                text run at (29,26) width 5: " "
                text run at (0,39) width 130: "abcdefghijklmnopqrstuv"
        layer at (1,289) size 66x66 clip at (2,290) size 49x64 scrollHeight 160
          RenderTextControl {TEXTAREA} at (1,43) size 66x66 [bgcolor=#FFFFFF] [border: (1px solid #000000)]
            RenderBlock {DIV} at (3,3) size 45x156
              RenderText {#text} at (0,0) size 45x156
                text run at (0,0) width 34: "Lorem"
                text run at (33,0) width 5: " "
                text run at (0,13) width 33: "ipsum"
                text run at (32,13) width 8: "  "
                text run at (0,26) width 29: "dolor"
                text run at (28,26) width 4: " "
                text run at (0,39) width 42: "ABCDEF"
                text run at (0,52) width 36: "GHIJKL"
                text run at (0,65) width 41: "MNOPQ"
                text run at (0,78) width 45: "RSTUVW"
                text run at (0,91) width 21: "XYZ"
                text run at (20,91) width 4: " "
                text run at (0,104) width 43: "abcdefg"
                text run at (0,117) width 41: "hijklmn"
                text run at (0,130) width 42: "opqrstu"
                text run at (0,143) width 6: "v"
        layer at (85,321) size 161x32 clip at (86,322) size 159x30 scrollHeight 56
          RenderTextControl {TEXTAREA} at (3,31) size 161x32 [bgcolor=#FFFFFF] [border: (1px solid #000000)]
            RenderBlock {DIV} at (3,3) size 155x52
              RenderText {#text} at (0,0) size 153x52
                text run at (0,0) width 105: "Lorem ipsum  dolor"
                text run at (104,0) width 5: " "
                text run at (0,13) width 153: "ABCDEFGHIJKLMNOPQRSTUV"
                text run at (0,26) width 30: "WXYZ"
                text run at (29,26) width 5: " "
                text run at (0,39) width 130: "abcdefghijklmnopqrstuv"
        layer at (252,306) size 161x47 clip at (253,307) size 144x30 scrollHeight 56
          RenderTextControl {TEXTAREA} at (3,31) size 161x47 [bgcolor=#FFFFFF] [border: (1px solid #000000)]
            RenderBlock {DIV} at (3,3) size 140x52
              RenderText {#text} at (0,0) size 138x52
                text run at (0,0) width 105: "Lorem ipsum  dolor"
                text run at (104,0) width 5: " "
                text run at (0,13) width 138: "ABCDEFGHIJKLMNOPQRST"
                text run at (0,26) width 45: "UVWXYZ"
                text run at (44,26) width 5: " "
                text run at (0,39) width 130: "abcdefghijklmnopqrstuv"
        layer at (417,289) size 66x66 clip at (418,290) size 64x64 scrollHeight 134
          RenderTextControl {TEXTAREA} at (1,57) size 66x66 [bgcolor=#FFFFFF] [border: (1px solid #000000)]
            RenderBlock {DIV} at (3,3) size 60x130
              RenderText {#text} at (0,0) size 60x130
                text run at (0,0) width 34: "Lorem"
                text run at (33,0) width 5: " "
                text run at (0,13) width 33: "ipsum"
                text run at (32,13) width 8: "  "
                text run at (0,26) width 29: "dolor"
                text run at (28,26) width 4: " "
                text run at (0,39) width 58: "ABCDEFGH"
                text run at (0,52) width 52: "IJKLMNOP"
                text run at (0,65) width 60: "QRSTUVWX"
                text run at (0,78) width 14: "YZ"
                text run at (13,78) width 4: " "
                text run at (0,91) width 56: "abcdefghij"
                text run at (0,104) width 58: "klmnopqrs"
                text run at (0,117) width 17: "tuv"
        layer at (499,289) size 66x66 clip at (500,290) size 49x49 scrollHeight 160
          RenderTextControl {TEXTAREA} at (1,57) size 66x66 [bgcolor=#FFFFFF] [border: (1px solid #000000)]
            RenderBlock {DIV} at (3,3) size 45x156
              RenderText {#text} at (0,0) size 45x156
                text run at (0,0) width 34: "Lorem"
                text run at (33,0) width 5: " "
                text run at (0,13) width 33: "ipsum"
                text run at (32,13) width 8: "  "
                text run at (0,26) width 29: "dolor"
                text run at (28,26) width 4: " "
                text run at (0,39) width 42: "ABCDEF"
                text run at (0,52) width 36: "GHIJKL"
                text run at (0,65) width 41: "MNOPQ"
                text run at (0,78) width 45: "RSTUVW"
                text run at (0,91) width 21: "XYZ"
                text run at (20,91) width 4: " "
                text run at (0,104) width 43: "abcdefg"
                text run at (0,117) width 41: "hijklmn"
                text run at (0,130) width 42: "opqrstu"
                text run at (0,143) width 6: "v"
        layer at (581,289) size 66x66 clip at (582,290) size 49x64 scrollHeight 160
          RenderTextControl {TEXTAREA} at (1,43) size 66x66 [bgcolor=#FFFFFF] [border: (1px solid #000000)]
            RenderBlock {DIV} at (3,3) size 45x156
              RenderText {#text} at (0,0) size 45x156
                text run at (0,0) width 34: "Lorem"
                text run at (33,0) width 5: " "
                text run at (0,13) width 33: "ipsum"
                text run at (32,13) width 8: "  "
                text run at (0,26) width 29: "dolor"
                text run at (28,26) width 4: " "
                text run at (0,39) width 42: "ABCDEF"
                text run at (0,52) width 36: "GHIJKL"
                text run at (0,65) width 41: "MNOPQ"
                text run at (0,78) width 45: "RSTUVW"
                text run at (0,91) width 21: "XYZ"
                text run at (20,91) width 4: " "
                text run at (0,104) width 43: "abcdefg"
                text run at (0,117) width 41: "hijklmn"
                text run at (0,130) width 42: "opqrstu"
                text run at (0,143) width 6: "v"
        layer at (663,289) size 66x66 clip at (664,290) size 49x64 scrollHeight 160
          RenderTextControl {TEXTAREA} at (1,43) size 66x66 [bgcolor=#FFFFFF] [border: (1px solid #000000)]
            RenderBlock {DIV} at (3,3) size 45x156
              RenderText {#text} at (0,0) size 45x156
                text run at (0,0) width 34: "Lorem"
                text run at (33,0) width 5: " "
                text run at (0,13) width 33: "ipsum"
                text run at (32,13) width 8: "  "
                text run at (0,26) width 29: "dolor"
                text run at (28,26) width 4: " "
                text run at (0,39) width 42: "ABCDEF"
                text run at (0,52) width 36: "GHIJKL"
                text run at (0,65) width 41: "MNOPQ"
                text run at (0,78) width 45: "RSTUVW"
                text run at (0,91) width 21: "XYZ"
                text run at (20,91) width 4: " "
                text run at (0,104) width 43: "abcdefg"
                text run at (0,117) width 41: "hijklmn"
                text run at (0,130) width 42: "opqrstu"
                text run at (0,143) width 6: "v"
        layer at (1,416) size 66x66 clip at (2,417) size 49x64 scrollHeight 160
          RenderTextControl {TEXTAREA} at (1,57) size 66x66 [bgcolor=#FFFFFF] [border: (1px solid #000000)]
            RenderBlock {DIV} at (3,3) size 45x156
              RenderText {#text} at (0,0) size 45x156
                text run at (0,0) width 34: "Lorem"
                text run at (33,0) width 5: " "
                text run at (0,13) width 33: "ipsum"
                text run at (32,13) width 8: "  "
                text run at (0,26) width 29: "dolor"
                text run at (28,26) width 4: " "
                text run at (0,39) width 42: "ABCDEF"
                text run at (0,52) width 36: "GHIJKL"
                text run at (0,65) width 41: "MNOPQ"
                text run at (0,78) width 45: "RSTUVW"
                text run at (0,91) width 21: "XYZ"
                text run at (20,91) width 4: " "
                text run at (0,104) width 43: "abcdefg"
                text run at (0,117) width 41: "hijklmn"
                text run at (0,130) width 42: "opqrstu"
                text run at (0,143) width 6: "v"
        layer at (85,448) size 42x32 clip at (86,449) size 25x30 scrollHeight 316
          RenderTextControl {TEXTAREA} at (3,17) size 42x32 [bgcolor=#FFFFFF] [border: (1px solid #000000)]
            RenderBlock {DIV} at (3,3) size 21x312
              RenderText {#text} at (0,0) size 21x312
                text run at (0,0) width 18: "Lor"
                text run at (0,13) width 17: "em"
                text run at (16,13) width 4: " "
                text run at (0,26) width 16: "ips"
                text run at (0,39) width 18: "um"
                text run at (17,39) width 4: "  "
                text run at (0,52) width 17: "dol"
                text run at (0,65) width 12: "or"
                text run at (11,65) width 4: " "
                text run at (0,78) width 14: "AB"
                text run at (0,91) width 16: "CD"
                text run at (0,104) width 20: "EFG"
                text run at (0,117) width 15: "HIJ"
                text run at (0,130) width 14: "KL"
                text run at (0,143) width 18: "MN"
                text run at (0,156) width 15: "OP"
                text run at (0,169) width 16: "QR"
                text run at (0,182) width 21: "STU"
                text run at (0,195) width 17: "VW"
                text run at (0,208) width 21: "XYZ"
                text run at (20,208) width 1: " "
                text run at (0,221) width 19: "abc"
                text run at (0,234) width 18: "def"
                text run at (0,247) width 21: "ghij"
                text run at (0,260) width 20: "klm"
                text run at (0,273) width 21: "nop"
                text run at (0,286) width 18: "qrs"
                text run at (0,299) width 17: "tuv"
        layer at (167,435) size 161x45 clip at (168,436) size 144x43 scrollHeight 56
          RenderTextControl {TEXTAREA} at (3,17) size 161x45 [bgcolor=#FFFFFF] [border: (1px solid #000000)]
            RenderBlock {DIV} at (3,3) size 140x52
              RenderText {#text} at (0,0) size 138x52
                text run at (0,0) width 105: "Lorem ipsum  dolor"
                text run at (104,0) width 5: " "
                text run at (0,13) width 138: "ABCDEFGHIJKLMNOPQRST"
                text run at (0,26) width 45: "UVWXYZ"
                text run at (44,26) width 5: " "
                text run at (0,39) width 130: "abcdefghijklmnopqrstuv"
        layer at (334,448) size 70x32 clip at (335,449) size 53x30 scrollHeight 147
          RenderTextControl {TEXTAREA} at (3,17) size 70x32 [bgcolor=#FFFFFF] [border: (1px solid #000000)]
            RenderBlock {DIV} at (3,3) size 49x143
              RenderText {#text} at (0,0) size 47x143
                text run at (0,0) width 34: "Lorem"
                text run at (33,0) width 5: " "
                text run at (0,13) width 33: "ipsum"
                text run at (32,13) width 8: "  "
                text run at (0,26) width 29: "dolor"
                text run at (28,26) width 4: " "
                text run at (0,39) width 42: "ABCDEF"
                text run at (0,52) width 46: "GHIJKLM"
                text run at (0,65) width 45: "NOPQRS"
                text run at (0,78) width 45: "TUVWXY"
                text run at (0,91) width 7: "Z"
                text run at (6,91) width 5: " "
                text run at (0,104) width 43: "abcdefg"
                text run at (0,117) width 47: "hijklmno"
                text run at (0,130) width 41: "pqrstuv"
        layer at (416,383) size 161x97 clip at (417,384) size 159x95
          RenderTextControl {TEXTAREA} at (3,17) size 161x97 [bgcolor=#FFFFFF] [border: (1px solid #000000)]
            RenderBlock {DIV} at (3,3) size 155x52
              RenderText {#text} at (0,0) size 153x52
                text run at (0,0) width 105: "Lorem ipsum  dolor"
                text run at (104,0) width 5: " "
                text run at (0,13) width 153: "ABCDEFGHIJKLMNOPQRSTUV"
                text run at (0,26) width 30: "WXYZ"
                text run at (29,26) width 5: " "
                text run at (0,39) width 130: "abcdefghijklmnopqrstuv"
        layer at (583,422) size 56x58 clip at (584,423) size 39x56 scrollHeight 186
          RenderTextControl {TEXTAREA} at (3,31) size 56x58 [bgcolor=#FFFFFF] [border: (1px solid #000000)]
            RenderBlock {DIV} at (3,3) size 35x182
              RenderText {#text} at (0,0) size 35x182
                text run at (0,0) width 34: "Lorem"
                text run at (33,0) width 2: " "
                text run at (0,13) width 33: "ipsum"
                text run at (0,26) width 7: "  "
                text run at (0,39) width 29: "dolor"
                text run at (28,39) width 4: " "
                text run at (0,52) width 30: "ABCD"
                text run at (0,65) width 35: "EFGHIJ"
                text run at (0,78) width 31: "KLMN"
                text run at (0,91) width 31: "OPQR"
                text run at (0,104) width 28: "STUV"
                text run at (0,117) width 30: "WXYZ"
                text run at (29,117) width 5: " "
                text run at (0,130) width 32: "abcde"
                text run at (0,143) width 34: "fghijkl"
                text run at (0,156) width 31: "mnop"
                text run at (0,169) width 34: "qrstuv"
        layer at (3,503) size 161x47 clip at (4,504) size 159x30 scrollWidth 426
          RenderTextControl {TEXTAREA} at (3,17) size 161x47 [bgcolor=#FFFFFF] [border: (1px solid #000000)]
            RenderBlock {DIV} at (3,3) size 155x13
              RenderText {#text} at (0,0) size 425x13
                text run at (0,0) width 425: "Lorem ipsum  dolor ABCDEFGHIJKLMNOPQRSTUVWXYZ abcdefghijklmnopqrstuv"
        layer at (170,518) size 161x32 clip at (171,519) size 144x30 scrollHeight 56
          RenderTextControl {TEXTAREA} at (3,17) size 161x32 [bgcolor=#FFFFFF] [border: (1px solid #000000)]
            RenderBlock {DIV} at (3,3) size 140x52
              RenderText {#text} at (0,0) size 138x52
                text run at (0,0) width 105: "Lorem ipsum  dolor"
                text run at (104,0) width 5: " "
                text run at (0,13) width 138: "ABCDEFGHIJKLMNOPQRST"
                text run at (0,26) width 45: "UVWXYZ"
                text run at (44,26) width 5: " "
                text run at (0,39) width 130: "abcdefghijklmnopqrstuv"
        layer at (337,518) size 161x32 clip at (338,519) size 144x30 scrollHeight 56
          RenderTextControl {TEXTAREA} at (3,17) size 161x32 [bgcolor=#FFFFFF] [border: (1px solid #000000)]
            RenderBlock {DIV} at (3,3) size 140x52
              RenderText {#text} at (0,0) size 138x52
                text run at (0,0) width 105: "Lorem ipsum  dolor"
                text run at (104,0) width 5: " "
                text run at (0,13) width 138: "ABCDEFGHIJKLMNOPQRST"
                text run at (0,26) width 45: "UVWXYZ"
                text run at (44,26) width 5: " "
                text run at (0,39) width 130: "abcdefghijklmnopqrstuv"
        layer at (504,518) size 161x32 clip at (505,519) size 144x30 scrollHeight 56
          RenderTextControl {TEXTAREA} at (3,31) size 161x32 [bgcolor=#FFFFFF] [border: (1px solid #000000)]
            RenderBlock {DIV} at (3,3) size 140x52
              RenderText {#text} at (0,0) size 138x52
                text run at (0,0) width 74: "Lorem ipsum "
                text run at (73,0) width 29: "dolor"
                text run at (0,13) width 138: "ABCDEFGHIJKLMNOPQRST"
                text run at (0,26) width 45: "UVWXYZ"
                text run at (0,39) width 130: "abcdefghijklmnopqrstuv"
        layer at (3,587) size 161x32 clip at (4,588) size 144x30 scrollHeight 56
          RenderTextControl {TEXTAREA} at (3,31) size 161x32 [bgcolor=#FFFFFF] [border: (1px solid #000000)]
            RenderBlock {DIV} at (3,3) size 140x52
              RenderText {#text} at (0,0) size 140x52
                text run at (0,0) width 139: "Lorem ipsum  dolor ABCD"
                text run at (0,13) width 140: "EFGHIJKLMNOPQRSTUVWX"
                text run at (0,26) width 135: "YZ abcdefghijklmnopqrst"
                text run at (0,39) width 13: "uv"
        layer at (170,587) size 161x32 clip at (171,588) size 144x30 scrollHeight 56
          RenderTextControl {TEXTAREA} at (3,31) size 161x32 [bgcolor=#FFFFFF] [border: (1px solid #000000)]
            RenderBlock {DIV} at (3,3) size 140x52
              RenderText {#text} at (0,0) size 138x52
                text run at (0,0) width 105: "Lorem ipsum  dolor"
                text run at (104,0) width 5: " "
                text run at (0,13) width 138: "ABCDEFGHIJKLMNOPQRST"
                text run at (0,26) width 45: "UVWXYZ"
                text run at (44,26) width 5: " "
                text run at (0,39) width 130: "abcdefghijklmnopqrstuv"
        layer at (337,587) size 161x32 clip at (338,588) size 144x15 scrollWidth 423 scrollHeight 17
          RenderTextControl {TEXTAREA} at (3,31) size 161x32 [bgcolor=#FFFFFF] [border: (1px solid #000000)]
            RenderBlock {DIV} at (3,3) size 155x13
              RenderText {#text} at (0,0) size 421x13
                text run at (0,0) width 74: "Lorem ipsum "
                text run at (73,0) width 348: "dolor ABCDEFGHIJKLMNOPQRSTUVWXYZ abcdefghijklmnopqrstuv"
        layer at (504,587) size 161x32 clip at (505,588) size 144x30 scrollHeight 56
          RenderTextControl {TEXTAREA} at (3,31) size 161x32 [bgcolor=#FFFFFF] [border: (1px solid #000000)]
            RenderBlock {DIV} at (3,3) size 140x52
              RenderText {#text} at (0,0) size 138x52
                text run at (0,0) width 74: "Lorem ipsum "
                text run at (73,0) width 29: "dolor"
                text run at (0,13) width 138: "ABCDEFGHIJKLMNOPQRST"
                text run at (0,26) width 45: "UVWXYZ"
                text run at (0,39) width 130: "abcdefghijklmnopqrstuv"
        layer at (3,670) size 161x47 clip at (4,671) size 144x30 scrollWidth 185 scrollHeight 43
          RenderTextControl {TEXTAREA} at (3,31) size 161x47 [bgcolor=#FFFFFF] [border: (1px solid #000000)]
            RenderBlock {DIV} at (3,3) size 155x39
              RenderText {#text} at (0,0) size 183x39
                text run at (0,0) width 105: "Lorem ipsum  dolor"
                text run at (104,0) width 5: " "
                text run at (0,13) width 183: "ABCDEFGHIJKLMNOPQRSTUVWXYZ"
                text run at (0,26) width 134: " abcdefghijklmnopqrstuv"
        layer at (170,670) size 161x47 clip at (171,671) size 144x30 scrollWidth 185 scrollHeight 43
          RenderTextControl {TEXTAREA} at (3,45) size 161x47 [bgcolor=#FFFFFF] [border: (1px solid #000000)]
            RenderBlock {DIV} at (3,3) size 155x39
              RenderText {#text} at (0,0) size 183x39
                text run at (0,0) width 105: "Lorem ipsum  dolor"
                text run at (104,0) width 5: " "
                text run at (0,13) width 183: "ABCDEFGHIJKLMNOPQRSTUVWXYZ"
                text run at (0,26) width 134: " abcdefghijklmnopqrstuv"
      RenderPartObject {IFRAME} at (0,748) size 785x690
        layer at (0,0) size 785x690
          RenderView at (0,0) size 785x690
        layer at (0,0) size 785x690
          RenderBlock {HTML} at (0,0) size 785x690
            RenderBody {BODY} at (0,5) size 785x685
              RenderBlock {DIV} at (0,0) size 785x18
                RenderText {#text} at (0,0) size 193x18
                  text run at (0,0) width 193: "CompatMode: BackCompat"
              RenderBlock (anonymous) at (0,23) size 785x662
                RenderBlock {DIV} at (0,44) size 167x38 [border: (1px solid #0000FF)]
                  RenderBlock {SPAN} at (1,1) size 80x0
                  RenderBR {BR} at (81,1) size 0x0
                RenderBlock {DIV} at (167,30) size 167x52 [border: (1px solid #0000FF)]
                  RenderBlock {SPAN} at (1,1) size 80x14
                    RenderText {#text} at (0,0) size 76x14
                      text run at (0,0) width 76: "disabled: \"true\","
                  RenderBR {BR} at (81,12) size 0x0
                RenderBlock {DIV} at (334,0) size 183x82 [border: (1px solid #0000FF)]
                  RenderBlock {SPAN} at (1,1) size 80x28
                    RenderText {#text} at (0,0) size 78x28
                      text run at (0,0) width 25: "style:"
                      text run at (0,14) width 78: "\"padding:10px\","
                  RenderBR {BR} at (81,26) size 0x0
                RenderBlock {DIV} at (517,20) size 163x62 [border: (1px solid #0000FF)]
                  RenderBlock {SPAN} at (1,1) size 80x28
                    RenderText {#text} at (0,0) size 72x28
                      text run at (0,0) width 25: "style:"
                      text run at (0,14) width 72: "\"padding:0px\","
                  RenderBR {BR} at (81,26) size 0x0
                RenderBlock {DIV} at (0,116) size 183x82 [border: (1px solid #0000FF)]
                  RenderBlock {SPAN} at (1,1) size 80x28
                    RenderText {#text} at (0,0) size 73x28
                      text run at (0,0) width 25: "style:"
                      text run at (0,14) width 73: "\"margin:10px\","
                  RenderBR {BR} at (81,26) size 0x0
                RenderBlock {DIV} at (183,136) size 163x62 [border: (1px solid #0000FF)]
                  RenderBlock {SPAN} at (1,1) size 80x28
                    RenderText {#text} at (0,0) size 67x28
                      text run at (0,0) width 25: "style:"
                      text run at (0,14) width 67: "\"margin:0px\","
                  RenderBR {BR} at (81,26) size 0x0
                RenderBlock {DIV} at (346,132) size 82x66 [border: (1px solid #0000FF)]
                  RenderBlock {SPAN} at (1,1) size 80x28
                    RenderText {#text} at (0,0) size 67x28
                      text run at (0,0) width 25: "style:"
                      text run at (0,14) width 67: "\"width:60px\","
                  RenderBR {BR} at (81,26) size 0x0
                RenderBlock {DIV} at (428,82) size 82x116 [border: (1px solid #0000FF)]
                  RenderBlock {SPAN} at (1,1) size 80x42
                    RenderText {#text} at (0,0) size 73x42
                      text run at (0,0) width 25: "style:"
                      text run at (0,14) width 62: "\"width:60px;"
                      text run at (0,28) width 73: "padding:20px\","
                  RenderBR {BR} at (81,40) size 0x0
                RenderBlock {DIV} at (510,122) size 82x76 [border: (1px solid #0000FF)]
                  RenderBlock {SPAN} at (1,1) size 80x42
                    RenderText {#text} at (0,0) size 62x42
                      text run at (0,0) width 25: "style:"
                      text run at (0,14) width 62: "\"width:60px;"
                      text run at (0,28) width 55: "padding:0\","
                  RenderBR {BR} at (81,40) size 0x0
                RenderBlock {DIV} at (592,108) size 167x90 [border: (1px solid #0000FF)]
                  RenderBlock {SPAN} at (1,1) size 80x28
                    RenderText {#text} at (0,0) size 69x28
                      text run at (0,0) width 25: "style:"
                      text run at (0,14) width 69: "\"height:60px\","
                  RenderBR {BR} at (81,26) size 0x0
                RenderBlock {DIV} at (0,212) size 82x104 [border: (1px solid #0000FF)]
                  RenderBlock {SPAN} at (1,1) size 80x42
                    RenderText {#text} at (0,0) size 64x42
                      text run at (0,0) width 25: "style:"
                      text run at (0,14) width 62: "\"width:60px;"
                      text run at (0,28) width 64: "height:60px\","
                  RenderBR {BR} at (81,40) size 0x0
                RenderBlock {DIV} at (82,250) size 167x66 [border: (1px solid #0000FF)]
                  RenderBlock {SPAN} at (1,1) size 80x28
                    RenderText {#text} at (0,0) size 91x28
                      text run at (0,0) width 25: "style:"
                      text run at (0,14) width 91: "\"overflow:hidden\","
                  RenderBR {BR} at (81,26) size 0x0
                RenderBlock {DIV} at (249,235) size 167x81 [border: (1px solid #0000FF)]
                  RenderBlock {SPAN} at (1,1) size 80x28
                    RenderText {#text} at (0,0) size 85x28
                      text run at (0,0) width 25: "style:"
                      text run at (0,14) width 85: "\"overflow:scroll\","
                  RenderBR {BR} at (81,26) size 0x0
                RenderBlock {DIV} at (416,198) size 82x118 [border: (1px solid #0000FF)]
                  RenderBlock {SPAN} at (1,1) size 80x56
                    RenderText {#text} at (0,0) size 86x56
                      text run at (0,0) width 25: "style:"
                      text run at (0,14) width 86: "\"overflow:hidden;"
                      text run at (0,28) width 57: "width:60px;"
                      text run at (0,42) width 64: "height:60px\","
                  RenderBR {BR} at (81,54) size 0x0
                RenderBlock {DIV} at (498,198) size 82x118 [border: (1px solid #0000FF)]
                  RenderBlock {SPAN} at (1,1) size 80x56
                    RenderText {#text} at (0,0) size 80x56
                      text run at (0,0) width 25: "style:"
                      text run at (0,14) width 80: "\"overflow:scroll;"
                      text run at (0,28) width 57: "width:60px;"
                      text run at (0,42) width 64: "height:60px\","
                  RenderBR {BR} at (81,54) size 0x0
                RenderBlock {DIV} at (580,212) size 82x104 [border: (1px solid #0000FF)]
                  RenderBlock {SPAN} at (1,1) size 80x42
                    RenderText {#text} at (0,0) size 72x42
                      text run at (0,0) width 72: "cols: \"5\", style:"
                      text run at (0,14) width 62: "\"width:60px;"
                      text run at (0,28) width 64: "height:60px\","
                  RenderBR {BR} at (81,40) size 0x0
                RenderBlock {DIV} at (662,212) size 82x104 [border: (1px solid #0000FF)]
                  RenderBlock {SPAN} at (1,1) size 80x42
                    RenderText {#text} at (0,0) size 77x42
                      text run at (0,0) width 77: "rows: \"4\", style:"
                      text run at (0,14) width 62: "\"width:60px;"
                      text run at (0,28) width 64: "height:60px\","
                  RenderBR {BR} at (81,40) size 0x0
                RenderBlock {DIV} at (0,316) size 82x118 [border: (1px solid #0000FF)]
                  RenderBlock {SPAN} at (1,1) size 80x56
                    RenderText {#text} at (0,0) size 74x56
                      text run at (0,0) width 74: "cols: \"5\", rows:"
                      text run at (0,14) width 47: "\"4\", style:"
                      text run at (0,28) width 62: "\"width:60px;"
                      text run at (0,42) width 64: "height:60px\","
                  RenderBR {BR} at (81,54) size 0x0
                RenderBlock {DIV} at (82,382) size 82x52 [border: (1px solid #0000FF)]
                  RenderBlock {SPAN} at (1,1) size 80x14
                    RenderText {#text} at (0,0) size 44x14
                      text run at (0,0) width 44: "cols: \"3\","
                  RenderBR {BR} at (81,12) size 0x0
                RenderBlock {DIV} at (164,369) size 167x65 [border: (1px solid #0000FF)]
                  RenderBlock {SPAN} at (1,1) size 80x14
                    RenderText {#text} at (0,0) size 49x14
                      text run at (0,0) width 49: "rows: \"3\","
                  RenderBR {BR} at (81,12) size 0x0
                RenderBlock {DIV} at (331,382) size 82x52 [border: (1px solid #0000FF)]
                  RenderBlock {SPAN} at (1,1) size 80x14
                    RenderText {#text} at (0,0) size 44x14
                      text run at (0,0) width 44: "cols: \"7\","
                  RenderBR {BR} at (81,12) size 0x0
                RenderBlock {DIV} at (413,317) size 167x117 [border: (1px solid #0000FF)]
                  RenderBlock {SPAN} at (1,1) size 80x14
                    RenderText {#text} at (0,0) size 49x14
                      text run at (0,0) width 49: "rows: \"7\","
                  RenderBR {BR} at (81,12) size 0x0
                RenderBlock {DIV} at (580,342) size 82x92 [border: (1px solid #0000FF)]
                  RenderBlock {SPAN} at (1,1) size 80x28
                    RenderText {#text} at (0,0) size 74x28
                      text run at (0,0) width 74: "cols: \"5\", rows:"
                      text run at (0,14) width 19: "\"4\","
                  RenderBR {BR} at (81,26) size 0x0
                RenderBlock {DIV} at (0,434) size 167x67 [border: (1px solid #0000FF)]
                  RenderBlock {SPAN} at (1,1) size 80x14
                    RenderText {#text} at (0,0) size 57x14
                      text run at (0,0) width 57: "wrap: \"off\","
                  RenderBR {BR} at (81,12) size 0x0
                RenderBlock {DIV} at (167,449) size 167x52 [border: (1px solid #0000FF)]
                  RenderBlock {SPAN} at (1,1) size 80x14
                    RenderText {#text} at (0,0) size 64x14
                      text run at (0,0) width 64: "wrap: \"hard\","
                  RenderBR {BR} at (81,12) size 0x0
                RenderBlock {DIV} at (334,449) size 167x52 [border: (1px solid #0000FF)]
                  RenderBlock {SPAN} at (1,1) size 80x14
                    RenderText {#text} at (0,0) size 61x14
                      text run at (0,0) width 61: "wrap: \"soft\","
                  RenderBR {BR} at (81,12) size 0x0
                RenderBlock {DIV} at (501,435) size 167x66 [border: (1px solid #0000FF)]
                  RenderBlock {SPAN} at (1,1) size 80x28
                    RenderText {#text} at (0,0) size 70x28
                      text run at (0,0) width 63: "style: \"white-"
                      text run at (0,14) width 70: "space:normal\","
                  RenderBR {BR} at (81,26) size 0x0
                RenderBlock {DIV} at (0,501) size 167x66 [border: (1px solid #0000FF)]
                  RenderBlock {SPAN} at (1,1) size 80x28
                    RenderText {#text} at (0,0) size 63x28
                      text run at (0,0) width 63: "style: \"white-"
                      text run at (0,14) width 52: "space:pre\","
                  RenderBR {BR} at (81,26) size 0x0
                RenderBlock {DIV} at (167,501) size 167x66 [border: (1px solid #0000FF)]
                  RenderBlock {SPAN} at (1,1) size 80x28
                    RenderText {#text} at (0,0) size 76x28
                      text run at (0,0) width 63: "style: \"white-"
                      text run at (0,14) width 76: "space:prewrap\","
                  RenderBR {BR} at (81,26) size 0x0
                RenderBlock {DIV} at (334,501) size 167x66 [border: (1px solid #0000FF)]
                  RenderBlock {SPAN} at (1,1) size 80x28
                    RenderText {#text} at (0,0) size 73x28
                      text run at (0,0) width 63: "style: \"white-"
                      text run at (0,14) width 73: "space:nowrap\","
                  RenderBR {BR} at (81,26) size 0x0
                RenderBlock {DIV} at (501,501) size 167x66 [border: (1px solid #0000FF)]
                  RenderBlock {SPAN} at (1,1) size 80x28
                    RenderText {#text} at (0,0) size 73x28
                      text run at (0,0) width 63: "style: \"white-"
                      text run at (0,14) width 73: "space:pre-line\","
                  RenderBR {BR} at (81,26) size 0x0
                RenderBlock {DIV} at (0,581) size 167x81 [border: (1px solid #0000FF)]
                  RenderBlock {SPAN} at (1,1) size 80x28
                    RenderText {#text} at (0,0) size 68x28
                      text run at (0,0) width 62: "style: \"word-"
                      text run at (0,14) width 68: "wrap:normal\","
                  RenderBR {BR} at (81,26) size 0x0
                RenderBlock {DIV} at (167,567) size 167x95 [border: (1px solid #0000FF)]
                  RenderBlock {SPAN} at (1,1) size 80x42
                    RenderText {#text} at (0,0) size 80x42
                      text run at (0,0) width 57: "wrap: \"off\","
                      text run at (0,14) width 63: "style: \"white-"
                      text run at (0,28) width 80: "space:pre-wrap\","
                  RenderBR {BR} at (81,40) size 0x0
        layer at (3,75) size 161x32 clip at (4,76) size 159x30
          RenderTextControl {TEXTAREA} at (3,3) size 161x32 [bgcolor=#FFFFFF] [border: (1px solid #000000)]
            RenderBlock {DIV} at (3,3) size 155x13
              RenderText {#text} at (0,0) size 102x13
                text run at (0,0) width 102: "Lorem ipsum dolor"
        layer at (170,75) size 161x32 clip at (171,76) size 144x30 scrollHeight 56
          RenderTextControl {TEXTAREA} at (3,17) size 161x32 [color=#545454] [bgcolor=#FFFFFF] [border: (1px solid #545454)]
            RenderBlock {DIV} at (3,3) size 140x52
              RenderText {#text} at (0,0) size 138x52
                text run at (0,0) width 105: "Lorem ipsum  dolor"
                text run at (104,0) width 5: " "
                text run at (0,13) width 138: "ABCDEFGHIJKLMNOPQRST"
                text run at (0,26) width 45: "UVWXYZ"
                text run at (44,26) width 5: " "
                text run at (0,39) width 130: "abcdefghijklmnopqrstuv"
        layer at (337,59) size 177x48 clip at (338,60) size 160x46 scrollHeight 72
          RenderTextControl {TEXTAREA} at (3,31) size 177x48 [bgcolor=#FFFFFF] [border: (1px solid #000000)]
            RenderBlock {DIV} at (11,11) size 140x52
              RenderText {#text} at (0,0) size 138x52
                text run at (0,0) width 105: "Lorem ipsum  dolor"
                text run at (104,0) width 5: " "
                text run at (0,13) width 138: "ABCDEFGHIJKLMNOPQRST"
                text run at (0,26) width 45: "UVWXYZ"
                text run at (44,26) width 5: " "
                text run at (0,39) width 130: "abcdefghijklmnopqrstuv"
        layer at (520,79) size 157x28 clip at (521,80) size 140x26 scrollHeight 52
          RenderTextControl {TEXTAREA} at (3,31) size 157x28 [bgcolor=#FFFFFF] [border: (1px solid #000000)]
            RenderBlock {DIV} at (1,1) size 140x52
              RenderText {#text} at (0,0) size 138x52
                text run at (0,0) width 105: "Lorem ipsum  dolor"
                text run at (104,0) width 5: " "
                text run at (0,13) width 138: "ABCDEFGHIJKLMNOPQRST"
                text run at (0,26) width 45: "UVWXYZ"
                text run at (44,26) width 5: " "
                text run at (0,39) width 130: "abcdefghijklmnopqrstuv"
        layer at (11,183) size 161x32 clip at (12,184) size 144x30 scrollHeight 56
          RenderTextControl {TEXTAREA} at (11,39) size 161x32 [bgcolor=#FFFFFF] [border: (1px solid #000000)]
            RenderBlock {DIV} at (3,3) size 140x52
              RenderText {#text} at (0,0) size 138x52
                text run at (0,0) width 105: "Lorem ipsum  dolor"
                text run at (104,0) width 5: " "
                text run at (0,13) width 138: "ABCDEFGHIJKLMNOPQRST"
                text run at (0,26) width 45: "UVWXYZ"
                text run at (44,26) width 5: " "
                text run at (0,39) width 130: "abcdefghijklmnopqrstuv"
        layer at (184,193) size 161x32 clip at (185,194) size 144x30 scrollHeight 56
          RenderTextControl {TEXTAREA} at (1,29) size 161x32 [bgcolor=#FFFFFF] [border: (1px solid #000000)]
            RenderBlock {DIV} at (3,3) size 140x52
              RenderText {#text} at (0,0) size 138x52
                text run at (0,0) width 105: "Lorem ipsum  dolor"
                text run at (104,0) width 5: " "
                text run at (0,13) width 138: "ABCDEFGHIJKLMNOPQRST"
                text run at (0,26) width 45: "UVWXYZ"
                text run at (44,26) width 5: " "
                text run at (0,39) width 130: "abcdefghijklmnopqrstuv"
        layer at (347,191) size 60x32 clip at (348,192) size 43x30 scrollHeight 160
          RenderTextControl {TEXTAREA} at (1,31) size 60x32 [bgcolor=#FFFFFF] [border: (1px solid #000000)]
            RenderBlock {DIV} at (3,3) size 39x156
              RenderText {#text} at (0,0) size 39x156
                text run at (0,0) width 34: "Lorem"
                text run at (33,0) width 5: " "
                text run at (0,13) width 33: "ipsum"
                text run at (32,13) width 7: "  "
                text run at (0,26) width 29: "dolor"
                text run at (28,26) width 4: " "
                text run at (0,39) width 36: "ABCDE"
                text run at (0,52) width 36: "FGHIJK"
                text run at (0,65) width 39: "LMNOP"
                text run at (0,78) width 37: "QRSTU"
                text run at (0,91) width 37: "VWXYZ"
                text run at (36,91) width 3: " "
                text run at (0,104) width 36: "abcdef"
                text run at (0,117) width 30: "ghijkl"
                text run at (0,130) width 38: "mnopq"
                text run at (0,143) width 27: "rstuv"
        layer at (429,155) size 60x68 clip at (430,156) size 43x66 scrollHeight 924
          RenderTextControl {TEXTAREA} at (1,45) size 60x68 [bgcolor=#FFFFFF] [border: (1px solid #000000)]
            RenderBlock {DIV} at (21,21) size 3x884
              RenderText {#text} at (0,0) size 11x884
                text run at (0,0) width 6: "L"
                text run at (0,13) width 7: "o"
                text run at (0,26) width 5: "r"
                text run at (0,39) width 7: "e"
                text run at (0,52) width 11: "m"
                text run at (0,65) width 3: " "
                text run at (0,78) width 4: "i"
                text run at (0,91) width 7: "p"
                text run at (0,104) width 6: "s"
                text run at (0,117) width 7: "u"
                text run at (0,130) width 11: "m"
                text run at (0,143) width 3: " "
                text run at (0,156) width 3: " "
                text run at (0,169) width 7: "d"
                text run at (0,182) width 7: "o"
                text run at (0,195) width 4: "l"
                text run at (0,208) width 7: "o"
                text run at (0,221) width 5: "r"
                text run at (0,234) width 3: " "
                text run at (0,247) width 8: "A"
                text run at (0,260) width 7: "B"
                text run at (0,273) width 8: "C"
                text run at (0,286) width 9: "D"
                text run at (0,299) width 6: "E"
                text run at (0,312) width 6: "F"
                text run at (0,325) width 8: "G"
                text run at (0,338) width 9: "H"
                text run at (0,351) width 4: "I"
                text run at (0,364) width 4: "J"
                text run at (0,377) width 8: "K"
                text run at (0,390) width 6: "L"
                text run at (0,403) width 10: "M"
                text run at (0,416) width 9: "N"
                text run at (0,429) width 9: "O"
                text run at (0,442) width 7: "P"
                text run at (0,455) width 9: "Q"
                text run at (0,468) width 7: "R"
                text run at (0,481) width 6: "S"
                text run at (0,494) width 7: "T"
                text run at (0,507) width 8: "U"
                text run at (0,520) width 8: "V"
                text run at (0,533) width 10: "W"
                text run at (0,546) width 7: "X"
                text run at (0,559) width 7: "Y"
                text run at (0,572) width 7: "Z"
                text run at (0,585) width 3: " "
                text run at (0,598) width 7: "a"
                text run at (0,611) width 7: "b"
                text run at (0,624) width 6: "c"
                text run at (0,637) width 7: "d"
                text run at (0,650) width 7: "e"
                text run at (0,663) width 5: "f"
                text run at (0,676) width 7: "g"
                text run at (0,689) width 7: "h"
                text run at (0,702) width 4: "i"
                text run at (0,715) width 4: "j"
                text run at (0,728) width 7: "k"
                text run at (0,741) width 4: "l"
                text run at (0,754) width 11: "m"
                text run at (0,767) width 7: "n"
                text run at (0,780) width 7: "o"
                text run at (0,793) width 7: "p"
                text run at (0,806) width 7: "q"
                text run at (0,819) width 5: "r"
                text run at (0,832) width 6: "s"
                text run at (0,845) width 5: "t"
                text run at (0,858) width 7: "u"
                text run at (0,871) width 6: "v"
        layer at (511,195) size 60x28 clip at (512,196) size 43x26 scrollHeight 156
          RenderTextControl {TEXTAREA} at (1,45) size 60x28 [bgcolor=#FFFFFF] [border: (1px solid #000000)]
            RenderBlock {DIV} at (1,1) size 43x156
              RenderText {#text} at (0,0) size 43x156
                text run at (0,0) width 34: "Lorem"
                text run at (33,0) width 5: " "
                text run at (0,13) width 33: "ipsum"
                text run at (32,13) width 8: "  "
                text run at (0,26) width 29: "dolor"
                text run at (28,26) width 4: " "
                text run at (0,39) width 42: "ABCDEF"
                text run at (0,52) width 36: "GHIJKL"
                text run at (0,65) width 41: "MNOPQ"
                text run at (0,78) width 35: "RSTUV"
                text run at (0,91) width 30: "WXYZ"
                text run at (29,91) width 5: " "
                text run at (0,104) width 43: "abcdefg"
                text run at (0,117) width 41: "hijklmn"
                text run at (0,130) width 42: "opqrstu"
                text run at (0,143) width 6: "v"
        layer at (595,165) size 161x60 clip at (596,166) size 159x58
          RenderTextControl {TEXTAREA} at (3,29) size 161x60 [bgcolor=#FFFFFF] [border: (1px solid #000000)]
            RenderBlock {DIV} at (3,3) size 155x52
              RenderText {#text} at (0,0) size 153x52
                text run at (0,0) width 105: "Lorem ipsum  dolor"
                text run at (104,0) width 5: " "
                text run at (0,13) width 153: "ABCDEFGHIJKLMNOPQRSTUV"
                text run at (0,26) width 30: "WXYZ"
                text run at (29,26) width 5: " "
                text run at (0,39) width 130: "abcdefghijklmnopqrstuv"
        layer at (1,283) size 60x60 clip at (2,284) size 43x58 scrollHeight 160
          RenderTextControl {TEXTAREA} at (1,43) size 60x60 [bgcolor=#FFFFFF] [border: (1px solid #000000)]
            RenderBlock {DIV} at (3,3) size 39x156
              RenderText {#text} at (0,0) size 39x156
                text run at (0,0) width 34: "Lorem"
                text run at (33,0) width 5: " "
                text run at (0,13) width 33: "ipsum"
                text run at (32,13) width 7: "  "
                text run at (0,26) width 29: "dolor"
                text run at (28,26) width 4: " "
                text run at (0,39) width 36: "ABCDE"
                text run at (0,52) width 36: "FGHIJK"
                text run at (0,65) width 39: "LMNOP"
                text run at (0,78) width 37: "QRSTU"
                text run at (0,91) width 37: "VWXYZ"
                text run at (36,91) width 3: " "
                text run at (0,104) width 36: "abcdef"
                text run at (0,117) width 30: "ghijkl"
                text run at (0,130) width 38: "mnopq"
                text run at (0,143) width 27: "rstuv"
        layer at (85,309) size 161x32 clip at (86,310) size 159x30 scrollHeight 56
          RenderTextControl {TEXTAREA} at (3,31) size 161x32 [bgcolor=#FFFFFF] [border: (1px solid #000000)]
            RenderBlock {DIV} at (3,3) size 155x52
              RenderText {#text} at (0,0) size 153x52
                text run at (0,0) width 105: "Lorem ipsum  dolor"
                text run at (104,0) width 5: " "
                text run at (0,13) width 153: "ABCDEFGHIJKLMNOPQRSTUV"
                text run at (0,26) width 30: "WXYZ"
                text run at (29,26) width 5: " "
                text run at (0,39) width 130: "abcdefghijklmnopqrstuv"
        layer at (252,294) size 161x47 clip at (253,295) size 144x30 scrollHeight 56
          RenderTextControl {TEXTAREA} at (3,31) size 161x47 [bgcolor=#FFFFFF] [border: (1px solid #000000)]
            RenderBlock {DIV} at (3,3) size 140x52
              RenderText {#text} at (0,0) size 138x52
                text run at (0,0) width 105: "Lorem ipsum  dolor"
                text run at (104,0) width 5: " "
                text run at (0,13) width 138: "ABCDEFGHIJKLMNOPQRST"
                text run at (0,26) width 45: "UVWXYZ"
                text run at (44,26) width 5: " "
                text run at (0,39) width 130: "abcdefghijklmnopqrstuv"
        layer at (417,283) size 60x60 clip at (418,284) size 58x58 scrollHeight 134
          RenderTextControl {TEXTAREA} at (1,57) size 60x60 [bgcolor=#FFFFFF] [border: (1px solid #000000)]
            RenderBlock {DIV} at (3,3) size 54x130
              RenderText {#text} at (0,0) size 54x130
                text run at (0,0) width 34: "Lorem"
                text run at (33,0) width 5: " "
                text run at (0,13) width 33: "ipsum"
                text run at (32,13) width 8: "  "
                text run at (0,26) width 29: "dolor"
                text run at (28,26) width 4: " "
                text run at (0,39) width 50: "ABCDEFG"
                text run at (0,52) width 54: "HIJKLMNO"
                text run at (0,65) width 50: "PQRSTUV"
                text run at (0,78) width 30: "WXYZ"
                text run at (29,78) width 5: " "
                text run at (0,91) width 53: "abcdefghi"
                text run at (0,104) width 51: "jklmnopq"
                text run at (0,117) width 27: "rstuv"
        layer at (499,283) size 60x60 clip at (500,284) size 43x43 scrollHeight 160
          RenderTextControl {TEXTAREA} at (1,57) size 60x60 [bgcolor=#FFFFFF] [border: (1px solid #000000)]
            RenderBlock {DIV} at (3,3) size 39x156
              RenderText {#text} at (0,0) size 39x156
                text run at (0,0) width 34: "Lorem"
                text run at (33,0) width 5: " "
                text run at (0,13) width 33: "ipsum"
                text run at (32,13) width 7: "  "
                text run at (0,26) width 29: "dolor"
                text run at (28,26) width 4: " "
                text run at (0,39) width 36: "ABCDE"
                text run at (0,52) width 36: "FGHIJK"
                text run at (0,65) width 39: "LMNOP"
                text run at (0,78) width 37: "QRSTU"
                text run at (0,91) width 37: "VWXYZ"
                text run at (36,91) width 3: " "
                text run at (0,104) width 36: "abcdef"
                text run at (0,117) width 30: "ghijkl"
                text run at (0,130) width 38: "mnopq"
                text run at (0,143) width 27: "rstuv"
        layer at (581,283) size 60x60 clip at (582,284) size 43x58 scrollHeight 160
          RenderTextControl {TEXTAREA} at (1,43) size 60x60 [bgcolor=#FFFFFF] [border: (1px solid #000000)]
            RenderBlock {DIV} at (3,3) size 39x156
              RenderText {#text} at (0,0) size 39x156
                text run at (0,0) width 34: "Lorem"
                text run at (33,0) width 5: " "
                text run at (0,13) width 33: "ipsum"
                text run at (32,13) width 7: "  "
                text run at (0,26) width 29: "dolor"
                text run at (28,26) width 4: " "
                text run at (0,39) width 36: "ABCDE"
                text run at (0,52) width 36: "FGHIJK"
                text run at (0,65) width 39: "LMNOP"
                text run at (0,78) width 37: "QRSTU"
                text run at (0,91) width 37: "VWXYZ"
                text run at (36,91) width 3: " "
                text run at (0,104) width 36: "abcdef"
                text run at (0,117) width 30: "ghijkl"
                text run at (0,130) width 38: "mnopq"
                text run at (0,143) width 27: "rstuv"
        layer at (663,283) size 60x60 clip at (664,284) size 43x58 scrollHeight 160
          RenderTextControl {TEXTAREA} at (1,43) size 60x60 [bgcolor=#FFFFFF] [border: (1px solid #000000)]
            RenderBlock {DIV} at (3,3) size 39x156
              RenderText {#text} at (0,0) size 39x156
                text run at (0,0) width 34: "Lorem"
                text run at (33,0) width 5: " "
                text run at (0,13) width 33: "ipsum"
                text run at (32,13) width 7: "  "
                text run at (0,26) width 29: "dolor"
                text run at (28,26) width 4: " "
                text run at (0,39) width 36: "ABCDE"
                text run at (0,52) width 36: "FGHIJK"
                text run at (0,65) width 39: "LMNOP"
                text run at (0,78) width 37: "QRSTU"
                text run at (0,91) width 37: "VWXYZ"
                text run at (36,91) width 3: " "
                text run at (0,104) width 36: "abcdef"
                text run at (0,117) width 30: "ghijkl"
                text run at (0,130) width 38: "mnopq"
                text run at (0,143) width 27: "rstuv"
        layer at (1,401) size 60x60 clip at (2,402) size 43x58 scrollHeight 160
          RenderTextControl {TEXTAREA} at (1,57) size 60x60 [bgcolor=#FFFFFF] [border: (1px solid #000000)]
            RenderBlock {DIV} at (3,3) size 39x156
              RenderText {#text} at (0,0) size 39x156
                text run at (0,0) width 34: "Lorem"
                text run at (33,0) width 5: " "
                text run at (0,13) width 33: "ipsum"
                text run at (32,13) width 7: "  "
                text run at (0,26) width 29: "dolor"
                text run at (28,26) width 4: " "
                text run at (0,39) width 36: "ABCDE"
                text run at (0,52) width 36: "FGHIJK"
                text run at (0,65) width 39: "LMNOP"
                text run at (0,78) width 37: "QRSTU"
                text run at (0,91) width 37: "VWXYZ"
                text run at (36,91) width 3: " "
                text run at (0,104) width 36: "abcdef"
                text run at (0,117) width 30: "ghijkl"
                text run at (0,130) width 38: "mnopq"
                text run at (0,143) width 27: "rstuv"
        layer at (85,427) size 42x32 clip at (86,428) size 25x30 scrollHeight 316
          RenderTextControl {TEXTAREA} at (3,17) size 42x32 [bgcolor=#FFFFFF] [border: (1px solid #000000)]
            RenderBlock {DIV} at (3,3) size 21x312
              RenderText {#text} at (0,0) size 21x312
                text run at (0,0) width 18: "Lor"
                text run at (0,13) width 17: "em"
                text run at (16,13) width 4: " "
                text run at (0,26) width 16: "ips"
                text run at (0,39) width 18: "um"
                text run at (17,39) width 4: "  "
                text run at (0,52) width 17: "dol"
                text run at (0,65) width 12: "or"
                text run at (11,65) width 4: " "
                text run at (0,78) width 14: "AB"
                text run at (0,91) width 16: "CD"
                text run at (0,104) width 20: "EFG"
                text run at (0,117) width 15: "HIJ"
                text run at (0,130) width 14: "KL"
                text run at (0,143) width 18: "MN"
                text run at (0,156) width 15: "OP"
                text run at (0,169) width 16: "QR"
                text run at (0,182) width 21: "STU"
                text run at (0,195) width 17: "VW"
                text run at (0,208) width 21: "XYZ"
                text run at (20,208) width 1: " "
                text run at (0,221) width 19: "abc"
                text run at (0,234) width 18: "def"
                text run at (0,247) width 21: "ghij"
                text run at (0,260) width 20: "klm"
                text run at (0,273) width 21: "nop"
                text run at (0,286) width 18: "qrs"
                text run at (0,299) width 17: "tuv"
        layer at (167,414) size 161x45 clip at (168,415) size 144x43 scrollHeight 56
          RenderTextControl {TEXTAREA} at (3,17) size 161x45 [bgcolor=#FFFFFF] [border: (1px solid #000000)]
            RenderBlock {DIV} at (3,3) size 140x52
              RenderText {#text} at (0,0) size 138x52
                text run at (0,0) width 105: "Lorem ipsum  dolor"
                text run at (104,0) width 5: " "
                text run at (0,13) width 138: "ABCDEFGHIJKLMNOPQRST"
                text run at (0,26) width 45: "UVWXYZ"
                text run at (44,26) width 5: " "
                text run at (0,39) width 130: "abcdefghijklmnopqrstuv"
        layer at (334,427) size 70x32 clip at (335,428) size 53x30 scrollHeight 147
          RenderTextControl {TEXTAREA} at (3,17) size 70x32 [bgcolor=#FFFFFF] [border: (1px solid #000000)]
            RenderBlock {DIV} at (3,3) size 49x143
              RenderText {#text} at (0,0) size 47x143
                text run at (0,0) width 34: "Lorem"
                text run at (33,0) width 5: " "
                text run at (0,13) width 33: "ipsum"
                text run at (32,13) width 8: "  "
                text run at (0,26) width 29: "dolor"
                text run at (28,26) width 4: " "
                text run at (0,39) width 42: "ABCDEF"
                text run at (0,52) width 46: "GHIJKLM"
                text run at (0,65) width 45: "NOPQRS"
                text run at (0,78) width 45: "TUVWXY"
                text run at (0,91) width 7: "Z"
                text run at (6,91) width 5: " "
                text run at (0,104) width 43: "abcdefg"
                text run at (0,117) width 47: "hijklmno"
                text run at (0,130) width 41: "pqrstuv"
        layer at (416,362) size 161x97 clip at (417,363) size 159x95
          RenderTextControl {TEXTAREA} at (3,17) size 161x97 [bgcolor=#FFFFFF] [border: (1px solid #000000)]
            RenderBlock {DIV} at (3,3) size 155x52
              RenderText {#text} at (0,0) size 153x52
                text run at (0,0) width 105: "Lorem ipsum  dolor"
                text run at (104,0) width 5: " "
                text run at (0,13) width 153: "ABCDEFGHIJKLMNOPQRSTUV"
                text run at (0,26) width 30: "WXYZ"
                text run at (29,26) width 5: " "
                text run at (0,39) width 130: "abcdefghijklmnopqrstuv"
        layer at (583,401) size 56x58 clip at (584,402) size 39x56 scrollHeight 186
          RenderTextControl {TEXTAREA} at (3,31) size 56x58 [bgcolor=#FFFFFF] [border: (1px solid #000000)]
            RenderBlock {DIV} at (3,3) size 35x182
              RenderText {#text} at (0,0) size 35x182
                text run at (0,0) width 34: "Lorem"
                text run at (33,0) width 2: " "
                text run at (0,13) width 33: "ipsum"
                text run at (0,26) width 7: "  "
                text run at (0,39) width 29: "dolor"
                text run at (28,39) width 4: " "
                text run at (0,52) width 30: "ABCD"
                text run at (0,65) width 35: "EFGHIJ"
                text run at (0,78) width 31: "KLMN"
                text run at (0,91) width 31: "OPQR"
                text run at (0,104) width 28: "STUV"
                text run at (0,117) width 30: "WXYZ"
                text run at (29,117) width 5: " "
                text run at (0,130) width 32: "abcde"
                text run at (0,143) width 34: "fghijkl"
                text run at (0,156) width 31: "mnop"
                text run at (0,169) width 34: "qrstuv"
        layer at (3,479) size 161x47 clip at (4,480) size 159x30 scrollWidth 426
          RenderTextControl {TEXTAREA} at (3,17) size 161x47 [bgcolor=#FFFFFF] [border: (1px solid #000000)]
            RenderBlock {DIV} at (3,3) size 155x13
              RenderText {#text} at (0,0) size 425x13
                text run at (0,0) width 425: "Lorem ipsum  dolor ABCDEFGHIJKLMNOPQRSTUVWXYZ abcdefghijklmnopqrstuv"
        layer at (170,494) size 161x32 clip at (171,495) size 144x30 scrollHeight 56
          RenderTextControl {TEXTAREA} at (3,17) size 161x32 [bgcolor=#FFFFFF] [border: (1px solid #000000)]
            RenderBlock {DIV} at (3,3) size 140x52
              RenderText {#text} at (0,0) size 138x52
                text run at (0,0) width 105: "Lorem ipsum  dolor"
                text run at (104,0) width 5: " "
                text run at (0,13) width 138: "ABCDEFGHIJKLMNOPQRST"
                text run at (0,26) width 45: "UVWXYZ"
                text run at (44,26) width 5: " "
                text run at (0,39) width 130: "abcdefghijklmnopqrstuv"
        layer at (337,494) size 161x32 clip at (338,495) size 144x30 scrollHeight 56
          RenderTextControl {TEXTAREA} at (3,17) size 161x32 [bgcolor=#FFFFFF] [border: (1px solid #000000)]
            RenderBlock {DIV} at (3,3) size 140x52
              RenderText {#text} at (0,0) size 138x52
                text run at (0,0) width 105: "Lorem ipsum  dolor"
                text run at (104,0) width 5: " "
                text run at (0,13) width 138: "ABCDEFGHIJKLMNOPQRST"
                text run at (0,26) width 45: "UVWXYZ"
                text run at (44,26) width 5: " "
                text run at (0,39) width 130: "abcdefghijklmnopqrstuv"
        layer at (504,494) size 161x32 clip at (505,495) size 144x30 scrollHeight 56
          RenderTextControl {TEXTAREA} at (3,31) size 161x32 [bgcolor=#FFFFFF] [border: (1px solid #000000)]
            RenderBlock {DIV} at (3,3) size 140x52
              RenderText {#text} at (0,0) size 138x52
                text run at (0,0) width 74: "Lorem ipsum "
                text run at (73,0) width 29: "dolor"
                text run at (0,13) width 138: "ABCDEFGHIJKLMNOPQRST"
                text run at (0,26) width 45: "UVWXYZ"
                text run at (0,39) width 130: "abcdefghijklmnopqrstuv"
        layer at (3,560) size 161x32 clip at (4,561) size 144x30 scrollHeight 56
          RenderTextControl {TEXTAREA} at (3,31) size 161x32 [bgcolor=#FFFFFF] [border: (1px solid #000000)]
            RenderBlock {DIV} at (3,3) size 140x52
              RenderText {#text} at (0,0) size 140x52
                text run at (0,0) width 139: "Lorem ipsum  dolor ABCD"
                text run at (0,13) width 140: "EFGHIJKLMNOPQRSTUVWX"
                text run at (0,26) width 135: "YZ abcdefghijklmnopqrst"
                text run at (0,39) width 13: "uv"
        layer at (170,560) size 161x32 clip at (171,561) size 144x30 scrollHeight 56
          RenderTextControl {TEXTAREA} at (3,31) size 161x32 [bgcolor=#FFFFFF] [border: (1px solid #000000)]
            RenderBlock {DIV} at (3,3) size 140x52
              RenderText {#text} at (0,0) size 138x52
                text run at (0,0) width 105: "Lorem ipsum  dolor"
                text run at (104,0) width 5: " "
                text run at (0,13) width 138: "ABCDEFGHIJKLMNOPQRST"
                text run at (0,26) width 45: "UVWXYZ"
                text run at (44,26) width 5: " "
                text run at (0,39) width 130: "abcdefghijklmnopqrstuv"
        layer at (337,560) size 161x32 clip at (338,561) size 144x15 scrollWidth 423 scrollHeight 17
          RenderTextControl {TEXTAREA} at (3,31) size 161x32 [bgcolor=#FFFFFF] [border: (1px solid #000000)]
            RenderBlock {DIV} at (3,3) size 155x13
              RenderText {#text} at (0,0) size 421x13
                text run at (0,0) width 74: "Lorem ipsum "
                text run at (73,0) width 348: "dolor ABCDEFGHIJKLMNOPQRSTUVWXYZ abcdefghijklmnopqrstuv"
        layer at (504,560) size 161x32 clip at (505,561) size 144x30 scrollHeight 56
          RenderTextControl {TEXTAREA} at (3,31) size 161x32 [bgcolor=#FFFFFF] [border: (1px solid #000000)]
            RenderBlock {DIV} at (3,3) size 140x52
              RenderText {#text} at (0,0) size 138x52
                text run at (0,0) width 74: "Lorem ipsum "
                text run at (73,0) width 29: "dolor"
                text run at (0,13) width 138: "ABCDEFGHIJKLMNOPQRST"
                text run at (0,26) width 45: "UVWXYZ"
                text run at (0,39) width 130: "abcdefghijklmnopqrstuv"
        layer at (3,640) size 161x47 clip at (4,641) size 144x30 scrollWidth 185 scrollHeight 43
          RenderTextControl {TEXTAREA} at (3,31) size 161x47 [bgcolor=#FFFFFF] [border: (1px solid #000000)]
            RenderBlock {DIV} at (3,3) size 155x39
              RenderText {#text} at (0,0) size 183x39
                text run at (0,0) width 105: "Lorem ipsum  dolor"
                text run at (104,0) width 5: " "
                text run at (0,13) width 183: "ABCDEFGHIJKLMNOPQRSTUVWXYZ"
                text run at (0,26) width 134: " abcdefghijklmnopqrstuv"
        layer at (170,640) size 161x47 clip at (171,641) size 144x30 scrollWidth 185 scrollHeight 43
          RenderTextControl {TEXTAREA} at (3,45) size 161x47 [bgcolor=#FFFFFF] [border: (1px solid #000000)]
            RenderBlock {DIV} at (3,3) size 155x39
              RenderText {#text} at (0,0) size 183x39
                text run at (0,0) width 105: "Lorem ipsum  dolor"
                text run at (104,0) width 5: " "
                text run at (0,13) width 183: "ABCDEFGHIJKLMNOPQRSTUVWXYZ"
                text run at (0,26) width 134: " abcdefghijklmnopqrstuv"
      RenderText {#text} at (0,0) size 0x0
