layer at (0,0) size 800x600
  RenderView at (0,0) size 800x600
layer at (0,0) size 800x600
  RenderBlock {HTML} at (0,0) size 800x600
    RenderBody {BODY} at (8,8) size 784x584
      RenderBlock {P} at (0,0) size 784x18
        RenderText {#text} at (0,0) size 393x18
          text run at (0,0) width 393: "Tests that box shadow is not applied to Aqua-themed controls."
      RenderBlock {P} at (0,34) size 784x18
        RenderText {#text} at (0,0) size 257x18
          text run at (0,0) width 257: "You should not see any red on this page."
      RenderBlock {DIV} at (0,68) size 784x23
        RenderTextControl {INPUT} at (2,2) size 123x19 [bgcolor=#FFFFFF] [border: (2px inset #000000)]
          RenderDeprecatedFlexibleBox {DIV} at (3,3) size 117x13
            RenderBlock {DIV} at (0,1) size 8x11
            RenderBlock {DIV} at (8,0) size 96x13
            RenderBlock {DIV} at (104,1) size 13x11
        RenderText {#text} at (0,0) size 0x0
      RenderBlock {DIV} at (0,91) size 784x23
        RenderTextControl {INPUT} at (2,2) size 123x19 [bgcolor=#FFFFFF] [border: (2px inset #000000)]
          RenderDeprecatedFlexibleBox {DIV} at (3,3) size 117x13
            RenderBlock {DIV} at (0,1) size 17x11
            RenderBlock {DIV} at (17,0) size 87x13
            RenderBlock {DIV} at (104,1) size 13x11
        RenderText {#text} at (0,0) size 0x0
      RenderBlock {DIV} at (0,114) size 784x23
        RenderTextControl {INPUT} at (2,2) size 123x19 [bgcolor=#FFFFFF] [border: (2px inset #000000)]
          RenderDeprecatedFlexibleBox {DIV} at (3,3) size 117x13
            RenderBlock {DIV} at (0,1) size 22x11
            RenderBlock {DIV} at (22,0) size 82x13
            RenderBlock {DIV} at (104,1) size 13x11
        RenderText {#text} at (0,0) size 0x0
      RenderBlock (anonymous) at (0,137) size 784x32
        RenderBlock {INPUT} at (2,12) size 13x13
        RenderText {#text} at (17,9) size 5x18
          text run at (17,9) width 5: " "
        RenderBlock {INPUT} at (24,13) size 13x12
        RenderText {#text} at (39,9) size 5x18
          text run at (39,9) width 5: " "
        RenderSlider {INPUT} at (45,8) size 130x15 [color=#909090] [bgcolor=#FFFFFF]
          RenderDeprecatedFlexibleBox {DIV} at (0,0) size 129x15
            RenderBlock {DIV} at (0,0) size 114x15
            RenderBlock {DIV} at (114,0) size 15x15
        RenderText {#text} at (176,9) size 5x18
          text run at (176,9) width 5: " "
        RenderFileUploadControl {INPUT} at (182,10) size 238x18 "No file chosen"
          RenderButton {INPUT} at (0,-1) size 78x19 [bgcolor=#C0C0C0]
            RenderBlock (anonymous) at (8,2) size 62x14
              RenderText at (0,0) size 62x13
                text run at (0,0) width 62: "Choose File"
        RenderText {#text} at (421,9) size 5x18
          text run at (421,9) width 5: " "
        RenderButton {INPUT} at (427,7) size 58x22 [bgcolor=#C0C0C0]
          RenderBlock (anonymous) at (8,2) size 42x17
            RenderText at (0,0) size 42x16
              text run at (0,0) width 42: "Button"
        RenderText {#text} at (486,9) size 5x18
          text run at (486,9) width 5: " "
        RenderButton {INPUT} at (492,9) size 52x19 [bgcolor=#C0C0C0]
          RenderBlock (anonymous) at (8,2) size 35x14
            RenderText at (0,0) size 35x13
              text run at (0,0) width 35: "Button"
        RenderText {#text} at (545,9) size 5x18
          text run at (545,9) width 5: " "
        RenderButton {INPUT} at (549,12) size 46x15 [bgcolor=#C0C0C0]
          RenderBlock (anonymous) at (8,2) size 29x11
            RenderText at (0,0) size 29x11
              text run at (0,0) width 29: "Button"
        RenderText {#text} at (594,9) size 5x18
          text run at (594,9) width 5: " "
        RenderButton {BUTTON} at (600,2) size 81x28 [bgcolor=#C0C0C0] [border: (2px outset #C0C0C0) none (2px outset #C0C0C0)]
          RenderBlock (anonymous) at (8,2) size 64x23
            RenderText {#text} at (0,0) size 64x23
              text run at (0,0) width 64: "Button"
        RenderText {#text} at (0,0) size 0x0
layer at (21,81) size 96x13
  RenderBlock {DIV} at (0,0) size 96x13
    RenderText {#text} at (0,0) size 36x13
      text run at (0,0) width 36: "Search"
layer at (30,104) size 87x13
  RenderBlock {DIV} at (0,0) size 87x13
layer at (35,127) size 82x13
  RenderBlock {DIV} at (0,0) size 82x13
layer at (111,153) size 15x15
  RenderBlock (relative positioned) {DIV} at (0,0) size 15x15
