layer at (0,0) size 800x600
  RenderView at (0,0) size 800x600
layer at (0,0) size 800x600
  RenderBlock {HTML} at (0,0) size 800x600
    RenderBody {BODY} at (8,8) size 784x584
      RenderButton {BUTTON} at (0,8) size 44x15 [bgcolor=#C0C0C0] [border: none (2px outset #C0C0C0) none (2px outset #C0C0C0)]
        RenderBlock (anonymous) at (8,4) size 28x6
          RenderText {#text} at (0,0) size 28x6
            text run at (0,0) width 28: "Test Button"
      RenderText {#text} at (43,3) size 5x18
        text run at (43,3) width 5: " "
      RenderButton {BUTTON} at (47,8) size 51x15 [bgcolor=#C0C0C0] [border: none (2px outset #C0C0C0) none (2px outset #C0C0C0)]
        RenderBlock (anonymous) at (8,3) size 34x8
          RenderText {#text} at (0,0) size 34x7
            text run at (0,0) width 34: "Test Button"
      RenderText {#text} at (97,3) size 5x18
        text run at (97,3) width 5: " "
      RenderButton {BUTTON} at (101,7) size 56x15 [bgcolor=#C0C0C0] [border: none (2px outset #C0C0C0) none (2px outset #C0C0C0)]
        RenderBlock (anonymous) at (8,3) size 39x8
          RenderText {#text} at (0,0) size 39x8
            text run at (0,0) width 39: "Test Button"
      RenderText {#text} at (156,3) size 5x18
        text run at (156,3) width 5: " "
      RenderButton {BUTTON} at (160,7) size 61x15 [bgcolor=#C0C0C0] [border: none (2px outset #C0C0C0) none (2px outset #C0C0C0)]
        RenderBlock (anonymous) at (8,2) size 45x10
          RenderText {#text} at (0,0) size 45x10
            text run at (0,0) width 45: "Test Button"
      RenderText {#text} at (220,3) size 5x18
        text run at (220,3) width 5: " "
      RenderButton {BUTTON} at (224,6) size 67x16 [bgcolor=#C0C0C0] [border: none (2px outset #C0C0C0) none (2px outset #C0C0C0)]
        RenderBlock (anonymous) at (8,2) size 51x11
          RenderText {#text} at (0,0) size 51x11
            text run at (0,0) width 51: "Test Button"
      RenderText {#text} at (290,3) size 5x18
        text run at (290,3) width 5: " "
      RenderButton {BUTTON} at (294,5) size 73x17 [bgcolor=#C0C0C0] [border: none (2px outset #C0C0C0) none (2px outset #C0C0C0)]
        RenderBlock (anonymous) at (8,2) size 56x12
          RenderText {#text} at (0,0) size 56x12
            text run at (0,0) width 56: "Test Button"
      RenderText {#text} at (366,3) size 5x18
        text run at (366,3) width 5: " "
      RenderButton {BUTTON} at (372,4) size 78x18 [bgcolor=#C0C0C0] [border: none (2px outset #C0C0C0) none (2px outset #C0C0C0)]
        RenderBlock (anonymous) at (8,2) size 62x13
          RenderText {#text} at (0,0) size 62x13
            text run at (0,0) width 62: "Test Button"
      RenderText {#text} at (451,3) size 5x18
        text run at (451,3) width 5: " "
      RenderButton {INPUT} at (457,4) size 79x18 [bgcolor=#C0C0C0]
        RenderBlock (anonymous) at (8,2) size 62x14
          RenderText at (0,0) size 62x13
            text run at (0,0) width 62: "Test Button"
      RenderText {#text} at (537,3) size 5x18
        text run at (537,3) width 5: " "
      RenderButton {BUTTON} at (543,3) size 83x20 [bgcolor=#C0C0C0] [border: none (2px outset #C0C0C0) none (2px outset #C0C0C0)]
        RenderBlock (anonymous) at (8,2) size 67x15
          RenderText {#text} at (0,0) size 67x15
            text run at (0,0) width 67: "Test Button"
      RenderText {#text} at (627,3) size 5x18
        text run at (627,3) width 5: " "
      RenderButton {BUTTON} at (633,2) size 90x21 [bgcolor=#C0C0C0] [border: none (2px outset #C0C0C0) none (2px outset #C0C0C0)]
        RenderBlock (anonymous) at (8,2) size 73x16
          RenderText {#text} at (0,0) size 73x16
            text run at (0,0) width 73: "Test Button"
      RenderText {#text} at (724,3) size 5x18
        text run at (724,3) width 5: " "
      RenderButton {BUTTON} at (2,31) size 94x22 [bgcolor=#C0C0C0] [border: none (2px outset #C0C0C0) none (2px outset #C0C0C0)]
        RenderBlock (anonymous) at (8,2) size 78x17
          RenderText {#text} at (0,0) size 78x17
            text run at (0,0) width 78: "Test Button"
      RenderText {#text} at (97,33) size 5x18
        text run at (97,33) width 5: " "
      RenderButton {BUTTON} at (103,30) size 101x23 [bgcolor=#C0C0C0] [border: none (2px outset #C0C0C0) none (2px outset #C0C0C0)]
        RenderBlock (anonymous) at (8,2) size 84x18
          RenderText {#text} at (0,0) size 84x18
            text run at (0,0) width 84: "Test Button"
      RenderText {#text} at (205,33) size 5x18
        text run at (205,33) width 5: " "
      RenderButton {BUTTON} at (211,30) size 106x23 [bgcolor=#C0C0C0] [border: none (2px outset #C0C0C0) none (2px outset #C0C0C0)]
        RenderBlock (anonymous) at (8,2) size 90x18
          RenderText {#text} at (0,0) size 90x18
            text run at (0,0) width 90: "Test Button"
      RenderText {#text} at (318,33) size 5x18
        text run at (318,33) width 5: " "
      RenderButton {BUTTON} at (324,29) size 112x25 [bgcolor=#C0C0C0] [border: none (2px outset #C0C0C0) none (2px outset #C0C0C0)]
        RenderBlock (anonymous) at (8,2) size 95x20
          RenderText {#text} at (0,0) size 95x20
            text run at (0,0) width 95: "Test Button"
      RenderText {#text} at (437,33) size 5x18
        text run at (437,33) width 5: " "
      RenderButton {BUTTON} at (443,28) size 117x26 [bgcolor=#C0C0C0] [border: none (2px outset #C0C0C0) none (2px outset #C0C0C0)]
        RenderBlock (anonymous) at (8,2) size 101x21
          RenderText {#text} at (0,0) size 101x21
            text run at (0,0) width 101: "Test Button"
      RenderText {#text} at (561,33) size 5x18
        text run at (561,33) width 5: " "
      RenderButton {BUTTON} at (567,27) size 123x27 [bgcolor=#C0C0C0] [border: none (2px outset #C0C0C0) none (2px outset #C0C0C0)]
        RenderBlock (anonymous) at (8,2) size 106x22
          RenderText {#text} at (0,0) size 106x22
            text run at (0,0) width 106: "Test Button"
      RenderText {#text} at (691,33) size 5x18
        text run at (691,33) width 5: " "
      RenderButton {BUTTON} at (2,59) size 128x28 [bgcolor=#C0C0C0] [border: none (2px outset #C0C0C0) none (2px outset #C0C0C0)]
        RenderBlock (anonymous) at (8,2) size 112x23
          RenderText {#text} at (0,0) size 112x23
            text run at (0,0) width 112: "Test Button"
      RenderText {#text} at (131,66) size 5x18
        text run at (131,66) width 5: " "
      RenderButton {BUTTON} at (137,58) size 134x29 [bgcolor=#C0C0C0] [border: none (2px outset #C0C0C0) none (2px outset #C0C0C0)]
        RenderBlock (anonymous) at (8,2) size 117x24
          RenderText {#text} at (0,0) size 117x24
            text run at (0,0) width 117: "Test Button"
      RenderText {#text} at (0,0) size 0x0
