layer at (0,0) size 800x600
  RenderView at (0,0) size 800x600
layer at (0,0) size 800x600
  RenderBlock {HTML} at (0,0) size 800x600
    RenderBody {BODY} at (8,8) size 784x584
      RenderBlock (anonymous) at (0,0) size 784x18
        RenderText {#text} at (0,0) size 342x18
          text run at (0,0) width 342: "This tests that buttons don't honor table display styles. "
        RenderBR {BR} at (342,14) size 0x0
      RenderButton {INPUT} at (2,20) size 88x18 [bgcolor=#C0C0C0]
        RenderBlock (anonymous) at (8,2) size 72x14
          RenderText at (0,0) size 72x13
            text run at (0,0) width 72: "display: table"
      RenderButton {INPUT} at (2,40) size 88x18 [bgcolor=#C0C0C0]
        RenderBlock (anonymous) at (8,2) size 72x14
          RenderText at (0,0) size 72x13
            text run at (0,0) width 72: "display: table"
      RenderBlock (anonymous) at (0,60) size 784x378
        RenderBR {BR} at (0,0) size 0x18
        RenderBR {BR} at (0,18) size 0x18
        RenderButton {INPUT} at (2,37) size 123x19 [bgcolor=#C0C0C0]
          RenderBlock (anonymous) at (8,2) size 107x14
            RenderText at (0,0) size 107x13
              text run at (0,0) width 107: "display: inline-table"
        RenderText {#text} at (126,37) size 5x18
          text run at (126,37) width 5: " "
        RenderButton {INPUT} at (132,37) size 124x19 [bgcolor=#C0C0C0]
          RenderBlock (anonymous) at (8,2) size 107x14
            RenderText at (0,0) size 107x13
              text run at (0,0) width 107: "display: inline-table"
        RenderText {#text} at (257,37) size 5x18
          text run at (257,37) width 5: " "
        RenderBR {BR} at (261,51) size 1x0
        RenderBR {BR} at (0,58) size 0x18
        RenderButton {INPUT} at (2,77) size 152x19 [bgcolor=#C0C0C0]
          RenderBlock (anonymous) at (8,2) size 136x14
            RenderText at (0,0) size 136x13
              text run at (0,0) width 136: "display: table-row-group"
        RenderText {#text} at (155,77) size 5x18
          text run at (155,77) width 5: " "
        RenderButton {INPUT} at (161,77) size 152x19 [bgcolor=#C0C0C0]
          RenderBlock (anonymous) at (8,2) size 136x14
            RenderText at (0,0) size 136x13
              text run at (0,0) width 136: "display: table-row-group"
        RenderText {#text} at (314,77) size 5x18
          text run at (314,77) width 5: " "
        RenderBR {BR} at (318,91) size 1x0
        RenderBR {BR} at (0,98) size 0x18
        RenderButton {INPUT} at (2,117) size 169x19 [bgcolor=#C0C0C0]
          RenderBlock (anonymous) at (8,2) size 153x14
            RenderText at (0,0) size 153x13
              text run at (0,0) width 153: "display: table-header-group"
        RenderText {#text} at (172,117) size 5x18
          text run at (172,117) width 5: " "
        RenderButton {INPUT} at (178,117) size 169x19 [bgcolor=#C0C0C0]
          RenderBlock (anonymous) at (8,2) size 153x14
            RenderText at (0,0) size 153x13
              text run at (0,0) width 153: "display: table-header-group"
        RenderText {#text} at (348,117) size 5x18
          text run at (348,117) width 5: " "
        RenderBR {BR} at (352,131) size 1x0
        RenderBR {BR} at (0,138) size 0x18
        RenderButton {INPUT} at (2,157) size 164x19 [bgcolor=#C0C0C0]
          RenderBlock (anonymous) at (8,2) size 148x14
            RenderText at (0,0) size 148x13
              text run at (0,0) width 148: "display: table-footer-group"
        RenderText {#text} at (167,157) size 5x18
          text run at (167,157) width 5: " "
        RenderButton {INPUT} at (173,157) size 165x19 [bgcolor=#C0C0C0]
          RenderBlock (anonymous) at (8,2) size 148x14
            RenderText at (0,0) size 148x13
              text run at (0,0) width 148: "display: table-footer-group"
        RenderText {#text} at (339,157) size 5x18
          text run at (339,157) width 5: " "
        RenderBR {BR} at (343,171) size 1x0
        RenderBR {BR} at (0,178) size 0x18
        RenderButton {INPUT} at (2,197) size 114x19 [bgcolor=#C0C0C0]
          RenderBlock (anonymous) at (8,2) size 98x14
            RenderText at (0,0) size 98x13
              text run at (0,0) width 98: "display: table-row"
        RenderText {#text} at (117,197) size 5x18
          text run at (117,197) width 5: " "
        RenderButton {INPUT} at (123,197) size 114x19 [bgcolor=#C0C0C0]
          RenderBlock (anonymous) at (8,2) size 98x14
            RenderText at (0,0) size 98x13
              text run at (0,0) width 98: "display: table-row"
        RenderText {#text} at (238,197) size 5x18
          text run at (238,197) width 5: " "
        RenderBR {BR} at (242,211) size 1x0
        RenderBR {BR} at (0,218) size 0x18
        RenderButton {INPUT} at (2,237) size 172x19 [bgcolor=#C0C0C0]
          RenderBlock (anonymous) at (8,2) size 156x14
            RenderText at (0,0) size 156x13
              text run at (0,0) width 156: "display: table-column-group"
        RenderText {#text} at (175,237) size 5x18
          text run at (175,237) width 5: " "
        RenderButton {INPUT} at (181,237) size 172x19 [bgcolor=#C0C0C0]
          RenderBlock (anonymous) at (8,2) size 156x14
            RenderText at (0,0) size 156x13
              text run at (0,0) width 156: "display: table-column-group"
        RenderText {#text} at (354,237) size 5x18
          text run at (354,237) width 5: " "
        RenderBR {BR} at (358,251) size 1x0
        RenderBR {BR} at (0,258) size 0x18
        RenderButton {INPUT} at (2,277) size 133x19 [bgcolor=#C0C0C0]
          RenderBlock (anonymous) at (8,2) size 117x14
            RenderText at (0,0) size 117x13
              text run at (0,0) width 117: "display: table-column"
        RenderText {#text} at (136,277) size 5x18
          text run at (136,277) width 5: " "
        RenderButton {INPUT} at (142,277) size 134x19 [bgcolor=#C0C0C0]
          RenderBlock (anonymous) at (8,2) size 117x14
            RenderText at (0,0) size 117x13
              text run at (0,0) width 117: "display: table-column"
        RenderText {#text} at (277,277) size 5x18
          text run at (277,277) width 5: " "
        RenderBR {BR} at (281,291) size 1x0
        RenderBR {BR} at (0,298) size 0x18
        RenderButton {INPUT} at (2,317) size 112x19 [bgcolor=#C0C0C0]
          RenderBlock (anonymous) at (8,2) size 96x14
            RenderText at (0,0) size 96x13
              text run at (0,0) width 96: "display: table-cell"
        RenderText {#text} at (115,317) size 5x18
          text run at (115,317) width 5: " "
        RenderButton {INPUT} at (121,317) size 113x19 [bgcolor=#C0C0C0]
          RenderBlock (anonymous) at (8,2) size 96x14
            RenderText at (0,0) size 96x13
              text run at (0,0) width 96: "display: table-cell"
        RenderText {#text} at (235,317) size 5x18
          text run at (235,317) width 5: " "
        RenderBR {BR} at (239,331) size 1x0
        RenderBR {BR} at (0,338) size 0x18
        RenderButton {INPUT} at (2,357) size 133x19 [bgcolor=#C0C0C0]
          RenderBlock (anonymous) at (8,2) size 117x14
            RenderText at (0,0) size 117x13
              text run at (0,0) width 117: "display: table-caption"
        RenderText {#text} at (136,357) size 5x18
          text run at (136,357) width 5: " "
        RenderButton {INPUT} at (142,357) size 134x19 [bgcolor=#C0C0C0]
          RenderBlock (anonymous) at (8,2) size 117x14
            RenderText at (0,0) size 117x13
              text run at (0,0) width 117: "display: table-caption"
        RenderText {#text} at (0,0) size 0x0
