layer at (0,0) size 800x600
  RenderView at (0,0) size 800x600
layer at (0,0) size 800x600
  RenderBlock {HTML} at (0,0) size 800x600
    RenderBody {BODY} at (8,8) size 784x584
      RenderBlock {FORM} at (0,0) size 784x19
        RenderBlock {INPUT} at (2,3) size 13x13
        RenderText {#text} at (17,0) size 35x18
          text run at (17,0) width 35: "Two "
        RenderBlock {INPUT} at (54,3) size 13x13
        RenderText {#text} at (69,0) size 38x18
          text run at (69,0) width 38: "Three"
      RenderBlock {FORM} at (0,35) size 784x19
        RenderBlock {INPUT} at (2,3) size 13x13
        RenderText {#text} at (17,0) size 32x18
          text run at (17,0) width 32: "One "
        RenderBlock {INPUT} at (51,3) size 13x13
        RenderText {#text} at (66,0) size 35x18
          text run at (66,0) width 35: "Two "
        RenderBlock {INPUT} at (103,3) size 13x13
        RenderText {#text} at (118,0) size 42x18
          text run at (118,0) width 42: "Three "
        RenderBlock {INPUT} at (162,3) size 13x13
        RenderText {#text} at (177,0) size 28x18
          text run at (177,0) width 28: "One"
      RenderBlock (anonymous) at (0,70) size 784x36
        RenderText {#text} at (0,0) size 766x36
          text run at (0,0) width 505: "The count of the # of elements in form 1 should be 2 and in form 2 should be 4. "
          text run at (505,0) width 261: "The count in form 1 is 2, and the count in"
          text run at (0,18) width 68: "form 2 is 4"
