layer at (0,0) size 800x600
  RenderView at (0,0) size 800x600
layer at (0,0) size 800x600
  RenderBlock {HTML} at (0,0) size 800x600
    RenderBody {BODY} at (8,8) size 784x584
      RenderText {#text} at (0,0) size 344x18
        text run at (0,0) width 344: "This tests that the new text fields use the correct width."
      RenderBR {BR} at (344,14) size 0x0
      RenderTextControl {INPUT} at (2,20) size 125x19 [bgcolor=#FFFFFF] [border: (2px inset #000000)]
        RenderBlock {DIV} at (3,3) size 119x13
      RenderBR {BR} at (129,34) size 0x0
      RenderTextControl {INPUT} at (0,43) size 200x19 [bgcolor=#FFFFFF] [border: (2px inset #000000)]
        RenderBlock {DIV} at (3,3) size 194x13
          RenderText {#text} at (1,0) size 103x13
            text run at (1,0) width 103: "styled width 200px"
      RenderBR {BR} at (200,57) size 0x0
      RenderTextControl {INPUT} at (2,66) size 275x19 [bgcolor=#FFFFFF] [border: (2px inset #000000)]
        RenderBlock {DIV} at (3,3) size 269x13
          RenderText {#text} at (1,0) size 39x13
            text run at (1,0) width 39: "size 50"
      RenderBR {BR} at (279,80) size 0x0
      RenderTextControl {INPUT} at (0,89) size 200x19 [bgcolor=#FFFFFF] [border: (2px inset #000000)]
        RenderBlock {DIV} at (3,3) size 194x13
          RenderText {#text} at (1,0) size 162x13
            text run at (1,0) width 162: "styled width 200px & size=10"
      RenderBR {BR} at (200,103) size 0x0
      RenderTextControl {INPUT} at (2,112) size 75x19 [bgcolor=#FFFFFF] [border: (2px inset #000000)]
        RenderBlock {DIV} at (3,3) size 69x13
          RenderText {#text} at (1,0) size 39x13
            text run at (1,0) width 39: "size 10"
      RenderBR {BR} at (79,126) size 0x0
