layer at (0,0) size 800x600
  RenderView at (0,0) size 800x600
layer at (0,0) size 800x39
  RenderBlock {HTML} at (0,0) size 800x39
    RenderBody {BODY} at (8,8) size 784x23
      RenderBlock {FORM} at (0,0) size 784x23
        RenderTextControl {INPUT} at (2,2) size 123x19 [bgcolor=#FFFFFF] [border: (2px inset #000000)]
        RenderText {#text} at (127,2) size 4x18
          text run at (127,2) width 4: " "
        RenderButton {INPUT} at (133,2) size 54x19 [bgcolor=#C0C0C0]
          RenderBlock (anonymous) at (8,2) size 38x14
            RenderText at (0,0) size 38x13
              text run at (0,0) width 38: "Submit"
        RenderText {#text} at (0,0) size 0x0
layer at (13,13) size 117x13
  RenderBlock {DIV} at (3,3) size 117x13
layer at (10,29) size 310x73
  RenderBlock (positioned) zI: 2147483647 {DIV} at (10,29) size 311x73
layer at (10,29) size 310x13 scrollHeight 25
  RenderBlock {DIV} at (0,0) size 311x13
layer at (10,41) size 310x60
  RenderDeprecatedFlexibleBox (relative positioned) zI: 2147483644 {DIV} at (0,13) size 311x60 [bgcolor=#FFFFFF] [border: (1px solid #CCCCCC) (1px solid #AAAAAA) (1px solid #888888) (1px solid #AAAAAA)]
    RenderBlock {DIV} at (9,9) size 17x17
    RenderBlock {DIV} at (32,9) size 270x42
      RenderBlock {DIV} at (0,0) size 270x16
        RenderText {#text} at (0,0) size 87x16
          text run at (0,0) width 87: "value missing"
      RenderBlock {DIV} at (0,16) size 270x26 [color=#444444]
        RenderText {#text} at (0,0) size 127x13
          text run at (0,0) width 127: "Needs at least 8 letters."
        RenderBR {BR} at (126,0) size 1x13
        RenderText {#text} at (0,13) size 270x13
          text run at (0,13) width 270: "Should not be identical with the current password."
layer at (42,29) size 18x18 backgroundClip at (10,29) size 310x13 clip at (10,29) size 310x13 outlineClip at (10,29) size 310x13
  RenderBlock (relative positioned) zI: 2147483645 {DIV} at (0,0) size 18x18 [bgcolor=#FFFFFF] [border: (1px solid #CCCCCC)]
caret: position 0 of child 0 {DIV} of {#shadow-root} of child 1 {INPUT} of child 0 {FORM} of body
