layer at (0,0) size 800x600
  RenderView at (0,0) size 800x600
layer at (0,0) size 800x600
  RenderBlock {HTML} at (0,0) size 800x600
    RenderBody {BODY} at (8,8) size 784x584
      RenderBlock {P} at (0,0) size 784x19
        RenderText {#text} at (0,0) size 400x19
          text run at (0,0) width 400: "Test appearances of input-speech-button in <input type='search'>."
      RenderBlock {DIV} at (0,35) size 784x0
      RenderBlock {DIV} at (0,35) size 784x426
        RenderTable {TABLE} at (0,0) size 705x426
          RenderTableSection {TBODY} at (0,0) size 705x426
            RenderTableRow {TR} at (0,2) size 705x422
              RenderTableCell {TD} at (2,8) size 177x410 [r=0 c=0 rs=1 cs=1]
                RenderBlock {DIV} at (1,1) size 175x408
                  RenderTextControl {INPUT} at (0,0) size 107x14
                    RenderDeprecatedFlexibleBox {DIV} at (2,2) size 103x10
                      RenderBlock {DIV} at (0,5) size 0x0
                      RenderBlock {DIV} at (0,0) size 97x10
                      RenderBlock {DIV} at (97,2) size 6x6
                  RenderBR {BR} at (107,10) size 0x0
                  RenderTextControl {INPUT} at (0,14) size 107x14
                    RenderDeprecatedFlexibleBox {DIV} at (2,2) size 103x10
                      RenderBlock {DIV} at (0,5) size 0x0
                      RenderBlock {DIV} at (0,0) size 97x10
                      RenderBlock {DIV} at (97,2) size 6x6
                  RenderBR {BR} at (107,24) size 0x0
                  RenderTextControl {INPUT} at (0,28) size 107x14
                    RenderDeprecatedFlexibleBox {DIV} at (2,2) size 103x10
                      RenderBlock {DIV} at (0,5) size 0x0
                      RenderBlock {DIV} at (0,0) size 97x10
                      RenderBlock {DIV} at (97,2) size 6x6
                  RenderBR {BR} at (107,38) size 0x0
                  RenderTextControl {INPUT} at (0,42) size 108x15
                    RenderDeprecatedFlexibleBox {DIV} at (2,2) size 104x11
                      RenderBlock {DIV} at (0,5) size 0x0
                      RenderBlock {DIV} at (0,0) size 98x11
                      RenderBlock {DIV} at (98,2) size 6x6
                  RenderBR {BR} at (108,53) size 0x0
                  RenderTextControl {INPUT} at (0,57) size 108x15
                    RenderDeprecatedFlexibleBox {DIV} at (2,2) size 104x11
                      RenderBlock {DIV} at (0,5) size 0x0
                      RenderBlock {DIV} at (0,0) size 98x11
                      RenderBlock {DIV} at (98,2) size 6x6
                  RenderBR {BR} at (108,68) size 0x0
                  RenderTextControl {INPUT} at (0,72) size 108x15
                    RenderDeprecatedFlexibleBox {DIV} at (2,2) size 104x11
                      RenderBlock {DIV} at (0,5) size 0x0
                      RenderBlock {DIV} at (0,0) size 98x11
                      RenderBlock {DIV} at (98,2) size 6x6
                  RenderBR {BR} at (108,83) size 0x0
                  RenderTextControl {INPUT} at (0,87) size 129x16
                    RenderDeprecatedFlexibleBox {DIV} at (2,2) size 125x12
                      RenderBlock {DIV} at (0,6) size 0x0
                      RenderBlock {DIV} at (0,0) size 118x12
                      RenderBlock {DIV} at (118,2) size 7x7
                  RenderBR {BR} at (129,98) size 0x0
                  RenderTextControl {INPUT} at (0,103) size 129x16
                    RenderDeprecatedFlexibleBox {DIV} at (2,2) size 125x12
                      RenderBlock {DIV} at (0,6) size 0x0
                      RenderBlock {DIV} at (0,0) size 118x12
                      RenderBlock {DIV} at (118,2) size 7x7
                  RenderBR {BR} at (129,114) size 0x0
                  RenderTextControl {INPUT} at (0,119) size 129x16
                    RenderDeprecatedFlexibleBox {DIV} at (2,2) size 125x12
                      RenderBlock {DIV} at (0,6) size 0x0
                      RenderBlock {DIV} at (0,0) size 118x12
                      RenderBlock {DIV} at (118,2) size 7x7
                  RenderBR {BR} at (129,130) size 0x0
                  RenderTextControl {INPUT} at (2,137) size 130x17
                    RenderDeprecatedFlexibleBox {DIV} at (2,2) size 126x13
                      RenderBlock {DIV} at (0,6) size 0x0
                      RenderBlock {DIV} at (0,0) size 118x13
                      RenderBlock {DIV} at (118,2) size 8x8
                  RenderBR {BR} at (134,149) size 0x0
                  RenderTextControl {INPUT} at (2,158) size 130x17
                    RenderDeprecatedFlexibleBox {DIV} at (2,2) size 126x13
                      RenderBlock {DIV} at (0,6) size 0x0
                      RenderBlock {DIV} at (0,0) size 118x13
                      RenderBlock {DIV} at (118,2) size 8x8
                  RenderBR {BR} at (134,170) size 0x0
                  RenderTextControl {INPUT} at (2,179) size 130x17
                    RenderDeprecatedFlexibleBox {DIV} at (2,2) size 126x13
                      RenderBlock {DIV} at (0,6) size 0x0
                      RenderBlock {DIV} at (0,0) size 118x13
                      RenderBlock {DIV} at (118,2) size 8x8
                  RenderBR {BR} at (134,191) size 0x0
                  RenderTextControl {INPUT} at (2,200) size 150x18
                    RenderDeprecatedFlexibleBox {DIV} at (2,2) size 146x14
                      RenderBlock {DIV} at (0,7) size 0x0
                      RenderBlock {DIV} at (0,0) size 138x14
                      RenderBlock {DIV} at (138,3) size 8x8
                  RenderBR {BR} at (154,213) size 0x0
                  RenderTextControl {INPUT} at (2,222) size 150x18
                    RenderDeprecatedFlexibleBox {DIV} at (2,2) size 146x14
                      RenderBlock {DIV} at (0,7) size 0x0
                      RenderBlock {DIV} at (0,0) size 138x14
                      RenderBlock {DIV} at (138,3) size 8x8
                  RenderBR {BR} at (154,235) size 0x0
                  RenderTextControl {INPUT} at (2,244) size 150x18
                    RenderDeprecatedFlexibleBox {DIV} at (2,2) size 146x14
                      RenderBlock {DIV} at (0,7) size 0x0
                      RenderBlock {DIV} at (0,0) size 138x14
                      RenderBlock {DIV} at (138,3) size 8x8
                  RenderBR {BR} at (154,257) size 0x0
                  RenderTextControl {INPUT} at (2,266) size 151x19
                    RenderDeprecatedFlexibleBox {DIV} at (2,2) size 147x15
                      RenderBlock {DIV} at (0,7) size 0x0
                      RenderBlock {DIV} at (0,0) size 138x15
                      RenderBlock {DIV} at (138,3) size 9x9
                  RenderBR {BR} at (155,280) size 0x0
                  RenderTextControl {INPUT} at (2,289) size 151x19
                    RenderDeprecatedFlexibleBox {DIV} at (2,2) size 147x15
                      RenderBlock {DIV} at (0,7) size 0x0
                      RenderBlock {DIV} at (0,0) size 138x15
                      RenderBlock {DIV} at (138,3) size 9x9
                  RenderBR {BR} at (155,303) size 0x0
                  RenderTextControl {INPUT} at (2,312) size 151x19
                    RenderDeprecatedFlexibleBox {DIV} at (2,2) size 147x15
                      RenderBlock {DIV} at (0,7) size 0x0
                      RenderBlock {DIV} at (0,0) size 138x15
                      RenderBlock {DIV} at (138,3) size 9x9
                  RenderBR {BR} at (155,326) size 0x0
                  RenderTextControl {INPUT} at (2,335) size 171x21
                    RenderDeprecatedFlexibleBox {DIV} at (2,2) size 167x17
                      RenderBlock {DIV} at (0,8) size 0x0
                      RenderBlock {DIV} at (0,0) size 157x17
                      RenderBlock {DIV} at (157,3) size 10x10
                  RenderBR {BR} at (175,350) size 0x0
                  RenderTextControl {INPUT} at (2,360) size 171x21
                    RenderDeprecatedFlexibleBox {DIV} at (2,2) size 167x17
                      RenderBlock {DIV} at (0,8) size 0x0
                      RenderBlock {DIV} at (0,0) size 157x17
                      RenderBlock {DIV} at (157,3) size 10x10
                  RenderBR {BR} at (175,375) size 0x0
                  RenderTextControl {INPUT} at (2,385) size 171x21
                    RenderDeprecatedFlexibleBox {DIV} at (2,2) size 167x17
                      RenderBlock {DIV} at (0,8) size 0x0
                      RenderBlock {DIV} at (0,0) size 157x17
                      RenderBlock {DIV} at (157,3) size 10x10
                  RenderBR {BR} at (175,400) size 0x0
              RenderTableCell {TD} at (181,2) size 239x422 [r=0 c=1 rs=1 cs=1]
                RenderBlock {DIV} at (1,1) size 237x420
                  RenderTextControl {INPUT} at (2,2) size 191x22
                    RenderDeprecatedFlexibleBox {DIV} at (2,2) size 187x18
                      RenderBlock {DIV} at (0,9) size 0x0
                      RenderBlock {DIV} at (0,0) size 177x18
                      RenderBlock {DIV} at (177,4) size 10x10
                  RenderBR {BR} at (195,18) size 0x0
                  RenderTextControl {INPUT} at (2,28) size 191x22
                    RenderDeprecatedFlexibleBox {DIV} at (2,2) size 187x18
                      RenderBlock {DIV} at (0,9) size 0x0
                      RenderBlock {DIV} at (0,0) size 177x18
                      RenderBlock {DIV} at (177,4) size 10x10
                  RenderBR {BR} at (195,44) size 0x0
                  RenderTextControl {INPUT} at (2,54) size 191x22
                    RenderDeprecatedFlexibleBox {DIV} at (2,2) size 187x18
                      RenderBlock {DIV} at (0,9) size 0x0
                      RenderBlock {DIV} at (0,0) size 177x18
                      RenderBlock {DIV} at (177,4) size 10x10
                  RenderBR {BR} at (195,70) size 0x0
                  RenderTextControl {INPUT} at (2,80) size 192x23
                    RenderDeprecatedFlexibleBox {DIV} at (2,2) size 188x19
                      RenderBlock {DIV} at (0,9) size 0x0
                      RenderBlock {DIV} at (0,0) size 177x19
                      RenderBlock {DIV} at (177,4) size 11x11
                  RenderBR {BR} at (196,97) size 0x0
                  RenderTextControl {INPUT} at (2,107) size 192x23
                    RenderDeprecatedFlexibleBox {DIV} at (2,2) size 188x19
                      RenderBlock {DIV} at (0,9) size 0x0
                      RenderBlock {DIV} at (0,0) size 177x19
                      RenderBlock {DIV} at (177,4) size 11x11
                  RenderBR {BR} at (196,124) size 0x0
                  RenderTextControl {INPUT} at (2,134) size 192x23
                    RenderDeprecatedFlexibleBox {DIV} at (2,2) size 188x19
                      RenderBlock {DIV} at (0,9) size 0x0
                      RenderBlock {DIV} at (0,0) size 177x19
                      RenderBlock {DIV} at (177,4) size 11x11
                  RenderBR {BR} at (196,151) size 0x0
                  RenderTextControl {INPUT} at (2,161) size 212x24
                    RenderDeprecatedFlexibleBox {DIV} at (2,2) size 208x20
                      RenderBlock {DIV} at (0,10) size 0x0
                      RenderBlock {DIV} at (0,0) size 196x20
                      RenderBlock {DIV} at (196,4) size 12x12
                  RenderBR {BR} at (216,179) size 0x0
                  RenderTextControl {INPUT} at (2,189) size 212x24
                    RenderDeprecatedFlexibleBox {DIV} at (2,2) size 208x20
                      RenderBlock {DIV} at (0,10) size 0x0
                      RenderBlock {DIV} at (0,0) size 196x20
                      RenderBlock {DIV} at (196,4) size 12x12
                  RenderBR {BR} at (216,207) size 0x0
                  RenderTextControl {INPUT} at (2,217) size 212x24
                    RenderDeprecatedFlexibleBox {DIV} at (2,2) size 208x20
                      RenderBlock {DIV} at (0,10) size 0x0
                      RenderBlock {DIV} at (0,0) size 196x20
                      RenderBlock {DIV} at (196,4) size 12x12
                  RenderBR {BR} at (216,235) size 0x0
                  RenderTextControl {INPUT} at (2,245) size 213x25
                    RenderDeprecatedFlexibleBox {DIV} at (2,2) size 209x21
                      RenderBlock {DIV} at (0,10) size 0x0
                      RenderBlock {DIV} at (0,0) size 197x21
                      RenderBlock {DIV} at (197,4) size 12x12
                  RenderBR {BR} at (217,264) size 0x0
                  RenderTextControl {INPUT} at (2,274) size 213x25
                    RenderDeprecatedFlexibleBox {DIV} at (2,2) size 209x21
                      RenderBlock {DIV} at (0,10) size 0x0
                      RenderBlock {DIV} at (0,0) size 197x21
                      RenderBlock {DIV} at (197,4) size 12x12
                  RenderBR {BR} at (217,293) size 0x0
                  RenderTextControl {INPUT} at (2,303) size 213x25
                    RenderDeprecatedFlexibleBox {DIV} at (2,2) size 209x21
                      RenderBlock {DIV} at (0,10) size 0x0
                      RenderBlock {DIV} at (0,0) size 197x21
                      RenderBlock {DIV} at (197,4) size 12x12
                  RenderBR {BR} at (217,322) size 0x0
                  RenderTextControl {INPUT} at (2,332) size 233x26
                    RenderDeprecatedFlexibleBox {DIV} at (2,2) size 229x22
                      RenderBlock {DIV} at (0,11) size 0x0
                      RenderBlock {DIV} at (0,0) size 216x22
                      RenderBlock {DIV} at (216,4) size 13x13
                  RenderBR {BR} at (237,351) size 0x0
                  RenderTextControl {INPUT} at (2,362) size 233x26
                    RenderDeprecatedFlexibleBox {DIV} at (2,2) size 229x22
                      RenderBlock {DIV} at (0,11) size 0x0
                      RenderBlock {DIV} at (0,0) size 216x22
                      RenderBlock {DIV} at (216,4) size 13x13
                  RenderBR {BR} at (237,381) size 0x0
                  RenderTextControl {INPUT} at (2,392) size 233x26
                    RenderDeprecatedFlexibleBox {DIV} at (2,2) size 229x22
                      RenderBlock {DIV} at (0,11) size 0x0
                      RenderBlock {DIV} at (0,0) size 216x22
                      RenderBlock {DIV} at (216,4) size 13x13
                  RenderBR {BR} at (237,411) size 0x0
              RenderTableCell {TD} at (422,17) size 281x392 [r=0 c=2 rs=1 cs=1]
                RenderBlock {DIV} at (1,1) size 279x390
                  RenderTextControl {INPUT} at (2,2) size 234x27
                    RenderDeprecatedFlexibleBox {DIV} at (2,2) size 230x23
                      RenderBlock {DIV} at (0,11) size 0x0
                      RenderBlock {DIV} at (0,0) size 216x23
                      RenderBlock {DIV} at (216,4) size 14x14
                  RenderBR {BR} at (238,22) size 0x0
                  RenderTextControl {INPUT} at (2,33) size 234x27
                    RenderDeprecatedFlexibleBox {DIV} at (2,2) size 230x23
                      RenderBlock {DIV} at (0,11) size 0x0
                      RenderBlock {DIV} at (0,0) size 216x23
                      RenderBlock {DIV} at (216,4) size 14x14
                  RenderBR {BR} at (238,53) size 0x0
                  RenderTextControl {INPUT} at (2,64) size 234x27
                    RenderDeprecatedFlexibleBox {DIV} at (2,2) size 230x23
                      RenderBlock {DIV} at (0,11) size 0x0
                      RenderBlock {DIV} at (0,0) size 216x23
                      RenderBlock {DIV} at (216,4) size 14x14
                  RenderBR {BR} at (238,84) size 0x0
                  RenderTextControl {INPUT} at (2,95) size 254x28
                    RenderDeprecatedFlexibleBox {DIV} at (2,2) size 250x24
                      RenderBlock {DIV} at (0,12) size 0x0
                      RenderBlock {DIV} at (0,0) size 235x24
                      RenderBlock {DIV} at (235,4) size 15x15
                  RenderBR {BR} at (258,116) size 0x0
                  RenderTextControl {INPUT} at (2,127) size 254x28
                    RenderDeprecatedFlexibleBox {DIV} at (2,2) size 250x24
                      RenderBlock {DIV} at (0,12) size 0x0
                      RenderBlock {DIV} at (0,0) size 235x24
                      RenderBlock {DIV} at (235,4) size 15x15
                  RenderBR {BR} at (258,148) size 0x0
                  RenderTextControl {INPUT} at (2,159) size 254x28
                    RenderDeprecatedFlexibleBox {DIV} at (2,2) size 250x24
                      RenderBlock {DIV} at (0,12) size 0x0
                      RenderBlock {DIV} at (0,0) size 235x24
                      RenderBlock {DIV} at (235,4) size 15x15
                  RenderBR {BR} at (258,180) size 0x0
                  RenderTextControl {INPUT} at (2,191) size 255x29
                    RenderDeprecatedFlexibleBox {DIV} at (2,2) size 251x25
                      RenderBlock {DIV} at (0,12) size 0x0
                      RenderBlock {DIV} at (0,0) size 236x25
                      RenderBlock {DIV} at (236,5) size 15x15
                  RenderBR {BR} at (259,213) size 0x0
                  RenderTextControl {INPUT} at (2,224) size 255x29
                    RenderDeprecatedFlexibleBox {DIV} at (2,2) size 251x25
                      RenderBlock {DIV} at (0,12) size 0x0
                      RenderBlock {DIV} at (0,0) size 236x25
                      RenderBlock {DIV} at (236,5) size 15x15
                  RenderBR {BR} at (259,246) size 0x0
                  RenderTextControl {INPUT} at (2,257) size 255x29
                    RenderDeprecatedFlexibleBox {DIV} at (2,2) size 251x25
                      RenderBlock {DIV} at (0,12) size 0x0
                      RenderBlock {DIV} at (0,0) size 236x25
                      RenderBlock {DIV} at (236,5) size 15x15
                  RenderBR {BR} at (259,279) size 0x0
                  RenderTextControl {INPUT} at (2,290) size 275x30
                    RenderDeprecatedFlexibleBox {DIV} at (2,2) size 271x26
                      RenderBlock {DIV} at (0,13) size 0x0
                      RenderBlock {DIV} at (0,0) size 255x26
                      RenderBlock {DIV} at (255,5) size 16x16
                  RenderBR {BR} at (279,313) size 0x0
                  RenderTextControl {INPUT} at (2,324) size 275x30
                    RenderDeprecatedFlexibleBox {DIV} at (2,2) size 271x26
                      RenderBlock {DIV} at (0,13) size 0x0
                      RenderBlock {DIV} at (0,0) size 255x26
                      RenderBlock {DIV} at (255,5) size 16x16
                  RenderBR {BR} at (279,347) size 0x0
                  RenderTextControl {INPUT} at (2,358) size 275x30
                    RenderDeprecatedFlexibleBox {DIV} at (2,2) size 271x26
                      RenderBlock {DIV} at (0,13) size 0x0
                      RenderBlock {DIV} at (0,0) size 255x26
                      RenderBlock {DIV} at (255,5) size 16x16
                  RenderBR {BR} at (279,381) size 0x0
layer at (13,54) size 97x10
  RenderBlock {DIV} at (0,0) size 97x10
layer at (13,68) size 97x10 scrollWidth 121
  RenderBlock {DIV} at (0,0) size 97x10
    RenderText {#text} at (0,0) size 120x10
      text run at (0,0) width 120: "012345678901234567890123456789"
layer at (13,82) size 97x10 scrollWidth 121
  RenderBlock {DIV} at (0,0) size 97x10
    RenderText {#text} at (0,0) size 120x10
      text run at (0,0) width 120: "012345678901234567890123456789"
layer at (13,96) size 98x11
  RenderBlock {DIV} at (0,0) size 98x11
layer at (13,111) size 98x11 scrollWidth 151
  RenderBlock {DIV} at (0,0) size 98x11
    RenderText {#text} at (0,0) size 150x11
      text run at (0,0) width 150: "012345678901234567890123456789"
layer at (13,126) size 98x11 scrollWidth 151
  RenderBlock {DIV} at (0,0) size 98x11
    RenderText {#text} at (0,0) size 150x11
      text run at (0,0) width 150: "012345678901234567890123456789"
layer at (13,141) size 118x12
  RenderBlock {DIV} at (0,0) size 118x12
layer at (13,157) size 118x12 scrollWidth 151
  RenderBlock {DIV} at (0,0) size 118x12
    RenderText {#text} at (0,0) size 150x12
      text run at (0,0) width 150: "012345678901234567890123456789"
layer at (13,173) size 118x12 scrollWidth 151
  RenderBlock {DIV} at (0,0) size 118x12
    RenderText {#text} at (0,0) size 150x12
      text run at (0,0) width 150: "012345678901234567890123456789"
layer at (15,191) size 118x13
  RenderBlock {DIV} at (0,0) size 118x13
layer at (15,212) size 118x13 scrollWidth 181
  RenderBlock {DIV} at (0,0) size 118x13
    RenderText {#text} at (0,0) size 180x13
      text run at (0,0) width 180: "012345678901234567890123456789"
layer at (15,233) size 118x13 scrollWidth 181
  RenderBlock {DIV} at (0,0) size 118x13
    RenderText {#text} at (0,0) size 180x13
      text run at (0,0) width 180: "012345678901234567890123456789"
layer at (15,254) size 138x14
  RenderBlock {DIV} at (0,0) size 138x14
layer at (15,276) size 138x14 scrollWidth 181
  RenderBlock {DIV} at (0,0) size 138x14
    RenderText {#text} at (0,0) size 180x14
      text run at (0,0) width 180: "012345678901234567890123456789"
layer at (15,298) size 138x14 scrollWidth 181
  RenderBlock {DIV} at (0,0) size 138x14
    RenderText {#text} at (0,0) size 180x14
      text run at (0,0) width 180: "012345678901234567890123456789"
layer at (15,320) size 138x15
  RenderBlock {DIV} at (0,0) size 138x15
layer at (15,343) size 138x15 scrollWidth 181
  RenderBlock {DIV} at (0,0) size 138x15
    RenderText {#text} at (0,0) size 180x15
      text run at (0,0) width 180: "012345678901234567890123456789"
layer at (15,366) size 138x15 scrollWidth 181
  RenderBlock {DIV} at (0,0) size 138x15
    RenderText {#text} at (0,0) size 180x15
      text run at (0,0) width 180: "012345678901234567890123456789"
layer at (15,389) size 157x17
  RenderBlock {DIV} at (0,0) size 157x17
layer at (15,414) size 157x17 scrollWidth 211
  RenderBlock {DIV} at (0,0) size 157x17
    RenderText {#text} at (0,0) size 210x17
      text run at (0,0) width 210: "012345678901234567890123456789"
layer at (15,439) size 157x17 scrollWidth 211
  RenderBlock {DIV} at (0,0) size 157x17
    RenderText {#text} at (0,0) size 210x17
      text run at (0,0) width 210: "012345678901234567890123456789"
layer at (194,50) size 177x18
  RenderBlock {DIV} at (0,0) size 177x18
layer at (194,76) size 177x18 scrollWidth 211
  RenderBlock {DIV} at (0,0) size 177x18
    RenderText {#text} at (0,0) size 210x18
      text run at (0,0) width 210: "012345678901234567890123456789"
layer at (194,102) size 177x18 scrollWidth 211
  RenderBlock {DIV} at (0,0) size 177x18
    RenderText {#text} at (0,0) size 210x18
      text run at (0,0) width 210: "012345678901234567890123456789"
layer at (194,128) size 177x19
  RenderBlock {DIV} at (0,0) size 177x19
layer at (194,155) size 177x19 scrollWidth 241
  RenderBlock {DIV} at (0,0) size 177x19
    RenderText {#text} at (0,0) size 240x19
      text run at (0,0) width 240: "012345678901234567890123456789"
layer at (194,182) size 177x19 scrollWidth 241
  RenderBlock {DIV} at (0,0) size 177x19
    RenderText {#text} at (0,0) size 240x19
      text run at (0,0) width 240: "012345678901234567890123456789"
layer at (194,209) size 196x20
  RenderBlock {DIV} at (0,0) size 196x20
layer at (194,237) size 196x20 scrollWidth 271
  RenderBlock {DIV} at (0,0) size 196x20
    RenderText {#text} at (0,0) size 270x20
      text run at (0,0) width 270: "012345678901234567890123456789"
layer at (194,265) size 196x20 scrollWidth 271
  RenderBlock {DIV} at (0,0) size 196x20
    RenderText {#text} at (0,0) size 270x20
      text run at (0,0) width 270: "012345678901234567890123456789"
layer at (194,293) size 197x21
  RenderBlock {DIV} at (0,0) size 197x21
layer at (194,322) size 197x21 scrollWidth 271
  RenderBlock {DIV} at (0,0) size 197x21
    RenderText {#text} at (0,0) size 270x21
      text run at (0,0) width 270: "012345678901234567890123456789"
layer at (194,351) size 197x21 scrollWidth 271
  RenderBlock {DIV} at (0,0) size 197x21
    RenderText {#text} at (0,0) size 270x21
      text run at (0,0) width 270: "012345678901234567890123456789"
layer at (194,380) size 216x22
  RenderBlock {DIV} at (0,0) size 216x22
layer at (194,410) size 216x22 scrollWidth 271
  RenderBlock {DIV} at (0,0) size 216x22
    RenderText {#text} at (0,0) size 270x22
      text run at (0,0) width 270: "012345678901234567890123456789"
layer at (194,440) size 216x22 scrollWidth 271
  RenderBlock {DIV} at (0,0) size 216x22
    RenderText {#text} at (0,0) size 270x22
      text run at (0,0) width 270: "012345678901234567890123456789"
layer at (435,65) size 216x23
  RenderBlock {DIV} at (0,0) size 216x23
layer at (435,96) size 216x23 scrollWidth 301
  RenderBlock {DIV} at (0,0) size 216x23
    RenderText {#text} at (0,0) size 300x23
      text run at (0,0) width 300: "012345678901234567890123456789"
layer at (435,127) size 216x23 scrollWidth 301
  RenderBlock {DIV} at (0,0) size 216x23
    RenderText {#text} at (0,0) size 300x23
      text run at (0,0) width 300: "012345678901234567890123456789"
layer at (435,158) size 235x24
  RenderBlock {DIV} at (0,0) size 235x24
layer at (435,190) size 235x24 scrollWidth 331
  RenderBlock {DIV} at (0,0) size 235x24
    RenderText {#text} at (0,0) size 330x24
      text run at (0,0) width 330: "012345678901234567890123456789"
layer at (435,222) size 235x24 scrollWidth 331
  RenderBlock {DIV} at (0,0) size 235x24
    RenderText {#text} at (0,0) size 330x24
      text run at (0,0) width 330: "012345678901234567890123456789"
layer at (435,254) size 236x25
  RenderBlock {DIV} at (0,0) size 236x25
layer at (435,287) size 236x25 scrollWidth 331
  RenderBlock {DIV} at (0,0) size 236x25
    RenderText {#text} at (0,0) size 330x25
      text run at (0,0) width 330: "012345678901234567890123456789"
layer at (435,320) size 236x25 scrollWidth 331
  RenderBlock {DIV} at (0,0) size 236x25
    RenderText {#text} at (0,0) size 330x25
      text run at (0,0) width 330: "012345678901234567890123456789"
layer at (435,353) size 255x26
  RenderBlock {DIV} at (0,0) size 255x26
layer at (435,387) size 255x26 scrollWidth 331
  RenderBlock {DIV} at (0,0) size 255x26
    RenderText {#text} at (0,0) size 330x26
      text run at (0,0) width 330: "012345678901234567890123456789"
layer at (435,421) size 255x26 scrollWidth 331
  RenderBlock {DIV} at (0,0) size 255x26
    RenderText {#text} at (0,0) size 330x26
      text run at (0,0) width 330: "012345678901234567890123456789"
