layer at (0,0) size 800x600
  RenderView at (0,0) size 800x600
layer at (0,0) size 800x600
  RenderBlock {HTML} at (0,0) size 800x600
    RenderBody {BODY} at (8,8) size 784x584
      RenderBlock {P} at (0,0) size 784x21
        RenderText {#text} at (0,0) size 294x21
          text run at (0,0) width 294: "Test appearances of input-speech-button."
      RenderBlock {DIV} at (0,37) size 784x0
      RenderBlock {DIV} at (0,37) size 784x310
        RenderTable {TABLE} at (0,0) size 684x310
          RenderTableSection {TBODY} at (0,0) size 684x310
            RenderTableRow {TR} at (0,2) size 684x306
              RenderTableCell {TD} at (2,8) size 172x294 [r=0 c=0 rs=1 cs=1]
                RenderBlock {DIV} at (1,1) size 170x292
                  RenderTextControl {INPUT} at (0,0) size 86x15
                  RenderBR {BR} at (86,10) size 0x0
                  RenderTextControl {INPUT} at (0,15) size 86x15
                  RenderBR {BR} at (86,25) size 0x0
                  RenderTextControl {INPUT} at (0,30) size 106x16
                  RenderBR {BR} at (106,41) size 0x0
                  RenderTextControl {INPUT} at (0,46) size 106x16
                  RenderBR {BR} at (106,57) size 0x0
                  RenderTextControl {INPUT} at (0,62) size 126x17
                  RenderBR {BR} at (126,74) size 0x0
                  RenderTextControl {INPUT} at (0,79) size 126x17
                  RenderBR {BR} at (126,91) size 0x0
                  RenderTextControl {INPUT} at (2,98) size 126x19
                  RenderBR {BR} at (130,111) size 0x0
                  RenderTextControl {INPUT} at (2,121) size 126x19
                  RenderBR {BR} at (130,134) size 0x0
                  RenderTextControl {INPUT} at (2,144) size 146x20
                  RenderBR {BR} at (150,158) size 0x0
                  RenderTextControl {INPUT} at (2,168) size 146x20
                  RenderBR {BR} at (150,182) size 0x0
                  RenderTextControl {INPUT} at (2,192) size 146x21
                  RenderBR {BR} at (150,207) size 0x0
                  RenderTextControl {INPUT} at (2,217) size 146x21
                  RenderBR {BR} at (150,232) size 0x0
                  RenderTextControl {INPUT} at (2,242) size 166x22
                  RenderBR {BR} at (170,258) size 0x0
                  RenderTextControl {INPUT} at (2,268) size 166x22
                  RenderBR {BR} at (170,284) size 0x0
              RenderTableCell {TD} at (176,2) size 232x306 [r=0 c=1 rs=1 cs=1]
                RenderBlock {DIV} at (1,1) size 230x304
                  RenderTextControl {INPUT} at (2,2) size 166x24
                  RenderBR {BR} at (170,19) size 0x0
                  RenderTextControl {INPUT} at (2,30) size 166x24
                  RenderBR {BR} at (170,47) size 0x0
                  RenderTextControl {INPUT} at (2,58) size 186x25
                  RenderBR {BR} at (190,76) size 0x0
                  RenderTextControl {INPUT} at (2,87) size 186x25
                  RenderBR {BR} at (190,105) size 0x0
                  RenderTextControl {INPUT} at (2,116) size 186x26
                  RenderBR {BR} at (190,135) size 0x0
                  RenderTextControl {INPUT} at (2,146) size 186x26
                  RenderBR {BR} at (190,165) size 0x0
                  RenderTextControl {INPUT} at (2,176) size 206x28
                  RenderBR {BR} at (210,196) size 0x0
                  RenderTextControl {INPUT} at (2,208) size 206x28
                  RenderBR {BR} at (210,228) size 0x0
                  RenderTextControl {INPUT} at (2,240) size 226x29
                  RenderBR {BR} at (230,261) size 0x0
                  RenderTextControl {INPUT} at (2,273) size 226x29
                  RenderBR {BR} at (230,294) size 0x0
              RenderTableCell {TD} at (410,12) size 272x286 [r=0 c=2 rs=1 cs=1]
                RenderBlock {DIV} at (1,1) size 270x284
                  RenderTextControl {INPUT} at (2,2) size 226x30
                  RenderBR {BR} at (230,24) size 0x0
                  RenderTextControl {INPUT} at (2,36) size 226x30
                  RenderBR {BR} at (230,58) size 0x0
                  RenderTextControl {INPUT} at (2,70) size 246x31
                  RenderBR {BR} at (250,93) size 0x0
                  RenderTextControl {INPUT} at (2,105) size 246x31
                  RenderBR {BR} at (250,128) size 0x0
                  RenderTextControl {INPUT} at (2,140) size 246x32
                  RenderBR {BR} at (250,163) size 0x0
                  RenderTextControl {INPUT} at (2,176) size 246x32
                  RenderBR {BR} at (250,199) size 0x0
                  RenderTextControl {INPUT} at (2,212) size 266x33
                  RenderBR {BR} at (270,236) size 0x0
                  RenderTextControl {INPUT} at (2,249) size 266x33
                  RenderBR {BR} at (270,273) size 0x0
      RenderBlock (anonymous) at (0,347) size 784x29
        RenderTextControl {INPUT} at (2,2) size 186x25
        RenderTextControl {INPUT} at (192,2) size 186x25
        RenderText {#text} at (0,0) size 0x0
layer at (13,56) size 82x11 scrollWidth 144
  RenderBlock {DIV} at (2,2) size 82x11
    RenderText {#text} at (1,0) size 142x11
      text run at (1,0) width 142: "A quick brown fox jumps over the lazy dog"
layer at (13,71) size 82x11 scrollWidth 144
  RenderBlock {DIV} at (2,2) size 82x11
    RenderText {#text} at (1,0) size 142x11
      text run at (1,0) width 142: "A quick brown fox jumps over the lazy dog"
layer at (13,86) size 102x12 scrollWidth 180
  RenderBlock {DIV} at (2,2) size 102x12
    RenderText {#text} at (1,0) size 178x12
      text run at (1,0) width 178: "A quick brown fox jumps over the lazy dog"
layer at (13,102) size 102x12 scrollWidth 180
  RenderBlock {DIV} at (2,2) size 102x12
    RenderText {#text} at (1,0) size 178x12
      text run at (1,0) width 178: "A quick brown fox jumps over the lazy dog"
layer at (13,118) size 122x13 scrollWidth 197
  RenderBlock {DIV} at (2,2) size 122x13
    RenderText {#text} at (1,0) size 195x13
      text run at (1,0) width 195: "A quick brown fox jumps over the lazy dog"
layer at (13,135) size 122x13 scrollWidth 197
  RenderBlock {DIV} at (2,2) size 122x13
    RenderText {#text} at (1,0) size 195x13
      text run at (1,0) width 195: "A quick brown fox jumps over the lazy dog"
layer at (15,154) size 122x15 scrollWidth 208
  RenderBlock {DIV} at (2,2) size 122x15
    RenderText {#text} at (1,0) size 206x15
      text run at (1,0) width 206: "A quick brown fox jumps over the lazy dog"
layer at (15,177) size 122x15 scrollWidth 208
  RenderBlock {DIV} at (2,2) size 122x15
    RenderText {#text} at (1,0) size 206x15
      text run at (1,0) width 206: "A quick brown fox jumps over the lazy dog"
layer at (15,200) size 142x16 scrollWidth 230
  RenderBlock {DIV} at (2,2) size 142x16
    RenderText {#text} at (1,0) size 228x16
      text run at (1,0) width 228: "A quick brown fox jumps over the lazy dog"
layer at (15,224) size 142x16 scrollWidth 230
  RenderBlock {DIV} at (2,2) size 142x16
    RenderText {#text} at (1,0) size 228x16
      text run at (1,0) width 228: "A quick brown fox jumps over the lazy dog"
layer at (15,248) size 142x17 scrollWidth 249
  RenderBlock {DIV} at (2,2) size 142x17
    RenderText {#text} at (1,0) size 247x17
      text run at (1,0) width 247: "A quick brown fox jumps over the lazy dog"
layer at (15,273) size 142x17 scrollWidth 249
  RenderBlock {DIV} at (2,2) size 142x17
    RenderText {#text} at (1,0) size 247x17
      text run at (1,0) width 247: "A quick brown fox jumps over the lazy dog"
layer at (15,298) size 162x18 scrollWidth 269
  RenderBlock {DIV} at (2,2) size 162x18
    RenderText {#text} at (1,0) size 267x18
      text run at (1,0) width 267: "A quick brown fox jumps over the lazy dog"
layer at (15,324) size 162x18 scrollWidth 269
  RenderBlock {DIV} at (2,2) size 162x18
    RenderText {#text} at (1,0) size 267x18
      text run at (1,0) width 267: "A quick brown fox jumps over the lazy dog"
layer at (189,52) size 162x20 scrollWidth 279
  RenderBlock {DIV} at (2,2) size 162x20
    RenderText {#text} at (1,0) size 277x20
      text run at (1,0) width 277: "A quick brown fox jumps over the lazy dog"
layer at (189,80) size 162x20 scrollWidth 279
  RenderBlock {DIV} at (2,2) size 162x20
    RenderText {#text} at (1,0) size 277x20
      text run at (1,0) width 277: "A quick brown fox jumps over the lazy dog"
layer at (189,108) size 182x21 scrollWidth 300
  RenderBlock {DIV} at (2,2) size 182x21
    RenderText {#text} at (1,0) size 298x21
      text run at (1,0) width 298: "A quick brown fox jumps over the lazy dog"
layer at (189,137) size 182x21 scrollWidth 300
  RenderBlock {DIV} at (2,2) size 182x21
    RenderText {#text} at (1,0) size 298x21
      text run at (1,0) width 298: "A quick brown fox jumps over the lazy dog"
layer at (189,166) size 182x22 scrollWidth 320
  RenderBlock {DIV} at (2,2) size 182x22
    RenderText {#text} at (1,0) size 318x22
      text run at (1,0) width 318: "A quick brown fox jumps over the lazy dog"
layer at (189,196) size 182x22 scrollWidth 320
  RenderBlock {DIV} at (2,2) size 182x22
    RenderText {#text} at (1,0) size 318x22
      text run at (1,0) width 318: "A quick brown fox jumps over the lazy dog"
layer at (189,226) size 202x24 scrollWidth 339
  RenderBlock {DIV} at (2,2) size 202x24
    RenderText {#text} at (1,0) size 337x24
      text run at (1,0) width 337: "A quick brown fox jumps over the lazy dog"
layer at (189,258) size 202x24 scrollWidth 339
  RenderBlock {DIV} at (2,2) size 202x24
    RenderText {#text} at (1,0) size 337x24
      text run at (1,0) width 337: "A quick brown fox jumps over the lazy dog"
layer at (189,290) size 222x25 scrollWidth 365
  RenderBlock {DIV} at (2,2) size 222x25
    RenderText {#text} at (1,0) size 363x25
      text run at (1,0) width 363: "A quick brown fox jumps over the lazy dog"
layer at (189,323) size 222x25 scrollWidth 365
  RenderBlock {DIV} at (2,2) size 222x25
    RenderText {#text} at (1,0) size 363x25
      text run at (1,0) width 363: "A quick brown fox jumps over the lazy dog"
layer at (423,62) size 222x26 scrollWidth 378
  RenderBlock {DIV} at (2,2) size 222x26
    RenderText {#text} at (1,0) size 376x26
      text run at (1,0) width 376: "A quick brown fox jumps over the lazy dog"
layer at (423,96) size 222x26 scrollWidth 378
  RenderBlock {DIV} at (2,2) size 222x26
    RenderText {#text} at (1,0) size 376x26
      text run at (1,0) width 376: "A quick brown fox jumps over the lazy dog"
layer at (423,130) size 242x27 scrollWidth 407
  RenderBlock {DIV} at (2,2) size 242x27
    RenderText {#text} at (1,0) size 405x27
      text run at (1,0) width 405: "A quick brown fox jumps over the lazy dog"
layer at (423,165) size 242x27 scrollWidth 407
  RenderBlock {DIV} at (2,2) size 242x27
    RenderText {#text} at (1,0) size 405x27
      text run at (1,0) width 405: "A quick brown fox jumps over the lazy dog"
layer at (423,200) size 242x28 scrollWidth 409
  RenderBlock {DIV} at (2,2) size 242x28
    RenderText {#text} at (1,0) size 407x28
      text run at (1,0) width 407: "A quick brown fox jumps over the lazy dog"
layer at (423,236) size 242x28 scrollWidth 409
  RenderBlock {DIV} at (2,2) size 242x28
    RenderText {#text} at (1,0) size 407x28
      text run at (1,0) width 407: "A quick brown fox jumps over the lazy dog"
layer at (423,272) size 262x29 scrollWidth 436
  RenderBlock {DIV} at (2,2) size 262x29
    RenderText {#text} at (1,0) size 434x29
      text run at (1,0) width 434: "A quick brown fox jumps over the lazy dog"
layer at (423,309) size 262x29 scrollWidth 436
  RenderBlock {DIV} at (2,2) size 262x29
    RenderText {#text} at (1,0) size 434x29
      text run at (1,0) width 434: "A quick brown fox jumps over the lazy dog"
layer at (12,359) size 182x21
  RenderBlock {DIV} at (2,2) size 182x21
layer at (202,359) size 182x21
  RenderBlock {DIV} at (2,2) size 182x21
