layer at (0,0) size 800x719
  RenderView at (0,0) size 800x600
layer at (0,0) size 800x719
  RenderBlock {HTML} at (0,0) size 800x719
    RenderBody {BODY} at (8,32) size 784x655
      RenderBlock {P} at (32,0) size 720x74 [color=#000080]
        RenderText {#text} at (0,0) size 711x73
          text run at (0,0) width 658: "\x{21E9} The following blue box should be exactly half the"
          text run at (0,37) width 80: "width "
          text run at (80,37) width 631: "of the viewport, on the left of the 50% ruler mark."
      RenderBlock (floating) {DIV} at (0,106) size 392x380 [color=#FFFFFF] [bgcolor=#0000FF]
        RenderText {#text} at (0,0) size 392x379
          text run at (0,0) width 392: "ignore this float text ignore this float text ignore this"
          text run at (0,20) width 43: "float "
          text run at (43,20) width 349: "text ignore this float text ignore this float text"
          text run at (0,40) width 78: "ignore this "
          text run at (78,40) width 314: "float text ignore this float text ignore this"
          text run at (0,60) width 127: "float text ignore "
          text run at (127,60) width 265: "this float text ignore this float text"
          text run at (0,80) width 159: "ignore this float text "
          text run at (159,80) width 233: "ignore this float text ignore this"
          text run at (0,100) width 202: "float text ignore this float "
          text run at (202,100) width 190: "text ignore this float text"
          text run at (0,120) width 238: "ignore this float text ignore this "
          text run at (238,120) width 154: "float text ignore this"
          text run at (0,140) width 286: "float text ignore this float text ignore "
          text run at (286,140) width 106: "this float text"
          text run at (0,160) width 319: "ignore this float text ignore this float text "
          text run at (319,160) width 73: "ignore this"
          text run at (0,180) width 361: "float text ignore this float text ignore this float "
          text run at (361,180) width 31: "text"
          text run at (0,200) width 392: "ignore this float text ignore this float text ignore this"
          text run at (0,220) width 392: "float text ignore this float text ignore this float text"
          text run at (0,240) width 47: "ignore "
          text run at (47,240) width 345: "this float text ignore this float text ignore this"
          text run at (0,260) width 80: "float text "
          text run at (80,260) width 312: "ignore this float text ignore this float text"
          text run at (0,280) width 122: "ignore this float "
          text run at (122,280) width 270: "text ignore this float text ignore this"
          text run at (0,300) width 158: "float text ignore this "
          text run at (158,300) width 234: "float text ignore this float text"
          text run at (0,320) width 207: "ignore this float text ignore "
          text run at (207,320) width 185: "this float text ignore this"
          text run at (0,340) width 239: "float text ignore this float text "
          text run at (239,340) width 153: "ignore this float text"
          text run at (0,360) width 261: "ignore this float text ignore this float"
      RenderBlock {DIV} at (0,106) size 784x480 [color=#C0C0C0]
        RenderText {#text} at (392,0) size 784x479
          text run at (392,0) width 392: "this is some dummy text this is some dummy text this is some"
          text run at (392,20) width 48: "dummy "
          text run at (440,20) width 344: "text this is some dummy text this is some dummy text this"
          text run at (392,40) width 49: "is some "
          text run at (441,40) width 343: "dummy text this is some dummy text this is some dummy"
          text run at (392,60) width 63: "text this is "
          text run at (455,60) width 329: "some dummy text this is some dummy text this is some"
          text run at (392,80) width 74: "dummy text "
          text run at (466,80) width 318: "this is some dummy text this is some dummy text this"
          text run at (392,100) width 98: "is some dummy "
          text run at (490,100) width 294: "text this is some dummy text this is some dummy"
          text run at (392,120) width 99: "text this is some "
          text run at (491,120) width 293: "dummy text this is some dummy text this is some"
          text run at (392,140) width 112: "dummy text this is "
          text run at (504,140) width 280: "some dummy text this is some dummy text this"
          text run at (392,160) width 124: "is some dummy text "
          text run at (516,160) width 268: "this is some dummy text this is some dummy"
          text run at (392,180) width 148: "text this is some dummy "
          text run at (540,180) width 244: "text this is some dummy text this is some"
          text run at (392,200) width 148: "dummy text this is some "
          text run at (540,200) width 244: "dummy text this is some dummy text this"
          text run at (392,220) width 162: "is some dummy text this is "
          text run at (554,220) width 230: "some dummy text this is some dummy"
          text run at (392,240) width 174: "text this is some dummy text "
          text run at (566,240) width 218: "this is some dummy text this is some"
          text run at (392,260) width 197: "dummy text this is some dummy "
          text run at (589,260) width 195: "text this is some dummy text this"
          text run at (392,280) width 198: "is some dummy text this is some "
          text run at (590,280) width 194: "dummy text this is some dummy"
          text run at (392,300) width 211: "text this is some dummy text this is "
          text run at (603,300) width 181: "some dummy text this is some"
          text run at (392,320) width 223: "dummy text this is some dummy text "
          text run at (615,320) width 169: "this is some dummy text this"
          text run at (392,340) width 247: "is some dummy text this is some dummy "
          text run at (639,340) width 145: "text this is some dummy"
          text run at (392,360) width 248: "text this is some dummy text this is some "
          text run at (640,360) width 144: "dummy text this is some"
          text run at (0,380) width 259: "dummy text this is some dummy text this is "
          text run at (259,380) width 407: "some dummy text this is some dummy text this is some dummy text "
          text run at (666,380) width 118: "this is some dummy"
          text run at (0,400) width 295: "text this is some dummy text this is some dummy "
          text run at (295,400) width 394: "text this is some dummy text this is some dummy text this is some "
          text run at (689,400) width 95: "dummy text this"
          text run at (0,420) width 308: "is some dummy text this is some dummy text this is "
          text run at (308,420) width 406: "some dummy text this is some dummy text this is some dummy text "
          text run at (714,420) width 70: "this is some"
          text run at (0,440) width 344: "dummy text this is some dummy text this is some dummy "
          text run at (344,440) width 396: "text this is some dummy text this is some dummy text this is some "
          text run at (740,440) width 44: "dummy"
          text run at (0,460) width 357: "text this is some dummy text this is some dummy text this is "
          text run at (357,460) width 253: "some dummy text this is some dummy text"
      RenderBlock {P} at (32,618) size 720x37 [color=#000080]
        RenderText {#text} at (14,0) size 706x36
          text run at (14,0) width 679: "The above gray text should flow around the blue box. "
          text run at (693,0) width 27: "\x{21E7}"
