layer at (0,0) size 800x708
  RenderView at (0,0) size 800x600
layer at (0,0) size 800x708
  RenderBlock {HTML} at (0,0) size 800x708
    RenderBody {BODY} at (8,18) size 784x672 [color=#000080]
      RenderBlock {P} at (0,0) size 784x672
        RenderText {#text} at (0,37) size 734x118
          text run at (0,37) width 734: "This text should be 18px sans-serif, in small-caps and italicized. The lines should be one inch"
          text run at (0,133) width 54: "apart. "
        RenderInline {SPAN} at (0,0) size 777x502 [color=#C0C0C0]
          RenderText {#text} at (54,133) size 777x502
            text run at (54,133) width 507: "dummy text dummy text dummy text dummy text dummy text dummy "
            text run at (561,133) width 216: "text dummy text dummy text"
            text run at (0,229) width 325: "dummy text dummy text dummy text dummy "
            text run at (325,229) width 450: "text dummy text dummy text dummy text dummy text dummy"
            text run at (0,325) width 91: "text dummy "
            text run at (91,325) width 546: "text dummy text dummy text dummy text dummy text dummy text dummy "
            text run at (637,325) width 125: "text dummy text"
            text run at (0,421) width 416: "dummy text dummy text dummy text dummy text dummy "
            text run at (416,421) width 359: "text dummy text dummy text dummy text dummy"
            text run at (0,517) width 182: "text dummy text dummy "
            text run at (182,517) width 546: "text dummy text dummy text dummy text dummy text dummy text dummy "
            text run at (728,517) width 34: "text"
            text run at (0,613) width 450: "dummy text dummy text dummy text dummy text dummy text"
        RenderText {#text} at (0,0) size 0x0
