layer at (0,0) size 800x600
  RenderView at (0,0) size 800x600
layer at (0,0) size 800x372
  RenderBlock {HTML} at (0,0) size 800x372
    RenderBody {BODY} at (8,16) size 784x348
      RenderBlock {P} at (0,0) size 784x40
        RenderText {#text} at (0,0) size 723x39
          text run at (0,0) width 723: "Test passes if the images of all the cats scroll when the box is scrolled. (Presence of cats behind the double border is UA"
          text run at (0,20) width 72: "dependent)."
      RenderBlock {DIV} at (0,348) size 784x0
layer at (8,72) size 292x292 clip at (58,122) size 192x192 scrollY 88 scrollHeight 280
  RenderBlock {DIV} at (0,56) size 292x292 [border: (50px double #000000)]
    RenderText {#text} at (50,50) size 191x279
      text run at (50,50) width 130: "Filler Text Filler Text "
      text run at (180,50) width 61: "Filler Text"
      text run at (50,70) width 130: "Filler Text Filler Text "
      text run at (180,70) width 61: "Filler Text"
      text run at (50,90) width 130: "Filler Text Filler Text "
      text run at (180,90) width 61: "Filler Text"
      text run at (50,110) width 130: "Filler Text Filler Text "
      text run at (180,110) width 61: "Filler Text"
      text run at (50,130) width 130: "Filler Text Filler Text "
      text run at (180,130) width 61: "Filler Text"
      text run at (50,150) width 130: "Filler Text Filler Text "
      text run at (180,150) width 61: "Filler Text"
      text run at (50,170) width 130: "Filler Text Filler Text "
      text run at (180,170) width 61: "Filler Text"
      text run at (50,190) width 130: "Filler Text Filler Text "
      text run at (180,190) width 61: "Filler Text"
      text run at (50,210) width 130: "Filler Text Filler Text "
      text run at (180,210) width 61: "Filler Text"
      text run at (50,230) width 130: "Filler Text Filler Text "
      text run at (180,230) width 61: "Filler Text"
      text run at (50,250) width 130: "Filler Text Filler Text "
      text run at (180,250) width 61: "Filler Text"
      text run at (50,270) width 130: "Filler Text Filler Text "
      text run at (180,270) width 61: "Filler Text"
      text run at (50,290) width 130: "Filler Text Filler Text "
      text run at (180,290) width 61: "Filler Text"
      text run at (50,310) width 61: "Filler Text"
