layer at (0,0) size 800x600
  RenderView at (0,0) size 800x600
layer at (0,0) size 800x232
  RenderBlock {HTML} at (0,0) size 800x232
    RenderBody {BODY} at (8,8) size 784x192
      RenderBlock (anonymous) at (0,0) size 784x18
        RenderInline {P} at (0,0) size 609x16 [color=#FFFFFF] [bgcolor=#FF0000]
          RenderText {#text} at (0,1) size 609x16
            text run at (0,1) width 609: "Ahem_font_would_be_nice_for_this_test."
        RenderText {#text} at (0,0) size 0x0
      RenderBlock {P} at (0,34) size 784x18
        RenderText {#text} at (0,0) size 303x17
          text run at (0,0) width 303: "The following two boxes should look identical."
      RenderBlock {DIV} at (32,84) size 102x38 [bgcolor=#FFFFFF] [border: (3px solid #000000)]
        RenderBlock (floating) {DIV} at (3,3) size 96x64 [color=#008000]
          RenderText {#text} at (63,0) size 33x64
            text run at (63,0) width 33: "x"
            text run at (63,32) width 33: "x"
      RenderBlock {DIV} at (32,154) size 102x38 [bgcolor=#FFFFFF] [border: (3px solid #000000)]
        RenderBlock (floating) {DIV} at (3,3) size 96x64 [color=#008000]
          RenderText {#text} at (63,0) size 33x64
            text run at (63,0) width 33: "x"
            text run at (63,32) width 33: "x"
