layer at (0,0) size 784x1432
  RenderView at (0,0) size 784x600
layer at (0,0) size 784x1432
  RenderBlock {HTML} at (0,0) size 784x1432
    RenderBody {BODY} at (8,8) size 768x1416
      RenderBlock {DIV} at (0,0) size 768x200
        RenderBlock (floating) {DIV} at (0,0) size 200x200 [bgcolor=#FF0000]
        RenderTable {TABLE} at (200,0) size 568x46 [border: (2px solid #008000)]
          RenderTableSection {TBODY} at (2,2) size 564x42
            RenderTableRow {TR} at (0,2) size 564x38
              RenderTableCell {TD} at (2,2) size 560x38 [r=0 c=0 rs=1 cs=1]
                RenderText {#text} at (1,1) size 520x35
                  text run at (1,1) width 520: "This is a table. It should sit on the same line as the float and wrap as needed to fit"
                  text run at (1,19) width 206: "within the remaining line width."
      RenderBlock {DIV} at (0,200) size 768x200
        RenderBlock (floating) {DIV} at (0,0) size 200x200 [bgcolor=#FF0000]
      RenderBlock {DIV} at (0,408) size 768x200
        RenderBlock (floating) {DIV} at (0,0) size 200x200 [bgcolor=#FF0000]
        RenderBlock {HR} at (200,0) size 568x2 [border: (1px inset #000000)]
      RenderBlock {DIV} at (0,608) size 768x200
        RenderBlock (floating) {DIV} at (0,0) size 200x200 [bgcolor=#FF0000]
        RenderTable {TABLE} at (200,0) size 384x46 [border: (2px solid #008000)]
          RenderTableSection {TBODY} at (2,2) size 380x42
            RenderTableRow {TR} at (0,2) size 380x38
              RenderTableCell {TD} at (2,2) size 376x38 [r=0 c=0 rs=1 cs=1]
                RenderText {#text} at (1,1) size 371x35
                  text run at (1,1) width 356: "This is a table. It should sit on the same line as the float"
                  text run at (1,19) width 371: "and wrap as needed to fit within the remaining line width."
      RenderBlock {DIV} at (0,808) size 768x200
        RenderBlock (floating) {DIV} at (0,0) size 200x200 [bgcolor=#FF0000]
      RenderBlock {DIV} at (0,1016) size 768x200
        RenderBlock (floating) {DIV} at (0,0) size 200x200 [bgcolor=#FF0000]
        RenderBlock {HR} at (200,0) size 386x2 [border: (1px inset #000000)]
      RenderBlock {DIV} at (0,1216) size 768x200
        RenderBlock (floating) {DIV} at (0,0) size 200x200 [bgcolor=#FF0000]
        RenderImage {IMG} at (200,0) size 384x50 [bgcolor=#008000]
layer at (208,208) size 568x56 clip at (210,210) size 548x36
  RenderBlock {DIV} at (200,0) size 568x56 [border: (2px solid #0000FF)]
    RenderText {#text} at (2,2) size 539x35
      text run at (2,2) width 539: "This is an overflow:scroll region. It should sit on the same line as the float and wrap"
      text run at (2,20) width 308: "as needed to fit within the remaining line width."
layer at (208,816) size 388x74 clip at (210,818) size 368x54
  RenderBlock {DIV} at (200,0) size 388x74 [border: (2px solid #0000FF)]
    RenderText {#text} at (2,2) size 368x53
      text run at (2,2) width 336: "This is an overflow:scroll region. It should sit on the"
      text run at (2,20) width 368: "same line as the float and wrap as needed to fit within the"
      text run at (2,38) width 138: "remaining line width."
