layer at (0,0) size 800x600
  RenderView at (0,0) size 800x600
layer at (0,0) size 800x166
  RenderBlock {HTML} at (0,0) size 800x166
    RenderBody {BODY} at (8,8) size 784x38
      RenderBlock (floating) {DIV} at (532,0) size 252x102 [border: (1px solid #FF0000)]
        RenderText {#text} at (1,1) size 85x17
          text run at (1,1) width 85: "TOP-RIGHT"
        RenderBR {BR} at (85,1) size 1x17
        RenderText {#text} at (1,19) size 69x17
          text run at (1,19) width 69: "float:right;"
        RenderBR {BR} at (69,19) size 1x17
        RenderText {#text} at (1,37) size 90x17
          text run at (1,37) width 90: "width: 250px;"
        RenderBR {BR} at (90,37) size 1x17
        RenderText {#text} at (1,55) size 89x17
          text run at (1,55) width 89: "height:100px;"
      RenderBlock {DIV} at (0,0) size 394x38 [border: (1px solid #FF0000)]
        RenderText {#text} at (1,1) size 31x17
          text run at (1,1) width 31: "TOP"
        RenderBR {BR} at (31,1) size 1x17
        RenderText {#text} at (1,19) size 75x17
          text run at (1,19) width 75: "width:50%;"
      RenderBlock (floating) {DIV} at (0,102) size 114x56 [border: (1px solid #FF0000)]
        RenderText {#text} at (1,1) size 112x17
          text run at (1,1) width 112: "BOTTOM-LEFT"
        RenderBR {BR} at (112,1) size 1x17
        RenderText {#text} at (1,19) size 64x17
          text run at (1,19) width 64: "float: left;"
        RenderBR {BR} at (64,19) size 1x17
        RenderText {#text} at (1,37) size 73x17
          text run at (1,37) width 73: "clear: both;"
