layer at (0,0) size 784x1228
  RenderView at (0,0) size 784x600
layer at (0,0) size 784x1228
  RenderBlock {HTML} at (0,0) size 784x1228
    RenderBody {BODY} at (8,20) size 768x1200 [color=#008000]
      RenderBlock {DIV} at (0,0) size 768x0
        RenderBlock (floating) {DIV} at (0,0) size 50x50 [color=#FF0000] [bgcolor=#FFFFE0]
          RenderText {#text} at (0,0) size 76x25
            text run at (0,0) width 76: "  A"
          RenderBR {BR} at (0,0) size 0x0
          RenderBR {BR} at (0,25) size 0x25
          RenderText {#text} at (0,50) size 26x25
            text run at (0,50) width 26: "B"
      RenderBlock {DIV} at (0,0) size 768x75
        RenderText {#text} at (50,0) size 26x25
          text run at (50,0) width 26: "X"
        RenderBR {BR} at (75,20) size 1x0
        RenderText {#text} at (0,50) size 26x25
          text run at (0,50) width 26: "Y"
      RenderBlock {DIV} at (0,75) size 768x50
      RenderBlock {DIV} at (0,145) size 768x0
        RenderBlock (floating) {DIV} at (0,0) size 50x50 [color=#FF0000] [bgcolor=#FFFFE0]
          RenderText {#text} at (0,0) size 76x25
            text run at (0,0) width 76: "  A"
          RenderBR {BR} at (0,0) size 0x0
          RenderBR {BR} at (0,25) size 0x25
          RenderText {#text} at (0,50) size 26x25
            text run at (0,50) width 26: "B"
      RenderBlock {DIV} at (0,145) size 768x75
        RenderInline {SPAN} at (0,0) size 76x75
          RenderText {#text} at (50,0) size 26x25
            text run at (50,0) width 26: "X"
          RenderBR {BR} at (75,20) size 1x0
          RenderText {#text} at (0,50) size 26x25
            text run at (0,50) width 26: "Y"
        RenderText {#text} at (0,0) size 0x0
