layer at (0,0) size 784x638
  RenderView at (0,0) size 784x600
layer at (0,0) size 784x638
  RenderBlock {HTML} at (0,0) size 784x638
    RenderBody {BODY} at (8,21) size 768x599
      RenderBlock {H1} at (0,0) size 768x74
        RenderText {#text} at (0,0) size 542x36
          text run at (0,0) width 542: "Margins and block formating contexts ("
        RenderInline {A} at (0,0) size 749x73 [color=#0000EE]
          RenderText {#text} at (541,0) size 749x73
            text run at (541,0) width 208: "additional tests"
            text run at (0,37) width 255: "from Alan Gresley"
        RenderText {#text} at (254,37) size 11x36
          text run at (254,37) width 11: ")"
      RenderBlock {H3} at (0,95) size 768x66
        RenderText {#text} at (0,0) size 697x21
          text run at (0,0) width 697: "The orange stripe has 'overflow: auto', 'margin-left: 100px' and 'margin-right: 100px'"
        RenderBR {BR} at (696,0) size 1x21
        RenderText {#text} at (0,22) size 659x21
          text run at (0,22) width 659: "The lime stripes are floats with various width (topmost is 0, bottommost is 150px)"
        RenderBR {BR} at (658,22) size 1x21
        RenderText {#text} at (0,44) size 401x21
          text run at (0,44) width 401: "The wrapping container has a solid silver border."
      RenderBlock {DIV} at (16,179) size 650x28 [border: (5px solid #C0C0C0)]
        RenderBlock (floating) {DIV} at (5,5) size 0x16 [bgcolor=#00FF00]
          RenderText {#text} at (0,0) size 40x17
            text run at (0,0) width 40: "floatL"
      RenderBlock {DIV} at (16,223) size 650x28 [border: (5px solid #C0C0C0)]
        RenderBlock (floating) {DIV} at (5,5) size 50x16 [bgcolor=#00FF00]
          RenderText {#text} at (0,0) size 40x17
            text run at (0,0) width 40: "floatL"
      RenderBlock {DIV} at (16,267) size 650x28 [border: (5px solid #C0C0C0)]
        RenderBlock (floating) {DIV} at (5,5) size 100x16 [bgcolor=#00FF00]
          RenderText {#text} at (0,0) size 40x17
            text run at (0,0) width 40: "floatL"
      RenderBlock {DIV} at (16,311) size 650x28 [border: (5px solid #C0C0C0)]
        RenderBlock (floating) {DIV} at (5,5) size 150x16 [bgcolor=#00FF00]
          RenderText {#text} at (0,0) size 84x17
            text run at (0,0) width 84: "floatL 150px"
      RenderBlock {DIV} at (16,355) size 650x28 [border: (5px solid #C0C0C0)]
        RenderBlock (floating) {DIV} at (645,5) size 0x16 [bgcolor=#00FF00]
          RenderText {#text} at (0,0) size 40x17
            text run at (0,0) width 40: "floatR"
      RenderBlock {DIV} at (16,399) size 650x28 [border: (5px solid #C0C0C0)]
        RenderBlock (floating) {DIV} at (595,5) size 50x16 [bgcolor=#00FF00]
          RenderText {#text} at (0,0) size 40x17
            text run at (0,0) width 40: "floatR"
      RenderBlock {DIV} at (16,443) size 650x28 [border: (5px solid #C0C0C0)]
        RenderBlock (floating) {DIV} at (545,5) size 100x16 [bgcolor=#00FF00]
          RenderText {#text} at (0,0) size 40x17
            text run at (0,0) width 40: "floatR"
      RenderBlock {DIV} at (16,487) size 650x28 [border: (5px solid #C0C0C0)]
        RenderBlock (floating) {DIV} at (495,5) size 150x16 [bgcolor=#00FF00]
          RenderText {#text} at (0,0) size 84x17
            text run at (0,0) width 84: "floatR 150px"
      RenderBlock {H3} at (0,533) size 768x66
        RenderText {#text} at (0,0) size 671x21
          text run at (0,0) width 671: "The orange stripe has 'overflow: auto', 'margin-left: auto' and 'margin-right: auto'"
        RenderBR {BR} at (670,0) size 1x21
        RenderText {#text} at (0,22) size 659x21
          text run at (0,22) width 659: "The lime stripes are floats with various width (topmost is 0, bottommost is 150px)"
        RenderBR {BR} at (658,22) size 1x21
        RenderText {#text} at (0,44) size 401x21
          text run at (0,44) width 401: "The wrapping container has a solid silver border."
layer at (129,205) size 440x18
  RenderBlock {DIV} at (105,5) size 440x18 [bgcolor=#FFA500]
    RenderText {#text} at (0,0) size 175x17
      text run at (0,0) width 175: "<div> with 'overflow: auto'"
layer at (129,249) size 440x18
  RenderBlock {DIV} at (105,5) size 440x18 [bgcolor=#FFA500]
    RenderText {#text} at (0,0) size 175x17
      text run at (0,0) width 175: "<div> with 'overflow: auto'"
layer at (129,293) size 440x18
  RenderBlock {DIV} at (105,5) size 440x18 [bgcolor=#FFA500]
    RenderText {#text} at (0,0) size 175x17
      text run at (0,0) width 175: "<div> with 'overflow: auto'"
layer at (179,337) size 390x18
  RenderBlock {DIV} at (155,5) size 390x18 [bgcolor=#FFA500]
    RenderText {#text} at (0,0) size 175x17
      text run at (0,0) width 175: "<div> with 'overflow: auto'"
layer at (129,381) size 440x18
  RenderBlock {DIV} at (105,5) size 440x18 [bgcolor=#FFA500]
    RenderText {#text} at (0,0) size 175x17
      text run at (0,0) width 175: "<div> with 'overflow: auto'"
layer at (129,425) size 440x18
  RenderBlock {DIV} at (105,5) size 440x18 [bgcolor=#FFA500]
    RenderText {#text} at (0,0) size 175x17
      text run at (0,0) width 175: "<div> with 'overflow: auto'"
layer at (129,469) size 440x18
  RenderBlock {DIV} at (105,5) size 440x18 [bgcolor=#FFA500]
    RenderText {#text} at (0,0) size 175x17
      text run at (0,0) width 175: "<div> with 'overflow: auto'"
layer at (129,513) size 390x18
  RenderBlock {DIV} at (105,5) size 390x18 [bgcolor=#FFA500]
    RenderText {#text} at (0,0) size 175x17
      text run at (0,0) width 175: "<div> with 'overflow: auto'"
