layer at (0,0) size 784x2495
  RenderView at (0,0) size 784x600
layer at (0,0) size 784x2495
  RenderBlock {HTML} at (0,0) size 784x2495
    RenderBody {BODY} at (8,8) size 768x2479
      RenderBlock (anonymous) at (0,0) size 768x36
        RenderText {#text} at (0,0) size 755x35
          text run at (0,0) width 548: "Test of objects that avoid floats to see what they do with percentage and auto widths. "
          text run at (547,0) width 208: "This test is designed to illustrate"
          text run at (0,18) width 483: "that we have removed the WinIE quirk and are behaving more like Firefox."
      RenderBlock {HR} at (0,44) size 768x2 [border: (1px inset #000000)]
      RenderBlock (anonymous) at (0,54) size 768x18
        RenderText {#text} at (0,0) size 518x17
          text run at (0,0) width 518: "The inline-level button should be below the select and fill the width of the block."
      RenderBlock {P} at (0,88) size 220x101 [border: (10px solid #FF0000)]
        RenderText {#text} at (10,10) size 60x17
          text run at (10,10) width 60: "Line One"
        RenderBR {BR} at (69,24) size 1x0
        RenderMenuList {SELECT} at (10,30) size 100x28 [bgcolor=#FFFFFF] [border: (1px solid #000000)]
          RenderBlock (anonymous) at (1,1) size 98x26
            RenderText at (4,4) size 31x17
              text run at (4,4) width 31: "One"
        RenderText {#text} at (0,0) size 0x0
        RenderButton {INPUT} at (10,62) size 200x27 [bgcolor=#C0C0C0] [border: (2px outset #C0C0C0)]
          RenderBlock (anonymous) at (8,4) size 184x18
            RenderText at (84,0) size 16x17
              text run at (84,0) width 16: "Hi"
        RenderText {#text} at (0,0) size 0x0
      RenderBlock (anonymous) at (0,205) size 768x18
        RenderText {#text} at (0,0) size 482x17
          text run at (0,0) width 482: "The floating button with a percentage width should be even with the select."
      RenderBlock {P} at (0,239) size 220x70 [border: (10px solid #FF0000)]
        RenderText {#text} at (10,10) size 60x17
          text run at (10,10) width 60: "Line One"
        RenderBR {BR} at (69,24) size 1x0
        RenderMenuList {SELECT} at (10,30) size 100x28 [bgcolor=#FFFFFF] [border: (1px solid #000000)]
          RenderBlock (anonymous) at (1,1) size 98x26
            RenderText at (4,4) size 31x17
              text run at (4,4) width 31: "One"
        RenderText {#text} at (0,0) size 0x0
        RenderButton {INPUT} at (110,30) size 100x27 [bgcolor=#C0C0C0] [border: (2px outset #C0C0C0)]
          RenderBlock (anonymous) at (8,4) size 84x18
            RenderText at (34,0) size 16x17
              text run at (34,0) width 16: "Hi"
        RenderText {#text} at (0,0) size 0x0
        RenderBR {BR} at (210,28) size 0x17
      RenderBlock (anonymous) at (0,325) size 768x18
        RenderText {#text} at (0,0) size 470x17
          text run at (0,0) width 470: "The block-level button with an auto width should be even with the select."
      RenderBlock {P} at (0,359) size 220x87 [border: (10px solid #FF0000)]
        RenderBlock (anonymous) at (10,10) size 200x18
          RenderText {#text} at (0,0) size 60x17
            text run at (0,0) width 60: "Line One"
          RenderBR {BR} at (59,14) size 1x0
          RenderMenuList {SELECT} at (0,20) size 100x28 [bgcolor=#FFFFFF] [border: (1px solid #000000)]
            RenderBlock (anonymous) at (1,1) size 98x26
              RenderText at (4,4) size 31x17
                text run at (4,4) width 31: "One"
          RenderText {#text} at (0,0) size 0x0
        RenderButton {INPUT} at (110,30) size 32x27 [bgcolor=#C0C0C0] [border: (2px outset #C0C0C0)]
          RenderBlock (anonymous) at (8,4) size 16x18
            RenderText at (0,0) size 16x17
              text run at (0,0) width 16: "Hi"
        RenderBlock (anonymous) at (10,59) size 200x18
          RenderBR {BR} at (100,0) size 0x17
      RenderBlock (anonymous) at (0,462) size 768x18
        RenderText {#text} at (0,0) size 504x17
          text run at (0,0) width 504: "The block-level button with a percentage width should be even with the select."
      RenderBlock {P} at (0,496) size 220x87 [border: (10px solid #FF0000)]
        RenderBlock (anonymous) at (10,10) size 200x18
          RenderText {#text} at (0,0) size 60x17
            text run at (0,0) width 60: "Line One"
          RenderBR {BR} at (59,14) size 1x0
          RenderMenuList {SELECT} at (0,20) size 100x28 [bgcolor=#FFFFFF] [border: (1px solid #000000)]
            RenderBlock (anonymous) at (1,1) size 98x26
              RenderText at (4,4) size 31x17
                text run at (4,4) width 31: "One"
          RenderText {#text} at (0,0) size 0x0
        RenderButton {INPUT} at (110,30) size 100x27 [bgcolor=#C0C0C0] [border: (2px outset #C0C0C0)]
          RenderBlock (anonymous) at (8,4) size 84x18
            RenderText at (34,0) size 16x17
              text run at (34,0) width 16: "Hi"
        RenderBlock (anonymous) at (10,59) size 200x18
          RenderBR {BR} at (100,0) size 0x17
      RenderBlock (anonymous) at (0,599) size 768x18
        RenderText {#text} at (0,0) size 472x17
          text run at (0,0) width 472: "The floating table with a percentage width should be even with the select."
      RenderBlock {P} at (0,633) size 220x70 [border: (10px solid #FF0000)]
        RenderText {#text} at (10,10) size 60x17
          text run at (10,10) width 60: "Line One"
        RenderBR {BR} at (69,24) size 1x0
        RenderMenuList {SELECT} at (10,30) size 100x28 [bgcolor=#FFFFFF] [border: (1px solid #000000)]
          RenderBlock (anonymous) at (1,1) size 98x26
            RenderText at (4,4) size 31x17
              text run at (4,4) width 31: "One"
        RenderText {#text} at (0,0) size 0x0
        RenderTable {TABLE} at (110,28) size 100x30 [border: (2px outset #808080)]
          RenderTableSection {TBODY} at (2,2) size 96x26
            RenderTableRow {TR} at (0,2) size 96x22
              RenderTableCell {TD} at (2,2) size 92x22 [border: (1px inset #808080)] [r=0 c=0 rs=1 cs=1]
                RenderText {#text} at (2,2) size 37x17
                  text run at (2,2) width 37: "Table"
        RenderText {#text} at (0,0) size 0x0
        RenderBR {BR} at (210,28) size 0x17
      RenderBlock (anonymous) at (0,719) size 768x36
        RenderText {#text} at (0,0) size 751x35
          text run at (0,0) width 751: "The floating table with an auto width should be even with the select and shrinks to use the available line width. THIS"
          text run at (0,18) width 180: "IS CURRENTLY BUGGY."
      RenderBlock {P} at (0,771) size 220x136 [border: (10px solid #FF0000)]
        RenderText {#text} at (10,10) size 60x17
          text run at (10,10) width 60: "Line One"
        RenderBR {BR} at (69,24) size 1x0
        RenderMenuList {SELECT} at (10,30) size 100x28 [bgcolor=#FFFFFF] [border: (1px solid #000000)]
          RenderBlock (anonymous) at (1,1) size 98x26
            RenderText at (4,4) size 31x17
              text run at (4,4) width 31: "One"
        RenderText {#text} at (0,0) size 0x0
        RenderTable {TABLE} at (10,60) size 200x66 [border: (2px outset #808080)]
          RenderTableSection {TBODY} at (2,2) size 196x62
            RenderTableRow {TR} at (0,2) size 196x58
              RenderTableCell {TD} at (2,2) size 192x58 [border: (1px inset #808080)] [r=0 c=0 rs=1 cs=1]
                RenderText {#text} at (2,2) size 165x53
                  text run at (2,2) width 164: "Floating table that should"
                  text run at (2,20) width 165: "shrink so it can be next to"
                  text run at (2,38) width 93: "previous float."
        RenderText {#text} at (0,0) size 0x0
        RenderBR {BR} at (110,28) size 0x17
      RenderBlock (anonymous) at (0,923) size 768x18
        RenderText {#text} at (0,0) size 746x17
          text run at (0,0) width 589: "The block-level table below has a percentage width and should still be even with the select. "
          text run at (588,0) width 158: "It spills out of the block."
      RenderBlock {P} at (0,957) size 220x154 [border: (10px solid #FF0000)]
        RenderBlock (anonymous) at (10,10) size 200x18
          RenderText {#text} at (0,0) size 60x17
            text run at (0,0) width 60: "Line One"
          RenderBR {BR} at (59,14) size 1x0
          RenderMenuList {SELECT} at (0,20) size 100x28 [bgcolor=#FFFFFF] [border: (1px solid #000000)]
            RenderBlock (anonymous) at (1,1) size 98x26
              RenderText at (4,4) size 31x17
                text run at (4,4) width 31: "One"
          RenderText {#text} at (0,0) size 0x0
        RenderTable {TABLE} at (10,60) size 200x66 [border: (2px outset #808080)]
          RenderTableSection {TBODY} at (2,2) size 196x62
            RenderTableRow {TR} at (0,2) size 196x58
              RenderTableCell {TD} at (2,2) size 192x58 [border: (1px inset #808080)] [r=0 c=0 rs=1 cs=1]
                RenderText {#text} at (2,2) size 165x53
                  text run at (2,2) width 164: "Floating table that should"
                  text run at (2,20) width 165: "shrink so it can be next to"
                  text run at (2,38) width 93: "previous float."
        RenderBlock (anonymous) at (10,126) size 200x18
          RenderBR {BR} at (0,0) size 0x17
      RenderBlock (anonymous) at (0,1127) size 768x18
        RenderText {#text} at (0,0) size 759x17
          text run at (0,0) width 555: "The block-level table below has an auto width and should still be even with the select. "
          text run at (554,0) width 205: "It shrinks to fit inside the block."
      RenderBlock {P} at (0,1161) size 220x194 [border: (10px solid #FF0000)]
        RenderBlock (anonymous) at (10,10) size 200x18
          RenderText {#text} at (0,0) size 60x17
            text run at (0,0) width 60: "Line One"
          RenderBR {BR} at (59,14) size 1x0
          RenderMenuList {SELECT} at (0,20) size 100x28 [bgcolor=#FFFFFF] [border: (1px solid #000000)]
            RenderBlock (anonymous) at (1,1) size 98x26
              RenderText at (4,4) size 31x17
                text run at (4,4) width 31: "One"
          RenderText {#text} at (0,0) size 0x0
        RenderTable {TABLE} at (110,28) size 100x138 [border: (2px outset #808080)]
          RenderTableSection {TBODY} at (2,2) size 96x134
            RenderTableRow {TR} at (0,2) size 96x130
              RenderTableCell {TD} at (2,2) size 92x130 [border: (1px inset #808080)] [r=0 c=0 rs=1 cs=1]
                RenderText {#text} at (2,2) size 87x125
                  text run at (2,2) width 54: "Floating"
                  text run at (2,20) width 60: "table that"
                  text run at (2,38) width 87: "should shrink"
                  text run at (2,56) width 73: "so it can be"
                  text run at (2,74) width 44: "next to"
                  text run at (2,92) width 56: "previous"
                  text run at (2,110) width 34: "float."
        RenderBlock (anonymous) at (10,166) size 200x18
          RenderBR {BR} at (0,0) size 0x17
      RenderBlock (anonymous) at (0,1371) size 768x18
        RenderText {#text} at (0,0) size 548x17
          text run at (0,0) width 548: "The floating overflow section with a percentage width should be even with the select."
      RenderBlock {DIV} at (0,1389) size 220x146 [border: (10px solid #FF0000)]
        RenderText {#text} at (10,10) size 60x17
          text run at (10,10) width 60: "Line One"
        RenderBR {BR} at (69,24) size 1x0
        RenderMenuList {SELECT} at (10,30) size 100x28 [bgcolor=#FFFFFF] [border: (1px solid #000000)]
          RenderBlock (anonymous) at (1,1) size 98x26
            RenderText at (4,4) size 31x17
              text run at (4,4) width 31: "One"
        RenderText {#text} at (0,0) size 0x0
        RenderText {#text} at (0,0) size 0x0
        RenderBR {BR} at (210,28) size 0x17
      RenderBlock (anonymous) at (0,1535) size 768x36
        RenderText {#text} at (0,0) size 743x35
          text run at (0,0) width 743: "The floating overflow section with an auto width should be even with the select and shrinks to use the available line"
          text run at (0,18) width 264: "width. THIS IS CURRENTLY BUGGY."
      RenderBlock {DIV} at (0,1571) size 220x124 [border: (10px solid #FF0000)]
        RenderText {#text} at (10,10) size 60x17
          text run at (10,10) width 60: "Line One"
        RenderBR {BR} at (69,24) size 1x0
        RenderMenuList {SELECT} at (10,30) size 100x28 [bgcolor=#FFFFFF] [border: (1px solid #000000)]
          RenderBlock (anonymous) at (1,1) size 98x26
            RenderText at (4,4) size 31x17
              text run at (4,4) width 31: "One"
        RenderText {#text} at (0,0) size 0x0
        RenderText {#text} at (0,0) size 0x0
        RenderBR {BR} at (110,28) size 0x17
      RenderBlock (anonymous) at (0,1695) size 768x18
        RenderText {#text} at (0,0) size 661x17
          text run at (0,0) width 661: "The block-level overflow section below has a percentage width and should still be even with the select."
      RenderBlock {DIV} at (0,1713) size 220x164 [border: (10px solid #FF0000)]
        RenderBlock (anonymous) at (10,10) size 200x18
          RenderText {#text} at (0,0) size 60x17
            text run at (0,0) width 60: "Line One"
          RenderBR {BR} at (59,14) size 1x0
          RenderMenuList {SELECT} at (0,20) size 100x28 [bgcolor=#FFFFFF] [border: (1px solid #000000)]
            RenderBlock (anonymous) at (1,1) size 98x26
              RenderText at (4,4) size 31x17
                text run at (4,4) width 31: "One"
          RenderText {#text} at (0,0) size 0x0
        RenderBlock (anonymous) at (10,136) size 200x18
          RenderBR {BR} at (0,0) size 0x17
      RenderBlock (anonymous) at (0,1877) size 768x36
        RenderText {#text} at (0,0) size 768x35
          text run at (0,0) width 631: "The block-level overflow section below has an auto width and should still be even with the select. "
          text run at (630,0) width 138: "It shrinks to fit inside"
          text run at (0,18) width 64: "the block."
      RenderBlock {DIV} at (0,1913) size 220x164 [border: (10px solid #FF0000)]
        RenderBlock (anonymous) at (10,10) size 200x18
          RenderText {#text} at (0,0) size 60x17
            text run at (0,0) width 60: "Line One"
          RenderBR {BR} at (59,14) size 1x0
          RenderMenuList {SELECT} at (0,20) size 100x28 [bgcolor=#FFFFFF] [border: (1px solid #000000)]
            RenderBlock (anonymous) at (1,1) size 98x26
              RenderText at (4,4) size 31x17
                text run at (4,4) width 31: "One"
          RenderText {#text} at (0,0) size 0x0
        RenderBlock (anonymous) at (10,136) size 200x18
          RenderBR {BR} at (0,0) size 0x17
      RenderBlock (anonymous) at (0,2077) size 768x18
        RenderText {#text} at (0,0) size 454x17
          text run at (0,0) width 454: "The floating hr with a percentage width should be even with the select."
      RenderBlock {DIV} at (0,2095) size 220x70 [border: (10px solid #FF0000)]
        RenderText {#text} at (10,10) size 60x17
          text run at (10,10) width 60: "Line One"
        RenderBR {BR} at (69,24) size 1x0
        RenderMenuList {SELECT} at (10,30) size 100x28 [bgcolor=#FFFFFF] [border: (1px solid #000000)]
          RenderBlock (anonymous) at (1,1) size 98x26
            RenderText at (4,4) size 31x17
              text run at (4,4) width 31: "One"
        RenderText {#text} at (0,0) size 0x0
        RenderBlock (floating) {HR} at (112,30) size 82x2 [border: (1px inset #000000)]
        RenderText {#text} at (0,0) size 0x0
        RenderBR {BR} at (196,28) size 0x17
      RenderBlock (anonymous) at (0,2165) size 768x36
        RenderText {#text} at (0,0) size 768x35
          text run at (0,0) width 768: "The floating hr below should still be even with the select and shrinks to use its intrinsic width (which is basically like 1-"
          text run at (0,18) width 34: "2px)."
      RenderBlock {DIV} at (0,2201) size 220x70 [border: (10px solid #FF0000)]
        RenderText {#text} at (10,10) size 60x17
          text run at (10,10) width 60: "Line One"
        RenderBR {BR} at (69,24) size 1x0
        RenderMenuList {SELECT} at (10,30) size 100x28 [bgcolor=#FFFFFF] [border: (1px solid #000000)]
          RenderBlock (anonymous) at (1,1) size 98x26
            RenderText at (4,4) size 31x17
              text run at (4,4) width 31: "One"
        RenderText {#text} at (0,0) size 0x0
        RenderBlock (floating) {HR} at (112,30) size 2x2 [border: (1px inset #000000)]
        RenderText {#text} at (0,0) size 0x0
        RenderBR {BR} at (116,28) size 0x17
      RenderBlock (anonymous) at (0,2271) size 768x18
        RenderText {#text} at (0,0) size 567x17
          text run at (0,0) width 567: "The block-level hr below has a percentage width and should still be even with the select."
      RenderBlock {DIV} at (0,2289) size 220x98 [border: (10px solid #FF0000)]
        RenderBlock (anonymous) at (10,10) size 200x18
          RenderText {#text} at (0,0) size 60x17
            text run at (0,0) width 60: "Line One"
          RenderBR {BR} at (59,14) size 1x0
          RenderMenuList {SELECT} at (0,20) size 100x28 [bgcolor=#FFFFFF] [border: (1px solid #000000)]
            RenderBlock (anonymous) at (1,1) size 98x26
              RenderText at (4,4) size 31x17
                text run at (4,4) width 31: "One"
          RenderText {#text} at (0,0) size 0x0
        RenderBlock {HR} at (10,60) size 202x2 [border: (1px inset #000000)]
        RenderBlock (anonymous) at (10,70) size 200x18
          RenderBR {BR} at (0,0) size 0x17
      RenderBlock (anonymous) at (0,2387) size 768x18
        RenderText {#text} at (0,0) size 636x17
          text run at (0,0) width 538: "The block-level hr below has an auto width and should still be even with the select. "
          text run at (537,0) width 99: "It shrinks to fit."
      RenderBlock {DIV} at (0,2405) size 220x74 [border: (10px solid #FF0000)]
        RenderBlock (anonymous) at (10,10) size 200x18
          RenderText {#text} at (0,0) size 60x17
            text run at (0,0) width 60: "Line One"
          RenderBR {BR} at (59,14) size 1x0
          RenderMenuList {SELECT} at (0,20) size 100x28 [bgcolor=#FFFFFF] [border: (1px solid #000000)]
            RenderBlock (anonymous) at (1,1) size 98x26
              RenderText at (4,4) size 31x17
                text run at (4,4) width 31: "One"
          RenderText {#text} at (0,0) size 0x0
        RenderBlock {HR} at (110,36) size 100x2 [border: (1px inset #000000)]
        RenderBlock (anonymous) at (10,46) size 200x18
          RenderBR {BR} at (100,0) size 0x17
layer at (118,1425) size 100x108
  RenderBlock (floating) {DIV} at (110,28) size 100x108
    RenderText {#text} at (0,0) size 100x107
      text run at (0,0) width 63: "This is an"
      text run at (0,18) width 58: "overflow"
      text run at (0,36) width 78: "section with"
      text run at (0,54) width 92: "enough text to"
      text run at (0,72) width 100: "have to wrap to"
      text run at (0,90) width 92: "multiple lines."
layer at (18,1639) size 200x54
  RenderBlock (floating) {DIV} at (10,60) size 200x54
    RenderText {#text} at (0,0) size 175x53
      text run at (0,0) width 174: "This is an overflow section"
      text run at (0,18) width 175: "with enough text to have to"
      text run at (0,36) width 144: "wrap to multiple lines."
layer at (118,1749) size 100x108
  RenderBlock {DIV} at (110,28) size 100x108
    RenderText {#text} at (0,0) size 100x107
      text run at (0,0) width 63: "This is an"
      text run at (0,18) width 58: "overflow"
      text run at (0,36) width 78: "section with"
      text run at (0,54) width 92: "enough text to"
      text run at (0,72) width 100: "have to wrap to"
      text run at (0,90) width 92: "multiple lines."
layer at (118,1949) size 100x108
  RenderBlock {DIV} at (110,28) size 100x108
    RenderText {#text} at (0,0) size 100x107
      text run at (0,0) width 63: "This is an"
      text run at (0,18) width 58: "overflow"
      text run at (0,36) width 78: "section with"
      text run at (0,54) width 92: "enough text to"
      text run at (0,72) width 100: "have to wrap to"
      text run at (0,90) width 92: "multiple lines."
