layer at (0,0) size 800x600
  RenderView at (0,0) size 800x600
layer at (0,0) size 800x140
  RenderBlock {HTML} at (0,0) size 800x140
    RenderBody {BODY} at (8,16) size 784x108
      RenderBlock (floating) {DIV} at (554,0) size 230x58 [bgcolor=#CC6666]
        RenderText {#text} at (20,20) size 190x17
          text run at (20,20) width 190: "DIV NUMBER 1: float:right;"
      RenderBlock (floating) {DIV} at (480,58) size 304x58 [bgcolor=#99CC66]
        RenderText {#text} at (20,20) size 264x17
          text run at (20,20) width 264: "DIV NUMBER 2: clear:right; float:right;"
      RenderBlock (floating) {DIV} at (0,58) size 221x58 [bgcolor=#6699FF]
        RenderText {#text} at (20,20) size 181x17
          text run at (20,20) width 181: "DIV NUMBER 3: float:left;"
      RenderBlock {P} at (0,0) size 784x108
        RenderText {#text} at (0,0) size 554x89
          text run at (0,0) width 543: "The first element is floated to the right. The second element clears the right float and"
          text run at (0,18) width 554: "also floats right. The third element is floated to the left, but is forced below the bottom"
          text run at (0,36) width 553: "of the first element. Yet, somehow this paragraph comes at the end of the markup, and"
          text run at (0,54) width 542: "manages to rise to the top of the page. This behavior is present in Firefox, Safari and"
          text run at (221,72) width 48: "Opera. "
        RenderInline {A} at (0,0) size 229x35 [color=#0000EE]
          RenderInline {STRONG} at (0,0) size 229x35
            RenderText {#text} at (268,72) size 229x35
              text run at (268,72) width 182: "Click here for a real world"
              text run at (221,90) width 137: "example of this bug."
