layer at (0,0) size 800x600
  RenderView at (0,0) size 800x600
layer at (0,0) size 800x600
  RenderBlock {HTML} at (0,0) size 800x600
    RenderBody {BODY} at (8,8) size 784x584
      RenderBlock {P} at (0,0) size 784x36
        RenderText {#text} at (0,0) size 55x17
          text run at (0,0) width 55: "Test for "
        RenderInline {I} at (0,0) size 724x35
          RenderInline {A} at (0,0) size 306x17 [color=#0000EE]
            RenderText {#text} at (54,0) size 306x17
              text run at (54,0) width 306: "http://bugs.webkit.org/show_bug.cgi?id=15296"
          RenderText {#text} at (359,0) size 724x35
            text run at (359,0) width 5: " "
            text run at (363,0) width 361: "REGRESSION (r19716-r19719): width not specified for"
            text run at (0,18) width 299: "<marquee> tag is causing the alignment issue"
        RenderText {#text} at (298,18) size 5x17
          text run at (298,18) width 5: "."
      RenderBlock {P} at (0,52) size 784x18
        RenderText {#text} at (0,0) size 273x17
          text run at (0,0) width 273: "This should be a green 100\x{D7}100px square:"
      RenderBlock {DIV} at (0,86) size 100x100 [bgcolor=#FF0000]
        RenderBlock (floating) {DIV} at (0,0) size 50x100 [bgcolor=#008000]
        RenderBlock {DIV} at (0,0) size 100x100
          RenderText {#text} at (0,0) size 0x0
layer at (58,94) size 50x100 scrollX -50
  RenderBlock {MARQUEE} at (50,0) size 50x100 [bgcolor=#008000]
