layer at (0,0) size 800x751
  RenderView at (0,0) size 800x600
layer at (0,0) size 800x751
  RenderBlock {HTML} at (0,0) size 800x751
    RenderBody {BODY} at (8,8) size 784x735 [bgcolor=#CCCCCC]
      RenderBlock {P} at (0,0) size 784x20
        RenderInline (generated) at (0,0) size 9x19 [color=#800000]
          RenderText {#text} at (0,0) size 9x19
            text run at (0,0) width 9: "T"
        RenderText {#text} at (9,0) size 328x19
          text run at (9,0) width 328: "he style declarations which apply to the text below are:"
      RenderBlock {PRE} at (0,36) size 784x64
        RenderText {#text} at (0,0) size 312x64
          text run at (0,0) width 248: "P:first-letter {color: maroon;}"
          text run at (248,0) width 0: " "
          text run at (0,16) width 288: ".two:first-letter {font-size: 200%;}"
          text run at (288,16) width 0: " "
          text run at (0,32) width 312: "P.three:first-letter {font-size: 350%;}"
          text run at (312,32) width 0: " "
          text run at (0,48) width 0: " "
      RenderBlock {HR} at (0,113) size 784x2 [border: (1px inset #000000)]
      RenderBlock {P} at (0,131) size 784x60
        RenderInline (generated) at (0,0) size 9x19 [color=#800000]
          RenderText {#text} at (0,0) size 9x19
            text run at (0,0) width 9: "T"
        RenderText {#text} at (9,0) size 758x59
          text run at (9,0) width 414: "he first letter of this paragraph, and only that one, should be maroon. "
          text run at (423,0) width 335: "If this precise combination does not occur, then the user"
          text run at (0,20) width 149: "agent has failed this test. "
          text run at (149,20) width 609: "Remember that in order to ensure a complete test, the paragraph must be displayed on more than one"
          text run at (0,40) width 24: "line."
      RenderBlock {P} at (0,207) size 784x77
        RenderInline (generated) at (0,0) size 19x36 [color=#800000]
          RenderText {#text} at (0,0) size 19x36
            text run at (0,0) width 19: "T"
        RenderText {#text} at (19,13) size 766x63
          text run at (19,13) width 582: "he first letter of this paragraph, and only that one, should be a larger font size, as well as maroon. "
          text run at (601,13) width 157: "If this precise combination"
          text run at (0,37) width 327: "does not occur, then the user agent has failed this test. "
          text run at (327,37) width 439: "Remember that in order to ensure a complete test, the paragraph must be"
          text run at (0,57) width 194: "displayed on more than one line."
      RenderBlock {P} at (0,300) size 784x106
        RenderInline (generated) at (0,0) size 75x64 [color=#800000]
          RenderText {#text} at (0,1) size 75x64
            text run at (0,1) width 75: "\"W"
        RenderText {#text} at (75,36) size 779x69
          text run at (75,36) width 305: "e should check for quotation support,\" it was said. "
          text run at (380,36) width 388: "The first two characters in this paragraph-- a double-quote mark"
          text run at (0,66) width 525: "and a capital 'W'-- should be 350% bigger than the rest of the paragraph, and maroon. "
          text run at (525,66) width 254: "Note that this is not required under CSS1,"
          text run at (0,86) width 137: "but it is recommended."
      RenderTable {TABLE} at (0,422) size 784x313 [border: (1px outset #808080)]
        RenderTableSection {TBODY} at (1,1) size 782x311
          RenderTableRow {TR} at (0,0) size 782x28
            RenderTableCell {TD} at (0,0) size 782x28 [bgcolor=#C0C0C0] [border: (1px inset #808080)] [r=0 c=0 rs=1 cs=2]
              RenderInline {STRONG} at (0,0) size 159x19
                RenderText {#text} at (4,4) size 159x19
                  text run at (4,4) width 159: "TABLE Testing Section"
          RenderTableRow {TR} at (0,28) size 782x283
            RenderTableCell {TD} at (0,155) size 12x28 [bgcolor=#C0C0C0] [border: (1px inset #808080)] [r=1 c=0 rs=1 cs=1]
              RenderText {#text} at (4,4) size 4x19
                text run at (4,4) width 4: " "
            RenderTableCell {TD} at (12,28) size 770x283 [border: (1px inset #808080)] [r=1 c=1 rs=1 cs=1]
              RenderBlock {P} at (4,4) size 762x60
                RenderInline (generated) at (0,0) size 9x19 [color=#800000]
                  RenderText {#text} at (0,0) size 9x19
                    text run at (0,0) width 9: "T"
                RenderText {#text} at (9,0) size 758x59
                  text run at (9,0) width 414: "he first letter of this paragraph, and only that one, should be maroon. "
                  text run at (423,0) width 335: "If this precise combination does not occur, then the user"
                  text run at (0,20) width 149: "agent has failed this test. "
                  text run at (149,20) width 609: "Remember that in order to ensure a complete test, the paragraph must be displayed on more than one"
                  text run at (0,40) width 24: "line."
              RenderBlock {P} at (4,80) size 762x77
                RenderInline (generated) at (0,0) size 19x36 [color=#800000]
                  RenderText {#text} at (0,0) size 19x36
                    text run at (0,0) width 19: "T"
                RenderText {#text} at (19,13) size 758x63
                  text run at (19,13) width 582: "he first letter of this paragraph, and only that one, should be a larger font size, as well as maroon. "
                  text run at (601,13) width 157: "If this precise combination"
                  text run at (0,37) width 327: "does not occur, then the user agent has failed this test. "
                  text run at (327,37) width 420: "Remember that in order to ensure a complete test, the paragraph must"
                  text run at (0,57) width 213: "be displayed on more than one line."
              RenderBlock {P} at (4,173) size 762x106
                RenderInline (generated) at (0,0) size 75x64 [color=#800000]
                  RenderText {#text} at (0,1) size 75x64
                    text run at (0,1) width 75: "\"W"
                RenderText {#text} at (75,36) size 733x69
                  text run at (75,36) width 305: "e should check for quotation support,\" it was said. "
                  text run at (380,36) width 353: "The first two characters in this paragraph-- a double-quote"
                  text run at (0,66) width 560: "mark and a capital 'W'-- should be 350% bigger than the rest of the paragraph, and maroon. "
                  text run at (560,66) width 171: "Note that this is not required"
                  text run at (0,86) width 220: "under CSS1, but it is recommended."
