layer at (0,0) size 800x600
  RenderView at (0,0) size 800x600
layer at (0,0) size 800x600
  RenderBlock {HTML} at (0,0) size 800x600
    RenderBody {BODY} at (8,8) size 784x584 [bgcolor=#CCCCCC]
      RenderBlock {P} at (0,0) size 784x20
        RenderText {#text} at (0,0) size 373x19
          text run at (0,0) width 373: "The style declarations which apply to the text below are:"
      RenderBlock {PRE} at (0,36) size 784x64
        RenderText {#text} at (0,0) size 264x64
          text run at (0,0) width 264: "P:first-line {font-weight: bold;}"
          text run at (264,0) width 0: " "
          text run at (0,16) width 256: "P.two:first-line {color: green;}"
          text run at (256,16) width 0: " "
          text run at (0,32) width 256: "P:first-line.three {color: red;}"
          text run at (256,32) width 0: " "
          text run at (0,48) width 0: " "
      RenderBlock {HR} at (0,113) size 784x2 [border: (1px inset #000000)]
      RenderBlock {P} at (0,131) size 784x40
        RenderText {#text} at (0,0) size 777x39
          text run at (0,0) width 336: "The first line of this sentence should be boldfaced. "
          text run at (336,0) width 441: "This test is included simply to establish a baseline for the following"
          text run at (0,20) width 546: "tests, since if this test fails, then the rest of the tests on this page are expected to fail as well."
      RenderBlock {P} at (0,187) size 784x40
        RenderText {#text} at (0,0) size 753x39
          text run at (0,0) width 553: "The first line of this sentence should be boldfaced and green, thanks to its selector. "
          text run at (553,0) width 200: "If this is not the case, then the"
          text run at (0,20) width 541: "user agent may have failed to properly parse the selector, or it may simply not support the "
        RenderInline {TT} at (0,0) size 88x16
          RenderText {#text} at (541,23) size 88x16
            text run at (541,23) width 88: ":first-line"
        RenderText {#text} at (629,20) size 104x19
          text run at (629,20) width 104: " pseudo-element."
      RenderBlock {P} at (0,243) size 784x60
        RenderText {#text} at (0,0) size 782x59
          text run at (0,0) width 336: "The first line of this sentence should be boldfaced. "
          text run at (336,0) width 413: "If it is red, then the user agent has violated the specification in"
          text run at (0,20) width 413: "allowing pseudo-elements at a point other than the end of a selector. "
          text run at (413,20) width 369: "If neither is the case, then the user agent has correctly ignored"
          text run at (0,40) width 759: "the incorrect selector, but has suppressed other styles which are valid, and therefore must be considered to have failed the test."
      RenderTable {TABLE} at (0,319) size 784x230 [border: (1px outset #808080)]
        RenderTableSection {TBODY} at (1,1) size 782x228
          RenderTableRow {TR} at (0,0) size 782x28
            RenderTableCell {TD} at (0,0) size 782x28 [bgcolor=#C0C0C0] [border: (1px inset #808080)] [r=0 c=0 rs=1 cs=2]
              RenderInline {STRONG} at (0,0) size 159x19
                RenderText {#text} at (4,4) size 159x19
                  text run at (4,4) width 159: "TABLE Testing Section"
          RenderTableRow {TR} at (0,28) size 782x200
            RenderTableCell {TD} at (0,114) size 12x28 [bgcolor=#C0C0C0] [border: (1px inset #808080)] [r=1 c=0 rs=1 cs=1]
              RenderText {#text} at (4,4) size 4x19
                text run at (4,4) width 4: " "
            RenderTableCell {TD} at (12,28) size 770x200 [border: (1px inset #808080)] [r=1 c=1 rs=1 cs=1]
              RenderBlock {P} at (4,4) size 762x40
                RenderText {#text} at (0,0) size 714x39
                  text run at (0,0) width 336: "The first line of this sentence should be boldfaced. "
                  text run at (336,0) width 378: "This test is included simply to establish a baseline for the"
                  text run at (0,20) width 604: "following tests, since if this test fails, then the rest of the tests on this page are expected to fail as well."
              RenderBlock {P} at (4,60) size 762x40
                RenderText {#text} at (0,0) size 753x39
                  text run at (0,0) width 553: "The first line of this sentence should be boldfaced and green, thanks to its selector. "
                  text run at (553,0) width 200: "If this is not the case, then the"
                  text run at (0,20) width 541: "user agent may have failed to properly parse the selector, or it may simply not support the "
                RenderInline {TT} at (0,0) size 88x16
                  RenderText {#text} at (541,23) size 88x16
                    text run at (541,23) width 88: ":first-line"
                RenderText {#text} at (629,20) size 104x19
                  text run at (629,20) width 104: " pseudo-element."
              RenderBlock {P} at (4,116) size 762x80
                RenderText {#text} at (0,0) size 757x79
                  text run at (0,0) width 336: "The first line of this sentence should be boldfaced. "
                  text run at (336,0) width 413: "If it is red, then the user agent has violated the specification in"
                  text run at (0,20) width 413: "allowing pseudo-elements at a point other than the end of a selector. "
                  text run at (413,20) width 320: "If neither is the case, then the user agent has correctly"
                  text run at (0,40) width 757: "ignored the incorrect selector, but has suppressed other styles which are valid, and therefore must be considered to have failed"
                  text run at (0,60) width 47: "the test."
