layer at (0,0) size 784x608
  RenderView at (0,0) size 784x600
layer at (0,0) size 784x600
  RenderBlock {HTML} at (0,0) size 784x600
    RenderBody {BODY} at (8,8) size 726x584
      RenderBlock {DIV} at (0,0) size 144x600
        RenderInline {SPAN} at (0,0) size 142x568 [bgcolor=#0000FF]
          RenderText {#text} at (0,0) size 0x0
          RenderInline {SPAN} at (0,0) size 142x568 [bgcolor=#FFFFE0] [border: (5px solid #008000)]
            RenderText {#text} at (6,35) size 132x568
              text run at (6,35) width 533: "This sentence is too long"
              text run at (78,0) width 439: "to fit on a single line."
        RenderText {#text} at (0,0) size 0x0
