layer at (0,0) size 784x608
  RenderView at (0,0) size 784x600
layer at (0,0) size 784x600
  RenderBlock {HTML} at (0,0) size 784x600
    RenderBody {BODY} at (8,8) size 768x584
      RenderBlock {DIV} at (0,0) size 144x600
        RenderInline {SPAN} at (0,0) size 146x568 [bgcolor=#FFFFE0] [border: (5px solid #008000)]
          RenderText {#text} at (4,36) size 136x548
            text run at (4,36) width 548: "This sentence is too long to"
            text run at (76,104) width 371: "fit on a single line."
        RenderText {#text} at (0,0) size 0x0
      RenderBlock {DIV} at (194,0) size 144x600
        RenderInline {SPAN} at (0,0) size 146x568 [bgcolor=#FFFFE0] [border: (5px solid #008000)]
          RenderText {#text} at (4,36) size 136x548
            text run at (4,36) width 548: "This sentence is too long to"
            text run at (76,104) width 371: "fit on a single line."
        RenderText {#text} at (0,0) size 0x0
