layer at (0,0) size 800x600
  RenderView at (0,0) size 800x600
layer at (0,427) size 800x173
  RenderBlock {HTML} at (0,0) size 800x173
    RenderBody {BODY} at (8,8) size 784x157
      RenderText {#text} at (0,0) size 416x46
        text run at (0,0) width 416: "This is the first line of text."
      RenderBR {BR} at (416,0) size 0x46
      RenderImage {IMG} at (0,57) size 20x50 [bgcolor=#008000]
      RenderText {#text} at (20,46) size 416x46
        text run at (20,46) width 416: " This is the second line of "
      RenderImage {IMG} at (436,57) size 20x100 [bgcolor=#800080]
      RenderText {#text} at (456,46) size 78x46
        text run at (456,46) width 78: " text."
selection start: position 1 of child 0 {#text} of body
selection end:   position 1 of child 3 {IMG} of body
