layer at (0,0) size 800x600
  RenderView at (0,0) size 800x600
layer at (627,0) size 173x600
  RenderBlock {HTML} at (0,0) size 173x600
    RenderBody {BODY} at (8,8) size 157x584
      RenderText {#text} at (0,0) size 46x416
        text run at (0,0) width 416: "This is the first line of text."
      RenderBR {BR} at (0,416) size 46x0
      RenderImage {IMG} at (96,0) size 50x20 [bgcolor=#008000]
      RenderText {#text} at (111,20) size 46x416
        text run at (111,20) width 416: " This is the second line of "
      RenderImage {IMG} at (46,436) size 100x20 [bgcolor=#800080]
      RenderText {#text} at (111,456) size 46x78
        text run at (111,456) width 78: " text."
selection start: position 1 of child 0 {#text} of body
selection end:   position 1 of child 3 {IMG} of body
