layer at (0,0) size 800x600
  RenderView at (0,0) size 800x600
layer at (0,0) size 800x600
  RenderBlock {HTML} at (0,0) size 800x600
    RenderBody {BODY} at (8,8) size 784x576
      RenderBlock {DIV} at (0,0) size 784x42
        RenderBlock {UL} at (0,0) size 784x42
          RenderListItem {LI} at (40,0) size 744x21
            RenderListMarker at (-18,0) size 7x21: bullet
            RenderInline {A} at (0,0) size 43x21 [color=#0000EE]
              RenderText {#text} at (701,0) size 43x21
                text run at (701,0) width 43: "Home"
          RenderListItem {LI} at (40,21) size 744x21
            RenderListMarker at (-18,0) size 7x21: bullet
            RenderInline {A} at (0,0) size 62x21 [color=#0000EE]
              RenderText {#text} at (682,0) size 62x21
                text run at (682,0) width 62: "Archives"
      RenderBlock {P} at (0,58) size 784x42
        RenderText {#text} at (0,0) size 777x42
          text run at (0,0) width 602: "This test case illustrates the correct positioning of list item bullets according to CSS3. "
          text run at (602,0) width 175: "The bullets should be on"
          text run at (0,21) width 379: "the far left, with the text of the list items on the far right."
