layer at (0,0) size 800x600
  RenderView at (0,0) size 800x600
layer at (0,0) size 800x437
  RenderBlock {HTML} at (0,0) size 800x437
    RenderBody {BODY} at (8,16) size 784x347
      RenderBlock (floating) {DIV} at (0,0) size 470x421
        RenderBlock {P} at (0,16) size 470x63
          RenderText {#text} at (0,0) size 459x21
            text run at (0,0) width 459: "This test case illustrates incorrect positioning of list items within a"
          RenderInline {CODE} at (0,0) size 86x17
            RenderText {#text} at (0,24) size 86x17
              text run at (0,24) width 86: "text-align: right"
          RenderText {#text} at (86,21) size 77x21
            text run at (86,21) width 77: " div after a "
          RenderInline {CODE} at (0,0) size 51x17
            RenderText {#text} at (163,24) size 51x17
              text run at (163,24) width 51: "float: left"
          RenderText {#text} at (214,21) size 33x21
            text run at (214,21) width 33: " div. "
          RenderInline {A} at (0,0) size 216x21 [color=#0000EE]
            RenderText {#text} at (247,21) size 216x21
              text run at (247,21) width 216: "Screenshot of correct behavior"
          RenderText {#text} at (463,21) size 4x21
            text run at (463,21) width 4: ";"
          RenderInline {A} at (0,0) size 141x21 [color=#0000EE]
            RenderText {#text} at (0,42) size 141x21
              text run at (0,42) width 141: "screenshot of Safari"
          RenderText {#text} at (141,42) size 4x21
            text run at (141,42) width 4: "."
        RenderBlock {P} at (0,95) size 470x42
          RenderText {#text} at (0,0) size 411x42
            text run at (0,0) width 411: "This bug only occurs on pages with a standards-compliant"
            text run at (0,21) width 87: "DOCTYPE. "
          RenderInline {A} at (0,0) size 283x21 [color=#0000EE]
            RenderText {#text} at (87,21) size 283x21
              text run at (87,21) width 283: "View this test case without a DOCTYPE"
          RenderText {#text} at (370,21) size 4x21
            text run at (370,21) width 4: "."
        RenderBlock {OL} at (0,153) size 470x252
          RenderListItem {LI} at (40,0) size 430x42
            RenderListMarker at (-22,0) size 17x21: "1"
            RenderText {#text} at (0,0) size 382x42
              text run at (0,0) width 173: "New larger PowerBook. "
              text run at (173,0) width 209: "Still 1 GHz, but with a 17-inch"
              text run at (0,21) width 105: "screen. $3299."
          RenderListItem {LI} at (40,42) size 430x21
            RenderListMarker at (-22,0) size 17x21: "2"
            RenderText {#text} at (0,0) size 392x21
              text run at (0,0) width 343: "New smaller PowerBook, with a 12-inch screen. "
              text run at (343,0) width 49: "$1799."
          RenderListItem {LI} at (40,63) size 430x84
            RenderListMarker at (-22,0) size 17x21: "3"
            RenderText {#text} at (0,0) size 102x21
              text run at (0,0) width 102: "New browser: "
            RenderInline {A} at (0,0) size 42x21 [color=#0000EE]
              RenderText {#text} at (102,0) size 42x21
                text run at (102,0) width 42: "Safari"
            RenderText {#text} at (144,0) size 79x21
              text run at (144,0) width 8: ". "
              text run at (152,0) width 71: "Engine is "
            RenderInline {A} at (0,0) size 88x21 [color=#0000EE]
              RenderText {#text} at (223,0) size 88x21
                text run at (223,0) width 88: "open source"
            RenderText {#text} at (311,0) size 22x21
              text run at (311,0) width 22: " (a "
            RenderInline {A} at (0,0) size 394x42 [color=#0000EE]
              RenderText {#text} at (333,0) size 394x42
                text run at (333,0) width 61: "modified"
                text run at (0,21) width 52: "version"
            RenderText {#text} at (52,21) size 21x21
              text run at (52,21) width 21: " of "
            RenderInline {A} at (0,0) size 55x21 [color=#0000EE]
              RenderText {#text} at (73,21) size 55x21
                text run at (73,21) width 55: "KHTML"
            RenderText {#text} at (128,21) size 415x63
              text run at (128,21) width 263: "), rest of the application is free but not"
              text run at (0,42) width 217: "open source (just like the OS). "
              text run at (217,42) width 133: "Only runs on 10.2. "
              text run at (350,42) width 65: "Currently"
              text run at (0,63) width 99: "in public beta."
          RenderListItem {LI} at (40,147) size 430x42
            RenderListMarker at (-22,0) size 17x21: "4"
            RenderText {#text} at (0,0) size 401x42
              text run at (0,0) width 264: "New presentation software: Keynote. "
              text run at (264,0) width 137: "The software Steve"
              text run at (0,21) width 76: "Jobs uses."
          RenderListItem {LI} at (40,189) size 430x42
            RenderListMarker at (-22,0) size 17x21: "5"
            RenderText {#text} at (0,0) size 118x21
              text run at (0,0) width 118: "New versions of "
            RenderInline {A} at (0,0) size 47x21 [color=#0000EE]
              RenderText {#text} at (118,0) size 47x21
                text run at (118,0) width 47: "iMovie"
            RenderText {#text} at (165,0) size 8x21
              text run at (165,0) width 8: ", "
            RenderInline {A} at (0,0) size 46x21 [color=#0000EE]
              RenderText {#text} at (173,0) size 46x21
                text run at (173,0) width 46: "iPhoto"
            RenderText {#text} at (219,0) size 8x21
              text run at (219,0) width 8: ", "
            RenderInline {A} at (0,0) size 49x21 [color=#0000EE]
              RenderText {#text} at (227,0) size 49x21
                text run at (227,0) width 49: "iTunes"
            RenderText {#text} at (276,0) size 417x42
              text run at (276,0) width 8: ". "
              text run at (284,0) width 133: "Bundled into a box"
              text run at (0,21) width 47: "called "
            RenderInline {A} at (0,0) size 30x21 [color=#0000EE]
              RenderText {#text} at (47,21) size 30x21
                text run at (47,21) width 30: "iLife"
            RenderText {#text} at (77,21) size 61x21
              text run at (77,21) width 61: ", for $49."
          RenderListItem {LI} at (40,231) size 430x21
            RenderListMarker at (-22,0) size 17x21: "6"
            RenderInline {A} at (0,0) size 127x21 [color=#0000EE]
              RenderText {#text} at (0,0) size 127x21
                text run at (0,0) width 127: "Final Cut Express"
            RenderText {#text} at (127,0) size 178x21
              text run at (127,0) width 138: " for creating DVDs. "
              text run at (265,0) width 40: "$299."
      RenderBlock {DIV} at (0,0) size 784x347
        RenderBlock {UL} at (0,0) size 784x168
          RenderListItem {LI} at (40,0) size 744x21
            RenderListMarker at (412,0) size 7x21: bullet
            RenderInline {A} at (0,0) size 42x21 [color=#0000EE]
              RenderText {#text} at (702,0) size 42x21
                text run at (702,0) width 42: "About"
          RenderListItem {LI} at (40,21) size 744x21
            RenderListMarker at (412,0) size 7x21: bullet
            RenderInline {A} at (0,0) size 63x21 [color=#0000EE]
              RenderText {#text} at (681,0) size 63x21
                text run at (681,0) width 63: "Site map"
          RenderListItem {LI} at (40,42) size 744x21
            RenderListMarker at (412,0) size 7x21: bullet
            RenderInline {A} at (0,0) size 62x21 [color=#0000EE]
              RenderText {#text} at (682,0) size 62x21
                text run at (682,0) width 62: "Archives"
          RenderListItem {LI} at (40,63) size 744x21
            RenderListMarker at (412,0) size 7x21: bullet
            RenderInline {A} at (0,0) size 58x21 [color=#0000EE]
              RenderText {#text} at (686,0) size 58x21
                text run at (686,0) width 58: "Projects"
          RenderListItem {LI} at (40,84) size 744x21
            RenderListMarker at (412,0) size 7x21: bullet
            RenderInline {A} at (0,0) size 50x21 [color=#0000EE]
              RenderText {#text} at (694,0) size 50x21
                text run at (694,0) width 50: "Photos"
          RenderListItem {LI} at (40,105) size 744x21
            RenderListMarker at (412,0) size 7x21: bullet
            RenderInline {A} at (0,0) size 64x21 [color=#0000EE]
              RenderText {#text} at (680,0) size 64x21
                text run at (680,0) width 64: "Statistics"
          RenderListItem {LI} at (40,126) size 744x21
            RenderListMarker at (412,0) size 7x21: bullet
            RenderInline {A} at (0,0) size 162x21 [color=#0000EE]
              RenderText {#text} at (582,0) size 162x21
                text run at (582,0) width 162: "Accessibility statement"
          RenderListItem {LI} at (40,147) size 744x21
            RenderListMarker at (412,0) size 7x21: bullet
            RenderInline {A} at (0,0) size 34x21 [color=#0000EE]
              RenderText {#text} at (617,0) size 34x21
                text run at (617,0) width 34: "RSS"
            RenderText {#text} at (651,0) size 9x21
              text run at (651,0) width 9: " ("
            RenderInline {A} at (0,0) size 79x21 [color=#0000EE]
              RenderText {#text} at (660,0) size 79x21
                text run at (660,0) width 79: "more feeds"
            RenderText {#text} at (739,0) size 5x21
              text run at (739,0) width 5: ")"
        RenderBlock {UL} at (0,184) size 784x21
          RenderListItem {LI} at (40,0) size 744x21
            RenderListMarker at (412,0) size 7x21: bullet
            RenderInline {A} at (0,0) size 100x21 [color=#0000EE]
              RenderText {#text} at (644,0) size 100x21
                text run at (644,0) width 100: "What is RSS?"
        RenderBlock {UL} at (0,221) size 784x126
          RenderListItem {LI} at (40,0) size 744x21
            RenderListMarker at (412,0) size 7x21: bullet
            RenderInline {A} at (0,0) size 102x21 [color=#0000EE]
              RenderText {#text} at (642,0) size 102x21
                text run at (642,0) width 102: "RSS Validator"
          RenderListItem {LI} at (40,21) size 744x21
            RenderListMarker at (412,0) size 7x21: bullet
            RenderInline {A} at (0,0) size 156x21 [color=#0000EE]
              RenderText {#text} at (588,0) size 156x21
                text run at (588,0) width 156: "Dive Into Accessibility"
          RenderListItem {LI} at (40,42) size 744x21
            RenderListMarker at (412,0) size 7x21: bullet
            RenderInline {A} at (0,0) size 105x21 [color=#0000EE]
              RenderText {#text} at (639,0) size 105x21
                text run at (639,0) width 105: "Dive Into OS X"
          RenderListItem {LI} at (40,63) size 744x21
            RenderListMarker at (412,0) size 7x21: bullet
            RenderInline {A} at (0,0) size 106x21 [color=#0000EE]
              RenderText {#text} at (638,0) size 106x21
                text run at (638,0) width 106: "Dive Into J2EE"
          RenderListItem {LI} at (40,84) size 744x21
            RenderListMarker at (412,0) size 7x21: bullet
            RenderInline {A} at (0,0) size 117x21 [color=#0000EE]
              RenderText {#text} at (627,0) size 117x21
                text run at (627,0) width 117: "Dive Into Python"
          RenderListItem {LI} at (40,105) size 744x21
            RenderListMarker at (412,0) size 7x21: bullet
            RenderInline {A} at (0,0) size 53x21 [color=#0000EE]
              RenderText {#text} at (691,0) size 53x21
                text run at (691,0) width 53: "r\x{E9}sum\x{E9}"
