layer at (0,0) size 800x600
  RenderView at (0,0) size 800x600
layer at (0,0) size 800x600
  RenderBlock {HTML} at (0,0) size 800x600
    RenderBody {BODY} at (8,8) size 784x576
      RenderBlock {OL} at (0,0) size 784x42
        RenderListItem {LI} at (40,0) size 744x42
          RenderBlock (anonymous) at (0,0) size 744x21
            RenderListMarker at (-22,0) size 17x21: "1"
            RenderInline {I} at (0,0) size 81x21
              RenderInline {U} at (0,0) size 81x21
                RenderText {#text} at (0,0) size 81x21
                  text run at (0,0) width 81: "Hello world"
            RenderText {#text} at (0,0) size 0x0
          RenderBlock {OL} at (0,21) size 744x21
            RenderListItem {LI} at (40,0) size 704x21
              RenderListMarker at (-22,0) size 17x21: "1"
              RenderText {#text} at (0,0) size 65x21
                text run at (0,0) width 65: "Goodbye"
