layer at (0,0) size 800x600
  RenderView at (0,0) size 800x600
layer at (0,0) size 800x600
  RenderBlock {HTML} at (0,0) size 800x600
    RenderBody {BODY} at (8,8) size 776x584
      RenderBlock {UL} at (0,0) size 126x584 [bgcolor=#808080] [border: (25px solid #008000) none]
        RenderListItem {LI} at (0,50) size 42x534
          RenderListMarker at (0,-18) size 21x7: bullet
          RenderText {#text} at (0,0) size 42x526
            text run at (0,0) width 526: "The top padding on this unordered list has been set to 25 pixels, which will"
            text run at (21,0) width 269: "require some extra test in order to test."
        RenderListItem {LI} at (42,50) size 84x534 [bgcolor=#FFFFFF] [border: (25px solid #008000) none]
          RenderListMarker at (0,-18) size 21x7: bullet
          RenderText {#text} at (0,50) size 84x477
            text run at (0,50) width 461: "Another list item might not be such a bad idea, either, considering"
            text run at (21,50) width 338: "that such things do need to be double-checked. "
            text run at (21,388) width 139: "This list item has its"
            text run at (42,50) width 453: "left padding also set to 25 pixels, which should combine with the"
            text run at (63,50) width 295: "list's padding to make 50 pixels of margin."
