layer at (0,0) size 1952x584
  RenderView at (0,0) size 800x584
layer at (0,0) size 1952x584
  RenderBlock {HTML} at (0,0) size 1952x584
    RenderBody {BODY} at (8,8) size 1928x568
      RenderBlock {UL} at (0,0) size 146x202 [border: (1px solid #0000FF)]
        RenderListItem {LI} at (1,41) size 41x160 [border: (5px solid #FFA500)]
          RenderListMarker at (10,-18) size 21x7: bullet
          RenderText {#text} at (10,10) size 21x65
            text run at (10,10) width 65: "First item"
        RenderListItem {LI} at (42,41) size 62x160 [border: (5px solid #FFA500)]
          RenderListMarker at (10,-18) size 21x7: bullet
          RenderText {#text} at (10,10) size 42x120
            text run at (10,10) width 120: "Second and very"
            text run at (31,10) width 99: "very long item"
        RenderListItem {LI} at (104,41) size 41x160 [border: (5px solid #FFA500)]
          RenderListMarker at (10,-18) size 21x7: bullet
          RenderText {#text} at (10,10) size 21x71
            text run at (10,10) width 71: "Third item"
      RenderBlock {UL} at (162,0) size 146x202 [border: (1px solid #FF0000)]
        RenderListItem {LI} at (1,1) size 41x160 [border: (5px solid #FFA500)]
          RenderListMarker at (10,171) size 21x7: bullet
          RenderText {#text} at (10,85) size 21x65
            text run at (10,85) width 65: "First item"
        RenderListItem {LI} at (42,1) size 62x160 [border: (5px solid #FFA500)]
          RenderListMarker at (10,171) size 21x7: bullet
          RenderText {#text} at (10,30) size 42x120
            text run at (10,30) width 120: "Second and very"
            text run at (31,51) width 99: "very long item"
        RenderListItem {LI} at (104,1) size 41x160 [border: (5px solid #FFA500)]
          RenderListMarker at (10,171) size 21x7: bullet
          RenderText {#text} at (10,79) size 21x71
            text run at (10,79) width 71: "Third item"
      RenderBlock {UL} at (324,0) size 146x202 [border: (1px solid #0000FF)]
        RenderListItem {LI} at (1,41) size 41x160 [border: (5px solid #FFA500)]
          RenderListMarker at (10,9) size 21x7: bullet
          RenderText {#text} at (10,26) size 21x65
            text run at (10,26) width 65: "First item"
        RenderListItem {LI} at (42,41) size 62x160 [border: (5px solid #FFA500)]
          RenderListMarker at (10,9) size 21x7: bullet
          RenderText {#text} at (10,26) size 42x136
            text run at (10,26) width 120: "Second and very"
            text run at (31,10) width 99: "very long item"
        RenderListItem {LI} at (104,41) size 41x160 [border: (5px solid #FFA500)]
          RenderListMarker at (10,9) size 21x7: bullet
          RenderText {#text} at (10,26) size 21x71
            text run at (10,26) width 71: "Third item"
      RenderBlock {UL} at (486,0) size 146x202 [border: (1px solid #FF0000)]
        RenderListItem {LI} at (1,1) size 41x160 [border: (5px solid #FFA500)]
          RenderListMarker at (10,144) size 21x7: bullet
          RenderText {#text} at (10,69) size 21x65
            text run at (10,69) width 65: "First item"
        RenderListItem {LI} at (42,1) size 62x160 [border: (5px solid #FFA500)]
          RenderListMarker at (10,144) size 21x7: bullet
          RenderText {#text} at (10,14) size 42x136
            text run at (10,14) width 120: "Second and very"
            text run at (31,51) width 99: "very long item"
        RenderListItem {LI} at (104,1) size 41x160 [border: (5px solid #FFA500)]
          RenderListMarker at (10,144) size 21x7: bullet
          RenderText {#text} at (10,63) size 21x71
            text run at (10,63) width 71: "Third item"
      RenderBlock {UL} at (648,0) size 146x202 [border: (1px solid #0000FF)]
        RenderListItem {LI} at (1,41) size 41x160 [border: (5px solid #FFA500)]
          RenderListMarker at (15,-17) size 10x10
          RenderText {#text} at (10,10) size 21x65
            text run at (10,10) width 65: "First item"
        RenderListItem {LI} at (42,41) size 62x160 [border: (5px solid #FFA500)]
          RenderListMarker at (15,-17) size 10x10
          RenderText {#text} at (10,10) size 42x120
            text run at (10,10) width 120: "Second and very"
            text run at (31,10) width 99: "very long item"
        RenderListItem {LI} at (104,41) size 41x160 [border: (5px solid #FFA500)]
          RenderListMarker at (15,-17) size 10x10
          RenderText {#text} at (10,10) size 21x71
            text run at (10,10) width 71: "Third item"
      RenderBlock {UL} at (810,0) size 146x202 [border: (1px solid #FF0000)]
        RenderListItem {LI} at (1,1) size 41x160 [border: (5px solid #FFA500)]
          RenderListMarker at (15,167) size 10x10
          RenderText {#text} at (10,85) size 21x65
            text run at (10,85) width 65: "First item"
        RenderListItem {LI} at (42,1) size 62x160 [border: (5px solid #FFA500)]
          RenderListMarker at (15,167) size 10x10
          RenderText {#text} at (10,30) size 42x120
            text run at (10,30) width 120: "Second and very"
            text run at (31,51) width 99: "very long item"
        RenderListItem {LI} at (104,1) size 41x160 [border: (5px solid #FFA500)]
          RenderListMarker at (15,167) size 10x10
          RenderText {#text} at (10,79) size 21x71
            text run at (10,79) width 71: "Third item"
      RenderBlock {UL} at (972,0) size 146x202 [border: (1px solid #0000FF)]
        RenderListItem {LI} at (1,41) size 41x160 [border: (5px solid #FFA500)]
          RenderListMarker at (15,10) size 10x10
          RenderText {#text} at (10,27) size 21x65
            text run at (10,27) width 65: "First item"
        RenderListItem {LI} at (42,41) size 62x160 [border: (5px solid #FFA500)]
          RenderListMarker at (15,10) size 10x10
          RenderText {#text} at (10,27) size 42x137
            text run at (10,27) width 120: "Second and very"
            text run at (31,10) width 99: "very long item"
        RenderListItem {LI} at (104,41) size 41x160 [border: (5px solid #FFA500)]
          RenderListMarker at (15,10) size 10x10
          RenderText {#text} at (10,27) size 21x71
            text run at (10,27) width 71: "Third item"
      RenderBlock {UL} at (1134,0) size 146x202 [border: (1px solid #FF0000)]
        RenderListItem {LI} at (1,1) size 41x160 [border: (5px solid #FFA500)]
          RenderListMarker at (15,140) size 10x10
          RenderText {#text} at (10,68) size 21x65
            text run at (10,68) width 65: "First item"
        RenderListItem {LI} at (42,1) size 62x160 [border: (5px solid #FFA500)]
          RenderListMarker at (15,140) size 10x10
          RenderText {#text} at (10,13) size 42x137
            text run at (10,13) width 120: "Second and very"
            text run at (31,51) width 99: "very long item"
        RenderListItem {LI} at (104,1) size 41x160 [border: (5px solid #FFA500)]
          RenderListMarker at (15,140) size 10x10
          RenderText {#text} at (10,62) size 21x71
            text run at (10,62) width 71: "Third item"
      RenderBlock {OL} at (1296,0) size 146x202 [border: (1px solid #0000FF)]
        RenderListItem {LI} at (1,41) size 41x160 [border: (5px solid #FFA500)]
          RenderListMarker at (10,-22) size 21x17: "1"
          RenderText {#text} at (10,10) size 21x65
            text run at (10,10) width 65: "First item"
        RenderListItem {LI} at (42,41) size 62x160 [border: (5px solid #FFA500)]
          RenderListMarker at (10,-22) size 21x17: "2"
          RenderText {#text} at (10,10) size 42x120
            text run at (10,10) width 120: "Second and very"
            text run at (31,10) width 99: "very long item"
        RenderListItem {LI} at (104,41) size 41x160 [border: (5px solid #FFA500)]
          RenderListMarker at (10,-22) size 21x17: "3"
          RenderText {#text} at (10,10) size 21x71
            text run at (10,10) width 71: "Third item"
      RenderBlock {OL} at (1458,0) size 146x202 [border: (1px solid #FF0000)]
        RenderListItem {LI} at (1,1) size 41x160 [border: (5px solid #FFA500)]
          RenderListMarker at (10,165) size 21x17: "1"
          RenderText {#text} at (10,85) size 21x65
            text run at (10,85) width 65: "First item"
        RenderListItem {LI} at (42,1) size 62x160 [border: (5px solid #FFA500)]
          RenderListMarker at (10,165) size 21x17: "2"
          RenderText {#text} at (10,30) size 42x120
            text run at (10,30) width 120: "Second and very"
            text run at (31,51) width 99: "very long item"
        RenderListItem {LI} at (104,1) size 41x160 [border: (5px solid #FFA500)]
          RenderListMarker at (10,165) size 21x17: "3"
          RenderText {#text} at (10,79) size 21x71
            text run at (10,79) width 71: "Third item"
      RenderBlock {OL} at (1620,0) size 146x202 [border: (1px solid #0000FF)]
        RenderListItem {LI} at (1,41) size 41x160 [border: (5px solid #FFA500)]
          RenderListMarker at (10,10) size 21x17: "1"
          RenderText {#text} at (10,27) size 21x65
            text run at (10,27) width 65: "First item"
        RenderListItem {LI} at (42,41) size 62x160 [border: (5px solid #FFA500)]
          RenderListMarker at (10,10) size 21x17: "2"
          RenderText {#text} at (10,27) size 42x137
            text run at (10,27) width 120: "Second and very"
            text run at (31,10) width 99: "very long item"
        RenderListItem {LI} at (104,41) size 41x160 [border: (5px solid #FFA500)]
          RenderListMarker at (10,10) size 21x17: "3"
          RenderText {#text} at (10,27) size 21x71
            text run at (10,27) width 71: "Third item"
      RenderBlock {OL} at (1782,0) size 146x202 [border: (1px solid #FF0000)]
        RenderListItem {LI} at (1,1) size 41x160 [border: (5px solid #FFA500)]
          RenderListMarker at (10,133) size 21x17: "1"
          RenderText {#text} at (10,68) size 21x65
            text run at (10,68) width 65: "First item"
        RenderListItem {LI} at (42,1) size 62x160 [border: (5px solid #FFA500)]
          RenderListMarker at (10,133) size 21x17: "2"
          RenderText {#text} at (10,13) size 42x137
            text run at (10,13) width 120: "Second and very"
            text run at (31,51) width 99: "very long item"
        RenderListItem {LI} at (104,1) size 41x160 [border: (5px solid #FFA500)]
          RenderListMarker at (10,133) size 21x17: "3"
          RenderText {#text} at (10,62) size 21x71
            text run at (10,62) width 71: "Third item"
