layer at (0,0) size 784x1952
  RenderView at (0,0) size 784x600
layer at (0,0) size 784x1952
  RenderBlock {HTML} at (0,0) size 784x1952
    RenderBody {BODY} at (8,8) size 768x1928
      RenderBlock {UL} at (0,0) size 202x146 [border: (1px solid #0000FF)]
        RenderListItem {LI} at (41,1) size 160x41 [border: (5px solid #FFA500)]
          RenderListMarker at (-18,10) size 7x21: bullet
          RenderText {#text} at (10,10) size 65x21
            text run at (10,10) width 65: "First item"
        RenderListItem {LI} at (41,42) size 160x62 [border: (5px solid #FFA500)]
          RenderListMarker at (-18,10) size 7x21: bullet
          RenderText {#text} at (10,10) size 120x42
            text run at (10,10) width 120: "Second and very"
            text run at (10,31) width 99: "very long item"
        RenderListItem {LI} at (41,104) size 160x41 [border: (5px solid #FFA500)]
          RenderListMarker at (-18,10) size 7x21: bullet
          RenderText {#text} at (10,10) size 71x21
            text run at (10,10) width 71: "Third item"
      RenderBlock {UL} at (0,162) size 202x146 [border: (1px solid #FF0000)]
        RenderListItem {LI} at (1,1) size 160x41 [border: (5px solid #FFA500)]
          RenderListMarker at (171,10) size 7x21: bullet
          RenderText {#text} at (85,10) size 65x21
            text run at (85,10) width 65: "First item"
        RenderListItem {LI} at (1,42) size 160x62 [border: (5px solid #FFA500)]
          RenderListMarker at (171,10) size 7x21: bullet
          RenderText {#text} at (30,10) size 120x42
            text run at (30,10) width 120: "Second and very"
            text run at (51,31) width 99: "very long item"
        RenderListItem {LI} at (1,104) size 160x41 [border: (5px solid #FFA500)]
          RenderListMarker at (171,10) size 7x21: bullet
          RenderText {#text} at (79,10) size 71x21
            text run at (79,10) width 71: "Third item"
      RenderBlock {UL} at (0,324) size 202x146 [border: (1px solid #0000FF)]
        RenderListItem {LI} at (41,1) size 160x41 [border: (5px solid #FFA500)]
          RenderListMarker at (9,10) size 7x21: bullet
          RenderText {#text} at (26,10) size 65x21
            text run at (26,10) width 65: "First item"
        RenderListItem {LI} at (41,42) size 160x62 [border: (5px solid #FFA500)]
          RenderListMarker at (9,10) size 7x21: bullet
          RenderText {#text} at (26,10) size 136x42
            text run at (26,10) width 120: "Second and very"
            text run at (10,31) width 99: "very long item"
        RenderListItem {LI} at (41,104) size 160x41 [border: (5px solid #FFA500)]
          RenderListMarker at (9,10) size 7x21: bullet
          RenderText {#text} at (26,10) size 71x21
            text run at (26,10) width 71: "Third item"
      RenderBlock {UL} at (0,486) size 202x146 [border: (1px solid #FF0000)]
        RenderListItem {LI} at (1,1) size 160x41 [border: (5px solid #FFA500)]
          RenderListMarker at (144,10) size 7x21: bullet
          RenderText {#text} at (69,10) size 65x21
            text run at (69,10) width 65: "First item"
        RenderListItem {LI} at (1,42) size 160x62 [border: (5px solid #FFA500)]
          RenderListMarker at (144,10) size 7x21: bullet
          RenderText {#text} at (14,10) size 136x42
            text run at (14,10) width 120: "Second and very"
            text run at (51,31) width 99: "very long item"
        RenderListItem {LI} at (1,104) size 160x41 [border: (5px solid #FFA500)]
          RenderListMarker at (144,10) size 7x21: bullet
          RenderText {#text} at (63,10) size 71x21
            text run at (63,10) width 71: "Third item"
      RenderBlock {UL} at (0,648) size 202x146 [border: (1px solid #0000FF)]
        RenderListItem {LI} at (41,1) size 160x41 [border: (5px solid #FFA500)]
          RenderListMarker at (-17,16) size 10x10
          RenderText {#text} at (10,10) size 65x21
            text run at (10,10) width 65: "First item"
        RenderListItem {LI} at (41,42) size 160x62 [border: (5px solid #FFA500)]
          RenderListMarker at (-17,16) size 10x10
          RenderText {#text} at (10,10) size 120x42
            text run at (10,10) width 120: "Second and very"
            text run at (10,31) width 99: "very long item"
        RenderListItem {LI} at (41,104) size 160x41 [border: (5px solid #FFA500)]
          RenderListMarker at (-17,16) size 10x10
          RenderText {#text} at (10,10) size 71x21
            text run at (10,10) width 71: "Third item"
      RenderBlock {UL} at (0,810) size 202x146 [border: (1px solid #FF0000)]
        RenderListItem {LI} at (1,1) size 160x41 [border: (5px solid #FFA500)]
          RenderListMarker at (167,16) size 10x10
          RenderText {#text} at (85,10) size 65x21
            text run at (85,10) width 65: "First item"
        RenderListItem {LI} at (1,42) size 160x62 [border: (5px solid #FFA500)]
          RenderListMarker at (167,16) size 10x10
          RenderText {#text} at (30,10) size 120x42
            text run at (30,10) width 120: "Second and very"
            text run at (51,31) width 99: "very long item"
        RenderListItem {LI} at (1,104) size 160x41 [border: (5px solid #FFA500)]
          RenderListMarker at (167,16) size 10x10
          RenderText {#text} at (79,10) size 71x21
            text run at (79,10) width 71: "Third item"
      RenderBlock {UL} at (0,972) size 202x146 [border: (1px solid #0000FF)]
        RenderListItem {LI} at (41,1) size 160x41 [border: (5px solid #FFA500)]
          RenderListMarker at (10,16) size 10x10
          RenderText {#text} at (27,10) size 65x21
            text run at (27,10) width 65: "First item"
        RenderListItem {LI} at (41,42) size 160x62 [border: (5px solid #FFA500)]
          RenderListMarker at (10,16) size 10x10
          RenderText {#text} at (27,10) size 137x42
            text run at (27,10) width 120: "Second and very"
            text run at (10,31) width 99: "very long item"
        RenderListItem {LI} at (41,104) size 160x41 [border: (5px solid #FFA500)]
          RenderListMarker at (10,16) size 10x10
          RenderText {#text} at (27,10) size 71x21
            text run at (27,10) width 71: "Third item"
      RenderBlock {UL} at (0,1134) size 202x146 [border: (1px solid #FF0000)]
        RenderListItem {LI} at (1,1) size 160x41 [border: (5px solid #FFA500)]
          RenderListMarker at (140,16) size 10x10
          RenderText {#text} at (68,10) size 65x21
            text run at (68,10) width 65: "First item"
        RenderListItem {LI} at (1,42) size 160x62 [border: (5px solid #FFA500)]
          RenderListMarker at (140,16) size 10x10
          RenderText {#text} at (13,10) size 137x42
            text run at (13,10) width 120: "Second and very"
            text run at (51,31) width 99: "very long item"
        RenderListItem {LI} at (1,104) size 160x41 [border: (5px solid #FFA500)]
          RenderListMarker at (140,16) size 10x10
          RenderText {#text} at (62,10) size 71x21
            text run at (62,10) width 71: "Third item"
      RenderBlock {OL} at (0,1296) size 202x146 [border: (1px solid #0000FF)]
        RenderListItem {LI} at (41,1) size 160x41 [border: (5px solid #FFA500)]
          RenderListMarker at (-22,10) size 17x21: "1"
          RenderText {#text} at (10,10) size 65x21
            text run at (10,10) width 65: "First item"
        RenderListItem {LI} at (41,42) size 160x62 [border: (5px solid #FFA500)]
          RenderListMarker at (-22,10) size 17x21: "2"
          RenderText {#text} at (10,10) size 120x42
            text run at (10,10) width 120: "Second and very"
            text run at (10,31) width 99: "very long item"
        RenderListItem {LI} at (41,104) size 160x41 [border: (5px solid #FFA500)]
          RenderListMarker at (-22,10) size 17x21: "3"
          RenderText {#text} at (10,10) size 71x21
            text run at (10,10) width 71: "Third item"
      RenderBlock {OL} at (0,1458) size 202x146 [border: (1px solid #FF0000)]
        RenderListItem {LI} at (1,1) size 160x41 [border: (5px solid #FFA500)]
          RenderListMarker at (165,10) size 17x21: "1"
          RenderText {#text} at (85,10) size 65x21
            text run at (85,10) width 65: "First item"
        RenderListItem {LI} at (1,42) size 160x62 [border: (5px solid #FFA500)]
          RenderListMarker at (165,10) size 17x21: "2"
          RenderText {#text} at (30,10) size 120x42
            text run at (30,10) width 120: "Second and very"
            text run at (51,31) width 99: "very long item"
        RenderListItem {LI} at (1,104) size 160x41 [border: (5px solid #FFA500)]
          RenderListMarker at (165,10) size 17x21: "3"
          RenderText {#text} at (79,10) size 71x21
            text run at (79,10) width 71: "Third item"
      RenderBlock {OL} at (0,1620) size 202x146 [border: (1px solid #0000FF)]
        RenderListItem {LI} at (41,1) size 160x41 [border: (5px solid #FFA500)]
          RenderListMarker at (10,10) size 17x21: "1"
          RenderText {#text} at (27,10) size 65x21
            text run at (27,10) width 65: "First item"
        RenderListItem {LI} at (41,42) size 160x62 [border: (5px solid #FFA500)]
          RenderListMarker at (10,10) size 17x21: "2"
          RenderText {#text} at (27,10) size 137x42
            text run at (27,10) width 120: "Second and very"
            text run at (10,31) width 99: "very long item"
        RenderListItem {LI} at (41,104) size 160x41 [border: (5px solid #FFA500)]
          RenderListMarker at (10,10) size 17x21: "3"
          RenderText {#text} at (27,10) size 71x21
            text run at (27,10) width 71: "Third item"
      RenderBlock {OL} at (0,1782) size 202x146 [border: (1px solid #FF0000)]
        RenderListItem {LI} at (1,1) size 160x41 [border: (5px solid #FFA500)]
          RenderListMarker at (133,10) size 17x21: "1"
          RenderText {#text} at (68,10) size 65x21
            text run at (68,10) width 65: "First item"
        RenderListItem {LI} at (1,42) size 160x62 [border: (5px solid #FFA500)]
          RenderListMarker at (133,10) size 17x21: "2"
          RenderText {#text} at (13,10) size 137x42
            text run at (13,10) width 120: "Second and very"
            text run at (51,31) width 99: "very long item"
        RenderListItem {LI} at (1,104) size 160x41 [border: (5px solid #FFA500)]
          RenderListMarker at (133,10) size 17x21: "3"
          RenderText {#text} at (62,10) size 71x21
            text run at (62,10) width 71: "Third item"
