layer at (0,0) size 1938x584
  RenderView at (0,0) size 800x584
layer at (0,0) size 800x584
  RenderBlock {HTML} at (0,0) size 800x584
    RenderBody {BODY} at (8,8) size 784x560
      RenderBlock {OL} at (0,0) size 784x21
        RenderListItem {LI} at (40,0) size 744x21
          RenderListMarker at (-22,0) size 17x21: "1"
          RenderText {#text} at (0,0) size 1890x21
            text run at (0,0) width 1890: "aaaaaaaaaaaaaaaaaaaaaaaaaaaaaaaaaaaaaaaaaaaaaaaaaaaaaaaaaaaaaaaaaaaaaaaaaaaaaaaaaaaaaaaaaaaaaaaaaaaaaaaaaaaaaaaaaaaaaaaaaaaaaaaaaaaaaaaaaaaaaaaaaaaaaaaaaaaaaaaaaaaaaaaaaaaaaaaaaaaaaaaaaaaaaaaaaaaaaaaaaaaaaaaaaa"
      RenderBlock {OL} at (0,37) size 784x42
        RenderListItem {LI} at (40,0) size 744x42
          RenderListMarker at (0,0) size 17x21: "1"
          RenderText {#text} at (0,21) size 1890x21
            text run at (0,21) width 1890: "aaaaaaaaaaaaaaaaaaaaaaaaaaaaaaaaaaaaaaaaaaaaaaaaaaaaaaaaaaaaaaaaaaaaaaaaaaaaaaaaaaaaaaaaaaaaaaaaaaaaaaaaaaaaaaaaaaaaaaaaaaaaaaaaaaaaaaaaaaaaaaaaaaaaaaaaaaaaaaaaaaaaaaaaaaaaaaaaaaaaaaaaaaaaaaaaaaaaaaaaaaaaaaaaaa"
