layer at (0,0) size 800x600
  RenderView at (0,0) size 800x600
layer at (0,0) size 800x600
  RenderBlock {HTML} at (0,0) size 800x600
    RenderBody {BODY} at (8,8) size 784x576
      RenderBlock {P} at (0,0) size 784x42
        RenderText {#text} at (0,0) size 767x42
          text run at (0,0) width 767: "This test verifies that setting a list with list-style: none to display: none does not crash. It checks for regression"
          text run at (0,21) width 56: "against "
        RenderInline {A} at (0,0) size 36x21 [color=#0000EE]
          RenderText {#text} at (56,21) size 36x21
            text run at (56,21) width 36: "6860"
