layer at (0,0) size 800x600
  RenderView at (0,0) size 800x600
layer at (0,0) size 800x600
  RenderBlock {HTML} at (0,0) size 800x600
    RenderBody {BODY} at (8,8) size 784x584
      RenderBlock {P} at (0,0) size 784x21
        RenderText {#text} at (0,0) size 57x21
          text run at (0,0) width 57: "Test for "
        RenderInline {I} at (0,0) size 713x21
          RenderInline {A} at (0,0) size 379x21 [color=#0000EE]
            RenderText {#text} at (57,0) size 379x21
              text run at (57,0) width 379: "http://bugzilla.opendarwin.org/show_bug.cgi?id=8408"
          RenderText {#text} at (436,0) size 334x21
            text run at (436,0) width 4: " "
            text run at (440,0) width 330: "Paint the highlight behind selected list markers"
        RenderText {#text} at (770,0) size 4x21
          text run at (770,0) width 4: "."
      RenderBlock {P} at (0,37) size 784x21
        RenderText {#text} at (0,0) size 413x21
          text run at (0,0) width 413: "This tests the rendering of list markers inside the selection."
      RenderBlock (anonymous) at (0,74) size 784x0
        RenderInline {A} at (0,0) size 0x0
        RenderText {#text} at (0,0) size 0x0
      RenderBlock {HR} at (0,74) size 784x2 [border: (1px inset #000000)]
      RenderBlock {UL} at (0,92) size 784x21
        RenderListItem {LI} at (40,0) size 744x21
          RenderListMarker at (-18,0) size 7x21: bullet
          RenderText {#text} at (0,0) size 172x21
            text run at (0,0) width 172: "Item with outside marker"
      RenderBlock {UL} at (0,129) size 784x21
        RenderListItem {LI} at (40,0) size 744x21
          RenderListMarker at (-1,0) size 7x21: bullet
          RenderText {#text} at (16,0) size 163x21
            text run at (16,0) width 163: "Item with inside marker"
      RenderBlock {UL} at (0,166) size 784x21
        RenderListItem {LI} at (40,0) size 744x21
          RenderListMarker at (-17,6) size 10x10
          RenderText {#text} at (0,0) size 220x21
            text run at (0,0) width 220: "Item with outside image marker"
      RenderBlock {UL} at (0,203) size 784x21
        RenderListItem {LI} at (40,0) size 744x21
          RenderListMarker at (0,6) size 10x10
          RenderText {#text} at (17,0) size 211x21
            text run at (17,0) width 211: "Item with inside image marker"
      RenderBlock {OL} at (0,240) size 784x42
        RenderListItem {LI} at (40,0) size 744x21
          RenderListMarker at (-22,0) size 17x21: "1"
          RenderText {#text} at (0,0) size 172x21
            text run at (0,0) width 172: "Item with outside ordinal"
        RenderListItem {LI} at (40,21) size 744x21
          RenderListMarker at (-22,0) size 17x21: "2"
          RenderText {#text} at (0,0) size 116x21
            text run at (0,0) width 116: "and another one"
      RenderBlock {OL} at (0,298) size 784x42
        RenderListItem {LI} at (40,0) size 744x21
          RenderListMarker at (0,0) size 17x21: "1"
          RenderText {#text} at (17,0) size 163x21
            text run at (17,0) width 163: "Item with inside ordinal"
        RenderListItem {LI} at (40,21) size 744x21
          RenderListMarker at (0,0) size 17x21: "2"
          RenderText {#text} at (17,0) size 116x21
            text run at (17,0) width 116: "and another one"
      RenderBlock {HR} at (0,356) size 784x2 [border: (1px inset #000000)]
      RenderBlock (anonymous) at (0,366) size 784x0
        RenderInline {A} at (0,0) size 0x0
        RenderText {#text} at (0,0) size 0x0
selection start: position 0 of child 7 {HR} of body
selection end:   position 1 of child 21 {HR} of body
