layer at (0,0) size 800x600
  RenderView at (0,0) size 800x600
layer at (0,0) size 800x600
  RenderBlock {HTML} at (0,0) size 800x600
    RenderBody {BODY} at (8,8) size 784x576
      RenderBlock {DIV} at (0,0) size 784x42
        RenderBlock {OL} at (0,0) size 784x42
          RenderListItem {LI} at (40,0) size 744x21
            RenderListMarker at (-22,0) size 17x21: "2"
            RenderText {#text} at (0,0) size 22x21
              text run at (0,0) width 22: "foo"
          RenderListItem {LI} at (40,21) size 744x21
            RenderListMarker at (-22,0) size 17x21: "3"
            RenderText {#text} at (0,0) size 23x21
              text run at (0,0) width 23: "bar"
