layer at (0,0) size 784x854
  RenderView at (0,0) size 784x600
layer at (0,0) size 784x854
  RenderBlock {HTML} at (0,0) size 784x854
    RenderBody {BODY} at (8,8) size 768x830
      RenderBlock (anonymous) at (0,0) size 768x21
        RenderText {#text} at (0,0) size 144x21
          text run at (0,0) width 144: "1. Basic inheritance:"
      RenderBlock {OL} at (0,37) size 768x42
        RenderListItem {LI} at (40,0) size 728x21
          RenderListMarker at (-22,0) size 17x21: "3"
          RenderText {#text} at (0,0) size 86x21
            text run at (0,0) width 86: "Should be 3"
        RenderListItem {LI} at (40,21) size 728x21
          RenderListMarker at (-22,0) size 17x21: "4"
          RenderText {#text} at (0,0) size 86x21
            text run at (0,0) width 86: "Should be 4"
      RenderBlock {HR} at (0,95) size 768x2 [border: (1px inset #000000)]
      RenderBlock (anonymous) at (0,105) size 768x21
        RenderText {#text} at (0,0) size 325x21
          text run at (0,0) width 325: "2. Test that the inner start value gets inherited:"
      RenderBlock {OL} at (0,142) size 768x42
        RenderListItem {LI} at (40,0) size 728x21
          RenderListMarker at (-22,0) size 17x21: "5"
          RenderText {#text} at (0,0) size 86x21
            text run at (0,0) width 86: "Should be 5"
        RenderBlock {OL} at (40,21) size 728x21
          RenderListItem {LI} at (40,0) size 688x21
            RenderListMarker at (-22,0) size 17x21: "3"
            RenderText {#text} at (0,0) size 86x21
              text run at (0,0) width 86: "Should be 3"
      RenderBlock {HR} at (0,200) size 768x2 [border: (1px inset #000000)]
      RenderBlock (anonymous) at (0,210) size 768x21
        RenderText {#text} at (0,0) size 427x21
          text run at (0,0) width 427: "3. Test that extra tags before the li don't block the inheritance"
      RenderBlock {OL} at (0,247) size 768x58
        RenderBlock {P} at (40,0) size 728x21
          RenderText {#text} at (0,0) size 31x21
            text run at (0,0) width 31: "Text"
        RenderListItem {LI} at (40,37) size 728x21
          RenderListMarker at (-22,0) size 17x21: "3"
          RenderText {#text} at (0,0) size 86x21
            text run at (0,0) width 86: "Should be 3"
      RenderBlock {HR} at (0,321) size 768x2 [border: (1px inset #000000)]
      RenderBlock (anonymous) at (0,331) size 768x21
        RenderText {#text} at (0,0) size 300x21
          text run at (0,0) width 300: "4. Test for inheritance through many levels"
      RenderBlock {OL} at (0,368) size 768x21
        RenderBlock (anonymous) at (40,0) size 728x0
          RenderInline {B} at (0,0) size 0x0
        RenderBlock (anonymous) at (40,0) size 728x21
          RenderListItem {LI} at (0,0) size 728x21
            RenderListMarker at (-22,0) size 17x21: "3"
            RenderText {#text} at (0,0) size 172x21
              text run at (0,0) width 172: "Should be 3 (and bold)"
        RenderBlock (anonymous) at (40,21) size 728x0
          RenderInline {B} at (0,0) size 0x0
          RenderText {#text} at (0,0) size 0x0
      RenderBlock {HR} at (0,405) size 768x2 [border: (1px inset #000000)]
      RenderBlock (anonymous) at (0,415) size 768x21
        RenderText {#text} at (0,0) size 458x21
          text run at (0,0) width 458: "5. Test for properly chaining from the previous li when it is nested"
      RenderBlock {OL} at (0,452) size 768x63
        RenderBlock (anonymous) at (40,0) size 728x0
          RenderInline {B} at (0,0) size 0x0
        RenderBlock (anonymous) at (40,0) size 728x21
          RenderListItem {LI} at (0,0) size 728x21
            RenderListMarker at (-22,0) size 17x21: "3"
            RenderText {#text} at (0,0) size 172x21
              text run at (0,0) width 172: "Should be 3 (and bold)"
        RenderBlock (anonymous) at (40,21) size 728x0
          RenderInline {B} at (0,0) size 0x0
          RenderText {#text} at (0,0) size 0x0
        RenderListItem {LI} at (40,21) size 728x21
          RenderListMarker at (-22,0) size 17x21: "4"
          RenderText {#text} at (0,0) size 86x21
            text run at (0,0) width 86: "Should be 4"
        RenderListItem {LI} at (40,42) size 728x21
          RenderListMarker at (-22,0) size 17x21: "5"
          RenderText {#text} at (0,0) size 86x21
            text run at (0,0) width 86: "Should be 5"
      RenderBlock {HR} at (0,531) size 768x2 [border: (1px inset #000000)]
      RenderBlock (anonymous) at (0,541) size 768x21
        RenderText {#text} at (0,0) size 499x21
          text run at (0,0) width 499: "6. Test for properly chaining from the previous li when current is nested"
      RenderBlock {OL} at (0,578) size 768x42
        RenderListItem {LI} at (40,0) size 728x21
          RenderListMarker at (-22,0) size 17x21: "1"
          RenderText {#text} at (0,0) size 86x21
            text run at (0,0) width 86: "Should be 1"
        RenderBlock (anonymous) at (40,21) size 728x0
          RenderInline {B} at (0,0) size 0x0
        RenderBlock (anonymous) at (40,21) size 728x21
          RenderListItem {LI} at (0,0) size 728x21
            RenderListMarker at (-22,0) size 17x21: "2"
            RenderText {#text} at (0,0) size 172x21
              text run at (0,0) width 172: "Should be 2 (and bold)"
        RenderBlock (anonymous) at (40,42) size 728x0
          RenderInline {B} at (0,0) size 0x0
          RenderText {#text} at (0,0) size 0x0
      RenderBlock {HR} at (0,636) size 768x2 [border: (1px inset #000000)]
      RenderBlock (anonymous) at (0,646) size 768x21
        RenderText {#text} at (0,0) size 492x21
          text run at (0,0) width 492: "7. Test for properly chaining from the previous li when both are nested"
      RenderBlock {OL} at (0,683) size 768x42
        RenderBlock (anonymous) at (40,0) size 728x0
          RenderInline {I} at (0,0) size 0x0
        RenderBlock (anonymous) at (40,0) size 728x21
          RenderListItem {LI} at (0,0) size 728x21
            RenderListMarker at (-22,0) size 17x21: "2"
            RenderText {#text} at (0,0) size 164x21
              text run at (0,0) width 164: "Should be 2 (and italic)"
        RenderBlock (anonymous) at (40,21) size 728x0
          RenderInline {I} at (0,0) size 0x0
          RenderText {#text} at (0,0) size 0x0
          RenderInline {B} at (0,0) size 0x0
        RenderBlock (anonymous) at (40,21) size 728x21
          RenderListItem {LI} at (0,0) size 728x21
            RenderListMarker at (-22,0) size 17x21: "3"
            RenderText {#text} at (0,0) size 172x21
              text run at (0,0) width 172: "Should be 3 (and bold)"
        RenderBlock (anonymous) at (40,42) size 728x0
          RenderInline {B} at (0,0) size 0x0
          RenderText {#text} at (0,0) size 0x0
      RenderBlock {HR} at (0,741) size 768x2 [border: (1px inset #000000)]
      RenderBlock (anonymous) at (0,751) size 768x21
        RenderText {#text} at (0,0) size 384x21
          text run at (0,0) width 384: "8. Test for not inheriting improperly from an another list"
      RenderBlock {OL} at (0,788) size 768x42
        RenderBlock {OL} at (40,0) size 728x21
          RenderListItem {LI} at (40,0) size 688x21
            RenderListMarker at (-22,0) size 17x21: "2"
            RenderText {#text} at (0,0) size 86x21
              text run at (0,0) width 86: "Should be 2"
        RenderListItem {LI} at (40,21) size 728x21
          RenderListMarker at (-22,0) size 17x21: "5"
          RenderText {#text} at (0,0) size 86x21
            text run at (0,0) width 86: "Should be 5"
