layer at (0,0) size 800x600
  RenderView at (0,0) size 800x600
layer at (0,0) size 800x600
  RenderBlock {HTML} at (0,0) size 800x600
    RenderBody {BODY} at (8,8) size 784x584
      RenderTable {DIV} at (0,0) size 305x58
        RenderTableSection (anonymous) at (0,0) size 305x58
          RenderTableRow (anonymous) at (0,0) size 305x58
            RenderTableCell (anonymous) at (0,0) size 305x58 [r=0 c=0 rs=1 cs=1]
              RenderBlock (anonymous) at (0,0) size 305x0
                RenderInline {FORM} at (0,0) size 0x0
                  RenderText {#text} at (0,0) size 0x0
              RenderBlock (anonymous) at (0,0) size 305x22
                RenderBlock {H3} at (0,0) size 305x22
                  RenderText {#text} at (0,0) size 305x21
                    text run at (0,0) width 305: "There should be a fourth dot bellow..."
              RenderBlock (anonymous) at (0,40) size 305x18
                RenderInline {FORM} at (0,0) size 0x0
                RenderInline (generated) at (0,0) size 4x17
                  RenderText at (0,0) size 4x17
                    text run at (0,0) width 4: "."
