layer at (0,0) size 800x600
  RenderView at (0,0) size 800x600
layer at (0,0) size 800x600
  RenderBlock {HTML} at (0,0) size 800x600
    RenderBody {BODY} at (8,8) size 784x584
      RenderTable {DIV} at (0,0) size 50x19 [color=#0000FF]
        RenderTableSection (anonymous) at (0,0) size 50x19
          RenderTableRow (anonymous) at (0,0) size 50x19
            RenderTableCell (anonymous) at (0,0) size 50x19 [r=0 c=0 rs=1 cs=1]
              RenderInline (generated) at (0,0) size 17x16 [color=#FF0000]
                RenderCounter at (0,3) size 17x16
                  text run at (0,3) width 17: "0"
              RenderTable {Q} at (16,0) size 33x16
                RenderTableSection (anonymous) at (0,0) size 33x16
                  RenderTableRow (anonymous) at (0,0) size 33x16
                    RenderTableCell (anonymous) at (0,0) size 33x16 [r=0 c=0 rs=1 cs=1]
                      RenderInline (generated) at (0,0) size 17x16
                        RenderQuote at (0,0) size 17x16
                          text run at (0,0) width 17: "\""
                      RenderInline (generated) at (0,0) size 17x16
                        RenderQuote at (16,0) size 17x16
                          text run at (16,0) width 17: "\""
      RenderText {#text} at (0,0) size 0x0
      RenderText {#text} at (0,0) size 0x0
