layer at (0,0) size 800x600
  RenderView at (0,0) size 800x600
layer at (0,0) size 800x600
  RenderBlock {HTML} at (0,0) size 800x600
    RenderBody {BODY} at (8,8) size 784x584 [color=#FF0000]
      RenderBlock {P} at (0,0) size 784x19
        RenderText {#text} at (0,0) size 369x19
          text run at (0,0) width 369: "Should say \x{201C}BEFORE CONTENT AFTER CONTENT\x{201D}"
      RenderTable {DIV} at (0,35) size 77x57
        RenderTableSection (anonymous) at (0,0) size 77x57
          RenderTableRow (anonymous) at (0,0) size 77x57
            RenderTableCell (anonymous) at (0,0) size 77x57 [r=0 c=0 rs=1 cs=1]
              RenderTable at (0,0) size 63x19
                RenderTableSection (anonymous) at (0,0) size 63x19
                  RenderTableRow (anonymous) at (0,0) size 63x19
                    RenderTableCell (anonymous) at (0,0) size 63x19 [r=0 c=0 rs=1 cs=1]
                      RenderText at (0,0) size 63x19
                        text run at (0,0) width 63: "BEFORE"
              RenderBlock {DIV} at (0,19) size 77x19
                RenderText {#text} at (0,0) size 77x19
                  text run at (0,0) width 77: "CONTENT"
              RenderTable at (0,38) size 52x19
                RenderTableSection (anonymous) at (0,0) size 52x19
                  RenderTableRow (anonymous) at (0,0) size 52x19
                    RenderTableCell (anonymous) at (0,0) size 52x19 [r=0 c=0 rs=1 cs=1]
                      RenderText at (0,0) size 52x19
                        text run at (0,0) width 52: "AFTER"
      RenderBlock (anonymous) at (0,92) size 784x19
        RenderText {#text} at (0,0) size 77x19
          text run at (0,0) width 77: "CONTENT"
        RenderText {#text} at (0,0) size 0x0
