layer at (0,0) size 800x600
  RenderView at (0,0) size 800x600
layer at (0,0) size 800x600
  RenderBlock {HTML} at (0,0) size 800x600
    RenderBody {BODY} at (8,8) size 784x584
      RenderBlock {P} at (0,0) size 784x20
        RenderText {#text} at (0,0) size 251x19
          text run at (0,0) width 251: "Test appearances of input-speech-button."
      RenderBlock {DIV} at (0,36) size 784x0
      RenderBlock {DIV} at (0,36) size 784x314
        RenderTable {TABLE} at (0,0) size 649x314
          RenderTableSection {TBODY} at (0,0) size 649x314
            RenderTableRow {TR} at (0,2) size 649x310
              RenderTableCell {TD} at (2,2) size 163x310 [r=0 c=0 rs=1 cs=1]
                RenderBlock {DIV} at (1,1) size 161x308
                  RenderTextControl {INPUT} at (0,0) size 103x16 [bgcolor=#FFFFFF] [border: (2px inset #000000)]
                  RenderBR {BR} at (103,11) size 0x0
                  RenderTextControl {INPUT} at (0,16) size 103x16 [bgcolor=#FFFFFF] [border: (2px inset #000000)]
                    RenderDeprecatedFlexibleBox {DIV} at (2,3) size 99x10
                      RenderBlock {DIV} at (0,0) size 89x10
                      RenderBlock {DIV} at (89,0) size 10x10
                  RenderBR {BR} at (103,27) size 0x0
                  RenderTextControl {INPUT} at (0,32) size 106x18 [bgcolor=#FFFFFF] [border: (2px inset #000000)]
                  RenderBR {BR} at (106,44) size 0x0
                  RenderTextControl {INPUT} at (0,50) size 106x18 [bgcolor=#FFFFFF] [border: (2px inset #000000)]
                    RenderDeprecatedFlexibleBox {DIV} at (2,3) size 102x12
                      RenderBlock {DIV} at (0,0) size 91x12
                      RenderBlock {DIV} at (91,0) size 11x11
                  RenderBR {BR} at (106,62) size 0x0
                  RenderTextControl {INPUT} at (0,68) size 109x19 [bgcolor=#FFFFFF] [border: (2px inset #000000)]
                  RenderBR {BR} at (109,81) size 0x0
                  RenderTextControl {INPUT} at (0,87) size 109x19 [bgcolor=#FFFFFF] [border: (2px inset #000000)]
                    RenderDeprecatedFlexibleBox {DIV} at (2,3) size 105x13
                      RenderBlock {DIV} at (0,0) size 93x13
                      RenderBlock {DIV} at (93,0) size 12x12
                  RenderBR {BR} at (109,100) size 0x0
                  RenderTextControl {INPUT} at (2,108) size 130x20 [bgcolor=#FFFFFF] [border: (2px inset #000000)]
                  RenderBR {BR} at (134,122) size 0x0
                  RenderTextControl {INPUT} at (2,132) size 130x20 [bgcolor=#FFFFFF] [border: (2px inset #000000)]
                    RenderDeprecatedFlexibleBox {DIV} at (2,3) size 126x14
                      RenderBlock {DIV} at (0,0) size 112x14
                      RenderBlock {DIV} at (112,0) size 14x14
                  RenderBR {BR} at (134,146) size 0x0
                  RenderTextControl {INPUT} at (2,156) size 133x21 [bgcolor=#FFFFFF] [border: (2px inset #000000)]
                  RenderBR {BR} at (137,171) size 0x0
                  RenderTextControl {INPUT} at (2,181) size 133x21 [bgcolor=#FFFFFF] [border: (2px inset #000000)]
                    RenderDeprecatedFlexibleBox {DIV} at (2,3) size 129x15
                      RenderBlock {DIV} at (0,0) size 114x15
                      RenderBlock {DIV} at (114,0) size 15x15
                  RenderBR {BR} at (137,196) size 0x0
                  RenderTextControl {INPUT} at (2,206) size 155x22 [bgcolor=#FFFFFF] [border: (2px inset #000000)]
                  RenderBR {BR} at (159,222) size 0x0
                  RenderTextControl {INPUT} at (2,232) size 155x22 [bgcolor=#FFFFFF] [border: (2px inset #000000)]
                    RenderDeprecatedFlexibleBox {DIV} at (2,3) size 151x16
                      RenderBlock {DIV} at (0,0) size 135x16
                      RenderBlock {DIV} at (135,0) size 16x16
                  RenderBR {BR} at (159,248) size 0x0
                  RenderTextControl {INPUT} at (2,258) size 157x22 [bgcolor=#FFFFFF] [border: (2px inset #000000)]
                  RenderBR {BR} at (161,274) size 0x0
                  RenderTextControl {INPUT} at (2,284) size 157x22 [bgcolor=#FFFFFF] [border: (2px inset #000000)]
                    RenderDeprecatedFlexibleBox {DIV} at (2,3) size 153x16
                      RenderBlock {DIV} at (0,0) size 136x16
                      RenderBlock {DIV} at (136,0) size 17x17
                  RenderBR {BR} at (161,300) size 0x0
              RenderTableCell {TD} at (167,5) size 215x304 [r=0 c=1 rs=1 cs=1]
                RenderBlock {DIV} at (1,1) size 213x302
                  RenderTextControl {INPUT} at (2,2) size 179x23 [bgcolor=#FFFFFF] [border: (2px inset #000000)]
                  RenderBR {BR} at (183,19) size 0x0
                  RenderTextControl {INPUT} at (2,29) size 179x23 [bgcolor=#FFFFFF] [border: (2px inset #000000)]
                    RenderDeprecatedFlexibleBox {DIV} at (2,3) size 175x17
                      RenderBlock {DIV} at (0,0) size 157x17
                      RenderBlock {DIV} at (157,0) size 18x18
                  RenderBR {BR} at (183,46) size 0x0
                  RenderTextControl {INPUT} at (2,56) size 182x25 [bgcolor=#FFFFFF] [border: (2px inset #000000)]
                  RenderBR {BR} at (186,74) size 0x0
                  RenderTextControl {INPUT} at (2,85) size 182x25 [bgcolor=#FFFFFF] [border: (2px inset #000000)]
                    RenderDeprecatedFlexibleBox {DIV} at (2,3) size 178x19
                      RenderBlock {DIV} at (0,0) size 158x19
                      RenderBlock {DIV} at (158,0) size 20x20
                  RenderBR {BR} at (186,103) size 0x0
                  RenderTextControl {INPUT} at (2,114) size 203x26 [bgcolor=#FFFFFF] [border: (2px inset #000000)]
                  RenderBR {BR} at (207,132) size 0x0
                  RenderTextControl {INPUT} at (2,144) size 203x26 [bgcolor=#FFFFFF] [border: (2px inset #000000)]
                    RenderDeprecatedFlexibleBox {DIV} at (2,3) size 199x20
                      RenderBlock {DIV} at (0,0) size 178x20
                      RenderBlock {DIV} at (178,0) size 21x21
                  RenderBR {BR} at (207,162) size 0x0
                  RenderTextControl {INPUT} at (2,174) size 206x28 [bgcolor=#FFFFFF] [border: (2px inset #000000)]
                  RenderBR {BR} at (210,194) size 0x0
                  RenderTextControl {INPUT} at (2,206) size 206x28 [bgcolor=#FFFFFF] [border: (2px inset #000000)]
                    RenderDeprecatedFlexibleBox {DIV} at (2,3) size 202x22
                      RenderBlock {DIV} at (0,0) size 180x22
                      RenderBlock {DIV} at (180,0) size 22x22
                  RenderBR {BR} at (210,226) size 0x0
                  RenderTextControl {INPUT} at (2,238) size 209x29 [bgcolor=#FFFFFF] [border: (2px inset #000000)]
                  RenderBR {BR} at (213,259) size 0x0
                  RenderTextControl {INPUT} at (2,271) size 209x29 [bgcolor=#FFFFFF] [border: (2px inset #000000)]
                    RenderDeprecatedFlexibleBox {DIV} at (2,3) size 205x23
                      RenderBlock {DIV} at (0,0) size 182x23
                      RenderBlock {DIV} at (182,0) size 23x23
                  RenderBR {BR} at (213,292) size 0x0
              RenderTableCell {TD} at (384,14) size 263x286 [r=0 c=2 rs=1 cs=1]
                RenderBlock {DIV} at (1,1) size 261x284
                  RenderTextControl {INPUT} at (2,2) size 230x30 [bgcolor=#FFFFFF] [border: (2px inset #000000)]
                  RenderBR {BR} at (234,24) size 0x0
                  RenderTextControl {INPUT} at (2,36) size 230x30 [bgcolor=#FFFFFF] [border: (2px inset #000000)]
                    RenderDeprecatedFlexibleBox {DIV} at (2,3) size 226x24
                      RenderBlock {DIV} at (0,0) size 201x24
                      RenderBlock {DIV} at (201,0) size 25x25
                  RenderBR {BR} at (234,58) size 0x0
                  RenderTextControl {INPUT} at (2,70) size 233x31 [bgcolor=#FFFFFF] [border: (2px inset #000000)]
                  RenderBR {BR} at (237,92) size 0x0
                  RenderTextControl {INPUT} at (2,105) size 233x31 [bgcolor=#FFFFFF] [border: (2px inset #000000)]
                    RenderDeprecatedFlexibleBox {DIV} at (2,3) size 229x25
                      RenderBlock {DIV} at (0,0) size 203x25
                      RenderBlock {DIV} at (203,0) size 26x26
                  RenderBR {BR} at (237,127) size 0x0
                  RenderTextControl {INPUT} at (2,140) size 255x32 [bgcolor=#FFFFFF] [border: (2px inset #000000)]
                  RenderBR {BR} at (259,163) size 0x0
                  RenderTextControl {INPUT} at (2,176) size 255x32 [bgcolor=#FFFFFF] [border: (2px inset #000000)]
                    RenderDeprecatedFlexibleBox {DIV} at (2,3) size 251x26
                      RenderBlock {DIV} at (0,0) size 224x26
                      RenderBlock {DIV} at (224,0) size 27x27
                  RenderBR {BR} at (259,199) size 0x0
                  RenderTextControl {INPUT} at (2,212) size 257x33 [bgcolor=#FFFFFF] [border: (2px inset #000000)]
                  RenderBR {BR} at (261,236) size 0x0
                  RenderTextControl {INPUT} at (2,249) size 257x33 [bgcolor=#FFFFFF] [border: (2px inset #000000)]
                    RenderDeprecatedFlexibleBox {DIV} at (2,3) size 253x27
                      RenderBlock {DIV} at (0,0) size 225x27
                      RenderBlock {DIV} at (225,0) size 28x28
                  RenderBR {BR} at (261,273) size 0x0
      RenderBlock (anonymous) at (0,350) size 784x26
        RenderTextControl {INPUT} at (2,2) size 155x22 [bgcolor=#FFFFFF] [border: (2px inset #000000)]
          RenderDeprecatedFlexibleBox {DIV} at (2,3) size 151x16
            RenderBlock {DIV} at (0,0) size 135x16
            RenderBlock {DIV} at (135,0) size 16x16
        RenderTextControl {INPUT} at (161,2) size 155x22 [bgcolor=#FFFFFF] [border: (2px inset #000000)]
        RenderText {#text} at (0,0) size 0x0
layer at (13,50) size 99x10 scrollWidth 140
  RenderBlock {DIV} at (2,3) size 99x10
    RenderText {#text} at (1,0) size 138x10
      text run at (1,0) width 138: "A quick brown fox jumps over the lazy dog"
layer at (13,66) size 89x10 scrollWidth 140
  RenderBlock {DIV} at (0,0) size 89x10
    RenderText {#text} at (1,0) size 138x10
      text run at (1,0) width 138: "A quick brown fox jumps over the lazy dog"
layer at (13,82) size 102x12 scrollWidth 181
  RenderBlock {DIV} at (2,3) size 102x12
    RenderText {#text} at (1,0) size 179x12
      text run at (1,0) width 179: "A quick brown fox jumps over the lazy dog"
layer at (13,100) size 91x12 scrollWidth 181
  RenderBlock {DIV} at (0,0) size 91x12
    RenderText {#text} at (1,0) size 179x12
      text run at (1,0) width 179: "A quick brown fox jumps over the lazy dog"
layer at (13,118) size 105x13 scrollWidth 199
  RenderBlock {DIV} at (2,3) size 105x13
    RenderText {#text} at (1,0) size 197x13
      text run at (1,0) width 197: "A quick brown fox jumps over the lazy dog"
layer at (13,137) size 93x13 scrollWidth 199
  RenderBlock {DIV} at (0,0) size 93x13
    RenderText {#text} at (1,0) size 197x13
      text run at (1,0) width 197: "A quick brown fox jumps over the lazy dog"
layer at (15,158) size 126x14 scrollWidth 210
  RenderBlock {DIV} at (2,3) size 126x14
    RenderText {#text} at (1,0) size 208x14
      text run at (1,0) width 208: "A quick brown fox jumps over the lazy dog"
layer at (15,182) size 112x14 scrollWidth 210
  RenderBlock {DIV} at (0,0) size 112x14
    RenderText {#text} at (1,0) size 208x14
      text run at (1,0) width 208: "A quick brown fox jumps over the lazy dog"
layer at (15,206) size 129x15 scrollWidth 227
  RenderBlock {DIV} at (2,3) size 129x15
    RenderText {#text} at (1,0) size 225x15
      text run at (1,0) width 225: "A quick brown fox jumps over the lazy dog"
layer at (15,231) size 114x15 scrollWidth 227
  RenderBlock {DIV} at (0,0) size 114x15
    RenderText {#text} at (1,0) size 225x15
      text run at (1,0) width 225: "A quick brown fox jumps over the lazy dog"
layer at (15,256) size 151x16 scrollWidth 246
  RenderBlock {DIV} at (2,3) size 151x16
    RenderText {#text} at (1,0) size 244x16
      text run at (1,0) width 244: "A quick brown fox jumps over the lazy dog"
layer at (15,282) size 135x16 scrollWidth 246
  RenderBlock {DIV} at (0,0) size 135x16
    RenderText {#text} at (1,0) size 244x16
      text run at (1,0) width 244: "A quick brown fox jumps over the lazy dog"
layer at (15,308) size 153x16 scrollWidth 265
  RenderBlock {DIV} at (2,3) size 153x16
    RenderText {#text} at (1,0) size 263x16
      text run at (1,0) width 263: "A quick brown fox jumps over the lazy dog"
layer at (15,334) size 136x16 scrollWidth 265
  RenderBlock {DIV} at (0,0) size 136x16
    RenderText {#text} at (1,0) size 263x16
      text run at (1,0) width 263: "A quick brown fox jumps over the lazy dog"
layer at (180,55) size 175x17 scrollWidth 274
  RenderBlock {DIV} at (2,3) size 175x17
    RenderText {#text} at (1,0) size 272x17
      text run at (1,0) width 272: "A quick brown fox jumps over the lazy dog"
layer at (180,82) size 157x17 scrollWidth 274
  RenderBlock {DIV} at (0,0) size 157x17
    RenderText {#text} at (1,0) size 272x17
      text run at (1,0) width 272: "A quick brown fox jumps over the lazy dog"
layer at (180,109) size 178x19 scrollWidth 289
  RenderBlock {DIV} at (2,3) size 178x19
    RenderText {#text} at (1,0) size 287x18
      text run at (1,0) width 287: "A quick brown fox jumps over the lazy dog"
layer at (180,138) size 158x19 scrollWidth 289
  RenderBlock {DIV} at (0,0) size 158x19
    RenderText {#text} at (1,0) size 287x18
      text run at (1,0) width 287: "A quick brown fox jumps over the lazy dog"
layer at (180,167) size 199x20 scrollWidth 308
  RenderBlock {DIV} at (2,3) size 199x20
    RenderText {#text} at (1,0) size 306x19
      text run at (1,0) width 306: "A quick brown fox jumps over the lazy dog"
layer at (180,197) size 178x20 scrollWidth 308
  RenderBlock {DIV} at (0,0) size 178x20
    RenderText {#text} at (1,0) size 306x19
      text run at (1,0) width 306: "A quick brown fox jumps over the lazy dog"
layer at (180,227) size 202x22 scrollWidth 335
  RenderBlock {DIV} at (2,3) size 202x22
    RenderText {#text} at (1,0) size 333x21
      text run at (1,0) width 333: "A quick brown fox jumps over the lazy dog"
layer at (180,259) size 180x22 scrollWidth 335
  RenderBlock {DIV} at (0,0) size 180x22
    RenderText {#text} at (1,0) size 333x21
      text run at (1,0) width 333: "A quick brown fox jumps over the lazy dog"
layer at (180,291) size 205x23 scrollWidth 355
  RenderBlock {DIV} at (2,3) size 205x23
    RenderText {#text} at (1,0) size 353x22
      text run at (1,0) width 353: "A quick brown fox jumps over the lazy dog"
layer at (180,324) size 182x23 scrollWidth 355
  RenderBlock {DIV} at (0,0) size 182x23
    RenderText {#text} at (1,0) size 353x22
      text run at (1,0) width 353: "A quick brown fox jumps over the lazy dog"
layer at (397,64) size 226x24 scrollWidth 371
  RenderBlock {DIV} at (2,3) size 226x24
    RenderText {#text} at (1,0) size 369x23
      text run at (1,0) width 369: "A quick brown fox jumps over the lazy dog"
layer at (397,98) size 201x24 scrollWidth 371
  RenderBlock {DIV} at (0,0) size 201x24
    RenderText {#text} at (1,0) size 369x23
      text run at (1,0) width 369: "A quick brown fox jumps over the lazy dog"
layer at (397,132) size 229x25 scrollWidth 389
  RenderBlock {DIV} at (2,3) size 229x25
    RenderText {#text} at (1,0) size 387x24
      text run at (1,0) width 387: "A quick brown fox jumps over the lazy dog"
layer at (397,167) size 203x25 scrollWidth 389
  RenderBlock {DIV} at (0,0) size 203x25
    RenderText {#text} at (1,0) size 387x24
      text run at (1,0) width 387: "A quick brown fox jumps over the lazy dog"
layer at (397,202) size 251x26 scrollWidth 405
  RenderBlock {DIV} at (2,3) size 251x26
    RenderText {#text} at (1,0) size 403x25
      text run at (1,0) width 403: "A quick brown fox jumps over the lazy dog"
layer at (397,238) size 224x26 scrollWidth 405
  RenderBlock {DIV} at (0,0) size 224x26
    RenderText {#text} at (1,0) size 403x25
      text run at (1,0) width 403: "A quick brown fox jumps over the lazy dog"
layer at (397,274) size 253x27 scrollWidth 418
  RenderBlock {DIV} at (2,3) size 253x27
    RenderText {#text} at (1,0) size 416x26
      text run at (1,0) width 416: "A quick brown fox jumps over the lazy dog"
layer at (397,311) size 225x27 scrollWidth 418
  RenderBlock {DIV} at (0,0) size 225x27
    RenderText {#text} at (1,0) size 416x26
      text run at (1,0) width 416: "A quick brown fox jumps over the lazy dog"
layer at (12,363) size 135x16
  RenderBlock {DIV} at (0,0) size 135x16
layer at (171,363) size 151x16
  RenderBlock {DIV} at (2,3) size 151x16
