layer at (0,0) size 800x600
  RenderView at (0,0) size 800x600
layer at (0,0) size 800x600
  RenderBlock {HTML} at (0,0) size 800x600
    RenderBody {BODY} at (8,8) size 784x584
      RenderBlock {P} at (0,0) size 784x20
        RenderText {#text} at (0,0) size 400x19
          text run at (0,0) width 400: "Test appearances of input-speech-button in <input type='search'>."
      RenderBlock {DIV} at (0,36) size 784x0
      RenderBlock {DIV} at (0,36) size 784x471
        RenderTable {TABLE} at (0,0) size 655x471
          RenderTableSection {TBODY} at (0,0) size 655x471
            RenderTableRow {TR} at (0,2) size 655x467
              RenderTableCell {TD} at (2,2) size 165x467 [r=0 c=0 rs=1 cs=1]
                RenderBlock {DIV} at (1,1) size 163x465
                  RenderTextControl {INPUT} at (0,0) size 105x17 [bgcolor=#FFFFFF] [border: (2px inset #000000)]
                    RenderDeprecatedFlexibleBox {DIV} at (3,3) size 99x11
                      RenderBlock {DIV} at (0,0) size 1x11
                      RenderBlock {DIV} at (1,0) size 79x10
                      RenderBlock {DIV} at (80,2) size 6x6
                      RenderBlock {DIV} at (89,0) size 10x10
                  RenderBR {BR} at (105,11) size 0x0
                  RenderTextControl {INPUT} at (0,17) size 105x17 [bgcolor=#FFFFFF] [border: (2px inset #000000)]
                    RenderDeprecatedFlexibleBox {DIV} at (3,3) size 99x11
                      RenderBlock {DIV} at (0,0) size 1x11
                      RenderBlock {DIV} at (1,0) size 89x10
                      RenderBlock {DIV} at (90,2) size 6x6
                  RenderBR {BR} at (105,28) size 0x0
                  RenderTextControl {INPUT} at (0,34) size 105x17 [bgcolor=#FFFFFF] [border: (2px inset #000000)]
                    RenderDeprecatedFlexibleBox {DIV} at (3,3) size 99x11
                      RenderBlock {DIV} at (0,0) size 1x11
                      RenderBlock {DIV} at (1,0) size 79x10
                      RenderBlock {DIV} at (80,2) size 6x6
                      RenderBlock {DIV} at (89,0) size 10x10
                  RenderBR {BR} at (105,45) size 0x0
                  RenderTextControl {INPUT} at (0,51) size 108x18 [bgcolor=#FFFFFF] [border: (2px inset #000000)]
                    RenderDeprecatedFlexibleBox {DIV} at (3,3) size 102x12
                      RenderBlock {DIV} at (0,0) size 1x11
                      RenderBlock {DIV} at (1,0) size 81x12
                      RenderBlock {DIV} at (82,3) size 6x6
                      RenderBlock {DIV} at (91,0) size 11x11
                  RenderBR {BR} at (108,63) size 0x0
                  RenderTextControl {INPUT} at (0,69) size 108x18 [bgcolor=#FFFFFF] [border: (2px inset #000000)]
                    RenderDeprecatedFlexibleBox {DIV} at (3,3) size 102x12
                      RenderBlock {DIV} at (0,0) size 1x11
                      RenderBlock {DIV} at (1,0) size 92x12
                      RenderBlock {DIV} at (93,3) size 6x6
                  RenderBR {BR} at (108,81) size 0x0
                  RenderTextControl {INPUT} at (0,87) size 108x18 [bgcolor=#FFFFFF] [border: (2px inset #000000)]
                    RenderDeprecatedFlexibleBox {DIV} at (3,3) size 102x12
                      RenderBlock {DIV} at (0,0) size 1x11
                      RenderBlock {DIV} at (1,0) size 81x12
                      RenderBlock {DIV} at (82,3) size 6x6
                      RenderBlock {DIV} at (91,0) size 11x11
                  RenderBR {BR} at (108,99) size 0x0
                  RenderTextControl {INPUT} at (0,105) size 111x19 [bgcolor=#FFFFFF] [border: (2px inset #000000)]
                    RenderDeprecatedFlexibleBox {DIV} at (3,3) size 105x13
                      RenderBlock {DIV} at (0,1) size 1x11
                      RenderBlock {DIV} at (1,0) size 82x13
                      RenderBlock {DIV} at (83,3) size 7x7
                      RenderBlock {DIV} at (93,0) size 12x12
                  RenderBR {BR} at (111,118) size 0x0
                  RenderTextControl {INPUT} at (0,124) size 111x19 [bgcolor=#FFFFFF] [border: (2px inset #000000)]
                    RenderDeprecatedFlexibleBox {DIV} at (3,3) size 105x13
                      RenderBlock {DIV} at (0,1) size 1x11
                      RenderBlock {DIV} at (1,0) size 94x13
                      RenderBlock {DIV} at (95,3) size 7x7
                  RenderBR {BR} at (111,137) size 0x0
                  RenderTextControl {INPUT} at (0,143) size 111x19 [bgcolor=#FFFFFF] [border: (2px inset #000000)]
                    RenderDeprecatedFlexibleBox {DIV} at (3,3) size 105x13
                      RenderBlock {DIV} at (0,1) size 1x11
                      RenderBlock {DIV} at (1,0) size 82x13
                      RenderBlock {DIV} at (83,3) size 7x7
                      RenderBlock {DIV} at (93,0) size 12x12
                  RenderBR {BR} at (111,156) size 0x0
                  RenderTextControl {INPUT} at (2,164) size 132x20 [bgcolor=#FFFFFF] [border: (2px inset #000000)]
                    RenderDeprecatedFlexibleBox {DIV} at (3,3) size 126x14
                      RenderBlock {DIV} at (0,1) size 1x11
                      RenderBlock {DIV} at (1,0) size 100x14
                      RenderBlock {DIV} at (101,3) size 8x8
                      RenderBlock {DIV} at (112,0) size 14x14
                  RenderBR {BR} at (136,178) size 0x0
                  RenderTextControl {INPUT} at (2,188) size 132x20 [bgcolor=#FFFFFF] [border: (2px inset #000000)]
                    RenderDeprecatedFlexibleBox {DIV} at (3,3) size 126x14
                      RenderBlock {DIV} at (0,1) size 1x11
                      RenderBlock {DIV} at (1,0) size 114x14
                      RenderBlock {DIV} at (115,3) size 8x8
                  RenderBR {BR} at (136,202) size 0x0
                  RenderTextControl {INPUT} at (2,212) size 132x20 [bgcolor=#FFFFFF] [border: (2px inset #000000)]
                    RenderDeprecatedFlexibleBox {DIV} at (3,3) size 126x14
                      RenderBlock {DIV} at (0,1) size 1x11
                      RenderBlock {DIV} at (1,0) size 100x14
                      RenderBlock {DIV} at (101,3) size 8x8
                      RenderBlock {DIV} at (112,0) size 14x14
                  RenderBR {BR} at (136,226) size 0x0
                  RenderTextControl {INPUT} at (2,236) size 135x21 [bgcolor=#FFFFFF] [border: (2px inset #000000)]
                    RenderDeprecatedFlexibleBox {DIV} at (3,3) size 129x15
                      RenderBlock {DIV} at (0,2) size 1x11
                      RenderBlock {DIV} at (1,0) size 102x15
                      RenderBlock {DIV} at (103,3) size 8x8
                      RenderBlock {DIV} at (114,0) size 15x15
                  RenderBR {BR} at (139,251) size 0x0
                  RenderTextControl {INPUT} at (2,261) size 135x21 [bgcolor=#FFFFFF] [border: (2px inset #000000)]
                    RenderDeprecatedFlexibleBox {DIV} at (3,3) size 129x15
                      RenderBlock {DIV} at (0,2) size 1x11
                      RenderBlock {DIV} at (1,0) size 117x15
                      RenderBlock {DIV} at (118,3) size 8x8
                  RenderBR {BR} at (139,276) size 0x0
                  RenderTextControl {INPUT} at (2,286) size 135x21 [bgcolor=#FFFFFF] [border: (2px inset #000000)]
                    RenderDeprecatedFlexibleBox {DIV} at (3,3) size 129x15
                      RenderBlock {DIV} at (0,2) size 1x11
                      RenderBlock {DIV} at (1,0) size 102x15
                      RenderBlock {DIV} at (103,3) size 8x8
                      RenderBlock {DIV} at (114,0) size 15x15
                  RenderBR {BR} at (139,301) size 0x0
                  RenderTextControl {INPUT} at (2,311) size 157x22 [bgcolor=#FFFFFF] [border: (2px inset #000000)]
                    RenderDeprecatedFlexibleBox {DIV} at (3,3) size 151x16
                      RenderBlock {DIV} at (0,2) size 1x11
                      RenderBlock {DIV} at (1,0) size 122x16
                      RenderBlock {DIV} at (123,3) size 9x9
                      RenderBlock {DIV} at (135,0) size 16x16
                  RenderBR {BR} at (161,327) size 0x0
                  RenderTextControl {INPUT} at (2,337) size 157x22 [bgcolor=#FFFFFF] [border: (2px inset #000000)]
                    RenderDeprecatedFlexibleBox {DIV} at (3,3) size 151x16
                      RenderBlock {DIV} at (0,2) size 1x11
                      RenderBlock {DIV} at (1,0) size 138x16
                      RenderBlock {DIV} at (139,3) size 9x9
                  RenderBR {BR} at (161,353) size 0x0
                  RenderTextControl {INPUT} at (2,363) size 157x22 [bgcolor=#FFFFFF] [border: (2px inset #000000)]
                    RenderDeprecatedFlexibleBox {DIV} at (3,3) size 151x16
                      RenderBlock {DIV} at (0,2) size 1x11
                      RenderBlock {DIV} at (1,0) size 122x16
                      RenderBlock {DIV} at (123,3) size 9x9
                      RenderBlock {DIV} at (135,0) size 16x16
                  RenderBR {BR} at (161,379) size 0x0
                  RenderTextControl {INPUT} at (2,389) size 159x22 [bgcolor=#FFFFFF] [border: (2px inset #000000)]
                    RenderDeprecatedFlexibleBox {DIV} at (3,2) size 153x17
                      RenderBlock {DIV} at (0,3) size 1x11
                      RenderBlock {DIV} at (1,0) size 122x16
                      RenderBlock {DIV} at (123,3) size 10x10
                      RenderBlock {DIV} at (136,0) size 17x17
                  RenderBR {BR} at (163,404) size 0x0
                  RenderTextControl {INPUT} at (2,415) size 159x22 [bgcolor=#FFFFFF] [border: (2px inset #000000)]
                    RenderDeprecatedFlexibleBox {DIV} at (3,3) size 153x16
                      RenderBlock {DIV} at (0,2) size 1x11
                      RenderBlock {DIV} at (1,0) size 139x16
                      RenderBlock {DIV} at (140,3) size 10x10
                  RenderBR {BR} at (163,431) size 0x0
                  RenderTextControl {INPUT} at (2,441) size 159x22 [bgcolor=#FFFFFF] [border: (2px inset #000000)]
                    RenderDeprecatedFlexibleBox {DIV} at (3,2) size 153x17
                      RenderBlock {DIV} at (0,3) size 1x11
                      RenderBlock {DIV} at (1,0) size 122x16
                      RenderBlock {DIV} at (123,3) size 10x10
                      RenderBlock {DIV} at (136,0) size 17x17
                  RenderBR {BR} at (163,456) size 0x0
              RenderTableCell {TD} at (169,8) size 217x455 [r=0 c=1 rs=1 cs=1]
                RenderBlock {DIV} at (1,1) size 215x453
                  RenderTextControl {INPUT} at (2,2) size 181x23 [bgcolor=#FFFFFF] [border: (2px inset #000000)]
                    RenderDeprecatedFlexibleBox {DIV} at (3,2) size 175x18
                      RenderBlock {DIV} at (0,3) size 1x11
                      RenderBlock {DIV} at (1,0) size 143x17
                      RenderBlock {DIV} at (144,4) size 10x10
                      RenderBlock {DIV} at (157,0) size 18x18
                  RenderBR {BR} at (185,18) size 0x0
                  RenderTextControl {INPUT} at (2,29) size 181x23 [bgcolor=#FFFFFF] [border: (2px inset #000000)]
                    RenderDeprecatedFlexibleBox {DIV} at (3,3) size 175x17
                      RenderBlock {DIV} at (0,3) size 1x11
                      RenderBlock {DIV} at (1,0) size 161x17
                      RenderBlock {DIV} at (162,3) size 10x10
                  RenderBR {BR} at (185,46) size 0x0
                  RenderTextControl {INPUT} at (2,56) size 181x23 [bgcolor=#FFFFFF] [border: (2px inset #000000)]
                    RenderDeprecatedFlexibleBox {DIV} at (3,2) size 175x18
                      RenderBlock {DIV} at (0,3) size 1x11
                      RenderBlock {DIV} at (1,0) size 143x17
                      RenderBlock {DIV} at (144,4) size 10x10
                      RenderBlock {DIV} at (157,0) size 18x18
                  RenderBR {BR} at (185,72) size 0x0
                  RenderTextControl {INPUT} at (2,83) size 184x25 [bgcolor=#FFFFFF] [border: (2px inset #000000)]
                    RenderDeprecatedFlexibleBox {DIV} at (3,2) size 178x20
                      RenderBlock {DIV} at (0,4) size 1x11
                      RenderBlock {DIV} at (1,0) size 143x19
                      RenderBlock {DIV} at (144,4) size 11x11
                      RenderBlock {DIV} at (158,0) size 20x20
                  RenderBR {BR} at (188,100) size 0x0
                  RenderTextControl {INPUT} at (2,112) size 184x25 [bgcolor=#FFFFFF] [border: (2px inset #000000)]
                    RenderDeprecatedFlexibleBox {DIV} at (3,3) size 178x19
                      RenderBlock {DIV} at (0,4) size 1x11
                      RenderBlock {DIV} at (1,0) size 163x19
                      RenderBlock {DIV} at (164,4) size 11x11
                  RenderBR {BR} at (188,130) size 0x0
                  RenderTextControl {INPUT} at (2,141) size 184x25 [bgcolor=#FFFFFF] [border: (2px inset #000000)]
                    RenderDeprecatedFlexibleBox {DIV} at (3,2) size 178x20
                      RenderBlock {DIV} at (0,4) size 1x11
                      RenderBlock {DIV} at (1,0) size 143x19
                      RenderBlock {DIV} at (144,4) size 11x11
                      RenderBlock {DIV} at (158,0) size 20x20
                  RenderBR {BR} at (188,158) size 0x0
                  RenderTextControl {INPUT} at (2,170) size 205x26 [bgcolor=#FFFFFF] [border: (2px inset #000000)]
                    RenderDeprecatedFlexibleBox {DIV} at (3,2) size 199x21
                      RenderBlock {DIV} at (0,5) size 1x11
                      RenderBlock {DIV} at (1,0) size 162x20
                      RenderBlock {DIV} at (163,4) size 12x12
                      RenderBlock {DIV} at (178,0) size 21x21
                  RenderBR {BR} at (209,187) size 0x0
                  RenderTextControl {INPUT} at (2,200) size 205x26 [bgcolor=#FFFFFF] [border: (2px inset #000000)]
                    RenderDeprecatedFlexibleBox {DIV} at (3,3) size 199x20
                      RenderBlock {DIV} at (0,4) size 1x11
                      RenderBlock {DIV} at (1,0) size 183x20
                      RenderBlock {DIV} at (184,4) size 12x12
                  RenderBR {BR} at (209,218) size 0x0
                  RenderTextControl {INPUT} at (2,230) size 205x26 [bgcolor=#FFFFFF] [border: (2px inset #000000)]
                    RenderDeprecatedFlexibleBox {DIV} at (3,2) size 199x21
                      RenderBlock {DIV} at (0,5) size 1x11
                      RenderBlock {DIV} at (1,0) size 162x20
                      RenderBlock {DIV} at (163,4) size 12x12
                      RenderBlock {DIV} at (178,0) size 21x21
                  RenderBR {BR} at (209,247) size 0x0
                  RenderTextControl {INPUT} at (2,260) size 208x28 [bgcolor=#FFFFFF] [border: (2px inset #000000)]
                    RenderDeprecatedFlexibleBox {DIV} at (3,3) size 202x22
                      RenderBlock {DIV} at (0,5) size 1x11
                      RenderBlock {DIV} at (1,0) size 164x22
                      RenderBlock {DIV} at (165,5) size 12x12
                      RenderBlock {DIV} at (180,0) size 22x22
                  RenderBR {BR} at (212,280) size 0x0
                  RenderTextControl {INPUT} at (2,292) size 208x28 [bgcolor=#FFFFFF] [border: (2px inset #000000)]
                    RenderDeprecatedFlexibleBox {DIV} at (3,3) size 202x22
                      RenderBlock {DIV} at (0,5) size 1x11
                      RenderBlock {DIV} at (1,0) size 186x22
                      RenderBlock {DIV} at (187,5) size 12x12
                  RenderBR {BR} at (212,312) size 0x0
                  RenderTextControl {INPUT} at (2,324) size 208x28 [bgcolor=#FFFFFF] [border: (2px inset #000000)]
                    RenderDeprecatedFlexibleBox {DIV} at (3,3) size 202x22
                      RenderBlock {DIV} at (0,5) size 1x11
                      RenderBlock {DIV} at (1,0) size 164x22
                      RenderBlock {DIV} at (165,5) size 12x12
                      RenderBlock {DIV} at (180,0) size 22x22
                  RenderBR {BR} at (212,344) size 0x0
                  RenderTextControl {INPUT} at (2,356) size 211x29 [bgcolor=#FFFFFF] [border: (2px inset #000000)]
                    RenderDeprecatedFlexibleBox {DIV} at (3,3) size 205x23
                      RenderBlock {DIV} at (0,6) size 1x11
                      RenderBlock {DIV} at (1,0) size 165x23
                      RenderBlock {DIV} at (166,5) size 13x13
                      RenderBlock {DIV} at (182,0) size 23x23
                  RenderBR {BR} at (215,377) size 0x0
                  RenderTextControl {INPUT} at (2,389) size 211x29 [bgcolor=#FFFFFF] [border: (2px inset #000000)]
                    RenderDeprecatedFlexibleBox {DIV} at (3,3) size 205x23
                      RenderBlock {DIV} at (0,6) size 1x11
                      RenderBlock {DIV} at (1,0) size 188x23
                      RenderBlock {DIV} at (189,5) size 13x13
                  RenderBR {BR} at (215,410) size 0x0
                  RenderTextControl {INPUT} at (2,422) size 211x29 [bgcolor=#FFFFFF] [border: (2px inset #000000)]
                    RenderDeprecatedFlexibleBox {DIV} at (3,3) size 205x23
                      RenderBlock {DIV} at (0,6) size 1x11
                      RenderBlock {DIV} at (1,0) size 165x23
                      RenderBlock {DIV} at (166,5) size 13x13
                      RenderBlock {DIV} at (182,0) size 23x23
                  RenderBR {BR} at (215,443) size 0x0
              RenderTableCell {TD} at (388,21) size 265x428 [r=0 c=2 rs=1 cs=1]
                RenderBlock {DIV} at (1,1) size 263x426
                  RenderTextControl {INPUT} at (2,2) size 232x30 [bgcolor=#FFFFFF] [border: (2px inset #000000)]
                    RenderDeprecatedFlexibleBox {DIV} at (3,2) size 226x25
                      RenderBlock {DIV} at (0,7) size 1x11
                      RenderBlock {DIV} at (1,0) size 183x24
                      RenderBlock {DIV} at (184,5) size 14x14
                      RenderBlock {DIV} at (201,0) size 25x25
                  RenderBR {BR} at (236,23) size 0x0
                  RenderTextControl {INPUT} at (2,36) size 232x30 [bgcolor=#FFFFFF] [border: (2px inset #000000)]
                    RenderDeprecatedFlexibleBox {DIV} at (3,3) size 226x24
                      RenderBlock {DIV} at (0,6) size 1x11
                      RenderBlock {DIV} at (1,0) size 208x24
                      RenderBlock {DIV} at (209,5) size 14x14
                  RenderBR {BR} at (236,58) size 0x0
                  RenderTextControl {INPUT} at (2,70) size 232x30 [bgcolor=#FFFFFF] [border: (2px inset #000000)]
                    RenderDeprecatedFlexibleBox {DIV} at (3,2) size 226x25
                      RenderBlock {DIV} at (0,7) size 1x11
                      RenderBlock {DIV} at (1,0) size 183x24
                      RenderBlock {DIV} at (184,5) size 14x14
                      RenderBlock {DIV} at (201,0) size 25x25
                  RenderBR {BR} at (236,91) size 0x0
                  RenderTextControl {INPUT} at (2,104) size 235x31 [bgcolor=#FFFFFF] [border: (2px inset #000000)]
                    RenderDeprecatedFlexibleBox {DIV} at (3,2) size 229x26
                      RenderBlock {DIV} at (0,7) size 1x11
                      RenderBlock {DIV} at (1,0) size 184x25
                      RenderBlock {DIV} at (185,5) size 15x15
                      RenderBlock {DIV} at (203,0) size 26x26
                  RenderBR {BR} at (239,125) size 0x0
                  RenderTextControl {INPUT} at (2,139) size 235x31 [bgcolor=#FFFFFF] [border: (2px inset #000000)]
                    RenderDeprecatedFlexibleBox {DIV} at (3,3) size 229x25
                      RenderBlock {DIV} at (0,7) size 1x11
                      RenderBlock {DIV} at (1,0) size 210x25
                      RenderBlock {DIV} at (211,5) size 15x15
                  RenderBR {BR} at (239,161) size 0x0
                  RenderTextControl {INPUT} at (2,174) size 235x31 [bgcolor=#FFFFFF] [border: (2px inset #000000)]
                    RenderDeprecatedFlexibleBox {DIV} at (3,2) size 229x26
                      RenderBlock {DIV} at (0,7) size 1x11
                      RenderBlock {DIV} at (1,0) size 184x25
                      RenderBlock {DIV} at (185,5) size 15x15
                      RenderBlock {DIV} at (203,0) size 26x26
                  RenderBR {BR} at (239,195) size 0x0
                  RenderTextControl {INPUT} at (2,209) size 257x32 [bgcolor=#FFFFFF] [border: (2px inset #000000)]
                    RenderDeprecatedFlexibleBox {DIV} at (3,2) size 251x27
                      RenderBlock {DIV} at (0,8) size 1x11
                      RenderBlock {DIV} at (1,0) size 205x26
                      RenderBlock {DIV} at (206,6) size 15x15
                      RenderBlock {DIV} at (224,0) size 27x27
                  RenderBR {BR} at (261,231) size 0x0
                  RenderTextControl {INPUT} at (2,245) size 257x32 [bgcolor=#FFFFFF] [border: (2px inset #000000)]
                    RenderDeprecatedFlexibleBox {DIV} at (3,3) size 251x26
                      RenderBlock {DIV} at (0,7) size 1x11
                      RenderBlock {DIV} at (1,0) size 232x26
                      RenderBlock {DIV} at (233,5) size 15x15
                  RenderBR {BR} at (261,268) size 0x0
                  RenderTextControl {INPUT} at (2,281) size 257x32 [bgcolor=#FFFFFF] [border: (2px inset #000000)]
                    RenderDeprecatedFlexibleBox {DIV} at (3,2) size 251x27
                      RenderBlock {DIV} at (0,8) size 1x11
                      RenderBlock {DIV} at (1,0) size 205x26
                      RenderBlock {DIV} at (206,6) size 15x15
                      RenderBlock {DIV} at (224,0) size 27x27
                  RenderBR {BR} at (261,303) size 0x0
                  RenderTextControl {INPUT} at (2,317) size 259x33 [bgcolor=#FFFFFF] [border: (2px inset #000000)]
                    RenderDeprecatedFlexibleBox {DIV} at (3,2) size 253x28
                      RenderBlock {DIV} at (0,8) size 1x11
                      RenderBlock {DIV} at (1,0) size 205x27
                      RenderBlock {DIV} at (206,6) size 16x16
                      RenderBlock {DIV} at (225,0) size 28x28
                  RenderBR {BR} at (263,340) size 0x0
                  RenderTextControl {INPUT} at (2,354) size 259x33 [bgcolor=#FFFFFF] [border: (2px inset #000000)]
                    RenderDeprecatedFlexibleBox {DIV} at (3,3) size 253x27
                      RenderBlock {DIV} at (0,8) size 1x11
                      RenderBlock {DIV} at (1,0) size 233x27
                      RenderBlock {DIV} at (234,5) size 16x16
                  RenderBR {BR} at (263,378) size 0x0
                  RenderTextControl {INPUT} at (2,391) size 259x33 [bgcolor=#FFFFFF] [border: (2px inset #000000)]
                    RenderDeprecatedFlexibleBox {DIV} at (3,2) size 253x28
                      RenderBlock {DIV} at (0,8) size 1x11
                      RenderBlock {DIV} at (1,0) size 205x27
                      RenderBlock {DIV} at (206,6) size 16x16
                      RenderBlock {DIV} at (225,0) size 28x28
                  RenderBR {BR} at (263,414) size 0x0
layer at (15,50) size 79x10
  RenderBlock {DIV} at (0,0) size 79x10
layer at (15,67) size 89x10 scrollWidth 122
  RenderBlock {DIV} at (0,0) size 89x10
    RenderText {#text} at (1,0) size 120x10
      text run at (1,0) width 120: "012345678901234567890123456789"
layer at (15,84) size 79x10 scrollWidth 122
  RenderBlock {DIV} at (0,0) size 79x10
    RenderText {#text} at (1,0) size 120x10
      text run at (1,0) width 120: "012345678901234567890123456789"
layer at (15,101) size 81x12
  RenderBlock {DIV} at (0,0) size 81x12
layer at (15,119) size 92x12 scrollWidth 152
  RenderBlock {DIV} at (0,0) size 92x12
    RenderText {#text} at (1,0) size 150x12
      text run at (1,0) width 150: "012345678901234567890123456789"
layer at (15,137) size 81x12 scrollWidth 152
  RenderBlock {DIV} at (0,0) size 81x12
    RenderText {#text} at (1,0) size 150x12
      text run at (1,0) width 150: "012345678901234567890123456789"
layer at (15,155) size 82x13
  RenderBlock {DIV} at (0,0) size 82x13
layer at (15,174) size 94x13 scrollWidth 182
  RenderBlock {DIV} at (0,0) size 94x13
    RenderText {#text} at (1,0) size 180x13
      text run at (1,0) width 180: "012345678901234567890123456789"
layer at (15,193) size 82x13 scrollWidth 182
  RenderBlock {DIV} at (0,0) size 82x13
    RenderText {#text} at (1,0) size 180x13
      text run at (1,0) width 180: "012345678901234567890123456789"
layer at (17,214) size 100x14
  RenderBlock {DIV} at (0,0) size 100x14
layer at (17,238) size 114x14 scrollWidth 182
  RenderBlock {DIV} at (0,0) size 114x14
    RenderText {#text} at (1,0) size 180x14
      text run at (1,0) width 180: "012345678901234567890123456789"
layer at (17,262) size 100x14 scrollWidth 182
  RenderBlock {DIV} at (0,0) size 100x14
    RenderText {#text} at (1,0) size 180x14
      text run at (1,0) width 180: "012345678901234567890123456789"
layer at (17,286) size 102x15
  RenderBlock {DIV} at (0,0) size 102x15
layer at (17,311) size 117x15 scrollWidth 212
  RenderBlock {DIV} at (0,0) size 117x15
    RenderText {#text} at (1,0) size 210x15
      text run at (1,0) width 210: "012345678901234567890123456789"
layer at (17,336) size 102x15 scrollWidth 212
  RenderBlock {DIV} at (0,0) size 102x15
    RenderText {#text} at (1,0) size 210x15
      text run at (1,0) width 210: "012345678901234567890123456789"
layer at (17,361) size 122x16
  RenderBlock {DIV} at (0,0) size 122x16
layer at (17,387) size 138x16 scrollWidth 212
  RenderBlock {DIV} at (0,0) size 138x16
    RenderText {#text} at (1,0) size 210x16
      text run at (1,0) width 210: "012345678901234567890123456789"
layer at (17,413) size 122x16 scrollWidth 212
  RenderBlock {DIV} at (0,0) size 122x16
    RenderText {#text} at (1,0) size 210x16
      text run at (1,0) width 210: "012345678901234567890123456789"
layer at (17,438) size 122x16
  RenderBlock {DIV} at (0,0) size 122x16
layer at (17,465) size 139x16 scrollWidth 242
  RenderBlock {DIV} at (0,0) size 139x16
    RenderText {#text} at (1,0) size 240x16
      text run at (1,0) width 240: "012345678901234567890123456789"
layer at (17,490) size 122x16 scrollWidth 242
  RenderBlock {DIV} at (0,0) size 122x16
    RenderText {#text} at (1,0) size 240x16
      text run at (1,0) width 240: "012345678901234567890123456789"
layer at (184,57) size 143x17
  RenderBlock {DIV} at (0,0) size 143x17
layer at (184,85) size 161x17 scrollWidth 242
  RenderBlock {DIV} at (0,0) size 161x17
    RenderText {#text} at (1,0) size 240x17
      text run at (1,0) width 240: "012345678901234567890123456789"
layer at (184,111) size 143x17 scrollWidth 242
  RenderBlock {DIV} at (0,0) size 143x17
    RenderText {#text} at (1,0) size 240x17
      text run at (1,0) width 240: "012345678901234567890123456789"
layer at (184,138) size 143x19
  RenderBlock {DIV} at (0,0) size 143x19
layer at (184,168) size 163x19 scrollWidth 272
  RenderBlock {DIV} at (0,0) size 163x19
    RenderText {#text} at (1,0) size 270x18
      text run at (1,0) width 270: "012345678901234567890123456789"
layer at (184,196) size 143x19 scrollWidth 272
  RenderBlock {DIV} at (0,0) size 143x19
    RenderText {#text} at (1,0) size 270x18
      text run at (1,0) width 270: "012345678901234567890123456789"
layer at (184,225) size 162x20
  RenderBlock {DIV} at (0,0) size 162x20
layer at (184,256) size 183x20 scrollWidth 272
  RenderBlock {DIV} at (0,0) size 183x20
    RenderText {#text} at (1,0) size 270x19
      text run at (1,0) width 270: "012345678901234567890123456789"
layer at (184,285) size 162x20 scrollWidth 272
  RenderBlock {DIV} at (0,0) size 162x20
    RenderText {#text} at (1,0) size 270x19
      text run at (1,0) width 270: "012345678901234567890123456789"
layer at (184,316) size 164x22
  RenderBlock {DIV} at (0,0) size 164x22
layer at (184,348) size 186x22 scrollWidth 302
  RenderBlock {DIV} at (0,0) size 186x22
    RenderText {#text} at (1,0) size 300x21
      text run at (1,0) width 300: "012345678901234567890123456789"
layer at (184,380) size 164x22 scrollWidth 302
  RenderBlock {DIV} at (0,0) size 164x22
    RenderText {#text} at (1,0) size 300x21
      text run at (1,0) width 300: "012345678901234567890123456789"
layer at (184,412) size 165x23
  RenderBlock {DIV} at (0,0) size 165x23
layer at (184,445) size 188x23 scrollWidth 332
  RenderBlock {DIV} at (0,0) size 188x23
    RenderText {#text} at (1,0) size 330x22
      text run at (1,0) width 330: "012345678901234567890123456789"
layer at (184,478) size 165x23 scrollWidth 332
  RenderBlock {DIV} at (0,0) size 165x23
    RenderText {#text} at (1,0) size 330x22
      text run at (1,0) width 330: "012345678901234567890123456789"
layer at (403,70) size 183x24
  RenderBlock {DIV} at (0,0) size 183x24
layer at (403,105) size 208x24 scrollWidth 332
  RenderBlock {DIV} at (0,0) size 208x24
    RenderText {#text} at (1,0) size 330x23
      text run at (1,0) width 330: "012345678901234567890123456789"
layer at (403,138) size 183x24 scrollWidth 332
  RenderBlock {DIV} at (0,0) size 183x24
    RenderText {#text} at (1,0) size 330x23
      text run at (1,0) width 330: "012345678901234567890123456789"
layer at (403,172) size 184x25
  RenderBlock {DIV} at (0,0) size 184x25
layer at (403,208) size 210x25 scrollWidth 362
  RenderBlock {DIV} at (0,0) size 210x25
    RenderText {#text} at (1,0) size 360x24
      text run at (1,0) width 360: "012345678901234567890123456789"
layer at (403,242) size 184x25 scrollWidth 362
  RenderBlock {DIV} at (0,0) size 184x25
    RenderText {#text} at (1,0) size 360x24
      text run at (1,0) width 360: "012345678901234567890123456789"
layer at (403,277) size 205x26
  RenderBlock {DIV} at (0,0) size 205x26
layer at (403,314) size 232x26 scrollWidth 362
  RenderBlock {DIV} at (0,0) size 232x26
    RenderText {#text} at (1,0) size 360x25
      text run at (1,0) width 360: "012345678901234567890123456789"
layer at (403,349) size 205x26 scrollWidth 362
  RenderBlock {DIV} at (0,0) size 205x26
    RenderText {#text} at (1,0) size 360x25
      text run at (1,0) width 360: "012345678901234567890123456789"
layer at (403,385) size 205x27
  RenderBlock {DIV} at (0,0) size 205x27
layer at (403,423) size 233x27 scrollWidth 392
  RenderBlock {DIV} at (0,0) size 233x27
    RenderText {#text} at (1,0) size 390x26
      text run at (1,0) width 390: "012345678901234567890123456789"
layer at (403,459) size 205x27 scrollWidth 392
  RenderBlock {DIV} at (0,0) size 205x27
    RenderText {#text} at (1,0) size 390x26
      text run at (1,0) width 390: "012345678901234567890123456789"
