layer at (0,0) size 800x600
  RenderView at (0,0) size 800x600
layer at (0,0) size 800x600
  RenderBlock {HTML} at (0,0) size 800x600
    RenderBody {BODY} at (8,8) size 784x576
      RenderBlock {P} at (0,0) size 784x20
        RenderText {#text} at (0,0) size 479x19
          text run at (0,0) width 479: "This test verifies that the speech input control is rendered correctly for dir=rtl/ltr."
      RenderBlock {UL} at (0,36) size 784x188
        RenderListItem {LI} at (40,0) size 744x26
          RenderListMarker at (-18,3) size 7x19: bullet
          RenderText {#text} at (0,3) size 237x19
            text run at (0,3) width 237: "The Microphone icon should be on the "
          RenderInline {B} at (0,0) size 31x19
            RenderText {#text} at (237,3) size 31x19
              text run at (237,3) width 31: "right"
          RenderText {#text} at (268,3) size 7x19
            text run at (268,3) width 7: ": "
          RenderTextControl {INPUT} at (277,2) size 153x22 [bgcolor=#FFFFFF] [border: (2px inset #000000)]
            RenderDeprecatedFlexibleBox {DIV} at (2,3) size 149x16
              RenderBlock {DIV} at (0,0) size 133x16
              RenderBlock {DIV} at (133,0) size 16x16
        RenderListItem {LI} at (40,26) size 744x34
          RenderListMarker at (-18,7) size 7x19: bullet
          RenderText {#text} at (0,7) size 237x19
            text run at (0,7) width 237: "The Microphone icon should be on the "
          RenderInline {B} at (0,0) size 31x19
            RenderText {#text} at (237,7) size 31x19
              text run at (237,7) width 31: "right"
          RenderText {#text} at (268,7) size 7x19
            text run at (268,7) width 7: ": "
          RenderTextControl {INPUT} at (277,2) size 173x30 [bgcolor=#FFFFFF] [border: (2px inset #000000)]
            RenderDeprecatedFlexibleBox {DIV} at (12,7) size 149x16
              RenderBlock {DIV} at (0,0) size 133x16
              RenderBlock {DIV} at (133,0) size 16x16
        RenderListItem {LI} at (40,60) size 744x34
          RenderListMarker at (-18,7) size 7x19: bullet
          RenderText {#text} at (0,7) size 237x19
            text run at (0,7) width 237: "The Microphone icon should be on the "
          RenderInline {B} at (0,0) size 31x19
            RenderText {#text} at (237,7) size 31x19
              text run at (237,7) width 31: "right"
          RenderText {#text} at (268,7) size 7x19
            text run at (268,7) width 7: ": "
          RenderTextControl {INPUT} at (277,2) size 173x30 [bgcolor=#FFFFFF] [border: (2px inset #000000)]
            RenderDeprecatedFlexibleBox {DIV} at (12,7) size 149x16
              RenderBlock {DIV} at (0,0) size 133x16
              RenderBlock {DIV} at (133,0) size 16x16
        RenderListItem {LI} at (40,94) size 744x26
          RenderListMarker at (-18,3) size 7x19: bullet
          RenderText {#text} at (0,3) size 237x19
            text run at (0,3) width 237: "The Microphone icon should be on the "
          RenderInline {B} at (0,0) size 22x19
            RenderText {#text} at (237,3) size 22x19
              text run at (237,3) width 22: "left"
          RenderText {#text} at (259,3) size 7x19
            text run at (259,3) width 7: ": "
          RenderTextControl {INPUT} at (268,2) size 153x22 [bgcolor=#FFFFFF] [border: (2px inset #000000)]
            RenderDeprecatedFlexibleBox {DIV} at (2,3) size 149x16
              RenderBlock {DIV} at (16,0) size 133x16
              RenderBlock {DIV} at (0,0) size 16x16
        RenderListItem {LI} at (40,120) size 744x34
          RenderListMarker at (-18,7) size 7x19: bullet
          RenderText {#text} at (0,7) size 237x19
            text run at (0,7) width 237: "The Microphone icon should be on the "
          RenderInline {B} at (0,0) size 22x19
            RenderText {#text} at (237,7) size 22x19
              text run at (237,7) width 22: "left"
          RenderText {#text} at (259,7) size 7x19
            text run at (259,7) width 7: ": "
          RenderTextControl {INPUT} at (268,2) size 173x30 [bgcolor=#FFFFFF] [border: (2px inset #000000)]
            RenderDeprecatedFlexibleBox {DIV} at (12,7) size 149x16
              RenderBlock {DIV} at (16,0) size 133x16
              RenderBlock {DIV} at (0,0) size 16x16
        RenderListItem {LI} at (40,154) size 744x34
          RenderListMarker at (-18,7) size 7x19: bullet
          RenderText {#text} at (0,7) size 237x19
            text run at (0,7) width 237: "The Microphone icon should be on the "
          RenderInline {B} at (0,0) size 22x19
            RenderText {#text} at (237,7) size 22x19
              text run at (237,7) width 22: "left"
          RenderText {#text} at (259,7) size 7x19
            text run at (259,7) width 7: ": "
          RenderTextControl {INPUT} at (268,2) size 173x30 [bgcolor=#FFFFFF] [border: (2px inset #000000)]
            RenderDeprecatedFlexibleBox {DIV} at (12,7) size 149x16
              RenderBlock {DIV} at (16,0) size 133x16
              RenderBlock {DIV} at (0,0) size 16x16
layer at (327,49) size 133x16
  RenderBlock {DIV} at (0,0) size 133x16
layer at (337,79) size 133x16
  RenderBlock {DIV} at (0,0) size 133x16
layer at (337,113) size 133x16
  RenderBlock {DIV} at (0,0) size 133x16
layer at (334,143) size 133x16
  RenderBlock {DIV} at (0,0) size 133x16
layer at (344,173) size 133x16
  RenderBlock {DIV} at (0,0) size 133x16
layer at (344,207) size 133x16
  RenderBlock {DIV} at (0,0) size 133x16
