layer at (0,0) size 800x600
  RenderView at (0,0) size 800x600
layer at (0,0) size 800x600
  RenderBlock {HTML} at (0,0) size 800x600
    RenderBody {BODY} at (8,8) size 784x584 [bgcolor=#CCCCCC]
      RenderBlock {P} at (0,0) size 784x22
        RenderText {#text} at (0,0) size 380x22
          text run at (0,0) width 380: "The style declarations which apply to the text below are:"
      RenderBlock {PRE} at (0,38) size 784x68
        RenderText {#text} at (0,0) size 180x68
          text run at (0,0) width 143: ".one {font-style: italic;}"
          text run at (143,0) width 0: " "
          text run at (0,17) width 157: ".two {font-style: oblique;}"
          text run at (157,17) width 0: " "
          text run at (0,34) width 180: ".three, I {font-style: normal;}"
          text run at (180,34) width 0: " "
          text run at (0,51) width 0: " "
      RenderBlock {HR} at (0,119) size 784x2 [border: (1px inset #000000)]
      RenderBlock {P} at (0,137) size 784x22
        RenderText {#text} at (0,0) size 515x22
          text run at (0,0) width 515: "This paragraph should be in italics, but the last word of the sentence should be "
        RenderInline {SPAN} at (0,0) size 49x22
          RenderText {#text} at (515,0) size 49x22
            text run at (515,0) width 49: "normal"
        RenderText {#text} at (564,0) size 4x22
          text run at (564,0) width 4: "."
      RenderBlock {P} at (0,175) size 784x22
        RenderText {#text} at (0,0) size 225x22
          text run at (0,0) width 225: "This paragraph should be oblique."
      RenderBlock {P} at (0,213) size 784x22
        RenderInline {I} at (0,0) size 233x22
          RenderText {#text} at (0,0) size 233x22
            text run at (0,0) width 233: "This paragraph should be normal."
        RenderText {#text} at (0,0) size 0x0
      RenderTable {TABLE} at (0,251) size 590x138 [border: (1px outset #808080)]
        RenderTableSection {TBODY} at (1,1) size 588x136
          RenderTableRow {TR} at (0,0) size 588x30
            RenderTableCell {TD} at (0,0) size 588x30 [bgcolor=#C0C0C0] [border: (1px inset #808080)] [r=0 c=0 rs=1 cs=2]
              RenderInline {STRONG} at (0,0) size 163x22
                RenderText {#text} at (4,4) size 163x22
                  text run at (4,4) width 163: "TABLE Testing Section"
          RenderTableRow {TR} at (0,30) size 588x106
            RenderTableCell {TD} at (0,68) size 12x30 [bgcolor=#C0C0C0] [border: (1px inset #808080)] [r=1 c=0 rs=1 cs=1]
              RenderText {#text} at (4,4) size 4x22
                text run at (4,4) width 4: " "
            RenderTableCell {TD} at (12,30) size 576x106 [border: (1px inset #808080)] [r=1 c=1 rs=1 cs=1]
              RenderBlock {P} at (4,4) size 568x22
                RenderText {#text} at (0,0) size 515x22
                  text run at (0,0) width 515: "This paragraph should be in italics, but the last word of the sentence should be "
                RenderInline {SPAN} at (0,0) size 49x22
                  RenderText {#text} at (515,0) size 49x22
                    text run at (515,0) width 49: "normal"
                RenderText {#text} at (564,0) size 4x22
                  text run at (564,0) width 4: "."
              RenderBlock {P} at (4,42) size 568x22
                RenderText {#text} at (0,0) size 225x22
                  text run at (0,0) width 225: "This paragraph should be oblique."
              RenderBlock {P} at (4,80) size 568x22
                RenderInline {I} at (0,0) size 233x22
                  RenderText {#text} at (0,0) size 233x22
                    text run at (0,0) width 233: "This paragraph should be normal."
                RenderText {#text} at (0,0) size 0x0
