layer at (0,0) size 784x1102
  RenderView at (0,0) size 784x600
layer at (0,0) size 784x600
  RenderBlock {HTML} at (0,0) size 784x600
    RenderBody {BODY} at (8,8) size 760x584
layer at (8,8) size 160x584
  RenderBlock {P} at (0,0) size 160x584 [border: (10px solid #800000)]
    RenderText {#text} at (30,30) size 35x133
      text run at (30,30) width 133: "This is some column"
      text run at (48,30) width 28: "text."
    RenderBR {BR} at (51,57) size 0x1
    RenderText {#text} at (66,30) size 35x133
      text run at (66,30) width 133: "This is some column"
      text run at (84,30) width 28: "text."
    RenderBR {BR} at (87,57) size 0x1
    RenderText {#text} at (102,30) size 45x133
      text run at (102,30) width 133: "This is some column"
      text run at (130,30) width 28: "text."
    RenderBR {BR} at (133,57) size 0x1
    RenderText {#text} at (148,30) size 35x133
      text run at (148,30) width 133: "This is some column"
      text run at (166,30) width 28: "text."
    RenderBR {BR} at (169,57) size 0x1
    RenderText {#text} at (184,30) size 35x133
      text run at (184,30) width 133: "This is some column"
      text run at (202,30) width 28: "text."
    RenderBR {BR} at (205,57) size 0x1
    RenderText {#text} at (230,30) size 35x133
      text run at (230,30) width 133: "This is some column"
      text run at (248,30) width 28: "text."
    RenderBR {BR} at (251,57) size 0x1
    RenderText {#text} at (266,30) size 35x133
      text run at (266,30) width 133: "This is some column"
      text run at (284,30) width 28: "text."
    RenderBR {BR} at (287,57) size 0x1
    RenderText {#text} at (302,30) size 45x133
      text run at (302,30) width 133: "This is some column"
      text run at (330,30) width 28: "text."
    RenderBR {BR} at (333,57) size 0x1
    RenderText {#text} at (348,30) size 35x133
      text run at (348,30) width 133: "This is some column"
      text run at (366,30) width 28: "text."
    RenderBR {BR} at (369,57) size 0x1
    RenderText {#text} at (384,30) size 35x133
      text run at (384,30) width 133: "This is some column"
      text run at (402,30) width 28: "text."
    RenderBR {BR} at (405,57) size 0x1
    RenderText {#text} at (430,30) size 35x133
      text run at (430,30) width 133: "This is some column"
      text run at (448,30) width 28: "text."
    RenderBR {BR} at (451,57) size 0x1
    RenderText {#text} at (466,30) size 35x133
      text run at (466,30) width 133: "This is some column"
      text run at (484,30) width 28: "text."
    RenderBR {BR} at (487,57) size 0x1
    RenderText {#text} at (502,30) size 45x133
      text run at (502,30) width 133: "This is some column"
      text run at (530,30) width 28: "text."
    RenderBR {BR} at (533,57) size 0x1
layer at (184,8) size 160x584
  RenderBlock {P} at (176,0) size 160x584 [border: (10px solid #800000)]
    RenderText {#text} at (30,61) size 35x133
      text run at (30,61) width 133: "This is some column"
      text run at (48,166) width 4 RTL: "."
      text run at (48,170) width 24: "text"
    RenderBR {BR} at (51,166) size 0x1
    RenderText {#text} at (66,61) size 35x133
      text run at (66,61) width 133: "This is some column"
      text run at (84,166) width 4 RTL: "."
      text run at (84,170) width 24: "text"
    RenderBR {BR} at (87,166) size 0x1
    RenderText {#text} at (102,61) size 45x133
      text run at (102,61) width 133: "This is some column"
      text run at (130,166) width 4 RTL: "."
      text run at (130,170) width 24: "text"
    RenderBR {BR} at (133,166) size 0x1
    RenderText {#text} at (148,61) size 35x133
      text run at (148,61) width 133: "This is some column"
      text run at (166,166) width 4 RTL: "."
      text run at (166,170) width 24: "text"
    RenderBR {BR} at (169,166) size 0x1
    RenderText {#text} at (184,61) size 35x133
      text run at (184,61) width 133: "This is some column"
      text run at (202,166) width 4 RTL: "."
      text run at (202,170) width 24: "text"
    RenderBR {BR} at (205,166) size 0x1
    RenderText {#text} at (230,61) size 35x133
      text run at (230,61) width 133: "This is some column"
      text run at (248,166) width 4 RTL: "."
      text run at (248,170) width 24: "text"
    RenderBR {BR} at (251,166) size 0x1
    RenderText {#text} at (266,61) size 35x133
      text run at (266,61) width 133: "This is some column"
      text run at (284,166) width 4 RTL: "."
      text run at (284,170) width 24: "text"
    RenderBR {BR} at (287,166) size 0x1
    RenderText {#text} at (302,61) size 45x133
      text run at (302,61) width 133: "This is some column"
      text run at (330,166) width 4 RTL: "."
      text run at (330,170) width 24: "text"
    RenderBR {BR} at (333,166) size 0x1
    RenderText {#text} at (348,61) size 35x133
      text run at (348,61) width 133: "This is some column"
      text run at (366,166) width 4 RTL: "."
      text run at (366,170) width 24: "text"
    RenderBR {BR} at (369,166) size 0x1
    RenderText {#text} at (384,61) size 35x133
      text run at (384,61) width 133: "This is some column"
      text run at (402,166) width 4 RTL: "."
      text run at (402,170) width 24: "text"
    RenderBR {BR} at (405,166) size 0x1
    RenderText {#text} at (430,61) size 35x133
      text run at (430,61) width 133: "This is some column"
      text run at (448,166) width 4 RTL: "."
      text run at (448,170) width 24: "text"
    RenderBR {BR} at (451,166) size 0x1
    RenderText {#text} at (466,61) size 35x133
      text run at (466,61) width 133: "This is some column"
      text run at (484,166) width 4 RTL: "."
      text run at (484,170) width 24: "text"
    RenderBR {BR} at (487,166) size 0x1
    RenderText {#text} at (502,61) size 45x133
      text run at (502,61) width 133: "This is some column"
      text run at (530,166) width 4 RTL: "."
      text run at (530,170) width 24: "text"
    RenderBR {BR} at (533,166) size 0x1
