layer at (0,0) size 808x584
  RenderView at (0,0) size 800x584
layer at (0,0) size 808x584
  RenderBlock {HTML} at (0,0) size 808x584
    RenderBody {BODY} at (8,8) size 792x568
layer at (8,8) size 388x568
  RenderBlock {DIV} at (0,0) size 388x568 [border: (5px solid #0000FF)]
    RenderBlock (anonymous) at (5,5) size 378x271
      RenderText {#text} at (0,0) size 17x113
        text run at (0,0) width 113: "This is some text."
      RenderBR {BR} at (3,112) size 0x1
      RenderText {#text} at (18,0) size 17x113
        text run at (18,0) width 113: "This is some text."
      RenderBR {BR} at (21,112) size 0x1
      RenderText {#text} at (36,0) size 17x113
        text run at (36,0) width 113: "This is some text."
      RenderBR {BR} at (39,112) size 0x1
      RenderText {#text} at (54,0) size 17x113
        text run at (54,0) width 113: "This is some text."
      RenderBR {BR} at (57,112) size 0x1
      RenderText {#text} at (72,0) size 17x113
        text run at (72,0) width 113: "This is some text."
      RenderBR {BR} at (75,112) size 0x1
      RenderText {#text} at (90,0) size 17x113
        text run at (90,0) width 113: "This is some text."
      RenderBR {BR} at (93,112) size 0x1
      RenderText {#text} at (108,0) size 17x113
        text run at (108,0) width 113: "This is some text."
      RenderBR {BR} at (111,112) size 0x1
      RenderText {#text} at (126,0) size 17x113
        text run at (126,0) width 113: "This is some text."
      RenderBR {BR} at (129,112) size 0x1
      RenderText {#text} at (144,0) size 17x113
        text run at (144,0) width 113: "This is some text."
      RenderBR {BR} at (147,112) size 0x1
      RenderText {#text} at (162,0) size 17x113
        text run at (162,0) width 113: "This is some text."
      RenderBR {BR} at (165,112) size 0x1
      RenderText {#text} at (180,0) size 17x113
        text run at (180,0) width 113: "This is some text."
      RenderBR {BR} at (183,112) size 0x1
      RenderText {#text} at (198,0) size 17x113
        text run at (198,0) width 113: "This is some text."
      RenderBR {BR} at (201,112) size 0x1
      RenderText {#text} at (216,0) size 17x113
        text run at (216,0) width 113: "This is some text."
      RenderBR {BR} at (219,112) size 0x1
      RenderText {#text} at (234,0) size 17x113
        text run at (234,0) width 113: "This is some text."
      RenderBR {BR} at (237,112) size 0x1
      RenderText {#text} at (252,0) size 17x113
        text run at (252,0) width 113: "This is some text."
      RenderBR {BR} at (255,112) size 0x1
      RenderText {#text} at (270,0) size 17x113
        text run at (270,0) width 113: "This is some text."
      RenderBR {BR} at (273,112) size 0x1
      RenderText {#text} at (288,0) size 17x113
        text run at (288,0) width 113: "This is some text."
      RenderBR {BR} at (291,112) size 0x1
      RenderText {#text} at (306,0) size 17x113
        text run at (306,0) width 113: "This is some text."
      RenderBR {BR} at (309,112) size 0x1
      RenderText {#text} at (324,0) size 17x113
        text run at (324,0) width 113: "This is some text."
      RenderBR {BR} at (327,112) size 0x1
      RenderText {#text} at (342,0) size 17x113
        text run at (342,0) width 113: "This is some text."
      RenderBR {BR} at (345,112) size 0x1
      RenderText {#text} at (360,0) size 17x113
        text run at (360,0) width 113: "This is some text."
      RenderBR {BR} at (363,112) size 0x1
    RenderBlock {DIV} at (383,5) size 72x271
      RenderText {#text} at (0,0) size 17x267
        text run at (0,0) width 267: "This text should be in the second column."
      RenderBR {BR} at (3,266) size 0x1
      RenderText {#text} at (18,0) size 17x267
        text run at (18,0) width 267: "This text should be in the second column."
      RenderBR {BR} at (21,266) size 0x1
      RenderText {#text} at (36,0) size 17x267
        text run at (36,0) width 267: "This text should be in the second column."
      RenderBR {BR} at (39,266) size 0x1
      RenderText {#text} at (54,0) size 17x267
        text run at (54,0) width 267: "This text should be in the second column."
      RenderBR {BR} at (57,266) size 0x1
layer at (412,8) size 388x568
  RenderBlock {DIV} at (404,0) size 388x568 [border: (5px solid #0000FF)]
    RenderBlock (anonymous) at (5,5) size 72x271
      RenderText {#text} at (0,0) size 17x248
        text run at (0,0) width 248: "This text should be in the first column."
      RenderBR {BR} at (3,247) size 0x1
      RenderText {#text} at (18,0) size 17x248
        text run at (18,0) width 248: "This text should be in the first column."
      RenderBR {BR} at (21,247) size 0x1
      RenderText {#text} at (36,0) size 17x248
        text run at (36,0) width 248: "This text should be in the first column."
      RenderBR {BR} at (39,247) size 0x1
      RenderText {#text} at (54,0) size 17x248
        text run at (54,0) width 248: "This text should be in the first column."
      RenderBR {BR} at (57,247) size 0x1
    RenderBlock {DIV} at (383,5) size 378x271
      RenderText {#text} at (0,0) size 17x113
        text run at (0,0) width 113: "This is some text."
      RenderBR {BR} at (3,112) size 0x1
      RenderText {#text} at (18,0) size 17x113
        text run at (18,0) width 113: "This is some text."
      RenderBR {BR} at (21,112) size 0x1
      RenderText {#text} at (36,0) size 17x113
        text run at (36,0) width 113: "This is some text."
      RenderBR {BR} at (39,112) size 0x1
      RenderText {#text} at (54,0) size 17x113
        text run at (54,0) width 113: "This is some text."
      RenderBR {BR} at (57,112) size 0x1
      RenderText {#text} at (72,0) size 17x113
        text run at (72,0) width 113: "This is some text."
      RenderBR {BR} at (75,112) size 0x1
      RenderText {#text} at (90,0) size 17x113
        text run at (90,0) width 113: "This is some text."
      RenderBR {BR} at (93,112) size 0x1
      RenderText {#text} at (108,0) size 17x113
        text run at (108,0) width 113: "This is some text."
      RenderBR {BR} at (111,112) size 0x1
      RenderText {#text} at (126,0) size 17x113
        text run at (126,0) width 113: "This is some text."
      RenderBR {BR} at (129,112) size 0x1
      RenderText {#text} at (144,0) size 17x113
        text run at (144,0) width 113: "This is some text."
      RenderBR {BR} at (147,112) size 0x1
      RenderText {#text} at (162,0) size 17x113
        text run at (162,0) width 113: "This is some text."
      RenderBR {BR} at (165,112) size 0x1
      RenderText {#text} at (180,0) size 17x113
        text run at (180,0) width 113: "This is some text."
      RenderBR {BR} at (183,112) size 0x1
      RenderText {#text} at (198,0) size 17x113
        text run at (198,0) width 113: "This is some text."
      RenderBR {BR} at (201,112) size 0x1
      RenderText {#text} at (216,0) size 17x113
        text run at (216,0) width 113: "This is some text."
      RenderBR {BR} at (219,112) size 0x1
      RenderText {#text} at (234,0) size 17x113
        text run at (234,0) width 113: "This is some text."
      RenderBR {BR} at (237,112) size 0x1
      RenderText {#text} at (252,0) size 17x113
        text run at (252,0) width 113: "This is some text."
      RenderBR {BR} at (255,112) size 0x1
      RenderText {#text} at (270,0) size 17x113
        text run at (270,0) width 113: "This is some text."
      RenderBR {BR} at (273,112) size 0x1
      RenderText {#text} at (288,0) size 17x113
        text run at (288,0) width 113: "This is some text."
      RenderBR {BR} at (291,112) size 0x1
      RenderText {#text} at (306,0) size 17x113
        text run at (306,0) width 113: "This is some text."
      RenderBR {BR} at (309,112) size 0x1
      RenderText {#text} at (324,0) size 17x113
        text run at (324,0) width 113: "This is some text."
      RenderBR {BR} at (327,112) size 0x1
      RenderText {#text} at (342,0) size 17x113
        text run at (342,0) width 113: "This is some text."
      RenderBR {BR} at (345,112) size 0x1
      RenderText {#text} at (360,0) size 17x113
        text run at (360,0) width 113: "This is some text."
      RenderBR {BR} at (363,112) size 0x1
