layer at (0,0) size 1680x1208
  RenderView at (0,0) size 784x584
layer at (0,0) size 1680x584
  RenderBlock {HTML} at (0,0) size 1680x584
    RenderBody {BODY} at (8,8) size 1664x1200
layer at (8,8) size 404x1200
  RenderBlock {DIV} at (0,0) size 404x1200 [border: (2px solid #000000)]
    RenderBlock (anonymous) at (2,2) size 252x388
      RenderText {#text} at (0,0) size 17x113
        text run at (0,0) width 113: "This is some text."
      RenderBR {BR} at (3,112) size 0x1
      RenderText {#text} at (18,0) size 17x113
        text run at (18,0) width 113: "This is some text."
      RenderBR {BR} at (21,112) size 0x1
      RenderText {#text} at (36,0) size 17x113
        text run at (36,0) width 113: "This is some text."
      RenderBR {BR} at (39,112) size 0x1
      RenderText {#text} at (54,0) size 17x113
        text run at (54,0) width 113: "This is some text."
      RenderBR {BR} at (57,112) size 0x1
      RenderText {#text} at (72,0) size 17x113
        text run at (72,0) width 113: "This is some text."
      RenderBR {BR} at (75,112) size 0x1
      RenderText {#text} at (90,0) size 17x113
        text run at (90,0) width 113: "This is some text."
      RenderBR {BR} at (93,112) size 0x1
      RenderText {#text} at (108,0) size 17x113
        text run at (108,0) width 113: "This is some text."
      RenderBR {BR} at (111,112) size 0x1
      RenderText {#text} at (126,0) size 17x113
        text run at (126,0) width 113: "This is some text."
      RenderBR {BR} at (129,112) size 0x1
      RenderText {#text} at (144,0) size 17x113
        text run at (144,0) width 113: "This is some text."
      RenderBR {BR} at (147,112) size 0x1
      RenderText {#text} at (162,0) size 17x113
        text run at (162,0) width 113: "This is some text."
      RenderBR {BR} at (165,112) size 0x1
      RenderText {#text} at (180,0) size 17x113
        text run at (180,0) width 113: "This is some text."
      RenderBR {BR} at (183,112) size 0x1
      RenderText {#text} at (198,0) size 17x113
        text run at (198,0) width 113: "This is some text."
      RenderBR {BR} at (201,112) size 0x1
      RenderText {#text} at (216,0) size 17x113
        text run at (216,0) width 113: "This is some text."
      RenderBR {BR} at (219,112) size 0x1
      RenderText {#text} at (234,0) size 17x113
        text run at (234,0) width 113: "This is some text."
      RenderBR {BR} at (237,112) size 0x1
    RenderBlock {P} at (270,2) size 604x388
      RenderBlock (floating) {SPAN} at (132,0) size 147x79
        RenderText {#text} at (2,0) size 142x79
          text run at (2,0) width 79: "T"
      RenderText {#text} at (132,79) size 17x104
        text run at (132,79) width 104: "his is some text."
      RenderBR {BR} at (135,182) size 0x1
      RenderText {#text} at (150,79) size 17x113
        text run at (150,79) width 113: "This is some text."
      RenderBR {BR} at (153,191) size 0x1
      RenderText {#text} at (168,79) size 17x113
        text run at (168,79) width 113: "This is some text."
      RenderBR {BR} at (171,191) size 0x1
      RenderText {#text} at (186,79) size 17x113
        text run at (186,79) width 113: "This is some text."
      RenderBR {BR} at (189,191) size 0x1
      RenderText {#text} at (204,79) size 17x113
        text run at (204,79) width 113: "This is some text."
      RenderBR {BR} at (207,191) size 0x1
      RenderText {#text} at (222,79) size 17x113
        text run at (222,79) width 113: "This is some text."
      RenderBR {BR} at (225,191) size 0x1
      RenderText {#text} at (240,79) size 17x113
        text run at (240,79) width 113: "This is some text."
      RenderBR {BR} at (243,191) size 0x1
      RenderText {#text} at (258,79) size 17x113
        text run at (258,79) width 113: "This is some text."
      RenderBR {BR} at (261,191) size 0x1
      RenderText {#text} at (276,79) size 17x113
        text run at (276,79) width 113: "This is some text."
      RenderBR {BR} at (279,191) size 0x1
      RenderText {#text} at (294,0) size 17x113
        text run at (294,0) width 113: "This is some text."
      RenderBR {BR} at (297,112) size 0x1
      RenderText {#text} at (312,0) size 17x113
        text run at (312,0) width 113: "This is some text."
      RenderBR {BR} at (315,112) size 0x1
      RenderText {#text} at (330,0) size 17x113
        text run at (330,0) width 113: "This is some text."
      RenderBR {BR} at (333,112) size 0x1
      RenderText {#text} at (348,0) size 17x113
        text run at (348,0) width 113: "This is some text."
      RenderBR {BR} at (351,112) size 0x1
      RenderText {#text} at (366,0) size 17x113
        text run at (366,0) width 113: "This is some text."
      RenderBR {BR} at (369,112) size 0x1
      RenderText {#text} at (384,0) size 17x113
        text run at (384,0) width 113: "This is some text."
      RenderBR {BR} at (387,112) size 0x1
      RenderText {#text} at (402,0) size 17x113
        text run at (402,0) width 113: "This is some text."
      RenderBR {BR} at (405,112) size 0x1
      RenderText {#text} at (420,0) size 17x113
        text run at (420,0) width 113: "This is some text."
      RenderBR {BR} at (423,112) size 0x1
      RenderText {#text} at (438,0) size 17x113
        text run at (438,0) width 113: "This is some text."
      RenderBR {BR} at (441,112) size 0x1
      RenderText {#text} at (456,0) size 17x113
        text run at (456,0) width 113: "This is some text."
      RenderBR {BR} at (459,112) size 0x1
      RenderText {#text} at (474,0) size 17x113
        text run at (474,0) width 113: "This is some text."
      RenderBR {BR} at (477,112) size 0x1
      RenderText {#text} at (492,0) size 17x113
        text run at (492,0) width 113: "This is some text."
      RenderBR {BR} at (495,112) size 0x1
      RenderText {#text} at (510,0) size 17x113
        text run at (510,0) width 113: "This is some text."
      RenderBR {BR} at (513,112) size 0x1
      RenderText {#text} at (532,0) size 17x113
        text run at (532,0) width 113: "This is some text."
      RenderBR {BR} at (535,112) size 0x1
      RenderText {#text} at (550,0) size 17x113
        text run at (550,0) width 113: "This is some text."
      RenderBR {BR} at (553,112) size 0x1
      RenderText {#text} at (568,0) size 17x113
        text run at (568,0) width 113: "This is some text."
      RenderBR {BR} at (571,112) size 0x1
      RenderText {#text} at (586,0) size 17x113
        text run at (586,0) width 113: "This is some text."
      RenderBR {BR} at (589,112) size 0x1
layer at (428,8) size 404x1200
  RenderBlock {DIV} at (420,0) size 404x1200 [border: (2px solid #000000)]
    RenderBlock (anonymous) at (2,2) size 252x388
      RenderText {#text} at (0,0) size 17x113
        text run at (0,0) width 113: "This is some text."
      RenderBR {BR} at (3,112) size 0x1
      RenderText {#text} at (18,0) size 17x113
        text run at (18,0) width 113: "This is some text."
      RenderBR {BR} at (21,112) size 0x1
      RenderText {#text} at (36,0) size 17x113
        text run at (36,0) width 113: "This is some text."
      RenderBR {BR} at (39,112) size 0x1
      RenderText {#text} at (54,0) size 17x113
        text run at (54,0) width 113: "This is some text."
      RenderBR {BR} at (57,112) size 0x1
      RenderText {#text} at (72,0) size 17x113
        text run at (72,0) width 113: "This is some text."
      RenderBR {BR} at (75,112) size 0x1
      RenderText {#text} at (90,0) size 17x113
        text run at (90,0) width 113: "This is some text."
      RenderBR {BR} at (93,112) size 0x1
      RenderText {#text} at (108,0) size 17x113
        text run at (108,0) width 113: "This is some text."
      RenderBR {BR} at (111,112) size 0x1
      RenderText {#text} at (126,0) size 17x113
        text run at (126,0) width 113: "This is some text."
      RenderBR {BR} at (129,112) size 0x1
      RenderText {#text} at (144,0) size 17x113
        text run at (144,0) width 113: "This is some text."
      RenderBR {BR} at (147,112) size 0x1
      RenderText {#text} at (162,0) size 17x113
        text run at (162,0) width 113: "This is some text."
      RenderBR {BR} at (165,112) size 0x1
      RenderText {#text} at (180,0) size 17x113
        text run at (180,0) width 113: "This is some text."
      RenderBR {BR} at (183,112) size 0x1
      RenderText {#text} at (198,0) size 17x113
        text run at (198,0) width 113: "This is some text."
      RenderBR {BR} at (201,112) size 0x1
      RenderText {#text} at (216,0) size 17x113
        text run at (216,0) width 113: "This is some text."
      RenderBR {BR} at (219,112) size 0x1
      RenderText {#text} at (234,0) size 17x113
        text run at (234,0) width 113: "This is some text."
      RenderBR {BR} at (237,112) size 0x1
    RenderBlock {P} at (270,2) size 604x388
      RenderImage {IMG} at (132,0) size 100x100 [bgcolor=#008000]
      RenderImage {IMG} at (132,288) size 200x100 [bgcolor=#008000]
      RenderText {#text} at (132,100) size 17x109
        text run at (132,100) width 109: "This is some text"
      RenderBR {BR} at (135,208) size 0x1
      RenderText {#text} at (150,100) size 17x113
        text run at (150,100) width 113: "This is some text."
      RenderBR {BR} at (153,212) size 0x1
      RenderText {#text} at (168,100) size 17x113
        text run at (168,100) width 113: "This is some text."
      RenderBR {BR} at (171,212) size 0x1
      RenderText {#text} at (186,100) size 17x113
        text run at (186,100) width 113: "This is some text."
      RenderBR {BR} at (189,212) size 0x1
      RenderText {#text} at (204,100) size 17x113
        text run at (204,100) width 113: "This is some text."
      RenderBR {BR} at (207,212) size 0x1
      RenderText {#text} at (222,100) size 17x113
        text run at (222,100) width 113: "This is some text."
      RenderBR {BR} at (225,212) size 0x1
      RenderText {#text} at (240,0) size 17x113
        text run at (240,0) width 113: "This is some text."
      RenderBR {BR} at (243,112) size 0x1
      RenderText {#text} at (258,0) size 17x113
        text run at (258,0) width 113: "This is some text."
      RenderBR {BR} at (261,112) size 0x1
      RenderText {#text} at (276,0) size 17x113
        text run at (276,0) width 113: "This is some text."
      RenderBR {BR} at (279,112) size 0x1
      RenderText {#text} at (294,0) size 17x113
        text run at (294,0) width 113: "This is some text."
      RenderBR {BR} at (297,112) size 0x1
      RenderText {#text} at (312,0) size 17x113
        text run at (312,0) width 113: "This is some text."
      RenderBR {BR} at (315,112) size 0x1
      RenderText {#text} at (330,0) size 17x113
        text run at (330,0) width 113: "This is some text."
      RenderBR {BR} at (333,112) size 0x1
      RenderText {#text} at (348,0) size 17x113
        text run at (348,0) width 113: "This is some text."
      RenderBR {BR} at (351,112) size 0x1
      RenderText {#text} at (366,0) size 17x113
        text run at (366,0) width 113: "This is some text."
      RenderBR {BR} at (369,112) size 0x1
      RenderText {#text} at (384,0) size 17x113
        text run at (384,0) width 113: "This is some text."
      RenderBR {BR} at (387,112) size 0x1
      RenderText {#text} at (402,0) size 17x113
        text run at (402,0) width 113: "This is some text."
      RenderBR {BR} at (405,112) size 0x1
      RenderText {#text} at (420,0) size 17x113
        text run at (420,0) width 113: "This is some text."
      RenderBR {BR} at (423,112) size 0x1
      RenderText {#text} at (438,0) size 17x113
        text run at (438,0) width 113: "This is some text."
      RenderBR {BR} at (441,112) size 0x1
      RenderText {#text} at (456,0) size 17x113
        text run at (456,0) width 113: "This is some text."
      RenderBR {BR} at (459,112) size 0x1
      RenderText {#text} at (474,0) size 17x113
        text run at (474,0) width 113: "This is some text."
      RenderBR {BR} at (477,112) size 0x1
      RenderText {#text} at (492,0) size 17x113
        text run at (492,0) width 113: "This is some text."
      RenderBR {BR} at (495,112) size 0x1
      RenderText {#text} at (510,0) size 17x113
        text run at (510,0) width 113: "This is some text."
      RenderBR {BR} at (513,112) size 0x1
      RenderText {#text} at (532,0) size 17x113
        text run at (532,0) width 113: "This is some text."
      RenderBR {BR} at (535,112) size 0x1
      RenderText {#text} at (550,0) size 17x113
        text run at (550,0) width 113: "This is some text."
      RenderBR {BR} at (553,112) size 0x1
      RenderText {#text} at (568,0) size 17x113
        text run at (568,0) width 113: "This is some text."
      RenderBR {BR} at (571,112) size 0x1
      RenderText {#text} at (586,0) size 17x113
        text run at (586,0) width 113: "This is some text."
      RenderBR {BR} at (589,112) size 0x1
layer at (848,8) size 404x1200
  RenderBlock {DIV} at (840,0) size 404x1200 [border: (2px solid #000000)]
    RenderImage {IMG} at (2,2) size 390x300 [bgcolor=#008000]
    RenderText {#text} at (2,302) size 417x383
      text run at (2,302) width 75: "Longer text"
      text run at (20,302) width 74: "designed to"
      text run at (38,302) width 83: "test float and"
      text run at (56,302) width 61: "wrapping"
      text run at (74,302) width 60: "behavior."
      text run at (92,302) width 75: "Longer text"
      text run at (110,302) width 74: "designed to"
      text run at (128,302) width 83: "test float and"
      text run at (146,302) width 61: "wrapping"
      text run at (164,302) width 60: "behavior."
      text run at (182,302) width 75: "Longer text"
      text run at (200,302) width 74: "designed to"
      text run at (218,302) width 83: "test float and"
      text run at (236,302) width 61: "wrapping"
      text run at (254,302) width 60: "behavior."
      text run at (272,302) width 75: "Longer text"
      text run at (290,302) width 74: "designed to"
      text run at (308,302) width 83: "test float and"
      text run at (326,302) width 61: "wrapping"
      text run at (344,302) width 60: "behavior."
      text run at (362,302) width 75: "Longer text"
      text run at (380,302) width 74: "designed to"
      text run at (402,2) width 212: "test float and wrapping behavior."
layer at (1268,8) size 404x1200
  RenderBlock {DIV} at (1260,0) size 404x1200 [border: (2px solid #000000)]
    RenderImage {IMG} at (2,2) size 380x388 [bgcolor=#0000FF]
    RenderInline {SPAN} at (0,0) size 242x379
      RenderImage {IMG} at (402,2) size 20x100 [bgcolor=#008000]
      RenderText {#text} at (402,102) size 26x209
        text run at (402,102) width 209: "Longer text designed "
      RenderImage {IMG} at (429,290) size 20x100 [bgcolor=#008000]
      RenderText {#text} at (402,310) size 242x379
        text run at (402,310) width 58: "to test"
        text run at (429,2) width 278: "float and wrapping behavior."
        text run at (456,2) width 358: "Longer text designed to test float and"
        text run at (483,2) width 304: "wrapping behavior. Longer text"
        text run at (510,2) width 337: "designed to test float and wrapping"
        text run at (537,2) width 363: "behavior. Longer text designed to test"
        text run at (564,2) width 353: "float and wrapping behavior. Longer"
        text run at (591,2) width 379: "text designed to test float and wrapping"
        text run at (618,2) width 90: "behavior."
    RenderText {#text} at (0,0) size 0x0
