layer at (0,0) size 784x1508
  RenderView at (0,0) size 784x600
layer at (0,0) size 361x600
  RenderBlock {HTML} at (0,0) size 361x600
layer at (8,8) size 345x1500
  RenderBody {BODY} at (8,8) size 345x1500
    RenderBlock {DIV} at (19,0) size 54x478 [bgcolor=#00FFFF]
      RenderBlock (floating) {DIV} at (4,4) size 526x239 [bgcolor=#FFFF00]
        RenderImage {IMG} at (0,0) size 133x70
        RenderText {#text} at (0,70) size 143x165
          text run at (0,70) width 97: "You've already"
          text run at (18,70) width 155: "downloaded a build. All"
          text run at (36,70) width 165: "you have to do is use it as"
          text run at (54,70) width 148: "your everyday browser"
          text run at (72,70) width 156: "and mail/news reader. If"
          text run at (90,70) width 155: "you downloaded a build"
          text run at (108,70) width 140: "with Talkback, please"
          text run at (126,70) width 146: "turn it on when it asks."
        RenderBlock (floating) {DIV} at (144,156) size 382x83 [bgcolor=#FF0000]
          RenderBlock {P} at (16,0) size 18x83
            RenderText {#text} at (0,0) size 17x75
              text run at (0,0) width 75: "Hola hola 1"
          RenderBlock {P} at (50,0) size 18x83
            RenderText {#text} at (0,0) size 17x75
              text run at (0,0) width 75: "Hola hola 2"
          RenderBlock {P} at (84,0) size 18x83
            RenderText {#text} at (0,0) size 17x75
              text run at (0,0) width 75: "Hola hola 3"
          RenderBlock {P} at (118,0) size 18x83
            RenderText {#text} at (0,0) size 17x75
              text run at (0,0) width 75: "Hola hola 4"
          RenderBlock {P} at (152,0) size 18x83
            RenderText {#text} at (0,0) size 17x75
              text run at (0,0) width 75: "Hola hola 5"
          RenderBlock {P} at (178,0) size 18x83
            RenderText {#text} at (0,0) size 17x75
              text run at (0,0) width 75: "Hola hola 6"
          RenderBlock {P} at (212,0) size 18x83
            RenderText {#text} at (0,0) size 17x75
              text run at (0,0) width 75: "Hola hola 7"
          RenderBlock {P} at (246,0) size 18x83
            RenderText {#text} at (0,0) size 17x75
              text run at (0,0) width 75: "Hola hola 8"
          RenderBlock {P} at (280,0) size 18x83
            RenderText {#text} at (0,0) size 17x75
              text run at (0,0) width 75: "Hola hola 9"
          RenderBlock {P} at (314,0) size 18x83
            RenderText {#text} at (0,0) size 17x83
              text run at (0,0) width 83: "Hola hola 10"
          RenderBlock {P} at (348,0) size 18x83
            RenderText {#text} at (0,0) size 17x83
              text run at (0,0) width 83: "Hola hola 11"
        RenderText {#text} at (144,0) size 107x144
          text run at (144,0) width 140: "Talkback reports give"
          text run at (162,0) width 144: "us really valuable data"
          text run at (180,0) width 134: "on which crashes are"
          text run at (198,0) width 136: "the most serious, and"
          text run at (216,0) width 135: "how often people are"
          text run at (234,0) width 124: "encountering them."
      RenderBlock (floating) {DIV} at (0,393) size 322x85 [bgcolor=#FF00FF]
        RenderBlock {P} at (16,0) size 18x85
          RenderText {#text} at (0,0) size 17x85
            text run at (0,0) width 85: "Hello Kitty 1"
        RenderBlock {P} at (50,0) size 18x85
          RenderText {#text} at (0,0) size 17x85
            text run at (0,0) width 85: "Hello Kitty 2"
        RenderBlock {P} at (84,0) size 18x85
          RenderText {#text} at (0,0) size 17x85
            text run at (0,0) width 85: "Hello Kitty 3"
        RenderBlock {P} at (118,0) size 18x85
          RenderText {#text} at (0,0) size 17x85
            text run at (0,0) width 85: "Hello Kitty 4"
        RenderBlock {P} at (152,0) size 18x85
          RenderText {#text} at (0,0) size 17x85
            text run at (0,0) width 85: "Hello Kitty 5"
        RenderBlock {P} at (186,0) size 18x85
          RenderText {#text} at (0,0) size 17x85
            text run at (0,0) width 85: "Hello Kitty 6"
        RenderBlock {P} at (220,0) size 18x85
          RenderText {#text} at (0,0) size 17x85
            text run at (0,0) width 85: "Hello Kitty 7"
        RenderBlock {P} at (254,0) size 18x85
          RenderText {#text} at (0,0) size 17x85
            text run at (0,0) width 85: "Hello Kitty 8"
        RenderBlock {P} at (288,0) size 18x85
          RenderText {#text} at (0,0) size 17x85
            text run at (0,0) width 85: "Hello Kitty 9"
      RenderBlock {H2} at (0,0) size 54x478
        RenderText {#text} at (0,247) size 53x132
          text run at (0,247) width 125: "What Needs"
          text run at (27,247) width 132: "To Be Done?"
    RenderBlock (floating) {DIV} at (92,247) size 389x83 [bgcolor=#808080]
      RenderBlock {P} at (16,0) size 18x83
        RenderText {#text} at (0,0) size 17x75
          text run at (0,0) width 75: "Hola hola 1"
      RenderBlock {P} at (50,0) size 18x83
        RenderText {#text} at (0,0) size 17x75
          text run at (0,0) width 75: "Hola hola 2"
      RenderBlock {P} at (84,0) size 18x83
        RenderText {#text} at (0,0) size 17x75
          text run at (0,0) width 75: "Hola hola 3"
      RenderBlock {P} at (118,0) size 18x83
        RenderText {#text} at (0,0) size 17x75
          text run at (0,0) width 75: "Hola hola 4"
      RenderBlock {P} at (152,0) size 18x83
        RenderText {#text} at (0,0) size 17x75
          text run at (0,0) width 75: "Hola hola 5"
      RenderBlock {P} at (186,0) size 18x83
        RenderText {#text} at (0,0) size 17x75
          text run at (0,0) width 75: "Hola hola 6"
      RenderBlock {P} at (220,0) size 18x83
        RenderText {#text} at (0,0) size 17x75
          text run at (0,0) width 75: "Hola hola 7"
      RenderBlock {P} at (253,0) size 18x83
        RenderText {#text} at (0,0) size 17x75
          text run at (0,0) width 75: "Hola hola 8"
      RenderBlock {P} at (287,0) size 18x83
        RenderText {#text} at (0,0) size 17x75
          text run at (0,0) width 75: "Hola hola 9"
      RenderBlock {P} at (321,0) size 18x83
        RenderText {#text} at (0,0) size 17x83
          text run at (0,0) width 83: "Hola hola 10"
      RenderBlock {P} at (355,0) size 18x83
        RenderText {#text} at (0,0) size 17x83
          text run at (0,0) width 83: "Hola hola 11"
    RenderBlock {DL} at (92,0) size 706x478
      RenderBlock {DT} at (0,0) size 36x478
        RenderText {#text} at (0,330) size 35x44
          text run at (0,330) width 44: "Report"
          text run at (18,330) width 33: "Bugs"
      RenderBlock {DD} at (52,40) size 471x438
        RenderBlock {P} at (0,0) size 471x438
          RenderText {#text} at (0,290) size 326x148
            text run at (0,290) width 46: "You've"
            text run at (18,290) width 48: "already"
            text run at (201,290) width 131: "downloaded a build."
            text run at (219,290) width 134: "All you have to do is"
            text run at (237,290) width 39: "use it "
            text run at (237,328) width 18: "as "
            text run at (237,345) width 92: "your everyday"
            text run at (255,290) width 79: "browser and"
            text run at (273,290) width 129: "mail/news reader. If"
            text run at (291,290) width 118: "you downloaded a"
            text run at (309,290) width 70: "build with "
            text run at (309,359) width 64: "Talkback,"
          RenderInline {EM} at (0,0) size 17x105
            RenderText {#text} at (327,290) size 17x105
              text run at (327,290) width 45: "please "
              text run at (327,334) width 60: "turn it on"
          RenderText {#text} at (327,394) size 125x434
            text run at (327,394) width 39: " when"
            text run at (345,207) width 192: "it asks. Talkback reports give "
            text run at (345,398) width 15: "us"
            text run at (363,207) width 130: "really valuable data "
            text run at (363,336) width 60: "on which"
            text run at (381,207) width 210: "crashes are the most serious, and"
            text run at (399,207) width 32: "how "
            text run at (399,238) width 191: "often people are encountering"
            text run at (417,0) width 285: "them. And all you have to do is click \"OK\". "
            text run at (417,284) width 140: "If you find something"
            text run at (435,0) width 317: "you think is a bug, check to see if it's not already "
          RenderInline {A} at (0,0) size 17x84 [color=#0000EE]
            RenderText {#text} at (435,316) size 17x84
              text run at (435,316) width 84: "known about"
          RenderText {#text} at (435,399) size 35x431
            text run at (435,399) width 32: ", and"
            text run at (453,0) width 76: "then please "
            text run at (453,75) width 70: "follow the "
          RenderInline {A} at (0,0) size 17x169 [color=#0000EE]
            RenderText {#text} at (453,144) size 17x169
              text run at (453,144) width 168: "bug submission procedure"
          RenderText {#text} at (453,312) size 17x5
            text run at (453,312) width 4: "."
      RenderBlock (floating) {DIV} at (539,0) size 399x83 [bgcolor=#008000]
        RenderBlock {P} at (16,0) size 18x83
          RenderText {#text} at (0,0) size 17x75
            text run at (0,0) width 75: "Hola hola 1"
        RenderBlock {P} at (59,0) size 18x83
          RenderText {#text} at (0,0) size 17x75
            text run at (0,0) width 75: "Hola hola 2"
        RenderBlock {P} at (93,0) size 18x83
          RenderText {#text} at (0,0) size 17x75
            text run at (0,0) width 75: "Hola hola 3"
        RenderBlock {P} at (127,0) size 18x83
          RenderText {#text} at (0,0) size 17x75
            text run at (0,0) width 75: "Hola hola 4"
        RenderBlock {P} at (161,0) size 18x83
          RenderText {#text} at (0,0) size 17x75
            text run at (0,0) width 75: "Hola hola 5"
        RenderBlock {P} at (195,0) size 18x83
          RenderText {#text} at (0,0) size 17x75
            text run at (0,0) width 75: "Hola hola 6"
        RenderBlock {P} at (229,0) size 18x83
          RenderText {#text} at (0,0) size 17x75
            text run at (0,0) width 75: "Hola hola 7"
        RenderBlock {P} at (263,0) size 18x83
          RenderText {#text} at (0,0) size 17x75
            text run at (0,0) width 75: "Hola hola 8"
        RenderBlock {P} at (297,0) size 18x83
          RenderText {#text} at (0,0) size 17x75
            text run at (0,0) width 75: "Hola hola 9"
        RenderBlock {P} at (331,0) size 18x83
          RenderText {#text} at (0,0) size 17x83
            text run at (0,0) width 83: "Hola hola 10"
        RenderBlock {P} at (365,0) size 18x83
          RenderText {#text} at (0,0) size 17x83
            text run at (0,0) width 83: "Hola hola 11"
      RenderBlock {DT} at (539,0) size 18x478
        RenderText {#text} at (0,83) size 17x119
          text run at (0,83) width 119: "Quality Assurance"
      RenderBlock {DD} at (573,40) size 133x438
        RenderBlock {P} at (0,0) size 133x438
          RenderInline {A} at (0,0) size 17x77 [color=#0000EE]
            RenderText {#text} at (0,43) size 17x77
              text run at (0,43) width 77: "Mozilla QA"
          RenderText {#text} at (0,119) size 17x42
            text run at (0,119) width 4: " "
            text run at (0,123) width 37: "has a "
          RenderInline {A} at (0,0) size 17x31 [color=#0000EE]
            RenderText {#text} at (0,160) size 17x31
              text run at (0,160) width 31: "page"
          RenderText {#text} at (0,190) size 114x368
            text run at (0,190) width 4: " "
            text run at (0,194) width 215: "dedicated to ways to get involved"
            text run at (25,43) width 222: "with helping. This doesn't involve "
            text run at (25,264) width 143: "knowing how to code,"
            text run at (43,43) width 352: "although a little knowledge of HTML is helpful. Being"
            text run at (61,43) width 135: "involved with QA is "
            text run at (61,177) width 234: "good for people wanting to get more"
            text run at (79,43) width 88: "familiar with "
            text run at (79,130) width 278: "Mozilla, and there's a strong community. A"
            text run at (97,43) width 245: "particularly good way to get involved "
            text run at (97,287) width 80: "is to join the"
          RenderInline {A} at (0,0) size 17x72 [color=#0000EE]
            RenderText {#text} at (115,43) size 17x72
              text run at (115,43) width 72: "BugAThon"
          RenderText {#text} at (115,115) size 17x4
            text run at (115,115) width 4: "."
