layer at (0,0) size 826x584
  RenderView at (0,0) size 800x584
layer at (0,0) size 826x584
  RenderBlock {HTML} at (0,0) size 826x584
    RenderBody {BODY} at (8,8) size 810x568
      RenderBlock (floating) {DIV} at (0,0) size 100x200 [bgcolor=#00FF00]
layer at (108,8) size 142x435
  RenderBlock {DIV} at (100,0) size 142x435 [border: (10px solid #000000)]
    RenderBlock {P} at (26,10) size 90x415
      RenderText {#text} at (0,0) size 89x415
        text run at (0,0) width 415: "This technology preview of our award winning next generation"
        text run at (18,0) width 57: "browser "
        text run at (18,56) width 359: "is a sign of things to come from Mozilla. Powerful yet"
        text run at (36,0) width 121: "easy to use. This "
        text run at (36,120) width 295: "maintenance release provides a few updates"
        text run at (54,0) width 246: "based on user feedback - including "
        text run at (54,245) width 169: "changes to the Extension"
        text run at (72,0) width 206: "System and icon improvements."
