layer at (0,0) size 784x758
  RenderView at (0,0) size 784x600
layer at (0,0) size 784x600
  RenderBlock {HTML} at (0,0) size 784x600
layer at (8,8) size 500x750
  RenderBody {BODY} at (8,8) size 500x750
    RenderBlock {H1} at (0,0) size 37x367
      RenderText {#text} at (0,0) size 36x167
        text run at (0,0) width 167: "Header One"
    RenderBlock (anonymous) at (58,0) size 198x367
      RenderText {#text} at (0,0) size 197x367
        text run at (0,0) width 364: "Lorem ipsum dolor sit amet, consectetuer adipiscing elit."
        text run at (18,0) width 362: "Nulla varius enim ac mi. Curabitur sollicitudin felis quis"
        text run at (36,0) width 332: "lectus. Quisque adipiscing rhoncus sem. Proin nulla"
        text run at (54,0) width 367: "purus, vulputate vel, varius ut, euismod et, nisi. Sed vitae"
        text run at (72,0) width 354: "felis vel orci sagittis aliquam. Cras convallis adipiscing"
        text run at (90,0) width 347: "sem. Nam nonummy enim. Nullam bibendum lobortis"
        text run at (108,0) width 353: "neque. Vestibulum velit orci, tempus euismod, pretium"
        text run at (126,0) width 353: "quis, interdum vitae, nulla. Phasellus eget ante et tortor"
        text run at (144,0) width 351: "condimentum vestibulum. Suspendisse hendrerit quam"
        text run at (162,0) width 333: "nec felis. Sed varius turpis vitae pede. Lorem ipsum"
        text run at (180,0) width 275: "dolor sit amet, consectetuer adipiscing elit."
    RenderBlock {H1} at (277,0) size 37x367
      RenderText {#text} at (0,0) size 36x170
        text run at (0,0) width 170: "Header Two"
    RenderBlock (anonymous) at (335,0) size 201x367
      RenderText {#text} at (0,0) size 200x367
        text run at (0,0) width 364: "Lorem ipsum dolor sit amet, consectetuer adipiscing elit."
        text run at (18,0) width 362: "Nulla varius enim ac mi. Curabitur sollicitudin felis quis"
        text run at (36,0) width 332: "lectus. Quisque adipiscing rhoncus sem. Proin nulla"
        text run at (54,0) width 367: "purus, vulputate vel, varius ut, euismod et, nisi. Sed vitae"
        text run at (72,0) width 354: "felis vel orci sagittis aliquam. Cras convallis adipiscing"
        text run at (90,0) width 347: "sem. Nam nonummy enim. Nullam bibendum lobortis"
        text run at (108,0) width 353: "neque. Vestibulum velit orci, tempus euismod, pretium"
        text run at (126,0) width 353: "quis, interdum vitae, nulla. Phasellus eget ante et tortor"
        text run at (144,0) width 351: "condimentum vestibulum. Suspendisse hendrerit quam"
        text run at (165,0) width 333: "nec felis. Sed varius turpis vitae pede. Lorem ipsum"
        text run at (183,0) width 275: "dolor sit amet, consectetuer adipiscing elit."
    RenderBlock {H1} at (557,0) size 37x367
      RenderText {#text} at (0,0) size 36x192
        text run at (0,0) width 192: "Header Three"
    RenderBlock {H1} at (870,0) size 37x367
      RenderText {#text} at (0,0) size 36x177
        text run at (0,0) width 177: "Header Four"
    RenderBlock (anonymous) at (928,0) size 36x367
      RenderText {#text} at (0,0) size 35x364
        text run at (0,0) width 364: "Lorem ipsum dolor sit amet, consectetuer adipiscing elit."
        text run at (18,0) width 158: "Nulla varius enim ac mi."
layer at (623,8) size 234x367 backgroundClip at (0,0) size 784x758 clip at (0,0) size 784x758 outlineClip at (0,0) size 784x758
  RenderBlock {DIV} at (615,0) size 234x367
    RenderText {#text} at (0,0) size 431x172
      text run at (0,0) width 143: "Lorem ipsum dolor sit"
      text run at (18,0) width 120: "amet, consectetuer"
      text run at (36,0) width 134: "adipiscing elit. Nulla"
      text run at (54,0) width 119: "varius enim ac mi."
      text run at (72,0) width 169: "Curabitur sollicitudin felis"
      text run at (90,0) width 130: "quis lectus. Quisque"
      text run at (108,0) width 155: "adipiscing rhoncus sem."
      text run at (126,0) width 115: "Proin nulla purus,"
      text run at (144,0) width 151: "vulputate vel, varius ut,"
      text run at (162,0) width 168: "euismod et, nisi. Sed vitae"
      text run at (180,0) width 130: "felis vel orci sagittis"
      text run at (198,0) width 151: "aliquam. Cras convallis"
      text run at (216,0) width 135: "adipiscing sem. Nam"
      text run at (234,0) width 157: "nonummy enim. Nullam"
      text run at (252,0) width 164: "bibendum lobortis neque."
      text run at (270,0) width 140: "Vestibulum velit orci,"
      text run at (288,0) width 163: "tempus euismod, pretium"
      text run at (306,0) width 172: "quis, interdum vitae, nulla."
      text run at (324,0) width 138: "Phasellus eget ante et"
      text run at (342,0) width 128: "tortor condimentum"
      text run at (360,0) width 158: "vestibulum. Suspendisse"
      text run at (378,0) width 160: "hendrerit quam nec felis."
      text run at (396,0) width 143: "Sed varius turpis vitae"
      text run at (414,0) width 39: "pede. "
    RenderText {#text} at (0,0) size 0x0
