layer at (0,0) size 800x600
  RenderView at (0,0) size 800x600
layer at (0,0) size 800x289
  RenderBlock {HTML} at (0,0) size 800x289
    RenderBody {BODY} at (8,8) size 784x273
      RenderBlock {DIV} at (0,0) size 784x23
        RenderTextControl {INPUT} at (2,2) size 125x19 [bgcolor=#FFFFFF] [border: (2px inset #000000)]
          RenderDeprecatedFlexibleBox {DIV} at (3,3) size 119x13
            RenderBlock {DIV} at (0,0) size 108x13
              RenderBlock {DIV} at (0,0) size 108x13
                RenderText {#text} at (1,0) size 69x13
                  text run at (1,0) width 69: "2012-04-02"
            RenderBlock (anonymous) at (108,0) size 11x13
              RenderDetailsMarker {DIV} at (0,4) size 7x7: down
      RenderBlock {DIV} at (0,23) size 784x23
        RenderTextControl {INPUT} at (2,2) size 125x19 [bgcolor=#FFFFFF] [border: (2px inset #000000)]
          RenderDeprecatedFlexibleBox {DIV} at (3,3) size 119x13
            RenderBlock {DIV} at (0,0) size 108x13
              RenderBlock {DIV} at (0,0) size 108x13
                RenderText {#text} at (1,0) size 69x13
                  text run at (1,0) width 69: "2012-04-02"
            RenderBlock (anonymous) at (108,0) size 11x13
              RenderDetailsMarker {DIV} at (0,4) size 7x7: down
      RenderBlock {DIV} at (0,46) size 784x23
        RenderTextControl {INPUT} at (2,2) size 125x19 [color=#545454] [bgcolor=#FFFFFF] [border: (2px inset #545454)]
          RenderDeprecatedFlexibleBox {DIV} at (3,3) size 119x13
            RenderBlock {DIV} at (0,0) size 108x13
              RenderBlock {DIV} at (0,0) size 108x13
                RenderText {#text} at (1,0) size 69x13
                  text run at (1,0) width 69: "2012-04-02"
            RenderBlock (anonymous) at (108,0) size 11x13
              RenderDetailsMarker {DIV} at (0,4) size 7x7: down
      RenderBlock {DIV} at (0,69) size 784x23
        RenderTextControl {INPUT} at (2,2) size 125x19 [color=#FFFFFF] [bgcolor=#000000] [border: (2px inset #FFFFFF)]
          RenderDeprecatedFlexibleBox {DIV} at (3,3) size 119x13
            RenderBlock {DIV} at (0,0) size 108x13
              RenderBlock {DIV} at (0,0) size 108x13
                RenderText {#text} at (1,0) size 69x13
                  text run at (1,0) width 69: "2012-04-02"
            RenderBlock (anonymous) at (108,0) size 11x13
              RenderDetailsMarker {DIV} at (0,4) size 7x7: down
      RenderBlock {DIV} at (0,92) size 784x23
        RenderTextControl {INPUT} at (2,2) size 125x19 [color=#FFFFFF] [bgcolor=#000000] [border: (2px inset #FFFFFF)]
          RenderDeprecatedFlexibleBox {DIV} at (3,3) size 119x13
            RenderBlock {DIV} at (0,0) size 108x13
              RenderBlock {DIV} at (0,0) size 108x13
                RenderText {#text} at (1,0) size 69x13
                  text run at (1,0) width 69: "2012-04-02"
            RenderBlock (anonymous) at (108,0) size 11x13
              RenderDetailsMarker {DIV} at (0,4) size 7x7: down
      RenderBlock {DIV} at (0,115) size 784x23
        RenderTextControl {INPUT} at (2,2) size 125x19 [color=#FFFFFF] [bgcolor=#000000] [border: (2px inset #FFFFFF)]
          RenderDeprecatedFlexibleBox {DIV} at (3,3) size 119x13
            RenderBlock {DIV} at (0,0) size 108x13
              RenderBlock {DIV} at (0,0) size 108x13
                RenderText {#text} at (1,0) size 69x13
                  text run at (1,0) width 69: "2012-04-02"
            RenderBlock (anonymous) at (108,0) size 11x13
              RenderDetailsMarker {DIV} at (0,4) size 7x7: down
      RenderBlock {DIV} at (0,138) size 784x45
        RenderTextControl {INPUT} at (2,2) size 314x41 [bgcolor=#FFFFFF] [border: (2px inset #000000)]
          RenderDeprecatedFlexibleBox {DIV} at (3,3) size 308x35
            RenderBlock {DIV} at (0,0) size 277x35
              RenderBlock {DIV} at (0,0) size 277x35
                RenderText {#text} at (1,0) size 187x35
                  text run at (1,0) width 187: "2012-04-02"
            RenderBlock (anonymous) at (277,0) size 31x35
              RenderDetailsMarker {DIV} at (0,10) size 19x19: down
      RenderBlock {DIV} at (0,183) size 784x45
        RenderTextControl {INPUT} at (2,2) size 314x41 [bgcolor=#FFFFFF] [border: (2px inset #000000)]
          RenderDeprecatedFlexibleBox {DIV} at (3,3) size 308x35
            RenderBlock {DIV} at (0,0) size 277x35
              RenderBlock {DIV} at (0,0) size 277x35
                RenderText {#text} at (1,0) size 187x35
                  text run at (1,0) width 187: "2012-04-02"
            RenderBlock (anonymous) at (277,0) size 31x35
              RenderDetailsMarker {DIV} at (0,10) size 19x19: down
      RenderBlock {DIV} at (0,228) size 784x45
        RenderTextControl {INPUT} at (2,2) size 314x41 [color=#545454] [bgcolor=#FFFFFF] [border: (2px inset #545454)]
          RenderDeprecatedFlexibleBox {DIV} at (3,3) size 308x35
            RenderBlock {DIV} at (0,0) size 277x35
              RenderBlock {DIV} at (0,0) size 277x35
                RenderText {#text} at (1,0) size 187x35
                  text run at (1,0) width 187: "2012-04-02"
            RenderBlock (anonymous) at (277,0) size 31x35
              RenderDetailsMarker {DIV} at (0,10) size 19x19: down
