layer at (0,0) size 800x600
  RenderView at (0,0) size 800x600
layer at (0,0) size 800x600
  RenderBlock {HTML} at (0,0) size 800x600
    RenderBody {BODY} at (8,8) size 784x584
      RenderBlock {P} at (0,0) size 784x42
        RenderText {#text} at (0,0) size 766x42
          text run at (0,0) width 766: "The word \"PASSED\" should be shown below with a cirlce before and a square after. This is a test for WebKit"
          text run at (0,21) width 31: "bug "
        RenderInline {A} at (0,0) size 45x21 [color=#0000EE]
          RenderText {#text} at (31,21) size 45x21
            text run at (31,21) width 45: "11197"
        RenderText {#text} at (76,21) size 4x21
          text run at (76,21) width 4: "."
      RenderBlock (anonymous) at (0,58) size 784x17
        RenderInline {CODE} at (0,0) size 54x17
          RenderInline (generated) at (0,0) size 0x17
            RenderCounter at (0,0) size 0x17
              text run at (0,0) width 0: "\x{25E6}"
          RenderText {#text} at (0,0) size 54x17
            text run at (0,0) width 54: "PASSED"
          RenderInline (generated) at (0,0) size 0x17
            RenderCounter at (54,0) size 0x17
              text run at (54,0) width 0: "\x{25A0}"
        RenderText {#text} at (0,0) size 0x0
