layer at (0,0) size 800x600
  RenderView at (0,0) size 800x600
layer at (0,0) size 800x256 layerType: background only
layer at (8,8) size 784x240
  RenderBlock (positioned) zI: -1 {DIV} at (0,0) size 784x240 [bgcolor=#FF0000]
    RenderText zI: -1 {#text} at (0,110) size 11x19
      text run at (0,110) width 11: "X"
layer at (0,0) size 800x256 layerType: foreground only
  RenderBlock {HTML} at (0,0) size 800x256
    RenderBody {BODY} at (8,8) size 784x240
layer at (8,8) size 784x240
  RenderBlock (relative positioned) {DIV} at (0,0) size 784x240
    RenderBlock {DIV} at (0,0) size 784x240 [bgcolor=#00FF00]
      RenderInline {SPAN} at (0,0) size 0x0
      RenderBR {BR} at (0,30) size 0x19
      RenderInline {SPAN} at (0,0) size 0x19
      RenderText {#text} at (0,150) size 11x19
        text run at (0,150) width 11: "X"
