layer at (0,0) size 1769x2702
  RenderView at (0,0) size 784x584
layer at (0,0) size 784x2702
  RenderBlock {HTML} at (0,0) size 784x2702
    RenderBody {BODY} at (8,8) size 768x2686
      RenderBlock {H2} at (0,0) size 768x32
        RenderText {#text} at (0,0) size 157x32
          text run at (0,0) width 157: "word-spacing"
      RenderBlock (floating) {PRE} at (0,64) size 993x186
        RenderBlock {H3} at (0,15) size 993x20
          RenderText {#text} at (0,0) size 164x20
            text run at (0,0) width 164: "In a floated pre"
        RenderBlock (anonymous) at (0,50) size 993x136
          RenderText {#text} at (0,0) size 177x34
            text run at (0,0) width 0: " "
            text run at (0,17) width 177: "Word   spacing test "
          RenderInline {EM} at (0,0) size 15x17
            RenderText {#text} at (177,17) size 15x17
              text run at (177,17) width 15: "for"
          RenderText {#text} at (212,17) size 4x17
            text run at (212,17) width 4: " "
          RenderInline {STRONG} at (0,0) size 56x17
            RenderText {#text} at (216,17) size 56x17
              text run at (216,17) width 56: "elements"
          RenderText {#text} at (292,17) size 4x17
            text run at (292,17) width 4: " "
          RenderInline {TT} at (0,0) size 33x17
            RenderText {#text} at (296,17) size 33x17
              text run at (296,17) width 33: "within"
          RenderText {#text} at (349,17) size 472x34
            text run at (349,17) width 103: " elements too."
            text run at (472,17) width 0: " "
            text run at (0,34) width 177: "Word   spacing test "
          RenderInline {EM} at (0,0) size 15x17
            RenderText {#text} at (177,34) size 15x17
              text run at (177,34) width 15: "for"
          RenderText {#text} at (212,34) size 4x17
            text run at (212,34) width 4: " "
          RenderInline {STRONG} at (0,0) size 56x17
            RenderText {#text} at (216,34) size 56x17
              text run at (216,34) width 56: "elements"
          RenderText {#text} at (292,34) size 4x17
            text run at (292,34) width 4: " "
          RenderInline {TT} at (0,0) size 33x17
            RenderText {#text} at (296,34) size 33x17
              text run at (296,34) width 33: "within"
          RenderText {#text} at (349,34) size 81x17
            text run at (349,34) width 81: " elements "
          RenderText {#text} at (430,34) size 845x34
            text run at (430,34) width 395: " too. (with comment between elements and too)"
            text run at (845,34) width 0: " "
            text run at (0,51) width 177: "Word   spacing test "
          RenderInline {EM} at (0,0) size 15x17
            RenderText {#text} at (177,51) size 15x17
              text run at (177,51) width 15: "for"
          RenderText {#text} at (212,51) size 4x17
            text run at (212,51) width 4: " "
          RenderInline {STRONG} at (0,0) size 56x17
            RenderText {#text} at (216,51) size 56x17
              text run at (216,51) width 56: "elements"
          RenderText {#text} at (292,51) size 4x17
            text run at (292,51) width 4: " "
          RenderInline {TT} at (0,0) size 33x17
            RenderText {#text} at (296,51) size 33x17
              text run at (296,51) width 33: "within"
          RenderText {#text} at (349,51) size 57x17
            text run at (349,51) width 57: " elements"
          RenderText {#text} at (426,51) size 1033x34
            text run at (426,51) width 587: " too. (with comment (no preceeding space) between elements and too)"
            text run at (1033,51) width 0: " "
            text run at (0,68) width 177: "Word   spacing test "
          RenderInline {EM} at (0,0) size 15x17
            RenderText {#text} at (177,68) size 15x17
              text run at (177,68) width 15: "for"
          RenderText {#text} at (212,68) size 4x17
            text run at (212,68) width 4: " "
          RenderInline {STRONG} at (0,0) size 56x17
            RenderText {#text} at (216,68) size 56x17
              text run at (216,68) width 56: "elements"
          RenderText {#text} at (292,68) size 4x17
            text run at (292,68) width 4: " "
          RenderInline {TT} at (0,0) size 33x17
            RenderText {#text} at (296,68) size 33x17
              text run at (296,68) width 33: "within"
          RenderText {#text} at (349,68) size 81x17
            text run at (349,68) width 81: " elements "
          RenderText {#text} at (430,68) size 578x17
            text run at (430,68) width 558: "too. (with comment (no trailing space) between elements and too)"
            text run at (1008,68) width 0: " "
          RenderInline {SPAN} at (0,0) size 272x17
            RenderText {#text} at (0,85) size 177x17
              text run at (0,85) width 177: "Word   spacing test "
            RenderInline {EM} at (0,0) size 15x17
              RenderText {#text} at (177,85) size 15x17
                text run at (177,85) width 15: "for"
            RenderText {#text} at (212,85) size 4x17
              text run at (212,85) width 4: " "
            RenderInline {STRONG} at (0,0) size 56x17
              RenderText {#text} at (216,85) size 56x17
                text run at (216,85) width 56: "elements"
          RenderText {#text} at (292,85) size 4x17
            text run at (292,85) width 4: " "
          RenderInline {TT} at (0,0) size 33x17
            RenderText {#text} at (296,85) size 33x17
              text run at (296,85) width 33: "within"
          RenderText {#text} at (349,85) size 880x34
            text run at (349,85) width 511: " elements too. (with monospace font from Word to elements)"
            text run at (880,85) width 0: " "
            text run at (0,102) width 177: "Word   spacing test "
          RenderInline {SPAN} at (0,0) size 152x17
            RenderInline {EM} at (0,0) size 15x17
              RenderText {#text} at (177,102) size 15x17
                text run at (177,102) width 15: "for"
            RenderText {#text} at (212,102) size 4x17
              text run at (212,102) width 4: " "
            RenderInline {STRONG} at (0,0) size 56x17
              RenderText {#text} at (216,102) size 56x17
                text run at (216,102) width 56: "elements"
            RenderText {#text} at (292,102) size 4x17
              text run at (292,102) width 4: " "
            RenderInline {TT} at (0,0) size 33x17
              RenderText {#text} at (296,102) size 33x17
                text run at (296,102) width 33: "within"
          RenderText {#text} at (349,102) size 845x34
            text run at (349,102) width 476: " elements too. (with monospace font from for to within)"
            text run at (845,102) width 0: " "
            text run at (0,119) width 177: "Word   spacing test "
          RenderInline {EM} at (0,0) size 15x17
            RenderText {#text} at (177,119) size 15x17
              text run at (177,119) width 15: "for"
          RenderText {#text} at (212,119) size 4x17
            text run at (212,119) width 4: " "
          RenderInline {STRONG} at (0,0) size 56x17
            RenderText {#text} at (216,119) size 56x17
              text run at (216,119) width 56: "elements"
          RenderText {#text} at (292,119) size 4x17
            text run at (292,119) width 4: " "
          RenderInline {SPAN} at (0,0) size 152x17
            RenderInline {TT} at (0,0) size 33x17
              RenderText {#text} at (296,119) size 33x17
                text run at (296,119) width 33: "within"
            RenderText {#text} at (349,119) size 99x17
              text run at (349,119) width 99: " elements too"
          RenderText {#text} at (448,119) size 420x17
            text run at (448,119) width 400: ". (with monospace font from elements to too)"
            text run at (868,119) width 0: " "
      RenderBlock (anonymous) at (0,51) size 768x212
        RenderBR {BR} at (993,0) size 0x21
      RenderBlock {PRE} at (0,278) size 768x171
        RenderBlock {H3} at (0,0) size 768x20
          RenderText {#text} at (0,0) size 196x20
            text run at (0,0) width 196: "In an un-floated pre"
        RenderBlock (anonymous) at (0,35) size 768x136
          RenderText {#text} at (0,0) size 177x34
            text run at (0,0) width 0: " "
            text run at (0,17) width 177: "Word   spacing test "
          RenderInline {EM} at (0,0) size 15x17
            RenderText {#text} at (177,17) size 15x17
              text run at (177,17) width 15: "for"
          RenderText {#text} at (212,17) size 4x17
            text run at (212,17) width 4: " "
          RenderInline {STRONG} at (0,0) size 56x17
            RenderText {#text} at (216,17) size 56x17
              text run at (216,17) width 56: "elements"
          RenderText {#text} at (292,17) size 4x17
            text run at (292,17) width 4: " "
          RenderInline {TT} at (0,0) size 33x17
            RenderText {#text} at (296,17) size 33x17
              text run at (296,17) width 33: "within"
          RenderText {#text} at (349,17) size 472x34
            text run at (349,17) width 103: " elements too."
            text run at (472,17) width 0: " "
            text run at (0,34) width 177: "Word   spacing test "
          RenderInline {EM} at (0,0) size 15x17
            RenderText {#text} at (177,34) size 15x17
              text run at (177,34) width 15: "for"
          RenderText {#text} at (212,34) size 4x17
            text run at (212,34) width 4: " "
          RenderInline {STRONG} at (0,0) size 56x17
            RenderText {#text} at (216,34) size 56x17
              text run at (216,34) width 56: "elements"
          RenderText {#text} at (292,34) size 4x17
            text run at (292,34) width 4: " "
          RenderInline {TT} at (0,0) size 33x17
            RenderText {#text} at (296,34) size 33x17
              text run at (296,34) width 33: "within"
          RenderText {#text} at (349,34) size 81x17
            text run at (349,34) width 81: " elements "
          RenderText {#text} at (430,34) size 845x34
            text run at (430,34) width 395: " too. (with comment between elements and too)"
            text run at (845,34) width 0: " "
            text run at (0,51) width 177: "Word   spacing test "
          RenderInline {EM} at (0,0) size 15x17
            RenderText {#text} at (177,51) size 15x17
              text run at (177,51) width 15: "for"
          RenderText {#text} at (212,51) size 4x17
            text run at (212,51) width 4: " "
          RenderInline {STRONG} at (0,0) size 56x17
            RenderText {#text} at (216,51) size 56x17
              text run at (216,51) width 56: "elements"
          RenderText {#text} at (292,51) size 4x17
            text run at (292,51) width 4: " "
          RenderInline {TT} at (0,0) size 33x17
            RenderText {#text} at (296,51) size 33x17
              text run at (296,51) width 33: "within"
          RenderText {#text} at (349,51) size 57x17
            text run at (349,51) width 57: " elements"
          RenderText {#text} at (426,51) size 1033x34
            text run at (426,51) width 587: " too. (with comment (no preceeding space) between elements and too)"
            text run at (1033,51) width 0: " "
            text run at (0,68) width 177: "Word   spacing test "
          RenderInline {EM} at (0,0) size 15x17
            RenderText {#text} at (177,68) size 15x17
              text run at (177,68) width 15: "for"
          RenderText {#text} at (212,68) size 4x17
            text run at (212,68) width 4: " "
          RenderInline {STRONG} at (0,0) size 56x17
            RenderText {#text} at (216,68) size 56x17
              text run at (216,68) width 56: "elements"
          RenderText {#text} at (292,68) size 4x17
            text run at (292,68) width 4: " "
          RenderInline {TT} at (0,0) size 33x17
            RenderText {#text} at (296,68) size 33x17
              text run at (296,68) width 33: "within"
          RenderText {#text} at (349,68) size 81x17
            text run at (349,68) width 81: " elements "
          RenderText {#text} at (430,68) size 578x17
            text run at (430,68) width 558: "too. (with comment (no trailing space) between elements and too)"
            text run at (1008,68) width 0: " "
          RenderInline {SPAN} at (0,0) size 272x17
            RenderText {#text} at (0,85) size 177x17
              text run at (0,85) width 177: "Word   spacing test "
            RenderInline {EM} at (0,0) size 15x17
              RenderText {#text} at (177,85) size 15x17
                text run at (177,85) width 15: "for"
            RenderText {#text} at (212,85) size 4x17
              text run at (212,85) width 4: " "
            RenderInline {STRONG} at (0,0) size 56x17
              RenderText {#text} at (216,85) size 56x17
                text run at (216,85) width 56: "elements"
          RenderText {#text} at (292,85) size 4x17
            text run at (292,85) width 4: " "
          RenderInline {TT} at (0,0) size 33x17
            RenderText {#text} at (296,85) size 33x17
              text run at (296,85) width 33: "within"
          RenderText {#text} at (349,85) size 880x34
            text run at (349,85) width 511: " elements too. (with monospace font from Word to elements)"
            text run at (880,85) width 0: " "
            text run at (0,102) width 177: "Word   spacing test "
          RenderInline {SPAN} at (0,0) size 152x17
            RenderInline {EM} at (0,0) size 15x17
              RenderText {#text} at (177,102) size 15x17
                text run at (177,102) width 15: "for"
            RenderText {#text} at (212,102) size 4x17
              text run at (212,102) width 4: " "
            RenderInline {STRONG} at (0,0) size 56x17
              RenderText {#text} at (216,102) size 56x17
                text run at (216,102) width 56: "elements"
            RenderText {#text} at (292,102) size 4x17
              text run at (292,102) width 4: " "
            RenderInline {TT} at (0,0) size 33x17
              RenderText {#text} at (296,102) size 33x17
                text run at (296,102) width 33: "within"
          RenderText {#text} at (349,102) size 845x34
            text run at (349,102) width 476: " elements too. (with monospace font from for to within)"
            text run at (845,102) width 0: " "
            text run at (0,119) width 177: "Word   spacing test "
          RenderInline {EM} at (0,0) size 15x17
            RenderText {#text} at (177,119) size 15x17
              text run at (177,119) width 15: "for"
          RenderText {#text} at (212,119) size 4x17
            text run at (212,119) width 4: " "
          RenderInline {STRONG} at (0,0) size 56x17
            RenderText {#text} at (216,119) size 56x17
              text run at (216,119) width 56: "elements"
          RenderText {#text} at (292,119) size 4x17
            text run at (292,119) width 4: " "
          RenderInline {SPAN} at (0,0) size 152x17
            RenderInline {TT} at (0,0) size 33x17
              RenderText {#text} at (296,119) size 33x17
                text run at (296,119) width 33: "within"
            RenderText {#text} at (349,119) size 99x17
              text run at (349,119) width 99: " elements too"
          RenderText {#text} at (448,119) size 420x17
            text run at (448,119) width 400: ". (with monospace font from elements to too)"
            text run at (868,119) width 0: " "
      RenderBlock (anonymous) at (0,462) size 768x0
        RenderInline {SPAN} at (0,0) size 0x0
          RenderText {#text} at (0,0) size 0x0
      RenderBlock (anonymous) at (0,467) size 768x25
        RenderBlock {H3} at (0,0) size 768x25
          RenderText {#text} at (0,0) size 124x25
            text run at (0,0) width 124: "In a span"
      RenderBlock (anonymous) at (0,510) size 768x315
        RenderInline {SPAN} at (0,0) size 764x273
          RenderText {#text} at (0,0) size 191x21
            text run at (0,0) width 62: "Word "
            text run at (62,0) width 129: "spacing test "
          RenderInline {EM} at (0,0) size 18x21
            RenderText {#text} at (191,0) size 18x21
              text run at (191,0) width 18: "for"
          RenderText {#text} at (229,0) size 4x21
            text run at (229,0) width 4: " "
          RenderInline {STRONG} at (0,0) size 69x21
            RenderText {#text} at (233,0) size 69x21
              text run at (233,0) width 69: "elements"
          RenderText {#text} at (322,0) size 4x21
            text run at (322,0) width 4: " "
          RenderInline {TT} at (0,0) size 33x17
            RenderText {#text} at (326,3) size 33x17
              text run at (326,3) width 33: "within"
          RenderText {#text} at (379,0) size 119x21
            text run at (379,0) width 119: " elements too."
          RenderBR {BR} at (518,16) size 0x0
          RenderText {#text} at (0,21) size 191x21
            text run at (0,21) width 62: "Word "
            text run at (62,21) width 129: "spacing test "
          RenderInline {EM} at (0,0) size 18x21
            RenderText {#text} at (191,21) size 18x21
              text run at (191,21) width 18: "for"
          RenderText {#text} at (229,21) size 4x21
            text run at (229,21) width 4: " "
          RenderInline {STRONG} at (0,0) size 69x21
            RenderText {#text} at (233,21) size 69x21
              text run at (233,21) width 69: "elements"
          RenderText {#text} at (322,21) size 4x21
            text run at (322,21) width 4: " "
          RenderInline {TT} at (0,0) size 33x17
            RenderText {#text} at (326,24) size 33x17
              text run at (326,24) width 33: "within"
          RenderText {#text} at (379,21) size 93x21
            text run at (379,21) width 93: " elements "
          RenderText {#text} at (472,21) size 730x42
            text run at (472,21) width 258: "too. (with comment between"
            text run at (0,42) width 167: "elements and too)"
          RenderBR {BR} at (187,58) size 0x0
          RenderText {#text} at (0,63) size 191x21
            text run at (0,63) width 62: "Word "
            text run at (62,63) width 129: "spacing test "
          RenderInline {EM} at (0,0) size 18x21
            RenderText {#text} at (191,63) size 18x21
              text run at (191,63) width 18: "for"
          RenderText {#text} at (229,63) size 4x21
            text run at (229,63) width 4: " "
          RenderInline {STRONG} at (0,0) size 69x21
            RenderText {#text} at (233,63) size 69x21
              text run at (233,63) width 69: "elements"
          RenderText {#text} at (322,63) size 4x21
            text run at (322,63) width 4: " "
          RenderInline {TT} at (0,0) size 33x17
            RenderText {#text} at (326,66) size 33x17
              text run at (326,66) width 33: "within"
          RenderText {#text} at (379,63) size 69x21
            text run at (379,63) width 69: " elements"
          RenderText {#text} at (468,63) size 692x42
            text run at (468,63) width 224: " too. (with comment (no"
            text run at (0,84) width 428: "preceeding space) between elements and too)"
          RenderBR {BR} at (448,100) size 0x0
          RenderText {#text} at (0,105) size 191x21
            text run at (0,105) width 62: "Word "
            text run at (62,105) width 129: "spacing test "
          RenderInline {EM} at (0,0) size 18x21
            RenderText {#text} at (191,105) size 18x21
              text run at (191,105) width 18: "for"
          RenderText {#text} at (229,105) size 4x21
            text run at (229,105) width 4: " "
          RenderInline {STRONG} at (0,0) size 69x21
            RenderText {#text} at (233,105) size 69x21
              text run at (233,105) width 69: "elements"
          RenderText {#text} at (322,105) size 4x21
            text run at (322,105) width 4: " "
          RenderInline {TT} at (0,0) size 33x17
            RenderText {#text} at (326,108) size 33x17
              text run at (326,108) width 33: "within"
          RenderText {#text} at (379,105) size 93x21
            text run at (379,105) width 93: " elements "
          RenderText {#text} at (472,105) size 764x42
            text run at (472,105) width 292: "too. (with comment (no trailing"
            text run at (0,126) width 324: "space) between elements and too)"
          RenderBR {BR} at (344,142) size 0x0
          RenderInline {SPAN} at (0,0) size 264x17
            RenderText {#text} at (0,150) size 169x17
              text run at (0,150) width 54: "Word "
              text run at (54,150) width 115: "spacing test "
            RenderInline {EM} at (0,0) size 15x17
              RenderText {#text} at (169,150) size 15x17
                text run at (169,150) width 15: "for"
            RenderText {#text} at (204,150) size 4x17
              text run at (204,150) width 4: " "
            RenderInline {STRONG} at (0,0) size 56x17
              RenderText {#text} at (208,150) size 56x17
                text run at (208,150) width 56: "elements"
          RenderText {#text} at (284,147) size 4x21
            text run at (284,147) width 4: " "
          RenderInline {TT} at (0,0) size 33x17
            RenderText {#text} at (288,150) size 33x17
              text run at (288,150) width 33: "within"
          RenderText {#text} at (341,147) size 730x42
            text run at (341,147) width 389: " elements too. (with monospace font from"
            text run at (0,168) width 169: "Word to elements)"
          RenderBR {BR} at (189,184) size 0x0
          RenderText {#text} at (0,189) size 191x21
            text run at (0,189) width 62: "Word "
            text run at (62,189) width 129: "spacing test "
          RenderInline {SPAN} at (0,0) size 152x17
            RenderInline {EM} at (0,0) size 15x17
              RenderText {#text} at (191,192) size 15x17
                text run at (191,192) width 15: "for"
            RenderText {#text} at (226,192) size 4x17
              text run at (226,192) width 4: " "
            RenderInline {STRONG} at (0,0) size 56x17
              RenderText {#text} at (230,192) size 56x17
                text run at (230,192) width 56: "elements"
            RenderText {#text} at (306,192) size 4x17
              text run at (306,192) width 4: " "
            RenderInline {TT} at (0,0) size 33x17
              RenderText {#text} at (310,192) size 33x17
                text run at (310,192) width 33: "within"
          RenderText {#text} at (363,189) size 752x42
            text run at (363,189) width 389: " elements too. (with monospace font from"
            text run at (0,210) width 126: "for to within)"
          RenderBR {BR} at (146,226) size 0x0
          RenderText {#text} at (0,231) size 191x21
            text run at (0,231) width 62: "Word "
            text run at (62,231) width 129: "spacing test "
          RenderInline {EM} at (0,0) size 18x21
            RenderText {#text} at (191,231) size 18x21
              text run at (191,231) width 18: "for"
          RenderText {#text} at (229,231) size 4x21
            text run at (229,231) width 4: " "
          RenderInline {STRONG} at (0,0) size 69x21
            RenderText {#text} at (233,231) size 69x21
              text run at (233,231) width 69: "elements"
          RenderText {#text} at (322,231) size 4x21
            text run at (322,231) width 4: " "
          RenderInline {SPAN} at (0,0) size 152x17
            RenderInline {TT} at (0,0) size 33x17
              RenderText {#text} at (326,234) size 33x17
                text run at (326,234) width 33: "within"
            RenderText {#text} at (379,234) size 99x17
              text run at (379,234) width 99: " elements too"
          RenderText {#text} at (478,231) size 752x42
            text run at (478,231) width 274: ". (with monospace font from"
            text run at (0,252) width 177: "elements to too) "
        RenderText {#text} at (0,0) size 0x0
        RenderBR {BR} at (0,0) size 0x0
        RenderBR {BR} at (0,273) size 0x21
        RenderBR {BR} at (0,294) size 0x21
      RenderBlock {H2} at (0,844) size 768x32
        RenderText {#text} at (0,0) size 157x32
          text run at (0,0) width 157: "letter-spacing"
      RenderBlock (floating) {PRE} at (0,908) size 1281x186
        RenderBlock {H3} at (0,15) size 1281x20
          RenderText {#text} at (0,0) size 184x20
            text run at (0,0) width 184: "In a floated pre"
        RenderBlock (anonymous) at (0,50) size 1281x136
          RenderText {#text} at (0,0) size 230x34
            text run at (0,0) width 0: " "
            text run at (0,17) width 230: "Letter   spacing test "
          RenderInline {EM} at (0,0) size 30x17
            RenderText {#text} at (230,17) size 30x17
              text run at (230,17) width 30: "for"
          RenderText {#text} at (260,17) size 9x17
            text run at (260,17) width 9: " "
          RenderInline {STRONG} at (0,0) size 96x17
            RenderText {#text} at (269,17) size 96x17
              text run at (269,17) width 96: "elements"
          RenderText {#text} at (365,17) size 9x17
            text run at (365,17) width 9: " "
          RenderInline {TT} at (0,0) size 63x17
            RenderText {#text} at (374,17) size 63x17
              text run at (374,17) width 63: "within"
          RenderText {#text} at (437,17) size 590x34
            text run at (437,17) width 153: " elements too."
            text run at (590,17) width 0: " "
            text run at (0,34) width 230: "Letter   spacing test "
          RenderInline {EM} at (0,0) size 30x17
            RenderText {#text} at (230,34) size 30x17
              text run at (230,34) width 30: "for"
          RenderText {#text} at (260,34) size 9x17
            text run at (260,34) width 9: " "
          RenderInline {STRONG} at (0,0) size 96x17
            RenderText {#text} at (269,34) size 96x17
              text run at (269,34) width 96: "elements"
          RenderText {#text} at (365,34) size 9x17
            text run at (365,34) width 9: " "
          RenderInline {TT} at (0,0) size 63x17
            RenderText {#text} at (374,34) size 63x17
              text run at (374,34) width 63: "within"
          RenderText {#text} at (437,34) size 111x17
            text run at (437,34) width 111: " elements "
          RenderText {#text} at (548,34) size 1048x34
            text run at (548,34) width 500: " too. (with comment between elements and too)"
            text run at (1048,34) width 0: " "
            text run at (0,51) width 230: "Letter   spacing test "
          RenderInline {EM} at (0,0) size 30x17
            RenderText {#text} at (230,51) size 30x17
              text run at (230,51) width 30: "for"
          RenderText {#text} at (260,51) size 9x17
            text run at (260,51) width 9: " "
          RenderInline {STRONG} at (0,0) size 96x17
            RenderText {#text} at (269,51) size 96x17
              text run at (269,51) width 96: "elements"
          RenderText {#text} at (365,51) size 9x17
            text run at (365,51) width 9: " "
          RenderInline {TT} at (0,0) size 63x17
            RenderText {#text} at (374,51) size 63x17
              text run at (374,51) width 63: "within"
          RenderText {#text} at (437,51) size 102x17
            text run at (437,51) width 102: " elements"
          RenderText {#text} at (539,51) size 1281x34
            text run at (539,51) width 742: " too. (with comment (no preceeding space) between elements and too)"
            text run at (1281,51) width 0: " "
            text run at (0,68) width 230: "Letter   spacing test "
          RenderInline {EM} at (0,0) size 30x17
            RenderText {#text} at (230,68) size 30x17
              text run at (230,68) width 30: "for"
          RenderText {#text} at (260,68) size 9x17
            text run at (260,68) width 9: " "
          RenderInline {STRONG} at (0,0) size 96x17
            RenderText {#text} at (269,68) size 96x17
              text run at (269,68) width 96: "elements"
          RenderText {#text} at (365,68) size 9x17
            text run at (365,68) width 9: " "
          RenderInline {TT} at (0,0) size 63x17
            RenderText {#text} at (374,68) size 63x17
              text run at (374,68) width 63: "within"
          RenderText {#text} at (437,68) size 111x17
            text run at (437,68) width 111: " elements "
          RenderText {#text} at (548,68) size 698x17
            text run at (548,68) width 698: "too. (with comment (no trailing space) between elements and too)"
            text run at (1246,68) width 0: " "
          RenderInline {SPAN} at (0,0) size 365x17
            RenderText {#text} at (0,85) size 230x17
              text run at (0,85) width 230: "Letter   spacing test "
            RenderInline {EM} at (0,0) size 30x17
              RenderText {#text} at (230,85) size 30x17
                text run at (230,85) width 30: "for"
            RenderText {#text} at (260,85) size 9x17
              text run at (260,85) width 9: " "
            RenderInline {STRONG} at (0,0) size 96x17
              RenderText {#text} at (269,85) size 96x17
                text run at (269,85) width 96: "elements"
          RenderText {#text} at (365,85) size 9x17
            text run at (365,85) width 9: " "
          RenderInline {TT} at (0,0) size 63x17
            RenderText {#text} at (374,85) size 63x17
              text run at (374,85) width 63: "within"
          RenderText {#text} at (437,85) size 1091x34
            text run at (437,85) width 654: " elements too. (with monospace font from Letter to elements)"
            text run at (1091,85) width 0: " "
            text run at (0,102) width 230: "Letter   spacing test "
          RenderInline {SPAN} at (0,0) size 207x17
            RenderInline {EM} at (0,0) size 30x17
              RenderText {#text} at (230,102) size 30x17
                text run at (230,102) width 30: "for"
            RenderText {#text} at (260,102) size 9x17
              text run at (260,102) width 9: " "
            RenderInline {STRONG} at (0,0) size 96x17
              RenderText {#text} at (269,102) size 96x17
                text run at (269,102) width 96: "elements"
            RenderText {#text} at (365,102) size 9x17
              text run at (365,102) width 9: " "
            RenderInline {TT} at (0,0) size 63x17
              RenderText {#text} at (374,102) size 63x17
                text run at (374,102) width 63: "within"
          RenderText {#text} at (437,102) size 1028x34
            text run at (437,102) width 591: " elements too. (with monospace font from for to within)"
            text run at (1028,102) width 0: " "
            text run at (0,119) width 230: "Letter   spacing test "
          RenderInline {EM} at (0,0) size 30x17
            RenderText {#text} at (230,119) size 30x17
              text run at (230,119) width 30: "for"
          RenderText {#text} at (260,119) size 9x17
            text run at (260,119) width 9: " "
          RenderInline {STRONG} at (0,0) size 96x17
            RenderText {#text} at (269,119) size 96x17
              text run at (269,119) width 96: "elements"
          RenderText {#text} at (365,119) size 9x17
            text run at (365,119) width 9: " "
          RenderInline {SPAN} at (0,0) size 207x17
            RenderInline {TT} at (0,0) size 63x17
              RenderText {#text} at (374,119) size 63x17
                text run at (374,119) width 63: "within"
            RenderText {#text} at (437,119) size 144x17
              text run at (437,119) width 144: " elements too"
          RenderText {#text} at (581,119) size 480x17
            text run at (581,119) width 480: ". (with monospace font from elements to too)"
            text run at (1061,119) width 0: " "
      RenderBlock (anonymous) at (0,895) size 768x212
        RenderBR {BR} at (1281,0) size 0x21
      RenderBlock {PRE} at (0,1122) size 768x171
        RenderBlock {H3} at (0,0) size 768x20
          RenderText {#text} at (0,0) size 236x20
            text run at (0,0) width 236: "In an un-floated pre"
        RenderBlock (anonymous) at (0,35) size 768x136
          RenderText {#text} at (0,0) size 230x34
            text run at (0,0) width 0: " "
            text run at (0,17) width 230: "Letter   spacing test "
          RenderInline {EM} at (0,0) size 30x17
            RenderText {#text} at (230,17) size 30x17
              text run at (230,17) width 30: "for"
          RenderText {#text} at (260,17) size 9x17
            text run at (260,17) width 9: " "
          RenderInline {STRONG} at (0,0) size 96x17
            RenderText {#text} at (269,17) size 96x17
              text run at (269,17) width 96: "elements"
          RenderText {#text} at (365,17) size 9x17
            text run at (365,17) width 9: " "
          RenderInline {TT} at (0,0) size 63x17
            RenderText {#text} at (374,17) size 63x17
              text run at (374,17) width 63: "within"
          RenderText {#text} at (437,17) size 590x34
            text run at (437,17) width 153: " elements too."
            text run at (590,17) width 0: " "
            text run at (0,34) width 230: "Letter   spacing test "
          RenderInline {EM} at (0,0) size 30x17
            RenderText {#text} at (230,34) size 30x17
              text run at (230,34) width 30: "for"
          RenderText {#text} at (260,34) size 9x17
            text run at (260,34) width 9: " "
          RenderInline {STRONG} at (0,0) size 96x17
            RenderText {#text} at (269,34) size 96x17
              text run at (269,34) width 96: "elements"
          RenderText {#text} at (365,34) size 9x17
            text run at (365,34) width 9: " "
          RenderInline {TT} at (0,0) size 63x17
            RenderText {#text} at (374,34) size 63x17
              text run at (374,34) width 63: "within"
          RenderText {#text} at (437,34) size 111x17
            text run at (437,34) width 111: " elements "
          RenderText {#text} at (548,34) size 1048x34
            text run at (548,34) width 500: " too. (with comment between elements and too)"
            text run at (1048,34) width 0: " "
            text run at (0,51) width 230: "Letter   spacing test "
          RenderInline {EM} at (0,0) size 30x17
            RenderText {#text} at (230,51) size 30x17
              text run at (230,51) width 30: "for"
          RenderText {#text} at (260,51) size 9x17
            text run at (260,51) width 9: " "
          RenderInline {STRONG} at (0,0) size 96x17
            RenderText {#text} at (269,51) size 96x17
              text run at (269,51) width 96: "elements"
          RenderText {#text} at (365,51) size 9x17
            text run at (365,51) width 9: " "
          RenderInline {TT} at (0,0) size 63x17
            RenderText {#text} at (374,51) size 63x17
              text run at (374,51) width 63: "within"
          RenderText {#text} at (437,51) size 102x17
            text run at (437,51) width 102: " elements"
          RenderText {#text} at (539,51) size 1281x34
            text run at (539,51) width 742: " too. (with comment (no preceeding space) between elements and too)"
            text run at (1281,51) width 0: " "
            text run at (0,68) width 230: "Letter   spacing test "
          RenderInline {EM} at (0,0) size 30x17
            RenderText {#text} at (230,68) size 30x17
              text run at (230,68) width 30: "for"
          RenderText {#text} at (260,68) size 9x17
            text run at (260,68) width 9: " "
          RenderInline {STRONG} at (0,0) size 96x17
            RenderText {#text} at (269,68) size 96x17
              text run at (269,68) width 96: "elements"
          RenderText {#text} at (365,68) size 9x17
            text run at (365,68) width 9: " "
          RenderInline {TT} at (0,0) size 63x17
            RenderText {#text} at (374,68) size 63x17
              text run at (374,68) width 63: "within"
          RenderText {#text} at (437,68) size 111x17
            text run at (437,68) width 111: " elements "
          RenderText {#text} at (548,68) size 698x17
            text run at (548,68) width 698: "too. (with comment (no trailing space) between elements and too)"
            text run at (1246,68) width 0: " "
          RenderInline {SPAN} at (0,0) size 365x17
            RenderText {#text} at (0,85) size 230x17
              text run at (0,85) width 230: "Letter   spacing test "
            RenderInline {EM} at (0,0) size 30x17
              RenderText {#text} at (230,85) size 30x17
                text run at (230,85) width 30: "for"
            RenderText {#text} at (260,85) size 9x17
              text run at (260,85) width 9: " "
            RenderInline {STRONG} at (0,0) size 96x17
              RenderText {#text} at (269,85) size 96x17
                text run at (269,85) width 96: "elements"
          RenderText {#text} at (365,85) size 9x17
            text run at (365,85) width 9: " "
          RenderInline {TT} at (0,0) size 63x17
            RenderText {#text} at (374,85) size 63x17
              text run at (374,85) width 63: "within"
          RenderText {#text} at (437,85) size 1091x34
            text run at (437,85) width 654: " elements too. (with monospace font from Letter to elements)"
            text run at (1091,85) width 0: " "
            text run at (0,102) width 230: "Letter   spacing test "
          RenderInline {SPAN} at (0,0) size 207x17
            RenderInline {EM} at (0,0) size 30x17
              RenderText {#text} at (230,102) size 30x17
                text run at (230,102) width 30: "for"
            RenderText {#text} at (260,102) size 9x17
              text run at (260,102) width 9: " "
            RenderInline {STRONG} at (0,0) size 96x17
              RenderText {#text} at (269,102) size 96x17
                text run at (269,102) width 96: "elements"
            RenderText {#text} at (365,102) size 9x17
              text run at (365,102) width 9: " "
            RenderInline {TT} at (0,0) size 63x17
              RenderText {#text} at (374,102) size 63x17
                text run at (374,102) width 63: "within"
          RenderText {#text} at (437,102) size 1028x34
            text run at (437,102) width 591: " elements too. (with monospace font from for to within)"
            text run at (1028,102) width 0: " "
            text run at (0,119) width 230: "Letter   spacing test "
          RenderInline {EM} at (0,0) size 30x17
            RenderText {#text} at (230,119) size 30x17
              text run at (230,119) width 30: "for"
          RenderText {#text} at (260,119) size 9x17
            text run at (260,119) width 9: " "
          RenderInline {STRONG} at (0,0) size 96x17
            RenderText {#text} at (269,119) size 96x17
              text run at (269,119) width 96: "elements"
          RenderText {#text} at (365,119) size 9x17
            text run at (365,119) width 9: " "
          RenderInline {SPAN} at (0,0) size 207x17
            RenderInline {TT} at (0,0) size 63x17
              RenderText {#text} at (374,119) size 63x17
                text run at (374,119) width 63: "within"
            RenderText {#text} at (437,119) size 144x17
              text run at (437,119) width 144: " elements too"
          RenderText {#text} at (581,119) size 480x17
            text run at (581,119) width 480: ". (with monospace font from elements to too)"
            text run at (1061,119) width 0: " "
      RenderBlock (anonymous) at (0,1306) size 768x21
        RenderBR {BR} at (0,0) size 0x21
        RenderInline {SPAN} at (0,0) size 0x0
          RenderText {#text} at (0,0) size 0x0
      RenderBlock (anonymous) at (0,1345) size 768x25
        RenderBlock {H3} at (0,0) size 768x25
          RenderText {#text} at (0,0) size 129x25
            text run at (0,0) width 129: "In a span"
      RenderBlock (anonymous) at (0,1388) size 768x315
        RenderInline {SPAN} at (0,0) size 699x273
          RenderText {#text} at (0,0) size 233x21
            text run at (0,0) width 79: "Letter "
            text run at (79,0) width 154: "spacing test "
          RenderInline {EM} at (0,0) size 33x21
            RenderText {#text} at (233,0) size 33x21
              text run at (233,0) width 33: "for"
          RenderText {#text} at (266,0) size 9x21
            text run at (266,0) width 9: " "
          RenderInline {STRONG} at (0,0) size 109x21
            RenderText {#text} at (275,0) size 109x21
              text run at (275,0) width 109: "elements"
          RenderText {#text} at (384,0) size 9x21
            text run at (384,0) width 9: " "
          RenderInline {TT} at (0,0) size 63x17
            RenderText {#text} at (393,3) size 63x17
              text run at (393,3) width 63: "within"
          RenderText {#text} at (456,0) size 169x21
            text run at (456,0) width 169: " elements too."
          RenderBR {BR} at (625,16) size 0x0
          RenderText {#text} at (0,21) size 233x21
            text run at (0,21) width 79: "Letter "
            text run at (79,21) width 154: "spacing test "
          RenderInline {EM} at (0,0) size 33x21
            RenderText {#text} at (233,21) size 33x21
              text run at (233,21) width 33: "for"
          RenderText {#text} at (266,21) size 9x21
            text run at (266,21) width 9: " "
          RenderInline {STRONG} at (0,0) size 109x21
            RenderText {#text} at (275,21) size 109x21
              text run at (275,21) width 109: "elements"
          RenderText {#text} at (384,21) size 9x21
            text run at (384,21) width 9: " "
          RenderInline {TT} at (0,0) size 63x17
            RenderText {#text} at (393,24) size 63x17
              text run at (393,24) width 63: "within"
          RenderText {#text} at (456,21) size 123x21
            text run at (456,21) width 123: " elements "
          RenderText {#text} at (579,21) size 693x42
            text run at (579,21) width 114: "too. (with"
            text run at (0,42) width 426: "comment between elements and too)"
          RenderBR {BR} at (426,58) size 0x0
          RenderText {#text} at (0,63) size 233x21
            text run at (0,63) width 79: "Letter "
            text run at (79,63) width 154: "spacing test "
          RenderInline {EM} at (0,0) size 33x21
            RenderText {#text} at (233,63) size 33x21
              text run at (233,63) width 33: "for"
          RenderText {#text} at (266,63) size 9x21
            text run at (266,63) width 9: " "
          RenderInline {STRONG} at (0,0) size 109x21
            RenderText {#text} at (275,63) size 109x21
              text run at (275,63) width 109: "elements"
          RenderText {#text} at (384,63) size 9x21
            text run at (384,63) width 9: " "
          RenderInline {TT} at (0,0) size 63x17
            RenderText {#text} at (393,66) size 63x17
              text run at (393,66) width 63: "within"
          RenderText {#text} at (456,63) size 114x21
            text run at (456,63) width 114: " elements"
          RenderText {#text} at (570,63) size 699x42
            text run at (570,63) width 123: " too. (with"
            text run at (0,84) width 699: "comment (no preceeding space) between elements and too)"
          RenderBR {BR} at (699,100) size 0x0
          RenderText {#text} at (0,105) size 233x21
            text run at (0,105) width 79: "Letter "
            text run at (79,105) width 154: "spacing test "
          RenderInline {EM} at (0,0) size 33x21
            RenderText {#text} at (233,105) size 33x21
              text run at (233,105) width 33: "for"
          RenderText {#text} at (266,105) size 9x21
            text run at (266,105) width 9: " "
          RenderInline {STRONG} at (0,0) size 109x21
            RenderText {#text} at (275,105) size 109x21
              text run at (275,105) width 109: "elements"
          RenderText {#text} at (384,105) size 9x21
            text run at (384,105) width 9: " "
          RenderInline {TT} at (0,0) size 63x17
            RenderText {#text} at (393,108) size 63x17
              text run at (393,108) width 63: "within"
          RenderText {#text} at (456,105) size 123x21
            text run at (456,105) width 123: " elements "
          RenderText {#text} at (579,105) size 693x42
            text run at (579,105) width 114: "too. (with"
            text run at (0,126) width 657: "comment (no trailing space) between elements and too)"
          RenderBR {BR} at (657,142) size 0x0
          RenderInline {SPAN} at (0,0) size 347x17
            RenderText {#text} at (0,150) size 212x17
              text run at (0,150) width 72: "Letter "
              text run at (72,150) width 140: "spacing test "
            RenderInline {EM} at (0,0) size 30x17
              RenderText {#text} at (212,150) size 30x17
                text run at (212,150) width 30: "for"
            RenderText {#text} at (242,150) size 9x17
              text run at (242,150) width 9: " "
            RenderInline {STRONG} at (0,0) size 96x17
              RenderText {#text} at (251,150) size 96x17
                text run at (251,150) width 96: "elements"
          RenderText {#text} at (347,147) size 9x21
            text run at (347,147) width 9: " "
          RenderInline {TT} at (0,0) size 63x17
            RenderText {#text} at (356,150) size 63x17
              text run at (356,150) width 63: "within"
          RenderText {#text} at (419,147) size 656x42
            text run at (419,147) width 237: " elements too. (with"
            text run at (0,168) width 478: "monospace font from Letter to elements)"
          RenderBR {BR} at (478,184) size 0x0
          RenderText {#text} at (0,189) size 233x21
            text run at (0,189) width 79: "Letter "
            text run at (79,189) width 154: "spacing test "
          RenderInline {SPAN} at (0,0) size 207x17
            RenderInline {EM} at (0,0) size 30x17
              RenderText {#text} at (233,192) size 30x17
                text run at (233,192) width 30: "for"
            RenderText {#text} at (263,192) size 9x17
              text run at (263,192) width 9: " "
            RenderInline {STRONG} at (0,0) size 96x17
              RenderText {#text} at (272,192) size 96x17
                text run at (272,192) width 96: "elements"
            RenderText {#text} at (368,192) size 9x17
              text run at (368,192) width 9: " "
            RenderInline {TT} at (0,0) size 63x17
              RenderText {#text} at (377,192) size 63x17
                text run at (377,192) width 63: "within"
          RenderText {#text} at (440,189) size 677x42
            text run at (440,189) width 237: " elements too. (with"
            text run at (0,210) width 408: "monospace font from for to within)"
          RenderBR {BR} at (408,226) size 0x0
          RenderText {#text} at (0,231) size 233x21
            text run at (0,231) width 79: "Letter "
            text run at (79,231) width 154: "spacing test "
          RenderInline {EM} at (0,0) size 33x21
            RenderText {#text} at (233,231) size 33x21
              text run at (233,231) width 33: "for"
          RenderText {#text} at (266,231) size 9x21
            text run at (266,231) width 9: " "
          RenderInline {STRONG} at (0,0) size 109x21
            RenderText {#text} at (275,231) size 109x21
              text run at (275,231) width 109: "elements"
          RenderText {#text} at (384,231) size 9x21
            text run at (384,231) width 9: " "
          RenderInline {SPAN} at (0,0) size 207x17
            RenderInline {TT} at (0,0) size 63x17
              RenderText {#text} at (393,234) size 63x17
                text run at (393,234) width 63: "within"
            RenderText {#text} at (456,234) size 144x17
              text run at (456,234) width 144: " elements too"
          RenderText {#text} at (600,231) size 677x42
            text run at (600,231) width 77: ". (with"
            text run at (0,252) width 454: "monospace font from elements to too) "
        RenderText {#text} at (0,0) size 0x0
        RenderBR {BR} at (0,0) size 0x0
        RenderBR {BR} at (0,273) size 0x21
        RenderBR {BR} at (0,294) size 0x21
      RenderBlock {H2} at (0,1722) size 768x32
        RenderText {#text} at (0,0) size 152x32
          text run at (0,0) width 152: "both-spacing"
      RenderBlock (floating) {PRE} at (0,1786) size 1721x186
        RenderBlock {H3} at (0,15) size 1721x20
          RenderText {#text} at (0,0) size 244x20
            text run at (0,0) width 244: "In a floated pre"
        RenderBlock (anonymous) at (0,50) size 1721x136
          RenderText {#text} at (0,0) size 430x34
            text run at (0,0) width 0: " "
            text run at (0,17) width 430: "Word and letter   spacing test "
          RenderInline {EM} at (0,0) size 30x17
            RenderText {#text} at (430,17) size 30x17
              text run at (430,17) width 30: "for"
          RenderText {#text} at (480,17) size 9x17
            text run at (480,17) width 9: " "
          RenderInline {STRONG} at (0,0) size 96x17
            RenderText {#text} at (489,17) size 96x17
              text run at (489,17) width 96: "elements"
          RenderText {#text} at (605,17) size 9x17
            text run at (605,17) width 9: " "
          RenderInline {TT} at (0,0) size 63x17
            RenderText {#text} at (614,17) size 63x17
              text run at (614,17) width 63: "within"
          RenderText {#text} at (697,17) size 890x34
            text run at (697,17) width 173: " elements too."
            text run at (890,17) width 0: " "
            text run at (0,34) width 430: "Word and letter   spacing test "
          RenderInline {EM} at (0,0) size 30x17
            RenderText {#text} at (430,34) size 30x17
              text run at (430,34) width 30: "for"
          RenderText {#text} at (480,34) size 9x17
            text run at (480,34) width 9: " "
          RenderInline {STRONG} at (0,0) size 96x17
            RenderText {#text} at (489,34) size 96x17
              text run at (489,34) width 96: "elements"
          RenderText {#text} at (605,34) size 9x17
            text run at (605,34) width 9: " "
          RenderInline {TT} at (0,0) size 63x17
            RenderText {#text} at (614,34) size 63x17
              text run at (614,34) width 63: "within"
          RenderText {#text} at (697,34) size 131x17
            text run at (697,34) width 131: " elements "
          RenderText {#text} at (828,34) size 1468x34
            text run at (828,34) width 620: " too. (with comment between elements and too)"
            text run at (1468,34) width 0: " "
            text run at (0,51) width 430: "Word and letter   spacing test "
          RenderInline {EM} at (0,0) size 30x17
            RenderText {#text} at (430,51) size 30x17
              text run at (430,51) width 30: "for"
          RenderText {#text} at (480,51) size 9x17
            text run at (480,51) width 9: " "
          RenderInline {STRONG} at (0,0) size 96x17
            RenderText {#text} at (489,51) size 96x17
              text run at (489,51) width 96: "elements"
          RenderText {#text} at (605,51) size 9x17
            text run at (605,51) width 9: " "
          RenderInline {TT} at (0,0) size 63x17
            RenderText {#text} at (614,51) size 63x17
              text run at (614,51) width 63: "within"
          RenderText {#text} at (697,51) size 102x17
            text run at (697,51) width 102: " elements"
          RenderText {#text} at (819,51) size 1761x34
            text run at (819,51) width 922: " too. (with comment (no preceeding space) between elements and too)"
            text run at (1761,51) width 0: " "
            text run at (0,68) width 430: "Word and letter   spacing test "
          RenderInline {EM} at (0,0) size 30x17
            RenderText {#text} at (430,68) size 30x17
              text run at (430,68) width 30: "for"
          RenderText {#text} at (480,68) size 9x17
            text run at (480,68) width 9: " "
          RenderInline {STRONG} at (0,0) size 96x17
            RenderText {#text} at (489,68) size 96x17
              text run at (489,68) width 96: "elements"
          RenderText {#text} at (605,68) size 9x17
            text run at (605,68) width 9: " "
          RenderInline {TT} at (0,0) size 63x17
            RenderText {#text} at (614,68) size 63x17
              text run at (614,68) width 63: "within"
          RenderText {#text} at (697,68) size 131x17
            text run at (697,68) width 131: " elements "
          RenderText {#text} at (828,68) size 898x17
            text run at (828,68) width 878: "too. (with comment (no trailing space) between elements and too)"
            text run at (1726,68) width 0: " "
          RenderInline {SPAN} at (0,0) size 585x17
            RenderText {#text} at (0,85) size 430x17
              text run at (0,85) width 430: "Word and letter   spacing test "
            RenderInline {EM} at (0,0) size 30x17
              RenderText {#text} at (430,85) size 30x17
                text run at (430,85) width 30: "for"
            RenderText {#text} at (480,85) size 9x17
              text run at (480,85) width 9: " "
            RenderInline {STRONG} at (0,0) size 96x17
              RenderText {#text} at (489,85) size 96x17
                text run at (489,85) width 96: "elements"
          RenderText {#text} at (605,85) size 9x17
            text run at (605,85) width 9: " "
          RenderInline {TT} at (0,0) size 63x17
            RenderText {#text} at (614,85) size 63x17
              text run at (614,85) width 63: "within"
          RenderText {#text} at (697,85) size 1518x34
            text run at (697,85) width 801: " elements too. (with monospace font from Word to elements)"
            text run at (1518,85) width 0: " "
            text run at (0,102) width 430: "Word and letter   spacing test "
          RenderInline {SPAN} at (0,0) size 247x17
            RenderInline {EM} at (0,0) size 30x17
              RenderText {#text} at (430,102) size 30x17
                text run at (430,102) width 30: "for"
            RenderText {#text} at (480,102) size 9x17
              text run at (480,102) width 9: " "
            RenderInline {STRONG} at (0,0) size 96x17
              RenderText {#text} at (489,102) size 96x17
                text run at (489,102) width 96: "elements"
            RenderText {#text} at (605,102) size 9x17
              text run at (605,102) width 9: " "
            RenderInline {TT} at (0,0) size 63x17
              RenderText {#text} at (614,102) size 63x17
                text run at (614,102) width 63: "within"
          RenderText {#text} at (697,102) size 1468x34
            text run at (697,102) width 751: " elements too. (with monospace font from for to within)"
            text run at (1468,102) width 0: " "
            text run at (0,119) width 430: "Word and letter   spacing test "
          RenderInline {EM} at (0,0) size 30x17
            RenderText {#text} at (430,119) size 30x17
              text run at (430,119) width 30: "for"
          RenderText {#text} at (480,119) size 9x17
            text run at (480,119) width 9: " "
          RenderInline {STRONG} at (0,0) size 96x17
            RenderText {#text} at (489,119) size 96x17
              text run at (489,119) width 96: "elements"
          RenderText {#text} at (605,119) size 9x17
            text run at (605,119) width 9: " "
          RenderInline {SPAN} at (0,0) size 247x17
            RenderInline {TT} at (0,0) size 63x17
              RenderText {#text} at (614,119) size 63x17
                text run at (614,119) width 63: "within"
            RenderText {#text} at (697,119) size 164x17
              text run at (697,119) width 164: " elements too"
          RenderText {#text} at (861,119) size 640x17
            text run at (861,119) width 620: ". (with monospace font from elements to too)"
            text run at (1501,119) width 0: " "
      RenderBlock (anonymous) at (0,1773) size 768x212
        RenderBR {BR} at (1721,0) size 0x21
      RenderBlock {PRE} at (0,2000) size 768x171
        RenderBlock {H3} at (0,0) size 768x20
          RenderText {#text} at (0,0) size 296x20
            text run at (0,0) width 296: "In an un-floated pre"
        RenderBlock (anonymous) at (0,35) size 768x136
          RenderText {#text} at (0,0) size 430x34
            text run at (0,0) width 0: " "
            text run at (0,17) width 430: "Word and letter   spacing test "
          RenderInline {EM} at (0,0) size 30x17
            RenderText {#text} at (430,17) size 30x17
              text run at (430,17) width 30: "for"
          RenderText {#text} at (480,17) size 9x17
            text run at (480,17) width 9: " "
          RenderInline {STRONG} at (0,0) size 96x17
            RenderText {#text} at (489,17) size 96x17
              text run at (489,17) width 96: "elements"
          RenderText {#text} at (605,17) size 9x17
            text run at (605,17) width 9: " "
          RenderInline {TT} at (0,0) size 63x17
            RenderText {#text} at (614,17) size 63x17
              text run at (614,17) width 63: "within"
          RenderText {#text} at (697,17) size 890x34
            text run at (697,17) width 173: " elements too."
            text run at (890,17) width 0: " "
            text run at (0,34) width 430: "Word and letter   spacing test "
          RenderInline {EM} at (0,0) size 30x17
            RenderText {#text} at (430,34) size 30x17
              text run at (430,34) width 30: "for"
          RenderText {#text} at (480,34) size 9x17
            text run at (480,34) width 9: " "
          RenderInline {STRONG} at (0,0) size 96x17
            RenderText {#text} at (489,34) size 96x17
              text run at (489,34) width 96: "elements"
          RenderText {#text} at (605,34) size 9x17
            text run at (605,34) width 9: " "
          RenderInline {TT} at (0,0) size 63x17
            RenderText {#text} at (614,34) size 63x17
              text run at (614,34) width 63: "within"
          RenderText {#text} at (697,34) size 131x17
            text run at (697,34) width 131: " elements "
          RenderText {#text} at (828,34) size 1468x34
            text run at (828,34) width 620: " too. (with comment between elements and too)"
            text run at (1468,34) width 0: " "
            text run at (0,51) width 430: "Word and letter   spacing test "
          RenderInline {EM} at (0,0) size 30x17
            RenderText {#text} at (430,51) size 30x17
              text run at (430,51) width 30: "for"
          RenderText {#text} at (480,51) size 9x17
            text run at (480,51) width 9: " "
          RenderInline {STRONG} at (0,0) size 96x17
            RenderText {#text} at (489,51) size 96x17
              text run at (489,51) width 96: "elements"
          RenderText {#text} at (605,51) size 9x17
            text run at (605,51) width 9: " "
          RenderInline {TT} at (0,0) size 63x17
            RenderText {#text} at (614,51) size 63x17
              text run at (614,51) width 63: "within"
          RenderText {#text} at (697,51) size 102x17
            text run at (697,51) width 102: " elements"
          RenderText {#text} at (819,51) size 1761x34
            text run at (819,51) width 922: " too. (with comment (no preceeding space) between elements and too)"
            text run at (1761,51) width 0: " "
            text run at (0,68) width 430: "Word and letter   spacing test "
          RenderInline {EM} at (0,0) size 30x17
            RenderText {#text} at (430,68) size 30x17
              text run at (430,68) width 30: "for"
          RenderText {#text} at (480,68) size 9x17
            text run at (480,68) width 9: " "
          RenderInline {STRONG} at (0,0) size 96x17
            RenderText {#text} at (489,68) size 96x17
              text run at (489,68) width 96: "elements"
          RenderText {#text} at (605,68) size 9x17
            text run at (605,68) width 9: " "
          RenderInline {TT} at (0,0) size 63x17
            RenderText {#text} at (614,68) size 63x17
              text run at (614,68) width 63: "within"
          RenderText {#text} at (697,68) size 131x17
            text run at (697,68) width 131: " elements "
          RenderText {#text} at (828,68) size 898x17
            text run at (828,68) width 878: "too. (with comment (no trailing space) between elements and too)"
            text run at (1726,68) width 0: " "
          RenderInline {SPAN} at (0,0) size 585x17
            RenderText {#text} at (0,85) size 430x17
              text run at (0,85) width 430: "Word and letter   spacing test "
            RenderInline {EM} at (0,0) size 30x17
              RenderText {#text} at (430,85) size 30x17
                text run at (430,85) width 30: "for"
            RenderText {#text} at (480,85) size 9x17
              text run at (480,85) width 9: " "
            RenderInline {STRONG} at (0,0) size 96x17
              RenderText {#text} at (489,85) size 96x17
                text run at (489,85) width 96: "elements"
          RenderText {#text} at (605,85) size 9x17
            text run at (605,85) width 9: " "
          RenderInline {TT} at (0,0) size 63x17
            RenderText {#text} at (614,85) size 63x17
              text run at (614,85) width 63: "within"
          RenderText {#text} at (697,85) size 1518x34
            text run at (697,85) width 801: " elements too. (with monospace font from Word to elements)"
            text run at (1518,85) width 0: " "
            text run at (0,102) width 430: "Word and letter   spacing test "
          RenderInline {SPAN} at (0,0) size 247x17
            RenderInline {EM} at (0,0) size 30x17
              RenderText {#text} at (430,102) size 30x17
                text run at (430,102) width 30: "for"
            RenderText {#text} at (480,102) size 9x17
              text run at (480,102) width 9: " "
            RenderInline {STRONG} at (0,0) size 96x17
              RenderText {#text} at (489,102) size 96x17
                text run at (489,102) width 96: "elements"
            RenderText {#text} at (605,102) size 9x17
              text run at (605,102) width 9: " "
            RenderInline {TT} at (0,0) size 63x17
              RenderText {#text} at (614,102) size 63x17
                text run at (614,102) width 63: "within"
          RenderText {#text} at (697,102) size 1468x34
            text run at (697,102) width 751: " elements too. (with monospace font from for to within)"
            text run at (1468,102) width 0: " "
            text run at (0,119) width 430: "Word and letter   spacing test "
          RenderInline {EM} at (0,0) size 30x17
            RenderText {#text} at (430,119) size 30x17
              text run at (430,119) width 30: "for"
          RenderText {#text} at (480,119) size 9x17
            text run at (480,119) width 9: " "
          RenderInline {STRONG} at (0,0) size 96x17
            RenderText {#text} at (489,119) size 96x17
              text run at (489,119) width 96: "elements"
          RenderText {#text} at (605,119) size 9x17
            text run at (605,119) width 9: " "
          RenderInline {SPAN} at (0,0) size 247x17
            RenderInline {TT} at (0,0) size 63x17
              RenderText {#text} at (614,119) size 63x17
                text run at (614,119) width 63: "within"
            RenderText {#text} at (697,119) size 164x17
              text run at (697,119) width 164: " elements too"
          RenderText {#text} at (861,119) size 640x17
            text run at (861,119) width 620: ". (with monospace font from elements to too)"
            text run at (1501,119) width 0: " "
      RenderBlock (anonymous) at (0,2184) size 768x21
        RenderBR {BR} at (0,0) size 0x21
        RenderInline {SPAN} at (0,0) size 0x0
          RenderText {#text} at (0,0) size 0x0
      RenderBlock (anonymous) at (0,2223) size 768x25
        RenderBlock {H3} at (0,0) size 768x25
          RenderText {#text} at (0,0) size 169x25
            text run at (0,0) width 169: "In a span"
      RenderBlock (anonymous) at (0,2266) size 768x420
        RenderInline {SPAN} at (0,0) size 750x420
          RenderText {#text} at (0,0) size 446x21
            text run at (0,0) width 252: "Word and letter "
            text run at (252,0) width 194: "spacing test "
          RenderInline {EM} at (0,0) size 33x21
            RenderText {#text} at (446,0) size 33x21
              text run at (446,0) width 33: "for"
          RenderText {#text} at (499,0) size 9x21
            text run at (499,0) width 9: " "
          RenderInline {STRONG} at (0,0) size 109x21
            RenderText {#text} at (508,0) size 109x21
              text run at (508,0) width 109: "elements"
          RenderText {#text} at (637,0) size 9x21
            text run at (637,0) width 9: " "
          RenderInline {TT} at (0,0) size 63x17
            RenderText {#text} at (646,3) size 63x17
              text run at (646,3) width 63: "within"
          RenderText {#text} at (0,21) size 180x21
            text run at (0,21) width 180: "elements too."
          RenderBR {BR} at (200,37) size 0x0
          RenderText {#text} at (0,42) size 446x21
            text run at (0,42) width 252: "Word and letter "
            text run at (252,42) width 194: "spacing test "
          RenderInline {EM} at (0,0) size 33x21
            RenderText {#text} at (446,42) size 33x21
              text run at (446,42) width 33: "for"
          RenderText {#text} at (499,42) size 9x21
            text run at (499,42) width 9: " "
          RenderInline {STRONG} at (0,0) size 109x21
            RenderText {#text} at (508,42) size 109x21
              text run at (508,42) width 109: "elements"
          RenderText {#text} at (637,42) size 9x21
            text run at (637,42) width 9: " "
          RenderInline {TT} at (0,0) size 63x17
            RenderText {#text} at (646,45) size 63x17
              text run at (646,45) width 63: "within"
          RenderText {#text} at (0,63) size 134x21
            text run at (0,63) width 134: "elements "
          RenderText {#text} at (134,63) size 727x42
            text run at (134,63) width 593: "too. (with comment between elements and"
            text run at (0,84) width 47: "too)"
          RenderBR {BR} at (67,100) size 0x0
          RenderText {#text} at (0,105) size 446x21
            text run at (0,105) width 252: "Word and letter "
            text run at (252,105) width 194: "spacing test "
          RenderInline {EM} at (0,0) size 33x21
            RenderText {#text} at (446,105) size 33x21
              text run at (446,105) width 33: "for"
          RenderText {#text} at (499,105) size 9x21
            text run at (499,105) width 9: " "
          RenderInline {STRONG} at (0,0) size 109x21
            RenderText {#text} at (508,105) size 109x21
              text run at (508,105) width 109: "elements"
          RenderText {#text} at (637,105) size 9x21
            text run at (637,105) width 9: " "
          RenderInline {TT} at (0,0) size 63x17
            RenderText {#text} at (646,108) size 63x17
              text run at (646,108) width 63: "within"
          RenderText {#text} at (0,126) size 105x21
            text run at (0,126) width 105: "elements"
          RenderText {#text} at (125,126) size 730x42
            text run at (125,126) width 605: " too. (with comment (no preceeding space)"
            text run at (0,147) width 377: "between elements and too)"
          RenderBR {BR} at (397,163) size 0x0
          RenderText {#text} at (0,168) size 446x21
            text run at (0,168) width 252: "Word and letter "
            text run at (252,168) width 194: "spacing test "
          RenderInline {EM} at (0,0) size 33x21
            RenderText {#text} at (446,168) size 33x21
              text run at (446,168) width 33: "for"
          RenderText {#text} at (499,168) size 9x21
            text run at (499,168) width 9: " "
          RenderInline {STRONG} at (0,0) size 109x21
            RenderText {#text} at (508,168) size 109x21
              text run at (508,168) width 109: "elements"
          RenderText {#text} at (637,168) size 9x21
            text run at (637,168) width 9: " "
          RenderInline {TT} at (0,0) size 63x17
            RenderText {#text} at (646,171) size 63x17
              text run at (646,171) width 63: "within"
          RenderText {#text} at (0,189) size 134x21
            text run at (0,189) width 134: "elements "
          RenderText {#text} at (134,189) size 688x42
            text run at (134,189) width 554: "too. (with comment (no trailing space)"
            text run at (0,210) width 377: "between elements and too)"
          RenderBR {BR} at (397,226) size 0x0
          RenderInline {SPAN} at (0,0) size 567x17
            RenderText {#text} at (0,234) size 412x17
              text run at (0,234) width 232: "Word and letter "
              text run at (232,234) width 180: "spacing test "
            RenderInline {EM} at (0,0) size 30x17
              RenderText {#text} at (412,234) size 30x17
                text run at (412,234) width 30: "for"
            RenderText {#text} at (462,234) size 9x17
              text run at (462,234) width 9: " "
            RenderInline {STRONG} at (0,0) size 96x17
              RenderText {#text} at (471,234) size 96x17
                text run at (471,234) width 96: "elements"
          RenderText {#text} at (587,231) size 9x21
            text run at (587,231) width 9: " "
          RenderInline {TT} at (0,0) size 63x17
            RenderText {#text} at (596,234) size 63x17
              text run at (596,234) width 63: "within"
          RenderText {#text} at (0,252) size 719x42
            text run at (0,252) width 719: "elements too. (with monospace font from Word to"
            text run at (0,273) width 115: "elements)"
          RenderBR {BR} at (135,289) size 0x0
          RenderText {#text} at (0,294) size 446x21
            text run at (0,294) width 252: "Word and letter "
            text run at (252,294) width 194: "spacing test "
          RenderInline {SPAN} at (0,0) size 247x17
            RenderInline {EM} at (0,0) size 30x17
              RenderText {#text} at (446,297) size 30x17
                text run at (446,297) width 30: "for"
            RenderText {#text} at (496,297) size 9x17
              text run at (496,297) width 9: " "
            RenderInline {STRONG} at (0,0) size 96x17
              RenderText {#text} at (505,297) size 96x17
                text run at (505,297) width 96: "elements"
            RenderText {#text} at (621,297) size 9x17
              text run at (621,297) width 9: " "
            RenderInline {TT} at (0,0) size 63x17
              RenderText {#text} at (630,297) size 63x17
                text run at (630,297) width 63: "within"
          RenderText {#text} at (0,315) size 694x42
            text run at (0,315) width 694: "elements too. (with monospace font from for to"
            text run at (0,336) width 82: "within)"
          RenderBR {BR} at (102,352) size 0x0
          RenderText {#text} at (0,357) size 446x21
            text run at (0,357) width 252: "Word and letter "
            text run at (252,357) width 194: "spacing test "
          RenderInline {EM} at (0,0) size 33x21
            RenderText {#text} at (446,357) size 33x21
              text run at (446,357) width 33: "for"
          RenderText {#text} at (499,357) size 9x21
            text run at (499,357) width 9: " "
          RenderInline {STRONG} at (0,0) size 109x21
            RenderText {#text} at (508,357) size 109x21
              text run at (508,357) width 109: "elements"
          RenderText {#text} at (637,357) size 9x21
            text run at (637,357) width 9: " "
          RenderInline {SPAN} at (0,0) size 709x38
            RenderInline {TT} at (0,0) size 63x17
              RenderText {#text} at (646,360) size 63x17
                text run at (646,360) width 63: "within"
            RenderText {#text} at (0,381) size 155x17
              text run at (0,381) width 155: "elements too"
          RenderText {#text} at (155,378) size 750x42
            text run at (155,378) width 595: ". (with monospace font from elements to"
            text run at (0,399) width 47: "too)"
        RenderText {#text} at (0,0) size 0x0
