layer at (0,0) size 800x600
  RenderView at (0,0) size 800x600
layer at (0,0) size 800x600
  RenderBlock {HTML} at (0,0) size 800x600
    RenderBody {BODY} at (8,8) size 784x584
      RenderBlock {DIV} at (0,0) size 784x19
        RenderText {#text} at (0,0) size 539x19
          text run at (0,0) width 539: "This test passes if the video controls are non-blurry and properly positioned in HiDPI."
      RenderBlock (anonymous) at (0,19) size 784x150
        RenderText {#text} at (0,0) size 0x0
layer at (8,27) size 300x150
  RenderVideo {VIDEO} at (0,0) size 300x150
layer at (8,27) size 300x150
  RenderBlock (relative positioned) {DIV} at (0,0) size 300x150
layer at (8,27) size 300x150 scrollHeight 160
  RenderDeprecatedFlexibleBox (positioned) {DIV} at (0,0) size 300x150
    RenderButton {INPUT} at (0,130) size 20x20
    RenderDeprecatedFlexibleBox {DIV} at (20,130) size 220x20 [border: (1px solid #FFFFFF33) none (1px solid #FFFFFF33)]
      RenderBlock (anonymous) at (1,0) size 65x30
        RenderDeprecatedFlexibleBox {DIV} at (0,0) size 65x30
          RenderBlock (anonymous) at (5,5) size 55x20
            RenderText {#text} at (0,0) size 55x12
              text run at (0,0) width 55: "00:00 / 00:00"
      RenderSlider {INPUT} at (66,0) size 153x20
        RenderDeprecatedFlexibleBox {DIV} at (2,0) size 149x20
          RenderBlock {DIV} at (0,4) size 137x12
          RenderBlock {DIV} at (137,4) size 12x12
    RenderButton {INPUT} at (240,130) size 20x20
    RenderButton {INPUT} at (260,130) size 20x20
    RenderButton {INPUT} at (280,130) size 20x20
layer at (96,161) size 12x12
  RenderBlock (relative positioned) {DIV} at (0,0) size 12x12
