layer at (0,0) size 800x600
  RenderView at (0,0) size 800x600
layer at (0,0) size 800x600
  RenderBlock {HTML} at (0,0) size 800x600
    RenderBody {BODY} at (8,8) size 784x584
      RenderTable {TABLE} at (0,0) size 784x324 [border: (5px outset #808080)]
        RenderTableSection {TBODY} at (5,5) size 774x314
          RenderTableRow {TR} at (0,2) size 774x310
            RenderTableCell {TD} at (2,155) size 735x4 [border: (1px inset #808080)] [r=0 c=0 rs=1 cs=1]
            RenderTableCell {TD} at (739,2) size 33x310 [border: (1px inset #808080)] [r=0 c=1 rs=1 cs=1]
              RenderInline {A} at (0,0) size 10x35 [color=#0000EE]
                RenderText {#text} at (2,2) size 10x35
                  text run at (2,2) width 10: "\x{5CA1}"
                  text run at (2,20) width 10: "\x{5C71}"
              RenderText {#text} at (11,20) size 11x17
                text run at (11,20) width 11: "\x{FF5C}"
              RenderInline {A} at (0,0) size 29x35 [color=#0000EE]
                RenderText {#text} at (21,20) size 29x35
                  text run at (21,20) width 10: "\x{5E83}"
                  text run at (2,38) width 10: "\x{5CF6}"
              RenderText {#text} at (11,38) size 11x17
                text run at (11,38) width 11: "\x{FF5C}"
              RenderInline {A} at (0,0) size 29x35 [color=#0000EE]
                RenderText {#text} at (21,38) size 29x35
                  text run at (21,38) width 10: "\x{5C71}"
                  text run at (2,56) width 10: "\x{53E3}"
              RenderText {#text} at (11,56) size 11x17
                text run at (11,56) width 11: "\x{FF5C}"
              RenderInline {A} at (0,0) size 29x35 [color=#0000EE]
                RenderText {#text} at (21,56) size 29x35
                  text run at (21,56) width 10: "\x{5FB3}"
                  text run at (2,74) width 10: "\x{5CF6}"
              RenderText {#text} at (11,74) size 11x17
                text run at (11,74) width 11: "\x{FF5C}"
              RenderInline {A} at (0,0) size 29x35 [color=#0000EE]
                RenderText {#text} at (21,74) size 29x35
                  text run at (21,74) width 10: "\x{9999}"
                  text run at (2,92) width 10: "\x{5DDD}"
              RenderText {#text} at (11,92) size 11x17
                text run at (11,92) width 11: "\x{FF5C}"
              RenderInline {A} at (0,0) size 29x35 [color=#0000EE]
                RenderText {#text} at (21,92) size 29x35
                  text run at (21,92) width 10: "\x{611B}"
                  text run at (2,110) width 10: "\x{5A9B}"
              RenderText {#text} at (11,110) size 11x17
                text run at (11,110) width 11: "\x{FF5C}"
              RenderInline {A} at (0,0) size 29x35 [color=#0000EE]
                RenderText {#text} at (21,110) size 29x35
                  text run at (21,110) width 10: "\x{9AD8}"
                  text run at (2,128) width 10: "\x{77E5}"
              RenderText {#text} at (11,128) size 11x17
                text run at (11,128) width 11: "\x{FF5C}"
              RenderInline {A} at (0,0) size 29x71 [color=#0000EE]
                RenderText {#text} at (21,128) size 29x71
                  text run at (21,128) width 10: "\x{798F}"
                  text run at (2,146) width 29: "\x{5CA1}\x{30FB}\x{5317}"
                  text run at (2,164) width 10: "\x{4E5D}"
                  text run at (2,182) width 10: "\x{5DDE}"
              RenderText {#text} at (11,182) size 11x17
                text run at (11,182) width 11: "\x{FF5C}"
              RenderInline {A} at (0,0) size 29x35 [color=#0000EE]
                RenderText {#text} at (21,182) size 29x35
                  text run at (21,182) width 10: "\x{4F50}"
                  text run at (2,200) width 10: "\x{8CC0}"
              RenderText {#text} at (11,200) size 11x17
                text run at (11,200) width 11: "\x{FF5C}"
              RenderInline {A} at (0,0) size 29x35 [color=#0000EE]
                RenderText {#text} at (21,200) size 29x35
                  text run at (21,200) width 10: "\x{9577}"
                  text run at (2,218) width 10: "\x{5D0E}"
              RenderText {#text} at (11,218) size 11x17
                text run at (11,218) width 11: "\x{FF5C}"
              RenderInline {A} at (0,0) size 29x35 [color=#0000EE]
                RenderText {#text} at (21,218) size 29x35
                  text run at (21,218) width 10: "\x{718A}"
                  text run at (2,236) width 10: "\x{672C}"
              RenderText {#text} at (11,236) size 11x17
                text run at (11,236) width 11: "\x{FF5C}"
              RenderInline {A} at (0,0) size 29x35 [color=#0000EE]
                RenderText {#text} at (21,236) size 29x35
                  text run at (21,236) width 10: "\x{5927}"
                  text run at (2,254) width 10: "\x{5206}"
              RenderText {#text} at (11,254) size 11x17
                text run at (11,254) width 11: "\x{FF5C}"
              RenderInline {A} at (0,0) size 29x35 [color=#0000EE]
                RenderText {#text} at (21,254) size 29x35
                  text run at (21,254) width 10: "\x{5BAE}"
                  text run at (2,272) width 10: "\x{5D0E}"
              RenderText {#text} at (11,272) size 11x17
                text run at (11,272) width 11: "\x{FF5C}"
              RenderInline {A} at (0,0) size 29x35 [color=#0000EE]
                RenderText {#text} at (21,272) size 29x35
                  text run at (21,272) width 10: "\x{9E7F}"
                  text run at (2,290) width 20: "\x{5150}\x{5CF6}"
              RenderText {#text} at (21,290) size 10x17
                text run at (21,290) width 10: "\x{FF5C}"
