layer at (0,0) size 800x600
  RenderView at (0,0) size 800x600
layer at (0,0) size 800x492
  RenderBlock {HTML} at (0,0) size 800x492
    RenderBody {BODY} at (8,16) size 784x468
      RenderBlock {P} at (0,0) size 784x18
        RenderText {#text} at (0,0) size 580x17
          text run at (0,0) width 580: "The T column should match the R column. The H columns uses <br/> to force line breaks."
      RenderTable {TABLE} at (0,34) size 167x434 [border: none]
        RenderTableSection {TBODY} at (0,0) size 166x433
          RenderTableRow {TR} at (0,0) size 166x23
            RenderTableCell {TD} at (0,9) size 43x4 [r=0 c=0 rs=1 cs=1]
            RenderTableCell {TD} at (43,0) size 45x23 [border: (1px solid #008000)] [r=0 c=1 rs=1 cs=1]
              RenderText {#text} at (3,3) size 12x17
                text run at (3,3) width 12: "H"
            RenderTableCell {TD} at (88,0) size 33x23 [border: (1px solid #008000)] [r=0 c=2 rs=1 cs=1]
              RenderText {#text} at (3,3) size 10x17
                text run at (3,3) width 10: "T"
            RenderTableCell {TD} at (121,0) size 45x23 [border: (1px solid #008000)] [r=0 c=3 rs=1 cs=1]
              RenderText {#text} at (3,3) size 12x17
                text run at (3,3) width 12: "R"
          RenderTableRow {TR} at (0,23) size 166x41
            RenderTableCell {TD} at (0,32) size 43x23 [border: (1px solid #008000)] [r=1 c=0 rs=1 cs=1]
              RenderText {#text} at (3,3) size 9x17
                text run at (3,3) width 9: "1"
            RenderTableCell {TD} at (43,23) size 45x41 [border: (1px solid #008000)] [r=1 c=1 rs=1 cs=1]
              RenderText {#text} at (3,3) size 15x17
                text run at (3,3) width 11 RTL: "\x{5D0}"
                text run at (13,3) width 5: "."
              RenderBR {BR} at (17,17) size 1x0
              RenderText {#text} at (3,21) size 9x17
                text run at (3,21) width 9: "b"
            RenderTableCell {TD} at (88,32) size 33x23 [border: (1px solid #008000)] [r=1 c=2 rs=1 cs=1]
              RenderText {#text} at (3,3) size 28x17
                text run at (3,3) width 11 RTL: "\x{5D0}"
                text run at (13,3) width 18: ". b"
            RenderTableCell {TD} at (121,23) size 45x41 [border: (1px solid #008000)] [r=1 c=3 rs=1 cs=1]
              RenderBlock {P} at (3,3) size 40x18
                RenderText {#text} at (0,0) size 15x17
                  text run at (0,0) width 15 LTR override: "\x{5D0}."
              RenderBlock {P} at (3,21) size 40x18
                RenderText {#text} at (0,0) size 9x17
                  text run at (0,0) width 9 LTR override: "b"
          RenderTableRow {TR} at (0,64) size 166x41
            RenderTableCell {TD} at (0,73) size 43x23 [border: (1px solid #008000)] [r=2 c=0 rs=1 cs=1]
              RenderText {#text} at (3,3) size 9x17
                text run at (3,3) width 9: "2"
            RenderTableCell {TD} at (43,64) size 45x41 [border: (1px solid #008000)] [r=2 c=1 rs=1 cs=1]
              RenderText {#text} at (3,3) size 15x17
                text run at (3,3) width 11 RTL: "\x{5D0}"
                text run at (13,3) width 5: "."
              RenderBR {BR} at (17,17) size 1x0
              RenderText {#text} at (3,21) size 10x17
                text run at (3,21) width 10 RTL: "\x{5D1}"
            RenderTableCell {TD} at (88,64) size 33x41 [border: (1px solid #008000)] [r=2 c=2 rs=1 cs=1]
              RenderText {#text} at (3,3) size 15x35
                text run at (3,3) width 15 RTL: "\x{5D0}."
                text run at (3,21) width 10 RTL: "\x{5D1}"
            RenderTableCell {TD} at (121,64) size 45x41 [border: (1px solid #008000)] [r=2 c=3 rs=1 cs=1]
              RenderBlock {P} at (3,3) size 40x18
                RenderText {#text} at (0,0) size 15x17
                  text run at (0,0) width 15 LTR override: ".\x{5D0}"
              RenderBlock {P} at (3,21) size 40x18
                RenderText {#text} at (0,0) size 10x17
                  text run at (0,0) width 10 LTR override: "\x{5D1}"
          RenderTableRow {TR} at (0,105) size 166x41
            RenderTableCell {TD} at (0,114) size 43x23 [border: (1px solid #008000)] [r=3 c=0 rs=1 cs=1]
              RenderText {#text} at (3,3) size 9x17
                text run at (3,3) width 9: "3"
            RenderTableCell {TD} at (43,105) size 45x41 [border: (1px solid #008000)] [r=3 c=1 rs=1 cs=1]
              RenderText {#text} at (3,3) size 21x17
                text run at (3,3) width 21 RTL: "\x{5D0}\x{5D0}"
              RenderBR {BR} at (3,17) size 0x0
              RenderText {#text} at (3,21) size 23x17
                text run at (3,21) width 9: "b"
                text run at (11,21) width 6 RTL: " "
                text run at (16,21) width 10: "1"
            RenderTableCell {TD} at (88,105) size 33x41 [border: (1px solid #008000)] [r=3 c=2 rs=1 cs=1]
              RenderText {#text} at (3,3) size 23x35
                text run at (3,3) width 21 RTL: "\x{5D0}\x{5D0}"
                text run at (3,21) width 9: "b"
                text run at (11,21) width 6 RTL: " "
                text run at (16,21) width 10: "1"
            RenderTableCell {TD} at (121,105) size 45x41 [border: (1px solid #008000)] [r=3 c=3 rs=1 cs=1]
              RenderBlock {P} at (3,3) size 40x18
                RenderText {#text} at (0,0) size 21x17
                  text run at (0,0) width 21 LTR override: "\x{5D0}\x{5D0}"
              RenderBlock {P} at (3,21) size 40x18
                RenderText {#text} at (0,0) size 23x17
                  text run at (0,0) width 23 LTR override: "b 1"
          RenderTableRow {TR} at (0,146) size 166x41
            RenderTableCell {TD} at (0,155) size 43x23 [border: (1px solid #008000)] [r=4 c=0 rs=1 cs=1]
              RenderText {#text} at (3,3) size 9x17
                text run at (3,3) width 9: "4"
            RenderTableCell {TD} at (43,146) size 45x41 [border: (1px solid #008000)] [r=4 c=1 rs=1 cs=1]
              RenderText {#text} at (3,3) size 18x17
                text run at (3,3) width 18: "aa"
              RenderBR {BR} at (3,17) size 0x0
              RenderText {#text} at (3,21) size 23x17
                text run at (3,21) width 9: "b"
                text run at (11,21) width 6 RTL: " "
                text run at (16,21) width 10: "1"
            RenderTableCell {TD} at (88,146) size 33x41 [border: (1px solid #008000)] [r=4 c=2 rs=1 cs=1]
              RenderText {#text} at (3,3) size 23x35
                text run at (3,3) width 18: "aa"
                text run at (3,21) width 23: "1 b"
            RenderTableCell {TD} at (121,146) size 45x41 [border: (1px solid #008000)] [r=4 c=3 rs=1 cs=1]
              RenderBlock {P} at (3,3) size 40x18
                RenderText {#text} at (0,0) size 18x17
                  text run at (0,0) width 18 LTR override: "aa"
              RenderBlock {P} at (3,21) size 40x18
                RenderText {#text} at (0,0) size 23x17
                  text run at (0,0) width 23 LTR override: "1 b"
          RenderTableRow {TR} at (0,187) size 166x41
            RenderTableCell {TD} at (0,196) size 43x23 [border: (1px solid #008000)] [r=5 c=0 rs=1 cs=1]
              RenderText {#text} at (3,3) size 9x17
                text run at (3,3) width 9: "5"
            RenderTableCell {TD} at (43,187) size 45x41 [border: (1px solid #008000)] [r=5 c=1 rs=1 cs=1]
              RenderText {#text} at (3,3) size 21x17
                text run at (3,3) width 21 RTL: "\x{5D0}\x{5D0}"
              RenderBR {BR} at (3,17) size 0x0
              RenderText {#text} at (3,21) size 24x17
                text run at (3,21) width 15 RTL: " \x{5D1}"
                text run at (17,21) width 10: "1"
            RenderTableCell {TD} at (88,187) size 33x41 [border: (1px solid #008000)] [r=5 c=2 rs=1 cs=1]
              RenderText {#text} at (3,3) size 24x35
                text run at (3,3) width 21 RTL: "\x{5D0}\x{5D0}"
                text run at (3,21) width 15 RTL: " \x{5D1}"
                text run at (17,21) width 10: "1"
            RenderTableCell {TD} at (121,187) size 45x41 [border: (1px solid #008000)] [r=5 c=3 rs=1 cs=1]
              RenderBlock {P} at (3,3) size 40x18
                RenderText {#text} at (0,0) size 21x17
                  text run at (0,0) width 21 LTR override: "\x{5D0}\x{5D0}"
              RenderBlock {P} at (3,21) size 40x18
                RenderText {#text} at (0,0) size 24x17
                  text run at (0,0) width 24 LTR override: "\x{5D1} 1"
          RenderTableRow {TR} at (0,228) size 166x41
            RenderTableCell {TD} at (0,237) size 43x23 [border: (1px solid #008000)] [r=6 c=0 rs=1 cs=1]
              RenderText {#text} at (3,3) size 9x17
                text run at (3,3) width 9: "6"
            RenderTableCell {TD} at (43,228) size 45x41 [border: (1px solid #008000)] [r=6 c=1 rs=1 cs=1]
              RenderText {#text} at (3,3) size 18x17
                text run at (3,3) width 18: "aa"
              RenderBR {BR} at (3,17) size 0x0
              RenderText {#text} at (3,21) size 24x17
                text run at (3,21) width 15 RTL: " \x{5D1}"
                text run at (17,21) width 10: "1"
            RenderTableCell {TD} at (88,228) size 33x41 [border: (1px solid #008000)] [r=6 c=2 rs=1 cs=1]
              RenderText {#text} at (3,3) size 24x35
                text run at (3,3) width 18: "aa"
                text run at (3,21) width 15 RTL: " \x{5D1}"
                text run at (17,21) width 10: "1"
            RenderTableCell {TD} at (121,228) size 45x41 [border: (1px solid #008000)] [r=6 c=3 rs=1 cs=1]
              RenderBlock {P} at (3,3) size 40x18
                RenderText {#text} at (0,0) size 18x17
                  text run at (0,0) width 18 LTR override: "aa"
              RenderBlock {P} at (3,21) size 40x18
                RenderText {#text} at (0,0) size 24x17
                  text run at (0,0) width 24 LTR override: "\x{5D1} 1"
          RenderTableRow {TR} at (0,269) size 166x41
            RenderTableCell {TD} at (0,278) size 43x23 [border: (1px solid #008000)] [r=7 c=0 rs=1 cs=1]
              RenderText {#text} at (3,3) size 9x17
                text run at (3,3) width 9: "7"
            RenderTableCell {TD} at (43,269) size 45x41 [border: (1px solid #008000)] [r=7 c=1 rs=1 cs=1]
              RenderText {#text} at (3,3) size 19x17
                text run at (3,3) width 19: "a ("
              RenderBR {BR} at (21,17) size 1x0
              RenderText {#text} at (3,21) size 18x17
                text run at (3,21) width 18: "] b"
            RenderTableCell {TD} at (88,269) size 33x41 [border: (1px solid #008000)] [r=7 c=2 rs=1 cs=1]
              RenderText {#text} at (3,3) size 28x35
                text run at (3,3) width 28: "a ( ]"
                text run at (3,21) width 9: "b"
            RenderTableCell {TD} at (121,269) size 45x41 [border: (1px solid #008000)] [r=7 c=3 rs=1 cs=1]
              RenderBlock {P} at (3,3) size 40x18
                RenderText {#text} at (0,0) size 19x17
                  text run at (0,0) width 19 LTR override: "a ("
              RenderBlock {P} at (3,21) size 40x18
                RenderText {#text} at (0,0) size 18x17
                  text run at (0,0) width 18 LTR override: "] b"
          RenderTableRow {TR} at (0,310) size 166x41
            RenderTableCell {TD} at (0,319) size 43x23 [border: (1px solid #008000)] [r=8 c=0 rs=1 cs=1]
              RenderText {#text} at (3,3) size 9x17
                text run at (3,3) width 9: "8"
            RenderTableCell {TD} at (43,310) size 45x41 [border: (1px solid #008000)] [r=8 c=1 rs=1 cs=1]
              RenderText {#text} at (3,3) size 20x17
                text run at (3,3) width 11 RTL: "\x{5D0}"
                text run at (13,3) width 10: " ("
              RenderBR {BR} at (22,17) size 1x0
              RenderText {#text} at (3,21) size 18x17
                text run at (3,21) width 18: "] b"
            RenderTableCell {TD} at (88,310) size 33x41 [border: (1px solid #008000)] [r=8 c=2 rs=1 cs=1]
              RenderText {#text} at (3,3) size 20x35
                text run at (3,3) width 11 RTL: "\x{5D0}"
                text run at (13,3) width 10: " ("
                text run at (3,21) width 18: "] b"
            RenderTableCell {TD} at (121,310) size 45x41 [border: (1px solid #008000)] [r=8 c=3 rs=1 cs=1]
              RenderBlock {P} at (3,3) size 40x18
                RenderText {#text} at (0,0) size 20x17
                  text run at (0,0) width 20 LTR override: "\x{5D0} ("
              RenderBlock {P} at (3,21) size 40x18
                RenderText {#text} at (0,0) size 18x17
                  text run at (0,0) width 18 LTR override: "] b"
          RenderTableRow {TR} at (0,351) size 166x41
            RenderTableCell {TD} at (0,360) size 43x23 [border: (1px solid #008000)] [r=9 c=0 rs=1 cs=1]
              RenderText {#text} at (3,3) size 9x17
                text run at (3,3) width 9: "9"
            RenderTableCell {TD} at (43,351) size 45x41 [border: (1px solid #008000)] [r=9 c=1 rs=1 cs=1]
              RenderText {#text} at (3,3) size 19x17
                text run at (3,3) width 19: "a ("
              RenderBR {BR} at (21,17) size 1x0
              RenderText {#text} at (3,21) size 19x17
                text run at (3,21) width 9: "] "
                text run at (11,21) width 11 RTL: "\x{5D1}"
            RenderTableCell {TD} at (88,351) size 33x41 [border: (1px solid #008000)] [r=9 c=2 rs=1 cs=1]
              RenderText {#text} at (3,3) size 28x35
                text run at (3,3) width 28: "a ( ]"
                text run at (3,21) width 10 RTL: "\x{5D1}"
            RenderTableCell {TD} at (121,351) size 45x41 [border: (1px solid #008000)] [r=9 c=3 rs=1 cs=1]
              RenderBlock {P} at (3,3) size 40x18
                RenderText {#text} at (0,0) size 19x17
                  text run at (0,0) width 19 LTR override: "a ("
              RenderBlock {P} at (3,21) size 40x18
                RenderText {#text} at (0,0) size 19x17
                  text run at (0,0) width 19 LTR override: "] \x{5D1}"
          RenderTableRow {TR} at (0,392) size 166x41
            RenderTableCell {TD} at (0,401) size 43x23 [border: (1px solid #008000)] [r=10 c=0 rs=1 cs=1]
              RenderText {#text} at (3,3) size 18x17
                text run at (3,3) width 18: "10"
            RenderTableCell {TD} at (43,392) size 45x41 [border: (1px solid #008000)] [r=10 c=1 rs=1 cs=1]
              RenderText {#text} at (3,3) size 20x17
                text run at (3,3) width 11 RTL: "\x{5D0}"
                text run at (13,3) width 10: " ("
              RenderBR {BR} at (22,17) size 1x0
              RenderText {#text} at (3,21) size 19x17
                text run at (3,21) width 9: "] "
                text run at (11,21) width 11 RTL: "\x{5D1}"
            RenderTableCell {TD} at (88,392) size 33x41 [border: (1px solid #008000)] [r=10 c=2 rs=1 cs=1]
              RenderText {#text} at (3,3) size 20x35
                text run at (3,3) width 20 RTL: "\x{5D0} ("
                text run at (3,21) width 19 RTL: "] \x{5D1}"
            RenderTableCell {TD} at (121,392) size 45x41 [border: (1px solid #008000)] [r=10 c=3 rs=1 cs=1]
              RenderBlock {P} at (3,3) size 40x18
                RenderText {#text} at (0,0) size 20x17
                  text run at (0,0) width 20 LTR override: ") \x{5D0}"
              RenderBlock {P} at (3,21) size 40x18
                RenderText {#text} at (0,0) size 19x17
                  text run at (0,0) width 19 LTR override: "\x{5D1} ["
