layer at (0,0) size 800x600
  RenderView at (0,0) size 800x600
layer at (0,0) size 800x600
  RenderBlock {HTML} at (0,0) size 800x600
    RenderBody {BODY} at (8,8) size 784x584
      RenderBlock {P} at (0,0) size 784x18
        RenderText {#text} at (0,0) size 53x19
          text run at (0,0) width 53: "Test for "
        RenderInline {I} at (0,0) size 396x19
          RenderInline {A} at (0,0) size 154x19 [color=#0000EE]
            RenderText {#text} at (53,0) size 154x19
              text run at (53,0) width 154: "rdar://problem/6020930"
          RenderText {#text} at (207,0) size 242x19
            text run at (207,0) width 242: " Bidi Problem When Resizing Window"
        RenderText {#text} at (449,0) size 4x19
          text run at (449,0) width 4: "."
      RenderBlock {P} at (0,34) size 784x18
        RenderText {#text} at (0,0) size 320x19
          text run at (0,0) width 320: "The boxes below should be identical to each other."
      RenderBlock {DIV} at (0,68) size 90x64 [border: (1px solid #0000FF)]
        RenderText {#text} at (5,5) size 64x55
          text run at (5,5) width 60 RTL: "\x{627}\x{644}\x{645}\x{627}\x{626}\x{629}"
          text run at (65,5) width 4: " "
          text run at (5,23) width 50 RTL: "\x{645}\x{644}\x{64A}\x{627}\x{631}"
          text run at (55,23) width 4: " "
          text run at (5,41) width 24 RTL: " \x{645}\x{646}"
          text run at (29,41) width 40: "12345"
      RenderBlock {DIV} at (0,132) size 90x64 [border: (1px solid #0000FF)]
        RenderText {#text} at (5,5) size 64x55
          text run at (5,5) width 60 RTL: "\x{627}\x{644}\x{645}\x{627}\x{626}\x{629}"
          text run at (5,23) width 50 RTL: "\x{645}\x{644}\x{64A}\x{627}\x{631}"
          text run at (5,41) width 24 RTL: " \x{645}\x{646}"
          text run at (29,41) width 40: "12345"
