layer at (0,0) size 800x600
  RenderView at (0,0) size 800x600
layer at (0,0) size 800x600
  RenderBlock {HTML} at (0,0) size 800x600
    RenderBody {BODY} at (8,8) size 784x584
      RenderBlock {P} at (0,0) size 784x36
        RenderText {#text} at (0,0) size 110x17
          text run at (0,0) width 110: "This tests for "
        RenderInline {I} at (0,0) size 741x35
          RenderText {#text} at (109,0) size 741x35
            text run at (109,0) width 632: "http://bugzilla.opendarwin.org/show_bug.cgi?id=6014 Bidi algorithm: incorrect"
            text run at (0,18) width 412: "resolved levels for neutrals between R and ET ON L"
        RenderText {#text} at (411,18) size 7x17
          text run at (411,18) width 7: "."
      RenderBlock {P} at (0,52) size 784x54
        RenderText {#text} at (0,0) size 754x53
          text run at (0,0) width 125: "The characters "
          text run at (124,0) width 11 RTL: "\x{5D0}"
          text run at (134,0) width 42: " and "
          text run at (175,0) width 10 RTL: "\x{5D1}"
          text run at (184,0) width 565: " are of type R; ^ and @ are of type ON; $ and % are of type ET; a is of"
          text run at (0,18) width 754: "type L; 1 is of type EN. In each of the following pairs, the two lines should be identical to each"
          text run at (0,36) width 48: "other."
      RenderBlock {HR} at (0,122) size 784x2 [border: (1px inset #000000)]
      RenderBlock {P} at (0,140) size 784x18
        RenderText {#text} at (0,0) size 95x17
          text run at (0,0) width 11 RTL: "\x{5D0}"
          text run at (10,0) width 85: " ^ @ $% a"
      RenderBlock (anonymous) at (0,174) size 784x18
        RenderInline {BDO} at (0,0) size 95x17
          RenderText {#text} at (0,0) size 95x17
            text run at (0,0) width 95 LTR override: "\x{5D0} ^ @ $% a"
        RenderText {#text} at (0,0) size 0x0
      RenderBlock {HR} at (0,200) size 784x2 [border: (1px inset #000000)]
      RenderBlock {P} at (0,218) size 784x18
        RenderText {#text} at (0,0) size 95x17
          text run at (0,0) width 95 RTL: "\x{5D0} ^ @ $% \x{5D1}"
      RenderBlock (anonymous) at (0,252) size 784x18
        RenderInline {BDO} at (0,0) size 95x17
          RenderText {#text} at (0,0) size 95x17
            text run at (0,0) width 95 LTR override: "\x{5D1} %$ @ ^ \x{5D0}"
        RenderText {#text} at (0,0) size 0x0
      RenderBlock {HR} at (0,278) size 784x2 [border: (1px inset #000000)]
      RenderBlock {P} at (0,296) size 784x18
        RenderText {#text} at (0,0) size 91x17
          text run at (0,0) width 36: "$%1"
          text run at (35,0) width 56 RTL: "\x{5D0} ^ @ "
      RenderBlock (anonymous) at (0,330) size 784x18
        RenderInline {BDO} at (0,0) size 91x17
          RenderText {#text} at (0,0) size 91x17
            text run at (0,0) width 91 LTR override: "$%1 @ ^ \x{5D0}"
        RenderText {#text} at (0,0) size 0x0
      RenderBlock {HR} at (0,356) size 784x2 [border: (1px inset #000000)]
      RenderBlock {P} at (0,374) size 784x18
        RenderText {#text} at (0,0) size 95x17
          text run at (0,0) width 10: "a"
          text run at (9,0) width 86 RTL: "\x{5D0} ^ @ $% "
      RenderBlock (anonymous) at (0,408) size 784x18
        RenderInline {BDO} at (0,0) size 95x17
          RenderText {#text} at (0,0) size 95x17
            text run at (0,0) width 95 LTR override: "a %$ @ ^ \x{5D0}"
        RenderText {#text} at (0,0) size 0x0
      RenderBlock {HR} at (0,434) size 784x2 [border: (1px inset #000000)]
      RenderBlock {P} at (0,452) size 784x18
        RenderText {#text} at (0,0) size 95x17
          text run at (0,0) width 95 RTL: "\x{5D0} ^ @ $% \x{5D1}"
      RenderBlock (anonymous) at (0,486) size 784x18
        RenderInline {BDO} at (0,0) size 95x17
          RenderText {#text} at (0,0) size 95x17
            text run at (0,0) width 95 LTR override: "\x{5D1} %$ @ ^ \x{5D0}"
        RenderText {#text} at (0,0) size 0x0
      RenderBlock {HR} at (0,512) size 784x2 [border: (1px inset #000000)]
      RenderBlock {P} at (0,530) size 784x18
        RenderText {#text} at (0,0) size 91x17
          text run at (0,0) width 36: "$%1"
          text run at (35,0) width 56 RTL: "\x{5D0} ^ @ "
      RenderBlock (anonymous) at (0,564) size 784x18
        RenderInline {BDO} at (0,0) size 91x17
          RenderText {#text} at (0,0) size 91x17
            text run at (0,0) width 91 LTR override: "$%1 @ ^ \x{5D0}"
        RenderText {#text} at (0,0) size 0x0
