layer at (0,0) size 800x600
  RenderView at (0,0) size 800x600
layer at (0,0) size 800x347
  RenderBlock {HTML} at (0,0) size 800x347
    RenderBody {BODY} at (8,16) size 784x323
      RenderBlock {P} at (0,0) size 784x19
        RenderText {#text} at (0,0) size 392x19
          text run at (0,0) width 392: "All rows should be identical to the reference row."
      RenderTable {TABLE} at (0,35) size 641x113 [border: none]
        RenderTableSection {TBODY} at (0,0) size 640x112
          RenderTableRow {TR} at (0,0) size 640x28
            RenderTableCell {TD} at (0,0) size 114x28 [border: (1px solid #008000)] [r=0 c=0 rs=1 cs=1]
              RenderText {#text} at (27,5) size 83x19
                text run at (27,5) width 83: "Reference"
            RenderTableCell {TD} at (114,0) size 263x28 [border: (1px solid #008000)] [r=0 c=1 rs=1 cs=1]
              RenderText {#text} at (5,5) size 254x19
                text run at (5,5) width 55: "abcdef"
                text run at (60,5) width 27 RTL: "\x{5D0}\x{5D1}\x{5D2}"
                text run at (87,5) width 46: "ghijkl "
                text run at (133,5) width 47 RTL: "\x{5D6}\x{5D7}\x{5D8}\x{5D9}\x{5DB}\x{5DC}"
                text run at (180,5) width 29: "abc"
                text run at (209,5) width 50 RTL: "\x{5D0}\x{5D1}\x{5D2}\x{5D3}\x{5D4}\x{5D5}"
            RenderTableCell {TD} at (377,0) size 263x28 [border: (1px solid #008000)] [r=0 c=2 rs=1 cs=1]
              RenderText {#text} at (5,5) size 254x19
                text run at (5,5) width 47 RTL: "\x{5D6}\x{5D7}\x{5D8}\x{5D9}\x{5DB}\x{5DC}"
                text run at (52,5) width 29: "abc"
                text run at (81,5) width 50 RTL: "\x{5D0}\x{5D1}\x{5D2}\x{5D3}\x{5D4}\x{5D5}"
                text run at (131,5) width 5 RTL: " "
                text run at (136,5) width 55: "abcdef"
                text run at (191,5) width 27 RTL: "\x{5D0}\x{5D1}\x{5D2}"
                text run at (218,5) width 41: "ghijkl"
          RenderTableRow {TR} at (0,28) size 640x28
            RenderTableCell {TD} at (0,28) size 114x28 [border: (1px solid #008000)] [r=1 c=0 rs=1 cs=1]
              RenderText {#text} at (11,5) size 99x19
                text run at (11,5) width 99: "CSS, siblings"
            RenderTableCell {TD} at (114,28) size 263x28 [border: (1px solid #008000)] [r=1 c=1 rs=1 cs=1]
              RenderText {#text} at (5,5) size 29x19
                text run at (5,5) width 29: "abc"
              RenderInline {SPAN} at (0,0) size 77x19
                RenderText {#text} at (34,5) size 77x19
                  text run at (34,5) width 77 RTL override: "ihg\x{5D0}\x{5D1}\x{5D2}fed"
              RenderText {#text} at (111,5) size 148x19
                text run at (111,5) width 22: "jkl "
                text run at (232,5) width 27 RTL: "\x{5D0}\x{5D1}\x{5D2}"
              RenderInline {SPAN} at (0,0) size 78x19
                RenderText {#text} at (154,5) size 78x19
                  text run at (154,5) width 78 LTR override: "\x{5D8}\x{5D7}\x{5D6}abc\x{5D5}\x{5D4}\x{5D3}"
              RenderText {#text} at (133,5) size 21x19
                text run at (133,5) width 21 RTL: "\x{5D9}\x{5DB}\x{5DC}"
            RenderTableCell {TD} at (377,28) size 263x28 [border: (1px solid #008000)] [r=1 c=2 rs=1 cs=1]
              RenderText {#text} at (136,5) size 29x19
                text run at (136,5) width 29: "abc"
              RenderInline {SPAN} at (0,0) size 77x19
                RenderText {#text} at (165,5) size 77x19
                  text run at (165,5) width 77 RTL override: "ihg\x{5D0}\x{5D1}\x{5D2}fed"
              RenderText {#text} at (104,5) size 155x19
                text run at (104,5) width 32 RTL: " \x{5D0}\x{5D1}\x{5D2}"
                text run at (242,5) width 17: "jkl"
              RenderInline {SPAN} at (0,0) size 78x19
                RenderText {#text} at (26,5) size 78x19
                  text run at (26,5) width 78 LTR override: "\x{5D8}\x{5D7}\x{5D6}abc\x{5D5}\x{5D4}\x{5D3}"
              RenderText {#text} at (5,5) size 21x19
                text run at (5,5) width 21 RTL: "\x{5D9}\x{5DB}\x{5DC}"
          RenderTableRow {TR} at (0,56) size 640x28
            RenderTableCell {TD} at (0,56) size 114x28 [border: (1px solid #008000)] [r=2 c=0 rs=1 cs=1]
              RenderText {#text} at (5,5) size 105x19
                text run at (5,5) width 105: "CSS, children"
            RenderTableCell {TD} at (114,56) size 263x28 [border: (1px solid #008000)] [r=2 c=1 rs=1 cs=1]
              RenderInline {SPAN} at (0,0) size 123x19
                RenderText {#text} at (5,5) size 29x19
                  text run at (5,5) width 29: "abc"
                RenderInline {SPAN} at (0,0) size 77x19
                  RenderText {#text} at (34,5) size 77x19
                    text run at (34,5) width 77 RTL override: "ihg\x{5D0}\x{5D1}\x{5D2}fed"
                RenderText {#text} at (111,5) size 17x19
                  text run at (111,5) width 17: "jkl"
              RenderText {#text} at (128,5) size 5x19
                text run at (128,5) width 5: " "
              RenderInline {SPAN} at (0,0) size 126x19
                RenderText {#text} at (232,5) size 27x19
                  text run at (232,5) width 27 RTL: "\x{5D0}\x{5D1}\x{5D2}"
                RenderInline {SPAN} at (0,0) size 78x19
                  RenderText {#text} at (154,5) size 78x19
                    text run at (154,5) width 78 LTR override: "\x{5D8}\x{5D7}\x{5D6}abc\x{5D5}\x{5D4}\x{5D3}"
                RenderText {#text} at (133,5) size 21x19
                  text run at (133,5) width 21 RTL: "\x{5D9}\x{5DB}\x{5DC}"
            RenderTableCell {TD} at (377,56) size 263x28 [border: (1px solid #008000)] [r=2 c=2 rs=1 cs=1]
              RenderInline {SPAN} at (0,0) size 123x19
                RenderText {#text} at (136,5) size 29x19
                  text run at (136,5) width 29: "abc"
                RenderInline {SPAN} at (0,0) size 77x19
                  RenderText {#text} at (165,5) size 77x19
                    text run at (165,5) width 77 RTL override: "ihg\x{5D0}\x{5D1}\x{5D2}fed"
                RenderText {#text} at (242,5) size 17x19
                  text run at (242,5) width 17: "jkl"
              RenderText {#text} at (131,5) size 5x19
                text run at (131,5) width 5 RTL: " "
              RenderInline {SPAN} at (0,0) size 126x19
                RenderText {#text} at (104,5) size 27x19
                  text run at (104,5) width 27 RTL: "\x{5D0}\x{5D1}\x{5D2}"
                RenderInline {SPAN} at (0,0) size 78x19
                  RenderText {#text} at (26,5) size 78x19
                    text run at (26,5) width 78 LTR override: "\x{5D8}\x{5D7}\x{5D6}abc\x{5D5}\x{5D4}\x{5D3}"
                RenderText {#text} at (5,5) size 21x19
                  text run at (5,5) width 21 RTL: "\x{5D9}\x{5DB}\x{5DC}"
          RenderTableRow {TR} at (0,84) size 640x28
            RenderTableCell {TD} at (0,84) size 114x28 [border: (1px solid #008000)] [r=3 c=0 rs=1 cs=1]
              RenderText {#text} at (45,5) size 65x19
                text run at (45,5) width 65: "Unicode"
            RenderTableCell {TD} at (114,84) size 263x28 [border: (1px solid #008000)] [r=3 c=1 rs=1 cs=1]
              RenderText {#text} at (5,5) size 254x19
                text run at (5,5) width 29: "abc"
                text run at (34,5) width 77 RTL override: "\x{202E}ihg\x{5D0}\x{5D1}\x{5D2}fed"
                text run at (111,5) width 22: "\x{202C}jkl "
                text run at (133,5) width 21 RTL: "\x{202C}\x{5D9}\x{5DB}\x{5DC}"
                text run at (154,5) width 78 LTR override: "\x{202D}\x{5D8}\x{5D7}\x{5D6}abc\x{5D5}\x{5D4}\x{5D3}"
                text run at (232,5) width 27 RTL: "\x{5D0}\x{5D1}\x{5D2}"
            RenderTableCell {TD} at (377,84) size 263x28 [border: (1px solid #008000)] [r=3 c=2 rs=1 cs=1]
              RenderText {#text} at (5,5) size 254x19
                text run at (5,5) width 21 RTL: "\x{202C}\x{5D9}\x{5DB}\x{5DC}"
                text run at (26,5) width 78 LTR override: "\x{202D}\x{5D8}\x{5D7}\x{5D6}abc\x{5D5}\x{5D4}\x{5D3}"
                text run at (104,5) width 27 RTL: "\x{5D0}\x{5D1}\x{5D2}"
                text run at (131,5) width 5 RTL: " "
                text run at (136,5) width 29: "abc"
                text run at (165,5) width 77 RTL override: "\x{202E}ihg\x{5D0}\x{5D1}\x{5D2}fed"
                text run at (242,5) width 17: "\x{202C}jkl"
      RenderBlock {P} at (0,164) size 784x19
        RenderText {#text} at (0,0) size 489x19
          text run at (0,0) width 489: "The CSS column should be identical to the reference column."
      RenderTable {TABLE} at (0,199) size 271x124 [border: none]
        RenderTableSection {TBODY} at (0,0) size 270x123
          RenderTableRow {TR} at (0,0) size 270x28
            RenderTableCell {TD} at (0,0) size 135x28 [border: (1px solid #008000)] [r=0 c=0 rs=1 cs=1]
              RenderText {#text} at (26,5) size 84x19
                text run at (26,5) width 84: "Reference"
            RenderTableCell {TD} at (135,0) size 135x28 [border: (1px solid #008000)] [r=0 c=1 rs=1 cs=1]
              RenderText {#text} at (52,5) size 32x19
                text run at (52,5) width 32: "CSS"
          RenderTableRow {TR} at (0,28) size 270x95
            RenderTableCell {TD} at (0,28) size 135x95 [border: (1px solid #008000)] [r=1 c=0 rs=1 cs=1]
              RenderBlock {P} at (5,21) size 126x19
                RenderText {#text} at (1,0) size 124x19
                  text run at (1,0) width 56: "abcdef"
                  text run at (56,0) width 28 RTL: "\x{5D0}\x{5D1}\x{5D2}"
                  text run at (83,0) width 42: "ghijkl"
              RenderBlock {P} at (5,56) size 126x19
                RenderText {#text} at (0,0) size 126x19
                  text run at (0,0) width 47 RTL: "\x{5D6}\x{5D7}\x{5D8}\x{5D9}\x{5DB}\x{5DC}"
                  text run at (47,0) width 29: "abc"
                  text run at (76,0) width 50 RTL: "\x{5D0}\x{5D1}\x{5D2}\x{5D3}\x{5D4}\x{5D5}"
            RenderTableCell {TD} at (135,28) size 135x95 [border: (1px solid #008000)] [r=1 c=1 rs=1 cs=1]
              RenderBlock {P} at (5,21) size 126x19
                RenderText {#text} at (1,0) size 124x19
                  text run at (1,0) width 124 RTL override: "lkjihg\x{5D0}\x{5D1}\x{5D2}fedcba"
              RenderBlock {P} at (5,56) size 126x19
                RenderText {#text} at (0,0) size 126x19
                  text run at (0,0) width 126 LTR override: "\x{5DC}\x{5DB}\x{5D9}\x{5D8}\x{5D7}\x{5D6}abc\x{5D5}\x{5D4}\x{5D3}\x{5D2}\x{5D1}\x{5D0}"
