layer at (0,0) size 784x632
  RenderView at (0,0) size 784x600
layer at (0,0) size 784x632
  RenderBlock {HTML} at (0,0) size 784x632
    RenderBody {BODY} at (8,21) size 768x595
      RenderBlock {H1} at (0,0) size 768x74
        RenderText {#text} at (0,0) size 599x73
          text run at (0,0) width 599: "Bidirectional Text Test 2 - Formatting"
          text run at (0,37) width 175: "Characters"
      RenderBlock {P} at (0,95) size 768x18
        RenderText {#text} at (0,0) size 170x17
          text run at (0,0) width 170: "This test is based on "
        RenderInline {A} at (0,0) size 146x17 [color=#0000EE]
          RenderText {#text} at (169,0) size 146x17
            text run at (169,0) width 146: "CSS2 section 9.10"
        RenderText {#text} at (314,0) size 42x17
          text run at (314,0) width 42: " and "
        RenderInline {A} at (0,0) size 80x17 [color=#0000EE]
          RenderText {#text} at (355,0) size 80x17
            text run at (355,0) width 80: "Chapter 3"
        RenderText {#text} at (434,0) size 58x17
          text run at (434,0) width 58: " of the "
        RenderInline {A} at (0,0) size 144x17 [color=#0000EE]
          RenderText {#text} at (491,0) size 144x17
            text run at (491,0) width 144: "Unicode Standard"
        RenderText {#text} at (634,0) size 6x17
          text run at (634,0) width 6: "."
      RenderBlock {P} at (0,129) size 768x36
        RenderText {#text} at (0,0) size 81x17
          text run at (0,0) width 81: "Note that "
        RenderInline {A} at (0,0) size 364x17 [color=#0000EE]
          RenderText {#text} at (80,0) size 364x17
            text run at (80,0) width 364: "Unicode in XML and other Markup Languages"
        RenderText {#text} at (443,0) size 759x35
          text run at (443,0) width 316: " suggests that HTML UAs should ignore"
          text run at (0,18) width 140: "these characters."
      RenderBlock {P} at (0,181) size 768x18
        RenderText {#text} at (0,0) size 364x17
          text run at (0,0) width 364: "In each box, all the lines should be the same."
      RenderBlock (anonymous) at (0,215) size 768x226
        RenderBlock {DIV} at (3,3) size 102x170 [border: (1px solid #008000)]
          RenderBlock {P} at (4,4) size 94x18
            RenderText {#text} at (0,0) size 94x17
              text run at (0,0) width 94: "ABCDEFGHI"
          RenderBlock {P} at (4,22) size 94x18
            RenderText {#text} at (0,0) size 94x17
              text run at (0,0) width 0 RTL: "\x{202C}"
              text run at (0,0) width 94: "\x{202B}ABCDEFGHI"
          RenderBlock {P} at (4,40) size 94x18
            RenderText {#text} at (0,0) size 34x17
              text run at (0,0) width 34: "\x{202B}ABC"
            RenderInline {SPAN} at (0,0) size 32x17
              RenderText {#text} at (33,0) size 32x17
                text run at (33,0) width 32: "DEF"
            RenderText {#text} at (0,0) size 94x17
              text run at (0,0) width 0 RTL: "\x{202C}"
              text run at (64,0) width 30: "GHI"
          RenderBlock {P} at (4,58) size 94x18
            RenderText {#text} at (0,0) size 94x17
              text run at (0,0) width 0 RTL: "\x{202C}"
              text run at (0,0) width 94 RTL override: "\x{202E}IHGFEDCBA"
          RenderBlock {P} at (4,76) size 94x18
            RenderText {#text} at (64,0) size 30x17
              text run at (64,0) width 30 RTL override: "\x{202E}IHG"
            RenderInline {SPAN} at (0,0) size 32x17
              RenderText {#text} at (33,0) size 32x17
                text run at (33,0) width 32 RTL override: "FED"
            RenderText {#text} at (0,0) size 34x17
              text run at (0,0) width 0 RTL: "\x{202C}"
              text run at (0,0) width 34 RTL override: "CBA"
          RenderBlock {P} at (4,94) size 94x18
            RenderText {#text} at (0,0) size 94x17
              text run at (0,0) width 0 RTL: "\x{202C}"
              text run at (0,0) width 34 RTL override: "\x{202C}CBA"
              text run at (33,0) width 32: "\x{202B}DEF"
              text run at (64,0) width 30 RTL override: "\x{202E}IHG"
          RenderBlock {P} at (4,112) size 94x18
            RenderText {#text} at (0,0) size 94x17
              text run at (0,0) width 0 RTL: "\x{202C}"
              text run at (0,0) width 34 RTL override: "\x{202C}CBA"
              text run at (33,0) width 32 RTL override: "\x{202E}FED"
              text run at (64,0) width 30 RTL override: "\x{202E}IHG"
          RenderBlock {P} at (4,130) size 94x18
            RenderText {#text} at (0,0) size 94x17
              text run at (0,0) width 0 RTL: "\x{202C}"
              text run at (0,0) width 34 RTL override: "\x{202C}CBA"
              text run at (33,0) width 32 RTL override: "\x{202E}FED"
              text run at (64,0) width 30 RTL override: "\x{202E}IHG"
          RenderBlock {P} at (4,148) size 94x18
            RenderText {#text} at (0,0) size 94x17
              text run at (0,0) width 0 RTL: "\x{202C}"
              text run at (0,0) width 34 RTL override: "\x{202C}CBA"
              text run at (33,0) width 32 LTR override: "\x{202D}DEF"
              text run at (64,0) width 30 RTL override: "\x{202E}IHG"
        RenderText {#text} at (108,78) size 6x17
          text run at (108,78) width 6: " "
        RenderBlock {DIV} at (116,48) size 37x80 [border: (1px solid #008000)]
          RenderTable {TABLE} at (4,4) size 29x18
            RenderTableSection {TBODY} at (0,0) size 29x18
              RenderTableRow {TR} at (0,0) size 29x18
                RenderTableCell {TD} at (0,0) size 8x18 [r=0 c=0 rs=1 cs=1]
                  RenderText {#text} at (0,0) size 8x17
                    text run at (0,0) width 8 RTL: "\x{5D2}"
                RenderTableCell {TD} at (8,0) size 10x18 [r=0 c=1 rs=1 cs=1]
                  RenderText {#text} at (0,0) size 10x17
                    text run at (0,0) width 10 RTL: "\x{5D1}"
                RenderTableCell {TD} at (18,0) size 11x18 [r=0 c=2 rs=1 cs=1]
                  RenderText {#text} at (0,0) size 11x17
                    text run at (0,0) width 11 RTL: "\x{5D0}"
          RenderBlock {P} at (4,22) size 29x18
            RenderText {#text} at (0,0) size 27x17
              text run at (0,0) width 27 RTL: "\x{5D0}\x{5D1}\x{5D2}"
          RenderBlock {P} at (4,40) size 29x18
            RenderText {#text} at (0,0) size 27x17
              text run at (0,0) width 27 RTL: "\x{202A}\x{5D0}\x{5D1}\x{5D2}"
              text run at (26,0) width 1: "\x{202C}"
          RenderBlock {P} at (4,58) size 29x18
            RenderText {#text} at (0,0) size 27x17
              text run at (0,0) width 27 LTR override: "\x{202D}\x{5D2}\x{5D1}\x{5D0}"
              text run at (26,0) width 1: "\x{202C}"
        RenderText {#text} at (156,78) size 6x17
          text run at (156,78) width 6: " "
        RenderBlock {DIV} at (164,57) size 109x62 [border: (1px solid #008000)]
          RenderTable {TABLE} at (4,4) size 101x18
            RenderTableSection {TBODY} at (0,0) size 101x18
              RenderTableRow {TR} at (0,0) size 101x18
                RenderTableCell {TD} at (0,0) size 8x18 [r=0 c=0 rs=1 cs=1]
                  RenderText {#text} at (0,0) size 8x17
                    text run at (0,0) width 8 RTL: "\x{5D2}"
                RenderTableCell {TD} at (8,0) size 10x18 [r=0 c=1 rs=1 cs=1]
                  RenderText {#text} at (0,0) size 10x17
                    text run at (0,0) width 10 RTL: "\x{5D1}"
                RenderTableCell {TD} at (18,0) size 11x18 [r=0 c=2 rs=1 cs=1]
                  RenderText {#text} at (0,0) size 11x17
                    text run at (0,0) width 11 RTL: "\x{5D0}"
                RenderTableCell {TD} at (29,0) size 6x18 [r=0 c=3 rs=1 cs=1]
                  RenderText {#text} at (0,0) size 6x17
                    text run at (0,0) width 6: " "
                RenderTableCell {TD} at (35,0) size 11x18 [r=0 c=4 rs=1 cs=1]
                  RenderText {#text} at (0,0) size 11x17
                    text run at (0,0) width 11: "A"
                RenderTableCell {TD} at (46,0) size 11x18 [r=0 c=5 rs=1 cs=1]
                  RenderText {#text} at (0,0) size 11x17
                    text run at (0,0) width 11: "B"
                RenderTableCell {TD} at (57,0) size 12x18 [r=0 c=6 rs=1 cs=1]
                  RenderText {#text} at (0,0) size 12x17
                    text run at (0,0) width 12: "C"
                RenderTableCell {TD} at (69,0) size 6x18 [r=0 c=7 rs=1 cs=1]
                  RenderText {#text} at (0,0) size 6x17
                    text run at (0,0) width 6: " "
                RenderTableCell {TD} at (75,0) size 5x18 [r=0 c=8 rs=1 cs=1]
                  RenderText {#text} at (0,0) size 5x17
                    text run at (0,0) width 5 RTL: "\x{5D5}"
                RenderTableCell {TD} at (80,0) size 11x18 [r=0 c=9 rs=1 cs=1]
                  RenderText {#text} at (0,0) size 11x17
                    text run at (0,0) width 11 RTL: "\x{5D4}"
                RenderTableCell {TD} at (91,0) size 10x18 [r=0 c=10 rs=1 cs=1]
                  RenderText {#text} at (0,0) size 10x17
                    text run at (0,0) width 10 RTL: "\x{5D3}"
          RenderBlock {P} at (4,22) size 101x18
            RenderText {#text} at (0,0) size 95x17
              text run at (0,0) width 27 RTL: "\x{5D0}\x{5D1}\x{5D2}"
              text run at (26,0) width 45: " ABC "
              text run at (70,0) width 25 RTL: "\x{5D3}\x{5D4}\x{5D5}"
          RenderBlock {P} at (4,40) size 101x18
            RenderText {#text} at (0,0) size 95x17
              text run at (0,0) width 33 RTL: " \x{5D0}\x{5D1}\x{5D2}"
              text run at (32,0) width 34: "ABC"
              text run at (65,0) width 30 RTL: "\x{5D3}\x{5D4}\x{5D5} "
        RenderText {#text} at (276,78) size 6x17
          text run at (276,78) width 6: " "
        RenderBlock {DIV} at (284,3) size 183x170 [border: (1px solid #008000)]
          RenderTable {TABLE} at (4,4) size 175x18
            RenderTableSection {TBODY} at (0,0) size 175x18
              RenderTableRow {TR} at (0,0) size 175x18
                RenderTableCell {TD} at (0,0) size 8x18 [r=0 c=0 rs=1 cs=1]
                  RenderText {#text} at (0,0) size 8x17
                    text run at (0,0) width 8 RTL: "\x{5D2}"
                RenderTableCell {TD} at (8,0) size 10x18 [r=0 c=1 rs=1 cs=1]
                  RenderText {#text} at (0,0) size 10x17
                    text run at (0,0) width 10 RTL: "\x{5D1}"
                RenderTableCell {TD} at (18,0) size 11x18 [r=0 c=2 rs=1 cs=1]
                  RenderText {#text} at (0,0) size 11x17
                    text run at (0,0) width 11 RTL: "\x{5D0}"
                RenderTableCell {TD} at (29,0) size 6x18 [r=0 c=3 rs=1 cs=1]
                  RenderText {#text} at (0,0) size 6x17
                    text run at (0,0) width 6: " "
                RenderTableCell {TD} at (35,0) size 11x18 [r=0 c=4 rs=1 cs=1]
                  RenderText {#text} at (0,0) size 11x17
                    text run at (0,0) width 11: "A"
                RenderTableCell {TD} at (46,0) size 11x18 [r=0 c=5 rs=1 cs=1]
                  RenderText {#text} at (0,0) size 11x17
                    text run at (0,0) width 11: "B"
                RenderTableCell {TD} at (57,0) size 12x18 [r=0 c=6 rs=1 cs=1]
                  RenderText {#text} at (0,0) size 12x17
                    text run at (0,0) width 12: "C"
                RenderTableCell {TD} at (69,0) size 6x18 [r=0 c=7 rs=1 cs=1]
                  RenderText {#text} at (0,0) size 6x17
                    text run at (0,0) width 6: " "
                RenderTableCell {TD} at (75,0) size 5x18 [r=0 c=8 rs=1 cs=1]
                  RenderText {#text} at (0,0) size 5x17
                    text run at (0,0) width 5 RTL: "\x{5D5}"
                RenderTableCell {TD} at (80,0) size 11x18 [r=0 c=9 rs=1 cs=1]
                  RenderText {#text} at (0,0) size 11x17
                    text run at (0,0) width 11 RTL: "\x{5D4}"
                RenderTableCell {TD} at (91,0) size 10x18 [r=0 c=10 rs=1 cs=1]
                  RenderText {#text} at (0,0) size 10x17
                    text run at (0,0) width 10 RTL: "\x{5D3}"
                RenderTableCell {TD} at (101,0) size 6x18 [r=0 c=11 rs=1 cs=1]
                  RenderText {#text} at (0,0) size 6x17
                    text run at (0,0) width 6: " "
                RenderTableCell {TD} at (107,0) size 13x18 [r=0 c=12 rs=1 cs=1]
                  RenderText {#text} at (0,0) size 13x17
                    text run at (0,0) width 13: "D"
                RenderTableCell {TD} at (120,0) size 11x18 [r=0 c=13 rs=1 cs=1]
                  RenderText {#text} at (0,0) size 11x17
                    text run at (0,0) width 11: "E"
                RenderTableCell {TD} at (131,0) size 10x18 [r=0 c=14 rs=1 cs=1]
                  RenderText {#text} at (0,0) size 10x17
                    text run at (0,0) width 10: "F"
                RenderTableCell {TD} at (141,0) size 6x18 [r=0 c=15 rs=1 cs=1]
                  RenderText {#text} at (0,0) size 6x17
                    text run at (0,0) width 6: " "
                RenderTableCell {TD} at (147,0) size 11x18 [r=0 c=16 rs=1 cs=1]
                  RenderText {#text} at (0,0) size 11x17
                    text run at (0,0) width 11 RTL: "\x{5D8}"
                RenderTableCell {TD} at (158,0) size 11x18 [r=0 c=17 rs=1 cs=1]
                  RenderText {#text} at (0,0) size 11x17
                    text run at (0,0) width 11 RTL: "\x{5D7}"
                RenderTableCell {TD} at (169,0) size 6x18 [r=0 c=18 rs=1 cs=1]
                  RenderText {#text} at (0,0) size 6x17
                    text run at (0,0) width 6 RTL: "\x{5D6}"
          RenderBlock {P} at (4,22) size 175x18
            RenderText {#text} at (0,0) size 163x17
              text run at (0,0) width 27 RTL: "\x{5D0}\x{5D1}\x{5D2}"
              text run at (26,0) width 45: " ABC "
              text run at (70,0) width 25 RTL: "\x{5D3}\x{5D4}\x{5D5}"
              text run at (94,0) width 43: " DEF "
              text run at (136,0) width 27 RTL: "\x{5D6}\x{5D7}\x{5D8}"
          RenderBlock {P} at (4,40) size 175x18
            RenderText {#text} at (0,0) size 33x17
              text run at (0,0) width 27 RTL: "\x{5D0}\x{5D1}\x{5D2}"
              text run at (26,0) width 7: " "
            RenderInline {SPAN} at (0,0) size 63x17
              RenderText {#text} at (32,0) size 63x17
                text run at (32,0) width 39: "ABC "
                text run at (70,0) width 25 RTL: "\x{5D3}\x{5D4}\x{5D5}"
            RenderText {#text} at (94,0) size 69x17
              text run at (94,0) width 43: " DEF "
              text run at (136,0) width 27 RTL: "\x{5D6}\x{5D7}\x{5D8}"
          RenderBlock {P} at (4,58) size 175x18
            RenderText {#text} at (0,0) size 163x17
              text run at (0,0) width 27 RTL: "\x{5D0}\x{5D1}\x{5D2}"
              text run at (26,0) width 7: " "
              text run at (32,0) width 39: "\x{202A}ABC "
              text run at (70,0) width 25 RTL: "\x{5D3}\x{5D4}\x{5D5}"
              text run at (94,0) width 38: " DEF"
              text run at (131,0) width 6: "\x{202C} "
              text run at (136,0) width 27 RTL: "\x{5D6}\x{5D7}\x{5D8}"
          RenderBlock {P} at (4,76) size 175x18
            RenderText {#text} at (0,0) size 163x17
              text run at (0,0) width 33 RTL: "\x{202C} \x{5D0}\x{5D1}\x{5D2}"
              text run at (32,0) width 34: "ABC"
              text run at (65,0) width 35 RTL: " \x{5D3}\x{5D4}\x{5D5} "
              text run at (99,0) width 33: "\x{202B}DEF"
              text run at (131,0) width 32 RTL: "\x{5D6}\x{5D7}\x{5D8} "
          RenderBlock {P} at (4,94) size 175x18
            RenderText {#text} at (0,0) size 163x17
              text run at (0,0) width 33 RTL: " \x{5D0}\x{5D1}\x{5D2}"
              text run at (32,0) width 34: "\x{202B}ABC"
              text run at (65,0) width 30 RTL: "\x{5D3}\x{5D4}\x{5D5} "
              text run at (94,0) width 43: "\x{202C} DEF "
              text run at (136,0) width 27 RTL: "\x{5D6}\x{5D7}\x{5D8}"
          RenderBlock {P} at (4,112) size 175x18
            RenderText {#text} at (0,0) size 163x17
              text run at (0,0) width 66 RTL override: "\x{202E}CBA \x{5D0}\x{5D1}\x{5D2}"
              text run at (65,0) width 30 RTL: "\x{5D3}\x{5D4}\x{5D5} "
              text run at (94,0) width 43: "\x{202C} DEF "
              text run at (136,0) width 27 RTL: "\x{5D6}\x{5D7}\x{5D8}"
          RenderBlock {P} at (4,130) size 175x18
            RenderText {#text} at (0,0) size 163x17
              text run at (0,0) width 27 RTL: "\x{5D0}\x{5D1}\x{5D2}"
              text run at (26,0) width 7: " "
              text run at (32,0) width 63 LTR override: "\x{202D}ABC \x{5D5}\x{5D4}\x{5D3}"
              text run at (94,0) width 43: "\x{202C} DEF "
              text run at (136,0) width 27 RTL: "\x{5D6}\x{5D7}\x{5D8}"
          RenderBlock {P} at (4,148) size 175x18
            RenderText {#text} at (0,0) size 163x17
              text run at (0,0) width 33 RTL: " \x{5D0}\x{5D1}\x{5D2}"
              text run at (32,0) width 63 LTR override: "\x{202D}ABC \x{5D5}\x{5D4}\x{5D3}"
              text run at (94,0) width 38: "\x{202C} DEF"
              text run at (131,0) width 32 RTL: "\x{5D6}\x{5D7}\x{5D8} "
        RenderText {#text} at (470,78) size 6x17
          text run at (470,78) width 6: " "
        RenderBlock {DIV} at (478,66) size 220x44 [border: (1px solid #008000)]
          RenderTable {TABLE} at (4,4) size 212x18
            RenderTableSection {TBODY} at (0,0) size 212x18
              RenderTableRow {TR} at (0,0) size 212x18
                RenderTableCell {TD} at (0,0) size 8x18 [r=0 c=0 rs=1 cs=1]
                  RenderText {#text} at (0,0) size 8x17
                    text run at (0,0) width 8 RTL: "\x{5D2}"
                RenderTableCell {TD} at (8,0) size 10x18 [r=0 c=1 rs=1 cs=1]
                  RenderText {#text} at (0,0) size 10x17
                    text run at (0,0) width 10 RTL: "\x{5D1}"
                RenderTableCell {TD} at (18,0) size 11x18 [r=0 c=2 rs=1 cs=1]
                  RenderText {#text} at (0,0) size 11x17
                    text run at (0,0) width 11 RTL: "\x{5D0}"
                RenderTableCell {TD} at (29,0) size 6x18 [r=0 c=3 rs=1 cs=1]
                  RenderText {#text} at (0,0) size 6x17
                    text run at (0,0) width 6: " "
                RenderTableCell {TD} at (35,0) size 11x18 [r=0 c=4 rs=1 cs=1]
                  RenderText {#text} at (0,0) size 11x17
                    text run at (0,0) width 11: "A"
                RenderTableCell {TD} at (46,0) size 11x18 [r=0 c=5 rs=1 cs=1]
                  RenderText {#text} at (0,0) size 11x17
                    text run at (0,0) width 11: "B"
                RenderTableCell {TD} at (57,0) size 12x18 [r=0 c=6 rs=1 cs=1]
                  RenderText {#text} at (0,0) size 12x17
                    text run at (0,0) width 12: "C"
                RenderTableCell {TD} at (69,0) size 6x18 [r=0 c=7 rs=1 cs=1]
                  RenderText {#text} at (0,0) size 6x17
                    text run at (0,0) width 6: " "
                RenderTableCell {TD} at (75,0) size 5x18 [r=0 c=8 rs=1 cs=1]
                  RenderText {#text} at (0,0) size 5x17
                    text run at (0,0) width 5 RTL: "\x{5D5}"
                RenderTableCell {TD} at (80,0) size 11x18 [r=0 c=9 rs=1 cs=1]
                  RenderText {#text} at (0,0) size 11x17
                    text run at (0,0) width 11 RTL: "\x{5D4}"
                RenderTableCell {TD} at (91,0) size 10x18 [r=0 c=10 rs=1 cs=1]
                  RenderText {#text} at (0,0) size 10x17
                    text run at (0,0) width 10 RTL: "\x{5D3}"
                RenderTableCell {TD} at (101,0) size 6x18 [r=0 c=11 rs=1 cs=1]
                  RenderText {#text} at (0,0) size 6x17
                    text run at (0,0) width 6: " "
                RenderTableCell {TD} at (107,0) size 13x18 [r=0 c=12 rs=1 cs=1]
                  RenderText {#text} at (0,0) size 13x17
                    text run at (0,0) width 13: "D"
                RenderTableCell {TD} at (120,0) size 11x18 [r=0 c=13 rs=1 cs=1]
                  RenderText {#text} at (0,0) size 11x17
                    text run at (0,0) width 11: "E"
                RenderTableCell {TD} at (131,0) size 10x18 [r=0 c=14 rs=1 cs=1]
                  RenderText {#text} at (0,0) size 10x17
                    text run at (0,0) width 10: "F"
                RenderTableCell {TD} at (141,0) size 6x18 [r=0 c=15 rs=1 cs=1]
                  RenderText {#text} at (0,0) size 6x17
                    text run at (0,0) width 6: " "
                RenderTableCell {TD} at (147,0) size 13x18 [r=0 c=16 rs=1 cs=1]
                  RenderText {#text} at (0,0) size 13x17
                    text run at (0,0) width 13: "G"
                RenderTableCell {TD} at (160,0) size 13x18 [r=0 c=17 rs=1 cs=1]
                  RenderText {#text} at (0,0) size 13x17
                    text run at (0,0) width 13: "H"
                RenderTableCell {TD} at (173,0) size 5x18 [r=0 c=18 rs=1 cs=1]
                  RenderText {#text} at (0,0) size 5x17
                    text run at (0,0) width 5: "I"
                RenderTableCell {TD} at (178,0) size 6x18 [r=0 c=19 rs=1 cs=1]
                  RenderText {#text} at (0,0) size 6x17
                    text run at (0,0) width 6: " "
                RenderTableCell {TD} at (184,0) size 11x18 [r=0 c=20 rs=1 cs=1]
                  RenderText {#text} at (0,0) size 11x17
                    text run at (0,0) width 11 RTL: "\x{5D8}"
                RenderTableCell {TD} at (195,0) size 11x18 [r=0 c=21 rs=1 cs=1]
                  RenderText {#text} at (0,0) size 11x17
                    text run at (0,0) width 11 RTL: "\x{5D7}"
                RenderTableCell {TD} at (206,0) size 6x18 [r=0 c=22 rs=1 cs=1]
                  RenderText {#text} at (0,0) size 6x17
                    text run at (0,0) width 6 RTL: "\x{5D6}"
          RenderBlock {P} at (4,22) size 212x18
            RenderText {#text} at (0,0) size 197x17
              text run at (0,0) width 27 RTL: "\x{5D0}\x{5D1}\x{5D2}"
              text run at (26,0) width 45: " ABC "
              text run at (70,0) width 25 RTL: "\x{5D3}\x{5D4}\x{5D5}"
              text run at (94,0) width 77: " DEF GHI "
              text run at (170,0) width 27 RTL: "\x{5D6}\x{5D7}\x{5D8}"
        RenderText {#text} at (701,78) size 6x17
          text run at (701,78) width 6: " "
        RenderBR {BR} at (706,78) size 1x17
        RenderBlock {DIV} at (3,179) size 220x44 [border: (1px solid #008000)]
          RenderTable {TABLE} at (4,4) size 212x18
            RenderTableSection {TBODY} at (0,0) size 212x18
              RenderTableRow {TR} at (0,0) size 212x18
                RenderTableCell {TD} at (0,0) size 10x18 [r=0 c=0 rs=1 cs=1]
                  RenderText {#text} at (0,0) size 10x17
                    text run at (0,0) width 10: "F"
                RenderTableCell {TD} at (10,0) size 11x18 [r=0 c=1 rs=1 cs=1]
                  RenderText {#text} at (0,0) size 11x17
                    text run at (0,0) width 11: "E"
                RenderTableCell {TD} at (21,0) size 13x18 [r=0 c=2 rs=1 cs=1]
                  RenderText {#text} at (0,0) size 13x17
                    text run at (0,0) width 13: "D"
                RenderTableCell {TD} at (34,0) size 6x18 [r=0 c=3 rs=1 cs=1]
                  RenderText {#text} at (0,0) size 6x17
                    text run at (0,0) width 6: " "
                RenderTableCell {TD} at (40,0) size 5x18 [r=0 c=4 rs=1 cs=1]
                  RenderText {#text} at (0,0) size 5x17
                    text run at (0,0) width 5 RTL: "\x{5D5}"
                RenderTableCell {TD} at (45,0) size 11x18 [r=0 c=5 rs=1 cs=1]
                  RenderText {#text} at (0,0) size 11x17
                    text run at (0,0) width 11 RTL: "\x{5D4}"
                RenderTableCell {TD} at (56,0) size 10x18 [r=0 c=6 rs=1 cs=1]
                  RenderText {#text} at (0,0) size 10x17
                    text run at (0,0) width 10 RTL: "\x{5D3}"
                RenderTableCell {TD} at (66,0) size 6x18 [r=0 c=7 rs=1 cs=1]
                  RenderText {#text} at (0,0) size 6x17
                    text run at (0,0) width 6: " "
                RenderTableCell {TD} at (72,0) size 12x18 [r=0 c=8 rs=1 cs=1]
                  RenderText {#text} at (0,0) size 12x17
                    text run at (0,0) width 12: "C"
                RenderTableCell {TD} at (84,0) size 11x18 [r=0 c=9 rs=1 cs=1]
                  RenderText {#text} at (0,0) size 11x17
                    text run at (0,0) width 11: "B"
                RenderTableCell {TD} at (95,0) size 11x18 [r=0 c=10 rs=1 cs=1]
                  RenderText {#text} at (0,0) size 11x17
                    text run at (0,0) width 11: "A"
                RenderTableCell {TD} at (106,0) size 6x18 [r=0 c=11 rs=1 cs=1]
                  RenderText {#text} at (0,0) size 6x17
                    text run at (0,0) width 6: " "
                RenderTableCell {TD} at (112,0) size 8x18 [r=0 c=12 rs=1 cs=1]
                  RenderText {#text} at (0,0) size 8x17
                    text run at (0,0) width 8 RTL: "\x{5D2}"
                RenderTableCell {TD} at (120,0) size 10x18 [r=0 c=13 rs=1 cs=1]
                  RenderText {#text} at (0,0) size 10x17
                    text run at (0,0) width 10 RTL: "\x{5D1}"
                RenderTableCell {TD} at (130,0) size 11x18 [r=0 c=14 rs=1 cs=1]
                  RenderText {#text} at (0,0) size 11x17
                    text run at (0,0) width 11 RTL: "\x{5D0}"
                RenderTableCell {TD} at (141,0) size 6x18 [r=0 c=15 rs=1 cs=1]
                  RenderText {#text} at (0,0) size 6x17
                    text run at (0,0) width 6: " "
                RenderTableCell {TD} at (147,0) size 13x18 [r=0 c=16 rs=1 cs=1]
                  RenderText {#text} at (0,0) size 13x17
                    text run at (0,0) width 13: "G"
                RenderTableCell {TD} at (160,0) size 13x18 [r=0 c=17 rs=1 cs=1]
                  RenderText {#text} at (0,0) size 13x17
                    text run at (0,0) width 13: "H"
                RenderTableCell {TD} at (173,0) size 5x18 [r=0 c=18 rs=1 cs=1]
                  RenderText {#text} at (0,0) size 5x17
                    text run at (0,0) width 5: "I"
                RenderTableCell {TD} at (178,0) size 6x18 [r=0 c=19 rs=1 cs=1]
                  RenderText {#text} at (0,0) size 6x17
                    text run at (0,0) width 6: " "
                RenderTableCell {TD} at (184,0) size 11x18 [r=0 c=20 rs=1 cs=1]
                  RenderText {#text} at (0,0) size 11x17
                    text run at (0,0) width 11 RTL: "\x{5D8}"
                RenderTableCell {TD} at (195,0) size 11x18 [r=0 c=21 rs=1 cs=1]
                  RenderText {#text} at (0,0) size 11x17
                    text run at (0,0) width 11 RTL: "\x{5D7}"
                RenderTableCell {TD} at (206,0) size 6x18 [r=0 c=22 rs=1 cs=1]
                  RenderText {#text} at (0,0) size 6x17
                    text run at (0,0) width 6 RTL: "\x{5D6}"
          RenderBlock {P} at (4,22) size 212x18
            RenderText {#text} at (0,0) size 197x17
              text run at (0,0) width 99 RTL override: "\x{202E}ABC \x{5D3}\x{5D4}\x{5D5} DEF"
              text run at (98,0) width 34 RTL: "\x{5D0}\x{5D1}\x{5D2} "
              text run at (131,0) width 40: "\x{202C} GHI "
              text run at (170,0) width 27 RTL: "\x{5D6}\x{5D7}\x{5D8}"
        RenderText {#text} at (226,191) size 6x17
          text run at (226,191) width 6: " "
        RenderBlock {DIV} at (234,179) size 220x44 [border: (1px solid #008000)]
          RenderTable {TABLE} at (4,4) size 212x18
            RenderTableSection {TBODY} at (0,0) size 212x18
              RenderTableRow {TR} at (0,0) size 212x18
                RenderTableCell {TD} at (0,0) size 8x18 [r=0 c=0 rs=1 cs=1]
                  RenderText {#text} at (0,0) size 8x17
                    text run at (0,0) width 8 RTL: "\x{5D2}"
                RenderTableCell {TD} at (8,0) size 10x18 [r=0 c=1 rs=1 cs=1]
                  RenderText {#text} at (0,0) size 10x17
                    text run at (0,0) width 10 RTL: "\x{5D1}"
                RenderTableCell {TD} at (18,0) size 11x18 [r=0 c=2 rs=1 cs=1]
                  RenderText {#text} at (0,0) size 11x17
                    text run at (0,0) width 11 RTL: "\x{5D0}"
                RenderTableCell {TD} at (29,0) size 6x18 [r=0 c=3 rs=1 cs=1]
                  RenderText {#text} at (0,0) size 6x17
                    text run at (0,0) width 6: " "
                RenderTableCell {TD} at (35,0) size 11x18 [r=0 c=4 rs=1 cs=1]
                  RenderText {#text} at (0,0) size 11x17
                    text run at (0,0) width 11: "A"
                RenderTableCell {TD} at (46,0) size 11x18 [r=0 c=5 rs=1 cs=1]
                  RenderText {#text} at (0,0) size 11x17
                    text run at (0,0) width 11: "B"
                RenderTableCell {TD} at (57,0) size 12x18 [r=0 c=6 rs=1 cs=1]
                  RenderText {#text} at (0,0) size 12x17
                    text run at (0,0) width 12: "C"
                RenderTableCell {TD} at (69,0) size 6x18 [r=0 c=7 rs=1 cs=1]
                  RenderText {#text} at (0,0) size 6x17
                    text run at (0,0) width 6: " "
                RenderTableCell {TD} at (75,0) size 10x18 [r=0 c=8 rs=1 cs=1]
                  RenderText {#text} at (0,0) size 10x17
                    text run at (0,0) width 10: "F"
                RenderTableCell {TD} at (85,0) size 11x18 [r=0 c=9 rs=1 cs=1]
                  RenderText {#text} at (0,0) size 11x17
                    text run at (0,0) width 11: "E"
                RenderTableCell {TD} at (96,0) size 13x18 [r=0 c=10 rs=1 cs=1]
                  RenderText {#text} at (0,0) size 13x17
                    text run at (0,0) width 13: "D"
                RenderTableCell {TD} at (109,0) size 6x18 [r=0 c=11 rs=1 cs=1]
                  RenderText {#text} at (0,0) size 6x17
                    text run at (0,0) width 6: " "
                RenderTableCell {TD} at (115,0) size 5x18 [r=0 c=12 rs=1 cs=1]
                  RenderText {#text} at (0,0) size 5x17
                    text run at (0,0) width 5 RTL: "\x{5D5}"
                RenderTableCell {TD} at (120,0) size 11x18 [r=0 c=13 rs=1 cs=1]
                  RenderText {#text} at (0,0) size 11x17
                    text run at (0,0) width 11 RTL: "\x{5D4}"
                RenderTableCell {TD} at (131,0) size 10x18 [r=0 c=14 rs=1 cs=1]
                  RenderText {#text} at (0,0) size 10x17
                    text run at (0,0) width 10 RTL: "\x{5D3}"
                RenderTableCell {TD} at (141,0) size 6x18 [r=0 c=15 rs=1 cs=1]
                  RenderText {#text} at (0,0) size 6x17
                    text run at (0,0) width 6: " "
                RenderTableCell {TD} at (147,0) size 13x18 [r=0 c=16 rs=1 cs=1]
                  RenderText {#text} at (0,0) size 13x17
                    text run at (0,0) width 13: "G"
                RenderTableCell {TD} at (160,0) size 13x18 [r=0 c=17 rs=1 cs=1]
                  RenderText {#text} at (0,0) size 13x17
                    text run at (0,0) width 13: "H"
                RenderTableCell {TD} at (173,0) size 5x18 [r=0 c=18 rs=1 cs=1]
                  RenderText {#text} at (0,0) size 5x17
                    text run at (0,0) width 5: "I"
                RenderTableCell {TD} at (178,0) size 6x18 [r=0 c=19 rs=1 cs=1]
                  RenderText {#text} at (0,0) size 6x17
                    text run at (0,0) width 6: " "
                RenderTableCell {TD} at (184,0) size 11x18 [r=0 c=20 rs=1 cs=1]
                  RenderText {#text} at (0,0) size 11x17
                    text run at (0,0) width 11 RTL: "\x{5D8}"
                RenderTableCell {TD} at (195,0) size 11x18 [r=0 c=21 rs=1 cs=1]
                  RenderText {#text} at (0,0) size 11x17
                    text run at (0,0) width 11 RTL: "\x{5D7}"
                RenderTableCell {TD} at (206,0) size 6x18 [r=0 c=22 rs=1 cs=1]
                  RenderText {#text} at (0,0) size 6x17
                    text run at (0,0) width 6 RTL: "\x{5D6}"
          RenderBlock {P} at (4,22) size 212x18
            RenderText {#text} at (0,0) size 197x17
              text run at (0,0) width 27 RTL: "\x{5D0}\x{5D1}\x{5D2}"
              text run at (26,0) width 45: " ABC "
              text run at (70,0) width 62 RTL override: "\x{202E}\x{5D3}\x{5D4}\x{5D5} DEF"
              text run at (131,0) width 40: "\x{202C} GHI "
              text run at (170,0) width 27 RTL: "\x{5D6}\x{5D7}\x{5D8}"
        RenderText {#text} at (0,0) size 0x0
      RenderBlock {P} at (0,457) size 768x18
        RenderText {#text} at (0,0) size 457x17
          text run at (0,0) width 49: "Note: "
          text run at (48,0) width 409: "This test does not test RLM or LRM, but it ought to."
      RenderBlock {HR} at (0,491) size 768x2 [border: (1px inset #000000)]
      RenderBlock {P} at (0,509) size 768x18
        RenderText {#text} at (0,0) size 72x17
          text run at (0,0) width 72: "(Back to "
        RenderInline {A} at (0,0) size 194x17 [color=#0000EE]
          RenderText {#text} at (71,0) size 194x17
            text run at (71,0) width 194: "CSS Testing Information"
        RenderText {#text} at (264,0) size 12x17
          text run at (264,0) width 12: ", "
        RenderInline {A} at (0,0) size 99x17 [color=#0000EE]
          RenderText {#text} at (275,0) size 99x17
            text run at (275,0) width 99: "David Baron"
        RenderText {#text} at (373,0) size 7x17
          text run at (373,0) width 7: ")"
      RenderBlock {P} at (0,543) size 768x18
        RenderInline {A} at (0,0) size 33x17 [color=#0000EE]
          RenderText {#text} at (0,0) size 33x17
            text run at (0,0) width 33: "LDB"
        RenderText {#text} at (32,0) size 11x17
          text run at (32,0) width 11: ", "
        RenderInline {A} at (0,0) size 162x17 [color=#0000EE]
          RenderText {#text} at (42,0) size 162x17
            text run at (42,0) width 162: "dbaron@dbaron.org"
        RenderText {#text} at (203,0) size 104x17
          text run at (203,0) width 104: ", 2001-06-05"
      RenderBlock {P} at (0,577) size 768x18
        RenderText {#text} at (0,0) size 387x17
          text run at (0,0) width 387: "Modified and used with the author\x{2019}s permission."
