layer at (0,0) size 800x600
  RenderView at (0,0) size 800x600
layer at (0,0) size 800x600
  RenderBlock {HTML} at (0,0) size 800x600
    RenderBody {BODY} at (8,8) size 784x576
      RenderBlock {P} at (0,0) size 784x36
        RenderText {#text} at (0,0) size 134x17
          text run at (0,0) width 134: "This is a test for "
        RenderInline {I} at (0,0) size 783x35
          RenderText {#text} at (133,0) size 783x35
            text run at (133,0) width 650: "http://bugzilla.opendarwin.org/show_bug.cgi?id=5980 Bidi properties of an inline"
            text run at (0,18) width 482: "container whose first child is an inline container are ignored"
        RenderText {#text} at (481,18) size 6x17
          text run at (481,18) width 6: "."
      RenderBlock {HR} at (0,52) size 784x2 [border: (1px inset #000000)]
      RenderBlock {P} at (0,70) size 784x18
        RenderText {#text} at (0,0) size 370x17
          text run at (0,0) width 370: "The following lines should read \x{201C}ABCDEFGHI\x{201D}:"
      RenderBlock {P} at (0,104) size 784x18
        RenderText {#text} at (0,0) size 34x17
          text run at (0,0) width 34: "ABC"
        RenderInline {SPAN} at (0,0) size 32x17
          RenderText {#text} at (33,0) size 32x17
            text run at (33,0) width 32 RTL override: "FED"
        RenderText {#text} at (64,0) size 30x17
          text run at (64,0) width 30: "GHI"
      RenderBlock {P} at (0,138) size 784x18
        RenderText {#text} at (0,0) size 34x17
          text run at (0,0) width 34: "ABC"
        RenderInline {SPAN} at (0,0) size 32x17
          RenderInline {SPAN} at (0,0) size 32x17
            RenderText {#text} at (33,0) size 32x17
              text run at (33,0) width 32 RTL override: "FED"
        RenderText {#text} at (64,0) size 30x17
          text run at (64,0) width 30: "GHI"
      RenderBlock {P} at (0,172) size 784x18
        RenderText {#text} at (0,0) size 34x17
          text run at (0,0) width 34: "ABC"
        RenderInline {SPAN} at (0,0) size 32x17
          RenderText {#text} at (55,0) size 10x17
            text run at (55,0) width 10 RTL override: "F"
          RenderInline {SPAN} at (0,0) size 23x17
            RenderText {#text} at (33,0) size 23x17
              text run at (33,0) width 23 RTL override: "ED"
        RenderText {#text} at (64,0) size 30x17
          text run at (64,0) width 30: "GHI"
      RenderBlock {P} at (0,206) size 784x18
        RenderText {#text} at (0,0) size 34x17
          text run at (0,0) width 34: "ABC"
        RenderInline {SPAN} at (0,0) size 32x17
          RenderText {#text} at (55,0) size 10x17
            text run at (55,0) width 10 RTL override: "F"
          RenderInline {SPAN} at (0,0) size 11x17
            RenderText {#text} at (45,0) size 11x17
              text run at (45,0) width 11 RTL override: "E"
          RenderText {#text} at (33,0) size 13x17
            text run at (33,0) width 13 RTL override: "D"
        RenderText {#text} at (64,0) size 30x17
          text run at (64,0) width 30: "GHI"
      RenderBlock {P} at (0,240) size 784x18
        RenderText {#text} at (0,0) size 34x17
          text run at (0,0) width 34: "ABC"
        RenderInline {SPAN} at (0,0) size 32x17
          RenderInline {SPAN} at (0,0) size 20x17
            RenderText {#text} at (45,0) size 20x17
              text run at (45,0) width 20 RTL override: "FE"
          RenderText {#text} at (33,0) size 13x17
            text run at (33,0) width 13 RTL override: "D"
        RenderText {#text} at (64,0) size 30x17
          text run at (64,0) width 30: "GHI"
      RenderBlock {P} at (0,274) size 784x18
        RenderInline {SPAN} at (0,0) size 94x17
          RenderText {#text} at (0,0) size 94x17
            text run at (0,0) width 94 RTL override: "IHGFEDCBA"
        RenderText {#text} at (0,0) size 0x0
      RenderBlock {P} at (0,308) size 784x18
        RenderInline {SPAN} at (0,0) size 94x17
          RenderText {#text} at (0,0) size 94x17
            text run at (0,0) width 94 RTL override: "IHGFEDCBA"
        RenderText {#text} at (0,0) size 0x0
      RenderBlock {HR} at (0,342) size 784x2 [border: (1px inset #000000)]
      RenderBlock (anonymous) at (0,352) size 784x18
        RenderText {#text} at (0,0) size 312x17
          text run at (0,0) width 312: "The following lines should be identical:"
      RenderBlock {P} at (0,386) size 784x18
        RenderText {#text} at (0,0) size 64x17
          text run at (0,0) width 25 RTL: "\x{5D3}\x{5D4}\x{5D5}"
          text run at (24,0) width 13: "(["
          text run at (36,0) width 28 RTL: "\x{202C}\x{5D0}\x{5D1}\x{5D2}"
          text run at (63,0) width 1: "\x{202A}"
      RenderBlock {P} at (0,420) size 784x18
        RenderText {#text} at (0,0) size 37x17
          text run at (0,0) width 25 RTL: "\x{5D3}\x{5D4}\x{5D5}"
          text run at (24,0) width 13: "(["
        RenderInline {SPAN} at (0,0) size 1x17
        RenderText {#text} at (36,0) size 28x17
          text run at (36,0) width 28 RTL: "\x{5D0}\x{5D1}\x{5D2}"
      RenderBlock {P} at (0,454) size 784x18
        RenderText {#text} at (0,0) size 37x17
          text run at (0,0) width 25 RTL: "\x{5D3}\x{5D4}\x{5D5}"
          text run at (24,0) width 13: "(["
        RenderInline {SPAN} at (0,0) size 1x17
          RenderInline {SPAN} at (0,0) size 1x17
        RenderText {#text} at (36,0) size 28x17
          text run at (36,0) width 28 RTL: "\x{5D0}\x{5D1}\x{5D2}"
      RenderBlock {P} at (0,488) size 784x18
        RenderText {#text} at (0,0) size 37x17
          text run at (0,0) width 25 RTL: "\x{5D3}\x{5D4}\x{5D5}"
          text run at (24,0) width 13: "(["
        RenderInline {SPAN} at (0,0) size 1x17
          RenderInline {SPAN} at (0,0) size 1x17
        RenderText {#text} at (36,0) size 28x17
          text run at (36,0) width 28 RTL: "\x{5D0}\x{5D1}\x{5D2}"
