layer at (0,0) size 784x6026
  RenderView at (0,0) size 784x600
layer at (0,0) size 784x6026
  RenderBlock {HTML} at (0,0) size 784x6026
    RenderBody {BODY} at (8,8) size 768x6002
      RenderBlock {P} at (0,0) size 768x18
        RenderText {#text} at (0,0) size 308x17
          text run at (0,0) width 308: "Tests the resolved level of runs of neutral types."
      RenderBlock {DIV} at (0,34) size 768x2976
        RenderBlock {P} at (0,0) size 768x18
          RenderText {#text} at (0,0) size 44x17
            text run at (0,0) width 44: "ab(^cd"
        RenderBlock {P} at (0,34) size 768x18
          RenderText {#text} at (0,0) size 48x17
            text run at (0,0) width 20 RTL: "\x{5D0}\x{5D1}"
            text run at (19,0) width 29: "(^cd"
        RenderBlock {P} at (0,68) size 768x18
          RenderText {#text} at (0,0) size 47x17
            text run at (0,0) width 19 RTL: "\x{627}\x{628}"
            text run at (19,0) width 28: "(^cd"
        RenderBlock {P} at (0,102) size 768x18
          RenderText {#text} at (0,0) size 60x17
            text run at (0,0) width 60: "ab12(^cd"
        RenderBlock {P} at (0,136) size 768x18
          RenderText {#text} at (0,0) size 64x17
            text run at (0,0) width 16: "12"
            text run at (16,0) width 20 RTL: "\x{5D0}\x{5D1}"
            text run at (35,0) width 29: "(^cd"
        RenderBlock {P} at (0,170) size 768x18
          RenderText {#text} at (0,0) size 63x17
            text run at (0,0) width 16: "12"
            text run at (16,0) width 19 RTL: "\x{627}\x{628}"
            text run at (35,0) width 28: "(^cd"
        RenderBlock {P} at (0,204) size 768x18
          RenderText {#text} at (0,0) size 62x17
            text run at (0,0) width 16: "ab"
            text run at (15,0) width 19: "\x{661}\x{662}"
            text run at (33,0) width 29: "(^cd"
        RenderBlock {P} at (0,238) size 768x18
          RenderText {#text} at (0,0) size 66x17
            text run at (0,0) width 18: "\x{661}\x{662}"
            text run at (18,0) width 20 RTL: "\x{5D0}\x{5D1}"
            text run at (37,0) width 29: "(^cd"
        RenderBlock {P} at (0,272) size 768x18
          RenderText {#text} at (0,0) size 65x17
            text run at (0,0) width 18: "\x{661}\x{662}"
            text run at (18,0) width 19 RTL: "\x{627}\x{628}"
            text run at (37,0) width 28: "(^cd"
        RenderBlock {P} at (0,306) size 768x18
          RenderText {#text} at (0,0) size 36x17
            text run at (0,0) width 8: "\x{202A}?"
            text run at (7,0) width 29: "\x{202C}(^cd"
        RenderBlock {P} at (0,340) size 768x18
          RenderText {#text} at (0,0) size 36x17
            text run at (0,0) width 8 RTL: "\x{202B}?"
            text run at (7,0) width 29: "\x{202C}(^cd"
        RenderBlock {P} at (0,374) size 768x18
          RenderText {#text} at (0,0) size 45x17
            text run at (0,0) width 28: "ab(^"
            text run at (27,0) width 18 RTL: "\x{5D2}\x{5D3}"
        RenderBlock {P} at (0,408) size 768x18
          RenderText {#text} at (0,0) size 50x17
            text run at (0,0) width 50 RTL: "\x{5D0}\x{5D1}(^\x{5D2}\x{5D3}"
        RenderBlock {P} at (0,442) size 768x18
          RenderText {#text} at (0,0) size 49x17
            text run at (0,0) width 49 RTL: "\x{627}\x{628}(^\x{5D2}\x{5D3}"
        RenderBlock {P} at (0,476) size 768x18
          RenderText {#text} at (0,0) size 61x17
            text run at (0,0) width 44: "ab12(^"
            text run at (43,0) width 18 RTL: "\x{5D2}\x{5D3}"
        RenderBlock {P} at (0,510) size 768x18
          RenderText {#text} at (0,0) size 66x17
            text run at (0,0) width 30 RTL: "(^\x{5D2}\x{5D3}"
            text run at (29,0) width 17: "12"
            text run at (45,0) width 21 RTL: "\x{5D0}\x{5D1}"
        RenderBlock {P} at (0,544) size 768x18
          RenderText {#text} at (0,0) size 65x17
            text run at (0,0) width 30 RTL: "(^\x{5D2}\x{5D3}"
            text run at (29,0) width 17: "12"
            text run at (45,0) width 20 RTL: "\x{627}\x{628}"
        RenderBlock {P} at (0,578) size 768x18
          RenderText {#text} at (0,0) size 63x17
            text run at (0,0) width 16: "ab"
            text run at (15,0) width 30 RTL: "(^\x{5D2}\x{5D3}"
            text run at (44,0) width 19: "\x{661}\x{662}"
        RenderBlock {P} at (0,612) size 768x18
          RenderText {#text} at (0,0) size 68x17
            text run at (0,0) width 30 RTL: "(^\x{5D2}\x{5D3}"
            text run at (29,0) width 19: "\x{661}\x{662}"
            text run at (47,0) width 21 RTL: "\x{5D0}\x{5D1}"
        RenderBlock {P} at (0,646) size 768x18
          RenderText {#text} at (0,0) size 67x17
            text run at (0,0) width 30 RTL: "(^\x{5D2}\x{5D3}"
            text run at (29,0) width 19: "\x{661}\x{662}"
            text run at (47,0) width 20 RTL: "\x{627}\x{628}"
        RenderBlock {P} at (0,680) size 768x18
          RenderText {#text} at (0,0) size 37x17
            text run at (0,0) width 8: "\x{202A}?"
            text run at (7,0) width 13: "\x{202C}(^"
            text run at (19,0) width 18 RTL: "\x{5D2}\x{5D3}"
        RenderBlock {P} at (0,714) size 768x18
          RenderText {#text} at (0,0) size 37x17
            text run at (0,0) width 30 RTL: "\x{202C}(^\x{5D2}\x{5D3}"
            text run at (29,0) width 8 RTL: "\x{202B}?"
        RenderBlock {P} at (0,748) size 768x18
          RenderText {#text} at (0,0) size 46x17
            text run at (0,0) width 28: "ab(^"
            text run at (27,0) width 19 RTL: "\x{62C}\x{62F}"
        RenderBlock {P} at (0,782) size 768x18
          RenderText {#text} at (0,0) size 51x17
            text run at (0,0) width 51 RTL: "\x{5D0}\x{5D1}(^\x{62C}\x{62F}"
        RenderBlock {P} at (0,816) size 768x18
          RenderText {#text} at (0,0) size 50x17
            text run at (0,0) width 50 RTL: "\x{627}\x{628}(^\x{62C}\x{62F}"
        RenderBlock {P} at (0,850) size 768x18
          RenderText {#text} at (0,0) size 62x17
            text run at (0,0) width 44: "ab12(^"
            text run at (43,0) width 19 RTL: "\x{62C}\x{62F}"
        RenderBlock {P} at (0,884) size 768x18
          RenderText {#text} at (0,0) size 67x17
            text run at (0,0) width 31 RTL: "(^\x{62C}\x{62F}"
            text run at (31,0) width 16: "12"
            text run at (47,0) width 20 RTL: "\x{5D0}\x{5D1}"
        RenderBlock {P} at (0,918) size 768x18
          RenderText {#text} at (0,0) size 66x17
            text run at (0,0) width 31 RTL: "(^\x{62C}\x{62F}"
            text run at (31,0) width 16: "12"
            text run at (47,0) width 19 RTL: "\x{627}\x{628}"
        RenderBlock {P} at (0,952) size 768x18
          RenderText {#text} at (0,0) size 65x17
            text run at (0,0) width 16: "ab"
            text run at (15,0) width 32 RTL: "(^\x{62C}\x{62F}"
            text run at (46,0) width 19: "\x{661}\x{662}"
        RenderBlock {P} at (0,986) size 768x18
          RenderText {#text} at (0,0) size 69x17
            text run at (0,0) width 31 RTL: "(^\x{62C}\x{62F}"
            text run at (31,0) width 18: "\x{661}\x{662}"
            text run at (49,0) width 20 RTL: "\x{5D0}\x{5D1}"
        RenderBlock {P} at (0,1020) size 768x18
          RenderText {#text} at (0,0) size 68x17
            text run at (0,0) width 31 RTL: "(^\x{62C}\x{62F}"
            text run at (31,0) width 18: "\x{661}\x{662}"
            text run at (49,0) width 19 RTL: "\x{627}\x{628}"
        RenderBlock {P} at (0,1054) size 768x18
          RenderText {#text} at (0,0) size 38x17
            text run at (0,0) width 8: "\x{202A}?"
            text run at (7,0) width 13: "\x{202C}(^"
            text run at (19,0) width 19 RTL: "\x{62C}\x{62F}"
        RenderBlock {P} at (0,1088) size 768x18
          RenderText {#text} at (0,0) size 39x17
            text run at (0,0) width 31 RTL: "\x{202C}(^\x{62C}\x{62F}"
            text run at (31,0) width 8 RTL: "\x{202B}?"
        RenderBlock {P} at (0,1122) size 768x18
          RenderText {#text} at (0,0) size 64x17
            text run at (0,0) width 44: "ab(^34"
            text run at (43,0) width 14 RTL: "\x{5E9}"
            text run at (56,0) width 8: "z"
        RenderBlock {P} at (0,1156) size 768x18
          RenderText {#text} at (0,0) size 69x17
            text run at (0,0) width 13 RTL: "\x{5E9}"
            text run at (12,0) width 17: "34"
            text run at (28,0) width 34 RTL: "\x{5D0}\x{5D1}(^"
            text run at (61,0) width 8: "z"
        RenderBlock {P} at (0,1190) size 768x18
          RenderText {#text} at (0,0) size 69x17
            text run at (0,0) width 13 RTL: "\x{5E9}"
            text run at (12,0) width 17: "34"
            text run at (28,0) width 33 RTL: "\x{627}\x{628}(^"
            text run at (60,0) width 9: "z"
        RenderBlock {P} at (0,1224) size 768x18
          RenderText {#text} at (0,0) size 80x17
            text run at (0,0) width 60: "ab12(^34"
            text run at (59,0) width 14 RTL: "\x{5E9}"
            text run at (72,0) width 8: "z"
        RenderBlock {P} at (0,1258) size 768x18
          RenderText {#text} at (0,0) size 85x17
            text run at (0,0) width 13 RTL: "\x{5E9}"
            text run at (12,0) width 17: "34"
            text run at (28,0) width 14 RTL: "(^"
            text run at (41,0) width 17: "12"
            text run at (57,0) width 21 RTL: "\x{5D0}\x{5D1}"
            text run at (77,0) width 8: "z"
        RenderBlock {P} at (0,1292) size 768x18
          RenderText {#text} at (0,0) size 84x17
            text run at (0,0) width 13 RTL: "\x{5E9}"
            text run at (12,0) width 17: "34"
            text run at (28,0) width 14 RTL: "(^"
            text run at (41,0) width 17: "12"
            text run at (57,0) width 20 RTL: "\x{627}\x{628}"
            text run at (76,0) width 8: "z"
        RenderBlock {P} at (0,1326) size 768x18
          RenderText {#text} at (0,0) size 82x17
            text run at (0,0) width 16: "ab"
            text run at (15,0) width 19: "\x{661}\x{662}"
            text run at (33,0) width 29: "(^34"
            text run at (61,0) width 14 RTL: "\x{5E9}"
            text run at (74,0) width 8: "z"
        RenderBlock {P} at (0,1360) size 768x18
          RenderText {#text} at (0,0) size 87x17
            text run at (0,0) width 13 RTL: "\x{5E9}"
            text run at (12,0) width 17: "34"
            text run at (28,0) width 14 RTL: "(^"
            text run at (41,0) width 19: "\x{661}\x{662}"
            text run at (59,0) width 21 RTL: "\x{5D0}\x{5D1}"
            text run at (79,0) width 8: "z"
        RenderBlock {P} at (0,1394) size 768x18
          RenderText {#text} at (0,0) size 86x17
            text run at (0,0) width 13 RTL: "\x{5E9}"
            text run at (12,0) width 17: "34"
            text run at (28,0) width 14 RTL: "(^"
            text run at (41,0) width 19: "\x{661}\x{662}"
            text run at (59,0) width 20 RTL: "\x{627}\x{628}"
            text run at (78,0) width 8: "z"
        RenderBlock {P} at (0,1428) size 768x18
          RenderText {#text} at (0,0) size 56x17
            text run at (0,0) width 8: "\x{202A}?"
            text run at (7,0) width 29: "\x{202C}(^34"
            text run at (35,0) width 14 RTL: "\x{5E9}"
            text run at (48,0) width 8: "z"
        RenderBlock {P} at (0,1462) size 768x18
          RenderText {#text} at (0,0) size 56x17
            text run at (0,0) width 13 RTL: "\x{5E9}"
            text run at (12,0) width 17: "34"
            text run at (28,0) width 14 RTL: "\x{202C}(^"
            text run at (41,0) width 8 RTL: "\x{202B}?"
            text run at (48,0) width 8: "z"
        RenderBlock {P} at (0,1496) size 768x18
          RenderText {#text} at (0,0) size 66x17
            text run at (0,0) width 28: "ab(^"
            text run at (27,0) width 14 RTL: "\x{5E9}"
            text run at (40,0) width 19: "\x{663}\x{664}"
            text run at (58,0) width 8: "z"
        RenderBlock {P} at (0,1530) size 768x18
          RenderText {#text} at (0,0) size 71x17
            text run at (0,0) width 13 RTL: "\x{5E9}"
            text run at (12,0) width 19: "\x{663}\x{664}"
            text run at (30,0) width 34 RTL: "\x{5D0}\x{5D1}(^"
            text run at (63,0) width 8: "z"
        RenderBlock {P} at (0,1564) size 768x18
          RenderText {#text} at (0,0) size 71x17
            text run at (0,0) width 13 RTL: "\x{5E9}"
            text run at (12,0) width 19: "\x{663}\x{664}"
            text run at (30,0) width 33 RTL: "\x{627}\x{628}(^"
            text run at (62,0) width 9: "z"
        RenderBlock {P} at (0,1598) size 768x18
          RenderText {#text} at (0,0) size 82x17
            text run at (0,0) width 44: "ab12(^"
            text run at (43,0) width 14 RTL: "\x{5E9}"
            text run at (56,0) width 19: "\x{663}\x{664}"
            text run at (74,0) width 8: "z"
        RenderBlock {P} at (0,1632) size 768x18
          RenderText {#text} at (0,0) size 87x17
            text run at (0,0) width 13 RTL: "\x{5E9}"
            text run at (12,0) width 19: "\x{663}\x{664}"
            text run at (30,0) width 14 RTL: "(^"
            text run at (43,0) width 17: "12"
            text run at (59,0) width 21 RTL: "\x{5D0}\x{5D1}"
            text run at (79,0) width 8: "z"
        RenderBlock {P} at (0,1666) size 768x18
          RenderText {#text} at (0,0) size 86x17
            text run at (0,0) width 13 RTL: "\x{5E9}"
            text run at (12,0) width 19: "\x{663}\x{664}"
            text run at (30,0) width 14 RTL: "(^"
            text run at (43,0) width 17: "12"
            text run at (59,0) width 20 RTL: "\x{627}\x{628}"
            text run at (78,0) width 8: "z"
        RenderBlock {P} at (0,1700) size 768x18
          RenderText {#text} at (0,0) size 84x17
            text run at (0,0) width 16: "ab"
            text run at (15,0) width 14 RTL: "\x{5E9}"
            text run at (28,0) width 19: "\x{663}\x{664}"
            text run at (46,0) width 13 RTL: "(^"
            text run at (58,0) width 19: "\x{661}\x{662}"
            text run at (76,0) width 8: "z"
        RenderBlock {P} at (0,1734) size 768x18
          RenderText {#text} at (0,0) size 89x17
            text run at (0,0) width 13 RTL: "\x{5E9}"
            text run at (12,0) width 19: "\x{663}\x{664}"
            text run at (30,0) width 14 RTL: "(^"
            text run at (43,0) width 19: "\x{661}\x{662}"
            text run at (61,0) width 21 RTL: "\x{5D0}\x{5D1}"
            text run at (81,0) width 8: "z"
        RenderBlock {P} at (0,1768) size 768x18
          RenderText {#text} at (0,0) size 88x17
            text run at (0,0) width 13 RTL: "\x{5E9}"
            text run at (12,0) width 19: "\x{663}\x{664}"
            text run at (30,0) width 14 RTL: "(^"
            text run at (43,0) width 19: "\x{661}\x{662}"
            text run at (61,0) width 20 RTL: "\x{627}\x{628}"
            text run at (80,0) width 8: "z"
        RenderBlock {P} at (0,1802) size 768x18
          RenderText {#text} at (0,0) size 58x17
            text run at (0,0) width 8: "\x{202A}?"
            text run at (7,0) width 13: "\x{202C}(^"
            text run at (19,0) width 14 RTL: "\x{5E9}"
            text run at (32,0) width 19: "\x{663}\x{664}"
            text run at (50,0) width 8: "z"
        RenderBlock {P} at (0,1836) size 768x18
          RenderText {#text} at (0,0) size 58x17
            text run at (0,0) width 13 RTL: "\x{5E9}"
            text run at (12,0) width 19: "\x{663}\x{664}"
            text run at (30,0) width 14 RTL: "\x{202C}(^"
            text run at (43,0) width 8 RTL: "\x{202B}?"
            text run at (50,0) width 8: "z"
        RenderBlock {P} at (0,1870) size 768x18
          RenderText {#text} at (0,0) size 34x17
            text run at (0,0) width 28: "ab(^"
            text run at (27,0) width 7: "\x{202A}!"
            text run at (33,0) width 1: "\x{202C}"
        RenderBlock {P} at (0,1904) size 768x18
          RenderText {#text} at (0,0) size 38x17
            text run at (0,0) width 20 RTL: "\x{5D0}\x{5D1}"
            text run at (19,0) width 14: "(^"
            text run at (32,0) width 6: "\x{202A}!"
            text run at (37,0) width 1: "\x{202C}"
        RenderBlock {P} at (0,1938) size 768x18
          RenderText {#text} at (0,0) size 38x17
            text run at (0,0) width 19 RTL: "\x{627}\x{628}"
            text run at (19,0) width 13: "(^"
            text run at (31,0) width 7: "\x{202A}!"
            text run at (37,0) width 1: "\x{202C}"
        RenderBlock {P} at (0,1972) size 768x18
          RenderText {#text} at (0,0) size 50x17
            text run at (0,0) width 44: "ab12(^"
            text run at (43,0) width 7: "\x{202A}!"
            text run at (49,0) width 1: "\x{202C}"
        RenderBlock {P} at (0,2006) size 768x18
          RenderText {#text} at (0,0) size 54x17
            text run at (0,0) width 16: "12"
            text run at (16,0) width 20 RTL: "\x{5D0}\x{5D1}"
            text run at (35,0) width 14: "(^"
            text run at (48,0) width 6: "\x{202A}!"
            text run at (53,0) width 1: "\x{202C}"
        RenderBlock {P} at (0,2040) size 768x18
          RenderText {#text} at (0,0) size 54x17
            text run at (0,0) width 16: "12"
            text run at (16,0) width 19 RTL: "\x{627}\x{628}"
            text run at (35,0) width 13: "(^"
            text run at (47,0) width 7: "\x{202A}!"
            text run at (53,0) width 1: "\x{202C}"
        RenderBlock {P} at (0,2074) size 768x18
          RenderText {#text} at (0,0) size 52x17
            text run at (0,0) width 16: "ab"
            text run at (15,0) width 19: "\x{661}\x{662}"
            text run at (33,0) width 13: "(^"
            text run at (45,0) width 7: "\x{202A}!"
            text run at (51,0) width 1: "\x{202C}"
        RenderBlock {P} at (0,2108) size 768x18
          RenderText {#text} at (0,0) size 56x17
            text run at (0,0) width 18: "\x{661}\x{662}"
            text run at (18,0) width 20 RTL: "\x{5D0}\x{5D1}"
            text run at (37,0) width 14: "(^"
            text run at (50,0) width 6: "\x{202A}!"
            text run at (55,0) width 1: "\x{202C}"
        RenderBlock {P} at (0,2142) size 768x18
          RenderText {#text} at (0,0) size 56x17
            text run at (0,0) width 18: "\x{661}\x{662}"
            text run at (18,0) width 19 RTL: "\x{627}\x{628}"
            text run at (37,0) width 13: "(^"
            text run at (49,0) width 7: "\x{202A}!"
            text run at (55,0) width 1: "\x{202C}"
        RenderBlock {P} at (0,2176) size 768x18
          RenderText {#text} at (0,0) size 26x17
            text run at (0,0) width 8: "\x{202A}?"
            text run at (7,0) width 13: "\x{202C}(^"
            text run at (19,0) width 7: "\x{202A}!"
            text run at (25,0) width 1: "\x{202C}"
        RenderBlock {P} at (0,2210) size 768x18
          RenderText {#text} at (0,0) size 26x17
            text run at (0,0) width 8 RTL: "\x{202B}?"
            text run at (7,0) width 13: "\x{202C}(^"
            text run at (19,0) width 7: "\x{202A}!"
            text run at (25,0) width 1: "\x{202C}"
        RenderBlock {P} at (0,2244) size 768x18
          RenderText {#text} at (0,0) size 34x17
            text run at (0,0) width 28: "ab(^"
            text run at (27,0) width 7 RTL: "\x{202B}!"
            text run at (33,0) width 1: "\x{202C}"
        RenderBlock {P} at (0,2278) size 768x18
          RenderText {#text} at (0,0) size 38x17
            text run at (0,0) width 6 RTL: "\x{202B}!"
            text run at (5,0) width 33 RTL: "\x{5D0}\x{5D1}(^"
            text run at (37,0) width 1: "\x{202C}"
        RenderBlock {P} at (0,2312) size 768x18
          RenderText {#text} at (0,0) size 38x17
            text run at (0,0) width 6 RTL: "\x{202B}!"
            text run at (5,0) width 33 RTL: "\x{627}\x{628}(^"
            text run at (37,0) width 1: "\x{202C}"
        RenderBlock {P} at (0,2346) size 768x18
          RenderText {#text} at (0,0) size 50x17
            text run at (0,0) width 44: "ab12(^"
            text run at (43,0) width 7 RTL: "\x{202B}!"
            text run at (49,0) width 1: "\x{202C}"
        RenderBlock {P} at (0,2380) size 768x18
          RenderText {#text} at (0,0) size 54x17
            text run at (0,0) width 6 RTL: "\x{202B}!"
            text run at (5,0) width 14 RTL: "(^"
            text run at (18,0) width 17: "12"
            text run at (34,0) width 20 RTL: "\x{5D0}\x{5D1}"
            text run at (53,0) width 1: "\x{202C}"
        RenderBlock {P} at (0,2414) size 768x18
          RenderText {#text} at (0,0) size 54x17
            text run at (0,0) width 6 RTL: "\x{202B}!"
            text run at (5,0) width 14 RTL: "(^"
            text run at (18,0) width 17: "12"
            text run at (34,0) width 20 RTL: "\x{627}\x{628}"
            text run at (53,0) width 1: "\x{202C}"
        RenderBlock {P} at (0,2448) size 768x18
          RenderText {#text} at (0,0) size 52x17
            text run at (0,0) width 16: "ab"
            text run at (15,0) width 6 RTL: "\x{202B}!"
            text run at (20,0) width 14 RTL: "(^"
            text run at (33,0) width 19: "\x{661}\x{662}"
            text run at (51,0) width 1: "\x{202C}"
        RenderBlock {P} at (0,2482) size 768x18
          RenderText {#text} at (0,0) size 56x17
            text run at (0,0) width 6 RTL: "\x{202B}!"
            text run at (5,0) width 14 RTL: "(^"
            text run at (18,0) width 19: "\x{661}\x{662}"
            text run at (36,0) width 20 RTL: "\x{5D0}\x{5D1}"
            text run at (55,0) width 1: "\x{202C}"
        RenderBlock {P} at (0,2516) size 768x18
          RenderText {#text} at (0,0) size 56x17
            text run at (0,0) width 6 RTL: "\x{202B}!"
            text run at (5,0) width 14 RTL: "(^"
            text run at (18,0) width 19: "\x{661}\x{662}"
            text run at (36,0) width 20 RTL: "\x{627}\x{628}"
            text run at (55,0) width 1: "\x{202C}"
        RenderBlock {P} at (0,2550) size 768x18
          RenderText {#text} at (0,0) size 26x17
            text run at (0,0) width 8: "\x{202A}?"
            text run at (7,0) width 13: "\x{202C}(^"
            text run at (19,0) width 7 RTL: "\x{202B}!"
            text run at (25,0) width 1: "\x{202C}"
        RenderBlock {P} at (0,2584) size 768x18
          RenderText {#text} at (0,0) size 26x17
            text run at (0,0) width 6 RTL: "\x{202B}!"
            text run at (5,0) width 14 RTL: "\x{202C}(^"
            text run at (18,0) width 8 RTL: "\x{202B}?"
            text run at (25,0) width 1: "\x{202C}"
        RenderBlock {P} at (0,2618) size 768x18
          RenderText {#text} at (0,0) size 28x17
            text run at (0,0) width 28: "\x{202A}ab(^"
            text run at (27,0) width 1: "\x{202C}"
        RenderBlock {P} at (0,2652) size 768x18
          RenderText {#text} at (0,0) size 33x17
            text run at (0,0) width 20 RTL: "\x{202A}\x{5D0}\x{5D1}"
            text run at (19,0) width 14: "(^"
            text run at (32,0) width 1: "\x{202C}"
        RenderBlock {P} at (0,2686) size 768x18
          RenderText {#text} at (0,0) size 32x17
            text run at (0,0) width 19 RTL: "\x{202A}\x{627}\x{628}"
            text run at (19,0) width 13: "(^"
            text run at (31,0) width 1: "\x{202C}"
        RenderBlock {P} at (0,2720) size 768x18
          RenderText {#text} at (0,0) size 44x17
            text run at (0,0) width 44: "\x{202A}ab12(^"
            text run at (43,0) width 1: "\x{202C}"
        RenderBlock {P} at (0,2754) size 768x18
          RenderText {#text} at (0,0) size 49x17
            text run at (0,0) width 16: "12"
            text run at (16,0) width 20 RTL: "\x{202A}\x{5D0}\x{5D1}"
            text run at (35,0) width 14: "(^"
            text run at (48,0) width 1: "\x{202C}"
        RenderBlock {P} at (0,2788) size 768x18
          RenderText {#text} at (0,0) size 48x17
            text run at (0,0) width 16: "12"
            text run at (16,0) width 19 RTL: "\x{202A}\x{627}\x{628}"
            text run at (35,0) width 13: "(^"
            text run at (47,0) width 1: "\x{202C}"
        RenderBlock {P} at (0,2822) size 768x18
          RenderText {#text} at (0,0) size 46x17
            text run at (0,0) width 16: "\x{202A}ab"
            text run at (15,0) width 19: "\x{661}\x{662}"
            text run at (33,0) width 13: "(^"
            text run at (45,0) width 1: "\x{202C}"
        RenderBlock {P} at (0,2856) size 768x18
          RenderText {#text} at (0,0) size 51x17
            text run at (0,0) width 18: "\x{661}\x{662}"
            text run at (18,0) width 20 RTL: "\x{202A}\x{5D0}\x{5D1}"
            text run at (37,0) width 14: "(^"
            text run at (50,0) width 1: "\x{202C}"
        RenderBlock {P} at (0,2890) size 768x18
          RenderText {#text} at (0,0) size 50x17
            text run at (0,0) width 18: "\x{661}\x{662}"
            text run at (18,0) width 19 RTL: "\x{202A}\x{627}\x{628}"
            text run at (37,0) width 13: "(^"
            text run at (49,0) width 1: "\x{202C}"
        RenderBlock {P} at (0,2924) size 768x18
          RenderText {#text} at (0,0) size 20x17
            text run at (0,0) width 0: "\x{202A}"
            text run at (0,0) width 8: "\x{202A}?"
            text run at (7,0) width 13: "\x{202C}(^"
            text run at (19,0) width 1: "\x{202C}"
        RenderBlock {P} at (0,2958) size 768x18
          RenderText {#text} at (0,0) size 20x17
            text run at (0,0) width 0: "\x{202A}"
            text run at (0,0) width 8 RTL: "\x{202B}?"
            text run at (7,0) width 13: "\x{202C}(^"
            text run at (19,0) width 1: "\x{202C}"
      RenderBlock {DIV} at (0,3026) size 768x2976
        RenderBlock {P} at (0,0) size 768x18
          RenderText {#text} at (0,0) size 44x17
            text run at (0,0) width 44: "ab(^cd"
        RenderBlock {P} at (0,34) size 768x18
          RenderText {#text} at (0,0) size 48x17
            text run at (0,0) width 16: "cd"
            text run at (15,0) width 33 RTL: "\x{5D0}\x{5D1}(^"
        RenderBlock {P} at (0,68) size 768x18
          RenderText {#text} at (0,0) size 48x17
            text run at (0,0) width 16: "cd"
            text run at (15,0) width 33 RTL: "\x{627}\x{628}(^"
        RenderBlock {P} at (0,102) size 768x18
          RenderText {#text} at (0,0) size 60x17
            text run at (0,0) width 60: "ab12(^cd"
        RenderBlock {P} at (0,136) size 768x18
          RenderText {#text} at (0,0) size 64x17
            text run at (0,0) width 16: "cd"
            text run at (15,0) width 13 RTL: "(^"
            text run at (27,0) width 17: "12"
            text run at (43,0) width 21 RTL: "\x{5D0}\x{5D1}"
        RenderBlock {P} at (0,170) size 768x18
          RenderText {#text} at (0,0) size 63x17
            text run at (0,0) width 16: "cd"
            text run at (15,0) width 13 RTL: "(^"
            text run at (27,0) width 17: "12"
            text run at (43,0) width 20 RTL: "\x{627}\x{628}"
        RenderBlock {P} at (0,204) size 768x18
          RenderText {#text} at (0,0) size 61x17
            text run at (0,0) width 16: "cd"
            text run at (15,0) width 13 RTL: "(^"
            text run at (27,0) width 34: "ab\x{661}\x{662}"
        RenderBlock {P} at (0,238) size 768x18
          RenderText {#text} at (0,0) size 66x17
            text run at (0,0) width 16: "cd"
            text run at (15,0) width 13 RTL: "(^"
            text run at (27,0) width 19: "\x{661}\x{662}"
            text run at (45,0) width 21 RTL: "\x{5D0}\x{5D1}"
        RenderBlock {P} at (0,272) size 768x18
          RenderText {#text} at (0,0) size 65x17
            text run at (0,0) width 16: "cd"
            text run at (15,0) width 13 RTL: "(^"
            text run at (27,0) width 19: "\x{661}\x{662}"
            text run at (45,0) width 20 RTL: "\x{627}\x{628}"
        RenderBlock {P} at (0,306) size 768x18
          RenderText {#text} at (0,0) size 36x17
            text run at (0,0) width 8: "\x{202A}?"
            text run at (7,0) width 29: "\x{202C}(^cd"
        RenderBlock {P} at (0,340) size 768x18
          RenderText {#text} at (0,0) size 36x17
            text run at (0,0) width 16: "cd"
            text run at (15,0) width 13 RTL: "\x{202C}(^"
            text run at (27,0) width 9 RTL: "\x{202B}?"
        RenderBlock {P} at (0,374) size 768x18
          RenderText {#text} at (0,0) size 45x17
            text run at (0,0) width 30 RTL: "(^\x{5D2}\x{5D3}"
            text run at (29,0) width 16: "ab"
        RenderBlock {P} at (0,408) size 768x18
          RenderText {#text} at (0,0) size 50x17
            text run at (0,0) width 50 RTL: "\x{5D0}\x{5D1}(^\x{5D2}\x{5D3}"
        RenderBlock {P} at (0,442) size 768x18
          RenderText {#text} at (0,0) size 49x17
            text run at (0,0) width 49 RTL: "\x{627}\x{628}(^\x{5D2}\x{5D3}"
        RenderBlock {P} at (0,476) size 768x18
          RenderText {#text} at (0,0) size 61x17
            text run at (0,0) width 30 RTL: "(^\x{5D2}\x{5D3}"
            text run at (29,0) width 32: "ab12"
        RenderBlock {P} at (0,510) size 768x18
          RenderText {#text} at (0,0) size 66x17
            text run at (0,0) width 30 RTL: "(^\x{5D2}\x{5D3}"
            text run at (29,0) width 17: "12"
            text run at (45,0) width 21 RTL: "\x{5D0}\x{5D1}"
        RenderBlock {P} at (0,544) size 768x18
          RenderText {#text} at (0,0) size 65x17
            text run at (0,0) width 30 RTL: "(^\x{5D2}\x{5D3}"
            text run at (29,0) width 17: "12"
            text run at (45,0) width 20 RTL: "\x{627}\x{628}"
        RenderBlock {P} at (0,578) size 768x18
          RenderText {#text} at (0,0) size 63x17
            text run at (0,0) width 30 RTL: "(^\x{5D2}\x{5D3}"
            text run at (29,0) width 34: "ab\x{661}\x{662}"
        RenderBlock {P} at (0,612) size 768x18
          RenderText {#text} at (0,0) size 68x17
            text run at (0,0) width 30 RTL: "(^\x{5D2}\x{5D3}"
            text run at (29,0) width 19: "\x{661}\x{662}"
            text run at (47,0) width 21 RTL: "\x{5D0}\x{5D1}"
        RenderBlock {P} at (0,646) size 768x18
          RenderText {#text} at (0,0) size 67x17
            text run at (0,0) width 30 RTL: "(^\x{5D2}\x{5D3}"
            text run at (29,0) width 19: "\x{661}\x{662}"
            text run at (47,0) width 20 RTL: "\x{627}\x{628}"
        RenderBlock {P} at (0,680) size 768x18
          RenderText {#text} at (0,0) size 37x17
            text run at (0,0) width 30 RTL: "\x{202C}(^\x{5D2}\x{5D3}"
            text run at (29,0) width 8: "\x{202A}?"
        RenderBlock {P} at (0,714) size 768x18
          RenderText {#text} at (0,0) size 37x17
            text run at (0,0) width 30 RTL: "\x{202C}(^\x{5D2}\x{5D3}"
            text run at (29,0) width 8 RTL: "\x{202B}?"
        RenderBlock {P} at (0,748) size 768x18
          RenderText {#text} at (0,0) size 47x17
            text run at (0,0) width 31 RTL: "(^\x{62C}\x{62F}"
            text run at (31,0) width 16: "ab"
        RenderBlock {P} at (0,782) size 768x18
          RenderText {#text} at (0,0) size 51x17
            text run at (0,0) width 51 RTL: "\x{5D0}\x{5D1}(^\x{62C}\x{62F}"
        RenderBlock {P} at (0,816) size 768x18
          RenderText {#text} at (0,0) size 50x17
            text run at (0,0) width 50 RTL: "\x{627}\x{628}(^\x{62C}\x{62F}"
        RenderBlock {P} at (0,850) size 768x18
          RenderText {#text} at (0,0) size 63x17
            text run at (0,0) width 31 RTL: "(^\x{62C}\x{62F}"
            text run at (31,0) width 32: "ab12"
        RenderBlock {P} at (0,884) size 768x18
          RenderText {#text} at (0,0) size 67x17
            text run at (0,0) width 31 RTL: "(^\x{62C}\x{62F}"
            text run at (31,0) width 16: "12"
            text run at (47,0) width 20 RTL: "\x{5D0}\x{5D1}"
        RenderBlock {P} at (0,918) size 768x18
          RenderText {#text} at (0,0) size 66x17
            text run at (0,0) width 31 RTL: "(^\x{62C}\x{62F}"
            text run at (31,0) width 16: "12"
            text run at (47,0) width 19 RTL: "\x{627}\x{628}"
        RenderBlock {P} at (0,952) size 768x18
          RenderText {#text} at (0,0) size 64x17
            text run at (0,0) width 31 RTL: "(^\x{62C}\x{62F}"
            text run at (31,0) width 33: "ab\x{661}\x{662}"
        RenderBlock {P} at (0,986) size 768x18
          RenderText {#text} at (0,0) size 69x17
            text run at (0,0) width 31 RTL: "(^\x{62C}\x{62F}"
            text run at (31,0) width 18: "\x{661}\x{662}"
            text run at (49,0) width 20 RTL: "\x{5D0}\x{5D1}"
        RenderBlock {P} at (0,1020) size 768x18
          RenderText {#text} at (0,0) size 68x17
            text run at (0,0) width 31 RTL: "(^\x{62C}\x{62F}"
            text run at (31,0) width 18: "\x{661}\x{662}"
            text run at (49,0) width 19 RTL: "\x{627}\x{628}"
        RenderBlock {P} at (0,1054) size 768x18
          RenderText {#text} at (0,0) size 39x17
            text run at (0,0) width 31 RTL: "\x{202C}(^\x{62C}\x{62F}"
            text run at (31,0) width 8: "\x{202A}?"
        RenderBlock {P} at (0,1088) size 768x18
          RenderText {#text} at (0,0) size 39x17
            text run at (0,0) width 31 RTL: "\x{202C}(^\x{62C}\x{62F}"
            text run at (31,0) width 8 RTL: "\x{202B}?"
        RenderBlock {P} at (0,1122) size 768x18
          RenderText {#text} at (0,0) size 64x17
            text run at (0,0) width 8: "z"
            text run at (7,0) width 14 RTL: "\x{5E9}"
            text run at (20,0) width 44: "ab(^34"
        RenderBlock {P} at (0,1156) size 768x18
          RenderText {#text} at (0,0) size 69x17
            text run at (0,0) width 8: "z"
            text run at (7,0) width 14 RTL: "\x{5E9}"
            text run at (20,0) width 17: "34"
            text run at (36,0) width 33 RTL: "\x{5D0}\x{5D1}(^"
        RenderBlock {P} at (0,1190) size 768x18
          RenderText {#text} at (0,0) size 69x17
            text run at (0,0) width 8: "z"
            text run at (7,0) width 14 RTL: "\x{5E9}"
            text run at (20,0) width 17: "34"
            text run at (36,0) width 33 RTL: "\x{627}\x{628}(^"
        RenderBlock {P} at (0,1224) size 768x18
          RenderText {#text} at (0,0) size 80x17
            text run at (0,0) width 8: "z"
            text run at (7,0) width 14 RTL: "\x{5E9}"
            text run at (20,0) width 60: "ab12(^34"
        RenderBlock {P} at (0,1258) size 768x18
          RenderText {#text} at (0,0) size 85x17
            text run at (0,0) width 8: "z"
            text run at (7,0) width 14 RTL: "\x{5E9}"
            text run at (20,0) width 17: "34"
            text run at (36,0) width 13 RTL: "(^"
            text run at (48,0) width 17: "12"
            text run at (64,0) width 21 RTL: "\x{5D0}\x{5D1}"
        RenderBlock {P} at (0,1292) size 768x18
          RenderText {#text} at (0,0) size 84x17
            text run at (0,0) width 8: "z"
            text run at (7,0) width 14 RTL: "\x{5E9}"
            text run at (20,0) width 17: "34"
            text run at (36,0) width 13 RTL: "(^"
            text run at (48,0) width 17: "12"
            text run at (64,0) width 20 RTL: "\x{627}\x{628}"
        RenderBlock {P} at (0,1326) size 768x18
          RenderText {#text} at (0,0) size 82x17
            text run at (0,0) width 8: "z"
            text run at (7,0) width 14 RTL: "\x{5E9}"
            text run at (20,0) width 17: "34"
            text run at (36,0) width 13 RTL: "(^"
            text run at (48,0) width 34: "ab\x{661}\x{662}"
        RenderBlock {P} at (0,1360) size 768x18
          RenderText {#text} at (0,0) size 87x17
            text run at (0,0) width 8: "z"
            text run at (7,0) width 14 RTL: "\x{5E9}"
            text run at (20,0) width 17: "34"
            text run at (36,0) width 13 RTL: "(^"
            text run at (48,0) width 19: "\x{661}\x{662}"
            text run at (66,0) width 21 RTL: "\x{5D0}\x{5D1}"
        RenderBlock {P} at (0,1394) size 768x18
          RenderText {#text} at (0,0) size 86x17
            text run at (0,0) width 8: "z"
            text run at (7,0) width 14 RTL: "\x{5E9}"
            text run at (20,0) width 17: "34"
            text run at (36,0) width 13 RTL: "(^"
            text run at (48,0) width 19: "\x{661}\x{662}"
            text run at (66,0) width 20 RTL: "\x{627}\x{628}"
        RenderBlock {P} at (0,1428) size 768x18
          RenderText {#text} at (0,0) size 56x17
            text run at (0,0) width 8: "z"
            text run at (7,0) width 14 RTL: "\x{5E9}"
            text run at (20,0) width 8: "\x{202A}?"
            text run at (27,0) width 29: "\x{202C}(^34"
        RenderBlock {P} at (0,1462) size 768x18
          RenderText {#text} at (0,0) size 56x17
            text run at (0,0) width 8: "z"
            text run at (7,0) width 14 RTL: "\x{5E9}"
            text run at (20,0) width 17: "34"
            text run at (36,0) width 13 RTL: "\x{202C}(^"
            text run at (48,0) width 8 RTL: "\x{202B}?"
        RenderBlock {P} at (0,1496) size 768x18
          RenderText {#text} at (0,0) size 66x17
            text run at (0,0) width 8: "z"
            text run at (7,0) width 14 RTL: "\x{5E9}"
            text run at (20,0) width 19: "\x{663}\x{664}"
            text run at (38,0) width 13 RTL: "(^"
            text run at (50,0) width 16: "ab"
        RenderBlock {P} at (0,1530) size 768x18
          RenderText {#text} at (0,0) size 71x17
            text run at (0,0) width 8: "z"
            text run at (7,0) width 14 RTL: "\x{5E9}"
            text run at (20,0) width 19: "\x{663}\x{664}"
            text run at (38,0) width 33 RTL: "\x{5D0}\x{5D1}(^"
        RenderBlock {P} at (0,1564) size 768x18
          RenderText {#text} at (0,0) size 71x17
            text run at (0,0) width 8: "z"
            text run at (7,0) width 14 RTL: "\x{5E9}"
            text run at (20,0) width 19: "\x{663}\x{664}"
            text run at (38,0) width 33 RTL: "\x{627}\x{628}(^"
        RenderBlock {P} at (0,1598) size 768x18
          RenderText {#text} at (0,0) size 82x17
            text run at (0,0) width 8: "z"
            text run at (7,0) width 14 RTL: "\x{5E9}"
            text run at (20,0) width 19: "\x{663}\x{664}"
            text run at (38,0) width 13 RTL: "(^"
            text run at (50,0) width 32: "ab12"
        RenderBlock {P} at (0,1632) size 768x18
          RenderText {#text} at (0,0) size 87x17
            text run at (0,0) width 8: "z"
            text run at (7,0) width 14 RTL: "\x{5E9}"
            text run at (20,0) width 19: "\x{663}\x{664}"
            text run at (38,0) width 13 RTL: "(^"
            text run at (50,0) width 17: "12"
            text run at (66,0) width 21 RTL: "\x{5D0}\x{5D1}"
        RenderBlock {P} at (0,1666) size 768x18
          RenderText {#text} at (0,0) size 86x17
            text run at (0,0) width 8: "z"
            text run at (7,0) width 14 RTL: "\x{5E9}"
            text run at (20,0) width 19: "\x{663}\x{664}"
            text run at (38,0) width 13 RTL: "(^"
            text run at (50,0) width 17: "12"
            text run at (66,0) width 20 RTL: "\x{627}\x{628}"
        RenderBlock {P} at (0,1700) size 768x18
          RenderText {#text} at (0,0) size 84x17
            text run at (0,0) width 8: "z"
            text run at (7,0) width 14 RTL: "\x{5E9}"
            text run at (20,0) width 19: "\x{663}\x{664}"
            text run at (38,0) width 13 RTL: "(^"
            text run at (50,0) width 34: "ab\x{661}\x{662}"
        RenderBlock {P} at (0,1734) size 768x18
          RenderText {#text} at (0,0) size 89x17
            text run at (0,0) width 8: "z"
            text run at (7,0) width 14 RTL: "\x{5E9}"
            text run at (20,0) width 19: "\x{663}\x{664}"
            text run at (38,0) width 13 RTL: "(^"
            text run at (50,0) width 19: "\x{661}\x{662}"
            text run at (68,0) width 21 RTL: "\x{5D0}\x{5D1}"
        RenderBlock {P} at (0,1768) size 768x18
          RenderText {#text} at (0,0) size 88x17
            text run at (0,0) width 8: "z"
            text run at (7,0) width 14 RTL: "\x{5E9}"
            text run at (20,0) width 19: "\x{663}\x{664}"
            text run at (38,0) width 13 RTL: "(^"
            text run at (50,0) width 19: "\x{661}\x{662}"
            text run at (68,0) width 20 RTL: "\x{627}\x{628}"
        RenderBlock {P} at (0,1802) size 768x18
          RenderText {#text} at (0,0) size 58x17
            text run at (0,0) width 8: "z"
            text run at (7,0) width 14 RTL: "\x{5E9}"
            text run at (20,0) width 19: "\x{663}\x{664}"
            text run at (38,0) width 13 RTL: "\x{202C}(^"
            text run at (50,0) width 8: "\x{202A}?"
        RenderBlock {P} at (0,1836) size 768x18
          RenderText {#text} at (0,0) size 58x17
            text run at (0,0) width 8: "z"
            text run at (7,0) width 14 RTL: "\x{5E9}"
            text run at (20,0) width 19: "\x{663}\x{664}"
            text run at (38,0) width 13 RTL: "\x{202C}(^"
            text run at (50,0) width 8 RTL: "\x{202B}?"
        RenderBlock {P} at (0,1870) size 768x18
          RenderText {#text} at (0,0) size 34x17
            text run at (0,0) width 0 RTL: "\x{202C}"
            text run at (0,0) width 28: "ab(^"
            text run at (27,0) width 7: "\x{202A}!"
        RenderBlock {P} at (0,1904) size 768x18
          RenderText {#text} at (0,0) size 38x17
            text run at (0,0) width 0 RTL: "\x{202C}"
            text run at (0,0) width 6: "\x{202A}!"
            text run at (5,0) width 33 RTL: "\x{5D0}\x{5D1}(^"
        RenderBlock {P} at (0,1938) size 768x18
          RenderText {#text} at (0,0) size 38x17
            text run at (0,0) width 0 RTL: "\x{202C}"
            text run at (0,0) width 6: "\x{202A}!"
            text run at (5,0) width 33 RTL: "\x{627}\x{628}(^"
        RenderBlock {P} at (0,1972) size 768x18
          RenderText {#text} at (0,0) size 50x17
            text run at (0,0) width 0 RTL: "\x{202C}"
            text run at (0,0) width 44: "ab12(^"
            text run at (43,0) width 7: "\x{202A}!"
        RenderBlock {P} at (0,2006) size 768x18
          RenderText {#text} at (0,0) size 54x17
            text run at (0,0) width 0 RTL: "\x{202C}"
            text run at (0,0) width 6: "\x{202A}!"
            text run at (5,0) width 14 RTL: "(^"
            text run at (18,0) width 17: "12"
            text run at (34,0) width 20 RTL: "\x{5D0}\x{5D1}"
        RenderBlock {P} at (0,2040) size 768x18
          RenderText {#text} at (0,0) size 54x17
            text run at (0,0) width 0 RTL: "\x{202C}"
            text run at (0,0) width 6: "\x{202A}!"
            text run at (5,0) width 14 RTL: "(^"
            text run at (18,0) width 17: "12"
            text run at (34,0) width 20 RTL: "\x{627}\x{628}"
        RenderBlock {P} at (0,2074) size 768x18
          RenderText {#text} at (0,0) size 52x17
            text run at (0,0) width 0 RTL: "\x{202C}"
            text run at (0,0) width 6: "\x{202A}!"
            text run at (5,0) width 14 RTL: "(^"
            text run at (18,0) width 34: "ab\x{661}\x{662}"
        RenderBlock {P} at (0,2108) size 768x18
          RenderText {#text} at (0,0) size 56x17
            text run at (0,0) width 0 RTL: "\x{202C}"
            text run at (0,0) width 6: "\x{202A}!"
            text run at (5,0) width 14 RTL: "(^"
            text run at (18,0) width 19: "\x{661}\x{662}"
            text run at (36,0) width 20 RTL: "\x{5D0}\x{5D1}"
        RenderBlock {P} at (0,2142) size 768x18
          RenderText {#text} at (0,0) size 56x17
            text run at (0,0) width 0 RTL: "\x{202C}"
            text run at (0,0) width 6: "\x{202A}!"
            text run at (5,0) width 14 RTL: "(^"
            text run at (18,0) width 19: "\x{661}\x{662}"
            text run at (36,0) width 20 RTL: "\x{627}\x{628}"
        RenderBlock {P} at (0,2176) size 768x18
          RenderText {#text} at (0,0) size 26x17
            text run at (0,0) width 0 RTL: "\x{202C}"
            text run at (0,0) width 8: "\x{202A}?"
            text run at (7,0) width 13: "\x{202C}(^"
            text run at (19,0) width 7: "\x{202A}!"
        RenderBlock {P} at (0,2210) size 768x18
          RenderText {#text} at (0,0) size 26x17
            text run at (0,0) width 0 RTL: "\x{202C}"
            text run at (0,0) width 6: "\x{202A}!"
            text run at (5,0) width 14 RTL: "\x{202C}(^"
            text run at (18,0) width 8 RTL: "\x{202B}?"
        RenderBlock {P} at (0,2244) size 768x18
          RenderText {#text} at (0,0) size 34x17
            text run at (0,0) width 0 RTL: "\x{202C}"
            text run at (0,0) width 6 RTL: "\x{202B}!"
            text run at (5,0) width 14 RTL: "(^"
            text run at (18,0) width 16: "ab"
        RenderBlock {P} at (0,2278) size 768x18
          RenderText {#text} at (0,0) size 38x17
            text run at (0,0) width 0 RTL: "\x{202C}"
            text run at (0,0) width 6 RTL: "\x{202B}!"
            text run at (5,0) width 33 RTL: "\x{5D0}\x{5D1}(^"
        RenderBlock {P} at (0,2312) size 768x18
          RenderText {#text} at (0,0) size 38x17
            text run at (0,0) width 0 RTL: "\x{202C}"
            text run at (0,0) width 6 RTL: "\x{202B}!"
            text run at (5,0) width 33 RTL: "\x{627}\x{628}(^"
        RenderBlock {P} at (0,2346) size 768x18
          RenderText {#text} at (0,0) size 50x17
            text run at (0,0) width 0 RTL: "\x{202C}"
            text run at (0,0) width 6 RTL: "\x{202B}!"
            text run at (5,0) width 14 RTL: "(^"
            text run at (18,0) width 32: "ab12"
        RenderBlock {P} at (0,2380) size 768x18
          RenderText {#text} at (0,0) size 54x17
            text run at (0,0) width 0 RTL: "\x{202C}"
            text run at (0,0) width 6 RTL: "\x{202B}!"
            text run at (5,0) width 14 RTL: "(^"
            text run at (18,0) width 17: "12"
            text run at (34,0) width 20 RTL: "\x{5D0}\x{5D1}"
        RenderBlock {P} at (0,2414) size 768x18
          RenderText {#text} at (0,0) size 54x17
            text run at (0,0) width 0 RTL: "\x{202C}"
            text run at (0,0) width 6 RTL: "\x{202B}!"
            text run at (5,0) width 14 RTL: "(^"
            text run at (18,0) width 17: "12"
            text run at (34,0) width 20 RTL: "\x{627}\x{628}"
        RenderBlock {P} at (0,2448) size 768x18
          RenderText {#text} at (0,0) size 52x17
            text run at (0,0) width 0 RTL: "\x{202C}"
            text run at (0,0) width 6 RTL: "\x{202B}!"
            text run at (5,0) width 14 RTL: "(^"
            text run at (18,0) width 34: "ab\x{661}\x{662}"
        RenderBlock {P} at (0,2482) size 768x18
          RenderText {#text} at (0,0) size 56x17
            text run at (0,0) width 0 RTL: "\x{202C}"
            text run at (0,0) width 6 RTL: "\x{202B}!"
            text run at (5,0) width 14 RTL: "(^"
            text run at (18,0) width 19: "\x{661}\x{662}"
            text run at (36,0) width 20 RTL: "\x{5D0}\x{5D1}"
        RenderBlock {P} at (0,2516) size 768x18
          RenderText {#text} at (0,0) size 56x17
            text run at (0,0) width 0 RTL: "\x{202C}"
            text run at (0,0) width 6 RTL: "\x{202B}!"
            text run at (5,0) width 14 RTL: "(^"
            text run at (18,0) width 19: "\x{661}\x{662}"
            text run at (36,0) width 20 RTL: "\x{627}\x{628}"
        RenderBlock {P} at (0,2550) size 768x18
          RenderText {#text} at (0,0) size 26x17
            text run at (0,0) width 0 RTL: "\x{202C}"
            text run at (0,0) width 6 RTL: "\x{202B}!"
            text run at (5,0) width 14 RTL: "\x{202C}(^"
            text run at (18,0) width 8: "\x{202A}?"
        RenderBlock {P} at (0,2584) size 768x18
          RenderText {#text} at (0,0) size 26x17
            text run at (0,0) width 0 RTL: "\x{202C}"
            text run at (0,0) width 6 RTL: "\x{202B}!"
            text run at (5,0) width 14 RTL: "\x{202C}(^"
            text run at (18,0) width 8 RTL: "\x{202B}?"
        RenderBlock {P} at (0,2618) size 768x18
          RenderText {#text} at (0,0) size 28x17
            text run at (0,0) width 0 RTL: "\x{202C}"
            text run at (0,0) width 28: "\x{202A}ab(^"
        RenderBlock {P} at (0,2652) size 768x18
          RenderText {#text} at (0,0) size 33x17
            text run at (0,0) width 0 RTL: "\x{202C}"
            text run at (0,0) width 20 RTL: "\x{202A}\x{5D0}\x{5D1}"
            text run at (19,0) width 14: "(^"
        RenderBlock {P} at (0,2686) size 768x18
          RenderText {#text} at (0,0) size 32x17
            text run at (0,0) width 0 RTL: "\x{202C}"
            text run at (0,0) width 19 RTL: "\x{202A}\x{627}\x{628}"
            text run at (19,0) width 13: "(^"
        RenderBlock {P} at (0,2720) size 768x18
          RenderText {#text} at (0,0) size 44x17
            text run at (0,0) width 0 RTL: "\x{202C}"
            text run at (0,0) width 44: "\x{202A}ab12(^"
        RenderBlock {P} at (0,2754) size 768x18
          RenderText {#text} at (0,0) size 49x17
            text run at (0,0) width 0 RTL: "\x{202C}"
            text run at (0,0) width 16: "12"
            text run at (16,0) width 20 RTL: "\x{202A}\x{5D0}\x{5D1}"
            text run at (35,0) width 14: "(^"
        RenderBlock {P} at (0,2788) size 768x18
          RenderText {#text} at (0,0) size 48x17
            text run at (0,0) width 0 RTL: "\x{202C}"
            text run at (0,0) width 16: "12"
            text run at (16,0) width 19 RTL: "\x{202A}\x{627}\x{628}"
            text run at (35,0) width 13: "(^"
        RenderBlock {P} at (0,2822) size 768x18
          RenderText {#text} at (0,0) size 46x17
            text run at (0,0) width 0 RTL: "\x{202C}"
            text run at (0,0) width 16: "\x{202A}ab"
            text run at (15,0) width 19: "\x{661}\x{662}"
            text run at (33,0) width 13: "(^"
        RenderBlock {P} at (0,2856) size 768x18
          RenderText {#text} at (0,0) size 51x17
            text run at (0,0) width 0 RTL: "\x{202C}"
            text run at (0,0) width 18: "\x{661}\x{662}"
            text run at (18,0) width 20 RTL: "\x{202A}\x{5D0}\x{5D1}"
            text run at (37,0) width 14: "(^"
        RenderBlock {P} at (0,2890) size 768x18
          RenderText {#text} at (0,0) size 50x17
            text run at (0,0) width 0 RTL: "\x{202C}"
            text run at (0,0) width 18: "\x{661}\x{662}"
            text run at (18,0) width 19 RTL: "\x{202A}\x{627}\x{628}"
            text run at (37,0) width 13: "(^"
        RenderBlock {P} at (0,2924) size 768x18
          RenderText {#text} at (0,0) size 20x17
            text run at (0,0) width 0 RTL: "\x{202C}"
            text run at (0,0) width 0: "\x{202A}"
            text run at (0,0) width 8: "\x{202A}?"
            text run at (7,0) width 13: "\x{202C}(^"
        RenderBlock {P} at (0,2958) size 768x18
          RenderText {#text} at (0,0) size 20x17
            text run at (0,0) width 0 RTL: "\x{202C}"
            text run at (0,0) width 0: "\x{202A}"
            text run at (0,0) width 8 RTL: "\x{202B}?"
            text run at (7,0) width 13: "\x{202C}(^"
