layer at (0,0) size 800x600
  RenderView at (0,0) size 800x600
layer at (0,0) size 800x600
  RenderBlock {HTML} at (0,0) size 800x600
    RenderBody {BODY} at (8,8) size 784x576
      RenderBlock (anonymous) at (0,0) size 784x36
        RenderText {#text} at (0,0) size 764x35
          text run at (0,0) width 586: "The following tests text iteration over RTL text embedded with LTR text. "
          text run at (585,0) width 179: "TextIterators are used"
          text run at (0,18) width 279: "for find, spellcheck, and .innerText"
      RenderBlock {HR} at (0,44) size 784x2 [border: (1px inset #000000)]
      RenderBlock (anonymous) at (0,54) size 784x18
        RenderText {#text} at (0,0) size 170x17
          text run at (0,0) width 170: "Embedded Numbers:"
      RenderBlock {DIV} at (0,72) size 784x18 [color=#0000FF]
        RenderText {#text} at (0,0) size 136x17
          text run at (0,0) width 71: "Testing ("
          text run at (70,0) width 16 RTL: "\x{5DF}\x{5DE}"
          text run at (85,0) width 11: "3"
          text run at (95,0) width 35 RTL: "\x{5D7}\x{5D5}\x{5D3}\x{5D0}"
          text run at (129,0) width 7: ")"
      RenderBlock (anonymous) at (0,90) size 784x18
        RenderText {#text} at (0,0) size 127x17
          text run at (0,0) width 127: "Embedded LTR:"
      RenderBlock {DIV} at (0,108) size 784x18 [color=#0000FF]
        RenderText {#text} at (0,0) size 165x17
          text run at (0,0) width 71: "Testing ("
          text run at (70,0) width 35 RTL: "\x{5D7}\x{5D5}\x{5D3}\x{5D0}"
          text run at (104,0) width 40: "hello"
          text run at (143,0) width 16 RTL: "\x{5DF}\x{5DE}"
          text run at (158,0) width 7: ")"
      RenderBlock (anonymous) at (0,126) size 784x18
        RenderText {#text} at (0,0) size 234x17
          text run at (0,0) width 234: "Embedded Numbers and LTR"
      RenderBlock {DIV} at (0,144) size 784x18 [color=#0000FF]
        RenderText {#text} at (0,0) size 163x17
          text run at (0,0) width 71: "Testing ("
          text run at (70,0) width 31 RTL: "\x{5E7}\x{5E7}\x{5E8}"
          text run at (100,0) width 12: "3"
          text run at (111,0) width 35 RTL: "\x{5D9}\x{5E7}\x{5DD}\x{5DC}"
          text run at (145,0) width 18: "h)"
      RenderBlock (anonymous) at (0,162) size 784x18
        RenderText {#text} at (0,0) size 276x17
          text run at (0,0) width 276: "Embedded Numbers with spacing:"
      RenderBlock {DIV} at (0,180) size 784x18 [color=#0000FF]
        RenderText {#text} at (0,0) size 296x17
          text run at (0,0) width 71: "Testing ("
          text run at (70,0) width 40 RTL: " \x{5D7}\x{5D5}\x{5D3}\x{5D0}"
          text run at (109,0) width 32: "300"
          text run at (140,0) width 55 RTL: "\x{5D7}\x{5D5}\x{5D3}\x{5D0}\x{5DF}\x{5DE} "
          text run at (194,0) width 52: "34023"
          text run at (245,0) width 45 RTL: "\x{5D9}\x{5E7}\x{5DA}\x{5DA}\x{5DD}"
          text run at (289,0) width 7: ")"
      RenderBlock (anonymous) at (0,198) size 784x18
        RenderText {#text} at (0,0) size 79x17
          text run at (0,0) width 79: "Plain LTR:"
      RenderBlock {DIV} at (0,216) size 784x18 [color=#0000FF]
        RenderText {#text} at (0,0) size 116x17
          text run at (0,0) width 116: "Testing (hello)"
      RenderBlock (anonymous) at (0,234) size 784x18
        RenderText {#text} at (0,0) size 233x17
          text run at (0,0) width 233: "Embedded LTR with spacing:"
      RenderBlock {DIV} at (0,252) size 784x18 [color=#0000FF]
        RenderText {#text} at (0,0) size 213x17
          text run at (0,0) width 71: "Testing ("
          text run at (70,0) width 69 RTL: "\x{5D7}\x{5D5}\x{5D3}\x{5D9}\x{5E7}\x{5DA}\x{5DA}\x{5DD}"
          text run at (138,0) width 50: " hello "
          text run at (187,0) width 20 RTL: "\x{5DF}\x{5DE}\x{5D9}"
          text run at (206,0) width 7: ")"
      RenderBlock (anonymous) at (0,270) size 784x18
        RenderText {#text} at (0,0) size 207x17
          text run at (0,0) width 207: "Mixed but not embedded:"
      RenderBlock {DIV} at (0,288) size 784x18 [color=#0000FF]
        RenderText {#text} at (0,0) size 155x17
          text run at (0,0) width 109: "Testing (hello"
          text run at (108,0) width 40 RTL: "\x{5D7}\x{5D5}\x{5D3}\x{5DF}\x{5DE}"
          text run at (147,0) width 8: ")"
      RenderBlock (anonymous) at (0,306) size 784x18
        RenderText {#text} at (0,0) size 207x17
          text run at (0,0) width 207: "Mixed but not embedded:"
      RenderBlock {DIV} at (0,324) size 784x18 [color=#0000FF]
        RenderText {#text} at (0,0) size 155x17
          text run at (0,0) width 71: "Testing ("
          text run at (70,0) width 40 RTL: "\x{5D7}\x{5D5}\x{5D3}\x{5DF}\x{5DE}"
          text run at (109,0) width 46: "hello)"
      RenderBlock {OL} at (0,358) size 784x0
