layer at (0,0) size 800x600
  RenderView at (0,0) size 800x600
layer at (0,0) size 800x600
  RenderBlock {HTML} at (0,0) size 800x600
    RenderBody {BODY} at (8,8) size 784x584
      RenderText {#text} at (0,0) size 777x37
        text run at (0,0) width 777: "This tests the width of a breaking space after a Hindi character to ensure that it's measured properly and enough space is left"
        text run at (0,18) width 752: "for it. Neither the Hindi on the button below nor the same text on two lines below that should be truncated at either end."
      RenderBR {BR} at (752,33) size 0x0
      RenderButton {INPUT} at (2,38) size 162x27 [bgcolor=#C0C0C0] [border: (2px outset #C0C0C0)]
        RenderBlock (anonymous) at (8,4) size 146x18
          RenderText at (0,0) size 146x19
            text run at (0,0) width 146: "\x{915}\x{93F}\x{938}\x{940} \x{92D}\x{940} \x{924}\x{930}\x{939} \x{906}\x{917}\x{947} \x{92C}"
      RenderBR {BR} at (166,57) size 0x0
      RenderInline {SPAN} at (0,0) size 146x19
        RenderText {#text} at (0,67) size 146x19
          text run at (0,67) width 146: "\x{915}\x{93F}\x{938}\x{940} \x{92D}\x{940} \x{924}\x{930}\x{939} \x{906}\x{917}\x{947} \x{92C}"
      RenderText {#text} at (146,67) size 25x19
        text run at (146,67) width 25: "Foo"
      RenderBR {BR} at (171,82) size 0x0
      RenderInline {SPAN} at (0,0) size 146x19
        RenderText {#text} at (0,85) size 146x19
          text run at (0,85) width 146: "\x{915}\x{93F}\x{938}\x{940} \x{92D}\x{940} \x{924}\x{930}\x{939} \x{906}\x{917}\x{947} \x{92C}"
      RenderText {#text} at (146,85) size 25x19
        text run at (146,85) width 25: "Foo"
      RenderBR {BR} at (171,100) size 0x0
