layer at (0,0) size 784x601
  RenderView at (0,0) size 784x600
layer at (0,0) size 784x601
  RenderBlock {HTML} at (0,0) size 784x601
    RenderBody {BODY} at (8,16) size 768x577
      RenderBlock {P} at (0,0) size 768x19
        RenderText {#text} at (0,0) size 695x19
          text run at (0,0) width 486: "Verify that the alignment and writing direction of each selected item matches "
          text run at (486,0) width 209: "the one below the pop-up button."
      RenderBlock {DIV} at (0,35) size 768x270
        RenderMenuList {SELECT} at (0,0) size 500x29 [bgcolor=#FFFFFF] [border: (1px solid #000000)]
          RenderBlock (anonymous) at (1,1) size 498x27
            RenderText at (4,4) size 178x19
              text run at (4,4) width 35: "First "
              text run at (39,4) width 56 RTL: ") \x{5E8}\x{5D1}\x{5D9}\x{5E2}\x{5D9}\x{5EA}"
              text run at (95,4) width 18: "03"
              text run at (113,4) width 40 RTL: "\x{5E9}\x{5E0}\x{5D9}\x{5D4} ("
              text run at (153,4) width 29: " fifth"
        RenderBlock {DIV} at (0,31) size 470x35
          RenderText {#text} at (10,10) size 150x15
            text run at (10,10) width 30: "First "
            text run at (40,10) width 46 RTL: ") \x{5E8}\x{5D1}\x{5D9}\x{5E2}\x{5D9}\x{5EA}"
            text run at (86,10) width 14: "03"
            text run at (100,10) width 34 RTL: "\x{5E9}\x{5E0}\x{5D9}\x{5D4} ("
            text run at (134,10) width 26: " fifth"
        RenderMenuList {SELECT} at (0,68) size 500x29 [bgcolor=#FFFFFF] [border: (1px solid #000000)]
          RenderBlock (anonymous) at (1,1) size 498x27
            RenderText at (4,4) size 178x19
              text run at (4,4) width 25: "fifth"
              text run at (29,4) width 60 RTL: ") \x{5E8}\x{5D1}\x{5D9}\x{5E2}\x{5D9}\x{5EA} "
              text run at (89,4) width 18: "03"
              text run at (107,4) width 44 RTL: " \x{5E9}\x{5E0}\x{5D9}\x{5D4} ("
              text run at (151,4) width 31: "First"
        RenderBlock {DIV} at (0,99) size 470x35
          RenderText {#text} at (10,10) size 150x15
            text run at (10,10) width 22: "fifth"
            text run at (32,10) width 50 RTL: ") \x{5E8}\x{5D1}\x{5D9}\x{5E2}\x{5D9}\x{5EA} "
            text run at (82,10) width 14: "03"
            text run at (96,10) width 38 RTL: " \x{5E9}\x{5E0}\x{5D9}\x{5D4} ("
            text run at (134,10) width 26: "First"
        RenderMenuList {SELECT} at (0,136) size 500x29 [bgcolor=#FFFFFF] [border: (1px solid #000000)]
          RenderBlock (anonymous) at (1,1) size 498x27
            RenderText at (4,4) size 178x19
              text run at (4,4) width 178 LTR override: "First \x{5E9}\x{5E0}\x{5D9}\x{5D4} (03) \x{5E8}\x{5D1}\x{5D9}\x{5E2}\x{5D9}\x{5EA} fifth"
        RenderBlock {DIV} at (0,167) size 470x35
          RenderText {#text} at (10,10) size 150x15
            text run at (10,10) width 150 LTR override: "First \x{5E9}\x{5E0}\x{5D9}\x{5D4} (03) \x{5E8}\x{5D1}\x{5D9}\x{5E2}\x{5D9}\x{5EA} fifth"
        RenderMenuList {SELECT} at (0,204) size 500x29 [bgcolor=#FFFFFF] [border: (1px solid #000000)]
          RenderBlock (anonymous) at (1,1) size 498x27
            RenderText at (4,4) size 178x19
              text run at (4,4) width 178 RTL override: "First \x{5E9}\x{5E0}\x{5D9}\x{5D4} (03) \x{5E8}\x{5D1}\x{5D9}\x{5E2}\x{5D9}\x{5EA} fifth"
        RenderBlock {DIV} at (0,235) size 470x35
          RenderText {#text} at (10,10) size 150x15
            text run at (10,10) width 150 RTL override: "First \x{5E9}\x{5E0}\x{5D9}\x{5D4} (03) \x{5E8}\x{5D1}\x{5D9}\x{5E2}\x{5D9}\x{5EA} fifth"
      RenderBlock {DIV} at (0,307) size 768x270
        RenderMenuList {SELECT} at (0,0) size 500x29 [bgcolor=#FFFFFF] [border: (1px solid #000000)]
          RenderBlock (anonymous) at (1,1) size 498x27
            RenderText at (316,4) size 178x19
              text run at (316,4) width 35: "First "
              text run at (351,4) width 56 RTL: ") \x{5E8}\x{5D1}\x{5D9}\x{5E2}\x{5D9}\x{5EA}"
              text run at (407,4) width 18: "03"
              text run at (425,4) width 40 RTL: "\x{5E9}\x{5E0}\x{5D9}\x{5D4} ("
              text run at (465,4) width 29: " fifth"
        RenderBlock {DIV} at (0,31) size 470x35
          RenderText {#text} at (310,10) size 150x15
            text run at (310,10) width 30: "First "
            text run at (340,10) width 46 RTL: ") \x{5E8}\x{5D1}\x{5D9}\x{5E2}\x{5D9}\x{5EA}"
            text run at (386,10) width 14: "03"
            text run at (400,10) width 34 RTL: "\x{5E9}\x{5E0}\x{5D9}\x{5D4} ("
            text run at (434,10) width 26: " fifth"
        RenderMenuList {SELECT} at (0,68) size 500x29 [bgcolor=#FFFFFF] [border: (1px solid #000000)]
          RenderBlock (anonymous) at (1,1) size 498x27
            RenderText at (316,4) size 178x19
              text run at (316,4) width 25: "fifth"
              text run at (341,4) width 60 RTL: ") \x{5E8}\x{5D1}\x{5D9}\x{5E2}\x{5D9}\x{5EA} "
              text run at (401,4) width 18: "03"
              text run at (419,4) width 44 RTL: " \x{5E9}\x{5E0}\x{5D9}\x{5D4} ("
              text run at (463,4) width 31: "First"
        RenderBlock {DIV} at (0,99) size 470x35
          RenderText {#text} at (310,10) size 150x15
            text run at (310,10) width 22: "fifth"
            text run at (332,10) width 50 RTL: ") \x{5E8}\x{5D1}\x{5D9}\x{5E2}\x{5D9}\x{5EA} "
            text run at (382,10) width 14: "03"
            text run at (396,10) width 38 RTL: " \x{5E9}\x{5E0}\x{5D9}\x{5D4} ("
            text run at (434,10) width 26: "First"
        RenderMenuList {SELECT} at (0,136) size 500x29 [bgcolor=#FFFFFF] [border: (1px solid #000000)]
          RenderBlock (anonymous) at (1,1) size 498x27
            RenderText at (316,4) size 178x19
              text run at (316,4) width 178 LTR override: "First \x{5E9}\x{5E0}\x{5D9}\x{5D4} (03) \x{5E8}\x{5D1}\x{5D9}\x{5E2}\x{5D9}\x{5EA} fifth"
        RenderBlock {DIV} at (0,167) size 470x35
          RenderText {#text} at (310,10) size 150x15
            text run at (310,10) width 150 LTR override: "First \x{5E9}\x{5E0}\x{5D9}\x{5D4} (03) \x{5E8}\x{5D1}\x{5D9}\x{5E2}\x{5D9}\x{5EA} fifth"
        RenderMenuList {SELECT} at (0,204) size 500x29 [bgcolor=#FFFFFF] [border: (1px solid #000000)]
          RenderBlock (anonymous) at (1,1) size 498x27
            RenderText at (316,4) size 178x19
              text run at (316,4) width 178 RTL override: "First \x{5E9}\x{5E0}\x{5D9}\x{5D4} (03) \x{5E8}\x{5D1}\x{5D9}\x{5E2}\x{5D9}\x{5EA} fifth"
        RenderBlock {DIV} at (0,235) size 470x35
          RenderText {#text} at (310,10) size 150x15
            text run at (310,10) width 150 RTL override: "First \x{5E9}\x{5E0}\x{5D9}\x{5D4} (03) \x{5E8}\x{5D1}\x{5D9}\x{5E2}\x{5D9}\x{5EA} fifth"
