layer at (0,0) size 800x600
  RenderView at (0,0) size 800x600
layer at (0,0) size 800x600
  RenderBlock {HTML} at (0,0) size 800x600
    RenderBody {BODY} at (8,8) size 784x584
      RenderBlock {P} at (0,0) size 784x36
        RenderText {#text} at (0,0) size 223x17
          text run at (0,0) width 223: "This is a regression test for "
        RenderInline {I} at (0,0) size 771x35
          RenderInline {A} at (0,0) size 434x17 [color=#0000EE]
            RenderText {#text} at (222,0) size 434x17
              text run at (222,0) width 434: "http://bugzilla.opendarwin.org/show_bug.cgi?id=8866"
          RenderText {#text} at (655,0) size 771x35
            text run at (655,0) width 6: " "
            text run at (660,0) width 111: "REGRESSION:"
            text run at (0,18) width 278: "Incorrect caret position in RTL text"
        RenderText {#text} at (277,18) size 6x17
          text run at (277,18) width 6: "."
      RenderBlock {P} at (0,52) size 784x18
        RenderText {#text} at (0,0) size 439x17
          text run at (0,0) width 439: "The caret should be in the middle of the Hebrew word."
      RenderBlock {HR} at (0,86) size 784x2 [border: (1px inset #000000)]
      RenderBlock {DIV} at (0,96) size 784x18
        RenderText {#text} at (0,0) size 61x17
          text run at (0,0) width 61 RTL: "\x{5D0}\x{5D5}\x{5DB}\x{5DE}\x{5E0}\x{5D9}\x{5D5}\x{5EA}"
caret: position 5 of child 0 {#text} of child 7 {DIV} of body
