layer at (0,0) size 800x600
  RenderView at (0,0) size 800x600
layer at (350,0) size 450x600
  RenderBlock {HTML} at (0,0) size 450x600
    RenderBody {BODY} at (8,8) size 410x584
      RenderBlock {HR} at (0,0) size 2x584 [border: (1px inset #000000)]
      RenderBlock (anonymous) at (10,0) size 37x584
        RenderInline {SPAN} at (0,0) size 36x352
          RenderText {#text} at (0,0) size 36x352
            text run at (0,0) width 352: "OFF=\x{897F}\x{66A6}2010\x{5E74}1\x{6708}20\x{65E5}365\x{56DE}"
        RenderText {#text} at (0,0) size 0x0
      RenderBlock {HR} at (55,0) size 2x584 [border: (1px inset #000000)]
      RenderBlock (anonymous) at (65,0) size 37x584
        RenderInline {SPAN} at (0,0) size 36x356
          RenderInline {SPAN} at (0,0) size 36x47
            RenderCombineText {#text} at (0,0) size 36x47
              text run at (0,0) width 47: "ON"
          RenderText {#text} at (0,46) size 36x57
            text run at (0,46) width 57: "=\x{897F}\x{66A6}"
          RenderInline {SPAN} at (0,0) size 36x65
            RenderCombineText {#text} at (0,102) size 36x65
              text run at (0,102) width 64: "2010"
          RenderText {#text} at (0,166) size 36x20
            text run at (0,166) width 20: "\x{5E74}"
          RenderInline {SPAN} at (0,0) size 36x33
            RenderCombineText {#text} at (0,185) size 36x33
              text run at (0,185) width 32: "\x{FFFC}"
          RenderText {#text} at (0,217) size 36x21
            text run at (0,217) width 20: "\x{6708}"
          RenderInline {SPAN} at (0,0) size 36x33
            RenderCombineText {#text} at (0,237) size 36x33
              text run at (0,237) width 32: "\x{FFFC}"
          RenderText {#text} at (0,269) size 36x20
            text run at (0,269) width 20: "\x{65E5}"
          RenderInline {SPAN} at (0,0) size 36x49
            RenderCombineText {#text} at (0,288) size 36x49
              text run at (0,288) width 48: "365"
          RenderText {#text} at (0,336) size 36x20
            text run at (0,336) width 20: "\x{56DE}"
        RenderText {#text} at (0,0) size 0x0
      RenderBlock {HR} at (110,0) size 2x584 [border: (1px inset #000000)]
      RenderBlock (anonymous) at (120,0) size 37x584
        RenderInline {SPAN} at (0,0) size 36x390
          RenderInline {SPAN} at (0,0) size 36x80
            RenderCombineText {#text} at (0,0) size 36x80
              text run at (0,0) width 80: "Times"
          RenderText {#text} at (0,79) size 36x58
            text run at (0,79) width 57: "=\x{897F}\x{66A6}"
          RenderInline {SPAN} at (0,0) size 36x65
            RenderCombineText {#text} at (0,136) size 36x65
              text run at (0,136) width 64: "2010"
          RenderText {#text} at (0,200) size 36x20
            text run at (0,200) width 20: "\x{5E74}"
          RenderInline {SPAN} at (0,0) size 36x33
            RenderCombineText {#text} at (0,219) size 36x33
              text run at (0,219) width 32: "\x{FFFC}"
          RenderText {#text} at (0,251) size 36x20
            text run at (0,251) width 20: "\x{6708}"
          RenderInline {SPAN} at (0,0) size 36x33
            RenderCombineText {#text} at (0,270) size 36x33
              text run at (0,270) width 32: "\x{FFFC}"
          RenderText {#text} at (0,302) size 36x21
            text run at (0,302) width 20: "\x{65E5}"
          RenderInline {SPAN} at (0,0) size 36x49
            RenderCombineText {#text} at (0,322) size 36x49
              text run at (0,322) width 48: "365"
          RenderText {#text} at (0,370) size 36x20
            text run at (0,370) width 20: "\x{56DE}"
        RenderText {#text} at (0,0) size 0x0
      RenderBlock {HR} at (165,0) size 2x584 [border: (1px inset #000000)]
      RenderBlock (anonymous) at (175,0) size 74x584
        RenderInline {SPAN} at (0,0) size 36x185
          RenderText {#text} at (0,0) size 36x185
            text run at (0,0) width 185: "OFF=\x{5B57}\x{3042}\x{FF21}A%"
        RenderBR {BR} at (15,184) size 17x1
        RenderInline {SPAN} at (0,0) size 36x225
          RenderInline {SPAN} at (0,0) size 36x47
            RenderCombineText {#text} at (37,0) size 36x47
              text run at (37,0) width 47: "ON"
          RenderText {#text} at (37,46) size 36x19
            text run at (37,46) width 19: "="
          RenderInline {SPAN} at (0,0) size 36x33
            RenderCombineText {#text} at (37,64) size 36x33
              text run at (37,64) width 32: "\x{FFFC}"
          RenderInline {SPAN} at (0,0) size 36x33
            RenderCombineText {#text} at (37,96) size 36x33
              text run at (37,96) width 32: "\x{FFFC}"
          RenderInline {SPAN} at (0,0) size 36x33
            RenderCombineText {#text} at (37,128) size 36x33
              text run at (37,128) width 32: "\x{FFFC}"
          RenderInline {SPAN} at (0,0) size 36x33
            RenderCombineText {#text} at (37,160) size 36x33
              text run at (37,160) width 32: "\x{FFFC}"
          RenderInline {SPAN} at (0,0) size 36x33
            RenderCombineText {#text} at (37,192) size 36x33
              text run at (37,192) width 32: "\x{FFFC}"
          RenderText {#text} at (0,0) size 0x0
      RenderBlock (anonymous) at (265,0) size 145x584
        RenderBlock {HR} at (0,0) size 2x584 [border: (1px inset #000000)]
        RenderBlock {P} at (34,0) size 111x584
          RenderBlock (floating) {SPAN} at (0,340) size 29x244 [border: (1px solid #FF0000)]
            RenderText {#text} at (1,1) size 26x103
              text run at (1,1) width 103: "float:right:"
            RenderInline {SPAN} at (0,0) size 26x49
              RenderCombineText {#text} at (1,103) size 26x49
                text run at (1,103) width 48: "2010"
            RenderText {#text} at (1,151) size 26x16
              text run at (1,151) width 15: "\x{5E74}"
            RenderInline {SPAN} at (0,0) size 26x25
              RenderCombineText {#text} at (1,166) size 26x25
                text run at (1,166) width 24: "\x{FFFC}"
            RenderText {#text} at (1,190) size 26x15
              text run at (1,190) width 15: "\x{6708}"
            RenderInline {SPAN} at (0,0) size 26x25
              RenderCombineText {#text} at (1,204) size 26x25
                text run at (1,204) width 24: "\x{FFFC}"
            RenderText {#text} at (1,228) size 26x15
              text run at (1,228) width 15: "\x{65E5}"
          RenderInline {SPAN} at (0,0) size 91x577
            RenderText {#text} at (15,0) size 91x577
              text run at (15,0) width 332: "\x{305D}\x{306E}\x{5973}\x{304C}\x{306D}\x{304B}\x{3057}\x{3064}\x{3051}\x{306B}\x{6765}\x{3066}\x{304F}\x{308C}\x{308B}\x{307E}\x{3067}\x{3001}\x{308F}\x{305F}\x{3057}\x{306F}\x{3051}\x{3063}\x{3057}\x{3066}\x{306D}\x{3069}\x{3053}\x{306B}\x{306F}\x{306F}\x{3044}\x{3089}"
              text run at (52,0) width 577: "\x{306A}\x{304B}\x{3063}\x{305F}\x{3002}\x{51AC}\x{306E}\x{3042}\x{3089}\x{3057}\x{304C}\x{3060}\x{3093}\x{3054}\x{306E}\x{3088}\x{3046}\x{306A}\x{96EA}\x{3092}\x{3075}\x{304D}\x{3064}\x{3051}\x{3066}\x{7A93}\x{30AC}\x{30E9}\x{30B9}\x{3092}\x{767D}\x{304F}\x{3059}\x{308B}\x{3058}\x{3076}\x{3093}\x{306B}\x{306A}\x{308B}\x{3068}\x{3001}\x{3053}\x{306E}\x{5973}\x{306E}\x{4EBA}\x{306F}\x{4E21}\x{624B}\x{306E}\x{9593}\x{306B}\x{308F}\x{305F}\x{3057}\x{306E}"
              text run at (89,0) width 404: "\x{8DB3}\x{3092}\x{304A}\x{3055}\x{3048}\x{3066}\x{3001}\x{6B4C}\x{3092}\x{6B4C}\x{3044}\x{306A}\x{304C}\x{3089}\x{6696}\x{3081}\x{3066}\x{304F}\x{308C}\x{305F}\x{3002}\x{305D}\x{306E}\x{6B4C}\x{306E}\x{7BC0}\x{3082}\x{6587}\x{53E5}\x{3082}\x{3001}\x{3044}\x{307E}\x{306B}\x{5FD8}\x{308C}\x{305A}\x{306B}\x{3044}\x{308B}\x{3002}"
          RenderText {#text} at (0,0) size 0x0
      RenderBlock (anonymous) at (442,0) size 0x584
        RenderInline {SPAN} at (0,0) size 0x0
