layer at (0,0) size 800x600
  RenderView at (0,0) size 800x600
layer at (0,0) size 800x34
  RenderBlock {HTML} at (0,0) size 800x34
    RenderBody {BODY} at (8,8) size 784x18
      RenderBlock {DIV} at (0,0) size 784x18
        RenderText {#text} at (0,0) size 510x18
          text run at (0,0) width 510: "This tests proper handling of unicode-bidi: plaintext. You should not see any red."
layer at (8,26) size 98x400
  RenderBlock (positioned) {DIV} at (0,0) size 98x400
    RenderBlock {DIV} at (0,0) size 98x72 [color=#FF0000]
      RenderText {#text} at (0,0) size 44x18
        text run at (0,0) width 44: "!hello. "
      RenderBR {BR} at (44,0) size 0x18
      RenderText {#text} at (0,18) size 45x18
        text run at (0,18) width 5: "!"
        text run at (5,18) width 32 RTL: "\x{5E9}\x{5DC}\x{5D5}\x{5DD}"
        text run at (37,18) width 8: ". "
      RenderBR {BR} at (45,18) size 0x18
      RenderText {#text} at (0,36) size 63x18
        text run at (0,36) width 39: "hello, "
        text run at (39,36) width 15 RTL: "\x{5DC}\x{5D5}\x{5D9}"
        text run at (54,36) width 9: "! "
      RenderBR {BR} at (63,36) size 0x18
      RenderText {#text} at (0,54) size 95x18
        text run at (0,54) width 32 RTL: "\x{5E9}\x{5DC}\x{5D5}\x{5DD}"
        text run at (32,54) width 63: ", WebKit!"
    RenderBlock {PRE} at (0,72) size 98x75 [color=#FF0000]
      RenderText {#text} at (0,0) size 98x75
        text run at (0,0) width 8: "a"
        text run at (8,0) width 0: " "
        text run at (0,15) width 8: "("
        text run at (8,15) width 0: " "
        text run at (0,30) width 26 RTL: "\x{5E9}\x{5DC}\x{5D5}\x{5DD}"
        text run at (26,30) width 72: ", WebKit!"
        text run at (98,30) width 0: " "
        text run at (0,45) width 56: "hello, "
        text run at (56,45) width 12 RTL: "\x{5DC}\x{5D5}\x{5D9}"
        text run at (68,45) width 8: "!"
        text run at (76,45) width 0: " "
        text run at (0,60) width 8: ")"
        text run at (8,60) width 0: " "
layer at (8,26) size 98x400
  RenderBlock (positioned) {DIV} at (0,0) size 98x400 [color=#008000]
    RenderBlock (anonymous) at (0,0) size 98x72
      RenderText {#text} at (0,0) size 40x18
        text run at (0,0) width 40: "!hello."
      RenderBR {BR} at (40,0) size 0x18
      RenderInline {SPAN} at (0,0) size 45x18
        RenderText {#text} at (0,18) size 45x18
          text run at (0,18) width 45 RTL: "!\x{5E9}\x{5DC}\x{5D5}\x{5DD}. "
      RenderBR {BR} at (45,18) size 0x18
      RenderInline {SPAN} at (0,0) size 63x18
        RenderText {#text} at (0,36) size 63x18
          text run at (0,36) width 39: "hello, "
          text run at (39,36) width 15 RTL: "\x{5DC}\x{5D5}\x{5D9}"
          text run at (54,36) width 9: "! "
      RenderBR {BR} at (63,36) size 0x18
      RenderInline {SPAN} at (0,0) size 95x18
        RenderText {#text} at (0,54) size 95x18
          text run at (0,54) width 5 RTL: "!"
          text run at (5,54) width 50: "WebKit"
          text run at (55,54) width 40 RTL: "\x{5E9}\x{5DC}\x{5D5}\x{5DD}, "
      RenderBR {BR} at (95,54) size 0x18
    RenderBlock {PRE} at (0,72) size 98x75
      RenderText {#text} at (0,0) size 98x75
        text run at (0,0) width 8: "a"
        text run at (8,0) width 0: " "
        text run at (0,15) width 8: "("
        text run at (8,15) width 0: " "
        text run at (0,30) width 72: "!WebKit ,"
        text run at (72,30) width 26 RTL: "\x{5E9}\x{5DC}\x{5D5}\x{5DD}"
        text run at (98,30) width 0: " "
        text run at (0,45) width 56: "hello, "
        text run at (56,45) width 12 RTL: "\x{5DC}\x{5D5}\x{5D9}"
        text run at (68,45) width 8: "!"
        text run at (76,45) width 0: " "
        text run at (0,60) width 8: ")"
        text run at (8,60) width 0: " "
