layer at (0,0) size 784x2122
  RenderView at (0,0) size 784x600
layer at (0,0) size 784x2122
  RenderBlock {HTML} at (0,0) size 784x2122
    RenderBody {BODY} at (8,8) size 768x2106
      RenderBlock {H1} at (0,0) size 768x37
        RenderText {#text} at (0,0) size 181x36
          text run at (0,0) width 181: "Anchor Lock"
      RenderBlock {P} at (0,58) size 768x36
        RenderText {#text} at (0,0) size 755x35
          text run at (0,0) width 755: "This tests WebKit's ability to lock to an anchor and maintain focus on it as images are loaded above and below it. The"
          text run at (0,18) width 376: "Anchor text should be visible and this message should not."
      RenderBlock {P} at (0,110) size 768x200
        RenderImage {IMG} at (0,0) size 200x200
      RenderBlock {P} at (0,326) size 768x200
        RenderImage {IMG} at (0,0) size 200x200
      RenderBlock {P} at (0,542) size 768x200
        RenderImage {IMG} at (0,0) size 200x200
      RenderBlock {P} at (0,758) size 768x200
        RenderImage {IMG} at (0,0) size 200x200
      RenderBlock (anonymous) at (0,974) size 768x18
        RenderInline {A} at (0,0) size 313x17
          RenderText {#text} at (0,0) size 313x17
            text run at (0,0) width 313: "Anchor text - this should be the only visible text."
        RenderText {#text} at (0,0) size 0x0
      RenderBlock {P} at (0,1008) size 768x200
        RenderImage {IMG} at (0,0) size 200x200
      RenderBlock {P} at (0,1224) size 768x200
        RenderImage {IMG} at (0,0) size 200x200
      RenderBlock {P} at (0,1440) size 768x200
        RenderImage {IMG} at (0,0) size 200x200
      RenderBlock {P} at (0,1656) size 768x200
        RenderImage {IMG} at (0,0) size 200x200
      RenderBlock {P} at (0,1872) size 768x200
        RenderImage {IMG} at (0,0) size 200x200
      RenderBlock (anonymous) at (0,2088) size 768x18
        RenderText {#text} at (0,0) size 60x17
          text run at (0,0) width 60: "#anchor1"
