layer at (0,0) size 800x600
  RenderView at (0,0) size 800x600
layer at (0,0) size 800x600
  RenderBlock {HTML} at (0,0) size 800x600
    RenderBody {BODY} at (8,8) size 784x584
      RenderBlock {DIV} at (0,0) size 784x16
        RenderInline (generated) at (0,0) size 17x16 [color=#0000FF]
          RenderText {#text} at (0,0) size 17x16
            text run at (0,0) width 17: "L"
        RenderText {#text} at (16,0) size 401x16
          text run at (16,0) width 401: "orem ipsum dolor sit amet"
