layer at (0,0) size 800x600
  RenderView at (0,0) size 800x600
layer at (0,0) size 800x600
  RenderBlock {HTML} at (0,0) size 800x600
    RenderBody {BODY} at (8,8) size 784x584
      RenderBlock {P} at (0,0) size 784x18
        RenderText {#text} at (0,0) size 55x17
          text run at (0,0) width 55: "Test for "
        RenderInline {I} at (0,0) size 590x17
          RenderInline {A} at (0,0) size 306x17 [color=#0000EE]
            RenderText {#text} at (54,0) size 306x17
              text run at (54,0) width 306: "http://bugs.webkit.org/show_bug.cgi?id=12886"
          RenderText {#text} at (359,0) size 285x17
            text run at (359,0) width 5: " "
            text run at (363,0) width 281: "Crash with Scriptalicious javascript library"
        RenderText {#text} at (643,0) size 5x17
          text run at (643,0) width 5: "."
      RenderBlock {P} at (0,34) size 784x18
        RenderText {#text} at (0,0) size 302x17
          text run at (0,0) width 302: "You should see two purple 100\x{D7}50 rectangles, "
        RenderInline {EM} at (0,0) size 21x17
          RenderText {#text} at (301,0) size 21x17
            text run at (301,0) width 21: "not"
        RenderText {#text} at (321,0) size 155x17
          text run at (321,0) width 155: " a checkerboard pattern."
      RenderTable {TABLE} at (0,68) size 100x300
        RenderTableSection {TBODY} at (0,0) size 100x300
          RenderTableRow {TR} at (0,0) size 100x150
            RenderTableCell {TD} at (0,0) size 50x100 [r=0 c=0 rs=1 cs=1]
              RenderBlock {DIV} at (0,0) size 50x100
                RenderBlock {DIV} at (0,0) size 50x50
                  RenderBlock (floating) {DIV} at (0,0) size 50x25
                RenderBlock {DIV} at (0,50) size 50x50
                  RenderBlock {DIV} at (0,0) size 50x50 [bgcolor=#800080]
            RenderTableCell {TD} at (50,0) size 50x100 [r=0 c=1 rs=1 cs=1]
              RenderBlock {DIV} at (0,0) size 50x100
                RenderBlock {DIV} at (0,0) size 50x50
                  RenderBlock (floating) {DIV} at (0,0) size 50x25
                RenderBlock {DIV} at (0,50) size 50x50
                  RenderBlock {DIV} at (0,0) size 50x50 [bgcolor=#800080]
          RenderTableRow {TR} at (0,150) size 100x150
            RenderTableCell {TD} at (0,150) size 50x50 [r=1 c=0 rs=1 cs=1]
              RenderBlock {DIV} at (0,0) size 50x50
                RenderBlock {DIV} at (0,0) size 50x0
                  RenderBlock (floating) {DIV} at (0,0) size 50x0
                RenderBlock {DIV} at (0,0) size 50x50
                  RenderBlock {DIV} at (0,0) size 50x50 [bgcolor=#800080]
            RenderTableCell {TD} at (50,150) size 50x50 [r=1 c=1 rs=1 cs=1]
              RenderBlock {DIV} at (0,0) size 50x50 [bgcolor=#800080]
      RenderBlock {DIV} at (0,368) size 784x200
