layer at (0,0) size 784x678
  RenderView at (0,0) size 784x600
layer at (0,0) size 784x678
  RenderBlock {HTML} at (0,0) size 784x678
    RenderBody {BODY} at (8,8) size 768x662
      RenderBlock {P} at (0,0) size 768x18
        RenderText {#text} at (0,0) size 55x17
          text run at (0,0) width 55: "Test for "
        RenderInline {I} at (0,0) size 640x17
          RenderInline {A} at (0,0) size 306x17 [color=#0000EE]
            RenderText {#text} at (54,0) size 306x17
              text run at (54,0) width 306: "http://bugs.webkit.org/show_bug.cgi?id=15362"
          RenderText {#text} at (359,0) size 335x17
            text run at (359,0) width 5: " "
            text run at (363,0) width 331: "Safari Crashes when opening a JS TreeGrid widget"
        RenderText {#text} at (693,0) size 5x17
          text run at (693,0) width 5: "."
      RenderBlock {P} at (0,34) size 768x72
        RenderText {#text} at (0,0) size 766x71
          text run at (0,0) width 687: "The test sets up an inline parent with a child that is some kind of table part. The child gets broken off into a"
          text run at (0,18) width 742: "continuation and anonymous table parts get created below and/or above the table parts. Then the test tries to insert a"
          text run at (0,36) width 766: "new child into the inline, specifying the table part as the \"before child\". The resulting render tree should look just like it"
          text run at (0,54) width 238: "would look if the parent was a block."
      RenderBlock {DIV} at (0,122) size 768x36
        RenderBlock (anonymous) at (0,0) size 768x18
          RenderInline {SPAN} at (0,0) size 130x17
            RenderText {#text} at (0,0) size 42x17
              text run at (0,0) width 42: "Text..."
            RenderText {#text} at (41,0) size 89x17
              text run at (41,0) width 89: "goes here and"
        RenderBlock (anonymous) at (0,18) size 768x18
          RenderTable at (0,0) size 105x18
            RenderTableSection (anonymous) at (0,0) size 105x18
              RenderTableRow (anonymous) at (0,0) size 105x18
                RenderTableCell {DIV} at (0,0) size 105x18 [r=0 c=0 rs=1 cs=1]
                  RenderText {#text} at (0,0) size 105x17
                    text run at (0,0) width 105: "...continues here"
        RenderBlock (anonymous) at (0,36) size 768x0
          RenderInline {SPAN} at (0,0) size 0x0
      RenderBlock {DIV} at (0,158) size 768x36
        RenderBlock (anonymous) at (0,0) size 768x18
          RenderInline {SPAN} at (0,0) size 42x17
            RenderText {#text} at (0,0) size 42x17
              text run at (0,0) width 42: "Text..."
        RenderBlock (anonymous) at (0,18) size 768x18
          RenderTable at (0,0) size 106x18
            RenderTableSection (anonymous) at (0,0) size 106x18
              RenderTableRow (anonymous) at (0,0) size 106x18
                RenderTableCell {TD} at (0,0) size 0x0 [r=0 c=0 rs=1 cs=1]
                RenderTableCell {DIV} at (0,0) size 106x18 [r=0 c=1 rs=1 cs=1]
                  RenderText {#text} at (0,0) size 105x17
                    text run at (0,0) width 105: "...continues here"
        RenderBlock (anonymous) at (0,36) size 768x0
          RenderInline {SPAN} at (0,0) size 0x0
      RenderBlock {DIV} at (0,194) size 768x36
        RenderBlock (anonymous) at (0,0) size 768x18
          RenderInline {SPAN} at (0,0) size 42x17
            RenderText {#text} at (0,0) size 42x17
              text run at (0,0) width 42: "Text..."
        RenderBlock (anonymous) at (0,18) size 768x18
          RenderTable at (0,0) size 105x18
            RenderTableSection (anonymous) at (0,0) size 105x18
              RenderTableRow {TR} at (0,0) size 105x0
              RenderTableRow (anonymous) at (0,0) size 105x18
                RenderTableCell {DIV} at (0,0) size 105x18 [r=1 c=0 rs=1 cs=1]
                  RenderText {#text} at (0,0) size 105x17
                    text run at (0,0) width 105: "...continues here"
        RenderBlock (anonymous) at (0,36) size 768x0
          RenderInline {SPAN} at (0,0) size 0x0
      RenderBlock {DIV} at (0,230) size 768x36
        RenderBlock (anonymous) at (0,0) size 768x18
          RenderInline {SPAN} at (0,0) size 42x17
            RenderText {#text} at (0,0) size 42x17
              text run at (0,0) width 42: "Text..."
            RenderInline {SPAN} at (0,0) size 1x17
        RenderBlock (anonymous) at (0,18) size 768x18
          RenderTable at (0,0) size 105x18
            RenderTableSection (anonymous) at (0,0) size 105x18
              RenderTableRow (anonymous) at (0,0) size 105x18
                RenderTableCell {DIV} at (0,0) size 105x18 [r=0 c=0 rs=1 cs=1]
                  RenderText {#text} at (0,0) size 105x17
                    text run at (0,0) width 105: "...continues here"
        RenderBlock (anonymous) at (0,36) size 768x0
          RenderInline {SPAN} at (0,0) size 0x0
      RenderBlock {DIV} at (0,266) size 768x36
        RenderBlock (anonymous) at (0,0) size 768x18
          RenderInline {SPAN} at (0,0) size 42x17
            RenderText {#text} at (0,0) size 42x17
              text run at (0,0) width 42: "Text..."
        RenderBlock (anonymous) at (0,18) size 768x18
          RenderBlock {DIV} at (0,0) size 768x0
          RenderTable at (0,0) size 105x18
            RenderTableSection (anonymous) at (0,0) size 105x18
              RenderTableRow (anonymous) at (0,0) size 105x18
                RenderTableCell {DIV} at (0,0) size 105x18 [r=0 c=0 rs=1 cs=1]
                  RenderText {#text} at (0,0) size 105x17
                    text run at (0,0) width 105: "...continues here"
        RenderBlock (anonymous) at (0,36) size 768x0
          RenderInline {SPAN} at (0,0) size 0x0
      RenderBlock {DIV} at (0,302) size 768x36
        RenderBlock (anonymous) at (0,0) size 768x18
          RenderInline {SPAN} at (0,0) size 130x17
            RenderText {#text} at (0,0) size 42x17
              text run at (0,0) width 42: "Text..."
            RenderText {#text} at (41,0) size 89x17
              text run at (41,0) width 89: "goes here and"
        RenderBlock (anonymous) at (0,18) size 768x18
          RenderTable at (0,0) size 105x18
            RenderTableSection (anonymous) at (0,0) size 105x18
              RenderTableRow {DIV} at (0,0) size 105x18
                RenderTableCell (anonymous) at (0,0) size 105x18 [r=0 c=0 rs=1 cs=1]
                  RenderText {#text} at (0,0) size 105x17
                    text run at (0,0) width 105: "...continues here"
        RenderBlock (anonymous) at (0,36) size 768x0
          RenderInline {SPAN} at (0,0) size 0x0
      RenderBlock {DIV} at (0,338) size 768x36
        RenderBlock (anonymous) at (0,0) size 768x18
          RenderInline {SPAN} at (0,0) size 42x17
            RenderText {#text} at (0,0) size 42x17
              text run at (0,0) width 42: "Text..."
        RenderBlock (anonymous) at (0,18) size 768x18
          RenderTable at (0,0) size 105x18
            RenderTableSection (anonymous) at (0,0) size 105x18
              RenderTableRow (anonymous) at (0,0) size 105x0
                RenderTableCell {TD} at (0,0) size 105x0 [r=0 c=0 rs=1 cs=1]
              RenderTableRow {DIV} at (0,0) size 105x18
                RenderTableCell (anonymous) at (0,0) size 105x18 [r=1 c=0 rs=1 cs=1]
                  RenderText {#text} at (0,0) size 105x17
                    text run at (0,0) width 105: "...continues here"
        RenderBlock (anonymous) at (0,36) size 768x0
          RenderInline {SPAN} at (0,0) size 0x0
      RenderBlock {DIV} at (0,374) size 768x36
        RenderBlock (anonymous) at (0,0) size 768x18
          RenderInline {SPAN} at (0,0) size 42x17
            RenderText {#text} at (0,0) size 42x17
              text run at (0,0) width 42: "Text..."
        RenderBlock (anonymous) at (0,18) size 768x18
          RenderTable at (0,0) size 105x18
            RenderTableSection (anonymous) at (0,0) size 105x18
              RenderTableRow {TR} at (0,0) size 105x0
              RenderTableRow {DIV} at (0,0) size 105x18
                RenderTableCell (anonymous) at (0,0) size 105x18 [r=1 c=0 rs=1 cs=1]
                  RenderText {#text} at (0,0) size 105x17
                    text run at (0,0) width 105: "...continues here"
        RenderBlock (anonymous) at (0,36) size 768x0
          RenderInline {SPAN} at (0,0) size 0x0
      RenderBlock {DIV} at (0,410) size 768x36
        RenderBlock (anonymous) at (0,0) size 768x18
          RenderInline {SPAN} at (0,0) size 42x17
            RenderText {#text} at (0,0) size 42x17
              text run at (0,0) width 42: "Text..."
            RenderInline {SPAN} at (0,0) size 1x17
        RenderBlock (anonymous) at (0,18) size 768x18
          RenderTable at (0,0) size 105x18
            RenderTableSection (anonymous) at (0,0) size 105x18
              RenderTableRow {DIV} at (0,0) size 105x18
                RenderTableCell (anonymous) at (0,0) size 105x18 [r=0 c=0 rs=1 cs=1]
                  RenderText {#text} at (0,0) size 105x17
                    text run at (0,0) width 105: "...continues here"
        RenderBlock (anonymous) at (0,36) size 768x0
          RenderInline {SPAN} at (0,0) size 0x0
      RenderBlock {DIV} at (0,446) size 768x36
        RenderBlock (anonymous) at (0,0) size 768x18
          RenderInline {SPAN} at (0,0) size 42x17
            RenderText {#text} at (0,0) size 42x17
              text run at (0,0) width 42: "Text..."
        RenderBlock (anonymous) at (0,18) size 768x18
          RenderBlock {DIV} at (0,0) size 768x0
          RenderTable at (0,0) size 105x18
            RenderTableSection (anonymous) at (0,0) size 105x18
              RenderTableRow {DIV} at (0,0) size 105x18
                RenderTableCell (anonymous) at (0,0) size 105x18 [r=0 c=0 rs=1 cs=1]
                  RenderText {#text} at (0,0) size 105x17
                    text run at (0,0) width 105: "...continues here"
        RenderBlock (anonymous) at (0,36) size 768x0
          RenderInline {SPAN} at (0,0) size 0x0
      RenderBlock {DIV} at (0,482) size 768x36
        RenderBlock (anonymous) at (0,0) size 768x18
          RenderInline {SPAN} at (0,0) size 130x17
            RenderText {#text} at (0,0) size 42x17
              text run at (0,0) width 42: "Text..."
            RenderText {#text} at (41,0) size 89x17
              text run at (41,0) width 89: "goes here and"
        RenderBlock (anonymous) at (0,18) size 768x18
          RenderTable at (0,0) size 105x18
            RenderTableSection {DIV} at (0,0) size 105x18
              RenderTableRow (anonymous) at (0,0) size 105x18
                RenderTableCell (anonymous) at (0,0) size 105x18 [r=0 c=0 rs=1 cs=1]
                  RenderText {#text} at (0,0) size 105x17
                    text run at (0,0) width 105: "...continues here"
        RenderBlock (anonymous) at (0,36) size 768x0
          RenderInline {SPAN} at (0,0) size 0x0
      RenderBlock {DIV} at (0,518) size 768x36
        RenderBlock (anonymous) at (0,0) size 768x18
          RenderInline {SPAN} at (0,0) size 42x17
            RenderText {#text} at (0,0) size 42x17
              text run at (0,0) width 42: "Text..."
        RenderBlock (anonymous) at (0,18) size 768x18
          RenderTable at (0,0) size 105x18
            RenderTableSection (anonymous) at (0,0) size 105x0
              RenderTableRow (anonymous) at (0,0) size 105x0
                RenderTableCell {TD} at (0,0) size 105x0 [r=0 c=0 rs=1 cs=1]
            RenderTableSection {DIV} at (0,0) size 105x18
              RenderTableRow (anonymous) at (0,0) size 105x18
                RenderTableCell (anonymous) at (0,0) size 105x18 [r=0 c=0 rs=1 cs=1]
                  RenderText {#text} at (0,0) size 105x17
                    text run at (0,0) width 105: "...continues here"
        RenderBlock (anonymous) at (0,36) size 768x0
          RenderInline {SPAN} at (0,0) size 0x0
      RenderBlock {DIV} at (0,554) size 768x36
        RenderBlock (anonymous) at (0,0) size 768x18
          RenderInline {SPAN} at (0,0) size 42x17
            RenderText {#text} at (0,0) size 42x17
              text run at (0,0) width 42: "Text..."
        RenderBlock (anonymous) at (0,18) size 768x18
          RenderTable at (0,0) size 105x18
            RenderTableSection (anonymous) at (0,0) size 105x0
              RenderTableRow {TR} at (0,0) size 105x0
            RenderTableSection {DIV} at (0,0) size 105x18
              RenderTableRow (anonymous) at (0,0) size 105x18
                RenderTableCell (anonymous) at (0,0) size 105x18 [r=0 c=0 rs=1 cs=1]
                  RenderText {#text} at (0,0) size 105x17
                    text run at (0,0) width 105: "...continues here"
        RenderBlock (anonymous) at (0,36) size 768x0
          RenderInline {SPAN} at (0,0) size 0x0
      RenderBlock {DIV} at (0,590) size 768x36
        RenderBlock (anonymous) at (0,0) size 768x18
          RenderInline {SPAN} at (0,0) size 42x17
            RenderText {#text} at (0,0) size 42x17
              text run at (0,0) width 42: "Text..."
            RenderInline {SPAN} at (0,0) size 1x17
        RenderBlock (anonymous) at (0,18) size 768x18
          RenderTable at (0,0) size 105x18
            RenderTableSection {DIV} at (0,0) size 105x18
              RenderTableRow (anonymous) at (0,0) size 105x18
                RenderTableCell (anonymous) at (0,0) size 105x18 [r=0 c=0 rs=1 cs=1]
                  RenderText {#text} at (0,0) size 105x17
                    text run at (0,0) width 105: "...continues here"
        RenderBlock (anonymous) at (0,36) size 768x0
          RenderInline {SPAN} at (0,0) size 0x0
      RenderBlock {DIV} at (0,626) size 768x36
        RenderBlock (anonymous) at (0,0) size 768x18
          RenderInline {SPAN} at (0,0) size 42x17
            RenderText {#text} at (0,0) size 42x17
              text run at (0,0) width 42: "Text..."
        RenderBlock (anonymous) at (0,18) size 768x18
          RenderBlock {DIV} at (0,0) size 768x0
          RenderTable at (0,0) size 105x18
            RenderTableSection {DIV} at (0,0) size 105x18
              RenderTableRow (anonymous) at (0,0) size 105x18
                RenderTableCell (anonymous) at (0,0) size 105x18 [r=0 c=0 rs=1 cs=1]
                  RenderText {#text} at (0,0) size 105x17
                    text run at (0,0) width 105: "...continues here"
        RenderBlock (anonymous) at (0,36) size 768x0
          RenderInline {SPAN} at (0,0) size 0x0
