layer at (0,0) size 800x600
  RenderView at (0,0) size 800x600
layer at (0,0) size 800x600
  RenderBlock {HTML} at (0,0) size 800x600
    RenderBody {BODY} at (8,8) size 784x584
      RenderBlock {DIV} at (0,0) size 100x100 [bgcolor=#FF0000]
        RenderText {#text} at (0,0) size 99x53
          text run at (0,0) width 99: "You should not"
          text run at (0,18) width 99: "see this. Resize"
          text run at (0,36) width 80: "the window."
layer at (8,8) size 100x131
  RenderBlock (positioned) {DIV} at (0,0) size 100x131
    RenderBlock {DIV} at (0,0) size 100x100 [bgcolor=#008000]
    RenderBlock (anonymous) at (0,100) size 100x31
      RenderButton {BUTTON} at (2,2) size 63x27 [bgcolor=#C0C0C0] [border: (2px outset #C0C0C0)]
        RenderBlock (anonymous) at (8,4) size 47x18
          RenderText {#text} at (0,0) size 47x17
            text run at (0,0) width 47: "Button"
      RenderText {#text} at (0,0) size 0x0
