layer at (0,0) size 768x568
  RenderView at (0,0) size 760x560
layer at (0,0) size 768x568
  RenderBlock {HTML} at (0,0) size 768x568
    RenderBody {BODY} at (8,8) size 752x544
      RenderText {#text} at (0,0) size 495x17
        text run at (0,0) width 495: "This window should not have scroll bars. If it has scroll bars, try to use them."
      RenderText {#text} at (0,0) size 0x0
