layer at (0,0) size 800x1685
  RenderView at (0,0) size 800x600
layer at (0,0) size 800x1685
  RenderBlock {HTML} at (0,0) size 800x1685
    RenderBody {BODY} at (8,8) size 784x1669 [bgcolor=#CCCCCC]
      RenderBlock {P} at (0,0) size 784x20
        RenderText {#text} at (0,0) size 337x19
          text run at (0,0) width 337: "The style declarations which apply to the text below are:"
      RenderBlock {PRE} at (0,36) size 784x192
        RenderText {#text} at (0,0) size 288x192
          text run at (0,0) width 160: "BODY {color: black;}"
          text run at (160,0) width 0: " "
          text run at (0,16) width 152: ".one {color: #080;}"
          text run at (152,16) width 0: " "
          text run at (0,32) width 176: ".two {color: #008000;}"
          text run at (176,32) width 0: " "
          text run at (0,48) width 232: ".three {color: rgb(0,128,0);}"
          text run at (232,48) width 0: " "
          text run at (0,64) width 240: ".four {color: rgb(0%,50%,0%);}"
          text run at (240,64) width 0: " "
          text run at (0,80) width 288: ".five {color: rgb(0.0%,50.0%,0.0%);}"
          text run at (288,80) width 0: " "
          text run at (0,96) width 160: ".six {color: green;}"
          text run at (160,96) width 0: " "
          text run at (0,112) width 232: ".seven {color: invalidValue;}"
          text run at (232,112) width 0: " "
          text run at (0,128) width 256: ".eight {color: rgb(0,128,1280);}"
          text run at (256,128) width 0: " "
          text run at (0,144) width 240: ".nine {color: rgb(0,128,255);}"
          text run at (240,144) width 0: " "
          text run at (0,160) width 264: ".ten {color: rgb(50%,-500%,60%);}"
          text run at (264,160) width 0: " "
          text run at (0,176) width 264: ".eleven {color: rgb(50%,0%,60%);}"
          text run at (264,176) width 0: " "
      RenderBlock {HR} at (0,241) size 784x2 [border: (1px inset #000000)]
      RenderBlock {P} at (0,259) size 784x20
        RenderText {#text} at (0,0) size 184x19
          text run at (0,0) width 184: "This sentence should be black."
      RenderBlock {P} at (0,295) size 784x20 [color=#008800]
        RenderText {#text} at (0,0) size 474x19
          text run at (0,0) width 474: "This sentence should be green, although slightly different from those that follow."
      RenderBlock {P} at (0,331) size 784x20 [color=#008000]
        RenderText {#text} at (0,0) size 184x19
          text run at (0,0) width 184: "This sentence should be green."
      RenderBlock {P} at (0,367) size 784x20 [color=#008000]
        RenderText {#text} at (0,0) size 184x19
          text run at (0,0) width 184: "This sentence should be green."
      RenderBlock {P} at (0,403) size 784x20 [color=#008000]
        RenderText {#text} at (0,0) size 184x19
          text run at (0,0) width 184: "This sentence should be green."
      RenderBlock {P} at (0,439) size 784x20 [color=#008000]
        RenderText {#text} at (0,0) size 184x19
          text run at (0,0) width 184: "This sentence should be green."
      RenderBlock {P} at (0,475) size 784x20 [color=#008000]
        RenderText {#text} at (0,0) size 184x19
          text run at (0,0) width 184: "This sentence should be green."
      RenderBlock {P} at (0,511) size 784x20
        RenderText {#text} at (0,0) size 387x19
          text run at (0,0) width 387: "This sentence should be black, because the value given for class "
        RenderInline {CODE} at (0,0) size 48x16
          RenderText {#text} at (387,3) size 48x16
            text run at (387,3) width 48: ".seven"
        RenderText {#text} at (435,0) size 59x19
          text run at (435,0) width 59: " is invalid."
      RenderBlock {P} at (0,547) size 784x20 [color=#0080FF]
        RenderText {#text} at (0,0) size 758x19
          text run at (0,0) width 758: "This sentence should be a shade of blue-green which, on a typical RGB computer display, exactly matches the next paragraph."
      RenderBlock {P} at (0,583) size 784x20 [color=#0080FF]
        RenderText {#text} at (0,0) size 784x19
          text run at (0,0) width 784: "This sentence should be a shade of blue-green which, on a typical RGB computer display, exactly matches the previous paragraph."
      RenderBlock {P} at (0,619) size 784x20 [color=#800099]
        RenderText {#text} at (0,0) size 732x19
          text run at (0,0) width 732: "This sentence should be a shade of purple which, on a typical RGB computer display, exactly matches the next paragraph."
      RenderBlock {P} at (0,655) size 784x20 [color=#800099]
        RenderText {#text} at (0,0) size 758x19
          text run at (0,0) width 758: "This sentence should be a shade of purple which, on a typical RGB computer display, exactly matches the previous paragraph."
      RenderBlock {P} at (0,691) size 784x20
        RenderText {#text} at (0,0) size 184x19
          text run at (0,0) width 184: "This sentence should be black."
      RenderBlock {P} at (0,727) size 784x20 [color=#008800]
        RenderText {#text} at (0,0) size 376x19
          text run at (0,0) width 376: "This sentence should be a slightly different green, and used the "
        RenderInline {TT} at (0,0) size 40x16
          RenderText {#text} at (376,3) size 40x16
            text run at (376,3) width 40: "style"
        RenderText {#text} at (416,0) size 57x19
          text run at (416,0) width 57: " attribute."
      RenderBlock {P} at (0,763) size 784x20 [color=#008000]
        RenderText {#text} at (0,0) size 268x19
          text run at (0,0) width 268: "This sentence should be green, and used the "
        RenderInline {TT} at (0,0) size 40x16
          RenderText {#text} at (268,3) size 40x16
            text run at (268,3) width 40: "style"
        RenderText {#text} at (308,0) size 57x19
          text run at (308,0) width 57: " attribute."
      RenderBlock {P} at (0,799) size 784x20 [color=#008000]
        RenderText {#text} at (0,0) size 268x19
          text run at (0,0) width 268: "This sentence should be green, and used the "
        RenderInline {TT} at (0,0) size 40x16
          RenderText {#text} at (268,3) size 40x16
            text run at (268,3) width 40: "style"
        RenderText {#text} at (308,0) size 57x19
          text run at (308,0) width 57: " attribute."
      RenderBlock {P} at (0,835) size 784x20 [color=#008000]
        RenderText {#text} at (0,0) size 268x19
          text run at (0,0) width 268: "This sentence should be green, and used the "
        RenderInline {TT} at (0,0) size 40x16
          RenderText {#text} at (268,3) size 40x16
            text run at (268,3) width 40: "style"
        RenderText {#text} at (308,0) size 57x19
          text run at (308,0) width 57: " attribute."
      RenderBlock {P} at (0,871) size 784x20 [color=#008000]
        RenderText {#text} at (0,0) size 268x19
          text run at (0,0) width 268: "This sentence should be green, and used the "
        RenderInline {TT} at (0,0) size 40x16
          RenderText {#text} at (268,3) size 40x16
            text run at (268,3) width 40: "style"
        RenderText {#text} at (308,0) size 57x19
          text run at (308,0) width 57: " attribute."
      RenderBlock {P} at (0,907) size 784x20 [color=#008000]
        RenderText {#text} at (0,0) size 268x19
          text run at (0,0) width 268: "This sentence should be green, and used the "
        RenderInline {TT} at (0,0) size 40x16
          RenderText {#text} at (268,3) size 40x16
            text run at (268,3) width 40: "style"
        RenderText {#text} at (308,0) size 57x19
          text run at (308,0) width 57: " attribute."
      RenderTable {TABLE} at (0,943) size 784x726 [border: (1px outset #808080)]
        RenderTableSection {TBODY} at (1,1) size 782x724
          RenderTableRow {TR} at (0,0) size 782x28
            RenderTableCell {TD} at (0,0) size 782x28 [bgcolor=#C0C0C0] [border: (1px inset #808080)] [r=0 c=0 rs=1 cs=2]
              RenderInline {STRONG} at (0,0) size 159x19
                RenderText {#text} at (4,4) size 159x19
                  text run at (4,4) width 159: "TABLE Testing Section"
          RenderTableRow {TR} at (0,28) size 782x696
            RenderTableCell {TD} at (0,362) size 12x28 [bgcolor=#C0C0C0] [border: (1px inset #808080)] [r=1 c=0 rs=1 cs=1]
              RenderText {#text} at (4,4) size 4x19
                text run at (4,4) width 4: " "
            RenderTableCell {TD} at (12,28) size 770x696 [border: (1px inset #808080)] [r=1 c=1 rs=1 cs=1]
              RenderBlock {P} at (4,4) size 762x20
                RenderText {#text} at (0,0) size 184x19
                  text run at (0,0) width 184: "This sentence should be black."
              RenderBlock {P} at (4,40) size 762x20 [color=#008800]
                RenderText {#text} at (0,0) size 474x19
                  text run at (0,0) width 474: "This sentence should be green, although slightly different from those that follow."
              RenderBlock {P} at (4,76) size 762x20 [color=#008000]
                RenderText {#text} at (0,0) size 184x19
                  text run at (0,0) width 184: "This sentence should be green."
              RenderBlock {P} at (4,112) size 762x20 [color=#008000]
                RenderText {#text} at (0,0) size 184x19
                  text run at (0,0) width 184: "This sentence should be green."
              RenderBlock {P} at (4,148) size 762x20 [color=#008000]
                RenderText {#text} at (0,0) size 184x19
                  text run at (0,0) width 184: "This sentence should be green."
              RenderBlock {P} at (4,184) size 762x20 [color=#008000]
                RenderText {#text} at (0,0) size 184x19
                  text run at (0,0) width 184: "This sentence should be green."
              RenderBlock {P} at (4,220) size 762x20 [color=#008000]
                RenderText {#text} at (0,0) size 184x19
                  text run at (0,0) width 184: "This sentence should be green."
              RenderBlock {P} at (4,256) size 762x20
                RenderText {#text} at (0,0) size 387x19
                  text run at (0,0) width 387: "This sentence should be black, because the value given for class "
                RenderInline {CODE} at (0,0) size 48x16
                  RenderText {#text} at (387,3) size 48x16
                    text run at (387,3) width 48: ".seven"
                RenderText {#text} at (435,0) size 59x19
                  text run at (435,0) width 59: " is invalid."
              RenderBlock {P} at (4,292) size 762x20 [color=#0080FF]
                RenderText {#text} at (0,0) size 758x19
                  text run at (0,0) width 758: "This sentence should be a shade of blue-green which, on a typical RGB computer display, exactly matches the next paragraph."
              RenderBlock {P} at (4,328) size 762x40 [color=#0080FF]
                RenderText {#text} at (0,0) size 715x39
                  text run at (0,0) width 715: "This sentence should be a shade of blue-green which, on a typical RGB computer display, exactly matches the previous"
                  text run at (0,20) width 65: "paragraph."
              RenderBlock {P} at (4,384) size 762x20 [color=#800099]
                RenderText {#text} at (0,0) size 732x19
                  text run at (0,0) width 732: "This sentence should be a shade of purple which, on a typical RGB computer display, exactly matches the next paragraph."
              RenderBlock {P} at (4,420) size 762x20 [color=#800099]
                RenderText {#text} at (0,0) size 758x19
                  text run at (0,0) width 758: "This sentence should be a shade of purple which, on a typical RGB computer display, exactly matches the previous paragraph."
              RenderBlock {P} at (4,456) size 762x20
                RenderText {#text} at (0,0) size 184x19
                  text run at (0,0) width 184: "This sentence should be black."
              RenderBlock {P} at (4,492) size 762x20 [color=#008800]
                RenderText {#text} at (0,0) size 376x19
                  text run at (0,0) width 376: "This sentence should be a slightly different green, and used the "
                RenderInline {TT} at (0,0) size 40x16
                  RenderText {#text} at (376,3) size 40x16
                    text run at (376,3) width 40: "style"
                RenderText {#text} at (416,0) size 57x19
                  text run at (416,0) width 57: " attribute."
              RenderBlock {P} at (4,528) size 762x20 [color=#008000]
                RenderText {#text} at (0,0) size 268x19
                  text run at (0,0) width 268: "This sentence should be green, and used the "
                RenderInline {TT} at (0,0) size 40x16
                  RenderText {#text} at (268,3) size 40x16
                    text run at (268,3) width 40: "style"
                RenderText {#text} at (308,0) size 57x19
                  text run at (308,0) width 57: " attribute."
              RenderBlock {P} at (4,564) size 762x20 [color=#008000]
                RenderText {#text} at (0,0) size 268x19
                  text run at (0,0) width 268: "This sentence should be green, and used the "
                RenderInline {TT} at (0,0) size 40x16
                  RenderText {#text} at (268,3) size 40x16
                    text run at (268,3) width 40: "style"
                RenderText {#text} at (308,0) size 57x19
                  text run at (308,0) width 57: " attribute."
              RenderBlock {P} at (4,600) size 762x20 [color=#008000]
                RenderText {#text} at (0,0) size 268x19
                  text run at (0,0) width 268: "This sentence should be green, and used the "
                RenderInline {TT} at (0,0) size 40x16
                  RenderText {#text} at (268,3) size 40x16
                    text run at (268,3) width 40: "style"
                RenderText {#text} at (308,0) size 57x19
                  text run at (308,0) width 57: " attribute."
              RenderBlock {P} at (4,636) size 762x20 [color=#008000]
                RenderText {#text} at (0,0) size 268x19
                  text run at (0,0) width 268: "This sentence should be green, and used the "
                RenderInline {TT} at (0,0) size 40x16
                  RenderText {#text} at (268,3) size 40x16
                    text run at (268,3) width 40: "style"
                RenderText {#text} at (308,0) size 57x19
                  text run at (308,0) width 57: " attribute."
              RenderBlock {P} at (4,672) size 762x20 [color=#008000]
                RenderText {#text} at (0,0) size 268x19
                  text run at (0,0) width 268: "This sentence should be green, and used the "
                RenderInline {TT} at (0,0) size 40x16
                  RenderText {#text} at (268,3) size 40x16
                    text run at (268,3) width 40: "style"
                RenderText {#text} at (308,0) size 57x19
                  text run at (308,0) width 57: " attribute."
