layer at (0,0) size 800x600
  RenderView at (0,0) size 800x600
layer at (0,0) size 800x600
  RenderBlock {HTML} at (0,0) size 800x600
    RenderBody {BODY} at (8,8) size 784x576
      RenderBlock {BLOCKQUOTE} at (40,0) size 704x145
        RenderBlock {CENTER} at (0,0) size 704x145
          RenderTable {TABLE} at (295,0) size 113x92 [border: (2px none #808080)]
            RenderTableSection {TBODY} at (2,2) size 108x87
              RenderTableRow {TR} at (0,0) size 108x29
                RenderTableCell {TD} at (0,0) size 39x29 [border: (3px groove #0000FF)] [r=0 c=0 rs=1 cs=1]
                  RenderText {#text} at (4,4) size 31x22
                    text run at (4,4) width 31: "EST"
                RenderTableCell {TD} at (39,0) size 69x29 [border: (3px groove #0000FF)] [r=0 c=1 rs=1 cs=1]
                  RenderText {#text} at (4,4) size 62x22
                    text run at (4,4) width 62: "9:00 a.m."
              RenderTableRow {TR} at (0,29) size 108x29
                RenderTableCell {TD} at (0,29) size 39x29 [border: (3px groove #0000FF)] [r=1 c=0 rs=1 cs=1]
                  RenderText {#text} at (4,4) size 32x22
                    text run at (4,4) width 32: "CST"
                RenderTableCell {TD} at (39,29) size 69x29 [border: (3px groove #0000FF)] [r=1 c=1 rs=1 cs=1]
                  RenderText {#text} at (4,4) size 62x22
                    text run at (4,4) width 62: "8:00 a.m."
              RenderTableRow {TR} at (0,58) size 108x29
                RenderTableCell {TD} at (0,58) size 39x29 [border: (3px groove #0000FF)] [r=2 c=0 rs=1 cs=1]
                  RenderText {#text} at (4,4) size 30x22
                    text run at (4,4) width 30: "PST"
                RenderTableCell {TD} at (39,58) size 69x29 [border: (3px groove #0000FF)] [r=2 c=1 rs=1 cs=1]
                  RenderText {#text} at (4,4) size 62x22
                    text run at (4,4) width 62: "6:00 a.m."
          RenderBlock {P} at (0,108) size 704x37
            RenderButton {INPUT} at (273,2) size 77x33 [bgcolor=#C0C0C0]
              RenderBlock (anonymous) at (6,6) size 65x21
                RenderText at (0,0) size 65x21
                  text run at (0,0) width 65: "separate"
            RenderText {#text} at (351,8) size 5x22
              text run at (351,8) width 5: " "
            RenderButton {INPUT} at (358,2) size 74x33 [bgcolor=#C0C0C0]
              RenderBlock (anonymous) at (6,6) size 62x21
                RenderText at (0,0) size 62x21
                  text run at (0,0) width 62: "collapse"
