layer at (0,0) size 800x600
  RenderView at (0,0) size 800x600
layer at (0,0) size 800x79
  RenderBlock {HTML} at (0,0) size 800x79
    RenderBody {BODY} at (8,8) size 784x63
      RenderProgress {PROGRESS} at (0,3) size 160x16 [border: (2px solid #0000FF)]
        RenderBlock {DIV} at (2,2) size 156x12 [bgcolor=#808080]
          RenderBlock {DIV} at (0,0) size 0x12 [bgcolor=#008000]
      RenderText {#text} at (160,0) size 4x21
        text run at (160,0) width 4: " "
      RenderBR {BR} at (164,0) size 0x21
      RenderProgress {PROGRESS} at (0,24) size 160x16 [border: (2px solid #0000FF)]
        RenderBlock {DIV} at (2,2) size 156x12 [bgcolor=#808080]
          RenderBlock {DIV} at (0,0) size 0x12 [bgcolor=#008000]
      RenderText {#text} at (160,21) size 4x21
        text run at (160,21) width 4: " "
      RenderBR {BR} at (164,21) size 0x21
      RenderProgress {PROGRESS} at (0,45) size 160x16 [border: (2px solid #FF0000)]
        RenderBlock {DIV} at (2,2) size 156x12 [bgcolor=#808080]
          RenderBlock {DIV} at (0,0) size 78x12 [bgcolor=#008000]
      RenderText {#text} at (0,0) size 0x0
