layer at (0,0) size 800x600
  RenderView at (0,0) size 800x600
layer at (0,0) size 800x600
  RenderBlock {HTML} at (0,0) size 800x600
    RenderBody {BODY} at (8,8) size 784x584
      RenderProgress {PROGRESS} at (0,0) size 50x50 [bgcolor=#FF0000]
        RenderBlock {DIV} at (0,0) size 50x50 [bgcolor=#808080]
          RenderBlock {DIV} at (0,0) size 15x50 [bgcolor=#008000]
      RenderText {#text} at (50,31) size 4x21
        text run at (50,31) width 4: " "
      RenderProgress {PROGRESS} at (54,0) size 50x50 [bgcolor=#FF0000]
        RenderBlock {DIV} at (0,0) size 50x50 [bgcolor=#808080]
          RenderBlock {DIV} at (0,0) size 15x50 [bgcolor=#008000]
      RenderText {#text} at (104,31) size 4x21
        text run at (104,31) width 4: " "
      RenderProgress {PROGRESS} at (108,0) size 50x50 [bgcolor=#FF0000]
        RenderBlock {DIV} at (0,0) size 50x50 [bgcolor=#808080]
          RenderBlock {DIV} at (0,0) size 15x50 [bgcolor=#008000]
      RenderText {#text} at (158,31) size 4x21
        text run at (158,31) width 4: " "
      RenderProgress {PROGRESS} at (162,0) size 50x50 [bgcolor=#FF0000]
        RenderBlock {DIV} at (0,0) size 50x50 [bgcolor=#808080]
          RenderBlock {DIV} at (0,0) size 15x50 [bgcolor=#008000]
      RenderText {#text} at (0,0) size 0x0
