layer at (0,0) size 800x600
  RenderView at (0,0) size 800x600
layer at (0,0) size 800x600
  RenderBlock {HTML} at (0,0) size 800x600
    RenderBody {BODY} at (8,8) size 784x576
      RenderBlock {UL} at (0,0) size 784x190
        RenderListItem {LI} at (40,0) size 744x21
          RenderListMarker at (-18,0) size 7x21: bullet
          RenderText {#text} at (0,0) size 96x21
            text run at (0,0) width 96: "Default style: "
          RenderProgress {PROGRESS} at (96,3) size 160x16
            RenderBlock {DIV} at (0,0) size 160x16 [bgcolor=#808080]
              RenderBlock {DIV} at (0,0) size 16x16 [bgcolor=#008000]
        RenderListItem {LI} at (40,21) size 744x21
          RenderListMarker at (-18,0) size 7x21: bullet
          RenderText {#text} at (0,0) size 109x21
            text run at (0,0) width 109: "Progress style: "
          RenderProgress {PROGRESS} at (109,3) size 160x16 [bgcolor=#0000FF] [border: (3px solid #000066)]
            RenderBlock {DIV} at (3,3) size 154x10
              RenderBlock {DIV} at (0,0) size 30x10 [bgcolor=#008000]
        RenderListItem {LI} at (40,42) size 744x32
          RenderListMarker at (-18,11) size 7x21: bullet
          RenderText {#text} at (0,11) size 152x21
            text run at (0,11) width 152: "Progress style (size): "
          RenderProgress {PROGRESS} at (152,0) size 300x30
            RenderBlock {DIV} at (0,0) size 300x30 [bgcolor=#808080]
              RenderBlock {DIV} at (0,0) size 90x30 [bgcolor=#008000]
        RenderListItem {LI} at (40,74) size 744x21
          RenderListMarker at (-18,0) size 7x21: bullet
          RenderText {#text} at (0,0) size 70x21
            text run at (0,0) width 70: "Bar style: "
          RenderProgress {PROGRESS} at (70,3) size 160x16
            RenderBlock {DIV} at (0,0) size 160x16 [bgcolor=#FF0000] [border: (3px solid #990000)]
              RenderBlock {DIV} at (3,3) size 61x10 [bgcolor=#008000]
        RenderListItem {LI} at (40,95) size 744x21
          RenderListMarker at (-18,0) size 7x21: bullet
          RenderText {#text} at (0,0) size 87x21
            text run at (0,0) width 87: "Value style: "
          RenderProgress {PROGRESS} at (87,3) size 160x16
            RenderBlock {DIV} at (0,0) size 160x16 [bgcolor=#808080]
              RenderBlock {DIV} at (0,0) size 80x16 [bgcolor=#FFFF00] [border: (3px solid #999900)]
        RenderListItem {LI} at (40,116) size 744x32
          RenderListMarker at (-18,11) size 7x21: bullet
          RenderText {#text} at (0,11) size 209x21
            text run at (0,11) width 209: "Styling for all three elements: "
          RenderProgress {PROGRESS} at (209,0) size 160x30 [bgcolor=#0000FF] [border: (3px solid #000066)]
            RenderBlock {DIV} at (3,3) size 154x24 [bgcolor=#FF0000] [border: (3px solid #990000)]
              RenderBlock {DIV} at (3,3) size 88x18 [bgcolor=#FFFF00] [border: (3px solid #999900)]
        RenderListItem {LI} at (40,148) size 744x21
          RenderListMarker at (-18,0) size 7x21: bullet
          RenderText {#text} at (0,0) size 259x21
            text run at (0,0) width 259: "Removing appearance dynamically: "
          RenderProgress {PROGRESS} at (259,3) size 160x16
            RenderBlock {DIV} at (0,0) size 160x16 [bgcolor=#808080]
              RenderBlock {DIV} at (0,0) size 112x16 [bgcolor=#008000]
        RenderListItem {LI} at (40,169) size 744x21
          RenderListMarker at (-18,0) size 7x21: bullet
          RenderText {#text} at (0,0) size 303x21
            text run at (0,0) width 303: "Giving progress style change dynamically: "
          RenderProgress {PROGRESS} at (303,3) size 160x16 [bgcolor=#ADD8E6]
            RenderBlock {DIV} at (0,0) size 160x16
              RenderBlock {DIV} at (0,0) size 128x16 [bgcolor=#008000]
