layer at (0,0) size 800x600
  RenderView at (0,0) size 800x600
layer at (0,0) size 800x600
  RenderBlock {HTML} at (0,0) size 800x600
    RenderBody {BODY} at (8,8) size 784x584
      RenderBlock {P} at (0,0) size 784x40
        RenderText {#text} at (0,0) size 764x39
          text run at (0,0) width 764: "This tests that calling dataTransfer.setData('URL', aFileURL) sets NSFilenamesPboardType type data on the pasteboard if and"
          text run at (0,20) width 186: "only if this page is a local page."
      RenderBlock {P} at (0,56) size 784x40
        RenderText {#text} at (0,0) size 717x39
          text run at (0,0) width 717: "This test cannot be run manually, as it is not possible to tell whether or not NSFilenamesPboardType type data is on the"
          text run at (0,20) width 257: "pasteboard, without Objective-C bindings."
      RenderBlock (anonymous) at (0,112) size 784x103
        RenderImage {IMG} at (0,0) size 76x103
        RenderText {#text} at (0,0) size 0x0
