layer at (0,0) size 800x600
  RenderView at (0,0) size 800x600
layer at (0,0) size 800x442
  RenderBlock {HTML} at (0,0) size 800x442
    RenderBody {BODY} at (8,8) size 784x426
      RenderBlock (anonymous) at (0,0) size 784x76
        RenderText {#text} at (0,0) size 538x19
          text run at (0,0) width 538: "Tests for basic button rendering. Creates a table with seven columns and seven rows. "
        RenderBR {BR} at (538,0) size 0x19
        RenderText {#text} at (0,19) size 511x19
          text run at (0,19) width 511: "Creates two different types of buttons, one with an image (a red dot) and another "
        RenderBR {BR} at (511,19) size 0x19
        RenderText {#text} at (0,38) size 649x19
          text run at (0,38) width 649: "with text (\"foo\") and then uses six different paddings to make sure each of the buttons render properly. "
        RenderBR {BR} at (649,38) size 0x19
        RenderBR {BR} at (0,57) size 0x19
      RenderTable {TABLE} at (0,76) size 684x350
        RenderTableSection {TBODY} at (0,0) size 684x350
          RenderTableRow {TR} at (0,0) size 684x21
            RenderTableCell {TD} at (0,0) size 169x21 [r=0 c=0 rs=1 cs=1]
              RenderText {#text} at (1,1) size 42x19
                text run at (1,1) width 42: "styling"
            RenderTableCell {TD} at (169,0) size 60x21 [r=0 c=1 rs=1 cs=1]
              RenderText {#text} at (1,1) size 58x19
                text run at (1,1) width 58: "<button>"
            RenderTableCell {TD} at (229,0) size 157x21 [r=0 c=2 rs=1 cs=1]
              RenderText {#text} at (1,1) size 155x19
                text run at (1,1) width 155: "(offsetH,W) (clientH,W)"
            RenderTableCell {TD} at (386,0) size 132x21 [r=0 c=3 rs=1 cs=1]
              RenderText {#text} at (1,1) size 130x19
                text run at (1,1) width 130: "<input type=button>"
            RenderTableCell {TD} at (518,0) size 166x21 [r=0 c=4 rs=1 cs=1]
              RenderText {#text} at (1,1) size 164x19
                text run at (1,1) width 164: "(offsetH,W) (clientH, -W)"
          RenderTableRow {TR} at (0,21) size 684x47
            RenderTableCell {TD} at (0,34) size 169x21 [r=1 c=0 rs=1 cs=1]
              RenderText {#text} at (1,1) size 53x19
                text run at (1,1) width 53: "(default)"
            RenderTableCell {TD} at (169,21) size 60x47 [r=1 c=1 rs=1 cs=1]
              RenderButton {BUTTON} at (3,3) size 44x41 [bgcolor=#C0C0C0] [border: (2px outset #C0C0C0)]
                RenderBlock (anonymous) at (17,10) size 10x19
                  RenderImage {IMG} at (0,5) size 10x10
            RenderTableCell {TD} at (229,34) size 157x21 [r=1 c=2 rs=1 cs=1]
              RenderText {#text} at (1,1) size 104x19
                text run at (1,1) width 104: "(41, 34) (37, 30)"
            RenderTableCell {TD} at (386,23) size 132x43 [r=1 c=3 rs=1 cs=1]
              RenderButton {INPUT} at (3,3) size 52x37 [color=#202020]
                RenderBlock (anonymous) at (15,8) size 22x19
                  RenderText at (0,0) size 22x19
                    text run at (0,0) width 22: "foo"
            RenderTableCell {TD} at (518,34) size 166x21 [r=1 c=4 rs=1 cs=1]
              RenderText {#text} at (1,1) size 104x19
                text run at (1,1) width 104: "(37, 52) (37, 52)"
          RenderTableRow {TR} at (0,68) size 684x47
            RenderTableCell {TD} at (0,81) size 169x21 [r=2 c=0 rs=1 cs=1]
              RenderText {#text} at (1,1) size 67x19
                text run at (1,1) width 67: "padding: 0"
            RenderTableCell {TD} at (169,68) size 60x47 [r=2 c=1 rs=1 cs=1]
              RenderButton {BUTTON} at (3,3) size 44x41 [bgcolor=#C0C0C0] [border: (2px outset #C0C0C0)]
                RenderBlock (anonymous) at (17,10) size 10x19
                  RenderImage {IMG} at (0,5) size 10x10
            RenderTableCell {TD} at (229,81) size 157x21 [r=2 c=2 rs=1 cs=1]
              RenderText {#text} at (1,1) size 104x19
                text run at (1,1) width 104: "(41, 34) (37, 30)"
            RenderTableCell {TD} at (386,70) size 132x43 [r=2 c=3 rs=1 cs=1]
              RenderButton {INPUT} at (3,3) size 52x37 [color=#202020]
                RenderBlock (anonymous) at (15,8) size 22x19
                  RenderText at (0,0) size 22x19
                    text run at (0,0) width 22: "foo"
            RenderTableCell {TD} at (518,81) size 166x21 [r=2 c=4 rs=1 cs=1]
              RenderText {#text} at (1,1) size 104x19
                text run at (1,1) width 104: "(37, 52) (37, 52)"
          RenderTableRow {TR} at (0,115) size 684x47
            RenderTableCell {TD} at (0,128) size 169x21 [r=3 c=0 rs=1 cs=1]
              RenderText {#text} at (1,1) size 88x19
                text run at (1,1) width 88: "padding: 10%"
            RenderTableCell {TD} at (169,115) size 60x47 [r=3 c=1 rs=1 cs=1]
              RenderButton {BUTTON} at (3,3) size 44x41 [bgcolor=#C0C0C0] [border: (2px outset #C0C0C0)]
                RenderBlock (anonymous) at (17,10) size 10x19
                  RenderImage {IMG} at (0,5) size 10x10
            RenderTableCell {TD} at (229,128) size 157x21 [r=3 c=2 rs=1 cs=1]
              RenderText {#text} at (1,1) size 104x19
                text run at (1,1) width 104: "(41, 34) (37, 30)"
            RenderTableCell {TD} at (386,117) size 132x43 [r=3 c=3 rs=1 cs=1]
              RenderButton {INPUT} at (3,3) size 52x37 [color=#202020]
                RenderBlock (anonymous) at (15,8) size 22x19
                  RenderText at (0,0) size 22x19
                    text run at (0,0) width 22: "foo"
            RenderTableCell {TD} at (518,128) size 166x21 [r=3 c=4 rs=1 cs=1]
              RenderText {#text} at (1,1) size 104x19
                text run at (1,1) width 104: "(37, 52) (37, 52)"
          RenderTableRow {TR} at (0,162) size 684x47
            RenderTableCell {TD} at (0,175) size 169x21 [r=4 c=0 rs=1 cs=1]
              RenderText {#text} at (1,1) size 83x19
                text run at (1,1) width 83: "padding: 2px"
            RenderTableCell {TD} at (169,162) size 60x47 [r=4 c=1 rs=1 cs=1]
              RenderButton {BUTTON} at (3,3) size 44x41 [bgcolor=#C0C0C0] [border: (2px outset #C0C0C0)]
                RenderBlock (anonymous) at (17,10) size 10x19
                  RenderImage {IMG} at (0,5) size 10x10
            RenderTableCell {TD} at (229,175) size 157x21 [r=4 c=2 rs=1 cs=1]
              RenderText {#text} at (1,1) size 104x19
                text run at (1,1) width 104: "(41, 34) (37, 30)"
            RenderTableCell {TD} at (386,164) size 132x43 [r=4 c=3 rs=1 cs=1]
              RenderButton {INPUT} at (3,3) size 52x37 [color=#202020]
                RenderBlock (anonymous) at (15,8) size 22x19
                  RenderText at (0,0) size 22x19
                    text run at (0,0) width 22: "foo"
            RenderTableCell {TD} at (518,175) size 166x21 [r=4 c=4 rs=1 cs=1]
              RenderText {#text} at (1,1) size 104x19
                text run at (1,1) width 104: "(37, 52) (37, 52)"
          RenderTableRow {TR} at (0,209) size 684x47
            RenderTableCell {TD} at (0,222) size 169x21 [r=5 c=0 rs=1 cs=1]
              RenderText {#text} at (1,1) size 167x19
                text run at (1,1) width 167: "padding: 2px 6px 3px 6px"
            RenderTableCell {TD} at (169,209) size 60x47 [r=5 c=1 rs=1 cs=1]
              RenderButton {BUTTON} at (3,3) size 44x41 [bgcolor=#C0C0C0] [border: (2px outset #C0C0C0)]
                RenderBlock (anonymous) at (17,10) size 10x19
                  RenderImage {IMG} at (0,5) size 10x10
            RenderTableCell {TD} at (229,222) size 157x21 [r=5 c=2 rs=1 cs=1]
              RenderText {#text} at (1,1) size 104x19
                text run at (1,1) width 104: "(41, 34) (37, 30)"
            RenderTableCell {TD} at (386,211) size 132x43 [r=5 c=3 rs=1 cs=1]
              RenderButton {INPUT} at (3,3) size 52x37 [color=#202020]
                RenderBlock (anonymous) at (15,8) size 22x19
                  RenderText at (0,0) size 22x19
                    text run at (0,0) width 22: "foo"
            RenderTableCell {TD} at (518,222) size 166x21 [r=5 c=4 rs=1 cs=1]
              RenderText {#text} at (1,1) size 104x19
                text run at (1,1) width 104: "(37, 52) (37, 52)"
          RenderTableRow {TR} at (0,256) size 684x47
            RenderTableCell {TD} at (0,269) size 169x21 [r=6 c=0 rs=1 cs=1]
              RenderText {#text} at (1,1) size 111x19
                text run at (1,1) width 111: "padding: 3px 7px"
            RenderTableCell {TD} at (169,256) size 60x47 [r=6 c=1 rs=1 cs=1]
              RenderButton {BUTTON} at (3,3) size 44x41 [bgcolor=#C0C0C0] [border: (2px outset #C0C0C0)]
                RenderBlock (anonymous) at (17,10) size 10x19
                  RenderImage {IMG} at (0,5) size 10x10
            RenderTableCell {TD} at (229,269) size 157x21 [r=6 c=2 rs=1 cs=1]
              RenderText {#text} at (1,1) size 104x19
                text run at (1,1) width 104: "(41, 34) (37, 30)"
            RenderTableCell {TD} at (386,258) size 132x43 [r=6 c=3 rs=1 cs=1]
              RenderButton {INPUT} at (3,3) size 52x37 [color=#202020]
                RenderBlock (anonymous) at (15,8) size 22x19
                  RenderText at (0,0) size 22x19
                    text run at (0,0) width 22: "foo"
            RenderTableCell {TD} at (518,269) size 166x21 [r=6 c=4 rs=1 cs=1]
              RenderText {#text} at (1,1) size 104x19
                text run at (1,1) width 104: "(37, 52) (37, 52)"
          RenderTableRow {TR} at (0,303) size 684x47
            RenderTableCell {TD} at (0,316) size 169x21 [r=7 c=0 rs=1 cs=1]
              RenderText {#text} at (1,1) size 91x19
                text run at (1,1) width 91: "padding: 20px"
            RenderTableCell {TD} at (169,303) size 60x47 [r=7 c=1 rs=1 cs=1]
              RenderButton {BUTTON} at (3,3) size 44x41 [bgcolor=#C0C0C0] [border: (2px outset #C0C0C0)]
                RenderBlock (anonymous) at (17,10) size 10x19
                  RenderImage {IMG} at (0,5) size 10x10
            RenderTableCell {TD} at (229,316) size 157x21 [r=7 c=2 rs=1 cs=1]
              RenderText {#text} at (1,1) size 104x19
                text run at (1,1) width 104: "(41, 34) (37, 30)"
            RenderTableCell {TD} at (386,305) size 132x43 [r=7 c=3 rs=1 cs=1]
              RenderButton {INPUT} at (3,3) size 52x37 [color=#202020]
                RenderBlock (anonymous) at (15,8) size 22x19
                  RenderText at (0,0) size 22x19
                    text run at (0,0) width 22: "foo"
            RenderTableCell {TD} at (518,316) size 166x21 [r=7 c=4 rs=1 cs=1]
              RenderText {#text} at (1,1) size 104x19
                text run at (1,1) width 104: "(37, 52) (37, 52)"
