layer at (0,0) size 800x600
  RenderView at (0,0) size 800x600
layer at (0,0) size 800x600
  RenderBlock {HTML} at (0,0) size 800x600
    RenderBody {BODY} at (8,8) size 470x582
      RenderBlock (anonymous) at (0,0) size 470x323
        RenderText {#text} at (0,0) size 326x19
          text run at (0,0) width 326: "This tests basic inputs. Here's what you should see: "
        RenderBR {BR} at (326,15) size 0x0
        RenderBR {BR} at (0,19) size 0x19
        RenderText {#text} at (0,38) size 455x57
          text run at (0,38) width 432: "first line: the letter \"a\" and then a text input field filled with repeating"
          text run at (0,57) width 85: "\"foobarbaz\", "
          text run at (85,57) width 370: "then the word \"text\" followed by a disabled text input field"
          text run at (0,76) width 332: "filled with \"foo\" and then the letter \"b\" and then \"a\" "
        RenderBR {BR} at (332,91) size 0x0
        RenderBR {BR} at (0,95) size 0x19
        RenderText {#text} at (0,114) size 466x57
          text run at (0,114) width 466: "second line: and then a password input field that's filled and then the word"
          text run at (0,133) width 448: "\"password\" and then a disabled password field that's filled and then the"
          text run at (0,152) width 61: "letter \"b\" "
        RenderBR {BR} at (61,167) size 0x0
        RenderBR {BR} at (0,171) size 0x19
        RenderText {#text} at (0,190) size 451x38
          text run at (0,190) width 451: "third line: the letter \"a\" and then a checkbox (unchecked) with the word"
          text run at (0,209) width 357: "\"checkbox\" and then a disabled checkbox and letter \"b\" "
        RenderBR {BR} at (357,224) size 0x0
        RenderBR {BR} at (0,228) size 0x19
        RenderText {#text} at (0,247) size 449x57
          text run at (0,247) width 401: "fourth line: the last line has the letter \"a\" and then a redio button"
          text run at (0,266) width 449: "(unselected) and then the word \"radio\" and then a disabled radio button"
          text run at (0,285) width 111: "and the letter \"b\" "
        RenderBR {BR} at (111,300) size 0x0
        RenderBR {BR} at (0,304) size 0x19
      RenderBlock {DIV} at (10,333) size 450x101 [border: (1px solid #FF0000)]
        RenderText {#text} at (1,9) size 7x19
          text run at (1,9) width 7: "a"
        RenderTextControl {INPUT} at (10,3) size 195x29 [color=#202020]
        RenderText {#text} at (207,9) size 27x19
          text run at (207,9) width 27: "text "
        RenderTextControl {INPUT} at (236,3) size 195x29 [color=#202020]
        RenderText {#text} at (433,9) size 440x52
          text run at (433,9) width 8: "b"
          text run at (1,42) width 7: "a"
        RenderTextControl {INPUT} at (10,36) size 195x29 [color=#202020]
        RenderText {#text} at (207,42) size 60x19
          text run at (207,42) width 60: "password"
        RenderTextControl {INPUT} at (3,69) size 195x29 [color=#202020]
        RenderText {#text} at (200,75) size 8x19
          text run at (200,75) width 8: "b"
      RenderBlock {DIV} at (10,444) size 450x23 [border: (1px solid #FF0000)]
        RenderText {#text} at (1,1) size 7x19
          text run at (1,1) width 7: "a"
        RenderBlock {INPUT} at (12,7) size 12x12
        RenderText {#text} at (28,1) size 65x19
          text run at (28,1) width 65: "checkbox "
        RenderBlock {INPUT} at (97,7) size 12x12
        RenderText {#text} at (113,1) size 8x19
          text run at (113,1) width 8: "b"
      RenderBlock {DIV} at (10,477) size 450x23 [border: (1px solid #FF0000)]
        RenderText {#text} at (1,1) size 7x19
          text run at (1,1) width 7: "a"
        RenderBlock {INPUT} at (12,7) size 12x12
        RenderText {#text} at (28,1) size 36x19
          text run at (28,1) width 36: "radio "
        RenderBlock {INPUT} at (68,7) size 12x12
        RenderText {#text} at (84,1) size 8x19
          text run at (84,1) width 8: "b"
layer at (32,350) size 188x19 scrollWidth 215
  RenderBlock {DIV} at (4,6) size 188x19
    RenderText {#text} at (1,0) size 213x19
      text run at (1,0) width 213: "foobarbazfoobarbazfoobarbaz"
layer at (258,350) size 188x19
  RenderBlock {DIV} at (4,6) size 188x19 [color=#747474]
    RenderText {#text} at (1,0) size 22x19
      text run at (1,0) width 22: "foo"
layer at (32,383) size 188x19
  RenderBlock {DIV} at (4,6) size 188x19
    RenderText {#text} at (1,0) size 18x19
      text run at (1,0) width 18: "\x{2022}\x{2022}\x{2022}"
layer at (25,416) size 188x19
  RenderBlock {DIV} at (4,6) size 188x19 [color=#747474]
    RenderText {#text} at (1,0) size 18x19
      text run at (1,0) width 18: "\x{2022}\x{2022}\x{2022}"
