layer at (0,0) size 800x600
  RenderView at (0,0) size 800x600
layer at (0,0) size 800x600
  RenderBlock {HTML} at (0,0) size 800x600
    RenderBody {BODY} at (8,8) size 784x584
      RenderButton {INPUT} at (2,2) size 84x40 [bgcolor=#C0C0C0] [border: (2px outset #C0C0C0)]
        RenderBlock (anonymous) at (17,10) size 50x18
          RenderText at (0,0) size 50x19
            text run at (0,0) width 50: "Submit"
      RenderBR {BR} at (88,27) size 0x0
      RenderButton {INPUT} at (2,46) size 76x40 [bgcolor=#C0C0C0] [border: (2px outset #C0C0C0)]
        RenderBlock (anonymous) at (17,10) size 42x18
          RenderText at (0,0) size 42x19
            text run at (0,0) width 42: "Reset"
      RenderBR {BR} at (80,71) size 0x0
