layer at (0,0) size 800x600
  RenderView at (0,0) size 800x600
layer at (0,0) size 800x600
  RenderBlock {HTML} at (0,0) size 800x600
    RenderBody {BODY} at (8,8) size 784x584
      RenderBlock {P} at (0,0) size 784x18
        RenderText {#text} at (0,0) size 393x19
          text run at (0,0) width 393: "Tests that box shadow is not applied to Aqua-themed controls."
      RenderBlock {P} at (0,34) size 784x18
        RenderText {#text} at (0,0) size 257x19
          text run at (0,0) width 257: "You should not see any red on this page."
      RenderBlock {DIV} at (0,68) size 784x32
        RenderTextControl {INPUT} at (2,2) size 193x28 [bgcolor=#FFFFFF]
          RenderDeprecatedFlexibleBox {DIV} at (4,6) size 186x18
            RenderBlock {DIV} at (0,9) size 0x0
            RenderBlock {DIV} at (0,0) size 186x18
            RenderBlock {DIV} at (186,9) size 0x0
        RenderText {#text} at (0,0) size 0x0
      RenderBlock {DIV} at (0,100) size 784x32
        RenderTextControl {INPUT} at (2,2) size 193x28 [bgcolor=#FFFFFF]
          RenderDeprecatedFlexibleBox {DIV} at (4,6) size 186x18
            RenderBlock {DIV} at (0,9) size 0x0
            RenderBlock {DIV} at (0,0) size 186x18
            RenderBlock {DIV} at (186,9) size 0x0
        RenderText {#text} at (0,0) size 0x0
      RenderBlock {DIV} at (0,132) size 784x32
        RenderTextControl {INPUT} at (2,2) size 193x28 [bgcolor=#FFFFFF]
          RenderDeprecatedFlexibleBox {DIV} at (4,6) size 186x18
            RenderBlock {DIV} at (0,9) size 0x0
            RenderBlock {DIV} at (0,0) size 186x18
            RenderBlock {DIV} at (186,9) size 0x0
        RenderText {#text} at (0,0) size 0x0
      RenderBlock (anonymous) at (0,164) size 784x98
        RenderBlock {INPUT} at (4,22) size 12x12
        RenderText {#text} at (20,16) size 4x19
          text run at (20,16) width 4: " "
        RenderBlock {INPUT} at (28,22) size 12x12
        RenderText {#text} at (44,16) size 4x19
          text run at (44,16) width 4: " "
        RenderSlider {INPUT} at (50,20) size 129x11 [color=#909090] [bgcolor=#FFFFFF]
          RenderDeprecatedFlexibleBox {DIV} at (0,0) size 129x11
            RenderBlock {DIV} at (0,0) size 100x11
            RenderBlock {DIV} at (100,0) size 29x11
        RenderText {#text} at (181,16) size 4x19
          text run at (181,16) width 4: " "
        RenderFileUploadControl {INPUT} at (187,6) size 306x40 "No file selected"
          RenderButton {INPUT} at (0,0) size 121x40 [bgcolor=#C0C0C0] [border: (2px outset #C0C0C0)]
            RenderBlock (anonymous) at (17,10) size 87x18
              RenderText at (0,0) size 87x19
                text run at (0,0) width 87: "Choose File"
        RenderText {#text} at (495,16) size 4x19
          text run at (495,16) width 4: " "
        RenderButton {INPUT} at (501,2) size 92x45 [bgcolor=#C0C0C0] [border: (2px outset #C0C0C0)]
          RenderBlock (anonymous) at (17,10) size 58x23
            RenderText at (0,0) size 58x24
              text run at (0,0) width 58: "Button"
        RenderText {#text} at (595,16) size 4x19
          text run at (595,16) width 4: " "
        RenderButton {INPUT} at (601,6) size 80x40 [bgcolor=#C0C0C0] [border: (2px outset #C0C0C0)]
          RenderBlock (anonymous) at (17,10) size 46x18
            RenderText at (0,0) size 46x19
              text run at (0,0) width 46: "Button"
        RenderText {#text} at (683,16) size 4x19
          text run at (683,16) width 4: " "
        RenderButton {INPUT} at (687,16) size 48x28 [bgcolor=#C0C0C0] [border: (2px outset #C0C0C0)]
          RenderBlock (anonymous) at (17,10) size 14x6
            RenderText at (0,0) size 14x7
              text run at (0,0) width 14: "Button"
        RenderText {#text} at (0,0) size 0x0
        RenderButton {BUTTON} at (2,51) size 92x45 [bgcolor=#C0C0C0] [border: (2px outset #C0C0C0)]
          RenderBlock (anonymous) at (17,10) size 58x23
            RenderText {#text} at (0,0) size 58x24
              text run at (0,0) width 58: "Button"
        RenderText {#text} at (0,0) size 0x0
layer at (14,84) size 186x18 scrollHeight 19
  RenderBlock {DIV} at (0,0) size 186x18
    RenderText {#text} at (0,0) size 51x19
      text run at (0,0) width 51: "Search"
layer at (14,116) size 186x18
  RenderBlock {DIV} at (0,0) size 186x18
layer at (14,148) size 186x18
  RenderBlock {DIV} at (0,0) size 186x18
layer at (108,192) size 29x11
  RenderBlock (relative positioned) {DIV} at (0,0) size 29x11
