layer at (0,0) size 785x674
  RenderView at (0,0) size 785x600
layer at (0,0) size 785x674
  RenderBlock {HTML} at (0,0) size 785x674
    RenderBody {BODY} at (8,8) size 769x658
      RenderBlock (anonymous) at (0,0) size 769x19
        RenderText {#text} at (0,0) size 342x19
          text run at (0,0) width 342: "This tests that buttons don't honor table display styles. "
        RenderBR {BR} at (342,15) size 0x0
      RenderButton {INPUT} at (2,21) size 124x37 [color=#202020]
        RenderBlock (anonymous) at (15,8) size 94x19
          RenderText at (0,0) size 94x19
            text run at (0,0) width 94: "display: table"
      RenderButton {INPUT} at (2,60) size 124x37 [color=#202020]
        RenderBlock (anonymous) at (15,8) size 94x19
          RenderText at (0,0) size 94x19
            text run at (0,0) width 94: "display: table"
      RenderBlock (anonymous) at (0,99) size 769x559
        RenderBR {BR} at (0,0) size 0x19
        RenderBR {BR} at (0,19) size 0x19
        RenderButton {INPUT} at (2,40) size 168x37 [color=#202020]
          RenderBlock (anonymous) at (15,8) size 138x19
            RenderText at (0,0) size 138x19
              text run at (0,0) width 138: "display: inline-table"
        RenderText {#text} at (172,48) size 4x19
          text run at (172,48) width 4: " "
        RenderButton {INPUT} at (178,40) size 168x37 [color=#202020]
          RenderBlock (anonymous) at (15,8) size 138x19
            RenderText at (0,0) size 138x19
              text run at (0,0) width 138: "display: inline-table"
        RenderText {#text} at (348,48) size 4x19
          text run at (348,48) width 4: " "
        RenderBR {BR} at (352,63) size 0x0
        RenderBR {BR} at (0,79) size 0x19
        RenderButton {INPUT} at (2,100) size 201x37 [color=#202020]
          RenderBlock (anonymous) at (15,8) size 171x19
            RenderText at (0,0) size 171x19
              text run at (0,0) width 171: "display: table-row-group"
        RenderText {#text} at (205,108) size 4x19
          text run at (205,108) width 4: " "
        RenderButton {INPUT} at (211,100) size 201x37 [color=#202020]
          RenderBlock (anonymous) at (15,8) size 171x19
            RenderText at (0,0) size 171x19
              text run at (0,0) width 171: "display: table-row-group"
        RenderText {#text} at (414,108) size 4x19
          text run at (414,108) width 4: " "
        RenderBR {BR} at (418,123) size 0x0
        RenderBR {BR} at (0,139) size 0x19
        RenderButton {INPUT} at (2,160) size 225x37 [color=#202020]
          RenderBlock (anonymous) at (15,8) size 195x19
            RenderText at (0,0) size 195x19
              text run at (0,0) width 195: "display: table-header-group"
        RenderText {#text} at (229,168) size 4x19
          text run at (229,168) width 4: " "
        RenderButton {INPUT} at (235,160) size 225x37 [color=#202020]
          RenderBlock (anonymous) at (15,8) size 195x19
            RenderText at (0,0) size 195x19
              text run at (0,0) width 195: "display: table-header-group"
        RenderText {#text} at (462,168) size 4x19
          text run at (462,168) width 4: " "
        RenderBR {BR} at (466,183) size 0x0
        RenderBR {BR} at (0,199) size 0x19
        RenderButton {INPUT} at (2,220) size 215x37 [color=#202020]
          RenderBlock (anonymous) at (15,8) size 185x19
            RenderText at (0,0) size 185x19
              text run at (0,0) width 185: "display: table-footer-group"
        RenderText {#text} at (219,228) size 4x19
          text run at (219,228) width 4: " "
        RenderButton {INPUT} at (225,220) size 215x37 [color=#202020]
          RenderBlock (anonymous) at (15,8) size 185x19
            RenderText at (0,0) size 185x19
              text run at (0,0) width 185: "display: table-footer-group"
        RenderText {#text} at (442,228) size 4x19
          text run at (442,228) width 4: " "
        RenderBR {BR} at (446,243) size 0x0
        RenderBR {BR} at (0,259) size 0x19
        RenderButton {INPUT} at (2,280) size 155x37 [color=#202020]
          RenderBlock (anonymous) at (15,8) size 125x19
            RenderText at (0,0) size 125x19
              text run at (0,0) width 125: "display: table-row"
        RenderText {#text} at (159,288) size 4x19
          text run at (159,288) width 4: " "
        RenderButton {INPUT} at (165,280) size 155x37 [color=#202020]
          RenderBlock (anonymous) at (15,8) size 125x19
            RenderText at (0,0) size 125x19
              text run at (0,0) width 125: "display: table-row"
        RenderText {#text} at (322,288) size 4x19
          text run at (322,288) width 4: " "
        RenderBR {BR} at (326,303) size 0x0
        RenderBR {BR} at (0,319) size 0x19
        RenderButton {INPUT} at (2,340) size 227x37 [color=#202020]
          RenderBlock (anonymous) at (15,8) size 197x19
            RenderText at (0,0) size 197x19
              text run at (0,0) width 197: "display: table-column-group"
        RenderText {#text} at (231,348) size 4x19
          text run at (231,348) width 4: " "
        RenderButton {INPUT} at (237,340) size 227x37 [color=#202020]
          RenderBlock (anonymous) at (15,8) size 197x19
            RenderText at (0,0) size 197x19
              text run at (0,0) width 197: "display: table-column-group"
        RenderText {#text} at (466,348) size 4x19
          text run at (466,348) width 4: " "
        RenderBR {BR} at (470,363) size 0x0
        RenderBR {BR} at (0,379) size 0x19
        RenderButton {INPUT} at (2,400) size 181x37 [color=#202020]
          RenderBlock (anonymous) at (15,8) size 151x19
            RenderText at (0,0) size 151x19
              text run at (0,0) width 151: "display: table-column"
        RenderText {#text} at (185,408) size 4x19
          text run at (185,408) width 4: " "
        RenderButton {INPUT} at (191,400) size 181x37 [color=#202020]
          RenderBlock (anonymous) at (15,8) size 151x19
            RenderText at (0,0) size 151x19
              text run at (0,0) width 151: "display: table-column"
        RenderText {#text} at (374,408) size 4x19
          text run at (374,408) width 4: " "
        RenderBR {BR} at (378,423) size 0x0
        RenderBR {BR} at (0,439) size 0x19
        RenderButton {INPUT} at (2,460) size 154x37 [color=#202020]
          RenderBlock (anonymous) at (15,8) size 124x19
            RenderText at (0,0) size 124x19
              text run at (0,0) width 124: "display: table-cell"
        RenderText {#text} at (158,468) size 4x19
          text run at (158,468) width 4: " "
        RenderButton {INPUT} at (164,460) size 154x37 [color=#202020]
          RenderBlock (anonymous) at (15,8) size 124x19
            RenderText at (0,0) size 124x19
              text run at (0,0) width 124: "display: table-cell"
        RenderText {#text} at (320,468) size 4x19
          text run at (320,468) width 4: " "
        RenderBR {BR} at (324,483) size 0x0
        RenderBR {BR} at (0,499) size 0x19
        RenderButton {INPUT} at (2,520) size 181x37 [color=#202020]
          RenderBlock (anonymous) at (15,8) size 151x19
            RenderText at (0,0) size 151x19
              text run at (0,0) width 151: "display: table-caption"
        RenderText {#text} at (185,528) size 4x19
          text run at (185,528) width 4: " "
        RenderButton {INPUT} at (191,520) size 181x37 [color=#202020]
          RenderBlock (anonymous) at (15,8) size 151x19
            RenderText at (0,0) size 151x19
              text run at (0,0) width 151: "display: table-caption"
        RenderText {#text} at (0,0) size 0x0
