layer at (0,0) size 800x600
  RenderView at (0,0) size 800x600
layer at (0,0) size 800x448
  RenderBlock {HTML} at (0,0) size 800x448
    RenderBody {BODY} at (8,16) size 784x424
      RenderBlock {P} at (0,0) size 784x38
        RenderText {#text} at (0,0) size 314x19
          text run at (0,0) width 292: "This is a test of generated content in <button> "
          text run at (292,0) width 22: "for "
        RenderInline {I} at (0,0) size 767x38
          RenderInline {A} at (0,0) size 348x19 [color=#0000EE]
            RenderText {#text} at (314,0) size 348x19
              text run at (314,0) width 348: "http://bugzilla.opendarwin.org/show_bug.cgi?id=9561"
          RenderText {#text} at (662,0) size 767x38
            text run at (662,0) width 4: " "
            text run at (666,0) width 101: "REGRESSION:"
            text run at (0,19) width 430: "Content property on :before of button causes hang on click or hover"
        RenderText {#text} at (430,19) size 4x19
          text run at (430,19) width 4: "."
      RenderBlock {HR} at (0,54) size 784x2 [border: (1px inset #000000)]
      RenderBlock (anonymous) at (0,64) size 784x360
        RenderButton {BUTTON} at (2,2) size 79x41 [color=#0000FF] [bgcolor=#C0C0C0] [border: (2px outset #C0C0C0)]
          RenderBlock (anonymous) at (17,10) size 45x19
            RenderInline (generated) at (0,0) size 45x19
              RenderText at (0,0) size 45x19
                text run at (0,0) width 45: "before"
        RenderText {#text} at (83,12) size 4x19
          text run at (83,12) width 4: " "
        RenderButton {BUTTON} at (89,2) size 123x41 [color=#0000FF] [bgcolor=#C0C0C0] [border: (2px outset #C0C0C0)]
          RenderBlock (anonymous) at (17,10) size 89x19
            RenderInline (generated) at (0,0) size 45x19
              RenderText at (0,0) size 45x19
                text run at (0,0) width 45: "before"
            RenderText {#text} at (45,0) size 44x19
              text run at (45,0) width 44: "button"
        RenderText {#text} at (214,12) size 4x19
          text run at (214,12) width 4: " "
        RenderBR {BR} at (0,0) size 0x0
        RenderButton {BUTTON} at (2,47) size 65x41 [color=#0000FF] [bgcolor=#C0C0C0] [border: (2px outset #C0C0C0)]
          RenderBlock (anonymous) at (17,10) size 31x19
            RenderInline (generated) at (0,0) size 31x19
              RenderText at (0,0) size 31x19
                text run at (0,0) width 31: "after"
        RenderText {#text} at (69,57) size 4x19
          text run at (69,57) width 4: " "
        RenderButton {BUTTON} at (75,47) size 109x41 [color=#0000FF] [bgcolor=#C0C0C0] [border: (2px outset #C0C0C0)]
          RenderBlock (anonymous) at (17,10) size 75x19
            RenderText {#text} at (0,0) size 44x19
              text run at (0,0) width 44: "button"
            RenderInline (generated) at (0,0) size 31x19
              RenderText at (44,0) size 31x19
                text run at (44,0) width 31: "after"
        RenderText {#text} at (186,57) size 4x19
          text run at (186,57) width 4: " "
        RenderBR {BR} at (0,0) size 0x0
        RenderButton {BUTTON} at (2,93) size 34x22 [bgcolor=#C0C0C0] [border: (2px outset #C0C0C0)]
          RenderBlock (anonymous) at (17,10) size 0x0
        RenderText {#text} at (38,102) size 4x19
          text run at (38,102) width 4: " "
        RenderButton {BUTTON} at (44,92) size 78x41 [bgcolor=#C0C0C0] [border: (2px outset #C0C0C0)]
          RenderBlock (anonymous) at (17,10) size 44x19
            RenderText {#text} at (0,0) size 44x19
              text run at (0,0) width 44: "button"
        RenderText {#text} at (124,102) size 4x19
          text run at (124,102) width 4: " "
        RenderBR {BR} at (0,0) size 0x0
        RenderButton {BUTTON} at (2,138) size 34x22 [bgcolor=#C0C0C0] [border: (2px outset #C0C0C0)]
          RenderBlock (anonymous) at (17,10) size 0x0
        RenderText {#text} at (38,147) size 4x19
          text run at (38,147) width 4: " "
        RenderButton {BUTTON} at (44,137) size 78x41 [bgcolor=#C0C0C0] [border: (2px outset #C0C0C0)]
          RenderBlock (anonymous) at (17,10) size 44x19
            RenderText {#text} at (0,0) size 44x19
              text run at (0,0) width 44: "button"
        RenderText {#text} at (124,147) size 4x19
          text run at (124,147) width 4: " "
        RenderBR {BR} at (0,0) size 0x0
        RenderButton {BUTTON} at (2,182) size 79x41 [bgcolor=#C0C0C0] [border: (2px outset #C0C0C0)]
          RenderBlock (anonymous) at (17,10) size 45x19
            RenderInline (generated) at (0,0) size 45x19
              RenderText at (0,0) size 45x19
                text run at (0,0) width 45: "before"
        RenderText {#text} at (83,192) size 4x19
          text run at (83,192) width 4: " "
        RenderButton {BUTTON} at (89,182) size 123x41 [bgcolor=#C0C0C0] [border: (2px outset #C0C0C0)]
          RenderBlock (anonymous) at (17,10) size 89x19
            RenderInline (generated) at (0,0) size 45x19
              RenderText at (0,0) size 45x19
                text run at (0,0) width 45: "before"
            RenderText {#text} at (45,0) size 44x19
              text run at (45,0) width 44: "button"
        RenderText {#text} at (214,192) size 4x19
          text run at (214,192) width 4: " "
        RenderBR {BR} at (0,0) size 0x0
        RenderButton {BUTTON} at (2,227) size 65x41 [bgcolor=#C0C0C0] [border: (2px outset #C0C0C0)]
          RenderBlock (anonymous) at (17,10) size 31x19
            RenderInline (generated) at (0,0) size 31x19
              RenderText at (0,0) size 31x19
                text run at (0,0) width 31: "after"
        RenderText {#text} at (69,237) size 4x19
          text run at (69,237) width 4: " "
        RenderButton {BUTTON} at (75,227) size 109x41 [bgcolor=#C0C0C0] [border: (2px outset #C0C0C0)]
          RenderBlock (anonymous) at (17,10) size 75x19
            RenderText {#text} at (0,0) size 44x19
              text run at (0,0) width 44: "button"
            RenderInline (generated) at (0,0) size 31x19
              RenderText at (44,0) size 31x19
                text run at (44,0) width 31: "after"
        RenderText {#text} at (186,237) size 4x19
          text run at (186,237) width 4: " "
        RenderBR {BR} at (0,0) size 0x0
        RenderButton {BUTTON} at (2,272) size 79x41 [bgcolor=#C0C0C0] [border: (2px outset #C0C0C0)]
          RenderBlock (anonymous) at (17,10) size 45x19
            RenderInline (generated) at (0,0) size 45x19
              RenderText at (0,0) size 45x19
                text run at (0,0) width 45: "before"
        RenderText {#text} at (83,282) size 4x19
          text run at (83,282) width 4: " "
        RenderButton {BUTTON} at (89,272) size 123x41 [bgcolor=#C0C0C0] [border: (2px outset #C0C0C0)]
          RenderBlock (anonymous) at (17,10) size 89x19
            RenderInline (generated) at (0,0) size 45x19
              RenderText at (0,0) size 45x19
                text run at (0,0) width 45: "before"
            RenderText {#text} at (45,0) size 44x19
              text run at (45,0) width 44: "button"
        RenderText {#text} at (214,282) size 4x19
          text run at (214,282) width 4: " "
        RenderBR {BR} at (0,0) size 0x0
        RenderButton {BUTTON} at (2,317) size 65x41 [bgcolor=#C0C0C0] [border: (2px outset #C0C0C0)]
          RenderBlock (anonymous) at (17,10) size 31x19
            RenderInline (generated) at (0,0) size 31x19
              RenderText at (0,0) size 31x19
                text run at (0,0) width 31: "after"
        RenderText {#text} at (69,327) size 4x19
          text run at (69,327) width 4: " "
        RenderButton {BUTTON} at (75,317) size 109x41 [bgcolor=#C0C0C0] [border: (2px outset #C0C0C0)]
          RenderBlock (anonymous) at (17,10) size 75x19
            RenderText {#text} at (0,0) size 44x19
              text run at (0,0) width 44: "button"
            RenderInline (generated) at (0,0) size 31x19
              RenderText at (44,0) size 31x19
                text run at (44,0) width 31: "after"
        RenderText {#text} at (186,327) size 4x19
          text run at (186,327) width 4: " "
        RenderBR {BR} at (0,0) size 0x0
