layer at (0,0) size 800x600
  RenderView at (0,0) size 800x600
layer at (0,0) size 800x600
  RenderBlock {HTML} at (0,0) size 800x600
    RenderBody {BODY} at (8,8) size 784x584
      RenderBlock {P} at (0,0) size 784x19
        RenderText {#text} at (0,0) size 598x19
          text run at (0,0) width 598: "The following button elements should all be rendered on the left, with their text center justified."
      RenderBlock (anonymous) at (0,35) size 784x180
        RenderButton {BUTTON} at (0,2) size 300x41 [bgcolor=#C0C0C0] [border: (2px outset #C0C0C0)]
          RenderBlock (anonymous) at (17,10) size 266x19
            RenderText {#text} at (17,0) size 232x19
              text run at (17,0) width 232: "This is should be center justified."
        RenderText {#text} at (300,12) size 4x19
          text run at (300,12) width 4: " "
        RenderBR {BR} at (0,0) size 0x0
        RenderButton {BUTTON} at (0,47) size 300x41 [bgcolor=#C0C0C0] [border: (2px outset #C0C0C0)]
          RenderBlock (anonymous) at (17,10) size 266x19
            RenderText {#text} at (17,0) size 232x19
              text run at (17,0) width 232: "This is should be center justified."
        RenderText {#text} at (300,57) size 4x19
          text run at (300,57) width 4: " "
        RenderBR {BR} at (0,0) size 0x0
        RenderButton {BUTTON} at (0,92) size 300x41 [bgcolor=#C0C0C0] [border: (2px outset #C0C0C0)]
          RenderBlock (anonymous) at (17,10) size 266x19
            RenderText {#text} at (17,0) size 232x19
              text run at (17,0) width 232: "This is should be center justified."
        RenderText {#text} at (300,102) size 4x19
          text run at (300,102) width 4: " "
        RenderBR {BR} at (0,0) size 0x0
        RenderButton {BUTTON} at (0,137) size 300x41 [bgcolor=#C0C0C0] [border: (2px outset #C0C0C0)]
          RenderBlock (anonymous) at (17,10) size 266x19
            RenderText {#text} at (17,0) size 232x19
              text run at (17,0) width 232: "This is should be center justified."
        RenderText {#text} at (0,0) size 0x0
        RenderText {#text} at (0,0) size 0x0
      RenderBlock {DIV} at (0,215) size 784x45
        RenderButton {BUTTON} at (0,2) size 300x41 [bgcolor=#C0C0C0] [border: (2px outset #C0C0C0)]
          RenderBlock (anonymous) at (17,10) size 266x19
            RenderText {#text} at (17,0) size 232x19
              text run at (17,0) width 232: "This is should be center justified."
