layer at (0,0) size 800x600
  RenderView at (0,0) size 800x600
layer at (0,0) size 800x600
  RenderBlock {HTML} at (0,0) size 800x600
    RenderBody {BODY} at (8,8) size 784x576
      RenderBlock {P} at (0,0) size 784x36
        RenderText {#text} at (0,0) size 53x19
          text run at (0,0) width 53: "Test for "
        RenderInline {I} at (0,0) size 746x37
          RenderInline {A} at (0,0) size 301x19 [color=#0000EE]
            RenderText {#text} at (53,0) size 301x19
              text run at (53,0) width 301: "http://bugs.webkit.org/show_bug.cgi?id=15181"
          RenderText {#text} at (354,0) size 746x37
            text run at (354,0) width 4: " "
            text run at (358,0) width 388: "text-transform: uppercase not working in input (submit, reset,"
            text run at (0,18) width 104: "button) elements"
        RenderText {#text} at (104,18) size 4x19
          text run at (104,18) width 4: "."
      RenderBlock {P} at (0,52) size 784x44
        RenderButton {BUTTON} at (2,2) size 136x40 [bgcolor=#C0C0C0] [border: (2px outset #C0C0C0)]
          RenderBlock (anonymous) at (17,10) size 102x18
            RenderText {#text} at (0,0) size 102x19
              text run at (0,0) width 102: "UPPERCASE"
        RenderText {#text} at (140,12) size 4x19
          text run at (140,12) width 4: " "
        RenderButton {BUTTON} at (146,2) size 107x40 [bgcolor=#C0C0C0] [border: (2px outset #C0C0C0)]
          RenderBlock (anonymous) at (17,10) size 73x18
            RenderText {#text} at (0,0) size 73x19
              text run at (0,0) width 73: "lowercase"
        RenderText {#text} at (255,12) size 4x19
          text run at (255,12) width 4: " "
        RenderButton {BUTTON} at (261,2) size 106x40 [bgcolor=#C0C0C0] [border: (2px outset #C0C0C0)]
          RenderBlock (anonymous) at (17,10) size 72x18
            RenderText {#text} at (0,0) size 72x19
              text run at (0,0) width 72: "Capitalize"
        RenderText {#text} at (0,0) size 0x0
      RenderBlock {P} at (0,112) size 784x40
        RenderButton {INPUT} at (2,2) size 132x36 [bgcolor=#C0C0C0]
          RenderBlock (anonymous) at (15,8) size 102x18
            RenderText at (0,0) size 102x19
              text run at (0,0) width 102: "UPPERCASE"
        RenderText {#text} at (136,10) size 4x19
          text run at (136,10) width 4: " "
        RenderButton {INPUT} at (142,2) size 103x36 [bgcolor=#C0C0C0]
          RenderBlock (anonymous) at (15,8) size 73x18
            RenderText at (0,0) size 73x19
              text run at (0,0) width 73: "lowercase"
        RenderText {#text} at (247,10) size 4x19
          text run at (247,10) width 4: " "
        RenderButton {INPUT} at (253,2) size 102x36 [bgcolor=#C0C0C0]
          RenderBlock (anonymous) at (15,8) size 72x18
            RenderText at (0,0) size 72x19
              text run at (0,0) width 72: "Capitalize"
        RenderText {#text} at (0,0) size 0x0
