layer at (0,0) size 800x600
  RenderView at (0,0) size 800x600
layer at (0,0) size 800x600
  RenderBlock {HTML} at (0,0) size 800x600
    RenderBody {BODY} at (8,8) size 784x572
      RenderBlock {P} at (0,0) size 784x38
        RenderText {#text} at (0,0) size 53x19
          text run at (0,0) width 53: "Test for "
        RenderInline {I} at (0,0) size 764x38
          RenderInline {A} at (0,0) size 301x19 [color=#0000EE]
            RenderText {#text} at (53,0) size 301x19
              text run at (53,0) width 301: "http://bugs.webkit.org/show_bug.cgi?id=17033"
          RenderText {#text} at (354,0) size 764x38
            text run at (354,0) width 4: " "
            text run at (358,0) width 406: "REGRESSION: Really long <option> causes unnecessary page"
            text run at (0,19) width 226: "scroll bars to accommodate content"
        RenderText {#text} at (226,19) size 4x19
          text run at (226,19) width 4: "."
      RenderBlock {P} at (0,54) size 784x19
        RenderText {#text} at (0,0) size 402x19
          text run at (0,0) width 402: "There should not be scroll bars below the popup and the button."
layer at (8,97) size 100x50
  RenderBlock {DIV} at (0,89) size 100x50
    RenderMenuList {SELECT} at (0,2) size 80x39 [color=#202020]
      RenderBlock (anonymous) at (15,10) size 24x19
        RenderText at (0,0) size 191x19
          text run at (0,0) width 191: "Lorem ipsum dolor sit amet"
    RenderText {#text} at (0,0) size 0x0
layer at (8,167) size 100x50
  RenderBlock {DIV} at (0,159) size 100x50
    RenderButton {BUTTON} at (0,2) size 80x41 [bgcolor=#C0C0C0] [border: (2px outset #C0C0C0)]
      RenderBlock (anonymous) at (17,10) size 46x19
        RenderText {#text} at (0,0) size 191x19
          text run at (0,0) width 191: "Lorem ipsum dolor sit amet"
    RenderText {#text} at (0,0) size 0x0
