layer at (0,0) size 785x701
  RenderView at (0,0) size 785x600
layer at (0,0) size 785x701
  RenderBlock {HTML} at (0,0) size 785x701
    RenderBody {BODY} at (8,8) size 769x685
      RenderBlock {P} at (0,0) size 769x19
        RenderText {#text} at (0,0) size 551x19
          text run at (0,0) width 551: "This page has a few tables within form elements within divs with various display styles."
      RenderBlock {P} at (0,35) size 769x19
        RenderText {#text} at (0,0) size 27x19
          text run at (0,0) width 27: "See "
        RenderInline {A} at (0,0) size 120x19 [color=#0000EE]
          RenderText {#text} at (27,0) size 120x19
            text run at (27,0) width 120: "Bugzilla Bug 4977"
        RenderText {#text} at (147,0) size 4x19
          text run at (147,0) width 4: "."
      RenderBlock {DIV} at (0,70) size 769x25
        RenderBlock (anonymous) at (0,0) size 769x0
          RenderInline {DIV} at (0,0) size 0x0
        RenderBlock (anonymous) at (0,0) size 769x25
          RenderBlock {FORM} at (0,0) size 769x25
            RenderTable {TABLE} at (0,0) size 94x25
              RenderTableSection {TBODY} at (0,0) size 94x25
                RenderTableRow {TR} at (0,2) size 94x21
                  RenderTableCell {TD} at (2,2) size 90x21 [r=0 c=0 rs=1 cs=1]
                    RenderText {#text} at (1,1) size 88x19
                      text run at (1,1) width 88: "display: inline"
        RenderBlock (anonymous) at (0,41) size 769x0
          RenderInline {DIV} at (0,0) size 0x0
      RenderBlock {DIV} at (0,111) size 769x25
        RenderBlock {DIV} at (0,0) size 769x25
          RenderBlock {FORM} at (0,0) size 769x25
            RenderTable {TABLE} at (0,0) size 94x25
              RenderTableSection {TBODY} at (0,0) size 94x25
                RenderTableRow {TR} at (0,2) size 94x21
                  RenderTableCell {TD} at (2,2) size 90x21 [r=0 c=0 rs=1 cs=1]
                    RenderText {#text} at (1,1) size 88x19
                      text run at (1,1) width 88: "display: block"
      RenderBlock {DIV} at (0,152) size 769x44
        RenderListItem {DIV} at (0,0) size 769x44
          RenderBlock (anonymous) at (0,0) size 769x19
            RenderListMarker at (-18,0) size 7x19: bullet
          RenderBlock {FORM} at (0,19) size 769x25
            RenderTable {TABLE} at (0,0) size 109x25
              RenderTableSection {TBODY} at (0,0) size 109x25
                RenderTableRow {TR} at (0,2) size 109x21
                  RenderTableCell {TD} at (2,2) size 105x21 [r=0 c=0 rs=1 cs=1]
                    RenderText {#text} at (1,1) size 103x19
                      text run at (1,1) width 103: "display: list-item"
      RenderBlock {DIV} at (0,212) size 769x25
        RenderBlock (run-in) {DIV} at (0,0) size 769x25
          RenderBlock {FORM} at (0,0) size 769x25
            RenderTable {TABLE} at (0,0) size 97x25
              RenderTableSection {TBODY} at (0,0) size 97x25
                RenderTableRow {TR} at (0,2) size 97x21
                  RenderTableCell {TD} at (2,2) size 93x21 [r=0 c=0 rs=1 cs=1]
                    RenderText {#text} at (1,1) size 91x19
                      text run at (1,1) width 91: "display: run-in"
      RenderBlock {DIV} at (0,253) size 769x25
        RenderBlock {DIV} at (0,0) size 769x25
          RenderBlock {FORM} at (0,0) size 769x25
            RenderTable {TABLE} at (0,0) size 112x25
              RenderTableSection {TBODY} at (0,0) size 112x25
                RenderTableRow {TR} at (0,2) size 112x21
                  RenderTableCell {TD} at (2,2) size 108x21 [r=0 c=0 rs=1 cs=1]
                    RenderText {#text} at (1,1) size 106x19
                      text run at (1,1) width 106: "display: compact"
      RenderBlock {DIV} at (0,294) size 769x41
        RenderBlock {DIV} at (0,0) size 134x41
          RenderBlock {FORM} at (0,0) size 134x25
            RenderTable {TABLE} at (0,0) size 134x25
              RenderTableSection {TBODY} at (0,0) size 134x25
                RenderTableRow {TR} at (0,2) size 134x21
                  RenderTableCell {TD} at (2,2) size 130x21 [r=0 c=0 rs=1 cs=1]
                    RenderText {#text} at (1,1) size 128x19
                      text run at (1,1) width 128: "display: inline-block"
      RenderBlock {DIV} at (0,335) size 769x41
        RenderTable {DIV} at (0,0) size 89x41
          RenderTableSection (anonymous) at (0,0) size 89x41
            RenderTableRow (anonymous) at (0,0) size 89x41
              RenderTableCell (anonymous) at (0,0) size 89x41 [r=0 c=0 rs=1 cs=1]
                RenderBlock {FORM} at (0,0) size 89x25
                  RenderTable {TABLE} at (0,0) size 89x25
                    RenderTableSection {TBODY} at (0,0) size 89x25
                      RenderTableRow {TR} at (0,2) size 89x21
                        RenderTableCell {TD} at (2,2) size 85x21 [r=0 c=0 rs=1 cs=1]
                          RenderText {#text} at (1,1) size 83x19
                            text run at (1,1) width 83: "display: table"
      RenderBlock {DIV} at (0,376) size 769x41
        RenderTable {DIV} at (0,0) size 129x41
          RenderTableSection (anonymous) at (0,0) size 129x41
            RenderTableRow (anonymous) at (0,0) size 129x41
              RenderTableCell (anonymous) at (0,0) size 129x41 [r=0 c=0 rs=1 cs=1]
                RenderBlock {FORM} at (0,0) size 129x25
                  RenderTable {TABLE} at (0,0) size 129x25
                    RenderTableSection {TBODY} at (0,0) size 129x25
                      RenderTableRow {TR} at (0,2) size 129x21
                        RenderTableCell {TD} at (2,2) size 125x21 [r=0 c=0 rs=1 cs=1]
                          RenderText {#text} at (1,1) size 123x19
                            text run at (1,1) width 123: "display: inline-table"
      RenderBlock {DIV} at (0,417) size 769x41
        RenderTable at (0,0) size 161x41
          RenderTableSection {DIV} at (0,0) size 161x41
            RenderTableRow (anonymous) at (0,0) size 161x41
              RenderTableCell (anonymous) at (0,0) size 161x41 [r=0 c=0 rs=1 cs=1]
                RenderBlock {FORM} at (0,0) size 161x25
                  RenderTable {TABLE} at (0,0) size 161x25
                    RenderTableSection {TBODY} at (0,0) size 161x25
                      RenderTableRow {TR} at (0,2) size 161x21
                        RenderTableCell {TD} at (2,2) size 157x21 [r=0 c=0 rs=1 cs=1]
                          RenderText {#text} at (1,1) size 155x19
                            text run at (1,1) width 155: "display: table-row-group"
      RenderBlock {DIV} at (0,458) size 769x41
        RenderTable at (0,0) size 178x41
          RenderTableSection {DIV} at (0,0) size 178x41
            RenderTableRow (anonymous) at (0,0) size 178x41
              RenderTableCell (anonymous) at (0,0) size 178x41 [r=0 c=0 rs=1 cs=1]
                RenderBlock {FORM} at (0,0) size 178x25
                  RenderTable {TABLE} at (0,0) size 178x25
                    RenderTableSection {TBODY} at (0,0) size 178x25
                      RenderTableRow {TR} at (0,2) size 178x21
                        RenderTableCell {TD} at (2,2) size 174x21 [r=0 c=0 rs=1 cs=1]
                          RenderText {#text} at (1,1) size 172x19
                            text run at (1,1) width 172: "display: table-header-group"
      RenderBlock {DIV} at (0,499) size 769x41
        RenderTable at (0,0) size 173x41
          RenderTableSection {DIV} at (0,0) size 173x41
            RenderTableRow (anonymous) at (0,0) size 173x41
              RenderTableCell (anonymous) at (0,0) size 173x41 [r=0 c=0 rs=1 cs=1]
                RenderBlock {FORM} at (0,0) size 173x25
                  RenderTable {TABLE} at (0,0) size 173x25
                    RenderTableSection {TBODY} at (0,0) size 173x25
                      RenderTableRow {TR} at (0,2) size 173x21
                        RenderTableCell {TD} at (2,2) size 169x21 [r=0 c=0 rs=1 cs=1]
                          RenderText {#text} at (1,1) size 167x19
                            text run at (1,1) width 167: "display: table-footer-group"
      RenderBlock {DIV} at (0,540) size 769x41
        RenderTable at (0,0) size 119x41
          RenderTableSection (anonymous) at (0,0) size 119x41
            RenderTableRow {DIV} at (0,0) size 119x41
              RenderTableCell (anonymous) at (0,0) size 119x41 [r=0 c=0 rs=1 cs=1]
                RenderBlock {FORM} at (0,0) size 119x25
                  RenderTable {TABLE} at (0,0) size 119x25
                    RenderTableSection {TBODY} at (0,0) size 119x25
                      RenderTableRow {TR} at (0,2) size 119x21
                        RenderTableCell {TD} at (2,2) size 115x21 [r=0 c=0 rs=1 cs=1]
                          RenderText {#text} at (1,1) size 113x19
                            text run at (1,1) width 113: "display: table-row"
      RenderBlock {DIV} at (0,581) size 769x0
        RenderTable at (0,0) size 0x0
          RenderTableCol {DIV} at (0,0) size 0x0
      RenderBlock {DIV} at (0,581) size 769x0
        RenderTableCol {DIV} at (0,0) size 0x0
      RenderBlock {DIV} at (0,581) size 769x41
        RenderTable at (0,0) size 116x41
          RenderTableSection (anonymous) at (0,0) size 116x41
            RenderTableRow (anonymous) at (0,0) size 116x41
              RenderTableCell {DIV} at (0,0) size 116x41 [r=0 c=0 rs=1 cs=1]
                RenderBlock {FORM} at (0,0) size 116x25
                  RenderTable {TABLE} at (0,0) size 116x25
                    RenderTableSection {TBODY} at (0,0) size 116x25
                      RenderTableRow {TR} at (0,2) size 116x21
                        RenderTableCell {TD} at (2,2) size 112x21 [r=0 c=0 rs=1 cs=1]
                          RenderText {#text} at (1,1) size 110x19
                            text run at (1,1) width 110: "display: table-cell"
      RenderBlock {DIV} at (0,622) size 769x63
        RenderTable at (0,0) size 55x63
          RenderBlock {DIV} at (0,0) size 55x63
            RenderBlock {FORM} at (0,0) size 55x63
              RenderTable {TABLE} at (0,0) size 55x63
                RenderTableSection {TBODY} at (0,0) size 55x63
                  RenderTableRow {TR} at (0,2) size 55x59
                    RenderTableCell {TD} at (2,2) size 51x59 [r=0 c=0 rs=1 cs=1]
                      RenderText {#text} at (1,1) size 49x57
                        text run at (1,1) width 49: "display:"
                        text run at (1,20) width 35: "table-"
                        text run at (1,39) width 46: "caption"
