layer at (0,0) size 800x600
  RenderView at (0,0) size 800x600
layer at (0,0) size 800x600
  RenderBlock {HTML} at (0,0) size 800x600
    RenderBody {BODY} at (8,8) size 784x584
      RenderText {#text} at (0,0) size 781x38
        text run at (0,0) width 781: "The select item below has a label specified, and enclosed text that is whitespace. There should be no text shown in the select"
        text run at (0,19) width 28: "box."
      RenderBR {BR} at (28,34) size 0x0
      RenderMenuList {SELECT} at (2,40) size 56x39 [color=#202020]
        RenderBlock (anonymous) at (15,10) size 0x19
          RenderBR at (0,0) size 0x19
      RenderText {#text} at (0,0) size 0x0
