layer at (0,0) size 800x600
  RenderView at (0,0) size 800x600
layer at (0,0) size 800x600
  RenderBlock {HTML} at (0,0) size 800x600
    RenderBody {BODY} at (8,8) size 784x584
      RenderText {#text} at (0,0) size 718x19
        text run at (0,0) width 718: "The select item below has a label specified, and no enclosed text. There should be no text shown in the select box."
      RenderBR {BR} at (718,15) size 0x0
      RenderMenuList {SELECT} at (2,20) size 56x38 [bgcolor=#FFFFFF]
        RenderBlock (anonymous) at (15,10) size 0x18
          RenderBR at (0,0) size 0x19 [bgcolor=#FFFFFF]
      RenderText {#text} at (0,0) size 0x0
