layer at (0,0) size 800x600
  RenderView at (0,0) size 800x600
layer at (0,0) size 800x600
  RenderBlock {HTML} at (0,0) size 800x600
    RenderBody {BODY} at (8,8) size 784x584
      RenderBlock {P} at (0,0) size 784x18
        RenderText {#text} at (0,0) size 382x19
          text run at (0,0) width 382: "Focus field with a placeholder, then type, then delete all text."
      RenderBlock {DIV} at (0,34) size 784x32
        RenderTextControl {INPUT} at (2,2) size 193x28 [bgcolor=#FFFFFF]
        RenderText {#text} at (0,0) size 0x0
        RenderText {#text} at (0,0) size 0x0
layer at (14,50) size 186x18 scrollHeight 19
  RenderBlock {DIV} at (4,6) size 186x18 [color=#A9A9A9]
    RenderText {#text} at (0,0) size 86x19
      text run at (0,0) width 86: "Placeholder"
layer at (14,50) size 186x18 scrollHeight 19
  RenderBlock {DIV} at (4,6) size 186x18
    RenderBR {BR} at (0,0) size 0x19
caret: position 0 of child 0 {BR} of child 0 {DIV} of {#shadow-root} of child 1 {INPUT} of child 3 {DIV} of body
