layer at (0,0) size 800x600
  RenderView at (0,0) size 800x600
layer at (0,0) size 800x600
  RenderBlock {HTML} at (0,0) size 800x600
    RenderBody {BODY} at (8,8) size 784x584
      RenderText {#text} at (0,8) size 476x19
        text run at (0,8) width 476: "This tests that empty readonly text fields have the right height and baseline. "
      RenderTextControl {INPUT} at (478,2) size 193x28 [bgcolor=#FFFFFF]
      RenderText {#text} at (0,0) size 0x0
layer at (490,16) size 186x18
  RenderBlock {DIV} at (4,6) size 186x18
