layer at (0,0) size 800x600
  RenderView at (0,0) size 800x600
layer at (0,0) size 800x600
  RenderBlock {HTML} at (0,0) size 800x600
    RenderBody {BODY} at (8,8) size 784x576
      RenderBlock (anonymous) at (0,0) size 784x32
        RenderTextControl {INPUT} at (2,2) size 193x28 [bgcolor=#FFFFFF]
        RenderText {#text} at (197,8) size 4x19
          text run at (197,8) width 4: " "
        RenderTextControl {INPUT} at (203,2) size 193x28 [bgcolor=#FFFFFF]
        RenderText {#text} at (398,8) size 4x19
          text run at (398,8) width 4: " "
        RenderTextControl {INPUT} at (404,2) size 193x28 [bgcolor=#FFFFFF]
        RenderText {#text} at (0,0) size 0x0
      RenderBlock {P} at (0,48) size 784x36
        RenderText {#text} at (0,0) size 784x37
          text run at (0,0) width 784: "Tests scrolling back to the beginning when a text field blurs. The first field should be scrolled to the left, the second and third"
          text run at (0,18) width 125: "scrolled to the right."
layer at (14,16) size 186x18 scrollWidth 398 scrollHeight 19
  RenderBlock {DIV} at (4,6) size 186x18
    RenderText {#text} at (0,0) size 397x19
      text run at (0,0) width 397: "this text field has a lot of text in it so that it needs to scroll"
layer at (215,16) size 186x18 scrollX 211 scrollWidth 397 scrollHeight 19
  RenderBlock {DIV} at (4,6) size 186x18
    RenderText {#text} at (-211,0) size 397x19
      text run at (-211,0) width 397: "this text field has a lot of text in it so that it needs to scroll"
layer at (416,16) size 186x18 scrollX 212 scrollWidth 398 scrollHeight 19
  RenderBlock {DIV} at (4,6) size 186x18
    RenderText {#text} at (0,0) size 397x19
      text run at (0,0) width 397: "this text field has a lot of text in it so that it needs to scroll"
caret: position 66 of child 0 {#text} of child 0 {DIV} of {#shadow-root} of child 4 {INPUT} of body
