layer at (0,0) size 800x600
  RenderView at (0,0) size 800x600
layer at (0,0) size 800x600
  RenderBlock {HTML} at (0,0) size 800x600
    RenderBody {BODY} at (8,8) size 784x576
      RenderBlock (anonymous) at (0,0) size 784x32
        RenderTextControl {INPUT} at (2,2) size 193x28 [bgcolor=#FFFFFF]
        RenderText {#text} at (0,0) size 0x0
      RenderBlock {P} at (0,48) size 784x36
        RenderText {#text} at (0,0) size 776x37
          text run at (0,0) width 776: "Tests clicking on an input element that has a value that self-destructs. If the test succeeds, there should be a blinking caret in"
          text run at (0,18) width 82: "the text field."
layer at (14,16) size 186x18
  RenderBlock {DIV} at (4,6) size 186x18
caret: position 0 of child 0 {DIV} of {#shadow-root} of child 0 {INPUT} of body
