layer at (0,0) size 800x600
  RenderView at (0,0) size 800x600
layer at (0,0) size 800x600
  RenderBlock {HTML} at (0,0) size 800x600
    RenderBody {BODY} at (8,8) size 784x576
      RenderBlock (anonymous) at (0,0) size 784x19
        RenderText {#text} at (0,0) size 762x19
          text run at (0,0) width 762: "This tests the height attribute of form elements. The only element that should honour this value is the Image type of input."
      RenderBlock {FORM} at (0,19) size 784x368
        RenderText {#text} at (0,8) size 36x19
          text run at (0,8) width 36: "input "
        RenderTextControl {INPUT} at (38,2) size 195x29 [color=#202020]
        RenderText {#text} at (235,8) size 4x19
          text run at (235,8) width 4: " "
        RenderBR {BR} at (239,23) size 0x0
        RenderText {#text} at (0,41) size 27x19
          text run at (0,41) width 27: "text "
        RenderTextControl {INPUT} at (29,35) size 195x29 [color=#202020]
        RenderText {#text} at (226,41) size 4x19
          text run at (226,41) width 4: " "
        RenderBR {BR} at (230,56) size 0x0
        RenderText {#text} at (0,66) size 65x19
          text run at (0,66) width 65: "checkbox "
        RenderBlock {INPUT} at (69,72) size 12x12
        RenderText {#text} at (85,66) size 4x19
          text run at (85,66) width 4: " "
        RenderBR {BR} at (89,81) size 0x0
        RenderText {#text} at (0,97) size 24x19
          text run at (0,97) width 24: "file "
        RenderFileUploadControl {INPUT} at (26,89) size 306x37 "No file selected"
          RenderButton {INPUT} at (0,0) size 117x37 [color=#202020]
            RenderBlock (anonymous) at (15,8) size 87x19
              RenderText at (0,0) size 87x19
                text run at (0,0) width 87: "Choose File"
        RenderText {#text} at (334,97) size 4x19
          text run at (334,97) width 4: " "
        RenderBR {BR} at (338,112) size 0x0
        RenderText {#text} at (0,128) size 42x19
          text run at (0,128) width 42: "image "
        RenderImage {INPUT} at (42,142) size 10x1
        RenderText {#text} at (52,128) size 4x19
          text run at (52,128) width 4: " "
        RenderBR {BR} at (56,143) size 0x0
        RenderText {#text} at (0,147) size 36x19
          text run at (0,147) width 36: "radio "
        RenderBlock {INPUT} at (40,153) size 12x12
        RenderText {#text} at (56,147) size 4x19
          text run at (56,147) width 4: " "
        RenderBR {BR} at (60,162) size 0x0
        RenderText {#text} at (0,168) size 39x19
          text run at (0,168) width 39: "range "
        RenderSlider {INPUT} at (41,172) size 129x11 [bgcolor=#FFFFFF]
          RenderDeprecatedFlexibleBox {DIV} at (0,0) size 129x11
            RenderBlock {DIV} at (0,0) size 117x12
            RenderBlock {DIV} at (117,0) size 12x12
        RenderText {#text} at (172,168) size 4x19
          text run at (172,168) width 4: " "
        RenderBR {BR} at (176,183) size 0x0
        RenderText {#text} at (0,197) size 33x19
          text run at (0,197) width 33: "reset "
        RenderButton {INPUT} at (35,189) size 72x37 [color=#202020]
          RenderBlock (anonymous) at (15,8) size 42x19
            RenderText at (0,0) size 42x19
              text run at (0,0) width 42: "Reset"
        RenderText {#text} at (109,197) size 4x19
          text run at (109,197) width 4: " "
        RenderBR {BR} at (113,212) size 0x0
        RenderText {#text} at (0,238) size 46x19
          text run at (0,238) width 46: "submit "
        RenderButton {INPUT} at (48,230) size 80x37 [color=#202020]
          RenderBlock (anonymous) at (15,8) size 50x19
            RenderText at (0,0) size 50x19
              text run at (0,0) width 50: "Submit"
        RenderText {#text} at (130,238) size 4x19
          text run at (130,238) width 4: " "
        RenderBR {BR} at (134,253) size 0x0
        RenderText {#text} at (0,277) size 49x19
          text run at (0,277) width 49: "isindex "
        RenderTextControl {INPUT} at (51,271) size 195x29 [color=#202020]
        RenderText {#text} at (248,277) size 4x19
          text run at (248,277) width 4: " "
        RenderBR {BR} at (252,292) size 0x0
        RenderText {#text} at (0,310) size 64x19
          text run at (0,310) width 64: "password "
        RenderTextControl {INPUT} at (66,304) size 195x29 [color=#202020]
        RenderText {#text} at (263,310) size 4x19
          text run at (263,310) width 4: " "
        RenderBR {BR} at (267,325) size 0x0
        RenderText {#text} at (0,343) size 44x19
          text run at (0,343) width 44: "search "
        RenderTextControl {INPUT} at (46,337) size 195x29 [color=#202020]
          RenderDeprecatedFlexibleBox {DIV} at (4,6) size 188x19
            RenderBlock {DIV} at (0,9) size 0x0
            RenderBlock {DIV} at (0,0) size 188x19
            RenderBlock {DIV} at (188,9) size 0x0
        RenderText {#text} at (0,0) size 0x0
layer at (50,35) size 188x19
  RenderBlock {DIV} at (4,6) size 188x19
layer at (41,68) size 188x19
  RenderBlock {DIV} at (4,6) size 188x19
layer at (63,304) size 188x19
  RenderBlock {DIV} at (4,6) size 188x19
layer at (78,337) size 188x19
  RenderBlock {DIV} at (4,6) size 188x19
layer at (58,370) size 188x19
  RenderBlock {DIV} at (0,0) size 188x19
layer at (107,199) size 12x12
  RenderBlock (relative positioned) {DIV} at (0,0) size 12x12
