layer at (0,0) size 800x600
  RenderView at (0,0) size 800x600
layer at (0,0) size 800x49
  RenderBlock {HTML} at (0,0) size 800x49
    RenderBody {BODY} at (8,8) size 784x33
      RenderTextControl {INPUT} at (2,2) size 195x29 [color=#202020]
        RenderDeprecatedFlexibleBox {DIV} at (4,6) size 188x19
          RenderBlock {DIV} at (0,0) size 188x19
      RenderText {#text} at (199,8) size 4x19
        text run at (199,8) width 4: " "
      RenderTextControl {INPUT} at (205,2) size 195x29 [color=#202020]
        RenderDeprecatedFlexibleBox {DIV} at (4,6) size 188x19
          RenderBlock {DIV} at (0,0) size 188x19
      RenderText {#text} at (0,0) size 0x0
layer at (14,16) size 188x19
  RenderBlock {DIV} at (0,0) size 188x19
layer at (217,16) size 188x19
  RenderBlock {DIV} at (0,0) size 188x19
