layer at (0,0) size 785x604
  RenderView at (0,0) size 785x600
layer at (0,0) size 785x604
  RenderBlock {HTML} at (0,0) size 785x604
    RenderBody {BODY} at (8,8) size 769x588
      RenderBlock {DIV} at (0,0) size 769x294
        RenderTextControl {INPUT} at (0,2) size 500x45 [color=#202020]
        RenderBR {BR} at (500,36) size 0x0
        RenderTextControl {INPUT} at (0,51) size 500x45 [color=#202020]
        RenderBR {BR} at (500,85) size 0x0
        RenderTextControl {INPUT} at (0,100) size 500x45 [color=#202020]
        RenderBR {BR} at (500,134) size 0x0
        RenderTextControl {INPUT} at (0,149) size 500x45 [color=#202020]
        RenderBR {BR} at (500,183) size 0x0
        RenderTextControl {INPUT} at (0,198) size 500x45 [color=#202020]
        RenderBR {BR} at (500,232) size 0x0
        RenderTextControl {INPUT} at (0,247) size 500x45 [color=#202020]
        RenderBR {BR} at (500,281) size 0x0
      RenderBlock {DIV} at (0,294) size 769x294
        RenderTextControl {INPUT} at (269,2) size 500x45 [color=#202020]
        RenderBR {BR} at (269,36) size 0x0
        RenderTextControl {INPUT} at (269,51) size 500x45 [color=#202020]
        RenderBR {BR} at (269,85) size 0x0
        RenderTextControl {INPUT} at (269,100) size 500x45 [color=#202020]
        RenderBR {BR} at (269,134) size 0x0
        RenderTextControl {INPUT} at (269,149) size 500x45 [color=#202020]
        RenderBR {BR} at (269,183) size 0x0
        RenderTextControl {INPUT} at (269,198) size 500x45 [color=#202020]
        RenderBR {BR} at (269,232) size 0x0
        RenderTextControl {INPUT} at (269,247) size 500x45 [color=#202020]
        RenderBR {BR} at (269,281) size 0x0
layer at (12,16) size 493x35
  RenderBlock {DIV} at (4,6) size 493x35
layer at (12,65) size 493x35
  RenderBlock {DIV} at (4,6) size 493x35
layer at (12,114) size 493x35
  RenderBlock {DIV} at (4,6) size 493x35
layer at (12,163) size 493x35
  RenderBlock {DIV} at (4,6) size 493x35
layer at (12,212) size 493x35
  RenderBlock {DIV} at (4,6) size 493x35
layer at (12,261) size 493x35
  RenderBlock {DIV} at (4,6) size 493x35
layer at (281,310) size 493x35
  RenderBlock {DIV} at (4,6) size 493x35
layer at (281,359) size 493x35
  RenderBlock {DIV} at (4,6) size 493x35
layer at (281,408) size 493x35
  RenderBlock {DIV} at (4,6) size 493x35
layer at (281,457) size 493x35
  RenderBlock {DIV} at (4,6) size 493x35
layer at (281,506) size 493x35
  RenderBlock {DIV} at (4,6) size 493x35
layer at (281,555) size 493x35
  RenderBlock {DIV} at (4,6) size 493x35
layer at (12,16) size 493x35
  RenderBlock (relative positioned) {DIV} at (4,6) size 493x35 [color=#A9A9A9]
    RenderText {#text} at (1,0) size 158x35
      text run at (1,0) width 158: "placeholder"
layer at (12,65) size 493x35
  RenderBlock (relative positioned) {DIV} at (4,6) size 493x35 [color=#A9A9A9]
    RenderText {#text} at (1,0) size 158x35
      text run at (1,0) width 158: "placeholder"
layer at (12,114) size 493x35
  RenderBlock (relative positioned) {DIV} at (4,6) size 493x35 [color=#A9A9A9]
    RenderText {#text} at (11,0) size 158x35
      text run at (11,0) width 158: "placeholder"
layer at (12,163) size 493x35
  RenderBlock (relative positioned) {DIV} at (4,6) size 493x35 [color=#A9A9A9]
    RenderText {#text} at (201,0) size 158x35
      text run at (201,0) width 158: "placeholder"
layer at (12,212) size 493x35
  RenderBlock (relative positioned) {DIV} at (4,6) size 493x35 [color=#A9A9A9]
    RenderText {#text} at (-9,0) size 158x35
      text run at (-9,0) width 158: "placeholder"
layer at (12,261) size 493x35
  RenderBlock (relative positioned) {DIV} at (4,6) size 493x35 [color=#A9A9A9]
    RenderText {#text} at (247,0) size 158x35
      text run at (247,0) width 158: "placeholder"
layer at (281,310) size 493x35
  RenderBlock (relative positioned) {DIV} at (4,6) size 493x35 [color=#A9A9A9]
    RenderText {#text} at (334,0) size 158x35
      text run at (334,0) width 158: "placeholder"
layer at (281,359) size 493x35
  RenderBlock (relative positioned) {DIV} at (4,6) size 493x35 [color=#A9A9A9]
    RenderText {#text} at (334,0) size 158x35
      text run at (334,0) width 158: "placeholder"
layer at (281,408) size 493x35
  RenderBlock (relative positioned) {DIV} at (4,6) size 493x35 [color=#A9A9A9]
    RenderText {#text} at (324,0) size 158x35
      text run at (324,0) width 158: "placeholder"
layer at (281,457) size 493x35
  RenderBlock (relative positioned) {DIV} at (4,6) size 493x35 [color=#A9A9A9]
    RenderText {#text} at (134,0) size 158x35
      text run at (134,0) width 158: "placeholder"
layer at (281,506) size 493x35
  RenderBlock (relative positioned) {DIV} at (4,6) size 493x35 [color=#A9A9A9]
    RenderText {#text} at (344,0) size 158x35
      text run at (344,0) width 158: "placeholder"
layer at (281,555) size 493x35
  RenderBlock (relative positioned) {DIV} at (4,6) size 493x35 [color=#A9A9A9]
    RenderText {#text} at (88,0) size 158x35
      text run at (88,0) width 158: "placeholder"
