layer at (0,0) size 800x600
  RenderView at (0,0) size 800x600
layer at (0,0) size 800x600
  RenderBlock {HTML} at (0,0) size 800x600
    RenderBody {BODY} at (8,8) size 784x576
      RenderBlock {DIV} at (0,0) size 425x75 [bgcolor=#FFFF00]
        RenderTextControl {INPUT} at (27,27) size 193x28 [bgcolor=#FFFFFF]
      RenderBlock {P} at (0,91) size 784x36
        RenderText {#text} at (0,0) size 739x37
          text run at (0,0) width 739: "This test clicks inside an input element, and must result in the element receiving focus. If the test succeeds the element"
          text run at (0,18) width 158: "should have a focus ring."
layer at (39,41) size 186x18
  RenderBlock {DIV} at (4,6) size 186x18
caret: position 0 of child 0 {DIV} of {#shadow-root} of child 0 {INPUT} of child 0 {DIV} of body
