layer at (0,0) size 800x600
  RenderView at (0,0) size 800x600
layer at (0,0) size 800x600
  RenderBlock {HTML} at (0,0) size 800x600
    RenderBody {BODY} at (8,8) size 784x576
      RenderBlock (anonymous) at (0,0) size 784x33
        RenderTextControl {INPUT} at (2,2) size 195x29 [color=#202020]
        RenderText {#text} at (0,0) size 0x0
      RenderBlock {P} at (0,49) size 784x19
        RenderText {#text} at (0,0) size 644x19
          text run at (0,0) width 644: "Tests option-deleting a word. If the test succeeds, the word \"word\" should end up with a space after it."
layer at (14,16) size 188x19
  RenderBlock {DIV} at (4,6) size 188x19
    RenderText {#text} at (1,0) size 39x19
      text run at (1,0) width 39: "word "
caret: position 5 of child 0 {#text} of child 0 {DIV} of {#shadow-root} of child 0 {INPUT} of body
