layer at (0,0) size 800x600
  RenderView at (0,0) size 800x600
layer at (0,0) size 800x600
  RenderBlock {HTML} at (0,0) size 800x600
    RenderBody {BODY} at (8,8) size 784x584
      RenderMenuList {SELECT} at (2,2) size 107x38 [bgcolor=#FFFFFF]
        RenderBlock (anonymous) at (15,10) size 51x18
          RenderText at (0,0) size 51x19
            text run at (0,0) width 51: "Default"
      RenderText {#text} at (111,12) size 4x19
        text run at (111,12) width 4: " "
      RenderMenuList {SELECT} at (117,2) size 86x38 [color=#FF0000] [bgcolor=#FFFFFF]
        RenderBlock (anonymous) at (15,10) size 30x18
          RenderText at (0,0) size 30x19
            text run at (0,0) width 30: "Red"
      RenderText {#text} at (205,12) size 4x19
        text run at (205,12) width 4: " "
      RenderMenuList {SELECT} at (211,2) size 174x38 [bgcolor=#008000]
        RenderBlock (anonymous) at (15,10) size 118x18
          RenderText at (0,0) size 118x19
            text run at (0,0) width 118: "Default on green"
      RenderText {#text} at (387,12) size 4x19
        text run at (387,12) width 4: " "
      RenderMenuList {SELECT} at (393,2) size 153x38 [color=#FF0000] [bgcolor=#008000]
        RenderBlock (anonymous) at (15,10) size 97x18
          RenderText at (0,0) size 97x19
            text run at (0,0) width 97: "Red on green"
      RenderText {#text} at (0,0) size 0x0
