layer at (0,0) size 800x600
  RenderView at (0,0) size 800x600
layer at (0,0) size 800x600
  RenderBlock {HTML} at (0,0) size 800x600
    RenderBody {BODY} at (8,8) size 784x584
      RenderBlock {P} at (0,0) size 784x19
        RenderText {#text} at (0,0) size 403x19
          text run at (0,0) width 403: "All of these selects should have the same amount of whitespace."
      RenderBlock (anonymous) at (0,35) size 784x375
        RenderText {#text} at (0,63) size 71x19
          text run at (0,63) width 71: "Five Tabs: "
        RenderListBox {SELECT} at (73,2) size 92x81 [bgcolor=#FFFFFF] [border: (1px inset #808080)]
        RenderBR {BR} at (167,78) size 0x0
        RenderBR {BR} at (0,85) size 0x19
        RenderText {#text} at (0,167) size 84x19
          text run at (0,167) width 84: "Five Spaces: "
        RenderListBox {SELECT} at (86,106) size 92x81 [bgcolor=#FFFFFF] [border: (1px inset #808080)]
        RenderBR {BR} at (180,182) size 0x0
        RenderBR {BR} at (0,189) size 0x19
        RenderText {#text} at (0,220) size 298x19
          text run at (0,220) width 298: "Five Spaces (with leading/trailing whitespace): "
        RenderMenuList {SELECT} at (300,210) size 145x39 [color=#202020]
          RenderBlock (anonymous) at (15,10) size 89x19
            RenderText at (0,0) size 89x19
              text run at (0,0) width 89: "Five Spaces"
        RenderBR {BR} at (447,235) size 0x0
        RenderBR {BR} at (0,251) size 0x19
        RenderText {#text} at (0,282) size 285x19
          text run at (0,282) width 285: "Five Tabs (with leading/trailing whitespace): "
        RenderMenuList {SELECT} at (287,272) size 127x39 [color=#202020]
          RenderBlock (anonymous) at (15,10) size 71x19
            RenderText at (0,0) size 71x19
              text run at (0,0) width 71: "Five Tabs"
        RenderBR {BR} at (416,297) size 0x0
        RenderBR {BR} at (0,313) size 0x19
        RenderText {#text} at (0,344) size 126x19
          text run at (0,344) width 126: "Mixed Whitespace: "
        RenderMenuList {SELECT} at (128,334) size 127x39 [color=#202020]
          RenderBlock (anonymous) at (15,10) size 71x19
            RenderText at (0,0) size 71x19
              text run at (0,0) width 71: "Five Tabs"
        RenderText {#text} at (0,0) size 0x0
