layer at (0,0) size 800x600
  RenderView at (0,0) size 800x600
layer at (0,0) size 800x600
  RenderBlock {HTML} at (0,0) size 800x600
    RenderBody {BODY} at (8,8) size 784x576
      RenderBlock {P} at (0,0) size 784x19
        RenderText {#text} at (0,0) size 441x19
          text run at (0,0) width 441: "If you can see the word \"Placeholder\" in the text field, then all is well."
      RenderBlock {P} at (0,35) size 784x33
        RenderTextControl {INPUT} at (2,2) size 195x29 [color=#202020]
layer at (14,51) size 188x19
  RenderBlock {DIV} at (4,6) size 188x19
layer at (14,51) size 188x19
  RenderBlock (relative positioned) {DIV} at (4,6) size 188x19 [color=#A9A9A9]
    RenderText {#text} at (1,0) size 86x19
      text run at (1,0) width 86: "Placeholder"
