layer at (0,0) size 800x600
  RenderView at (0,0) size 800x600
layer at (0,0) size 800x256
  RenderBlock {HTML} at (0,0) size 800x256
    RenderBody {BODY} at (8,16) size 784x232
      RenderBlock {P} at (0,0) size 784x38
        RenderText {#text} at (0,0) size 753x38
          text run at (0,0) width 753: "CR and LF in placeholder values should be stripped. The first input element and the first textarea element should have a"
          text run at (0,19) width 748: "placeholder \"first line second line\", and the second input element and the second textarea element should have nothing."
      RenderBlock (anonymous) at (0,54) size 784x178
        RenderTextControl {INPUT} at (2,2) size 195x29 [color=#202020]
        RenderBR {BR} at (199,8) size 0x19
        RenderTextControl {INPUT} at (2,35) size 195x29 [color=#202020]
        RenderBR {BR} at (199,41) size 0x19
        RenderBR {BR} at (206,103) size 0x19
        RenderText {#text} at (0,0) size 0x0
layer at (14,78) size 188x19
  RenderBlock {DIV} at (4,6) size 188x19
layer at (14,111) size 188x19
  RenderBlock {DIV} at (4,6) size 188x19
layer at (10,138) size 202x48
  RenderTextControl {TEXTAREA} at (2,68) size 202x48 [color=#202020]
    RenderBlock {DIV} at (4,6) size 195x19
layer at (10,194) size 202x48
  RenderTextControl {TEXTAREA} at (2,124) size 202x48 [color=#202020]
    RenderBlock {DIV} at (4,6) size 195x19
layer at (14,78) size 188x19
  RenderBlock (relative positioned) {DIV} at (4,6) size 188x19 [color=#A9A9A9]
    RenderText {#text} at (1,0) size 141x19
      text run at (1,0) width 141: "first line second line"
layer at (14,144) size 195x19
  RenderBlock (relative positioned) {DIV} at (4,6) size 195x19 [color=#A9A9A9]
    RenderText {#text} at (0,0) size 141x19
      text run at (0,0) width 141: "first line second line"
