layer at (0,0) size 800x600
  RenderView at (0,0) size 800x600
layer at (0,0) size 800x600
  RenderBlock {HTML} at (0,0) size 800x600
    RenderBody {BODY} at (8,8) size 784x576
      RenderBlock {P} at (0,0) size 784x36
        RenderText {#text} at (0,0) size 753x37
          text run at (0,0) width 420: "Test that search field text is vertically centered if the search field is "
          text run at (420,0) width 333: "taller than the text. In each of the following pairs of a"
          text run at (0,18) width 103: "search field and "
          text run at (103,18) width 356: "a text field, the vertical position of the text should be the "
          text run at (459,18) width 122: "same in both fields."
      RenderBlock {P} at (0,52) size 784x46
        RenderTextControl {INPUT} at (2,1) size 194x45 [bgcolor=#FFFFFF] [border: (2px inset #000000)]
          RenderDeprecatedFlexibleBox {DIV} at (3,3) size 188x39
            RenderBlock {DIV} at (0,19) size 0x0
            RenderBlock {DIV} at (0,10) size 188x18
            RenderBlock {DIV} at (188,19) size 0x0
        RenderText {#text} at (198,14) size 4x19
          text run at (198,14) width 4: " "
        RenderTextControl {INPUT} at (204,0) size 194x45 [bgcolor=#FFFFFF] [border: (2px inset #000000)]
        RenderText {#text} at (0,0) size 0x0
      RenderBlock {P} at (0,114) size 784x19
        RenderTextControl {INPUT} at (2,0) size 194x16 [bgcolor=#FFFFFF] [border: (2px inset #000000)]
          RenderDeprecatedFlexibleBox {DIV} at (3,0) size 188x16
            RenderBlock {DIV} at (0,8) size 0x0
            RenderBlock {DIV} at (0,3) size 188x10
            RenderBlock {DIV} at (188,8) size 0x0
        RenderText {#text} at (198,1) size 4x19
          text run at (198,1) width 4: " "
        RenderTextControl {INPUT} at (204,0) size 194x16 [bgcolor=#FFFFFF] [border: (2px inset #000000)]
        RenderText {#text} at (0,0) size 0x0
      RenderBlock {P} at (0,149) size 784x18
        RenderTextControl {INPUT} at (2,3) size 194x12 [bgcolor=#FFFFFF] [border: (2px inset #000000)]
          RenderDeprecatedFlexibleBox {DIV} at (3,0) size 188x12
            RenderBlock {DIV} at (0,6) size 0x0
            RenderBlock {DIV} at (0,3) size 188x6
            RenderBlock {DIV} at (188,6) size 0x0
        RenderText {#text} at (198,0) size 4x19
          text run at (198,0) width 4: " "
        RenderTextControl {INPUT} at (204,3) size 194x12 [bgcolor=#FFFFFF] [border: (2px inset #000000)]
        RenderText {#text} at (0,0) size 0x0
layer at (13,74) size 188x18 scrollHeight 19
  RenderBlock {DIV} at (0,0) size 188x18
    RenderText {#text} at (1,0) size 31x19
      text run at (1,0) width 31: "Text"
layer at (215,74) size 188x18 scrollHeight 19
  RenderBlock {DIV} at (3,14) size 188x18
    RenderText {#text} at (1,0) size 31x19
      text run at (1,0) width 31: "Text"
layer at (13,125) size 188x10 scrollHeight 19
  RenderBlock {DIV} at (0,0) size 188x10
    RenderText {#text} at (1,0) size 31x19
      text run at (1,0) width 31: "Text"
layer at (215,125) size 188x10 scrollHeight 19
  RenderBlock {DIV} at (3,3) size 188x10
    RenderText {#text} at (1,0) size 31x19
      text run at (1,0) width 31: "Text"
layer at (13,163) size 188x6 scrollHeight 19
  RenderBlock {DIV} at (0,0) size 188x6
    RenderText {#text} at (1,0) size 31x19
      text run at (1,0) width 31: "Text"
layer at (215,163) size 188x6 scrollHeight 19
  RenderBlock {DIV} at (3,3) size 188x6
    RenderText {#text} at (1,0) size 31x19
      text run at (1,0) width 31: "Text"
