layer at (0,0) size 800x600
  RenderView at (0,0) size 800x600
layer at (0,0) size 800x110
  RenderBlock {HTML} at (0,0) size 800x110
    RenderBody {BODY} at (8,8) size 784x86
      RenderTable {TABLE} at (0,0) size 95x52 [border: (1px outset #808080)]
        RenderTableSection {TBODY} at (1,1) size 93x50
          RenderTableRow {TR} at (0,2) size 93x46
            RenderTableCell {TD} at (2,2) size 89x46 [border: (1px inset #808080)] [r=0 c=0 rs=1 cs=1]
              RenderMenuList {SELECT} at (4,4) size 81x38 [bgcolor=#FFFFFF]
                RenderBlock (anonymous) at (15,10) size 25x18
                  RenderText at (0,0) size 25x19
                    text run at (0,0) width 25: "test"
      RenderBlock {P} at (0,68) size 784x18
        RenderText {#text} at (0,0) size 447x19
          text run at (0,0) width 447: "The select element in the table above must not spill outside of the table."
