layer at (0,0) size 800x600
  RenderView at (0,0) size 800x600
layer at (0,0) size 800x600
  RenderBlock {HTML} at (0,0) size 800x600
    RenderBody {BODY} at (8,8) size 784x584
      RenderBlock {P} at (0,0) size 784x19
        RenderText {#text} at (0,0) size 575x19
          text run at (0,0) width 575: "The following select elements should all be rendered on the left, with their text left justified."
      RenderBlock (anonymous) at (0,35) size 784x215
        RenderMenuList {SELECT} at (0,2) size 300x39 [color=#202020]
          RenderBlock (anonymous) at (15,10) size 244x19
            RenderText at (0,0) size 209x19
              text run at (0,0) width 209: "This is should be left justified."
        RenderText {#text} at (300,12) size 4x19
          text run at (300,12) width 4: " "
        RenderBR {BR} at (0,0) size 0x0
        RenderMenuList {SELECT} at (0,45) size 300x39 [color=#202020]
          RenderBlock (anonymous) at (15,10) size 244x19
            RenderText at (0,0) size 209x19
              text run at (0,0) width 209: "This is should be left justified."
        RenderText {#text} at (300,55) size 4x19
          text run at (300,55) width 4: " "
        RenderBR {BR} at (0,0) size 0x0
        RenderMenuList {SELECT} at (0,88) size 300x39 [color=#202020]
          RenderBlock (anonymous) at (15,10) size 244x19
            RenderText at (0,0) size 209x19
              text run at (0,0) width 209: "This is should be left justified."
        RenderText {#text} at (300,98) size 4x19
          text run at (300,98) width 4: " "
        RenderBR {BR} at (0,0) size 0x0
        RenderMenuList {SELECT} at (0,131) size 300x39 [color=#202020]
          RenderBlock (anonymous) at (15,10) size 244x19
            RenderText at (0,0) size 209x19
              text run at (0,0) width 209: "This is should be left justified."
        RenderText {#text} at (300,141) size 4x19
          text run at (300,141) width 4: " "
        RenderBR {BR} at (0,0) size 0x0
        RenderMenuList {SELECT} at (0,174) size 300x39 [color=#202020]
          RenderBlock (anonymous) at (15,10) size 244x19
            RenderText at (0,0) size 209x19
              text run at (0,0) width 209: "This is should be left justified."
        RenderText {#text} at (0,0) size 0x0
        RenderText {#text} at (0,0) size 0x0
      RenderBlock {DIV} at (0,250) size 784x43
        RenderMenuList {SELECT} at (0,2) size 300x39 [color=#202020]
          RenderBlock (anonymous) at (15,10) size 244x19
            RenderText at (0,0) size 209x19
              text run at (0,0) width 209: "This is should be left justified."
