layer at (0,0) size 800x600
  RenderView at (0,0) size 800x600
layer at (0,0) size 800x59
  RenderBlock {HTML} at (0,0) size 800x59
    RenderBody {BODY} at (8,8) size 784x43 [bgcolor=#666666]
      RenderMenuList {SELECT} at (2,2) size 65x39 [color=#202020]
        RenderBlock (anonymous) at (15,10) size 9x19
          RenderText at (0,0) size 9x19
            text run at (0,0) width 9: "1"
      RenderText {#text} at (0,0) size 0x0
