layer at (0,0) size 800x600
  RenderView at (0,0) size 800x600
layer at (0,0) size 800x600
  RenderBlock {HTML} at (0,0) size 800x600
    RenderBody {BODY} at (8,8) size 784x584
      RenderMenuList {SELECT} at (2,2) size 103x38 [bgcolor=#FFFFFF]
        RenderBlock (anonymous) at (15,10) size 47x18
          RenderText at (0,0) size 30x19
            text run at (0,0) width 30: "One"
      RenderBR {BR} at (107,27) size 0x0
      RenderMenuList {SELECT} at (2,44) size 103x38 [bgcolor=#FFFFFF]
        RenderBlock (anonymous) at (15,10) size 47x18
          RenderText at (0,0) size 30x19
            text run at (0,0) width 30: "One"
      RenderText {#text} at (0,0) size 0x0
