layer at (0,0) size 800x600
  RenderView at (0,0) size 800x600
layer at (0,0) size 800x600
  RenderBlock {HTML} at (0,0) size 800x600
    RenderBody {BODY} at (8,8) size 784x584
      RenderText {#text} at (0,0) size 0x0
layer at (10,10) size 202x48
  RenderTextControl {TEXTAREA} at (2,2) size 202x48 [color=#202020]
    RenderBlock {DIV} at (4,6) size 195x19
      RenderText {#text} at (0,0) size 89x19
        text run at (0,0) width 89: "Test Passed"
