layer at (0,0) size 800x600
  RenderView at (0,0) size 800x600
layer at (0,0) size 800x600
  RenderBlock {HTML} at (0,0) size 800x600
    RenderBody {BODY} at (8,8) size 784x576
      RenderBlock {P} at (0,0) size 784x19
        RenderText {#text} at (0,0) size 439x19
          text run at (0,0) width 439: "If you can see the word \"Placeholder\" in the text area, then all is well."
      RenderBlock {P} at (0,35) size 784x52
layer at (10,45) size 202x48
  RenderTextControl {TEXTAREA} at (2,2) size 202x48 [color=#202020]
    RenderBlock {DIV} at (4,6) size 195x19
layer at (14,51) size 195x19
  RenderBlock (relative positioned) {DIV} at (4,6) size 195x19 [color=#A9A9A9]
    RenderText {#text} at (0,0) size 86x19
      text run at (0,0) width 86: "Placeholder"
