layer at (0,0) size 800x600
  RenderView at (0,0) size 800x600
layer at (0,0) size 800x600
  RenderBlock {HTML} at (0,0) size 800x600
    RenderBody {BODY} at (8,8) size 784x584
      RenderText {#text} at (0,0) size 442x19
        text run at (0,0) width 442: "This tests that a scrollbar will appear when text overflows the textarea "
      RenderBR {BR} at (442,15) size 0x0
      RenderText {#text} at (0,0) size 0x0
layer at (10,28) size 202x118 clip at (10,28) size 187x118 scrollHeight 172
  RenderTextControl {TEXTAREA} at (2,20) size 202x118 [bgcolor=#FFFFFF]
    RenderBlock {DIV} at (4,6) size 180x162
      RenderText {#text} at (0,0) size 9x73
        text run at (0,0) width 9: "1"
        text run at (9,0) width 0: " "
        text run at (0,18) width 9: "2"
        text run at (9,18) width 0: " "
        text run at (0,36) width 9: "3"
        text run at (9,36) width 0: " "
        text run at (0,54) width 9: "4"
        text run at (9,54) width 0: " "
      RenderText {#text} at (0,72) size 9x19
        text run at (0,72) width 9: "5"
      RenderText {#text} at (9,72) size 0x19
        text run at (9,72) width 0: " "
      RenderText {#text} at (0,90) size 9x19
        text run at (0,90) width 9: "6"
      RenderText {#text} at (9,90) size 0x19
        text run at (9,90) width 0: " "
      RenderText {#text} at (0,108) size 9x19
        text run at (0,108) width 9: "7"
      RenderText {#text} at (9,108) size 0x19
        text run at (9,108) width 0: " "
      RenderText {#text} at (0,126) size 9x19
        text run at (0,126) width 9: "8"
      RenderText {#text} at (9,126) size 0x19
        text run at (9,126) width 0: " "
      RenderText {#text} at (0,144) size 0x19
        text run at (0,144) width 0: " "
caret: position 0 of child 9 {#text} of child 0 {DIV} of {#shadow-root} of child 3 {TEXTAREA} of body
