layer at (0,0) size 800x600
  RenderView at (0,0) size 800x600
layer at (0,0) size 800x600
  RenderBlock {HTML} at (0,0) size 800x600
    RenderBody {BODY} at (8,8) size 784x584
      RenderText {#text} at (0,0) size 328x19
        text run at (0,0) width 328: "This tests that you can set the placeholder text color."
      RenderBR {BR} at (328,15) size 0x0
      RenderText {#text} at (206,56) size 4x19
        text run at (206,56) width 4: " "
      RenderText {#text} at (416,56) size 4x19
        text run at (416,56) width 4: " "
      RenderText {#text} at (626,56) size 4x19
        text run at (626,56) width 4: " "
      RenderText {#text} at (0,0) size 0x0
layer at (10,29) size 202x48
  RenderTextControl {TEXTAREA} at (2,21) size 202x48 [color=#202020]
    RenderBlock {DIV} at (4,6) size 195x19
layer at (220,29) size 202x48
  RenderTextControl {TEXTAREA} at (212,21) size 202x48 [color=#202020]
    RenderBlock {DIV} at (4,6) size 195x19 [color=#747474]
layer at (430,29) size 202x48
  RenderTextControl {TEXTAREA} at (422,21) size 202x48 [color=#202020]
    RenderBlock {DIV} at (4,6) size 195x19
layer at (10,85) size 202x48
  RenderTextControl {TEXTAREA} at (2,77) size 202x48 [color=#202020]
    RenderBlock {DIV} at (4,6) size 195x19 [color=#747474]
layer at (14,35) size 195x19
  RenderBlock (relative positioned) {DIV} at (4,6) size 195x19 [color=#640000]
    RenderText {#text} at (0,0) size 25x19
      text run at (0,0) width 25: "text"
layer at (224,35) size 195x19
  RenderBlock (relative positioned) {DIV} at (4,6) size 195x19 [color=#640000]
    RenderText {#text} at (0,0) size 90x19
      text run at (0,0) width 90: "disabled text"
layer at (434,35) size 195x19
  RenderBlock (relative positioned) {DIV} at (4,6) size 195x19 [color=#A9A9A9]
    RenderText {#text} at (0,0) size 48x19
      text run at (0,0) width 48: "default"
layer at (14,91) size 195x19
  RenderBlock (relative positioned) {DIV} at (4,6) size 195x19 [color=#A9A9A9]
    RenderText {#text} at (0,0) size 113x19
      text run at (0,0) width 113: "default disabled"
