layer at (0,0) size 800x600
  RenderView at (0,0) size 800x600
layer at (0,0) size 800x60
  RenderBlock {HTML} at (0,0) size 800x60
    RenderBody {BODY} at (8,8) size 784x44
      RenderBlock {FORM} at (0,0) size 784x44
        RenderTextControl {INPUT} at (2,6) size 193x28 [bgcolor=#FFFFFF]
        RenderText {#text} at (197,12) size 4x19
          text run at (197,12) width 4: " "
        RenderButton {INPUT} at (203,2) size 84x40 [bgcolor=#C0C0C0] [border: (2px outset #C0C0C0)]
          RenderBlock (anonymous) at (17,10) size 50x18
            RenderText at (0,0) size 50x19
              text run at (0,0) width 50: "Submit"
        RenderText {#text} at (0,0) size 0x0
layer at (14,20) size 186x18
  RenderBlock {DIV} at (4,6) size 186x18
layer at (10,42) size 220x108
  RenderBlock (positioned) zI: 2147483647 {DIV} at (10,42) size 220x108
layer at (10,42) size 220x16 scrollHeight 26
  RenderBlock {DIV} at (0,0) size 220x16
layer at (10,54) size 220x92
  RenderDeprecatedFlexibleBox (relative positioned) zI: 2147483644 {DIV} at (0,16) size 220x92 [border: (2px solid #440000)]
    RenderBlock {DIV} at (10,10) size 0x72
    RenderBlock {DIV} at (10,10) size 200x72
      RenderBlock {DIV} at (0,0) size 200x18
        RenderText {#text} at (0,0) size 105x19
          text run at (0,0) width 105: "value missing"
      RenderBlock {DIV} at (0,18) size 200x54
        RenderText {#text} at (0,0) size 166x19
          text run at (0,0) width 166: "Needs at least 8 letters."
        RenderBR {BR} at (166,0) size 0x19
        RenderText {#text} at (0,18) size 196x37
          text run at (0,18) width 196: "Should not be identical with"
          text run at (0,36) width 152: "the current password."
layer at (42,42) size 18x18 backgroundClip at (10,42) size 220x16 clip at (10,42) size 220x16 outlineClip at (10,42) size 220x16
  RenderBlock (relative positioned) zI: 2147483645 {DIV} at (0,0) size 18x18 [bgcolor=#F8ECEC] [border: (2px solid #440000) none (2px solid #440000)]
caret: position 0 of child 0 {DIV} of {#shadow-root} of child 1 {INPUT} of child 0 {FORM} of body
