layer at (0,0) size 800x600
  RenderView at (0,0) size 800x600
layer at (0,0) size 800x310
  RenderBlock {HTML} at (0,0) size 800x310
    RenderBody {BODY} at (8,8) size 784x294
      RenderBlock {DIV} at (0,0) size 784x26
        RenderTextControl {INPUT} at (2,2) size 155x22 [bgcolor=#FFFFFF] [border: (2px inset #000000)]
          RenderBlock {DIV} at (2,3) size 151x16
            RenderText {#text} at (1,0) size 64x16
              text run at (1,0) width 64: "2012-04-02"
      RenderBlock {DIV} at (0,26) size 784x26
        RenderTextControl {INPUT} at (2,2) size 155x22 [bgcolor=#FFFFFF] [border: (2px inset #000000)]
          RenderBlock {DIV} at (2,3) size 151x16
            RenderText {#text} at (1,0) size 64x16
              text run at (1,0) width 64: "2012-04-02"
      RenderBlock {DIV} at (0,52) size 784x26
        RenderTextControl {INPUT} at (2,2) size 155x22 [color=#545454] [bgcolor=#EBEBE4] [border: (2px inset #545454)]
          RenderBlock {DIV} at (2,3) size 151x16
            RenderText {#text} at (1,0) size 64x16
              text run at (1,0) width 64: "2012-04-02"
      RenderBlock {DIV} at (0,78) size 784x26
        RenderTextControl {INPUT} at (2,2) size 155x22 [color=#FFFFFF] [bgcolor=#000000] [border: (2px inset #FFFFFF)]
          RenderBlock {DIV} at (2,3) size 151x16
            RenderText {#text} at (1,0) size 64x16
              text run at (1,0) width 64: "2012-04-02"
      RenderBlock {DIV} at (0,104) size 784x26
        RenderTextControl {INPUT} at (2,2) size 155x22 [color=#FFFFFF] [bgcolor=#000000] [border: (2px inset #FFFFFF)]
          RenderBlock {DIV} at (2,3) size 151x16
            RenderText {#text} at (1,0) size 64x16
              text run at (1,0) width 64: "2012-04-02"
      RenderBlock {DIV} at (0,130) size 784x26
        RenderTextControl {INPUT} at (2,2) size 155x22 [color=#FFFFFF] [bgcolor=#000000] [border: (2px inset #FFFFFF)]
          RenderBlock {DIV} at (2,3) size 151x16
            RenderText {#text} at (1,0) size 64x16
              text run at (1,0) width 64: "2012-04-02"
      RenderBlock {DIV} at (0,156) size 784x46
        RenderTextControl {INPUT} at (2,2) size 333x42 [bgcolor=#FFFFFF] [border: (2px inset #000000)]
          RenderBlock {DIV} at (2,3) size 329x36
            RenderText {#text} at (1,0) size 156x35
              text run at (1,0) width 156: "2012-04-02"
      RenderBlock {DIV} at (0,202) size 784x46
        RenderTextControl {INPUT} at (2,2) size 333x42 [bgcolor=#FFFFFF] [border: (2px inset #000000)]
          RenderBlock {DIV} at (2,3) size 329x36
            RenderText {#text} at (1,0) size 156x35
              text run at (1,0) width 156: "2012-04-02"
      RenderBlock {DIV} at (0,248) size 784x46
        RenderTextControl {INPUT} at (2,2) size 333x42 [color=#545454] [bgcolor=#EBEBE4] [border: (2px inset #545454)]
          RenderBlock {DIV} at (2,3) size 329x36
            RenderText {#text} at (1,0) size 156x35
              text run at (1,0) width 156: "2012-04-02"
