layer at (0,0) size 4592x585
  RenderView at (0,0) size 800x585
layer at (-3792,0) size 4592x585 backgroundClip at (0,0) size 4592x585 clip at (0,0) size 4592x585 outlineClip at (0,0) size 4592x585
  RenderBlock {HTML} at (0,0) size 4592x585
    RenderBody {BODY} at (58,46) size 4476x493
      RenderBlock {H1} at (0,0) size 48x493
        RenderText {#text} at (5,0) size 37x65
          text run at (5,0) width 65: "\x{8349}\x{6795}"
      RenderBlock {H2} at (69,0) size 36x493
        RenderText {#text} at (4,0) size 28x97
          text run at (4,0) width 97: "\x{590F}\x{76EE}\x{6F31}\x{77F3}"
      RenderBlock {DIV} at (124,0) size 4352x493
        RenderBlock (anonymous) at (0,0) size 2431x493
          RenderBR {BR} at (0,0) size 18x0
          RenderBR {BR} at (18,0) size 18x0
          RenderBR {BR} at (36,0) size 18x0
          RenderText {#text} at (57,0) size 18x146
            text run at (57,0) width 146: "\x{3000}\x{3000}\x{3000}\x{3000}\x{3000}\x{3000}\x{3000}\x{3000}\x{4E00}"
          RenderBR {BR} at (57,145) size 18x1
          RenderBR {BR} at (78,0) size 18x0
          RenderText {#text} at (106,0) size 18x17
            text run at (106,0) width 17: "\x{3000}"
          RenderRuby (inline) {RUBY} at (0,0) size 18x36
            RenderRubyRun (anonymous) at (103,15) size 24x37
              RenderRubyText {RT} at (-9,0) size 14x37
                RenderText {#text} at (2,0) size 10x37
                  text run at (2,0) width 37: "\x{3084}\x{307E}\x{307F}\x{3061}"
              RenderRubyBase (anonymous) at (0,0) size 24x37
                RenderInline {RB} at (0,0) size 18x35
                  RenderText {#text} at (3,1) size 18x35
                    text run at (3,1) width 35: "\x{5C71}\x{8DEF}"
          RenderText {#text} at (106,51) size 18x210
            text run at (106,51) width 210: "\x{3092}\x{767B}\x{308A}\x{306A}\x{304C}\x{3089}\x{3001}\x{3053}\x{3046}\x{8003}\x{3048}\x{305F}\x{3002}"
          RenderBR {BR} at (106,260) size 18x1
          RenderText {#text} at (134,0) size 18x17
            text run at (134,0) width 17: "\x{3000}"
          RenderRuby (inline) {RUBY} at (0,0) size 18x18
            RenderRubyRun (anonymous) at (131,16) size 24x17
              RenderRubyText {RT} at (-9,0) size 14x17
                RenderText {#text} at (2,3) size 10x10
                  text run at (2,3) width 10: "\x{3061}"
              RenderRubyBase (anonymous) at (0,0) size 24x17
                RenderInline {RB} at (0,0) size 18x17
                  RenderText {#text} at (3,0) size 18x17
                    text run at (3,0) width 17: "\x{667A}"
          RenderText {#text} at (134,33) size 18x65
            text run at (134,33) width 65: "\x{306B}\x{50CD}\x{3051}\x{3070}"
          RenderRuby (inline) {RUBY} at (0,0) size 18x18
            RenderRubyRun (anonymous) at (131,97) size 24x19
              RenderRubyText {RT} at (-9,0) size 14x19
                RenderText {#text} at (2,0) size 10x19
                  text run at (2,0) width 19: "\x{304B}\x{3069}"
              RenderRubyBase (anonymous) at (0,0) size 24x19
                RenderInline {RB} at (0,0) size 18x17
                  RenderText {#text} at (3,1) size 18x17
                    text run at (3,1) width 17: "\x{89D2}"
          RenderText {#text} at (134,114) size 18x66
            text run at (134,114) width 65: "\x{304C}\x{7ACB}\x{3064}\x{3002}"
          RenderRuby (inline) {RUBY} at (0,0) size 18x21
            RenderRubyRun (anonymous) at (131,175) size 24x28
              RenderRubyText {RT} at (-9,0) size 14x28
                RenderText {#text} at (2,0) size 10x28
                  text run at (2,0) width 28: "\x{3058}\x{3087}\x{3046}"
              RenderRubyBase (anonymous) at (0,0) size 24x28
                RenderInline {RB} at (0,0) size 18x17
                  RenderText {#text} at (3,5) size 18x17
                    text run at (3,5) width 17: "\x{60C5}"
          RenderText {#text} at (134,199) size 18x17
            text run at (134,199) width 17: "\x{306B}"
          RenderRuby (inline) {RUBY} at (0,0) size 18x18
            RenderRubyRun (anonymous) at (131,214) size 24x19
              RenderRubyText {RT} at (-9,0) size 14x19
                RenderText {#text} at (2,0) size 10x19
                  text run at (2,0) width 19: "\x{3055}\x{304A}"
              RenderRubyBase (anonymous) at (0,0) size 24x19
                RenderInline {RB} at (0,0) size 18x17
                  RenderText {#text} at (3,1) size 18x17
                    text run at (3,1) width 17: "\x{68F9}"
          RenderText {#text} at (134,232) size 18x178
            text run at (134,232) width 178: "\x{3055}\x{305B}\x{3070}\x{6D41}\x{3055}\x{308C}\x{308B}\x{3002}\x{610F}\x{5730}\x{3092}"
          RenderRuby (inline) {RUBY} at (0,0) size 18x18
            RenderRubyRun (anonymous) at (131,408) size 24x19
              RenderRubyText {RT} at (-9,0) size 14x19
                RenderText {#text} at (2,0) size 10x19
                  text run at (2,0) width 19: "\x{3068}\x{304A}"
              RenderRubyBase (anonymous) at (0,0) size 24x19
                RenderInline {RB} at (0,0) size 18x17
                  RenderText {#text} at (3,1) size 18x17
                    text run at (3,1) width 17: "\x{901A}"
          RenderText {#text} at (134,426) size 18x33
            text run at (134,426) width 33: "\x{305B}\x{3070}"
          RenderRuby (inline) {RUBY} at (0,0) size 18x43
            RenderRubyRun (anonymous) at (159,0) size 24x46
              RenderRubyText {RT} at (-9,0) size 14x46
                RenderText {#text} at (2,0) size 10x46
                  text run at (2,0) width 46: "\x{304D}\x{3085}\x{3046}\x{304F}\x{3064}"
              RenderRubyBase (anonymous) at (0,0) size 24x46
                RenderInline {RB} at (0,0) size 18x40
                  RenderText {#text} at (3,3) size 18x40
                    text run at (3,3) width 40: "\x{7AAE}\x{5C48}"
          RenderText {#text} at (162,43) size 18x258
            text run at (162,43) width 258: "\x{3060}\x{3002}\x{3068}\x{304B}\x{304F}\x{306B}\x{4EBA}\x{306E}\x{4E16}\x{306F}\x{4F4F}\x{307F}\x{306B}\x{304F}\x{3044}\x{3002}"
          RenderBR {BR} at (162,300) size 18x1
          RenderText {#text} at (190,0) size 18x113
            text run at (190,0) width 113: "\x{3000}\x{4F4F}\x{307F}\x{306B}\x{304F}\x{3055}\x{304C}"
          RenderRuby (inline) {RUBY} at (0,0) size 18x18
            RenderRubyRun (anonymous) at (187,112) size 24x19
              RenderRubyText {RT} at (-9,0) size 14x19
                RenderText {#text} at (2,0) size 10x19
                  text run at (2,0) width 19: "\x{3053}\x{3046}"
              RenderRubyBase (anonymous) at (0,0) size 24x19
                RenderInline {RB} at (0,0) size 18x17
                  RenderText {#text} at (3,1) size 18x17
                    text run at (3,1) width 17: "\x{9AD8}"
          RenderText {#text} at (190,129) size 46x485
            text run at (190,129) width 355: "\x{3058}\x{308B}\x{3068}\x{3001}\x{5B89}\x{3044}\x{6240}\x{3078}\x{5F15}\x{304D}\x{8D8A}\x{3057}\x{305F}\x{304F}\x{306A}\x{308B}\x{3002}\x{3069}\x{3053}\x{3078}\x{8D8A}\x{3057}"
            text run at (218,0) width 129: "\x{3066}\x{3082}\x{4F4F}\x{307F}\x{306B}\x{304F}\x{3044}\x{3068}"
          RenderRuby (inline) {RUBY} at (0,0) size 18x18
            RenderRubyRun (anonymous) at (215,128) size 24x19
              RenderRubyText {RT} at (-9,0) size 14x19
                RenderText {#text} at (2,0) size 10x19
                  text run at (2,0) width 19: "\x{3055}\x{3068}"
              RenderRubyBase (anonymous) at (0,0) size 24x19
                RenderInline {RB} at (0,0) size 18x17
                  RenderText {#text} at (3,1) size 18x17
                    text run at (3,1) width 17: "\x{609F}"
          RenderText {#text} at (218,145) size 18x163
            text run at (218,145) width 162: "\x{3063}\x{305F}\x{6642}\x{3001}\x{8A69}\x{304C}\x{751F}\x{308C}\x{3066}\x{3001}"
          RenderRuby (inline) {RUBY} at (0,0) size 18x18
            RenderRubyRun (anonymous) at (215,307) size 24x17
              RenderRubyText {RT} at (-9,0) size 14x17
                RenderText {#text} at (2,3) size 10x10
                  text run at (2,3) width 10: "\x{3048}"
              RenderRubyBase (anonymous) at (0,0) size 24x17
                RenderInline {RB} at (0,0) size 18x17
                  RenderText {#text} at (3,0) size 18x17
                    text run at (3,0) width 17: "\x{753B}"
          RenderText {#text} at (218,324) size 18x81
            text run at (218,324) width 81: "\x{304C}\x{51FA}\x{6765}\x{308B}\x{3002}"
          RenderBR {BR} at (218,404) size 18x1
          RenderText {#text} at (242,0) size 18x17
            text run at (242,0) width 17: "\x{3000}"
          RenderInline {STRONG} at (0,0) size 18x49
            RenderText {#text} at (242,16) size 18x49
              text run at (242,16) width 49: "\x{4EBA}\x{306E}\x{4E16}"
          RenderText {#text} at (242,64) size 46x484
            text run at (242,64) width 419: "\x{3092}\x{4F5C}\x{3063}\x{305F}\x{3082}\x{306E}\x{306F}\x{795E}\x{3067}\x{3082}\x{306A}\x{3051}\x{308C}\x{3070}\x{9B3C}\x{3067}\x{3082}\x{306A}\x{3044}\x{3002}\x{3084}\x{306F}\x{308A}\x{5411}\x{3046}\x{4E09}"
            text run at (270,0) width 17: "\x{8ED2}"
          RenderRuby (inline) {RUBY} at (0,0) size 18x41
            RenderRubyRun (anonymous) at (267,13) size 24x46
              RenderRubyText {RT} at (-9,0) size 14x46
                RenderText {#text} at (2,0) size 10x46
                  text run at (2,0) width 46: "\x{308A}\x{3087}\x{3046}\x{3069}\x{306A}"
              RenderRubyBase (anonymous) at (0,0) size 24x46
                RenderInline {RB} at (0,0) size 18x40
                  RenderText {#text} at (3,3) size 18x40
                    text run at (3,3) width 40: "\x{4E21}\x{96A3}"
          RenderText {#text} at (270,56) size 18x387
            text run at (270,56) width 387: "\x{308A}\x{306B}\x{3061}\x{3089}\x{3061}\x{3089}\x{3059}\x{308B}\x{305F}\x{3060}\x{306E}\x{4EBA}\x{3067}\x{3042}\x{308B}\x{3002}\x{305F}\x{3060}\x{306E}\x{4EBA}\x{304C}\x{4F5C}\x{3063}\x{305F}"
          RenderInline {STRONG} at (0,0) size 42x476
            RenderText {#text} at (270,442) size 42x476
              text run at (270,442) width 33: "\x{4EBA}\x{306E}"
              text run at (294,0) width 17: "\x{4E16}"
          RenderText {#text} at (294,16) size 18x371
            text run at (294,16) width 371: "\x{304C}\x{4F4F}\x{307F}\x{306B}\x{304F}\x{3044}\x{304B}\x{3089}\x{3068}\x{3066}\x{3001}\x{8D8A}\x{3059}\x{56FD}\x{306F}\x{3042}\x{308B}\x{307E}\x{3044}\x{3002}\x{3042}\x{308C}\x{3070}"
          RenderInline {STRONG} at (0,0) size 18x66
            RenderText {#text} at (294,386) size 18x66
              text run at (294,386) width 65: "\x{4EBA}\x{3067}\x{306A}\x{3057}"
          RenderText {#text} at (294,451) size 42x484
            text run at (294,451) width 33: "\x{306E}\x{56FD}"
            text run at (318,0) width 129: "\x{3078}\x{884C}\x{304F}\x{3070}\x{304B}\x{308A}\x{3060}\x{3002}"
          RenderInline {STRONG} at (0,0) size 18x66
            RenderText {#text} at (318,128) size 18x66
              text run at (318,128) width 65: "\x{4EBA}\x{3067}\x{306A}\x{3057}"
          RenderText {#text} at (318,193) size 18x49
            text run at (318,193) width 49: "\x{306E}\x{56FD}\x{306F}"
          RenderInline {STRONG} at (0,0) size 18x50
            RenderText {#text} at (318,241) size 18x50
              text run at (318,241) width 49: "\x{4EBA}\x{306E}\x{4E16}"
          RenderText {#text} at (318,290) size 42x468
            text run at (318,290) width 178: "\x{3088}\x{308A}\x{3082}\x{306A}\x{304A}\x{4F4F}\x{307F}\x{306B}\x{304F}\x{304B}\x{308D}"
            text run at (342,0) width 33: "\x{3046}\x{3002}"
          RenderBR {BR} at (342,32) size 18x1
          RenderText {#text} at (366,0) size 46x468
            text run at (366,0) width 468: "\x{3000}\x{8D8A}\x{3059}\x{4E8B}\x{306E}\x{306A}\x{3089}\x{306C}\x{4E16}\x{304C}\x{4F4F}\x{307F}\x{306B}\x{304F}\x{3051}\x{308C}\x{3070}\x{3001}\x{4F4F}\x{307F}\x{306B}\x{304F}\x{3044}\x{6240}\x{3092}\x{3069}\x{308C}\x{307B}\x{3069}"
            text run at (394,0) width 33: "\x{304B}\x{3001}"
          RenderRuby (inline) {RUBY} at (0,0) size 18x36
            RenderRubyRun (anonymous) at (391,31) size 24x37
              RenderRubyText {RT} at (-9,0) size 14x37
                RenderText {#text} at (2,0) size 10x37
                  text run at (2,0) width 37: "\x{304F}\x{3064}\x{308D}\x{3052}"
              RenderRubyBase (anonymous) at (0,0) size 24x37
                RenderInline {RB} at (0,0) size 18x35
                  RenderText {#text} at (3,1) size 18x35
                    text run at (3,1) width 35: "\x{5BDB}\x{5BB9}"
          RenderText {#text} at (394,67) size 18x33
            text run at (394,67) width 33: "\x{3066}\x{3001}"
          RenderRuby (inline) {RUBY} at (0,0) size 18x18
            RenderRubyRun (anonymous) at (391,98) size 24x19
              RenderRubyText {RT} at (-9,0) size 14x19
                RenderText {#text} at (2,0) size 10x19
                  text run at (2,0) width 19: "\x{3064}\x{304B}"
              RenderRubyBase (anonymous) at (0,0) size 24x19
                RenderInline {RB} at (0,0) size 18x17
                  RenderText {#text} at (3,1) size 18x17
                    text run at (3,1) width 17: "\x{675F}"
          RenderText {#text} at (394,116) size 18x17
            text run at (394,116) width 17: "\x{306E}"
          RenderRuby (inline) {RUBY} at (0,0) size 18x18
            RenderRubyRun (anonymous) at (391,133) size 24x17
              RenderRubyText {RT} at (-9,0) size 14x17
                RenderText {#text} at (2,3) size 10x10
                  text run at (2,3) width 10: "\x{307E}"
              RenderRubyBase (anonymous) at (0,0) size 24x17
                RenderInline {RB} at (0,0) size 18x17
                  RenderText {#text} at (3,0) size 18x17
                    text run at (3,0) width 17: "\x{9593}"
          RenderText {#text} at (394,149) size 46x488
            text run at (394,149) width 339: "\x{306E}\x{547D}\x{3092}\x{3001}\x{675F}\x{306E}\x{9593}\x{3067}\x{3082}\x{4F4F}\x{307F}\x{3088}\x{304F}\x{305B}\x{306D}\x{3070}\x{306A}\x{3089}\x{306C}\x{3002}\x{3053}"
            text run at (422,0) width 403: "\x{3053}\x{306B}\x{8A69}\x{4EBA}\x{3068}\x{3044}\x{3046}\x{5929}\x{8077}\x{304C}\x{51FA}\x{6765}\x{3066}\x{3001}\x{3053}\x{3053}\x{306B}\x{753B}\x{5BB6}\x{3068}\x{3044}\x{3046}\x{4F7F}\x{547D}\x{304C}"
          RenderRuby (inline) {RUBY} at (0,0) size 18x18
            RenderRubyRun (anonymous) at (419,402) size 24x19
              RenderRubyText {RT} at (-9,0) size 14x19
                RenderText {#text} at (2,0) size 10x19
                  text run at (2,0) width 19: "\x{304F}\x{3060}"
              RenderRubyBase (anonymous) at (0,0) size 24x19
                RenderInline {RB} at (0,0) size 18x17
                  RenderText {#text} at (3,1) size 18x17
                    text run at (3,1) width 17: "\x{964D}"
          RenderText {#text} at (422,419) size 46x485
            text run at (422,419) width 65: "\x{308B}\x{3002}\x{3042}\x{3089}"
            text run at (450,0) width 178: "\x{3086}\x{308B}\x{82B8}\x{8853}\x{306E}\x{58EB}\x{306F}\x{4EBA}\x{306E}\x{4E16}\x{3092}"
          RenderRuby (inline) {RUBY} at (0,0) size 18x34
            RenderRubyRun (anonymous) at (447,177) size 24x33
              RenderRubyText {RT} at (-9,0) size 14x33
                RenderText {#text} at (2,0) size 10x33
                  text run at (2,0) width 32: "\x{306E}\x{3069}\x{304B}"
              RenderRubyBase (anonymous) at (0,0) size 24x33
                RenderInline {RB} at (0,0) size 18x33
                  RenderText {#text} at (3,0) size 18x33
                    text run at (3,0) width 33: "\x{9577}\x{9591}"
          RenderText {#text} at (450,210) size 18x210
            text run at (450,210) width 210: "\x{306B}\x{3057}\x{3001}\x{4EBA}\x{306E}\x{5FC3}\x{3092}\x{8C4A}\x{304B}\x{306B}\x{3059}\x{308B}\x{304C}"
          RenderRuby (inline) {RUBY} at (0,0) size 18x18
            RenderRubyRun (anonymous) at (447,419) size 24x19
              RenderRubyText {RT} at (-9,0) size 14x19
                RenderText {#text} at (2,0) size 10x19
                  text run at (2,0) width 19: "\x{3086}\x{3048}"
              RenderRubyBase (anonymous) at (0,0) size 24x19
                RenderInline {RB} at (0,0) size 18x17
                  RenderText {#text} at (3,1) size 18x17
                    text run at (3,1) width 17: "\x{6545}"
          RenderText {#text} at (450,436) size 18x17
            text run at (450,436) width 17: "\x{306B}"
          RenderRuby (inline) {RUBY} at (0,0) size 18x18
            RenderRubyRun (anonymous) at (447,452) size 24x19
              RenderRubyText {RT} at (-9,0) size 14x19
                RenderText {#text} at (2,0) size 10x19
                  text run at (2,0) width 19: "\x{305F}\x{3063}"
              RenderRubyBase (anonymous) at (0,0) size 24x19
                RenderInline {RB} at (0,0) size 18x17
                  RenderText {#text} at (3,1) size 18x17
                    text run at (3,1) width 17: "\x{5C0A}"
          RenderText {#text} at (450,469) size 42x486
            text run at (450,469) width 17: "\x{3068}"
            text run at (474,0) width 33: "\x{3044}\x{3002}"
          RenderBR {BR} at (474,32) size 18x1
          RenderText {#text} at (502,0) size 18x242
            text run at (502,0) width 242: "\x{3000}\x{4F4F}\x{307F}\x{306B}\x{304F}\x{304D}\x{4E16}\x{304B}\x{3089}\x{3001}\x{4F4F}\x{307F}\x{306B}\x{304F}\x{304D}"
          RenderRuby (inline) {RUBY} at (0,0) size 18x21
            RenderRubyRun (anonymous) at (499,238) size 24x28
              RenderRubyText {RT} at (-9,0) size 14x28
                RenderText {#text} at (2,0) size 10x28
                  text run at (2,0) width 28: "\x{308F}\x{305A}\x{3089}"
              RenderRubyBase (anonymous) at (0,0) size 24x28
                RenderInline {RB} at (0,0) size 18x17
                  RenderText {#text} at (3,5) size 18x17
                    text run at (3,5) width 17: "\x{7169}"
          RenderText {#text} at (502,261) size 46x488
            text run at (502,261) width 226: "\x{3044}\x{3092}\x{5F15}\x{304D}\x{629C}\x{3044}\x{3066}\x{3001}\x{3042}\x{308A}\x{304C}\x{305F}\x{3044}\x{4E16}"
            text run at (530,0) width 274: "\x{754C}\x{3092}\x{307E}\x{306E}\x{3042}\x{305F}\x{308A}\x{306B}\x{5199}\x{3059}\x{306E}\x{304C}\x{8A69}\x{3067}\x{3042}\x{308B}\x{3001}"
          RenderRuby (inline) {RUBY} at (0,0) size 18x18
            RenderRubyRun (anonymous) at (527,274) size 24x17
              RenderRubyText {RT} at (-9,0) size 14x17
                RenderText {#text} at (2,3) size 10x10
                  text run at (2,3) width 10: "\x{3048}"
              RenderRubyBase (anonymous) at (0,0) size 24x17
                RenderInline {RB} at (0,0) size 18x17
                  RenderText {#text} at (3,0) size 18x17
                    text run at (3,0) width 17: "\x{753B}"
          RenderText {#text} at (530,290) size 46x485
            text run at (530,290) width 194: "\x{3067}\x{3042}\x{308B}\x{3002}\x{3042}\x{308B}\x{306F}\x{97F3}\x{697D}\x{3068}\x{5F6B}\x{523B}"
            text run at (558,0) width 129: "\x{3067}\x{3042}\x{308B}\x{3002}\x{3053}\x{307E}\x{304B}\x{306B}"
          RenderRuby (inline) {RUBY} at (0,0) size 18x18
            RenderRubyRun (anonymous) at (555,129) size 24x17
              RenderRubyText {RT} at (-9,0) size 14x17
                RenderText {#text} at (2,3) size 10x10
                  text run at (2,3) width 10: "\x{3044}"
              RenderRubyBase (anonymous) at (0,0) size 24x17
                RenderInline {RB} at (0,0) size 18x17
                  RenderText {#text} at (3,0) size 18x17
                    text run at (3,0) width 17: "\x{4E91}"
          RenderText {#text} at (558,145) size 46x485
            text run at (558,145) width 339: "\x{3048}\x{3070}\x{5199}\x{3055}\x{306A}\x{3044}\x{3067}\x{3082}\x{3088}\x{3044}\x{3002}\x{305F}\x{3060}\x{307E}\x{306E}\x{3042}\x{305F}\x{308A}\x{306B}\x{898B}\x{308C}"
            text run at (586,0) width 194: "\x{3070}\x{3001}\x{305D}\x{3053}\x{306B}\x{8A69}\x{3082}\x{751F}\x{304D}\x{3001}\x{6B4C}\x{3082}"
          RenderRuby (inline) {RUBY} at (0,0) size 18x18
            RenderRubyRun (anonymous) at (583,193) size 24x17
              RenderRubyText {RT} at (-9,0) size 14x17
                RenderText {#text} at (2,3) size 10x10
                  text run at (2,3) width 10: "\x{308F}"
              RenderRubyBase (anonymous) at (0,0) size 24x17
                RenderInline {RB} at (0,0) size 18x17
                  RenderText {#text} at (3,0) size 18x17
                    text run at (3,0) width 17: "\x{6E67}"
          RenderText {#text} at (586,210) size 18x194
            text run at (586,210) width 194: "\x{304F}\x{3002}\x{7740}\x{60F3}\x{3092}\x{7D19}\x{306B}\x{843D}\x{3055}\x{306C}\x{3068}\x{3082}"
          RenderRuby (inline) {RUBY} at (0,0) size 18x41
            RenderRubyRun (anonymous) at (583,401) size 24x46
              RenderRubyText {RT} at (-9,0) size 14x46
                RenderText {#text} at (2,0) size 10x46
                  text run at (2,0) width 46: "\x{304D}\x{3085}\x{3046}\x{305D}\x{3046}"
              RenderRubyBase (anonymous) at (0,0) size 24x46
                RenderInline {RB} at (0,0) size 18x40
                  RenderText {#text} at (3,3) size 18x24
                    text run at (3,3) width 24: "\x{7486}"
                  RenderText {#text} at (3,26) size 18x17
                    text run at (3,26) width 17: "\x{93D8}"
          RenderText {#text} at (586,443) size 18x17
            text run at (586,443) width 17: "\x{306E}"
          RenderRuby (inline) {RUBY} at (0,0) size 18x18
            RenderRubyRun (anonymous) at (583,459) size 24x19
              RenderRubyText {RT} at (-9,0) size 14x19
                RenderText {#text} at (2,0) size 10x19
                  text run at (2,0) width 19: "\x{304A}\x{3093}"
              RenderRubyBase (anonymous) at (0,0) size 24x19
                RenderInline {RB} at (0,0) size 18x17
                  RenderText {#text} at (3,1) size 18x17
                    text run at (3,1) width 17: "\x{97F3}"
          RenderText {#text} at (586,476) size 18x17
            text run at (586,476) width 17: "\x{306F}"
          RenderRuby (inline) {RUBY} at (0,0) size 18x36
            RenderRubyRun (anonymous) at (611,0) size 24x37
              RenderRubyText {RT} at (-9,0) size 14x37
                RenderText {#text} at (2,0) size 10x37
                  text run at (2,0) width 37: "\x{304D}\x{3087}\x{3046}\x{308A}"
              RenderRubyBase (anonymous) at (0,0) size 24x37
                RenderInline {RB} at (0,0) size 18x35
                  RenderText {#text} at (3,1) size 18x35
                    text run at (3,1) width 35: "\x{80F8}\x{88CF}"
          RenderText {#text} at (614,36) size 18x17
            text run at (614,36) width 17: "\x{306B}"
          RenderRuby (inline) {RUBY} at (0,0) size 18x18
            RenderRubyRun (anonymous) at (611,51) size 24x19
              RenderRubyText {RT} at (-9,0) size 14x19
                RenderText {#text} at (2,0) size 10x19
                  text run at (2,0) width 19: "\x{304A}\x{3053}"
              RenderRubyBase (anonymous) at (0,0) size 24x19
                RenderInline {RB} at (0,0) size 18x17
                  RenderText {#text} at (3,1) size 18x17
                    text run at (3,1) width 17: "\x{8D77}"
          RenderText {#text} at (614,69) size 18x33
            text run at (614,69) width 33: "\x{308B}\x{3002}"
          RenderRuby (inline) {RUBY} at (0,0) size 18x36
            RenderRubyRun (anonymous) at (611,100) size 24x37
              RenderRubyText {RT} at (-9,0) size 14x37
                RenderText {#text} at (2,0) size 10x37
                  text run at (2,0) width 37: "\x{305F}\x{3093}\x{305B}\x{3044}"
              RenderRubyBase (anonymous) at (0,0) size 24x37
                RenderInline {RB} at (0,0) size 18x35
                  RenderText {#text} at (3,1) size 18x35
                    text run at (3,1) width 35: "\x{4E39}\x{9752}"
          RenderText {#text} at (614,136) size 18x17
            text run at (614,136) width 17: "\x{306F}"
          RenderRuby (inline) {RUBY} at (0,0) size 18x34
            RenderRubyRun (anonymous) at (611,152) size 24x33
              RenderRubyText {RT} at (-9,0) size 14x33
                RenderText {#text} at (2,3) size 10x26
                  text run at (2,3) width 26: "\x{304C}\x{304B}"
              RenderRubyBase (anonymous) at (0,0) size 24x33
                RenderInline {RB} at (0,0) size 18x33
                  RenderText {#text} at (3,0) size 18x33
                    text run at (3,0) width 33: "\x{753B}\x{67B6}"
          RenderText {#text} at (614,185) size 18x65
            text run at (614,185) width 65: "\x{306B}\x{5411}\x{3063}\x{3066}"
          RenderRuby (inline) {RUBY} at (0,0) size 18x34
            RenderRubyRun (anonymous) at (611,250) size 24x33
              RenderRubyText {RT} at (-9,0) size 14x33
                RenderText {#text} at (2,0) size 10x33
                  text run at (2,0) width 32: "\x{3068}\x{307E}\x{3064}"
              RenderRubyBase (anonymous) at (0,0) size 24x33
                RenderInline {RB} at (0,0) size 18x33
                  RenderText {#text} at (3,0) size 18x33
                    text run at (3,0) width 33: "\x{5857}\x{62B9}"
          RenderText {#text} at (614,282) size 18x66
            text run at (614,282) width 65: "\x{305B}\x{3093}\x{3067}\x{3082}"
          RenderRuby (inline) {RUBY} at (0,0) size 18x34
            RenderRubyRun (anonymous) at (611,347) size 24x33
              RenderRubyText {RT} at (-9,0) size 14x33
                RenderText {#text} at (2,0) size 10x33
                  text run at (2,0) width 32: "\x{3054}\x{3055}\x{3044}"
              RenderRubyBase (anonymous) at (0,0) size 24x33
                RenderInline {RB} at (0,0) size 18x33
                  RenderText {#text} at (3,0) size 18x33
                    text run at (3,0) width 33: "\x{4E94}\x{5F69}"
          RenderText {#text} at (614,380) size 18x17
            text run at (614,380) width 17: "\x{306E}"
          RenderRuby (inline) {RUBY} at (0,0) size 18x36
            RenderRubyRun (anonymous) at (611,395) size 24x37
              RenderRubyText {RT} at (-9,0) size 14x37
                RenderText {#text} at (2,0) size 10x37
                  text run at (2,0) width 37: "\x{3051}\x{3093}\x{3089}\x{3093}"
              RenderRubyBase (anonymous) at (0,0) size 24x37
                RenderInline {RB} at (0,0) size 18x35
                  RenderText {#text} at (3,1) size 18x35
                    text run at (3,1) width 35: "\x{7D62}\x{721B}"
          RenderText {#text} at (614,431) size 18x17
            text run at (614,431) width 17: "\x{306F}"
          RenderRuby (inline) {RUBY} at (0,0) size 18x21
            RenderRubyRun (anonymous) at (611,444) size 24x28
              RenderRubyText {RT} at (-9,0) size 14x28
                RenderText {#text} at (2,0) size 10x28
                  text run at (2,0) width 28: "\x{304A}\x{306E}\x{305A}"
              RenderRubyBase (anonymous) at (0,0) size 24x28
                RenderInline {RB} at (0,0) size 18x17
                  RenderText {#text} at (3,5) size 18x17
                    text run at (3,5) width 17: "\x{81EA}"
          RenderText {#text} at (614,467) size 46x484
            text run at (614,467) width 17: "\x{304B}"
            text run at (642,0) width 17: "\x{3089}"
          RenderRuby (inline) {RUBY} at (0,0) size 18x36
            RenderRubyRun (anonymous) at (639,15) size 24x37
              RenderRubyText {RT} at (-9,0) size 14x37
                RenderText {#text} at (2,0) size 10x37
                  text run at (2,0) width 37: "\x{3057}\x{3093}\x{304C}\x{3093}"
              RenderRubyBase (anonymous) at (0,0) size 24x37
                RenderInline {RB} at (0,0) size 18x35
                  RenderText {#text} at (3,1) size 18x35
                    text run at (3,1) width 35: "\x{5FC3}\x{773C}"
          RenderText {#text} at (642,51) size 18x258
            text run at (642,51) width 258: "\x{306B}\x{6620}\x{308B}\x{3002}\x{305F}\x{3060}\x{304A}\x{306E}\x{304C}\x{4F4F}\x{3080}\x{4E16}\x{3092}\x{3001}\x{304B}\x{304F}"
          RenderRuby (inline) {RUBY} at (0,0) size 18x18
            RenderRubyRun (anonymous) at (639,308) size 24x19
              RenderRubyText {RT} at (-9,0) size 14x19
                RenderText {#text} at (2,0) size 10x19
                  text run at (2,0) width 19: "\x{304B}\x{3093}"
              RenderRubyBase (anonymous) at (0,0) size 24x19
                RenderInline {RB} at (0,0) size 18x17
                  RenderText {#text} at (3,1) size 18x17
                    text run at (3,1) width 17: "\x{89B3}"
          RenderText {#text} at (642,325) size 18x66
            text run at (642,325) width 65: "\x{3058}\x{5F97}\x{3066}\x{3001}"
          RenderRuby (inline) {RUBY} at (0,0) size 18x72
            RenderRubyRun (anonymous) at (639,389) size 24x73
              RenderRubyText {RT} at (-9,0) size 14x73
                RenderText {#text} at (2,0) size 10x73
                  text run at (2,0) width 73: "\x{308C}\x{3044}\x{3060}\x{3044}\x{307B}\x{3046}\x{3059}\x{3093}"
              RenderRubyBase (anonymous) at (0,0) size 24x73
                RenderInline {RB} at (0,0) size 18x71
                  RenderText {#text} at (3,1) size 18x71
                    text run at (3,1) width 71: "\x{970A}\x{53F0}\x{65B9}\x{5BF8}"
          RenderText {#text} at (642,461) size 46x478
            text run at (642,461) width 17: "\x{306E}"
            text run at (670,0) width 65: "\x{30AB}\x{30E1}\x{30E9}\x{306B}"
          RenderRuby (inline) {RUBY} at (0,0) size 18x72
            RenderRubyRun (anonymous) at (667,63) size 24x73
              RenderRubyText {RT} at (-9,0) size 14x73
                RenderText {#text} at (2,0) size 10x73
                  text run at (2,0) width 73: "\x{304E}\x{3087}\x{3046}\x{304D}\x{3053}\x{3093}\x{3060}\x{304F}"
              RenderRubyBase (anonymous) at (0,0) size 24x73
                RenderInline {RB} at (0,0) size 18x71
                  RenderText {#text} at (3,1) size 18x71
                    text run at (3,1) width 71: "\x{6F86}\x{5B63}\x{6EB7}\x{6FC1}"
          RenderText {#text} at (670,135) size 18x210
            text run at (670,135) width 210: "\x{306E}\x{4FD7}\x{754C}\x{3092}\x{6E05}\x{304F}\x{3046}\x{3089}\x{3089}\x{304B}\x{306B}\x{53CE}\x{3081}"
          RenderRuby (inline) {RUBY} at (0,0) size 18x18
            RenderRubyRun (anonymous) at (667,345) size 24x17
              RenderRubyText {RT} at (-9,0) size 14x17
                RenderText {#text} at (2,3) size 10x10
                  text run at (2,3) width 10: "\x{3046}"
              RenderRubyBase (anonymous) at (0,0) size 24x17
                RenderInline {RB} at (0,0) size 18x17
                  RenderText {#text} at (3,0) size 18x17
                    text run at (3,0) width 17: "\x{5F97}"
          RenderText {#text} at (670,361) size 18x34
            text run at (670,361) width 33: "\x{308C}\x{3070}"
          RenderRuby (inline) {RUBY} at (0,0) size 18x18
            RenderRubyRun (anonymous) at (667,394) size 24x17
              RenderRubyText {RT} at (-9,0) size 14x17
                RenderText {#text} at (2,3) size 10x10
                  text run at (2,3) width 10: "\x{305F}"
              RenderRubyBase (anonymous) at (0,0) size 24x17
                RenderInline {RB} at (0,0) size 18x17
                  RenderText {#text} at (3,0) size 18x17
                    text run at (3,0) width 17: "\x{8DB3}"
          RenderText {#text} at (670,411) size 46x492
            text run at (670,411) width 81: "\x{308B}\x{3002}\x{3053}\x{306E}\x{6545}"
            text run at (698,0) width 17: "\x{306B}"
          RenderRuby (inline) {RUBY} at (0,0) size 18x34
            RenderRubyRun (anonymous) at (695,16) size 24x33
              RenderRubyText {RT} at (-9,0) size 14x33
                RenderText {#text} at (2,0) size 10x33
                  text run at (2,0) width 32: "\x{3080}\x{305B}\x{3044}"
              RenderRubyBase (anonymous) at (0,0) size 24x33
                RenderInline {RB} at (0,0) size 18x33
                  RenderText {#text} at (3,0) size 18x33
                    text run at (3,0) width 33: "\x{7121}\x{58F0}"
          RenderText {#text} at (698,49) size 18x162
            text run at (698,49) width 162: "\x{306E}\x{8A69}\x{4EBA}\x{306B}\x{306F}\x{4E00}\x{53E5}\x{306A}\x{304F}\x{3001}"
          RenderRuby (inline) {RUBY} at (0,0) size 18x36
            RenderRubyRun (anonymous) at (695,209) size 24x37
              RenderRubyText {RT} at (-9,0) size 14x37
                RenderText {#text} at (2,0) size 10x37
                  text run at (2,0) width 37: "\x{3080}\x{3057}\x{3087}\x{304F}"
              RenderRubyBase (anonymous) at (0,0) size 24x37
                RenderInline {RB} at (0,0) size 18x35
                  RenderText {#text} at (3,1) size 18x35
                    text run at (3,1) width 35: "\x{7121}\x{8272}"
          RenderText {#text} at (698,245) size 18x81
            text run at (698,245) width 81: "\x{306E}\x{753B}\x{5BB6}\x{306B}\x{306F}"
          RenderRuby (inline) {RUBY} at (0,0) size 18x36
            RenderRubyRun (anonymous) at (695,325) size 24x37
              RenderRubyText {RT} at (-9,0) size 14x37
                RenderText {#text} at (2,0) size 10x37
                  text run at (2,0) width 37: "\x{305B}\x{3063}\x{3051}\x{3093}"
              RenderRubyBase (anonymous) at (0,0) size 24x37
                RenderInline {RB} at (0,0) size 18x35
                  RenderText {#text} at (3,1) size 18x35
                    text run at (3,1) width 35: "\x{5C3A}\x{7E11}"
          RenderText {#text} at (698,360) size 18x98
            text run at (698,360) width 97: "\x{306A}\x{304D}\x{3082}\x{3001}\x{304B}\x{304F}"
          RenderRuby (inline) {RUBY} at (0,0) size 18x36
            RenderRubyRun (anonymous) at (723,0) size 24x37
              RenderRubyText {RT} at (-9,0) size 14x37
                RenderText {#text} at (2,0) size 10x37
                  text run at (2,0) width 37: "\x{3058}\x{3093}\x{305B}\x{3044}"
              RenderRubyBase (anonymous) at (0,0) size 24x37
                RenderInline {RB} at (0,0) size 18x35
                  RenderText {#text} at (3,1) size 18x35
                    text run at (3,1) width 35: "\x{4EBA}\x{4E16}"
          RenderText {#text} at (726,36) size 18x226
            text run at (726,36) width 226: "\x{3092}\x{89B3}\x{3058}\x{5F97}\x{308B}\x{306E}\x{70B9}\x{306B}\x{304A}\x{3044}\x{3066}\x{3001}\x{304B}\x{304F}"
          RenderRuby (inline) {RUBY} at (0,0) size 18x36
            RenderRubyRun (anonymous) at (723,261) size 24x37
              RenderRubyText {RT} at (-9,0) size 14x37
                RenderText {#text} at (2,0) size 10x37
                  text run at (2,0) width 37: "\x{307C}\x{3093}\x{306E}\x{3046}"
              RenderRubyBase (anonymous) at (0,0) size 24x37
                RenderInline {RB} at (0,0) size 18x35
                  RenderText {#text} at (3,1) size 18x35
                    text run at (3,1) width 35: "\x{7169}\x{60A9}"
          RenderText {#text} at (726,296) size 18x17
            text run at (726,296) width 17: "\x{3092}"
          RenderRuby (inline) {RUBY} at (0,0) size 18x34
            RenderRubyRun (anonymous) at (723,313) size 24x33
              RenderRubyText {RT} at (-9,0) size 14x33
                RenderText {#text} at (2,0) size 10x33
                  text run at (2,0) width 32: "\x{3052}\x{3060}\x{3064}"
              RenderRubyBase (anonymous) at (0,0) size 24x33
                RenderInline {RB} at (0,0) size 18x33
                  RenderText {#text} at (3,0) size 18x33
                    text run at (3,0) width 33: "\x{89E3}\x{8131}"
          RenderText {#text} at (726,345) size 46x491
            text run at (726,345) width 146: "\x{3059}\x{308B}\x{306E}\x{70B9}\x{306B}\x{304A}\x{3044}\x{3066}\x{3001}"
            text run at (754,0) width 33: "\x{304B}\x{304F}"
          RenderRuby (inline) {RUBY} at (0,0) size 18x66
            RenderRubyRun (anonymous) at (751,28) size 24x73
              RenderRubyText {RT} at (-9,0) size 14x73
                RenderText {#text} at (2,0) size 10x73
                  text run at (2,0) width 73: "\x{3057}\x{3087}\x{3046}\x{3058}\x{3087}\x{3046}\x{304B}\x{3044}"
              RenderRubyBase (anonymous) at (0,0) size 24x73
                RenderInline {RB} at (0,0) size 18x65
                  RenderText {#text} at (3,4) size 18x65
                    text run at (3,4) width 65: "\x{6E05}\x{6D44}\x{754C}"
          RenderText {#text} at (754,97) size 18x17
            text run at (754,97) width 17: "\x{306B}"
          RenderRuby (inline) {RUBY} at (0,0) size 18x48
            RenderRubyRun (anonymous) at (751,109) size 24x55
              RenderRubyText {RT} at (-9,0) size 14x55
                RenderText {#text} at (2,0) size 10x55
                  text run at (2,0) width 55: "\x{3057}\x{3085}\x{3064}\x{306B}\x{3085}\x{3046}"
              RenderRubyBase (anonymous) at (0,0) size 24x55
                RenderInline {RB} at (0,0) size 18x44
                  RenderText {#text} at (3,5) size 18x44
                    text run at (3,5) width 44: "\x{51FA}\x{5165}"
          RenderText {#text} at (754,160) size 18x226
            text run at (754,160) width 226: "\x{3057}\x{5F97}\x{308B}\x{306E}\x{70B9}\x{306B}\x{304A}\x{3044}\x{3066}\x{3001}\x{307E}\x{305F}\x{3053}\x{306E}"
          RenderRuby (inline) {RUBY} at (0,0) size 18x66
            RenderRubyRun (anonymous) at (751,386) size 24x65
              RenderRubyText {RT} at (-9,0) size 14x65
                RenderText {#text} at (2,1) size 10x62
                  text run at (2,1) width 61: "\x{3075}\x{3069}\x{3046}\x{3075}\x{3058}"
              RenderRubyBase (anonymous) at (0,0) size 24x65
                RenderInline {RB} at (0,0) size 18x65
                  RenderText {#text} at (3,0) size 18x65
                    text run at (3,0) width 65: "\x{4E0D}\x{540C}\x{4E0D}\x{4E8C}"
          RenderText {#text} at (754,450) size 18x18
            text run at (754,450) width 17: "\x{306E}"
          RenderRuby (inline) {RUBY} at (0,0) size 18x36
            RenderRubyRun (anonymous) at (779,0) size 24x37
              RenderRubyText {RT} at (-9,0) size 14x37
                RenderText {#text} at (2,0) size 10x37
                  text run at (2,0) width 37: "\x{3051}\x{3093}\x{3053}\x{3093}"
              RenderRubyBase (anonymous) at (0,0) size 24x37
                RenderInline {RB} at (0,0) size 18x35
                  RenderText {#text} at (3,1) size 18x35
                    text run at (3,1) width 35: "\x{4E7E}\x{5764}"
          RenderText {#text} at (782,36) size 18x17
            text run at (782,36) width 17: "\x{3092}"
          RenderRuby (inline) {RUBY} at (0,0) size 18x41
            RenderRubyRun (anonymous) at (779,49) size 24x46
              RenderRubyText {RT} at (-9,0) size 14x46
                RenderText {#text} at (2,0) size 10x46
                  text run at (2,0) width 46: "\x{3053}\x{3093}\x{308A}\x{3085}\x{3046}"
              RenderRubyBase (anonymous) at (0,0) size 24x46
                RenderInline {RB} at (0,0) size 18x40
                  RenderText {#text} at (3,3) size 18x40
                    text run at (3,3) width 40: "\x{5EFA}\x{7ACB}"
          RenderText {#text} at (782,92) size 18x162
            text run at (782,92) width 162: "\x{3057}\x{5F97}\x{308B}\x{306E}\x{70B9}\x{306B}\x{304A}\x{3044}\x{3066}\x{3001}"
          RenderRuby (inline) {RUBY} at (0,0) size 18x66
            RenderRubyRun (anonymous) at (779,253) size 24x65
              RenderRubyText {RT} at (-9,0) size 14x65
                RenderText {#text} at (2,1) size 10x62
                  text run at (2,1) width 61: "\x{304C}\x{308A}\x{3057}\x{3088}\x{304F}"
              RenderRubyBase (anonymous) at (0,0) size 24x65
                RenderInline {RB} at (0,0) size 18x65
                  RenderText {#text} at (3,0) size 18x65
                    text run at (3,0) width 65: "\x{6211}\x{5229}\x{79C1}\x{617E}"
          RenderText {#text} at (782,318) size 18x17
            text run at (782,318) width 17: "\x{306E}"
          RenderRuby (inline) {RUBY} at (0,0) size 18x34
            RenderRubyRun (anonymous) at (779,334) size 24x33
              RenderRubyText {RT} at (-9,0) size 14x33
                RenderText {#text} at (2,0) size 10x33
                  text run at (2,0) width 32: "\x{304D}\x{306F}\x{3093}"
              RenderRubyBase (anonymous) at (0,0) size 24x33
                RenderInline {RB} at (0,0) size 18x33
                  RenderText {#text} at (3,0) size 18x33
                    text run at (3,0) width 33: "\x{898A}\x{7D46}"
          RenderText {#text} at (782,367) size 18x17
            text run at (782,367) width 17: "\x{3092}"
          RenderRuby (inline) {RUBY} at (0,0) size 18x36
            RenderRubyRun (anonymous) at (779,382) size 24x37
              RenderRubyText {RT} at (-9,0) size 14x37
                RenderText {#text} at (2,0) size 10x37
                  text run at (2,0) width 37: "\x{305D}\x{3046}\x{3068}\x{3046}"
              RenderRubyBase (anonymous) at (0,0) size 24x37
                RenderInline {RB} at (0,0) size 18x35
                  RenderText {#text} at (3,1) size 18x35
                    text run at (3,1) width 35: "\x{6383}\x{8569}"
          RenderText {#text} at (782,418) size 46x483
            text run at (782,418) width 65: "\x{3059}\x{308B}\x{306E}\x{70B9}"
            text run at (810,0) width 113: "\x{306B}\x{304A}\x{3044}\x{3066}\x{3001}\x{2015}\x{2015}"
          RenderRuby (inline) {RUBY} at (0,0) size 18x36
            RenderRubyRun (anonymous) at (807,112) size 24x37
              RenderRubyText {RT} at (-9,0) size 14x37
                RenderText {#text} at (2,0) size 10x37
                  text run at (2,0) width 37: "\x{305B}\x{3093}\x{304D}\x{3093}"
              RenderRubyBase (anonymous) at (0,0) size 24x37
                RenderInline {RB} at (0,0) size 18x35
                  RenderText {#text} at (3,1) size 18x35
                    text run at (3,1) width 35: "\x{5343}\x{91D1}"
          RenderText {#text} at (810,147) size 18x98
            text run at (810,147) width 97: "\x{306E}\x{5B50}\x{3088}\x{308A}\x{3082}\x{3001}"
          RenderRuby (inline) {RUBY} at (0,0) size 18x41
            RenderRubyRun (anonymous) at (807,241) size 24x46
              RenderRubyText {RT} at (-9,0) size 14x46
                RenderText {#text} at (2,0) size 10x46
                  text run at (2,0) width 46: "\x{3070}\x{3093}\x{3058}\x{3087}\x{3046}"
              RenderRubyBase (anonymous) at (0,0) size 24x46
                RenderInline {RB} at (0,0) size 18x40
                  RenderText {#text} at (3,3) size 18x40
                    text run at (3,3) width 40: "\x{4E07}\x{4E57}"
          RenderText {#text} at (810,284) size 46x478
            text run at (810,284) width 194: "\x{306E}\x{541B}\x{3088}\x{308A}\x{3082}\x{3001}\x{3042}\x{3089}\x{3086}\x{308B}\x{4FD7}\x{754C}"
            text run at (838,0) width 17: "\x{306E}"
          RenderRuby (inline) {RUBY} at (0,0) size 18x36
            RenderRubyRun (anonymous) at (835,15) size 24x37
              RenderRubyText {RT} at (-9,0) size 14x37
                RenderText {#text} at (2,0) size 10x37
                  text run at (2,0) width 37: "\x{3061}\x{3087}\x{3046}\x{3058}"
              RenderRubyBase (anonymous) at (0,0) size 24x37
                RenderInline {RB} at (0,0) size 18x35
                  RenderText {#text} at (3,1) size 18x35
                    text run at (3,1) width 35: "\x{5BF5}\x{5150}"
          RenderText {#text} at (838,51) size 18x146
            text run at (838,51) width 146: "\x{3088}\x{308A}\x{3082}\x{5E78}\x{798F}\x{3067}\x{3042}\x{308B}\x{3002}"
          RenderBR {BR} at (838,196) size 18x1
          RenderText {#text} at (866,0) size 18x274
            text run at (866,0) width 274: "\x{3000}\x{4E16}\x{306B}\x{4F4F}\x{3080}\x{3053}\x{3068}\x{4E8C}\x{5341}\x{5E74}\x{306B}\x{3057}\x{3066}\x{3001}\x{4F4F}\x{3080}\x{306B}"
          RenderRuby (inline) {RUBY} at (0,0) size 18x34
            RenderRubyRun (anonymous) at (863,274) size 24x33
              RenderRubyText {RT} at (-9,0) size 14x33
                RenderText {#text} at (2,3) size 10x26
                  text run at (2,3) width 26: "\x{304B}\x{3044}"
              RenderRubyBase (anonymous) at (0,0) size 24x33
                RenderInline {RB} at (0,0) size 18x33
                  RenderText {#text} at (3,0) size 18x33
                    text run at (3,0) width 33: "\x{7532}\x{6590}"
          RenderText {#text} at (866,306) size 46x485
            text run at (866,306) width 178: "\x{3042}\x{308B}\x{4E16}\x{3068}\x{77E5}\x{3063}\x{305F}\x{3002}\x{4E8C}\x{5341}\x{4E94}"
            text run at (894,0) width 113: "\x{5E74}\x{306B}\x{3057}\x{3066}\x{660E}\x{6697}\x{306F}"
          RenderRuby (inline) {RUBY} at (0,0) size 18x36
            RenderRubyRun (anonymous) at (891,112) size 24x37
              RenderRubyText {RT} at (-9,0) size 14x37
                RenderText {#text} at (2,0) size 10x37
                  text run at (2,0) width 37: "\x{3072}\x{3087}\x{3046}\x{308A}"
              RenderRubyBase (anonymous) at (0,0) size 24x37
                RenderInline {RB} at (0,0) size 18x35
                  RenderText {#text} at (3,1) size 18x35
                    text run at (3,1) width 35: "\x{8868}\x{88CF}"
          RenderText {#text} at (894,147) size 46x487
            text run at (894,147) width 339: "\x{306E}\x{3054}\x{3068}\x{304F}\x{3001}\x{65E5}\x{306E}\x{3042}\x{305F}\x{308B}\x{6240}\x{306B}\x{306F}\x{304D}\x{3063}\x{3068}\x{5F71}\x{304C}\x{3055}\x{3059}\x{3068}"
            text run at (922,0) width 113: "\x{609F}\x{3063}\x{305F}\x{3002}\x{4E09}\x{5341}\x{306E}"
          RenderRuby (inline) {RUBY} at (0,0) size 18x36
            RenderRubyRun (anonymous) at (919,112) size 24x37
              RenderRubyText {RT} at (-9,0) size 14x37
                RenderText {#text} at (2,0) size 10x37
                  text run at (2,0) width 37: "\x{3053}\x{3093}\x{306B}\x{3061}"
              RenderRubyBase (anonymous) at (0,0) size 24x37
                RenderInline {RB} at (0,0) size 18x35
                  RenderText {#text} at (3,1) size 18x35
                    text run at (3,1) width 35: "\x{4ECA}\x{65E5}"
          RenderText {#text} at (922,147) size 18x291
            text run at (922,147) width 290: "\x{306F}\x{3053}\x{3046}\x{601D}\x{3046}\x{3066}\x{3044}\x{308B}\x{3002}\x{2015}\x{2015}\x{559C}\x{3073}\x{306E}\x{6DF1}\x{304D}\x{3068}\x{304D}"
          RenderRuby (inline) {RUBY} at (0,0) size 18x21
            RenderRubyRun (anonymous) at (919,434) size 24x28
              RenderRubyText {RT} at (-9,0) size 14x28
                RenderText {#text} at (2,0) size 10x28
                  text run at (2,0) width 28: "\x{3046}\x{308C}\x{3044}"
              RenderRubyBase (anonymous) at (0,0) size 24x28
                RenderInline {RB} at (0,0) size 18x17
                  RenderText {#text} at (3,5) size 18x17
                    text run at (3,5) width 17: "\x{6182}"
          RenderText {#text} at (922,457) size 46x490
            text run at (922,457) width 33: "\x{3044}\x{3088}"
            text run at (950,0) width 81: "\x{3044}\x{3088}\x{6DF1}\x{304F}\x{3001}"
          RenderRuby (inline) {RUBY} at (0,0) size 18x21
            RenderRubyRun (anonymous) at (947,77) size 24x28
              RenderRubyText {RT} at (-9,0) size 14x28
                RenderText {#text} at (2,0) size 10x28
                  text run at (2,0) width 28: "\x{305F}\x{306E}\x{3057}"
              RenderRubyBase (anonymous) at (0,0) size 24x28
                RenderInline {RB} at (0,0) size 18x17
                  RenderText {#text} at (3,5) size 18x17
                    text run at (3,5) width 17: "\x{697D}"
          RenderText {#text} at (950,100) size 46x488
            text run at (950,100) width 387: "\x{307F}\x{306E}\x{5927}\x{3044}\x{306A}\x{308B}\x{307B}\x{3069}\x{82E6}\x{3057}\x{307F}\x{3082}\x{5927}\x{304D}\x{3044}\x{3002}\x{3053}\x{308C}\x{3092}\x{5207}\x{308A}\x{653E}\x{305D}\x{3046}"
            text run at (978,0) width 162: "\x{3068}\x{3059}\x{308B}\x{3068}\x{8EAB}\x{304C}\x{6301}\x{3066}\x{306C}\x{3002}"
          RenderRuby (inline) {RUBY} at (0,0) size 18x18
            RenderRubyRun (anonymous) at (975,160) size 24x19
              RenderRubyText {RT} at (-9,0) size 14x19
                RenderText {#text} at (2,0) size 10x19
                  text run at (2,0) width 19: "\x{304B}\x{305F}"
              RenderRubyBase (anonymous) at (0,0) size 24x19
                RenderInline {RB} at (0,0) size 18x17
                  RenderText {#text} at (3,1) size 18x17
                    text run at (3,1) width 17: "\x{7247}"
          RenderText {#text} at (978,178) size 46x469
            text run at (978,178) width 291: "\x{3065}\x{3051}\x{3088}\x{3046}\x{3068}\x{3059}\x{308C}\x{3070}\x{4E16}\x{304C}\x{7ACB}\x{305F}\x{306C}\x{3002}\x{91D1}\x{306F}\x{5927}\x{4E8B}"
            text run at (1006,0) width 129: "\x{3060}\x{3001}\x{5927}\x{4E8B}\x{306A}\x{3082}\x{306E}\x{304C}"
          RenderRuby (inline) {RUBY} at (0,0) size 18x18
            RenderRubyRun (anonymous) at (1003,129) size 24x17
              RenderRubyText {RT} at (-9,0) size 14x17
                RenderText {#text} at (2,3) size 10x10
                  text run at (2,3) width 10: "\x{3075}"
              RenderRubyBase (anonymous) at (0,0) size 24x17
                RenderInline {RB} at (0,0) size 18x17
                  RenderText {#text} at (3,0) size 18x17
                    text run at (3,0) width 17: "\x{6B96}"
          RenderText {#text} at (1006,145) size 18x50
            text run at (1006,145) width 49: "\x{3048}\x{308C}\x{3070}"
          RenderRuby (inline) {RUBY} at (0,0) size 18x18
            RenderRubyRun (anonymous) at (1003,194) size 24x17
              RenderRubyText {RT} at (-9,0) size 14x17
                RenderText {#text} at (2,3) size 10x10
                  text run at (2,3) width 10: "\x{306D}"
              RenderRubyBase (anonymous) at (0,0) size 24x17
                RenderInline {RB} at (0,0) size 18x17
                  RenderText {#text} at (3,0) size 18x17
                    text run at (3,0) width 17: "\x{5BDD}"
          RenderText {#text} at (1006,211) size 18x17
            text run at (1006,211) width 17: "\x{308B}"
          RenderRuby (inline) {RUBY} at (0,0) size 18x18
            RenderRubyRun (anonymous) at (1003,227) size 24x17
              RenderRubyText {RT} at (-9,0) size 14x17
                RenderText {#text} at (2,3) size 10x10
                  text run at (2,3) width 10: "\x{307E}"
              RenderRubyBase (anonymous) at (0,0) size 24x17
                RenderInline {RB} at (0,0) size 18x17
                  RenderText {#text} at (3,0) size 18x17
                    text run at (3,0) width 17: "\x{9593}"
          RenderText {#text} at (1006,244) size 70x487
            text run at (1006,244) width 242: "\x{3082}\x{5FC3}\x{914D}\x{3060}\x{308D}\x{3046}\x{3002}\x{604B}\x{306F}\x{3046}\x{308C}\x{3057}\x{3044}\x{3001}\x{5B09}"
            text run at (1030,0) width 484: "\x{3057}\x{3044}\x{604B}\x{304C}\x{7A4D}\x{3082}\x{308C}\x{3070}\x{3001}\x{604B}\x{3092}\x{305B}\x{306C}\x{6614}\x{304C}\x{304B}\x{3048}\x{3063}\x{3066}\x{604B}\x{3057}\x{304B}\x{308D}\x{3002}\x{95A3}\x{50DA}\x{306E}\x{80A9}\x{306F}\x{6570}"
            text run at (1058,0) width 97: "\x{767E}\x{4E07}\x{4EBA}\x{306E}\x{8DB3}\x{3092}"
          RenderRuby (inline) {RUBY} at (0,0) size 18x18
            RenderRubyRun (anonymous) at (1055,96) size 24x19
              RenderRubyText {RT} at (-9,0) size 14x19
                RenderText {#text} at (2,0) size 10x19
                  text run at (2,0) width 19: "\x{3055}\x{3055}"
              RenderRubyBase (anonymous) at (0,0) size 24x19
                RenderInline {RB} at (0,0) size 18x17
                  RenderText {#text} at (3,1) size 18x17
                    text run at (3,1) width 17: "\x{652F}"
          RenderText {#text} at (1058,113) size 18x82
            text run at (1058,113) width 81: "\x{3048}\x{3066}\x{3044}\x{308B}\x{3002}"
          RenderRuby (inline) {RUBY} at (0,0) size 18x34
            RenderRubyRun (anonymous) at (1055,194) size 24x33
              RenderRubyText {RT} at (-9,0) size 14x33
                RenderText {#text} at (2,0) size 10x33
                  text run at (2,0) width 32: "\x{305B}\x{306A}\x{304B}"
              RenderRubyBase (anonymous) at (0,0) size 24x33
                RenderInline {RB} at (0,0) size 18x33
                  RenderText {#text} at (3,0) size 18x33
                    text run at (3,0) width 33: "\x{80CC}\x{4E2D}"
          RenderText {#text} at (1058,227) size 46x486
            text run at (1058,227) width 258: "\x{306B}\x{306F}\x{91CD}\x{3044}\x{5929}\x{4E0B}\x{304C}\x{304A}\x{3076}\x{3055}\x{3063}\x{3066}\x{3044}\x{308B}\x{3002}\x{3046}"
            text run at (1086,0) width 274: "\x{307E}\x{3044}\x{7269}\x{3082}\x{98DF}\x{308F}\x{306D}\x{3070}\x{60DC}\x{3057}\x{3044}\x{3002}\x{5C11}\x{3057}\x{98DF}\x{3048}\x{3070}"
          RenderRuby (inline) {RUBY} at (0,0) size 18x18
            RenderRubyRun (anonymous) at (1083,274) size 24x17
              RenderRubyText {RT} at (-9,0) size 14x17
                RenderText {#text} at (2,3) size 10x10
                  text run at (2,3) width 10: "\x{3042}"
              RenderRubyBase (anonymous) at (0,0) size 24x17
                RenderInline {RB} at (0,0) size 18x17
                  RenderText {#text} at (3,0) size 18x17
                    text run at (3,0) width 17: "\x{98FD}"
          RenderText {#text} at (1086,290) size 18x18
            text run at (1086,290) width 17: "\x{304D}"
          RenderRuby (inline) {RUBY} at (0,0) size 18x18
            RenderRubyRun (anonymous) at (1083,307) size 24x17
              RenderRubyText {RT} at (-9,0) size 14x17
                RenderText {#text} at (2,3) size 10x10
                  text run at (2,3) width 10: "\x{305F}"
              RenderRubyBase (anonymous) at (0,0) size 24x17
                RenderInline {RB} at (0,0) size 18x17
                  RenderText {#text} at (3,0) size 18x17
                    text run at (3,0) width 17: "\x{8DB3}"
          RenderText {#text} at (1086,324) size 42x486
            text run at (1086,324) width 162: "\x{3089}\x{306C}\x{3002}\x{5B58}\x{5206}\x{98DF}\x{3048}\x{3070}\x{3042}\x{3068}"
            text run at (1110,0) width 129: "\x{304C}\x{4E0D}\x{6109}\x{5FEB}\x{3060}\x{3002}\x{2026}\x{2026}"
          RenderBR {BR} at (1110,128) size 18x1
          RenderText {#text} at (1138,0) size 18x17
            text run at (1138,0) width 17: "\x{3000}"
          RenderRuby (inline) {RUBY} at (0,0) size 18x18
            RenderRubyRun (anonymous) at (1135,16) size 24x17
              RenderRubyText {RT} at (-9,0) size 14x17
                RenderText {#text} at (2,3) size 10x10
                  text run at (2,3) width 10: "\x{3088}"
              RenderRubyBase (anonymous) at (0,0) size 24x17
                RenderInline {RB} at (0,0) size 18x17
                  RenderText {#text} at (3,0) size 18x17
                    text run at (3,0) width 17: "\x{4F59}"
          RenderText {#text} at (1138,33) size 18x17
            text run at (1138,33) width 17: "\x{306E}"
          RenderRuby (inline) {RUBY} at (0,0) size 18x30
            RenderRubyRun (anonymous) at (1135,45) size 24x37
              RenderRubyText {RT} at (-9,0) size 14x37
                RenderText {#text} at (2,0) size 10x37
                  text run at (2,0) width 37: "\x{304B}\x{3093}\x{304C}\x{3048}"
              RenderRubyBase (anonymous) at (0,0) size 24x37
                RenderInline {RB} at (0,0) size 18x17
                  RenderText {#text} at (3,10) size 18x17
                    text run at (3,10) width 17: "\x{8003}"
          RenderText {#text} at (1138,78) size 18x259
            text run at (1138,78) width 258: "\x{304C}\x{3053}\x{3053}\x{307E}\x{3067}\x{6F02}\x{6D41}\x{3057}\x{3066}\x{6765}\x{305F}\x{6642}\x{306B}\x{3001}\x{4F59}\x{306E}"
          RenderRuby (inline) {RUBY} at (0,0) size 18x34
            RenderRubyRun (anonymous) at (1135,336) size 24x33
              RenderRubyText {RT} at (-9,0) size 14x33
                RenderText {#text} at (2,0) size 10x33
                  text run at (2,0) width 32: "\x{3046}\x{305D}\x{304F}"
              RenderRubyBase (anonymous) at (0,0) size 24x33
                RenderInline {RB} at (0,0) size 18x33
                  RenderText {#text} at (3,0) size 18x33
                    text run at (3,0) width 33: "\x{53F3}\x{8DB3}"
          RenderText {#text} at (1138,369) size 18x49
            text run at (1138,369) width 49: "\x{306F}\x{7A81}\x{7136}"
          RenderRuby (inline) {RUBY} at (0,0) size 18x18
            RenderRubyRun (anonymous) at (1135,416) size 24x19
              RenderRubyText {RT} at (-9,0) size 14x19
                RenderText {#text} at (2,0) size 10x19
                  text run at (2,0) width 19: "\x{3059}\x{308F}"
              RenderRubyBase (anonymous) at (0,0) size 24x19
                RenderInline {RB} at (0,0) size 18x17
                  RenderText {#text} at (3,1) size 18x17
                    text run at (3,1) width 17: "\x{5750}"
          RenderText {#text} at (1138,434) size 46x483
            text run at (1138,434) width 49: "\x{308A}\x{306E}\x{308F}"
            text run at (1166,0) width 33: "\x{308B}\x{3044}"
          RenderRuby (inline) {RUBY} at (0,0) size 18x36
            RenderRubyRun (anonymous) at (1163,31) size 24x37
              RenderRubyText {RT} at (-9,0) size 14x37
                RenderText {#text} at (2,0) size 10x37
                  text run at (2,0) width 37: "\x{304B}\x{304F}\x{3044}\x{3057}"
              RenderRubyBase (anonymous) at (0,0) size 24x37
                RenderInline {RB} at (0,0) size 18x35
                  RenderText {#text} at (3,1) size 18x35
                    text run at (3,1) width 35: "\x{89D2}\x{77F3}"
          RenderText {#text} at (1166,67) size 18x17
            text run at (1166,67) width 17: "\x{306E}"
          RenderRuby (inline) {RUBY} at (0,0) size 18x18
            RenderRubyRun (anonymous) at (1163,82) size 24x19
              RenderRubyText {RT} at (-9,0) size 14x19
                RenderText {#text} at (2,0) size 10x19
                  text run at (2,0) width 19: "\x{306F}\x{3057}"
              RenderRubyBase (anonymous) at (0,0) size 24x19
                RenderInline {RB} at (0,0) size 18x17
                  RenderText {#text} at (3,1) size 18x17
                    text run at (3,1) width 17: "\x{7AEF}"
          RenderText {#text} at (1166,100) size 18x49
            text run at (1166,100) width 49: "\x{3092}\x{8E0F}\x{307F}"
          RenderRuby (inline) {RUBY} at (0,0) size 18x18
            RenderRubyRun (anonymous) at (1163,149) size 24x17
              RenderRubyText {RT} at (-9,0) size 14x17
                RenderText {#text} at (2,3) size 10x10
                  text run at (2,3) width 10: "\x{305D}"
              RenderRubyBase (anonymous) at (0,0) size 24x17
                RenderInline {RB} at (0,0) size 18x17
                  RenderText {#text} at (3,0) size 18x17
                    text run at (3,0) width 17: "\x{640D}"
          RenderText {#text} at (1166,165) size 18x82
            text run at (1166,165) width 81: "\x{304F}\x{306A}\x{3063}\x{305F}\x{3002}"
          RenderRuby (inline) {RUBY} at (0,0) size 18x36
            RenderRubyRun (anonymous) at (1163,245) size 24x37
              RenderRubyText {RT} at (-9,0) size 14x37
                RenderText {#text} at (2,0) size 10x37
                  text run at (2,0) width 37: "\x{3078}\x{3044}\x{3053}\x{3046}"
              RenderRubyBase (anonymous) at (0,0) size 24x37
                RenderInline {RB} at (0,0) size 18x35
                  RenderText {#text} at (3,1) size 18x35
                    text run at (3,1) width 35: "\x{5E73}\x{8861}"
          RenderText {#text} at (1166,281) size 46x491
            text run at (1166,281) width 210: "\x{3092}\x{4FDD}\x{3064}\x{305F}\x{3081}\x{306B}\x{3001}\x{3059}\x{308F}\x{3084}\x{3068}\x{524D}\x{306B}"
            text run at (1194,0) width 81: "\x{98DB}\x{3073}\x{51FA}\x{3057}\x{305F}"
          RenderRuby (inline) {RUBY} at (0,0) size 18x34
            RenderRubyRun (anonymous) at (1191,81) size 24x33
              RenderRubyText {RT} at (-9,0) size 14x33
                RenderText {#text} at (2,0) size 10x33
                  text run at (2,0) width 32: "\x{3055}\x{305D}\x{304F}"
              RenderRubyBase (anonymous) at (0,0) size 24x33
                RenderInline {RB} at (0,0) size 18x33
                  RenderText {#text} at (3,0) size 18x33
                    text run at (3,0) width 33: "\x{5DE6}\x{8DB3}"
          RenderText {#text} at (1194,113) size 18x33
            text run at (1194,113) width 33: "\x{304C}\x{3001}"
          RenderRuby (inline) {RUBY} at (0,0) size 18x34
            RenderRubyRun (anonymous) at (1191,146) size 24x33
              RenderRubyText {RT} at (-9,0) size 14x33
                RenderText {#text} at (2,0) size 10x33
                  text run at (2,0) width 32: "\x{3057}\x{305D}\x{3093}"
              RenderRubyBase (anonymous) at (0,0) size 24x33
                RenderInline {RB} at (0,0) size 18x33
                  RenderText {#text} at (3,0) size 18x33
                    text run at (3,0) width 33: "\x{4ED5}\x{640D}"
          RenderText {#text} at (1194,178) size 18x34
            text run at (1194,178) width 33: "\x{3058}\x{306E}"
          RenderRuby (inline) {RUBY} at (0,0) size 18x18
            RenderRubyRun (anonymous) at (1191,211) size 24x17
              RenderRubyText {RT} at (-9,0) size 14x17
                RenderText {#text} at (2,3) size 10x10
                  text run at (2,3) width 10: "\x{3046}"
              RenderRubyBase (anonymous) at (0,0) size 24x17
                RenderInline {RB} at (0,0) size 18x17
                  RenderText {#text} at (3,0) size 18x17
                    text run at (3,0) width 17: "\x{57CB}"
          RenderText {#text} at (1194,228) size 18x17
            text run at (1194,228) width 17: "\x{3081}"
          RenderRuby (inline) {RUBY} at (0,0) size 18x18
            RenderRubyRun (anonymous) at (1191,243) size 24x19
              RenderRubyText {RT} at (-9,0) size 14x19
                RenderText {#text} at (2,0) size 10x19
                  text run at (2,0) width 19: "\x{3042}\x{308F}"
              RenderRubyBase (anonymous) at (0,0) size 24x19
                RenderInline {RB} at (0,0) size 18x17
                  RenderText {#text} at (3,1) size 18x17
                    text run at (3,1) width 17: "\x{5408}"
          RenderText {#text} at (1194,261) size 46x487
            text run at (1194,261) width 226: "\x{305B}\x{3092}\x{3059}\x{308B}\x{3068}\x{5171}\x{306B}\x{3001}\x{4F59}\x{306E}\x{8170}\x{306F}\x{5177}\x{5408}"
            text run at (1222,0) width 33: "\x{3088}\x{304F}"
          RenderRuby (inline) {RUBY} at (0,0) size 18x18
            RenderRubyRun (anonymous) at (1219,31) size 24x19
              RenderRubyText {RT} at (-9,0) size 14x19
                RenderText {#text} at (2,0) size 10x19
                  text run at (2,0) width 19: "\x{307B}\x{3046}"
              RenderRubyBase (anonymous) at (0,0) size 24x19
                RenderInline {RB} at (0,0) size 18x17
                  RenderText {#text} at (3,1) size 18x17
                    text run at (3,1) width 17: "\x{65B9}"
          RenderText {#text} at (1222,49) size 18x146
            text run at (1222,49) width 146: "\x{4E09}\x{5C3A}\x{307B}\x{3069}\x{306A}\x{5CA9}\x{306E}\x{4E0A}\x{306B}"
          RenderRuby (inline) {RUBY} at (0,0) size 18x18
            RenderRubyRun (anonymous) at (1219,194) size 24x17
              RenderRubyText {RT} at (-9,0) size 14x17
                RenderText {#text} at (2,3) size 10x10
                  text run at (2,3) width 10: "\x{304A}"
              RenderRubyBase (anonymous) at (0,0) size 24x17
                RenderInline {RB} at (0,0) size 18x17
                  RenderText {#text} at (3,0) size 18x17
                    text run at (3,0) width 17: "\x{5378}"
          RenderText {#text} at (1222,211) size 18x210
            text run at (1222,211) width 210: "\x{308A}\x{305F}\x{3002}\x{80A9}\x{306B}\x{304B}\x{3051}\x{305F}\x{7D75}\x{306E}\x{5177}\x{7BB1}\x{304C}"
          RenderRuby (inline) {RUBY} at (0,0) size 18x18
            RenderRubyRun (anonymous) at (1219,420) size 24x19
              RenderRubyText {RT} at (-9,0) size 14x19
                RenderText {#text} at (2,0) size 10x19
                  text run at (2,0) width 19: "\x{308F}\x{304D}"
              RenderRubyBase (anonymous) at (0,0) size 24x19
                RenderInline {RB} at (0,0) size 18x17
                  RenderText {#text} at (3,1) size 18x17
                    text run at (3,1) width 17: "\x{814B}"
          RenderText {#text} at (1222,437) size 46x487
            text run at (1222,437) width 49: "\x{306E}\x{4E0B}\x{304B}"
            text run at (1250,0) width 17: "\x{3089}"
          RenderRuby (inline) {RUBY} at (0,0) size 18x18
            RenderRubyRun (anonymous) at (1247,15) size 24x19
              RenderRubyText {RT} at (-9,0) size 14x19
                RenderText {#text} at (2,0) size 10x19
                  text run at (2,0) width 19: "\x{304A}\x{3069}"
              RenderRubyBase (anonymous) at (0,0) size 24x19
                RenderInline {RB} at (0,0) size 18x17
                  RenderText {#text} at (3,1) size 18x17
                    text run at (3,1) width 17: "\x{8E8D}"
          RenderText {#text} at (1250,33) size 18x178
            text run at (1250,33) width 178: "\x{308A}\x{51FA}\x{3057}\x{305F}\x{3060}\x{3051}\x{3067}\x{3001}\x{5E78}\x{3044}\x{3068}"
          RenderRuby (inline) {RUBY} at (0,0) size 18x18
            RenderRubyRun (anonymous) at (1247,209) size 24x19
              RenderRubyText {RT} at (-9,0) size 14x19
                RenderText {#text} at (2,0) size 10x19
                  text run at (2,0) width 19: "\x{306A}\x{3093}"
              RenderRubyBase (anonymous) at (0,0) size 24x19
                RenderInline {RB} at (0,0) size 18x17
                  RenderText {#text} at (3,1) size 18x17
                    text run at (3,1) width 17: "\x{4F55}"
          RenderText {#text} at (1250,227) size 18x130
            text run at (1250,227) width 129: "\x{306E}\x{4E8B}\x{3082}\x{306A}\x{304B}\x{3063}\x{305F}\x{3002}"
          RenderBR {BR} at (1250,356) size 18x1
          RenderText {#text} at (1278,0) size 18x242
            text run at (1278,0) width 242: "\x{3000}\x{7ACB}\x{3061}\x{4E0A}\x{304C}\x{308B}\x{6642}\x{306B}\x{5411}\x{3046}\x{3092}\x{898B}\x{308B}\x{3068}\x{3001}"
          RenderRuby (inline) {RUBY} at (0,0) size 18x18
            RenderRubyRun (anonymous) at (1275,241) size 24x19
              RenderRubyText {RT} at (-9,0) size 14x19
                RenderText {#text} at (2,0) size 10x19
                  text run at (2,0) width 19: "\x{307F}\x{3061}"
              RenderRubyBase (anonymous) at (0,0) size 24x19
                RenderInline {RB} at (0,0) size 18x17
                  RenderText {#text} at (3,1) size 18x17
                    text run at (3,1) width 17: "\x{8DEF}"
          RenderText {#text} at (1278,258) size 46x485
            text run at (1278,258) width 226: "\x{304B}\x{3089}\x{5DE6}\x{306E}\x{65B9}\x{306B}\x{30D0}\x{30B1}\x{30C4}\x{3092}\x{4F0F}\x{305B}\x{305F}\x{3088}"
            text run at (1306,0) width 65: "\x{3046}\x{306A}\x{5CF0}\x{304C}"
          RenderRuby (inline) {RUBY} at (0,0) size 18x18
            RenderRubyRun (anonymous) at (1303,63) size 24x19
              RenderRubyText {RT} at (-9,0) size 14x19
                RenderText {#text} at (2,0) size 10x19
                  text run at (2,0) width 19: "\x{305D}\x{3073}"
              RenderRubyBase (anonymous) at (0,0) size 24x19
                RenderInline {RB} at (0,0) size 18x17
                  RenderText {#text} at (3,1) size 18x17
                    text run at (3,1) width 17: "\x{8073}"
          RenderText {#text} at (1306,81) size 18x114
            text run at (1306,81) width 113: "\x{3048}\x{3066}\x{3044}\x{308B}\x{3002}\x{6749}\x{304B}"
          RenderRuby (inline) {RUBY} at (0,0) size 18x21
            RenderRubyRun (anonymous) at (1303,190) size 24x28
              RenderRubyText {RT} at (-9,0) size 14x28
                RenderText {#text} at (2,0) size 10x28
                  text run at (2,0) width 28: "\x{3072}\x{306E}\x{304D}"
              RenderRubyBase (anonymous) at (0,0) size 24x28
                RenderInline {RB} at (0,0) size 18x17
                  RenderText {#text} at (3,5) size 18x17
                    text run at (3,5) width 17: "\x{6A9C}"
          RenderText {#text} at (1306,214) size 18x114
            text run at (1306,214) width 113: "\x{304B}\x{5206}\x{304B}\x{3089}\x{306A}\x{3044}\x{304C}"
          RenderRuby (inline) {RUBY} at (0,0) size 18x34
            RenderRubyRun (anonymous) at (1303,327) size 24x33
              RenderRubyText {RT} at (-9,0) size 14x33
                RenderText {#text} at (2,0) size 10x33
                  text run at (2,0) width 32: "\x{306D}\x{3082}\x{3068}"
              RenderRubyBase (anonymous) at (0,0) size 24x33
                RenderInline {RB} at (0,0) size 18x33
                  RenderText {#text} at (3,0) size 18x33
                    text run at (3,0) width 33: "\x{6839}\x{5143}"
          RenderText {#text} at (1306,360) size 18x33
            text run at (1306,360) width 33: "\x{304B}\x{3089}"
          RenderRuby (inline) {RUBY} at (0,0) size 18x21
            RenderRubyRun (anonymous) at (1303,388) size 24x28
              RenderRubyText {RT} at (-9,0) size 14x28
                RenderText {#text} at (2,0) size 10x28
                  text run at (2,0) width 28: "\x{3044}\x{305F}\x{3060}"
              RenderRubyBase (anonymous) at (0,0) size 24x28
                RenderInline {RB} at (0,0) size 18x17
                  RenderText {#text} at (3,5) size 18x17
                    text run at (3,5) width 17: "\x{9802}"
          RenderText {#text} at (1306,412) size 46x493
            text run at (1306,412) width 81: "\x{304D}\x{307E}\x{3067}\x{3053}\x{3068}"
            text run at (1334,0) width 49: "\x{3054}\x{3068}\x{304F}"
          RenderRuby (inline) {RUBY} at (0,0) size 18x36
            RenderRubyRun (anonymous) at (1331,47) size 24x37
              RenderRubyText {RT} at (-9,0) size 14x37
                RenderText {#text} at (2,0) size 10x37
                  text run at (2,0) width 37: "\x{3042}\x{304A}\x{3050}\x{308D}"
              RenderRubyBase (anonymous) at (0,0) size 24x37
                RenderInline {RB} at (0,0) size 18x35
                  RenderText {#text} at (3,1) size 18x35
                    text run at (3,1) width 35: "\x{84BC}\x{9ED2}"
          RenderText {#text} at (1334,83) size 18x243
            text run at (1334,83) width 242: "\x{3044}\x{4E2D}\x{306B}\x{3001}\x{5C71}\x{685C}\x{304C}\x{8584}\x{8D64}\x{304F}\x{3060}\x{3093}\x{3060}\x{3089}\x{306B}"
          RenderRuby (inline) {RUBY} at (0,0) size 18x34
            RenderRubyRun (anonymous) at (1331,325) size 24x33
              RenderRubyText {RT} at (-9,0) size 14x33
                RenderText {#text} at (2,0) size 10x33
                  text run at (2,0) width 32: "\x{305F}\x{306A}\x{3073}"
              RenderRubyBase (anonymous) at (0,0) size 24x33
                RenderInline {RB} at (0,0) size 18x33
                  RenderText {#text} at (3,0) size 18x33
                    text run at (3,0) width 33: "\x{68DA}\x{5F15}"
          RenderText {#text} at (1334,358) size 18x49
            text run at (1334,358) width 49: "\x{3044}\x{3066}\x{3001}"
          RenderRuby (inline) {RUBY} at (0,0) size 18x18
            RenderRubyRun (anonymous) at (1331,406) size 24x17
              RenderRubyText {RT} at (-9,0) size 14x17
                RenderText {#text} at (2,3) size 10x10
                  text run at (2,3) width 10: "\x{3064}"
              RenderRubyBase (anonymous) at (0,0) size 24x17
                RenderInline {RB} at (0,0) size 18x17
                  RenderText {#text} at (3,0) size 18x17
                    text run at (3,0) width 17: "\x{7D9A}"
          RenderText {#text} at (1334,423) size 18x17
            text run at (1334,423) width 17: "\x{304E}"
          RenderRuby (inline) {RUBY} at (0,0) size 18x18
            RenderRubyRun (anonymous) at (1331,439) size 24x17
              RenderRubyText {RT} at (-9,0) size 14x17
                RenderText {#text} at (2,3) size 10x10
                  text run at (2,3) width 10: "\x{3081}"
              RenderRubyBase (anonymous) at (0,0) size 24x17
                RenderInline {RB} at (0,0) size 18x17
                  RenderText {#text} at (3,0) size 18x17
                    text run at (3,0) width 17: "\x{76EE}"
          RenderText {#text} at (1334,456) size 18x17
            text run at (1334,456) width 17: "\x{304C}"
          RenderRuby (inline) {RUBY} at (0,0) size 18x19
            RenderRubyRun (anonymous) at (1331,472) size 24x19
              RenderRubyText {RT} at (-9,0) size 14x19
                RenderText {#text} at (2,0) size 10x19
                  text run at (2,0) width 19: "\x{3057}\x{304B}"
              RenderRubyBase (anonymous) at (0,0) size 24x19
                RenderInline {RB} at (0,0) size 18x17
                  RenderText {#text} at (3,1) size 18x17
                    text run at (3,1) width 17: "\x{78BA}"
          RenderText {#text} at (1362,0) size 18x113
            text run at (1362,0) width 113: "\x{3068}\x{898B}\x{3048}\x{306C}\x{304F}\x{3089}\x{3044}"
          RenderRuby (inline) {RUBY} at (0,0) size 18x18
            RenderRubyRun (anonymous) at (1359,112) size 24x19
              RenderRubyText {RT} at (-9,0) size 14x19
                RenderText {#text} at (2,0) size 10x19
                  text run at (2,0) width 19: "\x{3082}\x{3084}"
              RenderRubyBase (anonymous) at (0,0) size 24x19
                RenderInline {RB} at (0,0) size 18x17
                  RenderText {#text} at (3,1) size 18x17
                    text run at (3,1) width 17: "\x{9744}"
          RenderText {#text} at (1362,129) size 18x146
            text run at (1362,129) width 146: "\x{304C}\x{6FC3}\x{3044}\x{3002}\x{5C11}\x{3057}\x{624B}\x{524D}\x{306B}"
          RenderRuby (inline) {RUBY} at (0,0) size 18x36
            RenderRubyRun (anonymous) at (1359,274) size 24x37
              RenderRubyText {RT} at (-9,0) size 14x37
                RenderText {#text} at (2,0) size 10x37
                  text run at (2,0) width 37: "\x{306F}\x{3052}\x{3084}\x{307E}"
              RenderRubyBase (anonymous) at (0,0) size 24x37
                RenderInline {RB} at (0,0) size 18x35
                  RenderText {#text} at (3,1) size 18x35
                    text run at (3,1) width 35: "\x{79BF}\x{5C71}"
          RenderText {#text} at (1362,309) size 18x66
            text run at (1362,309) width 65: "\x{304C}\x{4E00}\x{3064}\x{3001}"
          RenderRuby (inline) {RUBY} at (0,0) size 18x18
            RenderRubyRun (anonymous) at (1359,373) size 24x19
              RenderRubyText {RT} at (-9,0) size 14x19
                RenderText {#text} at (2,0) size 10x19
                  text run at (2,0) width 19: "\x{3050}\x{3093}"
              RenderRubyBase (anonymous) at (0,0) size 24x19
                RenderInline {RB} at (0,0) size 18x17
                  RenderText {#text} at (3,1) size 18x17
                    text run at (3,1) width 17: "\x{7FA4}"
          RenderText {#text} at (1362,391) size 18x97
            text run at (1362,391) width 97: "\x{3092}\x{306C}\x{304D}\x{3093}\x{3067}\x{3066}"
          RenderRuby (inline) {RUBY} at (0,0) size 18x18
            RenderRubyRun (anonymous) at (1387,0) size 24x19
              RenderRubyText {RT} at (-9,0) size 14x19
                RenderText {#text} at (2,0) size 10x19
                  text run at (2,0) width 19: "\x{307E}\x{3086}"
              RenderRubyBase (anonymous) at (0,0) size 24x19
                RenderInline {RB} at (0,0) size 18x17
                  RenderText {#text} at (3,1) size 18x17
                    text run at (3,1) width 17: "\x{7709}"
          RenderText {#text} at (1390,18) size 18x17
            text run at (1390,18) width 17: "\x{306B}"
          RenderRuby (inline) {RUBY} at (0,0) size 18x18
            RenderRubyRun (anonymous) at (1387,33) size 24x19
              RenderRubyText {RT} at (-9,0) size 14x19
                RenderText {#text} at (2,0) size 10x19
                  text run at (2,0) width 19: "\x{305B}\x{307E}"
              RenderRubyBase (anonymous) at (0,0) size 24x19
                RenderInline {RB} at (0,0) size 18x17
                  RenderText {#text} at (3,1) size 18x17
                    text run at (3,1) width 17: "\x{903C}"
          RenderText {#text} at (1390,51) size 18x33
            text run at (1390,51) width 33: "\x{308B}\x{3002}"
          RenderRuby (inline) {RUBY} at (0,0) size 18x18
            RenderRubyRun (anonymous) at (1387,83) size 24x17
              RenderRubyText {RT} at (-9,0) size 14x17
                RenderText {#text} at (2,3) size 10x10
                  text run at (2,3) width 10: "\x{306F}"
              RenderRubyBase (anonymous) at (0,0) size 24x17
                RenderInline {RB} at (0,0) size 18x17
                  RenderText {#text} at (3,0) size 18x17
                    text run at (3,0) width 17: "\x{79BF}"
          RenderText {#text} at (1390,100) size 18x130
            text run at (1390,100) width 129: "\x{3052}\x{305F}\x{5074}\x{9762}\x{306F}\x{5DE8}\x{4EBA}\x{306E}"
          RenderRuby (inline) {RUBY} at (0,0) size 18x18
            RenderRubyRun (anonymous) at (1387,228) size 24x19
              RenderRubyText {RT} at (-9,0) size 14x19
                RenderText {#text} at (2,0) size 10x19
                  text run at (2,0) width 19: "\x{304A}\x{306E}"
              RenderRubyBase (anonymous) at (0,0) size 24x19
                RenderInline {RB} at (0,0) size 18x17
                  RenderText {#text} at (3,1) size 18x17
                    text run at (3,1) width 17: "\x{65A7}"
          RenderText {#text} at (1390,246) size 18x17
            text run at (1390,246) width 17: "\x{3067}"
          RenderRuby (inline) {RUBY} at (0,0) size 18x18
            RenderRubyRun (anonymous) at (1387,261) size 24x19
              RenderRubyText {RT} at (-9,0) size 14x19
                RenderText {#text} at (2,0) size 10x19
                  text run at (2,0) width 19: "\x{3051}\x{305A}"
              RenderRubyBase (anonymous) at (0,0) size 24x19
                RenderInline {RB} at (0,0) size 18x17
                  RenderText {#text} at (3,1) size 18x17
                    text run at (3,1) width 17: "\x{524A}"
          RenderText {#text} at (1390,279) size 46x489
            text run at (1390,279) width 210: "\x{308A}\x{53BB}\x{3063}\x{305F}\x{304B}\x{3001}\x{92ED}\x{3069}\x{304D}\x{5E73}\x{9762}\x{3092}\x{3084}"
            text run at (1418,0) width 97: "\x{3051}\x{306B}\x{8C37}\x{306E}\x{5E95}\x{306B}"
          RenderRuby (inline) {RUBY} at (0,0) size 18x18
            RenderRubyRun (anonymous) at (1415,96) size 24x19
              RenderRubyText {RT} at (-9,0) size 14x19
                RenderText {#text} at (2,0) size 10x19
                  text run at (2,0) width 19: "\x{3046}\x{305A}"
              RenderRubyBase (anonymous) at (0,0) size 24x19
                RenderInline {RB} at (0,0) size 18x17
                  RenderText {#text} at (3,1) size 18x17
                    text run at (3,1) width 17: "\x{57CB}"
          RenderText {#text} at (1418,113) size 18x82
            text run at (1418,113) width 81: "\x{3081}\x{3066}\x{3044}\x{308B}\x{3002}"
          RenderRuby (inline) {RUBY} at (0,0) size 18x36
            RenderRubyRun (anonymous) at (1415,193) size 24x37
              RenderRubyText {RT} at (-9,0) size 14x37
                RenderText {#text} at (2,0) size 10x37
                  text run at (2,0) width 37: "\x{3066}\x{3063}\x{307A}\x{3093}"
              RenderRubyBase (anonymous) at (0,0) size 24x37
                RenderInline {RB} at (0,0) size 18x35
                  RenderText {#text} at (3,1) size 18x35
                    text run at (3,1) width 35: "\x{5929}\x{8FBA}"
          RenderText {#text} at (1418,229) size 46x488
            text run at (1418,229) width 258: "\x{306B}\x{4E00}\x{672C}\x{898B}\x{3048}\x{308B}\x{306E}\x{306F}\x{8D64}\x{677E}\x{3060}\x{308D}\x{3046}\x{3002}\x{679D}\x{306E}"
            text run at (1446,0) width 81: "\x{9593}\x{306E}\x{7A7A}\x{3055}\x{3048}"
          RenderRuby (inline) {RUBY} at (0,0) size 18x36
            RenderRubyRun (anonymous) at (1443,80) size 24x37
              RenderRubyText {RT} at (-9,0) size 14x37
                RenderText {#text} at (2,0) size 10x37
                  text run at (2,0) width 37: "\x{306F}\x{3063}\x{304D}\x{308A}"
              RenderRubyBase (anonymous) at (0,0) size 24x37
                RenderInline {RB} at (0,0) size 18x35
                  RenderText {#text} at (3,1) size 18x35
                    text run at (3,1) width 35: "\x{5224}\x{7136}"
          RenderText {#text} at (1446,115) size 46x487
            text run at (1446,115) width 371: "\x{3057}\x{3066}\x{3044}\x{308B}\x{3002}\x{884C}\x{304F}\x{624B}\x{306F}\x{4E8C}\x{4E01}\x{307B}\x{3069}\x{3067}\x{5207}\x{308C}\x{3066}\x{3044}\x{308B}\x{304C}\x{3001}\x{9AD8}\x{3044}"
            text run at (1474,0) width 81: "\x{6240}\x{304B}\x{3089}\x{8D64}\x{3044}"
          RenderRuby (inline) {RUBY} at (0,0) size 18x34
            RenderRubyRun (anonymous) at (1471,81) size 24x33
              RenderRubyText {RT} at (-9,0) size 14x33
                RenderText {#text} at (2,0) size 10x33
                  text run at (2,0) width 32: "\x{3051}\x{3063}\x{3068}"
              RenderRubyBase (anonymous) at (0,0) size 24x33
                RenderInline {RB} at (0,0) size 18x33
                  RenderText {#text} at (3,0) size 18x33
                    text run at (3,0) width 33: "\x{6BDB}\x{5E03}"
          RenderText {#text} at (1474,113) size 46x485
            text run at (1474,113) width 371: "\x{304C}\x{52D5}\x{3044}\x{3066}\x{6765}\x{308B}\x{306E}\x{3092}\x{898B}\x{308B}\x{3068}\x{3001}\x{767B}\x{308C}\x{3070}\x{3042}\x{3059}\x{3053}\x{3078}\x{51FA}\x{308B}\x{306E}\x{3060}"
            text run at (1502,0) width 146: "\x{308D}\x{3046}\x{3002}\x{8DEF}\x{306F}\x{3059}\x{3053}\x{3076}\x{308B}"
          RenderRuby (inline) {RUBY} at (0,0) size 18x34
            RenderRubyRun (anonymous) at (1499,145) size 24x33
              RenderRubyText {RT} at (-9,0) size 14x33
                RenderText {#text} at (2,0) size 10x33
                  text run at (2,0) width 32: "\x{306A}\x{3093}\x{304E}"
              RenderRubyBase (anonymous) at (0,0) size 24x33
                RenderInline {RB} at (0,0) size 18x33
                  RenderText {#text} at (3,0) size 18x33
                    text run at (3,0) width 33: "\x{96E3}\x{7FA9}"
          RenderText {#text} at (1502,178) size 18x33
            text run at (1502,178) width 33: "\x{3060}\x{3002}"
          RenderBR {BR} at (1502,210) size 18x1
          RenderText {#text} at (1530,0) size 18x210
            text run at (1530,0) width 210: "\x{3000}\x{571F}\x{3092}\x{306A}\x{3089}\x{3059}\x{3060}\x{3051}\x{306A}\x{3089}\x{3055}\x{307B}\x{3069}"
          RenderRuby (inline) {RUBY} at (0,0) size 18x34
            RenderRubyRun (anonymous) at (1527,209) size 24x33
              RenderRubyText {RT} at (-9,0) size 14x33
                RenderText {#text} at (2,3) size 10x26
                  text run at (2,3) width 26: "\x{3066}\x{307E}"
              RenderRubyBase (anonymous) at (0,0) size 24x33
                RenderInline {RB} at (0,0) size 18x33
                  RenderText {#text} at (3,0) size 18x33
                    text run at (3,0) width 33: "\x{624B}\x{9593}"
          RenderText {#text} at (1530,242) size 18x17
            text run at (1530,242) width 17: "\x{3082}"
          RenderRuby (inline) {RUBY} at (0,0) size 18x18
            RenderRubyRun (anonymous) at (1527,259) size 24x17
              RenderRubyText {RT} at (-9,0) size 14x17
                RenderText {#text} at (2,3) size 10x10
                  text run at (2,3) width 10: "\x{3044}"
              RenderRubyBase (anonymous) at (0,0) size 24x17
                RenderInline {RB} at (0,0) size 18x17
                  RenderText {#text} at (3,0) size 18x17
                    text run at (3,0) width 17: "\x{5165}"
          RenderText {#text} at (1530,275) size 46x486
            text run at (1530,275) width 210: "\x{308B}\x{307E}\x{3044}\x{304C}\x{3001}\x{571F}\x{306E}\x{4E2D}\x{306B}\x{306F}\x{5927}\x{304D}\x{306A}"
            text run at (1558,0) width 113: "\x{77F3}\x{304C}\x{3042}\x{308B}\x{3002}\x{571F}\x{306F}"
          RenderRuby (inline) {RUBY} at (0,0) size 18x18
            RenderRubyRun (anonymous) at (1555,112) size 24x19
              RenderRubyText {RT} at (-9,0) size 14x19
                RenderText {#text} at (2,0) size 10x19
                  text run at (2,0) width 19: "\x{305F}\x{3044}"
              RenderRubyBase (anonymous) at (0,0) size 24x19
                RenderInline {RB} at (0,0) size 18x17
                  RenderText {#text} at (3,1) size 18x17
                    text run at (3,1) width 17: "\x{5E73}"
          RenderText {#text} at (1558,129) size 46x469
            text run at (1558,129) width 339: "\x{3089}\x{306B}\x{3057}\x{3066}\x{3082}\x{77F3}\x{306F}\x{5E73}\x{3089}\x{306B}\x{306A}\x{3089}\x{306C}\x{3002}\x{77F3}\x{306F}\x{5207}\x{308A}\x{7815}\x{3044}\x{3066}"
            text run at (1586,0) width 178: "\x{3082}\x{3001}\x{5CA9}\x{306F}\x{59CB}\x{672B}\x{304C}\x{3064}\x{304B}\x{306C}\x{3002}"
          RenderRuby (inline) {RUBY} at (0,0) size 18x36
            RenderRubyRun (anonymous) at (1583,176) size 24x37
              RenderRubyText {RT} at (-9,0) size 14x37
                RenderText {#text} at (2,0) size 10x37
                  text run at (2,0) width 37: "\x{307B}\x{308A}\x{304F}\x{305A}"
              RenderRubyBase (anonymous) at (0,0) size 24x37
                RenderInline {RB} at (0,0) size 18x35
                  RenderText {#text} at (3,1) size 18x35
                    text run at (3,1) width 35: "\x{6398}\x{5D29}"
          RenderText {#text} at (1586,212) size 18x97
            text run at (1586,212) width 97: "\x{3057}\x{305F}\x{571F}\x{306E}\x{4E0A}\x{306B}"
          RenderRuby (inline) {RUBY} at (0,0) size 18x36
            RenderRubyRun (anonymous) at (1583,308) size 24x37
              RenderRubyText {RT} at (-9,0) size 14x37
                RenderText {#text} at (2,0) size 10x37
                  text run at (2,0) width 37: "\x{3086}\x{3046}\x{305C}\x{3093}"
              RenderRubyBase (anonymous) at (0,0) size 24x37
                RenderInline {RB} at (0,0) size 18x35
                  RenderText {#text} at (3,1) size 18x35
                    text run at (3,1) width 35: "\x{60A0}\x{7136}"
          RenderText {#text} at (1586,343) size 18x18
            text run at (1586,343) width 17: "\x{3068}"
          RenderRuby (inline) {RUBY} at (0,0) size 18x21
            RenderRubyRun (anonymous) at (1583,356) size 24x28
              RenderRubyText {RT} at (-9,0) size 14x28
                RenderText {#text} at (2,0) size 10x28
                  text run at (2,0) width 28: "\x{305D}\x{3070}\x{3060}"
              RenderRubyBase (anonymous) at (0,0) size 24x28
                RenderInline {RB} at (0,0) size 18x17
                  RenderText {#text} at (3,5) size 18x17
                    text run at (3,5) width 17: "\x{5CD9}"
          RenderText {#text} at (1586,380) size 46x493
            text run at (1586,380) width 113: "\x{3063}\x{3066}\x{3001}\x{543E}\x{3089}\x{306E}\x{305F}"
            text run at (1614,0) width 97: "\x{3081}\x{306B}\x{9053}\x{3092}\x{8B72}\x{308B}"
          RenderRuby (inline) {RUBY} at (0,0) size 18x34
            RenderRubyRun (anonymous) at (1611,97) size 24x33
              RenderRubyText {RT} at (-9,0) size 14x33
                RenderText {#text} at (2,0) size 10x33
                  text run at (2,0) width 32: "\x{3051}\x{3057}\x{304D}"
              RenderRubyBase (anonymous) at (0,0) size 24x33
                RenderInline {RB} at (0,0) size 18x33
                  RenderText {#text} at (3,0) size 18x33
                    text run at (3,0) width 33: "\x{666F}\x{8272}"
          RenderText {#text} at (1614,129) size 46x485
            text run at (1614,129) width 355: "\x{306F}\x{306A}\x{3044}\x{3002}\x{5411}\x{3046}\x{3067}\x{805E}\x{304B}\x{306C}\x{4E0A}\x{306F}\x{4E57}\x{308A}\x{8D8A}\x{3059}\x{304B}\x{3001}\x{5EFB}\x{3089}\x{306A}\x{3051}"
            text run at (1642,0) width 97: "\x{308C}\x{3070}\x{306A}\x{3089}\x{3093}\x{3002}"
          RenderRuby (inline) {RUBY} at (0,0) size 18x18
            RenderRubyRun (anonymous) at (1639,96) size 24x19
              RenderRubyText {RT} at (-9,0) size 14x19
                RenderText {#text} at (2,0) size 10x19
                  text run at (2,0) width 19: "\x{3044}\x{308F}"
              RenderRubyBase (anonymous) at (0,0) size 24x19
                RenderInline {RB} at (0,0) size 18x17
                  RenderText {#text} at (3,1) size 18x17
                    text run at (3,1) width 17: "\x{5DCC}"
          RenderText {#text} at (1642,113) size 18x114
            text run at (1642,113) width 113: "\x{306E}\x{306A}\x{3044}\x{6240}\x{3067}\x{3055}\x{3048}"
          RenderRuby (inline) {RUBY} at (0,0) size 18x18
            RenderRubyRun (anonymous) at (1639,226) size 24x17
              RenderRubyText {RT} at (-9,0) size 14x17
                RenderText {#text} at (2,3) size 10x10
                  text run at (2,3) width 10: "\x{3042}"
              RenderRubyBase (anonymous) at (0,0) size 24x17
                RenderInline {RB} at (0,0) size 18x17
                  RenderText {#text} at (3,0) size 18x17
                    text run at (3,0) width 17: "\x{6B69}"
          RenderText {#text} at (1642,243) size 46x470
            text run at (1642,243) width 226: "\x{308B}\x{304D}\x{3088}\x{304F}\x{306F}\x{306A}\x{3044}\x{3002}\x{5DE6}\x{53F3}\x{304C}\x{9AD8}\x{304F}\x{3063}"
            text run at (1670,0) width 81: "\x{3066}\x{3001}\x{4E2D}\x{5FC3}\x{304C}"
          RenderRuby (inline) {RUBY} at (0,0) size 18x18
            RenderRubyRun (anonymous) at (1667,80) size 24x19
              RenderRubyText {RT} at (-9,0) size 14x19
                RenderText {#text} at (2,0) size 10x19
                  text run at (2,0) width 19: "\x{304F}\x{307C}"
              RenderRubyBase (anonymous) at (0,0) size 24x19
                RenderInline {RB} at (0,0) size 18x17
                  RenderText {#text} at (3,1) size 18x17
                    text run at (3,1) width 17: "\x{7AAA}"
          RenderText {#text} at (1670,97) size 18x130
            text run at (1670,97) width 129: "\x{3093}\x{3067}\x{3001}\x{307E}\x{308B}\x{3067}\x{4E00}\x{9593}"
          RenderRuby (inline) {RUBY} at (0,0) size 18x18
            RenderRubyRun (anonymous) at (1667,225) size 24x19
              RenderRubyText {RT} at (-9,0) size 14x19
                RenderText {#text} at (2,0) size 10x19
                  text run at (2,0) width 19: "\x{306F}\x{3070}"
              RenderRubyBase (anonymous) at (0,0) size 24x19
                RenderInline {RB} at (0,0) size 18x17
                  RenderText {#text} at (3,1) size 18x17
                    text run at (3,1) width 17: "\x{5E45}"
          RenderText {#text} at (1670,243) size 18x65
            text run at (1670,243) width 65: "\x{3092}\x{4E09}\x{89D2}\x{306B}"
          RenderRuby (inline) {RUBY} at (0,0) size 18x18
            RenderRubyRun (anonymous) at (1667,308) size 24x17
              RenderRubyText {RT} at (-9,0) size 14x17
                RenderText {#text} at (2,3) size 10x10
                  text run at (2,3) width 10: "\x{304F}"
              RenderRubyBase (anonymous) at (0,0) size 24x17
                RenderInline {RB} at (0,0) size 18x17
                  RenderText {#text} at (3,0) size 18x17
                    text run at (3,0) width 17: "\x{7A7F}"
          RenderText {#text} at (1670,324) size 18x130
            text run at (1670,324) width 129: "\x{3063}\x{3066}\x{3001}\x{305D}\x{306E}\x{9802}\x{70B9}\x{304C}"
          RenderRuby (inline) {RUBY} at (0,0) size 18x37
            RenderRubyRun (anonymous) at (1667,453) size 24x37
              RenderRubyText {RT} at (-9,0) size 14x37
                RenderText {#text} at (2,0) size 10x37
                  text run at (2,0) width 37: "\x{307E}\x{3093}\x{306A}\x{304B}"
              RenderRubyBase (anonymous) at (0,0) size 24x37
                RenderInline {RB} at (0,0) size 18x35
                  RenderText {#text} at (3,1) size 18x35
                    text run at (3,1) width 35: "\x{771F}\x{4E2D}"
          RenderText {#text} at (1698,0) size 18x17
            text run at (1698,0) width 17: "\x{3092}"
          RenderRuby (inline) {RUBY} at (0,0) size 18x21
            RenderRubyRun (anonymous) at (1695,12) size 24x28
              RenderRubyText {RT} at (-9,0) size 14x28
                RenderText {#text} at (2,0) size 10x28
                  text run at (2,0) width 28: "\x{3064}\x{3089}\x{306C}"
              RenderRubyBase (anonymous) at (0,0) size 24x28
                RenderInline {RB} at (0,0) size 18x17
                  RenderText {#text} at (3,5) size 18x17
                    text run at (3,5) width 17: "\x{8CAB}"
          RenderText {#text} at (1698,36) size 18x403
            text run at (1698,36) width 403: "\x{3044}\x{3066}\x{3044}\x{308B}\x{3068}\x{8A55}\x{3057}\x{3066}\x{3082}\x{3088}\x{3044}\x{3002}\x{8DEF}\x{3092}\x{884C}\x{304F}\x{3068}\x{4E91}\x{308F}\x{3093}\x{3088}\x{308A}\x{5DDD}\x{5E95}\x{3092}"
          RenderRuby (inline) {RUBY} at (0,0) size 18x18
            RenderRubyRun (anonymous) at (1695,438) size 24x19
              RenderRubyText {RT} at (-9,0) size 14x19
                RenderText {#text} at (2,0) size 10x19
                  text run at (2,0) width 19: "\x{308F}\x{305F}"
              RenderRubyBase (anonymous) at (0,0) size 24x19
                RenderInline {RB} at (0,0) size 18x17
                  RenderText {#text} at (3,1) size 18x17
                    text run at (3,1) width 17: "\x{6E09}"
          RenderText {#text} at (1698,455) size 46x489
            text run at (1698,455) width 33: "\x{308B}\x{3068}"
            text run at (1726,0) width 129: "\x{4E91}\x{3046}\x{65B9}\x{304C}\x{9069}\x{5F53}\x{3060}\x{3002}"
          RenderRuby (inline) {RUBY} at (0,0) size 18x18
            RenderRubyRun (anonymous) at (1723,128) size 24x19
              RenderRubyText {RT} at (-9,0) size 14x19
                RenderText {#text} at (2,0) size 10x19
                  text run at (2,0) width 19: "\x{3082}\x{3068}"
              RenderRubyBase (anonymous) at (0,0) size 24x19
                RenderInline {RB} at (0,0) size 18x17
                  RenderText {#text} at (3,1) size 18x17
                    text run at (3,1) width 17: "\x{56FA}"
          RenderText {#text} at (1726,145) size 18x259
            text run at (1726,145) width 258: "\x{3088}\x{308A}\x{6025}\x{3050}\x{65C5}\x{3067}\x{306A}\x{3044}\x{304B}\x{3089}\x{3001}\x{3076}\x{3089}\x{3076}\x{3089}\x{3068}"
          RenderRuby (inline) {RUBY} at (0,0) size 18x36
            RenderRubyRun (anonymous) at (1723,403) size 24x37
              RenderRubyText {RT} at (-9,0) size 14x37
                RenderText {#text} at (2,0) size 10x37
                  text run at (2,0) width 37: "\x{306A}\x{306A}\x{307E}\x{304C}"
              RenderRubyBase (anonymous) at (0,0) size 24x37
                RenderInline {RB} at (0,0) size 18x35
                  RenderText {#text} at (3,1) size 18x35
                    text run at (3,1) width 35: "\x{4E03}\x{66F2}"
          RenderText {#text} at (1726,438) size 42x488
            text run at (1726,438) width 49: "\x{308A}\x{3078}\x{304B}"
            text run at (1750,0) width 49: "\x{304B}\x{308B}\x{3002}"
          RenderBR {BR} at (1750,48) size 18x1
          RenderText {#text} at (1778,0) size 18x146
            text run at (1778,0) width 146: "\x{3000}\x{305F}\x{3061}\x{307E}\x{3061}\x{8DB3}\x{306E}\x{4E0B}\x{3067}"
          RenderRuby (inline) {RUBY} at (0,0) size 18x34
            RenderRubyRun (anonymous) at (1775,145) size 24x33
              RenderRubyText {RT} at (-9,0) size 14x33
                RenderText {#text} at (2,0) size 10x33
                  text run at (2,0) width 32: "\x{3072}\x{3070}\x{308A}"
              RenderRubyBase (anonymous) at (0,0) size 24x33
                RenderInline {RB} at (0,0) size 18x33
                  RenderText {#text} at (3,0) size 18x33
                    text run at (3,0) width 33: "\x{96F2}\x{96C0}"
          RenderText {#text} at (1778,178) size 18x162
            text run at (1778,178) width 162: "\x{306E}\x{58F0}\x{304C}\x{3057}\x{51FA}\x{3057}\x{305F}\x{3002}\x{8C37}\x{3092}"
          RenderRuby (inline) {RUBY} at (0,0) size 18x34
            RenderRubyRun (anonymous) at (1775,339) size 24x33
              RenderRubyText {RT} at (-9,0) size 14x33
                RenderText {#text} at (2,0) size 10x33
                  text run at (2,0) width 32: "\x{307F}\x{304A}\x{308D}"
              RenderRubyBase (anonymous) at (0,0) size 24x33
                RenderInline {RB} at (0,0) size 18x33
                  RenderText {#text} at (3,0) size 18x33
                    text run at (3,0) width 33: "\x{898B}\x{4E0B}"
          RenderText {#text} at (1778,372) size 70x485
            text run at (1778,372) width 113: "\x{3057}\x{305F}\x{304C}\x{3001}\x{3069}\x{3053}\x{3067}"
            text run at (1802,0) width 484: "\x{9CF4}\x{3044}\x{3066}\x{308B}\x{304B}\x{5F71}\x{3082}\x{5F62}\x{3082}\x{898B}\x{3048}\x{306C}\x{3002}\x{305F}\x{3060}\x{58F0}\x{3060}\x{3051}\x{304C}\x{660E}\x{3089}\x{304B}\x{306B}\x{805E}\x{3048}\x{308B}\x{3002}\x{305B}\x{3063}\x{305B}"
            text run at (1830,0) width 17: "\x{3068}"
          RenderRuby (inline) {RUBY} at (0,0) size 18x18
            RenderRubyRun (anonymous) at (1827,15) size 24x19
              RenderRubyText {RT} at (-9,0) size 14x19
                RenderText {#text} at (2,0) size 10x19
                  text run at (2,0) width 19: "\x{305B}\x{308F}"
              RenderRubyBase (anonymous) at (0,0) size 24x19
                RenderInline {RB} at (0,0) size 18x17
                  RenderText {#text} at (3,1) size 18x17
                    text run at (3,1) width 17: "\x{5FD9}"
          RenderText {#text} at (1830,33) size 18x49
            text run at (1830,33) width 49: "\x{3057}\x{304F}\x{3001}"
          RenderRuby (inline) {RUBY} at (0,0) size 18x34
            RenderRubyRun (anonymous) at (1827,81) size 24x33
              RenderRubyText {RT} at (-9,0) size 14x33
                RenderText {#text} at (2,0) size 10x33
                  text run at (2,0) width 32: "\x{305F}\x{3048}\x{307E}"
              RenderRubyBase (anonymous) at (0,0) size 24x33
                RenderInline {RB} at (0,0) size 18x33
                  RenderText {#text} at (3,0) size 18x33
                    text run at (3,0) width 33: "\x{7D76}\x{9593}"
          RenderText {#text} at (1830,114) size 18x130
            text run at (1830,114) width 129: "\x{306A}\x{304F}\x{9CF4}\x{3044}\x{3066}\x{3044}\x{308B}\x{3002}"
          RenderRuby (inline) {RUBY} at (0,0) size 18x50
            RenderRubyRun (anonymous) at (1827,243) size 24x49
              RenderRubyText {RT} at (-9,0) size 14x49
                RenderText {#text} at (2,0) size 10x49
                  text run at (2,0) width 49: "\x{307B}\x{3046}\x{3044}\x{304F}\x{308A}"
              RenderRubyBase (anonymous) at (0,0) size 24x49
                RenderInline {RB} at (0,0) size 18x49
                  RenderText {#text} at (3,0) size 18x49
                    text run at (3,0) width 49: "\x{65B9}\x{5E7E}\x{91CC}"
          RenderText {#text} at (1830,292) size 18x114
            text run at (1830,292) width 113: "\x{306E}\x{7A7A}\x{6C17}\x{304C}\x{4E00}\x{9762}\x{306B}"
          RenderRuby (inline) {RUBY} at (0,0) size 18x18
            RenderRubyRun (anonymous) at (1827,404) size 24x19
              RenderRubyText {RT} at (-9,0) size 14x19
                RenderText {#text} at (2,0) size 10x19
                  text run at (2,0) width 19: "\x{306E}\x{307F}"
              RenderRubyBase (anonymous) at (0,0) size 24x19
                RenderInline {RB} at (0,0) size 18x17
                  RenderText {#text} at (3,1) size 18x17
                    text run at (3,1) width 17: "\x{86A4}"
          RenderText {#text} at (1830,422) size 46x487
            text run at (1830,422) width 65: "\x{306B}\x{523A}\x{3055}\x{308C}"
            text run at (1858,0) width 355: "\x{3066}\x{3044}\x{305F}\x{305F}\x{307E}\x{308C}\x{306A}\x{3044}\x{3088}\x{3046}\x{306A}\x{6C17}\x{304C}\x{3059}\x{308B}\x{3002}\x{3042}\x{306E}\x{9CE5}\x{306E}\x{9CF4}\x{304F}"
          RenderRuby (inline) {RUBY} at (0,0) size 18x18
            RenderRubyRun (anonymous) at (1855,354) size 24x17
              RenderRubyText {RT} at (-9,0) size 14x17
                RenderText {#text} at (2,3) size 10x10
                  text run at (2,3) width 10: "\x{306D}"
              RenderRubyBase (anonymous) at (0,0) size 24x17
                RenderInline {RB} at (0,0) size 18x17
                  RenderText {#text} at (3,0) size 18x17
                    text run at (3,0) width 17: "\x{97F3}"
          RenderText {#text} at (1858,371) size 118x485
            text run at (1858,371) width 113: "\x{306B}\x{306F}\x{77AC}\x{6642}\x{306E}\x{4F59}\x{88D5}"
            text run at (1882,0) width 484: "\x{3082}\x{306A}\x{3044}\x{3002}\x{306E}\x{3069}\x{304B}\x{306A}\x{6625}\x{306E}\x{65E5}\x{3092}\x{9CF4}\x{304D}\x{5C3D}\x{304F}\x{3057}\x{3001}\x{9CF4}\x{304D}\x{3042}\x{304B}\x{3057}\x{3001}\x{307E}\x{305F}\x{9CF4}\x{304D}\x{66AE}\x{3089}"
            text run at (1906,0) width 484: "\x{3055}\x{306A}\x{3051}\x{308C}\x{3070}\x{6C17}\x{304C}\x{6E08}\x{307E}\x{3093}\x{3068}\x{898B}\x{3048}\x{308B}\x{3002}\x{305D}\x{306E}\x{4E0A}\x{3069}\x{3053}\x{307E}\x{3067}\x{3082}\x{767B}\x{3063}\x{3066}\x{884C}\x{304F}\x{3001}\x{3044}"
            text run at (1930,0) width 484: "\x{3064}\x{307E}\x{3067}\x{3082}\x{767B}\x{3063}\x{3066}\x{884C}\x{304F}\x{3002}\x{96F2}\x{96C0}\x{306F}\x{304D}\x{3063}\x{3068}\x{96F2}\x{306E}\x{4E2D}\x{3067}\x{6B7B}\x{306C}\x{306B}\x{76F8}\x{9055}\x{306A}\x{3044}\x{3002}\x{767B}\x{308A}"
            text run at (1958,0) width 49: "\x{8A70}\x{3081}\x{305F}"
          RenderRuby (inline) {RUBY} at (0,0) size 18x34
            RenderRubyRun (anonymous) at (1955,48) size 24x33
              RenderRubyText {RT} at (-9,0) size 14x33
                RenderText {#text} at (2,0) size 10x33
                  text run at (2,0) width 32: "\x{3042}\x{3052}\x{304F}"
              RenderRubyBase (anonymous) at (0,0) size 24x33
                RenderInline {RB} at (0,0) size 18x33
                  RenderText {#text} at (3,0) size 18x33
                    text run at (3,0) width 33: "\x{63DA}\x{53E5}"
          RenderText {#text} at (1958,81) size 18x114
            text run at (1958,81) width 113: "\x{306F}\x{3001}\x{6D41}\x{308C}\x{3066}\x{96F2}\x{306B}"
          RenderRuby (inline) {RUBY} at (0,0) size 18x18
            RenderRubyRun (anonymous) at (1955,194) size 24x17
              RenderRubyText {RT} at (-9,0) size 14x17
                RenderText {#text} at (2,3) size 10x10
                  text run at (2,3) width 10: "\x{3044}"
              RenderRubyBase (anonymous) at (0,0) size 24x17
                RenderInline {RB} at (0,0) size 18x17
                  RenderText {#text} at (3,0) size 18x17
                    text run at (3,0) width 17: "\x{5165}"
          RenderText {#text} at (1958,211) size 18x49
            text run at (1958,211) width 49: "\x{3063}\x{3066}\x{3001}"
          RenderRuby (inline) {RUBY} at (0,0) size 18x21
            RenderRubyRun (anonymous) at (1955,255) size 24x28
              RenderRubyText {RT} at (-9,0) size 14x28
                RenderText {#text} at (2,0) size 10x28
                  text run at (2,0) width 28: "\x{305F}\x{3060}\x{3088}"
              RenderRubyBase (anonymous) at (0,0) size 24x28
                RenderInline {RB} at (0,0) size 18x17
                  RenderText {#text} at (3,5) size 18x17
                    text run at (3,5) width 17: "\x{6F02}"
          RenderText {#text} at (1958,279) size 46x489
            text run at (1958,279) width 210: "\x{3046}\x{3066}\x{3044}\x{308B}\x{3046}\x{3061}\x{306B}\x{5F62}\x{306F}\x{6D88}\x{3048}\x{3066}\x{306A}"
            text run at (1986,0) width 210: "\x{304F}\x{306A}\x{3063}\x{3066}\x{3001}\x{305F}\x{3060}\x{58F0}\x{3060}\x{3051}\x{304C}\x{7A7A}\x{306E}"
          RenderRuby (inline) {RUBY} at (0,0) size 18x18
            RenderRubyRun (anonymous) at (1983,208) size 24x19
              RenderRubyText {RT} at (-9,0) size 14x19
                RenderText {#text} at (2,0) size 10x19
                  text run at (2,0) width 19: "\x{3046}\x{3061}"
              RenderRubyBase (anonymous) at (0,0) size 24x19
                RenderInline {RB} at (0,0) size 18x17
                  RenderText {#text} at (3,1) size 18x17
                    text run at (3,1) width 17: "\x{88E1}"
          RenderText {#text} at (1986,226) size 18x178
            text run at (1986,226) width 178: "\x{306B}\x{6B8B}\x{308B}\x{306E}\x{304B}\x{3082}\x{77E5}\x{308C}\x{306A}\x{3044}\x{3002}"
          RenderBR {BR} at (1986,403) size 18x1
          RenderText {#text} at (2014,0) size 18x17
            text run at (2014,0) width 17: "\x{3000}"
          RenderRuby (inline) {RUBY} at (0,0) size 18x36
            RenderRubyRun (anonymous) at (2011,15) size 24x37
              RenderRubyText {RT} at (-9,0) size 14x37
                RenderText {#text} at (2,0) size 10x37
                  text run at (2,0) width 37: "\x{3044}\x{308F}\x{304B}\x{3069}"
              RenderRubyBase (anonymous) at (0,0) size 24x37
                RenderInline {RB} at (0,0) size 18x35
                  RenderText {#text} at (3,1) size 18x35
                    text run at (3,1) width 35: "\x{5DCC}\x{89D2}"
          RenderText {#text} at (2014,51) size 18x130
            text run at (2014,51) width 129: "\x{3092}\x{92ED}\x{3069}\x{304F}\x{5EFB}\x{3063}\x{3066}\x{3001}"
          RenderRuby (inline) {RUBY} at (0,0) size 18x34
            RenderRubyRun (anonymous) at (2011,180) size 24x33
              RenderRubyText {RT} at (-9,0) size 14x33
                RenderText {#text} at (2,0) size 10x33
                  text run at (2,0) width 32: "\x{3042}\x{3093}\x{307E}"
              RenderRubyBase (anonymous) at (0,0) size 24x33
                RenderInline {RB} at (0,0) size 18x33
                  RenderText {#text} at (3,0) size 18x33
                    text run at (3,0) width 33: "\x{6309}\x{6469}"
          RenderText {#text} at (2014,213) size 18x33
            text run at (2014,213) width 33: "\x{306A}\x{3089}"
          RenderRuby (inline) {RUBY} at (0,0) size 18x54
            RenderRubyRun (anonymous) at (2011,244) size 24x55
              RenderRubyText {RT} at (-9,0) size 14x55
                RenderText {#text} at (2,0) size 10x55
                  text run at (2,0) width 55: "\x{307E}\x{3063}\x{3055}\x{304B}\x{3055}\x{307E}"
              RenderRubyBase (anonymous) at (0,0) size 24x55
                RenderInline {RB} at (0,0) size 18x53
                  RenderText {#text} at (3,1) size 18x53
                    text run at (3,1) width 53: "\x{771F}\x{9006}\x{69D8}"
          RenderText {#text} at (2014,298) size 18x146
            text run at (2014,298) width 146: "\x{306B}\x{843D}\x{3064}\x{308B}\x{3068}\x{3053}\x{308D}\x{3092}\x{3001}"
          RenderRuby (inline) {RUBY} at (0,0) size 18x18
            RenderRubyRun (anonymous) at (2011,442) size 24x19
              RenderRubyText {RT} at (-9,0) size 14x19
                RenderText {#text} at (2,0) size 10x19
                  text run at (2,0) width 19: "\x{304D}\x{308F}"
              RenderRubyBase (anonymous) at (0,0) size 24x19
                RenderInline {RB} at (0,0) size 18x17
                  RenderText {#text} at (3,1) size 18x17
                    text run at (3,1) width 17: "\x{969B}"
          RenderText {#text} at (2014,460) size 46x493
            text run at (2014,460) width 33: "\x{3069}\x{304F}"
            text run at (2042,0) width 129: "\x{53F3}\x{3078}\x{5207}\x{308C}\x{3066}\x{3001}\x{6A2A}\x{306B}"
          RenderRuby (inline) {RUBY} at (0,0) size 18x34
            RenderRubyRun (anonymous) at (2039,129) size 24x33
              RenderRubyText {RT} at (-9,0) size 14x33
                RenderText {#text} at (2,0) size 10x33
                  text run at (2,0) width 32: "\x{307F}\x{304A}\x{308D}"
              RenderRubyBase (anonymous) at (0,0) size 24x33
                RenderInline {RB} at (0,0) size 18x33
                  RenderText {#text} at (3,0) size 18x33
                    text run at (3,0) width 33: "\x{898B}\x{4E0B}"
          RenderText {#text} at (2042,161) size 18x50
            text run at (2042,161) width 49: "\x{3059}\x{3068}\x{3001}"
          RenderRuby (inline) {RUBY} at (0,0) size 18x18
            RenderRubyRun (anonymous) at (2039,210) size 24x17
              RenderRubyText {RT} at (-9,0) size 14x17
                RenderText {#text} at (2,3) size 10x10
                  text run at (2,3) width 10: "\x{306A}"
              RenderRubyBase (anonymous) at (0,0) size 24x17
                RenderInline {RB} at (0,0) size 18x17
                  RenderText {#text} at (3,0) size 18x17
                    text run at (3,0) width 17: "\x{83DC}"
          RenderText {#text} at (2042,227) size 46x486
            text run at (2042,227) width 258: "\x{306E}\x{82B1}\x{304C}\x{4E00}\x{9762}\x{306B}\x{898B}\x{3048}\x{308B}\x{3002}\x{96F2}\x{96C0}\x{306F}\x{3042}\x{3059}\x{3053}"
            text run at (2070,0) width 274: "\x{3078}\x{843D}\x{3061}\x{308B}\x{306E}\x{304B}\x{3068}\x{601D}\x{3063}\x{305F}\x{3002}\x{3044}\x{3044}\x{3084}\x{3001}\x{3042}\x{306E}"
          RenderRuby (inline) {RUBY} at (0,0) size 18x34
            RenderRubyRun (anonymous) at (2067,274) size 24x33
              RenderRubyText {RT} at (-9,0) size 14x33
                RenderText {#text} at (2,0) size 10x33
                  text run at (2,0) width 32: "\x{3053}\x{304C}\x{306D}"
              RenderRubyBase (anonymous) at (0,0) size 24x33
                RenderInline {RB} at (0,0) size 18x33
                  RenderText {#text} at (3,0) size 18x33
                    text run at (3,0) width 33: "\x{9EC4}\x{91D1}"
          RenderText {#text} at (2070,306) size 46x485
            text run at (2070,306) width 178: "\x{306E}\x{539F}\x{304B}\x{3089}\x{98DB}\x{3073}\x{4E0A}\x{304C}\x{3063}\x{3066}\x{304F}"
            text run at (2098,0) width 291: "\x{308B}\x{306E}\x{304B}\x{3068}\x{601D}\x{3063}\x{305F}\x{3002}\x{6B21}\x{306B}\x{306F}\x{843D}\x{3061}\x{308B}\x{96F2}\x{96C0}\x{3068}\x{3001}"
          RenderRuby (inline) {RUBY} at (0,0) size 18x18
            RenderRubyRun (anonymous) at (2095,289) size 24x19
              RenderRubyText {RT} at (-9,0) size 14x19
                RenderText {#text} at (2,0) size 10x19
                  text run at (2,0) width 19: "\x{3042}\x{304C}"
              RenderRubyBase (anonymous) at (0,0) size 24x19
                RenderInline {RB} at (0,0) size 18x17
                  RenderText {#text} at (3,1) size 18x17
                    text run at (3,1) width 17: "\x{4E0A}"
          RenderText {#text} at (2098,307) size 18x17
            text run at (2098,307) width 17: "\x{308B}"
          RenderRuby (inline) {RUBY} at (0,0) size 18x34
            RenderRubyRun (anonymous) at (2095,323) size 24x33
              RenderRubyText {RT} at (-9,0) size 14x33
                RenderText {#text} at (2,0) size 10x33
                  text run at (2,0) width 32: "\x{3072}\x{3070}\x{308A}"
              RenderRubyBase (anonymous) at (0,0) size 24x33
                RenderInline {RB} at (0,0) size 18x33
                  RenderText {#text} at (3,0) size 18x33
                    text run at (3,0) width 33: "\x{96F2}\x{96C0}"
          RenderText {#text} at (2098,356) size 46x486
            text run at (2098,356) width 129: "\x{304C}\x{5341}\x{6587}\x{5B57}\x{306B}\x{3059}\x{308C}\x{9055}"
            text run at (2126,0) width 468: "\x{3046}\x{306E}\x{304B}\x{3068}\x{601D}\x{3063}\x{305F}\x{3002}\x{6700}\x{5F8C}\x{306B}\x{3001}\x{843D}\x{3061}\x{308B}\x{6642}\x{3082}\x{3001}\x{4E0A}\x{308B}\x{6642}\x{3082}\x{3001}\x{307E}\x{305F}\x{5341}\x{6587}\x{5B57}\x{306B}"
          RenderRuby (inline) {RUBY} at (0,0) size 18x18
            RenderRubyRun (anonymous) at (2123,467) size 24x17
              RenderRubyText {RT} at (-9,0) size 14x17
                RenderText {#text} at (2,3) size 10x10
                  text run at (2,3) width 10: "\x{3059}"
              RenderRubyBase (anonymous) at (0,0) size 24x17
                RenderInline {RB} at (0,0) size 18x17
                  RenderText {#text} at (3,0) size 18x17
                    text run at (3,0) width 17: "\x{64E6}"
          RenderText {#text} at (2150,0) size 18x403
            text run at (2150,0) width 403: "\x{308C}\x{9055}\x{3046}\x{3068}\x{304D}\x{306B}\x{3082}\x{5143}\x{6C17}\x{3088}\x{304F}\x{9CF4}\x{304D}\x{3064}\x{3065}\x{3051}\x{308B}\x{3060}\x{308D}\x{3046}\x{3068}\x{601D}\x{3063}\x{305F}\x{3002}"
          RenderBR {BR} at (2150,402) size 18x1
          RenderText {#text} at (2178,0) size 18x194
            text run at (2178,0) width 194: "\x{3000}\x{6625}\x{306F}\x{7720}\x{304F}\x{306A}\x{308B}\x{3002}\x{732B}\x{306F}\x{9F20}\x{3092}"
          RenderRuby (inline) {RUBY} at (0,0) size 18x18
            RenderRubyRun (anonymous) at (2175,193) size 24x17
              RenderRubyText {RT} at (-9,0) size 14x17
                RenderText {#text} at (2,3) size 10x10
                  text run at (2,3) width 10: "\x{3068}"
              RenderRubyBase (anonymous) at (0,0) size 24x17
                RenderInline {RB} at (0,0) size 18x17
                  RenderText {#text} at (3,0) size 18x17
                    text run at (3,0) width 17: "\x{6355}"
          RenderText {#text} at (2178,210) size 46x485
            text run at (2178,210) width 274: "\x{308B}\x{4E8B}\x{3092}\x{5FD8}\x{308C}\x{3001}\x{4EBA}\x{9593}\x{306F}\x{501F}\x{91D1}\x{306E}\x{3042}\x{308B}\x{4E8B}\x{3092}\x{5FD8}"
            text run at (2206,0) width 146: "\x{308C}\x{308B}\x{3002}\x{6642}\x{306B}\x{306F}\x{81EA}\x{5206}\x{306E}"
          RenderRuby (inline) {RUBY} at (0,0) size 18x30
            RenderRubyRun (anonymous) at (2203,141) size 24x37
              RenderRubyText {RT} at (-9,0) size 14x37
                RenderText {#text} at (2,0) size 10x37
                  text run at (2,0) width 37: "\x{305F}\x{307E}\x{3057}\x{3044}"
              RenderRubyBase (anonymous) at (0,0) size 24x37
                RenderInline {RB} at (0,0) size 18x17
                  RenderText {#text} at (3,10) size 18x17
                    text run at (3,10) width 17: "\x{9B42}"
          RenderText {#text} at (2206,174) size 18x17
            text run at (2206,174) width 17: "\x{306E}"
          RenderRuby (inline) {RUBY} at (0,0) size 18x36
            RenderRubyRun (anonymous) at (2203,189) size 24x37
              RenderRubyText {RT} at (-9,0) size 14x37
                RenderText {#text} at (2,0) size 10x37
                  text run at (2,0) width 37: "\x{3044}\x{3069}\x{3053}\x{308D}"
              RenderRubyBase (anonymous) at (0,0) size 24x37
                RenderInline {RB} at (0,0) size 18x35
                  RenderText {#text} at (3,1) size 18x35
                    text run at (3,1) width 35: "\x{5C45}\x{6240}"
          RenderText {#text} at (2206,225) size 46x483
            text run at (2206,225) width 258: "\x{3055}\x{3048}\x{5FD8}\x{308C}\x{3066}\x{6B63}\x{4F53}\x{306A}\x{304F}\x{306A}\x{308B}\x{3002}\x{305F}\x{3060}\x{83DC}\x{306E}"
            text run at (2234,0) width 194: "\x{82B1}\x{3092}\x{9060}\x{304F}\x{671B}\x{3093}\x{3060}\x{3068}\x{304D}\x{306B}\x{773C}\x{304C}"
          RenderRuby (inline) {RUBY} at (0,0) size 18x18
            RenderRubyRun (anonymous) at (2231,193) size 24x17
              RenderRubyText {RT} at (-9,0) size 14x17
                RenderText {#text} at (2,3) size 10x10
                  text run at (2,3) width 10: "\x{3055}"
              RenderRubyBase (anonymous) at (0,0) size 24x17
                RenderInline {RB} at (0,0) size 18x17
                  RenderText {#text} at (3,0) size 18x17
                    text run at (3,0) width 17: "\x{9192}"
          RenderText {#text} at (2234,210) size 46x485
            text run at (2234,210) width 274: "\x{3081}\x{308B}\x{3002}\x{96F2}\x{96C0}\x{306E}\x{58F0}\x{3092}\x{805E}\x{3044}\x{305F}\x{3068}\x{304D}\x{306B}\x{9B42}\x{306E}\x{3042}"
            text run at (2262,0) width 49: "\x{308A}\x{304B}\x{304C}"
          RenderRuby (inline) {RUBY} at (0,0) size 18x36
            RenderRubyRun (anonymous) at (2259,47) size 24x37
              RenderRubyText {RT} at (-9,0) size 14x37
                RenderText {#text} at (2,0) size 10x37
                  text run at (2,0) width 37: "\x{306F}\x{3093}\x{305C}\x{3093}"
              RenderRubyBase (anonymous) at (0,0) size 24x37
                RenderInline {RB} at (0,0) size 18x35
                  RenderText {#text} at (3,1) size 18x35
                    text run at (3,1) width 35: "\x{5224}\x{7136}"
          RenderText {#text} at (2262,83) size 90x487
            text run at (2262,83) width 403: "\x{3059}\x{308B}\x{3002}\x{96F2}\x{96C0}\x{306E}\x{9CF4}\x{304F}\x{306E}\x{306F}\x{53E3}\x{3067}\x{9CF4}\x{304F}\x{306E}\x{3067}\x{306F}\x{306A}\x{3044}\x{3001}\x{9B42}\x{5168}\x{4F53}\x{304C}\x{9CF4}"
            text run at (2286,0) width 484: "\x{304F}\x{306E}\x{3060}\x{3002}\x{9B42}\x{306E}\x{6D3B}\x{52D5}\x{304C}\x{58F0}\x{306B}\x{3042}\x{3089}\x{308F}\x{308C}\x{305F}\x{3082}\x{306E}\x{306E}\x{3046}\x{3061}\x{3067}\x{3001}\x{3042}\x{308C}\x{307B}\x{3069}\x{5143}\x{6C17}\x{306E}"
            text run at (2310,0) width 484: "\x{3042}\x{308B}\x{3082}\x{306E}\x{306F}\x{306A}\x{3044}\x{3002}\x{3042}\x{3042}\x{6109}\x{5FEB}\x{3060}\x{3002}\x{3053}\x{3046}\x{601D}\x{3063}\x{3066}\x{3001}\x{3053}\x{3046}\x{6109}\x{5FEB}\x{306B}\x{306A}\x{308B}\x{306E}\x{304C}\x{8A69}"
            text run at (2334,0) width 65: "\x{3067}\x{3042}\x{308B}\x{3002}"
          RenderBR {BR} at (2334,64) size 18x1
          RenderText {#text} at (2358,0) size 46x484
            text run at (2358,0) width 484: "\x{3000}\x{305F}\x{3061}\x{307E}\x{3061}\x{30B7}\x{30A7}\x{30EC}\x{30FC}\x{306E}\x{96F2}\x{96C0}\x{306E}\x{8A69}\x{3092}\x{601D}\x{3044}\x{51FA}\x{3057}\x{3066}\x{3001}\x{53E3}\x{306E}\x{3046}\x{3061}\x{3067}\x{899A}\x{3048}\x{305F}\x{3068}"
            text run at (2386,0) width 65: "\x{3053}\x{308D}\x{3060}\x{3051}"
          RenderRuby (inline) {RUBY} at (0,0) size 18x41
            RenderRubyRun (anonymous) at (2383,61) size 24x46
              RenderRubyText {RT} at (-9,0) size 14x46
                RenderText {#text} at (2,0) size 10x46
                  text run at (2,0) width 46: "\x{3042}\x{3093}\x{3057}\x{3087}\x{3046}"
              RenderRubyBase (anonymous) at (0,0) size 24x46
                RenderInline {RB} at (0,0) size 18x40
                  RenderText {#text} at (3,3) size 18x40
                    text run at (3,3) width 40: "\x{6697}\x{8AA6}"
          RenderText {#text} at (2386,104) size 42x476
            text run at (2386,104) width 371: "\x{3057}\x{3066}\x{898B}\x{305F}\x{304C}\x{3001}\x{899A}\x{3048}\x{3066}\x{3044}\x{308B}\x{3068}\x{3053}\x{308D}\x{306F}\x{4E8C}\x{4E09}\x{53E5}\x{3057}\x{304B}\x{306A}\x{304B}\x{3063}"
            text run at (2410,0) width 307: "\x{305F}\x{3002}\x{305D}\x{306E}\x{4E8C}\x{4E09}\x{53E5}\x{306E}\x{306A}\x{304B}\x{306B}\x{3053}\x{3093}\x{306A}\x{306E}\x{304C}\x{3042}\x{308B}\x{3002}"
          RenderBR {BR} at (2410,306) size 18x1
        RenderBlock {DIV} at (2431,32) size 114x461
          RenderText {#text} at (3,0) size 18x190
            text run at (3,0) width 190: "\x{3000}\x{3000}We look before and after"
          RenderBR {BR} at (3,189) size 18x1
          RenderText {#text} at (27,0) size 18x223
            text run at (27,0) width 223: "\x{3000}\x{3000}\x{3000}\x{3000}And pine for what is not:"
          RenderBR {BR} at (27,222) size 18x1
          RenderText {#text} at (51,0) size 18x171
            text run at (51,0) width 171: "\x{3000}\x{3000}Our sincerest laughter"
          RenderBR {BR} at (51,170) size 18x1
          RenderText {#text} at (75,0) size 18x231
            text run at (75,0) width 231: "\x{3000}\x{3000}\x{3000}\x{3000}With some pain is fraught;"
          RenderBR {BR} at (75,230) size 18x1
          RenderText {#text} at (96,0) size 18x355
            text run at (96,0) width 355: "Our sweetest songs are those that tell of saddest thought."
          RenderBR {BR} at (96,355) size 18x0
        RenderBlock (anonymous) at (2545,0) size 1807x493
          RenderText {#text} at (10,0) size 18x113
            text run at (10,0) width 113: "\x{300C}\x{524D}\x{3092}\x{307F}\x{3066}\x{306F}\x{3001}"
          RenderRuby (inline) {RUBY} at (0,0) size 18x18
            RenderRubyRun (anonymous) at (7,112) size 24x19
              RenderRubyText {RT} at (-9,0) size 14x19
                RenderText {#text} at (2,0) size 10x19
                  text run at (2,0) width 19: "\x{3057}\x{308A}"
              RenderRubyBase (anonymous) at (0,0) size 24x19
                RenderInline {RB} at (0,0) size 18x17
                  RenderText {#text} at (3,1) size 18x17
                    text run at (3,1) width 17: "\x{5F8C}"
          RenderText {#text} at (10,129) size 18x98
            text run at (10,129) width 97: "\x{3048}\x{3092}\x{898B}\x{3066}\x{306F}\x{3001}"
          RenderRuby (inline) {RUBY} at (0,0) size 18x34
            RenderRubyRun (anonymous) at (7,226) size 24x33
              RenderRubyText {RT} at (-9,0) size 14x33
                RenderText {#text} at (2,0) size 10x33
                  text run at (2,0) width 32: "\x{3082}\x{306E}\x{307B}"
              RenderRubyBase (anonymous) at (0,0) size 24x33
                RenderInline {RB} at (0,0) size 18x33
                  RenderText {#text} at (3,0) size 18x33
                    text run at (3,0) width 33: "\x{7269}\x{6B32}"
          RenderText {#text} at (10,259) size 46x486
            text run at (10,259) width 226: "\x{3057}\x{3068}\x{3001}\x{3042}\x{3053}\x{304C}\x{308B}\x{308B}\x{304B}\x{306A}\x{308F}\x{308C}\x{3002}\x{8179}"
            text run at (38,0) width 468: "\x{304B}\x{3089}\x{306E}\x{3001}\x{7B11}\x{3068}\x{3044}\x{3048}\x{3069}\x{3001}\x{82E6}\x{3057}\x{307F}\x{306E}\x{3001}\x{305D}\x{3053}\x{306B}\x{3042}\x{308B}\x{3079}\x{3057}\x{3002}\x{3046}\x{3064}\x{304F}\x{3057}\x{304D}\x{3001}"
          RenderRuby (inline) {RUBY} at (0,0) size 18x19
            RenderRubyRun (anonymous) at (35,466) size 24x19
              RenderRubyText {RT} at (-9,0) size 14x19
                RenderText {#text} at (2,0) size 10x19
                  text run at (2,0) width 19: "\x{304D}\x{308F}"
              RenderRubyBase (anonymous) at (0,0) size 24x19
                RenderInline {RB} at (0,0) size 18x17
                  RenderText {#text} at (3,1) size 18x17
                    text run at (3,1) width 17: "\x{6975}"
          RenderText {#text} at (66,0) size 18x210
            text run at (66,0) width 210: "\x{307F}\x{306E}\x{6B4C}\x{306B}\x{3001}\x{60B2}\x{3057}\x{3055}\x{306E}\x{3001}\x{6975}\x{307F}\x{306E}"
          RenderRuby (inline) {RUBY} at (0,0) size 18x21
            RenderRubyRun (anonymous) at (63,205) size 24x28
              RenderRubyText {RT} at (-9,0) size 14x28
                RenderText {#text} at (2,0) size 10x28
                  text run at (2,0) width 28: "\x{304A}\x{3082}\x{3044}"
              RenderRubyBase (anonymous) at (0,0) size 24x28
                RenderInline {RB} at (0,0) size 18x17
                  RenderText {#text} at (3,5) size 18x17
                    text run at (3,5) width 17: "\x{60F3}"
          RenderText {#text} at (66,229) size 18x17
            text run at (66,229) width 17: "\x{3001}"
          RenderRuby (inline) {RUBY} at (0,0) size 18x18
            RenderRubyRun (anonymous) at (63,245) size 24x19
              RenderRubyText {RT} at (-9,0) size 14x19
                RenderText {#text} at (2,0) size 10x19
                  text run at (2,0) width 19: "\x{3053}\x{3082}"
              RenderRubyBase (anonymous) at (0,0) size 24x19
                RenderInline {RB} at (0,0) size 18x17
                  RenderText {#text} at (3,1) size 18x17
                    text run at (3,1) width 17: "\x{7C60}"
          RenderText {#text} at (66,262) size 18x98
            text run at (66,262) width 97: "\x{308B}\x{3068}\x{305E}\x{77E5}\x{308C}\x{300D}"
          RenderBR {BR} at (66,359) size 18x1
          RenderText {#text} at (90,0) size 46x484
            text run at (90,0) width 484: "\x{3000}\x{306A}\x{308B}\x{307B}\x{3069}\x{3044}\x{304F}\x{3089}\x{8A69}\x{4EBA}\x{304C}\x{5E78}\x{798F}\x{3067}\x{3082}\x{3001}\x{3042}\x{306E}\x{96F2}\x{96C0}\x{306E}\x{3088}\x{3046}\x{306B}\x{601D}\x{3044}\x{5207}\x{3063}\x{3066}\x{3001}"
            text run at (118,0) width 339: "\x{4E00}\x{5FC3}\x{4E0D}\x{4E71}\x{306B}\x{3001}\x{524D}\x{5F8C}\x{3092}\x{5FD8}\x{5374}\x{3057}\x{3066}\x{3001}\x{308F}\x{304C}\x{559C}\x{3073}\x{3092}\x{6B4C}\x{3046}"
          RenderRuby (inline) {RUBY} at (0,0) size 18x18
            RenderRubyRun (anonymous) at (115,337) size 24x19
              RenderRubyText {RT} at (-9,0) size 14x19
                RenderText {#text} at (2,0) size 10x19
                  text run at (2,0) width 19: "\x{308F}\x{3051}"
              RenderRubyBase (anonymous) at (0,0) size 24x19
                RenderInline {RB} at (0,0) size 18x17
                  RenderText {#text} at (3,1) size 18x17
                    text run at (3,1) width 17: "\x{8A33}"
          RenderText {#text} at (118,355) size 46x485
            text run at (118,355) width 129: "\x{306B}\x{306F}\x{884C}\x{304F}\x{307E}\x{3044}\x{3002}\x{897F}"
            text run at (146,0) width 291: "\x{6D0B}\x{306E}\x{8A69}\x{306F}\x{7121}\x{8AD6}\x{306E}\x{4E8B}\x{3001}\x{652F}\x{90A3}\x{306E}\x{8A69}\x{306B}\x{3082}\x{3001}\x{3088}\x{304F}"
          RenderRuby (inline) {RUBY} at (0,0) size 18x36
            RenderRubyRun (anonymous) at (143,289) size 24x37
              RenderRubyText {RT} at (-9,0) size 14x37
                RenderText {#text} at (2,0) size 10x37
                  text run at (2,0) width 37: "\x{3070}\x{3093}\x{3053}\x{304F}"
              RenderRubyBase (anonymous) at (0,0) size 24x37
                RenderInline {RB} at (0,0) size 18x35
                  RenderText {#text} at (3,1) size 18x35
                    text run at (3,1) width 35: "\x{4E07}\x{659B}"
          RenderText {#text} at (146,325) size 18x17
            text run at (146,325) width 17: "\x{306E}"
          RenderRuby (inline) {RUBY} at (0,0) size 18x21
            RenderRubyRun (anonymous) at (143,337) size 24x28
              RenderRubyText {RT} at (-9,0) size 14x28
                RenderText {#text} at (2,0) size 10x28
                  text run at (2,0) width 28: "\x{3046}\x{308C}\x{3044}"
              RenderRubyBase (anonymous) at (0,0) size 24x28
                RenderInline {RB} at (0,0) size 18x17
                  RenderText {#text} at (3,5) size 18x17
                    text run at (3,5) width 17: "\x{6101}"
          RenderText {#text} at (146,361) size 46x491
            text run at (146,361) width 129: "\x{306A}\x{3069}\x{3068}\x{4E91}\x{3046}\x{5B57}\x{304C}\x{3042}"
            text run at (174,0) width 162: "\x{308B}\x{3002}\x{8A69}\x{4EBA}\x{3060}\x{304B}\x{3089}\x{4E07}\x{659B}\x{3067}"
          RenderRuby (inline) {RUBY} at (0,0) size 18x36
            RenderRubyRun (anonymous) at (171,160) size 24x37
              RenderRubyText {RT} at (-9,0) size 14x37
                RenderText {#text} at (2,0) size 10x37
                  text run at (2,0) width 37: "\x{3057}\x{308D}\x{3046}\x{3068}"
              RenderRubyBase (anonymous) at (0,0) size 24x37
                RenderInline {RB} at (0,0) size 18x35
                  RenderText {#text} at (3,1) size 18x35
                    text run at (3,1) width 35: "\x{7D20}\x{4EBA}"
          RenderText {#text} at (174,196) size 18x49
            text run at (174,196) width 49: "\x{306A}\x{3089}\x{4E00}"
          RenderRuby (inline) {RUBY} at (0,0) size 18x18
            RenderRubyRun (anonymous) at (171,243) size 24x19
              RenderRubyText {RT} at (-9,0) size 14x19
                RenderText {#text} at (2,0) size 10x19
                  text run at (2,0) width 19: "\x{3054}\x{3046}"
              RenderRubyBase (anonymous) at (0,0) size 24x19
                RenderInline {RB} at (0,0) size 18x17
                  RenderText {#text} at (3,1) size 18x17
                    text run at (3,1) width 17: "\x{5408}"
          RenderText {#text} at (174,261) size 46x488
            text run at (174,261) width 226: "\x{3067}\x{6E08}\x{3080}\x{304B}\x{3082}\x{77E5}\x{308C}\x{306C}\x{3002}\x{3057}\x{3066}\x{898B}\x{308B}\x{3068}"
            text run at (202,0) width 226: "\x{8A69}\x{4EBA}\x{306F}\x{5E38}\x{306E}\x{4EBA}\x{3088}\x{308A}\x{3082}\x{82E6}\x{52B4}\x{6027}\x{3067}\x{3001}"
          RenderRuby (inline) {RUBY} at (0,0) size 18x36
            RenderRubyRun (anonymous) at (199,225) size 24x37
              RenderRubyText {RT} at (-9,0) size 14x37
                RenderText {#text} at (2,0) size 10x37
                  text run at (2,0) width 37: "\x{307C}\x{3093}\x{3053}\x{3064}"
              RenderRubyBase (anonymous) at (0,0) size 24x37
                RenderInline {RB} at (0,0) size 18x35
                  RenderText {#text} at (3,1) size 18x35
                    text run at (3,1) width 35: "\x{51E1}\x{9AA8}"
          RenderText {#text} at (202,260) size 46x487
            text run at (202,260) width 226: "\x{306E}\x{500D}\x{4EE5}\x{4E0A}\x{306B}\x{795E}\x{7D4C}\x{304C}\x{92ED}\x{654F}\x{306A}\x{306E}\x{304B}\x{3082}"
            text run at (230,0) width 291: "\x{77E5}\x{308C}\x{3093}\x{3002}\x{8D85}\x{4FD7}\x{306E}\x{559C}\x{3073}\x{3082}\x{3042}\x{308D}\x{3046}\x{304C}\x{3001}\x{7121}\x{91CF}\x{306E}"
          RenderRuby (inline) {RUBY} at (0,0) size 18x30
            RenderRubyRun (anonymous) at (227,286) size 24x37
              RenderRubyText {RT} at (-9,0) size 14x37
                RenderText {#text} at (2,0) size 10x37
                  text run at (2,0) width 37: "\x{304B}\x{306A}\x{3057}\x{307F}"
              RenderRubyBase (anonymous) at (0,0) size 24x37
                RenderInline {RB} at (0,0) size 18x17
                  RenderText {#text} at (3,10) size 18x17
                    text run at (3,10) width 17: "\x{60B2}"
          RenderText {#text} at (230,319) size 42x481
            text run at (230,319) width 162: "\x{3082}\x{591A}\x{304B}\x{308D}\x{3046}\x{3002}\x{305D}\x{3093}\x{306A}\x{3089}"
            text run at (254,0) width 210: "\x{3070}\x{8A69}\x{4EBA}\x{306B}\x{306A}\x{308B}\x{306E}\x{3082}\x{8003}\x{3048}\x{7269}\x{3060}\x{3002}"
          RenderBR {BR} at (254,209) size 18x1
          RenderText {#text} at (282,0) size 18x129
            text run at (282,0) width 129: "\x{3000}\x{3057}\x{3070}\x{3089}\x{304F}\x{306F}\x{8DEF}\x{304C}"
          RenderRuby (inline) {RUBY} at (0,0) size 18x21
            RenderRubyRun (anonymous) at (279,125) size 24x28
              RenderRubyText {RT} at (-9,0) size 14x28
                RenderText {#text} at (2,0) size 10x28
                  text run at (2,0) width 28: "\x{305F}\x{3044}\x{3089}"
              RenderRubyBase (anonymous) at (0,0) size 24x28
                RenderInline {RB} at (0,0) size 18x17
                  RenderText {#text} at (3,5) size 18x17
                    text run at (3,5) width 17: "\x{5E73}"
          RenderText {#text} at (282,148) size 18x66
            text run at (282,148) width 65: "\x{3067}\x{3001}\x{53F3}\x{306F}"
          RenderRuby (inline) {RUBY} at (0,0) size 18x50
            RenderRubyRun (anonymous) at (279,213) size 24x49
              RenderRubyText {RT} at (-9,0) size 14x49
                RenderText {#text} at (2,0) size 10x49
                  text run at (2,0) width 49: "\x{305E}\x{3046}\x{304D}\x{3084}\x{307E}"
              RenderRubyBase (anonymous) at (0,0) size 24x49
                RenderInline {RB} at (0,0) size 18x49
                  RenderText {#text} at (3,0) size 18x49
                    text run at (3,0) width 49: "\x{96D1}\x{6728}\x{5C71}"
          RenderText {#text} at (282,262) size 46x472
            text run at (282,262) width 210: "\x{3001}\x{5DE6}\x{306F}\x{83DC}\x{306E}\x{82B1}\x{306E}\x{898B}\x{3064}\x{3065}\x{3051}\x{3067}\x{3042}"
            text run at (310,0) width 129: "\x{308B}\x{3002}\x{8DB3}\x{306E}\x{4E0B}\x{306B}\x{6642}\x{3005}"
          RenderRuby (inline) {RUBY} at (0,0) size 18x50
            RenderRubyRun (anonymous) at (307,129) size 24x49
              RenderRubyText {RT} at (-9,0) size 14x49
                RenderText {#text} at (2,1) size 10x46
                  text run at (2,1) width 46: "\x{305F}\x{3093}\x{307D}\x{307D}"
              RenderRubyBase (anonymous) at (0,0) size 24x49
                RenderInline {RB} at (0,0) size 18x49
                  RenderText {#text} at (3,0) size 18x49
                    text run at (3,0) width 49: "\x{84B2}\x{516C}\x{82F1}"
          RenderText {#text} at (310,177) size 18x114
            text run at (310,177) width 113: "\x{3092}\x{8E0F}\x{307F}\x{3064}\x{3051}\x{308B}\x{3002}"
          RenderRuby (inline) {RUBY} at (0,0) size 18x30
            RenderRubyRun (anonymous) at (307,287) size 24x37
              RenderRubyText {RT} at (-9,0) size 14x37
                RenderText {#text} at (2,0) size 10x37
                  text run at (2,0) width 37: "\x{306E}\x{3053}\x{304E}\x{308A}"
              RenderRubyBase (anonymous) at (0,0) size 24x37
                RenderInline {RB} at (0,0) size 18x17
                  RenderText {#text} at (3,10) size 18x17
                    text run at (3,10) width 17: "\x{92F8}"
          RenderText {#text} at (310,319) size 46x481
            text run at (310,319) width 162: "\x{306E}\x{3088}\x{3046}\x{306A}\x{8449}\x{304C}\x{9060}\x{616E}\x{306A}\x{304F}"
            text run at (338,0) width 194: "\x{56DB}\x{65B9}\x{3078}\x{306E}\x{3057}\x{3066}\x{771F}\x{4E2D}\x{306B}\x{9EC4}\x{8272}\x{306A}"
          RenderRuby (inline) {RUBY} at (0,0) size 18x18
            RenderRubyRun (anonymous) at (335,192) size 24x19
              RenderRubyText {RT} at (-9,0) size 14x19
                RenderText {#text} at (2,0) size 10x19
                  text run at (2,0) width 19: "\x{305F}\x{307E}"
              RenderRubyBase (anonymous) at (0,0) size 24x19
                RenderInline {RB} at (0,0) size 18x17
                  RenderText {#text} at (3,1) size 18x17
                    text run at (3,1) width 17: "\x{73E0}"
          RenderText {#text} at (338,210) size 70x485
            text run at (338,210) width 274: "\x{3092}\x{64C1}\x{8B77}\x{3057}\x{3066}\x{3044}\x{308B}\x{3002}\x{83DC}\x{306E}\x{82B1}\x{306B}\x{6C17}\x{3092}\x{3068}\x{3089}\x{308C}"
            text run at (362,0) width 484: "\x{3066}\x{3001}\x{8E0F}\x{307F}\x{3064}\x{3051}\x{305F}\x{3042}\x{3068}\x{3067}\x{3001}\x{6C17}\x{306E}\x{6BD2}\x{306A}\x{4E8B}\x{3092}\x{3057}\x{305F}\x{3068}\x{3001}\x{632F}\x{308A}\x{5411}\x{3044}\x{3066}\x{898B}\x{308B}\x{3068}\x{3001}"
            text run at (390,0) width 242: "\x{9EC4}\x{8272}\x{306A}\x{73E0}\x{306F}\x{4F9D}\x{7136}\x{3068}\x{3057}\x{3066}\x{92F8}\x{306E}\x{306A}\x{304B}\x{306B}"
          RenderRuby (inline) {RUBY} at (0,0) size 18x34
            RenderRubyRun (anonymous) at (387,242) size 24x33
              RenderRubyText {RT} at (-9,0) size 14x33
                RenderText {#text} at (2,0) size 10x33
                  text run at (2,0) width 32: "\x{3061}\x{3093}\x{3056}"
              RenderRubyBase (anonymous) at (0,0) size 24x33
                RenderInline {RB} at (0,0) size 18x33
                  RenderText {#text} at (3,0) size 18x33
                    text run at (3,0) width 33: "\x{93AE}\x{5EA7}"
          RenderText {#text} at (390,274) size 18x82
            text run at (390,274) width 81: "\x{3057}\x{3066}\x{3044}\x{308B}\x{3002}"
          RenderRuby (inline) {RUBY} at (0,0) size 18x34
            RenderRubyRun (anonymous) at (387,355) size 24x33
              RenderRubyText {RT} at (-9,0) size 14x33
                RenderText {#text} at (2,0) size 10x33
                  text run at (2,0) width 32: "\x{306E}\x{3093}\x{304D}"
              RenderRubyBase (anonymous) at (0,0) size 24x33
                RenderInline {RB} at (0,0) size 18x33
                  RenderText {#text} at (3,0) size 18x33
                    text run at (3,0) width 33: "\x{5451}\x{6C17}"
          RenderText {#text} at (390,388) size 42x485
            text run at (390,388) width 97: "\x{306A}\x{3082}\x{306E}\x{3060}\x{3002}\x{307E}"
            text run at (414,0) width 146: "\x{305F}\x{8003}\x{3048}\x{3092}\x{3064}\x{3065}\x{3051}\x{308B}\x{3002}"
          RenderBR {BR} at (414,145) size 18x1
          RenderText {#text} at (442,0) size 18x65
            text run at (442,0) width 65: "\x{3000}\x{8A69}\x{4EBA}\x{306B}"
          RenderRuby (inline) {RUBY} at (0,0) size 18x21
            RenderRubyRun (anonymous) at (439,60) size 24x28
              RenderRubyText {RT} at (-9,0) size 14x28
                RenderText {#text} at (2,0) size 10x28
                  text run at (2,0) width 28: "\x{3046}\x{308C}\x{3044}"
              RenderRubyBase (anonymous) at (0,0) size 24x28
                RenderInline {RB} at (0,0) size 18x17
                  RenderText {#text} at (3,5) size 18x17
                    text run at (3,5) width 17: "\x{6182}"
          RenderText {#text} at (442,84) size 18x243
            text run at (442,84) width 242: "\x{306F}\x{3064}\x{304D}\x{3082}\x{306E}\x{304B}\x{3082}\x{77E5}\x{308C}\x{306A}\x{3044}\x{304C}\x{3001}\x{3042}\x{306E}"
          RenderRuby (inline) {RUBY} at (0,0) size 18x34
            RenderRubyRun (anonymous) at (439,326) size 24x33
              RenderRubyText {RT} at (-9,0) size 14x33
                RenderText {#text} at (2,0) size 10x33
                  text run at (2,0) width 32: "\x{3072}\x{3070}\x{308A}"
              RenderRubyBase (anonymous) at (0,0) size 24x33
                RenderInline {RB} at (0,0) size 18x33
                  RenderText {#text} at (3,0) size 18x33
                    text run at (3,0) width 33: "\x{96F2}\x{96C0}"
          RenderText {#text} at (442,359) size 46x489
            text run at (442,359) width 129: "\x{3092}\x{805E}\x{304F}\x{5FC3}\x{6301}\x{306B}\x{306A}\x{308C}"
            text run at (470,0) width 17: "\x{3070}"
          RenderRuby (inline) {RUBY} at (0,0) size 18x34
            RenderRubyRun (anonymous) at (467,16) size 24x33
              RenderRubyText {RT} at (-9,0) size 14x33
                RenderText {#text} at (2,0) size 10x33
                  text run at (2,0) width 32: "\x{307F}\x{3058}\x{3093}"
              RenderRubyBase (anonymous) at (0,0) size 24x33
                RenderInline {RB} at (0,0) size 18x33
                  RenderText {#text} at (3,0) size 18x33
                    text run at (3,0) width 33: "\x{5FAE}\x{5875}"
          RenderText {#text} at (470,49) size 18x17
            text run at (470,49) width 17: "\x{306E}"
          RenderRuby (inline) {RUBY} at (0,0) size 18x18
            RenderRubyRun (anonymous) at (467,65) size 24x17
              RenderRubyText {RT} at (-9,0) size 14x17
                RenderText {#text} at (2,3) size 10x10
                  text run at (2,3) width 10: "\x{304F}"
              RenderRubyBase (anonymous) at (0,0) size 24x17
                RenderInline {RB} at (0,0) size 18x17
                  RenderText {#text} at (3,0) size 18x17
                    text run at (3,0) width 17: "\x{82E6}"
          RenderText {#text} at (470,82) size 18x339
            text run at (470,82) width 339: "\x{3082}\x{306A}\x{3044}\x{3002}\x{83DC}\x{306E}\x{82B1}\x{3092}\x{898B}\x{3066}\x{3082}\x{3001}\x{305F}\x{3060}\x{3046}\x{308C}\x{3057}\x{304F}\x{3066}\x{80F8}\x{304C}"
          RenderRuby (inline) {RUBY} at (0,0) size 18x18
            RenderRubyRun (anonymous) at (467,420) size 24x19
              RenderRubyText {RT} at (-9,0) size 14x19
                RenderText {#text} at (2,0) size 10x19
                  text run at (2,0) width 19: "\x{304A}\x{3069}"
              RenderRubyBase (anonymous) at (0,0) size 24x19
                RenderInline {RB} at (0,0) size 18x17
                  RenderText {#text} at (3,1) size 18x17
                    text run at (3,1) width 17: "\x{8E8D}"
          RenderText {#text} at (470,437) size 70x486
            text run at (470,437) width 49: "\x{308B}\x{3070}\x{304B}"
            text run at (494,0) width 484: "\x{308A}\x{3060}\x{3002}\x{84B2}\x{516C}\x{82F1}\x{3082}\x{305D}\x{306E}\x{901A}\x{308A}\x{3001}\x{685C}\x{3082}\x{2015}\x{2015}\x{685C}\x{306F}\x{3044}\x{3064}\x{304B}\x{898B}\x{3048}\x{306A}\x{304F}\x{306A}\x{3063}\x{305F}\x{3002}\x{3053}"
            text run at (522,0) width 162: "\x{3046}\x{5C71}\x{306E}\x{4E2D}\x{3078}\x{6765}\x{3066}\x{81EA}\x{7136}\x{306E}"
          RenderRuby (inline) {RUBY} at (0,0) size 18x36
            RenderRubyRun (anonymous) at (519,160) size 24x37
              RenderRubyText {RT} at (-9,0) size 14x37
                RenderText {#text} at (2,0) size 10x37
                  text run at (2,0) width 37: "\x{3051}\x{3044}\x{3076}\x{3064}"
              RenderRubyBase (anonymous) at (0,0) size 24x37
                RenderInline {RB} at (0,0) size 18x35
                  RenderText {#text} at (3,1) size 18x35
                    text run at (3,1) width 35: "\x{666F}\x{7269}"
          RenderText {#text} at (522,196) size 46x487
            text run at (522,196) width 291: "\x{306B}\x{63A5}\x{3059}\x{308C}\x{3070}\x{3001}\x{898B}\x{308B}\x{3082}\x{306E}\x{3082}\x{805E}\x{304F}\x{3082}\x{306E}\x{3082}\x{9762}\x{767D}"
            text run at (550,0) width 436: "\x{3044}\x{3002}\x{9762}\x{767D}\x{3044}\x{3060}\x{3051}\x{3067}\x{5225}\x{6BB5}\x{306E}\x{82E6}\x{3057}\x{307F}\x{3082}\x{8D77}\x{3089}\x{306C}\x{3002}\x{8D77}\x{308B}\x{3068}\x{3059}\x{308C}\x{3070}\x{8DB3}\x{304C}"
          RenderRuby (inline) {RUBY} at (0,0) size 18x34
            RenderRubyRun (anonymous) at (547,435) size 24x33
              RenderRubyText {RT} at (-9,0) size 14x33
                RenderText {#text} at (2,0) size 10x33
                  text run at (2,0) width 32: "\x{304F}\x{305F}\x{3073}"
              RenderRubyBase (anonymous) at (0,0) size 24x33
                RenderInline {RB} at (0,0) size 18x33
                  RenderText {#text} at (3,0) size 18x33
                    text run at (3,0) width 33: "\x{8349}\x{81E5}"
          RenderText {#text} at (550,468) size 46x485
            text run at (550,468) width 17: "\x{308C}"
            text run at (578,0) width 33: "\x{3066}\x{3001}"
          RenderRuby (inline) {RUBY} at (0,0) size 18x18
            RenderRubyRun (anonymous) at (575,31) size 24x19
              RenderRubyText {RT} at (-9,0) size 14x19
                RenderText {#text} at (2,0) size 10x19
                  text run at (2,0) width 19: "\x{3046}\x{307E}"
              RenderRubyBase (anonymous) at (0,0) size 24x19
                RenderInline {RB} at (0,0) size 18x17
                  RenderText {#text} at (3,1) size 18x17
                    text run at (3,1) width 17: "\x{65E8}"
          RenderText {#text} at (578,49) size 18x291
            text run at (578,49) width 291: "\x{3044}\x{3082}\x{306E}\x{304C}\x{98DF}\x{3079}\x{3089}\x{308C}\x{306C}\x{304F}\x{3089}\x{3044}\x{306E}\x{4E8B}\x{3060}\x{308D}\x{3046}\x{3002}"
          RenderBR {BR} at (578,339) size 18x1
          RenderText {#text} at (606,0) size 18x419
            text run at (606,0) width 419: "\x{3000}\x{3057}\x{304B}\x{3057}\x{82E6}\x{3057}\x{307F}\x{306E}\x{306A}\x{3044}\x{306E}\x{306F}\x{306A}\x{305C}\x{3060}\x{308D}\x{3046}\x{3002}\x{305F}\x{3060}\x{3053}\x{306E}\x{666F}\x{8272}\x{3092}\x{4E00}"
          RenderRuby (inline) {RUBY} at (0,0) size 18x18
            RenderRubyRun (anonymous) at (603,418) size 24x19
              RenderRubyText {RT} at (-9,0) size 14x19
                RenderText {#text} at (2,0) size 10x19
                  text run at (2,0) width 19: "\x{3077}\x{304F}"
              RenderRubyBase (anonymous) at (0,0) size 24x19
                RenderInline {RB} at (0,0) size 18x17
                  RenderText {#text} at (3,1) size 18x17
                    text run at (3,1) width 17: "\x{5E45}"
          RenderText {#text} at (606,435) size 18x18
            text run at (606,435) width 17: "\x{306E}"
          RenderRuby (inline) {RUBY} at (0,0) size 18x18
            RenderRubyRun (anonymous) at (603,452) size 24x17
              RenderRubyText {RT} at (-9,0) size 14x17
                RenderText {#text} at (2,3) size 10x10
                  text run at (2,3) width 10: "\x{3048}"
              RenderRubyBase (anonymous) at (0,0) size 24x17
                RenderInline {RB} at (0,0) size 18x17
                  RenderText {#text} at (3,0) size 18x17
                    text run at (3,0) width 17: "\x{753B}"
          RenderText {#text} at (606,469) size 46x486
            text run at (606,469) width 17: "\x{3068}"
            text run at (634,0) width 33: "\x{3057}\x{3066}"
          RenderRuby (inline) {RUBY} at (0,0) size 18x18
            RenderRubyRun (anonymous) at (631,32) size 24x17
              RenderRubyText {RT} at (-9,0) size 14x17
                RenderText {#text} at (2,3) size 10x10
                  text run at (2,3) width 10: "\x{307F}"
              RenderRubyBase (anonymous) at (0,0) size 24x17
                RenderInline {RB} at (0,0) size 18x17
                  RenderText {#text} at (3,0) size 18x17
                    text run at (3,0) width 17: "\x{89B3}"
          RenderText {#text} at (634,49) size 18x33
            text run at (634,49) width 33: "\x{3001}\x{4E00}"
          RenderRuby (inline) {RUBY} at (0,0) size 18x18
            RenderRubyRun (anonymous) at (631,80) size 24x19
              RenderRubyText {RT} at (-9,0) size 14x19
                RenderText {#text} at (2,0) size 10x19
                  text run at (2,0) width 19: "\x{304B}\x{3093}"
              RenderRubyBase (anonymous) at (0,0) size 24x19
                RenderInline {RB} at (0,0) size 18x17
                  RenderText {#text} at (3,1) size 18x17
                    text run at (3,1) width 17: "\x{5DFB}"
          RenderText {#text} at (634,98) size 18x210
            text run at (634,98) width 210: "\x{306E}\x{8A69}\x{3068}\x{3057}\x{3066}\x{8AAD}\x{3080}\x{304B}\x{3089}\x{3067}\x{3042}\x{308B}\x{3002}"
          RenderRuby (inline) {RUBY} at (0,0) size 18x18
            RenderRubyRun (anonymous) at (631,308) size 24x17
              RenderRubyText {RT} at (-9,0) size 14x17
                RenderText {#text} at (2,3) size 10x10
                  text run at (2,3) width 10: "\x{304C}"
              RenderRubyBase (anonymous) at (0,0) size 24x17
                RenderInline {RB} at (0,0) size 18x17
                  RenderText {#text} at (3,0) size 18x17
                    text run at (3,0) width 17: "\x{753B}"
          RenderText {#text} at (634,324) size 18x163
            text run at (634,324) width 162: "\x{3067}\x{3042}\x{308A}\x{8A69}\x{3067}\x{3042}\x{308B}\x{4EE5}\x{4E0A}\x{306F}"
          RenderRuby (inline) {RUBY} at (0,0) size 18x33
            RenderRubyRun (anonymous) at (659,0) size 24x33
              RenderRubyText {RT} at (-9,0) size 14x33
                RenderText {#text} at (2,0) size 10x33
                  text run at (2,0) width 32: "\x{3058}\x{3081}\x{3093}"
              RenderRubyBase (anonymous) at (0,0) size 24x33
                RenderInline {RB} at (0,0) size 18x33
                  RenderText {#text} at (3,0) size 18x33
                    text run at (3,0) width 33: "\x{5730}\x{9762}"
          RenderText {#text} at (662,33) size 18x371
            text run at (662,33) width 371: "\x{3092}\x{8CB0}\x{3063}\x{3066}\x{3001}\x{958B}\x{62D3}\x{3059}\x{308B}\x{6C17}\x{306B}\x{3082}\x{306A}\x{3089}\x{306D}\x{3070}\x{3001}\x{9244}\x{9053}\x{3092}\x{304B}\x{3051}\x{3066}"
          RenderRuby (inline) {RUBY} at (0,0) size 18x36
            RenderRubyRun (anonymous) at (659,403) size 24x37
              RenderRubyText {RT} at (-9,0) size 14x37
                RenderText {#text} at (2,0) size 10x37
                  text run at (2,0) width 37: "\x{3072}\x{3068}\x{3082}\x{3046}"
              RenderRubyBase (anonymous) at (0,0) size 24x37
                RenderInline {RB} at (0,0) size 18x35
                  RenderText {#text} at (3,1) size 18x35
                    text run at (3,1) width 35: "\x{4E00}\x{5132}"
          RenderText {#text} at (662,438) size 18x49
            text run at (662,438) width 49: "\x{3051}\x{3059}\x{308B}"
          RenderRuby (inline) {RUBY} at (0,0) size 18x43
            RenderRubyRun (anonymous) at (687,0) size 24x46
              RenderRubyText {RT} at (-9,0) size 14x46
                RenderText {#text} at (2,0) size 10x46
                  text run at (2,0) width 46: "\x{308A}\x{3087}\x{3046}\x{3051}\x{3093}"
              RenderRubyBase (anonymous) at (0,0) size 24x46
                RenderInline {RB} at (0,0) size 18x40
                  RenderText {#text} at (3,3) size 18x40
                    text run at (3,3) width 40: "\x{4E86}\x{898B}"
          RenderText {#text} at (690,43) size 18x258
            text run at (690,43) width 258: "\x{3082}\x{8D77}\x{3089}\x{306C}\x{3002}\x{305F}\x{3060}\x{3053}\x{306E}\x{666F}\x{8272}\x{304C}\x{2015}\x{2015}\x{8179}\x{306E}"
          RenderRuby (inline) {RUBY} at (0,0) size 18x18
            RenderRubyRun (anonymous) at (687,301) size 24x17
              RenderRubyText {RT} at (-9,0) size 14x17
                RenderText {#text} at (2,3) size 10x10
                  text run at (2,3) width 10: "\x{305F}"
              RenderRubyBase (anonymous) at (0,0) size 24x17
                RenderInline {RB} at (0,0) size 18x17
                  RenderText {#text} at (3,0) size 18x17
                    text run at (3,0) width 17: "\x{8DB3}"
          RenderText {#text} at (690,317) size 70x484
            text run at (690,317) width 162: "\x{3057}\x{306B}\x{3082}\x{306A}\x{3089}\x{306C}\x{3001}\x{6708}\x{7D66}\x{306E}"
            text run at (714,0) width 484: "\x{88DC}\x{3044}\x{306B}\x{3082}\x{306A}\x{3089}\x{306C}\x{3053}\x{306E}\x{666F}\x{8272}\x{304C}\x{666F}\x{8272}\x{3068}\x{3057}\x{3066}\x{306E}\x{307F}\x{3001}\x{4F59}\x{304C}\x{5FC3}\x{3092}\x{697D}\x{307E}\x{305B}\x{3064}\x{3064}\x{3042}"
            text run at (742,0) width 146: "\x{308B}\x{304B}\x{3089}\x{82E6}\x{52B4}\x{3082}\x{5FC3}\x{914D}\x{3082}"
          RenderRuby (inline) {RUBY} at (0,0) size 18x21
            RenderRubyRun (anonymous) at (739,141) size 24x28
              RenderRubyText {RT} at (-9,0) size 14x28
                RenderText {#text} at (2,0) size 10x28
                  text run at (2,0) width 28: "\x{3068}\x{3082}\x{306A}"
              RenderRubyBase (anonymous) at (0,0) size 24x28
                RenderInline {RB} at (0,0) size 18x17
                  RenderText {#text} at (3,5) size 18x17
                    text run at (3,5) width 17: "\x{4F34}"
          RenderText {#text} at (742,165) size 18x291
            text run at (742,165) width 291: "\x{308F}\x{306C}\x{306E}\x{3060}\x{308D}\x{3046}\x{3002}\x{81EA}\x{7136}\x{306E}\x{529B}\x{306F}\x{3053}\x{3053}\x{306B}\x{304A}\x{3044}\x{3066}"
          RenderRuby (inline) {RUBY} at (0,0) size 18x18
            RenderRubyRun (anonymous) at (739,454) size 24x19
              RenderRubyText {RT} at (-9,0) size 14x19
                RenderText {#text} at (2,0) size 10x19
                  text run at (2,0) width 19: "\x{305F}\x{3063}"
              RenderRubyBase (anonymous) at (0,0) size 24x19
                RenderInline {RB} at (0,0) size 18x17
                  RenderText {#text} at (3,1) size 18x17
                    text run at (3,1) width 17: "\x{5C0A}"
          RenderText {#text} at (742,472) size 46x489
            text run at (742,472) width 17: "\x{3068}"
            text run at (770,0) width 178: "\x{3044}\x{3002}\x{543E}\x{4EBA}\x{306E}\x{6027}\x{60C5}\x{3092}\x{77AC}\x{523B}\x{306B}"
          RenderRuby (inline) {RUBY} at (0,0) size 18x34
            RenderRubyRun (anonymous) at (767,177) size 24x33
              RenderRubyText {RT} at (-9,0) size 14x33
                RenderText {#text} at (2,0) size 10x33
                  text run at (2,0) width 32: "\x{3068}\x{3046}\x{3084}"
              RenderRubyBase (anonymous) at (0,0) size 24x33
                RenderInline {RB} at (0,0) size 18x33
                  RenderText {#text} at (3,0) size 18x33
                    text run at (3,0) width 33: "\x{9676}\x{51B6}"
          RenderText {#text} at (770,210) size 18x33
            text run at (770,210) width 33: "\x{3057}\x{3066}"
          RenderRuby (inline) {RUBY} at (0,0) size 18x36
            RenderRubyRun (anonymous) at (767,241) size 24x37
              RenderRubyText {RT} at (-9,0) size 14x37
                RenderText {#text} at (2,0) size 10x37
                  text run at (2,0) width 37: "\x{3058}\x{3085}\x{3093}\x{3053}"
              RenderRubyBase (anonymous) at (0,0) size 24x37
                RenderInline {RB} at (0,0) size 18x35
                  RenderText {#text} at (3,1) size 18x35
                    text run at (3,1) width 35: "\x{9187}\x{4E4E}"
          RenderText {#text} at (770,277) size 42x487
            text run at (770,277) width 210: "\x{3068}\x{3057}\x{3066}\x{9187}\x{306A}\x{308B}\x{8A69}\x{5883}\x{306B}\x{5165}\x{3089}\x{3057}\x{3080}"
            text run at (794,0) width 146: "\x{308B}\x{306E}\x{306F}\x{81EA}\x{7136}\x{3067}\x{3042}\x{308B}\x{3002}"
          RenderBR {BR} at (794,145) size 18x1
          RenderText {#text} at (818,0) size 46x484
            text run at (818,0) width 484: "\x{3000}\x{604B}\x{306F}\x{3046}\x{3064}\x{304F}\x{3057}\x{304B}\x{308D}\x{3001}\x{5B5D}\x{3082}\x{3046}\x{3064}\x{304F}\x{3057}\x{304B}\x{308D}\x{3001}\x{5FE0}\x{541B}\x{611B}\x{56FD}\x{3082}\x{7D50}\x{69CB}\x{3060}\x{308D}\x{3046}\x{3002}"
            text run at (846,0) width 129: "\x{3057}\x{304B}\x{3057}\x{81EA}\x{8EAB}\x{304C}\x{305D}\x{306E}"
          RenderRuby (inline) {RUBY} at (0,0) size 18x21
            RenderRubyRun (anonymous) at (843,125) size 24x28
              RenderRubyText {RT} at (-9,0) size 14x28
                RenderText {#text} at (2,0) size 10x28
                  text run at (2,0) width 28: "\x{304D}\x{3087}\x{304F}"
              RenderRubyBase (anonymous) at (0,0) size 24x28
                RenderInline {RB} at (0,0) size 18x17
                  RenderText {#text} at (3,5) size 18x17
                    text run at (3,5) width 17: "\x{5C40}"
          RenderText {#text} at (846,148) size 18x114
            text run at (846,148) width 113: "\x{306B}\x{5F53}\x{308C}\x{3070}\x{5229}\x{5BB3}\x{306E}"
          RenderRuby (inline) {RUBY} at (0,0) size 18x34
            RenderRubyRun (anonymous) at (843,262) size 24x33
              RenderRubyText {RT} at (-9,0) size 14x33
                RenderText {#text} at (2,0) size 10x33
                  text run at (2,0) width 32: "\x{3064}\x{3080}\x{3058}"
              RenderRubyBase (anonymous) at (0,0) size 24x33
                RenderInline {RB} at (0,0) size 18x33
                  RenderText {#text} at (3,0) size 18x33
                    text run at (3,0) width 33: "\x{65CB}\x{98A8}"
          RenderText {#text} at (846,294) size 18x17
            text run at (846,294) width 17: "\x{306B}"
          RenderRuby (inline) {RUBY} at (0,0) size 18x18
            RenderRubyRun (anonymous) at (843,311) size 24x17
              RenderRubyText {RT} at (-9,0) size 14x17
                RenderText {#text} at (2,3) size 10x10
                  text run at (2,3) width 10: "\x{307E}"
              RenderRubyBase (anonymous) at (0,0) size 24x17
                RenderInline {RB} at (0,0) size 18x17
                  RenderText {#text} at (3,0) size 18x17
                    text run at (3,0) width 17: "\x{6372}"
          RenderText {#text} at (846,327) size 46x489
            text run at (846,327) width 162: "\x{304D}\x{8FBC}\x{307E}\x{308C}\x{3066}\x{3001}\x{3046}\x{3064}\x{304F}\x{3057}"
            text run at (874,0) width 226: "\x{304D}\x{4E8B}\x{306B}\x{3082}\x{3001}\x{7D50}\x{69CB}\x{306A}\x{4E8B}\x{306B}\x{3082}\x{3001}\x{76EE}\x{306F}"
          RenderRuby (inline) {RUBY} at (0,0) size 18x18
            RenderRubyRun (anonymous) at (871,225) size 24x19
              RenderRubyText {RT} at (-9,0) size 14x19
                RenderText {#text} at (2,0) size 10x19
                  text run at (2,0) width 19: "\x{304F}\x{3089}"
              RenderRubyBase (anonymous) at (0,0) size 24x19
                RenderInline {RB} at (0,0) size 18x17
                  RenderText {#text} at (3,1) size 18x17
                    text run at (3,1) width 17: "\x{7729}"
          RenderText {#text} at (874,242) size 46x485
            text run at (874,242) width 242: "\x{3093}\x{3067}\x{3057}\x{307E}\x{3046}\x{3002}\x{3057}\x{305F}\x{304C}\x{3063}\x{3066}\x{3069}\x{3053}\x{306B}\x{8A69}"
            text run at (902,0) width 129: "\x{304C}\x{3042}\x{308B}\x{304B}\x{81EA}\x{8EAB}\x{306B}\x{306F}"
          RenderRuby (inline) {RUBY} at (0,0) size 18x18
            RenderRubyRun (anonymous) at (899,129) size 24x17
              RenderRubyText {RT} at (-9,0) size 14x17
                RenderText {#text} at (2,3) size 10x10
                  text run at (2,3) width 10: "\x{3052}"
              RenderRubyBase (anonymous) at (0,0) size 24x17
                RenderInline {RB} at (0,0) size 18x17
                  RenderText {#text} at (3,0) size 18x17
                    text run at (3,0) width 17: "\x{89E3}"
          RenderText {#text} at (902,145) size 18x82
            text run at (902,145) width 81: "\x{3057}\x{304B}\x{306D}\x{308B}\x{3002}"
          RenderBR {BR} at (902,226) size 18x1
          RenderText {#text} at (926,0) size 46x484
            text run at (926,0) width 484: "\x{3000}\x{3053}\x{308C}\x{304C}\x{308F}\x{304B}\x{308B}\x{305F}\x{3081}\x{306B}\x{306F}\x{3001}\x{308F}\x{304B}\x{308B}\x{3060}\x{3051}\x{306E}\x{4F59}\x{88D5}\x{306E}\x{3042}\x{308B}\x{7B2C}\x{4E09}\x{8005}\x{306E}\x{5730}\x{4F4D}\x{306B}"
            text run at (954,0) width 355: "\x{7ACB}\x{305F}\x{306D}\x{3070}\x{306A}\x{3089}\x{306C}\x{3002}\x{4E09}\x{8005}\x{306E}\x{5730}\x{4F4D}\x{306B}\x{7ACB}\x{3066}\x{3070}\x{3053}\x{305D}\x{829D}\x{5C45}\x{306F}"
          RenderRuby (inline) {RUBY} at (0,0) size 18x18
            RenderRubyRun (anonymous) at (951,354) size 24x17
              RenderRubyText {RT} at (-9,0) size 14x17
                RenderText {#text} at (2,3) size 10x10
                  text run at (2,3) width 10: "\x{307F}"
              RenderRubyBase (anonymous) at (0,0) size 24x17
                RenderInline {RB} at (0,0) size 18x17
                  RenderText {#text} at (3,0) size 18x17
                    text run at (3,0) width 17: "\x{89B3}"
          RenderText {#text} at (954,371) size 70x485
            text run at (954,371) width 113: "\x{3066}\x{9762}\x{767D}\x{3044}\x{3002}\x{5C0F}\x{8AAC}"
            text run at (978,0) width 484: "\x{3082}\x{898B}\x{3066}\x{9762}\x{767D}\x{3044}\x{3002}\x{829D}\x{5C45}\x{3092}\x{898B}\x{3066}\x{9762}\x{767D}\x{3044}\x{4EBA}\x{3082}\x{3001}\x{5C0F}\x{8AAC}\x{3092}\x{8AAD}\x{3093}\x{3067}\x{9762}\x{767D}\x{3044}\x{4EBA}\x{3082}\x{3001}"
            text run at (1006,0) width 97: "\x{81EA}\x{5DF1}\x{306E}\x{5229}\x{5BB3}\x{306F}"
          RenderRuby (inline) {RUBY} at (0,0) size 18x18
            RenderRubyRun (anonymous) at (1003,96) size 24x19
              RenderRubyText {RT} at (-9,0) size 14x19
                RenderText {#text} at (2,0) size 10x19
                  text run at (2,0) width 19: "\x{305F}\x{306A}"
              RenderRubyBase (anonymous) at (0,0) size 24x19
                RenderInline {RB} at (0,0) size 18x17
                  RenderText {#text} at (3,1) size 18x17
                    text run at (3,1) width 17: "\x{68DA}"
          RenderText {#text} at (1006,113) size 42x485
            text run at (1006,113) width 371: "\x{3078}\x{4E0A}\x{3052}\x{3066}\x{3044}\x{308B}\x{3002}\x{898B}\x{305F}\x{308A}\x{8AAD}\x{3093}\x{3060}\x{308A}\x{3059}\x{308B}\x{9593}\x{3060}\x{3051}\x{306F}\x{8A69}\x{4EBA}\x{3067}"
            text run at (1030,0) width 49: "\x{3042}\x{308B}\x{3002}"
          RenderBR {BR} at (1030,48) size 18x1
          RenderText {#text} at (1058,0) size 18x307
            text run at (1058,0) width 307: "\x{3000}\x{305D}\x{308C}\x{3059}\x{3089}\x{3001}\x{666E}\x{901A}\x{306E}\x{829D}\x{5C45}\x{3084}\x{5C0F}\x{8AAC}\x{3067}\x{306F}\x{4EBA}\x{60C5}\x{3092}"
          RenderRuby (inline) {RUBY} at (0,0) size 18x18
            RenderRubyRun (anonymous) at (1055,305) size 24x19
              RenderRubyText {RT} at (-9,0) size 14x19
                RenderText {#text} at (2,0) size 10x19
                  text run at (2,0) width 19: "\x{307E}\x{306C}"
              RenderRubyBase (anonymous) at (0,0) size 24x19
                RenderInline {RB} at (0,0) size 18x17
                  RenderText {#text} at (3,1) size 18x17
                    text run at (3,1) width 17: "\x{514D}"
          RenderText {#text} at (1058,323) size 70x485
            text run at (1058,323) width 162: "\x{304B}\x{308C}\x{306C}\x{3002}\x{82E6}\x{3057}\x{3093}\x{3060}\x{308A}\x{3001}"
            text run at (1082,0) width 484: "\x{6012}\x{3063}\x{305F}\x{308A}\x{3001}\x{9A12}\x{3044}\x{3060}\x{308A}\x{3001}\x{6CE3}\x{3044}\x{305F}\x{308A}\x{3059}\x{308B}\x{3002}\x{898B}\x{308B}\x{3082}\x{306E}\x{3082}\x{3044}\x{3064}\x{304B}\x{305D}\x{306E}\x{4E2D}\x{306B}\x{540C}"
            text run at (1110,0) width 419: "\x{5316}\x{3057}\x{3066}\x{82E6}\x{3057}\x{3093}\x{3060}\x{308A}\x{3001}\x{6012}\x{3063}\x{305F}\x{308A}\x{3001}\x{9A12}\x{3044}\x{3060}\x{308A}\x{3001}\x{6CE3}\x{3044}\x{305F}\x{308A}\x{3059}\x{308B}\x{3002}"
          RenderRuby (inline) {RUBY} at (0,0) size 18x34
            RenderRubyRun (anonymous) at (1107,419) size 24x33
              RenderRubyText {RT} at (-9,0) size 14x33
                RenderText {#text} at (2,0) size 10x33
                  text run at (2,0) width 32: "\x{3068}\x{308A}\x{3048}"
              RenderRubyBase (anonymous) at (0,0) size 24x33
                RenderInline {RB} at (0,0) size 18x33
                  RenderText {#text} at (3,0) size 18x33
                    text run at (3,0) width 33: "\x{53D6}\x{67C4}"
          RenderText {#text} at (1110,451) size 46x485
            text run at (1110,451) width 33: "\x{306F}\x{5229}"
            text run at (1138,0) width 33: "\x{617E}\x{304C}"
          RenderRuby (inline) {RUBY} at (0,0) size 18x18
            RenderRubyRun (anonymous) at (1135,31) size 24x19
              RenderRubyText {RT} at (-9,0) size 14x19
                RenderText {#text} at (2,0) size 10x19
                  text run at (2,0) width 19: "\x{307E}\x{3058}"
              RenderRubyBase (anonymous) at (0,0) size 24x19
                RenderInline {RB} at (0,0) size 18x17
                  RenderText {#text} at (3,1) size 18x17
                    text run at (3,1) width 17: "\x{4EA4}"
          RenderText {#text} at (1138,49) size 18x114
            text run at (1138,49) width 113: "\x{3089}\x{306C}\x{3068}\x{4E91}\x{3046}\x{70B9}\x{306B}"
          RenderRuby (inline) {RUBY} at (0,0) size 18x18
            RenderRubyRun (anonymous) at (1135,161) size 24x19
              RenderRubyText {RT} at (-9,0) size 14x19
                RenderText {#text} at (2,0) size 10x19
                  text run at (2,0) width 19: "\x{305D}\x{3093}"
              RenderRubyBase (anonymous) at (0,0) size 24x19
                RenderInline {RB} at (0,0) size 18x17
                  RenderText {#text} at (3,1) size 18x17
                    text run at (3,1) width 17: "\x{5B58}"
          RenderText {#text} at (1138,179) size 18x307
            text run at (1138,179) width 307: "\x{3059}\x{308B}\x{304B}\x{3082}\x{77E5}\x{308C}\x{306C}\x{304C}\x{3001}\x{4EA4}\x{3089}\x{306C}\x{3060}\x{3051}\x{306B}\x{305D}\x{306E}\x{4ED6}\x{306E}"
          RenderRuby (inline) {RUBY} at (0,0) size 18x43
            RenderRubyRun (anonymous) at (1163,0) size 24x46
              RenderRubyText {RT} at (-9,0) size 14x46
                RenderText {#text} at (2,0) size 10x46
                  text run at (2,0) width 46: "\x{3058}\x{3087}\x{3046}\x{3057}\x{3087}"
              RenderRubyBase (anonymous) at (0,0) size 24x46
                RenderInline {RB} at (0,0) size 18x40
                  RenderText {#text} at (3,3) size 18x40
                    text run at (3,3) width 40: "\x{60C5}\x{7DD2}"
          RenderText {#text} at (1166,43) size 18x307
            text run at (1166,43) width 307: "\x{306F}\x{5E38}\x{3088}\x{308A}\x{306F}\x{4F59}\x{8A08}\x{306B}\x{6D3B}\x{52D5}\x{3059}\x{308B}\x{3060}\x{308D}\x{3046}\x{3002}\x{305D}\x{308C}\x{304C}"
          RenderRuby (inline) {RUBY} at (0,0) size 18x18
            RenderRubyRun (anonymous) at (1163,348) size 24x19
              RenderRubyText {RT} at (-9,0) size 14x19
                RenderText {#text} at (2,0) size 10x19
                  text run at (2,0) width 19: "\x{3044}\x{3084}"
              RenderRubyBase (anonymous) at (0,0) size 24x19
                RenderInline {RB} at (0,0) size 18x17
                  RenderText {#text} at (3,1) size 18x17
                    text run at (3,1) width 17: "\x{5ACC}"
          RenderText {#text} at (1166,366) size 18x33
            text run at (1166,366) width 33: "\x{3060}\x{3002}"
          RenderBR {BR} at (1166,398) size 18x1
          RenderText {#text} at (1190,0) size 46x484
            text run at (1190,0) width 484: "\x{3000}\x{82E6}\x{3057}\x{3093}\x{3060}\x{308A}\x{3001}\x{6012}\x{3063}\x{305F}\x{308A}\x{3001}\x{9A12}\x{3044}\x{3060}\x{308A}\x{3001}\x{6CE3}\x{3044}\x{305F}\x{308A}\x{306F}\x{4EBA}\x{306E}\x{4E16}\x{306B}\x{3064}\x{304D}\x{3082}\x{306E}"
            text run at (1218,0) width 194: "\x{3060}\x{3002}\x{4F59}\x{3082}\x{4E09}\x{5341}\x{5E74}\x{306E}\x{9593}\x{305D}\x{308C}\x{3092}"
          RenderRuby (inline) {RUBY} at (0,0) size 18x34
            RenderRubyRun (anonymous) at (1215,193) size 24x33
              RenderRubyText {RT} at (-9,0) size 14x33
                RenderText {#text} at (2,0) size 10x33
                  text run at (2,0) width 32: "\x{3057}\x{3068}\x{304A}"
              RenderRubyBase (anonymous) at (0,0) size 24x33
                RenderInline {RB} at (0,0) size 18x33
                  RenderText {#text} at (3,0) size 18x33
                    text run at (3,0) width 33: "\x{4ED5}\x{901A}"
          RenderText {#text} at (1218,226) size 18x49
            text run at (1218,226) width 49: "\x{3057}\x{3066}\x{3001}"
          RenderRuby (inline) {RUBY} at (0,0) size 18x36
            RenderRubyRun (anonymous) at (1215,274) size 24x37
              RenderRubyText {RT} at (-9,0) size 14x37
                RenderText {#text} at (2,0) size 10x37
                  text run at (2,0) width 37: "\x{3042}\x{304D}\x{3042}\x{304D}"
              RenderRubyBase (anonymous) at (0,0) size 24x37
                RenderInline {RB} at (0,0) size 18x35
                  RenderText {#text} at (3,1) size 18x35
                    text run at (3,1) width 35: "\x{98FD}\x{3005}"
          RenderText {#text} at (1218,309) size 18x50
            text run at (1218,309) width 49: "\x{3057}\x{305F}\x{3002}"
          RenderRuby (inline) {RUBY} at (0,0) size 18x18
            RenderRubyRun (anonymous) at (1215,358) size 24x17
              RenderRubyText {RT} at (-9,0) size 14x17
                RenderText {#text} at (2,3) size 10x10
                  text run at (2,3) width 10: "\x{3042}"
              RenderRubyBase (anonymous) at (0,0) size 24x17
                RenderInline {RB} at (0,0) size 18x17
                  RenderText {#text} at (3,0) size 18x17
                    text run at (3,0) width 17: "\x{98FD}"
          RenderText {#text} at (1218,375) size 70x488
            text run at (1218,375) width 113: "\x{304D}\x{98FD}\x{304D}\x{3057}\x{305F}\x{4E0A}\x{306B}"
            text run at (1242,0) width 484: "\x{829D}\x{5C45}\x{3084}\x{5C0F}\x{8AAC}\x{3067}\x{540C}\x{3058}\x{523A}\x{6FC0}\x{3092}\x{7E70}\x{308A}\x{8FD4}\x{3057}\x{3066}\x{306F}\x{5927}\x{5909}\x{3060}\x{3002}\x{4F59}\x{304C}\x{6B32}\x{3059}\x{308B}\x{8A69}\x{306F}\x{305D}\x{3093}"
            text run at (1270,0) width 129: "\x{306A}\x{4E16}\x{9593}\x{7684}\x{306E}\x{4EBA}\x{60C5}\x{3092}"
          RenderRuby (inline) {RUBY} at (0,0) size 18x34
            RenderRubyRun (anonymous) at (1267,129) size 24x33
              RenderRubyText {RT} at (-9,0) size 14x33
                RenderText {#text} at (2,3) size 10x26
                  text run at (2,3) width 26: "\x{3053}\x{3076}"
              RenderRubyBase (anonymous) at (0,0) size 24x33
                RenderInline {RB} at (0,0) size 18x33
                  RenderText {#text} at (3,0) size 18x33
                    text run at (3,0) width 33: "\x{9F13}\x{821E}"
          RenderText {#text} at (1270,161) size 46x485
            text run at (1270,161) width 323: "\x{3059}\x{308B}\x{3088}\x{3046}\x{306A}\x{3082}\x{306E}\x{3067}\x{306F}\x{306A}\x{3044}\x{3002}\x{4FD7}\x{5FF5}\x{3092}\x{653E}\x{68C4}\x{3057}\x{3066}\x{3001}"
            text run at (1298,0) width 97: "\x{3057}\x{3070}\x{3089}\x{304F}\x{3067}\x{3082}"
          RenderRuby (inline) {RUBY} at (0,0) size 18x36
            RenderRubyRun (anonymous) at (1295,96) size 24x37
              RenderRubyText {RT} at (-9,0) size 14x37
                RenderText {#text} at (2,0) size 10x37
                  text run at (2,0) width 37: "\x{3058}\x{3093}\x{304B}\x{3044}"
              RenderRubyBase (anonymous) at (0,0) size 24x37
                RenderInline {RB} at (0,0) size 18x35
                  RenderText {#text} at (3,1) size 18x35
                    text run at (3,1) width 35: "\x{5875}\x{754C}"
          RenderText {#text} at (1298,131) size 94x487
            text run at (1298,131) width 355: "\x{3092}\x{96E2}\x{308C}\x{305F}\x{5FC3}\x{6301}\x{3061}\x{306B}\x{306A}\x{308C}\x{308B}\x{8A69}\x{3067}\x{3042}\x{308B}\x{3002}\x{3044}\x{304F}\x{3089}\x{5091}\x{4F5C}\x{3067}"
            text run at (1322,0) width 484: "\x{3082}\x{4EBA}\x{60C5}\x{3092}\x{96E2}\x{308C}\x{305F}\x{829D}\x{5C45}\x{306F}\x{306A}\x{3044}\x{3001}\x{7406}\x{975E}\x{3092}\x{7D76}\x{3057}\x{305F}\x{5C0F}\x{8AAC}\x{306F}\x{5C11}\x{304B}\x{308D}\x{3046}\x{3002}\x{3069}\x{3053}\x{307E}"
            text run at (1346,0) width 484: "\x{3067}\x{3082}\x{4E16}\x{9593}\x{3092}\x{51FA}\x{308B}\x{4E8B}\x{304C}\x{51FA}\x{6765}\x{306C}\x{306E}\x{304C}\x{5F7C}\x{3089}\x{306E}\x{7279}\x{8272}\x{3067}\x{3042}\x{308B}\x{3002}\x{3053}\x{3068}\x{306B}\x{897F}\x{6D0B}\x{306E}\x{8A69}"
            text run at (1374,0) width 307: "\x{306B}\x{306A}\x{308B}\x{3068}\x{3001}\x{4EBA}\x{4E8B}\x{304C}\x{6839}\x{672C}\x{306B}\x{306A}\x{308B}\x{304B}\x{3089}\x{3044}\x{308F}\x{3086}\x{308B}"
          RenderRuby (inline) {RUBY} at (0,0) size 18x34
            RenderRubyRun (anonymous) at (1371,306) size 24x33
              RenderRubyText {RT} at (-9,0) size 14x33
                RenderText {#text} at (2,0) size 10x33
                  text run at (2,0) width 32: "\x{3057}\x{3044}\x{304B}"
              RenderRubyBase (anonymous) at (0,0) size 24x33
                RenderInline {RB} at (0,0) size 18x33
                  RenderText {#text} at (3,0) size 18x33
                    text run at (3,0) width 33: "\x{8A69}\x{6B4C}"
          RenderText {#text} at (1374,339) size 46x485
            text run at (1374,339) width 146: "\x{306E}\x{7D14}\x{7C8B}\x{306A}\x{308B}\x{3082}\x{306E}\x{3082}\x{3053}"
            text run at (1402,0) width 17: "\x{306E}"
          RenderRuby (inline) {RUBY} at (0,0) size 18x21
            RenderRubyRun (anonymous) at (1399,12) size 24x28
              RenderRubyText {RT} at (-9,0) size 14x28
                RenderText {#text} at (2,0) size 10x28
                  text run at (2,0) width 28: "\x{304D}\x{3087}\x{3046}"
              RenderRubyBase (anonymous) at (0,0) size 24x28
                RenderInline {RB} at (0,0) size 18x17
                  RenderText {#text} at (3,5) size 18x17
                    text run at (3,5) width 17: "\x{5883}"
          RenderText {#text} at (1402,36) size 18x17
            text run at (1402,36) width 17: "\x{3092}"
          RenderRuby (inline) {RUBY} at (0,0) size 18x34
            RenderRubyRun (anonymous) at (1399,52) size 24x33
              RenderRubyText {RT} at (-9,0) size 14x33
                RenderText {#text} at (2,0) size 10x33
                  text run at (2,0) width 32: "\x{3052}\x{3060}\x{3064}"
              RenderRubyBase (anonymous) at (0,0) size 24x33
                RenderInline {RB} at (0,0) size 18x33
                  RenderText {#text} at (3,0) size 18x33
                    text run at (3,0) width 33: "\x{89E3}\x{8131}"
          RenderText {#text} at (1402,85) size 46x489
            text run at (1402,85) width 403: "\x{3059}\x{308B}\x{4E8B}\x{3092}\x{77E5}\x{3089}\x{306C}\x{3002}\x{3069}\x{3053}\x{307E}\x{3067}\x{3082}\x{540C}\x{60C5}\x{3060}\x{3068}\x{304B}\x{3001}\x{611B}\x{3060}\x{3068}\x{304B}\x{3001}\x{6B63}"
            text run at (1430,0) width 178: "\x{7FA9}\x{3060}\x{3068}\x{304B}\x{3001}\x{81EA}\x{7531}\x{3060}\x{3068}\x{304B}\x{3001}"
          RenderRuby (inline) {RUBY} at (0,0) size 18x34
            RenderRubyRun (anonymous) at (1427,177) size 24x33
              RenderRubyText {RT} at (-9,0) size 14x33
                RenderText {#text} at (2,0) size 10x33
                  text run at (2,0) width 32: "\x{3046}\x{304D}\x{3088}"
              RenderRubyBase (anonymous) at (0,0) size 24x33
                RenderInline {RB} at (0,0) size 18x33
                  RenderText {#text} at (3,0) size 18x33
                    text run at (3,0) width 33: "\x{6D6E}\x{4E16}"
          RenderText {#text} at (1430,210) size 18x17
            text run at (1430,210) width 17: "\x{306E}"
          RenderRuby (inline) {RUBY} at (0,0) size 18x50
            RenderRubyRun (anonymous) at (1427,226) size 24x49
              RenderRubyText {RT} at (-9,0) size 14x49
                RenderText {#text} at (2,0) size 10x49
                  text run at (2,0) width 49: "\x{304B}\x{3093}\x{3053}\x{3046}\x{3070}"
              RenderRubyBase (anonymous) at (0,0) size 24x49
                RenderInline {RB} at (0,0) size 18x49
                  RenderText {#text} at (3,0) size 18x49
                    text run at (3,0) width 49: "\x{52E7}\x{5DE5}\x{5834}"
          RenderText {#text} at (1430,275) size 18x162
            text run at (1430,275) width 162: "\x{306B}\x{3042}\x{308B}\x{3082}\x{306E}\x{3060}\x{3051}\x{3067}\x{7528}\x{3092}"
          RenderRuby (inline) {RUBY} at (0,0) size 18x18
            RenderRubyRun (anonymous) at (1427,435) size 24x19
              RenderRubyText {RT} at (-9,0) size 14x19
                RenderText {#text} at (2,0) size 10x19
                  text run at (2,0) width 19: "\x{3079}\x{3093}"
              RenderRubyBase (anonymous) at (0,0) size 24x19
                RenderInline {RB} at (0,0) size 18x17
                  RenderText {#text} at (3,1) size 18x17
                    text run at (3,1) width 17: "\x{5F01}"
          RenderText {#text} at (1430,453) size 46x486
            text run at (1430,453) width 33: "\x{3058}\x{3066}"
            text run at (1458,0) width 291: "\x{3044}\x{308B}\x{3002}\x{3044}\x{304F}\x{3089}\x{8A69}\x{7684}\x{306B}\x{306A}\x{3063}\x{3066}\x{3082}\x{5730}\x{9762}\x{306E}\x{4E0A}\x{3092}"
          RenderRuby (inline) {RUBY} at (0,0) size 18x18
            RenderRubyRun (anonymous) at (1455,290) size 24x17
              RenderRubyText {RT} at (-9,0) size 14x17
                RenderText {#text} at (2,3) size 10x10
                  text run at (2,3) width 10: "\x{304B}"
              RenderRubyBase (anonymous) at (0,0) size 24x17
                RenderInline {RB} at (0,0) size 18x17
                  RenderText {#text} at (3,0) size 18x17
                    text run at (3,0) width 17: "\x{99B3}"
          RenderText {#text} at (1458,307) size 18x113
            text run at (1458,307) width 113: "\x{3051}\x{3066}\x{3042}\x{308B}\x{3044}\x{3066}\x{3001}"
          RenderRuby (inline) {RUBY} at (0,0) size 18x18
            RenderRubyRun (anonymous) at (1455,419) size 24x19
              RenderRubyText {RT} at (-9,0) size 14x19
                RenderText {#text} at (2,0) size 10x19
                  text run at (2,0) width 19: "\x{305C}\x{306B}"
              RenderRubyBase (anonymous) at (0,0) size 24x19
                RenderInline {RB} at (0,0) size 18x17
                  RenderText {#text} at (3,1) size 18x17
                    text run at (3,1) width 17: "\x{92AD}"
          RenderText {#text} at (1458,436) size 46x486
            text run at (1458,436) width 49: "\x{306E}\x{52D8}\x{5B9A}"
            text run at (1486,0) width 242: "\x{3092}\x{5FD8}\x{308C}\x{308B}\x{3072}\x{307E}\x{304C}\x{306A}\x{3044}\x{3002}\x{30B7}\x{30A7}\x{30EC}\x{30FC}\x{304C}"
          RenderRuby (inline) {RUBY} at (0,0) size 18x34
            RenderRubyRun (anonymous) at (1483,242) size 24x33
              RenderRubyText {RT} at (-9,0) size 14x33
                RenderText {#text} at (2,0) size 10x33
                  text run at (2,0) width 32: "\x{3072}\x{3070}\x{308A}"
              RenderRubyBase (anonymous) at (0,0) size 24x33
                RenderInline {RB} at (0,0) size 18x33
                  RenderText {#text} at (3,0) size 18x33
                    text run at (3,0) width 33: "\x{96F2}\x{96C0}"
          RenderText {#text} at (1486,274) size 42x485
            text run at (1486,274) width 210: "\x{3092}\x{805E}\x{3044}\x{3066}\x{5606}\x{606F}\x{3057}\x{305F}\x{306E}\x{3082}\x{7121}\x{7406}\x{306F}"
            text run at (1510,0) width 49: "\x{306A}\x{3044}\x{3002}"
          RenderBR {BR} at (1510,48) size 18x1
          RenderText {#text} at (1538,0) size 18x162
            text run at (1538,0) width 162: "\x{3000}\x{3046}\x{308C}\x{3057}\x{3044}\x{4E8B}\x{306B}\x{6771}\x{6D0B}\x{306E}"
          RenderRuby (inline) {RUBY} at (0,0) size 18x34
            RenderRubyRun (anonymous) at (1535,161) size 24x33
              RenderRubyText {RT} at (-9,0) size 14x33
                RenderText {#text} at (2,0) size 10x33
                  text run at (2,0) width 32: "\x{3057}\x{3044}\x{304B}"
              RenderRubyBase (anonymous) at (0,0) size 24x33
                RenderInline {RB} at (0,0) size 18x33
                  RenderText {#text} at (3,0) size 18x33
                    text run at (3,0) width 33: "\x{8A69}\x{6B4C}"
          RenderText {#text} at (1538,194) size 18x65
            text run at (1538,194) width 65: "\x{306F}\x{305D}\x{3053}\x{3092}"
          RenderRuby (inline) {RUBY} at (0,0) size 18x34
            RenderRubyRun (anonymous) at (1535,259) size 24x33
              RenderRubyText {RT} at (-9,0) size 14x33
                RenderText {#text} at (2,0) size 10x33
                  text run at (2,0) width 32: "\x{3052}\x{3060}\x{3064}"
              RenderRubyBase (anonymous) at (0,0) size 24x33
                RenderInline {RB} at (0,0) size 18x33
                  RenderText {#text} at (3,0) size 18x33
                    text run at (3,0) width 33: "\x{89E3}\x{8131}"
          RenderText {#text} at (1538,291) size 18x114
            text run at (1538,291) width 113: "\x{3057}\x{305F}\x{306E}\x{304C}\x{3042}\x{308B}\x{3002}"
          RenderRuby (inline) {RUBY} at (0,0) size 18x44
            RenderRubyRun (anonymous) at (1535,401) size 24x46
              RenderRubyText {RT} at (-9,0) size 14x46
                RenderText {#text} at (2,0) size 10x46
                  text run at (2,0) width 46: "\x{304D}\x{304F}\x{3092}\x{3068}\x{308B}"
              RenderRubyBase (anonymous) at (0,0) size 24x46
                RenderInline {RB} at (0,0) size 18x40
                  RenderText {#text} at (3,3) size 18x40
                    text run at (3,3) width 40: "\x{63A1}\x{83CA}"
          RenderRuby (inline) {RUBY} at (0,0) size 18x54
            RenderRubyRun (anonymous) at (1563,0) size 24x55
              RenderRubyText {RT} at (-9,0) size 14x55
                RenderText {#text} at (2,0) size 10x55
                  text run at (2,0) width 55: "\x{3068}\x{3046}\x{308A}\x{306E}\x{3082}\x{3068}"
              RenderRubyBase (anonymous) at (0,0) size 24x55
                RenderInline {RB} at (0,0) size 18x53
                  RenderText {#text} at (3,1) size 18x53
                    text run at (3,1) width 53: "\x{6771}\x{7C6C}\x{4E0B}"
          RenderText {#text} at (1566,54) size 18x17
            text run at (1566,54) width 17: "\x{3001}"
          RenderRuby (inline) {RUBY} at (0,0) size 18x61
            RenderRubyRun (anonymous) at (1563,66) size 24x64
              RenderRubyText {RT} at (-9,0) size 14x64
                RenderText {#text} at (2,0) size 10x64
                  text run at (2,0) width 64: "\x{3086}\x{3046}\x{305C}\x{3093}\x{3068}\x{3057}\x{3066}"
              RenderRubyBase (anonymous) at (0,0) size 24x64
                RenderInline {RB} at (0,0) size 18x49
                  RenderText {#text} at (3,7) size 18x49
                    text run at (3,7) width 49: "\x{60A0}\x{7136}"
          RenderRuby (inline) {RUBY} at (0,0) size 18x62
            RenderRubyRun (anonymous) at (1563,130) size 24x64
              RenderRubyText {RT} at (-9,0) size 14x64
                RenderText {#text} at (2,0) size 10x64
                  text run at (2,0) width 64: "\x{306A}\x{3093}\x{3056}\x{3093}\x{3092}\x{307F}\x{308B}"
              RenderRubyBase (anonymous) at (0,0) size 24x64
                RenderInline {RB} at (0,0) size 18x59
                  RenderText {#text} at (3,2) size 18x59
                    text run at (3,2) width 59: "\x{898B}\x{5357}\x{5C71}"
          RenderText {#text} at (1566,191) size 18x130
            text run at (1566,191) width 129: "\x{3002}\x{305F}\x{3060}\x{305D}\x{308C}\x{304E}\x{308A}\x{306E}"
          RenderRuby (inline) {RUBY} at (0,0) size 18x18
            RenderRubyRun (anonymous) at (1563,319) size 24x19
              RenderRubyText {RT} at (-9,0) size 14x19
                RenderText {#text} at (2,0) size 10x19
                  text run at (2,0) width 19: "\x{3046}\x{3061}"
              RenderRubyBase (anonymous) at (0,0) size 24x19
                RenderInline {RB} at (0,0) size 18x17
                  RenderText {#text} at (3,1) size 18x17
                    text run at (3,1) width 17: "\x{88CF}"
          RenderText {#text} at (1566,337) size 46x483
            text run at (1566,337) width 146: "\x{306B}\x{6691}\x{82E6}\x{3057}\x{3044}\x{4E16}\x{306E}\x{4E2D}\x{3092}"
            text run at (1594,0) width 387: "\x{307E}\x{308B}\x{3067}\x{5FD8}\x{308C}\x{305F}\x{5149}\x{666F}\x{304C}\x{51FA}\x{3066}\x{304F}\x{308B}\x{3002}\x{57A3}\x{306E}\x{5411}\x{3046}\x{306B}\x{96A3}\x{308A}\x{306E}\x{5A18}\x{304C}"
          RenderRuby (inline) {RUBY} at (0,0) size 18x18
            RenderRubyRun (anonymous) at (1591,386) size 24x19
              RenderRubyText {RT} at (-9,0) size 14x19
                RenderText {#text} at (2,0) size 10x19
                  text run at (2,0) width 19: "\x{306E}\x{305E}"
              RenderRubyBase (anonymous) at (0,0) size 24x19
                RenderInline {RB} at (0,0) size 18x17
                  RenderText {#text} at (3,1) size 18x17
                    text run at (3,1) width 17: "\x{8997}"
          RenderText {#text} at (1594,403) size 46x485
            text run at (1594,403) width 81: "\x{3044}\x{3066}\x{308B}\x{8A33}\x{3067}"
            text run at (1622,0) width 97: "\x{3082}\x{306A}\x{3051}\x{308C}\x{3070}\x{3001}"
          RenderRuby (inline) {RUBY} at (0,0) size 18x36
            RenderRubyRun (anonymous) at (1619,96) size 24x37
              RenderRubyText {RT} at (-9,0) size 14x37
                RenderText {#text} at (2,0) size 10x37
                  text run at (2,0) width 37: "\x{306A}\x{3093}\x{3056}\x{3093}"
              RenderRubyBase (anonymous) at (0,0) size 24x37
                RenderInline {RB} at (0,0) size 18x35
                  RenderText {#text} at (3,1) size 18x35
                    text run at (3,1) width 35: "\x{5357}\x{5C71}"
          RenderText {#text} at (1622,131) size 18x323
            text run at (1622,131) width 323: "\x{306B}\x{89AA}\x{53CB}\x{304C}\x{5949}\x{8077}\x{3057}\x{3066}\x{3044}\x{308B}\x{6B21}\x{7B2C}\x{3067}\x{3082}\x{306A}\x{3044}\x{3002}\x{8D85}\x{7136}\x{3068}"
          RenderRuby (inline) {RUBY} at (0,0) size 18x72
            RenderRubyRun (anonymous) at (1647,0) size 24x73
              RenderRubyText {RT} at (-9,0) size 14x73
                RenderText {#text} at (2,0) size 10x73
                  text run at (2,0) width 73: "\x{3057}\x{3085}\x{3063}\x{305B}\x{3051}\x{3093}\x{3066}\x{304D}"
              RenderRubyBase (anonymous) at (0,0) size 24x73
                RenderInline {RB} at (0,0) size 18x71
                  RenderText {#text} at (3,1) size 18x71
                    text run at (3,1) width 71: "\x{51FA}\x{4E16}\x{9593}\x{7684}"
          RenderText {#text} at (1650,72) size 18x339
            text run at (1650,72) width 339: "\x{306B}\x{5229}\x{5BB3}\x{640D}\x{5F97}\x{306E}\x{6C57}\x{3092}\x{6D41}\x{3057}\x{53BB}\x{3063}\x{305F}\x{5FC3}\x{6301}\x{3061}\x{306B}\x{306A}\x{308C}\x{308B}\x{3002}"
          RenderRuby (inline) {RUBY} at (0,0) size 18x25
            RenderRubyRun (anonymous) at (1647,406) size 24x28
              RenderRubyText {RT} at (-9,0) size 14x28
                RenderText {#text} at (2,0) size 10x28
                  text run at (2,0) width 28: "\x{3072}\x{3068}\x{308A}"
              RenderRubyBase (anonymous) at (0,0) size 24x28
                RenderInline {RB} at (0,0) size 18x17
                  RenderText {#text} at (3,5) size 18x17
                    text run at (3,5) width 17: "\x{72EC}"
          RenderRuby (inline) {RUBY} at (0,0) size 18x88
            RenderRubyRun (anonymous) at (1675,0) size 24x91
              RenderRubyText {RT} at (-9,0) size 14x91
                RenderText {#text} at (2,0) size 10x91
                  text run at (2,0) width 91: "\x{3086}\x{3046}\x{3053}\x{3046}\x{306E}\x{3046}\x{3061}\x{306B}\x{3056}\x{3057}"
              RenderRubyBase (anonymous) at (0,0) size 24x91
                RenderInline {RB} at (0,0) size 18x85
                  RenderText {#text} at (3,3) size 18x85
                    text run at (3,3) width 85: "\x{5750}\x{5E7D}\x{7BC1}\x{88CF}"
          RenderText {#text} at (1678,88) size 18x17
            text run at (1678,88) width 17: "\x{3001}"
          RenderRuby (inline) {RUBY} at (0,0) size 18x61
            RenderRubyRun (anonymous) at (1675,100) size 24x64
              RenderRubyText {RT} at (-9,0) size 14x64
                RenderText {#text} at (2,0) size 10x64
                  text run at (2,0) width 64: "\x{304D}\x{3093}\x{3092}\x{3060}\x{3093}\x{3058}\x{3066}"
              RenderRubyBase (anonymous) at (0,0) size 24x64
                RenderInline {RB} at (0,0) size 18x49
                  RenderText {#text} at (3,7) size 18x49
                    text run at (3,7) width 49: "\x{5F3E}\x{7434}"
          RenderRuby (inline) {RUBY} at (0,0) size 18x79
            RenderRubyRun (anonymous) at (1675,164) size 24x82
              RenderRubyText {RT} at (-9,0) size 14x82
                RenderText {#text} at (2,0) size 10x82
                  text run at (2,0) width 82: "\x{307E}\x{305F}\x{3061}\x{3087}\x{3046}\x{3057}\x{3087}\x{3046}\x{3059}"
              RenderRubyBase (anonymous) at (0,0) size 24x82
                RenderInline {RB} at (0,0) size 18x71
                  RenderText {#text} at (3,5) size 18x71
                    text run at (3,5) width 71: "\x{5FA9}\x{9577}\x{562F}"
          RenderText {#text} at (1678,242) size 18x17
            text run at (1678,242) width 17: "\x{3001}"
          RenderRuby (inline) {RUBY} at (0,0) size 18x37
            RenderRubyRun (anonymous) at (1675,257) size 24x37
              RenderRubyText {RT} at (-9,0) size 14x37
                RenderText {#text} at (2,0) size 10x37
                  text run at (2,0) width 37: "\x{3057}\x{3093}\x{308A}\x{3093}"
              RenderRubyBase (anonymous) at (0,0) size 24x37
                RenderInline {RB} at (0,0) size 18x35
                  RenderText {#text} at (3,1) size 18x35
                    text run at (3,1) width 35: "\x{6DF1}\x{6797}"
          RenderRuby (inline) {RUBY} at (0,0) size 18x50
            RenderRubyRun (anonymous) at (1675,294) size 24x49
              RenderRubyText {RT} at (-9,0) size 14x49
                RenderText {#text} at (2,0) size 10x49
                  text run at (2,0) width 49: "\x{3072}\x{3068}\x{3057}\x{3089}\x{305A}"
              RenderRubyBase (anonymous) at (0,0) size 24x49
                RenderInline {RB} at (0,0) size 18x49
                  RenderText {#text} at (3,0) size 18x49
                    text run at (3,0) width 49: "\x{4EBA}\x{4E0D}\x{77E5}"
          RenderText {#text} at (1678,343) size 18x17
            text run at (1678,343) width 17: "\x{3001}"
          RenderRuby (inline) {RUBY} at (0,0) size 18x70
            RenderRubyRun (anonymous) at (1675,355) size 24x73
              RenderRubyText {RT} at (-9,0) size 14x73
                RenderText {#text} at (2,0) size 10x73
                  text run at (2,0) width 73: "\x{3081}\x{3044}\x{3052}\x{3064}\x{304D}\x{305F}\x{308A}\x{3066}"
              RenderRubyBase (anonymous) at (0,0) size 24x73
                RenderInline {RB} at (0,0) size 18x65
                  RenderText {#text} at (3,4) size 18x65
                    text run at (3,4) width 65: "\x{660E}\x{6708}\x{6765}"
          RenderRuby (inline) {RUBY} at (0,0) size 18x44
            RenderRubyRun (anonymous) at (1675,428) size 24x46
              RenderRubyText {RT} at (-9,0) size 14x46
                RenderText {#text} at (2,0) size 10x46
                  text run at (2,0) width 46: "\x{3042}\x{3044}\x{3066}\x{3089}\x{3059}"
              RenderRubyBase (anonymous) at (0,0) size 24x46
                RenderInline {RB} at (0,0) size 18x40
                  RenderText {#text} at (3,3) size 18x40
                    text run at (3,3) width 40: "\x{76F8}\x{7167}"
          RenderText {#text} at (1678,471) size 46x488
            text run at (1678,471) width 17: "\x{3002}"
            text run at (1706,0) width 146: "\x{305F}\x{3060}\x{4E8C}\x{5341}\x{5B57}\x{306E}\x{3046}\x{3061}\x{306B}"
          RenderRuby (inline) {RUBY} at (0,0) size 18x18
            RenderRubyRun (anonymous) at (1703,144) size 24x19
              RenderRubyText {RT} at (-9,0) size 14x19
                RenderText {#text} at (2,0) size 10x19
                  text run at (2,0) width 19: "\x{3086}\x{3046}"
              RenderRubyBase (anonymous) at (0,0) size 24x19
                RenderInline {RB} at (0,0) size 18x17
                  RenderText {#text} at (3,1) size 18x17
                    text run at (3,1) width 17: "\x{512A}"
          RenderText {#text} at (1706,162) size 18x17
            text run at (1706,162) width 17: "\x{306B}"
          RenderRuby (inline) {RUBY} at (0,0) size 18x54
            RenderRubyRun (anonymous) at (1703,177) size 24x55
              RenderRubyText {RT} at (-9,0) size 14x55
                RenderText {#text} at (2,0) size 10x55
                  text run at (2,0) width 55: "\x{3079}\x{3064}\x{3051}\x{3093}\x{3053}\x{3093}"
              RenderRubyBase (anonymous) at (0,0) size 24x55
                RenderInline {RB} at (0,0) size 18x53
                  RenderText {#text} at (3,1) size 18x53
                    text run at (3,1) width 53: "\x{5225}\x{4E7E}\x{5764}"
          RenderText {#text} at (1706,231) size 18x17
            text run at (1706,231) width 17: "\x{3092}"
          RenderRuby (inline) {RUBY} at (0,0) size 18x41
            RenderRubyRun (anonymous) at (1703,244) size 24x46
              RenderRubyText {RT} at (-9,0) size 14x46
                RenderText {#text} at (2,0) size 10x46
                  text run at (2,0) width 46: "\x{3053}\x{3093}\x{308A}\x{3085}\x{3046}"
              RenderRubyBase (anonymous) at (0,0) size 24x46
                RenderInline {RB} at (0,0) size 18x40
                  RenderText {#text} at (3,3) size 18x40
                    text run at (3,3) width 40: "\x{5EFA}\x{7ACB}"
          RenderText {#text} at (1706,287) size 18x162
            text run at (1706,287) width 162: "\x{3057}\x{3066}\x{3044}\x{308B}\x{3002}\x{3053}\x{306E}\x{4E7E}\x{5764}\x{306E}"
          RenderRuby (inline) {RUBY} at (0,0) size 18x34
            RenderRubyRun (anonymous) at (1703,448) size 24x33
              RenderRubyText {RT} at (-9,0) size 14x33
                RenderText {#text} at (2,0) size 10x33
                  text run at (2,0) width 32: "\x{304F}\x{3069}\x{304F}"
              RenderRubyBase (anonymous) at (0,0) size 24x33
                RenderInline {RB} at (0,0) size 18x33
                  RenderText {#text} at (3,0) size 18x33
                    text run at (3,0) width 33: "\x{529F}\x{5FB3}"
          RenderText {#text} at (1734,0) size 18x33
            text run at (1734,0) width 33: "\x{306F}\x{300C}"
          RenderRuby (inline) {RUBY} at (0,0) size 18x50
            RenderRubyRun (anonymous) at (1731,32) size 24x49
              RenderRubyText {RT} at (-9,0) size 14x49
                RenderText {#text} at (2,0) size 10x49
                  text run at (2,0) width 49: "\x{307B}\x{3068}\x{3068}\x{304E}\x{3059}"
              RenderRubyBase (anonymous) at (0,0) size 24x49
                RenderInline {RB} at (0,0) size 18x49
                  RenderText {#text} at (3,0) size 18x49
                    text run at (3,0) width 49: "\x{4E0D}\x{5982}\x{5E30}"
          RenderText {#text} at (1734,81) size 18x49
            text run at (1734,81) width 49: "\x{300D}\x{3084}\x{300C}"
          RenderRuby (inline) {RUBY} at (0,0) size 18x66
            RenderRubyRun (anonymous) at (1731,130) size 24x65
              RenderRubyText {RT} at (-9,0) size 14x65
                RenderText {#text} at (2,0) size 10x65
                  text run at (2,0) width 65: "\x{3053}\x{3093}\x{3058}\x{304D}\x{3084}\x{3057}\x{3083}"
              RenderRubyBase (anonymous) at (0,0) size 24x65
                RenderInline {RB} at (0,0) size 18x65
                  RenderText {#text} at (3,0) size 18x65
                    text run at (3,0) width 65: "\x{91D1}\x{8272}\x{591C}\x{53C9}"
          RenderText {#text} at (1734,194) size 46x485
            text run at (1734,194) width 291: "\x{300D}\x{306E}\x{529F}\x{5FB3}\x{3067}\x{306F}\x{306A}\x{3044}\x{3002}\x{6C7D}\x{8239}\x{3001}\x{6C7D}\x{8ECA}\x{3001}\x{6A29}\x{5229}\x{3001}"
            text run at (1762,0) width 226: "\x{7FA9}\x{52D9}\x{3001}\x{9053}\x{5FB3}\x{3001}\x{793C}\x{7FA9}\x{3067}\x{75B2}\x{308C}\x{679C}\x{3066}\x{305F}"
          RenderRuby (inline) {RUBY} at (0,0) size 18x18
            RenderRubyRun (anonymous) at (1759,225) size 24x19
              RenderRubyText {RT} at (-9,0) size 14x19
                RenderText {#text} at (2,0) size 10x19
                  text run at (2,0) width 19: "\x{306E}\x{3061}"
              RenderRubyBase (anonymous) at (0,0) size 24x19
                RenderInline {RB} at (0,0) size 18x17
                  RenderText {#text} at (3,1) size 18x17
                    text run at (3,1) width 17: "\x{5F8C}"
          RenderText {#text} at (1762,242) size 42x485
            text run at (1762,242) width 242: "\x{306B}\x{3001}\x{3059}\x{3079}\x{3066}\x{3092}\x{5FD8}\x{5374}\x{3057}\x{3066}\x{3050}\x{3063}\x{3059}\x{308A}\x{5BDD}"
            text run at (1786,0) width 178: "\x{8FBC}\x{3080}\x{3088}\x{3046}\x{306A}\x{529F}\x{5FB3}\x{3067}\x{3042}\x{308B}\x{3002}"
          RenderBR {BR} at (1786,177) size 18x1
