layer at (0,0) size 784x2824
  RenderView at (0,0) size 784x600
layer at (0,0) size 784x2824
  RenderBlock {HTML} at (0,0) size 784x2824
    RenderBody {BODY} at (8,8) size 768x2800
      RenderBlock {H1} at (0,0) size 768x42
        RenderText {#text} at (0,0) size 489x42
          text run at (0,0) width 489: "Example 4: Some simple tables."
      RenderTable {TABLE} at (0,63) size 524x112 [border: (1px outset #808080)]
        RenderTableSection {TBODY} at (1,1) size 522x110
          RenderTableRow {TR} at (0,2) size 522x25
            RenderTableCell {TH} at (2,2) size 75x25 [border: (1px inset #808080)] [r=0 c=0 rs=1 cs=1]
              RenderText {#text} at (14,2) size 47x21
                text run at (14,2) width 47: "Color "
            RenderTableCell {TH} at (79,2) size 441x25 [border: (1px inset #808080)] [r=0 c=1 rs=1 cs=1]
              RenderText {#text} at (186,2) size 69x21
                text run at (186,2) width 69: "Meaning "
          RenderTableRow {TR} at (0,29) size 522x25
            RenderTableCell {TD} at (2,29) size 75x25 [bgcolor=#90EE90] [border: (1px inset #808080)] [r=1 c=0 rs=1 cs=1]
              RenderText {#text} at (2,2) size 71x21
                text run at (2,2) width 71: "lightgreen"
            RenderTableCell {TD} at (79,29) size 441x25 [border: (1px inset #808080)] [r=1 c=1 rs=1 cs=1]
              RenderText {#text} at (2,2) size 336x21
                text run at (2,2) width 336: "Light green is used on cells that have a colspan"
          RenderTableRow {TR} at (0,56) size 522x25
            RenderTableCell {TD} at (2,56) size 75x25 [bgcolor=#F0E68C] [border: (1px inset #808080)] [r=2 c=0 rs=1 cs=1]
              RenderText {#text} at (2,2) size 38x21
                text run at (2,2) width 38: "khaki"
            RenderTableCell {TD} at (79,56) size 441x25 [border: (1px inset #808080)] [r=2 c=1 rs=1 cs=1]
              RenderText {#text} at (2,2) size 302x21
                text run at (2,2) width 302: "Khaki is used on cells that have a rowspan"
          RenderTableRow {TR} at (0,83) size 522x25
            RenderTableCell {TD} at (2,83) size 75x25 [bgcolor=#D3D3D3] [border: (1px inset #808080)] [r=3 c=0 rs=1 cs=1]
              RenderText {#text} at (2,2) size 61x21
                text run at (2,2) width 61: "lightgrey"
            RenderTableCell {TD} at (79,83) size 441x25 [border: (1px inset #808080)] [r=3 c=1 rs=1 cs=1]
              RenderText {#text} at (2,2) size 335x21
                text run at (2,2) width 335: "Light grey is used on cells that have a rowspan "
              RenderInline {B} at (0,0) size 29x21
                RenderText {#text} at (337,2) size 29x21
                  text run at (337,2) width 29: "and"
              RenderText {#text} at (366,2) size 73x21
                text run at (366,2) width 73: " a colspan"
      RenderBlock (anonymous) at (0,175) size 768x42
        RenderBR {BR} at (0,0) size 0x21
        RenderText {#text} at (0,21) size 4x21
          text run at (0,21) width 4: " "
      RenderTable {TABLE} at (0,217) size 768x148 [border: (1px outset #808080)]
        RenderBlock {CAPTION} at (0,0) size 766x21
          RenderText {#text} at (102,0) size 562x21
            text run at (102,0) width 562: "Table 1 has this caption at the top.  It is defined to be 100% of it's parent's width."
        RenderTableSection {TBODY} at (1,22) size 766x125
          RenderTableRow {TR} at (0,2) size 766x46
            RenderTableCell {TD} at (2,12) size 397x25 [bgcolor=#90EE90] [border: (1px inset #808080)] [r=0 c=0 rs=1 cs=2]
              RenderText {#text} at (2,2) size 29x21
                text run at (2,2) width 29: "Cell"
            RenderTableCell {TD} at (401,2) size 363x46 [border: (1px inset #808080)] [r=0 c=2 rs=1 cs=1]
              RenderText {#text} at (2,2) size 332x42
                text run at (2,2) width 332: "Stuff to test out table cell layout. This should be"
                text run at (2,23) width 93: "long enough."
          RenderTableRow {TR} at (0,50) size 766x25
            RenderTableCell {TD} at (2,50) size 33x25 [border: (1px inset #808080)] [r=1 c=0 rs=1 cs=1]
              RenderText {#text} at (2,2) size 29x21
                text run at (2,2) width 29: "Cell"
            RenderTableCell {TD} at (37,50) size 727x25 [bgcolor=#90EE90] [border: (1px inset #808080)] [r=1 c=1 rs=1 cs=2]
              RenderText {#text} at (2,2) size 429x21
                text run at (2,2) width 429: "Stuff to test out table cell layout. This should be long enough."
          RenderTableRow {TR} at (0,77) size 766x46
            RenderTableCell {TD} at (2,87) size 33x25 [border: (1px inset #808080)] [r=2 c=0 rs=1 cs=1]
              RenderText {#text} at (2,2) size 29x21
                text run at (2,2) width 29: "Cell"
            RenderTableCell {TD} at (37,77) size 362x46 [border: (1px inset #808080)] [r=2 c=1 rs=1 cs=1]
              RenderText {#text} at (2,2) size 332x42
                text run at (2,2) width 332: "Stuff to test out table cell layout. This should be"
                text run at (2,23) width 93: "long enough."
            RenderTableCell {TD} at (401,87) size 363x25 [border: (1px inset #808080)] [r=2 c=2 rs=1 cs=1]
              RenderText {#text} at (2,2) size 29x21
                text run at (2,2) width 29: "Cell"
      RenderBlock (anonymous) at (0,365) size 768x42
        RenderBR {BR} at (0,0) size 0x21
        RenderText {#text} at (0,21) size 4x21
          text run at (0,21) width 4: " "
      RenderTable {TABLE} at (0,407) size 545x106 [border: (1px outset #808080)]
        RenderBlock {CAPTION} at (0,0) size 543x21
          RenderText {#text} at (93,0) size 357x21
            text run at (93,0) width 357: "Table 2 has auto-width (no width param specified.)"
        RenderTableSection {TBODY} at (1,22) size 543x83
          RenderTableRow {TR} at (0,2) size 543x25
            RenderTableCell {TD} at (2,2) size 33x25 [border: (1px inset #808080)] [r=0 c=0 rs=1 cs=1]
              RenderText {#text} at (2,2) size 29x21
                text run at (2,2) width 29: "Cell"
            RenderTableCell {TD} at (37,15) size 504x25 [bgcolor=#D3D3D3] [border: (1px inset #808080)] [r=0 c=1 rs=2 cs=2]
              RenderText {#text} at (2,2) size 429x21
                text run at (2,2) width 429: "Stuff to test out table cell layout. This should be long enough."
          RenderTableRow {TR} at (0,29) size 543x25
            RenderTableCell {TD} at (2,29) size 33x25 [border: (1px inset #808080)] [r=1 c=0 rs=1 cs=1]
              RenderText {#text} at (2,2) size 29x21
                text run at (2,2) width 29: "Cell"
          RenderTableRow {TR} at (0,56) size 543x25
            RenderTableCell {TD} at (2,56) size 33x25 [border: (1px inset #808080)] [r=2 c=0 rs=1 cs=1]
              RenderText {#text} at (2,2) size 29x21
                text run at (2,2) width 29: "Cell"
            RenderTableCell {TD} at (37,56) size 433x25 [border: (1px inset #808080)] [r=2 c=1 rs=1 cs=1]
              RenderText {#text} at (2,2) size 429x21
                text run at (2,2) width 429: "Stuff to test out table cell layout. This should be long enough."
            RenderTableCell {TD} at (472,56) size 69x25 [border: (1px inset #808080)] [r=2 c=2 rs=1 cs=1]
              RenderText {#text} at (2,2) size 65x21
                text run at (2,2) width 65: "more text"
      RenderBlock (anonymous) at (0,513) size 768x21
        RenderText {#text} at (0,0) size 4x21
          text run at (0,0) width 4: " "
      RenderTable {TABLE} at (0,534) size 545x106 [border: (1px outset #808080)]
        RenderBlock {CAPTION} at (0,0) size 543x21
          RenderText {#text} at (52,0) size 439x21
            text run at (52,0) width 439: "Table 3 is the same as Table 2, but with equal column widths. "
        RenderTableSection {TBODY} at (1,22) size 543x83
          RenderTableRow {TR} at (0,2) size 543x25
            RenderTableCell {TD} at (2,2) size 33x25 [border: (1px inset #808080)] [r=0 c=0 rs=1 cs=1]
              RenderText {#text} at (2,2) size 29x21
                text run at (2,2) width 29: "Cell"
            RenderTableCell {TD} at (37,15) size 504x25 [bgcolor=#D3D3D3] [border: (1px inset #808080)] [r=0 c=1 rs=2 cs=2]
              RenderText {#text} at (2,2) size 429x21
                text run at (2,2) width 429: "Stuff to test out table cell layout. This should be long enough."
          RenderTableRow {TR} at (0,29) size 543x25
            RenderTableCell {TD} at (2,29) size 33x25 [border: (1px inset #808080)] [r=1 c=0 rs=1 cs=1]
              RenderText {#text} at (2,2) size 29x21
                text run at (2,2) width 29: "Cell"
          RenderTableRow {TR} at (0,56) size 543x25
            RenderTableCell {TD} at (2,56) size 33x25 [border: (1px inset #808080)] [r=2 c=0 rs=1 cs=1]
              RenderText {#text} at (2,2) size 29x21
                text run at (2,2) width 29: "Cell"
            RenderTableCell {TD} at (37,56) size 433x25 [border: (1px inset #808080)] [r=2 c=1 rs=1 cs=1]
              RenderText {#text} at (2,2) size 429x21
                text run at (2,2) width 429: "Stuff to test out table cell layout. This should be long enough."
            RenderTableCell {TD} at (472,56) size 69x25 [border: (1px inset #808080)] [r=2 c=2 rs=1 cs=1]
              RenderText {#text} at (2,2) size 65x21
                text run at (2,2) width 65: "more text"
      RenderBlock (anonymous) at (0,640) size 768x42
        RenderBR {BR} at (0,0) size 0x21
        RenderText {#text} at (0,21) size 4x21
          text run at (0,21) width 4: " "
      RenderTable {TABLE} at (0,682) size 252x198 [border: (1px none #808080)]
        RenderBlock {CAPTION} at (0,135) size 250x63
          RenderText {#text} at (12,0) size 226x63
            text run at (12,0) width 226: "Table 4 has this bottom caption."
            text run at (14,21) width 222: "The table has specified column"
            text run at (17,42) width 216: "widths and collapsing borders."
        RenderTableCol {COLGROUP} at (0,0) size 0x0
          RenderTableCol {COL} at (0,0) size 0x0 [border: (2px dashed #0000FF) none (2px solid #000000)]
          RenderTableCol {COL} at (0,0) size 0x0 [border: (1px solid #FF0000) none]
          RenderTableCol {COL} at (0,0) size 0x0 [border: (2px solid #000000) none]
        RenderTableSection {THEAD} at (1,1) size 250x29 [border: none (6px solid #000000) none]
          RenderTableRow {TR} at (0,0) size 250x29 [border: (2px solid #000000)]
            RenderTableCell {TH} at (0,0) size 90x29 [border: (1px none #000000) none (3px none #000000)] [r=0 c=0 rs=1 cs=1]
              RenderText {#text} at (21,3) size 49x21
                text run at (21,3) width 49: "Player"
            RenderTableCell {TH} at (90,0) size 80x29 [border: (1px none #000000) none (3px none #000000)] [r=0 c=1 rs=1 cs=1]
              RenderText {#text} at (8,3) size 64x21
                text run at (8,3) width 64: "Ranking"
            RenderTableCell {TH} at (170,0) size 80x29 [border: (1px none #000000)] [r=0 c=2 rs=1 cs=1]
              RenderText {#text} at (11,3) size 57x21
                text run at (11,3) width 57: "Record"
        RenderTableSection {TBODY} at (1,30) size 250x104
          RenderTableRow {TR} at (0,0) size 250x29 [border: (2px solid #000000)]
            RenderTableCell {TD} at (0,0) size 90x29 [border: (3px none #000000)] [r=0 c=0 rs=1 cs=1]
              RenderText {#text} at (3,5) size 83x21
                text run at (3,5) width 83: "Steve Clark"
            RenderTableCell {TD} at (90,0) size 80x29 [border: (3px none #000000)] [r=0 c=1 rs=1 cs=1]
              RenderText {#text} at (36,5) size 9x21
                text run at (36,5) width 9: "1"
            RenderTableCell {TD} at (170,0) size 80x29 [border: (3px none #000000)] [r=0 c=2 rs=1 cs=1]
              RenderText {#text} at (24,5) size 32x21
                text run at (24,5) width 32: "77-0"
          RenderTableRow {TR} at (0,29) size 250x27 [border: (2px solid #000000)]
            RenderTableCell {TD} at (0,29) size 90x27 [border: (1px none #000000)] [r=1 c=0 rs=1 cs=1]
              RenderText {#text} at (3,3) size 77x21
                text run at (3,3) width 77: "Cliff Swain"
            RenderTableCell {TD} at (90,29) size 80x27 [border: (1px none #000000)] [r=1 c=1 rs=1 cs=1]
              RenderText {#text} at (36,3) size 9x21
                text run at (36,3) width 9: "2"
            RenderTableCell {TD} at (170,29) size 80x27 [border: (1px none #000000)] [r=1 c=2 rs=1 cs=1]
              RenderText {#text} at (19,3) size 42x21
                text run at (19,3) width 42: "67-10"
          RenderTableRow {TR} at (0,56) size 250x48 [border: (2px solid #000000)]
            RenderTableCell {TD} at (0,56) size 90x48 [border: (1px none #000000)] [r=2 c=0 rs=1 cs=1]
              RenderText {#text} at (3,3) size 48x42
                text run at (3,3) width 39: "Marty"
                text run at (3,24) width 48: "Hogan"
            RenderTableCell {TD} at (90,66) size 80x27 [border: (1px none #000000)] [r=2 c=1 rs=1 cs=1]
              RenderText {#text} at (36,3) size 9x21
                text run at (36,3) width 9: "3"
            RenderTableCell {TD} at (170,66) size 80x27 [border: (1px none #000000)] [r=2 c=2 rs=1 cs=1]
              RenderText {#text} at (19,3) size 42x21
                text run at (19,3) width 42: "57-15"
      RenderBlock (anonymous) at (0,880) size 768x21
        RenderBR {BR} at (0,0) size 0x21
      RenderTable {TABLE} at (0,901) size 210x486
        RenderBlock {CAPTION} at (0,444) size 210x21
          RenderText {#text} at (1,0) size 208x21
            text run at (1,0) width 208: "Table 5 has a scrolling tbody."
        RenderTableSection {THEAD} at (0,0) size 210x21
          RenderTableRow {TR} at (0,2) size 210x17
            RenderTableCell {TD} at (2,2) size 102x17 [r=0 c=0 rs=1 cs=2]
              RenderText {#text} at (1,1) size 46x15
                text run at (1,1) width 46: "HEADER"
        RenderTableSection {TBODY} at (0,21) size 210x402 [border: (1px solid #000000)]
          RenderTableRow {TR} at (0,2) size 210x23
            RenderTableCell {TD} at (2,2) size 50x23 [r=0 c=0 rs=1 cs=1]
              RenderText {#text} at (1,1) size 48x21
                text run at (1,1) width 48: "cell-00"
            RenderTableCell {TD} at (54,2) size 50x23 [r=0 c=1 rs=1 cs=1]
              RenderText {#text} at (1,1) size 48x21
                text run at (1,1) width 48: "cell-01"
            RenderTableCell {TD} at (106,2) size 50x23 [r=0 c=2 rs=1 cs=1]
              RenderText {#text} at (1,1) size 48x21
                text run at (1,1) width 48: "cell-02"
            RenderTableCell {TD} at (158,2) size 50x23 [r=0 c=3 rs=1 cs=1]
              RenderText {#text} at (1,1) size 48x21
                text run at (1,1) width 48: "cell-03"
          RenderTableRow {TR} at (0,27) size 210x23
            RenderTableCell {TD} at (2,27) size 50x23 [r=1 c=0 rs=1 cs=1]
              RenderText {#text} at (1,1) size 48x21
                text run at (1,1) width 48: "cell-10"
            RenderTableCell {TD} at (54,27) size 50x23 [r=1 c=1 rs=1 cs=1]
              RenderText {#text} at (1,1) size 48x21
                text run at (1,1) width 48: "cell-11"
            RenderTableCell {TD} at (106,27) size 50x23 [r=1 c=2 rs=1 cs=1]
              RenderText {#text} at (1,1) size 48x21
                text run at (1,1) width 48: "cell-12"
            RenderTableCell {TD} at (158,27) size 50x23 [r=1 c=3 rs=1 cs=1]
              RenderText {#text} at (1,1) size 48x21
                text run at (1,1) width 48: "cell-13"
          RenderTableRow {TR} at (0,52) size 210x23
            RenderTableCell {TD} at (2,52) size 50x23 [r=2 c=0 rs=1 cs=1]
              RenderText {#text} at (1,1) size 48x21
                text run at (1,1) width 48: "cell-20"
            RenderTableCell {TD} at (54,52) size 50x23 [r=2 c=1 rs=1 cs=1]
              RenderText {#text} at (1,1) size 48x21
                text run at (1,1) width 48: "cell-21"
            RenderTableCell {TD} at (106,52) size 50x23 [r=2 c=2 rs=1 cs=1]
              RenderText {#text} at (1,1) size 48x21
                text run at (1,1) width 48: "cell-22"
            RenderTableCell {TD} at (158,52) size 50x23 [r=2 c=3 rs=1 cs=1]
              RenderText {#text} at (1,1) size 48x21
                text run at (1,1) width 48: "cell-23"
          RenderTableRow {TR} at (0,77) size 210x23
            RenderTableCell {TD} at (2,77) size 50x23 [r=3 c=0 rs=1 cs=1]
              RenderText {#text} at (1,1) size 48x21
                text run at (1,1) width 48: "cell-30"
            RenderTableCell {TD} at (54,77) size 50x23 [r=3 c=1 rs=1 cs=1]
              RenderText {#text} at (1,1) size 48x21
                text run at (1,1) width 48: "cell-31"
            RenderTableCell {TD} at (106,77) size 50x23 [r=3 c=2 rs=1 cs=1]
              RenderText {#text} at (1,1) size 48x21
                text run at (1,1) width 48: "cell-32"
            RenderTableCell {TD} at (158,77) size 50x23 [r=3 c=3 rs=1 cs=1]
              RenderText {#text} at (1,1) size 48x21
                text run at (1,1) width 48: "cell-33"
          RenderTableRow {TR} at (0,102) size 210x23
            RenderTableCell {TD} at (2,102) size 50x23 [r=4 c=0 rs=1 cs=1]
              RenderText {#text} at (1,1) size 48x21
                text run at (1,1) width 48: "cell-40"
            RenderTableCell {TD} at (54,102) size 50x23 [r=4 c=1 rs=1 cs=1]
              RenderText {#text} at (1,1) size 48x21
                text run at (1,1) width 48: "cell-41"
            RenderTableCell {TD} at (106,102) size 50x23 [r=4 c=2 rs=1 cs=1]
              RenderText {#text} at (1,1) size 48x21
                text run at (1,1) width 48: "cell-42"
            RenderTableCell {TD} at (158,102) size 50x23 [r=4 c=3 rs=1 cs=1]
              RenderText {#text} at (1,1) size 48x21
                text run at (1,1) width 48: "cell-43"
          RenderTableRow {TR} at (0,127) size 210x23
            RenderTableCell {TD} at (2,127) size 50x23 [r=5 c=0 rs=1 cs=1]
              RenderText {#text} at (1,1) size 48x21
                text run at (1,1) width 48: "cell-50"
            RenderTableCell {TD} at (54,127) size 50x23 [r=5 c=1 rs=1 cs=1]
              RenderText {#text} at (1,1) size 48x21
                text run at (1,1) width 48: "cell-51"
            RenderTableCell {TD} at (106,127) size 50x23 [r=5 c=2 rs=1 cs=1]
              RenderText {#text} at (1,1) size 48x21
                text run at (1,1) width 48: "cell-52"
            RenderTableCell {TD} at (158,127) size 50x23 [r=5 c=3 rs=1 cs=1]
              RenderText {#text} at (1,1) size 48x21
                text run at (1,1) width 48: "cell-53"
          RenderTableRow {TR} at (0,152) size 210x23
            RenderTableCell {TD} at (2,152) size 50x23 [r=6 c=0 rs=1 cs=1]
              RenderText {#text} at (1,1) size 48x21
                text run at (1,1) width 48: "cell-60"
            RenderTableCell {TD} at (54,152) size 50x23 [r=6 c=1 rs=1 cs=1]
              RenderText {#text} at (1,1) size 48x21
                text run at (1,1) width 48: "cell-61"
            RenderTableCell {TD} at (106,152) size 50x23 [r=6 c=2 rs=1 cs=1]
              RenderText {#text} at (1,1) size 48x21
                text run at (1,1) width 48: "cell-62"
            RenderTableCell {TD} at (158,152) size 50x23 [r=6 c=3 rs=1 cs=1]
              RenderText {#text} at (1,1) size 48x21
                text run at (1,1) width 48: "cell-63"
          RenderTableRow {TR} at (0,177) size 210x23
            RenderTableCell {TD} at (2,177) size 50x23 [r=7 c=0 rs=1 cs=1]
              RenderText {#text} at (1,1) size 48x21
                text run at (1,1) width 48: "cell-70"
            RenderTableCell {TD} at (54,177) size 50x23 [r=7 c=1 rs=1 cs=1]
              RenderText {#text} at (1,1) size 48x21
                text run at (1,1) width 48: "cell-71"
            RenderTableCell {TD} at (106,177) size 50x23 [r=7 c=2 rs=1 cs=1]
              RenderText {#text} at (1,1) size 48x21
                text run at (1,1) width 48: "cell-72"
            RenderTableCell {TD} at (158,177) size 50x23 [r=7 c=3 rs=1 cs=1]
              RenderText {#text} at (1,1) size 48x21
                text run at (1,1) width 48: "cell-73"
          RenderTableRow {TR} at (0,202) size 210x23
            RenderTableCell {TD} at (2,202) size 50x23 [r=8 c=0 rs=1 cs=1]
              RenderText {#text} at (1,1) size 48x21
                text run at (1,1) width 48: "cell-80"
            RenderTableCell {TD} at (54,202) size 50x23 [r=8 c=1 rs=1 cs=1]
              RenderText {#text} at (1,1) size 48x21
                text run at (1,1) width 48: "cell-81"
            RenderTableCell {TD} at (106,202) size 50x23 [r=8 c=2 rs=1 cs=1]
              RenderText {#text} at (1,1) size 48x21
                text run at (1,1) width 48: "cell-82"
            RenderTableCell {TD} at (158,202) size 50x23 [r=8 c=3 rs=1 cs=1]
              RenderText {#text} at (1,1) size 48x21
                text run at (1,1) width 48: "cell-83"
          RenderTableRow {TR} at (0,227) size 210x23
            RenderTableCell {TD} at (2,227) size 50x23 [r=9 c=0 rs=1 cs=1]
              RenderText {#text} at (1,1) size 48x21
                text run at (1,1) width 48: "cell-90"
            RenderTableCell {TD} at (54,227) size 50x23 [r=9 c=1 rs=1 cs=1]
              RenderText {#text} at (1,1) size 48x21
                text run at (1,1) width 48: "cell-91"
            RenderTableCell {TD} at (106,227) size 50x23 [r=9 c=2 rs=1 cs=1]
              RenderText {#text} at (1,1) size 48x21
                text run at (1,1) width 48: "cell-92"
            RenderTableCell {TD} at (158,227) size 50x23 [r=9 c=3 rs=1 cs=1]
              RenderText {#text} at (1,1) size 48x21
                text run at (1,1) width 48: "cell-93"
          RenderTableRow {TR} at (0,252) size 210x23
            RenderTableCell {TD} at (2,252) size 50x23 [r=10 c=0 rs=1 cs=1]
              RenderText {#text} at (1,1) size 48x21
                text run at (1,1) width 48: "cell-a0"
            RenderTableCell {TD} at (54,252) size 50x23 [r=10 c=1 rs=1 cs=1]
              RenderText {#text} at (1,1) size 48x21
                text run at (1,1) width 48: "cell-a1"
            RenderTableCell {TD} at (106,252) size 50x23 [r=10 c=2 rs=1 cs=1]
              RenderText {#text} at (1,1) size 48x21
                text run at (1,1) width 48: "cell-a2"
            RenderTableCell {TD} at (158,252) size 50x23 [r=10 c=3 rs=1 cs=1]
              RenderText {#text} at (1,1) size 48x21
                text run at (1,1) width 48: "cell-a3"
          RenderTableRow {TR} at (0,277) size 210x23
            RenderTableCell {TD} at (2,277) size 50x23 [r=11 c=0 rs=1 cs=1]
              RenderText {#text} at (1,1) size 48x21
                text run at (1,1) width 48: "cell-b0"
            RenderTableCell {TD} at (54,277) size 50x23 [r=11 c=1 rs=1 cs=1]
              RenderText {#text} at (1,1) size 48x21
                text run at (1,1) width 48: "cell-b1"
            RenderTableCell {TD} at (106,277) size 50x23 [r=11 c=2 rs=1 cs=1]
              RenderText {#text} at (1,1) size 48x21
                text run at (1,1) width 48: "cell-b2"
            RenderTableCell {TD} at (158,277) size 50x23 [r=11 c=3 rs=1 cs=1]
              RenderText {#text} at (1,1) size 48x21
                text run at (1,1) width 48: "cell-b3"
          RenderTableRow {TR} at (0,302) size 210x23
            RenderTableCell {TD} at (2,302) size 50x23 [r=12 c=0 rs=1 cs=1]
              RenderText {#text} at (1,1) size 47x21
                text run at (1,1) width 47: "cell-c0"
            RenderTableCell {TD} at (54,302) size 50x23 [r=12 c=1 rs=1 cs=1]
              RenderText {#text} at (1,1) size 47x21
                text run at (1,1) width 47: "cell-c1"
            RenderTableCell {TD} at (106,302) size 50x23 [r=12 c=2 rs=1 cs=1]
              RenderText {#text} at (1,1) size 47x21
                text run at (1,1) width 47: "cell-c2"
            RenderTableCell {TD} at (158,302) size 50x23 [r=12 c=3 rs=1 cs=1]
              RenderText {#text} at (1,1) size 47x21
                text run at (1,1) width 47: "cell-c3"
          RenderTableRow {TR} at (0,327) size 210x23
            RenderTableCell {TD} at (2,327) size 50x23 [r=13 c=0 rs=1 cs=1]
              RenderText {#text} at (1,1) size 48x21
                text run at (1,1) width 48: "cell-d0"
            RenderTableCell {TD} at (54,327) size 50x23 [r=13 c=1 rs=1 cs=1]
              RenderText {#text} at (1,1) size 48x21
                text run at (1,1) width 48: "cell-d1"
            RenderTableCell {TD} at (106,327) size 50x23 [r=13 c=2 rs=1 cs=1]
              RenderText {#text} at (1,1) size 48x21
                text run at (1,1) width 48: "cell-d2"
            RenderTableCell {TD} at (158,327) size 50x23 [r=13 c=3 rs=1 cs=1]
              RenderText {#text} at (1,1) size 48x21
                text run at (1,1) width 48: "cell-d3"
          RenderTableRow {TR} at (0,352) size 210x23
            RenderTableCell {TD} at (2,352) size 50x23 [r=14 c=0 rs=1 cs=1]
              RenderText {#text} at (1,1) size 48x21
                text run at (1,1) width 48: "cell-e0"
            RenderTableCell {TD} at (54,352) size 50x23 [r=14 c=1 rs=1 cs=1]
              RenderText {#text} at (1,1) size 48x21
                text run at (1,1) width 48: "cell-e1"
            RenderTableCell {TD} at (106,352) size 50x23 [r=14 c=2 rs=1 cs=1]
              RenderText {#text} at (1,1) size 48x21
                text run at (1,1) width 48: "cell-e2"
            RenderTableCell {TD} at (158,352) size 50x23 [r=14 c=3 rs=1 cs=1]
              RenderText {#text} at (1,1) size 48x21
                text run at (1,1) width 48: "cell-e3"
          RenderTableRow {TR} at (0,377) size 210x23
            RenderTableCell {TD} at (2,377) size 50x23 [r=15 c=0 rs=1 cs=1]
              RenderText {#text} at (1,1) size 43x21
                text run at (1,1) width 43: "cell-f0"
            RenderTableCell {TD} at (54,377) size 50x23 [r=15 c=1 rs=1 cs=1]
              RenderText {#text} at (1,1) size 43x21
                text run at (1,1) width 43: "cell-f1"
            RenderTableCell {TD} at (106,377) size 50x23 [r=15 c=2 rs=1 cs=1]
              RenderText {#text} at (1,1) size 43x21
                text run at (1,1) width 43: "cell-f2"
            RenderTableCell {TD} at (158,377) size 50x23 [r=15 c=3 rs=1 cs=1]
              RenderText {#text} at (1,1) size 43x21
                text run at (1,1) width 43: "cell-f3"
        RenderTableSection {TFOOT} at (0,423) size 210x21
          RenderTableRow {TR} at (0,2) size 210x17
            RenderTableCell {TD} at (2,2) size 102x17 [r=0 c=0 rs=1 cs=2]
              RenderText {#text} at (1,1) size 47x15
                text run at (1,1) width 47: "FOOTER"
        RenderBlock {CAPTION} at (0,465) size 210x21
          RenderText {#text} at (1,0) size 208x21
            text run at (1,0) width 208: "Table 5 has a scrolling tbody."
      RenderBlock (anonymous) at (0,1387) size 768x42
        RenderBR {BR} at (0,0) size 0x21
        RenderText {#text} at (0,21) size 674x21
          text run at (0,21) width 674: "This is a table formed from a list with display of table-row and list items with display of table-cell."
      RenderTable at (0,1429) size 210x21
        RenderTableSection (anonymous) at (0,0) size 210x21
          RenderTableRow {UL} at (0,0) size 210x21 [bgcolor=#FFA500]
            RenderTableCell {LI} at (0,0) size 35x21 [r=0 c=0 rs=1 cs=1]
              RenderText {#text} at (0,0) size 35x21
                text run at (0,0) width 35: "ONE"
            RenderTableCell {LI} at (35,0) size 37x21 [r=0 c=1 rs=1 cs=1]
              RenderText {#text} at (0,0) size 37x21
                text run at (0,0) width 37: "TWO"
            RenderTableCell {LI} at (72,0) size 56x21 [r=0 c=2 rs=1 cs=1]
              RenderText {#text} at (0,0) size 56x21
                text run at (0,0) width 56: "THREE"
            RenderTableCell {LI} at (128,0) size 46x21 [r=0 c=3 rs=1 cs=1]
              RenderText {#text} at (0,0) size 46x21
                text run at (0,0) width 46: "FOUR"
            RenderTableCell {LI} at (174,0) size 36x21 [r=0 c=4 rs=1 cs=1]
              RenderText {#text} at (0,0) size 36x21
                text run at (0,0) width 36: "FIVE"
      RenderBlock (anonymous) at (0,1450) size 768x42
        RenderBR {BR} at (0,0) size 0x21
        RenderText {#text} at (0,21) size 724x21
          text run at (0,21) width 724: "This is a table formed from a list with display of table-row-group and list items with display of table-cell. "
        RenderBR {BR} at (0,0) size 0x0
      RenderTable at (0,1492) size 236x21
        RenderTableSection {UL} at (0,0) size 236x21
          RenderTableRow (anonymous) at (0,0) size 236x21
            RenderTableCell {LI} at (0,0) size 35x21 [bgcolor=#FFA500] [r=0 c=0 rs=1 cs=1]
              RenderText {#text} at (0,0) size 35x21
                text run at (0,0) width 35: "ONE"
            RenderTableCell {LI} at (35,0) size 37x21 [bgcolor=#FFA500] [r=0 c=1 rs=1 cs=1]
              RenderText {#text} at (0,0) size 37x21
                text run at (0,0) width 37: "TWO"
            RenderTableCell {LI} at (72,0) size 56x21 [bgcolor=#FFA500] [r=0 c=2 rs=1 cs=1]
              RenderText {#text} at (0,0) size 56x21
                text run at (0,0) width 56: "THREE"
            RenderTableCell {LI} at (128,0) size 46x21 [bgcolor=#FFA500] [r=0 c=3 rs=1 cs=1]
              RenderText {#text} at (0,0) size 46x21
                text run at (0,0) width 46: "FOUR"
            RenderTableCell {LI} at (174,0) size 36x21 [bgcolor=#FFA500] [r=0 c=4 rs=1 cs=1]
              RenderText {#text} at (0,0) size 36x21
                text run at (0,0) width 36: "FIVE"
            RenderTableCell {LI} at (210,0) size 26x21 [bgcolor=#FFA500] [r=0 c=5 rs=1 cs=1]
              RenderText {#text} at (0,0) size 26x21
                text run at (0,0) width 26: "SIX"
      RenderBlock (anonymous) at (0,1513) size 768x42
        RenderBR {BR} at (0,0) size 0x21
        RenderText {#text} at (0,21) size 452x21
          text run at (0,21) width 452: "This is like the previous table plus the list's overflow property set"
      RenderTable at (0,1555) size 236x21
        RenderTableSection {UL} at (0,0) size 236x21
          RenderTableRow (anonymous) at (0,0) size 236x21
            RenderTableCell {LI} at (0,0) size 35x21 [bgcolor=#FFA500] [r=0 c=0 rs=1 cs=1]
              RenderText {#text} at (0,0) size 35x21
                text run at (0,0) width 35: "ONE"
            RenderTableCell {LI} at (35,0) size 37x21 [bgcolor=#FFA500] [r=0 c=1 rs=1 cs=1]
              RenderText {#text} at (0,0) size 37x21
                text run at (0,0) width 37: "TWO"
            RenderTableCell {LI} at (72,0) size 56x21 [bgcolor=#FFA500] [r=0 c=2 rs=1 cs=1]
              RenderText {#text} at (0,0) size 56x21
                text run at (0,0) width 56: "THREE"
            RenderTableCell {LI} at (128,0) size 46x21 [bgcolor=#FFA500] [r=0 c=3 rs=1 cs=1]
              RenderText {#text} at (0,0) size 46x21
                text run at (0,0) width 46: "FOUR"
            RenderTableCell {LI} at (174,0) size 36x21 [bgcolor=#FFA500] [r=0 c=4 rs=1 cs=1]
              RenderText {#text} at (0,0) size 36x21
                text run at (0,0) width 36: "FIVE"
            RenderTableCell {LI} at (210,0) size 26x21 [bgcolor=#FFA500] [r=0 c=5 rs=1 cs=1]
              RenderText {#text} at (0,0) size 26x21
                text run at (0,0) width 26: "SIX"
      RenderBlock (anonymous) at (0,1576) size 768x21
        RenderBR {BR} at (0,0) size 0x21
      RenderBlock {P} at (0,1613) size 768x254
        RenderBlock (anonymous) at (0,0) size 768x21
          RenderText {#text} at (0,0) size 476x21
            text run at (0,0) width 476: "The following table will have its rows and columns in red collapsed "
          RenderBR {BR} at (0,0) size 0x0
        RenderTable {TABLE} at (0,21) size 152x106 [bgcolor=#FFA500] [border: (1px outset #808080)]
          RenderBlock {CAPTION} at (0,0) size 150x21
            RenderInline {B} at (0,0) size 50x21
              RenderText {#text} at (50,0) size 50x21
                text run at (50,0) width 50: "before"
          RenderTableCol {COLGROUP} at (0,0) size 0x0
            RenderTableCol {COL} at (0,0) size 0x0
            RenderTableCol {COL} at (0,0) size 0x0
            RenderTableCol {COL} at (0,0) size 0x0
          RenderTableSection {TBODY} at (1,22) size 150x83
            RenderTableRow {TR} at (0,2) size 150x25
              RenderTableCell {TD} at (2,2) size 34x25 [border: (1px inset #808080)] [r=0 c=0 rs=1 cs=1]
                RenderText {#text} at (2,2) size 30x21
                  text run at (2,2) width 30: "C11"
              RenderTableCell {TD} at (38,2) size 34x25 [bgcolor=#FF0000] [border: (1px inset #808080)] [r=0 c=1 rs=1 cs=1]
                RenderText {#text} at (2,2) size 30x21
                  text run at (2,2) width 30: "C12"
              RenderTableCell {TD} at (74,2) size 74x25 [border: (1px inset #808080)] [r=0 c=2 rs=1 cs=1]
                RenderText {#text} at (2,2) size 70x21
                  text run at (2,2) width 70: "C13 large"
            RenderTableRow {TR} at (0,29) size 150x25 [bgcolor=#FF0000]
              RenderTableCell {TD} at (2,29) size 34x25 [border: (1px inset #808080)] [r=1 c=0 rs=1 cs=1]
                RenderText {#text} at (2,2) size 30x21
                  text run at (2,2) width 30: "C21"
              RenderTableCell {TD} at (38,29) size 34x25 [border: (1px inset #808080)] [r=1 c=1 rs=1 cs=1]
                RenderText {#text} at (2,2) size 30x21
                  text run at (2,2) width 30: "C22"
              RenderTableCell {TD} at (74,29) size 74x25 [border: (1px inset #808080)] [r=1 c=2 rs=1 cs=1]
                RenderText {#text} at (2,2) size 30x21
                  text run at (2,2) width 30: "C23"
            RenderTableRow {TR} at (0,56) size 150x25
              RenderTableCell {TD} at (2,56) size 34x25 [border: (1px inset #808080)] [r=2 c=0 rs=1 cs=1]
                RenderText {#text} at (2,2) size 30x21
                  text run at (2,2) width 30: "C31"
              RenderTableCell {TD} at (38,56) size 34x25 [bgcolor=#FF0000] [border: (1px inset #808080)] [r=2 c=1 rs=1 cs=1]
                RenderText {#text} at (2,2) size 30x21
                  text run at (2,2) width 30: "C32"
              RenderTableCell {TD} at (74,56) size 74x25 [border: (1px inset #808080)] [r=2 c=2 rs=1 cs=1]
                RenderText {#text} at (2,2) size 30x21
                  text run at (2,2) width 30: "C33"
        RenderBlock (anonymous) at (0,127) size 768x21
          RenderBR {BR} at (0,0) size 0x21
        RenderTable {TABLE} at (0,148) size 152x106 [bgcolor=#FFA500] [border: (1px outset #808080)]
          RenderBlock {CAPTION} at (0,0) size 150x21
            RenderInline {B} at (0,0) size 34x21
              RenderText {#text} at (58,0) size 34x21
                text run at (58,0) width 34: "after"
          RenderTableCol {COLGROUP} at (0,0) size 0x0
            RenderTableCol {COL} at (0,0) size 0x0
            RenderTableCol {COL} at (0,0) size 0x0
            RenderTableCol {COL} at (0,0) size 0x0
          RenderTableSection {TBODY} at (1,22) size 150x83
            RenderTableRow {TR} at (0,2) size 150x25
              RenderTableCell {TD} at (2,2) size 34x25 [border: (1px inset #808080)] [r=0 c=0 rs=1 cs=1]
                RenderText {#text} at (2,2) size 30x21
                  text run at (2,2) width 30: "C11"
              RenderTableCell {TD} at (38,2) size 34x25 [border: (1px inset #808080)] [r=0 c=1 rs=1 cs=1]
                RenderText {#text} at (2,2) size 30x21
                  text run at (2,2) width 30: "C12"
              RenderTableCell {TD} at (74,2) size 74x25 [border: (1px inset #808080)] [r=0 c=2 rs=1 cs=1]
                RenderText {#text} at (2,2) size 70x21
                  text run at (2,2) width 70: "C13 large"
            RenderTableRow {TR} at (0,29) size 150x25
              RenderTableCell {TD} at (2,29) size 34x25 [border: (1px inset #808080)] [r=1 c=0 rs=1 cs=1]
                RenderText {#text} at (2,2) size 30x21
                  text run at (2,2) width 30: "C21"
              RenderTableCell {TD} at (38,29) size 34x25 [border: (1px inset #808080)] [r=1 c=1 rs=1 cs=1]
                RenderText {#text} at (2,2) size 30x21
                  text run at (2,2) width 30: "C22"
              RenderTableCell {TD} at (74,29) size 74x25 [border: (1px inset #808080)] [r=1 c=2 rs=1 cs=1]
                RenderText {#text} at (2,2) size 30x21
                  text run at (2,2) width 30: "C23"
            RenderTableRow {TR} at (0,56) size 150x25
              RenderTableCell {TD} at (2,56) size 34x25 [border: (1px inset #808080)] [r=2 c=0 rs=1 cs=1]
                RenderText {#text} at (2,2) size 30x21
                  text run at (2,2) width 30: "C31"
              RenderTableCell {TD} at (38,56) size 34x25 [border: (1px inset #808080)] [r=2 c=1 rs=1 cs=1]
                RenderText {#text} at (2,2) size 30x21
                  text run at (2,2) width 30: "C32"
              RenderTableCell {TD} at (74,56) size 74x25 [border: (1px inset #808080)] [r=2 c=2 rs=1 cs=1]
                RenderText {#text} at (2,2) size 30x21
                  text run at (2,2) width 30: "C33"
      RenderBlock {P} at (0,1883) size 768x288
        RenderBlock (anonymous) at (0,0) size 768x42
          RenderText {#text} at (0,0) size 760x42
            text run at (0,0) width 760: "The following table will have its 2nd row and 2nd col collapsed. A window resize may be necessary to see it"
            text run at (0,21) width 66: "properly. "
          RenderBR {BR} at (66,37) size 0x0
        RenderTable {TABLE} at (0,42) size 206x123 [bgcolor=#FFA500] [border: (1px outset #808080)]
          RenderBlock {CAPTION} at (0,0) size 204x21
            RenderInline {B} at (0,0) size 50x21
              RenderText {#text} at (77,0) size 50x21
                text run at (77,0) width 50: "before"
          RenderTableCol {COLGROUP} at (0,0) size 0x0
            RenderTableCol {COL} at (0,0) size 0x0
            RenderTableCol {COL} at (0,0) size 0x0
            RenderTableCol {COL} at (0,0) size 0x0
            RenderTableCol {COL} at (0,0) size 0x0
          RenderTableSection {TBODY} at (1,22) size 204x100
            RenderTableRow {TR} at (0,0) size 204x25
              RenderTableCell {TD} at (0,0) size 34x25 [border: (1px inset #808080)] [r=0 c=0 rs=1 cs=1]
                RenderText {#text} at (2,2) size 30x21
                  text run at (2,2) width 30: "C11"
              RenderTableCell {TD} at (34,0) size 68x25 [border: (1px inset #808080)] [r=0 c=1 rs=1 cs=1]
                RenderText {#text} at (2,2) size 30x21
                  text run at (2,2) width 30: "C12"
              RenderTableCell {TD} at (102,0) size 68x25 [border: (1px inset #808080)] [r=0 c=2 rs=1 cs=1]
                RenderText {#text} at (2,2) size 30x21
                  text run at (2,2) width 30: "C13"
              RenderTableCell {TD} at (170,0) size 34x25 [border: (1px inset #808080)] [r=0 c=3 rs=1 cs=1]
                RenderText {#text} at (2,2) size 30x21
                  text run at (2,2) width 30: "C14"
            RenderTableRow {TR} at (0,25) size 204x25
              RenderTableCell {TD} at (0,25) size 34x25 [border: (1px inset #808080)] [r=1 c=0 rs=1 cs=1]
                RenderText {#text} at (2,2) size 30x21
                  text run at (2,2) width 30: "C21"
              RenderTableCell {TD} at (34,37) size 136x25 [border: (1px inset #808080)] [r=1 c=1 rs=2 cs=2]
                RenderText {#text} at (2,2) size 132x21
                  text run at (2,2) width 132: "C12 C13 C22 C23"
              RenderTableCell {TD} at (170,25) size 34x25 [border: (1px inset #808080)] [r=1 c=3 rs=1 cs=1]
                RenderText {#text} at (2,2) size 30x21
                  text run at (2,2) width 30: "C14"
            RenderTableRow {TR} at (0,50) size 204x25
              RenderTableCell {TD} at (0,50) size 34x25 [border: (1px inset #808080)] [r=2 c=0 rs=1 cs=1]
                RenderText {#text} at (2,2) size 30x21
                  text run at (2,2) width 30: "C31"
              RenderTableCell {TD} at (170,50) size 34x25 [border: (1px inset #808080)] [r=2 c=3 rs=1 cs=1]
                RenderText {#text} at (2,2) size 30x21
                  text run at (2,2) width 30: "C34"
            RenderTableRow {TR} at (0,75) size 204x25
              RenderTableCell {TD} at (0,75) size 34x25 [border: (1px inset #808080)] [r=3 c=0 rs=1 cs=1]
                RenderText {#text} at (2,2) size 30x21
                  text run at (2,2) width 30: "C41"
              RenderTableCell {TD} at (34,75) size 68x25 [border: (1px inset #808080)] [r=3 c=1 rs=1 cs=1]
                RenderText {#text} at (2,2) size 30x21
                  text run at (2,2) width 30: "C42"
              RenderTableCell {TD} at (102,75) size 68x25 [border: (1px inset #808080)] [r=3 c=2 rs=1 cs=1]
                RenderText {#text} at (2,2) size 30x21
                  text run at (2,2) width 30: "C43"
              RenderTableCell {TD} at (170,75) size 34x25 [border: (1px inset #808080)] [r=3 c=3 rs=1 cs=1]
                RenderText {#text} at (2,2) size 30x21
                  text run at (2,2) width 30: "C44"
        RenderTable {TABLE} at (0,165) size 206x123 [bgcolor=#FFA500] [border: (1px outset #808080)]
          RenderBlock {CAPTION} at (0,0) size 204x21
            RenderInline {B} at (0,0) size 34x21
              RenderText {#text} at (85,0) size 34x21
                text run at (85,0) width 34: "after"
          RenderTableCol {COLGROUP} at (0,0) size 0x0
            RenderTableCol {COL} at (0,0) size 0x0
            RenderTableCol {COL} at (0,0) size 0x0
            RenderTableCol {COL} at (0,0) size 0x0
            RenderTableCol {COL} at (0,0) size 0x0
          RenderTableSection {TBODY} at (1,22) size 204x100
            RenderTableRow {TR} at (0,0) size 204x25
              RenderTableCell {TD} at (0,0) size 34x25 [border: (1px inset #808080)] [r=0 c=0 rs=1 cs=1]
                RenderText {#text} at (2,2) size 30x21
                  text run at (2,2) width 30: "C11"
              RenderTableCell {TD} at (34,0) size 68x25 [border: (1px inset #808080)] [r=0 c=1 rs=1 cs=1]
                RenderText {#text} at (2,2) size 30x21
                  text run at (2,2) width 30: "C12"
              RenderTableCell {TD} at (102,0) size 68x25 [border: (1px inset #808080)] [r=0 c=2 rs=1 cs=1]
                RenderText {#text} at (2,2) size 30x21
                  text run at (2,2) width 30: "C13"
              RenderTableCell {TD} at (170,0) size 34x25 [border: (1px inset #808080)] [r=0 c=3 rs=1 cs=1]
                RenderText {#text} at (2,2) size 30x21
                  text run at (2,2) width 30: "C14"
            RenderTableRow {TR} at (0,25) size 204x25
              RenderTableCell {TD} at (0,25) size 34x25 [border: (1px inset #808080)] [r=1 c=0 rs=1 cs=1]
                RenderText {#text} at (2,2) size 30x21
                  text run at (2,2) width 30: "C21"
              RenderTableCell {TD} at (34,37) size 136x25 [border: (1px inset #808080)] [r=1 c=1 rs=2 cs=2]
                RenderText {#text} at (2,2) size 132x21
                  text run at (2,2) width 132: "C12 C13 C22 C23"
              RenderTableCell {TD} at (170,25) size 34x25 [border: (1px inset #808080)] [r=1 c=3 rs=1 cs=1]
                RenderText {#text} at (2,2) size 30x21
                  text run at (2,2) width 30: "C14"
            RenderTableRow {TR} at (0,50) size 204x25
              RenderTableCell {TD} at (0,50) size 34x25 [border: (1px inset #808080)] [r=2 c=0 rs=1 cs=1]
                RenderText {#text} at (2,2) size 30x21
                  text run at (2,2) width 30: "C31"
              RenderTableCell {TD} at (170,50) size 34x25 [border: (1px inset #808080)] [r=2 c=3 rs=1 cs=1]
                RenderText {#text} at (2,2) size 30x21
                  text run at (2,2) width 30: "C34"
            RenderTableRow {TR} at (0,75) size 204x25
              RenderTableCell {TD} at (0,75) size 34x25 [border: (1px inset #808080)] [r=3 c=0 rs=1 cs=1]
                RenderText {#text} at (2,2) size 30x21
                  text run at (2,2) width 30: "C41"
              RenderTableCell {TD} at (34,75) size 68x25 [border: (1px inset #808080)] [r=3 c=1 rs=1 cs=1]
                RenderText {#text} at (2,2) size 30x21
                  text run at (2,2) width 30: "C42"
              RenderTableCell {TD} at (102,75) size 68x25 [border: (1px inset #808080)] [r=3 c=2 rs=1 cs=1]
                RenderText {#text} at (2,2) size 30x21
                  text run at (2,2) width 30: "C43"
              RenderTableCell {TD} at (170,75) size 34x25 [border: (1px inset #808080)] [r=3 c=3 rs=1 cs=1]
                RenderText {#text} at (2,2) size 30x21
                  text run at (2,2) width 30: "C44"
      RenderBlock {P} at (0,2187) size 768x309
        RenderBlock (anonymous) at (0,0) size 768x21
          RenderText {#text} at (0,0) size 504x21
            text run at (0,0) width 504: "The following table will have its 1st row group collapsed (rows 1 and 2) "
          RenderBR {BR} at (504,16) size 0x0
        RenderTable {TABLE} at (0,21) size 138x123 [bgcolor=#FFA500] [border: (1px outset #808080)]
          RenderBlock {CAPTION} at (0,0) size 136x21
            RenderInline {B} at (0,0) size 50x21
              RenderText {#text} at (43,0) size 50x21
                text run at (43,0) width 50: "before"
          RenderTableSection {TBODY} at (1,22) size 136x50 [bgcolor=#FF0000]
            RenderTableRow {TR} at (0,0) size 136x25
              RenderTableCell {TD} at (0,0) size 34x25 [border: (1px inset #808080)] [r=0 c=0 rs=1 cs=1]
                RenderText {#text} at (2,2) size 30x21
                  text run at (2,2) width 30: "C11"
              RenderTableCell {TD} at (34,0) size 34x25 [border: (1px inset #808080)] [r=0 c=1 rs=1 cs=1]
                RenderText {#text} at (2,2) size 30x21
                  text run at (2,2) width 30: "C12"
              RenderTableCell {TD} at (68,0) size 34x25 [border: (1px inset #808080)] [r=0 c=2 rs=1 cs=1]
                RenderText {#text} at (2,2) size 30x21
                  text run at (2,2) width 30: "C13"
              RenderTableCell {TD} at (102,0) size 34x25 [border: (1px inset #808080)] [r=0 c=3 rs=1 cs=1]
                RenderText {#text} at (2,2) size 30x21
                  text run at (2,2) width 30: "C14"
            RenderTableRow {TR} at (0,25) size 136x25
              RenderTableCell {TD} at (0,25) size 34x25 [border: (1px inset #808080)] [r=1 c=0 rs=1 cs=1]
                RenderText {#text} at (2,2) size 30x21
                  text run at (2,2) width 30: "C21"
              RenderTableCell {TD} at (34,25) size 34x25 [border: (1px inset #808080)] [r=1 c=1 rs=1 cs=1]
                RenderText {#text} at (2,2) size 30x21
                  text run at (2,2) width 30: "C22"
              RenderTableCell {TD} at (68,25) size 34x25 [border: (1px inset #808080)] [r=1 c=2 rs=1 cs=1]
                RenderText {#text} at (2,2) size 30x21
                  text run at (2,2) width 30: "C23"
              RenderTableCell {TD} at (102,25) size 34x25 [border: (1px inset #808080)] [r=1 c=3 rs=1 cs=1]
                RenderText {#text} at (2,2) size 30x21
                  text run at (2,2) width 30: "C24"
          RenderTableSection {TBODY} at (1,72) size 136x50
            RenderTableRow {TR} at (0,0) size 136x25
              RenderTableCell {TD} at (0,0) size 34x25 [border: (1px inset #808080)] [r=0 c=0 rs=1 cs=1]
                RenderText {#text} at (2,2) size 30x21
                  text run at (2,2) width 30: "C31"
              RenderTableCell {TD} at (34,0) size 34x25 [border: (1px inset #808080)] [r=0 c=1 rs=1 cs=1]
                RenderText {#text} at (2,2) size 30x21
                  text run at (2,2) width 30: "C32"
              RenderTableCell {TD} at (68,0) size 34x25 [border: (1px inset #808080)] [r=0 c=2 rs=1 cs=1]
                RenderText {#text} at (2,2) size 30x21
                  text run at (2,2) width 30: "C33"
              RenderTableCell {TD} at (102,0) size 34x25 [border: (1px inset #808080)] [r=0 c=3 rs=1 cs=1]
                RenderText {#text} at (2,2) size 30x21
                  text run at (2,2) width 30: "C34"
            RenderTableRow {TR} at (0,25) size 136x25
              RenderTableCell {TD} at (0,25) size 34x25 [border: (1px inset #808080)] [r=1 c=0 rs=1 cs=1]
                RenderText {#text} at (2,2) size 30x21
                  text run at (2,2) width 30: "C41"
              RenderTableCell {TD} at (34,25) size 34x25 [border: (1px inset #808080)] [r=1 c=1 rs=1 cs=1]
                RenderText {#text} at (2,2) size 30x21
                  text run at (2,2) width 30: "C42"
              RenderTableCell {TD} at (68,25) size 34x25 [border: (1px inset #808080)] [r=1 c=2 rs=1 cs=1]
                RenderText {#text} at (2,2) size 30x21
                  text run at (2,2) width 30: "C43"
              RenderTableCell {TD} at (102,25) size 34x25 [border: (1px inset #808080)] [r=1 c=3 rs=1 cs=1]
                RenderText {#text} at (2,2) size 30x21
                  text run at (2,2) width 30: "C44"
        RenderBlock (anonymous) at (0,144) size 768x21
          RenderBR {BR} at (0,0) size 0x21
        RenderTable {TABLE} at (0,165) size 138x123 [bgcolor=#FFA500] [border: (1px outset #808080)]
          RenderBlock {CAPTION} at (0,0) size 136x21
            RenderInline {B} at (0,0) size 34x21
              RenderText {#text} at (51,0) size 34x21
                text run at (51,0) width 34: "after"
          RenderTableSection {TBODY} at (1,22) size 136x50
            RenderTableRow {TR} at (0,0) size 136x25
              RenderTableCell {TD} at (0,0) size 34x25 [border: (1px inset #808080)] [r=0 c=0 rs=1 cs=1]
                RenderText {#text} at (2,2) size 30x21
                  text run at (2,2) width 30: "C11"
              RenderTableCell {TD} at (34,0) size 34x25 [border: (1px inset #808080)] [r=0 c=1 rs=1 cs=1]
                RenderText {#text} at (2,2) size 30x21
                  text run at (2,2) width 30: "C12"
              RenderTableCell {TD} at (68,0) size 34x25 [border: (1px inset #808080)] [r=0 c=2 rs=1 cs=1]
                RenderText {#text} at (2,2) size 30x21
                  text run at (2,2) width 30: "C13"
              RenderTableCell {TD} at (102,0) size 34x25 [border: (1px inset #808080)] [r=0 c=3 rs=1 cs=1]
                RenderText {#text} at (2,2) size 30x21
                  text run at (2,2) width 30: "C14"
            RenderTableRow {TR} at (0,25) size 136x25
              RenderTableCell {TD} at (0,25) size 34x25 [border: (1px inset #808080)] [r=1 c=0 rs=1 cs=1]
                RenderText {#text} at (2,2) size 30x21
                  text run at (2,2) width 30: "C21"
              RenderTableCell {TD} at (34,25) size 34x25 [border: (1px inset #808080)] [r=1 c=1 rs=1 cs=1]
                RenderText {#text} at (2,2) size 30x21
                  text run at (2,2) width 30: "C22"
              RenderTableCell {TD} at (68,25) size 34x25 [border: (1px inset #808080)] [r=1 c=2 rs=1 cs=1]
                RenderText {#text} at (2,2) size 30x21
                  text run at (2,2) width 30: "C23"
              RenderTableCell {TD} at (102,25) size 34x25 [border: (1px inset #808080)] [r=1 c=3 rs=1 cs=1]
                RenderText {#text} at (2,2) size 30x21
                  text run at (2,2) width 30: "C24"
          RenderTableSection {TBODY} at (1,72) size 136x50
            RenderTableRow {TR} at (0,0) size 136x25
              RenderTableCell {TD} at (0,0) size 34x25 [border: (1px inset #808080)] [r=0 c=0 rs=1 cs=1]
                RenderText {#text} at (2,2) size 30x21
                  text run at (2,2) width 30: "C31"
              RenderTableCell {TD} at (34,0) size 34x25 [border: (1px inset #808080)] [r=0 c=1 rs=1 cs=1]
                RenderText {#text} at (2,2) size 30x21
                  text run at (2,2) width 30: "C32"
              RenderTableCell {TD} at (68,0) size 34x25 [border: (1px inset #808080)] [r=0 c=2 rs=1 cs=1]
                RenderText {#text} at (2,2) size 30x21
                  text run at (2,2) width 30: "C33"
              RenderTableCell {TD} at (102,0) size 34x25 [border: (1px inset #808080)] [r=0 c=3 rs=1 cs=1]
                RenderText {#text} at (2,2) size 30x21
                  text run at (2,2) width 30: "C34"
            RenderTableRow {TR} at (0,25) size 136x25
              RenderTableCell {TD} at (0,25) size 34x25 [border: (1px inset #808080)] [r=1 c=0 rs=1 cs=1]
                RenderText {#text} at (2,2) size 30x21
                  text run at (2,2) width 30: "C41"
              RenderTableCell {TD} at (34,25) size 34x25 [border: (1px inset #808080)] [r=1 c=1 rs=1 cs=1]
                RenderText {#text} at (2,2) size 30x21
                  text run at (2,2) width 30: "C42"
              RenderTableCell {TD} at (68,25) size 34x25 [border: (1px inset #808080)] [r=1 c=2 rs=1 cs=1]
                RenderText {#text} at (2,2) size 30x21
                  text run at (2,2) width 30: "C43"
              RenderTableCell {TD} at (102,25) size 34x25 [border: (1px inset #808080)] [r=1 c=3 rs=1 cs=1]
                RenderText {#text} at (2,2) size 30x21
                  text run at (2,2) width 30: "C44"
        RenderBlock (anonymous) at (0,288) size 768x21
          RenderBR {BR} at (0,0) size 0x21
      RenderBlock {P} at (0,2512) size 768x288
        RenderBlock (anonymous) at (0,0) size 768x42
          RenderText {#text} at (0,0) size 767x42
            text run at (0,0) width 611: "The following table is similar to a previous table except that the direction is right-to-left. "
            text run at (611,0) width 156: "It will have its 2nd row"
            text run at (0,21) width 543: "and 2nd col collapsed. A window resize may be necessary to see it properly. "
          RenderBR {BR} at (543,37) size 0x0
        RenderTable {TABLE} at (0,42) size 206x123 [bgcolor=#FFA500] [border: (1px outset #808080)]
          RenderBlock {CAPTION} at (0,0) size 204x21
            RenderInline {B} at (0,0) size 50x21
              RenderText {#text} at (77,0) size 50x21
                text run at (77,0) width 50: "before"
          RenderTableCol {COLGROUP} at (0,0) size 0x0
            RenderTableCol {COL} at (0,0) size 0x0
            RenderTableCol {COL} at (0,0) size 0x0
            RenderTableCol {COL} at (0,0) size 0x0
            RenderTableCol {COL} at (0,0) size 0x0
          RenderTableSection {TBODY} at (1,22) size 204x100
            RenderTableRow {TR} at (0,0) size 204x25
              RenderTableCell {TD} at (170,0) size 34x25 [border: (1px inset #808080)] [r=0 c=0 rs=1 cs=1]
                RenderText {#text} at (2,2) size 30x21
                  text run at (2,2) width 30: "C11"
              RenderTableCell {TD} at (102,0) size 68x25 [border: (1px inset #808080)] [r=0 c=1 rs=1 cs=1]
                RenderText {#text} at (36,2) size 30x21
                  text run at (36,2) width 30: "C12"
              RenderTableCell {TD} at (34,0) size 68x25 [border: (1px inset #808080)] [r=0 c=2 rs=1 cs=1]
                RenderText {#text} at (36,2) size 30x21
                  text run at (36,2) width 30: "C13"
              RenderTableCell {TD} at (0,0) size 34x25 [border: (1px inset #808080)] [r=0 c=3 rs=1 cs=1]
                RenderText {#text} at (2,2) size 30x21
                  text run at (2,2) width 30: "C14"
            RenderTableRow {TR} at (0,25) size 204x25
              RenderTableCell {TD} at (170,25) size 34x25 [border: (1px inset #808080)] [r=1 c=0 rs=1 cs=1]
                RenderText {#text} at (2,2) size 30x21
                  text run at (2,2) width 30: "C21"
              RenderTableCell {TD} at (34,37) size 136x25 [border: (1px inset #808080)] [r=1 c=1 rs=2 cs=2]
                RenderText {#text} at (2,2) size 132x21
                  text run at (2,2) width 132: "C12 C13 C22 C23"
              RenderTableCell {TD} at (0,25) size 34x25 [border: (1px inset #808080)] [r=1 c=3 rs=1 cs=1]
                RenderText {#text} at (2,2) size 30x21
                  text run at (2,2) width 30: "C14"
            RenderTableRow {TR} at (0,50) size 204x25
              RenderTableCell {TD} at (170,50) size 34x25 [border: (1px inset #808080)] [r=2 c=0 rs=1 cs=1]
                RenderText {#text} at (2,2) size 30x21
                  text run at (2,2) width 30: "C31"
              RenderTableCell {TD} at (0,50) size 34x25 [border: (1px inset #808080)] [r=2 c=3 rs=1 cs=1]
                RenderText {#text} at (2,2) size 30x21
                  text run at (2,2) width 30: "C34"
            RenderTableRow {TR} at (0,75) size 204x25
              RenderTableCell {TD} at (170,75) size 34x25 [border: (1px inset #808080)] [r=3 c=0 rs=1 cs=1]
                RenderText {#text} at (2,2) size 30x21
                  text run at (2,2) width 30: "C41"
              RenderTableCell {TD} at (102,75) size 68x25 [border: (1px inset #808080)] [r=3 c=1 rs=1 cs=1]
                RenderText {#text} at (36,2) size 30x21
                  text run at (36,2) width 30: "C42"
              RenderTableCell {TD} at (34,75) size 68x25 [border: (1px inset #808080)] [r=3 c=2 rs=1 cs=1]
                RenderText {#text} at (36,2) size 30x21
                  text run at (36,2) width 30: "C43"
              RenderTableCell {TD} at (0,75) size 34x25 [border: (1px inset #808080)] [r=3 c=3 rs=1 cs=1]
                RenderText {#text} at (2,2) size 30x21
                  text run at (2,2) width 30: "C44"
        RenderTable {TABLE} at (0,165) size 206x123 [bgcolor=#FFA500] [border: (1px outset #808080)]
          RenderBlock {CAPTION} at (0,0) size 204x21
            RenderInline {B} at (0,0) size 34x21
              RenderText {#text} at (85,0) size 34x21
                text run at (85,0) width 34: "after"
          RenderTableCol {COLGROUP} at (0,0) size 0x0
            RenderTableCol {COL} at (0,0) size 0x0
            RenderTableCol {COL} at (0,0) size 0x0
            RenderTableCol {COL} at (0,0) size 0x0
            RenderTableCol {COL} at (0,0) size 0x0
          RenderTableSection {TBODY} at (1,22) size 204x100
            RenderTableRow {TR} at (0,0) size 204x25
              RenderTableCell {TD} at (170,0) size 34x25 [border: (1px inset #808080)] [r=0 c=0 rs=1 cs=1]
                RenderText {#text} at (2,2) size 30x21
                  text run at (2,2) width 30: "C11"
              RenderTableCell {TD} at (102,0) size 68x25 [border: (1px inset #808080)] [r=0 c=1 rs=1 cs=1]
                RenderText {#text} at (36,2) size 30x21
                  text run at (36,2) width 30: "C12"
              RenderTableCell {TD} at (34,0) size 68x25 [border: (1px inset #808080)] [r=0 c=2 rs=1 cs=1]
                RenderText {#text} at (36,2) size 30x21
                  text run at (36,2) width 30: "C13"
              RenderTableCell {TD} at (0,0) size 34x25 [border: (1px inset #808080)] [r=0 c=3 rs=1 cs=1]
                RenderText {#text} at (2,2) size 30x21
                  text run at (2,2) width 30: "C14"
            RenderTableRow {TR} at (0,25) size 204x25
              RenderTableCell {TD} at (170,25) size 34x25 [border: (1px inset #808080)] [r=1 c=0 rs=1 cs=1]
                RenderText {#text} at (2,2) size 30x21
                  text run at (2,2) width 30: "C21"
              RenderTableCell {TD} at (34,37) size 136x25 [border: (1px inset #808080)] [r=1 c=1 rs=2 cs=2]
                RenderText {#text} at (2,2) size 132x21
                  text run at (2,2) width 132: "C12 C13 C22 C23"
              RenderTableCell {TD} at (0,25) size 34x25 [border: (1px inset #808080)] [r=1 c=3 rs=1 cs=1]
                RenderText {#text} at (2,2) size 30x21
                  text run at (2,2) width 30: "C14"
            RenderTableRow {TR} at (0,50) size 204x25
              RenderTableCell {TD} at (170,50) size 34x25 [border: (1px inset #808080)] [r=2 c=0 rs=1 cs=1]
                RenderText {#text} at (2,2) size 30x21
                  text run at (2,2) width 30: "C31"
              RenderTableCell {TD} at (0,50) size 34x25 [border: (1px inset #808080)] [r=2 c=3 rs=1 cs=1]
                RenderText {#text} at (2,2) size 30x21
                  text run at (2,2) width 30: "C34"
            RenderTableRow {TR} at (0,75) size 204x25
              RenderTableCell {TD} at (170,75) size 34x25 [border: (1px inset #808080)] [r=3 c=0 rs=1 cs=1]
                RenderText {#text} at (2,2) size 30x21
                  text run at (2,2) width 30: "C41"
              RenderTableCell {TD} at (102,75) size 68x25 [border: (1px inset #808080)] [r=3 c=1 rs=1 cs=1]
                RenderText {#text} at (36,2) size 30x21
                  text run at (36,2) width 30: "C42"
              RenderTableCell {TD} at (34,75) size 68x25 [border: (1px inset #808080)] [r=3 c=2 rs=1 cs=1]
                RenderText {#text} at (36,2) size 30x21
                  text run at (36,2) width 30: "C43"
              RenderTableCell {TD} at (0,75) size 34x25 [border: (1px inset #808080)] [r=3 c=3 rs=1 cs=1]
                RenderText {#text} at (2,2) size 30x21
                  text run at (2,2) width 30: "C44"
