layer at (0,0) size 800x600
  RenderView at (0,0) size 800x600
layer at (0,0) size 458x600
  RenderBlock {HTML} at (0,0) size 458x600
    RenderBody {BODY} at (16,8) size 302x584
      RenderBlock (floating) {DIV} at (0,0) size 442x350
        RenderBlock {P} at (16,0) size 72x350
          RenderText {#text} at (0,0) size 36x331
            text run at (0,0) width 331: "This test case illustrates incorrect positioning of list"
            text run at (19,0) width 95: "items within a "
          RenderInline {CODE} at (0,0) size 15x134
            RenderText {#text} at (18,94) size 15x134
              text run at (18,94) width 133: "text-align: right"
          RenderText {#text} at (19,227) size 17x74
            text run at (19,227) width 73: " div after a "
          RenderInline {CODE} at (0,0) size 33x347
            RenderText {#text} at (18,300) size 33x347
              text run at (18,300) width 47: "float:"
              text run at (36,0) width 32: "left"
          RenderText {#text} at (37,31) size 17x33
            text run at (37,31) width 33: " div. "
          RenderInline {A} at (0,0) size 17x197 [color=#0000EE]
            RenderText {#text} at (37,63) size 17x197
              text run at (37,63) width 196: "Screenshot of correct behavior"
          RenderText {#text} at (37,259) size 17x10
            text run at (37,259) width 9: "; "
          RenderInline {A} at (0,0) size 34x336 [color=#0000EE]
            RenderText {#text} at (37,268) size 34x336
              text run at (37,268) width 68: "screenshot"
              text run at (54,0) width 56: "of Safari"
          RenderText {#text} at (54,55) size 17x5
            text run at (54,55) width 4: "."
        RenderBlock {P} at (104,0) size 54x350
          RenderText {#text} at (0,0) size 35x309
            text run at (0,0) width 309: "This bug only occurs on pages with a standards-"
            text run at (18,0) width 150: "compliant DOCTYPE. "
          RenderInline {A} at (0,0) size 35x334 [color=#0000EE]
            RenderText {#text} at (18,149) size 35x334
              text run at (18,149) width 184: "View this test case without a"
              text run at (36,0) width 74: "DOCTYPE"
          RenderText {#text} at (36,73) size 17x5
            text run at (36,73) width 4: "."
        RenderBlock {OL} at (174,0) size 252x350
          RenderListItem {LI} at (0,40) size 36x310
            RenderListMarker at (0,-20) size 17x16: "1"
            RenderText {#text} at (0,0) size 35x304
              text run at (0,0) width 160: "New larger PowerBook. "
              text run at (0,159) width 145: "Still 1 GHz, but with a"
              text run at (18,0) width 146: "17-inch screen. $3299."
          RenderListItem {LI} at (36,40) size 36x310
            RenderListMarker at (0,-20) size 17x16: "2"
            RenderText {#text} at (0,0) size 35x262
              text run at (0,0) width 262: "New smaller PowerBook, with a 12-inch"
              text run at (18,0) width 49: "screen. "
              text run at (18,48) width 44: "$1799."
          RenderListItem {LI} at (72,40) size 90x310
            RenderListMarker at (0,-20) size 17x16: "3"
            RenderText {#text} at (0,0) size 17x95
              text run at (0,0) width 95: "New browser: "
            RenderInline {A} at (0,0) size 17x39 [color=#0000EE]
              RenderText {#text} at (0,94) size 17x39
                text run at (0,94) width 39: "Safari"
            RenderText {#text} at (0,132) size 17x73
              text run at (0,132) width 8: ". "
              text run at (0,140) width 64: "Engine is "
            RenderInline {A} at (0,0) size 17x78 [color=#0000EE]
              RenderText {#text} at (0,204) size 17x78
                text run at (0,204) width 77: "open source"
            RenderText {#text} at (0,281) size 17x17
              text run at (0,281) width 17: " (a"
            RenderInline {A} at (0,0) size 17x109 [color=#0000EE]
              RenderText {#text} at (18,0) size 17x109
                text run at (18,0) width 109: "modified version"
            RenderText {#text} at (18,108) size 17x23
              text run at (18,108) width 22: " of "
            RenderInline {A} at (0,0) size 17x58 [color=#0000EE]
              RenderText {#text} at (18,130) size 17x58
                text run at (18,130) width 57: "KHTML"
            RenderText {#text} at (18,187) size 71x305
              text run at (18,187) width 78: "), rest of the"
              text run at (36,0) width 305: "application is free but not open source (just like"
              text run at (54,0) width 58: "the OS). "
              text run at (54,57) width 124: "Only runs on 10.2. "
              text run at (54,180) width 122: "Currently in public"
              text run at (72,0) width 31: "beta."
          RenderListItem {LI} at (162,40) size 36x310
            RenderListMarker at (0,-20) size 17x16: "4"
            RenderText {#text} at (0,0) size 35x268
              text run at (0,0) width 243: "New presentation software: Keynote. "
              text run at (0,242) width 25: "The"
              text run at (18,0) width 163: "software Steve Jobs uses."
          RenderListItem {LI} at (198,40) size 36x310
            RenderListMarker at (0,-20) size 17x16: "5"
            RenderText {#text} at (0,0) size 17x109
              text run at (0,0) width 109: "New versions of "
            RenderInline {A} at (0,0) size 17x48 [color=#0000EE]
              RenderText {#text} at (0,108) size 17x48
                text run at (0,108) width 47: "iMovie"
            RenderText {#text} at (0,155) size 17x9
              text run at (0,155) width 8: ", "
            RenderInline {A} at (0,0) size 17x42 [color=#0000EE]
              RenderText {#text} at (0,163) size 17x42
                text run at (0,163) width 42: "iPhoto"
            RenderText {#text} at (0,204) size 17x9
              text run at (0,204) width 8: ", "
            RenderInline {A} at (0,0) size 17x45 [color=#0000EE]
              RenderText {#text} at (0,212) size 17x45
                text run at (0,212) width 44: "iTunes"
            RenderText {#text} at (0,256) size 35x261
              text run at (0,256) width 4: "."
              text run at (18,0) width 169: "Bundled into a box called "
            RenderInline {A} at (0,0) size 17x32 [color=#0000EE]
              RenderText {#text} at (18,168) size 17x32
                text run at (18,168) width 32: "iLife"
            RenderText {#text} at (18,199) size 17x60
              text run at (18,199) width 59: ", for $49."
          RenderListItem {LI} at (234,40) size 18x310
            RenderListMarker at (0,-20) size 17x16: "6"
            RenderInline {A} at (0,0) size 17x115 [color=#0000EE]
              RenderText {#text} at (0,0) size 17x115
                text run at (0,0) width 115: "Final Cut Express"
            RenderText {#text} at (0,114) size 17x168
              text run at (0,114) width 132: " for creating DVDs. "
              text run at (0,245) width 36: "$299."
      RenderBlock {DIV} at (0,0) size 302x584
        RenderBlock {UL} at (0,0) size 144x584
          RenderListItem {LI} at (0,40) size 18x544
            RenderListMarker at (0,293) size 17x7: bullet
            RenderInline {A} at (0,0) size 17x40 [color=#0000EE]
              RenderText {#text} at (0,504) size 17x40
                text run at (0,504) width 40: "About"
          RenderListItem {LI} at (18,40) size 18x544
            RenderListMarker at (0,293) size 17x7: bullet
            RenderInline {A} at (0,0) size 17x57 [color=#0000EE]
              RenderText {#text} at (0,487) size 17x57
                text run at (0,487) width 57: "Site map"
          RenderListItem {LI} at (36,40) size 18x544
            RenderListMarker at (0,293) size 17x7: bullet
            RenderInline {A} at (0,0) size 17x58 [color=#0000EE]
              RenderText {#text} at (0,486) size 17x58
                text run at (0,486) width 58: "Archives"
          RenderListItem {LI} at (54,40) size 18x544
            RenderListMarker at (0,293) size 17x7: bullet
            RenderInline {A} at (0,0) size 17x52 [color=#0000EE]
              RenderText {#text} at (0,492) size 17x52
                text run at (0,492) width 52: "Projects"
          RenderListItem {LI} at (72,40) size 18x544
            RenderListMarker at (0,293) size 17x7: bullet
            RenderInline {A} at (0,0) size 17x44 [color=#0000EE]
              RenderText {#text} at (0,500) size 17x44
                text run at (0,500) width 44: "Photos"
          RenderListItem {LI} at (90,40) size 18x544
            RenderListMarker at (0,293) size 17x7: bullet
            RenderInline {A} at (0,0) size 17x58 [color=#0000EE]
              RenderText {#text} at (0,486) size 17x58
                text run at (0,486) width 58: "Statistics"
          RenderListItem {LI} at (108,40) size 18x544
            RenderListMarker at (0,293) size 17x7: bullet
            RenderInline {A} at (0,0) size 17x149 [color=#0000EE]
              RenderText {#text} at (0,395) size 17x149
                text run at (0,395) width 149: "Accessibility statement"
          RenderListItem {LI} at (126,40) size 18x544
            RenderListMarker at (0,293) size 17x7: bullet
            RenderInline {A} at (0,0) size 17x29 [color=#0000EE]
              RenderText {#text} at (0,430) size 17x29
                text run at (0,430) width 29: "RSS"
            RenderText {#text} at (0,458) size 17x11
              text run at (0,458) width 10: " ("
            RenderInline {A} at (0,0) size 17x71 [color=#0000EE]
              RenderText {#text} at (0,468) size 17x71
                text run at (0,468) width 71: "more feeds"
            RenderText {#text} at (0,538) size 17x6
              text run at (0,538) width 6: ")"
        RenderBlock {UL} at (160,0) size 18x584
          RenderListItem {LI} at (0,40) size 18x544
            RenderListMarker at (0,293) size 17x7: bullet
            RenderInline {A} at (0,0) size 17x89 [color=#0000EE]
              RenderText {#text} at (0,455) size 17x89
                text run at (0,455) width 89: "What is RSS?"
        RenderBlock {UL} at (194,0) size 108x584
          RenderListItem {LI} at (0,40) size 18x544
            RenderListMarker at (0,293) size 17x7: bullet
            RenderInline {A} at (0,0) size 17x93 [color=#0000EE]
              RenderText {#text} at (0,451) size 17x93
                text run at (0,451) width 93: "RSS Validator"
          RenderListItem {LI} at (18,40) size 18x544
            RenderListMarker at (0,293) size 17x7: bullet
            RenderInline {A} at (0,0) size 17x149 [color=#0000EE]
              RenderText {#text} at (0,395) size 17x149
                text run at (0,395) width 149: "Dive Into Accessibility"
          RenderListItem {LI} at (36,40) size 18x544
            RenderListMarker at (0,293) size 17x7: bullet
            RenderInline {A} at (0,0) size 17x101 [color=#0000EE]
              RenderText {#text} at (0,443) size 17x101
                text run at (0,443) width 101: "Dive Into OS X"
          RenderListItem {LI} at (54,40) size 18x544
            RenderListMarker at (0,293) size 17x7: bullet
            RenderInline {A} at (0,0) size 17x99 [color=#0000EE]
              RenderText {#text} at (0,445) size 17x99
                text run at (0,445) width 99: "Dive Into J2EE"
          RenderListItem {LI} at (72,40) size 18x544
            RenderListMarker at (0,293) size 17x7: bullet
            RenderInline {A} at (0,0) size 17x111 [color=#0000EE]
              RenderText {#text} at (0,433) size 17x111
                text run at (0,433) width 111: "Dive Into Python"
          RenderListItem {LI} at (90,40) size 18x544
            RenderListMarker at (0,293) size 17x7: bullet
            RenderInline {A} at (0,0) size 17x47 [color=#0000EE]
              RenderText {#text} at (0,497) size 17x47
                text run at (0,497) width 47: "r\x{E9}sum\x{E9}"
