layer at (0,0) size 1808x584
  RenderView at (0,0) size 800x584
layer at (0,0) size 1808x584
  RenderBlock {HTML} at (0,0) size 1808x584
    RenderBody {BODY} at (8,8) size 1784x568
      RenderBlock {UL} at (0,0) size 134x188 [border: (1px solid #0000FF)]
        RenderListItem {LI} at (1,41) size 38x146 [border: (5px solid #FFA500)]
          RenderListMarker at (10,-17) size 17x7: bullet
          RenderText {#text} at (10,10) size 17x62
            text run at (10,10) width 62: "First item"
        RenderListItem {LI} at (39,41) size 56x146 [border: (5px solid #FFA500)]
          RenderListMarker at (10,-17) size 17x7: bullet
          RenderText {#text} at (10,10) size 35x107
            text run at (10,10) width 107: "Second and very"
            text run at (28,10) width 94: "very long item"
        RenderListItem {LI} at (95,41) size 38x146 [border: (5px solid #FFA500)]
          RenderListMarker at (10,-17) size 17x7: bullet
          RenderText {#text} at (10,10) size 17x68
            text run at (10,10) width 68: "Third item"
      RenderBlock {UL} at (150,0) size 134x188 [border: (1px solid #FF0000)]
        RenderListItem {LI} at (1,1) size 38x146 [border: (5px solid #FFA500)]
          RenderListMarker at (10,156) size 17x7: bullet
          RenderText {#text} at (10,74) size 17x62
            text run at (10,74) width 62: "First item"
        RenderListItem {LI} at (39,1) size 56x146 [border: (5px solid #FFA500)]
          RenderListMarker at (10,156) size 17x7: bullet
          RenderText {#text} at (10,29) size 35x107
            text run at (10,29) width 107: "Second and very"
            text run at (28,42) width 94: "very long item"
        RenderListItem {LI} at (95,1) size 38x146 [border: (5px solid #FFA500)]
          RenderListMarker at (10,156) size 17x7: bullet
          RenderText {#text} at (10,68) size 17x68
            text run at (10,68) width 68: "Third item"
      RenderBlock {UL} at (300,0) size 134x188 [border: (1px solid #0000FF)]
        RenderListItem {LI} at (1,41) size 38x146 [border: (5px solid #FFA500)]
          RenderListMarker at (10,9) size 17x7: bullet
          RenderText {#text} at (10,24) size 17x62
            text run at (10,24) width 62: "First item"
        RenderListItem {LI} at (39,41) size 56x146 [border: (5px solid #FFA500)]
          RenderListMarker at (10,9) size 17x7: bullet
          RenderText {#text} at (10,24) size 35x121
            text run at (10,24) width 107: "Second and very"
            text run at (28,10) width 94: "very long item"
        RenderListItem {LI} at (95,41) size 38x146 [border: (5px solid #FFA500)]
          RenderListMarker at (10,9) size 17x7: bullet
          RenderText {#text} at (10,24) size 17x68
            text run at (10,24) width 68: "Third item"
      RenderBlock {UL} at (450,0) size 134x188 [border: (1px solid #FF0000)]
        RenderListItem {LI} at (1,1) size 38x146 [border: (5px solid #FFA500)]
          RenderListMarker at (10,130) size 17x7: bullet
          RenderText {#text} at (10,60) size 17x62
            text run at (10,60) width 62: "First item"
        RenderListItem {LI} at (39,1) size 56x146 [border: (5px solid #FFA500)]
          RenderListMarker at (10,130) size 17x7: bullet
          RenderText {#text} at (10,15) size 35x121
            text run at (10,15) width 107: "Second and very"
            text run at (28,42) width 94: "very long item"
        RenderListItem {LI} at (95,1) size 38x146 [border: (5px solid #FFA500)]
          RenderListMarker at (10,130) size 17x7: bullet
          RenderText {#text} at (10,54) size 17x68
            text run at (10,54) width 68: "Third item"
      RenderBlock {UL} at (600,0) size 134x188 [border: (1px solid #0000FF)]
        RenderListItem {LI} at (1,41) size 38x146 [border: (5px solid #FFA500)]
          RenderListMarker at (13,-17) size 10x10
          RenderText {#text} at (10,10) size 17x62
            text run at (10,10) width 62: "First item"
        RenderListItem {LI} at (39,41) size 56x146 [border: (5px solid #FFA500)]
          RenderListMarker at (13,-17) size 10x10
          RenderText {#text} at (10,10) size 35x107
            text run at (10,10) width 107: "Second and very"
            text run at (28,10) width 94: "very long item"
        RenderListItem {LI} at (95,41) size 38x146 [border: (5px solid #FFA500)]
          RenderListMarker at (13,-17) size 10x10
          RenderText {#text} at (10,10) size 17x68
            text run at (10,10) width 68: "Third item"
      RenderBlock {UL} at (750,0) size 134x188 [border: (1px solid #FF0000)]
        RenderListItem {LI} at (1,1) size 38x146 [border: (5px solid #FFA500)]
          RenderListMarker at (13,153) size 10x10
          RenderText {#text} at (10,74) size 17x62
            text run at (10,74) width 62: "First item"
        RenderListItem {LI} at (39,1) size 56x146 [border: (5px solid #FFA500)]
          RenderListMarker at (13,153) size 10x10
          RenderText {#text} at (10,29) size 35x107
            text run at (10,29) width 107: "Second and very"
            text run at (28,42) width 94: "very long item"
        RenderListItem {LI} at (95,1) size 38x146 [border: (5px solid #FFA500)]
          RenderListMarker at (13,153) size 10x10
          RenderText {#text} at (10,68) size 17x68
            text run at (10,68) width 68: "Third item"
      RenderBlock {UL} at (900,0) size 134x188 [border: (1px solid #0000FF)]
        RenderListItem {LI} at (1,41) size 38x146 [border: (5px solid #FFA500)]
          RenderListMarker at (13,10) size 10x10
          RenderText {#text} at (10,27) size 17x62
            text run at (10,27) width 62: "First item"
        RenderListItem {LI} at (39,41) size 56x146 [border: (5px solid #FFA500)]
          RenderListMarker at (13,10) size 10x10
          RenderText {#text} at (10,27) size 35x124
            text run at (10,27) width 107: "Second and very"
            text run at (28,10) width 94: "very long item"
        RenderListItem {LI} at (95,41) size 38x146 [border: (5px solid #FFA500)]
          RenderListMarker at (13,10) size 10x10
          RenderText {#text} at (10,27) size 17x68
            text run at (10,27) width 68: "Third item"
      RenderBlock {UL} at (1050,0) size 134x188 [border: (1px solid #FF0000)]
        RenderListItem {LI} at (1,1) size 38x146 [border: (5px solid #FFA500)]
          RenderListMarker at (13,126) size 10x10
          RenderText {#text} at (10,57) size 17x62
            text run at (10,57) width 62: "First item"
        RenderListItem {LI} at (39,1) size 56x146 [border: (5px solid #FFA500)]
          RenderListMarker at (13,126) size 10x10
          RenderText {#text} at (10,12) size 35x124
            text run at (10,12) width 107: "Second and very"
            text run at (28,42) width 94: "very long item"
        RenderListItem {LI} at (95,1) size 38x146 [border: (5px solid #FFA500)]
          RenderListMarker at (13,126) size 10x10
          RenderText {#text} at (10,51) size 17x68
            text run at (10,51) width 68: "Third item"
      RenderBlock {OL} at (1200,0) size 134x188 [border: (1px solid #0000FF)]
        RenderListItem {LI} at (1,41) size 38x146 [border: (5px solid #FFA500)]
          RenderListMarker at (10,-20) size 17x16: "1"
          RenderText {#text} at (10,10) size 17x62
            text run at (10,10) width 62: "First item"
        RenderListItem {LI} at (39,41) size 56x146 [border: (5px solid #FFA500)]
          RenderListMarker at (10,-20) size 17x16: "2"
          RenderText {#text} at (10,10) size 35x107
            text run at (10,10) width 107: "Second and very"
            text run at (28,10) width 94: "very long item"
        RenderListItem {LI} at (95,41) size 38x146 [border: (5px solid #FFA500)]
          RenderListMarker at (10,-20) size 17x16: "3"
          RenderText {#text} at (10,10) size 17x68
            text run at (10,10) width 68: "Third item"
      RenderBlock {OL} at (1350,0) size 134x188 [border: (1px solid #FF0000)]
        RenderListItem {LI} at (1,1) size 38x146 [border: (5px solid #FFA500)]
          RenderListMarker at (10,150) size 17x16: "1"
          RenderText {#text} at (10,74) size 17x62
            text run at (10,74) width 62: "First item"
        RenderListItem {LI} at (39,1) size 56x146 [border: (5px solid #FFA500)]
          RenderListMarker at (10,150) size 17x16: "2"
          RenderText {#text} at (10,29) size 35x107
            text run at (10,29) width 107: "Second and very"
            text run at (28,42) width 94: "very long item"
        RenderListItem {LI} at (95,1) size 38x146 [border: (5px solid #FFA500)]
          RenderListMarker at (10,150) size 17x16: "3"
          RenderText {#text} at (10,68) size 17x68
            text run at (10,68) width 68: "Third item"
      RenderBlock {OL} at (1500,0) size 134x188 [border: (1px solid #0000FF)]
        RenderListItem {LI} at (1,41) size 38x146 [border: (5px solid #FFA500)]
          RenderListMarker at (10,10) size 17x16: "1"
          RenderText {#text} at (10,26) size 17x62
            text run at (10,26) width 62: "First item"
        RenderListItem {LI} at (39,41) size 56x146 [border: (5px solid #FFA500)]
          RenderListMarker at (10,10) size 17x16: "2"
          RenderText {#text} at (10,26) size 35x123
            text run at (10,26) width 107: "Second and very"
            text run at (28,10) width 94: "very long item"
        RenderListItem {LI} at (95,41) size 38x146 [border: (5px solid #FFA500)]
          RenderListMarker at (10,10) size 17x16: "3"
          RenderText {#text} at (10,26) size 17x68
            text run at (10,26) width 68: "Third item"
      RenderBlock {OL} at (1650,0) size 134x188 [border: (1px solid #FF0000)]
        RenderListItem {LI} at (1,1) size 38x146 [border: (5px solid #FFA500)]
          RenderListMarker at (10,120) size 17x16: "1"
          RenderText {#text} at (10,58) size 17x62
            text run at (10,58) width 62: "First item"
        RenderListItem {LI} at (39,1) size 56x146 [border: (5px solid #FFA500)]
          RenderListMarker at (10,120) size 17x16: "2"
          RenderText {#text} at (10,13) size 35x123
            text run at (10,13) width 107: "Second and very"
            text run at (28,42) width 94: "very long item"
        RenderListItem {LI} at (95,1) size 38x146 [border: (5px solid #FFA500)]
          RenderListMarker at (10,120) size 17x16: "3"
          RenderText {#text} at (10,52) size 17x68
            text run at (10,52) width 68: "Third item"
