layer at (0,0) size 784x1808
  RenderView at (0,0) size 784x600
layer at (0,0) size 784x1808
  RenderBlock {HTML} at (0,0) size 784x1808
    RenderBody {BODY} at (8,8) size 768x1784
      RenderBlock {UL} at (0,0) size 188x134 [border: (1px solid #0000FF)]
        RenderListItem {LI} at (41,1) size 146x38 [border: (5px solid #FFA500)]
          RenderListMarker at (-17,10) size 7x17: bullet
          RenderText {#text} at (10,10) size 62x17
            text run at (10,10) width 62: "First item"
        RenderListItem {LI} at (41,39) size 146x56 [border: (5px solid #FFA500)]
          RenderListMarker at (-17,10) size 7x17: bullet
          RenderText {#text} at (10,10) size 107x35
            text run at (10,10) width 107: "Second and very"
            text run at (10,28) width 94: "very long item"
        RenderListItem {LI} at (41,95) size 146x38 [border: (5px solid #FFA500)]
          RenderListMarker at (-17,10) size 7x17: bullet
          RenderText {#text} at (10,10) size 68x17
            text run at (10,10) width 68: "Third item"
      RenderBlock {UL} at (0,150) size 188x134 [border: (1px solid #FF0000)]
        RenderListItem {LI} at (1,1) size 146x38 [border: (5px solid #FFA500)]
          RenderListMarker at (156,10) size 7x17: bullet
          RenderText {#text} at (74,10) size 62x17
            text run at (74,10) width 62: "First item"
        RenderListItem {LI} at (1,39) size 146x56 [border: (5px solid #FFA500)]
          RenderListMarker at (156,10) size 7x17: bullet
          RenderText {#text} at (29,10) size 107x35
            text run at (29,10) width 107: "Second and very"
            text run at (42,28) width 94: "very long item"
        RenderListItem {LI} at (1,95) size 146x38 [border: (5px solid #FFA500)]
          RenderListMarker at (156,10) size 7x17: bullet
          RenderText {#text} at (68,10) size 68x17
            text run at (68,10) width 68: "Third item"
      RenderBlock {UL} at (0,300) size 188x134 [border: (1px solid #0000FF)]
        RenderListItem {LI} at (41,1) size 146x38 [border: (5px solid #FFA500)]
          RenderListMarker at (9,10) size 7x17: bullet
          RenderText {#text} at (24,10) size 62x17
            text run at (24,10) width 62: "First item"
        RenderListItem {LI} at (41,39) size 146x56 [border: (5px solid #FFA500)]
          RenderListMarker at (9,10) size 7x17: bullet
          RenderText {#text} at (24,10) size 121x35
            text run at (24,10) width 107: "Second and very"
            text run at (10,28) width 94: "very long item"
        RenderListItem {LI} at (41,95) size 146x38 [border: (5px solid #FFA500)]
          RenderListMarker at (9,10) size 7x17: bullet
          RenderText {#text} at (24,10) size 68x17
            text run at (24,10) width 68: "Third item"
      RenderBlock {UL} at (0,450) size 188x134 [border: (1px solid #FF0000)]
        RenderListItem {LI} at (1,1) size 146x38 [border: (5px solid #FFA500)]
          RenderListMarker at (130,10) size 7x17: bullet
          RenderText {#text} at (60,10) size 62x17
            text run at (60,10) width 62: "First item"
        RenderListItem {LI} at (1,39) size 146x56 [border: (5px solid #FFA500)]
          RenderListMarker at (130,10) size 7x17: bullet
          RenderText {#text} at (15,10) size 121x35
            text run at (15,10) width 107: "Second and very"
            text run at (42,28) width 94: "very long item"
        RenderListItem {LI} at (1,95) size 146x38 [border: (5px solid #FFA500)]
          RenderListMarker at (130,10) size 7x17: bullet
          RenderText {#text} at (54,10) size 68x17
            text run at (54,10) width 68: "Third item"
      RenderBlock {UL} at (0,600) size 188x134 [border: (1px solid #0000FF)]
        RenderListItem {LI} at (41,1) size 146x38 [border: (5px solid #FFA500)]
          RenderListMarker at (-17,14) size 10x10
          RenderText {#text} at (10,10) size 62x17
            text run at (10,10) width 62: "First item"
        RenderListItem {LI} at (41,39) size 146x56 [border: (5px solid #FFA500)]
          RenderListMarker at (-17,14) size 10x10
          RenderText {#text} at (10,10) size 107x35
            text run at (10,10) width 107: "Second and very"
            text run at (10,28) width 94: "very long item"
        RenderListItem {LI} at (41,95) size 146x38 [border: (5px solid #FFA500)]
          RenderListMarker at (-17,14) size 10x10
          RenderText {#text} at (10,10) size 68x17
            text run at (10,10) width 68: "Third item"
      RenderBlock {UL} at (0,750) size 188x134 [border: (1px solid #FF0000)]
        RenderListItem {LI} at (1,1) size 146x38 [border: (5px solid #FFA500)]
          RenderListMarker at (153,14) size 10x10
          RenderText {#text} at (74,10) size 62x17
            text run at (74,10) width 62: "First item"
        RenderListItem {LI} at (1,39) size 146x56 [border: (5px solid #FFA500)]
          RenderListMarker at (153,14) size 10x10
          RenderText {#text} at (29,10) size 107x35
            text run at (29,10) width 107: "Second and very"
            text run at (42,28) width 94: "very long item"
        RenderListItem {LI} at (1,95) size 146x38 [border: (5px solid #FFA500)]
          RenderListMarker at (153,14) size 10x10
          RenderText {#text} at (68,10) size 68x17
            text run at (68,10) width 68: "Third item"
      RenderBlock {UL} at (0,900) size 188x134 [border: (1px solid #0000FF)]
        RenderListItem {LI} at (41,1) size 146x38 [border: (5px solid #FFA500)]
          RenderListMarker at (10,14) size 10x10
          RenderText {#text} at (27,10) size 62x17
            text run at (27,10) width 62: "First item"
        RenderListItem {LI} at (41,39) size 146x56 [border: (5px solid #FFA500)]
          RenderListMarker at (10,14) size 10x10
          RenderText {#text} at (27,10) size 124x35
            text run at (27,10) width 107: "Second and very"
            text run at (10,28) width 94: "very long item"
        RenderListItem {LI} at (41,95) size 146x38 [border: (5px solid #FFA500)]
          RenderListMarker at (10,14) size 10x10
          RenderText {#text} at (27,10) size 68x17
            text run at (27,10) width 68: "Third item"
      RenderBlock {UL} at (0,1050) size 188x134 [border: (1px solid #FF0000)]
        RenderListItem {LI} at (1,1) size 146x38 [border: (5px solid #FFA500)]
          RenderListMarker at (126,14) size 10x10
          RenderText {#text} at (57,10) size 62x17
            text run at (57,10) width 62: "First item"
        RenderListItem {LI} at (1,39) size 146x56 [border: (5px solid #FFA500)]
          RenderListMarker at (126,14) size 10x10
          RenderText {#text} at (12,10) size 124x35
            text run at (12,10) width 107: "Second and very"
            text run at (42,28) width 94: "very long item"
        RenderListItem {LI} at (1,95) size 146x38 [border: (5px solid #FFA500)]
          RenderListMarker at (126,14) size 10x10
          RenderText {#text} at (51,10) size 68x17
            text run at (51,10) width 68: "Third item"
      RenderBlock {OL} at (0,1200) size 188x134 [border: (1px solid #0000FF)]
        RenderListItem {LI} at (41,1) size 146x38 [border: (5px solid #FFA500)]
          RenderListMarker at (-20,10) size 16x17: "1"
          RenderText {#text} at (10,10) size 62x17
            text run at (10,10) width 62: "First item"
        RenderListItem {LI} at (41,39) size 146x56 [border: (5px solid #FFA500)]
          RenderListMarker at (-20,10) size 16x17: "2"
          RenderText {#text} at (10,10) size 107x35
            text run at (10,10) width 107: "Second and very"
            text run at (10,28) width 94: "very long item"
        RenderListItem {LI} at (41,95) size 146x38 [border: (5px solid #FFA500)]
          RenderListMarker at (-20,10) size 16x17: "3"
          RenderText {#text} at (10,10) size 68x17
            text run at (10,10) width 68: "Third item"
      RenderBlock {OL} at (0,1350) size 188x134 [border: (1px solid #FF0000)]
        RenderListItem {LI} at (1,1) size 146x38 [border: (5px solid #FFA500)]
          RenderListMarker at (150,10) size 16x17: "1"
          RenderText {#text} at (74,10) size 62x17
            text run at (74,10) width 62: "First item"
        RenderListItem {LI} at (1,39) size 146x56 [border: (5px solid #FFA500)]
          RenderListMarker at (150,10) size 16x17: "2"
          RenderText {#text} at (29,10) size 107x35
            text run at (29,10) width 107: "Second and very"
            text run at (42,28) width 94: "very long item"
        RenderListItem {LI} at (1,95) size 146x38 [border: (5px solid #FFA500)]
          RenderListMarker at (150,10) size 16x17: "3"
          RenderText {#text} at (68,10) size 68x17
            text run at (68,10) width 68: "Third item"
      RenderBlock {OL} at (0,1500) size 188x134 [border: (1px solid #0000FF)]
        RenderListItem {LI} at (41,1) size 146x38 [border: (5px solid #FFA500)]
          RenderListMarker at (10,10) size 16x17: "1"
          RenderText {#text} at (26,10) size 62x17
            text run at (26,10) width 62: "First item"
        RenderListItem {LI} at (41,39) size 146x56 [border: (5px solid #FFA500)]
          RenderListMarker at (10,10) size 16x17: "2"
          RenderText {#text} at (26,10) size 123x35
            text run at (26,10) width 107: "Second and very"
            text run at (10,28) width 94: "very long item"
        RenderListItem {LI} at (41,95) size 146x38 [border: (5px solid #FFA500)]
          RenderListMarker at (10,10) size 16x17: "3"
          RenderText {#text} at (26,10) size 68x17
            text run at (26,10) width 68: "Third item"
      RenderBlock {OL} at (0,1650) size 188x134 [border: (1px solid #FF0000)]
        RenderListItem {LI} at (1,1) size 146x38 [border: (5px solid #FFA500)]
          RenderListMarker at (120,10) size 16x17: "1"
          RenderText {#text} at (58,10) size 62x17
            text run at (58,10) width 62: "First item"
        RenderListItem {LI} at (1,39) size 146x56 [border: (5px solid #FFA500)]
          RenderListMarker at (120,10) size 16x17: "2"
          RenderText {#text} at (13,10) size 123x35
            text run at (13,10) width 107: "Second and very"
            text run at (42,28) width 94: "very long item"
        RenderListItem {LI} at (1,95) size 146x38 [border: (5px solid #FFA500)]
          RenderListMarker at (120,10) size 16x17: "3"
          RenderText {#text} at (52,10) size 68x17
            text run at (52,10) width 68: "Third item"
