layer at (0,0) size 800x600
  RenderView at (0,0) size 800x600
layer at (0,0) size 800x600
  RenderBlock {HTML} at (0,0) size 800x600
    RenderBody {BODY} at (8,8) size 784x576
      RenderBlock {P} at (0,0) size 784x36
        RenderText {#text} at (0,0) size 55x17
          text run at (0,0) width 55: "Test for "
        RenderInline {I} at (0,0) size 783x35
          RenderInline {A} at (0,0) size 306x17 [color=#0000EE]
            RenderText {#text} at (54,0) size 306x17
              text run at (54,0) width 306: "http://bugs.webkit.org/show_bug.cgi?id=13157"
          RenderText {#text} at (359,0) size 783x35
            text run at (359,0) width 5: " "
            text run at (363,0) width 420: "List markers positioned incorrectly and don't repaint properly on"
            text run at (0,18) width 116: "Oxford homepage"
        RenderText {#text} at (115,18) size 5x17
          text run at (115,18) width 5: "."
      RenderBlock {P} at (0,52) size 784x18
        RenderText {#text} at (0,0) size 407x17
          text run at (0,0) width 407: "There should be a bullet next to each item on the following list:"
      RenderBlock {UL} at (0,86) size 784x90
        RenderListItem {LI} at (40,0) size 744x18
          RenderListMarker at (-17,0) size 7x17: bullet
          RenderText {#text} at (0,0) size 162x17
            text run at (0,0) width 162: "Prospectuses and courses"
        RenderListItem {LI} at (40,18) size 744x18
          RenderListMarker at (-17,0) size 7x17: bullet
          RenderText {#text} at (0,0) size 171x17
            text run at (0,0) width 171: "Undergraduate admissions"
        RenderListItem {LI} at (40,36) size 744x18
          RenderListMarker at (-17,0) size 7x17: bullet
          RenderText {#text} at (0,0) size 134x17
            text run at (0,0) width 134: "Graduate admissions"
        RenderListItem {LI} at (40,54) size 744x18
          RenderListMarker at (-17,0) size 7x17: bullet
          RenderText {#text} at (0,0) size 139x17
            text run at (0,0) width 139: "Continuing education"
        RenderListItem {LI} at (40,72) size 744x18
          RenderListMarker at (-17,0) size 7x17: bullet
          RenderText {#text} at (0,0) size 96x17
            text run at (0,0) width 96: "Online courses"
