layer at (0,0) size 1366x768
  RenderView at (0,0) size 1366x768
layer at (0,0) size 1366x768
  RenderBlock {HTML} at (0,0) size 1366x768
    RenderBody {BODY} at (8,8) size 1350x752
      RenderBlock {DIV} at (0,0) size 1350x32
        RenderBlock (anonymous) at (0,0) size 1350x16
          RenderInline {SPAN} at (0,0) size 16x17
            RenderText {#text} at (0,0) size 16x17
              text run at (0,0) width 16: "1"
          RenderText {#text} at (0,0) size 0x0
        RenderBlock (anonymous) at (0,16) size 1350x16
          RenderInline {SPAN} at (0,0) size 16x17
            RenderText {#text} at (0,0) size 16x17
              text run at (0,0) width 16: "2"
        RenderBlock (anonymous) at (0,32) size 1350x0
          RenderBlock {DIV} at (0,0) size 1350x0
        RenderBlock (anonymous) at (0,32) size 1350x0
          RenderInline {SPAN} at (0,0) size 0x0
        RenderBlock (anonymous) at (0,32) size 1350x0
          RenderText {#text} at (0,0) size 0x0
