layer at (0,0) size 800x600
  RenderView at (0,0) size 800x600
layer at (0,0) size 800x260
  RenderBlock {HTML} at (0,0) size 800x260
    RenderBody {BODY} at (8,16) size 784x236
      RenderBlock {P} at (0,0) size 784x22
        RenderText {#text} at (0,0) size 656x22
          text run at (0,0) width 656: "Test passes if there is blue rectangle, and not a square, in the upper-right corner of the black box."
layer at (8,54) size 198x198
  RenderBlock (relative positioned) {DIV} at (0,38) size 198x198 [border: (3px solid #000000)]
layer at (107,57) size 96x48
  RenderBlock (positioned) {DIV} at (99,3) size 96x48 [bgcolor=#0000FF]
    RenderText {#text} at (0,0) size 96x97
      text run at (0,0) width 96: " "
