layer at (0,0) size 800x600
  RenderView at (0,0) size 800x600
layer at (0,0) size 800x280
  RenderBlock {HTML} at (0,0) size 800x280
    RenderBody {BODY} at (8,16) size 784x256
      RenderBlock {P} at (0,0) size 784x42
        RenderText {#text} at (0,0) size 764x42
          text run at (0,0) width 764: "Test passes if the blue box below is in the upper-left corner of the black box and there is no red visible on the"
          text run at (0,21) width 40: "page."
layer at (8,74) size 198x198
  RenderBlock (relative positioned) {DIV} at (0,58) size 198x198 [border: (3px solid #000000)]
layer at (11,77) size 96x96
  RenderBlock (positioned) {DIV} at (3,3) size 96x96 [color=#0000FF] [bgcolor=#FF0000]
    RenderText {#text} at (0,0) size 96x97
      text run at (0,0) width 96: "X"
