layer at (0,0) size 800x600
  RenderView at (0,0) size 800x600
layer at (0,0) size 800x80
  RenderBlock {HTML} at (0,0) size 800x80
    RenderBody {BODY} at (8,16) size 784x56
      RenderBlock {P} at (0,0) size 784x22
        RenderText {#text} at (0,0) size 544x22
          text run at (0,0) width 544: "Test passes if there is a single blue box below and it does not touch the black line."
layer at (8,54) size 784x18
  RenderBlock (relative positioned) {DIV} at (0,38) size 784x18 [border: (3px solid #000000) none]
layer at (8,153) size 15x15
  RenderImage {IMG} at (0,99) size 15x15
layer at (23,153) size 15x15
  RenderBlock (relative positioned) {DIV} at (0,3) size 15x15 [bgcolor=#0000FF]
