layer at (0,0) size 800x600
  RenderView at (0,0) size 800x600
layer at (0,0) size 800x282
  RenderBlock {HTML} at (0,0) size 800x282
    RenderBody {BODY} at (8,16) size 784x258
      RenderBlock {P} at (0,0) size 784x44
        RenderText {#text} at (0,0) size 771x44
          text run at (0,0) width 771: "Test passes if the blue and orange boxes below are the same width, and the blue box is in the upper-right corner of"
          text run at (0,22) width 95: "the black box."
layer at (8,76) size 198x198
  RenderBlock (relative positioned) {DIV} at (0,60) size 198x198 [border: (3px solid #000000)]
    RenderBlock {DIV} at (99,99) size 96x96 [bgcolor=#FFA500]
layer at (107,79) size 96x96
  RenderImage {IMG} at (99,3) size 96x96
