layer at (0,0) size 800x600
  RenderView at (0,0) size 800x600
layer at (0,0) size 800x107
  RenderBlock {HTML} at (0,0) size 800x107
    RenderBody {BODY} at (8,16) size 784x83
      RenderBlock {P} at (0,0) size 784x22
        RenderText {#text} at (0,0) size 150x22
          text run at (0,0) width 150: "There must be no red."
layer at (8,54) size 45x45
  RenderBlock (relative positioned) {DIV} at (0,38) size 45x45
    RenderBlock {DIV} at (0,0) size 45x15 [border: (15px solid #FF0000) none]
    RenderBlock {DIV} at (0,15) size 45x15 [border: (15px solid #FF0000)]
    RenderBlock {DIV} at (15,30) size 15x15 [bgcolor=#FF0000]
layer at (8,69) size 15x15
  RenderImage {IMG} at (0,15) size 15x15 [bgcolor=#FF0000]
layer at (23,84) size 15x15
  RenderImage {IMG} at (15,30) size 15x15 [bgcolor=#FF0000]
layer at (38,54) size 15x15
  RenderImage {IMG} at (30,0) size 15x15 [bgcolor=#FF0000]
