layer at (0,0) size 800x600
  RenderView at (0,0) size 800x600
layer at (0,0) size 800x53
  RenderBlock {HTML} at (0,0) size 800x53
    RenderBody {BODY} at (8,16) size 784x21
      RenderBlock {P} at (0,0) size 784x21
        RenderText {#text} at (0,0) size 486x21
          text run at (0,0) width 486: "Test passes if the blue and orange boxes below are the same height."
layer at (8,53) size 96x96
  RenderImage {IMG} at (0,0) size 96x96
layer at (104,53) size 96x96
  RenderBlock (positioned) {DIV} at (96,0) size 96x96 [bgcolor=#FFA500]
