layer at (0,0) size 800x600
  RenderView at (0,0) size 800x600
layer at (0,0) size 800x445
  RenderBlock {HTML} at (0,0) size 800x445
    RenderBody {BODY} at (8,16) size 784x421
      RenderBlock {P} at (0,0) size 784x21
        RenderText {#text} at (0,0) size 486x21
          text run at (0,0) width 486: "Test passes if the orange and blue boxes below are the same height."
layer at (8,53) size 192x384
  RenderBlock (relative positioned) {DIV} at (0,37) size 192x384 [color=#FFA500]
layer at (8,53) size 192x96
  RenderBlock (positioned) {DIV} at (0,0) size 192x96 [bgcolor=#0000FF]
    RenderText {#text} at (0,0) size 96x97
      text run at (0,0) width 96: "X"
