layer at (0,0) size 800x600
  RenderView at (0,0) size 800x600
layer at (0,0) size 800x355
  RenderBlock {HTML} at (0,0) size 800x355
    RenderBody {BODY} at (8,16) size 784x331
      RenderBlock {P} at (0,0) size 784x21
        RenderText {#text} at (0,0) size 457x21
          text run at (0,0) width 457: "Test passes if the blue box is vertically centered in the black box."
layer at (8,53) size 294x294
  RenderBlock (relative positioned) {DIV} at (0,37) size 294x294 [border: (3px solid #000000)]
layer at (11,152) size 288x96
  RenderBlock (positioned) {DIV} at (3,99) size 288x96 [bgcolor=#0000FF]
