layer at (0,0) size 800x600
  RenderView at (0,0) size 800x600
layer at (0,0) size 800x70
  RenderBlock {HTML} at (0,0) size 800x70
    RenderBody {BODY} at (8,16) size 784x38
      RenderBlock {P} at (0,0) size 784x38
        RenderText {#text} at (0,0) size 775x38
          text run at (0,0) width 775: "Below, on the right edge of the page, there should be a green square. In the middle of such green square, a black horizontal stripe"
          text run at (0,19) width 587: "should be traversing it and protruding out of it toward the left. There should be no red in this page."
layer at (664,70) size 128x128
  RenderBlock (positioned) {DIV} at (664,70) size 128x128 [bgcolor=#FF0000]
    RenderBlock (floating) {SPAN} at (0,0) size 128x128 [bgcolor=#008000]
      RenderText {#text} at (-128,47) size 256x33
        text run at (-128,47) width 256: "XXXXXXXX"
