layer at (0,0) size 800x600
  RenderView at (0,0) size 800x600
layer at (0,0) size 800x376
  RenderBlock {HTML} at (0,0) size 800x376
    RenderBody {BODY} at (8,16) size 784x352
      RenderBlock {P} at (0,0) size 784x42
        RenderText {#text} at (0,0) size 742x42
          text run at (0,0) width 742: "Test passes if the blue and orange boxes below are the same width, and the blue box is in the upper-right"
          text run at (0,21) width 164: "corner of the black box."
layer at (8,74) size 198x294
  RenderBlock (relative positioned) {DIV} at (0,58) size 198x294 [border: (3px solid #000000)]
    RenderBlock {DIV} at (99,99) size 96x96 [bgcolor=#FFA500]
layer at (107,77) size 96x96
  RenderImage {IMG} at (99,3) size 96x96
