layer at (0,0) size 800x600
  RenderView at (0,0) size 800x600
layer at (0,0) size 800x309
  RenderBlock {HTML} at (0,0) size 800x309
    RenderBody {BODY} at (8,16) size 784x285
      RenderBlock {P} at (0,0) size 784x21
        RenderText {#text} at (0,0) size 354x21
          text run at (0,0) width 354: "There must be two green boxes below and no red."
layer at (16,53) size 120x120
  RenderBlock (relative positioned) {DIV} at (8,37) size 120x120 [bgcolor=#008000]
layer at (26,63) size 66x100
  RenderBlock (positioned) {DIV} at (10,10) size 66x100 [bgcolor=#FF0000]
layer at (16,53) size 100x120
  RenderBlock (relative positioned) {DIV} at (0,0) size 100x120 [border: (10px solid #00000000)]
layer at (16,181) size 120x120
  RenderBlock (relative positioned) {DIV} at (8,165) size 120x120 [bgcolor=#008000]
layer at (16,181) size 100x120
  RenderBlock (relative positioned) {DIV} at (0,0) size 100x120 [border: (10px solid #00000000)]
layer at (26,191) size 67x100
  RenderBlock (positioned) {DIV} at (10,10) size 67x100
