layer at (0,0) size 784x584
  RenderView at (0,0) size 784x584
layer at (0,0) size 784x112
  RenderBlock {HTML} at (0,0) size 784x112
layer at (8,8) size 768x96 clip at (8,8) size 752x80
  RenderBody {BODY} at (8,8) size 768x96
    RenderBlock {P} at (0,16) size 752x21
      RenderText {#text} at (0,0) size 621x21
        text run at (0,0) width 621: "Test passes if there is no white space between the blue box below and the orange lines."
    RenderBlock {DIV} at (0,53) size 96x27 [border: (3px solid #FFA500) none (3px solid #FFA500) none]
      RenderBlock {DIV} at (0,3) size 96x21 [bgcolor=#0000FF]
        RenderText {#text} at (0,0) size 71x21
          text run at (0,0) width 71: "Filler Text"
