layer at (0,0) size 784x584
  RenderView at (0,0) size 784x584
layer at (0,0) size 784x278
  RenderBlock {HTML} at (0,0) size 784x278
layer at (8,8) size 768x262 clip at (8,8) size 752x246
  RenderBody {BODY} at (8,8) size 768x262
    RenderBlock {P} at (0,16) size 752x22
      RenderText {#text} at (0,0) size 284x22
        text run at (0,0) width 284: "Test passes if there is a blue square below."
layer at (8,62) size 752x192
  RenderBlock (relative positioned) {DIV} at (0,54) size 752x192
    RenderBlock {DIV} at (0,0) size 96x192 [bgcolor=#0000FF] [border: (24px solid #0000FF) none (24px solid #0000FF) none]
      RenderBlock {DIV} at (0,48) size 96x48 [border: (24px solid #0000FF) none]
      RenderBlock {DIV} at (0,96) size 96x48 [border: (24px solid #0000FF) none]
layer at (104,62) size 96x192
  RenderBlock (positioned) {DIV} at (96,0) size 96x192 [bgcolor=#0000FF]
