layer at (0,0) size 800x600
  RenderView at (0,0) size 800x600
layer at (0,0) size 800x94
  RenderBlock {HTML} at (0,0) size 800x94
    RenderBody {BODY} at (0,16) size 800x78
      RenderBlock {P} at (0,0) size 800x22
        RenderText {#text} at (0,0) size 680x22
          text run at (0,0) width 680: "Test passes if the box below spans the entire width of the page and there is no red visible on the page."
      RenderBlock {DIV} at (0,38) size 800x40 [bgcolor=#FF0000]
        RenderBlock {DIV} at (0,0) size 800x40 [bgcolor=#008000] [border: (10px solid #008000)]
