layer at (0,0) size 784x584
  RenderView at (0,0) size 784x584
layer at (0,0) size 784x277
  RenderBlock {HTML} at (0,0) size 784x277
layer at (8,8) size 768x261 clip at (8,8) size 752x245
  RenderBody {BODY} at (8,8) size 768x261
    RenderBlock {P} at (0,16) size 752x21
      RenderText {#text} at (0,0) size 486x21
        text run at (0,0) width 486: "Test passes if the blue and orange boxes below are the same height."
layer at (8,61) size 752x192
  RenderBlock (relative positioned) {DIV} at (0,53) size 752x192
layer at (8,61) size 96x192
  RenderBlock (relative positioned) {DIV} at (0,0) size 96x192
layer at (8,61) size 96x192
  RenderBlock (relative positioned) {DIV} at (0,0) size 96x192 [bgcolor=#0000FF]
layer at (104,61) size 96x192
  RenderBlock (positioned) {DIV} at (96,0) size 96x192 [bgcolor=#FFA500]
