layer at (0,0) size 784x584
  RenderView at (0,0) size 784x584
layer at (0,0) size 784x181
  RenderBlock {HTML} at (0,0) size 784x181
layer at (8,8) size 768x165 clip at (8,8) size 752x149
  RenderBody {BODY} at (8,8) size 768x165
    RenderBlock {P} at (0,16) size 752x21
      RenderText {#text} at (0,0) size 345x21
        text run at (0,0) width 345: "Test passes if there is no red visible on the page."
    RenderBlock {DIV} at (0,53) size 752x0 [bgcolor=#FF0000]
      RenderBlock (floating) {DIV} at (0,0) size 96x96
