layer at (0,0) size 800x600
  RenderView at (0,0) size 800x600
layer at (0,0) size 800x158
  RenderBlock {HTML} at (0,0) size 800x158
    RenderBody {BODY} at (8,16) size 784x134
      RenderBlock {P} at (0,0) size 784x22
        RenderText {#text} at (0,0) size 452x22
          text run at (0,0) width 452: "Test passes if the blue and orange boxes below are the same height."
layer at (8,54) size 784x96
  RenderBlock (relative positioned) {DIV} at (0,38) size 784x96
    RenderBlock {DIV} at (0,0) size 96x96 [bgcolor=#0000FF]
layer at (8,150) size 96x96
  RenderBlock (relative positioned) {DIV} at (0,0) size 96x96
layer at (104,54) size 96x96
  RenderBlock (positioned) {DIV} at (96,0) size 96x96 [bgcolor=#FFA500]
