layer at (0,0) size 800x600
  RenderView at (0,0) size 800x600
layer at (0,0) size 800x253
  RenderBlock {HTML} at (0,0) size 800x253
    RenderBody {BODY} at (8,16) size 784x229
      RenderBlock {P} at (0,0) size 784x21
        RenderText {#text} at (0,0) size 486x21
          text run at (0,0) width 486: "Test passes if the blue and orange boxes below are the same height."
layer at (8,53) size 784x192
  RenderBlock (relative positioned) {DIV} at (0,37) size 784x192
layer at (8,53) size 96x192
  RenderBlock (relative positioned) {DIV} at (0,0) size 96x192
layer at (8,53) size 96x192
  RenderBlock (relative positioned) {DIV} at (0,0) size 96x192 [bgcolor=#0000FF]
layer at (104,53) size 96x192
  RenderBlock (positioned) {DIV} at (96,0) size 96x192 [bgcolor=#FFA500]
