layer at (0,0) size 800x600
  RenderView at (0,0) size 800x600
layer at (0,0) size 800x311
  RenderBlock {HTML} at (0,0) size 800x311
    RenderBody {BODY} at (8,16) size 784x287
      RenderBlock {P} at (0,0) size 784x21
        RenderText {#text} at (0,0) size 525x21
          text run at (0,0) width 525: "Test passes if the center box in the table below has a border similar to this:"
      RenderTable {TABLE} at (0,37) size 60x60 [border: (2px none #808080)]
        RenderTableSection {TBODY} at (2,2) size 55x55
          RenderTableRow {TR} at (0,0) size 55x55
            RenderTableCell {TD} at (0,24) size 55x7 [border: (3px ridge #00FF00)] [r=0 c=0 rs=1 cs=1]
      RenderTable {TABLE} at (0,117) size 170x170 [border: (2px none #808080)]
        RenderTableSection {TBODY} at (2,2) size 165x165
          RenderTableRow {TR} at (0,0) size 165x55
            RenderTableCell {TD} at (0,13) size 55x28 [border: (3px outset #00FF00)] [r=0 c=0 rs=1 cs=1]
              RenderText {#text} at (4,4) size 43x21
                text run at (4,4) width 43: "outset"
            RenderTableCell {TD} at (55,13) size 55x28 [border: (3px outset #00FF00) (2px outset #FF0000) (3px outset #00FF00)] [r=0 c=1 rs=1 cs=1]
              RenderText {#text} at (4,4) size 43x21
                text run at (4,4) width 43: "outset"
            RenderTableCell {TD} at (110,13) size 55x28 [border: (3px outset #00FF00)] [r=0 c=2 rs=1 cs=1]
              RenderText {#text} at (4,4) size 43x21
                text run at (4,4) width 43: "outset"
          RenderTableRow {TR} at (0,55) size 165x55
            RenderTableCell {TD} at (0,68) size 55x28 [border: (3px outset #00FF00) (2px outset #FF0000) (2px outset #00FF00)] [r=1 c=0 rs=1 cs=1]
              RenderText {#text} at (4,4) size 43x21
                text run at (4,4) width 43: "outset"
            RenderTableCell {TD} at (55,68) size 55x28 [border: (3px ridge #00FF00)] [r=1 c=1 rs=1 cs=1]
              RenderText {#text} at (4,4) size 36x21
                text run at (4,4) width 36: "ridge"
            RenderTableCell {TD} at (110,68) size 55x28 [border: (3px outset #00FF00) (3px outset #FF0000)] [r=1 c=2 rs=1 cs=1]
              RenderText {#text} at (4,4) size 43x21
                text run at (4,4) width 43: "outset"
          RenderTableRow {TR} at (0,110) size 165x55
            RenderTableCell {TD} at (0,123) size 55x28 [border: (3px outset #00FF00)] [r=2 c=0 rs=1 cs=1]
              RenderText {#text} at (4,4) size 43x21
                text run at (4,4) width 43: "outset"
            RenderTableCell {TD} at (55,123) size 55x28 [border: (3px outset #FF0000) (2px outset #00FF00)] [r=2 c=1 rs=1 cs=1]
              RenderText {#text} at (4,4) size 43x21
                text run at (4,4) width 43: "outset"
            RenderTableCell {TD} at (110,123) size 55x28 [border: (3px outset #00FF00)] [r=2 c=2 rs=1 cs=1]
              RenderText {#text} at (4,4) size 43x21
                text run at (4,4) width 43: "outset"
