layer at (0,0) size 800x600
  RenderView at (0,0) size 800x600
layer at (0,0) size 800x85
  RenderBlock {HTML} at (0,0) size 800x85
    RenderBody {BODY} at (8,8) size 784x69
      RenderTable {TABLE} at (0,0) size 110x69 [border: (2px none #808080)]
        RenderBlock {CAPTION} at (0,0) size 110x29 [border: (4px solid #008000)]
          RenderText {#text} at (29,4) size 52x21
            text run at (29,4) width 52: "caption"
        RenderTableSection {TBODY} at (2,31) size 106x36
          RenderTableRow {TR} at (0,0) size 106x36
            RenderTableCell {TD} at (0,4) size 106x27 [border: (2px solid #FFA500)] [r=0 c=0 rs=1 cs=1]
              RenderText {#text} at (34,3) size 38x21
                text run at (34,3) width 38: "cell 1"
