layer at (0,0) size 800x600
  RenderView at (0,0) size 800x600
layer at (0,0) size 800x253
  RenderBlock {HTML} at (0,0) size 800x253
    RenderBody {BODY} at (8,16) size 784x229
      RenderBlock {P} at (0,0) size 784x21
        RenderText {#text} at (0,0) size 345x21
          text run at (0,0) width 345: "Test passes if there is no red visible on the page."
      RenderTable {TABLE} at (0,37) size 192x192 [border: (2px none #808080)]
        RenderTableCol {COLGROUP} at (0,0) size 0x0
          RenderTableCol {COL} at (0,0) size 0x0
        RenderTableCol {COLGROUP} at (0,0) size 0x0 [border: (5px solid #FF0000) none (5px solid #FF0000)]
          RenderTableCol {COL} at (0,0) size 0x0
        RenderTableCol {COLGROUP} at (0,0) size 0x0
          RenderTableCol {COL} at (0,0) size 0x0
        RenderTableSection {TBODY} at (2,2) size 187x187
          RenderTableRow {TR} at (0,0) size 187x187
            RenderTableCell {TD} at (0,90) size 62x7 [border: (3px solid #000000)] [r=0 c=0 rs=1 cs=1]
            RenderTableCell {TD} at (62,90) size 62x7 [border: (3px solid #000000) (2px none #000000) (2px solid #000000) (3px none #000000)] [r=0 c=1 rs=1 cs=1]
            RenderTableCell {TD} at (124,90) size 63x7 [border: (3px solid #000000)] [r=0 c=2 rs=1 cs=1]
