layer at (0,0) size 800x600
  RenderView at (0,0) size 800x600
layer at (0,0) size 800x141 layerType: background only
layer at (8,53) size 784x80
  RenderBlock (positioned) zI: -1 {DIV} at (0,0) size 784x80 [bgcolor=#FF0000]
    RenderText zI: -1 {#text} at (0,29) size 11x21
      text run at (0,29) width 11: "X"
layer at (0,0) size 800x141 layerType: foreground only
  RenderBlock {HTML} at (0,0) size 800x141
    RenderBody {BODY} at (8,16) size 784x117
      RenderBlock {P} at (0,0) size 784x21
        RenderText {#text} at (0,0) size 683x21
          text run at (0,0) width 683: "Test passes if there is a wide bright green rectangle below with one \"X\" in it and if there is no red."
layer at (8,53) size 784x80
  RenderBlock (relative positioned) {DIV} at (0,37) size 784x80
    RenderBlock {DIV} at (0,0) size 784x80 [bgcolor=#00FF00]
      RenderInline {SPAN} at (0,0) size 0x21
      RenderText {#text} at (0,29) size 11x21
        text run at (0,29) width 11: "X"
