layer at (0,0) size 800x600
  RenderView at (0,0) size 800x600
layer at (0,0) size 800x137
  RenderBlock {HTML} at (0,0) size 800x137
    RenderBody {BODY} at (8,16) size 784x113
      RenderBlock {P} at (0,0) size 784x59
        RenderInline (generated) at (0,0) size 18x38 [color=#FF00FF]
          RenderText {#text} at (0,0) size 18x38
            text run at (0,0) width 18: "T"
        RenderText {#text} at (18,13) size 778x46
          text run at (18,13) width 760: "he first letter of this paragraph should be fuchsia, in a bold face and in a bigger font size (same as in the next"
          text run at (0,38) width 47: "block)."
      RenderBlock {DIV} at (0,75) size 784x38
        RenderInline {SPAN} at (0,0) size 18x38 [color=#FF00FF]
          RenderText {#text} at (0,0) size 18x38
            text run at (0,0) width 18: "L"
        RenderText {#text} at (18,13) size 127x21
          text run at (18,13) width 127: "orem ipsum dolor."
