layer at (0,0) size 800x600
  RenderView at (0,0) size 800x600
layer at (0,0) size 800x37
  RenderBlock {HTML} at (0,0) size 800x37
    RenderBody {BODY} at (8,8) size 784x21
      RenderBlock {DIV} at (0,0) size 784x21
        RenderInline (generated) at (0,0) size 16x21 [color=#008000]
          RenderText {#text} at (0,0) size 16x21
            text run at (0,0) width 16: "\"T"
        RenderText {#text} at (16,0) size 72x21
          text run at (16,0) width 72: "his is text\""
