layer at (0,0) size 800x600
  RenderView at (0,0) size 800x600
layer at (0,0) size 800x90
  RenderBlock {HTML} at (0,0) size 800x90
    RenderBody {BODY} at (8,16) size 784x58
      RenderBlock {P} at (0,0) size 784x21
        RenderInline {SPAN} at (0,0) size 46x21
          RenderInline (generated) at (0,0) size 6x21
            RenderInline (generated) at (0,0) size 6x21 [color=#008000]
              RenderText at (0,0) size 6x21
                text run at (0,0) width 6: "\""
            RenderText at (0,0) size 0x0
          RenderInline (generated) at (0,0) size 10x21 [color=#008000]
            RenderText {#text} at (6,0) size 10x21
              text run at (6,0) width 10: "F"
          RenderText {#text} at (16,0) size 18x21
            text run at (16,0) width 18: "oo"
          RenderInline (generated) at (0,0) size 12x27 [border: (3px solid #008000)]
            RenderQuote at (37,0) size 6x21
              text run at (37,0) width 6: "\""
      RenderBlock {P} at (0,37) size 784x21
        RenderInline {SPAN} at (0,0) size 18x21
          RenderInline (generated) at (0,0) size 6x21
            RenderInline (generated) at (0,0) size 6x21 [color=#008000]
              RenderText at (0,0) size 6x21
                text run at (0,0) width 6: "\""
            RenderText at (0,0) size 0x0
          RenderInline (generated) at (0,0) size 12x27 [border: (3px solid #008000)]
            RenderInline (generated) at (0,0) size 6x21 [color=#008000]
              RenderText at (9,0) size 6x21
                text run at (9,0) width 6: "\""
            RenderText at (0,0) size 0x0
