layer at (0,0) size 800x600
  RenderView at (0,0) size 800x600
layer at (0,0) size 800x139
  RenderBlock {HTML} at (0,0) size 800x139
    RenderBody {BODY} at (8,8) size 784x0
layer at (8,8) size 150x131 clip at (8,8) size 134x115 scrollHeight 129
  RenderBlock (floating) {DIV} at (0,0) size 150x131
    RenderBlock (floating) at (0,0) size 31x10
      RenderText {#text} at (0,-26) size 31x63
        text run at (0,-26) width 31: "T"
    RenderText {#text} at (0,0) size 0x0
    RenderInline {SPAN} at (0,0) size 121x105
      RenderText {#text} at (31,12) size 121x105
        text run at (31,12) width 82: "his is text in a div."
        text run at (0,35) width 62: "Text in a div. "
        text run at (62,35) width 59: "Text in a div."
        text run at (0,58) width 62: "Text in a div. "
        text run at (62,58) width 59: "Text in a div."
        text run at (0,81) width 62: "Text in a div. "
        text run at (62,81) width 59: "Text in a div."
        text run at (0,104) width 59: "Text in a div."
