layer at (0,0) size 800x600
  RenderView at (0,0) size 800x600
layer at (0,0) size 800x37
  RenderBlock {HTML} at (0,0) size 800x37
    RenderBody {BODY} at (8,8) size 784x21
      RenderBlock {DIV} at (0,0) size 784x21
        RenderInline {SPAN} at (0,0) size 88x21
          RenderInline (generated) at (0,0) size 41x21
            RenderInline (generated) at (0,0) size 6x21 [color=#008000]
              RenderText at (0,0) size 6x21
                text run at (0,0) width 6: "\""
            RenderText at (0,0) size 0x0
            RenderInline (generated) at (0,0) size 10x21 [color=#008000]
              RenderText at (6,0) size 10x21
                text run at (6,0) width 10: "T"
            RenderText at (16,0) size 25x21
              text run at (16,0) width 25: "his "
          RenderText {#text} at (41,0) size 41x21
            text run at (41,0) width 41: "is text"
          RenderInline (generated) at (0,0) size 6x21
            RenderQuote at (82,0) size 6x21
              text run at (82,0) width 6: "\""
