layer at (0,0) size 800x600
  RenderView at (0,0) size 800x600
layer at (0,0) size 800x257
  RenderBlock {HTML} at (0,0) size 800x257
    RenderBody {BODY} at (8,16) size 784x233
      RenderBlock {P} at (0,0) size 784x19
        RenderText {#text} at (0,0) size 420x19
          text run at (0,0) width 420: "Test passes if the blue box is in the upper-left corner of the black box."
      RenderBlock {DIV} at (0,35) size 198x198 [border: (3px solid #000000)]
        RenderBlock (floating) {DIV} at (3,3) size 96x96 [bgcolor=#0000FF]
