layer at (0,0) size 800x600
  RenderView at (0,0) size 800x600
layer at (0,0) size 800x158
  RenderBlock {HTML} at (0,0) size 800x158
    RenderBody {BODY} at (8,16) size 784x134
      RenderBlock {P} at (0,0) size 784x22
        RenderText {#text} at (0,0) size 321x22
          text run at (0,0) width 321: "Test passes if there is no red visible on the page."
      RenderBlock (anonymous) at (0,38) size 784x96
        RenderBlock {DIV} at (0,0) size 96x96 [color=#0000FF] [bgcolor=#FF0000]
          RenderText {#text} at (0,0) size 96x97
            text run at (0,0) width 96: "X"
        RenderText {#text} at (0,0) size 0x0
