layer at (0,0) size 800x600
  RenderView at (0,0) size 800x600
layer at (0,0) size 800x257
  RenderBlock {HTML} at (0,0) size 800x257
    RenderBody {BODY} at (8,16) size 784x233
      RenderBlock {P} at (0,0) size 784x19
        RenderText {#text} at (0,0) size 461x19
          text run at (0,0) width 461: "Test passes if the blue box below is in the upper-left corner of the black box."
      RenderBlock {DIV} at (0,35) size 198x198 [border: (3px solid #000000)]
        RenderText {#text} at (0,0) size 0x0
layer at (8,51) size 96x97
  RenderInline (relative positioned) {SPAN} at (0,0) size 96x97 [color=#0000FF]
    RenderText {#text} at (3,3) size 96x97
      text run at (3,3) width 96: "X"
