layer at (0,0) size 800x600
  RenderView at (0,0) size 800x600
layer at (0,0) size 800x77
  RenderBlock {HTML} at (0,0) size 800x77
    RenderBody {BODY} at (8,16) size 784x53
      RenderBlock {P} at (0,0) size 784x22
        RenderText {#text} at (0,0) size 452x22
          text run at (0,0) width 452: "Test passes if the blue and orange boxes below are the same height."
layer at (8,54) size 784x15
  RenderBlock (relative positioned) {DIV} at (0,38) size 784x15
    RenderImage {IMG} at (0,0) size 15x15
    RenderText {#text} at (0,0) size 0x0
    RenderText {#text} at (0,0) size 0x0
layer at (23,54) size 15x15
  RenderBlock (positioned) {DIV} at (15,0) size 15x15 [bgcolor=#FFA500]
