layer at (0,0) size 800x600
  RenderView at (0,0) size 800x600
layer at (0,0) size 800x169
  RenderBlock {HTML} at (0,0) size 800x169
    RenderBody {BODY} at (8,16) size 784x137
      RenderBlock {P} at (0,0) size 784x21
        RenderText {#text} at (0,0) size 216x21
          text run at (0,0) width 216: "There should be no red below."
      RenderBlock {DIV} at (0,37) size 784x100 [bgcolor=#FF0000]
        RenderBlock {P} at (0,0) size 784x100
          RenderImage {IMG} at (0,0) size 784x100
