layer at (0,0) size 800x600
  RenderView at (0,0) size 800x600
layer at (0,0) size 800x157
  RenderBlock {HTML} at (0,0) size 800x157
    RenderBody {BODY} at (8,16) size 784x133
      RenderBlock {P} at (0,0) size 784x21
        RenderText {#text} at (0,0) size 486x21
          text run at (0,0) width 486: "Test passes if the blue and orange boxes below are the same height."
layer at (8,53) size 784x96
  RenderBlock (relative positioned) {DIV} at (0,37) size 784x96
    RenderImage {IMG} at (0,0) size 96x96
    RenderText {#text} at (0,0) size 0x0
    RenderText {#text} at (0,0) size 0x0
layer at (104,53) size 96x96
  RenderBlock (positioned) {DIV} at (96,0) size 96x96 [bgcolor=#FFA500]
