layer at (0,0) size 800x600
  RenderView at (0,0) size 800x600
layer at (0,0) size 800x159
  RenderBlock {HTML} at (0,0) size 800x159
    RenderBody {BODY} at (8,16) size 784x135
      RenderBlock {P} at (0,0) size 784x19
        RenderText {#text} at (0,0) size 407x19
          text run at (0,0) width 407: "Test passes if the blue and orange boxes below are the same height."
layer at (8,51) size 784x100
  RenderBlock (relative positioned) {DIV} at (0,35) size 784x100
    RenderBlock {DIV} at (0,0) size 96x96 [bgcolor=#0000FF]
      RenderBlock {DIV} at (0,0) size 96x96
    RenderText {#text} at (0,0) size 0x0
    RenderText {#text} at (0,0) size 0x0
layer at (104,51) size 96x96
  RenderBlock (positioned) {DIV} at (96,0) size 96x96 [bgcolor=#FFA500]
