layer at (0,0) size 800x600
  RenderView at (0,0) size 800x600
layer at (0,0) size 800x70
  RenderBlock {HTML} at (0,0) size 800x70
    RenderBody {BODY} at (8,16) size 784x38
      RenderBlock {P} at (0,0) size 784x38
        RenderText {#text} at (0,0) size 7x19
          text run at (0,0) width 7: "a"
        RenderTable {SPAN} at (7,0) size 23x38
          RenderTableSection (anonymous) at (0,0) size 23x38
            RenderTableRow (anonymous) at (0,0) size 23x38
              RenderTableCell (anonymous) at (0,0) size 23x38 [r=0 c=0 rs=1 cs=1]
                RenderBlock (anonymous) at (0,0) size 23x19
                  RenderText {#text} at (0,0) size 23x19
                    text run at (0,0) width 23: "bcd"
                RenderBlock {SPAN} at (0,19) size 23x19
                  RenderText {#text} at (0,0) size 7x19
                    text run at (0,0) width 7: "x"
        RenderText {#text} at (30,0) size 7x19
          text run at (30,0) width 7: "e"
