layer at (0,0) size 800x600
  RenderView at (0,0) size 800x600
layer at (0,0) size 800x76
  RenderBlock {HTML} at (0,0) size 800x76
    RenderBody {BODY} at (8,16) size 784x44
      RenderBlock {P} at (0,0) size 784x44
        RenderText {#text} at (0,0) size 762x44
          text run at (0,0) width 762: "Test passes if there is space between the blue and orange lines below and there is a marker bullet on the left-hand"
          text run at (0,22) width 152: "side of the orange box."
layer at (8,76) size 340x340
  RenderBlock (positioned) {DIV} at (8,76) size 340x340 [border: (10px solid #0000FF)]
    RenderListItem {DIV} at (60,60) size 220x220 [border: (10px solid #FFA500)]
      RenderListMarker at (-18,10) size 7x22: bullet
