layer at (0,0) size 800x600
  RenderView at (0,0) size 800x600
layer at (0,0) size 800x51
  RenderBlock {HTML} at (0,0) size 800x51
    RenderBody {BODY} at (8,16) size 784x19
      RenderBlock {P} at (0,0) size 784x19
        RenderText {#text} at (0,0) size 419x19
          text run at (0,0) width 419: "Test passes if there is space between the blue and orange lines below."
layer at (8,51) size 340x344
  RenderBlock (positioned) {DIV} at (8,51) size 340x344 [border: (10px solid #0000FF)]
    RenderBlock {DIV} at (60,60) size 220x220 [border: (10px solid #FFA500)]
    RenderText {#text} at (0,0) size 0x0
