layer at (0,0) size 800x600
  RenderView at (0,0) size 800x600
layer at (0,0) size 800x259
  RenderBlock {HTML} at (0,0) size 800x259
    RenderBody {BODY} at (8,16) size 784x235
      RenderBlock {P} at (0,0) size 784x21
        RenderText {#text} at (0,0) size 436x21
          text run at (0,0) width 436: "Test passes if there is a yellow or black box inside a blue box."
      RenderBlock {DIV} at (0,37) size 198x198 [bgcolor=#0000FF] [border: (3px solid #0000FF)]
        RenderBlock {DIV} at (51,51) size 96x96
