layer at (0,0) size 800x600
  RenderView at (0,0) size 800x600
layer at (0,0) size 800x178
  RenderBlock {HTML} at (0,0) size 800x178
    RenderBody {BODY} at (8,16) size 784x154
      RenderBlock {P} at (0,0) size 784x21
        RenderText {#text} at (0,0) size 335x21
          text run at (0,0) width 335: "Test passes if the \"Filler Text\" is above the box."
      RenderTable {DIV} at (0,37) size 96x117
        RenderBlock {DIV} at (0,0) size 96x21
          RenderText {#text} at (0,0) size 71x21
            text run at (0,0) width 71: "Filler Text"
        RenderTableSection (anonymous) at (0,21) size 96x96
          RenderTableRow {DIV} at (0,0) size 96x48
            RenderTableCell {DIV} at (0,0) size 48x0 [bgcolor=#000000] [r=0 c=0 rs=1 cs=1]
            RenderTableCell {DIV} at (48,0) size 48x0 [bgcolor=#000000] [r=0 c=1 rs=1 cs=1]
          RenderTableRow {DIV} at (0,48) size 96x48
            RenderTableCell {DIV} at (0,48) size 48x0 [bgcolor=#000000] [r=1 c=0 rs=1 cs=1]
            RenderTableCell {DIV} at (48,48) size 48x0 [bgcolor=#000000] [r=1 c=1 rs=1 cs=1]
