layer at (0,0) size 800x600
  RenderView at (0,0) size 800x600
layer at (0,0) size 800x159
  RenderBlock {HTML} at (0,0) size 800x159
    RenderBody {BODY} at (8,16) size 784x135
      RenderBlock {P} at (0,0) size 784x19
        RenderText {#text} at (0,0) size 367x19
          text run at (0,0) width 367: "Test passes if the bottom of the \"Filler Text\" below is aligned."
      RenderTable {TABLE} at (0,35) size 346x100
        RenderTableSection {TBODY} at (0,0) size 346x100
          RenderTableRow {TR} at (0,2) size 346x96
            RenderTableCell {TD} at (2,26) size 54x17 [r=0 c=0 rs=1 cs=1]
              RenderBlock {DIV} at (1,1) size 52x15
                RenderText {#text} at (0,0) size 52x15
                  text run at (0,0) width 52: "Filler Text"
            RenderTableCell {TD} at (58,13) size 117x33 [r=0 c=1 rs=1 cs=1]
              RenderBlock {DIV} at (1,1) size 115x31
                RenderText {#text} at (0,0) size 115x31
                  text run at (0,0) width 115: "Filler Text"
            RenderTableCell {TD} at (177,2) size 167x48 [r=0 c=2 rs=1 cs=1]
              RenderBlock {DIV} at (1,1) size 165x46
                RenderText {#text} at (0,0) size 165x45
                  text run at (0,0) width 165: "Filler Text"
