layer at (0,0) size 800x600
  RenderView at (0,0) size 800x600
layer at (0,0) size 800x84
  RenderBlock {HTML} at (0,0) size 800x84
    RenderBody {BODY} at (8,16) size 784x60
      RenderBlock {P} at (0,0) size 784x22
        RenderText {#text} at (0,0) size 548x22
          text run at (0,0) width 548: "Test passes if the left and right borders start and end where the 'Filler Text' does."
      RenderBlock {DIV} at (0,38) size 784x22
        RenderInline {SPAN} at (0,0) size 306x22 [border: (5px solid #000000) none (5px solid #000000)]
          RenderText {#text} at (5,0) size 296x22
            text run at (5,0) width 296: "Filler Text Filler Text Filler Text Filler Text"
        RenderText {#text} at (0,0) size 0x0
