layer at (0,0) size 800x600
  RenderView at (0,0) size 800x600
layer at (0,0) size 800x600
  RenderBlock {HTML} at (0,0) size 800x600
    RenderBody {BODY} at (8,8) size 784x584
      RenderBlock {P} at (0,0) size 784x20
        RenderText {#text} at (0,0) size 147x19
          text run at (0,0) width 147: "Test controls placement."
      RenderBlock (anonymous) at (0,36) size 784x130
        RenderMedia {AUDIO} at (0,0) size 300x35 [bgcolor=#0000FF]
        RenderBR {BR} at (300,35) size 0x0
        RenderBR {BR} at (0,35) size 0x19
        RenderMedia {AUDIO} at (0,55) size 320x35 [bgcolor=#0000FF]
        RenderBR {BR} at (320,90) size 0x0
        RenderBR {BR} at (0,90) size 0x19
        RenderBR {BR} at (0,110) size 0x19
layer at (8,44) size 300x35
  RenderDeprecatedFlexibleBox (relative positioned) {DIV} at (0,0) size 300x35
    RenderBlock {DIV} at (0,0) size 300x35
layer at (8,44) size 300x35 scrollHeight 39
  RenderDeprecatedFlexibleBox (relative positioned) {DIV} at (0,0) size 300x35 [bgcolor=#141414CC]
    RenderBlock (anonymous) at (0,0) size 53x35
      RenderButton {INPUT} at (9,-1) size 35x36
    RenderSlider {INPUT} at (53,13) size 186x9
      RenderDeprecatedFlexibleBox {DIV} at (0,0) size 186x8 [border: (1px solid #E6E6E659)]
        RenderBlock {DIV} at (1,1) size 166x24
        RenderBlock {DIV} at (160,1) size 32x24
    RenderDeprecatedFlexibleBox {DIV} at (254,0) size 37x35 [color=#FFFFFF]
      RenderBlock (anonymous) at (0,0) size 37x35
        RenderText {#text} at (0,7) size 37x21
          text run at (0,7) width 37: "0:07"
layer at (55,50) size 32x24
  RenderBlock (relative positioned) {DIV} at (-7,-8) size 32x24
layer at (8,99) size 320x35
  RenderDeprecatedFlexibleBox (relative positioned) {DIV} at (0,0) size 320x35
    RenderBlock {DIV} at (0,0) size 320x35
layer at (8,99) size 320x35 scrollHeight 39
  RenderDeprecatedFlexibleBox (relative positioned) {DIV} at (0,0) size 320x35 [bgcolor=#141414CC]
    RenderBlock (anonymous) at (0,0) size 53x35
      RenderButton {INPUT} at (9,-1) size 35x36
    RenderSlider {INPUT} at (53,13) size 206x9
      RenderDeprecatedFlexibleBox {DIV} at (0,0) size 206x8 [border: (1px solid #E6E6E659)]
        RenderBlock {DIV} at (1,1) size 186x24
        RenderBlock {DIV} at (180,1) size 32x24
    RenderDeprecatedFlexibleBox {DIV} at (274,0) size 37x35 [color=#FFFFFF]
      RenderBlock (anonymous) at (0,0) size 37x35
        RenderText {#text} at (0,7) size 37x21
          text run at (0,7) width 37: "0:07"
layer at (55,105) size 32x24
  RenderBlock (relative positioned) {DIV} at (-7,-8) size 32x24
layer at (8,154) size 320x100
  RenderMedia {AUDIO} at (8,154) size 320x100 [bgcolor=#0000FF]
layer at (8,154) size 320x100
  RenderDeprecatedFlexibleBox (relative positioned) {DIV} at (0,0) size 320x100
    RenderBlock {DIV} at (0,65) size 320x35
layer at (8,219) size 320x35 scrollHeight 39
  RenderDeprecatedFlexibleBox (relative positioned) {DIV} at (0,0) size 320x35 [bgcolor=#141414CC]
    RenderBlock (anonymous) at (0,0) size 53x35
      RenderButton {INPUT} at (9,-1) size 35x36
    RenderSlider {INPUT} at (53,13) size 206x9
      RenderDeprecatedFlexibleBox {DIV} at (0,0) size 206x8 [border: (1px solid #E6E6E659)]
        RenderBlock {DIV} at (1,1) size 186x24
        RenderBlock {DIV} at (180,1) size 32x24
    RenderDeprecatedFlexibleBox {DIV} at (274,0) size 37x35 [color=#FFFFFF]
      RenderBlock (anonymous) at (0,0) size 37x35
        RenderText {#text} at (0,7) size 37x21
          text run at (0,7) width 37: "0:07"
layer at (55,225) size 32x24
  RenderBlock (relative positioned) {DIV} at (-7,-8) size 32x24
