layer at (0,0) size 800x600
  RenderView at (0,0) size 800x600
layer at (0,0) size 800x305
  RenderBlock {HTML} at (0,0) size 800x305
    RenderBody {BODY} at (8,16) size 784x281
      RenderBlock {P} at (0,0) size 784x20
        RenderText {#text} at (0,0) size 444x19
          text run at (0,0) width 444: "The look of the controls should not change when styled under strict mode."
      RenderBlock (anonymous) at (0,36) size 784x245
        RenderText {#text} at (320,225) size 4x19
          text run at (320,225) width 4: " "
        RenderText {#text} at (0,0) size 0x0
layer at (8,52) size 320x240
  RenderVideo {VIDEO} at (0,0) size 320x240 [color=#FF0000]
layer at (332,52) size 320x240
  RenderVideo {VIDEO} at (324,0) size 320x240
layer at (8,52) size 320x240
  RenderDeprecatedFlexibleBox (relative positioned) {DIV} at (0,0) size 320x240
    RenderDeprecatedFlexibleBox {DIV} at (0,0) size 320x205
      RenderButton {INPUT} at (120,62) size 80x81 [color=#000000]
    RenderBlock {DIV} at (0,205) size 320x35
layer at (13,257) size 310x35 scrollHeight 39
  RenderDeprecatedFlexibleBox (relative positioned) {DIV} at (5,0) size 310x35 [bgcolor=#141414CC]
    RenderBlock (anonymous) at (0,0) size 53x38
      RenderButton {INPUT} at (9,2) size 35x36
    RenderSlider {INPUT} at (53,13) size 158x9
      RenderDeprecatedFlexibleBox {DIV} at (0,0) size 158x8 [border: (1px solid #E6E6E659)]
        RenderBlock {DIV} at (1,1) size 138x24
        RenderBlock {DIV} at (132,1) size 32x24
    RenderDeprecatedFlexibleBox {DIV} at (226,0) size 36x35 [color=#FFFFFF]
      RenderBlock (anonymous) at (0,0) size 36x35
        RenderText {#text} at (0,7) size 36x21
          text run at (0,7) width 36: "0:00"
    RenderBlock (anonymous) at (271,0) size 39x38
      RenderButton {INPUT} at (-5,2) size 35x36
layer at (60,263) size 32x24
  RenderBlock (relative positioned) {DIV} at (-7,-8) size 32x24
layer at (332,52) size 320x240
  RenderDeprecatedFlexibleBox (relative positioned) {DIV} at (0,0) size 320x240
    RenderDeprecatedFlexibleBox {DIV} at (0,0) size 320x205
      RenderButton {INPUT} at (120,62) size 80x81
    RenderBlock {DIV} at (0,205) size 320x35
layer at (337,257) size 310x35 scrollHeight 39
  RenderDeprecatedFlexibleBox (relative positioned) {DIV} at (5,0) size 310x35 [bgcolor=#141414CC]
    RenderBlock (anonymous) at (0,0) size 53x35
      RenderButton {INPUT} at (9,-1) size 35x36
    RenderSlider {INPUT} at (53,13) size 157x9
      RenderDeprecatedFlexibleBox {DIV} at (0,0) size 157x8 [border: (1px solid #E6E6E659)]
        RenderBlock {DIV} at (1,1) size 137x24
        RenderBlock {DIV} at (131,1) size 32x24
    RenderDeprecatedFlexibleBox {DIV} at (225,0) size 37x35 [color=#FFFFFF]
      RenderBlock (anonymous) at (0,0) size 37x35
        RenderText {#text} at (0,7) size 37x21
          text run at (0,7) width 37: "0:00"
    RenderBlock (anonymous) at (271,0) size 39x35
      RenderButton {INPUT} at (-5,-1) size 35x36
layer at (384,263) size 32x24
  RenderBlock (relative positioned) {DIV} at (-7,-8) size 32x24
