layer at (0,0) size 800x600
  RenderView at (0,0) size 800x600
layer at (0,0) size 800x326
  RenderBlock {HTML} at (0,0) size 800x326
    RenderBody {BODY} at (8,8) size 784x310
      RenderBlock {DIV} at (0,0) size 784x155
        RenderMedia {AUDIO} at (300,115) size 300x35
      RenderBlock {DIV} at (0,155) size 784x155
        RenderMedia {AUDIO} at (300,115) size 300x35
layer at (8,8) size 300x150
  RenderVideo {VIDEO} at (0,0) size 300x150
layer at (8,163) size 300x150
  RenderVideo {VIDEO} at (0,0) size 300x150
layer at (8,8) size 300x150
  RenderDeprecatedFlexibleBox (relative positioned) {DIV} at (0,0) size 300x150
    RenderDeprecatedFlexibleBox {DIV} at (0,0) size 300x115
      RenderButton {INPUT} at (110,17) size 80x81
    RenderBlock {DIV} at (0,115) size 300x35
layer at (13,123) size 290x35 scrollHeight 39
  RenderDeprecatedFlexibleBox (relative positioned) {DIV} at (5,0) size 290x35 [bgcolor=#141414CC]
    RenderBlock (anonymous) at (0,0) size 53x35
      RenderButton {INPUT} at (9,-1) size 35x36
    RenderSlider {INPUT} at (53,13) size 176x9
      RenderDeprecatedFlexibleBox {DIV} at (0,0) size 176x8 [border: (1px solid #E6E6E659)]
        RenderBlock {DIV} at (1,1) size 156x24
        RenderBlock {DIV} at (150,1) size 32x24
    RenderDeprecatedFlexibleBox {DIV} at (244,0) size 37x35 [color=#FFFFFF]
      RenderBlock (anonymous) at (0,0) size 37x35
        RenderText {#text} at (0,7) size 37x21
          text run at (0,7) width 37: "0:00"
layer at (60,129) size 32x24
  RenderBlock (relative positioned) {DIV} at (-7,-8) size 32x24
layer at (308,123) size 300x35
  RenderDeprecatedFlexibleBox (relative positioned) {DIV} at (0,0) size 300x35
    RenderBlock {DIV} at (0,0) size 300x35
layer at (308,123) size 300x35 scrollHeight 39
  RenderDeprecatedFlexibleBox (relative positioned) {DIV} at (0,0) size 300x35 [bgcolor=#141414CC]
    RenderBlock (anonymous) at (0,0) size 53x35
      RenderButton {INPUT} at (9,-1) size 35x36
    RenderSlider {INPUT} at (53,13) size 186x9
      RenderDeprecatedFlexibleBox {DIV} at (0,0) size 186x8 [border: (1px solid #E6E6E659)]
        RenderBlock {DIV} at (1,1) size 166x24
        RenderBlock {DIV} at (160,1) size 32x24
    RenderDeprecatedFlexibleBox {DIV} at (254,0) size 37x35 [color=#FFFFFF]
      RenderBlock (anonymous) at (0,0) size 37x35
        RenderText {#text} at (0,7) size 37x21
          text run at (0,7) width 37: "0:00"
layer at (355,129) size 32x24
  RenderBlock (relative positioned) {DIV} at (-7,-8) size 32x24
layer at (8,163) size 300x150
  RenderDeprecatedFlexibleBox (relative positioned) {DIV} at (0,0) size 300x150
    RenderDeprecatedFlexibleBox {DIV} at (0,0) size 300x115
      RenderButton {INPUT} at (110,17) size 80x81
    RenderBlock {DIV} at (0,115) size 300x35
layer at (13,278) size 290x35 scrollHeight 39
  RenderDeprecatedFlexibleBox (relative positioned) {DIV} at (5,0) size 290x35 [bgcolor=#141414CC]
    RenderBlock (anonymous) at (0,0) size 53x35
      RenderButton {INPUT} at (9,-1) size 35x36
    RenderSlider {INPUT} at (53,13) size 176x9
      RenderDeprecatedFlexibleBox {DIV} at (0,0) size 176x8 [border: (1px solid #E6E6E659)]
        RenderBlock {DIV} at (1,1) size 156x24
        RenderBlock {DIV} at (150,1) size 32x24
    RenderDeprecatedFlexibleBox {DIV} at (244,0) size 37x35 [color=#FFFFFF]
      RenderBlock (anonymous) at (0,0) size 37x35
        RenderText {#text} at (0,7) size 37x21
          text run at (0,7) width 37: "0:00"
layer at (60,284) size 32x24
  RenderBlock (relative positioned) {DIV} at (-7,-8) size 32x24
layer at (308,278) size 300x35
  RenderDeprecatedFlexibleBox (relative positioned) {DIV} at (0,0) size 300x35
    RenderBlock {DIV} at (0,0) size 300x35
layer at (308,278) size 300x35 scrollHeight 39
  RenderDeprecatedFlexibleBox (relative positioned) {DIV} at (0,0) size 300x35 [bgcolor=#141414CC]
    RenderBlock (anonymous) at (0,0) size 53x35
      RenderButton {INPUT} at (9,-1) size 35x36
    RenderSlider {INPUT} at (53,13) size 186x9
      RenderDeprecatedFlexibleBox {DIV} at (0,0) size 186x8 [border: (1px solid #E6E6E659)]
        RenderBlock {DIV} at (1,1) size 166x24
        RenderBlock {DIV} at (160,1) size 32x24
    RenderDeprecatedFlexibleBox {DIV} at (254,0) size 37x35 [color=#FFFFFF]
      RenderBlock (anonymous) at (0,0) size 37x35
        RenderText {#text} at (0,7) size 37x21
          text run at (0,7) width 37: "0:00"
layer at (355,284) size 32x24
  RenderBlock (relative positioned) {DIV} at (-7,-8) size 32x24
