layer at (0,0) size 800x600
  RenderView at (0,0) size 800x600
layer at (0,0) size 800x600
  RenderBlock {HTML} at (0,0) size 800x600
    RenderBody {BODY} at (12,12) size 776x543
      RenderBlock {P} at (0,0) size 776x28
        RenderText {#text} at (0,0) size 275x27
          text run at (0,0) width 275: "Zoomed video with controls."
layer at (57,85) size 240x180
  RenderVideo {VIDEO} at (45,73) size 240x180
layer at (57,85) size 240x180
  RenderDeprecatedFlexibleBox (relative positioned) {DIV} at (0,0) size 240x180
    RenderDeprecatedFlexibleBox {DIV} at (0,0) size 240x128
      RenderButton {INPUT} at (60,3) size 120x121
    RenderBlock {DIV} at (0,127) size 240x53
layer at (65,213) size 225x53 backgroundClip at (65,213) size 225x52 clip at (65,213) size 225x52 scrollWidth 267 scrollHeight 57
  RenderDeprecatedFlexibleBox (relative positioned) {DIV} at (7,0) size 226x53 [bgcolor=#141414CC]
    RenderBlock (anonymous) at (0,0) size 80x53
      RenderButton {INPUT} at (13,-1) size 53x53
    RenderSlider {INPUT} at (79,20) size 38x13
      RenderDeprecatedFlexibleBox {DIV} at (0,0) size 38x12 [border: (1px solid #E6E6E659)]
        RenderBlock {DIV} at (1,1) size 9x36
        RenderBlock {DIV} at (-1,1) size 48x36
    RenderDeprecatedFlexibleBox {DIV} at (139,0) size 56x53 [color=#FFFFFF]
      RenderBlock (anonymous) at (0,0) size 55x53
        RenderText {#text} at (0,10) size 55x32
          text run at (0,10) width 55: "0:00"
    RenderBlock (anonymous) at (208,0) size 59x53
      RenderButton {INPUT} at (-8,-1) size 53x53
layer at (135,220) size 49x36
  RenderBlock (relative positioned) {DIV} at (-11,-12) size 49x36
layer at (57,310) size 240x180
  RenderVideo {VIDEO} at (45,298) size 240x180
layer at (57,310) size 240x180
  RenderDeprecatedFlexibleBox (relative positioned) {DIV} at (0,0) size 240x180
    RenderDeprecatedFlexibleBox {DIV} at (0,0) size 240x128
      RenderButton {INPUT} at (60,3) size 120x121
    RenderBlock {DIV} at (0,127) size 240x53
layer at (65,438) size 225x53 backgroundClip at (65,438) size 225x52 clip at (65,438) size 225x52 scrollWidth 267 scrollHeight 57
  RenderDeprecatedFlexibleBox (relative positioned) {DIV} at (7,0) size 226x53 [bgcolor=#141414CC]
    RenderBlock (anonymous) at (0,0) size 80x53
      RenderButton {INPUT} at (13,-1) size 53x53
    RenderSlider {INPUT} at (79,20) size 38x13
      RenderDeprecatedFlexibleBox {DIV} at (0,0) size 38x12 [border: (1px solid #E6E6E659)]
        RenderBlock {DIV} at (1,1) size 9x36
        RenderBlock {DIV} at (-1,1) size 48x36
    RenderDeprecatedFlexibleBox {DIV} at (139,0) size 56x53 [color=#FFFFFF]
      RenderBlock (anonymous) at (0,0) size 55x53
        RenderText {#text} at (0,10) size 55x32
          text run at (0,10) width 55: "0:00"
    RenderBlock (anonymous) at (208,0) size 59x53
      RenderButton {INPUT} at (-8,-1) size 53x53
layer at (135,445) size 49x36 backgroundClip at (60,417) size 225x53 clip at (60,417) size 225x53 outlineClip at (60,417) size 225x53
  RenderBlock (relative positioned) {DIV} at (-11,-12) size 49x36
