layer at (0,0) size 784x642
  RenderView at (0,0) size 784x600
layer at (0,0) size 784x642
  RenderBlock {HTML} at (0,0) size 784x642
    RenderBody {BODY} at (8,8) size 768x626 [bgcolor=#CCCCCC]
      RenderBlock {P} at (0,0) size 768x22
        RenderText {#text} at (0,0) size 380x22
          text run at (0,0) width 380: "The style declarations which apply to the text below are:"
      RenderBlock {PRE} at (0,38) size 768x85
        RenderText {#text} at (0,0) size 408x85
          text run at (0,0) width 174: ".zero { background: yellow }"
          text run at (174,0) width 0: " "
          text run at (0,17) width 408: ".one { margin-left: 25%; margin-right: 25%; background: white }"
          text run at (408,17) width 0: " "
          text run at (0,34) width 399: ".two { margin-left: 50%; margin-right: 0%; background: white }"
          text run at (399,34) width 0: " "
          text run at (0,51) width 161: ".three {margin-left: 25%;}"
          text run at (161,51) width 0: " "
          text run at (0,68) width 0: " "
      RenderBlock {HR} at (0,136) size 768x2 [border: (1px inset #000000)]
      RenderBlock {DIV} at (0,154) size 768x148 [bgcolor=#FFFF00]
        RenderBlock {DIV} at (192,0) size 384x66 [bgcolor=#FFFFFF]
          RenderBlock {P} at (0,0) size 384x66
            RenderText {#text} at (0,0) size 351x66
              text run at (0,0) width 351: "This paragraph should be centered within its yellow"
              text run at (0,22) width 345: "containing block and its width should be half of the"
              text run at (0,44) width 116: "containing block."
        RenderBlock {DIV} at (384,82) size 384x66 [bgcolor=#FFFFFF]
          RenderBlock {P} at (0,0) size 384x66
            RenderText {#text} at (0,0) size 380x66
              text run at (0,0) width 380: "This paragraph should be right-aligned within its yellow"
              text run at (0,22) width 345: "containing block and its width should be half of the"
              text run at (0,44) width 116: "containing block."
      RenderBlock {P} at (192,318) size 576x44
        RenderText {#text} at (0,0) size 548x44
          text run at (0,0) width 548: "This paragraph should have a left margin of 25% the width of its parent element,"
          text run at (0,22) width 428: "which should require some extra text in order to test effectively."
      RenderTable {TABLE} at (0,378) size 768x248 [border: (1px outset #808080)]
        RenderTableSection {TBODY} at (1,1) size 766x246
          RenderTableRow {TR} at (0,0) size 766x30
            RenderTableCell {TD} at (0,0) size 766x30 [bgcolor=#C0C0C0] [border: (1px inset #808080)] [r=0 c=0 rs=1 cs=2]
              RenderInline {STRONG} at (0,0) size 163x22
                RenderText {#text} at (4,4) size 163x22
                  text run at (4,4) width 163: "TABLE Testing Section"
          RenderTableRow {TR} at (0,30) size 766x216
            RenderTableCell {TD} at (0,123) size 12x30 [bgcolor=#C0C0C0] [border: (1px inset #808080)] [r=1 c=0 rs=1 cs=1]
              RenderText {#text} at (4,4) size 4x22
                text run at (4,4) width 4: " "
            RenderTableCell {TD} at (12,30) size 754x216 [border: (1px inset #808080)] [r=1 c=1 rs=1 cs=1]
              RenderBlock {DIV} at (4,4) size 746x148 [bgcolor=#FFFF00]
                RenderBlock {DIV} at (186,0) size 374x66 [bgcolor=#FFFFFF]
                  RenderBlock {P} at (0,0) size 374x66
                    RenderText {#text} at (0,0) size 351x66
                      text run at (0,0) width 351: "This paragraph should be centered within its yellow"
                      text run at (0,22) width 345: "containing block and its width should be half of the"
                      text run at (0,44) width 116: "containing block."
                RenderBlock {DIV} at (373,82) size 373x66 [bgcolor=#FFFFFF]
                  RenderBlock {P} at (0,0) size 373x66
                    RenderText {#text} at (0,0) size 367x66
                      text run at (0,0) width 333: "This paragraph should be right-aligned within its"
                      text run at (0,22) width 367: "yellow containing block and its width should be half of"
                      text run at (0,44) width 141: "the containing block."
              RenderBlock {P} at (190,168) size 560x44
                RenderText {#text} at (0,0) size 548x44
                  text run at (0,0) width 548: "This paragraph should have a left margin of 25% the width of its parent element,"
                  text run at (0,22) width 428: "which should require some extra text in order to test effectively."
