layer at (0,0) size 800x600
  RenderView at (0,0) size 800x600
layer at (0,0) size 800x600
  RenderBlock {HTML} at (0,0) size 800x600
    RenderBody {BODY} at (8,8) size 784x584
      RenderBlock {P} at (0,0) size 784x22
        RenderText {#text} at (0,0) size 380x22
          text run at (0,0) width 380: "The style declarations which apply to the text below are:"
      RenderBlock {PRE} at (0,38) size 784x68
        RenderText {#text} at (0,0) size 526x68
          text run at (0,0) width 526: "<LINK rel=\"stylesheet\" type=\"text/css\" media=\"screen\" href=\"../resources/bg.gif\">"
          text run at (526,0) width 0: " "
          text run at (0,17) width 245: "@import url(../resources/sec642.css);"
          text run at (245,17) width 0: " "
          text run at (0,34) width 287: "BODY {background: url(../resources/bg.gif);}"
          text run at (287,34) width 0: " "
          text run at (0,51) width 0: " "
      RenderBlock {HR} at (0,119) size 784x2 [border: (1px inset #000000)]
      RenderBlock {P} at (0,137) size 784x22
        RenderText {#text} at (0,0) size 419x22
          text run at (0,0) width 419: "This page should have a green grid pattern as its background."
      RenderBlock {P} at (0,175) size 784x66 [bgcolor=#FFFFFF]
        RenderText {#text} at (0,0) size 778x66
          text run at (0,0) width 673: "This paragraph should have a white background, but NO image should appear in the background. "
          text run at (673,0) width 97: "If an image, in"
          text run at (0,22) width 778: "this case a red square-- or, indeed, any red at all-- is seen there, then the browser has incorrectly interpreted a URL"
          text run at (0,44) width 407: "in relation to the document's URL, not the stylesheet's URL."
      RenderBlock {P} at (0,257) size 784x66 [bgcolor=#FFFFFF]
        RenderText {#text} at (0,0) size 778x66
          text run at (0,0) width 673: "This paragraph should have a white background, but NO image should appear in the background. "
          text run at (673,0) width 97: "If an image, in"
          text run at (0,22) width 778: "this case a red square-- or, indeed, any red at all-- is seen there, then the browser has incorrectly interpreted a URL"
          text run at (0,44) width 407: "in relation to the document's URL, not the stylesheet's URL."
      RenderTable {TABLE} at (0,339) size 784x226 [border: (1px outset #808080)]
        RenderTableSection {TBODY} at (1,1) size 782x224
          RenderTableRow {TR} at (0,0) size 782x30
            RenderTableCell {TD} at (0,0) size 782x30 [bgcolor=#C0C0C0] [border: (1px inset #808080)] [r=0 c=0 rs=1 cs=2]
              RenderInline {STRONG} at (0,0) size 163x22
                RenderText {#text} at (4,4) size 163x22
                  text run at (4,4) width 163: "TABLE Testing Section"
          RenderTableRow {TR} at (0,30) size 782x194
            RenderTableCell {TD} at (0,112) size 12x30 [bgcolor=#C0C0C0] [border: (1px inset #808080)] [r=1 c=0 rs=1 cs=1]
              RenderText {#text} at (4,4) size 4x22
                text run at (4,4) width 4: " "
            RenderTableCell {TD} at (12,30) size 770x194 [border: (1px inset #808080)] [r=1 c=1 rs=1 cs=1]
              RenderBlock {P} at (4,4) size 762x22
                RenderText {#text} at (0,0) size 419x22
                  text run at (0,0) width 419: "This page should have a green grid pattern as its background."
              RenderBlock {P} at (4,42) size 762x66 [bgcolor=#FFFFFF]
                RenderText {#text} at (0,0) size 756x66
                  text run at (0,0) width 673: "This paragraph should have a white background, but NO image should appear in the background. "
                  text run at (673,0) width 80: "If an image,"
                  text run at (0,22) width 756: "in this case a red square-- or, indeed, any red at all-- is seen there, then the browser has incorrectly interpreted a"
                  text run at (0,44) width 446: "URL in relation to the document's URL, not the stylesheet's URL."
              RenderBlock {P} at (4,124) size 762x66 [bgcolor=#FFFFFF]
                RenderText {#text} at (0,0) size 756x66
                  text run at (0,0) width 673: "This paragraph should have a white background, but NO image should appear in the background. "
                  text run at (673,0) width 80: "If an image,"
                  text run at (0,22) width 756: "in this case a red square-- or, indeed, any red at all-- is seen there, then the browser has incorrectly interpreted a"
                  text run at (0,44) width 446: "URL in relation to the document's URL, not the stylesheet's URL."
