layer at (0,0) size 800x600
  RenderView at (0,0) size 800x600
layer at (0,0) size 800x600
  RenderBlock {HTML} at (0,0) size 800x600
    RenderBody {BODY} at (8,8) size 784x576
      RenderBlock {P} at (0,0) size 784x36
        RenderText {#text} at (0,0) size 55x17
          text run at (0,0) width 55: "Test for "
        RenderInline {I} at (0,0) size 778x35
          RenderInline {A} at (0,0) size 312x17 [color=#0000EE]
            RenderText {#text} at (54,0) size 312x17
              text run at (54,0) width 312: "https://bugs.webkit.org/show_bug.cgi?id=23848"
          RenderText {#text} at (365,0) size 778x35
            text run at (365,0) width 413: " REGRESSION: Crash when mouse cursor moves over a link on"
            text run at (0,18) width 122: "www.opportuno.de"
        RenderText {#text} at (121,18) size 5x17
          text run at (121,18) width 5: "."
      RenderBlock {P} at (0,52) size 784x18
        RenderText {#text} at (0,0) size 757x17
          text run at (0,0) width 462: "This tests that changing the z-index of an inline correctly invalidates its "
          text run at (461,0) width 296: "layer\x{2019}s and its stacking context\x{2019}s z-index lists."
      RenderBlock (anonymous) at (0,86) size 784x0
        RenderText {#text} at (0,0) size 0x0
        RenderText {#text} at (0,0) size 0x0
