layer at (0,0) size 784x658
  RenderView at (0,0) size 784x600
layer at (0,0) size 784x658
  RenderBlock {HTML} at (0,0) size 784x658
    RenderBody {BODY} at (8,8) size 768x630
      RenderBlock {P} at (0,0) size 768x36
        RenderText {#text} at (0,0) size 55x17
          text run at (0,0) width 55: "Test for "
        RenderInline {I} at (0,0) size 760x35
          RenderInline {A} at (0,0) size 306x17 [color=#0000EE]
            RenderText {#text} at (54,0) size 306x17
              text run at (54,0) width 306: "http://bugs.webkit.org/show_bug.cgi?id=14875"
          RenderText {#text} at (359,0) size 760x35
            text run at (359,0) width 5: " "
            text run at (363,0) width 397: "Textarea with nowrap - left/right nav, Up/down nav both hide"
            text run at (0,18) width 24: "text"
        RenderText {#text} at (23,18) size 5x17
          text run at (23,18) width 5: "."
      RenderBlock {P} at (0,52) size 768x18
        RenderText {#text} at (0,0) size 467x17
          text run at (0,0) width 467: "The letter A should be fully visible in each one of the eight boxes below."
layer at (28,98) size 150x50 clip at (28,98) size 150x34 scrollX 50 scrollWidth 200
  RenderBlock {DIV} at (20,90) size 150x50
    RenderBlock {DIV} at (0,0) size 200x18
      RenderText {#text} at (188,0) size 12x17
        text run at (188,0) width 12: "A"
layer at (28,168) size 160x50 clip at (38,168) size 150x34 scrollX 50 scrollWidth 200
  RenderBlock {DIV} at (20,160) size 160x50 [border: (10px solid #000000)]
    RenderBlock {DIV} at (10,0) size 200x18
      RenderText {#text} at (188,0) size 12x17
        text run at (188,0) width 12: "A"
layer at (28,238) size 160x50 clip at (28,238) size 150x34 scrollX 50 scrollWidth 200
  RenderBlock {DIV} at (20,230) size 160x50 [border: (10px solid #000000) none]
    RenderBlock {DIV} at (0,0) size 200x18
      RenderText {#text} at (188,0) size 12x17
        text run at (188,0) width 12: "A"
layer at (28,308) size 150x50 clip at (28,308) size 134x34 scrollX 66 scrollWidth 200
  RenderBlock {DIV} at (20,300) size 150x50
    RenderBlock {DIV} at (0,0) size 200x18
      RenderText {#text} at (188,0) size 12x17
        text run at (188,0) width 12: "A"
layer at (28,378) size 150x50 clip at (28,378) size 150x34 scrollWidth 200
  RenderBlock {DIV} at (20,370) size 150x50
    RenderBlock {DIV} at (0,0) size 200x18
      RenderText {#text} at (0,0) size 12x17
        text run at (0,0) width 12: "A"
layer at (28,448) size 160x50 clip at (38,448) size 150x34 scrollWidth 200
  RenderBlock {DIV} at (20,440) size 160x50 [border: (10px solid #000000)]
    RenderBlock {DIV} at (10,0) size 200x18
      RenderText {#text} at (0,0) size 12x17
        text run at (0,0) width 12: "A"
layer at (28,518) size 160x50 clip at (28,518) size 150x34 scrollWidth 200
  RenderBlock {DIV} at (20,510) size 160x50 [border: (10px solid #000000) none]
    RenderBlock {DIV} at (0,0) size 200x18
      RenderText {#text} at (0,0) size 12x17
        text run at (0,0) width 12: "A"
layer at (28,588) size 150x50 clip at (28,588) size 134x34 scrollWidth 200
  RenderBlock {DIV} at (20,580) size 150x50
    RenderBlock {DIV} at (0,0) size 200x18
      RenderText {#text} at (0,0) size 12x17
        text run at (0,0) width 12: "A"
