layer at (0,0) size 800x600
  RenderView at (0,0) size 800x600
layer at (0,0) size 800x600
  RenderBlock {HTML} at (0,0) size 800x600
    RenderBody {BODY} at (8,8) size 784x584
      RenderDetails {DETAILS} at (0,0) size 784x22
        RenderSummary {SUMMARY} at (0,0) size 784x22
          RenderDetailsMarker {DIV} at (0,6) size 10x10: down
          RenderText {#text} at (16,0) size 4x22
            text run at (16,0) width 4: " "
          RenderBlock {SPAN} at (20,3) size 53x17
            RenderText {#text} at (0,0) size 53x17
              text run at (0,0) width 53: "Details1"
          RenderText {#text} at (73,0) size 4x22
            text run at (73,0) width 4: " "
          RenderBlock {SPAN} at (77,3) size 53x17
            RenderText {#text} at (0,0) size 53x17
              text run at (0,0) width 53: "Details3"
          RenderText {#text} at (0,0) size 0x0
      RenderBlock (anonymous) at (0,22) size 784x38
        RenderButton {INPUT} at (2,2) size 43x34 [bgcolor=#C0C0C0]
          RenderBlock (anonymous) at (6,6) size 31x22
            RenderText at (0,0) size 31x22
              text run at (0,0) width 31: "click"
        RenderText {#text} at (0,0) size 0x0
