layer at (0,0) size 800x600
  RenderView at (0,0) size 800x600
layer at (0,0) size 800x600
  RenderBlock {HTML} at (0,0) size 800x600
    RenderBody {BODY} at (8,8) size 784x576
      RenderBlock {P} at (0,0) size 784x22
        RenderText {#text} at (0,0) size 435x22
          text run at (0,0) width 435: "This tests the listing tag. It's an obsolete synonym for the pre tag."
      RenderBlock {DIV} at (0,38) size 784x22
        RenderText {#text} at (0,0) size 180x22
          text run at (0,0) width 180: "Text just before the listing."
      RenderBlock {LISTING} at (0,73) size 784x51
        RenderText {#text} at (0,0) size 613x51
          text run at (0,0) width 198: "This text is inside a listing tag."
          text run at (198,0) width 0: " "
          text run at (0,17) width 613: "It acts exactly like the pre tag, so the text should be monospaced and not have any line breaks."
          text run at (613,17) width 0: " "
          text run at (0,34) width 605: "Also, it eats the very first newline inside the listing, so there should not be a blank line above."
          text run at (605,34) width 0: " "
      RenderBlock {P} at (0,140) size 784x22
        RenderText {#text} at (0,0) size 633x22
          text run at (0,0) width 633: "The listing tag has a width in it. To test the JavaScript binding, this page gets the width, here: "
        RenderInline {A} at (0,0) size 24x22
          RenderText {#text} at (633,0) size 24x22
            text run at (633,0) width 24: "100"
