layer at (0,0) size 800x600
  RenderView at (0,0) size 800x600
layer at (0,0) size 800x600
  RenderBlock {HTML} at (0,0) size 800x600
    RenderBody {BODY} at (8,16) size 784x568
layer at (8,16) size 784x153
  RenderBlock {DIV} at (0,0) size 784x153 [border: (5px solid #800000)]
    RenderBlock (anonymous) at (5,5) size 379x0
      RenderInline {JUNK} at (0,0) size 0x0
        RenderText {#text} at (0,0) size 0x0
    RenderBlock (anonymous) at (5,24) size 379x29
      RenderBlock {H2} at (0,0) size 379x28 [bgcolor=#EEEEEE]
        RenderText {#text} at (0,0) size 58x28
          text run at (0,0) width 58: "PASS"
    RenderBlock (anonymous) at (5,72) size 379x202
      RenderInline {JUNK} at (0,0) size 369x201
        RenderText {#text} at (0,0) size 369x201
          text run at (0,0) width 354: "Lorem ipsum dolor sit amet, consectetuer adipiscing elit."
          text run at (0,18) width 351: "Nulla varius enim ac mi. Curabitur sollicitudin felis quis"
          text run at (0,36) width 368: "lectus. Quisque adipiscing rhoncus sem. Proin nulla purus,"
          text run at (0,54) width 368: "vulputate vel, varius ut, euismod et, nisi. Sed vitae felis vel"
          text run at (0,75) width 358: "orci sagittis aliquam. Cras convallis adipiscing sem. Nam"
          text run at (0,93) width 318: "nonummy enim. Nullam bibendum lobortis neque."
          text run at (0,111) width 332: "Vestibulum velit orci, tempus euismod, pretium quis,"
          text run at (0,129) width 309: "interdum vitae, nulla. Phasellus eget ante et tortor"
          text run at (0,147) width 369: "condimentum vestibulum. Suspendisse hendrerit quam nec"
          text run at (0,165) width 354: "felis. Sed varius turpis vitae pede. Lorem ipsum dolor sit"
          text run at (0,183) width 211: "amet, consectetuer adipiscing elit."
