layer at (0,0) size 785x1310
  RenderView at (0,0) size 785x600
layer at (0,0) size 785x1310
  RenderBlock {HTML} at (0,0) size 785x1310
    RenderBody {BODY} at (8,16) size 769x1278
layer at (8,16) size 760x399
  RenderBlock {DIV} at (0,0) size 760x399 [border: (5px solid #800000)]
    RenderBlock (anonymous multi-column span) at (5,24) size 750x28 [color=#FFFFFF]
      RenderBlock {H2} at (0,0) size 750x28 [color=#000000] [bgcolor=#EEEEEE]
        RenderText {#text} at (0,0) size 276x28
          text run at (0,0) width 276: "This is a spanning element."
layer at (13,87) size 750x323
  RenderBlock (anonymous multi-column) at (5,71) size 750x323
    RenderBlock {SPAN} at (0,0) size 367x198 [color=#FFFFFF] [bgcolor=#000000]
      RenderText {#text} at (0,0) size 362x198
        text run at (0,0) width 354: "Lorem ipsum dolor sit amet, consectetuer adipiscing elit."
        text run at (0,18) width 351: "Nulla varius enim ac mi. Curabitur sollicitudin felis quis"
        text run at (0,36) width 325: "lectus. Quisque adipiscing rhoncus sem. Proin nulla"
        text run at (0,54) width 358: "purus, vulputate vel, varius ut, euismod et, nisi. Sed vitae"
        text run at (0,72) width 343: "felis vel orci sagittis aliquam. Cras convallis adipiscing"
        text run at (0,90) width 340: "sem. Nam nonummy enim. Nullam bibendum lobortis"
        text run at (0,108) width 344: "neque. Vestibulum velit orci, tempus euismod, pretium"
        text run at (0,126) width 343: "quis, interdum vitae, nulla. Phasellus eget ante et tortor"
        text run at (0,144) width 343: "condimentum vestibulum. Suspendisse hendrerit quam"
        text run at (0,162) width 362: "nec felis. Sed varius turpis vitae pede. Lorem ipsum dolor"
        text run at (0,180) width 229: "sit amet, consectetuer adipiscing elit."
    RenderBlock (anonymous) at (0,214) size 367x415
      RenderText {#text} at (0,0) size 362x199
        text run at (0,0) width 354: "Lorem ipsum dolor sit amet, consectetuer adipiscing elit."
        text run at (0,18) width 351: "Nulla varius enim ac mi. Curabitur sollicitudin felis quis"
        text run at (0,36) width 325: "lectus. Quisque adipiscing rhoncus sem. Proin nulla"
        text run at (0,54) width 358: "purus, vulputate vel, varius ut, euismod et, nisi. Sed vitae"
        text run at (0,72) width 343: "felis vel orci sagittis aliquam. Cras convallis adipiscing"
        text run at (0,90) width 340: "sem. Nam nonummy enim. Nullam bibendum lobortis"
        text run at (0,109) width 344: "neque. Vestibulum velit orci, tempus euismod, pretium"
        text run at (0,127) width 343: "quis, interdum vitae, nulla. Phasellus eget ante et tortor"
        text run at (0,145) width 343: "condimentum vestibulum. Suspendisse hendrerit quam"
        text run at (0,163) width 362: "nec felis. Sed varius turpis vitae pede. Lorem ipsum dolor"
        text run at (0,181) width 233: "sit amet, consectetuer adipiscing elit. "
      RenderInline {SPAN} at (0,0) size 42x18
        RenderText {#text} at (233,181) size 42x18
          text run at (233,181) width 42: "Lorem"
      RenderText {#text} at (275,181) size 363x234
        text run at (275,181) width 79: " ipsum dolor"
        text run at (0,199) width 363: "sit amet, consectetuer adipiscing elit. Nulla varius enim ac"
        text run at (0,217) width 318: "mi. Curabitur sollicitudin felis quis lectus. Quisque"
        text run at (0,235) width 356: "adipiscing rhoncus sem. Proin nulla purus, vulputate vel,"
        text run at (0,253) width 354: "varius ut, euismod et, nisi. Sed vitae felis vel orci sagittis"
        text run at (0,271) width 351: "aliquam. Cras convallis adipiscing sem. Nam nonummy"
        text run at (0,289) width 358: "enim. Nullam bibendum lobortis neque. Vestibulum velit"
        text run at (0,307) width 361: "orci, tempus euismod, pretium quis, interdum vitae, nulla."
        text run at (0,325) width 339: "Phasellus eget ante et tortor condimentum vestibulum."
        text run at (0,343) width 345: "Suspendisse hendrerit quam nec felis. Sed varius turpis"
        text run at (0,361) width 331: "vitae pede. Lorem ipsum dolor sit amet, consectetuer"
        text run at (0,379) width 95: "adipiscing elit. "
        text run at (95,379) width 259: "Lorem ipsum dolor sit amet, consectetuer"
        text run at (0,397) width 249: "adipiscing elit. Nulla varius enim ac mi."
layer at (8,431) size 760x399
  RenderBlock {DIV} at (0,415) size 760x399 [border: (5px solid #800000)]
    RenderBlock (anonymous multi-column span) at (5,347) size 750x28 [color=#FFFFFF]
      RenderBlock {H2} at (0,0) size 750x28 [color=#000000] [bgcolor=#EEEEEE]
        RenderText {#text} at (0,0) size 276x28
          text run at (0,0) width 276: "This is a spanning element."
layer at (13,436) size 750x323
  RenderBlock (anonymous multi-column) at (5,5) size 750x323
    RenderBlock (anonymous) at (0,0) size 367x593
      RenderText {#text} at (0,0) size 363x593
        text run at (0,0) width 354: "Lorem ipsum dolor sit amet, consectetuer adipiscing elit."
        text run at (0,18) width 351: "Nulla varius enim ac mi. Curabitur sollicitudin felis quis"
        text run at (0,36) width 325: "lectus. Quisque adipiscing rhoncus sem. Proin nulla"
        text run at (0,54) width 358: "purus, vulputate vel, varius ut, euismod et, nisi. Sed vitae"
        text run at (0,72) width 343: "felis vel orci sagittis aliquam. Cras convallis adipiscing"
        text run at (0,90) width 340: "sem. Nam nonummy enim. Nullam bibendum lobortis"
        text run at (0,108) width 344: "neque. Vestibulum velit orci, tempus euismod, pretium"
        text run at (0,126) width 343: "quis, interdum vitae, nulla. Phasellus eget ante et tortor"
        text run at (0,144) width 343: "condimentum vestibulum. Suspendisse hendrerit quam"
        text run at (0,162) width 362: "nec felis. Sed varius turpis vitae pede. Lorem ipsum dolor"
        text run at (0,180) width 233: "sit amet, consectetuer adipiscing elit. "
        text run at (233,180) width 121: "Lorem ipsum dolor"
        text run at (0,198) width 363: "sit amet, consectetuer adipiscing elit. Nulla varius enim ac"
        text run at (0,216) width 318: "mi. Curabitur sollicitudin felis quis lectus. Quisque"
        text run at (0,234) width 356: "adipiscing rhoncus sem. Proin nulla purus, vulputate vel,"
        text run at (0,252) width 354: "varius ut, euismod et, nisi. Sed vitae felis vel orci sagittis"
        text run at (0,270) width 351: "aliquam. Cras convallis adipiscing sem. Nam nonummy"
        text run at (0,288) width 358: "enim. Nullam bibendum lobortis neque. Vestibulum velit"
        text run at (0,323) width 361: "orci, tempus euismod, pretium quis, interdum vitae, nulla."
        text run at (0,341) width 339: "Phasellus eget ante et tortor condimentum vestibulum."
        text run at (0,359) width 345: "Suspendisse hendrerit quam nec felis. Sed varius turpis"
        text run at (0,377) width 331: "vitae pede. Lorem ipsum dolor sit amet, consectetuer"
        text run at (0,395) width 95: "adipiscing elit. "
        text run at (95,395) width 259: "Lorem ipsum dolor sit amet, consectetuer"
        text run at (0,413) width 313: "adipiscing elit. Nulla varius enim ac mi. Curabitur"
        text run at (0,431) width 352: "sollicitudin felis quis lectus. Quisque adipiscing rhoncus"
        text run at (0,449) width 353: "sem. Proin nulla purus, vulputate vel, varius ut, euismod"
        text run at (0,467) width 326: "et, nisi. Sed vitae felis vel orci sagittis aliquam. Cras"
        text run at (0,485) width 350: "convallis adipiscing sem. Nam nonummy enim. Nullam"
        text run at (0,503) width 349: "bibendum lobortis neque. Vestibulum velit orci, tempus"
        text run at (0,521) width 343: "euismod, pretium quis, interdum vitae, nulla. Phasellus"
        text run at (0,539) width 357: "eget ante et tortor condimentum vestibulum. Suspendisse"
        text run at (0,557) width 336: "hendrerit quam nec felis. Sed varius turpis vitae pede."
        text run at (0,575) width 354: "Lorem ipsum dolor sit amet, consectetuer adipiscing elit."
    RenderBlock {SPAN} at (0,609) size 367x36 [color=#FFFFFF] [bgcolor=#000000]
      RenderText {#text} at (0,0) size 354x36
        text run at (0,0) width 354: "Lorem ipsum dolor sit amet, consectetuer adipiscing elit."
        text run at (0,18) width 154: "Nulla varius enim ac mi."
layer at (8,846) size 760x448
  RenderBlock {DIV} at (0,830) size 760x448 [border: (5px solid #800000)]
    RenderBlock (anonymous multi-column span) at (5,174) size 750x28 [color=#FFFFFF]
      RenderBlock {H2} at (0,0) size 750x28 [color=#000000] [bgcolor=#EEEEEE]
        RenderText {#text} at (0,0) size 276x28
          text run at (0,0) width 276: "This is a spanning element."
layer at (13,867) size 750x134
  RenderBlock (anonymous multi-column) at (5,21) size 750x134
    RenderBlock {P} at (0,0) size 367x206
      RenderText {#text} at (0,0) size 362x206
        text run at (0,0) width 354: "Lorem ipsum dolor sit amet, consectetuer adipiscing elit."
        text run at (0,18) width 351: "Nulla varius enim ac mi. Curabitur sollicitudin felis quis"
        text run at (0,36) width 325: "lectus. Quisque adipiscing rhoncus sem. Proin nulla"
        text run at (0,54) width 358: "purus, vulputate vel, varius ut, euismod et, nisi. Sed vitae"
        text run at (0,72) width 343: "felis vel orci sagittis aliquam. Cras convallis adipiscing"
        text run at (0,90) width 340: "sem. Nam nonummy enim. Nullam bibendum lobortis"
        text run at (0,108) width 344: "neque. Vestibulum velit orci, tempus euismod, pretium"
        text run at (0,134) width 343: "quis, interdum vitae, nulla. Phasellus eget ante et tortor"
        text run at (0,152) width 343: "condimentum vestibulum. Suspendisse hendrerit quam"
        text run at (0,170) width 362: "nec felis. Sed varius turpis vitae pede. Lorem ipsum dolor"
        text run at (0,188) width 229: "sit amet, consectetuer adipiscing elit."
    RenderBlock {SPAN} at (0,222) size 367x36 [color=#FFFFFF] [bgcolor=#000000]
      RenderBlock (anonymous) at (0,0) size 367x36
        RenderText {#text} at (0,0) size 354x36
          text run at (0,0) width 354: "Lorem ipsum dolor sit amet, consectetuer adipiscing elit."
          text run at (0,18) width 154: "Nulla varius enim ac mi."
layer at (13,1067) size 750x206
  RenderBlock (anonymous multi-column) at (5,221) size 750x206
    RenderBlock {SPAN} at (0,0) size 367x198 [color=#FFFFFF] [bgcolor=#000000]
      RenderBlock {P} at (0,0) size 367x198
        RenderText {#text} at (0,0) size 362x198
          text run at (0,0) width 354: "Lorem ipsum dolor sit amet, consectetuer adipiscing elit."
          text run at (0,18) width 351: "Nulla varius enim ac mi. Curabitur sollicitudin felis quis"
          text run at (0,36) width 325: "lectus. Quisque adipiscing rhoncus sem. Proin nulla"
          text run at (0,54) width 358: "purus, vulputate vel, varius ut, euismod et, nisi. Sed vitae"
          text run at (0,72) width 343: "felis vel orci sagittis aliquam. Cras convallis adipiscing"
          text run at (0,90) width 340: "sem. Nam nonummy enim. Nullam bibendum lobortis"
          text run at (0,108) width 344: "neque. Vestibulum velit orci, tempus euismod, pretium"
          text run at (0,126) width 343: "quis, interdum vitae, nulla. Phasellus eget ante et tortor"
          text run at (0,144) width 343: "condimentum vestibulum. Suspendisse hendrerit quam"
          text run at (0,162) width 362: "nec felis. Sed varius turpis vitae pede. Lorem ipsum dolor"
          text run at (0,180) width 229: "sit amet, consectetuer adipiscing elit."
    RenderBlock (anonymous) at (0,206) size 367x198
      RenderText {#text} at (0,0) size 362x198
        text run at (0,0) width 354: "Lorem ipsum dolor sit amet, consectetuer adipiscing elit."
        text run at (0,18) width 351: "Nulla varius enim ac mi. Curabitur sollicitudin felis quis"
        text run at (0,36) width 325: "lectus. Quisque adipiscing rhoncus sem. Proin nulla"
        text run at (0,54) width 358: "purus, vulputate vel, varius ut, euismod et, nisi. Sed vitae"
        text run at (0,72) width 343: "felis vel orci sagittis aliquam. Cras convallis adipiscing"
        text run at (0,90) width 340: "sem. Nam nonummy enim. Nullam bibendum lobortis"
        text run at (0,108) width 344: "neque. Vestibulum velit orci, tempus euismod, pretium"
        text run at (0,126) width 343: "quis, interdum vitae, nulla. Phasellus eget ante et tortor"
        text run at (0,144) width 343: "condimentum vestibulum. Suspendisse hendrerit quam"
        text run at (0,162) width 362: "nec felis. Sed varius turpis vitae pede. Lorem ipsum dolor"
        text run at (0,180) width 229: "sit amet, consectetuer adipiscing elit."
    RenderBlock {P} at (0,412) size 367x0
