layer at (0,0) size 800x600
  RenderView at (0,0) size 800x600
layer at (0,0) size 800x105
  RenderBlock {HTML} at (0,0) size 800x105
    RenderBody {BODY} at (8,8) size 784x89
layer at (8,8) size 784x89
  RenderBlock {DIV} at (0,0) size 784x89
    RenderBlock {DIV} at (0,0) size 384x70
      RenderBlock {P} at (0,0) size 384x18
        RenderText {#text} at (0,0) size 332x18
          text run at (0,0) width 332: "This text should not be spanned across two columns."
      RenderBlock {P} at (0,18) size 384x36
        RenderText {#text} at (0,0) size 368x36
          text run at (0,0) width 368: "This text should be below the previous text, but still on the"
          text run at (0,18) width 24: "left."
    RenderText {#text} at (0,0) size 0x0
    RenderInline {SPAN} at (0,0) size 368x91
      RenderText {#text} at (0,70) size 368x91
        text run at (0,70) width 368: "The beginning of this text should start next to or below the"
        text run at (0,89) width 362: "previous text, and still in the left column. However, when"
        text run at (0,107) width 363: "made sufficiently longer than the previous block of text, it"
        text run at (0,125) width 364: "should spill into the right column instead of staying below"
        text run at (0,143) width 118: "the block before it."
    RenderText {#text} at (0,0) size 0x0
