layer at (0,0) size 785x2157
  RenderView at (0,0) size 785x600
layer at (0,0) size 785x2157
  RenderBlock {HTML} at (0,0) size 785x2157
    RenderBody {BODY} at (8,16) size 769x2125
layer at (8,16) size 760x316
  RenderBlock {DIV} at (0,0) size 760x316 [border: (5px solid #800000)]
    RenderText {#text} at (5,5) size 363x612
      text run at (5,5) width 354: "Lorem ipsum dolor sit amet, consectetuer adipiscing elit."
      text run at (5,23) width 351: "Nulla varius enim ac mi. Curabitur sollicitudin felis quis"
      text run at (5,41) width 325: "lectus. Quisque adipiscing rhoncus sem. Proin nulla"
      text run at (5,59) width 358: "purus, vulputate vel, varius ut, euismod et, nisi. Sed vitae"
      text run at (5,77) width 343: "felis vel orci sagittis aliquam. Cras convallis adipiscing"
      text run at (5,95) width 340: "sem. Nam nonummy enim. Nullam bibendum lobortis"
      text run at (5,113) width 344: "neque. Vestibulum velit orci, tempus euismod, pretium"
      text run at (5,131) width 343: "quis, interdum vitae, nulla. Phasellus eget ante et tortor"
      text run at (5,149) width 343: "condimentum vestibulum. Suspendisse hendrerit quam"
      text run at (5,167) width 362: "nec felis. Sed varius turpis vitae pede. Lorem ipsum dolor"
      text run at (5,185) width 233: "sit amet, consectetuer adipiscing elit. "
      text run at (238,185) width 121: "Lorem ipsum dolor"
      text run at (5,203) width 363: "sit amet, consectetuer adipiscing elit. Nulla varius enim ac"
      text run at (5,221) width 318: "mi. Curabitur sollicitudin felis quis lectus. Quisque"
      text run at (5,239) width 356: "adipiscing rhoncus sem. Proin nulla purus, vulputate vel,"
      text run at (5,257) width 354: "varius ut, euismod et, nisi. Sed vitae felis vel orci sagittis"
      text run at (5,275) width 351: "aliquam. Cras convallis adipiscing sem. Nam nonummy"
      text run at (5,293) width 358: "enim. Nullam bibendum lobortis neque. Vestibulum velit"
      text run at (5,311) width 361: "orci, tempus euismod, pretium quis, interdum vitae, nulla."
      text run at (5,329) width 339: "Phasellus eget ante et tortor condimentum vestibulum."
      text run at (5,347) width 345: "Suspendisse hendrerit quam nec felis. Sed varius turpis"
      text run at (5,365) width 331: "vitae pede. Lorem ipsum dolor sit amet, consectetuer"
      text run at (5,383) width 95: "adipiscing elit. "
      text run at (100,383) width 259: "Lorem ipsum dolor sit amet, consectetuer"
      text run at (5,401) width 313: "adipiscing elit. Nulla varius enim ac mi. Curabitur"
      text run at (5,419) width 352: "sollicitudin felis quis lectus. Quisque adipiscing rhoncus"
      text run at (5,437) width 353: "sem. Proin nulla purus, vulputate vel, varius ut, euismod"
      text run at (5,455) width 326: "et, nisi. Sed vitae felis vel orci sagittis aliquam. Cras"
      text run at (5,473) width 350: "convallis adipiscing sem. Nam nonummy enim. Nullam"
      text run at (5,491) width 349: "bibendum lobortis neque. Vestibulum velit orci, tempus"
      text run at (5,509) width 343: "euismod, pretium quis, interdum vitae, nulla. Phasellus"
      text run at (5,527) width 357: "eget ante et tortor condimentum vestibulum. Suspendisse"
      text run at (5,545) width 336: "hendrerit quam nec felis. Sed varius turpis vitae pede."
      text run at (5,563) width 354: "Lorem ipsum dolor sit amet, consectetuer adipiscing elit."
      text run at (5,581) width 354: "Lorem ipsum dolor sit amet, consectetuer adipiscing elit."
      text run at (5,599) width 154: "Nulla varius enim ac mi."
layer at (8,348) size 760x316
  RenderBlock {DIV} at (0,332) size 760x316 [border: (5px solid #800000)]
    RenderText {#text} at (5,5) size 363x612
      text run at (5,5) width 354: "Lorem ipsum dolor sit amet, consectetuer adipiscing elit."
      text run at (5,23) width 351: "Nulla varius enim ac mi. Curabitur sollicitudin felis quis"
      text run at (5,41) width 325: "lectus. Quisque adipiscing rhoncus sem. Proin nulla"
      text run at (5,59) width 358: "purus, vulputate vel, varius ut, euismod et, nisi. Sed vitae"
      text run at (5,77) width 343: "felis vel orci sagittis aliquam. Cras convallis adipiscing"
      text run at (5,95) width 340: "sem. Nam nonummy enim. Nullam bibendum lobortis"
      text run at (5,113) width 344: "neque. Vestibulum velit orci, tempus euismod, pretium"
      text run at (5,131) width 343: "quis, interdum vitae, nulla. Phasellus eget ante et tortor"
      text run at (5,149) width 343: "condimentum vestibulum. Suspendisse hendrerit quam"
      text run at (5,167) width 362: "nec felis. Sed varius turpis vitae pede. Lorem ipsum dolor"
      text run at (5,185) width 233: "sit amet, consectetuer adipiscing elit. "
      text run at (238,185) width 121: "Lorem ipsum dolor"
      text run at (5,203) width 363: "sit amet, consectetuer adipiscing elit. Nulla varius enim ac"
      text run at (5,221) width 318: "mi. Curabitur sollicitudin felis quis lectus. Quisque"
      text run at (5,239) width 356: "adipiscing rhoncus sem. Proin nulla purus, vulputate vel,"
      text run at (5,257) width 354: "varius ut, euismod et, nisi. Sed vitae felis vel orci sagittis"
      text run at (5,275) width 351: "aliquam. Cras convallis adipiscing sem. Nam nonummy"
      text run at (5,293) width 358: "enim. Nullam bibendum lobortis neque. Vestibulum velit"
      text run at (5,311) width 361: "orci, tempus euismod, pretium quis, interdum vitae, nulla."
      text run at (5,329) width 339: "Phasellus eget ante et tortor condimentum vestibulum."
      text run at (5,347) width 345: "Suspendisse hendrerit quam nec felis. Sed varius turpis"
      text run at (5,365) width 331: "vitae pede. Lorem ipsum dolor sit amet, consectetuer"
      text run at (5,383) width 95: "adipiscing elit. "
      text run at (100,383) width 259: "Lorem ipsum dolor sit amet, consectetuer"
      text run at (5,401) width 313: "adipiscing elit. Nulla varius enim ac mi. Curabitur"
      text run at (5,419) width 352: "sollicitudin felis quis lectus. Quisque adipiscing rhoncus"
      text run at (5,437) width 353: "sem. Proin nulla purus, vulputate vel, varius ut, euismod"
      text run at (5,455) width 326: "et, nisi. Sed vitae felis vel orci sagittis aliquam. Cras"
      text run at (5,473) width 350: "convallis adipiscing sem. Nam nonummy enim. Nullam"
      text run at (5,491) width 349: "bibendum lobortis neque. Vestibulum velit orci, tempus"
      text run at (5,509) width 343: "euismod, pretium quis, interdum vitae, nulla. Phasellus"
      text run at (5,527) width 357: "eget ante et tortor condimentum vestibulum. Suspendisse"
      text run at (5,545) width 336: "hendrerit quam nec felis. Sed varius turpis vitae pede."
      text run at (5,563) width 354: "Lorem ipsum dolor sit amet, consectetuer adipiscing elit."
      text run at (5,581) width 354: "Lorem ipsum dolor sit amet, consectetuer adipiscing elit."
      text run at (5,599) width 154: "Nulla varius enim ac mi."
layer at (8,680) size 760x350
  RenderBlock {DIV} at (0,664) size 760x350 [border: (5px solid #800000)]
    RenderBlock {P} at (5,21) size 367x234
      RenderText {#text} at (0,0) size 363x234
        text run at (0,0) width 354: "Lorem ipsum dolor sit amet, consectetuer adipiscing elit."
        text run at (0,18) width 351: "Nulla varius enim ac mi. Curabitur sollicitudin felis quis"
        text run at (0,36) width 325: "lectus. Quisque adipiscing rhoncus sem. Proin nulla"
        text run at (0,54) width 358: "purus, vulputate vel, varius ut, euismod et, nisi. Sed vitae"
        text run at (0,72) width 343: "felis vel orci sagittis aliquam. Cras convallis adipiscing"
        text run at (0,90) width 340: "sem. Nam nonummy enim. Nullam bibendum lobortis"
        text run at (0,108) width 344: "neque. Vestibulum velit orci, tempus euismod, pretium"
        text run at (0,126) width 343: "quis, interdum vitae, nulla. Phasellus eget ante et tortor"
        text run at (0,144) width 343: "condimentum vestibulum. Suspendisse hendrerit quam"
        text run at (0,162) width 362: "nec felis. Sed varius turpis vitae pede. Lorem ipsum dolor"
        text run at (0,180) width 233: "sit amet, consectetuer adipiscing elit. "
        text run at (233,180) width 121: "Lorem ipsum dolor"
        text run at (0,198) width 363: "sit amet, consectetuer adipiscing elit. Nulla varius enim ac"
        text run at (0,216) width 20: "mi."
    RenderBlock {P} at (5,271) size 367x398
      RenderText {#text} at (0,0) size 363x398
        text run at (0,0) width 354: "Lorem ipsum dolor sit amet, consectetuer adipiscing elit."
        text run at (0,18) width 351: "Nulla varius enim ac mi. Curabitur sollicitudin felis quis"
        text run at (0,36) width 325: "lectus. Quisque adipiscing rhoncus sem. Proin nulla"
        text run at (0,54) width 358: "purus, vulputate vel, varius ut, euismod et, nisi. Sed vitae"
        text run at (0,74) width 343: "felis vel orci sagittis aliquam. Cras convallis adipiscing"
        text run at (0,92) width 340: "sem. Nam nonummy enim. Nullam bibendum lobortis"
        text run at (0,110) width 344: "neque. Vestibulum velit orci, tempus euismod, pretium"
        text run at (0,128) width 343: "quis, interdum vitae, nulla. Phasellus eget ante et tortor"
        text run at (0,146) width 343: "condimentum vestibulum. Suspendisse hendrerit quam"
        text run at (0,164) width 362: "nec felis. Sed varius turpis vitae pede. Lorem ipsum dolor"
        text run at (0,182) width 233: "sit amet, consectetuer adipiscing elit. "
        text run at (233,182) width 121: "Lorem ipsum dolor"
        text run at (0,200) width 363: "sit amet, consectetuer adipiscing elit. Nulla varius enim ac"
        text run at (0,218) width 318: "mi. Curabitur sollicitudin felis quis lectus. Quisque"
        text run at (0,236) width 356: "adipiscing rhoncus sem. Proin nulla purus, vulputate vel,"
        text run at (0,254) width 354: "varius ut, euismod et, nisi. Sed vitae felis vel orci sagittis"
        text run at (0,272) width 351: "aliquam. Cras convallis adipiscing sem. Nam nonummy"
        text run at (0,290) width 358: "enim. Nullam bibendum lobortis neque. Vestibulum velit"
        text run at (0,308) width 361: "orci, tempus euismod, pretium quis, interdum vitae, nulla."
        text run at (0,326) width 339: "Phasellus eget ante et tortor condimentum vestibulum."
        text run at (0,344) width 345: "Suspendisse hendrerit quam nec felis. Sed varius turpis"
        text run at (0,362) width 331: "vitae pede. Lorem ipsum dolor sit amet, consectetuer"
        text run at (0,380) width 91: "adipiscing elit."
layer at (8,1046) size 760x340
  RenderBlock {DIV} at (0,1030) size 760x340 [border: (5px solid #800000)]
    RenderBlock (anonymous) at (5,5) size 367x420
      RenderText {#text} at (0,0) size 363x234
        text run at (0,0) width 354: "Lorem ipsum dolor sit amet, consectetuer adipiscing elit."
        text run at (0,18) width 351: "Nulla varius enim ac mi. Curabitur sollicitudin felis quis"
        text run at (0,36) width 325: "lectus. Quisque adipiscing rhoncus sem. Proin nulla"
        text run at (0,54) width 358: "purus, vulputate vel, varius ut, euismod et, nisi. Sed vitae"
        text run at (0,72) width 343: "felis vel orci sagittis aliquam. Cras convallis adipiscing"
        text run at (0,90) width 340: "sem. Nam nonummy enim. Nullam bibendum lobortis"
        text run at (0,108) width 344: "neque. Vestibulum velit orci, tempus euismod, pretium"
        text run at (0,126) width 343: "quis, interdum vitae, nulla. Phasellus eget ante et tortor"
        text run at (0,144) width 343: "condimentum vestibulum. Suspendisse hendrerit quam"
        text run at (0,162) width 362: "nec felis. Sed varius turpis vitae pede. Lorem ipsum dolor"
        text run at (0,180) width 233: "sit amet, consectetuer adipiscing elit. "
        text run at (233,180) width 121: "Lorem ipsum dolor"
        text run at (0,198) width 363: "sit amet, consectetuer adipiscing elit. Nulla varius enim ac"
        text run at (0,216) width 24: "mi. "
      RenderInline {SPAN} at (0,0) size 42x18
        RenderText {#text} at (24,216) size 42x18
          text run at (24,216) width 42: "Lorem"
      RenderText {#text} at (66,216) size 362x204
        text run at (66,216) width 285: " ipsum dolor sit amet, consectetuer adipiscing"
        text run at (0,234) width 348: "elit. Nulla varius enim ac mi. Curabitur sollicitudin felis"
        text run at (0,252) width 355: "quis lectus. Quisque adipiscing rhoncus sem. Proin nulla"
        text run at (0,270) width 358: "purus, vulputate vel, varius ut, euismod et, nisi. Sed vitae"
        text run at (0,288) width 343: "felis vel orci sagittis aliquam. Cras convallis adipiscing"
        text run at (0,306) width 340: "sem. Nam nonummy enim. Nullam bibendum lobortis"
        text run at (0,330) width 344: "neque. Vestibulum velit orci, tempus euismod, pretium"
        text run at (0,348) width 343: "quis, interdum vitae, nulla. Phasellus eget ante et tortor"
        text run at (0,366) width 343: "condimentum vestibulum. Suspendisse hendrerit quam"
        text run at (0,384) width 362: "nec felis. Sed varius turpis vitae pede. Lorem ipsum dolor"
        text run at (0,402) width 229: "sit amet, consectetuer adipiscing elit."
    RenderBlock {P} at (5,441) size 367x198
      RenderText {#text} at (0,0) size 362x198
        text run at (0,0) width 354: "Lorem ipsum dolor sit amet, consectetuer adipiscing elit."
        text run at (0,18) width 351: "Nulla varius enim ac mi. Curabitur sollicitudin felis quis"
        text run at (0,36) width 325: "lectus. Quisque adipiscing rhoncus sem. Proin nulla"
        text run at (0,54) width 358: "purus, vulputate vel, varius ut, euismod et, nisi. Sed vitae"
        text run at (0,72) width 343: "felis vel orci sagittis aliquam. Cras convallis adipiscing"
        text run at (0,90) width 340: "sem. Nam nonummy enim. Nullam bibendum lobortis"
        text run at (0,108) width 344: "neque. Vestibulum velit orci, tempus euismod, pretium"
        text run at (0,126) width 343: "quis, interdum vitae, nulla. Phasellus eget ante et tortor"
        text run at (0,144) width 343: "condimentum vestibulum. Suspendisse hendrerit quam"
        text run at (0,162) width 362: "nec felis. Sed varius turpis vitae pede. Lorem ipsum dolor"
        text run at (0,180) width 229: "sit amet, consectetuer adipiscing elit."
layer at (8,1402) size 760x348
  RenderBlock {DIV} at (0,1386) size 760x348 [border: (5px solid #800000)]
    RenderBlock (anonymous) at (5,5) size 367x198
      RenderInline {SPAN} at (0,0) size 362x198
        RenderText {#text} at (0,0) size 362x198
          text run at (0,0) width 354: "Lorem ipsum dolor sit amet, consectetuer adipiscing elit."
          text run at (0,18) width 351: "Nulla varius enim ac mi. Curabitur sollicitudin felis quis"
          text run at (0,36) width 325: "lectus. Quisque adipiscing rhoncus sem. Proin nulla"
          text run at (0,54) width 358: "purus, vulputate vel, varius ut, euismod et, nisi. Sed vitae"
          text run at (0,72) width 343: "felis vel orci sagittis aliquam. Cras convallis adipiscing"
          text run at (0,90) width 340: "sem. Nam nonummy enim. Nullam bibendum lobortis"
          text run at (0,108) width 344: "neque. Vestibulum velit orci, tempus euismod, pretium"
          text run at (0,126) width 343: "quis, interdum vitae, nulla. Phasellus eget ante et tortor"
          text run at (0,144) width 343: "condimentum vestibulum. Suspendisse hendrerit quam"
          text run at (0,162) width 362: "nec felis. Sed varius turpis vitae pede. Lorem ipsum dolor"
          text run at (0,180) width 229: "sit amet, consectetuer adipiscing elit."
    RenderBlock (anonymous) at (5,203) size 367x36
      RenderBlock {SPAN} at (0,0) size 367x36
        RenderText {#text} at (0,0) size 354x36
          text run at (0,0) width 354: "Lorem ipsum dolor sit amet, consectetuer adipiscing elit."
          text run at (0,18) width 154: "Nulla varius enim ac mi."
    RenderBlock (anonymous) at (5,239) size 367x212
      RenderInline {SPAN} at (0,0) size 42x18
        RenderText {#text} at (0,0) size 42x18
          text run at (0,0) width 42: "Lorem"
      RenderText {#text} at (42,0) size 362x212
        text run at (42,0) width 312: " ipsum dolor sit amet, consectetuer adipiscing elit."
        text run at (0,18) width 351: "Nulla varius enim ac mi. Curabitur sollicitudin felis quis"
        text run at (0,36) width 325: "lectus. Quisque adipiscing rhoncus sem. Proin nulla"
        text run at (0,54) width 358: "purus, vulputate vel, varius ut, euismod et, nisi. Sed vitae"
        text run at (0,72) width 343: "felis vel orci sagittis aliquam. Cras convallis adipiscing"
        text run at (0,104) width 340: "sem. Nam nonummy enim. Nullam bibendum lobortis"
        text run at (0,122) width 344: "neque. Vestibulum velit orci, tempus euismod, pretium"
        text run at (0,140) width 343: "quis, interdum vitae, nulla. Phasellus eget ante et tortor"
        text run at (0,158) width 343: "condimentum vestibulum. Suspendisse hendrerit quam"
        text run at (0,176) width 362: "nec felis. Sed varius turpis vitae pede. Lorem ipsum dolor"
        text run at (0,194) width 229: "sit amet, consectetuer adipiscing elit."
    RenderBlock {P} at (5,467) size 367x198
      RenderText {#text} at (0,0) size 362x198
        text run at (0,0) width 354: "Lorem ipsum dolor sit amet, consectetuer adipiscing elit."
        text run at (0,18) width 351: "Nulla varius enim ac mi. Curabitur sollicitudin felis quis"
        text run at (0,36) width 325: "lectus. Quisque adipiscing rhoncus sem. Proin nulla"
        text run at (0,54) width 358: "purus, vulputate vel, varius ut, euismod et, nisi. Sed vitae"
        text run at (0,72) width 343: "felis vel orci sagittis aliquam. Cras convallis adipiscing"
        text run at (0,90) width 340: "sem. Nam nonummy enim. Nullam bibendum lobortis"
        text run at (0,108) width 344: "neque. Vestibulum velit orci, tempus euismod, pretium"
        text run at (0,126) width 343: "quis, interdum vitae, nulla. Phasellus eget ante et tortor"
        text run at (0,144) width 343: "condimentum vestibulum. Suspendisse hendrerit quam"
        text run at (0,162) width 362: "nec felis. Sed varius turpis vitae pede. Lorem ipsum dolor"
        text run at (0,180) width 229: "sit amet, consectetuer adipiscing elit."
layer at (8,1766) size 760x375
  RenderBlock {DIV} at (0,1750) size 760x375 [border: (5px solid #800000)]
    RenderBlock {P} at (5,21) size 367x198
      RenderText {#text} at (0,0) size 362x198
        text run at (0,0) width 354: "Lorem ipsum dolor sit amet, consectetuer adipiscing elit."
        text run at (0,18) width 351: "Nulla varius enim ac mi. Curabitur sollicitudin felis quis"
        text run at (0,36) width 325: "lectus. Quisque adipiscing rhoncus sem. Proin nulla"
        text run at (0,54) width 358: "purus, vulputate vel, varius ut, euismod et, nisi. Sed vitae"
        text run at (0,72) width 343: "felis vel orci sagittis aliquam. Cras convallis adipiscing"
        text run at (0,90) width 340: "sem. Nam nonummy enim. Nullam bibendum lobortis"
        text run at (0,108) width 344: "neque. Vestibulum velit orci, tempus euismod, pretium"
        text run at (0,126) width 343: "quis, interdum vitae, nulla. Phasellus eget ante et tortor"
        text run at (0,144) width 343: "condimentum vestibulum. Suspendisse hendrerit quam"
        text run at (0,162) width 362: "nec felis. Sed varius turpis vitae pede. Lorem ipsum dolor"
        text run at (0,180) width 229: "sit amet, consectetuer adipiscing elit."
    RenderBlock {P} at (5,235) size 367x36
      RenderText {#text} at (0,0) size 354x36
        text run at (0,0) width 354: "Lorem ipsum dolor sit amet, consectetuer adipiscing elit."
        text run at (0,18) width 154: "Nulla varius enim ac mi."
    RenderBlock {P} at (5,287) size 367x209
      RenderText {#text} at (0,0) size 362x209
        text run at (0,0) width 354: "Lorem ipsum dolor sit amet, consectetuer adipiscing elit."
        text run at (0,18) width 351: "Nulla varius enim ac mi. Curabitur sollicitudin felis quis"
        text run at (0,36) width 325: "lectus. Quisque adipiscing rhoncus sem. Proin nulla"
        text run at (0,54) width 358: "purus, vulputate vel, varius ut, euismod et, nisi. Sed vitae"
        text run at (0,83) width 343: "felis vel orci sagittis aliquam. Cras convallis adipiscing"
        text run at (0,101) width 340: "sem. Nam nonummy enim. Nullam bibendum lobortis"
        text run at (0,119) width 344: "neque. Vestibulum velit orci, tempus euismod, pretium"
        text run at (0,137) width 343: "quis, interdum vitae, nulla. Phasellus eget ante et tortor"
        text run at (0,155) width 343: "condimentum vestibulum. Suspendisse hendrerit quam"
        text run at (0,173) width 362: "nec felis. Sed varius turpis vitae pede. Lorem ipsum dolor"
        text run at (0,191) width 229: "sit amet, consectetuer adipiscing elit."
    RenderBlock (anonymous) at (5,512) size 367x18
      RenderInline {SPAN} at (0,0) size 354x18
        RenderText {#text} at (0,0) size 354x18
          text run at (0,0) width 354: "Lorem ipsum dolor sit amet, consectetuer adipiscing elit."
    RenderBlock (anonymous) at (5,530) size 367x18
      RenderBlock {SPAN} at (0,0) size 367x18
        RenderText {#text} at (0,0) size 154x18
          text run at (0,0) width 154: "Nulla varius enim ac mi."
    RenderBlock (anonymous) at (5,548) size 367x180
      RenderInline {SPAN} at (0,0) size 362x180
        RenderText {#text} at (0,0) size 362x180
          text run at (0,0) width 362: "Curabitur sollicitudin felis quis lectus. Quisque adipiscing"
          text run at (0,18) width 350: "rhoncus sem. Proin nulla purus, vulputate vel, varius ut,"
          text run at (0,36) width 350: "euismod et, nisi. Sed vitae felis vel orci sagittis aliquam."
          text run at (0,54) width 332: "Cras convallis adipiscing sem. Nam nonummy enim."
          text run at (0,72) width 351: "Nullam bibendum lobortis neque. Vestibulum velit orci,"
          text run at (0,90) width 329: "tempus euismod, pretium quis, interdum vitae, nulla."
          text run at (0,108) width 339: "Phasellus eget ante et tortor condimentum vestibulum."
          text run at (0,126) width 345: "Suspendisse hendrerit quam nec felis. Sed varius turpis"
          text run at (0,144) width 331: "vitae pede. Lorem ipsum dolor sit amet, consectetuer"
          text run at (0,162) width 91: "adipiscing elit."
      RenderText {#text} at (0,0) size 0x0
