layer at (0,0) size 800x600
  RenderView at (0,0) size 800x600
layer at (0,0) size 800x100
  RenderBlock {HTML} at (0,0) size 800x100
    RenderBody {BODY} at (8,16) size 784x76
      RenderBlock {P} at (0,0) size 784x20 [color=#FFFFFF] [bgcolor=#008000]
        RenderText {#text} at (0,0) size 152x19
          text run at (0,0) width 152: "This line should be green."
      RenderBlock {DIV} at (0,36) size 784x20 [color=#FFFFFF] [bgcolor=#008000]
        RenderText {#text} at (0,0) size 152x19
          text run at (0,0) width 152: "This line should be green."
      RenderBlock {ADDRESS} at (0,56) size 784x20 [color=#FFFFFF] [bgcolor=#008000]
        RenderText {#text} at (0,0) size 163x19
          text run at (0,0) width 163: "This line should be green."
