layer at (0,0) size 800x600
  RenderView at (0,0) size 800x600
layer at (0,0) size 800x416
  RenderBlock {HTML} at (0,0) size 800x416
    RenderBody {BODY} at (8,16) size 784x384
      RenderBlock {P} at (0,0) size 784x20 [bgcolor=#00FF00]
        RenderText {#text} at (0,0) size 278x19
          text run at (0,0) width 278: "This paragraph should have green background"
      RenderBlock {ADDRESS} at (0,36) size 784x20
        RenderText {#text} at (0,0) size 337x19
          text run at (0,0) width 337: "But this address is here only to fill space in the dom.."
      RenderBlock {P} at (0,72) size 784x20
        RenderText {#text} at (0,0) size 148x19
          text run at (0,0) width 148: "So does this paragraph !"
      RenderBlock {P} at (0,108) size 784x20
        RenderText {#text} at (0,0) size 155x19
          text run at (0,0) width 155: "And so does this one too."
      RenderBlock {DL} at (0,144) size 784x240
        RenderBlock {DT} at (0,0) size 784x20
          RenderText {#text} at (0,0) size 116x19
            text run at (0,0) width 116: "First definition term"
        RenderBlock {DD} at (40,20) size 744x20
          RenderText {#text} at (0,0) size 85x19
            text run at (0,0) width 85: "First definition"
        RenderBlock {DT} at (0,40) size 784x20
          RenderText {#text} at (0,0) size 135x19
            text run at (0,0) width 135: "Second definition term"
        RenderBlock {DD} at (40,60) size 744x20
          RenderText {#text} at (0,0) size 104x19
            text run at (0,0) width 104: "Second definition"
        RenderBlock {DT} at (0,80) size 784x20 [bgcolor=#00FF00]
          RenderText {#text} at (0,0) size 335x19
            text run at (0,0) width 335: "Third definition term that should have green background"
        RenderBlock {DD} at (40,100) size 744x20 [bgcolor=#00FF00]
          RenderText {#text} at (0,0) size 304x19
            text run at (0,0) width 304: "Third definition that should have green background"
        RenderBlock {DT} at (0,120) size 784x20
          RenderText {#text} at (0,0) size 129x19
            text run at (0,0) width 129: "Fourth definition term"
        RenderBlock {DD} at (40,140) size 744x20
          RenderText {#text} at (0,0) size 98x19
            text run at (0,0) width 98: "Fourth definition"
        RenderBlock {DT} at (0,160) size 784x20
          RenderText {#text} at (0,0) size 116x19
            text run at (0,0) width 116: "Fifth definition term"
        RenderBlock {DD} at (40,180) size 744x20
          RenderText {#text} at (0,0) size 85x19
            text run at (0,0) width 85: "Fifth definition"
        RenderBlock {DT} at (0,200) size 784x20 [bgcolor=#00FF00]
          RenderText {#text} at (0,0) size 333x19
            text run at (0,0) width 333: "Sixth definition term that should have green background"
        RenderBlock {DD} at (40,220) size 744x20 [bgcolor=#00FF00]
          RenderText {#text} at (0,0) size 302x19
            text run at (0,0) width 302: "Sixth definition that should have green background"
