layer at (0,0) size 800x600
  RenderView at (0,0) size 800x600
layer at (0,0) size 800x416
  RenderBlock {HTML} at (0,0) size 800x416
    RenderBody {BODY} at (8,16) size 784x384
      RenderBlock {P} at (0,0) size 784x20
        RenderText {#text} at (0,0) size 311x19
          text run at (0,0) width 311: "This paragraph is here only to fill space in the DOM"
      RenderBlock {ADDRESS} at (0,36) size 784x20
        RenderText {#text} at (0,0) size 139x19
          text run at (0,0) width 139: "And this address too.."
      RenderBlock {P} at (0,72) size 784x20
        RenderText {#text} at (0,0) size 148x19
          text run at (0,0) width 148: "So does this paragraph !"
      RenderBlock {P} at (0,108) size 784x20 [bgcolor=#00FF00]
        RenderText {#text} at (0,0) size 259x19
          text run at (0,0) width 259: "But this one should have green background"
      RenderBlock {DL} at (0,144) size 784x240
        RenderBlock {DT} at (0,0) size 784x20 [bgcolor=#00FF00]
          RenderText {#text} at (0,0) size 330x19
            text run at (0,0) width 330: "First definition term that should have green background"
        RenderBlock {DD} at (40,20) size 744x20 [bgcolor=#00FF00]
          RenderText {#text} at (0,0) size 299x19
            text run at (0,0) width 299: "First definition that should have green background"
        RenderBlock {DT} at (0,40) size 784x20
          RenderText {#text} at (0,0) size 135x19
            text run at (0,0) width 135: "Second definition term"
        RenderBlock {DD} at (40,60) size 744x20
          RenderText {#text} at (0,0) size 104x19
            text run at (0,0) width 104: "Second definition"
        RenderBlock {DT} at (0,80) size 784x20
          RenderText {#text} at (0,0) size 121x19
            text run at (0,0) width 121: "Third definition term"
        RenderBlock {DD} at (40,100) size 744x20
          RenderText {#text} at (0,0) size 90x19
            text run at (0,0) width 90: "Third definition"
        RenderBlock {DT} at (0,120) size 784x20 [bgcolor=#00FF00]
          RenderText {#text} at (0,0) size 343x19
            text run at (0,0) width 343: "Fourth definition term that should have green background"
        RenderBlock {DD} at (40,140) size 744x20 [bgcolor=#00FF00]
          RenderText {#text} at (0,0) size 312x19
            text run at (0,0) width 312: "Fourth definition that should have green background"
        RenderBlock {DT} at (0,160) size 784x20
          RenderText {#text} at (0,0) size 116x19
            text run at (0,0) width 116: "Fifth definition term"
        RenderBlock {DD} at (40,180) size 744x20
          RenderText {#text} at (0,0) size 85x19
            text run at (0,0) width 85: "Fifth definition"
        RenderBlock {DT} at (0,200) size 784x20
          RenderText {#text} at (0,0) size 119x19
            text run at (0,0) width 119: "Sixth definition term"
        RenderBlock {DD} at (40,220) size 744x20
          RenderText {#text} at (0,0) size 88x19
            text run at (0,0) width 88: "Sixth definition"
