layer at (0,0) size 800x600
  RenderView at (0,0) size 800x600
layer at (0,0) size 800x226
  RenderBlock {HTML} at (0,0) size 800x226
    RenderBody {BODY} at (8,8) size 784x210
      RenderHTMLCanvas {CANVAS} at (0,0) size 100x100
      RenderText {#text} at (100,85) size 4x19
        text run at (100,85) width 4: " "
      RenderText {#text} at (204,85) size 4x19
        text run at (204,85) width 4: " "
      RenderBR {BR} at (0,0) size 0x0
      RenderText {#text} at (100,190) size 4x19
        text run at (100,190) width 4: " "
      RenderText {#text} at (0,0) size 0x0
      RenderText {#text} at (0,0) size 0x0
layer at (112,8) size 100x100
  RenderHTMLCanvas {CANVAS} at (104,0) size 100x100
layer at (8,113) size 100x100
  RenderHTMLCanvas {CANVAS} at (0,105) size 100x100
layer at (112,113) size 100x100
  RenderHTMLCanvas {CANVAS} at (104,105) size 100x100
