EDITING DELEGATE: shouldBeginEditingInDOMRange:range from 0 of DIV > BODY > HTML > #document to 4 of DIV > BODY > HTML > #document
EDITING DELEGATE: webViewDidBeginEditing:WebViewDidBeginEditingNotification
EDITING DELEGATE: webViewDidChangeSelection:WebViewDidChangeSelectionNotification
EDITING DELEGATE: webViewDidChangeSelection:WebViewDidChangeSelectionNotification
EDITING DELEGATE: shouldDeleteDOMRange:range from 1 of #text > DIV > DIV > DIV > BODY > HTML > #document to 4 of #text > DIV > DIV > DIV > BODY > HTML > #document
EDITING DELEGATE: webViewDidChangeSelection:WebViewDidChangeSelectionNotification
EDITING DELEGATE: shouldChangeSelectedDOMRange:range from 0 of DIV > DIV > DIV > BODY > HTML > #document to 0 of DIV > DIV > DIV > BODY > HTML > #document toDOMRange:range from 0 of DIV > DIV > DIV > BODY > HTML > #document to 0 of DIV > DIV > DIV > BODY > HTML > #document affinity:NSSelectionAffinityDownstream stillSelecting:FALSE
EDITING DELEGATE: webViewDidChangeSelection:WebViewDidChangeSelectionNotification
EDITING DELEGATE: webViewDidChange:WebViewDidChangeNotification
EDITING DELEGATE: shouldInsertNode:#document-fragment replacingDOMRange:range from 0 of DIV > DIV > DIV > BODY > HTML > #document to 0 of DIV > DIV > DIV > BODY > HTML > #document givenAction:WebViewInsertActionPasted
EDITING DELEGATE: shouldChangeSelectedDOMRange:range from 3 of #text > DIV > DIV > DIV > BODY > HTML > #document to 3 of #text > DIV > DIV > DIV > BODY > HTML > #document toDOMRange:range from 3 of #text > DIV > DIV > DIV > BODY > HTML > #document to 3 of #text > DIV > DIV > DIV > BODY > HTML > #document affinity:NSSelectionAffinityDownstream stillSelecting:FALSE
EDITING DELEGATE: webViewDidChangeSelection:WebViewDidChangeSelectionNotification
EDITING DELEGATE: webViewDidChange:WebViewDidChangeNotification
layer at (0,0) size 800x600
  RenderView at (0,0) size 800x600
layer at (0,0) size 800x600
  RenderBlock {HTML} at (0,0) size 800x600
    RenderBody {BODY} at (8,8) size 784x584
      RenderBlock {DIV} at (0,0) size 784x260 [border: (2px solid #0000FF)]
        RenderBlock {DIV} at (14,14) size 756x108
          RenderText {#text} at (0,0) size 68x26
            text run at (0,0) width 68: "Tests: "
          RenderBR {BR} at (0,0) size 0x0
          RenderText {#text} at (0,27) size 747x53
            text run at (0,27) width 747: "Pasting styles we should not remove during the \"smoosh styles\" process. This"
            text run at (0,54) width 151: "tests the fix for "
          RenderInline {A} at (0,0) size 257x26 [color=#0000EE]
            RenderText {#text} at (150,54) size 257x26
              text run at (150,54) width 257: "<rdar://problem/3972665>"
          RenderText {#text} at (406,54) size 733x53
            text run at (406,54) width 327: " 8A360: HTML message partially"
            text run at (0,81) width 553: "truncated on left hand side, text-indent from Script Editor"
        RenderBlock {DIV} at (14,138) size 756x108
          RenderText {#text} at (0,0) size 190x26
            text run at (0,0) width 190: "Expected Results: "
          RenderBR {BR} at (189,21) size 1x0
          RenderText {#text} at (0,27) size 754x53
            text run at (0,27) width 754: "Should see this content in the red box below: foo. Note that there should be no"
            text run at (0,54) width 142: "visible indent. "
          RenderBR {BR} at (141,75) size 1x0
          RenderText {#text} at (0,81) size 182x26
            text run at (0,81) width 182: "This demonstrates "
          RenderInline {A} at (0,0) size 53x26 [color=#0000EE]
            RenderText {#text} at (181,81) size 53x26
              text run at (181,81) width 53: "a bug"
          RenderText {#text} at (233,81) size 252x26
            text run at (233,81) width 252: ", the caret is one pixel off."
      RenderBlock {DIV} at (0,284) size 784x31
        RenderBlock {DIV} at (0,0) size 784x31 [border: (2px solid #FF0000)]
          RenderBlock {DIV} at (42,2) size 740x27
            RenderText {#text} at (-40,0) size 32x26
              text run at (-40,0) width 32: "foo"
caret: position 3 of child 0 {#text} of child 1 {DIV} of child 1 {DIV} of child 3 {DIV} of body
