layer at (0,0) size 800x600
  RenderView at (0,0) size 800x600
layer at (0,0) size 800x600
  RenderBlock {HTML} at (0,0) size 800x600
    RenderBody {BODY} at (8,8) size 784x584
      RenderBlock {P} at (0,0) size 784x19
        RenderText {#text} at (0,0) size 51x19
          text run at (0,0) width 51: "Test for "
        RenderInline {I} at (0,0) size 638x19
          RenderInline {A} at (0,0) size 305x19 [color=#0000EE]
            RenderText {#text} at (51,0) size 305x19
              text run at (51,0) width 305: "http://bugs.webkit.org/show_bug.cgi?id=15362"
          RenderText {#text} at (356,0) size 333x19
            text run at (356,0) width 4: " "
            text run at (360,0) width 329: "Safari Crashes when opening a JS TreeGrid widget"
        RenderText {#text} at (689,0) size 4x19
          text run at (689,0) width 4: "."
      RenderBlock {P} at (0,35) size 784x57
        RenderText {#text} at (0,0) size 783x57
          text run at (0,0) width 739: "The test sets up an inline parent with a child that is some kind of table part. The child gets broken off into a continuation and"
          text run at (0,19) width 744: "anonymous table parts get created below and/or above the table parts. Then the test tries to insert a new child into the inline,"
          text run at (0,38) width 783: "specifying the table part as the \"before child\". The resulting render tree should look just like it would look if the parent was a block."
      RenderBlock {DIV} at (0,108) size 784x19
        RenderInline {SPAN} at (0,0) size 221x19
          RenderText {#text} at (0,0) size 39x19
            text run at (0,0) width 39: "Text..."
          RenderText {#text} at (39,0) size 84x19
            text run at (39,0) width 84: "goes here and"
          RenderTable at (123,0) size 98x19
            RenderTableSection (anonymous) at (0,0) size 98x19
              RenderTableRow (anonymous) at (0,0) size 98x19
                RenderTableCell {DIV} at (0,0) size 98x19 [r=0 c=0 rs=1 cs=1]
                  RenderText {#text} at (0,0) size 98x19
                    text run at (0,0) width 98: "...continues here"
      RenderBlock {DIV} at (0,127) size 784x19
        RenderInline {SPAN} at (0,0) size 138x19
          RenderText {#text} at (0,0) size 39x19
            text run at (0,0) width 39: "Text..."
          RenderTable at (39,0) size 99x19
            RenderTableSection (anonymous) at (0,0) size 99x19
              RenderTableRow (anonymous) at (0,0) size 99x19
                RenderTableCell {TD} at (0,0) size 0x0 [r=0 c=0 rs=1 cs=1]
                RenderTableCell {DIV} at (0,0) size 99x19 [r=0 c=1 rs=1 cs=1]
                  RenderText {#text} at (0,0) size 98x19
                    text run at (0,0) width 98: "...continues here"
      RenderBlock {DIV} at (0,146) size 784x23
        RenderInline {SPAN} at (0,0) size 137x19
          RenderText {#text} at (0,4) size 39x19
            text run at (0,4) width 39: "Text..."
          RenderTable at (39,0) size 98x19
            RenderTableSection (anonymous) at (0,0) size 98x19
              RenderTableRow {TR} at (0,0) size 98x0
              RenderTableRow (anonymous) at (0,0) size 98x19
                RenderTableCell {DIV} at (0,0) size 98x19 [r=1 c=0 rs=1 cs=1]
                  RenderText {#text} at (0,0) size 98x19
                    text run at (0,0) width 98: "...continues here"
      RenderBlock {DIV} at (0,169) size 784x19
        RenderInline {SPAN} at (0,0) size 137x19
          RenderText {#text} at (0,0) size 39x19
            text run at (0,0) width 39: "Text..."
          RenderInline {SPAN} at (0,0) size 0x19
          RenderTable at (39,0) size 98x19
            RenderTableSection (anonymous) at (0,0) size 98x19
              RenderTableRow (anonymous) at (0,0) size 98x19
                RenderTableCell {DIV} at (0,0) size 98x19 [r=0 c=0 rs=1 cs=1]
                  RenderText {#text} at (0,0) size 98x19
                    text run at (0,0) width 98: "...continues here"
      RenderBlock {DIV} at (0,188) size 784x38
        RenderBlock (anonymous) at (0,0) size 784x19
          RenderInline {SPAN} at (0,0) size 39x19
            RenderText {#text} at (0,0) size 39x19
              text run at (0,0) width 39: "Text..."
        RenderBlock (anonymous) at (0,19) size 784x19
          RenderBlock {DIV} at (0,0) size 784x0
          RenderTable at (0,0) size 98x19
            RenderTableSection (anonymous) at (0,0) size 98x19
              RenderTableRow (anonymous) at (0,0) size 98x19
                RenderTableCell {DIV} at (0,0) size 98x19 [r=0 c=0 rs=1 cs=1]
                  RenderText {#text} at (0,0) size 98x19
                    text run at (0,0) width 98: "...continues here"
        RenderBlock (anonymous) at (0,38) size 784x0
          RenderInline {SPAN} at (0,0) size 0x0
      RenderBlock {DIV} at (0,226) size 784x19
        RenderInline {SPAN} at (0,0) size 221x19
          RenderText {#text} at (0,0) size 39x19
            text run at (0,0) width 39: "Text..."
          RenderText {#text} at (39,0) size 84x19
            text run at (39,0) width 84: "goes here and"
          RenderTable at (123,0) size 98x19
            RenderTableSection (anonymous) at (0,0) size 98x19
              RenderTableRow {DIV} at (0,0) size 98x19
                RenderTableCell (anonymous) at (0,0) size 98x19 [r=0 c=0 rs=1 cs=1]
                  RenderText {#text} at (0,0) size 98x19
                    text run at (0,0) width 98: "...continues here"
      RenderBlock {DIV} at (0,245) size 784x23
        RenderInline {SPAN} at (0,0) size 137x19
          RenderText {#text} at (0,4) size 39x19
            text run at (0,4) width 39: "Text..."
          RenderTable at (39,0) size 98x19
            RenderTableSection (anonymous) at (0,0) size 98x19
              RenderTableRow (anonymous) at (0,0) size 98x0
                RenderTableCell {TD} at (0,0) size 98x0 [r=0 c=0 rs=1 cs=1]
              RenderTableRow {DIV} at (0,0) size 98x19
                RenderTableCell (anonymous) at (0,0) size 98x19 [r=1 c=0 rs=1 cs=1]
                  RenderText {#text} at (0,0) size 98x19
                    text run at (0,0) width 98: "...continues here"
      RenderBlock {DIV} at (0,268) size 784x23
        RenderInline {SPAN} at (0,0) size 137x19
          RenderText {#text} at (0,4) size 39x19
            text run at (0,4) width 39: "Text..."
          RenderTable at (39,0) size 98x19
            RenderTableSection (anonymous) at (0,0) size 98x19
              RenderTableRow {TR} at (0,0) size 98x0
              RenderTableRow {DIV} at (0,0) size 98x19
                RenderTableCell (anonymous) at (0,0) size 98x19 [r=1 c=0 rs=1 cs=1]
                  RenderText {#text} at (0,0) size 98x19
                    text run at (0,0) width 98: "...continues here"
      RenderBlock {DIV} at (0,291) size 784x19
        RenderInline {SPAN} at (0,0) size 137x19
          RenderText {#text} at (0,0) size 39x19
            text run at (0,0) width 39: "Text..."
          RenderInline {SPAN} at (0,0) size 0x19
          RenderTable at (39,0) size 98x19
            RenderTableSection (anonymous) at (0,0) size 98x19
              RenderTableRow {DIV} at (0,0) size 98x19
                RenderTableCell (anonymous) at (0,0) size 98x19 [r=0 c=0 rs=1 cs=1]
                  RenderText {#text} at (0,0) size 98x19
                    text run at (0,0) width 98: "...continues here"
      RenderBlock {DIV} at (0,310) size 784x38
        RenderBlock (anonymous) at (0,0) size 784x19
          RenderInline {SPAN} at (0,0) size 39x19
            RenderText {#text} at (0,0) size 39x19
              text run at (0,0) width 39: "Text..."
        RenderBlock (anonymous) at (0,19) size 784x19
          RenderBlock {DIV} at (0,0) size 784x0
          RenderTable at (0,0) size 98x19
            RenderTableSection (anonymous) at (0,0) size 98x19
              RenderTableRow {DIV} at (0,0) size 98x19
                RenderTableCell (anonymous) at (0,0) size 98x19 [r=0 c=0 rs=1 cs=1]
                  RenderText {#text} at (0,0) size 98x19
                    text run at (0,0) width 98: "...continues here"
        RenderBlock (anonymous) at (0,38) size 784x0
          RenderInline {SPAN} at (0,0) size 0x0
      RenderBlock {DIV} at (0,348) size 784x19
        RenderInline {SPAN} at (0,0) size 221x19
          RenderText {#text} at (0,0) size 39x19
            text run at (0,0) width 39: "Text..."
          RenderText {#text} at (39,0) size 84x19
            text run at (39,0) width 84: "goes here and"
          RenderTable at (123,0) size 98x19
            RenderTableSection {DIV} at (0,0) size 98x19
              RenderTableRow (anonymous) at (0,0) size 98x19
                RenderTableCell (anonymous) at (0,0) size 98x19 [r=0 c=0 rs=1 cs=1]
                  RenderText {#text} at (0,0) size 98x19
                    text run at (0,0) width 98: "...continues here"
      RenderBlock {DIV} at (0,367) size 784x23
        RenderInline {SPAN} at (0,0) size 137x19
          RenderText {#text} at (0,4) size 39x19
            text run at (0,4) width 39: "Text..."
          RenderTable at (39,0) size 98x19
            RenderTableSection (anonymous) at (0,0) size 98x0
              RenderTableRow (anonymous) at (0,0) size 98x0
                RenderTableCell {TD} at (0,0) size 98x0 [r=0 c=0 rs=1 cs=1]
            RenderTableSection {DIV} at (0,0) size 98x19
              RenderTableRow (anonymous) at (0,0) size 98x19
                RenderTableCell (anonymous) at (0,0) size 98x19 [r=0 c=0 rs=1 cs=1]
                  RenderText {#text} at (0,0) size 98x19
                    text run at (0,0) width 98: "...continues here"
      RenderBlock {DIV} at (0,390) size 784x23
        RenderInline {SPAN} at (0,0) size 137x19
          RenderText {#text} at (0,4) size 39x19
            text run at (0,4) width 39: "Text..."
          RenderTable at (39,0) size 98x19
            RenderTableSection (anonymous) at (0,0) size 98x0
              RenderTableRow {TR} at (0,0) size 98x0
            RenderTableSection {DIV} at (0,0) size 98x19
              RenderTableRow (anonymous) at (0,0) size 98x19
                RenderTableCell (anonymous) at (0,0) size 98x19 [r=0 c=0 rs=1 cs=1]
                  RenderText {#text} at (0,0) size 98x19
                    text run at (0,0) width 98: "...continues here"
      RenderBlock {DIV} at (0,413) size 784x19
        RenderInline {SPAN} at (0,0) size 137x19
          RenderText {#text} at (0,0) size 39x19
            text run at (0,0) width 39: "Text..."
          RenderInline {SPAN} at (0,0) size 0x19
          RenderTable at (39,0) size 98x19
            RenderTableSection {DIV} at (0,0) size 98x19
              RenderTableRow (anonymous) at (0,0) size 98x19
                RenderTableCell (anonymous) at (0,0) size 98x19 [r=0 c=0 rs=1 cs=1]
                  RenderText {#text} at (0,0) size 98x19
                    text run at (0,0) width 98: "...continues here"
      RenderBlock {DIV} at (0,432) size 784x38
        RenderBlock (anonymous) at (0,0) size 784x19
          RenderInline {SPAN} at (0,0) size 39x19
            RenderText {#text} at (0,0) size 39x19
              text run at (0,0) width 39: "Text..."
        RenderBlock (anonymous) at (0,19) size 784x19
          RenderBlock {DIV} at (0,0) size 784x0
          RenderTable at (0,0) size 98x19
            RenderTableSection {DIV} at (0,0) size 98x19
              RenderTableRow (anonymous) at (0,0) size 98x19
                RenderTableCell (anonymous) at (0,0) size 98x19 [r=0 c=0 rs=1 cs=1]
                  RenderText {#text} at (0,0) size 98x19
                    text run at (0,0) width 98: "...continues here"
        RenderBlock (anonymous) at (0,38) size 784x0
          RenderInline {SPAN} at (0,0) size 0x0
