layer at (0,0) size 800x600
  RenderView at (0,0) size 800x600
layer at (0,0) size 800x600
  RenderBlock {HTML} at (0,0) size 800x600
    RenderBody {BODY} at (8,8) size 784x576
      RenderBlock {DIV} at (0,0) size 784x229
        RenderBlock {P} at (0,0) size 784x19
          RenderText {#text} at (0,0) size 531x19
            text run at (0,0) width 531: "This test verifies that the text-shadow CSS property works properly for complex text"
        RenderBlock {P} at (0,35) size 784x19
          RenderText {#text} at (0,0) size 274x19
            text run at (0,0) width 274: "The following text should have no shadow:"
        RenderBlock {P} at (0,70) size 784x19
          RenderText {#text} at (0,0) size 361x19
            text run at (0,0) width 361: "A B C D E F G H I J K L M N O P Q R S T U V X Y Z"
        RenderBlock {P} at (0,105) size 784x19
          RenderText {#text} at (0,0) size 338x19
            text run at (0,0) width 338: "The following text should have a green solid shadow:"
        RenderBlock {P} at (0,140) size 784x19
          RenderText {#text} at (0,0) size 361x19
            text run at (0,0) width 361: "A B C D E F G H I J K L M N O P Q R S T U V X Y Z"
        RenderBlock {P} at (0,175) size 784x19
          RenderText {#text} at (0,0) size 523x19
            text run at (0,0) width 523: "The following text should be rendered with a green shadow with a blur radius of 2:"
        RenderBlock {P} at (0,210) size 784x19
          RenderText {#text} at (0,0) size 361x19
            text run at (0,0) width 361: "A B C D E F G H I J K L M N O P Q R S T U V X Y Z"
