layer at (0,0) size 785x5184
  RenderView at (0,0) size 785x600
layer at (0,0) size 785x5184
  RenderBlock {HTML} at (0,0) size 785x5184
    RenderBody {BODY} at (8,8) size 769x5160
      RenderBlock (anonymous) at (0,0) size 769x18
        RenderText {#text} at (0,0) size 342x19
          text run at (0,0) width 342: "This tests font choices and metrics for the fantasy font."
      RenderBlock {P} at (0,34) size 769x1710
        RenderInline {FONT} at (0,0) size 60x1711
          RenderText {#text} at (0,0) size 45x19
            text run at (0,0) width 45: "fantasy"
          RenderBR {BR} at (45,15) size 0x0
          RenderText {#text} at (0,18) size 16x19
            text run at (0,18) width 16: "    "
          RenderBR {BR} at (16,33) size 0x0
          RenderText {#text} at (0,36) size 20x19
            text run at (0,36) width 20: "!!!!"
          RenderBR {BR} at (20,51) size 0x0
          RenderText {#text} at (0,54) size 28x19
            text run at (0,54) width 28: "\"\"\"\""
          RenderBR {BR} at (28,69) size 0x0
          RenderText {#text} at (0,72) size 32x19
            text run at (0,72) width 32: "####"
          RenderBR {BR} at (32,87) size 0x0
          RenderText {#text} at (0,90) size 32x19
            text run at (0,90) width 32: "$$$$"
          RenderBR {BR} at (32,105) size 0x0
          RenderText {#text} at (0,108) size 52x19
            text run at (0,108) width 52: "%%%%"
          RenderBR {BR} at (52,123) size 0x0
          RenderText {#text} at (0,126) size 48x19
            text run at (0,126) width 48: "&&&&"
          RenderBR {BR} at (48,141) size 0x0
          RenderText {#text} at (0,144) size 12x19
            text run at (0,144) width 12: "''''"
          RenderBR {BR} at (12,159) size 0x0
          RenderText {#text} at (0,162) size 20x19
            text run at (0,162) width 20: "(((("
          RenderBR {BR} at (20,177) size 0x0
          RenderText {#text} at (0,180) size 20x19
            text run at (0,180) width 20: "))))"
          RenderBR {BR} at (20,195) size 0x0
          RenderText {#text} at (0,198) size 32x19
            text run at (0,198) width 32: "****"
          RenderBR {BR} at (32,213) size 0x0
          RenderText {#text} at (0,216) size 36x19
            text run at (0,216) width 36: "++++"
          RenderBR {BR} at (36,231) size 0x0
          RenderText {#text} at (0,234) size 16x19
            text run at (0,234) width 16: ",,,,"
          RenderBR {BR} at (16,249) size 0x0
          RenderText {#text} at (0,252) size 20x19
            text run at (0,252) width 20: "----"
          RenderBR {BR} at (20,267) size 0x0
          RenderText {#text} at (0,270) size 16x19
            text run at (0,270) width 16: "...."
          RenderBR {BR} at (16,285) size 0x0
          RenderText {#text} at (0,288) size 16x19
            text run at (0,288) width 16: "////"
          RenderBR {BR} at (16,303) size 0x0
          RenderText {#text} at (0,306) size 32x19
            text run at (0,306) width 32: "0000"
          RenderBR {BR} at (32,321) size 0x0
          RenderText {#text} at (0,324) size 32x19
            text run at (0,324) width 32: "1111"
          RenderBR {BR} at (32,339) size 0x0
          RenderText {#text} at (0,342) size 32x19
            text run at (0,342) width 32: "2222"
          RenderBR {BR} at (32,357) size 0x0
          RenderText {#text} at (0,360) size 32x19
            text run at (0,360) width 32: "3333"
          RenderBR {BR} at (32,375) size 0x0
          RenderText {#text} at (0,378) size 32x19
            text run at (0,378) width 32: "4444"
          RenderBR {BR} at (32,393) size 0x0
          RenderText {#text} at (0,396) size 32x19
            text run at (0,396) width 32: "5555"
          RenderBR {BR} at (32,411) size 0x0
          RenderText {#text} at (0,414) size 32x19
            text run at (0,414) width 32: "6666"
          RenderBR {BR} at (32,429) size 0x0
          RenderText {#text} at (0,432) size 32x19
            text run at (0,432) width 32: "7777"
          RenderBR {BR} at (32,447) size 0x0
          RenderText {#text} at (0,450) size 32x19
            text run at (0,450) width 32: "8888"
          RenderBR {BR} at (32,465) size 0x0
          RenderText {#text} at (0,468) size 32x19
            text run at (0,468) width 32: "9999"
          RenderBR {BR} at (32,483) size 0x0
          RenderText {#text} at (0,486) size 16x19
            text run at (0,486) width 16: "::::"
          RenderBR {BR} at (16,501) size 0x0
          RenderText {#text} at (0,504) size 16x19
            text run at (0,504) width 16: ";;;;"
          RenderBR {BR} at (16,519) size 0x0
          RenderText {#text} at (0,522) size 36x19
            text run at (0,522) width 36: "<<<<"
          RenderBR {BR} at (36,537) size 0x0
          RenderText {#text} at (0,540) size 36x19
            text run at (0,540) width 36: "===="
          RenderBR {BR} at (36,555) size 0x0
          RenderText {#text} at (0,558) size 36x19
            text run at (0,558) width 36: ">>>>"
          RenderBR {BR} at (36,573) size 0x0
          RenderText {#text} at (0,576) size 28x19
            text run at (0,576) width 28: "????"
          RenderBR {BR} at (28,591) size 0x0
          RenderText {#text} at (0,594) size 60x19
            text run at (0,594) width 60: "@@@@"
          RenderBR {BR} at (60,609) size 0x0
          RenderText {#text} at (0,612) size 48x19
            text run at (0,612) width 48: "AAAA"
          RenderBR {BR} at (48,627) size 0x0
          RenderText {#text} at (0,630) size 44x19
            text run at (0,630) width 44: "BBBB"
          RenderBR {BR} at (44,645) size 0x0
          RenderText {#text} at (0,648) size 44x19
            text run at (0,648) width 44: "CCCC"
          RenderBR {BR} at (44,663) size 0x0
          RenderText {#text} at (0,666) size 48x19
            text run at (0,666) width 48: "DDDD"
          RenderBR {BR} at (48,681) size 0x0
          RenderText {#text} at (0,684) size 40x19
            text run at (0,684) width 40: "EEEE"
          RenderBR {BR} at (40,699) size 0x0
          RenderText {#text} at (0,702) size 36x19
            text run at (0,702) width 36: "FFFF"
          RenderBR {BR} at (36,717) size 0x0
          RenderText {#text} at (0,720) size 48x19
            text run at (0,720) width 48: "GGGG"
          RenderBR {BR} at (48,735) size 0x0
          RenderText {#text} at (0,738) size 48x19
            text run at (0,738) width 48: "HHHH"
          RenderBR {BR} at (48,753) size 0x0
          RenderText {#text} at (0,756) size 20x19
            text run at (0,756) width 20: "IIII"
          RenderBR {BR} at (20,771) size 0x0
          RenderText {#text} at (0,774) size 24x19
            text run at (0,774) width 24: "JJJJ"
          RenderBR {BR} at (24,789) size 0x0
          RenderText {#text} at (0,792) size 48x19
            text run at (0,792) width 48: "KKKK"
          RenderBR {BR} at (48,807) size 0x0
          RenderText {#text} at (0,810) size 40x19
            text run at (0,810) width 40: "LLLL"
          RenderBR {BR} at (40,825) size 0x0
          RenderText {#text} at (0,828) size 56x19
            text run at (0,828) width 56: "MMMM"
          RenderBR {BR} at (56,843) size 0x0
          RenderText {#text} at (0,846) size 48x19
            text run at (0,846) width 48: "NNNN"
          RenderBR {BR} at (48,861) size 0x0
          RenderText {#text} at (0,864) size 48x19
            text run at (0,864) width 48: "OOOO"
          RenderBR {BR} at (48,879) size 0x0
          RenderText {#text} at (0,882) size 36x19
            text run at (0,882) width 36: "PPPP"
          RenderBR {BR} at (36,897) size 0x0
          RenderText {#text} at (0,900) size 48x19
            text run at (0,900) width 48: "QQQQ"
          RenderBR {BR} at (48,915) size 0x0
          RenderText {#text} at (0,918) size 44x19
            text run at (0,918) width 44: "RRRR"
          RenderBR {BR} at (44,933) size 0x0
          RenderText {#text} at (0,936) size 36x19
            text run at (0,936) width 36: "SSSS"
          RenderBR {BR} at (36,951) size 0x0
          RenderText {#text} at (0,954) size 40x19
            text run at (0,954) width 40: "TTTT"
          RenderBR {BR} at (40,969) size 0x0
          RenderText {#text} at (0,972) size 48x19
            text run at (0,972) width 48: "UUUU"
          RenderBR {BR} at (48,987) size 0x0
          RenderText {#text} at (0,990) size 48x19
            text run at (0,990) width 48: "VVVV"
          RenderBR {BR} at (48,1005) size 0x0
          RenderText {#text} at (0,1008) size 60x19
            text run at (0,1008) width 60: "WWWW"
          RenderBR {BR} at (60,1023) size 0x0
          RenderText {#text} at (0,1026) size 48x19
            text run at (0,1026) width 48: "XXXX"
          RenderBR {BR} at (48,1041) size 0x0
          RenderText {#text} at (0,1044) size 48x19
            text run at (0,1044) width 48: "YYYY"
          RenderBR {BR} at (48,1059) size 0x0
          RenderText {#text} at (0,1062) size 40x19
            text run at (0,1062) width 40: "ZZZZ"
          RenderBR {BR} at (40,1077) size 0x0
          RenderText {#text} at (0,1080) size 20x19
            text run at (0,1080) width 20: "[[[["
          RenderBR {BR} at (20,1095) size 0x0
          RenderText {#text} at (0,1098) size 16x19
            text run at (0,1098) width 16: "\\\\\\\\"
          RenderBR {BR} at (16,1113) size 0x0
          RenderText {#text} at (0,1116) size 20x19
            text run at (0,1116) width 20: "]]]]"
          RenderBR {BR} at (20,1131) size 0x0
          RenderText {#text} at (0,1134) size 32x19
            text run at (0,1134) width 32: "^^^^"
          RenderBR {BR} at (32,1149) size 0x0
          RenderText {#text} at (0,1152) size 32x19
            text run at (0,1152) width 32: "____"
          RenderBR {BR} at (32,1167) size 0x0
          RenderText {#text} at (0,1170) size 20x19
            text run at (0,1170) width 20: "````"
          RenderBR {BR} at (20,1185) size 0x0
          RenderText {#text} at (0,1188) size 28x19
            text run at (0,1188) width 28: "aaaa"
          RenderBR {BR} at (28,1203) size 0x0
          RenderText {#text} at (0,1206) size 32x19
            text run at (0,1206) width 32: "bbbb"
          RenderBR {BR} at (32,1221) size 0x0
          RenderText {#text} at (0,1224) size 28x19
            text run at (0,1224) width 28: "cccc"
          RenderBR {BR} at (28,1239) size 0x0
          RenderText {#text} at (0,1242) size 32x19
            text run at (0,1242) width 32: "dddd"
          RenderBR {BR} at (32,1257) size 0x0
          RenderText {#text} at (0,1260) size 28x19
            text run at (0,1260) width 28: "eeee"
          RenderBR {BR} at (28,1275) size 0x0
          RenderText {#text} at (0,1278) size 20x19
            text run at (0,1278) width 20: "ffff"
          RenderBR {BR} at (20,1293) size 0x0
          RenderText {#text} at (0,1296) size 32x19
            text run at (0,1296) width 32: "gggg"
          RenderBR {BR} at (32,1311) size 0x0
          RenderText {#text} at (0,1314) size 32x19
            text run at (0,1314) width 32: "hhhh"
          RenderBR {BR} at (32,1329) size 0x0
          RenderText {#text} at (0,1332) size 16x19
            text run at (0,1332) width 16: "iiii"
          RenderBR {BR} at (16,1347) size 0x0
          RenderText {#text} at (0,1350) size 16x19
            text run at (0,1350) width 16: "jjjj"
          RenderBR {BR} at (16,1365) size 0x0
          RenderText {#text} at (0,1368) size 32x19
            text run at (0,1368) width 32: "kkkk"
          RenderBR {BR} at (32,1383) size 0x0
          RenderText {#text} at (0,1386) size 16x19
            text run at (0,1386) width 16: "llll"
          RenderBR {BR} at (16,1401) size 0x0
          RenderText {#text} at (0,1404) size 48x19
            text run at (0,1404) width 48: "mmmm"
          RenderBR {BR} at (48,1419) size 0x0
          RenderText {#text} at (0,1422) size 32x19
            text run at (0,1422) width 32: "nnnn"
          RenderBR {BR} at (32,1437) size 0x0
          RenderText {#text} at (0,1440) size 32x19
            text run at (0,1440) width 32: "oooo"
          RenderBR {BR} at (32,1455) size 0x0
          RenderText {#text} at (0,1458) size 32x19
            text run at (0,1458) width 32: "pppp"
          RenderBR {BR} at (32,1473) size 0x0
          RenderText {#text} at (0,1476) size 32x19
            text run at (0,1476) width 32: "qqqq"
          RenderBR {BR} at (32,1491) size 0x0
          RenderText {#text} at (0,1494) size 20x19
            text run at (0,1494) width 20: "rrrr"
          RenderBR {BR} at (20,1509) size 0x0
          RenderText {#text} at (0,1512) size 24x19
            text run at (0,1512) width 24: "ssss"
          RenderBR {BR} at (24,1527) size 0x0
          RenderText {#text} at (0,1530) size 16x19
            text run at (0,1530) width 16: "tttt"
          RenderBR {BR} at (16,1545) size 0x0
          RenderText {#text} at (0,1548) size 32x19
            text run at (0,1548) width 32: "uuuu"
          RenderBR {BR} at (32,1563) size 0x0
          RenderText {#text} at (0,1566) size 32x19
            text run at (0,1566) width 32: "vvvv"
          RenderBR {BR} at (32,1581) size 0x0
          RenderText {#text} at (0,1584) size 48x19
            text run at (0,1584) width 48: "wwww"
          RenderBR {BR} at (48,1599) size 0x0
          RenderText {#text} at (0,1602) size 32x19
            text run at (0,1602) width 32: "xxxx"
          RenderBR {BR} at (32,1617) size 0x0
          RenderText {#text} at (0,1620) size 32x19
            text run at (0,1620) width 32: "yyyy"
          RenderBR {BR} at (32,1635) size 0x0
          RenderText {#text} at (0,1638) size 28x19
            text run at (0,1638) width 28: "zzzz"
          RenderBR {BR} at (28,1653) size 0x0
          RenderText {#text} at (0,1656) size 32x19
            text run at (0,1656) width 32: "{{{{"
          RenderBR {BR} at (32,1671) size 0x0
          RenderText {#text} at (0,1674) size 12x19
            text run at (0,1674) width 12: "||||"
          RenderBR {BR} at (12,1689) size 0x0
          RenderText {#text} at (0,1692) size 32x19
            text run at (0,1692) width 32: "}}}}"
          RenderBR {BR} at (32,1707) size 0x0
      RenderBlock {P} at (0,1760) size 769x1692
        RenderInline {FONT} at (0,0) size 64x1693
          RenderText {#text} at (0,0) size 0x0
          RenderInline {B} at (0,0) size 64x1693
            RenderText {#text} at (0,0) size 16x19
              text run at (0,0) width 16: "    "
            RenderBR {BR} at (16,15) size 0x0
            RenderText {#text} at (0,18) size 20x19
              text run at (0,18) width 20: "!!!!"
            RenderBR {BR} at (20,33) size 0x0
            RenderText {#text} at (0,36) size 36x19
              text run at (0,36) width 36: "\"\"\"\""
            RenderBR {BR} at (36,51) size 0x0
            RenderText {#text} at (0,54) size 32x19
              text run at (0,54) width 32: "####"
            RenderBR {BR} at (32,69) size 0x0
            RenderText {#text} at (0,72) size 32x19
              text run at (0,72) width 32: "$$$$"
            RenderBR {BR} at (32,87) size 0x0
            RenderText {#text} at (0,90) size 64x19
              text run at (0,90) width 64: "%%%%"
            RenderBR {BR} at (64,105) size 0x0
            RenderText {#text} at (0,108) size 52x19
              text run at (0,108) width 52: "&&&&"
            RenderBR {BR} at (52,123) size 0x0
            RenderText {#text} at (0,126) size 16x19
              text run at (0,126) width 16: "''''"
            RenderBR {BR} at (16,141) size 0x0
            RenderText {#text} at (0,144) size 20x19
              text run at (0,144) width 20: "(((("
            RenderBR {BR} at (20,159) size 0x0
            RenderText {#text} at (0,162) size 20x19
              text run at (0,162) width 20: "))))"
            RenderBR {BR} at (20,177) size 0x0
            RenderText {#text} at (0,180) size 32x19
              text run at (0,180) width 32: "****"
            RenderBR {BR} at (32,195) size 0x0
            RenderText {#text} at (0,198) size 36x19
              text run at (0,198) width 36: "++++"
            RenderBR {BR} at (36,213) size 0x0
            RenderText {#text} at (0,216) size 16x19
              text run at (0,216) width 16: ",,,,"
            RenderBR {BR} at (16,231) size 0x0
            RenderText {#text} at (0,234) size 20x19
              text run at (0,234) width 20: "----"
            RenderBR {BR} at (20,249) size 0x0
            RenderText {#text} at (0,252) size 16x19
              text run at (0,252) width 16: "...."
            RenderBR {BR} at (16,267) size 0x0
            RenderText {#text} at (0,270) size 16x19
              text run at (0,270) width 16: "////"
            RenderBR {BR} at (16,285) size 0x0
            RenderText {#text} at (0,288) size 32x19
              text run at (0,288) width 32: "0000"
            RenderBR {BR} at (32,303) size 0x0
            RenderText {#text} at (0,306) size 32x19
              text run at (0,306) width 32: "1111"
            RenderBR {BR} at (32,321) size 0x0
            RenderText {#text} at (0,324) size 32x19
              text run at (0,324) width 32: "2222"
            RenderBR {BR} at (32,339) size 0x0
            RenderText {#text} at (0,342) size 32x19
              text run at (0,342) width 32: "3333"
            RenderBR {BR} at (32,357) size 0x0
            RenderText {#text} at (0,360) size 32x19
              text run at (0,360) width 32: "4444"
            RenderBR {BR} at (32,375) size 0x0
            RenderText {#text} at (0,378) size 32x19
              text run at (0,378) width 32: "5555"
            RenderBR {BR} at (32,393) size 0x0
            RenderText {#text} at (0,396) size 32x19
              text run at (0,396) width 32: "6666"
            RenderBR {BR} at (32,411) size 0x0
            RenderText {#text} at (0,414) size 32x19
              text run at (0,414) width 32: "7777"
            RenderBR {BR} at (32,429) size 0x0
            RenderText {#text} at (0,432) size 32x19
              text run at (0,432) width 32: "8888"
            RenderBR {BR} at (32,447) size 0x0
            RenderText {#text} at (0,450) size 32x19
              text run at (0,450) width 32: "9999"
            RenderBR {BR} at (32,465) size 0x0
            RenderText {#text} at (0,468) size 20x19
              text run at (0,468) width 20: "::::"
            RenderBR {BR} at (20,483) size 0x0
            RenderText {#text} at (0,486) size 20x19
              text run at (0,486) width 20: ";;;;"
            RenderBR {BR} at (20,501) size 0x0
            RenderText {#text} at (0,504) size 36x19
              text run at (0,504) width 36: "<<<<"
            RenderBR {BR} at (36,519) size 0x0
            RenderText {#text} at (0,522) size 36x19
              text run at (0,522) width 36: "===="
            RenderBR {BR} at (36,537) size 0x0
            RenderText {#text} at (0,540) size 36x19
              text run at (0,540) width 36: ">>>>"
            RenderBR {BR} at (36,555) size 0x0
            RenderText {#text} at (0,558) size 32x19
              text run at (0,558) width 32: "????"
            RenderBR {BR} at (32,573) size 0x0
            RenderText {#text} at (0,576) size 60x19
              text run at (0,576) width 60: "@@@@"
            RenderBR {BR} at (60,591) size 0x0
            RenderText {#text} at (0,594) size 48x19
              text run at (0,594) width 48: "AAAA"
            RenderBR {BR} at (48,609) size 0x0
            RenderText {#text} at (0,612) size 44x19
              text run at (0,612) width 44: "BBBB"
            RenderBR {BR} at (44,627) size 0x0
            RenderText {#text} at (0,630) size 48x19
              text run at (0,630) width 48: "CCCC"
            RenderBR {BR} at (48,645) size 0x0
            RenderText {#text} at (0,648) size 48x19
              text run at (0,648) width 48: "DDDD"
            RenderBR {BR} at (48,663) size 0x0
            RenderText {#text} at (0,666) size 44x19
              text run at (0,666) width 44: "EEEE"
            RenderBR {BR} at (44,681) size 0x0
            RenderText {#text} at (0,684) size 40x19
              text run at (0,684) width 40: "FFFF"
            RenderBR {BR} at (40,699) size 0x0
            RenderText {#text} at (0,702) size 48x19
              text run at (0,702) width 48: "GGGG"
            RenderBR {BR} at (48,717) size 0x0
            RenderText {#text} at (0,720) size 48x19
              text run at (0,720) width 48: "HHHH"
            RenderBR {BR} at (48,735) size 0x0
            RenderText {#text} at (0,738) size 24x19
              text run at (0,738) width 24: "IIII"
            RenderBR {BR} at (24,753) size 0x0
            RenderText {#text} at (0,756) size 32x19
              text run at (0,756) width 32: "JJJJ"
            RenderBR {BR} at (32,771) size 0x0
            RenderText {#text} at (0,774) size 48x19
              text run at (0,774) width 48: "KKKK"
            RenderBR {BR} at (48,789) size 0x0
            RenderText {#text} at (0,792) size 44x19
              text run at (0,792) width 44: "LLLL"
            RenderBR {BR} at (44,807) size 0x0
            RenderText {#text} at (0,810) size 60x19
              text run at (0,810) width 60: "MMMM"
            RenderBR {BR} at (60,825) size 0x0
            RenderText {#text} at (0,828) size 48x19
              text run at (0,828) width 48: "NNNN"
            RenderBR {BR} at (48,843) size 0x0
            RenderText {#text} at (0,846) size 48x19
              text run at (0,846) width 48: "OOOO"
            RenderBR {BR} at (48,861) size 0x0
            RenderText {#text} at (0,864) size 40x19
              text run at (0,864) width 40: "PPPP"
            RenderBR {BR} at (40,879) size 0x0
            RenderText {#text} at (0,882) size 48x19
              text run at (0,882) width 48: "QQQQ"
            RenderBR {BR} at (48,897) size 0x0
            RenderText {#text} at (0,900) size 48x19
              text run at (0,900) width 48: "RRRR"
            RenderBR {BR} at (48,915) size 0x0
            RenderText {#text} at (0,918) size 36x19
              text run at (0,918) width 36: "SSSS"
            RenderBR {BR} at (36,933) size 0x0
            RenderText {#text} at (0,936) size 44x19
              text run at (0,936) width 44: "TTTT"
            RenderBR {BR} at (44,951) size 0x0
            RenderText {#text} at (0,954) size 48x19
              text run at (0,954) width 48: "UUUU"
            RenderBR {BR} at (48,969) size 0x0
            RenderText {#text} at (0,972) size 48x19
              text run at (0,972) width 48: "VVVV"
            RenderBR {BR} at (48,987) size 0x0
            RenderText {#text} at (0,990) size 64x19
              text run at (0,990) width 64: "WWWW"
            RenderBR {BR} at (64,1005) size 0x0
            RenderText {#text} at (0,1008) size 48x19
              text run at (0,1008) width 48: "XXXX"
            RenderBR {BR} at (48,1023) size 0x0
            RenderText {#text} at (0,1026) size 48x19
              text run at (0,1026) width 48: "YYYY"
            RenderBR {BR} at (48,1041) size 0x0
            RenderText {#text} at (0,1044) size 44x19
              text run at (0,1044) width 44: "ZZZZ"
            RenderBR {BR} at (44,1059) size 0x0
            RenderText {#text} at (0,1062) size 20x19
              text run at (0,1062) width 20: "[[[["
            RenderBR {BR} at (20,1077) size 0x0
            RenderText {#text} at (0,1080) size 16x19
              text run at (0,1080) width 16: "\\\\\\\\"
            RenderBR {BR} at (16,1095) size 0x0
            RenderText {#text} at (0,1098) size 20x19
              text run at (0,1098) width 20: "]]]]"
            RenderBR {BR} at (20,1113) size 0x0
            RenderText {#text} at (0,1116) size 36x19
              text run at (0,1116) width 36: "^^^^"
            RenderBR {BR} at (36,1131) size 0x0
            RenderText {#text} at (0,1134) size 32x19
              text run at (0,1134) width 32: "____"
            RenderBR {BR} at (32,1149) size 0x0
            RenderText {#text} at (0,1152) size 20x19
              text run at (0,1152) width 20: "````"
            RenderBR {BR} at (20,1167) size 0x0
            RenderText {#text} at (0,1170) size 32x19
              text run at (0,1170) width 32: "aaaa"
            RenderBR {BR} at (32,1185) size 0x0
            RenderText {#text} at (0,1188) size 36x19
              text run at (0,1188) width 36: "bbbb"
            RenderBR {BR} at (36,1203) size 0x0
            RenderText {#text} at (0,1206) size 28x19
              text run at (0,1206) width 28: "cccc"
            RenderBR {BR} at (28,1221) size 0x0
            RenderText {#text} at (0,1224) size 36x19
              text run at (0,1224) width 36: "dddd"
            RenderBR {BR} at (36,1239) size 0x0
            RenderText {#text} at (0,1242) size 28x19
              text run at (0,1242) width 28: "eeee"
            RenderBR {BR} at (28,1257) size 0x0
            RenderText {#text} at (0,1260) size 20x19
              text run at (0,1260) width 20: "ffff"
            RenderBR {BR} at (20,1275) size 0x0
            RenderText {#text} at (0,1278) size 32x19
              text run at (0,1278) width 32: "gggg"
            RenderBR {BR} at (32,1293) size 0x0
            RenderText {#text} at (0,1296) size 36x19
              text run at (0,1296) width 36: "hhhh"
            RenderBR {BR} at (36,1311) size 0x0
            RenderText {#text} at (0,1314) size 16x19
              text run at (0,1314) width 16: "iiii"
            RenderBR {BR} at (16,1329) size 0x0
            RenderText {#text} at (0,1332) size 20x19
              text run at (0,1332) width 20: "jjjj"
            RenderBR {BR} at (20,1347) size 0x0
            RenderText {#text} at (0,1350) size 36x19
              text run at (0,1350) width 36: "kkkk"
            RenderBR {BR} at (36,1365) size 0x0
            RenderText {#text} at (0,1368) size 16x19
              text run at (0,1368) width 16: "llll"
            RenderBR {BR} at (16,1383) size 0x0
            RenderText {#text} at (0,1386) size 52x19
              text run at (0,1386) width 52: "mmmm"
            RenderBR {BR} at (52,1401) size 0x0
            RenderText {#text} at (0,1404) size 36x19
              text run at (0,1404) width 36: "nnnn"
            RenderBR {BR} at (36,1419) size 0x0
            RenderText {#text} at (0,1422) size 32x19
              text run at (0,1422) width 32: "oooo"
            RenderBR {BR} at (32,1437) size 0x0
            RenderText {#text} at (0,1440) size 36x19
              text run at (0,1440) width 36: "pppp"
            RenderBR {BR} at (36,1455) size 0x0
            RenderText {#text} at (0,1458) size 36x19
              text run at (0,1458) width 36: "qqqq"
            RenderBR {BR} at (36,1473) size 0x0
            RenderText {#text} at (0,1476) size 28x19
              text run at (0,1476) width 28: "rrrr"
            RenderBR {BR} at (28,1491) size 0x0
            RenderText {#text} at (0,1494) size 24x19
              text run at (0,1494) width 24: "ssss"
            RenderBR {BR} at (24,1509) size 0x0
            RenderText {#text} at (0,1512) size 20x19
              text run at (0,1512) width 20: "tttt"
            RenderBR {BR} at (20,1527) size 0x0
            RenderText {#text} at (0,1530) size 36x19
              text run at (0,1530) width 36: "uuuu"
            RenderBR {BR} at (36,1545) size 0x0
            RenderText {#text} at (0,1548) size 32x19
              text run at (0,1548) width 32: "vvvv"
            RenderBR {BR} at (32,1563) size 0x0
            RenderText {#text} at (0,1566) size 48x19
              text run at (0,1566) width 48: "wwww"
            RenderBR {BR} at (48,1581) size 0x0
            RenderText {#text} at (0,1584) size 32x19
              text run at (0,1584) width 32: "xxxx"
            RenderBR {BR} at (32,1599) size 0x0
            RenderText {#text} at (0,1602) size 32x19
              text run at (0,1602) width 32: "yyyy"
            RenderBR {BR} at (32,1617) size 0x0
            RenderText {#text} at (0,1620) size 28x19
              text run at (0,1620) width 28: "zzzz"
            RenderBR {BR} at (28,1635) size 0x0
            RenderText {#text} at (0,1638) size 24x19
              text run at (0,1638) width 24: "{{{{"
            RenderBR {BR} at (24,1653) size 0x0
            RenderText {#text} at (0,1656) size 16x19
              text run at (0,1656) width 16: "||||"
            RenderBR {BR} at (16,1671) size 0x0
            RenderText {#text} at (0,1674) size 24x19
              text run at (0,1674) width 24: "}}}}"
            RenderBR {BR} at (24,1689) size 0x0
          RenderText {#text} at (0,0) size 0x0
      RenderBlock {P} at (0,3468) size 769x1692
        RenderInline {FONT} at (0,0) size 60x1693
          RenderText {#text} at (0,0) size 0x0
          RenderInline {I} at (0,0) size 60x1693
            RenderText {#text} at (0,0) size 16x19
              text run at (0,0) width 16: "    "
            RenderBR {BR} at (16,15) size 0x0
            RenderText {#text} at (0,18) size 20x19
              text run at (0,18) width 20: "!!!!"
            RenderBR {BR} at (20,33) size 0x0
            RenderText {#text} at (0,36) size 28x19
              text run at (0,36) width 28: "\"\"\"\""
            RenderBR {BR} at (28,51) size 0x0
            RenderText {#text} at (0,54) size 32x19
              text run at (0,54) width 32: "####"
            RenderBR {BR} at (32,69) size 0x0
            RenderText {#text} at (0,72) size 32x19
              text run at (0,72) width 32: "$$$$"
            RenderBR {BR} at (32,87) size 0x0
            RenderText {#text} at (0,90) size 52x19
              text run at (0,90) width 52: "%%%%"
            RenderBR {BR} at (52,105) size 0x0
            RenderText {#text} at (0,108) size 48x19
              text run at (0,108) width 48: "&&&&"
            RenderBR {BR} at (48,123) size 0x0
            RenderText {#text} at (0,126) size 12x19
              text run at (0,126) width 12: "''''"
            RenderBR {BR} at (12,141) size 0x0
            RenderText {#text} at (0,144) size 20x19
              text run at (0,144) width 20: "(((("
            RenderBR {BR} at (20,159) size 0x0
            RenderText {#text} at (0,162) size 20x19
              text run at (0,162) width 20: "))))"
            RenderBR {BR} at (20,177) size 0x0
            RenderText {#text} at (0,180) size 32x19
              text run at (0,180) width 32: "****"
            RenderBR {BR} at (32,195) size 0x0
            RenderText {#text} at (0,198) size 44x19
              text run at (0,198) width 44: "++++"
            RenderBR {BR} at (44,213) size 0x0
            RenderText {#text} at (0,216) size 16x19
              text run at (0,216) width 16: ",,,,"
            RenderBR {BR} at (16,231) size 0x0
            RenderText {#text} at (0,234) size 20x19
              text run at (0,234) width 20: "----"
            RenderBR {BR} at (20,249) size 0x0
            RenderText {#text} at (0,252) size 16x19
              text run at (0,252) width 16: "...."
            RenderBR {BR} at (16,267) size 0x0
            RenderText {#text} at (0,270) size 16x19
              text run at (0,270) width 16: "////"
            RenderBR {BR} at (16,285) size 0x0
            RenderText {#text} at (0,288) size 32x19
              text run at (0,288) width 32: "0000"
            RenderBR {BR} at (32,303) size 0x0
            RenderText {#text} at (0,306) size 32x19
              text run at (0,306) width 32: "1111"
            RenderBR {BR} at (32,321) size 0x0
            RenderText {#text} at (0,324) size 32x19
              text run at (0,324) width 32: "2222"
            RenderBR {BR} at (32,339) size 0x0
            RenderText {#text} at (0,342) size 32x19
              text run at (0,342) width 32: "3333"
            RenderBR {BR} at (32,357) size 0x0
            RenderText {#text} at (0,360) size 32x19
              text run at (0,360) width 32: "4444"
            RenderBR {BR} at (32,375) size 0x0
            RenderText {#text} at (0,378) size 32x19
              text run at (0,378) width 32: "5555"
            RenderBR {BR} at (32,393) size 0x0
            RenderText {#text} at (0,396) size 32x19
              text run at (0,396) width 32: "6666"
            RenderBR {BR} at (32,411) size 0x0
            RenderText {#text} at (0,414) size 32x19
              text run at (0,414) width 32: "7777"
            RenderBR {BR} at (32,429) size 0x0
            RenderText {#text} at (0,432) size 32x19
              text run at (0,432) width 32: "8888"
            RenderBR {BR} at (32,447) size 0x0
            RenderText {#text} at (0,450) size 32x19
              text run at (0,450) width 32: "9999"
            RenderBR {BR} at (32,465) size 0x0
            RenderText {#text} at (0,468) size 20x19
              text run at (0,468) width 20: "::::"
            RenderBR {BR} at (20,483) size 0x0
            RenderText {#text} at (0,486) size 20x19
              text run at (0,486) width 20: ";;;;"
            RenderBR {BR} at (20,501) size 0x0
            RenderText {#text} at (0,504) size 44x19
              text run at (0,504) width 44: "<<<<"
            RenderBR {BR} at (44,519) size 0x0
            RenderText {#text} at (0,522) size 44x19
              text run at (0,522) width 44: "===="
            RenderBR {BR} at (44,537) size 0x0
            RenderText {#text} at (0,540) size 44x19
              text run at (0,540) width 44: ">>>>"
            RenderBR {BR} at (44,555) size 0x0
            RenderText {#text} at (0,558) size 32x19
              text run at (0,558) width 32: "????"
            RenderBR {BR} at (32,573) size 0x0
            RenderText {#text} at (0,576) size 60x19
              text run at (0,576) width 60: "@@@@"
            RenderBR {BR} at (60,591) size 0x0
            RenderText {#text} at (0,594) size 40x19
              text run at (0,594) width 40: "AAAA"
            RenderBR {BR} at (40,609) size 0x0
            RenderText {#text} at (0,612) size 40x19
              text run at (0,612) width 40: "BBBB"
            RenderBR {BR} at (40,627) size 0x0
            RenderText {#text} at (0,630) size 44x19
              text run at (0,630) width 44: "CCCC"
            RenderBR {BR} at (44,645) size 0x0
            RenderText {#text} at (0,648) size 48x19
              text run at (0,648) width 48: "DDDD"
            RenderBR {BR} at (48,663) size 0x0
            RenderText {#text} at (0,666) size 40x19
              text run at (0,666) width 40: "EEEE"
            RenderBR {BR} at (40,681) size 0x0
            RenderText {#text} at (0,684) size 40x19
              text run at (0,684) width 40: "FFFF"
            RenderBR {BR} at (40,699) size 0x0
            RenderText {#text} at (0,702) size 48x19
              text run at (0,702) width 48: "GGGG"
            RenderBR {BR} at (48,717) size 0x0
            RenderText {#text} at (0,720) size 48x19
              text run at (0,720) width 48: "HHHH"
            RenderBR {BR} at (48,735) size 0x0
            RenderText {#text} at (0,738) size 20x19
              text run at (0,738) width 20: "IIII"
            RenderBR {BR} at (20,753) size 0x0
            RenderText {#text} at (0,756) size 28x19
              text run at (0,756) width 28: "JJJJ"
            RenderBR {BR} at (28,771) size 0x0
            RenderText {#text} at (0,774) size 44x19
              text run at (0,774) width 44: "KKKK"
            RenderBR {BR} at (44,789) size 0x0
            RenderText {#text} at (0,792) size 36x19
              text run at (0,792) width 36: "LLLL"
            RenderBR {BR} at (36,807) size 0x0
            RenderText {#text} at (0,810) size 52x19
              text run at (0,810) width 52: "MMMM"
            RenderBR {BR} at (52,825) size 0x0
            RenderText {#text} at (0,828) size 44x19
              text run at (0,828) width 44: "NNNN"
            RenderBR {BR} at (44,843) size 0x0
            RenderText {#text} at (0,846) size 48x19
              text run at (0,846) width 48: "OOOO"
            RenderBR {BR} at (48,861) size 0x0
            RenderText {#text} at (0,864) size 40x19
              text run at (0,864) width 40: "PPPP"
            RenderBR {BR} at (40,879) size 0x0
            RenderText {#text} at (0,882) size 48x19
              text run at (0,882) width 48: "QQQQ"
            RenderBR {BR} at (48,897) size 0x0
            RenderText {#text} at (0,900) size 40x19
              text run at (0,900) width 40: "RRRR"
            RenderBR {BR} at (40,915) size 0x0
            RenderText {#text} at (0,918) size 32x19
              text run at (0,918) width 32: "SSSS"
            RenderBR {BR} at (32,933) size 0x0
            RenderText {#text} at (0,936) size 36x19
              text run at (0,936) width 36: "TTTT"
            RenderBR {BR} at (36,951) size 0x0
            RenderText {#text} at (0,954) size 48x19
              text run at (0,954) width 48: "UUUU"
            RenderBR {BR} at (48,969) size 0x0
            RenderText {#text} at (0,972) size 40x19
              text run at (0,972) width 40: "VVVV"
            RenderBR {BR} at (40,987) size 0x0
            RenderText {#text} at (0,990) size 52x19
              text run at (0,990) width 52: "WWWW"
            RenderBR {BR} at (52,1005) size 0x0
            RenderText {#text} at (0,1008) size 40x19
              text run at (0,1008) width 40: "XXXX"
            RenderBR {BR} at (40,1023) size 0x0
            RenderText {#text} at (0,1026) size 36x19
              text run at (0,1026) width 36: "YYYY"
            RenderBR {BR} at (36,1041) size 0x0
            RenderText {#text} at (0,1044) size 36x19
              text run at (0,1044) width 36: "ZZZZ"
            RenderBR {BR} at (36,1059) size 0x0
            RenderText {#text} at (0,1062) size 24x19
              text run at (0,1062) width 24: "[[[["
            RenderBR {BR} at (24,1077) size 0x0
            RenderText {#text} at (0,1080) size 16x19
              text run at (0,1080) width 16: "\\\\\\\\"
            RenderBR {BR} at (16,1095) size 0x0
            RenderText {#text} at (0,1098) size 24x19
              text run at (0,1098) width 24: "]]]]"
            RenderBR {BR} at (24,1113) size 0x0
            RenderText {#text} at (0,1116) size 28x19
              text run at (0,1116) width 28: "^^^^"
            RenderBR {BR} at (28,1131) size 0x0
            RenderText {#text} at (0,1134) size 32x19
              text run at (0,1134) width 32: "____"
            RenderBR {BR} at (32,1149) size 0x0
            RenderText {#text} at (0,1152) size 20x19
              text run at (0,1152) width 20: "````"
            RenderBR {BR} at (20,1167) size 0x0
            RenderText {#text} at (0,1170) size 32x19
              text run at (0,1170) width 32: "aaaa"
            RenderBR {BR} at (32,1185) size 0x0
            RenderText {#text} at (0,1188) size 32x19
              text run at (0,1188) width 32: "bbbb"
            RenderBR {BR} at (32,1203) size 0x0
            RenderText {#text} at (0,1206) size 28x19
              text run at (0,1206) width 28: "cccc"
            RenderBR {BR} at (28,1221) size 0x0
            RenderText {#text} at (0,1224) size 32x19
              text run at (0,1224) width 32: "dddd"
            RenderBR {BR} at (32,1239) size 0x0
            RenderText {#text} at (0,1242) size 28x19
              text run at (0,1242) width 28: "eeee"
            RenderBR {BR} at (28,1257) size 0x0
            RenderText {#text} at (0,1260) size 16x19
              text run at (0,1260) width 16: "ffff"
            RenderBR {BR} at (16,1275) size 0x0
            RenderText {#text} at (0,1278) size 32x19
              text run at (0,1278) width 32: "gggg"
            RenderBR {BR} at (32,1293) size 0x0
            RenderText {#text} at (0,1296) size 32x19
              text run at (0,1296) width 32: "hhhh"
            RenderBR {BR} at (32,1311) size 0x0
            RenderText {#text} at (0,1314) size 16x19
              text run at (0,1314) width 16: "iiii"
            RenderBR {BR} at (16,1329) size 0x0
            RenderText {#text} at (0,1332) size 16x19
              text run at (0,1332) width 16: "jjjj"
            RenderBR {BR} at (16,1347) size 0x0
            RenderText {#text} at (0,1350) size 28x19
              text run at (0,1350) width 28: "kkkk"
            RenderBR {BR} at (28,1365) size 0x0
            RenderText {#text} at (0,1368) size 16x19
              text run at (0,1368) width 16: "llll"
            RenderBR {BR} at (16,1383) size 0x0
            RenderText {#text} at (0,1386) size 48x19
              text run at (0,1386) width 48: "mmmm"
            RenderBR {BR} at (48,1401) size 0x0
            RenderText {#text} at (0,1404) size 32x19
              text run at (0,1404) width 32: "nnnn"
            RenderBR {BR} at (32,1419) size 0x0
            RenderText {#text} at (0,1422) size 32x19
              text run at (0,1422) width 32: "oooo"
            RenderBR {BR} at (32,1437) size 0x0
            RenderText {#text} at (0,1440) size 32x19
              text run at (0,1440) width 32: "pppp"
            RenderBR {BR} at (32,1455) size 0x0
            RenderText {#text} at (0,1458) size 32x19
              text run at (0,1458) width 32: "qqqq"
            RenderBR {BR} at (32,1473) size 0x0
            RenderText {#text} at (0,1476) size 24x19
              text run at (0,1476) width 24: "rrrr"
            RenderBR {BR} at (24,1491) size 0x0
            RenderText {#text} at (0,1494) size 24x19
              text run at (0,1494) width 24: "ssss"
            RenderBR {BR} at (24,1509) size 0x0
            RenderText {#text} at (0,1512) size 16x19
              text run at (0,1512) width 16: "tttt"
            RenderBR {BR} at (16,1527) size 0x0
            RenderText {#text} at (0,1530) size 32x19
              text run at (0,1530) width 32: "uuuu"
            RenderBR {BR} at (32,1545) size 0x0
            RenderText {#text} at (0,1548) size 28x19
              text run at (0,1548) width 28: "vvvv"
            RenderBR {BR} at (28,1563) size 0x0
            RenderText {#text} at (0,1566) size 44x19
              text run at (0,1566) width 44: "wwww"
            RenderBR {BR} at (44,1581) size 0x0
            RenderText {#text} at (0,1584) size 28x19
              text run at (0,1584) width 28: "xxxx"
            RenderBR {BR} at (28,1599) size 0x0
            RenderText {#text} at (0,1602) size 28x19
              text run at (0,1602) width 28: "yyyy"
            RenderBR {BR} at (28,1617) size 0x0
            RenderText {#text} at (0,1620) size 24x19
              text run at (0,1620) width 24: "zzzz"
            RenderBR {BR} at (24,1635) size 0x0
            RenderText {#text} at (0,1638) size 24x19
              text run at (0,1638) width 24: "{{{{"
            RenderBR {BR} at (24,1653) size 0x0
            RenderText {#text} at (0,1656) size 16x19
              text run at (0,1656) width 16: "||||"
            RenderBR {BR} at (16,1671) size 0x0
            RenderText {#text} at (0,1674) size 24x19
              text run at (0,1674) width 24: "}}}}"
            RenderBR {BR} at (24,1689) size 0x0
          RenderText {#text} at (0,0) size 0x0
        RenderText {#text} at (0,0) size 0x0
