layer at (0,0) size 784x5610
  RenderView at (0,0) size 784x600
layer at (0,0) size 784x5610
  RenderBlock {HTML} at (0,0) size 784x5610
    RenderBody {BODY} at (8,8) size 768x5586
      RenderBlock (anonymous) at (0,0) size 768x18
        RenderText {#text} at (0,0) size 349x17
          text run at (0,0) width 349: "This tests font choices and metrics for sans-serif fonts."
      RenderBlock {P} at (0,34) size 768x126
        RenderInline {FONT} at (0,0) size 767x125
          RenderText {#text} at (0,0) size 66x17
            text run at (0,0) width 66: "Helvetica"
          RenderBR {BR} at (65,14) size 1x0
          RenderText {#text} at (0,18) size 767x35
            text run at (0,18) width 767: "  ! \" # $ % & ' ( ) * + , - . / 0 1 2 3 4 5 6 7 8 9 : ; < = > ? @ A B C D E F G H I J K L M N O P Q R S T U V W X"
            text run at (0,36) width 453: "Y Z [ \\ ] ^ _ ` a b c d e f g h i j k l m n o p q r s t u v w x y z { | } > "
          RenderBR {BR} at (452,50) size 1x0
          RenderInline {B} at (0,0) size 763x35
            RenderText {#text} at (0,54) size 763x35
              text run at (0,54) width 763: "  ! \" # $ % & ' ( ) * + , - . / 0 1 2 3 4 5 6 7 8 9 : ; < = > ? @ A B C D E F G H I J K L M N O P Q R S T U V W"
              text run at (0,72) width 494: "X Y Z [ \\ ] ^ _ ` a b c d e f g h i j k l m n o p q r s t u v w x y z { | } > "
          RenderText {#text} at (0,0) size 0x0
          RenderBR {BR} at (0,0) size 0x0
          RenderInline {I} at (0,0) size 767x35
            RenderText {#text} at (0,90) size 767x35
              text run at (0,90) width 767: "  ! \" # $ % & ' ( ) * + , - . / 0 1 2 3 4 5 6 7 8 9 : ; < = > ? @ A B C D E F G H I J K L M N O P Q R S T U V W X"
              text run at (0,108) width 448: "Y Z [ \\ ] ^ _ ` a b c d e f g h i j k l m n o p q r s t u v w x y z { | } >"
          RenderText {#text} at (0,0) size 0x0
        RenderText {#text} at (0,0) size 0x0
      RenderBlock {P} at (0,176) size 768x126
        RenderInline {FONT} at (0,0) size 767x125
          RenderText {#text} at (0,0) size 105x17
            text run at (0,0) width 105: "Lucida Grande"
          RenderBR {BR} at (104,14) size 1x0
          RenderText {#text} at (0,18) size 767x35
            text run at (0,18) width 767: "  ! \" # $ % & ' ( ) * + , - . / 0 1 2 3 4 5 6 7 8 9 : ; < = > ? @ A B C D E F G H I J K L M N O P Q R S T U V W X"
            text run at (0,36) width 453: "Y Z [ \\ ] ^ _ ` a b c d e f g h i j k l m n o p q r s t u v w x y z { | } > "
          RenderBR {BR} at (452,50) size 1x0
          RenderInline {B} at (0,0) size 763x35
            RenderText {#text} at (0,54) size 763x35
              text run at (0,54) width 763: "  ! \" # $ % & ' ( ) * + , - . / 0 1 2 3 4 5 6 7 8 9 : ; < = > ? @ A B C D E F G H I J K L M N O P Q R S T U V W"
              text run at (0,72) width 494: "X Y Z [ \\ ] ^ _ ` a b c d e f g h i j k l m n o p q r s t u v w x y z { | } > "
          RenderText {#text} at (0,0) size 0x0
          RenderBR {BR} at (0,0) size 0x0
          RenderInline {I} at (0,0) size 767x35
            RenderText {#text} at (0,90) size 767x35
              text run at (0,90) width 767: "  ! \" # $ % & ' ( ) * + , - . / 0 1 2 3 4 5 6 7 8 9 : ; < = > ? @ A B C D E F G H I J K L M N O P Q R S T U V W X"
              text run at (0,108) width 448: "Y Z [ \\ ] ^ _ ` a b c d e f g h i j k l m n o p q r s t u v w x y z { | } >"
          RenderText {#text} at (0,0) size 0x0
        RenderText {#text} at (0,0) size 0x0
      RenderBlock {P} at (0,318) size 768x126
        RenderInline {FONT} at (0,0) size 767x125
          RenderText {#text} at (0,0) size 33x17
            text run at (0,0) width 33: "Arial"
          RenderBR {BR} at (32,14) size 1x0
          RenderText {#text} at (0,18) size 767x35
            text run at (0,18) width 767: "  ! \" # $ % & ' ( ) * + , - . / 0 1 2 3 4 5 6 7 8 9 : ; < = > ? @ A B C D E F G H I J K L M N O P Q R S T U V W X"
            text run at (0,36) width 453: "Y Z [ \\ ] ^ _ ` a b c d e f g h i j k l m n o p q r s t u v w x y z { | } > "
          RenderBR {BR} at (452,50) size 1x0
          RenderInline {B} at (0,0) size 763x35
            RenderText {#text} at (0,54) size 763x35
              text run at (0,54) width 763: "  ! \" # $ % & ' ( ) * + , - . / 0 1 2 3 4 5 6 7 8 9 : ; < = > ? @ A B C D E F G H I J K L M N O P Q R S T U V W"
              text run at (0,72) width 494: "X Y Z [ \\ ] ^ _ ` a b c d e f g h i j k l m n o p q r s t u v w x y z { | } > "
          RenderText {#text} at (0,0) size 0x0
          RenderBR {BR} at (0,0) size 0x0
          RenderInline {I} at (0,0) size 767x35
            RenderText {#text} at (0,90) size 767x35
              text run at (0,90) width 767: "  ! \" # $ % & ' ( ) * + , - . / 0 1 2 3 4 5 6 7 8 9 : ; < = > ? @ A B C D E F G H I J K L M N O P Q R S T U V W X"
              text run at (0,108) width 448: "Y Z [ \\ ] ^ _ ` a b c d e f g h i j k l m n o p q r s t u v w x y z { | } >"
          RenderText {#text} at (0,0) size 0x0
          RenderInline {FONT} at (0,0) size 0x0
            RenderText {#text} at (0,0) size 0x0
      RenderBlock {P} at (0,460) size 768x1710
        RenderInline {FONT} at (0,0) size 70x1709
          RenderInline {FONT} at (0,0) size 70x1709
            RenderText {#text} at (0,0) size 0x0
            RenderInline {FONT} at (0,0) size 70x1709
              RenderText {#text} at (0,0) size 70x17
                text run at (0,0) width 70: "sans-serif"
              RenderBR {BR} at (69,14) size 1x0
              RenderText {#text} at (0,18) size 18x17
                text run at (0,18) width 18: "    "
              RenderBR {BR} at (17,32) size 1x0
              RenderText {#text} at (0,36) size 18x17
                text run at (0,36) width 18: "!!!!"
              RenderBR {BR} at (17,50) size 1x0
              RenderText {#text} at (0,54) size 23x17
                text run at (0,54) width 23: "\"\"\"\""
              RenderBR {BR} at (22,68) size 1x0
              RenderText {#text} at (0,72) size 36x17
                text run at (0,72) width 36: "####"
              RenderBR {BR} at (35,86) size 1x0
              RenderText {#text} at (0,90) size 36x17
                text run at (0,90) width 36: "$$$$"
              RenderBR {BR} at (35,104) size 1x0
              RenderText {#text} at (0,108) size 57x17
                text run at (0,108) width 57: "%%%%"
              RenderBR {BR} at (56,122) size 1x0
              RenderText {#text} at (0,126) size 43x17
                text run at (0,126) width 43: "&&&&"
              RenderBR {BR} at (42,140) size 1x0
              RenderText {#text} at (0,144) size 13x17
                text run at (0,144) width 13: "''''"
              RenderBR {BR} at (12,158) size 1x0
              RenderText {#text} at (0,162) size 22x17
                text run at (0,162) width 22: "(((("
              RenderBR {BR} at (21,176) size 1x0
              RenderText {#text} at (0,180) size 22x17
                text run at (0,180) width 22: "))))"
              RenderBR {BR} at (21,194) size 1x0
              RenderText {#text} at (0,198) size 25x17
                text run at (0,198) width 25: "****"
              RenderBR {BR} at (24,212) size 1x0
              RenderText {#text} at (0,216) size 38x17
                text run at (0,216) width 38: "++++"
              RenderBR {BR} at (37,230) size 1x0
              RenderText {#text} at (0,234) size 18x17
                text run at (0,234) width 18: ",,,,"
              RenderBR {BR} at (17,248) size 1x0
              RenderText {#text} at (0,252) size 22x17
                text run at (0,252) width 22: "----"
              RenderBR {BR} at (21,266) size 1x0
              RenderText {#text} at (0,270) size 18x17
                text run at (0,270) width 18: "...."
              RenderBR {BR} at (17,284) size 1x0
              RenderText {#text} at (0,288) size 18x17
                text run at (0,288) width 18: "////"
              RenderBR {BR} at (17,302) size 1x0
              RenderText {#text} at (0,306) size 36x17
                text run at (0,306) width 36: "0000"
              RenderBR {BR} at (35,320) size 1x0
              RenderText {#text} at (0,324) size 36x17
                text run at (0,324) width 36: "1111"
              RenderBR {BR} at (35,338) size 1x0
              RenderText {#text} at (0,342) size 36x17
                text run at (0,342) width 36: "2222"
              RenderBR {BR} at (35,356) size 1x0
              RenderText {#text} at (0,360) size 36x17
                text run at (0,360) width 36: "3333"
              RenderBR {BR} at (35,374) size 1x0
              RenderText {#text} at (0,378) size 36x17
                text run at (0,378) width 36: "4444"
              RenderBR {BR} at (35,392) size 1x0
              RenderText {#text} at (0,396) size 36x17
                text run at (0,396) width 36: "5555"
              RenderBR {BR} at (35,410) size 1x0
              RenderText {#text} at (0,414) size 36x17
                text run at (0,414) width 36: "6666"
              RenderBR {BR} at (35,428) size 1x0
              RenderText {#text} at (0,432) size 36x17
                text run at (0,432) width 36: "7777"
              RenderBR {BR} at (35,446) size 1x0
              RenderText {#text} at (0,450) size 36x17
                text run at (0,450) width 36: "8888"
              RenderBR {BR} at (35,464) size 1x0
              RenderText {#text} at (0,468) size 36x17
                text run at (0,468) width 36: "9999"
              RenderBR {BR} at (35,482) size 1x0
              RenderText {#text} at (0,486) size 18x17
                text run at (0,486) width 18: "::::"
              RenderBR {BR} at (17,500) size 1x0
              RenderText {#text} at (0,504) size 18x17
                text run at (0,504) width 18: ";;;;"
              RenderBR {BR} at (17,518) size 1x0
              RenderText {#text} at (0,522) size 38x17
                text run at (0,522) width 38: "<<<<"
              RenderBR {BR} at (37,536) size 1x0
              RenderText {#text} at (0,540) size 38x17
                text run at (0,540) width 38: "===="
              RenderBR {BR} at (37,554) size 1x0
              RenderText {#text} at (0,558) size 38x17
                text run at (0,558) width 38: ">>>>"
              RenderBR {BR} at (37,572) size 1x0
              RenderText {#text} at (0,576) size 36x17
                text run at (0,576) width 36: "????"
              RenderBR {BR} at (35,590) size 1x0
              RenderText {#text} at (0,594) size 65x17
                text run at (0,594) width 65: "@@@@"
              RenderBR {BR} at (64,608) size 1x0
              RenderText {#text} at (0,612) size 43x17
                text run at (0,612) width 43: "AAAA"
              RenderBR {BR} at (42,626) size 1x0
              RenderText {#text} at (0,630) size 43x17
                text run at (0,630) width 43: "BBBB"
              RenderBR {BR} at (42,644) size 1x0
              RenderText {#text} at (0,648) size 47x17
                text run at (0,648) width 47: "CCCC"
              RenderBR {BR} at (46,662) size 1x0
              RenderText {#text} at (0,666) size 47x17
                text run at (0,666) width 47: "DDDD"
              RenderBR {BR} at (46,680) size 1x0
              RenderText {#text} at (0,684) size 43x17
                text run at (0,684) width 43: "EEEE"
              RenderBR {BR} at (42,698) size 1x0
              RenderText {#text} at (0,702) size 40x17
                text run at (0,702) width 40: "FFFF"
              RenderBR {BR} at (39,716) size 1x0
              RenderText {#text} at (0,720) size 50x17
                text run at (0,720) width 50: "GGGG"
              RenderBR {BR} at (49,734) size 1x0
              RenderText {#text} at (0,738) size 47x17
                text run at (0,738) width 47: "HHHH"
              RenderBR {BR} at (46,752) size 1x0
              RenderText {#text} at (0,756) size 18x17
                text run at (0,756) width 18: "IIII"
              RenderBR {BR} at (17,770) size 1x0
              RenderText {#text} at (0,774) size 32x17
                text run at (0,774) width 32: "JJJJ"
              RenderBR {BR} at (32,788) size 0x0
              RenderText {#text} at (0,792) size 43x17
                text run at (0,792) width 43: "KKKK"
              RenderBR {BR} at (42,806) size 1x0
              RenderText {#text} at (0,810) size 36x17
                text run at (0,810) width 36: "LLLL"
              RenderBR {BR} at (35,824) size 1x0
              RenderText {#text} at (0,828) size 54x17
                text run at (0,828) width 54: "MMMM"
              RenderBR {BR} at (53,842) size 1x0
              RenderText {#text} at (0,846) size 47x17
                text run at (0,846) width 47: "NNNN"
              RenderBR {BR} at (46,860) size 1x0
              RenderText {#text} at (0,864) size 50x17
                text run at (0,864) width 50: "OOOO"
              RenderBR {BR} at (49,878) size 1x0
              RenderText {#text} at (0,882) size 43x17
                text run at (0,882) width 43: "PPPP"
              RenderBR {BR} at (42,896) size 1x0
              RenderText {#text} at (0,900) size 50x17
                text run at (0,900) width 50: "QQQQ"
              RenderBR {BR} at (49,914) size 1x0
              RenderText {#text} at (0,918) size 47x17
                text run at (0,918) width 47: "RRRR"
              RenderBR {BR} at (46,932) size 1x0
              RenderText {#text} at (0,936) size 43x17
                text run at (0,936) width 43: "SSSS"
              RenderBR {BR} at (42,950) size 1x0
              RenderText {#text} at (0,954) size 40x17
                text run at (0,954) width 40: "TTTT"
              RenderBR {BR} at (39,968) size 1x0
              RenderText {#text} at (0,972) size 47x17
                text run at (0,972) width 47: "UUUU"
              RenderBR {BR} at (46,986) size 1x0
              RenderText {#text} at (0,990) size 43x17
                text run at (0,990) width 43: "VVVV"
              RenderBR {BR} at (42,1004) size 1x0
              RenderText {#text} at (0,1008) size 61x17
                text run at (0,1008) width 61: "WWWW"
              RenderBR {BR} at (60,1022) size 1x0
              RenderText {#text} at (0,1026) size 43x17
                text run at (0,1026) width 43: "XXXX"
              RenderBR {BR} at (42,1040) size 1x0
              RenderText {#text} at (0,1044) size 43x17
                text run at (0,1044) width 43: "YYYY"
              RenderBR {BR} at (42,1058) size 1x0
              RenderText {#text} at (0,1062) size 40x17
                text run at (0,1062) width 40: "ZZZZ"
              RenderBR {BR} at (39,1076) size 1x0
              RenderText {#text} at (0,1080) size 18x17
                text run at (0,1080) width 18: "[[[["
              RenderBR {BR} at (17,1094) size 1x0
              RenderText {#text} at (0,1098) size 18x17
                text run at (0,1098) width 18: "\\\\\\\\"
              RenderBR {BR} at (17,1112) size 1x0
              RenderText {#text} at (0,1116) size 18x17
                text run at (0,1116) width 18: "]]]]"
              RenderBR {BR} at (17,1130) size 1x0
              RenderText {#text} at (0,1134) size 31x17
                text run at (0,1134) width 31: "^^^^"
              RenderBR {BR} at (30,1148) size 1x0
              RenderText {#text} at (0,1152) size 36x17
                text run at (0,1152) width 36: "____"
              RenderBR {BR} at (35,1166) size 1x0
              RenderText {#text} at (0,1170) size 22x17
                text run at (0,1170) width 22: "````"
              RenderBR {BR} at (21,1184) size 1x0
              RenderText {#text} at (0,1188) size 36x17
                text run at (0,1188) width 36: "aaaa"
              RenderBR {BR} at (35,1202) size 1x0
              RenderText {#text} at (0,1206) size 36x17
                text run at (0,1206) width 36: "bbbb"
              RenderBR {BR} at (35,1220) size 1x0
              RenderText {#text} at (0,1224) size 32x17
                text run at (0,1224) width 32: "cccc"
              RenderBR {BR} at (32,1238) size 0x0
              RenderText {#text} at (0,1242) size 36x17
                text run at (0,1242) width 36: "dddd"
              RenderBR {BR} at (35,1256) size 1x0
              RenderText {#text} at (0,1260) size 36x17
                text run at (0,1260) width 36: "eeee"
              RenderBR {BR} at (35,1274) size 1x0
              RenderText {#text} at (0,1278) size 18x17
                text run at (0,1278) width 18: "ffff"
              RenderBR {BR} at (17,1292) size 1x0
              RenderText {#text} at (0,1296) size 36x17
                text run at (0,1296) width 36: "gggg"
              RenderBR {BR} at (35,1310) size 1x0
              RenderText {#text} at (0,1314) size 36x17
                text run at (0,1314) width 36: "hhhh"
              RenderBR {BR} at (35,1328) size 1x0
              RenderText {#text} at (0,1332) size 15x17
                text run at (0,1332) width 15: "iiii"
              RenderBR {BR} at (14,1346) size 1x0
              RenderText {#text} at (0,1350) size 15x17
                text run at (0,1350) width 15: "jjjj"
              RenderBR {BR} at (14,1364) size 1x0
              RenderText {#text} at (0,1368) size 32x17
                text run at (0,1368) width 32: "kkkk"
              RenderBR {BR} at (32,1382) size 0x0
              RenderText {#text} at (0,1386) size 15x17
                text run at (0,1386) width 15: "llll"
              RenderBR {BR} at (14,1400) size 1x0
              RenderText {#text} at (0,1404) size 54x17
                text run at (0,1404) width 54: "mmmm"
              RenderBR {BR} at (53,1418) size 1x0
              RenderText {#text} at (0,1422) size 36x17
                text run at (0,1422) width 36: "nnnn"
              RenderBR {BR} at (35,1436) size 1x0
              RenderText {#text} at (0,1440) size 36x17
                text run at (0,1440) width 36: "oooo"
              RenderBR {BR} at (35,1454) size 1x0
              RenderText {#text} at (0,1458) size 36x17
                text run at (0,1458) width 36: "pppp"
              RenderBR {BR} at (35,1472) size 1x0
              RenderText {#text} at (0,1476) size 36x17
                text run at (0,1476) width 36: "qqqq"
              RenderBR {BR} at (35,1490) size 1x0
              RenderText {#text} at (0,1494) size 22x17
                text run at (0,1494) width 22: "rrrr"
              RenderBR {BR} at (21,1508) size 1x0
              RenderText {#text} at (0,1512) size 32x17
                text run at (0,1512) width 32: "ssss"
              RenderBR {BR} at (32,1526) size 0x0
              RenderText {#text} at (0,1530) size 18x17
                text run at (0,1530) width 18: "tttt"
              RenderBR {BR} at (17,1544) size 1x0
              RenderText {#text} at (0,1548) size 36x17
                text run at (0,1548) width 36: "uuuu"
              RenderBR {BR} at (35,1562) size 1x0
              RenderText {#text} at (0,1566) size 32x17
                text run at (0,1566) width 32: "vvvv"
              RenderBR {BR} at (32,1580) size 0x0
              RenderText {#text} at (0,1584) size 47x17
                text run at (0,1584) width 47: "wwww"
              RenderBR {BR} at (46,1598) size 1x0
              RenderText {#text} at (0,1602) size 32x17
                text run at (0,1602) width 32: "xxxx"
              RenderBR {BR} at (32,1616) size 0x0
              RenderText {#text} at (0,1620) size 32x17
                text run at (0,1620) width 32: "yyyy"
              RenderBR {BR} at (32,1634) size 0x0
              RenderText {#text} at (0,1638) size 32x17
                text run at (0,1638) width 32: "zzzz"
              RenderBR {BR} at (32,1652) size 0x0
              RenderText {#text} at (0,1656) size 22x17
                text run at (0,1656) width 22: "{{{{"
              RenderBR {BR} at (21,1670) size 1x0
              RenderText {#text} at (0,1674) size 17x17
                text run at (0,1674) width 17: "||||"
              RenderBR {BR} at (16,1688) size 1x0
              RenderText {#text} at (0,1692) size 22x17
                text run at (0,1692) width 22: "}}}}"
              RenderBR {BR} at (21,1706) size 1x0
      RenderBlock {P} at (0,2186) size 768x1692
        RenderInline {FONT} at (0,0) size 63x1691
          RenderInline {FONT} at (0,0) size 63x1691
            RenderInline {FONT} at (0,0) size 63x1691
              RenderText {#text} at (0,0) size 0x0
              RenderInline {B} at (0,0) size 63x1691
                RenderText {#text} at (0,0) size 18x17
                  text run at (0,0) width 18: "    "
                RenderBR {BR} at (17,14) size 1x0
                RenderText {#text} at (0,18) size 22x17
                  text run at (0,18) width 22: "!!!!"
                RenderBR {BR} at (21,32) size 1x0
                RenderText {#text} at (0,36) size 31x17
                  text run at (0,36) width 31: "\"\"\"\""
                RenderBR {BR} at (30,50) size 1x0
                RenderText {#text} at (0,54) size 36x17
                  text run at (0,54) width 36: "####"
                RenderBR {BR} at (35,68) size 1x0
                RenderText {#text} at (0,72) size 36x17
                  text run at (0,72) width 36: "$$$$"
                RenderBR {BR} at (35,86) size 1x0
                RenderText {#text} at (0,90) size 57x17
                  text run at (0,90) width 57: "%%%%"
                RenderBR {BR} at (56,104) size 1x0
                RenderText {#text} at (0,108) size 47x17
                  text run at (0,108) width 47: "&&&&"
                RenderBR {BR} at (46,122) size 1x0
                RenderText {#text} at (0,126) size 16x17
                  text run at (0,126) width 16: "''''"
                RenderBR {BR} at (15,140) size 1x0
                RenderText {#text} at (0,144) size 22x17
                  text run at (0,144) width 22: "(((("
                RenderBR {BR} at (21,158) size 1x0
                RenderText {#text} at (0,162) size 22x17
                  text run at (0,162) width 22: "))))"
                RenderBR {BR} at (21,176) size 1x0
                RenderText {#text} at (0,180) size 25x17
                  text run at (0,180) width 25: "****"
                RenderBR {BR} at (24,194) size 1x0
                RenderText {#text} at (0,198) size 38x17
                  text run at (0,198) width 38: "++++"
                RenderBR {BR} at (37,212) size 1x0
                RenderText {#text} at (0,216) size 18x17
                  text run at (0,216) width 18: ",,,,"
                RenderBR {BR} at (17,230) size 1x0
                RenderText {#text} at (0,234) size 22x17
                  text run at (0,234) width 22: "----"
                RenderBR {BR} at (21,248) size 1x0
                RenderText {#text} at (0,252) size 18x17
                  text run at (0,252) width 18: "...."
                RenderBR {BR} at (17,266) size 1x0
                RenderText {#text} at (0,270) size 18x17
                  text run at (0,270) width 18: "////"
                RenderBR {BR} at (17,284) size 1x0
                RenderText {#text} at (0,288) size 36x17
                  text run at (0,288) width 36: "0000"
                RenderBR {BR} at (35,302) size 1x0
                RenderText {#text} at (0,306) size 36x17
                  text run at (0,306) width 36: "1111"
                RenderBR {BR} at (35,320) size 1x0
                RenderText {#text} at (0,324) size 36x17
                  text run at (0,324) width 36: "2222"
                RenderBR {BR} at (35,338) size 1x0
                RenderText {#text} at (0,342) size 36x17
                  text run at (0,342) width 36: "3333"
                RenderBR {BR} at (35,356) size 1x0
                RenderText {#text} at (0,360) size 36x17
                  text run at (0,360) width 36: "4444"
                RenderBR {BR} at (35,374) size 1x0
                RenderText {#text} at (0,378) size 36x17
                  text run at (0,378) width 36: "5555"
                RenderBR {BR} at (35,392) size 1x0
                RenderText {#text} at (0,396) size 36x17
                  text run at (0,396) width 36: "6666"
                RenderBR {BR} at (35,410) size 1x0
                RenderText {#text} at (0,414) size 36x17
                  text run at (0,414) width 36: "7777"
                RenderBR {BR} at (35,428) size 1x0
                RenderText {#text} at (0,432) size 36x17
                  text run at (0,432) width 36: "8888"
                RenderBR {BR} at (35,446) size 1x0
                RenderText {#text} at (0,450) size 36x17
                  text run at (0,450) width 36: "9999"
                RenderBR {BR} at (35,464) size 1x0
                RenderText {#text} at (0,468) size 22x17
                  text run at (0,468) width 22: "::::"
                RenderBR {BR} at (21,482) size 1x0
                RenderText {#text} at (0,486) size 22x17
                  text run at (0,486) width 22: ";;;;"
                RenderBR {BR} at (21,500) size 1x0
                RenderText {#text} at (0,504) size 38x17
                  text run at (0,504) width 38: "<<<<"
                RenderBR {BR} at (37,518) size 1x0
                RenderText {#text} at (0,522) size 38x17
                  text run at (0,522) width 38: "===="
                RenderBR {BR} at (37,536) size 1x0
                RenderText {#text} at (0,540) size 38x17
                  text run at (0,540) width 38: ">>>>"
                RenderBR {BR} at (37,554) size 1x0
                RenderText {#text} at (0,558) size 40x17
                  text run at (0,558) width 40: "????"
                RenderBR {BR} at (39,572) size 1x0
                RenderText {#text} at (0,576) size 63x17
                  text run at (0,576) width 63: "@@@@"
                RenderBR {BR} at (62,590) size 1x0
                RenderText {#text} at (0,594) size 47x17
                  text run at (0,594) width 47: "AAAA"
                RenderBR {BR} at (46,608) size 1x0
                RenderText {#text} at (0,612) size 47x17
                  text run at (0,612) width 47: "BBBB"
                RenderBR {BR} at (46,626) size 1x0
                RenderText {#text} at (0,630) size 47x17
                  text run at (0,630) width 47: "CCCC"
                RenderBR {BR} at (46,644) size 1x0
                RenderText {#text} at (0,648) size 47x17
                  text run at (0,648) width 47: "DDDD"
                RenderBR {BR} at (46,662) size 1x0
                RenderText {#text} at (0,666) size 43x17
                  text run at (0,666) width 43: "EEEE"
                RenderBR {BR} at (42,680) size 1x0
                RenderText {#text} at (0,684) size 40x17
                  text run at (0,684) width 40: "FFFF"
                RenderBR {BR} at (39,698) size 1x0
                RenderText {#text} at (0,702) size 50x17
                  text run at (0,702) width 50: "GGGG"
                RenderBR {BR} at (49,716) size 1x0
                RenderText {#text} at (0,720) size 47x17
                  text run at (0,720) width 47: "HHHH"
                RenderBR {BR} at (46,734) size 1x0
                RenderText {#text} at (0,738) size 18x17
                  text run at (0,738) width 18: "IIII"
                RenderBR {BR} at (17,752) size 1x0
                RenderText {#text} at (0,756) size 36x17
                  text run at (0,756) width 36: "JJJJ"
                RenderBR {BR} at (35,770) size 1x0
                RenderText {#text} at (0,774) size 47x17
                  text run at (0,774) width 47: "KKKK"
                RenderBR {BR} at (46,788) size 1x0
                RenderText {#text} at (0,792) size 40x17
                  text run at (0,792) width 40: "LLLL"
                RenderBR {BR} at (39,806) size 1x0
                RenderText {#text} at (0,810) size 54x17
                  text run at (0,810) width 54: "MMMM"
                RenderBR {BR} at (53,824) size 1x0
                RenderText {#text} at (0,828) size 47x17
                  text run at (0,828) width 47: "NNNN"
                RenderBR {BR} at (46,842) size 1x0
                RenderText {#text} at (0,846) size 50x17
                  text run at (0,846) width 50: "OOOO"
                RenderBR {BR} at (49,860) size 1x0
                RenderText {#text} at (0,864) size 43x17
                  text run at (0,864) width 43: "PPPP"
                RenderBR {BR} at (42,878) size 1x0
                RenderText {#text} at (0,882) size 50x17
                  text run at (0,882) width 50: "QQQQ"
                RenderBR {BR} at (49,896) size 1x0
                RenderText {#text} at (0,900) size 47x17
                  text run at (0,900) width 47: "RRRR"
                RenderBR {BR} at (46,914) size 1x0
                RenderText {#text} at (0,918) size 43x17
                  text run at (0,918) width 43: "SSSS"
                RenderBR {BR} at (42,932) size 1x0
                RenderText {#text} at (0,936) size 40x17
                  text run at (0,936) width 40: "TTTT"
                RenderBR {BR} at (39,950) size 1x0
                RenderText {#text} at (0,954) size 47x17
                  text run at (0,954) width 47: "UUUU"
                RenderBR {BR} at (46,968) size 1x0
                RenderText {#text} at (0,972) size 43x17
                  text run at (0,972) width 43: "VVVV"
                RenderBR {BR} at (42,986) size 1x0
                RenderText {#text} at (0,990) size 61x17
                  text run at (0,990) width 61: "WWWW"
                RenderBR {BR} at (60,1004) size 1x0
                RenderText {#text} at (0,1008) size 43x17
                  text run at (0,1008) width 43: "XXXX"
                RenderBR {BR} at (42,1022) size 1x0
                RenderText {#text} at (0,1026) size 43x17
                  text run at (0,1026) width 43: "YYYY"
                RenderBR {BR} at (42,1040) size 1x0
                RenderText {#text} at (0,1044) size 40x17
                  text run at (0,1044) width 40: "ZZZZ"
                RenderBR {BR} at (39,1058) size 1x0
                RenderText {#text} at (0,1062) size 22x17
                  text run at (0,1062) width 22: "[[[["
                RenderBR {BR} at (21,1076) size 1x0
                RenderText {#text} at (0,1080) size 18x17
                  text run at (0,1080) width 18: "\\\\\\\\"
                RenderBR {BR} at (17,1094) size 1x0
                RenderText {#text} at (0,1098) size 22x17
                  text run at (0,1098) width 22: "]]]]"
                RenderBR {BR} at (21,1112) size 1x0
                RenderText {#text} at (0,1116) size 38x17
                  text run at (0,1116) width 38: "^^^^"
                RenderBR {BR} at (37,1130) size 1x0
                RenderText {#text} at (0,1134) size 36x17
                  text run at (0,1134) width 36: "____"
                RenderBR {BR} at (35,1148) size 1x0
                RenderText {#text} at (0,1152) size 22x17
                  text run at (0,1152) width 22: "````"
                RenderBR {BR} at (21,1166) size 1x0
                RenderText {#text} at (0,1170) size 36x17
                  text run at (0,1170) width 36: "aaaa"
                RenderBR {BR} at (35,1184) size 1x0
                RenderText {#text} at (0,1188) size 40x17
                  text run at (0,1188) width 40: "bbbb"
                RenderBR {BR} at (39,1202) size 1x0
                RenderText {#text} at (0,1206) size 36x17
                  text run at (0,1206) width 36: "cccc"
                RenderBR {BR} at (35,1220) size 1x0
                RenderText {#text} at (0,1224) size 40x17
                  text run at (0,1224) width 40: "dddd"
                RenderBR {BR} at (39,1238) size 1x0
                RenderText {#text} at (0,1242) size 36x17
                  text run at (0,1242) width 36: "eeee"
                RenderBR {BR} at (35,1256) size 1x0
                RenderText {#text} at (0,1260) size 22x17
                  text run at (0,1260) width 22: "ffff"
                RenderBR {BR} at (21,1274) size 1x0
                RenderText {#text} at (0,1278) size 40x17
                  text run at (0,1278) width 40: "gggg"
                RenderBR {BR} at (39,1292) size 1x0
                RenderText {#text} at (0,1296) size 40x17
                  text run at (0,1296) width 40: "hhhh"
                RenderBR {BR} at (39,1310) size 1x0
                RenderText {#text} at (0,1314) size 18x17
                  text run at (0,1314) width 18: "iiii"
                RenderBR {BR} at (17,1328) size 1x0
                RenderText {#text} at (0,1332) size 18x17
                  text run at (0,1332) width 18: "jjjj"
                RenderBR {BR} at (17,1346) size 1x0
                RenderText {#text} at (0,1350) size 36x17
                  text run at (0,1350) width 36: "kkkk"
                RenderBR {BR} at (35,1364) size 1x0
                RenderText {#text} at (0,1368) size 18x17
                  text run at (0,1368) width 18: "llll"
                RenderBR {BR} at (17,1382) size 1x0
                RenderText {#text} at (0,1386) size 57x17
                  text run at (0,1386) width 57: "mmmm"
                RenderBR {BR} at (56,1400) size 1x0
                RenderText {#text} at (0,1404) size 40x17
                  text run at (0,1404) width 40: "nnnn"
                RenderBR {BR} at (39,1418) size 1x0
                RenderText {#text} at (0,1422) size 40x17
                  text run at (0,1422) width 40: "oooo"
                RenderBR {BR} at (39,1436) size 1x0
                RenderText {#text} at (0,1440) size 40x17
                  text run at (0,1440) width 40: "pppp"
                RenderBR {BR} at (39,1454) size 1x0
                RenderText {#text} at (0,1458) size 40x17
                  text run at (0,1458) width 40: "qqqq"
                RenderBR {BR} at (39,1472) size 1x0
                RenderText {#text} at (0,1476) size 25x17
                  text run at (0,1476) width 25: "rrrr"
                RenderBR {BR} at (24,1490) size 1x0
                RenderText {#text} at (0,1494) size 36x17
                  text run at (0,1494) width 36: "ssss"
                RenderBR {BR} at (35,1508) size 1x0
                RenderText {#text} at (0,1512) size 22x17
                  text run at (0,1512) width 22: "tttt"
                RenderBR {BR} at (21,1526) size 1x0
                RenderText {#text} at (0,1530) size 40x17
                  text run at (0,1530) width 40: "uuuu"
                RenderBR {BR} at (39,1544) size 1x0
                RenderText {#text} at (0,1548) size 36x17
                  text run at (0,1548) width 36: "vvvv"
                RenderBR {BR} at (35,1562) size 1x0
                RenderText {#text} at (0,1566) size 50x17
                  text run at (0,1566) width 50: "wwww"
                RenderBR {BR} at (49,1580) size 1x0
                RenderText {#text} at (0,1584) size 36x17
                  text run at (0,1584) width 36: "xxxx"
                RenderBR {BR} at (35,1598) size 1x0
                RenderText {#text} at (0,1602) size 36x17
                  text run at (0,1602) width 36: "yyyy"
                RenderBR {BR} at (35,1616) size 1x0
                RenderText {#text} at (0,1620) size 32x17
                  text run at (0,1620) width 32: "zzzz"
                RenderBR {BR} at (32,1634) size 0x0
                RenderText {#text} at (0,1638) size 25x17
                  text run at (0,1638) width 25: "{{{{"
                RenderBR {BR} at (24,1652) size 1x0
                RenderText {#text} at (0,1656) size 18x17
                  text run at (0,1656) width 18: "||||"
                RenderBR {BR} at (17,1670) size 1x0
                RenderText {#text} at (0,1674) size 25x17
                  text run at (0,1674) width 25: "}}}}"
                RenderBR {BR} at (24,1688) size 1x0
              RenderText {#text} at (0,0) size 0x0
      RenderBlock {P} at (0,3894) size 768x1692
        RenderInline {FONT} at (0,0) size 65x1691
          RenderInline {FONT} at (0,0) size 65x1691
            RenderInline {FONT} at (0,0) size 65x1691
              RenderText {#text} at (0,0) size 0x0
              RenderInline {I} at (0,0) size 65x1691
                RenderText {#text} at (0,0) size 18x17
                  text run at (0,0) width 18: "    "
                RenderBR {BR} at (17,14) size 1x0
                RenderText {#text} at (0,18) size 18x17
                  text run at (0,18) width 18: "!!!!"
                RenderBR {BR} at (17,32) size 1x0
                RenderText {#text} at (0,36) size 23x17
                  text run at (0,36) width 23: "\"\"\"\""
                RenderBR {BR} at (22,50) size 1x0
                RenderText {#text} at (0,54) size 36x17
                  text run at (0,54) width 36: "####"
                RenderBR {BR} at (35,68) size 1x0
                RenderText {#text} at (0,72) size 36x17
                  text run at (0,72) width 36: "$$$$"
                RenderBR {BR} at (35,86) size 1x0
                RenderText {#text} at (0,90) size 57x17
                  text run at (0,90) width 57: "%%%%"
                RenderBR {BR} at (56,104) size 1x0
                RenderText {#text} at (0,108) size 43x17
                  text run at (0,108) width 43: "&&&&"
                RenderBR {BR} at (42,122) size 1x0
                RenderText {#text} at (0,126) size 13x17
                  text run at (0,126) width 13: "''''"
                RenderBR {BR} at (12,140) size 1x0
                RenderText {#text} at (0,144) size 22x17
                  text run at (0,144) width 22: "(((("
                RenderBR {BR} at (21,158) size 1x0
                RenderText {#text} at (0,162) size 22x17
                  text run at (0,162) width 22: "))))"
                RenderBR {BR} at (21,176) size 1x0
                RenderText {#text} at (0,180) size 25x17
                  text run at (0,180) width 25: "****"
                RenderBR {BR} at (24,194) size 1x0
                RenderText {#text} at (0,198) size 38x17
                  text run at (0,198) width 38: "++++"
                RenderBR {BR} at (37,212) size 1x0
                RenderText {#text} at (0,216) size 18x17
                  text run at (0,216) width 18: ",,,,"
                RenderBR {BR} at (17,230) size 1x0
                RenderText {#text} at (0,234) size 22x17
                  text run at (0,234) width 22: "----"
                RenderBR {BR} at (21,248) size 1x0
                RenderText {#text} at (0,252) size 18x17
                  text run at (0,252) width 18: "...."
                RenderBR {BR} at (17,266) size 1x0
                RenderText {#text} at (0,270) size 18x17
                  text run at (0,270) width 18: "////"
                RenderBR {BR} at (17,284) size 1x0
                RenderText {#text} at (0,288) size 36x17
                  text run at (0,288) width 36: "0000"
                RenderBR {BR} at (35,302) size 1x0
                RenderText {#text} at (0,306) size 36x17
                  text run at (0,306) width 36: "1111"
                RenderBR {BR} at (35,320) size 1x0
                RenderText {#text} at (0,324) size 36x17
                  text run at (0,324) width 36: "2222"
                RenderBR {BR} at (35,338) size 1x0
                RenderText {#text} at (0,342) size 36x17
                  text run at (0,342) width 36: "3333"
                RenderBR {BR} at (35,356) size 1x0
                RenderText {#text} at (0,360) size 36x17
                  text run at (0,360) width 36: "4444"
                RenderBR {BR} at (35,374) size 1x0
                RenderText {#text} at (0,378) size 36x17
                  text run at (0,378) width 36: "5555"
                RenderBR {BR} at (35,392) size 1x0
                RenderText {#text} at (0,396) size 36x17
                  text run at (0,396) width 36: "6666"
                RenderBR {BR} at (35,410) size 1x0
                RenderText {#text} at (0,414) size 36x17
                  text run at (0,414) width 36: "7777"
                RenderBR {BR} at (35,428) size 1x0
                RenderText {#text} at (0,432) size 36x17
                  text run at (0,432) width 36: "8888"
                RenderBR {BR} at (35,446) size 1x0
                RenderText {#text} at (0,450) size 36x17
                  text run at (0,450) width 36: "9999"
                RenderBR {BR} at (35,464) size 1x0
                RenderText {#text} at (0,468) size 18x17
                  text run at (0,468) width 18: "::::"
                RenderBR {BR} at (17,482) size 1x0
                RenderText {#text} at (0,486) size 18x17
                  text run at (0,486) width 18: ";;;;"
                RenderBR {BR} at (17,500) size 1x0
                RenderText {#text} at (0,504) size 38x17
                  text run at (0,504) width 38: "<<<<"
                RenderBR {BR} at (37,518) size 1x0
                RenderText {#text} at (0,522) size 38x17
                  text run at (0,522) width 38: "===="
                RenderBR {BR} at (37,536) size 1x0
                RenderText {#text} at (0,540) size 38x17
                  text run at (0,540) width 38: ">>>>"
                RenderBR {BR} at (37,554) size 1x0
                RenderText {#text} at (0,558) size 36x17
                  text run at (0,558) width 36: "????"
                RenderBR {BR} at (35,572) size 1x0
                RenderText {#text} at (0,576) size 65x17
                  text run at (0,576) width 65: "@@@@"
                RenderBR {BR} at (64,590) size 1x0
                RenderText {#text} at (0,594) size 43x17
                  text run at (0,594) width 43: "AAAA"
                RenderBR {BR} at (42,608) size 1x0
                RenderText {#text} at (0,612) size 43x17
                  text run at (0,612) width 43: "BBBB"
                RenderBR {BR} at (42,626) size 1x0
                RenderText {#text} at (0,630) size 47x17
                  text run at (0,630) width 47: "CCCC"
                RenderBR {BR} at (46,644) size 1x0
                RenderText {#text} at (0,648) size 47x17
                  text run at (0,648) width 47: "DDDD"
                RenderBR {BR} at (46,662) size 1x0
                RenderText {#text} at (0,666) size 43x17
                  text run at (0,666) width 43: "EEEE"
                RenderBR {BR} at (42,680) size 1x0
                RenderText {#text} at (0,684) size 40x17
                  text run at (0,684) width 40: "FFFF"
                RenderBR {BR} at (39,698) size 1x0
                RenderText {#text} at (0,702) size 50x17
                  text run at (0,702) width 50: "GGGG"
                RenderBR {BR} at (49,716) size 1x0
                RenderText {#text} at (0,720) size 47x17
                  text run at (0,720) width 47: "HHHH"
                RenderBR {BR} at (46,734) size 1x0
                RenderText {#text} at (0,738) size 18x17
                  text run at (0,738) width 18: "IIII"
                RenderBR {BR} at (17,752) size 1x0
                RenderText {#text} at (0,756) size 32x17
                  text run at (0,756) width 32: "JJJJ"
                RenderBR {BR} at (32,770) size 0x0
                RenderText {#text} at (0,774) size 43x17
                  text run at (0,774) width 43: "KKKK"
                RenderBR {BR} at (42,788) size 1x0
                RenderText {#text} at (0,792) size 36x17
                  text run at (0,792) width 36: "LLLL"
                RenderBR {BR} at (35,806) size 1x0
                RenderText {#text} at (0,810) size 54x17
                  text run at (0,810) width 54: "MMMM"
                RenderBR {BR} at (53,824) size 1x0
                RenderText {#text} at (0,828) size 47x17
                  text run at (0,828) width 47: "NNNN"
                RenderBR {BR} at (46,842) size 1x0
                RenderText {#text} at (0,846) size 50x17
                  text run at (0,846) width 50: "OOOO"
                RenderBR {BR} at (49,860) size 1x0
                RenderText {#text} at (0,864) size 43x17
                  text run at (0,864) width 43: "PPPP"
                RenderBR {BR} at (42,878) size 1x0
                RenderText {#text} at (0,882) size 50x17
                  text run at (0,882) width 50: "QQQQ"
                RenderBR {BR} at (49,896) size 1x0
                RenderText {#text} at (0,900) size 47x17
                  text run at (0,900) width 47: "RRRR"
                RenderBR {BR} at (46,914) size 1x0
                RenderText {#text} at (0,918) size 43x17
                  text run at (0,918) width 43: "SSSS"
                RenderBR {BR} at (42,932) size 1x0
                RenderText {#text} at (0,936) size 40x17
                  text run at (0,936) width 40: "TTTT"
                RenderBR {BR} at (39,950) size 1x0
                RenderText {#text} at (0,954) size 47x17
                  text run at (0,954) width 47: "UUUU"
                RenderBR {BR} at (46,968) size 1x0
                RenderText {#text} at (0,972) size 43x17
                  text run at (0,972) width 43: "VVVV"
                RenderBR {BR} at (42,986) size 1x0
                RenderText {#text} at (0,990) size 61x17
                  text run at (0,990) width 61: "WWWW"
                RenderBR {BR} at (60,1004) size 1x0
                RenderText {#text} at (0,1008) size 43x17
                  text run at (0,1008) width 43: "XXXX"
                RenderBR {BR} at (42,1022) size 1x0
                RenderText {#text} at (0,1026) size 43x17
                  text run at (0,1026) width 43: "YYYY"
                RenderBR {BR} at (42,1040) size 1x0
                RenderText {#text} at (0,1044) size 40x17
                  text run at (0,1044) width 40: "ZZZZ"
                RenderBR {BR} at (39,1058) size 1x0
                RenderText {#text} at (0,1062) size 18x17
                  text run at (0,1062) width 18: "[[[["
                RenderBR {BR} at (17,1076) size 1x0
                RenderText {#text} at (0,1080) size 18x17
                  text run at (0,1080) width 18: "\\\\\\\\"
                RenderBR {BR} at (17,1094) size 1x0
                RenderText {#text} at (0,1098) size 18x17
                  text run at (0,1098) width 18: "]]]]"
                RenderBR {BR} at (17,1112) size 1x0
                RenderText {#text} at (0,1116) size 31x17
                  text run at (0,1116) width 31: "^^^^"
                RenderBR {BR} at (30,1130) size 1x0
                RenderText {#text} at (0,1134) size 36x17
                  text run at (0,1134) width 36: "____"
                RenderBR {BR} at (35,1148) size 1x0
                RenderText {#text} at (0,1152) size 22x17
                  text run at (0,1152) width 22: "````"
                RenderBR {BR} at (21,1166) size 1x0
                RenderText {#text} at (0,1170) size 36x17
                  text run at (0,1170) width 36: "aaaa"
                RenderBR {BR} at (35,1184) size 1x0
                RenderText {#text} at (0,1188) size 36x17
                  text run at (0,1188) width 36: "bbbb"
                RenderBR {BR} at (35,1202) size 1x0
                RenderText {#text} at (0,1206) size 32x17
                  text run at (0,1206) width 32: "cccc"
                RenderBR {BR} at (32,1220) size 0x0
                RenderText {#text} at (0,1224) size 36x17
                  text run at (0,1224) width 36: "dddd"
                RenderBR {BR} at (35,1238) size 1x0
                RenderText {#text} at (0,1242) size 36x17
                  text run at (0,1242) width 36: "eeee"
                RenderBR {BR} at (35,1256) size 1x0
                RenderText {#text} at (0,1260) size 18x17
                  text run at (0,1260) width 18: "ffff"
                RenderBR {BR} at (17,1274) size 1x0
                RenderText {#text} at (0,1278) size 36x17
                  text run at (0,1278) width 36: "gggg"
                RenderBR {BR} at (35,1292) size 1x0
                RenderText {#text} at (0,1296) size 36x17
                  text run at (0,1296) width 36: "hhhh"
                RenderBR {BR} at (35,1310) size 1x0
                RenderText {#text} at (0,1314) size 15x17
                  text run at (0,1314) width 15: "iiii"
                RenderBR {BR} at (14,1328) size 1x0
                RenderText {#text} at (0,1332) size 15x17
                  text run at (0,1332) width 15: "jjjj"
                RenderBR {BR} at (14,1346) size 1x0
                RenderText {#text} at (0,1350) size 32x17
                  text run at (0,1350) width 32: "kkkk"
                RenderBR {BR} at (32,1364) size 0x0
                RenderText {#text} at (0,1368) size 15x17
                  text run at (0,1368) width 15: "llll"
                RenderBR {BR} at (14,1382) size 1x0
                RenderText {#text} at (0,1386) size 54x17
                  text run at (0,1386) width 54: "mmmm"
                RenderBR {BR} at (53,1400) size 1x0
                RenderText {#text} at (0,1404) size 36x17
                  text run at (0,1404) width 36: "nnnn"
                RenderBR {BR} at (35,1418) size 1x0
                RenderText {#text} at (0,1422) size 36x17
                  text run at (0,1422) width 36: "oooo"
                RenderBR {BR} at (35,1436) size 1x0
                RenderText {#text} at (0,1440) size 36x17
                  text run at (0,1440) width 36: "pppp"
                RenderBR {BR} at (35,1454) size 1x0
                RenderText {#text} at (0,1458) size 36x17
                  text run at (0,1458) width 36: "qqqq"
                RenderBR {BR} at (35,1472) size 1x0
                RenderText {#text} at (0,1476) size 22x17
                  text run at (0,1476) width 22: "rrrr"
                RenderBR {BR} at (21,1490) size 1x0
                RenderText {#text} at (0,1494) size 32x17
                  text run at (0,1494) width 32: "ssss"
                RenderBR {BR} at (32,1508) size 0x0
                RenderText {#text} at (0,1512) size 18x17
                  text run at (0,1512) width 18: "tttt"
                RenderBR {BR} at (17,1526) size 1x0
                RenderText {#text} at (0,1530) size 36x17
                  text run at (0,1530) width 36: "uuuu"
                RenderBR {BR} at (35,1544) size 1x0
                RenderText {#text} at (0,1548) size 32x17
                  text run at (0,1548) width 32: "vvvv"
                RenderBR {BR} at (32,1562) size 0x0
                RenderText {#text} at (0,1566) size 47x17
                  text run at (0,1566) width 47: "wwww"
                RenderBR {BR} at (46,1580) size 1x0
                RenderText {#text} at (0,1584) size 32x17
                  text run at (0,1584) width 32: "xxxx"
                RenderBR {BR} at (32,1598) size 0x0
                RenderText {#text} at (0,1602) size 32x17
                  text run at (0,1602) width 32: "yyyy"
                RenderBR {BR} at (32,1616) size 0x0
                RenderText {#text} at (0,1620) size 32x17
                  text run at (0,1620) width 32: "zzzz"
                RenderBR {BR} at (32,1634) size 0x0
                RenderText {#text} at (0,1638) size 22x17
                  text run at (0,1638) width 22: "{{{{"
                RenderBR {BR} at (21,1652) size 1x0
                RenderText {#text} at (0,1656) size 17x17
                  text run at (0,1656) width 17: "||||"
                RenderBR {BR} at (16,1670) size 1x0
                RenderText {#text} at (0,1674) size 22x17
                  text run at (0,1674) width 22: "}}}}"
                RenderBR {BR} at (21,1688) size 1x0
              RenderText {#text} at (0,0) size 0x0
            RenderText {#text} at (0,0) size 0x0
