layer at (0,0) size 784x5468
  RenderView at (0,0) size 784x600
layer at (0,0) size 784x5468
  RenderBlock {HTML} at (0,0) size 784x5468
    RenderBody {BODY} at (8,8) size 768x5444
      RenderBlock (anonymous) at (0,0) size 768x18
        RenderText {#text} at (0,0) size 316x17
          text run at (0,0) width 316: "This tests font choices and metrics for serif fonts."
      RenderBlock {P} at (0,34) size 768x126
        RenderInline {FONT} at (0,0) size 768x125
          RenderText {#text} at (0,0) size 125x17
            text run at (0,0) width 125: "Times New Roman"
          RenderBR {BR} at (124,14) size 1x0
          RenderText {#text} at (0,18) size 763x35
            text run at (0,18) width 763: "  ! \" # $ % & ' ( ) * + , - . / 0 1 2 3 4 5 6 7 8 9 : ; < = > ? @ A B C D E F G H I J K L M N O P Q R S T U V W X Y Z ["
            text run at (0,36) width 390: "\\ ] ^ _ ` a b c d e f g h i j k l m n o p q r s t u v w x y z { | } > "
          RenderBR {BR} at (389,50) size 1x0
          RenderInline {B} at (0,0) size 766x35
            RenderText {#text} at (0,54) size 766x35
              text run at (0,54) width 766: "  ! \" # $ % & ' ( ) * + , - . / 0 1 2 3 4 5 6 7 8 9 : ; < = > ? @ A B C D E F G H I J K L M N O P Q R S T U V W X Y"
              text run at (0,72) width 426: "Z [ \\ ] ^ _ ` a b c d e f g h i j k l m n o p q r s t u v w x y z { | } > "
          RenderText {#text} at (0,0) size 0x0
          RenderBR {BR} at (0,0) size 0x0
          RenderInline {I} at (0,0) size 768x35
            RenderText {#text} at (0,90) size 768x35
              text run at (0,90) width 768: "  ! \" # $ % & ' ( ) * + , - . / 0 1 2 3 4 5 6 7 8 9 : ; < = > ? @ A B C D E F G H I J K L M N O P Q R S T U V W X Y Z [ \\"
              text run at (0,108) width 373: "] ^ _ ` a b c d e f g h i j k l m n o p q r s t u v w x y z { | } >"
          RenderText {#text} at (0,0) size 0x0
        RenderText {#text} at (0,0) size 0x0
      RenderBlock {P} at (0,176) size 768x126
        RenderInline {FONT} at (0,0) size 768x125
          RenderText {#text} at (0,0) size 40x17
            text run at (0,0) width 40: "Times"
          RenderBR {BR} at (39,14) size 1x0
          RenderText {#text} at (0,18) size 763x35
            text run at (0,18) width 763: "  ! \" # $ % & ' ( ) * + , - . / 0 1 2 3 4 5 6 7 8 9 : ; < = > ? @ A B C D E F G H I J K L M N O P Q R S T U V W X Y Z ["
            text run at (0,36) width 390: "\\ ] ^ _ ` a b c d e f g h i j k l m n o p q r s t u v w x y z { | } > "
          RenderBR {BR} at (389,50) size 1x0
          RenderInline {B} at (0,0) size 766x35
            RenderText {#text} at (0,54) size 766x35
              text run at (0,54) width 766: "  ! \" # $ % & ' ( ) * + , - . / 0 1 2 3 4 5 6 7 8 9 : ; < = > ? @ A B C D E F G H I J K L M N O P Q R S T U V W X Y"
              text run at (0,72) width 426: "Z [ \\ ] ^ _ ` a b c d e f g h i j k l m n o p q r s t u v w x y z { | } > "
          RenderText {#text} at (0,0) size 0x0
          RenderBR {BR} at (0,0) size 0x0
          RenderInline {I} at (0,0) size 768x35
            RenderText {#text} at (0,90) size 768x35
              text run at (0,90) width 768: "  ! \" # $ % & ' ( ) * + , - . / 0 1 2 3 4 5 6 7 8 9 : ; < = > ? @ A B C D E F G H I J K L M N O P Q R S T U V W X Y Z [ \\"
              text run at (0,108) width 373: "] ^ _ ` a b c d e f g h i j k l m n o p q r s t u v w x y z { | } >"
          RenderText {#text} at (0,0) size 0x0
          RenderInline {FONT} at (0,0) size 0x0
            RenderText {#text} at (0,0) size 0x0
      RenderBlock {P} at (0,318) size 768x1710
        RenderInline {FONT} at (0,0) size 61x1709
          RenderInline {FONT} at (0,0) size 61x1709
            RenderText {#text} at (0,0) size 0x0
            RenderInline {FONT} at (0,0) size 61x1709
              RenderText {#text} at (0,0) size 29x17
                text run at (0,0) width 29: "serif"
              RenderBR {BR} at (28,14) size 1x0
              RenderText {#text} at (0,18) size 16x17
                text run at (0,18) width 16: "    "
              RenderBR {BR} at (16,32) size 0x0
              RenderText {#text} at (0,36) size 22x17
                text run at (0,36) width 22: "!!!!"
              RenderBR {BR} at (21,50) size 1x0
              RenderText {#text} at (0,54) size 27x17
                text run at (0,54) width 27: "\"\"\"\""
              RenderBR {BR} at (26,68) size 1x0
              RenderText {#text} at (0,72) size 32x17
                text run at (0,72) width 32: "####"
              RenderBR {BR} at (32,86) size 0x0
              RenderText {#text} at (0,90) size 32x17
                text run at (0,90) width 32: "$$$$"
              RenderBR {BR} at (32,104) size 0x0
              RenderText {#text} at (0,108) size 54x17
                text run at (0,108) width 54: "%%%%"
              RenderBR {BR} at (53,122) size 1x0
              RenderText {#text} at (0,126) size 50x17
                text run at (0,126) width 50: "&&&&"
              RenderBR {BR} at (49,140) size 1x0
              RenderText {#text} at (0,144) size 12x17
                text run at (0,144) width 12: "''''"
              RenderBR {BR} at (11,158) size 1x0
              RenderText {#text} at (0,162) size 22x17
                text run at (0,162) width 22: "(((("
              RenderBR {BR} at (21,176) size 1x0
              RenderText {#text} at (0,180) size 22x17
                text run at (0,180) width 22: "))))"
              RenderBR {BR} at (21,194) size 1x0
              RenderText {#text} at (0,198) size 32x17
                text run at (0,198) width 32: "****"
              RenderBR {BR} at (32,212) size 0x0
              RenderText {#text} at (0,216) size 37x17
                text run at (0,216) width 37: "++++"
              RenderBR {BR} at (36,230) size 1x0
              RenderText {#text} at (0,234) size 16x17
                text run at (0,234) width 16: ",,,,"
              RenderBR {BR} at (16,248) size 0x0
              RenderText {#text} at (0,252) size 22x17
                text run at (0,252) width 22: "----"
              RenderBR {BR} at (21,266) size 1x0
              RenderText {#text} at (0,270) size 16x17
                text run at (0,270) width 16: "...."
              RenderBR {BR} at (16,284) size 0x0
              RenderText {#text} at (0,288) size 18x17
                text run at (0,288) width 18: "////"
              RenderBR {BR} at (17,302) size 1x0
              RenderText {#text} at (0,306) size 32x17
                text run at (0,306) width 32: "0000"
              RenderBR {BR} at (32,320) size 0x0
              RenderText {#text} at (0,324) size 32x17
                text run at (0,324) width 32: "1111"
              RenderBR {BR} at (32,338) size 0x0
              RenderText {#text} at (0,342) size 32x17
                text run at (0,342) width 32: "2222"
              RenderBR {BR} at (32,356) size 0x0
              RenderText {#text} at (0,360) size 32x17
                text run at (0,360) width 32: "3333"
              RenderBR {BR} at (32,374) size 0x0
              RenderText {#text} at (0,378) size 32x17
                text run at (0,378) width 32: "4444"
              RenderBR {BR} at (32,392) size 0x0
              RenderText {#text} at (0,396) size 32x17
                text run at (0,396) width 32: "5555"
              RenderBR {BR} at (32,410) size 0x0
              RenderText {#text} at (0,414) size 32x17
                text run at (0,414) width 32: "6666"
              RenderBR {BR} at (32,428) size 0x0
              RenderText {#text} at (0,432) size 32x17
                text run at (0,432) width 32: "7777"
              RenderBR {BR} at (32,446) size 0x0
              RenderText {#text} at (0,450) size 32x17
                text run at (0,450) width 32: "8888"
              RenderBR {BR} at (32,464) size 0x0
              RenderText {#text} at (0,468) size 32x17
                text run at (0,468) width 32: "9999"
              RenderBR {BR} at (32,482) size 0x0
              RenderText {#text} at (0,486) size 18x17
                text run at (0,486) width 18: "::::"
              RenderBR {BR} at (17,500) size 1x0
              RenderText {#text} at (0,504) size 18x17
                text run at (0,504) width 18: ";;;;"
              RenderBR {BR} at (17,518) size 1x0
              RenderText {#text} at (0,522) size 37x17
                text run at (0,522) width 37: "<<<<"
              RenderBR {BR} at (36,536) size 1x0
              RenderText {#text} at (0,540) size 37x17
                text run at (0,540) width 37: "===="
              RenderBR {BR} at (36,554) size 1x0
              RenderText {#text} at (0,558) size 37x17
                text run at (0,558) width 37: ">>>>"
              RenderBR {BR} at (36,572) size 1x0
              RenderText {#text} at (0,576) size 29x17
                text run at (0,576) width 29: "????"
              RenderBR {BR} at (28,590) size 1x0
              RenderText {#text} at (0,594) size 59x17
                text run at (0,594) width 59: "@@@@"
              RenderBR {BR} at (58,608) size 1x0
              RenderText {#text} at (0,612) size 47x17
                text run at (0,612) width 47: "AAAA"
              RenderBR {BR} at (46,626) size 1x0
              RenderText {#text} at (0,630) size 43x17
                text run at (0,630) width 43: "BBBB"
              RenderBR {BR} at (42,644) size 1x0
              RenderText {#text} at (0,648) size 43x17
                text run at (0,648) width 43: "CCCC"
              RenderBR {BR} at (42,662) size 1x0
              RenderText {#text} at (0,666) size 47x17
                text run at (0,666) width 47: "DDDD"
              RenderBR {BR} at (46,680) size 1x0
              RenderText {#text} at (0,684) size 40x17
                text run at (0,684) width 40: "EEEE"
              RenderBR {BR} at (39,698) size 1x0
              RenderText {#text} at (0,702) size 36x17
                text run at (0,702) width 36: "FFFF"
              RenderBR {BR} at (35,716) size 1x0
              RenderText {#text} at (0,720) size 47x17
                text run at (0,720) width 47: "GGGG"
              RenderBR {BR} at (46,734) size 1x0
              RenderText {#text} at (0,738) size 47x17
                text run at (0,738) width 47: "HHHH"
              RenderBR {BR} at (46,752) size 1x0
              RenderText {#text} at (0,756) size 22x17
                text run at (0,756) width 22: "IIII"
              RenderBR {BR} at (21,770) size 1x0
              RenderText {#text} at (0,774) size 25x17
                text run at (0,774) width 25: "JJJJ"
              RenderBR {BR} at (24,788) size 1x0
              RenderText {#text} at (0,792) size 47x17
                text run at (0,792) width 47: "KKKK"
              RenderBR {BR} at (46,806) size 1x0
              RenderText {#text} at (0,810) size 40x17
                text run at (0,810) width 40: "LLLL"
              RenderBR {BR} at (39,824) size 1x0
              RenderText {#text} at (0,828) size 57x17
                text run at (0,828) width 57: "MMMM"
              RenderBR {BR} at (56,842) size 1x0
              RenderText {#text} at (0,846) size 47x17
                text run at (0,846) width 47: "NNNN"
              RenderBR {BR} at (46,860) size 1x0
              RenderText {#text} at (0,864) size 47x17
                text run at (0,864) width 47: "OOOO"
              RenderBR {BR} at (46,878) size 1x0
              RenderText {#text} at (0,882) size 36x17
                text run at (0,882) width 36: "PPPP"
              RenderBR {BR} at (35,896) size 1x0
              RenderText {#text} at (0,900) size 47x17
                text run at (0,900) width 47: "QQQQ"
              RenderBR {BR} at (46,914) size 1x0
              RenderText {#text} at (0,918) size 43x17
                text run at (0,918) width 43: "RRRR"
              RenderBR {BR} at (42,932) size 1x0
              RenderText {#text} at (0,936) size 36x17
                text run at (0,936) width 36: "SSSS"
              RenderBR {BR} at (35,950) size 1x0
              RenderText {#text} at (0,954) size 40x17
                text run at (0,954) width 40: "TTTT"
              RenderBR {BR} at (39,968) size 1x0
              RenderText {#text} at (0,972) size 47x17
                text run at (0,972) width 47: "UUUU"
              RenderBR {BR} at (46,986) size 1x0
              RenderText {#text} at (0,990) size 47x17
                text run at (0,990) width 47: "VVVV"
              RenderBR {BR} at (46,1004) size 1x0
              RenderText {#text} at (0,1008) size 61x17
                text run at (0,1008) width 61: "WWWW"
              RenderBR {BR} at (60,1022) size 1x0
              RenderText {#text} at (0,1026) size 47x17
                text run at (0,1026) width 47: "XXXX"
              RenderBR {BR} at (46,1040) size 1x0
              RenderText {#text} at (0,1044) size 47x17
                text run at (0,1044) width 47: "YYYY"
              RenderBR {BR} at (46,1058) size 1x0
              RenderText {#text} at (0,1062) size 40x17
                text run at (0,1062) width 40: "ZZZZ"
              RenderBR {BR} at (39,1076) size 1x0
              RenderText {#text} at (0,1080) size 22x17
                text run at (0,1080) width 22: "[[[["
              RenderBR {BR} at (21,1094) size 1x0
              RenderText {#text} at (0,1098) size 18x17
                text run at (0,1098) width 18: "\\\\\\\\"
              RenderBR {BR} at (17,1112) size 1x0
              RenderText {#text} at (0,1116) size 22x17
                text run at (0,1116) width 22: "]]]]"
              RenderBR {BR} at (21,1130) size 1x0
              RenderText {#text} at (0,1134) size 31x17
                text run at (0,1134) width 31: "^^^^"
              RenderBR {BR} at (30,1148) size 1x0
              RenderText {#text} at (0,1152) size 32x17
                text run at (0,1152) width 32: "____"
              RenderBR {BR} at (32,1166) size 0x0
              RenderText {#text} at (0,1170) size 22x17
                text run at (0,1170) width 22: "````"
              RenderBR {BR} at (21,1184) size 1x0
              RenderText {#text} at (0,1188) size 29x17
                text run at (0,1188) width 29: "aaaa"
              RenderBR {BR} at (28,1202) size 1x0
              RenderText {#text} at (0,1206) size 32x17
                text run at (0,1206) width 32: "bbbb"
              RenderBR {BR} at (32,1220) size 0x0
              RenderText {#text} at (0,1224) size 29x17
                text run at (0,1224) width 29: "cccc"
              RenderBR {BR} at (28,1238) size 1x0
              RenderText {#text} at (0,1242) size 32x17
                text run at (0,1242) width 32: "dddd"
              RenderBR {BR} at (32,1256) size 0x0
              RenderText {#text} at (0,1260) size 29x17
                text run at (0,1260) width 29: "eeee"
              RenderBR {BR} at (28,1274) size 1x0
              RenderText {#text} at (0,1278) size 22x17
                text run at (0,1278) width 22: "ffff"
              RenderBR {BR} at (21,1292) size 1x0
              RenderText {#text} at (0,1296) size 32x17
                text run at (0,1296) width 32: "gggg"
              RenderBR {BR} at (32,1310) size 0x0
              RenderText {#text} at (0,1314) size 32x17
                text run at (0,1314) width 32: "hhhh"
              RenderBR {BR} at (32,1328) size 0x0
              RenderText {#text} at (0,1332) size 18x17
                text run at (0,1332) width 18: "iiii"
              RenderBR {BR} at (17,1346) size 1x0
              RenderText {#text} at (0,1350) size 18x17
                text run at (0,1350) width 18: "jjjj"
              RenderBR {BR} at (17,1364) size 1x0
              RenderText {#text} at (0,1368) size 32x17
                text run at (0,1368) width 32: "kkkk"
              RenderBR {BR} at (32,1382) size 0x0
              RenderText {#text} at (0,1386) size 18x17
                text run at (0,1386) width 18: "llll"
              RenderBR {BR} at (17,1400) size 1x0
              RenderText {#text} at (0,1404) size 50x17
                text run at (0,1404) width 50: "mmmm"
              RenderBR {BR} at (49,1418) size 1x0
              RenderText {#text} at (0,1422) size 32x17
                text run at (0,1422) width 32: "nnnn"
              RenderBR {BR} at (32,1436) size 0x0
              RenderText {#text} at (0,1440) size 32x17
                text run at (0,1440) width 32: "oooo"
              RenderBR {BR} at (32,1454) size 0x0
              RenderText {#text} at (0,1458) size 32x17
                text run at (0,1458) width 32: "pppp"
              RenderBR {BR} at (32,1472) size 0x0
              RenderText {#text} at (0,1476) size 32x17
                text run at (0,1476) width 32: "qqqq"
              RenderBR {BR} at (32,1490) size 0x0
              RenderText {#text} at (0,1494) size 22x17
                text run at (0,1494) width 22: "rrrr"
              RenderBR {BR} at (21,1508) size 1x0
              RenderText {#text} at (0,1512) size 25x17
                text run at (0,1512) width 25: "ssss"
              RenderBR {BR} at (24,1526) size 1x0
              RenderText {#text} at (0,1530) size 18x17
                text run at (0,1530) width 18: "tttt"
              RenderBR {BR} at (17,1544) size 1x0
              RenderText {#text} at (0,1548) size 32x17
                text run at (0,1548) width 32: "uuuu"
              RenderBR {BR} at (32,1562) size 0x0
              RenderText {#text} at (0,1566) size 32x17
                text run at (0,1566) width 32: "vvvv"
              RenderBR {BR} at (32,1580) size 0x0
              RenderText {#text} at (0,1584) size 47x17
                text run at (0,1584) width 47: "wwww"
              RenderBR {BR} at (46,1598) size 1x0
              RenderText {#text} at (0,1602) size 32x17
                text run at (0,1602) width 32: "xxxx"
              RenderBR {BR} at (32,1616) size 0x0
              RenderText {#text} at (0,1620) size 32x17
                text run at (0,1620) width 32: "yyyy"
              RenderBR {BR} at (32,1634) size 0x0
              RenderText {#text} at (0,1638) size 29x17
                text run at (0,1638) width 29: "zzzz"
              RenderBR {BR} at (28,1652) size 1x0
              RenderText {#text} at (0,1656) size 31x17
                text run at (0,1656) width 31: "{{{{"
              RenderBR {BR} at (30,1670) size 1x0
              RenderText {#text} at (0,1674) size 13x17
                text run at (0,1674) width 13: "||||"
              RenderBR {BR} at (12,1688) size 1x0
              RenderText {#text} at (0,1692) size 31x17
                text run at (0,1692) width 31: "}}}}"
              RenderBR {BR} at (30,1706) size 1x0
      RenderBlock {P} at (0,2044) size 768x1692
        RenderInline {FONT} at (0,0) size 64x1691
          RenderInline {FONT} at (0,0) size 64x1691
            RenderInline {FONT} at (0,0) size 64x1691
              RenderText {#text} at (0,0) size 0x0
              RenderInline {B} at (0,0) size 64x1691
                RenderText {#text} at (0,0) size 16x17
                  text run at (0,0) width 16: "    "
                RenderBR {BR} at (16,14) size 0x0
                RenderText {#text} at (0,18) size 22x17
                  text run at (0,18) width 22: "!!!!"
                RenderBR {BR} at (21,32) size 1x0
                RenderText {#text} at (0,36) size 36x17
                  text run at (0,36) width 36: "\"\"\"\""
                RenderBR {BR} at (35,50) size 1x0
                RenderText {#text} at (0,54) size 32x17
                  text run at (0,54) width 32: "####"
                RenderBR {BR} at (32,68) size 0x0
                RenderText {#text} at (0,72) size 32x17
                  text run at (0,72) width 32: "$$$$"
                RenderBR {BR} at (32,86) size 0x0
                RenderText {#text} at (0,90) size 64x17
                  text run at (0,90) width 64: "%%%%"
                RenderBR {BR} at (64,104) size 0x0
                RenderText {#text} at (0,108) size 54x17
                  text run at (0,108) width 54: "&&&&"
                RenderBR {BR} at (53,122) size 1x0
                RenderText {#text} at (0,126) size 18x17
                  text run at (0,126) width 18: "''''"
                RenderBR {BR} at (17,140) size 1x0
                RenderText {#text} at (0,144) size 22x17
                  text run at (0,144) width 22: "(((("
                RenderBR {BR} at (21,158) size 1x0
                RenderText {#text} at (0,162) size 22x17
                  text run at (0,162) width 22: "))))"
                RenderBR {BR} at (21,176) size 1x0
                RenderText {#text} at (0,180) size 32x17
                  text run at (0,180) width 32: "****"
                RenderBR {BR} at (32,194) size 0x0
                RenderText {#text} at (0,198) size 37x17
                  text run at (0,198) width 37: "++++"
                RenderBR {BR} at (36,212) size 1x0
                RenderText {#text} at (0,216) size 16x17
                  text run at (0,216) width 16: ",,,,"
                RenderBR {BR} at (16,230) size 0x0
                RenderText {#text} at (0,234) size 22x17
                  text run at (0,234) width 22: "----"
                RenderBR {BR} at (21,248) size 1x0
                RenderText {#text} at (0,252) size 16x17
                  text run at (0,252) width 16: "...."
                RenderBR {BR} at (16,266) size 0x0
                RenderText {#text} at (0,270) size 18x17
                  text run at (0,270) width 18: "////"
                RenderBR {BR} at (17,284) size 1x0
                RenderText {#text} at (0,288) size 32x17
                  text run at (0,288) width 32: "0000"
                RenderBR {BR} at (32,302) size 0x0
                RenderText {#text} at (0,306) size 32x17
                  text run at (0,306) width 32: "1111"
                RenderBR {BR} at (32,320) size 0x0
                RenderText {#text} at (0,324) size 32x17
                  text run at (0,324) width 32: "2222"
                RenderBR {BR} at (32,338) size 0x0
                RenderText {#text} at (0,342) size 32x17
                  text run at (0,342) width 32: "3333"
                RenderBR {BR} at (32,356) size 0x0
                RenderText {#text} at (0,360) size 32x17
                  text run at (0,360) width 32: "4444"
                RenderBR {BR} at (32,374) size 0x0
                RenderText {#text} at (0,378) size 32x17
                  text run at (0,378) width 32: "5555"
                RenderBR {BR} at (32,392) size 0x0
                RenderText {#text} at (0,396) size 32x17
                  text run at (0,396) width 32: "6666"
                RenderBR {BR} at (32,410) size 0x0
                RenderText {#text} at (0,414) size 32x17
                  text run at (0,414) width 32: "7777"
                RenderBR {BR} at (32,428) size 0x0
                RenderText {#text} at (0,432) size 32x17
                  text run at (0,432) width 32: "8888"
                RenderBR {BR} at (32,446) size 0x0
                RenderText {#text} at (0,450) size 32x17
                  text run at (0,450) width 32: "9999"
                RenderBR {BR} at (32,464) size 0x0
                RenderText {#text} at (0,468) size 22x17
                  text run at (0,468) width 22: "::::"
                RenderBR {BR} at (21,482) size 1x0
                RenderText {#text} at (0,486) size 22x17
                  text run at (0,486) width 22: ";;;;"
                RenderBR {BR} at (21,500) size 1x0
                RenderText {#text} at (0,504) size 37x17
                  text run at (0,504) width 37: "<<<<"
                RenderBR {BR} at (36,518) size 1x0
                RenderText {#text} at (0,522) size 37x17
                  text run at (0,522) width 37: "===="
                RenderBR {BR} at (36,536) size 1x0
                RenderText {#text} at (0,540) size 37x17
                  text run at (0,540) width 37: ">>>>"
                RenderBR {BR} at (36,554) size 1x0
                RenderText {#text} at (0,558) size 32x17
                  text run at (0,558) width 32: "????"
                RenderBR {BR} at (32,572) size 0x0
                RenderText {#text} at (0,576) size 60x17
                  text run at (0,576) width 60: "@@@@"
                RenderBR {BR} at (59,590) size 1x0
                RenderText {#text} at (0,594) size 47x17
                  text run at (0,594) width 47: "AAAA"
                RenderBR {BR} at (46,608) size 1x0
                RenderText {#text} at (0,612) size 43x17
                  text run at (0,612) width 43: "BBBB"
                RenderBR {BR} at (42,626) size 1x0
                RenderText {#text} at (0,630) size 47x17
                  text run at (0,630) width 47: "CCCC"
                RenderBR {BR} at (46,644) size 1x0
                RenderText {#text} at (0,648) size 47x17
                  text run at (0,648) width 47: "DDDD"
                RenderBR {BR} at (46,662) size 1x0
                RenderText {#text} at (0,666) size 43x17
                  text run at (0,666) width 43: "EEEE"
                RenderBR {BR} at (42,680) size 1x0
                RenderText {#text} at (0,684) size 40x17
                  text run at (0,684) width 40: "FFFF"
                RenderBR {BR} at (39,698) size 1x0
                RenderText {#text} at (0,702) size 50x17
                  text run at (0,702) width 50: "GGGG"
                RenderBR {BR} at (49,716) size 1x0
                RenderText {#text} at (0,720) size 50x17
                  text run at (0,720) width 50: "HHHH"
                RenderBR {BR} at (49,734) size 1x0
                RenderText {#text} at (0,738) size 25x17
                  text run at (0,738) width 25: "IIII"
                RenderBR {BR} at (24,752) size 1x0
                RenderText {#text} at (0,756) size 32x17
                  text run at (0,756) width 32: "JJJJ"
                RenderBR {BR} at (32,770) size 0x0
                RenderText {#text} at (0,774) size 50x17
                  text run at (0,774) width 50: "KKKK"
                RenderBR {BR} at (49,788) size 1x0
                RenderText {#text} at (0,792) size 43x17
                  text run at (0,792) width 43: "LLLL"
                RenderBR {BR} at (42,806) size 1x0
                RenderText {#text} at (0,810) size 61x17
                  text run at (0,810) width 61: "MMMM"
                RenderBR {BR} at (60,824) size 1x0
                RenderText {#text} at (0,828) size 47x17
                  text run at (0,828) width 47: "NNNN"
                RenderBR {BR} at (46,842) size 1x0
                RenderText {#text} at (0,846) size 50x17
                  text run at (0,846) width 50: "OOOO"
                RenderBR {BR} at (49,860) size 1x0
                RenderText {#text} at (0,864) size 40x17
                  text run at (0,864) width 40: "PPPP"
                RenderBR {BR} at (39,878) size 1x0
                RenderText {#text} at (0,882) size 50x17
                  text run at (0,882) width 50: "QQQQ"
                RenderBR {BR} at (49,896) size 1x0
                RenderText {#text} at (0,900) size 47x17
                  text run at (0,900) width 47: "RRRR"
                RenderBR {BR} at (46,914) size 1x0
                RenderText {#text} at (0,918) size 36x17
                  text run at (0,918) width 36: "SSSS"
                RenderBR {BR} at (35,932) size 1x0
                RenderText {#text} at (0,936) size 43x17
                  text run at (0,936) width 43: "TTTT"
                RenderBR {BR} at (42,950) size 1x0
                RenderText {#text} at (0,954) size 47x17
                  text run at (0,954) width 47: "UUUU"
                RenderBR {BR} at (46,968) size 1x0
                RenderText {#text} at (0,972) size 47x17
                  text run at (0,972) width 47: "VVVV"
                RenderBR {BR} at (46,986) size 1x0
                RenderText {#text} at (0,990) size 64x17
                  text run at (0,990) width 64: "WWWW"
                RenderBR {BR} at (64,1004) size 0x0
                RenderText {#text} at (0,1008) size 47x17
                  text run at (0,1008) width 47: "XXXX"
                RenderBR {BR} at (46,1022) size 1x0
                RenderText {#text} at (0,1026) size 47x17
                  text run at (0,1026) width 47: "YYYY"
                RenderBR {BR} at (46,1040) size 1x0
                RenderText {#text} at (0,1044) size 43x17
                  text run at (0,1044) width 43: "ZZZZ"
                RenderBR {BR} at (42,1058) size 1x0
                RenderText {#text} at (0,1062) size 22x17
                  text run at (0,1062) width 22: "[[[["
                RenderBR {BR} at (21,1076) size 1x0
                RenderText {#text} at (0,1080) size 18x17
                  text run at (0,1080) width 18: "\\\\\\\\"
                RenderBR {BR} at (17,1094) size 1x0
                RenderText {#text} at (0,1098) size 22x17
                  text run at (0,1098) width 22: "]]]]"
                RenderBR {BR} at (21,1112) size 1x0
                RenderText {#text} at (0,1116) size 38x17
                  text run at (0,1116) width 38: "^^^^"
                RenderBR {BR} at (37,1130) size 1x0
                RenderText {#text} at (0,1134) size 32x17
                  text run at (0,1134) width 32: "____"
                RenderBR {BR} at (32,1148) size 0x0
                RenderText {#text} at (0,1152) size 22x17
                  text run at (0,1152) width 22: "````"
                RenderBR {BR} at (21,1166) size 1x0
                RenderText {#text} at (0,1170) size 32x17
                  text run at (0,1170) width 32: "aaaa"
                RenderBR {BR} at (32,1184) size 0x0
                RenderText {#text} at (0,1188) size 36x17
                  text run at (0,1188) width 36: "bbbb"
                RenderBR {BR} at (35,1202) size 1x0
                RenderText {#text} at (0,1206) size 29x17
                  text run at (0,1206) width 29: "cccc"
                RenderBR {BR} at (28,1220) size 1x0
                RenderText {#text} at (0,1224) size 36x17
                  text run at (0,1224) width 36: "dddd"
                RenderBR {BR} at (35,1238) size 1x0
                RenderText {#text} at (0,1242) size 29x17
                  text run at (0,1242) width 29: "eeee"
                RenderBR {BR} at (28,1256) size 1x0
                RenderText {#text} at (0,1260) size 22x17
                  text run at (0,1260) width 22: "ffff"
                RenderBR {BR} at (21,1274) size 1x0
                RenderText {#text} at (0,1278) size 32x17
                  text run at (0,1278) width 32: "gggg"
                RenderBR {BR} at (32,1292) size 0x0
                RenderText {#text} at (0,1296) size 36x17
                  text run at (0,1296) width 36: "hhhh"
                RenderBR {BR} at (35,1310) size 1x0
                RenderText {#text} at (0,1314) size 18x17
                  text run at (0,1314) width 18: "iiii"
                RenderBR {BR} at (17,1328) size 1x0
                RenderText {#text} at (0,1332) size 22x17
                  text run at (0,1332) width 22: "jjjj"
                RenderBR {BR} at (21,1346) size 1x0
                RenderText {#text} at (0,1350) size 36x17
                  text run at (0,1350) width 36: "kkkk"
                RenderBR {BR} at (35,1364) size 1x0
                RenderText {#text} at (0,1368) size 18x17
                  text run at (0,1368) width 18: "llll"
                RenderBR {BR} at (17,1382) size 1x0
                RenderText {#text} at (0,1386) size 54x17
                  text run at (0,1386) width 54: "mmmm"
                RenderBR {BR} at (53,1400) size 1x0
                RenderText {#text} at (0,1404) size 36x17
                  text run at (0,1404) width 36: "nnnn"
                RenderBR {BR} at (35,1418) size 1x0
                RenderText {#text} at (0,1422) size 32x17
                  text run at (0,1422) width 32: "oooo"
                RenderBR {BR} at (32,1436) size 0x0
                RenderText {#text} at (0,1440) size 36x17
                  text run at (0,1440) width 36: "pppp"
                RenderBR {BR} at (35,1454) size 1x0
                RenderText {#text} at (0,1458) size 36x17
                  text run at (0,1458) width 36: "qqqq"
                RenderBR {BR} at (35,1472) size 1x0
                RenderText {#text} at (0,1476) size 29x17
                  text run at (0,1476) width 29: "rrrr"
                RenderBR {BR} at (28,1490) size 1x0
                RenderText {#text} at (0,1494) size 25x17
                  text run at (0,1494) width 25: "ssss"
                RenderBR {BR} at (24,1508) size 1x0
                RenderText {#text} at (0,1512) size 22x17
                  text run at (0,1512) width 22: "tttt"
                RenderBR {BR} at (21,1526) size 1x0
                RenderText {#text} at (0,1530) size 36x17
                  text run at (0,1530) width 36: "uuuu"
                RenderBR {BR} at (35,1544) size 1x0
                RenderText {#text} at (0,1548) size 32x17
                  text run at (0,1548) width 32: "vvvv"
                RenderBR {BR} at (32,1562) size 0x0
                RenderText {#text} at (0,1566) size 47x17
                  text run at (0,1566) width 47: "wwww"
                RenderBR {BR} at (46,1580) size 1x0
                RenderText {#text} at (0,1584) size 32x17
                  text run at (0,1584) width 32: "xxxx"
                RenderBR {BR} at (32,1598) size 0x0
                RenderText {#text} at (0,1602) size 32x17
                  text run at (0,1602) width 32: "yyyy"
                RenderBR {BR} at (32,1616) size 0x0
                RenderText {#text} at (0,1620) size 29x17
                  text run at (0,1620) width 29: "zzzz"
                RenderBR {BR} at (28,1634) size 1x0
                RenderText {#text} at (0,1638) size 26x17
                  text run at (0,1638) width 26: "{{{{"
                RenderBR {BR} at (25,1652) size 1x0
                RenderText {#text} at (0,1656) size 15x17
                  text run at (0,1656) width 15: "||||"
                RenderBR {BR} at (14,1670) size 1x0
                RenderText {#text} at (0,1674) size 26x17
                  text run at (0,1674) width 26: "}}}}"
                RenderBR {BR} at (25,1688) size 1x0
              RenderText {#text} at (0,0) size 0x0
      RenderBlock {P} at (0,3752) size 768x1692
        RenderInline {FONT} at (0,0) size 59x1691
          RenderInline {FONT} at (0,0) size 59x1691
            RenderInline {FONT} at (0,0) size 59x1691
              RenderText {#text} at (0,0) size 0x0
              RenderInline {I} at (0,0) size 59x1691
                RenderText {#text} at (0,0) size 16x17
                  text run at (0,0) width 16: "    "
                RenderBR {BR} at (16,14) size 0x0
                RenderText {#text} at (0,18) size 22x17
                  text run at (0,18) width 22: "!!!!"
                RenderBR {BR} at (21,32) size 1x0
                RenderText {#text} at (0,36) size 27x17
                  text run at (0,36) width 27: "\"\"\"\""
                RenderBR {BR} at (26,50) size 1x0
                RenderText {#text} at (0,54) size 32x17
                  text run at (0,54) width 32: "####"
                RenderBR {BR} at (32,68) size 0x0
                RenderText {#text} at (0,72) size 32x17
                  text run at (0,72) width 32: "$$$$"
                RenderBR {BR} at (32,86) size 0x0
                RenderText {#text} at (0,90) size 54x17
                  text run at (0,90) width 54: "%%%%"
                RenderBR {BR} at (53,104) size 1x0
                RenderText {#text} at (0,108) size 50x17
                  text run at (0,108) width 50: "&&&&"
                RenderBR {BR} at (49,122) size 1x0
                RenderText {#text} at (0,126) size 14x17
                  text run at (0,126) width 14: "''''"
                RenderBR {BR} at (13,140) size 1x0
                RenderText {#text} at (0,144) size 22x17
                  text run at (0,144) width 22: "(((("
                RenderBR {BR} at (21,158) size 1x0
                RenderText {#text} at (0,162) size 22x17
                  text run at (0,162) width 22: "))))"
                RenderBR {BR} at (21,176) size 1x0
                RenderText {#text} at (0,180) size 32x17
                  text run at (0,180) width 32: "****"
                RenderBR {BR} at (32,194) size 0x0
                RenderText {#text} at (0,198) size 44x17
                  text run at (0,198) width 44: "++++"
                RenderBR {BR} at (43,212) size 1x0
                RenderText {#text} at (0,216) size 16x17
                  text run at (0,216) width 16: ",,,,"
                RenderBR {BR} at (16,230) size 0x0
                RenderText {#text} at (0,234) size 22x17
                  text run at (0,234) width 22: "----"
                RenderBR {BR} at (21,248) size 1x0
                RenderText {#text} at (0,252) size 16x17
                  text run at (0,252) width 16: "...."
                RenderBR {BR} at (16,266) size 0x0
                RenderText {#text} at (0,270) size 18x17
                  text run at (0,270) width 18: "////"
                RenderBR {BR} at (17,284) size 1x0
                RenderText {#text} at (0,288) size 32x17
                  text run at (0,288) width 32: "0000"
                RenderBR {BR} at (32,302) size 0x0
                RenderText {#text} at (0,306) size 32x17
                  text run at (0,306) width 32: "1111"
                RenderBR {BR} at (32,320) size 0x0
                RenderText {#text} at (0,324) size 32x17
                  text run at (0,324) width 32: "2222"
                RenderBR {BR} at (32,338) size 0x0
                RenderText {#text} at (0,342) size 32x17
                  text run at (0,342) width 32: "3333"
                RenderBR {BR} at (32,356) size 0x0
                RenderText {#text} at (0,360) size 32x17
                  text run at (0,360) width 32: "4444"
                RenderBR {BR} at (32,374) size 0x0
                RenderText {#text} at (0,378) size 32x17
                  text run at (0,378) width 32: "5555"
                RenderBR {BR} at (32,392) size 0x0
                RenderText {#text} at (0,396) size 32x17
                  text run at (0,396) width 32: "6666"
                RenderBR {BR} at (32,410) size 0x0
                RenderText {#text} at (0,414) size 32x17
                  text run at (0,414) width 32: "7777"
                RenderBR {BR} at (32,428) size 0x0
                RenderText {#text} at (0,432) size 32x17
                  text run at (0,432) width 32: "8888"
                RenderBR {BR} at (32,446) size 0x0
                RenderText {#text} at (0,450) size 32x17
                  text run at (0,450) width 32: "9999"
                RenderBR {BR} at (32,464) size 0x0
                RenderText {#text} at (0,468) size 22x17
                  text run at (0,468) width 22: "::::"
                RenderBR {BR} at (21,482) size 1x0
                RenderText {#text} at (0,486) size 22x17
                  text run at (0,486) width 22: ";;;;"
                RenderBR {BR} at (21,500) size 1x0
                RenderText {#text} at (0,504) size 44x17
                  text run at (0,504) width 44: "<<<<"
                RenderBR {BR} at (43,518) size 1x0
                RenderText {#text} at (0,522) size 44x17
                  text run at (0,522) width 44: "===="
                RenderBR {BR} at (43,536) size 1x0
                RenderText {#text} at (0,540) size 44x17
                  text run at (0,540) width 44: ">>>>"
                RenderBR {BR} at (43,554) size 1x0
                RenderText {#text} at (0,558) size 32x17
                  text run at (0,558) width 32: "????"
                RenderBR {BR} at (32,572) size 0x0
                RenderText {#text} at (0,576) size 59x17
                  text run at (0,576) width 59: "@@@@"
                RenderBR {BR} at (58,590) size 1x0
                RenderText {#text} at (0,594) size 40x17
                  text run at (0,594) width 40: "AAAA"
                RenderBR {BR} at (39,608) size 1x0
                RenderText {#text} at (0,612) size 40x17
                  text run at (0,612) width 40: "BBBB"
                RenderBR {BR} at (39,626) size 1x0
                RenderText {#text} at (0,630) size 43x17
                  text run at (0,630) width 43: "CCCC"
                RenderBR {BR} at (42,644) size 1x0
                RenderText {#text} at (0,648) size 47x17
                  text run at (0,648) width 47: "DDDD"
                RenderBR {BR} at (46,662) size 1x0
                RenderText {#text} at (0,666) size 40x17
                  text run at (0,666) width 40: "EEEE"
                RenderBR {BR} at (39,680) size 1x0
                RenderText {#text} at (0,684) size 40x17
                  text run at (0,684) width 40: "FFFF"
                RenderBR {BR} at (39,698) size 1x0
                RenderText {#text} at (0,702) size 47x17
                  text run at (0,702) width 47: "GGGG"
                RenderBR {BR} at (46,716) size 1x0
                RenderText {#text} at (0,720) size 47x17
                  text run at (0,720) width 47: "HHHH"
                RenderBR {BR} at (46,734) size 1x0
                RenderText {#text} at (0,738) size 22x17
                  text run at (0,738) width 22: "IIII"
                RenderBR {BR} at (21,752) size 1x0
                RenderText {#text} at (0,756) size 29x17
                  text run at (0,756) width 29: "JJJJ"
                RenderBR {BR} at (28,770) size 1x0
                RenderText {#text} at (0,774) size 43x17
                  text run at (0,774) width 43: "KKKK"
                RenderBR {BR} at (42,788) size 1x0
                RenderText {#text} at (0,792) size 36x17
                  text run at (0,792) width 36: "LLLL"
                RenderBR {BR} at (35,806) size 1x0
                RenderText {#text} at (0,810) size 54x17
                  text run at (0,810) width 54: "MMMM"
                RenderBR {BR} at (53,824) size 1x0
                RenderText {#text} at (0,828) size 43x17
                  text run at (0,828) width 43: "NNNN"
                RenderBR {BR} at (42,842) size 1x0
                RenderText {#text} at (0,846) size 47x17
                  text run at (0,846) width 47: "OOOO"
                RenderBR {BR} at (46,860) size 1x0
                RenderText {#text} at (0,864) size 40x17
                  text run at (0,864) width 40: "PPPP"
                RenderBR {BR} at (39,878) size 1x0
                RenderText {#text} at (0,882) size 47x17
                  text run at (0,882) width 47: "QQQQ"
                RenderBR {BR} at (46,896) size 1x0
                RenderText {#text} at (0,900) size 40x17
                  text run at (0,900) width 40: "RRRR"
                RenderBR {BR} at (39,914) size 1x0
                RenderText {#text} at (0,918) size 32x17
                  text run at (0,918) width 32: "SSSS"
                RenderBR {BR} at (32,932) size 0x0
                RenderText {#text} at (0,936) size 36x17
                  text run at (0,936) width 36: "TTTT"
                RenderBR {BR} at (35,950) size 1x0
                RenderText {#text} at (0,954) size 47x17
                  text run at (0,954) width 47: "UUUU"
                RenderBR {BR} at (46,968) size 1x0
                RenderText {#text} at (0,972) size 40x17
                  text run at (0,972) width 40: "VVVV"
                RenderBR {BR} at (39,986) size 1x0
                RenderText {#text} at (0,990) size 54x17
                  text run at (0,990) width 54: "WWWW"
                RenderBR {BR} at (53,1004) size 1x0
                RenderText {#text} at (0,1008) size 40x17
                  text run at (0,1008) width 40: "XXXX"
                RenderBR {BR} at (39,1022) size 1x0
                RenderText {#text} at (0,1026) size 36x17
                  text run at (0,1026) width 36: "YYYY"
                RenderBR {BR} at (35,1040) size 1x0
                RenderText {#text} at (0,1044) size 36x17
                  text run at (0,1044) width 36: "ZZZZ"
                RenderBR {BR} at (35,1058) size 1x0
                RenderText {#text} at (0,1062) size 25x17
                  text run at (0,1062) width 25: "[[[["
                RenderBR {BR} at (24,1076) size 1x0
                RenderText {#text} at (0,1080) size 18x17
                  text run at (0,1080) width 18: "\\\\\\\\"
                RenderBR {BR} at (17,1094) size 1x0
                RenderText {#text} at (0,1098) size 25x17
                  text run at (0,1098) width 25: "]]]]"
                RenderBR {BR} at (24,1112) size 1x0
                RenderText {#text} at (0,1116) size 27x17
                  text run at (0,1116) width 27: "^^^^"
                RenderBR {BR} at (27,1130) size 0x0
                RenderText {#text} at (0,1134) size 32x17
                  text run at (0,1134) width 32: "____"
                RenderBR {BR} at (32,1148) size 0x0
                RenderText {#text} at (0,1152) size 22x17
                  text run at (0,1152) width 22: "````"
                RenderBR {BR} at (21,1166) size 1x0
                RenderText {#text} at (0,1170) size 32x17
                  text run at (0,1170) width 32: "aaaa"
                RenderBR {BR} at (32,1184) size 0x0
                RenderText {#text} at (0,1188) size 32x17
                  text run at (0,1188) width 32: "bbbb"
                RenderBR {BR} at (32,1202) size 0x0
                RenderText {#text} at (0,1206) size 29x17
                  text run at (0,1206) width 29: "cccc"
                RenderBR {BR} at (28,1220) size 1x0
                RenderText {#text} at (0,1224) size 32x17
                  text run at (0,1224) width 32: "dddd"
                RenderBR {BR} at (32,1238) size 0x0
                RenderText {#text} at (0,1242) size 29x17
                  text run at (0,1242) width 29: "eeee"
                RenderBR {BR} at (28,1256) size 1x0
                RenderText {#text} at (0,1260) size 18x17
                  text run at (0,1260) width 18: "ffff"
                RenderBR {BR} at (17,1274) size 1x0
                RenderText {#text} at (0,1278) size 32x17
                  text run at (0,1278) width 32: "gggg"
                RenderBR {BR} at (32,1292) size 0x0
                RenderText {#text} at (0,1296) size 32x17
                  text run at (0,1296) width 32: "hhhh"
                RenderBR {BR} at (32,1310) size 0x0
                RenderText {#text} at (0,1314) size 18x17
                  text run at (0,1314) width 18: "iiii"
                RenderBR {BR} at (17,1328) size 1x0
                RenderText {#text} at (0,1332) size 18x17
                  text run at (0,1332) width 18: "jjjj"
                RenderBR {BR} at (17,1346) size 1x0
                RenderText {#text} at (0,1350) size 29x17
                  text run at (0,1350) width 29: "kkkk"
                RenderBR {BR} at (28,1364) size 1x0
                RenderText {#text} at (0,1368) size 18x17
                  text run at (0,1368) width 18: "llll"
                RenderBR {BR} at (17,1382) size 1x0
                RenderText {#text} at (0,1386) size 47x17
                  text run at (0,1386) width 47: "mmmm"
                RenderBR {BR} at (46,1400) size 1x0
                RenderText {#text} at (0,1404) size 32x17
                  text run at (0,1404) width 32: "nnnn"
                RenderBR {BR} at (32,1418) size 0x0
                RenderText {#text} at (0,1422) size 32x17
                  text run at (0,1422) width 32: "oooo"
                RenderBR {BR} at (32,1436) size 0x0
                RenderText {#text} at (0,1440) size 32x17
                  text run at (0,1440) width 32: "pppp"
                RenderBR {BR} at (32,1454) size 0x0
                RenderText {#text} at (0,1458) size 32x17
                  text run at (0,1458) width 32: "qqqq"
                RenderBR {BR} at (32,1472) size 0x0
                RenderText {#text} at (0,1476) size 25x17
                  text run at (0,1476) width 25: "rrrr"
                RenderBR {BR} at (24,1490) size 1x0
                RenderText {#text} at (0,1494) size 25x17
                  text run at (0,1494) width 25: "ssss"
                RenderBR {BR} at (24,1508) size 1x0
                RenderText {#text} at (0,1512) size 18x17
                  text run at (0,1512) width 18: "tttt"
                RenderBR {BR} at (17,1526) size 1x0
                RenderText {#text} at (0,1530) size 32x17
                  text run at (0,1530) width 32: "uuuu"
                RenderBR {BR} at (32,1544) size 0x0
                RenderText {#text} at (0,1548) size 29x17
                  text run at (0,1548) width 29: "vvvv"
                RenderBR {BR} at (28,1562) size 1x0
                RenderText {#text} at (0,1566) size 43x17
                  text run at (0,1566) width 43: "wwww"
                RenderBR {BR} at (42,1580) size 1x0
                RenderText {#text} at (0,1584) size 29x17
                  text run at (0,1584) width 29: "xxxx"
                RenderBR {BR} at (28,1598) size 1x0
                RenderText {#text} at (0,1602) size 29x17
                  text run at (0,1602) width 29: "yyyy"
                RenderBR {BR} at (28,1616) size 1x0
                RenderText {#text} at (0,1620) size 25x17
                  text run at (0,1620) width 25: "zzzz"
                RenderBR {BR} at (24,1634) size 1x0
                RenderText {#text} at (0,1638) size 26x17
                  text run at (0,1638) width 26: "{{{{"
                RenderBR {BR} at (25,1652) size 1x0
                RenderText {#text} at (0,1656) size 18x17
                  text run at (0,1656) width 18: "||||"
                RenderBR {BR} at (17,1670) size 1x0
                RenderText {#text} at (0,1674) size 26x17
                  text run at (0,1674) width 26: "}}}}"
                RenderBR {BR} at (25,1688) size 1x0
              RenderText {#text} at (0,0) size 0x0
            RenderText {#text} at (0,0) size 0x0
