layer at (0,0) size 800x600
  RenderView at (0,0) size 800x600
layer at (0,0) size 800x600
  RenderBlock {HTML} at (0,0) size 800x600
    RenderBody {BODY} at (8,8) size 784x584
layer at (8,200) size 200x40
  RenderBlock (positioned) {DIV} at (8,200) size 200x40
    RenderText {#text} at (0,0) size 80x40
      text run at (0,0) width 80: "A "
    RenderInline {CITE} at (0,0) size 41x40
      RenderText {#text} at (79,0) size 41x40
        text run at (79,0) width 41: "B"
    RenderText {#text} at (119,0) size 81x40
      text run at (119,0) width 81: " C"
