layer at (0,0) size 784x4427
  RenderView at (0,0) size 784x600
layer at (0,0) size 784x4427
  RenderBlock {HTML} at (0,0) size 784x4427
    RenderBody {BODY} at (8,8) size 768x4411 [bgcolor=#CCCCCC]
      RenderBlock {P} at (0,0) size 768x18
        RenderText {#text} at (0,0) size 363x17
          text run at (0,0) width 363: "The style declarations which apply to the text below are:"
      RenderBlock {PRE} at (0,34) size 768x270
        RenderText {#text} at (0,0) size 500x270
          text run at (0,0) width 157: "P {font-size: 12pt;}"
          text run at (156,0) width 1: " "
          text run at (0,15) width 211: ".one {vertical-align: sub;}"
          text run at (210,15) width 1: " "
          text run at (0,30) width 227: ".two {vertical-align: super;}"
          text run at (226,30) width 1: " "
          text run at (0,45) width 359: ".three {vertical-align: top; font-size: 12pt;}"
          text run at (358,45) width 1: " "
          text run at (0,60) width 391: ".four {vertical-align: text-top; font-size: 12pt;}"
          text run at (390,60) width 1: " "
          text run at (0,75) width 375: ".five {vertical-align: middle; font-size: 12pt;}"
          text run at (374,75) width 1: " "
          text run at (0,90) width 367: ".six {vertical-align: bottom; font-size: 12pt;}"
          text run at (366,90) width 1: " "
          text run at (0,105) width 422: ".seven {vertical-align: text-bottom; font-size: 12pt;}"
          text run at (421,105) width 1: " "
          text run at (0,120) width 398: ".eight {vertical-align: baseline; font-size: 12pt;}"
          text run at (397,120) width 1: " "
          text run at (0,135) width 500: ".nine {vertical-align: 50%; font-size: 12px; line-height: 16px;}"
          text run at (499,135) width 1: " "
          text run at (0,150) width 0: " "
          text run at (0,165) width 219: "P.example {font-size: 14pt;}"
          text run at (218,165) width 1: " "
          text run at (0,180) width 172: "BIG {font-size: 16pt;}"
          text run at (171,180) width 1: " "
          text run at (0,195) width 188: "SMALL {font-size: 12pt;}"
          text run at (187,195) width 1: " "
          text run at (0,210) width 297: ".ttopalign {vertical-align: text-top;}"
          text run at (296,210) width 1: " "
          text run at (0,225) width 250: ".topalign {vertical-align: top;}"
          text run at (249,225) width 1: " "
          text run at (0,240) width 274: ".midalign {vertical-align: middle;}"
          text run at (273,240) width 1: " "
          text run at (0,255) width 0: " "
      RenderBlock {HR} at (0,317) size 768x2 [border: (1px inset #000000)]
      RenderBlock {P} at (0,335) size 768x76
        RenderImage {IMG} at (0,0) size 15x50
        RenderInline {SPAN} at (0,0) size 129x17
          RenderText {#text} at (15,40) size 129x17
            text run at (15,40) width 129: "The first four words"
        RenderText {#text} at (143,36) size 766x39
          text run at (143,36) width 292: " in this sentence should be subscript-aligned. "
          text run at (434,36) width 332: "The font size of the superscripted text should not be"
          text run at (0,58) width 262: "different from that of the parent element."
      RenderBlock {P} at (0,427) size 768x72
        RenderImage {IMG} at (0,0) size 15x50
        RenderInline {SPAN} at (0,0) size 129x17
          RenderText {#text} at (15,30) size 129x17
            text run at (15,30) width 129: "The first four words"
        RenderText {#text} at (143,36) size 766x35
          text run at (143,36) width 304: " in this sentence should be superscript-aligned. "
          text run at (446,36) width 320: "The font size of the subscripted text should not be"
          text run at (0,54) width 262: "different from that of the parent element."
      RenderBlock {P} at (0,515) size 768x72
        RenderImage {IMG} at (0,0) size 15x50
        RenderInline {SPAN} at (0,0) size 129x17
          RenderText {#text} at (15,0) size 129x17
            text run at (15,0) width 129: "The first four words"
        RenderText {#text} at (143,36) size 729x35
          text run at (143,36) width 586: " in this sentence should be top-aligned, which will align their tops with the top of the tallest"
          text run at (0,54) width 328: "element in the line (probably the orange rectangle)."
      RenderBlock {P} at (0,603) size 768x132
        RenderImage {IMG} at (0,0) size 15x50
        RenderText {#text} at (15,36) size 4x17
          text run at (15,36) width 4: " "
        RenderInline {SPAN} at (0,0) size 755x110
          RenderText {#text} at (0,0) size 0x0
          RenderInline {SPAN} at (0,0) size 129x17
            RenderText {#text} at (19,21) size 129x17
              text run at (19,21) width 129: "The first four words"
          RenderText {#text} at (147,21) size 755x110
            text run at (147,21) width 558: " in this sentence should be text-top-aligned,"
            text run at (0,58) width 755: "which should align their tops with the top of the tallest text"
            text run at (0,95) width 136: "in the line."
        RenderText {#text} at (0,0) size 0x0
      RenderBlock {P} at (0,751) size 768x68
        RenderImage {IMG} at (0,0) size 15x50
        RenderText {#text} at (15,14) size 755x53
          text run at (15,14) width 740: " The image at the beginning of this sentence should be middle-aligned, which should align its middle with the point"
          text run at (0,50) width 318: "defined as the text baseline plus half the x-height."
      RenderBlock {P} at (0,835) size 768x124
        RenderImage {IMG} at (0,0) size 15x50
        RenderText {#text} at (15,15) size 4x17
          text run at (15,15) width 4: " "
        RenderInline {SPAN} at (0,0) size 733x123
          RenderText {#text} at (0,0) size 0x0
          RenderInline {SPAN} at (0,0) size 129x17
            RenderText {#text} at (19,32) size 129x17
              text run at (19,32) width 129: "The first four words"
          RenderText {#text} at (147,0) size 733x123
            text run at (147,0) width 547: " in this sentence should be 12pt in size and"
            text run at (0,50) width 733: "bottom-aligned, which should align their bottom with the"
            text run at (0,87) width 518: "bottom of the lowest element in the line."
        RenderText {#text} at (0,0) size 0x0
      RenderBlock {P} at (0,975) size 768x161
        RenderImage {IMG} at (0,0) size 15x50
        RenderText {#text} at (15,15) size 4x17
          text run at (15,15) width 4: " "
        RenderInline {SPAN} at (0,0) size 752x160
          RenderText {#text} at (0,0) size 0x0
          RenderInline {SPAN} at (0,0) size 298x17
            RenderText {#text} at (19,18) size 298x17
              text run at (19,18) width 298: "The first eight words (\"eight\" has a descender)"
          RenderText {#text} at (316,0) size 752x160
            text run at (316,0) width 436: " in this sentence should be 12pt in"
            text run at (0,50) width 693: "size and text-bottom-aligned, which should align their"
            text run at (0,87) width 671: "bottom with the bottom of the lowest text (including"
            text run at (0,124) width 295: "descenders) in the line."
        RenderText {#text} at (0,0) size 0x0
      RenderBlock {P} at (0,1152) size 768x132
        RenderImage {IMG} at (0,0) size 15x50
        RenderText {#text} at (15,36) size 4x17
          text run at (15,36) width 4: " "
        RenderInline {SPAN} at (0,0) size 761x110
          RenderText {#text} at (0,0) size 0x0
          RenderInline {SPAN} at (0,0) size 129x17
            RenderText {#text} at (19,36) size 129x17
              text run at (19,36) width 129: "The first four words"
          RenderText {#text} at (147,21) size 761x110
            text run at (147,21) width 547: " in this sentence should be 12pt in size and"
            text run at (0,58) width 761: "baseline-aligned, which should align their baseline with the"
            text run at (0,95) width 523: "baseline of the rest of the text in the line."
        RenderText {#text} at (0,0) size 0x0
      RenderBlock {P} at (0,1300) size 768x72
        RenderImage {IMG} at (0,0) size 15x50
        RenderInline {SPAN} at (0,0) size 97x14
          RenderText {#text} at (15,31) size 97x14
            text run at (15,31) width 97: "The first four words"
        RenderText {#text} at (111,36) size 764x35
          text run at (111,36) width 653: " in this sentence should have a font-size of 12px and a line-height of 16px; they are also 50%-aligned,"
          text run at (0,54) width 385: "which should raise them 8px relative to the natural baseline."
      RenderBlock {P} at (0,1388) size 768x36
        RenderText {#text} at (0,0) size 760x35
          text run at (0,0) width 760: "In the following paragraph, all images should be aligned with the top of the 14-point text, which is identical to the first"
          text run at (0,18) width 676: "section of text, whereas any size text should be aligned with the text baseline (which is the default value)."
      RenderBlock {P} at (0,1442) size 768x323
        RenderText {#text} at (0,26) size 120x21
          text run at (0,26) width 120: "This paragraph "
        RenderImage {IMG} at (119,26) size 9x30
        RenderText {#text} at (128,26) size 5x21
          text run at (128,26) width 5: " "
        RenderInline {SPAN} at (0,0) size 419x52
          RenderText {#text} at (132,1) size 419x52
            text run at (132,1) width 419: "contains many images"
        RenderText {#text} at (550,26) size 6x21
          text run at (550,26) width 6: " "
        RenderImage {IMG} at (555,26) size 15x50
        RenderText {#text} at (570,26) size 6x21
          text run at (570,26) width 6: " "
        RenderInline {BIG} at (0,0) size 153x24
          RenderText {#text} at (575,24) size 153x24
            text run at (575,24) width 153: "of varying heights"
        RenderText {#text} at (727,26) size 6x21
          text run at (727,26) width 6: " "
        RenderImage {IMG} at (733,26) size 3x10
        RenderText {#text} at (735,26) size 6x21
          text run at (735,26) width 6: " "
        RenderInline {SMALL} at (0,0) size 764x113
          RenderText {#text} at (740,29) size 764x113
            text run at (740,29) width 24: "and"
            text run at (0,125) width 43: "widths"
        RenderText {#text} at (42,122) size 6x21
          text run at (42,122) width 6: " "
        RenderImage {IMG} at (47,122) size 6x20
        RenderText {#text} at (53,122) size 101x21
          text run at (53,122) width 101: " all of which "
        RenderImage {IMG} at (154,122) size 20x65
        RenderText {#text} at (173,122) size 6x21
          text run at (173,122) width 6: " "
        RenderInline {SPAN} at (0,0) size 262x41
          RenderText {#text} at (178,106) size 262x41
            text run at (178,106) width 262: "should be aligned"
        RenderText {#text} at (439,122) size 6x21
          text run at (439,122) width 6: " "
        RenderImage {IMG} at (444,122) size 11x35
        RenderText {#text} at (455,122) size 122x21
          text run at (455,122) width 122: " with the top of "
        RenderImage {IMG} at (576,122) size 9x30
        RenderText {#text} at (585,122) size 5x21
          text run at (585,122) width 5: " "
        RenderInline {SPAN} at (0,0) size 703x142
          RenderText {#text} at (589,114) size 21x31
            text run at (589,114) width 21: "a "
          RenderInline {SPAN} at (0,0) size 703x188
            RenderText {#text} at (609,77) size 703x188
              text run at (609,77) width 94: "14-"
              text run at (0,188) width 144: "point"
          RenderText {#text} at (143,225) size 146x31
            text run at (143,225) width 146: " text element"
        RenderText {#text} at (288,233) size 6x21
          text run at (288,233) width 6: " "
        RenderImage {IMG} at (293,233) size 15x50
        RenderText {#text} at (308,233) size 6x21
          text run at (308,233) width 6: " "
        RenderInline {SMALL} at (0,0) size 194x17
          RenderText {#text} at (313,236) size 194x17
            text run at (313,236) width 194: "regardless of the line in which"
        RenderText {#text} at (506,233) size 6x21
          text run at (506,233) width 6: " "
        RenderImage {IMG} at (511,233) size 5x15
        RenderText {#text} at (516,233) size 5x21
          text run at (516,233) width 5: " "
        RenderInline {BIG} at (0,0) size 158x24
          RenderText {#text} at (520,231) size 158x24
            text run at (520,231) width 158: "the images appear."
        RenderText {#text} at (677,233) size 6x21
          text run at (677,233) width 6: " "
        RenderImage {IMG} at (682,233) size 27x90
        RenderText {#text} at (0,0) size 0x0
      RenderBlock {P} at (0,1783) size 768x36
        RenderText {#text} at (0,0) size 765x35
          text run at (0,0) width 765: "In the following paragraph, all images should be aligned with the middle of the default text, whereas any text should be"
          text run at (0,18) width 371: "aligned with the text baseline (which is the default value)."
      RenderBlock {P} at (0,1835) size 768x233
        RenderText {#text} at (0,23) size 101x17
          text run at (0,23) width 101: "This paragraph "
        RenderImage {IMG} at (100,19) size 9x30
        RenderText {#text} at (109,23) size 5x17
          text run at (109,23) width 5: " "
        RenderInline {SPAN} at (0,0) size 356x45
          RenderText {#text} at (113,1) size 356x45
            text run at (113,1) width 356: "contains many images"
        RenderText {#text} at (468,23) size 5x17
          text run at (468,23) width 5: " "
        RenderImage {IMG} at (473,9) size 15x50
        RenderText {#text} at (487,23) size 126x17
          text run at (487,23) width 126: " of varying heights "
        RenderImage {IMG} at (612,29) size 3x10
        RenderText {#text} at (615,23) size 5x17
          text run at (615,23) width 5: " "
        RenderInline {SMALL} at (0,0) size 71x17
          RenderText {#text} at (619,23) size 71x17
            text run at (619,23) width 71: "and widths"
        RenderText {#text} at (689,23) size 5x17
          text run at (689,23) width 5: " "
        RenderImage {IMG} at (693,24) size 6x20
        RenderText {#text} at (699,23) size 737x93
          text run at (699,23) width 38: " all of"
          text run at (0,99) width 44: "which "
        RenderImage {IMG} at (43,78) size 20x65
        RenderText {#text} at (63,99) size 121x17
          text run at (63,99) width 121: " should be aligned "
        RenderImage {IMG} at (184,93) size 11x35
        RenderText {#text} at (194,99) size 5x17
          text run at (194,99) width 5: " "
        RenderInline {SPAN} at (0,0) size 237x36
          RenderText {#text} at (198,84) size 237x36
            text run at (198,84) width 237: "with the middle of"
        RenderText {#text} at (434,99) size 5x17
          text run at (434,99) width 5: " "
        RenderImage {IMG} at (438,85) size 15x50
        RenderText {#text} at (453,99) size 5x17
          text run at (453,99) width 5: " "
        RenderInline {SPAN} at (0,0) size 720x104
          RenderText {#text} at (457,92) size 18x26
            text run at (457,92) width 18: "a "
          RenderInline {SPAN} at (0,0) size 204x66
            RenderText {#text} at (474,60) size 204x66
              text run at (474,60) width 204: "14-point"
          RenderText {#text} at (677,92) size 720x104
            text run at (677,92) width 43: " text"
            text run at (0,170) width 76: "element"
        RenderText {#text} at (75,177) size 5x17
          text run at (75,177) width 5: " "
        RenderImage {IMG} at (80,163) size 15x50
        RenderText {#text} at (94,177) size 5x17
          text run at (94,177) width 5: " "
        RenderInline {SMALL} at (0,0) size 195x17
          RenderText {#text} at (98,177) size 195x17
            text run at (98,177) width 195: "regardless of the line in which"
        RenderText {#text} at (292,177) size 5x17
          text run at (292,177) width 5: " "
        RenderImage {IMG} at (296,181) size 5x15
        RenderText {#text} at (301,177) size 5x17
          text run at (301,177) width 5: " "
        RenderInline {BIG} at (0,0) size 158x24
          RenderText {#text} at (305,172) size 158x24
            text run at (305,172) width 158: "the images appear."
        RenderText {#text} at (462,177) size 5x17
          text run at (462,177) width 5: " "
        RenderImage {IMG} at (466,143) size 27x90
        RenderText {#text} at (0,0) size 0x0
      RenderBlock {P} at (0,2084) size 768x36
        RenderText {#text} at (0,0) size 751x35
          text run at (0,0) width 751: "In the following paragraph, all elements should be aligned with the top of the tallest element on the line, whether that"
          text run at (0,18) width 178: "element is an image or not. "
          text run at (177,18) width 565: "Each fragment of text has been SPANned appropriately in order to cause this to happen."
      RenderBlock {P} at (0,2136) size 768x202
        RenderInline {SPAN} at (0,0) size 97x17
          RenderText {#text} at (0,0) size 97x17
            text run at (0,0) width 97: "This paragraph"
        RenderText {#text} at (96,0) size 5x17
          text run at (96,0) width 5: " "
        RenderImage {IMG} at (100,0) size 3x10
        RenderText {#text} at (103,0) size 5x17
          text run at (103,0) width 5: " "
        RenderInline {SPAN} at (0,0) size 356x45
          RenderText {#text} at (107,1) size 356x45
            text run at (107,1) width 356: "contains many images"
        RenderText {#text} at (462,0) size 5x17
          text run at (462,0) width 5: " "
        RenderImage {IMG} at (467,0) size 3x10
        RenderText {#text} at (469,0) size 5x17
          text run at (469,0) width 5: " "
        RenderInline {SPAN} at (0,0) size 90x17
          RenderText {#text} at (473,0) size 90x17
            text run at (473,0) width 90: "and some text"
        RenderText {#text} at (562,0) size 5x17
          text run at (562,0) width 5: " "
        RenderImage {IMG} at (567,0) size 3x10
        RenderText {#text} at (569,0) size 5x17
          text run at (569,0) width 5: " "
        RenderInline {SPAN} at (0,0) size 118x17
          RenderText {#text} at (573,0) size 118x17
            text run at (573,0) width 118: "of varying heights"
        RenderText {#text} at (690,0) size 5x17
          text run at (690,0) width 5: " "
        RenderImage {IMG} at (694,0) size 3x10
        RenderText {#text} at (697,0) size 5x17
          text run at (697,0) width 5: " "
        RenderInline {BIG} at (0,0) size 732x71
          RenderText {#text} at (701,0) size 732x71
            text run at (701,0) width 31: "and"
            text run at (0,47) width 57: "widths"
        RenderText {#text} at (56,47) size 5x17
          text run at (56,47) width 5: " "
        RenderImage {IMG} at (60,47) size 6x20
        RenderText {#text} at (66,47) size 5x17
          text run at (66,47) width 5: " "
        RenderInline {SPAN} at (0,0) size 77x17
          RenderText {#text} at (70,47) size 77x17
            text run at (70,47) width 77: "all of which"
        RenderText {#text} at (146,47) size 5x17
          text run at (146,47) width 5: " "
        RenderImage {IMG} at (150,47) size 20x65
        RenderText {#text} at (170,47) size 5x17
          text run at (170,47) width 5: " "
        RenderInline {SPAN} at (0,0) size 114x17
          RenderText {#text} at (174,47) size 114x17
            text run at (174,47) width 114: "should be aligned"
        RenderText {#text} at (287,47) size 5x17
          text run at (287,47) width 5: " "
        RenderImage {IMG} at (291,47) size 11x35
        RenderText {#text} at (302,47) size 5x17
          text run at (302,47) width 5: " "
        RenderInline {SPAN} at (0,0) size 188x36
          RenderText {#text} at (306,47) size 188x36
            text run at (306,47) width 188: "with the top of"
        RenderText {#text} at (493,47) size 5x17
          text run at (493,47) width 5: " "
        RenderImage {IMG} at (498,47) size 15x50
        RenderText {#text} at (512,47) size 5x17
          text run at (512,47) width 5: " "
        RenderInline {SPAN} at (0,0) size 134x17
          RenderText {#text} at (516,47) size 134x17
            text run at (516,47) width 134: "the tallest element in"
        RenderText {#text} at (649,47) size 5x17
          text run at (649,47) width 5: " "
        RenderImage {IMG} at (654,47) size 5x15
        RenderText {#text} at (658,47) size 5x17
          text run at (658,47) width 5: " "
        RenderInline {BIG} at (0,0) size 751x89
          RenderText {#text} at (662,47) size 751x89
            text run at (662,47) width 89: "whichever"
            text run at (0,112) width 209: "line the elements appear."
        RenderText {#text} at (208,112) size 5x17
          text run at (208,112) width 5: " "
        RenderImage {IMG} at (213,112) size 27x90
        RenderText {#text} at (0,0) size 0x0
      RenderTable {TABLE} at (0,2354) size 768x2057 [border: (1px outset #808080)]
        RenderTableSection {TBODY} at (1,1) size 766x2055
          RenderTableRow {TR} at (0,0) size 766x26
            RenderTableCell {TD} at (0,0) size 766x26 [bgcolor=#C0C0C0] [border: (1px inset #808080)] [r=0 c=0 rs=1 cs=2]
              RenderInline {STRONG} at (0,0) size 163x17
                RenderText {#text} at (4,4) size 163x17
                  text run at (4,4) width 163: "TABLE Testing Section"
          RenderTableRow {TR} at (0,26) size 766x2029
            RenderTableCell {TD} at (0,1027) size 12x26 [bgcolor=#C0C0C0] [border: (1px inset #808080)] [r=1 c=0 rs=1 cs=1]
              RenderText {#text} at (4,4) size 4x17
                text run at (4,4) width 4: " "
            RenderTableCell {TD} at (12,26) size 754x2029 [border: (1px inset #808080)] [r=1 c=1 rs=1 cs=1]
              RenderBlock {P} at (4,4) size 746x76
                RenderImage {IMG} at (0,0) size 15x50
                RenderInline {SPAN} at (0,0) size 129x17
                  RenderText {#text} at (15,40) size 129x17
                    text run at (15,40) width 129: "The first four words"
                RenderText {#text} at (143,36) size 723x39
                  text run at (143,36) width 292: " in this sentence should be subscript-aligned. "
                  text run at (434,36) width 289: "The font size of the superscripted text should"
                  text run at (0,58) width 306: "not be different from that of the parent element."
              RenderBlock {P} at (4,96) size 746x72
                RenderImage {IMG} at (0,0) size 15x50
                RenderInline {SPAN} at (0,0) size 129x17
                  RenderText {#text} at (15,30) size 129x17
                    text run at (15,30) width 129: "The first four words"
                RenderText {#text} at (143,36) size 723x35
                  text run at (143,36) width 304: " in this sentence should be superscript-aligned. "
                  text run at (446,36) width 277: "The font size of the subscripted text should"
                  text run at (0,54) width 306: "not be different from that of the parent element."
              RenderBlock {P} at (4,184) size 746x72
                RenderImage {IMG} at (0,0) size 15x50
                RenderInline {SPAN} at (0,0) size 129x17
                  RenderText {#text} at (15,0) size 129x17
                    text run at (15,0) width 129: "The first four words"
                RenderText {#text} at (143,36) size 729x35
                  text run at (143,36) width 586: " in this sentence should be top-aligned, which will align their tops with the top of the tallest"
                  text run at (0,54) width 328: "element in the line (probably the orange rectangle)."
              RenderBlock {P} at (4,272) size 746x132
                RenderImage {IMG} at (0,0) size 15x50
                RenderText {#text} at (15,36) size 4x17
                  text run at (15,36) width 4: " "
                RenderInline {SPAN} at (0,0) size 705x110
                  RenderText {#text} at (0,0) size 0x0
                  RenderInline {SPAN} at (0,0) size 129x17
                    RenderText {#text} at (19,21) size 129x17
                      text run at (19,21) width 129: "The first four words"
                  RenderText {#text} at (147,21) size 705x110
                    text run at (147,21) width 558: " in this sentence should be text-top-aligned,"
                    text run at (0,58) width 699: "which should align their tops with the top of the tallest"
                    text run at (0,95) width 192: "text in the line."
                RenderText {#text} at (0,0) size 0x0
              RenderBlock {P} at (4,420) size 746x68
                RenderImage {IMG} at (0,0) size 15x50
                RenderText {#text} at (15,14) size 718x53
                  text run at (15,14) width 703: " The image at the beginning of this sentence should be middle-aligned, which should align its middle with the"
                  text run at (0,50) width 355: "point defined as the text baseline plus half the x-height."
              RenderBlock {P} at (4,504) size 746x124
                RenderImage {IMG} at (0,0) size 15x50
                RenderText {#text} at (15,15) size 4x17
                  text run at (15,15) width 4: " "
                RenderInline {SPAN} at (0,0) size 733x123
                  RenderText {#text} at (0,0) size 0x0
                  RenderInline {SPAN} at (0,0) size 129x17
                    RenderText {#text} at (19,32) size 129x17
                      text run at (19,32) width 129: "The first four words"
                  RenderText {#text} at (147,0) size 733x123
                    text run at (147,0) width 547: " in this sentence should be 12pt in size and"
                    text run at (0,50) width 733: "bottom-aligned, which should align their bottom with the"
                    text run at (0,87) width 518: "bottom of the lowest element in the line."
                RenderText {#text} at (0,0) size 0x0
              RenderBlock {P} at (4,644) size 746x161
                RenderImage {IMG} at (0,0) size 15x50
                RenderText {#text} at (15,15) size 4x17
                  text run at (15,15) width 4: " "
                RenderInline {SPAN} at (0,0) size 726x160
                  RenderText {#text} at (0,0) size 0x0
                  RenderInline {SPAN} at (0,0) size 298x17
                    RenderText {#text} at (19,18) size 298x17
                      text run at (19,18) width 298: "The first eight words (\"eight\" has a descender)"
                  RenderText {#text} at (316,0) size 726x160
                    text run at (316,0) width 403: " in this sentence should be 12pt"
                    text run at (0,50) width 726: "in size and text-bottom-aligned, which should align their"
                    text run at (0,87) width 671: "bottom with the bottom of the lowest text (including"
                    text run at (0,124) width 295: "descenders) in the line."
                RenderText {#text} at (0,0) size 0x0
              RenderBlock {P} at (4,821) size 746x132
                RenderImage {IMG} at (0,0) size 15x50
                RenderText {#text} at (15,36) size 4x17
                  text run at (15,36) width 4: " "
                RenderInline {SPAN} at (0,0) size 714x110
                  RenderText {#text} at (0,0) size 0x0
                  RenderInline {SPAN} at (0,0) size 129x17
                    RenderText {#text} at (19,36) size 129x17
                      text run at (19,36) width 129: "The first four words"
                  RenderText {#text} at (147,21) size 714x110
                    text run at (147,21) width 547: " in this sentence should be 12pt in size and"
                    text run at (0,58) width 714: "baseline-aligned, which should align their baseline with"
                    text run at (0,95) width 570: "the baseline of the rest of the text in the line."
                RenderText {#text} at (0,0) size 0x0
              RenderBlock {P} at (4,969) size 746x72
                RenderImage {IMG} at (0,0) size 15x50
                RenderInline {SPAN} at (0,0) size 97x14
                  RenderText {#text} at (15,31) size 97x14
                    text run at (15,31) width 97: "The first four words"
                RenderText {#text} at (111,36) size 713x35
                  text run at (111,36) width 602: " in this sentence should have a font-size of 12px and a line-height of 16px; they are also 50%-"
                  text run at (0,54) width 440: "aligned, which should raise them 8px relative to the natural baseline."
              RenderBlock {P} at (4,1057) size 746x36
                RenderText {#text} at (0,0) size 730x35
                  text run at (0,0) width 730: "In the following paragraph, all images should be aligned with the top of the 14-point text, which is identical to the"
                  text run at (0,18) width 706: "first section of text, whereas any size text should be aligned with the text baseline (which is the default value)."
              RenderBlock {P} at (4,1111) size 746x323
                RenderText {#text} at (0,26) size 120x21
                  text run at (0,26) width 120: "This paragraph "
                RenderImage {IMG} at (119,26) size 9x30
                RenderText {#text} at (128,26) size 5x21
                  text run at (128,26) width 5: " "
                RenderInline {SPAN} at (0,0) size 419x52
                  RenderText {#text} at (132,1) size 419x52
                    text run at (132,1) width 419: "contains many images"
                RenderText {#text} at (550,26) size 6x21
                  text run at (550,26) width 6: " "
                RenderImage {IMG} at (555,26) size 15x50
                RenderText {#text} at (570,26) size 6x21
                  text run at (570,26) width 6: " "
                RenderInline {BIG} at (0,0) size 153x24
                  RenderText {#text} at (575,24) size 153x24
                    text run at (575,24) width 153: "of varying heights"
                RenderText {#text} at (727,26) size 6x21
                  text run at (727,26) width 6: " "
                RenderImage {IMG} at (733,26) size 3x10
                RenderText {#text} at (0,0) size 0x0
                RenderInline {SMALL} at (0,0) size 70x17
                  RenderText {#text} at (0,125) size 70x17
                    text run at (0,125) width 70: "and widths"
                RenderText {#text} at (69,122) size 6x21
                  text run at (69,122) width 6: " "
                RenderImage {IMG} at (75,122) size 6x20
                RenderText {#text} at (80,122) size 101x21
                  text run at (80,122) width 101: " all of which "
                RenderImage {IMG} at (181,122) size 20x65
                RenderText {#text} at (200,122) size 6x21
                  text run at (200,122) width 6: " "
                RenderInline {SPAN} at (0,0) size 262x41
                  RenderText {#text} at (205,106) size 262x41
                    text run at (205,106) width 262: "should be aligned"
                RenderText {#text} at (466,122) size 6x21
                  text run at (466,122) width 6: " "
                RenderImage {IMG} at (471,122) size 11x35
                RenderText {#text} at (482,122) size 122x21
                  text run at (482,122) width 122: " with the top of "
                RenderImage {IMG} at (603,122) size 9x30
                RenderText {#text} at (612,122) size 5x21
                  text run at (612,122) width 5: " "
                RenderInline {SPAN} at (0,0) size 730x142
                  RenderText {#text} at (616,114) size 21x31
                    text run at (616,114) width 21: "a "
                  RenderInline {SPAN} at (0,0) size 730x188
                    RenderText {#text} at (636,77) size 730x188
                      text run at (636,77) width 94: "14-"
                      text run at (0,188) width 144: "point"
                  RenderText {#text} at (143,225) size 146x31
                    text run at (143,225) width 146: " text element"
                RenderText {#text} at (288,233) size 6x21
                  text run at (288,233) width 6: " "
                RenderImage {IMG} at (293,233) size 15x50
                RenderText {#text} at (308,233) size 6x21
                  text run at (308,233) width 6: " "
                RenderInline {SMALL} at (0,0) size 194x17
                  RenderText {#text} at (313,236) size 194x17
                    text run at (313,236) width 194: "regardless of the line in which"
                RenderText {#text} at (506,233) size 6x21
                  text run at (506,233) width 6: " "
                RenderImage {IMG} at (511,233) size 5x15
                RenderText {#text} at (516,233) size 5x21
                  text run at (516,233) width 5: " "
                RenderInline {BIG} at (0,0) size 158x24
                  RenderText {#text} at (520,231) size 158x24
                    text run at (520,231) width 158: "the images appear."
                RenderText {#text} at (677,233) size 6x21
                  text run at (677,233) width 6: " "
                RenderImage {IMG} at (682,233) size 27x90
                RenderText {#text} at (0,0) size 0x0
              RenderBlock {P} at (4,1452) size 746x36
                RenderText {#text} at (0,0) size 746x35
                  text run at (0,0) width 746: "In the following paragraph, all images should be aligned with the middle of the default text, whereas any text should"
                  text run at (0,18) width 390: "be aligned with the text baseline (which is the default value)."
              RenderBlock {P} at (4,1504) size 746x233
                RenderText {#text} at (0,23) size 101x17
                  text run at (0,23) width 101: "This paragraph "
                RenderImage {IMG} at (100,19) size 9x30
                RenderText {#text} at (109,23) size 5x17
                  text run at (109,23) width 5: " "
                RenderInline {SPAN} at (0,0) size 356x45
                  RenderText {#text} at (113,1) size 356x45
                    text run at (113,1) width 356: "contains many images"
                RenderText {#text} at (468,23) size 5x17
                  text run at (468,23) width 5: " "
                RenderImage {IMG} at (473,9) size 15x50
                RenderText {#text} at (487,23) size 126x17
                  text run at (487,23) width 126: " of varying heights "
                RenderImage {IMG} at (612,29) size 3x10
                RenderText {#text} at (615,23) size 5x17
                  text run at (615,23) width 5: " "
                RenderInline {SMALL} at (0,0) size 71x17
                  RenderText {#text} at (619,23) size 71x17
                    text run at (619,23) width 71: "and widths"
                RenderText {#text} at (689,23) size 5x17
                  text run at (689,23) width 5: " "
                RenderImage {IMG} at (693,24) size 6x20
                RenderText {#text} at (699,23) size 737x93
                  text run at (699,23) width 38: " all of"
                  text run at (0,99) width 44: "which "
                RenderImage {IMG} at (43,78) size 20x65
                RenderText {#text} at (63,99) size 121x17
                  text run at (63,99) width 121: " should be aligned "
                RenderImage {IMG} at (184,93) size 11x35
                RenderText {#text} at (194,99) size 5x17
                  text run at (194,99) width 5: " "
                RenderInline {SPAN} at (0,0) size 237x36
                  RenderText {#text} at (198,84) size 237x36
                    text run at (198,84) width 237: "with the middle of"
                RenderText {#text} at (434,99) size 5x17
                  text run at (434,99) width 5: " "
                RenderImage {IMG} at (438,85) size 15x50
                RenderText {#text} at (453,99) size 5x17
                  text run at (453,99) width 5: " "
                RenderInline {SPAN} at (0,0) size 720x104
                  RenderText {#text} at (457,92) size 18x26
                    text run at (457,92) width 18: "a "
                  RenderInline {SPAN} at (0,0) size 204x66
                    RenderText {#text} at (474,60) size 204x66
                      text run at (474,60) width 204: "14-point"
                  RenderText {#text} at (677,92) size 720x104
                    text run at (677,92) width 43: " text"
                    text run at (0,170) width 76: "element"
                RenderText {#text} at (75,177) size 5x17
                  text run at (75,177) width 5: " "
                RenderImage {IMG} at (80,163) size 15x50
                RenderText {#text} at (94,177) size 5x17
                  text run at (94,177) width 5: " "
                RenderInline {SMALL} at (0,0) size 195x17
                  RenderText {#text} at (98,177) size 195x17
                    text run at (98,177) width 195: "regardless of the line in which"
                RenderText {#text} at (292,177) size 5x17
                  text run at (292,177) width 5: " "
                RenderImage {IMG} at (296,181) size 5x15
                RenderText {#text} at (301,177) size 5x17
                  text run at (301,177) width 5: " "
                RenderInline {BIG} at (0,0) size 158x24
                  RenderText {#text} at (305,172) size 158x24
                    text run at (305,172) width 158: "the images appear."
                RenderText {#text} at (462,177) size 5x17
                  text run at (462,177) width 5: " "
                RenderImage {IMG} at (466,143) size 27x90
                RenderText {#text} at (0,0) size 0x0
              RenderBlock {P} at (4,1753) size 746x54
                RenderText {#text} at (0,0) size 723x53
                  text run at (0,0) width 723: "In the following paragraph, all elements should be aligned with the top of the tallest element on the line, whether"
                  text run at (0,18) width 206: "that element is an image or not. "
                  text run at (205,18) width 510: "Each fragment of text has been SPANned appropriately in order to cause this to"
                  text run at (0,36) width 51: "happen."
              RenderBlock {P} at (4,1823) size 746x202
                RenderInline {SPAN} at (0,0) size 97x17
                  RenderText {#text} at (0,0) size 97x17
                    text run at (0,0) width 97: "This paragraph"
                RenderText {#text} at (96,0) size 5x17
                  text run at (96,0) width 5: " "
                RenderImage {IMG} at (100,0) size 3x10
                RenderText {#text} at (103,0) size 5x17
                  text run at (103,0) width 5: " "
                RenderInline {SPAN} at (0,0) size 356x45
                  RenderText {#text} at (107,1) size 356x45
                    text run at (107,1) width 356: "contains many images"
                RenderText {#text} at (462,0) size 5x17
                  text run at (462,0) width 5: " "
                RenderImage {IMG} at (467,0) size 3x10
                RenderText {#text} at (469,0) size 5x17
                  text run at (469,0) width 5: " "
                RenderInline {SPAN} at (0,0) size 90x17
                  RenderText {#text} at (473,0) size 90x17
                    text run at (473,0) width 90: "and some text"
                RenderText {#text} at (562,0) size 5x17
                  text run at (562,0) width 5: " "
                RenderImage {IMG} at (567,0) size 3x10
                RenderText {#text} at (569,0) size 5x17
                  text run at (569,0) width 5: " "
                RenderInline {SPAN} at (0,0) size 118x17
                  RenderText {#text} at (573,0) size 118x17
                    text run at (573,0) width 118: "of varying heights"
                RenderText {#text} at (690,0) size 5x17
                  text run at (690,0) width 5: " "
                RenderImage {IMG} at (694,0) size 3x10
                RenderText {#text} at (697,0) size 5x17
                  text run at (697,0) width 5: " "
                RenderInline {BIG} at (0,0) size 732x71
                  RenderText {#text} at (701,0) size 732x71
                    text run at (701,0) width 31: "and"
                    text run at (0,47) width 57: "widths"
                RenderText {#text} at (56,47) size 5x17
                  text run at (56,47) width 5: " "
                RenderImage {IMG} at (60,47) size 6x20
                RenderText {#text} at (66,47) size 5x17
                  text run at (66,47) width 5: " "
                RenderInline {SPAN} at (0,0) size 77x17
                  RenderText {#text} at (70,47) size 77x17
                    text run at (70,47) width 77: "all of which"
                RenderText {#text} at (146,47) size 5x17
                  text run at (146,47) width 5: " "
                RenderImage {IMG} at (150,47) size 20x65
                RenderText {#text} at (170,47) size 5x17
                  text run at (170,47) width 5: " "
                RenderInline {SPAN} at (0,0) size 114x17
                  RenderText {#text} at (174,47) size 114x17
                    text run at (174,47) width 114: "should be aligned"
                RenderText {#text} at (287,47) size 5x17
                  text run at (287,47) width 5: " "
                RenderImage {IMG} at (291,47) size 11x35
                RenderText {#text} at (302,47) size 5x17
                  text run at (302,47) width 5: " "
                RenderInline {SPAN} at (0,0) size 188x36
                  RenderText {#text} at (306,47) size 188x36
                    text run at (306,47) width 188: "with the top of"
                RenderText {#text} at (493,47) size 5x17
                  text run at (493,47) width 5: " "
                RenderImage {IMG} at (498,47) size 15x50
                RenderText {#text} at (512,47) size 5x17
                  text run at (512,47) width 5: " "
                RenderInline {SPAN} at (0,0) size 134x17
                  RenderText {#text} at (516,47) size 134x17
                    text run at (516,47) width 134: "the tallest element in"
                RenderText {#text} at (649,47) size 5x17
                  text run at (649,47) width 5: " "
                RenderImage {IMG} at (654,47) size 5x15
                RenderText {#text} at (0,0) size 0x0
                RenderInline {BIG} at (0,0) size 302x24
                  RenderText {#text} at (0,112) size 302x24
                    text run at (0,112) width 302: "whichever line the elements appear."
                RenderText {#text} at (301,112) size 5x17
                  text run at (301,112) width 5: " "
                RenderImage {IMG} at (305,112) size 27x90
                RenderText {#text} at (0,0) size 0x0
