layer at (0,0) size 800x600
  RenderView at (0,0) size 800x600
layer at (0,0) size 800x517
  RenderBlock {HTML} at (0,0) size 800x517 [bgcolor=#FFFFFF]
layer at (173,32) size 453x453
  RenderBody {BODY} at (173,32) size 453x453 [color=#FFFFFF] [bgcolor=#DD6600]
    RenderBlock {DIV} at (0,0) size 453x0
      RenderBlock {DIV} at (0,0) size 453x0
        RenderBlock {DIV} at (0,0) size 453x0
    RenderBlock {DIV} at (0,0) size 453x0
      RenderInline {SPAN} at (0,0) size 0x0
    RenderBlock {DIV} at (0,0) size 453x0
      RenderInline {SPAN} at (0,0) size 0x0
    RenderBlock {DIV} at (0,0) size 453x0
      RenderInline {SPAN} at (0,0) size 0x0
    RenderBlock {DIV} at (0,0) size 453x0
      RenderInline {SPAN} at (0,0) size 0x0
    RenderBlock {DIV} at (0,0) size 453x0
      RenderInline {SPAN} at (0,0) size 0x0
    RenderBlock {DIV} at (0,0) size 453x0
      RenderInline {SPAN} at (0,0) size 0x0
layer at (173,47) size 453x188
  RenderBlock (positioned) {H1} at (0,15) size 453x188 [color=#DD9955]
    RenderInline {SPAN} at (0,0) size 341x190
      RenderText {#text} at (63,-1) size 341x190
        text run at (63,-1) width 327: "CSS ZEN"
        text run at (56,93) width 341: "GARDEN"
layer at (173,118) size 453x21
  RenderBlock (positioned) {H2} at (0,86) size 453x21 [color=#EEFF00]
    RenderInline {SPAN} at (0,0) size 149x19
      RenderText {#text} at (152,1) size 88x19
        text run at (152,1) width 88: "The Beauty of "
      RenderInline {ACRONYM} at (0,0) size 22x19
        RenderText {#text} at (239,1) size 22x19
          text run at (239,1) width 22: "CSS"
      RenderText {#text} at (260,1) size 41x19
        text run at (260,1) width 41: " Design"
layer at (173,351) size 453x134
  RenderBlock (positioned) {DIV} at (0,319) size 453x134
    RenderInline {P} at (0,0) size 431x29
      RenderInline {SPAN} at (0,0) size 431x29
        RenderText {#text} at (11,0) size 431x29
          text run at (11,0) width 431: "Littering a dark and dreary road lay the past relics of browser-"
          text run at (11,14) width 196: "specific tags, incompatible "
        RenderInline {ACRONYM} at (0,0) size 31x15
          RenderText {#text} at (207,14) size 31x15
            text run at (207,14) width 31: "DOM"
        RenderText {#text} at (238,14) size 112x15
          text run at (238,14) width 112: "s, and broken "
        RenderInline {ACRONYM} at (0,0) size 27x15
          RenderText {#text} at (350,14) size 27x15
            text run at (350,14) width 27: "CSS"
        RenderText {#text} at (377,14) size 65x15
          text run at (377,14) width 65: " support."
    RenderText {#text} at (0,0) size 0x0
    RenderInline {P} at (0,0) size 431x43
      RenderInline {SPAN} at (0,0) size 431x43
        RenderText {#text} at (11,28) size 431x43
          text run at (11,28) width 431: "Today, we must clear the mind of past practices. Web"
          text run at (11,42) width 431: "enlightenment has been achieved thanks to the tireless efforts"
          text run at (11,56) width 100: "of folk like the "
        RenderInline {ACRONYM} at (0,0) size 32x15
          RenderText {#text} at (111,56) size 32x15
            text run at (111,56) width 32: "W3C"
        RenderText {#text} at (143,56) size 8x15
          text run at (143,56) width 8: ", "
        RenderInline {ACRONYM} at (0,0) size 40x15
          RenderText {#text} at (151,56) size 40x15
            text run at (151,56) width 40: "WaSP"
        RenderText {#text} at (191,56) size 221x15
          text run at (191,56) width 221: " and the major browser creators."
    RenderText {#text} at (412,56) size 5x15
      text run at (412,56) width 5: " "
    RenderInline {P} at (0,0) size 431x71
      RenderInline {SPAN} at (0,0) size 431x71
        RenderText {#text} at (417,56) size 431x71
          text run at (417,56) width 25: "The"
          text run at (11,70) width 431: "css Zen Garden invites you to relax and meditate on the"
          text run at (11,84) width 431: "important lessons of the masters. Begin to see with clarity."
          text run at (11,98) width 431: "Learn to use the (yet to be) time-honored techniques in new"
          text run at (11,112) width 350: "and invigorating fashion. Become one with the web."
    RenderText {#text} at (0,0) size 0x0
layer at (322,236) size 304x80
  RenderBlock (positioned) {H3} at (149,-115) size 304x80 [color=#CCCC77] [bgcolor=#888811] [border: (3px solid #888811) none (3px solid #888811)]
    RenderInline {SPAN} at (0,0) size 277x83
      RenderText {#text} at (44,-1) size 277x83
        text run at (44,-1) width 230: "The Road to"
        text run at (3,36) width 277: "Enlightenment"
