layer at (0,0) size 800x600
  RenderView at (0,0) size 800x600
layer at (0,0) size 800x348
  RenderBlock {HTML} at (0,0) size 800x348
    RenderBody {BODY} at (8,16) size 784x324
      RenderBlock {P} at (0,0) size 784x21
        RenderText {#text} at (0,0) size 422x21
          text run at (0,0) width 422: "The top left box, and all reflections should be rotated 45deg."
      RenderBlock {DIV} at (0,303) size 784x21
        RenderText {#text} at (0,0) size 687x21
          text run at (0,0) width 687: "PASS - \"webkitTransform.0\" property for \"animated\" element at 0.5s saw something close to: 0.76"
        RenderBR {BR} at (687,0) size 0x21
layer at (28,57) size 122x242
  RenderBlock {DIV} at (20,41) size 122x242 [border: (1px solid #000000)]
layer at (39,68) size 104x104
  RenderBlock {DIV} at (11,11) size 104x104 [border: (2px solid #0000FF)]
layer at (51,80) size 80x80
  RenderBlock {DIV} at (12,12) size 80x80 [bgcolor=#008000]
