layer at (0,0) size 800x600
  RenderView at (0,0) size 800x600
layer at (0,0) size 800x275
  RenderBlock {HTML} at (0,0) size 800x275
    RenderBody {BODY} at (8,16) size 784x139
      RenderBlock {P} at (0,0) size 784x19
        RenderText {#text} at (0,0) size 258x19
          text run at (0,0) width 258: "Reflection should be masked with gradient."
layer at (28,55) size 100x100
  RenderBlock {DIV} at (20,39) size 100x100 [bgcolor=#008000]
