layer at (0,0) size 800x600
  RenderView at (0,0) size 800x600
layer at (0,0) size 800x307
  RenderBlock {HTML} at (0,0) size 800x307
    RenderBody {BODY} at (8,16) size 784x271
      RenderBlock {P} at (0,0) size 784x19
        RenderText {#text} at (0,0) size 340x19
          text run at (0,0) width 340: "The four green squares should all have the mask applied."
layer at (28,55) size 122x232
  RenderBlock {DIV} at (20,39) size 122x232 [border: (1px solid #000000)]
layer at (39,66) size 100x100
  RenderBlock {DIV} at (11,11) size 100x100 [bgcolor=#008000]
    RenderText {#text} at (33,1) size 34x75
      text run at (33,1) width 34: "1"
