layer at (0,0) size 800x600
  RenderView at (0,0) size 800x600
layer at (0,0) size 800x600
  RenderBlock {HTML} at (0,0) size 800x600
    RenderBody {BODY} at (8,8) size 784x576
      RenderBlock {P} at (0,0) size 784x19
        RenderText {#text} at (0,0) size 391x19
          text run at (0,0) width 391: "Reflection should not be cropped by being in a composited layer."
      RenderBlock {P} at (0,291) size 784x19
        RenderText {#text} at (0,0) size 227x19
          text run at (0,0) width 227: "This is the next paragraph in the page."
layer at (208,77) size 342x172
  RenderBlock {DIV} at (200,69) size 342x172 [border: (1px solid #000000)]
    RenderBlock {P} at (21,27) size 300x19
      RenderText {#text} at (0,0) size 217x19
        text run at (0,0) width 217: "This element has a composited layer"
layer at (349,118) size 260x71
  RenderBlock (positioned) {DIV} at (141,41) size 260x71 [bgcolor=#DDDDDD]
    RenderBlock {P} at (10,26) size 240x19
      RenderText {#text} at (0,0) size 211x19
        text run at (0,0) width 211: "This is a positioned, reflected child."
