layer at (0,0) size 800x600
  RenderView at (0,0) size 800x600
layer at (0,0) size 800x195
  RenderBlock {HTML} at (0,0) size 800x195
    RenderBody {BODY} at (8,16) size 784x159
      RenderBlock {P} at (0,0) size 784x19
        RenderText {#text} at (0,0) size 733x19
          text run at (0,0) width 733: "You should see a black rectangle divided into two parts; the top part should be taller (reflection should be behind original)."
layer at (28,55) size 220x120
  RenderBlock {DIV} at (20,39) size 220x120 [bgcolor=#FFFFFF] [border: (10px solid #000000)]
    RenderText {#text} at (67,10) size 86x28
      text run at (67,10) width 86: "Contents"
