layer at (0,0) size 800x600
  RenderView at (0,0) size 800x600
layer at (0,0) size 800x178
  RenderBlock {HTML} at (0,0) size 800x178
    RenderBody {BODY} at (8,16) size 784x154
      RenderBlock {P} at (0,0) size 784x38
        RenderText {#text} at (0,0) size 740x38
          text run at (0,0) width 740: "Opacity should be applied after reflection, so you should see a green rectangle below. The overlap between the original and"
          text run at (0,19) width 185: "reflection should not be visible."
layer at (8,70) size 150x100
  RenderBlock (relative positioned) {DIV} at (0,54) size 150x100 [bgcolor=#008000]
