layer at (0,0) size 800x600
  RenderView at (0,0) size 800x600
layer at (0,0) size 800x600
  RenderBlock {HTML} at (0,0) size 800x600
    RenderBody {BODY} at (8,8) size 784x584
      RenderBlock {DIV} at (0,0) size 784x72 [border: (1px solid #FF0000)]
        RenderBlock {P} at (1,17) size 782x38
          RenderText {#text} at (0,0) size 766x38
            text run at (0,0) width 766: "This test verifies that JavaScript returns only direct descendent element nodes in the 'children' collection (an IE extension)."
            text run at (0,19) width 698: "We also verify that the 'childNodes' collection contains direct descendent nodes of any type (text, element, etc.)"
      RenderBlock {DIV} at (0,72) size 784x95
        RenderBlock {DIV} at (0,0) size 784x19
          RenderInline {B} at (0,0) size 23x19
            RenderText {#text} at (0,0) size 23x19
              text run at (0,0) width 23: "test"
          RenderText {#text} at (23,0) size 4x19
            text run at (23,0) width 4: " "
          RenderInline {U} at (0,0) size 56x19
            RenderText {#text} at (27,0) size 56x19
              text run at (27,0) width 56: "non bold"
          RenderText {#text} at (83,0) size 4x19
            text run at (83,0) width 4: " "
          RenderInline {I} at (0,0) size 31x19
            RenderText {#text} at (87,0) size 31x19
              text run at (87,0) width 31: "italic"
          RenderText {#text} at (118,0) size 25x19
            text run at (118,0) width 25: " test"
        RenderBlock {DIV} at (0,19) size 784x19
          RenderText {#text} at (0,0) size 58x19
            text run at (0,0) width 58: "plain text"
        RenderBlock {DIV} at (0,38) size 784x19
          RenderText {#text} at (0,0) size 74x19
            text run at (0,0) width 74: "another line"
        RenderBlock {DIV} at (0,57) size 784x19
          RenderText {#text} at (0,0) size 97x19
            text run at (0,0) width 97: "yet another line"
        RenderBlock {DIV} at (0,76) size 784x19
          RenderInline {SPAN} at (0,0) size 54x19
            RenderText {#text} at (0,0) size 30x19
              text run at (0,0) width 30: "fifth "
            RenderInline {B} at (0,0) size 24x19
              RenderText {#text} at (30,0) size 24x19
                text run at (30,0) width 24: "line"
      RenderBlock {DIV} at (0,167) size 784x380
        RenderBR {BR} at (0,0) size 0x19
        RenderText {#text} at (0,19) size 377x19
          text run at (0,19) width 377: "Results: children.length = 5 (should be 5 DIV nodes below)"
        RenderBR {BR} at (377,34) size 0x0
        RenderText {#text} at (0,38) size 113x19
          text run at (0,38) width 113: "  node: DIV (one)"
        RenderBR {BR} at (113,53) size 0x0
        RenderText {#text} at (0,57) size 114x19
          text run at (0,57) width 114: "  node: DIV (two)"
        RenderBR {BR} at (114,72) size 0x0
        RenderText {#text} at (0,76) size 121x19
          text run at (0,76) width 121: "  node: DIV (three)"
        RenderBR {BR} at (121,91) size 0x0
        RenderText {#text} at (0,95) size 116x19
          text run at (0,95) width 116: "  node: DIV (four)"
        RenderBR {BR} at (116,110) size 0x0
        RenderText {#text} at (0,114) size 114x19
          text run at (0,114) width 114: "  node: DIV (five)"
        RenderBR {BR} at (114,129) size 0x0
        RenderBR {BR} at (0,133) size 0x19
        RenderText {#text} at (0,152) size 327x19
          text run at (0,152) width 327: "childNodes.length = 11 (should be 11 nodes below)"
        RenderBR {BR} at (327,167) size 0x0
        RenderText {#text} at (0,171) size 155x19
          text run at (0,171) width 155: "  node: #text (undefined)"
        RenderBR {BR} at (155,186) size 0x0
        RenderText {#text} at (0,190) size 113x19
          text run at (0,190) width 113: "  node: DIV (one)"
        RenderBR {BR} at (113,205) size 0x0
        RenderText {#text} at (0,209) size 155x19
          text run at (0,209) width 155: "  node: #text (undefined)"
        RenderBR {BR} at (155,224) size 0x0
        RenderText {#text} at (0,228) size 114x19
          text run at (0,228) width 114: "  node: DIV (two)"
        RenderBR {BR} at (114,243) size 0x0
        RenderText {#text} at (0,247) size 155x19
          text run at (0,247) width 155: "  node: #text (undefined)"
        RenderBR {BR} at (155,262) size 0x0
        RenderText {#text} at (0,266) size 121x19
          text run at (0,266) width 121: "  node: DIV (three)"
        RenderBR {BR} at (121,281) size 0x0
        RenderText {#text} at (0,285) size 155x19
          text run at (0,285) width 155: "  node: #text (undefined)"
        RenderBR {BR} at (155,300) size 0x0
        RenderText {#text} at (0,304) size 116x19
          text run at (0,304) width 116: "  node: DIV (four)"
        RenderBR {BR} at (116,319) size 0x0
        RenderText {#text} at (0,323) size 155x19
          text run at (0,323) width 155: "  node: #text (undefined)"
        RenderBR {BR} at (155,338) size 0x0
        RenderText {#text} at (0,342) size 114x19
          text run at (0,342) width 114: "  node: DIV (five)"
        RenderBR {BR} at (114,357) size 0x0
        RenderText {#text} at (0,361) size 155x19
          text run at (0,361) width 155: "  node: #text (undefined)"
        RenderBR {BR} at (155,376) size 0x0
