layer at (0,0) size 800x600
  RenderView at (0,0) size 800x600
layer at (0,0) size 800x600
  RenderBlock {HTML} at (0,0) size 800x600
    RenderBody {BODY} at (8,8) size 784x576
      RenderBlock {P} at (0,0) size 784x38
        RenderText {#text} at (0,0) size 780x38
          text run at (0,0) width 780: "This test checks to see whether setting a css value including !important on an inline style property works. The text should be"
          text run at (0,19) width 120: "green if successful."
      RenderBlock {HR} at (0,54) size 784x2 [border: (1px inset #000000)]
      RenderBlock {P} at (0,72) size 784x19 [color=#008000]
        RenderText {#text} at (0,0) size 147x19
          text run at (0,0) width 147: "This is the test element."
      RenderBlock {HR} at (0,107) size 784x2 [border: (1px inset #000000)]
      RenderBlock {OL} at (0,125) size 784x0
