layer at (0,0) size 800x600
  RenderView at (0,0) size 800x600
layer at (0,0) size 800x266
  RenderBlock {html} at (0,0) size 800x266
    RenderBody {body} at (8,16) size 784x242
      RenderBlock {div} at (0,0) size 784x242
        RenderBlock {p} at (0,0) size 784x19
          RenderText {#text} at (0,0) size 769x19
            text run at (0,0) width 769: "This is a simple test of both importNode and cloneNode, created from an example that demonstrated a bug in importNode."
        RenderBlock {div} at (0,35) size 784x19 [bgcolor=#FFFF00]
          RenderText {#text} at (0,0) size 116x19
            text run at (0,0) width 116: "The original node:"
        RenderBlock {div} at (0,54) size 784x50 [bgcolor=#7F7FFF]
          RenderBlock (anonymous) at (3,3) size 778x19
            RenderText {#text} at (0,0) size 56x19
              text run at (0,0) width 56: "Outer bit"
          RenderBlock {div} at (6,25) size 772x19 [color=#FFFF00] [bgcolor=#0000FF]
            RenderText {#text} at (0,0) size 57x19
              text run at (0,0) width 57: "Inner bit."
        RenderBlock {div} at (0,104) size 784x19 [bgcolor=#FFFF00]
          RenderText {#text} at (0,0) size 172x19
            text run at (0,0) width 172: "Copied with importNode():"
        RenderBlock {div} at (0,123) size 784x50 [bgcolor=#7F7FFF]
          RenderBlock (anonymous) at (3,3) size 778x19
            RenderText {#text} at (0,0) size 56x19
              text run at (0,0) width 56: "Outer bit"
          RenderBlock {div} at (6,25) size 772x19 [color=#FFFF00] [bgcolor=#0000FF]
            RenderText {#text} at (0,0) size 57x19
              text run at (0,0) width 57: "Inner bit."
        RenderBlock {div} at (0,173) size 784x19 [bgcolor=#FFFF00]
          RenderText {#text} at (0,0) size 165x19
            text run at (0,0) width 165: "Copied with cloneNode():"
        RenderBlock {div} at (0,192) size 784x50 [bgcolor=#7F7FFF]
          RenderBlock (anonymous) at (3,3) size 778x19
            RenderText {#text} at (0,0) size 56x19
              text run at (0,0) width 56: "Outer bit"
          RenderBlock {div} at (6,25) size 772x19 [color=#FFFF00] [bgcolor=#0000FF]
            RenderText {#text} at (0,0) size 57x19
              text run at (0,0) width 57: "Inner bit."
