layer at (0,0) size 800x600
  RenderView at (0,0) size 800x600
layer at (0,0) size 800x600
  RenderBlock {HTML} at (0,0) size 800x600
    RenderBody {BODY} at (8,8) size 784x584
layer at (8,8) size 754x584
  RenderBlock {DIV} at (0,0) size 754x584 [border: (5px solid #000000)]
    RenderText {#text} at (5,15) size 2208x174
      text run at (5,15) width 139: "Lorem ipsum dolor sit"
      text run at (23,15) width 116: "amet, consectetuer"
      text run at (41,15) width 172: "adipiscing elit. Nulla varius"
      text run at (59,15) width 137: "enim ac mi. Curabitur"
      text run at (77,15) width 173: "sollicitudin felis quis lectus."
      text run at (95,15) width 121: "Quisque adipiscing"
      text run at (113,15) width 156: "rhoncus sem. Proin nulla"
      text run at (131,15) width 170: "purus, vulputate vel, varius"
      text run at (149,15) width 150: "ut, euismod et, nisi. Sed"
      text run at (167,15) width 158: "vitae felis vel orci sagittis"
      text run at (185,15) width 147: "aliquam. Cras convallis"
      text run at (203,15) width 132: "adipiscing sem. Nam"
      text run at (221,15) width 154: "nonummy enim. Nullam"
      text run at (239,15) width 160: "bibendum lobortis neque."
      text run at (257,15) width 136: "Vestibulum velit orci,"
      text run at (275,15) width 158: "tempus euismod, pretium"
      text run at (293,15) width 167: "quis, interdum vitae, nulla."
      text run at (311,15) width 172: "Phasellus eget ante et tortor"
      text run at (329,15) width 163: "condimentum vestibulum."
      text run at (347,15) width 137: "Suspendisse hendrerit"
      text run at (365,15) width 165: "quam nec felis. Sed varius"
      text run at (383,15) width 153: "turpis vitae pede. Lorem"
      text run at (401,15) width 131: "ipsum dolor sit amet,"
      text run at (419,15) width 173: "consectetuer adipiscing elit."
      text run at (437,15) width 153: "Proin bibendum justo ac"
      text run at (455,15) width 149: "enim. Class aptent taciti"
      text run at (473,15) width 166: "sociosqu ad litora torquent"
      text run at (491,15) width 144: "per conubia nostra, per"
      text run at (509,15) width 159: "inceptos hymenaeos. Sed"
      text run at (527,15) width 174: "leo nulla, rutrum eu, dictum"
      text run at (545,15) width 166: "ut, posuere vel, arcu. Nam"
      text run at (563,15) width 115: "libero. Morbi orci."
      text run at (581,15) width 149: "Maecenas pellentesque."
      text run at (599,15) width 118: "Curabitur erat erat,"
      text run at (617,15) width 145: "ullamcorper at, gravida"
      text run at (635,15) width 143: "vitae, iaculis vitae, elit."
      text run at (653,15) width 147: "Nullam quam. Quisque"
      text run at (671,15) width 170: "orci lectus, ullamcorper eu,"
      text run at (689,15) width 173: "imperdiet sed, accumsan et,"
      text run at (707,15) width 138: "ligula. Duis diam nisl,"
      text run at (725,15) width 164: "sagittis a, blandit volutpat,"
      text run at (749,15) width 120: "interdum sed, velit."
      text run at (767,15) width 166: "Vestibulum quam. Nulla a"
      text run at (785,15) width 151: "purus. Phasellus semper"
      text run at (803,15) width 128: "semper lectus. Nulla"
      text run at (821,15) width 138: "porttitor, dolor dictum"
      text run at (839,15) width 145: "scelerisque luctus, velit"
      text run at (857,15) width 157: "ipsum lobortis mauris, ac"
      text run at (875,15) width 141: "pretium enim nunc vel"
      text run at (893,15) width 158: "risus. Proin gravida mi ut"
      text run at (911,15) width 155: "sem cursus mattis. Fusce"
      text run at (929,15) width 143: "laoreet, nisi quis luctus"
      text run at (947,15) width 120: "volutpat, arcu pede"
      text run at (965,15) width 120: "tincidunt enim, nec"
      text run at (983,15) width 143: "malesuada urna nisl eu"
      text run at (1001,15) width 138: "enim. Vivamus varius"
      text run at (1019,15) width 99: "augue ac purus."
      text run at (1037,15) width 150: "Vestibulum vestibulum."
      text run at (1055,15) width 159: "Phasellus et est vitae ante"
      text run at (1073,15) width 163: "accumsan rhoncus. Morbi"
      text run at (1091,15) width 166: "convallis, arcu at hendrerit"
      text run at (1109,15) width 115: "gravida, sem diam"
      text run at (1127,15) width 168: "dignissim risus, sed aliquet"
      text run at (1145,15) width 166: "erat mi ut mi. Nunc cursus"
      text run at (1163,15) width 137: "lacinia elit. Nunc nisi."
      text run at (1181,15) width 99: "Quisque at erat."
      text run at (1199,15) width 159: "Vestibulum dictum quam"
      text run at (1217,15) width 169: "vitae nibh. Nunc vitae ante"
      text run at (1235,15) width 167: "non odio interdum blandit."
      text run at (1253,15) width 126: "Curabitur leo quam,"
      text run at (1271,15) width 164: "fermentum sed, feugiat in,"
      text run at (1289,15) width 131: "ullamcorper id, nibh."
      text run at (1307,15) width 155: "Suspendisse ac turpis. In"
      text run at (1325,15) width 141: "iaculis sollicitudin dui."
      text run at (1343,15) width 157: "Aenean vitae lectus vitae"
      text run at (1361,15) width 113: "nulla pellentesque"
      text run at (1379,15) width 163: "sollicitudin. Nunc gravida"
      text run at (1397,15) width 172: "pharetra lectus. Etiam lacus"
      text run at (1415,15) width 159: "ligula, placerat ut, dictum"
      text run at (1433,15) width 147: "vitae, tempus vel, risus."
      text run at (1451,15) width 144: "Cras rhoncus. Praesent"
      text run at (1469,15) width 169: "varius ultricies orci. Donec"
      text run at (1493,15) width 143: "mattis, neque ut ornare"
      text run at (1511,15) width 168: "fringilla, ante urna placerat"
      text run at (1529,15) width 146: "eros, vel commodo nisi"
      text run at (1547,15) width 143: "tortor ut mauris. Morbi"
      text run at (1565,15) width 173: "magna dui, sagittis sit amet,"
      text run at (1583,15) width 147: "tincidunt et, elementum"
      text run at (1601,15) width 170: "eget, quam. Fusce molestie"
      text run at (1619,15) width 174: "nisl vitae nisi. Vestibulum a"
      text run at (1637,15) width 137: "sapien. Phasellus ante"
      text run at (1655,15) width 169: "lacus, vehicula non, cursus"
      text run at (1673,15) width 129: "a, tempor ut, magna."
      text run at (1691,15) width 169: "Suspendisse potenti. Fusce"
      text run at (1709,15) width 126: "aliquet, odio viverra"
      text run at (1727,15) width 144: "vulputate dictum, enim"
      text run at (1745,15) width 128: "odio luctus purus, ut"
      text run at (1763,15) width 171: "scelerisque quam nulla non"
      text run at (1781,15) width 137: "est. Donec eros lacus,"
      text run at (1799,15) width 162: "egestas vitae, lacinia quis,"
      text run at (1817,15) width 159: "tempor quis, pede. Morbi"
      text run at (1835,15) width 163: "orci erat, iaculis id, ornare"
      text run at (1853,15) width 143: "ac, elementum at, sem."
      text run at (1871,15) width 159: "Nunc ornare sodales nisi."
      text run at (1889,15) width 166: "Morbi interdum commodo"
      text run at (1907,15) width 155: "nisl. Fusce eget eros non"
      text run at (1925,15) width 149: "nisi ornare facilisis. Sed"
      text run at (1943,15) width 155: "placerat, est non posuere"
      text run at (1961,15) width 121: "posuere, purus sem"
      text run at (1979,15) width 163: "dignissim libero, a viverra"
      text run at (1997,15) width 170: "tellus dolor vel lorem. Cras"
      text run at (2015,15) width 136: "augue. Etiam ultricies"
      text run at (2033,15) width 165: "consequat odio. Mauris ac"
      text run at (2051,15) width 138: "libero. Etiam posuere,"
      text run at (2069,15) width 127: "libero vitae euismod"
      text run at (2087,15) width 169: "gravida, urna elit imperdiet"
      text run at (2105,15) width 166: "magna, vel cursus elit felis"
      text run at (2123,15) width 148: "non mauris. Donec orci"
      text run at (2141,15) width 167: "erat, porta id, dignissim ut,"
      text run at (2159,15) width 127: "posuere dictum, leo."
      text run at (2177,15) width 150: "Suspendisse scelerisque"
      text run at (2195,15) width 84: "egestas nulla."
