layer at (0,0) size 800x600
  RenderView at (0,0) size 800x600
layer at (0,0) size 800x436
  RenderBlock {HTML} at (0,0) size 800x436
    RenderBody {BODY} at (4,4) size 137x424 [border: (1px dashed #C0C0C0)]
      RenderBlock {P} at (1,10) size 135x27
        RenderText {#text} at (0,0) size 135x28
          text run at (0,0) width 133: "The following six blue boxes must"
          text run at (0,9) width 135: "be of the same width. There must be"
          text run at (0,18) width 26: "no red."
      RenderBlock {P} at (10,46) size 117x17 [bgcolor=#008000] [border: (4px solid #0000FF)]
        RenderText {#text} at (4,4) size 2x10
          text run at (4,4) width 2: " "
      RenderBlock {P} at (1,117) size 135x9
        RenderText {#text} at (0,0) size 12x10
          text run at (0,0) width 12: "      "
        RenderText {#text} at (0,0) size 0x0
        RenderEmbeddedObject {OBJECT} at (9,0) size 117x35 [bgcolor=#FF0000] [border: (4px solid #0000FF)]
          layer at (0,0) size 109x27
            RenderView at (0,0) size 109x27
          layer at (0,0) size 109x27
            RenderSVGRoot {svg} at (0,0) size 109x27
              RenderSVGRect {rect} at (0,0) size 109x27 [stroke={[type=SOLID] [color=#008000] [stroke width=12.00]}] [fill={[type=SOLID] [color=#00FF00]}] [x=0.00] [y=0.00] [width=1000.00] [height=250.00]
              RenderSVGPath {path} at (16,5) size 76x17 [fill={[type=SOLID] [color=#008000]}] [data="M 500 50 L 150 200 L 850 200 Z"]
      RenderBlock {P} at (1,180) size 135x9
        RenderEmbeddedObject {OBJECT} at (9,0) size 117x35 [bgcolor=#FF0000] [border: (4px solid #0000FF)]
          layer at (0,0) size 109x27
            RenderView at (0,0) size 109x27
          layer at (0,0) size 109x27
            RenderSVGRoot {svg} at (0,0) size 109x27
              RenderSVGRect {rect} at (0,0) size 109x27 [stroke={[type=SOLID] [color=#008000] [stroke width=12.00]}] [fill={[type=SOLID] [color=#00FF00]}] [x=0.00] [y=0.00] [width=1000.00] [height=250.00]
              RenderSVGPath {path} at (16,5) size 76x17 [fill={[type=SOLID] [color=#008000]}] [data="M 500 50 L 150 200 L 850 200 Z"]
      RenderTable at (1,243) size 135x36
        RenderTableSection (anonymous) at (0,0) size 135x36
          RenderTableRow (anonymous) at (0,0) size 135x36
            RenderTableCell {P} at (0,0) size 135x36 [r=0 c=0 rs=1 cs=1]
              RenderEmbeddedObject {OBJECT} at (9,0) size 117x35 [bgcolor=#FF0000] [border: (4px solid #0000FF)]
                layer at (0,0) size 109x27
                  RenderView at (0,0) size 109x27
                layer at (0,0) size 109x27
                  RenderSVGRoot {svg} at (0,0) size 109x27
                    RenderSVGRect {rect} at (0,0) size 109x27 [stroke={[type=SOLID] [color=#008000] [stroke width=12.00]}] [fill={[type=SOLID] [color=#00FF00]}] [x=0.00] [y=0.00] [width=1000.00] [height=250.00]
                    RenderSVGPath {path} at (16,5) size 76x17 [fill={[type=SOLID] [color=#008000]}] [data="M 500 50 L 150 200 L 850 200 Z"]
      RenderTable {TABLE} at (1,333) size 135x36
        RenderTableSection {TBODY} at (0,0) size 135x36
          RenderTableRow {TR} at (0,0) size 135x36
            RenderTableCell {TD} at (0,0) size 135x36 [r=0 c=0 rs=1 cs=1]
              RenderEmbeddedObject {OBJECT} at (9,0) size 117x35 [bgcolor=#FF0000] [border: (4px solid #0000FF)]
                layer at (0,0) size 109x27
                  RenderView at (0,0) size 109x27
                layer at (0,0) size 109x27
                  RenderSVGRoot {svg} at (0,0) size 109x27
                    RenderSVGRect {rect} at (0,0) size 109x27 [stroke={[type=SOLID] [color=#008000] [stroke width=12.00]}] [fill={[type=SOLID] [color=#00FF00]}] [x=0.00] [y=0.00] [width=1000.00] [height=250.00]
                    RenderSVGPath {path} at (16,5) size 76x17 [fill={[type=SOLID] [color=#008000]}] [data="M 500 50 L 150 200 L 850 200 Z"]
      RenderBlock (floating) {P} at (1,423) size 135x9
        RenderEmbeddedObject {OBJECT} at (9,0) size 117x35 [bgcolor=#FF0000] [border: (4px solid #0000FF)]
          layer at (0,0) size 109x27
            RenderView at (0,0) size 109x27
          layer at (0,0) size 109x27
            RenderSVGRoot {svg} at (0,0) size 109x27
              RenderSVGRect {rect} at (0,0) size 109x27 [stroke={[type=SOLID] [color=#008000] [stroke width=12.00]}] [fill={[type=SOLID] [color=#00FF00]}] [x=0.00] [y=0.00] [width=1000.00] [height=250.00]
              RenderSVGPath {path} at (16,5) size 76x17 [fill={[type=SOLID] [color=#008000]}] [data="M 500 50 L 150 200 L 850 200 Z"]
