layer at (0,0) size 808x600
  RenderView at (0,0) size 800x600
layer at (0,0) size 800x600
  RenderBlock {HTML} at (0,0) size 800x600
    RenderBody {BODY} at (8,8) size 784x584
      RenderTable {TABLE} at (0,0) size 800x584 [border: (1px outset #808080)]
        RenderTableSection {TBODY} at (1,1) size 798x582
          RenderTableRow {TR} at (0,2) size 798x578
            RenderTableCell {TD} at (2,2) size 794x578 [border: (1px inset #808080)] [r=0 c=0 rs=1 cs=1]
              RenderTable {TABLE} at (2,2) size 790x574 [border: (1px outset #808080)]
                RenderTableSection {TBODY} at (1,1) size 788x572
                  RenderTableRow {TR} at (0,2) size 788x568
                    RenderTableCell {TD} at (2,2) size 784x568 [border: (1px inset #808080)] [r=0 c=0 rs=1 cs=1]
                      RenderPartObject {IFRAME} at (2,2) size 790x564 [border: (5px solid #0000FF)]
                        layer at (0,0) size 780x2016
                          RenderView at (0,0) size 780x554
                        layer at (0,0) size 780x2016
                          RenderBlock {HTML} at (0,0) size 780x2016
                            RenderBody {BODY} at (0,0) size 780x2016 [bgcolor=#53799F]
                              RenderBlock {CENTER} at (0,0) size 780x2016
                                RenderBlock (anonymous) at (0,0) size 780x20
                                  RenderBR {BR} at (390,0) size 0x19
                                RenderTable {TABLE} at (19,20) size 742x1976 [border: (1px solid #000000)]
                                  RenderTableSection {TBODY} at (1,1) size 739x1974
                                    RenderTableRow {TR} at (0,0) size 739x22
                                      RenderTableCell {TD} at (0,0) size 739x22 [bgcolor=#3F5694] [border: (1px solid #000000)] [r=0 c=0 rs=1 cs=1]
                                        RenderText {#text} at (351,1) size 37x19
                                          text run at (351,1) width 37: "News"
                                    RenderTableRow {TR} at (0,22) size 739x42
                                      RenderTableCell {TD} at (0,22) size 739x42 [border: (1px solid #000000)] [r=1 c=0 rs=1 cs=1]
                                        RenderInline {B} at (0,0) size 97x19
                                          RenderText {#text} at (321,1) size 97x19
                                            text run at (321,1) width 97: "11. M\x{E4}rz 2002"
                                        RenderBR {BR} at (417,16) size 1x0
                                        RenderText {#text} at (71,21) size 597x19
                                          text run at (71,21) width 467: "nun gibt es auch eine kommerzielle Version vom PopUp-Manager, mehr Info "
                                          text run at (537,21) width 131: "unter komerz. Scripte"
                                    RenderTableRow {TR} at (0,64) size 739x42
                                      RenderTableCell {TD} at (0,64) size 739x42 [border: (1px solid #000000)] [r=2 c=0 rs=1 cs=1]
                                        RenderInline {B} at (0,0) size 93x19
                                          RenderText {#text} at (323,1) size 93x19
                                            text run at (323,1) width 93: "09.M\x{E4}rz 2002"
                                          RenderBR {BR} at (415,16) size 1x0
                                        RenderText {#text} at (175,21) size 389x19
                                          text run at (175,21) width 389: "neues Script ist online, PopUp-Manager, mehr Info unter Scripte"
                                    RenderTableRow {TR} at (0,106) size 739x42
                                      RenderTableCell {TD} at (0,106) size 739x42 [border: (1px solid #000000)] [r=3 c=0 rs=1 cs=1]
                                        RenderText {#text} at (307,1) size 125x19
                                          text run at (307,1) width 125: "17. November 2001"
                                        RenderBR {BR} at (432,16) size 0x0
                                        RenderText {#text} at (292,21) size 155x19
                                          text run at (292,21) width 155: "Endlich wieder Online! :-)"
                                    RenderTableRow {TR} at (0,148) size 739x182
                                      RenderTableCell {TD} at (0,148) size 739x182 [border: (1px solid #000000)] [r=4 c=0 rs=1 cs=1]
                                        RenderText {#text} at (275,1) size 189x19
                                          text run at (275,1) width 189: "23. Oktober 2001 (21:00 Uhr)"
                                        RenderBR {BR} at (463,16) size 1x0
                                        RenderText {#text} at (317,21) size 105x19
                                          text run at (317,21) width 105: "Es ist vollbracht! "
                                        RenderBR {BR} at (421,36) size 1x0
                                        RenderText {#text} at (217,41) size 305x19
                                          text run at (217,41) width 305: "Ich habe nun den .htaccess-BUG bei den Scripten:"
                                        RenderBR {BR} at (522,56) size 0x0
                                        RenderText {#text} at (118,61) size 503x19
                                          text run at (118,61) width 503: "The Real Topsites, Sponsor Manager, Download Manager und Password Manager"
                                        RenderBR {BR} at (621,76) size 0x0
                                        RenderText {#text} at (135,81) size 469x19
                                          text run at (135,81) width 410: "abgeschafft, brauchte 2 Tage daf\x{FC}r, dabei lag der Fehler vor meiner "
                                          text run at (544,81) width 60: "Nase ! :-)"
                                        RenderBR {BR} at (603,96) size 1x0
                                        RenderText {#text} at (8,101) size 737x79
                                          text run at (8,101) width 360: "F\x{FC}r Euch hei\x{DF}t es, wenn Ihr eines der Scripte benutzt, ladet "
                                          text run at (367,101) width 364: "Euch die admin.cgi runter und vereinbart unbedingt ein neues"
                                          text run at (1,121) width 69: "Password! "
                                          text run at (70,121) width 433: "Au\x{DF}erdem wurde bei der Toplist die Sache mit dem Button Load/Klick "
                                          text run at (503,121) width 235: "um programmiert, f\x{FC}r die Leute die den"
                                          text run at (5,141) width 208: "Button Load/Klick Modus haben, "
                                          text run at (213,141) width 420: "Ihr m\x{FC}st Euch auch die topsites.cgi laden und im Admin Bereich unter "
                                          text run at (633,141) width 101: "Modus unten die"
                                          text run at (273,161) width 193: "URL zu Eurem Button angeben!"
                                    RenderTableRow {TR} at (0,330) size 739x42
                                      RenderTableCell {TD} at (0,330) size 739x42 [border: (1px solid #000000)] [r=5 c=0 rs=1 cs=1]
                                        RenderText {#text} at (313,1) size 113x19
                                          text run at (313,1) width 113: "22. Oktober 2001"
                                        RenderBR {BR} at (425,16) size 1x0
                                        RenderText {#text} at (141,21) size 457x19
                                          text run at (141,21) width 412: "Download-Bereich ist vorrerst geschlo\x{DF}en, kommen Sie bitte sp\x{E4}ter "
                                          text run at (553,21) width 45: "wieder."
                                    RenderTableRow {TR} at (0,372) size 739x62
                                      RenderTableCell {TD} at (0,372) size 739x62 [border: (1px solid #000000)] [r=6 c=0 rs=1 cs=1]
                                        RenderText {#text} at (275,1) size 189x19
                                          text run at (275,1) width 189: "21. Oktober 2001 (22:45 Uhr)"
                                        RenderBR {BR} at (463,16) size 1x0
                                        RenderText {#text} at (23,21) size 693x39
                                          text run at (23,21) width 386: "OK, sorry f\x{FC}r die Unannehmlichkeiten, aber Ihr m\x{FC}sst Euch nun "
                                          text run at (409,21) width 307: "noch mal die Scripte runter laden und die admin.cgi"
                                          text run at (91,41) width 132: "erneuern, hier kommt "
                                          text run at (223,41) width 425: "noch das Password-Manager-Script dazu, sollte jetzt alles sicher sein! "
                                        RenderBR {BR} at (0,0) size 0x0
                                    RenderTableRow {TR} at (0,434) size 739x122
                                      RenderTableCell {TD} at (0,434) size 739x122 [border: (1px solid #000000)] [r=7 c=0 rs=1 cs=1]
                                        RenderText {#text} at (275,1) size 189x19
                                          text run at (275,1) width 189: "21. Oktober 2001 (20:50 Uhr)"
                                        RenderBR {BR} at (463,16) size 1x0
                                        RenderText {#text} at (187,21) size 365x19
                                          text run at (187,21) width 365: "An alle Leute die follgende Scripte von G5-Scripts benutzen:"
                                        RenderBR {BR} at (551,36) size 1x0
                                        RenderText {#text} at (194,41) size 351x19
                                          text run at (194,41) width 351: "The Real Topsites, Download Counter, Sponsor Manager"
                                        RenderBR {BR} at (544,56) size 1x0
                                        RenderText {#text} at (50,61) size 639x19
                                          text run at (50,61) width 442: "bitte noch ein mal runter laden und die admin.cgi erneuern, beim Sponsor "
                                          text run at (491,61) width 198: "Manager kommt noch eine Datei"
                                        RenderBR {BR} at (688,76) size 1x0
                                        RenderText {#text} at (314,81) size 111x19
                                          text run at (314,81) width 111: "'variable.pl' dazu!!"
                                        RenderBR {BR} at (424,96) size 1x0
                                        RenderText {#text} at (94,101) size 551x19
                                          text run at (94,101) width 452: "Der Grund : man hat festgestellt das .htaccess Password Schutz doch nicht "
                                          text run at (545,101) width 100: "das sicherste ist!"
                                    RenderTableRow {TR} at (0,556) size 739x178
                                      RenderTableCell {TD} at (0,556) size 739x178 [border: (1px solid #000000)] [r=8 c=0 rs=1 cs=1]
                                        RenderBlock {P} at (1,1) size 737x120
                                          RenderText {#text} at (312,0) size 113x19
                                            text run at (312,0) width 113: "13. Oktober 2001"
                                          RenderBR {BR} at (424,15) size 1x0
                                          RenderText {#text} at (100,20) size 537x19
                                            text run at (100,20) width 463: "Ich habe es nun endlich geschafft das Gateway bei der Toplist mit IP-Sperre "
                                            text run at (562,20) width 75: "zu versehen,"
                                          RenderBR {BR} at (636,35) size 1x0
                                          RenderText {#text} at (26,40) size 685x19
                                            text run at (26,40) width 423: "dabei war der Fehler den ich vorher nicht verstand eine simple Sache, "
                                            text run at (448,40) width 263: "h\x{E4}tte ich doch ein wenig mehr nachgedacht!"
                                          RenderBR {BR} at (710,55) size 1x0
                                          RenderText {#text} at (9,60) size 733x59
                                            text run at (9,60) width 405: "Des weiteren habe ich noch die Datensicherung umgeschrieben, f\x{FC}r "
                                            text run at (414,60) width 314: "alle die Listen deren Hits ab und zu mal auf 0 gesetzt"
                                            text run at (2,80) width 88: "werden, sollte "
                                            text run at (90,80) width 434: "jetzt nicht mehr passieren und ich habe noch den Mail Versand aus dem "
                                            text run at (524,80) width 211: "Admin-Bereich umgeschrieben und"
                                            text run at (25,100) width 210: "zwar wurde fr\x{FC}her der Text immer "
                                            text run at (235,100) width 410: "zusammen gequetscht, die Enters wurden so zu sagen ignoriert, jetzt "
                                            text run at (645,100) width 67: "nicht mehr!"
                                        RenderBlock {P} at (1,137) size 737x40
                                          RenderText {#text} at (22,0) size 693x39
                                            text run at (22,0) width 361: ">> F\x{FC}r alle die das Script vor dem 11.10.01 runter geladen "
                                            text run at (383,0) width 332: "haben, Ihr solltet es Euch noch mal runter laden und die"
                                            text run at (154,20) width 112: "folgenden Dateien "
                                            text run at (266,20) width 317: "durch die neuen ersetzen: topsites.cgi und admin.cgi ."
                                    RenderTableRow {TR} at (0,734) size 739x42
                                      RenderTableCell {TD} at (0,734) size 739x42 [border: (1px solid #000000)] [r=9 c=0 rs=1 cs=1]
                                        RenderText {#text} at (313,1) size 113x19
                                          text run at (313,1) width 113: "11. Oktober 2001"
                                        RenderBR {BR} at (425,16) size 1x0
                                        RenderText {#text} at (136,21) size 467x19
                                          text run at (136,21) width 467: "neues Script ist online, .htaccess-Password-Manager, mehr Info unter Scripte"
                                    RenderTableRow {TR} at (0,776) size 739x42
                                      RenderTableCell {TD} at (0,776) size 739x42 [border: (1px solid #000000)] [r=10 c=0 rs=1 cs=1]
                                        RenderText {#text} at (306,1) size 127x19
                                          text run at (306,1) width 127: "08. September 2001"
                                        RenderBR {BR} at (432,16) size 1x0
                                        RenderText {#text} at (212,21) size 315x19
                                          text run at (212,21) width 315: "Eine neu Version des Download Counters ist online!"
                                    RenderTableRow {TR} at (0,818) size 739x62
                                      RenderTableCell {TD} at (0,818) size 739x62 [border: (1px solid #000000)] [r=11 c=0 rs=1 cs=1]
                                        RenderText {#text} at (318,1) size 103x19
                                          text run at (318,1) width 103: "11. August 2001"
                                        RenderBR {BR} at (420,16) size 1x0
                                        RenderText {#text} at (52,21) size 635x19
                                          text run at (52,21) width 426: "Ich habe so eben eine random.cgi f\x{FC}r den Topsites Script geschrieben. "
                                          text run at (478,21) width 209: "Die random.cgi f\x{FC}hrt den Besucher"
                                        RenderBR {BR} at (687,36) size 0x0
                                        RenderText {#text} at (267,41) size 205x19
                                          text run at (267,41) width 205: "auf eine zuf\x{E4}llig ausgew\x{E4}hlte Seite."
                                    RenderTableRow {TR} at (0,880) size 739x62
                                      RenderTableCell {TD} at (0,880) size 739x62 [border: (1px solid #000000)] [r=12 c=0 rs=1 cs=1]
                                        RenderText {#text} at (318,1) size 103x19
                                          text run at (318,1) width 103: "08. August 2001"
                                        RenderBR {BR} at (420,16) size 1x0
                                        RenderText {#text} at (113,21) size 513x19
                                          text run at (113,21) width 443: "Ich schreibe gerade eine neue Version von dem Download Counter, bitte "
                                          text run at (556,21) width 70: "schreibt mir"
                                        RenderBR {BR} at (626,36) size 0x0
                                        RenderText {#text} at (200,41) size 339x19
                                          text run at (200,41) width 339: "ins Forum was Ihr da alles haben wollt, wer das benutzt!"
                                    RenderTableRow {TR} at (0,942) size 739x62
                                      RenderTableCell {TD} at (0,942) size 739x62 [border: (1px solid #000000)] [r=13 c=0 rs=1 cs=1]
                                        RenderText {#text} at (330,1) size 79x19
                                          text run at (330,1) width 79: "09. Juli 2001"
                                        RenderBR {BR} at (409,16) size 0x0
                                        RenderText {#text} at (2,21) size 735x39
                                          text run at (2,21) width 430: "eine kleiner Bug in der Topsites.cgi wurde behoben! Wer m\x{F6}chte kann "
                                          text run at (431,21) width 306: "sich die jetzige Zip runter laden und die topsites.cgi"
                                          text run at (233,41) width 90: "auktualisieren, "
                                          text run at (322,41) width 184: "mu\x{DF} aber nicht unbedingt sein!"
                                    RenderTableRow {TR} at (0,1004) size 739x62
                                      RenderTableCell {TD} at (0,1004) size 739x62 [border: (1px solid #000000)] [r=14 c=0 rs=1 cs=1]
                                        RenderText {#text} at (330,1) size 79x19
                                          text run at (330,1) width 79: "01. Juli 2001"
                                        RenderBR {BR} at (409,16) size 0x0
                                        RenderText {#text} at (101,21) size 537x19
                                          text run at (101,21) width 477: "Jetzt haben wir einen Support Forum, postet Eure Fragen da rein und versuche "
                                          text run at (578,21) width 60: "Sie alle zu"
                                        RenderBR {BR} at (638,36) size 0x0
                                        RenderText {#text} at (76,41) size 587x19
                                          text run at (76,41) width 376: "beantworten! Au\x{DF}erdem k\x{F6}nnt Ihr dort auch Eure Vorschl\x{E4}ge "
                                          text run at (452,41) width 211: "zu den einzelnen Scripten abgeben!"
                                    RenderTableRow {TR} at (0,1066) size 739x62
                                      RenderTableCell {TD} at (0,1066) size 739x62 [border: (1px solid #000000)] [r=15 c=0 rs=1 cs=1]
                                        RenderText {#text} at (330,1) size 79x19
                                          text run at (330,1) width 79: "01. Juli 2001"
                                        RenderBR {BR} at (409,16) size 0x0
                                        RenderText {#text} at (128,21) size 483x19
                                          text run at (128,21) width 458: "Und wieder eine neue Version von The Real Topsites ist online, die Version "
                                          text run at (586,21) width 25: "3.4!"
                                        RenderBR {BR} at (611,36) size 0x0
                                        RenderText {#text} at (162,41) size 415x19
                                          text run at (162,41) width 415: "Es gibt einige neue Funktionen und es wurde auch einiges verbessert!"
                                    RenderTableRow {TR} at (0,1128) size 739x62
                                      RenderTableCell {TD} at (0,1128) size 739x62 [border: (1px solid #000000)] [r=16 c=0 rs=1 cs=1]
                                        RenderText {#text} at (328,1) size 83x19
                                          text run at (328,1) width 83: "20. Juni 2001"
                                        RenderBR {BR} at (411,16) size 0x0
                                        RenderText {#text} at (139,21) size 461x19
                                          text run at (139,21) width 431: "unser Hoster hat ein paar kleine Probleme also sollte irgend was an der "
                                          text run at (569,21) width 31: "Seite"
                                        RenderBR {BR} at (599,36) size 1x0
                                        RenderText {#text} at (254,41) size 231x19
                                          text run at (254,41) width 231: "nicht gehen, einfach wieder versuchen!"
                                    RenderTableRow {TR} at (0,1190) size 739x102
                                      RenderTableCell {TD} at (0,1190) size 739x102 [border: (1px solid #000000)] [r=17 c=0 rs=1 cs=1]
                                        RenderText {#text} at (328,1) size 83x19
                                          text run at (328,1) width 83: "09. Juni 2001"
                                        RenderBR {BR} at (411,16) size 0x0
                                        RenderText {#text} at (107,21) size 525x19
                                          text run at (107,21) width 422: "Die neue Version (3.3) von The Real Topsites ist online, es gibt einige "
                                          text run at (529,21) width 103: "neue Funktionen "
                                        RenderBR {BR} at (632,36) size 0x0
                                        RenderText {#text} at (258,41) size 223x19
                                          text run at (258,41) width 223: "und es wurde auch einiges ver\x{E4}ndert!"
                                        RenderBR {BR} at (481,56) size 0x0
                                        RenderText {#text} at (247,61) size 245x19
                                          text run at (247,61) width 245: "Mehr Info unter \"Perl Scripte\" im Men\x{FC}. "
                                        RenderBR {BR} at (492,76) size 0x0
                                        RenderText {#text} at (169,81) size 401x19
                                          text run at (169,81) width 401: "P.S. den Umstieg auf die Version3.3 kann ich Euch nur empfehlen!"
                                    RenderTableRow {TR} at (0,1292) size 739x82
                                      RenderTableCell {TD} at (0,1292) size 739x82 [border: (1px solid #000000)] [r=18 c=0 rs=1 cs=1]
                                        RenderText {#text} at (328,1) size 83x19
                                          text run at (328,1) width 83: "04. Juni 2001"
                                        RenderBR {BR} at (411,16) size 0x0
                                        RenderText {#text} at (152,21) size 435x19
                                          text run at (152,21) width 435: "Ein kleiner Bug bei Topsites Script wurde gefunden und sofort behoben!"
                                        RenderBR {BR} at (586,36) size 1x0
                                        RenderText {#text} at (158,41) size 423x19
                                          text run at (158,41) width 423: "Bug: es wurde immer wieder die selbe Site Of The Moment angezeigt!"
                                        RenderBR {BR} at (580,56) size 1x0
                                        RenderText {#text} at (161,61) size 417x19
                                          text run at (161,61) width 412: "Ladet Euch die jetzige Version runter und ersetzt nur die topsites.cgi "
                                          text run at (573,61) width 5: "!"
                                    RenderTableRow {TR} at (0,1374) size 739x62
                                      RenderTableCell {TD} at (0,1374) size 739x62 [border: (1px solid #000000)] [r=19 c=0 rs=1 cs=1]
                                        RenderText {#text} at (328,1) size 83x19
                                          text run at (328,1) width 83: "01. Juni 2001"
                                        RenderBR {BR} at (411,16) size 0x0
                                        RenderText {#text} at (223,21) size 293x19
                                          text run at (223,21) width 293: "Ein neues Script ist online! G5-ICQ Newsletter. "
                                        RenderBR {BR} at (516,36) size 0x0
                                        RenderText {#text} at (249,41) size 241x19
                                          text run at (249,41) width 241: "Mehr Info unter \"Perl Scripte\" im Men\x{FC}."
                                    RenderTableRow {TR} at (0,1436) size 739x62
                                      RenderTableCell {TD} at (0,1436) size 739x62 [border: (1px solid #000000)] [r=20 c=0 rs=1 cs=1]
                                        RenderText {#text} at (327,1) size 85x19
                                          text run at (327,1) width 85: "31. Mai 2001"
                                        RenderBR {BR} at (411,16) size 1x0
                                        RenderText {#text} at (170,21) size 399x19
                                          text run at (170,21) width 399: "Ich habe einen ICQ-Newsletter Script installiert, unter dem Men\x{FC}."
                                        RenderBR {BR} at (568,36) size 1x0
                                        RenderText {#text} at (192,41) size 355x19
                                          text run at (192,41) width 355: "Tragt Euch ein, dann seit Ihr immer auf dem neusten Stand!"
                                    RenderTableRow {TR} at (0,1498) size 739x42
                                      RenderTableCell {TD} at (0,1498) size 739x42 [border: (1px solid #000000)] [r=21 c=0 rs=1 cs=1]
                                        RenderText {#text} at (327,1) size 85x19
                                          text run at (327,1) width 85: "26. Mai 2001"
                                        RenderBR {BR} at (411,16) size 1x0
                                        RenderText {#text} at (269,21) size 201x19
                                          text run at (269,21) width 201: "The Real Topsites v3.0 ist online!"
                                    RenderTableRow {TR} at (0,1540) size 739x62
                                      RenderTableCell {TD} at (0,1540) size 739x62 [border: (1px solid #000000)] [r=22 c=0 rs=1 cs=1]
                                        RenderText {#text} at (327,1) size 85x19
                                          text run at (327,1) width 85: "25. Mai 2001"
                                        RenderBR {BR} at (411,16) size 1x0
                                        RenderText {#text} at (216,21) size 307x19
                                          text run at (216,21) width 307: "Ein neues Script ist online! G5-Download Counter."
                                        RenderBR {BR} at (523,36) size 0x0
                                        RenderText {#text} at (249,41) size 241x19
                                          text run at (249,41) width 241: "Mehr Info unter \"Perl Scripte\" im Men\x{FC}."
                                    RenderTableRow {TR} at (0,1602) size 739x102
                                      RenderTableCell {TD} at (0,1602) size 739x102 [border: (1px solid #000000)] [r=23 c=0 rs=1 cs=1]
                                        RenderText {#text} at (327,1) size 85x19
                                          text run at (327,1) width 85: "24. Mai 2001"
                                        RenderBR {BR} at (411,16) size 1x0
                                        RenderText {#text} at (136,21) size 467x19
                                          text run at (136,21) width 399: "Ich habe es mir sehr lange \x{FC}berlegt, die Entscheidung war wirklich "
                                          text run at (535,21) width 68: "nicht leicht!"
                                        RenderBR {BR} at (603,36) size 0x0
                                        RenderText {#text} at (110,41) size 519x19
                                          text run at (110,41) width 380: "Ich habe mich entschieden den Script \"The Real Topsites\" zum "
                                          text run at (489,41) width 140: "Download freizugeben."
                                        RenderBR {BR} at (628,56) size 1x0
                                        RenderText {#text} at (231,61) size 277x19
                                          text run at (231,61) width 277: "Ihr k\x{F6}nnt es Euch jetzt kostenlos runter laden!"
                                        RenderBR {BR} at (507,76) size 1x0
                                        RenderText {#text} at (318,81) size 103x19
                                          text run at (318,81) width 103: "Viel Spa\x{DF} damit!"
                                    RenderTableRow {TR} at (0,1704) size 739x62
                                      RenderTableCell {TD} at (0,1704) size 739x62 [border: (1px solid #000000)] [r=24 c=0 rs=1 cs=1]
                                        RenderText {#text} at (327,1) size 85x19
                                          text run at (327,1) width 85: "13. Mai 2001"
                                        RenderBR {BR} at (411,16) size 1x0
                                        RenderText {#text} at (10,21) size 719x39
                                          text run at (10,21) width 445: "Es gab nur eine kleine Ver\x{E4}nderung bei G5-Sponsor-Manager, man kann "
                                          text run at (455,21) width 274: "den Script jetzt auch via Java aufrufen, so das"
                                          text run at (96,41) width 138: "Euer Server jetzt nicht "
                                          text run at (233,41) width 344: "unbedingt SSI unterst\x{FC}tzen mu\x{DF} um den Script ausf\x{FC}hren "
                                          text run at (576,41) width 67: "zu k\x{F6}nnen!"
                                    RenderTableRow {TR} at (0,1766) size 739x62
                                      RenderTableCell {TD} at (0,1766) size 739x62 [border: (1px solid #000000)] [r=25 c=0 rs=1 cs=1]
                                        RenderText {#text} at (324,1) size 91x19
                                          text run at (324,1) width 91: "22. April 2001"
                                        RenderBR {BR} at (414,16) size 1x0
                                        RenderText {#text} at (218,21) size 303x19
                                          text run at (218,21) width 303: "Ein neues Script ist online! G5-Sponsor-Manager."
                                        RenderBR {BR} at (520,36) size 1x0
                                        RenderText {#text} at (249,41) size 241x19
                                          text run at (249,41) width 241: "Mehr Info unter \"Perl Scripte\" im Men\x{FC}."
                                    RenderTableRow {TR} at (0,1828) size 739x82
                                      RenderTableCell {TD} at (0,1828) size 739x82 [border: (1px solid #000000)] [r=26 c=0 rs=1 cs=1]
                                        RenderText {#text} at (324,1) size 91x19
                                          text run at (324,1) width 91: "20. April 2001"
                                        RenderBR {BR} at (414,16) size 1x0
                                        RenderText {#text} at (208,21) size 323x19
                                          text run at (208,21) width 323: "Auf einige Anfragen habe ich eine Demonstration von "
                                        RenderBR {BR} at (531,36) size 0x0
                                        RenderText {#text} at (219,41) size 301x19
                                          text run at (219,41) width 301: "\"The Real Topsites\" (Toplist Script) ver\x{F6}ffentlicht!"
                                        RenderBR {BR} at (519,56) size 1x0
                                        RenderText {#text} at (249,61) size 241x19
                                          text run at (249,61) width 241: "Mehr Info unter \"Perl Scripte\" im Men\x{FC}."
                                    RenderTableRow {TR} at (0,1910) size 739x42
                                      RenderTableCell {TD} at (0,1910) size 739x42 [border: (1px solid #000000)] [r=27 c=0 rs=1 cs=1]
                                        RenderText {#text} at (323,1) size 93x19
                                          text run at (323,1) width 93: "13. M\x{E4}rz 2001"
                                        RenderBR {BR} at (415,16) size 1x0
                                        RenderText {#text} at (235,21) size 269x19
                                          text run at (235,21) width 269: "An diesem Tag ging die G5-Script.de online!"
                                    RenderTableRow {TR} at (0,1952) size 739x22
                                      RenderTableCell {TD} at (0,1952) size 739x22 [border: (1px solid #000000)] [r=28 c=0 rs=1 cs=1]
                                        RenderText {#text} at (367,1) size 5x19
                                          text run at (367,1) width 5: " "
                                RenderBlock (anonymous) at (0,1996) size 780x20
                                  RenderBR {BR} at (390,0) size 0x19
