layer at (0,0) size 800x2016
  RenderView at (0,0) size 800x600
layer at (0,0) size 800x2016
  RenderBlock {HTML} at (0,0) size 800x2016
    RenderBody {BODY} at (0,0) size 800x2016 [bgcolor=#53799F]
      RenderBlock {CENTER} at (0,0) size 800x2016
        RenderBlock (anonymous) at (0,0) size 800x20
          RenderBR {BR} at (400,0) size 0x19
        RenderTable {TABLE} at (20,20) size 760x1976 [border: (1px solid #000000)]
          RenderTableSection {TBODY} at (1,1) size 758x1974
            RenderTableRow {TR} at (0,0) size 758x22
              RenderTableCell {TD} at (0,0) size 758x22 [bgcolor=#3F5694] [border: (1px solid #000000)] [r=0 c=0 rs=1 cs=1]
                RenderText {#text} at (361,1) size 36x19
                  text run at (361,1) width 36: "News"
            RenderTableRow {TR} at (0,22) size 758x42
              RenderTableCell {TD} at (0,22) size 758x42 [border: (1px solid #000000)] [r=1 c=0 rs=1 cs=1]
                RenderInline {B} at (0,0) size 96x19
                  RenderText {#text} at (331,1) size 96x19
                    text run at (331,1) width 96: "11. M\x{E4}rz 2002"
                RenderBR {BR} at (427,16) size 0x0
                RenderText {#text} at (81,21) size 596x19
                  text run at (81,21) width 466: "nun gibt es auch eine kommerzielle Version vom PopUp-Manager, mehr Info "
                  text run at (547,21) width 130: "unter komerz. Scripte"
            RenderTableRow {TR} at (0,64) size 758x42
              RenderTableCell {TD} at (0,64) size 758x42 [border: (1px solid #000000)] [r=2 c=0 rs=1 cs=1]
                RenderInline {B} at (0,0) size 92x19
                  RenderText {#text} at (333,1) size 92x19
                    text run at (333,1) width 92: "09.M\x{E4}rz 2002"
                  RenderBR {BR} at (425,16) size 0x0
                RenderText {#text} at (184,21) size 390x19
                  text run at (184,21) width 390: "neues Script ist online, PopUp-Manager, mehr Info unter Scripte"
            RenderTableRow {TR} at (0,106) size 758x42
              RenderTableCell {TD} at (0,106) size 758x42 [border: (1px solid #000000)] [r=3 c=0 rs=1 cs=1]
                RenderText {#text} at (316,1) size 126x19
                  text run at (316,1) width 126: "17. November 2001"
                RenderBR {BR} at (441,16) size 1x0
                RenderText {#text} at (301,21) size 156x19
                  text run at (301,21) width 156: "Endlich wieder Online! :-)"
            RenderTableRow {TR} at (0,148) size 758x182
              RenderTableCell {TD} at (0,148) size 758x182 [border: (1px solid #000000)] [r=4 c=0 rs=1 cs=1]
                RenderText {#text} at (285,1) size 188x19
                  text run at (285,1) width 188: "23. Oktober 2001 (21:00 Uhr)"
                RenderBR {BR} at (473,16) size 0x0
                RenderText {#text} at (327,21) size 104x19
                  text run at (327,21) width 104: "Es ist vollbracht! "
                RenderBR {BR} at (431,36) size 0x0
                RenderText {#text} at (226,41) size 306x19
                  text run at (226,41) width 306: "Ich habe nun den .htaccess-BUG bei den Scripten:"
                RenderBR {BR} at (531,56) size 1x0
                RenderText {#text} at (127,61) size 504x19
                  text run at (127,61) width 504: "The Real Topsites, Sponsor Manager, Download Manager und Password Manager"
                RenderBR {BR} at (630,76) size 1x0
                RenderText {#text} at (145,81) size 468x19
                  text run at (145,81) width 409: "abgeschafft, brauchte 2 Tage daf\x{FC}r, dabei lag der Fehler vor meiner "
                  text run at (554,81) width 59: "Nase ! :-)"
                RenderBR {BR} at (613,96) size 0x0
                RenderText {#text} at (18,101) size 738x79
                  text run at (18,101) width 359: "F\x{FC}r Euch hei\x{DF}t es, wenn Ihr eines der Scripte benutzt, ladet "
                  text run at (377,101) width 363: "Euch die admin.cgi runter und vereinbart unbedingt ein neues"
                  text run at (10,121) width 70: "Password! "
                  text run at (79,121) width 434: "Au\x{DF}erdem wurde bei der Toplist die Sache mit dem Button Load/Klick "
                  text run at (512,121) width 236: "um programmiert, f\x{FC}r die Leute die den"
                  text run at (14,141) width 209: "Button Load/Klick Modus haben, "
                  text run at (222,141) width 421: "Ihr m\x{FC}st Euch auch die topsites.cgi laden und im Admin Bereich unter "
                  text run at (642,141) width 102: "Modus unten die"
                  text run at (282,161) width 194: "URL zu Eurem Button angeben!"
            RenderTableRow {TR} at (0,330) size 758x42
              RenderTableCell {TD} at (0,330) size 758x42 [border: (1px solid #000000)] [r=5 c=0 rs=1 cs=1]
                RenderText {#text} at (323,1) size 112x19
                  text run at (323,1) width 112: "22. Oktober 2001"
                RenderBR {BR} at (435,16) size 0x0
                RenderText {#text} at (150,21) size 458x19
                  text run at (150,21) width 413: "Download-Bereich ist vorrerst geschlo\x{DF}en, kommen Sie bitte sp\x{E4}ter "
                  text run at (562,21) width 46: "wieder."
            RenderTableRow {TR} at (0,372) size 758x62
              RenderTableCell {TD} at (0,372) size 758x62 [border: (1px solid #000000)] [r=6 c=0 rs=1 cs=1]
                RenderText {#text} at (285,1) size 188x19
                  text run at (285,1) width 188: "21. Oktober 2001 (22:45 Uhr)"
                RenderBR {BR} at (473,16) size 0x0
                RenderText {#text} at (2,21) size 754x39
                  text run at (2,21) width 387: "OK, sorry f\x{FC}r die Unannehmlichkeiten, aber Ihr m\x{FC}sst Euch nun "
                  text run at (388,21) width 368: "noch mal die Scripte runter laden und die admin.cgi erneuern,"
                  text run at (130,41) width 73: "hier kommt "
                  text run at (202,41) width 426: "noch das Password-Manager-Script dazu, sollte jetzt alles sicher sein! "
                RenderBR {BR} at (0,0) size 0x0
            RenderTableRow {TR} at (0,434) size 758x122
              RenderTableCell {TD} at (0,434) size 758x122 [border: (1px solid #000000)] [r=7 c=0 rs=1 cs=1]
                RenderText {#text} at (285,1) size 188x19
                  text run at (285,1) width 188: "21. Oktober 2001 (20:50 Uhr)"
                RenderBR {BR} at (473,16) size 0x0
                RenderText {#text} at (197,21) size 364x19
                  text run at (197,21) width 364: "An alle Leute die follgende Scripte von G5-Scripts benutzen:"
                RenderBR {BR} at (561,36) size 0x0
                RenderText {#text} at (204,41) size 350x19
                  text run at (204,41) width 350: "The Real Topsites, Download Counter, Sponsor Manager"
                RenderBR {BR} at (554,56) size 0x0
                RenderText {#text} at (60,61) size 638x19
                  text run at (60,61) width 441: "bitte noch ein mal runter laden und die admin.cgi erneuern, beim Sponsor "
                  text run at (501,61) width 197: "Manager kommt noch eine Datei"
                RenderBR {BR} at (698,76) size 0x0
                RenderText {#text} at (324,81) size 110x19
                  text run at (324,81) width 110: "'variable.pl' dazu!!"
                RenderBR {BR} at (434,96) size 0x0
                RenderText {#text} at (104,101) size 550x19
                  text run at (104,101) width 451: "Der Grund : man hat festgestellt das .htaccess Password Schutz doch nicht "
                  text run at (555,101) width 99: "das sicherste ist!"
            RenderTableRow {TR} at (0,556) size 758x178
              RenderTableCell {TD} at (0,556) size 758x178 [border: (1px solid #000000)] [r=8 c=0 rs=1 cs=1]
                RenderBlock {P} at (1,1) size 756x120
                  RenderText {#text} at (322,0) size 112x19
                    text run at (322,0) width 112: "13. Oktober 2001"
                  RenderBR {BR} at (434,15) size 0x0
                  RenderText {#text} at (110,20) size 536x19
                    text run at (110,20) width 462: "Ich habe es nun endlich geschafft das Gateway bei der Toplist mit IP-Sperre "
                    text run at (572,20) width 74: "zu versehen,"
                  RenderBR {BR} at (646,35) size 0x0
                  RenderText {#text} at (36,40) size 684x19
                    text run at (36,40) width 422: "dabei war der Fehler den ich vorher nicht verstand eine simple Sache, "
                    text run at (458,40) width 262: "h\x{E4}tte ich doch ein wenig mehr nachgedacht!"
                  RenderBR {BR} at (720,55) size 0x0
                  RenderText {#text} at (18,60) size 734x59
                    text run at (18,60) width 406: "Des weiteren habe ich noch die Datensicherung umgeschrieben, f\x{FC}r "
                    text run at (423,60) width 315: "alle die Listen deren Hits ab und zu mal auf 0 gesetzt"
                    text run at (11,80) width 89: "werden, sollte "
                    text run at (99,80) width 435: "jetzt nicht mehr passieren und ich habe noch den Mail Versand aus dem "
                    text run at (533,80) width 212: "Admin-Bereich umgeschrieben und"
                    text run at (34,100) width 211: "zwar wurde fr\x{FC}her der Text immer "
                    text run at (244,100) width 411: "zusammen gequetscht, die Enters wurden so zu sagen ignoriert, jetzt "
                    text run at (654,100) width 68: "nicht mehr!"
                RenderBlock {P} at (1,137) size 756x40
                  RenderText {#text} at (0,0) size 756x39
                    text run at (0,0) width 362: ">> F\x{FC}r alle die das Script vor dem 11.10.01 runter geladen "
                    text run at (361,0) width 395: "haben, Ihr solltet es Euch noch mal runter laden und die folgenden"
                    text run at (194,20) width 51: "Dateien "
                    text run at (244,20) width 318: "durch die neuen ersetzen: topsites.cgi und admin.cgi ."
            RenderTableRow {TR} at (0,734) size 758x42
              RenderTableCell {TD} at (0,734) size 758x42 [border: (1px solid #000000)] [r=9 c=0 rs=1 cs=1]
                RenderText {#text} at (323,1) size 112x19
                  text run at (323,1) width 112: "11. Oktober 2001"
                RenderBR {BR} at (435,16) size 0x0
                RenderText {#text} at (146,21) size 466x19
                  text run at (146,21) width 466: "neues Script ist online, .htaccess-Password-Manager, mehr Info unter Scripte"
            RenderTableRow {TR} at (0,776) size 758x42
              RenderTableCell {TD} at (0,776) size 758x42 [border: (1px solid #000000)] [r=10 c=0 rs=1 cs=1]
                RenderText {#text} at (316,1) size 126x19
                  text run at (316,1) width 126: "08. September 2001"
                RenderBR {BR} at (442,16) size 0x0
                RenderText {#text} at (222,21) size 314x19
                  text run at (222,21) width 314: "Eine neu Version des Download Counters ist online!"
            RenderTableRow {TR} at (0,818) size 758x62
              RenderTableCell {TD} at (0,818) size 758x62 [border: (1px solid #000000)] [r=11 c=0 rs=1 cs=1]
                RenderText {#text} at (328,1) size 102x19
                  text run at (328,1) width 102: "11. August 2001"
                RenderBR {BR} at (430,16) size 0x0
                RenderText {#text} at (61,21) size 636x19
                  text run at (61,21) width 427: "Ich habe so eben eine random.cgi f\x{FC}r den Topsites Script geschrieben. "
                  text run at (487,21) width 210: "Die random.cgi f\x{FC}hrt den Besucher"
                RenderBR {BR} at (696,36) size 1x0
                RenderText {#text} at (276,41) size 206x19
                  text run at (276,41) width 206: "auf eine zuf\x{E4}llig ausgew\x{E4}hlte Seite."
            RenderTableRow {TR} at (0,880) size 758x62
              RenderTableCell {TD} at (0,880) size 758x62 [border: (1px solid #000000)] [r=12 c=0 rs=1 cs=1]
                RenderText {#text} at (328,1) size 102x19
                  text run at (328,1) width 102: "08. August 2001"
                RenderBR {BR} at (430,16) size 0x0
                RenderText {#text} at (122,21) size 514x19
                  text run at (122,21) width 444: "Ich schreibe gerade eine neue Version von dem Download Counter, bitte "
                  text run at (565,21) width 71: "schreibt mir"
                RenderBR {BR} at (635,36) size 1x0
                RenderText {#text} at (209,41) size 340x19
                  text run at (209,41) width 340: "ins Forum was Ihr da alles haben wollt, wer das benutzt!"
            RenderTableRow {TR} at (0,942) size 758x62
              RenderTableCell {TD} at (0,942) size 758x62 [border: (1px solid #000000)] [r=13 c=0 rs=1 cs=1]
                RenderText {#text} at (339,1) size 80x19
                  text run at (339,1) width 80: "09. Juli 2001"
                RenderBR {BR} at (418,16) size 1x0
                RenderText {#text} at (12,21) size 734x39
                  text run at (12,21) width 429: "eine kleiner Bug in der Topsites.cgi wurde behoben! Wer m\x{F6}chte kann "
                  text run at (441,21) width 305: "sich die jetzige Zip runter laden und die topsites.cgi"
                  text run at (243,41) width 89: "auktualisieren, "
                  text run at (332,41) width 183: "mu\x{DF} aber nicht unbedingt sein!"
            RenderTableRow {TR} at (0,1004) size 758x62
              RenderTableCell {TD} at (0,1004) size 758x62 [border: (1px solid #000000)] [r=14 c=0 rs=1 cs=1]
                RenderText {#text} at (339,1) size 80x19
                  text run at (339,1) width 80: "01. Juli 2001"
                RenderBR {BR} at (418,16) size 1x0
                RenderText {#text} at (110,21) size 538x19
                  text run at (110,21) width 478: "Jetzt haben wir einen Support Forum, postet Eure Fragen da rein und versuche "
                  text run at (587,21) width 61: "Sie alle zu"
                RenderBR {BR} at (647,36) size 1x0
                RenderText {#text} at (85,41) size 588x19
                  text run at (85,41) width 377: "beantworten! Au\x{DF}erdem k\x{F6}nnt Ihr dort auch Eure Vorschl\x{E4}ge "
                  text run at (461,41) width 212: "zu den einzelnen Scripten abgeben!"
            RenderTableRow {TR} at (0,1066) size 758x62
              RenderTableCell {TD} at (0,1066) size 758x62 [border: (1px solid #000000)] [r=15 c=0 rs=1 cs=1]
                RenderText {#text} at (339,1) size 80x19
                  text run at (339,1) width 80: "01. Juli 2001"
                RenderBR {BR} at (418,16) size 1x0
                RenderText {#text} at (137,21) size 484x19
                  text run at (137,21) width 459: "Und wieder eine neue Version von The Real Topsites ist online, die Version "
                  text run at (595,21) width 26: "3.4!"
                RenderBR {BR} at (620,36) size 1x0
                RenderText {#text} at (172,41) size 414x19
                  text run at (172,41) width 414: "Es gibt einige neue Funktionen und es wurde auch einiges verbessert!"
            RenderTableRow {TR} at (0,1128) size 758x62
              RenderTableCell {TD} at (0,1128) size 758x62 [border: (1px solid #000000)] [r=16 c=0 rs=1 cs=1]
                RenderText {#text} at (337,1) size 84x19
                  text run at (337,1) width 84: "20. Juni 2001"
                RenderBR {BR} at (420,16) size 1x0
                RenderText {#text} at (149,21) size 460x19
                  text run at (149,21) width 430: "unser Hoster hat ein paar kleine Probleme also sollte irgend was an der "
                  text run at (579,21) width 30: "Seite"
                RenderBR {BR} at (609,36) size 0x0
                RenderText {#text} at (263,41) size 232x19
                  text run at (263,41) width 232: "nicht gehen, einfach wieder versuchen!"
            RenderTableRow {TR} at (0,1190) size 758x102
              RenderTableCell {TD} at (0,1190) size 758x102 [border: (1px solid #000000)] [r=17 c=0 rs=1 cs=1]
                RenderText {#text} at (337,1) size 84x19
                  text run at (337,1) width 84: "09. Juni 2001"
                RenderBR {BR} at (420,16) size 1x0
                RenderText {#text} at (116,21) size 526x19
                  text run at (116,21) width 423: "Die neue Version (3.3) von The Real Topsites ist online, es gibt einige "
                  text run at (538,21) width 104: "neue Funktionen "
                RenderBR {BR} at (641,36) size 1x0
                RenderText {#text} at (267,41) size 224x19
                  text run at (267,41) width 224: "und es wurde auch einiges ver\x{E4}ndert!"
                RenderBR {BR} at (490,56) size 1x0
                RenderText {#text} at (256,61) size 246x19
                  text run at (256,61) width 246: "Mehr Info unter \"Perl Scripte\" im Men\x{FC}. "
                RenderBR {BR} at (501,76) size 1x0
                RenderText {#text} at (178,81) size 402x19
                  text run at (178,81) width 402: "P.S. den Umstieg auf die Version3.3 kann ich Euch nur empfehlen!"
            RenderTableRow {TR} at (0,1292) size 758x82
              RenderTableCell {TD} at (0,1292) size 758x82 [border: (1px solid #000000)] [r=18 c=0 rs=1 cs=1]
                RenderText {#text} at (337,1) size 84x19
                  text run at (337,1) width 84: "04. Juni 2001"
                RenderBR {BR} at (420,16) size 1x0
                RenderText {#text} at (162,21) size 434x19
                  text run at (162,21) width 434: "Ein kleiner Bug bei Topsites Script wurde gefunden und sofort behoben!"
                RenderBR {BR} at (596,36) size 0x0
                RenderText {#text} at (168,41) size 422x19
                  text run at (168,41) width 422: "Bug: es wurde immer wieder die selbe Site Of The Moment angezeigt!"
                RenderBR {BR} at (590,56) size 0x0
                RenderText {#text} at (170,61) size 418x19
                  text run at (170,61) width 413: "Ladet Euch die jetzige Version runter und ersetzt nur die topsites.cgi "
                  text run at (582,61) width 6: "!"
            RenderTableRow {TR} at (0,1374) size 758x62
              RenderTableCell {TD} at (0,1374) size 758x62 [border: (1px solid #000000)] [r=19 c=0 rs=1 cs=1]
                RenderText {#text} at (337,1) size 84x19
                  text run at (337,1) width 84: "01. Juni 2001"
                RenderBR {BR} at (420,16) size 1x0
                RenderText {#text} at (232,21) size 294x19
                  text run at (232,21) width 294: "Ein neues Script ist online! G5-ICQ Newsletter. "
                RenderBR {BR} at (525,36) size 1x0
                RenderText {#text} at (258,41) size 242x19
                  text run at (258,41) width 242: "Mehr Info unter \"Perl Scripte\" im Men\x{FC}."
            RenderTableRow {TR} at (0,1436) size 758x62
              RenderTableCell {TD} at (0,1436) size 758x62 [border: (1px solid #000000)] [r=20 c=0 rs=1 cs=1]
                RenderText {#text} at (337,1) size 84x19
                  text run at (337,1) width 84: "31. Mai 2001"
                RenderBR {BR} at (421,16) size 0x0
                RenderText {#text} at (180,21) size 398x19
                  text run at (180,21) width 398: "Ich habe einen ICQ-Newsletter Script installiert, unter dem Men\x{FC}."
                RenderBR {BR} at (578,36) size 0x0
                RenderText {#text} at (201,41) size 356x19
                  text run at (201,41) width 356: "Tragt Euch ein, dann seit Ihr immer auf dem neusten Stand!"
            RenderTableRow {TR} at (0,1498) size 758x42
              RenderTableCell {TD} at (0,1498) size 758x42 [border: (1px solid #000000)] [r=21 c=0 rs=1 cs=1]
                RenderText {#text} at (337,1) size 84x19
                  text run at (337,1) width 84: "26. Mai 2001"
                RenderBR {BR} at (421,16) size 0x0
                RenderText {#text} at (278,21) size 202x19
                  text run at (278,21) width 202: "The Real Topsites v3.0 ist online!"
            RenderTableRow {TR} at (0,1540) size 758x62
              RenderTableCell {TD} at (0,1540) size 758x62 [border: (1px solid #000000)] [r=22 c=0 rs=1 cs=1]
                RenderText {#text} at (337,1) size 84x19
                  text run at (337,1) width 84: "25. Mai 2001"
                RenderBR {BR} at (421,16) size 0x0
                RenderText {#text} at (225,21) size 308x19
                  text run at (225,21) width 308: "Ein neues Script ist online! G5-Download Counter."
                RenderBR {BR} at (532,36) size 1x0
                RenderText {#text} at (258,41) size 242x19
                  text run at (258,41) width 242: "Mehr Info unter \"Perl Scripte\" im Men\x{FC}."
            RenderTableRow {TR} at (0,1602) size 758x102
              RenderTableCell {TD} at (0,1602) size 758x102 [border: (1px solid #000000)] [r=23 c=0 rs=1 cs=1]
                RenderText {#text} at (337,1) size 84x19
                  text run at (337,1) width 84: "24. Mai 2001"
                RenderBR {BR} at (421,16) size 0x0
                RenderText {#text} at (145,21) size 468x19
                  text run at (145,21) width 400: "Ich habe es mir sehr lange \x{FC}berlegt, die Entscheidung war wirklich "
                  text run at (544,21) width 69: "nicht leicht!"
                RenderBR {BR} at (612,36) size 1x0
                RenderText {#text} at (120,41) size 518x19
                  text run at (120,41) width 379: "Ich habe mich entschieden den Script \"The Real Topsites\" zum "
                  text run at (499,41) width 139: "Download freizugeben."
                RenderBR {BR} at (638,56) size 0x0
                RenderText {#text} at (241,61) size 276x19
                  text run at (241,61) width 276: "Ihr k\x{F6}nnt es Euch jetzt kostenlos runter laden!"
                RenderBR {BR} at (517,76) size 0x0
                RenderText {#text} at (328,81) size 102x19
                  text run at (328,81) width 102: "Viel Spa\x{DF} damit!"
            RenderTableRow {TR} at (0,1704) size 758x62
              RenderTableCell {TD} at (0,1704) size 758x62 [border: (1px solid #000000)] [r=24 c=0 rs=1 cs=1]
                RenderText {#text} at (337,1) size 84x19
                  text run at (337,1) width 84: "13. Mai 2001"
                RenderBR {BR} at (421,16) size 0x0
                RenderText {#text} at (3,21) size 752x39
                  text run at (3,21) width 446: "Es gab nur eine kleine Ver\x{E4}nderung bei G5-Sponsor-Manager, man kann "
                  text run at (448,21) width 307: "den Script jetzt auch via Java aufrufen, so das Euer"
                  text run at (122,41) width 105: "Server jetzt nicht "
                  text run at (227,41) width 343: "unbedingt SSI unterst\x{FC}tzen mu\x{DF} um den Script ausf\x{FC}hren "
                  text run at (570,41) width 66: "zu k\x{F6}nnen!"
            RenderTableRow {TR} at (0,1766) size 758x62
              RenderTableCell {TD} at (0,1766) size 758x62 [border: (1px solid #000000)] [r=25 c=0 rs=1 cs=1]
                RenderText {#text} at (334,1) size 90x19
                  text run at (334,1) width 90: "22. April 2001"
                RenderBR {BR} at (424,16) size 0x0
                RenderText {#text} at (228,21) size 302x19
                  text run at (228,21) width 302: "Ein neues Script ist online! G5-Sponsor-Manager."
                RenderBR {BR} at (530,36) size 0x0
                RenderText {#text} at (258,41) size 242x19
                  text run at (258,41) width 242: "Mehr Info unter \"Perl Scripte\" im Men\x{FC}."
            RenderTableRow {TR} at (0,1828) size 758x82
              RenderTableCell {TD} at (0,1828) size 758x82 [border: (1px solid #000000)] [r=26 c=0 rs=1 cs=1]
                RenderText {#text} at (334,1) size 90x19
                  text run at (334,1) width 90: "20. April 2001"
                RenderBR {BR} at (424,16) size 0x0
                RenderText {#text} at (217,21) size 324x19
                  text run at (217,21) width 324: "Auf einige Anfragen habe ich eine Demonstration von "
                RenderBR {BR} at (540,36) size 1x0
                RenderText {#text} at (229,41) size 300x19
                  text run at (229,41) width 300: "\"The Real Topsites\" (Toplist Script) ver\x{F6}ffentlicht!"
                RenderBR {BR} at (529,56) size 0x0
                RenderText {#text} at (258,61) size 242x19
                  text run at (258,61) width 242: "Mehr Info unter \"Perl Scripte\" im Men\x{FC}."
            RenderTableRow {TR} at (0,1910) size 758x42
              RenderTableCell {TD} at (0,1910) size 758x42 [border: (1px solid #000000)] [r=27 c=0 rs=1 cs=1]
                RenderText {#text} at (333,1) size 92x19
                  text run at (333,1) width 92: "13. M\x{E4}rz 2001"
                RenderBR {BR} at (425,16) size 0x0
                RenderText {#text} at (244,21) size 270x19
                  text run at (244,21) width 270: "An diesem Tag ging die G5-Script.de online!"
            RenderTableRow {TR} at (0,1952) size 758x22
              RenderTableCell {TD} at (0,1952) size 758x22 [border: (1px solid #000000)] [r=28 c=0 rs=1 cs=1]
                RenderText {#text} at (377,1) size 4x19
                  text run at (377,1) width 4: " "
        RenderBlock (anonymous) at (0,1996) size 800x20
          RenderBR {BR} at (400,0) size 0x19
