layer at (0,0) size 807x600
  RenderView at (0,0) size 800x600
layer at (0,0) size 800x600
  RenderBlock {HTML} at (0,0) size 800x600
    RenderBody {BODY} at (8,8) size 784x584
      RenderTable {TABLE} at (0,0) size 799x32 [bgcolor=#FFFFFF]
        RenderTableSection {TBODY} at (0,0) size 799x32
          RenderTableRow {TR} at (0,0) size 799x32
            RenderTableCell {TD} at (0,0) size 398x32 [r=0 c=0 rs=1 cs=1]
              RenderBlock {PRE} at (0,0) size 398x32
                RenderInline {FONT} at (0,0) size 398x31
                  RenderText {#text} at (0,0) size 398x31
                    text run at (0,0) width 398: "/* -*- Mode: C++; tab-width: 2; indent-tabs-mode: nil; c-basic-offset: 2 -*-  "
                    text run at (398,0) width 0: " "
                    text run at (0,16) width 6: "  "
            RenderTableCell {TD} at (398,8) size 401x16 [r=0 c=1 rs=1 cs=1]
              RenderBlock {PRE} at (0,0) size 401x16
                RenderInline {FONT} at (0,0) size 401x15
                  RenderText {#text} at (0,0) size 401x15
                    text run at (0,0) width 401: "/* -*- Mode: C++; tab-width: 2; indent-tabs-mode: nil; c-basic-offset: 2 -*-   "
                    text run at (401,0) width 0: " "
