layer at (0,0) size 800x600
  RenderView at (0,0) size 800x600
layer at (0,0) size 800x600
  RenderBlock {HTML} at (0,0) size 800x600
    RenderBody {BODY} at (8,8) size 784x576
      RenderBlock {P} at (0,0) size 784x21
        RenderText {#text} at (0,0) size 729x21
          text run at (0,0) width 729: "This tests the xslt document() function. If this test is successful, there should be three paragraphs below."
      RenderBlock {P} at (0,37) size 784x21
        RenderText {#text} at (0,0) size 137x21
          text run at (0,0) width 137: "This is a paragraph"
      RenderBlock {P} at (0,74) size 784x21
        RenderText {#text} at (0,0) size 182x21
          text run at (0,0) width 182: "This is another paragraph"
      RenderBlock {P} at (0,111) size 784x21
        RenderText {#text} at (0,0) size 176x21
          text run at (0,0) width 176: "This is a third paragraph."
