layer at (0,0) size 1034x584
  RenderView at (0,0) size 800x584
layer at (-234,0) size 1034x584 backgroundClip at (0,0) size 1034x584 clip at (0,0) size 1034x584 outlineClip at (0,0) size 1034x584
  RenderBlock {HTML} at (0,0) size 1034x584
    RenderBody {BODY} at (8,8) size 1018x568
layer at (-226,8) size 1018x568 backgroundClip at (0,0) size 1034x584 clip at (0,0) size 1034x584 outlineClip at (0,0) size 1034x584
  RenderBlock {DIV} at (0,0) size 1018x568 [border: (5px solid #000000)]
    RenderText {#text} at (5,15) size 3024x168
      text run at (5,15) width 152: "Lorem ipsum dolor sit"
      text run at (26,15) width 134: "amet, consectetuer"
      text run at (47,15) width 144: "adipiscing elit. Nulla"
      text run at (68,15) width 128: "varius enim ac mi."
      text run at (89,15) width 146: "Curabitur sollicitudin"
      text run at (110,15) width 113: "felis quis lectus."
      text run at (131,15) width 137: "Quisque adipiscing"
      text run at (152,15) width 137: "rhoncus sem. Proin"
      text run at (173,15) width 152: "nulla purus, vulputate"
      text run at (194,15) width 158: "vel, varius ut, euismod"
      text run at (215,15) width 154: "et, nisi. Sed vitae felis"
      text run at (236,15) width 105: "vel orci sagittis"
      text run at (257,15) width 166: "aliquam. Cras convallis"
      text run at (278,15) width 149: "adipiscing sem. Nam"
      text run at (299,15) width 168: "nonummy enim. Nullam"
      text run at (320,15) width 127: "bibendum lobortis"
      text run at (341,15) width 166: "neque. Vestibulum velit"
      text run at (362,15) width 155: "orci, tempus euismod,"
      text run at (383,15) width 157: "pretium quis, interdum"
      text run at (404,15) width 156: "vitae, nulla. Phasellus"
      text run at (425,15) width 123: "eget ante et tortor"
      text run at (446,15) width 96: "condimentum"
      text run at (467,15) width 81: "vestibulum."
      text run at (488,15) width 160: "Suspendisse hendrerit"
      text run at (509,15) width 140: "quam nec felis. Sed"
      text run at (530,15) width 168: "varius turpis vitae pede."
      text run at (551,15) width 152: "Lorem ipsum dolor sit"
      text run at (572,15) width 134: "amet, consectetuer"
      text run at (593,15) width 144: "adipiscing elit. Proin"
      text run at (614,15) width 130: "bibendum justo ac"
      text run at (635,15) width 132: "enim. Class aptent"
      text run at (656,15) width 162: "taciti sociosqu ad litora"
      text run at (677,15) width 146: "torquent per conubia"
      text run at (698,15) width 139: "nostra, per inceptos"
      text run at (719,15) width 146: "hymenaeos. Sed leo"
      text run at (740,15) width 165: "nulla, rutrum eu, dictum"
      text run at (761,15) width 147: "ut, posuere vel, arcu."
      text run at (782,15) width 160: "Nam libero. Morbi orci."
      text run at (803,15) width 74: "Maecenas"
      text run at (824,15) width 166: "pellentesque. Curabitur"
      text run at (845,15) width 150: "erat erat, ullamcorper"
      text run at (866,15) width 166: "at, gravida vitae, iaculis"
      text run at (887,15) width 122: "vitae, elit. Nullam"
      text run at (908,15) width 138: "quam. Quisque orci"
      text run at (929,15) width 160: "lectus, ullamcorper eu,"
      text run at (950,15) width 100: "imperdiet sed,"
      text run at (971,15) width 141: "accumsan et, ligula."
      text run at (992,15) width 159: "Duis diam nisl, sagittis"
      text run at (1013,15) width 129: "a, blandit volutpat,"
      text run at (1034,15) width 133: "interdum sed, velit."
      text run at (1055,15) width 128: "Vestibulum quam."
      text run at (1076,15) width 99: "Nulla a purus."
      text run at (1097,15) width 128: "Phasellus semper"
      text run at (1118,15) width 145: "semper lectus. Nulla"
      text run at (1139,15) width 148: "porttitor, dolor dictum"
      text run at (1160,15) width 165: "scelerisque luctus, velit"
      text run at (1181,15) width 155: "ipsum lobortis mauris,"
      text run at (1202,15) width 152: "ac pretium enim nunc"
      text run at (1223,15) width 162: "vel risus. Proin gravida"
      text run at (1244,15) width 119: "mi ut sem cursus"
      text run at (1265,15) width 151: "mattis. Fusce laoreet,"
      text run at (1286,15) width 105: "nisi quis luctus"
      text run at (1307,15) width 135: "volutpat, arcu pede"
      text run at (1328,15) width 133: "tincidunt enim, nec"
      text run at (1349,15) width 166: "malesuada urna nisl eu"
      text run at (1370,15) width 152: "enim. Vivamus varius"
      text run at (1391,15) width 114: "augue ac purus."
      text run at (1412,15) width 165: "Vestibulum vestibulum."
      text run at (1433,15) width 151: "Phasellus et est vitae"
      text run at (1454,15) width 108: "ante accumsan"
      text run at (1475,15) width 105: "rhoncus. Morbi"
      text run at (1496,15) width 119: "convallis, arcu at"
      text run at (1517,15) width 158: "hendrerit gravida, sem"
      text run at (1538,15) width 149: "diam dignissim risus,"
      text run at (1559,15) width 147: "sed aliquet erat mi ut"
      text run at (1580,15) width 165: "mi. Nunc cursus lacinia"
      text run at (1601,15) width 164: "elit. Nunc nisi. Quisque"
      text run at (1622,15) width 132: "at erat. Vestibulum"
      text run at (1643,15) width 168: "dictum quam vitae nibh."
      text run at (1664,15) width 142: "Nunc vitae ante non"
      text run at (1685,15) width 153: "odio interdum blandit."
      text run at (1706,15) width 140: "Curabitur leo quam,"
      text run at (1727,15) width 161: "fermentum sed, feugiat"
      text run at (1748,15) width 165: "in, ullamcorper id, nibh."
      text run at (1769,15) width 161: "Suspendisse ac turpis."
      text run at (1790,15) width 143: "In iaculis sollicitudin"
      text run at (1811,15) width 124: "dui. Aenean vitae"
      text run at (1832,15) width 119: "lectus vitae nulla"
      text run at (1853,15) width 92: "pellentesque"
      text run at (1874,15) width 122: "sollicitudin. Nunc"
      text run at (1895,15) width 166: "gravida pharetra lectus."
      text run at (1916,15) width 130: "Etiam lacus ligula,"
      text run at (1937,15) width 129: "placerat ut, dictum"
      text run at (1958,15) width 165: "vitae, tempus vel, risus."
      text run at (1979,15) width 167: "Cras rhoncus. Praesent"
      text run at (2000,15) width 136: "varius ultricies orci."
      text run at (2021,15) width 163: "Donec mattis, neque ut"
      text run at (2042,15) width 141: "ornare fringilla, ante"
      text run at (2063,15) width 157: "urna placerat eros, vel"
      text run at (2084,15) width 156: "commodo nisi tortor ut"
      text run at (2105,15) width 149: "mauris. Morbi magna"
      text run at (2126,15) width 143: "dui, sagittis sit amet,"
      text run at (2147,15) width 164: "tincidunt et, elementum"
      text run at (2168,15) width 131: "eget, quam. Fusce"
      text run at (2189,15) width 160: "molestie nisl vitae nisi."
      text run at (2210,15) width 149: "Vestibulum a sapien."
      text run at (2231,15) width 152: "Phasellus ante lacus,"
      text run at (2252,15) width 163: "vehicula non, cursus a,"
      text run at (2273,15) width 127: "tempor ut, magna."
      text run at (2294,15) width 149: "Suspendisse potenti."
      text run at (2315,15) width 135: "Fusce aliquet, odio"
      text run at (2336,15) width 117: "viverra vulputate"
      text run at (2357,15) width 125: "dictum, enim odio"
      text run at (2378,15) width 107: "luctus purus, ut"
      text run at (2399,15) width 165: "scelerisque quam nulla"
      text run at (2420,15) width 142: "non est. Donec eros"
      text run at (2441,15) width 144: "lacus, egestas vitae,"
      text run at (2462,15) width 138: "lacinia quis, tempor"
      text run at (2483,15) width 152: "quis, pede. Morbi orci"
      text run at (2504,15) width 152: "erat, iaculis id, ornare"
      text run at (2525,15) width 163: "ac, elementum at, sem."
      text run at (2546,15) width 148: "Nunc ornare sodales"
      text run at (2567,15) width 139: "nisi. Morbi interdum"
      text run at (2588,15) width 151: "commodo nisl. Fusce"
      text run at (2609,15) width 126: "eget eros non nisi"
      text run at (2630,15) width 140: "ornare facilisis. Sed"
      text run at (2651,15) width 117: "placerat, est non"
      text run at (2672,15) width 168: "posuere posuere, purus"
      text run at (2693,15) width 163: "sem dignissim libero, a"
      text run at (2714,15) width 155: "viverra tellus dolor vel"
      text run at (2735,15) width 135: "lorem. Cras augue."
      text run at (2756,15) width 100: "Etiam ultricies"
      text run at (2777,15) width 165: "consequat odio. Mauris"
      text run at (2798,15) width 110: "ac libero. Etiam"
      text run at (2819,15) width 144: "posuere, libero vitae"
      text run at (2840,15) width 158: "euismod gravida, urna"
      text run at (2861,15) width 148: "elit imperdiet magna,"
      text run at (2882,15) width 161: "vel cursus elit felis non"
      text run at (2903,15) width 168: "mauris. Donec orci erat,"
      text run at (2924,15) width 150: "porta id, dignissim ut,"
      text run at (2945,15) width 143: "posuere dictum, leo."
      text run at (2966,15) width 93: "Suspendisse"
      text run at (2987,15) width 142: "scelerisque egestas"
      text run at (3008,15) width 39: "nulla."
