layer at (0,0) size 784x1282
  RenderView at (0,0) size 784x600
layer at (0,0) size 784x600
  RenderBlock {HTML} at (0,0) size 784x600
    RenderBody {BODY} at (8,8) size 760x584
layer at (616,8) size 160x584
  RenderBlock {P} at (0,0) size 160x584 [border: (10px solid #800000)]
    RenderText {#text} at (30,30) size 42x146
      text run at (30,30) width 146: "This is some column"
      text run at (51,30) width 29: "text."
    RenderBR {BR} at (67,59) size 0x0
    RenderText {#text} at (72,30) size 42x146
      text run at (72,30) width 146: "This is some column"
      text run at (93,30) width 29: "text."
    RenderBR {BR} at (109,59) size 0x0
    RenderText {#text} at (130,30) size 42x146
      text run at (130,30) width 146: "This is some column"
      text run at (151,30) width 29: "text."
    RenderBR {BR} at (167,59) size 0x0
    RenderText {#text} at (172,30) size 42x146
      text run at (172,30) width 146: "This is some column"
      text run at (193,30) width 29: "text."
    RenderBR {BR} at (209,59) size 0x0
    RenderText {#text} at (230,30) size 42x146
      text run at (230,30) width 146: "This is some column"
      text run at (251,30) width 29: "text."
    RenderBR {BR} at (267,59) size 0x0
    RenderText {#text} at (272,30) size 42x146
      text run at (272,30) width 146: "This is some column"
      text run at (293,30) width 29: "text."
    RenderBR {BR} at (309,59) size 0x0
    RenderText {#text} at (330,30) size 42x146
      text run at (330,30) width 146: "This is some column"
      text run at (351,30) width 29: "text."
    RenderBR {BR} at (367,59) size 0x0
    RenderText {#text} at (372,30) size 42x146
      text run at (372,30) width 146: "This is some column"
      text run at (393,30) width 29: "text."
    RenderBR {BR} at (409,59) size 0x0
    RenderText {#text} at (430,30) size 42x146
      text run at (430,30) width 146: "This is some column"
      text run at (451,30) width 29: "text."
    RenderBR {BR} at (467,59) size 0x0
    RenderText {#text} at (472,30) size 42x146
      text run at (472,30) width 146: "This is some column"
      text run at (493,30) width 29: "text."
    RenderBR {BR} at (509,59) size 0x0
    RenderText {#text} at (530,30) size 42x146
      text run at (530,30) width 146: "This is some column"
      text run at (551,30) width 29: "text."
    RenderBR {BR} at (567,59) size 0x0
    RenderText {#text} at (572,30) size 42x146
      text run at (572,30) width 146: "This is some column"
      text run at (593,30) width 29: "text."
    RenderBR {BR} at (609,59) size 0x0
    RenderText {#text} at (630,30) size 42x146
      text run at (630,30) width 146: "This is some column"
      text run at (651,30) width 29: "text."
    RenderBR {BR} at (667,59) size 0x0
layer at (440,8) size 160x584
  RenderBlock {P} at (176,0) size 160x584 [border: (10px solid #800000)]
    RenderText {#text} at (30,48) size 42x146
      text run at (30,48) width 146: "This is some column"
      text run at (51,165) width 4 RTL: "."
      text run at (51,169) width 25: "text"
    RenderBR {BR} at (67,165) size 0x0
    RenderText {#text} at (72,48) size 42x146
      text run at (72,48) width 146: "This is some column"
      text run at (93,165) width 4 RTL: "."
      text run at (93,169) width 25: "text"
    RenderBR {BR} at (109,165) size 0x0
    RenderText {#text} at (130,48) size 42x146
      text run at (130,48) width 146: "This is some column"
      text run at (151,165) width 4 RTL: "."
      text run at (151,169) width 25: "text"
    RenderBR {BR} at (167,165) size 0x0
    RenderText {#text} at (172,48) size 42x146
      text run at (172,48) width 146: "This is some column"
      text run at (193,165) width 4 RTL: "."
      text run at (193,169) width 25: "text"
    RenderBR {BR} at (209,165) size 0x0
    RenderText {#text} at (230,48) size 42x146
      text run at (230,48) width 146: "This is some column"
      text run at (251,165) width 4 RTL: "."
      text run at (251,169) width 25: "text"
    RenderBR {BR} at (267,165) size 0x0
    RenderText {#text} at (272,48) size 42x146
      text run at (272,48) width 146: "This is some column"
      text run at (293,165) width 4 RTL: "."
      text run at (293,169) width 25: "text"
    RenderBR {BR} at (309,165) size 0x0
    RenderText {#text} at (330,48) size 42x146
      text run at (330,48) width 146: "This is some column"
      text run at (351,165) width 4 RTL: "."
      text run at (351,169) width 25: "text"
    RenderBR {BR} at (367,165) size 0x0
    RenderText {#text} at (372,48) size 42x146
      text run at (372,48) width 146: "This is some column"
      text run at (393,165) width 4 RTL: "."
      text run at (393,169) width 25: "text"
    RenderBR {BR} at (409,165) size 0x0
    RenderText {#text} at (430,48) size 42x146
      text run at (430,48) width 146: "This is some column"
      text run at (451,165) width 4 RTL: "."
      text run at (451,169) width 25: "text"
    RenderBR {BR} at (467,165) size 0x0
    RenderText {#text} at (472,48) size 42x146
      text run at (472,48) width 146: "This is some column"
      text run at (493,165) width 4 RTL: "."
      text run at (493,169) width 25: "text"
    RenderBR {BR} at (509,165) size 0x0
    RenderText {#text} at (530,48) size 42x146
      text run at (530,48) width 146: "This is some column"
      text run at (551,165) width 4 RTL: "."
      text run at (551,169) width 25: "text"
    RenderBR {BR} at (567,165) size 0x0
    RenderText {#text} at (572,48) size 42x146
      text run at (572,48) width 146: "This is some column"
      text run at (593,165) width 4 RTL: "."
      text run at (593,169) width 25: "text"
    RenderBR {BR} at (609,165) size 0x0
    RenderText {#text} at (630,48) size 42x146
      text run at (630,48) width 146: "This is some column"
      text run at (651,165) width 4 RTL: "."
      text run at (651,169) width 25: "text"
    RenderBR {BR} at (667,165) size 0x0
