layer at (0,0) size 934x584
  RenderView at (0,0) size 800x584
layer at (-134,0) size 934x584 backgroundClip at (0,0) size 934x584 clip at (0,0) size 934x584 outlineClip at (0,0) size 934x584
  RenderBlock {HTML} at (0,0) size 934x584
    RenderBody {BODY} at (8,8) size 918x568
layer at (341,8) size 451x568
  RenderBlock {DIV} at (0,0) size 451x568 [border: (5px solid #0000FF)]
    RenderBlock (anonymous) at (5,5) size 441x271
      RenderText {#text} at (0,0) size 21x123
        text run at (0,0) width 123: "This is some text."
      RenderBR {BR} at (16,123) size 0x0
      RenderText {#text} at (21,0) size 21x123
        text run at (21,0) width 123: "This is some text."
      RenderBR {BR} at (37,123) size 0x0
      RenderText {#text} at (42,0) size 21x123
        text run at (42,0) width 123: "This is some text."
      RenderBR {BR} at (58,123) size 0x0
      RenderText {#text} at (63,0) size 21x123
        text run at (63,0) width 123: "This is some text."
      RenderBR {BR} at (79,123) size 0x0
      RenderText {#text} at (84,0) size 21x123
        text run at (84,0) width 123: "This is some text."
      RenderBR {BR} at (100,123) size 0x0
      RenderText {#text} at (105,0) size 21x123
        text run at (105,0) width 123: "This is some text."
      RenderBR {BR} at (121,123) size 0x0
      RenderText {#text} at (126,0) size 21x123
        text run at (126,0) width 123: "This is some text."
      RenderBR {BR} at (142,123) size 0x0
      RenderText {#text} at (147,0) size 21x123
        text run at (147,0) width 123: "This is some text."
      RenderBR {BR} at (163,123) size 0x0
      RenderText {#text} at (168,0) size 21x123
        text run at (168,0) width 123: "This is some text."
      RenderBR {BR} at (184,123) size 0x0
      RenderText {#text} at (189,0) size 21x123
        text run at (189,0) width 123: "This is some text."
      RenderBR {BR} at (205,123) size 0x0
      RenderText {#text} at (210,0) size 21x123
        text run at (210,0) width 123: "This is some text."
      RenderBR {BR} at (226,123) size 0x0
      RenderText {#text} at (231,0) size 21x123
        text run at (231,0) width 123: "This is some text."
      RenderBR {BR} at (247,123) size 0x0
      RenderText {#text} at (252,0) size 21x123
        text run at (252,0) width 123: "This is some text."
      RenderBR {BR} at (268,123) size 0x0
      RenderText {#text} at (273,0) size 21x123
        text run at (273,0) width 123: "This is some text."
      RenderBR {BR} at (289,123) size 0x0
      RenderText {#text} at (294,0) size 21x123
        text run at (294,0) width 123: "This is some text."
      RenderBR {BR} at (310,123) size 0x0
      RenderText {#text} at (315,0) size 21x123
        text run at (315,0) width 123: "This is some text."
      RenderBR {BR} at (331,123) size 0x0
      RenderText {#text} at (336,0) size 21x123
        text run at (336,0) width 123: "This is some text."
      RenderBR {BR} at (352,123) size 0x0
      RenderText {#text} at (357,0) size 21x123
        text run at (357,0) width 123: "This is some text."
      RenderBR {BR} at (373,123) size 0x0
      RenderText {#text} at (378,0) size 21x123
        text run at (378,0) width 123: "This is some text."
      RenderBR {BR} at (394,123) size 0x0
      RenderText {#text} at (399,0) size 21x123
        text run at (399,0) width 123: "This is some text."
      RenderBR {BR} at (415,123) size 0x0
      RenderText {#text} at (420,0) size 21x123
        text run at (420,0) width 123: "This is some text."
      RenderBR {BR} at (436,123) size 0x0
    RenderBlock {DIV} at (446,5) size 168x271
      RenderText {#text} at (0,0) size 42x233
        text run at (0,0) width 233: "This text should be in the second"
        text run at (21,0) width 56: "column."
      RenderBR {BR} at (37,56) size 0x0
      RenderText {#text} at (42,0) size 42x233
        text run at (42,0) width 233: "This text should be in the second"
        text run at (63,0) width 56: "column."
      RenderBR {BR} at (79,56) size 0x0
      RenderText {#text} at (84,0) size 42x233
        text run at (84,0) width 233: "This text should be in the second"
        text run at (105,0) width 56: "column."
      RenderBR {BR} at (121,56) size 0x0
      RenderText {#text} at (126,0) size 42x233
        text run at (126,0) width 233: "This text should be in the second"
        text run at (147,0) width 56: "column."
      RenderBR {BR} at (163,56) size 0x0
layer at (-126,8) size 451x568 backgroundClip at (0,0) size 934x584 clip at (0,0) size 934x584 outlineClip at (0,0) size 934x584
  RenderBlock {DIV} at (467,0) size 451x568 [border: (5px solid #0000FF)]
    RenderBlock (anonymous) at (5,5) size 84x271
      RenderText {#text} at (0,0) size 21x266
        text run at (0,0) width 266: "This text should be in the first column."
      RenderBR {BR} at (16,266) size 0x0
      RenderText {#text} at (21,0) size 21x266
        text run at (21,0) width 266: "This text should be in the first column."
      RenderBR {BR} at (37,266) size 0x0
      RenderText {#text} at (42,0) size 21x266
        text run at (42,0) width 266: "This text should be in the first column."
      RenderBR {BR} at (58,266) size 0x0
      RenderText {#text} at (63,0) size 21x266
        text run at (63,0) width 266: "This text should be in the first column."
      RenderBR {BR} at (79,266) size 0x0
    RenderBlock {DIV} at (446,5) size 441x271
      RenderText {#text} at (0,0) size 21x123
        text run at (0,0) width 123: "This is some text."
      RenderBR {BR} at (16,123) size 0x0
      RenderText {#text} at (21,0) size 21x123
        text run at (21,0) width 123: "This is some text."
      RenderBR {BR} at (37,123) size 0x0
      RenderText {#text} at (42,0) size 21x123
        text run at (42,0) width 123: "This is some text."
      RenderBR {BR} at (58,123) size 0x0
      RenderText {#text} at (63,0) size 21x123
        text run at (63,0) width 123: "This is some text."
      RenderBR {BR} at (79,123) size 0x0
      RenderText {#text} at (84,0) size 21x123
        text run at (84,0) width 123: "This is some text."
      RenderBR {BR} at (100,123) size 0x0
      RenderText {#text} at (105,0) size 21x123
        text run at (105,0) width 123: "This is some text."
      RenderBR {BR} at (121,123) size 0x0
      RenderText {#text} at (126,0) size 21x123
        text run at (126,0) width 123: "This is some text."
      RenderBR {BR} at (142,123) size 0x0
      RenderText {#text} at (147,0) size 21x123
        text run at (147,0) width 123: "This is some text."
      RenderBR {BR} at (163,123) size 0x0
      RenderText {#text} at (168,0) size 21x123
        text run at (168,0) width 123: "This is some text."
      RenderBR {BR} at (184,123) size 0x0
      RenderText {#text} at (189,0) size 21x123
        text run at (189,0) width 123: "This is some text."
      RenderBR {BR} at (205,123) size 0x0
      RenderText {#text} at (210,0) size 21x123
        text run at (210,0) width 123: "This is some text."
      RenderBR {BR} at (226,123) size 0x0
      RenderText {#text} at (231,0) size 21x123
        text run at (231,0) width 123: "This is some text."
      RenderBR {BR} at (247,123) size 0x0
      RenderText {#text} at (252,0) size 21x123
        text run at (252,0) width 123: "This is some text."
      RenderBR {BR} at (268,123) size 0x0
      RenderText {#text} at (273,0) size 21x123
        text run at (273,0) width 123: "This is some text."
      RenderBR {BR} at (289,123) size 0x0
      RenderText {#text} at (294,0) size 21x123
        text run at (294,0) width 123: "This is some text."
      RenderBR {BR} at (310,123) size 0x0
      RenderText {#text} at (315,0) size 21x123
        text run at (315,0) width 123: "This is some text."
      RenderBR {BR} at (331,123) size 0x0
      RenderText {#text} at (336,0) size 21x123
        text run at (336,0) width 123: "This is some text."
      RenderBR {BR} at (352,123) size 0x0
      RenderText {#text} at (357,0) size 21x123
        text run at (357,0) width 123: "This is some text."
      RenderBR {BR} at (373,123) size 0x0
      RenderText {#text} at (378,0) size 21x123
        text run at (378,0) width 123: "This is some text."
      RenderBR {BR} at (394,123) size 0x0
      RenderText {#text} at (399,0) size 21x123
        text run at (399,0) width 123: "This is some text."
      RenderBR {BR} at (415,123) size 0x0
      RenderText {#text} at (420,0) size 21x123
        text run at (420,0) width 123: "This is some text."
      RenderBR {BR} at (436,123) size 0x0
