layer at (0,0) size 784x1208
  RenderView at (0,0) size 784x600
layer at (0,0) size 784x600
  RenderBlock {HTML} at (0,0) size 784x600
    RenderBody {BODY} at (8,8) size 768x1200
layer at (372,8) size 404x1200
  RenderBlock {DIV} at (0,0) size 404x1200 [border: (2px solid #000000)]
    RenderText {#text} at (2,2) size 21x123
      text run at (2,2) width 123: "This is some text."
    RenderBR {BR} at (18,125) size 0x0
    RenderText {#text} at (23,2) size 21x123
      text run at (23,2) width 123: "This is some text."
    RenderBR {BR} at (39,125) size 0x0
    RenderText {#text} at (44,2) size 21x123
      text run at (44,2) width 123: "This is some text."
    RenderBR {BR} at (60,125) size 0x0
    RenderText {#text} at (65,2) size 21x123
      text run at (65,2) width 123: "This is some text."
    RenderBR {BR} at (81,125) size 0x0
    RenderText {#text} at (86,2) size 21x123
      text run at (86,2) width 123: "This is some text."
    RenderBR {BR} at (102,125) size 0x0
    RenderText {#text} at (107,2) size 21x123
      text run at (107,2) width 123: "This is some text."
    RenderBR {BR} at (123,125) size 0x0
    RenderText {#text} at (128,2) size 21x123
      text run at (128,2) width 123: "This is some text."
    RenderBR {BR} at (144,125) size 0x0
    RenderText {#text} at (149,2) size 21x123
      text run at (149,2) width 123: "This is some text."
    RenderBR {BR} at (165,125) size 0x0
    RenderText {#text} at (170,2) size 21x123
      text run at (170,2) width 123: "This is some text."
    RenderBR {BR} at (186,125) size 0x0
    RenderText {#text} at (191,2) size 21x123
      text run at (191,2) width 123: "This is some text."
    RenderBR {BR} at (207,125) size 0x0
    RenderImage {IMG} at (402,2) size 300x250 [bgcolor=#008000]
    RenderText {#text} at (402,252) size 21x123
      text run at (402,252) width 123: "This is some text."
    RenderBR {BR} at (418,375) size 0x0
    RenderText {#text} at (423,252) size 21x123
      text run at (423,252) width 123: "This is some text."
    RenderBR {BR} at (439,375) size 0x0
    RenderText {#text} at (444,252) size 21x123
      text run at (444,252) width 123: "This is some text."
    RenderBR {BR} at (460,375) size 0x0
    RenderText {#text} at (465,252) size 21x123
      text run at (465,252) width 123: "This is some text."
    RenderBR {BR} at (481,375) size 0x0
    RenderText {#text} at (486,252) size 21x123
      text run at (486,252) width 123: "This is some text."
    RenderBR {BR} at (502,375) size 0x0
    RenderText {#text} at (507,252) size 21x123
      text run at (507,252) width 123: "This is some text."
    RenderBR {BR} at (523,375) size 0x0
    RenderText {#text} at (528,252) size 21x123
      text run at (528,252) width 123: "This is some text."
    RenderBR {BR} at (544,375) size 0x0
    RenderText {#text} at (549,252) size 21x123
      text run at (549,252) width 123: "This is some text."
    RenderBR {BR} at (565,375) size 0x0
    RenderText {#text} at (570,252) size 21x123
      text run at (570,252) width 123: "This is some text."
    RenderBR {BR} at (586,375) size 0x0
    RenderText {#text} at (591,252) size 21x123
      text run at (591,252) width 123: "This is some text."
    RenderBR {BR} at (607,375) size 0x0
    RenderText {#text} at (612,252) size 21x123
      text run at (612,252) width 123: "This is some text."
    RenderBR {BR} at (628,375) size 0x0
    RenderText {#text} at (633,252) size 21x123
      text run at (633,252) width 123: "This is some text."
    RenderBR {BR} at (649,375) size 0x0
    RenderText {#text} at (654,252) size 21x123
      text run at (654,252) width 123: "This is some text."
    RenderBR {BR} at (670,375) size 0x0
    RenderText {#text} at (675,252) size 21x123
      text run at (675,252) width 123: "This is some text."
    RenderBR {BR} at (691,375) size 0x0
    RenderText {#text} at (696,252) size 21x123
      text run at (696,252) width 123: "This is some text."
    RenderBR {BR} at (712,375) size 0x0
    RenderText {#text} at (717,2) size 21x123
      text run at (717,2) width 123: "This is some text."
    RenderBR {BR} at (733,125) size 0x0
    RenderText {#text} at (738,2) size 21x123
      text run at (738,2) width 123: "This is some text."
    RenderBR {BR} at (754,125) size 0x0
    RenderText {#text} at (759,2) size 21x123
      text run at (759,2) width 123: "This is some text."
    RenderBR {BR} at (775,125) size 0x0
    RenderText {#text} at (780,2) size 21x123
      text run at (780,2) width 123: "This is some text."
    RenderBR {BR} at (796,125) size 0x0
    RenderText {#text} at (802,2) size 21x123
      text run at (802,2) width 123: "This is some text."
    RenderBR {BR} at (818,125) size 0x0
    RenderText {#text} at (823,2) size 21x123
      text run at (823,2) width 123: "This is some text."
    RenderBR {BR} at (839,125) size 0x0
    RenderText {#text} at (844,2) size 21x123
      text run at (844,2) width 123: "This is some text."
    RenderBR {BR} at (860,125) size 0x0
    RenderText {#text} at (865,2) size 21x123
      text run at (865,2) width 123: "This is some text."
    RenderBR {BR} at (881,125) size 0x0
    RenderText {#text} at (886,2) size 21x123
      text run at (886,2) width 123: "This is some text."
    RenderBR {BR} at (902,125) size 0x0
    RenderText {#text} at (907,2) size 21x123
      text run at (907,2) width 123: "This is some text."
    RenderBR {BR} at (923,125) size 0x0
    RenderText {#text} at (928,2) size 21x123
      text run at (928,2) width 123: "This is some text."
    RenderBR {BR} at (944,125) size 0x0
    RenderText {#text} at (949,2) size 21x123
      text run at (949,2) width 123: "This is some text."
    RenderBR {BR} at (965,125) size 0x0
    RenderText {#text} at (970,2) size 21x123
      text run at (970,2) width 123: "This is some text."
    RenderBR {BR} at (986,125) size 0x0
    RenderText {#text} at (991,2) size 21x123
      text run at (991,2) width 123: "This is some text."
    RenderBR {BR} at (1007,125) size 0x0
    RenderText {#text} at (1012,2) size 21x123
      text run at (1012,2) width 123: "This is some text."
    RenderBR {BR} at (1028,125) size 0x0
