layer at (0,0) size 1680x1208
  RenderView at (0,0) size 784x584
layer at (-896,0) size 1680x584 backgroundClip at (0,0) size 1680x1208 clip at (0,0) size 1680x1208 outlineClip at (0,0) size 1680x1208
  RenderBlock {HTML} at (0,0) size 1680x584
    RenderBody {BODY} at (8,8) size 1664x1200
layer at (372,8) size 404x1200
  RenderBlock {DIV} at (0,0) size 404x1200 [border: (2px solid #000000)]
    RenderBlock (anonymous) at (2,2) size 294x388
      RenderText {#text} at (0,0) size 21x123
        text run at (0,0) width 123: "This is some text."
      RenderBR {BR} at (16,123) size 0x0
      RenderText {#text} at (21,0) size 21x123
        text run at (21,0) width 123: "This is some text."
      RenderBR {BR} at (37,123) size 0x0
      RenderText {#text} at (42,0) size 21x123
        text run at (42,0) width 123: "This is some text."
      RenderBR {BR} at (58,123) size 0x0
      RenderText {#text} at (63,0) size 21x123
        text run at (63,0) width 123: "This is some text."
      RenderBR {BR} at (79,123) size 0x0
      RenderText {#text} at (84,0) size 21x123
        text run at (84,0) width 123: "This is some text."
      RenderBR {BR} at (100,123) size 0x0
      RenderText {#text} at (105,0) size 21x123
        text run at (105,0) width 123: "This is some text."
      RenderBR {BR} at (121,123) size 0x0
      RenderText {#text} at (126,0) size 21x123
        text run at (126,0) width 123: "This is some text."
      RenderBR {BR} at (142,123) size 0x0
      RenderText {#text} at (147,0) size 21x123
        text run at (147,0) width 123: "This is some text."
      RenderBR {BR} at (163,123) size 0x0
      RenderText {#text} at (168,0) size 21x123
        text run at (168,0) width 123: "This is some text."
      RenderBR {BR} at (184,123) size 0x0
      RenderText {#text} at (189,0) size 21x123
        text run at (189,0) width 123: "This is some text."
      RenderBR {BR} at (205,123) size 0x0
      RenderText {#text} at (210,0) size 21x123
        text run at (210,0) width 123: "This is some text."
      RenderBR {BR} at (226,123) size 0x0
      RenderText {#text} at (231,0) size 21x123
        text run at (231,0) width 123: "This is some text."
      RenderBR {BR} at (247,123) size 0x0
      RenderText {#text} at (252,0) size 21x123
        text run at (252,0) width 123: "This is some text."
      RenderBR {BR} at (268,123) size 0x0
      RenderText {#text} at (273,0) size 21x123
        text run at (273,0) width 123: "This is some text."
      RenderBR {BR} at (289,123) size 0x0
    RenderBlock {P} at (312,2) size 637x388
      RenderBlock (floating) {SPAN} at (90,0) size 159x78
        RenderText {#text} at (0,0) size 159x78
          text run at (0,0) width 78: "T"
      RenderText {#text} at (90,78) size 21x113
        text run at (90,78) width 113: "his is some text."
      RenderBR {BR} at (106,191) size 0x0
      RenderText {#text} at (111,78) size 21x123
        text run at (111,78) width 123: "This is some text."
      RenderBR {BR} at (127,201) size 0x0
      RenderText {#text} at (132,78) size 21x123
        text run at (132,78) width 123: "This is some text."
      RenderBR {BR} at (148,201) size 0x0
      RenderText {#text} at (153,78) size 21x123
        text run at (153,78) width 123: "This is some text."
      RenderBR {BR} at (169,201) size 0x0
      RenderText {#text} at (174,78) size 21x123
        text run at (174,78) width 123: "This is some text."
      RenderBR {BR} at (190,201) size 0x0
      RenderText {#text} at (195,78) size 21x123
        text run at (195,78) width 123: "This is some text."
      RenderBR {BR} at (211,201) size 0x0
      RenderText {#text} at (216,78) size 21x123
        text run at (216,78) width 123: "This is some text."
      RenderBR {BR} at (232,201) size 0x0
      RenderText {#text} at (237,78) size 21x123
        text run at (237,78) width 123: "This is some text."
      RenderBR {BR} at (253,201) size 0x0
      RenderText {#text} at (258,0) size 21x123
        text run at (258,0) width 123: "This is some text."
      RenderBR {BR} at (274,123) size 0x0
      RenderText {#text} at (279,0) size 21x123
        text run at (279,0) width 123: "This is some text."
      RenderBR {BR} at (295,123) size 0x0
      RenderText {#text} at (300,0) size 21x123
        text run at (300,0) width 123: "This is some text."
      RenderBR {BR} at (316,123) size 0x0
      RenderText {#text} at (321,0) size 21x123
        text run at (321,0) width 123: "This is some text."
      RenderBR {BR} at (337,123) size 0x0
      RenderText {#text} at (342,0) size 21x123
        text run at (342,0) width 123: "This is some text."
      RenderBR {BR} at (358,123) size 0x0
      RenderText {#text} at (363,0) size 21x123
        text run at (363,0) width 123: "This is some text."
      RenderBR {BR} at (379,123) size 0x0
      RenderText {#text} at (384,0) size 21x123
        text run at (384,0) width 123: "This is some text."
      RenderBR {BR} at (400,123) size 0x0
      RenderText {#text} at (405,0) size 21x123
        text run at (405,0) width 123: "This is some text."
      RenderBR {BR} at (421,123) size 0x0
      RenderText {#text} at (426,0) size 21x123
        text run at (426,0) width 123: "This is some text."
      RenderBR {BR} at (442,123) size 0x0
      RenderText {#text} at (447,0) size 21x123
        text run at (447,0) width 123: "This is some text."
      RenderBR {BR} at (463,123) size 0x0
      RenderText {#text} at (468,0) size 21x123
        text run at (468,0) width 123: "This is some text."
      RenderBR {BR} at (484,123) size 0x0
      RenderText {#text} at (490,0) size 21x123
        text run at (490,0) width 123: "This is some text."
      RenderBR {BR} at (506,123) size 0x0
      RenderText {#text} at (511,0) size 21x123
        text run at (511,0) width 123: "This is some text."
      RenderBR {BR} at (527,123) size 0x0
      RenderText {#text} at (532,0) size 21x123
        text run at (532,0) width 123: "This is some text."
      RenderBR {BR} at (548,123) size 0x0
      RenderText {#text} at (553,0) size 21x123
        text run at (553,0) width 123: "This is some text."
      RenderBR {BR} at (569,123) size 0x0
      RenderText {#text} at (574,0) size 21x123
        text run at (574,0) width 123: "This is some text."
      RenderBR {BR} at (590,123) size 0x0
      RenderText {#text} at (595,0) size 21x123
        text run at (595,0) width 123: "This is some text."
      RenderBR {BR} at (611,123) size 0x0
      RenderText {#text} at (616,0) size 21x123
        text run at (616,0) width 123: "This is some text."
      RenderBR {BR} at (632,123) size 0x0
layer at (-48,8) size 404x1200 backgroundClip at (0,0) size 1680x1208 clip at (0,0) size 1680x1208 outlineClip at (0,0) size 1680x1208
  RenderBlock {DIV} at (420,0) size 404x1200 [border: (2px solid #000000)]
    RenderBlock (anonymous) at (2,2) size 294x388
      RenderText {#text} at (0,0) size 21x123
        text run at (0,0) width 123: "This is some text."
      RenderBR {BR} at (16,123) size 0x0
      RenderText {#text} at (21,0) size 21x123
        text run at (21,0) width 123: "This is some text."
      RenderBR {BR} at (37,123) size 0x0
      RenderText {#text} at (42,0) size 21x123
        text run at (42,0) width 123: "This is some text."
      RenderBR {BR} at (58,123) size 0x0
      RenderText {#text} at (63,0) size 21x123
        text run at (63,0) width 123: "This is some text."
      RenderBR {BR} at (79,123) size 0x0
      RenderText {#text} at (84,0) size 21x123
        text run at (84,0) width 123: "This is some text."
      RenderBR {BR} at (100,123) size 0x0
      RenderText {#text} at (105,0) size 21x123
        text run at (105,0) width 123: "This is some text."
      RenderBR {BR} at (121,123) size 0x0
      RenderText {#text} at (126,0) size 21x123
        text run at (126,0) width 123: "This is some text."
      RenderBR {BR} at (142,123) size 0x0
      RenderText {#text} at (147,0) size 21x123
        text run at (147,0) width 123: "This is some text."
      RenderBR {BR} at (163,123) size 0x0
      RenderText {#text} at (168,0) size 21x123
        text run at (168,0) width 123: "This is some text."
      RenderBR {BR} at (184,123) size 0x0
      RenderText {#text} at (189,0) size 21x123
        text run at (189,0) width 123: "This is some text."
      RenderBR {BR} at (205,123) size 0x0
      RenderText {#text} at (210,0) size 21x123
        text run at (210,0) width 123: "This is some text."
      RenderBR {BR} at (226,123) size 0x0
      RenderText {#text} at (231,0) size 21x123
        text run at (231,0) width 123: "This is some text."
      RenderBR {BR} at (247,123) size 0x0
      RenderText {#text} at (252,0) size 21x123
        text run at (252,0) width 123: "This is some text."
      RenderBR {BR} at (268,123) size 0x0
      RenderText {#text} at (273,0) size 21x123
        text run at (273,0) width 123: "This is some text."
      RenderBR {BR} at (289,123) size 0x0
    RenderBlock {P} at (312,2) size 637x388
      RenderImage {IMG} at (90,0) size 100x100 [bgcolor=#008000]
      RenderImage {IMG} at (90,288) size 200x100 [bgcolor=#008000]
      RenderText {#text} at (90,100) size 21x119
        text run at (90,100) width 119: "This is some text"
      RenderBR {BR} at (106,219) size 0x0
      RenderText {#text} at (111,100) size 21x123
        text run at (111,100) width 123: "This is some text."
      RenderBR {BR} at (127,223) size 0x0
      RenderText {#text} at (132,100) size 21x123
        text run at (132,100) width 123: "This is some text."
      RenderBR {BR} at (148,223) size 0x0
      RenderText {#text} at (153,100) size 21x123
        text run at (153,100) width 123: "This is some text."
      RenderBR {BR} at (169,223) size 0x0
      RenderText {#text} at (174,100) size 21x123
        text run at (174,100) width 123: "This is some text."
      RenderBR {BR} at (190,223) size 0x0
      RenderText {#text} at (195,0) size 21x123
        text run at (195,0) width 123: "This is some text."
      RenderBR {BR} at (211,123) size 0x0
      RenderText {#text} at (216,0) size 21x123
        text run at (216,0) width 123: "This is some text."
      RenderBR {BR} at (232,123) size 0x0
      RenderText {#text} at (237,0) size 21x123
        text run at (237,0) width 123: "This is some text."
      RenderBR {BR} at (253,123) size 0x0
      RenderText {#text} at (258,0) size 21x123
        text run at (258,0) width 123: "This is some text."
      RenderBR {BR} at (274,123) size 0x0
      RenderText {#text} at (279,0) size 21x123
        text run at (279,0) width 123: "This is some text."
      RenderBR {BR} at (295,123) size 0x0
      RenderText {#text} at (300,0) size 21x123
        text run at (300,0) width 123: "This is some text."
      RenderBR {BR} at (316,123) size 0x0
      RenderText {#text} at (321,0) size 21x123
        text run at (321,0) width 123: "This is some text."
      RenderBR {BR} at (337,123) size 0x0
      RenderText {#text} at (342,0) size 21x123
        text run at (342,0) width 123: "This is some text."
      RenderBR {BR} at (358,123) size 0x0
      RenderText {#text} at (363,0) size 21x123
        text run at (363,0) width 123: "This is some text."
      RenderBR {BR} at (379,123) size 0x0
      RenderText {#text} at (384,0) size 21x123
        text run at (384,0) width 123: "This is some text."
      RenderBR {BR} at (400,123) size 0x0
      RenderText {#text} at (405,0) size 21x123
        text run at (405,0) width 123: "This is some text."
      RenderBR {BR} at (421,123) size 0x0
      RenderText {#text} at (426,0) size 21x123
        text run at (426,0) width 123: "This is some text."
      RenderBR {BR} at (442,123) size 0x0
      RenderText {#text} at (447,0) size 21x123
        text run at (447,0) width 123: "This is some text."
      RenderBR {BR} at (463,123) size 0x0
      RenderText {#text} at (468,0) size 21x123
        text run at (468,0) width 123: "This is some text."
      RenderBR {BR} at (484,123) size 0x0
      RenderText {#text} at (490,0) size 21x123
        text run at (490,0) width 123: "This is some text."
      RenderBR {BR} at (506,123) size 0x0
      RenderText {#text} at (511,0) size 21x123
        text run at (511,0) width 123: "This is some text."
      RenderBR {BR} at (527,123) size 0x0
      RenderText {#text} at (532,0) size 21x123
        text run at (532,0) width 123: "This is some text."
      RenderBR {BR} at (548,123) size 0x0
      RenderText {#text} at (553,0) size 21x123
        text run at (553,0) width 123: "This is some text."
      RenderBR {BR} at (569,123) size 0x0
      RenderText {#text} at (574,0) size 21x123
        text run at (574,0) width 123: "This is some text."
      RenderBR {BR} at (590,123) size 0x0
      RenderText {#text} at (595,0) size 21x123
        text run at (595,0) width 123: "This is some text."
      RenderBR {BR} at (611,123) size 0x0
      RenderText {#text} at (616,0) size 21x123
        text run at (616,0) width 123: "This is some text."
      RenderBR {BR} at (632,123) size 0x0
