layer at (0,0) size 784x643
  RenderView at (0,0) size 784x600
layer at (0,0) size 784x600
  RenderBlock {HTML} at (0,0) size 784x600
    RenderBody {BODY} at (8,8) size 768x584
      RenderBlock (floating) {DIV} at (0,0) size 100x200 [bgcolor=#00FF00]
layer at (630,208) size 146x435
  RenderBlock {DIV} at (0,200) size 146x435 [border: (10px solid #000000)]
    RenderBlock {P} at (10,10) size 110x415
      RenderText {#text} at (0,0) size 110x415
        text run at (0,0) width 415: "This technology preview of our award winning next"
        text run at (22,0) width 138: "generation browser "
        text run at (22,138) width 277: "is a sign of things to come from Mozilla."
        text run at (44,0) width 204: "Powerful yet easy to use. This "
        text run at (44,204) width 211: "maintenance release provides a"
        text run at (66,0) width 341: "few updates based on user feedback - including "
        text run at (66,341) width 74: "changes to"
        text run at (88,0) width 310: "the Extension System and icon improvements."
