layer at (0,0) size 800x600
  RenderView at (0,0) size 800x600
layer at (0,0) size 800x316
  RenderBlock {HTML} at (0,0) size 800x316
    RenderBody {BODY} at (8,8) size 784x300
      RenderBlock {DIV} at (0,0) size 784x28
        RenderTextControl {INPUT} at (2,2) size 193x24 [bgcolor=#FFFFFF] [border: (2px inset #000000)]
          RenderBlock {DIV} at (3,3) size 187x18
            RenderText {#text} at (1,0) size 82x17
              text run at (1,0) width 82: "2012-04-02"
      RenderBlock {DIV} at (0,28) size 784x28
        RenderTextControl {INPUT} at (2,2) size 193x24 [bgcolor=#FFFFFF] [border: (2px inset #000000)]
          RenderBlock {DIV} at (3,3) size 187x18
            RenderText {#text} at (1,0) size 82x17
              text run at (1,0) width 82: "2012-04-02"
      RenderBlock {DIV} at (0,56) size 784x28
        RenderTextControl {INPUT} at (2,2) size 193x24 [bgcolor=#FFFFFF] [border: (2px inset #000000)]
          RenderBlock {DIV} at (3,3) size 187x18 [color=#545454]
            RenderText {#text} at (1,0) size 82x17
              text run at (1,0) width 82: "2012-04-02"
      RenderBlock {DIV} at (0,84) size 784x28
        RenderTextControl {INPUT} at (2,2) size 193x24 [color=#FFFFFF] [bgcolor=#000000] [border: (2px inset #FFFFFF)]
          RenderBlock {DIV} at (3,3) size 187x18
            RenderText {#text} at (1,0) size 82x17
              text run at (1,0) width 82: "2012-04-02"
      RenderBlock {DIV} at (0,112) size 784x28
        RenderTextControl {INPUT} at (2,2) size 193x24 [color=#FFFFFF] [bgcolor=#000000] [border: (2px inset #FFFFFF)]
          RenderBlock {DIV} at (3,3) size 187x18
            RenderText {#text} at (1,0) size 82x17
              text run at (1,0) width 82: "2012-04-02"
      RenderBlock {DIV} at (0,140) size 784x28
        RenderTextControl {INPUT} at (2,2) size 193x24 [color=#FFFFFF] [bgcolor=#000000] [border: (2px inset #FFFFFF)]
          RenderBlock {DIV} at (3,3) size 187x18 [color=#ABABAB]
            RenderText {#text} at (1,0) size 82x17
              text run at (1,0) width 82: "2012-04-02"
      RenderBlock {DIV} at (0,168) size 784x44
        RenderTextControl {INPUT} at (2,2) size 358x40 [bgcolor=#FFFFFF] [border: (2px inset #000000)]
          RenderBlock {DIV} at (3,3) size 352x34
            RenderText {#text} at (1,0) size 154x33
              text run at (1,0) width 154: "2012-04-02"
      RenderBlock {DIV} at (0,212) size 784x44
        RenderTextControl {INPUT} at (2,2) size 358x40 [bgcolor=#FFFFFF] [border: (2px inset #000000)]
          RenderBlock {DIV} at (3,3) size 352x34
            RenderText {#text} at (1,0) size 154x33
              text run at (1,0) width 154: "2012-04-02"
      RenderBlock {DIV} at (0,256) size 784x44
        RenderTextControl {INPUT} at (2,2) size 358x40 [bgcolor=#FFFFFF] [border: (2px inset #000000)]
          RenderBlock {DIV} at (3,3) size 352x34 [color=#545454]
            RenderText {#text} at (1,0) size 154x33
              text run at (1,0) width 154: "2012-04-02"
