layer at (0,0) size 800x600
  RenderView at (0,0) size 800x600
layer at (0,0) size 800x600
  RenderBlock {HTML} at (0,0) size 800x600
    RenderBody {BODY} at (8,8) size 784x584
      RenderBlock {DIV} at (0,0) size 306x42 [border: (3px solid #00FFFF)]
        RenderText {#text} at (3,3) size 300x36
          text run at (3,3) width 300: "Given an opportunity to make a"
          text run at (3,21) width 61: "mistake"
      RenderBlock {DIV} at (0,42) size 306x42 [border: (3px solid #00FFFF)]
        RenderText {#text} at (3,3) size 300x36
          text run at (3,3) width 300: "Given an opportunity to make a"
          text run at (3,21) width 61: "mistake"
      RenderBlock {DIV} at (0,84) size 306x42 [border: (3px solid #00FFFF)]
        RenderText {#text} at (3,3) size 300x36
          text run at (3,3) width 300: "Given an opportunity to make a"
          text run at (3,21) width 61: "mistake"
      RenderBlock {DIV} at (0,126) size 306x42 [border: (3px solid #00FFFF)]
        RenderText {#text} at (3,3) size 300x36
          text run at (3,3) width 300: "Given an opportunity to make a"
          text run at (3,21) width 61: "mistake"
      RenderBlock {DIV} at (0,168) size 306x42 [border: (3px solid #00FFFF)]
        RenderText {#text} at (3,3) size 300x36
          text run at (3,3) width 300: "Given an opportunity to make a"
          text run at (3,21) width 61: "mistake"
      RenderBlock {DIV} at (0,210) size 306x42 [border: (3px solid #00FFFF)]
        RenderText {#text} at (3,3) size 300x36
          text run at (3,3) width 300: "Given an opportunity to make a"
          text run at (3,21) width 61: "mistake"
      RenderBlock {DIV} at (0,252) size 306x42 [border: (3px solid #00FFFF)]
        RenderText {#text} at (3,3) size 300x36
          text run at (3,3) width 300: "Given an opportunity to make a"
          text run at (3,21) width 61: "mistake"
      RenderBlock {DIV} at (0,294) size 306x42 [border: (3px solid #00FFFF)]
        RenderText {#text} at (3,3) size 300x36
          text run at (3,3) width 300: "Given an opportunity to make a"
          text run at (3,21) width 61: "mistake"
      RenderBlock {DIV} at (0,336) size 306x42 [border: (3px solid #00FFFF)]
        RenderText {#text} at (3,3) size 300x36
          text run at (3,3) width 300: "Given an opportunity to make a"
          text run at (3,21) width 61: "mistake"
      RenderBlock {DIV} at (0,378) size 306x42 [border: (3px solid #00FFFF)]
        RenderText {#text} at (3,3) size 300x36
          text run at (3,3) width 300: "Given an opportunity to make a"
          text run at (3,21) width 61: "mistake"
      RenderBlock {DIV} at (0,420) size 306x42 [border: (3px solid #00FFFF)]
        RenderText {#text} at (3,3) size 300x36
          text run at (3,3) width 300: "Given an opportunity to make a"
          text run at (3,21) width 61: "mistake"
      RenderBlock {DIV} at (0,462) size 306x42 [border: (3px solid #00FFFF)]
        RenderText {#text} at (3,3) size 300x36
          text run at (3,3) width 300: "Given an opportunity to make a"
          text run at (3,21) width 61: "mistake"
      RenderBlock {DIV} at (0,504) size 306x42 [border: (3px solid #00FFFF)]
        RenderText {#text} at (3,3) size 300x36
          text run at (3,3) width 300: "Given an opportunity to make a"
          text run at (3,21) width 61: "mistake"
