layer at (0,0) size 800x600
  RenderView at (0,0) size 800x600
layer at (0,0) size 800x37
  RenderBlock {HTML} at (0,0) size 800x37
    RenderBody {BODY} at (8,8) size 784x21
layer at (8,8) size 784x21
  RenderBlock {DIV} at (0,0) size 784x21
    RenderText {#text} at (20,2) size 5x18
      text run at (20,2) width 5: " "
    RenderBlock {SPAN} at (24,16) size 21x0
    RenderText {#text} at (44,2) size 5x18
      text run at (44,2) width 5: " "
    RenderText {#text} at (0,0) size 0x0
layer at (11,11) size 15x15
  RenderBlock (relative positioned) {INPUT} at (2,3) size 16x15
layer at (60,11) size 15x15
  RenderBlock (relative positioned) {INPUT} at (51,3) size 16x15
