layer at (0,0) size 800x600
  RenderView at (0,0) size 800x600
layer at (0,0) size 800x600
  RenderBlock {HTML} at (0,0) size 800x600
    RenderBody {BODY} at (8,8) size 784x584
      RenderText {#text} at (0,140) size 215x18
        text run at (0,140) width 215: "This test passes if it doesn't crash. "
      RenderPartObject {IFRAME} at (215,0) size 304x154 [border: (2px inset #000000)]
        layer at (0,0) size 300x150
          RenderView at (0,0) size 300x150
        layer at (0,0) size 300x150
          RenderBlock {HTML} at (0,0) size 300x150
            RenderBody {BODY} at (8,8) size 284x129
              RenderBlock {PRE} at (0,0) size 284x15
                RenderText {#text} at (0,0) size 16x15
                  text run at (0,0) width 16: "Hi"
      RenderText {#text} at (0,0) size 0x0
      RenderText {#text} at (0,0) size 0x0
