layer at (0,0) size 800x600
  RenderView at (0,0) size 800x600
layer at (0,0) size 800x600
  RenderBlock {HTML} at (0,0) size 800x600
    RenderBody {BODY} at (8,8) size 784x584
      RenderBlock {A} at (0,0) size 500x500 [color=#FFFFFF] [bgcolor=#808000]
        RenderText {#text} at (0,0) size 316x18
          text run at (0,0) width 316: "This text should be white on an olive background."
