layer at (0,0) size 800x600
  RenderView at (0,0) size 800x600
layer at (0,0) size 800x270
  RenderBlock {HTML} at (0,0) size 800x270
    RenderBody {BODY} at (88,25) size 648x220 [bgcolor=#FFFFF5]
      RenderTable {TABLE} at (0,0) size 326x83
        RenderTableSection {TBODY} at (0,0) size 326x83
          RenderTableRow {TR} at (0,2) size 326x21
            RenderTableCell {TH} at (2,2) size 169x21 [color=#CC0000] [r=0 c=0 rs=1 cs=1]
              RenderText {#text} at (0,1) size 32x19
                text run at (0,1) width 32: "17.6 "
              RenderInline {A} at (0,0) size 137x19 [color=#3333FF]
                RenderText {#text} at (32,1) size 137x19
                  text run at (32,1) width 137: "Table Border Test 2"
            RenderTableCell {TD} at (173,2) size 18x21 [color=#FFFF00] [bgcolor=#CC0000] [r=0 c=1 rs=1 cs=1]
              RenderText {#text} at (0,1) size 11x19
                text run at (0,1) width 11: "B"
            RenderTableCell {TD} at (193,2) size 12x21 [color=#FFFFFF] [bgcolor=#000099] [r=0 c=2 rs=1 cs=1]
              RenderText {#text} at (0,1) size 12x19
                text run at (0,1) width 12: "N"
            RenderTableCell {TD} at (207,2) size 18x21 [color=#FFFFFF] [bgcolor=#000099] [r=0 c=3 rs=1 cs=1]
              RenderText {#text} at (0,1) size 12x19
                text run at (0,1) width 12: "N"
            RenderTableCell {TD} at (227,2) size 18x21 [color=#FFFFFF] [bgcolor=#000099] [r=0 c=4 rs=1 cs=1]
              RenderText {#text} at (0,1) size 12x19
                text run at (0,1) width 12: "N"
            RenderTableCell {TD} at (247,2) size 18x21 [color=#FFFFFF] [bgcolor=#000099] [r=0 c=5 rs=1 cs=1]
              RenderText {#text} at (0,1) size 12x19
                text run at (0,1) width 12: "N"
            RenderTableCell {TD} at (267,2) size 12x21 [bgcolor=#CCCCCC] [r=0 c=6 rs=1 cs=1]
              RenderText {#text} at (0,1) size 12x19
                text run at (0,1) width 12: "U"
            RenderTableCell {TD} at (281,2) size 43x21 [r=0 c=7 rs=1 cs=1]
              RenderText {#text} at (0,1) size 43x19
                text run at (0,1) width 43: "CSS2"
          RenderTableRow {TR} at (0,25) size 326x33
            RenderTableCell {TH} at (2,25) size 169x33 [color=#CC0000] [border: (12px solid #FFFFF5) none] [r=1 c=0 rs=1 cs=1]
              RenderText {#text} at (87,13) size 82x19
                text run at (87,13) width 82: "Tests Y (+1)"
            RenderTableCell {TD} at (173,25) size 18x33 [color=#FFFFFF] [bgcolor=#009900] [border: (12px solid #FFFFF5) none] [r=1 c=1 rs=1 cs=1]
              RenderText {#text} at (0,13) size 18x19
                text run at (0,13) width 18: "31"
            RenderTableCell {TD} at (193,25) size 12x33 [color=#FFFFFF] [bgcolor=#009900] [border: (12px solid #FFFFF5) none] [r=1 c=2 rs=1 cs=1]
              RenderText {#text} at (0,13) size 4x19
                text run at (0,13) width 4: " "
            RenderTableCell {TD} at (207,25) size 18x33 [color=#FFFFFF] [bgcolor=#009900] [border: (12px solid #FFFFF5) none] [r=1 c=3 rs=1 cs=1]
              RenderText {#text} at (0,13) size 18x19
                text run at (0,13) width 18: "16"
            RenderTableCell {TD} at (227,25) size 18x33 [color=#FFFFFF] [bgcolor=#009900] [border: (12px solid #FFFFF5) none] [r=1 c=4 rs=1 cs=1]
              RenderText {#text} at (0,13) size 18x19
                text run at (0,13) width 18: "16"
            RenderTableCell {TD} at (247,25) size 18x33 [color=#FFFFFF] [bgcolor=#009900] [border: (12px solid #FFFFF5) none] [r=1 c=5 rs=1 cs=1]
              RenderText {#text} at (0,13) size 9x19
                text run at (0,13) width 9: "2"
            RenderTableCell {TD} at (267,25) size 12x33 [color=#FFFFFF] [bgcolor=#009900] [border: (12px solid #FFFFF5) none] [r=1 c=6 rs=1 cs=1]
              RenderText {#text} at (0,13) size 12x19
                text run at (0,13) width 12: "U"
            RenderTableCell {TD} at (281,35) size 43x12 [border: (12px solid #FFFFF5) none] [r=1 c=7 rs=1 cs=1]
          RenderTableRow {TR} at (0,60) size 326x21
            RenderTableCell {TH} at (2,60) size 169x21 [color=#CC0000] [r=2 c=0 rs=1 cs=1]
              RenderText {#text} at (96,1) size 73x19
                text run at (96,1) width 73: "Tests N (0)"
            RenderTableCell {TD} at (173,60) size 18x21 [color=#FFFFFF] [bgcolor=#000099] [r=2 c=1 rs=1 cs=1]
              RenderText {#text} at (0,1) size 9x19
                text run at (0,1) width 9: "4"
            RenderTableCell {TD} at (193,60) size 12x21 [color=#FFFFFF] [bgcolor=#000099] [r=2 c=2 rs=1 cs=1]
              RenderText {#text} at (0,1) size 4x19
                text run at (0,1) width 4: " "
            RenderTableCell {TD} at (207,60) size 18x21 [color=#FFFFFF] [bgcolor=#000099] [r=2 c=3 rs=1 cs=1]
              RenderText {#text} at (0,1) size 18x19
                text run at (0,1) width 18: "21"
            RenderTableCell {TD} at (227,60) size 18x21 [color=#FFFFFF] [bgcolor=#000099] [r=2 c=4 rs=1 cs=1]
              RenderText {#text} at (0,1) size 18x19
                text run at (0,1) width 18: "14"
            RenderTableCell {TD} at (247,60) size 18x21 [color=#FFFFFF] [bgcolor=#000099] [r=2 c=5 rs=1 cs=1]
              RenderText {#text} at (0,1) size 18x19
                text run at (0,1) width 18: "18"
            RenderTableCell {TD} at (267,60) size 12x21 [color=#FFFFFF] [bgcolor=#000099] [r=2 c=6 rs=1 cs=1]
              RenderText {#text} at (0,1) size 12x19
                text run at (0,1) width 12: "U"
            RenderTableCell {TD} at (281,70) size 43x0 [r=2 c=7 rs=1 cs=1]
      RenderBlock {HR} at (0,95) size 648x1
      RenderBlock {P} at (0,108) size 648x38
        RenderInline {A} at (0,0) size 88x19 [color=#3333FF] [bgcolor=#FFFFF5]
          RenderImage {IMG} at (0,0) size 88x31
      RenderBlock {P} at (0,158) size 648x25
        RenderText {#text} at (0,3) size 62x19
          text run at (0,3) width 62: "(Back to "
        RenderInline {A} at (0,0) size 186x19 [color=#3333FF] [bgcolor=#FFFFF5]
          RenderText {#text} at (62,3) size 186x19
            text run at (62,3) width 186: "CSS Testing Information"
        RenderText {#text} at (248,3) size 8x19
          text run at (248,3) width 8: ", "
        RenderInline {A} at (0,0) size 95x19 [color=#3333FF] [bgcolor=#FFFFF5]
          RenderText {#text} at (256,3) size 95x19
            text run at (256,3) width 95: "David Baron"
        RenderText {#text} at (351,3) size 5x19
          text run at (351,3) width 5: ")"
      RenderBlock {P} at (0,195) size 648x25
        RenderInline {A} at (0,0) size 34x19 [color=#3333FF] [bgcolor=#FFFFF5]
          RenderText {#text} at (0,3) size 34x19
            text run at (0,3) width 34: "LDB"
        RenderText {#text} at (34,3) size 8x19
          text run at (34,3) width 8: ", "
        RenderInline {A} at (0,0) size 190x19 [color=#3333FF] [bgcolor=#FFFFF5]
          RenderText {#text} at (42,3) size 190x19
            text run at (42,3) width 190: "dbaron@fas.harvard.edu"
