layer at (0,0) size 800x600
  RenderView at (0,0) size 800x600
layer at (0,0) size 800x372
  RenderBlock {html} at (0,0) size 800x372
    RenderBody {body} at (8,16) size 784x340
      RenderBlock {p} at (0,0) size 784x20
        RenderText {#text} at (0,0) size 59x19
          text run at (0,0) width 59: "operator: "
        RenderMathMLMath {math} at (59,6) size 15x10 [padding: 0 1 0 1]
          RenderMathMLOperator {mo} at (2,0) size 11x10
            RenderMathMLBlock (flex) {mo} at (0,0) size 10x10
              RenderBlock (anonymous) at (0,0) size 10x10
                RenderText {mo} at (0,-4) size 10x16
                  text run at (0,-4) width 10: "\x{2211}"
        RenderText {#text} at (73,0) size 72x19
          text run at (73,0) width 72: " , operator: "
        RenderMathMLMath {math} at (144,6) size 12x10 [padding: 0 1 0 1]
          RenderMathMLOperator {mo} at (2,0) size 8x10
            RenderMathMLBlock (flex) {mo} at (0,0) size 7x10
              RenderBlock (anonymous) at (0,0) size 7x10
                RenderText {mo} at (0,-4) size 7x16
                  text run at (0,-4) width 7: "B"
        RenderText {#text} at (155,0) size 110x19
          text run at (155,0) width 110: " , minus operator: "
        RenderMathMLMath {math} at (264,11) size 16x5 [padding: 0 1 0 1]
          RenderMathMLOperator {mo} at (2,0) size 11x5
            RenderMathMLBlock (flex) {mo} at (0,0) size 10x5
              RenderBlock (anonymous) at (0,0) size 10x5
                RenderText {mo} at (0,-9) size 10x16
                  text run at (0,-9) width 10: "\x{2212}"
        RenderText {#text} at (0,0) size 0x0
      RenderBlock {p} at (0,36) size 784x20
        RenderText {#text} at (0,0) size 59x19
          text run at (0,0) width 59: "operator: "
        RenderMathMLMath {math} at (59,3) size 19x13 [padding: 0 1 0 1]
          RenderMathMLOperator {mo} at (2,0) size 14x13
            RenderMathMLBlock (flex) {mo} at (0,0) size 13x13
              RenderBlock (anonymous) at (0,0) size 13x13
                RenderText {mo} at (0,-5) size 13x20
                  text run at (0,-5) width 13: "\x{2211}"
        RenderText {#text} at (77,0) size 72x19
          text run at (77,0) width 72: " , operator: "
        RenderMathMLMath {math} at (148,3) size 15x13 [padding: 0 1 0 1]
          RenderMathMLOperator {mo} at (2,0) size 10x13
            RenderMathMLBlock (flex) {mo} at (0,0) size 9x13
              RenderBlock (anonymous) at (0,0) size 9x13
                RenderText {mo} at (0,-5) size 9x20
                  text run at (0,-5) width 9: "B"
        RenderText {#text} at (162,0) size 110x19
          text run at (162,0) width 110: " , minus operator: "
        RenderMathMLMath {math} at (271,10) size 19x6 [padding: 0 1 0 1]
          RenderMathMLOperator {mo} at (2,0) size 14x6
            RenderMathMLBlock (flex) {mo} at (0,0) size 13x6
              RenderBlock (anonymous) at (0,0) size 13x6
                RenderText {mo} at (0,-12) size 13x20
                  text run at (0,-12) width 13: "\x{2212}"
        RenderText {#text} at (0,0) size 0x0
      RenderBlock {p} at (0,72) size 784x22
        RenderText {#text} at (0,2) size 59x19
          text run at (0,2) width 59: "operator: "
        RenderMathMLMath {math} at (59,0) size 26x18 [padding: 0 1 0 1]
          RenderMathMLOperator {mo} at (3,0) size 20x18
            RenderMathMLBlock (flex) {mo} at (0,0) size 19x18
              RenderBlock (anonymous) at (0,0) size 19x18
                RenderText {mo} at (0,-6) size 19x28
                  text run at (0,-6) width 19: "\x{2211}"
        RenderText {#text} at (84,2) size 72x19
          text run at (84,2) width 72: " , operator: "
        RenderMathMLMath {math} at (155,0) size 22x18 [padding: 0 1 0 1]
          RenderMathMLOperator {mo} at (3,0) size 15x18
            RenderMathMLBlock (flex) {mo} at (0,0) size 14x18
              RenderBlock (anonymous) at (0,0) size 14x18
                RenderText {mo} at (0,-6) size 14x28
                  text run at (0,-6) width 14: "B"
        RenderText {#text} at (176,2) size 110x19
          text run at (176,2) width 110: " , minus operator: "
        RenderMathMLMath {math} at (285,10) size 27x8 [padding: 0 1 0 1]
          RenderMathMLOperator {mo} at (3,0) size 20x8
            RenderMathMLBlock (flex) {mo} at (0,0) size 19x8
              RenderBlock (anonymous) at (0,0) size 19x8
                RenderText {mo} at (0,-16) size 19x28
                  text run at (0,-16) width 19: "\x{2212}"
        RenderText {#text} at (0,0) size 0x0
      RenderBlock {p} at (0,110) size 784x22
        RenderText {#text} at (0,2) size 59x19
          text run at (0,2) width 59: "operator: "
        RenderMathMLMath {math} at (59,0) size 58x18 [padding: 0 1 0 1]
          RenderMathMLOperator {mo} at (2,8) size 11x10
            RenderMathMLBlock (flex) {mo} at (0,0) size 10x10
              RenderBlock (anonymous) at (0,0) size 10x10
                RenderText {mo} at (0,-4) size 10x16
                  text run at (0,-4) width 10: "\x{2211}"
          RenderMathMLOperator {mo} at (16,5) size 14x13
            RenderMathMLBlock (flex) {mo} at (0,0) size 13x13
              RenderBlock (anonymous) at (0,0) size 13x13
                RenderText {mo} at (0,-5) size 13x20
                  text run at (0,-5) width 13: "\x{2211}"
          RenderMathMLOperator {mo} at (35,0) size 20x18
            RenderMathMLBlock (flex) {mo} at (0,0) size 19x18
              RenderBlock (anonymous) at (0,0) size 19x18
                RenderText {mo} at (0,-6) size 19x28
                  text run at (0,-6) width 19: "\x{2211}"
        RenderText {#text} at (116,2) size 72x19
          text run at (116,2) width 72: " , operator: "
        RenderMathMLMath {math} at (187,0) size 47x18 [padding: 0 1 0 1]
          RenderMathMLOperator {mo} at (2,8) size 8x10
            RenderMathMLBlock (flex) {mo} at (0,0) size 7x10
              RenderBlock (anonymous) at (0,0) size 7x10
                RenderText {mo} at (0,-4) size 7x16
                  text run at (0,-4) width 7: "B"
          RenderMathMLOperator {mo} at (13,5) size 10x13
            RenderMathMLBlock (flex) {mo} at (0,0) size 9x13
              RenderBlock (anonymous) at (0,0) size 9x13
                RenderText {mo} at (0,-5) size 9x20
                  text run at (0,-5) width 9: "B"
          RenderMathMLOperator {mo} at (28,0) size 15x18
            RenderMathMLBlock (flex) {mo} at (0,0) size 14x18
              RenderBlock (anonymous) at (0,0) size 14x18
                RenderText {mo} at (0,-6) size 14x28
                  text run at (0,-6) width 14: "B"
        RenderText {#text} at (233,2) size 110x19
          text run at (233,2) width 110: " , minus operator: "
        RenderMathMLMath {math} at (342,10) size 58x8 [padding: 0 1 0 1]
          RenderMathMLOperator {mo} at (2,3) size 11x5
            RenderMathMLBlock (flex) {mo} at (0,0) size 10x5
              RenderBlock (anonymous) at (0,0) size 10x5
                RenderText {mo} at (0,-9) size 10x16
                  text run at (0,-9) width 10: "\x{2212}"
          RenderMathMLOperator {mo} at (16,2) size 14x6
            RenderMathMLBlock (flex) {mo} at (0,0) size 13x6
              RenderBlock (anonymous) at (0,0) size 13x6
                RenderText {mo} at (0,-12) size 13x20
                  text run at (0,-12) width 13: "\x{2212}"
          RenderMathMLOperator {mo} at (35,0) size 20x8
            RenderMathMLBlock (flex) {mo} at (0,0) size 19x8
              RenderBlock (anonymous) at (0,0) size 19x8
                RenderText {mo} at (0,-16) size 19x28
                  text run at (0,-16) width 19: "\x{2212}"
        RenderText {#text} at (0,0) size 0x0
      RenderBlock {p} at (0,148) size 784x61
        RenderText {#text} at (0,20) size 59x19
          text run at (0,20) width 59: "operator: "
        RenderMathMLMath {math} at (59,0) size 162x61 [padding: 0 1 0 1]
          RenderMathMLOperator {mo} at (2,0) size 13x61
          RenderMathMLOperator {mo} at (19,0) size 13x61
          RenderMathMLOperator {mo} at (37,0) size 13x61
          RenderMathMLOperator {mo} at (56,0) size 13x61
          RenderBlock {mtext} at (71,0) size 57x51
            RenderBlock {div} at (2,-1) size 52x53 [border: (1px solid #000000)]
            RenderText {#text} at (0,0) size 0x0
          RenderMathMLOperator {mo} at (130,0) size 13x61
          RenderMathMLOperator {mo} at (147,0) size 13x61
        RenderText {#text} at (0,0) size 0x0
      RenderBlock {p} at (0,225) size 784x115
        RenderMathMLMath {math} at (0,0) size 124x115 [padding: 0 1 0 1]
          RenderMathMLOperator {mo} at (5,0) size 37x115
          RenderMathMLFraction {mfrac} at (47,1) size 30x97
            RenderMathMLBlock (anonymous, flex) at (0,0) size 29x54
              RenderBlock {mi} at (5,0) size 19x44
                RenderText {#text} at (0,-9) size 13x55
                  text run at (0,-9) width 13: "f"
            RenderMathMLBlock (anonymous, flex) at (0,53) size 29x44 [padding: 1 0 0 0]
              RenderBlock {mi} at (0,10) size 29x33
                RenderText {#text} at (0,-21) size 24x55
                  text run at (0,-21) width 24: "g"
          RenderMathMLOperator {mo} at (82,0) size 37x115
        RenderText {#text} at (0,0) size 0x0
layer at (70,164) size 12x10 scrollHeight 13
  RenderMathMLBlock (flex) {mo} at (0,0) size 12x10
    RenderBlock (anonymous) at (0,0) size 12x10
      RenderText {mo} at (0,-7) size 12x20
        text run at (0,-7) width 12: "\x{23AA}"
layer at (70,174) size 12x9 scrollHeight 13
  RenderMathMLBlock (flex) {mo} at (0,10) size 12x9
    RenderBlock (anonymous) at (0,0) size 12x9
layer at (70,183) size 12x9 scrollHeight 13
  RenderMathMLBlock (flex) {mo} at (0,19) size 12x9
    RenderBlock (anonymous) at (0,0) size 12x9
layer at (70,192) size 12x9 scrollHeight 13
  RenderMathMLBlock (flex) {mo} at (0,28) size 12x9
    RenderBlock (anonymous) at (0,0) size 12x9
layer at (70,201) size 12x9 scrollHeight 13
  RenderMathMLBlock (flex) {mo} at (0,37) size 12x9
    RenderBlock (anonymous) at (0,0) size 12x9
layer at (70,210) size 12x5 scrollHeight 13
  RenderMathMLBlock (flex) {mo} at (0,46) size 12x5
    RenderBlock (anonymous) at (0,0) size 12x5
layer at (70,215) size 12x10 scrollHeight 13
  RenderMathMLBlock (flex) {mo} at (0,51) size 12x10
    RenderBlock (anonymous) at (0,0) size 12x10
layer at (86,164) size 12x16
  RenderMathMLBlock (flex) {mo} at (0,0) size 12x16
    RenderBlock (anonymous) at (0,0) size 7x16
      RenderText {mo} at (0,-4) size 7x20
        text run at (0,-4) width 7: "\x{2320}"
layer at (86,180) size 12x9 scrollHeight 13
  RenderMathMLBlock (flex) {mo} at (0,16) size 12x9
    RenderBlock (anonymous) at (0,0) size 12x9
layer at (86,189) size 12x9 scrollHeight 13
  RenderMathMLBlock (flex) {mo} at (0,25) size 12x9
    RenderBlock (anonymous) at (0,0) size 12x9
layer at (86,198) size 12x9 scrollHeight 13
  RenderMathMLBlock (flex) {mo} at (0,34) size 12x9
    RenderBlock (anonymous) at (0,0) size 12x9
layer at (86,207) size 12x2 scrollHeight 13
  RenderMathMLBlock (flex) {mo} at (0,43) size 12x2
    RenderBlock (anonymous) at (0,0) size 12x2
layer at (86,209) size 12x16
  RenderMathMLBlock (flex) {mo} at (0,45) size 12x16
    RenderBlock (anonymous) at (0,0) size 7x16
layer at (105,164) size 12x10 scrollHeight 13
  RenderMathMLBlock (flex) {mo} at (0,0) size 12x10
    RenderBlock (anonymous) at (0,0) size 12x10
      RenderText {mo} at (0,-7) size 12x20
        text run at (0,-7) width 12: "\x{23A7}"
layer at (105,174) size 12x9 scrollHeight 13
  RenderMathMLBlock (flex) {mo} at (0,10) size 12x9
    RenderBlock (anonymous) at (0,0) size 12x9
layer at (105,183) size 12x7 scrollHeight 13
  RenderMathMLBlock (flex) {mo} at (0,19) size 12x7
    RenderBlock (anonymous) at (0,0) size 12x7
layer at (105,190) size 12x9 scrollHeight 13
  RenderMathMLBlock (flex) {mo} at (0,26) size 12x9
    RenderBlock (anonymous) at (0,0) size 12x9
layer at (105,199) size 12x9 scrollHeight 13
  RenderMathMLBlock (flex) {mo} at (0,35) size 12x9
    RenderBlock (anonymous) at (0,0) size 12x9
layer at (105,208) size 12x7 scrollHeight 13
  RenderMathMLBlock (flex) {mo} at (0,44) size 12x7
    RenderBlock (anonymous) at (0,0) size 12x7
layer at (105,215) size 12x10 scrollHeight 13
  RenderMathMLBlock (flex) {mo} at (0,51) size 12x10
    RenderBlock (anonymous) at (0,0) size 12x10
layer at (123,164) size 12x10 scrollHeight 13
  RenderMathMLBlock (flex) {mo} at (0,0) size 12x10
    RenderBlock (anonymous) at (0,0) size 12x10
      RenderText {mo} at (0,-7) size 12x20
        text run at (0,-7) width 12: "\x{23A1}"
layer at (123,174) size 12x9 scrollHeight 13
  RenderMathMLBlock (flex) {mo} at (0,10) size 12x9
    RenderBlock (anonymous) at (0,0) size 12x9
layer at (123,183) size 12x9 scrollHeight 13
  RenderMathMLBlock (flex) {mo} at (0,19) size 12x9
    RenderBlock (anonymous) at (0,0) size 12x9
layer at (123,192) size 12x9 scrollHeight 13
  RenderMathMLBlock (flex) {mo} at (0,28) size 12x9
    RenderBlock (anonymous) at (0,0) size 12x9
layer at (123,201) size 12x9 scrollHeight 13
  RenderMathMLBlock (flex) {mo} at (0,37) size 12x9
    RenderBlock (anonymous) at (0,0) size 12x9
layer at (123,210) size 12x5 scrollHeight 13
  RenderMathMLBlock (flex) {mo} at (0,46) size 12x5
    RenderBlock (anonymous) at (0,0) size 12x5
layer at (123,215) size 12x10 scrollHeight 13
  RenderMathMLBlock (flex) {mo} at (0,51) size 12x10
    RenderBlock (anonymous) at (0,0) size 12x10
layer at (198,164) size 12x10 scrollHeight 13
  RenderMathMLBlock (flex) {mo} at (0,0) size 12x10
    RenderBlock (anonymous) at (0,0) size 12x10
      RenderText {mo} at (0,-7) size 12x20
        text run at (0,-7) width 12: "\x{23A4}"
layer at (198,174) size 12x9 scrollHeight 13
  RenderMathMLBlock (flex) {mo} at (0,10) size 12x9
    RenderBlock (anonymous) at (0,0) size 12x9
layer at (198,183) size 12x9 scrollHeight 13
  RenderMathMLBlock (flex) {mo} at (0,19) size 12x9
    RenderBlock (anonymous) at (0,0) size 12x9
layer at (198,192) size 12x9 scrollHeight 13
  RenderMathMLBlock (flex) {mo} at (0,28) size 12x9
    RenderBlock (anonymous) at (0,0) size 12x9
layer at (198,201) size 12x9 scrollHeight 13
  RenderMathMLBlock (flex) {mo} at (0,37) size 12x9
    RenderBlock (anonymous) at (0,0) size 12x9
layer at (198,210) size 12x5 scrollHeight 13
  RenderMathMLBlock (flex) {mo} at (0,46) size 12x5
    RenderBlock (anonymous) at (0,0) size 12x5
layer at (198,215) size 12x10 scrollHeight 13
  RenderMathMLBlock (flex) {mo} at (0,51) size 12x10
    RenderBlock (anonymous) at (0,0) size 12x10
layer at (214,164) size 12x10 scrollHeight 13
  RenderMathMLBlock (flex) {mo} at (0,0) size 12x10
    RenderBlock (anonymous) at (0,0) size 12x10
      RenderText {mo} at (0,-7) size 12x20
        text run at (0,-7) width 12: "\x{23AB}"
layer at (214,174) size 12x9 scrollHeight 13
  RenderMathMLBlock (flex) {mo} at (0,10) size 12x9
    RenderBlock (anonymous) at (0,0) size 12x9
layer at (214,183) size 12x7 scrollHeight 13
  RenderMathMLBlock (flex) {mo} at (0,19) size 12x7
    RenderBlock (anonymous) at (0,0) size 12x7
layer at (214,190) size 12x9 scrollHeight 13
  RenderMathMLBlock (flex) {mo} at (0,26) size 12x9
    RenderBlock (anonymous) at (0,0) size 12x9
layer at (214,199) size 12x9 scrollHeight 13
  RenderMathMLBlock (flex) {mo} at (0,35) size 12x9
    RenderBlock (anonymous) at (0,0) size 12x9
layer at (214,208) size 12x7 scrollHeight 13
  RenderMathMLBlock (flex) {mo} at (0,44) size 12x7
    RenderBlock (anonymous) at (0,0) size 12x7
layer at (214,215) size 12x10 scrollHeight 13
  RenderMathMLBlock (flex) {mo} at (0,51) size 12x10
    RenderBlock (anonymous) at (0,0) size 12x10
layer at (14,241) size 36x30 scrollHeight 40
  RenderMathMLBlock (flex) {mo} at (0,0) size 36x30
    RenderBlock (anonymous) at (0,0) size 36x30
      RenderText {mo} at (0,-19) size 36x59
        text run at (0,-19) width 36: "\x{23AA}"
layer at (14,271) size 36x29 scrollHeight 40
  RenderMathMLBlock (flex) {mo} at (0,30) size 36x29
    RenderBlock (anonymous) at (0,0) size 36x29
layer at (14,300) size 36x26 scrollHeight 40
  RenderMathMLBlock (flex) {mo} at (0,59) size 36x26
    RenderBlock (anonymous) at (0,0) size 36x26
layer at (14,326) size 36x30 scrollHeight 40
  RenderMathMLBlock (flex) {mo} at (0,85) size 36x30
    RenderBlock (anonymous) at (0,0) size 36x30
layer at (90,241) size 36x30 scrollHeight 40
  RenderMathMLBlock (flex) {mo} at (0,0) size 36x30
    RenderBlock (anonymous) at (0,0) size 36x30
      RenderText {mo} at (0,-19) size 36x59
        text run at (0,-19) width 36: "\x{23AA}"
layer at (90,271) size 36x29 scrollHeight 40
  RenderMathMLBlock (flex) {mo} at (0,30) size 36x29
    RenderBlock (anonymous) at (0,0) size 36x29
layer at (90,300) size 36x26 scrollHeight 40
  RenderMathMLBlock (flex) {mo} at (0,59) size 36x26
    RenderBlock (anonymous) at (0,0) size 36x26
layer at (90,326) size 36x30 scrollHeight 40
  RenderMathMLBlock (flex) {mo} at (0,85) size 36x30
    RenderBlock (anonymous) at (0,0) size 36x30
layer at (70,173) size 12x11 backgroundClip at (70,174) size 12x9 clip at (70,174) size 12x9 outlineClip at (70,174) size 12x9
  RenderBlock (relative positioned) {mo} at (0,0) size 12x11
    RenderText {mo} at (0,-7) size 12x20
      text run at (0,-7) width 12: "\x{23AA}"
layer at (70,182) size 12x11 backgroundClip at (70,183) size 12x9 clip at (70,183) size 12x9 outlineClip at (70,183) size 12x9
  RenderBlock (relative positioned) {mo} at (0,0) size 12x11
    RenderText {mo} at (0,-7) size 12x20
      text run at (0,-7) width 12: "\x{23AA}"
layer at (70,191) size 12x11 backgroundClip at (70,192) size 12x9 clip at (70,192) size 12x9 outlineClip at (70,192) size 12x9
  RenderBlock (relative positioned) {mo} at (0,0) size 12x11
    RenderText {mo} at (0,-7) size 12x20
      text run at (0,-7) width 12: "\x{23AA}"
layer at (70,200) size 12x11 backgroundClip at (70,201) size 12x9 clip at (70,201) size 12x9 outlineClip at (70,201) size 12x9
  RenderBlock (relative positioned) {mo} at (0,0) size 12x11
    RenderText {mo} at (0,-7) size 12x20
      text run at (0,-7) width 12: "\x{23AA}"
layer at (70,209) size 12x11 backgroundClip at (70,210) size 12x5 clip at (70,210) size 12x5 outlineClip at (70,210) size 12x5
  RenderBlock (relative positioned) {mo} at (0,0) size 12x11
    RenderText {mo} at (0,-7) size 12x20
      text run at (0,-7) width 12: "\x{23AA}"
layer at (70,214) size 12x11 backgroundClip at (70,215) size 12x10 clip at (70,215) size 12x10 outlineClip at (70,215) size 12x10
  RenderBlock (relative positioned) {mo} at (0,0) size 12x11
    RenderText {mo} at (0,-7) size 12x20
      text run at (0,-7) width 12: "\x{23AA}"
layer at (86,179) size 12x11 backgroundClip at (86,180) size 12x9 clip at (86,180) size 12x9 outlineClip at (86,180) size 12x9
  RenderBlock (relative positioned) {mo} at (0,0) size 12x11
    RenderText {mo} at (0,-7) size 12x20
      text run at (0,-7) width 12: "\x{23AE}"
layer at (86,188) size 12x11 backgroundClip at (86,189) size 12x9 clip at (86,189) size 12x9 outlineClip at (86,189) size 12x9
  RenderBlock (relative positioned) {mo} at (0,0) size 12x11
    RenderText {mo} at (0,-7) size 12x20
      text run at (0,-7) width 12: "\x{23AE}"
layer at (86,197) size 12x11 backgroundClip at (86,198) size 12x9 clip at (86,198) size 12x9 outlineClip at (86,198) size 12x9
  RenderBlock (relative positioned) {mo} at (0,0) size 12x11
    RenderText {mo} at (0,-7) size 12x20
      text run at (0,-7) width 12: "\x{23AE}"
layer at (86,206) size 12x11 backgroundClip at (86,207) size 12x2 clip at (86,207) size 12x2 outlineClip at (86,207) size 12x2
  RenderBlock (relative positioned) {mo} at (0,0) size 12x11
    RenderText {mo} at (0,-7) size 12x20
      text run at (0,-7) width 12: "\x{23AE}"
layer at (86,208) size 7x16 backgroundClip at (86,209) size 12x16 clip at (86,209) size 12x16 outlineClip at (86,209) size 12x16
  RenderBlock (relative positioned) {mo} at (0,0) size 7x16
    RenderText {mo} at (0,-4) size 7x20
      text run at (0,-4) width 7: "\x{2321}"
layer at (105,173) size 12x11 backgroundClip at (105,174) size 12x9 clip at (105,174) size 12x9 outlineClip at (105,174) size 12x9
  RenderBlock (relative positioned) {mo} at (0,0) size 12x11
    RenderText {mo} at (0,-7) size 12x20
      text run at (0,-7) width 12: "\x{23AA}"
layer at (105,182) size 12x11 backgroundClip at (105,183) size 12x7 clip at (105,183) size 12x7 outlineClip at (105,183) size 12x7
  RenderBlock (relative positioned) {mo} at (0,0) size 12x11
    RenderText {mo} at (0,-7) size 12x20
      text run at (0,-7) width 12: "\x{23AA}"
layer at (105,189) size 12x11 backgroundClip at (105,190) size 12x9 clip at (105,190) size 12x9 outlineClip at (105,190) size 12x9
  RenderBlock (relative positioned) {mo} at (0,0) size 12x11
    RenderText {mo} at (0,-7) size 12x20
      text run at (0,-7) width 12: "\x{23A8}"
layer at (105,198) size 12x11 backgroundClip at (105,199) size 12x9 clip at (105,199) size 12x9 outlineClip at (105,199) size 12x9
  RenderBlock (relative positioned) {mo} at (0,0) size 12x11
    RenderText {mo} at (0,-7) size 12x20
      text run at (0,-7) width 12: "\x{23AA}"
layer at (105,207) size 12x11 backgroundClip at (105,208) size 12x7 clip at (105,208) size 12x7 outlineClip at (105,208) size 12x7
  RenderBlock (relative positioned) {mo} at (0,0) size 12x11
    RenderText {mo} at (0,-7) size 12x20
      text run at (0,-7) width 12: "\x{23AA}"
layer at (105,214) size 12x11 backgroundClip at (105,215) size 12x10 clip at (105,215) size 12x10 outlineClip at (105,215) size 12x10
  RenderBlock (relative positioned) {mo} at (0,0) size 12x11
    RenderText {mo} at (0,-7) size 12x20
      text run at (0,-7) width 12: "\x{23A9}"
layer at (123,173) size 12x11 backgroundClip at (123,174) size 12x9 clip at (123,174) size 12x9 outlineClip at (123,174) size 12x9
  RenderBlock (relative positioned) {mo} at (0,0) size 12x11
    RenderText {mo} at (0,-7) size 12x20
      text run at (0,-7) width 12: "\x{23A2}"
layer at (123,182) size 12x11 backgroundClip at (123,183) size 12x9 clip at (123,183) size 12x9 outlineClip at (123,183) size 12x9
  RenderBlock (relative positioned) {mo} at (0,0) size 12x11
    RenderText {mo} at (0,-7) size 12x20
      text run at (0,-7) width 12: "\x{23A2}"
layer at (123,191) size 12x11 backgroundClip at (123,192) size 12x9 clip at (123,192) size 12x9 outlineClip at (123,192) size 12x9
  RenderBlock (relative positioned) {mo} at (0,0) size 12x11
    RenderText {mo} at (0,-7) size 12x20
      text run at (0,-7) width 12: "\x{23A2}"
layer at (123,200) size 12x11 backgroundClip at (123,201) size 12x9 clip at (123,201) size 12x9 outlineClip at (123,201) size 12x9
  RenderBlock (relative positioned) {mo} at (0,0) size 12x11
    RenderText {mo} at (0,-7) size 12x20
      text run at (0,-7) width 12: "\x{23A2}"
layer at (123,209) size 12x11 backgroundClip at (123,210) size 12x5 clip at (123,210) size 12x5 outlineClip at (123,210) size 12x5
  RenderBlock (relative positioned) {mo} at (0,0) size 12x11
    RenderText {mo} at (0,-7) size 12x20
      text run at (0,-7) width 12: "\x{23A2}"
layer at (123,214) size 12x11 backgroundClip at (123,215) size 12x10 clip at (123,215) size 12x10 outlineClip at (123,215) size 12x10
  RenderBlock (relative positioned) {mo} at (0,0) size 12x11
    RenderText {mo} at (0,-7) size 12x20
      text run at (0,-7) width 12: "\x{23A3}"
layer at (198,173) size 12x11 backgroundClip at (198,174) size 12x9 clip at (198,174) size 12x9 outlineClip at (198,174) size 12x9
  RenderBlock (relative positioned) {mo} at (0,0) size 12x11
    RenderText {mo} at (0,-7) size 12x20
      text run at (0,-7) width 12: "\x{23A5}"
layer at (198,182) size 12x11 backgroundClip at (198,183) size 12x9 clip at (198,183) size 12x9 outlineClip at (198,183) size 12x9
  RenderBlock (relative positioned) {mo} at (0,0) size 12x11
    RenderText {mo} at (0,-7) size 12x20
      text run at (0,-7) width 12: "\x{23A5}"
layer at (198,191) size 12x11 backgroundClip at (198,192) size 12x9 clip at (198,192) size 12x9 outlineClip at (198,192) size 12x9
  RenderBlock (relative positioned) {mo} at (0,0) size 12x11
    RenderText {mo} at (0,-7) size 12x20
      text run at (0,-7) width 12: "\x{23A5}"
layer at (198,200) size 12x11 backgroundClip at (198,201) size 12x9 clip at (198,201) size 12x9 outlineClip at (198,201) size 12x9
  RenderBlock (relative positioned) {mo} at (0,0) size 12x11
    RenderText {mo} at (0,-7) size 12x20
      text run at (0,-7) width 12: "\x{23A5}"
layer at (198,209) size 12x11 backgroundClip at (198,210) size 12x5 clip at (198,210) size 12x5 outlineClip at (198,210) size 12x5
  RenderBlock (relative positioned) {mo} at (0,0) size 12x11
    RenderText {mo} at (0,-7) size 12x20
      text run at (0,-7) width 12: "\x{23A5}"
layer at (198,214) size 12x11 backgroundClip at (198,215) size 12x10 clip at (198,215) size 12x10 outlineClip at (198,215) size 12x10
  RenderBlock (relative positioned) {mo} at (0,0) size 12x11
    RenderText {mo} at (0,-7) size 12x20
      text run at (0,-7) width 12: "\x{23A6}"
layer at (214,173) size 12x11 backgroundClip at (214,174) size 12x9 clip at (214,174) size 12x9 outlineClip at (214,174) size 12x9
  RenderBlock (relative positioned) {mo} at (0,0) size 12x11
    RenderText {mo} at (0,-7) size 12x20
      text run at (0,-7) width 12: "\x{23AA}"
layer at (214,182) size 12x11 backgroundClip at (214,183) size 12x7 clip at (214,183) size 12x7 outlineClip at (214,183) size 12x7
  RenderBlock (relative positioned) {mo} at (0,0) size 12x11
    RenderText {mo} at (0,-7) size 12x20
      text run at (0,-7) width 12: "\x{23AA}"
layer at (214,189) size 12x11 backgroundClip at (214,190) size 12x9 clip at (214,190) size 12x9 outlineClip at (214,190) size 12x9
  RenderBlock (relative positioned) {mo} at (0,0) size 12x11
    RenderText {mo} at (0,-7) size 12x20
      text run at (0,-7) width 12: "\x{23AC}"
layer at (214,198) size 12x11 backgroundClip at (214,199) size 12x9 clip at (214,199) size 12x9 outlineClip at (214,199) size 12x9
  RenderBlock (relative positioned) {mo} at (0,0) size 12x11
    RenderText {mo} at (0,-7) size 12x20
      text run at (0,-7) width 12: "\x{23AA}"
layer at (214,207) size 12x11 backgroundClip at (214,208) size 12x7 clip at (214,208) size 12x7 outlineClip at (214,208) size 12x7
  RenderBlock (relative positioned) {mo} at (0,0) size 12x11
    RenderText {mo} at (0,-7) size 12x20
      text run at (0,-7) width 12: "\x{23AA}"
layer at (214,214) size 12x11 backgroundClip at (214,215) size 12x10 clip at (214,215) size 12x10 outlineClip at (214,215) size 12x10
  RenderBlock (relative positioned) {mo} at (0,0) size 12x11
    RenderText {mo} at (0,-7) size 12x20
      text run at (0,-7) width 12: "\x{23AD}"
layer at (14,270) size 36x31 backgroundClip at (14,271) size 36x29 clip at (14,271) size 36x29 outlineClip at (14,271) size 36x29
  RenderBlock (relative positioned) {mo} at (0,0) size 36x31
    RenderText {mo} at (0,-19) size 36x59
      text run at (0,-19) width 36: "\x{23AA}"
layer at (14,299) size 36x31 backgroundClip at (14,300) size 36x26 clip at (14,300) size 36x26 outlineClip at (14,300) size 36x26
  RenderBlock (relative positioned) {mo} at (0,0) size 36x31
    RenderText {mo} at (0,-19) size 36x59
      text run at (0,-19) width 36: "\x{23AA}"
layer at (14,325) size 36x31 backgroundClip at (14,326) size 36x30 clip at (14,326) size 36x30 outlineClip at (14,326) size 36x30
  RenderBlock (relative positioned) {mo} at (0,0) size 36x31
    RenderText {mo} at (0,-19) size 36x59
      text run at (0,-19) width 36: "\x{23AA}"
layer at (90,270) size 36x31 backgroundClip at (90,271) size 36x29 clip at (90,271) size 36x29 outlineClip at (90,271) size 36x29
  RenderBlock (relative positioned) {mo} at (0,0) size 36x31
    RenderText {mo} at (0,-19) size 36x59
      text run at (0,-19) width 36: "\x{23AA}"
layer at (90,299) size 36x31 backgroundClip at (90,300) size 36x26 clip at (90,300) size 36x26 outlineClip at (90,300) size 36x26
  RenderBlock (relative positioned) {mo} at (0,0) size 36x31
    RenderText {mo} at (0,-19) size 36x59
      text run at (0,-19) width 36: "\x{23AA}"
layer at (90,325) size 36x31 backgroundClip at (90,326) size 36x30 clip at (90,326) size 36x30 outlineClip at (90,326) size 36x30
  RenderBlock (relative positioned) {mo} at (0,0) size 36x31
    RenderText {mo} at (0,-19) size 36x59
      text run at (0,-19) width 36: "\x{23AA}"
