layer at (0,0) size 800x600
  RenderView at (0,0) size 800x600
layer at (0,0) size 800x352
  RenderBlock {HTML} at (0,0) size 800x352
    RenderBody {BODY} at (8,8) size 784x336
      RenderMathMLMath {math} at (0,0) size 784x74 [padding: 0 1 0 1]
        RenderMathMLRow {mrow} at (268,0) size 248x74
          RenderMathMLRow {mrow} at (0,0) size 178x74
            RenderMathMLRow {mrow} at (0,0) size 79x74
              RenderBlock {mi} at (0,32) size 7x14
                RenderText {#text} at (0,-4) size 5x19
                  text run at (0,-4) width 5: "f"
              RenderMathMLRow {mrow} at (6,0) size 73x74
                RenderMathMLOperator {mo} at (1,0) size 13x74
                RenderMathMLFraction {mfrac} at (16,9) size 40x63
                  RenderMathMLBlock (anonymous, flex) at (0,0) size 40x31
                    RenderMathMLRow {mrow} at (0,0) size 40x28
                      RenderMathMLFraction {mfrac} at (1,0) size 10x28
                        RenderMathMLBlock (anonymous, flex) at (0,0) size 10x12
                          RenderBlock {mi} at (0,0) size 10x8
                            RenderText {#text} at (0,-8) size 8x19
                              text run at (0,-8) width 8: "a"
                        RenderMathMLBlock (anonymous, flex) at (0,11) size 10x17 [padding: 1 0 0 0]
                          RenderBlock {mi} at (0,4) size 10x13
                            RenderText {#text} at (0,-4) size 8x19
                              text run at (0,-4) width 8: "b"
                      RenderMathMLOperator {mo} at (14,6) size 14x10
                        RenderMathMLBlock (flex) {mo} at (0,0) size 13x10
                          RenderBlock (anonymous) at (0,0) size 13x10
                            RenderText {mo} at (0,-8) size 13x20
                              text run at (0,-8) width 13: "+"
                      RenderBlock {mi} at (30,8) size 10x8
                        RenderText {#text} at (0,-8) size 7x19
                          text run at (0,-8) width 7: "c"
                  RenderMathMLBlock (anonymous, flex) at (0,30) size 40x33 [padding: 1 0 0 0]
                    RenderMathMLRow {mrow} at (0,4) size 40x28
                      RenderMathMLFraction {mfrac} at (1,0) size 10x28
                        RenderMathMLBlock (anonymous, flex) at (0,0) size 10x12
                          RenderBlock {mi} at (0,0) size 10x8
                            RenderText {#text} at (0,-8) size 7x19
                              text run at (0,-8) width 7: "c"
                        RenderMathMLBlock (anonymous, flex) at (0,11) size 10x17 [padding: 1 0 0 0]
                          RenderBlock {mi} at (0,4) size 10x13
                            RenderText {#text} at (0,-4) size 8x19
                              text run at (0,-4) width 8: "d"
                      RenderMathMLOperator {mo} at (14,6) size 14x10
                        RenderMathMLBlock (flex) {mo} at (0,0) size 13x10
                          RenderBlock (anonymous) at (0,0) size 13x10
                            RenderText {mo} at (0,-8) size 13x20
                              text run at (0,-8) width 13: "+"
                      RenderBlock {mi} at (30,8) size 10x8
                        RenderText {#text} at (0,-8) size 7x19
                          text run at (0,-8) width 7: "e"
                RenderMathMLOperator {mo} at (58,0) size 13x74
            RenderMathMLOperator {mo} at (81,34) size 14x10
              RenderMathMLBlock (flex) {mo} at (0,0) size 13x10
                RenderBlock (anonymous) at (0,0) size 13x10
                  RenderText {mo} at (0,-8) size 13x20
                    text run at (0,-8) width 13: "+"
            RenderMathMLRow {mrow} at (97,12) size 81x55
              RenderBlock {mi} at (0,24) size 10x10
                RenderText {#text} at (0,-8) size 8x19
                  text run at (0,-8) width 8: "g"
              RenderMathMLRow {mrow} at (9,0) size 71x55
                RenderMathMLOperator {mo} at (1,0) size 13x55
                RenderMathMLSubSup {msubsup} at (15,5) size 41x46
                  RenderMathMLBlock (anonymous, flex) at (0,0) size 8x46 [padding: 19 0 18 0]
                    RenderBlock {mi} at (0,19) size 8x9
                      RenderText {#text} at (0,-8) size 8x19
                        text run at (0,-8) width 8: "x"
                  RenderMathMLBlock (anonymous, flex) at (8,0) size 32x46
                    RenderMathMLRow {mrow} at (0,22) size 32x24
                      RenderMathMLFraction {mfrac} at (1,0) size 8x23
                        RenderMathMLBlock (anonymous, flex) at (0,0) size 8x10
                          RenderBlock {mi} at (0,0) size 7x7
                            RenderText {#text} at (0,-6) size 5x15
                              text run at (0,-6) width 5: "c"
                        RenderMathMLBlock (anonymous, flex) at (0,9) size 8x14 [padding: 1 0 0 0]
                          RenderBlock {mi} at (0,3) size 8x11
                            RenderText {#text} at (0,-3) size 6x15
                              text run at (0,-3) width 6: "d"
                      RenderMathMLOperator {mo} at (11,6) size 11x8
                        RenderMathMLBlock (flex) {mo} at (0,0) size 10x8
                          RenderBlock (anonymous) at (0,0) size 10x8
                            RenderText {mo} at (0,-6) size 10x16
                              text run at (0,-6) width 10: "+"
                      RenderBlock {mi} at (23,7) size 8x7
                        RenderText {#text} at (0,-6) size 5x15
                          text run at (0,-6) width 5: "e"
                    RenderMathMLRow {mrow} at (1,0) size 31x23
                      RenderMathMLFraction {mfrac} at (1,0) size 8x23
                        RenderMathMLBlock (anonymous, flex) at (0,0) size 8x10
                          RenderBlock {mi} at (0,0) size 8x7
                            RenderText {#text} at (0,-6) size 6x15
                              text run at (0,-6) width 6: "a"
                        RenderMathMLBlock (anonymous, flex) at (0,9) size 8x14 [padding: 1 0 0 0]
                          RenderBlock {mi} at (0,3) size 8x11
                            RenderText {#text} at (0,-3) size 6x15
                              text run at (0,-3) width 6: "b"
                      RenderMathMLOperator {mo} at (11,6) size 11x8
                        RenderMathMLBlock (flex) {mo} at (0,0) size 10x8
                          RenderBlock (anonymous) at (0,0) size 10x8
                            RenderText {mo} at (0,-6) size 10x16
                              text run at (0,-6) width 10: "+"
                      RenderBlock {mi} at (23,7) size 8x7
                        RenderText {#text} at (0,-6) size 5x15
                          text run at (0,-6) width 5: "c"
                RenderMathMLOperator {mo} at (56,0) size 13x55
          RenderMathMLOperator {mo} at (180,34) size 14x10
            RenderMathMLBlock (flex) {mo} at (0,0) size 13x10
              RenderBlock (anonymous) at (0,0) size 13x10
                RenderText {mo} at (0,-8) size 13x20
                  text run at (0,-8) width 13: "+"
          RenderMathMLRow {mrow} at (197,22) size 50x36
            RenderMathMLSubSup {msubsup} at (0,0) size 20x36
              RenderMathMLBlock (anonymous, flex) at (0,0) size 12x36
                RenderMathMLOperator {mo} at (0,0) size 12x36
              RenderMathMLBlock (anonymous, flex) at (12,0) size 8x36
                RenderBlock {mi} at (0,29) size 8x7
                  RenderText {#text} at (0,-6) size 6x15
                    text run at (0,-6) width 6: "a"
                RenderBlock {mi} at (0,0) size 8x10
                  RenderText {#text} at (0,-3) size 6x15
                    text run at (0,-3) width 6: "b"
            RenderMathMLRow {mrow} at (19,2) size 31x30
              RenderMathMLUnderOver {munderover} at (0,0) size 25x30
                RenderMathMLOperator {mo} at (5,7) size 14x13
                  RenderMathMLBlock (flex) {mo} at (0,0) size 13x13
                    RenderBlock (anonymous) at (0,0) size 13x13
                      RenderText {mo} at (0,-5) size 13x20
                        text run at (0,-5) width 13: "\x{2211}"
                RenderMathMLRow {mrow} at (0,20) size 25x10
                  RenderBlock {mi} at (0,1) size 5x9
                    RenderText {#text} at (0,-4) size 3x15
                      text run at (0,-4) width 3: "i"
                  RenderMathMLOperator {mo} at (6,4) size 11x6
                    RenderMathMLBlock (flex) {mo} at (0,0) size 10x6
                      RenderBlock (anonymous) at (0,0) size 10x6
                        RenderText {mo} at (0,-8) size 10x16
                          text run at (0,-8) width 10: "="
                  RenderBlock {mn} at (18,0) size 7x10
                    RenderText {#text} at (0,-3) size 6x15
                      text run at (0,-3) width 6: "0"
                RenderBlock {mi} at (8,0) size 9x7
                  RenderText {#text} at (0,-6) size 6x15
                    text run at (0,-6) width 6: "n"
              RenderBlock {mi} at (24,9) size 7x11
                RenderText {#text} at (0,-5) size 4x19
                  text run at (0,-5) width 4: "i"
      RenderBlock {P} at (0,90) size 784x20
        RenderText {#text} at (0,0) size 49x19
          text run at (0,0) width 49: "Implied "
        RenderInline {CODE} at (0,0) size 32x16
          RenderText {#text} at (49,3) size 32x16
            text run at (49,3) width 32: "mrow"
        RenderText {#text} at (81,0) size 149x19
          text run at (81,0) width 149: " with operator stretching:"
      RenderMathMLMath {math} at (0,126) size 784x40 [padding: 0 1 0 1]
        RenderMathMLSquareRoot {msqrt} at (360,0) size 64x40 [intrinsic padding: 3 0 3 12]
          RenderMathMLRow (anonymous) at (12,3) size 51x34
            RenderBlock {mi} at (0,8) size 7x14
              RenderText {#text} at (0,-4) size 5x19
                text run at (0,-4) width 5: "f"
            RenderMathMLOperator {mo} at (9,0) size 13x34
            RenderMathMLFraction {mfrac} at (25,0) size 10x30
              RenderMathMLBlock (anonymous, flex) at (0,0) size 9x16
                RenderBlock {mn} at (0,0) size 9x12
                  RenderText {#text} at (0,-4) size 8x19
                    text run at (0,-4) width 8: "1"
              RenderMathMLBlock (anonymous, flex) at (0,15) size 9x15 [padding: 1 0 0 0]
                RenderBlock {mi} at (0,4) size 9x11
                  RenderText {#text} at (0,-8) size 7x19
                    text run at (0,-8) width 7: "y"
            RenderMathMLOperator {mo} at (37,0) size 13x34
      RenderBlock {P} at (0,182) size 784x20
        RenderText {#text} at (0,0) size 366x19
          text run at (0,0) width 366: "Preferred logical widths and heights, with operator stretching:"
      RenderTable {TABLE} at (0,218) size 19x32
        RenderTableSection {TBODY} at (0,0) size 19x32
          RenderTableRow {TR} at (0,2) size 19x28
            RenderTableCell {TD} at (2,2) size 15x28 [border: (3px solid #000000)] [r=0 c=0 rs=1 cs=1]
              RenderText {#text} at (4,4) size 7x19
                text run at (4,4) width 7: "a"
      RenderTable {TABLE} at (0,250) size 170x86
        RenderTableSection {TBODY} at (0,0) size 170x86
          RenderTableRow {TR} at (0,2) size 170x82
            RenderTableCell {TD} at (2,2) size 166x82 [border: (3px solid #000000)] [r=0 c=0 rs=1 cs=1]
              RenderMathMLMath {math} at (4,4) size 158x74 [padding: 0 1 0 1]
                RenderMathMLRow {mrow} at (1,0) size 156x74
                  RenderMathMLRow {mrow} at (0,31) size 26x14
                    RenderMathMLOperator {mo} at (1,0) size 6x14
                      RenderMathMLBlock (flex) {mo} at (0,0) size 5x14
                        RenderBlock (anonymous) at (0,0) size 5x14
                          RenderText {mo} at (0,-5) size 5x20
                            text run at (0,-5) width 5: "{"
                    RenderBlock {mi} at (8,5) size 10x8
                      RenderText {#text} at (0,-8) size 8x19
                        text run at (0,-8) width 8: "x"
                    RenderMathMLOperator {mo} at (19,0) size 6x14
                      RenderMathMLBlock (flex) {mo} at (0,0) size 5x14
                        RenderBlock (anonymous) at (0,0) size 5x14
                          RenderText {mo} at (0,-5) size 5x20
                            text run at (0,-5) width 5: "}"
                  RenderMathMLOperator {mo} at (29,34) size 14x10
                    RenderMathMLBlock (flex) {mo} at (0,0) size 13x10
                      RenderBlock (anonymous) at (0,0) size 13x10
                        RenderText {mo} at (0,-8) size 13x20
                          text run at (0,-8) width 13: "+"
                  RenderMathMLFenced {mfenced} at (45,24) size 42x34
                    RenderMathMLOperator {mfenced} at (1,0) size 13x34
                    RenderMathMLFraction {mfrac} at (16,0) size 9x30
                      RenderMathMLBlock (anonymous, flex) at (0,0) size 9x16
                        RenderBlock {mn} at (0,0) size 9x12
                          RenderText {#text} at (0,-4) size 8x19
                            text run at (0,-4) width 8: "1"
                      RenderMathMLBlock (anonymous, flex) at (0,15) size 9x15 [padding: 1 0 0 0]
                        RenderBlock {mi} at (0,4) size 9x11
                          RenderText {#text} at (0,-8) size 7x19
                            text run at (0,-8) width 7: "y"
                    RenderMathMLOperator {mfenced} at (27,0) size 13x34
                  RenderMathMLOperator {mo} at (89,34) size 14x10
                    RenderMathMLBlock (flex) {mo} at (0,0) size 13x10
                      RenderBlock (anonymous) at (0,0) size 13x10
                        RenderText {mo} at (0,-8) size 13x20
                          text run at (0,-8) width 13: "+"
                  RenderMathMLRow {mrow} at (105,0) size 51x74
                    RenderMathMLOperator {mo} at (1,0) size 13x74
                    RenderMathMLTable {mtable} at (15,9) size 20x62
                      RenderTableSection (anonymous) at (0,0) size 19x62
                        RenderTableRow {mtr} at (0,2) size 19x18
                          RenderTableCell {mtd} at (2,2) size 15x18 [r=0 c=0 rs=1 cs=1]
                            RenderInline {mn} at (0,0) size 9x19
                              RenderText {#text} at (3,-1) size 9x19
                                text run at (3,-1) width 9: "1"
                        RenderTableRow {mtr} at (0,22) size 19x18
                          RenderTableCell {mtd} at (2,22) size 15x18 [r=1 c=0 rs=1 cs=1]
                            RenderInline {mn} at (0,0) size 9x19
                              RenderText {#text} at (3,-1) size 9x19
                                text run at (3,-1) width 9: "2"
                        RenderTableRow {mtr} at (0,42) size 19x18
                          RenderTableCell {mtd} at (2,42) size 15x18 [r=2 c=0 rs=1 cs=1]
                            RenderInline {mn} at (0,0) size 9x19
                              RenderText {#text} at (3,-1) size 9x19
                                text run at (3,-1) width 9: "3"
                    RenderMathMLOperator {mo} at (35,0) size 13x74
layer at (285,8) size 12x10 scrollHeight 13
  RenderMathMLBlock (flex) {mo} at (0,0) size 12x10
    RenderBlock (anonymous) at (0,0) size 12x10
      RenderText {mo} at (0,-7) size 12x20
        text run at (0,-7) width 12: "\x{239B}"
layer at (285,18) size 12x9 scrollHeight 13
  RenderMathMLBlock (flex) {mo} at (0,10) size 12x9
    RenderBlock (anonymous) at (0,0) size 12x9
layer at (285,27) size 12x9 scrollHeight 13
  RenderMathMLBlock (flex) {mo} at (0,19) size 12x9
    RenderBlock (anonymous) at (0,0) size 12x9
layer at (285,36) size 12x9 scrollHeight 13
  RenderMathMLBlock (flex) {mo} at (0,28) size 12x9
    RenderBlock (anonymous) at (0,0) size 12x9
layer at (285,45) size 12x9 scrollHeight 13
  RenderMathMLBlock (flex) {mo} at (0,37) size 12x9
    RenderBlock (anonymous) at (0,0) size 12x9
layer at (285,54) size 12x9 scrollHeight 13
  RenderMathMLBlock (flex) {mo} at (0,46) size 12x9
    RenderBlock (anonymous) at (0,0) size 12x9
layer at (285,63) size 12x9 scrollHeight 13
  RenderMathMLBlock (flex) {mo} at (0,55) size 12x9
    RenderBlock (anonymous) at (0,0) size 12x9
layer at (285,72) size 12x10 scrollHeight 13
  RenderMathMLBlock (flex) {mo} at (0,64) size 12x10
    RenderBlock (anonymous) at (0,0) size 12x10
layer at (342,8) size 12x10 scrollHeight 13
  RenderMathMLBlock (flex) {mo} at (0,0) size 12x10
    RenderBlock (anonymous) at (0,0) size 12x10
      RenderText {mo} at (0,-7) size 12x20
        text run at (0,-7) width 12: "\x{239E}"
layer at (342,18) size 12x9 scrollHeight 13
  RenderMathMLBlock (flex) {mo} at (0,10) size 12x9
    RenderBlock (anonymous) at (0,0) size 12x9
layer at (342,27) size 12x9 scrollHeight 13
  RenderMathMLBlock (flex) {mo} at (0,19) size 12x9
    RenderBlock (anonymous) at (0,0) size 12x9
layer at (342,36) size 12x9 scrollHeight 13
  RenderMathMLBlock (flex) {mo} at (0,28) size 12x9
    RenderBlock (anonymous) at (0,0) size 12x9
layer at (342,45) size 12x9 scrollHeight 13
  RenderMathMLBlock (flex) {mo} at (0,37) size 12x9
    RenderBlock (anonymous) at (0,0) size 12x9
layer at (342,54) size 12x9 scrollHeight 13
  RenderMathMLBlock (flex) {mo} at (0,46) size 12x9
    RenderBlock (anonymous) at (0,0) size 12x9
layer at (342,63) size 12x9 scrollHeight 13
  RenderMathMLBlock (flex) {mo} at (0,55) size 12x9
    RenderBlock (anonymous) at (0,0) size 12x9
layer at (342,72) size 12x10 scrollHeight 13
  RenderMathMLBlock (flex) {mo} at (0,64) size 12x10
    RenderBlock (anonymous) at (0,0) size 12x10
layer at (386,20) size 12x10 scrollHeight 13
  RenderMathMLBlock (flex) {mo} at (0,0) size 12x10
    RenderBlock (anonymous) at (0,0) size 12x10
      RenderText {mo} at (0,-7) size 12x20
        text run at (0,-7) width 12: "\x{23A1}"
layer at (386,30) size 12x9 scrollHeight 13
  RenderMathMLBlock (flex) {mo} at (0,10) size 12x9
    RenderBlock (anonymous) at (0,0) size 12x9
layer at (386,39) size 12x9 scrollHeight 13
  RenderMathMLBlock (flex) {mo} at (0,19) size 12x9
    RenderBlock (anonymous) at (0,0) size 12x9
layer at (386,48) size 12x9 scrollHeight 13
  RenderMathMLBlock (flex) {mo} at (0,28) size 12x9
    RenderBlock (anonymous) at (0,0) size 12x9
layer at (386,57) size 12x8 scrollHeight 13
  RenderMathMLBlock (flex) {mo} at (0,37) size 12x8
    RenderBlock (anonymous) at (0,0) size 12x8
layer at (386,65) size 12x10 scrollHeight 13
  RenderMathMLBlock (flex) {mo} at (0,45) size 12x10
    RenderBlock (anonymous) at (0,0) size 12x10
layer at (441,20) size 12x10 scrollHeight 13
  RenderMathMLBlock (flex) {mo} at (0,0) size 12x10
    RenderBlock (anonymous) at (0,0) size 12x10
      RenderText {mo} at (0,-7) size 12x20
        text run at (0,-7) width 12: "\x{23A4}"
layer at (441,30) size 12x9 scrollHeight 13
  RenderMathMLBlock (flex) {mo} at (0,10) size 12x9
    RenderBlock (anonymous) at (0,0) size 12x9
layer at (441,39) size 12x9 scrollHeight 13
  RenderMathMLBlock (flex) {mo} at (0,19) size 12x9
    RenderBlock (anonymous) at (0,0) size 12x9
layer at (441,48) size 12x9 scrollHeight 13
  RenderMathMLBlock (flex) {mo} at (0,28) size 12x9
    RenderBlock (anonymous) at (0,0) size 12x9
layer at (441,57) size 12x8 scrollHeight 13
  RenderMathMLBlock (flex) {mo} at (0,37) size 12x8
    RenderBlock (anonymous) at (0,0) size 12x8
layer at (441,65) size 12x10 scrollHeight 13
  RenderMathMLBlock (flex) {mo} at (0,45) size 12x10
    RenderBlock (anonymous) at (0,0) size 12x10
layer at (474,30) size 12x16
  RenderMathMLBlock (flex) {mo} at (0,0) size 12x16
    RenderBlock (anonymous) at (0,0) size 7x16
      RenderText {mo} at (0,-4) size 7x20
        text run at (0,-4) width 7: "\x{2320}"
layer at (474,46) size 12x4 scrollHeight 13
  RenderMathMLBlock (flex) {mo} at (0,16) size 12x4
    RenderBlock (anonymous) at (0,0) size 12x4
layer at (474,50) size 12x16
  RenderMathMLBlock (flex) {mo} at (0,20) size 12x16
    RenderBlock (anonymous) at (0,0) size 7x16
layer at (390,137) size 12x10 scrollHeight 13
  RenderMathMLBlock (flex) {mo} at (0,0) size 12x10
    RenderBlock (anonymous) at (0,0) size 12x10
      RenderText {mo} at (0,-7) size 12x20
        text run at (0,-7) width 12: "\x{239B}"
layer at (390,147) size 12x9 scrollHeight 13
  RenderMathMLBlock (flex) {mo} at (0,10) size 12x9
    RenderBlock (anonymous) at (0,0) size 12x9
layer at (390,156) size 12x5 scrollHeight 13
  RenderMathMLBlock (flex) {mo} at (0,19) size 12x5
    RenderBlock (anonymous) at (0,0) size 12x5
layer at (390,161) size 12x10 scrollHeight 13
  RenderMathMLBlock (flex) {mo} at (0,24) size 12x10
    RenderBlock (anonymous) at (0,0) size 12x10
layer at (418,137) size 12x10 scrollHeight 13
  RenderMathMLBlock (flex) {mo} at (0,0) size 12x10
    RenderBlock (anonymous) at (0,0) size 12x10
      RenderText {mo} at (0,-7) size 12x20
        text run at (0,-7) width 12: "\x{239E}"
layer at (418,147) size 12x9 scrollHeight 13
  RenderMathMLBlock (flex) {mo} at (0,10) size 12x9
    RenderBlock (anonymous) at (0,0) size 12x9
layer at (418,156) size 12x5 scrollHeight 13
  RenderMathMLBlock (flex) {mo} at (0,19) size 12x5
    RenderBlock (anonymous) at (0,0) size 12x5
layer at (418,161) size 12x10 scrollHeight 13
  RenderMathMLBlock (flex) {mo} at (0,24) size 12x10
    RenderBlock (anonymous) at (0,0) size 12x10
layer at (62,288) size 12x10 scrollHeight 13
  RenderMathMLBlock (flex) {mfenced} at (0,0) size 12x10
    RenderBlock (anonymous) at (0,0) size 12x10
      RenderText {mfenced} at (0,-7) size 12x20
        text run at (0,-7) width 12: "\x{239B}"
layer at (62,298) size 12x9 scrollHeight 13
  RenderMathMLBlock (flex) {mfenced} at (0,10) size 12x9
    RenderBlock (anonymous) at (0,0) size 12x9
layer at (62,307) size 12x5 scrollHeight 13
  RenderMathMLBlock (flex) {mfenced} at (0,19) size 12x5
    RenderBlock (anonymous) at (0,0) size 12x5
layer at (62,312) size 12x10 scrollHeight 13
  RenderMathMLBlock (flex) {mfenced} at (0,24) size 12x10
    RenderBlock (anonymous) at (0,0) size 12x10
layer at (88,288) size 12x10 scrollHeight 13
  RenderMathMLBlock (flex) {mfenced} at (0,0) size 12x10
    RenderBlock (anonymous) at (0,0) size 12x10
      RenderText {mfenced} at (0,-7) size 12x20
        text run at (0,-7) width 12: "\x{239E}"
layer at (88,298) size 12x9 scrollHeight 13
  RenderMathMLBlock (flex) {mfenced} at (0,10) size 12x9
    RenderBlock (anonymous) at (0,0) size 12x9
layer at (88,307) size 12x5 scrollHeight 13
  RenderMathMLBlock (flex) {mfenced} at (0,19) size 12x5
    RenderBlock (anonymous) at (0,0) size 12x5
layer at (88,312) size 12x10 scrollHeight 13
  RenderMathMLBlock (flex) {mfenced} at (0,24) size 12x10
    RenderBlock (anonymous) at (0,0) size 12x10
layer at (123,264) size 12x10 scrollHeight 13
  RenderMathMLBlock (flex) {mo} at (0,0) size 12x10
    RenderBlock (anonymous) at (0,0) size 12x10
      RenderText {mo} at (0,-7) size 12x20
        text run at (0,-7) width 12: "\x{23A1}"
layer at (123,274) size 12x9 scrollHeight 13
  RenderMathMLBlock (flex) {mo} at (0,10) size 12x9
    RenderBlock (anonymous) at (0,0) size 12x9
layer at (123,283) size 12x9 scrollHeight 13
  RenderMathMLBlock (flex) {mo} at (0,19) size 12x9
    RenderBlock (anonymous) at (0,0) size 12x9
layer at (123,292) size 12x9 scrollHeight 13
  RenderMathMLBlock (flex) {mo} at (0,28) size 12x9
    RenderBlock (anonymous) at (0,0) size 12x9
layer at (123,301) size 12x9 scrollHeight 13
  RenderMathMLBlock (flex) {mo} at (0,37) size 12x9
    RenderBlock (anonymous) at (0,0) size 12x9
layer at (123,310) size 12x9 scrollHeight 13
  RenderMathMLBlock (flex) {mo} at (0,46) size 12x9
    RenderBlock (anonymous) at (0,0) size 12x9
layer at (123,319) size 12x9 scrollHeight 13
  RenderMathMLBlock (flex) {mo} at (0,55) size 12x9
    RenderBlock (anonymous) at (0,0) size 12x9
layer at (123,328) size 12x10 scrollHeight 13
  RenderMathMLBlock (flex) {mo} at (0,64) size 12x10
    RenderBlock (anonymous) at (0,0) size 12x10
layer at (157,264) size 12x10 scrollHeight 13
  RenderMathMLBlock (flex) {mo} at (0,0) size 12x10
    RenderBlock (anonymous) at (0,0) size 12x10
      RenderText {mo} at (0,-7) size 12x20
        text run at (0,-7) width 12: "\x{23A4}"
layer at (157,274) size 12x9 scrollHeight 13
  RenderMathMLBlock (flex) {mo} at (0,10) size 12x9
    RenderBlock (anonymous) at (0,0) size 12x9
layer at (157,283) size 12x9 scrollHeight 13
  RenderMathMLBlock (flex) {mo} at (0,19) size 12x9
    RenderBlock (anonymous) at (0,0) size 12x9
layer at (157,292) size 12x9 scrollHeight 13
  RenderMathMLBlock (flex) {mo} at (0,28) size 12x9
    RenderBlock (anonymous) at (0,0) size 12x9
layer at (157,301) size 12x9 scrollHeight 13
  RenderMathMLBlock (flex) {mo} at (0,37) size 12x9
    RenderBlock (anonymous) at (0,0) size 12x9
layer at (157,310) size 12x9 scrollHeight 13
  RenderMathMLBlock (flex) {mo} at (0,46) size 12x9
    RenderBlock (anonymous) at (0,0) size 12x9
layer at (157,319) size 12x9 scrollHeight 13
  RenderMathMLBlock (flex) {mo} at (0,55) size 12x9
    RenderBlock (anonymous) at (0,0) size 12x9
layer at (157,328) size 12x10 scrollHeight 13
  RenderMathMLBlock (flex) {mo} at (0,64) size 12x10
    RenderBlock (anonymous) at (0,0) size 12x10
layer at (285,17) size 12x11 backgroundClip at (285,18) size 12x9 clip at (285,18) size 12x9 outlineClip at (285,18) size 12x9
  RenderBlock (relative positioned) {mo} at (0,0) size 12x11
    RenderText {mo} at (0,-7) size 12x20
      text run at (0,-7) width 12: "\x{239C}"
layer at (285,26) size 12x11 backgroundClip at (285,27) size 12x9 clip at (285,27) size 12x9 outlineClip at (285,27) size 12x9
  RenderBlock (relative positioned) {mo} at (0,0) size 12x11
    RenderText {mo} at (0,-7) size 12x20
      text run at (0,-7) width 12: "\x{239C}"
layer at (285,35) size 12x11 backgroundClip at (285,36) size 12x9 clip at (285,36) size 12x9 outlineClip at (285,36) size 12x9
  RenderBlock (relative positioned) {mo} at (0,0) size 12x11
    RenderText {mo} at (0,-7) size 12x20
      text run at (0,-7) width 12: "\x{239C}"
layer at (285,44) size 12x11 backgroundClip at (285,45) size 12x9 clip at (285,45) size 12x9 outlineClip at (285,45) size 12x9
  RenderBlock (relative positioned) {mo} at (0,0) size 12x11
    RenderText {mo} at (0,-7) size 12x20
      text run at (0,-7) width 12: "\x{239C}"
layer at (285,53) size 12x11 backgroundClip at (285,54) size 12x9 clip at (285,54) size 12x9 outlineClip at (285,54) size 12x9
  RenderBlock (relative positioned) {mo} at (0,0) size 12x11
    RenderText {mo} at (0,-7) size 12x20
      text run at (0,-7) width 12: "\x{239C}"
layer at (285,62) size 12x11 backgroundClip at (285,63) size 12x9 clip at (285,63) size 12x9 outlineClip at (285,63) size 12x9
  RenderBlock (relative positioned) {mo} at (0,0) size 12x11
    RenderText {mo} at (0,-7) size 12x20
      text run at (0,-7) width 12: "\x{239C}"
layer at (285,71) size 12x11 backgroundClip at (285,72) size 12x10 clip at (285,72) size 12x10 outlineClip at (285,72) size 12x10
  RenderBlock (relative positioned) {mo} at (0,0) size 12x11
    RenderText {mo} at (0,-7) size 12x20
      text run at (0,-7) width 12: "\x{239D}"
layer at (342,17) size 12x11 backgroundClip at (342,18) size 12x9 clip at (342,18) size 12x9 outlineClip at (342,18) size 12x9
  RenderBlock (relative positioned) {mo} at (0,0) size 12x11
    RenderText {mo} at (0,-7) size 12x20
      text run at (0,-7) width 12: "\x{239F}"
layer at (342,26) size 12x11 backgroundClip at (342,27) size 12x9 clip at (342,27) size 12x9 outlineClip at (342,27) size 12x9
  RenderBlock (relative positioned) {mo} at (0,0) size 12x11
    RenderText {mo} at (0,-7) size 12x20
      text run at (0,-7) width 12: "\x{239F}"
layer at (342,35) size 12x11 backgroundClip at (342,36) size 12x9 clip at (342,36) size 12x9 outlineClip at (342,36) size 12x9
  RenderBlock (relative positioned) {mo} at (0,0) size 12x11
    RenderText {mo} at (0,-7) size 12x20
      text run at (0,-7) width 12: "\x{239F}"
layer at (342,44) size 12x11 backgroundClip at (342,45) size 12x9 clip at (342,45) size 12x9 outlineClip at (342,45) size 12x9
  RenderBlock (relative positioned) {mo} at (0,0) size 12x11
    RenderText {mo} at (0,-7) size 12x20
      text run at (0,-7) width 12: "\x{239F}"
layer at (342,53) size 12x11 backgroundClip at (342,54) size 12x9 clip at (342,54) size 12x9 outlineClip at (342,54) size 12x9
  RenderBlock (relative positioned) {mo} at (0,0) size 12x11
    RenderText {mo} at (0,-7) size 12x20
      text run at (0,-7) width 12: "\x{239F}"
layer at (342,62) size 12x11 backgroundClip at (342,63) size 12x9 clip at (342,63) size 12x9 outlineClip at (342,63) size 12x9
  RenderBlock (relative positioned) {mo} at (0,0) size 12x11
    RenderText {mo} at (0,-7) size 12x20
      text run at (0,-7) width 12: "\x{239F}"
layer at (342,71) size 12x11 backgroundClip at (342,72) size 12x10 clip at (342,72) size 12x10 outlineClip at (342,72) size 12x10
  RenderBlock (relative positioned) {mo} at (0,0) size 12x11
    RenderText {mo} at (0,-7) size 12x20
      text run at (0,-7) width 12: "\x{23A0}"
layer at (386,29) size 12x11 backgroundClip at (386,30) size 12x9 clip at (386,30) size 12x9 outlineClip at (386,30) size 12x9
  RenderBlock (relative positioned) {mo} at (0,0) size 12x11
    RenderText {mo} at (0,-7) size 12x20
      text run at (0,-7) width 12: "\x{23A2}"
layer at (386,38) size 12x11 backgroundClip at (386,39) size 12x9 clip at (386,39) size 12x9 outlineClip at (386,39) size 12x9
  RenderBlock (relative positioned) {mo} at (0,0) size 12x11
    RenderText {mo} at (0,-7) size 12x20
      text run at (0,-7) width 12: "\x{23A2}"
layer at (386,47) size 12x11 backgroundClip at (386,48) size 12x9 clip at (386,48) size 12x9 outlineClip at (386,48) size 12x9
  RenderBlock (relative positioned) {mo} at (0,0) size 12x11
    RenderText {mo} at (0,-7) size 12x20
      text run at (0,-7) width 12: "\x{23A2}"
layer at (386,56) size 12x11 backgroundClip at (386,57) size 12x8 clip at (386,57) size 12x8 outlineClip at (386,57) size 12x8
  RenderBlock (relative positioned) {mo} at (0,0) size 12x11
    RenderText {mo} at (0,-7) size 12x20
      text run at (0,-7) width 12: "\x{23A2}"
layer at (386,64) size 12x11 backgroundClip at (386,65) size 12x10 clip at (386,65) size 12x10 outlineClip at (386,65) size 12x10
  RenderBlock (relative positioned) {mo} at (0,0) size 12x11
    RenderText {mo} at (0,-7) size 12x20
      text run at (0,-7) width 12: "\x{23A3}"
layer at (441,29) size 12x11 backgroundClip at (441,30) size 12x9 clip at (441,30) size 12x9 outlineClip at (441,30) size 12x9
  RenderBlock (relative positioned) {mo} at (0,0) size 12x11
    RenderText {mo} at (0,-7) size 12x20
      text run at (0,-7) width 12: "\x{23A5}"
layer at (441,38) size 12x11 backgroundClip at (441,39) size 12x9 clip at (441,39) size 12x9 outlineClip at (441,39) size 12x9
  RenderBlock (relative positioned) {mo} at (0,0) size 12x11
    RenderText {mo} at (0,-7) size 12x20
      text run at (0,-7) width 12: "\x{23A5}"
layer at (441,47) size 12x11 backgroundClip at (441,48) size 12x9 clip at (441,48) size 12x9 outlineClip at (441,48) size 12x9
  RenderBlock (relative positioned) {mo} at (0,0) size 12x11
    RenderText {mo} at (0,-7) size 12x20
      text run at (0,-7) width 12: "\x{23A5}"
layer at (441,56) size 12x11 backgroundClip at (441,57) size 12x8 clip at (441,57) size 12x8 outlineClip at (441,57) size 12x8
  RenderBlock (relative positioned) {mo} at (0,0) size 12x11
    RenderText {mo} at (0,-7) size 12x20
      text run at (0,-7) width 12: "\x{23A5}"
layer at (441,64) size 12x11 backgroundClip at (441,65) size 12x10 clip at (441,65) size 12x10 outlineClip at (441,65) size 12x10
  RenderBlock (relative positioned) {mo} at (0,0) size 12x11
    RenderText {mo} at (0,-7) size 12x20
      text run at (0,-7) width 12: "\x{23A6}"
layer at (474,45) size 12x11 backgroundClip at (474,46) size 12x4 clip at (474,46) size 12x4 outlineClip at (474,46) size 12x4
  RenderBlock (relative positioned) {mo} at (0,0) size 12x11
    RenderText {mo} at (0,-7) size 12x20
      text run at (0,-7) width 12: "\x{23AE}"
layer at (474,49) size 7x16 backgroundClip at (474,50) size 12x16 clip at (474,50) size 12x16 outlineClip at (474,50) size 12x16
  RenderBlock (relative positioned) {mo} at (0,0) size 7x16
    RenderText {mo} at (0,-4) size 7x20
      text run at (0,-4) width 7: "\x{2321}"
layer at (390,146) size 12x11 backgroundClip at (390,147) size 12x9 clip at (390,147) size 12x9 outlineClip at (390,147) size 12x9
  RenderBlock (relative positioned) {mo} at (0,0) size 12x11
    RenderText {mo} at (0,-7) size 12x20
      text run at (0,-7) width 12: "\x{239C}"
layer at (390,155) size 12x11 backgroundClip at (390,156) size 12x5 clip at (390,156) size 12x5 outlineClip at (390,156) size 12x5
  RenderBlock (relative positioned) {mo} at (0,0) size 12x11
    RenderText {mo} at (0,-7) size 12x20
      text run at (0,-7) width 12: "\x{239C}"
layer at (390,160) size 12x11 backgroundClip at (390,161) size 12x10 clip at (390,161) size 12x10 outlineClip at (390,161) size 12x10
  RenderBlock (relative positioned) {mo} at (0,0) size 12x11
    RenderText {mo} at (0,-7) size 12x20
      text run at (0,-7) width 12: "\x{239D}"
layer at (418,146) size 12x11 backgroundClip at (418,147) size 12x9 clip at (418,147) size 12x9 outlineClip at (418,147) size 12x9
  RenderBlock (relative positioned) {mo} at (0,0) size 12x11
    RenderText {mo} at (0,-7) size 12x20
      text run at (0,-7) width 12: "\x{239F}"
layer at (418,155) size 12x11 backgroundClip at (418,156) size 12x5 clip at (418,156) size 12x5 outlineClip at (418,156) size 12x5
  RenderBlock (relative positioned) {mo} at (0,0) size 12x11
    RenderText {mo} at (0,-7) size 12x20
      text run at (0,-7) width 12: "\x{239F}"
layer at (418,160) size 12x11 backgroundClip at (418,161) size 12x10 clip at (418,161) size 12x10 outlineClip at (418,161) size 12x10
  RenderBlock (relative positioned) {mo} at (0,0) size 12x11
    RenderText {mo} at (0,-7) size 12x20
      text run at (0,-7) width 12: "\x{23A0}"
layer at (62,297) size 12x11 backgroundClip at (62,298) size 12x9 clip at (62,298) size 12x9 outlineClip at (62,298) size 12x9
  RenderBlock (relative positioned) {mfenced} at (0,0) size 12x11
    RenderText {mfenced} at (0,-7) size 12x20
      text run at (0,-7) width 12: "\x{239C}"
layer at (62,306) size 12x11 backgroundClip at (62,307) size 12x5 clip at (62,307) size 12x5 outlineClip at (62,307) size 12x5
  RenderBlock (relative positioned) {mfenced} at (0,0) size 12x11
    RenderText {mfenced} at (0,-7) size 12x20
      text run at (0,-7) width 12: "\x{239C}"
layer at (62,311) size 12x11 backgroundClip at (62,312) size 12x10 clip at (62,312) size 12x10 outlineClip at (62,312) size 12x10
  RenderBlock (relative positioned) {mfenced} at (0,0) size 12x11
    RenderText {mfenced} at (0,-7) size 12x20
      text run at (0,-7) width 12: "\x{239D}"
layer at (88,297) size 12x11 backgroundClip at (88,298) size 12x9 clip at (88,298) size 12x9 outlineClip at (88,298) size 12x9
  RenderBlock (relative positioned) {mfenced} at (0,0) size 12x11
    RenderText {mfenced} at (0,-7) size 12x20
      text run at (0,-7) width 12: "\x{239F}"
layer at (88,306) size 12x11 backgroundClip at (88,307) size 12x5 clip at (88,307) size 12x5 outlineClip at (88,307) size 12x5
  RenderBlock (relative positioned) {mfenced} at (0,0) size 12x11
    RenderText {mfenced} at (0,-7) size 12x20
      text run at (0,-7) width 12: "\x{239F}"
layer at (88,311) size 12x11 backgroundClip at (88,312) size 12x10 clip at (88,312) size 12x10 outlineClip at (88,312) size 12x10
  RenderBlock (relative positioned) {mfenced} at (0,0) size 12x11
    RenderText {mfenced} at (0,-7) size 12x20
      text run at (0,-7) width 12: "\x{23A0}"
layer at (123,273) size 12x11 backgroundClip at (123,274) size 12x9 clip at (123,274) size 12x9 outlineClip at (123,274) size 12x9
  RenderBlock (relative positioned) {mo} at (0,0) size 12x11
    RenderText {mo} at (0,-7) size 12x20
      text run at (0,-7) width 12: "\x{23A2}"
layer at (123,282) size 12x11 backgroundClip at (123,283) size 12x9 clip at (123,283) size 12x9 outlineClip at (123,283) size 12x9
  RenderBlock (relative positioned) {mo} at (0,0) size 12x11
    RenderText {mo} at (0,-7) size 12x20
      text run at (0,-7) width 12: "\x{23A2}"
layer at (123,291) size 12x11 backgroundClip at (123,292) size 12x9 clip at (123,292) size 12x9 outlineClip at (123,292) size 12x9
  RenderBlock (relative positioned) {mo} at (0,0) size 12x11
    RenderText {mo} at (0,-7) size 12x20
      text run at (0,-7) width 12: "\x{23A2}"
layer at (123,300) size 12x11 backgroundClip at (123,301) size 12x9 clip at (123,301) size 12x9 outlineClip at (123,301) size 12x9
  RenderBlock (relative positioned) {mo} at (0,0) size 12x11
    RenderText {mo} at (0,-7) size 12x20
      text run at (0,-7) width 12: "\x{23A2}"
layer at (123,309) size 12x11 backgroundClip at (123,310) size 12x9 clip at (123,310) size 12x9 outlineClip at (123,310) size 12x9
  RenderBlock (relative positioned) {mo} at (0,0) size 12x11
    RenderText {mo} at (0,-7) size 12x20
      text run at (0,-7) width 12: "\x{23A2}"
layer at (123,318) size 12x11 backgroundClip at (123,319) size 12x9 clip at (123,319) size 12x9 outlineClip at (123,319) size 12x9
  RenderBlock (relative positioned) {mo} at (0,0) size 12x11
    RenderText {mo} at (0,-7) size 12x20
      text run at (0,-7) width 12: "\x{23A2}"
layer at (123,327) size 12x11 backgroundClip at (123,328) size 12x10 clip at (123,328) size 12x10 outlineClip at (123,328) size 12x10
  RenderBlock (relative positioned) {mo} at (0,0) size 12x11
    RenderText {mo} at (0,-7) size 12x20
      text run at (0,-7) width 12: "\x{23A3}"
layer at (157,273) size 12x11 backgroundClip at (157,274) size 12x9 clip at (157,274) size 12x9 outlineClip at (157,274) size 12x9
  RenderBlock (relative positioned) {mo} at (0,0) size 12x11
    RenderText {mo} at (0,-7) size 12x20
      text run at (0,-7) width 12: "\x{23A5}"
layer at (157,282) size 12x11 backgroundClip at (157,283) size 12x9 clip at (157,283) size 12x9 outlineClip at (157,283) size 12x9
  RenderBlock (relative positioned) {mo} at (0,0) size 12x11
    RenderText {mo} at (0,-7) size 12x20
      text run at (0,-7) width 12: "\x{23A5}"
layer at (157,291) size 12x11 backgroundClip at (157,292) size 12x9 clip at (157,292) size 12x9 outlineClip at (157,292) size 12x9
  RenderBlock (relative positioned) {mo} at (0,0) size 12x11
    RenderText {mo} at (0,-7) size 12x20
      text run at (0,-7) width 12: "\x{23A5}"
layer at (157,300) size 12x11 backgroundClip at (157,301) size 12x9 clip at (157,301) size 12x9 outlineClip at (157,301) size 12x9
  RenderBlock (relative positioned) {mo} at (0,0) size 12x11
    RenderText {mo} at (0,-7) size 12x20
      text run at (0,-7) width 12: "\x{23A5}"
layer at (157,309) size 12x11 backgroundClip at (157,310) size 12x9 clip at (157,310) size 12x9 outlineClip at (157,310) size 12x9
  RenderBlock (relative positioned) {mo} at (0,0) size 12x11
    RenderText {mo} at (0,-7) size 12x20
      text run at (0,-7) width 12: "\x{23A5}"
layer at (157,318) size 12x11 backgroundClip at (157,319) size 12x9 clip at (157,319) size 12x9 outlineClip at (157,319) size 12x9
  RenderBlock (relative positioned) {mo} at (0,0) size 12x11
    RenderText {mo} at (0,-7) size 12x20
      text run at (0,-7) width 12: "\x{23A5}"
layer at (157,327) size 12x11 backgroundClip at (157,328) size 12x10 clip at (157,328) size 12x10 outlineClip at (157,328) size 12x10
  RenderBlock (relative positioned) {mo} at (0,0) size 12x11
    RenderText {mo} at (0,-7) size 12x20
      text run at (0,-7) width 12: "\x{23A6}"
