layer at (0,0) size 800x600
  RenderView at (0,0) size 800x600
layer at (0,0) size 800x89
  RenderBlock {HTML} at (0,0) size 800x89
    RenderBody {BODY} at (8,16) size 784x65
      RenderBlock {P} at (0,0) size 784x20
        RenderText {#text} at (0,0) size 385x19
          text run at (0,0) width 385: "The table cell border should go around the mroot, not through it:"
      RenderBlock (anonymous) at (0,36) size 784x29
        RenderMathMLMath {math} at (0,0) size 92x29 [padding: 0 1 0 1]
          RenderMathMLTable {mtable} at (1,0) size 90x29
            RenderTableSection (anonymous) at (0,0) size 90x29
              RenderTableRow {mtr} at (0,0) size 90x29
                RenderTableCell {mtd} at (0,0) size 90x29 [border: (3px solid #000000)] [r=0 c=0 rs=1 cs=1]
                  RenderText {#text} at (0,0) size 0x0
        RenderText {#text} at (0,0) size 0x0
layer at (16,58) size 76x17
  RenderMathMLRoot {mroot} at (6,6) size 78x17 [intrinsic padding: 9 0 0 67]
    RenderMathMLRow (anonymous) at (67,9) size 10x8
      RenderBlock {mi} at (0,0) size 10x8
        RenderText {#text} at (0,-8) size 8x19
          text run at (0,-8) width 8: "x"
layer at (16,58) size 67x14
  RenderBlock (positioned) {mn} at (0,0) size 68x15
    RenderText {#text} at (2,-3) size 60x15
      text run at (2,-3) width 60: "1234567890"
