layer at (0,0) size 800x600
  RenderView at (0,0) size 800x600
layer at (0,0) size 800x376
  RenderBlock {html} at (0,0) size 800x376
    RenderBody {body} at (8,16) size 784x344
      RenderBlock {p} at (0,0) size 784x23
        RenderText {#text} at (0,3) size 34x19
          text run at (0,3) width 34: "over: "
        RenderMathMLMath {math} at (34,0) size 13x19 [padding: 0 1 0 1]
          RenderMathMLUnderOver {mover} at (1,0) size 11x19
            RenderBlock {mi} at (0,7) size 11x12
              RenderText {#text} at (0,-4) size 9x19
                text run at (0,-4) width 9: "B"
            RenderBlock {mi} at (2,0) size 7x7
              RenderText {#text} at (0,-6) size 5x15
                text run at (0,-6) width 5: "x"
        RenderText {#text} at (0,0) size 0x0
      RenderBlock {p} at (0,39) size 784x25
        RenderText {#text} at (0,5) size 34x19
          text run at (0,5) width 34: "over: "
        RenderMathMLMath {math} at (34,0) size 13x21 [padding: 0 1 0 1]
          RenderMathMLUnderOver {mover} at (1,0) size 11x21
            RenderBlock {mi} at (0,9) size 11x12
              RenderText {#text} at (0,-4) size 9x19
                text run at (0,-4) width 9: "B"
            RenderBlock {mi} at (2,0) size 7x9
              RenderText {#text} at (0,-6) size 5x15
                text run at (0,-6) width 5: "y"
        RenderText {#text} at (0,0) size 0x0
      RenderBlock {p} at (0,80) size 784x30
        RenderText {#text} at (0,10) size 34x19
          text run at (0,10) width 34: "over: "
        RenderMathMLMath {math} at (34,0) size 20x26 [padding: 0 1 0 1]
          RenderMathMLUnderOver {mover} at (1,0) size 18x26
            RenderBlock {mi} at (0,9) size 18x17
              RenderText {#text} at (0,-5) size 15x27
                text run at (0,-5) width 15: "B"
            RenderBlock {mi} at (5,0) size 7x9
              RenderText {#text} at (0,-6) size 5x15
                text run at (0,-6) width 5: "y"
        RenderText {#text} at (0,0) size 0x0
      RenderBlock {p} at (0,126) size 784x31
        RenderText {#text} at (0,11) size 34x19
          text run at (0,11) width 34: "over: "
        RenderMathMLMath {math} at (34,0) size 21x27 [padding: 0 1 0 1]
          RenderMathMLUnderOver {mover} at (1,0) size 19x27
            RenderMathMLOperator {mo} at (0,9) size 19x18
              RenderMathMLBlock (flex) {mo} at (0,0) size 19x18
                RenderBlock (anonymous) at (0,0) size 19x18
                  RenderText {mo} at (0,-6) size 19x28
                    text run at (0,-6) width 19: "\x{2211}"
            RenderBlock {mi} at (6,0) size 7x9
              RenderText {#text} at (0,-6) size 5x15
                text run at (0,-6) width 5: "y"
        RenderText {#text} at (0,0) size 0x0
      RenderBlock {p} at (0,173) size 784x60
        RenderText {#text} at (0,25) size 34x19
          text run at (0,25) width 34: "over: "
        RenderMathMLMath {math} at (34,0) size 54x60 [padding: 0 1 0 1]
          RenderMathMLUnderOver {mover} at (1,3) size 12x57
            RenderMathMLOperator {mo} at (0,9) size 12x48
            RenderBlock {mi} at (2,0) size 8x9
              RenderText {#text} at (0,-6) size 5x15
                text run at (0,-6) width 5: "y"
          RenderBlock {div} at (13,0) size 40x40
        RenderText {#text} at (0,0) size 0x0
      RenderBlock {p} at (0,249) size 784x26
        RenderText {#text} at (0,6) size 44x19
          text run at (0,6) width 44: "Overs: "
        RenderMathMLMath {math} at (44,4) size 12x18 [padding: 0 1 0 1]
          RenderMathMLUnderOver {mover} at (1,0) size 10x18
            RenderBlock {mi} at (0,10) size 10x8
              RenderText {#text} at (0,-8) size 8x19
                text run at (0,-8) width 8: "x"
            RenderMathMLOperator {mo} at (0,0) size 9x10
              RenderMathMLBlock (flex) {mo} at (0,0) size 8x10
                RenderBlock (anonymous) at (0,0) size 8x10
                  RenderText {mo} at (0,-4) size 8x16
                    text run at (0,-4) width 8: "^"
        RenderText {#text} at (55,6) size 5x19
          text run at (55,6) width 5: " "
        RenderMathMLMath {math} at (59,9) size 15x13 [padding: 0 1 0 1]
          RenderMathMLUnderOver {mover} at (1,0) size 12x13
            RenderBlock {mi} at (0,1) size 12x12
              RenderText {#text} at (0,-4) size 10x19
                text run at (0,-4) width 10: "A"
            RenderMathMLOperator {mo} at (2,0) size 7x1
              RenderMathMLBlock (flex) {mo} at (0,0) size 6x1
                RenderBlock (anonymous) at (0,0) size 6x1
                  RenderText {mo} at (0,-13) size 6x16
                    text run at (0,-13) width 6: "_"
        RenderText {#text} at (73,6) size 5x19
          text run at (73,6) width 5: " "
        RenderMathMLMath {math} at (77,13) size 12x9 [padding: 0 1 0 1]
          RenderMathMLUnderOver {mover} at (1,0) size 10x9
            RenderBlock {mi} at (0,1) size 10x8
              RenderText {#text} at (0,-8) size 8x19
                text run at (0,-8) width 8: "x"
            RenderMathMLOperator {mo} at (1,0) size 7x1
              RenderMathMLBlock (flex) {mo} at (0,0) size 6x1
                RenderBlock (anonymous) at (0,0) size 6x1
                  RenderText {mo} at (0,-13) size 6x16
                    text run at (0,-13) width 6: "_"
        RenderText {#text} at (88,6) size 5x19
          text run at (88,6) width 5: " "
        RenderMathMLMath {math} at (92,0) size 15x22 [padding: 0 1 0 1]
          RenderMathMLUnderOver {mover} at (1,0) size 12x22
            RenderBlock {mi} at (0,10) size 12x12
              RenderText {#text} at (0,-4) size 10x19
                text run at (0,-4) width 10: "A"
            RenderMathMLOperator {mo} at (1,0) size 9x10
              RenderMathMLBlock (flex) {mo} at (0,0) size 8x10
                RenderBlock (anonymous) at (0,0) size 8x10
                  RenderText {mo} at (0,-4) size 8x16
                    text run at (0,-4) width 8: "^"
        RenderText {#text} at (106,6) size 5x19
          text run at (106,6) width 5: " "
        RenderMathMLMath {math} at (110,8) size 14x14 [padding: 0 1 0 1]
          RenderMathMLUnderOver {mover} at (1,0) size 11x14
            RenderBlock {mi} at (0,6) size 11x8
              RenderText {#text} at (0,-8) size 8x19
                text run at (0,-8) width 8: "v"
            RenderMathMLOperator {mo} at (0,0) size 11x6
              RenderMathMLBlock (flex) {mo} at (0,0) size 11x6
                RenderBlock (anonymous) at (0,0) size 11x6
                  RenderText {mo} at (0,-8) size 11x16
                    text run at (0,-8) width 11: "\x{2192}"
        RenderText {#text} at (0,0) size 0x0
      RenderBlock {p} at (0,291) size 784x53
        RenderMathMLMath {math} at (0,0) size 22x49 [padding: 0 1 0 1]
          RenderBlock {mi} at (1,41) size 10x8
            RenderText {#text} at (0,-8) size 8x19
              text run at (0,-8) width 8: "a"
          RenderMathMLUnderOver {mover} at (10,2) size 11x47 [bgcolor=#FFFF00] [padding: 4 0 0 0]
            RenderBlock {mi} at (0,19) size 10x28 [bgcolor=#FFA500]
              RenderText {#text} at (0,12) size 8x19
                text run at (0,12) width 8: "b"
            RenderBlock {mi} at (1,4) size 7x7
              RenderText {#text} at (0,-6) size 5x15
                text run at (0,-6) width 5: "c"
        RenderText {#text} at (0,0) size 0x0
layer at (43,201) size 12x16
  RenderMathMLBlock (flex) {mo} at (0,0) size 12x16
    RenderBlock (anonymous) at (0,0) size 7x16
      RenderText {mo} at (0,-4) size 7x20
        text run at (0,-4) width 7: "\x{2320}"
layer at (43,217) size 12x9 scrollHeight 13
  RenderMathMLBlock (flex) {mo} at (0,16) size 12x9
    RenderBlock (anonymous) at (0,0) size 12x9
layer at (43,226) size 12x7 scrollHeight 13
  RenderMathMLBlock (flex) {mo} at (0,25) size 12x7
    RenderBlock (anonymous) at (0,0) size 12x7
layer at (43,233) size 12x16
  RenderMathMLBlock (flex) {mo} at (0,32) size 12x16
    RenderBlock (anonymous) at (0,0) size 7x16
layer at (43,216) size 12x11 backgroundClip at (43,217) size 12x9 clip at (43,217) size 12x9 outlineClip at (43,217) size 12x9
  RenderBlock (relative positioned) {mo} at (0,0) size 12x11
    RenderText {mo} at (0,-7) size 12x20
      text run at (0,-7) width 12: "\x{23AE}"
layer at (43,225) size 12x11 backgroundClip at (43,226) size 12x7 clip at (43,226) size 12x7 outlineClip at (43,226) size 12x7
  RenderBlock (relative positioned) {mo} at (0,0) size 12x11
    RenderText {mo} at (0,-7) size 12x20
      text run at (0,-7) width 12: "\x{23AE}"
layer at (43,232) size 7x16 backgroundClip at (43,233) size 12x16 clip at (43,233) size 12x16 outlineClip at (43,233) size 12x16
  RenderBlock (relative positioned) {mo} at (0,0) size 7x16
    RenderText {mo} at (0,-4) size 7x20
      text run at (0,-4) width 7: "\x{2321}"
