layer at (0,0) size 800x600
  RenderView at (0,0) size 800x600
layer at (0,0) size 800x481
  RenderBlock {html} at (0,0) size 800x481
    RenderBody {body} at (8,16) size 784x449
      RenderBlock {p} at (0,0) size 784x20
        RenderMathMLMath {math} at (0,4) size 39x12 [padding: 0 1 0 1]
          RenderBlock {mi} at (1,4) size 10x8
            RenderText {#text} at (0,-8) size 8x19
              text run at (0,-8) width 8: "x"
          RenderMathMLOperator {mo} at (13,2) size 14x10 [bgcolor=#C8C8C8]
            RenderMathMLBlock (flex) {mo} at (0,0) size 13x10
              RenderBlock (anonymous) at (0,0) size 13x10
                RenderText {mo} at (0,-8) size 13x20
                  text run at (0,-8) width 13: "+"
          RenderBlock {mn} at (29,0) size 9x12
            RenderText {#text} at (0,-4) size 8x19
              text run at (0,-4) width 8: "1"
        RenderText {#text} at (0,0) size 0x0
      RenderBlock {p} at (0,36) size 784x20
        RenderText {#text} at (0,0) size 38x19
          text run at (0,0) width 38: "16px: "
        RenderMathMLMath {math} at (38,1) size 46x19 [padding: 0 1 0 1]
          RenderMathMLRow {mrow} at (1,0) size 44x19
            RenderMathMLOperator {mo} at (1,0) size 7x17 [bgcolor=#C8C8C8]
              RenderMathMLBlock (flex) {mo} at (0,0) size 6x17
                RenderBlock (anonymous) at (0,0) size 6x17
                  RenderText {mo} at (0,-4) size 6x22
                    text run at (0,-4) width 6: "{"
            RenderBlock {mi} at (9,7) size 10x8
              RenderText {#text} at (0,-8) size 8x19
                text run at (0,-8) width 8: "x"
            RenderBlock {mtext} at (18,4) size 17x15
              RenderBlock {div} at (0,-1) size 16x17 [bgcolor=#00FF00]
            RenderMathMLOperator {mo} at (36,0) size 7x17 [bgcolor=#C8C8C8]
              RenderMathMLBlock (flex) {mo} at (0,0) size 6x17
                RenderBlock (anonymous) at (0,0) size 6x17
                  RenderText {mo} at (0,-4) size 6x22
                    text run at (0,-4) width 6: "}"
        RenderText {#text} at (83,0) size 5x19
          text run at (83,0) width 5: " "
        RenderMathMLMath {math} at (87,1) size 47x19 [padding: 0 1 0 1]
          RenderMathMLRow {mrow} at (1,0) size 44x19
            RenderMathMLOperator {mo} at (1,0) size 7x17 [bgcolor=#C8C8C8]
              RenderMathMLBlock (flex) {mo} at (0,0) size 6x17
                RenderBlock (anonymous) at (0,0) size 6x17
                  RenderText {mo} at (0,-4) size 6x22
                    text run at (0,-4) width 6: "["
            RenderBlock {mi} at (9,7) size 10x8
              RenderText {#text} at (0,-8) size 8x19
                text run at (0,-8) width 8: "x"
            RenderBlock {mtext} at (18,4) size 17x15
              RenderBlock {div} at (0,-1) size 16x17 [bgcolor=#00FF00]
            RenderMathMLOperator {mo} at (36,0) size 7x17 [bgcolor=#C8C8C8]
              RenderMathMLBlock (flex) {mo} at (0,0) size 6x17
                RenderBlock (anonymous) at (0,0) size 6x17
                  RenderText {mo} at (0,-4) size 6x22
                    text run at (0,-4) width 6: "]"
        RenderText {#text} at (133,0) size 5x19
          text run at (133,0) width 5: " "
        RenderMathMLMath {math} at (137,1) size 47x19 [padding: 0 1 0 1]
          RenderMathMLRow {mrow} at (1,0) size 44x19
            RenderMathMLOperator {mo} at (1,0) size 7x17 [bgcolor=#C8C8C8]
              RenderMathMLBlock (flex) {mo} at (0,0) size 6x17
                RenderBlock (anonymous) at (0,0) size 6x17
                  RenderText {mo} at (0,-4) size 6x22
                    text run at (0,-4) width 6: "("
            RenderBlock {mi} at (9,7) size 10x8
              RenderText {#text} at (0,-8) size 8x19
                text run at (0,-8) width 8: "x"
            RenderBlock {mtext} at (18,4) size 17x15
              RenderBlock {div} at (0,-1) size 16x17 [bgcolor=#00FF00]
            RenderMathMLOperator {mo} at (36,0) size 7x17 [bgcolor=#C8C8C8]
              RenderMathMLBlock (flex) {mo} at (0,0) size 6x17
                RenderBlock (anonymous) at (0,0) size 6x17
                  RenderText {mo} at (0,-4) size 6x22
                    text run at (0,-4) width 6: ")"
        RenderText {#text} at (183,0) size 5x19
          text run at (183,0) width 5: " "
        RenderMathMLMath {math} at (187,1) size 49x19 [padding: 0 1 0 1]
          RenderMathMLRow {mrow} at (1,0) size 46x19
            RenderMathMLOperator {mo} at (1,0) size 8x17 [bgcolor=#C8C8C8]
              RenderMathMLBlock (flex) {mo} at (0,0) size 7x17
                RenderBlock (anonymous) at (0,0) size 7x17
                  RenderText {mo} at (0,-4) size 7x22
                    text run at (0,-4) width 7: "|"
            RenderBlock {mi} at (10,7) size 10x8
              RenderText {#text} at (0,-8) size 8x19
                text run at (0,-8) width 8: "x"
            RenderBlock {mtext} at (19,4) size 17x15
              RenderBlock {div} at (0,-1) size 16x17 [bgcolor=#00FF00]
            RenderMathMLOperator {mo} at (37,0) size 8x17 [bgcolor=#C8C8C8]
              RenderMathMLBlock (flex) {mo} at (0,0) size 7x17
                RenderBlock (anonymous) at (0,0) size 7x17
                  RenderText {mo} at (0,-4) size 7x22
                    text run at (0,-4) width 7: "|"
        RenderText {#text} at (235,0) size 5x19
          text run at (235,0) width 5: " "
        RenderMathMLMath {math} at (239,1) size 42x19 [padding: 0 1 0 1]
          RenderMathMLRow {mrow} at (1,0) size 39x19
            RenderMathMLOperator {mo} at (1,0) size 11x17 [bgcolor=#C8C8C8]
              RenderMathMLBlock (flex) {mo} at (0,0) size 10x17
                RenderBlock (anonymous) at (0,0) size 10x17
                  RenderText {mo} at (0,-4) size 10x22
                    text run at (0,-4) width 10: "\x{222B}"
            RenderBlock {mi} at (13,7) size 10x8
              RenderText {#text} at (0,-8) size 8x19
                text run at (0,-8) width 8: "x"
            RenderBlock {mtext} at (22,4) size 17x15
              RenderBlock {div} at (0,-1) size 16x17 [bgcolor=#00FF00]
        RenderText {#text} at (0,0) size 0x0
      RenderBlock {p} at (0,72) size 784x32
        RenderText {#text} at (0,6) size 38x19
          text run at (0,6) width 38: "24px: "
        RenderMathMLMath {math} at (38,0) size 60x28 [padding: 0 1 0 1]
          RenderMathMLRow {mrow} at (1,0) size 58x28
            RenderMathMLOperator {mo} at (1,0) size 10x25 [bgcolor=#C8C8C8]
              RenderMathMLBlock (flex) {mo} at (0,0) size 9x25
                RenderBlock (anonymous) at (0,0) size 9x25
                  RenderText {mo} at (0,-7) size 9x34
                    text run at (0,-7) width 9: "{"
            RenderBlock {mi} at (12,14) size 10x8
              RenderText {#text} at (0,-8) size 8x19
                text run at (0,-8) width 8: "x"
            RenderBlock {mtext} at (21,5) size 25x23
              RenderBlock {div} at (0,-1) size 24x25 [bgcolor=#00FF00]
            RenderMathMLOperator {mo} at (47,0) size 10x25 [bgcolor=#C8C8C8]
              RenderMathMLBlock (flex) {mo} at (0,0) size 9x25
                RenderBlock (anonymous) at (0,0) size 9x25
                  RenderText {mo} at (0,-7) size 9x34
                    text run at (0,-7) width 9: "}"
        RenderText {#text} at (97,6) size 5x19
          text run at (97,6) width 5: " "
        RenderMathMLMath {math} at (101,5) size 67x27 [padding: 0 1 0 1]
          RenderMathMLRow {mrow} at (1,0) size 64x27
            RenderMathMLOperator {mo} at (1,0) size 13x27 [bgcolor=#C8C8C8]
            RenderBlock {mi} at (15,9) size 10x8
              RenderText {#text} at (0,-8) size 8x19
                text run at (0,-8) width 8: "x"
            RenderBlock {mtext} at (24,0) size 25x23
              RenderBlock {div} at (0,-1) size 24x25 [bgcolor=#00FF00]
            RenderMathMLOperator {mo} at (50,0) size 13x27 [bgcolor=#C8C8C8]
        RenderText {#text} at (167,6) size 5x19
          text run at (167,6) width 5: " "
        RenderMathMLMath {math} at (171,5) size 67x27 [padding: 0 1 0 1]
          RenderMathMLRow {mrow} at (1,0) size 64x27
            RenderMathMLOperator {mo} at (1,0) size 13x27 [bgcolor=#C8C8C8]
            RenderBlock {mi} at (15,9) size 10x8
              RenderText {#text} at (0,-8) size 8x19
                text run at (0,-8) width 8: "x"
            RenderBlock {mtext} at (24,0) size 25x23
              RenderBlock {div} at (0,-1) size 24x25 [bgcolor=#00FF00]
            RenderMathMLOperator {mo} at (50,0) size 13x27 [bgcolor=#C8C8C8]
        RenderText {#text} at (237,6) size 5x19
          text run at (237,6) width 5: " "
        RenderMathMLMath {math} at (241,5) size 67x27 [padding: 0 1 0 1]
          RenderMathMLRow {mrow} at (1,0) size 64x27
            RenderMathMLOperator {mo} at (1,0) size 13x27 [bgcolor=#C8C8C8]
            RenderBlock {mi} at (15,9) size 10x8
              RenderText {#text} at (0,-8) size 8x19
                text run at (0,-8) width 8: "x"
            RenderBlock {mtext} at (24,0) size 25x23
              RenderBlock {div} at (0,-1) size 24x25 [bgcolor=#00FF00]
            RenderMathMLOperator {mo} at (50,0) size 13x27 [bgcolor=#C8C8C8]
        RenderText {#text} at (307,6) size 5x19
          text run at (307,6) width 5: " "
        RenderMathMLMath {math} at (311,0) size 56x28 [padding: 0 1 0 1]
          RenderMathMLRow {mrow} at (1,0) size 53x28
            RenderMathMLOperator {mo} at (1,0) size 17x25 [bgcolor=#C8C8C8]
              RenderMathMLBlock (flex) {mo} at (0,0) size 16x25
                RenderBlock (anonymous) at (0,0) size 16x25
                  RenderText {mo} at (0,-7) size 16x34
                    text run at (0,-7) width 16: "\x{222B}"
            RenderBlock {mi} at (19,14) size 10x8
              RenderText {#text} at (0,-8) size 8x19
                text run at (0,-8) width 8: "x"
            RenderBlock {mtext} at (28,5) size 25x23
              RenderBlock {div} at (0,-1) size 24x25 [bgcolor=#00FF00]
        RenderText {#text} at (0,0) size 0x0
      RenderBlock {p} at (0,120) size 784x37
        RenderText {#text} at (0,6) size 38x19
          text run at (0,6) width 38: "32px: "
        RenderMathMLMath {math} at (38,0) size 74x37 [padding: 0 1 0 1]
          RenderMathMLRow {mrow} at (1,0) size 72x37
            RenderMathMLOperator {mo} at (1,0) size 13x37 [bgcolor=#C8C8C8]
            RenderBlock {mi} at (15,14) size 10x8
              RenderText {#text} at (0,-8) size 8x19
                text run at (0,-8) width 8: "x"
            RenderBlock {mtext} at (24,0) size 33x31
              RenderBlock {div} at (0,-1) size 32x33 [bgcolor=#00FF00]
            RenderMathMLOperator {mo} at (58,0) size 13x37 [bgcolor=#C8C8C8]
        RenderText {#text} at (111,6) size 5x19
          text run at (111,6) width 5: " "
        RenderMathMLMath {math} at (115,0) size 75x37 [padding: 0 1 0 1]
          RenderMathMLRow {mrow} at (1,0) size 72x37
            RenderMathMLOperator {mo} at (1,0) size 13x37 [bgcolor=#C8C8C8]
            RenderBlock {mi} at (15,14) size 10x8
              RenderText {#text} at (0,-8) size 8x19
                text run at (0,-8) width 8: "x"
            RenderBlock {mtext} at (24,0) size 33x31
              RenderBlock {div} at (0,-1) size 32x33 [bgcolor=#00FF00]
            RenderMathMLOperator {mo} at (58,0) size 13x37 [bgcolor=#C8C8C8]
        RenderText {#text} at (189,6) size 5x19
          text run at (189,6) width 5: " "
        RenderMathMLMath {math} at (193,0) size 75x37 [padding: 0 1 0 1]
          RenderMathMLRow {mrow} at (1,0) size 72x37
            RenderMathMLOperator {mo} at (1,0) size 13x37 [bgcolor=#C8C8C8]
            RenderBlock {mi} at (15,14) size 10x8
              RenderText {#text} at (0,-8) size 8x19
                text run at (0,-8) width 8: "x"
            RenderBlock {mtext} at (24,0) size 33x31
              RenderBlock {div} at (0,-1) size 32x33 [bgcolor=#00FF00]
            RenderMathMLOperator {mo} at (58,0) size 13x37 [bgcolor=#C8C8C8]
        RenderText {#text} at (267,6) size 5x19
          text run at (267,6) width 5: " "
        RenderMathMLMath {math} at (271,0) size 75x37 [padding: 0 1 0 1]
          RenderMathMLRow {mrow} at (1,0) size 72x37
            RenderMathMLOperator {mo} at (1,0) size 13x37 [bgcolor=#C8C8C8]
            RenderBlock {mi} at (15,14) size 10x8
              RenderText {#text} at (0,-8) size 8x19
                text run at (0,-8) width 8: "x"
            RenderBlock {mtext} at (24,0) size 33x31
              RenderBlock {div} at (0,-1) size 32x33 [bgcolor=#00FF00]
            RenderMathMLOperator {mo} at (58,0) size 13x37 [bgcolor=#C8C8C8]
        RenderText {#text} at (345,6) size 5x19
          text run at (345,6) width 5: " "
        RenderMathMLMath {math} at (349,0) size 60x37 [padding: 0 1 0 1]
          RenderMathMLRow {mrow} at (1,0) size 57x37
            RenderMathMLOperator {mo} at (1,0) size 13x37 [bgcolor=#C8C8C8]
            RenderBlock {mi} at (15,14) size 10x8
              RenderText {#text} at (0,-8) size 8x19
                text run at (0,-8) width 8: "x"
            RenderBlock {mtext} at (24,0) size 33x31
              RenderBlock {div} at (0,-1) size 32x33 [bgcolor=#00FF00]
        RenderText {#text} at (0,0) size 0x0
      RenderBlock {p} at (0,173) size 784x56
        RenderText {#text} at (0,17) size 38x19
          text run at (0,17) width 38: "48px: "
        RenderMathMLMath {math} at (38,0) size 90x56 [padding: 0 1 0 1]
          RenderMathMLRow {mrow} at (1,0) size 88x56
            RenderMathMLOperator {mo} at (1,0) size 13x56 [bgcolor=#C8C8C8]
            RenderBlock {mi} at (15,25) size 10x8
              RenderText {#text} at (0,-8) size 8x19
                text run at (0,-8) width 8: "x"
            RenderBlock {mtext} at (24,0) size 49x47
              RenderBlock {div} at (0,-1) size 48x49 [bgcolor=#00FF00]
            RenderMathMLOperator {mo} at (74,0) size 13x56 [bgcolor=#C8C8C8]
        RenderText {#text} at (127,17) size 5x19
          text run at (127,17) width 5: " "
        RenderMathMLMath {math} at (131,0) size 91x56 [padding: 0 1 0 1]
          RenderMathMLRow {mrow} at (1,0) size 88x56
            RenderMathMLOperator {mo} at (1,0) size 13x56 [bgcolor=#C8C8C8]
            RenderBlock {mi} at (15,25) size 10x8
              RenderText {#text} at (0,-8) size 8x19
                text run at (0,-8) width 8: "x"
            RenderBlock {mtext} at (24,0) size 49x47
              RenderBlock {div} at (0,-1) size 48x49 [bgcolor=#00FF00]
            RenderMathMLOperator {mo} at (74,0) size 13x56 [bgcolor=#C8C8C8]
        RenderText {#text} at (221,17) size 5x19
          text run at (221,17) width 5: " "
        RenderMathMLMath {math} at (225,0) size 91x56 [padding: 0 1 0 1]
          RenderMathMLRow {mrow} at (1,0) size 88x56
            RenderMathMLOperator {mo} at (1,0) size 13x56 [bgcolor=#C8C8C8]
            RenderBlock {mi} at (15,25) size 10x8
              RenderText {#text} at (0,-8) size 8x19
                text run at (0,-8) width 8: "x"
            RenderBlock {mtext} at (24,0) size 49x47
              RenderBlock {div} at (0,-1) size 48x49 [bgcolor=#00FF00]
            RenderMathMLOperator {mo} at (74,0) size 13x56 [bgcolor=#C8C8C8]
        RenderText {#text} at (315,17) size 5x19
          text run at (315,17) width 5: " "
        RenderMathMLMath {math} at (319,0) size 91x56 [padding: 0 1 0 1]
          RenderMathMLRow {mrow} at (1,0) size 88x56
            RenderMathMLOperator {mo} at (1,0) size 13x56 [bgcolor=#C8C8C8]
            RenderBlock {mi} at (15,25) size 10x8
              RenderText {#text} at (0,-8) size 8x19
                text run at (0,-8) width 8: "x"
            RenderBlock {mtext} at (24,0) size 49x47
              RenderBlock {div} at (0,-1) size 48x49 [bgcolor=#00FF00]
            RenderMathMLOperator {mo} at (74,0) size 13x56 [bgcolor=#C8C8C8]
        RenderText {#text} at (409,17) size 5x19
          text run at (409,17) width 5: " "
        RenderMathMLMath {math} at (413,0) size 76x56 [padding: 0 1 0 1]
          RenderMathMLRow {mrow} at (1,0) size 73x56
            RenderMathMLOperator {mo} at (1,0) size 13x56 [bgcolor=#C8C8C8]
            RenderBlock {mi} at (15,25) size 10x8
              RenderText {#text} at (0,-8) size 8x19
                text run at (0,-8) width 8: "x"
            RenderBlock {mtext} at (24,0) size 49x47
              RenderBlock {div} at (0,-1) size 48x49 [bgcolor=#00FF00]
        RenderText {#text} at (0,0) size 0x0
      RenderBlock {p} at (0,245) size 784x142
        RenderText {#text} at (0,67) size 46x19
          text run at (0,67) width 46: "120px: "
        RenderMathMLMath {math} at (46,0) size 90x142 [padding: 0 1 0 1]
          RenderMathMLRow {mrow} at (1,0) size 88x142
            RenderMathMLOperator {mo} at (1,0) size 13x142 [bgcolor=#C8C8C8]
            RenderBlock {mi} at (15,75) size 10x8
              RenderText {#text} at (0,-8) size 8x19
                text run at (0,-8) width 8: "x"
            RenderBlock {mtext} at (24,2) size 49x119
              RenderBlock {div} at (0,-1) size 48x121 [bgcolor=#00FF00]
            RenderMathMLOperator {mo} at (74,0) size 13x142 [bgcolor=#C8C8C8]
        RenderText {#text} at (135,67) size 5x19
          text run at (135,67) width 5: " "
        RenderMathMLMath {math} at (139,0) size 91x142 [padding: 0 1 0 1]
          RenderMathMLRow {mrow} at (1,0) size 88x142
            RenderMathMLOperator {mo} at (1,0) size 13x142 [bgcolor=#C8C8C8]
            RenderBlock {mi} at (15,75) size 10x8
              RenderText {#text} at (0,-8) size 8x19
                text run at (0,-8) width 8: "x"
            RenderBlock {mtext} at (24,2) size 49x119
              RenderBlock {div} at (0,-1) size 48x121 [bgcolor=#00FF00]
            RenderMathMLOperator {mo} at (74,0) size 13x142 [bgcolor=#C8C8C8]
        RenderText {#text} at (229,67) size 5x19
          text run at (229,67) width 5: " "
        RenderMathMLMath {math} at (233,0) size 91x142 [padding: 0 1 0 1]
          RenderMathMLRow {mrow} at (1,0) size 88x142
            RenderMathMLOperator {mo} at (1,0) size 13x142 [bgcolor=#C8C8C8]
            RenderBlock {mi} at (15,75) size 10x8
              RenderText {#text} at (0,-8) size 8x19
                text run at (0,-8) width 8: "x"
            RenderBlock {mtext} at (24,2) size 49x119
              RenderBlock {div} at (0,-1) size 48x121 [bgcolor=#00FF00]
            RenderMathMLOperator {mo} at (74,0) size 13x142 [bgcolor=#C8C8C8]
        RenderText {#text} at (323,67) size 5x19
          text run at (323,67) width 5: " "
        RenderMathMLMath {math} at (327,0) size 91x142 [padding: 0 1 0 1]
          RenderMathMLRow {mrow} at (1,0) size 88x142
            RenderMathMLOperator {mo} at (1,0) size 13x142 [bgcolor=#C8C8C8]
            RenderBlock {mi} at (15,75) size 10x8
              RenderText {#text} at (0,-8) size 8x19
                text run at (0,-8) width 8: "x"
            RenderBlock {mtext} at (24,2) size 49x119
              RenderBlock {div} at (0,-1) size 48x121 [bgcolor=#00FF00]
            RenderMathMLOperator {mo} at (74,0) size 13x142 [bgcolor=#C8C8C8]
        RenderText {#text} at (417,67) size 5x19
          text run at (417,67) width 5: " "
        RenderMathMLMath {math} at (421,0) size 76x142 [padding: 0 1 0 1]
          RenderMathMLRow {mrow} at (1,0) size 73x142
            RenderMathMLOperator {mo} at (1,0) size 13x142 [bgcolor=#C8C8C8]
            RenderBlock {mi} at (15,75) size 10x8
              RenderText {#text} at (0,-8) size 8x19
                text run at (0,-8) width 8: "x"
            RenderBlock {mtext} at (24,2) size 49x119
              RenderBlock {div} at (0,-1) size 48x121 [bgcolor=#00FF00]
        RenderText {#text} at (0,0) size 0x0
      RenderBlock {p} at (0,403) size 784x46
        RenderText {#text} at (0,11) size 38x19
          text run at (0,11) width 38: "40px: "
        RenderMathMLMath {math} at (38,0) size 197x46 [padding: 0 1 0 1]
          RenderMathMLRow {mrow} at (1,0) size 195x46
            RenderMathMLOperator {mo} at (1,0) size 13x46 [bgcolor=#C8C8C8]
            RenderBlock {mi} at (15,19) size 10x8
              RenderText {#text} at (0,-8) size 8x19
                text run at (0,-8) width 8: "x"
            RenderMathMLOperator {mo} at (27,24) size 6x4 [bgcolor=#C8C8C8]
              RenderMathMLBlock (flex) {mo} at (0,0) size 5x4
                RenderBlock (anonymous) at (0,0) size 5x4
                  RenderText {mo} at (0,-15) size 5x20
                    text run at (0,-15) width 5: ","
            RenderBlock {mtext} at (36,0) size 41x39
              RenderBlock {div} at (0,-1) size 40x41 [bgcolor=#00FF00]
            RenderMathMLOperator {mo} at (79,24) size 6x4 [bgcolor=#C8C8C8]
              RenderMathMLBlock (flex) {mo} at (0,0) size 5x4
                RenderBlock (anonymous) at (0,0) size 5x4
                  RenderText {mo} at (0,-15) size 5x20
                    text run at (0,-15) width 5: ","
            RenderBlock {mtext} at (87,0) size 41x39
              RenderBlock {div} at (0,-1) size 40x41 [bgcolor=#00FF00]
            RenderMathMLOperator {mo} at (130,24) size 6x4 [bgcolor=#C8C8C8]
              RenderMathMLBlock (flex) {mo} at (0,0) size 5x4
                RenderBlock (anonymous) at (0,0) size 5x4
                  RenderText {mo} at (0,-15) size 5x20
                    text run at (0,-15) width 5: ","
            RenderBlock {mtext} at (138,0) size 41x39
              RenderBlock {div} at (0,-1) size 40x41 [bgcolor=#00FF00]
            RenderMathMLOperator {mo} at (180,0) size 13x46 [bgcolor=#C8C8C8]
        RenderText {#text} at (0,0) size 0x0
layer at (113,93) size 12x10 scrollHeight 13
  RenderMathMLBlock (flex) {mo} at (0,0) size 12x10
    RenderBlock (anonymous) at (0,0) size 12x10
      RenderText {mo} at (0,-7) size 12x20
        text run at (0,-7) width 12: "\x{23A1}"
layer at (113,103) size 12x7 scrollHeight 13
  RenderMathMLBlock (flex) {mo} at (0,10) size 12x7
    RenderBlock (anonymous) at (0,0) size 12x7
layer at (113,110) size 12x10 scrollHeight 13
  RenderMathMLBlock (flex) {mo} at (0,17) size 12x10
    RenderBlock (anonymous) at (0,0) size 12x10
layer at (161,93) size 12x10 scrollHeight 13
  RenderMathMLBlock (flex) {mo} at (0,0) size 12x10
    RenderBlock (anonymous) at (0,0) size 12x10
      RenderText {mo} at (0,-7) size 12x20
        text run at (0,-7) width 12: "\x{23A4}"
layer at (161,103) size 12x7 scrollHeight 13
  RenderMathMLBlock (flex) {mo} at (0,10) size 12x7
    RenderBlock (anonymous) at (0,0) size 12x7
layer at (161,110) size 12x10 scrollHeight 13
  RenderMathMLBlock (flex) {mo} at (0,17) size 12x10
    RenderBlock (anonymous) at (0,0) size 12x10
layer at (183,93) size 12x10 scrollHeight 13
  RenderMathMLBlock (flex) {mo} at (0,0) size 12x10
    RenderBlock (anonymous) at (0,0) size 12x10
      RenderText {mo} at (0,-7) size 12x20
        text run at (0,-7) width 12: "\x{239B}"
layer at (183,103) size 12x7 scrollHeight 13
  RenderMathMLBlock (flex) {mo} at (0,10) size 12x7
    RenderBlock (anonymous) at (0,0) size 12x7
layer at (183,110) size 12x10 scrollHeight 13
  RenderMathMLBlock (flex) {mo} at (0,17) size 12x10
    RenderBlock (anonymous) at (0,0) size 12x10
layer at (231,93) size 12x10 scrollHeight 13
  RenderMathMLBlock (flex) {mo} at (0,0) size 12x10
    RenderBlock (anonymous) at (0,0) size 12x10
      RenderText {mo} at (0,-7) size 12x20
        text run at (0,-7) width 12: "\x{239E}"
layer at (231,103) size 12x7 scrollHeight 13
  RenderMathMLBlock (flex) {mo} at (0,10) size 12x7
    RenderBlock (anonymous) at (0,0) size 12x7
layer at (231,110) size 12x10 scrollHeight 13
  RenderMathMLBlock (flex) {mo} at (0,17) size 12x10
    RenderBlock (anonymous) at (0,0) size 12x10
layer at (253,93) size 12x10 scrollHeight 13
  RenderMathMLBlock (flex) {mo} at (0,0) size 12x10
    RenderBlock (anonymous) at (0,0) size 12x10
      RenderText {mo} at (0,-7) size 12x20
        text run at (0,-7) width 12: "\x{23AA}"
layer at (253,103) size 12x7 scrollHeight 13
  RenderMathMLBlock (flex) {mo} at (0,10) size 12x7
    RenderBlock (anonymous) at (0,0) size 12x7
layer at (253,110) size 12x10 scrollHeight 13
  RenderMathMLBlock (flex) {mo} at (0,17) size 12x10
    RenderBlock (anonymous) at (0,0) size 12x10
layer at (301,93) size 12x10 scrollHeight 13
  RenderMathMLBlock (flex) {mo} at (0,0) size 12x10
    RenderBlock (anonymous) at (0,0) size 12x10
      RenderText {mo} at (0,-7) size 12x20
        text run at (0,-7) width 12: "\x{23AA}"
layer at (301,103) size 12x7 scrollHeight 13
  RenderMathMLBlock (flex) {mo} at (0,10) size 12x7
    RenderBlock (anonymous) at (0,0) size 12x7
layer at (301,110) size 12x10 scrollHeight 13
  RenderMathMLBlock (flex) {mo} at (0,17) size 12x10
    RenderBlock (anonymous) at (0,0) size 12x10
layer at (49,136) size 12x10 scrollHeight 13
  RenderMathMLBlock (flex) {mo} at (0,0) size 12x10
    RenderBlock (anonymous) at (0,0) size 12x10
      RenderText {mo} at (0,-7) size 12x20
        text run at (0,-7) width 12: "\x{23A7}"
layer at (49,146) size 12x4 scrollHeight 13
  RenderMathMLBlock (flex) {mo} at (0,10) size 12x4
    RenderBlock (anonymous) at (0,0) size 12x4
layer at (49,150) size 12x9 scrollHeight 13
  RenderMathMLBlock (flex) {mo} at (0,14) size 12x9
    RenderBlock (anonymous) at (0,0) size 12x9
layer at (49,159) size 12x4 scrollHeight 13
  RenderMathMLBlock (flex) {mo} at (0,23) size 12x4
    RenderBlock (anonymous) at (0,0) size 12x4
layer at (49,163) size 12x10 scrollHeight 13
  RenderMathMLBlock (flex) {mo} at (0,27) size 12x10
    RenderBlock (anonymous) at (0,0) size 12x10
layer at (105,136) size 12x10 scrollHeight 13
  RenderMathMLBlock (flex) {mo} at (0,0) size 12x10
    RenderBlock (anonymous) at (0,0) size 12x10
      RenderText {mo} at (0,-7) size 12x20
        text run at (0,-7) width 12: "\x{23AB}"
layer at (105,146) size 12x4 scrollHeight 13
  RenderMathMLBlock (flex) {mo} at (0,10) size 12x4
    RenderBlock (anonymous) at (0,0) size 12x4
layer at (105,150) size 12x9 scrollHeight 13
  RenderMathMLBlock (flex) {mo} at (0,14) size 12x9
    RenderBlock (anonymous) at (0,0) size 12x9
layer at (105,159) size 12x4 scrollHeight 13
  RenderMathMLBlock (flex) {mo} at (0,23) size 12x4
    RenderBlock (anonymous) at (0,0) size 12x4
layer at (105,163) size 12x10 scrollHeight 13
  RenderMathMLBlock (flex) {mo} at (0,27) size 12x10
    RenderBlock (anonymous) at (0,0) size 12x10
layer at (127,136) size 12x10 scrollHeight 13
  RenderMathMLBlock (flex) {mo} at (0,0) size 12x10
    RenderBlock (anonymous) at (0,0) size 12x10
      RenderText {mo} at (0,-7) size 12x20
        text run at (0,-7) width 12: "\x{23A1}"
layer at (127,146) size 12x9 scrollHeight 13
  RenderMathMLBlock (flex) {mo} at (0,10) size 12x9
    RenderBlock (anonymous) at (0,0) size 12x9
layer at (127,155) size 12x8 scrollHeight 13
  RenderMathMLBlock (flex) {mo} at (0,19) size 12x8
    RenderBlock (anonymous) at (0,0) size 12x8
layer at (127,163) size 12x10 scrollHeight 13
  RenderMathMLBlock (flex) {mo} at (0,27) size 12x10
    RenderBlock (anonymous) at (0,0) size 12x10
layer at (183,136) size 12x10 scrollHeight 13
  RenderMathMLBlock (flex) {mo} at (0,0) size 12x10
    RenderBlock (anonymous) at (0,0) size 12x10
      RenderText {mo} at (0,-7) size 12x20
        text run at (0,-7) width 12: "\x{23A4}"
layer at (183,146) size 12x9 scrollHeight 13
  RenderMathMLBlock (flex) {mo} at (0,10) size 12x9
    RenderBlock (anonymous) at (0,0) size 12x9
layer at (183,155) size 12x8 scrollHeight 13
  RenderMathMLBlock (flex) {mo} at (0,19) size 12x8
    RenderBlock (anonymous) at (0,0) size 12x8
layer at (183,163) size 12x10 scrollHeight 13
  RenderMathMLBlock (flex) {mo} at (0,27) size 12x10
    RenderBlock (anonymous) at (0,0) size 12x10
layer at (205,136) size 12x10 scrollHeight 13
  RenderMathMLBlock (flex) {mo} at (0,0) size 12x10
    RenderBlock (anonymous) at (0,0) size 12x10
      RenderText {mo} at (0,-7) size 12x20
        text run at (0,-7) width 12: "\x{239B}"
layer at (205,146) size 12x9 scrollHeight 13
  RenderMathMLBlock (flex) {mo} at (0,10) size 12x9
    RenderBlock (anonymous) at (0,0) size 12x9
layer at (205,155) size 12x8 scrollHeight 13
  RenderMathMLBlock (flex) {mo} at (0,19) size 12x8
    RenderBlock (anonymous) at (0,0) size 12x8
layer at (205,163) size 12x10 scrollHeight 13
  RenderMathMLBlock (flex) {mo} at (0,27) size 12x10
    RenderBlock (anonymous) at (0,0) size 12x10
layer at (261,136) size 12x10 scrollHeight 13
  RenderMathMLBlock (flex) {mo} at (0,0) size 12x10
    RenderBlock (anonymous) at (0,0) size 12x10
      RenderText {mo} at (0,-7) size 12x20
        text run at (0,-7) width 12: "\x{239E}"
layer at (261,146) size 12x9 scrollHeight 13
  RenderMathMLBlock (flex) {mo} at (0,10) size 12x9
    RenderBlock (anonymous) at (0,0) size 12x9
layer at (261,155) size 12x8 scrollHeight 13
  RenderMathMLBlock (flex) {mo} at (0,19) size 12x8
    RenderBlock (anonymous) at (0,0) size 12x8
layer at (261,163) size 12x10 scrollHeight 13
  RenderMathMLBlock (flex) {mo} at (0,27) size 12x10
    RenderBlock (anonymous) at (0,0) size 12x10
layer at (283,136) size 12x10 scrollHeight 13
  RenderMathMLBlock (flex) {mo} at (0,0) size 12x10
    RenderBlock (anonymous) at (0,0) size 12x10
      RenderText {mo} at (0,-7) size 12x20
        text run at (0,-7) width 12: "\x{23AA}"
layer at (283,146) size 12x9 scrollHeight 13
  RenderMathMLBlock (flex) {mo} at (0,10) size 12x9
    RenderBlock (anonymous) at (0,0) size 12x9
layer at (283,155) size 12x8 scrollHeight 13
  RenderMathMLBlock (flex) {mo} at (0,19) size 12x8
    RenderBlock (anonymous) at (0,0) size 12x8
layer at (283,163) size 12x10 scrollHeight 13
  RenderMathMLBlock (flex) {mo} at (0,27) size 12x10
    RenderBlock (anonymous) at (0,0) size 12x10
layer at (339,136) size 12x10 scrollHeight 13
  RenderMathMLBlock (flex) {mo} at (0,0) size 12x10
    RenderBlock (anonymous) at (0,0) size 12x10
      RenderText {mo} at (0,-7) size 12x20
        text run at (0,-7) width 12: "\x{23AA}"
layer at (339,146) size 12x9 scrollHeight 13
  RenderMathMLBlock (flex) {mo} at (0,10) size 12x9
    RenderBlock (anonymous) at (0,0) size 12x9
layer at (339,155) size 12x8 scrollHeight 13
  RenderMathMLBlock (flex) {mo} at (0,19) size 12x8
    RenderBlock (anonymous) at (0,0) size 12x8
layer at (339,163) size 12x10 scrollHeight 13
  RenderMathMLBlock (flex) {mo} at (0,27) size 12x10
    RenderBlock (anonymous) at (0,0) size 12x10
layer at (360,136) size 12x16
  RenderMathMLBlock (flex) {mo} at (0,0) size 12x16
    RenderBlock (anonymous) at (0,0) size 7x16
      RenderText {mo} at (0,-4) size 7x20
        text run at (0,-4) width 7: "\x{2320}"
layer at (360,152) size 12x5 scrollHeight 13
  RenderMathMLBlock (flex) {mo} at (0,16) size 12x5
    RenderBlock (anonymous) at (0,0) size 12x5
layer at (360,157) size 12x16
  RenderMathMLBlock (flex) {mo} at (0,21) size 12x16
    RenderBlock (anonymous) at (0,0) size 7x16
layer at (49,189) size 12x10 scrollHeight 13
  RenderMathMLBlock (flex) {mo} at (0,0) size 12x10
    RenderBlock (anonymous) at (0,0) size 12x10
      RenderText {mo} at (0,-7) size 12x20
        text run at (0,-7) width 12: "\x{23A7}"
layer at (49,199) size 12x9 scrollHeight 13
  RenderMathMLBlock (flex) {mo} at (0,10) size 12x9
    RenderBlock (anonymous) at (0,0) size 12x9
layer at (49,208) size 12x4 scrollHeight 13
  RenderMathMLBlock (flex) {mo} at (0,19) size 12x4
    RenderBlock (anonymous) at (0,0) size 12x4
layer at (49,212) size 12x9 scrollHeight 13
  RenderMathMLBlock (flex) {mo} at (0,23) size 12x9
    RenderBlock (anonymous) at (0,0) size 12x9
layer at (49,221) size 12x9 scrollHeight 13
  RenderMathMLBlock (flex) {mo} at (0,32) size 12x9
    RenderBlock (anonymous) at (0,0) size 12x9
layer at (49,230) size 12x5 scrollHeight 13
  RenderMathMLBlock (flex) {mo} at (0,41) size 12x5
    RenderBlock (anonymous) at (0,0) size 12x5
layer at (49,235) size 12x10 scrollHeight 13
  RenderMathMLBlock (flex) {mo} at (0,46) size 12x10
    RenderBlock (anonymous) at (0,0) size 12x10
layer at (121,189) size 12x10 scrollHeight 13
  RenderMathMLBlock (flex) {mo} at (0,0) size 12x10
    RenderBlock (anonymous) at (0,0) size 12x10
      RenderText {mo} at (0,-7) size 12x20
        text run at (0,-7) width 12: "\x{23AB}"
layer at (121,199) size 12x9 scrollHeight 13
  RenderMathMLBlock (flex) {mo} at (0,10) size 12x9
    RenderBlock (anonymous) at (0,0) size 12x9
layer at (121,208) size 12x4 scrollHeight 13
  RenderMathMLBlock (flex) {mo} at (0,19) size 12x4
    RenderBlock (anonymous) at (0,0) size 12x4
layer at (121,212) size 12x9 scrollHeight 13
  RenderMathMLBlock (flex) {mo} at (0,23) size 12x9
    RenderBlock (anonymous) at (0,0) size 12x9
layer at (121,221) size 12x9 scrollHeight 13
  RenderMathMLBlock (flex) {mo} at (0,32) size 12x9
    RenderBlock (anonymous) at (0,0) size 12x9
layer at (121,230) size 12x5 scrollHeight 13
  RenderMathMLBlock (flex) {mo} at (0,41) size 12x5
    RenderBlock (anonymous) at (0,0) size 12x5
layer at (121,235) size 12x10 scrollHeight 13
  RenderMathMLBlock (flex) {mo} at (0,46) size 12x10
    RenderBlock (anonymous) at (0,0) size 12x10
layer at (143,189) size 12x10 scrollHeight 13
  RenderMathMLBlock (flex) {mo} at (0,0) size 12x10
    RenderBlock (anonymous) at (0,0) size 12x10
      RenderText {mo} at (0,-7) size 12x20
        text run at (0,-7) width 12: "\x{23A1}"
layer at (143,199) size 12x9 scrollHeight 13
  RenderMathMLBlock (flex) {mo} at (0,10) size 12x9
    RenderBlock (anonymous) at (0,0) size 12x9
layer at (143,208) size 12x9 scrollHeight 13
  RenderMathMLBlock (flex) {mo} at (0,19) size 12x9
    RenderBlock (anonymous) at (0,0) size 12x9
layer at (143,217) size 12x9 scrollHeight 13
  RenderMathMLBlock (flex) {mo} at (0,28) size 12x9
    RenderBlock (anonymous) at (0,0) size 12x9
layer at (143,226) size 12x9 scrollHeight 13
  RenderMathMLBlock (flex) {mo} at (0,37) size 12x9
    RenderBlock (anonymous) at (0,0) size 12x9
layer at (143,235) size 12x10 scrollHeight 13
  RenderMathMLBlock (flex) {mo} at (0,46) size 12x10
    RenderBlock (anonymous) at (0,0) size 12x10
layer at (215,189) size 12x10 scrollHeight 13
  RenderMathMLBlock (flex) {mo} at (0,0) size 12x10
    RenderBlock (anonymous) at (0,0) size 12x10
      RenderText {mo} at (0,-7) size 12x20
        text run at (0,-7) width 12: "\x{23A4}"
layer at (215,199) size 12x9 scrollHeight 13
  RenderMathMLBlock (flex) {mo} at (0,10) size 12x9
    RenderBlock (anonymous) at (0,0) size 12x9
layer at (215,208) size 12x9 scrollHeight 13
  RenderMathMLBlock (flex) {mo} at (0,19) size 12x9
    RenderBlock (anonymous) at (0,0) size 12x9
layer at (215,217) size 12x9 scrollHeight 13
  RenderMathMLBlock (flex) {mo} at (0,28) size 12x9
    RenderBlock (anonymous) at (0,0) size 12x9
layer at (215,226) size 12x9 scrollHeight 13
  RenderMathMLBlock (flex) {mo} at (0,37) size 12x9
    RenderBlock (anonymous) at (0,0) size 12x9
layer at (215,235) size 12x10 scrollHeight 13
  RenderMathMLBlock (flex) {mo} at (0,46) size 12x10
    RenderBlock (anonymous) at (0,0) size 12x10
layer at (237,189) size 12x10 scrollHeight 13
  RenderMathMLBlock (flex) {mo} at (0,0) size 12x10
    RenderBlock (anonymous) at (0,0) size 12x10
      RenderText {mo} at (0,-7) size 12x20
        text run at (0,-7) width 12: "\x{239B}"
layer at (237,199) size 12x9 scrollHeight 13
  RenderMathMLBlock (flex) {mo} at (0,10) size 12x9
    RenderBlock (anonymous) at (0,0) size 12x9
layer at (237,208) size 12x9 scrollHeight 13
  RenderMathMLBlock (flex) {mo} at (0,19) size 12x9
    RenderBlock (anonymous) at (0,0) size 12x9
layer at (237,217) size 12x9 scrollHeight 13
  RenderMathMLBlock (flex) {mo} at (0,28) size 12x9
    RenderBlock (anonymous) at (0,0) size 12x9
layer at (237,226) size 12x9 scrollHeight 13
  RenderMathMLBlock (flex) {mo} at (0,37) size 12x9
    RenderBlock (anonymous) at (0,0) size 12x9
layer at (237,235) size 12x10 scrollHeight 13
  RenderMathMLBlock (flex) {mo} at (0,46) size 12x10
    RenderBlock (anonymous) at (0,0) size 12x10
layer at (309,189) size 12x10 scrollHeight 13
  RenderMathMLBlock (flex) {mo} at (0,0) size 12x10
    RenderBlock (anonymous) at (0,0) size 12x10
      RenderText {mo} at (0,-7) size 12x20
        text run at (0,-7) width 12: "\x{239E}"
layer at (309,199) size 12x9 scrollHeight 13
  RenderMathMLBlock (flex) {mo} at (0,10) size 12x9
    RenderBlock (anonymous) at (0,0) size 12x9
layer at (309,208) size 12x9 scrollHeight 13
  RenderMathMLBlock (flex) {mo} at (0,19) size 12x9
    RenderBlock (anonymous) at (0,0) size 12x9
layer at (309,217) size 12x9 scrollHeight 13
  RenderMathMLBlock (flex) {mo} at (0,28) size 12x9
    RenderBlock (anonymous) at (0,0) size 12x9
layer at (309,226) size 12x9 scrollHeight 13
  RenderMathMLBlock (flex) {mo} at (0,37) size 12x9
    RenderBlock (anonymous) at (0,0) size 12x9
layer at (309,235) size 12x10 scrollHeight 13
  RenderMathMLBlock (flex) {mo} at (0,46) size 12x10
    RenderBlock (anonymous) at (0,0) size 12x10
layer at (331,189) size 12x10 scrollHeight 13
  RenderMathMLBlock (flex) {mo} at (0,0) size 12x10
    RenderBlock (anonymous) at (0,0) size 12x10
      RenderText {mo} at (0,-7) size 12x20
        text run at (0,-7) width 12: "\x{23AA}"
layer at (331,199) size 12x9 scrollHeight 13
  RenderMathMLBlock (flex) {mo} at (0,10) size 12x9
    RenderBlock (anonymous) at (0,0) size 12x9
layer at (331,208) size 12x9 scrollHeight 13
  RenderMathMLBlock (flex) {mo} at (0,19) size 12x9
    RenderBlock (anonymous) at (0,0) size 12x9
layer at (331,217) size 12x9 scrollHeight 13
  RenderMathMLBlock (flex) {mo} at (0,28) size 12x9
    RenderBlock (anonymous) at (0,0) size 12x9
layer at (331,226) size 12x9 scrollHeight 13
  RenderMathMLBlock (flex) {mo} at (0,37) size 12x9
    RenderBlock (anonymous) at (0,0) size 12x9
layer at (331,235) size 12x10 scrollHeight 13
  RenderMathMLBlock (flex) {mo} at (0,46) size 12x10
    RenderBlock (anonymous) at (0,0) size 12x10
layer at (403,189) size 12x10 scrollHeight 13
  RenderMathMLBlock (flex) {mo} at (0,0) size 12x10
    RenderBlock (anonymous) at (0,0) size 12x10
      RenderText {mo} at (0,-7) size 12x20
        text run at (0,-7) width 12: "\x{23AA}"
layer at (403,199) size 12x9 scrollHeight 13
  RenderMathMLBlock (flex) {mo} at (0,10) size 12x9
    RenderBlock (anonymous) at (0,0) size 12x9
layer at (403,208) size 12x9 scrollHeight 13
  RenderMathMLBlock (flex) {mo} at (0,19) size 12x9
    RenderBlock (anonymous) at (0,0) size 12x9
layer at (403,217) size 12x9 scrollHeight 13
  RenderMathMLBlock (flex) {mo} at (0,28) size 12x9
    RenderBlock (anonymous) at (0,0) size 12x9
layer at (403,226) size 12x9 scrollHeight 13
  RenderMathMLBlock (flex) {mo} at (0,37) size 12x9
    RenderBlock (anonymous) at (0,0) size 12x9
layer at (403,235) size 12x10 scrollHeight 13
  RenderMathMLBlock (flex) {mo} at (0,46) size 12x10
    RenderBlock (anonymous) at (0,0) size 12x10
layer at (424,189) size 12x16
  RenderMathMLBlock (flex) {mo} at (0,0) size 12x16
    RenderBlock (anonymous) at (0,0) size 7x16
      RenderText {mo} at (0,-4) size 7x20
        text run at (0,-4) width 7: "\x{2320}"
layer at (424,205) size 12x9 scrollHeight 13
  RenderMathMLBlock (flex) {mo} at (0,16) size 12x9
    RenderBlock (anonymous) at (0,0) size 12x9
layer at (424,214) size 12x9 scrollHeight 13
  RenderMathMLBlock (flex) {mo} at (0,25) size 12x9
    RenderBlock (anonymous) at (0,0) size 12x9
layer at (424,223) size 12x6 scrollHeight 13
  RenderMathMLBlock (flex) {mo} at (0,34) size 12x6
    RenderBlock (anonymous) at (0,0) size 12x6
layer at (424,229) size 12x16
  RenderMathMLBlock (flex) {mo} at (0,40) size 12x16
    RenderBlock (anonymous) at (0,0) size 7x16
layer at (57,261) size 12x10 scrollHeight 13
  RenderMathMLBlock (flex) {mo} at (0,0) size 12x10
    RenderBlock (anonymous) at (0,0) size 12x10
      RenderText {mo} at (0,-7) size 12x20
        text run at (0,-7) width 12: "\x{23A7}"
layer at (57,271) size 12x9 scrollHeight 13
  RenderMathMLBlock (flex) {mo} at (0,10) size 12x9
    RenderBlock (anonymous) at (0,0) size 12x9
layer at (57,280) size 12x9 scrollHeight 13
  RenderMathMLBlock (flex) {mo} at (0,19) size 12x9
    RenderBlock (anonymous) at (0,0) size 12x9
layer at (57,289) size 12x9 scrollHeight 13
  RenderMathMLBlock (flex) {mo} at (0,28) size 12x9
    RenderBlock (anonymous) at (0,0) size 12x9
layer at (57,298) size 12x9 scrollHeight 13
  RenderMathMLBlock (flex) {mo} at (0,37) size 12x9
    RenderBlock (anonymous) at (0,0) size 12x9
layer at (57,307) size 12x9 scrollHeight 13
  RenderMathMLBlock (flex) {mo} at (0,46) size 12x9
    RenderBlock (anonymous) at (0,0) size 12x9
layer at (57,316) size 12x9 scrollHeight 13
  RenderMathMLBlock (flex) {mo} at (0,55) size 12x9
    RenderBlock (anonymous) at (0,0) size 12x9
layer at (57,325) size 12x2 scrollHeight 13
  RenderMathMLBlock (flex) {mo} at (0,64) size 12x2
    RenderBlock (anonymous) at (0,0) size 12x2
layer at (57,327) size 12x9 scrollHeight 13
  RenderMathMLBlock (flex) {mo} at (0,66) size 12x9
    RenderBlock (anonymous) at (0,0) size 12x9
layer at (57,336) size 12x9 scrollHeight 13
  RenderMathMLBlock (flex) {mo} at (0,75) size 12x9
    RenderBlock (anonymous) at (0,0) size 12x9
layer at (57,345) size 12x9 scrollHeight 13
  RenderMathMLBlock (flex) {mo} at (0,84) size 12x9
    RenderBlock (anonymous) at (0,0) size 12x9
layer at (57,354) size 12x9 scrollHeight 13
  RenderMathMLBlock (flex) {mo} at (0,93) size 12x9
    RenderBlock (anonymous) at (0,0) size 12x9
layer at (57,363) size 12x9 scrollHeight 13
  RenderMathMLBlock (flex) {mo} at (0,102) size 12x9
    RenderBlock (anonymous) at (0,0) size 12x9
layer at (57,372) size 12x9 scrollHeight 13
  RenderMathMLBlock (flex) {mo} at (0,111) size 12x9
    RenderBlock (anonymous) at (0,0) size 12x9
layer at (57,381) size 12x9 scrollHeight 13
  RenderMathMLBlock (flex) {mo} at (0,120) size 12x9
    RenderBlock (anonymous) at (0,0) size 12x9
layer at (57,390) size 12x3 scrollHeight 13
  RenderMathMLBlock (flex) {mo} at (0,129) size 12x3
    RenderBlock (anonymous) at (0,0) size 12x3
layer at (57,393) size 12x10 scrollHeight 13
  RenderMathMLBlock (flex) {mo} at (0,132) size 12x10
    RenderBlock (anonymous) at (0,0) size 12x10
layer at (129,261) size 12x10 scrollHeight 13
  RenderMathMLBlock (flex) {mo} at (0,0) size 12x10
    RenderBlock (anonymous) at (0,0) size 12x10
      RenderText {mo} at (0,-7) size 12x20
        text run at (0,-7) width 12: "\x{23AB}"
layer at (129,271) size 12x9 scrollHeight 13
  RenderMathMLBlock (flex) {mo} at (0,10) size 12x9
    RenderBlock (anonymous) at (0,0) size 12x9
layer at (129,280) size 12x9 scrollHeight 13
  RenderMathMLBlock (flex) {mo} at (0,19) size 12x9
    RenderBlock (anonymous) at (0,0) size 12x9
layer at (129,289) size 12x9 scrollHeight 13
  RenderMathMLBlock (flex) {mo} at (0,28) size 12x9
    RenderBlock (anonymous) at (0,0) size 12x9
layer at (129,298) size 12x9 scrollHeight 13
  RenderMathMLBlock (flex) {mo} at (0,37) size 12x9
    RenderBlock (anonymous) at (0,0) size 12x9
layer at (129,307) size 12x9 scrollHeight 13
  RenderMathMLBlock (flex) {mo} at (0,46) size 12x9
    RenderBlock (anonymous) at (0,0) size 12x9
layer at (129,316) size 12x9 scrollHeight 13
  RenderMathMLBlock (flex) {mo} at (0,55) size 12x9
    RenderBlock (anonymous) at (0,0) size 12x9
layer at (129,325) size 12x2 scrollHeight 13
  RenderMathMLBlock (flex) {mo} at (0,64) size 12x2
    RenderBlock (anonymous) at (0,0) size 12x2
layer at (129,327) size 12x9 scrollHeight 13
  RenderMathMLBlock (flex) {mo} at (0,66) size 12x9
    RenderBlock (anonymous) at (0,0) size 12x9
layer at (129,336) size 12x9 scrollHeight 13
  RenderMathMLBlock (flex) {mo} at (0,75) size 12x9
    RenderBlock (anonymous) at (0,0) size 12x9
layer at (129,345) size 12x9 scrollHeight 13
  RenderMathMLBlock (flex) {mo} at (0,84) size 12x9
    RenderBlock (anonymous) at (0,0) size 12x9
layer at (129,354) size 12x9 scrollHeight 13
  RenderMathMLBlock (flex) {mo} at (0,93) size 12x9
    RenderBlock (anonymous) at (0,0) size 12x9
layer at (129,363) size 12x9 scrollHeight 13
  RenderMathMLBlock (flex) {mo} at (0,102) size 12x9
    RenderBlock (anonymous) at (0,0) size 12x9
layer at (129,372) size 12x9 scrollHeight 13
  RenderMathMLBlock (flex) {mo} at (0,111) size 12x9
    RenderBlock (anonymous) at (0,0) size 12x9
layer at (129,381) size 12x9 scrollHeight 13
  RenderMathMLBlock (flex) {mo} at (0,120) size 12x9
    RenderBlock (anonymous) at (0,0) size 12x9
layer at (129,390) size 12x3 scrollHeight 13
  RenderMathMLBlock (flex) {mo} at (0,129) size 12x3
    RenderBlock (anonymous) at (0,0) size 12x3
layer at (129,393) size 12x10 scrollHeight 13
  RenderMathMLBlock (flex) {mo} at (0,132) size 12x10
    RenderBlock (anonymous) at (0,0) size 12x10
layer at (151,261) size 12x10 scrollHeight 13
  RenderMathMLBlock (flex) {mo} at (0,0) size 12x10
    RenderBlock (anonymous) at (0,0) size 12x10
      RenderText {mo} at (0,-7) size 12x20
        text run at (0,-7) width 12: "\x{23A1}"
layer at (151,271) size 12x9 scrollHeight 13
  RenderMathMLBlock (flex) {mo} at (0,10) size 12x9
    RenderBlock (anonymous) at (0,0) size 12x9
layer at (151,280) size 12x9 scrollHeight 13
  RenderMathMLBlock (flex) {mo} at (0,19) size 12x9
    RenderBlock (anonymous) at (0,0) size 12x9
layer at (151,289) size 12x9 scrollHeight 13
  RenderMathMLBlock (flex) {mo} at (0,28) size 12x9
    RenderBlock (anonymous) at (0,0) size 12x9
layer at (151,298) size 12x9 scrollHeight 13
  RenderMathMLBlock (flex) {mo} at (0,37) size 12x9
    RenderBlock (anonymous) at (0,0) size 12x9
layer at (151,307) size 12x9 scrollHeight 13
  RenderMathMLBlock (flex) {mo} at (0,46) size 12x9
    RenderBlock (anonymous) at (0,0) size 12x9
layer at (151,316) size 12x9 scrollHeight 13
  RenderMathMLBlock (flex) {mo} at (0,55) size 12x9
    RenderBlock (anonymous) at (0,0) size 12x9
layer at (151,325) size 12x9 scrollHeight 13
  RenderMathMLBlock (flex) {mo} at (0,64) size 12x9
    RenderBlock (anonymous) at (0,0) size 12x9
layer at (151,334) size 12x9 scrollHeight 13
  RenderMathMLBlock (flex) {mo} at (0,73) size 12x9
    RenderBlock (anonymous) at (0,0) size 12x9
layer at (151,343) size 12x9 scrollHeight 13
  RenderMathMLBlock (flex) {mo} at (0,82) size 12x9
    RenderBlock (anonymous) at (0,0) size 12x9
layer at (151,352) size 12x9 scrollHeight 13
  RenderMathMLBlock (flex) {mo} at (0,91) size 12x9
    RenderBlock (anonymous) at (0,0) size 12x9
layer at (151,361) size 12x9 scrollHeight 13
  RenderMathMLBlock (flex) {mo} at (0,100) size 12x9
    RenderBlock (anonymous) at (0,0) size 12x9
layer at (151,370) size 12x9 scrollHeight 13
  RenderMathMLBlock (flex) {mo} at (0,109) size 12x9
    RenderBlock (anonymous) at (0,0) size 12x9
layer at (151,379) size 12x9 scrollHeight 13
  RenderMathMLBlock (flex) {mo} at (0,118) size 12x9
    RenderBlock (anonymous) at (0,0) size 12x9
layer at (151,388) size 12x5 scrollHeight 13
  RenderMathMLBlock (flex) {mo} at (0,127) size 12x5
    RenderBlock (anonymous) at (0,0) size 12x5
layer at (151,393) size 12x10 scrollHeight 13
  RenderMathMLBlock (flex) {mo} at (0,132) size 12x10
    RenderBlock (anonymous) at (0,0) size 12x10
layer at (223,261) size 12x10 scrollHeight 13
  RenderMathMLBlock (flex) {mo} at (0,0) size 12x10
    RenderBlock (anonymous) at (0,0) size 12x10
      RenderText {mo} at (0,-7) size 12x20
        text run at (0,-7) width 12: "\x{23A4}"
layer at (223,271) size 12x9 scrollHeight 13
  RenderMathMLBlock (flex) {mo} at (0,10) size 12x9
    RenderBlock (anonymous) at (0,0) size 12x9
layer at (223,280) size 12x9 scrollHeight 13
  RenderMathMLBlock (flex) {mo} at (0,19) size 12x9
    RenderBlock (anonymous) at (0,0) size 12x9
layer at (223,289) size 12x9 scrollHeight 13
  RenderMathMLBlock (flex) {mo} at (0,28) size 12x9
    RenderBlock (anonymous) at (0,0) size 12x9
layer at (223,298) size 12x9 scrollHeight 13
  RenderMathMLBlock (flex) {mo} at (0,37) size 12x9
    RenderBlock (anonymous) at (0,0) size 12x9
layer at (223,307) size 12x9 scrollHeight 13
  RenderMathMLBlock (flex) {mo} at (0,46) size 12x9
    RenderBlock (anonymous) at (0,0) size 12x9
layer at (223,316) size 12x9 scrollHeight 13
  RenderMathMLBlock (flex) {mo} at (0,55) size 12x9
    RenderBlock (anonymous) at (0,0) size 12x9
layer at (223,325) size 12x9 scrollHeight 13
  RenderMathMLBlock (flex) {mo} at (0,64) size 12x9
    RenderBlock (anonymous) at (0,0) size 12x9
layer at (223,334) size 12x9 scrollHeight 13
  RenderMathMLBlock (flex) {mo} at (0,73) size 12x9
    RenderBlock (anonymous) at (0,0) size 12x9
layer at (223,343) size 12x9 scrollHeight 13
  RenderMathMLBlock (flex) {mo} at (0,82) size 12x9
    RenderBlock (anonymous) at (0,0) size 12x9
layer at (223,352) size 12x9 scrollHeight 13
  RenderMathMLBlock (flex) {mo} at (0,91) size 12x9
    RenderBlock (anonymous) at (0,0) size 12x9
layer at (223,361) size 12x9 scrollHeight 13
  RenderMathMLBlock (flex) {mo} at (0,100) size 12x9
    RenderBlock (anonymous) at (0,0) size 12x9
layer at (223,370) size 12x9 scrollHeight 13
  RenderMathMLBlock (flex) {mo} at (0,109) size 12x9
    RenderBlock (anonymous) at (0,0) size 12x9
layer at (223,379) size 12x9 scrollHeight 13
  RenderMathMLBlock (flex) {mo} at (0,118) size 12x9
    RenderBlock (anonymous) at (0,0) size 12x9
layer at (223,388) size 12x5 scrollHeight 13
  RenderMathMLBlock (flex) {mo} at (0,127) size 12x5
    RenderBlock (anonymous) at (0,0) size 12x5
layer at (223,393) size 12x10 scrollHeight 13
  RenderMathMLBlock (flex) {mo} at (0,132) size 12x10
    RenderBlock (anonymous) at (0,0) size 12x10
layer at (245,261) size 12x10 scrollHeight 13
  RenderMathMLBlock (flex) {mo} at (0,0) size 12x10
    RenderBlock (anonymous) at (0,0) size 12x10
      RenderText {mo} at (0,-7) size 12x20
        text run at (0,-7) width 12: "\x{239B}"
layer at (245,271) size 12x9 scrollHeight 13
  RenderMathMLBlock (flex) {mo} at (0,10) size 12x9
    RenderBlock (anonymous) at (0,0) size 12x9
layer at (245,280) size 12x9 scrollHeight 13
  RenderMathMLBlock (flex) {mo} at (0,19) size 12x9
    RenderBlock (anonymous) at (0,0) size 12x9
layer at (245,289) size 12x9 scrollHeight 13
  RenderMathMLBlock (flex) {mo} at (0,28) size 12x9
    RenderBlock (anonymous) at (0,0) size 12x9
layer at (245,298) size 12x9 scrollHeight 13
  RenderMathMLBlock (flex) {mo} at (0,37) size 12x9
    RenderBlock (anonymous) at (0,0) size 12x9
layer at (245,307) size 12x9 scrollHeight 13
  RenderMathMLBlock (flex) {mo} at (0,46) size 12x9
    RenderBlock (anonymous) at (0,0) size 12x9
layer at (245,316) size 12x9 scrollHeight 13
  RenderMathMLBlock (flex) {mo} at (0,55) size 12x9
    RenderBlock (anonymous) at (0,0) size 12x9
layer at (245,325) size 12x9 scrollHeight 13
  RenderMathMLBlock (flex) {mo} at (0,64) size 12x9
    RenderBlock (anonymous) at (0,0) size 12x9
layer at (245,334) size 12x9 scrollHeight 13
  RenderMathMLBlock (flex) {mo} at (0,73) size 12x9
    RenderBlock (anonymous) at (0,0) size 12x9
layer at (245,343) size 12x9 scrollHeight 13
  RenderMathMLBlock (flex) {mo} at (0,82) size 12x9
    RenderBlock (anonymous) at (0,0) size 12x9
layer at (245,352) size 12x9 scrollHeight 13
  RenderMathMLBlock (flex) {mo} at (0,91) size 12x9
    RenderBlock (anonymous) at (0,0) size 12x9
layer at (245,361) size 12x9 scrollHeight 13
  RenderMathMLBlock (flex) {mo} at (0,100) size 12x9
    RenderBlock (anonymous) at (0,0) size 12x9
layer at (245,370) size 12x9 scrollHeight 13
  RenderMathMLBlock (flex) {mo} at (0,109) size 12x9
    RenderBlock (anonymous) at (0,0) size 12x9
layer at (245,379) size 12x9 scrollHeight 13
  RenderMathMLBlock (flex) {mo} at (0,118) size 12x9
    RenderBlock (anonymous) at (0,0) size 12x9
layer at (245,388) size 12x5 scrollHeight 13
  RenderMathMLBlock (flex) {mo} at (0,127) size 12x5
    RenderBlock (anonymous) at (0,0) size 12x5
layer at (245,393) size 12x10 scrollHeight 13
  RenderMathMLBlock (flex) {mo} at (0,132) size 12x10
    RenderBlock (anonymous) at (0,0) size 12x10
layer at (317,261) size 12x10 scrollHeight 13
  RenderMathMLBlock (flex) {mo} at (0,0) size 12x10
    RenderBlock (anonymous) at (0,0) size 12x10
      RenderText {mo} at (0,-7) size 12x20
        text run at (0,-7) width 12: "\x{239E}"
layer at (317,271) size 12x9 scrollHeight 13
  RenderMathMLBlock (flex) {mo} at (0,10) size 12x9
    RenderBlock (anonymous) at (0,0) size 12x9
layer at (317,280) size 12x9 scrollHeight 13
  RenderMathMLBlock (flex) {mo} at (0,19) size 12x9
    RenderBlock (anonymous) at (0,0) size 12x9
layer at (317,289) size 12x9 scrollHeight 13
  RenderMathMLBlock (flex) {mo} at (0,28) size 12x9
    RenderBlock (anonymous) at (0,0) size 12x9
layer at (317,298) size 12x9 scrollHeight 13
  RenderMathMLBlock (flex) {mo} at (0,37) size 12x9
    RenderBlock (anonymous) at (0,0) size 12x9
layer at (317,307) size 12x9 scrollHeight 13
  RenderMathMLBlock (flex) {mo} at (0,46) size 12x9
    RenderBlock (anonymous) at (0,0) size 12x9
layer at (317,316) size 12x9 scrollHeight 13
  RenderMathMLBlock (flex) {mo} at (0,55) size 12x9
    RenderBlock (anonymous) at (0,0) size 12x9
layer at (317,325) size 12x9 scrollHeight 13
  RenderMathMLBlock (flex) {mo} at (0,64) size 12x9
    RenderBlock (anonymous) at (0,0) size 12x9
layer at (317,334) size 12x9 scrollHeight 13
  RenderMathMLBlock (flex) {mo} at (0,73) size 12x9
    RenderBlock (anonymous) at (0,0) size 12x9
layer at (317,343) size 12x9 scrollHeight 13
  RenderMathMLBlock (flex) {mo} at (0,82) size 12x9
    RenderBlock (anonymous) at (0,0) size 12x9
layer at (317,352) size 12x9 scrollHeight 13
  RenderMathMLBlock (flex) {mo} at (0,91) size 12x9
    RenderBlock (anonymous) at (0,0) size 12x9
layer at (317,361) size 12x9 scrollHeight 13
  RenderMathMLBlock (flex) {mo} at (0,100) size 12x9
    RenderBlock (anonymous) at (0,0) size 12x9
layer at (317,370) size 12x9 scrollHeight 13
  RenderMathMLBlock (flex) {mo} at (0,109) size 12x9
    RenderBlock (anonymous) at (0,0) size 12x9
layer at (317,379) size 12x9 scrollHeight 13
  RenderMathMLBlock (flex) {mo} at (0,118) size 12x9
    RenderBlock (anonymous) at (0,0) size 12x9
layer at (317,388) size 12x5 scrollHeight 13
  RenderMathMLBlock (flex) {mo} at (0,127) size 12x5
    RenderBlock (anonymous) at (0,0) size 12x5
layer at (317,393) size 12x10 scrollHeight 13
  RenderMathMLBlock (flex) {mo} at (0,132) size 12x10
    RenderBlock (anonymous) at (0,0) size 12x10
layer at (339,261) size 12x10 scrollHeight 13
  RenderMathMLBlock (flex) {mo} at (0,0) size 12x10
    RenderBlock (anonymous) at (0,0) size 12x10
      RenderText {mo} at (0,-7) size 12x20
        text run at (0,-7) width 12: "\x{23AA}"
layer at (339,271) size 12x9 scrollHeight 13
  RenderMathMLBlock (flex) {mo} at (0,10) size 12x9
    RenderBlock (anonymous) at (0,0) size 12x9
layer at (339,280) size 12x9 scrollHeight 13
  RenderMathMLBlock (flex) {mo} at (0,19) size 12x9
    RenderBlock (anonymous) at (0,0) size 12x9
layer at (339,289) size 12x9 scrollHeight 13
  RenderMathMLBlock (flex) {mo} at (0,28) size 12x9
    RenderBlock (anonymous) at (0,0) size 12x9
layer at (339,298) size 12x9 scrollHeight 13
  RenderMathMLBlock (flex) {mo} at (0,37) size 12x9
    RenderBlock (anonymous) at (0,0) size 12x9
layer at (339,307) size 12x9 scrollHeight 13
  RenderMathMLBlock (flex) {mo} at (0,46) size 12x9
    RenderBlock (anonymous) at (0,0) size 12x9
layer at (339,316) size 12x9 scrollHeight 13
  RenderMathMLBlock (flex) {mo} at (0,55) size 12x9
    RenderBlock (anonymous) at (0,0) size 12x9
layer at (339,325) size 12x9 scrollHeight 13
  RenderMathMLBlock (flex) {mo} at (0,64) size 12x9
    RenderBlock (anonymous) at (0,0) size 12x9
layer at (339,334) size 12x9 scrollHeight 13
  RenderMathMLBlock (flex) {mo} at (0,73) size 12x9
    RenderBlock (anonymous) at (0,0) size 12x9
layer at (339,343) size 12x9 scrollHeight 13
  RenderMathMLBlock (flex) {mo} at (0,82) size 12x9
    RenderBlock (anonymous) at (0,0) size 12x9
layer at (339,352) size 12x9 scrollHeight 13
  RenderMathMLBlock (flex) {mo} at (0,91) size 12x9
    RenderBlock (anonymous) at (0,0) size 12x9
layer at (339,361) size 12x9 scrollHeight 13
  RenderMathMLBlock (flex) {mo} at (0,100) size 12x9
    RenderBlock (anonymous) at (0,0) size 12x9
layer at (339,370) size 12x9 scrollHeight 13
  RenderMathMLBlock (flex) {mo} at (0,109) size 12x9
    RenderBlock (anonymous) at (0,0) size 12x9
layer at (339,379) size 12x9 scrollHeight 13
  RenderMathMLBlock (flex) {mo} at (0,118) size 12x9
    RenderBlock (anonymous) at (0,0) size 12x9
layer at (339,388) size 12x5 scrollHeight 13
  RenderMathMLBlock (flex) {mo} at (0,127) size 12x5
    RenderBlock (anonymous) at (0,0) size 12x5
layer at (339,393) size 12x10 scrollHeight 13
  RenderMathMLBlock (flex) {mo} at (0,132) size 12x10
    RenderBlock (anonymous) at (0,0) size 12x10
layer at (411,261) size 12x10 scrollHeight 13
  RenderMathMLBlock (flex) {mo} at (0,0) size 12x10
    RenderBlock (anonymous) at (0,0) size 12x10
      RenderText {mo} at (0,-7) size 12x20
        text run at (0,-7) width 12: "\x{23AA}"
layer at (411,271) size 12x9 scrollHeight 13
  RenderMathMLBlock (flex) {mo} at (0,10) size 12x9
    RenderBlock (anonymous) at (0,0) size 12x9
layer at (411,280) size 12x9 scrollHeight 13
  RenderMathMLBlock (flex) {mo} at (0,19) size 12x9
    RenderBlock (anonymous) at (0,0) size 12x9
layer at (411,289) size 12x9 scrollHeight 13
  RenderMathMLBlock (flex) {mo} at (0,28) size 12x9
    RenderBlock (anonymous) at (0,0) size 12x9
layer at (411,298) size 12x9 scrollHeight 13
  RenderMathMLBlock (flex) {mo} at (0,37) size 12x9
    RenderBlock (anonymous) at (0,0) size 12x9
layer at (411,307) size 12x9 scrollHeight 13
  RenderMathMLBlock (flex) {mo} at (0,46) size 12x9
    RenderBlock (anonymous) at (0,0) size 12x9
layer at (411,316) size 12x9 scrollHeight 13
  RenderMathMLBlock (flex) {mo} at (0,55) size 12x9
    RenderBlock (anonymous) at (0,0) size 12x9
layer at (411,325) size 12x9 scrollHeight 13
  RenderMathMLBlock (flex) {mo} at (0,64) size 12x9
    RenderBlock (anonymous) at (0,0) size 12x9
layer at (411,334) size 12x9 scrollHeight 13
  RenderMathMLBlock (flex) {mo} at (0,73) size 12x9
    RenderBlock (anonymous) at (0,0) size 12x9
layer at (411,343) size 12x9 scrollHeight 13
  RenderMathMLBlock (flex) {mo} at (0,82) size 12x9
    RenderBlock (anonymous) at (0,0) size 12x9
layer at (411,352) size 12x9 scrollHeight 13
  RenderMathMLBlock (flex) {mo} at (0,91) size 12x9
    RenderBlock (anonymous) at (0,0) size 12x9
layer at (411,361) size 12x9 scrollHeight 13
  RenderMathMLBlock (flex) {mo} at (0,100) size 12x9
    RenderBlock (anonymous) at (0,0) size 12x9
layer at (411,370) size 12x9 scrollHeight 13
  RenderMathMLBlock (flex) {mo} at (0,109) size 12x9
    RenderBlock (anonymous) at (0,0) size 12x9
layer at (411,379) size 12x9 scrollHeight 13
  RenderMathMLBlock (flex) {mo} at (0,118) size 12x9
    RenderBlock (anonymous) at (0,0) size 12x9
layer at (411,388) size 12x5 scrollHeight 13
  RenderMathMLBlock (flex) {mo} at (0,127) size 12x5
    RenderBlock (anonymous) at (0,0) size 12x5
layer at (411,393) size 12x10 scrollHeight 13
  RenderMathMLBlock (flex) {mo} at (0,132) size 12x10
    RenderBlock (anonymous) at (0,0) size 12x10
layer at (432,261) size 12x16
  RenderMathMLBlock (flex) {mo} at (0,0) size 12x16
    RenderBlock (anonymous) at (0,0) size 7x16
      RenderText {mo} at (0,-4) size 7x20
        text run at (0,-4) width 7: "\x{2320}"
layer at (432,277) size 12x9 scrollHeight 13
  RenderMathMLBlock (flex) {mo} at (0,16) size 12x9
    RenderBlock (anonymous) at (0,0) size 12x9
layer at (432,286) size 12x9 scrollHeight 13
  RenderMathMLBlock (flex) {mo} at (0,25) size 12x9
    RenderBlock (anonymous) at (0,0) size 12x9
layer at (432,295) size 12x9 scrollHeight 13
  RenderMathMLBlock (flex) {mo} at (0,34) size 12x9
    RenderBlock (anonymous) at (0,0) size 12x9
layer at (432,304) size 12x9 scrollHeight 13
  RenderMathMLBlock (flex) {mo} at (0,43) size 12x9
    RenderBlock (anonymous) at (0,0) size 12x9
layer at (432,313) size 12x9 scrollHeight 13
  RenderMathMLBlock (flex) {mo} at (0,52) size 12x9
    RenderBlock (anonymous) at (0,0) size 12x9
layer at (432,322) size 12x9 scrollHeight 13
  RenderMathMLBlock (flex) {mo} at (0,61) size 12x9
    RenderBlock (anonymous) at (0,0) size 12x9
layer at (432,331) size 12x9 scrollHeight 13
  RenderMathMLBlock (flex) {mo} at (0,70) size 12x9
    RenderBlock (anonymous) at (0,0) size 12x9
layer at (432,340) size 12x9 scrollHeight 13
  RenderMathMLBlock (flex) {mo} at (0,79) size 12x9
    RenderBlock (anonymous) at (0,0) size 12x9
layer at (432,349) size 12x9 scrollHeight 13
  RenderMathMLBlock (flex) {mo} at (0,88) size 12x9
    RenderBlock (anonymous) at (0,0) size 12x9
layer at (432,358) size 12x9 scrollHeight 13
  RenderMathMLBlock (flex) {mo} at (0,97) size 12x9
    RenderBlock (anonymous) at (0,0) size 12x9
layer at (432,367) size 12x9 scrollHeight 13
  RenderMathMLBlock (flex) {mo} at (0,106) size 12x9
    RenderBlock (anonymous) at (0,0) size 12x9
layer at (432,376) size 12x9 scrollHeight 13
  RenderMathMLBlock (flex) {mo} at (0,115) size 12x9
    RenderBlock (anonymous) at (0,0) size 12x9
layer at (432,385) size 12x2 scrollHeight 13
  RenderMathMLBlock (flex) {mo} at (0,124) size 12x2
    RenderBlock (anonymous) at (0,0) size 12x2
layer at (432,387) size 12x16
  RenderMathMLBlock (flex) {mo} at (0,126) size 12x16
    RenderBlock (anonymous) at (0,0) size 7x16
layer at (49,419) size 12x10 scrollHeight 13
  RenderMathMLBlock (flex) {mo} at (0,0) size 12x10
    RenderBlock (anonymous) at (0,0) size 12x10
      RenderText {mo} at (0,-7) size 12x20
        text run at (0,-7) width 12: "\x{239B}"
layer at (49,429) size 12x9 scrollHeight 13
  RenderMathMLBlock (flex) {mo} at (0,10) size 12x9
    RenderBlock (anonymous) at (0,0) size 12x9
layer at (49,438) size 12x9 scrollHeight 13
  RenderMathMLBlock (flex) {mo} at (0,19) size 12x9
    RenderBlock (anonymous) at (0,0) size 12x9
layer at (49,447) size 12x8 scrollHeight 13
  RenderMathMLBlock (flex) {mo} at (0,28) size 12x8
    RenderBlock (anonymous) at (0,0) size 12x8
layer at (49,455) size 12x10 scrollHeight 13
  RenderMathMLBlock (flex) {mo} at (0,36) size 12x10
    RenderBlock (anonymous) at (0,0) size 12x10
layer at (228,419) size 12x10 scrollHeight 13
  RenderMathMLBlock (flex) {mo} at (0,0) size 12x10
    RenderBlock (anonymous) at (0,0) size 12x10
      RenderText {mo} at (0,-7) size 12x20
        text run at (0,-7) width 12: "\x{239E}"
layer at (228,429) size 12x9 scrollHeight 13
  RenderMathMLBlock (flex) {mo} at (0,10) size 12x9
    RenderBlock (anonymous) at (0,0) size 12x9
layer at (228,438) size 12x9 scrollHeight 13
  RenderMathMLBlock (flex) {mo} at (0,19) size 12x9
    RenderBlock (anonymous) at (0,0) size 12x9
layer at (228,447) size 12x8 scrollHeight 13
  RenderMathMLBlock (flex) {mo} at (0,28) size 12x8
    RenderBlock (anonymous) at (0,0) size 12x8
layer at (228,455) size 12x10 scrollHeight 13
  RenderMathMLBlock (flex) {mo} at (0,36) size 12x10
    RenderBlock (anonymous) at (0,0) size 12x10
layer at (113,102) size 12x11 backgroundClip at (113,103) size 12x7 clip at (113,103) size 12x7 outlineClip at (113,103) size 12x7
  RenderBlock (relative positioned) {mo} at (0,0) size 12x11
    RenderText {mo} at (0,-7) size 12x20
      text run at (0,-7) width 12: "\x{23A2}"
layer at (113,109) size 12x11 backgroundClip at (113,110) size 12x10 clip at (113,110) size 12x10 outlineClip at (113,110) size 12x10
  RenderBlock (relative positioned) {mo} at (0,0) size 12x11
    RenderText {mo} at (0,-7) size 12x20
      text run at (0,-7) width 12: "\x{23A3}"
layer at (161,102) size 12x11 backgroundClip at (161,103) size 12x7 clip at (161,103) size 12x7 outlineClip at (161,103) size 12x7
  RenderBlock (relative positioned) {mo} at (0,0) size 12x11
    RenderText {mo} at (0,-7) size 12x20
      text run at (0,-7) width 12: "\x{23A5}"
layer at (161,109) size 12x11 backgroundClip at (161,110) size 12x10 clip at (161,110) size 12x10 outlineClip at (161,110) size 12x10
  RenderBlock (relative positioned) {mo} at (0,0) size 12x11
    RenderText {mo} at (0,-7) size 12x20
      text run at (0,-7) width 12: "\x{23A6}"
layer at (183,102) size 12x11 backgroundClip at (183,103) size 12x7 clip at (183,103) size 12x7 outlineClip at (183,103) size 12x7
  RenderBlock (relative positioned) {mo} at (0,0) size 12x11
    RenderText {mo} at (0,-7) size 12x20
      text run at (0,-7) width 12: "\x{239C}"
layer at (183,109) size 12x11 backgroundClip at (183,110) size 12x10 clip at (183,110) size 12x10 outlineClip at (183,110) size 12x10
  RenderBlock (relative positioned) {mo} at (0,0) size 12x11
    RenderText {mo} at (0,-7) size 12x20
      text run at (0,-7) width 12: "\x{239D}"
layer at (231,102) size 12x11 backgroundClip at (231,103) size 12x7 clip at (231,103) size 12x7 outlineClip at (231,103) size 12x7
  RenderBlock (relative positioned) {mo} at (0,0) size 12x11
    RenderText {mo} at (0,-7) size 12x20
      text run at (0,-7) width 12: "\x{239F}"
layer at (231,109) size 12x11 backgroundClip at (231,110) size 12x10 clip at (231,110) size 12x10 outlineClip at (231,110) size 12x10
  RenderBlock (relative positioned) {mo} at (0,0) size 12x11
    RenderText {mo} at (0,-7) size 12x20
      text run at (0,-7) width 12: "\x{23A0}"
layer at (253,102) size 12x11 backgroundClip at (253,103) size 12x7 clip at (253,103) size 12x7 outlineClip at (253,103) size 12x7
  RenderBlock (relative positioned) {mo} at (0,0) size 12x11
    RenderText {mo} at (0,-7) size 12x20
      text run at (0,-7) width 12: "\x{23AA}"
layer at (253,109) size 12x11 backgroundClip at (253,110) size 12x10 clip at (253,110) size 12x10 outlineClip at (253,110) size 12x10
  RenderBlock (relative positioned) {mo} at (0,0) size 12x11
    RenderText {mo} at (0,-7) size 12x20
      text run at (0,-7) width 12: "\x{23AA}"
layer at (301,102) size 12x11 backgroundClip at (301,103) size 12x7 clip at (301,103) size 12x7 outlineClip at (301,103) size 12x7
  RenderBlock (relative positioned) {mo} at (0,0) size 12x11
    RenderText {mo} at (0,-7) size 12x20
      text run at (0,-7) width 12: "\x{23AA}"
layer at (301,109) size 12x11 backgroundClip at (301,110) size 12x10 clip at (301,110) size 12x10 outlineClip at (301,110) size 12x10
  RenderBlock (relative positioned) {mo} at (0,0) size 12x11
    RenderText {mo} at (0,-7) size 12x20
      text run at (0,-7) width 12: "\x{23AA}"
layer at (49,145) size 12x11 backgroundClip at (49,146) size 12x4 clip at (49,146) size 12x4 outlineClip at (49,146) size 12x4
  RenderBlock (relative positioned) {mo} at (0,0) size 12x11
    RenderText {mo} at (0,-7) size 12x20
      text run at (0,-7) width 12: "\x{23AA}"
layer at (49,149) size 12x11 backgroundClip at (49,150) size 12x9 clip at (49,150) size 12x9 outlineClip at (49,150) size 12x9
  RenderBlock (relative positioned) {mo} at (0,0) size 12x11
    RenderText {mo} at (0,-7) size 12x20
      text run at (0,-7) width 12: "\x{23A8}"
layer at (49,158) size 12x11 backgroundClip at (49,159) size 12x4 clip at (49,159) size 12x4 outlineClip at (49,159) size 12x4
  RenderBlock (relative positioned) {mo} at (0,0) size 12x11
    RenderText {mo} at (0,-7) size 12x20
      text run at (0,-7) width 12: "\x{23AA}"
layer at (49,162) size 12x11 backgroundClip at (49,163) size 12x10 clip at (49,163) size 12x10 outlineClip at (49,163) size 12x10
  RenderBlock (relative positioned) {mo} at (0,0) size 12x11
    RenderText {mo} at (0,-7) size 12x20
      text run at (0,-7) width 12: "\x{23A9}"
layer at (105,145) size 12x11 backgroundClip at (105,146) size 12x4 clip at (105,146) size 12x4 outlineClip at (105,146) size 12x4
  RenderBlock (relative positioned) {mo} at (0,0) size 12x11
    RenderText {mo} at (0,-7) size 12x20
      text run at (0,-7) width 12: "\x{23AA}"
layer at (105,149) size 12x11 backgroundClip at (105,150) size 12x9 clip at (105,150) size 12x9 outlineClip at (105,150) size 12x9
  RenderBlock (relative positioned) {mo} at (0,0) size 12x11
    RenderText {mo} at (0,-7) size 12x20
      text run at (0,-7) width 12: "\x{23AC}"
layer at (105,158) size 12x11 backgroundClip at (105,159) size 12x4 clip at (105,159) size 12x4 outlineClip at (105,159) size 12x4
  RenderBlock (relative positioned) {mo} at (0,0) size 12x11
    RenderText {mo} at (0,-7) size 12x20
      text run at (0,-7) width 12: "\x{23AA}"
layer at (105,162) size 12x11 backgroundClip at (105,163) size 12x10 clip at (105,163) size 12x10 outlineClip at (105,163) size 12x10
  RenderBlock (relative positioned) {mo} at (0,0) size 12x11
    RenderText {mo} at (0,-7) size 12x20
      text run at (0,-7) width 12: "\x{23AD}"
layer at (127,145) size 12x11 backgroundClip at (127,146) size 12x9 clip at (127,146) size 12x9 outlineClip at (127,146) size 12x9
  RenderBlock (relative positioned) {mo} at (0,0) size 12x11
    RenderText {mo} at (0,-7) size 12x20
      text run at (0,-7) width 12: "\x{23A2}"
layer at (127,154) size 12x11 backgroundClip at (127,155) size 12x8 clip at (127,155) size 12x8 outlineClip at (127,155) size 12x8
  RenderBlock (relative positioned) {mo} at (0,0) size 12x11
    RenderText {mo} at (0,-7) size 12x20
      text run at (0,-7) width 12: "\x{23A2}"
layer at (127,162) size 12x11 backgroundClip at (127,163) size 12x10 clip at (127,163) size 12x10 outlineClip at (127,163) size 12x10
  RenderBlock (relative positioned) {mo} at (0,0) size 12x11
    RenderText {mo} at (0,-7) size 12x20
      text run at (0,-7) width 12: "\x{23A3}"
layer at (183,145) size 12x11 backgroundClip at (183,146) size 12x9 clip at (183,146) size 12x9 outlineClip at (183,146) size 12x9
  RenderBlock (relative positioned) {mo} at (0,0) size 12x11
    RenderText {mo} at (0,-7) size 12x20
      text run at (0,-7) width 12: "\x{23A5}"
layer at (183,154) size 12x11 backgroundClip at (183,155) size 12x8 clip at (183,155) size 12x8 outlineClip at (183,155) size 12x8
  RenderBlock (relative positioned) {mo} at (0,0) size 12x11
    RenderText {mo} at (0,-7) size 12x20
      text run at (0,-7) width 12: "\x{23A5}"
layer at (183,162) size 12x11 backgroundClip at (183,163) size 12x10 clip at (183,163) size 12x10 outlineClip at (183,163) size 12x10
  RenderBlock (relative positioned) {mo} at (0,0) size 12x11
    RenderText {mo} at (0,-7) size 12x20
      text run at (0,-7) width 12: "\x{23A6}"
layer at (205,145) size 12x11 backgroundClip at (205,146) size 12x9 clip at (205,146) size 12x9 outlineClip at (205,146) size 12x9
  RenderBlock (relative positioned) {mo} at (0,0) size 12x11
    RenderText {mo} at (0,-7) size 12x20
      text run at (0,-7) width 12: "\x{239C}"
layer at (205,154) size 12x11 backgroundClip at (205,155) size 12x8 clip at (205,155) size 12x8 outlineClip at (205,155) size 12x8
  RenderBlock (relative positioned) {mo} at (0,0) size 12x11
    RenderText {mo} at (0,-7) size 12x20
      text run at (0,-7) width 12: "\x{239C}"
layer at (205,162) size 12x11 backgroundClip at (205,163) size 12x10 clip at (205,163) size 12x10 outlineClip at (205,163) size 12x10
  RenderBlock (relative positioned) {mo} at (0,0) size 12x11
    RenderText {mo} at (0,-7) size 12x20
      text run at (0,-7) width 12: "\x{239D}"
layer at (261,145) size 12x11 backgroundClip at (261,146) size 12x9 clip at (261,146) size 12x9 outlineClip at (261,146) size 12x9
  RenderBlock (relative positioned) {mo} at (0,0) size 12x11
    RenderText {mo} at (0,-7) size 12x20
      text run at (0,-7) width 12: "\x{239F}"
layer at (261,154) size 12x11 backgroundClip at (261,155) size 12x8 clip at (261,155) size 12x8 outlineClip at (261,155) size 12x8
  RenderBlock (relative positioned) {mo} at (0,0) size 12x11
    RenderText {mo} at (0,-7) size 12x20
      text run at (0,-7) width 12: "\x{239F}"
layer at (261,162) size 12x11 backgroundClip at (261,163) size 12x10 clip at (261,163) size 12x10 outlineClip at (261,163) size 12x10
  RenderBlock (relative positioned) {mo} at (0,0) size 12x11
    RenderText {mo} at (0,-7) size 12x20
      text run at (0,-7) width 12: "\x{23A0}"
layer at (283,145) size 12x11 backgroundClip at (283,146) size 12x9 clip at (283,146) size 12x9 outlineClip at (283,146) size 12x9
  RenderBlock (relative positioned) {mo} at (0,0) size 12x11
    RenderText {mo} at (0,-7) size 12x20
      text run at (0,-7) width 12: "\x{23AA}"
layer at (283,154) size 12x11 backgroundClip at (283,155) size 12x8 clip at (283,155) size 12x8 outlineClip at (283,155) size 12x8
  RenderBlock (relative positioned) {mo} at (0,0) size 12x11
    RenderText {mo} at (0,-7) size 12x20
      text run at (0,-7) width 12: "\x{23AA}"
layer at (283,162) size 12x11 backgroundClip at (283,163) size 12x10 clip at (283,163) size 12x10 outlineClip at (283,163) size 12x10
  RenderBlock (relative positioned) {mo} at (0,0) size 12x11
    RenderText {mo} at (0,-7) size 12x20
      text run at (0,-7) width 12: "\x{23AA}"
layer at (339,145) size 12x11 backgroundClip at (339,146) size 12x9 clip at (339,146) size 12x9 outlineClip at (339,146) size 12x9
  RenderBlock (relative positioned) {mo} at (0,0) size 12x11
    RenderText {mo} at (0,-7) size 12x20
      text run at (0,-7) width 12: "\x{23AA}"
layer at (339,154) size 12x11 backgroundClip at (339,155) size 12x8 clip at (339,155) size 12x8 outlineClip at (339,155) size 12x8
  RenderBlock (relative positioned) {mo} at (0,0) size 12x11
    RenderText {mo} at (0,-7) size 12x20
      text run at (0,-7) width 12: "\x{23AA}"
layer at (339,162) size 12x11 backgroundClip at (339,163) size 12x10 clip at (339,163) size 12x10 outlineClip at (339,163) size 12x10
  RenderBlock (relative positioned) {mo} at (0,0) size 12x11
    RenderText {mo} at (0,-7) size 12x20
      text run at (0,-7) width 12: "\x{23AA}"
layer at (360,151) size 12x11 backgroundClip at (360,152) size 12x5 clip at (360,152) size 12x5 outlineClip at (360,152) size 12x5
  RenderBlock (relative positioned) {mo} at (0,0) size 12x11
    RenderText {mo} at (0,-7) size 12x20
      text run at (0,-7) width 12: "\x{23AE}"
layer at (360,156) size 7x16 backgroundClip at (360,157) size 12x16 clip at (360,157) size 12x16 outlineClip at (360,157) size 12x16
  RenderBlock (relative positioned) {mo} at (0,0) size 7x16
    RenderText {mo} at (0,-4) size 7x20
      text run at (0,-4) width 7: "\x{2321}"
layer at (49,198) size 12x11 backgroundClip at (49,199) size 12x9 clip at (49,199) size 12x9 outlineClip at (49,199) size 12x9
  RenderBlock (relative positioned) {mo} at (0,0) size 12x11
    RenderText {mo} at (0,-7) size 12x20
      text run at (0,-7) width 12: "\x{23AA}"
layer at (49,207) size 12x11 backgroundClip at (49,208) size 12x4 clip at (49,208) size 12x4 outlineClip at (49,208) size 12x4
  RenderBlock (relative positioned) {mo} at (0,0) size 12x11
    RenderText {mo} at (0,-7) size 12x20
      text run at (0,-7) width 12: "\x{23AA}"
layer at (49,211) size 12x11 backgroundClip at (49,212) size 12x9 clip at (49,212) size 12x9 outlineClip at (49,212) size 12x9
  RenderBlock (relative positioned) {mo} at (0,0) size 12x11
    RenderText {mo} at (0,-7) size 12x20
      text run at (0,-7) width 12: "\x{23A8}"
layer at (49,220) size 12x11 backgroundClip at (49,221) size 12x9 clip at (49,221) size 12x9 outlineClip at (49,221) size 12x9
  RenderBlock (relative positioned) {mo} at (0,0) size 12x11
    RenderText {mo} at (0,-7) size 12x20
      text run at (0,-7) width 12: "\x{23AA}"
layer at (49,229) size 12x11 backgroundClip at (49,230) size 12x5 clip at (49,230) size 12x5 outlineClip at (49,230) size 12x5
  RenderBlock (relative positioned) {mo} at (0,0) size 12x11
    RenderText {mo} at (0,-7) size 12x20
      text run at (0,-7) width 12: "\x{23AA}"
layer at (49,234) size 12x11 backgroundClip at (49,235) size 12x10 clip at (49,235) size 12x10 outlineClip at (49,235) size 12x10
  RenderBlock (relative positioned) {mo} at (0,0) size 12x11
    RenderText {mo} at (0,-7) size 12x20
      text run at (0,-7) width 12: "\x{23A9}"
layer at (121,198) size 12x11 backgroundClip at (121,199) size 12x9 clip at (121,199) size 12x9 outlineClip at (121,199) size 12x9
  RenderBlock (relative positioned) {mo} at (0,0) size 12x11
    RenderText {mo} at (0,-7) size 12x20
      text run at (0,-7) width 12: "\x{23AA}"
layer at (121,207) size 12x11 backgroundClip at (121,208) size 12x4 clip at (121,208) size 12x4 outlineClip at (121,208) size 12x4
  RenderBlock (relative positioned) {mo} at (0,0) size 12x11
    RenderText {mo} at (0,-7) size 12x20
      text run at (0,-7) width 12: "\x{23AA}"
layer at (121,211) size 12x11 backgroundClip at (121,212) size 12x9 clip at (121,212) size 12x9 outlineClip at (121,212) size 12x9
  RenderBlock (relative positioned) {mo} at (0,0) size 12x11
    RenderText {mo} at (0,-7) size 12x20
      text run at (0,-7) width 12: "\x{23AC}"
layer at (121,220) size 12x11 backgroundClip at (121,221) size 12x9 clip at (121,221) size 12x9 outlineClip at (121,221) size 12x9
  RenderBlock (relative positioned) {mo} at (0,0) size 12x11
    RenderText {mo} at (0,-7) size 12x20
      text run at (0,-7) width 12: "\x{23AA}"
layer at (121,229) size 12x11 backgroundClip at (121,230) size 12x5 clip at (121,230) size 12x5 outlineClip at (121,230) size 12x5
  RenderBlock (relative positioned) {mo} at (0,0) size 12x11
    RenderText {mo} at (0,-7) size 12x20
      text run at (0,-7) width 12: "\x{23AA}"
layer at (121,234) size 12x11 backgroundClip at (121,235) size 12x10 clip at (121,235) size 12x10 outlineClip at (121,235) size 12x10
  RenderBlock (relative positioned) {mo} at (0,0) size 12x11
    RenderText {mo} at (0,-7) size 12x20
      text run at (0,-7) width 12: "\x{23AD}"
layer at (143,198) size 12x11 backgroundClip at (143,199) size 12x9 clip at (143,199) size 12x9 outlineClip at (143,199) size 12x9
  RenderBlock (relative positioned) {mo} at (0,0) size 12x11
    RenderText {mo} at (0,-7) size 12x20
      text run at (0,-7) width 12: "\x{23A2}"
layer at (143,207) size 12x11 backgroundClip at (143,208) size 12x9 clip at (143,208) size 12x9 outlineClip at (143,208) size 12x9
  RenderBlock (relative positioned) {mo} at (0,0) size 12x11
    RenderText {mo} at (0,-7) size 12x20
      text run at (0,-7) width 12: "\x{23A2}"
layer at (143,216) size 12x11 backgroundClip at (143,217) size 12x9 clip at (143,217) size 12x9 outlineClip at (143,217) size 12x9
  RenderBlock (relative positioned) {mo} at (0,0) size 12x11
    RenderText {mo} at (0,-7) size 12x20
      text run at (0,-7) width 12: "\x{23A2}"
layer at (143,225) size 12x11 backgroundClip at (143,226) size 12x9 clip at (143,226) size 12x9 outlineClip at (143,226) size 12x9
  RenderBlock (relative positioned) {mo} at (0,0) size 12x11
    RenderText {mo} at (0,-7) size 12x20
      text run at (0,-7) width 12: "\x{23A2}"
layer at (143,234) size 12x11 backgroundClip at (143,235) size 12x10 clip at (143,235) size 12x10 outlineClip at (143,235) size 12x10
  RenderBlock (relative positioned) {mo} at (0,0) size 12x11
    RenderText {mo} at (0,-7) size 12x20
      text run at (0,-7) width 12: "\x{23A3}"
layer at (215,198) size 12x11 backgroundClip at (215,199) size 12x9 clip at (215,199) size 12x9 outlineClip at (215,199) size 12x9
  RenderBlock (relative positioned) {mo} at (0,0) size 12x11
    RenderText {mo} at (0,-7) size 12x20
      text run at (0,-7) width 12: "\x{23A5}"
layer at (215,207) size 12x11 backgroundClip at (215,208) size 12x9 clip at (215,208) size 12x9 outlineClip at (215,208) size 12x9
  RenderBlock (relative positioned) {mo} at (0,0) size 12x11
    RenderText {mo} at (0,-7) size 12x20
      text run at (0,-7) width 12: "\x{23A5}"
layer at (215,216) size 12x11 backgroundClip at (215,217) size 12x9 clip at (215,217) size 12x9 outlineClip at (215,217) size 12x9
  RenderBlock (relative positioned) {mo} at (0,0) size 12x11
    RenderText {mo} at (0,-7) size 12x20
      text run at (0,-7) width 12: "\x{23A5}"
layer at (215,225) size 12x11 backgroundClip at (215,226) size 12x9 clip at (215,226) size 12x9 outlineClip at (215,226) size 12x9
  RenderBlock (relative positioned) {mo} at (0,0) size 12x11
    RenderText {mo} at (0,-7) size 12x20
      text run at (0,-7) width 12: "\x{23A5}"
layer at (215,234) size 12x11 backgroundClip at (215,235) size 12x10 clip at (215,235) size 12x10 outlineClip at (215,235) size 12x10
  RenderBlock (relative positioned) {mo} at (0,0) size 12x11
    RenderText {mo} at (0,-7) size 12x20
      text run at (0,-7) width 12: "\x{23A6}"
layer at (237,198) size 12x11 backgroundClip at (237,199) size 12x9 clip at (237,199) size 12x9 outlineClip at (237,199) size 12x9
  RenderBlock (relative positioned) {mo} at (0,0) size 12x11
    RenderText {mo} at (0,-7) size 12x20
      text run at (0,-7) width 12: "\x{239C}"
layer at (237,207) size 12x11 backgroundClip at (237,208) size 12x9 clip at (237,208) size 12x9 outlineClip at (237,208) size 12x9
  RenderBlock (relative positioned) {mo} at (0,0) size 12x11
    RenderText {mo} at (0,-7) size 12x20
      text run at (0,-7) width 12: "\x{239C}"
layer at (237,216) size 12x11 backgroundClip at (237,217) size 12x9 clip at (237,217) size 12x9 outlineClip at (237,217) size 12x9
  RenderBlock (relative positioned) {mo} at (0,0) size 12x11
    RenderText {mo} at (0,-7) size 12x20
      text run at (0,-7) width 12: "\x{239C}"
layer at (237,225) size 12x11 backgroundClip at (237,226) size 12x9 clip at (237,226) size 12x9 outlineClip at (237,226) size 12x9
  RenderBlock (relative positioned) {mo} at (0,0) size 12x11
    RenderText {mo} at (0,-7) size 12x20
      text run at (0,-7) width 12: "\x{239C}"
layer at (237,234) size 12x11 backgroundClip at (237,235) size 12x10 clip at (237,235) size 12x10 outlineClip at (237,235) size 12x10
  RenderBlock (relative positioned) {mo} at (0,0) size 12x11
    RenderText {mo} at (0,-7) size 12x20
      text run at (0,-7) width 12: "\x{239D}"
layer at (309,198) size 12x11 backgroundClip at (309,199) size 12x9 clip at (309,199) size 12x9 outlineClip at (309,199) size 12x9
  RenderBlock (relative positioned) {mo} at (0,0) size 12x11
    RenderText {mo} at (0,-7) size 12x20
      text run at (0,-7) width 12: "\x{239F}"
layer at (309,207) size 12x11 backgroundClip at (309,208) size 12x9 clip at (309,208) size 12x9 outlineClip at (309,208) size 12x9
  RenderBlock (relative positioned) {mo} at (0,0) size 12x11
    RenderText {mo} at (0,-7) size 12x20
      text run at (0,-7) width 12: "\x{239F}"
layer at (309,216) size 12x11 backgroundClip at (309,217) size 12x9 clip at (309,217) size 12x9 outlineClip at (309,217) size 12x9
  RenderBlock (relative positioned) {mo} at (0,0) size 12x11
    RenderText {mo} at (0,-7) size 12x20
      text run at (0,-7) width 12: "\x{239F}"
layer at (309,225) size 12x11 backgroundClip at (309,226) size 12x9 clip at (309,226) size 12x9 outlineClip at (309,226) size 12x9
  RenderBlock (relative positioned) {mo} at (0,0) size 12x11
    RenderText {mo} at (0,-7) size 12x20
      text run at (0,-7) width 12: "\x{239F}"
layer at (309,234) size 12x11 backgroundClip at (309,235) size 12x10 clip at (309,235) size 12x10 outlineClip at (309,235) size 12x10
  RenderBlock (relative positioned) {mo} at (0,0) size 12x11
    RenderText {mo} at (0,-7) size 12x20
      text run at (0,-7) width 12: "\x{23A0}"
layer at (331,198) size 12x11 backgroundClip at (331,199) size 12x9 clip at (331,199) size 12x9 outlineClip at (331,199) size 12x9
  RenderBlock (relative positioned) {mo} at (0,0) size 12x11
    RenderText {mo} at (0,-7) size 12x20
      text run at (0,-7) width 12: "\x{23AA}"
layer at (331,207) size 12x11 backgroundClip at (331,208) size 12x9 clip at (331,208) size 12x9 outlineClip at (331,208) size 12x9
  RenderBlock (relative positioned) {mo} at (0,0) size 12x11
    RenderText {mo} at (0,-7) size 12x20
      text run at (0,-7) width 12: "\x{23AA}"
layer at (331,216) size 12x11 backgroundClip at (331,217) size 12x9 clip at (331,217) size 12x9 outlineClip at (331,217) size 12x9
  RenderBlock (relative positioned) {mo} at (0,0) size 12x11
    RenderText {mo} at (0,-7) size 12x20
      text run at (0,-7) width 12: "\x{23AA}"
layer at (331,225) size 12x11 backgroundClip at (331,226) size 12x9 clip at (331,226) size 12x9 outlineClip at (331,226) size 12x9
  RenderBlock (relative positioned) {mo} at (0,0) size 12x11
    RenderText {mo} at (0,-7) size 12x20
      text run at (0,-7) width 12: "\x{23AA}"
layer at (331,234) size 12x11 backgroundClip at (331,235) size 12x10 clip at (331,235) size 12x10 outlineClip at (331,235) size 12x10
  RenderBlock (relative positioned) {mo} at (0,0) size 12x11
    RenderText {mo} at (0,-7) size 12x20
      text run at (0,-7) width 12: "\x{23AA}"
layer at (403,198) size 12x11 backgroundClip at (403,199) size 12x9 clip at (403,199) size 12x9 outlineClip at (403,199) size 12x9
  RenderBlock (relative positioned) {mo} at (0,0) size 12x11
    RenderText {mo} at (0,-7) size 12x20
      text run at (0,-7) width 12: "\x{23AA}"
layer at (403,207) size 12x11 backgroundClip at (403,208) size 12x9 clip at (403,208) size 12x9 outlineClip at (403,208) size 12x9
  RenderBlock (relative positioned) {mo} at (0,0) size 12x11
    RenderText {mo} at (0,-7) size 12x20
      text run at (0,-7) width 12: "\x{23AA}"
layer at (403,216) size 12x11 backgroundClip at (403,217) size 12x9 clip at (403,217) size 12x9 outlineClip at (403,217) size 12x9
  RenderBlock (relative positioned) {mo} at (0,0) size 12x11
    RenderText {mo} at (0,-7) size 12x20
      text run at (0,-7) width 12: "\x{23AA}"
layer at (403,225) size 12x11 backgroundClip at (403,226) size 12x9 clip at (403,226) size 12x9 outlineClip at (403,226) size 12x9
  RenderBlock (relative positioned) {mo} at (0,0) size 12x11
    RenderText {mo} at (0,-7) size 12x20
      text run at (0,-7) width 12: "\x{23AA}"
layer at (403,234) size 12x11 backgroundClip at (403,235) size 12x10 clip at (403,235) size 12x10 outlineClip at (403,235) size 12x10
  RenderBlock (relative positioned) {mo} at (0,0) size 12x11
    RenderText {mo} at (0,-7) size 12x20
      text run at (0,-7) width 12: "\x{23AA}"
layer at (424,204) size 12x11 backgroundClip at (424,205) size 12x9 clip at (424,205) size 12x9 outlineClip at (424,205) size 12x9
  RenderBlock (relative positioned) {mo} at (0,0) size 12x11
    RenderText {mo} at (0,-7) size 12x20
      text run at (0,-7) width 12: "\x{23AE}"
layer at (424,213) size 12x11 backgroundClip at (424,214) size 12x9 clip at (424,214) size 12x9 outlineClip at (424,214) size 12x9
  RenderBlock (relative positioned) {mo} at (0,0) size 12x11
    RenderText {mo} at (0,-7) size 12x20
      text run at (0,-7) width 12: "\x{23AE}"
layer at (424,222) size 12x11 backgroundClip at (424,223) size 12x6 clip at (424,223) size 12x6 outlineClip at (424,223) size 12x6
  RenderBlock (relative positioned) {mo} at (0,0) size 12x11
    RenderText {mo} at (0,-7) size 12x20
      text run at (0,-7) width 12: "\x{23AE}"
layer at (424,228) size 7x16 backgroundClip at (424,229) size 12x16 clip at (424,229) size 12x16 outlineClip at (424,229) size 12x16
  RenderBlock (relative positioned) {mo} at (0,0) size 7x16
    RenderText {mo} at (0,-4) size 7x20
      text run at (0,-4) width 7: "\x{2321}"
layer at (57,270) size 12x11 backgroundClip at (57,271) size 12x9 clip at (57,271) size 12x9 outlineClip at (57,271) size 12x9
  RenderBlock (relative positioned) {mo} at (0,0) size 12x11
    RenderText {mo} at (0,-7) size 12x20
      text run at (0,-7) width 12: "\x{23AA}"
layer at (57,279) size 12x11 backgroundClip at (57,280) size 12x9 clip at (57,280) size 12x9 outlineClip at (57,280) size 12x9
  RenderBlock (relative positioned) {mo} at (0,0) size 12x11
    RenderText {mo} at (0,-7) size 12x20
      text run at (0,-7) width 12: "\x{23AA}"
layer at (57,288) size 12x11 backgroundClip at (57,289) size 12x9 clip at (57,289) size 12x9 outlineClip at (57,289) size 12x9
  RenderBlock (relative positioned) {mo} at (0,0) size 12x11
    RenderText {mo} at (0,-7) size 12x20
      text run at (0,-7) width 12: "\x{23AA}"
layer at (57,297) size 12x11 backgroundClip at (57,298) size 12x9 clip at (57,298) size 12x9 outlineClip at (57,298) size 12x9
  RenderBlock (relative positioned) {mo} at (0,0) size 12x11
    RenderText {mo} at (0,-7) size 12x20
      text run at (0,-7) width 12: "\x{23AA}"
layer at (57,306) size 12x11 backgroundClip at (57,307) size 12x9 clip at (57,307) size 12x9 outlineClip at (57,307) size 12x9
  RenderBlock (relative positioned) {mo} at (0,0) size 12x11
    RenderText {mo} at (0,-7) size 12x20
      text run at (0,-7) width 12: "\x{23AA}"
layer at (57,315) size 12x11 backgroundClip at (57,316) size 12x9 clip at (57,316) size 12x9 outlineClip at (57,316) size 12x9
  RenderBlock (relative positioned) {mo} at (0,0) size 12x11
    RenderText {mo} at (0,-7) size 12x20
      text run at (0,-7) width 12: "\x{23AA}"
layer at (57,324) size 12x11 backgroundClip at (57,325) size 12x2 clip at (57,325) size 12x2 outlineClip at (57,325) size 12x2
  RenderBlock (relative positioned) {mo} at (0,0) size 12x11
    RenderText {mo} at (0,-7) size 12x20
      text run at (0,-7) width 12: "\x{23AA}"
layer at (57,326) size 12x11 backgroundClip at (57,327) size 12x9 clip at (57,327) size 12x9 outlineClip at (57,327) size 12x9
  RenderBlock (relative positioned) {mo} at (0,0) size 12x11
    RenderText {mo} at (0,-7) size 12x20
      text run at (0,-7) width 12: "\x{23A8}"
layer at (57,335) size 12x11 backgroundClip at (57,336) size 12x9 clip at (57,336) size 12x9 outlineClip at (57,336) size 12x9
  RenderBlock (relative positioned) {mo} at (0,0) size 12x11
    RenderText {mo} at (0,-7) size 12x20
      text run at (0,-7) width 12: "\x{23AA}"
layer at (57,344) size 12x11 backgroundClip at (57,345) size 12x9 clip at (57,345) size 12x9 outlineClip at (57,345) size 12x9
  RenderBlock (relative positioned) {mo} at (0,0) size 12x11
    RenderText {mo} at (0,-7) size 12x20
      text run at (0,-7) width 12: "\x{23AA}"
layer at (57,353) size 12x11 backgroundClip at (57,354) size 12x9 clip at (57,354) size 12x9 outlineClip at (57,354) size 12x9
  RenderBlock (relative positioned) {mo} at (0,0) size 12x11
    RenderText {mo} at (0,-7) size 12x20
      text run at (0,-7) width 12: "\x{23AA}"
layer at (57,362) size 12x11 backgroundClip at (57,363) size 12x9 clip at (57,363) size 12x9 outlineClip at (57,363) size 12x9
  RenderBlock (relative positioned) {mo} at (0,0) size 12x11
    RenderText {mo} at (0,-7) size 12x20
      text run at (0,-7) width 12: "\x{23AA}"
layer at (57,371) size 12x11 backgroundClip at (57,372) size 12x9 clip at (57,372) size 12x9 outlineClip at (57,372) size 12x9
  RenderBlock (relative positioned) {mo} at (0,0) size 12x11
    RenderText {mo} at (0,-7) size 12x20
      text run at (0,-7) width 12: "\x{23AA}"
layer at (57,380) size 12x11 backgroundClip at (57,381) size 12x9 clip at (57,381) size 12x9 outlineClip at (57,381) size 12x9
  RenderBlock (relative positioned) {mo} at (0,0) size 12x11
    RenderText {mo} at (0,-7) size 12x20
      text run at (0,-7) width 12: "\x{23AA}"
layer at (57,389) size 12x11 backgroundClip at (57,390) size 12x3 clip at (57,390) size 12x3 outlineClip at (57,390) size 12x3
  RenderBlock (relative positioned) {mo} at (0,0) size 12x11
    RenderText {mo} at (0,-7) size 12x20
      text run at (0,-7) width 12: "\x{23AA}"
layer at (57,392) size 12x11 backgroundClip at (57,393) size 12x10 clip at (57,393) size 12x10 outlineClip at (57,393) size 12x10
  RenderBlock (relative positioned) {mo} at (0,0) size 12x11
    RenderText {mo} at (0,-7) size 12x20
      text run at (0,-7) width 12: "\x{23A9}"
layer at (129,270) size 12x11 backgroundClip at (129,271) size 12x9 clip at (129,271) size 12x9 outlineClip at (129,271) size 12x9
  RenderBlock (relative positioned) {mo} at (0,0) size 12x11
    RenderText {mo} at (0,-7) size 12x20
      text run at (0,-7) width 12: "\x{23AA}"
layer at (129,279) size 12x11 backgroundClip at (129,280) size 12x9 clip at (129,280) size 12x9 outlineClip at (129,280) size 12x9
  RenderBlock (relative positioned) {mo} at (0,0) size 12x11
    RenderText {mo} at (0,-7) size 12x20
      text run at (0,-7) width 12: "\x{23AA}"
layer at (129,288) size 12x11 backgroundClip at (129,289) size 12x9 clip at (129,289) size 12x9 outlineClip at (129,289) size 12x9
  RenderBlock (relative positioned) {mo} at (0,0) size 12x11
    RenderText {mo} at (0,-7) size 12x20
      text run at (0,-7) width 12: "\x{23AA}"
layer at (129,297) size 12x11 backgroundClip at (129,298) size 12x9 clip at (129,298) size 12x9 outlineClip at (129,298) size 12x9
  RenderBlock (relative positioned) {mo} at (0,0) size 12x11
    RenderText {mo} at (0,-7) size 12x20
      text run at (0,-7) width 12: "\x{23AA}"
layer at (129,306) size 12x11 backgroundClip at (129,307) size 12x9 clip at (129,307) size 12x9 outlineClip at (129,307) size 12x9
  RenderBlock (relative positioned) {mo} at (0,0) size 12x11
    RenderText {mo} at (0,-7) size 12x20
      text run at (0,-7) width 12: "\x{23AA}"
layer at (129,315) size 12x11 backgroundClip at (129,316) size 12x9 clip at (129,316) size 12x9 outlineClip at (129,316) size 12x9
  RenderBlock (relative positioned) {mo} at (0,0) size 12x11
    RenderText {mo} at (0,-7) size 12x20
      text run at (0,-7) width 12: "\x{23AA}"
layer at (129,324) size 12x11 backgroundClip at (129,325) size 12x2 clip at (129,325) size 12x2 outlineClip at (129,325) size 12x2
  RenderBlock (relative positioned) {mo} at (0,0) size 12x11
    RenderText {mo} at (0,-7) size 12x20
      text run at (0,-7) width 12: "\x{23AA}"
layer at (129,326) size 12x11 backgroundClip at (129,327) size 12x9 clip at (129,327) size 12x9 outlineClip at (129,327) size 12x9
  RenderBlock (relative positioned) {mo} at (0,0) size 12x11
    RenderText {mo} at (0,-7) size 12x20
      text run at (0,-7) width 12: "\x{23AC}"
layer at (129,335) size 12x11 backgroundClip at (129,336) size 12x9 clip at (129,336) size 12x9 outlineClip at (129,336) size 12x9
  RenderBlock (relative positioned) {mo} at (0,0) size 12x11
    RenderText {mo} at (0,-7) size 12x20
      text run at (0,-7) width 12: "\x{23AA}"
layer at (129,344) size 12x11 backgroundClip at (129,345) size 12x9 clip at (129,345) size 12x9 outlineClip at (129,345) size 12x9
  RenderBlock (relative positioned) {mo} at (0,0) size 12x11
    RenderText {mo} at (0,-7) size 12x20
      text run at (0,-7) width 12: "\x{23AA}"
layer at (129,353) size 12x11 backgroundClip at (129,354) size 12x9 clip at (129,354) size 12x9 outlineClip at (129,354) size 12x9
  RenderBlock (relative positioned) {mo} at (0,0) size 12x11
    RenderText {mo} at (0,-7) size 12x20
      text run at (0,-7) width 12: "\x{23AA}"
layer at (129,362) size 12x11 backgroundClip at (129,363) size 12x9 clip at (129,363) size 12x9 outlineClip at (129,363) size 12x9
  RenderBlock (relative positioned) {mo} at (0,0) size 12x11
    RenderText {mo} at (0,-7) size 12x20
      text run at (0,-7) width 12: "\x{23AA}"
layer at (129,371) size 12x11 backgroundClip at (129,372) size 12x9 clip at (129,372) size 12x9 outlineClip at (129,372) size 12x9
  RenderBlock (relative positioned) {mo} at (0,0) size 12x11
    RenderText {mo} at (0,-7) size 12x20
      text run at (0,-7) width 12: "\x{23AA}"
layer at (129,380) size 12x11 backgroundClip at (129,381) size 12x9 clip at (129,381) size 12x9 outlineClip at (129,381) size 12x9
  RenderBlock (relative positioned) {mo} at (0,0) size 12x11
    RenderText {mo} at (0,-7) size 12x20
      text run at (0,-7) width 12: "\x{23AA}"
layer at (129,389) size 12x11 backgroundClip at (129,390) size 12x3 clip at (129,390) size 12x3 outlineClip at (129,390) size 12x3
  RenderBlock (relative positioned) {mo} at (0,0) size 12x11
    RenderText {mo} at (0,-7) size 12x20
      text run at (0,-7) width 12: "\x{23AA}"
layer at (129,392) size 12x11 backgroundClip at (129,393) size 12x10 clip at (129,393) size 12x10 outlineClip at (129,393) size 12x10
  RenderBlock (relative positioned) {mo} at (0,0) size 12x11
    RenderText {mo} at (0,-7) size 12x20
      text run at (0,-7) width 12: "\x{23AD}"
layer at (151,270) size 12x11 backgroundClip at (151,271) size 12x9 clip at (151,271) size 12x9 outlineClip at (151,271) size 12x9
  RenderBlock (relative positioned) {mo} at (0,0) size 12x11
    RenderText {mo} at (0,-7) size 12x20
      text run at (0,-7) width 12: "\x{23A2}"
layer at (151,279) size 12x11 backgroundClip at (151,280) size 12x9 clip at (151,280) size 12x9 outlineClip at (151,280) size 12x9
  RenderBlock (relative positioned) {mo} at (0,0) size 12x11
    RenderText {mo} at (0,-7) size 12x20
      text run at (0,-7) width 12: "\x{23A2}"
layer at (151,288) size 12x11 backgroundClip at (151,289) size 12x9 clip at (151,289) size 12x9 outlineClip at (151,289) size 12x9
  RenderBlock (relative positioned) {mo} at (0,0) size 12x11
    RenderText {mo} at (0,-7) size 12x20
      text run at (0,-7) width 12: "\x{23A2}"
layer at (151,297) size 12x11 backgroundClip at (151,298) size 12x9 clip at (151,298) size 12x9 outlineClip at (151,298) size 12x9
  RenderBlock (relative positioned) {mo} at (0,0) size 12x11
    RenderText {mo} at (0,-7) size 12x20
      text run at (0,-7) width 12: "\x{23A2}"
layer at (151,306) size 12x11 backgroundClip at (151,307) size 12x9 clip at (151,307) size 12x9 outlineClip at (151,307) size 12x9
  RenderBlock (relative positioned) {mo} at (0,0) size 12x11
    RenderText {mo} at (0,-7) size 12x20
      text run at (0,-7) width 12: "\x{23A2}"
layer at (151,315) size 12x11 backgroundClip at (151,316) size 12x9 clip at (151,316) size 12x9 outlineClip at (151,316) size 12x9
  RenderBlock (relative positioned) {mo} at (0,0) size 12x11
    RenderText {mo} at (0,-7) size 12x20
      text run at (0,-7) width 12: "\x{23A2}"
layer at (151,324) size 12x11 backgroundClip at (151,325) size 12x9 clip at (151,325) size 12x9 outlineClip at (151,325) size 12x9
  RenderBlock (relative positioned) {mo} at (0,0) size 12x11
    RenderText {mo} at (0,-7) size 12x20
      text run at (0,-7) width 12: "\x{23A2}"
layer at (151,333) size 12x11 backgroundClip at (151,334) size 12x9 clip at (151,334) size 12x9 outlineClip at (151,334) size 12x9
  RenderBlock (relative positioned) {mo} at (0,0) size 12x11
    RenderText {mo} at (0,-7) size 12x20
      text run at (0,-7) width 12: "\x{23A2}"
layer at (151,342) size 12x11 backgroundClip at (151,343) size 12x9 clip at (151,343) size 12x9 outlineClip at (151,343) size 12x9
  RenderBlock (relative positioned) {mo} at (0,0) size 12x11
    RenderText {mo} at (0,-7) size 12x20
      text run at (0,-7) width 12: "\x{23A2}"
layer at (151,351) size 12x11 backgroundClip at (151,352) size 12x9 clip at (151,352) size 12x9 outlineClip at (151,352) size 12x9
  RenderBlock (relative positioned) {mo} at (0,0) size 12x11
    RenderText {mo} at (0,-7) size 12x20
      text run at (0,-7) width 12: "\x{23A2}"
layer at (151,360) size 12x11 backgroundClip at (151,361) size 12x9 clip at (151,361) size 12x9 outlineClip at (151,361) size 12x9
  RenderBlock (relative positioned) {mo} at (0,0) size 12x11
    RenderText {mo} at (0,-7) size 12x20
      text run at (0,-7) width 12: "\x{23A2}"
layer at (151,369) size 12x11 backgroundClip at (151,370) size 12x9 clip at (151,370) size 12x9 outlineClip at (151,370) size 12x9
  RenderBlock (relative positioned) {mo} at (0,0) size 12x11
    RenderText {mo} at (0,-7) size 12x20
      text run at (0,-7) width 12: "\x{23A2}"
layer at (151,378) size 12x11 backgroundClip at (151,379) size 12x9 clip at (151,379) size 12x9 outlineClip at (151,379) size 12x9
  RenderBlock (relative positioned) {mo} at (0,0) size 12x11
    RenderText {mo} at (0,-7) size 12x20
      text run at (0,-7) width 12: "\x{23A2}"
layer at (151,387) size 12x11 backgroundClip at (151,388) size 12x5 clip at (151,388) size 12x5 outlineClip at (151,388) size 12x5
  RenderBlock (relative positioned) {mo} at (0,0) size 12x11
    RenderText {mo} at (0,-7) size 12x20
      text run at (0,-7) width 12: "\x{23A2}"
layer at (151,392) size 12x11 backgroundClip at (151,393) size 12x10 clip at (151,393) size 12x10 outlineClip at (151,393) size 12x10
  RenderBlock (relative positioned) {mo} at (0,0) size 12x11
    RenderText {mo} at (0,-7) size 12x20
      text run at (0,-7) width 12: "\x{23A3}"
layer at (223,270) size 12x11 backgroundClip at (223,271) size 12x9 clip at (223,271) size 12x9 outlineClip at (223,271) size 12x9
  RenderBlock (relative positioned) {mo} at (0,0) size 12x11
    RenderText {mo} at (0,-7) size 12x20
      text run at (0,-7) width 12: "\x{23A5}"
layer at (223,279) size 12x11 backgroundClip at (223,280) size 12x9 clip at (223,280) size 12x9 outlineClip at (223,280) size 12x9
  RenderBlock (relative positioned) {mo} at (0,0) size 12x11
    RenderText {mo} at (0,-7) size 12x20
      text run at (0,-7) width 12: "\x{23A5}"
layer at (223,288) size 12x11 backgroundClip at (223,289) size 12x9 clip at (223,289) size 12x9 outlineClip at (223,289) size 12x9
  RenderBlock (relative positioned) {mo} at (0,0) size 12x11
    RenderText {mo} at (0,-7) size 12x20
      text run at (0,-7) width 12: "\x{23A5}"
layer at (223,297) size 12x11 backgroundClip at (223,298) size 12x9 clip at (223,298) size 12x9 outlineClip at (223,298) size 12x9
  RenderBlock (relative positioned) {mo} at (0,0) size 12x11
    RenderText {mo} at (0,-7) size 12x20
      text run at (0,-7) width 12: "\x{23A5}"
layer at (223,306) size 12x11 backgroundClip at (223,307) size 12x9 clip at (223,307) size 12x9 outlineClip at (223,307) size 12x9
  RenderBlock (relative positioned) {mo} at (0,0) size 12x11
    RenderText {mo} at (0,-7) size 12x20
      text run at (0,-7) width 12: "\x{23A5}"
layer at (223,315) size 12x11 backgroundClip at (223,316) size 12x9 clip at (223,316) size 12x9 outlineClip at (223,316) size 12x9
  RenderBlock (relative positioned) {mo} at (0,0) size 12x11
    RenderText {mo} at (0,-7) size 12x20
      text run at (0,-7) width 12: "\x{23A5}"
layer at (223,324) size 12x11 backgroundClip at (223,325) size 12x9 clip at (223,325) size 12x9 outlineClip at (223,325) size 12x9
  RenderBlock (relative positioned) {mo} at (0,0) size 12x11
    RenderText {mo} at (0,-7) size 12x20
      text run at (0,-7) width 12: "\x{23A5}"
layer at (223,333) size 12x11 backgroundClip at (223,334) size 12x9 clip at (223,334) size 12x9 outlineClip at (223,334) size 12x9
  RenderBlock (relative positioned) {mo} at (0,0) size 12x11
    RenderText {mo} at (0,-7) size 12x20
      text run at (0,-7) width 12: "\x{23A5}"
layer at (223,342) size 12x11 backgroundClip at (223,343) size 12x9 clip at (223,343) size 12x9 outlineClip at (223,343) size 12x9
  RenderBlock (relative positioned) {mo} at (0,0) size 12x11
    RenderText {mo} at (0,-7) size 12x20
      text run at (0,-7) width 12: "\x{23A5}"
layer at (223,351) size 12x11 backgroundClip at (223,352) size 12x9 clip at (223,352) size 12x9 outlineClip at (223,352) size 12x9
  RenderBlock (relative positioned) {mo} at (0,0) size 12x11
    RenderText {mo} at (0,-7) size 12x20
      text run at (0,-7) width 12: "\x{23A5}"
layer at (223,360) size 12x11 backgroundClip at (223,361) size 12x9 clip at (223,361) size 12x9 outlineClip at (223,361) size 12x9
  RenderBlock (relative positioned) {mo} at (0,0) size 12x11
    RenderText {mo} at (0,-7) size 12x20
      text run at (0,-7) width 12: "\x{23A5}"
layer at (223,369) size 12x11 backgroundClip at (223,370) size 12x9 clip at (223,370) size 12x9 outlineClip at (223,370) size 12x9
  RenderBlock (relative positioned) {mo} at (0,0) size 12x11
    RenderText {mo} at (0,-7) size 12x20
      text run at (0,-7) width 12: "\x{23A5}"
layer at (223,378) size 12x11 backgroundClip at (223,379) size 12x9 clip at (223,379) size 12x9 outlineClip at (223,379) size 12x9
  RenderBlock (relative positioned) {mo} at (0,0) size 12x11
    RenderText {mo} at (0,-7) size 12x20
      text run at (0,-7) width 12: "\x{23A5}"
layer at (223,387) size 12x11 backgroundClip at (223,388) size 12x5 clip at (223,388) size 12x5 outlineClip at (223,388) size 12x5
  RenderBlock (relative positioned) {mo} at (0,0) size 12x11
    RenderText {mo} at (0,-7) size 12x20
      text run at (0,-7) width 12: "\x{23A5}"
layer at (223,392) size 12x11 backgroundClip at (223,393) size 12x10 clip at (223,393) size 12x10 outlineClip at (223,393) size 12x10
  RenderBlock (relative positioned) {mo} at (0,0) size 12x11
    RenderText {mo} at (0,-7) size 12x20
      text run at (0,-7) width 12: "\x{23A6}"
layer at (245,270) size 12x11 backgroundClip at (245,271) size 12x9 clip at (245,271) size 12x9 outlineClip at (245,271) size 12x9
  RenderBlock (relative positioned) {mo} at (0,0) size 12x11
    RenderText {mo} at (0,-7) size 12x20
      text run at (0,-7) width 12: "\x{239C}"
layer at (245,279) size 12x11 backgroundClip at (245,280) size 12x9 clip at (245,280) size 12x9 outlineClip at (245,280) size 12x9
  RenderBlock (relative positioned) {mo} at (0,0) size 12x11
    RenderText {mo} at (0,-7) size 12x20
      text run at (0,-7) width 12: "\x{239C}"
layer at (245,288) size 12x11 backgroundClip at (245,289) size 12x9 clip at (245,289) size 12x9 outlineClip at (245,289) size 12x9
  RenderBlock (relative positioned) {mo} at (0,0) size 12x11
    RenderText {mo} at (0,-7) size 12x20
      text run at (0,-7) width 12: "\x{239C}"
layer at (245,297) size 12x11 backgroundClip at (245,298) size 12x9 clip at (245,298) size 12x9 outlineClip at (245,298) size 12x9
  RenderBlock (relative positioned) {mo} at (0,0) size 12x11
    RenderText {mo} at (0,-7) size 12x20
      text run at (0,-7) width 12: "\x{239C}"
layer at (245,306) size 12x11 backgroundClip at (245,307) size 12x9 clip at (245,307) size 12x9 outlineClip at (245,307) size 12x9
  RenderBlock (relative positioned) {mo} at (0,0) size 12x11
    RenderText {mo} at (0,-7) size 12x20
      text run at (0,-7) width 12: "\x{239C}"
layer at (245,315) size 12x11 backgroundClip at (245,316) size 12x9 clip at (245,316) size 12x9 outlineClip at (245,316) size 12x9
  RenderBlock (relative positioned) {mo} at (0,0) size 12x11
    RenderText {mo} at (0,-7) size 12x20
      text run at (0,-7) width 12: "\x{239C}"
layer at (245,324) size 12x11 backgroundClip at (245,325) size 12x9 clip at (245,325) size 12x9 outlineClip at (245,325) size 12x9
  RenderBlock (relative positioned) {mo} at (0,0) size 12x11
    RenderText {mo} at (0,-7) size 12x20
      text run at (0,-7) width 12: "\x{239C}"
layer at (245,333) size 12x11 backgroundClip at (245,334) size 12x9 clip at (245,334) size 12x9 outlineClip at (245,334) size 12x9
  RenderBlock (relative positioned) {mo} at (0,0) size 12x11
    RenderText {mo} at (0,-7) size 12x20
      text run at (0,-7) width 12: "\x{239C}"
layer at (245,342) size 12x11 backgroundClip at (245,343) size 12x9 clip at (245,343) size 12x9 outlineClip at (245,343) size 12x9
  RenderBlock (relative positioned) {mo} at (0,0) size 12x11
    RenderText {mo} at (0,-7) size 12x20
      text run at (0,-7) width 12: "\x{239C}"
layer at (245,351) size 12x11 backgroundClip at (245,352) size 12x9 clip at (245,352) size 12x9 outlineClip at (245,352) size 12x9
  RenderBlock (relative positioned) {mo} at (0,0) size 12x11
    RenderText {mo} at (0,-7) size 12x20
      text run at (0,-7) width 12: "\x{239C}"
layer at (245,360) size 12x11 backgroundClip at (245,361) size 12x9 clip at (245,361) size 12x9 outlineClip at (245,361) size 12x9
  RenderBlock (relative positioned) {mo} at (0,0) size 12x11
    RenderText {mo} at (0,-7) size 12x20
      text run at (0,-7) width 12: "\x{239C}"
layer at (245,369) size 12x11 backgroundClip at (245,370) size 12x9 clip at (245,370) size 12x9 outlineClip at (245,370) size 12x9
  RenderBlock (relative positioned) {mo} at (0,0) size 12x11
    RenderText {mo} at (0,-7) size 12x20
      text run at (0,-7) width 12: "\x{239C}"
layer at (245,378) size 12x11 backgroundClip at (245,379) size 12x9 clip at (245,379) size 12x9 outlineClip at (245,379) size 12x9
  RenderBlock (relative positioned) {mo} at (0,0) size 12x11
    RenderText {mo} at (0,-7) size 12x20
      text run at (0,-7) width 12: "\x{239C}"
layer at (245,387) size 12x11 backgroundClip at (245,388) size 12x5 clip at (245,388) size 12x5 outlineClip at (245,388) size 12x5
  RenderBlock (relative positioned) {mo} at (0,0) size 12x11
    RenderText {mo} at (0,-7) size 12x20
      text run at (0,-7) width 12: "\x{239C}"
layer at (245,392) size 12x11 backgroundClip at (245,393) size 12x10 clip at (245,393) size 12x10 outlineClip at (245,393) size 12x10
  RenderBlock (relative positioned) {mo} at (0,0) size 12x11
    RenderText {mo} at (0,-7) size 12x20
      text run at (0,-7) width 12: "\x{239D}"
layer at (317,270) size 12x11 backgroundClip at (317,271) size 12x9 clip at (317,271) size 12x9 outlineClip at (317,271) size 12x9
  RenderBlock (relative positioned) {mo} at (0,0) size 12x11
    RenderText {mo} at (0,-7) size 12x20
      text run at (0,-7) width 12: "\x{239F}"
layer at (317,279) size 12x11 backgroundClip at (317,280) size 12x9 clip at (317,280) size 12x9 outlineClip at (317,280) size 12x9
  RenderBlock (relative positioned) {mo} at (0,0) size 12x11
    RenderText {mo} at (0,-7) size 12x20
      text run at (0,-7) width 12: "\x{239F}"
layer at (317,288) size 12x11 backgroundClip at (317,289) size 12x9 clip at (317,289) size 12x9 outlineClip at (317,289) size 12x9
  RenderBlock (relative positioned) {mo} at (0,0) size 12x11
    RenderText {mo} at (0,-7) size 12x20
      text run at (0,-7) width 12: "\x{239F}"
layer at (317,297) size 12x11 backgroundClip at (317,298) size 12x9 clip at (317,298) size 12x9 outlineClip at (317,298) size 12x9
  RenderBlock (relative positioned) {mo} at (0,0) size 12x11
    RenderText {mo} at (0,-7) size 12x20
      text run at (0,-7) width 12: "\x{239F}"
layer at (317,306) size 12x11 backgroundClip at (317,307) size 12x9 clip at (317,307) size 12x9 outlineClip at (317,307) size 12x9
  RenderBlock (relative positioned) {mo} at (0,0) size 12x11
    RenderText {mo} at (0,-7) size 12x20
      text run at (0,-7) width 12: "\x{239F}"
layer at (317,315) size 12x11 backgroundClip at (317,316) size 12x9 clip at (317,316) size 12x9 outlineClip at (317,316) size 12x9
  RenderBlock (relative positioned) {mo} at (0,0) size 12x11
    RenderText {mo} at (0,-7) size 12x20
      text run at (0,-7) width 12: "\x{239F}"
layer at (317,324) size 12x11 backgroundClip at (317,325) size 12x9 clip at (317,325) size 12x9 outlineClip at (317,325) size 12x9
  RenderBlock (relative positioned) {mo} at (0,0) size 12x11
    RenderText {mo} at (0,-7) size 12x20
      text run at (0,-7) width 12: "\x{239F}"
layer at (317,333) size 12x11 backgroundClip at (317,334) size 12x9 clip at (317,334) size 12x9 outlineClip at (317,334) size 12x9
  RenderBlock (relative positioned) {mo} at (0,0) size 12x11
    RenderText {mo} at (0,-7) size 12x20
      text run at (0,-7) width 12: "\x{239F}"
layer at (317,342) size 12x11 backgroundClip at (317,343) size 12x9 clip at (317,343) size 12x9 outlineClip at (317,343) size 12x9
  RenderBlock (relative positioned) {mo} at (0,0) size 12x11
    RenderText {mo} at (0,-7) size 12x20
      text run at (0,-7) width 12: "\x{239F}"
layer at (317,351) size 12x11 backgroundClip at (317,352) size 12x9 clip at (317,352) size 12x9 outlineClip at (317,352) size 12x9
  RenderBlock (relative positioned) {mo} at (0,0) size 12x11
    RenderText {mo} at (0,-7) size 12x20
      text run at (0,-7) width 12: "\x{239F}"
layer at (317,360) size 12x11 backgroundClip at (317,361) size 12x9 clip at (317,361) size 12x9 outlineClip at (317,361) size 12x9
  RenderBlock (relative positioned) {mo} at (0,0) size 12x11
    RenderText {mo} at (0,-7) size 12x20
      text run at (0,-7) width 12: "\x{239F}"
layer at (317,369) size 12x11 backgroundClip at (317,370) size 12x9 clip at (317,370) size 12x9 outlineClip at (317,370) size 12x9
  RenderBlock (relative positioned) {mo} at (0,0) size 12x11
    RenderText {mo} at (0,-7) size 12x20
      text run at (0,-7) width 12: "\x{239F}"
layer at (317,378) size 12x11 backgroundClip at (317,379) size 12x9 clip at (317,379) size 12x9 outlineClip at (317,379) size 12x9
  RenderBlock (relative positioned) {mo} at (0,0) size 12x11
    RenderText {mo} at (0,-7) size 12x20
      text run at (0,-7) width 12: "\x{239F}"
layer at (317,387) size 12x11 backgroundClip at (317,388) size 12x5 clip at (317,388) size 12x5 outlineClip at (317,388) size 12x5
  RenderBlock (relative positioned) {mo} at (0,0) size 12x11
    RenderText {mo} at (0,-7) size 12x20
      text run at (0,-7) width 12: "\x{239F}"
layer at (317,392) size 12x11 backgroundClip at (317,393) size 12x10 clip at (317,393) size 12x10 outlineClip at (317,393) size 12x10
  RenderBlock (relative positioned) {mo} at (0,0) size 12x11
    RenderText {mo} at (0,-7) size 12x20
      text run at (0,-7) width 12: "\x{23A0}"
layer at (339,270) size 12x11 backgroundClip at (339,271) size 12x9 clip at (339,271) size 12x9 outlineClip at (339,271) size 12x9
  RenderBlock (relative positioned) {mo} at (0,0) size 12x11
    RenderText {mo} at (0,-7) size 12x20
      text run at (0,-7) width 12: "\x{23AA}"
layer at (339,279) size 12x11 backgroundClip at (339,280) size 12x9 clip at (339,280) size 12x9 outlineClip at (339,280) size 12x9
  RenderBlock (relative positioned) {mo} at (0,0) size 12x11
    RenderText {mo} at (0,-7) size 12x20
      text run at (0,-7) width 12: "\x{23AA}"
layer at (339,288) size 12x11 backgroundClip at (339,289) size 12x9 clip at (339,289) size 12x9 outlineClip at (339,289) size 12x9
  RenderBlock (relative positioned) {mo} at (0,0) size 12x11
    RenderText {mo} at (0,-7) size 12x20
      text run at (0,-7) width 12: "\x{23AA}"
layer at (339,297) size 12x11 backgroundClip at (339,298) size 12x9 clip at (339,298) size 12x9 outlineClip at (339,298) size 12x9
  RenderBlock (relative positioned) {mo} at (0,0) size 12x11
    RenderText {mo} at (0,-7) size 12x20
      text run at (0,-7) width 12: "\x{23AA}"
layer at (339,306) size 12x11 backgroundClip at (339,307) size 12x9 clip at (339,307) size 12x9 outlineClip at (339,307) size 12x9
  RenderBlock (relative positioned) {mo} at (0,0) size 12x11
    RenderText {mo} at (0,-7) size 12x20
      text run at (0,-7) width 12: "\x{23AA}"
layer at (339,315) size 12x11 backgroundClip at (339,316) size 12x9 clip at (339,316) size 12x9 outlineClip at (339,316) size 12x9
  RenderBlock (relative positioned) {mo} at (0,0) size 12x11
    RenderText {mo} at (0,-7) size 12x20
      text run at (0,-7) width 12: "\x{23AA}"
layer at (339,324) size 12x11 backgroundClip at (339,325) size 12x9 clip at (339,325) size 12x9 outlineClip at (339,325) size 12x9
  RenderBlock (relative positioned) {mo} at (0,0) size 12x11
    RenderText {mo} at (0,-7) size 12x20
      text run at (0,-7) width 12: "\x{23AA}"
layer at (339,333) size 12x11 backgroundClip at (339,334) size 12x9 clip at (339,334) size 12x9 outlineClip at (339,334) size 12x9
  RenderBlock (relative positioned) {mo} at (0,0) size 12x11
    RenderText {mo} at (0,-7) size 12x20
      text run at (0,-7) width 12: "\x{23AA}"
layer at (339,342) size 12x11 backgroundClip at (339,343) size 12x9 clip at (339,343) size 12x9 outlineClip at (339,343) size 12x9
  RenderBlock (relative positioned) {mo} at (0,0) size 12x11
    RenderText {mo} at (0,-7) size 12x20
      text run at (0,-7) width 12: "\x{23AA}"
layer at (339,351) size 12x11 backgroundClip at (339,352) size 12x9 clip at (339,352) size 12x9 outlineClip at (339,352) size 12x9
  RenderBlock (relative positioned) {mo} at (0,0) size 12x11
    RenderText {mo} at (0,-7) size 12x20
      text run at (0,-7) width 12: "\x{23AA}"
layer at (339,360) size 12x11 backgroundClip at (339,361) size 12x9 clip at (339,361) size 12x9 outlineClip at (339,361) size 12x9
  RenderBlock (relative positioned) {mo} at (0,0) size 12x11
    RenderText {mo} at (0,-7) size 12x20
      text run at (0,-7) width 12: "\x{23AA}"
layer at (339,369) size 12x11 backgroundClip at (339,370) size 12x9 clip at (339,370) size 12x9 outlineClip at (339,370) size 12x9
  RenderBlock (relative positioned) {mo} at (0,0) size 12x11
    RenderText {mo} at (0,-7) size 12x20
      text run at (0,-7) width 12: "\x{23AA}"
layer at (339,378) size 12x11 backgroundClip at (339,379) size 12x9 clip at (339,379) size 12x9 outlineClip at (339,379) size 12x9
  RenderBlock (relative positioned) {mo} at (0,0) size 12x11
    RenderText {mo} at (0,-7) size 12x20
      text run at (0,-7) width 12: "\x{23AA}"
layer at (339,387) size 12x11 backgroundClip at (339,388) size 12x5 clip at (339,388) size 12x5 outlineClip at (339,388) size 12x5
  RenderBlock (relative positioned) {mo} at (0,0) size 12x11
    RenderText {mo} at (0,-7) size 12x20
      text run at (0,-7) width 12: "\x{23AA}"
layer at (339,392) size 12x11 backgroundClip at (339,393) size 12x10 clip at (339,393) size 12x10 outlineClip at (339,393) size 12x10
  RenderBlock (relative positioned) {mo} at (0,0) size 12x11
    RenderText {mo} at (0,-7) size 12x20
      text run at (0,-7) width 12: "\x{23AA}"
layer at (411,270) size 12x11 backgroundClip at (411,271) size 12x9 clip at (411,271) size 12x9 outlineClip at (411,271) size 12x9
  RenderBlock (relative positioned) {mo} at (0,0) size 12x11
    RenderText {mo} at (0,-7) size 12x20
      text run at (0,-7) width 12: "\x{23AA}"
layer at (411,279) size 12x11 backgroundClip at (411,280) size 12x9 clip at (411,280) size 12x9 outlineClip at (411,280) size 12x9
  RenderBlock (relative positioned) {mo} at (0,0) size 12x11
    RenderText {mo} at (0,-7) size 12x20
      text run at (0,-7) width 12: "\x{23AA}"
layer at (411,288) size 12x11 backgroundClip at (411,289) size 12x9 clip at (411,289) size 12x9 outlineClip at (411,289) size 12x9
  RenderBlock (relative positioned) {mo} at (0,0) size 12x11
    RenderText {mo} at (0,-7) size 12x20
      text run at (0,-7) width 12: "\x{23AA}"
layer at (411,297) size 12x11 backgroundClip at (411,298) size 12x9 clip at (411,298) size 12x9 outlineClip at (411,298) size 12x9
  RenderBlock (relative positioned) {mo} at (0,0) size 12x11
    RenderText {mo} at (0,-7) size 12x20
      text run at (0,-7) width 12: "\x{23AA}"
layer at (411,306) size 12x11 backgroundClip at (411,307) size 12x9 clip at (411,307) size 12x9 outlineClip at (411,307) size 12x9
  RenderBlock (relative positioned) {mo} at (0,0) size 12x11
    RenderText {mo} at (0,-7) size 12x20
      text run at (0,-7) width 12: "\x{23AA}"
layer at (411,315) size 12x11 backgroundClip at (411,316) size 12x9 clip at (411,316) size 12x9 outlineClip at (411,316) size 12x9
  RenderBlock (relative positioned) {mo} at (0,0) size 12x11
    RenderText {mo} at (0,-7) size 12x20
      text run at (0,-7) width 12: "\x{23AA}"
layer at (411,324) size 12x11 backgroundClip at (411,325) size 12x9 clip at (411,325) size 12x9 outlineClip at (411,325) size 12x9
  RenderBlock (relative positioned) {mo} at (0,0) size 12x11
    RenderText {mo} at (0,-7) size 12x20
      text run at (0,-7) width 12: "\x{23AA}"
layer at (411,333) size 12x11 backgroundClip at (411,334) size 12x9 clip at (411,334) size 12x9 outlineClip at (411,334) size 12x9
  RenderBlock (relative positioned) {mo} at (0,0) size 12x11
    RenderText {mo} at (0,-7) size 12x20
      text run at (0,-7) width 12: "\x{23AA}"
layer at (411,342) size 12x11 backgroundClip at (411,343) size 12x9 clip at (411,343) size 12x9 outlineClip at (411,343) size 12x9
  RenderBlock (relative positioned) {mo} at (0,0) size 12x11
    RenderText {mo} at (0,-7) size 12x20
      text run at (0,-7) width 12: "\x{23AA}"
layer at (411,351) size 12x11 backgroundClip at (411,352) size 12x9 clip at (411,352) size 12x9 outlineClip at (411,352) size 12x9
  RenderBlock (relative positioned) {mo} at (0,0) size 12x11
    RenderText {mo} at (0,-7) size 12x20
      text run at (0,-7) width 12: "\x{23AA}"
layer at (411,360) size 12x11 backgroundClip at (411,361) size 12x9 clip at (411,361) size 12x9 outlineClip at (411,361) size 12x9
  RenderBlock (relative positioned) {mo} at (0,0) size 12x11
    RenderText {mo} at (0,-7) size 12x20
      text run at (0,-7) width 12: "\x{23AA}"
layer at (411,369) size 12x11 backgroundClip at (411,370) size 12x9 clip at (411,370) size 12x9 outlineClip at (411,370) size 12x9
  RenderBlock (relative positioned) {mo} at (0,0) size 12x11
    RenderText {mo} at (0,-7) size 12x20
      text run at (0,-7) width 12: "\x{23AA}"
layer at (411,378) size 12x11 backgroundClip at (411,379) size 12x9 clip at (411,379) size 12x9 outlineClip at (411,379) size 12x9
  RenderBlock (relative positioned) {mo} at (0,0) size 12x11
    RenderText {mo} at (0,-7) size 12x20
      text run at (0,-7) width 12: "\x{23AA}"
layer at (411,387) size 12x11 backgroundClip at (411,388) size 12x5 clip at (411,388) size 12x5 outlineClip at (411,388) size 12x5
  RenderBlock (relative positioned) {mo} at (0,0) size 12x11
    RenderText {mo} at (0,-7) size 12x20
      text run at (0,-7) width 12: "\x{23AA}"
layer at (411,392) size 12x11 backgroundClip at (411,393) size 12x10 clip at (411,393) size 12x10 outlineClip at (411,393) size 12x10
  RenderBlock (relative positioned) {mo} at (0,0) size 12x11
    RenderText {mo} at (0,-7) size 12x20
      text run at (0,-7) width 12: "\x{23AA}"
layer at (432,276) size 12x11 backgroundClip at (432,277) size 12x9 clip at (432,277) size 12x9 outlineClip at (432,277) size 12x9
  RenderBlock (relative positioned) {mo} at (0,0) size 12x11
    RenderText {mo} at (0,-7) size 12x20
      text run at (0,-7) width 12: "\x{23AE}"
layer at (432,285) size 12x11 backgroundClip at (432,286) size 12x9 clip at (432,286) size 12x9 outlineClip at (432,286) size 12x9
  RenderBlock (relative positioned) {mo} at (0,0) size 12x11
    RenderText {mo} at (0,-7) size 12x20
      text run at (0,-7) width 12: "\x{23AE}"
layer at (432,294) size 12x11 backgroundClip at (432,295) size 12x9 clip at (432,295) size 12x9 outlineClip at (432,295) size 12x9
  RenderBlock (relative positioned) {mo} at (0,0) size 12x11
    RenderText {mo} at (0,-7) size 12x20
      text run at (0,-7) width 12: "\x{23AE}"
layer at (432,303) size 12x11 backgroundClip at (432,304) size 12x9 clip at (432,304) size 12x9 outlineClip at (432,304) size 12x9
  RenderBlock (relative positioned) {mo} at (0,0) size 12x11
    RenderText {mo} at (0,-7) size 12x20
      text run at (0,-7) width 12: "\x{23AE}"
layer at (432,312) size 12x11 backgroundClip at (432,313) size 12x9 clip at (432,313) size 12x9 outlineClip at (432,313) size 12x9
  RenderBlock (relative positioned) {mo} at (0,0) size 12x11
    RenderText {mo} at (0,-7) size 12x20
      text run at (0,-7) width 12: "\x{23AE}"
layer at (432,321) size 12x11 backgroundClip at (432,322) size 12x9 clip at (432,322) size 12x9 outlineClip at (432,322) size 12x9
  RenderBlock (relative positioned) {mo} at (0,0) size 12x11
    RenderText {mo} at (0,-7) size 12x20
      text run at (0,-7) width 12: "\x{23AE}"
layer at (432,330) size 12x11 backgroundClip at (432,331) size 12x9 clip at (432,331) size 12x9 outlineClip at (432,331) size 12x9
  RenderBlock (relative positioned) {mo} at (0,0) size 12x11
    RenderText {mo} at (0,-7) size 12x20
      text run at (0,-7) width 12: "\x{23AE}"
layer at (432,339) size 12x11 backgroundClip at (432,340) size 12x9 clip at (432,340) size 12x9 outlineClip at (432,340) size 12x9
  RenderBlock (relative positioned) {mo} at (0,0) size 12x11
    RenderText {mo} at (0,-7) size 12x20
      text run at (0,-7) width 12: "\x{23AE}"
layer at (432,348) size 12x11 backgroundClip at (432,349) size 12x9 clip at (432,349) size 12x9 outlineClip at (432,349) size 12x9
  RenderBlock (relative positioned) {mo} at (0,0) size 12x11
    RenderText {mo} at (0,-7) size 12x20
      text run at (0,-7) width 12: "\x{23AE}"
layer at (432,357) size 12x11 backgroundClip at (432,358) size 12x9 clip at (432,358) size 12x9 outlineClip at (432,358) size 12x9
  RenderBlock (relative positioned) {mo} at (0,0) size 12x11
    RenderText {mo} at (0,-7) size 12x20
      text run at (0,-7) width 12: "\x{23AE}"
layer at (432,366) size 12x11 backgroundClip at (432,367) size 12x9 clip at (432,367) size 12x9 outlineClip at (432,367) size 12x9
  RenderBlock (relative positioned) {mo} at (0,0) size 12x11
    RenderText {mo} at (0,-7) size 12x20
      text run at (0,-7) width 12: "\x{23AE}"
layer at (432,375) size 12x11 backgroundClip at (432,376) size 12x9 clip at (432,376) size 12x9 outlineClip at (432,376) size 12x9
  RenderBlock (relative positioned) {mo} at (0,0) size 12x11
    RenderText {mo} at (0,-7) size 12x20
      text run at (0,-7) width 12: "\x{23AE}"
layer at (432,384) size 12x11 backgroundClip at (432,385) size 12x2 clip at (432,385) size 12x2 outlineClip at (432,385) size 12x2
  RenderBlock (relative positioned) {mo} at (0,0) size 12x11
    RenderText {mo} at (0,-7) size 12x20
      text run at (0,-7) width 12: "\x{23AE}"
layer at (432,386) size 7x16 backgroundClip at (432,387) size 12x16 clip at (432,387) size 12x16 outlineClip at (432,387) size 12x16
  RenderBlock (relative positioned) {mo} at (0,0) size 7x16
    RenderText {mo} at (0,-4) size 7x20
      text run at (0,-4) width 7: "\x{2321}"
layer at (49,428) size 12x11 backgroundClip at (49,429) size 12x9 clip at (49,429) size 12x9 outlineClip at (49,429) size 12x9
  RenderBlock (relative positioned) {mo} at (0,0) size 12x11
    RenderText {mo} at (0,-7) size 12x20
      text run at (0,-7) width 12: "\x{239C}"
layer at (49,437) size 12x11 backgroundClip at (49,438) size 12x9 clip at (49,438) size 12x9 outlineClip at (49,438) size 12x9
  RenderBlock (relative positioned) {mo} at (0,0) size 12x11
    RenderText {mo} at (0,-7) size 12x20
      text run at (0,-7) width 12: "\x{239C}"
layer at (49,446) size 12x11 backgroundClip at (49,447) size 12x8 clip at (49,447) size 12x8 outlineClip at (49,447) size 12x8
  RenderBlock (relative positioned) {mo} at (0,0) size 12x11
    RenderText {mo} at (0,-7) size 12x20
      text run at (0,-7) width 12: "\x{239C}"
layer at (49,454) size 12x11 backgroundClip at (49,455) size 12x10 clip at (49,455) size 12x10 outlineClip at (49,455) size 12x10
  RenderBlock (relative positioned) {mo} at (0,0) size 12x11
    RenderText {mo} at (0,-7) size 12x20
      text run at (0,-7) width 12: "\x{239D}"
layer at (228,428) size 12x11 backgroundClip at (228,429) size 12x9 clip at (228,429) size 12x9 outlineClip at (228,429) size 12x9
  RenderBlock (relative positioned) {mo} at (0,0) size 12x11
    RenderText {mo} at (0,-7) size 12x20
      text run at (0,-7) width 12: "\x{239F}"
layer at (228,437) size 12x11 backgroundClip at (228,438) size 12x9 clip at (228,438) size 12x9 outlineClip at (228,438) size 12x9
  RenderBlock (relative positioned) {mo} at (0,0) size 12x11
    RenderText {mo} at (0,-7) size 12x20
      text run at (0,-7) width 12: "\x{239F}"
layer at (228,446) size 12x11 backgroundClip at (228,447) size 12x8 clip at (228,447) size 12x8 outlineClip at (228,447) size 12x8
  RenderBlock (relative positioned) {mo} at (0,0) size 12x11
    RenderText {mo} at (0,-7) size 12x20
      text run at (0,-7) width 12: "\x{239F}"
layer at (228,454) size 12x11 backgroundClip at (228,455) size 12x10 clip at (228,455) size 12x10 outlineClip at (228,455) size 12x10
  RenderBlock (relative positioned) {mo} at (0,0) size 12x11
    RenderText {mo} at (0,-7) size 12x20
      text run at (0,-7) width 12: "\x{23A0}"
