layer at (0,0) size 800x600
  RenderView at (0,0) size 800x600
layer at (0,0) size 800x217
  RenderBlock {html} at (0,0) size 800x217
    RenderBody {body} at (8,16) size 784x185
      RenderBlock {p} at (0,0) size 784x28
        RenderText {#text} at (0,5) size 88x19
          text run at (0,5) width 88: "under & over: "
        RenderMathMLMath {math} at (88,0) size 13x28 [padding: 0 1 0 1]
          RenderMathMLUnderOver {munderover} at (1,0) size 11x28
            RenderBlock {mi} at (0,9) size 11x12
              RenderText {#text} at (0,-4) size 9x19
                text run at (0,-4) width 9: "B"
            RenderBlock {mi} at (2,21) size 7x7
              RenderText {#text} at (0,-6) size 5x15
                text run at (0,-6) width 5: "x"
            RenderBlock {mi} at (2,0) size 7x9
              RenderText {#text} at (0,-6) size 5x15
                text run at (0,-6) width 5: "y"
        RenderText {#text} at (0,0) size 0x0
      RenderBlock {p} at (0,44) size 784x31
        RenderText {#text} at (0,5) size 88x19
          text run at (0,5) width 88: "under & over: "
        RenderMathMLMath {math} at (88,0) size 13x31 [padding: 0 1 0 1]
          RenderMathMLUnderOver {munderover} at (1,0) size 11x31
            RenderBlock {mi} at (0,9) size 11x12
              RenderText {#text} at (0,-4) size 9x19
                text run at (0,-4) width 9: "B"
            RenderBlock {mi} at (1,21) size 9x10
              RenderText {#text} at (0,-3) size 7x15
                text run at (0,-3) width 7: "X"
            RenderBlock {mi} at (2,0) size 7x9
              RenderText {#text} at (0,-6) size 5x15
                text run at (0,-6) width 5: "y"
        RenderText {#text} at (0,0) size 0x0
      RenderBlock {p} at (0,91) size 784x38
        RenderText {#text} at (0,12) size 88x19
          text run at (0,12) width 88: "under & over: "
        RenderMathMLMath {math} at (88,0) size 30x38 [padding: 0 1 0 1]
          RenderMathMLUnderOver {munderover} at (1,0) size 28x38
            RenderMathMLOperator {mo} at (4,10) size 20x18
              RenderMathMLBlock (flex) {mo} at (0,0) size 19x18
                RenderBlock (anonymous) at (0,0) size 19x18
                  RenderText {mo} at (0,-6) size 19x28
                    text run at (0,-6) width 19: "\x{2211}"
            RenderMathMLRow {mrow} at (0,28) size 27x10
              RenderBlock {mi} at (0,1) size 5x9
                RenderText {#text} at (0,-4) size 3x15
                  text run at (0,-4) width 3: "i"
              RenderMathMLOperator {mo} at (6,4) size 11x6
                RenderMathMLBlock (flex) {mo} at (0,0) size 10x6
                  RenderBlock (anonymous) at (0,0) size 10x6
                    RenderText {mo} at (0,-8) size 10x16
                      text run at (0,-8) width 10: "="
              RenderBlock {mi} at (18,0) size 9x10
                RenderText {#text} at (0,-3) size 6x15
                  text run at (0,-3) width 6: "0"
            RenderMathMLRow {mrow} at (0,0) size 28x10
              RenderBlock {mi} at (0,1) size 7x7
                RenderText {#text} at (0,-6) size 5x15
                  text run at (0,-6) width 5: "x"
              RenderMathMLOperator {mo} at (8,0) size 11x8
                RenderMathMLBlock (flex) {mo} at (0,0) size 10x8
                  RenderBlock (anonymous) at (0,0) size 10x8
                    RenderText {mo} at (0,-6) size 10x16
                      text run at (0,-6) width 10: "+"
              RenderBlock {mi} at (20,1) size 8x9
                RenderText {#text} at (0,-6) size 5x15
                  text run at (0,-6) width 5: "y"
        RenderText {#text} at (0,0) size 0x0
      RenderBlock {p} at (0,145) size 784x40
        RenderText {#text} at (0,14) size 88x19
          text run at (0,14) width 88: "under & over: "
        RenderMathMLMath {math} at (88,0) size 32x40 [padding: 0 1 0 1]
          RenderMathMLUnderOver {munderover} at (1,0) size 30x40
            RenderMathMLOperator {mo} at (5,12) size 20x18
              RenderMathMLBlock (flex) {mo} at (0,0) size 19x18
                RenderBlock (anonymous) at (0,0) size 19x18
                  RenderText {mo} at (0,-6) size 19x28
                    text run at (0,-6) width 19: "\x{2211}"
            RenderMathMLRow {mrow} at (1,30) size 28x10
              RenderBlock {mi} at (0,0) size 6x10
                RenderText {#text} at (0,-3) size 4x15
                  text run at (0,-3) width 4: "I"
              RenderMathMLOperator {mo} at (7,4) size 11x6
                RenderMathMLBlock (flex) {mo} at (0,0) size 10x6
                  RenderBlock (anonymous) at (0,0) size 10x6
                    RenderText {mo} at (0,-8) size 10x16
                      text run at (0,-8) width 10: "="
              RenderBlock {mi} at (19,0) size 9x10
                RenderText {#text} at (0,-3) size 6x15
                  text run at (0,-3) width 6: "0"
            RenderMathMLRow {mrow} at (0,0) size 30x12
              RenderBlock {mi} at (0,0) size 9x10
                RenderText {#text} at (0,-3) size 7x15
                  text run at (0,-3) width 7: "X"
              RenderMathMLOperator {mo} at (10,2) size 11x8
                RenderMathMLBlock (flex) {mo} at (0,0) size 10x8
                  RenderBlock (anonymous) at (0,0) size 10x8
                    RenderText {mo} at (0,-6) size 10x16
                      text run at (0,-6) width 10: "+"
              RenderBlock {mi} at (22,3) size 8x9
                RenderText {#text} at (0,-6) size 5x15
                  text run at (0,-6) width 5: "y"
        RenderText {#text} at (0,0) size 0x0
