layer at (0,0) size 800x600
  RenderView at (0,0) size 800x600
layer at (0,0) size 800x600
  RenderBlock {HTML} at (0,0) size 800x600
    RenderBody {BODY} at (8,8) size 784x584
      RenderBlock {P} at (0,0) size 784x36
        RenderText {#text} at (0,0) size 762x36
          text run at (0,0) width 762: "This tests that the border of a table cell draws on top of the background-image of a table row-group. This test PASSED if"
          text run at (0,18) width 274: "you do not see any red in the square below."
      RenderTable {TABLE} at (0,52) size 100x100
        RenderTableSection {TBODY} at (0,0) size 100x100
          RenderTableRow {TR} at (0,0) size 100x50
            RenderTableCell {TD} at (0,10) size 50x30 [border: (10px solid #00FF00) none (10px solid #00FF00)] [r=0 c=0 rs=1 cs=1]
              RenderText {#text} at (11,11) size 4x18
                text run at (11,11) width 4: " "
            RenderTableCell {TD} at (50,10) size 50x30 [border: (10px solid #00FF00) none] [r=0 c=1 rs=1 cs=1]
              RenderText {#text} at (1,11) size 4x18
                text run at (1,11) width 4: " "
          RenderTableRow {TR} at (0,50) size 100x50
            RenderTableCell {TD} at (0,60) size 50x30 [border: none (10px solid #00FF00)] [r=1 c=0 rs=1 cs=1]
              RenderText {#text} at (11,1) size 4x18
                text run at (11,1) width 4: " "
            RenderTableCell {TD} at (50,60) size 50x30 [border: none (10px solid #00FF00) none] [r=1 c=1 rs=1 cs=1]
              RenderText {#text} at (1,1) size 4x18
                text run at (1,1) width 4: " "
