layer at (0,0) size 800x600
  RenderView at (0,0) size 800x600
layer at (0,0) size 800x600
  RenderBlock {HTML} at (0,0) size 800x600
    RenderBody {BODY} at (8,8) size 784x584
      RenderBlock {P} at (0,0) size 784x36
        RenderText {#text} at (0,0) size 764x36
          text run at (0,0) width 764: "This tests that the background image of the table-row can be shifted to the right by 50px. This test PASSED if you do not"
          text run at (0,18) width 124: "see the word FAIL."
      RenderTable {TABLE} at (0,52) size 100x50
        RenderTableSection {TBODY} at (0,0) size 100x50
          RenderTableRow {TR} at (0,0) size 100x50
            RenderTableCell {TD} at (0,15) size 50x20 [color=#FFFFFF] [r=0 c=0 rs=1 cs=1]
              RenderText {#text} at (7,1) size 36x18
                text run at (7,1) width 36: "FAIL"
            RenderTableCell {TD} at (50,15) size 50x20 [color=#0000FF] [r=0 c=1 rs=1 cs=1]
              RenderText {#text} at (7,1) size 36x18
                text run at (7,1) width 36: "FAIL"
