layer at (0,0) size 800x600
  RenderView at (0,0) size 800x600
layer at (0,0) size 800x600
  RenderBlock {HTML} at (0,0) size 800x600
    RenderBody {BODY} at (8,8) size 784x584
      RenderBlock {P} at (0,0) size 784x54
        RenderText {#text} at (0,0) size 754x36
          text run at (0,0) width 754: "This tests that the background-image of a table row-group \"extends from the top left corner of its topmost cell in the first"
          text run at (0,18) width 517: "column to the bottom right corner of its bottommost cell in the last column\" as per "
        RenderInline {A} at (0,0) size 217x18 [color=#0000EE]
          RenderText {#text} at (517,18) size 217x18
            text run at (517,18) width 217: "section 17.5.1 of the CSS 2.1 spec"
        RenderText {#text} at (734,18) size 770x36
          text run at (734,18) width 36: ". This"
          text run at (0,36) width 299: "test PASSED if you do not see the word FAIL."
      RenderTable {TABLE} at (0,70) size 100x100
        RenderTableSection {TBODY} at (0,0) size 100x100
          RenderTableRow {TR} at (0,0) size 100x50
            RenderTableCell {TD} at (0,15) size 50x20 [color=#0000FF] [r=0 c=0 rs=1 cs=1]
              RenderText {#text} at (7,1) size 36x18
                text run at (7,1) width 36: "FAIL"
            RenderTableCell {TD} at (50,15) size 50x20 [color=#FFFF00] [r=0 c=1 rs=1 cs=1]
              RenderText {#text} at (7,1) size 36x18
                text run at (7,1) width 36: "FAIL"
          RenderTableRow {TR} at (0,50) size 100x50
            RenderTableCell {TD} at (0,65) size 50x20 [color=#FFFF00] [r=1 c=0 rs=1 cs=1]
              RenderText {#text} at (7,1) size 36x18
                text run at (7,1) width 36: "FAIL"
            RenderTableCell {TD} at (50,65) size 50x20 [color=#0000FF] [r=1 c=1 rs=1 cs=1]
              RenderText {#text} at (7,1) size 36x18
                text run at (7,1) width 36: "FAIL"
