layer at (0,0) size 800x600
  RenderView at (0,0) size 800x600
layer at (0,0) size 800x600
  RenderBlock {HTML} at (0,0) size 800x600
    RenderBody {BODY} at (8,8) size 784x584
      RenderBlock {P} at (0,0) size 784x36
        RenderText {#text} at (0,0) size 770x36
          text run at (0,0) width 770: "This tests that the border of a table cell draws on top of the background-image of a table column. This test PASSED if you"
          text run at (0,18) width 246: "do not see any red in the square below."
      RenderTable {TABLE} at (0,52) size 50x100
        RenderTableCol {COL} at (0,0) size 0x0
        RenderTableSection {TBODY} at (0,0) size 50x100
          RenderTableRow {TR} at (0,0) size 50x50
            RenderTableCell {TD} at (0,10) size 50x30 [border: (10px solid #00FF00) none (10px solid #00FF00)] [r=0 c=0 rs=1 cs=1]
              RenderText {#text} at (11,11) size 4x18
                text run at (11,11) width 4: " "
          RenderTableRow {TR} at (0,50) size 50x50
            RenderTableCell {TD} at (0,60) size 50x30 [border: none (10px solid #00FF00)] [r=1 c=0 rs=1 cs=1]
              RenderText {#text} at (11,1) size 4x18
                text run at (11,1) width 4: " "
