layer at (0,0) size 800x600
  RenderView at (0,0) size 800x600
layer at (0,0) size 800x600
  RenderBlock {HTML} at (0,0) size 800x600
    RenderBody {BODY} at (8,8) size 784x584
      RenderBlock {P} at (0,0) size 784x36
        RenderText {#text} at (0,0) size 634x18
          text run at (0,0) width 634: "This tests that the background-image of a table cell overrides the background image of its row as per "
        RenderInline {A} at (0,0) size 762x36 [color=#0000EE]
          RenderText {#text} at (634,0) size 762x36
            text run at (634,0) width 128: "section 17.5.1 of the"
            text run at (0,18) width 85: "CSS 2.1 spec"
        RenderText {#text} at (85,18) size 339x18
          text run at (85,18) width 339: ". This test PASSED if you do not see the word FAIL."
      RenderTable {TABLE} at (0,52) size 100x50
        RenderTableSection {TBODY} at (0,0) size 100x50
          RenderTableRow {TR} at (0,0) size 100x50
            RenderTableCell {TD} at (0,15) size 50x20 [color=#0000FF] [r=0 c=0 rs=1 cs=1]
              RenderText {#text} at (7,1) size 36x18
                text run at (7,1) width 36: "FAIL"
            RenderTableCell {TD} at (50,15) size 50x20 [color=#0000FF] [r=0 c=1 rs=1 cs=1]
              RenderText {#text} at (7,1) size 36x18
                text run at (7,1) width 36: "FAIL"
