layer at (0,0) size 800x600
  RenderView at (0,0) size 800x600
layer at (0,0) size 800x600
  RenderBlock {HTML} at (0,0) size 800x600
    RenderBody {BODY} at (8,8) size 784x584
      RenderBlock {P} at (0,0) size 784x54
        RenderText {#text} at (0,0) size 775x36
          text run at (0,0) width 775: "This tests that the background-image of a table column group that contains columns with a span > 1 \"covers exactly the full"
          text run at (0,18) width 363: "area of all cells that originate in the column group\" as per "
        RenderInline {A} at (0,0) size 217x18 [color=#0000EE]
          RenderText {#text} at (363,18) size 217x18
            text run at (363,18) width 217: "section 17.5.1 of the CSS 2.1 spec"
        RenderText {#text} at (580,18) size 767x36
          text run at (580,18) width 187: ". This test PASSED if you do"
          text run at (0,36) width 148: "not see the word FAIL."
      RenderTable {TABLE} at (0,70) size 150x100
        RenderTableCol {COLGROUP} at (0,0) size 0x0
          RenderTableCol {COL} at (0,0) size 0x0
        RenderTableCol {COLGROUP} at (0,0) size 0x0
          RenderTableCol {COL} at (0,0) size 0x0
        RenderTableSection {TBODY} at (0,0) size 150x100
          RenderTableRow {TR} at (0,0) size 150x50
            RenderTableCell {TD} at (0,15) size 50x20 [color=#0000FF] [r=0 c=0 rs=1 cs=1]
              RenderText {#text} at (7,1) size 36x18
                text run at (7,1) width 36: "FAIL"
            RenderTableCell {TD} at (50,15) size 50x20 [color=#FFFF00] [r=0 c=1 rs=1 cs=1]
              RenderText {#text} at (7,1) size 36x18
                text run at (7,1) width 36: "FAIL"
            RenderTableCell {TD} at (100,15) size 50x20 [color=#0000FF] [r=0 c=2 rs=1 cs=1]
              RenderText {#text} at (7,1) size 36x18
                text run at (7,1) width 36: "FAIL"
          RenderTableRow {TR} at (0,50) size 150x50
            RenderTableCell {TD} at (0,65) size 50x20 [color=#FFFF00] [r=1 c=0 rs=1 cs=1]
              RenderText {#text} at (7,1) size 36x18
                text run at (7,1) width 36: "FAIL"
            RenderTableCell {TD} at (50,65) size 50x20 [color=#0000FF] [r=1 c=1 rs=1 cs=1]
              RenderText {#text} at (7,1) size 36x18
                text run at (7,1) width 36: "FAIL"
            RenderTableCell {TD} at (100,65) size 50x20 [color=#FFFF00] [r=1 c=2 rs=1 cs=1]
              RenderText {#text} at (7,1) size 36x18
                text run at (7,1) width 36: "FAIL"
