layer at (0,0) size 800x600
  RenderView at (0,0) size 800x600
layer at (0,0) size 800x600
  RenderBlock {HTML} at (0,0) size 800x600
    RenderBody {BODY} at (8,8) size 784x584
      RenderBlock {P} at (0,0) size 784x36
        RenderText {#text} at (0,0) size 694x18
          text run at (0,0) width 694: "This tests that the background-image of a table covers exactly the full area of all cells in the table as implied in "
        RenderInline {A} at (0,0) size 782x36 [color=#0000EE]
          RenderText {#text} at (694,0) size 782x36
            text run at (694,0) width 88: "section 17.5.1"
            text run at (0,18) width 125: "of the CSS 2.1 spec"
        RenderText {#text} at (125,18) size 339x18
          text run at (125,18) width 339: ". This test PASSED if you do not see the word FAIL."
      RenderTable {TABLE} at (0,52) size 100x100
        RenderTableSection {TBODY} at (0,0) size 100x100
          RenderTableRow {TR} at (0,0) size 100x50
            RenderTableCell {TD} at (0,15) size 50x20 [color=#0000FF] [r=0 c=0 rs=1 cs=1]
              RenderText {#text} at (7,1) size 36x18
                text run at (7,1) width 36: "FAIL"
            RenderTableCell {TD} at (50,15) size 50x20 [color=#FFFF00] [r=0 c=1 rs=1 cs=1]
              RenderText {#text} at (7,1) size 36x18
                text run at (7,1) width 36: "FAIL"
          RenderTableRow {TR} at (0,50) size 100x50
            RenderTableCell {TD} at (0,65) size 50x20 [color=#FFFF00] [r=1 c=0 rs=1 cs=1]
              RenderText {#text} at (7,1) size 36x18
                text run at (7,1) width 36: "FAIL"
            RenderTableCell {TD} at (50,65) size 50x20 [color=#0000FF] [r=1 c=1 rs=1 cs=1]
              RenderText {#text} at (7,1) size 36x18
                text run at (7,1) width 36: "FAIL"
