layer at (0,0) size 800x600
  RenderView at (0,0) size 800x600
layer at (0,0) size 800x600
  RenderBlock {HTML} at (0,0) size 800x600
    RenderBody {BODY} at (0,20) size 800x580
layer at (0,20) size 170x200
  RenderBlock {DIV} at (0,0) size 170x200 [border: none (20px solid #C0C0C0)]
    RenderText {#text} at (20,0) size 91x185
      text run at (20,0) width 177: "Lorem ipsum dolor sit amet,"
      text run at (38,0) width 75: "consectetur "
      text run at (38,75) width 91: "adipiscing elit."
      text run at (56,0) width 185: "Curabitur neque elit, pulvinar"
      text run at (74,0) width 100: "eget lobortis at, "
      text run at (74,100) width 72: "convallis ut"
      text run at (92,0) width 44: "lectus. "
    RenderText {#text} at (92,101) size 133x192
      text run at (92,101) width 62: " vulputate"
      text run at (110,0) width 147: "tincidunt leo, eu varius "
      text run at (110,147) width 31: "nunc"
      text run at (128,0) width 176: "ullamcorper vel. Integer nec"
      text run at (146,0) width 192: "dolor sed ante pharetra lacinia."
      text run at (170,0) width 187: "Integer dignissim iaculis nulla"
      text run at (188,0) width 170: "et rutrum. Praesent pretium"
      text run at (206,0) width 57: "euismod "
      text run at (206,57) width 97: "est eget laoreet."
    RenderText {#text} at (224,44) size 223x196
      text run at (224,44) width 102: " suscipit suscipit"
      text run at (242,0) width 182: "elementum. Duis consectetur"
      text run at (260,0) width 189: "pulvinar tempor. In mi sapien,"
      text run at (278,0) width 173: "malesuada vitae posuere ut,"
      text run at (296,0) width 68: "adipiscing "
      text run at (296,68) width 117: "id odio. Integer est"
      text run at (320,0) width 194: "mi, luctus sed cursus in, cursus"
      text run at (338,0) width 105: "vitae urna. Nam "
      text run at (338,105) width 71: "consectetur"
      text run at (356,0) width 167: "orci tempor nibh iaculis eu"
      text run at (374,0) width 195: "dignissim odio laoreet. Aenean"
      text run at (392,0) width 175: "congue fermentum nibh sed"
      text run at (410,0) width 196: "malesuada. Curabitur enim leo,"
      text run at (428,0) width 70: "porttitor ut "
      text run at (428,70) width 75: "interdum et,"
    RenderText {#text} at (446,52) size 19x60
      text run at (446,52) width 60: " ut lorem."
layer at (0,20) size 19x57
  RenderInline (relative positioned) {SPAN} at (0,0) size 19x57 [bgcolor=#FFFF00]
    RenderText {#text} at (92,44) size 19x57
      text run at (92,44) width 57: "Vivamus"
layer at (0,20) size 19x44
  RenderInline (relative positioned) {SPAN} at (0,0) size 19x44 [bgcolor=#FFFF00]
    RenderText {#text} at (224,0) size 19x44
      text run at (224,0) width 44: "Integer"
layer at (0,20) size 19x52
  RenderInline (relative positioned) {SPAN} at (0,0) size 19x52 [bgcolor=#FFFF00]
    RenderText {#text} at (446,0) size 19x52
      text run at (446,0) width 52: "pulvinar"
