layer at (0,0) size 800x600
  RenderView at (0,0) size 800x600
layer at (0,0) size 800x600
  RenderBlock {HTML} at (0,0) size 800x600
    RenderBody {BODY} at (8,8) size 784x584
layer at (8,8) size 784x464
  RenderBlock {DIV} at (0,0) size 784x464 [border: (1px solid #000000)]
layer at (9,9) size 383x290
  RenderBlock {DIV} at (1,1) size 383x290 [border: (1px solid #000000)]
    RenderText {#text} at (1,1) size 180x558
      text run at (1,1) width 132: "Vestibulum a sapien."
      text run at (1,19) width 129: "Phasellus ante lacus,"
      text run at (1,37) width 144: "vehicula non, cursus a,"
      text run at (1,55) width 114: "tempor ut, magna."
      text run at (1,73) width 169: "Suspendisse potenti. Fusce"
      text run at (1,91) width 126: "aliquet, odio viverra"
      text run at (1,109) width 176: "vulputate dictum, enim odio"
      text run at (1,127) width 169: "luctus purus, ut scelerisque"
      text run at (1,145) width 169: "quam nulla non est. Donec"
      text run at (1,163) width 153: "eros lacus, egestas vitae,"
      text run at (1,181) width 157: "lacinia quis, tempor quis,"
      text run at (1,199) width 180: "pede. Morbi orci erat, iaculis"
      text run at (1,217) width 174: "id, ornare ac, elementum at,"
      text run at (1,235) width 162: "sem. Nunc ornare sodales"
      text run at (1,253) width 129: "nisi. Morbi interdum"
      text run at (1,271) width 164: "commodo nisl. Fusce eget"
      text run at (1,289) width 179: "eros non nisi ornare facilisis."
      text run at (1,307) width 130: "Sed placerat, est non"
      text run at (1,325) width 174: "posuere posuere, purus sem"
      text run at (1,343) width 163: "dignissim libero, a viverra"
      text run at (1,361) width 170: "tellus dolor vel lorem. Cras"
      text run at (1,379) width 136: "augue. Etiam ultricies"
      text run at (1,397) width 165: "consequat odio. Mauris ac"
      text run at (1,415) width 178: "libero. Etiam posuere, libero"
      text run at (1,433) width 174: "vitae euismod gravida, urna"
      text run at (1,451) width 155: "elit imperdiet magna, vel"
      text run at (1,469) width 171: "cursus elit felis non mauris."
      text run at (1,487) width 157: "Donec orci erat, porta id,"
      text run at (1,505) width 133: "dignissim ut, posuere"
      text run at (1,523) width 155: "dictum, leo. Suspendisse"
      text run at (1,541) width 157: "scelerisque egestas nulla."
layer at (9,299) size 383x290
  RenderBlock {DIV} at (1,291) size 383x290 [border: (1px solid #000000)]
    RenderText {#text} at (1,1) size 180x558
      text run at (1,1) width 132: "Vestibulum a sapien."
      text run at (1,19) width 129: "Phasellus ante lacus,"
      text run at (1,37) width 144: "vehicula non, cursus a,"
      text run at (1,55) width 114: "tempor ut, magna."
      text run at (1,73) width 169: "Suspendisse potenti. Fusce"
      text run at (1,91) width 126: "aliquet, odio viverra"
      text run at (1,109) width 176: "vulputate dictum, enim odio"
      text run at (1,127) width 169: "luctus purus, ut scelerisque"
      text run at (1,145) width 169: "quam nulla non est. Donec"
      text run at (1,163) width 153: "eros lacus, egestas vitae,"
      text run at (1,181) width 157: "lacinia quis, tempor quis,"
      text run at (1,199) width 180: "pede. Morbi orci erat, iaculis"
      text run at (1,217) width 174: "id, ornare ac, elementum at,"
      text run at (1,235) width 162: "sem. Nunc ornare sodales"
      text run at (1,253) width 129: "nisi. Morbi interdum"
      text run at (1,271) width 164: "commodo nisl. Fusce eget"
      text run at (1,289) width 179: "eros non nisi ornare facilisis."
      text run at (1,307) width 130: "Sed placerat, est non"
      text run at (1,325) width 174: "posuere posuere, purus sem"
      text run at (1,343) width 163: "dignissim libero, a viverra"
      text run at (1,361) width 170: "tellus dolor vel lorem. Cras"
      text run at (1,379) width 136: "augue. Etiam ultricies"
      text run at (1,397) width 165: "consequat odio. Mauris ac"
      text run at (1,415) width 178: "libero. Etiam posuere, libero"
      text run at (1,433) width 174: "vitae euismod gravida, urna"
      text run at (1,451) width 155: "elit imperdiet magna, vel"
      text run at (1,469) width 171: "cursus elit felis non mauris."
      text run at (1,487) width 157: "Donec orci erat, porta id,"
      text run at (1,505) width 133: "dignissim ut, posuere"
      text run at (1,523) width 155: "dictum, leo. Suspendisse"
      text run at (1,541) width 157: "scelerisque egestas nulla."
layer at (9,589) size 383x344 backgroundClip at (0,0) size 800x600 clip at (0,0) size 800x600 outlineClip at (0,0) size 800x600
  RenderBlock {DIV} at (1,581) size 383x344 [border: (1px solid #000000)]
    RenderText {#text} at (1,1) size 83x1332
      text run at (1,1) width 73: "Vestibulum"
      text run at (1,19) width 55: "a sapien."
      text run at (1,37) width 59: "Phasellus"
      text run at (1,55) width 66: "ante lacus,"
      text run at (1,73) width 53: "vehicula"
      text run at (1,91) width 72: "non, cursus"
      text run at (1,109) width 79: "a, tempor ut,"
      text run at (1,127) width 46: "magna."
      text run at (1,145) width 77: "Suspendisse"
      text run at (1,163) width 47: "potenti."
      text run at (1,181) width 37: "Fusce"
      text run at (1,199) width 78: "aliquet, odio"
      text run at (1,217) width 44: "viverra"
      text run at (1,235) width 58: "vulputate"
      text run at (1,253) width 82: "dictum, enim"
      text run at (1,271) width 69: "odio luctus"
      text run at (1,289) width 55: "purus, ut"
      text run at (1,307) width 69: "scelerisque"
      text run at (1,325) width 70: "quam nulla"
      text run at (1,343) width 49: "non est."
      text run at (1,361) width 72: "Donec eros"
      text run at (1,379) width 36: "lacus,"
      text run at (1,397) width 83: "egestas vitae,"
      text run at (1,415) width 75: "lacinia quis,"
      text run at (1,433) width 78: "tempor quis,"
      text run at (1,451) width 77: "pede. Morbi"
      text run at (1,469) width 55: "orci erat,"
      text run at (1,487) width 60: "iaculis id,"
      text run at (1,505) width 62: "ornare ac,"
      text run at (1,523) width 69: "elementum"
      text run at (1,541) width 48: "at, sem."
      text run at (1,559) width 79: "Nunc ornare"
      text run at (1,577) width 76: "sodales nisi."
      text run at (1,595) width 39: "Morbi"
      text run at (1,613) width 56: "interdum"
      text run at (1,631) width 63: "commodo"
      text run at (1,649) width 67: "nisl. Fusce"
      text run at (1,667) width 56: "eget eros"
      text run at (1,685) width 50: "non nisi"
      text run at (1,703) width 40: "ornare"
      text run at (1,721) width 79: "facilisis. Sed"
      text run at (1,739) width 74: "placerat, est"
      text run at (1,757) width 77: "non posuere"
      text run at (1,775) width 53: "posuere,"
      text run at (1,793) width 64: "purus sem"
      text run at (1,811) width 60: "dignissim"
      text run at (1,829) width 51: "libero, a"
      text run at (1,847) width 81: "viverra tellus"
      text run at (1,865) width 56: "dolor vel"
      text run at (1,883) width 73: "lorem. Cras"
      text run at (1,901) width 83: "augue. Etiam"
      text run at (1,919) width 49: "ultricies"
      text run at (1,937) width 63: "consequat"
      text run at (1,955) width 80: "odio. Mauris"
      text run at (1,973) width 58: "ac libero."
      text run at (1,991) width 37: "Etiam"
      text run at (1,1009) width 53: "posuere,"
      text run at (1,1027) width 70: "libero vitae"
      text run at (1,1045) width 53: "euismod"
      text run at (1,1063) width 83: "gravida, urna"
      text run at (1,1081) width 82: "elit imperdiet"
      text run at (1,1099) width 69: "magna, vel"
      text run at (1,1117) width 63: "cursus elit"
      text run at (1,1135) width 54: "felis non"
      text run at (1,1153) width 46: "mauris."
      text run at (1,1171) width 70: "Donec orci"
      text run at (1,1189) width 83: "erat, porta id,"
      text run at (1,1207) width 80: "dignissim ut,"
      text run at (1,1225) width 49: "posuere"
      text run at (1,1243) width 74: "dictum, leo."
      text run at (1,1261) width 77: "Suspendisse"
      text run at (1,1279) width 69: "scelerisque"
      text run at (1,1297) width 45: "egestas"
      text run at (1,1315) width 35: "nulla."
