layer at (0,0) size 800x600
  RenderView at (0,0) size 800x600
layer at (0,0) size 800x600
  RenderBlock {HTML} at (0,0) size 800x600
    RenderBody {BODY} at (8,8) size 784x584
      RenderTable {TABLE} at (0,0) size 600x499
        RenderTableSection {TBODY} at (0,0) size 600x499
          RenderTableRow {TR} at (0,0) size 600x499
            RenderTableCell {TD} at (0,0) size 600x499 [r=0 c=0 rs=1 cs=1]
              RenderBlock (anonymous) at (0,0) size 600x1
                RenderImage {IMG} at (0,0) size 600x1
                RenderText {#text} at (0,0) size 0x0
              RenderBlock {BLOCKQUOTE} at (40,17) size 520x466
                RenderBlock {BLOCKQUOTE} at (40,0) size 440x466
                  RenderBlock (anonymous) at (0,0) size 440x228
                    RenderTable {TABLE} at (180,0) size 260x316
                      RenderTableSection {TBODY} at (0,0) size 260x316
                        RenderTableRow {TR} at (0,0) size 260x23
                          RenderTableCell {TD} at (0,0) size 6x23 [bgcolor=#FFFFFF] [r=0 c=0 rs=1 cs=1]
                            RenderBR {BR} at (2,2) size 0x19
                          RenderTableCell {TD} at (6,2) size 254x19 [bgcolor=#CCCCDD] [r=0 c=1 rs=1 cs=1]
                            RenderInline {FONT} at (0,0) size 246x15
                              RenderInline {B} at (0,0) size 246x15
                                RenderText {#text} at (2,2) size 246x15
                                  text run at (2,2) width 246: "CHAMBERLAIN'S CAREER STATISTICS"
                        RenderTableRow {TR} at (0,23) size 260x293
                          RenderTableCell {TD} at (0,158) size 6x23 [bgcolor=#FFFFFF] [r=1 c=0 rs=1 cs=1]
                            RenderBR {BR} at (2,2) size 0x19
                          RenderTableCell {TD} at (6,23) size 254x293 [r=1 c=1 rs=1 cs=1]
                            RenderTable {TABLE} at (2,2) size 250x272
                              RenderTableSection {TBODY} at (0,0) size 250x272
                                RenderTableRow {TR} at (0,0) size 250x17 [bgcolor=#EEEEEE]
                                  RenderTableCell {TD} at (0,0) size 31x17 [r=0 c=0 rs=1 cs=1]
                                    RenderInline {FONT} at (0,0) size 22x13
                                      RenderText {#text} at (2,2) size 22x13
                                        text run at (2,2) width 22: "Year"
                                  RenderTableCell {TD} at (31,0) size 70x17 [r=0 c=1 rs=1 cs=1]
                                    RenderInline {FONT} at (0,0) size 26x13
                                      RenderText {#text} at (2,2) size 26x13
                                        text run at (2,2) width 26: "Team"
                                  RenderTableCell {TD} at (101,0) size 28x17 [r=0 c=2 rs=1 cs=1]
                                    RenderInline {FONT} at (0,0) size 15x13
                                      RenderText {#text} at (11,2) size 15x13
                                        text run at (11,2) width 15: "GP"
                                  RenderTableCell {TD} at (129,0) size 34x17 [r=0 c=3 rs=1 cs=1]
                                    RenderInline {FONT} at (0,0) size 19x13
                                      RenderText {#text} at (13,2) size 19x13
                                        text run at (13,2) width 19: "Reb"
                                  RenderTableCell {TD} at (163,0) size 26x17 [r=0 c=4 rs=1 cs=1]
                                    RenderInline {FONT} at (0,0) size 22x13
                                      RenderText {#text} at (2,2) size 22x13
                                        text run at (2,2) width 22: "RPG"
                                  RenderTableCell {TD} at (189,0) size 34x17 [r=0 c=5 rs=1 cs=1]
                                    RenderInline {FONT} at (0,0) size 15x13
                                      RenderText {#text} at (17,2) size 15x13
                                        text run at (17,2) width 15: "Pts"
                                  RenderTableCell {TD} at (223,0) size 27x17 [r=0 c=6 rs=1 cs=1]
                                    RenderInline {FONT} at (0,0) size 22x13
                                      RenderText {#text} at (3,2) size 22x13
                                        text run at (3,2) width 22: "PPG"
                                RenderTableRow {TR} at (0,17) size 250x17 [bgcolor=#FFFFFF]
                                  RenderTableCell {TD} at (0,17) size 31x17 [r=1 c=0 rs=1 cs=1]
                                    RenderInline {FONT} at (0,0) size 27x13
                                      RenderText {#text} at (2,2) size 27x13
                                        text run at (2,2) width 27: "59-60"
                                  RenderTableCell {TD} at (31,17) size 70x17 [r=1 c=1 rs=1 cs=1]
                                    RenderInline {FONT} at (0,0) size 57x13
                                      RenderText {#text} at (2,2) size 57x13
                                        text run at (2,2) width 57: "Philadelphia"
                                  RenderTableCell {TD} at (101,17) size 28x17 [r=1 c=2 rs=1 cs=1]
                                    RenderInline {FONT} at (0,0) size 12x13
                                      RenderText {#text} at (14,2) size 12x13
                                        text run at (14,2) width 12: "72"
                                  RenderTableCell {TD} at (129,17) size 34x17 [r=1 c=3 rs=1 cs=1]
                                    RenderInline {FONT} at (0,0) size 24x13
                                      RenderText {#text} at (8,2) size 24x13
                                        text run at (8,2) width 24: "1941"
                                  RenderTableCell {TD} at (163,17) size 26x17 [r=1 c=4 rs=1 cs=1]
                                    RenderInline {FONT} at (0,0) size 21x13
                                      RenderText {#text} at (3,2) size 21x13
                                        text run at (3,2) width 21: "27.0"
                                  RenderTableCell {TD} at (189,17) size 34x17 [r=1 c=5 rs=1 cs=1]
                                    RenderInline {FONT} at (0,0) size 24x13
                                      RenderText {#text} at (8,2) size 24x13
                                        text run at (8,2) width 24: "2707"
                                  RenderTableCell {TD} at (223,17) size 27x17 [r=1 c=6 rs=1 cs=1]
                                    RenderInline {FONT} at (0,0) size 21x13
                                      RenderText {#text} at (4,2) size 21x13
                                        text run at (4,2) width 21: "37.6"
                                RenderTableRow {TR} at (0,34) size 250x17 [bgcolor=#FFFFFF]
                                  RenderTableCell {TD} at (0,34) size 31x17 [r=2 c=0 rs=1 cs=1]
                                    RenderInline {FONT} at (0,0) size 27x13
                                      RenderText {#text} at (2,2) size 27x13
                                        text run at (2,2) width 27: "60-61"
                                  RenderTableCell {TD} at (31,34) size 70x17 [r=2 c=1 rs=1 cs=1]
                                    RenderInline {FONT} at (0,0) size 57x13
                                      RenderText {#text} at (2,2) size 57x13
                                        text run at (2,2) width 57: "Philadelphia"
                                  RenderTableCell {TD} at (101,34) size 28x17 [r=2 c=2 rs=1 cs=1]
                                    RenderInline {FONT} at (0,0) size 12x13
                                      RenderText {#text} at (14,2) size 12x13
                                        text run at (14,2) width 12: "79"
                                  RenderTableCell {TD} at (129,34) size 34x17 [r=2 c=3 rs=1 cs=1]
                                    RenderInline {FONT} at (0,0) size 24x13
                                      RenderText {#text} at (8,2) size 24x13
                                        text run at (8,2) width 24: "2149"
                                  RenderTableCell {TD} at (163,34) size 26x17 [r=2 c=4 rs=1 cs=1]
                                    RenderInline {FONT} at (0,0) size 21x13
                                      RenderText {#text} at (3,2) size 21x13
                                        text run at (3,2) width 21: "27.2"
                                  RenderTableCell {TD} at (189,34) size 34x17 [r=2 c=5 rs=1 cs=1]
                                    RenderInline {FONT} at (0,0) size 24x13
                                      RenderText {#text} at (8,2) size 24x13
                                        text run at (8,2) width 24: "3033"
                                  RenderTableCell {TD} at (223,34) size 27x17 [r=2 c=6 rs=1 cs=1]
                                    RenderInline {FONT} at (0,0) size 21x13
                                      RenderText {#text} at (4,2) size 21x13
                                        text run at (4,2) width 21: "38.4"
                                RenderTableRow {TR} at (0,51) size 250x17 [bgcolor=#FFFFFF]
                                  RenderTableCell {TD} at (0,51) size 31x17 [r=3 c=0 rs=1 cs=1]
                                    RenderInline {FONT} at (0,0) size 27x13
                                      RenderText {#text} at (2,2) size 27x13
                                        text run at (2,2) width 27: "61-62"
                                  RenderTableCell {TD} at (31,51) size 70x17 [r=3 c=1 rs=1 cs=1]
                                    RenderInline {FONT} at (0,0) size 57x13
                                      RenderText {#text} at (2,2) size 57x13
                                        text run at (2,2) width 57: "Philadelphia"
                                  RenderTableCell {TD} at (101,51) size 28x17 [r=3 c=2 rs=1 cs=1]
                                    RenderInline {FONT} at (0,0) size 12x13
                                      RenderText {#text} at (14,2) size 12x13
                                        text run at (14,2) width 12: "80"
                                  RenderTableCell {TD} at (129,51) size 34x17 [r=3 c=3 rs=1 cs=1]
                                    RenderInline {FONT} at (0,0) size 24x13
                                      RenderText {#text} at (8,2) size 24x13
                                        text run at (8,2) width 24: "2052"
                                  RenderTableCell {TD} at (163,51) size 26x17 [r=3 c=4 rs=1 cs=1]
                                    RenderInline {FONT} at (0,0) size 21x13
                                      RenderText {#text} at (3,2) size 21x13
                                        text run at (3,2) width 21: "25.7"
                                  RenderTableCell {TD} at (189,51) size 34x17 [r=3 c=5 rs=1 cs=1]
                                    RenderInline {FONT} at (0,0) size 24x13
                                      RenderText {#text} at (8,2) size 24x13
                                        text run at (8,2) width 24: "4029"
                                  RenderTableCell {TD} at (223,51) size 27x17 [r=3 c=6 rs=1 cs=1]
                                    RenderInline {FONT} at (0,0) size 21x13
                                      RenderText {#text} at (4,2) size 21x13
                                        text run at (4,2) width 21: "50.4"
                                RenderTableRow {TR} at (0,68) size 250x17 [bgcolor=#FFFFFF]
                                  RenderTableCell {TD} at (0,68) size 31x17 [r=4 c=0 rs=1 cs=1]
                                    RenderInline {FONT} at (0,0) size 27x13
                                      RenderText {#text} at (2,2) size 27x13
                                        text run at (2,2) width 27: "62-63"
                                  RenderTableCell {TD} at (31,68) size 70x17 [r=4 c=1 rs=1 cs=1]
                                    RenderInline {FONT} at (0,0) size 66x13
                                      RenderText {#text} at (2,2) size 66x13
                                        text run at (2,2) width 66: "San Francisco"
                                  RenderTableCell {TD} at (101,68) size 28x17 [r=4 c=2 rs=1 cs=1]
                                    RenderInline {FONT} at (0,0) size 12x13
                                      RenderText {#text} at (14,2) size 12x13
                                        text run at (14,2) width 12: "80"
                                  RenderTableCell {TD} at (129,68) size 34x17 [r=4 c=3 rs=1 cs=1]
                                    RenderInline {FONT} at (0,0) size 24x13
                                      RenderText {#text} at (8,2) size 24x13
                                        text run at (8,2) width 24: "1946"
                                  RenderTableCell {TD} at (163,68) size 26x17 [r=4 c=4 rs=1 cs=1]
                                    RenderInline {FONT} at (0,0) size 21x13
                                      RenderText {#text} at (3,2) size 21x13
                                        text run at (3,2) width 21: "24.3"
                                  RenderTableCell {TD} at (189,68) size 34x17 [r=4 c=5 rs=1 cs=1]
                                    RenderInline {FONT} at (0,0) size 24x13
                                      RenderText {#text} at (8,2) size 24x13
                                        text run at (8,2) width 24: "3806"
                                  RenderTableCell {TD} at (223,68) size 27x17 [r=4 c=6 rs=1 cs=1]
                                    RenderInline {FONT} at (0,0) size 21x13
                                      RenderText {#text} at (4,2) size 21x13
                                        text run at (4,2) width 21: "44.8"
                                RenderTableRow {TR} at (0,85) size 250x17 [bgcolor=#FFFFFF]
                                  RenderTableCell {TD} at (0,85) size 31x17 [r=5 c=0 rs=1 cs=1]
                                    RenderInline {FONT} at (0,0) size 27x13
                                      RenderText {#text} at (2,2) size 27x13
                                        text run at (2,2) width 27: "63-64"
                                  RenderTableCell {TD} at (31,85) size 70x17 [r=5 c=1 rs=1 cs=1]
                                    RenderInline {FONT} at (0,0) size 66x13
                                      RenderText {#text} at (2,2) size 66x13
                                        text run at (2,2) width 66: "San Francisco"
                                  RenderTableCell {TD} at (101,85) size 28x17 [r=5 c=2 rs=1 cs=1]
                                    RenderInline {FONT} at (0,0) size 12x13
                                      RenderText {#text} at (14,2) size 12x13
                                        text run at (14,2) width 12: "80"
                                  RenderTableCell {TD} at (129,85) size 34x17 [r=5 c=3 rs=1 cs=1]
                                    RenderInline {FONT} at (0,0) size 24x13
                                      RenderText {#text} at (8,2) size 24x13
                                        text run at (8,2) width 24: "1787"
                                  RenderTableCell {TD} at (163,85) size 26x17 [r=5 c=4 rs=1 cs=1]
                                    RenderInline {FONT} at (0,0) size 21x13
                                      RenderText {#text} at (3,2) size 21x13
                                        text run at (3,2) width 21: "22.3"
                                  RenderTableCell {TD} at (189,85) size 34x17 [r=5 c=5 rs=1 cs=1]
                                    RenderInline {FONT} at (0,0) size 24x13
                                      RenderText {#text} at (8,2) size 24x13
                                        text run at (8,2) width 24: "2948"
                                  RenderTableCell {TD} at (223,85) size 27x17 [r=5 c=6 rs=1 cs=1]
                                    RenderInline {FONT} at (0,0) size 21x13
                                      RenderText {#text} at (4,2) size 21x13
                                        text run at (4,2) width 21: "36.9"
                                RenderTableRow {TR} at (0,102) size 250x17 [bgcolor=#FFFFFF]
                                  RenderTableCell {TD} at (0,102) size 31x17 [r=6 c=0 rs=1 cs=1]
                                    RenderInline {FONT} at (0,0) size 27x13
                                      RenderText {#text} at (2,2) size 27x13
                                        text run at (2,2) width 27: "64-65"
                                  RenderTableCell {TD} at (31,102) size 70x17 [r=6 c=1 rs=1 cs=1]
                                    RenderInline {FONT} at (0,0) size 45x13
                                      RenderText {#text} at (2,2) size 45x13
                                        text run at (2,2) width 45: "S.F.-Phila"
                                  RenderTableCell {TD} at (101,102) size 28x17 [r=6 c=2 rs=1 cs=1]
                                    RenderInline {FONT} at (0,0) size 12x13
                                      RenderText {#text} at (14,2) size 12x13
                                        text run at (14,2) width 12: "73"
                                  RenderTableCell {TD} at (129,102) size 34x17 [r=6 c=3 rs=1 cs=1]
                                    RenderInline {FONT} at (0,0) size 24x13
                                      RenderText {#text} at (8,2) size 24x13
                                        text run at (8,2) width 24: "1673"
                                  RenderTableCell {TD} at (163,102) size 26x17 [r=6 c=4 rs=1 cs=1]
                                    RenderInline {FONT} at (0,0) size 21x13
                                      RenderText {#text} at (3,2) size 21x13
                                        text run at (3,2) width 21: "22.9"
                                  RenderTableCell {TD} at (189,102) size 34x17 [r=6 c=5 rs=1 cs=1]
                                    RenderInline {FONT} at (0,0) size 24x13
                                      RenderText {#text} at (8,2) size 24x13
                                        text run at (8,2) width 24: "2534"
                                  RenderTableCell {TD} at (223,102) size 27x17 [r=6 c=6 rs=1 cs=1]
                                    RenderInline {FONT} at (0,0) size 21x13
                                      RenderText {#text} at (4,2) size 21x13
                                        text run at (4,2) width 21: "34.7"
                                RenderTableRow {TR} at (0,119) size 250x17 [bgcolor=#FFFFFF]
                                  RenderTableCell {TD} at (0,119) size 31x17 [r=7 c=0 rs=1 cs=1]
                                    RenderInline {FONT} at (0,0) size 27x13
                                      RenderText {#text} at (2,2) size 27x13
                                        text run at (2,2) width 27: "65-66"
                                  RenderTableCell {TD} at (31,119) size 70x17 [r=7 c=1 rs=1 cs=1]
                                    RenderInline {FONT} at (0,0) size 57x13
                                      RenderText {#text} at (2,2) size 57x13
                                        text run at (2,2) width 57: "Philadelphia"
                                  RenderTableCell {TD} at (101,119) size 28x17 [r=7 c=2 rs=1 cs=1]
                                    RenderInline {FONT} at (0,0) size 12x13
                                      RenderText {#text} at (14,2) size 12x13
                                        text run at (14,2) width 12: "79"
                                  RenderTableCell {TD} at (129,119) size 34x17 [r=7 c=3 rs=1 cs=1]
                                    RenderInline {FONT} at (0,0) size 24x13
                                      RenderText {#text} at (8,2) size 24x13
                                        text run at (8,2) width 24: "1943"
                                  RenderTableCell {TD} at (163,119) size 26x17 [r=7 c=4 rs=1 cs=1]
                                    RenderInline {FONT} at (0,0) size 21x13
                                      RenderText {#text} at (3,2) size 21x13
                                        text run at (3,2) width 21: "24.6"
                                  RenderTableCell {TD} at (189,119) size 34x17 [r=7 c=5 rs=1 cs=1]
                                    RenderInline {FONT} at (0,0) size 24x13
                                      RenderText {#text} at (8,2) size 24x13
                                        text run at (8,2) width 24: "2649"
                                  RenderTableCell {TD} at (223,119) size 27x17 [r=7 c=6 rs=1 cs=1]
                                    RenderInline {FONT} at (0,0) size 21x13
                                      RenderText {#text} at (4,2) size 21x13
                                        text run at (4,2) width 21: "33.5"
                                RenderTableRow {TR} at (0,136) size 250x17 [bgcolor=#FFFFFF]
                                  RenderTableCell {TD} at (0,136) size 31x17 [r=8 c=0 rs=1 cs=1]
                                    RenderInline {FONT} at (0,0) size 27x13
                                      RenderText {#text} at (2,2) size 27x13
                                        text run at (2,2) width 27: "66-67"
                                  RenderTableCell {TD} at (31,136) size 70x17 [r=8 c=1 rs=1 cs=1]
                                    RenderInline {FONT} at (0,0) size 57x13
                                      RenderText {#text} at (2,2) size 57x13
                                        text run at (2,2) width 57: "Philadelphia"
                                  RenderTableCell {TD} at (101,136) size 28x17 [r=8 c=2 rs=1 cs=1]
                                    RenderInline {FONT} at (0,0) size 12x13
                                      RenderText {#text} at (14,2) size 12x13
                                        text run at (14,2) width 12: "81"
                                  RenderTableCell {TD} at (129,136) size 34x17 [r=8 c=3 rs=1 cs=1]
                                    RenderInline {FONT} at (0,0) size 24x13
                                      RenderText {#text} at (8,2) size 24x13
                                        text run at (8,2) width 24: "1957"
                                  RenderTableCell {TD} at (163,136) size 26x17 [r=8 c=4 rs=1 cs=1]
                                    RenderInline {FONT} at (0,0) size 21x13
                                      RenderText {#text} at (3,2) size 21x13
                                        text run at (3,2) width 21: "24.2"
                                  RenderTableCell {TD} at (189,136) size 34x17 [r=8 c=5 rs=1 cs=1]
                                    RenderInline {FONT} at (0,0) size 24x13
                                      RenderText {#text} at (8,2) size 24x13
                                        text run at (8,2) width 24: "1956"
                                  RenderTableCell {TD} at (223,136) size 27x17 [r=8 c=6 rs=1 cs=1]
                                    RenderInline {FONT} at (0,0) size 21x13
                                      RenderText {#text} at (4,2) size 21x13
                                        text run at (4,2) width 21: "24.1"
                                RenderTableRow {TR} at (0,153) size 250x17 [bgcolor=#FFFFFF]
                                  RenderTableCell {TD} at (0,153) size 31x17 [r=9 c=0 rs=1 cs=1]
                                    RenderInline {FONT} at (0,0) size 27x13
                                      RenderText {#text} at (2,2) size 27x13
                                        text run at (2,2) width 27: "67-68"
                                  RenderTableCell {TD} at (31,153) size 70x17 [r=9 c=1 rs=1 cs=1]
                                    RenderInline {FONT} at (0,0) size 57x13
                                      RenderText {#text} at (2,2) size 57x13
                                        text run at (2,2) width 57: "Philadelphia"
                                  RenderTableCell {TD} at (101,153) size 28x17 [r=9 c=2 rs=1 cs=1]
                                    RenderInline {FONT} at (0,0) size 12x13
                                      RenderText {#text} at (14,2) size 12x13
                                        text run at (14,2) width 12: "82"
                                  RenderTableCell {TD} at (129,153) size 34x17 [r=9 c=3 rs=1 cs=1]
                                    RenderInline {FONT} at (0,0) size 24x13
                                      RenderText {#text} at (8,2) size 24x13
                                        text run at (8,2) width 24: "1952"
                                  RenderTableCell {TD} at (163,153) size 26x17 [r=9 c=4 rs=1 cs=1]
                                    RenderInline {FONT} at (0,0) size 21x13
                                      RenderText {#text} at (3,2) size 21x13
                                        text run at (3,2) width 21: "23.8"
                                  RenderTableCell {TD} at (189,153) size 34x17 [r=9 c=5 rs=1 cs=1]
                                    RenderInline {FONT} at (0,0) size 24x13
                                      RenderText {#text} at (8,2) size 24x13
                                        text run at (8,2) width 24: "1992"
                                  RenderTableCell {TD} at (223,153) size 27x17 [r=9 c=6 rs=1 cs=1]
                                    RenderInline {FONT} at (0,0) size 21x13
                                      RenderText {#text} at (4,2) size 21x13
                                        text run at (4,2) width 21: "24.3"
                                RenderTableRow {TR} at (0,170) size 250x17 [bgcolor=#FFFFFF]
                                  RenderTableCell {TD} at (0,170) size 31x17 [r=10 c=0 rs=1 cs=1]
                                    RenderInline {FONT} at (0,0) size 27x13
                                      RenderText {#text} at (2,2) size 27x13
                                        text run at (2,2) width 27: "68-69"
                                  RenderTableCell {TD} at (31,170) size 70x17 [r=10 c=1 rs=1 cs=1]
                                    RenderInline {FONT} at (0,0) size 53x13
                                      RenderText {#text} at (2,2) size 53x13
                                        text run at (2,2) width 53: "L.A. Lakers"
                                  RenderTableCell {TD} at (101,170) size 28x17 [r=10 c=2 rs=1 cs=1]
                                    RenderInline {FONT} at (0,0) size 12x13
                                      RenderText {#text} at (14,2) size 12x13
                                        text run at (14,2) width 12: "81"
                                  RenderTableCell {TD} at (129,170) size 34x17 [r=10 c=3 rs=1 cs=1]
                                    RenderInline {FONT} at (0,0) size 24x13
                                      RenderText {#text} at (8,2) size 24x13
                                        text run at (8,2) width 24: "1712"
                                  RenderTableCell {TD} at (163,170) size 26x17 [r=10 c=4 rs=1 cs=1]
                                    RenderInline {FONT} at (0,0) size 21x13
                                      RenderText {#text} at (3,2) size 21x13
                                        text run at (3,2) width 21: "21.1"
                                  RenderTableCell {TD} at (189,170) size 34x17 [r=10 c=5 rs=1 cs=1]
                                    RenderInline {FONT} at (0,0) size 24x13
                                      RenderText {#text} at (8,2) size 24x13
                                        text run at (8,2) width 24: "1664"
                                  RenderTableCell {TD} at (223,170) size 27x17 [r=10 c=6 rs=1 cs=1]
                                    RenderInline {FONT} at (0,0) size 21x13
                                      RenderText {#text} at (4,2) size 21x13
                                        text run at (4,2) width 21: "20.5"
                                RenderTableRow {TR} at (0,187) size 250x17 [bgcolor=#FFFFFF]
                                  RenderTableCell {TD} at (0,187) size 31x17 [r=11 c=0 rs=1 cs=1]
                                    RenderInline {FONT} at (0,0) size 27x13
                                      RenderText {#text} at (2,2) size 27x13
                                        text run at (2,2) width 27: "69-70"
                                  RenderTableCell {TD} at (31,187) size 70x17 [r=11 c=1 rs=1 cs=1]
                                    RenderInline {FONT} at (0,0) size 53x13
                                      RenderText {#text} at (2,2) size 53x13
                                        text run at (2,2) width 53: "L.A. Lakers"
                                  RenderTableCell {TD} at (101,187) size 28x17 [r=11 c=2 rs=1 cs=1]
                                    RenderInline {FONT} at (0,0) size 12x13
                                      RenderText {#text} at (14,2) size 12x13
                                        text run at (14,2) width 12: "12"
                                  RenderTableCell {TD} at (129,187) size 34x17 [r=11 c=3 rs=1 cs=1]
                                    RenderInline {FONT} at (0,0) size 18x13
                                      RenderText {#text} at (14,2) size 18x13
                                        text run at (14,2) width 18: "221"
                                  RenderTableCell {TD} at (163,187) size 26x17 [r=11 c=4 rs=1 cs=1]
                                    RenderInline {FONT} at (0,0) size 21x13
                                      RenderText {#text} at (3,2) size 21x13
                                        text run at (3,2) width 21: "18.4"
                                  RenderTableCell {TD} at (189,187) size 34x17 [r=11 c=5 rs=1 cs=1]
                                    RenderInline {FONT} at (0,0) size 18x13
                                      RenderText {#text} at (14,2) size 18x13
                                        text run at (14,2) width 18: "328"
                                  RenderTableCell {TD} at (223,187) size 27x17 [r=11 c=6 rs=1 cs=1]
                                    RenderInline {FONT} at (0,0) size 21x13
                                      RenderText {#text} at (4,2) size 21x13
                                        text run at (4,2) width 21: "27.3"
                                RenderTableRow {TR} at (0,204) size 250x17 [bgcolor=#FFFFFF]
                                  RenderTableCell {TD} at (0,204) size 31x17 [r=12 c=0 rs=1 cs=1]
                                    RenderInline {FONT} at (0,0) size 27x13
                                      RenderText {#text} at (2,2) size 27x13
                                        text run at (2,2) width 27: "70-71"
                                  RenderTableCell {TD} at (31,204) size 70x17 [r=12 c=1 rs=1 cs=1]
                                    RenderInline {FONT} at (0,0) size 53x13
                                      RenderText {#text} at (2,2) size 53x13
                                        text run at (2,2) width 53: "L.A. Lakers"
                                  RenderTableCell {TD} at (101,204) size 28x17 [r=12 c=2 rs=1 cs=1]
                                    RenderInline {FONT} at (0,0) size 12x13
                                      RenderText {#text} at (14,2) size 12x13
                                        text run at (14,2) width 12: "82"
                                  RenderTableCell {TD} at (129,204) size 34x17 [r=12 c=3 rs=1 cs=1]
                                    RenderInline {FONT} at (0,0) size 24x13
                                      RenderText {#text} at (8,2) size 24x13
                                        text run at (8,2) width 24: "1493"
                                  RenderTableCell {TD} at (163,204) size 26x17 [r=12 c=4 rs=1 cs=1]
                                    RenderInline {FONT} at (0,0) size 21x13
                                      RenderText {#text} at (3,2) size 21x13
                                        text run at (3,2) width 21: "18.2"
                                  RenderTableCell {TD} at (189,204) size 34x17 [r=12 c=5 rs=1 cs=1]
                                    RenderInline {FONT} at (0,0) size 24x13
                                      RenderText {#text} at (8,2) size 24x13
                                        text run at (8,2) width 24: "1696"
                                  RenderTableCell {TD} at (223,204) size 27x17 [r=12 c=6 rs=1 cs=1]
                                    RenderInline {FONT} at (0,0) size 21x13
                                      RenderText {#text} at (4,2) size 21x13
                                        text run at (4,2) width 21: "20.7"
                                RenderTableRow {TR} at (0,221) size 250x17 [bgcolor=#FFFFFF]
                                  RenderTableCell {TD} at (0,221) size 31x17 [r=13 c=0 rs=1 cs=1]
                                    RenderInline {FONT} at (0,0) size 27x13
                                      RenderText {#text} at (2,2) size 27x13
                                        text run at (2,2) width 27: "71-72"
                                  RenderTableCell {TD} at (31,221) size 70x17 [r=13 c=1 rs=1 cs=1]
                                    RenderInline {FONT} at (0,0) size 53x13
                                      RenderText {#text} at (2,2) size 53x13
                                        text run at (2,2) width 53: "L.A. Lakers"
                                  RenderTableCell {TD} at (101,221) size 28x17 [r=13 c=2 rs=1 cs=1]
                                    RenderInline {FONT} at (0,0) size 12x13
                                      RenderText {#text} at (14,2) size 12x13
                                        text run at (14,2) width 12: "82"
                                  RenderTableCell {TD} at (129,221) size 34x17 [r=13 c=3 rs=1 cs=1]
                                    RenderInline {FONT} at (0,0) size 24x13
                                      RenderText {#text} at (8,2) size 24x13
                                        text run at (8,2) width 24: "1572"
                                  RenderTableCell {TD} at (163,221) size 26x17 [r=13 c=4 rs=1 cs=1]
                                    RenderInline {FONT} at (0,0) size 21x13
                                      RenderText {#text} at (3,2) size 21x13
                                        text run at (3,2) width 21: "19.2"
                                  RenderTableCell {TD} at (189,221) size 34x17 [r=13 c=5 rs=1 cs=1]
                                    RenderInline {FONT} at (0,0) size 24x13
                                      RenderText {#text} at (8,2) size 24x13
                                        text run at (8,2) width 24: "1213"
                                  RenderTableCell {TD} at (223,221) size 27x17 [r=13 c=6 rs=1 cs=1]
                                    RenderInline {FONT} at (0,0) size 21x13
                                      RenderText {#text} at (4,2) size 21x13
                                        text run at (4,2) width 21: "14.8"
                                RenderTableRow {TR} at (0,238) size 250x17 [bgcolor=#FFFFFF]
                                  RenderTableCell {TD} at (0,238) size 31x17 [r=14 c=0 rs=1 cs=1]
                                    RenderInline {FONT} at (0,0) size 27x13
                                      RenderText {#text} at (2,2) size 27x13
                                        text run at (2,2) width 27: "72-73"
                                  RenderTableCell {TD} at (31,238) size 70x17 [r=14 c=1 rs=1 cs=1]
                                    RenderInline {FONT} at (0,0) size 53x13
                                      RenderText {#text} at (2,2) size 53x13
                                        text run at (2,2) width 53: "L.A. Lakers"
                                  RenderTableCell {TD} at (101,238) size 28x17 [r=14 c=2 rs=1 cs=1]
                                    RenderInline {FONT} at (0,0) size 12x13
                                      RenderText {#text} at (14,2) size 12x13
                                        text run at (14,2) width 12: "82"
                                  RenderTableCell {TD} at (129,238) size 34x17 [r=14 c=3 rs=1 cs=1]
                                    RenderInline {FONT} at (0,0) size 24x13
                                      RenderText {#text} at (8,2) size 24x13
                                        text run at (8,2) width 24: "1526"
                                  RenderTableCell {TD} at (163,238) size 26x17 [r=14 c=4 rs=1 cs=1]
                                    RenderInline {FONT} at (0,0) size 21x13
                                      RenderText {#text} at (3,2) size 21x13
                                        text run at (3,2) width 21: "18.6"
                                  RenderTableCell {TD} at (189,238) size 34x17 [r=14 c=5 rs=1 cs=1]
                                    RenderInline {FONT} at (0,0) size 24x13
                                      RenderText {#text} at (8,2) size 24x13
                                        text run at (8,2) width 24: "1084"
                                  RenderTableCell {TD} at (223,238) size 27x17 [r=14 c=6 rs=1 cs=1]
                                    RenderInline {FONT} at (0,0) size 21x13
                                      RenderText {#text} at (4,2) size 21x13
                                        text run at (4,2) width 21: "13.2"
                                RenderTableRow {TR} at (0,255) size 250x17 [bgcolor=#FFFFFF]
                                  RenderTableCell {TD} at (0,255) size 101x17 [r=15 c=0 rs=1 cs=2]
                                    RenderInline {FONT} at (0,0) size 28x13
                                      RenderText {#text} at (2,2) size 28x13
                                        text run at (2,2) width 28: "Totals"
                                  RenderTableCell {TD} at (101,255) size 28x17 [r=15 c=2 rs=1 cs=1]
                                    RenderInline {FONT} at (0,0) size 24x13
                                      RenderText {#text} at (2,2) size 24x13
                                        text run at (2,2) width 24: "1045"
                                  RenderTableCell {TD} at (129,255) size 34x17 [r=15 c=3 rs=1 cs=1]
                                    RenderInline {FONT} at (0,0) size 30x13
                                      RenderText {#text} at (2,2) size 30x13
                                        text run at (2,2) width 30: "23924"
                                  RenderTableCell {TD} at (163,255) size 26x17 [r=15 c=4 rs=1 cs=1]
                                    RenderInline {FONT} at (0,0) size 21x13
                                      RenderText {#text} at (3,2) size 21x13
                                        text run at (3,2) width 21: "22.9"
                                  RenderTableCell {TD} at (189,255) size 34x17 [r=15 c=5 rs=1 cs=1]
                                    RenderInline {FONT} at (0,0) size 30x13
                                      RenderText {#text} at (2,2) size 30x13
                                        text run at (2,2) width 30: "31419"
                                  RenderTableCell {TD} at (223,255) size 27x17 [r=15 c=6 rs=1 cs=1]
                                    RenderInline {FONT} at (0,0) size 21x13
                                      RenderText {#text} at (4,2) size 21x13
                                        text run at (4,2) width 21: "30.1"
                            RenderBlock {HR} at (2,282) size 250x1 [border: (1px inset #000000) none (1px inset #000000)]
                    RenderText {#text} at (0,0) size 176x228
                      text run at (0,0) width 164: "Known as ``Wilt the Stilt''"
                      text run at (0,19) width 170: "and ``The Big Dipper,'' the"
                      text run at (0,38) width 136: "7-foot-1 Chamberlain"
                      text run at (0,57) width 162: "dominated the NBA from"
                      text run at (0,76) width 164: "1959 through 1973, when"
                      text run at (0,95) width 106: "he played for the"
                      text run at (0,114) width 165: "Philadelphia (later the San"
                      text run at (0,133) width 152: "Francisco) Warriors, the"
                      text run at (0,152) width 158: "76ers and the Lakers. He"
                      text run at (0,171) width 176: "scored 31,419 points during"
                      text run at (0,190) width 162: "his career, averaging 30.1"
                      text run at (0,209) width 128: "points for his career."
                  RenderBlock {P} at (0,244) size 440x57
                    RenderText {#text} at (0,0) size 155x57
                      text run at (0,0) width 155: "He also led the league in"
                      text run at (0,19) width 146: "career rebounding with"
                      text run at (0,38) width 48: "23,924."
                  RenderBlock {P} at (0,317) size 440x76
                    RenderText {#text} at (0,0) size 437x76
                      text run at (0,0) width 437: "One of only two men named MVP and rookie of the year in the same"
                      text run at (0,19) width 422: "season (1959), he was also MVP in 1966 through 1968. He led the"
                      text run at (0,38) width 412: "NBA in scoring seven straight seasons, 1960 to 1966, and led the"
                      text run at (0,57) width 268: "league in rebounding 11 of his 14 seasons."
                  RenderBlock {P} at (0,409) size 440x57
                    RenderText {#text} at (0,0) size 439x57
                      text run at (0,0) width 439: "One of his most famous records is the 100 points he scored in a single"
                      text run at (0,19) width 428: "game in the Philadelphia Warriors' 169-147 defeat of the New York"
                      text run at (0,38) width 267: "Knicks on March 2, 1962, in Hershey, Pa."
