layer at (0,0) size 785x695
  RenderView at (0,0) size 785x600
layer at (0,0) size 785x695
  RenderBlock {HTML} at (0,0) size 785x695
    RenderBody {BODY} at (8,8) size 769x679
      RenderBlock (anonymous) at (0,0) size 769x19
        RenderText {#text} at (0,0) size 285x19
          text run at (0,0) width 285: "border=\"0\" cellspacing=\"0\" cellpadding=\"0\""
      RenderTable {TABLE} at (0,19) size 769x52 [bgcolor=#DDDD33]
        RenderTableSection {TBODY} at (0,0) size 769x52
          RenderTableRow {TR} at (0,0) size 769x52
            RenderTableCell {TD} at (0,26) size 12x0 [r=0 c=0 rs=1 cs=1]
            RenderTableCell {TD} at (12,0) size 745x52 [r=0 c=1 rs=1 cs=1]
            RenderTableCell {TD} at (757,26) size 12x0 [r=0 c=2 rs=1 cs=1]
      RenderBlock (anonymous) at (0,71) size 769x19
        RenderText {#text} at (0,0) size 209x19
          text run at (0,0) width 209: "cellspacing=\"0\" cellpadding=\"0\""
      RenderTable {TABLE} at (0,90) size 769x52 [bgcolor=#CCCCFF]
        RenderTableSection {TBODY} at (0,0) size 769x52
          RenderTableRow {TR} at (0,0) size 769x52
            RenderTableCell {TD} at (0,26) size 12x0 [r=0 c=0 rs=1 cs=1]
            RenderTableCell {TD} at (12,0) size 745x52 [r=0 c=1 rs=1 cs=1]
            RenderTableCell {TD} at (757,26) size 12x0 [r=0 c=2 rs=1 cs=1]
      RenderBlock (anonymous) at (0,142) size 769x19
        RenderText {#text} at (0,0) size 104x19
          text run at (0,0) width 104: "cellpadding=\"0\""
      RenderTable {TABLE} at (0,161) size 769x56 [bgcolor=#FF9999]
        RenderTableSection {TBODY} at (0,0) size 769x56
          RenderTableRow {TR} at (0,2) size 769x52
            RenderTableCell {TD} at (2,28) size 12x0 [r=0 c=0 rs=1 cs=1]
            RenderTableCell {TD} at (16,2) size 737x52 [r=0 c=1 rs=1 cs=1]
            RenderTableCell {TD} at (755,28) size 12x0 [r=0 c=2 rs=1 cs=1]
      RenderBlock (anonymous) at (0,217) size 769x19
        RenderText {#text} at (0,0) size 180x19
          text run at (0,0) width 180: "border=\"0\" cellpadding=\"0\""
      RenderTable {TABLE} at (0,236) size 769x56 [bgcolor=#AAEEBB]
        RenderTableSection {TBODY} at (0,0) size 769x56
          RenderTableRow {TR} at (0,2) size 769x52
            RenderTableCell {TD} at (2,28) size 12x0 [r=0 c=0 rs=1 cs=1]
            RenderTableCell {TD} at (16,2) size 737x52 [r=0 c=1 rs=1 cs=1]
            RenderTableCell {TD} at (755,28) size 12x0 [r=0 c=2 rs=1 cs=1]
      RenderBlock (anonymous) at (0,292) size 769x19
        RenderInline {FONT} at (0,0) size 29x19 [color=#0000FF]
          RenderText {#text} at (0,0) size 29x19
            text run at (0,0) width 29: "right"
        RenderText {#text} at (29,0) size 76x19
          text run at (29,0) width 76: " border=\"0\""
      RenderTable {TABLE} at (0,311) size 769x58 [bgcolor=#FFCCEE]
        RenderTableSection {TBODY} at (0,0) size 769x58
          RenderTableRow {TR} at (0,2) size 769x54
            RenderTableCell {TD} at (2,28) size 14x2 [r=0 c=0 rs=1 cs=1]
            RenderTableCell {TD} at (18,2) size 733x54 [r=0 c=1 rs=1 cs=1]
            RenderTableCell {TD} at (753,28) size 14x2 [r=0 c=2 rs=1 cs=1]
      RenderBlock (anonymous) at (0,369) size 769x19
        RenderInline {FONT} at (0,0) size 29x19 [color=#0000FF]
          RenderText {#text} at (0,0) size 29x19
            text run at (0,0) width 29: "right"
        RenderText {#text} at (29,0) size 108x19
          text run at (29,0) width 108: " cellpadding=\"1\""
      RenderTable {TABLE} at (0,388) size 769x58 [bgcolor=#66DDFF]
        RenderTableSection {TBODY} at (0,0) size 769x58
          RenderTableRow {TR} at (0,2) size 769x54
            RenderTableCell {TD} at (2,28) size 14x2 [r=0 c=0 rs=1 cs=1]
            RenderTableCell {TD} at (18,2) size 733x54 [r=0 c=1 rs=1 cs=1]
            RenderTableCell {TD} at (753,28) size 14x2 [r=0 c=2 rs=1 cs=1]
      RenderBlock (anonymous) at (0,446) size 769x19
        RenderInline {FONT} at (0,0) size 29x19 [color=#0000FF]
          RenderText {#text} at (0,0) size 29x19
            text run at (0,0) width 29: "right"
        RenderText {#text} at (29,0) size 289x19
          text run at (29,0) width 289: " border=\"1\" cellspacing=\"0\" cellpadding=\"0\""
      RenderTable {TABLE} at (0,465) size 769x56 [bgcolor=#EEEEEE] [border: (1px outset #808080)]
        RenderTableSection {TBODY} at (1,1) size 767x54
          RenderTableRow {TR} at (0,0) size 767x54
            RenderTableCell {TD} at (0,26) size 14x2 [border: (1px inset #808080)] [r=0 c=0 rs=1 cs=1]
            RenderTableCell {TD} at (14,0) size 739x54 [border: (1px inset #808080)] [r=0 c=1 rs=1 cs=1]
            RenderTableCell {TD} at (753,26) size 14x2 [border: (1px inset #808080)] [r=0 c=2 rs=1 cs=1]
      RenderBlock (anonymous) at (0,521) size 769x19
        RenderInline {FONT} at (0,0) size 29x19 [color=#0000FF]
          RenderText {#text} at (0,0) size 29x19
            text run at (0,0) width 29: "right"
        RenderText {#text} at (29,0) size 181x19
          text run at (29,0) width 181: " border=\"1\" cellspacing=\"0\""
      RenderTable {TABLE} at (0,540) size 769x58 [bgcolor=#FFCC66] [border: (1px outset #808080)]
        RenderTableSection {TBODY} at (1,1) size 767x56
          RenderTableRow {TR} at (0,0) size 767x56
            RenderTableCell {TD} at (0,26) size 16x4 [border: (1px inset #808080)] [r=0 c=0 rs=1 cs=1]
            RenderTableCell {TD} at (16,0) size 735x56 [border: (1px inset #808080)] [r=0 c=1 rs=1 cs=1]
            RenderTableCell {TD} at (751,26) size 16x4 [border: (1px inset #808080)] [r=0 c=2 rs=1 cs=1]
      RenderBlock (anonymous) at (0,598) size 769x19
        RenderInline {FONT} at (0,0) size 29x19 [color=#0000FF]
          RenderText {#text} at (0,0) size 29x19
            text run at (0,0) width 29: "right"
        RenderText {#text} at (29,0) size 76x19
          text run at (29,0) width 76: " border=\"1\""
      RenderTable {TABLE} at (0,617) size 769x62 [bgcolor=#CCFF33] [border: (1px outset #808080)]
        RenderTableSection {TBODY} at (1,1) size 767x60
          RenderTableRow {TR} at (0,2) size 767x56
            RenderTableCell {TD} at (2,28) size 16x4 [border: (1px inset #808080)] [r=0 c=0 rs=1 cs=1]
            RenderTableCell {TD} at (20,2) size 727x56 [border: (1px inset #808080)] [r=0 c=1 rs=1 cs=1]
            RenderTableCell {TD} at (749,28) size 16x4 [border: (1px inset #808080)] [r=0 c=2 rs=1 cs=1]
layer at (20,29) size 745x48
  RenderTextControl {TEXTAREA} at (0,2) size 745x48 [color=#202020]
    RenderBlock {DIV} at (4,6) size 738x19
      RenderText {#text} at (0,0) size 25x19
        text run at (0,0) width 25: "test"
layer at (20,100) size 745x48
  RenderTextControl {TEXTAREA} at (0,2) size 745x48 [color=#202020]
    RenderBlock {DIV} at (4,6) size 738x19
      RenderText {#text} at (0,0) size 25x19
        text run at (0,0) width 25: "test"
layer at (24,173) size 737x48
  RenderTextControl {TEXTAREA} at (0,2) size 737x48 [color=#202020]
    RenderBlock {DIV} at (4,6) size 730x19
      RenderText {#text} at (0,0) size 25x19
        text run at (0,0) width 25: "test"
layer at (24,248) size 737x48
  RenderTextControl {TEXTAREA} at (0,2) size 737x48 [color=#202020]
    RenderBlock {DIV} at (4,6) size 730x19
      RenderText {#text} at (0,0) size 25x19
        text run at (0,0) width 25: "test"
layer at (27,324) size 731x48
  RenderTextControl {TEXTAREA} at (1,3) size 731x48 [color=#202020]
    RenderBlock {DIV} at (4,6) size 724x19
      RenderText {#text} at (0,0) size 25x19
        text run at (0,0) width 25: "test"
layer at (27,401) size 731x48
  RenderTextControl {TEXTAREA} at (1,3) size 731x48 [color=#202020]
    RenderBlock {DIV} at (4,6) size 724x19
      RenderText {#text} at (0,0) size 25x19
        text run at (0,0) width 25: "test"
layer at (24,477) size 737x48
  RenderTextControl {TEXTAREA} at (1,3) size 737x48 [color=#202020]
    RenderBlock {DIV} at (4,6) size 730x19
      RenderText {#text} at (0,0) size 25x19
        text run at (0,0) width 25: "test"
layer at (27,553) size 731x48
  RenderTextControl {TEXTAREA} at (2,4) size 731x48 [color=#202020]
    RenderBlock {DIV} at (4,6) size 724x19
      RenderText {#text} at (0,0) size 25x19
        text run at (0,0) width 25: "test"
layer at (31,632) size 723x48
  RenderTextControl {TEXTAREA} at (2,4) size 723x48 [color=#202020]
    RenderBlock {DIV} at (4,6) size 716x19
      RenderText {#text} at (0,0) size 25x19
        text run at (0,0) width 25: "test"
