layer at (0,0) size 785x6979
  RenderView at (0,0) size 785x600
layer at (0,0) size 785x6979
  RenderBlock {HTML} at (0,0) size 785x6979
    RenderBody {BODY} at (8,21) size 769x6942
      RenderBlock {H1} at (0,0) size 769x37
        RenderText {#text} at (0,0) size 252x36
          text run at (0,0) width 252: "table-layout: fixed"
      RenderBlock {P} at (0,58) size 769x19
        RenderText {#text} at (0,0) size 562x19
          text run at (0,0) width 562: "The following tables should be laid out in the traditional manner because their widths are "
        RenderInline {CODE} at (0,0) size 32x15
          RenderText {#text} at (562,4) size 32x15
            text run at (562,4) width 32: "auto"
        RenderText {#text} at (594,0) size 4x19
          text run at (594,0) width 4: ":"
      RenderTable {TABLE} at (0,93) size 110x52
        RenderTableSection {TBODY} at (0,0) size 110x52
          RenderTableRow {TR} at (0,2) size 110x23
            RenderTableCell {TD} at (2,2) size 34x23 [border: (1px solid #000000)] [r=0 c=0 rs=1 cs=1]
              RenderText {#text} at (2,2) size 30x19
                text run at (2,2) width 30: "Data"
            RenderTableCell {TD} at (38,2) size 34x23 [border: (1px solid #000000)] [r=0 c=1 rs=1 cs=1]
              RenderText {#text} at (2,2) size 30x19
                text run at (2,2) width 30: "Data"
            RenderTableCell {TD} at (74,2) size 34x23 [border: (1px solid #000000)] [r=0 c=2 rs=1 cs=1]
              RenderText {#text} at (2,2) size 30x19
                text run at (2,2) width 30: "Data"
          RenderTableRow {TR} at (0,27) size 110x23
            RenderTableCell {TD} at (2,27) size 34x23 [border: (1px solid #000000)] [r=1 c=0 rs=1 cs=1]
              RenderText {#text} at (2,2) size 30x19
                text run at (2,2) width 30: "Data"
            RenderTableCell {TD} at (38,27) size 34x23 [border: (1px solid #000000)] [r=1 c=1 rs=1 cs=1]
              RenderText {#text} at (2,2) size 30x19
                text run at (2,2) width 30: "Data"
            RenderTableCell {TD} at (74,27) size 34x23 [border: (1px solid #000000)] [r=1 c=2 rs=1 cs=1]
              RenderText {#text} at (2,2) size 30x19
                text run at (2,2) width 30: "Data"
      RenderTable {TABLE} at (0,145) size 769x356
        RenderTableSection {TBODY} at (0,0) size 769x356
          RenderTableRow {TR} at (0,2) size 769x23
            RenderTableCell {TD} at (2,2) size 34x23 [border: (1px solid #000000)] [r=0 c=0 rs=1 cs=1]
              RenderText {#text} at (2,2) size 30x19
                text run at (2,2) width 30: "Data"
            RenderTableCell {TD} at (38,2) size 34x23 [border: (1px solid #000000)] [r=0 c=1 rs=1 cs=1]
              RenderText {#text} at (2,2) size 30x19
                text run at (2,2) width 30: "Data"
            RenderTableCell {TD} at (74,2) size 693x23 [border: (1px solid #000000)] [r=0 c=2 rs=1 cs=1]
              RenderText {#text} at (2,2) size 30x19
                text run at (2,2) width 30: "Data"
          RenderTableRow {TR} at (0,27) size 769x327
            RenderTableCell {TD} at (2,179) size 34x23 [border: (1px solid #000000)] [r=1 c=0 rs=1 cs=1]
              RenderText {#text} at (2,2) size 30x19
                text run at (2,2) width 30: "Data"
            RenderTableCell {TD} at (38,179) size 34x23 [border: (1px solid #000000)] [r=1 c=1 rs=1 cs=1]
              RenderText {#text} at (2,2) size 30x19
                text run at (2,2) width 30: "Data"
            RenderTableCell {TD} at (74,27) size 693x327 [border: (1px solid #000000)] [r=1 c=2 rs=1 cs=1]
              RenderText {#text} at (2,2) size 686x323
                text run at (2,2) width 189: "Lots and lots and lots of data. "
                text run at (191,2) width 189: "Lots and lots and lots of data. "
                text run at (380,2) width 189: "Lots and lots and lots of data. "
                text run at (569,2) width 108: "Lots and lots and"
                text run at (2,21) width 77: "lots of data. "
                text run at (79,21) width 189: "Lots and lots and lots of data. "
                text run at (268,21) width 189: "Lots and lots and lots of data. "
                text run at (457,21) width 189: "Lots and lots and lots of data. "
                text run at (646,21) width 28: "Lots"
                text run at (2,40) width 157: "and lots and lots of data. "
                text run at (159,40) width 189: "Lots and lots and lots of data. "
                text run at (348,40) width 189: "Lots and lots and lots of data. "
                text run at (537,40) width 151: "Lots and lots and lots of"
                text run at (2,59) width 34: "data. "
                text run at (36,59) width 189: "Lots and lots and lots of data. "
                text run at (225,59) width 189: "Lots and lots and lots of data. "
                text run at (414,59) width 189: "Lots and lots and lots of data. "
                text run at (603,59) width 81: "Lots and lots"
                text run at (2,78) width 104: "and lots of data. "
                text run at (106,78) width 189: "Lots and lots and lots of data. "
                text run at (295,78) width 189: "Lots and lots and lots of data. "
                text run at (484,78) width 185: "Lots and lots and lots of data."
                text run at (2,97) width 189: "Lots and lots and lots of data. "
                text run at (191,97) width 189: "Lots and lots and lots of data. "
                text run at (380,97) width 189: "Lots and lots and lots of data. "
                text run at (569,97) width 108: "Lots and lots and"
                text run at (2,116) width 77: "lots of data. "
                text run at (79,116) width 189: "Lots and lots and lots of data. "
                text run at (268,116) width 189: "Lots and lots and lots of data. "
                text run at (457,116) width 189: "Lots and lots and lots of data. "
                text run at (646,116) width 28: "Lots"
                text run at (2,135) width 157: "and lots and lots of data. "
                text run at (159,135) width 189: "Lots and lots and lots of data. "
                text run at (348,135) width 189: "Lots and lots and lots of data. "
                text run at (537,135) width 151: "Lots and lots and lots of"
                text run at (2,154) width 34: "data. "
                text run at (36,154) width 189: "Lots and lots and lots of data. "
                text run at (225,154) width 189: "Lots and lots and lots of data. "
                text run at (414,154) width 189: "Lots and lots and lots of data. "
                text run at (603,154) width 81: "Lots and lots"
                text run at (2,173) width 104: "and lots of data. "
                text run at (106,173) width 189: "Lots and lots and lots of data. "
                text run at (295,173) width 189: "Lots and lots and lots of data. "
                text run at (484,173) width 185: "Lots and lots and lots of data."
                text run at (2,192) width 189: "Lots and lots and lots of data. "
                text run at (191,192) width 189: "Lots and lots and lots of data. "
                text run at (380,192) width 189: "Lots and lots and lots of data. "
                text run at (569,192) width 108: "Lots and lots and"
                text run at (2,211) width 77: "lots of data. "
                text run at (79,211) width 189: "Lots and lots and lots of data. "
                text run at (268,211) width 189: "Lots and lots and lots of data. "
                text run at (457,211) width 189: "Lots and lots and lots of data. "
                text run at (646,211) width 28: "Lots"
                text run at (2,230) width 157: "and lots and lots of data. "
                text run at (159,230) width 189: "Lots and lots and lots of data. "
                text run at (348,230) width 189: "Lots and lots and lots of data. "
                text run at (537,230) width 151: "Lots and lots and lots of"
                text run at (2,249) width 34: "data. "
                text run at (36,249) width 189: "Lots and lots and lots of data. "
                text run at (225,249) width 189: "Lots and lots and lots of data. "
                text run at (414,249) width 189: "Lots and lots and lots of data. "
                text run at (603,249) width 81: "Lots and lots"
                text run at (2,268) width 104: "and lots of data. "
                text run at (106,268) width 189: "Lots and lots and lots of data. "
                text run at (295,268) width 189: "Lots and lots and lots of data. "
                text run at (484,268) width 185: "Lots and lots and lots of data."
                text run at (2,287) width 189: "Lots and lots and lots of data. "
                text run at (191,287) width 189: "Lots and lots and lots of data. "
                text run at (380,287) width 189: "Lots and lots and lots of data. "
                text run at (569,287) width 108: "Lots and lots and"
                text run at (2,306) width 77: "lots of data. "
                text run at (79,306) width 189: "Lots and lots and lots of data. "
                text run at (268,306) width 185: "Lots and lots and lots of data."
      RenderTable {TABLE} at (0,501) size 769x356
        RenderTableSection {TBODY} at (0,0) size 769x356
          RenderTableRow {TR} at (0,2) size 769x327
            RenderTableCell {TD} at (2,154) size 34x23 [border: (1px solid #000000)] [r=0 c=0 rs=1 cs=1]
              RenderText {#text} at (2,2) size 30x19
                text run at (2,2) width 30: "Data"
            RenderTableCell {TD} at (38,154) size 34x23 [border: (1px solid #000000)] [r=0 c=1 rs=1 cs=1]
              RenderText {#text} at (2,2) size 30x19
                text run at (2,2) width 30: "Data"
            RenderTableCell {TD} at (74,2) size 693x327 [border: (1px solid #000000)] [r=0 c=2 rs=1 cs=1]
              RenderText {#text} at (2,2) size 686x323
                text run at (2,2) width 189: "Lots and lots and lots of data. "
                text run at (191,2) width 189: "Lots and lots and lots of data. "
                text run at (380,2) width 189: "Lots and lots and lots of data. "
                text run at (569,2) width 108: "Lots and lots and"
                text run at (2,21) width 77: "lots of data. "
                text run at (79,21) width 189: "Lots and lots and lots of data. "
                text run at (268,21) width 189: "Lots and lots and lots of data. "
                text run at (457,21) width 189: "Lots and lots and lots of data. "
                text run at (646,21) width 28: "Lots"
                text run at (2,40) width 157: "and lots and lots of data. "
                text run at (159,40) width 189: "Lots and lots and lots of data. "
                text run at (348,40) width 189: "Lots and lots and lots of data. "
                text run at (537,40) width 151: "Lots and lots and lots of"
                text run at (2,59) width 34: "data. "
                text run at (36,59) width 189: "Lots and lots and lots of data. "
                text run at (225,59) width 189: "Lots and lots and lots of data. "
                text run at (414,59) width 189: "Lots and lots and lots of data. "
                text run at (603,59) width 81: "Lots and lots"
                text run at (2,78) width 104: "and lots of data. "
                text run at (106,78) width 189: "Lots and lots and lots of data. "
                text run at (295,78) width 189: "Lots and lots and lots of data. "
                text run at (484,78) width 185: "Lots and lots and lots of data."
                text run at (2,97) width 189: "Lots and lots and lots of data. "
                text run at (191,97) width 189: "Lots and lots and lots of data. "
                text run at (380,97) width 189: "Lots and lots and lots of data. "
                text run at (569,97) width 108: "Lots and lots and"
                text run at (2,116) width 77: "lots of data. "
                text run at (79,116) width 189: "Lots and lots and lots of data. "
                text run at (268,116) width 189: "Lots and lots and lots of data. "
                text run at (457,116) width 189: "Lots and lots and lots of data. "
                text run at (646,116) width 28: "Lots"
                text run at (2,135) width 157: "and lots and lots of data. "
                text run at (159,135) width 189: "Lots and lots and lots of data. "
                text run at (348,135) width 189: "Lots and lots and lots of data. "
                text run at (537,135) width 151: "Lots and lots and lots of"
                text run at (2,154) width 34: "data. "
                text run at (36,154) width 189: "Lots and lots and lots of data. "
                text run at (225,154) width 189: "Lots and lots and lots of data. "
                text run at (414,154) width 189: "Lots and lots and lots of data. "
                text run at (603,154) width 81: "Lots and lots"
                text run at (2,173) width 104: "and lots of data. "
                text run at (106,173) width 189: "Lots and lots and lots of data. "
                text run at (295,173) width 189: "Lots and lots and lots of data. "
                text run at (484,173) width 185: "Lots and lots and lots of data."
                text run at (2,192) width 189: "Lots and lots and lots of data. "
                text run at (191,192) width 189: "Lots and lots and lots of data. "
                text run at (380,192) width 189: "Lots and lots and lots of data. "
                text run at (569,192) width 108: "Lots and lots and"
                text run at (2,211) width 77: "lots of data. "
                text run at (79,211) width 189: "Lots and lots and lots of data. "
                text run at (268,211) width 189: "Lots and lots and lots of data. "
                text run at (457,211) width 189: "Lots and lots and lots of data. "
                text run at (646,211) width 28: "Lots"
                text run at (2,230) width 157: "and lots and lots of data. "
                text run at (159,230) width 189: "Lots and lots and lots of data. "
                text run at (348,230) width 189: "Lots and lots and lots of data. "
                text run at (537,230) width 151: "Lots and lots and lots of"
                text run at (2,249) width 34: "data. "
                text run at (36,249) width 189: "Lots and lots and lots of data. "
                text run at (225,249) width 189: "Lots and lots and lots of data. "
                text run at (414,249) width 189: "Lots and lots and lots of data. "
                text run at (603,249) width 81: "Lots and lots"
                text run at (2,268) width 104: "and lots of data. "
                text run at (106,268) width 189: "Lots and lots and lots of data. "
                text run at (295,268) width 189: "Lots and lots and lots of data. "
                text run at (484,268) width 185: "Lots and lots and lots of data."
                text run at (2,287) width 189: "Lots and lots and lots of data. "
                text run at (191,287) width 189: "Lots and lots and lots of data. "
                text run at (380,287) width 189: "Lots and lots and lots of data. "
                text run at (569,287) width 108: "Lots and lots and"
                text run at (2,306) width 77: "lots of data. "
                text run at (79,306) width 189: "Lots and lots and lots of data. "
                text run at (268,306) width 185: "Lots and lots and lots of data."
          RenderTableRow {TR} at (0,331) size 769x23
            RenderTableCell {TD} at (2,331) size 34x23 [border: (1px solid #000000)] [r=1 c=0 rs=1 cs=1]
              RenderText {#text} at (2,2) size 30x19
                text run at (2,2) width 30: "Data"
            RenderTableCell {TD} at (38,331) size 34x23 [border: (1px solid #000000)] [r=1 c=1 rs=1 cs=1]
              RenderText {#text} at (2,2) size 30x19
                text run at (2,2) width 30: "Data"
            RenderTableCell {TD} at (74,331) size 693x23 [border: (1px solid #000000)] [r=1 c=2 rs=1 cs=1]
              RenderText {#text} at (2,2) size 30x19
                text run at (2,2) width 30: "Data"
      RenderBlock {P} at (0,873) size 769x19
        RenderText {#text} at (0,0) size 749x19
          text run at (0,0) width 749: "All the columns in the following three tables should divide equally the available space (100% of the width of the page):"
      RenderTable {TABLE} at (0,908) size 769x52
        RenderTableSection {TBODY} at (0,0) size 769x52
          RenderTableRow {TR} at (0,2) size 769x23
            RenderTableCell {TD} at (2,2) size 253x23 [border: (1px solid #000000)] [r=0 c=0 rs=1 cs=1]
              RenderText {#text} at (2,2) size 30x19
                text run at (2,2) width 30: "Data"
            RenderTableCell {TD} at (257,2) size 254x23 [border: (1px solid #000000)] [r=0 c=1 rs=1 cs=1]
              RenderText {#text} at (2,2) size 30x19
                text run at (2,2) width 30: "Data"
            RenderTableCell {TD} at (513,2) size 254x23 [border: (1px solid #000000)] [r=0 c=2 rs=1 cs=1]
              RenderText {#text} at (2,2) size 30x19
                text run at (2,2) width 30: "Data"
          RenderTableRow {TR} at (0,27) size 769x23
            RenderTableCell {TD} at (2,27) size 253x23 [border: (1px solid #000000)] [r=1 c=0 rs=1 cs=1]
              RenderText {#text} at (2,2) size 30x19
                text run at (2,2) width 30: "Data"
            RenderTableCell {TD} at (257,27) size 254x23 [border: (1px solid #000000)] [r=1 c=1 rs=1 cs=1]
              RenderText {#text} at (2,2) size 30x19
                text run at (2,2) width 30: "Data"
            RenderTableCell {TD} at (513,27) size 254x23 [border: (1px solid #000000)] [r=1 c=2 rs=1 cs=1]
              RenderText {#text} at (2,2) size 30x19
                text run at (2,2) width 30: "Data"
      RenderTable {TABLE} at (0,960) size 769x945
        RenderTableSection {TBODY} at (0,0) size 769x945
          RenderTableRow {TR} at (0,2) size 769x23
            RenderTableCell {TD} at (2,2) size 253x23 [border: (1px solid #000000)] [r=0 c=0 rs=1 cs=1]
              RenderText {#text} at (2,2) size 30x19
                text run at (2,2) width 30: "Data"
            RenderTableCell {TD} at (257,2) size 254x23 [border: (1px solid #000000)] [r=0 c=1 rs=1 cs=1]
              RenderText {#text} at (2,2) size 30x19
                text run at (2,2) width 30: "Data"
            RenderTableCell {TD} at (513,2) size 254x23 [border: (1px solid #000000)] [r=0 c=2 rs=1 cs=1]
              RenderText {#text} at (2,2) size 30x19
                text run at (2,2) width 30: "Data"
          RenderTableRow {TR} at (0,27) size 769x916
            RenderTableCell {TD} at (2,473) size 253x23 [border: (1px solid #000000)] [r=1 c=0 rs=1 cs=1]
              RenderText {#text} at (2,2) size 30x19
                text run at (2,2) width 30: "Data"
            RenderTableCell {TD} at (257,473) size 254x23 [border: (1px solid #000000)] [r=1 c=1 rs=1 cs=1]
              RenderText {#text} at (2,2) size 30x19
                text run at (2,2) width 30: "Data"
            RenderTableCell {TD} at (513,27) size 254x916 [border: (1px solid #000000)] [r=1 c=2 rs=1 cs=1]
              RenderText {#text} at (2,2) size 244x912
                text run at (2,2) width 189: "Lots and lots and lots of data. "
                text run at (191,2) width 55: "Lots and"
                text run at (2,21) width 130: "lots and lots of data. "
                text run at (132,21) width 108: "Lots and lots and"
                text run at (2,40) width 77: "lots of data. "
                text run at (79,40) width 151: "Lots and lots and lots of"
                text run at (2,59) width 34: "data. "
                text run at (36,59) width 185: "Lots and lots and lots of data."
                text run at (2,78) width 189: "Lots and lots and lots of data. "
                text run at (191,78) width 55: "Lots and"
                text run at (2,97) width 130: "lots and lots of data. "
                text run at (132,97) width 108: "Lots and lots and"
                text run at (2,116) width 77: "lots of data. "
                text run at (79,116) width 151: "Lots and lots and lots of"
                text run at (2,135) width 34: "data. "
                text run at (36,135) width 185: "Lots and lots and lots of data."
                text run at (2,154) width 189: "Lots and lots and lots of data. "
                text run at (191,154) width 55: "Lots and"
                text run at (2,173) width 130: "lots and lots of data. "
                text run at (132,173) width 108: "Lots and lots and"
                text run at (2,192) width 77: "lots of data. "
                text run at (79,192) width 151: "Lots and lots and lots of"
                text run at (2,211) width 34: "data. "
                text run at (36,211) width 185: "Lots and lots and lots of data."
                text run at (2,230) width 189: "Lots and lots and lots of data. "
                text run at (191,230) width 55: "Lots and"
                text run at (2,249) width 130: "lots and lots of data. "
                text run at (132,249) width 108: "Lots and lots and"
                text run at (2,268) width 77: "lots of data. "
                text run at (79,268) width 151: "Lots and lots and lots of"
                text run at (2,287) width 34: "data. "
                text run at (36,287) width 185: "Lots and lots and lots of data."
                text run at (2,306) width 189: "Lots and lots and lots of data. "
                text run at (191,306) width 55: "Lots and"
                text run at (2,325) width 130: "lots and lots of data. "
                text run at (132,325) width 108: "Lots and lots and"
                text run at (2,344) width 77: "lots of data. "
                text run at (79,344) width 151: "Lots and lots and lots of"
                text run at (2,363) width 34: "data. "
                text run at (36,363) width 185: "Lots and lots and lots of data."
                text run at (2,382) width 189: "Lots and lots and lots of data. "
                text run at (191,382) width 55: "Lots and"
                text run at (2,401) width 130: "lots and lots of data. "
                text run at (132,401) width 108: "Lots and lots and"
                text run at (2,420) width 77: "lots of data. "
                text run at (79,420) width 151: "Lots and lots and lots of"
                text run at (2,439) width 34: "data. "
                text run at (36,439) width 185: "Lots and lots and lots of data."
                text run at (2,458) width 189: "Lots and lots and lots of data. "
                text run at (191,458) width 55: "Lots and"
                text run at (2,477) width 130: "lots and lots of data. "
                text run at (132,477) width 108: "Lots and lots and"
                text run at (2,496) width 77: "lots of data. "
                text run at (79,496) width 151: "Lots and lots and lots of"
                text run at (2,515) width 34: "data. "
                text run at (36,515) width 185: "Lots and lots and lots of data."
                text run at (2,534) width 189: "Lots and lots and lots of data. "
                text run at (191,534) width 55: "Lots and"
                text run at (2,553) width 130: "lots and lots of data. "
                text run at (132,553) width 108: "Lots and lots and"
                text run at (2,572) width 77: "lots of data. "
                text run at (79,572) width 151: "Lots and lots and lots of"
                text run at (2,591) width 34: "data. "
                text run at (36,591) width 185: "Lots and lots and lots of data."
                text run at (2,610) width 189: "Lots and lots and lots of data. "
                text run at (191,610) width 55: "Lots and"
                text run at (2,629) width 130: "lots and lots of data. "
                text run at (132,629) width 108: "Lots and lots and"
                text run at (2,648) width 77: "lots of data. "
                text run at (79,648) width 151: "Lots and lots and lots of"
                text run at (2,667) width 34: "data. "
                text run at (36,667) width 185: "Lots and lots and lots of data."
                text run at (2,686) width 189: "Lots and lots and lots of data. "
                text run at (191,686) width 55: "Lots and"
                text run at (2,705) width 130: "lots and lots of data. "
                text run at (132,705) width 108: "Lots and lots and"
                text run at (2,724) width 77: "lots of data. "
                text run at (79,724) width 151: "Lots and lots and lots of"
                text run at (2,743) width 34: "data. "
                text run at (36,743) width 185: "Lots and lots and lots of data."
                text run at (2,762) width 189: "Lots and lots and lots of data. "
                text run at (191,762) width 55: "Lots and"
                text run at (2,781) width 130: "lots and lots of data. "
                text run at (132,781) width 108: "Lots and lots and"
                text run at (2,800) width 77: "lots of data. "
                text run at (79,800) width 151: "Lots and lots and lots of"
                text run at (2,819) width 34: "data. "
                text run at (36,819) width 185: "Lots and lots and lots of data."
                text run at (2,838) width 189: "Lots and lots and lots of data. "
                text run at (191,838) width 55: "Lots and"
                text run at (2,857) width 130: "lots and lots of data. "
                text run at (132,857) width 108: "Lots and lots and"
                text run at (2,876) width 77: "lots of data. "
                text run at (79,876) width 151: "Lots and lots and lots of"
                text run at (2,895) width 34: "data. "
                text run at (36,895) width 185: "Lots and lots and lots of data."
      RenderTable {TABLE} at (0,1905) size 769x945
        RenderTableSection {TBODY} at (0,0) size 769x945
          RenderTableRow {TR} at (0,2) size 769x916
            RenderTableCell {TD} at (2,448) size 253x23 [border: (1px solid #000000)] [r=0 c=0 rs=1 cs=1]
              RenderText {#text} at (2,2) size 30x19
                text run at (2,2) width 30: "Data"
            RenderTableCell {TD} at (257,448) size 254x23 [border: (1px solid #000000)] [r=0 c=1 rs=1 cs=1]
              RenderText {#text} at (2,2) size 30x19
                text run at (2,2) width 30: "Data"
            RenderTableCell {TD} at (513,2) size 254x916 [border: (1px solid #000000)] [r=0 c=2 rs=1 cs=1]
              RenderText {#text} at (2,2) size 244x912
                text run at (2,2) width 189: "Lots and lots and lots of data. "
                text run at (191,2) width 55: "Lots and"
                text run at (2,21) width 130: "lots and lots of data. "
                text run at (132,21) width 108: "Lots and lots and"
                text run at (2,40) width 77: "lots of data. "
                text run at (79,40) width 151: "Lots and lots and lots of"
                text run at (2,59) width 34: "data. "
                text run at (36,59) width 185: "Lots and lots and lots of data."
                text run at (2,78) width 189: "Lots and lots and lots of data. "
                text run at (191,78) width 55: "Lots and"
                text run at (2,97) width 130: "lots and lots of data. "
                text run at (132,97) width 108: "Lots and lots and"
                text run at (2,116) width 77: "lots of data. "
                text run at (79,116) width 151: "Lots and lots and lots of"
                text run at (2,135) width 34: "data. "
                text run at (36,135) width 185: "Lots and lots and lots of data."
                text run at (2,154) width 189: "Lots and lots and lots of data. "
                text run at (191,154) width 55: "Lots and"
                text run at (2,173) width 130: "lots and lots of data. "
                text run at (132,173) width 108: "Lots and lots and"
                text run at (2,192) width 77: "lots of data. "
                text run at (79,192) width 151: "Lots and lots and lots of"
                text run at (2,211) width 34: "data. "
                text run at (36,211) width 185: "Lots and lots and lots of data."
                text run at (2,230) width 189: "Lots and lots and lots of data. "
                text run at (191,230) width 55: "Lots and"
                text run at (2,249) width 130: "lots and lots of data. "
                text run at (132,249) width 108: "Lots and lots and"
                text run at (2,268) width 77: "lots of data. "
                text run at (79,268) width 151: "Lots and lots and lots of"
                text run at (2,287) width 34: "data. "
                text run at (36,287) width 185: "Lots and lots and lots of data."
                text run at (2,306) width 189: "Lots and lots and lots of data. "
                text run at (191,306) width 55: "Lots and"
                text run at (2,325) width 130: "lots and lots of data. "
                text run at (132,325) width 108: "Lots and lots and"
                text run at (2,344) width 77: "lots of data. "
                text run at (79,344) width 151: "Lots and lots and lots of"
                text run at (2,363) width 34: "data. "
                text run at (36,363) width 185: "Lots and lots and lots of data."
                text run at (2,382) width 189: "Lots and lots and lots of data. "
                text run at (191,382) width 55: "Lots and"
                text run at (2,401) width 130: "lots and lots of data. "
                text run at (132,401) width 108: "Lots and lots and"
                text run at (2,420) width 77: "lots of data. "
                text run at (79,420) width 151: "Lots and lots and lots of"
                text run at (2,439) width 34: "data. "
                text run at (36,439) width 185: "Lots and lots and lots of data."
                text run at (2,458) width 189: "Lots and lots and lots of data. "
                text run at (191,458) width 55: "Lots and"
                text run at (2,477) width 130: "lots and lots of data. "
                text run at (132,477) width 108: "Lots and lots and"
                text run at (2,496) width 77: "lots of data. "
                text run at (79,496) width 151: "Lots and lots and lots of"
                text run at (2,515) width 34: "data. "
                text run at (36,515) width 185: "Lots and lots and lots of data."
                text run at (2,534) width 189: "Lots and lots and lots of data. "
                text run at (191,534) width 55: "Lots and"
                text run at (2,553) width 130: "lots and lots of data. "
                text run at (132,553) width 108: "Lots and lots and"
                text run at (2,572) width 77: "lots of data. "
                text run at (79,572) width 151: "Lots and lots and lots of"
                text run at (2,591) width 34: "data. "
                text run at (36,591) width 185: "Lots and lots and lots of data."
                text run at (2,610) width 189: "Lots and lots and lots of data. "
                text run at (191,610) width 55: "Lots and"
                text run at (2,629) width 130: "lots and lots of data. "
                text run at (132,629) width 108: "Lots and lots and"
                text run at (2,648) width 77: "lots of data. "
                text run at (79,648) width 151: "Lots and lots and lots of"
                text run at (2,667) width 34: "data. "
                text run at (36,667) width 185: "Lots and lots and lots of data."
                text run at (2,686) width 189: "Lots and lots and lots of data. "
                text run at (191,686) width 55: "Lots and"
                text run at (2,705) width 130: "lots and lots of data. "
                text run at (132,705) width 108: "Lots and lots and"
                text run at (2,724) width 77: "lots of data. "
                text run at (79,724) width 151: "Lots and lots and lots of"
                text run at (2,743) width 34: "data. "
                text run at (36,743) width 185: "Lots and lots and lots of data."
                text run at (2,762) width 189: "Lots and lots and lots of data. "
                text run at (191,762) width 55: "Lots and"
                text run at (2,781) width 130: "lots and lots of data. "
                text run at (132,781) width 108: "Lots and lots and"
                text run at (2,800) width 77: "lots of data. "
                text run at (79,800) width 151: "Lots and lots and lots of"
                text run at (2,819) width 34: "data. "
                text run at (36,819) width 185: "Lots and lots and lots of data."
                text run at (2,838) width 189: "Lots and lots and lots of data. "
                text run at (191,838) width 55: "Lots and"
                text run at (2,857) width 130: "lots and lots of data. "
                text run at (132,857) width 108: "Lots and lots and"
                text run at (2,876) width 77: "lots of data. "
                text run at (79,876) width 151: "Lots and lots and lots of"
                text run at (2,895) width 34: "data. "
                text run at (36,895) width 185: "Lots and lots and lots of data."
          RenderTableRow {TR} at (0,920) size 769x23
            RenderTableCell {TD} at (2,920) size 253x23 [border: (1px solid #000000)] [r=1 c=0 rs=1 cs=1]
              RenderText {#text} at (2,2) size 30x19
                text run at (2,2) width 30: "Data"
            RenderTableCell {TD} at (257,920) size 254x23 [border: (1px solid #000000)] [r=1 c=1 rs=1 cs=1]
              RenderText {#text} at (2,2) size 30x19
                text run at (2,2) width 30: "Data"
            RenderTableCell {TD} at (513,920) size 254x23 [border: (1px solid #000000)] [r=1 c=2 rs=1 cs=1]
              RenderText {#text} at (2,2) size 30x19
                text run at (2,2) width 30: "Data"
      RenderBlock {P} at (0,2866) size 769x19
        RenderText {#text} at (0,0) size 741x19
          text run at (0,0) width 741: "All the columns in the following three tables should divide equally the available space (50% of the width of the page):"
      RenderTable {TABLE} at (0,2901) size 384x52
        RenderTableSection {TBODY} at (0,0) size 384x52
          RenderTableRow {TR} at (0,2) size 384x23
            RenderTableCell {TD} at (2,2) size 125x23 [border: (1px solid #000000)] [r=0 c=0 rs=1 cs=1]
              RenderText {#text} at (2,2) size 30x19
                text run at (2,2) width 30: "Data"
            RenderTableCell {TD} at (129,2) size 125x23 [border: (1px solid #000000)] [r=0 c=1 rs=1 cs=1]
              RenderText {#text} at (2,2) size 30x19
                text run at (2,2) width 30: "Data"
            RenderTableCell {TD} at (256,2) size 126x23 [border: (1px solid #000000)] [r=0 c=2 rs=1 cs=1]
              RenderText {#text} at (2,2) size 30x19
                text run at (2,2) width 30: "Data"
          RenderTableRow {TR} at (0,27) size 384x23
            RenderTableCell {TD} at (2,27) size 125x23 [border: (1px solid #000000)] [r=1 c=0 rs=1 cs=1]
              RenderText {#text} at (2,2) size 30x19
                text run at (2,2) width 30: "Data"
            RenderTableCell {TD} at (129,27) size 125x23 [border: (1px solid #000000)] [r=1 c=1 rs=1 cs=1]
              RenderText {#text} at (2,2) size 30x19
                text run at (2,2) width 30: "Data"
            RenderTableCell {TD} at (256,27) size 126x23 [border: (1px solid #000000)] [r=1 c=2 rs=1 cs=1]
              RenderText {#text} at (2,2) size 30x19
                text run at (2,2) width 30: "Data"
      RenderTable {TABLE} at (0,2953) size 384x1933
        RenderTableSection {TBODY} at (0,0) size 384x1933
          RenderTableRow {TR} at (0,2) size 384x23
            RenderTableCell {TD} at (2,2) size 125x23 [border: (1px solid #000000)] [r=0 c=0 rs=1 cs=1]
              RenderText {#text} at (2,2) size 30x19
                text run at (2,2) width 30: "Data"
            RenderTableCell {TD} at (129,2) size 125x23 [border: (1px solid #000000)] [r=0 c=1 rs=1 cs=1]
              RenderText {#text} at (2,2) size 30x19
                text run at (2,2) width 30: "Data"
            RenderTableCell {TD} at (256,2) size 126x23 [border: (1px solid #000000)] [r=0 c=2 rs=1 cs=1]
              RenderText {#text} at (2,2) size 30x19
                text run at (2,2) width 30: "Data"
          RenderTableRow {TR} at (0,27) size 384x1904
            RenderTableCell {TD} at (2,967) size 125x23 [border: (1px solid #000000)] [r=1 c=0 rs=1 cs=1]
              RenderText {#text} at (2,2) size 30x19
                text run at (2,2) width 30: "Data"
            RenderTableCell {TD} at (129,967) size 125x23 [border: (1px solid #000000)] [r=1 c=1 rs=1 cs=1]
              RenderText {#text} at (2,2) size 30x19
                text run at (2,2) width 30: "Data"
            RenderTableCell {TD} at (256,27) size 126x1904 [border: (1px solid #000000)] [r=1 c=2 rs=1 cs=1]
              RenderText {#text} at (2,2) size 119x1900
                text run at (2,2) width 108: "Lots and lots and"
                text run at (2,21) width 77: "lots of data. "
                text run at (79,21) width 28: "Lots"
                text run at (2,40) width 119: "and lots and lots of"
                text run at (2,59) width 34: "data. "
                text run at (36,59) width 81: "Lots and lots"
                text run at (2,78) width 100: "and lots of data."
                text run at (2,97) width 108: "Lots and lots and"
                text run at (2,116) width 77: "lots of data. "
                text run at (79,116) width 28: "Lots"
                text run at (2,135) width 119: "and lots and lots of"
                text run at (2,154) width 34: "data. "
                text run at (36,154) width 81: "Lots and lots"
                text run at (2,173) width 100: "and lots of data."
                text run at (2,192) width 108: "Lots and lots and"
                text run at (2,211) width 77: "lots of data. "
                text run at (79,211) width 28: "Lots"
                text run at (2,230) width 119: "and lots and lots of"
                text run at (2,249) width 34: "data. "
                text run at (36,249) width 81: "Lots and lots"
                text run at (2,268) width 100: "and lots of data."
                text run at (2,287) width 108: "Lots and lots and"
                text run at (2,306) width 77: "lots of data. "
                text run at (79,306) width 28: "Lots"
                text run at (2,325) width 119: "and lots and lots of"
                text run at (2,344) width 34: "data. "
                text run at (36,344) width 81: "Lots and lots"
                text run at (2,363) width 100: "and lots of data."
                text run at (2,382) width 108: "Lots and lots and"
                text run at (2,401) width 77: "lots of data. "
                text run at (79,401) width 28: "Lots"
                text run at (2,420) width 119: "and lots and lots of"
                text run at (2,439) width 34: "data. "
                text run at (36,439) width 81: "Lots and lots"
                text run at (2,458) width 100: "and lots of data."
                text run at (2,477) width 108: "Lots and lots and"
                text run at (2,496) width 77: "lots of data. "
                text run at (79,496) width 28: "Lots"
                text run at (2,515) width 119: "and lots and lots of"
                text run at (2,534) width 34: "data. "
                text run at (36,534) width 81: "Lots and lots"
                text run at (2,553) width 100: "and lots of data."
                text run at (2,572) width 108: "Lots and lots and"
                text run at (2,591) width 77: "lots of data. "
                text run at (79,591) width 28: "Lots"
                text run at (2,610) width 119: "and lots and lots of"
                text run at (2,629) width 34: "data. "
                text run at (36,629) width 81: "Lots and lots"
                text run at (2,648) width 100: "and lots of data."
                text run at (2,667) width 108: "Lots and lots and"
                text run at (2,686) width 77: "lots of data. "
                text run at (79,686) width 28: "Lots"
                text run at (2,705) width 119: "and lots and lots of"
                text run at (2,724) width 34: "data. "
                text run at (36,724) width 81: "Lots and lots"
                text run at (2,743) width 100: "and lots of data."
                text run at (2,762) width 108: "Lots and lots and"
                text run at (2,781) width 77: "lots of data. "
                text run at (79,781) width 28: "Lots"
                text run at (2,800) width 119: "and lots and lots of"
                text run at (2,819) width 34: "data. "
                text run at (36,819) width 81: "Lots and lots"
                text run at (2,838) width 100: "and lots of data."
                text run at (2,857) width 108: "Lots and lots and"
                text run at (2,876) width 77: "lots of data. "
                text run at (79,876) width 28: "Lots"
                text run at (2,895) width 119: "and lots and lots of"
                text run at (2,914) width 34: "data. "
                text run at (36,914) width 81: "Lots and lots"
                text run at (2,933) width 100: "and lots of data."
                text run at (2,952) width 108: "Lots and lots and"
                text run at (2,971) width 77: "lots of data. "
                text run at (79,971) width 28: "Lots"
                text run at (2,990) width 119: "and lots and lots of"
                text run at (2,1009) width 34: "data. "
                text run at (36,1009) width 81: "Lots and lots"
                text run at (2,1028) width 100: "and lots of data."
                text run at (2,1047) width 108: "Lots and lots and"
                text run at (2,1066) width 77: "lots of data. "
                text run at (79,1066) width 28: "Lots"
                text run at (2,1085) width 119: "and lots and lots of"
                text run at (2,1104) width 34: "data. "
                text run at (36,1104) width 81: "Lots and lots"
                text run at (2,1123) width 100: "and lots of data."
                text run at (2,1142) width 108: "Lots and lots and"
                text run at (2,1161) width 77: "lots of data. "
                text run at (79,1161) width 28: "Lots"
                text run at (2,1180) width 119: "and lots and lots of"
                text run at (2,1199) width 34: "data. "
                text run at (36,1199) width 81: "Lots and lots"
                text run at (2,1218) width 100: "and lots of data."
                text run at (2,1237) width 108: "Lots and lots and"
                text run at (2,1256) width 77: "lots of data. "
                text run at (79,1256) width 28: "Lots"
                text run at (2,1275) width 119: "and lots and lots of"
                text run at (2,1294) width 34: "data. "
                text run at (36,1294) width 81: "Lots and lots"
                text run at (2,1313) width 100: "and lots of data."
                text run at (2,1332) width 108: "Lots and lots and"
                text run at (2,1351) width 77: "lots of data. "
                text run at (79,1351) width 28: "Lots"
                text run at (2,1370) width 119: "and lots and lots of"
                text run at (2,1389) width 34: "data. "
                text run at (36,1389) width 81: "Lots and lots"
                text run at (2,1408) width 100: "and lots of data."
                text run at (2,1427) width 108: "Lots and lots and"
                text run at (2,1446) width 77: "lots of data. "
                text run at (79,1446) width 28: "Lots"
                text run at (2,1465) width 119: "and lots and lots of"
                text run at (2,1484) width 34: "data. "
                text run at (36,1484) width 81: "Lots and lots"
                text run at (2,1503) width 100: "and lots of data."
                text run at (2,1522) width 108: "Lots and lots and"
                text run at (2,1541) width 77: "lots of data. "
                text run at (79,1541) width 28: "Lots"
                text run at (2,1560) width 119: "and lots and lots of"
                text run at (2,1579) width 34: "data. "
                text run at (36,1579) width 81: "Lots and lots"
                text run at (2,1598) width 100: "and lots of data."
                text run at (2,1617) width 108: "Lots and lots and"
                text run at (2,1636) width 77: "lots of data. "
                text run at (79,1636) width 28: "Lots"
                text run at (2,1655) width 119: "and lots and lots of"
                text run at (2,1674) width 34: "data. "
                text run at (36,1674) width 81: "Lots and lots"
                text run at (2,1693) width 100: "and lots of data."
                text run at (2,1712) width 108: "Lots and lots and"
                text run at (2,1731) width 77: "lots of data. "
                text run at (79,1731) width 28: "Lots"
                text run at (2,1750) width 119: "and lots and lots of"
                text run at (2,1769) width 34: "data. "
                text run at (36,1769) width 81: "Lots and lots"
                text run at (2,1788) width 100: "and lots of data."
                text run at (2,1807) width 108: "Lots and lots and"
                text run at (2,1826) width 77: "lots of data. "
                text run at (79,1826) width 28: "Lots"
                text run at (2,1845) width 119: "and lots and lots of"
                text run at (2,1864) width 34: "data. "
                text run at (36,1864) width 81: "Lots and lots"
                text run at (2,1883) width 100: "and lots of data."
      RenderTable {TABLE} at (0,4886) size 384x1933
        RenderTableSection {TBODY} at (0,0) size 384x1933
          RenderTableRow {TR} at (0,2) size 384x1904
            RenderTableCell {TD} at (2,942) size 125x23 [border: (1px solid #000000)] [r=0 c=0 rs=1 cs=1]
              RenderText {#text} at (2,2) size 30x19
                text run at (2,2) width 30: "Data"
            RenderTableCell {TD} at (129,942) size 125x23 [border: (1px solid #000000)] [r=0 c=1 rs=1 cs=1]
              RenderText {#text} at (2,2) size 30x19
                text run at (2,2) width 30: "Data"
            RenderTableCell {TD} at (256,2) size 126x1904 [border: (1px solid #000000)] [r=0 c=2 rs=1 cs=1]
              RenderText {#text} at (2,2) size 119x1900
                text run at (2,2) width 108: "Lots and lots and"
                text run at (2,21) width 77: "lots of data. "
                text run at (79,21) width 28: "Lots"
                text run at (2,40) width 119: "and lots and lots of"
                text run at (2,59) width 34: "data. "
                text run at (36,59) width 81: "Lots and lots"
                text run at (2,78) width 100: "and lots of data."
                text run at (2,97) width 108: "Lots and lots and"
                text run at (2,116) width 77: "lots of data. "
                text run at (79,116) width 28: "Lots"
                text run at (2,135) width 119: "and lots and lots of"
                text run at (2,154) width 34: "data. "
                text run at (36,154) width 81: "Lots and lots"
                text run at (2,173) width 100: "and lots of data."
                text run at (2,192) width 108: "Lots and lots and"
                text run at (2,211) width 77: "lots of data. "
                text run at (79,211) width 28: "Lots"
                text run at (2,230) width 119: "and lots and lots of"
                text run at (2,249) width 34: "data. "
                text run at (36,249) width 81: "Lots and lots"
                text run at (2,268) width 100: "and lots of data."
                text run at (2,287) width 108: "Lots and lots and"
                text run at (2,306) width 77: "lots of data. "
                text run at (79,306) width 28: "Lots"
                text run at (2,325) width 119: "and lots and lots of"
                text run at (2,344) width 34: "data. "
                text run at (36,344) width 81: "Lots and lots"
                text run at (2,363) width 100: "and lots of data."
                text run at (2,382) width 108: "Lots and lots and"
                text run at (2,401) width 77: "lots of data. "
                text run at (79,401) width 28: "Lots"
                text run at (2,420) width 119: "and lots and lots of"
                text run at (2,439) width 34: "data. "
                text run at (36,439) width 81: "Lots and lots"
                text run at (2,458) width 100: "and lots of data."
                text run at (2,477) width 108: "Lots and lots and"
                text run at (2,496) width 77: "lots of data. "
                text run at (79,496) width 28: "Lots"
                text run at (2,515) width 119: "and lots and lots of"
                text run at (2,534) width 34: "data. "
                text run at (36,534) width 81: "Lots and lots"
                text run at (2,553) width 100: "and lots of data."
                text run at (2,572) width 108: "Lots and lots and"
                text run at (2,591) width 77: "lots of data. "
                text run at (79,591) width 28: "Lots"
                text run at (2,610) width 119: "and lots and lots of"
                text run at (2,629) width 34: "data. "
                text run at (36,629) width 81: "Lots and lots"
                text run at (2,648) width 100: "and lots of data."
                text run at (2,667) width 108: "Lots and lots and"
                text run at (2,686) width 77: "lots of data. "
                text run at (79,686) width 28: "Lots"
                text run at (2,705) width 119: "and lots and lots of"
                text run at (2,724) width 34: "data. "
                text run at (36,724) width 81: "Lots and lots"
                text run at (2,743) width 100: "and lots of data."
                text run at (2,762) width 108: "Lots and lots and"
                text run at (2,781) width 77: "lots of data. "
                text run at (79,781) width 28: "Lots"
                text run at (2,800) width 119: "and lots and lots of"
                text run at (2,819) width 34: "data. "
                text run at (36,819) width 81: "Lots and lots"
                text run at (2,838) width 100: "and lots of data."
                text run at (2,857) width 108: "Lots and lots and"
                text run at (2,876) width 77: "lots of data. "
                text run at (79,876) width 28: "Lots"
                text run at (2,895) width 119: "and lots and lots of"
                text run at (2,914) width 34: "data. "
                text run at (36,914) width 81: "Lots and lots"
                text run at (2,933) width 100: "and lots of data."
                text run at (2,952) width 108: "Lots and lots and"
                text run at (2,971) width 77: "lots of data. "
                text run at (79,971) width 28: "Lots"
                text run at (2,990) width 119: "and lots and lots of"
                text run at (2,1009) width 34: "data. "
                text run at (36,1009) width 81: "Lots and lots"
                text run at (2,1028) width 100: "and lots of data."
                text run at (2,1047) width 108: "Lots and lots and"
                text run at (2,1066) width 77: "lots of data. "
                text run at (79,1066) width 28: "Lots"
                text run at (2,1085) width 119: "and lots and lots of"
                text run at (2,1104) width 34: "data. "
                text run at (36,1104) width 81: "Lots and lots"
                text run at (2,1123) width 100: "and lots of data."
                text run at (2,1142) width 108: "Lots and lots and"
                text run at (2,1161) width 77: "lots of data. "
                text run at (79,1161) width 28: "Lots"
                text run at (2,1180) width 119: "and lots and lots of"
                text run at (2,1199) width 34: "data. "
                text run at (36,1199) width 81: "Lots and lots"
                text run at (2,1218) width 100: "and lots of data."
                text run at (2,1237) width 108: "Lots and lots and"
                text run at (2,1256) width 77: "lots of data. "
                text run at (79,1256) width 28: "Lots"
                text run at (2,1275) width 119: "and lots and lots of"
                text run at (2,1294) width 34: "data. "
                text run at (36,1294) width 81: "Lots and lots"
                text run at (2,1313) width 100: "and lots of data."
                text run at (2,1332) width 108: "Lots and lots and"
                text run at (2,1351) width 77: "lots of data. "
                text run at (79,1351) width 28: "Lots"
                text run at (2,1370) width 119: "and lots and lots of"
                text run at (2,1389) width 34: "data. "
                text run at (36,1389) width 81: "Lots and lots"
                text run at (2,1408) width 100: "and lots of data."
                text run at (2,1427) width 108: "Lots and lots and"
                text run at (2,1446) width 77: "lots of data. "
                text run at (79,1446) width 28: "Lots"
                text run at (2,1465) width 119: "and lots and lots of"
                text run at (2,1484) width 34: "data. "
                text run at (36,1484) width 81: "Lots and lots"
                text run at (2,1503) width 100: "and lots of data."
                text run at (2,1522) width 108: "Lots and lots and"
                text run at (2,1541) width 77: "lots of data. "
                text run at (79,1541) width 28: "Lots"
                text run at (2,1560) width 119: "and lots and lots of"
                text run at (2,1579) width 34: "data. "
                text run at (36,1579) width 81: "Lots and lots"
                text run at (2,1598) width 100: "and lots of data."
                text run at (2,1617) width 108: "Lots and lots and"
                text run at (2,1636) width 77: "lots of data. "
                text run at (79,1636) width 28: "Lots"
                text run at (2,1655) width 119: "and lots and lots of"
                text run at (2,1674) width 34: "data. "
                text run at (36,1674) width 81: "Lots and lots"
                text run at (2,1693) width 100: "and lots of data."
                text run at (2,1712) width 108: "Lots and lots and"
                text run at (2,1731) width 77: "lots of data. "
                text run at (79,1731) width 28: "Lots"
                text run at (2,1750) width 119: "and lots and lots of"
                text run at (2,1769) width 34: "data. "
                text run at (36,1769) width 81: "Lots and lots"
                text run at (2,1788) width 100: "and lots of data."
                text run at (2,1807) width 108: "Lots and lots and"
                text run at (2,1826) width 77: "lots of data. "
                text run at (79,1826) width 28: "Lots"
                text run at (2,1845) width 119: "and lots and lots of"
                text run at (2,1864) width 34: "data. "
                text run at (36,1864) width 81: "Lots and lots"
                text run at (2,1883) width 100: "and lots of data."
          RenderTableRow {TR} at (0,1908) size 384x23
            RenderTableCell {TD} at (2,1908) size 125x23 [border: (1px solid #000000)] [r=1 c=0 rs=1 cs=1]
              RenderText {#text} at (2,2) size 30x19
                text run at (2,2) width 30: "Data"
            RenderTableCell {TD} at (129,1908) size 125x23 [border: (1px solid #000000)] [r=1 c=1 rs=1 cs=1]
              RenderText {#text} at (2,2) size 30x19
                text run at (2,2) width 30: "Data"
            RenderTableCell {TD} at (256,1908) size 126x23 [border: (1px solid #000000)] [r=1 c=2 rs=1 cs=1]
              RenderText {#text} at (2,2) size 30x19
                text run at (2,2) width 30: "Data"
      RenderBlock {P} at (0,6835) size 769x19
        RenderText {#text} at (0,0) size 192x19
          text run at (0,0) width 192: "This test is still being written..."
      RenderBlock {HR} at (0,6870) size 769x2 [border: (1px inset #000000)]
      RenderBlock {P} at (0,6888) size 769x19
        RenderText {#text} at (0,0) size 58x19
          text run at (0,0) width 58: "(Back to "
        RenderInline {A} at (0,0) size 158x19 [color=#0000EE]
          RenderText {#text} at (58,0) size 158x19
            text run at (58,0) width 158: "CSS Testing Information"
        RenderText {#text} at (216,0) size 8x19
          text run at (216,0) width 8: ", "
        RenderInline {A} at (0,0) size 82x19 [color=#0000EE]
          RenderText {#text} at (224,0) size 82x19
            text run at (224,0) width 82: "David Baron"
        RenderText {#text} at (306,0) size 5x19
          text run at (306,0) width 5: ")"
      RenderBlock {P} at (0,6923) size 769x19
        RenderInline {A} at (0,0) size 33x19 [color=#0000EE]
          RenderText {#text} at (0,0) size 33x19
            text run at (0,0) width 33: "LDB"
        RenderText {#text} at (33,0) size 8x19
          text run at (33,0) width 8: ", "
        RenderInline {A} at (0,0) size 156x19 [color=#0000EE]
          RenderText {#text} at (41,0) size 156x19
            text run at (41,0) width 156: "dbaron@fas.harvard.edu"
