layer at (0,0) size 800x600
  RenderView at (0,0) size 800x600
layer at (0,0) size 800x600
  RenderBlock {HTML} at (0,0) size 800x600
    RenderBody {BODY} at (8,8) size 784x584
      RenderTable {TABLE} at (0,0) size 70x94 [border: (1px outset #808080)]
        RenderBlock {CAPTION} at (0,0) size 68x38 [color=#008000] [bgcolor=#FFFFE0]
          RenderText {#text} at (6,0) size 60x38
            text run at (6,0) width 56: "Where is"
            text run at (4,19) width 60: "the table?"
        RenderTableSection {THEAD} at (1,39) size 68x27
          RenderTableRow {TR} at (0,2) size 68x23
            RenderTableCell {TD} at (2,2) size 64x23 [border: (1px inset #808080)] [r=0 c=0 rs=1 cs=1]
              RenderText {#text} at (2,2) size 46x19
                text run at (2,2) width 46: "Header"
        RenderTableSection {TBODY} at (1,66) size 68x27
          RenderTableRow {TR} at (0,2) size 68x23
            RenderTableCell {TD} at (2,2) size 64x23 [border: (1px inset #808080)] [r=0 c=0 rs=1 cs=1]
              RenderText {#text} at (2,2) size 60x19
                text run at (2,2) width 60: "Kibology"
      RenderBlock {HR} at (0,102) size 784x2 [border: (1px inset #000000)]
      RenderTable {TABLE} at (0,112) size 70x56 [border: (1px outset #808080)]
        RenderTableSection {THEAD} at (1,1) size 68x27
          RenderTableRow {TR} at (0,2) size 68x23
            RenderTableCell {TD} at (2,2) size 64x23 [border: (1px inset #808080)] [r=0 c=0 rs=1 cs=1]
              RenderText {#text} at (2,2) size 46x19
                text run at (2,2) width 46: "Header"
        RenderTableSection {TBODY} at (1,28) size 68x27
          RenderTableRow {TR} at (0,2) size 68x23
            RenderTableCell {TD} at (2,2) size 64x23 [border: (1px inset #808080)] [r=0 c=0 rs=1 cs=1]
              RenderText {#text} at (2,2) size 60x19
                text run at (2,2) width 60: "Kibology"
      RenderBlock {HR} at (0,176) size 784x2 [border: (1px inset #000000)]
      RenderTable {TABLE} at (0,186) size 70x94 [border: (1px outset #808080)]
        RenderBlock {CAPTION} at (0,0) size 68x38 [color=#008000] [bgcolor=#FFFFE0]
          RenderText {#text} at (0,0) size 68x38
            text run at (0,0) width 68: "Here is the"
            text run at (19,19) width 30: "table"
        RenderTableSection {THEAD} at (1,39) size 68x27
          RenderTableRow {TR} at (0,2) size 68x23
            RenderTableCell {TD} at (2,2) size 64x23 [border: (1px inset #808080)] [r=0 c=0 rs=1 cs=1]
              RenderText {#text} at (2,2) size 46x19
                text run at (2,2) width 46: "Header"
        RenderTableSection {TBODY} at (1,66) size 68x27
          RenderTableRow {TR} at (0,2) size 68x23
            RenderTableCell {TD} at (2,2) size 64x23 [border: (1px inset #808080)] [r=0 c=0 rs=1 cs=1]
              RenderText {#text} at (2,2) size 60x19
                text run at (2,2) width 60: "Kibology"
      RenderTable {TABLE} at (0,280) size 70x94 [border: (1px outset #808080)]
        RenderTableSection {THEAD} at (1,39) size 68x27
          RenderTableRow {TR} at (0,2) size 68x23
            RenderTableCell {TD} at (2,2) size 64x23 [border: (1px inset #808080)] [r=0 c=0 rs=1 cs=1]
              RenderText {#text} at (2,2) size 46x19
                text run at (2,2) width 46: "Header"
        RenderBlock {CAPTION} at (0,0) size 68x38 [color=#008000] [bgcolor=#FFFFE0]
          RenderText {#text} at (6,0) size 60x38
            text run at (6,0) width 56: "Where is"
            text run at (4,19) width 60: "the table?"
        RenderTableSection {TBODY} at (1,66) size 68x27
          RenderTableRow {TR} at (0,2) size 68x23
            RenderTableCell {TD} at (2,2) size 64x23 [border: (1px inset #808080)] [r=0 c=0 rs=1 cs=1]
              RenderText {#text} at (2,2) size 60x19
                text run at (2,2) width 60: "Kibology"
      RenderBlock {HR} at (0,382) size 784x2 [border: (1px inset #000000)]
      RenderTable {TABLE} at (0,392) size 70x56 [border: (1px outset #808080)]
        RenderTableSection {THEAD} at (1,1) size 68x27
          RenderTableRow {TR} at (0,2) size 68x23
            RenderTableCell {TD} at (2,2) size 64x23 [border: (1px inset #808080)] [r=0 c=0 rs=1 cs=1]
              RenderText {#text} at (2,2) size 46x19
                text run at (2,2) width 46: "Header"
        RenderTableSection {TBODY} at (1,28) size 68x27
          RenderTableRow {TR} at (0,2) size 68x23
            RenderTableCell {TD} at (2,2) size 64x23 [border: (1px inset #808080)] [r=0 c=0 rs=1 cs=1]
              RenderText {#text} at (2,2) size 60x19
                text run at (2,2) width 60: "Kibology"
      RenderBlock {HR} at (0,456) size 784x2 [border: (1px inset #000000)]
      RenderTable {TABLE} at (0,466) size 70x94 [border: (1px outset #808080)]
        RenderTableSection {THEAD} at (1,39) size 68x27
          RenderTableRow {TR} at (0,2) size 68x23
            RenderTableCell {TD} at (2,2) size 64x23 [border: (1px inset #808080)] [r=0 c=0 rs=1 cs=1]
              RenderText {#text} at (2,2) size 46x19
                text run at (2,2) width 46: "Header"
        RenderBlock {CAPTION} at (0,0) size 68x38 [color=#008000] [bgcolor=#FFFFE0]
          RenderText {#text} at (0,0) size 68x38
            text run at (0,0) width 68: "Here is the"
            text run at (19,19) width 30: "table"
        RenderTableSection {TBODY} at (1,66) size 68x27
          RenderTableRow {TR} at (0,2) size 68x23
            RenderTableCell {TD} at (2,2) size 64x23 [border: (1px inset #808080)] [r=0 c=0 rs=1 cs=1]
              RenderText {#text} at (2,2) size 60x19
                text run at (2,2) width 60: "Kibology"
