layer at (0,0) size 899x585
  RenderView at (0,0) size 800x585
layer at (0,0) size 800x585
  RenderBlock {HTML} at (0,0) size 800x585
    RenderBody {BODY} at (8,8) size 784x561
      RenderBlock {FORM} at (0,0) size 784x36
        RenderTable {TABLE} at (0,0) size 891x36 [bgcolor=#FFE030] [border: (1px outset #808080)]
          RenderTableSection {TBODY} at (1,1) size 889x34
            RenderTableRow {TR} at (0,0) size 889x34
              RenderTableCell {TD} at (0,0) size 889x34 [border: (1px inset #808080)] [r=0 c=0 rs=1 cs=1]
                RenderInline {NOBR} at (0,0) size 887x19
                  RenderTextControl {INPUT} at (3,3) size 283x28 [bgcolor=#FFFFFF]
                  RenderText {#text} at (288,9) size 13x19
                    text run at (288,9) width 13: " - "
                  RenderTextControl {INPUT} at (303,3) size 283x28 [bgcolor=#FFFFFF]
                  RenderText {#text} at (588,9) size 13x19
                    text run at (588,9) width 13: " - "
                  RenderTextControl {INPUT} at (603,3) size 283x28 [bgcolor=#FFFFFF]
                RenderText {#text} at (0,0) size 0x0
            RenderTableRow {TR} at (0,34) size 889x0
layer at (16,18) size 276x18
  RenderBlock {DIV} at (4,6) size 276x18
layer at (316,18) size 276x18
  RenderBlock {DIV} at (4,6) size 276x18
layer at (616,18) size 276x18
  RenderBlock {DIV} at (4,6) size 276x18
