layer at (0,0) size 785x1562
  RenderView at (0,0) size 785x600
layer at (0,0) size 785x1562
  RenderBlock {HTML} at (0,0) size 785x1562
    RenderBody {BODY} at (8,8) size 769x1546
      RenderTable {TABLE} at (0,0) size 769x74 [border: (1px solid #000000)]
        RenderTableSection {TBODY} at (1,1) size 767x72
          RenderTableRow {TR} at (0,2) size 767x68
            RenderTableCell {TD} at (2,2) size 444x68 [border: (1px solid #000000)] [r=0 c=0 rs=1 cs=1]
              RenderImage {IMG} at (2,2) size 88x64
              RenderImage {IMG} at (90,2) size 88x64
              RenderImage {IMG} at (178,2) size 88x64
              RenderImage {IMG} at (266,2) size 88x64
              RenderImage {IMG} at (354,2) size 88x64
            RenderTableCell {TD} at (448,24) size 317x23 [border: (1px solid #000000)] [r=0 c=1 rs=1 cs=1]
              RenderText {#text} at (2,2) size 157x19
                text run at (2,2) width 157: "Nothing between images"
      RenderTable {TABLE} at (0,74) size 769x330 [border: (1px solid #000000)]
        RenderTableSection {TBODY} at (1,1) size 767x328
          RenderTableRow {TR} at (0,2) size 767x324
            RenderTableCell {TD} at (2,2) size 92x324 [border: (1px solid #000000)] [r=0 c=0 rs=1 cs=1]
              RenderImage {IMG} at (2,2) size 88x64
              RenderText {#text} at (0,0) size 0x0
              RenderImage {IMG} at (2,66) size 88x64
              RenderText {#text} at (0,0) size 0x0
              RenderImage {IMG} at (2,130) size 88x64
              RenderText {#text} at (0,0) size 0x0
              RenderImage {IMG} at (2,194) size 88x64
              RenderText {#text} at (0,0) size 0x0
              RenderImage {IMG} at (2,258) size 88x64
            RenderTableCell {TD} at (96,152) size 669x23 [border: (1px solid #000000)] [r=0 c=1 rs=1 cs=1]
              RenderText {#text} at (2,2) size 149x19
                text run at (2,2) width 149: "Spaces between images"
      RenderTable {TABLE} at (0,404) size 769x330 [border: (1px solid #000000)]
        RenderTableSection {TBODY} at (1,1) size 767x328
          RenderTableRow {TR} at (0,2) size 767x324
            RenderTableCell {TD} at (2,2) size 92x324 [border: (1px solid #000000)] [r=0 c=0 rs=1 cs=1]
              RenderImage {IMG} at (2,2) size 88x64
              RenderText {#text} at (0,0) size 0x0
              RenderImage {IMG} at (2,66) size 88x64
              RenderText {#text} at (0,0) size 0x0
              RenderImage {IMG} at (2,130) size 88x64
              RenderText {#text} at (0,0) size 0x0
              RenderImage {IMG} at (2,194) size 88x64
              RenderText {#text} at (0,0) size 0x0
              RenderImage {IMG} at (2,258) size 88x64
            RenderTableCell {TD} at (96,152) size 669x23 [border: (1px solid #000000)] [r=0 c=1 rs=1 cs=1]
              RenderText {#text} at (2,2) size 165x19
                text run at (2,2) width 165: "Newlines between images"
      RenderTable {TABLE} at (0,734) size 769x78 [border: (1px solid #000000)]
        RenderTableSection {TBODY} at (1,1) size 767x76
          RenderTableRow {TR} at (0,2) size 767x72
            RenderTableCell {TD} at (2,2) size 596x72 [border: (1px solid #000000)] [r=0 c=0 rs=1 cs=1]
              RenderText {#text} at (2,51) size 27x19
                text run at (2,51) width 27: "One"
              RenderImage {IMG} at (29,2) size 88x64
              RenderText {#text} at (117,51) size 30x19
                text run at (117,51) width 30: "Two"
              RenderImage {IMG} at (147,2) size 88x64
              RenderText {#text} at (235,51) size 37x19
                text run at (235,51) width 37: "Three"
              RenderImage {IMG} at (272,2) size 88x64
              RenderText {#text} at (360,51) size 30x19
                text run at (360,51) width 30: "Four"
              RenderImage {IMG} at (390,2) size 88x64
              RenderText {#text} at (478,51) size 28x19
                text run at (478,51) width 28: "Five"
              RenderImage {IMG} at (506,2) size 88x64
            RenderTableCell {TD} at (600,26) size 165x23 [border: (1px solid #000000)] [r=0 c=1 rs=1 cs=1]
              RenderText {#text} at (2,2) size 134x19
                text run at (2,2) width 134: "Text between images"
      RenderTable {TABLE} at (0,812) size 769x365 [border: (1px solid #000000)]
        RenderTableSection {TBODY} at (1,1) size 767x363
          RenderTableRow {TR} at (0,2) size 767x359
            RenderTableCell {TD} at (2,2) size 129x359 [border: (1px solid #000000)] [r=0 c=0 rs=1 cs=1]
              RenderText {#text} at (2,2) size 27x19
                text run at (2,2) width 27: "One"
              RenderImage {IMG} at (2,21) size 88x64
              RenderText {#text} at (90,70) size 30x19
                text run at (90,70) width 30: "Two"
              RenderImage {IMG} at (2,89) size 88x64
              RenderText {#text} at (90,138) size 37x19
                text run at (90,138) width 37: "Three"
              RenderImage {IMG} at (2,157) size 88x64
              RenderText {#text} at (90,206) size 30x19
                text run at (90,206) width 30: "Four"
              RenderImage {IMG} at (2,225) size 88x64
              RenderText {#text} at (90,274) size 28x19
                text run at (90,274) width 28: "Five"
              RenderImage {IMG} at (2,293) size 88x64
            RenderTableCell {TD} at (133,170) size 632x23 [border: (1px solid #000000)] [r=0 c=1 rs=1 cs=1]
              RenderText {#text} at (2,2) size 211x19
                text run at (2,2) width 211: "Text with spaces between images"
      RenderTable {TABLE} at (0,1177) size 769x369 [border: (1px solid #000000)]
        RenderTableSection {TBODY} at (1,1) size 767x367
          RenderTableRow {TR} at (0,2) size 767x363
            RenderTableCell {TD} at (2,2) size 137x363 [border: (1px solid #000000)] [r=0 c=0 rs=1 cs=1]
              RenderText {#text} at (2,2) size 27x87
                text run at (2,2) width 27: "One"
                text run at (2,70) width 12: "A"
              RenderImage {IMG} at (14,21) size 88x64
              RenderText {#text} at (102,70) size 130x87
                text run at (102,70) width 30: "Two"
                text run at (2,138) width 8: "b"
              RenderImage {IMG} at (10,89) size 88x64
              RenderText {#text} at (98,138) size 133x87
                text run at (98,138) width 37: "Three"
                text run at (2,206) width 7: "c"
              RenderImage {IMG} at (9,157) size 88x64
              RenderText {#text} at (97,206) size 125x87
                text run at (97,206) width 30: "Four"
                text run at (2,274) width 8: "d"
              RenderImage {IMG} at (10,225) size 88x64
              RenderText {#text} at (98,274) size 124x87
                text run at (98,274) width 28: "Five"
                text run at (2,342) width 7: "e"
              RenderImage {IMG} at (9,293) size 88x64
            RenderTableCell {TD} at (141,172) size 624x23 [border: (1px solid #000000)] [r=0 c=1 rs=1 cs=1]
              RenderText {#text} at (2,2) size 301x19
                text run at (2,2) width 301: "Text with spaces and more text between images"
