layer at (0,0) size 800x600
  RenderView at (0,0) size 800x600
layer at (0,0) size 800x600
  RenderBlock {HTML} at (0,0) size 800x600
    RenderBody {BODY} at (8,8) size 784x584
      RenderTable {TABLE} at (0,0) size 784x96 [border: (1px outset #808080)]
        RenderTableSection {TBODY} at (1,1) size 782x94
          RenderTableRow {TR} at (0,2) size 782x90
            RenderTableCell {TD} at (2,2) size 621x90 [border: (1px inset #808080)] [r=0 c=0 rs=1 cs=1]
              RenderBlock (anonymous) at (2,2) size 617x19
                RenderText {#text} at (0,0) size 253x19
                  text run at (0,0) width 253: "some normal text before the nested table"
              RenderTable {TABLE} at (52,21) size 555x48 [border: (1px outset #808080)]
                RenderTableSection {TBODY} at (1,1) size 553x46
                  RenderTableRow {TR} at (0,2) size 553x42
                    RenderTableCell {TD} at (2,2) size 181x42 [border: (1px inset #808080)] [r=0 c=0 rs=1 cs=1]
                      RenderText {#text} at (2,2) size 158x38
                        text run at (2,2) width 158: "selection of words to pad"
                        text run at (2,21) width 56: "table cell"
                    RenderTableCell {TD} at (185,2) size 182x42 [border: (1px inset #808080)] [r=0 c=1 rs=1 cs=1]
                      RenderText {#text} at (2,2) size 158x38
                        text run at (2,2) width 158: "selection of words to pad"
                        text run at (2,21) width 56: "table cell"
                    RenderTableCell {TD} at (369,2) size 182x42 [border: (1px inset #808080)] [r=0 c=2 rs=1 cs=1]
                      RenderText {#text} at (2,2) size 158x38
                        text run at (2,2) width 158: "selection of words to pad"
                        text run at (2,21) width 56: "table cell"
              RenderBlock (anonymous) at (2,69) size 617x19
                RenderText {#text} at (0,0) size 241x19
                  text run at (0,0) width 241: "some normal text after the nested table"
            RenderTableCell {TD} at (625,26) size 155x42 [border: (1px inset #808080)] [r=0 c=1 rs=1 cs=1]
              RenderText {#text} at (2,2) size 145x38
                text run at (2,2) width 145: "contents of table cell to"
                text run at (2,21) width 29: "right"
      RenderTable {TABLE} at (0,96) size 784x96 [border: (1px outset #808080)]
        RenderTableSection {TBODY} at (1,1) size 782x94
          RenderTableRow {TR} at (0,2) size 782x90
            RenderTableCell {TD} at (2,2) size 621x90 [border: (1px inset #808080)] [r=0 c=0 rs=1 cs=1]
              RenderBlock (anonymous) at (2,2) size 617x19
                RenderText {#text} at (0,0) size 253x19
                  text run at (0,0) width 253: "some normal text before the nested table"
              RenderTable {TABLE} at (52,21) size 567x48 [border: (1px outset #808080)]
                RenderTableSection {TBODY} at (1,1) size 565x46
                  RenderTableRow {TR} at (0,2) size 565x42
                    RenderTableCell {TD} at (2,2) size 185x42 [border: (1px inset #808080)] [r=0 c=0 rs=1 cs=1]
                      RenderText {#text} at (2,2) size 158x38
                        text run at (2,2) width 158: "selection of words to pad"
                        text run at (2,21) width 56: "table cell"
                    RenderTableCell {TD} at (189,2) size 186x42 [border: (1px inset #808080)] [r=0 c=1 rs=1 cs=1]
                      RenderText {#text} at (2,2) size 158x38
                        text run at (2,2) width 158: "selection of words to pad"
                        text run at (2,21) width 56: "table cell"
                    RenderTableCell {TD} at (377,2) size 186x42 [border: (1px inset #808080)] [r=0 c=2 rs=1 cs=1]
                      RenderText {#text} at (2,2) size 158x38
                        text run at (2,2) width 158: "selection of words to pad"
                        text run at (2,21) width 56: "table cell"
              RenderBlock (anonymous) at (2,69) size 617x19
                RenderText {#text} at (0,0) size 241x19
                  text run at (0,0) width 241: "some normal text after the nested table"
            RenderTableCell {TD} at (625,26) size 155x42 [border: (1px inset #808080)] [r=0 c=1 rs=1 cs=1]
              RenderText {#text} at (2,2) size 145x38
                text run at (2,2) width 145: "contents of table cell to"
                text run at (2,21) width 29: "right"
      RenderTable {TABLE} at (0,192) size 784x124 [border: (1px outset #808080)]
        RenderTableSection {TBODY} at (1,1) size 782x122
          RenderTableRow {TR} at (0,2) size 782x118
            RenderTableCell {TD} at (2,2) size 625x118 [border: (1px inset #808080)] [r=0 c=0 rs=1 cs=1]
              RenderBlock (anonymous) at (2,2) size 621x19
                RenderText {#text} at (0,0) size 253x19
                  text run at (0,0) width 253: "some normal text before the nested table"
              RenderTable {TABLE} at (52,21) size 571x76 [border: (10px solid #000000)]
                RenderTableSection {TBODY} at (15,15) size 541x46
                  RenderTableRow {TR} at (0,2) size 541x42
                    RenderTableCell {TD} at (2,2) size 177x42 [border: (1px inset #000000)] [r=0 c=0 rs=1 cs=1]
                      RenderText {#text} at (2,2) size 158x38
                        text run at (2,2) width 158: "selection of words to pad"
                        text run at (2,21) width 56: "table cell"
                    RenderTableCell {TD} at (181,2) size 178x42 [border: (1px inset #000000)] [r=0 c=1 rs=1 cs=1]
                      RenderText {#text} at (2,2) size 158x38
                        text run at (2,2) width 158: "selection of words to pad"
                        text run at (2,21) width 56: "table cell"
                    RenderTableCell {TD} at (361,2) size 178x42 [border: (1px inset #000000)] [r=0 c=2 rs=1 cs=1]
                      RenderText {#text} at (2,2) size 158x38
                        text run at (2,2) width 158: "selection of words to pad"
                        text run at (2,21) width 56: "table cell"
              RenderBlock (anonymous) at (2,97) size 621x19
                RenderText {#text} at (0,0) size 241x19
                  text run at (0,0) width 241: "some normal text after the nested table"
            RenderTableCell {TD} at (629,40) size 151x42 [border: (1px inset #808080)] [r=0 c=1 rs=1 cs=1]
              RenderText {#text} at (2,2) size 145x38
                text run at (2,2) width 145: "contents of table cell to"
                text run at (2,21) width 29: "right"
