layer at (0,0) size 785x1018
  RenderView at (0,0) size 785x600
layer at (0,0) size 785x1018
  RenderBlock {HTML} at (0,0) size 785x1018
    RenderBody {BODY} at (8,8) size 769x1002
      RenderBlock (anonymous) at (0,0) size 769x19
        RenderInline {FONT} at (0,0) size 108x19
          RenderText {#text} at (0,0) size 96x19
            text run at (0,0) width 96: "same line as X "
          RenderInline {A} at (0,0) size 12x19
            RenderText {#text} at (96,0) size 12x19
              text run at (96,0) width 12: "X"
      RenderBlock (anonymous) at (0,19) size 769x29
        RenderTable {TABLE} at (0,0) size 53x29 [border: (1px outset #808080)]
          RenderTableSection {TBODY} at (1,1) size 51x27
            RenderTableRow {TR} at (0,2) size 51x23
              RenderTableCell {TD} at (2,2) size 47x23 [border: (1px inset #808080)] [r=0 c=0 rs=1 cs=1]
                RenderText {#text} at (2,2) size 43x19
                  text run at (2,2) width 43: "table-1"
      RenderBlock (anonymous) at (0,48) size 769x19
        RenderInline {FONT} at (0,0) size 10x19
          RenderInline {A} at (0,0) size 10x19
            RenderText {#text} at (0,0) size 10x19
              text run at (0,0) width 10: "Z"
          RenderInline {FONT} at (0,0) size 0x0
            RenderText {#text} at (0,0) size 0x0
      RenderBlock (anonymous) at (0,75) size 769x2
        RenderBlock {HR} at (0,0) size 769x2 [border: (1px inset #000000)]
      RenderBlock (anonymous) at (0,85) size 769x19
        RenderInline {FONT} at (0,0) size 108x19
          RenderInline {FONT} at (0,0) size 108x19
            RenderInline {FONT} at (0,0) size 108x19
              RenderInline {A} at (0,0) size 12x19
                RenderText {#text} at (0,0) size 12x19
                  text run at (0,0) width 12: "X"
              RenderText {#text} at (12,0) size 96x19
                text run at (12,0) width 96: " same line as X"
      RenderBlock (anonymous) at (0,104) size 769x29
        RenderTable {TABLE} at (0,0) size 53x29 [border: (1px outset #808080)]
          RenderTableSection {TBODY} at (1,1) size 51x27
            RenderTableRow {TR} at (0,2) size 51x23
              RenderTableCell {TD} at (2,2) size 47x23 [border: (1px inset #808080)] [r=0 c=0 rs=1 cs=1]
                RenderText {#text} at (2,2) size 43x19
                  text run at (2,2) width 43: "table-2"
      RenderBlock (anonymous) at (0,133) size 769x19
        RenderInline {FONT} at (0,0) size 10x19
          RenderInline {FONT} at (0,0) size 10x19
            RenderInline {FONT} at (0,0) size 10x19
              RenderInline {A} at (0,0) size 10x19
                RenderText {#text} at (0,0) size 10x19
                  text run at (0,0) width 10: "Z"
              RenderInline {FONT} at (0,0) size 0x0
                RenderText {#text} at (0,0) size 0x0
      RenderBlock (anonymous) at (0,160) size 769x2
        RenderBlock {HR} at (0,0) size 769x2 [border: (1px inset #000000)]
      RenderBlock (anonymous) at (0,170) size 769x19
        RenderInline {FONT} at (0,0) size 12x19
          RenderInline {FONT} at (0,0) size 12x19
            RenderInline {FONT} at (0,0) size 12x19
              RenderInline {FONT} at (0,0) size 12x19
                RenderInline {FONT} at (0,0) size 12x19
                  RenderInline {A} at (0,0) size 12x19
                    RenderText {#text} at (0,0) size 12x19
                      text run at (0,0) width 12: "X"
      RenderBlock (anonymous) at (0,189) size 769x29
        RenderTable {TABLE} at (0,0) size 53x29 [border: (1px outset #808080)]
          RenderTableSection {TBODY} at (1,1) size 51x27
            RenderTableRow {TR} at (0,2) size 51x23
              RenderTableCell {TD} at (2,2) size 47x23 [border: (1px inset #808080)] [r=0 c=0 rs=1 cs=1]
                RenderText {#text} at (2,2) size 43x19
                  text run at (2,2) width 43: "table-3"
      RenderBlock (anonymous) at (0,218) size 769x19
        RenderInline {FONT} at (0,0) size 104x19
          RenderInline {FONT} at (0,0) size 104x19
            RenderInline {FONT} at (0,0) size 104x19
              RenderInline {FONT} at (0,0) size 104x19
                RenderInline {FONT} at (0,0) size 104x19
                  RenderText {#text} at (0,0) size 94x19
                    text run at (0,0) width 94: "same line as Z "
                  RenderInline {A} at (0,0) size 10x19
                    RenderText {#text} at (94,0) size 10x19
                      text run at (94,0) width 10: "Z"
                  RenderInline {FONT} at (0,0) size 0x0
                    RenderText {#text} at (0,0) size 0x0
      RenderBlock (anonymous) at (0,245) size 769x2
        RenderBlock {HR} at (0,0) size 769x2 [border: (1px inset #000000)]
      RenderBlock (anonymous) at (0,255) size 769x19
        RenderInline {FONT} at (0,0) size 101x19
          RenderInline {FONT} at (0,0) size 101x19
            RenderInline {FONT} at (0,0) size 101x19
              RenderInline {FONT} at (0,0) size 101x19
                RenderInline {FONT} at (0,0) size 101x19
                  RenderInline {FONT} at (0,0) size 101x19
                    RenderInline {FONT} at (0,0) size 101x19
                      RenderText {#text} at (0,0) size 101x19
                        text run at (0,0) width 101: "line before table"
      RenderBlock (anonymous) at (0,274) size 769x29
        RenderTable {TABLE} at (0,0) size 53x29 [border: (1px outset #808080)]
          RenderTableSection {TBODY} at (1,1) size 51x27
            RenderTableRow {TR} at (0,2) size 51x23
              RenderTableCell {TD} at (2,2) size 47x23 [border: (1px inset #808080)] [r=0 c=0 rs=1 cs=1]
                RenderText {#text} at (2,2) size 43x19
                  text run at (2,2) width 43: "table-4"
      RenderBlock (anonymous) at (0,303) size 769x19
        RenderInline {FONT} at (0,0) size 10x19
          RenderInline {FONT} at (0,0) size 10x19
            RenderInline {FONT} at (0,0) size 10x19
              RenderInline {FONT} at (0,0) size 10x19
                RenderInline {FONT} at (0,0) size 10x19
                  RenderInline {FONT} at (0,0) size 10x19
                    RenderInline {FONT} at (0,0) size 10x19
                      RenderInline {A} at (0,0) size 10x19
                        RenderText {#text} at (0,0) size 10x19
                          text run at (0,0) width 10: "Z"
                      RenderInline {FONT} at (0,0) size 0x0
                        RenderText {#text} at (0,0) size 0x0
      RenderBlock (anonymous) at (0,330) size 769x2
        RenderBlock {HR} at (0,0) size 769x2 [border: (1px inset #000000)]
      RenderBlock (anonymous) at (0,340) size 769x0
        RenderInline {FONT} at (0,0) size 0x0
          RenderInline {FONT} at (0,0) size 0x0
            RenderInline {FONT} at (0,0) size 0x0
              RenderInline {FONT} at (0,0) size 0x0
                RenderInline {FONT} at (0,0) size 0x0
                  RenderInline {FONT} at (0,0) size 0x0
                    RenderInline {FONT} at (0,0) size 0x0
                      RenderInline {FONT} at (0,0) size 0x0
                        RenderInline {FONT} at (0,0) size 0x0
      RenderBlock (anonymous) at (0,340) size 769x29
        RenderTable {TABLE} at (0,0) size 53x29 [border: (1px outset #808080)]
          RenderTableSection {TBODY} at (1,1) size 51x27
            RenderTableRow {TR} at (0,2) size 51x23
              RenderTableCell {TD} at (2,2) size 47x23 [border: (1px inset #808080)] [r=0 c=0 rs=1 cs=1]
                RenderText {#text} at (2,2) size 43x19
                  text run at (2,2) width 43: "table-5"
      RenderBlock (anonymous) at (0,369) size 769x19
        RenderInline {FONT} at (0,0) size 103x19
          RenderInline {FONT} at (0,0) size 103x19
            RenderInline {FONT} at (0,0) size 103x19
              RenderInline {FONT} at (0,0) size 103x19
                RenderInline {FONT} at (0,0) size 103x19
                  RenderInline {FONT} at (0,0) size 103x19
                    RenderInline {FONT} at (0,0) size 103x19
                      RenderInline {FONT} at (0,0) size 103x19
                        RenderInline {FONT} at (0,0) size 103x19
                          RenderText {#text} at (0,0) size 93x19
                            text run at (0,0) width 93: "line after table "
                          RenderInline {A} at (0,0) size 10x19
                            RenderText {#text} at (93,0) size 10x19
                              text run at (93,0) width 10: "Z"
                          RenderInline {FONT} at (0,0) size 0x0
                            RenderText {#text} at (0,0) size 0x0
      RenderBlock (anonymous) at (0,396) size 769x2
        RenderBlock {HR} at (0,0) size 769x2 [border: (1px inset #000000)]
      RenderBlock (anonymous) at (0,406) size 769x19
        RenderInline {FONT} at (0,0) size 101x19
          RenderInline {FONT} at (0,0) size 101x19
            RenderInline {FONT} at (0,0) size 101x19
              RenderInline {FONT} at (0,0) size 101x19
                RenderInline {FONT} at (0,0) size 101x19
                  RenderInline {FONT} at (0,0) size 101x19
                    RenderInline {FONT} at (0,0) size 101x19
                      RenderInline {FONT} at (0,0) size 101x19
                        RenderInline {FONT} at (0,0) size 101x19
                          RenderInline {FONT} at (0,0) size 101x19
                            RenderInline {FONT} at (0,0) size 101x19
                              RenderText {#text} at (0,0) size 101x19
                                text run at (0,0) width 101: "line before table"
      RenderBlock (anonymous) at (0,425) size 769x29
        RenderTable {TABLE} at (0,0) size 53x29 [border: (1px outset #808080)]
          RenderTableSection {TBODY} at (1,1) size 51x27
            RenderTableRow {TR} at (0,2) size 51x23
              RenderTableCell {TD} at (2,2) size 47x23 [border: (1px inset #808080)] [r=0 c=0 rs=1 cs=1]
                RenderText {#text} at (2,2) size 43x19
                  text run at (2,2) width 43: "table-6"
      RenderBlock (anonymous) at (0,454) size 769x0
        RenderInline {FONT} at (0,0) size 0x0
          RenderInline {FONT} at (0,0) size 0x0
            RenderInline {FONT} at (0,0) size 0x0
              RenderInline {FONT} at (0,0) size 0x0
                RenderInline {FONT} at (0,0) size 0x0
                  RenderInline {FONT} at (0,0) size 0x0
                    RenderInline {FONT} at (0,0) size 0x0
                      RenderInline {FONT} at (0,0) size 0x0
                        RenderInline {FONT} at (0,0) size 0x0
                          RenderInline {FONT} at (0,0) size 0x0
                            RenderInline {FONT} at (0,0) size 0x0
                              RenderInline {FONT} at (0,0) size 0x0
                                RenderText {#text} at (0,0) size 0x0
      RenderBlock (anonymous) at (0,462) size 769x2
        RenderBlock {HR} at (0,0) size 769x2 [border: (1px inset #000000)]
      RenderBlock (anonymous) at (0,472) size 769x0
        RenderInline {FONT} at (0,0) size 0x0
          RenderInline {FONT} at (0,0) size 0x0
            RenderInline {FONT} at (0,0) size 0x0
              RenderInline {FONT} at (0,0) size 0x0
                RenderInline {FONT} at (0,0) size 0x0
                  RenderInline {FONT} at (0,0) size 0x0
                    RenderInline {FONT} at (0,0) size 0x0
                      RenderInline {FONT} at (0,0) size 0x0
                        RenderInline {FONT} at (0,0) size 0x0
                          RenderInline {FONT} at (0,0) size 0x0
                            RenderInline {FONT} at (0,0) size 0x0
                              RenderInline {FONT} at (0,0) size 0x0
                                RenderInline {FONT} at (0,0) size 0x0
      RenderBlock (anonymous) at (0,472) size 769x19
        RenderBlock {DIV} at (0,0) size 769x19
          RenderText {#text} at (0,0) size 80x19
            text run at (0,0) width 80: "div before X"
      RenderBlock (anonymous) at (0,491) size 769x19
        RenderInline {FONT} at (0,0) size 12x19
          RenderInline {FONT} at (0,0) size 12x19
            RenderInline {FONT} at (0,0) size 12x19
              RenderInline {FONT} at (0,0) size 12x19
                RenderInline {FONT} at (0,0) size 12x19
                  RenderInline {FONT} at (0,0) size 12x19
                    RenderInline {FONT} at (0,0) size 12x19
                      RenderInline {FONT} at (0,0) size 12x19
                        RenderInline {FONT} at (0,0) size 12x19
                          RenderInline {FONT} at (0,0) size 12x19
                            RenderInline {FONT} at (0,0) size 12x19
                              RenderInline {FONT} at (0,0) size 12x19
                                RenderInline {FONT} at (0,0) size 12x19
                                  RenderInline {A} at (0,0) size 12x19
                                    RenderText {#text} at (0,0) size 12x19
                                      text run at (0,0) width 12: "X"
      RenderBlock (anonymous) at (0,510) size 769x29
        RenderTable {TABLE} at (0,0) size 53x29 [border: (1px outset #808080)]
          RenderTableSection {TBODY} at (1,1) size 51x27
            RenderTableRow {TR} at (0,2) size 51x23
              RenderTableCell {TD} at (2,2) size 47x23 [border: (1px inset #808080)] [r=0 c=0 rs=1 cs=1]
                RenderText {#text} at (2,2) size 43x19
                  text run at (2,2) width 43: "table-7"
      RenderBlock (anonymous) at (0,539) size 769x19
        RenderInline {FONT} at (0,0) size 10x19
          RenderInline {FONT} at (0,0) size 10x19
            RenderInline {FONT} at (0,0) size 10x19
              RenderInline {FONT} at (0,0) size 10x19
                RenderInline {FONT} at (0,0) size 10x19
                  RenderInline {FONT} at (0,0) size 10x19
                    RenderInline {FONT} at (0,0) size 10x19
                      RenderInline {FONT} at (0,0) size 10x19
                        RenderInline {FONT} at (0,0) size 10x19
                          RenderInline {FONT} at (0,0) size 10x19
                            RenderInline {FONT} at (0,0) size 10x19
                              RenderInline {FONT} at (0,0) size 10x19
                                RenderInline {FONT} at (0,0) size 10x19
                                  RenderInline {A} at (0,0) size 10x19
                                    RenderText {#text} at (0,0) size 10x19
                                      text run at (0,0) width 10: "Z"
                                  RenderInline {FONT} at (0,0) size 0x0
                                    RenderText {#text} at (0,0) size 0x0
      RenderBlock (anonymous) at (0,566) size 769x2
        RenderBlock {HR} at (0,0) size 769x2 [border: (1px inset #000000)]
      RenderBlock (anonymous) at (0,576) size 769x19
        RenderInline {FONT} at (0,0) size 12x19
          RenderInline {FONT} at (0,0) size 12x19
            RenderInline {FONT} at (0,0) size 12x19
              RenderInline {FONT} at (0,0) size 12x19
                RenderInline {FONT} at (0,0) size 12x19
                  RenderInline {FONT} at (0,0) size 12x19
                    RenderInline {FONT} at (0,0) size 12x19
                      RenderInline {FONT} at (0,0) size 12x19
                        RenderInline {FONT} at (0,0) size 12x19
                          RenderInline {FONT} at (0,0) size 12x19
                            RenderInline {FONT} at (0,0) size 12x19
                              RenderInline {FONT} at (0,0) size 12x19
                                RenderInline {FONT} at (0,0) size 12x19
                                  RenderInline {FONT} at (0,0) size 12x19
                                    RenderInline {FONT} at (0,0) size 12x19
                                      RenderInline {A} at (0,0) size 12x19
                                        RenderText {#text} at (0,0) size 12x19
                                          text run at (0,0) width 12: "X"
      RenderBlock (anonymous) at (0,595) size 769x48
        RenderBlock {DIV} at (0,0) size 769x19
          RenderText {#text} at (0,0) size 98x19
            text run at (0,0) width 98: "div before table"
        RenderTable {TABLE} at (0,19) size 53x29 [border: (1px outset #808080)]
          RenderTableSection {TBODY} at (1,1) size 51x27
            RenderTableRow {TR} at (0,2) size 51x23
              RenderTableCell {TD} at (2,2) size 47x23 [border: (1px inset #808080)] [r=0 c=0 rs=1 cs=1]
                RenderText {#text} at (2,2) size 43x19
                  text run at (2,2) width 43: "table-8"
      RenderBlock (anonymous) at (0,643) size 769x19
        RenderInline {FONT} at (0,0) size 10x19
          RenderInline {FONT} at (0,0) size 10x19
            RenderInline {FONT} at (0,0) size 10x19
              RenderInline {FONT} at (0,0) size 10x19
                RenderInline {FONT} at (0,0) size 10x19
                  RenderInline {FONT} at (0,0) size 10x19
                    RenderInline {FONT} at (0,0) size 10x19
                      RenderInline {FONT} at (0,0) size 10x19
                        RenderInline {FONT} at (0,0) size 10x19
                          RenderInline {FONT} at (0,0) size 10x19
                            RenderInline {FONT} at (0,0) size 10x19
                              RenderInline {FONT} at (0,0) size 10x19
                                RenderInline {FONT} at (0,0) size 10x19
                                  RenderInline {FONT} at (0,0) size 10x19
                                    RenderInline {FONT} at (0,0) size 10x19
                                      RenderInline {A} at (0,0) size 10x19
                                        RenderText {#text} at (0,0) size 10x19
                                          text run at (0,0) width 10: "Z"
                                      RenderInline {FONT} at (0,0) size 0x0
                                        RenderText {#text} at (0,0) size 0x0
      RenderBlock (anonymous) at (0,670) size 769x2
        RenderBlock {HR} at (0,0) size 769x2 [border: (1px inset #000000)]
      RenderBlock (anonymous) at (0,680) size 769x19
        RenderInline {FONT} at (0,0) size 12x19
          RenderInline {FONT} at (0,0) size 12x19
            RenderInline {FONT} at (0,0) size 12x19
              RenderInline {FONT} at (0,0) size 12x19
                RenderInline {FONT} at (0,0) size 12x19
                  RenderInline {FONT} at (0,0) size 12x19
                    RenderInline {FONT} at (0,0) size 12x19
                      RenderInline {FONT} at (0,0) size 12x19
                        RenderInline {FONT} at (0,0) size 12x19
                          RenderInline {FONT} at (0,0) size 12x19
                            RenderInline {FONT} at (0,0) size 12x19
                              RenderInline {FONT} at (0,0) size 12x19
                                RenderInline {FONT} at (0,0) size 12x19
                                  RenderInline {FONT} at (0,0) size 12x19
                                    RenderInline {FONT} at (0,0) size 12x19
                                      RenderInline {FONT} at (0,0) size 12x19
                                        RenderInline {FONT} at (0,0) size 12x19
                                          RenderInline {A} at (0,0) size 12x19
                                            RenderText {#text} at (0,0) size 12x19
                                              text run at (0,0) width 12: "X"
      RenderBlock (anonymous) at (0,699) size 769x48
        RenderTable {TABLE} at (0,0) size 53x29 [border: (1px outset #808080)]
          RenderTableSection {TBODY} at (1,1) size 51x27
            RenderTableRow {TR} at (0,2) size 51x23
              RenderTableCell {TD} at (2,2) size 47x23 [border: (1px inset #808080)] [r=0 c=0 rs=1 cs=1]
                RenderText {#text} at (2,2) size 43x19
                  text run at (2,2) width 43: "table-9"
        RenderBlock {DIV} at (0,29) size 769x19
          RenderText {#text} at (0,0) size 86x19
            text run at (0,0) width 86: "div after table"
      RenderBlock (anonymous) at (0,747) size 769x19
        RenderInline {FONT} at (0,0) size 10x19
          RenderInline {FONT} at (0,0) size 10x19
            RenderInline {FONT} at (0,0) size 10x19
              RenderInline {FONT} at (0,0) size 10x19
                RenderInline {FONT} at (0,0) size 10x19
                  RenderInline {FONT} at (0,0) size 10x19
                    RenderInline {FONT} at (0,0) size 10x19
                      RenderInline {FONT} at (0,0) size 10x19
                        RenderInline {FONT} at (0,0) size 10x19
                          RenderInline {FONT} at (0,0) size 10x19
                            RenderInline {FONT} at (0,0) size 10x19
                              RenderInline {FONT} at (0,0) size 10x19
                                RenderInline {FONT} at (0,0) size 10x19
                                  RenderInline {FONT} at (0,0) size 10x19
                                    RenderInline {FONT} at (0,0) size 10x19
                                      RenderInline {FONT} at (0,0) size 10x19
                                        RenderInline {FONT} at (0,0) size 10x19
                                          RenderInline {A} at (0,0) size 10x19
                                            RenderText {#text} at (0,0) size 10x19
                                              text run at (0,0) width 10: "Z"
                                          RenderInline {FONT} at (0,0) size 0x0
                                            RenderText {#text} at (0,0) size 0x0
      RenderBlock (anonymous) at (0,774) size 769x2
        RenderBlock {HR} at (0,0) size 769x2 [border: (1px inset #000000)]
      RenderBlock (anonymous) at (0,784) size 769x0
        RenderInline {FONT} at (0,0) size 0x0
          RenderInline {FONT} at (0,0) size 0x0
            RenderInline {FONT} at (0,0) size 0x0
              RenderInline {FONT} at (0,0) size 0x0
                RenderInline {FONT} at (0,0) size 0x0
                  RenderInline {FONT} at (0,0) size 0x0
                    RenderInline {FONT} at (0,0) size 0x0
                      RenderInline {FONT} at (0,0) size 0x0
                        RenderInline {FONT} at (0,0) size 0x0
                          RenderInline {FONT} at (0,0) size 0x0
                            RenderInline {FONT} at (0,0) size 0x0
                              RenderInline {FONT} at (0,0) size 0x0
                                RenderInline {FONT} at (0,0) size 0x0
                                  RenderInline {FONT} at (0,0) size 0x0
                                    RenderInline {FONT} at (0,0) size 0x0
                                      RenderInline {FONT} at (0,0) size 0x0
                                        RenderInline {FONT} at (0,0) size 0x0
                                          RenderInline {FONT} at (0,0) size 0x0
                                            RenderInline {FONT} at (0,0) size 0x0
      RenderBlock (anonymous) at (0,784) size 769x48
        RenderBlock {DIV} at (0,0) size 769x19
          RenderText {#text} at (0,0) size 98x19
            text run at (0,0) width 98: "div before table"
        RenderTable {TABLE} at (0,19) size 61x29 [border: (1px outset #808080)]
          RenderTableSection {TBODY} at (1,1) size 59x27
            RenderTableRow {TR} at (0,2) size 59x23
              RenderTableCell {TD} at (2,2) size 55x23 [border: (1px inset #808080)] [r=0 c=0 rs=1 cs=1]
                RenderText {#text} at (2,2) size 51x19
                  text run at (2,2) width 51: "table-10"
      RenderBlock (anonymous) at (0,832) size 769x19
        RenderInline {FONT} at (0,0) size 10x19
          RenderInline {FONT} at (0,0) size 10x19
            RenderInline {FONT} at (0,0) size 10x19
              RenderInline {FONT} at (0,0) size 10x19
                RenderInline {FONT} at (0,0) size 10x19
                  RenderInline {FONT} at (0,0) size 10x19
                    RenderInline {FONT} at (0,0) size 10x19
                      RenderInline {FONT} at (0,0) size 10x19
                        RenderInline {FONT} at (0,0) size 10x19
                          RenderInline {FONT} at (0,0) size 10x19
                            RenderInline {FONT} at (0,0) size 10x19
                              RenderInline {FONT} at (0,0) size 10x19
                                RenderInline {FONT} at (0,0) size 10x19
                                  RenderInline {FONT} at (0,0) size 10x19
                                    RenderInline {FONT} at (0,0) size 10x19
                                      RenderInline {FONT} at (0,0) size 10x19
                                        RenderInline {FONT} at (0,0) size 10x19
                                          RenderInline {FONT} at (0,0) size 10x19
                                            RenderInline {FONT} at (0,0) size 10x19
                                              RenderInline {A} at (0,0) size 10x19
                                                RenderText {#text} at (0,0) size 10x19
                                                  text run at (0,0) width 10: "Z"
                                              RenderInline {FONT} at (0,0) size 0x0
                                                RenderText {#text} at (0,0) size 0x0
      RenderBlock (anonymous) at (0,859) size 769x2
        RenderBlock {HR} at (0,0) size 769x2 [border: (1px inset #000000)]
      RenderBlock (anonymous) at (0,869) size 769x0
        RenderInline {FONT} at (0,0) size 0x0
          RenderInline {FONT} at (0,0) size 0x0
            RenderInline {FONT} at (0,0) size 0x0
              RenderInline {FONT} at (0,0) size 0x0
                RenderInline {FONT} at (0,0) size 0x0
                  RenderInline {FONT} at (0,0) size 0x0
                    RenderInline {FONT} at (0,0) size 0x0
                      RenderInline {FONT} at (0,0) size 0x0
                        RenderInline {FONT} at (0,0) size 0x0
                          RenderInline {FONT} at (0,0) size 0x0
                            RenderInline {FONT} at (0,0) size 0x0
                              RenderInline {FONT} at (0,0) size 0x0
                                RenderInline {FONT} at (0,0) size 0x0
                                  RenderInline {FONT} at (0,0) size 0x0
                                    RenderInline {FONT} at (0,0) size 0x0
                                      RenderInline {FONT} at (0,0) size 0x0
                                        RenderInline {FONT} at (0,0) size 0x0
                                          RenderInline {FONT} at (0,0) size 0x0
                                            RenderInline {FONT} at (0,0) size 0x0
                                              RenderInline {FONT} at (0,0) size 0x0
                                                RenderInline {FONT} at (0,0) size 0x0
      RenderBlock (anonymous) at (0,869) size 769x48
        RenderTable {TABLE} at (0,0) size 61x29 [border: (1px outset #808080)]
          RenderTableSection {TBODY} at (1,1) size 59x27
            RenderTableRow {TR} at (0,2) size 59x23
              RenderTableCell {TD} at (2,2) size 55x23 [border: (1px inset #808080)] [r=0 c=0 rs=1 cs=1]
                RenderText {#text} at (2,2) size 51x19
                  text run at (2,2) width 51: "table-11"
        RenderBlock {DIV} at (0,29) size 769x19
          RenderText {#text} at (0,0) size 86x19
            text run at (0,0) width 86: "div after table"
      RenderBlock (anonymous) at (0,917) size 769x19
        RenderInline {FONT} at (0,0) size 10x19
          RenderInline {FONT} at (0,0) size 10x19
            RenderInline {FONT} at (0,0) size 10x19
              RenderInline {FONT} at (0,0) size 10x19
                RenderInline {FONT} at (0,0) size 10x19
                  RenderInline {FONT} at (0,0) size 10x19
                    RenderInline {FONT} at (0,0) size 10x19
                      RenderInline {FONT} at (0,0) size 10x19
                        RenderInline {FONT} at (0,0) size 10x19
                          RenderInline {FONT} at (0,0) size 10x19
                            RenderInline {FONT} at (0,0) size 10x19
                              RenderInline {FONT} at (0,0) size 10x19
                                RenderInline {FONT} at (0,0) size 10x19
                                  RenderInline {FONT} at (0,0) size 10x19
                                    RenderInline {FONT} at (0,0) size 10x19
                                      RenderInline {FONT} at (0,0) size 10x19
                                        RenderInline {FONT} at (0,0) size 10x19
                                          RenderInline {FONT} at (0,0) size 10x19
                                            RenderInline {FONT} at (0,0) size 10x19
                                              RenderInline {FONT} at (0,0) size 10x19
                                                RenderInline {FONT} at (0,0) size 10x19
                                                  RenderInline {A} at (0,0) size 10x19
                                                    RenderText {#text} at (0,0) size 10x19
                                                      text run at (0,0) width 10: "Z"
                                                  RenderInline {FONT} at (0,0) size 0x0
                                                    RenderText {#text} at (0,0) size 0x0
      RenderBlock (anonymous) at (0,944) size 769x2
        RenderBlock {HR} at (0,0) size 769x2 [border: (1px inset #000000)]
      RenderBlock (anonymous) at (0,954) size 769x0
        RenderInline {FONT} at (0,0) size 0x0
          RenderInline {FONT} at (0,0) size 0x0
            RenderInline {FONT} at (0,0) size 0x0
              RenderInline {FONT} at (0,0) size 0x0
                RenderInline {FONT} at (0,0) size 0x0
                  RenderInline {FONT} at (0,0) size 0x0
                    RenderInline {FONT} at (0,0) size 0x0
                      RenderInline {FONT} at (0,0) size 0x0
                        RenderInline {FONT} at (0,0) size 0x0
                          RenderInline {FONT} at (0,0) size 0x0
                            RenderInline {FONT} at (0,0) size 0x0
                              RenderInline {FONT} at (0,0) size 0x0
                                RenderInline {FONT} at (0,0) size 0x0
                                  RenderInline {FONT} at (0,0) size 0x0
                                    RenderInline {FONT} at (0,0) size 0x0
                                      RenderInline {FONT} at (0,0) size 0x0
                                        RenderInline {FONT} at (0,0) size 0x0
                                          RenderInline {FONT} at (0,0) size 0x0
                                            RenderInline {FONT} at (0,0) size 0x0
                                              RenderInline {FONT} at (0,0) size 0x0
                                                RenderInline {FONT} at (0,0) size 0x0
                                                  RenderInline {FONT} at (0,0) size 0x0
                                                    RenderInline {FONT} at (0,0) size 0x0
      RenderBlock (anonymous) at (0,954) size 769x48
        RenderBlock {DIV} at (0,0) size 769x19
          RenderText {#text} at (0,0) size 98x19
            text run at (0,0) width 98: "div before table"
        RenderTable {TABLE} at (0,19) size 61x29 [border: (1px outset #808080)]
          RenderTableSection {TBODY} at (1,1) size 59x27
            RenderTableRow {TR} at (0,2) size 59x23
              RenderTableCell {TD} at (2,2) size 55x23 [border: (1px inset #808080)] [r=0 c=0 rs=1 cs=1]
                RenderText {#text} at (2,2) size 51x19
                  text run at (2,2) width 51: "table-12"
      RenderBlock (anonymous) at (0,1002) size 769x0
        RenderInline {FONT} at (0,0) size 0x0
          RenderInline {FONT} at (0,0) size 0x0
            RenderInline {FONT} at (0,0) size 0x0
              RenderInline {FONT} at (0,0) size 0x0
                RenderInline {FONT} at (0,0) size 0x0
                  RenderInline {FONT} at (0,0) size 0x0
                    RenderInline {FONT} at (0,0) size 0x0
                      RenderInline {FONT} at (0,0) size 0x0
                        RenderInline {FONT} at (0,0) size 0x0
                          RenderInline {FONT} at (0,0) size 0x0
                            RenderInline {FONT} at (0,0) size 0x0
                              RenderInline {FONT} at (0,0) size 0x0
                                RenderInline {FONT} at (0,0) size 0x0
                                  RenderInline {FONT} at (0,0) size 0x0
                                    RenderInline {FONT} at (0,0) size 0x0
                                      RenderInline {FONT} at (0,0) size 0x0
                                        RenderInline {FONT} at (0,0) size 0x0
                                          RenderInline {FONT} at (0,0) size 0x0
                                            RenderInline {FONT} at (0,0) size 0x0
                                              RenderInline {FONT} at (0,0) size 0x0
                                                RenderInline {FONT} at (0,0) size 0x0
                                                  RenderInline {FONT} at (0,0) size 0x0
                                                    RenderInline {FONT} at (0,0) size 0x0
                                                      RenderInline {FONT} at (0,0) size 0x0
                                                        RenderText {#text} at (0,0) size 0x0
