layer at (0,0) size 800x600
  RenderView at (0,0) size 800x600
layer at (0,0) size 800x41
  RenderBlock {HTML} at (0,0) size 800x41
    RenderBody {BODY} at (8,8) size 784x25
      RenderTable {TABLE} at (0,0) size 108x25
        RenderTableSection {TBODY} at (0,0) size 108x25
          RenderTableRow {TR} at (0,2) size 108x21
            RenderTableCell {TD} at (2,2) size 29x21 [r=0 c=0 rs=1 cs=1]
              RenderText {#text} at (1,1) size 27x19
                text run at (1,1) width 27: "One"
            RenderTableCell {TD} at (33,2) size 32x21 [r=0 c=1 rs=1 cs=1]
              RenderText {#text} at (1,1) size 30x19
                text run at (1,1) width 30: "Two"
            RenderTableCell {TD} at (67,2) size 39x21 [r=0 c=2 rs=1 cs=1]
              RenderText {#text} at (1,1) size 37x19
                text run at (1,1) width 37: "Three"
