layer at (0,0) size 800x600
  RenderView at (0,0) size 800x600
layer at (0,0) size 800x600
  RenderBlock {HTML} at (0,0) size 800x600
    RenderBody {BODY} at (8,8) size 784x584
      RenderTable {TABLE} at (0,0) size 784x64
        RenderTableSection {TBODY} at (0,0) size 784x64
          RenderTableRow {TR} at (0,2) size 784x2
            RenderTableCell {TD} at (2,2) size 780x2 [r=0 c=0 rs=1 cs=1]
          RenderTableRow {TR} at (0,6) size 784x56
            RenderTableCell {TD} at (2,6) size 780x56 [r=1 c=0 rs=1 cs=1]
              RenderBlock (anonymous) at (1,1) size 778x38
                RenderText {#text} at (0,0) size 764x38
                  text run at (0,0) width 764: "BlaBlaBla Bla BlaBla BlaBlaBlaBla Bla Bla Bla BlaBlaBla BlaBla Bla BlaBla BlaBlaBlaBla BlaBla Bla BlaBla BlaBla"
                  text run at (0,19) width 22: "Bla"
              RenderBlock {P} at (1,55) size 778x0
      RenderBlock (anonymous) at (0,64) size 784x19
        RenderBR {BR} at (0,0) size 0x19
      RenderTable {TABLE} at (0,83) size 784x64
        RenderTableSection {TBODY} at (0,0) size 784x64
          RenderTableRow {TR} at (0,2) size 784x56
            RenderTableCell {TD} at (2,2) size 780x56 [r=0 c=0 rs=1 cs=1]
              RenderBlock (anonymous) at (1,1) size 778x38
                RenderText {#text} at (0,0) size 764x38
                  text run at (0,0) width 764: "BlaBlaBla Bla BlaBla BlaBlaBlaBla Bla Bla Bla BlaBlaBla BlaBla Bla BlaBla BlaBlaBlaBla BlaBla Bla BlaBla BlaBla"
                  text run at (0,19) width 22: "Bla"
              RenderBlock {P} at (1,55) size 778x0
          RenderTableRow {TR} at (0,60) size 784x2
            RenderTableCell {TD} at (2,60) size 780x2 [r=1 c=0 rs=1 cs=1]
