layer at (0,0) size 800x600
  RenderView at (0,0) size 800x600
layer at (0,0) size 800x600
  RenderBlock {HTML} at (0,0) size 800x600
    RenderBody {BODY} at (8,8) size 784x584
      RenderTable {TABLE} at (0,0) size 251x29
        RenderTableSection {TBODY} at (0,0) size 251x29
          RenderTableRow {TR} at (0,2) size 251x21
            RenderTableCell {TD} at (2,2) size 247x21 [r=0 c=0 rs=1 cs=1]
              RenderText {#text} at (1,1) size 245x19
                text run at (1,1) width 245: "Really sorry about the server yesterday"
          RenderTableRow {TR} at (0,25) size 251x2
            RenderTableCell {TD} at (2,25) size 247x2 [r=1 c=0 rs=1 cs=1]
