layer at (0,0) size 800x600
  RenderView at (0,0) size 800x600
layer at (0,0) size 800x600
  RenderBlock {HTML} at (0,0) size 800x600
    RenderBody {BODY} at (8,8) size 784x584 [bgcolor=#FFFFFF]
      RenderBlock {P} at (0,0) size 784x19
        RenderText {#text} at (0,0) size 145x19
          text run at (0,0) width 145: "Testcase distilled from "
        RenderInline {A} at (0,0) size 184x19 [color=#0000EE]
          RenderText {#text} at (145,0) size 184x19
            text run at (145,0) width 184: "http://webdeveloper.com/xml"
      RenderTable {TABLE} at (0,35) size 644x103 [border: (1px outset #808080)]
        RenderTableSection {TBODY} at (1,1) size 642x101
          RenderTableRow {TR} at (0,0) size 642x101
            RenderTableCell {TD} at (0,0) size 510x101 [border: (1px inset #808080)] [r=0 c=0 rs=1 cs=1]
              RenderBlock {UL} at (1,1) size 508x83
                RenderListItem {LI} at (40,0) size 468x83
                  RenderListMarker at (-18,0) size 7x19: bullet
                  RenderText {#text} at (0,0) size 196x19
                    text run at (0,0) width 196: "The XML Files Resources List"
                  RenderText {#text} at (0,0) size 0x0
                  RenderImage {IMG} at (0,19) size 468x60
                  RenderText {#text} at (0,0) size 0x0
            RenderTableCell {TD} at (510,21) size 132x58 [border: (1px inset #808080)] [r=0 c=1 rs=1 cs=1]
              RenderTable {TABLE} at (1,1) size 130x56 [border: (1px outset #808080)]
                RenderTableSection {TBODY} at (1,1) size 128x54
                  RenderTableRow {TR} at (0,2) size 128x50
                    RenderTableCell {TD} at (2,2) size 124x50 [border: (1px inset #808080)] [r=0 c=0 rs=1 cs=1]
                      RenderImage {IMG} at (3,3) size 118x25
                      RenderBR {BR} at (121,28) size 0x0
                      RenderText {#text} at (25,28) size 5x19
                        text run at (25,28) width 5: "["
                      RenderInline {I} at (0,0) size 64x19
                        RenderText {#text} at (30,28) size 64x19
                          text run at (30,28) width 64: " Site Map "
                      RenderText {#text} at (94,28) size 5x19
                        text run at (94,28) width 5: "]"
      RenderBlock {P} at (0,154) size 784x19
        RenderText {#text} at (0,0) size 185x19
          text run at (0,0) width 185: "Same as above, but removed "
        RenderInline {CODE} at (0,0) size 136x15
          RenderText {#text} at (185,4) size 136x15
            text run at (185,4) width 136: "<SCRIPT></SCRIPT>"
      RenderTable {TABLE} at (0,189) size 644x103 [border: (1px outset #808080)]
        RenderTableSection {TBODY} at (1,1) size 642x101
          RenderTableRow {TR} at (0,0) size 642x101
            RenderTableCell {TD} at (0,0) size 510x101 [border: (1px inset #808080)] [r=0 c=0 rs=1 cs=1]
              RenderBlock {UL} at (1,1) size 508x83
                RenderListItem {LI} at (40,0) size 468x83
                  RenderListMarker at (-18,0) size 7x19: bullet
                  RenderText {#text} at (0,0) size 196x19
                    text run at (0,0) width 196: "The XML Files Resources List"
                  RenderImage {IMG} at (0,19) size 468x60
                  RenderText {#text} at (0,0) size 0x0
            RenderTableCell {TD} at (510,21) size 132x58 [border: (1px inset #808080)] [r=0 c=1 rs=1 cs=1]
              RenderTable {TABLE} at (1,1) size 130x56 [border: (1px outset #808080)]
                RenderTableSection {TBODY} at (1,1) size 128x54
                  RenderTableRow {TR} at (0,2) size 128x50
                    RenderTableCell {TD} at (2,2) size 124x50 [border: (1px inset #808080)] [r=0 c=0 rs=1 cs=1]
                      RenderImage {IMG} at (3,3) size 118x25
                      RenderBR {BR} at (121,28) size 0x0
                      RenderText {#text} at (25,28) size 5x19
                        text run at (25,28) width 5: "["
                      RenderInline {I} at (0,0) size 64x19
                        RenderText {#text} at (30,28) size 64x19
                          text run at (30,28) width 64: " Site Map "
                      RenderText {#text} at (94,28) size 5x19
                        text run at (94,28) width 5: "]"
