layer at (0,0) size 800x600
  RenderView at (0,0) size 800x600
layer at (0,0) size 800x600
  RenderBlock {HTML} at (0,0) size 800x600
    RenderBody {BODY} at (8,8) size 784x584
      RenderBlock {H3} at (0,0) size 784x22
        RenderText {#text} at (0,0) size 200x22
          text run at (0,0) width 200: "With long hidden values"
      RenderTable {TABLE} at (0,40) size 217x88 [border: (1px solid #FF0000)]
        RenderTableSection {TBODY} at (1,1) size 215x86
          RenderTableRow {TR} at (0,2) size 215x80
            RenderTableCell {TD} at (2,2) size 211x80 [r=0 c=0 rs=1 cs=1]
              RenderBlock {FORM} at (1,1) size 209x62
                RenderTextControl {INPUT} at (2,6) size 130x28 [bgcolor=#FFFFFF]
                RenderText {#text} at (134,12) size 4x19
                  text run at (134,12) width 4: " "
                RenderButton {INPUT} at (140,2) size 63x40 [bgcolor=#C0C0C0] [border: (2px outset #C0C0C0)]
                  RenderBlock (anonymous) at (17,10) size 29x18
                    RenderText at (0,0) size 29x19
                      text run at (0,0) width 29: " Go "
                RenderText {#text} at (205,12) size 4x19
                  text run at (205,12) width 4: " "
                RenderBR {BR} at (209,27) size 0x0
                RenderText {#text} at (0,44) size 188x19
                  text run at (0,44) width 188: "Enter City Name or Zip Code"
          RenderTableRow {TR} at (0,84) size 215x0
      RenderBlock {HR} at (0,136) size 784x2 [border: (1px inset #000000)]
      RenderBlock {H3} at (0,156) size 784x22
        RenderText {#text} at (0,0) size 206x22
          text run at (0,0) width 206: "With short hidden values"
      RenderTable {TABLE} at (0,196) size 217x88 [border: (1px solid #FF0000)]
        RenderTableSection {TBODY} at (1,1) size 215x86
          RenderTableRow {TR} at (0,2) size 215x80
            RenderTableCell {TD} at (2,2) size 211x80 [r=0 c=0 rs=1 cs=1]
              RenderBlock {FORM} at (1,1) size 209x62
                RenderTextControl {INPUT} at (2,6) size 130x28 [bgcolor=#FFFFFF]
                RenderText {#text} at (134,12) size 4x19
                  text run at (134,12) width 4: " "
                RenderButton {INPUT} at (140,2) size 63x40 [bgcolor=#C0C0C0] [border: (2px outset #C0C0C0)]
                  RenderBlock (anonymous) at (17,10) size 29x18
                    RenderText at (0,0) size 29x19
                      text run at (0,0) width 29: " Go "
                RenderText {#text} at (205,12) size 4x19
                  text run at (205,12) width 4: " "
                RenderBR {BR} at (209,27) size 0x0
                RenderText {#text} at (0,44) size 188x19
                  text run at (0,44) width 188: "Enter City Name or Zip Code"
          RenderTableRow {TR} at (0,84) size 215x0
layer at (18,64) size 123x18
  RenderBlock {DIV} at (4,6) size 123x18
layer at (18,220) size 123x18
  RenderBlock {DIV} at (4,6) size 123x18
