layer at (0,0) size 800x600
  RenderView at (0,0) size 800x600
layer at (0,0) size 800x600
  RenderBlock {HTML} at (0,0) size 800x600
    RenderBody {BODY} at (8,8) size 784x584
      RenderTable {TABLE} at (0,0) size 784x77 [border: (1px outset #808080)]
        RenderTableSection {TBODY} at (1,1) size 782x75
          RenderTableRow {TR} at (0,2) size 782x71
            RenderTableCell {TD} at (2,2) size 306x71 [border: (1px inset #808080)] [r=0 c=0 rs=1 cs=1]
              RenderTable {TABLE} at (2,2) size 302x67 [border: (1px outset #808080)]
                RenderTableSection {TBODY} at (1,1) size 300x65
                  RenderTableRow {TR} at (0,2) size 300x61
                    RenderTableCell {TD} at (2,2) size 296x61 [border: (1px inset #808080)] [r=0 c=0 rs=1 cs=1]
                      RenderText {#text} at (2,2) size 276x57
                        text run at (2,2) width 276: "yyy yyy yyy yyy yyy yyy yyy yyy yyy yyy"
                        text run at (2,21) width 276: "yyy yyy yyy yyy yyy yyy yyy yyy yyy yyy"
                        text run at (2,40) width 24: "yyy"
            RenderTableCell {TD} at (310,16) size 470x42 [border: (1px inset #808080)] [r=0 c=1 rs=1 cs=1]
              RenderText {#text} at (2,2) size 455x38
                text run at (2,2) width 455: "text text text text text text text text text text text text text text text text text"
                text run at (2,21) width 455: "text text text text text text text text text text text text text text text text text"
