layer at (0,0) size 800x600
  RenderView at (0,0) size 800x600
layer at (0,0) size 800x229
  RenderBlock {HTML} at (0,0) size 800x229
    RenderBody {BODY} at (8,8) size 784x213
      RenderTable {TABLE} at (0,0) size 400x213 [border: (1px outset #808080)]
        RenderBlock {CAPTION} at (0,0) size 398x19
          RenderText {#text} at (46,0) size 306x19
            text run at (46,0) width 306: "Table is 400 px width, set with table width=400."
        RenderTableCol {COLGROUP} at (0,0) size 0x0
          RenderTableCol {COL} at (0,0) size 0x0
          RenderTableCol {COL} at (0,0) size 0x0
          RenderTableCol {COL} at (0,0) size 0x0
        RenderTableSection {TBODY} at (1,20) size 398x192
          RenderTableRow {TR} at (0,0) size 398x192
            RenderTableCell {TD} at (0,0) size 398x192 [border: (1px inset #808080)] [r=0 c=0 rs=1 cs=3]
              RenderText {#text} at (1,1) size 395x190
                text run at (1,1) width 304: "table Cols 1 - 3. There must be a lot of text here "
                text run at (305,1) width 89: "in order to see"
                text run at (1,20) width 200: "the bug. table Cols 1 - 3. There "
                text run at (201,20) width 171: "must be a lot of text here in"
                text run at (1,39) width 132: "order to see the bug. "
                text run at (133,39) width 242: "table Cols 1 - 3. There must be a lot of"
                text run at (1,58) width 58: "text here "
                text run at (59,58) width 293: "in order to see the bug. table Cols 1 - 3. There "
                text run at (352,58) width 30: "must"
                text run at (1,77) width 273: "be a lot of text here in order to see the bug. "
                text run at (274,77) width 100: "table Cols 1 - 3."
                text run at (1,96) width 200: "There must be a lot of text here "
                text run at (201,96) width 178: "in order to see the bug. table"
                text run at (1,115) width 111: "Cols 1 - 3. There "
                text run at (112,115) width 271: "must be a lot of text here in order to see the"
                text run at (1,134) width 32: "bug. "
                text run at (33,134) width 304: "table Cols 1 - 3. There must be a lot of text here "
                text run at (337,134) width 49: "in order"
                text run at (1,153) width 240: "to see the bug. table Cols 1 - 3. There "
                text run at (241,153) width 155: "must be a lot of text here"
                text run at (1,172) width 144: "in order to see the bug."
