layer at (0,0) size 800x600
  RenderView at (0,0) size 800x600
layer at (0,0) size 800x600
  RenderBlock {HTML} at (0,0) size 800x600
    RenderBody {BODY} at (8,8) size 784x584 [bgcolor=#FFFFFF]
      RenderTable {TABLE} at (0,0) size 52x19 [bgcolor=#00FF00]
        RenderTableSection {TBODY} at (0,0) size 52x19
          RenderTableRow {TR} at (0,0) size 52x19
            RenderTableCell {TD} at (0,2) size 7x15 [r=0 c=0 rs=1 cs=1]
              RenderImage {IMG} at (0,0) size 7x15
            RenderTableCell {TD} at (7,0) size 39x19 [r=0 c=1 rs=1 cs=1]
              RenderText {#text} at (0,0) size 39x19
                text run at (0,0) width 39: "Home"
            RenderTableCell {TD} at (46,2) size 6x15 [r=0 c=2 rs=1 cs=1]
              RenderImage {IMG} at (0,0) size 6x15
