layer at (0,0) size 800x600
  RenderView at (0,0) size 800x600
layer at (0,0) size 800x600
  RenderBlock {HTML} at (0,0) size 800x600
    RenderBody {BODY} at (8,8) size 784x576
      RenderTable {TABLE} at (0,0) size 65x50
        RenderTableSection {THEAD} at (0,0) size 65x25
          RenderTableRow {TR} at (0,2) size 65x21
            RenderTableCell {TD} at (2,2) size 61x21 [r=0 c=0 rs=1 cs=1]
              RenderText {#text} at (1,1) size 59x19
                text run at (1,1) width 59: "The head"
        RenderTableSection {TBODY} at (0,25) size 65x25
          RenderTableRow {TR} at (0,2) size 65x21
            RenderTableCell {TD} at (2,2) size 61x21 [r=0 c=0 rs=1 cs=1]
              RenderText {#text} at (1,1) size 57x19
                text run at (1,1) width 57: "First row"
      RenderBlock {FORM} at (0,50) size 784x41
        RenderButton {INPUT} at (2,2) size 69x37 [color=#202020]
          RenderBlock (anonymous) at (15,8) size 39x19
            RenderText at (0,0) size 39x19
              text run at (0,0) width 39: "insert"
        RenderText {#text} at (0,0) size 0x0
