layer at (0,0) size 800x600
  RenderView at (0,0) size 800x600
layer at (0,0) size 800x600
  RenderBlock {HTML} at (0,0) size 800x600
    RenderBody {BODY} at (8,8) size 784x576 [bgcolor=#FFFFFF]
      RenderBlock {FORM} at (0,0) size 784x50
        RenderTable {TABLE} at (0,0) size 784x50
          RenderTableSection {TBODY} at (0,0) size 784x50
            RenderTableRow {TR} at (0,2) size 784x46 [bgcolor=#FFFFFF]
              RenderTableCell {TD} at (2,2) size 106x46 [r=0 c=0 rs=1 cs=1]
                RenderButton {INPUT} at (3,3) size 100x40 [bgcolor=#C0C0C0] [border: (2px outset #C0C0C0)]
                  RenderBlock (anonymous) at (17,10) size 66x18
                    RenderText at (0,0) size 66x19
                      text run at (0,0) width 66: "Select all"
              RenderTableCell {TD} at (110,2) size 87x46 [r=0 c=1 rs=1 cs=1]
                RenderButton {INPUT} at (3,3) size 81x40 [bgcolor=#C0C0C0] [border: (2px outset #C0C0C0)]
                  RenderBlock (anonymous) at (17,10) size 47x18
                    RenderText at (0,0) size 47x19
                      text run at (0,0) width 47: "Delete"
              RenderTableCell {TD} at (199,2) size 124x46 [r=0 c=2 rs=1 cs=1]
                RenderButton {INPUT} at (3,3) size 118x40 [bgcolor=#C0C0C0] [border: (2px outset #C0C0C0)]
                  RenderBlock (anonymous) at (17,10) size 84x18
                    RenderText at (0,0) size 84x19
                      text run at (0,0) width 84: "Empty trash"
              RenderTableCell {TD} at (325,28) size 187x20 [r=0 c=3 rs=1 cs=1]
                RenderText {#text} at (1,1) size 4x19
                  text run at (1,1) width 4: " "
              RenderTableCell {TD} at (514,2) size 100x46 [r=0 c=4 rs=1 cs=1]
                RenderButton {INPUT} at (3,3) size 94x40 [bgcolor=#C0C0C0] [border: (2px outset #C0C0C0)]
                  RenderBlock (anonymous) at (17,10) size 60x18
                    RenderText at (0,0) size 60x19
                      text run at (0,0) width 60: "Move to:"
              RenderTableCell {TD} at (616,4) size 166x44 [r=0 c=5 rs=1 cs=1]
                RenderMenuList {SELECT} at (3,3) size 160x38 [bgcolor=#FFFFFF]
                  RenderBlock (anonymous) at (15,10) size 104x18
                    RenderText at (0,0) size 104x19
                      text run at (0,0) width 104: "Choose folder "
                RenderText {#text} at (0,0) size 0x0
