layer at (0,0) size 800x600
  RenderView at (0,0) size 800x600
layer at (0,0) size 800x600
  RenderBlock {HTML} at (0,0) size 800x600
    RenderBody {BODY} at (8,8) size 784x584
      RenderBlock (anonymous) at (0,0) size 784x38
        RenderText {#text} at (0,0) size 39x19
          text run at (0,0) width 39: "BAD:"
        RenderBR {BR} at (39,15) size 0x0
        RenderBR {BR} at (0,19) size 0x19
      RenderBlock {CENTER} at (0,38) size 784x62
        RenderTable {TABLE} at (0,0) size 784x62 [border: (5px outset #808080)]
          RenderTableSection {TBODY} at (5,5) size 774x52
            RenderTableRow {TR} at (0,2) size 774x23
              RenderTableCell {TD} at (2,2) size 770x23 [border: (1px inset #808080)] [r=0 c=0 rs=1 cs=1]
                RenderText {#text} at (2,2) size 27x19
                  text run at (2,2) width 27: "One"
            RenderTableRow {TR} at (0,27) size 774x23
              RenderTableCell {TD} at (2,27) size 770x23 [border: (1px inset #808080)] [r=1 c=0 rs=1 cs=1]
                RenderText {#text} at (2,2) size 30x19
                  text run at (2,2) width 30: "Two"
      RenderBlock (anonymous) at (0,100) size 784x76
        RenderBR {BR} at (0,0) size 0x19
        RenderBR {BR} at (0,19) size 0x19
        RenderText {#text} at (0,38) size 52x19
          text run at (0,38) width 52: "GOOD:"
        RenderBR {BR} at (52,53) size 0x0
        RenderBR {BR} at (0,57) size 0x19
      RenderBlock {CENTER} at (0,176) size 784x62
        RenderTable {TABLE} at (0,0) size 784x62 [border: (5px outset #808080)]
          RenderTableSection {TBODY} at (5,5) size 774x52
            RenderTableRow {TR} at (0,2) size 774x23
              RenderTableCell {TD} at (2,2) size 770x23 [border: (1px inset #808080)] [r=0 c=0 rs=1 cs=1]
                RenderText {#text} at (2,2) size 27x19
                  text run at (2,2) width 27: "One"
            RenderTableRow {TR} at (0,27) size 774x23
              RenderTableCell {TD} at (2,27) size 770x23 [border: (1px inset #808080)] [r=1 c=0 rs=1 cs=1]
                RenderText {#text} at (2,2) size 30x19
                  text run at (2,2) width 30: "Two"
