layer at (0,0) size 800x600
  RenderView at (0,0) size 800x600
layer at (0,0) size 800x60
  RenderBlock {HTML} at (0,0) size 800x60
    RenderBody {BODY} at (8,8) size 784x44
      RenderBlock (anonymous) at (0,0) size 784x19
        RenderText {#text} at (0,0) size 255x19
          text run at (0,0) width 255: "This is the first of two lines on this page."
      RenderBlock {TABLE} at (0,19) size 784x25
        RenderTable at (0,0) size 281x25
          RenderTableSection {TBODY} at (0,0) size 281x25
            RenderTableRow (anonymous) at (0,2) size 281x21
              RenderTableCell (anonymous) at (2,2) size 277x21 [r=0 c=0 rs=1 cs=1]
                RenderBlock {TR} at (0,0) size 277x21
                  RenderBlock {TD} at (0,0) size 277x21
                    RenderText {#text} at (1,1) size 275x19
                      text run at (1,1) width 275: "This is the second of two lines on this page."
