layer at (0,0) size 800x600
  RenderView at (0,0) size 800x600
layer at (0,0) size 800x600
  RenderBlock {HTML} at (0,0) size 800x600
    RenderBody {BODY} at (8,8) size 784x584
      RenderTable {TABLE} at (0,0) size 168x29 [border: (1px outset #808080)]
        RenderTableSection {TBODY} at (1,1) size 166x27
          RenderTableRow {TR} at (0,2) size 166x23
            RenderTableCell {TD} at (2,2) size 59x23 [border: (1px inset #808080)] [r=0 c=0 rs=1 cs=1]
              RenderText {#text} at (2,2) size 55x19
                text run at (2,2) width 55: "Left side"
            RenderTableCell {TD} at (63,2) size 31x23 [border: (1px inset #808080)] [r=0 c=1 rs=1 cs=1]
              RenderText {#text} at (2,2) size 26x19
                text run at (2,2) width 26: "Mid"
            RenderTableCell {TD} at (96,2) size 68x23 [border: (1px inset #808080)] [r=0 c=2 rs=1 cs=1]
              RenderText {#text} at (2,2) size 64x19
                text run at (2,2) width 64: "Right side"
      RenderTable {TABLE} at (0,29) size 168x54 [border: (1px outset #808080)]
        RenderTableSection {TBODY} at (1,1) size 166x52
          RenderTableRow {TR} at (0,2) size 166x23
            RenderTableCell {TD} at (2,2) size 59x23 [border: (1px inset #808080)] [r=0 c=0 rs=1 cs=1]
              RenderText {#text} at (2,2) size 55x19
                text run at (2,2) width 55: "Left side"
            RenderTableCell {TD} at (63,2) size 31x23 [border: (1px inset #808080)] [r=0 c=1 rs=1 cs=1]
              RenderText {#text} at (2,2) size 26x19
                text run at (2,2) width 26: "Mid"
            RenderTableCell {TD} at (96,2) size 68x23 [border: (1px inset #808080)] [r=0 c=2 rs=1 cs=1]
              RenderText {#text} at (2,2) size 64x19
                text run at (2,2) width 64: "Right side"
          RenderTableRow {TR} at (0,27) size 166x23
            RenderTableCell {TD} at (2,27) size 59x23 [border: (1px inset #808080)] [r=1 c=0 rs=1 cs=1]
              RenderText {#text} at (2,2) size 55x19
                text run at (2,2) width 55: "Left side"
            RenderTableCell {TD} at (63,27) size 31x23 [border: (1px inset #808080)] [r=1 c=1 rs=1 cs=1]
              RenderText {#text} at (2,2) size 26x19
                text run at (2,2) width 26: "Mid"
            RenderTableCell {TD} at (96,27) size 68x23 [border: (1px inset #808080)] [r=1 c=2 rs=1 cs=1]
              RenderText {#text} at (2,2) size 64x19
                text run at (2,2) width 64: "Right side"
