layer at (0,0) size 800x600
  RenderView at (0,0) size 800x600
layer at (0,0) size 800x600
  RenderBlock {HTML} at (0,0) size 800x600
    RenderBody {BODY} at (8,8) size 784x584
      RenderTable {TABLE} at (0,0) size 627x48 [border: (1px outset #808080)]
        RenderTableSection {TBODY} at (1,1) size 625x46
          RenderTableRow {TR} at (0,2) size 625x42
            RenderTableCell {TD} at (2,2) size 621x42 [border: (1px inset #808080)] [r=0 c=0 rs=1 cs=2]
              RenderText {#text} at (2,2) size 584x38
                text run at (2,2) width 434: "This is some text, this is some text, this is some text, this is some text "
                text run at (436,2) width 150: "This is some text, this is"
                text run at (2,21) width 276: "some text, this is some text, this is some text"
