layer at (0,0) size 785x672
  RenderView at (0,0) size 785x600
layer at (0,0) size 785x672
  RenderBlock {HTML} at (0,0) size 785x672
    RenderBody {BODY} at (8,8) size 769x656 [bgcolor=#FFFFFF]
      RenderTable {TABLE} at (0,0) size 308x54 [border: (1px outset #808080)]
        RenderTableCol {COLGROUP} at (0,0) size 0x0
          RenderTableCol {COL} at (0,0) size 0x0
          RenderTableCol {COL} at (0,0) size 0x0
        RenderTableSection {TBODY} at (1,1) size 306x52
          RenderTableRow {TR} at (0,2) size 306x23
          RenderTableRow {TR} at (0,27) size 306x23
      RenderTable {TABLE} at (0,54) size 308x54 [border: (1px outset #808080)]
        RenderTableCol {COLGROUP} at (0,0) size 0x0
          RenderTableCol {COL} at (0,0) size 0x0
          RenderTableCol {COL} at (0,0) size 0x0
        RenderTableSection {TBODY} at (1,1) size 306x52
          RenderTableRow {TR} at (0,2) size 306x23
          RenderTableRow {TR} at (0,27) size 306x23
      RenderTable {TABLE} at (0,108) size 300x54 [border: (1px outset #808080)]
        RenderTableSection {TBODY} at (1,1) size 298x52
          RenderTableRow {TR} at (0,2) size 298x23
          RenderTableRow {TR} at (0,27) size 298x23
      RenderTable {TABLE} at (0,162) size 300x54 [border: (1px outset #808080)]
        RenderTableSection {TBODY} at (1,1) size 298x52
          RenderTableRow {TR} at (0,2) size 298x23
          RenderTableRow {TR} at (0,27) size 298x23
      RenderTable {TABLE} at (0,216) size 300x80 [border: (1px outset #808080)]
        RenderTableSection {TBODY} at (1,1) size 298x78
          RenderTableRow {TR} at (0,2) size 298x49
          RenderTableRow {TR} at (0,53) size 298x23
      RenderTable {TABLE} at (0,296) size 300x80 [border: (1px outset #808080)]
        RenderTableSection {TBODY} at (1,1) size 298x78
          RenderTableRow {TR} at (0,2) size 298x49
          RenderTableRow {TR} at (0,53) size 298x23
      RenderTable {TABLE} at (0,376) size 300x96 [border: (1px outset #808080)]
        RenderTableSection {TBODY} at (1,1) size 298x94
          RenderTableRow {TR} at (0,2) size 298x47
          RenderTableRow {TR} at (0,51) size 298x41
      RenderTable {TABLE} at (0,564) size 300x92 [border: (1px outset #808080)]
        RenderTableSection {TBODY} at (1,1) size 298x90
          RenderTableRow {TR} at (0,2) size 298x61
          RenderTableRow {TR} at (0,65) size 298x23
layer at (11,11) size 200x23 clip at (12,12) size 198x21
  RenderTableCell {TD} at (2,2) size 200x23 [bgcolor=#0000FF] [border: (1px inset #808080)] [r=0 c=0 rs=1 cs=1]
    RenderText {#text} at (2,2) size 4x19
      text run at (2,2) width 4: " "
layer at (213,11) size 100x23 clip at (214,12) size 98x21
  RenderTableCell {TD} at (204,2) size 100x23 [bgcolor=#0000FF] [border: (1px inset #808080)] [r=0 c=1 rs=1 cs=1]
    RenderText {#text} at (2,2) size 4x19
      text run at (2,2) width 4: " "
layer at (11,36) size 200x23 clip at (12,37) size 198x21
  RenderTableCell {TD} at (2,27) size 200x23 [bgcolor=#0000FF] [border: (1px inset #808080)] [r=1 c=0 rs=1 cs=1]
    RenderText {#text} at (2,2) size 4x19
      text run at (2,2) width 4: " "
layer at (213,36) size 100x23 clip at (214,37) size 98x21
  RenderTableCell {TD} at (204,27) size 100x23 [bgcolor=#0000FF] [border: (1px inset #808080)] [r=1 c=1 rs=1 cs=1]
    RenderText {#text} at (2,2) size 4x19
      text run at (2,2) width 4: " "
layer at (11,65) size 200x23 clip at (12,66) size 198x21
  RenderTableCell {TD} at (2,2) size 200x23 [bgcolor=#0000FF] [border: (1px inset #808080)] [r=0 c=0 rs=1 cs=1]
    RenderText {#text} at (2,2) size 4x19
      text run at (2,2) width 4: " "
layer at (213,65) size 100x23 clip at (214,66) size 98x21
  RenderTableCell {TD} at (204,2) size 100x23 [bgcolor=#0000FF] [border: (1px inset #808080)] [r=0 c=1 rs=1 cs=1]
    RenderText {#text} at (2,2) size 4x19
      text run at (2,2) width 4: " "
layer at (11,90) size 200x23 clip at (12,91) size 198x21
  RenderTableCell {TD} at (2,27) size 200x23 [bgcolor=#0000FF] [border: (1px inset #808080)] [r=1 c=0 rs=1 cs=1]
    RenderText {#text} at (2,2) size 4x19
      text run at (2,2) width 4: " "
layer at (213,90) size 100x23 clip at (214,91) size 98x21
  RenderTableCell {TD} at (204,27) size 100x23 [bgcolor=#0000FF] [border: (1px inset #808080)] [r=1 c=1 rs=1 cs=1]
    RenderText {#text} at (2,2) size 4x19
      text run at (2,2) width 4: " "
layer at (11,119) size 233x23 clip at (12,120) size 231x21
  RenderTableCell {TD} at (2,2) size 233x23 [bgcolor=#0000FF] [border: (1px inset #808080)] [r=0 c=0 rs=1 cs=1]
    RenderText {#text} at (2,2) size 4x19
      text run at (2,2) width 4: " "
layer at (246,119) size 59x23 clip at (247,120) size 57x21
  RenderTableCell {TD} at (237,2) size 59x23 [bgcolor=#0000FF] [border: (1px inset #808080)] [r=0 c=1 rs=1 cs=1]
    RenderText {#text} at (2,2) size 4x19
      text run at (2,2) width 4: " "
layer at (11,144) size 233x23 clip at (12,145) size 231x21
  RenderTableCell {TD} at (2,27) size 233x23 [bgcolor=#0000FF] [border: (1px inset #808080)] [r=1 c=0 rs=1 cs=1]
    RenderText {#text} at (2,2) size 4x19
      text run at (2,2) width 4: " "
layer at (246,144) size 59x23 clip at (247,145) size 57x21
  RenderTableCell {TD} at (237,27) size 59x23 [bgcolor=#0000FF] [border: (1px inset #808080)] [r=1 c=1 rs=1 cs=1]
    RenderText {#text} at (2,2) size 4x19
      text run at (2,2) width 4: " "
layer at (11,173) size 150x23 clip at (12,174) size 148x21
  RenderTableCell {TD} at (2,2) size 150x23 [bgcolor=#0000FF] [border: (1px inset #808080)] [r=0 c=0 rs=1 cs=1]
    RenderText {#text} at (2,2) size 4x19
      text run at (2,2) width 4: " "
layer at (163,173) size 142x23 clip at (164,174) size 140x21
  RenderTableCell {TD} at (154,2) size 142x23 [bgcolor=#0000FF] [border: (1px inset #808080)] [r=0 c=1 rs=1 cs=1]
    RenderText {#text} at (2,2) size 4x19
      text run at (2,2) width 4: " "
layer at (11,198) size 150x23 clip at (12,199) size 148x21
  RenderTableCell {TD} at (2,27) size 150x23 [bgcolor=#0000FF] [border: (1px inset #808080)] [r=1 c=0 rs=1 cs=1]
    RenderText {#text} at (2,2) size 4x19
      text run at (2,2) width 4: " "
layer at (163,198) size 142x23 clip at (164,199) size 140x21
  RenderTableCell {TD} at (154,27) size 142x23 [bgcolor=#0000FF] [border: (1px inset #808080)] [r=1 c=1 rs=1 cs=1]
    RenderText {#text} at (2,2) size 4x19
      text run at (2,2) width 4: " "
layer at (11,227) size 150x49 clip at (12,228) size 148x47 scrollWidth 201
  RenderTableCell {TD} at (2,2) size 150x49 [bgcolor=#0000FF] [border: (1px inset #808080)] [r=0 c=0 rs=1 cs=1]
    RenderBlock {FORM} at (2,2) size 146x45
      RenderButton {BUTTON} at (0,2) size 200x41 [bgcolor=#C0C0C0] [border: (2px outset #C0C0C0)]
        RenderBlock (anonymous) at (17,10) size 166x19
          RenderText {#text} at (61,0) size 44x19
            text run at (61,0) width 44: "button"
layer at (163,227) size 142x49 clip at (164,228) size 140x47
  RenderTableCell {TD} at (154,15) size 142x23 [bgcolor=#0000FF] [border: (1px inset #808080)] [r=0 c=1 rs=1 cs=1]
    RenderText {#text} at (2,2) size 4x19
      text run at (2,2) width 4: " "
layer at (11,278) size 150x23 clip at (12,279) size 148x21
  RenderTableCell {TD} at (2,53) size 150x23 [bgcolor=#0000FF] [border: (1px inset #808080)] [r=1 c=0 rs=1 cs=1]
    RenderText {#text} at (2,2) size 4x19
      text run at (2,2) width 4: " "
layer at (163,278) size 142x23 clip at (164,279) size 140x21
  RenderTableCell {TD} at (154,53) size 142x23 [bgcolor=#0000FF] [border: (1px inset #808080)] [r=1 c=1 rs=1 cs=1]
    RenderText {#text} at (2,2) size 4x19
      text run at (2,2) width 4: " "
layer at (11,307) size 280x49 clip at (12,308) size 278x47
  RenderTableCell {TD} at (2,2) size 280x49 [bgcolor=#0000FF] [border: (1px inset #808080)] [r=0 c=0 rs=1 cs=1]
    RenderBlock {FORM} at (2,2) size 276x45
      RenderButton {BUTTON} at (0,2) size 200x41 [bgcolor=#C0C0C0] [border: (2px outset #C0C0C0)]
        RenderBlock (anonymous) at (17,10) size 166x19
          RenderText {#text} at (61,0) size 44x19
            text run at (61,0) width 44: "button"
layer at (293,307) size 12x49 clip at (294,308) size 10x47
  RenderTableCell {TD} at (284,15) size 12x23 [bgcolor=#0000FF] [border: (1px inset #808080)] [r=0 c=1 rs=1 cs=1]
    RenderText {#text} at (2,2) size 4x19
      text run at (2,2) width 4: " "
layer at (11,358) size 280x23 clip at (12,359) size 278x21
  RenderTableCell {TD} at (2,53) size 280x23 [bgcolor=#0000FF] [border: (1px inset #808080)] [r=1 c=0 rs=1 cs=1]
    RenderText {#text} at (2,2) size 4x19
      text run at (2,2) width 4: " "
layer at (293,358) size 12x23 clip at (294,359) size 10x21
  RenderTableCell {TD} at (284,53) size 12x23 [bgcolor=#0000FF] [border: (1px inset #808080)] [r=1 c=1 rs=1 cs=1]
    RenderText {#text} at (2,2) size 4x19
      text run at (2,2) width 4: " "
layer at (11,387) size 150x47 clip at (12,388) size 148x45 scrollWidth 216
  RenderTableCell {TD} at (2,2) size 150x47 [bgcolor=#0000FF] [border: (1px inset #808080)] [r=0 c=0 rs=1 cs=1]
    RenderBlock {DIV} at (11,11) size 206x25 [border: (3px solid #000000)]
      RenderText {#text} at (3,3) size 20x19
        text run at (3,3) width 20: "div"
layer at (163,387) size 142x47 clip at (164,388) size 140x45
  RenderTableCell {TD} at (154,5) size 142x41 [bgcolor=#0000FF] [border: (1px inset #808080)] [r=0 c=1 rs=1 cs=1]
    RenderText {#text} at (11,11) size 4x19
      text run at (11,11) width 4: " "
layer at (11,436) size 150x41 clip at (12,437) size 148x39
  RenderTableCell {TD} at (2,51) size 150x41 [bgcolor=#0000FF] [border: (1px inset #808080)] [r=1 c=0 rs=1 cs=1]
    RenderText {#text} at (11,11) size 4x19
      text run at (11,11) width 4: " "
layer at (163,436) size 142x41 clip at (164,437) size 140x39
  RenderTableCell {TD} at (154,51) size 142x41 [bgcolor=#0000FF] [border: (1px inset #808080)] [r=1 c=1 rs=1 cs=1]
    RenderText {#text} at (11,11) size 4x19
      text run at (11,11) width 4: " "
layer at (8,480) size 300x92 clip at (9,481) size 298x90
  RenderTable {TABLE} at (0,472) size 300x92 [border: (1px outset #808080)]
    RenderTableSection {TBODY} at (1,1) size 298x90
      RenderTableRow {TR} at (0,2) size 298x61
      RenderTableRow {TR} at (0,65) size 298x23
layer at (11,483) size 150x61 clip at (12,484) size 148x59 scrollWidth 207
  RenderTableCell {TD} at (2,2) size 150x61 [bgcolor=#0000FF] [border: (1px inset #808080)] [r=0 c=0 rs=1 cs=1]
    RenderBlock {P} at (2,18) size 206x25 [border: (3px solid #000000)]
      RenderText {#text} at (3,3) size 27x19
        text run at (3,3) width 27: "para"
layer at (163,483) size 142x61 clip at (164,484) size 140x59
  RenderTableCell {TD} at (154,21) size 142x23 [bgcolor=#0000FF] [border: (1px inset #808080)] [r=0 c=1 rs=1 cs=1]
    RenderText {#text} at (2,2) size 4x19
      text run at (2,2) width 4: " "
layer at (11,546) size 150x23 clip at (12,547) size 148x21
  RenderTableCell {TD} at (2,65) size 150x23 [bgcolor=#0000FF] [border: (1px inset #808080)] [r=1 c=0 rs=1 cs=1]
    RenderText {#text} at (2,2) size 4x19
      text run at (2,2) width 4: " "
layer at (163,546) size 142x23 clip at (164,547) size 140x21
  RenderTableCell {TD} at (154,65) size 142x23 [bgcolor=#0000FF] [border: (1px inset #808080)] [r=1 c=1 rs=1 cs=1]
    RenderText {#text} at (2,2) size 4x19
      text run at (2,2) width 4: " "
layer at (11,575) size 254x61 clip at (12,576) size 252x59
  RenderTableCell {TD} at (2,2) size 254x61 [bgcolor=#0000FF] [border: (1px inset #808080)] [r=0 c=0 rs=1 cs=1]
    RenderBlock {P} at (2,18) size 206x25 [border: (3px solid #000000)]
      RenderText {#text} at (3,3) size 27x19
        text run at (3,3) width 27: "para"
layer at (267,575) size 38x61 clip at (268,576) size 36x59
  RenderTableCell {TD} at (258,21) size 38x23 [bgcolor=#0000FF] [border: (1px inset #808080)] [r=0 c=1 rs=1 cs=1]
    RenderText {#text} at (2,2) size 4x19
      text run at (2,2) width 4: " "
layer at (11,638) size 254x23 clip at (12,639) size 252x21
  RenderTableCell {TD} at (2,65) size 254x23 [bgcolor=#0000FF] [border: (1px inset #808080)] [r=1 c=0 rs=1 cs=1]
    RenderText {#text} at (2,2) size 4x19
      text run at (2,2) width 4: " "
layer at (267,638) size 38x23 clip at (268,639) size 36x21
  RenderTableCell {TD} at (258,65) size 38x23 [bgcolor=#0000FF] [border: (1px inset #808080)] [r=1 c=1 rs=1 cs=1]
    RenderText {#text} at (2,2) size 4x19
      text run at (2,2) width 4: " "
