layer at (0,0) size 800x600
  RenderView at (0,0) size 800x600
layer at (0,0) size 800x600
  RenderBlock {HTML} at (0,0) size 800x600
    RenderBody {BODY} at (8,8) size 784x584
      RenderTable {TABLE} at (0,0) size 784x364 [border: none]
        RenderTableSection {TBODY} at (0,0) size 783x363
          RenderTableRow {TR} at (0,0) size 783x22
            RenderTableCell {TH} at (0,0) size 111x22 [border: (1px solid #005A8C)] [r=0 c=0 rs=1 cs=1]
              RenderText {#text} at (42,2) size 28x19
                text run at (42,2) width 28: "Sun"
            RenderTableCell {TH} at (111,0) size 112x22 [border: (1px solid #005A8C)] [r=0 c=1 rs=1 cs=1]
              RenderText {#text} at (40,2) size 33x19
                text run at (40,2) width 33: "Mon"
            RenderTableCell {TH} at (223,0) size 112x22 [border: (1px solid #005A8C)] [r=0 c=2 rs=1 cs=1]
              RenderText {#text} at (43,2) size 27x19
                text run at (43,2) width 27: "Tue"
            RenderTableCell {TH} at (335,0) size 112x22 [border: (1px solid #005A8C)] [r=0 c=3 rs=1 cs=1]
              RenderText {#text} at (40,2) size 33x19
                text run at (40,2) width 33: "Wed"
            RenderTableCell {TH} at (447,0) size 112x22 [border: (1px solid #005A8C)] [r=0 c=4 rs=1 cs=1]
              RenderText {#text} at (42,2) size 29x19
                text run at (42,2) width 29: "Thu"
            RenderTableCell {TH} at (559,0) size 112x22 [border: (1px solid #005A8C)] [r=0 c=5 rs=1 cs=1]
              RenderText {#text} at (46,2) size 21x19
                text run at (46,2) width 21: "Fri"
            RenderTableCell {TH} at (671,0) size 112x22 [border: (1px solid #005A8C)] [r=0 c=6 rs=1 cs=1]
              RenderText {#text} at (45,2) size 23x19
                text run at (45,2) width 23: "Sat"
          RenderTableRow {TR} at (0,22) size 783x41
            RenderTableCell {TD} at (0,22) size 559x3 [border: (1px solid #005A8C)] [r=1 c=0 rs=1 cs=5]
            RenderTableCell {TD} at (559,22) size 112x41 [border: (1px solid #005A8C)] [r=1 c=5 rs=1 cs=1]
              RenderBlock {DIV} at (2,2) size 109x19
                RenderText {#text} at (0,0) size 8x19
                  text run at (0,0) width 8: "1"
              RenderBlock {DIV} at (2,21) size 109x19
                RenderText {#text} at (0,0) size 28x19
                  text run at (0,0) width 28: "7:50"
            RenderTableCell {TD} at (671,22) size 112x41 [border: (1px solid #005A8C)] [r=1 c=6 rs=1 cs=1]
              RenderBlock {DIV} at (2,2) size 109x19
                RenderText {#text} at (0,0) size 8x19
                  text run at (0,0) width 8: "2"
              RenderBlock (anonymous) at (2,21) size 109x19
                RenderText {#text} at (0,0) size 100x19
                  text run at (0,0) width 100: "Althea Halliday"
                RenderBR {BR} at (100,15) size 0x0
          RenderTableRow {TR} at (0,63) size 783x79
            RenderTableCell {TD} at (0,63) size 111x79 [border: (1px solid #005A8C)] [r=2 c=0 rs=1 cs=1]
              RenderBlock {DIV} at (2,2) size 108x19
                RenderText {#text} at (0,0) size 8x19
                  text run at (0,0) width 8: "3"
              RenderBlock (anonymous) at (2,21) size 108x57
                RenderText {#text} at (0,0) size 67x19
                  text run at (0,0) width 67: "CHORTle"
                RenderBR {BR} at (67,15) size 0x0
                RenderText {#text} at (0,19) size 67x38
                  text run at (0,19) width 62: "Avondale"
                  text run at (0,38) width 67: "graduation"
            RenderTableCell {TD} at (111,63) size 112x41 [border: (1px solid #005A8C)] [r=2 c=1 rs=1 cs=1]
              RenderBlock {DIV} at (2,2) size 109x19
                RenderText {#text} at (0,0) size 8x19
                  text run at (0,0) width 8: "4"
              RenderBlock (anonymous) at (2,21) size 109x19
                RenderBR {BR} at (0,0) size 0x19
            RenderTableCell {TD} at (223,63) size 112x60 [border: (1px solid #005A8C)] [r=2 c=2 rs=1 cs=1]
              RenderBlock {DIV} at (2,2) size 109x19
                RenderText {#text} at (0,0) size 8x19
                  text run at (0,0) width 8: "5"
              RenderBlock (anonymous) at (2,21) size 109x38
                RenderText {#text} at (0,0) size 82x38
                  text run at (0,0) width 82: "SAC Speech"
                  text run at (0,19) width 32: "night"
            RenderTableCell {TD} at (335,63) size 112x60 [border: (1px solid #005A8C)] [r=2 c=3 rs=1 cs=1]
              RenderBlock {DIV} at (2,2) size 109x19
                RenderText {#text} at (0,0) size 8x19
                  text run at (0,0) width 8: "6"
              RenderBlock (anonymous) at (2,21) size 109x38
                RenderText {#text} at (0,0) size 82x38
                  text run at (0,0) width 82: "Management"
                  text run at (0,19) width 65: "committee"
            RenderTableCell {TD} at (447,63) size 112x79 [border: (1px solid #005A8C)] [r=2 c=4 rs=1 cs=1]
              RenderBlock {DIV} at (2,2) size 109x19
                RenderText {#text} at (0,0) size 8x19
                  text run at (0,0) width 8: "7"
              RenderBlock (anonymous) at (2,21) size 109x57
                RenderText {#text} at (0,0) size 100x57
                  text run at (0,0) width 94: "Castle Hill and"
                  text run at (0,19) width 100: "Mountain View"
                  text run at (0,38) width 88: "Speech nights"
            RenderTableCell {TD} at (559,63) size 112x41 [border: (1px solid #005A8C)] [r=2 c=5 rs=1 cs=1]
              RenderBlock {DIV} at (2,2) size 109x19
                RenderText {#text} at (0,0) size 8x19
                  text run at (0,0) width 8: "8"
              RenderBlock {DIV} at (2,21) size 109x19
                RenderText {#text} at (0,0) size 28x19
                  text run at (0,0) width 28: "7:56"
            RenderTableCell {TD} at (671,63) size 112x41 [border: (1px solid #005A8C)] [r=2 c=6 rs=1 cs=1]
              RenderBlock {DIV} at (2,2) size 109x19
                RenderText {#text} at (0,0) size 8x19
                  text run at (0,0) width 8: "9"
              RenderBlock (anonymous) at (2,21) size 109x19
                RenderText {#text} at (0,0) size 91x19
                  text run at (0,0) width 91: "Reconciliation"
          RenderTableRow {TR} at (0,142) size 783x79
            RenderTableCell {TD} at (0,142) size 111x41 [border: (1px solid #005A8C)] [r=3 c=0 rs=1 cs=1]
              RenderBlock {DIV} at (2,2) size 108x19
                RenderText {#text} at (0,0) size 16x19
                  text run at (0,0) width 16: "10"
              RenderBlock (anonymous) at (2,21) size 108x19
                RenderText {#text} at (0,0) size 99x19
                  text run at (0,0) width 99: "Christmas party"
                RenderBR {BR} at (99,15) size 0x0
            RenderTableCell {TD} at (111,142) size 112x41 [border: (1px solid #005A8C)] [r=3 c=1 rs=1 cs=1]
              RenderBlock {DIV} at (2,2) size 109x19
                RenderText {#text} at (0,0) size 16x19
                  text run at (0,0) width 16: "11"
              RenderBlock (anonymous) at (2,21) size 109x19
                RenderBR {BR} at (0,0) size 0x19
            RenderTableCell {TD} at (223,142) size 112x41 [border: (1px solid #005A8C)] [r=3 c=2 rs=1 cs=1]
              RenderBlock {DIV} at (2,2) size 109x19
                RenderText {#text} at (0,0) size 16x19
                  text run at (0,0) width 16: "12"
              RenderBlock (anonymous) at (2,21) size 109x19
                RenderBR {BR} at (0,0) size 0x19
            RenderTableCell {TD} at (335,142) size 112x79 [border: (1px solid #005A8C)] [r=3 c=3 rs=1 cs=1]
              RenderBlock {DIV} at (2,2) size 109x19
                RenderText {#text} at (0,0) size 16x19
                  text run at (0,0) width 16: "13"
              RenderBlock (anonymous) at (2,21) size 109x57
                RenderText {#text} at (0,0) size 75x57
                  text run at (0,0) width 75: "Community"
                  text run at (0,19) width 62: "Ministries"
                  text run at (0,38) width 65: "committee"
            RenderTableCell {TD} at (447,142) size 112x41 [border: (1px solid #005A8C)] [r=3 c=4 rs=1 cs=1]
              RenderBlock {DIV} at (2,2) size 109x19
                RenderText {#text} at (0,0) size 16x19
                  text run at (0,0) width 16: "14"
              RenderBlock (anonymous) at (2,21) size 109x19
                RenderBR {BR} at (0,0) size 0x19
            RenderTableCell {TD} at (559,142) size 112x41 [border: (1px solid #005A8C)] [r=3 c=5 rs=1 cs=1]
              RenderBlock {DIV} at (2,2) size 109x19
                RenderText {#text} at (0,0) size 16x19
                  text run at (0,0) width 16: "15"
              RenderBlock {DIV} at (2,21) size 109x19
                RenderText {#text} at (0,0) size 28x19
                  text run at (0,0) width 28: "8:02"
            RenderTableCell {TD} at (671,142) size 112x41 [border: (1px solid #005A8C)] [r=3 c=6 rs=1 cs=1]
              RenderBlock {DIV} at (2,2) size 109x19
                RenderText {#text} at (0,0) size 16x19
                  text run at (0,0) width 16: "16"
              RenderBlock (anonymous) at (2,21) size 109x19
                RenderText {#text} at (0,0) size 67x19
                  text run at (0,0) width 67: "Paul Goltz"
                RenderBR {BR} at (67,15) size 0x0
          RenderTableRow {TR} at (0,221) size 783x60
            RenderTableCell {TD} at (0,221) size 111x41 [border: (1px solid #005A8C)] [r=4 c=0 rs=1 cs=1]
              RenderBlock {DIV} at (2,2) size 108x19
                RenderText {#text} at (0,0) size 16x19
                  text run at (0,0) width 16: "17"
              RenderBlock (anonymous) at (2,21) size 108x19
                RenderBR {BR} at (0,0) size 0x19
            RenderTableCell {TD} at (111,221) size 112x41 [border: (1px solid #005A8C)] [r=4 c=1 rs=1 cs=1]
              RenderBlock {DIV} at (2,2) size 109x19
                RenderText {#text} at (0,0) size 16x19
                  text run at (0,0) width 16: "18"
              RenderBlock (anonymous) at (2,21) size 109x19
                RenderBR {BR} at (0,0) size 0x19
            RenderTableCell {TD} at (223,221) size 112x60 [border: (1px solid #005A8C)] [r=4 c=2 rs=1 cs=1]
              RenderBlock {DIV} at (2,2) size 109x19
                RenderText {#text} at (0,0) size 16x19
                  text run at (0,0) width 16: "19"
              RenderBlock (anonymous) at (2,21) size 109x38
                RenderText {#text} at (0,0) size 103x38
                  text run at (0,0) width 103: "End school term"
                  text run at (0,19) width 8: "4"
            RenderTableCell {TD} at (335,221) size 112x41 [border: (1px solid #005A8C)] [r=4 c=3 rs=1 cs=1]
              RenderBlock {DIV} at (2,2) size 109x19
                RenderText {#text} at (0,0) size 16x19
                  text run at (0,0) width 16: "20"
              RenderBlock (anonymous) at (2,21) size 109x19
                RenderBR {BR} at (0,0) size 0x19
            RenderTableCell {TD} at (447,221) size 112x41 [border: (1px solid #005A8C)] [r=4 c=4 rs=1 cs=1]
              RenderBlock {DIV} at (2,2) size 109x19
                RenderText {#text} at (0,0) size 16x19
                  text run at (0,0) width 16: "21"
              RenderBlock (anonymous) at (2,21) size 109x19
                RenderBR {BR} at (0,0) size 0x19
            RenderTableCell {TD} at (559,221) size 112x41 [border: (1px solid #005A8C)] [r=4 c=5 rs=1 cs=1]
              RenderBlock {DIV} at (2,2) size 109x19
                RenderText {#text} at (0,0) size 16x19
                  text run at (0,0) width 16: "22"
              RenderBlock {DIV} at (2,21) size 109x19
                RenderText {#text} at (0,0) size 28x19
                  text run at (0,0) width 28: "8:06"
            RenderTableCell {TD} at (671,221) size 112x60 [border: (1px solid #005A8C)] [r=4 c=6 rs=1 cs=1]
              RenderBlock {DIV} at (2,2) size 109x19
                RenderText {#text} at (0,0) size 16x19
                  text run at (0,0) width 16: "23"
              RenderBlock (anonymous) at (2,21) size 109x38
                RenderText {#text} at (0,0) size 72x38
                  text run at (0,0) width 63: "Christmas"
                  text run at (0,19) width 72: "programme"
                RenderBR {BR} at (72,34) size 0x0
          RenderTableRow {TR} at (0,281) size 783x41
            RenderTableCell {TD} at (0,281) size 111x41 [border: (1px solid #005A8C)] [r=5 c=0 rs=1 cs=1]
              RenderBlock {DIV} at (2,2) size 108x19
                RenderText {#text} at (0,0) size 16x19
                  text run at (0,0) width 16: "24"
              RenderBlock (anonymous) at (2,21) size 108x19
                RenderBR {BR} at (0,0) size 0x19
            RenderTableCell {TD} at (111,281) size 112x41 [border: (1px solid #005A8C)] [r=5 c=1 rs=1 cs=1]
              RenderBlock {DIV} at (2,2) size 109x19
                RenderText {#text} at (0,0) size 16x19
                  text run at (0,0) width 16: "25"
              RenderBlock (anonymous) at (2,21) size 109x19
                RenderText {#text} at (0,0) size 90x19
                  text run at (0,0) width 90: "Christmas day"
                RenderBR {BR} at (90,15) size 0x0
            RenderTableCell {TD} at (223,281) size 112x41 [border: (1px solid #005A8C)] [r=5 c=2 rs=1 cs=1]
              RenderBlock {DIV} at (2,2) size 109x19
                RenderText {#text} at (0,0) size 16x19
                  text run at (0,0) width 16: "26"
              RenderBlock (anonymous) at (2,21) size 109x19
                RenderText {#text} at (0,0) size 74x19
                  text run at (0,0) width 74: "Boxing day"
                RenderBR {BR} at (74,15) size 0x0
            RenderTableCell {TD} at (335,281) size 112x41 [border: (1px solid #005A8C)] [r=5 c=3 rs=1 cs=1]
              RenderBlock {DIV} at (2,2) size 109x19
                RenderText {#text} at (0,0) size 16x19
                  text run at (0,0) width 16: "27"
              RenderBlock (anonymous) at (2,21) size 109x19
                RenderBR {BR} at (0,0) size 0x19
            RenderTableCell {TD} at (447,281) size 112x41 [border: (1px solid #005A8C)] [r=5 c=4 rs=1 cs=1]
              RenderBlock {DIV} at (2,2) size 109x19
                RenderText {#text} at (0,0) size 16x19
                  text run at (0,0) width 16: "28"
              RenderBlock (anonymous) at (2,21) size 109x19
                RenderBR {BR} at (0,0) size 0x19
            RenderTableCell {TD} at (559,281) size 112x41 [border: (1px solid #005A8C)] [r=5 c=5 rs=1 cs=1]
              RenderBlock {DIV} at (2,2) size 109x19
                RenderText {#text} at (0,0) size 16x19
                  text run at (0,0) width 16: "29"
              RenderBlock {DIV} at (2,21) size 109x19
                RenderText {#text} at (0,0) size 28x19
                  text run at (0,0) width 28: "8:09"
            RenderTableCell {TD} at (671,281) size 112x41 [border: (1px solid #005A8C)] [r=5 c=6 rs=1 cs=1]
              RenderBlock {DIV} at (2,2) size 109x19
                RenderText {#text} at (0,0) size 16x19
                  text run at (0,0) width 16: "30"
              RenderBlock (anonymous) at (2,21) size 109x19
                RenderText {#text} at (0,0) size 94x19
                  text run at (0,0) width 94: "David Holman"
                RenderBR {BR} at (94,15) size 0x0
          RenderTableRow {TR} at (0,322) size 783x41
            RenderTableCell {TD} at (0,322) size 111x41 [border: (1px solid #005A8C)] [r=6 c=0 rs=1 cs=1]
              RenderBlock {DIV} at (2,2) size 108x19
                RenderText {#text} at (0,0) size 16x19
                  text run at (0,0) width 16: "31"
              RenderBlock (anonymous) at (2,21) size 108x19
                RenderBR {BR} at (0,0) size 0x19
            RenderTableCell {TD} at (111,322) size 672x3 [border: (1px solid #005A8C)] [r=6 c=1 rs=1 cs=6]
