layer at (0,0) size 800x600
  RenderView at (0,0) size 800x600
layer at (0,0) size 800x600
  RenderBlock {HTML} at (0,0) size 800x600
    RenderBody {BODY} at (8,8) size 784x584
      RenderTable {TABLE} at (0,0) size 784x65 [bgcolor=#00FFFF] [border: (1px outset #808080)]
        RenderTableSection {TBODY} at (1,1) size 782x63
          RenderTableRow {TR} at (0,2) size 782x59
            RenderTableCell {TD} at (2,2) size 304x59 [border: (1px inset #808080)] [r=0 c=0 rs=1 cs=1]
              RenderInline {FONT} at (0,0) size 99x36 [color=#0000FF]
                RenderText {#text} at (2,2) size 99x36
                  text run at (2,2) width 99: "Mozilla"
              RenderText {#text} at (101,16) size 275x42
                text run at (101,16) width 149: " code available under a "
                text run at (250,16) width 27: "dual"
                text run at (2,39) width 123: "MPL/GPL license. "
                text run at (125,39) width 137: "See the for more info."
              RenderBR {BR} at (262,54) size 0x0
            RenderTableCell {TD} at (308,20) size 472x22 [border: (1px inset #808080)] [r=0 c=1 rs=1 cs=1]
              RenderText {#text} at (2,2) size 241x19
                text run at (2,2) width 241: "foo bar foo bar foo bar foo bar foo bar"
      RenderBlock (anonymous) at (0,65) size 784x62
        RenderBR {BR} at (0,0) size 0x19
        RenderButton {INPUT} at (2,20) size 86x40 [bgcolor=#C0C0C0] [border: (2px outset #C0C0C0)]
          RenderBlock (anonymous) at (17,10) size 52x18
            RenderText at (0,0) size 52x19
              text run at (0,0) width 52: "Reload"
        RenderText {#text} at (90,30) size 8x19
          text run at (90,30) width 8: "  "
        RenderButton {INPUT} at (100,20) size 127x40 [bgcolor=#C0C0C0] [border: (2px outset #C0C0C0)]
          RenderBlock (anonymous) at (17,10) size 93x18
            RenderText at (0,0) size 93x19
              text run at (0,0) width 93: "Change Font"
        RenderText {#text} at (229,30) size 8x19
          text run at (229,30) width 8: "  "
        RenderTextControl {INPUT} at (239,24) size 193x28 [bgcolor=#FFFFFF]
        RenderText {#text} at (0,0) size 0x0
layer at (251,103) size 186x18 scrollHeight 19
  RenderBlock {DIV} at (4,6) size 186x18
    RenderText {#text} at (0,0) size 9x19
      text run at (0,0) width 9: "6"
