layer at (0,0) size 800x600
  RenderView at (0,0) size 800x600
layer at (0,0) size 800x600
  RenderBlock {HTML} at (0,0) size 800x600
    RenderBody {BODY} at (8,8) size 784x584
      RenderTable {TABLE} at (0,0) size 640x115 [border: (1px outset #808080)]
        RenderTableSection {TBODY} at (1,1) size 638x113
          RenderTableRow {TR} at (0,2) size 638x109
            RenderTableCell {TD} at (2,2) size 322x109 [border: (1px inset #808080)] [r=0 c=0 rs=1 cs=1]
              RenderTable {TABLE} at (2,2) size 300x105 [border: (1px outset #808080)]
                RenderTableSection {TBODY} at (1,1) size 298x103
                  RenderTableRow {TR} at (0,2) size 298x99
                    RenderTableCell {TD} at (2,2) size 294x99 [border: (1px inset #808080)] [r=0 c=0 rs=1 cs=2]
                      RenderText {#text} at (2,2) size 276x95
                        text run at (2,2) width 248: "Welcome to PlanDepot.com, the fastest"
                        text run at (2,21) width 136: "growing resource for "
                        text run at (138,21) width 135: "Construction Data on"
                        text run at (2,40) width 276: "the Internet! We offer an extensive database"
                        text run at (2,59) width 268: "of construction bid opportunities, currently"
                        text run at (2,78) width 59: "covering "
                        text run at (61,78) width 59: "13 states!"
            RenderTableCell {TD} at (326,2) size 310x23 [border: (1px inset #808080)] [r=0 c=1 rs=1 cs=1]
              RenderText {#text} at (2,2) size 207x19
                text run at (2,2) width 207: "Expanded Geographic Coverage"
