layer at (0,0) size 800x600
  RenderView at (0,0) size 800x600
layer at (0,0) size 800x312
  RenderBlock {HTML} at (0,0) size 800x312
    RenderBody {BODY} at (8,8) size 784x296 [bgcolor=#FFFFFF]
      RenderTable {TABLE} at (0,0) size 180x296
        RenderTableSection {TBODY} at (0,0) size 180x296
          RenderTableRow {TR} at (0,0) size 180x37
            RenderTableCell {TD} at (0,0) size 45x37 [border: (1px solid #000000)] [r=0 c=0 rs=1 cs=1]
              RenderText {#text} at (9,9) size 27x19
                text run at (9,9) width 27: "blah"
            RenderTableCell {TD} at (45,0) size 45x37 [border: (1px solid #000000)] [r=0 c=1 rs=1 cs=1]
              RenderText {#text} at (9,9) size 27x19
                text run at (9,9) width 27: "blah"
            RenderTableCell {TD} at (90,0) size 45x37 [border: (1px solid #000000)] [r=0 c=2 rs=1 cs=1]
              RenderText {#text} at (9,9) size 27x19
                text run at (9,9) width 27: "blah"
            RenderTableCell {TD} at (135,0) size 45x37 [border: (1px solid #000000)] [r=0 c=3 rs=1 cs=1]
              RenderText {#text} at (9,9) size 27x19
                text run at (9,9) width 27: "blah"
          RenderTableRow {TR} at (0,37) size 180x37
            RenderTableCell {TD} at (0,37) size 45x37 [border: (1px solid #000000)] [r=1 c=0 rs=1 cs=1]
              RenderText {#text} at (9,9) size 27x19
                text run at (9,9) width 27: "blah"
            RenderTableCell {TD} at (45,37) size 45x37 [border: (1px solid #000000)] [r=1 c=1 rs=1 cs=1]
              RenderText {#text} at (9,9) size 27x19
                text run at (9,9) width 27: "blah"
            RenderTableCell {TD} at (90,37) size 45x37 [border: (1px solid #000000)] [r=1 c=2 rs=1 cs=1]
              RenderText {#text} at (9,9) size 27x19
                text run at (9,9) width 27: "blah"
            RenderTableCell {TD} at (135,37) size 45x37 [border: (1px solid #000000)] [r=1 c=3 rs=1 cs=1]
              RenderText {#text} at (9,9) size 27x19
                text run at (9,9) width 27: "blah"
          RenderTableRow {TR} at (0,74) size 180x37
            RenderTableCell {TD} at (0,74) size 45x37 [border: (1px solid #000000)] [r=2 c=0 rs=1 cs=1]
              RenderText {#text} at (9,9) size 27x19
                text run at (9,9) width 27: "blah"
            RenderTableCell {TD} at (45,74) size 45x37 [border: (1px solid #000000)] [r=2 c=1 rs=1 cs=1]
              RenderText {#text} at (9,9) size 27x19
                text run at (9,9) width 27: "blah"
            RenderTableCell {TD} at (90,74) size 45x37 [border: (1px solid #000000)] [r=2 c=2 rs=1 cs=1]
              RenderText {#text} at (9,9) size 27x19
                text run at (9,9) width 27: "blah"
            RenderTableCell {TD} at (135,74) size 45x37 [border: (1px solid #000000)] [r=2 c=3 rs=1 cs=1]
              RenderText {#text} at (9,9) size 27x19
                text run at (9,9) width 27: "blah"
          RenderTableRow {TR} at (0,111) size 180x37
            RenderTableCell {TD} at (0,111) size 45x37 [border: (1px solid #000000)] [r=3 c=0 rs=1 cs=1]
              RenderText {#text} at (9,9) size 27x19
                text run at (9,9) width 27: "blah"
            RenderTableCell {TD} at (45,111) size 45x37 [border: (1px solid #000000)] [r=3 c=1 rs=1 cs=1]
              RenderText {#text} at (9,9) size 27x19
                text run at (9,9) width 27: "blah"
            RenderTableCell {TD} at (90,111) size 45x37 [border: (1px solid #000000)] [r=3 c=2 rs=1 cs=1]
              RenderText {#text} at (9,9) size 27x19
                text run at (9,9) width 27: "blah"
            RenderTableCell {TD} at (135,111) size 45x37 [border: (1px solid #000000)] [r=3 c=3 rs=1 cs=1]
              RenderText {#text} at (9,9) size 27x19
                text run at (9,9) width 27: "blah"
          RenderTableRow {TR} at (0,148) size 180x37
            RenderTableCell {TD} at (0,148) size 45x37 [border: (1px solid #000000)] [r=4 c=0 rs=1 cs=1]
              RenderText {#text} at (9,9) size 27x19
                text run at (9,9) width 27: "blah"
            RenderTableCell {TD} at (45,148) size 45x37 [border: (1px solid #000000)] [r=4 c=1 rs=1 cs=1]
              RenderText {#text} at (9,9) size 27x19
                text run at (9,9) width 27: "blah"
            RenderTableCell {TD} at (90,148) size 45x37 [border: (1px solid #000000)] [r=4 c=2 rs=1 cs=1]
              RenderText {#text} at (9,9) size 27x19
                text run at (9,9) width 27: "blah"
            RenderTableCell {TD} at (135,148) size 45x37 [border: (1px solid #000000)] [r=4 c=3 rs=1 cs=1]
              RenderText {#text} at (9,9) size 27x19
                text run at (9,9) width 27: "blah"
          RenderTableRow {TR} at (0,185) size 180x37
            RenderTableCell {TD} at (0,185) size 45x37 [border: (1px solid #000000)] [r=5 c=0 rs=1 cs=1]
              RenderText {#text} at (9,9) size 27x19
                text run at (9,9) width 27: "blah"
            RenderTableCell {TD} at (45,185) size 45x37 [border: (1px solid #000000)] [r=5 c=1 rs=1 cs=1]
              RenderText {#text} at (9,9) size 27x19
                text run at (9,9) width 27: "blah"
            RenderTableCell {TD} at (90,185) size 45x37 [border: (1px solid #000000)] [r=5 c=2 rs=1 cs=1]
              RenderText {#text} at (9,9) size 27x19
                text run at (9,9) width 27: "blah"
            RenderTableCell {TD} at (135,185) size 45x37 [border: (1px solid #000000)] [r=5 c=3 rs=1 cs=1]
              RenderText {#text} at (9,9) size 27x19
                text run at (9,9) width 27: "blah"
          RenderTableRow {TR} at (0,222) size 180x37
            RenderTableCell {TD} at (0,222) size 45x37 [border: (1px solid #000000)] [r=6 c=0 rs=1 cs=1]
              RenderText {#text} at (9,9) size 27x19
                text run at (9,9) width 27: "blah"
            RenderTableCell {TD} at (45,222) size 45x37 [border: (1px solid #000000)] [r=6 c=1 rs=1 cs=1]
              RenderText {#text} at (9,9) size 27x19
                text run at (9,9) width 27: "blah"
            RenderTableCell {TD} at (90,222) size 45x37 [border: (1px solid #000000)] [r=6 c=2 rs=1 cs=1]
              RenderText {#text} at (9,9) size 27x19
                text run at (9,9) width 27: "blah"
            RenderTableCell {TD} at (135,222) size 45x37 [border: (1px solid #000000)] [r=6 c=3 rs=1 cs=1]
              RenderText {#text} at (9,9) size 27x19
                text run at (9,9) width 27: "blah"
          RenderTableRow {TR} at (0,259) size 180x37
            RenderTableCell {TD} at (0,259) size 45x37 [border: (1px solid #000000)] [r=7 c=0 rs=1 cs=1]
              RenderText {#text} at (9,9) size 27x19
                text run at (9,9) width 27: "blah"
            RenderTableCell {TD} at (45,259) size 45x37 [border: (1px solid #000000)] [r=7 c=1 rs=1 cs=1]
              RenderText {#text} at (9,9) size 27x19
                text run at (9,9) width 27: "blah"
            RenderTableCell {TD} at (90,259) size 45x37 [border: (1px solid #000000)] [r=7 c=2 rs=1 cs=1]
              RenderText {#text} at (9,9) size 27x19
                text run at (9,9) width 27: "blah"
            RenderTableCell {TD} at (135,259) size 45x37 [border: (1px solid #000000)] [r=7 c=3 rs=1 cs=1]
              RenderText {#text} at (9,9) size 27x19
                text run at (9,9) width 27: "blah"
