layer at (0,0) size 800x600
  RenderView at (0,0) size 800x600
layer at (0,0) size 800x600
  RenderBlock {HTML} at (0,0) size 800x600
    RenderBody {BODY} at (8,8) size 784x584
      RenderTable {TABLE} at (0,0) size 264x54 [border: (3px outset #808080)]
        RenderTableSection {TBODY} at (3,3) size 258x48
          RenderTableRow {TR} at (0,2) size 258x44
            RenderTableCell {TD} at (2,2) size 254x44 [border: (1px inset #808080)] [r=0 c=0 rs=1 cs=1]
              RenderImage {IMG} at (2,2) size 40x40
              RenderText {#text} at (45,2) size 207x19
                text run at (45,2) width 207: "NOWRAP cell, no width on cell"
      RenderBlock (anonymous) at (0,54) size 784x19
        RenderBR {BR} at (0,0) size 0x19
      RenderTable {TABLE} at (0,73) size 264x54 [border: (3px outset #808080)]
        RenderTableSection {TBODY} at (3,3) size 258x48
          RenderTableRow {TR} at (0,2) size 258x44
            RenderTableCell {TD} at (2,2) size 254x44 [border: (1px inset #808080)] [r=0 c=0 rs=1 cs=1]
              RenderImage {IMG} at (2,2) size 40x40
              RenderText {#text} at (45,2) size 207x19
                text run at (45,2) width 207: "NOWRAP cell, no width on cell"
      RenderBlock (anonymous) at (0,127) size 784x19
        RenderBR {BR} at (0,0) size 0x19
      RenderTable {TABLE} at (0,146) size 110x111 [border: (3px outset #808080)]
        RenderTableSection {TBODY} at (3,3) size 104x105
          RenderTableRow {TR} at (0,2) size 104x101
            RenderTableCell {TD} at (2,2) size 100x101 [border: (1px inset #808080)] [r=0 c=0 rs=1 cs=1]
              RenderImage {IMG} at (2,2) size 40x40
              RenderText {#text} at (2,42) size 71x57
                text run at (2,42) width 71: "NOWRAP"
                text run at (2,61) width 26: "cell,"
                text run at (2,80) width 69: "width=100"
      RenderBlock (anonymous) at (0,257) size 784x19
        RenderBR {BR} at (0,0) size 0x19
      RenderTable {TABLE} at (0,276) size 310x54 [border: (3px outset #808080)]
        RenderTableSection {TBODY} at (3,3) size 304x48
          RenderTableRow {TR} at (0,2) size 304x44
            RenderTableCell {TD} at (2,2) size 300x44 [border: (1px inset #808080)] [r=0 c=0 rs=1 cs=1]
              RenderImage {IMG} at (2,2) size 40x40
              RenderText {#text} at (45,2) size 174x19
                text run at (45,2) width 174: "NOWRAP cell, width=300"
