layer at (0,0) size 800x600
  RenderView at (0,0) size 800x600
layer at (0,0) size 800x600
  RenderBlock {HTML} at (0,0) size 800x600
    RenderBody {BODY} at (8,8) size 784x584
      RenderTable {TABLE} at (0,0) size 287x133 [border: (1px outset #808080)]
        RenderTableSection {TBODY} at (1,1) size 285x131
          RenderTableRow {TR} at (0,2) size 285x127
            RenderTableCell {TD} at (2,2) size 204x127 [border: (1px inset #808080)] [r=0 c=0 rs=1 cs=1]
              RenderTable {TABLE} at (2,2) size 200x123 [border: (10px outset #808080)]
                RenderTableSection {TBODY} at (10,10) size 180x103
                  RenderTableRow {TR} at (0,2) size 180x99
                    RenderTableCell {TD} at (2,29) size 44x44 [border: (1px inset #808080)] [r=0 c=0 rs=1 cs=1]
                      RenderImage {IMG} at (2,2) size 40x40
                    RenderTableCell {TD} at (48,2) size 130x99 [border: (1px inset #808080)] [r=0 c=1 rs=1 cs=1]
                      RenderText {#text} at (2,2) size 108x95
                        text run at (2,2) width 108: "xxx xxx xxx xxx"
                        text run at (2,21) width 108: "xxx xxx xxx xxx"
                        text run at (2,40) width 108: "xxx xxx xxx xxx"
                        text run at (2,59) width 108: "xxx xxx xxx xxx"
                        text run at (2,78) width 108: "xxx xxx xxx xxx"
            RenderTableCell {TD} at (208,54) size 75x23 [border: (1px inset #808080)] [r=0 c=1 rs=1 cs=1]
              RenderText {#text} at (2,2) size 71x19
                text run at (2,2) width 71: "row2, cell2"
