layer at (0,0) size 800x600
  RenderView at (0,0) size 800x600
layer at (0,0) size 800x600
  RenderBlock {HTML} at (0,0) size 800x600
    RenderBody {BODY} at (8,8) size 784x576
      RenderBlock (anonymous) at (0,0) size 784x19
        RenderText {#text} at (0,0) size 240x19
          text run at (0,0) width 240: "The tables left position should be 250."
      RenderBlock {P} at (0,35) size 784x33
        RenderText {#text} at (0,8) size 34x19
          text run at (0,8) width 34: "Left: "
        RenderTextControl {INPUT} at (36,2) size 195x29 [color=#202020]
      RenderBlock {P} at (0,84) size 784x33
        RenderText {#text} at (0,8) size 34x19
          text run at (0,8) width 34: "Top: "
        RenderTextControl {INPUT} at (36,2) size 195x29 [color=#202020]
      RenderBlock {P} at (0,133) size 784x41
        RenderButton {INPUT} at (2,2) size 69x37 [color=#202020]
          RenderBlock (anonymous) at (15,8) size 39x19
            RenderText at (0,0) size 39x19
              text run at (0,0) width 39: "Move"
layer at (48,51) size 188x19
  RenderBlock {DIV} at (4,6) size 188x19
    RenderText {#text} at (1,0) size 44x19
      text run at (1,0) width 44: "120px"
layer at (48,100) size 188x19
  RenderBlock {DIV} at (4,6) size 188x19
    RenderText {#text} at (1,0) size 44x19
      text run at (1,0) width 44: "120px"
layer at (250,120) size 29x50
  RenderTable {TABLE} at (250,120) size 29x50 [border: (1px outset #808080)]
    RenderTableSection {TBODY} at (1,1) size 27x48
      RenderTableRow {TR} at (0,2) size 27x21
        RenderTableCell {TD} at (2,2) size 23x21 [border: (1px inset #808080)] [r=0 c=0 rs=1 cs=1]
          RenderText {#text} at (1,1) size 21x19
            text run at (1,1) width 21: "foo"
      RenderTableRow {TR} at (0,25) size 27x21
        RenderTableCell {TD} at (2,25) size 23x21 [border: (1px inset #808080)] [r=1 c=0 rs=1 cs=1]
          RenderText {#text} at (1,1) size 20x19
            text run at (1,1) width 20: "bar"
