layer at (0,0) size 800x600
  RenderView at (0,0) size 800x600
layer at (0,0) size 800x600
  RenderBlock {HTML} at (0,0) size 800x600
    RenderBody {BODY} at (8,8) size 784x584
      RenderTable {TABLE} at (0,0) size 63x126
        RenderBlock {CAPTION} at (0,0) size 63x101
          RenderTable {TABLE} at (0,0) size 63x101
            RenderTableSection {TBODY} at (0,0) size 63x101
              RenderTableRow {TR} at (0,2) size 63x97
                RenderTableCell {TD} at (2,2) size 59x97 [r=0 c=0 rs=1 cs=1]
                  RenderText {#text} at (1,1) size 52x95
                    text run at (1,1) width 52: "Another"
                    text run at (1,20) width 30: "table"
                    text run at (1,39) width 37: "inside"
                    text run at (1,58) width 19: "the"
                    text run at (1,77) width 46: "caption"
        RenderTableSection {TBODY} at (0,101) size 63x25
          RenderTableRow {TR} at (0,2) size 63x21
            RenderTableCell {TD} at (2,2) size 59x21 [r=0 c=0 rs=1 cs=1]
              RenderText {#text} at (1,1) size 57x19
                text run at (1,1) width 57: "First row"
