layer at (0,0) size 800x600
  RenderView at (0,0) size 800x600
layer at (0,0) size 800x600
  RenderBlock {HTML} at (0,0) size 800x600
    RenderBody {BODY} at (8,8) size 784x576
      RenderBlock {FORM} at (0,0) size 784x310
        RenderTable {TABLE} at (0,0) size 784x310 [border: (1px outset #808080)]
          RenderTableSection {TBODY} at (1,1) size 782x308
            RenderTableRow {TR} at (0,2) size 782x23
              RenderTableCell {TH} at (2,2) size 20x23 [border: (1px inset #808080)] [r=0 c=0 rs=1 cs=1]
                RenderText {#text} at (6,2) size 8x19
                  text run at (6,2) width 8: "#"
              RenderTableCell {TH} at (24,2) size 73x23 [border: (1px inset #808080)] [r=0 c=1 rs=1 cs=1]
                RenderText {#text} at (2,2) size 69x19
                  text run at (2,2) width 69: "Relevance"
              RenderTableCell {TH} at (99,2) size 530x23 [border: (1px inset #808080)] [r=0 c=2 rs=1 cs=1]
                RenderText {#text} at (229,2) size 72x19
                  text run at (229,2) width 72: "Title Long"
              RenderTableCell {TH} at (631,2) size 109x23 [border: (1px inset #808080)] [r=0 c=3 rs=1 cs=1]
                RenderText {#text} at (29,2) size 51x19
                  text run at (29,2) width 51: "Author"
              RenderTableCell {TH} at (742,2) size 36x23 [border: (1px inset #808080)] [r=0 c=4 rs=1 cs=1]
                RenderText {#text} at (2,2) size 32x19
                  text run at (2,2) width 32: "Date"
            RenderTableRow {TR} at (0,27) size 782x42
              RenderTableCell {TD} at (2,52) size 20x23 [border: (1px inset #808080)] [r=1 c=0 rs=2 cs=1]
                RenderText {#text} at (2,2) size 16x19
                  text run at (2,2) width 16: " 1 "
              RenderTableCell {TD} at (24,52) size 73x23 [border: (1px inset #808080)] [r=1 c=1 rs=2 cs=1]
                RenderText {#text} at (2,2) size 16x19
                  text run at (2,2) width 16: "**"
              RenderTableCell {TD} at (99,27) size 530x42 [border: (1px inset #808080)] [r=1 c=2 rs=1 cs=1]
                RenderText {#text} at (2,2) size 478x38
                  text run at (2,2) width 478: "UNIX and Windows 2000 integration toolkit : a complete guide for systems"
                  text run at (2,21) width 178: "administrators / Rawn Shah."
              RenderTableCell {TD} at (631,36) size 109x23 [border: (1px inset #808080)] [r=1 c=3 rs=1 cs=1]
                RenderText {#text} at (2,2) size 82x19
                  text run at (2,2) width 82: "Shah, Rawn."
              RenderTableCell {TD} at (742,36) size 36x23 [border: (1px inset #808080)] [r=1 c=4 rs=1 cs=1]
                RenderText {#text} at (2,2) size 32x19
                  text run at (2,2) width 32: "2000"
            RenderTableRow {TR} at (0,71) size 782x29
              RenderTableCell {TD} at (99,71) size 681x29 [border: (1px inset #808080)] [r=2 c=2 rs=1 cs=4]
                RenderTable {TABLE} at (2,2) size 677x25
                  RenderTableSection {TBODY} at (0,0) size 677x25
                    RenderTableRow {TR} at (0,2) size 677x21
                      RenderTableCell {TD} at (2,2) size 673x21 [r=0 c=0 rs=1 cs=1]
                        RenderText {#text} at (1,1) size 167x19
                          text run at (1,1) width 167: "Title has multiple holdings"
            RenderTableRow {TR} at (0,102) size 782x42
              RenderTableCell {TD} at (2,127) size 20x23 [border: (1px inset #808080)] [r=3 c=0 rs=2 cs=1]
                RenderText {#text} at (2,2) size 16x19
                  text run at (2,2) width 16: " 2 "
              RenderTableCell {TD} at (24,127) size 73x23 [border: (1px inset #808080)] [r=3 c=1 rs=2 cs=1]
                RenderText {#text} at (2,2) size 16x19
                  text run at (2,2) width 16: "**"
              RenderTableCell {TD} at (99,111) size 530x23 [border: (1px inset #808080)] [r=3 c=2 rs=1 cs=1]
                RenderText {#text} at (2,2) size 255x19
                  text run at (2,2) width 255: "Learning Red Hat Linux / Bill McCarty."
              RenderTableCell {TD} at (631,102) size 109x42 [border: (1px inset #808080)] [r=3 c=3 rs=1 cs=1]
                RenderText {#text} at (2,2) size 91x38
                  text run at (2,2) width 91: "McCarty, Bill,"
                  text run at (2,21) width 37: "1953-"
              RenderTableCell {TD} at (742,111) size 36x23 [border: (1px inset #808080)] [r=3 c=4 rs=1 cs=1]
                RenderText {#text} at (2,2) size 32x19
                  text run at (2,2) width 32: "1999"
            RenderTableRow {TR} at (0,146) size 782x29
              RenderTableCell {TD} at (99,146) size 681x29 [border: (1px inset #808080)] [r=4 c=2 rs=1 cs=4]
                RenderTable {TABLE} at (2,2) size 677x25
                  RenderTableSection {TBODY} at (0,0) size 677x25
                    RenderTableRow {TR} at (0,2) size 677x21
                      RenderTableCell {TD} at (2,2) size 673x21 [r=0 c=0 rs=1 cs=1]
                        RenderText {#text} at (1,1) size 167x19
                          text run at (1,1) width 167: "Title has multiple holdings"
            RenderTableRow {TR} at (0,177) size 782x42
              RenderTableCell {TD} at (2,202) size 20x23 [border: (1px inset #808080)] [r=5 c=0 rs=2 cs=1]
                RenderText {#text} at (2,2) size 16x19
                  text run at (2,2) width 16: " 3 "
              RenderTableCell {TD} at (24,202) size 73x23 [border: (1px inset #808080)] [r=5 c=1 rs=2 cs=1]
                RenderText {#text} at (2,2) size 16x19
                  text run at (2,2) width 16: "**"
              RenderTableCell {TD} at (99,186) size 530x23 [border: (1px inset #808080)] [r=5 c=2 rs=1 cs=1]
                RenderText {#text} at (2,2) size 284x19
                  text run at (2,2) width 284: "Learning Debian GNU/Linux / Bill Mccarty."
              RenderTableCell {TD} at (631,177) size 109x42 [border: (1px inset #808080)] [r=5 c=3 rs=1 cs=1]
                RenderText {#text} at (2,2) size 91x38
                  text run at (2,2) width 91: "McCarty, Bill,"
                  text run at (2,21) width 37: "1953-"
              RenderTableCell {TD} at (742,186) size 36x23 [border: (1px inset #808080)] [r=5 c=4 rs=1 cs=1]
                RenderText {#text} at (2,2) size 32x19
                  text run at (2,2) width 32: "1999"
            RenderTableRow {TR} at (0,221) size 782x29
              RenderTableCell {TD} at (99,221) size 681x29 [border: (1px inset #808080)] [r=6 c=2 rs=1 cs=4]
                RenderTable {TABLE} at (2,2) size 677x25
                  RenderTableSection {TBODY} at (0,0) size 677x25
                    RenderTableRow {TR} at (0,2) size 677x21
                      RenderTableCell {TD} at (2,2) size 673x21 [r=0 c=0 rs=1 cs=1]
                        RenderText {#text} at (1,1) size 167x19
                          text run at (1,1) width 167: "Title has multiple holdings"
            RenderTableRow {TR} at (0,252) size 782x23
              RenderTableCell {TD} at (2,267) size 20x23 [border: (1px inset #808080)] [r=7 c=0 rs=2 cs=1]
                RenderText {#text} at (2,2) size 16x19
                  text run at (2,2) width 16: " 4 "
              RenderTableCell {TD} at (24,267) size 73x23 [border: (1px inset #808080)] [r=7 c=1 rs=2 cs=1]
                RenderText {#text} at (2,2) size 16x19
                  text run at (2,2) width 16: "**"
              RenderTableCell {TD} at (99,252) size 530x23 [border: (1px inset #808080)] [r=7 c=2 rs=1 cs=1]
                RenderText {#text} at (2,2) size 392x19
                  text run at (2,2) width 392: "Advanced Java networking / Dick Steflik, Prashant Sridharan."
              RenderTableCell {TD} at (631,252) size 109x23 [border: (1px inset #808080)] [r=7 c=3 rs=1 cs=1]
                RenderText {#text} at (2,2) size 84x19
                  text run at (2,2) width 84: "Steflik, Dick."
              RenderTableCell {TD} at (742,252) size 36x23 [border: (1px inset #808080)] [r=7 c=4 rs=1 cs=1]
                RenderText {#text} at (2,2) size 32x19
                  text run at (2,2) width 32: "2000"
            RenderTableRow {TR} at (0,277) size 782x29
              RenderTableCell {TD} at (99,277) size 681x29 [border: (1px inset #808080)] [r=8 c=2 rs=1 cs=4]
                RenderTable {TABLE} at (2,2) size 677x25
                  RenderTableSection {TBODY} at (0,0) size 677x25
                    RenderTableRow {TR} at (0,2) size 677x21
                      RenderTableCell {TD} at (2,2) size 673x21 [r=0 c=0 rs=1 cs=1]
                        RenderText {#text} at (1,1) size 167x19
                          text run at (1,1) width 167: "Title has multiple holdings"
