layer at (0,0) size 785x782
  RenderView at (0,0) size 785x600
layer at (0,0) size 785x782
  RenderBlock {HTML} at (0,0) size 785x782
    RenderBody {BODY} at (8,8) size 769x766
      RenderTable {TABLE} at (0,0) size 769x766
        RenderTableSection {TBODY} at (0,0) size 769x766
          RenderTableRow {TR} at (0,2) size 769x762
            RenderTableCell {TD} at (2,344) size 728x78 [r=0 c=0 rs=1 cs=1]
              RenderText {#text} at (1,1) size 726x76
                text run at (1,1) width 708: "This is some text to fill a table cell. This is some text to fill a table cell. This is some text to fill a table cell. This is"
                text run at (1,20) width 726: "some text to fill a table cell. This is some text to fill a table cell. This is some text to fill a table cell. This is some text"
                text run at (1,39) width 710: "to fill a table cell. This is some text to fill a table cell. This is some text to fill a table cell. This is some text to fill a"
                text run at (1,58) width 504: "table cell. This is some text to fill a table cell. This is some text to fill a table cell."
            RenderTableCell {TD} at (732,2) size 35x762 [r=0 c=1 rs=1 cs=1]
              RenderText {#text} at (1,1) size 33x760
                text run at (1,1) width 28: "This"
                text run at (1,20) width 10: "is"
                text run at (1,39) width 33: "some"
                text run at (1,58) width 23: "text"
                text run at (1,77) width 33: "to fill"
                text run at (1,96) width 7: "a"
                text run at (1,115) width 30: "table"
                text run at (1,134) width 26: "cell."
                text run at (1,153) width 28: "This"
                text run at (1,172) width 10: "is"
                text run at (1,191) width 33: "some"
                text run at (1,210) width 23: "text"
                text run at (1,229) width 33: "to fill"
                text run at (1,248) width 7: "a"
                text run at (1,267) width 30: "table"
                text run at (1,286) width 26: "cell."
                text run at (1,305) width 28: "This"
                text run at (1,324) width 10: "is"
                text run at (1,343) width 33: "some"
                text run at (1,362) width 23: "text"
                text run at (1,381) width 33: "to fill"
                text run at (1,400) width 7: "a"
                text run at (1,419) width 30: "table"
                text run at (1,438) width 26: "cell."
                text run at (1,457) width 28: "This"
                text run at (1,476) width 10: "is"
                text run at (1,495) width 33: "some"
                text run at (1,514) width 23: "text"
                text run at (1,533) width 33: "to fill"
                text run at (1,552) width 7: "a"
                text run at (1,571) width 30: "table"
                text run at (1,590) width 26: "cell."
                text run at (1,609) width 28: "This"
                text run at (1,628) width 10: "is"
                text run at (1,647) width 33: "some"
                text run at (1,666) width 23: "text"
                text run at (1,685) width 33: "to fill"
                text run at (1,704) width 7: "a"
                text run at (1,723) width 30: "table"
                text run at (1,742) width 26: "cell."
