layer at (0,0) size 800x600
  RenderView at (0,0) size 800x600
layer at (0,0) size 800x600
  RenderBlock {HTML} at (0,0) size 800x600
    RenderBody {BODY} at (8,8) size 784x576
      RenderTable {TABLE} at (0,0) size 378x28 [border: (3px outset #808080)]
        RenderTableSection {TBODY} at (3,3) size 372x22
          RenderTableRow {TR} at (0,0) size 372x22
            RenderTableCell {TD} at (0,0) size 68x22 [border: (1px inset #808080)] [r=0 c=0 rs=1 cs=1]
              RenderText {#text} at (2,2) size 64x19
                text run at (2,2) width 64: "fieldLabel"
            RenderTableCell {TD} at (68,0) size 304x22 [border: (1px inset #808080)] [r=0 c=1 rs=1 cs=1]
              RenderText {#text} at (2,2) size 106x19
                text run at (2,2) width 106: "   InspectionText"
      RenderBlock {FORM} at (0,28) size 784x44
        RenderButton {INPUT} at (2,2) size 129x40 [bgcolor=#C0C0C0] [border: (2px outset #C0C0C0)]
          RenderBlock (anonymous) at (17,10) size 95x18
            RenderText at (0,0) size 95x19
              text run at (0,0) width 95: "change width"
        RenderText {#text} at (133,12) size 4x19
          text run at (133,12) width 4: " "
        RenderButton {INPUT} at (139,2) size 248x40 [bgcolor=#C0C0C0] [border: (2px outset #C0C0C0)]
          RenderBlock (anonymous) at (17,10) size 214x18
            RenderText at (0,0) size 214x19
              text run at (0,0) width 214: "change width with table reflow"
        RenderText {#text} at (0,0) size 0x0
