layer at (0,0) size 800x600
  RenderView at (0,0) size 800x600
layer at (0,0) size 800x600
  RenderBlock {HTML} at (0,0) size 800x600
    RenderBody {BODY} at (8,8) size 784x576
      RenderBlock {DIV} at (0,0) size 784x209
        RenderBlock {P} at (0,0) size 784x19
          RenderText {#text} at (227,0) size 330x19
            text run at (227,0) width 330: "Tables I, II, III, IV (cellpadding=0 cellspacing=5)"
        RenderTable {TABLE} at (199,35) size 385x174 [bgcolor=#FFCC00] [border: (1px outset #808080)]
          RenderTableSection {TBODY} at (1,1) size 383x172
            RenderTableRow {TR} at (0,2) size 383x168
              RenderTableCell {TD} at (2,2) size 100x168 [border: (1px inset #808080)] [r=0 c=0 rs=1 cs=1]
                RenderTable {TABLE} at (6,6) size 88x156 [bgcolor=#FFFFFF] [border: (1px outset #808080)]
                  RenderBlock {CAPTION} at (0,0) size 86x19
                    RenderInline {NOBR} at (0,0) size 46x19
                      RenderText {#text} at (20,0) size 46x19
                        text run at (20,0) width 46: "Table I"
                  RenderTableSection {TBODY} at (1,20) size 86x135
                    RenderTableRow {TR} at (0,5) size 86x21
                      RenderTableCell {TD} at (5,5) size 22x21 [border: (1px inset #808080)] [r=0 c=0 rs=1 cs=1]
                        RenderText {#text} at (1,1) size 20x19
                          text run at (1,1) width 20: "1,1"
                      RenderTableCell {TD} at (32,5) size 22x21 [border: (1px inset #808080)] [r=0 c=1 rs=1 cs=1]
                        RenderText {#text} at (1,1) size 20x19
                          text run at (1,1) width 20: "1,2"
                      RenderTableCell {TD} at (59,5) size 22x21 [border: (1px inset #808080)] [r=0 c=2 rs=1 cs=1]
                        RenderText {#text} at (1,1) size 20x19
                          text run at (1,1) width 20: "1,3"
                    RenderTableRow {TR} at (0,31) size 86x21
                      RenderTableCell {TD} at (5,31) size 22x21 [border: (1px inset #808080)] [r=1 c=0 rs=1 cs=1]
                        RenderText {#text} at (1,1) size 20x19
                          text run at (1,1) width 20: "2,1"
                      RenderTableCell {TD} at (32,31) size 22x21 [border: (1px inset #808080)] [r=1 c=1 rs=1 cs=1]
                        RenderText {#text} at (1,1) size 20x19
                          text run at (1,1) width 20: "2,2"
                      RenderTableCell {TD} at (59,31) size 22x21 [bgcolor=#FFFF66] [border: (1px inset #808080)] [r=1 c=2 rs=1 cs=1]
                        RenderText {#text} at (1,1) size 20x19
                          text run at (1,1) width 20: "2,3"
                    RenderTableRow {TR} at (0,57) size 86x21
                      RenderTableCell {TD} at (5,57) size 22x21 [border: (1px inset #808080)] [r=2 c=0 rs=1 cs=1]
                        RenderText {#text} at (1,1) size 20x19
                          text run at (1,1) width 20: "3,1"
                      RenderTableCell {TD} at (32,57) size 22x21 [border: (1px inset #808080)] [r=2 c=1 rs=1 cs=1]
                        RenderText {#text} at (1,1) size 20x19
                          text run at (1,1) width 20: "3,2"
                      RenderTableCell {TD} at (59,57) size 22x21 [bgcolor=#FFFF66] [border: (1px inset #808080)] [r=2 c=2 rs=1 cs=1]
                        RenderText {#text} at (1,1) size 20x19
                          text run at (1,1) width 20: "3,3"
                    RenderTableRow {TR} at (0,83) size 86x21
                      RenderTableCell {TD} at (5,83) size 22x21 [border: (1px inset #808080)] [r=3 c=0 rs=1 cs=1]
                        RenderText {#text} at (1,1) size 20x19
                          text run at (1,1) width 20: "4,1"
                      RenderTableCell {TD} at (32,83) size 22x21 [border: (1px inset #808080)] [r=3 c=1 rs=1 cs=1]
                        RenderText {#text} at (1,1) size 20x19
                          text run at (1,1) width 20: "4,2"
                      RenderTableCell {TD} at (59,83) size 22x21 [bgcolor=#FFFF66] [border: (1px inset #808080)] [r=3 c=2 rs=1 cs=1]
                        RenderText {#text} at (1,1) size 20x19
                          text run at (1,1) width 20: "4,3"
                    RenderTableRow {TR} at (0,109) size 86x21
                      RenderTableCell {TD} at (5,109) size 22x21 [border: (1px inset #808080)] [r=4 c=0 rs=1 cs=1]
                        RenderText {#text} at (1,1) size 20x19
                          text run at (1,1) width 20: "5,1"
                      RenderTableCell {TD} at (32,109) size 22x21 [border: (1px inset #808080)] [r=4 c=1 rs=1 cs=1]
                        RenderText {#text} at (1,1) size 20x19
                          text run at (1,1) width 20: "5,2"
                      RenderTableCell {TD} at (59,109) size 22x21 [border: (1px inset #808080)] [r=4 c=2 rs=1 cs=1]
                        RenderText {#text} at (1,1) size 20x19
                          text run at (1,1) width 20: "5,3"
              RenderTableCell {TD} at (104,2) size 100x168 [border: (1px inset #808080)] [r=0 c=1 rs=1 cs=1]
                RenderTable {TABLE} at (6,6) size 88x156 [bgcolor=#FFFFFF] [border: (1px outset #808080)]
                  RenderBlock {CAPTION} at (0,0) size 86x19
                    RenderInline {NOBR} at (0,0) size 50x19
                      RenderText {#text} at (18,0) size 50x19
                        text run at (18,0) width 50: "Table II"
                  RenderTableSection {TBODY} at (1,20) size 86x135
                    RenderTableRow {TR} at (0,5) size 86x21
                      RenderTableCell {TD} at (5,5) size 22x21 [border: (1px inset #808080)] [r=0 c=0 rs=1 cs=1]
                        RenderText {#text} at (1,1) size 20x19
                          text run at (1,1) width 20: "1,1"
                      RenderTableCell {TD} at (32,5) size 22x21 [border: (1px inset #808080)] [r=0 c=1 rs=1 cs=1]
                        RenderText {#text} at (1,1) size 20x19
                          text run at (1,1) width 20: "1,2"
                      RenderTableCell {TD} at (59,5) size 22x21 [border: (1px inset #808080)] [r=0 c=2 rs=1 cs=1]
                        RenderText {#text} at (1,1) size 20x19
                          text run at (1,1) width 20: "1,3"
                    RenderTableRow {TR} at (0,31) size 86x21
                      RenderTableCell {TD} at (5,31) size 22x21 [border: (1px inset #808080)] [r=1 c=0 rs=1 cs=1]
                        RenderText {#text} at (1,1) size 20x19
                          text run at (1,1) width 20: "2,1"
                      RenderTableCell {TD} at (32,44) size 22x21 [border: (1px inset #808080)] [r=1 c=1 rs=2 cs=1]
                        RenderText {#text} at (1,1) size 20x19
                          text run at (1,1) width 20: "2,2"
                      RenderTableCell {TD} at (59,31) size 22x21 [bgcolor=#FFFF66] [border: (1px inset #808080)] [r=1 c=2 rs=1 cs=1]
                        RenderText {#text} at (1,1) size 20x19
                          text run at (1,1) width 20: "2,3"
                    RenderTableRow {TR} at (0,57) size 86x21
                      RenderTableCell {TD} at (5,70) size 22x21 [border: (1px inset #808080)] [r=2 c=0 rs=2 cs=1]
                        RenderText {#text} at (1,1) size 20x19
                          text run at (1,1) width 20: "3,1"
                      RenderTableCell {TD} at (59,57) size 22x21 [bgcolor=#FFFF66] [border: (1px inset #808080)] [r=2 c=2 rs=1 cs=1]
                        RenderText {#text} at (1,1) size 20x19
                          text run at (1,1) width 20: "3,3"
                    RenderTableRow {TR} at (0,83) size 86x21
                      RenderTableCell {TD} at (32,83) size 22x21 [border: (1px inset #808080)] [r=3 c=1 rs=1 cs=1]
                        RenderText {#text} at (1,1) size 20x19
                          text run at (1,1) width 20: "4,2"
                      RenderTableCell {TD} at (59,83) size 22x21 [bgcolor=#FFFF66] [border: (1px inset #808080)] [r=3 c=2 rs=1 cs=1]
                        RenderText {#text} at (1,1) size 20x19
                          text run at (1,1) width 20: "4,3"
                    RenderTableRow {TR} at (0,109) size 86x21
                      RenderTableCell {TD} at (5,109) size 22x21 [border: (1px inset #808080)] [r=4 c=0 rs=1 cs=1]
                        RenderText {#text} at (1,1) size 20x19
                          text run at (1,1) width 20: "5,1"
                      RenderTableCell {TD} at (32,109) size 22x21 [border: (1px inset #808080)] [r=4 c=1 rs=1 cs=1]
                        RenderText {#text} at (1,1) size 20x19
                          text run at (1,1) width 20: "5,2"
                      RenderTableCell {TD} at (59,109) size 22x21 [border: (1px inset #808080)] [r=4 c=2 rs=1 cs=1]
                        RenderText {#text} at (1,1) size 20x19
                          text run at (1,1) width 20: "5,3"
              RenderTableCell {TD} at (206,2) size 100x149 [border: (1px inset #808080)] [r=0 c=2 rs=1 cs=1]
                RenderTable {TABLE} at (6,6) size 88x137 [bgcolor=#FFFFFF] [border: (1px outset #808080)]
                  RenderBlock {CAPTION} at (0,0) size 86x19
                    RenderInline {NOBR} at (0,0) size 56x19
                      RenderText {#text} at (15,0) size 56x19
                        text run at (15,0) width 56: "Table III"
                  RenderTableSection {TBODY} at (1,20) size 86x116
                    RenderTableRow {TR} at (0,5) size 86x21
                      RenderTableCell {TD} at (5,5) size 22x21 [border: (1px inset #808080)] [r=0 c=0 rs=1 cs=1]
                        RenderText {#text} at (1,1) size 20x19
                          text run at (1,1) width 20: "1,1"
                      RenderTableCell {TD} at (32,5) size 22x21 [border: (1px inset #808080)] [r=0 c=1 rs=1 cs=1]
                        RenderText {#text} at (1,1) size 20x19
                          text run at (1,1) width 20: "1,2"
                      RenderTableCell {TD} at (59,5) size 22x21 [border: (1px inset #808080)] [r=0 c=2 rs=1 cs=1]
                        RenderText {#text} at (1,1) size 20x19
                          text run at (1,1) width 20: "1,3"
                    RenderTableRow {TR} at (0,31) size 86x21
                      RenderTableCell {TD} at (5,31) size 22x21 [border: (1px inset #808080)] [r=1 c=0 rs=1 cs=1]
                        RenderText {#text} at (1,1) size 20x19
                          text run at (1,1) width 20: "2,1"
                      RenderTableCell {TD} at (32,34) size 22x21 [border: (1px inset #808080)] [r=1 c=1 rs=2 cs=1]
                        RenderText {#text} at (1,1) size 20x19
                          text run at (1,1) width 20: "2,2"
                      RenderTableCell {TD} at (59,40) size 22x2 [bgcolor=#FFFF66] [border: (1px inset #808080)] [r=1 c=2 rs=1 cs=1]
                    RenderTableRow {TR} at (0,57) size 86x2
                      RenderTableCell {TD} at (5,60) size 22x21 [border: (1px inset #808080)] [r=2 c=0 rs=2 cs=1]
                        RenderText {#text} at (1,1) size 20x19
                          text run at (1,1) width 20: "3,1"
                      RenderTableCell {TD} at (59,57) size 22x2 [bgcolor=#FFFF66] [border: (1px inset #808080)] [r=2 c=2 rs=1 cs=1]
                    RenderTableRow {TR} at (0,64) size 86x21
                      RenderTableCell {TD} at (32,64) size 22x21 [border: (1px inset #808080)] [r=3 c=1 rs=1 cs=1]
                        RenderText {#text} at (1,1) size 20x19
                          text run at (1,1) width 20: "4,2"
                      RenderTableCell {TD} at (59,73) size 22x2 [bgcolor=#FFFF66] [border: (1px inset #808080)] [r=3 c=2 rs=1 cs=1]
                    RenderTableRow {TR} at (0,90) size 86x21
                      RenderTableCell {TD} at (5,90) size 22x21 [border: (1px inset #808080)] [r=4 c=0 rs=1 cs=1]
                        RenderText {#text} at (1,1) size 20x19
                          text run at (1,1) width 20: "5,1"
                      RenderTableCell {TD} at (32,90) size 22x21 [border: (1px inset #808080)] [r=4 c=1 rs=1 cs=1]
                        RenderText {#text} at (1,1) size 20x19
                          text run at (1,1) width 20: "5,2"
                      RenderTableCell {TD} at (59,90) size 22x21 [border: (1px inset #808080)] [r=4 c=2 rs=1 cs=1]
                        RenderText {#text} at (1,1) size 20x19
                          text run at (1,1) width 20: "5,3"
              RenderTableCell {TD} at (308,2) size 73x147 [border: (1px inset #808080)] [r=0 c=3 rs=1 cs=1]
                RenderTable {TABLE} at (6,6) size 61x135 [bgcolor=#FFFFFF] [border: (1px outset #808080)]
                  RenderBlock {CAPTION} at (0,0) size 59x19
                    RenderInline {NOBR} at (0,0) size 57x19
                      RenderText {#text} at (1,0) size 57x19
                        text run at (1,0) width 57: "Table IV"
                  RenderTableSection {TBODY} at (1,20) size 59x114
                    RenderTableRow {TR} at (0,5) size 59x21
                      RenderTableCell {TD} at (5,5) size 22x21 [border: (1px inset #808080)] [r=0 c=0 rs=1 cs=1]
                        RenderText {#text} at (1,1) size 20x19
                          text run at (1,1) width 20: "1,1"
                      RenderTableCell {TD} at (32,5) size 22x21 [border: (1px inset #808080)] [r=0 c=1 rs=1 cs=1]
                        RenderText {#text} at (1,1) size 20x19
                          text run at (1,1) width 20: "1,2"
                    RenderTableRow {TR} at (0,31) size 59x21
                      RenderTableCell {TD} at (5,31) size 22x21 [border: (1px inset #808080)] [r=1 c=0 rs=1 cs=1]
                        RenderText {#text} at (1,1) size 20x19
                          text run at (1,1) width 20: "2,1"
                      RenderTableCell {TD} at (32,33) size 22x21 [border: (1px inset #808080)] [r=1 c=1 rs=2 cs=1]
                        RenderText {#text} at (1,1) size 20x19
                          text run at (1,1) width 20: "2,2"
                    RenderTableRow {TR} at (0,57) size 59x0
                      RenderTableCell {TD} at (5,59) size 22x21 [border: (1px inset #808080)] [r=2 c=0 rs=2 cs=1]
                        RenderText {#text} at (1,1) size 20x19
                          text run at (1,1) width 20: "3,1"
                    RenderTableRow {TR} at (0,62) size 59x21
                      RenderTableCell {TD} at (32,62) size 22x21 [border: (1px inset #808080)] [r=3 c=1 rs=1 cs=1]
                        RenderText {#text} at (1,1) size 20x19
                          text run at (1,1) width 20: "4,2"
                    RenderTableRow {TR} at (0,88) size 59x21
                      RenderTableCell {TD} at (5,88) size 22x21 [border: (1px inset #808080)] [r=4 c=0 rs=1 cs=1]
                        RenderText {#text} at (1,1) size 20x19
                          text run at (1,1) width 20: "5,1"
                      RenderTableCell {TD} at (32,88) size 22x21 [border: (1px inset #808080)] [r=4 c=1 rs=1 cs=1]
                        RenderText {#text} at (1,1) size 20x19
                          text run at (1,1) width 20: "5,2"
      RenderBlock {HR} at (0,217) size 784x2 [border: (1px inset #000000)]
      RenderBlock {P} at (0,235) size 784x19
        RenderInline {B} at (0,0) size 558x19
          RenderText {#text} at (113,0) size 558x19
            text run at (113,0) width 558: "This demonstrates a problem with \"overlapping rowspan cells\" (look at Table IV)."
      RenderBlock {P} at (0,270) size 784x19
        RenderInline {B} at (0,0) size 54x19
          RenderText {#text} at (0,0) size 54x19
            text run at (0,0) width 54: "Table I:"
        RenderText {#text} at (54,0) size 121x19
          text run at (54,0) width 121: " a regular 5x3 table"
      RenderBlock {P} at (0,305) size 784x19
        RenderInline {B} at (0,0) size 60x19
          RenderText {#text} at (0,0) size 60x19
            text run at (0,0) width 60: "Table II:"
        RenderText {#text} at (60,0) size 401x19
          text run at (60,0) width 401: " introduces rowspan=2 for cells (2,2) and (3,1), which 'overlap'."
      RenderBlock {P} at (0,340) size 784x57
        RenderInline {B} at (0,0) size 66x19
          RenderText {#text} at (0,0) size 66x19
            text run at (0,0) width 66: "Table III:"
        RenderText {#text} at (66,0) size 770x57
          text run at (66,0) width 704: " is Table II, but cells (2,3),(3,3) and (4,3) now have 'empty' contents; the resulting table is still OK. Note that the"
          text run at (0,19) width 768: "height of (2,3) and (4,3) is determined by cells (2,1) and (4,2) respectively, whereas (3,3) has ~0 height since no 'effective'"
          text run at (0,38) width 633: "cell in the row has any definite height requirement (except for border, margin, padding if applicable)."
      RenderBlock {P} at (0,413) size 784x38
        RenderInline {B} at (0,0) size 66x19
          RenderText {#text} at (0,0) size 66x19
            text run at (0,0) width 66: "Table IV:"
        RenderText {#text} at (66,0) size 764x38
          text run at (66,0) width 698: " is Table III, but column 3 has been removed (cells (1,3),(2,3),(3,3),(4,3),(5,3)). This should mirror the first two"
          text run at (0,19) width 284: "columns of Table III (but currently does not)."
      RenderBlock {P} at (0,467) size 784x38
        RenderText {#text} at (0,0) size 766x38
          text run at (0,0) width 766: "Note that cells (2,2) and (3,1) are still in the correct position, with the same size as Table III, but that their cellspacing with"
          text run at (0,19) width 153: "(5,1) and (4,2) is absent."
      RenderBlock {P} at (0,521) size 784x19
        RenderText {#text} at (0,0) size 481x19
          text run at (0,0) width 481: "Tested with Apr25, M4 and 1999051109 (win95, opt.) Dated: May 11 1999"
