layer at (0,0) size 800x600
  RenderView at (0,0) size 800x600
layer at (0,0) size 800x600
  RenderBlock {HTML} at (0,0) size 800x600
    RenderBody {BODY} at (8,8) size 784x584
      RenderBlock (anonymous) at (0,0) size 784x104
        RenderImage {IMG} at (0,0) size 220x100
        RenderText {#text} at (220,85) size 4x19
          text run at (220,85) width 4: " "
        RenderBR {BR} at (224,100) size 0x0
      RenderTable {TABLE} at (0,104) size 784x181
        RenderTableSection {TBODY} at (0,0) size 784x181
          RenderTableRow {TR} at (0,2) size 784x21
            RenderTableCell {TD} at (2,2) size 149x21 [bgcolor=#FF0000] [r=0 c=0 rs=1 cs=1]
              RenderText {#text} at (1,1) size 12x19
                text run at (1,1) width 12: "X"
            RenderTableCell {TD} at (153,2) size 149x21 [bgcolor=#DDDDDD] [r=0 c=1 rs=1 cs=1]
              RenderText {#text} at (1,1) size 12x19
                text run at (1,1) width 12: "X"
            RenderTableCell {TD} at (304,2) size 478x21 [bgcolor=#00FF00] [r=0 c=2 rs=1 cs=1]
              RenderText {#text} at (1,1) size 12x19
                text run at (1,1) width 12: "X"
          RenderTableRow {TR} at (0,25) size 784x154
            RenderTableCell {TD} at (2,25) size 300x97 [bgcolor=#DDDD00] [r=1 c=0 rs=1 cs=2]
              RenderText {#text} at (1,1) size 289x95
                text run at (1,1) width 238: "this_word_has_no_breakable_spaces "
                text run at (239,1) width 51: "... if this"
                text run at (1,20) width 278: "bug is still active and the window is >250px"
                text run at (1,39) width 174: "wide, you can't see that the "
                text run at (175,39) width 109: "word above is 33"
                text run at (1,58) width 264: "characters long. (I could have used a table"
                text run at (1,77) width 48: "instead "
                text run at (49,77) width 119: "but this is simpler)."
            RenderTableCell {TD} at (304,25) size 478x154 [bgcolor=#9999FF] [r=1 c=2 rs=1 cs=1]
              RenderText {#text} at (1,1) size 463x38
                text run at (1,1) width 463: "Try shrinking this table to ~250px wide. The left hand (gold) column will"
                text run at (1,20) width 167: "suddenly expand in width."
              RenderBR {BR} at (168,35) size 0x0
              RenderBR {BR} at (1,39) size 0x19
              RenderText {#text} at (1,58) size 464x95
                text run at (1,58) width 259: "mozilla qa smoke tests smoke qa mozilla "
                text run at (260,58) width 205: "mozilla qa smoke tests smoke qa"
                text run at (1,77) width 50: "mozilla "
                text run at (51,77) width 259: "mozilla qa smoke tests smoke qa mozilla "
                text run at (310,77) width 141: "mozilla qa smoke tests"
                text run at (1,96) width 114: "smoke qa mozilla "
                text run at (115,96) width 259: "mozilla qa smoke tests smoke qa mozilla "
                text run at (374,96) width 65: "mozilla qa"
                text run at (1,115) width 190: "smoke tests smoke qa mozilla "
                text run at (191,115) width 255: "mozilla qa smoke tests smoke qa mozilla"
                text run at (1,134) width 255: "mozilla qa smoke tests smoke qa mozilla"
