layer at (0,0) size 800x600
  RenderView at (0,0) size 800x600
layer at (0,0) size 800x38
  RenderBlock {doc} at (0,0) size 800x38
    RenderInline {p} at (0,0) size 738x19
      RenderText {#text} at (0,0) size 738x19
        text run at (0,0) width 738: "The following text is in a caption element whose style is set to display:table-caption. The element is not inside a table."
    RenderText {#text} at (738,0) size 4x19
      text run at (738,0) width 4: " "
    RenderInline {captionelement} at (0,0) size 795x38
      RenderText {#text} at (742,0) size 795x38
        text run at (742,0) width 53: "This is a"
        text run at (0,19) width 103: "caption element."
    RenderText {#text} at (103,19) size 4x19
      text run at (103,19) width 4: " "
    RenderInline {p} at (0,0) size 549x19
      RenderText {#text} at (107,19) size 549x19
        text run at (107,19) width 549: "If there's no red text between this text and the previous text the caption is not displayed."
    RenderText {#text} at (0,0) size 0x0
