layer at (0,0) size 800x600
  RenderView at (0,0) size 800x600
layer at (0,0) size 800x600
  RenderBlock {HTML} at (0,0) size 800x600
    RenderBody {BODY} at (8,8) size 784x584 [bgcolor=#FFFFFF]
      RenderTable {TABLE} at (0,0) size 784x117 [border: (1px outset #808080)]
        RenderTableSection {TBODY} at (1,1) size 782x115
          RenderTableRow {TR} at (0,0) size 782x23
            RenderTableCell {TH} at (0,0) size 117x23 [border: (1px inset #808080)] [r=0 c=0 rs=1 cs=1]
              RenderText {#text} at (51,2) size 15x19
                text run at (51,2) width 15: "c1"
            RenderTableCell {TH} at (117,0) size 117x23 [border: (1px inset #808080)] [r=0 c=1 rs=1 cs=1]
              RenderText {#text} at (51,2) size 15x19
                text run at (51,2) width 15: "c2"
            RenderTableCell {TH} at (234,0) size 548x23 [border: (1px inset #808080)] [r=0 c=2 rs=1 cs=1]
              RenderText {#text} at (266,2) size 16x19
                text run at (266,2) width 16: "c4"
          RenderTableRow {TR} at (0,23) size 782x23
            RenderTableCell {TD} at (0,23) size 117x23 [border: (1px inset #808080)] [r=1 c=0 rs=4 cs=1]
              RenderText {#text} at (2,2) size 28x19
                text run at (2,2) width 28: "r1c2"
            RenderTableCell {TD} at (117,23) size 117x23 [border: (1px inset #808080)] [r=1 c=1 rs=2 cs=1]
              RenderText {#text} at (2,2) size 28x19
                text run at (2,2) width 28: "r1c3"
            RenderTableCell {TD} at (234,23) size 548x23 [border: (1px inset #808080)] [r=1 c=2 rs=1 cs=1]
              RenderText {#text} at (2,2) size 28x19
                text run at (2,2) width 28: "r1c4"
          RenderTableRow {TR} at (0,46) size 782x23
            RenderTableCell {TD} at (234,46) size 548x23 [border: (1px inset #808080)] [r=2 c=2 rs=1 cs=1]
              RenderText {#text} at (2,2) size 28x19
                text run at (2,2) width 28: "r2c4"
          RenderTableRow {TR} at (0,69) size 782x23
            RenderTableCell {TD} at (117,80) size 117x23 [border: (1px inset #808080)] [r=3 c=1 rs=2 cs=1]
              RenderText {#text} at (2,2) size 28x19
                text run at (2,2) width 28: "r3c3"
            RenderTableCell {TD} at (234,69) size 548x23 [border: (1px inset #808080)] [r=3 c=2 rs=1 cs=1]
              RenderText {#text} at (2,2) size 28x19
                text run at (2,2) width 28: "r3c4"
          RenderTableRow {TR} at (0,92) size 782x23
            RenderTableCell {TD} at (234,92) size 548x23 [border: (1px inset #808080)] [r=4 c=2 rs=1 cs=1]
              RenderText {#text} at (2,2) size 28x19
                text run at (2,2) width 28: "r4c4"
