layer at (0,0) size 800x600
  RenderView at (0,0) size 800x600
layer at (0,0) size 800x600
  RenderBlock {HTML} at (0,0) size 800x600
    RenderBody {BODY} at (8,8) size 784x584
      RenderBlock (anonymous) at (0,0) size 784x19
        RenderText {#text} at (0,0) size 106x19
          text run at (0,0) width 106: "table height=200"
      RenderTable {TABLE} at (0,19) size 111x200 [border: (1px outset #808080)]
        RenderTableSection {TBODY} at (1,1) size 109x198
          RenderTableRow {TR} at (0,2) size 109x156
            RenderTableCell {TD} at (2,68) size 105x23 [border: (1px inset #808080)] [r=0 c=0 rs=1 cs=1]
              RenderText {#text} at (2,2) size 101x19
                text run at (2,2) width 101: "80% height row"
          RenderTableRow {TR} at (0,160) size 109x36
            RenderTableCell {TD} at (2,166) size 105x23 [border: (1px inset #808080)] [r=1 c=0 rs=1 cs=1]
              RenderText {#text} at (2,2) size 101x19
                text run at (2,2) width 101: "80% height row"
      RenderBlock (anonymous) at (0,219) size 784x38
        RenderBR {BR} at (0,0) size 0x19
        RenderText {#text} at (0,19) size 106x19
          text run at (0,19) width 106: "table height=200"
      RenderTable {TABLE} at (0,257) size 106x306 [border: (1px outset #808080)]
        RenderTableSection {TBODY} at (1,1) size 104x304
          RenderTableRow {TR} at (0,2) size 104x300
            RenderTableCell {TD} at (2,140) size 100x23 [border: (1px inset #808080)] [r=0 c=0 rs=1 cs=1]
              RenderText {#text} at (2,2) size 96x19
                text run at (2,2) width 96: "400 height row"
