layer at (0,0) size 800x600
  RenderView at (0,0) size 800x600
layer at (0,0) size 800x600
  RenderBlock {HTML} at (0,0) size 800x600
    RenderBody {BODY} at (8,10) size 784x582
      RenderBlock {DIV} at (10,0) size 206x206 [border:]
      RenderBlock {DIV} at (10,216) size 206x206 [border:]
      RenderBlock {DIV} at (0,432) size 784x57
        RenderText {#text} at (0,0) size 731x19
          text run at (0,0) width 731: "PASS - \"border-image-source\" property for \"box\" element at 0.5s saw something close to: 0.5"
        RenderBR {BR} at (731,15) size 0x0
        RenderText {#text} at (0,19) size 783x38
          text run at (0,19) width 783: "PASS - \"border-image-source\" property for \"boxShorthand\" element at 0.5s saw something close to:"
          text run at (0,38) width 25: "0.5"
        RenderBR {BR} at (25,53) size 0x0
