layer at (0,0) size 800x600
  RenderView at (0,0) size 800x600
layer at (0,0) size 800x600
  RenderBlock {HTML} at (0,0) size 800x600
    RenderBody {BODY} at (8,8) size 784x584
      RenderBlock (anonymous) at (0,0) size 784x84
        RenderText {#text} at (0,0) size 778x42
          text run at (0,0) width 778: "It should never be the case that deleting a tbody causes a rebuild of the cell map since cells cannot span out of"
          text run at (0,21) width 225: "tbodies. However, this is a bug. "
        RenderBR {BR} at (225,37) size 0x0
        RenderBR {BR} at (0,42) size 0x21
        RenderText {#text} at (0,63) size 243x21
          text run at (0,63) width 243: "The 2 tables should look the same"
      RenderTable {TABLE} at (0,84) size 68x58 [bgcolor=#FFA500] [border: (1px outset #808080)]
        RenderTableSection {TBODY} at (1,1) size 66x56
          RenderTableRow {TR} at (0,2) size 66x25
            RenderTableCell {TD} at (2,2) size 30x25 [border: (1px inset #808080)] [r=0 c=0 rs=1 cs=1]
              RenderText {#text} at (2,2) size 26x21
                text run at (2,2) width 26: "c31"
            RenderTableCell {TD} at (34,2) size 30x25 [border: (1px inset #808080)] [r=0 c=1 rs=1 cs=1]
              RenderText {#text} at (2,2) size 26x21
                text run at (2,2) width 26: "c32"
          RenderTableRow {TR} at (0,29) size 66x25
            RenderTableCell {TD} at (2,29) size 30x25 [border: (1px inset #808080)] [r=1 c=0 rs=1 cs=1]
              RenderText {#text} at (2,2) size 26x21
                text run at (2,2) width 26: "c41"
            RenderTableCell {TD} at (34,29) size 30x25 [border: (1px inset #808080)] [r=1 c=1 rs=1 cs=1]
              RenderText {#text} at (2,2) size 26x21
                text run at (2,2) width 26: "c42"
      RenderBlock (anonymous) at (0,142) size 784x21
        RenderBR {BR} at (0,0) size 0x21
      RenderTable {TABLE} at (0,163) size 68x58 [bgcolor=#FFA500] [border: (1px outset #808080)]
        RenderTableSection {TBODY} at (1,1) size 66x56
          RenderTableRow {TR} at (0,2) size 66x25
            RenderTableCell {TD} at (2,2) size 30x25 [border: (1px inset #808080)] [r=0 c=0 rs=1 cs=1]
              RenderText {#text} at (2,2) size 26x21
                text run at (2,2) width 26: "c31"
            RenderTableCell {TD} at (34,2) size 30x25 [border: (1px inset #808080)] [r=0 c=1 rs=1 cs=1]
              RenderText {#text} at (2,2) size 26x21
                text run at (2,2) width 26: "c32"
          RenderTableRow {TR} at (0,29) size 66x25
            RenderTableCell {TD} at (2,29) size 30x25 [border: (1px inset #808080)] [r=1 c=0 rs=1 cs=1]
              RenderText {#text} at (2,2) size 26x21
                text run at (2,2) width 26: "c41"
            RenderTableCell {TD} at (34,29) size 30x25 [border: (1px inset #808080)] [r=1 c=1 rs=1 cs=1]
              RenderText {#text} at (2,2) size 26x21
                text run at (2,2) width 26: "c42"
      RenderBlock (anonymous) at (0,221) size 784x21
        RenderBR {BR} at (0,0) size 0x21
