layer at (0,0) size 800x600
  RenderView at (0,0) size 800x600
layer at (0,0) size 800x600
  RenderBlock {HTML} at (0,0) size 800x600
    RenderBody {BODY} at (8,8) size 784x576
      RenderBlock {H2} at (0,0) size 784x27 [bgcolor=#EEEEEE]
        RenderText {#text} at (0,0) size 58x26
          text run at (0,0) width 58: "PASS"
layer at (8,55) size 760x211
  RenderBlock {DIV} at (0,46) size 760x212 [border: (5px solid #800000)]
    RenderBlock (anonymous multi-column span) at (5,13) size 750x67
      RenderBlock {H2} at (0,19) size 750x28 [bgcolor=#EEEEEE]
        RenderText {#text} at (0,0) size 58x26
          text run at (0,0) width 58: "PASS"
layer at (13,60) size 750x8
  RenderBlock (anonymous multi-column) at (5,5) size 750x8
    RenderBlock {SPAN} at (0,8) size 367x0
layer at (13,135) size 750x126
  RenderBlock (anonymous multi-column) at (5,79) size 750x127
    RenderBlock {SPAN} at (0,16) size 367x220
      RenderBlock (anonymous) at (0,0) size 367x230
        RenderText {#text} at (0,0) size 367x229
          text run at (0,0) width 337: "Lorem ipsum dolor sit amet, consectetuer adipiscing elit."
          text run at (0,20) width 367: "Nulla varius enim ac mi. Curabitur sollicitudin felis quis lectus."
          text run at (0,40) width 362: "Quisque adipiscing rhoncus sem. Proin nulla purus, vulputate"
          text run at (0,60) width 358: "vel, varius ut, euismod et, nisi. Sed vitae felis vel orci sagittis"
          text run at (0,80) width 365: "aliquam. Cras convallis adipiscing sem. Nam nonummy enim."
          text run at (0,110) width 329: "Nullam bibendum lobortis neque. Vestibulum velit orci,"
          text run at (0,130) width 309: "tempus euismod, pretium quis, interdum vitae, nulla."
          text run at (0,150) width 321: "Phasellus eget ante et tortor condimentum vestibulum."
          text run at (0,170) width 360: "Suspendisse hendrerit quam nec felis. Sed varius turpis vitae"
          text run at (0,190) width 350: "pede. Lorem ipsum dolor sit amet, consectetuer adipiscing"
          text run at (0,210) width 21: "elit."
      RenderBlock {DL} at (0,236) size 367x0
