layer at (0,0) size 800x600
  RenderView at (0,0) size 800x600
layer at (0,0) size 800x600
  RenderBlock {HTML} at (0,0) size 800x600
    RenderBody {BODY} at (8,16) size 784x568
layer at (8,16) size 784x175
  RenderBlock {DIV} at (0,0) size 784x175 [border: (5px solid #800000)]
    RenderBlock (anonymous multi-column span) at (5,105) size 774x65
      RenderBlock {H2} at (0,19) size 774x27 [bgcolor=#EEEEEE]
        RenderText {#text} at (0,0) size 58x26
          text run at (0,0) width 58: "PASS"
layer at (13,21) size 774x100
  RenderBlock (anonymous multi-column) at (5,5) size 774x100
    RenderBlock (anonymous) at (0,0) size 379x200
      RenderInline {JUNK} at (0,0) size 379x199
        RenderText {#text} at (0,0) size 0x0
        RenderText {#text} at (0,0) size 379x199
          text run at (0,0) width 373: "Lorem ipsum dolor sit amet, consectetuer adipiscing elit. Nulla"
          text run at (0,20) width 331: "varius enim ac mi. Curabitur sollicitudin felis quis lectus."
          text run at (0,40) width 362: "Quisque adipiscing rhoncus sem. Proin nulla purus, vulputate"
          text run at (0,60) width 358: "vel, varius ut, euismod et, nisi. Sed vitae felis vel orci sagittis"
          text run at (0,80) width 365: "aliquam. Cras convallis adipiscing sem. Nam nonummy enim."
          text run at (0,100) width 376: "Nullam bibendum lobortis neque. Vestibulum velit orci, tempus"
          text run at (0,120) width 379: "euismod, pretium quis, interdum vitae, nulla. Phasellus eget ante"
          text run at (0,140) width 376: "et tortor condimentum vestibulum. Suspendisse hendrerit quam"
          text run at (0,160) width 362: "nec felis. Sed varius turpis vitae pede. Lorem ipsum dolor sit"
          text run at (0,180) width 201: "amet, consectetuer adipiscing elit."
    RenderBlock (anonymous) at (0,200) size 379x0
