layer at (0,0) size 785x3573
  RenderView at (0,0) size 785x600
layer at (0,0) size 785x3573
  RenderBlock {HTML} at (0,0) size 785x3573
    RenderBody {BODY} at (8,16) size 769x3541
layer at (8,16) size 760x395
  RenderBlock {DIV} at (0,0) size 760x395 [border: (5px solid #800000)]
    RenderBlock (anonymous multi-column span) at (5,24) size 750x27
      RenderBlock {H2} at (0,0) size 750x27 [bgcolor=#EEEEEE]
        RenderText {#text} at (0,0) size 660x26
          text run at (0,0) width 660: "This is a spanning element at the beginning of the columns block."
layer at (13,86) size 750x320
  RenderBlock (anonymous multi-column) at (5,70) size 750x320
    RenderText {#text} at (0,0) size 367x639
      text run at (0,0) width 337: "Lorem ipsum dolor sit amet, consectetuer adipiscing elit."
      text run at (0,20) width 367: "Nulla varius enim ac mi. Curabitur sollicitudin felis quis lectus."
      text run at (0,40) width 362: "Quisque adipiscing rhoncus sem. Proin nulla purus, vulputate"
      text run at (0,60) width 358: "vel, varius ut, euismod et, nisi. Sed vitae felis vel orci sagittis"
      text run at (0,80) width 365: "aliquam. Cras convallis adipiscing sem. Nam nonummy enim."
      text run at (0,100) width 329: "Nullam bibendum lobortis neque. Vestibulum velit orci,"
      text run at (0,120) width 309: "tempus euismod, pretium quis, interdum vitae, nulla."
      text run at (0,140) width 321: "Phasellus eget ante et tortor condimentum vestibulum."
      text run at (0,160) width 360: "Suspendisse hendrerit quam nec felis. Sed varius turpis vitae"
      text run at (0,180) width 350: "pede. Lorem ipsum dolor sit amet, consectetuer adipiscing"
      text run at (0,200) width 25: "elit. "
      text run at (25,200) width 337: "Lorem ipsum dolor sit amet, consectetuer adipiscing elit."
      text run at (0,220) width 367: "Nulla varius enim ac mi. Curabitur sollicitudin felis quis lectus."
      text run at (0,240) width 362: "Quisque adipiscing rhoncus sem. Proin nulla purus, vulputate"
      text run at (0,260) width 358: "vel, varius ut, euismod et, nisi. Sed vitae felis vel orci sagittis"
      text run at (0,280) width 365: "aliquam. Cras convallis adipiscing sem. Nam nonummy enim."
      text run at (0,300) width 329: "Nullam bibendum lobortis neque. Vestibulum velit orci,"
      text run at (0,320) width 309: "tempus euismod, pretium quis, interdum vitae, nulla."
      text run at (0,340) width 321: "Phasellus eget ante et tortor condimentum vestibulum."
      text run at (0,360) width 360: "Suspendisse hendrerit quam nec felis. Sed varius turpis vitae"
      text run at (0,380) width 350: "pede. Lorem ipsum dolor sit amet, consectetuer adipiscing"
      text run at (0,400) width 25: "elit. "
      text run at (25,400) width 337: "Lorem ipsum dolor sit amet, consectetuer adipiscing elit."
      text run at (0,420) width 367: "Nulla varius enim ac mi. Curabitur sollicitudin felis quis lectus."
      text run at (0,440) width 362: "Quisque adipiscing rhoncus sem. Proin nulla purus, vulputate"
      text run at (0,460) width 358: "vel, varius ut, euismod et, nisi. Sed vitae felis vel orci sagittis"
      text run at (0,480) width 365: "aliquam. Cras convallis adipiscing sem. Nam nonummy enim."
      text run at (0,500) width 329: "Nullam bibendum lobortis neque. Vestibulum velit orci,"
      text run at (0,520) width 309: "tempus euismod, pretium quis, interdum vitae, nulla."
      text run at (0,540) width 321: "Phasellus eget ante et tortor condimentum vestibulum."
      text run at (0,560) width 360: "Suspendisse hendrerit quam nec felis. Sed varius turpis vitae"
      text run at (0,580) width 350: "pede. Lorem ipsum dolor sit amet, consectetuer adipiscing"
      text run at (0,600) width 25: "elit. "
      text run at (25,600) width 337: "Lorem ipsum dolor sit amet, consectetuer adipiscing elit."
      text run at (0,620) width 143: "Nulla varius enim ac mi."
layer at (8,427) size 760x395
  RenderBlock {DIV} at (0,411) size 760x395 [border: (5px solid #800000)]
    RenderBlock (anonymous multi-column span) at (5,344) size 750x27
      RenderBlock {H2} at (0,0) size 750x27 [bgcolor=#EEEEEE]
        RenderText {#text} at (0,0) size 596x26
          text run at (0,0) width 596: "This is a spanning element at the end of the columns block."
layer at (13,432) size 750x320
  RenderBlock (anonymous multi-column) at (5,5) size 750x320
    RenderText {#text} at (0,0) size 367x639
      text run at (0,0) width 337: "Lorem ipsum dolor sit amet, consectetuer adipiscing elit."
      text run at (0,20) width 367: "Nulla varius enim ac mi. Curabitur sollicitudin felis quis lectus."
      text run at (0,40) width 362: "Quisque adipiscing rhoncus sem. Proin nulla purus, vulputate"
      text run at (0,60) width 358: "vel, varius ut, euismod et, nisi. Sed vitae felis vel orci sagittis"
      text run at (0,80) width 365: "aliquam. Cras convallis adipiscing sem. Nam nonummy enim."
      text run at (0,100) width 329: "Nullam bibendum lobortis neque. Vestibulum velit orci,"
      text run at (0,120) width 309: "tempus euismod, pretium quis, interdum vitae, nulla."
      text run at (0,140) width 321: "Phasellus eget ante et tortor condimentum vestibulum."
      text run at (0,160) width 360: "Suspendisse hendrerit quam nec felis. Sed varius turpis vitae"
      text run at (0,180) width 350: "pede. Lorem ipsum dolor sit amet, consectetuer adipiscing"
      text run at (0,200) width 25: "elit. "
      text run at (25,200) width 337: "Lorem ipsum dolor sit amet, consectetuer adipiscing elit."
      text run at (0,220) width 367: "Nulla varius enim ac mi. Curabitur sollicitudin felis quis lectus."
      text run at (0,240) width 362: "Quisque adipiscing rhoncus sem. Proin nulla purus, vulputate"
      text run at (0,260) width 358: "vel, varius ut, euismod et, nisi. Sed vitae felis vel orci sagittis"
      text run at (0,280) width 365: "aliquam. Cras convallis adipiscing sem. Nam nonummy enim."
      text run at (0,300) width 329: "Nullam bibendum lobortis neque. Vestibulum velit orci,"
      text run at (0,320) width 309: "tempus euismod, pretium quis, interdum vitae, nulla."
      text run at (0,340) width 321: "Phasellus eget ante et tortor condimentum vestibulum."
      text run at (0,360) width 360: "Suspendisse hendrerit quam nec felis. Sed varius turpis vitae"
      text run at (0,380) width 350: "pede. Lorem ipsum dolor sit amet, consectetuer adipiscing"
      text run at (0,400) width 25: "elit. "
      text run at (25,400) width 337: "Lorem ipsum dolor sit amet, consectetuer adipiscing elit."
      text run at (0,420) width 367: "Nulla varius enim ac mi. Curabitur sollicitudin felis quis lectus."
      text run at (0,440) width 362: "Quisque adipiscing rhoncus sem. Proin nulla purus, vulputate"
      text run at (0,460) width 358: "vel, varius ut, euismod et, nisi. Sed vitae felis vel orci sagittis"
      text run at (0,480) width 365: "aliquam. Cras convallis adipiscing sem. Nam nonummy enim."
      text run at (0,500) width 329: "Nullam bibendum lobortis neque. Vestibulum velit orci,"
      text run at (0,520) width 309: "tempus euismod, pretium quis, interdum vitae, nulla."
      text run at (0,540) width 321: "Phasellus eget ante et tortor condimentum vestibulum."
      text run at (0,560) width 360: "Suspendisse hendrerit quam nec felis. Sed varius turpis vitae"
      text run at (0,580) width 350: "pede. Lorem ipsum dolor sit amet, consectetuer adipiscing"
      text run at (0,600) width 25: "elit. "
      text run at (25,600) width 337: "Lorem ipsum dolor sit amet, consectetuer adipiscing elit."
      text run at (0,620) width 143: "Nulla varius enim ac mi."
layer at (8,838) size 760x415
  RenderBlock {DIV} at (0,822) size 760x415 [border: (5px solid #800000)]
    RenderBlock (anonymous multi-column span) at (5,144) size 750x27
      RenderBlock {H2} at (0,0) size 750x27 [bgcolor=#EEEEEE]
        RenderText {#text} at (0,0) size 629x26
          text run at (0,0) width 629: "This is a spanning element in the middle of the columns block."
layer at (13,843) size 750x120
  RenderBlock (anonymous multi-column) at (5,5) size 750x120
    RenderText {#text} at (0,0) size 367x239
      text run at (0,0) width 337: "Lorem ipsum dolor sit amet, consectetuer adipiscing elit."
      text run at (0,20) width 367: "Nulla varius enim ac mi. Curabitur sollicitudin felis quis lectus."
      text run at (0,40) width 362: "Quisque adipiscing rhoncus sem. Proin nulla purus, vulputate"
      text run at (0,60) width 358: "vel, varius ut, euismod et, nisi. Sed vitae felis vel orci sagittis"
      text run at (0,80) width 365: "aliquam. Cras convallis adipiscing sem. Nam nonummy enim."
      text run at (0,100) width 329: "Nullam bibendum lobortis neque. Vestibulum velit orci,"
      text run at (0,120) width 309: "tempus euismod, pretium quis, interdum vitae, nulla."
      text run at (0,140) width 321: "Phasellus eget ante et tortor condimentum vestibulum."
      text run at (0,160) width 360: "Suspendisse hendrerit quam nec felis. Sed varius turpis vitae"
      text run at (0,180) width 350: "pede. Lorem ipsum dolor sit amet, consectetuer adipiscing"
      text run at (0,200) width 25: "elit. "
      text run at (25,200) width 337: "Lorem ipsum dolor sit amet, consectetuer adipiscing elit."
      text run at (0,220) width 143: "Nulla varius enim ac mi."
layer at (13,1028) size 750x220
  RenderBlock (anonymous multi-column) at (5,190) size 750x220
    RenderText {#text} at (0,0) size 367x419
      text run at (0,0) width 337: "Lorem ipsum dolor sit amet, consectetuer adipiscing elit."
      text run at (0,20) width 367: "Nulla varius enim ac mi. Curabitur sollicitudin felis quis lectus."
      text run at (0,40) width 362: "Quisque adipiscing rhoncus sem. Proin nulla purus, vulputate"
      text run at (0,60) width 358: "vel, varius ut, euismod et, nisi. Sed vitae felis vel orci sagittis"
      text run at (0,80) width 365: "aliquam. Cras convallis adipiscing sem. Nam nonummy enim."
      text run at (0,100) width 329: "Nullam bibendum lobortis neque. Vestibulum velit orci,"
      text run at (0,120) width 309: "tempus euismod, pretium quis, interdum vitae, nulla."
      text run at (0,140) width 321: "Phasellus eget ante et tortor condimentum vestibulum."
      text run at (0,160) width 360: "Suspendisse hendrerit quam nec felis. Sed varius turpis vitae"
      text run at (0,180) width 350: "pede. Lorem ipsum dolor sit amet, consectetuer adipiscing"
      text run at (0,200) width 25: "elit. "
      text run at (25,200) width 337: "Lorem ipsum dolor sit amet, consectetuer adipiscing elit."
      text run at (0,220) width 367: "Nulla varius enim ac mi. Curabitur sollicitudin felis quis lectus."
      text run at (0,240) width 362: "Quisque adipiscing rhoncus sem. Proin nulla purus, vulputate"
      text run at (0,260) width 358: "vel, varius ut, euismod et, nisi. Sed vitae felis vel orci sagittis"
      text run at (0,280) width 365: "aliquam. Cras convallis adipiscing sem. Nam nonummy enim."
      text run at (0,300) width 329: "Nullam bibendum lobortis neque. Vestibulum velit orci,"
      text run at (0,320) width 309: "tempus euismod, pretium quis, interdum vitae, nulla."
      text run at (0,340) width 321: "Phasellus eget ante et tortor condimentum vestibulum."
      text run at (0,360) width 360: "Suspendisse hendrerit quam nec felis. Sed varius turpis vitae"
      text run at (0,380) width 350: "pede. Lorem ipsum dolor sit amet, consectetuer adipiscing"
      text run at (0,400) width 21: "elit."
layer at (8,1269) size 760x384
  RenderBlock {DIV} at (0,1253) size 760x384 [border: (5px solid #800000)]
    RenderText {#text} at (5,5) size 367x245
      text run at (5,5) width 337: "Lorem ipsum dolor sit amet, consectetuer adipiscing elit."
      text run at (5,25) width 367: "Nulla varius enim ac mi. Curabitur sollicitudin felis quis lectus."
      text run at (5,45) width 362: "Quisque adipiscing rhoncus sem. Proin nulla purus, vulputate"
      text run at (5,65) width 358: "vel, varius ut, euismod et, nisi. Sed vitae felis vel orci sagittis"
      text run at (5,85) width 365: "aliquam. Cras convallis adipiscing sem. Nam nonummy enim."
      text run at (5,105) width 329: "Nullam bibendum lobortis neque. Vestibulum velit orci,"
      text run at (5,125) width 309: "tempus euismod, pretium quis, interdum vitae, nulla."
      text run at (5,145) width 321: "Phasellus eget ante et tortor condimentum vestibulum."
      text run at (5,165) width 360: "Suspendisse hendrerit quam nec felis. Sed varius turpis vitae"
      text run at (5,185) width 350: "pede. Lorem ipsum dolor sit amet, consectetuer adipiscing"
      text run at (5,205) width 25: "elit. "
      text run at (30,205) width 337: "Lorem ipsum dolor sit amet, consectetuer adipiscing elit."
      text run at (5,231) width 147: "Nulla varius enim ac mi. "
    RenderInline {H2} at (0,0) size 353x107 [bgcolor=#EEEEEE]
      RenderText {#text} at (152,225) size 353x107
        text run at (152,225) width 182: "This is a spanning"
        text run at (5,252) width 353: "element with an original display of"
        text run at (5,279) width 351: "inline in the middle of the columns"
        text run at (5,306) width 62: "block."
    RenderText {#text} at (67,312) size 365x426
      text run at (67,312) width 253: " Lorem ipsum dolor sit amet, consectetuer"
      text run at (5,333) width 358: "adipiscing elit. Nulla varius enim ac mi. Curabitur sollicitudin"
      text run at (5,353) width 360: "felis quis lectus. Quisque adipiscing rhoncus sem. Proin nulla"
      text run at (5,379) width 365: "purus, vulputate vel, varius ut, euismod et, nisi. Sed vitae felis"
      text run at (5,399) width 359: "vel orci sagittis aliquam. Cras convallis adipiscing sem. Nam"
      text run at (5,419) width 297: "nonummy enim. Nullam bibendum lobortis neque."
      text run at (5,439) width 312: "Vestibulum velit orci, tempus euismod, pretium quis,"
      text run at (5,459) width 293: "interdum vitae, nulla. Phasellus eget ante et tortor"
      text run at (5,479) width 348: "condimentum vestibulum. Suspendisse hendrerit quam nec"
      text run at (5,499) width 337: "felis. Sed varius turpis vitae pede. Lorem ipsum dolor sit"
      text run at (5,519) width 205: "amet, consectetuer adipiscing elit. "
      text run at (210,519) width 132: "Lorem ipsum dolor sit"
      text run at (5,539) width 348: "amet, consectetuer adipiscing elit. Nulla varius enim ac mi."
      text run at (5,559) width 337: "Curabitur sollicitudin felis quis lectus. Quisque adipiscing"
      text run at (5,579) width 328: "rhoncus sem. Proin nulla purus, vulputate vel, varius ut,"
      text run at (5,599) width 362: "euismod et, nisi. Sed vitae felis vel orci sagittis aliquam. Cras"
      text run at (5,619) width 325: "convallis adipiscing sem. Nam nonummy enim. Nullam"
      text run at (5,639) width 329: "bibendum lobortis neque. Vestibulum velit orci, tempus"
      text run at (5,659) width 350: "euismod, pretium quis, interdum vitae, nulla. Phasellus eget"
      text run at (5,679) width 311: "ante et tortor condimentum vestibulum. Suspendisse"
      text run at (5,699) width 364: "hendrerit quam nec felis. Sed varius turpis vitae pede. Lorem"
      text run at (5,719) width 293: "ipsum dolor sit amet, consectetuer adipiscing elit."
layer at (8,1669) size 760x410
  RenderBlock {DIV} at (0,1653) size 760x410 [border: (5px solid #800000)]
    RenderText {#text} at (5,5) size 367x239
      text run at (5,5) width 337: "Lorem ipsum dolor sit amet, consectetuer adipiscing elit."
      text run at (5,25) width 367: "Nulla varius enim ac mi. Curabitur sollicitudin felis quis lectus."
      text run at (5,45) width 362: "Quisque adipiscing rhoncus sem. Proin nulla purus, vulputate"
      text run at (5,65) width 358: "vel, varius ut, euismod et, nisi. Sed vitae felis vel orci sagittis"
      text run at (5,85) width 365: "aliquam. Cras convallis adipiscing sem. Nam nonummy enim."
      text run at (5,105) width 329: "Nullam bibendum lobortis neque. Vestibulum velit orci,"
      text run at (5,125) width 309: "tempus euismod, pretium quis, interdum vitae, nulla."
      text run at (5,145) width 321: "Phasellus eget ante et tortor condimentum vestibulum."
      text run at (5,165) width 360: "Suspendisse hendrerit quam nec felis. Sed varius turpis vitae"
      text run at (5,185) width 350: "pede. Lorem ipsum dolor sit amet, consectetuer adipiscing"
      text run at (5,205) width 25: "elit. "
      text run at (30,205) width 337: "Lorem ipsum dolor sit amet, consectetuer adipiscing elit."
      text run at (5,225) width 147: "Nulla varius enim ac mi. "
    RenderBlock (floating) {H2} at (5,264) size 367x81 [bgcolor=#EEEEEE]
      RenderText {#text} at (0,0) size 337x80
        text run at (0,0) width 320: "This element specifies a column"
        text run at (0,27) width 337: "span, but it is also floating, so the"
        text run at (0,54) width 324: "column-span should be ignored."
    RenderText {#text} at (152,225) size 365x559
      text run at (152,225) width 169: "Lorem ipsum dolor sit amet,"
      text run at (5,364) width 311: "consectetuer adipiscing elit. Nulla varius enim ac mi."
      text run at (5,384) width 337: "Curabitur sollicitudin felis quis lectus. Quisque adipiscing"
      text run at (5,405) width 328: "rhoncus sem. Proin nulla purus, vulputate vel, varius ut,"
      text run at (5,425) width 362: "euismod et, nisi. Sed vitae felis vel orci sagittis aliquam. Cras"
      text run at (5,445) width 325: "convallis adipiscing sem. Nam nonummy enim. Nullam"
      text run at (5,465) width 329: "bibendum lobortis neque. Vestibulum velit orci, tempus"
      text run at (5,485) width 350: "euismod, pretium quis, interdum vitae, nulla. Phasellus eget"
      text run at (5,505) width 311: "ante et tortor condimentum vestibulum. Suspendisse"
      text run at (5,525) width 364: "hendrerit quam nec felis. Sed varius turpis vitae pede. Lorem"
      text run at (5,545) width 297: "ipsum dolor sit amet, consectetuer adipiscing elit. "
      text run at (302,545) width 40: "Lorem"
      text run at (5,565) width 329: "ipsum dolor sit amet, consectetuer adipiscing elit. Nulla"
      text run at (5,585) width 331: "varius enim ac mi. Curabitur sollicitudin felis quis lectus."
      text run at (5,605) width 362: "Quisque adipiscing rhoncus sem. Proin nulla purus, vulputate"
      text run at (5,625) width 358: "vel, varius ut, euismod et, nisi. Sed vitae felis vel orci sagittis"
      text run at (5,645) width 365: "aliquam. Cras convallis adipiscing sem. Nam nonummy enim."
      text run at (5,665) width 329: "Nullam bibendum lobortis neque. Vestibulum velit orci,"
      text run at (5,685) width 309: "tempus euismod, pretium quis, interdum vitae, nulla."
      text run at (5,705) width 321: "Phasellus eget ante et tortor condimentum vestibulum."
      text run at (5,725) width 360: "Suspendisse hendrerit quam nec felis. Sed varius turpis vitae"
      text run at (5,745) width 350: "pede. Lorem ipsum dolor sit amet, consectetuer adipiscing"
      text run at (5,765) width 21: "elit."
layer at (8,2095) size 760x474
  RenderBlock {DIV} at (0,2079) size 760x474 [border: (5px solid #800000)]
    RenderBlock (anonymous multi-column span) at (5,24) size 750x54
      RenderBlock {H2} at (0,0) size 750x54 [bgcolor=#EEEEEE]
        RenderText {#text} at (0,0) size 705x53
          text run at (0,0) width 705: "This is a spanning element at the beginning of the columns block with"
          text run at (0,27) width 145: "block siblings."
layer at (13,2192) size 750x356
  RenderBlock (anonymous multi-column) at (5,97) size 750x356
    RenderBlock {P} at (0,0) size 367x220
      RenderText {#text} at (0,0) size 367x219
        text run at (0,0) width 337: "Lorem ipsum dolor sit amet, consectetuer adipiscing elit."
        text run at (0,20) width 367: "Nulla varius enim ac mi. Curabitur sollicitudin felis quis lectus."
        text run at (0,40) width 362: "Quisque adipiscing rhoncus sem. Proin nulla purus, vulputate"
        text run at (0,60) width 358: "vel, varius ut, euismod et, nisi. Sed vitae felis vel orci sagittis"
        text run at (0,80) width 365: "aliquam. Cras convallis adipiscing sem. Nam nonummy enim."
        text run at (0,100) width 329: "Nullam bibendum lobortis neque. Vestibulum velit orci,"
        text run at (0,120) width 309: "tempus euismod, pretium quis, interdum vitae, nulla."
        text run at (0,140) width 321: "Phasellus eget ante et tortor condimentum vestibulum."
        text run at (0,160) width 360: "Suspendisse hendrerit quam nec felis. Sed varius turpis vitae"
        text run at (0,180) width 350: "pede. Lorem ipsum dolor sit amet, consectetuer adipiscing"
        text run at (0,200) width 21: "elit."
    RenderBlock {P} at (0,236) size 367x220
      RenderText {#text} at (0,0) size 367x219
        text run at (0,0) width 337: "Lorem ipsum dolor sit amet, consectetuer adipiscing elit."
        text run at (0,20) width 367: "Nulla varius enim ac mi. Curabitur sollicitudin felis quis lectus."
        text run at (0,40) width 362: "Quisque adipiscing rhoncus sem. Proin nulla purus, vulputate"
        text run at (0,60) width 358: "vel, varius ut, euismod et, nisi. Sed vitae felis vel orci sagittis"
        text run at (0,80) width 365: "aliquam. Cras convallis adipiscing sem. Nam nonummy enim."
        text run at (0,100) width 329: "Nullam bibendum lobortis neque. Vestibulum velit orci,"
        text run at (0,120) width 309: "tempus euismod, pretium quis, interdum vitae, nulla."
        text run at (0,140) width 321: "Phasellus eget ante et tortor condimentum vestibulum."
        text run at (0,160) width 360: "Suspendisse hendrerit quam nec felis. Sed varius turpis vitae"
        text run at (0,180) width 350: "pede. Lorem ipsum dolor sit amet, consectetuer adipiscing"
        text run at (0,200) width 21: "elit."
    RenderBlock {P} at (0,472) size 367x220
      RenderText {#text} at (0,0) size 367x219
        text run at (0,0) width 337: "Lorem ipsum dolor sit amet, consectetuer adipiscing elit."
        text run at (0,20) width 367: "Nulla varius enim ac mi. Curabitur sollicitudin felis quis lectus."
        text run at (0,40) width 362: "Quisque adipiscing rhoncus sem. Proin nulla purus, vulputate"
        text run at (0,60) width 358: "vel, varius ut, euismod et, nisi. Sed vitae felis vel orci sagittis"
        text run at (0,80) width 365: "aliquam. Cras convallis adipiscing sem. Nam nonummy enim."
        text run at (0,100) width 329: "Nullam bibendum lobortis neque. Vestibulum velit orci,"
        text run at (0,120) width 309: "tempus euismod, pretium quis, interdum vitae, nulla."
        text run at (0,140) width 321: "Phasellus eget ante et tortor condimentum vestibulum."
        text run at (0,160) width 360: "Suspendisse hendrerit quam nec felis. Sed varius turpis vitae"
        text run at (0,180) width 350: "pede. Lorem ipsum dolor sit amet, consectetuer adipiscing"
        text run at (0,200) width 21: "elit."
layer at (8,2585) size 760x474
  RenderBlock {DIV} at (0,2569) size 760x474 [border: (5px solid #800000)]
    RenderBlock (anonymous multi-column span) at (5,396) size 750x54
      RenderBlock {H2} at (0,0) size 750x54 [bgcolor=#EEEEEE]
        RenderText {#text} at (0,0) size 703x53
          text run at (0,0) width 703: "This is a spanning element at the end of the columns block with block"
          text run at (0,27) width 83: "siblings."
layer at (13,2606) size 750x356
  RenderBlock (anonymous multi-column) at (5,21) size 750x356
    RenderBlock {P} at (0,0) size 367x220
      RenderText {#text} at (0,0) size 367x219
        text run at (0,0) width 337: "Lorem ipsum dolor sit amet, consectetuer adipiscing elit."
        text run at (0,20) width 367: "Nulla varius enim ac mi. Curabitur sollicitudin felis quis lectus."
        text run at (0,40) width 362: "Quisque adipiscing rhoncus sem. Proin nulla purus, vulputate"
        text run at (0,60) width 358: "vel, varius ut, euismod et, nisi. Sed vitae felis vel orci sagittis"
        text run at (0,80) width 365: "aliquam. Cras convallis adipiscing sem. Nam nonummy enim."
        text run at (0,100) width 329: "Nullam bibendum lobortis neque. Vestibulum velit orci,"
        text run at (0,120) width 309: "tempus euismod, pretium quis, interdum vitae, nulla."
        text run at (0,140) width 321: "Phasellus eget ante et tortor condimentum vestibulum."
        text run at (0,160) width 360: "Suspendisse hendrerit quam nec felis. Sed varius turpis vitae"
        text run at (0,180) width 350: "pede. Lorem ipsum dolor sit amet, consectetuer adipiscing"
        text run at (0,200) width 21: "elit."
    RenderBlock {P} at (0,236) size 367x220
      RenderText {#text} at (0,0) size 367x219
        text run at (0,0) width 337: "Lorem ipsum dolor sit amet, consectetuer adipiscing elit."
        text run at (0,20) width 367: "Nulla varius enim ac mi. Curabitur sollicitudin felis quis lectus."
        text run at (0,40) width 362: "Quisque adipiscing rhoncus sem. Proin nulla purus, vulputate"
        text run at (0,60) width 358: "vel, varius ut, euismod et, nisi. Sed vitae felis vel orci sagittis"
        text run at (0,80) width 365: "aliquam. Cras convallis adipiscing sem. Nam nonummy enim."
        text run at (0,100) width 329: "Nullam bibendum lobortis neque. Vestibulum velit orci,"
        text run at (0,120) width 309: "tempus euismod, pretium quis, interdum vitae, nulla."
        text run at (0,140) width 321: "Phasellus eget ante et tortor condimentum vestibulum."
        text run at (0,160) width 360: "Suspendisse hendrerit quam nec felis. Sed varius turpis vitae"
        text run at (0,180) width 350: "pede. Lorem ipsum dolor sit amet, consectetuer adipiscing"
        text run at (0,200) width 21: "elit."
    RenderBlock {P} at (0,472) size 367x220
      RenderText {#text} at (0,0) size 367x219
        text run at (0,0) width 337: "Lorem ipsum dolor sit amet, consectetuer adipiscing elit."
        text run at (0,20) width 367: "Nulla varius enim ac mi. Curabitur sollicitudin felis quis lectus."
        text run at (0,40) width 362: "Quisque adipiscing rhoncus sem. Proin nulla purus, vulputate"
        text run at (0,60) width 358: "vel, varius ut, euismod et, nisi. Sed vitae felis vel orci sagittis"
        text run at (0,80) width 365: "aliquam. Cras convallis adipiscing sem. Nam nonummy enim."
        text run at (0,100) width 329: "Nullam bibendum lobortis neque. Vestibulum velit orci,"
        text run at (0,120) width 309: "tempus euismod, pretium quis, interdum vitae, nulla."
        text run at (0,140) width 321: "Phasellus eget ante et tortor condimentum vestibulum."
        text run at (0,160) width 360: "Suspendisse hendrerit quam nec felis. Sed varius turpis vitae"
        text run at (0,180) width 350: "pede. Lorem ipsum dolor sit amet, consectetuer adipiscing"
        text run at (0,200) width 21: "elit."
layer at (8,3075) size 760x482
  RenderBlock {DIV} at (0,3059) size 760x482 [border: (5px solid #800000)]
    RenderBlock (anonymous multi-column span) at (5,268) size 750x54
      RenderBlock {H2} at (0,0) size 750x54 [bgcolor=#EEEEEE]
        RenderText {#text} at (0,0) size 736x53
          text run at (0,0) width 736: "This is a spanning element in the middle of the columns block with block"
          text run at (0,27) width 83: "siblings."
layer at (13,3096) size 750x228
  RenderBlock (anonymous multi-column) at (5,21) size 750x228
    RenderBlock {P} at (0,0) size 367x220
      RenderText {#text} at (0,0) size 367x219
        text run at (0,0) width 337: "Lorem ipsum dolor sit amet, consectetuer adipiscing elit."
        text run at (0,20) width 367: "Nulla varius enim ac mi. Curabitur sollicitudin felis quis lectus."
        text run at (0,40) width 362: "Quisque adipiscing rhoncus sem. Proin nulla purus, vulputate"
        text run at (0,60) width 358: "vel, varius ut, euismod et, nisi. Sed vitae felis vel orci sagittis"
        text run at (0,80) width 365: "aliquam. Cras convallis adipiscing sem. Nam nonummy enim."
        text run at (0,100) width 329: "Nullam bibendum lobortis neque. Vestibulum velit orci,"
        text run at (0,120) width 309: "tempus euismod, pretium quis, interdum vitae, nulla."
        text run at (0,140) width 321: "Phasellus eget ante et tortor condimentum vestibulum."
        text run at (0,160) width 360: "Suspendisse hendrerit quam nec felis. Sed varius turpis vitae"
        text run at (0,180) width 350: "pede. Lorem ipsum dolor sit amet, consectetuer adipiscing"
        text run at (0,200) width 21: "elit."
    RenderBlock {P} at (0,228) size 367x220
      RenderText {#text} at (0,0) size 367x219
        text run at (0,0) width 337: "Lorem ipsum dolor sit amet, consectetuer adipiscing elit."
        text run at (0,20) width 367: "Nulla varius enim ac mi. Curabitur sollicitudin felis quis lectus."
        text run at (0,40) width 362: "Quisque adipiscing rhoncus sem. Proin nulla purus, vulputate"
        text run at (0,60) width 358: "vel, varius ut, euismod et, nisi. Sed vitae felis vel orci sagittis"
        text run at (0,80) width 365: "aliquam. Cras convallis adipiscing sem. Nam nonummy enim."
        text run at (0,100) width 329: "Nullam bibendum lobortis neque. Vestibulum velit orci,"
        text run at (0,120) width 309: "tempus euismod, pretium quis, interdum vitae, nulla."
        text run at (0,140) width 321: "Phasellus eget ante et tortor condimentum vestibulum."
        text run at (0,160) width 360: "Suspendisse hendrerit quam nec felis. Sed varius turpis vitae"
        text run at (0,180) width 350: "pede. Lorem ipsum dolor sit amet, consectetuer adipiscing"
        text run at (0,200) width 21: "elit."
layer at (13,3416) size 750x120
  RenderBlock (anonymous multi-column) at (5,341) size 750x120
    RenderBlock {P} at (0,0) size 367x220
      RenderText {#text} at (0,0) size 367x219
        text run at (0,0) width 337: "Lorem ipsum dolor sit amet, consectetuer adipiscing elit."
        text run at (0,20) width 367: "Nulla varius enim ac mi. Curabitur sollicitudin felis quis lectus."
        text run at (0,40) width 362: "Quisque adipiscing rhoncus sem. Proin nulla purus, vulputate"
        text run at (0,60) width 358: "vel, varius ut, euismod et, nisi. Sed vitae felis vel orci sagittis"
        text run at (0,80) width 365: "aliquam. Cras convallis adipiscing sem. Nam nonummy enim."
        text run at (0,100) width 329: "Nullam bibendum lobortis neque. Vestibulum velit orci,"
        text run at (0,120) width 309: "tempus euismod, pretium quis, interdum vitae, nulla."
        text run at (0,140) width 321: "Phasellus eget ante et tortor condimentum vestibulum."
        text run at (0,160) width 360: "Suspendisse hendrerit quam nec felis. Sed varius turpis vitae"
        text run at (0,180) width 350: "pede. Lorem ipsum dolor sit amet, consectetuer adipiscing"
        text run at (0,200) width 21: "elit."
