layer at (0,0) size 785x2364
  RenderView at (0,0) size 785x600
layer at (0,0) size 785x2364
  RenderBlock {HTML} at (0,0) size 785x2364
    RenderBody {BODY} at (8,16) size 769x2332
layer at (8,16) size 760x330
  RenderBlock {DIV} at (0,0) size 760x330 [border: (5px solid #800000)]
    RenderBlock (anonymous multi-column span) at (5,5) size 750x0
layer at (13,21) size 750x320
  RenderBlock (anonymous multi-column) at (5,5) size 750x320
    RenderText {#text} at (0,0) size 367x639
      text run at (0,0) width 337: "Lorem ipsum dolor sit amet, consectetuer adipiscing elit."
      text run at (0,20) width 367: "Nulla varius enim ac mi. Curabitur sollicitudin felis quis lectus."
      text run at (0,40) width 362: "Quisque adipiscing rhoncus sem. Proin nulla purus, vulputate"
      text run at (0,60) width 358: "vel, varius ut, euismod et, nisi. Sed vitae felis vel orci sagittis"
      text run at (0,80) width 365: "aliquam. Cras convallis adipiscing sem. Nam nonummy enim."
      text run at (0,100) width 329: "Nullam bibendum lobortis neque. Vestibulum velit orci,"
      text run at (0,120) width 309: "tempus euismod, pretium quis, interdum vitae, nulla."
      text run at (0,140) width 321: "Phasellus eget ante et tortor condimentum vestibulum."
      text run at (0,160) width 360: "Suspendisse hendrerit quam nec felis. Sed varius turpis vitae"
      text run at (0,180) width 350: "pede. Lorem ipsum dolor sit amet, consectetuer adipiscing"
      text run at (0,200) width 25: "elit. "
      text run at (25,200) width 337: "Lorem ipsum dolor sit amet, consectetuer adipiscing elit."
      text run at (0,220) width 367: "Nulla varius enim ac mi. Curabitur sollicitudin felis quis lectus."
      text run at (0,240) width 362: "Quisque adipiscing rhoncus sem. Proin nulla purus, vulputate"
      text run at (0,260) width 358: "vel, varius ut, euismod et, nisi. Sed vitae felis vel orci sagittis"
      text run at (0,280) width 365: "aliquam. Cras convallis adipiscing sem. Nam nonummy enim."
      text run at (0,300) width 329: "Nullam bibendum lobortis neque. Vestibulum velit orci,"
      text run at (0,320) width 309: "tempus euismod, pretium quis, interdum vitae, nulla."
      text run at (0,340) width 321: "Phasellus eget ante et tortor condimentum vestibulum."
      text run at (0,360) width 360: "Suspendisse hendrerit quam nec felis. Sed varius turpis vitae"
      text run at (0,380) width 350: "pede. Lorem ipsum dolor sit amet, consectetuer adipiscing"
      text run at (0,400) width 25: "elit. "
      text run at (25,400) width 337: "Lorem ipsum dolor sit amet, consectetuer adipiscing elit."
      text run at (0,420) width 367: "Nulla varius enim ac mi. Curabitur sollicitudin felis quis lectus."
      text run at (0,440) width 362: "Quisque adipiscing rhoncus sem. Proin nulla purus, vulputate"
      text run at (0,460) width 358: "vel, varius ut, euismod et, nisi. Sed vitae felis vel orci sagittis"
      text run at (0,480) width 365: "aliquam. Cras convallis adipiscing sem. Nam nonummy enim."
      text run at (0,500) width 329: "Nullam bibendum lobortis neque. Vestibulum velit orci,"
      text run at (0,520) width 309: "tempus euismod, pretium quis, interdum vitae, nulla."
      text run at (0,540) width 321: "Phasellus eget ante et tortor condimentum vestibulum."
      text run at (0,560) width 360: "Suspendisse hendrerit quam nec felis. Sed varius turpis vitae"
      text run at (0,580) width 350: "pede. Lorem ipsum dolor sit amet, consectetuer adipiscing"
      text run at (0,600) width 25: "elit. "
      text run at (25,600) width 337: "Lorem ipsum dolor sit amet, consectetuer adipiscing elit."
      text run at (0,620) width 143: "Nulla varius enim ac mi."
layer at (8,362) size 760x330
  RenderBlock {DIV} at (0,346) size 760x330 [border: (5px solid #800000)]
    RenderBlock (anonymous multi-column span) at (5,325) size 750x0
layer at (13,367) size 750x320
  RenderBlock (anonymous multi-column) at (5,5) size 750x320
    RenderText {#text} at (0,0) size 367x639
      text run at (0,0) width 337: "Lorem ipsum dolor sit amet, consectetuer adipiscing elit."
      text run at (0,20) width 367: "Nulla varius enim ac mi. Curabitur sollicitudin felis quis lectus."
      text run at (0,40) width 362: "Quisque adipiscing rhoncus sem. Proin nulla purus, vulputate"
      text run at (0,60) width 358: "vel, varius ut, euismod et, nisi. Sed vitae felis vel orci sagittis"
      text run at (0,80) width 365: "aliquam. Cras convallis adipiscing sem. Nam nonummy enim."
      text run at (0,100) width 329: "Nullam bibendum lobortis neque. Vestibulum velit orci,"
      text run at (0,120) width 309: "tempus euismod, pretium quis, interdum vitae, nulla."
      text run at (0,140) width 321: "Phasellus eget ante et tortor condimentum vestibulum."
      text run at (0,160) width 360: "Suspendisse hendrerit quam nec felis. Sed varius turpis vitae"
      text run at (0,180) width 350: "pede. Lorem ipsum dolor sit amet, consectetuer adipiscing"
      text run at (0,200) width 25: "elit. "
      text run at (25,200) width 337: "Lorem ipsum dolor sit amet, consectetuer adipiscing elit."
      text run at (0,220) width 367: "Nulla varius enim ac mi. Curabitur sollicitudin felis quis lectus."
      text run at (0,240) width 362: "Quisque adipiscing rhoncus sem. Proin nulla purus, vulputate"
      text run at (0,260) width 358: "vel, varius ut, euismod et, nisi. Sed vitae felis vel orci sagittis"
      text run at (0,280) width 365: "aliquam. Cras convallis adipiscing sem. Nam nonummy enim."
      text run at (0,300) width 329: "Nullam bibendum lobortis neque. Vestibulum velit orci,"
      text run at (0,320) width 309: "tempus euismod, pretium quis, interdum vitae, nulla."
      text run at (0,340) width 321: "Phasellus eget ante et tortor condimentum vestibulum."
      text run at (0,360) width 360: "Suspendisse hendrerit quam nec felis. Sed varius turpis vitae"
      text run at (0,380) width 350: "pede. Lorem ipsum dolor sit amet, consectetuer adipiscing"
      text run at (0,400) width 25: "elit. "
      text run at (25,400) width 337: "Lorem ipsum dolor sit amet, consectetuer adipiscing elit."
      text run at (0,420) width 367: "Nulla varius enim ac mi. Curabitur sollicitudin felis quis lectus."
      text run at (0,440) width 362: "Quisque adipiscing rhoncus sem. Proin nulla purus, vulputate"
      text run at (0,460) width 358: "vel, varius ut, euismod et, nisi. Sed vitae felis vel orci sagittis"
      text run at (0,480) width 365: "aliquam. Cras convallis adipiscing sem. Nam nonummy enim."
      text run at (0,500) width 329: "Nullam bibendum lobortis neque. Vestibulum velit orci,"
      text run at (0,520) width 309: "tempus euismod, pretium quis, interdum vitae, nulla."
      text run at (0,540) width 321: "Phasellus eget ante et tortor condimentum vestibulum."
      text run at (0,560) width 360: "Suspendisse hendrerit quam nec felis. Sed varius turpis vitae"
      text run at (0,580) width 350: "pede. Lorem ipsum dolor sit amet, consectetuer adipiscing"
      text run at (0,600) width 25: "elit. "
      text run at (25,600) width 337: "Lorem ipsum dolor sit amet, consectetuer adipiscing elit."
      text run at (0,620) width 143: "Nulla varius enim ac mi."
layer at (8,708) size 760x398
  RenderBlock {DIV} at (0,692) size 760x398 [border: (5px solid #800000)]
    RenderBlock (anonymous multi-column span) at (5,157) size 750x0
layer at (13,729) size 750x120
  RenderBlock (anonymous multi-column) at (5,21) size 750x120
    RenderBlock {P} at (0,0) size 367x240
      RenderText {#text} at (0,0) size 367x239
        text run at (0,0) width 337: "Lorem ipsum dolor sit amet, consectetuer adipiscing elit."
        text run at (0,20) width 367: "Nulla varius enim ac mi. Curabitur sollicitudin felis quis lectus."
        text run at (0,40) width 362: "Quisque adipiscing rhoncus sem. Proin nulla purus, vulputate"
        text run at (0,60) width 358: "vel, varius ut, euismod et, nisi. Sed vitae felis vel orci sagittis"
        text run at (0,80) width 365: "aliquam. Cras convallis adipiscing sem. Nam nonummy enim."
        text run at (0,100) width 329: "Nullam bibendum lobortis neque. Vestibulum velit orci,"
        text run at (0,120) width 309: "tempus euismod, pretium quis, interdum vitae, nulla."
        text run at (0,140) width 321: "Phasellus eget ante et tortor condimentum vestibulum."
        text run at (0,160) width 360: "Suspendisse hendrerit quam nec felis. Sed varius turpis vitae"
        text run at (0,180) width 350: "pede. Lorem ipsum dolor sit amet, consectetuer adipiscing"
        text run at (0,200) width 25: "elit. "
        text run at (25,200) width 337: "Lorem ipsum dolor sit amet, consectetuer adipiscing elit."
        text run at (0,220) width 143: "Nulla varius enim ac mi."
layer at (13,865) size 750x220
  RenderBlock (anonymous multi-column) at (5,157) size 750x220
    RenderBlock {P} at (0,0) size 367x420
      RenderText {#text} at (0,0) size 367x419
        text run at (0,0) width 337: "Lorem ipsum dolor sit amet, consectetuer adipiscing elit."
        text run at (0,20) width 367: "Nulla varius enim ac mi. Curabitur sollicitudin felis quis lectus."
        text run at (0,40) width 362: "Quisque adipiscing rhoncus sem. Proin nulla purus, vulputate"
        text run at (0,60) width 358: "vel, varius ut, euismod et, nisi. Sed vitae felis vel orci sagittis"
        text run at (0,80) width 365: "aliquam. Cras convallis adipiscing sem. Nam nonummy enim."
        text run at (0,100) width 329: "Nullam bibendum lobortis neque. Vestibulum velit orci,"
        text run at (0,120) width 309: "tempus euismod, pretium quis, interdum vitae, nulla."
        text run at (0,140) width 321: "Phasellus eget ante et tortor condimentum vestibulum."
        text run at (0,160) width 360: "Suspendisse hendrerit quam nec felis. Sed varius turpis vitae"
        text run at (0,180) width 350: "pede. Lorem ipsum dolor sit amet, consectetuer adipiscing"
        text run at (0,200) width 25: "elit. "
        text run at (25,200) width 337: "Lorem ipsum dolor sit amet, consectetuer adipiscing elit."
        text run at (0,220) width 367: "Nulla varius enim ac mi. Curabitur sollicitudin felis quis lectus."
        text run at (0,240) width 362: "Quisque adipiscing rhoncus sem. Proin nulla purus, vulputate"
        text run at (0,260) width 358: "vel, varius ut, euismod et, nisi. Sed vitae felis vel orci sagittis"
        text run at (0,280) width 365: "aliquam. Cras convallis adipiscing sem. Nam nonummy enim."
        text run at (0,300) width 329: "Nullam bibendum lobortis neque. Vestibulum velit orci,"
        text run at (0,320) width 309: "tempus euismod, pretium quis, interdum vitae, nulla."
        text run at (0,340) width 321: "Phasellus eget ante et tortor condimentum vestibulum."
        text run at (0,360) width 360: "Suspendisse hendrerit quam nec felis. Sed varius turpis vitae"
        text run at (0,380) width 350: "pede. Lorem ipsum dolor sit amet, consectetuer adipiscing"
        text run at (0,400) width 21: "elit."
layer at (8,1122) size 760x374
  RenderBlock {DIV} at (0,1106) size 760x374 [border: (5px solid #800000)]
    RenderBlock (anonymous multi-column span) at (5,125) size 750x0
layer at (13,1127) size 750x120
  RenderBlock (anonymous multi-column) at (5,5) size 750x120
    RenderBlock (anonymous) at (0,0) size 367x240
      RenderText {#text} at (0,0) size 367x239
        text run at (0,0) width 337: "Lorem ipsum dolor sit amet, consectetuer adipiscing elit."
        text run at (0,20) width 367: "Nulla varius enim ac mi. Curabitur sollicitudin felis quis lectus."
        text run at (0,40) width 362: "Quisque adipiscing rhoncus sem. Proin nulla purus, vulputate"
        text run at (0,60) width 358: "vel, varius ut, euismod et, nisi. Sed vitae felis vel orci sagittis"
        text run at (0,80) width 365: "aliquam. Cras convallis adipiscing sem. Nam nonummy enim."
        text run at (0,100) width 329: "Nullam bibendum lobortis neque. Vestibulum velit orci,"
        text run at (0,120) width 309: "tempus euismod, pretium quis, interdum vitae, nulla."
        text run at (0,140) width 321: "Phasellus eget ante et tortor condimentum vestibulum."
        text run at (0,160) width 360: "Suspendisse hendrerit quam nec felis. Sed varius turpis vitae"
        text run at (0,180) width 350: "pede. Lorem ipsum dolor sit amet, consectetuer adipiscing"
        text run at (0,200) width 25: "elit. "
        text run at (25,200) width 337: "Lorem ipsum dolor sit amet, consectetuer adipiscing elit."
        text run at (0,220) width 143: "Nulla varius enim ac mi."
layer at (13,1247) size 750x228
  RenderBlock (anonymous multi-column) at (5,125) size 750x228
    RenderBlock (anonymous) at (0,0) size 367x220
      RenderInline {SPAN} at (0,0) size 40x19
        RenderText {#text} at (0,0) size 40x19
          text run at (0,0) width 40: "Lorem"
      RenderText {#text} at (40,0) size 367x219
        text run at (40,0) width 297: " ipsum dolor sit amet, consectetuer adipiscing elit."
        text run at (0,20) width 367: "Nulla varius enim ac mi. Curabitur sollicitudin felis quis lectus."
        text run at (0,40) width 362: "Quisque adipiscing rhoncus sem. Proin nulla purus, vulputate"
        text run at (0,60) width 358: "vel, varius ut, euismod et, nisi. Sed vitae felis vel orci sagittis"
        text run at (0,80) width 365: "aliquam. Cras convallis adipiscing sem. Nam nonummy enim."
        text run at (0,100) width 329: "Nullam bibendum lobortis neque. Vestibulum velit orci,"
        text run at (0,120) width 309: "tempus euismod, pretium quis, interdum vitae, nulla."
        text run at (0,140) width 321: "Phasellus eget ante et tortor condimentum vestibulum."
        text run at (0,160) width 360: "Suspendisse hendrerit quam nec felis. Sed varius turpis vitae"
        text run at (0,180) width 350: "pede. Lorem ipsum dolor sit amet, consectetuer adipiscing"
        text run at (0,200) width 21: "elit."
    RenderBlock {P} at (0,228) size 367x220
      RenderText {#text} at (0,0) size 367x219
        text run at (0,0) width 337: "Lorem ipsum dolor sit amet, consectetuer adipiscing elit."
        text run at (0,20) width 367: "Nulla varius enim ac mi. Curabitur sollicitudin felis quis lectus."
        text run at (0,40) width 362: "Quisque adipiscing rhoncus sem. Proin nulla purus, vulputate"
        text run at (0,60) width 358: "vel, varius ut, euismod et, nisi. Sed vitae felis vel orci sagittis"
        text run at (0,80) width 365: "aliquam. Cras convallis adipiscing sem. Nam nonummy enim."
        text run at (0,100) width 329: "Nullam bibendum lobortis neque. Vestibulum velit orci,"
        text run at (0,120) width 309: "tempus euismod, pretium quis, interdum vitae, nulla."
        text run at (0,140) width 321: "Phasellus eget ante et tortor condimentum vestibulum."
        text run at (0,160) width 360: "Suspendisse hendrerit quam nec felis. Sed varius turpis vitae"
        text run at (0,180) width 350: "pede. Lorem ipsum dolor sit amet, consectetuer adipiscing"
        text run at (0,200) width 21: "elit."
layer at (8,1512) size 760x402
  RenderBlock {DIV} at (0,1496) size 760x402 [border: (5px solid #800000)]
    RenderBlock (anonymous multi-column span) at (5,245) size 750x0
layer at (13,1517) size 750x240
  RenderBlock (anonymous multi-column) at (5,5) size 750x240
    RenderBlock (anonymous) at (0,0) size 367x220
      RenderInline {SPAN} at (0,0) size 367x219
        RenderText {#text} at (0,0) size 367x219
          text run at (0,0) width 337: "Lorem ipsum dolor sit amet, consectetuer adipiscing elit."
          text run at (0,20) width 367: "Nulla varius enim ac mi. Curabitur sollicitudin felis quis lectus."
          text run at (0,40) width 362: "Quisque adipiscing rhoncus sem. Proin nulla purus, vulputate"
          text run at (0,60) width 358: "vel, varius ut, euismod et, nisi. Sed vitae felis vel orci sagittis"
          text run at (0,80) width 365: "aliquam. Cras convallis adipiscing sem. Nam nonummy enim."
          text run at (0,100) width 329: "Nullam bibendum lobortis neque. Vestibulum velit orci,"
          text run at (0,120) width 309: "tempus euismod, pretium quis, interdum vitae, nulla."
          text run at (0,140) width 321: "Phasellus eget ante et tortor condimentum vestibulum."
          text run at (0,160) width 360: "Suspendisse hendrerit quam nec felis. Sed varius turpis vitae"
          text run at (0,180) width 350: "pede. Lorem ipsum dolor sit amet, consectetuer adipiscing"
          text run at (0,200) width 21: "elit."
    RenderBlock (anonymous) at (0,220) size 367x40
      RenderBlock {SPAN} at (0,0) size 367x40
        RenderText {#text} at (0,0) size 337x39
          text run at (0,0) width 337: "Lorem ipsum dolor sit amet, consectetuer adipiscing elit."
          text run at (0,20) width 143: "Nulla varius enim ac mi."
    RenderBlock (anonymous) at (0,260) size 367x220
      RenderInline {SPAN} at (0,0) size 40x19
        RenderText {#text} at (0,0) size 40x19
          text run at (0,0) width 40: "Lorem"
      RenderText {#text} at (40,0) size 367x219
        text run at (40,0) width 297: " ipsum dolor sit amet, consectetuer adipiscing elit."
        text run at (0,20) width 367: "Nulla varius enim ac mi. Curabitur sollicitudin felis quis lectus."
        text run at (0,40) width 362: "Quisque adipiscing rhoncus sem. Proin nulla purus, vulputate"
        text run at (0,60) width 358: "vel, varius ut, euismod et, nisi. Sed vitae felis vel orci sagittis"
        text run at (0,80) width 365: "aliquam. Cras convallis adipiscing sem. Nam nonummy enim."
        text run at (0,100) width 329: "Nullam bibendum lobortis neque. Vestibulum velit orci,"
        text run at (0,120) width 309: "tempus euismod, pretium quis, interdum vitae, nulla."
        text run at (0,140) width 321: "Phasellus eget ante et tortor condimentum vestibulum."
        text run at (0,160) width 360: "Suspendisse hendrerit quam nec felis. Sed varius turpis vitae"
        text run at (0,180) width 350: "pede. Lorem ipsum dolor sit amet, consectetuer adipiscing"
        text run at (0,200) width 21: "elit."
layer at (13,1773) size 750x120
  RenderBlock (anonymous multi-column) at (5,261) size 750x120
    RenderBlock {P} at (0,0) size 367x220
      RenderText {#text} at (0,0) size 367x219
        text run at (0,0) width 337: "Lorem ipsum dolor sit amet, consectetuer adipiscing elit."
        text run at (0,20) width 367: "Nulla varius enim ac mi. Curabitur sollicitudin felis quis lectus."
        text run at (0,40) width 362: "Quisque adipiscing rhoncus sem. Proin nulla purus, vulputate"
        text run at (0,60) width 358: "vel, varius ut, euismod et, nisi. Sed vitae felis vel orci sagittis"
        text run at (0,80) width 365: "aliquam. Cras convallis adipiscing sem. Nam nonummy enim."
        text run at (0,100) width 329: "Nullam bibendum lobortis neque. Vestibulum velit orci,"
        text run at (0,120) width 309: "tempus euismod, pretium quis, interdum vitae, nulla."
        text run at (0,140) width 321: "Phasellus eget ante et tortor condimentum vestibulum."
        text run at (0,160) width 360: "Suspendisse hendrerit quam nec felis. Sed varius turpis vitae"
        text run at (0,180) width 350: "pede. Lorem ipsum dolor sit amet, consectetuer adipiscing"
        text run at (0,200) width 21: "elit."
layer at (8,1930) size 760x418
  RenderBlock {DIV} at (0,1914) size 760x418 [border: (5px solid #800000)]
    RenderBlock (anonymous multi-column span) at (5,293) size 750x0
layer at (13,1951) size 750x256
  RenderBlock (anonymous multi-column) at (5,21) size 750x256
    RenderBlock {P} at (0,0) size 367x220
      RenderText {#text} at (0,0) size 367x219
        text run at (0,0) width 337: "Lorem ipsum dolor sit amet, consectetuer adipiscing elit."
        text run at (0,20) width 367: "Nulla varius enim ac mi. Curabitur sollicitudin felis quis lectus."
        text run at (0,40) width 362: "Quisque adipiscing rhoncus sem. Proin nulla purus, vulputate"
        text run at (0,60) width 358: "vel, varius ut, euismod et, nisi. Sed vitae felis vel orci sagittis"
        text run at (0,80) width 365: "aliquam. Cras convallis adipiscing sem. Nam nonummy enim."
        text run at (0,100) width 329: "Nullam bibendum lobortis neque. Vestibulum velit orci,"
        text run at (0,120) width 309: "tempus euismod, pretium quis, interdum vitae, nulla."
        text run at (0,140) width 321: "Phasellus eget ante et tortor condimentum vestibulum."
        text run at (0,160) width 360: "Suspendisse hendrerit quam nec felis. Sed varius turpis vitae"
        text run at (0,180) width 350: "pede. Lorem ipsum dolor sit amet, consectetuer adipiscing"
        text run at (0,200) width 21: "elit."
    RenderBlock {P} at (0,236) size 367x40
      RenderText {#text} at (0,0) size 337x39
        text run at (0,0) width 337: "Lorem ipsum dolor sit amet, consectetuer adipiscing elit."
        text run at (0,20) width 143: "Nulla varius enim ac mi."
    RenderBlock {P} at (0,292) size 367x220
      RenderText {#text} at (0,0) size 367x219
        text run at (0,0) width 337: "Lorem ipsum dolor sit amet, consectetuer adipiscing elit."
        text run at (0,20) width 367: "Nulla varius enim ac mi. Curabitur sollicitudin felis quis lectus."
        text run at (0,40) width 362: "Quisque adipiscing rhoncus sem. Proin nulla purus, vulputate"
        text run at (0,60) width 358: "vel, varius ut, euismod et, nisi. Sed vitae felis vel orci sagittis"
        text run at (0,80) width 365: "aliquam. Cras convallis adipiscing sem. Nam nonummy enim."
        text run at (0,100) width 329: "Nullam bibendum lobortis neque. Vestibulum velit orci,"
        text run at (0,120) width 309: "tempus euismod, pretium quis, interdum vitae, nulla."
        text run at (0,140) width 321: "Phasellus eget ante et tortor condimentum vestibulum."
        text run at (0,160) width 360: "Suspendisse hendrerit quam nec felis. Sed varius turpis vitae"
        text run at (0,180) width 350: "pede. Lorem ipsum dolor sit amet, consectetuer adipiscing"
        text run at (0,200) width 21: "elit."
layer at (13,2223) size 750x120
  RenderBlock (anonymous multi-column) at (5,293) size 750x120
    RenderBlock (anonymous) at (0,0) size 367x20
      RenderInline {SPAN} at (0,0) size 337x19
        RenderText {#text} at (0,0) size 337x19
          text run at (0,0) width 337: "Lorem ipsum dolor sit amet, consectetuer adipiscing elit."
    RenderBlock (anonymous) at (0,20) size 367x20
      RenderBlock {SPAN} at (0,0) size 367x20
        RenderText {#text} at (0,0) size 143x19
          text run at (0,0) width 143: "Nulla varius enim ac mi."
    RenderBlock (anonymous) at (0,40) size 367x180
      RenderInline {SPAN} at (0,0) size 364x179
        RenderText {#text} at (0,0) size 364x179
          text run at (0,0) width 337: "Curabitur sollicitudin felis quis lectus. Quisque adipiscing"
          text run at (0,20) width 328: "rhoncus sem. Proin nulla purus, vulputate vel, varius ut,"
          text run at (0,40) width 362: "euismod et, nisi. Sed vitae felis vel orci sagittis aliquam. Cras"
          text run at (0,60) width 325: "convallis adipiscing sem. Nam nonummy enim. Nullam"
          text run at (0,80) width 329: "bibendum lobortis neque. Vestibulum velit orci, tempus"
          text run at (0,100) width 350: "euismod, pretium quis, interdum vitae, nulla. Phasellus eget"
          text run at (0,120) width 311: "ante et tortor condimentum vestibulum. Suspendisse"
          text run at (0,140) width 364: "hendrerit quam nec felis. Sed varius turpis vitae pede. Lorem"
          text run at (0,160) width 293: "ipsum dolor sit amet, consectetuer adipiscing elit."
      RenderText {#text} at (0,0) size 0x0
