layer at (0,0) size 800x600
  RenderView at (0,0) size 800x600
layer at (0,0) size 800x420
  RenderBlock {html} at (0,0) size 800x420
    RenderBody {body} at (0,16) size 800x404
      RenderBlock {p} at (0,0) size 800x22
        RenderText {#text} at (0,0) size 475x22
          text run at (0,0) width 475: "The first two texts should look identical, as there is no shadow applied."
      RenderBlock (anonymous) at (0,38) size 800x156
        RenderSVGRoot {svg} at (20,124) size 780x63
          RenderSVGText {text} at (20,20) size 801x63 contains 1 chunk(s)
            RenderSVGTSpan {tspan} at (0,0) size 105x63
              RenderSVGInlineText {#text} at (0,0) size 105x63
                chunk 1 text run 1 at (20.00,68.40) startOffset 0 endOffset 4 width 105.00: "This"
            RenderSVGInlineText {#text} at (105,0) size 16x63
              chunk 1 text run 1 at (125.00,68.40) startOffset 0 endOffset 1 width 16.00: " "
            RenderSVGTSpan {tspan} at (0,0) size 92x63
              RenderSVGInlineText {#text} at (121,0) size 92x63
                chunk 1 text run 1 at (141.00,68.40) startOffset 0 endOffset 4 width 92.00: "text"
            RenderSVGInlineText {#text} at (213,0) size 16x63
              chunk 1 text run 1 at (233.00,68.40) startOffset 0 endOffset 1 width 16.00: " "
            RenderSVGTSpan {tspan} at (0,0) size 344x63
              RenderSVGInlineText {#text} at (229,0) size 344x63
                chunk 1 text run 1 at (249.00,68.40) startOffset 0 endOffset 14 width 344.00: "casts multiple"
            RenderSVGInlineText {#text} at (573,0) size 228x63
              chunk 1 text run 1 at (593.00,68.40) startOffset 0 endOffset 1 width 16.00: " "
              chunk 1 text run 1 at (609.00,68.40) startOffset 0 endOffset 7 width 212.00: "shadows"
        RenderText {#text} at (0,0) size 0x0
      RenderBlock {p} at (0,210) size 800x22
        RenderText {#text} at (0,0) size 591x22
          text run at (0,0) width 591: "The next two texts have subtle differences, as the stroke/fill is painted seperated in SVG."
      RenderBlock (anonymous) at (0,248) size 800x156
        RenderSVGRoot {svg} at (0,317) size 800x96
          RenderSVGText {text} at (20,20) size 801x63 contains 1 chunk(s)
            RenderSVGTSpan {tspan} at (0,0) size 105x63
              RenderSVGInlineText {#text} at (0,0) size 105x63
                chunk 1 text run 1 at (20.00,68.40) startOffset 0 endOffset 4 width 105.00: "This"
            RenderSVGInlineText {#text} at (105,0) size 16x63
              chunk 1 text run 1 at (125.00,68.40) startOffset 0 endOffset 1 width 16.00: " "
            RenderSVGTSpan {tspan} at (0,0) size 92x63
              RenderSVGInlineText {#text} at (121,0) size 92x63
                chunk 1 text run 1 at (141.00,68.40) startOffset 0 endOffset 4 width 92.00: "text"
            RenderSVGInlineText {#text} at (213,0) size 16x63
              chunk 1 text run 1 at (233.00,68.40) startOffset 0 endOffset 1 width 16.00: " "
            RenderSVGTSpan {tspan} at (0,0) size 344x63
              RenderSVGInlineText {#text} at (229,0) size 344x63
                chunk 1 text run 1 at (249.00,68.40) startOffset 0 endOffset 14 width 344.00: "casts multiple"
            RenderSVGInlineText {#text} at (573,0) size 228x63
              chunk 1 text run 1 at (593.00,68.40) startOffset 0 endOffset 1 width 16.00: " "
              chunk 1 text run 1 at (609.00,68.40) startOffset 0 endOffset 7 width 212.00: "shadows"
        RenderText {#text} at (0,0) size 0x0
layer at (20,54) size 780x124
  RenderBlock (positioned) {div} at (20,54) size 780x124
    RenderInline {span} at (0,0) size 105x62 [textStrokeWidth=1.00]
      RenderText {#text} at (0,0) size 105x62
        text run at (0,0) width 105: "This"
    RenderText {#text} at (105,0) size 16x62
      text run at (105,0) width 16: " "
    RenderInline {span} at (0,0) size 92x62 [textFillColor=#FFFFFF] [textStrokeWidth=1.00]
      RenderText {#text} at (121,0) size 92x62
        text run at (121,0) width 92: "text"
    RenderText {#text} at (213,0) size 16x62
      text run at (213,0) width 16: " "
    RenderInline {span} at (0,0) size 344x62
      RenderText {#text} at (229,0) size 344x62
        text run at (229,0) width 344: "casts multiple"
    RenderText {#text} at (0,62) size 212x62
      text run at (0,62) width 212: "shadows"
layer at (20,264) size 780x124
  RenderBlock (positioned) {div} at (20,264) size 780x124
    RenderInline {span} at (0,0) size 105x62 [textStrokeWidth=1.00]
      RenderText {#text} at (0,0) size 105x62
        text run at (0,0) width 105: "This"
    RenderText {#text} at (105,0) size 16x62
      text run at (105,0) width 16: " "
    RenderInline {span} at (0,0) size 92x62 [textFillColor=#FFFFFF] [textStrokeWidth=1.00]
      RenderText {#text} at (121,0) size 92x62
        text run at (121,0) width 92: "text"
    RenderText {#text} at (213,0) size 16x62
      text run at (213,0) width 16: " "
    RenderInline {span} at (0,0) size 344x62
      RenderText {#text} at (229,0) size 344x62
        text run at (229,0) width 344: "casts multiple"
    RenderText {#text} at (0,62) size 212x62
      text run at (0,62) width 212: "shadows"
