layer at (0,0) size 800x600
  RenderView at (0,0) size 800x600
layer at (0,0) size 800x177
  RenderBlock {HTML} at (0,0) size 800x177
    RenderBody {BODY} at (8,8) size 784x161
      RenderTextControl {INPUT} at (2,2) size 167x19 [bgcolor=#FFFFFF] [border: (2px inset #000000)]
        RenderFlexibleBox {DIV} at (3,3) size 161x13
          RenderBlock {DIV} at (0,1) size 8x11
          RenderBlock {DIV} at (8,0) size 140x13
          RenderBlock {DIV} at (148,1) size 13x11
      RenderText {#text} at (171,2) size 4x18
        text run at (171,2) width 4: " "
      RenderBR {BR} at (0,0) size 0x0
      RenderTextControl {INPUT} at (2,25) size 167x19 [bgcolor=#FFFFFF] [border: (2px inset #000000)]
        RenderFlexibleBox {DIV} at (3,3) size 161x13
          RenderBlock {DIV} at (0,1) size 8x11
          RenderBlock {DIV} at (8,0) size 140x13
          RenderBlock {DIV} at (148,1) size 13x11
      RenderText {#text} at (171,25) size 4x18
        text run at (171,25) width 4: " "
      RenderBR {BR} at (0,0) size 0x0
      RenderTextControl {INPUT} at (2,48) size 176x19 [bgcolor=#FFFFFF] [border: (2px inset #000000)]
        RenderFlexibleBox {DIV} at (3,3) size 170x13
          RenderBlock {DIV} at (0,1) size 17x11
          RenderBlock {DIV} at (17,0) size 140x13
          RenderBlock {DIV} at (157,1) size 13x11
      RenderText {#text} at (180,48) size 4x18
        text run at (180,48) width 4: " "
      RenderBR {BR} at (0,0) size 0x0
      RenderTextControl {INPUT} at (2,71) size 176x19 [bgcolor=#FFFFFF] [border: (2px inset #000000)]
        RenderFlexibleBox {DIV} at (3,3) size 170x13
          RenderBlock {DIV} at (0,1) size 17x11
          RenderBlock {DIV} at (17,0) size 140x13
          RenderBlock {DIV} at (157,1) size 13x11
      RenderText {#text} at (180,71) size 4x18
        text run at (180,71) width 4: " "
      RenderBR {BR} at (0,0) size 0x0
      RenderTextControl {INPUT} at (2,94) size 181x19 [bgcolor=#FFFFFF] [border: (2px inset #000000)]
        RenderFlexibleBox {DIV} at (3,3) size 175x13
          RenderBlock {DIV} at (0,1) size 22x11
          RenderBlock {DIV} at (22,0) size 140x13
          RenderBlock {DIV} at (162,1) size 13x11
      RenderText {#text} at (185,94) size 4x18
        text run at (185,94) width 4: " "
      RenderBR {BR} at (0,0) size 0x0
      RenderTextControl {INPUT} at (2,117) size 181x19 [bgcolor=#FFFFFF] [border: (2px inset #000000)]
        RenderFlexibleBox {DIV} at (3,3) size 175x13
          RenderBlock {DIV} at (0,1) size 22x11
          RenderBlock {DIV} at (22,0) size 140x13
          RenderBlock {DIV} at (162,1) size 13x11
      RenderText {#text} at (185,117) size 4x18
        text run at (185,117) width 4: " "
      RenderBR {BR} at (0,0) size 0x0
      RenderTextControl {INPUT} at (2,140) size 320x19 [bgcolor=#FFFFFF] [border: (2px inset #000000)]
        RenderFlexibleBox {DIV} at (3,3) size 314x13
          RenderBlock {DIV} at (0,1) size 22x11
          RenderBlock {DIV} at (22,0) size 279x13
          RenderBlock {DIV} at (301,1) size 13x11
      RenderText {#text} at (0,0) size 0x0
layer at (21,13) size 140x13
  RenderBlock {DIV} at (0,0) size 140x13
layer at (21,36) size 140x13 scrollWidth 141
  RenderBlock {DIV} at (0,0) size 140x13
    RenderText {#text} at (0,0) size 140x13
      text run at (0,0) width 140: "12345678901234567890"
layer at (30,59) size 140x13
  RenderBlock {DIV} at (0,0) size 140x13
layer at (30,82) size 140x13 scrollWidth 141
  RenderBlock {DIV} at (0,0) size 140x13
    RenderText {#text} at (0,0) size 140x13
      text run at (0,0) width 140: "12345678901234567890"
layer at (35,105) size 140x13
  RenderBlock {DIV} at (0,0) size 140x13
layer at (35,128) size 140x13 scrollWidth 141
  RenderBlock {DIV} at (0,0) size 140x13
    RenderText {#text} at (0,0) size 140x13
      text run at (0,0) width 140: "12345678901234567890"
layer at (35,151) size 279x13 scrollWidth 280
  RenderBlock {DIV} at (0,0) size 279x13
    RenderText {#text} at (0,0) size 279x13
      text run at (0,0) width 279: "1234567890123456789012345678901234567890"
