layer at (0,0) size 800x600
  RenderView at (0,0) size 800x600
layer at (0,0) size 800x600
  RenderBlock {HTML} at (0,0) size 800x600
    RenderBody {BODY} at (8,8) size 784x584
      RenderBlock {P} at (0,0) size 784x21
        RenderText {#text} at (0,0) size 565x21
          text run at (0,0) width 565: "This tests for a bug where the first newline entered into a text area would be lost."
      RenderBlock (anonymous) at (0,37) size 784x50
        RenderText {#text} at (0,0) size 0x0
        RenderText {#text} at (0,0) size 0x0
layer at (10,47) size 200x46
  RenderTextControl {TEXTAREA} at (2,2) size 200x46
    RenderBlock {DIV} at (2,2) size 196x42
      RenderText {#text} at (0,0) size 0x21
        text run at (0,0) width 0: " "
      RenderText {#text} at (0,21) size 0x21
        text run at (0,21) width 0: " "
caret: position 0 of child 1 {#text} of child 0 {DIV} of {#shadow-root} of child 2 {TEXTAREA} of body
