layer at (0,0) size 800x600
  RenderView at (0,0) size 800x600
layer at (0,0) size 800x600
  RenderBlock {HTML} at (0,0) size 800x600
    RenderBody {BODY} at (8,8) size 784x584
      RenderBlock {P} at (0,0) size 784x21
        RenderText {#text} at (0,0) size 660x21
          text run at (0,0) width 660: "This tests for a bug where a newline inserted at the end of an anonymous block would be lost."
      RenderBlock {DIV} at (0,37) size 784x63
        RenderBlock (anonymous) at (0,0) size 784x42
          RenderText {#text} at (0,0) size 22x21
            text run at (0,0) width 22: "foo"
          RenderBR {BR} at (22,16) size 0x0
          RenderBR {BR} at (0,21) size 0x21
        RenderBlock {DIV} at (0,42) size 784x21
          RenderText {#text} at (0,0) size 23x21
            text run at (0,0) width 23: "bar"
caret: position 0 of child 2 {BR} of child 2 {DIV} of body
