layer at (0,0) size 800x600
  RenderView at (0,0) size 800x600
layer at (0,0) size 800x600
  RenderBlock {HTML} at (0,0) size 800x600
    RenderBody {BODY} at (8,8) size 784x579
      RenderBlock {P} at (0,0) size 784x42
        RenderText {#text} at (0,0) size 775x42
          text run at (0,0) width 718: "This tests that inserting a newline at the beginning of quoted content doesn't add an extra quoted line. "
          text run at (718,0) width 57: "The test"
          text run at (0,21) width 544: "has passed if there are no empty lines (quoted or unquoted) in the box below."
      RenderBlock {DIV} at (0,58) size 784x105
        RenderBlock (anonymous) at (0,0) size 784x21
          RenderText {#text} at (0,0) size 67x21
            text run at (0,0) width 67: "unquoted"
          RenderBR {BR} at (67,16) size 0x0
        RenderBlock {BLOCKQUOTE} at (0,21) size 784x21 [color=#0000FF] [border: (2px solid #0000FF)]
          RenderBlock {DIV} at (12,0) size 772x21
            RenderText {#text} at (0,0) size 109x21
              text run at (0,0) width 109: "quote level one"
        RenderBlock {BLOCKQUOTE} at (0,42) size 784x21 [color=#0000FF] [border: (2px solid #0000FF)]
          RenderBlock {DIV} at (12,0) size 772x21
            RenderText {#text} at (0,0) size 109x21
              text run at (0,0) width 109: "quote level one"
        RenderBlock (anonymous) at (0,63) size 784x21
          RenderText {#text} at (0,0) size 67x21
            text run at (0,0) width 67: "unquoted"
          RenderBR {BR} at (67,16) size 0x0
        RenderBlock {BLOCKQUOTE} at (0,84) size 784x21 [color=#0000FF] [border: (2px solid #0000FF)]
          RenderBlock {DIV} at (12,0) size 772x21
            RenderBlock {BLOCKQUOTE} at (0,0) size 772x21 [border: (2px solid #0000FF)]
              RenderBlock {DIV} at (12,0) size 760x21
                RenderText {#text} at (0,0) size 107x21
                  text run at (0,0) width 107: "quote level two"
      RenderBlock {PRE} at (0,176) size 784x0
caret: position 8 of child 6 {#text} of child 3 {DIV} of body
