layer at (0,0) size 800x600
  RenderView at (0,0) size 800x600
layer at (0,0) size 800x600
  RenderBlock {HTML} at (0,0) size 800x600
    RenderBody {BODY} at (8,8) size 784x576
      RenderBlock {P} at (0,0) size 784x63
        RenderText {#text} at (0,0) size 760x63
          text run at (0,0) width 358: "This tests that edited whitespaces aren't all nbsps. "
          text run at (358,0) width 402: "When the region becomes non-editable, Hello and World"
          text run at (0,21) width 227: "should still be on different lines. "
          text run at (227,21) width 492: "This demonstrates a bug: the div's focus halo doesn't go away when it"
          text run at (0,42) width 162: "becomes non-editable."
      RenderBlock {DIV} at (0,79) size 62x44 [border: (1px solid #000000)]
        RenderText {#text} at (1,1) size 58x42
          text run at (1,1) width 58: " Hello    "
          text run at (1,22) width 46: "World "
      RenderBlock {OL} at (0,139) size 784x0
caret: position 17 of child 0 {#text} of child 2 {DIV} of body
