EDITING DELEGATE: shouldBeginEditingInDOMRange:range from 0 of BODY > HTML > #document to 8 of BODY > HTML > #document
EDITING DELEGATE: webViewDidBeginEditing:WebViewDidBeginEditingNotification
EDITING DELEGATE: webViewDidChangeSelection:WebViewDidChangeSelectionNotification
EDITING DELEGATE: webViewDidChangeSelection:WebViewDidChangeSelectionNotification
EDITING DELEGATE: webViewDidChangeSelection:WebViewDidChangeSelectionNotification
EDITING DELEGATE: webViewDidChangeSelection:WebViewDidChangeSelectionNotification
EDITING DELEGATE: shouldChangeSelectedDOMRange:range from 3 of #text > B > P > BODY > HTML > #document to 3 of #text > B > P > BODY > HTML > #document toDOMRange:range from 0 of P > BODY > HTML > #document to 0 of P > BODY > HTML > #document affinity:NSSelectionAffinityDownstream stillSelecting:FALSE
EDITING DELEGATE: webViewDidChangeSelection:WebViewDidChangeSelectionNotification
EDITING DELEGATE: webViewDidChange:WebViewDidChangeNotification
EDITING DELEGATE: shouldChangeSelectedDOMRange:range from 1 of #text > B > P > BODY > HTML > #document to 1 of #text > B > P > BODY > HTML > #document toDOMRange:range from 1 of #text > B > P > BODY > HTML > #document to 1 of #text > B > P > BODY > HTML > #document affinity:NSSelectionAffinityDownstream stillSelecting:FALSE
EDITING DELEGATE: webViewDidChangeSelection:WebViewDidChangeSelectionNotification
EDITING DELEGATE: webViewDidChange:WebViewDidChangeNotification
layer at (0,0) size 800x600
  RenderView at (0,0) size 800x600
layer at (0,0) size 800x600
  RenderBlock {HTML} at (0,0) size 800x600
    RenderBody {BODY} at (8,8) size 784x568
      RenderBlock (anonymous) at (0,0) size 784x120
        RenderText {#text} at (0,0) size 779x90
          text run at (0,0) width 772: "Test inserting paragraphs: should see \"foo\" in a blue box, then a blue box"
          text run at (772,0) width 7: " "
          text run at (0,30) width 763: "with with two lines in it: First line a bold \"x\"; second line a non-bold \"bar\"."
          text run at (763,30) width 7: " "
          text run at (0,60) width 171: "Fix for this bug: "
        RenderInline {A} at (0,0) size 274x30 [color=#0000EE]
          RenderText {#text} at (171,60) size 274x30
            text run at (171,60) width 274: "<rdar://problem/3927554>"
        RenderText {#text} at (445,60) size 779x60
          text run at (445,60) width 327: " Style info applied to remainder"
          text run at (772,60) width 7: " "
          text run at (0,90) width 403: "of document after a newline is entered"
      RenderBlock {DIV} at (0,120) size 784x12
      RenderBlock {P} at (0,156) size 784x60 [border: (2px solid #0000FF)]
        RenderInline {B} at (0,0) size 38x32
          RenderText {#text} at (14,14) size 38x32
            text run at (14,14) width 38: "foo"
      RenderBlock {P} at (0,240) size 784x90 [border: (2px solid #0000FF)]
        RenderInline {B} at (0,0) size 13x32
          RenderText {#text} at (14,14) size 13x32
            text run at (14,14) width 13: "x"
          RenderBR {BR} at (27,38) size 0x0 [bgcolor=#008000]
        RenderText {#text} at (14,46) size 34x30
          text run at (14,46) width 34: "bar"
caret: position 1 of child 0 {#text} of child 0 {B} of child 6 {P} of body
