EDITING DELEGATE: shouldBeginEditingInDOMRange:range from 0 of DIV > BODY > HTML > #document to 3 of DIV > BODY > HTML > #document
EDITING DELEGATE: webViewDidBeginEditing:WebViewDidBeginEditingNotification
EDITING DELEGATE: webViewDidChangeSelection:WebViewDidChangeSelectionNotification
EDITING DELEGATE: webViewDidChangeSelection:WebViewDidChangeSelectionNotification
EDITING DELEGATE: webViewDidChangeSelection:WebViewDidChangeSelectionNotification
EDITING DELEGATE: webViewDidChangeSelection:WebViewDidChangeSelectionNotification
EDITING DELEGATE: webViewDidChange:WebViewDidChangeNotification
layer at (0,0) size 800x600
  RenderView at (0,0) size 800x600
layer at (0,0) size 800x600
  RenderBlock {HTML} at (0,0) size 800x600
    RenderBody {BODY} at (8,8) size 784x584
      RenderBlock {P} at (0,0) size 784x38
        RenderText {#text} at (0,0) size 759x38
          text run at (0,0) width 396: "This tests inserting a paragraph separator before a horizontal rule. "
          text run at (396,0) width 363: "You should see 'foo', empty paragraph, horizontal rule, 'bar',"
          text run at (0,19) width 322: "and the caret should be just before the horizontal rule."
      RenderBlock {DIV} at (0,54) size 784x75
        RenderBlock (anonymous) at (0,0) size 784x38
          RenderText {#text} at (0,0) size 20x19
            text run at (0,0) width 20: "foo"
          RenderBR {BR} at (20,15) size 0x0
          RenderBR {BR} at (0,19) size 0x19
        RenderBlock {HR} at (0,46) size 784x2 [border: (1px inset #000000)]
        RenderBlock (anonymous) at (0,56) size 784x19
          RenderText {#text} at (0,0) size 20x19
            text run at (0,0) width 20: "bar"
caret: position 0 of child 3 {HR} of child 2 {DIV} of body
