EDITING DELEGATE: shouldBeginEditingInDOMRange:range from 0 of DIV > B > BODY > HTML > #document to 3 of DIV > B > BODY > HTML > #document
EDITING DELEGATE: webViewDidBeginEditing:WebViewDidBeginEditingNotification
EDITING DELEGATE: webViewDidChangeSelection:WebViewDidChangeSelectionNotification
EDITING DELEGATE: webViewDidChangeSelection:WebViewDidChangeSelectionNotification
EDITING DELEGATE: webViewDidChangeSelection:WebViewDidChangeSelectionNotification
EDITING DELEGATE: webViewDidChangeSelection:WebViewDidChangeSelectionNotification
EDITING DELEGATE: shouldChangeSelectedDOMRange:range from 2 of DIV > B > BODY > HTML > #document to 2 of DIV > B > BODY > HTML > #document toDOMRange:range from 2 of DIV > B > BODY > HTML > #document to 2 of DIV > B > BODY > HTML > #document affinity:NSSelectionAffinityDownstream stillSelecting:FALSE
EDITING DELEGATE: webViewDidChangeSelection:WebViewDidChangeSelectionNotification
EDITING DELEGATE: webViewDidChange:WebViewDidChangeNotification
layer at (0,0) size 800x600
  RenderView at (0,0) size 800x600
layer at (0,0) size 800x600
  RenderBlock {HTML} at (0,0) size 800x600
    RenderBody {BODY} at (8,8) size 784x584
      RenderBlock {P} at (0,0) size 784x63
        RenderText {#text} at (0,0) size 730x42
          text run at (0,0) width 455: "This tests inserting a paragraph separator after a horizontal rule. "
          text run at (455,0) width 275: "You should see 'foo', empty paragraph,"
          text run at (0,21) width 515: "horizontal rule, 'bar', and the caret should be just after the horizontal rule. "
        RenderInline {B} at (0,0) size 776x42
          RenderText {#text} at (515,21) size 776x42
            text run at (515,21) width 190: "This demonstrates 8345. "
            text run at (705,21) width 71: "The caret"
            text run at (0,42) width 659: "after a horizontal rule is drawn in the same location as the caret before a horizontal rule."
      RenderBlock (anonymous) at (0,79) size 784x0
        RenderInline {B} at (0,0) size 0x0
          RenderText {#text} at (0,0) size 0x0
      RenderBlock (anonymous) at (0,79) size 784x81
        RenderBlock {DIV} at (0,0) size 784x81
          RenderBlock (anonymous) at (0,0) size 784x21
            RenderText {#text} at (0,0) size 25x21
              text run at (0,0) width 25: "foo"
          RenderBlock {HR} at (0,29) size 784x2 [border: (1px inset #000000)]
          RenderBlock (anonymous) at (0,39) size 784x42
            RenderBR {BR} at (0,0) size 0x21
            RenderText {#text} at (0,21) size 25x21
              text run at (0,21) width 25: "bar"
      RenderBlock (anonymous) at (0,160) size 784x0
        RenderInline {B} at (0,0) size 0x0
caret: position 0 of child 2 {BR} of child 1 {DIV} of child 1 {B} of body
