EDITING DELEGATE: shouldBeginEditingInDOMRange:range from 0 of DIV > BODY > HTML > #document to 6 of DIV > BODY > HTML > #document
EDITING DELEGATE: webViewDidBeginEditing:WebViewDidBeginEditingNotification
EDITING DELEGATE: webViewDidChangeSelection:WebViewDidChangeSelectionNotification
EDITING DELEGATE: webViewDidChangeSelection:WebViewDidChangeSelectionNotification
EDITING DELEGATE: webViewDidChangeSelection:WebViewDidChangeSelectionNotification
EDITING DELEGATE: shouldChangeSelectedDOMRange:range from 1 of #text > DIV > BODY > HTML > #document to 1 of #text > DIV > BODY > HTML > #document toDOMRange:range from 1 of #text > DIV > BODY > HTML > #document to 1 of #text > DIV > BODY > HTML > #document affinity:NSSelectionAffinityDownstream stillSelecting:FALSE
EDITING DELEGATE: webViewDidChangeSelection:WebViewDidChangeSelectionNotification
EDITING DELEGATE: webViewDidChange:WebViewDidChangeNotification
layer at (0,0) size 800x600
  RenderView at (0,0) size 800x600
layer at (0,0) size 800x600
  RenderBlock {HTML} at (0,0) size 800x600
    RenderBody {BODY} at (8,8) size 784x584
      RenderBlock {P} at (0,0) size 784x21
        RenderText {#text} at (0,0) size 420x21
          text run at (0,0) width 420: "This tests the visual position at the end of an editable block."
      RenderBlock {P} at (0,37) size 784x42
        RenderText {#text} at (0,0) size 725x42
          text run at (0,0) width 647: "When the document ended with a <br>, there were visual positions at both [br, 0] and [br, 1]. "
          text run at (647,0) width 78: "This would"
          text run at (0,21) width 490: "produce inconsistent behavior when editing at the end of a document."
      RenderBlock {DIV} at (0,95) size 784x75 [border: (2px solid #AAAAFF)]
        RenderBlock {DIV} at (2,2) size 780x25 [border: (2px solid #FFAAAA)]
          RenderText {#text} at (2,2) size 104x21
            text run at (2,2) width 104: "paragraph one"
        RenderBlock {DIV} at (2,27) size 780x25 [border: (2px solid #FFAAAA)]
          RenderText {#text} at (2,2) size 102x21
            text run at (2,2) width 102: "paragraph two"
        RenderBlock (anonymous) at (2,52) size 780x21
          RenderText {#text} at (0,0) size 8x21
            text run at (0,0) width 8: "x"
caret: position 1 of child 5 {#text} of child 5 {DIV} of body
