EDITING DELEGATE: shouldBeginEditingInDOMRange:range from 0 of BODY > HTML > #document to 8 of BODY > HTML > #document
EDITING DELEGATE: webViewDidBeginEditing:WebViewDidBeginEditingNotification
EDITING DELEGATE: webViewDidChangeSelection:WebViewDidChangeSelectionNotification
EDITING DELEGATE: webViewDidChangeSelection:WebViewDidChangeSelectionNotification
EDITING DELEGATE: webViewDidChangeSelection:WebViewDidChangeSelectionNotification
EDITING DELEGATE: webViewDidChangeSelection:WebViewDidChangeSelectionNotification
EDITING DELEGATE: webViewDidChangeSelection:WebViewDidChangeSelectionNotification
EDITING DELEGATE: webViewDidChangeSelection:WebViewDidChangeSelectionNotification
EDITING DELEGATE: webViewDidChangeSelection:WebViewDidChangeSelectionNotification
EDITING DELEGATE: shouldChangeSelectedDOMRange:range from 6 of #text > B > P > BODY > HTML > #document to 6 of #text > B > P > BODY > HTML > #document toDOMRange:range from 0 of #text > B > P > BODY > HTML > #document to 6 of #text > B > P > BODY > HTML > #document affinity:NSSelectionAffinityDownstream stillSelecting:FALSE
EDITING DELEGATE: webViewDidChangeSelection:WebViewDidChangeSelectionNotification
EDITING DELEGATE: webViewDidChange:WebViewDidChangeNotification
EDITING DELEGATE: webViewDidChangeSelection:WebViewDidChangeSelectionNotification
EDITING DELEGATE: shouldChangeSelectedDOMRange:range from 6 of #text > B > P > BODY > HTML > #document to 6 of #text > B > P > BODY > HTML > #document toDOMRange:range from 0 of P > BODY > HTML > #document to 0 of P > BODY > HTML > #document affinity:NSSelectionAffinityDownstream stillSelecting:FALSE
EDITING DELEGATE: webViewDidChangeSelection:WebViewDidChangeSelectionNotification
EDITING DELEGATE: webViewDidChange:WebViewDidChangeNotification
EDITING DELEGATE: shouldChangeSelectedDOMRange:range from 1 of #text > P > BODY > HTML > #document to 1 of #text > P > BODY > HTML > #document toDOMRange:range from 1 of #text > P > BODY > HTML > #document to 1 of #text > P > BODY > HTML > #document affinity:NSSelectionAffinityDownstream stillSelecting:FALSE
EDITING DELEGATE: webViewDidChangeSelection:WebViewDidChangeSelectionNotification
EDITING DELEGATE: webViewDidChange:WebViewDidChangeNotification
EDITING DELEGATE: shouldChangeSelectedDOMRange:range from 1 of #text > P > BODY > HTML > #document to 1 of #text > P > BODY > HTML > #document toDOMRange:range from 2 of #text > P > BODY > HTML > #document to 2 of #text > P > BODY > HTML > #document affinity:NSSelectionAffinityDownstream stillSelecting:FALSE
EDITING DELEGATE: webViewDidChangeSelection:WebViewDidChangeSelectionNotification
EDITING DELEGATE: webViewDidChange:WebViewDidChangeNotification
EDITING DELEGATE: shouldChangeSelectedDOMRange:range from 2 of #text > P > BODY > HTML > #document to 2 of #text > P > BODY > HTML > #document toDOMRange:range from 3 of #text > P > BODY > HTML > #document to 3 of #text > P > BODY > HTML > #document affinity:NSSelectionAffinityDownstream stillSelecting:FALSE
EDITING DELEGATE: webViewDidChangeSelection:WebViewDidChangeSelectionNotification
EDITING DELEGATE: webViewDidChange:WebViewDidChangeNotification
EDITING DELEGATE: shouldChangeSelectedDOMRange:range from 3 of #text > P > BODY > HTML > #document to 3 of #text > P > BODY > HTML > #document toDOMRange:range from 0 of P > BODY > HTML > #document to 0 of P > BODY > HTML > #document affinity:NSSelectionAffinityDownstream stillSelecting:FALSE
EDITING DELEGATE: webViewDidChangeSelection:WebViewDidChangeSelectionNotification
EDITING DELEGATE: webViewDidChange:WebViewDidChangeNotification
EDITING DELEGATE: shouldChangeSelectedDOMRange:range from 0 of P > BODY > HTML > #document to 0 of P > BODY > HTML > #document toDOMRange:range from 0 of P > BODY > HTML > #document to 0 of P > BODY > HTML > #document affinity:NSSelectionAffinityDownstream stillSelecting:FALSE
EDITING DELEGATE: webViewDidChangeSelection:WebViewDidChangeSelectionNotification
EDITING DELEGATE: webViewDidChange:WebViewDidChangeNotification
EDITING DELEGATE: shouldChangeSelectedDOMRange:range from 1 of #text > P > BODY > HTML > #document to 1 of #text > P > BODY > HTML > #document toDOMRange:range from 1 of #text > P > BODY > HTML > #document to 1 of #text > P > BODY > HTML > #document affinity:NSSelectionAffinityDownstream stillSelecting:FALSE
EDITING DELEGATE: webViewDidChangeSelection:WebViewDidChangeSelectionNotification
EDITING DELEGATE: webViewDidChange:WebViewDidChangeNotification
EDITING DELEGATE: shouldChangeSelectedDOMRange:range from 1 of #text > P > BODY > HTML > #document to 1 of #text > P > BODY > HTML > #document toDOMRange:range from 2 of #text > P > BODY > HTML > #document to 2 of #text > P > BODY > HTML > #document affinity:NSSelectionAffinityDownstream stillSelecting:FALSE
EDITING DELEGATE: webViewDidChangeSelection:WebViewDidChangeSelectionNotification
EDITING DELEGATE: webViewDidChange:WebViewDidChangeNotification
EDITING DELEGATE: shouldChangeSelectedDOMRange:range from 2 of #text > P > BODY > HTML > #document to 2 of #text > P > BODY > HTML > #document toDOMRange:range from 3 of #text > P > BODY > HTML > #document to 3 of #text > P > BODY > HTML > #document affinity:NSSelectionAffinityDownstream stillSelecting:FALSE
EDITING DELEGATE: webViewDidChangeSelection:WebViewDidChangeSelectionNotification
EDITING DELEGATE: webViewDidChange:WebViewDidChangeNotification
layer at (0,0) size 800x600
  RenderView at (0,0) size 800x600
layer at (0,0) size 800x600
  RenderBlock {HTML} at (0,0) size 800x600
    RenderBody {BODY} at (8,8) size 784x568
      RenderBlock (anonymous) at (0,0) size 784x132
        RenderText {#text} at (0,0) size 768x66
          text run at (0,0) width 762: "Test inserting paragraphs and managing typing style correctly: Only \"line"
          text run at (762,0) width 6: " "
          text run at (0,33) width 684: "1\" should be bold. Other lines should be non-bold. Fix for this bug:"
          text run at (684,33) width 6: " "
        RenderInline {A} at (0,0) size 275x33 [color=#0000EE]
          RenderText {#text} at (0,66) size 275x33
            text run at (0,66) width 275: "<rdar://problem/3944492>"
        RenderText {#text} at (275,66) size 766x66
          text run at (275,66) width 485: " after pressing return twice, text is bold when it"
          text run at (760,66) width 6: " "
          text run at (0,99) width 125: "shouldn't be"
      RenderBlock {DIV} at (0,132) size 784x12
      RenderBlock {P} at (0,168) size 784x61 [border: (2px solid #0000FF)]
        RenderInline {B} at (0,0) size 56x33
          RenderText {#text} at (14,14) size 56x33
            text run at (14,14) width 56: "line 1"
      RenderBlock {P} at (0,253) size 784x61 [border: (2px solid #0000FF)]
        RenderText {#text} at (14,14) size 36x33
          text run at (14,14) width 36: "xxx"
      RenderBlock {P} at (0,338) size 784x61 [border: (2px solid #0000FF)]
        RenderBR {BR} at (14,14) size 0x33 [bgcolor=#008000]
      RenderBlock {P} at (0,423) size 784x61 [border: (2px solid #0000FF)]
        RenderText {#text} at (14,14) size 36x33
          text run at (14,14) width 36: "xxx"
caret: position 3 of child 0 {#text} of child 8 {P} of body
