EDITING DELEGATE: shouldBeginEditingInDOMRange:range from 0 of DIV > BODY > HTML > #document to 7 of DIV > BODY > HTML > #document
EDITING DELEGATE: webViewDidBeginEditing:WebViewDidBeginEditingNotification
EDITING DELEGATE: webViewDidChangeSelection:WebViewDidChangeSelectionNotification
EDITING DELEGATE: webViewDidChangeSelection:WebViewDidChangeSelectionNotification
EDITING DELEGATE: webViewDidChangeSelection:WebViewDidChangeSelectionNotification
EDITING DELEGATE: shouldChangeSelectedDOMRange:range from 1 of #text > DIV > BODY > HTML > #document to 1 of #text > DIV > BODY > HTML > #document toDOMRange:range from 1 of #text > DIV > BODY > HTML > #document to 1 of #text > DIV > BODY > HTML > #document affinity:NSSelectionAffinityDownstream stillSelecting:FALSE
EDITING DELEGATE: webViewDidChangeSelection:WebViewDidChangeSelectionNotification
EDITING DELEGATE: webViewDidChange:WebViewDidChangeNotification
layer at (0,0) size 800x600
  RenderView at (0,0) size 800x600
layer at (0,0) size 800x600
  RenderBlock {HTML} at (0,0) size 800x600
    RenderBody {BODY} at (8,8) size 784x584
      RenderBlock {P} at (0,0) size 784x22
        RenderText {#text} at (0,0) size 399x22
          text run at (0,0) width 399: "This tests the visual position at the end of an editable block."
      RenderBlock {P} at (0,38) size 784x44
        RenderText {#text} at (0,0) size 770x44
          text run at (0,0) width 634: "When the document ended with a <br>, there were visual positions at both [br, 0] and [br, 1]. "
          text run at (634,0) width 136: "This would produce"
          text run at (0,22) width 409: "inconsistent behavior when editing at the end of a document."
      RenderBlock {DIV} at (0,98) size 784x78 [border: (2px solid #AAAAFF)]
        RenderBlock {DIV} at (2,2) size 780x26 [border: (2px solid #FFAAAA)]
          RenderText {#text} at (2,2) size 101x22
            text run at (2,2) width 101: "paragraph one"
        RenderBlock {DIV} at (2,28) size 780x26 [border: (2px solid #FFAAAA)]
          RenderText {#text} at (2,2) size 102x22
            text run at (2,2) width 102: "paragraph two"
        RenderBlock (anonymous) at (2,54) size 780x22
          RenderText {#text} at (0,0) size 8x22
            text run at (0,0) width 8: "x"
caret: position 1 of child 5 {#text} of child 5 {DIV} of body
