EDITING DELEGATE: shouldBeginEditingInDOMRange:range from 0 of DIV > BODY > HTML > #document to 3 of DIV > BODY > HTML > #document
EDITING DELEGATE: webViewDidBeginEditing:WebViewDidBeginEditingNotification
EDITING DELEGATE: webViewDidChangeSelection:WebViewDidChangeSelectionNotification
EDITING DELEGATE: webViewDidChangeSelection:WebViewDidChangeSelectionNotification
EDITING DELEGATE: webViewDidChangeSelection:WebViewDidChangeSelectionNotification
EDITING DELEGATE: webViewDidChangeSelection:WebViewDidChangeSelectionNotification
EDITING DELEGATE: webViewDidChangeSelection:WebViewDidChangeSelectionNotification
EDITING DELEGATE: webViewDidChangeSelection:WebViewDidChangeSelectionNotification
EDITING DELEGATE: webViewDidChangeSelection:WebViewDidChangeSelectionNotification
EDITING DELEGATE: shouldChangeSelectedDOMRange:range from 4 of #text > DIV > DIV > BODY > HTML > #document to 4 of #text > DIV > DIV > BODY > HTML > #document toDOMRange:range from 0 of DIV > DIV > BODY > HTML > #document to 0 of DIV > DIV > BODY > HTML > #document affinity:NSSelectionAffinityDownstream stillSelecting:FALSE
EDITING DELEGATE: webViewDidChangeSelection:WebViewDidChangeSelectionNotification
EDITING DELEGATE: webViewDidChange:WebViewDidChangeNotification
layer at (0,0) size 800x600
  RenderView at (0,0) size 800x600
layer at (0,0) size 800x600
  RenderBlock {HTML} at (0,0) size 800x600
    RenderBody {BODY} at (8,8) size 784x584
      RenderBlock {DIV} at (0,0) size 784x90 [border: (2px solid #0000FF)]
        RenderText {#text} at (14,14) size 720x61
          text run at (14,14) width 720: "Should see \"foo\" and \"bar\" each in a separate red box. Note that the"
          text run at (14,45) width 263: "\"foo\" text is really \"foo \". "
          text run at (277,45) width 69: "There "
        RenderInline {B} at (0,0) size 57x32
          RenderText {#text} at (346,44) size 57x32
            text run at (346,44) width 57: "must"
        RenderText {#text} at (403,45) size 353x30
          text run at (403,45) width 353: " be a space at the end of the line."
      RenderBlock {DIV} at (0,114) size 784x116
        RenderBlock {DIV} at (0,0) size 784x58 [border: (2px solid #FF0000)]
          RenderText {#text} at (14,14) size 40x30
            text run at (14,14) width 33: "foo"
            text run at (47,14) width 7: " "
        RenderBlock {DIV} at (0,58) size 784x58 [border: (2px solid #FF0000)]
          RenderText {#text} at (14,14) size 34x30
            text run at (14,14) width 34: "bar"
caret: position 0 of child 0 {#text} of child 2 {DIV} of child 3 {DIV} of body
