EDITING DELEGATE: shouldBeginEditingInDOMRange:range from 0 of DIV > BODY > HTML > #document to 2 of DIV > BODY > HTML > #document
EDITING DELEGATE: webViewDidBeginEditing:WebViewDidBeginEditingNotification
EDITING DELEGATE: webViewDidChangeSelection:WebViewDidChangeSelectionNotification
EDITING DELEGATE: webViewDidChangeSelection:WebViewDidChangeSelectionNotification
EDITING DELEGATE: webViewDidChangeSelection:WebViewDidChangeSelectionNotification
EDITING DELEGATE: webViewDidChangeSelection:WebViewDidChangeSelectionNotification
EDITING DELEGATE: shouldChangeSelectedDOMRange:range from 1 of DIV > DIV > BODY > HTML > #document to 1 of DIV > BODY > HTML > #document toDOMRange:range from 0 of DIV > DIV > BODY > HTML > #document to 0 of DIV > DIV > BODY > HTML > #document affinity:NSSelectionAffinityDownstream stillSelecting:FALSE
EDITING DELEGATE: webViewDidChangeSelection:WebViewDidChangeSelectionNotification
EDITING DELEGATE: webViewDidChange:WebViewDidChangeNotification
layer at (0,0) size 800x600
  RenderView at (0,0) size 800x600
layer at (0,0) size 800x600
  RenderBlock {HTML} at (0,0) size 800x600
    RenderBody {BODY} at (8,8) size 784x584
      RenderBlock {P} at (0,0) size 784x42
        RenderText {#text} at (0,0) size 777x42
          text run at (0,0) width 635: "This tests inserting a paragraph separator into a selection that spans multiple paragraphs. "
          text run at (635,0) width 142: "'ar' should be on the"
          text run at (0,21) width 372: "line after 'f' and the caret should be just before the 'a'."
      RenderBlock {DIV} at (0,58) size 784x42
        RenderBlock {DIV} at (0,0) size 784x21
          RenderText {#text} at (0,0) size 4x21
            text run at (0,0) width 4: "f"
        RenderBlock {DIV} at (0,21) size 784x21
          RenderText {#text} at (0,0) size 23x21
            text run at (0,0) width 23: "bar"
caret: position 0 of child 0 {#text} of child 1 {DIV} of child 2 {DIV} of body
