EDITING DELEGATE: shouldBeginEditingInDOMRange:range from 0 of DIV > BODY > HTML > #document to 3 of DIV > BODY > HTML > #document
EDITING DELEGATE: webViewDidBeginEditing:WebViewDidBeginEditingNotification
EDITING DELEGATE: webViewDidChangeSelection:WebViewDidChangeSelectionNotification
EDITING DELEGATE: webViewDidChangeSelection:WebViewDidChangeSelectionNotification
EDITING DELEGATE: webViewDidChangeSelection:WebViewDidChangeSelectionNotification
EDITING DELEGATE: webViewDidChangeSelection:WebViewDidChangeSelectionNotification
EDITING DELEGATE: webViewDidChangeSelection:WebViewDidChangeSelectionNotification
EDITING DELEGATE: webViewDidChangeSelection:WebViewDidChangeSelectionNotification
EDITING DELEGATE: shouldChangeSelectedDOMRange:range from 0 of DIV > DIV > DIV > BODY > HTML > #document to 0 of DIV > DIV > DIV > BODY > HTML > #document toDOMRange:range from 0 of DIV > DIV > DIV > BODY > HTML > #document to 0 of DIV > DIV > DIV > BODY > HTML > #document affinity:NSSelectionAffinityDownstream stillSelecting:FALSE
EDITING DELEGATE: webViewDidChangeSelection:WebViewDidChangeSelectionNotification
EDITING DELEGATE: webViewDidChange:WebViewDidChangeNotification
layer at (0,0) size 784x616
  RenderView at (0,0) size 784x600
layer at (0,0) size 784x616
  RenderBlock {HTML} at (0,0) size 784x616
    RenderBody {BODY} at (8,8) size 768x600
      RenderBlock {DIV} at (0,0) size 768x440 [border: (2px solid #0000FF)]
        RenderBlock {DIV} at (14,14) size 740x132
          RenderText {#text} at (0,0) size 67x33
            text run at (0,0) width 67: "Tests: "
          RenderBR {BR} at (0,0) size 0x0
          RenderText {#text} at (0,33) size 640x33
            text run at (0,33) width 640: "A scenario I thought of based on my experiences with this bug:"
          RenderInline {A} at (0,0) size 275x33 [color=#0000EE]
            RenderText {#text} at (0,66) size 275x33
              text run at (0,66) width 275: "<rdar://problem/4045521>"
          RenderText {#text} at (275,66) size 693x66
            text run at (275,66) width 418: " Hitting return key with full line selected"
            text run at (0,99) width 357: "does not add blank line as it should"
        RenderBlock {DIV} at (14,162) size 740x264
          RenderBlock (anonymous) at (0,0) size 740x132
            RenderText {#text} at (0,0) size 189x33
              text run at (0,0) width 189: "Expected Results: "
            RenderBR {BR} at (189,24) size 0x0
            RenderText {#text} at (0,33) size 715x99
              text run at (0,33) width 715: "Should see this content in the red box below (note that there should be"
              text run at (0,66) width 706: "two blank lines between \"foo\" and \"baz\"; also note that the insertion"
              text run at (0,99) width 588: "point should be at the start of the third line, a blank line):"
          RenderBlock {DIV} at (0,132) size 740x33
            RenderText {#text} at (0,0) size 32x33
              text run at (0,0) width 32: "foo"
          RenderBlock {DIV} at (0,165) size 740x33
            RenderBR {BR} at (0,0) size 0x33
          RenderBlock {DIV} at (0,198) size 740x33
            RenderBR {BR} at (0,0) size 0x33
          RenderBlock {DIV} at (0,231) size 740x33
            RenderText {#text} at (0,0) size 36x33
              text run at (0,0) width 36: "baz"
      RenderBlock {DIV} at (0,464) size 768x136
        RenderBlock {DIV} at (0,0) size 768x136 [border: (2px solid #FF0000)]
          RenderBlock {DIV} at (2,2) size 764x33
            RenderText {#text} at (0,0) size 32x33
              text run at (0,0) width 32: "foo"
          RenderBlock {DIV} at (2,35) size 764x33
            RenderBR {BR} at (0,0) size 0x33
          RenderBlock {DIV} at (2,68) size 764x33
            RenderBR {BR} at (0,0) size 0x33
          RenderBlock {DIV} at (2,101) size 764x33
            RenderText {#text} at (0,0) size 36x33
              text run at (0,0) width 36: "baz"
caret: position 0 of child 0 {BR} of child 3 {DIV} of child 1 {DIV} of child 3 {DIV} of body
