layer at (0,0) size 800x600
  RenderView at (0,0) size 800x600
layer at (0,0) size 800x600
  RenderBlock {HTML} at (0,0) size 800x600
    RenderBody {BODY} at (8,16) size 784x566
      RenderBlock {DIV} at (0,0) size 784x20
        RenderText {#text} at (0,0) size 148x19
          text run at (0,0) width 148: "Outline ring painting test."
      RenderBlock {DIV} at (0,36) size 784x99
        RenderBlock (anonymous) at (0,0) size 784x20
        RenderBlock (anonymous) at (0,79) size 784x20
      RenderBlock {DIV} at (0,153) size 784x61
        RenderBlock (anonymous) at (0,0) size 784x0
        RenderBlock (anonymous) at (0,41) size 784x20
      RenderBlock {DIV} at (0,230) size 784x61
        RenderBlock (anonymous) at (0,0) size 784x20
        RenderBlock (anonymous) at (0,79) size 784x0
      RenderBlock {DIV} at (0,309) size 784x23
        RenderBlock (anonymous) at (0,0) size 784x0
        RenderBlock (anonymous) at (0,41) size 784x0
layer at (8,52) size 95x19
  RenderInline (relative positioned) {SPAN} at (0,0) size 95x19
    RenderText {#text} at (0,0) size 95x19
      text run at (0,0) width 95: "Content before."
layer at (8,90) size 784x23
  RenderBlock (anonymous) at (0,38) size 784x23
    RenderBlock {H3} at (0,0) size 784x23
      RenderText {#text} at (0,0) size 146x22
        text run at (0,0) width 146: "Bold with margin."
layer at (8,131) size 79x19
  RenderInline (relative positioned) {SPAN} at (0,0) size 79x19
    RenderText {#text} at (0,0) size 79x19
      text run at (0,0) width 79: "Content after"
layer at (8,169) size 0x0
  RenderInline (relative positioned) {SPAN} at (0,0) size 0x0
layer at (8,169) size 784x23
  RenderBlock (anonymous) at (0,0) size 784x23
    RenderBlock {H3} at (0,0) size 784x23
      RenderText {#text} at (0,0) size 151x22
        text run at (0,0) width 151: "No content before."
layer at (8,210) size 83x19
  RenderInline (relative positioned) {SPAN} at (0,0) size 83x19
    RenderText {#text} at (0,0) size 83x19
      text run at (0,0) width 83: "Content after."
layer at (8,246) size 91x19
  RenderInline (relative positioned) {SPAN} at (0,0) size 91x19
    RenderText {#text} at (0,0) size 91x19
      text run at (0,0) width 91: "Content before"
layer at (8,284) size 784x23
  RenderBlock (anonymous) at (0,38) size 784x23
    RenderBlock {H3} at (0,0) size 784x23
      RenderText {#text} at (0,0) size 175x22
        text run at (0,0) width 175: "But No Content After"
layer at (8,325) size 0x0
  RenderInline (relative positioned) {SPAN} at (0,0) size 0x0
layer at (8,325) size 0x0
  RenderInline (relative positioned) {SPAN} at (0,0) size 0x0
layer at (8,325) size 784x23
  RenderBlock (anonymous) at (0,0) size 784x23
    RenderBlock {H3} at (0,0) size 784x23
      RenderText {#text} at (0,0) size 218x22
        text run at (0,0) width 218: "No content before or after."
layer at (8,366) size 0x0
  RenderInline (relative positioned) {SPAN} at (0,0) size 0x0
