layer at (0,0) size 800x600
  RenderView at (0,0) size 800x600
layer at (0,0) size 800x600
  RenderBlock {HTML} at (0,0) size 800x600
    RenderBody {BODY} at (8,8) size 784x584
      RenderBlock {DIV} at (0,0) size 784x57
        RenderText {#text} at (0,0) size 755x19
          text run at (0,0) width 755: "PASS - \"webkitMaskBoxImage\" property for \"box\" element at 2.25s saw something close to: 0.25"
        RenderBR {BR} at (755,15) size 0x0
        RenderText {#text} at (0,19) size 729x38
          text run at (0,19) width 729: "PASS - \"webkitMaskBoxImage\" property for \"box\" and \"boxStatic\" elements at 2.25s are close"
          text run at (0,38) width 169: "enough to each other"
        RenderBR {BR} at (169,53) size 0x0
layer at (100,100) size 200x200
  RenderImage {IMG} at (100,100) size 200x200 [bgcolor=#FF0000]
layer at (100,300) size 200x200
  RenderImage {IMG} at (100,300) size 200x200 [bgcolor=#FF0000]
