layer at (0,0) size 800x600
  RenderView at (0,0) size 800x600
layer at (0,0) size 800x600
  RenderBlock {HTML} at (0,0) size 800x600
    RenderBody {BODY} at (8,8) size 784x584
      RenderBlock {DIV} at (0,0) size 784x57
        RenderText {#text} at (0,0) size 724x19
          text run at (0,0) width 724: "PASS - \"webkitMaskImage\" property for \"box\" element at 2.25s saw something close to: 0.25"
        RenderBR {BR} at (724,15) size 0x0
        RenderText {#text} at (0,19) size 783x38
          text run at (0,19) width 783: "PASS - \"webkitMaskImage\" property for \"box\" and \"boxStatic\" elements at 2.25s are close enough to"
          text run at (0,38) width 84: "each other"
        RenderBR {BR} at (84,53) size 0x0
layer at (100,100) size 100x100
  RenderImage {IMG} at (100,100) size 100x100 [bgcolor=#FF0000]
layer at (100,200) size 100x100
  RenderImage {IMG} at (100,200) size 100x100 [bgcolor=#FF0000]
