layer at (0,0) size 800x600
  RenderView at (0,0) size 800x600
layer at (0,0) size 800x600
  RenderBlock {HTML} at (0,0) size 800x600
    RenderBody {BODY} at (8,8) size 784x584
      RenderBlock {DIV} at (0,0) size 784x95
        RenderText {#text} at (0,0) size 672x19
          text run at (0,0) width 672: "PASS - \"listStyleImage\" property for \"box\" element at 2.5s saw something close to: 0.5"
        RenderBR {BR} at (672,15) size 0x0
        RenderText {#text} at (0,19) size 783x38
          text run at (0,19) width 783: "PASS - \"listStyleImage\" property for \"box\" and \"boxStatic\" elements at 2.5s are close enough to each"
          text run at (0,38) width 42: "other"
        RenderBR {BR} at (42,53) size 0x0
        RenderText {#text} at (0,57) size 738x38
          text run at (0,57) width 738: "PASS - \"listStyleImage\" property for \"boxShorthand\" and \"boxStatic\" elements at 2.5s are close"
          text run at (0,76) width 169: "enough to each other"
        RenderBR {BR} at (169,91) size 0x0
layer at (100,116) size 140x100
  RenderBlock (positioned) {UL} at (100,116) size 140x100
    RenderListItem {LI} at (40,0) size 100x104
      RenderListMarker at (-107,0) size 100x100
      RenderText {#text} at (0,85) size 29x19
        text run at (0,85) width 29: "one"
    RenderListItem {LI} at (40,104) size 100x104
      RenderListMarker at (-107,0) size 100x100
      RenderText {#text} at (0,85) size 29x19
        text run at (0,85) width 29: "two"
layer at (100,366) size 140x100
  RenderBlock (positioned) {UL} at (100,366) size 140x100
    RenderListItem {LI} at (40,0) size 100x104
      RenderListMarker at (-107,0) size 100x100
      RenderText {#text} at (0,85) size 29x19
        text run at (0,85) width 29: "one"
    RenderListItem {LI} at (40,104) size 100x104
      RenderListMarker at (-107,0) size 100x100
      RenderText {#text} at (0,85) size 29x19
        text run at (0,85) width 29: "two"
layer at (400,116) size 140x100
  RenderBlock (positioned) {UL} at (400,116) size 140x100
    RenderListItem {LI} at (40,0) size 100x104
      RenderListMarker at (-107,0) size 100x100
      RenderText {#text} at (0,85) size 29x19
        text run at (0,85) width 29: "one"
    RenderListItem {LI} at (40,104) size 100x104
      RenderListMarker at (-107,0) size 100x100
      RenderText {#text} at (0,85) size 29x19
        text run at (0,85) width 29: "two"
