layer at (0,0) size 800x1399
  RenderView at (0,0) size 800x600
layer at (0,0) size 800x1399
  RenderBlock {html} at (0,0) size 800x1400
    RenderBody {body} at (8,8) size 784x0
      RenderBlock (floating) {div} at (0,0) size 784x1392
        RenderBlock {h1} at (0,21) size 784x38
          RenderText {#text} at (0,0) size 443x36
            text run at (0,0) width 443: "SVG grid with percentage width"
        RenderBlock {h4} at (0,79) size 784x21
          RenderText {#text} at (0,0) size 146x19
            text run at (0,0) width 146: "WICD Core 1.0 #20-3"
        RenderBlock {p} at (0,121) size 784x1
          RenderEmbeddedObject {object} at (0,0) size 392x131
            layer at (0,0) size 392x131
              RenderView at (0,0) size 392x131
            layer at (0,0) size 392x131
              RenderSVGRoot {svg} at (0,0) size 392x131
                RenderSVGHiddenContainer {defs} at (0,0) size 0x0
                  RenderSVGResourceLinearGradient {linearGradient} [id="surface"] [gradientUnits=objectBoundingBox] [start=(1,0)] [end=(1,1)]
                    RenderSVGGradientStop {stop} [offset=0.00] [color=#FFFFFF]
                    RenderSVGGradientStop {stop} [offset=1.00] [color=#FFEEAA]
                RenderSVGRect {rect} at (0,0) size 392x131 [stroke={[type=SOLID] [color=#FFCC33] [stroke width=2.00]}] [fill={[type=LINEAR-GRADIENT] [id="surface"]}] [x=1.00] [y=1.00] [width=118.00] [height=38.00]
                RenderSVGText {text} at (52,9) size 15x23 contains 1 chunk(s)
                  RenderSVGInlineText {#text} at (0,0) size 15x23
                    chunk 1 (middle anchor) text run 1 at (52.96,27.00) startOffset 0 endOffset 1 width 14.08: "A"
          RenderEmbeddedObject {object} at (392,0) size 392x131
            layer at (0,0) size 392x131
              RenderView at (0,0) size 392x131
            layer at (0,0) size 392x131
              RenderSVGRoot {svg} at (0,0) size 392x131
                RenderSVGHiddenContainer {defs} at (0,0) size 0x0
                  RenderSVGResourceLinearGradient {linearGradient} [id="surface"] [gradientUnits=objectBoundingBox] [start=(1,0)] [end=(1,1)]
                    RenderSVGGradientStop {stop} [offset=0.00] [color=#FFFFFF]
                    RenderSVGGradientStop {stop} [offset=1.00] [color=#FFEEAA]
                RenderSVGRect {rect} at (0,0) size 392x131 [stroke={[type=SOLID] [color=#FFCC33] [stroke width=2.00]}] [fill={[type=LINEAR-GRADIENT] [id="surface"]}] [x=1.00] [y=1.00] [width=118.00] [height=38.00]
                RenderSVGText {text} at (54,9) size 12x23 contains 1 chunk(s)
                  RenderSVGInlineText {#text} at (0,0) size 12x23
                    chunk 1 (middle anchor) text run 1 at (54.18,27.00) startOffset 0 endOffset 1 width 11.63: "L"
          RenderEmbeddedObject {object} at (0,131) size 262x457
            layer at (0,0) size 261x457
              RenderView at (0,0) size 261x457
            layer at (0,0) size 261x457
              RenderSVGRoot {svg} at (0,0) size 261x457
                RenderSVGHiddenContainer {defs} at (0,0) size 0x0
                  RenderSVGResourceLinearGradient {linearGradient} [id="surface"] [gradientUnits=objectBoundingBox] [start=(1,0)] [end=(1,1)]
                    RenderSVGGradientStop {stop} [offset=0.00] [color=#FFFFFF]
                    RenderSVGGradientStop {stop} [offset=1.00] [color=#FFEEAA]
                RenderSVGContainer {a} at (0,0) size 131x131
                  RenderSVGRect {rect} at (0,0) size 131x131 [stroke={[type=SOLID] [color=#FFCC33] [stroke width=2.00]}] [fill={[type=LINEAR-GRADIENT] [id="surface"]}] [x=1.00] [y=1.00] [width=38.00] [height=38.00]
                  RenderSVGText {text} at (13,9) size 14x23 contains 1 chunk(s)
                    RenderSVGInlineText {#text} at (0,0) size 14x23
                      chunk 1 (middle anchor) text run 1 at (13.41,27.00) startOffset 0 endOffset 1 width 13.17: "B"
                RenderSVGContainer {a} at (130,0) size 131x131
                  RenderSVGRect {rect} at (130,0) size 131x131 [stroke={[type=SOLID] [color=#FFCC33] [stroke width=2.00]}] [fill={[type=LINEAR-GRADIENT] [id="surface"]}] [x=41.00] [y=1.00] [width=38.00] [height=38.00]
                RenderSVGContainer {a} at (0,163) size 131x131
                  RenderSVGEllipse {circle} at (0,163) size 131x131 [stroke={[type=SOLID] [color=#FFCC33] [stroke width=2.00]}] [fill={[type=LINEAR-GRADIENT] [id="surface"]}] [cx=20.00] [cy=70.00] [r=19.00]
                  RenderSVGText {text} at (13,59) size 14x23 contains 1 chunk(s)
                    RenderSVGInlineText {#text} at (0,0) size 14x23
                      chunk 1 (middle anchor) text run 1 at (13.41,77.00) startOffset 0 endOffset 1 width 13.17: "C"
                RenderSVGContainer {a} at (130,163) size 131x131
                  RenderSVGEllipse {circle} at (130,163) size 131x131 [stroke={[type=SOLID] [color=#FFCC33] [stroke width=2.00]}] [fill={[type=LINEAR-GRADIENT] [id="surface"]}] [cx=60.00] [cy=70.00] [r=19.00]
                RenderSVGContainer {a} at (0,326) size 131x131
                  RenderSVGEllipse {circle} at (0,326) size 131x131 [stroke={[type=SOLID] [color=#FFCC33] [stroke width=2.00]}] [fill={[type=LINEAR-GRADIENT] [id="surface"]}] [cx=20.00] [cy=120.00] [r=19.00]
                  RenderSVGText {text} at (12,109) size 15x23 contains 1 chunk(s)
                    RenderSVGInlineText {#text} at (0,0) size 15x23
                      chunk 1 (middle anchor) text run 1 at (12.80,127.00) startOffset 0 endOffset 1 width 14.40: "D"
                RenderSVGContainer {a} at (130,326) size 131x131
                  RenderSVGEllipse {circle} at (130,326) size 131x131 [stroke={[type=SOLID] [color=#FFCC33] [stroke width=2.00]}] [fill={[type=LINEAR-GRADIENT] [id="surface"]}] [cx=60.00] [cy=120.00] [r=19.00]
                  RenderSVGText {text} at (53,109) size 13x23 contains 1 chunk(s)
                    RenderSVGInlineText {#text} at (0,0) size 13x23
                      chunk 1 (middle anchor) text run 1 at (53.87,127.00) startOffset 0 endOffset 1 width 12.25: "E"
          RenderBlock (floating) {div} at (261,131) size 262x457
            RenderEmbeddedObject {object} at (0,0) size 262x261
              layer at (0,0) size 261x261
                RenderView at (0,0) size 261x261
              layer at (0,0) size 261x261
                RenderSVGRoot {svg} at (0,0) size 261x261
                  RenderSVGHiddenContainer {defs} at (0,0) size 0x0
                    RenderSVGResourceLinearGradient {linearGradient} [id="surface"] [gradientUnits=objectBoundingBox] [start=(1,0)] [end=(1,1)]
                      RenderSVGGradientStop {stop} [offset=0.00] [color=#FFFFFF]
                      RenderSVGGradientStop {stop} [offset=1.00] [color=#FFEEAA]
                  RenderSVGRect {rect} at (0,0) size 261x261 [stroke={[type=SOLID] [color=#FFCC33] [stroke width=2.00]}] [fill={[type=LINEAR-GRADIENT] [id="surface"]}] [x=1.00] [y=1.00] [width=78.00] [height=78.00]
                  RenderSVGText {text} at (32,29) size 15x23 contains 1 chunk(s)
                    RenderSVGInlineText {#text} at (0,0) size 15x23
                      chunk 1 (middle anchor) text run 1 at (32.80,47.00) startOffset 0 endOffset 1 width 14.41: "K"
            RenderBR {br} at (261,0) size 0x19
            RenderEmbeddedObject {object} at (0,261) size 262x196
              layer at (0,0) size 261x196
                RenderView at (0,0) size 261x196
              layer at (0,0) size 261x196
                RenderSVGRoot {svg} at (0,0) size 261x196
                  RenderSVGHiddenContainer {defs} at (0,0) size 0x0
                    RenderSVGResourceLinearGradient {linearGradient} [id="surface"] [gradientUnits=objectBoundingBox] [start=(1,0)] [end=(1,1)]
                      RenderSVGGradientStop {stop} [offset=0.00] [color=#FFFFFF]
                      RenderSVGGradientStop {stop} [offset=1.00] [color=#FFEEAA]
                  RenderSVGRect {rect} at (0,0) size 261x196 [stroke={[type=SOLID] [color=#FFCC33] [stroke width=2.00]}] [fill={[type=LINEAR-GRADIENT] [id="surface"]}] [x=1.00] [y=1.00] [width=78.00] [height=58.00]
                  RenderSVGText {text} at (36,19) size 8x23 contains 1 chunk(s)
                    RenderSVGInlineText {#text} at (0,0) size 8x23
                      chunk 1 (middle anchor) text run 1 at (36.17,37.00) startOffset 0 endOffset 1 width 7.65: "J"
          RenderBlock (floating) {div} at (522,131) size 262x457
            RenderEmbeddedObject {object} at (0,0) size 262x261
              layer at (0,0) size 261x261
                RenderView at (0,0) size 261x261
              layer at (0,0) size 261x261
                RenderSVGRoot {svg} at (0,0) size 261x261
                  RenderSVGHiddenContainer {defs} at (0,0) size 0x0
                    RenderSVGResourceLinearGradient {linearGradient} [id="surface"] [gradientUnits=objectBoundingBox] [start=(1,0)] [end=(1,1)]
                      RenderSVGGradientStop {stop} [offset=0.00] [color=#FFFFFF]
                      RenderSVGGradientStop {stop} [offset=1.00] [color=#FFEEAA]
                  RenderSVGContainer {a} at (0,0) size 131x131
                    RenderSVGRect {rect} at (0,0) size 131x131 [stroke={[type=SOLID] [color=#FFCC33] [stroke width=2.00]}] [fill={[type=LINEAR-GRADIENT] [id="surface"]}] [x=1.00] [y=1.00] [width=38.00] [height=38.00]
                    RenderSVGText {text} at (11,9) size 18x23 contains 1 chunk(s)
                      RenderSVGInlineText {#text} at (0,0) size 18x23
                        chunk 1 (middle anchor) text run 1 at (11.11,27.00) startOffset 0 endOffset 1 width 17.78: "M"
                  RenderSVGContainer {a} at (130,0) size 131x131
                    RenderSVGRect {rect} at (130,0) size 131x131 [stroke={[type=SOLID] [color=#FFCC33] [stroke width=2.00]}] [fill={[type=LINEAR-GRADIENT] [id="surface"]}] [x=41.00] [y=1.00] [width=38.00] [height=38.00]
                    RenderSVGText {text} at (52,9) size 15x23 contains 1 chunk(s)
                      RenderSVGInlineText {#text} at (0,0) size 15x23
                        chunk 1 (middle anchor) text run 1 at (52.80,27.00) startOffset 0 endOffset 1 width 14.41: "N"
                  RenderSVGContainer {a} at (0,130) size 131x131
                    RenderSVGRect {rect} at (0,130) size 131x131 [stroke={[type=SOLID] [color=#FFCC33] [stroke width=2.00]}] [fill={[type=LINEAR-GRADIENT] [id="surface"]}] [x=1.00] [y=41.00] [width=38.00] [height=38.00]
                    RenderSVGText {text} at (14,49) size 12x23 contains 1 chunk(s)
                      RenderSVGInlineText {#text} at (0,0) size 12x23
                        chunk 1 (middle anchor) text run 1 at (14.48,67.00) startOffset 0 endOffset 1 width 11.03: "P"
                  RenderSVGContainer {a} at (130,130) size 131x131
                    RenderSVGRect {rect} at (130,130) size 131x131 [stroke={[type=SOLID] [color=#FFCC33] [stroke width=2.00]}] [fill={[type=LINEAR-GRADIENT] [id="surface"]}] [x=41.00] [y=41.00] [width=38.00] [height=38.00]
                    RenderSVGText {text} at (52,49) size 15x23 contains 1 chunk(s)
                      RenderSVGInlineText {#text} at (0,0) size 15x23
                        chunk 1 (middle anchor) text run 1 at (52.80,67.00) startOffset 0 endOffset 1 width 14.41: "O"
            RenderEmbeddedObject {object} at (0,261) size 262x196
              layer at (0,0) size 261x196
                RenderView at (0,0) size 261x196
              layer at (0,0) size 261x196
                RenderSVGRoot {svg} at (0,0) size 261x196
                  RenderSVGHiddenContainer {defs} at (0,0) size 0x0
                    RenderSVGResourceLinearGradient {linearGradient} [id="surface"] [gradientUnits=objectBoundingBox] [start=(1,0)] [end=(1,1)]
                      RenderSVGGradientStop {stop} [offset=0.00] [color=#FFFFFF]
                      RenderSVGGradientStop {stop} [offset=1.00] [color=#FFEEAA]
                  RenderSVGEllipse {ellipse} at (0,0) size 261x196 [stroke={[type=SOLID] [color=#FFCC33] [stroke width=2.00]}] [fill={[type=LINEAR-GRADIENT] [id="surface"]}] [cx=40.00] [cy=30.00] [rx=39.00] [ry=29.00]
                  RenderSVGText {text} at (32,19) size 15x23 contains 1 chunk(s)
                    RenderSVGInlineText {#text} at (0,0) size 15x23
                      chunk 1 (middle anchor) text run 1 at (32.81,37.00) startOffset 0 endOffset 1 width 14.39: "Q"
          RenderEmbeddedObject {object} at (0,588) size 392x131
            layer at (0,0) size 392x131
              RenderView at (0,0) size 392x131
            layer at (0,0) size 392x131
              RenderSVGRoot {svg} at (0,0) size 392x131
                RenderSVGHiddenContainer {defs} at (0,0) size 0x0
                  RenderSVGResourceLinearGradient {linearGradient} [id="surface"] [gradientUnits=objectBoundingBox] [start=(1,0)] [end=(1,1)]
                    RenderSVGGradientStop {stop} [offset=0.00] [color=#FFFFFF]
                    RenderSVGGradientStop {stop} [offset=1.00] [color=#FFEEAA]
                RenderSVGRect {rect} at (0,0) size 392x131 [stroke={[type=SOLID] [color=#FFCC33] [stroke width=2.00]}] [fill={[type=LINEAR-GRADIENT] [id="surface"]}] [x=1.00] [y=1.00] [width=118.00] [height=38.00]
                RenderSVGText {text} at (54,9) size 11x23 contains 1 chunk(s)
                  RenderSVGInlineText {#text} at (0,0) size 11x23
                    chunk 1 (middle anchor) text run 1 at (54.64,27.00) startOffset 0 endOffset 1 width 10.71: "F"
          RenderEmbeddedObject {object} at (392,588) size 392x131
            layer at (0,0) size 392x131
              RenderView at (0,0) size 392x131
            layer at (0,0) size 392x131
              RenderSVGRoot {svg} at (0,0) size 392x131
                RenderSVGHiddenContainer {defs} at (0,0) size 0x0
                  RenderSVGResourceLinearGradient {linearGradient} [id="surface"] [gradientUnits=objectBoundingBox] [start=(1,0)] [end=(1,1)]
                    RenderSVGGradientStop {stop} [offset=0.00] [color=#FFFFFF]
                    RenderSVGGradientStop {stop} [offset=1.00] [color=#FFEEAA]
                RenderSVGRect {rect} at (0,0) size 392x131 [stroke={[type=SOLID] [color=#FFCC33] [stroke width=2.00]}] [fill={[type=LINEAR-GRADIENT] [id="surface"]}] [x=1.00] [y=1.00] [width=118.00] [height=38.00]
                RenderSVGText {text} at (56,9) size 7x23 contains 1 chunk(s)
                  RenderSVGInlineText {#text} at (0,0) size 7x23
                    chunk 1 (middle anchor) text run 1 at (56.94,27.00) startOffset 0 endOffset 1 width 6.12: "I"
          RenderBlock (floating) {div} at (0,719) size 392x196
            RenderEmbeddedObject {object} at (0,0) size 98x196
              layer at (0,0) size 98x196
                RenderView at (0,0) size 98x196
              layer at (0,0) size 98x196
                RenderSVGRoot {svg} at (0,0) size 98x196
                  RenderSVGHiddenContainer {defs} at (0,0) size 0x0
                    RenderSVGResourceLinearGradient {linearGradient} [id="surface"] [gradientUnits=objectBoundingBox] [start=(1,0)] [end=(1,1)]
                      RenderSVGGradientStop {stop} [offset=0.00] [color=#FFFFFF]
                      RenderSVGGradientStop {stop} [offset=1.00] [color=#FFEEAA]
                  RenderSVGRect {rect} at (0,0) size 98x196 [stroke={[type=SOLID] [color=#FFCC33] [stroke width=2.00]}] [fill={[type=LINEAR-GRADIENT] [id="surface"]}] [x=1.00] [y=1.00] [width=28.00] [height=58.00]
            RenderEmbeddedObject {object} at (98,0) size 294x196
              layer at (0,0) size 294x196
                RenderView at (0,0) size 294x196
              layer at (0,0) size 294x196
                RenderSVGRoot {svg} at (0,0) size 294x196
                  RenderSVGHiddenContainer {defs} at (0,0) size 0x0
                    RenderSVGResourceLinearGradient {linearGradient} [id="surface"] [gradientUnits=objectBoundingBox] [start=(1,0)] [end=(1,1)]
                      RenderSVGGradientStop {stop} [offset=0.00] [color=#FFFFFF]
                      RenderSVGGradientStop {stop} [offset=1.00] [color=#FFEEAA]
                  RenderSVGRect {rect} at (0,0) size 294x196 [stroke={[type=SOLID] [color=#FFCC33] [stroke width=2.00]}] [fill={[type=LINEAR-GRADIENT] [id="surface"]}] [x=1.00] [y=1.00] [width=88.00] [height=58.00]
                  RenderSVGText {text} at (37,19) size 15x23 contains 1 chunk(s)
                    RenderSVGInlineText {#text} at (0,0) size 15x23
                      chunk 1 (middle anchor) text run 1 at (37.96,37.00) startOffset 0 endOffset 1 width 14.08: "G"
          RenderBlock (floating) {div} at (392,719) size 392x196
            RenderEmbeddedObject {object} at (0,0) size 196x196
              layer at (0,0) size 196x196
                RenderView at (0,0) size 196x196
              layer at (0,0) size 196x196
                RenderSVGRoot {svg} at (0,0) size 196x196
                  RenderSVGHiddenContainer {defs} at (0,0) size 0x0
                    RenderSVGResourceLinearGradient {linearGradient} [id="surface"] [gradientUnits=objectBoundingBox] [start=(1,0)] [end=(1,1)]
                      RenderSVGGradientStop {stop} [offset=0.00] [color=#FFFFFF]
                      RenderSVGGradientStop {stop} [offset=1.00] [color=#FFEEAA]
                  RenderSVGEllipse {ellipse} at (0,0) size 196x196 [stroke={[type=SOLID] [color=#FFCC33] [stroke width=2.00]}] [fill={[type=LINEAR-GRADIENT] [id="surface"]}] [cx=30.00] [cy=30.00] [rx=29.00] [ry=29.00]
                  RenderSVGText {text} at (22,19) size 15x23 contains 1 chunk(s)
                    RenderSVGInlineText {#text} at (0,0) size 15x23
                      chunk 1 (middle anchor) text run 1 at (22.81,37.00) startOffset 0 endOffset 1 width 14.39: "H"
            RenderEmbeddedObject {object} at (196,0) size 196x196
              layer at (0,0) size 196x196
                RenderView at (0,0) size 196x196
              layer at (0,0) size 196x196
                RenderSVGRoot {svg} at (0,0) size 196x196
                  RenderSVGHiddenContainer {defs} at (0,0) size 0x0
                    RenderSVGResourceLinearGradient {linearGradient} [id="surface"] [gradientUnits=objectBoundingBox] [start=(1,0)] [end=(1,1)]
                      RenderSVGGradientStop {stop} [offset=0.00] [color=#FFFFFF]
                      RenderSVGGradientStop {stop} [offset=1.00] [color=#FFEEAA]
                  RenderSVGRect {rect} at (0,0) size 196x196 [stroke={[type=SOLID] [color=#FFCC33] [stroke width=2.00]}] [fill={[type=LINEAR-GRADIENT] [id="surface"]}] [x=1.00] [y=1.00] [width=58.00] [height=58.00]
                  RenderSVGText {text} at (23,19) size 14x23 contains 1 chunk(s)
                    RenderSVGInlineText {#text} at (0,0) size 14x23
                      chunk 1 (middle anchor) text run 1 at (23.42,37.00) startOffset 0 endOffset 1 width 13.16: "R"
          RenderEmbeddedObject {object} at (0,915) size 196x131
            layer at (0,0) size 196x131
              RenderView at (0,0) size 196x131
            layer at (0,0) size 196x131
              RenderSVGRoot {svg} at (0,0) size 196x131
                RenderSVGHiddenContainer {defs} at (0,0) size 0x0
                  RenderSVGResourceLinearGradient {linearGradient} [id="surface"] [gradientUnits=objectBoundingBox] [start=(1,0)] [end=(1,1)]
                    RenderSVGGradientStop {stop} [offset=0.00] [color=#FFFFFF]
                    RenderSVGGradientStop {stop} [offset=1.00] [color=#FFEEAA]
                RenderSVGEllipse {ellipse} at (0,0) size 196x131 [stroke={[type=SOLID] [color=#FFCC33] [stroke width=2.00]}] [fill={[type=LINEAR-GRADIENT] [id="surface"]}] [cx=30.00] [cy=20.00] [rx=29.00] [ry=19.00]
          RenderEmbeddedObject {object} at (196,915) size 196x131
            layer at (0,0) size 196x131
              RenderView at (0,0) size 196x131
            layer at (0,0) size 196x131
              RenderSVGRoot {svg} at (0,0) size 196x131
                RenderSVGHiddenContainer {defs} at (0,0) size 0x0
                  RenderSVGResourceLinearGradient {linearGradient} [id="surface"] [gradientUnits=objectBoundingBox] [start=(1,0)] [end=(1,1)]
                    RenderSVGGradientStop {stop} [offset=0.00] [color=#FFFFFF]
                    RenderSVGGradientStop {stop} [offset=1.00] [color=#FFEEAA]
                RenderSVGEllipse {ellipse} at (0,0) size 196x131 [stroke={[type=SOLID] [color=#FFCC33] [stroke width=2.00]}] [fill={[type=LINEAR-GRADIENT] [id="surface"]}] [cx=30.00] [cy=20.00] [rx=29.00] [ry=19.00]
          RenderBlock (floating) {div} at (392,915) size 392x131
            RenderEmbeddedObject {object} at (0,0) size 294x131
              layer at (0,0) size 294x131
                RenderView at (0,0) size 294x131
              layer at (0,0) size 294x131
                RenderSVGRoot {svg} at (0,0) size 294x131
                  RenderSVGHiddenContainer {defs} at (0,0) size 0x0
                    RenderSVGResourceLinearGradient {linearGradient} [id="surface"] [gradientUnits=objectBoundingBox] [start=(1,0)] [end=(1,1)]
                      RenderSVGGradientStop {stop} [offset=0.00] [color=#FFFFFF]
                      RenderSVGGradientStop {stop} [offset=1.00] [color=#FFEEAA]
                  RenderSVGRect {rect} at (0,0) size 294x131 [stroke={[type=SOLID] [color=#FFCC33] [stroke width=2.00]}] [fill={[type=LINEAR-GRADIENT] [id="surface"]}] [x=1.00] [y=1.00] [width=88.00] [height=38.00]
                  RenderSVGText {text} at (39,9) size 12x23 contains 1 chunk(s)
                    RenderSVGInlineText {#text} at (0,0) size 12x23
                      chunk 1 (middle anchor) text run 1 at (39.49,27.00) startOffset 0 endOffset 1 width 11.02: "S"
            RenderEmbeddedObject {object} at (294,0) size 98x131
              layer at (0,0) size 98x131
                RenderView at (0,0) size 98x131
              layer at (0,0) size 98x131
                RenderSVGRoot {svg} at (0,0) size 98x131
                  RenderSVGHiddenContainer {defs} at (0,0) size 0x0
                    RenderSVGResourceLinearGradient {linearGradient} [id="surface"] [gradientUnits=objectBoundingBox] [start=(1,0)] [end=(1,1)]
                      RenderSVGGradientStop {stop} [offset=0.00] [color=#FFFFFF]
                      RenderSVGGradientStop {stop} [offset=1.00] [color=#FFEEAA]
                  RenderSVGRect {rect} at (0,0) size 98x131 [stroke={[type=SOLID] [color=#FFCC33] [stroke width=2.00]}] [fill={[type=LINEAR-GRADIENT] [id="surface"]}] [x=1.00] [y=1.00] [width=28.00] [height=38.00]
                  RenderSVGText {text} at (8,9) size 13x23 contains 1 chunk(s)
                    RenderSVGInlineText {#text} at (0,0) size 13x23
                      chunk 1 (middle anchor) text run 1 at (8.88,27.00) startOffset 0 endOffset 1 width 12.24: "T"
        RenderBlock {p} at (0,121) size 784x1067 [color=#FFFFFF]
          RenderBR {br} at (784,0) size 0x19
          RenderText {#text} at (0,1046) size 8x19
            text run at (0,1046) width 8: ".."
        RenderBlock {p} at (0,1203) size 784x61
          RenderText {#text} at (0,0) size 774x39
            text run at (0,0) width 603: "Above, you should see a grid of 17 SVG child elements sticked together to build one rectangle grid. "
            text run at (603,0) width 171: "You should be able to resize"
            text run at (0,20) width 740: "your browser window and the grid rendering should adjust to it. The outcome should look like in these sample screenshots: "
          RenderInline {a} at (0,0) size 30x19 [color=#0000EE]
            RenderText {#text} at (740,20) size 30x19
              text run at (740,20) width 30: "small"
          RenderText {#text} at (770,20) size 4x19
            text run at (770,20) width 4: ","
          RenderInline {a} at (0,0) size 37x19 [color=#0000EE]
            RenderText {#text} at (0,40) size 37x19
              text run at (0,40) width 37: "bigger"
          RenderText {#text} at (37,40) size 30x19
            text run at (37,40) width 30: " and "
          RenderInline {a} at (0,0) size 18x19 [color=#0000EE]
            RenderText {#text} at (67,40) size 18x19
              text run at (67,40) width 18: "big"
          RenderText {#text} at (85,40) size 4x19
            text run at (85,40) width 4: "."
        RenderBlock {p} at (0,1279) size 784x41
          RenderText {#text} at (0,0) size 755x39
            text run at (0,0) width 755: "The test is successful, if all SVG elements resize exacly dependend on the width of the browser window, but keep their aspect"
            text run at (0,20) width 553: "ratio and relative position. The complete grid should always show a perfect rectangle object."
        RenderBlock {p} at (0,1335) size 784x41
          RenderBR {br} at (0,0) size 0x19
          RenderInline {a} at (0,0) size 32x19 [color=#0000EE]
            RenderText {#text} at (0,20) size 32x19
              text run at (0,20) width 32: "Back"
