layer at (0,0) size 800x868
  RenderView at (0,0) size 800x600
layer at (0,0) size 800x868
  RenderBlock {html} at (0,0) size 800x869
    RenderBody {body} at (48,30) size 752x831
      RenderBlock {div} at (0,0) size 752x830
        RenderBlock {h1} at (0,0) size 692x31
          RenderText {#text} at (0,0) size 387x30
            text run at (0,0) width 387: "rightsizing to percentage width"
        RenderBlock {h4} at (0,31) size 752x16
          RenderText {#text} at (0,0) size 138x16
            text run at (0,0) width 138: "WICD Core 1.0 #20-2"
        RenderBlock (anonymous) at (0,66) size 752x306
          RenderEmbeddedObject {object} at (0,0) size 301x301 [bgcolor=#FF0000]
            layer at (0,0) size 301x301
              RenderView at (0,0) size 301x301
            layer at (0,0) size 301x301
              RenderSVGRoot {svg} at (0,0) size 301x301
                RenderSVGHiddenContainer {defs} at (0,0) size 0x0
                RenderSVGRect {rect} at (0,0) size 301x301 [fill={[type=SOLID] [color=#5588FF]}] [x=-3000.00] [y=-1000.00] [width=6200.00] [height=2200.00]
                RenderSVGEllipse {circle} at (0,0) size 301x301 [fill={[type=SOLID] [color=#0000FF]}] [cx=100.00] [cy=100.00] [r=100.00]
                RenderSVGContainer {g} at (39,90) size 223x124
                  RenderSVGText {text} at (26,60) size 147x82 contains 1 chunk(s)
                    RenderSVGInlineText {#text} at (0,0) size 147x82
                      chunk 1 (middle anchor) text run 1 at (26.91,125.00) startOffset 0 endOffset 3 width 146.17: "SVG"
          RenderText {#text} at (300,286) size 5x18
            text run at (300,286) width 5: " "
          RenderEmbeddedObject {object} at (304,151) size 152x150 [bgcolor=#FF0000]
            layer at (0,0) size 150x150
              RenderView at (0,0) size 150x150
            layer at (0,0) size 150x150
              RenderSVGRoot {svg} at (0,0) size 150x150
                RenderSVGHiddenContainer {defs} at (0,0) size 0x0
                RenderSVGRect {rect} at (0,0) size 150x150 [fill={[type=SOLID] [color=#5588FF]}] [x=-3000.00] [y=-1000.00] [width=6200.00] [height=2200.00]
                RenderSVGEllipse {circle} at (0,0) size 150x150 [fill={[type=SOLID] [color=#0000FF]}] [cx=100.00] [cy=100.00] [r=100.00]
                RenderSVGContainer {g} at (19,44) size 112x63
                  RenderSVGText {text} at (26,59) size 148x83 contains 1 chunk(s)
                    RenderSVGInlineText {#text} at (0,0) size 148x83
                      chunk 1 (middle anchor) text run 1 at (26.02,125.00) startOffset 0 endOffset 3 width 147.96: "SVG"
          RenderText {#text} at (455,286) size 5x18
            text run at (455,286) width 5: " "
          RenderEmbeddedObject {object} at (459,226) size 76x75 [bgcolor=#FF0000]
            layer at (0,0) size 75x75
              RenderView at (0,0) size 75x75
            layer at (0,0) size 75x75
              RenderSVGRoot {svg} at (0,0) size 75x75
                RenderSVGHiddenContainer {defs} at (0,0) size 0x0
                RenderSVGRect {rect} at (0,0) size 75x75 [fill={[type=SOLID] [color=#5588FF]}] [x=-3000.00] [y=-1000.00] [width=6200.00] [height=2200.00]
                RenderSVGEllipse {circle} at (0,0) size 75x75 [fill={[type=SOLID] [color=#0000FF]}] [cx=100.00] [cy=100.00] [r=100.00]
                RenderSVGContainer {g} at (10,22) size 55x32
                  RenderSVGText {text} at (27,60) size 146x81 contains 1 chunk(s)
                    RenderSVGInlineText {#text} at (0,0) size 146x81
                      chunk 1 (middle anchor) text run 1 at (27.42,125.00) startOffset 0 endOffset 3 width 145.17: "SVG"
          RenderText {#text} at (534,286) size 5x18
            text run at (534,286) width 5: " "
          RenderEmbeddedObject {object} at (538,263) size 38x38 [bgcolor=#FF0000]
            layer at (0,0) size 38x38
              RenderView at (0,0) size 38x38
            layer at (0,0) size 38x38
              RenderSVGRoot {svg} at (0,0) size 38x38
                RenderSVGHiddenContainer {defs} at (0,0) size 0x0
                RenderSVGRect {rect} at (0,0) size 38x38 [fill={[type=SOLID] [color=#5588FF]}] [x=-3000.00] [y=-1000.00] [width=6200.00] [height=2200.00]
                RenderSVGEllipse {circle} at (0,0) size 38x38 [fill={[type=SOLID] [color=#0000FF]}] [cx=100.00] [cy=100.00] [r=100.00]
                RenderSVGContainer {g} at (5,11) size 28x16
                  RenderSVGText {text} at (27,60) size 145x81 contains 1 chunk(s)
                    RenderSVGInlineText {#text} at (0,0) size 145x81
                      chunk 1 (middle anchor) text run 1 at (27.60,125.00) startOffset 0 endOffset 3 width 144.80: "SVG"
          RenderText {#text} at (0,0) size 0x0
        RenderBlock {p} at (0,374) size 692x69
          RenderText {#text} at (0,0) size 681x34
            text run at (0,0) width 681: "Above there must be four times the same, square SVG child visible, each referenced by an object element with"
            text run at (0,17) width 384: "different widths (40%, 20%, 10%, 5%) and no height defined. "
          RenderBR {br} at (0,0) size 0x0
          RenderBR {br} at (0,34) size 0x17
          RenderText {#text} at (0,51) size 398x17
            text run at (0,51) width 398: "Beyond there is the same, only with PNG images instead of SVG."
        RenderBlock (anonymous) at (0,447) size 752x306
          RenderImage {object} at (0,0) size 301x301 [bgcolor=#FF0000]
          RenderText {#text} at (300,286) size 5x18
            text run at (300,286) width 5: " "
          RenderImage {object} at (304,151) size 152x150 [bgcolor=#FF0000]
          RenderText {#text} at (455,286) size 5x18
            text run at (455,286) width 5: " "
          RenderImage {object} at (459,226) size 76x75 [bgcolor=#FF0000]
          RenderText {#text} at (534,286) size 5x18
            text run at (534,286) width 5: " "
          RenderImage {object} at (538,263) size 38x38 [bgcolor=#FF0000]
          RenderText {#text} at (0,0) size 0x0
        RenderBlock {p} at (0,755) size 692x35
          RenderText {#text} at (0,0) size 661x34
            text run at (0,0) width 661: "This test has succeeded, if both rows look exactly the same (SVGs must be square!) and no red background"
            text run at (0,17) width 94: "color is visible."
        RenderBlock {p} at (0,795) size 692x35
          RenderBR {br} at (0,0) size 0x17
          RenderInline {a} at (0,0) size 31x17 [color=#000066]
            RenderText {#text} at (0,17) size 31x17
              text run at (0,17) width 31: "Back"
