layer at (0,0) size 819x584
  RenderView at (0,0) size 800x584
layer at (0,0) size 800x103
  RenderBlock {HTML} at (0,0) size 800x103
    RenderBody {BODY} at (8,13) size 784x82
      RenderBlock {PRE} at (0,0) size 784x21 [border: (2px solid #008000)]
        RenderText {#text} at (2,2) size 107x17
          text run at (2,2) width 107: "I am on one line."
          text run at (109,2) width 0: " "
      RenderBlock {DIV} at (0,34) size 784x48 [border: (2px solid #008000)]
        RenderText {#text} at (2,2) size 809x44
          text run at (2,2) width 0: " "
          text run at (2,24) width 809: "This div is two lines.  The newline right after the tag opened is significant and is honored by Firefox and Opera (and us)."
          text run at (811,24) width 0: " "
