layer at (0,0) size 785x1354
  RenderView at (0,0) size 785x600
layer at (0,0) size 785x1354
  RenderBlock {HTML} at (0,0) size 785x1355
    RenderBody {BODY} at (8,16) size 769x1323
layer at (8,16) size 760x417
  RenderBlock {DIV} at (0,0) size 760x417 [border: (5px solid #800000)]
    RenderBlock (anonymous multi-column span) at (5,13) size 750x68 [color=#FFFFFF]
      RenderBlock {H2} at (0,19) size 750x29 [color=#000000] [bgcolor=#EEEEEE]
        RenderText {#text} at (0,0) size 276x28
          text run at (0,0) width 276: "This is a spanning element."
layer at (13,21) size 750x8
  RenderBlock (anonymous multi-column) at (5,5) size 750x8
    RenderBlock {SPAN} at (0,8) size 367x0 [color=#FFFFFF] [bgcolor=#000000]
layer at (13,97) size 750x331
  RenderBlock (anonymous multi-column) at (5,80) size 750x332
    RenderBlock {SPAN} at (0,16) size 367x198 [color=#FFFFFF] [bgcolor=#000000]
      RenderText {#text} at (0,0) size 362x198
        text run at (0,0) width 354: "Lorem ipsum dolor sit amet, consectetuer adipiscing elit."
        text run at (0,18) width 351: "Nulla varius enim ac mi. Curabitur sollicitudin felis quis"
        text run at (0,36) width 325: "lectus. Quisque adipiscing rhoncus sem. Proin nulla"
        text run at (0,54) width 358: "purus, vulputate vel, varius ut, euismod et, nisi. Sed vitae"
        text run at (0,72) width 343: "felis vel orci sagittis aliquam. Cras convallis adipiscing"
        text run at (0,90) width 340: "sem. Nam nonummy enim. Nullam bibendum lobortis"
        text run at (0,108) width 344: "neque. Vestibulum velit orci, tempus euismod, pretium"
        text run at (0,126) width 343: "quis, interdum vitae, nulla. Phasellus eget ante et tortor"
        text run at (0,144) width 343: "condimentum vestibulum. Suspendisse hendrerit quam"
        text run at (0,162) width 362: "nec felis. Sed varius turpis vitae pede. Lorem ipsum dolor"
        text run at (0,180) width 229: "sit amet, consectetuer adipiscing elit."
    RenderBlock (anonymous) at (0,230) size 367x425
      RenderText {#text} at (0,0) size 362x209
        text run at (0,0) width 354: "Lorem ipsum dolor sit amet, consectetuer adipiscing elit."
        text run at (0,18) width 351: "Nulla varius enim ac mi. Curabitur sollicitudin felis quis"
        text run at (0,36) width 325: "lectus. Quisque adipiscing rhoncus sem. Proin nulla"
        text run at (0,54) width 358: "purus, vulputate vel, varius ut, euismod et, nisi. Sed vitae"
        text run at (0,72) width 343: "felis vel orci sagittis aliquam. Cras convallis adipiscing"
        text run at (0,101) width 340: "sem. Nam nonummy enim. Nullam bibendum lobortis"
        text run at (0,119) width 344: "neque. Vestibulum velit orci, tempus euismod, pretium"
        text run at (0,137) width 343: "quis, interdum vitae, nulla. Phasellus eget ante et tortor"
        text run at (0,155) width 343: "condimentum vestibulum. Suspendisse hendrerit quam"
        text run at (0,173) width 362: "nec felis. Sed varius turpis vitae pede. Lorem ipsum dolor"
        text run at (0,191) width 233: "sit amet, consectetuer adipiscing elit. "
      RenderInline {SPAN} at (0,0) size 42x18
        RenderText {#text} at (233,191) size 42x18
          text run at (233,191) width 42: "Lorem"
      RenderText {#text} at (275,191) size 363x234
        text run at (275,191) width 79: " ipsum dolor"
        text run at (0,209) width 363: "sit amet, consectetuer adipiscing elit. Nulla varius enim ac"
        text run at (0,227) width 318: "mi. Curabitur sollicitudin felis quis lectus. Quisque"
        text run at (0,245) width 356: "adipiscing rhoncus sem. Proin nulla purus, vulputate vel,"
        text run at (0,263) width 354: "varius ut, euismod et, nisi. Sed vitae felis vel orci sagittis"
        text run at (0,281) width 351: "aliquam. Cras convallis adipiscing sem. Nam nonummy"
        text run at (0,299) width 358: "enim. Nullam bibendum lobortis neque. Vestibulum velit"
        text run at (0,317) width 361: "orci, tempus euismod, pretium quis, interdum vitae, nulla."
        text run at (0,335) width 339: "Phasellus eget ante et tortor condimentum vestibulum."
        text run at (0,353) width 345: "Suspendisse hendrerit quam nec felis. Sed varius turpis"
        text run at (0,371) width 331: "vitae pede. Lorem ipsum dolor sit amet, consectetuer"
        text run at (0,389) width 95: "adipiscing elit. "
        text run at (95,389) width 259: "Lorem ipsum dolor sit amet, consectetuer"
        text run at (0,407) width 249: "adipiscing elit. Nulla varius enim ac mi."
layer at (8,449) size 760x416
  RenderBlock {DIV} at (0,432) size 760x417 [border: (5px solid #800000)]
    RenderBlock (anonymous multi-column span) at (5,335) size 750x68 [color=#FFFFFF]
      RenderBlock {H2} at (0,19) size 750x29 [color=#000000] [bgcolor=#EEEEEE]
        RenderText {#text} at (0,0) size 276x28
          text run at (0,0) width 276: "This is a spanning element."
layer at (13,454) size 750x330
  RenderBlock (anonymous multi-column) at (5,5) size 750x330
    RenderBlock (anonymous) at (0,0) size 367x582
      RenderText {#text} at (0,0) size 363x582
        text run at (0,0) width 354: "Lorem ipsum dolor sit amet, consectetuer adipiscing elit."
        text run at (0,18) width 351: "Nulla varius enim ac mi. Curabitur sollicitudin felis quis"
        text run at (0,36) width 325: "lectus. Quisque adipiscing rhoncus sem. Proin nulla"
        text run at (0,54) width 358: "purus, vulputate vel, varius ut, euismod et, nisi. Sed vitae"
        text run at (0,72) width 343: "felis vel orci sagittis aliquam. Cras convallis adipiscing"
        text run at (0,90) width 340: "sem. Nam nonummy enim. Nullam bibendum lobortis"
        text run at (0,108) width 344: "neque. Vestibulum velit orci, tempus euismod, pretium"
        text run at (0,126) width 343: "quis, interdum vitae, nulla. Phasellus eget ante et tortor"
        text run at (0,144) width 343: "condimentum vestibulum. Suspendisse hendrerit quam"
        text run at (0,162) width 362: "nec felis. Sed varius turpis vitae pede. Lorem ipsum dolor"
        text run at (0,180) width 233: "sit amet, consectetuer adipiscing elit. "
        text run at (233,180) width 121: "Lorem ipsum dolor"
        text run at (0,198) width 363: "sit amet, consectetuer adipiscing elit. Nulla varius enim ac"
        text run at (0,216) width 318: "mi. Curabitur sollicitudin felis quis lectus. Quisque"
        text run at (0,234) width 356: "adipiscing rhoncus sem. Proin nulla purus, vulputate vel,"
        text run at (0,252) width 354: "varius ut, euismod et, nisi. Sed vitae felis vel orci sagittis"
        text run at (0,270) width 351: "aliquam. Cras convallis adipiscing sem. Nam nonummy"
        text run at (0,288) width 358: "enim. Nullam bibendum lobortis neque. Vestibulum velit"
        text run at (0,306) width 361: "orci, tempus euismod, pretium quis, interdum vitae, nulla."
        text run at (0,330) width 339: "Phasellus eget ante et tortor condimentum vestibulum."
        text run at (0,348) width 345: "Suspendisse hendrerit quam nec felis. Sed varius turpis"
        text run at (0,366) width 331: "vitae pede. Lorem ipsum dolor sit amet, consectetuer"
        text run at (0,384) width 95: "adipiscing elit. "
        text run at (95,384) width 259: "Lorem ipsum dolor sit amet, consectetuer"
        text run at (0,402) width 313: "adipiscing elit. Nulla varius enim ac mi. Curabitur"
        text run at (0,420) width 352: "sollicitudin felis quis lectus. Quisque adipiscing rhoncus"
        text run at (0,438) width 353: "sem. Proin nulla purus, vulputate vel, varius ut, euismod"
        text run at (0,456) width 326: "et, nisi. Sed vitae felis vel orci sagittis aliquam. Cras"
        text run at (0,474) width 350: "convallis adipiscing sem. Nam nonummy enim. Nullam"
        text run at (0,492) width 349: "bibendum lobortis neque. Vestibulum velit orci, tempus"
        text run at (0,510) width 343: "euismod, pretium quis, interdum vitae, nulla. Phasellus"
        text run at (0,528) width 357: "eget ante et tortor condimentum vestibulum. Suspendisse"
        text run at (0,546) width 336: "hendrerit quam nec felis. Sed varius turpis vitae pede."
        text run at (0,564) width 354: "Lorem ipsum dolor sit amet, consectetuer adipiscing elit."
    RenderBlock {SPAN} at (0,598) size 367x36 [color=#FFFFFF] [bgcolor=#000000]
      RenderText {#text} at (0,0) size 354x36
        text run at (0,0) width 354: "Lorem ipsum dolor sit amet, consectetuer adipiscing elit."
        text run at (0,18) width 154: "Nulla varius enim ac mi."
layer at (13,852) size 750x8
  RenderBlock (anonymous multi-column) at (5,402) size 750x9
    RenderBlock {SPAN} at (0,8) size 367x0 [color=#FFFFFF] [bgcolor=#000000]
layer at (8,881) size 760x457
  RenderBlock {DIV} at (0,864) size 760x459 [border: (5px solid #800000)]
    RenderBlock (anonymous multi-column span) at (5,163) size 750x68 [color=#FFFFFF]
      RenderBlock {H2} at (0,19) size 750x29 [color=#000000] [bgcolor=#EEEEEE]
        RenderText {#text} at (0,0) size 276x28
          text run at (0,0) width 276: "This is a spanning element."
layer at (13,886) size 750x158
  RenderBlock (anonymous multi-column) at (5,5) size 750x158
    RenderBlock {P} at (0,16) size 367x214
      RenderText {#text} at (0,0) size 362x214
        text run at (0,0) width 354: "Lorem ipsum dolor sit amet, consectetuer adipiscing elit."
        text run at (0,18) width 351: "Nulla varius enim ac mi. Curabitur sollicitudin felis quis"
        text run at (0,36) width 325: "lectus. Quisque adipiscing rhoncus sem. Proin nulla"
        text run at (0,54) width 358: "purus, vulputate vel, varius ut, euismod et, nisi. Sed vitae"
        text run at (0,72) width 343: "felis vel orci sagittis aliquam. Cras convallis adipiscing"
        text run at (0,90) width 340: "sem. Nam nonummy enim. Nullam bibendum lobortis"
        text run at (0,108) width 344: "neque. Vestibulum velit orci, tempus euismod, pretium"
        text run at (0,142) width 343: "quis, interdum vitae, nulla. Phasellus eget ante et tortor"
        text run at (0,160) width 343: "condimentum vestibulum. Suspendisse hendrerit quam"
        text run at (0,178) width 362: "nec felis. Sed varius turpis vitae pede. Lorem ipsum dolor"
        text run at (0,196) width 229: "sit amet, consectetuer adipiscing elit."
    RenderBlock {SPAN} at (0,246) size 367x36 [color=#FFFFFF] [bgcolor=#000000]
      RenderBlock (anonymous) at (0,0) size 367x36
        RenderText {#text} at (0,0) size 354x36
          text run at (0,0) width 354: "Lorem ipsum dolor sit amet, consectetuer adipiscing elit."
          text run at (0,18) width 154: "Nulla varius enim ac mi."
layer at (13,1111) size 750x222
  RenderBlock (anonymous multi-column) at (5,230) size 750x223
    RenderBlock {SPAN} at (0,16) size 367x198 [color=#FFFFFF] [bgcolor=#000000]
      RenderBlock {P} at (0,0) size 367x198
        RenderText {#text} at (0,0) size 362x198
          text run at (0,0) width 354: "Lorem ipsum dolor sit amet, consectetuer adipiscing elit."
          text run at (0,18) width 351: "Nulla varius enim ac mi. Curabitur sollicitudin felis quis"
          text run at (0,36) width 325: "lectus. Quisque adipiscing rhoncus sem. Proin nulla"
          text run at (0,54) width 358: "purus, vulputate vel, varius ut, euismod et, nisi. Sed vitae"
          text run at (0,72) width 343: "felis vel orci sagittis aliquam. Cras convallis adipiscing"
          text run at (0,90) width 340: "sem. Nam nonummy enim. Nullam bibendum lobortis"
          text run at (0,108) width 344: "neque. Vestibulum velit orci, tempus euismod, pretium"
          text run at (0,126) width 343: "quis, interdum vitae, nulla. Phasellus eget ante et tortor"
          text run at (0,144) width 343: "condimentum vestibulum. Suspendisse hendrerit quam"
          text run at (0,162) width 362: "nec felis. Sed varius turpis vitae pede. Lorem ipsum dolor"
          text run at (0,180) width 229: "sit amet, consectetuer adipiscing elit."
    RenderBlock (anonymous) at (0,222) size 367x198
      RenderText {#text} at (0,0) size 362x198
        text run at (0,0) width 354: "Lorem ipsum dolor sit amet, consectetuer adipiscing elit."
        text run at (0,18) width 351: "Nulla varius enim ac mi. Curabitur sollicitudin felis quis"
        text run at (0,36) width 325: "lectus. Quisque adipiscing rhoncus sem. Proin nulla"
        text run at (0,54) width 358: "purus, vulputate vel, varius ut, euismod et, nisi. Sed vitae"
        text run at (0,72) width 343: "felis vel orci sagittis aliquam. Cras convallis adipiscing"
        text run at (0,90) width 340: "sem. Nam nonummy enim. Nullam bibendum lobortis"
        text run at (0,108) width 344: "neque. Vestibulum velit orci, tempus euismod, pretium"
        text run at (0,126) width 343: "quis, interdum vitae, nulla. Phasellus eget ante et tortor"
        text run at (0,144) width 343: "condimentum vestibulum. Suspendisse hendrerit quam"
        text run at (0,162) width 362: "nec felis. Sed varius turpis vitae pede. Lorem ipsum dolor"
        text run at (0,180) width 229: "sit amet, consectetuer adipiscing elit."
    RenderBlock {P} at (0,436) size 367x0
