layer at (0,0) size 800x600
  RenderView at (0,0) size 800x600
layer at (0,0) size 800x138
  RenderBlock {HTML} at (0,0) size 800x138
    RenderBody {BODY} at (8,16) size 784x114
      RenderBlock {P} at (0,0) size 784x18
        RenderText {#text} at (0,0) size 303x18
          text run at (0,0) width 303: "Test passes if there is no red visible on the page."
layer at (8,50) size 120x80 scrollWidth 240
  RenderBlock {DIV} at (0,34) size 120x80 [bgcolor=#FF0000]
    RenderBlock {DIV} at (0,0) size 240x20
      RenderBlock {DIV} at (0,0) size 0x20 [bgcolor=#008000]
    RenderBlock {DIV} at (0,20) size 240x20
      RenderBlock {DIV} at (0,0) size 0x20 [bgcolor=#008000]
    RenderBlock {DIV} at (0,40) size 240x20
      RenderBlock {DIV} at (0,0) size 0x20 [bgcolor=#008000]
    RenderBlock {DIV} at (0,60) size 240x20
      RenderBlock {DIV} at (0,0) size 0x20 [bgcolor=#008000]
