layer at (0,0) size 800x600
  RenderView at (0,0) size 800x600
layer at (0,0) size 800x330
  RenderBlock {HTML} at (0,0) size 800x330
    RenderBody {BODY} at (8,16) size 784x306
      RenderBlock {P} at (0,0) size 784x18
        RenderText {#text} at (0,0) size 303x18
          text run at (0,0) width 303: "Test passes if there is no red visible on the page."
layer at (8,50) size 96x272
  RenderBlock (relative positioned) {DIV} at (0,34) size 96x272 [bgcolor=#008000]
