layer at (0,0) size 800x600
  RenderView at (0,0) size 800x600
layer at (0,0) size 800x600
  RenderBlock {HTML} at (0,0) size 800x600
    RenderBody {BODY} at (8,8) size 784x576
      RenderBlock (anonymous) at (0,0) size 784x18
        RenderText {#text} at (0,0) size 607x18
          text run at (0,0) width 607: "The following two lines should be visible without the white background clipping any of the text:"
      RenderBlock {P} at (0,34) size 784x30
        RenderInline {SPAN} at (0,0) size 78x38 [bgcolor=#FFFFFF]
          RenderText {#text} at (0,0) size 0x0
          RenderInline {SPAN} at (0,0) size 78x30
            RenderText {#text} at (0,0) size 78x15
              text run at (0,0) width 78: "FOOBARBAZ"
            RenderBR {BR} at (78,12) size 0x0
            RenderText {#text} at (0,15) size 78x15
              text run at (0,15) width 78: "BAZBARFOO"
        RenderText {#text} at (0,0) size 0x0
      RenderBlock (anonymous) at (0,80) size 784x18
        RenderText {#text} at (0,0) size 415x18
          text run at (0,0) width 415: "The background below should be 10x10 and snugly fit the image:"
      RenderBlock {P} at (0,114) size 784x10
        RenderInline {SPAN} at (0,0) size 10x46 [bgcolor=#FF0000]
          RenderImage {IMG} at (0,0) size 10x10
        RenderText {#text} at (0,0) size 0x0
