layer at (0,0) size 800x600
  RenderView at (0,0) size 800x600
layer at (0,0) size 800x600
  RenderBlock {HTML} at (0,0) size 800x600
    RenderBody {BODY} at (8,8) size 784x584
      RenderBlock {P} at (0,0) size 784x21
        RenderText {#text} at (0,0) size 102x21
          text run at (0,0) width 102: "This test is for "
        RenderInline {A} at (0,0) size 329x21 [color=#0000EE]
          RenderText {#text} at (102,0) size 329x21
            text run at (102,0) width 329: "http://bugs.webkit.org/show_bug.cgi?id=14498"
        RenderText {#text} at (431,0) size 4x21
          text run at (431,0) width 4: "."
      RenderBlock {P} at (0,37) size 784x21
        RenderText {#text} at (0,0) size 440x21
          text run at (0,0) width 440: "Click inside the right border. The caret should move after \x{201C}bar\x{201D}."
      RenderBlock (anonymous) at (0,74) size 784x21
        RenderInline {SPAN} at (0,0) size 69x41 [border: (10px solid #0000FF)]
          RenderText {#text} at (0,0) size 0x0
          RenderBlock {DIV} at (10,0) size 22x21
            RenderText {#text} at (0,0) size 22x21
              text run at (0,0) width 22: "foo"
          RenderText {#text} at (32,0) size 4x21
            text run at (32,0) width 4: " "
          RenderBlock {DIV} at (36,0) size 23x21
            RenderText {#text} at (0,0) size 23x21
              text run at (0,0) width 23: "bar"
          RenderText {#text} at (0,0) size 0x0
        RenderText {#text} at (0,0) size 0x0
caret: position 3 of child 0 {#text} of child 3 {DIV} of child 5 {SPAN} of body
