layer at (0,0) size 800x600
  RenderView at (0,0) size 800x600
layer at (0,0) size 800x600
  RenderBlock {HTML} at (0,0) size 800x600
    RenderBody {BODY} at (8,8) size 784x584
      RenderText {#text} at (0,0) size 564x21
        text run at (0,0) width 564: "This tests that contenteditable elements, with no children, get the right baseline. "
      RenderBR {BR} at (564,16) size 0x0
      RenderBR {BR} at (0,21) size 0x21
      RenderBlock {DIV} at (0,42) size 154x25 [border: (1px solid #FF0000)]
        RenderBlock {DIV} at (1,1) size 152x23 [border: (1px solid #008000)]
      RenderText {#text} at (154,44) size 484x21
        text run at (154,44) width 484: "This text should line up with the bottom of the text in the editable div. "
      RenderBR {BR} at (638,60) size 0x0
      RenderBR {BR} at (0,67) size 0x21
      RenderBlock {DIV} at (0,88) size 210x102 [border: (10px solid #FF0000)]
        RenderBlock (anonymous) at (10,10) size 190x21
          RenderText {#text} at (0,0) size 25x21
            text run at (0,0) width 25: "text"
        RenderBlock {DIV} at (10,31) size 190x61 [border: (20px solid #008000)]
      RenderText {#text} at (210,139) size 484x21
        text run at (210,139) width 484: "This text should line up with the bottom of the text in the editable div. "
      RenderBR {BR} at (694,155) size 0x0
      RenderBR {BR} at (0,190) size 0x21
      RenderBlock {DIV} at (0,211) size 180x183 [border: (5px solid #FF0000)]
        RenderBlock {DIV} at (5,5) size 170x173 [border: (10px solid #008000)]
      RenderText {#text} at (180,332) size 480x21
        text run at (180,332) width 480: "This text should line up with the bottom of the text in the editable div."
