layer at (0,0) size 800x600
  RenderView at (0,0) size 800x600
layer at (0,0) size 800x600
  RenderBlock {HTML} at (0,0) size 800x600
    RenderBody {BODY} at (8,8) size 784x584
      RenderBlock {DIV} at (0,0) size 784x65
        RenderText {#text} at (0,0) size 30x21
          text run at (0,0) width 30: "One"
        RenderBR {BR} at (30,16) size 0x0
        RenderImage {IMG} at (0,38) size 11x11 [border: (1px dotted #FF0000)]
        RenderText {#text} at (11,31) size 4x21
          text run at (11,31) width 4: " "
        RenderBlock {DIV} at (15,21) size 102x44 [border: (1px dotted #FF0000)]
          RenderImage {IMG} at (1,1) size 1000x0
          RenderText {#text} at (14,1) size 74x42
            text run at (14,1) width 74: "Text Goes"
            text run at (33,22) width 36: "Here"
        RenderText {#text} at (0,0) size 0x0
