layer at (0,0) size 800x600
  RenderView at (0,0) size 800x600
layer at (0,0) size 800x600
  RenderBlock {HTML} at (0,0) size 800x600
    RenderBody {BODY} at (8,8) size 784x576
      RenderBlock {P} at (0,0) size 784x19
        RenderText {#text} at (0,0) size 718x19
          text run at (0,0) width 718: "The following is a test for DOM manipulation within <ruby>: Removing a ruby base object, leaving the base non-empty."
      RenderBlock {P} at (0,35) size 784x19
        RenderText {#text} at (0,0) size 409x19
          text run at (0,0) width 409: "Both lines should look identical (the first line is the one manipulated)."
      RenderBlock (anonymous) at (0,70) size 784x38
        RenderBR {BR} at (0,0) size 0x19
        RenderBR {BR} at (0,19) size 0x19
      RenderBlock {P} at (0,124) size 784x29
        RenderText {#text} at (0,10) size 146x19
          text run at (0,10) width 146: "<ruby> is defined in the "
        RenderRuby (inline) {RUBY} at (0,0) size 103x19
          RenderRubyRun (anonymous) at (142,10) size 99x19
            RenderRubyText {RT} at (0,-10) size 99x10
              RenderText {#text} at (0,0) size 99x10
                text run at (0,0) width 99: "Hyper-text Markup Language"
            RenderRubyBase (anonymous) at (0,0) size 99x19
              RenderInline {SPAN} at (0,0) size 43x19
                RenderText {#text} at (28,0) size 43x19
                  text run at (28,0) width 43: "HTML"
          RenderRubyRun (anonymous) at (241,10) size 8x19
            RenderRubyBase (anonymous) at (0,0) size 8x19
              RenderText {#text} at (0,0) size 8x19
                text run at (0,0) width 8: "5"
        RenderText {#text} at (249,10) size 36x19
          text run at (249,10) width 36: " spec."
      RenderBlock {P} at (0,169) size 784x29
        RenderText {#text} at (0,10) size 146x19
          text run at (0,10) width 146: "<ruby> is defined in the "
        RenderRuby (inline) {RUBY} at (0,0) size 103x19
          RenderRubyRun (anonymous) at (142,10) size 99x19
            RenderRubyText {RT} at (0,-10) size 99x10
              RenderText {#text} at (0,0) size 99x10
                text run at (0,0) width 99: "Hyper-text Markup Language"
            RenderRubyBase (anonymous) at (0,0) size 99x19
              RenderInline {SPAN} at (0,0) size 43x19
                RenderText {#text} at (28,0) size 43x19
                  text run at (28,0) width 43: "HTML"
          RenderRubyRun (anonymous) at (241,10) size 8x19
            RenderRubyBase (anonymous) at (0,0) size 8x19
              RenderText {#text} at (0,0) size 8x19
                text run at (0,0) width 8: "5"
        RenderText {#text} at (249,10) size 36x19
          text run at (249,10) width 36: " spec."
