layer at (0,0) size 800x600
  RenderView at (0,0) size 800x600
layer at (0,0) size 800x37
  RenderBlock {html} at (0,0) size 800x37
    RenderBody {body} at (8,8) size 784x21 [color=#FF0000]
      RenderInline {test} at (0,0) size 154x21 [color=#008000]
        RenderText {#text} at (0,0) size 154x21
          text run at (0,0) width 154: "This should be green."
      RenderText {#text} at (0,0) size 0x0
