layer at (0,0) size 800x600
  RenderView at (0,0) size 800x600
layer at (0,0) size 800x37
  RenderBlock {html} at (0,0) size 800x37
    RenderBody {body} at (8,8) size 784x21 [color=#008000]
      RenderInline {tests} at (0,0) size 602x21
        RenderText {#text} at (0,0) size 0x0
        RenderInline {first-child} at (0,0) size 89x21
          RenderText {#text} at (0,0) size 89x21
            text run at (0,0) width 89: "None of this "
        RenderText {#text} at (0,0) size 0x0
        RenderInline {element} at (0,0) size 103x21
          RenderText {#text} at (89,0) size 103x21
            text run at (89,0) width 103: "text should be "
        RenderText {#text} at (0,0) size 0x0
        RenderInline {attribute} at (0,0) size 132x21
          RenderText {#text} at (192,0) size 132x21
            text run at (192,0) width 132: "matching the style "
        RenderText {#text} at (0,0) size 0x0
        RenderInline {span} at (0,0) size 108x21
          RenderText {#text} at (324,0) size 108x21
            text run at (324,0) width 108: "rules, and thus "
        RenderText {#text} at (0,0) size 0x0
        RenderInline {universal} at (0,0) size 69x21
          RenderText {#text} at (432,0) size 69x21
            text run at (432,0) width 69: "none of it "
        RenderText {#text} at (0,0) size 0x0
        RenderInline {span} at (0,0) size 101x21
          RenderText {#text} at (501,0) size 101x21
            text run at (501,0) width 101: "should be red."
        RenderText {#text} at (0,0) size 0x0
      RenderText {#text} at (0,0) size 0x0
