layer at (0,0) size 800x600
  RenderView at (0,0) size 800x600
layer at (0,0) size 800x600 layerType: background only
layer at (0,0) size 800x540 scrollWidth 1216
  RenderBlock (positioned) zI: -1 {DIV} at (0,0) size 800x540 [color=#00FF00]
    RenderText zI: -1 {#text} at (0,7) size 1216x33
      text run at (0,7) width 1216: "xxxxxxxxxxxxxxxxxxxxxxxxxxxxxxxxxxxxxx"
    RenderBR {BR} at (0,0) size 0x0
    RenderText zI: -1 {#text} at (0,48) size 1216x33
      text run at (0,48) width 1216: "xxxxxxxxxxxxxxxxxxxxxxxxxxxxxxxxxxxxxx"
    RenderBR {BR} at (0,0) size 0x0
    RenderText zI: -1 {#text} at (0,89) size 1216x33
      text run at (0,89) width 1216: "xxxxxxxxxxxxxxxxxxxxxxxxxxxxxxxxxxxxxx"
    RenderBR {BR} at (0,0) size 0x0
    RenderText zI: -1 {#text} at (0,130) size 1216x33
      text run at (0,130) width 1216: "xxxxxxxxxxxxxxxxxxxxxxxxxxxxxxxxxxxxxx"
    RenderBR {BR} at (0,0) size 0x0
    RenderText zI: -1 {#text} at (0,171) size 1216x33
      text run at (0,171) width 1216: "xxxxxxxxxxxxxxxxxxxxxxxxxxxxxxxxxxxxxx"
    RenderBR {BR} at (0,0) size 0x0
    RenderText zI: -1 {#text} at (0,212) size 1216x33
      text run at (0,212) width 1216: "xxxxxxxxxxxxxxxxxxxxxxxxxxxxxxxxxxxxxx"
    RenderBR {BR} at (0,0) size 0x0
    RenderText zI: -1 {#text} at (0,253) size 1216x33
      text run at (0,253) width 1216: "xxxxxxxxxxxxxxxxxxxxxxxxxxxxxxxxxxxxxx"
    RenderBR {BR} at (0,0) size 0x0
    RenderText zI: -1 {#text} at (0,294) size 1216x33
      text run at (0,294) width 1216: "xxxxxxxxxxxxxxxxxxxxxxxxxxxxxxxxxxxxxx"
    RenderBR {BR} at (0,0) size 0x0
    RenderText zI: -1 {#text} at (0,335) size 1216x33
      text run at (0,335) width 1216: "xxxxxxxxxxxxxxxxxxxxxxxxxxxxxxxxxxxxxx"
    RenderBR {BR} at (0,0) size 0x0
    RenderText zI: -1 {#text} at (0,376) size 1216x33
      text run at (0,376) width 1216: "xxxxxxxxxxxxxxxxxxxxxxxxxxxxxxxxxxxxxx"
    RenderBR {BR} at (0,0) size 0x0
    RenderText zI: -1 {#text} at (0,417) size 1216x33
      text run at (0,417) width 1216: "xxxxxxxxxxxxxxxxxxxxxxxxxxxxxxxxxxxxxx"
    RenderBR {BR} at (0,0) size 0x0
    RenderText zI: -1 {#text} at (0,458) size 1216x33
      text run at (0,458) width 1216: "xxxxxxxxxxxxxxxxxxxxxxxxxxxxxxxxxxxxxx"
    RenderBR {BR} at (0,0) size 0x0
    RenderText zI: -1 {#text} at (0,499) size 1216x33
      text run at (0,499) width 1216: "xxxxxxxxxxxxxxxxxxxxxxxxxxxxxxxxxxxxxx"
    RenderBR {BR} at (0,0) size 0x0
layer at (0,0) size 800x600 layerType: foreground only
  RenderBlock {HTML} at (0,0) size 800x600
    RenderBody {BODY} at (0,0) size 800x600
layer at (0,0) size 800x540
  RenderBlock (relative positioned) {DIV} at (0,0) size 800x540
layer at (0,0) size 800x540
  RenderBlock {DIV} at (0,0) size 800x540
    RenderBlock {DIV} at (20,20) size 362x385
      RenderText {#text} at (0,39) size 352x101
        text run at (0,39) width 350: "All of this text even though it's smaller should be on the"
        text run at (0,80) width 352: "36px grid. The grid should reset at the top of the second"
        text run at (0,121) width 51: "column."
      RenderBR {BR} at (51,136) size 0x0
      RenderText {#text} at (0,162) size 352x101
        text run at (0,162) width 350: "All of this text even though it's smaller should be on the"
        text run at (0,203) width 352: "36px grid. The grid should reset at the top of the second"
        text run at (0,244) width 51: "column."
      RenderBR {BR} at (51,259) size 0x0
      RenderText {#text} at (0,285) size 352x101
        text run at (0,285) width 350: "All of this text even though it's smaller should be on the"
        text run at (0,326) width 352: "36px grid. The grid should reset at the top of the second"
        text run at (0,367) width 51: "column."
      RenderBR {BR} at (51,382) size 0x0
    RenderBlock {DIV} at (20,405) size 362x544
      RenderText {#text} at (0,16) size 342x200
        text run at (0,16) width 299: "All of this text even though it's"
        text run at (0,57) width 342: "smaller should be on the 36px grid."
        text run at (0,147) width 328: "The grid should reset at the top of"
        text run at (0,188) width 188: "the second column."
      RenderBR {BR} at (188,210) size 0x0
      RenderText {#text} at (0,229) size 342x151
        text run at (0,229) width 299: "All of this text even though it's"
        text run at (0,270) width 342: "smaller should be on the 36px grid."
        text run at (0,311) width 328: "The grid should reset at the top of"
        text run at (0,352) width 188: "the second column."
      RenderBR {BR} at (188,374) size 0x0
      RenderText {#text} at (0,393) size 342x151
        text run at (0,393) width 299: "All of this text even though it's"
        text run at (0,434) width 342: "smaller should be on the 36px grid."
        text run at (0,475) width 328: "The grid should reset at the top of"
        text run at (0,516) width 188: "the second column."
      RenderBR {BR} at (188,538) size 0x0
    RenderBlock {DIV} at (20,949) size 362x38
      RenderText {#text} at (0,26) size 274x12
        text run at (0,26) width 274: "All of this text even though it's smaller should be on the 36px grid."
