layer at (0,0) size 800x600
  RenderView at (0,0) size 800x600
layer at (0,0) size 800x600 layerType: background only
layer at (10,10) size 620x312
  RenderBlock (positioned) zI: -1 {DIV} at (10,10) size 620x312
    RenderBlock {DIV} at (10,10) size 600x292 [color=#00FF00]
      RenderText {#text} at (0,4) size 613x36
        text run at (0,4) width 613: "xxxxxxxxxxxxxxxxx"
      RenderBR {BR} at (0,0) size 0x0
      RenderText {#text} at (0,46) size 613x36
        text run at (0,46) width 613: "xxxxxxxxxxxxxxxxx"
      RenderBR {BR} at (0,0) size 0x0
      RenderText {#text} at (0,88) size 613x36
        text run at (0,88) width 613: "xxxxxxxxxxxxxxxxx"
      RenderBR {BR} at (0,0) size 0x0
      RenderText {#text} at (0,130) size 613x36
        text run at (0,130) width 613: "xxxxxxxxxxxxxxxxx"
      RenderBR {BR} at (0,0) size 0x0
      RenderText {#text} at (0,172) size 613x36
        text run at (0,172) width 613: "xxxxxxxxxxxxxxxxx"
      RenderBR {BR} at (0,0) size 0x0
      RenderText {#text} at (0,214) size 613x36
        text run at (0,214) width 613: "xxxxxxxxxxxxxxxxx"
      RenderBR {BR} at (0,0) size 0x0
      RenderText {#text} at (0,256) size 613x36
        text run at (0,256) width 613: "xxxxxxxxxxxxxxxxx"
      RenderBR {BR} at (0,0) size 0x0
layer at (0,0) size 800x600 layerType: foreground only
  RenderBlock {HTML} at (0,0) size 800x600
    RenderBody {BODY} at (8,8) size 784x584
layer at (10,10) size 620x309
  RenderBlock (positioned) {DIV} at (10,10) size 620x309
    RenderBlock {DIV} at (10,10) size 600x153
      RenderText {#text} at (0,15) size 598x137
        text run at (0,15) width 598: "This header should be centered"
        text run at (0,99) width 312: "in the grid lines."
    RenderBlock {DIV} at (10,163) size 600x136
      RenderText {#text} at (0,37) size 103x14
        text run at (0,37) width 103: "This text should snap"
      RenderBR {BR} at (102,48) size 1x0
      RenderText {#text} at (0,79) size 115x14
        text run at (0,79) width 115: "to a 36px font-size grid."
      RenderBR {BR} at (114,90) size 1x0
      RenderText {#text} at (0,121) size 250x14
        text run at (0,121) width 250: "There should be lots of spacing between these lines."
