layer at (0,0) size 800x600
  RenderView at (0,0) size 800x600
layer at (0,0) size 800x600
  RenderBlock {HTML} at (0,0) size 800x600
    RenderBody {BODY} at (8,8) size 784x576
      RenderBlock {P} at (0,0) size 784x44
        RenderText {#text} at (0,0) size 769x44
          text run at (0,0) width 144: "This test verifies that "
          text run at (144,0) width 625: "accessing a frame's document while it is still loading does not prevent the load, but can access"
          text run at (0,22) width 256: "at least a temporary empty document."
      RenderBlock (anonymous) at (0,60) size 784x124
        RenderPartObject {IFRAME} at (0,0) size 300x40
          layer at (0,0) size 300x40
            RenderView at (0,0) size 300x40
          layer at (0,0) size 300x40
            RenderBlock {HTML} at (0,0) size 300x40
              RenderBody {BODY} at (8,8) size 284x24
                RenderText {#text} at (0,0) size 74x22
                  text run at (0,0) width 74: "SUCCESS"
        RenderBR {BR} at (300,40) size 0x0
        RenderPartObject {IFRAME} at (0,40) size 300x40
          layer at (0,0) size 300x40
            RenderView at (0,0) size 300x40
          layer at (0,0) size 300x40
            RenderBlock {HTML} at (0,0) size 300x40
              RenderBody {BODY} at (8,8) size 284x24
                RenderText {#text} at (0,0) size 74x22
                  text run at (0,0) width 74: "SUCCESS"
        RenderBR {BR} at (300,80) size 0x0
        RenderText {#text} at (0,80) size 174x22
          text run at (0,80) width 174: "[object HTMLDocument]"
        RenderBR {BR} at (174,96) size 0x0
        RenderText {#text} at (0,102) size 174x22
          text run at (0,102) width 174: "[object HTMLDocument]"
      RenderBlock {P} at (0,200) size 784x22
        RenderText {#text} at (0,0) size 642x22
          text run at (0,0) width 642: "If this test passes, you should see SUCCESS twice, followed by [object HTMLDocument] twice."
