layer at (0,0) size 800x600
  RenderView at (0,0) size 800x600
layer at (0,0) size 800x600
  RenderBlock {HTML} at (0,0) size 800x600
    RenderBody {BODY} at (8,8) size 784x584
      RenderTable {TABLE} at (0,0) size 196x27
        RenderTableSection {TBODY} at (0,0) size 196x27
          RenderTableRow {TR} at (0,2) size 196x23
            RenderTableCell {TD} at (2,2) size 192x23 [r=0 c=0 rs=1 cs=1]
              RenderBlock {DIV} at (1,1) size 190x21
                RenderText {#text} at (0,0) size 186x21
                  text run at (0,0) width 186: "This text should not break "
                RenderInline (generated) at (0,0) size 4x21
                  RenderText at (186,0) size 4x21
                    text run at (186,0) width 4: "."
