layer at (0,0) size 800x600
  RenderView at (0,0) size 800x600
layer at (0,0) size 800x600
  RenderBlock {HTML} at (0,0) size 800x600
    RenderBody {BODY} at (8,8) size 784x584
      RenderBlock {P} at (0,0) size 784x42
        RenderText {#text} at (0,0) size 57x21
          text run at (0,0) width 57: "Test for "
        RenderInline {A} at (0,0) size 67x21 [color=#0000EE]
          RenderText {#text} at (57,0) size 67x21
            text run at (57,0) width 67: "bug 8121"
        RenderText {#text} at (124,0) size 320x21
          text run at (124,0) width 320: ": REGRESSION: 404s are not displayed and "
        RenderInline {A} at (0,0) size 67x21 [color=#0000EE]
          RenderText {#text} at (444,0) size 67x21
            text run at (444,0) width 67: "bug 7739"
        RenderText {#text} at (511,0) size 750x42
          text run at (511,0) width 239: ": REGRESSION: Assertion failure"
          text run at (0,21) width 429: "loading acid2 test in -[WebCoreFrameBridge installInFrame:]"
      RenderBlock {P} at (0,58) size 784x42
        RenderText {#text} at (0,0) size 772x42
          text run at (0,0) width 180: "Here is an invalid iframe. "
          text run at (180,0) width 592: "It should contain a 404 error message, not any green fallback text. Note this will only"
          text run at (0,21) width 246: "work if this page is fetched via http."
      RenderBlock (anonymous) at (0,116) size 784x184
        RenderPartObject {IFRAME} at (0,0) size 552x184 [border: (2px inset #000000)]
          layer at (0,0) size 548x180
            RenderView at (0,0) size 548x180
          layer at (0,0) size 548x180
            RenderBlock {HTML} at (0,0) size 548x180
              RenderBody {BODY} at (8,8) size 532x164
                RenderText {#text} at (0,0) size 407x21
                  text run at (0,0) width 407: "This 404 error was intentionally generated by a test script."
        RenderText {#text} at (0,0) size 0x0
      RenderBlock {P} at (0,316) size 784x21
        RenderText {#text} at (0,0) size 542x21
          text run at (0,0) width 179: "Here is an invalid object. "
          text run at (179,0) width 363: "It should be rendered with some green fallback text."
      RenderBlock (anonymous) at (0,353) size 784x21
        RenderInline {OBJECT} at (0,0) size 84x21
          RenderText {#text} at (0,0) size 0x0
          RenderInline {SPAN} at (0,0) size 84x21 [color=#008000]
            RenderText {#text} at (0,0) size 84x21
              text run at (0,0) width 84: "fallback text"
          RenderText {#text} at (0,0) size 0x0
        RenderText {#text} at (0,0) size 0x0
