layer at (0,0) size 3956x585
  RenderView at (0,0) size 800x585
layer at (-3156,0) size 3956x585 backgroundClip at (0,0) size 3956x585 clip at (0,0) size 3956x585 outlineClip at (0,0) size 3956x585
  RenderBlock {HTML} at (0,0) size 3956x585
    RenderBody {BODY} at (58,46) size 3840x493
      RenderBlock {H1} at (0,0) size 48x493
        RenderText {#text} at (5,0) size 37x66
          text run at (5,0) width 66: "\x{8349}\x{6795}"
      RenderBlock {H2} at (69,0) size 36x493
        RenderText {#text} at (4,0) size 28x100
          text run at (4,0) width 100: "\x{590F}\x{76EE}\x{6F31}\x{77F3}"
      RenderBlock {DIV} at (124,0) size 3716x493
        RenderBlock (anonymous) at (0,0) size 2096x493
          RenderBR {BR} at (0,0) size 18x0
          RenderBR {BR} at (18,0) size 18x0
          RenderBR {BR} at (36,0) size 18x0
          RenderText {#text} at (54,0) size 18x104
            text run at (54,0) width 104: "\x{3000}\x{3000}\x{3000}\x{3000}\x{3000}\x{3000}\x{3000}\x{3000}\x{4E00}"
          RenderBR {BR} at (54,104) size 18x0
          RenderBR {BR} at (72,0) size 18x0
          RenderText {#text} at (100,0) size 18x11
            text run at (100,0) width 11: "\x{3000}"
          RenderRuby (inline) {RUBY} at (0,0) size 18x32
            RenderRubyRun (anonymous) at (100,10) size 18x34
              RenderRubyText {RT} at (-10,0) size 10x34
                RenderText {#text} at (0,0) size 10x34
                  text run at (0,0) width 34: "\x{3084}\x{307E}\x{307F}\x{3061}"
              RenderRubyBase (anonymous) at (0,0) size 18x34
                RenderInline {RB} at (0,0) size 18x32
                  RenderText {#text} at (0,1) size 18x32
                    text run at (0,1) width 32: "\x{5C71}\x{8DEF}"
          RenderText {#text} at (100,43) size 18x176
            text run at (100,43) width 176: "\x{3092}\x{767B}\x{308A}\x{306A}\x{304C}\x{3089}\x{3001}\x{3053}\x{3046}\x{8003}\x{3048}\x{305F}\x{3002}"
          RenderBR {BR} at (100,219) size 18x0
          RenderText {#text} at (128,0) size 18x11
            text run at (128,0) width 11: "\x{3000}"
          RenderRuby (inline) {RUBY} at (0,0) size 18x16
            RenderRubyRun (anonymous) at (128,11) size 18x16
              RenderRubyText {RT} at (-10,0) size 10x16
                RenderText {#text} at (0,4) size 10x8
                  text run at (0,4) width 8: "\x{3061}"
              RenderRubyBase (anonymous) at (0,0) size 18x16
                RenderInline {RB} at (0,0) size 18x16
                  RenderText {#text} at (0,0) size 18x16
                    text run at (0,0) width 16: "\x{667A}"
          RenderText {#text} at (128,27) size 18x62
            text run at (128,27) width 62: "\x{306B}\x{50CD}\x{3051}\x{3070}"
          RenderRuby (inline) {RUBY} at (0,0) size 18x17
            RenderRubyRun (anonymous) at (128,89) size 18x17
              RenderRubyText {RT} at (-10,0) size 10x17
                RenderText {#text} at (0,0) size 10x17
                  text run at (0,0) width 17: "\x{304B}\x{3069}"
              RenderRubyBase (anonymous) at (0,0) size 18x17
                RenderInline {RB} at (0,0) size 18x17
                  RenderText {#text} at (0,0) size 18x17
                    text run at (0,0) width 16: "\x{89D2}"
          RenderText {#text} at (128,106) size 18x58
            text run at (128,106) width 58: "\x{304C}\x{7ACB}\x{3064}\x{3002}"
          RenderRuby (inline) {RUBY} at (0,0) size 18x16
            RenderRubyRun (anonymous) at (128,162) size 18x20
              RenderRubyText {RT} at (-10,0) size 10x20
                RenderText {#text} at (0,0) size 10x20
                  text run at (0,0) width 20: "\x{3058}\x{3087}\x{3046}"
              RenderRubyBase (anonymous) at (0,0) size 18x20
                RenderInline {RB} at (0,0) size 18x16
                  RenderText {#text} at (0,2) size 18x16
                    text run at (0,2) width 16: "\x{60C5}"
          RenderText {#text} at (128,180) size 18x15
            text run at (128,180) width 15: "\x{306B}"
          RenderRuby (inline) {RUBY} at (0,0) size 18x16
            RenderRubyRun (anonymous) at (128,195) size 18x16
              RenderRubyText {RT} at (-10,0) size 10x16
                RenderText {#text} at (0,0) size 10x16
                  text run at (0,0) width 16: "\x{3055}\x{304A}"
              RenderRubyBase (anonymous) at (0,0) size 18x16
                RenderInline {RB} at (0,0) size 18x16
                  RenderText {#text} at (0,0) size 18x16
                    text run at (0,0) width 16: "\x{68F9}"
          RenderText {#text} at (128,211) size 18x159
            text run at (128,211) width 159: "\x{3055}\x{305B}\x{3070}\x{6D41}\x{3055}\x{308C}\x{308B}\x{3002}\x{610F}\x{5730}\x{3092}"
          RenderRuby (inline) {RUBY} at (0,0) size 18x16
            RenderRubyRun (anonymous) at (128,370) size 18x16
              RenderRubyText {RT} at (-10,0) size 10x16
                RenderText {#text} at (0,0) size 10x16
                  text run at (0,0) width 16: "\x{3068}\x{304A}"
              RenderRubyBase (anonymous) at (0,0) size 18x16
                RenderInline {RB} at (0,0) size 18x16
                  RenderText {#text} at (0,0) size 18x16
                    text run at (0,0) width 16: "\x{901A}"
          RenderText {#text} at (128,386) size 18x32
            text run at (128,386) width 32: "\x{305B}\x{3070}"
          RenderRuby (inline) {RUBY} at (0,0) size 18x32
            RenderRubyRun (anonymous) at (128,416) size 18x36
              RenderRubyText {RT} at (-10,0) size 10x36
                RenderText {#text} at (0,0) size 10x36
                  text run at (0,0) width 36: "\x{304D}\x{3085}\x{3046}\x{304F}\x{3064}"
              RenderRubyBase (anonymous) at (0,0) size 18x36
                RenderInline {RB} at (0,0) size 18x32
                  RenderText {#text} at (0,2) size 18x32
                    text run at (0,2) width 32: "\x{7AAE}\x{5C48}"
          RenderText {#text} at (128,450) size 36x488
            text run at (128,450) width 38: "\x{3060}\x{3002}\x{3068}"
            text run at (146,0) width 186: "\x{304B}\x{304F}\x{306B}\x{4EBA}\x{306E}\x{4E16}\x{306F}\x{4F4F}\x{307F}\x{306B}\x{304F}\x{3044}\x{3002}"
          RenderBR {BR} at (146,186) size 18x0
          RenderText {#text} at (174,0) size 18x95
            text run at (174,0) width 95: "\x{3000}\x{4F4F}\x{307F}\x{306B}\x{304F}\x{3055}\x{304C}"
          RenderRuby (inline) {RUBY} at (0,0) size 18x16
            RenderRubyRun (anonymous) at (174,95) size 18x16
              RenderRubyText {RT} at (-10,0) size 10x16
                RenderText {#text} at (0,1) size 10x14
                  text run at (0,1) width 13: "\x{3053}\x{3046}"
              RenderRubyBase (anonymous) at (0,0) size 18x16
                RenderInline {RB} at (0,0) size 18x16
                  RenderText {#text} at (0,0) size 18x16
                    text run at (0,0) width 16: "\x{9AD8}"
          RenderText {#text} at (174,111) size 46x489
            text run at (174,111) width 378: "\x{3058}\x{308B}\x{3068}\x{3001}\x{5B89}\x{3044}\x{6240}\x{3078}\x{5F15}\x{304D}\x{8D8A}\x{3057}\x{305F}\x{304F}\x{306A}\x{308B}\x{3002}\x{3069}\x{3053}\x{3078}\x{8D8A}\x{3057}\x{3066}\x{3082}\x{4F4F}\x{307F}\x{306B}"
            text run at (202,0) width 36: "\x{304F}\x{3044}\x{3068}"
          RenderRuby (inline) {RUBY} at (0,0) size 18x16
            RenderRubyRun (anonymous) at (202,36) size 18x16
              RenderRubyText {RT} at (-10,0) size 10x16
                RenderText {#text} at (0,1) size 10x14
                  text run at (0,1) width 14: "\x{3055}\x{3068}"
              RenderRubyBase (anonymous) at (0,0) size 18x16
                RenderInline {RB} at (0,0) size 18x16
                  RenderText {#text} at (0,0) size 18x16
                    text run at (0,0) width 16: "\x{609F}"
          RenderText {#text} at (202,52) size 18x144
            text run at (202,52) width 144: "\x{3063}\x{305F}\x{6642}\x{3001}\x{8A69}\x{304C}\x{751F}\x{308C}\x{3066}\x{3001}"
          RenderRuby (inline) {RUBY} at (0,0) size 18x16
            RenderRubyRun (anonymous) at (202,196) size 18x16
              RenderRubyText {RT} at (-10,0) size 10x16
                RenderText {#text} at (0,4) size 10x8
                  text run at (0,4) width 8: "\x{3048}"
              RenderRubyBase (anonymous) at (0,0) size 18x16
                RenderInline {RB} at (0,0) size 18x16
                  RenderText {#text} at (0,0) size 18x16
                    text run at (0,0) width 16: "\x{753B}"
          RenderText {#text} at (202,212) size 18x73
            text run at (202,212) width 73: "\x{304C}\x{51FA}\x{6765}\x{308B}\x{3002}"
          RenderBR {BR} at (202,285) size 18x0
          RenderText {#text} at (230,0) size 18x11
            text run at (230,0) width 11: "\x{3000}"
          RenderInline {STRONG} at (0,0) size 18x51
            RenderText {#text} at (230,11) size 18x51
              text run at (230,11) width 51: "\x{4EBA}\x{306E}\x{4E16}"
          RenderText {#text} at (230,62) size 18x393
            text run at (230,62) width 393: "\x{3092}\x{4F5C}\x{3063}\x{305F}\x{3082}\x{306E}\x{306F}\x{795E}\x{3067}\x{3082}\x{306A}\x{3051}\x{308C}\x{3070}\x{9B3C}\x{3067}\x{3082}\x{306A}\x{3044}\x{3002}\x{3084}\x{306F}\x{308A}\x{5411}\x{3046}\x{4E09}\x{8ED2}"
          RenderRuby (inline) {RUBY} at (0,0) size 18x34
            RenderRubyRun (anonymous) at (230,453) size 18x36
              RenderRubyText {RT} at (-10,0) size 10x36
                RenderText {#text} at (0,0) size 10x36
                  text run at (0,0) width 36: "\x{308A}\x{3087}\x{3046}\x{3069}\x{306A}"
              RenderRubyBase (anonymous) at (0,0) size 18x36
                RenderInline {RB} at (0,0) size 18x32
                  RenderText {#text} at (0,2) size 18x32
                    text run at (0,2) width 32: "\x{4E21}\x{96A3}"
          RenderText {#text} at (248,0) size 18x348
            text run at (248,0) width 348: "\x{308A}\x{306B}\x{3061}\x{3089}\x{3061}\x{3089}\x{3059}\x{308B}\x{305F}\x{3060}\x{306E}\x{4EBA}\x{3067}\x{3042}\x{308B}\x{3002}\x{305F}\x{3060}\x{306E}\x{4EBA}\x{304C}\x{4F5C}\x{3063}\x{305F}"
          RenderInline {STRONG} at (0,0) size 18x51
            RenderText {#text} at (248,348) size 18x51
              text run at (248,348) width 51: "\x{4EBA}\x{306E}\x{4E16}"
          RenderText {#text} at (248,399) size 36x486
            text run at (248,399) width 87: "\x{304C}\x{4F4F}\x{307F}\x{306B}\x{304F}\x{3044}"
            text run at (266,0) width 245: "\x{304B}\x{3089}\x{3068}\x{3066}\x{3001}\x{8D8A}\x{3059}\x{56FD}\x{306F}\x{3042}\x{308B}\x{307E}\x{3044}\x{3002}\x{3042}\x{308C}\x{3070}"
          RenderInline {STRONG} at (0,0) size 18x60
            RenderText {#text} at (266,245) size 18x60
              text run at (266,245) width 60: "\x{4EBA}\x{3067}\x{306A}\x{3057}"
          RenderText {#text} at (266,305) size 18x143
            text run at (266,305) width 143: "\x{306E}\x{56FD}\x{3078}\x{884C}\x{304F}\x{3070}\x{304B}\x{308A}\x{3060}\x{3002}"
          RenderInline {STRONG} at (0,0) size 36x480
            RenderText {#text} at (266,448) size 36x480
              text run at (266,448) width 32: "\x{4EBA}\x{3067}"
              text run at (284,0) width 28: "\x{306A}\x{3057}"
          RenderText {#text} at (284,28) size 18x48
            text run at (284,28) width 48: "\x{306E}\x{56FD}\x{306F}"
          RenderInline {STRONG} at (0,0) size 18x51
            RenderText {#text} at (284,76) size 18x51
              text run at (284,76) width 51: "\x{4EBA}\x{306E}\x{4E16}"
          RenderText {#text} at (284,127) size 18x176
            text run at (284,127) width 176: "\x{3088}\x{308A}\x{3082}\x{306A}\x{304A}\x{4F4F}\x{307F}\x{306B}\x{304F}\x{304B}\x{308D}\x{3046}\x{3002}"
          RenderBR {BR} at (284,303) size 18x0
          RenderText {#text} at (312,0) size 18x451
            text run at (312,0) width 451: "\x{3000}\x{8D8A}\x{3059}\x{4E8B}\x{306E}\x{306A}\x{3089}\x{306C}\x{4E16}\x{304C}\x{4F4F}\x{307F}\x{306B}\x{304F}\x{3051}\x{308C}\x{3070}\x{3001}\x{4F4F}\x{307F}\x{306B}\x{304F}\x{3044}\x{6240}\x{3092}\x{3069}\x{308C}\x{307B}\x{3069}\x{304B}\x{3001}"
          RenderRuby (inline) {RUBY} at (0,0) size 18x32
            RenderRubyRun (anonymous) at (312,451) size 18x32
              RenderRubyText {RT} at (-10,0) size 10x32
                RenderText {#text} at (0,0) size 10x32
                  text run at (0,0) width 31: "\x{304F}\x{3064}\x{308D}\x{3052}"
              RenderRubyBase (anonymous) at (0,0) size 18x32
                RenderInline {RB} at (0,0) size 18x32
                  RenderText {#text} at (0,0) size 18x32
                    text run at (0,0) width 32: "\x{5BDB}\x{5BB9}"
          RenderText {#text} at (340,0) size 18x25
            text run at (340,0) width 25: "\x{3066}\x{3001}"
          RenderRuby (inline) {RUBY} at (0,0) size 18x16
            RenderRubyRun (anonymous) at (340,24) size 18x18
              RenderRubyText {RT} at (-10,0) size 10x18
                RenderText {#text} at (0,0) size 10x18
                  text run at (0,0) width 18: "\x{3064}\x{304B}"
              RenderRubyBase (anonymous) at (0,0) size 18x18
                RenderInline {RB} at (0,0) size 18x16
                  RenderText {#text} at (0,1) size 18x16
                    text run at (0,1) width 16: "\x{675F}"
          RenderText {#text} at (340,41) size 18x16
            text run at (340,41) width 16: "\x{306E}"
          RenderRuby (inline) {RUBY} at (0,0) size 18x16
            RenderRubyRun (anonymous) at (340,57) size 18x16
              RenderRubyText {RT} at (-10,0) size 10x16
                RenderText {#text} at (0,4) size 10x8
                  text run at (0,4) width 8: "\x{307E}"
              RenderRubyBase (anonymous) at (0,0) size 18x16
                RenderInline {RB} at (0,0) size 18x16
                  RenderText {#text} at (0,0) size 18x16
                    text run at (0,0) width 16: "\x{9593}"
          RenderText {#text} at (340,73) size 46x489
            text run at (340,73) width 416: "\x{306E}\x{547D}\x{3092}\x{3001}\x{675F}\x{306E}\x{9593}\x{3067}\x{3082}\x{4F4F}\x{307F}\x{3088}\x{304F}\x{305B}\x{306D}\x{3070}\x{306A}\x{3089}\x{306C}\x{3002}\x{3053}\x{3053}\x{306B}\x{8A69}\x{4EBA}\x{3068}\x{3044}\x{3046}\x{5929}"
            text run at (368,0) width 248: "\x{8077}\x{304C}\x{51FA}\x{6765}\x{3066}\x{3001}\x{3053}\x{3053}\x{306B}\x{753B}\x{5BB6}\x{3068}\x{3044}\x{3046}\x{4F7F}\x{547D}\x{304C}"
          RenderRuby (inline) {RUBY} at (0,0) size 18x16
            RenderRubyRun (anonymous) at (368,248) size 18x16
              RenderRubyText {RT} at (-10,0) size 10x16
                RenderText {#text} at (0,1) size 10x14
                  text run at (0,1) width 13: "\x{304F}\x{3060}"
              RenderRubyBase (anonymous) at (0,0) size 18x16
                RenderInline {RB} at (0,0) size 18x16
                  RenderText {#text} at (0,0) size 18x16
                    text run at (0,0) width 16: "\x{964D}"
          RenderText {#text} at (368,264) size 18x225
            text run at (368,264) width 225: "\x{308B}\x{3002}\x{3042}\x{3089}\x{3086}\x{308B}\x{82B8}\x{8853}\x{306E}\x{58EB}\x{306F}\x{4EBA}\x{306E}\x{4E16}\x{3092}"
          RenderRuby (inline) {RUBY} at (0,0) size 18x32
            RenderRubyRun (anonymous) at (396,0) size 18x32
              RenderRubyText {RT} at (-10,0) size 10x32
                RenderText {#text} at (0,3) size 10x26
                  text run at (0,3) width 26: "\x{306E}\x{3069}\x{304B}"
              RenderRubyBase (anonymous) at (0,0) size 18x32
                RenderInline {RB} at (0,0) size 18x32
                  RenderText {#text} at (0,0) size 18x32
                    text run at (0,0) width 32: "\x{9577}\x{9591}"
          RenderText {#text} at (396,32) size 18x192
            text run at (396,32) width 192: "\x{306B}\x{3057}\x{3001}\x{4EBA}\x{306E}\x{5FC3}\x{3092}\x{8C4A}\x{304B}\x{306B}\x{3059}\x{308B}\x{304C}"
          RenderRuby (inline) {RUBY} at (0,0) size 18x17
            RenderRubyRun (anonymous) at (396,224) size 18x17
              RenderRubyText {RT} at (-10,0) size 10x17
                RenderText {#text} at (0,0) size 10x17
                  text run at (0,0) width 17: "\x{3086}\x{3048}"
              RenderRubyBase (anonymous) at (0,0) size 18x17
                RenderInline {RB} at (0,0) size 18x17
                  RenderText {#text} at (0,0) size 18x17
                    text run at (0,0) width 16: "\x{6545}"
          RenderText {#text} at (396,241) size 18x15
            text run at (396,241) width 15: "\x{306B}"
          RenderRuby (inline) {RUBY} at (0,0) size 18x16
            RenderRubyRun (anonymous) at (396,256) size 18x16
              RenderRubyText {RT} at (-10,0) size 10x16
                RenderText {#text} at (0,0) size 10x16
                  text run at (0,0) width 15: "\x{305F}\x{3063}"
              RenderRubyBase (anonymous) at (0,0) size 18x16
                RenderInline {RB} at (0,0) size 18x16
                  RenderText {#text} at (0,0) size 18x16
                    text run at (0,0) width 16: "\x{5C0A}"
          RenderText {#text} at (396,272) size 18x38
            text run at (396,272) width 38: "\x{3068}\x{3044}\x{3002}"
          RenderBR {BR} at (396,310) size 18x0
          RenderText {#text} at (424,0) size 18x207
            text run at (424,0) width 207: "\x{3000}\x{4F4F}\x{307F}\x{306B}\x{304F}\x{304D}\x{4E16}\x{304B}\x{3089}\x{3001}\x{4F4F}\x{307F}\x{306B}\x{304F}\x{304D}"
          RenderRuby (inline) {RUBY} at (0,0) size 18x17
            RenderRubyRun (anonymous) at (424,203) size 18x25
              RenderRubyText {RT} at (-10,0) size 10x25
                RenderText {#text} at (0,0) size 10x25
                  text run at (0,0) width 25: "\x{308F}\x{305A}\x{3089}"
              RenderRubyBase (anonymous) at (0,0) size 18x25
                RenderInline {RB} at (0,0) size 18x17
                  RenderText {#text} at (0,4) size 18x17
                    text run at (0,4) width 16: "\x{7169}"
          RenderText {#text} at (424,224) size 46x488
            text run at (424,224) width 264: "\x{3044}\x{3092}\x{5F15}\x{304D}\x{629C}\x{3044}\x{3066}\x{3001}\x{3042}\x{308A}\x{304C}\x{305F}\x{3044}\x{4E16}\x{754C}\x{3092}\x{307E}\x{306E}"
            text run at (452,0) width 190: "\x{3042}\x{305F}\x{308A}\x{306B}\x{5199}\x{3059}\x{306E}\x{304C}\x{8A69}\x{3067}\x{3042}\x{308B}\x{3001}"
          RenderRuby (inline) {RUBY} at (0,0) size 18x16
            RenderRubyRun (anonymous) at (452,190) size 18x16
              RenderRubyText {RT} at (-10,0) size 10x16
                RenderText {#text} at (0,4) size 10x8
                  text run at (0,4) width 8: "\x{3048}"
              RenderRubyBase (anonymous) at (0,0) size 18x16
                RenderInline {RB} at (0,0) size 18x16
                  RenderText {#text} at (0,0) size 18x16
                    text run at (0,0) width 16: "\x{753B}"
          RenderText {#text} at (452,206) size 18x287
            text run at (452,206) width 287: "\x{3067}\x{3042}\x{308B}\x{3002}\x{3042}\x{308B}\x{306F}\x{97F3}\x{697D}\x{3068}\x{5F6B}\x{523B}\x{3067}\x{3042}\x{308B}\x{3002}\x{3053}\x{307E}\x{304B}\x{306B}"
          RenderRuby (inline) {RUBY} at (0,0) size 18x16
            RenderRubyRun (anonymous) at (480,0) size 18x16
              RenderRubyText {RT} at (-10,0) size 10x16
                RenderText {#text} at (0,3) size 10x10
                  text run at (0,3) width 9: "\x{3044}"
              RenderRubyBase (anonymous) at (0,0) size 18x16
                RenderInline {RB} at (0,0) size 18x16
                  RenderText {#text} at (0,0) size 18x16
                    text run at (0,0) width 16: "\x{4E91}"
          RenderText {#text} at (480,16) size 18x472
            text run at (480,16) width 472: "\x{3048}\x{3070}\x{5199}\x{3055}\x{306A}\x{3044}\x{3067}\x{3082}\x{3088}\x{3044}\x{3002}\x{305F}\x{3060}\x{307E}\x{306E}\x{3042}\x{305F}\x{308A}\x{306B}\x{898B}\x{308C}\x{3070}\x{3001}\x{305D}\x{3053}\x{306B}\x{8A69}\x{3082}\x{751F}\x{304D}\x{3001}\x{6B4C}\x{3082}"
          RenderRuby (inline) {RUBY} at (0,0) size 18x16
            RenderRubyRun (anonymous) at (508,0) size 18x16
              RenderRubyText {RT} at (-10,0) size 10x16
                RenderText {#text} at (0,3) size 10x10
                  text run at (0,3) width 9: "\x{308F}"
              RenderRubyBase (anonymous) at (0,0) size 18x16
                RenderInline {RB} at (0,0) size 18x16
                  RenderText {#text} at (0,0) size 18x16
                    text run at (0,0) width 16: "\x{6E67}"
          RenderText {#text} at (508,16) size 18x166
            text run at (508,16) width 166: "\x{304F}\x{3002}\x{7740}\x{60F3}\x{3092}\x{7D19}\x{306B}\x{843D}\x{3055}\x{306C}\x{3068}\x{3082}"
          RenderRuby (inline) {RUBY} at (0,0) size 18x32
            RenderRubyRun (anonymous) at (508,180) size 18x36
              RenderRubyText {RT} at (-10,0) size 10x36
                RenderText {#text} at (0,0) size 10x36
                  text run at (0,0) width 36: "\x{304D}\x{3085}\x{3046}\x{305D}\x{3046}"
              RenderRubyBase (anonymous) at (0,0) size 18x36
                RenderInline {RB} at (0,0) size 18x32
                  RenderText {#text} at (0,2) size 18x16
                    text run at (0,2) width 16: "\x{7486}"
                  RenderText {#text} at (0,18) size 18x16
                    text run at (0,18) width 16: "\x{93D8}"
          RenderText {#text} at (508,214) size 18x16
            text run at (508,214) width 16: "\x{306E}"
          RenderRuby (inline) {RUBY} at (0,0) size 18x16
            RenderRubyRun (anonymous) at (508,229) size 18x18
              RenderRubyText {RT} at (-10,0) size 10x18
                RenderText {#text} at (0,0) size 10x18
                  text run at (0,0) width 18: "\x{304A}\x{3093}"
              RenderRubyBase (anonymous) at (0,0) size 18x18
                RenderInline {RB} at (0,0) size 18x16
                  RenderText {#text} at (0,1) size 18x16
                    text run at (0,1) width 16: "\x{97F3}"
          RenderText {#text} at (508,246) size 18x16
            text run at (508,246) width 16: "\x{306F}"
          RenderRuby (inline) {RUBY} at (0,0) size 18x32
            RenderRubyRun (anonymous) at (508,262) size 18x32
              RenderRubyText {RT} at (-10,0) size 10x32
                RenderText {#text} at (0,2) size 10x28
                  text run at (0,2) width 28: "\x{304D}\x{3087}\x{3046}\x{308A}"
              RenderRubyBase (anonymous) at (0,0) size 18x32
                RenderInline {RB} at (0,0) size 18x32
                  RenderText {#text} at (0,0) size 18x32
                    text run at (0,0) width 32: "\x{80F8}\x{88CF}"
          RenderText {#text} at (508,294) size 18x15
            text run at (508,294) width 15: "\x{306B}"
          RenderRuby (inline) {RUBY} at (0,0) size 18x16
            RenderRubyRun (anonymous) at (508,309) size 18x16
              RenderRubyText {RT} at (-10,0) size 10x16
                RenderText {#text} at (0,0) size 10x16
                  text run at (0,0) width 16: "\x{304A}\x{3053}"
              RenderRubyBase (anonymous) at (0,0) size 18x16
                RenderInline {RB} at (0,0) size 18x16
                  RenderText {#text} at (0,0) size 18x16
                    text run at (0,0) width 16: "\x{8D77}"
          RenderText {#text} at (508,325) size 18x25
            text run at (508,325) width 25: "\x{308B}\x{3002}"
          RenderRuby (inline) {RUBY} at (0,0) size 18x33
            RenderRubyRun (anonymous) at (508,349) size 18x35
              RenderRubyText {RT} at (-10,0) size 10x35
                RenderText {#text} at (0,0) size 10x35
                  text run at (0,0) width 35: "\x{305F}\x{3093}\x{305B}\x{3044}"
              RenderRubyBase (anonymous) at (0,0) size 18x35
                RenderInline {RB} at (0,0) size 18x33
                  RenderText {#text} at (0,1) size 18x33
                    text run at (0,1) width 32: "\x{4E39}\x{9752}"
          RenderText {#text} at (508,383) size 18x16
            text run at (508,383) width 16: "\x{306F}"
          RenderRuby (inline) {RUBY} at (0,0) size 18x32
            RenderRubyRun (anonymous) at (508,399) size 18x32
              RenderRubyText {RT} at (-10,0) size 10x32
                RenderText {#text} at (0,7) size 10x18
                  text run at (0,7) width 18: "\x{304C}\x{304B}"
              RenderRubyBase (anonymous) at (0,0) size 18x32
                RenderInline {RB} at (0,0) size 18x32
                  RenderText {#text} at (0,0) size 18x32
                    text run at (0,0) width 32: "\x{753B}\x{67B6}"
          RenderText {#text} at (508,431) size 18x58
            text run at (508,431) width 58: "\x{306B}\x{5411}\x{3063}\x{3066}"
          RenderRuby (inline) {RUBY} at (0,0) size 18x32
            RenderRubyRun (anonymous) at (536,0) size 18x32
              RenderRubyText {RT} at (-10,0) size 10x32
                RenderText {#text} at (0,4) size 10x24
                  text run at (0,4) width 24: "\x{3068}\x{307E}\x{3064}"
              RenderRubyBase (anonymous) at (0,0) size 18x32
                RenderInline {RB} at (0,0) size 18x32
                  RenderText {#text} at (0,0) size 18x32
                    text run at (0,0) width 32: "\x{5857}\x{62B9}"
          RenderText {#text} at (536,32) size 18x58
            text run at (536,32) width 58: "\x{305B}\x{3093}\x{3067}\x{3082}"
          RenderRuby (inline) {RUBY} at (0,0) size 18x32
            RenderRubyRun (anonymous) at (536,90) size 18x32
              RenderRubyText {RT} at (-10,0) size 10x32
                RenderText {#text} at (0,4) size 10x24
                  text run at (0,4) width 24: "\x{3054}\x{3055}\x{3044}"
              RenderRubyBase (anonymous) at (0,0) size 18x32
                RenderInline {RB} at (0,0) size 18x32
                  RenderText {#text} at (0,0) size 18x32
                    text run at (0,0) width 32: "\x{4E94}\x{5F69}"
          RenderText {#text} at (536,122) size 18x16
            text run at (536,122) width 16: "\x{306E}"
          RenderRuby (inline) {RUBY} at (0,0) size 18x32
            RenderRubyRun (anonymous) at (536,137) size 18x34
              RenderRubyText {RT} at (-10,0) size 10x34
                RenderText {#text} at (0,0) size 10x34
                  text run at (0,0) width 34: "\x{3051}\x{3093}\x{3089}\x{3093}"
              RenderRubyBase (anonymous) at (0,0) size 18x34
                RenderInline {RB} at (0,0) size 18x32
                  RenderText {#text} at (0,1) size 18x32
                    text run at (0,1) width 32: "\x{7D62}\x{721B}"
          RenderText {#text} at (536,170) size 18x16
            text run at (536,170) width 16: "\x{306F}"
          RenderRuby (inline) {RUBY} at (0,0) size 18x19
            RenderRubyRun (anonymous) at (536,182) size 18x27
              RenderRubyText {RT} at (-10,0) size 10x27
                RenderText {#text} at (0,0) size 10x27
                  text run at (0,0) width 27: "\x{304A}\x{306E}\x{305A}"
              RenderRubyBase (anonymous) at (0,0) size 18x27
                RenderInline {RB} at (0,0) size 18x17
                  RenderText {#text} at (0,5) size 18x17
                    text run at (0,5) width 16: "\x{81EA}"
          RenderText {#text} at (536,205) size 18x29
            text run at (536,205) width 29: "\x{304B}\x{3089}"
          RenderRuby (inline) {RUBY} at (0,0) size 18x32
            RenderRubyRun (anonymous) at (536,233) size 18x34
              RenderRubyText {RT} at (-10,0) size 10x34
                RenderText {#text} at (0,0) size 10x34
                  text run at (0,0) width 34: "\x{3057}\x{3093}\x{304C}\x{3093}"
              RenderRubyBase (anonymous) at (0,0) size 18x34
                RenderInline {RB} at (0,0) size 18x32
                  RenderText {#text} at (0,1) size 18x32
                    text run at (0,1) width 32: "\x{5FC3}\x{773C}"
          RenderText {#text} at (536,266) size 46x488
            text run at (536,266) width 222: "\x{306B}\x{6620}\x{308B}\x{3002}\x{305F}\x{3060}\x{304A}\x{306E}\x{304C}\x{4F4F}\x{3080}\x{4E16}\x{3092}\x{3001}\x{304B}"
            text run at (564,0) width 9: "\x{304F}"
          RenderRuby (inline) {RUBY} at (0,0) size 18x16
            RenderRubyRun (anonymous) at (564,8) size 18x18
              RenderRubyText {RT} at (-10,0) size 10x18
                RenderText {#text} at (0,0) size 10x18
                  text run at (0,0) width 18: "\x{304B}\x{3093}"
              RenderRubyBase (anonymous) at (0,0) size 18x18
                RenderInline {RB} at (0,0) size 18x16
                  RenderText {#text} at (0,1) size 18x16
                    text run at (0,1) width 16: "\x{89B3}"
          RenderText {#text} at (564,25) size 18x53
            text run at (564,25) width 53: "\x{3058}\x{5F97}\x{3066}\x{3001}"
          RenderRuby (inline) {RUBY} at (0,0) size 18x64
            RenderRubyRun (anonymous) at (564,76) size 18x68
              RenderRubyText {RT} at (-10,0) size 10x68
                RenderText {#text} at (0,0) size 10x68
                  text run at (0,0) width 68: "\x{308C}\x{3044}\x{3060}\x{3044}\x{307B}\x{3046}\x{3059}\x{3093}"
              RenderRubyBase (anonymous) at (0,0) size 18x68
                RenderInline {RB} at (0,0) size 18x64
                  RenderText {#text} at (0,2) size 18x64
                    text run at (0,2) width 64: "\x{970A}\x{53F0}\x{65B9}\x{5BF8}"
          RenderText {#text} at (564,142) size 18x69
            text run at (564,142) width 69: "\x{306E}\x{30AB}\x{30E1}\x{30E9}\x{306B}"
          RenderRuby (inline) {RUBY} at (0,0) size 18x64
            RenderRubyRun (anonymous) at (564,211) size 18x64
              RenderRubyText {RT} at (-10,0) size 10x64
                RenderText {#text} at (0,3) size 10x58
                  text run at (0,3) width 58: "\x{304E}\x{3087}\x{3046}\x{304D}\x{3053}\x{3093}\x{3060}\x{304F}"
              RenderRubyBase (anonymous) at (0,0) size 18x64
                RenderInline {RB} at (0,0) size 18x64
                  RenderText {#text} at (0,0) size 18x64
                    text run at (0,0) width 64: "\x{6F86}\x{5B63}\x{6EB7}\x{6FC1}"
          RenderText {#text} at (564,275) size 18x187
            text run at (564,275) width 187: "\x{306E}\x{4FD7}\x{754C}\x{3092}\x{6E05}\x{304F}\x{3046}\x{3089}\x{3089}\x{304B}\x{306B}\x{53CE}\x{3081}"
          RenderRuby (inline) {RUBY} at (0,0) size 18x16
            RenderRubyRun (anonymous) at (564,462) size 18x16
              RenderRubyText {RT} at (-10,0) size 10x16
                RenderText {#text} at (0,5) size 10x6
                  text run at (0,5) width 6: "\x{3046}"
              RenderRubyBase (anonymous) at (0,0) size 18x16
                RenderInline {RB} at (0,0) size 18x16
                  RenderText {#text} at (0,0) size 18x16
                    text run at (0,0) width 16: "\x{5F97}"
          RenderText {#text} at (592,0) size 18x32
            text run at (592,0) width 32: "\x{308C}\x{3070}"
          RenderRuby (inline) {RUBY} at (0,0) size 18x16
            RenderRubyRun (anonymous) at (592,32) size 18x16
              RenderRubyText {RT} at (-10,0) size 10x16
                RenderText {#text} at (0,4) size 10x8
                  text run at (0,4) width 8: "\x{305F}"
              RenderRubyBase (anonymous) at (0,0) size 18x16
                RenderInline {RB} at (0,0) size 18x16
                  RenderText {#text} at (0,0) size 18x16
                    text run at (0,0) width 16: "\x{8DB3}"
          RenderText {#text} at (592,48) size 18x85
            text run at (592,48) width 85: "\x{308B}\x{3002}\x{3053}\x{306E}\x{6545}\x{306B}"
          RenderRuby (inline) {RUBY} at (0,0) size 18x32
            RenderRubyRun (anonymous) at (592,133) size 18x32
              RenderRubyText {RT} at (-10,0) size 10x32
                RenderText {#text} at (0,2) size 10x28
                  text run at (0,2) width 27: "\x{3080}\x{305B}\x{3044}"
              RenderRubyBase (anonymous) at (0,0) size 18x32
                RenderInline {RB} at (0,0) size 18x32
                  RenderText {#text} at (0,0) size 18x32
                    text run at (0,0) width 32: "\x{7121}\x{58F0}"
          RenderText {#text} at (592,165) size 18x145
            text run at (592,165) width 145: "\x{306E}\x{8A69}\x{4EBA}\x{306B}\x{306F}\x{4E00}\x{53E5}\x{306A}\x{304F}\x{3001}"
          RenderRuby (inline) {RUBY} at (0,0) size 18x32
            RenderRubyRun (anonymous) at (592,310) size 18x32
              RenderRubyText {RT} at (-10,0) size 10x32
                RenderText {#text} at (0,2) size 10x28
                  text run at (0,2) width 28: "\x{3080}\x{3057}\x{3087}\x{304F}"
              RenderRubyBase (anonymous) at (0,0) size 18x32
                RenderInline {RB} at (0,0) size 18x32
                  RenderText {#text} at (0,0) size 18x32
                    text run at (0,0) width 32: "\x{7121}\x{8272}"
          RenderText {#text} at (592,342) size 18x79
            text run at (592,342) width 79: "\x{306E}\x{753B}\x{5BB6}\x{306B}\x{306F}"
          RenderRuby (inline) {RUBY} at (0,0) size 18x32
            RenderRubyRun (anonymous) at (592,420) size 18x34
              RenderRubyText {RT} at (-10,0) size 10x34
                RenderText {#text} at (0,0) size 10x34
                  text run at (0,0) width 34: "\x{305B}\x{3063}\x{3051}\x{3093}"
              RenderRubyBase (anonymous) at (0,0) size 18x34
                RenderInline {RB} at (0,0) size 18x32
                  RenderText {#text} at (0,1) size 18x32
                    text run at (0,1) width 32: "\x{5C3A}\x{7E11}"
          RenderText {#text} at (592,453) size 46x481
            text run at (592,453) width 28: "\x{306A}\x{304D}"
            text run at (620,0) width 49: "\x{3082}\x{3001}\x{304B}\x{304F}"
          RenderRuby (inline) {RUBY} at (0,0) size 18x32
            RenderRubyRun (anonymous) at (620,48) size 18x34
              RenderRubyText {RT} at (-10,0) size 10x34
                RenderText {#text} at (0,0) size 10x34
                  text run at (0,0) width 34: "\x{3058}\x{3093}\x{305B}\x{3044}"
              RenderRubyBase (anonymous) at (0,0) size 18x34
                RenderInline {RB} at (0,0) size 18x32
                  RenderText {#text} at (0,1) size 18x32
                    text run at (0,1) width 32: "\x{4EBA}\x{4E16}"
          RenderText {#text} at (620,81) size 18x199
            text run at (620,81) width 199: "\x{3092}\x{89B3}\x{3058}\x{5F97}\x{308B}\x{306E}\x{70B9}\x{306B}\x{304A}\x{3044}\x{3066}\x{3001}\x{304B}\x{304F}"
          RenderRuby (inline) {RUBY} at (0,0) size 18x33
            RenderRubyRun (anonymous) at (620,280) size 18x33
              RenderRubyText {RT} at (-10,0) size 10x33
                RenderText {#text} at (0,0) size 10x33
                  text run at (0,0) width 33: "\x{307C}\x{3093}\x{306E}\x{3046}"
              RenderRubyBase (anonymous) at (0,0) size 18x33
                RenderInline {RB} at (0,0) size 18x33
                  RenderText {#text} at (0,0) size 18x33
                    text run at (0,0) width 32: "\x{7169}\x{60A9}"
          RenderText {#text} at (620,313) size 18x14
            text run at (620,313) width 14: "\x{3092}"
          RenderRuby (inline) {RUBY} at (0,0) size 18x32
            RenderRubyRun (anonymous) at (620,327) size 18x32
              RenderRubyText {RT} at (-10,0) size 10x32
                RenderText {#text} at (0,3) size 10x26
                  text run at (0,3) width 26: "\x{3052}\x{3060}\x{3064}"
              RenderRubyBase (anonymous) at (0,0) size 18x32
                RenderInline {RB} at (0,0) size 18x32
                  RenderText {#text} at (0,0) size 18x32
                    text run at (0,0) width 32: "\x{89E3}\x{8131}"
          RenderText {#text} at (620,359) size 46x490
            text run at (620,359) width 131: "\x{3059}\x{308B}\x{306E}\x{70B9}\x{306B}\x{304A}\x{3044}\x{3066}\x{3001}"
            text run at (648,0) width 25: "\x{304B}\x{304F}"
          RenderRuby (inline) {RUBY} at (0,0) size 18x50
            RenderRubyRun (anonymous) at (648,21) size 18x58
              RenderRubyText {RT} at (-10,0) size 10x58
                RenderText {#text} at (0,0) size 10x58
                  text run at (0,0) width 58: "\x{3057}\x{3087}\x{3046}\x{3058}\x{3087}\x{3046}\x{304B}\x{3044}"
              RenderRubyBase (anonymous) at (0,0) size 18x58
                RenderInline {RB} at (0,0) size 18x48
                  RenderText {#text} at (0,5) size 18x48
                    text run at (0,5) width 48: "\x{6E05}\x{6D44}\x{754C}"
          RenderText {#text} at (648,75) size 18x15
            text run at (648,75) width 15: "\x{306B}"
          RenderRuby (inline) {RUBY} at (0,0) size 18x38
            RenderRubyRun (anonymous) at (648,86) size 18x46
              RenderRubyText {RT} at (-10,0) size 10x46
                RenderText {#text} at (0,0) size 10x46
                  text run at (0,0) width 46: "\x{3057}\x{3085}\x{3064}\x{306B}\x{3085}\x{3046}"
              RenderRubyBase (anonymous) at (0,0) size 18x46
                RenderInline {RB} at (0,0) size 18x32
                  RenderText {#text} at (0,7) size 18x32
                    text run at (0,7) width 32: "\x{51FA}\x{5165}"
          RenderText {#text} at (648,128) size 18x202
            text run at (648,128) width 202: "\x{3057}\x{5F97}\x{308B}\x{306E}\x{70B9}\x{306B}\x{304A}\x{3044}\x{3066}\x{3001}\x{307E}\x{305F}\x{3053}\x{306E}"
          RenderRuby (inline) {RUBY} at (0,0) size 18x64
            RenderRubyRun (anonymous) at (648,330) size 18x64
              RenderRubyText {RT} at (-10,0) size 10x64
                RenderText {#text} at (0,12) size 10x40
                  text run at (0,12) width 39: "\x{3075}\x{3069}\x{3046}\x{3075}\x{3058}"
              RenderRubyBase (anonymous) at (0,0) size 18x64
                RenderInline {RB} at (0,0) size 18x64
                  RenderText {#text} at (0,0) size 18x64
                    text run at (0,0) width 64: "\x{4E0D}\x{540C}\x{4E0D}\x{4E8C}"
          RenderText {#text} at (648,394) size 18x16
            text run at (648,394) width 16: "\x{306E}"
          RenderRuby (inline) {RUBY} at (0,0) size 18x32
            RenderRubyRun (anonymous) at (648,409) size 18x34
              RenderRubyText {RT} at (-10,0) size 10x34
                RenderText {#text} at (0,0) size 10x34
                  text run at (0,0) width 34: "\x{3051}\x{3093}\x{3053}\x{3093}"
              RenderRubyBase (anonymous) at (0,0) size 18x34
                RenderInline {RB} at (0,0) size 18x32
                  RenderText {#text} at (0,1) size 18x32
                    text run at (0,1) width 32: "\x{4E7E}\x{5764}"
          RenderText {#text} at (648,442) size 18x14
            text run at (648,442) width 14: "\x{3092}"
          RenderRuby (inline) {RUBY} at (0,0) size 18x35
            RenderRubyRun (anonymous) at (648,454) size 18x37
              RenderRubyText {RT} at (-10,0) size 10x37
                RenderText {#text} at (0,0) size 10x37
                  text run at (0,0) width 37: "\x{3053}\x{3093}\x{308A}\x{3085}\x{3046}"
              RenderRubyBase (anonymous) at (0,0) size 18x37
                RenderInline {RB} at (0,0) size 18x33
                  RenderText {#text} at (0,2) size 18x33
                    text run at (0,2) width 32: "\x{5EFA}\x{7ACB}"
          RenderText {#text} at (676,0) size 18x144
            text run at (676,0) width 144: "\x{3057}\x{5F97}\x{308B}\x{306E}\x{70B9}\x{306B}\x{304A}\x{3044}\x{3066}\x{3001}"
          RenderRuby (inline) {RUBY} at (0,0) size 18x64
            RenderRubyRun (anonymous) at (676,144) size 18x64
              RenderRubyText {RT} at (-10,0) size 10x64
                RenderText {#text} at (0,14) size 10x36
                  text run at (0,14) width 36: "\x{304C}\x{308A}\x{3057}\x{3088}\x{304F}"
              RenderRubyBase (anonymous) at (0,0) size 18x64
                RenderInline {RB} at (0,0) size 18x64
                  RenderText {#text} at (0,0) size 18x64
                    text run at (0,0) width 64: "\x{6211}\x{5229}\x{79C1}\x{617E}"
          RenderText {#text} at (676,208) size 18x16
            text run at (676,208) width 16: "\x{306E}"
          RenderRuby (inline) {RUBY} at (0,0) size 18x32
            RenderRubyRun (anonymous) at (676,224) size 18x32
              RenderRubyText {RT} at (-10,0) size 10x32
                RenderText {#text} at (0,3) size 10x26
                  text run at (0,3) width 26: "\x{304D}\x{306F}\x{3093}"
              RenderRubyBase (anonymous) at (0,0) size 18x32
                RenderInline {RB} at (0,0) size 18x32
                  RenderText {#text} at (0,0) size 18x32
                    text run at (0,0) width 32: "\x{898A}\x{7D46}"
          RenderText {#text} at (676,256) size 18x14
            text run at (676,256) width 14: "\x{3092}"
          RenderRuby (inline) {RUBY} at (0,0) size 18x32
            RenderRubyRun (anonymous) at (676,270) size 18x32
              RenderRubyText {RT} at (-10,0) size 10x32
                RenderText {#text} at (0,2) size 10x28
                  text run at (0,2) width 27: "\x{305D}\x{3046}\x{3068}\x{3046}"
              RenderRubyBase (anonymous) at (0,0) size 18x32
                RenderInline {RB} at (0,0) size 18x32
                  RenderText {#text} at (0,0) size 18x32
                    text run at (0,0) width 32: "\x{6383}\x{8569}"
          RenderText {#text} at (676,302) size 18x163
            text run at (676,302) width 163: "\x{3059}\x{308B}\x{306E}\x{70B9}\x{306B}\x{304A}\x{3044}\x{3066}\x{3001}\x{2015}\x{2015}"
          RenderRuby (inline) {RUBY} at (0,0) size 18x34
            RenderRubyRun (anonymous) at (704,0) size 18x35
              RenderRubyText {RT} at (-10,0) size 10x35
                RenderText {#text} at (0,0) size 10x35
                  text run at (0,0) width 35: "\x{305B}\x{3093}\x{304D}\x{3093}"
              RenderRubyBase (anonymous) at (0,0) size 18x35
                RenderInline {RB} at (0,0) size 18x33
                  RenderText {#text} at (0,1) size 18x33
                    text run at (0,1) width 32: "\x{5343}\x{91D1}"
          RenderText {#text} at (704,34) size 18x82
            text run at (704,34) width 82: "\x{306E}\x{5B50}\x{3088}\x{308A}\x{3082}\x{3001}"
          RenderRuby (inline) {RUBY} at (0,0) size 18x32
            RenderRubyRun (anonymous) at (704,113) size 18x38
              RenderRubyText {RT} at (-10,0) size 10x38
                RenderText {#text} at (0,0) size 10x38
                  text run at (0,0) width 38: "\x{3070}\x{3093}\x{3058}\x{3087}\x{3046}"
              RenderRubyBase (anonymous) at (0,0) size 18x38
                RenderInline {RB} at (0,0) size 18x32
                  RenderText {#text} at (0,3) size 18x32
                    text run at (0,3) width 32: "\x{4E07}\x{4E57}"
          RenderText {#text} at (704,148) size 18x188
            text run at (704,148) width 188: "\x{306E}\x{541B}\x{3088}\x{308A}\x{3082}\x{3001}\x{3042}\x{3089}\x{3086}\x{308B}\x{4FD7}\x{754C}\x{306E}"
          RenderRuby (inline) {RUBY} at (0,0) size 18x32
            RenderRubyRun (anonymous) at (704,336) size 18x32
              RenderRubyText {RT} at (-10,0) size 10x32
                RenderText {#text} at (0,2) size 10x28
                  text run at (0,2) width 28: "\x{3061}\x{3087}\x{3046}\x{3058}"
              RenderRubyBase (anonymous) at (0,0) size 18x32
                RenderInline {RB} at (0,0) size 18x32
                  RenderText {#text} at (0,0) size 18x32
                    text run at (0,0) width 32: "\x{5BF5}\x{5150}"
          RenderText {#text} at (704,368) size 18x125
            text run at (704,368) width 125: "\x{3088}\x{308A}\x{3082}\x{5E78}\x{798F}\x{3067}\x{3042}\x{308B}\x{3002}"
          RenderBR {BR} at (704,493) size 18x0
          RenderText {#text} at (732,0) size 18x246
            text run at (732,0) width 246: "\x{3000}\x{4E16}\x{306B}\x{4F4F}\x{3080}\x{3053}\x{3068}\x{4E8C}\x{5341}\x{5E74}\x{306B}\x{3057}\x{3066}\x{3001}\x{4F4F}\x{3080}\x{306B}"
          RenderRuby (inline) {RUBY} at (0,0) size 18x32
            RenderRubyRun (anonymous) at (732,246) size 18x32
              RenderRubyText {RT} at (-10,0) size 10x32
                RenderText {#text} at (0,7) size 10x18
                  text run at (0,7) width 18: "\x{304B}\x{3044}"
              RenderRubyBase (anonymous) at (0,0) size 18x32
                RenderInline {RB} at (0,0) size 18x32
                  RenderText {#text} at (0,0) size 18x32
                    text run at (0,0) width 32: "\x{7532}\x{6590}"
          RenderText {#text} at (732,278) size 46x481
            text run at (732,278) width 203: "\x{3042}\x{308B}\x{4E16}\x{3068}\x{77E5}\x{3063}\x{305F}\x{3002}\x{4E8C}\x{5341}\x{4E94}\x{5E74}\x{306B}\x{3057}"
            text run at (760,0) width 62: "\x{3066}\x{660E}\x{6697}\x{306F}"
          RenderRuby (inline) {RUBY} at (0,0) size 18x32
            RenderRubyRun (anonymous) at (760,62) size 18x32
              RenderRubyText {RT} at (-10,0) size 10x32
                RenderText {#text} at (0,1) size 10x30
                  text run at (0,1) width 29: "\x{3072}\x{3087}\x{3046}\x{308A}"
              RenderRubyBase (anonymous) at (0,0) size 18x32
                RenderInline {RB} at (0,0) size 18x32
                  RenderText {#text} at (0,0) size 18x32
                    text run at (0,0) width 32: "\x{8868}\x{88CF}"
          RenderText {#text} at (760,94) size 18x398
            text run at (760,94) width 398: "\x{306E}\x{3054}\x{3068}\x{304F}\x{3001}\x{65E5}\x{306E}\x{3042}\x{305F}\x{308B}\x{6240}\x{306B}\x{306F}\x{304D}\x{3063}\x{3068}\x{5F71}\x{304C}\x{3055}\x{3059}\x{3068}\x{609F}\x{3063}\x{305F}\x{3002}\x{4E09}\x{5341}\x{306E}"
          RenderRuby (inline) {RUBY} at (0,0) size 18x32
            RenderRubyRun (anonymous) at (788,0) size 18x32
              RenderRubyText {RT} at (-10,0) size 10x32
                RenderText {#text} at (0,0) size 10x32
                  text run at (0,0) width 32: "\x{3053}\x{3093}\x{306B}\x{3061}"
              RenderRubyBase (anonymous) at (0,0) size 18x32
                RenderInline {RB} at (0,0) size 18x32
                  RenderText {#text} at (0,0) size 18x32
                    text run at (0,0) width 32: "\x{4ECA}\x{65E5}"
          RenderText {#text} at (788,32) size 18x256
            text run at (788,32) width 256: "\x{306F}\x{3053}\x{3046}\x{601D}\x{3046}\x{3066}\x{3044}\x{308B}\x{3002}\x{2015}\x{2015}\x{559C}\x{3073}\x{306E}\x{6DF1}\x{304D}\x{3068}\x{304D}"
          RenderRuby (inline) {RUBY} at (0,0) size 18x16
            RenderRubyRun (anonymous) at (788,284) size 18x24
              RenderRubyText {RT} at (-10,0) size 10x24
                RenderText {#text} at (0,0) size 10x24
                  text run at (0,0) width 24: "\x{3046}\x{308C}\x{3044}"
              RenderRubyBase (anonymous) at (0,0) size 18x24
                RenderInline {RB} at (0,0) size 18x16
                  RenderText {#text} at (0,4) size 18x16
                    text run at (0,4) width 16: "\x{6182}"
          RenderText {#text} at (788,304) size 18x94
            text run at (788,304) width 94: "\x{3044}\x{3088}\x{3044}\x{3088}\x{6DF1}\x{304F}\x{3001}"
          RenderRuby (inline) {RUBY} at (0,0) size 18x16
            RenderRubyRun (anonymous) at (788,394) size 18x24
              RenderRubyText {RT} at (-10,0) size 10x24
                RenderText {#text} at (0,0) size 10x24
                  text run at (0,0) width 24: "\x{305F}\x{306E}\x{3057}"
              RenderRubyBase (anonymous) at (0,0) size 18x24
                RenderInline {RB} at (0,0) size 18x16
                  RenderText {#text} at (0,4) size 18x16
                    text run at (0,4) width 16: "\x{697D}"
          RenderText {#text} at (788,414) size 46x491
            text run at (788,414) width 77: "\x{307F}\x{306E}\x{5927}\x{3044}\x{306A}"
            text run at (816,0) width 412: "\x{308B}\x{307B}\x{3069}\x{82E6}\x{3057}\x{307F}\x{3082}\x{5927}\x{304D}\x{3044}\x{3002}\x{3053}\x{308C}\x{3092}\x{5207}\x{308A}\x{653E}\x{305D}\x{3046}\x{3068}\x{3059}\x{308B}\x{3068}\x{8EAB}\x{304C}\x{6301}\x{3066}\x{306C}\x{3002}"
          RenderRuby (inline) {RUBY} at (0,0) size 18x17
            RenderRubyRun (anonymous) at (816,412) size 18x17
              RenderRubyText {RT} at (-10,0) size 10x17
                RenderText {#text} at (0,0) size 10x17
                  text run at (0,0) width 17: "\x{304B}\x{305F}"
              RenderRubyBase (anonymous) at (0,0) size 18x17
                RenderInline {RB} at (0,0) size 18x17
                  RenderText {#text} at (0,0) size 18x17
                    text run at (0,0) width 16: "\x{7247}"
          RenderText {#text} at (816,429) size 46x484
            text run at (816,429) width 55: "\x{3065}\x{3051}\x{3088}\x{3046}"
            text run at (844,0) width 330: "\x{3068}\x{3059}\x{308C}\x{3070}\x{4E16}\x{304C}\x{7ACB}\x{305F}\x{306C}\x{3002}\x{91D1}\x{306F}\x{5927}\x{4E8B}\x{3060}\x{3001}\x{5927}\x{4E8B}\x{306A}\x{3082}\x{306E}\x{304C}"
          RenderRuby (inline) {RUBY} at (0,0) size 18x16
            RenderRubyRun (anonymous) at (844,330) size 18x16
              RenderRubyText {RT} at (-10,0) size 10x16
                RenderText {#text} at (0,3) size 10x10
                  text run at (0,3) width 9: "\x{3075}"
              RenderRubyBase (anonymous) at (0,0) size 18x16
                RenderInline {RB} at (0,0) size 18x16
                  RenderText {#text} at (0,0) size 18x16
                    text run at (0,0) width 16: "\x{6B96}"
          RenderText {#text} at (844,346) size 18x46
            text run at (844,346) width 46: "\x{3048}\x{308C}\x{3070}"
          RenderRuby (inline) {RUBY} at (0,0) size 18x16
            RenderRubyRun (anonymous) at (844,392) size 18x16
              RenderRubyText {RT} at (-10,0) size 10x16
                RenderText {#text} at (0,3) size 10x10
                  text run at (0,3) width 9: "\x{306D}"
              RenderRubyBase (anonymous) at (0,0) size 18x16
                RenderInline {RB} at (0,0) size 18x16
                  RenderText {#text} at (0,0) size 18x16
                    text run at (0,0) width 16: "\x{5BDD}"
          RenderText {#text} at (844,408) size 18x14
            text run at (844,408) width 14: "\x{308B}"
          RenderRuby (inline) {RUBY} at (0,0) size 18x16
            RenderRubyRun (anonymous) at (844,422) size 18x16
              RenderRubyText {RT} at (-10,0) size 10x16
                RenderText {#text} at (0,4) size 10x8
                  text run at (0,4) width 8: "\x{307E}"
              RenderRubyBase (anonymous) at (0,0) size 18x16
                RenderInline {RB} at (0,0) size 18x16
                  RenderText {#text} at (0,0) size 18x16
                    text run at (0,0) width 16: "\x{9593}"
          RenderText {#text} at (844,438) size 64x490
            text run at (844,438) width 45: "\x{3082}\x{5FC3}\x{914D}"
            text run at (862,0) width 490: "\x{3060}\x{308D}\x{3046}\x{3002}\x{604B}\x{306F}\x{3046}\x{308C}\x{3057}\x{3044}\x{3001}\x{5B09}\x{3057}\x{3044}\x{604B}\x{304C}\x{7A4D}\x{3082}\x{308C}\x{3070}\x{3001}\x{604B}\x{3092}\x{305B}\x{306C}\x{6614}\x{304C}\x{304B}\x{3048}\x{3063}\x{3066}\x{604B}\x{3057}\x{304B}"
            text run at (890,0) width 215: "\x{308D}\x{3002}\x{95A3}\x{50DA}\x{306E}\x{80A9}\x{306F}\x{6570}\x{767E}\x{4E07}\x{4EBA}\x{306E}\x{8DB3}\x{3092}"
          RenderRuby (inline) {RUBY} at (0,0) size 18x16
            RenderRubyRun (anonymous) at (890,215) size 18x16
              RenderRubyText {RT} at (-10,0) size 10x16
                RenderText {#text} at (0,1) size 10x14
                  text run at (0,1) width 14: "\x{3055}\x{3055}"
              RenderRubyBase (anonymous) at (0,0) size 18x16
                RenderInline {RB} at (0,0) size 18x16
                  RenderText {#text} at (0,0) size 18x16
                    text run at (0,0) width 16: "\x{652F}"
          RenderText {#text} at (890,231) size 18x68
            text run at (890,231) width 68: "\x{3048}\x{3066}\x{3044}\x{308B}\x{3002}"
          RenderRuby (inline) {RUBY} at (0,0) size 18x32
            RenderRubyRun (anonymous) at (890,299) size 18x32
              RenderRubyText {RT} at (-10,0) size 10x32
                RenderText {#text} at (0,3) size 10x26
                  text run at (0,3) width 26: "\x{305B}\x{306A}\x{304B}"
              RenderRubyBase (anonymous) at (0,0) size 18x32
                RenderInline {RB} at (0,0) size 18x32
                  RenderText {#text} at (0,0) size 18x32
                    text run at (0,0) width 32: "\x{80CC}\x{4E2D}"
          RenderText {#text} at (890,331) size 46x472
            text run at (890,331) width 141: "\x{306B}\x{306F}\x{91CD}\x{3044}\x{5929}\x{4E0B}\x{304C}\x{304A}\x{3076}"
            text run at (918,0) width 340: "\x{3055}\x{3063}\x{3066}\x{3044}\x{308B}\x{3002}\x{3046}\x{307E}\x{3044}\x{7269}\x{3082}\x{98DF}\x{308F}\x{306D}\x{3070}\x{60DC}\x{3057}\x{3044}\x{3002}\x{5C11}\x{3057}\x{98DF}\x{3048}\x{3070}"
          RenderRuby (inline) {RUBY} at (0,0) size 18x16
            RenderRubyRun (anonymous) at (918,340) size 18x16
              RenderRubyText {RT} at (-10,0) size 10x16
                RenderText {#text} at (0,4) size 10x8
                  text run at (0,4) width 8: "\x{3042}"
              RenderRubyBase (anonymous) at (0,0) size 18x16
                RenderInline {RB} at (0,0) size 18x16
                  RenderText {#text} at (0,0) size 18x16
                    text run at (0,0) width 16: "\x{98FD}"
          RenderText {#text} at (918,356) size 18x14
            text run at (918,356) width 14: "\x{304D}"
          RenderRuby (inline) {RUBY} at (0,0) size 18x16
            RenderRubyRun (anonymous) at (918,370) size 18x16
              RenderRubyText {RT} at (-10,0) size 10x16
                RenderText {#text} at (0,4) size 10x8
                  text run at (0,4) width 8: "\x{305F}"
              RenderRubyBase (anonymous) at (0,0) size 18x16
                RenderInline {RB} at (0,0) size 18x16
                  RenderText {#text} at (0,0) size 18x16
                    text run at (0,0) width 16: "\x{8DB3}"
          RenderText {#text} at (918,386) size 36x488
            text run at (918,386) width 102: "\x{3089}\x{306C}\x{3002}\x{5B58}\x{5206}\x{98DF}\x{3048}"
            text run at (936,0) width 165: "\x{3070}\x{3042}\x{3068}\x{304C}\x{4E0D}\x{6109}\x{5FEB}\x{3060}\x{3002}\x{2026}\x{2026}"
          RenderBR {BR} at (936,165) size 18x0
          RenderText {#text} at (964,0) size 18x11
            text run at (964,0) width 11: "\x{3000}"
          RenderRuby (inline) {RUBY} at (0,0) size 18x16
            RenderRubyRun (anonymous) at (964,11) size 18x16
              RenderRubyText {RT} at (-10,0) size 10x16
                RenderText {#text} at (0,4) size 10x8
                  text run at (0,4) width 8: "\x{3088}"
              RenderRubyBase (anonymous) at (0,0) size 18x16
                RenderInline {RB} at (0,0) size 18x16
                  RenderText {#text} at (0,0) size 18x16
                    text run at (0,0) width 16: "\x{4F59}"
          RenderText {#text} at (964,27) size 18x16
            text run at (964,27) width 16: "\x{306E}"
          RenderRuby (inline) {RUBY} at (0,0) size 18x27
            RenderRubyRun (anonymous) at (964,39) size 18x35
              RenderRubyText {RT} at (-10,0) size 10x35
                RenderText {#text} at (0,0) size 10x35
                  text run at (0,0) width 35: "\x{304B}\x{3093}\x{304C}\x{3048}"
              RenderRubyBase (anonymous) at (0,0) size 18x35
                RenderInline {RB} at (0,0) size 18x17
                  RenderText {#text} at (0,9) size 18x17
                    text run at (0,9) width 16: "\x{8003}"
          RenderText {#text} at (964,70) size 18x233
            text run at (964,70) width 233: "\x{304C}\x{3053}\x{3053}\x{307E}\x{3067}\x{6F02}\x{6D41}\x{3057}\x{3066}\x{6765}\x{305F}\x{6642}\x{306B}\x{3001}\x{4F59}\x{306E}"
          RenderRuby (inline) {RUBY} at (0,0) size 18x32
            RenderRubyRun (anonymous) at (964,303) size 18x32
              RenderRubyText {RT} at (-10,0) size 10x32
                RenderText {#text} at (0,6) size 10x20
                  text run at (0,6) width 19: "\x{3046}\x{305D}\x{304F}"
              RenderRubyBase (anonymous) at (0,0) size 18x32
                RenderInline {RB} at (0,0) size 18x32
                  RenderText {#text} at (0,0) size 18x32
                    text run at (0,0) width 32: "\x{53F3}\x{8DB3}"
          RenderText {#text} at (964,335) size 18x48
            text run at (964,335) width 48: "\x{306F}\x{7A81}\x{7136}"
          RenderRuby (inline) {RUBY} at (0,0) size 18x16
            RenderRubyRun (anonymous) at (964,382) size 18x18
              RenderRubyText {RT} at (-10,0) size 10x18
                RenderText {#text} at (0,0) size 10x18
                  text run at (0,0) width 18: "\x{3059}\x{308F}"
              RenderRubyBase (anonymous) at (0,0) size 18x18
                RenderInline {RB} at (0,0) size 18x16
                  RenderText {#text} at (0,1) size 18x16
                    text run at (0,1) width 16: "\x{5750}"
          RenderText {#text} at (964,399) size 18x73
            text run at (964,399) width 73: "\x{308A}\x{306E}\x{308F}\x{308B}\x{3044}"
          RenderRuby (inline) {RUBY} at (0,0) size 18x32
            RenderRubyRun (anonymous) at (992,0) size 18x32
              RenderRubyText {RT} at (-10,0) size 10x32
                RenderText {#text} at (0,1) size 10x30
                  text run at (0,1) width 30: "\x{304B}\x{304F}\x{3044}\x{3057}"
              RenderRubyBase (anonymous) at (0,0) size 18x32
                RenderInline {RB} at (0,0) size 18x32
                  RenderText {#text} at (0,0) size 18x32
                    text run at (0,0) width 32: "\x{89D2}\x{77F3}"
          RenderText {#text} at (992,32) size 18x16
            text run at (992,32) width 16: "\x{306E}"
          RenderRuby (inline) {RUBY} at (0,0) size 18x16
            RenderRubyRun (anonymous) at (992,48) size 18x16
              RenderRubyText {RT} at (-10,0) size 10x16
                RenderText {#text} at (0,0) size 10x16
                  text run at (0,0) width 16: "\x{306F}\x{3057}"
              RenderRubyBase (anonymous) at (0,0) size 18x16
                RenderInline {RB} at (0,0) size 18x16
                  RenderText {#text} at (0,0) size 18x16
                    text run at (0,0) width 16: "\x{7AEF}"
          RenderText {#text} at (992,64) size 18x46
            text run at (992,64) width 46: "\x{3092}\x{8E0F}\x{307F}"
          RenderRuby (inline) {RUBY} at (0,0) size 18x16
            RenderRubyRun (anonymous) at (992,110) size 18x16
              RenderRubyText {RT} at (-10,0) size 10x16
                RenderText {#text} at (0,4) size 10x8
                  text run at (0,4) width 8: "\x{305D}"
              RenderRubyBase (anonymous) at (0,0) size 18x16
                RenderInline {RB} at (0,0) size 18x16
                  RenderText {#text} at (0,0) size 18x16
                    text run at (0,0) width 16: "\x{640D}"
          RenderText {#text} at (992,126) size 18x62
            text run at (992,126) width 62: "\x{304F}\x{306A}\x{3063}\x{305F}\x{3002}"
          RenderRuby (inline) {RUBY} at (0,0) size 18x32
            RenderRubyRun (anonymous) at (992,188) size 18x32
              RenderRubyText {RT} at (-10,0) size 10x32
                RenderText {#text} at (0,0) size 10x32
                  text run at (0,0) width 31: "\x{3078}\x{3044}\x{3053}\x{3046}"
              RenderRubyBase (anonymous) at (0,0) size 18x32
                RenderInline {RB} at (0,0) size 18x32
                  RenderText {#text} at (0,0) size 18x32
                    text run at (0,0) width 32: "\x{5E73}\x{8861}"
          RenderText {#text} at (992,220) size 18x266
            text run at (992,220) width 266: "\x{3092}\x{4FDD}\x{3064}\x{305F}\x{3081}\x{306B}\x{3001}\x{3059}\x{308F}\x{3084}\x{3068}\x{524D}\x{306B}\x{98DB}\x{3073}\x{51FA}\x{3057}\x{305F}"
          RenderRuby (inline) {RUBY} at (0,0) size 18x32
            RenderRubyRun (anonymous) at (1020,0) size 18x32
              RenderRubyText {RT} at (-10,0) size 10x32
                RenderText {#text} at (0,6) size 10x20
                  text run at (0,6) width 20: "\x{3055}\x{305D}\x{304F}"
              RenderRubyBase (anonymous) at (0,0) size 18x32
                RenderInline {RB} at (0,0) size 18x32
                  RenderText {#text} at (0,0) size 18x32
                    text run at (0,0) width 32: "\x{5DE6}\x{8DB3}"
          RenderText {#text} at (1020,32) size 18x27
            text run at (1020,32) width 27: "\x{304C}\x{3001}"
          RenderRuby (inline) {RUBY} at (0,0) size 18x32
            RenderRubyRun (anonymous) at (1020,59) size 18x32
              RenderRubyText {RT} at (-10,0) size 10x32
                RenderText {#text} at (0,4) size 10x24
                  text run at (0,4) width 24: "\x{3057}\x{305D}\x{3093}"
              RenderRubyBase (anonymous) at (0,0) size 18x32
                RenderInline {RB} at (0,0) size 18x32
                  RenderText {#text} at (0,0) size 18x32
                    text run at (0,0) width 32: "\x{4ED5}\x{640D}"
          RenderText {#text} at (1020,91) size 18x28
            text run at (1020,91) width 28: "\x{3058}\x{306E}"
          RenderRuby (inline) {RUBY} at (0,0) size 18x16
            RenderRubyRun (anonymous) at (1020,119) size 18x16
              RenderRubyText {RT} at (-10,0) size 10x16
                RenderText {#text} at (0,5) size 10x6
                  text run at (0,5) width 6: "\x{3046}"
              RenderRubyBase (anonymous) at (0,0) size 18x16
                RenderInline {RB} at (0,0) size 18x16
                  RenderText {#text} at (0,0) size 18x16
                    text run at (0,0) width 16: "\x{57CB}"
          RenderText {#text} at (1020,135) size 18x16
            text run at (1020,135) width 16: "\x{3081}"
          RenderRuby (inline) {RUBY} at (0,0) size 18x17
            RenderRubyRun (anonymous) at (1020,151) size 18x17
              RenderRubyText {RT} at (-10,0) size 10x17
                RenderText {#text} at (0,0) size 10x17
                  text run at (0,0) width 17: "\x{3042}\x{308F}"
              RenderRubyBase (anonymous) at (0,0) size 18x17
                RenderInline {RB} at (0,0) size 18x17
                  RenderText {#text} at (0,0) size 18x17
                    text run at (0,0) width 16: "\x{5408}"
          RenderText {#text} at (1020,168) size 18x232
            text run at (1020,168) width 232: "\x{305B}\x{3092}\x{3059}\x{308B}\x{3068}\x{5171}\x{306B}\x{3001}\x{4F59}\x{306E}\x{8170}\x{306F}\x{5177}\x{5408}\x{3088}\x{304F}"
          RenderRuby (inline) {RUBY} at (0,0) size 18x16
            RenderRubyRun (anonymous) at (1020,400) size 18x16
              RenderRubyText {RT} at (-10,0) size 10x16
                RenderText {#text} at (0,0) size 10x16
                  text run at (0,0) width 15: "\x{307B}\x{3046}"
              RenderRubyBase (anonymous) at (0,0) size 18x16
                RenderInline {RB} at (0,0) size 18x16
                  RenderText {#text} at (0,0) size 18x16
                    text run at (0,0) width 16: "\x{65B9}"
          RenderText {#text} at (1020,416) size 46x492
            text run at (1020,416) width 76: "\x{4E09}\x{5C3A}\x{307B}\x{3069}\x{306A}"
            text run at (1048,0) width 63: "\x{5CA9}\x{306E}\x{4E0A}\x{306B}"
          RenderRuby (inline) {RUBY} at (0,0) size 18x16
            RenderRubyRun (anonymous) at (1048,63) size 18x16
              RenderRubyText {RT} at (-10,0) size 10x16
                RenderText {#text} at (0,3) size 10x10
                  text run at (0,3) width 9: "\x{304A}"
              RenderRubyBase (anonymous) at (0,0) size 18x16
                RenderInline {RB} at (0,0) size 18x16
                  RenderText {#text} at (0,0) size 18x16
                    text run at (0,0) width 16: "\x{5378}"
          RenderText {#text} at (1048,79) size 18x195
            text run at (1048,79) width 195: "\x{308A}\x{305F}\x{3002}\x{80A9}\x{306B}\x{304B}\x{3051}\x{305F}\x{7D75}\x{306E}\x{5177}\x{7BB1}\x{304C}"
          RenderRuby (inline) {RUBY} at (0,0) size 18x17
            RenderRubyRun (anonymous) at (1048,274) size 18x17
              RenderRubyText {RT} at (-10,0) size 10x17
                RenderText {#text} at (0,0) size 10x17
                  text run at (0,0) width 17: "\x{308F}\x{304D}"
              RenderRubyBase (anonymous) at (0,0) size 18x17
                RenderInline {RB} at (0,0) size 18x17
                  RenderText {#text} at (0,0) size 18x17
                    text run at (0,0) width 16: "\x{814B}"
          RenderText {#text} at (1048,291) size 18x61
            text run at (1048,291) width 61: "\x{306E}\x{4E0B}\x{304B}\x{3089}"
          RenderRuby (inline) {RUBY} at (0,0) size 18x17
            RenderRubyRun (anonymous) at (1048,352) size 18x17
              RenderRubyText {RT} at (-10,0) size 10x17
                RenderText {#text} at (0,0) size 10x17
                  text run at (0,0) width 17: "\x{304A}\x{3069}"
              RenderRubyBase (anonymous) at (0,0) size 18x17
                RenderInline {RB} at (0,0) size 18x17
                  RenderText {#text} at (0,0) size 18x17
                    text run at (0,0) width 16: "\x{8E8D}"
          RenderText {#text} at (1048,369) size 46x479
            text run at (1048,369) width 110: "\x{308A}\x{51FA}\x{3057}\x{305F}\x{3060}\x{3051}\x{3067}\x{3001}"
            text run at (1076,0) width 43: "\x{5E78}\x{3044}\x{3068}"
          RenderRuby (inline) {RUBY} at (0,0) size 18x17
            RenderRubyRun (anonymous) at (1076,43) size 18x17
              RenderRubyText {RT} at (-10,0) size 10x17
                RenderText {#text} at (0,0) size 10x17
                  text run at (0,0) width 17: "\x{306A}\x{3093}"
              RenderRubyBase (anonymous) at (0,0) size 18x17
                RenderInline {RB} at (0,0) size 18x17
                  RenderText {#text} at (0,0) size 18x17
                    text run at (0,0) width 16: "\x{4F55}"
          RenderText {#text} at (1076,60) size 18x114
            text run at (1076,60) width 114: "\x{306E}\x{4E8B}\x{3082}\x{306A}\x{304B}\x{3063}\x{305F}\x{3002}"
          RenderBR {BR} at (1076,174) size 18x0
          RenderText {#text} at (1104,0) size 18x212
            text run at (1104,0) width 212: "\x{3000}\x{7ACB}\x{3061}\x{4E0A}\x{304C}\x{308B}\x{6642}\x{306B}\x{5411}\x{3046}\x{3092}\x{898B}\x{308B}\x{3068}\x{3001}"
          RenderRuby (inline) {RUBY} at (0,0) size 18x17
            RenderRubyRun (anonymous) at (1104,212) size 18x17
              RenderRubyText {RT} at (-10,0) size 10x17
                RenderText {#text} at (0,0) size 10x17
                  text run at (0,0) width 17: "\x{307F}\x{3061}"
              RenderRubyBase (anonymous) at (0,0) size 18x17
                RenderInline {RB} at (0,0) size 18x17
                  RenderText {#text} at (0,0) size 18x17
                    text run at (0,0) width 16: "\x{8DEF}"
          RenderText {#text} at (1104,229) size 46x482
            text run at (1104,229) width 253: "\x{304B}\x{3089}\x{5DE6}\x{306E}\x{65B9}\x{306B}\x{30D0}\x{30B1}\x{30C4}\x{3092}\x{4F0F}\x{305B}\x{305F}\x{3088}\x{3046}\x{306A}\x{5CF0}"
            text run at (1132,0) width 16: "\x{304C}"
          RenderRuby (inline) {RUBY} at (0,0) size 18x17
            RenderRubyRun (anonymous) at (1132,16) size 18x17
              RenderRubyText {RT} at (-10,0) size 10x17
                RenderText {#text} at (0,0) size 10x17
                  text run at (0,0) width 17: "\x{305D}\x{3073}"
              RenderRubyBase (anonymous) at (0,0) size 18x17
                RenderInline {RB} at (0,0) size 18x17
                  RenderText {#text} at (0,0) size 18x17
                    text run at (0,0) width 16: "\x{8073}"
          RenderText {#text} at (1132,33) size 18x100
            text run at (1132,33) width 100: "\x{3048}\x{3066}\x{3044}\x{308B}\x{3002}\x{6749}\x{304B}"
          RenderRuby (inline) {RUBY} at (0,0) size 18x18
            RenderRubyRun (anonymous) at (1132,129) size 18x26
              RenderRubyText {RT} at (-10,0) size 10x26
                RenderText {#text} at (0,0) size 10x26
                  text run at (0,0) width 26: "\x{3072}\x{306E}\x{304D}"
              RenderRubyBase (anonymous) at (0,0) size 18x26
                RenderInline {RB} at (0,0) size 18x16
                  RenderText {#text} at (0,5) size 18x16
                    text run at (0,5) width 16: "\x{6A9C}"
          RenderText {#text} at (1132,151) size 18x106
            text run at (1132,151) width 106: "\x{304B}\x{5206}\x{304B}\x{3089}\x{306A}\x{3044}\x{304C}"
          RenderRuby (inline) {RUBY} at (0,0) size 18x32
            RenderRubyRun (anonymous) at (1132,257) size 18x32
              RenderRubyText {RT} at (-10,0) size 10x32
                RenderText {#text} at (0,4) size 10x24
                  text run at (0,4) width 23: "\x{306D}\x{3082}\x{3068}"
              RenderRubyBase (anonymous) at (0,0) size 18x32
                RenderInline {RB} at (0,0) size 18x32
                  RenderText {#text} at (0,0) size 18x32
                    text run at (0,0) width 32: "\x{6839}\x{5143}"
          RenderText {#text} at (1132,289) size 18x29
            text run at (1132,289) width 29: "\x{304B}\x{3089}"
          RenderRuby (inline) {RUBY} at (0,0) size 18x17
            RenderRubyRun (anonymous) at (1132,314) size 18x25
              RenderRubyText {RT} at (-10,0) size 10x25
                RenderText {#text} at (0,0) size 10x25
                  text run at (0,0) width 25: "\x{3044}\x{305F}\x{3060}"
              RenderRubyBase (anonymous) at (0,0) size 18x25
                RenderInline {RB} at (0,0) size 18x17
                  RenderText {#text} at (0,4) size 18x17
                    text run at (0,4) width 16: "\x{9802}"
          RenderText {#text} at (1132,335) size 18x102
            text run at (1132,335) width 102: "\x{304D}\x{307E}\x{3067}\x{3053}\x{3068}\x{3054}\x{3068}\x{304F}"
          RenderRuby (inline) {RUBY} at (0,0) size 18x32
            RenderRubyRun (anonymous) at (1132,437) size 18x32
              RenderRubyText {RT} at (-10,0) size 10x32
                RenderText {#text} at (0,0) size 10x32
                  text run at (0,0) width 32: "\x{3042}\x{304A}\x{3050}\x{308D}"
              RenderRubyBase (anonymous) at (0,0) size 18x32
                RenderInline {RB} at (0,0) size 18x32
                  RenderText {#text} at (0,0) size 18x32
                    text run at (0,0) width 32: "\x{84BC}\x{9ED2}"
          RenderText {#text} at (1132,469) size 46x484
            text run at (1132,469) width 15: "\x{3044}"
            text run at (1160,0) width 204: "\x{4E2D}\x{306B}\x{3001}\x{5C71}\x{685C}\x{304C}\x{8584}\x{8D64}\x{304F}\x{3060}\x{3093}\x{3060}\x{3089}\x{306B}"
          RenderRuby (inline) {RUBY} at (0,0) size 18x32
            RenderRubyRun (anonymous) at (1160,204) size 18x32
              RenderRubyText {RT} at (-10,0) size 10x32
                RenderText {#text} at (0,3) size 10x26
                  text run at (0,3) width 25: "\x{305F}\x{306A}\x{3073}"
              RenderRubyBase (anonymous) at (0,0) size 18x32
                RenderInline {RB} at (0,0) size 18x32
                  RenderText {#text} at (0,0) size 18x32
                    text run at (0,0) width 32: "\x{68DA}\x{5F15}"
          RenderText {#text} at (1160,236) size 18x40
            text run at (1160,236) width 40: "\x{3044}\x{3066}\x{3001}"
          RenderRuby (inline) {RUBY} at (0,0) size 18x16
            RenderRubyRun (anonymous) at (1160,276) size 18x16
              RenderRubyText {RT} at (-10,0) size 10x16
                RenderText {#text} at (0,3) size 10x10
                  text run at (0,3) width 9: "\x{3064}"
              RenderRubyBase (anonymous) at (0,0) size 18x16
                RenderInline {RB} at (0,0) size 18x16
                  RenderText {#text} at (0,0) size 18x16
                    text run at (0,0) width 16: "\x{7D9A}"
          RenderText {#text} at (1160,292) size 18x14
            text run at (1160,292) width 14: "\x{304E}"
          RenderRuby (inline) {RUBY} at (0,0) size 18x16
            RenderRubyRun (anonymous) at (1160,306) size 18x16
              RenderRubyText {RT} at (-10,0) size 10x16
                RenderText {#text} at (0,3) size 10x10
                  text run at (0,3) width 9: "\x{3081}"
              RenderRubyBase (anonymous) at (0,0) size 18x16
                RenderInline {RB} at (0,0) size 18x16
                  RenderText {#text} at (0,0) size 18x16
                    text run at (0,0) width 16: "\x{76EE}"
          RenderText {#text} at (1160,322) size 18x16
            text run at (1160,322) width 16: "\x{304C}"
          RenderRuby (inline) {RUBY} at (0,0) size 18x16
            RenderRubyRun (anonymous) at (1160,338) size 18x16
              RenderRubyText {RT} at (-10,0) size 10x16
                RenderText {#text} at (0,0) size 10x16
                  text run at (0,0) width 16: "\x{3057}\x{304B}"
              RenderRubyBase (anonymous) at (0,0) size 18x16
                RenderInline {RB} at (0,0) size 18x16
                  RenderText {#text} at (0,0) size 18x16
                    text run at (0,0) width 16: "\x{78BA}"
          RenderText {#text} at (1160,354) size 18x95
            text run at (1160,354) width 95: "\x{3068}\x{898B}\x{3048}\x{306C}\x{304F}\x{3089}\x{3044}"
          RenderRuby (inline) {RUBY} at (0,0) size 18x16
            RenderRubyRun (anonymous) at (1160,449) size 18x16
              RenderRubyText {RT} at (-10,0) size 10x16
                RenderText {#text} at (0,0) size 10x16
                  text run at (0,0) width 16: "\x{3082}\x{3084}"
              RenderRubyBase (anonymous) at (0,0) size 18x16
                RenderInline {RB} at (0,0) size 18x16
                  RenderText {#text} at (0,0) size 18x16
                    text run at (0,0) width 16: "\x{9744}"
          RenderText {#text} at (1160,465) size 46x481
            text run at (1160,465) width 16: "\x{304C}"
            text run at (1188,0) width 117: "\x{6FC3}\x{3044}\x{3002}\x{5C11}\x{3057}\x{624B}\x{524D}\x{306B}"
          RenderRuby (inline) {RUBY} at (0,0) size 18x33
            RenderRubyRun (anonymous) at (1188,116) size 18x35
              RenderRubyText {RT} at (-10,0) size 10x35
                RenderText {#text} at (0,0) size 10x35
                  text run at (0,0) width 35: "\x{306F}\x{3052}\x{3084}\x{307E}"
              RenderRubyBase (anonymous) at (0,0) size 18x35
                RenderInline {RB} at (0,0) size 18x33
                  RenderText {#text} at (0,1) size 18x33
                    text run at (0,1) width 32: "\x{79BF}\x{5C71}"
          RenderText {#text} at (1188,150) size 18x58
            text run at (1188,150) width 58: "\x{304C}\x{4E00}\x{3064}\x{3001}"
          RenderRuby (inline) {RUBY} at (0,0) size 18x16
            RenderRubyRun (anonymous) at (1188,208) size 18x16
              RenderRubyText {RT} at (-10,0) size 10x16
                RenderText {#text} at (0,0) size 10x16
                  text run at (0,0) width 16: "\x{3050}\x{3093}"
              RenderRubyBase (anonymous) at (0,0) size 18x16
                RenderInline {RB} at (0,0) size 18x16
                  RenderText {#text} at (0,0) size 18x16
                    text run at (0,0) width 16: "\x{7FA4}"
          RenderText {#text} at (1188,224) size 18x87
            text run at (1188,224) width 87: "\x{3092}\x{306C}\x{304D}\x{3093}\x{3067}\x{3066}"
          RenderRuby (inline) {RUBY} at (0,0) size 18x17
            RenderRubyRun (anonymous) at (1188,311) size 18x17
              RenderRubyText {RT} at (-10,0) size 10x17
                RenderText {#text} at (0,0) size 10x17
                  text run at (0,0) width 17: "\x{307E}\x{3086}"
              RenderRubyBase (anonymous) at (0,0) size 18x17
                RenderInline {RB} at (0,0) size 18x17
                  RenderText {#text} at (0,0) size 18x17
                    text run at (0,0) width 16: "\x{7709}"
          RenderText {#text} at (1188,328) size 18x15
            text run at (1188,328) width 15: "\x{306B}"
          RenderRuby (inline) {RUBY} at (0,0) size 18x17
            RenderRubyRun (anonymous) at (1188,343) size 18x17
              RenderRubyText {RT} at (-10,0) size 10x17
                RenderText {#text} at (0,0) size 10x17
                  text run at (0,0) width 17: "\x{305B}\x{307E}"
              RenderRubyBase (anonymous) at (0,0) size 18x17
                RenderInline {RB} at (0,0) size 18x17
                  RenderText {#text} at (0,0) size 18x17
                    text run at (0,0) width 16: "\x{903C}"
          RenderText {#text} at (1188,360) size 18x25
            text run at (1188,360) width 25: "\x{308B}\x{3002}"
          RenderRuby (inline) {RUBY} at (0,0) size 18x16
            RenderRubyRun (anonymous) at (1188,385) size 18x16
              RenderRubyText {RT} at (-10,0) size 10x16
                RenderText {#text} at (0,3) size 10x10
                  text run at (0,3) width 9: "\x{306F}"
              RenderRubyBase (anonymous) at (0,0) size 18x16
                RenderInline {RB} at (0,0) size 18x16
                  RenderText {#text} at (0,0) size 18x16
                    text run at (0,0) width 16: "\x{79BF}"
          RenderText {#text} at (1188,401) size 46x480
            text run at (1188,401) width 79: "\x{3052}\x{305F}\x{5074}\x{9762}\x{306F}"
            text run at (1216,0) width 48: "\x{5DE8}\x{4EBA}\x{306E}"
          RenderRuby (inline) {RUBY} at (0,0) size 18x16
            RenderRubyRun (anonymous) at (1216,47) size 18x18
              RenderRubyText {RT} at (-10,0) size 10x18
                RenderText {#text} at (0,0) size 10x18
                  text run at (0,0) width 18: "\x{304A}\x{306E}"
              RenderRubyBase (anonymous) at (0,0) size 18x18
                RenderInline {RB} at (0,0) size 18x16
                  RenderText {#text} at (0,1) size 18x16
                    text run at (0,1) width 16: "\x{65A7}"
          RenderText {#text} at (1216,64) size 18x14
            text run at (1216,64) width 14: "\x{3067}"
          RenderRuby (inline) {RUBY} at (0,0) size 18x16
            RenderRubyRun (anonymous) at (1216,77) size 18x18
              RenderRubyText {RT} at (-10,0) size 10x18
                RenderText {#text} at (0,0) size 10x18
                  text run at (0,0) width 18: "\x{3051}\x{305A}"
              RenderRubyBase (anonymous) at (0,0) size 18x18
                RenderInline {RB} at (0,0) size 18x16
                  RenderText {#text} at (0,1) size 18x16
                    text run at (0,1) width 16: "\x{524A}"
          RenderText {#text} at (1216,94) size 18x282
            text run at (1216,94) width 282: "\x{308A}\x{53BB}\x{3063}\x{305F}\x{304B}\x{3001}\x{92ED}\x{3069}\x{304D}\x{5E73}\x{9762}\x{3092}\x{3084}\x{3051}\x{306B}\x{8C37}\x{306E}\x{5E95}\x{306B}"
          RenderRuby (inline) {RUBY} at (0,0) size 18x16
            RenderRubyRun (anonymous) at (1216,376) size 18x16
              RenderRubyText {RT} at (-10,0) size 10x16
                RenderText {#text} at (0,0) size 10x16
                  text run at (0,0) width 15: "\x{3046}\x{305A}"
              RenderRubyBase (anonymous) at (0,0) size 18x16
                RenderInline {RB} at (0,0) size 18x16
                  RenderText {#text} at (0,0) size 18x16
                    text run at (0,0) width 16: "\x{57CB}"
          RenderText {#text} at (1216,392) size 18x70
            text run at (1216,392) width 70: "\x{3081}\x{3066}\x{3044}\x{308B}\x{3002}"
          RenderRuby (inline) {RUBY} at (0,0) size 18x33
            RenderRubyRun (anonymous) at (1244,0) size 18x33
              RenderRubyText {RT} at (-10,0) size 10x33
                RenderText {#text} at (0,0) size 10x33
                  text run at (0,0) width 33: "\x{3066}\x{3063}\x{307A}\x{3093}"
              RenderRubyBase (anonymous) at (0,0) size 18x33
                RenderInline {RB} at (0,0) size 18x33
                  RenderText {#text} at (0,0) size 18x33
                    text run at (0,0) width 32: "\x{5929}\x{8FBA}"
          RenderText {#text} at (1244,33) size 18x312
            text run at (1244,33) width 312: "\x{306B}\x{4E00}\x{672C}\x{898B}\x{3048}\x{308B}\x{306E}\x{306F}\x{8D64}\x{677E}\x{3060}\x{308D}\x{3046}\x{3002}\x{679D}\x{306E}\x{9593}\x{306E}\x{7A7A}\x{3055}\x{3048}"
          RenderRuby (inline) {RUBY} at (0,0) size 18x32
            RenderRubyRun (anonymous) at (1244,345) size 18x32
              RenderRubyText {RT} at (-10,0) size 10x32
                RenderText {#text} at (0,0) size 10x32
                  text run at (0,0) width 31: "\x{306F}\x{3063}\x{304D}\x{308A}"
              RenderRubyBase (anonymous) at (0,0) size 18x32
                RenderInline {RB} at (0,0) size 18x32
                  RenderText {#text} at (0,0) size 18x32
                    text run at (0,0) width 32: "\x{5224}\x{7136}"
          RenderText {#text} at (1244,377) size 46x484
            text run at (1244,377) width 107: "\x{3057}\x{3066}\x{3044}\x{308B}\x{3002}\x{884C}\x{304F}\x{624B}"
            text run at (1272,0) width 301: "\x{306F}\x{4E8C}\x{4E01}\x{307B}\x{3069}\x{3067}\x{5207}\x{308C}\x{3066}\x{3044}\x{308B}\x{304C}\x{3001}\x{9AD8}\x{3044}\x{6240}\x{304B}\x{3089}\x{8D64}\x{3044}"
          RenderRuby (inline) {RUBY} at (0,0) size 18x32
            RenderRubyRun (anonymous) at (1272,301) size 18x32
              RenderRubyText {RT} at (-10,0) size 10x32
                RenderText {#text} at (0,4) size 10x24
                  text run at (0,4) width 23: "\x{3051}\x{3063}\x{3068}"
              RenderRubyBase (anonymous) at (0,0) size 18x32
                RenderInline {RB} at (0,0) size 18x32
                  RenderText {#text} at (0,0) size 18x32
                    text run at (0,0) width 32: "\x{6BDB}\x{5E03}"
          RenderText {#text} at (1272,333) size 46x484
            text run at (1272,333) width 151: "\x{304C}\x{52D5}\x{3044}\x{3066}\x{6765}\x{308B}\x{306E}\x{3092}\x{898B}\x{308B}"
            text run at (1300,0) width 317: "\x{3068}\x{3001}\x{767B}\x{308C}\x{3070}\x{3042}\x{3059}\x{3053}\x{3078}\x{51FA}\x{308B}\x{306E}\x{3060}\x{308D}\x{3046}\x{3002}\x{8DEF}\x{306F}\x{3059}\x{3053}\x{3076}\x{308B}"
          RenderRuby (inline) {RUBY} at (0,0) size 18x32
            RenderRubyRun (anonymous) at (1300,317) size 18x32
              RenderRubyText {RT} at (-10,0) size 10x32
                RenderText {#text} at (0,3) size 10x26
                  text run at (0,3) width 25: "\x{306A}\x{3093}\x{304E}"
              RenderRubyBase (anonymous) at (0,0) size 18x32
                RenderInline {RB} at (0,0) size 18x32
                  RenderText {#text} at (0,0) size 18x32
                    text run at (0,0) width 32: "\x{96E3}\x{7FA9}"
          RenderText {#text} at (1300,349) size 18x26
            text run at (1300,349) width 26: "\x{3060}\x{3002}"
          RenderBR {BR} at (1300,375) size 18x0
          RenderText {#text} at (1328,0) size 18x182
            text run at (1328,0) width 182: "\x{3000}\x{571F}\x{3092}\x{306A}\x{3089}\x{3059}\x{3060}\x{3051}\x{306A}\x{3089}\x{3055}\x{307B}\x{3069}"
          RenderRuby (inline) {RUBY} at (0,0) size 18x32
            RenderRubyRun (anonymous) at (1328,182) size 18x32
              RenderRubyText {RT} at (-10,0) size 10x32
                RenderText {#text} at (0,8) size 10x16
                  text run at (0,8) width 16: "\x{3066}\x{307E}"
              RenderRubyBase (anonymous) at (0,0) size 18x32
                RenderInline {RB} at (0,0) size 18x32
                  RenderText {#text} at (0,0) size 18x32
                    text run at (0,0) width 32: "\x{624B}\x{9593}"
          RenderText {#text} at (1328,214) size 18x13
            text run at (1328,214) width 13: "\x{3082}"
          RenderRuby (inline) {RUBY} at (0,0) size 18x16
            RenderRubyRun (anonymous) at (1328,227) size 18x16
              RenderRubyText {RT} at (-10,0) size 10x16
                RenderText {#text} at (0,3) size 10x10
                  text run at (0,3) width 9: "\x{3044}"
              RenderRubyBase (anonymous) at (0,0) size 18x16
                RenderInline {RB} at (0,0) size 18x16
                  RenderText {#text} at (0,0) size 18x16
                    text run at (0,0) width 16: "\x{5165}"
          RenderText {#text} at (1328,243) size 46x483
            text run at (1328,243) width 240: "\x{308B}\x{307E}\x{3044}\x{304C}\x{3001}\x{571F}\x{306E}\x{4E2D}\x{306B}\x{306F}\x{5927}\x{304D}\x{306A}\x{77F3}\x{304C}\x{3042}"
            text run at (1356,0) width 57: "\x{308B}\x{3002}\x{571F}\x{306F}"
          RenderRuby (inline) {RUBY} at (0,0) size 18x17
            RenderRubyRun (anonymous) at (1356,57) size 18x17
              RenderRubyText {RT} at (-10,0) size 10x17
                RenderText {#text} at (0,0) size 10x17
                  text run at (0,0) width 17: "\x{305F}\x{3044}"
              RenderRubyBase (anonymous) at (0,0) size 18x17
                RenderInline {RB} at (0,0) size 18x17
                  RenderText {#text} at (0,0) size 18x17
                    text run at (0,0) width 16: "\x{5E73}"
          RenderText {#text} at (1356,74) size 46x480
            text run at (1356,74) width 406: "\x{3089}\x{306B}\x{3057}\x{3066}\x{3082}\x{77F3}\x{306F}\x{5E73}\x{3089}\x{306B}\x{306A}\x{3089}\x{306C}\x{3002}\x{77F3}\x{306F}\x{5207}\x{308A}\x{7815}\x{3044}\x{3066}\x{3082}\x{3001}\x{5CA9}\x{306F}\x{59CB}\x{672B}\x{304C}"
            text run at (1384,0) width 58: "\x{3064}\x{304B}\x{306C}\x{3002}"
          RenderRuby (inline) {RUBY} at (0,0) size 18x32
            RenderRubyRun (anonymous) at (1384,58) size 18x32
              RenderRubyText {RT} at (-10,0) size 10x32
                RenderText {#text} at (0,1) size 10x30
                  text run at (0,1) width 30: "\x{307B}\x{308A}\x{304F}\x{305A}"
              RenderRubyBase (anonymous) at (0,0) size 18x32
                RenderInline {RB} at (0,0) size 18x32
                  RenderText {#text} at (0,0) size 18x32
                    text run at (0,0) width 32: "\x{6398}\x{5D29}"
          RenderText {#text} at (1384,90) size 18x90
            text run at (1384,90) width 90: "\x{3057}\x{305F}\x{571F}\x{306E}\x{4E0A}\x{306B}"
          RenderRuby (inline) {RUBY} at (0,0) size 18x33
            RenderRubyRun (anonymous) at (1384,180) size 18x33
              RenderRubyText {RT} at (-10,0) size 10x33
                RenderText {#text} at (0,0) size 10x33
                  text run at (0,0) width 33: "\x{3086}\x{3046}\x{305C}\x{3093}"
              RenderRubyBase (anonymous) at (0,0) size 18x33
                RenderInline {RB} at (0,0) size 18x33
                  RenderText {#text} at (0,0) size 18x33
                    text run at (0,0) width 32: "\x{60A0}\x{7136}"
          RenderText {#text} at (1384,213) size 18x12
            text run at (1384,213) width 12: "\x{3068}"
          RenderRuby (inline) {RUBY} at (0,0) size 18x17
            RenderRubyRun (anonymous) at (1384,221) size 18x25
              RenderRubyText {RT} at (-10,0) size 10x25
                RenderText {#text} at (0,0) size 10x25
                  text run at (0,0) width 25: "\x{305D}\x{3070}\x{3060}"
              RenderRubyBase (anonymous) at (0,0) size 18x25
                RenderInline {RB} at (0,0) size 18x17
                  RenderText {#text} at (0,4) size 18x17
                    text run at (0,4) width 16: "\x{5CD9}"
          RenderText {#text} at (1384,242) size 18x189
            text run at (1384,242) width 189: "\x{3063}\x{3066}\x{3001}\x{543E}\x{3089}\x{306E}\x{305F}\x{3081}\x{306B}\x{9053}\x{3092}\x{8B72}\x{308B}"
          RenderRuby (inline) {RUBY} at (0,0) size 18x32
            RenderRubyRun (anonymous) at (1384,431) size 18x32
              RenderRubyText {RT} at (-10,0) size 10x32
                RenderText {#text} at (0,4) size 10x24
                  text run at (0,4) width 24: "\x{3051}\x{3057}\x{304D}"
              RenderRubyBase (anonymous) at (0,0) size 18x32
                RenderInline {RB} at (0,0) size 18x32
                  RenderText {#text} at (0,0) size 18x32
                    text run at (0,0) width 32: "\x{666F}\x{8272}"
          RenderText {#text} at (1384,463) size 46x493
            text run at (1384,463) width 30: "\x{306F}\x{306A}"
            text run at (1412,0) width 376: "\x{3044}\x{3002}\x{5411}\x{3046}\x{3067}\x{805E}\x{304B}\x{306C}\x{4E0A}\x{306F}\x{4E57}\x{308A}\x{8D8A}\x{3059}\x{304B}\x{3001}\x{5EFB}\x{3089}\x{306A}\x{3051}\x{308C}\x{3070}\x{306A}\x{3089}\x{3093}\x{3002}"
          RenderRuby (inline) {RUBY} at (0,0) size 18x16
            RenderRubyRun (anonymous) at (1412,375) size 18x18
              RenderRubyText {RT} at (-10,0) size 10x18
                RenderText {#text} at (0,0) size 10x18
                  text run at (0,0) width 18: "\x{3044}\x{308F}"
              RenderRubyBase (anonymous) at (0,0) size 18x18
                RenderInline {RB} at (0,0) size 18x16
                  RenderText {#text} at (0,1) size 18x16
                    text run at (0,1) width 16: "\x{5DCC}"
          RenderText {#text} at (1412,392) size 18x101
            text run at (1412,392) width 101: "\x{306E}\x{306A}\x{3044}\x{6240}\x{3067}\x{3055}\x{3048}"
          RenderRuby (inline) {RUBY} at (0,0) size 18x16
            RenderRubyRun (anonymous) at (1440,0) size 18x16
              RenderRubyText {RT} at (-10,0) size 10x16
                RenderText {#text} at (0,4) size 10x8
                  text run at (0,4) width 8: "\x{3042}"
              RenderRubyBase (anonymous) at (0,0) size 18x16
                RenderInline {RB} at (0,0) size 18x16
                  RenderText {#text} at (0,0) size 18x16
                    text run at (0,0) width 16: "\x{6B69}"
          RenderText {#text} at (1440,16) size 18x266
            text run at (1440,16) width 266: "\x{308B}\x{304D}\x{3088}\x{304F}\x{306F}\x{306A}\x{3044}\x{3002}\x{5DE6}\x{53F3}\x{304C}\x{9AD8}\x{304F}\x{3063}\x{3066}\x{3001}\x{4E2D}\x{5FC3}\x{304C}"
          RenderRuby (inline) {RUBY} at (0,0) size 18x16
            RenderRubyRun (anonymous) at (1440,282) size 18x16
              RenderRubyText {RT} at (-10,0) size 10x16
                RenderText {#text} at (0,1) size 10x14
                  text run at (0,1) width 14: "\x{304F}\x{307C}"
              RenderRubyBase (anonymous) at (0,0) size 18x16
                RenderInline {RB} at (0,0) size 18x16
                  RenderText {#text} at (0,0) size 18x16
                    text run at (0,0) width 16: "\x{7AAA}"
          RenderText {#text} at (1440,298) size 18x114
            text run at (1440,298) width 114: "\x{3093}\x{3067}\x{3001}\x{307E}\x{308B}\x{3067}\x{4E00}\x{9593}"
          RenderRuby (inline) {RUBY} at (0,0) size 18x16
            RenderRubyRun (anonymous) at (1440,411) size 18x18
              RenderRubyText {RT} at (-10,0) size 10x18
                RenderText {#text} at (0,0) size 10x18
                  text run at (0,0) width 18: "\x{306F}\x{3070}"
              RenderRubyBase (anonymous) at (0,0) size 18x18
                RenderInline {RB} at (0,0) size 18x16
                  RenderText {#text} at (0,1) size 18x16
                    text run at (0,1) width 16: "\x{5E45}"
          RenderText {#text} at (1440,428) size 18x61
            text run at (1440,428) width 61: "\x{3092}\x{4E09}\x{89D2}\x{306B}"
          RenderRuby (inline) {RUBY} at (0,0) size 18x16
            RenderRubyRun (anonymous) at (1468,0) size 18x16
              RenderRubyText {RT} at (-10,0) size 10x16
                RenderText {#text} at (0,5) size 10x6
                  text run at (0,5) width 5: "\x{304F}"
              RenderRubyBase (anonymous) at (0,0) size 18x16
                RenderInline {RB} at (0,0) size 18x16
                  RenderText {#text} at (0,0) size 18x16
                    text run at (0,0) width 16: "\x{7A7F}"
          RenderText {#text} at (1468,16) size 18x117
            text run at (1468,16) width 117: "\x{3063}\x{3066}\x{3001}\x{305D}\x{306E}\x{9802}\x{70B9}\x{304C}"
          RenderRuby (inline) {RUBY} at (0,0) size 18x32
            RenderRubyRun (anonymous) at (1468,132) size 18x34
              RenderRubyText {RT} at (-10,0) size 10x34
                RenderText {#text} at (0,0) size 10x34
                  text run at (0,0) width 34: "\x{307E}\x{3093}\x{306A}\x{304B}"
              RenderRubyBase (anonymous) at (0,0) size 18x34
                RenderInline {RB} at (0,0) size 18x32
                  RenderText {#text} at (0,1) size 18x32
                    text run at (0,1) width 32: "\x{771F}\x{4E2D}"
          RenderText {#text} at (1468,165) size 18x14
            text run at (1468,165) width 14: "\x{3092}"
          RenderRuby (inline) {RUBY} at (0,0) size 18x17
            RenderRubyRun (anonymous) at (1468,175) size 18x25
              RenderRubyText {RT} at (-10,0) size 10x25
                RenderText {#text} at (0,0) size 10x25
                  text run at (0,0) width 25: "\x{3064}\x{3089}\x{306C}"
              RenderRubyBase (anonymous) at (0,0) size 18x25
                RenderInline {RB} at (0,0) size 18x17
                  RenderText {#text} at (0,4) size 18x17
                    text run at (0,4) width 16: "\x{8CAB}"
          RenderText {#text} at (1468,196) size 46x489
            text run at (1468,196) width 293: "\x{3044}\x{3066}\x{3044}\x{308B}\x{3068}\x{8A55}\x{3057}\x{3066}\x{3082}\x{3088}\x{3044}\x{3002}\x{8DEF}\x{3092}\x{884C}\x{304F}\x{3068}\x{4E91}\x{308F}\x{3093}\x{3088}"
            text run at (1496,0) width 58: "\x{308A}\x{5DDD}\x{5E95}\x{3092}"
          RenderRuby (inline) {RUBY} at (0,0) size 18x17
            RenderRubyRun (anonymous) at (1496,58) size 18x17
              RenderRubyText {RT} at (-10,0) size 10x17
                RenderText {#text} at (0,0) size 10x17
                  text run at (0,0) width 17: "\x{308F}\x{305F}"
              RenderRubyBase (anonymous) at (0,0) size 18x17
                RenderInline {RB} at (0,0) size 18x17
                  RenderText {#text} at (0,0) size 18x17
                    text run at (0,0) width 16: "\x{6E09}"
          RenderText {#text} at (1496,75) size 18x143
            text run at (1496,75) width 143: "\x{308B}\x{3068}\x{4E91}\x{3046}\x{65B9}\x{304C}\x{9069}\x{5F53}\x{3060}\x{3002}"
          RenderRuby (inline) {RUBY} at (0,0) size 18x16
            RenderRubyRun (anonymous) at (1496,218) size 18x16
              RenderRubyText {RT} at (-10,0) size 10x16
                RenderText {#text} at (0,1) size 10x14
                  text run at (0,1) width 14: "\x{3082}\x{3068}"
              RenderRubyBase (anonymous) at (0,0) size 18x16
                RenderInline {RB} at (0,0) size 18x16
                  RenderText {#text} at (0,0) size 18x16
                    text run at (0,0) width 16: "\x{56FA}"
          RenderText {#text} at (1496,234) size 18x224
            text run at (1496,234) width 224: "\x{3088}\x{308A}\x{6025}\x{3050}\x{65C5}\x{3067}\x{306A}\x{3044}\x{304B}\x{3089}\x{3001}\x{3076}\x{3089}\x{3076}\x{3089}\x{3068}"
          RenderRuby (inline) {RUBY} at (0,0) size 18x33
            RenderRubyRun (anonymous) at (1496,458) size 18x33
              RenderRubyText {RT} at (-10,0) size 10x33
                RenderText {#text} at (0,0) size 10x33
                  text run at (0,0) width 33: "\x{306A}\x{306A}\x{307E}\x{304C}"
              RenderRubyBase (anonymous) at (0,0) size 18x33
                RenderInline {RB} at (0,0) size 18x33
                  RenderText {#text} at (0,0) size 18x33
                    text run at (0,0) width 32: "\x{4E03}\x{66F2}"
          RenderText {#text} at (1514,0) size 18x85
            text run at (1514,0) width 85: "\x{308A}\x{3078}\x{304B}\x{304B}\x{308B}\x{3002}"
          RenderBR {BR} at (1514,85) size 18x0
          RenderText {#text} at (1542,0) size 18x130
            text run at (1542,0) width 130: "\x{3000}\x{305F}\x{3061}\x{307E}\x{3061}\x{8DB3}\x{306E}\x{4E0B}\x{3067}"
          RenderRuby (inline) {RUBY} at (0,0) size 18x32
            RenderRubyRun (anonymous) at (1542,130) size 18x32
              RenderRubyText {RT} at (-10,0) size 10x32
                RenderText {#text} at (0,3) size 10x26
                  text run at (0,3) width 25: "\x{3072}\x{3070}\x{308A}"
              RenderRubyBase (anonymous) at (0,0) size 18x32
                RenderInline {RB} at (0,0) size 18x32
                  RenderText {#text} at (0,0) size 18x32
                    text run at (0,0) width 32: "\x{96F2}\x{96C0}"
          RenderText {#text} at (1542,162) size 18x144
            text run at (1542,162) width 144: "\x{306E}\x{58F0}\x{304C}\x{3057}\x{51FA}\x{3057}\x{305F}\x{3002}\x{8C37}\x{3092}"
          RenderRuby (inline) {RUBY} at (0,0) size 18x32
            RenderRubyRun (anonymous) at (1542,306) size 18x32
              RenderRubyText {RT} at (-10,0) size 10x32
                RenderText {#text} at (0,3) size 10x26
                  text run at (0,3) width 26: "\x{307F}\x{304A}\x{308D}"
              RenderRubyBase (anonymous) at (0,0) size 18x32
                RenderInline {RB} at (0,0) size 18x32
                  RenderText {#text} at (0,0) size 18x32
                    text run at (0,0) width 32: "\x{898B}\x{4E0B}"
          RenderText {#text} at (1542,338) size 46x492
            text run at (1542,338) width 154: "\x{3057}\x{305F}\x{304C}\x{3001}\x{3069}\x{3053}\x{3067}\x{9CF4}\x{3044}\x{3066}\x{308B}"
            text run at (1570,0) width 395: "\x{304B}\x{5F71}\x{3082}\x{5F62}\x{3082}\x{898B}\x{3048}\x{306C}\x{3002}\x{305F}\x{3060}\x{58F0}\x{3060}\x{3051}\x{304C}\x{660E}\x{3089}\x{304B}\x{306B}\x{805E}\x{3048}\x{308B}\x{3002}\x{305B}\x{3063}\x{305B}\x{3068}"
          RenderRuby (inline) {RUBY} at (0,0) size 18x16
            RenderRubyRun (anonymous) at (1570,394) size 18x18
              RenderRubyText {RT} at (-10,0) size 10x18
                RenderText {#text} at (0,0) size 10x18
                  text run at (0,0) width 18: "\x{305B}\x{308F}"
              RenderRubyBase (anonymous) at (0,0) size 18x18
                RenderInline {RB} at (0,0) size 18x16
                  RenderText {#text} at (0,1) size 18x16
                    text run at (0,1) width 16: "\x{5FD9}"
          RenderText {#text} at (1570,411) size 18x32
            text run at (1570,411) width 32: "\x{3057}\x{304F}\x{3001}"
          RenderRuby (inline) {RUBY} at (0,0) size 18x32
            RenderRubyRun (anonymous) at (1570,443) size 18x32
              RenderRubyText {RT} at (-10,0) size 10x32
                RenderText {#text} at (0,4) size 10x24
                  text run at (0,4) width 24: "\x{305F}\x{3048}\x{307E}"
              RenderRubyBase (anonymous) at (0,0) size 18x32
                RenderInline {RB} at (0,0) size 18x32
                  RenderText {#text} at (0,0) size 18x32
                    text run at (0,0) width 32: "\x{7D76}\x{9593}"
          RenderText {#text} at (1570,475) size 46x489
            text run at (1570,475) width 14: "\x{306A}"
            text run at (1598,0) width 94: "\x{304F}\x{9CF4}\x{3044}\x{3066}\x{3044}\x{308B}\x{3002}"
          RenderRuby (inline) {RUBY} at (0,0) size 18x48
            RenderRubyRun (anonymous) at (1598,94) size 18x48
              RenderRubyText {RT} at (-10,0) size 10x48
                RenderText {#text} at (0,6) size 10x36
                  text run at (0,6) width 36: "\x{307B}\x{3046}\x{3044}\x{304F}\x{308A}"
              RenderRubyBase (anonymous) at (0,0) size 18x48
                RenderInline {RB} at (0,0) size 18x48
                  RenderText {#text} at (0,0) size 18x48
                    text run at (0,0) width 48: "\x{65B9}\x{5E7E}\x{91CC}"
          RenderText {#text} at (1598,142) size 18x111
            text run at (1598,142) width 111: "\x{306E}\x{7A7A}\x{6C17}\x{304C}\x{4E00}\x{9762}\x{306B}"
          RenderRuby (inline) {RUBY} at (0,0) size 18x16
            RenderRubyRun (anonymous) at (1598,252) size 18x18
              RenderRubyText {RT} at (-10,0) size 10x18
                RenderText {#text} at (0,0) size 10x18
                  text run at (0,0) width 18: "\x{306E}\x{307F}"
              RenderRubyBase (anonymous) at (0,0) size 18x18
                RenderInline {RB} at (0,0) size 18x16
                  RenderText {#text} at (0,1) size 18x16
                    text run at (0,1) width 16: "\x{86A4}"
          RenderText {#text} at (1598,269) size 46x485
            text run at (1598,269) width 216: "\x{306B}\x{523A}\x{3055}\x{308C}\x{3066}\x{3044}\x{305F}\x{305F}\x{307E}\x{308C}\x{306A}\x{3044}\x{3088}\x{3046}\x{306A}"
            text run at (1626,0) width 160: "\x{6C17}\x{304C}\x{3059}\x{308B}\x{3002}\x{3042}\x{306E}\x{9CE5}\x{306E}\x{9CF4}\x{304F}"
          RenderRuby (inline) {RUBY} at (0,0) size 18x16
            RenderRubyRun (anonymous) at (1626,160) size 18x16
              RenderRubyText {RT} at (-10,0) size 10x16
                RenderText {#text} at (0,3) size 10x10
                  text run at (0,3) width 9: "\x{306D}"
              RenderRubyBase (anonymous) at (0,0) size 18x16
                RenderInline {RB} at (0,0) size 18x16
                  RenderText {#text} at (0,0) size 18x16
                    text run at (0,0) width 16: "\x{97F3}"
          RenderText {#text} at (1626,176) size 82x493
            text run at (1626,176) width 316: "\x{306B}\x{306F}\x{77AC}\x{6642}\x{306E}\x{4F59}\x{88D5}\x{3082}\x{306A}\x{3044}\x{3002}\x{306E}\x{3069}\x{304B}\x{306A}\x{6625}\x{306E}\x{65E5}\x{3092}\x{9CF4}\x{304D}"
            text run at (1644,0) width 484: "\x{5C3D}\x{304F}\x{3057}\x{3001}\x{9CF4}\x{304D}\x{3042}\x{304B}\x{3057}\x{3001}\x{307E}\x{305F}\x{9CF4}\x{304D}\x{66AE}\x{3089}\x{3055}\x{306A}\x{3051}\x{308C}\x{3070}\x{6C17}\x{304C}\x{6E08}\x{307E}\x{3093}\x{3068}\x{898B}\x{3048}\x{308B}\x{3002}\x{305D}\x{306E}\x{4E0A}"
            text run at (1662,0) width 493: "\x{3069}\x{3053}\x{307E}\x{3067}\x{3082}\x{767B}\x{3063}\x{3066}\x{884C}\x{304F}\x{3001}\x{3044}\x{3064}\x{307E}\x{3067}\x{3082}\x{767B}\x{3063}\x{3066}\x{884C}\x{304F}\x{3002}\x{96F2}\x{96C0}\x{306F}\x{304D}\x{3063}\x{3068}\x{96F2}\x{306E}\x{4E2D}\x{3067}\x{6B7B}\x{306C}\x{306B}"
            text run at (1690,0) width 147: "\x{76F8}\x{9055}\x{306A}\x{3044}\x{3002}\x{767B}\x{308A}\x{8A70}\x{3081}\x{305F}"
          RenderRuby (inline) {RUBY} at (0,0) size 18x32
            RenderRubyRun (anonymous) at (1690,147) size 18x32
              RenderRubyText {RT} at (-10,0) size 10x32
                RenderText {#text} at (0,5) size 10x22
                  text run at (0,5) width 22: "\x{3042}\x{3052}\x{304F}"
              RenderRubyBase (anonymous) at (0,0) size 18x32
                RenderInline {RB} at (0,0) size 18x32
                  RenderText {#text} at (0,0) size 18x32
                    text run at (0,0) width 32: "\x{63DA}\x{53E5}"
          RenderText {#text} at (1690,179) size 18x104
            text run at (1690,179) width 104: "\x{306F}\x{3001}\x{6D41}\x{308C}\x{3066}\x{96F2}\x{306B}"
          RenderRuby (inline) {RUBY} at (0,0) size 18x16
            RenderRubyRun (anonymous) at (1690,283) size 18x16
              RenderRubyText {RT} at (-10,0) size 10x16
                RenderText {#text} at (0,3) size 10x10
                  text run at (0,3) width 9: "\x{3044}"
              RenderRubyBase (anonymous) at (0,0) size 18x16
                RenderInline {RB} at (0,0) size 18x16
                  RenderText {#text} at (0,0) size 18x16
                    text run at (0,0) width 16: "\x{5165}"
          RenderText {#text} at (1690,299) size 18x38
            text run at (1690,299) width 38: "\x{3063}\x{3066}\x{3001}"
          RenderRuby (inline) {RUBY} at (0,0) size 18x16
            RenderRubyRun (anonymous) at (1690,333) size 18x24
              RenderRubyText {RT} at (-10,0) size 10x24
                RenderText {#text} at (0,0) size 10x24
                  text run at (0,0) width 24: "\x{305F}\x{3060}\x{3088}"
              RenderRubyBase (anonymous) at (0,0) size 18x24
                RenderInline {RB} at (0,0) size 18x16
                  RenderText {#text} at (0,4) size 18x16
                    text run at (0,4) width 16: "\x{6F02}"
          RenderText {#text} at (1690,353) size 46x479
            text run at (1690,353) width 126: "\x{3046}\x{3066}\x{3044}\x{308B}\x{3046}\x{3061}\x{306B}\x{5F62}\x{306F}"
            text run at (1718,0) width 243: "\x{6D88}\x{3048}\x{3066}\x{306A}\x{304F}\x{306A}\x{3063}\x{3066}\x{3001}\x{305F}\x{3060}\x{58F0}\x{3060}\x{3051}\x{304C}\x{7A7A}\x{306E}"
          RenderRuby (inline) {RUBY} at (0,0) size 18x16
            RenderRubyRun (anonymous) at (1718,243) size 18x16
              RenderRubyText {RT} at (-10,0) size 10x16
                RenderText {#text} at (0,1) size 10x14
                  text run at (0,1) width 14: "\x{3046}\x{3061}"
              RenderRubyBase (anonymous) at (0,0) size 18x16
                RenderInline {RB} at (0,0) size 18x16
                  RenderText {#text} at (0,0) size 18x16
                    text run at (0,0) width 16: "\x{88E1}"
          RenderText {#text} at (1718,259) size 18x162
            text run at (1718,259) width 162: "\x{306B}\x{6B8B}\x{308B}\x{306E}\x{304B}\x{3082}\x{77E5}\x{308C}\x{306A}\x{3044}\x{3002}"
          RenderBR {BR} at (1718,421) size 18x0
          RenderText {#text} at (1746,0) size 18x11
            text run at (1746,0) width 11: "\x{3000}"
          RenderRuby (inline) {RUBY} at (0,0) size 18x33
            RenderRubyRun (anonymous) at (1746,10) size 18x35
              RenderRubyText {RT} at (-10,0) size 10x35
                RenderText {#text} at (0,0) size 10x35
                  text run at (0,0) width 35: "\x{3044}\x{308F}\x{304B}\x{3069}"
              RenderRubyBase (anonymous) at (0,0) size 18x35
                RenderInline {RB} at (0,0) size 18x33
                  RenderText {#text} at (0,1) size 18x33
                    text run at (0,1) width 32: "\x{5DCC}\x{89D2}"
          RenderText {#text} at (1746,44) size 18x107
            text run at (1746,44) width 107: "\x{3092}\x{92ED}\x{3069}\x{304F}\x{5EFB}\x{3063}\x{3066}\x{3001}"
          RenderRuby (inline) {RUBY} at (0,0) size 18x32
            RenderRubyRun (anonymous) at (1746,151) size 18x32
              RenderRubyText {RT} at (-10,0) size 10x32
                RenderText {#text} at (0,3) size 10x26
                  text run at (0,3) width 25: "\x{3042}\x{3093}\x{307E}"
              RenderRubyBase (anonymous) at (0,0) size 18x32
                RenderInline {RB} at (0,0) size 18x32
                  RenderText {#text} at (0,0) size 18x32
                    text run at (0,0) width 32: "\x{6309}\x{6469}"
          RenderText {#text} at (1746,183) size 18x27
            text run at (1746,183) width 27: "\x{306A}\x{3089}"
          RenderRuby (inline) {RUBY} at (0,0) size 18x48
            RenderRubyRun (anonymous) at (1746,210) size 18x48
              RenderRubyText {RT} at (-10,0) size 10x48
                RenderText {#text} at (0,1) size 10x46
                  text run at (0,1) width 46: "\x{307E}\x{3063}\x{3055}\x{304B}\x{3055}\x{307E}"
              RenderRubyBase (anonymous) at (0,0) size 18x48
                RenderInline {RB} at (0,0) size 18x48
                  RenderText {#text} at (0,0) size 18x48
                    text run at (0,0) width 48: "\x{771F}\x{9006}\x{69D8}"
          RenderText {#text} at (1746,258) size 18x124
            text run at (1746,258) width 124: "\x{306B}\x{843D}\x{3064}\x{308B}\x{3068}\x{3053}\x{308D}\x{3092}\x{3001}"
          RenderRuby (inline) {RUBY} at (0,0) size 18x17
            RenderRubyRun (anonymous) at (1746,382) size 18x17
              RenderRubyText {RT} at (-10,0) size 10x17
                RenderText {#text} at (0,0) size 10x17
                  text run at (0,0) width 17: "\x{304D}\x{308F}"
              RenderRubyBase (anonymous) at (0,0) size 18x17
                RenderInline {RB} at (0,0) size 18x17
                  RenderText {#text} at (0,0) size 18x17
                    text run at (0,0) width 16: "\x{969B}"
          RenderText {#text} at (1746,399) size 46x486
            text run at (1746,399) width 87: "\x{3069}\x{304F}\x{53F3}\x{3078}\x{5207}\x{308C}"
            text run at (1774,0) width 56: "\x{3066}\x{3001}\x{6A2A}\x{306B}"
          RenderRuby (inline) {RUBY} at (0,0) size 18x32
            RenderRubyRun (anonymous) at (1774,56) size 18x32
              RenderRubyText {RT} at (-10,0) size 10x32
                RenderText {#text} at (0,3) size 10x26
                  text run at (0,3) width 26: "\x{307F}\x{304A}\x{308D}"
              RenderRubyBase (anonymous) at (0,0) size 18x32
                RenderInline {RB} at (0,0) size 18x32
                  RenderText {#text} at (0,0) size 18x32
                    text run at (0,0) width 32: "\x{898B}\x{4E0B}"
          RenderText {#text} at (1774,88) size 18x38
            text run at (1774,88) width 38: "\x{3059}\x{3068}\x{3001}"
          RenderRuby (inline) {RUBY} at (0,0) size 18x16
            RenderRubyRun (anonymous) at (1774,126) size 18x16
              RenderRubyText {RT} at (-10,0) size 10x16
                RenderText {#text} at (0,4) size 10x8
                  text run at (0,4) width 8: "\x{306A}"
              RenderRubyBase (anonymous) at (0,0) size 18x16
                RenderInline {RB} at (0,0) size 18x16
                  RenderText {#text} at (0,0) size 18x16
                    text run at (0,0) width 16: "\x{83DC}"
          RenderText {#text} at (1774,142) size 46x487
            text run at (1774,142) width 345: "\x{306E}\x{82B1}\x{304C}\x{4E00}\x{9762}\x{306B}\x{898B}\x{3048}\x{308B}\x{3002}\x{96F2}\x{96C0}\x{306F}\x{3042}\x{3059}\x{3053}\x{3078}\x{843D}\x{3061}\x{308B}\x{306E}\x{304B}\x{3068}"
            text run at (1802,0) width 143: "\x{601D}\x{3063}\x{305F}\x{3002}\x{3044}\x{3044}\x{3084}\x{3001}\x{3042}\x{306E}"
          RenderRuby (inline) {RUBY} at (0,0) size 18x32
            RenderRubyRun (anonymous) at (1802,143) size 18x32
              RenderRubyText {RT} at (-10,0) size 10x32
                RenderText {#text} at (0,3) size 10x26
                  text run at (0,3) width 25: "\x{3053}\x{304C}\x{306D}"
              RenderRubyBase (anonymous) at (0,0) size 18x32
                RenderInline {RB} at (0,0) size 18x32
                  RenderText {#text} at (0,0) size 18x32
                    text run at (0,0) width 32: "\x{9EC4}\x{91D1}"
          RenderText {#text} at (1802,175) size 46x479
            text run at (1802,175) width 304: "\x{306E}\x{539F}\x{304B}\x{3089}\x{98DB}\x{3073}\x{4E0A}\x{304C}\x{3063}\x{3066}\x{304F}\x{308B}\x{306E}\x{304B}\x{3068}\x{601D}\x{3063}\x{305F}\x{3002}\x{6B21}\x{306B}"
            text run at (1830,0) width 115: "\x{306F}\x{843D}\x{3061}\x{308B}\x{96F2}\x{96C0}\x{3068}\x{3001}"
          RenderRuby (inline) {RUBY} at (0,0) size 18x17
            RenderRubyRun (anonymous) at (1830,115) size 18x17
              RenderRubyText {RT} at (-10,0) size 10x17
                RenderText {#text} at (0,0) size 10x17
                  text run at (0,0) width 17: "\x{3042}\x{304C}"
              RenderRubyBase (anonymous) at (0,0) size 18x17
                RenderInline {RB} at (0,0) size 18x17
                  RenderText {#text} at (0,0) size 18x17
                    text run at (0,0) width 16: "\x{4E0A}"
          RenderText {#text} at (1830,132) size 18x14
            text run at (1830,132) width 14: "\x{308B}"
          RenderRuby (inline) {RUBY} at (0,0) size 18x32
            RenderRubyRun (anonymous) at (1830,146) size 18x32
              RenderRubyText {RT} at (-10,0) size 10x32
                RenderText {#text} at (0,3) size 10x26
                  text run at (0,3) width 25: "\x{3072}\x{3070}\x{308A}"
              RenderRubyBase (anonymous) at (0,0) size 18x32
                RenderInline {RB} at (0,0) size 18x32
                  RenderText {#text} at (0,0) size 18x32
                    text run at (0,0) width 32: "\x{96F2}\x{96C0}"
          RenderText {#text} at (1830,178) size 46x488
            text run at (1830,178) width 310: "\x{304C}\x{5341}\x{6587}\x{5B57}\x{306B}\x{3059}\x{308C}\x{9055}\x{3046}\x{306E}\x{304B}\x{3068}\x{601D}\x{3063}\x{305F}\x{3002}\x{6700}\x{5F8C}\x{306B}\x{3001}\x{843D}"
            text run at (1858,0) width 230: "\x{3061}\x{308B}\x{6642}\x{3082}\x{3001}\x{4E0A}\x{308B}\x{6642}\x{3082}\x{3001}\x{307E}\x{305F}\x{5341}\x{6587}\x{5B57}\x{306B}"
          RenderRuby (inline) {RUBY} at (0,0) size 18x16
            RenderRubyRun (anonymous) at (1858,230) size 18x16
              RenderRubyText {RT} at (-10,0) size 10x16
                RenderText {#text} at (0,3) size 10x10
                  text run at (0,3) width 9: "\x{3059}"
              RenderRubyBase (anonymous) at (0,0) size 18x16
                RenderInline {RB} at (0,0) size 18x16
                  RenderText {#text} at (0,0) size 18x16
                    text run at (0,0) width 16: "\x{64E6}"
          RenderText {#text} at (1858,246) size 36x487
            text run at (1858,246) width 241: "\x{308C}\x{9055}\x{3046}\x{3068}\x{304D}\x{306B}\x{3082}\x{5143}\x{6C17}\x{3088}\x{304F}\x{9CF4}\x{304D}\x{3064}\x{3065}\x{3051}\x{308B}"
            text run at (1876,0) width 107: "\x{3060}\x{308D}\x{3046}\x{3068}\x{601D}\x{3063}\x{305F}\x{3002}"
          RenderBR {BR} at (1876,107) size 18x0
          RenderText {#text} at (1904,0) size 18x169
            text run at (1904,0) width 169: "\x{3000}\x{6625}\x{306F}\x{7720}\x{304F}\x{306A}\x{308B}\x{3002}\x{732B}\x{306F}\x{9F20}\x{3092}"
          RenderRuby (inline) {RUBY} at (0,0) size 18x16
            RenderRubyRun (anonymous) at (1904,169) size 18x16
              RenderRubyText {RT} at (-10,0) size 10x16
                RenderText {#text} at (0,4) size 10x8
                  text run at (0,4) width 7: "\x{3068}"
              RenderRubyBase (anonymous) at (0,0) size 18x16
                RenderInline {RB} at (0,0) size 18x16
                  RenderText {#text} at (0,0) size 18x16
                    text run at (0,0) width 16: "\x{6355}"
          RenderText {#text} at (1904,185) size 46x484
            text run at (1904,185) width 299: "\x{308B}\x{4E8B}\x{3092}\x{5FD8}\x{308C}\x{3001}\x{4EBA}\x{9593}\x{306F}\x{501F}\x{91D1}\x{306E}\x{3042}\x{308B}\x{4E8B}\x{3092}\x{5FD8}\x{308C}\x{308B}\x{3002}"
            text run at (1932,0) width 95: "\x{6642}\x{306B}\x{306F}\x{81EA}\x{5206}\x{306E}"
          RenderRuby (inline) {RUBY} at (0,0) size 18x24
            RenderRubyRun (anonymous) at (1932,91) size 18x32
              RenderRubyText {RT} at (-10,0) size 10x32
                RenderText {#text} at (0,0) size 10x32
                  text run at (0,0) width 32: "\x{305F}\x{307E}\x{3057}\x{3044}"
              RenderRubyBase (anonymous) at (0,0) size 18x32
                RenderInline {RB} at (0,0) size 18x16
                  RenderText {#text} at (0,8) size 18x16
                    text run at (0,8) width 16: "\x{9B42}"
          RenderText {#text} at (1932,119) size 18x16
            text run at (1932,119) width 16: "\x{306E}"
          RenderRuby (inline) {RUBY} at (0,0) size 18x32
            RenderRubyRun (anonymous) at (1932,135) size 18x32
              RenderRubyText {RT} at (-10,0) size 10x32
                RenderText {#text} at (0,0) size 10x32
                  text run at (0,0) width 32: "\x{3044}\x{3069}\x{3053}\x{308D}"
              RenderRubyBase (anonymous) at (0,0) size 18x32
                RenderInline {RB} at (0,0) size 18x32
                  RenderText {#text} at (0,0) size 18x32
                    text run at (0,0) width 32: "\x{5C45}\x{6240}"
          RenderText {#text} at (1932,167) size 46x481
            text run at (1932,167) width 314: "\x{3055}\x{3048}\x{5FD8}\x{308C}\x{3066}\x{6B63}\x{4F53}\x{306A}\x{304F}\x{306A}\x{308B}\x{3002}\x{305F}\x{3060}\x{83DC}\x{306E}\x{82B1}\x{3092}\x{9060}\x{304F}\x{671B}\x{3093}"
            text run at (1960,0) width 88: "\x{3060}\x{3068}\x{304D}\x{306B}\x{773C}\x{304C}"
          RenderRuby (inline) {RUBY} at (0,0) size 18x16
            RenderRubyRun (anonymous) at (1960,88) size 18x16
              RenderRubyText {RT} at (-10,0) size 10x16
                RenderText {#text} at (0,4) size 10x8
                  text run at (0,4) width 7: "\x{3055}"
              RenderRubyBase (anonymous) at (0,0) size 18x16
                RenderInline {RB} at (0,0) size 18x16
                  RenderText {#text} at (0,0) size 18x16
                    text run at (0,0) width 16: "\x{9192}"
          RenderText {#text} at (1960,104) size 18x297
            text run at (1960,104) width 297: "\x{3081}\x{308B}\x{3002}\x{96F2}\x{96C0}\x{306E}\x{58F0}\x{3092}\x{805E}\x{3044}\x{305F}\x{3068}\x{304D}\x{306B}\x{9B42}\x{306E}\x{3042}\x{308A}\x{304B}\x{304C}"
          RenderRuby (inline) {RUBY} at (0,0) size 18x32
            RenderRubyRun (anonymous) at (1960,399) size 18x36
              RenderRubyText {RT} at (-10,0) size 10x36
                RenderText {#text} at (0,0) size 10x36
                  text run at (0,0) width 36: "\x{306F}\x{3093}\x{305C}\x{3093}"
              RenderRubyBase (anonymous) at (0,0) size 18x36
                RenderInline {RB} at (0,0) size 18x32
                  RenderText {#text} at (0,2) size 18x32
                    text run at (0,2) width 32: "\x{5224}\x{7136}"
          RenderText {#text} at (1960,433) size 72x490
            text run at (1960,433) width 56: "\x{3059}\x{308B}\x{3002}\x{96F2}"
            text run at (1978,0) width 487: "\x{96C0}\x{306E}\x{9CF4}\x{304F}\x{306E}\x{306F}\x{53E3}\x{3067}\x{9CF4}\x{304F}\x{306E}\x{3067}\x{306F}\x{306A}\x{3044}\x{3001}\x{9B42}\x{5168}\x{4F53}\x{304C}\x{9CF4}\x{304F}\x{306E}\x{3060}\x{3002}\x{9B42}\x{306E}\x{6D3B}\x{52D5}\x{304C}\x{58F0}\x{306B}\x{3042}"
            text run at (1996,0) width 490: "\x{3089}\x{308F}\x{308C}\x{305F}\x{3082}\x{306E}\x{306E}\x{3046}\x{3061}\x{3067}\x{3001}\x{3042}\x{308C}\x{307B}\x{3069}\x{5143}\x{6C17}\x{306E}\x{3042}\x{308B}\x{3082}\x{306E}\x{306F}\x{306A}\x{3044}\x{3002}\x{3042}\x{3042}\x{6109}\x{5FEB}\x{3060}\x{3002}\x{3053}\x{3046}"
            text run at (2014,0) width 255: "\x{601D}\x{3063}\x{3066}\x{3001}\x{3053}\x{3046}\x{6109}\x{5FEB}\x{306B}\x{306A}\x{308B}\x{306E}\x{304C}\x{8A69}\x{3067}\x{3042}\x{308B}\x{3002}"
          RenderBR {BR} at (2014,255) size 18x0
          RenderText {#text} at (2032,0) size 18x486
            text run at (2032,0) width 486: "\x{3000}\x{305F}\x{3061}\x{307E}\x{3061}\x{30B7}\x{30A7}\x{30EC}\x{30FC}\x{306E}\x{96F2}\x{96C0}\x{306E}\x{8A69}\x{3092}\x{601D}\x{3044}\x{51FA}\x{3057}\x{3066}\x{3001}\x{53E3}\x{306E}\x{3046}\x{3061}\x{3067}\x{899A}\x{3048}\x{305F}\x{3068}\x{3053}\x{308D}\x{3060}\x{3051}"
          RenderRuby (inline) {RUBY} at (0,0) size 18x35
            RenderRubyRun (anonymous) at (2060,0) size 18x37
              RenderRubyText {RT} at (-10,0) size 10x37
                RenderText {#text} at (0,0) size 10x37
                  text run at (0,0) width 37: "\x{3042}\x{3093}\x{3057}\x{3087}\x{3046}"
              RenderRubyBase (anonymous) at (0,0) size 18x37
                RenderInline {RB} at (0,0) size 18x33
                  RenderText {#text} at (0,2) size 18x33
                    text run at (0,2) width 32: "\x{6697}\x{8AA6}"
          RenderText {#text} at (2060,35) size 36x487
            text run at (2060,35) width 452: "\x{3057}\x{3066}\x{898B}\x{305F}\x{304C}\x{3001}\x{899A}\x{3048}\x{3066}\x{3044}\x{308B}\x{3068}\x{3053}\x{308D}\x{306F}\x{4E8C}\x{4E09}\x{53E5}\x{3057}\x{304B}\x{306A}\x{304B}\x{3063}\x{305F}\x{3002}\x{305D}\x{306E}\x{4E8C}\x{4E09}\x{53E5}\x{306E}"
            text run at (2078,0) width 159: "\x{306A}\x{304B}\x{306B}\x{3053}\x{3093}\x{306A}\x{306E}\x{304C}\x{3042}\x{308B}\x{3002}"
          RenderBR {BR} at (2078,159) size 18x0
        RenderBlock {DIV} at (2096,32) size 90x461
          RenderText {#text} at (0,0) size 18x179
            text run at (0,0) width 179: "\x{3000}\x{3000}We look before and after"
          RenderBR {BR} at (0,179) size 18x0
          RenderText {#text} at (18,0) size 18x202
            text run at (18,0) width 202: "\x{3000}\x{3000}\x{3000}\x{3000}And pine for what is not:"
          RenderBR {BR} at (18,202) size 18x0
          RenderText {#text} at (36,0) size 18x160
            text run at (36,0) width 160: "\x{3000}\x{3000}Our sincerest laughter"
          RenderBR {BR} at (36,160) size 18x0
          RenderText {#text} at (54,0) size 18x210
            text run at (54,0) width 210: "\x{3000}\x{3000}\x{3000}\x{3000}With some pain is fraught;"
          RenderBR {BR} at (54,210) size 18x0
          RenderText {#text} at (72,0) size 18x355
            text run at (72,0) width 355: "Our sweetest songs are those that tell of saddest thought."
          RenderBR {BR} at (72,355) size 18x0
        RenderBlock (anonymous) at (2186,0) size 1530x493
          RenderText {#text} at (10,0) size 18x95
            text run at (10,0) width 95: "\x{300C}\x{524D}\x{3092}\x{307F}\x{3066}\x{306F}\x{3001}"
          RenderRuby (inline) {RUBY} at (0,0) size 18x16
            RenderRubyRun (anonymous) at (10,95) size 18x16
              RenderRubyText {RT} at (-10,0) size 10x16
                RenderText {#text} at (0,1) size 10x14
                  text run at (0,1) width 14: "\x{3057}\x{308A}"
              RenderRubyBase (anonymous) at (0,0) size 18x16
                RenderInline {RB} at (0,0) size 18x16
                  RenderText {#text} at (0,0) size 18x16
                    text run at (0,0) width 16: "\x{5F8C}"
          RenderText {#text} at (10,111) size 18x85
            text run at (10,111) width 85: "\x{3048}\x{3092}\x{898B}\x{3066}\x{306F}\x{3001}"
          RenderRuby (inline) {RUBY} at (0,0) size 18x32
            RenderRubyRun (anonymous) at (10,196) size 18x32
              RenderRubyText {RT} at (-10,0) size 10x32
                RenderText {#text} at (0,3) size 10x26
                  text run at (0,3) width 25: "\x{3082}\x{306E}\x{307B}"
              RenderRubyBase (anonymous) at (0,0) size 18x32
                RenderInline {RB} at (0,0) size 18x32
                  RenderText {#text} at (0,0) size 18x32
                    text run at (0,0) width 32: "\x{7269}\x{6B32}"
          RenderText {#text} at (10,228) size 46x480
            text run at (10,228) width 252: "\x{3057}\x{3068}\x{3001}\x{3042}\x{3053}\x{304C}\x{308B}\x{308B}\x{304B}\x{306A}\x{308F}\x{308C}\x{3002}\x{8179}\x{304B}\x{3089}\x{306E}\x{3001}"
            text run at (38,0) width 336: "\x{7B11}\x{3068}\x{3044}\x{3048}\x{3069}\x{3001}\x{82E6}\x{3057}\x{307F}\x{306E}\x{3001}\x{305D}\x{3053}\x{306B}\x{3042}\x{308B}\x{3079}\x{3057}\x{3002}\x{3046}\x{3064}\x{304F}\x{3057}\x{304D}\x{3001}"
          RenderRuby (inline) {RUBY} at (0,0) size 18x17
            RenderRubyRun (anonymous) at (38,336) size 18x17
              RenderRubyText {RT} at (-10,0) size 10x17
                RenderText {#text} at (0,0) size 10x17
                  text run at (0,0) width 17: "\x{304D}\x{308F}"
              RenderRubyBase (anonymous) at (0,0) size 18x17
                RenderInline {RB} at (0,0) size 18x17
                  RenderText {#text} at (0,0) size 18x17
                    text run at (0,0) width 16: "\x{6975}"
          RenderText {#text} at (38,353) size 46x467
            text run at (38,353) width 114: "\x{307F}\x{306E}\x{6B4C}\x{306B}\x{3001}\x{60B2}\x{3057}\x{3055}"
            text run at (66,0) width 75: "\x{306E}\x{3001}\x{6975}\x{307F}\x{306E}"
          RenderRuby (inline) {RUBY} at (0,0) size 18x17
            RenderRubyRun (anonymous) at (66,71) size 18x25
              RenderRubyText {RT} at (-10,0) size 10x25
                RenderText {#text} at (0,0) size 10x25
                  text run at (0,0) width 25: "\x{304A}\x{3082}\x{3044}"
              RenderRubyBase (anonymous) at (0,0) size 18x25
                RenderInline {RB} at (0,0) size 18x17
                  RenderText {#text} at (0,4) size 18x17
                    text run at (0,4) width 16: "\x{60F3}"
          RenderText {#text} at (66,92) size 18x11
            text run at (66,92) width 11: "\x{3001}"
          RenderRuby (inline) {RUBY} at (0,0) size 18x16
            RenderRubyRun (anonymous) at (66,103) size 18x16
              RenderRubyText {RT} at (-10,0) size 10x16
                RenderText {#text} at (0,1) size 10x14
                  text run at (0,1) width 14: "\x{3053}\x{3082}"
              RenderRubyBase (anonymous) at (0,0) size 18x16
                RenderInline {RB} at (0,0) size 18x16
                  RenderText {#text} at (0,0) size 18x16
                    text run at (0,0) width 16: "\x{7C60}"
          RenderText {#text} at (66,119) size 18x81
            text run at (66,119) width 81: "\x{308B}\x{3068}\x{305E}\x{77E5}\x{308C}\x{300D}"
          RenderBR {BR} at (66,200) size 18x0
          RenderText {#text} at (84,0) size 46x492
            text run at (84,0) width 492: "\x{3000}\x{306A}\x{308B}\x{307B}\x{3069}\x{3044}\x{304F}\x{3089}\x{8A69}\x{4EBA}\x{304C}\x{5E78}\x{798F}\x{3067}\x{3082}\x{3001}\x{3042}\x{306E}\x{96F2}\x{96C0}\x{306E}\x{3088}\x{3046}\x{306B}\x{601D}\x{3044}\x{5207}\x{3063}\x{3066}\x{3001}\x{4E00}\x{5FC3}\x{4E0D}\x{4E71}"
            text run at (112,0) width 245: "\x{306B}\x{3001}\x{524D}\x{5F8C}\x{3092}\x{5FD8}\x{5374}\x{3057}\x{3066}\x{3001}\x{308F}\x{304C}\x{559C}\x{3073}\x{3092}\x{6B4C}\x{3046}"
          RenderRuby (inline) {RUBY} at (0,0) size 18x16
            RenderRubyRun (anonymous) at (112,244) size 18x18
              RenderRubyText {RT} at (-10,0) size 10x18
                RenderText {#text} at (0,0) size 10x18
                  text run at (0,0) width 18: "\x{308F}\x{3051}"
              RenderRubyBase (anonymous) at (0,0) size 18x18
                RenderInline {RB} at (0,0) size 18x16
                  RenderText {#text} at (0,1) size 18x16
                    text run at (0,1) width 16: "\x{8A33}"
          RenderText {#text} at (112,261) size 46x485
            text run at (112,261) width 224: "\x{306B}\x{306F}\x{884C}\x{304F}\x{307E}\x{3044}\x{3002}\x{897F}\x{6D0B}\x{306E}\x{8A69}\x{306F}\x{7121}\x{8AD6}\x{306E}"
            text run at (140,0) width 153: "\x{4E8B}\x{3001}\x{652F}\x{90A3}\x{306E}\x{8A69}\x{306B}\x{3082}\x{3001}\x{3088}\x{304F}"
          RenderRuby (inline) {RUBY} at (0,0) size 18x32
            RenderRubyRun (anonymous) at (140,153) size 18x32
              RenderRubyText {RT} at (-10,0) size 10x32
                RenderText {#text} at (0,1) size 10x30
                  text run at (0,1) width 30: "\x{3070}\x{3093}\x{3053}\x{304F}"
              RenderRubyBase (anonymous) at (0,0) size 18x32
                RenderInline {RB} at (0,0) size 18x32
                  RenderText {#text} at (0,0) size 18x32
                    text run at (0,0) width 32: "\x{4E07}\x{659B}"
          RenderText {#text} at (140,185) size 18x16
            text run at (140,185) width 16: "\x{306E}"
          RenderRuby (inline) {RUBY} at (0,0) size 18x16
            RenderRubyRun (anonymous) at (140,197) size 18x24
              RenderRubyText {RT} at (-10,0) size 10x24
                RenderText {#text} at (0,0) size 10x24
                  text run at (0,0) width 24: "\x{3046}\x{308C}\x{3044}"
              RenderRubyBase (anonymous) at (0,0) size 18x24
                RenderInline {RB} at (0,0) size 18x16
                  RenderText {#text} at (0,4) size 18x16
                    text run at (0,4) width 16: "\x{6101}"
          RenderText {#text} at (140,217) size 18x261
            text run at (140,217) width 261: "\x{306A}\x{3069}\x{3068}\x{4E91}\x{3046}\x{5B57}\x{304C}\x{3042}\x{308B}\x{3002}\x{8A69}\x{4EBA}\x{3060}\x{304B}\x{3089}\x{4E07}\x{659B}\x{3067}"
          RenderRuby (inline) {RUBY} at (0,0) size 18x32
            RenderRubyRun (anonymous) at (168,0) size 18x32
              RenderRubyText {RT} at (-10,0) size 10x32
                RenderText {#text} at (0,2) size 10x28
                  text run at (0,2) width 28: "\x{3057}\x{308D}\x{3046}\x{3068}"
              RenderRubyBase (anonymous) at (0,0) size 18x32
                RenderInline {RB} at (0,0) size 18x32
                  RenderText {#text} at (0,0) size 18x32
                    text run at (0,0) width 32: "\x{7D20}\x{4EBA}"
          RenderText {#text} at (168,32) size 18x43
            text run at (168,32) width 43: "\x{306A}\x{3089}\x{4E00}"
          RenderRuby (inline) {RUBY} at (0,0) size 18x16
            RenderRubyRun (anonymous) at (168,75) size 18x16
              RenderRubyText {RT} at (-10,0) size 10x16
                RenderText {#text} at (0,1) size 10x14
                  text run at (0,1) width 14: "\x{3054}\x{3046}"
              RenderRubyBase (anonymous) at (0,0) size 18x16
                RenderInline {RB} at (0,0) size 18x16
                  RenderText {#text} at (0,0) size 18x16
                    text run at (0,0) width 16: "\x{5408}"
          RenderText {#text} at (168,91) size 46x476
            text run at (168,91) width 385: "\x{3067}\x{6E08}\x{3080}\x{304B}\x{3082}\x{77E5}\x{308C}\x{306C}\x{3002}\x{3057}\x{3066}\x{898B}\x{308B}\x{3068}\x{8A69}\x{4EBA}\x{306F}\x{5E38}\x{306E}\x{4EBA}\x{3088}\x{308A}\x{3082}\x{82E6}\x{52B4}\x{6027}"
            text run at (196,0) width 25: "\x{3067}\x{3001}"
          RenderRuby (inline) {RUBY} at (0,0) size 18x32
            RenderRubyRun (anonymous) at (196,24) size 18x34
              RenderRubyText {RT} at (-10,0) size 10x34
                RenderText {#text} at (0,0) size 10x34
                  text run at (0,0) width 34: "\x{307C}\x{3093}\x{3053}\x{3064}"
              RenderRubyBase (anonymous) at (0,0) size 18x34
                RenderInline {RB} at (0,0) size 18x32
                  RenderText {#text} at (0,1) size 18x32
                    text run at (0,1) width 32: "\x{51E1}\x{9AA8}"
          RenderText {#text} at (196,57) size 46x492
            text run at (196,57) width 435: "\x{306E}\x{500D}\x{4EE5}\x{4E0A}\x{306B}\x{795E}\x{7D4C}\x{304C}\x{92ED}\x{654F}\x{306A}\x{306E}\x{304B}\x{3082}\x{77E5}\x{308C}\x{3093}\x{3002}\x{8D85}\x{4FD7}\x{306E}\x{559C}\x{3073}\x{3082}\x{3042}\x{308D}\x{3046}\x{304C}\x{3001}"
            text run at (224,0) width 48: "\x{7121}\x{91CF}\x{306E}"
          RenderRuby (inline) {RUBY} at (0,0) size 18x25
            RenderRubyRun (anonymous) at (224,44) size 18x33
              RenderRubyText {RT} at (-10,0) size 10x33
                RenderText {#text} at (0,0) size 10x33
                  text run at (0,0) width 33: "\x{304B}\x{306A}\x{3057}\x{307F}"
              RenderRubyBase (anonymous) at (0,0) size 18x33
                RenderInline {RB} at (0,0) size 18x17
                  RenderText {#text} at (0,8) size 18x17
                    text run at (0,8) width 16: "\x{60B2}"
          RenderText {#text} at (224,73) size 18x330
            text run at (224,73) width 330: "\x{3082}\x{591A}\x{304B}\x{308D}\x{3046}\x{3002}\x{305D}\x{3093}\x{306A}\x{3089}\x{3070}\x{8A69}\x{4EBA}\x{306B}\x{306A}\x{308B}\x{306E}\x{3082}\x{8003}\x{3048}\x{7269}\x{3060}\x{3002}"
          RenderBR {BR} at (224,403) size 18x0
          RenderText {#text} at (252,0) size 18x109
            text run at (252,0) width 109: "\x{3000}\x{3057}\x{3070}\x{3089}\x{304F}\x{306F}\x{8DEF}\x{304C}"
          RenderRuby (inline) {RUBY} at (0,0) size 18x16
            RenderRubyRun (anonymous) at (252,105) size 18x24
              RenderRubyText {RT} at (-10,0) size 10x24
                RenderText {#text} at (0,0) size 10x24
                  text run at (0,0) width 24: "\x{305F}\x{3044}\x{3089}"
              RenderRubyBase (anonymous) at (0,0) size 18x24
                RenderInline {RB} at (0,0) size 18x16
                  RenderText {#text} at (0,4) size 18x16
                    text run at (0,4) width 16: "\x{5E73}"
          RenderText {#text} at (252,125) size 18x57
            text run at (252,125) width 57: "\x{3067}\x{3001}\x{53F3}\x{306F}"
          RenderRuby (inline) {RUBY} at (0,0) size 18x48
            RenderRubyRun (anonymous) at (252,182) size 18x48
              RenderRubyText {RT} at (-10,0) size 10x48
                RenderText {#text} at (0,4) size 10x40
                  text run at (0,4) width 40: "\x{305E}\x{3046}\x{304D}\x{3084}\x{307E}"
              RenderRubyBase (anonymous) at (0,0) size 18x48
                RenderInline {RB} at (0,0) size 18x48
                  RenderText {#text} at (0,0) size 18x48
                    text run at (0,0) width 48: "\x{96D1}\x{6728}\x{5C71}"
          RenderText {#text} at (252,230) size 46x484
            text run at (252,230) width 254: "\x{3001}\x{5DE6}\x{306F}\x{83DC}\x{306E}\x{82B1}\x{306E}\x{898B}\x{3064}\x{3065}\x{3051}\x{3067}\x{3042}\x{308B}\x{3002}\x{8DB3}\x{306E}"
            text run at (280,0) width 63: "\x{4E0B}\x{306B}\x{6642}\x{3005}"
          RenderRuby (inline) {RUBY} at (0,0) size 18x48
            RenderRubyRun (anonymous) at (280,63) size 18x48
              RenderRubyText {RT} at (-10,0) size 10x48
                RenderText {#text} at (0,6) size 10x36
                  text run at (0,6) width 35: "\x{305F}\x{3093}\x{307D}\x{307D}"
              RenderRubyBase (anonymous) at (0,0) size 18x48
                RenderInline {RB} at (0,0) size 18x48
                  RenderText {#text} at (0,0) size 18x48
                    text run at (0,0) width 48: "\x{84B2}\x{516C}\x{82F1}"
          RenderText {#text} at (280,111) size 18x101
            text run at (280,111) width 101: "\x{3092}\x{8E0F}\x{307F}\x{3064}\x{3051}\x{308B}\x{3002}"
          RenderRuby (inline) {RUBY} at (0,0) size 18x23
            RenderRubyRun (anonymous) at (280,208) size 18x31
              RenderRubyText {RT} at (-10,0) size 10x31
                RenderText {#text} at (0,0) size 10x31
                  text run at (0,0) width 31: "\x{306E}\x{3053}\x{304E}\x{308A}"
              RenderRubyBase (anonymous) at (0,0) size 18x31
                RenderInline {RB} at (0,0) size 18x17
                  RenderText {#text} at (0,7) size 18x17
                    text run at (0,7) width 16: "\x{92F8}"
          RenderText {#text} at (280,235) size 46x483
            text run at (280,235) width 248: "\x{306E}\x{3088}\x{3046}\x{306A}\x{8449}\x{304C}\x{9060}\x{616E}\x{306A}\x{304F}\x{56DB}\x{65B9}\x{3078}\x{306E}\x{3057}\x{3066}\x{771F}"
            text run at (308,0) width 77: "\x{4E2D}\x{306B}\x{9EC4}\x{8272}\x{306A}"
          RenderRuby (inline) {RUBY} at (0,0) size 18x16
            RenderRubyRun (anonymous) at (308,77) size 18x16
              RenderRubyText {RT} at (-10,0) size 10x16
                RenderText {#text} at (0,0) size 10x16
                  text run at (0,0) width 16: "\x{305F}\x{307E}"
              RenderRubyBase (anonymous) at (0,0) size 18x16
                RenderInline {RB} at (0,0) size 18x16
                  RenderText {#text} at (0,0) size 18x16
                    text run at (0,0) width 16: "\x{73E0}"
          RenderText {#text} at (308,93) size 36x493
            text run at (308,93) width 400: "\x{3092}\x{64C1}\x{8B77}\x{3057}\x{3066}\x{3044}\x{308B}\x{3002}\x{83DC}\x{306E}\x{82B1}\x{306B}\x{6C17}\x{3092}\x{3068}\x{3089}\x{308C}\x{3066}\x{3001}\x{8E0F}\x{307F}\x{3064}\x{3051}\x{305F}\x{3042}\x{3068}\x{3067}\x{3001}"
            text run at (326,0) width 493: "\x{6C17}\x{306E}\x{6BD2}\x{306A}\x{4E8B}\x{3092}\x{3057}\x{305F}\x{3068}\x{3001}\x{632F}\x{308A}\x{5411}\x{3044}\x{3066}\x{898B}\x{308B}\x{3068}\x{3001}\x{9EC4}\x{8272}\x{306A}\x{73E0}\x{306F}\x{4F9D}\x{7136}\x{3068}\x{3057}\x{3066}\x{92F8}\x{306E}\x{306A}\x{304B}\x{306B}"
          RenderRuby (inline) {RUBY} at (0,0) size 18x32
            RenderRubyRun (anonymous) at (354,0) size 18x32
              RenderRubyText {RT} at (-10,0) size 10x32
                RenderText {#text} at (0,3) size 10x26
                  text run at (0,3) width 25: "\x{3061}\x{3093}\x{3056}"
              RenderRubyBase (anonymous) at (0,0) size 18x32
                RenderInline {RB} at (0,0) size 18x32
                  RenderText {#text} at (0,0) size 18x32
                    text run at (0,0) width 32: "\x{93AE}\x{5EA7}"
          RenderText {#text} at (354,32) size 18x66
            text run at (354,32) width 66: "\x{3057}\x{3066}\x{3044}\x{308B}\x{3002}"
          RenderRuby (inline) {RUBY} at (0,0) size 18x32
            RenderRubyRun (anonymous) at (354,98) size 18x32
              RenderRubyText {RT} at (-10,0) size 10x32
                RenderText {#text} at (0,3) size 10x26
                  text run at (0,3) width 26: "\x{306E}\x{3093}\x{304D}"
              RenderRubyBase (anonymous) at (0,0) size 18x32
                RenderInline {RB} at (0,0) size 18x32
                  RenderText {#text} at (0,0) size 18x32
                    text run at (0,0) width 32: "\x{5451}\x{6C17}"
          RenderText {#text} at (354,130) size 18x212
            text run at (354,130) width 212: "\x{306A}\x{3082}\x{306E}\x{3060}\x{3002}\x{307E}\x{305F}\x{8003}\x{3048}\x{3092}\x{3064}\x{3065}\x{3051}\x{308B}\x{3002}"
          RenderBR {BR} at (354,342) size 18x0
          RenderText {#text} at (382,0) size 18x58
            text run at (382,0) width 58: "\x{3000}\x{8A69}\x{4EBA}\x{306B}"
          RenderRuby (inline) {RUBY} at (0,0) size 18x16
            RenderRubyRun (anonymous) at (382,54) size 18x24
              RenderRubyText {RT} at (-10,0) size 10x24
                RenderText {#text} at (0,0) size 10x24
                  text run at (0,0) width 24: "\x{3046}\x{308C}\x{3044}"
              RenderRubyBase (anonymous) at (0,0) size 18x24
                RenderInline {RB} at (0,0) size 18x16
                  RenderText {#text} at (0,4) size 18x16
                    text run at (0,4) width 16: "\x{6182}"
          RenderText {#text} at (382,74) size 18x222
            text run at (382,74) width 222: "\x{306F}\x{3064}\x{304D}\x{3082}\x{306E}\x{304B}\x{3082}\x{77E5}\x{308C}\x{306A}\x{3044}\x{304C}\x{3001}\x{3042}\x{306E}"
          RenderRuby (inline) {RUBY} at (0,0) size 18x32
            RenderRubyRun (anonymous) at (382,296) size 18x32
              RenderRubyText {RT} at (-10,0) size 10x32
                RenderText {#text} at (0,3) size 10x26
                  text run at (0,3) width 25: "\x{3072}\x{3070}\x{308A}"
              RenderRubyBase (anonymous) at (0,0) size 18x32
                RenderInline {RB} at (0,0) size 18x32
                  RenderText {#text} at (0,0) size 18x32
                    text run at (0,0) width 32: "\x{96F2}\x{96C0}"
          RenderText {#text} at (382,328) size 18x132
            text run at (382,328) width 132: "\x{3092}\x{805E}\x{304F}\x{5FC3}\x{6301}\x{306B}\x{306A}\x{308C}\x{3070}"
          RenderRuby (inline) {RUBY} at (0,0) size 18x32
            RenderRubyRun (anonymous) at (382,460) size 18x32
              RenderRubyText {RT} at (-10,0) size 10x32
                RenderText {#text} at (0,3) size 10x26
                  text run at (0,3) width 25: "\x{307F}\x{3058}\x{3093}"
              RenderRubyBase (anonymous) at (0,0) size 18x32
                RenderInline {RB} at (0,0) size 18x32
                  RenderText {#text} at (0,0) size 18x32
                    text run at (0,0) width 32: "\x{5FAE}\x{5875}"
          RenderText {#text} at (410,0) size 18x16
            text run at (410,0) width 16: "\x{306E}"
          RenderRuby (inline) {RUBY} at (0,0) size 18x16
            RenderRubyRun (anonymous) at (410,16) size 18x16
              RenderRubyText {RT} at (-10,0) size 10x16
                RenderText {#text} at (0,5) size 10x6
                  text run at (0,5) width 5: "\x{304F}"
              RenderRubyBase (anonymous) at (0,0) size 18x16
                RenderInline {RB} at (0,0) size 18x16
                  RenderText {#text} at (0,0) size 18x16
                    text run at (0,0) width 16: "\x{82E6}"
          RenderText {#text} at (410,32) size 18x293
            text run at (410,32) width 293: "\x{3082}\x{306A}\x{3044}\x{3002}\x{83DC}\x{306E}\x{82B1}\x{3092}\x{898B}\x{3066}\x{3082}\x{3001}\x{305F}\x{3060}\x{3046}\x{308C}\x{3057}\x{304F}\x{3066}\x{80F8}\x{304C}"
          RenderRuby (inline) {RUBY} at (0,0) size 18x17
            RenderRubyRun (anonymous) at (410,325) size 18x17
              RenderRubyText {RT} at (-10,0) size 10x17
                RenderText {#text} at (0,0) size 10x17
                  text run at (0,0) width 17: "\x{304A}\x{3069}"
              RenderRubyBase (anonymous) at (0,0) size 18x17
                RenderInline {RB} at (0,0) size 18x17
                  RenderText {#text} at (0,0) size 18x17
                    text run at (0,0) width 16: "\x{8E8D}"
          RenderText {#text} at (410,342) size 36x487
            text run at (410,342) width 145: "\x{308B}\x{3070}\x{304B}\x{308A}\x{3060}\x{3002}\x{84B2}\x{516C}\x{82F1}\x{3082}"
            text run at (428,0) width 481: "\x{305D}\x{306E}\x{901A}\x{308A}\x{3001}\x{685C}\x{3082}\x{2015}\x{2015}\x{685C}\x{306F}\x{3044}\x{3064}\x{304B}\x{898B}\x{3048}\x{306A}\x{304F}\x{306A}\x{3063}\x{305F}\x{3002}\x{3053}\x{3046}\x{5C71}\x{306E}\x{4E2D}\x{3078}\x{6765}\x{3066}\x{81EA}\x{7136}\x{306E}"
          RenderRuby (inline) {RUBY} at (0,0) size 18x34
            RenderRubyRun (anonymous) at (456,0) size 18x36
              RenderRubyText {RT} at (-10,0) size 10x36
                RenderText {#text} at (0,0) size 10x36
                  text run at (0,0) width 36: "\x{3051}\x{3044}\x{3076}\x{3064}"
              RenderRubyBase (anonymous) at (0,0) size 18x36
                RenderInline {RB} at (0,0) size 18x32
                  RenderText {#text} at (0,2) size 18x32
                    text run at (0,2) width 32: "\x{666F}\x{7269}"
          RenderText {#text} at (456,34) size 46x487
            text run at (456,34) width 453: "\x{306B}\x{63A5}\x{3059}\x{308C}\x{3070}\x{3001}\x{898B}\x{308B}\x{3082}\x{306E}\x{3082}\x{805E}\x{304F}\x{3082}\x{306E}\x{3082}\x{9762}\x{767D}\x{3044}\x{3002}\x{9762}\x{767D}\x{3044}\x{3060}\x{3051}\x{3067}\x{5225}\x{6BB5}\x{306E}\x{82E6}\x{3057}"
            text run at (484,0) width 206: "\x{307F}\x{3082}\x{8D77}\x{3089}\x{306C}\x{3002}\x{8D77}\x{308B}\x{3068}\x{3059}\x{308C}\x{3070}\x{8DB3}\x{304C}"
          RenderRuby (inline) {RUBY} at (0,0) size 18x32
            RenderRubyRun (anonymous) at (484,206) size 18x32
              RenderRubyText {RT} at (-10,0) size 10x32
                RenderText {#text} at (0,5) size 10x22
                  text run at (0,5) width 22: "\x{304F}\x{305F}\x{3073}"
              RenderRubyBase (anonymous) at (0,0) size 18x32
                RenderInline {RB} at (0,0) size 18x32
                  RenderText {#text} at (0,0) size 18x32
                    text run at (0,0) width 32: "\x{8349}\x{81E5}"
          RenderText {#text} at (484,238) size 18x41
            text run at (484,238) width 41: "\x{308C}\x{3066}\x{3001}"
          RenderRuby (inline) {RUBY} at (0,0) size 18x16
            RenderRubyRun (anonymous) at (484,279) size 18x16
              RenderRubyText {RT} at (-10,0) size 10x16
                RenderText {#text} at (0,1) size 10x14
                  text run at (0,1) width 14: "\x{3046}\x{307E}"
              RenderRubyBase (anonymous) at (0,0) size 18x16
                RenderInline {RB} at (0,0) size 18x16
                  RenderText {#text} at (0,0) size 18x16
                    text run at (0,0) width 16: "\x{65E8}"
          RenderText {#text} at (484,295) size 36x485
            text run at (484,295) width 190: "\x{3044}\x{3082}\x{306E}\x{304C}\x{98DF}\x{3079}\x{3089}\x{308C}\x{306C}\x{304F}\x{3089}\x{3044}\x{306E}"
            text run at (502,0) width 67: "\x{4E8B}\x{3060}\x{308D}\x{3046}\x{3002}"
          RenderBR {BR} at (502,67) size 18x0
          RenderText {#text} at (530,0) size 18x374
            text run at (530,0) width 374: "\x{3000}\x{3057}\x{304B}\x{3057}\x{82E6}\x{3057}\x{307F}\x{306E}\x{306A}\x{3044}\x{306E}\x{306F}\x{306A}\x{305C}\x{3060}\x{308D}\x{3046}\x{3002}\x{305F}\x{3060}\x{3053}\x{306E}\x{666F}\x{8272}\x{3092}\x{4E00}"
          RenderRuby (inline) {RUBY} at (0,0) size 18x16
            RenderRubyRun (anonymous) at (530,374) size 18x16
              RenderRubyText {RT} at (-10,0) size 10x16
                RenderText {#text} at (0,1) size 10x14
                  text run at (0,1) width 14: "\x{3077}\x{304F}"
              RenderRubyBase (anonymous) at (0,0) size 18x16
                RenderInline {RB} at (0,0) size 18x16
                  RenderText {#text} at (0,0) size 18x16
                    text run at (0,0) width 16: "\x{5E45}"
          RenderText {#text} at (530,390) size 18x16
            text run at (530,390) width 16: "\x{306E}"
          RenderRuby (inline) {RUBY} at (0,0) size 18x16
            RenderRubyRun (anonymous) at (530,406) size 18x16
              RenderRubyText {RT} at (-10,0) size 10x16
                RenderText {#text} at (0,4) size 10x8
                  text run at (0,4) width 8: "\x{3048}"
              RenderRubyBase (anonymous) at (0,0) size 18x16
                RenderInline {RB} at (0,0) size 18x16
                  RenderText {#text} at (0,0) size 18x16
                    text run at (0,0) width 16: "\x{753B}"
          RenderText {#text} at (530,422) size 18x38
            text run at (530,422) width 38: "\x{3068}\x{3057}\x{3066}"
          RenderRuby (inline) {RUBY} at (0,0) size 18x16
            RenderRubyRun (anonymous) at (530,460) size 18x16
              RenderRubyText {RT} at (-10,0) size 10x16
                RenderText {#text} at (0,3) size 10x10
                  text run at (0,3) width 9: "\x{307F}"
              RenderRubyBase (anonymous) at (0,0) size 18x16
                RenderInline {RB} at (0,0) size 18x16
                  RenderText {#text} at (0,0) size 18x16
                    text run at (0,0) width 16: "\x{89B3}"
          RenderText {#text} at (530,476) size 46x487
            text run at (530,476) width 11: "\x{3001}"
            text run at (558,0) width 16: "\x{4E00}"
          RenderRuby (inline) {RUBY} at (0,0) size 18x16
            RenderRubyRun (anonymous) at (558,15) size 18x18
              RenderRubyText {RT} at (-10,0) size 10x18
                RenderText {#text} at (0,0) size 10x18
                  text run at (0,0) width 18: "\x{304B}\x{3093}"
              RenderRubyBase (anonymous) at (0,0) size 18x18
                RenderInline {RB} at (0,0) size 18x16
                  RenderText {#text} at (0,1) size 18x16
                    text run at (0,1) width 16: "\x{5DFB}"
          RenderText {#text} at (558,32) size 18x185
            text run at (558,32) width 185: "\x{306E}\x{8A69}\x{3068}\x{3057}\x{3066}\x{8AAD}\x{3080}\x{304B}\x{3089}\x{3067}\x{3042}\x{308B}\x{3002}"
          RenderRuby (inline) {RUBY} at (0,0) size 18x16
            RenderRubyRun (anonymous) at (558,217) size 18x16
              RenderRubyText {RT} at (-10,0) size 10x16
                RenderText {#text} at (0,3) size 10x10
                  text run at (0,3) width 9: "\x{304C}"
              RenderRubyBase (anonymous) at (0,0) size 18x16
                RenderInline {RB} at (0,0) size 18x16
                  RenderText {#text} at (0,0) size 18x16
                    text run at (0,0) width 16: "\x{753B}"
          RenderText {#text} at (558,233) size 18x148
            text run at (558,233) width 148: "\x{3067}\x{3042}\x{308A}\x{8A69}\x{3067}\x{3042}\x{308B}\x{4EE5}\x{4E0A}\x{306F}"
          RenderRuby (inline) {RUBY} at (0,0) size 18x32
            RenderRubyRun (anonymous) at (558,381) size 18x32
              RenderRubyText {RT} at (-10,0) size 10x32
                RenderText {#text} at (0,3) size 10x26
                  text run at (0,3) width 25: "\x{3058}\x{3081}\x{3093}"
              RenderRubyBase (anonymous) at (0,0) size 18x32
                RenderInline {RB} at (0,0) size 18x32
                  RenderText {#text} at (0,0) size 18x32
                    text run at (0,0) width 32: "\x{5730}\x{9762}"
          RenderText {#text} at (558,413) size 46x481
            text run at (558,413) width 68: "\x{3092}\x{8CB0}\x{3063}\x{3066}\x{3001}"
            text run at (586,0) width 266: "\x{958B}\x{62D3}\x{3059}\x{308B}\x{6C17}\x{306B}\x{3082}\x{306A}\x{3089}\x{306D}\x{3070}\x{3001}\x{9244}\x{9053}\x{3092}\x{304B}\x{3051}\x{3066}"
          RenderRuby (inline) {RUBY} at (0,0) size 18x32
            RenderRubyRun (anonymous) at (586,266) size 18x32
              RenderRubyText {RT} at (-10,0) size 10x32
                RenderText {#text} at (0,1) size 10x30
                  text run at (0,1) width 29: "\x{3072}\x{3068}\x{3082}\x{3046}"
              RenderRubyBase (anonymous) at (0,0) size 18x32
                RenderInline {RB} at (0,0) size 18x32
                  RenderText {#text} at (0,0) size 18x32
                    text run at (0,0) width 32: "\x{4E00}\x{5132}"
          RenderText {#text} at (586,298) size 18x44
            text run at (586,298) width 44: "\x{3051}\x{3059}\x{308B}"
          RenderRuby (inline) {RUBY} at (0,0) size 18x32
            RenderRubyRun (anonymous) at (586,339) size 18x38
              RenderRubyText {RT} at (-10,0) size 10x38
                RenderText {#text} at (0,0) size 10x38
                  text run at (0,0) width 38: "\x{308A}\x{3087}\x{3046}\x{3051}\x{3093}"
              RenderRubyBase (anonymous) at (0,0) size 18x38
                RenderInline {RB} at (0,0) size 18x32
                  RenderText {#text} at (0,3) size 18x32
                    text run at (0,3) width 32: "\x{4E86}\x{898B}"
          RenderText {#text} at (586,374) size 46x486
            text run at (586,374) width 112: "\x{3082}\x{8D77}\x{3089}\x{306C}\x{3002}\x{305F}\x{3060}\x{3053}"
            text run at (614,0) width 128: "\x{306E}\x{666F}\x{8272}\x{304C}\x{2015}\x{2015}\x{8179}\x{306E}"
          RenderRuby (inline) {RUBY} at (0,0) size 18x16
            RenderRubyRun (anonymous) at (614,128) size 18x16
              RenderRubyText {RT} at (-10,0) size 10x16
                RenderText {#text} at (0,4) size 10x8
                  text run at (0,4) width 8: "\x{305F}"
              RenderRubyBase (anonymous) at (0,0) size 18x16
                RenderInline {RB} at (0,0) size 18x16
                  RenderText {#text} at (0,0) size 18x16
                    text run at (0,0) width 16: "\x{8DB3}"
          RenderText {#text} at (614,144) size 46x481
            text run at (614,144) width 337: "\x{3057}\x{306B}\x{3082}\x{306A}\x{3089}\x{306C}\x{3001}\x{6708}\x{7D66}\x{306E}\x{88DC}\x{3044}\x{306B}\x{3082}\x{306A}\x{3089}\x{306C}\x{3053}\x{306E}\x{666F}\x{8272}\x{304C}\x{666F}"
            text run at (642,0) width 383: "\x{8272}\x{3068}\x{3057}\x{3066}\x{306E}\x{307F}\x{3001}\x{4F59}\x{304C}\x{5FC3}\x{3092}\x{697D}\x{307E}\x{305B}\x{3064}\x{3064}\x{3042}\x{308B}\x{304B}\x{3089}\x{82E6}\x{52B4}\x{3082}\x{5FC3}\x{914D}\x{3082}"
          RenderRuby (inline) {RUBY} at (0,0) size 18x16
            RenderRubyRun (anonymous) at (642,380) size 18x22
              RenderRubyText {RT} at (-10,0) size 10x22
                RenderText {#text} at (0,0) size 10x22
                  text run at (0,0) width 22: "\x{3068}\x{3082}\x{306A}"
              RenderRubyBase (anonymous) at (0,0) size 18x22
                RenderInline {RB} at (0,0) size 18x16
                  RenderText {#text} at (0,3) size 18x16
                    text run at (0,3) width 16: "\x{4F34}"
          RenderText {#text} at (642,399) size 46x476
            text run at (642,399) width 77: "\x{308F}\x{306C}\x{306E}\x{3060}\x{308D}"
            text run at (670,0) width 187: "\x{3046}\x{3002}\x{81EA}\x{7136}\x{306E}\x{529B}\x{306F}\x{3053}\x{3053}\x{306B}\x{304A}\x{3044}\x{3066}"
          RenderRuby (inline) {RUBY} at (0,0) size 18x16
            RenderRubyRun (anonymous) at (670,187) size 18x16
              RenderRubyText {RT} at (-10,0) size 10x16
                RenderText {#text} at (0,0) size 10x16
                  text run at (0,0) width 15: "\x{305F}\x{3063}"
              RenderRubyBase (anonymous) at (0,0) size 18x16
                RenderInline {RB} at (0,0) size 18x16
                  RenderText {#text} at (0,0) size 18x16
                    text run at (0,0) width 16: "\x{5C0A}"
          RenderText {#text} at (670,203) size 18x179
            text run at (670,203) width 179: "\x{3068}\x{3044}\x{3002}\x{543E}\x{4EBA}\x{306E}\x{6027}\x{60C5}\x{3092}\x{77AC}\x{523B}\x{306B}"
          RenderRuby (inline) {RUBY} at (0,0) size 18x32
            RenderRubyRun (anonymous) at (670,382) size 18x32
              RenderRubyText {RT} at (-10,0) size 10x32
                RenderText {#text} at (0,5) size 10x22
                  text run at (0,5) width 22: "\x{3068}\x{3046}\x{3084}"
              RenderRubyBase (anonymous) at (0,0) size 18x32
                RenderInline {RB} at (0,0) size 18x32
                  RenderText {#text} at (0,0) size 18x32
                    text run at (0,0) width 32: "\x{9676}\x{51B6}"
          RenderText {#text} at (670,414) size 18x26
            text run at (670,414) width 26: "\x{3057}\x{3066}"
          RenderRuby (inline) {RUBY} at (0,0) size 18x32
            RenderRubyRun (anonymous) at (670,440) size 18x32
              RenderRubyText {RT} at (-10,0) size 10x32
                RenderText {#text} at (0,0) size 10x32
                  text run at (0,0) width 31: "\x{3058}\x{3085}\x{3093}\x{3053}"
              RenderRubyBase (anonymous) at (0,0) size 18x32
                RenderInline {RB} at (0,0) size 18x32
                  RenderText {#text} at (0,0) size 18x32
                    text run at (0,0) width 32: "\x{9187}\x{4E4E}"
          RenderText {#text} at (670,472) size 36x484
            text run at (670,472) width 12: "\x{3068}"
            text run at (688,0) width 306: "\x{3057}\x{3066}\x{9187}\x{306A}\x{308B}\x{8A69}\x{5883}\x{306B}\x{5165}\x{3089}\x{3057}\x{3080}\x{308B}\x{306E}\x{306F}\x{81EA}\x{7136}\x{3067}\x{3042}\x{308B}\x{3002}"
          RenderBR {BR} at (688,306) size 18x0
          RenderText {#text} at (706,0) size 46x480
            text run at (706,0) width 480: "\x{3000}\x{604B}\x{306F}\x{3046}\x{3064}\x{304F}\x{3057}\x{304B}\x{308D}\x{3001}\x{5B5D}\x{3082}\x{3046}\x{3064}\x{304F}\x{3057}\x{304B}\x{308D}\x{3001}\x{5FE0}\x{541B}\x{611B}\x{56FD}\x{3082}\x{7D50}\x{69CB}\x{3060}\x{308D}\x{3046}\x{3002}\x{3057}\x{304B}\x{3057}\x{81EA}\x{8EAB}"
            text run at (734,0) width 47: "\x{304C}\x{305D}\x{306E}"
          RenderRuby (inline) {RUBY} at (0,0) size 18x16
            RenderRubyRun (anonymous) at (734,45) size 18x20
              RenderRubyText {RT} at (-10,0) size 10x20
                RenderText {#text} at (0,0) size 10x20
                  text run at (0,0) width 20: "\x{304D}\x{3087}\x{304F}"
              RenderRubyBase (anonymous) at (0,0) size 18x20
                RenderInline {RB} at (0,0) size 18x16
                  RenderText {#text} at (0,2) size 18x16
                    text run at (0,2) width 16: "\x{5C40}"
          RenderText {#text} at (734,63) size 18x111
            text run at (734,63) width 111: "\x{306B}\x{5F53}\x{308C}\x{3070}\x{5229}\x{5BB3}\x{306E}"
          RenderRuby (inline) {RUBY} at (0,0) size 18x32
            RenderRubyRun (anonymous) at (734,174) size 18x32
              RenderRubyText {RT} at (-10,0) size 10x32
                RenderText {#text} at (0,3) size 10x26
                  text run at (0,3) width 25: "\x{3064}\x{3080}\x{3058}"
              RenderRubyBase (anonymous) at (0,0) size 18x32
                RenderInline {RB} at (0,0) size 18x32
                  RenderText {#text} at (0,0) size 18x32
                    text run at (0,0) width 32: "\x{65CB}\x{98A8}"
          RenderText {#text} at (734,206) size 18x15
            text run at (734,206) width 15: "\x{306B}"
          RenderRuby (inline) {RUBY} at (0,0) size 18x16
            RenderRubyRun (anonymous) at (734,221) size 18x16
              RenderRubyText {RT} at (-10,0) size 10x16
                RenderText {#text} at (0,4) size 10x8
                  text run at (0,4) width 8: "\x{307E}"
              RenderRubyBase (anonymous) at (0,0) size 18x16
                RenderInline {RB} at (0,0) size 18x16
                  RenderText {#text} at (0,0) size 18x16
                    text run at (0,0) width 16: "\x{6372}"
          RenderText {#text} at (734,237) size 46x484
            text run at (734,237) width 247: "\x{304D}\x{8FBC}\x{307E}\x{308C}\x{3066}\x{3001}\x{3046}\x{3064}\x{304F}\x{3057}\x{304D}\x{4E8B}\x{306B}\x{3082}\x{3001}\x{7D50}\x{69CB}\x{306A}"
            text run at (762,0) width 87: "\x{4E8B}\x{306B}\x{3082}\x{3001}\x{76EE}\x{306F}"
          RenderRuby (inline) {RUBY} at (0,0) size 18x16
            RenderRubyRun (anonymous) at (762,87) size 18x16
              RenderRubyText {RT} at (-10,0) size 10x16
                RenderText {#text} at (0,2) size 10x12
                  text run at (0,2) width 12: "\x{304F}\x{3089}"
              RenderRubyBase (anonymous) at (0,0) size 18x16
                RenderInline {RB} at (0,0) size 18x16
                  RenderText {#text} at (0,0) size 18x16
                    text run at (0,0) width 16: "\x{7729}"
          RenderText {#text} at (762,103) size 18x329
            text run at (762,103) width 329: "\x{3093}\x{3067}\x{3057}\x{307E}\x{3046}\x{3002}\x{3057}\x{305F}\x{304C}\x{3063}\x{3066}\x{3069}\x{3053}\x{306B}\x{8A69}\x{304C}\x{3042}\x{308B}\x{304B}\x{81EA}\x{8EAB}\x{306B}\x{306F}"
          RenderRuby (inline) {RUBY} at (0,0) size 18x16
            RenderRubyRun (anonymous) at (762,432) size 18x16
              RenderRubyText {RT} at (-10,0) size 10x16
                RenderText {#text} at (0,3) size 10x10
                  text run at (0,3) width 9: "\x{3052}"
              RenderRubyBase (anonymous) at (0,0) size 18x16
                RenderInline {RB} at (0,0) size 18x16
                  RenderText {#text} at (0,0) size 18x16
                    text run at (0,0) width 16: "\x{89E3}"
          RenderText {#text} at (762,448) size 36x492
            text run at (762,448) width 44: "\x{3057}\x{304B}\x{306D}"
            text run at (780,0) width 25: "\x{308B}\x{3002}"
          RenderBR {BR} at (780,25) size 18x0
          RenderText {#text} at (798,0) size 46x486
            text run at (798,0) width 486: "\x{3000}\x{3053}\x{308C}\x{304C}\x{308F}\x{304B}\x{308B}\x{305F}\x{3081}\x{306B}\x{306F}\x{3001}\x{308F}\x{304B}\x{308B}\x{3060}\x{3051}\x{306E}\x{4F59}\x{88D5}\x{306E}\x{3042}\x{308B}\x{7B2C}\x{4E09}\x{8005}\x{306E}\x{5730}\x{4F4D}\x{306B}\x{7ACB}\x{305F}"
            text run at (826,0) width 303: "\x{306D}\x{3070}\x{306A}\x{3089}\x{306C}\x{3002}\x{4E09}\x{8005}\x{306E}\x{5730}\x{4F4D}\x{306B}\x{7ACB}\x{3066}\x{3070}\x{3053}\x{305D}\x{829D}\x{5C45}\x{306F}"
          RenderRuby (inline) {RUBY} at (0,0) size 18x16
            RenderRubyRun (anonymous) at (826,303) size 18x16
              RenderRubyText {RT} at (-10,0) size 10x16
                RenderText {#text} at (0,3) size 10x10
                  text run at (0,3) width 9: "\x{307F}"
              RenderRubyBase (anonymous) at (0,0) size 18x16
                RenderInline {RB} at (0,0) size 18x16
                  RenderText {#text} at (0,0) size 18x16
                    text run at (0,0) width 16: "\x{89B3}"
          RenderText {#text} at (826,319) size 36x482
            text run at (826,319) width 163: "\x{3066}\x{9762}\x{767D}\x{3044}\x{3002}\x{5C0F}\x{8AAC}\x{3082}\x{898B}\x{3066}\x{9762}"
            text run at (844,0) width 479: "\x{767D}\x{3044}\x{3002}\x{829D}\x{5C45}\x{3092}\x{898B}\x{3066}\x{9762}\x{767D}\x{3044}\x{4EBA}\x{3082}\x{3001}\x{5C0F}\x{8AAC}\x{3092}\x{8AAD}\x{3093}\x{3067}\x{9762}\x{767D}\x{3044}\x{4EBA}\x{3082}\x{3001}\x{81EA}\x{5DF1}\x{306E}\x{5229}\x{5BB3}\x{306F}"
          RenderRuby (inline) {RUBY} at (0,0) size 18x16
            RenderRubyRun (anonymous) at (872,0) size 18x16
              RenderRubyText {RT} at (-10,0) size 10x16
                RenderText {#text} at (0,0) size 10x16
                  text run at (0,0) width 16: "\x{305F}\x{306A}"
              RenderRubyBase (anonymous) at (0,0) size 18x16
                RenderInline {RB} at (0,0) size 18x16
                  RenderText {#text} at (0,0) size 18x16
                    text run at (0,0) width 16: "\x{68DA}"
          RenderText {#text} at (872,16) size 18x380
            text run at (872,16) width 380: "\x{3078}\x{4E0A}\x{3052}\x{3066}\x{3044}\x{308B}\x{3002}\x{898B}\x{305F}\x{308A}\x{8AAD}\x{3093}\x{3060}\x{308A}\x{3059}\x{308B}\x{9593}\x{3060}\x{3051}\x{306F}\x{8A69}\x{4EBA}\x{3067}\x{3042}\x{308B}\x{3002}"
          RenderBR {BR} at (872,396) size 18x0
          RenderText {#text} at (900,0) size 18x285
            text run at (900,0) width 285: "\x{3000}\x{305D}\x{308C}\x{3059}\x{3089}\x{3001}\x{666E}\x{901A}\x{306E}\x{829D}\x{5C45}\x{3084}\x{5C0F}\x{8AAC}\x{3067}\x{306F}\x{4EBA}\x{60C5}\x{3092}"
          RenderRuby (inline) {RUBY} at (0,0) size 18x17
            RenderRubyRun (anonymous) at (900,285) size 18x17
              RenderRubyText {RT} at (-10,0) size 10x17
                RenderText {#text} at (0,0) size 10x17
                  text run at (0,0) width 17: "\x{307E}\x{306C}"
              RenderRubyBase (anonymous) at (0,0) size 18x17
                RenderInline {RB} at (0,0) size 18x17
                  RenderText {#text} at (0,0) size 18x17
                    text run at (0,0) width 16: "\x{514D}"
          RenderText {#text} at (900,302) size 64x486
            text run at (900,302) width 184: "\x{304B}\x{308C}\x{306C}\x{3002}\x{82E6}\x{3057}\x{3093}\x{3060}\x{308A}\x{3001}\x{6012}\x{3063}\x{305F}"
            text run at (918,0) width 486: "\x{308A}\x{3001}\x{9A12}\x{3044}\x{3060}\x{308A}\x{3001}\x{6CE3}\x{3044}\x{305F}\x{308A}\x{3059}\x{308B}\x{3002}\x{898B}\x{308B}\x{3082}\x{306E}\x{3082}\x{3044}\x{3064}\x{304B}\x{305D}\x{306E}\x{4E2D}\x{306B}\x{540C}\x{5316}\x{3057}\x{3066}\x{82E6}\x{3057}\x{3093}\x{3060}"
            text run at (946,0) width 257: "\x{308A}\x{3001}\x{6012}\x{3063}\x{305F}\x{308A}\x{3001}\x{9A12}\x{3044}\x{3060}\x{308A}\x{3001}\x{6CE3}\x{3044}\x{305F}\x{308A}\x{3059}\x{308B}\x{3002}"
          RenderRuby (inline) {RUBY} at (0,0) size 18x32
            RenderRubyRun (anonymous) at (946,257) size 18x32
              RenderRubyText {RT} at (-10,0) size 10x32
                RenderText {#text} at (0,5) size 10x22
                  text run at (0,5) width 22: "\x{3068}\x{308A}\x{3048}"
              RenderRubyBase (anonymous) at (0,0) size 18x32
                RenderInline {RB} at (0,0) size 18x32
                  RenderText {#text} at (0,0) size 18x32
                    text run at (0,0) width 32: "\x{53D6}\x{67C4}"
          RenderText {#text} at (946,289) size 18x64
            text run at (946,289) width 64: "\x{306F}\x{5229}\x{617E}\x{304C}"
          RenderRuby (inline) {RUBY} at (0,0) size 18x16
            RenderRubyRun (anonymous) at (946,353) size 18x16
              RenderRubyText {RT} at (-10,0) size 10x16
                RenderText {#text} at (0,0) size 10x16
                  text run at (0,0) width 15: "\x{307E}\x{3058}"
              RenderRubyBase (anonymous) at (0,0) size 18x16
                RenderInline {RB} at (0,0) size 18x16
                  RenderText {#text} at (0,0) size 18x16
                    text run at (0,0) width 16: "\x{4EA4}"
          RenderText {#text} at (946,369) size 18x99
            text run at (946,369) width 99: "\x{3089}\x{306C}\x{3068}\x{4E91}\x{3046}\x{70B9}\x{306B}"
          RenderRuby (inline) {RUBY} at (0,0) size 18x17
            RenderRubyRun (anonymous) at (946,468) size 18x17
              RenderRubyText {RT} at (-10,0) size 10x17
                RenderText {#text} at (0,0) size 10x17
                  text run at (0,0) width 17: "\x{305D}\x{3093}"
              RenderRubyBase (anonymous) at (0,0) size 18x17
                RenderInline {RB} at (0,0) size 18x17
                  RenderText {#text} at (0,0) size 18x17
                    text run at (0,0) width 16: "\x{5B58}"
          RenderText {#text} at (974,0) size 18x286
            text run at (974,0) width 286: "\x{3059}\x{308B}\x{304B}\x{3082}\x{77E5}\x{308C}\x{306C}\x{304C}\x{3001}\x{4EA4}\x{3089}\x{306C}\x{3060}\x{3051}\x{306B}\x{305D}\x{306E}\x{4ED6}\x{306E}"
          RenderRuby (inline) {RUBY} at (0,0) size 18x32
            RenderRubyRun (anonymous) at (974,285) size 18x34
              RenderRubyText {RT} at (-10,0) size 10x34
                RenderText {#text} at (0,0) size 10x34
                  text run at (0,0) width 34: "\x{3058}\x{3087}\x{3046}\x{3057}\x{3087}"
              RenderRubyBase (anonymous) at (0,0) size 18x34
                RenderInline {RB} at (0,0) size 18x32
                  RenderText {#text} at (0,1) size 18x32
                    text run at (0,1) width 32: "\x{60C5}\x{7DD2}"
          RenderText {#text} at (974,318) size 46x486
            text run at (974,318) width 168: "\x{306F}\x{5E38}\x{3088}\x{308A}\x{306F}\x{4F59}\x{8A08}\x{306B}\x{6D3B}\x{52D5}\x{3059}"
            text run at (1002,0) width 112: "\x{308B}\x{3060}\x{308D}\x{3046}\x{3002}\x{305D}\x{308C}\x{304C}"
          RenderRuby (inline) {RUBY} at (0,0) size 18x16
            RenderRubyRun (anonymous) at (1002,111) size 18x18
              RenderRubyText {RT} at (-10,0) size 10x18
                RenderText {#text} at (0,0) size 10x18
                  text run at (0,0) width 18: "\x{3044}\x{3084}"
              RenderRubyBase (anonymous) at (0,0) size 18x18
                RenderInline {RB} at (0,0) size 18x16
                  RenderText {#text} at (0,1) size 18x16
                    text run at (0,1) width 16: "\x{5ACC}"
          RenderText {#text} at (1002,128) size 18x26
            text run at (1002,128) width 26: "\x{3060}\x{3002}"
          RenderBR {BR} at (1002,154) size 18x0
          RenderText {#text} at (1020,0) size 46x478
            text run at (1020,0) width 478: "\x{3000}\x{82E6}\x{3057}\x{3093}\x{3060}\x{308A}\x{3001}\x{6012}\x{3063}\x{305F}\x{308A}\x{3001}\x{9A12}\x{3044}\x{3060}\x{308A}\x{3001}\x{6CE3}\x{3044}\x{305F}\x{308A}\x{306F}\x{4EBA}\x{306E}\x{4E16}\x{306B}\x{3064}\x{304D}\x{3082}\x{306E}\x{3060}\x{3002}\x{4F59}\x{3082}"
            text run at (1048,0) width 125: "\x{4E09}\x{5341}\x{5E74}\x{306E}\x{9593}\x{305D}\x{308C}\x{3092}"
          RenderRuby (inline) {RUBY} at (0,0) size 18x32
            RenderRubyRun (anonymous) at (1048,125) size 18x32
              RenderRubyText {RT} at (-10,0) size 10x32
                RenderText {#text} at (0,4) size 10x24
                  text run at (0,4) width 23: "\x{3057}\x{3068}\x{304A}"
              RenderRubyBase (anonymous) at (0,0) size 18x32
                RenderInline {RB} at (0,0) size 18x32
                  RenderText {#text} at (0,0) size 18x32
                    text run at (0,0) width 32: "\x{4ED5}\x{901A}"
          RenderText {#text} at (1048,157) size 18x37
            text run at (1048,157) width 37: "\x{3057}\x{3066}\x{3001}"
          RenderRuby (inline) {RUBY} at (0,0) size 18x32
            RenderRubyRun (anonymous) at (1048,194) size 18x32
              RenderRubyText {RT} at (-10,0) size 10x32
                RenderText {#text} at (0,0) size 10x32
                  text run at (0,0) width 32: "\x{3042}\x{304D}\x{3042}\x{304D}"
              RenderRubyBase (anonymous) at (0,0) size 18x32
                RenderInline {RB} at (0,0) size 18x32
                  RenderText {#text} at (0,0) size 18x32
                    text run at (0,0) width 32: "\x{98FD}\x{3005}"
          RenderText {#text} at (1048,226) size 18x38
            text run at (1048,226) width 38: "\x{3057}\x{305F}\x{3002}"
          RenderRuby (inline) {RUBY} at (0,0) size 18x16
            RenderRubyRun (anonymous) at (1048,264) size 18x16
              RenderRubyText {RT} at (-10,0) size 10x16
                RenderText {#text} at (0,4) size 10x8
                  text run at (0,4) width 8: "\x{3042}"
              RenderRubyBase (anonymous) at (0,0) size 18x16
                RenderInline {RB} at (0,0) size 18x16
                  RenderText {#text} at (0,0) size 18x16
                    text run at (0,0) width 16: "\x{98FD}"
          RenderText {#text} at (1048,280) size 36x492
            text run at (1048,280) width 212: "\x{304D}\x{98FD}\x{304D}\x{3057}\x{305F}\x{4E0A}\x{306B}\x{829D}\x{5C45}\x{3084}\x{5C0F}\x{8AAC}\x{3067}\x{540C}"
            text run at (1066,0) width 465: "\x{3058}\x{523A}\x{6FC0}\x{3092}\x{7E70}\x{308A}\x{8FD4}\x{3057}\x{3066}\x{306F}\x{5927}\x{5909}\x{3060}\x{3002}\x{4F59}\x{304C}\x{6B32}\x{3059}\x{308B}\x{8A69}\x{306F}\x{305D}\x{3093}\x{306A}\x{4E16}\x{9593}\x{7684}\x{306E}\x{4EBA}\x{60C5}\x{3092}"
          RenderRuby (inline) {RUBY} at (0,0) size 18x32
            RenderRubyRun (anonymous) at (1094,0) size 18x32
              RenderRubyText {RT} at (-10,0) size 10x32
                RenderText {#text} at (0,8) size 10x16
                  text run at (0,8) width 16: "\x{3053}\x{3076}"
              RenderRubyBase (anonymous) at (0,0) size 18x32
                RenderInline {RB} at (0,0) size 18x32
                  RenderText {#text} at (0,0) size 18x32
                    text run at (0,0) width 32: "\x{9F13}\x{821E}"
          RenderText {#text} at (1094,32) size 18x359
            text run at (1094,32) width 359: "\x{3059}\x{308B}\x{3088}\x{3046}\x{306A}\x{3082}\x{306E}\x{3067}\x{306F}\x{306A}\x{3044}\x{3002}\x{4FD7}\x{5FF5}\x{3092}\x{653E}\x{68C4}\x{3057}\x{3066}\x{3001}\x{3057}\x{3070}\x{3089}\x{304F}\x{3067}\x{3082}"
          RenderRuby (inline) {RUBY} at (0,0) size 18x32
            RenderRubyRun (anonymous) at (1094,390) size 18x34
              RenderRubyText {RT} at (-10,0) size 10x34
                RenderText {#text} at (0,0) size 10x34
                  text run at (0,0) width 34: "\x{3058}\x{3093}\x{304B}\x{3044}"
              RenderRubyBase (anonymous) at (0,0) size 18x34
                RenderInline {RB} at (0,0) size 18x32
                  RenderText {#text} at (0,1) size 18x32
                    text run at (0,1) width 32: "\x{5875}\x{754C}"
          RenderText {#text} at (1094,423) size 82x490
            text run at (1094,423) width 61: "\x{3092}\x{96E2}\x{308C}\x{305F}"
            text run at (1112,0) width 484: "\x{5FC3}\x{6301}\x{3061}\x{306B}\x{306A}\x{308C}\x{308B}\x{8A69}\x{3067}\x{3042}\x{308B}\x{3002}\x{3044}\x{304F}\x{3089}\x{5091}\x{4F5C}\x{3067}\x{3082}\x{4EBA}\x{60C5}\x{3092}\x{96E2}\x{308C}\x{305F}\x{829D}\x{5C45}\x{306F}\x{306A}\x{3044}\x{3001}\x{7406}\x{975E}"
            text run at (1130,0) width 490: "\x{3092}\x{7D76}\x{3057}\x{305F}\x{5C0F}\x{8AAC}\x{306F}\x{5C11}\x{304B}\x{308D}\x{3046}\x{3002}\x{3069}\x{3053}\x{307E}\x{3067}\x{3082}\x{4E16}\x{9593}\x{3092}\x{51FA}\x{308B}\x{4E8B}\x{304C}\x{51FA}\x{6765}\x{306C}\x{306E}\x{304C}\x{5F7C}\x{3089}\x{306E}\x{7279}"
            text run at (1158,0) width 453: "\x{8272}\x{3067}\x{3042}\x{308B}\x{3002}\x{3053}\x{3068}\x{306B}\x{897F}\x{6D0B}\x{306E}\x{8A69}\x{306B}\x{306A}\x{308B}\x{3068}\x{3001}\x{4EBA}\x{4E8B}\x{304C}\x{6839}\x{672C}\x{306B}\x{306A}\x{308B}\x{304B}\x{3089}\x{3044}\x{308F}\x{3086}\x{308B}"
          RenderRuby (inline) {RUBY} at (0,0) size 18x32
            RenderRubyRun (anonymous) at (1158,453) size 18x32
              RenderRubyText {RT} at (-10,0) size 10x32
                RenderText {#text} at (0,3) size 10x26
                  text run at (0,3) width 25: "\x{3057}\x{3044}\x{304B}"
              RenderRubyBase (anonymous) at (0,0) size 18x32
                RenderInline {RB} at (0,0) size 18x32
                  RenderText {#text} at (0,0) size 18x32
                    text run at (0,0) width 32: "\x{8A69}\x{6B4C}"
          RenderText {#text} at (1186,0) size 18x147
            text run at (1186,0) width 147: "\x{306E}\x{7D14}\x{7C8B}\x{306A}\x{308B}\x{3082}\x{306E}\x{3082}\x{3053}\x{306E}"
          RenderRuby (inline) {RUBY} at (0,0) size 18x17
            RenderRubyRun (anonymous) at (1186,145) size 18x21
              RenderRubyText {RT} at (-10,0) size 10x21
                RenderText {#text} at (0,0) size 10x21
                  text run at (0,0) width 21: "\x{304D}\x{3087}\x{3046}"
              RenderRubyBase (anonymous) at (0,0) size 18x21
                RenderInline {RB} at (0,0) size 18x17
                  RenderText {#text} at (0,2) size 18x17
                    text run at (0,2) width 16: "\x{5883}"
          RenderText {#text} at (1186,164) size 18x14
            text run at (1186,164) width 14: "\x{3092}"
          RenderRuby (inline) {RUBY} at (0,0) size 18x32
            RenderRubyRun (anonymous) at (1186,178) size 18x32
              RenderRubyText {RT} at (-10,0) size 10x32
                RenderText {#text} at (0,3) size 10x26
                  text run at (0,3) width 26: "\x{3052}\x{3060}\x{3064}"
              RenderRubyBase (anonymous) at (0,0) size 18x32
                RenderInline {RB} at (0,0) size 18x32
                  RenderText {#text} at (0,0) size 18x32
                    text run at (0,0) width 32: "\x{89E3}\x{8131}"
          RenderText {#text} at (1186,210) size 46x479
            text run at (1186,210) width 269: "\x{3059}\x{308B}\x{4E8B}\x{3092}\x{77E5}\x{3089}\x{306C}\x{3002}\x{3069}\x{3053}\x{307E}\x{3067}\x{3082}\x{540C}\x{60C5}\x{3060}\x{3068}\x{304B}\x{3001}"
            text run at (1214,0) width 242: "\x{611B}\x{3060}\x{3068}\x{304B}\x{3001}\x{6B63}\x{7FA9}\x{3060}\x{3068}\x{304B}\x{3001}\x{81EA}\x{7531}\x{3060}\x{3068}\x{304B}\x{3001}"
          RenderRuby (inline) {RUBY} at (0,0) size 18x32
            RenderRubyRun (anonymous) at (1214,242) size 18x32
              RenderRubyText {RT} at (-10,0) size 10x32
                RenderText {#text} at (0,5) size 10x22
                  text run at (0,5) width 22: "\x{3046}\x{304D}\x{3088}"
              RenderRubyBase (anonymous) at (0,0) size 18x32
                RenderInline {RB} at (0,0) size 18x32
                  RenderText {#text} at (0,0) size 18x32
                    text run at (0,0) width 32: "\x{6D6E}\x{4E16}"
          RenderText {#text} at (1214,274) size 18x16
            text run at (1214,274) width 16: "\x{306E}"
          RenderRuby (inline) {RUBY} at (0,0) size 18x48
            RenderRubyRun (anonymous) at (1214,290) size 18x48
              RenderRubyText {RT} at (-10,0) size 10x48
                RenderText {#text} at (0,4) size 10x40
                  text run at (0,4) width 40: "\x{304B}\x{3093}\x{3053}\x{3046}\x{3070}"
              RenderRubyBase (anonymous) at (0,0) size 18x48
                RenderInline {RB} at (0,0) size 18x48
                  RenderText {#text} at (0,0) size 18x48
                    text run at (0,0) width 48: "\x{52E7}\x{5DE5}\x{5834}"
          RenderText {#text} at (1214,338) size 18x147
            text run at (1214,338) width 147: "\x{306B}\x{3042}\x{308B}\x{3082}\x{306E}\x{3060}\x{3051}\x{3067}\x{7528}\x{3092}"
          RenderRuby (inline) {RUBY} at (0,0) size 18x17
            RenderRubyRun (anonymous) at (1242,0) size 18x18
              RenderRubyText {RT} at (-10,0) size 10x18
                RenderText {#text} at (0,0) size 10x18
                  text run at (0,0) width 18: "\x{3079}\x{3093}"
              RenderRubyBase (anonymous) at (0,0) size 18x18
                RenderInline {RB} at (0,0) size 18x16
                  RenderText {#text} at (0,1) size 18x16
                    text run at (0,1) width 16: "\x{5F01}"
          RenderText {#text} at (1242,17) size 18x282
            text run at (1242,17) width 282: "\x{3058}\x{3066}\x{3044}\x{308B}\x{3002}\x{3044}\x{304F}\x{3089}\x{8A69}\x{7684}\x{306B}\x{306A}\x{3063}\x{3066}\x{3082}\x{5730}\x{9762}\x{306E}\x{4E0A}\x{3092}"
          RenderRuby (inline) {RUBY} at (0,0) size 18x16
            RenderRubyRun (anonymous) at (1242,299) size 18x16
              RenderRubyText {RT} at (-10,0) size 10x16
                RenderText {#text} at (0,3) size 10x10
                  text run at (0,3) width 9: "\x{304B}"
              RenderRubyBase (anonymous) at (0,0) size 18x16
                RenderInline {RB} at (0,0) size 18x16
                  RenderText {#text} at (0,0) size 18x16
                    text run at (0,0) width 16: "\x{99B3}"
          RenderText {#text} at (1242,315) size 18x98
            text run at (1242,315) width 98: "\x{3051}\x{3066}\x{3042}\x{308B}\x{3044}\x{3066}\x{3001}"
          RenderRuby (inline) {RUBY} at (0,0) size 18x17
            RenderRubyRun (anonymous) at (1242,413) size 18x17
              RenderRubyText {RT} at (-10,0) size 10x17
                RenderText {#text} at (0,0) size 10x17
                  text run at (0,0) width 17: "\x{305C}\x{306B}"
              RenderRubyBase (anonymous) at (0,0) size 18x17
                RenderInline {RB} at (0,0) size 18x17
                  RenderText {#text} at (0,0) size 18x17
                    text run at (0,0) width 16: "\x{92AD}"
          RenderText {#text} at (1242,430) size 46x492
            text run at (1242,430) width 62: "\x{306E}\x{52D8}\x{5B9A}\x{3092}"
            text run at (1270,0) width 202: "\x{5FD8}\x{308C}\x{308B}\x{3072}\x{307E}\x{304C}\x{306A}\x{3044}\x{3002}\x{30B7}\x{30A7}\x{30EC}\x{30FC}\x{304C}"
          RenderRuby (inline) {RUBY} at (0,0) size 18x32
            RenderRubyRun (anonymous) at (1270,202) size 18x32
              RenderRubyText {RT} at (-10,0) size 10x32
                RenderText {#text} at (0,3) size 10x26
                  text run at (0,3) width 25: "\x{3072}\x{3070}\x{308A}"
              RenderRubyBase (anonymous) at (0,0) size 18x32
                RenderInline {RB} at (0,0) size 18x32
                  RenderText {#text} at (0,0) size 18x32
                    text run at (0,0) width 32: "\x{96F2}\x{96C0}"
          RenderText {#text} at (1270,234) size 18x235
            text run at (1270,234) width 235: "\x{3092}\x{805E}\x{3044}\x{3066}\x{5606}\x{606F}\x{3057}\x{305F}\x{306E}\x{3082}\x{7121}\x{7406}\x{306F}\x{306A}\x{3044}\x{3002}"
          RenderBR {BR} at (1270,469) size 18x0
          RenderText {#text} at (1298,0) size 18x144
            text run at (1298,0) width 144: "\x{3000}\x{3046}\x{308C}\x{3057}\x{3044}\x{4E8B}\x{306B}\x{6771}\x{6D0B}\x{306E}"
          RenderRuby (inline) {RUBY} at (0,0) size 18x32
            RenderRubyRun (anonymous) at (1298,144) size 18x32
              RenderRubyText {RT} at (-10,0) size 10x32
                RenderText {#text} at (0,3) size 10x26
                  text run at (0,3) width 25: "\x{3057}\x{3044}\x{304B}"
              RenderRubyBase (anonymous) at (0,0) size 18x32
                RenderInline {RB} at (0,0) size 18x32
                  RenderText {#text} at (0,0) size 18x32
                    text run at (0,0) width 32: "\x{8A69}\x{6B4C}"
          RenderText {#text} at (1298,176) size 18x58
            text run at (1298,176) width 58: "\x{306F}\x{305D}\x{3053}\x{3092}"
          RenderRuby (inline) {RUBY} at (0,0) size 18x32
            RenderRubyRun (anonymous) at (1298,234) size 18x32
              RenderRubyText {RT} at (-10,0) size 10x32
                RenderText {#text} at (0,3) size 10x26
                  text run at (0,3) width 26: "\x{3052}\x{3060}\x{3064}"
              RenderRubyBase (anonymous) at (0,0) size 18x32
                RenderInline {RB} at (0,0) size 18x32
                  RenderText {#text} at (0,0) size 18x32
                    text run at (0,0) width 32: "\x{89E3}\x{8131}"
          RenderText {#text} at (1298,266) size 18x99
            text run at (1298,266) width 99: "\x{3057}\x{305F}\x{306E}\x{304C}\x{3042}\x{308B}\x{3002}"
          RenderRuby (inline) {RUBY} at (0,0) size 18x34
            RenderRubyRun (anonymous) at (1298,363) size 18x36
              RenderRubyText {RT} at (-10,0) size 10x36
                RenderText {#text} at (0,0) size 10x36
                  text run at (0,0) width 36: "\x{304D}\x{304F}\x{3092}\x{3068}\x{308B}"
              RenderRubyBase (anonymous) at (0,0) size 18x36
                RenderInline {RB} at (0,0) size 18x32
                  RenderText {#text} at (0,2) size 18x32
                    text run at (0,2) width 32: "\x{63A1}\x{83CA}"
          RenderRuby (inline) {RUBY} at (0,0) size 18x48
            RenderRubyRun (anonymous) at (1298,399) size 18x48
              RenderRubyText {RT} at (-10,0) size 10x48
                RenderText {#text} at (0,2) size 10x44
                  text run at (0,2) width 43: "\x{3068}\x{3046}\x{308A}\x{306E}\x{3082}\x{3068}"
              RenderRubyBase (anonymous) at (0,0) size 18x48
                RenderInline {RB} at (0,0) size 18x48
                  RenderText {#text} at (0,0) size 18x48
                    text run at (0,0) width 48: "\x{6771}\x{7C6C}\x{4E0B}"
          RenderText {#text} at (1298,447) size 18x11
            text run at (1298,447) width 11: "\x{3001}"
          RenderRuby (inline) {RUBY} at (0,0) size 18x55
            RenderRubyRun (anonymous) at (1326,0) size 18x55
              RenderRubyText {RT} at (-10,0) size 10x55
                RenderText {#text} at (0,0) size 10x55
                  text run at (0,0) width 55: "\x{3086}\x{3046}\x{305C}\x{3093}\x{3068}\x{3057}\x{3066}"
              RenderRubyBase (anonymous) at (0,0) size 18x55
                RenderInline {RB} at (0,0) size 18x33
                  RenderText {#text} at (0,11) size 18x33
                    text run at (0,11) width 32: "\x{60A0}\x{7136}"
          RenderRuby (inline) {RUBY} at (0,0) size 18x55
            RenderRubyRun (anonymous) at (1326,55) size 18x59
              RenderRubyText {RT} at (-10,0) size 10x59
                RenderText {#text} at (0,0) size 10x59
                  text run at (0,0) width 59: "\x{306A}\x{3093}\x{3056}\x{3093}\x{3092}\x{307F}\x{308B}"
              RenderRubyBase (anonymous) at (0,0) size 18x59
                RenderInline {RB} at (0,0) size 18x49
                  RenderText {#text} at (0,5) size 18x49
                    text run at (0,5) width 48: "\x{898B}\x{5357}\x{5C71}"
          RenderText {#text} at (1326,110) size 18x114
            text run at (1326,110) width 114: "\x{3002}\x{305F}\x{3060}\x{305D}\x{308C}\x{304E}\x{308A}\x{306E}"
          RenderRuby (inline) {RUBY} at (0,0) size 18x16
            RenderRubyRun (anonymous) at (1326,224) size 18x16
              RenderRubyText {RT} at (-10,0) size 10x16
                RenderText {#text} at (0,1) size 10x14
                  text run at (0,1) width 14: "\x{3046}\x{3061}"
              RenderRubyBase (anonymous) at (0,0) size 18x16
                RenderInline {RB} at (0,0) size 18x16
                  RenderText {#text} at (0,0) size 18x16
                    text run at (0,0) width 16: "\x{88CF}"
          RenderText {#text} at (1326,240) size 46x481
            text run at (1326,240) width 241: "\x{306B}\x{6691}\x{82E6}\x{3057}\x{3044}\x{4E16}\x{306E}\x{4E2D}\x{3092}\x{307E}\x{308B}\x{3067}\x{5FD8}\x{308C}\x{305F}\x{5149}"
            text run at (1354,0) width 246: "\x{666F}\x{304C}\x{51FA}\x{3066}\x{304F}\x{308B}\x{3002}\x{57A3}\x{306E}\x{5411}\x{3046}\x{306B}\x{96A3}\x{308A}\x{306E}\x{5A18}\x{304C}"
          RenderRuby (inline) {RUBY} at (0,0) size 18x16
            RenderRubyRun (anonymous) at (1354,245) size 18x18
              RenderRubyText {RT} at (-10,0) size 10x18
                RenderText {#text} at (0,0) size 10x18
                  text run at (0,0) width 18: "\x{306E}\x{305E}"
              RenderRubyBase (anonymous) at (0,0) size 18x18
                RenderInline {RB} at (0,0) size 18x16
                  RenderText {#text} at (0,1) size 18x16
                    text run at (0,1) width 16: "\x{8997}"
          RenderText {#text} at (1354,262) size 18x158
            text run at (1354,262) width 158: "\x{3044}\x{3066}\x{308B}\x{8A33}\x{3067}\x{3082}\x{306A}\x{3051}\x{308C}\x{3070}\x{3001}"
          RenderRuby (inline) {RUBY} at (0,0) size 18x32
            RenderRubyRun (anonymous) at (1354,419) size 18x34
              RenderRubyText {RT} at (-10,0) size 10x34
                RenderText {#text} at (0,0) size 10x34
                  text run at (0,0) width 34: "\x{306A}\x{3093}\x{3056}\x{3093}"
              RenderRubyBase (anonymous) at (0,0) size 18x34
                RenderInline {RB} at (0,0) size 18x32
                  RenderText {#text} at (0,1) size 18x32
                    text run at (0,1) width 32: "\x{5357}\x{5C71}"
          RenderText {#text} at (1354,452) size 46x483
            text run at (1354,452) width 31: "\x{306B}\x{89AA}"
            text run at (1382,0) width 262: "\x{53CB}\x{304C}\x{5949}\x{8077}\x{3057}\x{3066}\x{3044}\x{308B}\x{6B21}\x{7B2C}\x{3067}\x{3082}\x{306A}\x{3044}\x{3002}\x{8D85}\x{7136}\x{3068}"
          RenderRuby (inline) {RUBY} at (0,0) size 18x65
            RenderRubyRun (anonymous) at (1382,262) size 18x65
              RenderRubyText {RT} at (-10,0) size 10x65
                RenderText {#text} at (0,0) size 10x65
                  text run at (0,0) width 65: "\x{3057}\x{3085}\x{3063}\x{305B}\x{3051}\x{3093}\x{3066}\x{304D}"
              RenderRubyBase (anonymous) at (0,0) size 18x65
                RenderInline {RB} at (0,0) size 18x65
                  RenderText {#text} at (0,0) size 18x65
                    text run at (0,0) width 64: "\x{51FA}\x{4E16}\x{9593}\x{7684}"
          RenderText {#text} at (1382,327) size 46x480
            text run at (1382,327) width 153: "\x{306B}\x{5229}\x{5BB3}\x{640D}\x{5F97}\x{306E}\x{6C57}\x{3092}\x{6D41}\x{3057}"
            text run at (1410,0) width 160: "\x{53BB}\x{3063}\x{305F}\x{5FC3}\x{6301}\x{3061}\x{306B}\x{306A}\x{308C}\x{308B}\x{3002}"
          RenderRuby (inline) {RUBY} at (0,0) size 18x20
            RenderRubyRun (anonymous) at (1410,157) size 18x23
              RenderRubyText {RT} at (-10,0) size 10x23
                RenderText {#text} at (0,0) size 10x23
                  text run at (0,0) width 23: "\x{3072}\x{3068}\x{308A}"
              RenderRubyBase (anonymous) at (0,0) size 18x23
                RenderInline {RB} at (0,0) size 18x17
                  RenderText {#text} at (0,3) size 18x17
                    text run at (0,3) width 16: "\x{72EC}"
          RenderRuby (inline) {RUBY} at (0,0) size 18x70
            RenderRubyRun (anonymous) at (1410,180) size 18x74
              RenderRubyText {RT} at (-10,0) size 10x74
                RenderText {#text} at (0,0) size 10x74
                  text run at (0,0) width 74: "\x{3086}\x{3046}\x{3053}\x{3046}\x{306E}\x{3046}\x{3061}\x{306B}\x{3056}\x{3057}"
              RenderRubyBase (anonymous) at (0,0) size 18x74
                RenderInline {RB} at (0,0) size 18x64
                  RenderText {#text} at (0,5) size 18x64
                    text run at (0,5) width 64: "\x{5750}\x{5E7D}\x{7BC1}\x{88CF}"
          RenderText {#text} at (1410,250) size 18x11
            text run at (1410,250) width 11: "\x{3001}"
          RenderRuby (inline) {RUBY} at (0,0) size 18x53
            RenderRubyRun (anonymous) at (1410,257) size 18x57
              RenderRubyText {RT} at (-10,0) size 10x57
                RenderText {#text} at (0,0) size 10x57
                  text run at (0,0) width 57: "\x{304D}\x{3093}\x{3092}\x{3060}\x{3093}\x{3058}\x{3066}"
              RenderRubyBase (anonymous) at (0,0) size 18x57
                RenderInline {RB} at (0,0) size 18x33
                  RenderText {#text} at (0,12) size 18x33
                    text run at (0,12) width 32: "\x{5F3E}\x{7434}"
          RenderRuby (inline) {RUBY} at (0,0) size 18x62
            RenderRubyRun (anonymous) at (1410,314) size 18x66
              RenderRubyText {RT} at (-10,0) size 10x66
                RenderText {#text} at (0,0) size 10x66
                  text run at (0,0) width 66: "\x{307E}\x{305F}\x{3061}\x{3087}\x{3046}\x{3057}\x{3087}\x{3046}\x{3059}"
              RenderRubyBase (anonymous) at (0,0) size 18x66
                RenderInline {RB} at (0,0) size 18x48
                  RenderText {#text} at (0,9) size 18x48
                    text run at (0,9) width 48: "\x{5FA9}\x{9577}\x{562F}"
          RenderText {#text} at (1410,376) size 18x11
            text run at (1410,376) width 11: "\x{3001}"
          RenderRuby (inline) {RUBY} at (0,0) size 18x32
            RenderRubyRun (anonymous) at (1410,387) size 18x32
              RenderRubyText {RT} at (-10,0) size 10x32
                RenderText {#text} at (0,0) size 10x32
                  text run at (0,0) width 32: "\x{3057}\x{3093}\x{308A}\x{3093}"
              RenderRubyBase (anonymous) at (0,0) size 18x32
                RenderInline {RB} at (0,0) size 18x32
                  RenderText {#text} at (0,0) size 18x32
                    text run at (0,0) width 32: "\x{6DF1}\x{6797}"
          RenderRuby (inline) {RUBY} at (0,0) size 18x48
            RenderRubyRun (anonymous) at (1410,419) size 18x48
              RenderRubyText {RT} at (-10,0) size 10x48
                RenderText {#text} at (0,4) size 10x40
                  text run at (0,4) width 39: "\x{3072}\x{3068}\x{3057}\x{3089}\x{305A}"
              RenderRubyBase (anonymous) at (0,0) size 18x48
                RenderInline {RB} at (0,0) size 18x48
                  RenderText {#text} at (0,0) size 18x48
                    text run at (0,0) width 48: "\x{4EBA}\x{4E0D}\x{77E5}"
          RenderText {#text} at (1410,467) size 18x11
            text run at (1410,467) width 11: "\x{3001}"
          RenderRuby (inline) {RUBY} at (0,0) size 18x67
            RenderRubyRun (anonymous) at (1438,0) size 18x67
              RenderRubyText {RT} at (-10,0) size 10x67
                RenderText {#text} at (0,0) size 10x67
                  text run at (0,0) width 67: "\x{3081}\x{3044}\x{3052}\x{3064}\x{304D}\x{305F}\x{308A}\x{3066}"
              RenderRubyBase (anonymous) at (0,0) size 18x67
                RenderInline {RB} at (0,0) size 18x49
                  RenderText {#text} at (0,9) size 18x49
                    text run at (0,9) width 48: "\x{660E}\x{6708}\x{6765}"
          RenderRuby (inline) {RUBY} at (0,0) size 18x37
            RenderRubyRun (anonymous) at (1438,67) size 18x41
              RenderRubyText {RT} at (-10,0) size 10x41
                RenderText {#text} at (0,0) size 10x41
                  text run at (0,0) width 41: "\x{3042}\x{3044}\x{3066}\x{3089}\x{3059}"
              RenderRubyBase (anonymous) at (0,0) size 18x41
                RenderInline {RB} at (0,0) size 18x33
                  RenderText {#text} at (0,4) size 18x33
                    text run at (0,4) width 32: "\x{76F8}\x{7167}"
          RenderText {#text} at (1438,104) size 18x145
            text run at (1438,104) width 145: "\x{3002}\x{305F}\x{3060}\x{4E8C}\x{5341}\x{5B57}\x{306E}\x{3046}\x{3061}\x{306B}"
          RenderRuby (inline) {RUBY} at (0,0) size 18x16
            RenderRubyRun (anonymous) at (1438,249) size 18x16
              RenderRubyText {RT} at (-10,0) size 10x16
                RenderText {#text} at (0,0) size 10x16
                  text run at (0,0) width 15: "\x{3086}\x{3046}"
              RenderRubyBase (anonymous) at (0,0) size 18x16
                RenderInline {RB} at (0,0) size 18x16
                  RenderText {#text} at (0,0) size 18x16
                    text run at (0,0) width 16: "\x{512A}"
          RenderText {#text} at (1438,265) size 18x15
            text run at (1438,265) width 15: "\x{306B}"
          RenderRuby (inline) {RUBY} at (0,0) size 18x48
            RenderRubyRun (anonymous) at (1438,278) size 18x52
              RenderRubyText {RT} at (-10,0) size 10x52
                RenderText {#text} at (0,0) size 10x52
                  text run at (0,0) width 52: "\x{3079}\x{3064}\x{3051}\x{3093}\x{3053}\x{3093}"
              RenderRubyBase (anonymous) at (0,0) size 18x52
                RenderInline {RB} at (0,0) size 18x48
                  RenderText {#text} at (0,2) size 18x48
                    text run at (0,2) width 48: "\x{5225}\x{4E7E}\x{5764}"
          RenderText {#text} at (1438,328) size 18x14
            text run at (1438,328) width 14: "\x{3092}"
          RenderRuby (inline) {RUBY} at (0,0) size 18x33
            RenderRubyRun (anonymous) at (1438,340) size 18x37
              RenderRubyText {RT} at (-10,0) size 10x37
                RenderText {#text} at (0,0) size 10x37
                  text run at (0,0) width 37: "\x{3053}\x{3093}\x{308A}\x{3085}\x{3046}"
              RenderRubyBase (anonymous) at (0,0) size 18x37
                RenderInline {RB} at (0,0) size 18x33
                  RenderText {#text} at (0,2) size 18x33
                    text run at (0,2) width 32: "\x{5EFA}\x{7ACB}"
          RenderText {#text} at (1438,375) size 46x486
            text run at (1438,375) width 111: "\x{3057}\x{3066}\x{3044}\x{308B}\x{3002}\x{3053}\x{306E}\x{4E7E}"
            text run at (1466,0) width 32: "\x{5764}\x{306E}"
          RenderRuby (inline) {RUBY} at (0,0) size 18x32
            RenderRubyRun (anonymous) at (1466,32) size 18x32
              RenderRubyText {RT} at (-10,0) size 10x32
                RenderText {#text} at (0,7) size 10x18
                  text run at (0,7) width 18: "\x{304F}\x{3069}\x{304F}"
              RenderRubyBase (anonymous) at (0,0) size 18x32
                RenderInline {RB} at (0,0) size 18x32
                  RenderText {#text} at (0,0) size 18x32
                    text run at (0,0) width 32: "\x{529F}\x{5FB3}"
          RenderText {#text} at (1466,64) size 18x24
            text run at (1466,64) width 24: "\x{306F}\x{300C}"
          RenderRuby (inline) {RUBY} at (0,0) size 18x48
            RenderRubyRun (anonymous) at (1466,88) size 18x48
              RenderRubyText {RT} at (-10,0) size 10x48
                RenderText {#text} at (0,4) size 10x40
                  text run at (0,4) width 40: "\x{307B}\x{3068}\x{3068}\x{304E}\x{3059}"
              RenderRubyBase (anonymous) at (0,0) size 18x48
                RenderInline {RB} at (0,0) size 18x48
                  RenderText {#text} at (0,0) size 18x48
                    text run at (0,0) width 48: "\x{4E0D}\x{5982}\x{5E30}"
          RenderText {#text} at (1466,136) size 18x32
            text run at (1466,136) width 32: "\x{300D}\x{3084}\x{300C}"
          RenderRuby (inline) {RUBY} at (0,0) size 18x64
            RenderRubyRun (anonymous) at (1466,168) size 18x64
              RenderRubyText {RT} at (-10,0) size 10x64
                RenderText {#text} at (0,4) size 10x56
                  text run at (0,4) width 55: "\x{3053}\x{3093}\x{3058}\x{304D}\x{3084}\x{3057}\x{3083}"
              RenderRubyBase (anonymous) at (0,0) size 18x64
                RenderInline {RB} at (0,0) size 18x64
                  RenderText {#text} at (0,0) size 18x64
                    text run at (0,0) width 64: "\x{91D1}\x{8272}\x{591C}\x{53C9}"
          RenderText {#text} at (1466,232) size 46x487
            text run at (1466,232) width 255: "\x{300D}\x{306E}\x{529F}\x{5FB3}\x{3067}\x{306F}\x{306A}\x{3044}\x{3002}\x{6C7D}\x{8239}\x{3001}\x{6C7D}\x{8ECA}\x{3001}\x{6A29}\x{5229}\x{3001}"
            text run at (1494,0) width 209: "\x{7FA9}\x{52D9}\x{3001}\x{9053}\x{5FB3}\x{3001}\x{793C}\x{7FA9}\x{3067}\x{75B2}\x{308C}\x{679C}\x{3066}\x{305F}"
          RenderRuby (inline) {RUBY} at (0,0) size 18x17
            RenderRubyRun (anonymous) at (1494,209) size 18x17
              RenderRubyText {RT} at (-10,0) size 10x17
                RenderText {#text} at (0,0) size 10x17
                  text run at (0,0) width 17: "\x{306E}\x{3061}"
              RenderRubyBase (anonymous) at (0,0) size 18x17
                RenderInline {RB} at (0,0) size 18x17
                  RenderText {#text} at (0,0) size 18x17
                    text run at (0,0) width 16: "\x{5F8C}"
          RenderText {#text} at (1494,226) size 36x484
            text run at (1494,226) width 258: "\x{306B}\x{3001}\x{3059}\x{3079}\x{3066}\x{3092}\x{5FD8}\x{5374}\x{3057}\x{3066}\x{3050}\x{3063}\x{3059}\x{308A}\x{5BDD}\x{8FBC}\x{3080}\x{3088}"
            text run at (1512,0) width 111: "\x{3046}\x{306A}\x{529F}\x{5FB3}\x{3067}\x{3042}\x{308B}\x{3002}"
          RenderBR {BR} at (1512,111) size 18x0
