layer at (0,0) size 800x600
  RenderView at (0,0) size 800x600
layer at (0,0) size 800x600
  RenderBlock {HTML} at (0,0) size 800x600
    RenderBody {BODY} at (8,8) size 784x584
      RenderBlock {CENTER} at (0,0) size 784x377
        RenderTable {TABLE} at (0,0) size 784x377
          RenderTableSection {TBODY} at (0,0) size 784x377
            RenderTableRow {TR} at (0,0) size 784x66
              RenderTableCell {TD} at (0,6) size 784x53 [r=0 c=0 rs=1 cs=1]
                RenderBlock {H2} at (0,0) size 784x33
                  RenderInline {FONT} at (0,0) size 102x33
                    RenderText {#text} at (341,0) size 102x33
                      text run at (341,0) width 102: "EET 304"
            RenderTableRow {TR} at (0,66) size 784x23
              RenderTableCell {TD} at (0,68) size 784x18 [r=1 c=0 rs=1 cs=1]
                RenderBlock {P} at (0,0) size 784x18
                  RenderInline {FONT} at (0,0) size 34x18
                    RenderInline {A} at (0,0) size 34x18 [color=#0000EE]
                      RenderText {#text} at (375,0) size 34x18
                        text run at (375,0) width 34: "Home"
            RenderTableRow {TR} at (0,89) size 784x32
              RenderTableCell {TD} at (0,96) size 784x18 [r=2 c=0 rs=1 cs=1]
                RenderInline {A} at (0,0) size 120x18 [color=#0000EE]
                  RenderInline {FONT} at (0,0) size 120x18
                    RenderText {#text} at (332,0) size 120x18
                      text run at (332,0) width 120: "Course Information"
            RenderTableRow {TR} at (0,121) size 784x32
              RenderTableCell {TD} at (0,128) size 784x18 [r=3 c=0 rs=1 cs=1]
                RenderInline {A} at (0,0) size 48x18 [color=#0000EE]
                  RenderInline {FONT} at (0,0) size 48x18
                    RenderText {#text} at (368,0) size 48x18
                      text run at (368,0) width 48: "Lecture"
            RenderTableRow {TR} at (0,153) size 784x32
              RenderTableCell {TD} at (0,160) size 784x18 [r=4 c=0 rs=1 cs=1]
                RenderInline {A} at (0,0) size 0x0 [color=#0000EE]
                  RenderInline {FONT} at (0,0) size 0x0
                RenderInline {A} at (0,0) size 64x18 [color=#0000EE]
                  RenderInline {FONT} at (0,0) size 64x18
                    RenderText {#text} at (360,0) size 64x18
                      text run at (360,0) width 64: "Homework"
            RenderTableRow {TR} at (0,185) size 784x32
              RenderTableCell {TD} at (0,192) size 784x18 [r=5 c=0 rs=1 cs=1]
                RenderInline {A} at (0,0) size 50x18 [color=#0000EE]
                  RenderInline {FONT} at (0,0) size 50x18
                    RenderText {#text} at (367,0) size 50x18
                      text run at (367,0) width 50: "Quizzes"
            RenderTableRow {TR} at (0,217) size 784x32
              RenderTableCell {TD} at (0,224) size 784x18 [r=6 c=0 rs=1 cs=1]
                RenderInline {FONT} at (0,0) size 40x18 [color=#0000FF]
                  RenderInline {A} at (0,0) size 40x18 [color=#0000EE]
                    RenderText {#text} at (372,0) size 40x18
                      text run at (372,0) width 40: "Exams"
            RenderTableRow {TR} at (0,249) size 784x32
              RenderTableCell {TD} at (0,256) size 784x18 [r=7 c=0 rs=1 cs=1]
                RenderInline {A} at (0,0) size 0x0 [color=#0000EE]
                  RenderInline {FONT} at (0,0) size 0x0
                RenderInline {A} at (0,0) size 68x18 [color=#0000EE]
                  RenderInline {FONT} at (0,0) size 68x18
                    RenderText {#text} at (358,0) size 22x18
                      text run at (358,0) width 22: "Lab"
                    RenderInline {U} at (0,0) size 46x18
                      RenderText {#text} at (380,0) size 46x18
                        text run at (380,0) width 46: "oratory"
            RenderTableRow {TR} at (0,281) size 784x32
              RenderTableCell {TD} at (0,288) size 784x18 [r=8 c=0 rs=1 cs=1]
                RenderInline {A} at (0,0) size 44x18 [color=#0000EE]
                  RenderInline {U} at (0,0) size 44x18
                    RenderInline {FONT} at (0,0) size 44x18
                      RenderText {#text} at (370,0) size 44x18
                        text run at (370,0) width 44: "Grades"
            RenderTableRow {TR} at (0,313) size 784x32
              RenderTableCell {TD} at (0,320) size 784x18 [r=9 c=0 rs=1 cs=1]
                RenderInline {FONT} at (0,0) size 80x18
                  RenderInline {A} at (0,0) size 80x18 [color=#0000EE]
                    RenderText {#text} at (352,0) size 80x18
                      text run at (352,0) width 40: "Filter "
                      text run at (391,0) width 41: "Design"
            RenderTableRow {TR} at (0,345) size 784x32
              RenderTableCell {TD} at (0,352) size 784x18 [r=10 c=0 rs=1 cs=1]
                RenderInline {FONT} at (0,0) size 82x18
                  RenderInline {U} at (0,0) size 82x18
                    RenderInline {A} at (0,0) size 82x18 [color=#0000EE]
                      RenderText {#text} at (351,0) size 82x18
                        text run at (351,0) width 46: "Office "
                        text run at (397,0) width 36: "Hours"
