layer at (0,0) size 800x600
  RenderView at (0,0) size 800x600
layer at (0,0) size 800x600
  RenderBlock {HTML} at (0,0) size 800x600
    RenderBody {BODY} at (8,8) size 784x576
      RenderBlock {FORM} at (0,0) size 784x27
        RenderTable {TABLE} at (0,0) size 687x27 [bgcolor=#FFE030] [border: (1px outset #808080)]
          RenderTableSection {TBODY} at (1,1) size 685x25
            RenderTableRow {TR} at (0,0) size 685x25
              RenderTableCell {TD} at (0,0) size 685x25 [border: (1px inset #808080)] [r=0 c=0 rs=1 cs=1]
                RenderInline {NOBR} at (0,0) size 683x18
                  RenderTextControl {INPUT} at (3,3) size 215x19 [bgcolor=#FFFFFF] [border: (2px inset #000000)]
                  RenderText {#text} at (220,3) size 13x18
                    text run at (220,3) width 13: " - "
                  RenderTextControl {INPUT} at (235,3) size 215x19 [bgcolor=#FFFFFF] [border: (2px inset #000000)]
                  RenderText {#text} at (452,3) size 13x18
                    text run at (452,3) width 13: " - "
                  RenderTextControl {INPUT} at (467,3) size 215x19 [bgcolor=#FFFFFF] [border: (2px inset #000000)]
                RenderText {#text} at (0,0) size 0x0
            RenderTableRow {TR} at (0,25) size 685x0
layer at (15,15) size 209x13
  RenderBlock {DIV} at (3,3) size 209x13
layer at (247,15) size 209x13
  RenderBlock {DIV} at (3,3) size 209x13
layer at (479,15) size 209x13
  RenderBlock {DIV} at (3,3) size 209x13
