layer at (0,0) size 800x600
  RenderView at (0,0) size 800x600
layer at (0,0) size 800x600
  RenderBlock {HTML} at (0,0) size 800x600
    RenderBody {BODY} at (8,8) size 784x584
      RenderTable {TABLE} at (0,0) size 150x56
        RenderTableSection {TBODY} at (0,0) size 150x56
          RenderTableRow {TR} at (0,2) size 150x52
            RenderTableCell {TD} at (2,2) size 146x52 [r=0 c=0 rs=1 cs=1]
              RenderBlock (anonymous) at (1,1) size 144x0
                RenderInline {SPAN} at (0,0) size 0x0
                  RenderText {#text} at (0,0) size 0x0
                  RenderInline {SPAN} at (0,0) size 0x0
                    RenderText {#text} at (0,0) size 0x0
                    RenderText {#text} at (0,0) size 0x0
              RenderBlock (anonymous) at (1,1) size 144x50
                RenderTable {TABLE} at (0,0) size 144x50
                  RenderTableSection {TBODY} at (0,0) size 144x50
                    RenderTableRow {TR} at (0,2) size 144x46
                      RenderTableCell {TD} at (2,2) size 140x46 [r=0 c=0 rs=1 cs=1]
                        RenderTable {TABLE} at (1,1) size 138x44
                          RenderTableSection {TBODY} at (0,0) size 138x44
                            RenderTableRow {TR} at (0,2) size 138x40
                              RenderTableCell {TD} at (2,2) size 134x40 [r=0 c=0 rs=1 cs=1]
                                RenderBlock {FORM} at (1,1) size 132x22
                                  RenderButton {INPUT} at (2,2) size 128x18 [bgcolor=#C0C0C0]
                                    RenderBlock (anonymous) at (8,2) size 112x13
                                      RenderText at (0,0) size 112x13
                                        text run at (0,0) width 112: "ApplyForThisPosition"
                                  RenderText {#text} at (0,0) size 0x0
              RenderBlock (anonymous) at (1,51) size 144x0
                RenderInline {SPAN} at (0,0) size 0x0
                  RenderInline {SPAN} at (0,0) size 0x0
                  RenderText {#text} at (0,0) size 0x0
                RenderText {#text} at (0,0) size 0x0
