layer at (0,0) size 800x600
  RenderView at (0,0) size 800x600
layer at (0,0) size 800x553
  RenderBlock {HTML} at (0,0) size 800x553 [bgcolor=#00FF99]
    RenderBody {BODY} at (57,64) size 686x425 [bgcolor=#99FFCC] [border: (3px solid #000000)]
      RenderBlock {P} at (3,3) size 680x64
        RenderText {#text} at (0,6) size 636x51
          text run at (0,6) width 597: "These links are in an element with display table-row, and the li elements "
          text run at (597,6) width 39: "have"
          text run at (0,38) width 153: "display: table-cell. "
          text run at (153,38) width 131: "They disappear:"
      RenderTable at (3,67) size 308x19
        RenderTableSection (anonymous) at (0,0) size 308x19
          RenderTableRow {UL} at (0,0) size 308x19 [bgcolor=#00CC99]
            RenderTableCell {LI} at (0,0) size 77x19 [r=0 c=0 rs=1 cs=1]
              RenderInline {A} at (0,0) size 55x19 [color=#0000EE]
                RenderText {#text} at (11,0) size 55x19
                  text run at (11,0) width 55: "people"
            RenderTableCell {LI} at (77,0) size 77x19 [r=0 c=1 rs=1 cs=1]
              RenderInline {A} at (0,0) size 51x19 [color=#0000EE]
                RenderText {#text} at (13,0) size 51x19
                  text run at (13,0) width 51: "places"
            RenderTableCell {LI} at (154,0) size 77x19 [r=0 c=2 rs=1 cs=1]
              RenderInline {A} at (0,0) size 77x19 [color=#0000EE]
                RenderText {#text} at (0,0) size 77x19
                  text run at (0,0) width 77: "members"
            RenderTableCell {LI} at (231,0) size 77x19 [r=0 c=3 rs=1 cs=1]
              RenderInline {A} at (0,0) size 35x19 [color=#0000EE]
                RenderText {#text} at (21,0) size 35x19
                  text run at (21,0) width 35: "links"
      RenderBlock {DIV} at (3,86) size 680x336
        RenderBlock (anonymous) at (16,16) size 648x19
          RenderText {#text} at (0,0) size 514x19
            text run at (0,0) width 228: "This text is not in the form. "
            text run at (228,0) width 286: "The form should be indented 40px."
        RenderBlock {FORM} at (96,35) size 568x285
          RenderBlock {P} at (0,0) size 568x64
            RenderText {#text} at (0,6) size 545x51
              text run at (0,6) width 196: "This is text in the form. "
              text run at (196,6) width 230: "It should be indented 40px. "
              text run at (426,6) width 119: "The form itself"
              text run at (0,38) width 376: "has the same table-row/table-cell problem as "
              text run at (376,38) width 55: "above."
          RenderBlock {P} at (0,64) size 568x63
            RenderTable {SPAN} at (0,3) size 137x60
              RenderTableSection (anonymous) at (0,0) size 137x60
                RenderTableRow {SPAN} at (0,0) size 137x28
                  RenderTableCell (anonymous) at (0,0) size 137x28 [r=0 c=0 rs=1 cs=1]
                    RenderText {#text} at (0,6) size 137x16
                      text run at (0,6) width 137: "First Name (required)"
                RenderTableRow (anonymous) at (0,28) size 137x32
                  RenderTableCell (anonymous) at (0,28) size 137x32 [r=1 c=0 rs=1 cs=1]
                    RenderTextControl {INPUT} at (2,8) size 103x19 [bgcolor=#FFFFFF] [border: (2px inset #000000)]
            RenderText {#text} at (137,6) size 6x19
              text run at (137,6) width 6: " "
            RenderTable {SPAN} at (143,3) size 136x60
              RenderTableSection (anonymous) at (0,0) size 136x60
                RenderTableRow {SPAN} at (0,0) size 136x28
                  RenderTableCell (anonymous) at (0,0) size 136x28 [r=0 c=0 rs=1 cs=1]
                    RenderText {#text} at (0,6) size 136x16
                      text run at (0,6) width 136: "Last Name (required)"
                RenderTableRow (anonymous) at (0,28) size 136x32
                  RenderTableCell (anonymous) at (0,28) size 136x32 [r=1 c=0 rs=1 cs=1]
                    RenderTextControl {INPUT} at (2,8) size 103x19 [bgcolor=#FFFFFF] [border: (2px inset #000000)]
            RenderText {#text} at (0,0) size 0x0
          RenderBlock {P} at (0,127) size 568x63
            RenderTable {SPAN} at (0,3) size 227x60
              RenderTableSection (anonymous) at (0,0) size 227x60
                RenderTableRow {SPAN} at (0,0) size 227x28
                  RenderTableCell (anonymous) at (0,0) size 227x28 [r=0 c=0 rs=1 cs=1]
                    RenderText {#text} at (0,6) size 91x16
                      text run at (0,6) width 91: "Email Address"
                RenderTableRow (anonymous) at (0,28) size 227x32
                  RenderTableCell (anonymous) at (0,28) size 227x32 [r=1 c=0 rs=1 cs=1]
                    RenderTextControl {INPUT} at (2,8) size 223x19 [bgcolor=#FFFFFF] [border: (2px inset #000000)]
            RenderText {#text} at (0,0) size 0x0
          RenderBlock {P} at (0,190) size 568x63
            RenderTable {SPAN} at (0,3) size 107x60
              RenderTableSection (anonymous) at (0,0) size 107x60
                RenderTableRow {SPAN} at (0,0) size 107x28
                  RenderTableCell (anonymous) at (0,0) size 107x28 [r=0 c=0 rs=1 cs=1]
                    RenderText {#text} at (0,6) size 103x16
                      text run at (0,6) width 103: "Company Name"
                RenderTableRow (anonymous) at (0,28) size 107x32
                  RenderTableCell (anonymous) at (0,28) size 107x32 [r=1 c=0 rs=1 cs=1]
                    RenderTextControl {INPUT} at (2,8) size 103x19 [bgcolor=#FFFFFF] [border: (2px inset #000000)]
            RenderText {#text} at (107,6) size 6x19
              text run at (107,6) width 6: " "
            RenderTable {SPAN} at (113,3) size 107x60
              RenderTableSection (anonymous) at (0,0) size 107x60
                RenderTableRow {SPAN} at (0,0) size 107x28
                  RenderTableCell (anonymous) at (0,0) size 107x28 [r=0 c=0 rs=1 cs=1]
                    RenderText {#text} at (0,6) size 27x16
                      text run at (0,6) width 27: "Title"
                RenderTableRow (anonymous) at (0,28) size 107x32
                  RenderTableCell (anonymous) at (0,28) size 107x32 [r=1 c=0 rs=1 cs=1]
                    RenderTextControl {INPUT} at (2,8) size 103x19 [bgcolor=#FFFFFF] [border: (2px inset #000000)]
            RenderText {#text} at (0,0) size 0x0
          RenderBlock {P} at (0,253) size 568x32
            RenderButton {INPUT} at (2,9) size 57x18 [bgcolor=#C0C0C0]
              RenderBlock (anonymous) at (8,2) size 41x14
                RenderText at (0,0) size 41x13
                  text run at (0,0) width 41: "Submit!"
            RenderText {#text} at (60,6) size 7x19
              text run at (60,6) width 7: " "
            RenderButton {INPUT} at (68,9) size 76x18 [bgcolor=#C0C0C0]
              RenderBlock (anonymous) at (8,2) size 59x14
                RenderText at (0,0) size 59x13
                  text run at (0,0) width 59: "Clear Form"
            RenderText {#text} at (0,0) size 0x0
layer at (161,291) size 97x13
  RenderBlock {DIV} at (3,3) size 97x13
layer at (304,291) size 97x13
  RenderBlock {DIV} at (3,3) size 97x13
layer at (161,354) size 217x13
  RenderBlock {DIV} at (3,3) size 217x13
layer at (161,417) size 97x13
  RenderBlock {DIV} at (3,3) size 97x13
layer at (274,417) size 97x13
  RenderBlock {DIV} at (3,3) size 97x13
