layer at (0,0) size 800x600
  RenderView at (0,0) size 800x600
layer at (0,0) size 800x600
  RenderBlock {HTML} at (0,0) size 800x600
    RenderBody {BODY} at (8,8) size 784x584
      RenderTable {TABLE} at (0,0) size 784x65 [bgcolor=#00FFFF] [border: (1px outset #808080)]
        RenderTableSection {TBODY} at (1,1) size 782x63
          RenderTableRow {TR} at (0,2) size 782x59
            RenderTableCell {TD} at (2,2) size 304x59 [border: (1px inset #808080)] [r=0 c=0 rs=1 cs=1]
              RenderInline {FONT} at (0,0) size 99x37 [color=#0000FF]
                RenderText {#text} at (2,2) size 99x37
                  text run at (2,2) width 99: "Mozilla"
              RenderText {#text} at (101,17) size 275x40
                text run at (101,17) width 149: " code available under a "
                text run at (250,17) width 27: "dual"
                text run at (2,39) width 123: "MPL/GPL license. "
                text run at (125,39) width 137: "See the for more info."
              RenderBR {BR} at (262,53) size 0x0
            RenderTableCell {TD} at (308,20) size 472x22 [border: (1px inset #808080)] [r=0 c=1 rs=1 cs=1]
              RenderText {#text} at (2,2) size 241x18
                text run at (2,2) width 241: "foo bar foo bar foo bar foo bar foo bar"
      RenderBlock (anonymous) at (0,65) size 784x41
        RenderBR {BR} at (0,0) size 0x18
        RenderButton {INPUT} at (2,21) size 53x18 [bgcolor=#C0C0C0]
          RenderBlock (anonymous) at (8,2) size 37x14
            RenderText at (0,0) size 37x13
              text run at (0,0) width 37: "Reload"
        RenderText {#text} at (56,20) size 9x18
          text run at (56,20) width 9: "  "
        RenderButton {INPUT} at (66,21) size 84x18 [bgcolor=#C0C0C0]
          RenderBlock (anonymous) at (8,2) size 68x14
            RenderText at (0,0) size 68x13
              text run at (0,0) width 68: "Change Font"
        RenderText {#text} at (151,20) size 9x18
          text run at (151,20) width 9: "  "
        RenderTextControl {INPUT} at (161,20) size 124x19 [bgcolor=#FFFFFF] [border: (2px inset #000000)]
        RenderText {#text} at (0,0) size 0x0
layer at (172,96) size 117x13
  RenderBlock {DIV} at (3,3) size 117x13
    RenderText {#text} at (0,0) size 7x13
      text run at (0,0) width 7: "6"
