layer at (0,0) size 800x600
  RenderView at (0,0) size 800x600
layer at (0,0) size 800x288
  RenderBlock {HTML} at (0,0) size 800x288
    RenderBody {BODY} at (8,8) size 784x272 [bgcolor=#FFFFFF]
      RenderTable {TABLE} at (0,0) size 172x272
        RenderTableSection {TBODY} at (0,0) size 172x272
          RenderTableRow {TR} at (0,0) size 172x34
            RenderTableCell {TD} at (0,0) size 43x34 [border: (1px solid #000000)] [r=0 c=0 rs=1 cs=1]
              RenderText {#text} at (8,8) size 27x18
                text run at (8,8) width 27: "blah"
            RenderTableCell {TD} at (43,0) size 43x34 [border: (1px solid #000000)] [r=0 c=1 rs=1 cs=1]
              RenderText {#text} at (8,8) size 27x18
                text run at (8,8) width 27: "blah"
            RenderTableCell {TD} at (86,0) size 43x34 [border: (1px solid #000000)] [r=0 c=2 rs=1 cs=1]
              RenderText {#text} at (8,8) size 27x18
                text run at (8,8) width 27: "blah"
            RenderTableCell {TD} at (129,0) size 43x34 [border: (1px solid #000000)] [r=0 c=3 rs=1 cs=1]
              RenderText {#text} at (8,8) size 27x18
                text run at (8,8) width 27: "blah"
          RenderTableRow {TR} at (0,34) size 172x34
            RenderTableCell {TD} at (0,34) size 43x34 [border: (1px solid #000000)] [r=1 c=0 rs=1 cs=1]
              RenderText {#text} at (8,8) size 27x18
                text run at (8,8) width 27: "blah"
            RenderTableCell {TD} at (43,34) size 43x34 [border: (1px solid #000000)] [r=1 c=1 rs=1 cs=1]
              RenderText {#text} at (8,8) size 27x18
                text run at (8,8) width 27: "blah"
            RenderTableCell {TD} at (86,34) size 43x34 [border: (1px solid #000000)] [r=1 c=2 rs=1 cs=1]
              RenderText {#text} at (8,8) size 27x18
                text run at (8,8) width 27: "blah"
            RenderTableCell {TD} at (129,34) size 43x34 [border: (1px solid #000000)] [r=1 c=3 rs=1 cs=1]
              RenderText {#text} at (8,8) size 27x18
                text run at (8,8) width 27: "blah"
          RenderTableRow {TR} at (0,68) size 172x34
            RenderTableCell {TD} at (0,68) size 43x34 [border: (1px solid #000000)] [r=2 c=0 rs=1 cs=1]
              RenderText {#text} at (8,8) size 27x18
                text run at (8,8) width 27: "blah"
            RenderTableCell {TD} at (43,68) size 43x34 [border: (1px solid #000000)] [r=2 c=1 rs=1 cs=1]
              RenderText {#text} at (8,8) size 27x18
                text run at (8,8) width 27: "blah"
            RenderTableCell {TD} at (86,68) size 43x34 [border: (1px solid #000000)] [r=2 c=2 rs=1 cs=1]
              RenderText {#text} at (8,8) size 27x18
                text run at (8,8) width 27: "blah"
            RenderTableCell {TD} at (129,68) size 43x34 [border: (1px solid #000000)] [r=2 c=3 rs=1 cs=1]
              RenderText {#text} at (8,8) size 27x18
                text run at (8,8) width 27: "blah"
          RenderTableRow {TR} at (0,102) size 172x34
            RenderTableCell {TD} at (0,102) size 43x34 [border: (1px solid #000000)] [r=3 c=0 rs=1 cs=1]
              RenderText {#text} at (8,8) size 27x18
                text run at (8,8) width 27: "blah"
            RenderTableCell {TD} at (43,102) size 43x34 [border: (1px solid #000000)] [r=3 c=1 rs=1 cs=1]
              RenderText {#text} at (8,8) size 27x18
                text run at (8,8) width 27: "blah"
            RenderTableCell {TD} at (86,102) size 43x34 [border: (1px solid #000000)] [r=3 c=2 rs=1 cs=1]
              RenderText {#text} at (8,8) size 27x18
                text run at (8,8) width 27: "blah"
            RenderTableCell {TD} at (129,102) size 43x34 [border: (1px solid #000000)] [r=3 c=3 rs=1 cs=1]
              RenderText {#text} at (8,8) size 27x18
                text run at (8,8) width 27: "blah"
          RenderTableRow {TR} at (0,136) size 172x34
            RenderTableCell {TD} at (0,136) size 43x34 [border: (1px solid #000000)] [r=4 c=0 rs=1 cs=1]
              RenderText {#text} at (8,8) size 27x18
                text run at (8,8) width 27: "blah"
            RenderTableCell {TD} at (43,136) size 43x34 [border: (1px solid #000000)] [r=4 c=1 rs=1 cs=1]
              RenderText {#text} at (8,8) size 27x18
                text run at (8,8) width 27: "blah"
            RenderTableCell {TD} at (86,136) size 43x34 [border: (1px solid #000000)] [r=4 c=2 rs=1 cs=1]
              RenderText {#text} at (8,8) size 27x18
                text run at (8,8) width 27: "blah"
            RenderTableCell {TD} at (129,136) size 43x34 [border: (1px solid #000000)] [r=4 c=3 rs=1 cs=1]
              RenderText {#text} at (8,8) size 27x18
                text run at (8,8) width 27: "blah"
          RenderTableRow {TR} at (0,170) size 172x34
            RenderTableCell {TD} at (0,170) size 43x34 [border: (1px solid #000000)] [r=5 c=0 rs=1 cs=1]
              RenderText {#text} at (8,8) size 27x18
                text run at (8,8) width 27: "blah"
            RenderTableCell {TD} at (43,170) size 43x34 [border: (1px solid #000000)] [r=5 c=1 rs=1 cs=1]
              RenderText {#text} at (8,8) size 27x18
                text run at (8,8) width 27: "blah"
            RenderTableCell {TD} at (86,170) size 43x34 [border: (1px solid #000000)] [r=5 c=2 rs=1 cs=1]
              RenderText {#text} at (8,8) size 27x18
                text run at (8,8) width 27: "blah"
            RenderTableCell {TD} at (129,170) size 43x34 [border: (1px solid #000000)] [r=5 c=3 rs=1 cs=1]
              RenderText {#text} at (8,8) size 27x18
                text run at (8,8) width 27: "blah"
          RenderTableRow {TR} at (0,204) size 172x34
            RenderTableCell {TD} at (0,204) size 43x34 [border: (1px solid #000000)] [r=6 c=0 rs=1 cs=1]
              RenderText {#text} at (8,8) size 27x18
                text run at (8,8) width 27: "blah"
            RenderTableCell {TD} at (43,204) size 43x34 [border: (1px solid #000000)] [r=6 c=1 rs=1 cs=1]
              RenderText {#text} at (8,8) size 27x18
                text run at (8,8) width 27: "blah"
            RenderTableCell {TD} at (86,204) size 43x34 [border: (1px solid #000000)] [r=6 c=2 rs=1 cs=1]
              RenderText {#text} at (8,8) size 27x18
                text run at (8,8) width 27: "blah"
            RenderTableCell {TD} at (129,204) size 43x34 [border: (1px solid #000000)] [r=6 c=3 rs=1 cs=1]
              RenderText {#text} at (8,8) size 27x18
                text run at (8,8) width 27: "blah"
          RenderTableRow {TR} at (0,238) size 172x34
            RenderTableCell {TD} at (0,238) size 43x34 [border: (1px solid #000000)] [r=7 c=0 rs=1 cs=1]
              RenderText {#text} at (8,8) size 27x18
                text run at (8,8) width 27: "blah"
            RenderTableCell {TD} at (43,238) size 43x34 [border: (1px solid #000000)] [r=7 c=1 rs=1 cs=1]
              RenderText {#text} at (8,8) size 27x18
                text run at (8,8) width 27: "blah"
            RenderTableCell {TD} at (86,238) size 43x34 [border: (1px solid #000000)] [r=7 c=2 rs=1 cs=1]
              RenderText {#text} at (8,8) size 27x18
                text run at (8,8) width 27: "blah"
            RenderTableCell {TD} at (129,238) size 43x34 [border: (1px solid #000000)] [r=7 c=3 rs=1 cs=1]
              RenderText {#text} at (8,8) size 27x18
                text run at (8,8) width 27: "blah"
