layer at (0,0) size 800x600
  RenderView at (0,0) size 800x600
layer at (0,0) size 800x600
  RenderBlock {HTML} at (0,0) size 800x600
    RenderBody {BODY} at (8,8) size 784x584
      RenderTable {TABLE} at (0,0) size 462x146 [border: (1px outset #808080)]
        RenderTableSection {TBODY} at (1,1) size 460x144
          RenderTableRow {TR} at (0,0) size 460x144
            RenderTableCell {TD} at (0,0) size 460x144 [border: (1px inset #808080)] [r=0 c=0 rs=1 cs=1]
              RenderTable {TABLE} at (1,1) size 458x142 [border: (1px outset #808080)]
                RenderTableSection {TBODY} at (1,1) size 456x140
                  RenderTableRow {TR} at (0,1) size 456x28
                    RenderTableCell {TD} at (1,1) size 137x28 [border: (1px inset #808080)] [r=0 c=0 rs=1 cs=1]
                      RenderText {#text} at (5,5) size 127x18
                        text run at (5,5) width 127: "General Preferences"
                    RenderTableCell {TD} at (139,1) size 144x28 [border: (1px inset #808080)] [r=0 c=1 rs=1 cs=1]
                      RenderInline {A} at (0,0) size 134x18 [color=#0000EE]
                        RenderText {#text} at (5,5) size 134x18
                          text run at (5,5) width 134: "Groups / Permissions"
                    RenderTableCell {TD} at (284,1) size 71x28 [border: (1px inset #808080)] [r=0 c=2 rs=1 cs=1]
                      RenderInline {A} at (0,0) size 61x18 [color=#0000EE]
                        RenderText {#text} at (5,5) size 61x18
                          text run at (5,5) width 61: "Password"
                    RenderTableCell {TD} at (356,1) size 47x28 [border: (1px inset #808080)] [r=0 c=3 rs=1 cs=1]
                      RenderInline {A} at (0,0) size 37x18 [color=#0000EE]
                        RenderText {#text} at (5,5) size 37x18
                          text run at (5,5) width 37: "Email"
                    RenderTableCell {TD} at (404,1) size 51x28 [border: (1px inset #808080)] [r=0 c=4 rs=1 cs=1]
                      RenderText {#text} at (5,5) size 41x18
                        text run at (5,5) width 41: "Views"
                  RenderTableRow {TR} at (0,30) size 456x109
                    RenderTableCell {TD} at (1,30) size 454x109 [border: (1px inset #808080)] [r=1 c=0 rs=1 cs=5]
                      RenderBlock (anonymous) at (5,5) size 444x18
                        RenderBR {BR} at (222,0) size 0x18
                      RenderTable {TABLE} at (91,23) size 272x81
                        RenderTableSection {TBODY} at (0,0) size 271x81
                          RenderTableRow {TR} at (0,2) size 271x77
                            RenderTableCell {TD} at (2,2) size 267x77 [r=0 c=0 rs=1 cs=1]
                              RenderBlock {FORM} at (1,1) size 265x59
                                RenderTable {TABLE} at (0,0) size 265x59 [border: (1px outset #808080)]
                                  RenderTableSection {TBODY} at (1,1) size 263x57
                                    RenderTableRow {TR} at (0,0) size 263x57
                                      RenderTableCell {TD} at (0,0) size 263x57 [border: (1px inset #808080)] [r=0 c=0 rs=1 cs=1]
                                        RenderBlock (anonymous) at (1,1) size 261x18
                                          RenderText {#text} at (77,0) size 107x18
                                            text run at (77,0) width 107: "User Preferences"
                                        RenderTable {TABLE} at (1,19) size 261x37 [border: (1px outset #808080)]
                                          RenderTableSection {TBODY} at (1,1) size 259x35
                                            RenderTableRow {TR} at (0,1) size 259x33
                                              RenderTableCell {TH} at (1,3) size 119x28 [border: (1px inset #808080)] [r=0 c=0 rs=1 cs=1]
                                                RenderInline {NOBR} at (0,0) size 109x18
                                                  RenderText {#text} at (5,5) size 109x18
                                                    text run at (5,5) width 109: "Email Address :"
                                              RenderTableCell {TD} at (121,1) size 137x33 [border: (1px inset #808080)] [r=0 c=1 rs=1 cs=1]
                                                RenderTextControl {INPUT} at (7,7) size 123x19 [bgcolor=#FFFFFF] [border: (2px inset #000000)]
                                                RenderText {#text} at (0,0) size 0x0
layer at (241,99) size 117x13 scrollWidth 197
  RenderBlock {DIV} at (3,3) size 117x13
    RenderText {#text} at (0,0) size 196x13
      text run at (0,0) width 196: "simon.king@pipinghotnetworks.com"
