layer at (0,0) size 998x585
  RenderView at (0,0) size 800x585
layer at (0,0) size 800x585
  RenderBlock {HTML} at (0,0) size 800x585
    RenderBody {BODY} at (8,8) size 784x569
      RenderTable {TABLE} at (0,0) size 990x147 [border: (2px solid #0000FF)]
        RenderTableSection {TBODY} at (2,2) size 986x143
          RenderTableRow {TR} at (0,2) size 986x139
            RenderTableCell {TD} at (2,2) size 206x139 [border: (1px solid #C0C0C0)] [r=0 c=0 rs=1 cs=1]
              RenderTable {TABLE} at (2,2) size 202x135 [border: (2px solid #008000)]
                RenderTableSection {TBODY} at (2,2) size 198x131
                  RenderTableRow {TR} at (0,2) size 198x87
                    RenderTableCell {TD} at (2,2) size 194x87 [border: (1px solid #C0C0C0)] [r=0 c=0 rs=1 cs=1]
                      RenderTable {TABLE} at (2,2) size 162x35 [border: (2px solid #FF0000)]
                        RenderTableSection {TBODY} at (2,2) size 158x31
                          RenderTableRow {TR} at (0,2) size 158x27
                            RenderTableCell {TD} at (2,2) size 154x27 [border: (1px solid #C0C0C0)] [r=0 c=0 rs=1 cs=1]
                              RenderTextControl {INPUT} at (4,4) size 146x19 [bgcolor=#FFFFFF] [border: (2px inset #000000)]
                              RenderText {#text} at (0,0) size 0x0
                      RenderTable {TABLE} at (2,37) size 190x48 [border: (2px solid #FF0000)]
                        RenderTableSection {TBODY} at (2,2) size 186x44
                          RenderTableRow {TR} at (0,2) size 186x40
                            RenderTableCell {TD} at (2,2) size 182x40 [border: (1px solid #C0C0C0)] [r=0 c=0 rs=1 cs=1]
                              RenderText {#text} at (2,2) size 176x36
                                text run at (2,2) width 176: "THIS TABLE NEEDS TO"
                                text run at (2,20) width 68: "BE HERE"
                  RenderTableRow {TR} at (0,91) size 198x38
                    RenderTableCell {TD} at (2,91) size 194x38 [border: (1px solid #C0C0C0)] [r=1 c=0 rs=1 cs=1]
                      RenderTable {TABLE} at (2,2) size 190x34 [border: (2px solid #FF0000)]
                        RenderTableSection {TBODY} at (2,2) size 186x30
                          RenderTableRow {TR} at (0,2) size 186x26
                            RenderTableCell {TD} at (2,2) size 182x26 [border: (1px solid #C0C0C0)] [r=0 c=0 rs=1 cs=1]
                              RenderMenuList {SELECT} at (4,4) size 174x18 [bgcolor=#FFFFFF]
                                RenderBlock (anonymous) at (0,0) size 174x18
                                  RenderText at (8,2) size 143x13
                                    text run at (8,2) width 143: "USE THIS JAVASCRIPT HERE"
                              RenderText {#text} at (0,0) size 0x0
            RenderTableCell {TD} at (210,2) size 774x40 [border: (1px solid #C0C0C0)] [r=0 c=1 rs=1 cs=1]
              RenderText {#text} at (2,2) size 770x36
                text run at (2,2) width 770: "KEEPoTHEoTEXToHEREoASoLONGoASoPOSSIBLEooKEEPoTHEoTEXToHEREoASoLONGoASoPOSSIBLE"
                text run at (2,20) width 618: "THIS SIMULATES THE PROBLEM ON THE WWW.MAPBLAST.COM/ \"CREATE MAP\""
layer at (31,31) size 140x13
  RenderBlock {DIV} at (3,3) size 140x13
    RenderText {#text} at (0,0) size 127x13
      text run at (0,0) width 127: "THIS NEEDS THIS VALUE"
