layer at (0,0) size 800x600
  RenderView at (0,0) size 800x600
layer at (0,0) size 800x184
  RenderBlock {html} at (0,0) size 800x184
    RenderBlock {parsererror} at (16,16) size 768x134 [bgcolor=#FFDDDD] [border: (2px solid #CC7777)]
      RenderBlock {h3} at (18,20) size 732x22
        RenderText {#text} at (0,0) size 324x22
          text run at (0,0) width 324: "This page contains the following errors:"
      RenderBlock {div} at (18,60) size 732x14
        RenderText {#text} at (0,0) size 385x14
          text run at (0,0) width 385: "error on line 4 at column 13: Entity 'fnof' not defined"
          text run at (385,0) width 0: " "
      RenderBlock {h3} at (18,92) size 732x22
        RenderText {#text} at (0,0) size 429x22
          text run at (0,0) width 429: "Below is a rendering of the page up to the first error."
    RenderBlock (anonymous) at (0,166) size 800x18
      RenderInline {h1} at (0,0) size 0x0
        RenderText {#text} at (0,0) size 0x0
      RenderText {#text} at (0,0) size 0x0
      RenderText {#text} at (0,0) size 0x0
      RenderInline {p} at (0,0) size 489x18
        RenderInline {font} at (0,0) size 489x18
          RenderText {#text} at (0,0) size 489x18
            text run at (0,0) width 263: "This should be the only line on this page. "
            text run at (263,0) width 226: "You should see a parse error above."
      RenderText {#text} at (0,0) size 0x0
