layer at (0,0) size 800x600
  RenderView at (0,0) size 800x600
layer at (0,0) size 800x84
  RenderBlock {html} at (0,0) size 800x84
    RenderBody {body} at (8,16) size 784x52
      RenderBlock {p} at (0,0) size 784x52
        RenderButton {button} at (2,2) size 256x22 [bgcolor=#00FF00] [border: (2px outset #DDDDDD)]
          RenderBlock (anonymous) at (8,3) size 240x16
            RenderText {#text} at (0,0) size 240x16
              text run at (0,0) width 240: "A button (enabled) with green background"
        RenderText {#text} at (260,3) size 4x19
          text run at (260,3) width 4: " "
        RenderBR {br} at (0,0) size 0x0
        RenderTextControl {input} at (2,28) size 249x22 [bgcolor=#00FF00] [border: (2px inset #000000)]
        RenderText {#text} at (0,0) size 0x0
layer at (12,47) size 245x16 scrollWidth 254
  RenderBlock {div} at (2,3) size 245x16
    RenderText {#text} at (0,0) size 253x16
      text run at (0,0) width 253: "a text area (enabled) with green background"
