layer at (0,0) size 800x600
  RenderView at (0,0) size 800x600
layer at (0,0) size 800x600
  RenderBlock {HTML} at (0,0) size 800x600
    RenderBody {BODY} at (8,8) size 784x584
      RenderBlock {P} at (0,0) size 784x20
        RenderText {#text} at (0,0) size 379x19
          text run at (0,0) width 379: "Tests that box shadow is not applied to Aqua-themed controls."
      RenderBlock {P} at (0,36) size 784x20
        RenderText {#text} at (0,0) size 245x19
          text run at (0,0) width 245: "You should not see any red on this page."
      RenderBlock {DIV} at (0,72) size 784x26
        RenderTextControl {INPUT} at (2,2) size 155x22 [bgcolor=#FFFFFF] [border: (2px inset #000000)]
          RenderDeprecatedFlexibleBox {DIV} at (3,3) size 149x16
            RenderBlock {DIV} at (0,2) size 1x12
            RenderBlock {DIV} at (1,0) size 136x16
            RenderBlock {DIV} at (137,3) size 9x10
        RenderText {#text} at (0,0) size 0x0
      RenderBlock {DIV} at (0,98) size 784x26
        RenderTextControl {INPUT} at (2,2) size 155x22 [bgcolor=#FFFFFF] [border: (2px inset #000000)]
          RenderDeprecatedFlexibleBox {DIV} at (3,3) size 149x16
            RenderBlock {DIV} at (2,1) size 13x14
            RenderBlock {DIV} at (18,0) size 119x16
            RenderBlock {DIV} at (137,3) size 9x10
        RenderText {#text} at (0,0) size 0x0
      RenderBlock {DIV} at (0,124) size 784x26
        RenderTextControl {INPUT} at (2,2) size 155x22 [bgcolor=#FFFFFF] [border: (2px inset #000000)]
          RenderDeprecatedFlexibleBox {DIV} at (3,3) size 149x16
            RenderBlock {DIV} at (2,1) size 18x14
            RenderBlock {DIV} at (23,0) size 114x16
            RenderBlock {DIV} at (137,3) size 9x10
        RenderText {#text} at (0,0) size 0x0
      RenderBlock (anonymous) at (0,150) size 784x34
        RenderBlock {INPUT} at (5,11) size 13x13
        RenderText {#text} at (21,9) size 4x19
          text run at (21,9) width 4: " "
        RenderBlock {INPUT} at (29,11) size 13x13
        RenderText {#text} at (45,9) size 4x19
          text run at (45,9) width 4: " "
        RenderSlider {INPUT} at (51,3) size 129x21 [color=#C4C4C4] [bgcolor=#FFFFFF]
          RenderDeprecatedFlexibleBox {DIV} at (0,0) size 129x21
            RenderBlock {DIV} at (0,0) size 118x21
            RenderBlock {DIV} at (118,0) size 11x21
        RenderText {#text} at (182,9) size 4x19
          text run at (182,9) width 4: " "
        RenderFileUploadControl {INPUT} at (188,8) size 238x22 "No file chosen"
          RenderButton {INPUT} at (0,0) size 85x22 [bgcolor=#C0C0C0] [border: (2px outset #C0C0C0)]
            RenderBlock (anonymous) at (8,3) size 69x16
              RenderText at (0,0) size 69x16
                text run at (0,0) width 69: "Choose File"
        RenderText {#text} at (428,9) size 4x19
          text run at (428,9) width 4: " "
        RenderButton {INPUT} at (434,2) size 72x30 [bgcolor=#C0C0C0] [border: (2px outset #C0C0C0)]
          RenderBlock (anonymous) at (8,3) size 56x24
            RenderText at (0,0) size 56x23
              text run at (0,0) width 56: "Button"
        RenderText {#text} at (508,9) size 4x19
          text run at (508,9) width 4: " "
        RenderButton {INPUT} at (514,8) size 54x22 [bgcolor=#C0C0C0] [border: (2px outset #C0C0C0)]
          RenderBlock (anonymous) at (8,3) size 38x16
            RenderText at (0,0) size 38x16
              text run at (0,0) width 38: "Button"
        RenderText {#text} at (570,9) size 4x19
          text run at (570,9) width 4: " "
        RenderButton {INPUT} at (574,16) size 30x12 [bgcolor=#C0C0C0] [border: (2px outset #C0C0C0)]
          RenderBlock (anonymous) at (8,3) size 14x6
            RenderText at (0,0) size 14x6
              text run at (0,0) width 14: "Button"
        RenderText {#text} at (604,9) size 4x19
          text run at (604,9) width 4: " "
        RenderButton {BUTTON} at (610,2) size 72x30 [bgcolor=#C0C0C0] [border: (2px outset #C0C0C0)]
          RenderBlock (anonymous) at (8,3) size 56x24
            RenderText {#text} at (0,0) size 56x23
              text run at (0,0) width 56: "Button"
        RenderText {#text} at (0,0) size 0x0
layer at (14,85) size 136x16
  RenderBlock {DIV} at (0,0) size 136x16
    RenderText {#text} at (0,0) size 41x16
      text run at (0,0) width 41: "Search"
layer at (31,111) size 119x16
  RenderBlock {DIV} at (0,0) size 119x16
layer at (36,137) size 114x16
  RenderBlock {DIV} at (0,0) size 114x16
layer at (118,161) size 11x21
  RenderBlock (relative positioned) {DIV} at (0,0) size 11x21
