layer at (0,0) size 800x600
  RenderView at (0,0) size 800x600
layer at (0,0) size 800x172
  RenderBlock {HTML} at (0,0) size 800x172
    RenderBody {BODY} at (8,8) size 784x156
      RenderBlock {FORM} at (0,0) size 784x156
        RenderTextControl {INPUT} at (0,2) size 304x22 [bgcolor=#FFFFFF] [border: (2px inset #000000)]
        RenderBR {BR} at (304,3) size 0x19
        RenderTextControl {INPUT} at (0,28) size 304x22 [bgcolor=#FFFFFF] [border: (2px inset #000000)]
        RenderBR {BR} at (304,29) size 0x19
        RenderTextControl {INPUT} at (0,54) size 304x22 [bgcolor=#FFFFFF] [border: (2px inset #000000)]
        RenderBR {BR} at (304,55) size 0x19
        RenderTextControl {INPUT} at (0,80) size 304x22 [bgcolor=#FFFFFF] [border: (2px inset #000000)]
        RenderBR {BR} at (304,81) size 0x19
        RenderTextControl {INPUT} at (0,106) size 304x22 [bgcolor=#FFFFFF] [border: (2px inset #000000)]
        RenderBR {BR} at (304,107) size 0x19
        RenderTextControl {INPUT} at (0,132) size 304x22 [bgcolor=#FFFFFF] [border: (2px inset #000000)]
        RenderBR {BR} at (304,133) size 0x19
layer at (10,13) size 285x16
  RenderBlock {DIV} at (2,3) size 285x16
    RenderText {#text} at (1,0) size 64x16
      text run at (1,0) width 64: "2011-04-27"
layer at (10,39) size 285x16
  RenderBlock {DIV} at (2,3) size 285x16
    RenderText {#text} at (1,0) size 153x16
      text run at (1,0) width 153: "2011-04-27T01:56:20.391Z"
layer at (10,65) size 285x16
  RenderBlock {DIV} at (2,3) size 285x16
    RenderText {#text} at (1,0) size 146x16
      text run at (1,0) width 146: "2011-04-27T01:56:20.391"
layer at (10,91) size 285x16
  RenderBlock {DIV} at (2,3) size 285x16
    RenderText {#text} at (1,0) size 46x16
      text run at (1,0) width 46: "2011-04"
layer at (10,117) size 285x16
  RenderBlock {DIV} at (2,3) size 285x16
    RenderText {#text} at (1,0) size 75x16
      text run at (1,0) width 75: "01:56:20.391"
layer at (10,143) size 285x16
  RenderBlock {DIV} at (2,3) size 285x16
    RenderText {#text} at (1,0) size 59x16
      text run at (1,0) width 59: "2011-W17"
layer at (295,12) size 15x18
  RenderBlock (relative positioned) {DIV} at (287,2) size 15x18
layer at (295,38) size 15x18
  RenderBlock (relative positioned) {DIV} at (287,2) size 15x18
layer at (295,64) size 15x18
  RenderBlock (relative positioned) {DIV} at (287,2) size 15x18
layer at (295,90) size 15x18
  RenderBlock (relative positioned) {DIV} at (287,2) size 15x18
layer at (295,116) size 15x18
  RenderBlock (relative positioned) {DIV} at (287,2) size 15x18
layer at (295,142) size 15x18
  RenderBlock (relative positioned) {DIV} at (287,2) size 15x18
