layer at (0,0) size 785x1470
  RenderView at (0,0) size 785x600
layer at (0,0) size 785x1470
  RenderBlock {HTML} at (0,0) size 785x1470
    RenderBody {BODY} at (8,8) size 769x1447
      RenderBlock {P} at (0,0) size 769x20
        RenderText {#text} at (0,0) size 101x19
          text run at (0,0) width 101: "Legend align test"
      RenderFieldSet {FIELDSET} at (2,36) size 765x63 [border: (2px groove #C0C0C0)]
        RenderBlock {LEGEND} at (14,0) size 96x20
          RenderText {#text} at (2,0) size 92x19
            text run at (2,0) width 92: "My Legend left"
        RenderBlock (anonymous) at (14,25) size 737x26
          RenderTextControl {INPUT} at (2,2) size 155x22 [bgcolor=#FFFFFF] [border: (2px inset #000000)]
          RenderText {#text} at (0,0) size 0x0
      RenderFieldSet {FIELDSET} at (2,99) size 765x63 [border: (2px groove #C0C0C0)]
        RenderBlock {LEGEND} at (325,0) size 115x20
          RenderText {#text} at (2,0) size 111x19
            text run at (2,0) width 111: "My Legend center"
        RenderBlock (anonymous) at (14,25) size 737x26
          RenderTextControl {INPUT} at (2,2) size 155x22 [bgcolor=#FFFFFF] [border: (2px inset #000000)]
          RenderText {#text} at (0,0) size 0x0
      RenderFieldSet {FIELDSET} at (2,162) size 765x63 [border: (2px groove #C0C0C0)]
        RenderBlock {LEGEND} at (647,0) size 104x20
          RenderText {#text} at (2,0) size 100x19
            text run at (2,0) width 100: "My Legend right"
        RenderBlock (anonymous) at (14,25) size 737x26
          RenderTextControl {INPUT} at (2,2) size 155x22 [bgcolor=#FFFFFF] [border: (2px inset #000000)]
          RenderText {#text} at (0,0) size 0x0
      RenderFieldSet {FIELDSET} at (2,225) size 765x63 [border: (2px groove #C0C0C0)]
        RenderBlock {LEGEND} at (14,0) size 118x20
          RenderText {#text} at (2,0) size 114x19
            text run at (2,0) width 114: "My Legend default"
        RenderBlock (anonymous) at (14,25) size 737x26
          RenderTextControl {INPUT} at (2,2) size 155x22 [bgcolor=#FFFFFF] [border: (2px inset #000000)]
          RenderText {#text} at (0,0) size 0x0
      RenderBlock {HR} at (0,296) size 769x2 [border: (1px inset #000000)]
      RenderBlock {P} at (0,314) size 769x20
        RenderText {#text} at (0,0) size 137x19
          text run at (0,0) width 137: "Legend align test, RTL"
      RenderBlock (anonymous) at (0,350) size 769x0
        RenderInline {SPAN} at (0,0) size 0x0
          RenderText {#text} at (0,0) size 0x0
      RenderBlock (anonymous) at (0,350) size 769x252
        RenderFieldSet {FIELDSET} at (2,0) size 765x63 [border: (2px groove #C0C0C0)]
          RenderBlock {LEGEND} at (14,0) size 96x20
            RenderText {#text} at (2,0) size 92x19
              text run at (2,0) width 92: "My Legend left"
          RenderBlock (anonymous) at (14,25) size 737x26
            RenderTextControl {INPUT} at (580,2) size 155x22 [bgcolor=#FFFFFF] [border: (2px inset #000000)]
            RenderText {#text} at (0,0) size 0x0
        RenderFieldSet {FIELDSET} at (2,63) size 765x63 [border: (2px groove #C0C0C0)]
          RenderBlock {LEGEND} at (325,0) size 115x20
            RenderText {#text} at (2,0) size 111x19
              text run at (2,0) width 111: "My Legend center"
          RenderBlock (anonymous) at (14,25) size 737x26
            RenderTextControl {INPUT} at (580,2) size 155x22 [bgcolor=#FFFFFF] [border: (2px inset #000000)]
            RenderText {#text} at (0,0) size 0x0
        RenderFieldSet {FIELDSET} at (2,126) size 765x63 [border: (2px groove #C0C0C0)]
          RenderBlock {LEGEND} at (647,0) size 104x20
            RenderText {#text} at (2,0) size 100x19
              text run at (2,0) width 100: "My Legend right"
          RenderBlock (anonymous) at (14,25) size 737x26
            RenderTextControl {INPUT} at (580,2) size 155x22 [bgcolor=#FFFFFF] [border: (2px inset #000000)]
            RenderText {#text} at (0,0) size 0x0
        RenderFieldSet {FIELDSET} at (2,189) size 765x63 [border: (2px groove #C0C0C0)]
          RenderBlock {LEGEND} at (633,0) size 118x20
            RenderText {#text} at (2,0) size 114x19
              text run at (2,0) width 114: "My Legend default"
          RenderBlock (anonymous) at (14,25) size 737x26
            RenderTextControl {INPUT} at (580,2) size 155x22 [bgcolor=#FFFFFF] [border: (2px inset #000000)]
            RenderText {#text} at (0,0) size 0x0
      RenderBlock (anonymous) at (0,602) size 769x0
        RenderInline {SPAN} at (0,0) size 0x0
        RenderText {#text} at (0,0) size 0x0
      RenderBlock {HR} at (0,610) size 769x2 [border: (1px inset #000000)]
      RenderBlock {P} at (0,628) size 769x20
        RenderText {#text} at (0,0) size 252x19
          text run at (0,0) width 252: "Legend align test with margin and padding"
      RenderFieldSet {FIELDSET} at (15,664) size 739x78 [border: (2px groove #C0C0C0)]
        RenderBlock {LEGEND} at (17,0) size 96x20
          RenderText {#text} at (2,0) size 92x19
            text run at (2,0) width 92: "My Legend left"
        RenderBlock (anonymous) at (17,35) size 705x26
          RenderTextControl {INPUT} at (2,2) size 155x22 [bgcolor=#FFFFFF] [border: (2px inset #000000)]
          RenderText {#text} at (0,0) size 0x0
      RenderFieldSet {FIELDSET} at (15,757) size 739x78 [border: (2px groove #C0C0C0)]
        RenderBlock {LEGEND} at (312,0) size 115x20
          RenderText {#text} at (2,0) size 111x19
            text run at (2,0) width 111: "My Legend center"
        RenderBlock (anonymous) at (17,35) size 705x26
          RenderTextControl {INPUT} at (2,2) size 155x22 [bgcolor=#FFFFFF] [border: (2px inset #000000)]
          RenderText {#text} at (0,0) size 0x0
      RenderFieldSet {FIELDSET} at (15,850) size 739x78 [border: (2px groove #C0C0C0)]
        RenderBlock {LEGEND} at (618,0) size 104x20
          RenderText {#text} at (2,0) size 100x19
            text run at (2,0) width 100: "My Legend right"
        RenderBlock (anonymous) at (17,35) size 705x26
          RenderTextControl {INPUT} at (2,2) size 155x22 [bgcolor=#FFFFFF] [border: (2px inset #000000)]
          RenderText {#text} at (0,0) size 0x0
      RenderFieldSet {FIELDSET} at (15,943) size 739x78 [border: (2px groove #C0C0C0)]
        RenderBlock {LEGEND} at (17,0) size 118x20
          RenderText {#text} at (2,0) size 114x19
            text run at (2,0) width 114: "My Legend default"
        RenderBlock (anonymous) at (17,35) size 705x26
          RenderTextControl {INPUT} at (2,2) size 155x22 [bgcolor=#FFFFFF] [border: (2px inset #000000)]
          RenderText {#text} at (0,0) size 0x0
      RenderBlock {HR} at (0,1036) size 769x2 [border: (1px inset #000000)]
      RenderBlock {P} at (0,1054) size 769x20
        RenderText {#text} at (0,0) size 288x19
          text run at (0,0) width 288: "Legend align test with margin and padding, RTL"
      RenderBlock (anonymous) at (0,1090) size 769x0
        RenderInline {SPAN} at (0,0) size 0x0
          RenderText {#text} at (0,0) size 0x0
      RenderBlock (anonymous) at (0,1090) size 769x357
        RenderFieldSet {FIELDSET} at (15,0) size 739x78 [border: (2px groove #C0C0C0)]
          RenderBlock {LEGEND} at (17,0) size 96x20
            RenderText {#text} at (2,0) size 92x19
              text run at (2,0) width 92: "My Legend left"
          RenderBlock (anonymous) at (17,35) size 705x26
            RenderTextControl {INPUT} at (548,2) size 155x22 [bgcolor=#FFFFFF] [border: (2px inset #000000)]
            RenderText {#text} at (0,0) size 0x0
        RenderFieldSet {FIELDSET} at (15,93) size 739x78 [border: (2px groove #C0C0C0)]
          RenderBlock {LEGEND} at (312,0) size 115x20
            RenderText {#text} at (2,0) size 111x19
              text run at (2,0) width 111: "My Legend center"
          RenderBlock (anonymous) at (17,35) size 705x26
            RenderTextControl {INPUT} at (548,2) size 155x22 [bgcolor=#FFFFFF] [border: (2px inset #000000)]
            RenderText {#text} at (0,0) size 0x0
        RenderFieldSet {FIELDSET} at (15,186) size 739x78 [border: (2px groove #C0C0C0)]
          RenderBlock {LEGEND} at (618,0) size 104x20
            RenderText {#text} at (2,0) size 100x19
              text run at (2,0) width 100: "My Legend right"
          RenderBlock (anonymous) at (17,35) size 705x26
            RenderTextControl {INPUT} at (548,2) size 155x22 [bgcolor=#FFFFFF] [border: (2px inset #000000)]
            RenderText {#text} at (0,0) size 0x0
        RenderFieldSet {FIELDSET} at (15,279) size 739x78 [border: (2px groove #C0C0C0)]
          RenderBlock {LEGEND} at (604,0) size 118x20
            RenderText {#text} at (2,0) size 114x19
              text run at (2,0) width 114: "My Legend default"
          RenderBlock (anonymous) at (17,35) size 705x26
            RenderTextControl {INPUT} at (548,2) size 155x22 [bgcolor=#FFFFFF] [border: (2px inset #000000)]
            RenderText {#text} at (0,0) size 0x0
      RenderBlock (anonymous) at (0,1462) size 769x0
        RenderInline {SPAN} at (0,0) size 0x0
        RenderText {#text} at (0,0) size 0x0
layer at (28,74) size 151x16
  RenderBlock {DIV} at (2,3) size 151x16
layer at (28,137) size 151x16
  RenderBlock {DIV} at (2,3) size 151x16
layer at (28,200) size 151x16
  RenderBlock {DIV} at (2,3) size 151x16
layer at (28,263) size 151x16
  RenderBlock {DIV} at (2,3) size 151x16
layer at (606,388) size 151x16
  RenderBlock {DIV} at (2,3) size 151x16
layer at (606,451) size 151x16
  RenderBlock {DIV} at (2,3) size 151x16
layer at (606,514) size 151x16
  RenderBlock {DIV} at (2,3) size 151x16
layer at (606,577) size 151x16
  RenderBlock {DIV} at (2,3) size 151x16
layer at (44,712) size 151x16
  RenderBlock {DIV} at (2,3) size 151x16
layer at (44,805) size 151x16
  RenderBlock {DIV} at (2,3) size 151x16
layer at (44,898) size 151x16
  RenderBlock {DIV} at (2,3) size 151x16
layer at (44,991) size 151x16
  RenderBlock {DIV} at (2,3) size 151x16
layer at (590,1138) size 151x16
  RenderBlock {DIV} at (2,3) size 151x16
layer at (590,1231) size 151x16
  RenderBlock {DIV} at (2,3) size 151x16
layer at (590,1324) size 151x16
  RenderBlock {DIV} at (2,3) size 151x16
layer at (590,1417) size 151x16
  RenderBlock {DIV} at (2,3) size 151x16
