layer at (0,0) size 800x600
  RenderView at (0,0) size 800x600
layer at (0,0) size 800x600
  RenderBlock {HTML} at (0,0) size 800x600
    RenderBody {BODY} at (8,8) size 784x584
      RenderBlock (anonymous) at (0,0) size 784x86
        RenderText {#text} at (0,0) size 759x39
          text run at (0,0) width 759: "This test checks that undoing a paste into an empty text field doesn't cause it to collapse vertically. When running manually, you"
          text run at (0,20) width 200: "have to paste and undo by hand. "
        RenderBR {BR} at (200,35) size 0x0
        RenderBR {BR} at (0,40) size 0x19
        RenderTextControl {INPUT} at (2,62) size 155x22 [bgcolor=#FFFFFF] [border: (2px inset #000000)]
        RenderText {#text} at (0,0) size 0x0
      RenderBlock {DIV} at (0,86) size 784x20
        RenderText {#text} at (0,0) size 79x19
          text run at (0,0) width 79: "Text to paste"
      RenderBlock {DIV} at (0,106) size 784x0
layer at (12,73) size 151x16
  RenderBlock {DIV} at (2,3) size 151x16
caret: position 0 of child 0 {DIV} of child 4 {INPUT} of body
