layer at (0,0) size 800x600
  RenderView at (0,0) size 800x600
layer at (0,0) size 800x600
  RenderBlock {HTML} at (0,0) size 800x600
    RenderBody {BODY} at (8,8) size 784x584
      RenderBlock {DIV} at (0,0) size 784x276
        RenderTextControl {INPUT} at (0,2) size 500x42 [bgcolor=#FFFFFF] [border: (2px inset #000000)]
        RenderBR {BR} at (500,33) size 0x0
        RenderTextControl {INPUT} at (0,48) size 500x42 [bgcolor=#FFFFFF] [border: (2px inset #000000)]
        RenderBR {BR} at (500,79) size 0x0
        RenderTextControl {INPUT} at (0,94) size 500x42 [bgcolor=#FFFFFF] [border: (2px inset #000000)]
        RenderBR {BR} at (500,125) size 0x0
        RenderTextControl {INPUT} at (0,140) size 500x42 [bgcolor=#FFFFFF] [border: (2px inset #000000)]
        RenderBR {BR} at (500,171) size 0x0
        RenderTextControl {INPUT} at (0,186) size 500x42 [bgcolor=#FFFFFF] [border: (2px inset #000000)]
        RenderBR {BR} at (500,217) size 0x0
        RenderTextControl {INPUT} at (0,232) size 500x42 [bgcolor=#FFFFFF] [border: (2px inset #000000)]
        RenderBR {BR} at (500,263) size 0x0
      RenderBlock {DIV} at (0,276) size 784x276
        RenderTextControl {INPUT} at (284,2) size 500x42 [bgcolor=#FFFFFF] [border: (2px inset #000000)]
        RenderBR {BR} at (284,33) size 0x0
        RenderTextControl {INPUT} at (284,48) size 500x42 [bgcolor=#FFFFFF] [border: (2px inset #000000)]
        RenderBR {BR} at (284,79) size 0x0
        RenderTextControl {INPUT} at (284,94) size 500x42 [bgcolor=#FFFFFF] [border: (2px inset #000000)]
        RenderBR {BR} at (284,125) size 0x0
        RenderTextControl {INPUT} at (284,140) size 500x42 [bgcolor=#FFFFFF] [border: (2px inset #000000)]
        RenderBR {BR} at (284,171) size 0x0
        RenderTextControl {INPUT} at (284,186) size 500x42 [bgcolor=#FFFFFF] [border: (2px inset #000000)]
        RenderBR {BR} at (284,217) size 0x0
        RenderTextControl {INPUT} at (284,232) size 500x42 [bgcolor=#FFFFFF] [border: (2px inset #000000)]
        RenderBR {BR} at (284,263) size 0x0
layer at (10,13) size 496x36
  RenderBlock {DIV} at (2,3) size 496x36
layer at (10,59) size 496x36
  RenderBlock {DIV} at (2,3) size 496x36
layer at (10,105) size 496x36
  RenderBlock {DIV} at (2,3) size 496x36
layer at (10,151) size 496x36
  RenderBlock {DIV} at (2,3) size 496x36
layer at (10,197) size 496x36
  RenderBlock {DIV} at (2,3) size 496x36
layer at (10,243) size 496x36
  RenderBlock {DIV} at (2,3) size 496x36
layer at (294,289) size 496x36
  RenderBlock {DIV} at (2,3) size 496x36
layer at (294,335) size 496x36
  RenderBlock {DIV} at (2,3) size 496x36
layer at (294,381) size 496x36
  RenderBlock {DIV} at (2,3) size 496x36
layer at (294,427) size 496x36
  RenderBlock {DIV} at (2,3) size 496x36
layer at (294,473) size 496x36
  RenderBlock {DIV} at (2,3) size 496x36
layer at (294,519) size 496x36
  RenderBlock {DIV} at (2,3) size 496x36
layer at (10,13) size 496x36
  RenderBlock (relative positioned) {DIV} at (2,3) size 496x36 [color=#A9A9A9]
    RenderText {#text} at (1,0) size 154x35
      text run at (1,0) width 154: "placeholder"
layer at (10,59) size 496x36
  RenderBlock (relative positioned) {DIV} at (2,3) size 496x36 [color=#A9A9A9]
    RenderText {#text} at (1,0) size 154x35
      text run at (1,0) width 154: "placeholder"
layer at (10,105) size 496x36
  RenderBlock (relative positioned) {DIV} at (2,3) size 496x36 [color=#A9A9A9]
    RenderText {#text} at (11,0) size 154x35
      text run at (11,0) width 154: "placeholder"
layer at (10,151) size 496x36
  RenderBlock (relative positioned) {DIV} at (2,3) size 496x36 [color=#A9A9A9]
    RenderText {#text} at (201,0) size 154x35
      text run at (201,0) width 154: "placeholder"
layer at (10,197) size 496x36
  RenderBlock (relative positioned) {DIV} at (2,3) size 496x36 [color=#A9A9A9]
    RenderText {#text} at (-9,0) size 154x35
      text run at (-9,0) width 154: "placeholder"
layer at (10,243) size 496x36
  RenderBlock (relative positioned) {DIV} at (2,3) size 496x36 [color=#A9A9A9]
    RenderText {#text} at (249,0) size 154x35
      text run at (249,0) width 154: "placeholder"
layer at (294,289) size 496x36
  RenderBlock (relative positioned) {DIV} at (2,3) size 496x36 [color=#A9A9A9]
    RenderText {#text} at (341,0) size 154x35
      text run at (341,0) width 154: "placeholder"
layer at (294,335) size 496x36
  RenderBlock (relative positioned) {DIV} at (2,3) size 496x36 [color=#A9A9A9]
    RenderText {#text} at (341,0) size 154x35
      text run at (341,0) width 154: "placeholder"
layer at (294,381) size 496x36
  RenderBlock (relative positioned) {DIV} at (2,3) size 496x36 [color=#A9A9A9]
    RenderText {#text} at (331,0) size 154x35
      text run at (331,0) width 154: "placeholder"
layer at (294,427) size 496x36
  RenderBlock (relative positioned) {DIV} at (2,3) size 496x36 [color=#A9A9A9]
    RenderText {#text} at (141,0) size 154x35
      text run at (141,0) width 154: "placeholder"
layer at (294,473) size 496x36
  RenderBlock (relative positioned) {DIV} at (2,3) size 496x36 [color=#A9A9A9]
    RenderText {#text} at (351,0) size 154x35
      text run at (351,0) width 154: "placeholder"
layer at (294,519) size 496x36
  RenderBlock (relative positioned) {DIV} at (2,3) size 496x36 [color=#A9A9A9]
    RenderText {#text} at (93,0) size 154x35
      text run at (93,0) width 154: "placeholder"
