layer at (0,0) size 800x600
  RenderView at (0,0) size 800x600
layer at (0,0) size 800x42
  RenderBlock {HTML} at (0,0) size 800x42
    RenderBody {BODY} at (8,8) size 784x26
      RenderTextControl {INPUT} at (2,2) size 155x22 [bgcolor=#FFFFFF] [border: (2px inset #000000)]
        RenderDeprecatedFlexibleBox {DIV} at (2,3) size 151x16
          RenderBlock {DIV} at (0,0) size 136x16
      RenderText {#text} at (159,3) size 4x19
        text run at (159,3) width 4: " "
      RenderTextControl {INPUT} at (165,2) size 155x22 [bgcolor=#FFFFFF] [border: (2px inset #000000)]
        RenderDeprecatedFlexibleBox {DIV} at (2,3) size 151x16
          RenderBlock {DIV} at (0,0) size 136x16
      RenderText {#text} at (0,0) size 0x0
layer at (12,13) size 136x16
  RenderBlock {DIV} at (0,0) size 136x16
layer at (175,13) size 136x16
  RenderBlock {DIV} at (0,0) size 136x16
layer at (148,12) size 15x18
  RenderBlock (relative positioned) {DIV} at (136,-1) size 15x18
