layer at (0,0) size 800x600
  RenderView at (0,0) size 800x600
layer at (0,0) size 800x600
  RenderBlock {HTML} at (0,0) size 800x600
    RenderBody {BODY} at (8,8) size 784x584
      RenderText {#text} at (0,0) size 328x19
        text run at (0,0) width 328: "This tests that the new text fields use the correct width."
      RenderBR {BR} at (328,15) size 0x0
      RenderTextControl {INPUT} at (2,22) size 155x22 [bgcolor=#FFFFFF] [border: (2px inset #000000)]
      RenderBR {BR} at (159,38) size 0x0
      RenderTextControl {INPUT} at (0,48) size 200x22 [bgcolor=#FFFFFF] [border: (2px inset #000000)]
      RenderBR {BR} at (200,64) size 0x0
      RenderTextControl {INPUT} at (2,74) size 335x22 [bgcolor=#FFFFFF] [border: (2px inset #000000)]
      RenderBR {BR} at (339,90) size 0x0
      RenderTextControl {INPUT} at (0,100) size 200x22 [bgcolor=#FFFFFF] [border: (2px inset #000000)]
      RenderBR {BR} at (200,116) size 0x0
      RenderTextControl {INPUT} at (2,126) size 95x22 [bgcolor=#FFFFFF] [border: (2px inset #000000)]
      RenderBR {BR} at (99,142) size 0x0
layer at (12,33) size 151x16
  RenderBlock {DIV} at (2,3) size 151x16
layer at (10,59) size 196x16
  RenderBlock {DIV} at (2,3) size 196x16
    RenderText {#text} at (1,0) size 108x16
      text run at (1,0) width 108: "styled width 200px"
layer at (12,85) size 331x16
  RenderBlock {DIV} at (2,3) size 331x16
    RenderText {#text} at (1,0) size 42x16
      text run at (1,0) width 42: "size 50"
layer at (10,111) size 196x16
  RenderBlock {DIV} at (2,3) size 196x16
    RenderText {#text} at (1,0) size 171x16
      text run at (1,0) width 171: "styled width 200px & size=10"
layer at (12,137) size 91x16
  RenderBlock {DIV} at (2,3) size 91x16
    RenderText {#text} at (1,0) size 42x16
      text run at (1,0) width 42: "size 10"
