layer at (0,0) size 800x600
  RenderView at (0,0) size 800x600
layer at (0,0) size 800x600
  RenderBlock {HTML} at (0,0) size 800x600
    RenderBody {BODY} at (8,8) size 784x584
      RenderText {#text} at (0,0) size 544x19
        text run at (0,0) width 544: "This tests that background color and background images can be set on the new text fields. "
      RenderBR {BR} at (544,15) size 0x0
      RenderTextControl {INPUT} at (2,22) size 153x22 [bgcolor=#FFC0CB] [border: (2px inset #000000)]
      RenderText {#text} at (157,23) size 4x19
        text run at (157,23) width 4: " "
      RenderBR {BR} at (161,38) size 0x0
      RenderTextControl {INPUT} at (2,48) size 153x22 [bgcolor=#FFFFFF] [border: (2px inset #000000)]
      RenderText {#text} at (0,0) size 0x0
layer at (12,33) size 149x16
  RenderBlock {DIV} at (2,3) size 149x16
    RenderText {#text} at (0,0) size 116x16
      text run at (0,0) width 116: "This should be pink."
layer at (12,59) size 149x16
  RenderBlock {DIV} at (2,3) size 149x16
