layer at (0,0) size 800x600
  RenderView at (0,0) size 800x600
layer at (0,0) size 800x600
  RenderBlock {HTML} at (0,0) size 800x600
    RenderBody {BODY} at (8,8) size 784x576
      RenderBlock {P} at (0,0) size 784x20
        RenderText {#text} at (0,0) size 30x19
          text run at (0,0) width 30: "Test "
        RenderInline {TT} at (0,0) size 72x16
          RenderText {#text} at (30,3) size 72x16
            text run at (30,3) width 72: "<isindex>"
        RenderText {#text} at (102,0) size 119x19
          text run at (102,0) width 119: " placeholder styling."
      RenderBlock (anonymous) at (0,36) size 784x20
        RenderText {#text} at (0,0) size 218x19
          text run at (0,0) width 218: "The placeholder text should be gray:"
      RenderBlock {FORM} at (0,64) size 784x46
        RenderBlock {HR} at (0,0) size 784x2 [border: (1px inset #000000)]
        RenderBlock (anonymous) at (0,10) size 784x26
          RenderInline {LABEL} at (0,0) size 466x19
            RenderText {#text} at (0,3) size 307x19
              text run at (0,3) width 307: "This is a searchable index. Enter search keywords: "
            RenderTextControl {INPUT} at (309,2) size 155x22 [bgcolor=#FFFFFF] [border: (2px inset #000000)]
        RenderBlock {HR} at (0,44) size 784x2 [border: (1px inset #000000)]
      RenderBlock (anonymous) at (0,126) size 784x20
        RenderText {#text} at (0,0) size 225x19
          text run at (0,0) width 225: "The placeholder text should be green:"
      RenderBlock {FORM} at (0,154) size 784x46
        RenderBlock {HR} at (0,0) size 784x2 [border: (1px inset #000000)]
        RenderBlock (anonymous) at (0,10) size 784x26
          RenderInline {LABEL} at (0,0) size 466x19
            RenderText {#text} at (0,3) size 307x19
              text run at (0,3) width 307: "This is a searchable index. Enter search keywords: "
            RenderTextControl {INPUT} at (309,2) size 155x22 [bgcolor=#FFFFFF] [border: (2px inset #000000)]
        RenderBlock {HR} at (0,44) size 784x2 [border: (1px inset #000000)]
layer at (319,87) size 151x16
  RenderBlock {DIV} at (2,3) size 151x16
layer at (319,177) size 151x16
  RenderBlock {DIV} at (2,3) size 151x16
layer at (319,87) size 151x16
  RenderBlock (relative positioned) {DIV} at (2,3) size 151x16 [color=#A9A9A9]
    RenderText {#text} at (1,0) size 66x16
      text run at (1,0) width 66: "placeholder"
layer at (319,177) size 151x16
  RenderBlock (relative positioned) {DIV} at (2,3) size 151x16 [color=#008000]
    RenderText {#text} at (1,0) size 66x16
      text run at (1,0) width 66: "placeholder"
