layer at (0,0) size 800x600
  RenderView at (0,0) size 800x600
layer at (0,0) size 800x600
  RenderBlock {HTML} at (0,0) size 800x600
    RenderBody {BODY} at (8,8) size 784x584
      RenderText {#text} at (0,0) size 613x19
        text run at (0,0) width 613: "This tests that the text security mode switches correctly when the placeholder appears and disappears."
      RenderBR {BR} at (613,15) size 0x0
      RenderText {#text} at (0,23) size 339x19
        text run at (0,23) width 339: "Leave field 1 alone. It should show the placeholder text: "
      RenderTextControl {INPUT} at (341,22) size 155x22 [bgcolor=#FFFFFF] [border: (2px inset #000000)]
      RenderBR {BR} at (498,38) size 0x0
      RenderText {#text} at (0,49) size 389x19
        text run at (0,49) width 142: "Focus field 2 and type. "
        text run at (142,49) width 247: "It should show bullets for the password.: "
      RenderTextControl {INPUT} at (391,48) size 155x22 [bgcolor=#FFFFFF] [border: (2px inset #000000)]
      RenderBR {BR} at (548,64) size 0x0
      RenderText {#text} at (0,75) size 561x19
        text run at (0,75) width 142: "Focus field 3 and type. "
        text run at (142,75) width 202: "Clear the value and blur the field. "
        text run at (344,75) width 217: "It should show the placeholder text: "
      RenderTextControl {INPUT} at (563,74) size 155x22 [bgcolor=#FFFFFF] [border: (2px inset #000000)]
      RenderBR {BR} at (720,90) size 0x0
layer at (351,33) size 151x16
  RenderBlock {DIV} at (2,3) size 151x16
layer at (401,59) size 151x16
  RenderBlock {DIV} at (2,3) size 151x16
    RenderText {#text} at (1,0) size 20x16
      text run at (1,0) width 20: "\x{2022}\x{2022}\x{2022}\x{2022}"
layer at (573,85) size 151x16
  RenderBlock {DIV} at (2,3) size 151x16
layer at (351,33) size 151x16
  RenderBlock (relative positioned) {DIV} at (2,3) size 151x16 [color=#A9A9A9]
    RenderText {#text} at (1,0) size 66x16
      text run at (1,0) width 66: "placeholder"
layer at (573,85) size 151x16
  RenderBlock (relative positioned) {DIV} at (2,3) size 151x16 [color=#A9A9A9]
    RenderText {#text} at (1,0) size 66x16
      text run at (1,0) width 66: "placeholder"
