layer at (0,0) size 800x600
  RenderView at (0,0) size 800x600
layer at (0,0) size 800x226
  RenderBlock {HTML} at (0,0) size 800x226
    RenderBody {BODY} at (8,16) size 784x202
      RenderBlock {P} at (0,0) size 784x40
        RenderText {#text} at (0,0) size 715x39
          text run at (0,0) width 715: "CR and LF in placeholder values should be stripped. The first input element and the first textarea element should have a"
          text run at (0,20) width 706: "placeholder \"first line second line\", and the second input element and the second textarea element should have nothing."
      RenderBlock (anonymous) at (0,56) size 784x146
        RenderTextControl {INPUT} at (2,2) size 155x22 [bgcolor=#FFFFFF] [border: (2px inset #000000)]
        RenderBR {BR} at (159,3) size 0x19
        RenderTextControl {INPUT} at (2,28) size 155x22 [bgcolor=#FFFFFF] [border: (2px inset #000000)]
        RenderBR {BR} at (159,29) size 0x19
        RenderBR {BR} at (185,79) size 0x19
        RenderText {#text} at (0,0) size 0x0
layer at (12,77) size 151x16
  RenderBlock {DIV} at (2,3) size 151x16
layer at (12,103) size 151x16
  RenderBlock {DIV} at (2,3) size 151x16
layer at (10,126) size 181x38 clip at (11,127) size 179x36
  RenderTextControl {TEXTAREA} at (2,54) size 181x38 [bgcolor=#FFFFFF] [border: (1px solid #000000)]
    RenderBlock {DIV} at (3,3) size 175x16
layer at (10,173) size 181x38 clip at (11,174) size 179x36
  RenderTextControl {TEXTAREA} at (2,101) size 181x38 [bgcolor=#FFFFFF] [border: (1px solid #000000)]
    RenderBlock {DIV} at (3,3) size 175x16
layer at (12,77) size 151x16
  RenderBlock (relative positioned) {DIV} at (2,3) size 151x16 [color=#A9A9A9]
    RenderText {#text} at (1,0) size 115x16
      text run at (1,0) width 115: "first line second line"
layer at (13,129) size 175x32
  RenderBlock (relative positioned) {DIV} at (3,3) size 175x32 [color=#A9A9A9]
    RenderText {#text} at (0,0) size 144x32
      text run at (0,0) width 136: "first line second"
      text run at (136,0) width 8: " "
      text run at (0,16) width 32: "line"
