layer at (0,0) size 800x600
  RenderView at (0,0) size 800x600
layer at (0,0) size 800x600
  RenderBlock {HTML} at (0,0) size 800x600
    RenderBody {BODY} at (8,8) size 784x584
      RenderTextControl {INPUT} at (2,2) size 157x22 [bgcolor=#FFFFFF] [border: (2px inset #000000)]
        RenderDeprecatedFlexibleBox {DIV} at (3,3) size 151x16
          RenderBlock {DIV} at (0,2) size 1x11
          RenderBlock {DIV} at (1,0) size 138x16
          RenderBlock {DIV} at (139,3) size 9x9
      RenderBR {BR} at (161,18) size 0x0
      RenderTextControl {INPUT} at (2,28) size 155x22 [bgcolor=#FFFFFF] [border: (2px inset #000000)]
      RenderBR {BR} at (159,44) size 0x0
      RenderTextControl {INPUT} at (2,54) size 157x22 [bgcolor=#FFFFFF] [border: (2px inset #000000)]
        RenderDeprecatedFlexibleBox {DIV} at (3,3) size 151x16
          RenderBlock {DIV} at (0,2) size 1x11
          RenderBlock {DIV} at (1,0) size 138x16
          RenderBlock {DIV} at (139,3) size 9x9
      RenderBR {BR} at (161,70) size 0x0
      RenderTextControl {INPUT} at (2,80) size 157x22 [bgcolor=#FFFFFF] [border: (2px inset #000000)]
        RenderDeprecatedFlexibleBox {DIV} at (3,3) size 151x16
          RenderBlock {DIV} at (2,1) size 18x13
          RenderBlock {DIV} at (23,0) size 116x16
          RenderBlock {DIV} at (139,3) size 9x9
      RenderBR {BR} at (161,96) size 0x0
      RenderBR {BR} at (183,144) size 0x0
      RenderTextControl {INPUT} at (2,146) size 155x36 [bgcolor=#FFFFFF] [border: (2px inset #000000)]
      RenderBR {BR} at (159,162) size 0x0
      RenderBR {BR} at (183,237) size 0x0
      RenderTextControl {INPUT} at (5,242) size 185x29 [bgcolor=#FFFFFF] [border: (5px solid #000000)]
      RenderBR {BR} at (195,262) size 0x0
      RenderTextControl {INPUT} at (2,278) size 155x31 [bgcolor=#FFFFFF] [border: (2px inset #000000)]
      RenderText {#text} at (159,283) size 4x19
        text run at (159,283) width 4: " "
      RenderTextControl {INPUT} at (165,278) size 155x31 [bgcolor=#FFFFFF] [border: (2px inset #000000)]
      RenderText {#text} at (322,283) size 4x19
        text run at (322,283) width 4: " "
      RenderBR {BR} at (326,298) size 0x0
      RenderTextControl {INPUT} at (2,313) size 155x22 [bgcolor=#FFFFFF] [border: (2px inset #000000)]
      RenderText {#text} at (159,314) size 4x19
        text run at (159,314) width 4: " "
      RenderTextControl {INPUT} at (165,313) size 155x22 [bgcolor=#FFFFFF] [border: (2px inset #000000)]
      RenderText {#text} at (322,314) size 4x19
        text run at (322,314) width 4: " "
      RenderTextControl {INPUT} at (328,313) size 155x22 [bgcolor=#FFFFFF] [border: (2px inset #000000)]
      RenderText {#text} at (485,314) size 4x19
        text run at (485,314) width 4: " "
      RenderBR {BR} at (489,329) size 0x0
      RenderBR {BR} at (159,369) size 0x0
layer at (14,13) size 138x16
  RenderBlock {DIV} at (0,0) size 138x16
layer at (14,13) size 138x16
  RenderBlock {DIV} at (4,3) size 138x16 [color=#A9A9A9]
    RenderText {#text} at (1,0) size 66x16
      text run at (1,0) width 66: "placeholder"
layer at (12,39) size 151x16
  RenderBlock {DIV} at (2,3) size 151x16
layer at (12,39) size 151x16
  RenderBlock {DIV} at (2,3) size 151x16 [color=#A9A9A9]
    RenderText {#text} at (1,0) size 66x16
      text run at (1,0) width 66: "placeholder"
layer at (14,65) size 138x16
  RenderBlock {DIV} at (0,0) size 138x16
layer at (14,65) size 138x16
  RenderBlock {DIV} at (4,3) size 138x16 [color=#A9A9A9]
    RenderText {#text} at (71,0) size 66x16
      text run at (71,0) width 66: "placeholder"
layer at (36,91) size 116x16
  RenderBlock {DIV} at (0,0) size 116x16
layer at (36,91) size 116x16
  RenderBlock {DIV} at (26,3) size 116x16 [color=#A9A9A9]
    RenderText {#text} at (1,0) size 66x16
      text run at (1,0) width 66: "placeholder"
layer at (10,114) size 179x36 clip at (11,115) size 177x34
  RenderTextControl {TEXTAREA} at (2,106) size 179x36 [bgcolor=#FFFFFF] [border: (1px solid #000000)]
    RenderBlock {DIV} at (3,3) size 175x16
    RenderBlock {DIV} at (3,3) size 175x16 [color=#A9A9A9]
      RenderText {#text} at (0,0) size 88x16
        text run at (0,0) width 88: "placeholder"
layer at (12,157) size 151x16
  RenderBlock {DIV} at (2,3) size 151x16
layer at (12,157) size 151x16
  RenderBlock {DIV} at (2,3) size 151x16 [color=#A9A9A9]
    RenderText {#text} at (1,0) size 66x16
      text run at (1,0) width 66: "placeholder"
layer at (10,194) size 179x49 clip at (11,195) size 177x47
  RenderTextControl {TEXTAREA} at (2,186) size 179x49 [bgcolor=#FFFFFF] [border: (1px solid #000000)]
    RenderBlock {DIV} at (3,16) size 175x16
    RenderBlock {DIV} at (3,16) size 175x16 [color=#A9A9A9]
      RenderText {#text} at (0,0) size 88x16
        text run at (0,0) width 88: "placeholder"
layer at (18,256) size 175x17
  RenderBlock {DIV} at (5,6) size 175x17
layer at (18,256) size 175x17
  RenderBlock {DIV} at (5,6) size 175x17 [color=#A9A9A9]
    RenderText {#text} at (1,0) size 75x17
      text run at (1,0) width 75: "placeholder"
layer at (12,289) size 151x25
  RenderBlock {DIV} at (2,3) size 151x25
    RenderText {#text} at (1,4) size 33x16
      text run at (1,4) width 33: "Value"
layer at (175,289) size 151x25
  RenderBlock {DIV} at (2,3) size 151x25
layer at (175,289) size 151x25
  RenderBlock {DIV} at (2,3) size 151x25 [color=#A9A9A9]
    RenderText {#text} at (1,4) size 66x16
      text run at (1,4) width 66: "placeholder"
layer at (12,324) size 151x16
  RenderBlock {DIV} at (2,3) size 151x16
    RenderText {#text} at (59,0) size 33x16
      text run at (59,0) width 33: "Value"
layer at (175,324) size 151x16
  RenderBlock {DIV} at (2,3) size 151x16
layer at (175,324) size 151x16
  RenderBlock {DIV} at (2,3) size 151x16 [color=#A9A9A9]
    RenderText {#text} at (42,0) size 67x16
      text run at (42,0) width 67: "placeholder"
layer at (338,324) size 151x16
  RenderBlock {DIV} at (2,3) size 151x16
layer at (338,324) size 151x16
  RenderBlock {DIV} at (2,3) size 151x16 [color=#A9A9A9]
    RenderText {#text} at (42,0) size 67x16
      text run at (42,0) width 67: "placeholder"
layer at (10,347) size 155x36
  RenderTextControl {INPUT} at (2,339) size 155x36 [bgcolor=#FFFFFF] [border: (2px inset #000000)]
layer at (12,364) size 151x16
  RenderBlock {DIV} at (2,17) size 151x16
layer at (12,364) size 151x16
  RenderBlock {DIV} at (2,17) size 151x16 [color=#A9A9A9]
    RenderText {#text} at (1,0) size 66x16
      text run at (1,0) width 66: "placeholder"
