layer at (0,0) size 800x600
  RenderView at (0,0) size 800x600
layer at (0,0) size 800x600
  RenderBlock {HTML} at (0,0) size 800x600
    RenderBody {BODY} at (8,8) size 784x576
      RenderBlock {P} at (0,0) size 784x20
        RenderText {#text} at (0,0) size 51x19
          text run at (0,0) width 51: "Test for "
        RenderInline {I} at (0,0) size 701x19
          RenderInline {A} at (0,0) size 305x19 [color=#0000EE]
            RenderText {#text} at (51,0) size 305x19
              text run at (51,0) width 305: "http://bugs.webkit.org/show_bug.cgi?id=11916"
          RenderText {#text} at (356,0) size 396x19
            text run at (356,0) width 4: " "
            text run at (360,0) width 392: "REGRESSION (SearchField): RTL search fields are mixed up"
        RenderText {#text} at (752,0) size 4x19
          text run at (752,0) width 4: "."
      RenderBlock {P} at (0,36) size 784x78
        RenderTextControl {INPUT} at (2,2) size 157x22 [bgcolor=#FFFFFF] [border: (2px inset #000000)]
          RenderBlock {DIV} at (3,3) size 151x16
            RenderBlock {DIV} at (2,0) size 18x13
            RenderBlock {DIV} at (139,4) size 9x9
        RenderText {#text} at (161,3) size 4x19
          text run at (161,3) width 4: " "
        RenderBR {BR} at (0,0) size 0x0
        RenderTextControl {INPUT} at (2,28) size 217x22 [bgcolor=#FFFFFF] [border: (2px inset #000000)]
          RenderBlock {DIV} at (3,3) size 211x16
            RenderBlock {DIV} at (2,0) size 18x13
            RenderBlock {DIV} at (199,4) size 9x9
        RenderText {#text} at (221,29) size 4x19
          text run at (221,29) width 4: " "
        RenderBR {BR} at (0,0) size 0x0
        RenderTextControl {INPUT} at (2,54) size 157x22 [bgcolor=#FFFFFF] [border: (2px inset #000000)]
          RenderBlock {DIV} at (3,3) size 151x16
            RenderBlock {DIV} at (2,0) size 18x13
            RenderBlock {DIV} at (139,4) size 9x9
        RenderText {#text} at (0,0) size 0x0
      RenderBlock {P} at (0,130) size 784x20
        RenderText {#text} at (0,0) size 38x19
          text run at (0,0) width 38: "PASS"
layer at (36,49) size 116x16 scrollX 28 scrollWidth 144
  RenderBlock {DIV} at (23,0) size 116x16
    RenderText {#text} at (-28,0) size 143x16
      text run at (-28,0) width 23 RTL: " \x{5D5}\x{5D6}\x{5D4}\x{5D5}"
      text run at (-5,0) width 21: "she"
      text run at (16,0) width 46 RTL: " \x{5D5}\x{5D4}\x{5D9}\x{5D0} \x{5D6}\x{5D4} "
      text run at (62,0) width 14: "he"
      text run at (76,0) width 39 RTL: "\x{5D4}\x{5D5}\x{5D0} \x{5D6}\x{5D4} "
layer at (36,75) size 176x16
  RenderBlock {DIV} at (23,0) size 176x16
    RenderText {#text} at (32,0) size 143x16
      text run at (32,0) width 23 RTL: " \x{5D5}\x{5D6}\x{5D4}\x{5D5}"
      text run at (55,0) width 21: "she"
      text run at (76,0) width 46 RTL: " \x{5D5}\x{5D4}\x{5D9}\x{5D0} \x{5D6}\x{5D4} "
      text run at (122,0) width 14: "he"
      text run at (136,0) width 39 RTL: "\x{5D4}\x{5D5}\x{5D0} \x{5D6}\x{5D4} "
layer at (36,101) size 116x16
  RenderBlock {DIV} at (23,0) size 116x16
caret: position 0 of child 1 {DIV} of child 0 {DIV} of child 9 {INPUT} of child 3 {P} of body
