layer at (0,0) size 800x600
  RenderView at (0,0) size 800x600
layer at (0,0) size 800x41
  RenderBlock {HTML} at (0,0) size 800x41
    RenderBody {BODY} at (8,8) size 784x25
      RenderTextControl {INPUT} at (2,2) size 142x21 [bgcolor=#FFFFFF] [border: (1px solid #BDC7D8)]
        RenderDeprecatedFlexibleBox {DIV} at (18,4) size 120x13
          RenderBlock {DIV} at (2,1) size 15x11
          RenderBlock {DIV} at (20,0) size 89x13
          RenderBlock {DIV} at (109,2) size 8x8
      RenderText {#text} at (0,0) size 0x0
layer at (48,14) size 89x13
  RenderBlock {DIV} at (0,0) size 89x13
layer at (48,14) size 89x13
  RenderBlock (relative positioned) {DIV} at (38,4) size 89x13 [color=#A9A9A9]
    RenderText {#text} at (1,0) size 86x13
      text run at (1,0) width 86: "Search for Events"
