layer at (0,0) size 800x600
  RenderView at (0,0) size 800x600
layer at (0,0) size 800x600
  RenderBlock {HTML} at (0,0) size 800x600
    RenderBody {BODY} at (8,8) size 784x584
      RenderText {#text} at (0,0) size 351x19
        text run at (0,0) width 351: "This tests that aqua-style search fields do not honor height."
      RenderBR {BR} at (351,15) size 0x0
      RenderTextControl {INPUT} at (0,123) size 79x6 [bgcolor=#FFFFFF] [border: (2px inset #000000)]
        RenderDeprecatedFlexibleBox {DIV} at (3,0) size 73x6
          RenderBlock {DIV} at (0,0) size 1x11
          RenderBlock {DIV} at (1,0) size 64x6
          RenderBlock {DIV} at (65,0) size 5x6
      RenderText {#text} at (79,114) size 4x19
        text run at (79,114) width 4: " "
      RenderTextControl {INPUT} at (85,103) size 179x41 [bgcolor=#FFFFFF] [border: (2px inset #000000)]
        RenderDeprecatedFlexibleBox {DIV} at (3,3) size 173x34
          RenderBlock {DIV} at (0,11) size 1x12
          RenderBlock {DIV} at (1,8) size 159x18
          RenderBlock {DIV} at (160,12) size 10x10
      RenderText {#text} at (266,114) size 4x19
        text run at (266,114) width 4: " "
      RenderTextControl {INPUT} at (272,19) size 306x201 [bgcolor=#FFFFFF] [border: (2px inset #000000)]
        RenderDeprecatedFlexibleBox {DIV} at (3,3) size 300x194
          RenderBlock {DIV} at (0,91) size 1x12
          RenderBlock {DIV} at (1,80) size 277x34
          RenderBlock {DIV} at (278,87) size 19x20
      RenderText {#text} at (0,0) size 0x0
layer at (12,131) size 64x6
  RenderBlock {DIV} at (0,0) size 64x6
    RenderText {#text} at (0,0) size 10x6
      text run at (0,0) width 10: "mini"
layer at (97,123) size 159x17
  RenderBlock {DIV} at (0,0) size 159x17
    RenderText {#text} at (0,0) size 35x17
      text run at (0,0) width 35: "small"
layer at (284,111) size 277x33
  RenderBlock {DIV} at (0,0) size 277x33
    RenderText {#text} at (0,0) size 84x32
      text run at (0,0) width 84: "regular"
