layer at (0,0) size 800x600
  RenderView at (0,0) size 800x600
layer at (0,0) size 800x600
  RenderBlock {HTML} at (0,0) size 800x600
    RenderBody {BODY} at (8,8) size 784x584
      RenderBlock (anonymous) at (0,0) size 784x20
        RenderText {#text} at (0,0) size 158x19
          text run at (0,0) width 158: "The text should be default:"
      RenderBlock {FORM} at (0,28) size 784x46
        RenderBlock {HR} at (0,0) size 784x2 [border: (1px inset #000000)]
        RenderBlock (anonymous) at (0,10) size 784x26
          RenderInline {LABEL} at (0,0) size 464x19
            RenderText {#text} at (0,3) size 307x19
              text run at (0,3) width 307: "This is a searchable index. Enter search keywords: "
            RenderTextControl {INPUT} at (309,2) size 153x22 [bgcolor=#FFFFFF] [border: (2px inset #000000)]
        RenderBlock {HR} at (0,44) size 784x2 [border: (1px inset #000000)]
      RenderBlock (anonymous) at (0,90) size 784x20
        RenderText {#text} at (0,0) size 138x19
          text run at (0,0) width 138: "The text should be red:"
      RenderBlock {FORM} at (0,118) size 784x46
        RenderBlock {HR} at (0,0) size 784x2 [border: (1px inset #000000)]
        RenderBlock (anonymous) at (0,10) size 784x26
          RenderInline {LABEL} at (0,0) size 464x19
            RenderText {#text} at (0,3) size 307x19
              text run at (0,3) width 307: "This is a searchable index. Enter search keywords: "
            RenderTextControl {INPUT} at (309,2) size 153x22 [color=#FF0000] [bgcolor=#FFFFFF] [border: (2px inset #FF0000)]
        RenderBlock {HR} at (0,44) size 784x2 [border: (1px inset #000000)]
      RenderBlock (anonymous) at (0,180) size 784x20
        RenderText {#text} at (0,0) size 200x19
          text run at (0,0) width 200: "The text should be gray on green:"
      RenderBlock {FORM} at (0,208) size 784x46
        RenderBlock {HR} at (0,0) size 784x2 [border: (1px inset #000000)]
        RenderBlock (anonymous) at (0,10) size 784x26
          RenderInline {LABEL} at (0,0) size 464x19
            RenderText {#text} at (0,3) size 307x19
              text run at (0,3) width 307: "This is a searchable index. Enter search keywords: "
            RenderTextControl {INPUT} at (309,2) size 153x22 [bgcolor=#008000] [border: (2px inset #000000)]
        RenderBlock {HR} at (0,44) size 784x2 [border: (1px inset #000000)]
      RenderBlock (anonymous) at (0,270) size 784x20
        RenderText {#text} at (0,0) size 198x19
          text run at (0,0) width 198: "The text should be red on Green:"
      RenderBlock {FORM} at (0,298) size 784x46
        RenderBlock {HR} at (0,0) size 784x2 [border: (1px inset #000000)]
        RenderBlock (anonymous) at (0,10) size 784x26
          RenderInline {LABEL} at (0,0) size 464x19
            RenderText {#text} at (0,3) size 307x19
              text run at (0,3) width 307: "This is a searchable index. Enter search keywords: "
            RenderTextControl {INPUT} at (309,2) size 153x22 [color=#FF0000] [bgcolor=#008000] [border: (2px inset #FF0000)]
        RenderBlock {HR} at (0,44) size 784x2 [border: (1px inset #000000)]
      RenderBlock (anonymous) at (0,360) size 784x26
        RenderTextControl {INPUT} at (2,2) size 153x22 [bgcolor=#FFFFFF] [border: (2px inset #000000)]
        RenderText {#text} at (157,3) size 4x19
          text run at (157,3) width 4: " "
        RenderTextControl {INPUT} at (163,2) size 153x22 [color=#FF0000] [bgcolor=#FFFFFF] [border: (2px inset #FF0000)]
        RenderText {#text} at (318,3) size 4x19
          text run at (318,3) width 4: " "
        RenderTextControl {INPUT} at (324,2) size 153x22 [bgcolor=#008000] [border: (2px inset #000000)]
        RenderText {#text} at (479,3) size 4x19
          text run at (479,3) width 4: " "
        RenderTextControl {INPUT} at (485,2) size 153x22 [color=#FF0000] [bgcolor=#008000] [border: (2px inset #FF0000)]
        RenderText {#text} at (0,0) size 0x0
layer at (319,51) size 149x16
  RenderBlock {DIV} at (2,3) size 149x16
    RenderText {#text} at (0,0) size 38x16
      text run at (0,0) width 38: "default"
layer at (319,141) size 149x16
  RenderBlock {DIV} at (2,3) size 149x16
    RenderText {#text} at (0,0) size 18x16
      text run at (0,0) width 18: "red"
layer at (319,231) size 149x16
  RenderBlock {DIV} at (2,3) size 149x16
    RenderText {#text} at (0,0) size 92x16
      text run at (0,0) width 92: "default on green"
layer at (319,321) size 149x16
  RenderBlock {DIV} at (2,3) size 149x16
    RenderText {#text} at (0,0) size 72x16
      text run at (0,0) width 72: "red on green"
layer at (12,373) size 149x16
  RenderBlock {DIV} at (2,3) size 149x16
    RenderText {#text} at (0,0) size 38x16
      text run at (0,0) width 38: "default"
layer at (173,373) size 149x16
  RenderBlock {DIV} at (2,3) size 149x16
    RenderText {#text} at (0,0) size 18x16
      text run at (0,0) width 18: "red"
layer at (334,373) size 149x16
  RenderBlock {DIV} at (2,3) size 149x16
    RenderText {#text} at (0,0) size 92x16
      text run at (0,0) width 92: "default on green"
layer at (495,373) size 149x16
  RenderBlock {DIV} at (2,3) size 149x16
    RenderText {#text} at (0,0) size 72x16
      text run at (0,0) width 72: "red on green"
