layer at (0,0) size 800x600
  RenderView at (0,0) size 800x600
layer at (0,0) size 800x600
  RenderBlock {HTML} at (0,0) size 800x600
    RenderBody {BODY} at (8,8) size 784x584
      RenderText {#text} at (183,25) size 4x19
        text run at (183,25) width 4: " "
      RenderText {#text} at (0,0) size 0x0
layer at (10,10) size 179x36 clip at (11,11) size 162x34 scrollHeight 98
  RenderTextControl {TEXTAREA} at (2,2) size 179x36 [bgcolor=#FFFFFF] [border: (1px solid #000000)]
    RenderBlock {DIV} at (3,3) size 160x96
      RenderText {#text} at (0,0) size 160x80
        text run at (0,0) width 136: "A quick brown fox"
        text run at (136,0) width 8: " "
        text run at (0,16) width 152: "jumps over the lazy"
        text run at (152,16) width 8: " "
        text run at (0,32) width 144: "dog. A quick brown"
        text run at (144,32) width 8: " "
        text run at (0,48) width 144: "fox jumps over the"
        text run at (144,48) width 8: " "
        text run at (0,64) width 72: "lazy dog."
        text run at (72,64) width 0: " "
      RenderBR {BR} at (0,80) size 0x16
layer at (197,10) size 179x36 clip at (198,11) size 162x34 scrollHeight 82
  RenderTextControl {TEXTAREA} at (189,2) size 179x36 [bgcolor=#FFFFFF] [border: (1px solid #000000)]
    RenderBlock {DIV} at (3,3) size 160x16
layer at (200,13) size 160x80 backgroundClip at (198,11) size 162x34 clip at (198,11) size 162x34 outlineClip at (198,11) size 162x34
  RenderBlock (relative positioned) {DIV} at (3,3) size 160x80 [color=#A9A9A9]
    RenderText {#text} at (0,0) size 160x80
      text run at (0,0) width 136: "A quick brown fox"
      text run at (136,0) width 8: " "
      text run at (0,16) width 152: "jumps over the lazy"
      text run at (152,16) width 8: " "
      text run at (0,32) width 144: "dog. A quick brown"
      text run at (144,32) width 8: " "
      text run at (0,48) width 144: "fox jumps over the"
      text run at (144,48) width 8: " "
      text run at (0,64) width 72: "lazy dog."
