layer at (0,0) size 800x600
  RenderView at (0,0) size 800x600
layer at (0,0) size 800x42
  RenderBlock {HTML} at (0,0) size 800x42
    RenderBody {BODY} at (8,8) size 784x26
      RenderBlock {FORM} at (0,0) size 784x26
        RenderTextControl {INPUT} at (2,2) size 155x22 [bgcolor=#FFFFFF] [border: (2px inset #000000)]
        RenderText {#text} at (159,3) size 4x19
          text run at (159,3) width 4: " "
        RenderButton {INPUT} at (165,2) size 57x22 [bgcolor=#C0C0C0] [border: (2px outset #C0C0C0)]
          RenderBlock (anonymous) at (8,3) size 41x16
            RenderText at (0,0) size 41x16
              text run at (0,0) width 41: "Submit"
        RenderText {#text} at (0,0) size 0x0
layer at (12,13) size 151x16
  RenderBlock {DIV} at (2,3) size 151x16
layer at (12,29) size 220x113
  RenderBlock (positioned) zI: 2147483647 {DIV} at (12,29) size 220x113
layer at (12,29) size 220x16 scrollHeight 26
  RenderBlock {DIV} at (0,0) size 220x16
layer at (12,41) size 220x97
  RenderBlock (relative positioned) zI: 2147483644 {DIV} at (0,16) size 220x97 [border: (2px solid #440000)]
    RenderInline {B} at (0,0) size 105x19
      RenderText {#text} at (10,10) size 105x19
        text run at (10,10) width 105: "value missing"
    RenderBR {BR} at (115,10) size 0x18
    RenderText zI: 2147483644 {#text} at (10,30) size 163x18
      text run at (10,30) width 163: "Needs at least 8 letters."
    RenderBR {BR} at (173,30) size 0x18
    RenderText zI: 2147483644 {#text} at (10,49) size 188x37
      text run at (10,49) width 188: "Should not be identical with"
      text run at (10,68) width 148: "the current password."
layer at (44,29) size 18x18 backgroundClip at (12,29) size 220x16 clip at (12,29) size 220x16 outlineClip at (12,29) size 220x16
  RenderBlock (relative positioned) zI: 2147483645 {DIV} at (0,0) size 18x18 [bgcolor=#F8ECEC] [border: (2px solid #440000) none (2px solid #440000)]
caret: position 0 of child 0 {DIV} of child 1 {INPUT} of child 0 {FORM} of body
