layer at (0,0) size 784x1228
  RenderView at (0,0) size 784x600
layer at (0,0) size 784x1228
  RenderBlock {HTML} at (0,0) size 784x1228
    RenderBody {BODY} at (8,8) size 768x1212 [bgcolor=#CCCCCC]
      RenderBlock {P} at (0,0) size 748x21
        RenderText {#text} at (0,0) size 395x21
          text run at (0,0) width 395: "The style declarations which apply to the text below are:"
      RenderBlock {PRE} at (0,37) size 768x119
        RenderText {#text} at (0,0) size 245x119
          text run at (0,0) width 129: "P {margin-right: 20px;}"
          text run at (129,0) width 0: " "
          text run at (0,17) width 223: ".one {border-right: purple double 10px;}"
          text run at (223,17) width 0: " "
          text run at (0,34) width 204: ".two {border-right: purple thin solid;}"
          text run at (204,34) width 0: " "
          text run at (0,51) width 241: ".threea {border-right: black medium solid;}"
          text run at (241,51) width 0: " "
          text run at (0,68) width 245: ".threeb {border-right: purple medium solid;}"
          text run at (245,68) width 0: " "
          text run at (0,85) width 234: ".threec {border-right: blue medium solid;}"
          text run at (234,85) width 0: " "
          text run at (0,102) width 194: "TD {border-right: green 2px solid;}"
          text run at (194,102) width 0: " "
      RenderBlock {HR} at (0,169) size 768x2 [border: (1px inset #000000)]
      RenderBlock {P} at (0,187) size 748x42
        RenderText {#text} at (0,0) size 717x42
          text run at (0,0) width 717: "Note that all table cells on this page should have a two-pixel solid green border along their right sides."
          text run at (0,21) width 490: "This border applies only to the cells, not the rows which contain them."
      RenderBlock {P} at (0,245) size 748x21 [border: (10px double #800080) none]
        RenderText {#text} at (0,0) size 472x21
          text run at (0,0) width 472: "This paragraph should have a purple, double, 10-pixel right border."
      RenderBlock {P} at (0,282) size 748x21 [border: (1px solid #800080) none]
        RenderText {#text} at (0,0) size 380x21
          text run at (0,0) width 380: "This paragraph should have a thin purple right border."
      RenderTable {TABLE} at (0,319) size 768x119 [border: (1px outset #808080)]
        RenderTableSection {TBODY} at (1,1) size 766x117
          RenderTableRow {TR} at (0,5) size 766x46
            RenderTableCell {TD} at (5,5) size 756x46 [border: (1px inset #808080) (2px solid #008000) (1px inset #808080)] [r=0 c=0 rs=1 cs=2]
              RenderText {#text} at (2,2) size 733x42
                text run at (2,2) width 487: "Every cell in this table should have a 2-pixel solid green right border. "
                text run at (489,2) width 246: "This is also true of the table-testing"
                text run at (2,23) width 296: "section in the second half of the test page."
          RenderTableRow {TR} at (0,56) size 766x56
            RenderTableCell {TD} at (5,71) size 193x25 [border: (1px inset #808080) (2px solid #008000) (1px inset #808080)] [r=1 c=0 rs=1 cs=1]
              RenderText {#text} at (2,2) size 60x21
                text run at (2,2) width 60: "Cell one"
            RenderTableCell {TD} at (203,56) size 558x56 [border: (1px inset #808080) (2px solid #008000) (1px inset #808080)] [r=1 c=1 rs=1 cs=1]
              RenderBlock (anonymous) at (2,2) size 553x21
                RenderText {#text} at (0,0) size 58x21
                  text run at (0,0) width 58: "Cell two"
              RenderTable {TABLE} at (2,23) size 182x31 [border: (1px outset #808080)]
                RenderTableSection {TBODY} at (1,1) size 180x29
                  RenderTableRow {TR} at (0,2) size 180x25
                    RenderTableCell {TD} at (2,2) size 176x25 [border: (1px inset #808080) (2px solid #008000) (1px inset #808080)] [r=0 c=0 rs=1 cs=1]
                      RenderText {#text} at (2,2) size 171x21
                        text run at (2,2) width 171: "Nested single-cell table!"
      RenderBlock {UL} at (0,454) size 768x210
        RenderListItem {LI} at (40,0) size 728x84 [border: (3px solid #000000) none]
          RenderBlock (anonymous) at (0,0) size 725x21
            RenderListMarker at (-18,0) size 7x21: bullet
            RenderText {#text} at (0,0) size 130x21
              text run at (0,0) width 130: "This is a list item..."
          RenderBlock {UL} at (0,21) size 725x63
            RenderListItem {LI} at (40,0) size 685x21
              RenderListMarker at (-18,0) size 7x21: white bullet
              RenderText {#text} at (0,0) size 80x21
                text run at (0,0) width 80: "...and this..."
            RenderListItem {LI} at (40,21) size 685x21
              RenderListMarker at (-18,0) size 7x21: white bullet
              RenderText {#text} at (0,0) size 129x21
                text run at (0,0) width 129: "...is a second list..."
            RenderListItem {LI} at (40,42) size 685x21
              RenderListMarker at (-18,0) size 7x21: white bullet
              RenderText {#text} at (0,0) size 194x21
                text run at (0,0) width 194: "...nested within the list item."
        RenderListItem {LI} at (40,84) size 728x21 [border: (3px solid #800080) none]
          RenderListMarker at (-18,0) size 7x21: bullet
          RenderText {#text} at (0,0) size 178x21
            text run at (0,0) width 178: "This is a second list item."
        RenderListItem {LI} at (40,105) size 728x105 [border: (3px solid #0000FF) none]
          RenderListMarker at (-18,0) size 7x21: bullet
          RenderText {#text} at (0,0) size 725x105
            text run at (0,0) width 688: "Each list item in this 'parent' list should have a medium-width border along its right side, in each of"
            text run at (0,21) width 91: "three colors. "
            text run at (91,21) width 582: "The first item's border should travel the entire height the nested list (to end near the"
            text run at (0,42) width 681: "baseline of the line \"...nested within the list item.\"), even though the nested list does not have any"
            text run at (0,63) width 124: "border styles set. "
            text run at (124,63) width 601: "The borders should line up together at the right edge of the document's body, as each"
            text run at (0,84) width 284: "list element has a default width of 100%."
      RenderTable {TABLE} at (0,680) size 768x532 [border: (1px outset #808080)]
        RenderTableSection {TBODY} at (1,1) size 766x530
          RenderTableRow {TR} at (0,0) size 766x29
            RenderTableCell {TD} at (0,0) size 766x29 [bgcolor=#C0C0C0] [border: (1px inset #808080) (2px solid #008000) (1px inset #808080)] [r=0 c=0 rs=1 cs=2]
              RenderInline {STRONG} at (0,0) size 178x21
                RenderText {#text} at (4,4) size 178x21
                  text run at (4,4) width 178: "TABLE Testing Section"
          RenderTableRow {TR} at (0,29) size 766x501
            RenderTableCell {TD} at (0,265) size 13x29 [bgcolor=#C0C0C0] [border: (1px inset #808080) (2px solid #008000) (1px inset #808080)] [r=1 c=0 rs=1 cs=1]
              RenderText {#text} at (4,4) size 4x21
                text run at (4,4) width 4: " "
            RenderTableCell {TD} at (13,29) size 753x501 [border: (1px inset #808080) (2px solid #008000) (1px inset #808080)] [r=1 c=1 rs=1 cs=1]
              RenderBlock {P} at (4,4) size 724x42
                RenderText {#text} at (0,0) size 717x42
                  text run at (0,0) width 717: "Note that all table cells on this page should have a two-pixel solid green border along their right sides."
                  text run at (0,21) width 490: "This border applies only to the cells, not the rows which contain them."
              RenderBlock {P} at (4,62) size 724x21 [border: (10px double #800080) none]
                RenderText {#text} at (0,0) size 472x21
                  text run at (0,0) width 472: "This paragraph should have a purple, double, 10-pixel right border."
              RenderBlock {P} at (4,99) size 724x21 [border: (1px solid #800080) none]
                RenderText {#text} at (0,0) size 380x21
                  text run at (0,0) width 380: "This paragraph should have a thin purple right border."
              RenderTable {TABLE} at (4,136) size 744x119 [border: (1px outset #808080)]
                RenderTableSection {TBODY} at (1,1) size 742x117
                  RenderTableRow {TR} at (0,5) size 742x46
                    RenderTableCell {TD} at (5,5) size 732x46 [border: (1px inset #808080) (2px solid #008000) (1px inset #808080)] [r=0 c=0 rs=1 cs=2]
                      RenderText {#text} at (2,2) size 686x42
                        text run at (2,2) width 487: "Every cell in this table should have a 2-pixel solid green right border. "
                        text run at (489,2) width 199: "This is also true of the table-"
                        text run at (2,23) width 347: "testing section in the second half of the test page."
                  RenderTableRow {TR} at (0,56) size 742x56
                    RenderTableCell {TD} at (5,71) size 187x25 [border: (1px inset #808080) (2px solid #008000) (1px inset #808080)] [r=1 c=0 rs=1 cs=1]
                      RenderText {#text} at (2,2) size 60x21
                        text run at (2,2) width 60: "Cell one"
                    RenderTableCell {TD} at (197,56) size 540x56 [border: (1px inset #808080) (2px solid #008000) (1px inset #808080)] [r=1 c=1 rs=1 cs=1]
                      RenderBlock (anonymous) at (2,2) size 535x21
                        RenderText {#text} at (0,0) size 58x21
                          text run at (0,0) width 58: "Cell two"
                      RenderTable {TABLE} at (2,23) size 182x31 [border: (1px outset #808080)]
                        RenderTableSection {TBODY} at (1,1) size 180x29
                          RenderTableRow {TR} at (0,2) size 180x25
                            RenderTableCell {TD} at (2,2) size 176x25 [border: (1px inset #808080) (2px solid #008000) (1px inset #808080)] [r=0 c=0 rs=1 cs=1]
                              RenderText {#text} at (2,2) size 171x21
                                text run at (2,2) width 171: "Nested single-cell table!"
              RenderBlock {UL} at (4,271) size 744x210
                RenderListItem {LI} at (40,0) size 704x84 [border: (3px solid #000000) none]
                  RenderBlock (anonymous) at (0,0) size 701x21
                    RenderListMarker at (-18,0) size 7x21: bullet
                    RenderText {#text} at (0,0) size 130x21
                      text run at (0,0) width 130: "This is a list item..."
                  RenderBlock {UL} at (0,21) size 701x63
                    RenderListItem {LI} at (40,0) size 661x21
                      RenderListMarker at (-18,0) size 7x21: white bullet
                      RenderText {#text} at (0,0) size 80x21
                        text run at (0,0) width 80: "...and this..."
                    RenderListItem {LI} at (40,21) size 661x21
                      RenderListMarker at (-18,0) size 7x21: white bullet
                      RenderText {#text} at (0,0) size 129x21
                        text run at (0,0) width 129: "...is a second list..."
                    RenderListItem {LI} at (40,42) size 661x21
                      RenderListMarker at (-18,0) size 7x21: white bullet
                      RenderText {#text} at (0,0) size 194x21
                        text run at (0,0) width 194: "...nested within the list item."
                RenderListItem {LI} at (40,84) size 704x21 [border: (3px solid #800080) none]
                  RenderListMarker at (-18,0) size 7x21: bullet
                  RenderText {#text} at (0,0) size 178x21
                    text run at (0,0) width 178: "This is a second list item."
                RenderListItem {LI} at (40,105) size 704x105 [border: (3px solid #0000FF) none]
                  RenderListMarker at (-18,0) size 7x21: bullet
                  RenderText {#text} at (0,0) size 688x105
                    text run at (0,0) width 688: "Each list item in this 'parent' list should have a medium-width border along its right side, in each of"
                    text run at (0,21) width 91: "three colors. "
                    text run at (91,21) width 582: "The first item's border should travel the entire height the nested list (to end near the"
                    text run at (0,42) width 681: "baseline of the line \"...nested within the list item.\"), even though the nested list does not have any"
                    text run at (0,63) width 124: "border styles set. "
                    text run at (124,63) width 562: "The borders should line up together at the right edge of the document's body, as"
                    text run at (0,84) width 323: "each list element has a default width of 100%."
