layer at (0,0) size 800x600
  RenderView at (0,0) size 800x600
layer at (0,0) size 800x600
  RenderBlock {HTML} at (0,0) size 800x600
    RenderBody {BODY} at (8,8) size 784x584 [bgcolor=#CCCCCC]
      RenderBlock {P} at (0,0) size 784x21
        RenderText {#text} at (0,0) size 395x21
          text run at (0,0) width 395: "The style declarations which apply to the text below are:"
      RenderBlock {PRE} at (0,37) size 784x51
        RenderText {#text} at (0,0) size 216x51
          text run at (0,0) width 216: ".one {border-top: purple double 10px;}"
          text run at (216,0) width 0: " "
          text run at (0,17) width 197: ".two {border-top: purple thin solid;}"
          text run at (197,17) width 0: " "
          text run at (0,34) width 0: " "
      RenderBlock {HR} at (0,101) size 784x2 [border: (1px inset #000000)]
      RenderBlock {P} at (0,119) size 784x63 [bgcolor=#C0C0C0]
        RenderText {#text} at (0,0) size 744x21
          text run at (0,0) width 744: "This is an unstyled element, save for the background color, and containing inline elements with classes of"
        RenderInline {SPAN} at (0,0) size 68x31 [border: (10px double #800080) none]
          RenderText {#text} at (0,21) size 68x21
            text run at (0,21) width 68: "class one"
        RenderText {#text} at (68,21) size 432x21
          text run at (68,21) width 432: ", which should have a 10-pixel purple double top border; and "
        RenderInline {SPAN} at (0,0) size 66x22 [border: (1px solid #800080) none]
          RenderText {#text} at (500,21) size 66x21
            text run at (500,21) width 66: "class two"
        RenderText {#text} at (566,21) size 750x42
          text run at (566,21) width 184: ", which should have a thin"
          text run at (0,42) width 167: "solid purple top border. "
          text run at (167,42) width 481: "The line-height of the parent element should not change on any line."
      RenderTable {TABLE} at (0,198) size 784x102 [border: (1px outset #808080)]
        RenderTableSection {TBODY} at (1,1) size 782x100
          RenderTableRow {TR} at (0,0) size 782x29
            RenderTableCell {TD} at (0,0) size 782x29 [bgcolor=#C0C0C0] [border: (1px inset #808080)] [r=0 c=0 rs=1 cs=2]
              RenderInline {STRONG} at (0,0) size 178x21
                RenderText {#text} at (4,4) size 178x21
                  text run at (4,4) width 178: "TABLE Testing Section"
          RenderTableRow {TR} at (0,29) size 782x71
            RenderTableCell {TD} at (0,50) size 12x29 [bgcolor=#C0C0C0] [border: (1px inset #808080)] [r=1 c=0 rs=1 cs=1]
              RenderText {#text} at (4,4) size 4x21
                text run at (4,4) width 4: " "
            RenderTableCell {TD} at (12,29) size 770x71 [border: (1px inset #808080)] [r=1 c=1 rs=1 cs=1]
              RenderBlock {P} at (4,4) size 762x63 [bgcolor=#C0C0C0]
                RenderText {#text} at (0,0) size 744x21
                  text run at (0,0) width 744: "This is an unstyled element, save for the background color, and containing inline elements with classes of"
                RenderInline {SPAN} at (0,0) size 68x31 [border: (10px double #800080) none]
                  RenderText {#text} at (0,21) size 68x21
                    text run at (0,21) width 68: "class one"
                RenderText {#text} at (68,21) size 432x21
                  text run at (68,21) width 432: ", which should have a 10-pixel purple double top border; and "
                RenderInline {SPAN} at (0,0) size 66x22 [border: (1px solid #800080) none]
                  RenderText {#text} at (500,21) size 66x21
                    text run at (500,21) width 66: "class two"
                RenderText {#text} at (566,21) size 750x42
                  text run at (566,21) width 184: ", which should have a thin"
                  text run at (0,42) width 167: "solid purple top border. "
                  text run at (167,42) width 481: "The line-height of the parent element should not change on any line."
