layer at (0,0) size 800x600
  RenderView at (0,0) size 800x600
layer at (0,0) size 800x600
  RenderBlock {HTML} at (0,0) size 800x600
    RenderBody {BODY} at (8,8) size 784x584 [bgcolor=#CCCCCC]
      RenderBlock {P} at (0,0) size 784x21
        RenderText {#text} at (0,0) size 395x21
          text run at (0,0) width 395: "The style declarations which apply to the text below are:"
      RenderBlock {PRE} at (0,37) size 784x51
        RenderText {#text} at (0,0) size 178x51
          text run at (0,0) width 178: ".one {border: 10px teal outset;}"
          text run at (178,0) width 0: " "
          text run at (0,17) width 175: ".two {border: 10px olive inset;}"
          text run at (175,17) width 0: " "
          text run at (0,34) width 0: " "
      RenderBlock {HR} at (0,101) size 784x2 [border: (1px inset #000000)]
      RenderBlock {P} at (0,119) size 784x63 [bgcolor=#C0C0C0]
        RenderText {#text} at (0,0) size 757x21
          text run at (0,0) width 757: "This is an unstyled element, save for the background color, and containing inline elements with a classes of"
        RenderInline {SPAN} at (0,0) size 88x41 [border: (10px outset #008080)]
          RenderText {#text} at (10,21) size 68x21
            text run at (10,21) width 68: "class one"
        RenderText {#text} at (88,21) size 402x21
          text run at (88,21) width 402: ", which should result in a 10-pixel outset teal border; and "
        RenderInline {SPAN} at (0,0) size 86x41 [border: (10px inset #808000)]
          RenderText {#text} at (500,21) size 66x21
            text run at (500,21) width 66: "class two"
        RenderText {#text} at (576,21) size 778x42
          text run at (576,21) width 202: ", which should result in a 10-"
          text run at (0,42) width 168: "pixel inset olive border. "
          text run at (168,42) width 481: "The line-height of the parent element should not change on any line."
      RenderTable {TABLE} at (0,198) size 784x102 [border: (1px outset #808080)]
        RenderTableSection {TBODY} at (1,1) size 782x100
          RenderTableRow {TR} at (0,0) size 782x29
            RenderTableCell {TD} at (0,0) size 782x29 [bgcolor=#C0C0C0] [border: (1px inset #808080)] [r=0 c=0 rs=1 cs=2]
              RenderInline {STRONG} at (0,0) size 178x21
                RenderText {#text} at (4,4) size 178x21
                  text run at (4,4) width 178: "TABLE Testing Section"
          RenderTableRow {TR} at (0,29) size 782x71
            RenderTableCell {TD} at (0,50) size 12x29 [bgcolor=#C0C0C0] [border: (1px inset #808080)] [r=1 c=0 rs=1 cs=1]
              RenderText {#text} at (4,4) size 4x21
                text run at (4,4) width 4: " "
            RenderTableCell {TD} at (12,29) size 770x71 [border: (1px inset #808080)] [r=1 c=1 rs=1 cs=1]
              RenderBlock {P} at (4,4) size 762x63 [bgcolor=#C0C0C0]
                RenderText {#text} at (0,0) size 757x21
                  text run at (0,0) width 757: "This is an unstyled element, save for the background color, and containing inline elements with a classes of"
                RenderInline {SPAN} at (0,0) size 88x41 [border: (10px outset #008080)]
                  RenderText {#text} at (10,21) size 68x21
                    text run at (10,21) width 68: "class one"
                RenderText {#text} at (88,21) size 402x21
                  text run at (88,21) width 402: ", which should result in a 10-pixel outset teal border; and "
                RenderInline {SPAN} at (0,0) size 86x41 [border: (10px inset #808000)]
                  RenderText {#text} at (500,21) size 66x21
                    text run at (500,21) width 66: "class two"
                RenderText {#text} at (576,21) size 751x42
                  text run at (576,21) width 175: ", which should result in a"
                  text run at (0,42) width 191: "10-pixel inset olive border. "
                  text run at (191,42) width 481: "The line-height of the parent element should not change on any line."
