layer at (0,0) size 784x819
  RenderView at (0,0) size 784x600
layer at (0,0) size 784x819
  RenderBlock {HTML} at (0,0) size 784x819
    RenderBody {BODY} at (8,8) size 768x803 [bgcolor=#CCCCCC]
      RenderBlock {P} at (0,0) size 768x21
        RenderText {#text} at (0,0) size 395x21
          text run at (0,0) width 395: "The style declarations which apply to the text below are:"
      RenderBlock {PRE} at (0,37) size 768x102
        RenderText {#text} at (0,0) size 306x102
          text run at (0,0) width 298: ".zero {background-color: silver; border-top-width: 0;}"
          text run at (298,0) width 0: " "
          text run at (0,17) width 280: ".one {border-top-width: 25px; border-style: solid;}"
          text run at (280,17) width 0: " "
          text run at (0,34) width 279: ".two {border-top-width: thick; border-style: solid;}"
          text run at (279,34) width 0: " "
          text run at (0,51) width 306: ".three {border-top-width: medium; border-style: solid;}"
          text run at (306,51) width 0: " "
          text run at (0,68) width 274: ".four {border-top-width: thin; border-style: solid;}"
          text run at (274,68) width 0: " "
          text run at (0,85) width 169: ".five {border-top-width: 25px;}"
          text run at (169,85) width 0: " "
      RenderBlock {HR} at (0,152) size 768x2 [border: (1px inset #000000)]
      RenderBlock {P} at (0,170) size 768x21
        RenderText {#text} at (0,0) size 166x21
          text run at (0,0) width 166: "(These will only work if "
        RenderInline {CODE} at (0,0) size 68x17
          RenderText {#text} at (166,3) size 68x17
            text run at (166,3) width 68: "border-style"
        RenderText {#text} at (234,0) size 100x21
          text run at (234,0) width 100: " is supported.)"
      RenderBlock {P} at (0,207) size 768x21 [bgcolor=#C0C0C0]
        RenderText {#text} at (0,0) size 232x21
          text run at (0,0) width 232: "This element has a class of zero."
      RenderBlock {P} at (0,244) size 768x49 [border: (25px solid #000000) (3px solid #000000)]
        RenderText {#text} at (3,25) size 419x21
          text run at (3,25) width 419: "This paragraph should have a top border width of 25 pixels."
      RenderBlock {P} at (0,309) size 768x29 [border: (5px solid #000000) (3px solid #000000)]
        RenderText {#text} at (3,5) size 371x21
          text run at (3,5) width 371: "This paragraph should have a thick top border width."
      RenderBlock {P} at (0,354) size 768x27 [border: (3px solid #000000)]
        RenderText {#text} at (3,3) size 395x21
          text run at (3,3) width 395: "This paragraph should have a medium top border width."
      RenderBlock {P} at (0,397) size 768x25 [border: (1px solid #000000) (3px solid #000000)]
        RenderText {#text} at (3,1) size 364x21
          text run at (3,1) width 364: "This paragraph should have a thin top border width."
      RenderBlock {P} at (0,438) size 768x21
        RenderText {#text} at (0,0) size 590x21
          text run at (0,0) width 590: "This paragraph should have no border and no extra \"padding\" on its top side, as no "
        RenderInline {CODE} at (0,0) size 68x17
          RenderText {#text} at (590,3) size 68x17
            text run at (590,3) width 68: "border-style"
        RenderText {#text} at (658,0) size 62x21
          text run at (658,0) width 62: " was set."
      RenderTable {TABLE} at (0,475) size 742x328 [border: (1px outset #808080)]
        RenderTableSection {TBODY} at (1,1) size 740x326
          RenderTableRow {TR} at (0,0) size 740x29
            RenderTableCell {TD} at (0,0) size 740x29 [bgcolor=#C0C0C0] [border: (1px inset #808080)] [r=0 c=0 rs=1 cs=2]
              RenderInline {STRONG} at (0,0) size 178x21
                RenderText {#text} at (4,4) size 178x21
                  text run at (4,4) width 178: "TABLE Testing Section"
          RenderTableRow {TR} at (0,29) size 740x297
            RenderTableCell {TD} at (0,163) size 12x29 [bgcolor=#C0C0C0] [border: (1px inset #808080)] [r=1 c=0 rs=1 cs=1]
              RenderText {#text} at (4,4) size 4x21
                text run at (4,4) width 4: " "
            RenderTableCell {TD} at (12,29) size 728x297 [border: (1px inset #808080)] [r=1 c=1 rs=1 cs=1]
              RenderBlock {P} at (4,4) size 720x21
                RenderText {#text} at (0,0) size 166x21
                  text run at (0,0) width 166: "(These will only work if "
                RenderInline {CODE} at (0,0) size 68x17
                  RenderText {#text} at (166,3) size 68x17
                    text run at (166,3) width 68: "border-style"
                RenderText {#text} at (234,0) size 100x21
                  text run at (234,0) width 100: " is supported.)"
              RenderBlock {P} at (4,41) size 720x21 [bgcolor=#C0C0C0]
                RenderText {#text} at (0,0) size 232x21
                  text run at (0,0) width 232: "This element has a class of zero."
              RenderBlock {P} at (4,78) size 720x49 [border: (25px solid #000000) (3px solid #000000)]
                RenderText {#text} at (3,25) size 419x21
                  text run at (3,25) width 419: "This paragraph should have a top border width of 25 pixels."
              RenderBlock {P} at (4,143) size 720x29 [border: (5px solid #000000) (3px solid #000000)]
                RenderText {#text} at (3,5) size 371x21
                  text run at (3,5) width 371: "This paragraph should have a thick top border width."
              RenderBlock {P} at (4,188) size 720x27 [border: (3px solid #000000)]
                RenderText {#text} at (3,3) size 395x21
                  text run at (3,3) width 395: "This paragraph should have a medium top border width."
              RenderBlock {P} at (4,231) size 720x25 [border: (1px solid #000000) (3px solid #000000)]
                RenderText {#text} at (3,1) size 364x21
                  text run at (3,1) width 364: "This paragraph should have a thin top border width."
              RenderBlock {P} at (4,272) size 720x21
                RenderText {#text} at (0,0) size 590x21
                  text run at (0,0) width 590: "This paragraph should have no border and no extra \"padding\" on its top side, as no "
                RenderInline {CODE} at (0,0) size 68x17
                  RenderText {#text} at (590,3) size 68x17
                    text run at (590,3) width 68: "border-style"
                RenderText {#text} at (658,0) size 62x21
                  text run at (658,0) width 62: " was set."
