layer at (0,0) size 784x943
  RenderView at (0,0) size 784x600
layer at (0,0) size 784x943
  RenderBlock {HTML} at (0,0) size 784x943
    RenderBody {BODY} at (8,8) size 768x927 [bgcolor=#CCCCCC]
      RenderBlock {P} at (0,0) size 768x21
        RenderText {#text} at (0,0) size 395x21
          text run at (0,0) width 395: "The style declarations which apply to the text below are:"
      RenderBlock {PRE} at (0,37) size 768x102
        RenderText {#text} at (0,0) size 313x102
          text run at (0,0) width 305: ".zero {background-color: silver; border-right-width: 0;}"
          text run at (305,0) width 0: " "
          text run at (0,17) width 287: ".one {border-right-width: 25px; border-style: solid;}"
          text run at (287,17) width 0: " "
          text run at (0,34) width 286: ".two {border-right-width: thick; border-style: solid;}"
          text run at (286,34) width 0: " "
          text run at (0,51) width 313: ".three {border-right-width: medium; border-style: solid;}"
          text run at (313,51) width 0: " "
          text run at (0,68) width 281: ".four {border-right-width: thin; border-style: solid;}"
          text run at (281,68) width 0: " "
          text run at (0,85) width 183: ".five {border-right-width: 100px;}"
          text run at (183,85) width 0: " "
      RenderBlock {HR} at (0,152) size 768x2 [border: (1px inset #000000)]
      RenderBlock {P} at (0,170) size 768x21
        RenderText {#text} at (0,0) size 166x21
          text run at (0,0) width 166: "(These will only work if "
        RenderInline {CODE} at (0,0) size 68x17
          RenderText {#text} at (166,3) size 68x17
            text run at (166,3) width 68: "border-style"
        RenderText {#text} at (234,0) size 100x21
          text run at (234,0) width 100: " is supported.)"
      RenderBlock {P} at (0,207) size 768x21 [bgcolor=#C0C0C0]
        RenderText {#text} at (0,0) size 232x21
          text run at (0,0) width 232: "This element has a class of zero."
      RenderBlock {P} at (0,244) size 768x48 [border: (3px solid #000000) (25px solid #000000) (3px solid #000000)]
        RenderText {#text} at (3,3) size 723x42
          text run at (3,3) width 723: "This element should have a right border width of 25 pixels, which will be more obvious if the element is"
          text run at (3,24) width 171: "more than one line long."
      RenderBlock {P} at (0,308) size 768x48 [border: (3px solid #000000) (5px solid #000000) (3px solid #000000)]
        RenderText {#text} at (3,3) size 750x42
          text run at (3,3) width 750: "This element should have a thick right border width, which will be more obvious if the element is more than"
          text run at (3,24) width 96: "one line long."
      RenderBlock {P} at (0,372) size 768x48 [border: (3px solid #000000)]
        RenderText {#text} at (3,3) size 739x42
          text run at (3,3) width 739: "This element should have a medium right border width, which will be more obvious if the element is more"
          text run at (3,24) width 131: "than one line long."
      RenderBlock {P} at (0,436) size 768x48 [border: (3px solid #000000) (1px solid #000000) (3px solid #000000)]
        RenderText {#text} at (3,3) size 743x42
          text run at (3,3) width 743: "This element should have a thin right border width, which will be more obvious if the element is more than"
          text run at (3,24) width 96: "one line long."
      RenderBlock {P} at (0,500) size 768x21
        RenderText {#text} at (0,0) size 583x21
          text run at (0,0) width 583: "This element should have no border and no extra \"padding\" on its right side, as no "
        RenderInline {CODE} at (0,0) size 68x17
          RenderText {#text} at (583,3) size 68x17
            text run at (583,3) width 68: "border-style"
        RenderText {#text} at (651,0) size 62x21
          text run at (651,0) width 62: " was set."
      RenderTable {TABLE} at (0,537) size 768x390 [border: (1px outset #808080)]
        RenderTableSection {TBODY} at (1,1) size 766x388
          RenderTableRow {TR} at (0,0) size 766x29
            RenderTableCell {TD} at (0,0) size 766x29 [bgcolor=#C0C0C0] [border: (1px inset #808080)] [r=0 c=0 rs=1 cs=2]
              RenderInline {STRONG} at (0,0) size 178x21
                RenderText {#text} at (4,4) size 178x21
                  text run at (4,4) width 178: "TABLE Testing Section"
          RenderTableRow {TR} at (0,29) size 766x359
            RenderTableCell {TD} at (0,194) size 12x29 [bgcolor=#C0C0C0] [border: (1px inset #808080)] [r=1 c=0 rs=1 cs=1]
              RenderText {#text} at (4,4) size 4x21
                text run at (4,4) width 4: " "
            RenderTableCell {TD} at (12,29) size 754x359 [border: (1px inset #808080)] [r=1 c=1 rs=1 cs=1]
              RenderBlock {P} at (4,4) size 746x21
                RenderText {#text} at (0,0) size 166x21
                  text run at (0,0) width 166: "(These will only work if "
                RenderInline {CODE} at (0,0) size 68x17
                  RenderText {#text} at (166,3) size 68x17
                    text run at (166,3) width 68: "border-style"
                RenderText {#text} at (234,0) size 100x21
                  text run at (234,0) width 100: " is supported.)"
              RenderBlock {P} at (4,41) size 746x21 [bgcolor=#C0C0C0]
                RenderText {#text} at (0,0) size 232x21
                  text run at (0,0) width 232: "This element has a class of zero."
              RenderBlock {P} at (4,78) size 746x48 [border: (3px solid #000000) (25px solid #000000) (3px solid #000000)]
                RenderText {#text} at (3,3) size 707x42
                  text run at (3,3) width 707: "This element should have a right border width of 25 pixels, which will be more obvious if the element"
                  text run at (3,24) width 187: "is more than one line long."
              RenderBlock {P} at (4,142) size 746x48 [border: (3px solid #000000) (5px solid #000000) (3px solid #000000)]
                RenderText {#text} at (3,3) size 715x42
                  text run at (3,3) width 715: "This element should have a thick right border width, which will be more obvious if the element is more"
                  text run at (3,24) width 131: "than one line long."
              RenderBlock {P} at (4,206) size 746x48 [border: (3px solid #000000)]
                RenderText {#text} at (3,3) size 739x42
                  text run at (3,3) width 739: "This element should have a medium right border width, which will be more obvious if the element is more"
                  text run at (3,24) width 131: "than one line long."
              RenderBlock {P} at (4,270) size 746x48 [border: (3px solid #000000) (1px solid #000000) (3px solid #000000)]
                RenderText {#text} at (3,3) size 708x42
                  text run at (3,3) width 708: "This element should have a thin right border width, which will be more obvious if the element is more"
                  text run at (3,24) width 131: "than one line long."
              RenderBlock {P} at (4,334) size 746x21
                RenderText {#text} at (0,0) size 583x21
                  text run at (0,0) width 583: "This element should have no border and no extra \"padding\" on its right side, as no "
                RenderInline {CODE} at (0,0) size 68x17
                  RenderText {#text} at (583,3) size 68x17
                    text run at (583,3) width 68: "border-style"
                RenderText {#text} at (651,0) size 62x21
                  text run at (651,0) width 62: " was set."
