layer at (0,0) size 784x797
  RenderView at (0,0) size 784x600
layer at (0,0) size 784x797
  RenderBlock {HTML} at (0,0) size 784x797
    RenderBody {BODY} at (8,8) size 768x769 [bgcolor=#CCCCCC]
      RenderBlock {P} at (0,0) size 768x21
        RenderText {#text} at (0,0) size 395x21
          text run at (0,0) width 395: "The style declarations which apply to the text below are:"
      RenderBlock {PRE} at (0,34) size 768x221
        RenderText {#text} at (0,0) size 362x221
          text run at (0,0) width 259: "P { margin: 0; padding: 0; text-align:  justify;}"
          text run at (259,0) width 0: " "
          text run at (0,17) width 0: " "
          text run at (0,34) width 246: "DIV.yellow, DIV.blue, DIV.red, DIV.green {"
          text run at (246,34) width 0: " "
          text run at (0,51) width 246: " width: 60px; padding: 20px; margin: 10px;"
          text run at (246,51) width 0: " "
          text run at (0,68) width 310: " border: 20px solid black; float: left; text-align: center;"
          text run at (310,68) width 0: " "
          text run at (0,85) width 270: " font-family: \"Times New Roman\",Times,serif;}"
          text run at (270,85) width 0: " "
          text run at (0,102) width 362: "DIV.yellow {margin-left: 0px; background: yellow; color: black;}"
          text run at (362,102) width 0: " "
          text run at (0,119) width 239: "DIV.blue {background: blue; color: white;}"
          text run at (239,119) width 0: " "
          text run at (0,136) width 228: "DIV.red {background: red; color: black;}"
          text run at (228,136) width 0: " "
          text run at (0,153) width 255: "DIV.green {background: green; color: white;}"
          text run at (255,153) width 0: " "
          text run at (0,170) width 136: "DIV.below {clear: both;}"
          text run at (136,170) width 0: " "
          text run at (0,187) width 158: "TABLE {margin: 20px 0px;}"
          text run at (158,187) width 0: " "
          text run at (0,204) width 0: " "
      RenderBlock {HR} at (0,268) size 768x2 [border: (1px inset #000000)]
      RenderBlock {P} at (0,278) size 768x63
        RenderText {#text} at (0,0) size 768x63
          text run at (0,0) width 768: "The four floating DIV elements below should appear next to each other horizontally. The table at the bottom"
          text run at (0,21) width 560: "of this page indicates how the DIV elements should be laid out horizontally. "
          text run at (560,21) width 208: "They should align with each"
          text run at (0,42) width 40: "other."
      RenderBlock (floating) {DIV} at (0,351) size 140x101 [bgcolor=#FFFF00] [border: (20px solid #000000)]
        RenderBlock {P} at (40,40) size 60x21
          RenderText {#text} at (0,0) size 49x21
            text run at (0,0) width 49: "Yellow"
      RenderBlock (floating) {DIV} at (160,351) size 140x101 [color=#FFFFFF] [bgcolor=#0000FF] [border: (20px solid #000000)]
        RenderBlock {P} at (40,40) size 60x21
          RenderText {#text} at (0,0) size 33x21
            text run at (0,0) width 33: "Blue"
      RenderBlock (floating) {DIV} at (320,351) size 140x101 [bgcolor=#FF0000] [border: (20px solid #000000)]
        RenderBlock {P} at (40,40) size 60x21
          RenderText {#text} at (0,0) size 30x21
            text run at (0,0) width 30: "Red"
      RenderBlock (floating) {DIV} at (480,351) size 140x101 [color=#FFFFFF] [bgcolor=#008000] [border: (20px solid #000000)]
        RenderBlock {P} at (40,40) size 60x21
          RenderText {#text} at (0,0) size 44x21
            text run at (0,0) width 44: "Green"
      RenderBlock {DIV} at (0,462) size 768x22
        RenderTable {TABLE} at (0,0) size 620x22
          RenderTableSection {TBODY} at (0,0) size 620x22
            RenderTableRow {TR} at (0,0) size 620x22
              RenderTableCell {TD} at (0,10) size 20x1 [bgcolor=#000000] [r=0 c=0 rs=1 cs=1]
                RenderImage {IMG} at (0,0) size 20x1
              RenderTableCell {TD} at (20,10) size 100x1 [bgcolor=#FFFF00] [r=0 c=1 rs=1 cs=1]
                RenderImage {IMG} at (0,0) size 100x1
              RenderTableCell {TD} at (120,11) size 20x0 [bgcolor=#000000] [r=0 c=2 rs=1 cs=1]
              RenderTableCell {TD} at (140,10) size 20x1 [bgcolor=#FFFFFF] [r=0 c=3 rs=1 cs=1]
                RenderImage {IMG} at (0,0) size 20x1
              RenderTableCell {TD} at (160,10) size 20x1 [bgcolor=#000000] [r=0 c=4 rs=1 cs=1]
                RenderImage {IMG} at (0,0) size 20x1
              RenderTableCell {TD} at (180,10) size 100x1 [bgcolor=#0000FF] [r=0 c=5 rs=1 cs=1]
                RenderImage {IMG} at (0,0) size 100x1
              RenderTableCell {TD} at (280,10) size 20x1 [bgcolor=#000000] [r=0 c=6 rs=1 cs=1]
                RenderImage {IMG} at (0,0) size 20x1
              RenderTableCell {TD} at (300,10) size 20x1 [bgcolor=#FFFFFF] [r=0 c=7 rs=1 cs=1]
                RenderImage {IMG} at (0,0) size 20x1
              RenderTableCell {TD} at (320,10) size 20x1 [bgcolor=#000000] [r=0 c=8 rs=1 cs=1]
                RenderImage {IMG} at (0,0) size 20x1
              RenderTableCell {TD} at (340,10) size 100x1 [bgcolor=#FF0000] [r=0 c=9 rs=1 cs=1]
                RenderImage {IMG} at (0,0) size 100x1
              RenderTableCell {TD} at (440,0) size 20x22 [bgcolor=#000000] [r=0 c=10 rs=1 cs=1]
                RenderImage {IMG} at (0,0) size 20x1
                RenderText {#text} at (0,1) size 4x21
                  text run at (0,1) width 4: ";"
              RenderTableCell {TD} at (460,10) size 20x1 [bgcolor=#FFFFFF] [r=0 c=11 rs=1 cs=1]
                RenderImage {IMG} at (0,0) size 20x1
              RenderTableCell {TD} at (480,10) size 20x1 [bgcolor=#000000] [r=0 c=12 rs=1 cs=1]
                RenderImage {IMG} at (0,0) size 20x1
              RenderTableCell {TD} at (500,10) size 100x1 [bgcolor=#008000] [r=0 c=13 rs=1 cs=1]
                RenderImage {IMG} at (0,0) size 100x1
              RenderTableCell {TD} at (600,10) size 20x1 [bgcolor=#000000] [r=0 c=14 rs=1 cs=1]
                RenderImage {IMG} at (0,0) size 20x1
      RenderTable {TABLE} at (0,504) size 768x265 [border: (1px outset #808080)]
        RenderTableSection {TBODY} at (1,1) size 766x263
          RenderTableRow {TR} at (0,0) size 766x29
            RenderTableCell {TD} at (0,0) size 766x29 [bgcolor=#C0C0C0] [border: (1px inset #808080)] [r=0 c=0 rs=1 cs=2]
              RenderInline {STRONG} at (0,0) size 178x21
                RenderText {#text} at (4,4) size 178x21
                  text run at (4,4) width 178: "TABLE Testing Section"
          RenderTableRow {TR} at (0,29) size 766x234
            RenderTableCell {TD} at (0,131) size 12x29 [bgcolor=#C0C0C0] [border: (1px inset #808080)] [r=1 c=0 rs=1 cs=1]
              RenderText {#text} at (4,4) size 4x21
                text run at (4,4) width 4: " "
            RenderTableCell {TD} at (12,29) size 754x234 [border: (1px inset #808080)] [r=1 c=1 rs=1 cs=1]
              RenderBlock {P} at (4,4) size 746x63
                RenderText {#text} at (0,0) size 746x63
                  text run at (0,0) width 746: "The four floating DIV elements below should appear next to each other horizontally. The table at the"
                  text run at (0,21) width 586: "bottom of this page indicates how the DIV elements should be laid out horizontally. "
                  text run at (586,21) width 160: "They should align with"
                  text run at (0,42) width 79: "each other."
              RenderBlock (floating) {DIV} at (4,77) size 140x101 [bgcolor=#FFFF00] [border: (20px solid #000000)]
                RenderBlock {P} at (40,40) size 60x21
                  RenderText {#text} at (0,0) size 49x21
                    text run at (0,0) width 49: "Yellow"
              RenderBlock (floating) {DIV} at (164,77) size 140x101 [color=#FFFFFF] [bgcolor=#0000FF] [border: (20px solid #000000)]
                RenderBlock {P} at (40,40) size 60x21
                  RenderText {#text} at (0,0) size 33x21
                    text run at (0,0) width 33: "Blue"
              RenderBlock (floating) {DIV} at (324,77) size 140x101 [bgcolor=#FF0000] [border: (20px solid #000000)]
                RenderBlock {P} at (40,40) size 60x21
                  RenderText {#text} at (0,0) size 30x21
                    text run at (0,0) width 30: "Red"
              RenderBlock (floating) {DIV} at (484,77) size 140x101 [color=#FFFFFF] [bgcolor=#008000] [border: (20px solid #000000)]
                RenderBlock {P} at (40,40) size 60x21
                  RenderText {#text} at (0,0) size 44x21
                    text run at (0,0) width 44: "Green"
              RenderBlock {DIV} at (4,188) size 746x22
                RenderTable {TABLE} at (0,0) size 620x22
                  RenderTableSection {TBODY} at (0,0) size 620x22
                    RenderTableRow {TR} at (0,0) size 620x22
                      RenderTableCell {TD} at (0,10) size 20x1 [bgcolor=#000000] [r=0 c=0 rs=1 cs=1]
                        RenderImage {IMG} at (0,0) size 20x1
                      RenderTableCell {TD} at (20,10) size 100x1 [bgcolor=#FFFF00] [r=0 c=1 rs=1 cs=1]
                        RenderImage {IMG} at (0,0) size 100x1
                      RenderTableCell {TD} at (120,11) size 20x0 [bgcolor=#000000] [r=0 c=2 rs=1 cs=1]
                      RenderTableCell {TD} at (140,10) size 20x1 [bgcolor=#FFFFFF] [r=0 c=3 rs=1 cs=1]
                        RenderImage {IMG} at (0,0) size 20x1
                      RenderTableCell {TD} at (160,10) size 20x1 [bgcolor=#000000] [r=0 c=4 rs=1 cs=1]
                        RenderImage {IMG} at (0,0) size 20x1
                      RenderTableCell {TD} at (180,10) size 100x1 [bgcolor=#0000FF] [r=0 c=5 rs=1 cs=1]
                        RenderImage {IMG} at (0,0) size 100x1
                      RenderTableCell {TD} at (280,10) size 20x1 [bgcolor=#000000] [r=0 c=6 rs=1 cs=1]
                        RenderImage {IMG} at (0,0) size 20x1
                      RenderTableCell {TD} at (300,10) size 20x1 [bgcolor=#FFFFFF] [r=0 c=7 rs=1 cs=1]
                        RenderImage {IMG} at (0,0) size 20x1
                      RenderTableCell {TD} at (320,10) size 20x1 [bgcolor=#000000] [r=0 c=8 rs=1 cs=1]
                        RenderImage {IMG} at (0,0) size 20x1
                      RenderTableCell {TD} at (340,10) size 100x1 [bgcolor=#FF0000] [r=0 c=9 rs=1 cs=1]
                        RenderImage {IMG} at (0,0) size 100x1
                      RenderTableCell {TD} at (440,0) size 20x22 [bgcolor=#000000] [r=0 c=10 rs=1 cs=1]
                        RenderImage {IMG} at (0,0) size 20x1
                        RenderText {#text} at (0,1) size 4x21
                          text run at (0,1) width 4: ";"
                      RenderTableCell {TD} at (460,10) size 20x1 [bgcolor=#FFFFFF] [r=0 c=11 rs=1 cs=1]
                        RenderImage {IMG} at (0,0) size 20x1
                      RenderTableCell {TD} at (480,10) size 20x1 [bgcolor=#000000] [r=0 c=12 rs=1 cs=1]
                        RenderImage {IMG} at (0,0) size 20x1
                      RenderTableCell {TD} at (500,10) size 100x1 [bgcolor=#008000] [r=0 c=13 rs=1 cs=1]
                        RenderImage {IMG} at (0,0) size 100x1
                      RenderTableCell {TD} at (600,10) size 20x1 [bgcolor=#000000] [r=0 c=14 rs=1 cs=1]
                        RenderImage {IMG} at (0,0) size 20x1
