layer at (0,0) size 800x600
  RenderView at (0,0) size 800x600
layer at (0,0) size 800x600
  RenderBlock {HTML} at (0,0) size 800x600
    RenderBody {BODY} at (8,8) size 784x584 [bgcolor=#CCCCCC]
      RenderBlock {P} at (0,0) size 784x21
        RenderText {#text} at (0,0) size 395x21
          text run at (0,0) width 395: "The style declarations which apply to the text below are:"
      RenderBlock {PRE} at (0,37) size 784x51
        RenderText {#text} at (0,0) size 98x51
          text run at (0,0) width 92: ".one {float: left;}"
          text run at (92,0) width 0: " "
          text run at (0,17) width 98: ".two {float: right;}"
          text run at (98,17) width 0: " "
          text run at (0,34) width 0: " "
      RenderBlock {HR} at (0,101) size 784x2 [border: (1px inset #000000)]
      RenderImage {IMG} at (0,111) size 15x50
      RenderBlock {P} at (0,119) size 784x42
        RenderText {#text} at (15,0) size 759x42
          text run at (15,0) width 663: "This text should be flowing past a tall orange rectangle on the left side of the browser window. "
          text run at (678,0) width 96: "In this case, it"
          text run at (15,21) width 326: "is the image which has been floated to the left."
      RenderBlock (anonymous) at (0,177) size 784x21
        RenderBR {BR} at (0,0) size 0x21
      RenderBlock {HR} at (0,206) size 784x2 [border: (1px inset #000000)]
      RenderImage {IMG} at (769,216) size 15x50
      RenderBlock {P} at (0,224) size 784x42
        RenderText {#text} at (0,0) size 769x42
          text run at (0,0) width 673: "This text should be flowing past a tall orange rectangle on the right side of the browser window. "
          text run at (673,0) width 96: "In this case, it"
          text run at (0,21) width 336: "is the image which has been floated to the right."
      RenderTable {TABLE} at (0,282) size 784x186 [border: (1px outset #808080)]
        RenderTableSection {TBODY} at (1,1) size 782x184
          RenderTableRow {TR} at (0,0) size 782x29
            RenderTableCell {TD} at (0,0) size 782x29 [bgcolor=#C0C0C0] [border: (1px inset #808080)] [r=0 c=0 rs=1 cs=2]
              RenderInline {STRONG} at (0,0) size 178x21
                RenderText {#text} at (4,4) size 178x21
                  text run at (4,4) width 178: "TABLE Testing Section"
          RenderTableRow {TR} at (0,29) size 782x155
            RenderTableCell {TD} at (0,92) size 12x29 [bgcolor=#C0C0C0] [border: (1px inset #808080)] [r=1 c=0 rs=1 cs=1]
              RenderText {#text} at (4,4) size 4x21
                text run at (4,4) width 4: " "
            RenderTableCell {TD} at (12,29) size 770x155 [border: (1px inset #808080)] [r=1 c=1 rs=1 cs=1]
              RenderImage {IMG} at (4,4) size 15x50
              RenderBlock {P} at (4,4) size 762x42
                RenderText {#text} at (15,0) size 747x42
                  text run at (15,0) width 663: "This text should be flowing past a tall orange rectangle on the left side of the browser window. "
                  text run at (678,0) width 84: "In this case,"
                  text run at (15,21) width 338: "it is the image which has been floated to the left."
              RenderBlock (anonymous) at (4,62) size 762x21
                RenderBR {BR} at (0,0) size 0x21
              RenderBlock {HR} at (4,91) size 762x2 [border: (1px inset #000000)]
              RenderImage {IMG} at (751,101) size 15x50
              RenderBlock {P} at (4,109) size 762x42
                RenderText {#text} at (0,0) size 715x42
                  text run at (0,0) width 673: "This text should be flowing past a tall orange rectangle on the right side of the browser window. "
                  text run at (673,0) width 42: "In this"
                  text run at (0,21) width 390: "case, it is the image which has been floated to the right."
