layer at (0,0) size 784x1768
  RenderView at (0,0) size 784x600
layer at (0,0) size 784x1768
  RenderBlock {HTML} at (0,0) size 784x1768
    RenderBody {BODY} at (8,8) size 768x1752 [bgcolor=#CCCCCC]
      RenderBlock {P} at (0,0) size 768x21
        RenderText {#text} at (0,0) size 395x21
          text run at (0,0) width 395: "The style declarations which apply to the text below are:"
      RenderBlock {PRE} at (0,34) size 768x136
        RenderText {#text} at (0,0) size 286x136
          text run at (0,0) width 267: ".zero {background-color: silver; margin-top: 0;}"
          text run at (267,0) width 0: " "
          text run at (0,17) width 281: ".one {margin-top: 0.5in; background-color: aqua;}"
          text run at (281,17) width 0: " "
          text run at (0,34) width 280: ".two {margin-top: 25px; background-color: aqua;}"
          text run at (280,34) width 0: " "
          text run at (0,51) width 286: ".three {margin-top: 5em; background-color: aqua;}"
          text run at (286,51) width 0: " "
          text run at (0,68) width 280: ".four {margin-top: 25%; background-color: aqua;}"
          text run at (280,68) width 0: " "
          text run at (0,85) width 138: ".five {margin-top: 25px;}"
          text run at (138,85) width 0: " "
          text run at (0,102) width 281: ".six {margin-top: -10px; background-color: aqua;}"
          text run at (281,102) width 0: " "
          text run at (0,119) width 147: "P, UL {margin-bottom: 0;}"
          text run at (147,119) width 0: " "
      RenderBlock {HR} at (0,183) size 768x2 [border: (1px inset #000000)]
      RenderBlock {P} at (0,193) size 768x21 [bgcolor=#C0C0C0]
        RenderText {#text} at (0,0) size 232x21
          text run at (0,0) width 232: "This element has a class of zero."
      RenderBlock {P} at (0,214) size 768x21 [bgcolor=#C0C0C0]
        RenderText {#text} at (0,0) size 266x21
          text run at (0,0) width 266: "This element also has a class of zero."
      RenderBlock {P} at (0,283) size 768x42 [bgcolor=#00FFFF]
        RenderText {#text} at (0,0) size 761x42
          text run at (0,0) width 761: "This element should have a top margin of half an inch, which will require extra text in order to make sure that"
          text run at (0,21) width 254: "the margin isn't applied to each line."
      RenderBlock {P} at (0,350) size 768x42 [bgcolor=#00FFFF]
        RenderText {#text} at (0,0) size 743x42
          text run at (0,0) width 743: "This element should have a top margin of 25 pixels, which will require extra text in order to make sure that"
          text run at (0,21) width 254: "the margin isn't applied to each line."
      RenderBlock {P} at (0,472) size 768x42 [bgcolor=#00FFFF]
        RenderText {#text} at (0,0) size 740x42
          text run at (0,0) width 740: "This element should have a top margin of 5 em, which will require extra text in order to make sure that the"
          text run at (0,21) width 228: "margin isn't applied to each line."
      RenderBlock {P} at (0,706) size 768x42 [bgcolor=#00FFFF]
        RenderText {#text} at (0,0) size 737x42
          text run at (0,0) width 737: "This element should have a top margin of 25%, which is calculated with respect to the width of the parent"
          text run at (0,21) width 65: "element. "
          text run at (65,21) width 289: "This will require extra text in order to test."
      RenderBlock {UL} at (0,773) size 768x109 [bgcolor=#00FFFF]
        RenderListItem {LI} at (40,0) size 728x21
          RenderListMarker at (-18,0) size 7x21: bullet
          RenderText {#text} at (0,0) size 443x21
            text run at (0,0) width 443: "This list has a margin-top of 25px, and a light blue background."
        RenderListItem {LI} at (40,21) size 728x21
          RenderListMarker at (-18,0) size 7x21: bullet
          RenderText {#text} at (0,0) size 293x21
            text run at (0,0) width 293: "Therefore, it ought to have such a margin."
        RenderListItem {LI} at (40,67) size 728x21
          RenderListMarker at (-18,0) size 7x21: bullet
          RenderText {#text} at (0,0) size 629x21
            text run at (0,0) width 629: "This list item has a top margin of 25px, which should cause it to be offset in some fashion."
        RenderListItem {LI} at (40,88) size 728x21
          RenderListMarker at (-18,0) size 7x21: bullet
          RenderText {#text} at (0,0) size 331x21
            text run at (0,0) width 331: "This list item has no special styles applied to it."
      RenderBlock {P} at (0,882) size 768x21 [bgcolor=#C0C0C0]
        RenderText {#text} at (0,0) size 232x21
          text run at (0,0) width 232: "This element has a class of zero."
      RenderBlock {P} at (0,893) size 768x63 [bgcolor=#00FFFF]
        RenderText {#text} at (0,0) size 740x63
          text run at (0,0) width 740: "This element has a top margin of -10px, which should cause it to be shifted \"upward\" on the page, and no"
          text run at (0,21) width 109: "bottom margin. "
          text run at (109,21) width 548: "No other styles have been applied to it besides a light blue background color. "
          text run at (657,21) width 74: "In all other"
          text run at (0,42) width 282: "respects, the element should be normal."
      RenderTable {TABLE} at (0,956) size 768x796 [border: (1px outset #808080)]
        RenderTableSection {TBODY} at (1,1) size 766x794
          RenderTableRow {TR} at (0,0) size 766x29
            RenderTableCell {TD} at (0,0) size 766x29 [bgcolor=#C0C0C0] [border: (1px inset #808080)] [r=0 c=0 rs=1 cs=2]
              RenderInline {STRONG} at (0,0) size 178x21
                RenderText {#text} at (4,4) size 178x21
                  text run at (4,4) width 178: "TABLE Testing Section"
          RenderTableRow {TR} at (0,29) size 766x765
            RenderTableCell {TD} at (0,397) size 12x29 [bgcolor=#C0C0C0] [border: (1px inset #808080)] [r=1 c=0 rs=1 cs=1]
              RenderText {#text} at (4,4) size 4x21
                text run at (4,4) width 4: " "
            RenderTableCell {TD} at (12,29) size 754x765 [border: (1px inset #808080)] [r=1 c=1 rs=1 cs=1]
              RenderBlock {P} at (4,4) size 746x21 [bgcolor=#C0C0C0]
                RenderText {#text} at (0,0) size 232x21
                  text run at (0,0) width 232: "This element has a class of zero."
              RenderBlock {P} at (4,25) size 746x21 [bgcolor=#C0C0C0]
                RenderText {#text} at (0,0) size 266x21
                  text run at (0,0) width 266: "This element also has a class of zero."
              RenderBlock {P} at (4,94) size 746x42 [bgcolor=#00FFFF]
                RenderText {#text} at (0,0) size 731x42
                  text run at (0,0) width 731: "This element should have a top margin of half an inch, which will require extra text in order to make sure"
                  text run at (0,21) width 284: "that the margin isn't applied to each line."
              RenderBlock {P} at (4,161) size 746x42 [bgcolor=#00FFFF]
                RenderText {#text} at (0,0) size 743x42
                  text run at (0,0) width 743: "This element should have a top margin of 25 pixels, which will require extra text in order to make sure that"
                  text run at (0,21) width 254: "the margin isn't applied to each line."
              RenderBlock {P} at (4,283) size 746x42 [bgcolor=#00FFFF]
                RenderText {#text} at (0,0) size 740x42
                  text run at (0,0) width 740: "This element should have a top margin of 5 em, which will require extra text in order to make sure that the"
                  text run at (0,21) width 228: "margin isn't applied to each line."
              RenderBlock {P} at (4,511) size 746x42 [bgcolor=#00FFFF]
                RenderText {#text} at (0,0) size 737x42
                  text run at (0,0) width 737: "This element should have a top margin of 25%, which is calculated with respect to the width of the parent"
                  text run at (0,21) width 65: "element. "
                  text run at (65,21) width 289: "This will require extra text in order to test."
              RenderBlock {UL} at (4,578) size 746x109 [bgcolor=#00FFFF]
                RenderListItem {LI} at (40,0) size 706x21
                  RenderListMarker at (-18,0) size 7x21: bullet
                  RenderText {#text} at (0,0) size 443x21
                    text run at (0,0) width 443: "This list has a margin-top of 25px, and a light blue background."
                RenderListItem {LI} at (40,21) size 706x21
                  RenderListMarker at (-18,0) size 7x21: bullet
                  RenderText {#text} at (0,0) size 293x21
                    text run at (0,0) width 293: "Therefore, it ought to have such a margin."
                RenderListItem {LI} at (40,67) size 706x21
                  RenderListMarker at (-18,0) size 7x21: bullet
                  RenderText {#text} at (0,0) size 629x21
                    text run at (0,0) width 629: "This list item has a top margin of 25px, which should cause it to be offset in some fashion."
                RenderListItem {LI} at (40,88) size 706x21
                  RenderListMarker at (-18,0) size 7x21: bullet
                  RenderText {#text} at (0,0) size 331x21
                    text run at (0,0) width 331: "This list item has no special styles applied to it."
              RenderBlock {P} at (4,687) size 746x21 [bgcolor=#C0C0C0]
                RenderText {#text} at (0,0) size 232x21
                  text run at (0,0) width 232: "This element has a class of zero."
              RenderBlock {P} at (4,698) size 746x63 [bgcolor=#00FFFF]
                RenderText {#text} at (0,0) size 740x63
                  text run at (0,0) width 740: "This element has a top margin of -10px, which should cause it to be shifted \"upward\" on the page, and no"
                  text run at (0,21) width 109: "bottom margin. "
                  text run at (109,21) width 548: "No other styles have been applied to it besides a light blue background color. "
                  text run at (657,21) width 74: "In all other"
                  text run at (0,42) width 282: "respects, the element should be normal."
