layer at (0,0) size 784x1872
  RenderView at (0,0) size 784x600
layer at (0,0) size 784x1872
  RenderBlock {HTML} at (0,0) size 784x1872
    RenderBody {BODY} at (8,8) size 768x1856 [bgcolor=#CCCCCC]
      RenderBlock {P} at (0,0) size 768x21
        RenderText {#text} at (0,0) size 395x21
          text run at (0,0) width 395: "The style declarations which apply to the text below are:"
      RenderBlock {PRE} at (0,37) size 768x153
        RenderText {#text} at (0,0) size 308x153
          text run at (0,0) width 289: ".zero {background-color: silver; margin-bottom: 0;}"
          text run at (289,0) width 0: " "
          text run at (0,17) width 303: ".one {margin-bottom: 0.5in; background-color: aqua;}"
          text run at (303,17) width 0: " "
          text run at (0,34) width 302: ".two {margin-bottom: 25px; background-color: aqua;}"
          text run at (302,34) width 0: " "
          text run at (0,51) width 308: ".three {margin-bottom: 5em; background-color: aqua;}"
          text run at (308,51) width 0: " "
          text run at (0,68) width 302: ".four {margin-bottom: 25%; background-color: aqua;}"
          text run at (302,68) width 0: " "
          text run at (0,85) width 160: ".five {margin-bottom: 25px;}"
          text run at (160,85) width 0: " "
          text run at (0,102) width 303: ".six {margin-bottom: -10px; background-color: aqua;}"
          text run at (303,102) width 0: " "
          text run at (0,119) width 125: "P, UL {margin-top: 0;}"
          text run at (125,119) width 0: " "
          text run at (0,136) width 0: " "
      RenderBlock {HR} at (0,203) size 768x2 [border: (1px inset #000000)]
      RenderBlock {P} at (0,213) size 768x21 [bgcolor=#C0C0C0]
        RenderText {#text} at (0,0) size 232x21
          text run at (0,0) width 232: "This element has a class of zero."
      RenderBlock {P} at (0,234) size 768x42 [bgcolor=#00FFFF]
        RenderText {#text} at (0,0) size 765x42
          text run at (0,0) width 765: "This sentence should have a bottom margin of half an inch, which will require extra text in order to make sure"
          text run at (0,21) width 284: "that the margin isn't applied to each line."
      RenderBlock {P} at (0,324) size 768x42 [bgcolor=#00FFFF]
        RenderText {#text} at (0,0) size 747x42
          text run at (0,0) width 747: "This sentence should have a bottom margin of 25 pixels, which will require extra text in order to make sure"
          text run at (0,21) width 284: "that the margin isn't applied to each line."
      RenderBlock {P} at (0,391) size 768x42 [bgcolor=#00FFFF]
        RenderText {#text} at (0,0) size 748x42
          text run at (0,0) width 748: "This sentence should have a bottom margin of 5 em, which will require extra text in order to make sure that"
          text run at (0,21) width 254: "the margin isn't applied to each line."
      RenderBlock {P} at (0,513) size 768x42 [bgcolor=#00FFFF]
        RenderText {#text} at (0,0) size 763x42
          text run at (0,0) width 763: "This element should have a bottom margin of 25%, which will require extra text in order to make sure that the"
          text run at (0,21) width 228: "margin isn't applied to each line."
      RenderBlock {P} at (0,747) size 768x21 [bgcolor=#C0C0C0]
        RenderText {#text} at (0,0) size 232x21
          text run at (0,0) width 232: "This element has a class of zero."
      RenderBlock {P} at (0,768) size 768x21 [bgcolor=#C0C0C0]
        RenderText {#text} at (0,0) size 266x21
          text run at (0,0) width 266: "This element also has a class of zero."
      RenderBlock {UL} at (0,789) size 768x109 [bgcolor=#00FFFF]
        RenderListItem {LI} at (40,0) size 728x21
          RenderListMarker at (-18,0) size 7x21: bullet
          RenderText {#text} at (0,0) size 469x21
            text run at (0,0) width 469: "This list has a margin-bottom of 25px, and a light blue background."
        RenderListItem {LI} at (40,21) size 728x21
          RenderListMarker at (-18,0) size 7x21: bullet
          RenderText {#text} at (0,0) size 293x21
            text run at (0,0) width 293: "Therefore, it ought to have such a margin."
        RenderListItem {LI} at (40,42) size 728x21
          RenderListMarker at (-18,0) size 7x21: bullet
          RenderText {#text} at (0,0) size 655x21
            text run at (0,0) width 655: "This list item has a bottom margin of 25px, which should cause it to be offset in some fashion."
        RenderListItem {LI} at (40,88) size 728x21
          RenderListMarker at (-18,0) size 7x21: bullet
          RenderText {#text} at (0,0) size 331x21
            text run at (0,0) width 331: "This list item has no special styles applied to it."
      RenderBlock {P} at (0,923) size 768x63 [bgcolor=#00FFFF]
        RenderText {#text} at (0,0) size 767x63
          text run at (0,0) width 763: "This paragraph has a bottom margin of -10px, which should cause elements after it to be shifted \"upward\" on"
          text run at (0,21) width 206: "the page, and no top margin. "
          text run at (206,21) width 548: "No other styles have been applied to it besides a light blue background color. "
          text run at (754,21) width 13: "In"
          text run at (0,42) width 343: "all other respects, the element should be normal."
      RenderBlock {P} at (0,976) size 768x21 [bgcolor=#C0C0C0]
        RenderText {#text} at (0,0) size 232x21
          text run at (0,0) width 232: "This element has a class of zero."
      RenderBlock {P} at (0,997) size 768x21 [bgcolor=#C0C0C0]
        RenderText {#text} at (0,0) size 266x21
          text run at (0,0) width 266: "This element also has a class of zero."
      RenderTable {TABLE} at (0,1018) size 768x838 [border: (1px outset #808080)]
        RenderTableSection {TBODY} at (1,1) size 766x836
          RenderTableRow {TR} at (0,0) size 766x29
            RenderTableCell {TD} at (0,0) size 766x29 [bgcolor=#C0C0C0] [border: (1px inset #808080)] [r=0 c=0 rs=1 cs=2]
              RenderInline {STRONG} at (0,0) size 178x21
                RenderText {#text} at (4,4) size 178x21
                  text run at (4,4) width 178: "TABLE Testing Section"
          RenderTableRow {TR} at (0,29) size 766x807
            RenderTableCell {TD} at (0,418) size 12x29 [bgcolor=#C0C0C0] [border: (1px inset #808080)] [r=1 c=0 rs=1 cs=1]
              RenderText {#text} at (4,4) size 4x21
                text run at (4,4) width 4: " "
            RenderTableCell {TD} at (12,29) size 754x807 [border: (1px inset #808080)] [r=1 c=1 rs=1 cs=1]
              RenderBlock {P} at (4,4) size 746x21 [bgcolor=#C0C0C0]
                RenderText {#text} at (0,0) size 232x21
                  text run at (0,0) width 232: "This element has a class of zero."
              RenderBlock {P} at (4,25) size 746x42 [bgcolor=#00FFFF]
                RenderText {#text} at (0,0) size 730x42
                  text run at (0,0) width 730: "This sentence should have a bottom margin of half an inch, which will require extra text in order to make"
                  text run at (0,21) width 319: "sure that the margin isn't applied to each line."
              RenderBlock {P} at (4,115) size 746x42 [bgcolor=#00FFFF]
                RenderText {#text} at (0,0) size 712x42
                  text run at (0,0) width 712: "This sentence should have a bottom margin of 25 pixels, which will require extra text in order to make"
                  text run at (0,21) width 319: "sure that the margin isn't applied to each line."
              RenderBlock {P} at (4,182) size 746x42 [bgcolor=#00FFFF]
                RenderText {#text} at (0,0) size 718x42
                  text run at (0,0) width 718: "This sentence should have a bottom margin of 5 em, which will require extra text in order to make sure"
                  text run at (0,21) width 284: "that the margin isn't applied to each line."
              RenderBlock {P} at (4,304) size 746x42 [bgcolor=#00FFFF]
                RenderText {#text} at (0,0) size 737x42
                  text run at (0,0) width 737: "This element should have a bottom margin of 25%, which will require extra text in order to make sure that"
                  text run at (0,21) width 254: "the margin isn't applied to each line."
              RenderBlock {P} at (4,532) size 746x21 [bgcolor=#C0C0C0]
                RenderText {#text} at (0,0) size 232x21
                  text run at (0,0) width 232: "This element has a class of zero."
              RenderBlock {P} at (4,553) size 746x21 [bgcolor=#C0C0C0]
                RenderText {#text} at (0,0) size 266x21
                  text run at (0,0) width 266: "This element also has a class of zero."
              RenderBlock {UL} at (4,574) size 746x109 [bgcolor=#00FFFF]
                RenderListItem {LI} at (40,0) size 706x21
                  RenderListMarker at (-18,0) size 7x21: bullet
                  RenderText {#text} at (0,0) size 469x21
                    text run at (0,0) width 469: "This list has a margin-bottom of 25px, and a light blue background."
                RenderListItem {LI} at (40,21) size 706x21
                  RenderListMarker at (-18,0) size 7x21: bullet
                  RenderText {#text} at (0,0) size 293x21
                    text run at (0,0) width 293: "Therefore, it ought to have such a margin."
                RenderListItem {LI} at (40,42) size 706x21
                  RenderListMarker at (-18,0) size 7x21: bullet
                  RenderText {#text} at (0,0) size 655x21
                    text run at (0,0) width 655: "This list item has a bottom margin of 25px, which should cause it to be offset in some fashion."
                RenderListItem {LI} at (40,88) size 706x21
                  RenderListMarker at (-18,0) size 7x21: bullet
                  RenderText {#text} at (0,0) size 331x21
                    text run at (0,0) width 331: "This list item has no special styles applied to it."
              RenderBlock {P} at (4,708) size 746x63 [bgcolor=#00FFFF]
                RenderText {#text} at (0,0) size 741x63
                  text run at (0,0) width 741: "This paragraph has a bottom margin of -10px, which should cause elements after it to be shifted \"upward\""
                  text run at (0,21) width 228: "on the page, and no top margin. "
                  text run at (228,21) width 501: "No other styles have been applied to it besides a light blue background"
                  text run at (0,42) width 43: "color. "
                  text run at (43,42) width 360: "In all other respects, the element should be normal."
              RenderBlock {P} at (4,761) size 746x21 [bgcolor=#C0C0C0]
                RenderText {#text} at (0,0) size 232x21
                  text run at (0,0) width 232: "This element has a class of zero."
              RenderBlock {P} at (4,782) size 746x21 [bgcolor=#C0C0C0]
                RenderText {#text} at (0,0) size 266x21
                  text run at (0,0) width 266: "This element also has a class of zero."
