layer at (0,0) size 784x1179
  RenderView at (0,0) size 784x600
layer at (0,0) size 784x1179
  RenderBlock {HTML} at (0,0) size 784x1179
    RenderBody {BODY} at (8,8) size 768x1163 [bgcolor=#CCCCCC]
      RenderBlock {P} at (0,0) size 768x21
        RenderText {#text} at (0,0) size 395x21
          text run at (0,0) width 395: "The style declarations which apply to the text below are:"
      RenderBlock {PRE} at (0,37) size 768x102
        RenderText {#text} at (0,0) size 286x102
          text run at (0,0) width 267: ".zero {background-color: silver; margin-left: 0;}"
          text run at (267,0) width 0: " "
          text run at (0,17) width 281: ".one {margin-left: 0.5in; background-color: aqua;}"
          text run at (281,17) width 0: " "
          text run at (0,34) width 280: ".two {margin-left: 25px; background-color: aqua;}"
          text run at (280,34) width 0: " "
          text run at (0,51) width 286: ".three {margin-left: 5em; background-color: aqua;}"
          text run at (286,51) width 0: " "
          text run at (0,68) width 280: ".four {margin-left: 25%; background-color: aqua;}"
          text run at (280,68) width 0: " "
          text run at (0,85) width 285: ".five {margin-left: -10px; background-color: aqua;}"
          text run at (285,85) width 0: " "
      RenderBlock {HR} at (0,152) size 768x2 [border: (1px inset #000000)]
      RenderBlock {P} at (0,170) size 768x21 [bgcolor=#C0C0C0]
        RenderText {#text} at (0,0) size 232x21
          text run at (0,0) width 232: "This element has a class of zero."
      RenderBlock {P} at (48,207) size 720x21 [bgcolor=#00FFFF]
        RenderText {#text} at (0,0) size 389x21
          text run at (0,0) width 389: "This sentence should have a left margin of half an inch."
      RenderBlock {P} at (25,244) size 743x21 [bgcolor=#00FFFF]
        RenderText {#text} at (0,0) size 371x21
          text run at (0,0) width 371: "This sentence should have a left margin of 25 pixels."
      RenderBlock {P} at (80,281) size 688x21 [bgcolor=#00FFFF]
        RenderText {#text} at (0,0) size 342x21
          text run at (0,0) width 342: "This sentence should have a left margin of 5 em."
      RenderBlock {P} at (192,318) size 576x42 [bgcolor=#00FFFF]
        RenderText {#text} at (0,0) size 567x42
          text run at (0,0) width 567: "This sentence should have a left margin of 25%, which is calculated with respect"
          text run at (0,21) width 238: "to the width of the parent element."
      RenderBlock {UL} at (25,376) size 743x147 [bgcolor=#808080]
        RenderListItem {LI} at (40,0) size 703x42
          RenderListMarker at (-18,0) size 7x21: bullet
          RenderText {#text} at (0,0) size 690x42
            text run at (0,0) width 690: "The left margin on this unordered list has been set to 25 pixels, and its background color has been"
            text run at (0,21) width 77: "set to gray."
        RenderListItem {LI} at (65,42) size 678x84 [bgcolor=#FFFFFF]
          RenderListMarker at (-18,0) size 7x21: bullet
          RenderText {#text} at (0,0) size 677x84
            text run at (0,0) width 677: "Another list item might not be such a bad idea, either, considering that such things do need to be"
            text run at (0,21) width 122: "double-checked. "
            text run at (122,21) width 528: "This list item has its left margin also set to 25 pixels, which should combine"
            text run at (0,42) width 635: "with the list's margin to make 50 pixels of margin, and its background color has been set to"
            text run at (0,63) width 42: "white."
        RenderListItem {LI} at (40,126) size 703x21
          RenderListMarker at (-18,0) size 7x21: bullet
          RenderText {#text} at (0,0) size 204x21
            text run at (0,0) width 204: "This is an unclassed list item"
      RenderBlock {P} at (0,539) size 768x21 [bgcolor=#C0C0C0]
        RenderText {#text} at (0,0) size 232x21
          text run at (0,0) width 232: "This element has a class of zero."
      RenderBlock {P} at (-10,576) size 778x63 [bgcolor=#00FFFF]
        RenderText {#text} at (0,0) size 765x63
          text run at (0,0) width 765: "This paragraph has a left margin of -10px, which should cause it to be wider than it might otherwise be, and it"
          text run at (0,21) width 204: "has a light blue background. "
          text run at (204,21) width 433: "In all other respects, however, the element should be normal. "
          text run at (637,21) width 105: "No styles have"
          text run at (0,42) width 539: "been applied to it besides the negative left margin and the background color."
      RenderTable {TABLE} at (0,655) size 768x508 [border: (1px outset #808080)]
        RenderTableSection {TBODY} at (1,1) size 766x506
          RenderTableRow {TR} at (0,0) size 766x29
            RenderTableCell {TD} at (0,0) size 766x29 [bgcolor=#C0C0C0] [border: (1px inset #808080)] [r=0 c=0 rs=1 cs=2]
              RenderInline {STRONG} at (0,0) size 178x21
                RenderText {#text} at (4,4) size 178x21
                  text run at (4,4) width 178: "TABLE Testing Section"
          RenderTableRow {TR} at (0,29) size 766x477
            RenderTableCell {TD} at (0,253) size 12x29 [bgcolor=#C0C0C0] [border: (1px inset #808080)] [r=1 c=0 rs=1 cs=1]
              RenderText {#text} at (4,4) size 4x21
                text run at (4,4) width 4: " "
            RenderTableCell {TD} at (12,29) size 754x477 [border: (1px inset #808080)] [r=1 c=1 rs=1 cs=1]
              RenderBlock {P} at (4,4) size 746x21 [bgcolor=#C0C0C0]
                RenderText {#text} at (0,0) size 232x21
                  text run at (0,0) width 232: "This element has a class of zero."
              RenderBlock {P} at (52,41) size 698x21 [bgcolor=#00FFFF]
                RenderText {#text} at (0,0) size 389x21
                  text run at (0,0) width 389: "This sentence should have a left margin of half an inch."
              RenderBlock {P} at (29,78) size 721x21 [bgcolor=#00FFFF]
                RenderText {#text} at (0,0) size 371x21
                  text run at (0,0) width 371: "This sentence should have a left margin of 25 pixels."
              RenderBlock {P} at (84,115) size 666x21 [bgcolor=#00FFFF]
                RenderText {#text} at (0,0) size 342x21
                  text run at (0,0) width 342: "This sentence should have a left margin of 5 em."
              RenderBlock {P} at (190,152) size 560x42 [bgcolor=#00FFFF]
                RenderText {#text} at (0,0) size 511x42
                  text run at (0,0) width 511: "This sentence should have a left margin of 25%, which is calculated with"
                  text run at (0,21) width 294: "respect to the width of the parent element."
              RenderBlock {UL} at (29,210) size 721x147 [bgcolor=#808080]
                RenderListItem {LI} at (40,0) size 681x42
                  RenderListMarker at (-18,0) size 7x21: bullet
                  RenderText {#text} at (0,0) size 650x42
                    text run at (0,0) width 650: "The left margin on this unordered list has been set to 25 pixels, and its background color has"
                    text run at (0,21) width 117: "been set to gray."
                RenderListItem {LI} at (65,42) size 656x84 [bgcolor=#FFFFFF]
                  RenderListMarker at (-18,0) size 7x21: bullet
                  RenderText {#text} at (0,0) size 655x84
                    text run at (0,0) width 655: "Another list item might not be such a bad idea, either, considering that such things do need to"
                    text run at (0,21) width 144: "be double-checked. "
                    text run at (144,21) width 463: "This list item has its left margin also set to 25 pixels, which should"
                    text run at (0,42) width 618: "combine with the list's margin to make 50 pixels of margin, and its background color has"
                    text run at (0,63) width 124: "been set to white."
                RenderListItem {LI} at (40,126) size 681x21
                  RenderListMarker at (-18,0) size 7x21: bullet
                  RenderText {#text} at (0,0) size 204x21
                    text run at (0,0) width 204: "This is an unclassed list item"
              RenderBlock {P} at (4,373) size 746x21 [bgcolor=#C0C0C0]
                RenderText {#text} at (0,0) size 232x21
                  text run at (0,0) width 232: "This element has a class of zero."
              RenderBlock {P} at (-6,410) size 756x63 [bgcolor=#00FFFF]
                RenderText {#text} at (0,0) size 754x63
                  text run at (0,0) width 753: "This paragraph has a left margin of -10px, which should cause it to be wider than it might otherwise be, and"
                  text run at (0,21) width 216: "it has a light blue background. "
                  text run at (216,21) width 433: "In all other respects, however, the element should be normal. "
                  text run at (649,21) width 105: "No styles have"
                  text run at (0,42) width 539: "been applied to it besides the negative left margin and the background color."
