layer at (0,0) size 784x1315
  RenderView at (0,0) size 784x600
layer at (0,0) size 784x1315
  RenderBlock {HTML} at (0,0) size 784x1315
    RenderBody {BODY} at (8,8) size 768x1299 [bgcolor=#CCCCCC]
      RenderBlock {P} at (0,0) size 768x21
        RenderText {#text} at (0,0) size 395x21
          text run at (0,0) width 395: "The style declarations which apply to the text below are:"
      RenderBlock {PRE} at (0,37) size 768x102
        RenderText {#text} at (0,0) size 393x102
          text run at (0,0) width 280: ".zero {background-color: silver; padding-right: 0;}"
          text run at (280,0) width 0: " "
          text run at (0,17) width 388: ".one {padding-right: 0.5in; text-align: right; background-color: aqua;}"
          text run at (388,17) width 0: " "
          text run at (0,34) width 387: ".two {padding-right: 25px; text-align: right; background-color: aqua;}"
          text run at (387,34) width 0: " "
          text run at (0,51) width 393: ".three {padding-right: 5em; text-align: right; background-color: aqua;}"
          text run at (393,51) width 0: " "
          text run at (0,68) width 387: ".four {padding-right: 25%; text-align: right; background-color: aqua;}"
          text run at (387,68) width 0: " "
          text run at (0,85) width 392: ".five {padding-right: -20px; text-align: right; background-color: aqua;}"
          text run at (392,85) width 0: " "
      RenderBlock {HR} at (0,152) size 768x2 [border: (1px inset #000000)]
      RenderBlock {P} at (0,170) size 768x21 [bgcolor=#C0C0C0]
        RenderText {#text} at (0,0) size 232x21
          text run at (0,0) width 232: "This element has a class of zero."
      RenderBlock {P} at (0,207) size 768x63 [bgcolor=#00FFFF]
        RenderText {#text} at (16,0) size 704x63
          text run at (16,0) width 704: "This element should have a right padding of half an inch, which will require extra text in order to test."
          text run at (30,21) width 523: "Both the content background and the padding should be aqua (light blue). "
          text run at (553,21) width 167: "The text has been right-"
          text run at (327,42) width 393: "aligned in order to make the right padding easier to see."
      RenderBlock {P} at (0,286) size 768x63 [bgcolor=#00FFFF]
        RenderText {#text} at (20,0) size 723x63
          text run at (20,0) width 690: "This element should have a right padding of 25 pixels, which will require extra text in order to test. "
          text run at (710,0) width 33: "Both"
          text run at (20,21) width 486: "the content background and the padding should be aqua (light blue). "
          text run at (506,21) width 237: "The text has been right-aligned in"
          text run at (424,42) width 319: "order to make the right padding easier to see."
      RenderBlock {P} at (0,365) size 768x63 [bgcolor=#00FFFF]
        RenderText {#text} at (31,0) size 657x63
          text run at (31,0) width 657: "This element should have a right padding of 5 em, which will require extra text in order to test."
          text run at (38,21) width 523: "Both the content background and the padding should be aqua (light blue). "
          text run at (561,21) width 127: "The text has been"
          text run at (259,42) width 429: "right-aligned in order to make the right padding easier to see."
      RenderBlock {P} at (0,444) size 768x84 [bgcolor=#00FFFF]
        RenderText {#text} at (54,0) size 558x84
          text run at (54,0) width 522: "This element should have a right padding of 25%, which is calculated with"
          text run at (18,21) width 298: "respect to the width of the parent element. "
          text run at (316,21) width 260: "Both the content background and the"
          text run at (22,42) width 259: "padding should be aqua (light blue). "
          text run at (281,42) width 295: "The text has been right-aligned in order to"
          text run at (315,63) width 261: "make the right padding easier to see."
      RenderBlock {UL} at (0,544) size 768x84 [bgcolor=#808080]
        RenderListItem {LI} at (40,0) size 703x42
          RenderListMarker at (-18,0) size 7x21: bullet
          RenderText {#text} at (3,0) size 700x42
            text run at (3,0) width 700: "The right padding on this unordered list has been set to 25 pixels, which will require some extra text"
            text run at (599,21) width 104: "in order to test."
        RenderListItem {LI} at (40,42) size 703x42 [bgcolor=#FFFFFF]
          RenderListMarker at (-18,0) size 7x21: bullet
          RenderText {#text} at (7,0) size 671x42
            text run at (7,0) width 671: "This list item has a right padding of 25 pixels, which will appear to the left of the gray padding of"
            text run at (566,21) width 112: "the UL element."
      RenderBlock {P} at (0,644) size 768x63 [bgcolor=#00FFFF]
        RenderText {#text} at (6,0) size 762x63
          text run at (6,0) width 647: "This element should have no right padding, since negative padding values are not allowed. "
          text run at (653,0) width 115: "Both the content"
          text run at (16,21) width 457: "background and the normal padding should be aqua (light blue). "
          text run at (473,21) width 295: "The text has been right-aligned in order to"
          text run at (457,42) width 311: "make the lack of right padding easier to see."
      RenderTable {TABLE} at (0,723) size 768x576 [border: (1px outset #808080)]
        RenderTableSection {TBODY} at (1,1) size 766x574
          RenderTableRow {TR} at (0,0) size 766x29
            RenderTableCell {TD} at (0,0) size 766x29 [bgcolor=#C0C0C0] [border: (1px inset #808080)] [r=0 c=0 rs=1 cs=2]
              RenderInline {STRONG} at (0,0) size 178x21
                RenderText {#text} at (4,4) size 178x21
                  text run at (4,4) width 178: "TABLE Testing Section"
          RenderTableRow {TR} at (0,29) size 766x545
            RenderTableCell {TD} at (0,287) size 12x29 [bgcolor=#C0C0C0] [border: (1px inset #808080)] [r=1 c=0 rs=1 cs=1]
              RenderText {#text} at (4,4) size 4x21
                text run at (4,4) width 4: " "
            RenderTableCell {TD} at (12,29) size 754x545 [border: (1px inset #808080)] [r=1 c=1 rs=1 cs=1]
              RenderBlock {P} at (4,4) size 746x21 [bgcolor=#C0C0C0]
                RenderText {#text} at (0,0) size 232x21
                  text run at (0,0) width 232: "This element has a class of zero."
              RenderBlock {P} at (4,41) size 746x63 [bgcolor=#00FFFF]
                RenderText {#text} at (27,0) size 683x63
                  text run at (27,0) width 671: "This element should have a right padding of half an inch, which will require extra text in order to"
                  text run at (15,21) width 33: "test. "
                  text run at (48,21) width 523: "Both the content background and the padding should be aqua (light blue). "
                  text run at (571,21) width 127: "The text has been"
                  text run at (269,42) width 429: "right-aligned in order to make the right padding easier to see."
              RenderBlock {P} at (4,120) size 746x63 [bgcolor=#00FFFF]
                RenderText {#text} at (35,0) size 690x63
                  text run at (35,0) width 686: "This element should have a right padding of 25 pixels, which will require extra text in order to test."
                  text run at (31,21) width 523: "Both the content background and the padding should be aqua (light blue). "
                  text run at (554,21) width 167: "The text has been right-"
                  text run at (328,42) width 393: "aligned in order to make the right padding easier to see."
              RenderBlock {P} at (4,199) size 746x63 [bgcolor=#00FFFF]
                RenderText {#text} at (9,0) size 657x63
                  text run at (9,0) width 657: "This element should have a right padding of 5 em, which will require extra text in order to test."
                  text run at (16,21) width 523: "Both the content background and the padding should be aqua (light blue). "
                  text run at (539,21) width 127: "The text has been"
                  text run at (237,42) width 429: "right-aligned in order to make the right padding easier to see."
              RenderBlock {P} at (4,278) size 746x84 [bgcolor=#00FFFF]
                RenderText {#text} at (38,0) size 558x84
                  text run at (38,0) width 522: "This element should have a right padding of 25%, which is calculated with"
                  text run at (2,21) width 298: "respect to the width of the parent element. "
                  text run at (300,21) width 260: "Both the content background and the"
                  text run at (6,42) width 259: "padding should be aqua (light blue). "
                  text run at (265,42) width 295: "The text has been right-aligned in order to"
                  text run at (299,63) width 261: "make the right padding easier to see."
              RenderBlock {UL} at (4,378) size 746x84 [bgcolor=#808080]
                RenderListItem {LI} at (40,0) size 681x42
                  RenderListMarker at (-18,0) size 7x21: bullet
                  RenderText {#text} at (10,0) size 671x42
                    text run at (10,0) width 671: "The right padding on this unordered list has been set to 25 pixels, which will require some extra"
                    text run at (548,21) width 133: "text in order to test."
                RenderListItem {LI} at (40,42) size 681x42 [bgcolor=#FFFFFF]
                  RenderListMarker at (-18,0) size 7x21: bullet
                  RenderText {#text} at (2,0) size 654x42
                    text run at (2,0) width 654: "This list item has a right padding of 25 pixels, which will appear to the left of the gray padding"
                    text run at (527,21) width 129: "of the UL element."
              RenderBlock {P} at (4,478) size 746x63 [bgcolor=#00FFFF]
                RenderText {#text} at (40,0) size 733x63
                  text run at (40,0) width 647: "This element should have no right padding, since negative padding values are not allowed. "
                  text run at (687,0) width 59: "Both the"
                  text run at (13,21) width 513: "content background and the normal padding should be aqua (light blue). "
                  text run at (526,21) width 220: "The text has been right-aligned"
                  text run at (360,42) width 386: "in order to make the lack of right padding easier to see."
