layer at (0,0) size 800x600
  RenderView at (0,0) size 800x600
layer at (0,0) size 800x600
  RenderBlock {HTML} at (0,0) size 800x600
    RenderBody {BODY} at (8,8) size 784x584 [bgcolor=#CCCCCC]
      RenderBlock {P} at (0,0) size 784x21
        RenderText {#text} at (0,0) size 395x21
          text run at (0,0) width 395: "The style declarations which apply to the text below are:"
      RenderBlock {PRE} at (0,37) size 784x51
        RenderText {#text} at (0,0) size 391x51
          text run at (0,0) width 388: ".one {padding-right: 25px; text-align: right; background-color: aqua;}"
          text run at (388,0) width 0: " "
          text run at (0,17) width 391: ".two {padding-right: -10px; text-align: right; background-color: aqua;}"
          text run at (391,17) width 0: " "
          text run at (0,34) width 0: " "
      RenderBlock {HR} at (0,101) size 784x2 [border: (1px inset #000000)]
      RenderBlock {P} at (0,119) size 784x63 [bgcolor=#808080]
        RenderText {#text} at (0,0) size 602x21
          text run at (0,0) width 432: "This element is unstyled save for a background color of gray. "
          text run at (432,0) width 170: "However, it contains an "
        RenderInline {SPAN} at (0,0) size 760x42 [bgcolor=#00FFFF]
          RenderText {#text} at (602,0) size 158x21
            text run at (602,0) width 158: "inline element of class"
          RenderInline {TT} at (0,0) size 21x17
            RenderText {#text} at (0,24) size 21x17
              text run at (0,24) width 21: "one"
        RenderText {#text} at (46,21) size 634x21
          text run at (46,21) width 634: ", which should result in 25-pixel right padding (which should also be light blue) only in the "
        RenderInline {STRONG} at (0,0) size 27x21
          RenderText {#text} at (680,21) size 27x21
            text run at (680,21) width 27: "last"
        RenderText {#text} at (707,21) size 754x42
          text run at (707,21) width 47: " line in"
          text run at (0,42) width 207: "which the inline box appears."
      RenderBlock {P} at (0,198) size 784x63 [bgcolor=#808080]
        RenderText {#text} at (0,0) size 602x21
          text run at (0,0) width 432: "This element is unstyled save for a background color of gray. "
          text run at (432,0) width 170: "However, it contains an "
        RenderInline {SPAN} at (0,0) size 760x42 [bgcolor=#00FFFF]
          RenderText {#text} at (602,0) size 158x21
            text run at (602,0) width 158: "inline element of class"
          RenderInline {TT} at (0,0) size 20x17
            RenderText {#text} at (0,24) size 20x17
              text run at (0,24) width 20: "two"
        RenderText {#text} at (20,21) size 669x21
          text run at (20,21) width 669: ", which should result in no right padding, since negative padding values are not allowed, in the "
        RenderInline {STRONG} at (0,0) size 27x21
          RenderText {#text} at (689,21) size 27x21
            text run at (689,21) width 27: "last"
        RenderText {#text} at (716,21) size 763x42
          text run at (716,21) width 47: " line in"
          text run at (0,42) width 207: "which the inline box appears."
      RenderTable {TABLE} at (0,277) size 784x181 [border: (1px outset #808080)]
        RenderTableSection {TBODY} at (1,1) size 782x179
          RenderTableRow {TR} at (0,0) size 782x29
            RenderTableCell {TD} at (0,0) size 782x29 [bgcolor=#C0C0C0] [border: (1px inset #808080)] [r=0 c=0 rs=1 cs=2]
              RenderInline {STRONG} at (0,0) size 178x21
                RenderText {#text} at (4,4) size 178x21
                  text run at (4,4) width 178: "TABLE Testing Section"
          RenderTableRow {TR} at (0,29) size 782x150
            RenderTableCell {TD} at (0,89) size 12x29 [bgcolor=#C0C0C0] [border: (1px inset #808080)] [r=1 c=0 rs=1 cs=1]
              RenderText {#text} at (4,4) size 4x21
                text run at (4,4) width 4: " "
            RenderTableCell {TD} at (12,29) size 770x150 [border: (1px inset #808080)] [r=1 c=1 rs=1 cs=1]
              RenderBlock {P} at (4,4) size 762x63 [bgcolor=#808080]
                RenderText {#text} at (0,0) size 602x21
                  text run at (0,0) width 432: "This element is unstyled save for a background color of gray. "
                  text run at (432,0) width 170: "However, it contains an "
                RenderInline {SPAN} at (0,0) size 760x42 [bgcolor=#00FFFF]
                  RenderText {#text} at (602,0) size 158x21
                    text run at (602,0) width 158: "inline element of class"
                  RenderInline {TT} at (0,0) size 21x17
                    RenderText {#text} at (0,24) size 21x17
                      text run at (0,24) width 21: "one"
                RenderText {#text} at (46,21) size 634x21
                  text run at (46,21) width 634: ", which should result in 25-pixel right padding (which should also be light blue) only in the "
                RenderInline {STRONG} at (0,0) size 27x21
                  RenderText {#text} at (680,21) size 27x21
                    text run at (680,21) width 27: "last"
                RenderText {#text} at (707,21) size 754x42
                  text run at (707,21) width 47: " line in"
                  text run at (0,42) width 207: "which the inline box appears."
              RenderBlock {P} at (4,83) size 762x63 [bgcolor=#808080]
                RenderText {#text} at (0,0) size 602x21
                  text run at (0,0) width 432: "This element is unstyled save for a background color of gray. "
                  text run at (432,0) width 170: "However, it contains an "
                RenderInline {SPAN} at (0,0) size 760x42 [bgcolor=#00FFFF]
                  RenderText {#text} at (602,0) size 158x21
                    text run at (602,0) width 158: "inline element of class"
                  RenderInline {TT} at (0,0) size 20x17
                    RenderText {#text} at (0,24) size 20x17
                      text run at (0,24) width 20: "two"
                RenderText {#text} at (20,21) size 669x21
                  text run at (20,21) width 669: ", which should result in no right padding, since negative padding values are not allowed, in the "
                RenderInline {STRONG} at (0,0) size 27x21
                  RenderText {#text} at (689,21) size 27x21
                    text run at (689,21) width 27: "last"
                RenderText {#text} at (716,21) size 746x42
                  text run at (716,21) width 30: " line"
                  text run at (0,42) width 224: "in which the inline box appears."
