layer at (0,0) size 800x600
  RenderView at (0,0) size 800x600
layer at (0,0) size 800x600
  RenderBlock {HTML} at (0,0) size 800x600
    RenderBody {BODY} at (8,8) size 784x584 [bgcolor=#CCCCCC]
      RenderBlock {P} at (0,0) size 784x21
        RenderText {#text} at (0,0) size 395x21
          text run at (0,0) width 395: "The style declarations which apply to the text below are:"
      RenderBlock {PRE} at (0,37) size 784x51
        RenderText {#text} at (0,0) size 312x51
          text run at (0,0) width 309: ".one {padding-bottom: 25px; background-color: aqua;}"
          text run at (309,0) width 0: " "
          text run at (0,17) width 312: ".two {padding-bottom: -10px; background-color: aqua;}"
          text run at (312,17) width 0: " "
          text run at (0,34) width 0: " "
      RenderBlock {HR} at (0,101) size 784x2 [border: (1px inset #000000)]
      RenderBlock {P} at (0,119) size 784x84 [bgcolor=#808080]
        RenderText {#text} at (0,0) size 530x21
          text run at (0,0) width 432: "This element is unstyled save for a background color of gray. "
          text run at (432,0) width 98: "It contains an "
        RenderInline {SPAN} at (0,0) size 776x67 [bgcolor=#00FFFF]
          RenderText {#text} at (530,0) size 162x21
            text run at (530,0) width 162: "inline element of class "
          RenderInline {TT} at (0,0) size 21x17
            RenderText {#text} at (692,3) size 21x17
              text run at (692,3) width 21: "one"
          RenderText {#text} at (713,0) size 776x42
            text run at (713,0) width 63: ", giving it"
            text run at (0,21) width 343: "an aqua background and a 25px bottom padding"
        RenderText {#text} at (343,21) size 739x63
          text run at (343,21) width 8: ". "
          text run at (351,21) width 380: "Padding on inline elements does not affect line-height"
          text run at (0,42) width 523: "calculations, so all lines in this element should have the same line-height. "
          text run at (523,42) width 216: "There may be implementation-"
          text run at (0,63) width 531: "specific limits on how much of the padding the user agent is able to display."
      RenderBlock {P} at (0,219) size 784x63 [bgcolor=#808080]
        RenderText {#text} at (0,0) size 530x21
          text run at (0,0) width 432: "This element is unstyled save for a background color of gray. "
          text run at (432,0) width 98: "It contains an "
        RenderInline {SPAN} at (0,0) size 775x42 [bgcolor=#00FFFF]
          RenderText {#text} at (530,0) size 162x21
            text run at (530,0) width 162: "inline element of class "
          RenderInline {TT} at (0,0) size 20x17
            RenderText {#text} at (692,3) size 20x17
              text run at (692,3) width 20: "two"
          RenderText {#text} at (712,0) size 775x42
            text run at (712,0) width 63: ", giving it"
            text run at (0,21) width 650: "an aqua background and no bottom padding, since negative padding values are not allowed"
        RenderText {#text} at (650,21) size 783x42
          text run at (650,21) width 8: ". "
          text run at (658,21) width 125: "Padding on inline"
          text run at (0,42) width 774: "elements does not affect line-height calculations, so all lines in this element should have the same line-height."
      RenderTable {TABLE} at (0,298) size 784x223 [border: (1px outset #808080)]
        RenderTableSection {TBODY} at (1,1) size 782x221
          RenderTableRow {TR} at (0,0) size 782x29
            RenderTableCell {TD} at (0,0) size 782x29 [bgcolor=#C0C0C0] [border: (1px inset #808080)] [r=0 c=0 rs=1 cs=2]
              RenderInline {STRONG} at (0,0) size 178x21
                RenderText {#text} at (4,4) size 178x21
                  text run at (4,4) width 178: "TABLE Testing Section"
          RenderTableRow {TR} at (0,29) size 782x192
            RenderTableCell {TD} at (0,110) size 12x29 [bgcolor=#C0C0C0] [border: (1px inset #808080)] [r=1 c=0 rs=1 cs=1]
              RenderText {#text} at (4,4) size 4x21
                text run at (4,4) width 4: " "
            RenderTableCell {TD} at (12,29) size 770x192 [border: (1px inset #808080)] [r=1 c=1 rs=1 cs=1]
              RenderBlock {P} at (4,4) size 762x84 [bgcolor=#808080]
                RenderText {#text} at (0,0) size 530x21
                  text run at (0,0) width 432: "This element is unstyled save for a background color of gray. "
                  text run at (432,0) width 98: "It contains an "
                RenderInline {SPAN} at (0,0) size 717x67 [bgcolor=#00FFFF]
                  RenderText {#text} at (530,0) size 162x21
                    text run at (530,0) width 162: "inline element of class "
                  RenderInline {TT} at (0,0) size 21x17
                    RenderText {#text} at (692,3) size 21x17
                      text run at (692,3) width 21: "one"
                  RenderText {#text} at (713,0) size 717x42
                    text run at (713,0) width 4: ","
                    text run at (0,21) width 402: "giving it an aqua background and a 25px bottom padding"
                RenderText {#text} at (402,21) size 746x63
                  text run at (402,21) width 8: ". "
                  text run at (410,21) width 336: "Padding on inline elements does not affect line-"
                  text run at (0,42) width 571: "height calculations, so all lines in this element should have the same line-height. "
                  text run at (571,42) width 98: "There may be"
                  text run at (0,63) width 645: "implementation-specific limits on how much of the padding the user agent is able to display."
              RenderBlock {P} at (4,104) size 762x84 [bgcolor=#808080]
                RenderText {#text} at (0,0) size 530x21
                  text run at (0,0) width 432: "This element is unstyled save for a background color of gray. "
                  text run at (432,0) width 98: "It contains an "
                RenderInline {SPAN} at (0,0) size 716x42 [bgcolor=#00FFFF]
                  RenderText {#text} at (530,0) size 162x21
                    text run at (530,0) width 162: "inline element of class "
                  RenderInline {TT} at (0,0) size 20x17
                    RenderText {#text} at (692,3) size 20x17
                      text run at (692,3) width 20: "two"
                  RenderText {#text} at (712,0) size 716x42
                    text run at (712,0) width 4: ","
                    text run at (0,21) width 709: "giving it an aqua background and no bottom padding, since negative padding values are not allowed"
                RenderText {#text} at (709,21) size 751x63
                  text run at (709,21) width 4: "."
                  text run at (0,42) width 751: "Padding on inline elements does not affect line-height calculations, so all lines in this element should have"
                  text run at (0,63) width 148: "the same line-height."
