layer at (0,0) size 784x1663
  RenderView at (0,0) size 784x600
layer at (0,0) size 784x1663
  RenderBlock {HTML} at (0,0) size 784x1663
    RenderBody {BODY} at (8,8) size 768x1647 [bgcolor=#CCCCCC]
      RenderBlock {P} at (0,0) size 768x21
        RenderText {#text} at (0,0) size 395x21
          text run at (0,0) width 395: "The style declarations which apply to the text below are:"
      RenderBlock {PRE} at (0,37) size 768x102
        RenderText {#text} at (0,0) size 314x102
          text run at (0,0) width 295: ".zero {background-color: silver; padding-bottom: 0;}"
          text run at (295,0) width 0: " "
          text run at (0,17) width 309: ".one {padding-bottom: 0.5in; background-color: aqua;}"
          text run at (309,17) width 0: " "
          text run at (0,34) width 308: ".two {padding-bottom: 25px; background-color: aqua;}"
          text run at (308,34) width 0: " "
          text run at (0,51) width 314: ".three {padding-bottom: 5em; background-color: aqua;}"
          text run at (314,51) width 0: " "
          text run at (0,68) width 308: ".four {padding-bottom: 25%; background-color: aqua;}"
          text run at (308,68) width 0: " "
          text run at (0,85) width 313: ".five {padding-bottom: -20px; background-color: aqua;}"
          text run at (313,85) width 0: " "
      RenderBlock {HR} at (0,152) size 768x2 [border: (1px inset #000000)]
      RenderBlock {P} at (0,170) size 768x21 [bgcolor=#C0C0C0]
        RenderText {#text} at (0,0) size 232x21
          text run at (0,0) width 232: "This element has a class of zero."
      RenderBlock {P} at (0,207) size 768x90 [bgcolor=#00FFFF]
        RenderText {#text} at (0,0) size 758x42
          text run at (0,0) width 725: "This element should have a bottom padding of half an inch, which will require extra text in order to test. "
          text run at (725,0) width 33: "Both"
          text run at (0,21) width 482: "the content background and the padding should be aqua (light blue)."
      RenderBlock {P} at (0,313) size 768x67 [bgcolor=#00FFFF]
        RenderText {#text} at (0,0) size 766x42
          text run at (0,0) width 707: "This element should have a bottom padding of 25 pixels, which will require extra text in order to test. "
          text run at (707,0) width 59: "Both the"
          text run at (0,21) width 456: "content background and the padding should be aqua (light blue)."
      RenderBlock {P} at (0,396) size 768x122 [bgcolor=#00FFFF]
        RenderText {#text} at (0,0) size 737x42
          text run at (0,0) width 678: "This element should have a bottom padding of 5 em, which will require extra text in order to test. "
          text run at (678,0) width 59: "Both the"
          text run at (0,21) width 456: "content background and the padding should be aqua (light blue)."
      RenderBlock {P} at (0,534) size 768x255 [bgcolor=#00FFFF]
        RenderText {#text} at (0,0) size 729x63
          text run at (0,0) width 723: "This element should have a bottom padding of 25%, which is calculated with respect to the width of the"
          text run at (0,21) width 114: "parent element. "
          text run at (114,21) width 293: "This will require extra text in order to test. "
          text run at (407,21) width 322: "Both the content background and the padding"
          text run at (0,42) width 193: "should be aqua (light blue)."
      RenderBlock {P} at (0,805) size 768x21 [bgcolor=#C0C0C0]
        RenderText {#text} at (0,0) size 232x21
          text run at (0,0) width 232: "This element has a class of zero."
      RenderBlock {P} at (0,842) size 768x42 [bgcolor=#00FFFF]
        RenderText {#text} at (0,0) size 723x42
          text run at (0,0) width 664: "This element should have no bottom padding, since negative padding values are not allowed. "
          text run at (664,0) width 59: "Both the"
          text run at (0,21) width 509: "content background and the normal padding should be aqua (light blue)."
      RenderTable {TABLE} at (0,900) size 768x747 [border: (1px outset #808080)]
        RenderTableSection {TBODY} at (1,1) size 766x745
          RenderTableRow {TR} at (0,0) size 766x29
            RenderTableCell {TD} at (0,0) size 766x29 [bgcolor=#C0C0C0] [border: (1px inset #808080)] [r=0 c=0 rs=1 cs=2]
              RenderInline {STRONG} at (0,0) size 178x21
                RenderText {#text} at (4,4) size 178x21
                  text run at (4,4) width 178: "TABLE Testing Section"
          RenderTableRow {TR} at (0,29) size 766x716
            RenderTableCell {TD} at (0,372) size 12x29 [bgcolor=#C0C0C0] [border: (1px inset #808080)] [r=1 c=0 rs=1 cs=1]
              RenderText {#text} at (4,4) size 4x21
                text run at (4,4) width 4: " "
            RenderTableCell {TD} at (12,29) size 754x716 [border: (1px inset #808080)] [r=1 c=1 rs=1 cs=1]
              RenderBlock {P} at (4,4) size 746x21 [bgcolor=#C0C0C0]
                RenderText {#text} at (0,0) size 232x21
                  text run at (0,0) width 232: "This element has a class of zero."
              RenderBlock {P} at (4,41) size 746x90 [bgcolor=#00FFFF]
                RenderText {#text} at (0,0) size 721x42
                  text run at (0,0) width 721: "This element should have a bottom padding of half an inch, which will require extra text in order to test."
                  text run at (0,21) width 519: "Both the content background and the padding should be aqua (light blue)."
              RenderBlock {P} at (4,147) size 746x67 [bgcolor=#00FFFF]
                RenderText {#text} at (0,0) size 740x42
                  text run at (0,0) width 707: "This element should have a bottom padding of 25 pixels, which will require extra text in order to test. "
                  text run at (707,0) width 33: "Both"
                  text run at (0,21) width 482: "the content background and the padding should be aqua (light blue)."
              RenderBlock {P} at (4,230) size 746x122 [bgcolor=#00FFFF]
                RenderText {#text} at (0,0) size 737x42
                  text run at (0,0) width 678: "This element should have a bottom padding of 5 em, which will require extra text in order to test. "
                  text run at (678,0) width 59: "Both the"
                  text run at (0,21) width 456: "content background and the padding should be aqua (light blue)."
              RenderBlock {P} at (4,368) size 746x249 [bgcolor=#00FFFF]
                RenderText {#text} at (0,0) size 729x63
                  text run at (0,0) width 723: "This element should have a bottom padding of 25%, which is calculated with respect to the width of the"
                  text run at (0,21) width 114: "parent element. "
                  text run at (114,21) width 293: "This will require extra text in order to test. "
                  text run at (407,21) width 322: "Both the content background and the padding"
                  text run at (0,42) width 193: "should be aqua (light blue)."
              RenderBlock {P} at (4,633) size 746x21 [bgcolor=#C0C0C0]
                RenderText {#text} at (0,0) size 232x21
                  text run at (0,0) width 232: "This element has a class of zero."
              RenderBlock {P} at (4,670) size 746x42 [bgcolor=#00FFFF]
                RenderText {#text} at (0,0) size 723x42
                  text run at (0,0) width 664: "This element should have no bottom padding, since negative padding values are not allowed. "
                  text run at (664,0) width 59: "Both the"
                  text run at (0,21) width 509: "content background and the normal padding should be aqua (light blue)."
