EDITING DELEGATE: shouldBeginEditingInDOMRange:range from 0 of BODY > HTML > #document to 16 of BODY > HTML > #document
EDITING DELEGATE: webViewDidBeginEditing:WebViewDidBeginEditingNotification
EDITING DELEGATE: webViewDidChangeSelection:WebViewDidChangeSelectionNotification
EDITING DELEGATE: webViewDidChangeSelection:WebViewDidChangeSelectionNotification
EDITING DELEGATE: webViewDidChangeSelection:WebViewDidChangeSelectionNotification
EDITING DELEGATE: webViewDidChangeSelection:WebViewDidChangeSelectionNotification
EDITING DELEGATE: webViewDidChangeSelection:WebViewDidChangeSelectionNotification
EDITING DELEGATE: webViewDidChangeSelection:WebViewDidChangeSelectionNotification
EDITING DELEGATE: webViewDidChangeSelection:WebViewDidChangeSelectionNotification
EDITING DELEGATE: webViewDidChangeSelection:WebViewDidChangeSelectionNotification
EDITING DELEGATE: webViewDidChangeSelection:WebViewDidChangeSelectionNotification
EDITING DELEGATE: webViewDidChangeSelection:WebViewDidChangeSelectionNotification
EDITING DELEGATE: webViewDidChangeSelection:WebViewDidChangeSelectionNotification
EDITING DELEGATE: webViewDidChangeSelection:WebViewDidChangeSelectionNotification
EDITING DELEGATE: webViewDidChangeSelection:WebViewDidChangeSelectionNotification
EDITING DELEGATE: webViewDidChangeSelection:WebViewDidChangeSelectionNotification
EDITING DELEGATE: webViewDidChangeSelection:WebViewDidChangeSelectionNotification
EDITING DELEGATE: shouldChangeSelectedDOMRange:range from 6 of #text > B > P > BODY > HTML > #document to 6 of #text > B > P > BODY > HTML > #document toDOMRange:range from 0 of P > BODY > HTML > #document to 0 of P > BODY > HTML > #document affinity:NSSelectionAffinityDownstream stillSelecting:FALSE
EDITING DELEGATE: webViewDidChangeSelection:WebViewDidChangeSelectionNotification
EDITING DELEGATE: webViewDidChange:WebViewDidChangeNotification
EDITING DELEGATE: shouldChangeSelectedDOMRange:range from 0 of P > BODY > HTML > #document to 0 of P > BODY > HTML > #document toDOMRange:range from 0 of P > BODY > HTML > #document to 0 of P > BODY > HTML > #document affinity:NSSelectionAffinityDownstream stillSelecting:FALSE
EDITING DELEGATE: webViewDidChangeSelection:WebViewDidChangeSelectionNotification
EDITING DELEGATE: webViewDidChange:WebViewDidChangeNotification
EDITING DELEGATE: shouldChangeSelectedDOMRange:range from 1 of #text > B > P > BODY > HTML > #document to 1 of #text > B > P > BODY > HTML > #document toDOMRange:range from 1 of #text > B > P > BODY > HTML > #document to 1 of #text > B > P > BODY > HTML > #document affinity:NSSelectionAffinityDownstream stillSelecting:FALSE
EDITING DELEGATE: webViewDidChangeSelection:WebViewDidChangeSelectionNotification
EDITING DELEGATE: webViewDidChange:WebViewDidChangeNotification
layer at (0,0) size 800x685
  RenderView at (0,0) size 800x600
layer at (0,0) size 800x685
  RenderBlock {HTML} at (0,0) size 800x685
    RenderBody {BODY} at (8,8) size 784x653
      RenderBlock (anonymous) at (0,0) size 784x84
        RenderText {#text} at (0,0) size 778x55
          text run at (0,0) width 772: "Test inserting paragraphs and managing typing style correctly: \"x\" under \"line 2\""
          text run at (772,0) width 6: " "
          text run at (0,28) width 310: "should be bold. Fix for this bug: "
        RenderInline {A} at (0,0) size 257x27 [color=#0000EE]
          RenderText {#text} at (310,28) size 257x27
            text run at (310,28) width 257: "<rdar://problem/3939523>"
        RenderText {#text} at (567,28) size 759x55
          text run at (567,28) width 186: " in some cases, text"
          text run at (753,28) width 6: " "
          text run at (0,56) width 494: "does not retain style info after pressing return twice"
      RenderBlock {DIV} at (0,84) size 784x12
      RenderBlock {P} at (0,120) size 784x56 [border: (2px solid #0000FF)]
        RenderText {#text} at (14,14) size 53x27
          text run at (14,14) width 53: "line 1"
      RenderBlock {P} at (0,200) size 784x56 [border: (2px solid #0000FF)]
        RenderBR {BR} at (14,14) size 0x27 [bgcolor=#008000]
      RenderBlock {P} at (0,280) size 784x55 [border: (2px solid #0000FF)]
        RenderInline {B} at (0,0) size 56x26
          RenderText {#text} at (14,14) size 56x26
            text run at (14,14) width 56: "line 2"
      RenderBlock {P} at (0,359) size 784x55 [border: (2px solid #0000FF)]
        RenderInline {B} at (0,0) size 0x26
          RenderBR {BR} at (14,14) size 0x26 [bgcolor=#008000]
      RenderBlock {P} at (0,438) size 784x55 [border: (2px solid #0000FF)]
        RenderInline {B} at (0,0) size 12x26
          RenderText {#text} at (14,14) size 12x26
            text run at (14,14) width 12: "x"
      RenderBlock {P} at (0,517) size 784x56 [border: (2px solid #0000FF)]
        RenderBR {BR} at (14,14) size 0x27 [bgcolor=#008000]
      RenderBlock {P} at (0,597) size 784x56 [border: (2px solid #0000FF)]
        RenderText {#text} at (14,14) size 53x27
          text run at (14,14) width 53: "line 3"
caret: position 1 of child 0 {#text} of child 0 {B} of child 11 {P} of body
