layer at (0,0) size 800x600
  RenderView at (0,0) size 800x600
layer at (0,0) size 800x385
  RenderBlock {HTML} at (0,0) size 800x385
    RenderBody {BODY} at (8,8) size 784x369
      RenderBlock {FORM} at (0,0) size 784x369
        RenderListBox {SELECT} at (2,2) size 80x341 [bgcolor=#FFFFFF] [border: (1px inset #808080)]
        RenderText {#text} at (84,323) size 4x19
          text run at (84,323) width 4: " "
        RenderBR {BR} at (88,323) size 0x19
        RenderMenuList {SELECT} at (2,347) size 73x20 [bgcolor=#FFFFFF] [border: (1px solid #000000)]
          RenderBlock (anonymous) at (1,1) size 71x18
            RenderText at (4,1) size 32x16
              text run at (4,1) width 32: "Three"
        RenderText {#text} at (0,0) size 0x0
