layer at (0,0) size 808x585
  RenderView at (0,0) size 800x585
layer at (0,0) size 800x585
  RenderBlock {html} at (0,0) size 800x585
    RenderBody {body} at (8,16) size 784x429
      RenderBlock {p} at (0,0) size 784x40
        RenderText {#text} at (0,0) size 781x39
          text run at (0,0) width 781: "The left edges of the black boxes below should line up with the left edges of their containing red or green boxes. In addition, all the"
          text run at (0,20) width 178: "assertions below should pass."
      RenderBlock {div} at (0,56) size 800x200
        RenderSVGRoot {svg} at (8,72) size 570x200
          RenderSVGRect {rect} at (8,82) size 70x160 [fill={[type=SOLID] [color=#FF0000]}] [x=0.00] [y=10.00] [width=70.00] [height=160.00]
          RenderSVGRect {rect} at (78,82) size 100x150 [fill={[type=SOLID] [color=#008000]}] [x=70.00] [y=10.00] [width=100.00] [height=150.00]
          RenderSVGRect {rect} at (178,82) size 70x140 [fill={[type=SOLID] [color=#FF0000]}] [x=170.00] [y=10.00] [width=70.00] [height=140.00]
          RenderSVGRect {rect} at (248,82) size 70x130 [fill={[type=SOLID] [color=#008000]}] [x=240.00] [y=10.00] [width=70.00] [height=130.00]
          RenderSVGRect {rect} at (318,82) size 80x120 [fill={[type=SOLID] [color=#FF0000]}] [x=310.00] [y=10.00] [width=80.00] [height=120.00]
          RenderSVGRect {rect} at (398,82) size 60x110 [fill={[type=SOLID] [color=#008000]}] [x=390.00] [y=10.00] [width=60.00] [height=110.00]
          RenderSVGText {text} at (0,-90) size 570x600 contains 1 chunk(s)
            RenderSVGInlineText {#text} at (0,0) size 570x600
              chunk 1 text run 1 at (0.00,10.00) startOffset 0 endOffset 9 width 510.00: "GGDGGBBBF"
              chunk 1 text run 2 at (490.00,10.00) startOffset 9 endOffset 10 width 80.00: "B"
        RenderText {#text} at (0,0) size 0x0
      RenderBlock {pre} at (0,269) size 784x160
        RenderInline {span} at (0,0) size 312x16
          RenderInline {span} at (0,0) size 312x16
            RenderInline {span} at (0,0) size 32x16
              RenderText {#text} at (0,0) size 32x16
                text run at (0,0) width 32: "PASS"
            RenderText {#text} at (32,0) size 280x16
              text run at (32,0) width 280: " t.getStartPositionOfChar(0).x is 0"
          RenderBR {br} at (312,0) size 0x16
        RenderInline {span} at (0,0) size 312x16
          RenderInline {span} at (0,0) size 312x16
            RenderInline {span} at (0,0) size 32x16
              RenderText {#text} at (0,16) size 32x16
                text run at (0,16) width 32: "PASS"
            RenderText {#text} at (32,16) size 280x16
              text run at (32,16) width 280: " t.getStartPositionOfChar(1).x is 0"
          RenderBR {br} at (312,16) size 0x16
        RenderInline {span} at (0,0) size 352x16
          RenderInline {span} at (0,0) size 352x16
            RenderInline {span} at (0,0) size 32x16
              RenderText {#text} at (0,32) size 32x16
                text run at (0,32) width 32: "PASS"
            RenderText {#text} at (32,32) size 320x16
              text run at (32,32) width 320: " t.getStartPositionOfChar(2).x is 0 + 70"
          RenderBR {br} at (352,32) size 0x16
        RenderInline {span} at (0,0) size 400x16
          RenderInline {span} at (0,0) size 400x16
            RenderInline {span} at (0,0) size 32x16
              RenderText {#text} at (0,48) size 32x16
                text run at (0,48) width 32: "PASS"
            RenderText {#text} at (32,48) size 368x16
              text run at (32,48) width 368: " t.getStartPositionOfChar(3).x is 0 + 70 + 100"
          RenderBR {br} at (400,48) size 0x16
        RenderInline {span} at (0,0) size 400x16
          RenderInline {span} at (0,0) size 400x16
            RenderInline {span} at (0,0) size 32x16
              RenderText {#text} at (0,64) size 32x16
                text run at (0,64) width 32: "PASS"
            RenderText {#text} at (32,64) size 368x16
              text run at (32,64) width 368: " t.getStartPositionOfChar(4).x is 0 + 70 + 100"
          RenderBR {br} at (400,64) size 0x16
        RenderInline {span} at (0,0) size 440x16
          RenderInline {span} at (0,0) size 440x16
            RenderInline {span} at (0,0) size 32x16
              RenderText {#text} at (0,80) size 32x16
                text run at (0,80) width 32: "PASS"
            RenderText {#text} at (32,80) size 408x16
              text run at (32,80) width 408: " t.getStartPositionOfChar(5).x is 0 + 70 + 100 + 70"
          RenderBR {br} at (440,80) size 0x16
        RenderInline {span} at (0,0) size 440x16
          RenderInline {span} at (0,0) size 440x16
            RenderInline {span} at (0,0) size 32x16
              RenderText {#text} at (0,96) size 32x16
                text run at (0,96) width 32: "PASS"
            RenderText {#text} at (32,96) size 408x16
              text run at (32,96) width 408: " t.getStartPositionOfChar(6).x is 0 + 70 + 100 + 70"
          RenderBR {br} at (440,96) size 0x16
        RenderInline {span} at (0,0) size 480x16
          RenderInline {span} at (0,0) size 480x16
            RenderInline {span} at (0,0) size 32x16
              RenderText {#text} at (0,112) size 32x16
                text run at (0,112) width 32: "PASS"
            RenderText {#text} at (32,112) size 448x16
              text run at (32,112) width 448: " t.getStartPositionOfChar(7).x is 0 + 70 + 100 + 70 + 70"
          RenderBR {br} at (480,112) size 0x16
        RenderInline {span} at (0,0) size 520x16
          RenderInline {span} at (0,0) size 520x16
            RenderInline {span} at (0,0) size 32x16
              RenderText {#text} at (0,128) size 32x16
                text run at (0,128) width 32: "PASS"
            RenderText {#text} at (32,128) size 488x16
              text run at (32,128) width 488: " t.getStartPositionOfChar(8).x is 0 + 70 + 100 + 70 + 70 + 80"
          RenderBR {br} at (520,128) size 0x16
        RenderInline {span} at (0,0) size 568x16
          RenderInline {span} at (0,0) size 568x16
            RenderInline {span} at (0,0) size 32x16
              RenderText {#text} at (0,144) size 32x16
                text run at (0,144) width 32: "PASS"
            RenderText {#text} at (32,144) size 536x16
              text run at (32,144) width 536: " t.getStartPositionOfChar(9).x is 0 + 70 + 100 + 70 + 70 + 80 + 100"
          RenderBR {br} at (568,144) size 0x16
