layer at (0,0) size 800x600
  RenderView at (0,0) size 800x600
layer at (0,0) size 800x128
  RenderBlock {HTML} at (0,0) size 800x128
    RenderBody {BODY} at (8,8) size 784x100
      RenderBlock (anonymous) at (0,0) size 784x80
        RenderText {#text} at (0,0) size 606x19
          text run at (0,0) width 606: "This test checks that the text-overflow: ellipsis property is handled correctly when using an SVG font."
        RenderBR {BR} at (606,0) size 0x19
        RenderBR {BR} at (0,20) size 0x19
        RenderText {#text} at (0,40) size 488x19
          text run at (0,40) width 488: "Pass if some text is shown followed by an ellipsis (NOT just the ellipsis by itself). "
        RenderBR {BR} at (488,40) size 0x19
        RenderBR {BR} at (0,60) size 0x19
layer at (8,88) size 182x20 clip at (9,89) size 180x18 scrollWidth 333
  RenderBlock {DIV} at (0,80) size 182x20 [border: (1px solid #000000)]
    RenderText {#text} at (1,2) size 334x16
      text run at (1,2) width 334: "abc abc abc abc abc abc abc abc abc abc"
