layer at (0,0) size 785x758
  RenderView at (0,0) size 785x600
layer at (0,0) size 785x600
  RenderBlock {HTML} at (0,0) size 785x600
layer at (8,8) size 500x750
  RenderBody {BODY} at (8,8) size 500x750
    RenderBlock {H1} at (0,0) size 37x367
      RenderText {#text} at (0,0) size 36x166
        text run at (0,0) width 166: "Header One"
    RenderBlock (anonymous) at (58,0) size 198x367
      RenderText {#text} at (0,0) size 199x362
        text run at (0,0) width 354: "Lorem ipsum dolor sit amet, consectetuer adipiscing elit."
        text run at (18,0) width 351: "Nulla varius enim ac mi. Curabitur sollicitudin felis quis"
        text run at (36,0) width 325: "lectus. Quisque adipiscing rhoncus sem. Proin nulla"
        text run at (54,0) width 358: "purus, vulputate vel, varius ut, euismod et, nisi. Sed vitae"
        text run at (72,0) width 343: "felis vel orci sagittis aliquam. Cras convallis adipiscing"
        text run at (90,0) width 340: "sem. Nam nonummy enim. Nullam bibendum lobortis"
        text run at (108,0) width 344: "neque. Vestibulum velit orci, tempus euismod, pretium"
        text run at (126,0) width 343: "quis, interdum vitae, nulla. Phasellus eget ante et tortor"
        text run at (144,0) width 343: "condimentum vestibulum. Suspendisse hendrerit quam"
        text run at (162,0) width 362: "nec felis. Sed varius turpis vitae pede. Lorem ipsum dolor"
        text run at (180,0) width 229: "sit amet, consectetuer adipiscing elit."
    RenderBlock {H1} at (277,0) size 37x367
      RenderText {#text} at (0,0) size 36x169
        text run at (0,0) width 169: "Header Two"
    RenderBlock (anonymous) at (335,0) size 201x367
      RenderText {#text} at (0,0) size 202x362
        text run at (0,0) width 354: "Lorem ipsum dolor sit amet, consectetuer adipiscing elit."
        text run at (18,0) width 351: "Nulla varius enim ac mi. Curabitur sollicitudin felis quis"
        text run at (36,0) width 325: "lectus. Quisque adipiscing rhoncus sem. Proin nulla"
        text run at (54,0) width 358: "purus, vulputate vel, varius ut, euismod et, nisi. Sed vitae"
        text run at (72,0) width 343: "felis vel orci sagittis aliquam. Cras convallis adipiscing"
        text run at (90,0) width 340: "sem. Nam nonummy enim. Nullam bibendum lobortis"
        text run at (108,0) width 344: "neque. Vestibulum velit orci, tempus euismod, pretium"
        text run at (126,0) width 343: "quis, interdum vitae, nulla. Phasellus eget ante et tortor"
        text run at (144,0) width 343: "condimentum vestibulum. Suspendisse hendrerit quam"
        text run at (165,0) width 362: "nec felis. Sed varius turpis vitae pede. Lorem ipsum dolor"
        text run at (183,0) width 229: "sit amet, consectetuer adipiscing elit."
    RenderBlock {H1} at (557,0) size 37x367
      RenderText {#text} at (0,0) size 36x190
        text run at (0,0) width 190: "Header Three"
    RenderBlock {H1} at (853,0) size 37x367
      RenderText {#text} at (0,0) size 36x177
        text run at (0,0) width 177: "Header Four"
    RenderBlock (anonymous) at (911,0) size 36x367
      RenderText {#text} at (0,0) size 37x354
        text run at (0,0) width 354: "Lorem ipsum dolor sit amet, consectetuer adipiscing elit."
        text run at (18,0) width 154: "Nulla varius enim ac mi."
layer at (623,8) size 217x367 backgroundClip at (0,0) size 785x758 clip at (0,0) size 785x758 outlineClip at (0,0) size 785x758
  RenderBlock {DIV} at (615,0) size 217x367
    RenderText {#text} at (0,0) size 398x175
      text run at (0,0) width 139: "Lorem ipsum dolor sit"
      text run at (18,0) width 116: "amet, consectetuer"
      text run at (36,0) width 172: "adipiscing elit. Nulla varius"
      text run at (54,0) width 137: "enim ac mi. Curabitur"
      text run at (72,0) width 173: "sollicitudin felis quis lectus."
      text run at (90,0) width 175: "Quisque adipiscing rhoncus"
      text run at (108,0) width 145: "sem. Proin nulla purus,"
      text run at (126,0) width 147: "vulputate vel, varius ut,"
      text run at (144,0) width 164: "euismod et, nisi. Sed vitae"
      text run at (162,0) width 124: "felis vel orci sagittis"
      text run at (180,0) width 147: "aliquam. Cras convallis"
      text run at (198,0) width 132: "adipiscing sem. Nam"
      text run at (217,0) width 154: "nonummy enim. Nullam"
      text run at (235,0) width 160: "bibendum lobortis neque."
      text run at (253,0) width 136: "Vestibulum velit orci,"
      text run at (271,0) width 158: "tempus euismod, pretium"
      text run at (289,0) width 167: "quis, interdum vitae, nulla."
      text run at (307,0) width 172: "Phasellus eget ante et tortor"
      text run at (325,0) width 163: "condimentum vestibulum."
      text run at (343,0) width 137: "Suspendisse hendrerit"
      text run at (361,0) width 165: "quam nec felis. Sed varius"
      text run at (379,0) width 111: "turpis vitae pede. "
    RenderText {#text} at (0,0) size 0x0
