layer at (0,0) size 800x656
  RenderView at (0,0) size 800x600
layer at (0,0) size 800x656
  RenderBlock {HTML} at (0,0) size 800x656
    RenderBody {BODY} at (8,8) size 784x640
      RenderBlock (anonymous) at (0,0) size 784x40
        RenderText {#text} at (0,0) size 772x39
          text run at (0,0) width 260: "The two rows below should look identical. "
          text run at (260,0) width 512: "In both, the spanning cells in columns 2-3 should consume as much width as possible,"
          text run at (0,20) width 181: "while column 1 should be tiny."
      RenderTable {TABLE} at (0,40) size 58x600 [border: (2px outset #808080)]
        RenderTableSection {TBODY} at (2,2) size 54x596
          RenderTableRow {TR} at (0,2) size 24x596
            RenderTableCell {TD} at (2,2) size 24x12 [border: (1px inset #808080)] [r=0 c=0 rs=1 cs=1]
              RenderText {#text} at (2,2) size 19x8
                text run at (2,2) width 8: "1"
            RenderTableCell {TD} at (2,16) size 24x578 [border: (1px inset #808080)] [r=0 c=1 rs=1 cs=2]
              RenderText {#text} at (2,2) size 19x22
                text run at (2,2) width 22: "2-3"
          RenderTableRow {TR} at (0,28) size 24x596
            RenderTableCell {TD} at (28,2) size 24x12 [border: (1px inset #808080)] [r=1 c=0 rs=1 cs=1]
              RenderText {#text} at (2,2) size 19x8
                text run at (2,2) width 8: "1"
            RenderTableCell {TD} at (28,16) size 24x578 [border: (1px inset #808080)] [r=1 c=1 rs=1 cs=2]
              RenderText {#text} at (2,2) size 19x22
                text run at (2,2) width 22: "2-3"
