layer at (0,0) size 800x600
  RenderView at (0,0) size 800x600
layer at (0,0) size 800x600
  RenderBlock {HTML} at (0,0) size 800x600
    RenderBody {BODY} at (8,8) size 784x584
      RenderTable {TABLE} at (0,0) size 784x60
        RenderTableSection {TBODY} at (0,0) size 784x60
          RenderTableRow {TR} at (0,2) size 784x31
            RenderTableCell {TD} at (2,6) size 47x23 [r=0 c=0 rs=1 cs=1]
              RenderText {#text} at (1,1) size 37x21
                text run at (1,1) width 37: "URL:"
            RenderTableCell {TD} at (51,2) size 731x31 [r=0 c=1 rs=1 cs=1]
              RenderTextControl {INPUT} at (1,3) size 729x25
          RenderTableRow {TR} at (0,35) size 784x23
            RenderTableCell {TD} at (2,35) size 780x23 [bgcolor=#FF0000] [r=1 c=0 rs=1 cs=2]
              RenderText {#text} at (1,1) size 275x21
                text run at (1,1) width 275: "Alongwordtogiveyouanicebigminwidth."
      RenderTable {TABLE} at (0,60) size 100x100 [bgcolor=#FF0000] [border: (2px outset #808080)]
        RenderTableSection {TBODY} at (2,2) size 96x96
          RenderTableRow {TR} at (0,2) size 96x92
            RenderTableCell {TD} at (2,46) size 92x4 [border: (1px inset #808080)] [r=0 c=0 rs=1 cs=1]
      RenderTable {TABLE} at (0,160) size 216x120 [border: (2px outset #808080)]
        RenderTableSection {TBODY} at (2,2) size 212x116
          RenderTableRow {TR} at (0,2) size 212x25
            RenderTableCell {TD} at (2,2) size 208x25 [border: (1px inset #808080)] [r=0 c=0 rs=1 cs=1]
              RenderText {#text} at (2,2) size 35x21
                text run at (2,2) width 35: "hello"
          RenderTableRow {TR} at (0,29) size 212x25
            RenderTableCell {TD} at (2,29) size 208x25 [border: (1px inset #808080)] [r=1 c=0 rs=1 cs=1]
              RenderText {#text} at (2,2) size 75x21
                text run at (2,2) width 75: "more hello"
          RenderTableRow {TR} at (0,56) size 212x25
            RenderTableCell {TD} at (2,56) size 208x25 [border: (1px inset #808080)] [r=2 c=0 rs=1 cs=1]
              RenderText {#text} at (2,2) size 39x21
                text run at (2,2) width 39: "world"
          RenderTableRow {TR} at (0,83) size 212x31
            RenderTableCell {TD} at (2,85) size 208x27 [border: (1px inset #808080)] [r=3 c=0 rs=1 cs=1]
              RenderText {#text} at (0,0) size 0x0
      RenderTable {TABLE} at (0,280) size 106x90
        RenderTableSection {TBODY} at (0,0) size 106x90
          RenderTableRow {TR} at (0,2) size 106x86
            RenderTableCell {TD} at (2,2) size 102x86 [r=0 c=0 rs=1 cs=1]
              RenderText {#text} at (1,1) size 95x84
                text run at (1,1) width 95: "I should wrap"
                text run at (1,22) width 92: "and not have"
                text run at (1,43) width 61: "nowrap. "
                text run at (62,43) width 4: "I"
                text run at (1,64) width 95: "really should."
      RenderTable {TABLE} at (0,370) size 106x90
        RenderTableSection {TBODY} at (0,0) size 106x90
          RenderTableRow {TR} at (0,2) size 106x86
            RenderTableCell {TD} at (2,2) size 102x86 [r=0 c=0 rs=1 cs=1]
              RenderBlock {DIV} at (1,1) size 100x84
                RenderText {#text} at (0,0) size 95x84
                  text run at (0,0) width 95: "I should wrap"
                  text run at (0,21) width 92: "and not have"
                  text run at (0,42) width 61: "nowrap. "
                  text run at (61,42) width 4: "I"
                  text run at (0,63) width 95: "really should."
      RenderTable {TABLE} at (0,460) size 403x27
        RenderTableSection {TBODY} at (0,0) size 403x27
          RenderTableRow {TR} at (0,2) size 403x23
            RenderTableCell {TD} at (2,2) size 399x23 [r=0 c=0 rs=1 cs=1]
              RenderText {#text} at (1,1) size 397x21
                text run at (1,1) width 160: "I should have nowrap. "
                text run at (161,1) width 107: "I really should. "
                text run at (268,1) width 130: "Definitely. Should."
      RenderTable {TABLE} at (0,487) size 403x27
        RenderTableSection {TBODY} at (0,0) size 403x27
          RenderTableRow {TR} at (0,2) size 403x23
            RenderTableCell {TD} at (2,2) size 399x23 [r=0 c=0 rs=1 cs=1]
              RenderBlock {DIV} at (1,1) size 397x21
                RenderText {#text} at (0,0) size 397x21
                  text run at (0,0) width 160: "I should have nowrap. "
                  text run at (160,0) width 107: "I really should. "
                  text run at (267,0) width 130: "Definitely. Should."
layer at (62,15) size 725x21
  RenderBlock {DIV} at (2,2) size 725x21
layer at (16,257) size 200x23 clip at (16,257) size 184x23 scrollHeight 25
  RenderTextControl {TEXTAREA} at (4,2) size 200x23
    RenderBlock {DIV} at (2,2) size 180x21
