layer at (0,0) size 800x600
  RenderView at (0,0) size 800x600
layer at (0,0) size 800x600
  RenderBlock {HTML} at (0,0) size 800x600
    RenderBody {BODY} at (8,8) size 784x584
      RenderText {#text} at (0,0) size 15x19
        text run at (0,0) width 15: "A "
      RenderText {#text} at (15,0) size 11x19
        text run at (15,0) width 11: "C"
layer at (23,8) size 10x19
  RenderBlock (positioned) {SPAN} at (23,8) size 10x19
    RenderText {#text} at (0,0) size 10x19
      text run at (0,0) width 10: "B"
