layer at (0,0) size 800x600
  RenderView at (0,0) size 800x600
layer at (0,0) size 800x600
  RenderSVGRoot {svg} at (9,9) size 791x591
    RenderSVGForeignObject {foreignObject} at (10,10) size 580x380
      RenderBlock {xhtml:div} at (0,0) size 580x21
        RenderText {#text} at (0,0) size 89x21
          text run at (0,0) width 89: "This is a test"
      RenderBlock (anonymous) at (0,21) size 580x21
        RenderInline {xhtml:a} at (0,0) size 73x21 [color=#0000EE]
          RenderText {#text} at (0,0) size 73x21
            text run at (0,0) width 73: "and a link."
        RenderBR {xhtml:br} at (73,0) size 0x21
    RenderSVGPath {rect} at (9,9) size 582x382 [stroke={[type=SOLID] [color=#008000]}] [x=10.00] [y=10.00] [width=580.00] [height=380.00]
    RenderSVGHiddenContainer {defs} at (0,0) size 0x0
