layer at (0,0) size 800x600
  RenderView at (0,0) size 800x600
layer at (0,0) size 800x342
  RenderBlock {html} at (0,0) size 800x342
    RenderBody {body} at (8,23) size 784x311
      RenderBlock {p} at (0,0) size 784x58 [color=#000080]
        RenderText {#text} at (0,0) size 732x58
          text run at (0,0) width 732: "Zoom in and out. The following two squares should always be the same"
          text run at (0,29) width 48: "size."
      RenderBlock {div} at (0,81) size 100x100 [bgcolor=#000080]
      RenderBlock (anonymous) at (0,204) size 784x107
        RenderSVGRoot {svg} at (8,227) size 100x100
          RenderSVGPath {rect} at (8,227) size 100x100 [fill={[type=SOLID] [color=#000080]}] [x=0.00] [y=0.00] [width=100.00] [height=100.00]
        RenderText {#text} at (0,0) size 0x0
        RenderText {#text} at (0,0) size 0x0
        RenderText {#text} at (0,0) size 0x0
