layer at (0,0) size 784x785
  RenderView at (0,0) size 784x600
layer at (0,0) size 784x785
  RenderBlock {html} at (0,0) size 784x785
    RenderBody {body} at (8,16) size 768x761
      RenderBlock {parsererror} at (16,0) size 736x140 [bgcolor=#FFDDDD] [border: (2px solid #CC7777)]
        RenderBlock {h3} at (18,20) size 700x25
          RenderText {#text} at (0,0) size 324x25
            text run at (0,0) width 324: "This page contains the following errors:"
        RenderBlock {div} at (18,63) size 700x14
          RenderText {#text} at (0,0) size 497x13
            text run at (0,0) width 497: "error on line 56 at column 56: Expected '>' or '/', but got '[a-zA-Z]'."
        RenderBlock {h3} at (18,95) size 700x25
          RenderText {#text} at (0,0) size 429x25
            text run at (0,0) width 429: "Below is a rendering of the page up to the first error."
      RenderBlock (anonymous) at (0,156) size 768x605
        RenderSVGRoot {svg} at (24,265) size 72x148
          RenderSVGContainer {g} at (24,265) size 72x148 [transform={m=((1.00,0.00)(0.00,1.00)) t=(0.00,30.00)}]
            RenderSVGContainer {g} at (24,265) size 72x148
              RenderSVGText {text} at (10,21) size 40x12 contains 1 chunk(s)
                RenderSVGInlineText {#text} at (0,0) size 40x12
                  chunk 1 text run 1 at (10.00,30.00) startOffset 0 endOffset 10 width 40.00: "SVG to fit"
              RenderSVGContainer {g} at (40,296) size 48x64 [transform={m=((1.00,0.00)(0.00,1.00)) t=(20.00,40.00)}]
                RenderSVGRect {rect} at (40,296) size 48x64 [stroke={[type=SOLID] [color=#FF0000]}] [fill={[type=SOLID] [color=#000000]}] [data="M0.50,0.50 L29.50,0.50 L29.50,39.50 L0.50,39.50 L0.50,0.50"]
                RenderSVGContainer {g} at (48,312) size 32x32 [transform={m=((1.00,0.00)(0.00,1.00)) t=(0.00,5.00)}]
                  RenderSVGPath {circle} at (48,312) size 32x32 [fill={[type=SOLID] [color=#FFFF00]}] [data="M25.00,15.00 L24.98,15.63 L24.92,16.25 L24.82,16.87 L24.69,17.49 L24.51,18.09 L24.30,18.68 L24.05,19.26 L23.76,19.82 L23.44,20.36 L23.09,20.88 L22.71,21.37 L22.29,21.85 L21.85,22.29 L21.37,22.71 L20.88,23.09 L20.36,23.44 L19.82,23.76 L19.26,24.05 L18.68,24.30 L18.09,24.51 L17.49,24.69 L16.87,24.82 L16.25,24.92 L15.63,24.98 L15.00,25.00 L14.37,24.98 L13.75,24.92 L13.13,24.82 L12.51,24.69 L11.91,24.51 L11.32,24.30 L10.74,24.05 L10.18,23.76 L9.64,23.44 L9.12,23.09 L8.63,22.71 L8.15,22.29 L7.71,21.85 L7.29,21.37 L6.91,20.88 L6.56,20.36 L6.24,19.82 L5.95,19.26 L5.70,18.68 L5.49,18.09 L5.31,17.49 L5.18,16.87 L5.08,16.25 L5.02,15.63 L5.00,15.00 L5.02,14.37 L5.08,13.75 L5.18,13.13 L5.31,12.51 L5.49,11.91 L5.70,11.32 L5.95,10.74 L6.24,10.18 L6.56,9.64 L6.91,9.12 L7.29,8.63 L7.71,8.15 L8.15,7.71 L8.63,7.29 L9.12,6.91 L9.64,6.56 L10.18,6.24 L10.74,5.95 L11.32,5.70 L11.91,5.49 L12.51,5.31 L13.13,5.18 L13.75,5.08 L14.37,5.02 L15.00,5.00 L15.63,5.02 L16.25,5.08 L16.87,5.18 L17.49,5.31 L18.09,5.49 L18.68,5.70 L19.26,5.95 L19.82,6.24 L20.36,6.56 L20.88,6.91 L21.37,7.29 L21.85,7.71 L22.29,8.15 L22.71,8.63 L23.09,9.12 L23.44,9.64 L23.76,10.18 L24.05,10.74 L24.30,11.32 L24.51,11.91 L24.69,12.51 L24.82,13.13 L24.92,13.75 L24.98,14.37 L25.00,15.00"]
                  RenderSVGPath {circle} at (56,320) size 7x7 [fill={[type=SOLID] [color=#000000]}] [data="M13.50,12.00 L13.50,12.09 L13.49,12.19 L13.47,12.28 L13.45,12.37 L13.43,12.46 L13.39,12.55 L13.36,12.64 L13.31,12.72 L13.27,12.80 L13.21,12.88 L13.16,12.96 L13.09,13.03 L13.03,13.09 L12.96,13.16 L12.88,13.21 L12.80,13.27 L12.72,13.31 L12.64,13.36 L12.55,13.39 L12.46,13.43 L12.37,13.45 L12.28,13.47 L12.19,13.49 L12.09,13.50 L12.00,13.50 L11.91,13.50 L11.81,13.49 L11.72,13.47 L11.63,13.45 L11.54,13.43 L11.45,13.39 L11.36,13.36 L11.28,13.31 L11.20,13.27 L11.12,13.21 L11.04,13.16 L10.97,13.09 L10.91,13.03 L10.84,12.96 L10.79,12.88 L10.73,12.80 L10.69,12.72 L10.64,12.64 L10.61,12.55 L10.57,12.46 L10.55,12.37 L10.53,12.28 L10.51,12.19 L10.50,12.09 L10.50,12.00 L10.50,11.91 L10.51,11.81 L10.53,11.72 L10.55,11.63 L10.57,11.54 L10.61,11.45 L10.64,11.36 L10.69,11.28 L10.73,11.20 L10.79,11.12 L10.84,11.04 L10.91,10.97 L10.97,10.91 L11.04,10.84 L11.12,10.79 L11.20,10.73 L11.28,10.69 L11.36,10.64 L11.45,10.61 L11.54,10.57 L11.63,10.55 L11.72,10.53 L11.81,10.51 L11.91,10.50 L12.00,10.50 L12.09,10.50 L12.19,10.51 L12.28,10.53 L12.37,10.55 L12.46,10.57 L12.55,10.61 L12.64,10.64 L12.72,10.69 L12.80,10.73 L12.88,10.79 L12.96,10.84 L13.03,10.91 L13.09,10.97 L13.16,11.04 L13.21,11.12 L13.27,11.20 L13.31,11.28 L13.36,11.36 L13.39,11.45 L13.43,11.54 L13.45,11.63 L13.47,11.72 L13.49,11.81 L13.50,11.91 L13.50,12.00"]
                  RenderSVGPath {circle} at (64,320) size 7x7 [fill={[type=SOLID] [color=#000000]}] [data="M18.50,12.00 L18.50,12.09 L18.49,12.19 L18.47,12.28 L18.45,12.37 L18.43,12.46 L18.39,12.55 L18.36,12.64 L18.31,12.72 L18.27,12.80 L18.21,12.88 L18.16,12.96 L18.09,13.03 L18.03,13.09 L17.96,13.16 L17.88,13.21 L17.80,13.27 L17.72,13.31 L17.64,13.36 L17.55,13.39 L17.46,13.43 L17.37,13.45 L17.28,13.47 L17.19,13.49 L17.09,13.50 L17.00,13.50 L16.91,13.50 L16.81,13.49 L16.72,13.47 L16.63,13.45 L16.54,13.43 L16.45,13.39 L16.36,13.36 L16.28,13.31 L16.20,13.27 L16.12,13.21 L16.04,13.16 L15.97,13.09 L15.91,13.03 L15.84,12.96 L15.79,12.88 L15.73,12.80 L15.69,12.72 L15.64,12.64 L15.61,12.55 L15.57,12.46 L15.55,12.37 L15.53,12.28 L15.51,12.19 L15.50,12.09 L15.50,12.00 L15.50,11.91 L15.51,11.81 L15.53,11.72 L15.55,11.63 L15.57,11.54 L15.61,11.45 L15.64,11.36 L15.69,11.28 L15.73,11.20 L15.79,11.12 L15.84,11.04 L15.91,10.97 L15.97,10.91 L16.04,10.84 L16.12,10.79 L16.20,10.73 L16.28,10.69 L16.36,10.64 L16.45,10.61 L16.54,10.57 L16.63,10.55 L16.72,10.53 L16.81,10.51 L16.91,10.50 L17.00,10.50 L17.09,10.50 L17.19,10.51 L17.28,10.53 L17.37,10.55 L17.46,10.57 L17.55,10.61 L17.64,10.64 L17.72,10.69 L17.80,10.73 L17.88,10.79 L17.96,10.84 L18.03,10.91 L18.09,10.97 L18.16,11.04 L18.21,11.12 L18.27,11.20 L18.31,11.28 L18.36,11.36 L18.39,11.45 L18.43,11.54 L18.45,11.63 L18.47,11.72 L18.49,11.81 L18.50,11.91 L18.50,12.00"]
                  RenderSVGPath {path} at (54,332) size 20x12 [stroke={[type=SOLID] [color=#000000] [stroke width=2.00]}] [fill={[type=SOLID] [color=#000000]}] [data="M10.00,19.00 L15.00,23.00 L20.00,19.00"]
              RenderSVGText {text} at (10,101) size 45x12 contains 1 chunk(s)
                RenderSVGInlineText {#text} at (0,0) size 45x12
                  chunk 1 text run 1 at (10.00,110.00) startOffset 0 endOffset 10 width 45.00: "Viewport 1"
              RenderSVGContainer {g} at (8,172) size 0x0 [transform={m=((1.00,0.00)(0.00,1.00)) t=(10.00,120.00)}]
