layer at (0,0) size 800x600
  RenderView at (0,0) size 800x600
layer at (0,0) size 800x600
  RenderBlock {HTML} at (0,0) size 800x600
    RenderBody {BODY} at (8,8) size 784x584
      RenderBlock {P} at (0,0) size 784x40
        RenderText {#text} at (0,0) size 549x19
          text run at (0,0) width 549: "This tests that bidirectional text is correctly rendered when using ATSUI in list box controls."
        RenderBR {BR} at (549,15) size 0x0
        RenderText {#text} at (0,20) size 543x19
          text run at (0,20) width 543: "The order of the text below each list box should match the order of the select's option text."
      RenderBlock (anonymous) at (0,56) size 784x44
        RenderText {#text} at (0,0) size 92x19
          text run at (0,0) width 92: "1) direction: rtl;"
        RenderBR {BR} at (92,15) size 0x0
        RenderMenuList {SELECT} at (2,22) size 88x20 [bgcolor=#DDDDDD] [border: (1px solid #000000)]
          RenderBlock (anonymous) at (1,1) size 86x18
            RenderBR at (82,1) size 0x16 [bgcolor=#DDDDDD]
        RenderBR {BR} at (92,37) size 0x0
      RenderBlock {DIV} at (0,100) size 100x20
        RenderText {#text} at (31,0) size 69x19
          text run at (31,0) width 47 RTL: "\x{5D0}\x{5E4}\x{5E8}\x{5E1}\x{5DE}\x{5D5}\x{5DF}"
          text run at (78,0) width 22: "a\x{300}bc"
      RenderBlock (anonymous) at (0,120) size 784x64
        RenderBR {BR} at (0,0) size 0x19
        RenderText {#text} at (0,20) size 92x19
          text run at (0,20) width 92: "2) direction: ltr;"
        RenderBR {BR} at (92,35) size 0x0
        RenderMenuList {SELECT} at (2,42) size 88x20 [bgcolor=#DDDDDD] [border: (1px solid #000000)]
          RenderBlock (anonymous) at (1,1) size 86x18
            RenderBR at (4,1) size 0x16 [bgcolor=#DDDDDD]
        RenderBR {BR} at (92,57) size 0x0
      RenderBlock {DIV} at (0,184) size 100x20
        RenderText {#text} at (0,0) size 69x19
          text run at (0,0) width 22: "a\x{300}bc"
          text run at (22,0) width 47 RTL: "\x{5D0}\x{5E4}\x{5E8}\x{5E1}\x{5DE}\x{5D5}\x{5DF}"
      RenderBlock (anonymous) at (0,204) size 784x64
        RenderBR {BR} at (0,0) size 0x19
        RenderText {#text} at (0,20) size 68x19
          text run at (0,20) width 68: "3) No style"
        RenderBR {BR} at (68,35) size 0x0
        RenderMenuList {SELECT} at (2,42) size 88x20 [bgcolor=#DDDDDD] [border: (1px solid #000000)]
          RenderBlock (anonymous) at (1,1) size 86x18
            RenderBR at (4,1) size 0x16 [bgcolor=#DDDDDD]
        RenderBR {BR} at (92,57) size 0x0
      RenderBlock {DIV} at (0,268) size 100x20
        RenderText {#text} at (0,0) size 69x19
          text run at (0,0) width 22: "a\x{300}bc"
          text run at (22,0) width 47 RTL: "\x{5D0}\x{5E4}\x{5E8}\x{5E1}\x{5DE}\x{5D5}\x{5DF}"
      RenderBlock (anonymous) at (0,288) size 784x20
        RenderBR {BR} at (0,0) size 0x19
