layer at (0,0) size 800x600
  RenderView at (0,0) size 800x600
layer at (0,0) size 800x600
  RenderBlock {HTML} at (0,0) size 800x600
    RenderBody {BODY} at (8,8) size 784x584
      RenderText {#text} at (0,0) size 780x39
        text run at (0,0) width 780: "This tests the width of a breaking space after a Hindi character to ensure that it's measured properly and enough space is left for it."
        text run at (0,20) width 681: "Neither the Hindi on the button below nor the same text on two lines below that should be truncated at either end."
      RenderBR {BR} at (681,35) size 0x0
      RenderButton {INPUT} at (2,42) size 162x22 [bgcolor=#DDDDDD] [border: (2px outset #DDDDDD)]
        RenderBlock (anonymous) at (8,3) size 146x16
          RenderText at (0,0) size 146x16
            text run at (0,0) width 146: "\x{915}\x{93F}\x{938}\x{940} \x{92D}\x{940} \x{924}\x{930}\x{939} \x{906}\x{917}\x{947} \x{92C}"
      RenderBR {BR} at (166,58) size 0x0
      RenderInline {SPAN} at (0,0) size 172x19
        RenderText {#text} at (0,66) size 172x19
          text run at (0,66) width 172: "\x{915}\x{93F}\x{938}\x{940} \x{92D}\x{940} \x{924}\x{930}\x{939} \x{906}\x{917}\x{947} \x{92C}"
      RenderText {#text} at (172,66) size 25x19
        text run at (172,66) width 25: "Foo"
      RenderBR {BR} at (197,81) size 0x0
      RenderInline {SPAN} at (0,0) size 172x19
        RenderText {#text} at (0,86) size 172x19
          text run at (0,86) width 172: "\x{915}\x{93F}\x{938}\x{940} \x{92D}\x{940} \x{924}\x{930}\x{939} \x{906}\x{917}\x{947} \x{92C}"
      RenderText {#text} at (172,86) size 25x19
        text run at (172,86) width 25: "Foo"
      RenderBR {BR} at (197,101) size 0x0
