layer at (0,0) size 800x600
  RenderView at (0,0) size 800x600
layer at (0,0) size 800x600
  RenderBlock {HTML} at (0,0) size 800x600
    RenderBody {BODY} at (8,8) size 784x584
      RenderFieldSet {FIELDSET} at (2,0) size 780x371 [border: (2px groove #C0C0C0)]
        RenderBlock {DIV} at (14,7) size 752x352
          RenderInline {DIV} at (0,0) size 121x18
            RenderInline {DIV} at (0,0) size 121x18
              RenderText {#text} at (0,0) size 0x0
              RenderInline {A} at (0,0) size 50x18 [color=#0000EE]
                RenderImage {IMG} at (0,0) size 50x34
              RenderText {#text} at (50,20) size 4x18
                text run at (50,20) width 4: " "
              RenderBlock {INPUT} at (56,24) size 13x12
              RenderInline {LABEL} at (0,0) size 46x18
                RenderText {#text} at (71,20) size 46x18
                  text run at (71,20) width 46: "Classic"
              RenderText {#text} at (116,20) size 5x18
                text run at (116,20) width 5: " "
          RenderText {#text} at (0,0) size 0x0
          RenderInline {DIV} at (0,0) size 117x18
            RenderInline {DIV} at (0,0) size 117x18
              RenderText {#text} at (0,0) size 0x0
              RenderInline {A} at (0,0) size 51x18 [color=#0000EE]
                RenderImage {IMG} at (120,0) size 51x34
              RenderText {#text} at (170,20) size 5x18
                text run at (170,20) width 5: " "
              RenderBlock {INPUT} at (177,24) size 13x12
              RenderInline {LABEL} at (0,0) size 41x18
                RenderText {#text} at (192,20) size 41x18
                  text run at (192,20) width 41: "Africa"
              RenderText {#text} at (232,20) size 5x18
                text run at (232,20) width 5: " "
          RenderText {#text} at (0,0) size 0x0
          RenderInline {DIV} at (0,0) size 202x18
            RenderInline {DIV} at (0,0) size 202x18
              RenderText {#text} at (0,0) size 0x0
              RenderInline {A} at (0,0) size 51x18 [color=#0000EE]
                RenderImage {IMG} at (236,0) size 51x34
              RenderText {#text} at (286,20) size 5x18
                text run at (286,20) width 5: " "
              RenderBlock {INPUT} at (293,24) size 13x12
              RenderInline {LABEL} at (0,0) size 126x18
                RenderText {#text} at (308,20) size 126x18
                  text run at (308,20) width 126: "Alexander's Empire"
              RenderText {#text} at (433,20) size 5x18
                text run at (433,20) width 5: " "
          RenderText {#text} at (0,0) size 0x0
          RenderInline {DIV} at (0,0) size 176x18
            RenderInline {DIV} at (0,0) size 176x18
              RenderText {#text} at (0,0) size 0x0
              RenderInline {A} at (0,0) size 51x18 [color=#0000EE]
                RenderImage {IMG} at (437,0) size 51x34
              RenderText {#text} at (487,20) size 5x18
                text run at (487,20) width 5: " "
              RenderBlock {INPUT} at (494,24) size 13x12
              RenderInline {LABEL} at (0,0) size 100x18
                RenderText {#text} at (509,20) size 100x18
                  text run at (509,20) width 100: "Ancient Greece"
              RenderText {#text} at (608,20) size 5x18
                text run at (608,20) width 5: " "
          RenderText {#text} at (0,0) size 0x0
          RenderInline {DIV} at (0,0) size 118x18
            RenderInline {DIV} at (0,0) size 118x18
              RenderText {#text} at (0,0) size 0x0
              RenderInline {A} at (0,0) size 51x18 [color=#0000EE]
                RenderImage {IMG} at (612,0) size 51x34
              RenderText {#text} at (662,20) size 5x18
                text run at (662,20) width 5: " "
              RenderBlock {INPUT} at (669,24) size 13x12
              RenderInline {LABEL} at (0,0) size 46x18
                RenderText {#text} at (684,20) size 46x18
                  text run at (684,20) width 46: "Classic"
              RenderText {#text} at (0,0) size 0x0
          RenderText {#text} at (0,0) size 0x0
          RenderInline {DIV} at (0,0) size 116x18
            RenderInline {DIV} at (0,0) size 116x18
              RenderText {#text} at (0,0) size 0x0
              RenderInline {A} at (0,0) size 50x18 [color=#0000EE]
                RenderImage {IMG} at (0,39) size 50x34
              RenderText {#text} at (50,59) size 4x18
                text run at (50,59) width 4: " "
              RenderBlock {INPUT} at (56,63) size 13x12
              RenderInline {LABEL} at (0,0) size 41x18
                RenderText {#text} at (71,59) size 41x18
                  text run at (71,59) width 41: "Africa"
              RenderText {#text} at (111,59) size 5x18
                text run at (111,59) width 5: " "
          RenderText {#text} at (0,0) size 0x0
          RenderInline {DIV} at (0,0) size 202x18
            RenderInline {DIV} at (0,0) size 202x18
              RenderText {#text} at (0,0) size 0x0
              RenderInline {A} at (0,0) size 51x18 [color=#0000EE]
                RenderImage {IMG} at (115,39) size 51x34
              RenderText {#text} at (165,59) size 5x18
                text run at (165,59) width 5: " "
              RenderBlock {INPUT} at (172,63) size 13x12
              RenderInline {LABEL} at (0,0) size 126x18
                RenderText {#text} at (187,59) size 126x18
                  text run at (187,59) width 126: "Alexander's Empire"
              RenderText {#text} at (312,59) size 5x18
                text run at (312,59) width 5: " "
          RenderText {#text} at (0,0) size 0x0
          RenderInline {DIV} at (0,0) size 176x18
            RenderInline {DIV} at (0,0) size 176x18
              RenderText {#text} at (0,0) size 0x0
              RenderInline {A} at (0,0) size 51x18 [color=#0000EE]
                RenderImage {IMG} at (316,39) size 51x34
              RenderText {#text} at (366,59) size 5x18
                text run at (366,59) width 5: " "
              RenderBlock {INPUT} at (373,63) size 13x12
              RenderInline {LABEL} at (0,0) size 100x18
                RenderText {#text} at (388,59) size 100x18
                  text run at (388,59) width 100: "Ancient Greece"
              RenderText {#text} at (487,59) size 5x18
                text run at (487,59) width 5: " "
          RenderText {#text} at (0,0) size 0x0
          RenderInline {DIV} at (0,0) size 122x18
            RenderInline {DIV} at (0,0) size 122x18
              RenderText {#text} at (0,0) size 0x0
              RenderInline {A} at (0,0) size 51x18 [color=#0000EE]
                RenderImage {IMG} at (491,39) size 51x34
              RenderText {#text} at (541,59) size 5x18
                text run at (541,59) width 5: " "
              RenderBlock {INPUT} at (548,63) size 13x12
              RenderInline {LABEL} at (0,0) size 46x18
                RenderText {#text} at (563,59) size 46x18
                  text run at (563,59) width 46: "Classic"
              RenderText {#text} at (608,59) size 5x18
                text run at (608,59) width 5: " "
          RenderText {#text} at (0,0) size 0x0
          RenderInline {DIV} at (0,0) size 113x18
            RenderInline {DIV} at (0,0) size 113x18
              RenderText {#text} at (0,0) size 0x0
              RenderInline {A} at (0,0) size 51x18 [color=#0000EE]
                RenderImage {IMG} at (612,39) size 51x34
              RenderText {#text} at (662,59) size 5x18
                text run at (662,59) width 5: " "
              RenderBlock {INPUT} at (669,63) size 13x12
              RenderInline {LABEL} at (0,0) size 41x18
                RenderText {#text} at (684,59) size 41x18
                  text run at (684,59) width 41: "Africa"
              RenderText {#text} at (0,0) size 0x0
          RenderText {#text} at (0,0) size 0x0
          RenderInline {DIV} at (0,0) size 201x18
            RenderInline {DIV} at (0,0) size 201x18
              RenderText {#text} at (0,0) size 0x0
              RenderInline {A} at (0,0) size 50x18 [color=#0000EE]
                RenderImage {IMG} at (0,78) size 50x34
              RenderText {#text} at (50,98) size 4x18
                text run at (50,98) width 4: " "
              RenderBlock {INPUT} at (56,102) size 13x12
              RenderInline {LABEL} at (0,0) size 126x18
                RenderText {#text} at (71,98) size 126x18
                  text run at (71,98) width 126: "Alexander's Empire"
              RenderText {#text} at (196,98) size 5x18
                text run at (196,98) width 5: " "
          RenderText {#text} at (0,0) size 0x0
          RenderInline {DIV} at (0,0) size 176x18
            RenderInline {DIV} at (0,0) size 176x18
              RenderText {#text} at (0,0) size 0x0
              RenderInline {A} at (0,0) size 51x18 [color=#0000EE]
                RenderImage {IMG} at (200,78) size 51x34
              RenderText {#text} at (250,98) size 5x18
                text run at (250,98) width 5: " "
              RenderBlock {INPUT} at (257,102) size 13x12
              RenderInline {LABEL} at (0,0) size 100x18
                RenderText {#text} at (272,98) size 100x18
                  text run at (272,98) width 100: "Ancient Greece"
              RenderText {#text} at (371,98) size 5x18
                text run at (371,98) width 5: " "
          RenderText {#text} at (0,0) size 0x0
          RenderInline {DIV} at (0,0) size 122x18
            RenderInline {DIV} at (0,0) size 122x18
              RenderText {#text} at (0,0) size 0x0
              RenderInline {A} at (0,0) size 51x18 [color=#0000EE]
                RenderImage {IMG} at (375,78) size 51x34
              RenderText {#text} at (425,98) size 5x18
                text run at (425,98) width 5: " "
              RenderBlock {INPUT} at (432,102) size 13x12
              RenderInline {LABEL} at (0,0) size 46x18
                RenderText {#text} at (447,98) size 46x18
                  text run at (447,98) width 46: "Classic"
              RenderText {#text} at (492,98) size 5x18
                text run at (492,98) width 5: " "
          RenderText {#text} at (0,0) size 0x0
          RenderInline {DIV} at (0,0) size 113x18
            RenderInline {DIV} at (0,0) size 113x18
              RenderText {#text} at (0,0) size 0x0
              RenderInline {A} at (0,0) size 51x18 [color=#0000EE]
                RenderImage {IMG} at (496,78) size 51x34
              RenderText {#text} at (546,98) size 5x18
                text run at (546,98) width 5: " "
              RenderBlock {INPUT} at (553,102) size 13x12
              RenderInline {LABEL} at (0,0) size 41x18
                RenderText {#text} at (568,98) size 41x18
                  text run at (568,98) width 41: "Africa"
              RenderText {#text} at (0,0) size 0x0
          RenderText {#text} at (0,0) size 0x0
          RenderInline {DIV} at (0,0) size 201x18
            RenderInline {DIV} at (0,0) size 201x18
              RenderText {#text} at (0,0) size 0x0
              RenderInline {A} at (0,0) size 50x18 [color=#0000EE]
                RenderImage {IMG} at (0,117) size 50x34
              RenderText {#text} at (50,137) size 4x18
                text run at (50,137) width 4: " "
              RenderBlock {INPUT} at (56,141) size 13x12
              RenderInline {LABEL} at (0,0) size 126x18
                RenderText {#text} at (71,137) size 126x18
                  text run at (71,137) width 126: "Alexander's Empire"
              RenderText {#text} at (196,137) size 5x18
                text run at (196,137) width 5: " "
          RenderText {#text} at (0,0) size 0x0
          RenderInline {DIV} at (0,0) size 176x18
            RenderInline {DIV} at (0,0) size 176x18
              RenderText {#text} at (0,0) size 0x0
              RenderInline {A} at (0,0) size 51x18 [color=#0000EE]
                RenderImage {IMG} at (200,117) size 51x34
              RenderText {#text} at (250,137) size 5x18
                text run at (250,137) width 5: " "
              RenderBlock {INPUT} at (257,141) size 13x12
              RenderInline {LABEL} at (0,0) size 100x18
                RenderText {#text} at (272,137) size 100x18
                  text run at (272,137) width 100: "Ancient Greece"
              RenderText {#text} at (371,137) size 5x18
                text run at (371,137) width 5: " "
          RenderText {#text} at (0,0) size 0x0
          RenderInline {DIV} at (0,0) size 122x18
            RenderInline {DIV} at (0,0) size 122x18
              RenderText {#text} at (0,0) size 0x0
              RenderInline {A} at (0,0) size 51x18 [color=#0000EE]
                RenderImage {IMG} at (375,117) size 51x34
              RenderText {#text} at (425,137) size 5x18
                text run at (425,137) width 5: " "
              RenderBlock {INPUT} at (432,141) size 13x12
              RenderInline {LABEL} at (0,0) size 46x18
                RenderText {#text} at (447,137) size 46x18
                  text run at (447,137) width 46: "Classic"
              RenderText {#text} at (492,137) size 5x18
                text run at (492,137) width 5: " "
          RenderText {#text} at (0,0) size 0x0
          RenderInline {DIV} at (0,0) size 113x18
            RenderInline {DIV} at (0,0) size 113x18
              RenderText {#text} at (0,0) size 0x0
              RenderInline {A} at (0,0) size 51x18 [color=#0000EE]
                RenderImage {IMG} at (496,117) size 51x34
              RenderText {#text} at (546,137) size 5x18
                text run at (546,137) width 5: " "
              RenderBlock {INPUT} at (553,141) size 13x12
              RenderInline {LABEL} at (0,0) size 41x18
                RenderText {#text} at (568,137) size 41x18
                  text run at (568,137) width 41: "Africa"
              RenderText {#text} at (0,0) size 0x0
          RenderText {#text} at (0,0) size 0x0
          RenderInline {DIV} at (0,0) size 201x18
            RenderInline {DIV} at (0,0) size 201x18
              RenderText {#text} at (0,0) size 0x0
              RenderInline {A} at (0,0) size 50x18 [color=#0000EE]
                RenderImage {IMG} at (0,156) size 50x34
              RenderText {#text} at (50,176) size 4x18
                text run at (50,176) width 4: " "
              RenderBlock {INPUT} at (56,180) size 13x12
              RenderInline {LABEL} at (0,0) size 126x18
                RenderText {#text} at (71,176) size 126x18
                  text run at (71,176) width 126: "Alexander's Empire"
              RenderText {#text} at (196,176) size 5x18
                text run at (196,176) width 5: " "
          RenderText {#text} at (0,0) size 0x0
          RenderInline {DIV} at (0,0) size 176x18
            RenderInline {DIV} at (0,0) size 176x18
              RenderText {#text} at (0,0) size 0x0
              RenderInline {A} at (0,0) size 51x18 [color=#0000EE]
                RenderImage {IMG} at (200,156) size 51x34
              RenderText {#text} at (250,176) size 5x18
                text run at (250,176) width 5: " "
              RenderBlock {INPUT} at (257,180) size 13x12
              RenderInline {LABEL} at (0,0) size 100x18
                RenderText {#text} at (272,176) size 100x18
                  text run at (272,176) width 100: "Ancient Greece"
              RenderText {#text} at (371,176) size 5x18
                text run at (371,176) width 5: " "
          RenderText {#text} at (0,0) size 0x0
          RenderInline {DIV} at (0,0) size 122x18
            RenderInline {DIV} at (0,0) size 122x18
              RenderText {#text} at (0,0) size 0x0
              RenderInline {A} at (0,0) size 51x18 [color=#0000EE]
                RenderImage {IMG} at (375,156) size 51x34
              RenderText {#text} at (425,176) size 5x18
                text run at (425,176) width 5: " "
              RenderBlock {INPUT} at (432,180) size 13x12
              RenderInline {LABEL} at (0,0) size 46x18
                RenderText {#text} at (447,176) size 46x18
                  text run at (447,176) width 46: "Classic"
              RenderText {#text} at (492,176) size 5x18
                text run at (492,176) width 5: " "
          RenderText {#text} at (0,0) size 0x0
          RenderInline {DIV} at (0,0) size 113x18
            RenderInline {DIV} at (0,0) size 113x18
              RenderText {#text} at (0,0) size 0x0
              RenderInline {A} at (0,0) size 51x18 [color=#0000EE]
                RenderImage {IMG} at (496,156) size 51x34
              RenderText {#text} at (546,176) size 5x18
                text run at (546,176) width 5: " "
              RenderBlock {INPUT} at (553,180) size 13x12
              RenderInline {LABEL} at (0,0) size 41x18
                RenderText {#text} at (568,176) size 41x18
                  text run at (568,176) width 41: "Africa"
              RenderText {#text} at (0,0) size 0x0
          RenderText {#text} at (0,0) size 0x0
          RenderInline {DIV} at (0,0) size 201x18
            RenderInline {DIV} at (0,0) size 201x18
              RenderText {#text} at (0,0) size 0x0
              RenderInline {A} at (0,0) size 50x18 [color=#0000EE]
                RenderImage {IMG} at (0,195) size 50x34
              RenderText {#text} at (50,215) size 4x18
                text run at (50,215) width 4: " "
              RenderBlock {INPUT} at (56,219) size 13x12
              RenderInline {LABEL} at (0,0) size 126x18
                RenderText {#text} at (71,215) size 126x18
                  text run at (71,215) width 126: "Alexander's Empire"
              RenderText {#text} at (196,215) size 5x18
                text run at (196,215) width 5: " "
          RenderText {#text} at (0,0) size 0x0
          RenderInline {DIV} at (0,0) size 176x18
            RenderInline {DIV} at (0,0) size 176x18
              RenderText {#text} at (0,0) size 0x0
              RenderInline {A} at (0,0) size 51x18 [color=#0000EE]
                RenderImage {IMG} at (200,195) size 51x34
              RenderText {#text} at (250,215) size 5x18
                text run at (250,215) width 5: " "
              RenderBlock {INPUT} at (257,219) size 13x12
              RenderInline {LABEL} at (0,0) size 100x18
                RenderText {#text} at (272,215) size 100x18
                  text run at (272,215) width 100: "Ancient Greece"
              RenderText {#text} at (371,215) size 5x18
                text run at (371,215) width 5: " "
          RenderText {#text} at (0,0) size 0x0
          RenderInline {DIV} at (0,0) size 122x18
            RenderInline {DIV} at (0,0) size 122x18
              RenderText {#text} at (0,0) size 0x0
              RenderInline {A} at (0,0) size 51x18 [color=#0000EE]
                RenderImage {IMG} at (375,195) size 51x34
              RenderText {#text} at (425,215) size 5x18
                text run at (425,215) width 5: " "
              RenderBlock {INPUT} at (432,219) size 13x12
              RenderInline {LABEL} at (0,0) size 46x18
                RenderText {#text} at (447,215) size 46x18
                  text run at (447,215) width 46: "Classic"
              RenderText {#text} at (492,215) size 5x18
                text run at (492,215) width 5: " "
          RenderText {#text} at (0,0) size 0x0
          RenderInline {DIV} at (0,0) size 113x18
            RenderInline {DIV} at (0,0) size 113x18
              RenderText {#text} at (0,0) size 0x0
              RenderInline {A} at (0,0) size 51x18 [color=#0000EE]
                RenderImage {IMG} at (496,195) size 51x34
              RenderText {#text} at (546,215) size 5x18
                text run at (546,215) width 5: " "
              RenderBlock {INPUT} at (553,219) size 13x12
              RenderInline {LABEL} at (0,0) size 41x18
                RenderText {#text} at (568,215) size 41x18
                  text run at (568,215) width 41: "Africa"
              RenderText {#text} at (0,0) size 0x0
          RenderText {#text} at (0,0) size 0x0
          RenderInline {DIV} at (0,0) size 201x18
            RenderInline {DIV} at (0,0) size 201x18
              RenderText {#text} at (0,0) size 0x0
              RenderInline {A} at (0,0) size 50x18 [color=#0000EE]
                RenderImage {IMG} at (0,234) size 50x34
              RenderText {#text} at (50,254) size 4x18
                text run at (50,254) width 4: " "
              RenderBlock {INPUT} at (56,258) size 13x12
              RenderInline {LABEL} at (0,0) size 126x18
                RenderText {#text} at (71,254) size 126x18
                  text run at (71,254) width 126: "Alexander's Empire"
              RenderText {#text} at (196,254) size 5x18
                text run at (196,254) width 5: " "
          RenderText {#text} at (0,0) size 0x0
          RenderInline {DIV} at (0,0) size 176x18
            RenderInline {DIV} at (0,0) size 176x18
              RenderText {#text} at (0,0) size 0x0
              RenderInline {A} at (0,0) size 51x18 [color=#0000EE]
                RenderImage {IMG} at (200,234) size 51x34
              RenderText {#text} at (250,254) size 5x18
                text run at (250,254) width 5: " "
              RenderBlock {INPUT} at (257,258) size 13x12
              RenderInline {LABEL} at (0,0) size 100x18
                RenderText {#text} at (272,254) size 100x18
                  text run at (272,254) width 100: "Ancient Greece"
              RenderText {#text} at (371,254) size 5x18
                text run at (371,254) width 5: " "
          RenderText {#text} at (0,0) size 0x0
          RenderInline {DIV} at (0,0) size 122x18
            RenderInline {DIV} at (0,0) size 122x18
              RenderText {#text} at (0,0) size 0x0
              RenderInline {A} at (0,0) size 51x18 [color=#0000EE]
                RenderImage {IMG} at (375,234) size 51x34
              RenderText {#text} at (425,254) size 5x18
                text run at (425,254) width 5: " "
              RenderBlock {INPUT} at (432,258) size 13x12
              RenderInline {LABEL} at (0,0) size 46x18
                RenderText {#text} at (447,254) size 46x18
                  text run at (447,254) width 46: "Classic"
              RenderText {#text} at (492,254) size 5x18
                text run at (492,254) width 5: " "
          RenderText {#text} at (0,0) size 0x0
          RenderInline {DIV} at (0,0) size 113x18
            RenderInline {DIV} at (0,0) size 113x18
              RenderText {#text} at (0,0) size 0x0
              RenderInline {A} at (0,0) size 51x18 [color=#0000EE]
                RenderImage {IMG} at (496,234) size 51x34
              RenderText {#text} at (546,254) size 5x18
                text run at (546,254) width 5: " "
              RenderBlock {INPUT} at (553,258) size 13x12
              RenderInline {LABEL} at (0,0) size 41x18
                RenderText {#text} at (568,254) size 41x18
                  text run at (568,254) width 41: "Africa"
              RenderText {#text} at (0,0) size 0x0
          RenderText {#text} at (0,0) size 0x0
          RenderInline {DIV} at (0,0) size 201x18
            RenderInline {DIV} at (0,0) size 201x18
              RenderText {#text} at (0,0) size 0x0
              RenderInline {A} at (0,0) size 50x18 [color=#0000EE]
                RenderImage {IMG} at (0,273) size 50x34
              RenderText {#text} at (50,293) size 4x18
                text run at (50,293) width 4: " "
              RenderBlock {INPUT} at (56,297) size 13x12
              RenderInline {LABEL} at (0,0) size 126x18
                RenderText {#text} at (71,293) size 126x18
                  text run at (71,293) width 126: "Alexander's Empire"
              RenderText {#text} at (196,293) size 5x18
                text run at (196,293) width 5: " "
          RenderText {#text} at (0,0) size 0x0
          RenderInline {DIV} at (0,0) size 176x18
            RenderInline {DIV} at (0,0) size 176x18
              RenderText {#text} at (0,0) size 0x0
              RenderInline {A} at (0,0) size 51x18 [color=#0000EE]
                RenderImage {IMG} at (200,273) size 51x34
              RenderText {#text} at (250,293) size 5x18
                text run at (250,293) width 5: " "
              RenderBlock {INPUT} at (257,297) size 13x12
              RenderInline {LABEL} at (0,0) size 100x18
                RenderText {#text} at (272,293) size 100x18
                  text run at (272,293) width 100: "Ancient Greece"
              RenderText {#text} at (371,293) size 5x18
                text run at (371,293) width 5: " "
          RenderText {#text} at (0,0) size 0x0
          RenderInline {DIV} at (0,0) size 122x18
            RenderInline {DIV} at (0,0) size 122x18
              RenderText {#text} at (0,0) size 0x0
              RenderInline {A} at (0,0) size 51x18 [color=#0000EE]
                RenderImage {IMG} at (375,273) size 51x34
              RenderText {#text} at (425,293) size 5x18
                text run at (425,293) width 5: " "
              RenderBlock {INPUT} at (432,297) size 13x12
              RenderInline {LABEL} at (0,0) size 46x18
                RenderText {#text} at (447,293) size 46x18
                  text run at (447,293) width 46: "Classic"
              RenderText {#text} at (492,293) size 5x18
                text run at (492,293) width 5: " "
          RenderText {#text} at (0,0) size 0x0
          RenderInline {DIV} at (0,0) size 113x18
            RenderInline {DIV} at (0,0) size 113x18
              RenderText {#text} at (0,0) size 0x0
              RenderInline {A} at (0,0) size 51x18 [color=#0000EE]
                RenderImage {IMG} at (496,273) size 51x34
              RenderText {#text} at (546,293) size 5x18
                text run at (546,293) width 5: " "
              RenderBlock {INPUT} at (553,297) size 13x12
              RenderInline {LABEL} at (0,0) size 41x18
                RenderText {#text} at (568,293) size 41x18
                  text run at (568,293) width 41: "Africa"
              RenderText {#text} at (0,0) size 0x0
          RenderText {#text} at (0,0) size 0x0
          RenderInline {DIV} at (0,0) size 201x18
            RenderInline {DIV} at (0,0) size 201x18
              RenderText {#text} at (0,0) size 0x0
              RenderInline {A} at (0,0) size 50x18 [color=#0000EE]
                RenderImage {IMG} at (0,312) size 50x34
              RenderText {#text} at (50,332) size 4x18
                text run at (50,332) width 4: " "
              RenderBlock {INPUT} at (56,336) size 13x12
              RenderInline {LABEL} at (0,0) size 126x18
                RenderText {#text} at (71,332) size 126x18
                  text run at (71,332) width 126: "Alexander's Empire"
              RenderText {#text} at (196,332) size 5x18
                text run at (196,332) width 5: " "
          RenderText {#text} at (0,0) size 0x0
          RenderInline {DIV} at (0,0) size 172x18
            RenderInline {DIV} at (0,0) size 172x18
              RenderText {#text} at (0,0) size 0x0
              RenderInline {A} at (0,0) size 51x18 [color=#0000EE]
                RenderImage {IMG} at (200,312) size 51x34
              RenderText {#text} at (250,332) size 5x18
                text run at (250,332) width 5: " "
              RenderBlock {INPUT} at (257,336) size 13x12
              RenderInline {LABEL} at (0,0) size 100x18
                RenderText {#text} at (272,332) size 100x18
                  text run at (272,332) width 100: "Ancient Greece"
              RenderText {#text} at (0,0) size 0x0
          RenderText {#text} at (0,0) size 0x0
