layer at (0,0) size 800x600
  RenderView at (0,0) size 800x600
layer at (12,12) size 776x172
  RenderBlock {HTML} at (12,12) size 776x172 [color=#FFFF00] [border: (3px solid #0000FF)]
    RenderBody {BODY} at (27,27) size 722x118 [color=#000000] [bgcolor=#FFFFFF] [border: (3px solid #000000)]
      RenderBlock {P} at (15,15) size 692x88
        RenderText {#text} at (0,0) size 690x28
          text run at (0,0) width 690: "The HTML box, the one with a blue border should be fully filled with lime green. The BODY box, the one with black border, should also be fully"
          text run at (0,14) width 411: "filled with lime green. The lime green color should not spill out outside the blue border."
