layer at (0,0) size 800x600
  RenderView at (0,0) size 800x600
layer at (0,0) size 800x600
  RenderBlock {HTML} at (0,0) size 800x600
    RenderBody {BODY} at (8,8) size 784x584
      RenderBlock {DIV} at (0,0) size 784x127
        RenderBlock {DIV} at (12,12) size 110x100 [bgcolor=#000000] [border: (20px solid #FFFFFF)]
        RenderText {#text} at (132,111) size 3x14
          text run at (132,111) width 3: " "
        RenderBlock {DIV} at (145,12) size 110x100 [bgcolor=#000000] [border: (20px double #FFFFFF)]
        RenderText {#text} at (265,111) size 3x14
          text run at (265,111) width 3: " "
        RenderBlock {DIV} at (278,12) size 110x100 [bgcolor=#000000] [border: (20px groove #808080)]
        RenderText {#text} at (398,111) size 3x14
          text run at (398,111) width 3: " "
        RenderBlock {DIV} at (411,12) size 110x100 [bgcolor=#000000] [border: (20px solid #FFFFFF) (20px double #FFFFFF) (20px solid #FFFFFF)]
        RenderText {#text} at (0,0) size 0x0
      RenderBlock {DIV} at (0,127) size 784x127 [bgcolor=#808080]
        RenderBlock {DIV} at (12,12) size 110x100 [bgcolor=#FFFFFF] [border: (20px solid #0000FF7F)]
        RenderText {#text} at (132,111) size 3x14
          text run at (132,111) width 3: " "
        RenderBlock {DIV} at (145,12) size 110x100 [bgcolor=#FFFFFF] [border: (20px double #0000FF7F)]
        RenderText {#text} at (265,111) size 3x14
          text run at (265,111) width 3: " "
        RenderBlock {DIV} at (278,12) size 110x100 [bgcolor=#FFFFFF] [border: (20px groove #808080)]
        RenderText {#text} at (398,111) size 3x14
          text run at (398,111) width 3: " "
        RenderBlock {DIV} at (411,12) size 110x100 [bgcolor=#FFFFFF] [border: (20px solid #0000FF7F) (20px double #0000FF7F) (20px solid #0000FF7F)]
        RenderText {#text} at (0,0) size 0x0
      RenderBlock {DIV} at (0,254) size 784x127
        RenderBlock {DIV} at (12,12) size 110x100 [bgcolor=#000000] [border: (20px solid #FFFFFF)]
        RenderText {#text} at (132,111) size 3x14
          text run at (132,111) width 3: " "
        RenderBlock {DIV} at (145,12) size 110x100 [bgcolor=#000000] [border: (20px double #FFFFFF)]
        RenderText {#text} at (265,111) size 3x14
          text run at (265,111) width 3: " "
        RenderBlock {DIV} at (278,12) size 110x100 [bgcolor=#000000] [border: (20px groove #808080)]
        RenderText {#text} at (398,111) size 3x14
          text run at (398,111) width 3: " "
        RenderBlock {DIV} at (411,12) size 110x100 [bgcolor=#000000] [border: (20px solid #FFFFFF) (20px double #FFFFFF) (20px solid #FFFFFF)]
        RenderText {#text} at (0,0) size 0x0
