layer at (0,0) size 800x600
  RenderView at (0,0) size 800x600
layer at (0,0) size 800x128
  RenderBlock {HTML} at (0,0) size 800x128 [bgcolor=#008000]
    RenderBody {BODY} at (50,50) size 700x28 [bgcolor=#808080]
      RenderBlock {P} at (0,0) size 700x28
        RenderText {#text} at (0,0) size 698x28
          text run at (0,0) width 698: "The document background should be red, and the body gray. The rest of the viewport should be white. The document and body should have opacity"
          text run at (0,14) width 31: "of 0.3."
