layer at (0,0) size 800x600
  RenderView at (0,0) size 800x600
layer at (0,0) size 800x600
  RenderBlock {HTML} at (0,0) size 800x600
    RenderBody {BODY} at (8,8) size 784x580
      RenderBlock (anonymous) at (0,0) size 784x14
        RenderText {#text} at (0,0) size 454x14
          text run at (0,0) width 454: "The following two lines should be visible without the white background clipping any of the text:"
      RenderBlock {P} at (0,26) size 784x24
        RenderInline {SPAN} at (0,0) size 61x35 [bgcolor=#FFFFFF]
          RenderText {#text} at (0,0) size 0x0
          RenderInline {SPAN} at (0,0) size 61x24
            RenderText {#text} at (0,0) size 61x12
              text run at (0,0) width 61: "FOOBARBAZ"
            RenderBR {BR} at (61,9) size 0x0
            RenderText {#text} at (0,12) size 61x12
              text run at (0,12) width 61: "BAZBARFOO"
        RenderText {#text} at (0,0) size 0x0
      RenderBlock (anonymous) at (0,62) size 784x14
        RenderText {#text} at (0,0) size 310x14
          text run at (0,0) width 310: "The background below should be 10x10 and snugly fit the image:"
      RenderBlock {P} at (0,88) size 784x10
        RenderInline {SPAN} at (0,0) size 10x45 [bgcolor=#FF0000]
          RenderImage {IMG} at (0,0) size 10x10
        RenderText {#text} at (0,0) size 0x0
