layer at (0,0) size 1480x914
  RenderView at (0,0) size 784x584
layer at (0,0) size 784x914
  RenderBlock {HTML} at (0,0) size 784x914
    RenderBody {BODY} at (8,21) size 768x885
      RenderBlock {H1} at (0,0) size 768x37
        RenderText {#text} at (0,0) size 292x36
          text run at (0,0) width 292: "Table Border Models"
      RenderBlock {P} at (0,58) size 768x18
        RenderText {#text} at (0,0) size 121x17
          text run at (0,0) width 121: "This tests tests the "
        RenderInline {A} at (0,0) size 212x17 [color=#0000EE]
          RenderText {#text} at (120,0) size 212x17
            text run at (120,0) width 212: "CSS2 spec rules on table borders"
        RenderText {#text} at (331,0) size 185x17
          text run at (331,0) width 9: ". "
          text run at (339,0) width 177: "The styles applied here are:"
      RenderBlock {PRE} at (0,92) size 768x180
        RenderText {#text} at (0,0) size 671x180
          text run at (0,0) width 398: "TABLE   { margin: 1em; border: medium solid blue; }"
          text run at (397,0) width 1: " "
          text run at (0,15) width 367: "TD  { border: thin solid green; padding: 5px; }"
          text run at (366,15) width 1: " "
          text run at (0,30) width 383: "TH { border: medium solid purple; padding: 5px; }"
          text run at (382,30) width 1: " "
          text run at (0,45) width 352: "TABLE.one, TABLE.two { border-spacing: 1em; }"
          text run at (351,45) width 1: " "
          text run at (0,60) width 313: "TABLE.one { border-collapse: collapse; }"
          text run at (312,60) width 1: " "
          text run at (0,75) width 313: "TABLE.two { border-collapse: separate; }"
          text run at (312,75) width 1: " "
          text run at (0,90) width 523: "TABLE.three { border-collapse: separate; border-spacing: 0 0.5em; }"
          text run at (522,90) width 1: " "
          text run at (0,105) width 515: "TABLE.four { border-collapse: separate; border-spacing: 0.5em 0; }"
          text run at (514,105) width 1: " "
          text run at (0,120) width 320: "TABLE.five { border-collapse: separate; }"
          text run at (319,120) width 1: " "
          text run at (0,135) width 453: "TABLE.five, TABLE.five TD, TABLE.five TH { border: none; }"
          text run at (452,135) width 1: " "
          text run at (0,150) width 671: "TABLE.five TR, TABLE.five COL, TABLE.five COLGROUP, TABLE.five TBODY, TABLE.five THEAD"
          text run at (670,150) width 1: " "
          text run at (0,165) width 258: "    { border: medium solid red; }"
          text run at (257,165) width 1: " "
      RenderBlock {DIV} at (0,285) size 1472x600
        RenderTable {TABLE} at (16,16) size 238x568 [border: (1px solid #0000FF)]
          RenderTableSection {TBODY} at (1,1) size 235x565
            RenderTableRow {TR} at (0,0) size 31x565
              RenderTableCell {TH} at (0,0) size 31x189 [border: (2px solid #800080)] [r=0 c=0 rs=1 cs=1]
                RenderText {#text} at (6,53) size 17x84
                  text run at (6,53) width 84: "Header One"
              RenderTableCell {TH} at (0,189) size 31x178 [border: (2px solid #800080)] [r=0 c=1 rs=1 cs=1]
                RenderText {#text} at (6,47) size 17x85
                  text run at (6,47) width 85: "Header Two"
              RenderTableCell {TH} at (0,367) size 31x198 [border: (2px solid #800080)] [r=0 c=2 rs=1 cs=1]
                RenderText {#text} at (6,51) size 17x97
                  text run at (6,51) width 96: "Header Three"
            RenderTableRow {TR} at (0,31) size 102x565
              RenderTableCell {TD} at (31,27) size 102x135 [border: (2px solid #008000)] [r=1 c=0 rs=1 cs=1]
                RenderText {#text} at (33,-20) size 35x161
                  text run at (33,-20) width 119: "This table uses the"
                  text run at (51,-20) width 161: "collapsed borders model."
              RenderTableCell {TD} at (31,207) size 102x142 [border: (1px solid #008000)] [r=1 c=1 rs=1 cs=1]
                RenderText {#text} at (24,-12) size 53x163
                  text run at (24,-12) width 163: "This means that elements"
                  text run at (42,-12) width 146: "within the cell have no"
                  text run at (60,-12) width 100: "border-spacing."
              RenderTableCell {TD} at (31,367) size 102x198 [border: (1px solid #008000)] [r=1 c=2 rs=1 cs=1]
                RenderText {#text} at (6,6) size 89x172
                  text run at (6,6) width 139: "Since it has collapsed"
                  text run at (24,6) width 172: "borders, the borders on the"
                  text run at (42,6) width 84: "header cells, "
                  text run at (42,89) width 76: "on all sides,"
                  text run at (60,6) width 154: "should be medium solid"
                  text run at (78,6) width 45: "purple."
            RenderTableRow {TR} at (0,133) size 102x565
              RenderTableCell {TD} at (133,0) size 102x189 [border: (2px solid #008000)] [r=2 c=0 rs=1 cs=1]
                RenderText {#text} at (5,7) size 89x157
                  text run at (5,7) width 147: "The border of the table"
                  text run at (23,7) width 155: "itself should be medium"
                  text run at (41,7) width 117: "solid blue, except "
                  text run at (41,123) width 40: "where"
                  text run at (59,7) width 157: "header cells override the"
                  text run at (77,7) width 46: "border."
              RenderTableCell {TD} at (133,189) size 102x178 [border: (1px solid #008000)] [r=2 c=1 rs=1 cs=1]
                RenderText {#text} at (5,6) size 89x164
                  text run at (5,6) width 164: "The borders that I haven't"
                  text run at (23,6) width 144: "already mentioned (all"
                  text run at (41,6) width 114: "the other internal "
                  text run at (41,119) width 35: "ones)"
                  text run at (59,6) width 126: "should be thin solid"
                  text run at (77,6) width 40: "green."
              RenderTableCell {TD} at (133,367) size 102x198 [border: (1px solid #008000)] [r=2 c=2 rs=1 cs=1]
                RenderText {#text} at (5,6) size 71x156
                  text run at (5,6) width 156: "This table should have a"
                  text run at (23,6) width 146: "1em margin around all"
                  text run at (41,6) width 45: "edges. "
                  text run at (41,50) width 82: "This margin "
                  text run at (41,132) width 11: "is"
                  text run at (59,6) width 124: "measured from the "
                RenderInline {EM} at (0,0) size 17x45
                  RenderText {#text} at (59,129) size 17x45
                    text run at (59,129) width 44: "middle"
                RenderText {#text} at (59,173) size 35x185
                  text run at (59,173) width 18: " of"
                  text run at (77,6) width 65: "its border."
        RenderTable {TABLE} at (270,16) size 290x568 [border: (3px solid #0000FF)]
          RenderTableSection {TBODY} at (3,3) size 284x562
            RenderTableRow {TR} at (0,16) size 34x562
              RenderTableCell {TH} at (16,16) size 34x121 [border: (3px solid #800080)] [r=0 c=0 rs=1 cs=1]
                RenderText {#text} at (8,18) size 17x85
                  text run at (8,18) width 84: "Header One"
              RenderTableCell {TH} at (16,153) size 34x143 [border: (3px solid #800080)] [r=0 c=1 rs=1 cs=1]
                RenderText {#text} at (8,29) size 17x85
                  text run at (8,29) width 85: "Header Two"
              RenderTableCell {TH} at (16,312) size 34x234 [border: (3px solid #800080)] [r=0 c=2 rs=1 cs=1]
                RenderText {#text} at (8,69) size 17x96
                  text run at (8,69) width 96: "Header Three"
            RenderTableRow {TR} at (0,66) size 84x562
              RenderTableCell {TD} at (66,25) size 84x103 [border: (1px solid #008000)] [r=1 c=0 rs=1 cs=1]
                RenderText {#text} at (15,-3) size 53x96
                  text run at (15,-3) width 96: "This table uses"
                  text run at (33,-3) width 84: "the separated"
                  text run at (51,-3) width 96: "borders model."
              RenderTableCell {TD} at (66,153) size 84x143 [border: (1px solid #008000)] [r=1 c=1 rs=1 cs=1]
                RenderText {#text} at (6,6) size 71x126
                  text run at (6,6) width 102: "This means that"
                  text run at (24,6) width 126: "elements within the"
                  text run at (42,6) width 109: "cell have border-"
                  text run at (60,6) width 102: "spacing of 1em."
              RenderTableCell {TD} at (66,321) size 84x216 [border: (1px solid #008000)] [r=1 c=2 rs=1 cs=1]
                RenderText {#text} at (15,-3) size 53x205
                  text run at (15,-3) width 205: "The borders on the header cells,"
                  text run at (33,-3) width 199: "on all sides, should be medium"
                  text run at (51,-3) width 80: "solid purple."
            RenderTableRow {TR} at (0,166) size 102x562
              RenderTableCell {TD} at (166,16) size 102x121 [border: (1px solid #008000)] [r=2 c=0 rs=1 cs=1]
                RenderText {#text} at (6,6) size 89x91
                  text run at (6,6) width 88: "The border of"
                  text run at (24,6) width 91: "the table itself"
                  text run at (42,6) width 62: "should be"
                  text run at (60,6) width 88: "medium solid"
                  text run at (78,6) width 32: "blue."
              RenderTableCell {TD} at (166,171) size 102x107 [border: (1px solid #008000)] [r=2 c=1 rs=1 cs=1]
                RenderText {#text} at (24,-12) size 53x123
                  text run at (24,-12) width 95: "The borders of"
                  text run at (42,-12) width 113: "other cells should"
                  text run at (60,-12) width 123: "be thin solid green."
              RenderTableCell {TD} at (166,321) size 102x216 [border: (1px solid #008000)] [r=2 c=2 rs=1 cs=1]
                RenderText {#text} at (15,-3) size 53x191
                  text run at (15,-3) width 188: "This table should have a 1em"
                  text run at (33,-3) width 163: "margin around all edges. "
                  text run at (33,159) width 29: "This"
                  text run at (51,-3) width 50: "margin "
                  text run at (51,46) width 139: "is measured from the "
                RenderInline {EM} at (0,0) size 35x222
                  RenderText {#text} at (51,184) size 35x222
                    text run at (51,184) width 34: "outer"
                    text run at (69,-3) width 31: "edge"
                RenderText {#text} at (69,27) size 17x87
                  text run at (69,27) width 87: " of its border."
        RenderTable {TABLE} at (576,16) size 312x568 [border: (3px solid #0000FF)]
          RenderTableSection {TBODY} at (3,3) size 306x562
            RenderTableRow {TR} at (0,8) size 34x562
              RenderTableCell {TH} at (8,0) size 34x145 [border: (3px solid #800080)] [r=0 c=0 rs=1 cs=1]
                RenderText {#text} at (8,30) size 17x85
                  text run at (8,30) width 84: "Header One"
              RenderTableCell {TH} at (8,145) size 34x205 [border: (3px solid #800080)] [r=0 c=1 rs=1 cs=1]
                RenderText {#text} at (8,60) size 17x85
                  text run at (8,60) width 85: "Header Two"
              RenderTableCell {TH} at (8,350) size 34x212 [border: (3px solid #800080)] [r=0 c=2 rs=1 cs=1]
                RenderText {#text} at (8,58) size 17x96
                  text run at (8,58) width 96: "Header Three"
            RenderTableRow {TR} at (0,50) size 120x562
              RenderTableCell {TD} at (50,27) size 120x91 [border: (1px solid #008000)] [r=1 c=0 rs=1 cs=1]
                RenderText {#text} at (33,-21) size 53x119
                  text run at (33,-21) width 119: "This table uses the"
                  text run at (51,-21) width 113: "separated borders"
                  text run at (69,-21) width 44: "model."
              RenderTableCell {TD} at (50,145) size 120x205 [border: (1px solid #008000)] [r=1 c=1 rs=1 cs=1]
                RenderText {#text} at (6,6) size 107x190
                  text run at (6,6) width 190: "Elements within the cell have"
                  text run at (24,6) width 165: "horizontal border-spacing"
                  text run at (42,6) width 91: "(i.e., width of "
                  text run at (42,96) width 88: "vertical lines)"
                  text run at (60,6) width 109: "of 0 and vertical "
                  text run at (60,114) width 48: "border-"
                  text run at (78,6) width 144: "spacing (i.e., height of"
                  text run at (96,6) width 170: "horizontal lines) of 0.5em."
              RenderTableCell {TD} at (50,377) size 120x158 [border: (1px solid #008000)] [r=1 c=2 rs=1 cs=1]
                RenderText {#text} at (33,-21) size 53x180
                  text run at (33,-21) width 168: "The borders on the header"
                  text run at (51,-21) width 38: "cells, "
                  text run at (51,16) width 142: "on all sides, should be"
                  text run at (69,-21) width 137: "medium solid purple."
            RenderTableRow {TR} at (0,178) size 120x562
              RenderTableCell {TD} at (178,0) size 120x145 [border: (1px solid #008000)] [r=2 c=0 rs=1 cs=1]
                RenderText {#text} at (6,6) size 107x133
                  text run at (6,6) width 112: "The border of the"
                  text run at (24,6) width 133: "table itself should be"
                  text run at (42,6) width 124: "medium solid blue."
                  text run at (60,6) width 132: "The borders of other"
                  text run at (78,6) width 124: "cells should be thin"
                  text run at (96,6) width 75: "solid green."
              RenderTableCell {TD} at (178,163) size 120x169 [border: (1px solid #008000)] [r=2 c=1 rs=1 cs=1]
                RenderText {#text} at (24,-12) size 53x191
                  text run at (24,-12) width 188: "This table should have a 1em"
                  text run at (42,-12) width 163: "margin around all edges. "
                  text run at (42,150) width 29: "This"
                  text run at (60,-12) width 50: "margin "
                  text run at (60,37) width 135: "is measured from the"
                RenderInline {EM} at (0,0) size 17x68
                  RenderText {#text} at (78,-12) size 17x68
                    text run at (78,-12) width 68: "outer edge"
                RenderText {#text} at (78,55) size 17x88
                  text run at (78,55) width 87: " of its border."
              RenderTableCell {TD} at (178,350) size 120x212 [border: (1px solid #008000)] [r=2 c=2 rs=1 cs=1]
                RenderText {#text} at (6,6) size 107x198
                  text run at (6,6) width 191: "The table should not be wider"
                  text run at (24,6) width 187: "than the room available for it"
                  text run at (42,6) width 44: "unless "
                  text run at (42,50) width 154: "that space is very small."
                  text run at (60,6) width 173: "Because of its margins, the"
                  text run at (78,6) width 82: "width of the "
                  text run at (78,87) width 97: "table should be"
                  text run at (96,6) width 101: "less than 100%."
        RenderTable {TABLE} at (904,16) size 262x568 [border: (3px solid #0000FF)]
          RenderTableSection {TBODY} at (3,3) size 256x562
            RenderTableRow {TR} at (0,0) size 34x562
              RenderTableCell {TH} at (0,8) size 34x153 [border: (3px solid #800080)] [r=0 c=0 rs=1 cs=1]
                RenderText {#text} at (8,34) size 17x85
                  text run at (8,34) width 84: "Header One"
              RenderTableCell {TH} at (0,169) size 34x155 [border: (3px solid #800080)] [r=0 c=1 rs=1 cs=1]
                RenderText {#text} at (8,35) size 17x85
                  text run at (8,35) width 85: "Header Two"
              RenderTableCell {TH} at (0,332) size 34x222 [border: (3px solid #800080)] [r=0 c=2 rs=1 cs=1]
                RenderText {#text} at (8,63) size 17x96
                  text run at (8,63) width 96: "Header Three"
            RenderTableRow {TR} at (0,34) size 102x562
              RenderTableCell {TD} at (34,26) size 102x117 [border: (1px solid #008000)] [r=1 c=0 rs=1 cs=1]
                RenderText {#text} at (24,-12) size 53x119
                  text run at (24,-12) width 119: "This table uses the"
                  text run at (42,-12) width 113: "separated borders"
                  text run at (60,-12) width 44: "model."
              RenderTableCell {TD} at (34,169) size 102x155 [border: (1px solid #008000)] [r=1 c=1 rs=1 cs=1]
                RenderText {#text} at (6,6) size 89x130
                  text run at (6,6) width 128: "Elements within the"
                  text run at (24,6) width 127: "cell have horizontal"
                  text run at (42,6) width 114: "border-spacing of"
                  text run at (60,6) width 119: "0.5em and vertical"
                  text run at (78,6) width 130: "border-spacing of 0."
              RenderTableCell {TD} at (34,350) size 102x186 [border: (1px solid #008000)] [r=1 c=2 rs=1 cs=1]
                RenderText {#text} at (24,-12) size 53x205
                  text run at (24,-12) width 205: "The borders on the header cells,"
                  text run at (42,-12) width 199: "on all sides, should be medium"
                  text run at (60,-12) width 80: "solid purple."
            RenderTableRow {TR} at (0,136) size 120x562
              RenderTableCell {TD} at (136,8) size 120x153 [border: (1px solid #008000)] [r=2 c=0 rs=1 cs=1]
                RenderText {#text} at (6,6) size 107x133
                  text run at (6,6) width 112: "The border of the"
                  text run at (24,6) width 133: "table itself should be"
                  text run at (42,6) width 124: "medium solid blue."
                  text run at (60,6) width 132: "The borders of other"
                  text run at (78,6) width 124: "cells should be thin"
                  text run at (96,6) width 75: "solid green."
              RenderTableCell {TD} at (136,169) size 120x155 [border: (1px solid #008000)] [r=2 c=1 rs=1 cs=1]
                RenderText {#text} at (6,6) size 89x142
                  text run at (6,6) width 111: "This table should"
                  text run at (24,6) width 123: "have a 1em margin"
                  text run at (42,6) width 113: "around all edges. "
                  text run at (42,118) width 29: "This"
                  text run at (60,6) width 50: "margin "
                  text run at (60,55) width 76: "is measured"
                  text run at (78,6) width 59: "from the "
                RenderInline {EM} at (0,0) size 17x69
                  RenderText {#text} at (78,64) size 17x69
                    text run at (78,64) width 68: "outer edge"
                RenderText {#text} at (96,6) size 17x83
                  text run at (96,6) width 83: "of its border."
              RenderTableCell {TD} at (136,332) size 120x222 [border: (1px solid #008000)] [r=2 c=2 rs=1 cs=1]
                RenderText {#text} at (6,6) size 107x207
                  text run at (6,6) width 191: "The table should not be wider"
                  text run at (24,6) width 187: "than the room available for it"
                  text run at (42,6) width 44: "unless "
                  text run at (42,50) width 154: "that space is very small."
                  text run at (60,6) width 173: "Because of its margins, the"
                  text run at (78,6) width 82: "width of the "
                  text run at (78,87) width 125: "table should be less"
                  text run at (96,6) width 73: "than 100%."
        RenderTable {TABLE} at (1182,16) size 274x568
          RenderBlock {CAPTION} at (0,0) size 18x568
            RenderText {#text} at (0,223) size 17x122
              text run at (0,223) width 122: "This is the caption."
          RenderTableCol {COLGROUP} at (0,0) size 0x0 [border: (3px solid #FF0000)]
            RenderTableCol {COL} at (0,0) size 0x0 [border: (3px solid #FF0000)]
          RenderTableCol {COLGROUP} at (0,0) size 0x0 [border: (3px solid #FF0000)]
            RenderTableCol {COL} at (0,0) size 0x0 [border: (3px solid #FF0000)]
            RenderTableCol {COL} at (0,0) size 0x0 [border: (3px solid #FF0000)]
          RenderTableSection {THEAD} at (18,0) size 50x568 [border: (3px solid #FF0000)]
            RenderTableRow {TR} at (0,2) size 46x568 [border: (3px solid #FF0000)]
              RenderTableCell {TH} at (2,2) size 46x92 [r=0 c=0 rs=1 cs=1]
                RenderText {#text} at (5,20) size 35x52
                  text run at (5,20) width 51: "Header"
                  text run at (23,31) width 29: "One"
              RenderTableCell {TH} at (2,105) size 46x228 [r=0 c=1 rs=1 cs=1]
                RenderText {#text} at (14,71) size 17x86
                  text run at (14,71) width 85: "Header Two"
              RenderTableCell {TH} at (2,353) size 46x204 [r=0 c=2 rs=1 cs=1]
                RenderText {#text} at (14,54) size 17x96
                  text run at (14,54) width 96: "Header Three"
          RenderTableSection {TBODY} at (68,0) size 206x568 [border: (3px solid #FF0000)]
            RenderTableRow {TR} at (0,2) size 100x568 [border: (3px solid #FF0000)]
              RenderTableCell {TD} at (2,2) size 100x92 [r=0 c=0 rs=1 cs=1]
                RenderText {#text} at (5,5) size 89x64
                  text run at (5,5) width 64: "This table"
                  text run at (23,5) width 52: "uses the"
                  text run at (41,5) width 61: "separated"
                  text run at (59,5) width 48: "borders"
                  text run at (77,5) width 44: "model."
              RenderTableCell {TD} at (2,114) size 100x210 [r=0 c=1 rs=1 cs=1]
                RenderText {#text} at (23,-13) size 53x232
                  text run at (23,-13) width 232: "This means that borders are allowed"
                  text run at (41,-13) width 201: "only on table elements or table "
                  text run at (41,187) width 24: "cell"
                  text run at (59,-13) width 61: "elements."
              RenderTableCell {TD} at (2,353) size 100x204 [r=0 c=2 rs=1 cs=1]
                RenderText {#text} at (14,-4) size 71x187
                  text run at (14,-4) width 156: "They are not allowed on"
                  text run at (32,-4) width 187: "elements that represent rows,"
                  text run at (50,-4) width 158: "row-groups, columns, or"
                  text run at (68,-4) width 101: "column-groups."
            RenderTableRow {TR} at (0,104) size 100x568 [border: (3px solid #FF0000)]
              RenderTableCell {TD} at (104,2) size 100x92 [r=1 c=0 rs=1 cs=1]
                RenderText {#text} at (5,5) size 89x82
                  text run at (5,5) width 38: "There"
                  text run at (23,5) width 82: "should be no"
                  text run at (41,5) width 64: "borders at"
                  text run at (59,5) width 64: "all on this"
                  text run at (77,5) width 37: "table!"
              RenderTableCell {TD} at (104,105) size 100x228 [r=1 c=1 rs=1 cs=1]
                RenderText {#text} at (14,-4) size 71x224
                  text run at (14,-4) width 224: "If there are any borders shown that"
                  text run at (32,-4) width 200: "are not medium solid red, then "
                  text run at (32,195) width 20: "the"
                  text run at (50,-4) width 208: "problem is something other than"
                  text run at (68,-4) width 150: "what this test is testing."
              RenderTableCell {TD} at (104,353) size 100x204 [r=1 c=2 rs=1 cs=1]
                RenderText {#text} at (14,-4) size 53x191
                  text run at (14,-4) width 188: "This table should have a 1em"
                  text run at (32,-4) width 163: "margin around all edges. "
                  text run at (32,158) width 29: "This"
                  text run at (50,-4) width 50: "margin "
                  text run at (50,45) width 135: "is measured from the"
                RenderInline {EM} at (0,0) size 17x68
                  RenderText {#text} at (68,-4) size 17x68
                    text run at (68,-4) width 68: "outer edge"
                RenderText {#text} at (68,63) size 17x88
                  text run at (68,63) width 87: " of its border."
