layer at (0,0) size 800x600
  RenderView at (0,0) size 800x600
layer at (0,0) size 800x116
  RenderBlock {HTML} at (0,0) size 800x116
    RenderBody {BODY} at (8,8) size 784x100
      RenderRegion {DIV} at (0,0) size 280x50
      RenderRegion {DIV} at (0,50) size 280x50
Flow Threads
  Thread with flow-name 'flow1'
    layer at (0,0) size 280x50
      RenderFlowThread at (0,0) size 280x50
        RenderBlock {DIV} at (0,0) size 280x18
          RenderInline {SPAN} at (0,0) size 280x18 [bgcolor=#008000]
            RenderText {#text} at (0,0) size 280x18
              text run at (0,0) width 280: "Green background span not styled in region."
          RenderText {#text} at (0,0) size 0x0
  Regions for flow 'flow1'
    RenderRegion {DIV} #region1
  Thread with flow-name 'flow2'
    layer at (0,0) size 280x50
      RenderFlowThread at (0,0) size 280x50
        RenderBlock {DIV} at (0,0) size 280x18
          RenderBlock (anonymous) at (0,0) size 280x18
            RenderInline {SPAN} at (0,0) size 280x18 [bgcolor=#008000]
              RenderText {#text} at (0,0) size 280x18
                text run at (0,0) width 280: "Green background span not styled in region."
            RenderText {#text} at (0,0) size 0x0
  Regions for flow 'flow2'
    RenderRegion {DIV} #region2 region style: 1
