layer at (0,0) size 800x878
  RenderView at (0,0) size 800x600
layer at (0,0) size 800x878
  RenderBlock {HTML} at (0,0) size 800x878
    RenderBody {BODY} at (8,8) size 784x862
      RenderBlock (anonymous) at (0,0) size 784x20
        RenderText {#text} at (0,0) size 4x19
          text run at (0,0) width 4: " "
      RenderTable {TABLE} at (0,20) size 784x782 [bgcolor=#FFFFCC] [border: (1px outset #808080)]
        RenderTableSection {TBODY} at (1,1) size 782x780
          RenderTableRow {TR} at (0,2) size 782x24
            RenderTableCell {TD} at (2,2) size 631x24 [border: (1px inset #808080)] [r=0 c=0 rs=1 cs=1]
              RenderText {#text} at (2,2) size 50x19
                text run at (2,2) width 50: "Cell one"
            RenderTableCell {TD} at (635,2) size 71x24 [border: (1px inset #808080)] [r=0 c=1 rs=1 cs=1]
              RenderText {#text} at (2,2) size 32x19
                text run at (2,2) width 32: "Cell2"
            RenderTableCell {TD} at (708,2) size 72x24 [border: (1px inset #808080)] [r=0 c=2 rs=1 cs=1]
              RenderText {#text} at (2,2) size 36x19
                text run at (2,2) width 36: "Cell 3"
          RenderTableRow {TR} at (0,28) size 782x24
            RenderTableCell {TD} at (2,28) size 631x24 [border: (1px inset #808080)] [r=1 c=0 rs=1 cs=1]
              RenderText {#text} at (2,2) size 36x19
                text run at (2,2) width 36: "Cell 4"
            RenderTableCell {TD} at (635,28) size 71x24 [border: (1px inset #808080)] [r=1 c=1 rs=1 cs=1]
              RenderText {#text} at (2,2) size 36x19
                text run at (2,2) width 36: "Cell 5"
            RenderTableCell {TD} at (708,28) size 72x24 [border: (1px inset #808080)] [r=1 c=2 rs=1 cs=1]
              RenderText {#text} at (2,2) size 36x19
                text run at (2,2) width 36: "Cell 6"
          RenderTableRow {TR} at (0,54) size 782x724
            RenderTableCell {TD} at (2,54) size 631x724 [border: (1px inset #808080)] [r=2 c=0 rs=1 cs=1]
              RenderTable {TABLE} at (2,2) size 627x700 [bgcolor=#DDDDDD] [border: (1px outset #808080)]
                RenderTableSection {TBODY} at (1,1) size 625x698
                  RenderTableRow {TR} at (0,2) size 625x24
                    RenderTableCell {TD} at (2,2) size 21x24 [border: (1px inset #808080)] [r=0 c=0 rs=1 cs=1]
                      RenderText {#text} at (2,2) size 8x19
                        text run at (2,2) width 8: "1"
                    RenderTableCell {TD} at (25,2) size 574x24 [border: (1px inset #808080)] [r=0 c=1 rs=1 cs=1]
                      RenderText {#text} at (2,2) size 8x19
                        text run at (2,2) width 8: "2"
                    RenderTableCell {TD} at (601,2) size 22x24 [border: (1px inset #808080)] [r=0 c=2 rs=1 cs=1]
                      RenderText {#text} at (2,2) size 8x19
                        text run at (2,2) width 8: "3"
                  RenderTableRow {TR} at (0,28) size 625x642
                    RenderTableCell {TD} at (2,337) size 21x24 [border: (1px inset #808080)] [r=1 c=0 rs=1 cs=1]
                      RenderText {#text} at (2,2) size 8x19
                        text run at (2,2) width 8: "4"
                    RenderTableCell {TD} at (25,28) size 574x642 [border: (1px inset #808080)] [r=1 c=1 rs=1 cs=1]
                      RenderTable {TABLE} at (2,2) size 570x618 [bgcolor=#66FFFF] [border: (1px outset #808080)]
                        RenderTableSection {TBODY} at (1,1) size 568x616
                          RenderTableRow {TR} at (0,2) size 568x560
                            RenderTableCell {TD} at (2,270) size 22x24 [border: (1px inset #808080)] [r=0 c=0 rs=1 cs=1]
                              RenderText {#text} at (2,2) size 8x19
                                text run at (2,2) width 8: "1"
                            RenderTableCell {TD} at (26,2) size 515x560 [border: (1px inset #808080)] [r=0 c=1 rs=1 cs=1]
                              RenderTable {TABLE} at (2,2) size 511x536 [bgcolor=#FF0000] [border: (1px outset #808080)]
                                RenderTableSection {TBODY} at (1,1) size 509x534
                                  RenderTableRow {TR} at (0,2) size 509x24
                                    RenderTableCell {TD} at (2,2) size 22x24 [border: (1px inset #808080)] [r=0 c=0 rs=1 cs=1]
                                      RenderText {#text} at (2,2) size 8x19
                                        text run at (2,2) width 8: "1"
                                    RenderTableCell {TD} at (26,2) size 22x24 [border: (1px inset #808080)] [r=0 c=1 rs=1 cs=1]
                                      RenderText {#text} at (2,2) size 8x19
                                        text run at (2,2) width 8: "2"
                                    RenderTableCell {TD} at (50,2) size 407x24 [border: (1px inset #808080)] [r=0 c=2 rs=1 cs=1]
                                      RenderText {#text} at (2,2) size 8x19
                                        text run at (2,2) width 8: "3"
                                    RenderTableCell {TD} at (459,2) size 23x24 [border: (1px inset #808080)] [r=0 c=3 rs=1 cs=1]
                                      RenderText {#text} at (2,2) size 8x19
                                        text run at (2,2) width 8: "4"
                                    RenderTableCell {TD} at (484,2) size 23x24 [border: (1px inset #808080)] [r=0 c=4 rs=1 cs=1]
                                      RenderText {#text} at (2,2) size 8x19
                                        text run at (2,2) width 8: "5"
                                  RenderTableRow {TR} at (0,28) size 509x426
                                    RenderTableCell {TD} at (2,229) size 22x24 [border: (1px inset #808080)] [r=1 c=0 rs=1 cs=1]
                                      RenderText {#text} at (2,2) size 8x19
                                        text run at (2,2) width 8: "6"
                                    RenderTableCell {TD} at (26,229) size 22x24 [border: (1px inset #808080)] [r=1 c=1 rs=1 cs=1]
                                      RenderText {#text} at (2,2) size 8x19
                                        text run at (2,2) width 8: "7"
                                    RenderTableCell {TD} at (50,28) size 407x426 [border: (1px inset #808080)] [r=1 c=2 rs=1 cs=1]
                                      RenderTable {TABLE} at (2,2) size 403x402 [bgcolor=#66FF99] [border: (1px outset #808080)]
                                        RenderTableSection {TBODY} at (1,1) size 401x400
                                          RenderTableRow {TR} at (0,2) size 401x24
                                            RenderTableCell {TD} at (2,2) size 23x24 [border: (1px inset #808080)] [r=0 c=0 rs=1 cs=1]
                                              RenderText {#text} at (2,2) size 7x19
                                                text run at (2,2) width 7: "a"
                                            RenderTableCell {TD} at (27,2) size 24x24 [border: (1px inset #808080)] [r=0 c=1 rs=1 cs=1]
                                              RenderText {#text} at (2,2) size 8x19
                                                text run at (2,2) width 8: "b"
                                            RenderTableCell {TD} at (53,2) size 294x24 [border: (1px inset #808080)] [r=0 c=2 rs=1 cs=1]
                                              RenderText {#text} at (2,2) size 7x19
                                                text run at (2,2) width 7: "c"
                                            RenderTableCell {TD} at (349,2) size 24x24 [border: (1px inset #808080)] [r=0 c=3 rs=1 cs=1]
                                              RenderText {#text} at (2,2) size 8x19
                                                text run at (2,2) width 8: "d"
                                            RenderTableCell {TD} at (375,2) size 24x24 [border: (1px inset #808080)] [r=0 c=4 rs=1 cs=1]
                                              RenderText {#text} at (2,2) size 7x19
                                                text run at (2,2) width 7: "e"
                                          RenderTableRow {TR} at (0,28) size 401x24
                                            RenderTableCell {TD} at (2,28) size 23x24 [border: (1px inset #808080)] [r=1 c=0 rs=1 cs=1]
                                              RenderText {#text} at (2,2) size 4x19
                                                text run at (2,2) width 4: "f"
                                            RenderTableCell {TD} at (27,28) size 24x24 [border: (1px inset #808080)] [r=1 c=1 rs=1 cs=1]
                                              RenderText {#text} at (2,2) size 7x19
                                                text run at (2,2) width 7: "g"
                                            RenderTableCell {TD} at (53,28) size 294x24 [border: (1px inset #808080)] [r=1 c=2 rs=1 cs=1]
                                              RenderText {#text} at (2,2) size 7x19
                                                text run at (2,2) width 7: "h"
                                            RenderTableCell {TD} at (349,28) size 24x24 [border: (1px inset #808080)] [r=1 c=3 rs=1 cs=1]
                                              RenderText {#text} at (2,2) size 3x19
                                                text run at (2,2) width 3: "i"
                                            RenderTableCell {TD} at (375,28) size 24x24 [border: (1px inset #808080)] [r=1 c=4 rs=1 cs=1]
                                              RenderText {#text} at (2,2) size 4x19
                                                text run at (2,2) width 4: "j"
                                          RenderTableRow {TR} at (0,54) size 401x292
                                            RenderTableCell {TD} at (2,188) size 23x24 [border: (1px inset #808080)] [r=2 c=0 rs=1 cs=1]
                                              RenderText {#text} at (2,2) size 8x19
                                                text run at (2,2) width 8: "k"
                                            RenderTableCell {TD} at (27,188) size 24x24 [border: (1px inset #808080)] [r=2 c=1 rs=1 cs=1]
                                              RenderText {#text} at (2,2) size 3x19
                                                text run at (2,2) width 3: "l"
                                            RenderTableCell {TD} at (53,54) size 294x292 [border: (1px inset #808080)] [r=2 c=2 rs=1 cs=1]
                                              RenderTable {TABLE} at (2,2) size 290x268 [bgcolor=#FF99FF] [border: (1px outset #808080)]
                                                RenderTableSection {TBODY} at (1,1) size 288x266
                                                  RenderTableRow {TR} at (0,2) size 288x24
                                                    RenderTableCell {TD} at (2,2) size 25x24 [border: (1px inset #808080)] [r=0 c=0 rs=1 cs=1]
                                                      RenderText {#text} at (2,2) size 7x19
                                                        text run at (2,2) width 7: "a"
                                                    RenderTableCell {TD} at (29,2) size 25x24 [border: (1px inset #808080)] [r=0 c=1 rs=1 cs=1]
                                                      RenderText {#text} at (2,2) size 8x19
                                                        text run at (2,2) width 8: "b"
                                                    RenderTableCell {TD} at (56,2) size 174x24 [border: (1px inset #808080)] [r=0 c=2 rs=1 cs=1]
                                                      RenderText {#text} at (2,2) size 7x19
                                                        text run at (2,2) width 7: "c"
                                                    RenderTableCell {TD} at (232,2) size 26x24 [border: (1px inset #808080)] [r=0 c=3 rs=1 cs=1]
                                                      RenderText {#text} at (2,2) size 8x19
                                                        text run at (2,2) width 8: "d"
                                                    RenderTableCell {TD} at (260,2) size 26x24 [border: (1px inset #808080)] [r=0 c=4 rs=1 cs=1]
                                                      RenderText {#text} at (2,2) size 7x19
                                                        text run at (2,2) width 7: "e"
                                                  RenderTableRow {TR} at (0,28) size 288x24
                                                    RenderTableCell {TD} at (2,28) size 25x24 [border: (1px inset #808080)] [r=1 c=0 rs=1 cs=1]
                                                      RenderText {#text} at (2,2) size 4x19
                                                        text run at (2,2) width 4: "f"
                                                    RenderTableCell {TD} at (29,28) size 25x24 [border: (1px inset #808080)] [r=1 c=1 rs=1 cs=1]
                                                      RenderText {#text} at (2,2) size 7x19
                                                        text run at (2,2) width 7: "g"
                                                    RenderTableCell {TD} at (56,28) size 174x24 [border: (1px inset #808080)] [r=1 c=2 rs=1 cs=1]
                                                      RenderText {#text} at (2,2) size 7x19
                                                        text run at (2,2) width 7: "h"
                                                    RenderTableCell {TD} at (232,28) size 26x24 [border: (1px inset #808080)] [r=1 c=3 rs=1 cs=1]
                                                      RenderText {#text} at (2,2) size 3x19
                                                        text run at (2,2) width 3: "i"
                                                    RenderTableCell {TD} at (260,28) size 26x24 [border: (1px inset #808080)] [r=1 c=4 rs=1 cs=1]
                                                      RenderText {#text} at (2,2) size 4x19
                                                        text run at (2,2) width 4: "j"
                                                  RenderTableRow {TR} at (0,54) size 288x158
                                                    RenderTableCell {TD} at (2,121) size 25x24 [border: (1px inset #808080)] [r=2 c=0 rs=1 cs=1]
                                                      RenderText {#text} at (2,2) size 8x19
                                                        text run at (2,2) width 8: "k"
                                                    RenderTableCell {TD} at (29,121) size 25x24 [border: (1px inset #808080)] [r=2 c=1 rs=1 cs=1]
                                                      RenderText {#text} at (2,2) size 3x19
                                                        text run at (2,2) width 3: "l"
                                                    RenderTableCell {TD} at (56,54) size 174x158 [border: (1px inset #808080)] [r=2 c=2 rs=1 cs=1]
                                                      RenderTable {TABLE} at (2,2) size 170x134 [bgcolor=#FF9900] [border: (1px outset #808080)]
                                                        RenderTableSection {TBODY} at (1,1) size 168x132
                                                          RenderTableRow {TR} at (0,2) size 168x24
                                                            RenderTableCell {TD} at (2,2) size 29x24 [border: (1px inset #808080)] [r=0 c=0 rs=1 cs=1]
                                                              RenderText {#text} at (2,2) size 7x19
                                                                text run at (2,2) width 7: "a"
                                                            RenderTableCell {TD} at (33,2) size 29x24 [border: (1px inset #808080)] [r=0 c=1 rs=1 cs=1]
                                                              RenderText {#text} at (2,2) size 8x19
                                                                text run at (2,2) width 8: "b"
                                                            RenderTableCell {TD} at (64,2) size 37x24 [border: (1px inset #808080)] [r=0 c=2 rs=1 cs=1]
                                                              RenderText {#text} at (2,2) size 7x19
                                                                text run at (2,2) width 7: "c"
                                                            RenderTableCell {TD} at (103,2) size 30x24 [border: (1px inset #808080)] [r=0 c=3 rs=1 cs=1]
                                                              RenderText {#text} at (2,2) size 8x19
                                                                text run at (2,2) width 8: "d"
                                                            RenderTableCell {TD} at (135,2) size 31x24 [border: (1px inset #808080)] [r=0 c=4 rs=1 cs=1]
                                                              RenderText {#text} at (2,2) size 7x19
                                                                text run at (2,2) width 7: "e"
                                                          RenderTableRow {TR} at (0,28) size 168x24
                                                            RenderTableCell {TD} at (2,28) size 29x24 [border: (1px inset #808080)] [r=1 c=0 rs=1 cs=1]
                                                              RenderText {#text} at (2,2) size 4x19
                                                                text run at (2,2) width 4: "f"
                                                            RenderTableCell {TD} at (33,28) size 29x24 [border: (1px inset #808080)] [r=1 c=1 rs=1 cs=1]
                                                              RenderText {#text} at (2,2) size 7x19
                                                                text run at (2,2) width 7: "g"
                                                            RenderTableCell {TD} at (64,28) size 37x24 [border: (1px inset #808080)] [r=1 c=2 rs=1 cs=1]
                                                              RenderText {#text} at (2,2) size 7x19
                                                                text run at (2,2) width 7: "h"
                                                            RenderTableCell {TD} at (103,28) size 30x24 [border: (1px inset #808080)] [r=1 c=3 rs=1 cs=1]
                                                              RenderText {#text} at (2,2) size 3x19
                                                                text run at (2,2) width 3: "i"
                                                            RenderTableCell {TD} at (135,28) size 31x24 [border: (1px inset #808080)] [r=1 c=4 rs=1 cs=1]
                                                              RenderText {#text} at (2,2) size 4x19
                                                                text run at (2,2) width 4: "j"
                                                          RenderTableRow {TR} at (0,54) size 168x24
                                                            RenderTableCell {TD} at (2,54) size 29x24 [border: (1px inset #808080)] [r=2 c=0 rs=1 cs=1]
                                                              RenderText {#text} at (2,2) size 8x19
                                                                text run at (2,2) width 8: "k"
                                                            RenderTableCell {TD} at (33,54) size 29x24 [border: (1px inset #808080)] [r=2 c=1 rs=1 cs=1]
                                                              RenderText {#text} at (2,2) size 3x19
                                                                text run at (2,2) width 3: "l"
                                                            RenderTableCell {TD} at (64,54) size 37x24 [border: (1px inset #808080)] [r=2 c=2 rs=1 cs=1]
                                                              RenderText {#text} at (2,2) size 11x19
                                                                text run at (2,2) width 11: "m"
                                                            RenderTableCell {TD} at (103,54) size 30x24 [border: (1px inset #808080)] [r=2 c=3 rs=1 cs=1]
                                                              RenderText {#text} at (2,2) size 7x19
                                                                text run at (2,2) width 7: "n"
                                                            RenderTableCell {TD} at (135,54) size 31x24 [border: (1px inset #808080)] [r=2 c=4 rs=1 cs=1]
                                                              RenderText {#text} at (2,2) size 8x19
                                                                text run at (2,2) width 8: "o"
                                                          RenderTableRow {TR} at (0,80) size 168x24
                                                            RenderTableCell {TD} at (2,80) size 29x24 [border: (1px inset #808080)] [r=3 c=0 rs=1 cs=1]
                                                              RenderText {#text} at (2,2) size 8x19
                                                                text run at (2,2) width 8: "p"
                                                            RenderTableCell {TD} at (33,80) size 29x24 [border: (1px inset #808080)] [r=3 c=1 rs=1 cs=1]
                                                              RenderText {#text} at (2,2) size 8x19
                                                                text run at (2,2) width 8: "q"
                                                            RenderTableCell {TD} at (64,80) size 37x24 [border: (1px inset #808080)] [r=3 c=2 rs=1 cs=1]
                                                              RenderText {#text} at (2,2) size 5x19
                                                                text run at (2,2) width 5: "r"
                                                            RenderTableCell {TD} at (103,80) size 30x24 [border: (1px inset #808080)] [r=3 c=3 rs=1 cs=1]
                                                              RenderText {#text} at (2,2) size 6x19
                                                                text run at (2,2) width 6: "s"
                                                            RenderTableCell {TD} at (135,80) size 31x24 [border: (1px inset #808080)] [r=3 c=4 rs=1 cs=1]
                                                              RenderText {#text} at (2,2) size 4x19
                                                                text run at (2,2) width 4: "t"
                                                          RenderTableRow {TR} at (0,106) size 168x24
                                                            RenderTableCell {TD} at (2,106) size 29x24 [border: (1px inset #808080)] [r=4 c=0 rs=1 cs=1]
                                                              RenderText {#text} at (2,2) size 7x19
                                                                text run at (2,2) width 7: "u"
                                                            RenderTableCell {TD} at (33,106) size 29x24 [border: (1px inset #808080)] [r=4 c=1 rs=1 cs=1]
                                                              RenderText {#text} at (2,2) size 7x19
                                                                text run at (2,2) width 7: "v"
                                                            RenderTableCell {TD} at (64,106) size 37x24 [border: (1px inset #808080)] [r=4 c=2 rs=1 cs=1]
                                                              RenderText {#text} at (2,2) size 11x19
                                                                text run at (2,2) width 11: "w"
                                                            RenderTableCell {TD} at (103,106) size 30x24 [border: (1px inset #808080)] [r=4 c=3 rs=1 cs=1]
                                                              RenderText {#text} at (2,2) size 7x19
                                                                text run at (2,2) width 7: "x"
                                                            RenderTableCell {TD} at (135,106) size 31x24 [border: (1px inset #808080)] [r=4 c=4 rs=1 cs=1]
                                                              RenderText {#text} at (2,2) size 7x19
                                                                text run at (2,2) width 7: "y"
                                                      RenderBlock (anonymous) at (2,136) size 170x20
                                                        RenderText {#text} at (0,0) size 4x19
                                                          text run at (0,0) width 4: " "
                                                    RenderTableCell {TD} at (232,121) size 26x24 [border: (1px inset #808080)] [r=2 c=3 rs=1 cs=1]
                                                      RenderText {#text} at (2,2) size 7x19
                                                        text run at (2,2) width 7: "n"
                                                    RenderTableCell {TD} at (260,121) size 26x24 [border: (1px inset #808080)] [r=2 c=4 rs=1 cs=1]
                                                      RenderText {#text} at (2,2) size 8x19
                                                        text run at (2,2) width 8: "o"
                                                  RenderTableRow {TR} at (0,214) size 288x24
                                                    RenderTableCell {TD} at (2,214) size 25x24 [border: (1px inset #808080)] [r=3 c=0 rs=1 cs=1]
                                                      RenderText {#text} at (2,2) size 8x19
                                                        text run at (2,2) width 8: "p"
                                                    RenderTableCell {TD} at (29,214) size 25x24 [border: (1px inset #808080)] [r=3 c=1 rs=1 cs=1]
                                                      RenderText {#text} at (2,2) size 8x19
                                                        text run at (2,2) width 8: "q"
                                                    RenderTableCell {TD} at (56,214) size 174x24 [border: (1px inset #808080)] [r=3 c=2 rs=1 cs=1]
                                                      RenderText {#text} at (2,2) size 5x19
                                                        text run at (2,2) width 5: "r"
                                                    RenderTableCell {TD} at (232,214) size 26x24 [border: (1px inset #808080)] [r=3 c=3 rs=1 cs=1]
                                                      RenderText {#text} at (2,2) size 6x19
                                                        text run at (2,2) width 6: "s"
                                                    RenderTableCell {TD} at (260,214) size 26x24 [border: (1px inset #808080)] [r=3 c=4 rs=1 cs=1]
                                                      RenderText {#text} at (2,2) size 4x19
                                                        text run at (2,2) width 4: "t"
                                                  RenderTableRow {TR} at (0,240) size 288x24
                                                    RenderTableCell {TD} at (2,240) size 25x24 [border: (1px inset #808080)] [r=4 c=0 rs=1 cs=1]
                                                      RenderText {#text} at (2,2) size 7x19
                                                        text run at (2,2) width 7: "u"
                                                    RenderTableCell {TD} at (29,240) size 25x24 [border: (1px inset #808080)] [r=4 c=1 rs=1 cs=1]
                                                      RenderText {#text} at (2,2) size 7x19
                                                        text run at (2,2) width 7: "v"
                                                    RenderTableCell {TD} at (56,240) size 174x24 [border: (1px inset #808080)] [r=4 c=2 rs=1 cs=1]
                                                      RenderText {#text} at (2,2) size 11x19
                                                        text run at (2,2) width 11: "w"
                                                    RenderTableCell {TD} at (232,240) size 26x24 [border: (1px inset #808080)] [r=4 c=3 rs=1 cs=1]
                                                      RenderText {#text} at (2,2) size 7x19
                                                        text run at (2,2) width 7: "x"
                                                    RenderTableCell {TD} at (260,240) size 26x24 [border: (1px inset #808080)] [r=4 c=4 rs=1 cs=1]
                                                      RenderText {#text} at (2,2) size 7x19
                                                        text run at (2,2) width 7: "y"
                                              RenderBlock (anonymous) at (2,270) size 290x20
                                                RenderText {#text} at (0,0) size 4x19
                                                  text run at (0,0) width 4: " "
                                            RenderTableCell {TD} at (349,188) size 24x24 [border: (1px inset #808080)] [r=2 c=3 rs=1 cs=1]
                                              RenderText {#text} at (2,2) size 7x19
                                                text run at (2,2) width 7: "n"
                                            RenderTableCell {TD} at (375,188) size 24x24 [border: (1px inset #808080)] [r=2 c=4 rs=1 cs=1]
                                              RenderText {#text} at (2,2) size 8x19
                                                text run at (2,2) width 8: "o"
                                          RenderTableRow {TR} at (0,348) size 401x24
                                            RenderTableCell {TD} at (2,348) size 23x24 [border: (1px inset #808080)] [r=3 c=0 rs=1 cs=1]
                                              RenderText {#text} at (2,2) size 8x19
                                                text run at (2,2) width 8: "p"
                                            RenderTableCell {TD} at (27,348) size 24x24 [border: (1px inset #808080)] [r=3 c=1 rs=1 cs=1]
                                              RenderText {#text} at (2,2) size 8x19
                                                text run at (2,2) width 8: "q"
                                            RenderTableCell {TD} at (53,348) size 294x24 [border: (1px inset #808080)] [r=3 c=2 rs=1 cs=1]
                                              RenderText {#text} at (2,2) size 5x19
                                                text run at (2,2) width 5: "r"
                                            RenderTableCell {TD} at (349,348) size 24x24 [border: (1px inset #808080)] [r=3 c=3 rs=1 cs=1]
                                              RenderText {#text} at (2,2) size 6x19
                                                text run at (2,2) width 6: "s"
                                            RenderTableCell {TD} at (375,348) size 24x24 [border: (1px inset #808080)] [r=3 c=4 rs=1 cs=1]
                                              RenderText {#text} at (2,2) size 4x19
                                                text run at (2,2) width 4: "t"
                                          RenderTableRow {TR} at (0,374) size 401x24
                                            RenderTableCell {TD} at (2,374) size 23x24 [border: (1px inset #808080)] [r=4 c=0 rs=1 cs=1]
                                              RenderText {#text} at (2,2) size 7x19
                                                text run at (2,2) width 7: "u"
                                            RenderTableCell {TD} at (27,374) size 24x24 [border: (1px inset #808080)] [r=4 c=1 rs=1 cs=1]
                                              RenderText {#text} at (2,2) size 7x19
                                                text run at (2,2) width 7: "v"
                                            RenderTableCell {TD} at (53,374) size 294x24 [border: (1px inset #808080)] [r=4 c=2 rs=1 cs=1]
                                              RenderText {#text} at (2,2) size 11x19
                                                text run at (2,2) width 11: "w"
                                            RenderTableCell {TD} at (349,374) size 24x24 [border: (1px inset #808080)] [r=4 c=3 rs=1 cs=1]
                                              RenderText {#text} at (2,2) size 7x19
                                                text run at (2,2) width 7: "x"
                                            RenderTableCell {TD} at (375,374) size 24x24 [border: (1px inset #808080)] [r=4 c=4 rs=1 cs=1]
                                              RenderText {#text} at (2,2) size 7x19
                                                text run at (2,2) width 7: "y"
                                      RenderBlock (anonymous) at (2,404) size 403x20
                                        RenderText {#text} at (0,0) size 4x19
                                          text run at (0,0) width 4: " "
                                    RenderTableCell {TD} at (459,229) size 23x24 [border: (1px inset #808080)] [r=1 c=3 rs=1 cs=1]
                                      RenderText {#text} at (2,2) size 8x19
                                        text run at (2,2) width 8: "9"
                                    RenderTableCell {TD} at (484,229) size 23x24 [border: (1px inset #808080)] [r=1 c=4 rs=1 cs=1]
                                      RenderText {#text} at (2,2) size 8x19
                                        text run at (2,2) width 8: "0"
                                  RenderTableRow {TR} at (0,456) size 509x24
                                    RenderTableCell {TD} at (2,456) size 22x24 [border: (1px inset #808080)] [r=2 c=0 rs=1 cs=1]
                                      RenderText {#text} at (2,2) size 7x19
                                        text run at (2,2) width 7: "a"
                                    RenderTableCell {TD} at (26,456) size 22x24 [border: (1px inset #808080)] [r=2 c=1 rs=1 cs=1]
                                      RenderText {#text} at (2,2) size 8x19
                                        text run at (2,2) width 8: "b"
                                    RenderTableCell {TD} at (50,456) size 407x24 [border: (1px inset #808080)] [r=2 c=2 rs=1 cs=1]
                                      RenderText {#text} at (2,2) size 7x19
                                        text run at (2,2) width 7: "c"
                                    RenderTableCell {TD} at (459,456) size 23x24 [border: (1px inset #808080)] [r=2 c=3 rs=1 cs=1]
                                      RenderText {#text} at (2,2) size 8x19
                                        text run at (2,2) width 8: "d"
                                    RenderTableCell {TD} at (484,456) size 23x24 [border: (1px inset #808080)] [r=2 c=4 rs=1 cs=1]
                                      RenderText {#text} at (2,2) size 7x19
                                        text run at (2,2) width 7: "e"
                                  RenderTableRow {TR} at (0,482) size 509x24
                                    RenderTableCell {TD} at (2,482) size 22x24 [border: (1px inset #808080)] [r=3 c=0 rs=1 cs=1]
                                      RenderText {#text} at (2,2) size 4x19
                                        text run at (2,2) width 4: "f"
                                    RenderTableCell {TD} at (26,482) size 22x24 [border: (1px inset #808080)] [r=3 c=1 rs=1 cs=1]
                                      RenderText {#text} at (2,2) size 7x19
                                        text run at (2,2) width 7: "g"
                                    RenderTableCell {TD} at (50,482) size 407x24 [border: (1px inset #808080)] [r=3 c=2 rs=1 cs=1]
                                      RenderText {#text} at (2,2) size 7x19
                                        text run at (2,2) width 7: "h"
                                    RenderTableCell {TD} at (459,482) size 23x24 [border: (1px inset #808080)] [r=3 c=3 rs=1 cs=1]
                                      RenderText {#text} at (2,2) size 3x19
                                        text run at (2,2) width 3: "i"
                                    RenderTableCell {TD} at (484,482) size 23x24 [border: (1px inset #808080)] [r=3 c=4 rs=1 cs=1]
                                      RenderText {#text} at (2,2) size 4x19
                                        text run at (2,2) width 4: "j"
                                  RenderTableRow {TR} at (0,508) size 509x24
                                    RenderTableCell {TD} at (2,508) size 22x24 [border: (1px inset #808080)] [r=4 c=0 rs=1 cs=1]
                                      RenderText {#text} at (2,2) size 8x19
                                        text run at (2,2) width 8: "k"
                                    RenderTableCell {TD} at (26,508) size 22x24 [border: (1px inset #808080)] [r=4 c=1 rs=1 cs=1]
                                      RenderText {#text} at (2,2) size 3x19
                                        text run at (2,2) width 3: "l"
                                    RenderTableCell {TD} at (50,508) size 407x24 [border: (1px inset #808080)] [r=4 c=2 rs=1 cs=1]
                                      RenderText {#text} at (2,2) size 11x19
                                        text run at (2,2) width 11: "m"
                                    RenderTableCell {TD} at (459,508) size 23x24 [border: (1px inset #808080)] [r=4 c=3 rs=1 cs=1]
                                      RenderText {#text} at (2,2) size 7x19
                                        text run at (2,2) width 7: "n"
                                    RenderTableCell {TD} at (484,508) size 23x24 [border: (1px inset #808080)] [r=4 c=4 rs=1 cs=1]
                                      RenderText {#text} at (2,2) size 8x19
                                        text run at (2,2) width 8: "o"
                              RenderBlock (anonymous) at (2,538) size 511x20
                                RenderText {#text} at (0,0) size 4x19
                                  text run at (0,0) width 4: " "
                            RenderTableCell {TD} at (543,270) size 23x24 [border: (1px inset #808080)] [r=0 c=2 rs=1 cs=1]
                              RenderText {#text} at (2,2) size 8x19
                                text run at (2,2) width 8: "3"
                          RenderTableRow {TR} at (0,564) size 568x24
                            RenderTableCell {TD} at (2,564) size 22x24 [border: (1px inset #808080)] [r=1 c=0 rs=1 cs=1]
                              RenderText {#text} at (2,2) size 8x19
                                text run at (2,2) width 8: "4"
                            RenderTableCell {TD} at (26,564) size 515x24 [border: (1px inset #808080)] [r=1 c=1 rs=1 cs=1]
                              RenderText {#text} at (2,2) size 8x19
                                text run at (2,2) width 8: "5"
                            RenderTableCell {TD} at (543,564) size 23x24 [border: (1px inset #808080)] [r=1 c=2 rs=1 cs=1]
                              RenderText {#text} at (2,2) size 8x19
                                text run at (2,2) width 8: "6"
                          RenderTableRow {TR} at (0,590) size 568x24
                            RenderTableCell {TD} at (2,590) size 22x24 [border: (1px inset #808080)] [r=2 c=0 rs=1 cs=1]
                              RenderText {#text} at (2,2) size 8x19
                                text run at (2,2) width 8: "7"
                            RenderTableCell {TD} at (26,590) size 515x24 [border: (1px inset #808080)] [r=2 c=1 rs=1 cs=1]
                              RenderText {#text} at (2,2) size 8x19
                                text run at (2,2) width 8: "8"
                            RenderTableCell {TD} at (543,590) size 23x24 [border: (1px inset #808080)] [r=2 c=2 rs=1 cs=1]
                              RenderText {#text} at (2,2) size 8x19
                                text run at (2,2) width 8: "9"
                      RenderBlock (anonymous) at (2,620) size 570x20
                        RenderText {#text} at (0,0) size 4x19
                          text run at (0,0) width 4: " "
                    RenderTableCell {TD} at (601,337) size 22x24 [border: (1px inset #808080)] [r=1 c=2 rs=1 cs=1]
                      RenderText {#text} at (2,2) size 8x19
                        text run at (2,2) width 8: "6"
                  RenderTableRow {TR} at (0,672) size 625x24
                    RenderTableCell {TD} at (2,672) size 21x24 [border: (1px inset #808080)] [r=2 c=0 rs=1 cs=1]
                      RenderText {#text} at (2,2) size 8x19
                        text run at (2,2) width 8: "7"
                    RenderTableCell {TD} at (25,672) size 574x24 [border: (1px inset #808080)] [r=2 c=1 rs=1 cs=1]
                      RenderText {#text} at (2,2) size 8x19
                        text run at (2,2) width 8: "8"
                    RenderTableCell {TD} at (601,672) size 22x24 [border: (1px inset #808080)] [r=2 c=2 rs=1 cs=1]
                      RenderText {#text} at (2,2) size 8x19
                        text run at (2,2) width 8: "9"
              RenderBlock (anonymous) at (2,702) size 627x20
                RenderText {#text} at (0,0) size 4x19
                  text run at (0,0) width 4: " "
            RenderTableCell {TD} at (635,404) size 71x24 [border: (1px inset #808080)] [r=2 c=1 rs=1 cs=1]
              RenderText {#text} at (2,2) size 8x19
                text run at (2,2) width 8: "8"
            RenderTableCell {TD} at (708,404) size 72x24 [border: (1px inset #808080)] [r=2 c=2 rs=1 cs=1]
              RenderText {#text} at (2,2) size 8x19
                text run at (2,2) width 8: "9"
      RenderBlock (anonymous) at (0,802) size 784x40
        RenderText {#text} at (0,0) size 8x19
          text run at (0,0) width 8: "  "
        RenderBR {BR} at (8,15) size 0x0
        RenderText {#text} at (0,20) size 260x19
          text run at (0,20) width 260: "the following text should display on one line"
      RenderTable {TABLE} at (0,842) size 207x20
        RenderTableSection {TBODY} at (0,0) size 207x20
          RenderTableRow {TR} at (0,0) size 207x20
            RenderTableCell {TD} at (0,0) size 207x20 [bgcolor=#B70000] [r=0 c=0 rs=1 cs=1]
              RenderTable {TABLE} at (0,0) size 207x20
                RenderTableSection {TBODY} at (0,0) size 207x20
                  RenderTableRow {TR} at (0,0) size 207x20
                    RenderTableCell {TD} at (0,0) size 13x16 [r=0 c=0 rs=1 cs=1]
                      RenderImage {IMG} at (0,0) size 13x16
                    RenderTableCell {TD} at (13,0) size 190x20 [r=0 c=1 rs=1 cs=1]
                      RenderText {#text} at (0,0) size 148x19
                        text run at (0,0) width 148: "AlphaLinux Distributions"
                    RenderTableCell {TD} at (203,0) size 4x4 [r=0 c=2 rs=1 cs=1]
                      RenderImage {IMG} at (0,0) size 4x4
