layer at (0,0) size 800x1425
  RenderView at (0,0) size 800x600
layer at (0,0) size 800x1425
  RenderBlock {HTML} at (0,0) size 800x1426
    RenderBody {BODY} at (8,8) size 784x1410
      RenderBlock {H1} at (0,0) size 784x37
        RenderText {#text} at (0,0) size 397x36
          text run at (0,0) width 397: "Example 6: Table Stress Test"
      RenderBlock {PRE} at (0,58) size 784x17 [color=#FF0000]
        RenderText {#text} at (0,0) size 272x16
          text run at (0,0) width 272: "Resize document for maximum effect"
      RenderBlock (anonymous) at (0,87) size 784x21
        RenderBR {BR} at (0,0) size 0x19
      RenderBlock {H2} at (0,127) size 784x28
        RenderText {#text} at (0,0) size 500x26
          text run at (0,0) width 500: "Auto-width tables with spans nested 8 levels deep"
      RenderTable {TABLE} at (0,174) size 784x375 [bgcolor=#FF0000] [border: (1px outset #808080)]
        RenderTableSection {TBODY} at (1,1) size 782x372
          RenderTableRow {TR} at (0,2) size 782x24
            RenderTableCell {TD} at (2,2) size 28x24 [border: (1px inset #808080)] [r=0 c=0 rs=1 cs=1]
              RenderText {#text} at (2,2) size 24x19
                text run at (2,2) width 24: "Cell"
            RenderTableCell {TD} at (32,2) size 748x342 [border: (1px inset #808080)] [r=0 c=1 rs=2 cs=2]
              RenderTable {TABLE} at (2,2) size 744x338 [bgcolor=#ADD8E6] [border: (1px outset #808080)]
                RenderTableSection {TBODY} at (1,1) size 742x336
                  RenderTableRow {TR} at (0,2) size 742x24
                    RenderTableCell {TD} at (2,2) size 28x24 [border: (1px inset #808080)] [r=0 c=0 rs=1 cs=1]
                      RenderText {#text} at (2,2) size 24x19
                        text run at (2,2) width 24: "Cell"
                    RenderTableCell {TD} at (32,2) size 708x306 [border: (1px inset #808080)] [r=0 c=1 rs=2 cs=2]
                      RenderTable {TABLE} at (2,2) size 704x302 [bgcolor=#90EE90] [border: (1px outset #808080)]
                        RenderTableSection {TBODY} at (1,1) size 702x300
                          RenderTableRow {TR} at (0,2) size 702x24
                            RenderTableCell {TD} at (2,2) size 28x24 [border: (1px inset #808080)] [r=0 c=0 rs=1 cs=1]
                              RenderText {#text} at (2,2) size 24x19
                                text run at (2,2) width 24: "Cell"
                            RenderTableCell {TD} at (32,2) size 668x270 [border: (1px inset #808080)] [r=0 c=1 rs=2 cs=2]
                              RenderTable {TABLE} at (2,2) size 664x266 [border: (1px outset #808080)]
                                RenderTableSection {TBODY} at (1,1) size 662x264
                                  RenderTableRow {TR} at (0,2) size 662x24
                                    RenderTableCell {TD} at (2,2) size 28x24 [border: (1px inset #808080)] [r=0 c=0 rs=1 cs=1]
                                      RenderText {#text} at (2,2) size 24x19
                                        text run at (2,2) width 24: "Cell"
                                    RenderTableCell {TD} at (32,2) size 628x234 [border: (1px inset #808080)] [r=0 c=1 rs=2 cs=2]
                                      RenderTable {TABLE} at (2,2) size 624x230 [bgcolor=#FFA500] [border: (1px outset #808080)]
                                        RenderTableSection {TBODY} at (1,1) size 622x228
                                          RenderTableRow {TR} at (0,2) size 622x24
                                            RenderTableCell {TD} at (2,2) size 28x24 [border: (1px inset #808080)] [r=0 c=0 rs=1 cs=1]
                                              RenderText {#text} at (2,2) size 24x19
                                                text run at (2,2) width 24: "Cell"
                                            RenderTableCell {TD} at (32,2) size 588x198 [border: (1px inset #808080)] [r=0 c=1 rs=2 cs=2]
                                              RenderTable {TABLE} at (2,2) size 584x194 [bgcolor=#FF0000] [border: (1px outset #808080)]
                                                RenderTableSection {TBODY} at (1,1) size 582x192
                                                  RenderTableRow {TR} at (0,2) size 582x24
                                                    RenderTableCell {TD} at (2,2) size 28x24 [border: (1px inset #808080)] [r=0 c=0 rs=1 cs=1]
                                                      RenderText {#text} at (2,2) size 24x19
                                                        text run at (2,2) width 24: "Cell"
                                                    RenderTableCell {TD} at (32,2) size 548x162 [border: (1px inset #808080)] [r=0 c=1 rs=2 cs=2]
                                                      RenderTable {TABLE} at (2,2) size 544x158 [bgcolor=#ADD8E6] [border: (1px outset #808080)]
                                                        RenderTableSection {TBODY} at (1,1) size 542x156
                                                          RenderTableRow {TR} at (0,2) size 542x24
                                                            RenderTableCell {TD} at (2,2) size 28x24 [border: (1px inset #808080)] [r=0 c=0 rs=1 cs=1]
                                                              RenderText {#text} at (2,2) size 24x19
                                                                text run at (2,2) width 24: "Cell"
                                                            RenderTableCell {TD} at (32,2) size 508x106 [border: (1px inset #808080)] [r=0 c=1 rs=2 cs=2]
                                                              RenderTable {TABLE} at (2,2) size 504x102 [bgcolor=#90EE90] [border: (1px outset #808080)]
                                                                RenderTableSection {TBODY} at (1,1) size 502x100
                                                                  RenderTableRow {TR} at (0,2) size 502x24
                                                                    RenderTableCell {TD} at (2,2) size 28x24 [border: (1px inset #808080)] [r=0 c=0 rs=1 cs=1]
                                                                      RenderText {#text} at (2,2) size 24x19
                                                                        text run at (2,2) width 24: "Cell"
                                                                    RenderTableCell {TD} at (32,5) size 468x44 [border: (1px inset #808080)] [r=0 c=1 rs=2 cs=2]
                                                                      RenderText {#text} at (2,2) size 436x39
                                                                        text run at (2,2) width 372: "Cell, and stuff to test out table cell layout. This should be long "
                                                                        text run at (374,2) width 64: "enough for"
                                                                        text run at (2,22) width 42: "testing."
                                                                  RenderTableRow {TR} at (0,28) size 502x24
                                                                    RenderTableCell {TD} at (2,28) size 28x24 [border: (1px inset #808080)] [r=1 c=0 rs=1 cs=1]
                                                                      RenderText {#text} at (2,2) size 24x19
                                                                        text run at (2,2) width 24: "Cell"
                                                                  RenderTableRow {TR} at (0,54) size 502x44
                                                                    RenderTableCell {TD} at (2,64) size 28x24 [border: (1px inset #808080)] [r=2 c=0 rs=1 cs=1]
                                                                      RenderText {#text} at (2,2) size 24x19
                                                                        text run at (2,2) width 24: "Cell"
                                                                    RenderTableCell {TD} at (32,54) size 438x44 [border: (1px inset #808080)] [r=2 c=1 rs=1 cs=1]
                                                                      RenderText {#text} at (2,2) size 415x39
                                                                        text run at (2,2) width 372: "Cell, and stuff to test out table cell layout. This should be long "
                                                                        text run at (374,2) width 43: "enough"
                                                                        text run at (2,22) width 63: "for testing."
                                                                    RenderTableCell {TD} at (472,64) size 28x24 [border: (1px inset #808080)] [r=2 c=2 rs=1 cs=1]
                                                                      RenderText {#text} at (2,2) size 24x19
                                                                        text run at (2,2) width 24: "Cell"
                                                          RenderTableRow {TR} at (0,28) size 542x80
                                                            RenderTableCell {TD} at (2,56) size 28x24 [border: (1px inset #808080)] [r=1 c=0 rs=1 cs=1]
                                                              RenderText {#text} at (2,2) size 24x19
                                                                text run at (2,2) width 24: "Cell"
                                                          RenderTableRow {TR} at (0,110) size 542x44
                                                            RenderTableCell {TD} at (2,120) size 28x24 [border: (1px inset #808080)] [r=2 c=0 rs=1 cs=1]
                                                              RenderText {#text} at (2,2) size 24x19
                                                                text run at (2,2) width 24: "Cell"
                                                            RenderTableCell {TD} at (32,110) size 477x44 [border: (1px inset #808080)] [r=2 c=1 rs=1 cs=1]
                                                              RenderText {#text} at (2,2) size 436x39
                                                                text run at (2,2) width 372: "Cell, and stuff to test out table cell layout. This should be long "
                                                                text run at (374,2) width 64: "enough for"
                                                                text run at (2,22) width 42: "testing."
                                                            RenderTableCell {TD} at (511,120) size 29x24 [border: (1px inset #808080)] [r=2 c=2 rs=1 cs=1]
                                                              RenderText {#text} at (2,2) size 24x19
                                                                text run at (2,2) width 24: "Cell"
                                                  RenderTableRow {TR} at (0,28) size 582x136
                                                    RenderTableCell {TD} at (2,84) size 28x24 [border: (1px inset #808080)] [r=1 c=0 rs=1 cs=1]
                                                      RenderText {#text} at (2,2) size 24x19
                                                        text run at (2,2) width 24: "Cell"
                                                  RenderTableRow {TR} at (0,166) size 582x24
                                                    RenderTableCell {TD} at (2,166) size 28x24 [border: (1px inset #808080)] [r=2 c=0 rs=1 cs=1]
                                                      RenderText {#text} at (2,2) size 24x19
                                                        text run at (2,2) width 24: "Cell"
                                                    RenderTableCell {TD} at (32,166) size 515x24 [border: (1px inset #808080)] [r=2 c=1 rs=1 cs=1]
                                                      RenderText {#text} at (2,2) size 482x19
                                                        text run at (2,2) width 372: "Cell, and stuff to test out table cell layout. This should be long "
                                                        text run at (374,2) width 110: "enough for testing."
                                                    RenderTableCell {TD} at (549,166) size 31x24 [border: (1px inset #808080)] [r=2 c=2 rs=1 cs=1]
                                                      RenderText {#text} at (2,2) size 24x19
                                                        text run at (2,2) width 24: "Cell"
                                          RenderTableRow {TR} at (0,28) size 622x172
                                            RenderTableCell {TD} at (2,102) size 28x24 [border: (1px inset #808080)] [r=1 c=0 rs=1 cs=1]
                                              RenderText {#text} at (2,2) size 24x19
                                                text run at (2,2) width 24: "Cell"
                                          RenderTableRow {TR} at (0,202) size 622x24
                                            RenderTableCell {TD} at (2,202) size 28x24 [border: (1px inset #808080)] [r=2 c=0 rs=1 cs=1]
                                              RenderText {#text} at (2,2) size 24x19
                                                text run at (2,2) width 24: "Cell"
                                            RenderTableCell {TD} at (32,202) size 553x24 [border: (1px inset #808080)] [r=2 c=1 rs=1 cs=1]
                                              RenderText {#text} at (2,2) size 482x19
                                                text run at (2,2) width 372: "Cell, and stuff to test out table cell layout. This should be long "
                                                text run at (374,2) width 110: "enough for testing."
                                            RenderTableCell {TD} at (587,202) size 33x24 [border: (1px inset #808080)] [r=2 c=2 rs=1 cs=1]
                                              RenderText {#text} at (2,2) size 24x19
                                                text run at (2,2) width 24: "Cell"
                                  RenderTableRow {TR} at (0,28) size 662x208
                                    RenderTableCell {TD} at (2,120) size 28x24 [border: (1px inset #808080)] [r=1 c=0 rs=1 cs=1]
                                      RenderText {#text} at (2,2) size 24x19
                                        text run at (2,2) width 24: "Cell"
                                  RenderTableRow {TR} at (0,238) size 662x24
                                    RenderTableCell {TD} at (2,238) size 28x24 [border: (1px inset #808080)] [r=2 c=0 rs=1 cs=1]
                                      RenderText {#text} at (2,2) size 24x19
                                        text run at (2,2) width 24: "Cell"
                                    RenderTableCell {TD} at (32,238) size 591x24 [border: (1px inset #808080)] [r=2 c=1 rs=1 cs=1]
                                      RenderText {#text} at (2,2) size 482x19
                                        text run at (2,2) width 372: "Cell, and stuff to test out table cell layout. This should be long "
                                        text run at (374,2) width 110: "enough for testing."
                                    RenderTableCell {TD} at (625,238) size 35x24 [border: (1px inset #808080)] [r=2 c=2 rs=1 cs=1]
                                      RenderText {#text} at (2,2) size 24x19
                                        text run at (2,2) width 24: "Cell"
                          RenderTableRow {TR} at (0,28) size 702x244
                            RenderTableCell {TD} at (2,138) size 28x24 [border: (1px inset #808080)] [r=1 c=0 rs=1 cs=1]
                              RenderText {#text} at (2,2) size 24x19
                                text run at (2,2) width 24: "Cell"
                          RenderTableRow {TR} at (0,274) size 702x24
                            RenderTableCell {TD} at (2,274) size 28x24 [border: (1px inset #808080)] [r=2 c=0 rs=1 cs=1]
                              RenderText {#text} at (2,2) size 24x19
                                text run at (2,2) width 24: "Cell"
                            RenderTableCell {TD} at (32,274) size 629x24 [border: (1px inset #808080)] [r=2 c=1 rs=1 cs=1]
                              RenderText {#text} at (2,2) size 482x19
                                text run at (2,2) width 372: "Cell, and stuff to test out table cell layout. This should be long "
                                text run at (374,2) width 110: "enough for testing."
                            RenderTableCell {TD} at (663,274) size 37x24 [border: (1px inset #808080)] [r=2 c=2 rs=1 cs=1]
                              RenderText {#text} at (2,2) size 24x19
                                text run at (2,2) width 24: "Cell"
                  RenderTableRow {TR} at (0,28) size 742x280
                    RenderTableCell {TD} at (2,156) size 28x24 [border: (1px inset #808080)] [r=1 c=0 rs=1 cs=1]
                      RenderText {#text} at (2,2) size 24x19
                        text run at (2,2) width 24: "Cell"
                  RenderTableRow {TR} at (0,310) size 742x24
                    RenderTableCell {TD} at (2,310) size 28x24 [border: (1px inset #808080)] [r=2 c=0 rs=1 cs=1]
                      RenderText {#text} at (2,2) size 24x19
                        text run at (2,2) width 24: "Cell"
                    RenderTableCell {TD} at (32,310) size 666x24 [border: (1px inset #808080)] [r=2 c=1 rs=1 cs=1]
                      RenderText {#text} at (2,2) size 482x19
                        text run at (2,2) width 372: "Cell, and stuff to test out table cell layout. This should be long "
                        text run at (374,2) width 110: "enough for testing."
                    RenderTableCell {TD} at (700,310) size 40x24 [border: (1px inset #808080)] [r=2 c=2 rs=1 cs=1]
                      RenderText {#text} at (2,2) size 24x19
                        text run at (2,2) width 24: "Cell"
          RenderTableRow {TR} at (0,28) size 782x316
            RenderTableCell {TD} at (2,174) size 28x24 [border: (1px inset #808080)] [r=1 c=0 rs=1 cs=1]
              RenderText {#text} at (2,2) size 24x19
                text run at (2,2) width 24: "Cell"
          RenderTableRow {TR} at (0,346) size 782x24
            RenderTableCell {TD} at (2,346) size 28x24 [border: (1px inset #808080)] [r=2 c=0 rs=1 cs=1]
              RenderText {#text} at (2,2) size 24x19
                text run at (2,2) width 24: "Cell"
            RenderTableCell {TD} at (32,346) size 704x24 [border: (1px inset #808080)] [r=2 c=1 rs=1 cs=1]
              RenderText {#text} at (2,2) size 482x19
                text run at (2,2) width 372: "Cell, and stuff to test out table cell layout. This should be long "
                text run at (374,2) width 110: "enough for testing."
            RenderTableCell {TD} at (738,346) size 42x24 [border: (1px inset #808080)] [r=2 c=2 rs=1 cs=1]
              RenderText {#text} at (2,2) size 24x19
                text run at (2,2) width 24: "Cell"
      RenderBlock (anonymous) at (0,548) size 784x21
        RenderBR {BR} at (0,0) size 0x19
      RenderBlock {H2} at (0,588) size 784x28
        RenderText {#text} at (0,0) size 396x26
          text run at (0,0) width 396: "100% width tables nested 6 levels deep"
      RenderTable {TABLE} at (0,635) size 784x775 [bgcolor=#FFFF00] [border: (1px outset #808080)]
        RenderTableSection {TBODY} at (1,1) size 782x772
          RenderTableRow {TR} at (0,2) size 782x24
            RenderTableCell {TD} at (2,2) size 628x24 [border: (1px inset #808080)] [r=0 c=0 rs=1 cs=1]
              RenderText {#text} at (2,2) size 50x19
                text run at (2,2) width 50: "Cell one"
            RenderTableCell {TD} at (632,2) size 73x24 [border: (1px inset #808080)] [r=0 c=1 rs=1 cs=1]
              RenderText {#text} at (2,2) size 32x19
                text run at (2,2) width 32: "Cell2"
            RenderTableCell {TD} at (707,2) size 73x24 [border: (1px inset #808080)] [r=0 c=2 rs=1 cs=1]
              RenderText {#text} at (2,2) size 36x19
                text run at (2,2) width 36: "Cell 3"
          RenderTableRow {TR} at (0,28) size 782x24
            RenderTableCell {TD} at (2,28) size 628x24 [border: (1px inset #808080)] [r=1 c=0 rs=1 cs=1]
              RenderText {#text} at (2,2) size 36x19
                text run at (2,2) width 36: "Cell 4"
            RenderTableCell {TD} at (632,28) size 73x24 [border: (1px inset #808080)] [r=1 c=1 rs=1 cs=1]
              RenderText {#text} at (2,2) size 36x19
                text run at (2,2) width 36: "Cell 5"
            RenderTableCell {TD} at (707,28) size 73x24 [border: (1px inset #808080)] [r=1 c=2 rs=1 cs=1]
              RenderText {#text} at (2,2) size 36x19
                text run at (2,2) width 36: "Cell 6"
          RenderTableRow {TR} at (0,54) size 782x716
            RenderTableCell {TD} at (2,54) size 628x716 [border: (1px inset #808080)] [r=2 c=0 rs=1 cs=1]
              RenderTable {TABLE} at (2,2) size 624x692 [bgcolor=#D3D3D3]
                RenderTableSection {TBODY} at (0,0) size 624x692
                  RenderTableRow {TR} at (0,2) size 624x22
                    RenderTableCell {TD} at (2,2) size 18x22 [r=0 c=0 rs=1 cs=1]
                      RenderText {#text} at (1,1) size 8x19
                        text run at (1,1) width 8: "1"
                    RenderTableCell {TD} at (22,2) size 579x22 [r=0 c=1 rs=1 cs=1]
                      RenderText {#text} at (1,1) size 8x19
                        text run at (1,1) width 8: "2"
                    RenderTableCell {TD} at (603,2) size 19x22 [r=0 c=2 rs=1 cs=1]
                      RenderText {#text} at (1,1) size 8x19
                        text run at (1,1) width 8: "3"
                  RenderTableRow {TR} at (0,26) size 624x640
                    RenderTableCell {TD} at (2,335) size 18x22 [r=1 c=0 rs=1 cs=1]
                      RenderText {#text} at (1,1) size 8x19
                        text run at (1,1) width 8: "4"
                    RenderTableCell {TD} at (22,26) size 579x640 [r=1 c=1 rs=1 cs=1]
                      RenderTable {TABLE} at (1,1) size 577x618 [bgcolor=#ADD8E6] [border: (1px outset #808080)]
                        RenderTableSection {TBODY} at (1,1) size 575x616
                          RenderTableRow {TR} at (0,2) size 575x560
                            RenderTableCell {TD} at (2,270) size 22x24 [border: (1px inset #808080)] [r=0 c=0 rs=1 cs=1]
                              RenderText {#text} at (2,2) size 8x19
                                text run at (2,2) width 8: "1"
                            RenderTableCell {TD} at (26,2) size 522x560 [border: (1px inset #808080)] [r=0 c=1 rs=1 cs=1]
                              RenderTable {TABLE} at (2,2) size 518x536 [bgcolor=#FF0000] [border: (1px outset #808080)]
                                RenderTableSection {TBODY} at (1,1) size 516x534
                                  RenderTableRow {TR} at (0,2) size 516x24
                                    RenderTableCell {TD} at (2,2) size 23x24 [border: (1px inset #808080)] [r=0 c=0 rs=1 cs=1]
                                      RenderText {#text} at (2,2) size 8x19
                                        text run at (2,2) width 8: "1"
                                    RenderTableCell {TD} at (27,2) size 23x24 [border: (1px inset #808080)] [r=0 c=1 rs=1 cs=1]
                                      RenderText {#text} at (2,2) size 8x19
                                        text run at (2,2) width 8: "2"
                                    RenderTableCell {TD} at (52,2) size 411x24 [border: (1px inset #808080)] [r=0 c=2 rs=1 cs=1]
                                      RenderText {#text} at (2,2) size 8x19
                                        text run at (2,2) width 8: "3"
                                    RenderTableCell {TD} at (465,2) size 23x24 [border: (1px inset #808080)] [r=0 c=3 rs=1 cs=1]
                                      RenderText {#text} at (2,2) size 8x19
                                        text run at (2,2) width 8: "4"
                                    RenderTableCell {TD} at (490,2) size 24x24 [border: (1px inset #808080)] [r=0 c=4 rs=1 cs=1]
                                      RenderText {#text} at (2,2) size 8x19
                                        text run at (2,2) width 8: "5"
                                  RenderTableRow {TR} at (0,28) size 516x426
                                    RenderTableCell {TD} at (2,229) size 23x24 [border: (1px inset #808080)] [r=1 c=0 rs=1 cs=1]
                                      RenderText {#text} at (2,2) size 8x19
                                        text run at (2,2) width 8: "6"
                                    RenderTableCell {TD} at (27,229) size 23x24 [border: (1px inset #808080)] [r=1 c=1 rs=1 cs=1]
                                      RenderText {#text} at (2,2) size 8x19
                                        text run at (2,2) width 8: "7"
                                    RenderTableCell {TD} at (52,28) size 411x426 [border: (1px inset #808080)] [r=1 c=2 rs=1 cs=1]
                                      RenderTable {TABLE} at (2,2) size 407x402 [bgcolor=#008000] [border: (1px outset #808080)]
                                        RenderTableSection {TBODY} at (1,1) size 405x400
                                          RenderTableRow {TR} at (0,2) size 405x24
                                            RenderTableCell {TD} at (2,2) size 24x24 [border: (1px inset #808080)] [r=0 c=0 rs=1 cs=1]
                                              RenderText {#text} at (2,2) size 7x19
                                                text run at (2,2) width 7: "a"
                                            RenderTableCell {TD} at (28,2) size 24x24 [border: (1px inset #808080)] [r=0 c=1 rs=1 cs=1]
                                              RenderText {#text} at (2,2) size 8x19
                                                text run at (2,2) width 8: "b"
                                            RenderTableCell {TD} at (54,2) size 296x24 [border: (1px inset #808080)] [r=0 c=2 rs=1 cs=1]
                                              RenderText {#text} at (2,2) size 7x19
                                                text run at (2,2) width 7: "c"
                                            RenderTableCell {TD} at (352,2) size 24x24 [border: (1px inset #808080)] [r=0 c=3 rs=1 cs=1]
                                              RenderText {#text} at (2,2) size 8x19
                                                text run at (2,2) width 8: "d"
                                            RenderTableCell {TD} at (378,2) size 25x24 [border: (1px inset #808080)] [r=0 c=4 rs=1 cs=1]
                                              RenderText {#text} at (2,2) size 7x19
                                                text run at (2,2) width 7: "e"
                                          RenderTableRow {TR} at (0,28) size 405x24
                                            RenderTableCell {TD} at (2,28) size 24x24 [border: (1px inset #808080)] [r=1 c=0 rs=1 cs=1]
                                              RenderText {#text} at (2,2) size 4x19
                                                text run at (2,2) width 4: "f"
                                            RenderTableCell {TD} at (28,28) size 24x24 [border: (1px inset #808080)] [r=1 c=1 rs=1 cs=1]
                                              RenderText {#text} at (2,2) size 7x19
                                                text run at (2,2) width 7: "g"
                                            RenderTableCell {TD} at (54,28) size 296x24 [border: (1px inset #808080)] [r=1 c=2 rs=1 cs=1]
                                              RenderText {#text} at (2,2) size 7x19
                                                text run at (2,2) width 7: "h"
                                            RenderTableCell {TD} at (352,28) size 24x24 [border: (1px inset #808080)] [r=1 c=3 rs=1 cs=1]
                                              RenderText {#text} at (2,2) size 3x19
                                                text run at (2,2) width 3: "i"
                                            RenderTableCell {TD} at (378,28) size 25x24 [border: (1px inset #808080)] [r=1 c=4 rs=1 cs=1]
                                              RenderText {#text} at (2,2) size 4x19
                                                text run at (2,2) width 4: "j"
                                          RenderTableRow {TR} at (0,54) size 405x292
                                            RenderTableCell {TD} at (2,188) size 24x24 [border: (1px inset #808080)] [r=2 c=0 rs=1 cs=1]
                                              RenderText {#text} at (2,2) size 8x19
                                                text run at (2,2) width 8: "k"
                                            RenderTableCell {TD} at (28,188) size 24x24 [border: (1px inset #808080)] [r=2 c=1 rs=1 cs=1]
                                              RenderText {#text} at (2,2) size 3x19
                                                text run at (2,2) width 3: "l"
                                            RenderTableCell {TD} at (54,54) size 296x292 [border: (1px inset #808080)] [r=2 c=2 rs=1 cs=1]
                                              RenderTable {TABLE} at (2,2) size 292x268 [bgcolor=#800080] [border: (1px outset #808080)]
                                                RenderTableSection {TBODY} at (1,1) size 290x266
                                                  RenderTableRow {TR} at (0,2) size 290x24
                                                    RenderTableCell {TD} at (2,2) size 25x24 [border: (1px inset #808080)] [r=0 c=0 rs=1 cs=1]
                                                      RenderText {#text} at (2,2) size 7x19
                                                        text run at (2,2) width 7: "a"
                                                    RenderTableCell {TD} at (29,2) size 25x24 [border: (1px inset #808080)] [r=0 c=1 rs=1 cs=1]
                                                      RenderText {#text} at (2,2) size 8x19
                                                        text run at (2,2) width 8: "b"
                                                    RenderTableCell {TD} at (56,2) size 175x24 [border: (1px inset #808080)] [r=0 c=2 rs=1 cs=1]
                                                      RenderText {#text} at (2,2) size 7x19
                                                        text run at (2,2) width 7: "c"
                                                    RenderTableCell {TD} at (233,2) size 26x24 [border: (1px inset #808080)] [r=0 c=3 rs=1 cs=1]
                                                      RenderText {#text} at (2,2) size 8x19
                                                        text run at (2,2) width 8: "d"
                                                    RenderTableCell {TD} at (261,2) size 27x24 [border: (1px inset #808080)] [r=0 c=4 rs=1 cs=1]
                                                      RenderText {#text} at (2,2) size 7x19
                                                        text run at (2,2) width 7: "e"
                                                  RenderTableRow {TR} at (0,28) size 290x24
                                                    RenderTableCell {TD} at (2,28) size 25x24 [border: (1px inset #808080)] [r=1 c=0 rs=1 cs=1]
                                                      RenderText {#text} at (2,2) size 4x19
                                                        text run at (2,2) width 4: "f"
                                                    RenderTableCell {TD} at (29,28) size 25x24 [border: (1px inset #808080)] [r=1 c=1 rs=1 cs=1]
                                                      RenderText {#text} at (2,2) size 7x19
                                                        text run at (2,2) width 7: "g"
                                                    RenderTableCell {TD} at (56,28) size 175x24 [border: (1px inset #808080)] [r=1 c=2 rs=1 cs=1]
                                                      RenderText {#text} at (2,2) size 7x19
                                                        text run at (2,2) width 7: "h"
                                                    RenderTableCell {TD} at (233,28) size 26x24 [border: (1px inset #808080)] [r=1 c=3 rs=1 cs=1]
                                                      RenderText {#text} at (2,2) size 3x19
                                                        text run at (2,2) width 3: "i"
                                                    RenderTableCell {TD} at (261,28) size 27x24 [border: (1px inset #808080)] [r=1 c=4 rs=1 cs=1]
                                                      RenderText {#text} at (2,2) size 4x19
                                                        text run at (2,2) width 4: "j"
                                                  RenderTableRow {TR} at (0,54) size 290x158
                                                    RenderTableCell {TD} at (2,121) size 25x24 [border: (1px inset #808080)] [r=2 c=0 rs=1 cs=1]
                                                      RenderText {#text} at (2,2) size 8x19
                                                        text run at (2,2) width 8: "k"
                                                    RenderTableCell {TD} at (29,121) size 25x24 [border: (1px inset #808080)] [r=2 c=1 rs=1 cs=1]
                                                      RenderText {#text} at (2,2) size 3x19
                                                        text run at (2,2) width 3: "l"
                                                    RenderTableCell {TD} at (56,54) size 175x158 [border: (1px inset #808080)] [r=2 c=2 rs=1 cs=1]
                                                      RenderTable {TABLE} at (2,2) size 171x134 [bgcolor=#FFA500] [border: (1px outset #808080)]
                                                        RenderTableSection {TBODY} at (1,1) size 169x132
                                                          RenderTableRow {TR} at (0,2) size 169x24
                                                            RenderTableCell {TD} at (2,2) size 29x24 [border: (1px inset #808080)] [r=0 c=0 rs=1 cs=1]
                                                              RenderText {#text} at (2,2) size 7x19
                                                                text run at (2,2) width 7: "a"
                                                            RenderTableCell {TD} at (33,2) size 30x24 [border: (1px inset #808080)] [r=0 c=1 rs=1 cs=1]
                                                              RenderText {#text} at (2,2) size 8x19
                                                                text run at (2,2) width 8: "b"
                                                            RenderTableCell {TD} at (65,2) size 37x24 [border: (1px inset #808080)] [r=0 c=2 rs=1 cs=1]
                                                              RenderText {#text} at (2,2) size 7x19
                                                                text run at (2,2) width 7: "c"
                                                            RenderTableCell {TD} at (104,2) size 30x24 [border: (1px inset #808080)] [r=0 c=3 rs=1 cs=1]
                                                              RenderText {#text} at (2,2) size 8x19
                                                                text run at (2,2) width 8: "d"
                                                            RenderTableCell {TD} at (136,2) size 31x24 [border: (1px inset #808080)] [r=0 c=4 rs=1 cs=1]
                                                              RenderText {#text} at (2,2) size 7x19
                                                                text run at (2,2) width 7: "e"
                                                          RenderTableRow {TR} at (0,28) size 169x24
                                                            RenderTableCell {TD} at (2,28) size 29x24 [border: (1px inset #808080)] [r=1 c=0 rs=1 cs=1]
                                                              RenderText {#text} at (2,2) size 4x19
                                                                text run at (2,2) width 4: "f"
                                                            RenderTableCell {TD} at (33,28) size 30x24 [border: (1px inset #808080)] [r=1 c=1 rs=1 cs=1]
                                                              RenderText {#text} at (2,2) size 7x19
                                                                text run at (2,2) width 7: "g"
                                                            RenderTableCell {TD} at (65,28) size 37x24 [border: (1px inset #808080)] [r=1 c=2 rs=1 cs=1]
                                                              RenderText {#text} at (2,2) size 7x19
                                                                text run at (2,2) width 7: "h"
                                                            RenderTableCell {TD} at (104,28) size 30x24 [border: (1px inset #808080)] [r=1 c=3 rs=1 cs=1]
                                                              RenderText {#text} at (2,2) size 3x19
                                                                text run at (2,2) width 3: "i"
                                                            RenderTableCell {TD} at (136,28) size 31x24 [border: (1px inset #808080)] [r=1 c=4 rs=1 cs=1]
                                                              RenderText {#text} at (2,2) size 4x19
                                                                text run at (2,2) width 4: "j"
                                                          RenderTableRow {TR} at (0,54) size 169x24
                                                            RenderTableCell {TD} at (2,54) size 29x24 [border: (1px inset #808080)] [r=2 c=0 rs=1 cs=1]
                                                              RenderText {#text} at (2,2) size 8x19
                                                                text run at (2,2) width 8: "k"
                                                            RenderTableCell {TD} at (33,54) size 30x24 [border: (1px inset #808080)] [r=2 c=1 rs=1 cs=1]
                                                              RenderText {#text} at (2,2) size 3x19
                                                                text run at (2,2) width 3: "l"
                                                            RenderTableCell {TD} at (65,54) size 37x24 [border: (1px inset #808080)] [r=2 c=2 rs=1 cs=1]
                                                              RenderText {#text} at (2,2) size 11x19
                                                                text run at (2,2) width 11: "m"
                                                            RenderTableCell {TD} at (104,54) size 30x24 [border: (1px inset #808080)] [r=2 c=3 rs=1 cs=1]
                                                              RenderText {#text} at (2,2) size 7x19
                                                                text run at (2,2) width 7: "n"
                                                            RenderTableCell {TD} at (136,54) size 31x24 [border: (1px inset #808080)] [r=2 c=4 rs=1 cs=1]
                                                              RenderText {#text} at (2,2) size 8x19
                                                                text run at (2,2) width 8: "o"
                                                          RenderTableRow {TR} at (0,80) size 169x24
                                                            RenderTableCell {TD} at (2,80) size 29x24 [border: (1px inset #808080)] [r=3 c=0 rs=1 cs=1]
                                                              RenderText {#text} at (2,2) size 8x19
                                                                text run at (2,2) width 8: "p"
                                                            RenderTableCell {TD} at (33,80) size 30x24 [border: (1px inset #808080)] [r=3 c=1 rs=1 cs=1]
                                                              RenderText {#text} at (2,2) size 8x19
                                                                text run at (2,2) width 8: "q"
                                                            RenderTableCell {TD} at (65,80) size 37x24 [border: (1px inset #808080)] [r=3 c=2 rs=1 cs=1]
                                                              RenderText {#text} at (2,2) size 5x19
                                                                text run at (2,2) width 5: "r"
                                                            RenderTableCell {TD} at (104,80) size 30x24 [border: (1px inset #808080)] [r=3 c=3 rs=1 cs=1]
                                                              RenderText {#text} at (2,2) size 6x19
                                                                text run at (2,2) width 6: "s"
                                                            RenderTableCell {TD} at (136,80) size 31x24 [border: (1px inset #808080)] [r=3 c=4 rs=1 cs=1]
                                                              RenderText {#text} at (2,2) size 4x19
                                                                text run at (2,2) width 4: "t"
                                                          RenderTableRow {TR} at (0,106) size 169x24
                                                            RenderTableCell {TD} at (2,106) size 29x24 [border: (1px inset #808080)] [r=4 c=0 rs=1 cs=1]
                                                              RenderText {#text} at (2,2) size 7x19
                                                                text run at (2,2) width 7: "u"
                                                            RenderTableCell {TD} at (33,106) size 30x24 [border: (1px inset #808080)] [r=4 c=1 rs=1 cs=1]
                                                              RenderText {#text} at (2,2) size 7x19
                                                                text run at (2,2) width 7: "v"
                                                            RenderTableCell {TD} at (65,106) size 37x24 [border: (1px inset #808080)] [r=4 c=2 rs=1 cs=1]
                                                              RenderText {#text} at (2,2) size 11x19
                                                                text run at (2,2) width 11: "w"
                                                            RenderTableCell {TD} at (104,106) size 30x24 [border: (1px inset #808080)] [r=4 c=3 rs=1 cs=1]
                                                              RenderText {#text} at (2,2) size 7x19
                                                                text run at (2,2) width 7: "x"
                                                            RenderTableCell {TD} at (136,106) size 31x24 [border: (1px inset #808080)] [r=4 c=4 rs=1 cs=1]
                                                              RenderText {#text} at (2,2) size 7x19
                                                                text run at (2,2) width 7: "y"
                                                      RenderBlock (anonymous) at (2,136) size 171x20
                                                        RenderText {#text} at (0,0) size 4x19
                                                          text run at (0,0) width 4: " "
                                                    RenderTableCell {TD} at (233,121) size 26x24 [border: (1px inset #808080)] [r=2 c=3 rs=1 cs=1]
                                                      RenderText {#text} at (2,2) size 7x19
                                                        text run at (2,2) width 7: "n"
                                                    RenderTableCell {TD} at (261,121) size 27x24 [border: (1px inset #808080)] [r=2 c=4 rs=1 cs=1]
                                                      RenderText {#text} at (2,2) size 8x19
                                                        text run at (2,2) width 8: "o"
                                                  RenderTableRow {TR} at (0,214) size 290x24
                                                    RenderTableCell {TD} at (2,214) size 25x24 [border: (1px inset #808080)] [r=3 c=0 rs=1 cs=1]
                                                      RenderText {#text} at (2,2) size 8x19
                                                        text run at (2,2) width 8: "p"
                                                    RenderTableCell {TD} at (29,214) size 25x24 [border: (1px inset #808080)] [r=3 c=1 rs=1 cs=1]
                                                      RenderText {#text} at (2,2) size 8x19
                                                        text run at (2,2) width 8: "q"
                                                    RenderTableCell {TD} at (56,214) size 175x24 [border: (1px inset #808080)] [r=3 c=2 rs=1 cs=1]
                                                      RenderText {#text} at (2,2) size 5x19
                                                        text run at (2,2) width 5: "r"
                                                    RenderTableCell {TD} at (233,214) size 26x24 [border: (1px inset #808080)] [r=3 c=3 rs=1 cs=1]
                                                      RenderText {#text} at (2,2) size 6x19
                                                        text run at (2,2) width 6: "s"
                                                    RenderTableCell {TD} at (261,214) size 27x24 [border: (1px inset #808080)] [r=3 c=4 rs=1 cs=1]
                                                      RenderText {#text} at (2,2) size 4x19
                                                        text run at (2,2) width 4: "t"
                                                  RenderTableRow {TR} at (0,240) size 290x24
                                                    RenderTableCell {TD} at (2,240) size 25x24 [border: (1px inset #808080)] [r=4 c=0 rs=1 cs=1]
                                                      RenderText {#text} at (2,2) size 7x19
                                                        text run at (2,2) width 7: "u"
                                                    RenderTableCell {TD} at (29,240) size 25x24 [border: (1px inset #808080)] [r=4 c=1 rs=1 cs=1]
                                                      RenderText {#text} at (2,2) size 7x19
                                                        text run at (2,2) width 7: "v"
                                                    RenderTableCell {TD} at (56,240) size 175x24 [border: (1px inset #808080)] [r=4 c=2 rs=1 cs=1]
                                                      RenderText {#text} at (2,2) size 11x19
                                                        text run at (2,2) width 11: "w"
                                                    RenderTableCell {TD} at (233,240) size 26x24 [border: (1px inset #808080)] [r=4 c=3 rs=1 cs=1]
                                                      RenderText {#text} at (2,2) size 7x19
                                                        text run at (2,2) width 7: "x"
                                                    RenderTableCell {TD} at (261,240) size 27x24 [border: (1px inset #808080)] [r=4 c=4 rs=1 cs=1]
                                                      RenderText {#text} at (2,2) size 7x19
                                                        text run at (2,2) width 7: "y"
                                              RenderBlock (anonymous) at (2,270) size 292x20
                                                RenderText {#text} at (0,0) size 4x19
                                                  text run at (0,0) width 4: " "
                                            RenderTableCell {TD} at (352,188) size 24x24 [border: (1px inset #808080)] [r=2 c=3 rs=1 cs=1]
                                              RenderText {#text} at (2,2) size 7x19
                                                text run at (2,2) width 7: "n"
                                            RenderTableCell {TD} at (378,188) size 25x24 [border: (1px inset #808080)] [r=2 c=4 rs=1 cs=1]
                                              RenderText {#text} at (2,2) size 8x19
                                                text run at (2,2) width 8: "o"
                                          RenderTableRow {TR} at (0,348) size 405x24
                                            RenderTableCell {TD} at (2,348) size 24x24 [border: (1px inset #808080)] [r=3 c=0 rs=1 cs=1]
                                              RenderText {#text} at (2,2) size 8x19
                                                text run at (2,2) width 8: "p"
                                            RenderTableCell {TD} at (28,348) size 24x24 [border: (1px inset #808080)] [r=3 c=1 rs=1 cs=1]
                                              RenderText {#text} at (2,2) size 8x19
                                                text run at (2,2) width 8: "q"
                                            RenderTableCell {TD} at (54,348) size 296x24 [border: (1px inset #808080)] [r=3 c=2 rs=1 cs=1]
                                              RenderText {#text} at (2,2) size 5x19
                                                text run at (2,2) width 5: "r"
                                            RenderTableCell {TD} at (352,348) size 24x24 [border: (1px inset #808080)] [r=3 c=3 rs=1 cs=1]
                                              RenderText {#text} at (2,2) size 6x19
                                                text run at (2,2) width 6: "s"
                                            RenderTableCell {TD} at (378,348) size 25x24 [border: (1px inset #808080)] [r=3 c=4 rs=1 cs=1]
                                              RenderText {#text} at (2,2) size 4x19
                                                text run at (2,2) width 4: "t"
                                          RenderTableRow {TR} at (0,374) size 405x24
                                            RenderTableCell {TD} at (2,374) size 24x24 [border: (1px inset #808080)] [r=4 c=0 rs=1 cs=1]
                                              RenderText {#text} at (2,2) size 7x19
                                                text run at (2,2) width 7: "u"
                                            RenderTableCell {TD} at (28,374) size 24x24 [border: (1px inset #808080)] [r=4 c=1 rs=1 cs=1]
                                              RenderText {#text} at (2,2) size 7x19
                                                text run at (2,2) width 7: "v"
                                            RenderTableCell {TD} at (54,374) size 296x24 [border: (1px inset #808080)] [r=4 c=2 rs=1 cs=1]
                                              RenderText {#text} at (2,2) size 11x19
                                                text run at (2,2) width 11: "w"
                                            RenderTableCell {TD} at (352,374) size 24x24 [border: (1px inset #808080)] [r=4 c=3 rs=1 cs=1]
                                              RenderText {#text} at (2,2) size 7x19
                                                text run at (2,2) width 7: "x"
                                            RenderTableCell {TD} at (378,374) size 25x24 [border: (1px inset #808080)] [r=4 c=4 rs=1 cs=1]
                                              RenderText {#text} at (2,2) size 7x19
                                                text run at (2,2) width 7: "y"
                                      RenderBlock (anonymous) at (2,404) size 407x20
                                        RenderText {#text} at (0,0) size 4x19
                                          text run at (0,0) width 4: " "
                                    RenderTableCell {TD} at (465,229) size 23x24 [border: (1px inset #808080)] [r=1 c=3 rs=1 cs=1]
                                      RenderText {#text} at (2,2) size 8x19
                                        text run at (2,2) width 8: "9"
                                    RenderTableCell {TD} at (490,229) size 24x24 [border: (1px inset #808080)] [r=1 c=4 rs=1 cs=1]
                                      RenderText {#text} at (2,2) size 8x19
                                        text run at (2,2) width 8: "0"
                                  RenderTableRow {TR} at (0,456) size 516x24
                                    RenderTableCell {TD} at (2,456) size 23x24 [border: (1px inset #808080)] [r=2 c=0 rs=1 cs=1]
                                      RenderText {#text} at (2,2) size 7x19
                                        text run at (2,2) width 7: "a"
                                    RenderTableCell {TD} at (27,456) size 23x24 [border: (1px inset #808080)] [r=2 c=1 rs=1 cs=1]
                                      RenderText {#text} at (2,2) size 8x19
                                        text run at (2,2) width 8: "b"
                                    RenderTableCell {TD} at (52,456) size 411x24 [border: (1px inset #808080)] [r=2 c=2 rs=1 cs=1]
                                      RenderText {#text} at (2,2) size 7x19
                                        text run at (2,2) width 7: "c"
                                    RenderTableCell {TD} at (465,456) size 23x24 [border: (1px inset #808080)] [r=2 c=3 rs=1 cs=1]
                                      RenderText {#text} at (2,2) size 8x19
                                        text run at (2,2) width 8: "d"
                                    RenderTableCell {TD} at (490,456) size 24x24 [border: (1px inset #808080)] [r=2 c=4 rs=1 cs=1]
                                      RenderText {#text} at (2,2) size 7x19
                                        text run at (2,2) width 7: "e"
                                  RenderTableRow {TR} at (0,482) size 516x24
                                    RenderTableCell {TD} at (2,482) size 23x24 [border: (1px inset #808080)] [r=3 c=0 rs=1 cs=1]
                                      RenderText {#text} at (2,2) size 4x19
                                        text run at (2,2) width 4: "f"
                                    RenderTableCell {TD} at (27,482) size 23x24 [border: (1px inset #808080)] [r=3 c=1 rs=1 cs=1]
                                      RenderText {#text} at (2,2) size 7x19
                                        text run at (2,2) width 7: "g"
                                    RenderTableCell {TD} at (52,482) size 411x24 [border: (1px inset #808080)] [r=3 c=2 rs=1 cs=1]
                                      RenderText {#text} at (2,2) size 7x19
                                        text run at (2,2) width 7: "h"
                                    RenderTableCell {TD} at (465,482) size 23x24 [border: (1px inset #808080)] [r=3 c=3 rs=1 cs=1]
                                      RenderText {#text} at (2,2) size 3x19
                                        text run at (2,2) width 3: "i"
                                    RenderTableCell {TD} at (490,482) size 24x24 [border: (1px inset #808080)] [r=3 c=4 rs=1 cs=1]
                                      RenderText {#text} at (2,2) size 4x19
                                        text run at (2,2) width 4: "j"
                                  RenderTableRow {TR} at (0,508) size 516x24
                                    RenderTableCell {TD} at (2,508) size 23x24 [border: (1px inset #808080)] [r=4 c=0 rs=1 cs=1]
                                      RenderText {#text} at (2,2) size 8x19
                                        text run at (2,2) width 8: "k"
                                    RenderTableCell {TD} at (27,508) size 23x24 [border: (1px inset #808080)] [r=4 c=1 rs=1 cs=1]
                                      RenderText {#text} at (2,2) size 3x19
                                        text run at (2,2) width 3: "l"
                                    RenderTableCell {TD} at (52,508) size 411x24 [border: (1px inset #808080)] [r=4 c=2 rs=1 cs=1]
                                      RenderText {#text} at (2,2) size 11x19
                                        text run at (2,2) width 11: "m"
                                    RenderTableCell {TD} at (465,508) size 23x24 [border: (1px inset #808080)] [r=4 c=3 rs=1 cs=1]
                                      RenderText {#text} at (2,2) size 7x19
                                        text run at (2,2) width 7: "n"
                                    RenderTableCell {TD} at (490,508) size 24x24 [border: (1px inset #808080)] [r=4 c=4 rs=1 cs=1]
                                      RenderText {#text} at (2,2) size 8x19
                                        text run at (2,2) width 8: "o"
                              RenderBlock (anonymous) at (2,538) size 518x20
                                RenderText {#text} at (0,0) size 4x19
                                  text run at (0,0) width 4: " "
                            RenderTableCell {TD} at (550,270) size 23x24 [border: (1px inset #808080)] [r=0 c=2 rs=1 cs=1]
                              RenderText {#text} at (2,2) size 8x19
                                text run at (2,2) width 8: "3"
                          RenderTableRow {TR} at (0,564) size 575x24
                            RenderTableCell {TD} at (2,564) size 22x24 [border: (1px inset #808080)] [r=1 c=0 rs=1 cs=1]
                              RenderText {#text} at (2,2) size 8x19
                                text run at (2,2) width 8: "4"
                            RenderTableCell {TD} at (26,564) size 522x24 [border: (1px inset #808080)] [r=1 c=1 rs=1 cs=1]
                              RenderText {#text} at (2,2) size 8x19
                                text run at (2,2) width 8: "5"
                            RenderTableCell {TD} at (550,564) size 23x24 [border: (1px inset #808080)] [r=1 c=2 rs=1 cs=1]
                              RenderText {#text} at (2,2) size 8x19
                                text run at (2,2) width 8: "6"
                          RenderTableRow {TR} at (0,590) size 575x24
                            RenderTableCell {TD} at (2,590) size 22x24 [border: (1px inset #808080)] [r=2 c=0 rs=1 cs=1]
                              RenderText {#text} at (2,2) size 8x19
                                text run at (2,2) width 8: "7"
                            RenderTableCell {TD} at (26,590) size 522x24 [border: (1px inset #808080)] [r=2 c=1 rs=1 cs=1]
                              RenderText {#text} at (2,2) size 8x19
                                text run at (2,2) width 8: "8"
                            RenderTableCell {TD} at (550,590) size 23x24 [border: (1px inset #808080)] [r=2 c=2 rs=1 cs=1]
                              RenderText {#text} at (2,2) size 8x19
                                text run at (2,2) width 8: "9"
                      RenderBlock (anonymous) at (1,619) size 577x20
                        RenderText {#text} at (0,0) size 4x19
                          text run at (0,0) width 4: " "
                    RenderTableCell {TD} at (603,335) size 19x22 [r=1 c=2 rs=1 cs=1]
                      RenderText {#text} at (1,1) size 8x19
                        text run at (1,1) width 8: "6"
                  RenderTableRow {TR} at (0,668) size 624x22
                    RenderTableCell {TD} at (2,668) size 18x22 [r=2 c=0 rs=1 cs=1]
                      RenderText {#text} at (1,1) size 8x19
                        text run at (1,1) width 8: "7"
                    RenderTableCell {TD} at (22,668) size 579x22 [r=2 c=1 rs=1 cs=1]
                      RenderText {#text} at (1,1) size 8x19
                        text run at (1,1) width 8: "8"
                    RenderTableCell {TD} at (603,668) size 19x22 [r=2 c=2 rs=1 cs=1]
                      RenderText {#text} at (1,1) size 8x19
                        text run at (1,1) width 8: "9"
              RenderBlock (anonymous) at (2,694) size 624x20
                RenderText {#text} at (0,0) size 4x19
                  text run at (0,0) width 4: " "
            RenderTableCell {TD} at (632,400) size 73x24 [border: (1px inset #808080)] [r=2 c=1 rs=1 cs=1]
              RenderText {#text} at (2,2) size 8x19
                text run at (2,2) width 8: "8"
            RenderTableCell {TD} at (707,400) size 73x24 [border: (1px inset #808080)] [r=2 c=2 rs=1 cs=1]
              RenderText {#text} at (2,2) size 8x19
                text run at (2,2) width 8: "9"
