layer at (0,0) size 800x2464
  RenderView at (0,0) size 800x600
layer at (0,0) size 800x2464
  RenderBlock {HTML} at (0,0) size 800x2465
    RenderBody {BODY} at (8,8) size 784x2441 [bgcolor=#FFDEAD]
      RenderBlock {H1} at (0,0) size 784x74
        RenderInline {FONT} at (0,0) size 475x73 [color=#FF0000]
          RenderText {#text} at (0,0) size 295x36
            text run at (0,0) width 295: "Acceptance Test Case"
          RenderBR {BR} at (295,29) size 0x0
          RenderText {#text} at (0,37) size 475x36
            text run at (0,37) width 475: "Web Browser: Web View (HTML)"
      RenderBlock {P} at (0,95) size 784x28
        RenderInline {FONT} at (0,0) size 353x27 [color=#FF0000]
          RenderInline {B} at (0,0) size 353x26
            RenderText {#text} at (0,0) size 353x26
              text run at (0,0) width 353: "Table: <TH> & <TD> ROWSPAN"
        RenderText {#text} at (0,0) size 0x0
      RenderBlock {HR} at (0,138) size 784x3 [border: (1px inset #000000)]
      RenderBlock (anonymous) at (0,148) size 784x61
        RenderText {#text} at (0,0) size 262x19
          text run at (0,0) width 262: "This acceptance test case tests the optional "
        RenderInline {B} at (0,0) size 40x19
          RenderText {#text} at (262,0) size 40x19
            text run at (262,0) width 40: "<TH>"
        RenderText {#text} at (302,0) size 20x19
          text run at (302,0) width 20: " & "
        RenderInline {B} at (0,0) size 40x19
          RenderText {#text} at (322,0) size 40x19
            text run at (322,0) width 40: "<TD>"
        RenderText {#text} at (362,0) size 26x19
          text run at (362,0) width 26: " tag "
        RenderInline {B} at (0,0) size 80x19
          RenderText {#text} at (388,0) size 80x19
            text run at (388,0) width 80: "ROWSPAN"
        RenderText {#text} at (468,0) size 764x39
          text run at (468,0) width 100: " attribute which, "
          text run at (568,0) width 196: "when placed in a table header or"
          text run at (0,20) width 469: "data tag, specifies how many rows the table header or data cell will span. The "
        RenderInline {B} at (0,0) size 80x19
          RenderText {#text} at (469,20) size 80x19
            text run at (469,20) width 80: "ROWSPAN"
        RenderText {#text} at (549,20) size 749x39
          text run at (549,20) width 200: " attribute is set to an integer value"
          text run at (0,40) width 366: "equal the number of rows the table header or data cell spans."
      RenderBlock {P} at (0,224) size 784x21
        RenderInline {B} at (0,0) size 118x19
          RenderText {#text} at (0,0) size 118x19
            text run at (0,0) width 118: "Test Instructions:"
        RenderText {#text} at (0,0) size 0x0
      RenderBlock {OL} at (0,260) size 784x263
        RenderListItem {LI} at (40,0) size 744x20
          RenderListMarker at (-21,0) size 16x19: "1"
          RenderText {#text} at (0,0) size 473x19
            text run at (0,0) width 473: "Verify that the sample text displays as stated in each of the following test cases:"
        RenderBlock {P} at (40,36) size 744x110
          RenderTable {TABLE} at (0,0) size 516x110 [bgcolor=#F08080]
            RenderTableSection {TBODY} at (0,0) size 516x110
              RenderTableRow {TR} at (0,2) size 516x34
                RenderTableCell {TD} at (2,2) size 95x34 [r=0 c=0 rs=1 cs=1]
                  RenderInline {A} at (0,0) size 81x19 [color=#0000EE]
                    RenderText {#text} at (7,7) size 81x19
                      text run at (7,7) width 81: "Test Case #1"
                RenderTableCell {TD} at (99,2) size 415x34 [r=0 c=1 rs=1 cs=1]
                  RenderInline {FONT} at (0,0) size 303x19 [color=#0000FF]
                    RenderInline {B} at (0,0) size 303x19
                      RenderText {#text} at (7,7) size 303x19
                        text run at (7,7) width 303: "table with header cells spanning multiple rows"
              RenderTableRow {TR} at (0,38) size 516x34
                RenderTableCell {TD} at (2,38) size 95x34 [r=1 c=0 rs=1 cs=1]
                  RenderInline {A} at (0,0) size 81x19 [color=#0000EE]
                    RenderText {#text} at (7,7) size 81x19
                      text run at (7,7) width 81: "Test Case #2"
                RenderTableCell {TD} at (99,38) size 415x34 [r=1 c=1 rs=1 cs=1]
                  RenderInline {FONT} at (0,0) size 286x19 [color=#0000FF]
                    RenderInline {B} at (0,0) size 286x19
                      RenderText {#text} at (7,7) size 286x19
                        text run at (7,7) width 286: "table with data cells spanning multiple rows"
              RenderTableRow {TR} at (0,74) size 516x34
                RenderTableCell {TD} at (2,74) size 95x34 [r=2 c=0 rs=1 cs=1]
                  RenderInline {A} at (0,0) size 81x19 [color=#0000EE]
                    RenderText {#text} at (7,7) size 81x19
                      text run at (7,7) width 81: "Test Case #3"
                RenderTableCell {TD} at (99,74) size 415x34 [r=2 c=1 rs=1 cs=1]
                  RenderInline {FONT} at (0,0) size 401x19 [color=#0000FF]
                    RenderInline {B} at (0,0) size 401x19
                      RenderText {#text} at (7,7) size 401x19
                        text run at (7,7) width 401: "table with nested header & data cells spanning multiple rows"
        RenderBlock {P} at (40,162) size 744x0
        RenderListItem {LI} at (40,162) size 744x20
          RenderListMarker at (-21,0) size 16x19: "2"
          RenderText {#text} at (0,0) size 265x19
            text run at (0,0) width 265: "Verify that the table is maintained when you "
          RenderInline {B} at (0,0) size 124x19
            RenderText {#text} at (265,0) size 124x19
              text run at (265,0) width 124: "minimize/maximize"
          RenderText {#text} at (389,0) size 69x19
            text run at (389,0) width 69: " the screen."
        RenderListItem {LI} at (40,182) size 744x20
          RenderListMarker at (-21,0) size 16x19: "3"
          RenderText {#text} at (0,0) size 265x19
            text run at (0,0) width 265: "Verify that the table is maintained when you "
          RenderInline {B} at (0,0) size 122x19
            RenderText {#text} at (265,0) size 122x19
              text run at (265,0) width 122: "re-size left & right"
          RenderText {#text} at (387,0) size 69x19
            text run at (387,0) width 69: " the screen."
        RenderListItem {LI} at (40,202) size 744x20
          RenderListMarker at (-21,0) size 16x19: "4"
          RenderText {#text} at (0,0) size 265x19
            text run at (0,0) width 265: "Verify that the table is maintained when you "
          RenderInline {B} at (0,0) size 136x19
            RenderText {#text} at (265,0) size 136x19
              text run at (265,0) width 136: "re-size top & bottom"
          RenderText {#text} at (401,0) size 69x19
            text run at (401,0) width 69: " the screen."
        RenderListItem {LI} at (40,222) size 744x20
          RenderListMarker at (-21,0) size 16x19: "5"
          RenderText {#text} at (0,0) size 388x19
            text run at (0,0) width 388: "Verify re-draw takes place correctly after maximizing the screen."
        RenderListItem {LI} at (40,242) size 744x20
          RenderListMarker at (-21,0) size 16x19: "6"
          RenderText {#text} at (0,0) size 125x19
            text run at (0,0) width 125: "Verify reload works."
      RenderBlock {HR} at (0,538) size 784x3 [border: (1px inset #000000)]
      RenderBlock {P} at (0,556) size 784x66
        RenderTable {TABLE} at (0,0) size 666x65 [bgcolor=#F08080] [border: (1px outset #808080)]
          RenderTableSection {TBODY} at (1,1) size 664x63
            RenderTableRow {TR} at (0,2) size 664x59
              RenderTableCell {TH} at (2,2) size 660x59 [border: (1px inset #808080)] [r=0 c=0 rs=1 cs=1]
                RenderInline {A} at (0,0) size 0x0
                RenderText {#text} at (11,11) size 97x19
                  text run at (11,11) width 97: "Test Case #1: "
                RenderInline {FONT} at (0,0) size 303x19 [color=#0000FF]
                  RenderText {#text} at (108,11) size 303x19
                    text run at (108,11) width 303: "table with header cells spanning multiple rows"
                RenderText {#text} at (411,11) size 4x19
                  text run at (411,11) width 4: " "
                RenderInline {FONT} at (0,0) size 618x32
                  RenderInline {I} at (0,0) size 618x33
                    RenderText {#text} at (415,14) size 618x33
                      text run at (415,14) width 214: "(using <TH ROWSPAN=integer value>"
                      text run at (11,31) width 22: "tag)"
                RenderText {#text} at (0,0) size 0x0
      RenderBlock {P} at (0,637) size 784x129
        RenderBlock (anonymous) at (0,0) size 784x20
          RenderBR {BR} at (0,0) size 0x19
        RenderTable {TABLE} at (0,20) size 705x108 [bgcolor=#FFD700] [border: (1px outset #808080)]
          RenderTableSection {TBODY} at (1,1) size 703x106
            RenderTableRow {TR} at (0,2) size 703x102
              RenderTableCell {TD} at (2,2) size 699x102 [border: (1px inset #808080)] [r=0 c=0 rs=1 cs=1]
                RenderInline {FONT} at (0,0) size 659x79 [color=#FF0000]
                  RenderInline {B} at (0,0) size 659x79
                    RenderText {#text} at (11,11) size 351x19
                      text run at (11,11) width 351: "In the following sample table you should see that the "
                    RenderInline {FONT} at (0,0) size 80x19 [color=#0000FF]
                      RenderText {#text} at (362,11) size 80x19
                        text run at (362,11) width 80: "ROWSPAN"
                    RenderText {#text} at (442,11) size 654x39
                      text run at (442,11) width 4: " "
                      text run at (446,11) width 219: "attribute applies an integer value"
                      text run at (11,31) width 213: "equal to the number of rows the "
                    RenderInline {FONT} at (0,0) size 67x19 [color=#0000FF]
                      RenderText {#text} at (224,31) size 67x19
                        text run at (224,31) width 67: "HEADER"
                    RenderText {#text} at (291,31) size 659x59
                      text run at (291,31) width 135: " cell is to span. This "
                      text run at (426,31) width 230: "tells the browser to make the table"
                      text run at (11,51) width 601: "header cell occupy the same vertical space as the integer number of cells specified in rows "
                      text run at (612,51) width 58: "above or"
                      text run at (11,71) width 637: "below it. The browser flows the contents of the spanning cell to occupy the entire spanned space."
      RenderBlock {P} at (0,781) size 784x41
        RenderBR {BR} at (0,0) size 0x19
        RenderBR {BR} at (0,20) size 0x19
      RenderBlock {UL} at (0,837) size 784x285
        RenderTable {TABLE} at (40,0) size 483x284 [border: (1px outset #808080)]
          RenderBlock {CAPTION} at (0,0) size 483x20
            RenderText {#text} at (108,0) size 39x19
              text run at (108,0) width 39: "Table "
            RenderInline {B} at (0,0) size 89x19
              RenderText {#text} at (146,0) size 89x19
                text run at (146,0) width 89: "Header Cells"
            RenderText {#text} at (234,0) size 141x19
              text run at (234,0) width 141: " spanning multiple rows"
          RenderTableSection {TBODY} at (1,21) size 481x262
            RenderTableRow {TR} at (0,2) size 481x24
              RenderTableCell {TH} at (2,5) size 101x44 [bgcolor=#FFE4C4] [border: (1px inset #808080)] [r=0 c=0 rs=2 cs=1]
                RenderText {#text} at (19,2) size 63x19
                  text run at (19,2) width 63: "Header 1"
                RenderBR {BR} at (81,17) size 1x0
                RenderText {#text} at (9,22) size 83x19
                  text run at (9,22) width 83: "span=2 rows"
              RenderTableCell {TD} at (105,2) size 39x24 [bgcolor=#EE82EE] [border: (1px inset #808080)] [r=0 c=1 rs=1 cs=1]
                RenderText {#text} at (2,2) size 30x19
                  text run at (2,2) width 30: "col 1"
              RenderTableCell {TD} at (146,2) size 39x24 [bgcolor=#EE82EE] [border: (1px inset #808080)] [r=0 c=2 rs=1 cs=1]
                RenderText {#text} at (2,2) size 30x19
                  text run at (2,2) width 30: "col 2"
              RenderTableCell {TD} at (187,2) size 40x24 [bgcolor=#EE82EE] [border: (1px inset #808080)] [r=0 c=3 rs=1 cs=1]
                RenderText {#text} at (2,2) size 30x19
                  text run at (2,2) width 30: "col 3"
              RenderTableCell {TD} at (229,2) size 40x24 [bgcolor=#EE82EE] [border: (1px inset #808080)] [r=0 c=4 rs=1 cs=1]
                RenderText {#text} at (2,2) size 30x19
                  text run at (2,2) width 30: "col 4"
              RenderTableCell {TD} at (271,2) size 40x24 [bgcolor=#EE82EE] [border: (1px inset #808080)] [r=0 c=5 rs=1 cs=1]
                RenderText {#text} at (2,2) size 30x19
                  text run at (2,2) width 30: "col 5"
              RenderTableCell {TD} at (313,2) size 40x24 [bgcolor=#EE82EE] [border: (1px inset #808080)] [r=0 c=6 rs=1 cs=1]
                RenderText {#text} at (2,2) size 30x19
                  text run at (2,2) width 30: "col 6"
              RenderTableCell {TD} at (355,2) size 40x24 [bgcolor=#EE82EE] [border: (1px inset #808080)] [r=0 c=7 rs=1 cs=1]
                RenderText {#text} at (2,2) size 30x19
                  text run at (2,2) width 30: "col 7"
              RenderTableCell {TD} at (397,2) size 40x24 [bgcolor=#EE82EE] [border: (1px inset #808080)] [r=0 c=8 rs=1 cs=1]
                RenderText {#text} at (2,2) size 30x19
                  text run at (2,2) width 30: "col 8"
              RenderTableCell {TD} at (439,2) size 40x24 [bgcolor=#EE82EE] [border: (1px inset #808080)] [r=0 c=9 rs=1 cs=1]
                RenderText {#text} at (2,2) size 30x19
                  text run at (2,2) width 30: "col 9"
            RenderTableRow {TR} at (0,28) size 481x24
              RenderTableCell {TD} at (105,28) size 39x24 [bgcolor=#EE82EE] [border: (1px inset #808080)] [r=1 c=1 rs=1 cs=1]
                RenderText {#text} at (2,2) size 30x19
                  text run at (2,2) width 30: "col 1"
              RenderTableCell {TD} at (146,28) size 39x24 [bgcolor=#EE82EE] [border: (1px inset #808080)] [r=1 c=2 rs=1 cs=1]
                RenderText {#text} at (2,2) size 30x19
                  text run at (2,2) width 30: "col 2"
              RenderTableCell {TD} at (187,28) size 40x24 [bgcolor=#EE82EE] [border: (1px inset #808080)] [r=1 c=3 rs=1 cs=1]
                RenderText {#text} at (2,2) size 30x19
                  text run at (2,2) width 30: "col 3"
              RenderTableCell {TD} at (229,28) size 40x24 [bgcolor=#EE82EE] [border: (1px inset #808080)] [r=1 c=4 rs=1 cs=1]
                RenderText {#text} at (2,2) size 30x19
                  text run at (2,2) width 30: "col 4"
              RenderTableCell {TD} at (271,28) size 40x24 [bgcolor=#EE82EE] [border: (1px inset #808080)] [r=1 c=5 rs=1 cs=1]
                RenderText {#text} at (2,2) size 30x19
                  text run at (2,2) width 30: "col 5"
              RenderTableCell {TD} at (313,28) size 40x24 [bgcolor=#EE82EE] [border: (1px inset #808080)] [r=1 c=6 rs=1 cs=1]
                RenderText {#text} at (2,2) size 30x19
                  text run at (2,2) width 30: "col 6"
              RenderTableCell {TD} at (355,28) size 40x24 [bgcolor=#EE82EE] [border: (1px inset #808080)] [r=1 c=7 rs=1 cs=1]
                RenderText {#text} at (2,2) size 30x19
                  text run at (2,2) width 30: "col 7"
              RenderTableCell {TD} at (397,28) size 40x24 [bgcolor=#EE82EE] [border: (1px inset #808080)] [r=1 c=8 rs=1 cs=1]
                RenderText {#text} at (2,2) size 30x19
                  text run at (2,2) width 30: "col 8"
              RenderTableCell {TD} at (439,28) size 40x24 [bgcolor=#EE82EE] [border: (1px inset #808080)] [r=1 c=9 rs=1 cs=1]
                RenderText {#text} at (2,2) size 30x19
                  text run at (2,2) width 30: "col 9"
            RenderTableRow {TR} at (0,54) size 481x24
              RenderTableCell {TH} at (2,96) size 101x44 [bgcolor=#FFE4C4] [border: (1px inset #808080)] [r=2 c=0 rs=5 cs=1]
                RenderText {#text} at (19,2) size 63x19
                  text run at (19,2) width 63: "Header 2"
                RenderBR {BR} at (81,17) size 1x0
                RenderText {#text} at (9,22) size 83x19
                  text run at (9,22) width 83: "span=5 rows"
              RenderTableCell {TD} at (105,54) size 39x24 [bgcolor=#90EE90] [border: (1px inset #808080)] [r=2 c=1 rs=1 cs=1]
                RenderText {#text} at (2,2) size 30x19
                  text run at (2,2) width 30: "col 1"
              RenderTableCell {TD} at (146,54) size 39x24 [bgcolor=#90EE90] [border: (1px inset #808080)] [r=2 c=2 rs=1 cs=1]
                RenderText {#text} at (2,2) size 30x19
                  text run at (2,2) width 30: "col 2"
              RenderTableCell {TD} at (187,54) size 40x24 [bgcolor=#90EE90] [border: (1px inset #808080)] [r=2 c=3 rs=1 cs=1]
                RenderText {#text} at (2,2) size 30x19
                  text run at (2,2) width 30: "col 3"
              RenderTableCell {TD} at (229,54) size 40x24 [bgcolor=#90EE90] [border: (1px inset #808080)] [r=2 c=4 rs=1 cs=1]
                RenderText {#text} at (2,2) size 30x19
                  text run at (2,2) width 30: "col 4"
              RenderTableCell {TD} at (271,54) size 40x24 [bgcolor=#90EE90] [border: (1px inset #808080)] [r=2 c=5 rs=1 cs=1]
                RenderText {#text} at (2,2) size 30x19
                  text run at (2,2) width 30: "col 5"
              RenderTableCell {TD} at (313,54) size 40x24 [bgcolor=#90EE90] [border: (1px inset #808080)] [r=2 c=6 rs=1 cs=1]
                RenderText {#text} at (2,2) size 30x19
                  text run at (2,2) width 30: "col 6"
              RenderTableCell {TD} at (355,54) size 40x24 [bgcolor=#90EE90] [border: (1px inset #808080)] [r=2 c=7 rs=1 cs=1]
                RenderText {#text} at (2,2) size 30x19
                  text run at (2,2) width 30: "col 7"
              RenderTableCell {TD} at (397,54) size 40x24 [bgcolor=#90EE90] [border: (1px inset #808080)] [r=2 c=8 rs=1 cs=1]
                RenderText {#text} at (2,2) size 30x19
                  text run at (2,2) width 30: "col 8"
              RenderTableCell {TD} at (439,54) size 40x24 [bgcolor=#90EE90] [border: (1px inset #808080)] [r=2 c=9 rs=1 cs=1]
                RenderText {#text} at (2,2) size 30x19
                  text run at (2,2) width 30: "col 9"
            RenderTableRow {TR} at (0,80) size 481x24
              RenderTableCell {TD} at (105,80) size 39x24 [bgcolor=#90EE90] [border: (1px inset #808080)] [r=3 c=1 rs=1 cs=1]
                RenderText {#text} at (2,2) size 30x19
                  text run at (2,2) width 30: "col 1"
              RenderTableCell {TD} at (146,80) size 39x24 [bgcolor=#90EE90] [border: (1px inset #808080)] [r=3 c=2 rs=1 cs=1]
                RenderText {#text} at (2,2) size 30x19
                  text run at (2,2) width 30: "col 2"
              RenderTableCell {TD} at (187,80) size 40x24 [bgcolor=#90EE90] [border: (1px inset #808080)] [r=3 c=3 rs=1 cs=1]
                RenderText {#text} at (2,2) size 30x19
                  text run at (2,2) width 30: "col 3"
              RenderTableCell {TD} at (229,80) size 40x24 [bgcolor=#90EE90] [border: (1px inset #808080)] [r=3 c=4 rs=1 cs=1]
                RenderText {#text} at (2,2) size 30x19
                  text run at (2,2) width 30: "col 4"
              RenderTableCell {TD} at (271,80) size 40x24 [bgcolor=#90EE90] [border: (1px inset #808080)] [r=3 c=5 rs=1 cs=1]
                RenderText {#text} at (2,2) size 30x19
                  text run at (2,2) width 30: "col 5"
              RenderTableCell {TD} at (313,80) size 40x24 [bgcolor=#90EE90] [border: (1px inset #808080)] [r=3 c=6 rs=1 cs=1]
                RenderText {#text} at (2,2) size 30x19
                  text run at (2,2) width 30: "col 6"
              RenderTableCell {TD} at (355,80) size 40x24 [bgcolor=#90EE90] [border: (1px inset #808080)] [r=3 c=7 rs=1 cs=1]
                RenderText {#text} at (2,2) size 30x19
                  text run at (2,2) width 30: "col 7"
              RenderTableCell {TD} at (397,80) size 40x24 [bgcolor=#90EE90] [border: (1px inset #808080)] [r=3 c=8 rs=1 cs=1]
                RenderText {#text} at (2,2) size 30x19
                  text run at (2,2) width 30: "col 8"
              RenderTableCell {TD} at (439,80) size 40x24 [bgcolor=#90EE90] [border: (1px inset #808080)] [r=3 c=9 rs=1 cs=1]
                RenderText {#text} at (2,2) size 30x19
                  text run at (2,2) width 30: "col 9"
            RenderTableRow {TR} at (0,106) size 481x24 [bgcolor=#FFE4C4]
              RenderTableCell {TD} at (105,106) size 39x24 [bgcolor=#90EE90] [border: (1px inset #808080)] [r=4 c=1 rs=1 cs=1]
                RenderText {#text} at (2,2) size 30x19
                  text run at (2,2) width 30: "col 1"
              RenderTableCell {TD} at (146,106) size 39x24 [bgcolor=#90EE90] [border: (1px inset #808080)] [r=4 c=2 rs=1 cs=1]
                RenderText {#text} at (2,2) size 30x19
                  text run at (2,2) width 30: "col 2"
              RenderTableCell {TD} at (187,106) size 40x24 [bgcolor=#90EE90] [border: (1px inset #808080)] [r=4 c=3 rs=1 cs=1]
                RenderText {#text} at (2,2) size 30x19
                  text run at (2,2) width 30: "col 3"
              RenderTableCell {TD} at (229,106) size 40x24 [bgcolor=#90EE90] [border: (1px inset #808080)] [r=4 c=4 rs=1 cs=1]
                RenderText {#text} at (2,2) size 30x19
                  text run at (2,2) width 30: "col 4"
              RenderTableCell {TD} at (271,106) size 40x24 [bgcolor=#90EE90] [border: (1px inset #808080)] [r=4 c=5 rs=1 cs=1]
                RenderText {#text} at (2,2) size 30x19
                  text run at (2,2) width 30: "col 5"
              RenderTableCell {TD} at (313,106) size 40x24 [bgcolor=#90EE90] [border: (1px inset #808080)] [r=4 c=6 rs=1 cs=1]
                RenderText {#text} at (2,2) size 30x19
                  text run at (2,2) width 30: "col 6"
              RenderTableCell {TD} at (355,106) size 40x24 [bgcolor=#90EE90] [border: (1px inset #808080)] [r=4 c=7 rs=1 cs=1]
                RenderText {#text} at (2,2) size 30x19
                  text run at (2,2) width 30: "col 7"
              RenderTableCell {TD} at (397,106) size 40x24 [bgcolor=#90EE90] [border: (1px inset #808080)] [r=4 c=8 rs=1 cs=1]
                RenderText {#text} at (2,2) size 30x19
                  text run at (2,2) width 30: "col 8"
              RenderTableCell {TD} at (439,106) size 40x24 [bgcolor=#90EE90] [border: (1px inset #808080)] [r=4 c=9 rs=1 cs=1]
                RenderText {#text} at (2,2) size 30x19
                  text run at (2,2) width 30: "col 9"
            RenderTableRow {TR} at (0,132) size 481x24
              RenderTableCell {TD} at (105,132) size 39x24 [bgcolor=#90EE90] [border: (1px inset #808080)] [r=5 c=1 rs=1 cs=1]
                RenderText {#text} at (2,2) size 30x19
                  text run at (2,2) width 30: "col 1"
              RenderTableCell {TD} at (146,132) size 39x24 [bgcolor=#90EE90] [border: (1px inset #808080)] [r=5 c=2 rs=1 cs=1]
                RenderText {#text} at (2,2) size 30x19
                  text run at (2,2) width 30: "col 2"
              RenderTableCell {TD} at (187,132) size 40x24 [bgcolor=#90EE90] [border: (1px inset #808080)] [r=5 c=3 rs=1 cs=1]
                RenderText {#text} at (2,2) size 30x19
                  text run at (2,2) width 30: "col 3"
              RenderTableCell {TD} at (229,132) size 40x24 [bgcolor=#90EE90] [border: (1px inset #808080)] [r=5 c=4 rs=1 cs=1]
                RenderText {#text} at (2,2) size 30x19
                  text run at (2,2) width 30: "col 4"
              RenderTableCell {TD} at (271,132) size 40x24 [bgcolor=#90EE90] [border: (1px inset #808080)] [r=5 c=5 rs=1 cs=1]
                RenderText {#text} at (2,2) size 30x19
                  text run at (2,2) width 30: "col 5"
              RenderTableCell {TD} at (313,132) size 40x24 [bgcolor=#90EE90] [border: (1px inset #808080)] [r=5 c=6 rs=1 cs=1]
                RenderText {#text} at (2,2) size 30x19
                  text run at (2,2) width 30: "col 6"
              RenderTableCell {TD} at (355,132) size 40x24 [bgcolor=#90EE90] [border: (1px inset #808080)] [r=5 c=7 rs=1 cs=1]
                RenderText {#text} at (2,2) size 30x19
                  text run at (2,2) width 30: "col 7"
              RenderTableCell {TD} at (397,132) size 40x24 [bgcolor=#90EE90] [border: (1px inset #808080)] [r=5 c=8 rs=1 cs=1]
                RenderText {#text} at (2,2) size 30x19
                  text run at (2,2) width 30: "col 8"
              RenderTableCell {TD} at (439,132) size 40x24 [bgcolor=#90EE90] [border: (1px inset #808080)] [r=5 c=9 rs=1 cs=1]
                RenderText {#text} at (2,2) size 30x19
                  text run at (2,2) width 30: "col 9"
            RenderTableRow {TR} at (0,158) size 481x24
              RenderTableCell {TD} at (105,158) size 39x24 [bgcolor=#90EE90] [border: (1px inset #808080)] [r=6 c=1 rs=1 cs=1]
                RenderText {#text} at (2,2) size 30x19
                  text run at (2,2) width 30: "col 1"
              RenderTableCell {TD} at (146,158) size 39x24 [bgcolor=#90EE90] [border: (1px inset #808080)] [r=6 c=2 rs=1 cs=1]
                RenderText {#text} at (2,2) size 30x19
                  text run at (2,2) width 30: "col 2"
              RenderTableCell {TD} at (187,158) size 40x24 [bgcolor=#90EE90] [border: (1px inset #808080)] [r=6 c=3 rs=1 cs=1]
                RenderText {#text} at (2,2) size 30x19
                  text run at (2,2) width 30: "col 3"
              RenderTableCell {TD} at (229,158) size 40x24 [bgcolor=#90EE90] [border: (1px inset #808080)] [r=6 c=4 rs=1 cs=1]
                RenderText {#text} at (2,2) size 30x19
                  text run at (2,2) width 30: "col 4"
              RenderTableCell {TD} at (271,158) size 40x24 [bgcolor=#90EE90] [border: (1px inset #808080)] [r=6 c=5 rs=1 cs=1]
                RenderText {#text} at (2,2) size 30x19
                  text run at (2,2) width 30: "col 5"
              RenderTableCell {TD} at (313,158) size 40x24 [bgcolor=#90EE90] [border: (1px inset #808080)] [r=6 c=6 rs=1 cs=1]
                RenderText {#text} at (2,2) size 30x19
                  text run at (2,2) width 30: "col 6"
              RenderTableCell {TD} at (355,158) size 40x24 [bgcolor=#90EE90] [border: (1px inset #808080)] [r=6 c=7 rs=1 cs=1]
                RenderText {#text} at (2,2) size 30x19
                  text run at (2,2) width 30: "col 7"
              RenderTableCell {TD} at (397,158) size 40x24 [bgcolor=#90EE90] [border: (1px inset #808080)] [r=6 c=8 rs=1 cs=1]
                RenderText {#text} at (2,2) size 30x19
                  text run at (2,2) width 30: "col 8"
              RenderTableCell {TD} at (439,158) size 40x24 [bgcolor=#90EE90] [border: (1px inset #808080)] [r=6 c=9 rs=1 cs=1]
                RenderText {#text} at (2,2) size 30x19
                  text run at (2,2) width 30: "col 9"
            RenderTableRow {TR} at (0,184) size 481x24
              RenderTableCell {TH} at (2,200) size 101x44 [bgcolor=#FFE4C4] [border: (1px inset #808080)] [r=7 c=0 rs=3 cs=1]
                RenderText {#text} at (19,2) size 63x19
                  text run at (19,2) width 63: "Header 3"
                RenderBR {BR} at (81,17) size 1x0
                RenderText {#text} at (9,22) size 83x19
                  text run at (9,22) width 83: "span=3 rows"
              RenderTableCell {TD} at (105,184) size 39x24 [bgcolor=#ADD8E6] [border: (1px inset #808080)] [r=7 c=1 rs=1 cs=1]
                RenderText {#text} at (2,2) size 30x19
                  text run at (2,2) width 30: "col 1"
              RenderTableCell {TD} at (146,184) size 39x24 [bgcolor=#ADD8E6] [border: (1px inset #808080)] [r=7 c=2 rs=1 cs=1]
                RenderText {#text} at (2,2) size 30x19
                  text run at (2,2) width 30: "col 2"
              RenderTableCell {TD} at (187,184) size 40x24 [bgcolor=#ADD8E6] [border: (1px inset #808080)] [r=7 c=3 rs=1 cs=1]
                RenderText {#text} at (2,2) size 30x19
                  text run at (2,2) width 30: "col 3"
              RenderTableCell {TD} at (229,184) size 40x24 [bgcolor=#ADD8E6] [border: (1px inset #808080)] [r=7 c=4 rs=1 cs=1]
                RenderText {#text} at (2,2) size 30x19
                  text run at (2,2) width 30: "col 4"
              RenderTableCell {TD} at (271,184) size 40x24 [bgcolor=#ADD8E6] [border: (1px inset #808080)] [r=7 c=5 rs=1 cs=1]
                RenderText {#text} at (2,2) size 30x19
                  text run at (2,2) width 30: "col 5"
              RenderTableCell {TD} at (313,184) size 40x24 [bgcolor=#ADD8E6] [border: (1px inset #808080)] [r=7 c=6 rs=1 cs=1]
                RenderText {#text} at (2,2) size 30x19
                  text run at (2,2) width 30: "col 6"
              RenderTableCell {TD} at (355,184) size 40x24 [bgcolor=#ADD8E6] [border: (1px inset #808080)] [r=7 c=7 rs=1 cs=1]
                RenderText {#text} at (2,2) size 30x19
                  text run at (2,2) width 30: "col 7"
              RenderTableCell {TD} at (397,184) size 40x24 [bgcolor=#ADD8E6] [border: (1px inset #808080)] [r=7 c=8 rs=1 cs=1]
                RenderText {#text} at (2,2) size 30x19
                  text run at (2,2) width 30: "col 8"
              RenderTableCell {TD} at (439,184) size 40x24 [bgcolor=#ADD8E6] [border: (1px inset #808080)] [r=7 c=9 rs=1 cs=1]
                RenderText {#text} at (2,2) size 30x19
                  text run at (2,2) width 30: "col 9"
            RenderTableRow {TR} at (0,210) size 481x24
              RenderTableCell {TD} at (105,210) size 39x24 [bgcolor=#ADD8E6] [border: (1px inset #808080)] [r=8 c=1 rs=1 cs=1]
                RenderText {#text} at (2,2) size 30x19
                  text run at (2,2) width 30: "col 1"
              RenderTableCell {TD} at (146,210) size 39x24 [bgcolor=#ADD8E6] [border: (1px inset #808080)] [r=8 c=2 rs=1 cs=1]
                RenderText {#text} at (2,2) size 30x19
                  text run at (2,2) width 30: "col 2"
              RenderTableCell {TD} at (187,210) size 40x24 [bgcolor=#ADD8E6] [border: (1px inset #808080)] [r=8 c=3 rs=1 cs=1]
                RenderText {#text} at (2,2) size 30x19
                  text run at (2,2) width 30: "col 3"
              RenderTableCell {TD} at (229,210) size 40x24 [bgcolor=#ADD8E6] [border: (1px inset #808080)] [r=8 c=4 rs=1 cs=1]
                RenderText {#text} at (2,2) size 30x19
                  text run at (2,2) width 30: "col 4"
              RenderTableCell {TD} at (271,210) size 40x24 [bgcolor=#ADD8E6] [border: (1px inset #808080)] [r=8 c=5 rs=1 cs=1]
                RenderText {#text} at (2,2) size 30x19
                  text run at (2,2) width 30: "col 5"
              RenderTableCell {TD} at (313,210) size 40x24 [bgcolor=#ADD8E6] [border: (1px inset #808080)] [r=8 c=6 rs=1 cs=1]
                RenderText {#text} at (2,2) size 30x19
                  text run at (2,2) width 30: "col 6"
              RenderTableCell {TD} at (355,210) size 40x24 [bgcolor=#ADD8E6] [border: (1px inset #808080)] [r=8 c=7 rs=1 cs=1]
                RenderText {#text} at (2,2) size 30x19
                  text run at (2,2) width 30: "col 7"
              RenderTableCell {TD} at (397,210) size 40x24 [bgcolor=#ADD8E6] [border: (1px inset #808080)] [r=8 c=8 rs=1 cs=1]
                RenderText {#text} at (2,2) size 30x19
                  text run at (2,2) width 30: "col 8"
              RenderTableCell {TD} at (439,210) size 40x24 [bgcolor=#ADD8E6] [border: (1px inset #808080)] [r=8 c=9 rs=1 cs=1]
                RenderText {#text} at (2,2) size 30x19
                  text run at (2,2) width 30: "col 9"
            RenderTableRow {TR} at (0,236) size 481x24
              RenderTableCell {TD} at (105,236) size 39x24 [bgcolor=#ADD8E6] [border: (1px inset #808080)] [r=9 c=1 rs=1 cs=1]
                RenderText {#text} at (2,2) size 30x19
                  text run at (2,2) width 30: "col 1"
              RenderTableCell {TD} at (146,236) size 39x24 [bgcolor=#ADD8E6] [border: (1px inset #808080)] [r=9 c=2 rs=1 cs=1]
                RenderText {#text} at (2,2) size 30x19
                  text run at (2,2) width 30: "col 2"
              RenderTableCell {TD} at (187,236) size 40x24 [bgcolor=#ADD8E6] [border: (1px inset #808080)] [r=9 c=3 rs=1 cs=1]
                RenderText {#text} at (2,2) size 30x19
                  text run at (2,2) width 30: "col 3"
              RenderTableCell {TD} at (229,236) size 40x24 [bgcolor=#ADD8E6] [border: (1px inset #808080)] [r=9 c=4 rs=1 cs=1]
                RenderText {#text} at (2,2) size 30x19
                  text run at (2,2) width 30: "col 4"
              RenderTableCell {TD} at (271,236) size 40x24 [bgcolor=#ADD8E6] [border: (1px inset #808080)] [r=9 c=5 rs=1 cs=1]
                RenderText {#text} at (2,2) size 30x19
                  text run at (2,2) width 30: "col 5"
              RenderTableCell {TD} at (313,236) size 40x24 [bgcolor=#ADD8E6] [border: (1px inset #808080)] [r=9 c=6 rs=1 cs=1]
                RenderText {#text} at (2,2) size 30x19
                  text run at (2,2) width 30: "col 6"
              RenderTableCell {TD} at (355,236) size 40x24 [bgcolor=#ADD8E6] [border: (1px inset #808080)] [r=9 c=7 rs=1 cs=1]
                RenderText {#text} at (2,2) size 30x19
                  text run at (2,2) width 30: "col 7"
              RenderTableCell {TD} at (397,236) size 40x24 [bgcolor=#ADD8E6] [border: (1px inset #808080)] [r=9 c=8 rs=1 cs=1]
                RenderText {#text} at (2,2) size 30x19
                  text run at (2,2) width 30: "col 8"
              RenderTableCell {TD} at (439,236) size 40x24 [bgcolor=#ADD8E6] [border: (1px inset #808080)] [r=9 c=9 rs=1 cs=1]
                RenderText {#text} at (2,2) size 30x19
                  text run at (2,2) width 30: "col 9"
      RenderBlock {P} at (0,1137) size 784x1
      RenderBlock {HR} at (0,1137) size 784x3 [border: (1px inset #000000)]
      RenderBlock {P} at (0,1155) size 784x49
        RenderTable {TABLE} at (0,0) size 666x48 [bgcolor=#F08080] [border: (1px outset #808080)]
          RenderTableSection {TBODY} at (1,1) size 664x46
            RenderTableRow {TR} at (0,2) size 664x42
              RenderTableCell {TH} at (2,2) size 660x42 [border: (1px inset #808080)] [r=0 c=0 rs=1 cs=1]
                RenderInline {A} at (0,0) size 0x0
                RenderText {#text} at (11,11) size 97x19
                  text run at (11,11) width 97: "Test Case #2: "
                RenderInline {FONT} at (0,0) size 286x19 [color=#0000FF]
                  RenderText {#text} at (108,11) size 286x19
                    text run at (108,11) width 286: "table with data cells spanning multiple rows"
                RenderText {#text} at (394,11) size 4x19
                  text run at (394,11) width 4: " "
                RenderInline {FONT} at (0,0) size 238x15
                  RenderInline {I} at (0,0) size 238x16
                    RenderText {#text} at (398,14) size 238x16
                      text run at (398,14) width 238: "(using <TD ROWSPAN=integer value> tag)"
                RenderText {#text} at (0,0) size 0x0
      RenderBlock {P} at (0,1219) size 784x129
        RenderBlock (anonymous) at (0,0) size 784x20
          RenderBR {BR} at (0,0) size 0x19
        RenderTable {TABLE} at (0,20) size 705x108 [bgcolor=#FFD700] [border: (1px outset #808080)]
          RenderTableSection {TBODY} at (1,1) size 703x106
            RenderTableRow {TR} at (0,2) size 703x102
              RenderTableCell {TD} at (2,2) size 699x102 [border: (1px inset #808080)] [r=0 c=0 rs=1 cs=1]
                RenderInline {FONT} at (0,0) size 668x79 [color=#FF0000]
                  RenderInline {B} at (0,0) size 668x79
                    RenderText {#text} at (11,11) size 351x19
                      text run at (11,11) width 351: "In the following sample table you should see that the "
                    RenderInline {FONT} at (0,0) size 80x19 [color=#0000FF]
                      RenderText {#text} at (362,11) size 80x19
                        text run at (362,11) width 80: "ROWSPAN"
                    RenderText {#text} at (442,11) size 654x39
                      text run at (442,11) width 4: " "
                      text run at (446,11) width 219: "attribute applies an integer value"
                      text run at (11,31) width 213: "equal to the number of rows the "
                    RenderInline {FONT} at (0,0) size 44x19 [color=#0000FF]
                      RenderText {#text} at (224,31) size 44x19
                        text run at (224,31) width 44: "DATA"
                    RenderText {#text} at (268,31) size 668x59
                      text run at (268,31) width 135: " cell is to span. This "
                      text run at (403,31) width 263: "tells the browser to make the table data"
                      text run at (11,51) width 551: "cell occupy the same vertical space as the integer number of cells specified in rows "
                      text run at (562,51) width 117: "above or below it."
                      text run at (11,71) width 578: "The browser flows the contents of the spanning cell to occupy the entire spanned space."
      RenderBlock {P} at (0,1363) size 784x41
        RenderBR {BR} at (0,0) size 0x19
        RenderBR {BR} at (0,20) size 0x19
      RenderBlock {UL} at (0,1419) size 784x285
        RenderTable {TABLE} at (40,0) size 483x284 [border: (1px outset #808080)]
          RenderBlock {CAPTION} at (0,0) size 483x20
            RenderText {#text} at (117,0) size 38x19
              text run at (117,0) width 38: "Table "
            RenderInline {B} at (0,0) size 71x19
              RenderText {#text} at (155,0) size 71x19
                text run at (155,0) width 71: "Data Cells"
            RenderText {#text} at (226,0) size 140x19
              text run at (226,0) width 140: " spanning multiple rows"
          RenderTableSection {TBODY} at (1,21) size 481x262
            RenderTableRow {TR} at (0,2) size 481x24
              RenderTableCell {TH} at (2,2) size 42x24 [bgcolor=#EE82EE] [border: (1px inset #808080)] [r=0 c=0 rs=1 cs=1]
                RenderText {#text} at (3,2) size 36x19
                  text run at (3,2) width 36: "Head"
              RenderTableCell {TD} at (46,5) size 88x44 [bgcolor=#FFFACD] [border: (1px inset #808080)] [r=0 c=1 rs=2 cs=1]
                RenderText {#text} at (2,2) size 41x19
                  text run at (2,2) width 41: "Data 1"
                RenderBR {BR} at (43,17) size 0x0
                RenderText {#text} at (2,22) size 79x19
                  text run at (2,22) width 79: "span=2 rows"
              RenderTableCell {TD} at (136,2) size 36x24 [bgcolor=#EE82EE] [border: (1px inset #808080)] [r=0 c=2 rs=1 cs=1]
                RenderText {#text} at (2,2) size 30x19
                  text run at (2,2) width 30: "col 1"
              RenderTableCell {TD} at (174,2) size 36x24 [bgcolor=#EE82EE] [border: (1px inset #808080)] [r=0 c=3 rs=1 cs=1]
                RenderText {#text} at (2,2) size 30x19
                  text run at (2,2) width 30: "col 2"
              RenderTableCell {TD} at (212,2) size 36x24 [bgcolor=#EE82EE] [border: (1px inset #808080)] [r=0 c=4 rs=1 cs=1]
                RenderText {#text} at (2,2) size 30x19
                  text run at (2,2) width 30: "col 3"
              RenderTableCell {TD} at (250,2) size 36x24 [bgcolor=#EE82EE] [border: (1px inset #808080)] [r=0 c=5 rs=1 cs=1]
                RenderText {#text} at (2,2) size 30x19
                  text run at (2,2) width 30: "col 4"
              RenderTableCell {TD} at (288,2) size 36x24 [bgcolor=#EE82EE] [border: (1px inset #808080)] [r=0 c=6 rs=1 cs=1]
                RenderText {#text} at (2,2) size 30x19
                  text run at (2,2) width 30: "col 5"
              RenderTableCell {TD} at (326,2) size 36x24 [bgcolor=#EE82EE] [border: (1px inset #808080)] [r=0 c=7 rs=1 cs=1]
                RenderText {#text} at (2,2) size 30x19
                  text run at (2,2) width 30: "col 6"
              RenderTableCell {TD} at (364,2) size 37x24 [bgcolor=#EE82EE] [border: (1px inset #808080)] [r=0 c=8 rs=1 cs=1]
                RenderText {#text} at (2,2) size 30x19
                  text run at (2,2) width 30: "col 7"
              RenderTableCell {TD} at (403,2) size 37x24 [bgcolor=#EE82EE] [border: (1px inset #808080)] [r=0 c=9 rs=1 cs=1]
                RenderText {#text} at (2,2) size 30x19
                  text run at (2,2) width 30: "col 8"
              RenderTableCell {TD} at (442,2) size 37x24 [bgcolor=#EE82EE] [border: (1px inset #808080)] [r=0 c=10 rs=1 cs=1]
                RenderText {#text} at (2,2) size 30x19
                  text run at (2,2) width 30: "col 9"
            RenderTableRow {TR} at (0,28) size 481x24
              RenderTableCell {TH} at (2,28) size 42x24 [bgcolor=#EE82EE] [border: (1px inset #808080)] [r=1 c=0 rs=1 cs=1]
                RenderText {#text} at (3,2) size 36x19
                  text run at (3,2) width 36: "Head"
              RenderTableCell {TD} at (136,28) size 36x24 [bgcolor=#EE82EE] [border: (1px inset #808080)] [r=1 c=2 rs=1 cs=1]
                RenderText {#text} at (2,2) size 30x19
                  text run at (2,2) width 30: "col 1"
              RenderTableCell {TD} at (174,28) size 36x24 [bgcolor=#EE82EE] [border: (1px inset #808080)] [r=1 c=3 rs=1 cs=1]
                RenderText {#text} at (2,2) size 30x19
                  text run at (2,2) width 30: "col 2"
              RenderTableCell {TD} at (212,28) size 36x24 [bgcolor=#EE82EE] [border: (1px inset #808080)] [r=1 c=4 rs=1 cs=1]
                RenderText {#text} at (2,2) size 30x19
                  text run at (2,2) width 30: "col 3"
              RenderTableCell {TD} at (250,28) size 36x24 [bgcolor=#EE82EE] [border: (1px inset #808080)] [r=1 c=5 rs=1 cs=1]
                RenderText {#text} at (2,2) size 30x19
                  text run at (2,2) width 30: "col 4"
              RenderTableCell {TD} at (288,28) size 36x24 [bgcolor=#EE82EE] [border: (1px inset #808080)] [r=1 c=6 rs=1 cs=1]
                RenderText {#text} at (2,2) size 30x19
                  text run at (2,2) width 30: "col 5"
              RenderTableCell {TD} at (326,28) size 36x24 [bgcolor=#EE82EE] [border: (1px inset #808080)] [r=1 c=7 rs=1 cs=1]
                RenderText {#text} at (2,2) size 30x19
                  text run at (2,2) width 30: "col 6"
              RenderTableCell {TD} at (364,28) size 37x24 [bgcolor=#EE82EE] [border: (1px inset #808080)] [r=1 c=8 rs=1 cs=1]
                RenderText {#text} at (2,2) size 30x19
                  text run at (2,2) width 30: "col 7"
              RenderTableCell {TD} at (403,28) size 37x24 [bgcolor=#EE82EE] [border: (1px inset #808080)] [r=1 c=9 rs=1 cs=1]
                RenderText {#text} at (2,2) size 30x19
                  text run at (2,2) width 30: "col 8"
              RenderTableCell {TD} at (442,28) size 37x24 [bgcolor=#EE82EE] [border: (1px inset #808080)] [r=1 c=10 rs=1 cs=1]
                RenderText {#text} at (2,2) size 30x19
                  text run at (2,2) width 30: "col 9"
            RenderTableRow {TR} at (0,54) size 481x24
              RenderTableCell {TH} at (2,54) size 42x24 [bgcolor=#90EE90] [border: (1px inset #808080)] [r=2 c=0 rs=1 cs=1]
                RenderText {#text} at (3,2) size 36x19
                  text run at (3,2) width 36: "Head"
              RenderTableCell {TD} at (46,96) size 88x44 [bgcolor=#FFFACD] [border: (1px inset #808080)] [r=2 c=1 rs=5 cs=1]
                RenderText {#text} at (2,2) size 41x19
                  text run at (2,2) width 41: "Data 2"
                RenderBR {BR} at (43,17) size 0x0
                RenderText {#text} at (2,22) size 79x19
                  text run at (2,22) width 79: "span=5 rows"
              RenderTableCell {TD} at (136,54) size 36x24 [bgcolor=#90EE90] [border: (1px inset #808080)] [r=2 c=2 rs=1 cs=1]
                RenderText {#text} at (2,2) size 30x19
                  text run at (2,2) width 30: "col 1"
              RenderTableCell {TD} at (174,54) size 36x24 [bgcolor=#90EE90] [border: (1px inset #808080)] [r=2 c=3 rs=1 cs=1]
                RenderText {#text} at (2,2) size 30x19
                  text run at (2,2) width 30: "col 2"
              RenderTableCell {TD} at (212,54) size 36x24 [bgcolor=#90EE90] [border: (1px inset #808080)] [r=2 c=4 rs=1 cs=1]
                RenderText {#text} at (2,2) size 30x19
                  text run at (2,2) width 30: "col 3"
              RenderTableCell {TD} at (250,54) size 36x24 [bgcolor=#90EE90] [border: (1px inset #808080)] [r=2 c=5 rs=1 cs=1]
                RenderText {#text} at (2,2) size 30x19
                  text run at (2,2) width 30: "col 4"
              RenderTableCell {TD} at (288,54) size 36x24 [bgcolor=#90EE90] [border: (1px inset #808080)] [r=2 c=6 rs=1 cs=1]
                RenderText {#text} at (2,2) size 30x19
                  text run at (2,2) width 30: "col 5"
              RenderTableCell {TD} at (326,54) size 36x24 [bgcolor=#90EE90] [border: (1px inset #808080)] [r=2 c=7 rs=1 cs=1]
                RenderText {#text} at (2,2) size 30x19
                  text run at (2,2) width 30: "col 6"
              RenderTableCell {TD} at (364,54) size 37x24 [bgcolor=#90EE90] [border: (1px inset #808080)] [r=2 c=8 rs=1 cs=1]
                RenderText {#text} at (2,2) size 30x19
                  text run at (2,2) width 30: "col 7"
              RenderTableCell {TD} at (403,54) size 37x24 [bgcolor=#90EE90] [border: (1px inset #808080)] [r=2 c=9 rs=1 cs=1]
                RenderText {#text} at (2,2) size 30x19
                  text run at (2,2) width 30: "col 8"
              RenderTableCell {TD} at (442,54) size 37x24 [bgcolor=#90EE90] [border: (1px inset #808080)] [r=2 c=10 rs=1 cs=1]
                RenderText {#text} at (2,2) size 30x19
                  text run at (2,2) width 30: "col 9"
            RenderTableRow {TR} at (0,80) size 481x24
              RenderTableCell {TH} at (2,80) size 42x24 [bgcolor=#90EE90] [border: (1px inset #808080)] [r=3 c=0 rs=1 cs=1]
                RenderText {#text} at (3,2) size 36x19
                  text run at (3,2) width 36: "Head"
              RenderTableCell {TD} at (136,80) size 36x24 [bgcolor=#90EE90] [border: (1px inset #808080)] [r=3 c=2 rs=1 cs=1]
                RenderText {#text} at (2,2) size 30x19
                  text run at (2,2) width 30: "col 1"
              RenderTableCell {TD} at (174,80) size 36x24 [bgcolor=#90EE90] [border: (1px inset #808080)] [r=3 c=3 rs=1 cs=1]
                RenderText {#text} at (2,2) size 30x19
                  text run at (2,2) width 30: "col 2"
              RenderTableCell {TD} at (212,80) size 36x24 [bgcolor=#90EE90] [border: (1px inset #808080)] [r=3 c=4 rs=1 cs=1]
                RenderText {#text} at (2,2) size 30x19
                  text run at (2,2) width 30: "col 3"
              RenderTableCell {TD} at (250,80) size 36x24 [bgcolor=#90EE90] [border: (1px inset #808080)] [r=3 c=5 rs=1 cs=1]
                RenderText {#text} at (2,2) size 30x19
                  text run at (2,2) width 30: "col 4"
              RenderTableCell {TD} at (288,80) size 36x24 [bgcolor=#90EE90] [border: (1px inset #808080)] [r=3 c=6 rs=1 cs=1]
                RenderText {#text} at (2,2) size 30x19
                  text run at (2,2) width 30: "col 5"
              RenderTableCell {TD} at (326,80) size 36x24 [bgcolor=#90EE90] [border: (1px inset #808080)] [r=3 c=7 rs=1 cs=1]
                RenderText {#text} at (2,2) size 30x19
                  text run at (2,2) width 30: "col 6"
              RenderTableCell {TD} at (364,80) size 37x24 [bgcolor=#90EE90] [border: (1px inset #808080)] [r=3 c=8 rs=1 cs=1]
                RenderText {#text} at (2,2) size 30x19
                  text run at (2,2) width 30: "col 7"
              RenderTableCell {TD} at (403,80) size 37x24 [bgcolor=#90EE90] [border: (1px inset #808080)] [r=3 c=9 rs=1 cs=1]
                RenderText {#text} at (2,2) size 30x19
                  text run at (2,2) width 30: "col 8"
              RenderTableCell {TD} at (442,80) size 37x24 [bgcolor=#90EE90] [border: (1px inset #808080)] [r=3 c=10 rs=1 cs=1]
                RenderText {#text} at (2,2) size 30x19
                  text run at (2,2) width 30: "col 9"
            RenderTableRow {TR} at (0,106) size 481x24
              RenderTableCell {TH} at (2,106) size 42x24 [bgcolor=#90EE90] [border: (1px inset #808080)] [r=4 c=0 rs=1 cs=1]
                RenderText {#text} at (3,2) size 36x19
                  text run at (3,2) width 36: "Head"
              RenderTableCell {TD} at (136,106) size 36x24 [bgcolor=#90EE90] [border: (1px inset #808080)] [r=4 c=2 rs=1 cs=1]
                RenderText {#text} at (2,2) size 30x19
                  text run at (2,2) width 30: "col 1"
              RenderTableCell {TD} at (174,106) size 36x24 [bgcolor=#90EE90] [border: (1px inset #808080)] [r=4 c=3 rs=1 cs=1]
                RenderText {#text} at (2,2) size 30x19
                  text run at (2,2) width 30: "col 2"
              RenderTableCell {TD} at (212,106) size 36x24 [bgcolor=#90EE90] [border: (1px inset #808080)] [r=4 c=4 rs=1 cs=1]
                RenderText {#text} at (2,2) size 30x19
                  text run at (2,2) width 30: "col 3"
              RenderTableCell {TD} at (250,106) size 36x24 [bgcolor=#90EE90] [border: (1px inset #808080)] [r=4 c=5 rs=1 cs=1]
                RenderText {#text} at (2,2) size 30x19
                  text run at (2,2) width 30: "col 4"
              RenderTableCell {TD} at (288,106) size 36x24 [bgcolor=#90EE90] [border: (1px inset #808080)] [r=4 c=6 rs=1 cs=1]
                RenderText {#text} at (2,2) size 30x19
                  text run at (2,2) width 30: "col 5"
              RenderTableCell {TD} at (326,106) size 36x24 [bgcolor=#90EE90] [border: (1px inset #808080)] [r=4 c=7 rs=1 cs=1]
                RenderText {#text} at (2,2) size 30x19
                  text run at (2,2) width 30: "col 6"
              RenderTableCell {TD} at (364,106) size 37x24 [bgcolor=#90EE90] [border: (1px inset #808080)] [r=4 c=8 rs=1 cs=1]
                RenderText {#text} at (2,2) size 30x19
                  text run at (2,2) width 30: "col 7"
              RenderTableCell {TD} at (403,106) size 37x24 [bgcolor=#90EE90] [border: (1px inset #808080)] [r=4 c=9 rs=1 cs=1]
                RenderText {#text} at (2,2) size 30x19
                  text run at (2,2) width 30: "col 8"
              RenderTableCell {TD} at (442,106) size 37x24 [bgcolor=#90EE90] [border: (1px inset #808080)] [r=4 c=10 rs=1 cs=1]
                RenderText {#text} at (2,2) size 30x19
                  text run at (2,2) width 30: "col 9"
            RenderTableRow {TR} at (0,132) size 481x24
              RenderTableCell {TH} at (2,132) size 42x24 [bgcolor=#90EE90] [border: (1px inset #808080)] [r=5 c=0 rs=1 cs=1]
                RenderText {#text} at (3,2) size 36x19
                  text run at (3,2) width 36: "Head"
              RenderTableCell {TD} at (136,132) size 36x24 [bgcolor=#90EE90] [border: (1px inset #808080)] [r=5 c=2 rs=1 cs=1]
                RenderText {#text} at (2,2) size 30x19
                  text run at (2,2) width 30: "col 1"
              RenderTableCell {TD} at (174,132) size 36x24 [bgcolor=#90EE90] [border: (1px inset #808080)] [r=5 c=3 rs=1 cs=1]
                RenderText {#text} at (2,2) size 30x19
                  text run at (2,2) width 30: "col 2"
              RenderTableCell {TD} at (212,132) size 36x24 [bgcolor=#90EE90] [border: (1px inset #808080)] [r=5 c=4 rs=1 cs=1]
                RenderText {#text} at (2,2) size 30x19
                  text run at (2,2) width 30: "col 3"
              RenderTableCell {TD} at (250,132) size 36x24 [bgcolor=#90EE90] [border: (1px inset #808080)] [r=5 c=5 rs=1 cs=1]
                RenderText {#text} at (2,2) size 30x19
                  text run at (2,2) width 30: "col 4"
              RenderTableCell {TD} at (288,132) size 36x24 [bgcolor=#90EE90] [border: (1px inset #808080)] [r=5 c=6 rs=1 cs=1]
                RenderText {#text} at (2,2) size 30x19
                  text run at (2,2) width 30: "col 5"
              RenderTableCell {TD} at (326,132) size 36x24 [bgcolor=#90EE90] [border: (1px inset #808080)] [r=5 c=7 rs=1 cs=1]
                RenderText {#text} at (2,2) size 30x19
                  text run at (2,2) width 30: "col 6"
              RenderTableCell {TD} at (364,132) size 37x24 [bgcolor=#90EE90] [border: (1px inset #808080)] [r=5 c=8 rs=1 cs=1]
                RenderText {#text} at (2,2) size 30x19
                  text run at (2,2) width 30: "col 7"
              RenderTableCell {TD} at (403,132) size 37x24 [bgcolor=#90EE90] [border: (1px inset #808080)] [r=5 c=9 rs=1 cs=1]
                RenderText {#text} at (2,2) size 30x19
                  text run at (2,2) width 30: "col 8"
              RenderTableCell {TD} at (442,132) size 37x24 [bgcolor=#90EE90] [border: (1px inset #808080)] [r=5 c=10 rs=1 cs=1]
                RenderText {#text} at (2,2) size 30x19
                  text run at (2,2) width 30: "col 9"
            RenderTableRow {TR} at (0,158) size 481x24
              RenderTableCell {TH} at (2,158) size 42x24 [bgcolor=#90EE90] [border: (1px inset #808080)] [r=6 c=0 rs=1 cs=1]
                RenderText {#text} at (3,2) size 36x19
                  text run at (3,2) width 36: "Head"
              RenderTableCell {TD} at (136,158) size 36x24 [bgcolor=#90EE90] [border: (1px inset #808080)] [r=6 c=2 rs=1 cs=1]
                RenderText {#text} at (2,2) size 30x19
                  text run at (2,2) width 30: "col 1"
              RenderTableCell {TD} at (174,158) size 36x24 [bgcolor=#90EE90] [border: (1px inset #808080)] [r=6 c=3 rs=1 cs=1]
                RenderText {#text} at (2,2) size 30x19
                  text run at (2,2) width 30: "col 2"
              RenderTableCell {TD} at (212,158) size 36x24 [bgcolor=#90EE90] [border: (1px inset #808080)] [r=6 c=4 rs=1 cs=1]
                RenderText {#text} at (2,2) size 30x19
                  text run at (2,2) width 30: "col 3"
              RenderTableCell {TD} at (250,158) size 36x24 [bgcolor=#90EE90] [border: (1px inset #808080)] [r=6 c=5 rs=1 cs=1]
                RenderText {#text} at (2,2) size 30x19
                  text run at (2,2) width 30: "col 4"
              RenderTableCell {TD} at (288,158) size 36x24 [bgcolor=#90EE90] [border: (1px inset #808080)] [r=6 c=6 rs=1 cs=1]
                RenderText {#text} at (2,2) size 30x19
                  text run at (2,2) width 30: "col 5"
              RenderTableCell {TD} at (326,158) size 36x24 [bgcolor=#90EE90] [border: (1px inset #808080)] [r=6 c=7 rs=1 cs=1]
                RenderText {#text} at (2,2) size 30x19
                  text run at (2,2) width 30: "col 6"
              RenderTableCell {TD} at (364,158) size 37x24 [bgcolor=#90EE90] [border: (1px inset #808080)] [r=6 c=8 rs=1 cs=1]
                RenderText {#text} at (2,2) size 30x19
                  text run at (2,2) width 30: "col 7"
              RenderTableCell {TD} at (403,158) size 37x24 [bgcolor=#90EE90] [border: (1px inset #808080)] [r=6 c=9 rs=1 cs=1]
                RenderText {#text} at (2,2) size 30x19
                  text run at (2,2) width 30: "col 8"
              RenderTableCell {TD} at (442,158) size 37x24 [bgcolor=#90EE90] [border: (1px inset #808080)] [r=6 c=10 rs=1 cs=1]
                RenderText {#text} at (2,2) size 30x19
                  text run at (2,2) width 30: "col 9"
            RenderTableRow {TR} at (0,184) size 481x24
              RenderTableCell {TH} at (2,184) size 42x24 [bgcolor=#ADD8E6] [border: (1px inset #808080)] [r=7 c=0 rs=1 cs=1]
                RenderText {#text} at (3,2) size 36x19
                  text run at (3,2) width 36: "Head"
              RenderTableCell {TD} at (46,200) size 88x44 [bgcolor=#FFFACD] [border: (1px inset #808080)] [r=7 c=1 rs=3 cs=1]
                RenderText {#text} at (2,2) size 41x19
                  text run at (2,2) width 41: "Data 3"
                RenderBR {BR} at (43,17) size 0x0
                RenderText {#text} at (2,22) size 79x19
                  text run at (2,22) width 79: "span=3 rows"
              RenderTableCell {TD} at (136,184) size 36x24 [bgcolor=#ADD8E6] [border: (1px inset #808080)] [r=7 c=2 rs=1 cs=1]
                RenderText {#text} at (2,2) size 30x19
                  text run at (2,2) width 30: "col 1"
              RenderTableCell {TD} at (174,184) size 36x24 [bgcolor=#ADD8E6] [border: (1px inset #808080)] [r=7 c=3 rs=1 cs=1]
                RenderText {#text} at (2,2) size 30x19
                  text run at (2,2) width 30: "col 2"
              RenderTableCell {TD} at (212,184) size 36x24 [bgcolor=#ADD8E6] [border: (1px inset #808080)] [r=7 c=4 rs=1 cs=1]
                RenderText {#text} at (2,2) size 30x19
                  text run at (2,2) width 30: "col 3"
              RenderTableCell {TD} at (250,184) size 36x24 [bgcolor=#ADD8E6] [border: (1px inset #808080)] [r=7 c=5 rs=1 cs=1]
                RenderText {#text} at (2,2) size 30x19
                  text run at (2,2) width 30: "col 4"
              RenderTableCell {TD} at (288,184) size 36x24 [bgcolor=#ADD8E6] [border: (1px inset #808080)] [r=7 c=6 rs=1 cs=1]
                RenderText {#text} at (2,2) size 30x19
                  text run at (2,2) width 30: "col 5"
              RenderTableCell {TD} at (326,184) size 36x24 [bgcolor=#ADD8E6] [border: (1px inset #808080)] [r=7 c=7 rs=1 cs=1]
                RenderText {#text} at (2,2) size 30x19
                  text run at (2,2) width 30: "col 6"
              RenderTableCell {TD} at (364,184) size 37x24 [bgcolor=#ADD8E6] [border: (1px inset #808080)] [r=7 c=8 rs=1 cs=1]
                RenderText {#text} at (2,2) size 30x19
                  text run at (2,2) width 30: "col 7"
              RenderTableCell {TD} at (403,184) size 37x24 [bgcolor=#ADD8E6] [border: (1px inset #808080)] [r=7 c=9 rs=1 cs=1]
                RenderText {#text} at (2,2) size 30x19
                  text run at (2,2) width 30: "col 8"
              RenderTableCell {TD} at (442,184) size 37x24 [bgcolor=#ADD8E6] [border: (1px inset #808080)] [r=7 c=10 rs=1 cs=1]
                RenderText {#text} at (2,2) size 30x19
                  text run at (2,2) width 30: "col 9"
            RenderTableRow {TR} at (0,210) size 481x24
              RenderTableCell {TH} at (2,210) size 42x24 [bgcolor=#ADD8E6] [border: (1px inset #808080)] [r=8 c=0 rs=1 cs=1]
                RenderText {#text} at (3,2) size 36x19
                  text run at (3,2) width 36: "Head"
              RenderTableCell {TD} at (136,210) size 36x24 [bgcolor=#ADD8E6] [border: (1px inset #808080)] [r=8 c=2 rs=1 cs=1]
                RenderText {#text} at (2,2) size 30x19
                  text run at (2,2) width 30: "col 1"
              RenderTableCell {TD} at (174,210) size 36x24 [bgcolor=#ADD8E6] [border: (1px inset #808080)] [r=8 c=3 rs=1 cs=1]
                RenderText {#text} at (2,2) size 30x19
                  text run at (2,2) width 30: "col 2"
              RenderTableCell {TD} at (212,210) size 36x24 [bgcolor=#ADD8E6] [border: (1px inset #808080)] [r=8 c=4 rs=1 cs=1]
                RenderText {#text} at (2,2) size 30x19
                  text run at (2,2) width 30: "col 3"
              RenderTableCell {TD} at (250,210) size 36x24 [bgcolor=#ADD8E6] [border: (1px inset #808080)] [r=8 c=5 rs=1 cs=1]
                RenderText {#text} at (2,2) size 30x19
                  text run at (2,2) width 30: "col 4"
              RenderTableCell {TD} at (288,210) size 36x24 [bgcolor=#ADD8E6] [border: (1px inset #808080)] [r=8 c=6 rs=1 cs=1]
                RenderText {#text} at (2,2) size 30x19
                  text run at (2,2) width 30: "col 5"
              RenderTableCell {TD} at (326,210) size 36x24 [bgcolor=#ADD8E6] [border: (1px inset #808080)] [r=8 c=7 rs=1 cs=1]
                RenderText {#text} at (2,2) size 30x19
                  text run at (2,2) width 30: "col 6"
              RenderTableCell {TD} at (364,210) size 37x24 [bgcolor=#ADD8E6] [border: (1px inset #808080)] [r=8 c=8 rs=1 cs=1]
                RenderText {#text} at (2,2) size 30x19
                  text run at (2,2) width 30: "col 7"
              RenderTableCell {TD} at (403,210) size 37x24 [bgcolor=#ADD8E6] [border: (1px inset #808080)] [r=8 c=9 rs=1 cs=1]
                RenderText {#text} at (2,2) size 30x19
                  text run at (2,2) width 30: "col 8"
              RenderTableCell {TD} at (442,210) size 37x24 [bgcolor=#ADD8E6] [border: (1px inset #808080)] [r=8 c=10 rs=1 cs=1]
                RenderText {#text} at (2,2) size 30x19
                  text run at (2,2) width 30: "col 9"
            RenderTableRow {TR} at (0,236) size 481x24
              RenderTableCell {TH} at (2,236) size 42x24 [bgcolor=#ADD8E6] [border: (1px inset #808080)] [r=9 c=0 rs=1 cs=1]
                RenderText {#text} at (3,2) size 36x19
                  text run at (3,2) width 36: "Head"
              RenderTableCell {TD} at (136,236) size 36x24 [bgcolor=#ADD8E6] [border: (1px inset #808080)] [r=9 c=2 rs=1 cs=1]
                RenderText {#text} at (2,2) size 30x19
                  text run at (2,2) width 30: "col 1"
              RenderTableCell {TD} at (174,236) size 36x24 [bgcolor=#ADD8E6] [border: (1px inset #808080)] [r=9 c=3 rs=1 cs=1]
                RenderText {#text} at (2,2) size 30x19
                  text run at (2,2) width 30: "col 2"
              RenderTableCell {TD} at (212,236) size 36x24 [bgcolor=#ADD8E6] [border: (1px inset #808080)] [r=9 c=4 rs=1 cs=1]
                RenderText {#text} at (2,2) size 30x19
                  text run at (2,2) width 30: "col 3"
              RenderTableCell {TD} at (250,236) size 36x24 [bgcolor=#ADD8E6] [border: (1px inset #808080)] [r=9 c=5 rs=1 cs=1]
                RenderText {#text} at (2,2) size 30x19
                  text run at (2,2) width 30: "col 4"
              RenderTableCell {TD} at (288,236) size 36x24 [bgcolor=#ADD8E6] [border: (1px inset #808080)] [r=9 c=6 rs=1 cs=1]
                RenderText {#text} at (2,2) size 30x19
                  text run at (2,2) width 30: "col 5"
              RenderTableCell {TD} at (326,236) size 36x24 [bgcolor=#ADD8E6] [border: (1px inset #808080)] [r=9 c=7 rs=1 cs=1]
                RenderText {#text} at (2,2) size 30x19
                  text run at (2,2) width 30: "col 6"
              RenderTableCell {TD} at (364,236) size 37x24 [bgcolor=#ADD8E6] [border: (1px inset #808080)] [r=9 c=8 rs=1 cs=1]
                RenderText {#text} at (2,2) size 30x19
                  text run at (2,2) width 30: "col 7"
              RenderTableCell {TD} at (403,236) size 37x24 [bgcolor=#ADD8E6] [border: (1px inset #808080)] [r=9 c=9 rs=1 cs=1]
                RenderText {#text} at (2,2) size 30x19
                  text run at (2,2) width 30: "col 8"
              RenderTableCell {TD} at (442,236) size 37x24 [bgcolor=#ADD8E6] [border: (1px inset #808080)] [r=9 c=10 rs=1 cs=1]
                RenderText {#text} at (2,2) size 30x19
                  text run at (2,2) width 30: "col 9"
      RenderBlock {P} at (0,1719) size 784x1
      RenderBlock {HR} at (0,1719) size 784x3 [border: (1px inset #000000)]
      RenderBlock {P} at (0,1737) size 784x66
        RenderTable {TABLE} at (0,0) size 666x65 [bgcolor=#F08080] [border: (1px outset #808080)]
          RenderTableSection {TBODY} at (1,1) size 664x63
            RenderTableRow {TR} at (0,2) size 664x59
              RenderTableCell {TH} at (2,2) size 660x59 [border: (1px inset #808080)] [r=0 c=0 rs=1 cs=1]
                RenderInline {A} at (0,0) size 0x0
                RenderText {#text} at (11,11) size 97x19
                  text run at (11,11) width 97: "Test Case #3: "
                RenderInline {FONT} at (0,0) size 401x19 [color=#0000FF]
                  RenderText {#text} at (108,11) size 401x19
                    text run at (108,11) width 401: "table with nested header & data cells spanning multiple rows"
                RenderText {#text} at (509,11) size 4x19
                  text run at (509,11) width 4: " "
                RenderInline {FONT} at (0,0) size 564x32
                  RenderInline {I} at (0,0) size 564x33
                    RenderText {#text} at (513,14) size 564x33
                      text run at (513,14) width 62: "(using <TH"
                      text run at (11,31) width 353: "ROWSPAN=integer value> <TD ROWSPAN=integer value> tag)"
                RenderText {#text} at (0,0) size 0x0
      RenderBlock {P} at (0,1818) size 784x41
        RenderBR {BR} at (0,0) size 0x19
        RenderBR {BR} at (0,20) size 0x19
      RenderBlock {UL} at (0,1874) size 784x485
        RenderTable {TABLE} at (40,0) size 483x484 [border: (1px outset #808080)]
          RenderBlock {CAPTION} at (0,0) size 483x20
            RenderText {#text} at (39,0) size 86x19
              text run at (39,0) width 86: "Nested Table "
            RenderInline {B} at (0,0) size 88x19
              RenderText {#text} at (125,0) size 88x19
                text run at (125,0) width 88: "Header Cells"
            RenderText {#text} at (213,0) size 20x19
              text run at (213,0) width 20: " & "
            RenderInline {B} at (0,0) size 71x19
              RenderText {#text} at (233,0) size 71x19
                text run at (233,0) width 71: "Data Cells"
            RenderText {#text} at (304,0) size 140x19
              text run at (304,0) width 140: " spanning multiple rows"
          RenderTableSection {TBODY} at (1,21) size 481x462
            RenderTableRow {TR} at (0,2) size 481x44
              RenderTableCell {TH} at (2,130) size 83x64 [bgcolor=#FFE4C4] [border: (1px inset #808080)] [r=0 c=0 rs=7 cs=1]
                RenderText {#text} at (10,2) size 63x19
                  text run at (10,2) width 63: "Header 1"
                RenderBR {BR} at (72,17) size 1x0
                RenderText {#text} at (17,22) size 49x39
                  text run at (17,22) width 49: "span=7"
                  text run at (26,42) width 31: "rows"
              RenderTableCell {TD} at (87,15) size 79x64 [bgcolor=#FFFACD] [border: (1px inset #808080)] [r=0 c=1 rs=2 cs=1]
                RenderText {#text} at (2,2) size 41x19
                  text run at (2,2) width 41: "Data 1"
                RenderBR {BR} at (43,17) size 0x0
                RenderText {#text} at (2,22) size 45x39
                  text run at (2,22) width 45: "span=2"
                  text run at (2,42) width 30: "rows"
              RenderTableCell {TD} at (168,2) size 32x44 [bgcolor=#EE82EE] [border: (1px inset #808080)] [r=0 c=2 rs=1 cs=1]
                RenderText {#text} at (2,2) size 18x39
                  text run at (2,2) width 18: "col"
                  text run at (2,22) width 8: "1"
              RenderTableCell {TD} at (202,2) size 32x44 [bgcolor=#EE82EE] [border: (1px inset #808080)] [r=0 c=3 rs=1 cs=1]
                RenderText {#text} at (2,2) size 18x39
                  text run at (2,2) width 18: "col"
                  text run at (2,22) width 8: "2"
              RenderTableCell {TD} at (236,2) size 33x44 [bgcolor=#EE82EE] [border: (1px inset #808080)] [r=0 c=4 rs=1 cs=1]
                RenderText {#text} at (2,2) size 18x39
                  text run at (2,2) width 18: "col"
                  text run at (2,22) width 8: "3"
              RenderTableCell {TD} at (271,2) size 33x44 [bgcolor=#EE82EE] [border: (1px inset #808080)] [r=0 c=5 rs=1 cs=1]
                RenderText {#text} at (2,2) size 18x39
                  text run at (2,2) width 18: "col"
                  text run at (2,22) width 8: "4"
              RenderTableCell {TD} at (306,2) size 33x44 [bgcolor=#EE82EE] [border: (1px inset #808080)] [r=0 c=6 rs=1 cs=1]
                RenderText {#text} at (2,2) size 18x39
                  text run at (2,2) width 18: "col"
                  text run at (2,22) width 8: "5"
              RenderTableCell {TD} at (341,2) size 33x44 [bgcolor=#EE82EE] [border: (1px inset #808080)] [r=0 c=7 rs=1 cs=1]
                RenderText {#text} at (2,2) size 18x39
                  text run at (2,2) width 18: "col"
                  text run at (2,22) width 8: "6"
              RenderTableCell {TD} at (376,2) size 33x44 [bgcolor=#EE82EE] [border: (1px inset #808080)] [r=0 c=8 rs=1 cs=1]
                RenderText {#text} at (2,2) size 18x39
                  text run at (2,2) width 18: "col"
                  text run at (2,22) width 8: "7"
              RenderTableCell {TD} at (411,2) size 33x44 [bgcolor=#EE82EE] [border: (1px inset #808080)] [r=0 c=9 rs=1 cs=1]
                RenderText {#text} at (2,2) size 18x39
                  text run at (2,2) width 18: "col"
                  text run at (2,22) width 8: "8"
              RenderTableCell {TD} at (446,2) size 33x44 [bgcolor=#EE82EE] [border: (1px inset #808080)] [r=0 c=10 rs=1 cs=1]
                RenderText {#text} at (2,2) size 18x39
                  text run at (2,2) width 18: "col"
                  text run at (2,22) width 8: "9"
            RenderTableRow {TR} at (0,48) size 481x44
              RenderTableCell {TD} at (168,48) size 32x44 [bgcolor=#EE82EE] [border: (1px inset #808080)] [r=1 c=2 rs=1 cs=1]
                RenderText {#text} at (2,2) size 18x39
                  text run at (2,2) width 18: "col"
                  text run at (2,22) width 8: "1"
              RenderTableCell {TD} at (202,48) size 32x44 [bgcolor=#EE82EE] [border: (1px inset #808080)] [r=1 c=3 rs=1 cs=1]
                RenderText {#text} at (2,2) size 18x39
                  text run at (2,2) width 18: "col"
                  text run at (2,22) width 8: "2"
              RenderTableCell {TD} at (236,48) size 33x44 [bgcolor=#EE82EE] [border: (1px inset #808080)] [r=1 c=4 rs=1 cs=1]
                RenderText {#text} at (2,2) size 18x39
                  text run at (2,2) width 18: "col"
                  text run at (2,22) width 8: "3"
              RenderTableCell {TD} at (271,48) size 33x44 [bgcolor=#EE82EE] [border: (1px inset #808080)] [r=1 c=5 rs=1 cs=1]
                RenderText {#text} at (2,2) size 18x39
                  text run at (2,2) width 18: "col"
                  text run at (2,22) width 8: "4"
              RenderTableCell {TD} at (306,48) size 33x44 [bgcolor=#EE82EE] [border: (1px inset #808080)] [r=1 c=6 rs=1 cs=1]
                RenderText {#text} at (2,2) size 18x39
                  text run at (2,2) width 18: "col"
                  text run at (2,22) width 8: "5"
              RenderTableCell {TD} at (341,48) size 33x44 [bgcolor=#EE82EE] [border: (1px inset #808080)] [r=1 c=7 rs=1 cs=1]
                RenderText {#text} at (2,2) size 18x39
                  text run at (2,2) width 18: "col"
                  text run at (2,22) width 8: "6"
              RenderTableCell {TD} at (376,48) size 33x44 [bgcolor=#EE82EE] [border: (1px inset #808080)] [r=1 c=8 rs=1 cs=1]
                RenderText {#text} at (2,2) size 18x39
                  text run at (2,2) width 18: "col"
                  text run at (2,22) width 8: "7"
              RenderTableCell {TD} at (411,48) size 33x44 [bgcolor=#EE82EE] [border: (1px inset #808080)] [r=1 c=9 rs=1 cs=1]
                RenderText {#text} at (2,2) size 18x39
                  text run at (2,2) width 18: "col"
                  text run at (2,22) width 8: "8"
              RenderTableCell {TD} at (446,48) size 33x44 [bgcolor=#EE82EE] [border: (1px inset #808080)] [r=1 c=10 rs=1 cs=1]
                RenderText {#text} at (2,2) size 18x39
                  text run at (2,2) width 18: "col"
                  text run at (2,22) width 8: "9"
            RenderTableRow {TR} at (0,94) size 481x44
              RenderTableCell {TD} at (87,176) size 79x64 [bgcolor=#FFFACD] [border: (1px inset #808080)] [r=2 c=1 rs=5 cs=1]
                RenderText {#text} at (2,2) size 41x19
                  text run at (2,2) width 41: "Data 2"
                RenderBR {BR} at (43,17) size 0x0
                RenderText {#text} at (2,22) size 45x39
                  text run at (2,22) width 45: "span=5"
                  text run at (2,42) width 30: "rows"
              RenderTableCell {TD} at (168,94) size 32x44 [bgcolor=#90EE90] [border: (1px inset #808080)] [r=2 c=2 rs=1 cs=1]
                RenderText {#text} at (2,2) size 18x39
                  text run at (2,2) width 18: "col"
                  text run at (2,22) width 8: "1"
              RenderTableCell {TD} at (202,94) size 32x44 [bgcolor=#90EE90] [border: (1px inset #808080)] [r=2 c=3 rs=1 cs=1]
                RenderText {#text} at (2,2) size 18x39
                  text run at (2,2) width 18: "col"
                  text run at (2,22) width 8: "2"
              RenderTableCell {TD} at (236,94) size 33x44 [bgcolor=#90EE90] [border: (1px inset #808080)] [r=2 c=4 rs=1 cs=1]
                RenderText {#text} at (2,2) size 18x39
                  text run at (2,2) width 18: "col"
                  text run at (2,22) width 8: "3"
              RenderTableCell {TD} at (271,94) size 33x44 [bgcolor=#90EE90] [border: (1px inset #808080)] [r=2 c=5 rs=1 cs=1]
                RenderText {#text} at (2,2) size 18x39
                  text run at (2,2) width 18: "col"
                  text run at (2,22) width 8: "4"
              RenderTableCell {TD} at (306,94) size 33x44 [bgcolor=#90EE90] [border: (1px inset #808080)] [r=2 c=6 rs=1 cs=1]
                RenderText {#text} at (2,2) size 18x39
                  text run at (2,2) width 18: "col"
                  text run at (2,22) width 8: "5"
              RenderTableCell {TD} at (341,94) size 33x44 [bgcolor=#90EE90] [border: (1px inset #808080)] [r=2 c=7 rs=1 cs=1]
                RenderText {#text} at (2,2) size 18x39
                  text run at (2,2) width 18: "col"
                  text run at (2,22) width 8: "6"
              RenderTableCell {TD} at (376,94) size 33x44 [bgcolor=#90EE90] [border: (1px inset #808080)] [r=2 c=8 rs=1 cs=1]
                RenderText {#text} at (2,2) size 18x39
                  text run at (2,2) width 18: "col"
                  text run at (2,22) width 8: "7"
              RenderTableCell {TD} at (411,94) size 33x44 [bgcolor=#90EE90] [border: (1px inset #808080)] [r=2 c=9 rs=1 cs=1]
                RenderText {#text} at (2,2) size 18x39
                  text run at (2,2) width 18: "col"
                  text run at (2,22) width 8: "8"
              RenderTableCell {TD} at (446,94) size 33x44 [bgcolor=#90EE90] [border: (1px inset #808080)] [r=2 c=10 rs=1 cs=1]
                RenderText {#text} at (2,2) size 18x39
                  text run at (2,2) width 18: "col"
                  text run at (2,22) width 8: "9"
            RenderTableRow {TR} at (0,140) size 481x44
              RenderTableCell {TD} at (168,140) size 32x44 [bgcolor=#90EE90] [border: (1px inset #808080)] [r=3 c=2 rs=1 cs=1]
                RenderText {#text} at (2,2) size 18x39
                  text run at (2,2) width 18: "col"
                  text run at (2,22) width 8: "1"
              RenderTableCell {TD} at (202,140) size 32x44 [bgcolor=#90EE90] [border: (1px inset #808080)] [r=3 c=3 rs=1 cs=1]
                RenderText {#text} at (2,2) size 18x39
                  text run at (2,2) width 18: "col"
                  text run at (2,22) width 8: "2"
              RenderTableCell {TD} at (236,140) size 33x44 [bgcolor=#90EE90] [border: (1px inset #808080)] [r=3 c=4 rs=1 cs=1]
                RenderText {#text} at (2,2) size 18x39
                  text run at (2,2) width 18: "col"
                  text run at (2,22) width 8: "3"
              RenderTableCell {TD} at (271,140) size 33x44 [bgcolor=#90EE90] [border: (1px inset #808080)] [r=3 c=5 rs=1 cs=1]
                RenderText {#text} at (2,2) size 18x39
                  text run at (2,2) width 18: "col"
                  text run at (2,22) width 8: "4"
              RenderTableCell {TD} at (306,140) size 33x44 [bgcolor=#90EE90] [border: (1px inset #808080)] [r=3 c=6 rs=1 cs=1]
                RenderText {#text} at (2,2) size 18x39
                  text run at (2,2) width 18: "col"
                  text run at (2,22) width 8: "5"
              RenderTableCell {TD} at (341,140) size 33x44 [bgcolor=#90EE90] [border: (1px inset #808080)] [r=3 c=7 rs=1 cs=1]
                RenderText {#text} at (2,2) size 18x39
                  text run at (2,2) width 18: "col"
                  text run at (2,22) width 8: "6"
              RenderTableCell {TD} at (376,140) size 33x44 [bgcolor=#90EE90] [border: (1px inset #808080)] [r=3 c=8 rs=1 cs=1]
                RenderText {#text} at (2,2) size 18x39
                  text run at (2,2) width 18: "col"
                  text run at (2,22) width 8: "7"
              RenderTableCell {TD} at (411,140) size 33x44 [bgcolor=#90EE90] [border: (1px inset #808080)] [r=3 c=9 rs=1 cs=1]
                RenderText {#text} at (2,2) size 18x39
                  text run at (2,2) width 18: "col"
                  text run at (2,22) width 8: "8"
              RenderTableCell {TD} at (446,140) size 33x44 [bgcolor=#90EE90] [border: (1px inset #808080)] [r=3 c=10 rs=1 cs=1]
                RenderText {#text} at (2,2) size 18x39
                  text run at (2,2) width 18: "col"
                  text run at (2,22) width 8: "9"
            RenderTableRow {TR} at (0,186) size 481x44
              RenderTableCell {TD} at (168,186) size 32x44 [bgcolor=#90EE90] [border: (1px inset #808080)] [r=4 c=2 rs=1 cs=1]
                RenderText {#text} at (2,2) size 18x39
                  text run at (2,2) width 18: "col"
                  text run at (2,22) width 8: "1"
              RenderTableCell {TD} at (202,186) size 32x44 [bgcolor=#90EE90] [border: (1px inset #808080)] [r=4 c=3 rs=1 cs=1]
                RenderText {#text} at (2,2) size 18x39
                  text run at (2,2) width 18: "col"
                  text run at (2,22) width 8: "2"
              RenderTableCell {TD} at (236,186) size 33x44 [bgcolor=#90EE90] [border: (1px inset #808080)] [r=4 c=4 rs=1 cs=1]
                RenderText {#text} at (2,2) size 18x39
                  text run at (2,2) width 18: "col"
                  text run at (2,22) width 8: "3"
              RenderTableCell {TD} at (271,186) size 33x44 [bgcolor=#90EE90] [border: (1px inset #808080)] [r=4 c=5 rs=1 cs=1]
                RenderText {#text} at (2,2) size 18x39
                  text run at (2,2) width 18: "col"
                  text run at (2,22) width 8: "4"
              RenderTableCell {TD} at (306,186) size 33x44 [bgcolor=#90EE90] [border: (1px inset #808080)] [r=4 c=6 rs=1 cs=1]
                RenderText {#text} at (2,2) size 18x39
                  text run at (2,2) width 18: "col"
                  text run at (2,22) width 8: "5"
              RenderTableCell {TD} at (341,186) size 33x44 [bgcolor=#90EE90] [border: (1px inset #808080)] [r=4 c=7 rs=1 cs=1]
                RenderText {#text} at (2,2) size 18x39
                  text run at (2,2) width 18: "col"
                  text run at (2,22) width 8: "6"
              RenderTableCell {TD} at (376,186) size 33x44 [bgcolor=#90EE90] [border: (1px inset #808080)] [r=4 c=8 rs=1 cs=1]
                RenderText {#text} at (2,2) size 18x39
                  text run at (2,2) width 18: "col"
                  text run at (2,22) width 8: "7"
              RenderTableCell {TD} at (411,186) size 33x44 [bgcolor=#90EE90] [border: (1px inset #808080)] [r=4 c=9 rs=1 cs=1]
                RenderText {#text} at (2,2) size 18x39
                  text run at (2,2) width 18: "col"
                  text run at (2,22) width 8: "8"
              RenderTableCell {TD} at (446,186) size 33x44 [bgcolor=#90EE90] [border: (1px inset #808080)] [r=4 c=10 rs=1 cs=1]
                RenderText {#text} at (2,2) size 18x39
                  text run at (2,2) width 18: "col"
                  text run at (2,22) width 8: "9"
            RenderTableRow {TR} at (0,232) size 481x44
              RenderTableCell {TD} at (168,232) size 32x44 [bgcolor=#90EE90] [border: (1px inset #808080)] [r=5 c=2 rs=1 cs=1]
                RenderText {#text} at (2,2) size 18x39
                  text run at (2,2) width 18: "col"
                  text run at (2,22) width 8: "1"
              RenderTableCell {TD} at (202,232) size 32x44 [bgcolor=#90EE90] [border: (1px inset #808080)] [r=5 c=3 rs=1 cs=1]
                RenderText {#text} at (2,2) size 18x39
                  text run at (2,2) width 18: "col"
                  text run at (2,22) width 8: "2"
              RenderTableCell {TD} at (236,232) size 33x44 [bgcolor=#90EE90] [border: (1px inset #808080)] [r=5 c=4 rs=1 cs=1]
                RenderText {#text} at (2,2) size 18x39
                  text run at (2,2) width 18: "col"
                  text run at (2,22) width 8: "3"
              RenderTableCell {TD} at (271,232) size 33x44 [bgcolor=#90EE90] [border: (1px inset #808080)] [r=5 c=5 rs=1 cs=1]
                RenderText {#text} at (2,2) size 18x39
                  text run at (2,2) width 18: "col"
                  text run at (2,22) width 8: "4"
              RenderTableCell {TD} at (306,232) size 33x44 [bgcolor=#90EE90] [border: (1px inset #808080)] [r=5 c=6 rs=1 cs=1]
                RenderText {#text} at (2,2) size 18x39
                  text run at (2,2) width 18: "col"
                  text run at (2,22) width 8: "5"
              RenderTableCell {TD} at (341,232) size 33x44 [bgcolor=#90EE90] [border: (1px inset #808080)] [r=5 c=7 rs=1 cs=1]
                RenderText {#text} at (2,2) size 18x39
                  text run at (2,2) width 18: "col"
                  text run at (2,22) width 8: "6"
              RenderTableCell {TD} at (376,232) size 33x44 [bgcolor=#90EE90] [border: (1px inset #808080)] [r=5 c=8 rs=1 cs=1]
                RenderText {#text} at (2,2) size 18x39
                  text run at (2,2) width 18: "col"
                  text run at (2,22) width 8: "7"
              RenderTableCell {TD} at (411,232) size 33x44 [bgcolor=#90EE90] [border: (1px inset #808080)] [r=5 c=9 rs=1 cs=1]
                RenderText {#text} at (2,2) size 18x39
                  text run at (2,2) width 18: "col"
                  text run at (2,22) width 8: "8"
              RenderTableCell {TD} at (446,232) size 33x44 [bgcolor=#90EE90] [border: (1px inset #808080)] [r=5 c=10 rs=1 cs=1]
                RenderText {#text} at (2,2) size 18x39
                  text run at (2,2) width 18: "col"
                  text run at (2,22) width 8: "9"
            RenderTableRow {TR} at (0,278) size 481x44
              RenderTableCell {TD} at (168,278) size 32x44 [bgcolor=#90EE90] [border: (1px inset #808080)] [r=6 c=2 rs=1 cs=1]
                RenderText {#text} at (2,2) size 18x39
                  text run at (2,2) width 18: "col"
                  text run at (2,22) width 8: "1"
              RenderTableCell {TD} at (202,278) size 32x44 [bgcolor=#90EE90] [border: (1px inset #808080)] [r=6 c=3 rs=1 cs=1]
                RenderText {#text} at (2,2) size 18x39
                  text run at (2,2) width 18: "col"
                  text run at (2,22) width 8: "2"
              RenderTableCell {TD} at (236,278) size 33x44 [bgcolor=#90EE90] [border: (1px inset #808080)] [r=6 c=4 rs=1 cs=1]
                RenderText {#text} at (2,2) size 18x39
                  text run at (2,2) width 18: "col"
                  text run at (2,22) width 8: "3"
              RenderTableCell {TD} at (271,278) size 33x44 [bgcolor=#90EE90] [border: (1px inset #808080)] [r=6 c=5 rs=1 cs=1]
                RenderText {#text} at (2,2) size 18x39
                  text run at (2,2) width 18: "col"
                  text run at (2,22) width 8: "4"
              RenderTableCell {TD} at (306,278) size 33x44 [bgcolor=#90EE90] [border: (1px inset #808080)] [r=6 c=6 rs=1 cs=1]
                RenderText {#text} at (2,2) size 18x39
                  text run at (2,2) width 18: "col"
                  text run at (2,22) width 8: "5"
              RenderTableCell {TD} at (341,278) size 33x44 [bgcolor=#90EE90] [border: (1px inset #808080)] [r=6 c=7 rs=1 cs=1]
                RenderText {#text} at (2,2) size 18x39
                  text run at (2,2) width 18: "col"
                  text run at (2,22) width 8: "6"
              RenderTableCell {TD} at (376,278) size 33x44 [bgcolor=#90EE90] [border: (1px inset #808080)] [r=6 c=8 rs=1 cs=1]
                RenderText {#text} at (2,2) size 18x39
                  text run at (2,2) width 18: "col"
                  text run at (2,22) width 8: "7"
              RenderTableCell {TD} at (411,278) size 33x44 [bgcolor=#90EE90] [border: (1px inset #808080)] [r=6 c=9 rs=1 cs=1]
                RenderText {#text} at (2,2) size 18x39
                  text run at (2,2) width 18: "col"
                  text run at (2,22) width 8: "8"
              RenderTableCell {TD} at (446,278) size 33x44 [bgcolor=#90EE90] [border: (1px inset #808080)] [r=6 c=10 rs=1 cs=1]
                RenderText {#text} at (2,2) size 18x39
                  text run at (2,2) width 18: "col"
                  text run at (2,22) width 8: "9"
            RenderTableRow {TR} at (0,324) size 481x44
              RenderTableCell {TH} at (2,360) size 83x64 [bgcolor=#FFE4C4] [border: (1px inset #808080)] [r=7 c=0 rs=3 cs=1]
                RenderText {#text} at (10,2) size 63x19
                  text run at (10,2) width 63: "Header 2"
                RenderBR {BR} at (72,17) size 1x0
                RenderText {#text} at (17,22) size 49x39
                  text run at (17,22) width 49: "span=3"
                  text run at (26,42) width 31: "rows"
              RenderTableCell {TD} at (87,360) size 79x64 [bgcolor=#FFFACD] [border: (1px inset #808080)] [r=7 c=1 rs=3 cs=1]
                RenderText {#text} at (2,2) size 41x19
                  text run at (2,2) width 41: "Data 3"
                RenderBR {BR} at (43,17) size 0x0
                RenderText {#text} at (2,22) size 45x39
                  text run at (2,22) width 45: "span=3"
                  text run at (2,42) width 30: "rows"
              RenderTableCell {TD} at (168,324) size 32x44 [bgcolor=#ADD8E6] [border: (1px inset #808080)] [r=7 c=2 rs=1 cs=1]
                RenderText {#text} at (2,2) size 18x39
                  text run at (2,2) width 18: "col"
                  text run at (2,22) width 8: "1"
              RenderTableCell {TD} at (202,324) size 32x44 [bgcolor=#ADD8E6] [border: (1px inset #808080)] [r=7 c=3 rs=1 cs=1]
                RenderText {#text} at (2,2) size 18x39
                  text run at (2,2) width 18: "col"
                  text run at (2,22) width 8: "2"
              RenderTableCell {TD} at (236,324) size 33x44 [bgcolor=#ADD8E6] [border: (1px inset #808080)] [r=7 c=4 rs=1 cs=1]
                RenderText {#text} at (2,2) size 18x39
                  text run at (2,2) width 18: "col"
                  text run at (2,22) width 8: "3"
              RenderTableCell {TD} at (271,324) size 33x44 [bgcolor=#ADD8E6] [border: (1px inset #808080)] [r=7 c=5 rs=1 cs=1]
                RenderText {#text} at (2,2) size 18x39
                  text run at (2,2) width 18: "col"
                  text run at (2,22) width 8: "4"
              RenderTableCell {TD} at (306,324) size 33x44 [bgcolor=#ADD8E6] [border: (1px inset #808080)] [r=7 c=6 rs=1 cs=1]
                RenderText {#text} at (2,2) size 18x39
                  text run at (2,2) width 18: "col"
                  text run at (2,22) width 8: "5"
              RenderTableCell {TD} at (341,324) size 33x44 [bgcolor=#ADD8E6] [border: (1px inset #808080)] [r=7 c=7 rs=1 cs=1]
                RenderText {#text} at (2,2) size 18x39
                  text run at (2,2) width 18: "col"
                  text run at (2,22) width 8: "6"
              RenderTableCell {TD} at (376,324) size 33x44 [bgcolor=#ADD8E6] [border: (1px inset #808080)] [r=7 c=8 rs=1 cs=1]
                RenderText {#text} at (2,2) size 18x39
                  text run at (2,2) width 18: "col"
                  text run at (2,22) width 8: "7"
              RenderTableCell {TD} at (411,324) size 33x44 [bgcolor=#ADD8E6] [border: (1px inset #808080)] [r=7 c=9 rs=1 cs=1]
                RenderText {#text} at (2,2) size 18x39
                  text run at (2,2) width 18: "col"
                  text run at (2,22) width 8: "8"
              RenderTableCell {TD} at (446,324) size 33x44 [bgcolor=#ADD8E6] [border: (1px inset #808080)] [r=7 c=10 rs=1 cs=1]
                RenderText {#text} at (2,2) size 18x39
                  text run at (2,2) width 18: "col"
                  text run at (2,22) width 8: "9"
            RenderTableRow {TR} at (0,370) size 481x44
              RenderTableCell {TD} at (168,370) size 32x44 [bgcolor=#ADD8E6] [border: (1px inset #808080)] [r=8 c=2 rs=1 cs=1]
                RenderText {#text} at (2,2) size 18x39
                  text run at (2,2) width 18: "col"
                  text run at (2,22) width 8: "1"
              RenderTableCell {TD} at (202,370) size 32x44 [bgcolor=#ADD8E6] [border: (1px inset #808080)] [r=8 c=3 rs=1 cs=1]
                RenderText {#text} at (2,2) size 18x39
                  text run at (2,2) width 18: "col"
                  text run at (2,22) width 8: "2"
              RenderTableCell {TD} at (236,370) size 33x44 [bgcolor=#ADD8E6] [border: (1px inset #808080)] [r=8 c=4 rs=1 cs=1]
                RenderText {#text} at (2,2) size 18x39
                  text run at (2,2) width 18: "col"
                  text run at (2,22) width 8: "3"
              RenderTableCell {TD} at (271,370) size 33x44 [bgcolor=#ADD8E6] [border: (1px inset #808080)] [r=8 c=5 rs=1 cs=1]
                RenderText {#text} at (2,2) size 18x39
                  text run at (2,2) width 18: "col"
                  text run at (2,22) width 8: "4"
              RenderTableCell {TD} at (306,370) size 33x44 [bgcolor=#ADD8E6] [border: (1px inset #808080)] [r=8 c=6 rs=1 cs=1]
                RenderText {#text} at (2,2) size 18x39
                  text run at (2,2) width 18: "col"
                  text run at (2,22) width 8: "5"
              RenderTableCell {TD} at (341,370) size 33x44 [bgcolor=#ADD8E6] [border: (1px inset #808080)] [r=8 c=7 rs=1 cs=1]
                RenderText {#text} at (2,2) size 18x39
                  text run at (2,2) width 18: "col"
                  text run at (2,22) width 8: "6"
              RenderTableCell {TD} at (376,370) size 33x44 [bgcolor=#ADD8E6] [border: (1px inset #808080)] [r=8 c=8 rs=1 cs=1]
                RenderText {#text} at (2,2) size 18x39
                  text run at (2,2) width 18: "col"
                  text run at (2,22) width 8: "7"
              RenderTableCell {TD} at (411,370) size 33x44 [bgcolor=#ADD8E6] [border: (1px inset #808080)] [r=8 c=9 rs=1 cs=1]
                RenderText {#text} at (2,2) size 18x39
                  text run at (2,2) width 18: "col"
                  text run at (2,22) width 8: "8"
              RenderTableCell {TD} at (446,370) size 33x44 [bgcolor=#ADD8E6] [border: (1px inset #808080)] [r=8 c=10 rs=1 cs=1]
                RenderText {#text} at (2,2) size 18x39
                  text run at (2,2) width 18: "col"
                  text run at (2,22) width 8: "9"
            RenderTableRow {TR} at (0,416) size 481x44
              RenderTableCell {TD} at (168,416) size 32x44 [bgcolor=#ADD8E6] [border: (1px inset #808080)] [r=9 c=2 rs=1 cs=1]
                RenderText {#text} at (2,2) size 18x39
                  text run at (2,2) width 18: "col"
                  text run at (2,22) width 8: "1"
              RenderTableCell {TD} at (202,416) size 32x44 [bgcolor=#ADD8E6] [border: (1px inset #808080)] [r=9 c=3 rs=1 cs=1]
                RenderText {#text} at (2,2) size 18x39
                  text run at (2,2) width 18: "col"
                  text run at (2,22) width 8: "2"
              RenderTableCell {TD} at (236,416) size 33x44 [bgcolor=#ADD8E6] [border: (1px inset #808080)] [r=9 c=4 rs=1 cs=1]
                RenderText {#text} at (2,2) size 18x39
                  text run at (2,2) width 18: "col"
                  text run at (2,22) width 8: "3"
              RenderTableCell {TD} at (271,416) size 33x44 [bgcolor=#ADD8E6] [border: (1px inset #808080)] [r=9 c=5 rs=1 cs=1]
                RenderText {#text} at (2,2) size 18x39
                  text run at (2,2) width 18: "col"
                  text run at (2,22) width 8: "4"
              RenderTableCell {TD} at (306,416) size 33x44 [bgcolor=#ADD8E6] [border: (1px inset #808080)] [r=9 c=6 rs=1 cs=1]
                RenderText {#text} at (2,2) size 18x39
                  text run at (2,2) width 18: "col"
                  text run at (2,22) width 8: "5"
              RenderTableCell {TD} at (341,416) size 33x44 [bgcolor=#ADD8E6] [border: (1px inset #808080)] [r=9 c=7 rs=1 cs=1]
                RenderText {#text} at (2,2) size 18x39
                  text run at (2,2) width 18: "col"
                  text run at (2,22) width 8: "6"
              RenderTableCell {TD} at (376,416) size 33x44 [bgcolor=#ADD8E6] [border: (1px inset #808080)] [r=9 c=8 rs=1 cs=1]
                RenderText {#text} at (2,2) size 18x39
                  text run at (2,2) width 18: "col"
                  text run at (2,22) width 8: "7"
              RenderTableCell {TD} at (411,416) size 33x44 [bgcolor=#ADD8E6] [border: (1px inset #808080)] [r=9 c=9 rs=1 cs=1]
                RenderText {#text} at (2,2) size 18x39
                  text run at (2,2) width 18: "col"
                  text run at (2,22) width 8: "8"
              RenderTableCell {TD} at (446,416) size 33x44 [bgcolor=#ADD8E6] [border: (1px inset #808080)] [r=9 c=10 rs=1 cs=1]
                RenderText {#text} at (2,2) size 18x39
                  text run at (2,2) width 18: "col"
                  text run at (2,22) width 8: "9"
      RenderBlock {P} at (0,2374) size 784x1
      RenderBlock {HR} at (0,2374) size 784x3 [border: (1px inset #000000)]
      RenderBlock (anonymous) at (0,2384) size 784x21
        RenderImage {IMG} at (0,2) size 13x13
        RenderText {#text} at (13,0) size 128x19
          text run at (13,0) width 128: " Created 9/19/96 by "
        RenderInline {A} at (0,0) size 77x19 [color=#0000EE]
          RenderText {#text} at (141,0) size 77x19
            text run at (141,0) width 77: "Ronald Greti"
        RenderBR {BR} at (218,15) size 0x0
      RenderBlock {P} at (0,2420) size 784x21
        RenderBR {BR} at (0,0) size 0x19
