layer at (0,0) size 785x2559
  RenderView at (0,0) size 785x600
layer at (0,0) size 785x2559
  RenderBlock {HTML} at (0,0) size 785x2559
    RenderBody {BODY} at (8,8) size 769x2535
      RenderBlock {H1} at (0,0) size 769x37
        RenderText {#text} at (0,0) size 432x36
          text run at (0,0) width 432: "Example 4: Some simple tables."
      RenderTable {TABLE} at (0,58) size 467x104 [border: (1px outset #808080)]
        RenderTableSection {TBODY} at (1,1) size 465x102
          RenderTableRow {TR} at (0,2) size 465x23
            RenderTableCell {TH} at (2,2) size 67x23 [border: (1px inset #808080)] [r=0 c=0 rs=1 cs=1]
              RenderText {#text} at (12,2) size 43x19
                text run at (12,2) width 43: "Color "
            RenderTableCell {TH} at (71,2) size 392x23 [border: (1px inset #808080)] [r=0 c=1 rs=1 cs=1]
              RenderText {#text} at (164,2) size 64x19
                text run at (164,2) width 64: "Meaning "
          RenderTableRow {TR} at (0,27) size 465x23
            RenderTableCell {TD} at (2,27) size 67x23 [bgcolor=#90EE90] [border: (1px inset #808080)] [r=1 c=0 rs=1 cs=1]
              RenderText {#text} at (2,2) size 63x19
                text run at (2,2) width 63: "lightgreen"
            RenderTableCell {TD} at (71,27) size 392x23 [border: (1px inset #808080)] [r=1 c=1 rs=1 cs=1]
              RenderText {#text} at (2,2) size 296x19
                text run at (2,2) width 296: "Light green is used on cells that have a colspan"
          RenderTableRow {TR} at (0,52) size 465x23
            RenderTableCell {TD} at (2,52) size 67x23 [bgcolor=#F0E68C] [border: (1px inset #808080)] [r=2 c=0 rs=1 cs=1]
              RenderText {#text} at (2,2) size 35x19
                text run at (2,2) width 35: "khaki"
            RenderTableCell {TD} at (71,52) size 392x23 [border: (1px inset #808080)] [r=2 c=1 rs=1 cs=1]
              RenderText {#text} at (2,2) size 268x19
                text run at (2,2) width 268: "Khaki is used on cells that have a rowspan"
          RenderTableRow {TR} at (0,77) size 465x23
            RenderTableCell {TD} at (2,77) size 67x23 [bgcolor=#D3D3D3] [border: (1px inset #808080)] [r=3 c=0 rs=1 cs=1]
              RenderText {#text} at (2,2) size 56x19
                text run at (2,2) width 56: "lightgrey"
            RenderTableCell {TD} at (71,77) size 392x23 [border: (1px inset #808080)] [r=3 c=1 rs=1 cs=1]
              RenderText {#text} at (2,2) size 299x19
                text run at (2,2) width 299: "Light grey is used on cells that have a rowspan "
              RenderInline {B} at (0,0) size 26x19
                RenderText {#text} at (301,2) size 26x19
                  text run at (301,2) width 26: "and"
              RenderText {#text} at (327,2) size 63x19
                text run at (327,2) width 63: " a colspan"
      RenderBlock (anonymous) at (0,162) size 769x38
        RenderBR {BR} at (0,0) size 0x19
        RenderText {#text} at (0,19) size 4x19
          text run at (0,19) width 4: " "
      RenderTable {TABLE} at (0,200) size 769x136 [border: (1px outset #808080)]
        RenderBlock {CAPTION} at (0,0) size 767x19
          RenderText {#text} at (130,0) size 507x19
            text run at (130,0) width 507: "Table 1 has this caption at the top.  It is defined to be 100% of it's parent's width."
        RenderTableSection {TBODY} at (1,20) size 767x115
          RenderTableRow {TR} at (0,2) size 767x42
            RenderTableCell {TD} at (2,11) size 396x23 [bgcolor=#90EE90] [border: (1px inset #808080)] [r=0 c=0 rs=1 cs=2]
              RenderText {#text} at (2,2) size 26x19
                text run at (2,2) width 26: "Cell"
            RenderTableCell {TD} at (400,2) size 365x42 [border: (1px inset #808080)] [r=0 c=2 rs=1 cs=1]
              RenderText {#text} at (2,2) size 332x38
                text run at (2,2) width 332: "Stuff to test out table cell layout. This should be long"
                text run at (2,21) width 51: "enough."
          RenderTableRow {TR} at (0,46) size 767x23
            RenderTableCell {TD} at (2,46) size 30x23 [border: (1px inset #808080)] [r=1 c=0 rs=1 cs=1]
              RenderText {#text} at (2,2) size 26x19
                text run at (2,2) width 26: "Cell"
            RenderTableCell {TD} at (34,46) size 731x23 [bgcolor=#90EE90] [border: (1px inset #808080)] [r=1 c=1 rs=1 cs=2]
              RenderText {#text} at (2,2) size 387x19
                text run at (2,2) width 387: "Stuff to test out table cell layout. This should be long enough."
          RenderTableRow {TR} at (0,71) size 767x42
            RenderTableCell {TD} at (2,80) size 30x23 [border: (1px inset #808080)] [r=2 c=0 rs=1 cs=1]
              RenderText {#text} at (2,2) size 26x19
                text run at (2,2) width 26: "Cell"
            RenderTableCell {TD} at (34,71) size 364x42 [border: (1px inset #808080)] [r=2 c=1 rs=1 cs=1]
              RenderText {#text} at (2,2) size 332x38
                text run at (2,2) width 332: "Stuff to test out table cell layout. This should be long"
                text run at (2,21) width 51: "enough."
            RenderTableCell {TD} at (400,80) size 365x23 [border: (1px inset #808080)] [r=2 c=2 rs=1 cs=1]
              RenderText {#text} at (2,2) size 26x19
                text run at (2,2) width 26: "Cell"
      RenderBlock (anonymous) at (0,336) size 769x38
        RenderBR {BR} at (0,0) size 0x19
        RenderText {#text} at (0,19) size 4x19
          text run at (0,19) width 4: " "
      RenderTable {TABLE} at (0,374) size 494x98 [border: (1px outset #808080)]
        RenderBlock {CAPTION} at (0,0) size 492x19
          RenderText {#text} at (85,0) size 322x19
            text run at (85,0) width 322: "Table 2 has auto-width (no width param specified.)"
        RenderTableSection {TBODY} at (1,20) size 492x77
          RenderTableRow {TR} at (0,2) size 492x23
            RenderTableCell {TD} at (2,2) size 30x23 [border: (1px inset #808080)] [r=0 c=0 rs=1 cs=1]
              RenderText {#text} at (2,2) size 26x19
                text run at (2,2) width 26: "Cell"
            RenderTableCell {TD} at (34,14) size 456x23 [bgcolor=#D3D3D3] [border: (1px inset #808080)] [r=0 c=1 rs=2 cs=2]
              RenderText {#text} at (2,2) size 387x19
                text run at (2,2) width 387: "Stuff to test out table cell layout. This should be long enough."
          RenderTableRow {TR} at (0,27) size 492x23
            RenderTableCell {TD} at (2,27) size 30x23 [border: (1px inset #808080)] [r=1 c=0 rs=1 cs=1]
              RenderText {#text} at (2,2) size 26x19
                text run at (2,2) width 26: "Cell"
          RenderTableRow {TR} at (0,52) size 492x23
            RenderTableCell {TD} at (2,52) size 30x23 [border: (1px inset #808080)] [r=2 c=0 rs=1 cs=1]
              RenderText {#text} at (2,2) size 26x19
                text run at (2,2) width 26: "Cell"
            RenderTableCell {TD} at (34,52) size 391x23 [border: (1px inset #808080)] [r=2 c=1 rs=1 cs=1]
              RenderText {#text} at (2,2) size 387x19
                text run at (2,2) width 387: "Stuff to test out table cell layout. This should be long enough."
            RenderTableCell {TD} at (427,52) size 63x23 [border: (1px inset #808080)] [r=2 c=2 rs=1 cs=1]
              RenderText {#text} at (2,2) size 59x19
                text run at (2,2) width 59: "more text"
      RenderBlock (anonymous) at (0,472) size 769x19
        RenderText {#text} at (0,0) size 4x19
          text run at (0,0) width 4: " "
      RenderTable {TABLE} at (0,491) size 494x98 [border: (1px outset #808080)]
        RenderBlock {CAPTION} at (0,0) size 492x19
          RenderText {#text} at (49,0) size 394x19
            text run at (49,0) width 394: "Table 3 is the same as Table 2, but with equal column widths. "
        RenderTableSection {TBODY} at (1,20) size 492x77
          RenderTableRow {TR} at (0,2) size 492x23
            RenderTableCell {TD} at (2,2) size 30x23 [border: (1px inset #808080)] [r=0 c=0 rs=1 cs=1]
              RenderText {#text} at (2,2) size 26x19
                text run at (2,2) width 26: "Cell"
            RenderTableCell {TD} at (34,14) size 456x23 [bgcolor=#D3D3D3] [border: (1px inset #808080)] [r=0 c=1 rs=2 cs=2]
              RenderText {#text} at (2,2) size 387x19
                text run at (2,2) width 387: "Stuff to test out table cell layout. This should be long enough."
          RenderTableRow {TR} at (0,27) size 492x23
            RenderTableCell {TD} at (2,27) size 30x23 [border: (1px inset #808080)] [r=1 c=0 rs=1 cs=1]
              RenderText {#text} at (2,2) size 26x19
                text run at (2,2) width 26: "Cell"
          RenderTableRow {TR} at (0,52) size 492x23
            RenderTableCell {TD} at (2,52) size 30x23 [border: (1px inset #808080)] [r=2 c=0 rs=1 cs=1]
              RenderText {#text} at (2,2) size 26x19
                text run at (2,2) width 26: "Cell"
            RenderTableCell {TD} at (34,52) size 391x23 [border: (1px inset #808080)] [r=2 c=1 rs=1 cs=1]
              RenderText {#text} at (2,2) size 387x19
                text run at (2,2) width 387: "Stuff to test out table cell layout. This should be long enough."
            RenderTableCell {TD} at (427,52) size 63x23 [border: (1px inset #808080)] [r=2 c=2 rs=1 cs=1]
              RenderText {#text} at (2,2) size 59x19
                text run at (2,2) width 59: "more text"
      RenderBlock (anonymous) at (0,589) size 769x38
        RenderBR {BR} at (0,0) size 0x19
        RenderText {#text} at (0,19) size 4x19
          text run at (0,19) width 4: " "
      RenderTable {TABLE} at (0,627) size 252x182 [border: (1px none #808080)]
        RenderBlock {CAPTION} at (0,125) size 250x57
          RenderText {#text} at (10,0) size 240x57
            text run at (10,0) width 230: "Table 4 has this bottom caption. The"
            text run at (5,19) width 240: "table has specified column widths and"
            text run at (65,38) width 120: "collapsing borders."
        RenderTableCol {COLGROUP} at (0,0) size 0x0
          RenderTableCol {COL} at (0,0) size 0x0 [border: (2px dashed #0000FF) none (2px solid #000000)]
          RenderTableCol {COL} at (0,0) size 0x0 [border: (1px solid #FF0000) none]
          RenderTableCol {COL} at (0,0) size 0x0 [border: (2px solid #000000) none]
        RenderTableSection {THEAD} at (1,1) size 250x27 [border: none (6px solid #000000) none]
          RenderTableRow {TR} at (0,0) size 250x27 [border: (2px solid #000000)]
            RenderTableCell {TH} at (0,0) size 90x27 [border: (1px none #000000) none (3px none #000000)] [r=0 c=0 rs=1 cs=1]
              RenderText {#text} at (23,3) size 45x19
                text run at (23,3) width 45: "Player"
            RenderTableCell {TH} at (90,0) size 80x27 [border: (1px none #000000) none (3px none #000000)] [r=0 c=1 rs=1 cs=1]
              RenderText {#text} at (10,3) size 60x19
                text run at (10,3) width 60: "Ranking"
            RenderTableCell {TH} at (170,0) size 80x27 [border: (1px none #000000)] [r=0 c=2 rs=1 cs=1]
              RenderText {#text} at (14,3) size 51x19
                text run at (14,3) width 51: "Record"
        RenderTableSection {TBODY} at (1,28) size 250x96
          RenderTableRow {TR} at (0,0) size 250x27 [border: (2px solid #000000)]
            RenderTableCell {TD} at (0,0) size 90x27 [border: (3px none #000000)] [r=0 c=0 rs=1 cs=1]
              RenderText {#text} at (3,5) size 74x19
                text run at (3,5) width 74: "Steve Clark"
            RenderTableCell {TD} at (90,0) size 80x27 [border: (3px none #000000)] [r=0 c=1 rs=1 cs=1]
              RenderText {#text} at (36,5) size 9x19
                text run at (36,5) width 9: "1"
            RenderTableCell {TD} at (170,0) size 80x27 [border: (3px none #000000)] [r=0 c=2 rs=1 cs=1]
              RenderText {#text} at (25,5) size 30x19
                text run at (25,5) width 30: "77-0"
          RenderTableRow {TR} at (0,27) size 250x25 [border: (2px solid #000000)]
            RenderTableCell {TD} at (0,27) size 90x25 [border: (1px none #000000)] [r=1 c=0 rs=1 cs=1]
              RenderText {#text} at (3,3) size 73x19
                text run at (3,3) width 73: "Cliff Swain"
            RenderTableCell {TD} at (90,27) size 80x25 [border: (1px none #000000)] [r=1 c=1 rs=1 cs=1]
              RenderText {#text} at (36,3) size 9x19
                text run at (36,3) width 9: "2"
            RenderTableCell {TD} at (170,27) size 80x25 [border: (1px none #000000)] [r=1 c=2 rs=1 cs=1]
              RenderText {#text} at (21,3) size 38x19
                text run at (21,3) width 38: "67-10"
          RenderTableRow {TR} at (0,52) size 250x44 [border: (2px solid #000000)]
            RenderTableCell {TD} at (0,52) size 90x44 [border: (1px none #000000)] [r=2 c=0 rs=1 cs=1]
              RenderText {#text} at (3,3) size 43x38
                text run at (3,3) width 38: "Marty"
                text run at (3,22) width 43: "Hogan"
            RenderTableCell {TD} at (90,61) size 80x25 [border: (1px none #000000)] [r=2 c=1 rs=1 cs=1]
              RenderText {#text} at (36,3) size 9x19
                text run at (36,3) width 9: "3"
            RenderTableCell {TD} at (170,61) size 80x25 [border: (1px none #000000)] [r=2 c=2 rs=1 cs=1]
              RenderText {#text} at (21,3) size 38x19
                text run at (21,3) width 38: "57-15"
      RenderBlock (anonymous) at (0,809) size 769x19
        RenderBR {BR} at (0,0) size 0x19
      RenderTable {TABLE} at (0,828) size 190x427
        RenderBlock {CAPTION} at (0,408) size 190x19
          RenderText {#text} at (2,0) size 186x19
            text run at (2,0) width 186: "Table 5 has a scrolling tbody."
        RenderTableSection {THEAD} at (0,0) size 190x19
          RenderTableRow {TR} at (0,2) size 190x15
            RenderTableCell {TD} at (2,2) size 92x15 [r=0 c=0 rs=1 cs=2]
              RenderText {#text} at (1,1) size 47x13
                text run at (1,1) width 47: "HEADER"
        RenderTableSection {TBODY} at (0,19) size 190x370 [border: (1px solid #000000)]
          RenderTableRow {TR} at (0,2) size 190x21
            RenderTableCell {TD} at (2,2) size 45x21 [r=0 c=0 rs=1 cs=1]
              RenderText {#text} at (1,1) size 43x19
                text run at (1,1) width 43: "cell-00"
            RenderTableCell {TD} at (49,2) size 45x21 [r=0 c=1 rs=1 cs=1]
              RenderText {#text} at (1,1) size 43x19
                text run at (1,1) width 43: "cell-01"
            RenderTableCell {TD} at (96,2) size 45x21 [r=0 c=2 rs=1 cs=1]
              RenderText {#text} at (1,1) size 43x19
                text run at (1,1) width 43: "cell-02"
            RenderTableCell {TD} at (143,2) size 45x21 [r=0 c=3 rs=1 cs=1]
              RenderText {#text} at (1,1) size 43x19
                text run at (1,1) width 43: "cell-03"
          RenderTableRow {TR} at (0,25) size 190x21
            RenderTableCell {TD} at (2,25) size 45x21 [r=1 c=0 rs=1 cs=1]
              RenderText {#text} at (1,1) size 43x19
                text run at (1,1) width 43: "cell-10"
            RenderTableCell {TD} at (49,25) size 45x21 [r=1 c=1 rs=1 cs=1]
              RenderText {#text} at (1,1) size 43x19
                text run at (1,1) width 43: "cell-11"
            RenderTableCell {TD} at (96,25) size 45x21 [r=1 c=2 rs=1 cs=1]
              RenderText {#text} at (1,1) size 43x19
                text run at (1,1) width 43: "cell-12"
            RenderTableCell {TD} at (143,25) size 45x21 [r=1 c=3 rs=1 cs=1]
              RenderText {#text} at (1,1) size 43x19
                text run at (1,1) width 43: "cell-13"
          RenderTableRow {TR} at (0,48) size 190x21
            RenderTableCell {TD} at (2,48) size 45x21 [r=2 c=0 rs=1 cs=1]
              RenderText {#text} at (1,1) size 43x19
                text run at (1,1) width 43: "cell-20"
            RenderTableCell {TD} at (49,48) size 45x21 [r=2 c=1 rs=1 cs=1]
              RenderText {#text} at (1,1) size 43x19
                text run at (1,1) width 43: "cell-21"
            RenderTableCell {TD} at (96,48) size 45x21 [r=2 c=2 rs=1 cs=1]
              RenderText {#text} at (1,1) size 43x19
                text run at (1,1) width 43: "cell-22"
            RenderTableCell {TD} at (143,48) size 45x21 [r=2 c=3 rs=1 cs=1]
              RenderText {#text} at (1,1) size 43x19
                text run at (1,1) width 43: "cell-23"
          RenderTableRow {TR} at (0,71) size 190x21
            RenderTableCell {TD} at (2,71) size 45x21 [r=3 c=0 rs=1 cs=1]
              RenderText {#text} at (1,1) size 43x19
                text run at (1,1) width 43: "cell-30"
            RenderTableCell {TD} at (49,71) size 45x21 [r=3 c=1 rs=1 cs=1]
              RenderText {#text} at (1,1) size 43x19
                text run at (1,1) width 43: "cell-31"
            RenderTableCell {TD} at (96,71) size 45x21 [r=3 c=2 rs=1 cs=1]
              RenderText {#text} at (1,1) size 43x19
                text run at (1,1) width 43: "cell-32"
            RenderTableCell {TD} at (143,71) size 45x21 [r=3 c=3 rs=1 cs=1]
              RenderText {#text} at (1,1) size 43x19
                text run at (1,1) width 43: "cell-33"
          RenderTableRow {TR} at (0,94) size 190x21
            RenderTableCell {TD} at (2,94) size 45x21 [r=4 c=0 rs=1 cs=1]
              RenderText {#text} at (1,1) size 43x19
                text run at (1,1) width 43: "cell-40"
            RenderTableCell {TD} at (49,94) size 45x21 [r=4 c=1 rs=1 cs=1]
              RenderText {#text} at (1,1) size 43x19
                text run at (1,1) width 43: "cell-41"
            RenderTableCell {TD} at (96,94) size 45x21 [r=4 c=2 rs=1 cs=1]
              RenderText {#text} at (1,1) size 43x19
                text run at (1,1) width 43: "cell-42"
            RenderTableCell {TD} at (143,94) size 45x21 [r=4 c=3 rs=1 cs=1]
              RenderText {#text} at (1,1) size 43x19
                text run at (1,1) width 43: "cell-43"
          RenderTableRow {TR} at (0,117) size 190x21
            RenderTableCell {TD} at (2,117) size 45x21 [r=5 c=0 rs=1 cs=1]
              RenderText {#text} at (1,1) size 43x19
                text run at (1,1) width 43: "cell-50"
            RenderTableCell {TD} at (49,117) size 45x21 [r=5 c=1 rs=1 cs=1]
              RenderText {#text} at (1,1) size 43x19
                text run at (1,1) width 43: "cell-51"
            RenderTableCell {TD} at (96,117) size 45x21 [r=5 c=2 rs=1 cs=1]
              RenderText {#text} at (1,1) size 43x19
                text run at (1,1) width 43: "cell-52"
            RenderTableCell {TD} at (143,117) size 45x21 [r=5 c=3 rs=1 cs=1]
              RenderText {#text} at (1,1) size 43x19
                text run at (1,1) width 43: "cell-53"
          RenderTableRow {TR} at (0,140) size 190x21
            RenderTableCell {TD} at (2,140) size 45x21 [r=6 c=0 rs=1 cs=1]
              RenderText {#text} at (1,1) size 43x19
                text run at (1,1) width 43: "cell-60"
            RenderTableCell {TD} at (49,140) size 45x21 [r=6 c=1 rs=1 cs=1]
              RenderText {#text} at (1,1) size 43x19
                text run at (1,1) width 43: "cell-61"
            RenderTableCell {TD} at (96,140) size 45x21 [r=6 c=2 rs=1 cs=1]
              RenderText {#text} at (1,1) size 43x19
                text run at (1,1) width 43: "cell-62"
            RenderTableCell {TD} at (143,140) size 45x21 [r=6 c=3 rs=1 cs=1]
              RenderText {#text} at (1,1) size 43x19
                text run at (1,1) width 43: "cell-63"
          RenderTableRow {TR} at (0,163) size 190x21
            RenderTableCell {TD} at (2,163) size 45x21 [r=7 c=0 rs=1 cs=1]
              RenderText {#text} at (1,1) size 43x19
                text run at (1,1) width 43: "cell-70"
            RenderTableCell {TD} at (49,163) size 45x21 [r=7 c=1 rs=1 cs=1]
              RenderText {#text} at (1,1) size 43x19
                text run at (1,1) width 43: "cell-71"
            RenderTableCell {TD} at (96,163) size 45x21 [r=7 c=2 rs=1 cs=1]
              RenderText {#text} at (1,1) size 43x19
                text run at (1,1) width 43: "cell-72"
            RenderTableCell {TD} at (143,163) size 45x21 [r=7 c=3 rs=1 cs=1]
              RenderText {#text} at (1,1) size 43x19
                text run at (1,1) width 43: "cell-73"
          RenderTableRow {TR} at (0,186) size 190x21
            RenderTableCell {TD} at (2,186) size 45x21 [r=8 c=0 rs=1 cs=1]
              RenderText {#text} at (1,1) size 43x19
                text run at (1,1) width 43: "cell-80"
            RenderTableCell {TD} at (49,186) size 45x21 [r=8 c=1 rs=1 cs=1]
              RenderText {#text} at (1,1) size 43x19
                text run at (1,1) width 43: "cell-81"
            RenderTableCell {TD} at (96,186) size 45x21 [r=8 c=2 rs=1 cs=1]
              RenderText {#text} at (1,1) size 43x19
                text run at (1,1) width 43: "cell-82"
            RenderTableCell {TD} at (143,186) size 45x21 [r=8 c=3 rs=1 cs=1]
              RenderText {#text} at (1,1) size 43x19
                text run at (1,1) width 43: "cell-83"
          RenderTableRow {TR} at (0,209) size 190x21
            RenderTableCell {TD} at (2,209) size 45x21 [r=9 c=0 rs=1 cs=1]
              RenderText {#text} at (1,1) size 43x19
                text run at (1,1) width 43: "cell-90"
            RenderTableCell {TD} at (49,209) size 45x21 [r=9 c=1 rs=1 cs=1]
              RenderText {#text} at (1,1) size 43x19
                text run at (1,1) width 43: "cell-91"
            RenderTableCell {TD} at (96,209) size 45x21 [r=9 c=2 rs=1 cs=1]
              RenderText {#text} at (1,1) size 43x19
                text run at (1,1) width 43: "cell-92"
            RenderTableCell {TD} at (143,209) size 45x21 [r=9 c=3 rs=1 cs=1]
              RenderText {#text} at (1,1) size 43x19
                text run at (1,1) width 43: "cell-93"
          RenderTableRow {TR} at (0,232) size 190x21
            RenderTableCell {TD} at (2,232) size 45x21 [r=10 c=0 rs=1 cs=1]
              RenderText {#text} at (1,1) size 42x19
                text run at (1,1) width 42: "cell-a0"
            RenderTableCell {TD} at (49,232) size 45x21 [r=10 c=1 rs=1 cs=1]
              RenderText {#text} at (1,1) size 42x19
                text run at (1,1) width 42: "cell-a1"
            RenderTableCell {TD} at (96,232) size 45x21 [r=10 c=2 rs=1 cs=1]
              RenderText {#text} at (1,1) size 42x19
                text run at (1,1) width 42: "cell-a2"
            RenderTableCell {TD} at (143,232) size 45x21 [r=10 c=3 rs=1 cs=1]
              RenderText {#text} at (1,1) size 42x19
                text run at (1,1) width 42: "cell-a3"
          RenderTableRow {TR} at (0,255) size 190x21
            RenderTableCell {TD} at (2,255) size 45x21 [r=11 c=0 rs=1 cs=1]
              RenderText {#text} at (1,1) size 43x19
                text run at (1,1) width 43: "cell-b0"
            RenderTableCell {TD} at (49,255) size 45x21 [r=11 c=1 rs=1 cs=1]
              RenderText {#text} at (1,1) size 43x19
                text run at (1,1) width 43: "cell-b1"
            RenderTableCell {TD} at (96,255) size 45x21 [r=11 c=2 rs=1 cs=1]
              RenderText {#text} at (1,1) size 43x19
                text run at (1,1) width 43: "cell-b2"
            RenderTableCell {TD} at (143,255) size 45x21 [r=11 c=3 rs=1 cs=1]
              RenderText {#text} at (1,1) size 43x19
                text run at (1,1) width 43: "cell-b3"
          RenderTableRow {TR} at (0,278) size 190x21
            RenderTableCell {TD} at (2,278) size 45x21 [r=12 c=0 rs=1 cs=1]
              RenderText {#text} at (1,1) size 42x19
                text run at (1,1) width 42: "cell-c0"
            RenderTableCell {TD} at (49,278) size 45x21 [r=12 c=1 rs=1 cs=1]
              RenderText {#text} at (1,1) size 42x19
                text run at (1,1) width 42: "cell-c1"
            RenderTableCell {TD} at (96,278) size 45x21 [r=12 c=2 rs=1 cs=1]
              RenderText {#text} at (1,1) size 42x19
                text run at (1,1) width 42: "cell-c2"
            RenderTableCell {TD} at (143,278) size 45x21 [r=12 c=3 rs=1 cs=1]
              RenderText {#text} at (1,1) size 42x19
                text run at (1,1) width 42: "cell-c3"
          RenderTableRow {TR} at (0,301) size 190x21
            RenderTableCell {TD} at (2,301) size 45x21 [r=13 c=0 rs=1 cs=1]
              RenderText {#text} at (1,1) size 43x19
                text run at (1,1) width 43: "cell-d0"
            RenderTableCell {TD} at (49,301) size 45x21 [r=13 c=1 rs=1 cs=1]
              RenderText {#text} at (1,1) size 43x19
                text run at (1,1) width 43: "cell-d1"
            RenderTableCell {TD} at (96,301) size 45x21 [r=13 c=2 rs=1 cs=1]
              RenderText {#text} at (1,1) size 43x19
                text run at (1,1) width 43: "cell-d2"
            RenderTableCell {TD} at (143,301) size 45x21 [r=13 c=3 rs=1 cs=1]
              RenderText {#text} at (1,1) size 43x19
                text run at (1,1) width 43: "cell-d3"
          RenderTableRow {TR} at (0,324) size 190x21
            RenderTableCell {TD} at (2,324) size 45x21 [r=14 c=0 rs=1 cs=1]
              RenderText {#text} at (1,1) size 42x19
                text run at (1,1) width 42: "cell-e0"
            RenderTableCell {TD} at (49,324) size 45x21 [r=14 c=1 rs=1 cs=1]
              RenderText {#text} at (1,1) size 42x19
                text run at (1,1) width 42: "cell-e1"
            RenderTableCell {TD} at (96,324) size 45x21 [r=14 c=2 rs=1 cs=1]
              RenderText {#text} at (1,1) size 42x19
                text run at (1,1) width 42: "cell-e2"
            RenderTableCell {TD} at (143,324) size 45x21 [r=14 c=3 rs=1 cs=1]
              RenderText {#text} at (1,1) size 42x19
                text run at (1,1) width 42: "cell-e3"
          RenderTableRow {TR} at (0,347) size 190x21
            RenderTableCell {TD} at (2,347) size 45x21 [r=15 c=0 rs=1 cs=1]
              RenderText {#text} at (1,1) size 40x19
                text run at (1,1) width 40: "cell-f0"
            RenderTableCell {TD} at (49,347) size 45x21 [r=15 c=1 rs=1 cs=1]
              RenderText {#text} at (1,1) size 40x19
                text run at (1,1) width 40: "cell-f1"
            RenderTableCell {TD} at (96,347) size 45x21 [r=15 c=2 rs=1 cs=1]
              RenderText {#text} at (1,1) size 40x19
                text run at (1,1) width 40: "cell-f2"
            RenderTableCell {TD} at (143,347) size 45x21 [r=15 c=3 rs=1 cs=1]
              RenderText {#text} at (1,1) size 40x19
                text run at (1,1) width 40: "cell-f3"
        RenderTableSection {TFOOT} at (0,389) size 190x19
          RenderTableRow {TR} at (0,2) size 190x15
            RenderTableCell {TD} at (2,2) size 92x15 [r=0 c=0 rs=1 cs=2]
              RenderText {#text} at (1,1) size 47x13
                text run at (1,1) width 47: "FOOTER"
      RenderBlock (anonymous) at (0,1255) size 769x38
        RenderBR {BR} at (0,0) size 0x19
        RenderText {#text} at (0,19) size 614x19
          text run at (0,19) width 614: "This is a table formed from a list with display of table-row and list items with display of table-cell."
      RenderTable at (0,1293) size 204x19
        RenderTableSection (anonymous) at (0,0) size 204x19
          RenderTableRow {UL} at (0,0) size 204x19 [bgcolor=#FFA500]
            RenderTableCell {LI} at (0,0) size 34x19 [r=0 c=0 rs=1 cs=1]
              RenderText {#text} at (0,0) size 34x19
                text run at (0,0) width 34: "ONE"
            RenderTableCell {LI} at (34,0) size 37x19 [r=0 c=1 rs=1 cs=1]
              RenderText {#text} at (0,0) size 37x19
                text run at (0,0) width 37: "TWO"
            RenderTableCell {LI} at (71,0) size 53x19 [r=0 c=2 rs=1 cs=1]
              RenderText {#text} at (0,0) size 53x19
                text run at (0,0) width 53: "THREE"
            RenderTableCell {LI} at (124,0) size 44x19 [r=0 c=3 rs=1 cs=1]
              RenderText {#text} at (0,0) size 44x19
                text run at (0,0) width 44: "FOUR"
            RenderTableCell {LI} at (168,0) size 36x19 [r=0 c=4 rs=1 cs=1]
              RenderText {#text} at (0,0) size 36x19
                text run at (0,0) width 36: "FIVE"
      RenderBlock (anonymous) at (0,1312) size 769x38
        RenderBR {BR} at (0,0) size 0x19
        RenderText {#text} at (0,19) size 660x19
          text run at (0,19) width 660: "This is a table formed from a list with display of table-row-group and list items with display of table-cell. "
        RenderBR {BR} at (0,0) size 0x0
      RenderTable at (0,1350) size 230x19
        RenderTableSection {UL} at (0,0) size 230x19
          RenderTableRow (anonymous) at (0,0) size 230x19
            RenderTableCell {LI} at (0,0) size 34x19 [bgcolor=#FFA500] [r=0 c=0 rs=1 cs=1]
              RenderText {#text} at (0,0) size 34x19
                text run at (0,0) width 34: "ONE"
            RenderTableCell {LI} at (34,0) size 37x19 [bgcolor=#FFA500] [r=0 c=1 rs=1 cs=1]
              RenderText {#text} at (0,0) size 37x19
                text run at (0,0) width 37: "TWO"
            RenderTableCell {LI} at (71,0) size 53x19 [bgcolor=#FFA500] [r=0 c=2 rs=1 cs=1]
              RenderText {#text} at (0,0) size 53x19
                text run at (0,0) width 53: "THREE"
            RenderTableCell {LI} at (124,0) size 44x19 [bgcolor=#FFA500] [r=0 c=3 rs=1 cs=1]
              RenderText {#text} at (0,0) size 44x19
                text run at (0,0) width 44: "FOUR"
            RenderTableCell {LI} at (168,0) size 36x19 [bgcolor=#FFA500] [r=0 c=4 rs=1 cs=1]
              RenderText {#text} at (0,0) size 36x19
                text run at (0,0) width 36: "FIVE"
            RenderTableCell {LI} at (204,0) size 26x19 [bgcolor=#FFA500] [r=0 c=5 rs=1 cs=1]
              RenderText {#text} at (0,0) size 26x19
                text run at (0,0) width 26: "SIX"
      RenderBlock (anonymous) at (0,1369) size 769x38
        RenderBR {BR} at (0,0) size 0x19
        RenderText {#text} at (0,19) size 407x19
          text run at (0,19) width 407: "This is like the previous table plus the list's overflow property set"
      RenderTable at (0,1407) size 230x19
        RenderTableSection {UL} at (0,0) size 230x19
          RenderTableRow (anonymous) at (0,0) size 230x19
            RenderTableCell {LI} at (0,0) size 34x19 [bgcolor=#FFA500] [r=0 c=0 rs=1 cs=1]
              RenderText {#text} at (0,0) size 34x19
                text run at (0,0) width 34: "ONE"
            RenderTableCell {LI} at (34,0) size 37x19 [bgcolor=#FFA500] [r=0 c=1 rs=1 cs=1]
              RenderText {#text} at (0,0) size 37x19
                text run at (0,0) width 37: "TWO"
            RenderTableCell {LI} at (71,0) size 53x19 [bgcolor=#FFA500] [r=0 c=2 rs=1 cs=1]
              RenderText {#text} at (0,0) size 53x19
                text run at (0,0) width 53: "THREE"
            RenderTableCell {LI} at (124,0) size 44x19 [bgcolor=#FFA500] [r=0 c=3 rs=1 cs=1]
              RenderText {#text} at (0,0) size 44x19
                text run at (0,0) width 44: "FOUR"
            RenderTableCell {LI} at (168,0) size 36x19 [bgcolor=#FFA500] [r=0 c=4 rs=1 cs=1]
              RenderText {#text} at (0,0) size 36x19
                text run at (0,0) width 36: "FIVE"
            RenderTableCell {LI} at (204,0) size 26x19 [bgcolor=#FFA500] [r=0 c=5 rs=1 cs=1]
              RenderText {#text} at (0,0) size 26x19
                text run at (0,0) width 26: "SIX"
      RenderBlock (anonymous) at (0,1426) size 769x19
        RenderBR {BR} at (0,0) size 0x19
      RenderBlock {P} at (0,1461) size 769x234
        RenderBlock (anonymous) at (0,0) size 769x19
          RenderText {#text} at (0,0) size 430x19
            text run at (0,0) width 430: "The following table will have its rows and columns in red collapsed "
          RenderBR {BR} at (0,0) size 0x0
        RenderTable {TABLE} at (0,19) size 138x98 [bgcolor=#FFA500] [border: (1px outset #808080)]
          RenderBlock {CAPTION} at (0,0) size 136x19
            RenderInline {B} at (0,0) size 44x19
              RenderText {#text} at (46,0) size 44x19
                text run at (46,0) width 44: "before"
          RenderTableCol {COLGROUP} at (0,0) size 0x0
            RenderTableCol {COL} at (0,0) size 0x0
            RenderTableCol {COL} at (0,0) size 0x0
            RenderTableCol {COL} at (0,0) size 0x0
          RenderTableSection {TBODY} at (1,20) size 136x77
            RenderTableRow {TR} at (0,2) size 136x23
              RenderTableCell {TD} at (2,2) size 31x23 [border: (1px inset #808080)] [r=0 c=0 rs=1 cs=1]
                RenderText {#text} at (2,2) size 27x19
                  text run at (2,2) width 27: "C11"
              RenderTableCell {TD} at (35,2) size 31x23 [bgcolor=#FF0000] [border: (1px inset #808080)] [r=0 c=1 rs=1 cs=1]
                RenderText {#text} at (2,2) size 27x19
                  text run at (2,2) width 27: "C12"
              RenderTableCell {TD} at (68,2) size 66x23 [border: (1px inset #808080)] [r=0 c=2 rs=1 cs=1]
                RenderText {#text} at (2,2) size 62x19
                  text run at (2,2) width 62: "C13 large"
            RenderTableRow {TR} at (0,27) size 136x23 [bgcolor=#FF0000]
              RenderTableCell {TD} at (2,27) size 31x23 [border: (1px inset #808080)] [r=1 c=0 rs=1 cs=1]
                RenderText {#text} at (2,2) size 27x19
                  text run at (2,2) width 27: "C21"
              RenderTableCell {TD} at (35,27) size 31x23 [border: (1px inset #808080)] [r=1 c=1 rs=1 cs=1]
                RenderText {#text} at (2,2) size 27x19
                  text run at (2,2) width 27: "C22"
              RenderTableCell {TD} at (68,27) size 66x23 [border: (1px inset #808080)] [r=1 c=2 rs=1 cs=1]
                RenderText {#text} at (2,2) size 27x19
                  text run at (2,2) width 27: "C23"
            RenderTableRow {TR} at (0,52) size 136x23
              RenderTableCell {TD} at (2,52) size 31x23 [border: (1px inset #808080)] [r=2 c=0 rs=1 cs=1]
                RenderText {#text} at (2,2) size 27x19
                  text run at (2,2) width 27: "C31"
              RenderTableCell {TD} at (35,52) size 31x23 [bgcolor=#FF0000] [border: (1px inset #808080)] [r=2 c=1 rs=1 cs=1]
                RenderText {#text} at (2,2) size 27x19
                  text run at (2,2) width 27: "C32"
              RenderTableCell {TD} at (68,52) size 66x23 [border: (1px inset #808080)] [r=2 c=2 rs=1 cs=1]
                RenderText {#text} at (2,2) size 27x19
                  text run at (2,2) width 27: "C33"
        RenderBlock (anonymous) at (0,117) size 769x19
          RenderBR {BR} at (0,0) size 0x19
        RenderTable {TABLE} at (0,136) size 138x98 [bgcolor=#FFA500] [border: (1px outset #808080)]
          RenderBlock {CAPTION} at (0,0) size 136x19
            RenderInline {B} at (0,0) size 32x19
              RenderText {#text} at (52,0) size 32x19
                text run at (52,0) width 32: "after"
          RenderTableCol {COLGROUP} at (0,0) size 0x0
            RenderTableCol {COL} at (0,0) size 0x0
            RenderTableCol {COL} at (0,0) size 0x0
            RenderTableCol {COL} at (0,0) size 0x0
          RenderTableSection {TBODY} at (1,20) size 136x77
            RenderTableRow {TR} at (0,2) size 136x23
              RenderTableCell {TD} at (2,2) size 31x23 [border: (1px inset #808080)] [r=0 c=0 rs=1 cs=1]
                RenderText {#text} at (2,2) size 27x19
                  text run at (2,2) width 27: "C11"
              RenderTableCell {TD} at (35,2) size 31x23 [border: (1px inset #808080)] [r=0 c=1 rs=1 cs=1]
                RenderText {#text} at (2,2) size 27x19
                  text run at (2,2) width 27: "C12"
              RenderTableCell {TD} at (68,2) size 66x23 [border: (1px inset #808080)] [r=0 c=2 rs=1 cs=1]
                RenderText {#text} at (2,2) size 62x19
                  text run at (2,2) width 62: "C13 large"
            RenderTableRow {TR} at (0,27) size 136x23
              RenderTableCell {TD} at (2,27) size 31x23 [border: (1px inset #808080)] [r=1 c=0 rs=1 cs=1]
                RenderText {#text} at (2,2) size 27x19
                  text run at (2,2) width 27: "C21"
              RenderTableCell {TD} at (35,27) size 31x23 [border: (1px inset #808080)] [r=1 c=1 rs=1 cs=1]
                RenderText {#text} at (2,2) size 27x19
                  text run at (2,2) width 27: "C22"
              RenderTableCell {TD} at (68,27) size 66x23 [border: (1px inset #808080)] [r=1 c=2 rs=1 cs=1]
                RenderText {#text} at (2,2) size 27x19
                  text run at (2,2) width 27: "C23"
            RenderTableRow {TR} at (0,52) size 136x23
              RenderTableCell {TD} at (2,52) size 31x23 [border: (1px inset #808080)] [r=2 c=0 rs=1 cs=1]
                RenderText {#text} at (2,2) size 27x19
                  text run at (2,2) width 27: "C31"
              RenderTableCell {TD} at (35,52) size 31x23 [border: (1px inset #808080)] [r=2 c=1 rs=1 cs=1]
                RenderText {#text} at (2,2) size 27x19
                  text run at (2,2) width 27: "C32"
              RenderTableCell {TD} at (68,52) size 66x23 [border: (1px inset #808080)] [r=2 c=2 rs=1 cs=1]
                RenderText {#text} at (2,2) size 27x19
                  text run at (2,2) width 27: "C33"
      RenderBlock {P} at (0,1711) size 769x245
        RenderBlock (anonymous) at (0,0) size 769x19
          RenderText {#text} at (0,0) size 750x19
            text run at (0,0) width 750: "The following table will have its 2nd row and 2nd col collapsed. A window resize may be necessary to see it properly. "
          RenderBR {BR} at (750,15) size 0x0
        RenderTable {TABLE} at (0,19) size 188x113 [bgcolor=#FFA500] [border: (1px outset #808080)]
          RenderBlock {CAPTION} at (0,0) size 186x19
            RenderInline {B} at (0,0) size 44x19
              RenderText {#text} at (71,0) size 44x19
                text run at (71,0) width 44: "before"
          RenderTableCol {COLGROUP} at (0,0) size 0x0
            RenderTableCol {COL} at (0,0) size 0x0
            RenderTableCol {COL} at (0,0) size 0x0
            RenderTableCol {COL} at (0,0) size 0x0
            RenderTableCol {COL} at (0,0) size 0x0
          RenderTableSection {TBODY} at (1,20) size 186x92
            RenderTableRow {TR} at (0,0) size 186x23
              RenderTableCell {TD} at (0,0) size 31x23 [border: (1px inset #808080)] [r=0 c=0 rs=1 cs=1]
                RenderText {#text} at (2,2) size 27x19
                  text run at (2,2) width 27: "C11"
              RenderTableCell {TD} at (31,0) size 62x23 [border: (1px inset #808080)] [r=0 c=1 rs=1 cs=1]
                RenderText {#text} at (2,2) size 27x19
                  text run at (2,2) width 27: "C12"
              RenderTableCell {TD} at (93,0) size 62x23 [border: (1px inset #808080)] [r=0 c=2 rs=1 cs=1]
                RenderText {#text} at (2,2) size 27x19
                  text run at (2,2) width 27: "C13"
              RenderTableCell {TD} at (155,0) size 31x23 [border: (1px inset #808080)] [r=0 c=3 rs=1 cs=1]
                RenderText {#text} at (2,2) size 27x19
                  text run at (2,2) width 27: "C14"
            RenderTableRow {TR} at (0,23) size 186x23
              RenderTableCell {TD} at (0,23) size 31x23 [border: (1px inset #808080)] [r=1 c=0 rs=1 cs=1]
                RenderText {#text} at (2,2) size 27x19
                  text run at (2,2) width 27: "C21"
              RenderTableCell {TD} at (31,34) size 124x23 [border: (1px inset #808080)] [r=1 c=1 rs=2 cs=2]
                RenderText {#text} at (2,2) size 120x19
                  text run at (2,2) width 120: "C12 C13 C22 C23"
              RenderTableCell {TD} at (155,23) size 31x23 [border: (1px inset #808080)] [r=1 c=3 rs=1 cs=1]
                RenderText {#text} at (2,2) size 27x19
                  text run at (2,2) width 27: "C14"
            RenderTableRow {TR} at (0,46) size 186x23
              RenderTableCell {TD} at (0,46) size 31x23 [border: (1px inset #808080)] [r=2 c=0 rs=1 cs=1]
                RenderText {#text} at (2,2) size 27x19
                  text run at (2,2) width 27: "C31"
              RenderTableCell {TD} at (155,46) size 31x23 [border: (1px inset #808080)] [r=2 c=3 rs=1 cs=1]
                RenderText {#text} at (2,2) size 27x19
                  text run at (2,2) width 27: "C34"
            RenderTableRow {TR} at (0,69) size 186x23
              RenderTableCell {TD} at (0,69) size 31x23 [border: (1px inset #808080)] [r=3 c=0 rs=1 cs=1]
                RenderText {#text} at (2,2) size 27x19
                  text run at (2,2) width 27: "C41"
              RenderTableCell {TD} at (31,69) size 62x23 [border: (1px inset #808080)] [r=3 c=1 rs=1 cs=1]
                RenderText {#text} at (2,2) size 27x19
                  text run at (2,2) width 27: "C42"
              RenderTableCell {TD} at (93,69) size 62x23 [border: (1px inset #808080)] [r=3 c=2 rs=1 cs=1]
                RenderText {#text} at (2,2) size 27x19
                  text run at (2,2) width 27: "C43"
              RenderTableCell {TD} at (155,69) size 31x23 [border: (1px inset #808080)] [r=3 c=3 rs=1 cs=1]
                RenderText {#text} at (2,2) size 27x19
                  text run at (2,2) width 27: "C44"
        RenderTable {TABLE} at (0,132) size 188x113 [bgcolor=#FFA500] [border: (1px outset #808080)]
          RenderBlock {CAPTION} at (0,0) size 186x19
            RenderInline {B} at (0,0) size 32x19
              RenderText {#text} at (77,0) size 32x19
                text run at (77,0) width 32: "after"
          RenderTableCol {COLGROUP} at (0,0) size 0x0
            RenderTableCol {COL} at (0,0) size 0x0
            RenderTableCol {COL} at (0,0) size 0x0
            RenderTableCol {COL} at (0,0) size 0x0
            RenderTableCol {COL} at (0,0) size 0x0
          RenderTableSection {TBODY} at (1,20) size 186x92
            RenderTableRow {TR} at (0,0) size 186x23
              RenderTableCell {TD} at (0,0) size 31x23 [border: (1px inset #808080)] [r=0 c=0 rs=1 cs=1]
                RenderText {#text} at (2,2) size 27x19
                  text run at (2,2) width 27: "C11"
              RenderTableCell {TD} at (31,0) size 62x23 [border: (1px inset #808080)] [r=0 c=1 rs=1 cs=1]
                RenderText {#text} at (2,2) size 27x19
                  text run at (2,2) width 27: "C12"
              RenderTableCell {TD} at (93,0) size 62x23 [border: (1px inset #808080)] [r=0 c=2 rs=1 cs=1]
                RenderText {#text} at (2,2) size 27x19
                  text run at (2,2) width 27: "C13"
              RenderTableCell {TD} at (155,0) size 31x23 [border: (1px inset #808080)] [r=0 c=3 rs=1 cs=1]
                RenderText {#text} at (2,2) size 27x19
                  text run at (2,2) width 27: "C14"
            RenderTableRow {TR} at (0,23) size 186x23
              RenderTableCell {TD} at (0,23) size 31x23 [border: (1px inset #808080)] [r=1 c=0 rs=1 cs=1]
                RenderText {#text} at (2,2) size 27x19
                  text run at (2,2) width 27: "C21"
              RenderTableCell {TD} at (31,34) size 124x23 [border: (1px inset #808080)] [r=1 c=1 rs=2 cs=2]
                RenderText {#text} at (2,2) size 120x19
                  text run at (2,2) width 120: "C12 C13 C22 C23"
              RenderTableCell {TD} at (155,23) size 31x23 [border: (1px inset #808080)] [r=1 c=3 rs=1 cs=1]
                RenderText {#text} at (2,2) size 27x19
                  text run at (2,2) width 27: "C14"
            RenderTableRow {TR} at (0,46) size 186x23
              RenderTableCell {TD} at (0,46) size 31x23 [border: (1px inset #808080)] [r=2 c=0 rs=1 cs=1]
                RenderText {#text} at (2,2) size 27x19
                  text run at (2,2) width 27: "C31"
              RenderTableCell {TD} at (155,46) size 31x23 [border: (1px inset #808080)] [r=2 c=3 rs=1 cs=1]
                RenderText {#text} at (2,2) size 27x19
                  text run at (2,2) width 27: "C34"
            RenderTableRow {TR} at (0,69) size 186x23
              RenderTableCell {TD} at (0,69) size 31x23 [border: (1px inset #808080)] [r=3 c=0 rs=1 cs=1]
                RenderText {#text} at (2,2) size 27x19
                  text run at (2,2) width 27: "C41"
              RenderTableCell {TD} at (31,69) size 62x23 [border: (1px inset #808080)] [r=3 c=1 rs=1 cs=1]
                RenderText {#text} at (2,2) size 27x19
                  text run at (2,2) width 27: "C42"
              RenderTableCell {TD} at (93,69) size 62x23 [border: (1px inset #808080)] [r=3 c=2 rs=1 cs=1]
                RenderText {#text} at (2,2) size 27x19
                  text run at (2,2) width 27: "C43"
              RenderTableCell {TD} at (155,69) size 31x23 [border: (1px inset #808080)] [r=3 c=3 rs=1 cs=1]
                RenderText {#text} at (2,2) size 27x19
                  text run at (2,2) width 27: "C44"
      RenderBlock {P} at (0,1972) size 769x283
        RenderBlock (anonymous) at (0,0) size 769x19
          RenderText {#text} at (0,0) size 459x19
            text run at (0,0) width 459: "The following table will have its 1st row group collapsed (rows 1 and 2) "
          RenderBR {BR} at (459,15) size 0x0
        RenderTable {TABLE} at (0,19) size 126x113 [bgcolor=#FFA500] [border: (1px outset #808080)]
          RenderBlock {CAPTION} at (0,0) size 124x19
            RenderInline {B} at (0,0) size 44x19
              RenderText {#text} at (40,0) size 44x19
                text run at (40,0) width 44: "before"
          RenderTableSection {TBODY} at (1,20) size 124x46 [bgcolor=#FF0000]
            RenderTableRow {TR} at (0,0) size 124x23
              RenderTableCell {TD} at (0,0) size 31x23 [border: (1px inset #808080)] [r=0 c=0 rs=1 cs=1]
                RenderText {#text} at (2,2) size 27x19
                  text run at (2,2) width 27: "C11"
              RenderTableCell {TD} at (31,0) size 31x23 [border: (1px inset #808080)] [r=0 c=1 rs=1 cs=1]
                RenderText {#text} at (2,2) size 27x19
                  text run at (2,2) width 27: "C12"
              RenderTableCell {TD} at (62,0) size 31x23 [border: (1px inset #808080)] [r=0 c=2 rs=1 cs=1]
                RenderText {#text} at (2,2) size 27x19
                  text run at (2,2) width 27: "C13"
              RenderTableCell {TD} at (93,0) size 31x23 [border: (1px inset #808080)] [r=0 c=3 rs=1 cs=1]
                RenderText {#text} at (2,2) size 27x19
                  text run at (2,2) width 27: "C14"
            RenderTableRow {TR} at (0,23) size 124x23
              RenderTableCell {TD} at (0,23) size 31x23 [border: (1px inset #808080)] [r=1 c=0 rs=1 cs=1]
                RenderText {#text} at (2,2) size 27x19
                  text run at (2,2) width 27: "C21"
              RenderTableCell {TD} at (31,23) size 31x23 [border: (1px inset #808080)] [r=1 c=1 rs=1 cs=1]
                RenderText {#text} at (2,2) size 27x19
                  text run at (2,2) width 27: "C22"
              RenderTableCell {TD} at (62,23) size 31x23 [border: (1px inset #808080)] [r=1 c=2 rs=1 cs=1]
                RenderText {#text} at (2,2) size 27x19
                  text run at (2,2) width 27: "C23"
              RenderTableCell {TD} at (93,23) size 31x23 [border: (1px inset #808080)] [r=1 c=3 rs=1 cs=1]
                RenderText {#text} at (2,2) size 27x19
                  text run at (2,2) width 27: "C24"
          RenderTableSection {TBODY} at (1,66) size 124x46
            RenderTableRow {TR} at (0,0) size 124x23
              RenderTableCell {TD} at (0,0) size 31x23 [border: (1px inset #808080)] [r=0 c=0 rs=1 cs=1]
                RenderText {#text} at (2,2) size 27x19
                  text run at (2,2) width 27: "C31"
              RenderTableCell {TD} at (31,0) size 31x23 [border: (1px inset #808080)] [r=0 c=1 rs=1 cs=1]
                RenderText {#text} at (2,2) size 27x19
                  text run at (2,2) width 27: "C32"
              RenderTableCell {TD} at (62,0) size 31x23 [border: (1px inset #808080)] [r=0 c=2 rs=1 cs=1]
                RenderText {#text} at (2,2) size 27x19
                  text run at (2,2) width 27: "C33"
              RenderTableCell {TD} at (93,0) size 31x23 [border: (1px inset #808080)] [r=0 c=3 rs=1 cs=1]
                RenderText {#text} at (2,2) size 27x19
                  text run at (2,2) width 27: "C34"
            RenderTableRow {TR} at (0,23) size 124x23
              RenderTableCell {TD} at (0,23) size 31x23 [border: (1px inset #808080)] [r=1 c=0 rs=1 cs=1]
                RenderText {#text} at (2,2) size 27x19
                  text run at (2,2) width 27: "C41"
              RenderTableCell {TD} at (31,23) size 31x23 [border: (1px inset #808080)] [r=1 c=1 rs=1 cs=1]
                RenderText {#text} at (2,2) size 27x19
                  text run at (2,2) width 27: "C42"
              RenderTableCell {TD} at (62,23) size 31x23 [border: (1px inset #808080)] [r=1 c=2 rs=1 cs=1]
                RenderText {#text} at (2,2) size 27x19
                  text run at (2,2) width 27: "C43"
              RenderTableCell {TD} at (93,23) size 31x23 [border: (1px inset #808080)] [r=1 c=3 rs=1 cs=1]
                RenderText {#text} at (2,2) size 27x19
                  text run at (2,2) width 27: "C44"
        RenderBlock (anonymous) at (0,132) size 769x19
          RenderBR {BR} at (0,0) size 0x19
        RenderTable {TABLE} at (0,151) size 126x113 [bgcolor=#FFA500] [border: (1px outset #808080)]
          RenderBlock {CAPTION} at (0,0) size 124x19
            RenderInline {B} at (0,0) size 32x19
              RenderText {#text} at (46,0) size 32x19
                text run at (46,0) width 32: "after"
          RenderTableSection {TBODY} at (1,20) size 124x46
            RenderTableRow {TR} at (0,0) size 124x23
              RenderTableCell {TD} at (0,0) size 31x23 [border: (1px inset #808080)] [r=0 c=0 rs=1 cs=1]
                RenderText {#text} at (2,2) size 27x19
                  text run at (2,2) width 27: "C11"
              RenderTableCell {TD} at (31,0) size 31x23 [border: (1px inset #808080)] [r=0 c=1 rs=1 cs=1]
                RenderText {#text} at (2,2) size 27x19
                  text run at (2,2) width 27: "C12"
              RenderTableCell {TD} at (62,0) size 31x23 [border: (1px inset #808080)] [r=0 c=2 rs=1 cs=1]
                RenderText {#text} at (2,2) size 27x19
                  text run at (2,2) width 27: "C13"
              RenderTableCell {TD} at (93,0) size 31x23 [border: (1px inset #808080)] [r=0 c=3 rs=1 cs=1]
                RenderText {#text} at (2,2) size 27x19
                  text run at (2,2) width 27: "C14"
            RenderTableRow {TR} at (0,23) size 124x23
              RenderTableCell {TD} at (0,23) size 31x23 [border: (1px inset #808080)] [r=1 c=0 rs=1 cs=1]
                RenderText {#text} at (2,2) size 27x19
                  text run at (2,2) width 27: "C21"
              RenderTableCell {TD} at (31,23) size 31x23 [border: (1px inset #808080)] [r=1 c=1 rs=1 cs=1]
                RenderText {#text} at (2,2) size 27x19
                  text run at (2,2) width 27: "C22"
              RenderTableCell {TD} at (62,23) size 31x23 [border: (1px inset #808080)] [r=1 c=2 rs=1 cs=1]
                RenderText {#text} at (2,2) size 27x19
                  text run at (2,2) width 27: "C23"
              RenderTableCell {TD} at (93,23) size 31x23 [border: (1px inset #808080)] [r=1 c=3 rs=1 cs=1]
                RenderText {#text} at (2,2) size 27x19
                  text run at (2,2) width 27: "C24"
          RenderTableSection {TBODY} at (1,66) size 124x46
            RenderTableRow {TR} at (0,0) size 124x23
              RenderTableCell {TD} at (0,0) size 31x23 [border: (1px inset #808080)] [r=0 c=0 rs=1 cs=1]
                RenderText {#text} at (2,2) size 27x19
                  text run at (2,2) width 27: "C31"
              RenderTableCell {TD} at (31,0) size 31x23 [border: (1px inset #808080)] [r=0 c=1 rs=1 cs=1]
                RenderText {#text} at (2,2) size 27x19
                  text run at (2,2) width 27: "C32"
              RenderTableCell {TD} at (62,0) size 31x23 [border: (1px inset #808080)] [r=0 c=2 rs=1 cs=1]
                RenderText {#text} at (2,2) size 27x19
                  text run at (2,2) width 27: "C33"
              RenderTableCell {TD} at (93,0) size 31x23 [border: (1px inset #808080)] [r=0 c=3 rs=1 cs=1]
                RenderText {#text} at (2,2) size 27x19
                  text run at (2,2) width 27: "C34"
            RenderTableRow {TR} at (0,23) size 124x23
              RenderTableCell {TD} at (0,23) size 31x23 [border: (1px inset #808080)] [r=1 c=0 rs=1 cs=1]
                RenderText {#text} at (2,2) size 27x19
                  text run at (2,2) width 27: "C41"
              RenderTableCell {TD} at (31,23) size 31x23 [border: (1px inset #808080)] [r=1 c=1 rs=1 cs=1]
                RenderText {#text} at (2,2) size 27x19
                  text run at (2,2) width 27: "C42"
              RenderTableCell {TD} at (62,23) size 31x23 [border: (1px inset #808080)] [r=1 c=2 rs=1 cs=1]
                RenderText {#text} at (2,2) size 27x19
                  text run at (2,2) width 27: "C43"
              RenderTableCell {TD} at (93,23) size 31x23 [border: (1px inset #808080)] [r=1 c=3 rs=1 cs=1]
                RenderText {#text} at (2,2) size 27x19
                  text run at (2,2) width 27: "C44"
        RenderBlock (anonymous) at (0,264) size 769x19
          RenderBR {BR} at (0,0) size 0x19
      RenderBlock {P} at (0,2271) size 769x264
        RenderBlock (anonymous) at (0,0) size 769x38
          RenderText {#text} at (0,0) size 755x38
            text run at (0,0) width 554: "The following table is similar to a previous table except that the direction is right-to-left. "
            text run at (554,0) width 201: "It will have its 2nd row and 2nd"
            text run at (0,19) width 430: "col collapsed. A window resize may be necessary to see it properly. "
          RenderBR {BR} at (430,34) size 0x0
        RenderTable {TABLE} at (0,38) size 188x113 [bgcolor=#FFA500] [border: (1px outset #808080)]
          RenderBlock {CAPTION} at (0,0) size 186x19
            RenderInline {B} at (0,0) size 44x19
              RenderText {#text} at (71,0) size 44x19
                text run at (71,0) width 44: "before"
          RenderTableCol {COLGROUP} at (0,0) size 0x0
            RenderTableCol {COL} at (0,0) size 0x0
            RenderTableCol {COL} at (0,0) size 0x0
            RenderTableCol {COL} at (0,0) size 0x0
            RenderTableCol {COL} at (0,0) size 0x0
          RenderTableSection {TBODY} at (1,20) size 186x92
            RenderTableRow {TR} at (0,0) size 186x23
              RenderTableCell {TD} at (155,0) size 31x23 [border: (1px inset #808080)] [r=0 c=0 rs=1 cs=1]
                RenderText {#text} at (2,2) size 27x19
                  text run at (2,2) width 27: "C11"
              RenderTableCell {TD} at (93,0) size 62x23 [border: (1px inset #808080)] [r=0 c=1 rs=1 cs=1]
                RenderText {#text} at (33,2) size 27x19
                  text run at (33,2) width 27: "C12"
              RenderTableCell {TD} at (31,0) size 62x23 [border: (1px inset #808080)] [r=0 c=2 rs=1 cs=1]
                RenderText {#text} at (33,2) size 27x19
                  text run at (33,2) width 27: "C13"
              RenderTableCell {TD} at (0,0) size 31x23 [border: (1px inset #808080)] [r=0 c=3 rs=1 cs=1]
                RenderText {#text} at (2,2) size 27x19
                  text run at (2,2) width 27: "C14"
            RenderTableRow {TR} at (0,23) size 186x23
              RenderTableCell {TD} at (155,23) size 31x23 [border: (1px inset #808080)] [r=1 c=0 rs=1 cs=1]
                RenderText {#text} at (2,2) size 27x19
                  text run at (2,2) width 27: "C21"
              RenderTableCell {TD} at (31,34) size 124x23 [border: (1px inset #808080)] [r=1 c=1 rs=2 cs=2]
                RenderText {#text} at (2,2) size 120x19
                  text run at (2,2) width 120: "C12 C13 C22 C23"
              RenderTableCell {TD} at (0,23) size 31x23 [border: (1px inset #808080)] [r=1 c=3 rs=1 cs=1]
                RenderText {#text} at (2,2) size 27x19
                  text run at (2,2) width 27: "C14"
            RenderTableRow {TR} at (0,46) size 186x23
              RenderTableCell {TD} at (155,46) size 31x23 [border: (1px inset #808080)] [r=2 c=0 rs=1 cs=1]
                RenderText {#text} at (2,2) size 27x19
                  text run at (2,2) width 27: "C31"
              RenderTableCell {TD} at (0,46) size 31x23 [border: (1px inset #808080)] [r=2 c=3 rs=1 cs=1]
                RenderText {#text} at (2,2) size 27x19
                  text run at (2,2) width 27: "C34"
            RenderTableRow {TR} at (0,69) size 186x23
              RenderTableCell {TD} at (155,69) size 31x23 [border: (1px inset #808080)] [r=3 c=0 rs=1 cs=1]
                RenderText {#text} at (2,2) size 27x19
                  text run at (2,2) width 27: "C41"
              RenderTableCell {TD} at (93,69) size 62x23 [border: (1px inset #808080)] [r=3 c=1 rs=1 cs=1]
                RenderText {#text} at (33,2) size 27x19
                  text run at (33,2) width 27: "C42"
              RenderTableCell {TD} at (31,69) size 62x23 [border: (1px inset #808080)] [r=3 c=2 rs=1 cs=1]
                RenderText {#text} at (33,2) size 27x19
                  text run at (33,2) width 27: "C43"
              RenderTableCell {TD} at (0,69) size 31x23 [border: (1px inset #808080)] [r=3 c=3 rs=1 cs=1]
                RenderText {#text} at (2,2) size 27x19
                  text run at (2,2) width 27: "C44"
        RenderTable {TABLE} at (0,151) size 188x113 [bgcolor=#FFA500] [border: (1px outset #808080)]
          RenderBlock {CAPTION} at (0,0) size 186x19
            RenderInline {B} at (0,0) size 32x19
              RenderText {#text} at (77,0) size 32x19
                text run at (77,0) width 32: "after"
          RenderTableCol {COLGROUP} at (0,0) size 0x0
            RenderTableCol {COL} at (0,0) size 0x0
            RenderTableCol {COL} at (0,0) size 0x0
            RenderTableCol {COL} at (0,0) size 0x0
            RenderTableCol {COL} at (0,0) size 0x0
          RenderTableSection {TBODY} at (1,20) size 186x92
            RenderTableRow {TR} at (0,0) size 186x23
              RenderTableCell {TD} at (155,0) size 31x23 [border: (1px inset #808080)] [r=0 c=0 rs=1 cs=1]
                RenderText {#text} at (2,2) size 27x19
                  text run at (2,2) width 27: "C11"
              RenderTableCell {TD} at (93,0) size 62x23 [border: (1px inset #808080)] [r=0 c=1 rs=1 cs=1]
                RenderText {#text} at (33,2) size 27x19
                  text run at (33,2) width 27: "C12"
              RenderTableCell {TD} at (31,0) size 62x23 [border: (1px inset #808080)] [r=0 c=2 rs=1 cs=1]
                RenderText {#text} at (33,2) size 27x19
                  text run at (33,2) width 27: "C13"
              RenderTableCell {TD} at (0,0) size 31x23 [border: (1px inset #808080)] [r=0 c=3 rs=1 cs=1]
                RenderText {#text} at (2,2) size 27x19
                  text run at (2,2) width 27: "C14"
            RenderTableRow {TR} at (0,23) size 186x23
              RenderTableCell {TD} at (155,23) size 31x23 [border: (1px inset #808080)] [r=1 c=0 rs=1 cs=1]
                RenderText {#text} at (2,2) size 27x19
                  text run at (2,2) width 27: "C21"
              RenderTableCell {TD} at (31,34) size 124x23 [border: (1px inset #808080)] [r=1 c=1 rs=2 cs=2]
                RenderText {#text} at (2,2) size 120x19
                  text run at (2,2) width 120: "C12 C13 C22 C23"
              RenderTableCell {TD} at (0,23) size 31x23 [border: (1px inset #808080)] [r=1 c=3 rs=1 cs=1]
                RenderText {#text} at (2,2) size 27x19
                  text run at (2,2) width 27: "C14"
            RenderTableRow {TR} at (0,46) size 186x23
              RenderTableCell {TD} at (155,46) size 31x23 [border: (1px inset #808080)] [r=2 c=0 rs=1 cs=1]
                RenderText {#text} at (2,2) size 27x19
                  text run at (2,2) width 27: "C31"
              RenderTableCell {TD} at (0,46) size 31x23 [border: (1px inset #808080)] [r=2 c=3 rs=1 cs=1]
                RenderText {#text} at (2,2) size 27x19
                  text run at (2,2) width 27: "C34"
            RenderTableRow {TR} at (0,69) size 186x23
              RenderTableCell {TD} at (155,69) size 31x23 [border: (1px inset #808080)] [r=3 c=0 rs=1 cs=1]
                RenderText {#text} at (2,2) size 27x19
                  text run at (2,2) width 27: "C41"
              RenderTableCell {TD} at (93,69) size 62x23 [border: (1px inset #808080)] [r=3 c=1 rs=1 cs=1]
                RenderText {#text} at (33,2) size 27x19
                  text run at (33,2) width 27: "C42"
              RenderTableCell {TD} at (31,69) size 62x23 [border: (1px inset #808080)] [r=3 c=2 rs=1 cs=1]
                RenderText {#text} at (33,2) size 27x19
                  text run at (33,2) width 27: "C43"
              RenderTableCell {TD} at (0,69) size 31x23 [border: (1px inset #808080)] [r=3 c=3 rs=1 cs=1]
                RenderText {#text} at (2,2) size 27x19
                  text run at (2,2) width 27: "C44"
