layer at (0,0) size 800x600
  RenderView at (0,0) size 800x600
layer at (0,0) size 800x600
  RenderBlock {HTML} at (0,0) size 800x600
    RenderBody {BODY} at (8,8) size 784x584
      RenderTextControl {INPUT} at (2,2) size 186x25
      RenderText {#text} at (0,0) size 0x0
      RenderText {#text} at (0,0) size 0x0
layer at (12,12) size 182x21
  RenderBlock {DIV} at (2,2) size 182x21
    RenderText {#text} at (1,0) size 124x21
      text run at (1,0) width 124: "some sample text"
selection start: position 5 of child 0 {#text} of child 0 {DIV} of {#shadow-root} of child 1 {INPUT} of body
selection end:   position 15 of child 0 {#text} of child 0 {DIV} of {#shadow-root} of child 1 {INPUT} of body
