layer at (0,0) size 785x585
  RenderView at (0,0) size 785x585
layer at (0,0) size 785x178
  RenderBlock {HTML} at (0,0) size 785x178
    RenderBody {BODY} at (8,8) size 162x162 [color=#000080] [border: (1px solid #000080)]
      RenderBlock {P} at (1,17) size 160x76
        RenderText {#text} at (0,0) size 142x76
          text run at (0,0) width 102: "There should be"
          text run at (0,19) width 105: "scrollbars for the"
          text run at (0,38) width 142: "viewport -- not for this"
          text run at (0,57) width 28: "box."
      RenderBlock {P} at (1,109) size 160x19 [color=#808080]
        RenderText {#text} at (0,0) size 106x19
          text run at (0,0) width 106: "This is filler text."
      RenderBlock {P} at (1,144) size 160x19 [color=#808080]
        RenderText {#text} at (0,0) size 106x19
          text run at (0,0) width 106: "This is filler text."
      RenderBlock {P} at (1,179) size 160x19 [color=#808080]
        RenderText {#text} at (0,0) size 106x19
          text run at (0,0) width 106: "This is filler text."
      RenderBlock {P} at (1,214) size 160x19 [color=#808080]
        RenderText {#text} at (0,0) size 106x19
          text run at (0,0) width 106: "This is filler text."
