layer at (0,0) size 785x585
  RenderView at (0,0) size 785x585
layer at (0,0) size 785x340
  RenderBlock {HTML} at (0,0) size 785x340
    RenderBody {BODY} at (8,170) size 162x162 [color=#000080] [border: (1px solid #000080)]
      RenderBlock {P} at (1,17) size 160x133
        RenderText {#text} at (0,0) size 155x133
          text run at (0,0) width 102: "There should be"
          text run at (0,19) width 105: "scrollbars for the"
          text run at (0,38) width 142: "viewport -- not for this"
          text run at (0,57) width 155: "box. (Additionally, there"
          text run at (0,76) width 142: "should be a box above"
          text run at (0,95) width 90: "that does have"
          text run at (0,114) width 69: "scrollbars.)"
      RenderBlock {P} at (1,166) size 160x19 [color=#808080]
        RenderText {#text} at (0,0) size 106x19
          text run at (0,0) width 106: "This is filler text."
      RenderBlock {P} at (1,201) size 160x19 [color=#808080]
        RenderText {#text} at (0,0) size 106x19
          text run at (0,0) width 106: "This is filler text."
      RenderBlock {P} at (1,236) size 160x19 [color=#808080]
        RenderText {#text} at (0,0) size 106x19
          text run at (0,0) width 106: "This is filler text."
      RenderBlock {P} at (1,271) size 160x19 [color=#808080]
        RenderText {#text} at (0,0) size 106x19
          text run at (0,0) width 106: "This is filler text."
layer at (0,0) size 162x162 clip at (1,1) size 145x145
  RenderBlock {body} at (0,0) size 162x162 [color=#000080] [border: (1px solid #000080)]
