layer at (0,0) size 808x584
  RenderView at (0,0) size 800x584
layer at (0,0) size 800x584
  RenderBlock {html} at (0,0) size 800x584
    RenderBody {body} at (8,16) size 784x443
      RenderBlock {p} at (0,0) size 784x44
        RenderText {#text} at (0,0) size 767x44
          text run at (0,0) width 767: "The left edges of the black boxes below should line up with the left edges of their containing red or green boxes. In"
          text run at (0,22) width 305: "addition, all the assertions below should pass."
      RenderBlock {div} at (0,60) size 800x200
        RenderSVGRoot {svg} at (8,76) size 570x200
          RenderSVGPath {rect} at (8,86) size 70x160 [fill={[type=SOLID] [color=#FF0000]}] [x=0.00] [y=10.00] [width=70.00] [height=160.00]
          RenderSVGPath {rect} at (78,86) size 100x150 [fill={[type=SOLID] [color=#008000]}] [x=70.00] [y=10.00] [width=100.00] [height=150.00]
          RenderSVGPath {rect} at (178,86) size 70x140 [fill={[type=SOLID] [color=#FF0000]}] [x=170.00] [y=10.00] [width=70.00] [height=140.00]
          RenderSVGPath {rect} at (248,86) size 70x130 [fill={[type=SOLID] [color=#008000]}] [x=240.00] [y=10.00] [width=70.00] [height=130.00]
          RenderSVGPath {rect} at (318,86) size 80x120 [fill={[type=SOLID] [color=#FF0000]}] [x=310.00] [y=10.00] [width=80.00] [height=120.00]
          RenderSVGPath {rect} at (398,86) size 60x110 [fill={[type=SOLID] [color=#008000]}] [x=390.00] [y=10.00] [width=60.00] [height=110.00]
          RenderSVGText {text} at (0,-90) size 570x600 contains 1 chunk(s)
            RenderSVGInlineText {#text} at (0,0) size 570x600
              chunk 1 text run 1 at (0.00,10.00) startOffset 0 endOffset 9 width 510.00: "GGDGGBBBF"
              chunk 1 text run 2 at (490.00,10.00) startOffset 9 endOffset 10 width 80.00: "B"
        RenderText {#text} at (0,0) size 0x0
      RenderBlock {pre} at (0,273) size 784x170
        RenderInline {span} at (0,0) size 233x17
          RenderInline {span} at (0,0) size 233x17
            RenderInline {span} at (0,0) size 36x17
              RenderText {#text} at (0,0) size 36x17
                text run at (0,0) width 36: "PASS"
            RenderText {#text} at (36,0) size 197x17
              text run at (36,0) width 197: " t.getStartPositionOfChar(0).x is 0"
          RenderBR {br} at (233,0) size 0x17
        RenderInline {span} at (0,0) size 233x17
          RenderInline {span} at (0,0) size 233x17
            RenderInline {span} at (0,0) size 36x17
              RenderText {#text} at (0,17) size 36x17
                text run at (0,17) width 36: "PASS"
            RenderText {#text} at (36,17) size 197x17
              text run at (36,17) width 197: " t.getStartPositionOfChar(1).x is 0"
          RenderBR {br} at (233,17) size 0x17
        RenderInline {span} at (0,0) size 263x17
          RenderInline {span} at (0,0) size 263x17
            RenderInline {span} at (0,0) size 36x17
              RenderText {#text} at (0,34) size 36x17
                text run at (0,34) width 36: "PASS"
            RenderText {#text} at (36,34) size 227x17
              text run at (36,34) width 227: " t.getStartPositionOfChar(2).x is 0 + 70"
          RenderBR {br} at (263,34) size 0x17
        RenderInline {span} at (0,0) size 300x17
          RenderInline {span} at (0,0) size 300x17
            RenderInline {span} at (0,0) size 36x17
              RenderText {#text} at (0,51) size 36x17
                text run at (0,51) width 36: "PASS"
            RenderText {#text} at (36,51) size 264x17
              text run at (36,51) width 264: " t.getStartPositionOfChar(3).x is 0 + 70 + 100"
          RenderBR {br} at (300,51) size 0x17
        RenderInline {span} at (0,0) size 300x17
          RenderInline {span} at (0,0) size 300x17
            RenderInline {span} at (0,0) size 36x17
              RenderText {#text} at (0,68) size 36x17
                text run at (0,68) width 36: "PASS"
            RenderText {#text} at (36,68) size 264x17
              text run at (36,68) width 264: " t.getStartPositionOfChar(4).x is 0 + 70 + 100"
          RenderBR {br} at (300,68) size 0x17
        RenderInline {span} at (0,0) size 330x17
          RenderInline {span} at (0,0) size 330x17
            RenderInline {span} at (0,0) size 36x17
              RenderText {#text} at (0,85) size 36x17
                text run at (0,85) width 36: "PASS"
            RenderText {#text} at (36,85) size 294x17
              text run at (36,85) width 294: " t.getStartPositionOfChar(5).x is 0 + 70 + 100 + 70"
          RenderBR {br} at (330,85) size 0x17
        RenderInline {span} at (0,0) size 330x17
          RenderInline {span} at (0,0) size 330x17
            RenderInline {span} at (0,0) size 36x17
              RenderText {#text} at (0,102) size 36x17
                text run at (0,102) width 36: "PASS"
            RenderText {#text} at (36,102) size 294x17
              text run at (36,102) width 294: " t.getStartPositionOfChar(6).x is 0 + 70 + 100 + 70"
          RenderBR {br} at (330,102) size 0x17
        RenderInline {span} at (0,0) size 360x17
          RenderInline {span} at (0,0) size 360x17
            RenderInline {span} at (0,0) size 36x17
              RenderText {#text} at (0,119) size 36x17
                text run at (0,119) width 36: "PASS"
            RenderText {#text} at (36,119) size 324x17
              text run at (36,119) width 324: " t.getStartPositionOfChar(7).x is 0 + 70 + 100 + 70 + 70"
          RenderBR {br} at (360,119) size 0x17
        RenderInline {span} at (0,0) size 390x17
          RenderInline {span} at (0,0) size 390x17
            RenderInline {span} at (0,0) size 36x17
              RenderText {#text} at (0,136) size 36x17
                text run at (0,136) width 36: "PASS"
            RenderText {#text} at (36,136) size 354x17
              text run at (36,136) width 354: " t.getStartPositionOfChar(8).x is 0 + 70 + 100 + 70 + 70 + 80"
          RenderBR {br} at (390,136) size 0x17
        RenderInline {span} at (0,0) size 427x17
          RenderInline {span} at (0,0) size 427x17
            RenderInline {span} at (0,0) size 36x17
              RenderText {#text} at (0,153) size 36x17
                text run at (0,153) width 36: "PASS"
            RenderText {#text} at (36,153) size 391x17
              text run at (36,153) width 391: " t.getStartPositionOfChar(9).x is 0 + 70 + 100 + 70 + 70 + 80 + 100"
          RenderBR {br} at (427,153) size 0x17
