layer at (0,0) size 808x627
  RenderView at (0,0) size 784x584
layer at (0,0) size 784x584
  RenderBlock {html} at (0,0) size 784x584
    RenderBody {body} at (8,16) size 768x611
      RenderBlock {p} at (0,0) size 768x42
        RenderText {#text} at (0,0) size 736x42
          text run at (0,0) width 736: "The left edges of the black boxes below should line up with the left edges of their containing red or green"
          text run at (0,21) width 394: "boxes. In addition, all the assertions below should pass."
      RenderBlock {div} at (0,58) size 800x200
        RenderSVGRoot {svg} at (8,74) size 450x200
          RenderSVGRect {rect} at (8,84) size 70x160 [fill={[type=SOLID] [color=#FF0000]}] [x=0.00] [y=10.00] [width=70.00] [height=160.00]
          RenderSVGRect {rect} at (78,84) size 100x150 [fill={[type=SOLID] [color=#008000]}] [x=70.00] [y=10.00] [width=100.00] [height=150.00]
          RenderSVGRect {rect} at (178,84) size 70x140 [fill={[type=SOLID] [color=#FF0000]}] [x=170.00] [y=10.00] [width=70.00] [height=140.00]
          RenderSVGRect {rect} at (248,84) size 70x130 [fill={[type=SOLID] [color=#008000]}] [x=240.00] [y=10.00] [width=70.00] [height=130.00]
          RenderSVGRect {rect} at (318,84) size 80x120 [fill={[type=SOLID] [color=#FF0000]}] [x=310.00] [y=10.00] [width=80.00] [height=120.00]
          RenderSVGRect {rect} at (398,84) size 60x110 [fill={[type=SOLID] [color=#008000]}] [x=390.00] [y=10.00] [width=60.00] [height=110.00]
          RenderSVGText {text} at (0,-90) size 450x600 contains 1 chunk(s)
            RenderSVGInlineText {#text} at (0,0) size 450x600
              chunk 1 text run 1 at (0.00,10.00) startOffset 0 endOffset 10 width 450.00: "GGDGGBBBDB"
        RenderText {#text} at (0,0) size 0x0
      RenderBlock {pre} at (0,271) size 768x340
        RenderInline {span} at (0,0) size 252x17
          RenderInline {span} at (0,0) size 252x17
            RenderInline {span} at (0,0) size 35x17
              RenderText {#text} at (0,0) size 35x17
                text run at (0,0) width 35: "PASS"
            RenderText {#text} at (35,0) size 217x17
              text run at (35,0) width 217: " t.getStartPositionOfChar(0).x is 0"
          RenderBR {br} at (252,0) size 0x17
        RenderInline {span} at (0,0) size 252x17
          RenderInline {span} at (0,0) size 252x17
            RenderInline {span} at (0,0) size 35x17
              RenderText {#text} at (0,17) size 35x17
                text run at (0,17) width 35: "PASS"
            RenderText {#text} at (35,17) size 217x17
              text run at (35,17) width 217: " t.getStartPositionOfChar(1).x is 0"
          RenderBR {br} at (252,17) size 0x17
        RenderInline {span} at (0,0) size 284x17
          RenderInline {span} at (0,0) size 284x17
            RenderInline {span} at (0,0) size 35x17
              RenderText {#text} at (0,34) size 35x17
                text run at (0,34) width 35: "PASS"
            RenderText {#text} at (35,34) size 249x17
              text run at (35,34) width 249: " t.getStartPositionOfChar(2).x is 0 + 70"
          RenderBR {br} at (284,34) size 0x17
        RenderInline {span} at (0,0) size 324x17
          RenderInline {span} at (0,0) size 324x17
            RenderInline {span} at (0,0) size 35x17
              RenderText {#text} at (0,51) size 35x17
                text run at (0,51) width 35: "PASS"
            RenderText {#text} at (35,51) size 289x17
              text run at (35,51) width 289: " t.getStartPositionOfChar(3).x is 0 + 70 + 100"
          RenderBR {br} at (324,51) size 0x17
        RenderInline {span} at (0,0) size 324x17
          RenderInline {span} at (0,0) size 324x17
            RenderInline {span} at (0,0) size 35x17
              RenderText {#text} at (0,68) size 35x17
                text run at (0,68) width 35: "PASS"
            RenderText {#text} at (35,68) size 289x17
              text run at (35,68) width 289: " t.getStartPositionOfChar(4).x is 0 + 70 + 100"
          RenderBR {br} at (324,68) size 0x17
        RenderInline {span} at (0,0) size 356x17
          RenderInline {span} at (0,0) size 356x17
            RenderInline {span} at (0,0) size 35x17
              RenderText {#text} at (0,85) size 35x17
                text run at (0,85) width 35: "PASS"
            RenderText {#text} at (35,85) size 321x17
              text run at (35,85) width 321: " t.getStartPositionOfChar(5).x is 0 + 70 + 100 + 70"
          RenderBR {br} at (356,85) size 0x17
        RenderInline {span} at (0,0) size 356x17
          RenderInline {span} at (0,0) size 356x17
            RenderInline {span} at (0,0) size 35x17
              RenderText {#text} at (0,102) size 35x17
                text run at (0,102) width 35: "PASS"
            RenderText {#text} at (35,102) size 321x17
              text run at (35,102) width 321: " t.getStartPositionOfChar(6).x is 0 + 70 + 100 + 70"
          RenderBR {br} at (356,102) size 0x17
        RenderInline {span} at (0,0) size 388x17
          RenderInline {span} at (0,0) size 388x17
            RenderInline {span} at (0,0) size 35x17
              RenderText {#text} at (0,119) size 35x17
                text run at (0,119) width 35: "PASS"
            RenderText {#text} at (35,119) size 353x17
              text run at (35,119) width 353: " t.getStartPositionOfChar(7).x is 0 + 70 + 100 + 70 + 70"
          RenderBR {br} at (388,119) size 0x17
        RenderInline {span} at (0,0) size 388x17
          RenderInline {span} at (0,0) size 388x17
            RenderInline {span} at (0,0) size 35x17
              RenderText {#text} at (0,136) size 35x17
                text run at (0,136) width 35: "PASS"
            RenderText {#text} at (35,136) size 353x17
              text run at (35,136) width 353: " t.getStartPositionOfChar(8).x is 0 + 70 + 100 + 70 + 70"
          RenderBR {br} at (388,136) size 0x17
        RenderInline {span} at (0,0) size 420x17
          RenderInline {span} at (0,0) size 420x17
            RenderInline {span} at (0,0) size 35x17
              RenderText {#text} at (0,153) size 35x17
                text run at (0,153) width 35: "PASS"
            RenderText {#text} at (35,153) size 385x17
              text run at (35,153) width 385: " t.getStartPositionOfChar(9).x is 0 + 70 + 100 + 70 + 70 + 80"
          RenderBR {br} at (420,153) size 0x17
        RenderInline {span} at (0,0) size 253x17
          RenderInline {span} at (0,0) size 253x17
            RenderInline {span} at (0,0) size 35x17
              RenderText {#text} at (0,170) size 35x17
                text run at (0,170) width 35: "PASS"
            RenderText {#text} at (35,170) size 218x17
              text run at (35,170) width 218: " t.getEndPositionOfChar(0).x is 70"
          RenderBR {br} at (253,170) size 0x17
        RenderInline {span} at (0,0) size 253x17
          RenderInline {span} at (0,0) size 253x17
            RenderInline {span} at (0,0) size 35x17
              RenderText {#text} at (0,187) size 35x17
                text run at (0,187) width 35: "PASS"
            RenderText {#text} at (35,187) size 218x17
              text run at (35,187) width 218: " t.getEndPositionOfChar(1).x is 70"
          RenderBR {br} at (253,187) size 0x17
        RenderInline {span} at (0,0) size 293x17
          RenderInline {span} at (0,0) size 293x17
            RenderInline {span} at (0,0) size 35x17
              RenderText {#text} at (0,204) size 35x17
                text run at (0,204) width 35: "PASS"
            RenderText {#text} at (35,204) size 258x17
              text run at (35,204) width 258: " t.getEndPositionOfChar(2).x is 70 + 100"
          RenderBR {br} at (293,204) size 0x17
        RenderInline {span} at (0,0) size 325x17
          RenderInline {span} at (0,0) size 325x17
            RenderInline {span} at (0,0) size 35x17
              RenderText {#text} at (0,221) size 35x17
                text run at (0,221) width 35: "PASS"
            RenderText {#text} at (35,221) size 290x17
              text run at (35,221) width 290: " t.getEndPositionOfChar(3).x is 70 + 100 + 70"
          RenderBR {br} at (325,221) size 0x17
        RenderInline {span} at (0,0) size 325x17
          RenderInline {span} at (0,0) size 325x17
            RenderInline {span} at (0,0) size 35x17
              RenderText {#text} at (0,238) size 35x17
                text run at (0,238) width 35: "PASS"
            RenderText {#text} at (35,238) size 290x17
              text run at (35,238) width 290: " t.getEndPositionOfChar(4).x is 70 + 100 + 70"
          RenderBR {br} at (325,238) size 0x17
        RenderInline {span} at (0,0) size 357x17
          RenderInline {span} at (0,0) size 357x17
            RenderInline {span} at (0,0) size 35x17
              RenderText {#text} at (0,255) size 35x17
                text run at (0,255) width 35: "PASS"
            RenderText {#text} at (35,255) size 322x17
              text run at (35,255) width 322: " t.getEndPositionOfChar(5).x is 70 + 100 + 70 + 70"
          RenderBR {br} at (357,255) size 0x17
        RenderInline {span} at (0,0) size 357x17
          RenderInline {span} at (0,0) size 357x17
            RenderInline {span} at (0,0) size 35x17
              RenderText {#text} at (0,272) size 35x17
                text run at (0,272) width 35: "PASS"
            RenderText {#text} at (35,272) size 322x17
              text run at (35,272) width 322: " t.getEndPositionOfChar(6).x is 70 + 100 + 70 + 70"
          RenderBR {br} at (357,272) size 0x17
        RenderInline {span} at (0,0) size 389x17
          RenderInline {span} at (0,0) size 389x17
            RenderInline {span} at (0,0) size 35x17
              RenderText {#text} at (0,289) size 35x17
                text run at (0,289) width 35: "PASS"
            RenderText {#text} at (35,289) size 354x17
              text run at (35,289) width 354: " t.getEndPositionOfChar(7).x is 70 + 100 + 70 + 70 + 80"
          RenderBR {br} at (389,289) size 0x17
        RenderInline {span} at (0,0) size 389x17
          RenderInline {span} at (0,0) size 389x17
            RenderInline {span} at (0,0) size 35x17
              RenderText {#text} at (0,306) size 35x17
                text run at (0,306) width 35: "PASS"
            RenderText {#text} at (35,306) size 354x17
              text run at (35,306) width 354: " t.getEndPositionOfChar(8).x is 70 + 100 + 70 + 70 + 80"
          RenderBR {br} at (389,306) size 0x17
        RenderInline {span} at (0,0) size 421x17
          RenderInline {span} at (0,0) size 421x17
            RenderInline {span} at (0,0) size 35x17
              RenderText {#text} at (0,323) size 35x17
                text run at (0,323) width 35: "PASS"
            RenderText {#text} at (35,323) size 386x17
              text run at (35,323) width 386: " t.getEndPositionOfChar(9).x is 70 + 100 + 70 + 70 + 80 + 60"
          RenderBR {br} at (421,323) size 0x17
