layer at (0,0) size 800x600
  RenderView at (0,0) size 800x600
layer at (0,0) size 800x599
  RenderBlock {HTML} at (0,0) size 800x599
    RenderBody {BODY} at (8,21) size 784x570
      RenderBlock {H1} at (0,0) size 784x42
        RenderText {#text} at (0,0) size 499x42
          text run at (0,0) width 499: "Small fonts in HTML5/inline SVG"
      RenderBlock (anonymous) at (0,63) size 784x507
        RenderSVGRoot {svg} at (8,84) size 403x403
          RenderSVGContainer {g} at (9,85) size 400x400 [transform={m=((400.00,0.00)(0.00,400.00)) t=(0.00,0.00)}]
            RenderSVGText {text} at (0,0) size 1x1 contains 1 chunk(s)
              RenderSVGInlineText {#text} at (0,0) size 1x1
                chunk 1 (middle anchor) text run 1 at (0.36,0.50) startOffset 0 endOffset 12 width 0.29: "Test passed."
        RenderText {#text} at (0,0) size 0x0
