layer at (0,0) size 784x1569
  RenderView at (0,0) size 784x600
layer at (0,0) size 784x1569
  RenderBlock {HTML} at (0,0) size 784x1569
    RenderBody {BODY} at (8,8) size 768x1553
      RenderBlock {H1} at (0,0) size 768x42
        RenderText {#text} at (0,0) size 397x42
          text run at (0,0) width 397: "Example 6: Table Stress Test"
      RenderBlock {PRE} at (0,63) size 768x17 [color=#FF0000]
        RenderText {#text} at (0,0) size 235x17
          text run at (0,0) width 235: "Resize document for maximum effect"
      RenderBlock (anonymous) at (0,93) size 768x22
        RenderBR {BR} at (0,0) size 0x22
      RenderBlock {H2} at (0,134) size 768x33
        RenderText {#text} at (0,0) size 501x33
          text run at (0,0) width 501: "Auto-width tables with spans nested 8 levels deep"
      RenderTable {TABLE} at (0,186) size 768x442 [bgcolor=#FF0000] [border: (1px outset #808080)]
        RenderTableSection {TBODY} at (1,1) size 766x440
          RenderTableRow {TR} at (0,2) size 766x26
            RenderTableCell {TD} at (2,2) size 31x26 [border: (1px inset #808080)] [r=0 c=0 rs=1 cs=1]
              RenderText {#text} at (2,2) size 27x22
                text run at (2,2) width 27: "Cell"
            RenderTableCell {TD} at (35,2) size 729x408 [border: (1px inset #808080)] [r=0 c=1 rs=2 cs=2]
              RenderTable {TABLE} at (2,2) size 725x404 [bgcolor=#ADD8E6] [border: (1px outset #808080)]
                RenderTableSection {TBODY} at (1,1) size 723x402
                  RenderTableRow {TR} at (0,2) size 723x26
                    RenderTableCell {TD} at (2,2) size 31x26 [border: (1px inset #808080)] [r=0 c=0 rs=1 cs=1]
                      RenderText {#text} at (2,2) size 27x22
                        text run at (2,2) width 27: "Cell"
                    RenderTableCell {TD} at (35,2) size 686x370 [border: (1px inset #808080)] [r=0 c=1 rs=2 cs=2]
                      RenderTable {TABLE} at (2,2) size 682x366 [bgcolor=#90EE90] [border: (1px outset #808080)]
                        RenderTableSection {TBODY} at (1,1) size 680x364
                          RenderTableRow {TR} at (0,2) size 680x26
                            RenderTableCell {TD} at (2,2) size 31x26 [border: (1px inset #808080)] [r=0 c=0 rs=1 cs=1]
                              RenderText {#text} at (2,2) size 27x22
                                text run at (2,2) width 27: "Cell"
                            RenderTableCell {TD} at (35,2) size 643x332 [border: (1px inset #808080)] [r=0 c=1 rs=2 cs=2]
                              RenderTable {TABLE} at (2,2) size 639x328 [border: (1px outset #808080)]
                                RenderTableSection {TBODY} at (1,1) size 637x326
                                  RenderTableRow {TR} at (0,2) size 637x26
                                    RenderTableCell {TD} at (2,2) size 31x26 [border: (1px inset #808080)] [r=0 c=0 rs=1 cs=1]
                                      RenderText {#text} at (2,2) size 27x22
                                        text run at (2,2) width 27: "Cell"
                                    RenderTableCell {TD} at (35,2) size 600x294 [border: (1px inset #808080)] [r=0 c=1 rs=2 cs=2]
                                      RenderTable {TABLE} at (2,2) size 596x290 [bgcolor=#FFA500] [border: (1px outset #808080)]
                                        RenderTableSection {TBODY} at (1,1) size 594x288
                                          RenderTableRow {TR} at (0,2) size 594x26
                                            RenderTableCell {TD} at (2,2) size 31x26 [border: (1px inset #808080)] [r=0 c=0 rs=1 cs=1]
                                              RenderText {#text} at (2,2) size 27x22
                                                text run at (2,2) width 27: "Cell"
                                            RenderTableCell {TD} at (35,2) size 557x234 [border: (1px inset #808080)] [r=0 c=1 rs=2 cs=2]
                                              RenderTable {TABLE} at (2,2) size 553x230 [bgcolor=#FF0000] [border: (1px outset #808080)]
                                                RenderTableSection {TBODY} at (1,1) size 551x228
                                                  RenderTableRow {TR} at (0,2) size 551x26
                                                    RenderTableCell {TD} at (2,2) size 31x26 [border: (1px inset #808080)] [r=0 c=0 rs=1 cs=1]
                                                      RenderText {#text} at (2,2) size 27x22
                                                        text run at (2,2) width 27: "Cell"
                                                    RenderTableCell {TD} at (35,2) size 514x174 [border: (1px inset #808080)] [r=0 c=1 rs=2 cs=2]
                                                      RenderTable {TABLE} at (2,2) size 510x170 [bgcolor=#ADD8E6] [border: (1px outset #808080)]
                                                        RenderTableSection {TBODY} at (1,1) size 508x168
                                                          RenderTableRow {TR} at (0,2) size 508x26
                                                            RenderTableCell {TD} at (2,2) size 31x26 [border: (1px inset #808080)] [r=0 c=0 rs=1 cs=1]
                                                              RenderText {#text} at (2,2) size 27x22
                                                                text run at (2,2) width 27: "Cell"
                                                            RenderTableCell {TD} at (35,2) size 471x114 [border: (1px inset #808080)] [r=0 c=1 rs=2 cs=2]
                                                              RenderTable {TABLE} at (2,2) size 467x110 [bgcolor=#90EE90] [border: (1px outset #808080)]
                                                                RenderTableSection {TBODY} at (1,1) size 465x108
                                                                  RenderTableRow {TR} at (0,2) size 465x26
                                                                    RenderTableCell {TD} at (2,2) size 31x26 [border: (1px inset #808080)] [r=0 c=0 rs=1 cs=1]
                                                                      RenderText {#text} at (2,2) size 27x22
                                                                        text run at (2,2) width 27: "Cell"
                                                                    RenderTableCell {TD} at (35,5) size 428x48 [border: (1px inset #808080)] [r=0 c=1 rs=2 cs=2]
                                                                      RenderText {#text} at (2,2) size 414x44
                                                                        text run at (2,2) width 414: "Cell, and stuff to test out table cell layout. This should be long"
                                                                        text run at (2,24) width 126: "enough for testing."
                                                                  RenderTableRow {TR} at (0,30) size 465x26
                                                                    RenderTableCell {TD} at (2,30) size 31x26 [border: (1px inset #808080)] [r=1 c=0 rs=1 cs=1]
                                                                      RenderText {#text} at (2,2) size 27x22
                                                                        text run at (2,2) width 27: "Cell"
                                                                  RenderTableRow {TR} at (0,58) size 465x48
                                                                    RenderTableCell {TD} at (2,69) size 31x26 [border: (1px inset #808080)] [r=2 c=0 rs=1 cs=1]
                                                                      RenderText {#text} at (2,2) size 27x22
                                                                        text run at (2,2) width 27: "Cell"
                                                                    RenderTableCell {TD} at (35,58) size 395x48 [border: (1px inset #808080)] [r=2 c=1 rs=1 cs=1]
                                                                      RenderText {#text} at (2,2) size 381x44
                                                                        text run at (2,2) width 381: "Cell, and stuff to test out table cell layout. This should be"
                                                                        text run at (2,24) width 33: "long "
                                                                        text run at (35,24) width 126: "enough for testing."
                                                                    RenderTableCell {TD} at (432,69) size 31x26 [border: (1px inset #808080)] [r=2 c=2 rs=1 cs=1]
                                                                      RenderText {#text} at (2,2) size 27x22
                                                                        text run at (2,2) width 27: "Cell"
                                                          RenderTableRow {TR} at (0,30) size 508x86
                                                            RenderTableCell {TD} at (2,60) size 31x26 [border: (1px inset #808080)] [r=1 c=0 rs=1 cs=1]
                                                              RenderText {#text} at (2,2) size 27x22
                                                                text run at (2,2) width 27: "Cell"
                                                          RenderTableRow {TR} at (0,118) size 508x48
                                                            RenderTableCell {TD} at (2,129) size 31x26 [border: (1px inset #808080)] [r=2 c=0 rs=1 cs=1]
                                                              RenderText {#text} at (2,2) size 27x22
                                                                text run at (2,2) width 27: "Cell"
                                                            RenderTableCell {TD} at (35,118) size 438x48 [border: (1px inset #808080)] [r=2 c=1 rs=1 cs=1]
                                                              RenderText {#text} at (2,2) size 414x44
                                                                text run at (2,2) width 414: "Cell, and stuff to test out table cell layout. This should be long"
                                                                text run at (2,24) width 126: "enough for testing."
                                                            RenderTableCell {TD} at (475,129) size 31x26 [border: (1px inset #808080)] [r=2 c=2 rs=1 cs=1]
                                                              RenderText {#text} at (2,2) size 27x22
                                                                text run at (2,2) width 27: "Cell"
                                                  RenderTableRow {TR} at (0,30) size 551x146
                                                    RenderTableCell {TD} at (2,90) size 31x26 [border: (1px inset #808080)] [r=1 c=0 rs=1 cs=1]
                                                      RenderText {#text} at (2,2) size 27x22
                                                        text run at (2,2) width 27: "Cell"
                                                  RenderTableRow {TR} at (0,178) size 551x48
                                                    RenderTableCell {TD} at (2,189) size 31x26 [border: (1px inset #808080)] [r=2 c=0 rs=1 cs=1]
                                                      RenderText {#text} at (2,2) size 27x22
                                                        text run at (2,2) width 27: "Cell"
                                                    RenderTableCell {TD} at (35,178) size 481x48 [border: (1px inset #808080)] [r=2 c=1 rs=1 cs=1]
                                                      RenderText {#text} at (2,2) size 468x44
                                                        text run at (2,2) width 418: "Cell, and stuff to test out table cell layout. This should be long "
                                                        text run at (420,2) width 50: "enough"
                                                        text run at (2,24) width 72: "for testing."
                                                    RenderTableCell {TD} at (518,189) size 31x26 [border: (1px inset #808080)] [r=2 c=2 rs=1 cs=1]
                                                      RenderText {#text} at (2,2) size 27x22
                                                        text run at (2,2) width 27: "Cell"
                                          RenderTableRow {TR} at (0,30) size 594x206
                                            RenderTableCell {TD} at (2,120) size 31x26 [border: (1px inset #808080)] [r=1 c=0 rs=1 cs=1]
                                              RenderText {#text} at (2,2) size 27x22
                                                text run at (2,2) width 27: "Cell"
                                          RenderTableRow {TR} at (0,238) size 594x48
                                            RenderTableCell {TD} at (2,249) size 31x26 [border: (1px inset #808080)] [r=2 c=0 rs=1 cs=1]
                                              RenderText {#text} at (2,2) size 27x22
                                                text run at (2,2) width 27: "Cell"
                                            RenderTableCell {TD} at (35,238) size 524x48 [border: (1px inset #808080)] [r=2 c=1 rs=1 cs=1]
                                              RenderText {#text} at (2,2) size 492x44
                                                text run at (2,2) width 418: "Cell, and stuff to test out table cell layout. This should be long "
                                                text run at (420,2) width 74: "enough for"
                                                text run at (2,24) width 48: "testing."
                                            RenderTableCell {TD} at (561,249) size 31x26 [border: (1px inset #808080)] [r=2 c=2 rs=1 cs=1]
                                              RenderText {#text} at (2,2) size 27x22
                                                text run at (2,2) width 27: "Cell"
                                  RenderTableRow {TR} at (0,30) size 637x266
                                    RenderTableCell {TD} at (2,150) size 31x26 [border: (1px inset #808080)] [r=1 c=0 rs=1 cs=1]
                                      RenderText {#text} at (2,2) size 27x22
                                        text run at (2,2) width 27: "Cell"
                                  RenderTableRow {TR} at (0,298) size 637x26
                                    RenderTableCell {TD} at (2,298) size 31x26 [border: (1px inset #808080)] [r=2 c=0 rs=1 cs=1]
                                      RenderText {#text} at (2,2) size 27x22
                                        text run at (2,2) width 27: "Cell"
                                    RenderTableCell {TD} at (35,298) size 565x26 [border: (1px inset #808080)] [r=2 c=1 rs=1 cs=1]
                                      RenderText {#text} at (2,2) size 544x22
                                        text run at (2,2) width 418: "Cell, and stuff to test out table cell layout. This should be long "
                                        text run at (420,2) width 126: "enough for testing."
                                    RenderTableCell {TD} at (602,298) size 33x26 [border: (1px inset #808080)] [r=2 c=2 rs=1 cs=1]
                                      RenderText {#text} at (2,2) size 27x22
                                        text run at (2,2) width 27: "Cell"
                          RenderTableRow {TR} at (0,30) size 680x304
                            RenderTableCell {TD} at (2,169) size 31x26 [border: (1px inset #808080)] [r=1 c=0 rs=1 cs=1]
                              RenderText {#text} at (2,2) size 27x22
                                text run at (2,2) width 27: "Cell"
                          RenderTableRow {TR} at (0,336) size 680x26
                            RenderTableCell {TD} at (2,336) size 31x26 [border: (1px inset #808080)] [r=2 c=0 rs=1 cs=1]
                              RenderText {#text} at (2,2) size 27x22
                                text run at (2,2) width 27: "Cell"
                            RenderTableCell {TD} at (35,336) size 606x26 [border: (1px inset #808080)] [r=2 c=1 rs=1 cs=1]
                              RenderText {#text} at (2,2) size 544x22
                                text run at (2,2) width 418: "Cell, and stuff to test out table cell layout. This should be long "
                                text run at (420,2) width 126: "enough for testing."
                            RenderTableCell {TD} at (643,336) size 35x26 [border: (1px inset #808080)] [r=2 c=2 rs=1 cs=1]
                              RenderText {#text} at (2,2) size 27x22
                                text run at (2,2) width 27: "Cell"
                  RenderTableRow {TR} at (0,30) size 723x342
                    RenderTableCell {TD} at (2,188) size 31x26 [border: (1px inset #808080)] [r=1 c=0 rs=1 cs=1]
                      RenderText {#text} at (2,2) size 27x22
                        text run at (2,2) width 27: "Cell"
                  RenderTableRow {TR} at (0,374) size 723x26
                    RenderTableCell {TD} at (2,374) size 31x26 [border: (1px inset #808080)] [r=2 c=0 rs=1 cs=1]
                      RenderText {#text} at (2,2) size 27x22
                        text run at (2,2) width 27: "Cell"
                    RenderTableCell {TD} at (35,374) size 647x26 [border: (1px inset #808080)] [r=2 c=1 rs=1 cs=1]
                      RenderText {#text} at (2,2) size 544x22
                        text run at (2,2) width 418: "Cell, and stuff to test out table cell layout. This should be long "
                        text run at (420,2) width 126: "enough for testing."
                    RenderTableCell {TD} at (684,374) size 37x26 [border: (1px inset #808080)] [r=2 c=2 rs=1 cs=1]
                      RenderText {#text} at (2,2) size 27x22
                        text run at (2,2) width 27: "Cell"
          RenderTableRow {TR} at (0,30) size 766x380
            RenderTableCell {TD} at (2,207) size 31x26 [border: (1px inset #808080)] [r=1 c=0 rs=1 cs=1]
              RenderText {#text} at (2,2) size 27x22
                text run at (2,2) width 27: "Cell"
          RenderTableRow {TR} at (0,412) size 766x26
            RenderTableCell {TD} at (2,412) size 31x26 [border: (1px inset #808080)] [r=2 c=0 rs=1 cs=1]
              RenderText {#text} at (2,2) size 27x22
                text run at (2,2) width 27: "Cell"
            RenderTableCell {TD} at (35,412) size 687x26 [border: (1px inset #808080)] [r=2 c=1 rs=1 cs=1]
              RenderText {#text} at (2,2) size 544x22
                text run at (2,2) width 418: "Cell, and stuff to test out table cell layout. This should be long "
                text run at (420,2) width 126: "enough for testing."
            RenderTableCell {TD} at (724,412) size 40x26 [border: (1px inset #808080)] [r=2 c=2 rs=1 cs=1]
              RenderText {#text} at (2,2) size 27x22
                text run at (2,2) width 27: "Cell"
      RenderBlock (anonymous) at (0,628) size 768x22
        RenderBR {BR} at (0,0) size 0x22
      RenderBlock {H2} at (0,669) size 768x33
        RenderText {#text} at (0,0) size 396x33
          text run at (0,0) width 396: "100% width tables nested 6 levels deep"
      RenderTable {TABLE} at (0,721) size 768x832 [bgcolor=#FFFF00] [border: (1px outset #808080)]
        RenderTableSection {TBODY} at (1,1) size 766x830
          RenderTableRow {TR} at (0,2) size 766x26
            RenderTableCell {TD} at (2,2) size 612x26 [border: (1px inset #808080)] [r=0 c=0 rs=1 cs=1]
              RenderText {#text} at (2,2) size 55x22
                text run at (2,2) width 55: "Cell one"
            RenderTableCell {TD} at (616,2) size 73x26 [border: (1px inset #808080)] [r=0 c=1 rs=1 cs=1]
              RenderText {#text} at (2,2) size 35x22
                text run at (2,2) width 35: "Cell2"
            RenderTableCell {TD} at (691,2) size 73x26 [border: (1px inset #808080)] [r=0 c=2 rs=1 cs=1]
              RenderText {#text} at (2,2) size 39x22
                text run at (2,2) width 39: "Cell 3"
          RenderTableRow {TR} at (0,30) size 766x26
            RenderTableCell {TD} at (2,30) size 612x26 [border: (1px inset #808080)] [r=1 c=0 rs=1 cs=1]
              RenderText {#text} at (2,2) size 39x22
                text run at (2,2) width 39: "Cell 4"
            RenderTableCell {TD} at (616,30) size 73x26 [border: (1px inset #808080)] [r=1 c=1 rs=1 cs=1]
              RenderText {#text} at (2,2) size 39x22
                text run at (2,2) width 39: "Cell 5"
            RenderTableCell {TD} at (691,30) size 73x26 [border: (1px inset #808080)] [r=1 c=2 rs=1 cs=1]
              RenderText {#text} at (2,2) size 39x22
                text run at (2,2) width 39: "Cell 6"
          RenderTableRow {TR} at (0,58) size 766x770
            RenderTableCell {TD} at (2,58) size 612x770 [border: (1px inset #808080)] [r=2 c=0 rs=1 cs=1]
              RenderTable {TABLE} at (2,2) size 608x744 [bgcolor=#D3D3D3]
                RenderTableSection {TBODY} at (0,0) size 608x744
                  RenderTableRow {TR} at (0,2) size 608x24
                    RenderTableCell {TD} at (2,2) size 17x24 [r=0 c=0 rs=1 cs=1]
                      RenderText {#text} at (1,1) size 8x22
                        text run at (1,1) width 8: "1"
                    RenderTableCell {TD} at (21,2) size 565x24 [r=0 c=1 rs=1 cs=1]
                      RenderText {#text} at (1,1) size 8x22
                        text run at (1,1) width 8: "2"
                    RenderTableCell {TD} at (588,2) size 18x24 [r=0 c=2 rs=1 cs=1]
                      RenderText {#text} at (1,1) size 8x22
                        text run at (1,1) width 8: "3"
                  RenderTableRow {TR} at (0,28) size 608x688
                    RenderTableCell {TD} at (2,360) size 17x24 [r=1 c=0 rs=1 cs=1]
                      RenderText {#text} at (1,1) size 8x22
                        text run at (1,1) width 8: "4"
                    RenderTableCell {TD} at (21,28) size 565x688 [r=1 c=1 rs=1 cs=1]
                      RenderTable {TABLE} at (1,1) size 563x664 [bgcolor=#ADD8E6] [border: (1px outset #808080)]
                        RenderTableSection {TBODY} at (1,1) size 561x662
                          RenderTableRow {TR} at (0,2) size 561x602
                            RenderTableCell {TD} at (2,290) size 20x26 [border: (1px inset #808080)] [r=0 c=0 rs=1 cs=1]
                              RenderText {#text} at (2,2) size 8x22
                                text run at (2,2) width 8: "1"
                            RenderTableCell {TD} at (24,2) size 512x602 [border: (1px inset #808080)] [r=0 c=1 rs=1 cs=1]
                              RenderTable {TABLE} at (2,2) size 508x576 [bgcolor=#FF0000] [border: (1px outset #808080)]
                                RenderTableSection {TBODY} at (1,1) size 506x574
                                  RenderTableRow {TR} at (0,2) size 506x26
                                    RenderTableCell {TD} at (2,2) size 23x26 [border: (1px inset #808080)] [r=0 c=0 rs=1 cs=1]
                                      RenderText {#text} at (2,2) size 8x22
                                        text run at (2,2) width 8: "1"
                                    RenderTableCell {TD} at (27,2) size 23x26 [border: (1px inset #808080)] [r=0 c=1 rs=1 cs=1]
                                      RenderText {#text} at (2,2) size 8x22
                                        text run at (2,2) width 8: "2"
                                    RenderTableCell {TD} at (52,2) size 403x26 [border: (1px inset #808080)] [r=0 c=2 rs=1 cs=1]
                                      RenderText {#text} at (2,2) size 8x22
                                        text run at (2,2) width 8: "3"
                                    RenderTableCell {TD} at (457,2) size 23x26 [border: (1px inset #808080)] [r=0 c=3 rs=1 cs=1]
                                      RenderText {#text} at (2,2) size 8x22
                                        text run at (2,2) width 8: "4"
                                    RenderTableCell {TD} at (482,2) size 22x26 [border: (1px inset #808080)] [r=0 c=4 rs=1 cs=1]
                                      RenderText {#text} at (2,2) size 8x22
                                        text run at (2,2) width 8: "5"
                                  RenderTableRow {TR} at (0,30) size 506x458
                                    RenderTableCell {TD} at (2,246) size 23x26 [border: (1px inset #808080)] [r=1 c=0 rs=1 cs=1]
                                      RenderText {#text} at (2,2) size 8x22
                                        text run at (2,2) width 8: "6"
                                    RenderTableCell {TD} at (27,246) size 23x26 [border: (1px inset #808080)] [r=1 c=1 rs=1 cs=1]
                                      RenderText {#text} at (2,2) size 8x22
                                        text run at (2,2) width 8: "7"
                                    RenderTableCell {TD} at (52,30) size 403x458 [border: (1px inset #808080)] [r=1 c=2 rs=1 cs=1]
                                      RenderTable {TABLE} at (2,2) size 399x432 [bgcolor=#008000] [border: (1px outset #808080)]
                                        RenderTableSection {TBODY} at (1,1) size 397x430
                                          RenderTableRow {TR} at (0,2) size 397x26
                                            RenderTableCell {TD} at (2,2) size 24x26 [border: (1px inset #808080)] [r=0 c=0 rs=1 cs=1]
                                              RenderText {#text} at (2,2) size 8x22
                                                text run at (2,2) width 8: "a"
                                            RenderTableCell {TD} at (28,2) size 24x26 [border: (1px inset #808080)] [r=0 c=1 rs=1 cs=1]
                                              RenderText {#text} at (2,2) size 9x22
                                                text run at (2,2) width 9: "b"
                                            RenderTableCell {TD} at (54,2) size 290x26 [border: (1px inset #808080)] [r=0 c=2 rs=1 cs=1]
                                              RenderText {#text} at (2,2) size 7x22
                                                text run at (2,2) width 7: "c"
                                            RenderTableCell {TD} at (346,2) size 24x26 [border: (1px inset #808080)] [r=0 c=3 rs=1 cs=1]
                                              RenderText {#text} at (2,2) size 9x22
                                                text run at (2,2) width 9: "d"
                                            RenderTableCell {TD} at (372,2) size 23x26 [border: (1px inset #808080)] [r=0 c=4 rs=1 cs=1]
                                              RenderText {#text} at (2,2) size 7x22
                                                text run at (2,2) width 7: "e"
                                          RenderTableRow {TR} at (0,30) size 397x26
                                            RenderTableCell {TD} at (2,30) size 24x26 [border: (1px inset #808080)] [r=1 c=0 rs=1 cs=1]
                                              RenderText {#text} at (2,2) size 5x22
                                                text run at (2,2) width 5: "f"
                                            RenderTableCell {TD} at (28,30) size 24x26 [border: (1px inset #808080)] [r=1 c=1 rs=1 cs=1]
                                              RenderText {#text} at (2,2) size 8x22
                                                text run at (2,2) width 8: "g"
                                            RenderTableCell {TD} at (54,30) size 290x26 [border: (1px inset #808080)] [r=1 c=2 rs=1 cs=1]
                                              RenderText {#text} at (2,2) size 9x22
                                                text run at (2,2) width 9: "h"
                                            RenderTableCell {TD} at (346,30) size 24x26 [border: (1px inset #808080)] [r=1 c=3 rs=1 cs=1]
                                              RenderText {#text} at (2,2) size 4x22
                                                text run at (2,2) width 4: "i"
                                            RenderTableCell {TD} at (372,30) size 23x26 [border: (1px inset #808080)] [r=1 c=4 rs=1 cs=1]
                                              RenderText {#text} at (2,2) size 5x22
                                                text run at (2,2) width 5: "j"
                                          RenderTableRow {TR} at (0,58) size 397x314
                                            RenderTableCell {TD} at (2,202) size 24x26 [border: (1px inset #808080)] [r=2 c=0 rs=1 cs=1]
                                              RenderText {#text} at (2,2) size 9x22
                                                text run at (2,2) width 9: "k"
                                            RenderTableCell {TD} at (28,202) size 24x26 [border: (1px inset #808080)] [r=2 c=1 rs=1 cs=1]
                                              RenderText {#text} at (2,2) size 4x22
                                                text run at (2,2) width 4: "l"
                                            RenderTableCell {TD} at (54,58) size 290x314 [border: (1px inset #808080)] [r=2 c=2 rs=1 cs=1]
                                              RenderTable {TABLE} at (2,2) size 286x288 [bgcolor=#800080] [border: (1px outset #808080)]
                                                RenderTableSection {TBODY} at (1,1) size 284x286
                                                  RenderTableRow {TR} at (0,2) size 284x26
                                                    RenderTableCell {TD} at (2,2) size 25x26 [border: (1px inset #808080)] [r=0 c=0 rs=1 cs=1]
                                                      RenderText {#text} at (2,2) size 8x22
                                                        text run at (2,2) width 8: "a"
                                                    RenderTableCell {TD} at (29,2) size 25x26 [border: (1px inset #808080)] [r=0 c=1 rs=1 cs=1]
                                                      RenderText {#text} at (2,2) size 9x22
                                                        text run at (2,2) width 9: "b"
                                                    RenderTableCell {TD} at (56,2) size 172x26 [border: (1px inset #808080)] [r=0 c=2 rs=1 cs=1]
                                                      RenderText {#text} at (2,2) size 7x22
                                                        text run at (2,2) width 7: "c"
                                                    RenderTableCell {TD} at (230,2) size 26x26 [border: (1px inset #808080)] [r=0 c=3 rs=1 cs=1]
                                                      RenderText {#text} at (2,2) size 9x22
                                                        text run at (2,2) width 9: "d"
                                                    RenderTableCell {TD} at (258,2) size 24x26 [border: (1px inset #808080)] [r=0 c=4 rs=1 cs=1]
                                                      RenderText {#text} at (2,2) size 7x22
                                                        text run at (2,2) width 7: "e"
                                                  RenderTableRow {TR} at (0,30) size 284x26
                                                    RenderTableCell {TD} at (2,30) size 25x26 [border: (1px inset #808080)] [r=1 c=0 rs=1 cs=1]
                                                      RenderText {#text} at (2,2) size 5x22
                                                        text run at (2,2) width 5: "f"
                                                    RenderTableCell {TD} at (29,30) size 25x26 [border: (1px inset #808080)] [r=1 c=1 rs=1 cs=1]
                                                      RenderText {#text} at (2,2) size 8x22
                                                        text run at (2,2) width 8: "g"
                                                    RenderTableCell {TD} at (56,30) size 172x26 [border: (1px inset #808080)] [r=1 c=2 rs=1 cs=1]
                                                      RenderText {#text} at (2,2) size 9x22
                                                        text run at (2,2) width 9: "h"
                                                    RenderTableCell {TD} at (230,30) size 26x26 [border: (1px inset #808080)] [r=1 c=3 rs=1 cs=1]
                                                      RenderText {#text} at (2,2) size 4x22
                                                        text run at (2,2) width 4: "i"
                                                    RenderTableCell {TD} at (258,30) size 24x26 [border: (1px inset #808080)] [r=1 c=4 rs=1 cs=1]
                                                      RenderText {#text} at (2,2) size 5x22
                                                        text run at (2,2) width 5: "j"
                                                  RenderTableRow {TR} at (0,58) size 284x170
                                                    RenderTableCell {TD} at (2,130) size 25x26 [border: (1px inset #808080)] [r=2 c=0 rs=1 cs=1]
                                                      RenderText {#text} at (2,2) size 9x22
                                                        text run at (2,2) width 9: "k"
                                                    RenderTableCell {TD} at (29,130) size 25x26 [border: (1px inset #808080)] [r=2 c=1 rs=1 cs=1]
                                                      RenderText {#text} at (2,2) size 4x22
                                                        text run at (2,2) width 4: "l"
                                                    RenderTableCell {TD} at (56,58) size 172x170 [border: (1px inset #808080)] [r=2 c=2 rs=1 cs=1]
                                                      RenderTable {TABLE} at (2,2) size 168x144 [bgcolor=#FFA500] [border: (1px outset #808080)]
                                                        RenderTableSection {TBODY} at (1,1) size 166x142
                                                          RenderTableRow {TR} at (0,2) size 166x26
                                                            RenderTableCell {TD} at (2,2) size 29x26 [border: (1px inset #808080)] [r=0 c=0 rs=1 cs=1]
                                                              RenderText {#text} at (2,2) size 8x22
                                                                text run at (2,2) width 8: "a"
                                                            RenderTableCell {TD} at (33,2) size 29x26 [border: (1px inset #808080)] [r=0 c=1 rs=1 cs=1]
                                                              RenderText {#text} at (2,2) size 9x22
                                                                text run at (2,2) width 9: "b"
                                                            RenderTableCell {TD} at (64,2) size 38x26 [border: (1px inset #808080)] [r=0 c=2 rs=1 cs=1]
                                                              RenderText {#text} at (2,2) size 7x22
                                                                text run at (2,2) width 7: "c"
                                                            RenderTableCell {TD} at (104,2) size 30x26 [border: (1px inset #808080)] [r=0 c=3 rs=1 cs=1]
                                                              RenderText {#text} at (2,2) size 9x22
                                                                text run at (2,2) width 9: "d"
                                                            RenderTableCell {TD} at (136,2) size 28x26 [border: (1px inset #808080)] [r=0 c=4 rs=1 cs=1]
                                                              RenderText {#text} at (2,2) size 7x22
                                                                text run at (2,2) width 7: "e"
                                                          RenderTableRow {TR} at (0,30) size 166x26
                                                            RenderTableCell {TD} at (2,30) size 29x26 [border: (1px inset #808080)] [r=1 c=0 rs=1 cs=1]
                                                              RenderText {#text} at (2,2) size 5x22
                                                                text run at (2,2) width 5: "f"
                                                            RenderTableCell {TD} at (33,30) size 29x26 [border: (1px inset #808080)] [r=1 c=1 rs=1 cs=1]
                                                              RenderText {#text} at (2,2) size 8x22
                                                                text run at (2,2) width 8: "g"
                                                            RenderTableCell {TD} at (64,30) size 38x26 [border: (1px inset #808080)] [r=1 c=2 rs=1 cs=1]
                                                              RenderText {#text} at (2,2) size 9x22
                                                                text run at (2,2) width 9: "h"
                                                            RenderTableCell {TD} at (104,30) size 30x26 [border: (1px inset #808080)] [r=1 c=3 rs=1 cs=1]
                                                              RenderText {#text} at (2,2) size 4x22
                                                                text run at (2,2) width 4: "i"
                                                            RenderTableCell {TD} at (136,30) size 28x26 [border: (1px inset #808080)] [r=1 c=4 rs=1 cs=1]
                                                              RenderText {#text} at (2,2) size 5x22
                                                                text run at (2,2) width 5: "j"
                                                          RenderTableRow {TR} at (0,58) size 166x26
                                                            RenderTableCell {TD} at (2,58) size 29x26 [border: (1px inset #808080)] [r=2 c=0 rs=1 cs=1]
                                                              RenderText {#text} at (2,2) size 9x22
                                                                text run at (2,2) width 9: "k"
                                                            RenderTableCell {TD} at (33,58) size 29x26 [border: (1px inset #808080)] [r=2 c=1 rs=1 cs=1]
                                                              RenderText {#text} at (2,2) size 4x22
                                                                text run at (2,2) width 4: "l"
                                                            RenderTableCell {TD} at (64,58) size 38x26 [border: (1px inset #808080)] [r=2 c=2 rs=1 cs=1]
                                                              RenderText {#text} at (2,2) size 13x22
                                                                text run at (2,2) width 13: "m"
                                                            RenderTableCell {TD} at (104,58) size 30x26 [border: (1px inset #808080)] [r=2 c=3 rs=1 cs=1]
                                                              RenderText {#text} at (2,2) size 9x22
                                                                text run at (2,2) width 9: "n"
                                                            RenderTableCell {TD} at (136,58) size 28x26 [border: (1px inset #808080)] [r=2 c=4 rs=1 cs=1]
                                                              RenderText {#text} at (2,2) size 8x22
                                                                text run at (2,2) width 8: "o"
                                                          RenderTableRow {TR} at (0,86) size 166x26
                                                            RenderTableCell {TD} at (2,86) size 29x26 [border: (1px inset #808080)] [r=3 c=0 rs=1 cs=1]
                                                              RenderText {#text} at (2,2) size 9x22
                                                                text run at (2,2) width 9: "p"
                                                            RenderTableCell {TD} at (33,86) size 29x26 [border: (1px inset #808080)] [r=3 c=1 rs=1 cs=1]
                                                              RenderText {#text} at (2,2) size 9x22
                                                                text run at (2,2) width 9: "q"
                                                            RenderTableCell {TD} at (64,86) size 38x26 [border: (1px inset #808080)] [r=3 c=2 rs=1 cs=1]
                                                              RenderText {#text} at (2,2) size 7x22
                                                                text run at (2,2) width 7: "r"
                                                            RenderTableCell {TD} at (104,86) size 30x26 [border: (1px inset #808080)] [r=3 c=3 rs=1 cs=1]
                                                              RenderText {#text} at (2,2) size 6x22
                                                                text run at (2,2) width 6: "s"
                                                            RenderTableCell {TD} at (136,86) size 28x26 [border: (1px inset #808080)] [r=3 c=4 rs=1 cs=1]
                                                              RenderText {#text} at (2,2) size 5x22
                                                                text run at (2,2) width 5: "t"
                                                          RenderTableRow {TR} at (0,114) size 166x26
                                                            RenderTableCell {TD} at (2,114) size 29x26 [border: (1px inset #808080)] [r=4 c=0 rs=1 cs=1]
                                                              RenderText {#text} at (2,2) size 9x22
                                                                text run at (2,2) width 9: "u"
                                                            RenderTableCell {TD} at (33,114) size 29x26 [border: (1px inset #808080)] [r=4 c=1 rs=1 cs=1]
                                                              RenderText {#text} at (2,2) size 8x22
                                                                text run at (2,2) width 8: "v"
                                                            RenderTableCell {TD} at (64,114) size 38x26 [border: (1px inset #808080)] [r=4 c=2 rs=1 cs=1]
                                                              RenderText {#text} at (2,2) size 12x22
                                                                text run at (2,2) width 12: "w"
                                                            RenderTableCell {TD} at (104,114) size 30x26 [border: (1px inset #808080)] [r=4 c=3 rs=1 cs=1]
                                                              RenderText {#text} at (2,2) size 8x22
                                                                text run at (2,2) width 8: "x"
                                                            RenderTableCell {TD} at (136,114) size 28x26 [border: (1px inset #808080)] [r=4 c=4 rs=1 cs=1]
                                                              RenderText {#text} at (2,2) size 8x22
                                                                text run at (2,2) width 8: "y"
                                                      RenderBlock (anonymous) at (2,146) size 168x22
                                                        RenderText {#text} at (0,0) size 4x22
                                                          text run at (0,0) width 4: " "
                                                    RenderTableCell {TD} at (230,130) size 26x26 [border: (1px inset #808080)] [r=2 c=3 rs=1 cs=1]
                                                      RenderText {#text} at (2,2) size 9x22
                                                        text run at (2,2) width 9: "n"
                                                    RenderTableCell {TD} at (258,130) size 24x26 [border: (1px inset #808080)] [r=2 c=4 rs=1 cs=1]
                                                      RenderText {#text} at (2,2) size 8x22
                                                        text run at (2,2) width 8: "o"
                                                  RenderTableRow {TR} at (0,230) size 284x26
                                                    RenderTableCell {TD} at (2,230) size 25x26 [border: (1px inset #808080)] [r=3 c=0 rs=1 cs=1]
                                                      RenderText {#text} at (2,2) size 9x22
                                                        text run at (2,2) width 9: "p"
                                                    RenderTableCell {TD} at (29,230) size 25x26 [border: (1px inset #808080)] [r=3 c=1 rs=1 cs=1]
                                                      RenderText {#text} at (2,2) size 9x22
                                                        text run at (2,2) width 9: "q"
                                                    RenderTableCell {TD} at (56,230) size 172x26 [border: (1px inset #808080)] [r=3 c=2 rs=1 cs=1]
                                                      RenderText {#text} at (2,2) size 7x22
                                                        text run at (2,2) width 7: "r"
                                                    RenderTableCell {TD} at (230,230) size 26x26 [border: (1px inset #808080)] [r=3 c=3 rs=1 cs=1]
                                                      RenderText {#text} at (2,2) size 6x22
                                                        text run at (2,2) width 6: "s"
                                                    RenderTableCell {TD} at (258,230) size 24x26 [border: (1px inset #808080)] [r=3 c=4 rs=1 cs=1]
                                                      RenderText {#text} at (2,2) size 5x22
                                                        text run at (2,2) width 5: "t"
                                                  RenderTableRow {TR} at (0,258) size 284x26
                                                    RenderTableCell {TD} at (2,258) size 25x26 [border: (1px inset #808080)] [r=4 c=0 rs=1 cs=1]
                                                      RenderText {#text} at (2,2) size 9x22
                                                        text run at (2,2) width 9: "u"
                                                    RenderTableCell {TD} at (29,258) size 25x26 [border: (1px inset #808080)] [r=4 c=1 rs=1 cs=1]
                                                      RenderText {#text} at (2,2) size 8x22
                                                        text run at (2,2) width 8: "v"
                                                    RenderTableCell {TD} at (56,258) size 172x26 [border: (1px inset #808080)] [r=4 c=2 rs=1 cs=1]
                                                      RenderText {#text} at (2,2) size 12x22
                                                        text run at (2,2) width 12: "w"
                                                    RenderTableCell {TD} at (230,258) size 26x26 [border: (1px inset #808080)] [r=4 c=3 rs=1 cs=1]
                                                      RenderText {#text} at (2,2) size 8x22
                                                        text run at (2,2) width 8: "x"
                                                    RenderTableCell {TD} at (258,258) size 24x26 [border: (1px inset #808080)] [r=4 c=4 rs=1 cs=1]
                                                      RenderText {#text} at (2,2) size 8x22
                                                        text run at (2,2) width 8: "y"
                                              RenderBlock (anonymous) at (2,290) size 286x22
                                                RenderText {#text} at (0,0) size 4x22
                                                  text run at (0,0) width 4: " "
                                            RenderTableCell {TD} at (346,202) size 24x26 [border: (1px inset #808080)] [r=2 c=3 rs=1 cs=1]
                                              RenderText {#text} at (2,2) size 9x22
                                                text run at (2,2) width 9: "n"
                                            RenderTableCell {TD} at (372,202) size 23x26 [border: (1px inset #808080)] [r=2 c=4 rs=1 cs=1]
                                              RenderText {#text} at (2,2) size 8x22
                                                text run at (2,2) width 8: "o"
                                          RenderTableRow {TR} at (0,374) size 397x26
                                            RenderTableCell {TD} at (2,374) size 24x26 [border: (1px inset #808080)] [r=3 c=0 rs=1 cs=1]
                                              RenderText {#text} at (2,2) size 9x22
                                                text run at (2,2) width 9: "p"
                                            RenderTableCell {TD} at (28,374) size 24x26 [border: (1px inset #808080)] [r=3 c=1 rs=1 cs=1]
                                              RenderText {#text} at (2,2) size 9x22
                                                text run at (2,2) width 9: "q"
                                            RenderTableCell {TD} at (54,374) size 290x26 [border: (1px inset #808080)] [r=3 c=2 rs=1 cs=1]
                                              RenderText {#text} at (2,2) size 7x22
                                                text run at (2,2) width 7: "r"
                                            RenderTableCell {TD} at (346,374) size 24x26 [border: (1px inset #808080)] [r=3 c=3 rs=1 cs=1]
                                              RenderText {#text} at (2,2) size 6x22
                                                text run at (2,2) width 6: "s"
                                            RenderTableCell {TD} at (372,374) size 23x26 [border: (1px inset #808080)] [r=3 c=4 rs=1 cs=1]
                                              RenderText {#text} at (2,2) size 5x22
                                                text run at (2,2) width 5: "t"
                                          RenderTableRow {TR} at (0,402) size 397x26
                                            RenderTableCell {TD} at (2,402) size 24x26 [border: (1px inset #808080)] [r=4 c=0 rs=1 cs=1]
                                              RenderText {#text} at (2,2) size 9x22
                                                text run at (2,2) width 9: "u"
                                            RenderTableCell {TD} at (28,402) size 24x26 [border: (1px inset #808080)] [r=4 c=1 rs=1 cs=1]
                                              RenderText {#text} at (2,2) size 8x22
                                                text run at (2,2) width 8: "v"
                                            RenderTableCell {TD} at (54,402) size 290x26 [border: (1px inset #808080)] [r=4 c=2 rs=1 cs=1]
                                              RenderText {#text} at (2,2) size 12x22
                                                text run at (2,2) width 12: "w"
                                            RenderTableCell {TD} at (346,402) size 24x26 [border: (1px inset #808080)] [r=4 c=3 rs=1 cs=1]
                                              RenderText {#text} at (2,2) size 8x22
                                                text run at (2,2) width 8: "x"
                                            RenderTableCell {TD} at (372,402) size 23x26 [border: (1px inset #808080)] [r=4 c=4 rs=1 cs=1]
                                              RenderText {#text} at (2,2) size 8x22
                                                text run at (2,2) width 8: "y"
                                      RenderBlock (anonymous) at (2,434) size 399x22
                                        RenderText {#text} at (0,0) size 4x22
                                          text run at (0,0) width 4: " "
                                    RenderTableCell {TD} at (457,246) size 23x26 [border: (1px inset #808080)] [r=1 c=3 rs=1 cs=1]
                                      RenderText {#text} at (2,2) size 8x22
                                        text run at (2,2) width 8: "9"
                                    RenderTableCell {TD} at (482,246) size 22x26 [border: (1px inset #808080)] [r=1 c=4 rs=1 cs=1]
                                      RenderText {#text} at (2,2) size 8x22
                                        text run at (2,2) width 8: "0"
                                  RenderTableRow {TR} at (0,490) size 506x26
                                    RenderTableCell {TD} at (2,490) size 23x26 [border: (1px inset #808080)] [r=2 c=0 rs=1 cs=1]
                                      RenderText {#text} at (2,2) size 8x22
                                        text run at (2,2) width 8: "a"
                                    RenderTableCell {TD} at (27,490) size 23x26 [border: (1px inset #808080)] [r=2 c=1 rs=1 cs=1]
                                      RenderText {#text} at (2,2) size 9x22
                                        text run at (2,2) width 9: "b"
                                    RenderTableCell {TD} at (52,490) size 403x26 [border: (1px inset #808080)] [r=2 c=2 rs=1 cs=1]
                                      RenderText {#text} at (2,2) size 7x22
                                        text run at (2,2) width 7: "c"
                                    RenderTableCell {TD} at (457,490) size 23x26 [border: (1px inset #808080)] [r=2 c=3 rs=1 cs=1]
                                      RenderText {#text} at (2,2) size 9x22
                                        text run at (2,2) width 9: "d"
                                    RenderTableCell {TD} at (482,490) size 22x26 [border: (1px inset #808080)] [r=2 c=4 rs=1 cs=1]
                                      RenderText {#text} at (2,2) size 7x22
                                        text run at (2,2) width 7: "e"
                                  RenderTableRow {TR} at (0,518) size 506x26
                                    RenderTableCell {TD} at (2,518) size 23x26 [border: (1px inset #808080)] [r=3 c=0 rs=1 cs=1]
                                      RenderText {#text} at (2,2) size 5x22
                                        text run at (2,2) width 5: "f"
                                    RenderTableCell {TD} at (27,518) size 23x26 [border: (1px inset #808080)] [r=3 c=1 rs=1 cs=1]
                                      RenderText {#text} at (2,2) size 8x22
                                        text run at (2,2) width 8: "g"
                                    RenderTableCell {TD} at (52,518) size 403x26 [border: (1px inset #808080)] [r=3 c=2 rs=1 cs=1]
                                      RenderText {#text} at (2,2) size 9x22
                                        text run at (2,2) width 9: "h"
                                    RenderTableCell {TD} at (457,518) size 23x26 [border: (1px inset #808080)] [r=3 c=3 rs=1 cs=1]
                                      RenderText {#text} at (2,2) size 4x22
                                        text run at (2,2) width 4: "i"
                                    RenderTableCell {TD} at (482,518) size 22x26 [border: (1px inset #808080)] [r=3 c=4 rs=1 cs=1]
                                      RenderText {#text} at (2,2) size 5x22
                                        text run at (2,2) width 5: "j"
                                  RenderTableRow {TR} at (0,546) size 506x26
                                    RenderTableCell {TD} at (2,546) size 23x26 [border: (1px inset #808080)] [r=4 c=0 rs=1 cs=1]
                                      RenderText {#text} at (2,2) size 9x22
                                        text run at (2,2) width 9: "k"
                                    RenderTableCell {TD} at (27,546) size 23x26 [border: (1px inset #808080)] [r=4 c=1 rs=1 cs=1]
                                      RenderText {#text} at (2,2) size 4x22
                                        text run at (2,2) width 4: "l"
                                    RenderTableCell {TD} at (52,546) size 403x26 [border: (1px inset #808080)] [r=4 c=2 rs=1 cs=1]
                                      RenderText {#text} at (2,2) size 13x22
                                        text run at (2,2) width 13: "m"
                                    RenderTableCell {TD} at (457,546) size 23x26 [border: (1px inset #808080)] [r=4 c=3 rs=1 cs=1]
                                      RenderText {#text} at (2,2) size 9x22
                                        text run at (2,2) width 9: "n"
                                    RenderTableCell {TD} at (482,546) size 22x26 [border: (1px inset #808080)] [r=4 c=4 rs=1 cs=1]
                                      RenderText {#text} at (2,2) size 8x22
                                        text run at (2,2) width 8: "o"
                              RenderBlock (anonymous) at (2,578) size 508x22
                                RenderText {#text} at (0,0) size 4x22
                                  text run at (0,0) width 4: " "
                            RenderTableCell {TD} at (538,290) size 21x26 [border: (1px inset #808080)] [r=0 c=2 rs=1 cs=1]
                              RenderText {#text} at (2,2) size 8x22
                                text run at (2,2) width 8: "3"
                          RenderTableRow {TR} at (0,606) size 561x26
                            RenderTableCell {TD} at (2,606) size 20x26 [border: (1px inset #808080)] [r=1 c=0 rs=1 cs=1]
                              RenderText {#text} at (2,2) size 8x22
                                text run at (2,2) width 8: "4"
                            RenderTableCell {TD} at (24,606) size 512x26 [border: (1px inset #808080)] [r=1 c=1 rs=1 cs=1]
                              RenderText {#text} at (2,2) size 8x22
                                text run at (2,2) width 8: "5"
                            RenderTableCell {TD} at (538,606) size 21x26 [border: (1px inset #808080)] [r=1 c=2 rs=1 cs=1]
                              RenderText {#text} at (2,2) size 8x22
                                text run at (2,2) width 8: "6"
                          RenderTableRow {TR} at (0,634) size 561x26
                            RenderTableCell {TD} at (2,634) size 20x26 [border: (1px inset #808080)] [r=2 c=0 rs=1 cs=1]
                              RenderText {#text} at (2,2) size 8x22
                                text run at (2,2) width 8: "7"
                            RenderTableCell {TD} at (24,634) size 512x26 [border: (1px inset #808080)] [r=2 c=1 rs=1 cs=1]
                              RenderText {#text} at (2,2) size 8x22
                                text run at (2,2) width 8: "8"
                            RenderTableCell {TD} at (538,634) size 21x26 [border: (1px inset #808080)] [r=2 c=2 rs=1 cs=1]
                              RenderText {#text} at (2,2) size 8x22
                                text run at (2,2) width 8: "9"
                      RenderBlock (anonymous) at (1,665) size 563x22
                        RenderText {#text} at (0,0) size 4x22
                          text run at (0,0) width 4: " "
                    RenderTableCell {TD} at (588,360) size 18x24 [r=1 c=2 rs=1 cs=1]
                      RenderText {#text} at (1,1) size 8x22
                        text run at (1,1) width 8: "6"
                  RenderTableRow {TR} at (0,718) size 608x24
                    RenderTableCell {TD} at (2,718) size 17x24 [r=2 c=0 rs=1 cs=1]
                      RenderText {#text} at (1,1) size 8x22
                        text run at (1,1) width 8: "7"
                    RenderTableCell {TD} at (21,718) size 565x24 [r=2 c=1 rs=1 cs=1]
                      RenderText {#text} at (1,1) size 8x22
                        text run at (1,1) width 8: "8"
                    RenderTableCell {TD} at (588,718) size 18x24 [r=2 c=2 rs=1 cs=1]
                      RenderText {#text} at (1,1) size 8x22
                        text run at (1,1) width 8: "9"
              RenderBlock (anonymous) at (2,746) size 608x22
                RenderText {#text} at (0,0) size 4x22
                  text run at (0,0) width 4: " "
            RenderTableCell {TD} at (616,430) size 73x26 [border: (1px inset #808080)] [r=2 c=1 rs=1 cs=1]
              RenderText {#text} at (2,2) size 8x22
                text run at (2,2) width 8: "8"
            RenderTableCell {TD} at (691,430) size 73x26 [border: (1px inset #808080)] [r=2 c=2 rs=1 cs=1]
              RenderText {#text} at (2,2) size 8x22
                text run at (2,2) width 8: "9"
