layer at (0,0) size 800x600
  RenderView at (0,0) size 800x600
layer at (0,0) size 800x246
  RenderBlock {html} at (0,0) size 800x246
    RenderBody {body} at (8,16) size 784x214
      RenderBlock {p} at (0,0) size 784x34
        RenderText {#text} at (0,6) size 432x19
          text run at (0,6) width 432: "following elements should appear in blue on an orange background: "
        RenderMathMLMath {math} at (432,0) size 59x34 [bgcolor=#FFA500] [padding: 0 1 0 1]
          RenderMathMLOperator {mo} at (1,8) size 16x16 [color=#0000FF] [padding: 0 1 0 0]
            RenderMathMLBlock (inline-block) {mo} at (0,0) size 15x16
              RenderText {mo} at (0,-4) size 15x25
                text run at (0,-4) width 15: "\x{2211}"
          RenderMathMLFraction {mfrac} at (17,0) size 13x34 [color=#0000FF]
            RenderMathMLBlock (anonymous, block) at (0,0) size 13x16 [padding: 0 3 0 3]
              RenderInline {mi} at (0,0) size 7x25
                RenderText {#text} at (3,-4) size 7x25
                  text run at (3,-4) width 7: "x"
            RenderMathMLBlock (anonymous, block) at (0,16) size 13x18 [padding: 2 3 0 3]
              RenderInline {mi} at (0,0) size 7x25
                RenderText {#text} at (3,-2) size 7x25
                  text run at (3,-2) width 7: "y"
          RenderInline {mn} at (0,0) size 8x25 [color=#0000FF]
            RenderText {#text} at (30,4) size 8x25
              text run at (30,4) width 8: "1"
          RenderMathMLSquareRoot {msqrt} at (38,5) size 20x19 [color=#0000FF] [intrinsic padding: 3 0 0 12]
            RenderMathMLRow (anonymous) at (12,3) size 8x16
              RenderInline {mn} at (0,0) size 8x25
                RenderText {#text} at (0,-4) size 8x25
                  text run at (0,-4) width 8: "2"
        RenderText {#text} at (491,6) size 4x19
          text run at (491,6) width 4: " "
        RenderMathMLMath {math} at (495,0) size 15x34 [bgcolor=#FFA500] [padding: 0 1 0 1]
          RenderMathMLFraction {mfrac} at (1,0) size 13x34 [color=#0000FF]
            RenderMathMLBlock (anonymous, block) at (0,0) size 13x16 [padding: 0 3 0 3]
              RenderInline {mi} at (0,0) size 7x25
                RenderText {#text} at (3,-4) size 7x25
                  text run at (3,-4) width 7: "x"
            RenderMathMLBlock (anonymous, block) at (0,16) size 13x18 [padding: 2 3 0 3]
              RenderInline {mi} at (0,0) size 7x25
                RenderText {#text} at (3,-2) size 7x25
                  text run at (3,-2) width 7: "y"
        RenderText {#text} at (0,0) size 0x0
      RenderBlock {p} at (0,50) size 784x32
        RenderText {#text} at (0,11) size 348x19
          text run at (0,11) width 348: "following elements should appear with increasing size: "
        RenderMathMLMath {math} at (348,0) size 39x32 [padding: 0 1 0 1]
          RenderInline {mi} at (0,0) size 5x19
            RenderText {#text} at (1,13) size 5x19
              text run at (1,13) width 5: "x"
          RenderInline {mi} at (0,0) size 7x25
            RenderText {#text} at (6,9) size 7x25
              text run at (6,9) width 7: "x"
          RenderInline {mi} at (0,0) size 11x37
            RenderText {#text} at (13,0) size 11x37
              text run at (13,0) width 11: "x"
          RenderInline {mi} at (0,0) size 14x49
            RenderText {#text} at (24,-8) size 14x49
              text run at (24,-8) width 14: "x"
        RenderText {#text} at (0,0) size 0x0
      RenderBlock {p} at (0,98) size 784x18
        RenderText {#text} at (0,0) size 86x19
          text run at (0,0) width 86: "font variants: "
        RenderMathMLMath {math} at (86,2) size 47x16 [padding: 0 1 0 1]
          RenderInline {mi} at (0,0) size 12x25
            RenderText {#text} at (1,-4) size 12x25
              text run at (1,-4) width 12: "A"
          RenderInline {mi} at (0,0) size 12x25
            RenderText {#text} at (13,-4) size 12x25
              text run at (13,-4) width 12: "A"
          RenderInline {mi} at (0,0) size 10x25
            RenderText {#text} at (25,-4) size 10x25
              text run at (25,-4) width 10: "A"
          RenderInline {mi} at (0,0) size 11x25
            RenderText {#text} at (35,-4) size 11x25
              text run at (35,-4) width 11: "A"
        RenderText {#text} at (0,0) size 0x0
      RenderBlock {p} at (0,132) size 784x32
        RenderText {#text} at (0,11) size 152x19
          text run at (0,11) width 152: "test font style attributes: "
        RenderMathMLMath {math} at (152,0) size 58x32 [padding: 0 1 0 1]
          RenderInline {mtext} at (0,0) size 23x49
            RenderText {#text} at (1,-8) size 23x49
              text run at (1,-8) width 23: "A"
          RenderInline {mtext} at (0,0) size 11x19
            RenderText {#text} at (24,11) size 11x19
              text run at (24,11) width 11: "A"
          RenderInline {mtext} at (0,0) size 10x25
            RenderText {#text} at (35,9) size 10x25
              text run at (35,9) width 10: "A"
          RenderInline {mtext} at (0,0) size 12x25
            RenderText {#text} at (45,9) size 12x25
              text run at (45,9) width 12: "A"
        RenderText {#text} at (0,0) size 0x0
      RenderBlock {p} at (0,180) size 784x34
        RenderBlock (anonymous) at (0,0) size 784x18
          RenderText {#text} at (0,0) size 226x19
            text run at (0,0) width 226: "following element should be inline: "
          RenderMathMLMath {math} at (226,2) size 9x16 [padding: 0 1 0 1]
            RenderInline {mi} at (0,0) size 7x25
              RenderText {#text} at (1,-4) size 7x25
                text run at (1,-4) width 7: "x"
          RenderText {#text} at (235,0) size 234x19
            text run at (235,0) width 234: ", and this one centered on a new line:"
        RenderMathMLMath {math} at (0,18) size 784x16 [padding: 0 1 0 1]
          RenderInline {mi} at (0,0) size 8x25
            RenderText {#text} at (388,-4) size 8x25
              text run at (388,-4) width 8: "x"
