layer at (0,0) size 800x600
  RenderView at (0,0) size 800x600
layer at (0,0) size 800x94
  RenderBlock {html} at (0,0) size 800x94
    RenderBody {body} at (8,16) size 784x62
      RenderBlock {p} at (0,0) size 784x62
        RenderMathMLMath {math} at (0,0) size 180x62 [padding: 0 1 0 1]
          RenderMathMLFenced {mfenced} at (1,0) size 178x62
            RenderMathMLOperator {mfenced} at (1,0) size 7x62
            RenderBlock {mtext} at (9,5) size 48x48
              RenderBlock {div} at (0,0) size 48x48 [bgcolor=#00FF00]
            RenderMathMLOperator {mfenced} at (57,31) size 4x5
              RenderMathMLBlock (flex) {mfenced} at (0,0) size 4x5
                RenderBlock (anonymous) at (0,0) size 4x5
                  RenderText {mfenced} at (0,-15) size 4x25
                    text run at (0,-15) width 4: ","
            RenderBlock {mtext} at (65,5) size 48x48
              RenderBlock {div} at (0,0) size 48x48 [bgcolor=#00FF00]
            RenderMathMLOperator {mfenced} at (113,31) size 4x5
              RenderMathMLBlock (flex) {mfenced} at (0,0) size 4x5
                RenderBlock (anonymous) at (0,0) size 4x5
                  RenderText {mfenced} at (0,-15) size 4x25
                    text run at (0,-15) width 4: ","
            RenderBlock {mtext} at (121,5) size 48x48
              RenderBlock {div} at (0,0) size 48x48 [bgcolor=#00FF00]
            RenderMathMLOperator {mfenced} at (170,0) size 7x62
        RenderText {#text} at (0,0) size 0x0
layer at (10,16) size 7x10 scrollHeight 19
  RenderMathMLBlock (flex) {mfenced} at (0,0) size 7x10
    RenderBlock (anonymous) at (0,0) size 7x10
layer at (10,26) size 7x10 scrollHeight 18
  RenderMathMLBlock (flex) {mfenced} at (0,10) size 7x10
    RenderBlock (anonymous) at (0,0) size 7x10
      RenderText {mfenced} at (0,-4) size 7x22
        text run at (0,-4) width 7: "\x{239C}"
layer at (10,36) size 7x10 scrollHeight 18
  RenderMathMLBlock (flex) {mfenced} at (0,20) size 7x10
    RenderBlock (anonymous) at (0,0) size 7x10
      RenderText {mfenced} at (0,-4) size 7x22
        text run at (0,-4) width 7: "\x{239C}"
layer at (10,46) size 7x10 scrollHeight 18
  RenderMathMLBlock (flex) {mfenced} at (0,30) size 7x10
    RenderBlock (anonymous) at (0,0) size 7x10
      RenderText {mfenced} at (0,-4) size 7x22
        text run at (0,-4) width 7: "\x{239C}"
layer at (10,56) size 7x7 scrollHeight 18
  RenderMathMLBlock (flex) {mfenced} at (0,40) size 7x7
    RenderBlock (anonymous) at (0,0) size 7x7
      RenderText {mfenced} at (0,-4) size 7x22
        text run at (0,-4) width 7: "\x{239C}"
layer at (10,63) size 7x15 scrollHeight 18
  RenderMathMLBlock (flex) {mfenced} at (0,47) size 7x15
    RenderBlock (anonymous) at (0,0) size 7x15
layer at (179,16) size 7x10 scrollHeight 19
  RenderMathMLBlock (flex) {mfenced} at (0,0) size 7x10
    RenderBlock (anonymous) at (0,0) size 7x10
layer at (179,26) size 7x10 scrollHeight 18
  RenderMathMLBlock (flex) {mfenced} at (0,10) size 7x10
    RenderBlock (anonymous) at (0,0) size 7x10
      RenderText {mfenced} at (0,-4) size 7x22
        text run at (0,-4) width 7: "\x{239F}"
layer at (179,36) size 7x10 scrollHeight 18
  RenderMathMLBlock (flex) {mfenced} at (0,20) size 7x10
    RenderBlock (anonymous) at (0,0) size 7x10
      RenderText {mfenced} at (0,-4) size 7x22
        text run at (0,-4) width 7: "\x{239F}"
layer at (179,46) size 7x10 scrollHeight 18
  RenderMathMLBlock (flex) {mfenced} at (0,30) size 7x10
    RenderBlock (anonymous) at (0,0) size 7x10
      RenderText {mfenced} at (0,-4) size 7x22
        text run at (0,-4) width 7: "\x{239F}"
layer at (179,56) size 7x7 scrollHeight 18
  RenderMathMLBlock (flex) {mfenced} at (0,40) size 7x7
    RenderBlock (anonymous) at (0,0) size 7x7
      RenderText {mfenced} at (0,-4) size 7x22
        text run at (0,-4) width 7: "\x{239F}"
layer at (179,63) size 7x15 scrollHeight 18
  RenderMathMLBlock (flex) {mfenced} at (0,47) size 7x15
    RenderBlock (anonymous) at (0,0) size 7x15
layer at (10,17) size 7x15 backgroundClip at (10,16) size 7x10 clip at (10,16) size 7x10 outlineClip at (10,16) size 7x10
  RenderBlock (relative positioned) {mfenced} at (0,0) size 7x15
    RenderText {mfenced} at (0,-4) size 7x22
      text run at (0,-4) width 7: "\x{239B}"
layer at (10,60) size 7x15 backgroundClip at (10,63) size 7x15 clip at (10,63) size 7x15 outlineClip at (10,63) size 7x15
  RenderBlock (relative positioned) {mfenced} at (0,0) size 7x15
    RenderText {mfenced} at (0,-4) size 7x22
      text run at (0,-4) width 7: "\x{239D}"
layer at (179,17) size 7x15 backgroundClip at (179,16) size 7x10 clip at (179,16) size 7x10 outlineClip at (179,16) size 7x10
  RenderBlock (relative positioned) {mfenced} at (0,0) size 7x15
    RenderText {mfenced} at (0,-4) size 7x22
      text run at (0,-4) width 7: "\x{239E}"
layer at (179,60) size 7x15 backgroundClip at (179,63) size 7x15 clip at (179,63) size 7x15 outlineClip at (179,63) size 7x15
  RenderBlock (relative positioned) {mfenced} at (0,0) size 7x15
    RenderText {mfenced} at (0,-4) size 7x22
      text run at (0,-4) width 7: "\x{23A0}"
