layer at (0,0) size 800x600
  RenderView at (0,0) size 800x600
layer at (0,0) size 800x297
  RenderBlock {html} at (0,0) size 800x297
    RenderBody {body} at (8,16) size 784x265
      RenderBlock {p} at (0,0) size 784x26
        RenderText {#text} at (0,2) size 49x19
          text run at (0,2) width 49: "simple: "
        RenderMathMLMath {math} at (49,0) size 16x26 [padding: 0 1 0 1]
          RenderMathMLFraction {mfrac} at (1,0) size 14x26
            RenderMathMLBlock (anonymous, block) at (0,0) size 14x12 [padding: 0 3 0 3]
              RenderInline {mn} at (0,0) size 8x25
                RenderText {#text} at (3,-6) size 8x25
                  text run at (3,-6) width 8: "1"
            RenderMathMLBlock (anonymous, block) at (0,12) size 14x14 [padding: 2 3 0 3]
              RenderInline {mn} at (0,0) size 8x25
                RenderText {#text} at (3,-4) size 8x25
                  text run at (3,-4) width 8: "2"
      RenderBlock {p} at (0,42) size 784x26
        RenderText {#text} at (0,2) size 197x19
          text run at (0,2) width 197: "more complex (should be red): "
        RenderMathMLMath {math} at (197,0) size 35x26 [padding: 0 1 0 1]
          RenderMathMLFraction {mfrac} at (1,0) size 33x26 [color=#FF0000]
            RenderMathMLBlock (anonymous, block) at (0,0) size 33x12 [padding: 0 3 0 3]
              RenderMathMLRow {mrow} at (3,0) size 27x12
                RenderInline {mi} at (0,0) size 7x25
                  RenderText {#text} at (0,-6) size 7x25
                    text run at (0,-6) width 7: "x"
                RenderMathMLOperator {mo} at (7,2) size 12x10 [padding: 0 1 0 0]
                  RenderMathMLBlock (inline-block) {mo} at (0,0) size 11x10
                    RenderText {mo} at (0,-8) size 11x25
                      text run at (0,-8) width 11: "+"
                RenderInline {mn} at (0,0) size 8x25
                  RenderText {#text} at (19,-6) size 8x25
                    text run at (19,-6) width 8: "1"
            RenderMathMLBlock (anonymous, block) at (0,12) size 33x14 [padding: 2 3 0 3]
              RenderMathMLRow {mrow} at (3,2) size 27x12
                RenderInline {mi} at (0,0) size 7x25
                  RenderText {#text} at (0,-6) size 7x25
                    text run at (0,-6) width 7: "x"
                RenderMathMLOperator {mo} at (7,2) size 12x10 [padding: 0 1 0 0]
                  RenderMathMLBlock (inline-block) {mo} at (0,0) size 11x10
                    RenderText {mo} at (0,-8) size 11x25
                      text run at (0,-8) width 11: "+"
                RenderInline {mn} at (0,0) size 8x25
                  RenderText {#text} at (19,-6) size 8x25
                    text run at (19,-6) width 8: "2"
        RenderText {#text} at (0,0) size 0x0
      RenderBlock {p} at (0,84) size 784x32
        RenderText {#text} at (0,5) size 31x19
          text run at (0,5) width 31: "text: "
        RenderMathMLMath {math} at (31,0) size 128x32 [padding: 0 1 0 1]
          RenderMathMLFraction {mfrac} at (1,0) size 126x32
            RenderMathMLBlock (anonymous, block) at (0,0) size 126x15 [padding: 0 3 0 3]
              RenderInline {mtext} at (0,0) size 100x25
                RenderText {#text} at (13,-6) size 100x25
                  text run at (13,-6) width 100: "number of bugs"
            RenderMathMLBlock (anonymous, block) at (0,15) size 126x17 [padding: 2 3 0 3]
              RenderInline {mtext} at (0,0) size 120x25
                RenderText {#text} at (3,-4) size 120x25
                  text run at (3,-4) width 120: "number of changes"
        RenderText {#text} at (0,0) size 0x0
      RenderBlock {p} at (0,132) size 784x52
        RenderText {#text} at (0,16) size 173x19
          text run at (0,16) width 173: "line thickness by keyword: "
        RenderMathMLMath {math} at (173,0) size 86x52 [padding: 0 1 0 1]
          RenderMathMLFraction {mfrac} at (1,0) size 28x49
            RenderMathMLBlock (anonymous, block) at (0,0) size 28x23 [padding: 0 6 0 6]
              RenderInline {mn} at (0,0) size 16x49
                RenderText {#text} at (6,-12) size 16x49
                  text run at (6,-12) width 16: "1"
            RenderMathMLBlock (anonymous, block) at (0,23) size 28x26 [padding: 3 6 0 6]
              RenderInline {mn} at (0,0) size 16x49
                RenderText {#text} at (6,-9) size 16x49
                  text run at (6,-9) width 16: "2"
          RenderMathMLFraction {mfrac} at (29,0) size 28x50
            RenderMathMLBlock (anonymous, block) at (0,0) size 28x23 [padding: 0 6 0 6]
              RenderInline {mn} at (0,0) size 16x49
                RenderText {#text} at (6,-12) size 16x49
                  text run at (6,-12) width 16: "1"
            RenderMathMLBlock (anonymous, block) at (0,23) size 28x27 [padding: 4 6 0 6]
              RenderInline {mn} at (0,0) size 16x49
                RenderText {#text} at (6,-8) size 16x49
                  text run at (6,-8) width 16: "2"
          RenderMathMLFraction {mfrac} at (57,0) size 28x52
            RenderMathMLBlock (anonymous, block) at (0,0) size 28x23 [padding: 0 6 0 6]
              RenderInline {mn} at (0,0) size 16x49
                RenderText {#text} at (6,-12) size 16x49
                  text run at (6,-12) width 16: "1"
            RenderMathMLBlock (anonymous, block) at (0,23) size 28x29 [padding: 6 6 0 6]
              RenderInline {mn} at (0,0) size 16x49
                RenderText {#text} at (6,-6) size 16x49
                  text run at (6,-6) width 16: "2"
        RenderText {#text} at (0,0) size 0x0
      RenderBlock {p} at (0,200) size 784x25
        RenderText {#text} at (0,0) size 138x19
          text run at (0,0) width 138: "numerator alignment: "
        RenderMathMLMath {math} at (138,1) size 97x24 [padding: 0 1 0 1]
          RenderMathMLFraction {mfrac} at (1,0) size 95x24
            RenderMathMLBlock (anonymous, block) at (0,0) size 95x9 [padding: 0 3 0 3]
              RenderInline {mi} at (0,0) size 7x25
                RenderText {#text} at (3,-9) size 7x25
                  text run at (3,-9) width 7: "x"
            RenderMathMLBlock (anonymous, block) at (0,9) size 95x15 [padding: 2 3 0 3]
              RenderMathMLRow {mrow} at (4,2) size 88x13
                RenderInline {mn} at (0,0) size 8x25
                  RenderText {#text} at (0,-5) size 8x25
                    text run at (0,-5) width 8: "1"
                RenderMathMLOperator {mo} at (8,3) size 12x10 [padding: 0 1 0 0]
                  RenderMathMLBlock (inline-block) {mo} at (0,0) size 11x10
                    RenderText {mo} at (0,-8) size 11x25
                      text run at (0,-8) width 11: "+"
                RenderInline {mn} at (0,0) size 8x25
                  RenderText {#text} at (20,-5) size 8x25
                    text run at (20,-5) width 8: "2"
                RenderMathMLOperator {mo} at (28,3) size 12x10 [padding: 0 1 0 0]
                  RenderMathMLBlock (inline-block) {mo} at (0,0) size 11x10
                    RenderText {mo} at (0,-8) size 11x25
                      text run at (0,-8) width 11: "+"
                RenderInline {mn} at (0,0) size 8x25
                  RenderText {#text} at (40,-5) size 8x25
                    text run at (40,-5) width 8: "3"
                RenderMathMLOperator {mo} at (48,3) size 12x10 [padding: 0 1 0 0]
                  RenderMathMLBlock (inline-block) {mo} at (0,0) size 11x10
                    RenderText {mo} at (0,-8) size 11x25
                      text run at (0,-8) width 11: "+"
                RenderInline {mn} at (0,0) size 8x25
                  RenderText {#text} at (60,-5) size 8x25
                    text run at (60,-5) width 8: "4"
                RenderMathMLOperator {mo} at (68,3) size 12x10 [padding: 0 1 0 0]
                  RenderMathMLBlock (inline-block) {mo} at (0,0) size 11x10
                    RenderText {mo} at (0,-8) size 11x25
                      text run at (0,-8) width 11: "+"
                RenderInline {mn} at (0,0) size 8x25
                  RenderText {#text} at (80,-5) size 8x25
                    text run at (80,-5) width 8: "5"
        RenderText {#text} at (235,0) size 4x19
          text run at (235,0) width 4: " "
        RenderMathMLMath {math} at (239,1) size 97x24 [padding: 0 1 0 1]
          RenderMathMLFraction {mfrac} at (1,0) size 95x24
            RenderMathMLBlock (anonymous, block) at (0,0) size 95x9 [padding: 0 3 0 3]
              RenderInline {mi} at (0,0) size 7x25
                RenderText {#text} at (44,-9) size 7x25
                  text run at (44,-9) width 7: "x"
            RenderMathMLBlock (anonymous, block) at (0,9) size 95x15 [padding: 2 3 0 3]
              RenderMathMLRow {mrow} at (4,2) size 88x13
                RenderInline {mn} at (0,0) size 8x25
                  RenderText {#text} at (0,-5) size 8x25
                    text run at (0,-5) width 8: "1"
                RenderMathMLOperator {mo} at (8,3) size 12x10 [padding: 0 1 0 0]
                  RenderMathMLBlock (inline-block) {mo} at (0,0) size 11x10
                    RenderText {mo} at (0,-8) size 11x25
                      text run at (0,-8) width 11: "+"
                RenderInline {mn} at (0,0) size 8x25
                  RenderText {#text} at (20,-5) size 8x25
                    text run at (20,-5) width 8: "2"
                RenderMathMLOperator {mo} at (28,3) size 12x10 [padding: 0 1 0 0]
                  RenderMathMLBlock (inline-block) {mo} at (0,0) size 11x10
                    RenderText {mo} at (0,-8) size 11x25
                      text run at (0,-8) width 11: "+"
                RenderInline {mn} at (0,0) size 8x25
                  RenderText {#text} at (40,-5) size 8x25
                    text run at (40,-5) width 8: "3"
                RenderMathMLOperator {mo} at (48,3) size 12x10 [padding: 0 1 0 0]
                  RenderMathMLBlock (inline-block) {mo} at (0,0) size 11x10
                    RenderText {mo} at (0,-8) size 11x25
                      text run at (0,-8) width 11: "+"
                RenderInline {mn} at (0,0) size 8x25
                  RenderText {#text} at (60,-5) size 8x25
                    text run at (60,-5) width 8: "4"
                RenderMathMLOperator {mo} at (68,3) size 12x10 [padding: 0 1 0 0]
                  RenderMathMLBlock (inline-block) {mo} at (0,0) size 11x10
                    RenderText {mo} at (0,-8) size 11x25
                      text run at (0,-8) width 11: "+"
                RenderInline {mn} at (0,0) size 8x25
                  RenderText {#text} at (80,-5) size 8x25
                    text run at (80,-5) width 8: "5"
        RenderText {#text} at (336,0) size 4x19
          text run at (336,0) width 4: " "
        RenderMathMLMath {math} at (340,1) size 97x24 [padding: 0 1 0 1]
          RenderMathMLFraction {mfrac} at (1,0) size 95x24
            RenderMathMLBlock (anonymous, block) at (0,0) size 95x9 [padding: 0 3 0 3]
              RenderInline {mi} at (0,0) size 7x25
                RenderText {#text} at (85,-9) size 7x25
                  text run at (85,-9) width 7: "x"
            RenderMathMLBlock (anonymous, block) at (0,9) size 95x15 [padding: 2 3 0 3]
              RenderMathMLRow {mrow} at (4,2) size 88x13
                RenderInline {mn} at (0,0) size 8x25
                  RenderText {#text} at (0,-5) size 8x25
                    text run at (0,-5) width 8: "1"
                RenderMathMLOperator {mo} at (8,3) size 12x10 [padding: 0 1 0 0]
                  RenderMathMLBlock (inline-block) {mo} at (0,0) size 11x10
                    RenderText {mo} at (0,-8) size 11x25
                      text run at (0,-8) width 11: "+"
                RenderInline {mn} at (0,0) size 8x25
                  RenderText {#text} at (20,-5) size 8x25
                    text run at (20,-5) width 8: "2"
                RenderMathMLOperator {mo} at (28,3) size 12x10 [padding: 0 1 0 0]
                  RenderMathMLBlock (inline-block) {mo} at (0,0) size 11x10
                    RenderText {mo} at (0,-8) size 11x25
                      text run at (0,-8) width 11: "+"
                RenderInline {mn} at (0,0) size 8x25
                  RenderText {#text} at (40,-5) size 8x25
                    text run at (40,-5) width 8: "3"
                RenderMathMLOperator {mo} at (48,3) size 12x10 [padding: 0 1 0 0]
                  RenderMathMLBlock (inline-block) {mo} at (0,0) size 11x10
                    RenderText {mo} at (0,-8) size 11x25
                      text run at (0,-8) width 11: "+"
                RenderInline {mn} at (0,0) size 8x25
                  RenderText {#text} at (60,-5) size 8x25
                    text run at (60,-5) width 8: "4"
                RenderMathMLOperator {mo} at (68,3) size 12x10 [padding: 0 1 0 0]
                  RenderMathMLBlock (inline-block) {mo} at (0,0) size 11x10
                    RenderText {mo} at (0,-8) size 11x25
                      text run at (0,-8) width 11: "+"
                RenderInline {mn} at (0,0) size 8x25
                  RenderText {#text} at (80,-5) size 8x25
                    text run at (80,-5) width 8: "5"
        RenderText {#text} at (0,0) size 0x0
      RenderBlock {p} at (0,241) size 784x24
        RenderText {#text} at (0,3) size 153x19
          text run at (0,3) width 153: "denominator alignment: "
        RenderMathMLMath {math} at (153,0) size 96x24 [padding: 0 1 0 1]
          RenderMathMLFraction {mfrac} at (1,0) size 94x24
            RenderMathMLBlock (anonymous, block) at (0,0) size 94x13 [padding: 0 3 0 3]
              RenderMathMLRow {mrow} at (3,0) size 88x13
                RenderInline {mn} at (0,0) size 8x25
                  RenderText {#text} at (0,-5) size 8x25
                    text run at (0,-5) width 8: "1"
                RenderMathMLOperator {mo} at (8,3) size 12x10 [padding: 0 1 0 0]
                  RenderMathMLBlock (inline-block) {mo} at (0,0) size 11x10
                    RenderText {mo} at (0,-8) size 11x25
                      text run at (0,-8) width 11: "+"
                RenderInline {mn} at (0,0) size 8x25
                  RenderText {#text} at (20,-5) size 8x25
                    text run at (20,-5) width 8: "2"
                RenderMathMLOperator {mo} at (28,3) size 12x10 [padding: 0 1 0 0]
                  RenderMathMLBlock (inline-block) {mo} at (0,0) size 11x10
                    RenderText {mo} at (0,-8) size 11x25
                      text run at (0,-8) width 11: "+"
                RenderInline {mn} at (0,0) size 8x25
                  RenderText {#text} at (40,-5) size 8x25
                    text run at (40,-5) width 8: "3"
                RenderMathMLOperator {mo} at (48,3) size 12x10 [padding: 0 1 0 0]
                  RenderMathMLBlock (inline-block) {mo} at (0,0) size 11x10
                    RenderText {mo} at (0,-8) size 11x25
                      text run at (0,-8) width 11: "+"
                RenderInline {mn} at (0,0) size 8x25
                  RenderText {#text} at (60,-5) size 8x25
                    text run at (60,-5) width 8: "4"
                RenderMathMLOperator {mo} at (68,3) size 12x10 [padding: 0 1 0 0]
                  RenderMathMLBlock (inline-block) {mo} at (0,0) size 11x10
                    RenderText {mo} at (0,-8) size 11x25
                      text run at (0,-8) width 11: "+"
                RenderInline {mn} at (0,0) size 8x25
                  RenderText {#text} at (80,-5) size 8x25
                    text run at (80,-5) width 8: "5"
            RenderMathMLBlock (anonymous, block) at (0,13) size 94x11 [padding: 2 3 0 3]
              RenderInline {mi} at (0,0) size 7x25
                RenderText {#text} at (3,-7) size 7x25
                  text run at (3,-7) width 7: "x"
        RenderText {#text} at (249,3) size 4x19
          text run at (249,3) width 4: " "
        RenderMathMLMath {math} at (253,0) size 96x24 [padding: 0 1 0 1]
          RenderMathMLFraction {mfrac} at (1,0) size 94x24
            RenderMathMLBlock (anonymous, block) at (0,0) size 94x13 [padding: 0 3 0 3]
              RenderMathMLRow {mrow} at (3,0) size 88x13
                RenderInline {mn} at (0,0) size 8x25
                  RenderText {#text} at (0,-5) size 8x25
                    text run at (0,-5) width 8: "1"
                RenderMathMLOperator {mo} at (8,3) size 12x10 [padding: 0 1 0 0]
                  RenderMathMLBlock (inline-block) {mo} at (0,0) size 11x10
                    RenderText {mo} at (0,-8) size 11x25
                      text run at (0,-8) width 11: "+"
                RenderInline {mn} at (0,0) size 8x25
                  RenderText {#text} at (20,-5) size 8x25
                    text run at (20,-5) width 8: "2"
                RenderMathMLOperator {mo} at (28,3) size 12x10 [padding: 0 1 0 0]
                  RenderMathMLBlock (inline-block) {mo} at (0,0) size 11x10
                    RenderText {mo} at (0,-8) size 11x25
                      text run at (0,-8) width 11: "+"
                RenderInline {mn} at (0,0) size 8x25
                  RenderText {#text} at (40,-5) size 8x25
                    text run at (40,-5) width 8: "3"
                RenderMathMLOperator {mo} at (48,3) size 12x10 [padding: 0 1 0 0]
                  RenderMathMLBlock (inline-block) {mo} at (0,0) size 11x10
                    RenderText {mo} at (0,-8) size 11x25
                      text run at (0,-8) width 11: "+"
                RenderInline {mn} at (0,0) size 8x25
                  RenderText {#text} at (60,-5) size 8x25
                    text run at (60,-5) width 8: "4"
                RenderMathMLOperator {mo} at (68,3) size 12x10 [padding: 0 1 0 0]
                  RenderMathMLBlock (inline-block) {mo} at (0,0) size 11x10
                    RenderText {mo} at (0,-8) size 11x25
                      text run at (0,-8) width 11: "+"
                RenderInline {mn} at (0,0) size 8x25
                  RenderText {#text} at (80,-5) size 8x25
                    text run at (80,-5) width 8: "5"
            RenderMathMLBlock (anonymous, block) at (0,13) size 94x11 [padding: 2 3 0 3]
              RenderInline {mi} at (0,0) size 8x25
                RenderText {#text} at (43,-7) size 8x25
                  text run at (43,-7) width 8: "x"
        RenderText {#text} at (349,3) size 4x19
          text run at (349,3) width 4: " "
        RenderMathMLMath {math} at (353,0) size 96x24 [padding: 0 1 0 1]
          RenderMathMLFraction {mfrac} at (1,0) size 94x24
            RenderMathMLBlock (anonymous, block) at (0,0) size 94x13 [padding: 0 3 0 3]
              RenderMathMLRow {mrow} at (3,0) size 88x13
                RenderInline {mn} at (0,0) size 8x25
                  RenderText {#text} at (0,-5) size 8x25
                    text run at (0,-5) width 8: "1"
                RenderMathMLOperator {mo} at (8,3) size 12x10 [padding: 0 1 0 0]
                  RenderMathMLBlock (inline-block) {mo} at (0,0) size 11x10
                    RenderText {mo} at (0,-8) size 11x25
                      text run at (0,-8) width 11: "+"
                RenderInline {mn} at (0,0) size 8x25
                  RenderText {#text} at (20,-5) size 8x25
                    text run at (20,-5) width 8: "2"
                RenderMathMLOperator {mo} at (28,3) size 12x10 [padding: 0 1 0 0]
                  RenderMathMLBlock (inline-block) {mo} at (0,0) size 11x10
                    RenderText {mo} at (0,-8) size 11x25
                      text run at (0,-8) width 11: "+"
                RenderInline {mn} at (0,0) size 8x25
                  RenderText {#text} at (40,-5) size 8x25
                    text run at (40,-5) width 8: "3"
                RenderMathMLOperator {mo} at (48,3) size 12x10 [padding: 0 1 0 0]
                  RenderMathMLBlock (inline-block) {mo} at (0,0) size 11x10
                    RenderText {mo} at (0,-8) size 11x25
                      text run at (0,-8) width 11: "+"
                RenderInline {mn} at (0,0) size 8x25
                  RenderText {#text} at (60,-5) size 8x25
                    text run at (60,-5) width 8: "4"
                RenderMathMLOperator {mo} at (68,3) size 12x10 [padding: 0 1 0 0]
                  RenderMathMLBlock (inline-block) {mo} at (0,0) size 11x10
                    RenderText {mo} at (0,-8) size 11x25
                      text run at (0,-8) width 11: "+"
                RenderInline {mn} at (0,0) size 8x25
                  RenderText {#text} at (80,-5) size 8x25
                    text run at (80,-5) width 8: "5"
            RenderMathMLBlock (anonymous, block) at (0,13) size 94x11 [padding: 2 3 0 3]
              RenderInline {mi} at (0,0) size 7x25
                RenderText {#text} at (84,-7) size 7x25
                  text run at (84,-7) width 7: "x"
        RenderText {#text} at (0,0) size 0x0
