layer at (0,0) size 800x600
  RenderView at (0,0) size 800x600
layer at (0,0) size 800x53
  RenderBlock {html} at (0,0) size 800x53
    RenderBody {body} at (8,16) size 784x21
      RenderBlock {p} at (0,0) size 784x21
        RenderMathMLMath {math} at (0,2) size 15x19
          RenderMathMLSubSup {msub} at (1,0) size 13x19
            RenderMathMLBlock {msub} at (0,0) size 7x16
              RenderInline {mi} at (0,0) size 7x25
                RenderText {#text} at (0,-4) size 7x25
                  text run at (0,-4) width 7: "x"
            RenderInline {mn} at (0,0) size 6x19
              RenderText {#text} at (7,4) size 6x19
                text run at (7,4) width 6: "2"
        RenderText {#text} at (0,0) size 0x0
