layer at (0,0) size 800x600
  RenderView at (0,0) size 800x600
layer at (0,0) size 800x64
  RenderBlock {html} at (0,0) size 800x64
    RenderBody {body} at (8,16) size 784x32
      RenderBlock {p} at (0,0) size 784x32
        RenderMathMLMath {math} at (0,0) size 16x32
          RenderMathMLSubSup {msubsup} at (1,0) size 14x32
            RenderMathMLBlock {msubsup} at (0,3) size 7x19
              RenderInline {mi} at (0,0) size 7x25
                RenderText {#text} at (0,-1) size 7x25
                  text run at (0,-1) width 7: "x"
            RenderMathMLBlock {msubsup} at (8,0) size 6x32
              RenderMathMLBlock {msubsup} at (0,0) size 6x16
                RenderInline {mi} at (0,0) size 5x19
                  RenderText {#text} at (0,0) size 5x19
                    text run at (0,0) width 5: "k"
              RenderMathMLBlock {msubsup} at (0,16) size 6x0
              RenderMathMLBlock {msubsup} at (0,16) size 6x16
                RenderInline {mn} at (0,0) size 6x19
                  RenderText {#text} at (0,0) size 6x19
                    text run at (0,0) width 6: "2"
        RenderText {#text} at (0,0) size 0x0
