layer at (0,0) size 800x2652
  RenderView at (0,0) size 800x600
layer at (0,0) size 800x2652
  RenderBlock {HTML} at (0,0) size 800x2652
    RenderBody {BODY} at (8,8) size 784x2636
      RenderBlock (anonymous) at (0,0) size 784x40
        RenderBR {BR} at (0,0) size 0x19
        RenderText {#text} at (0,20) size 74x19
          text run at (0,20) width 74: "table - color"
      RenderTable {TABLE} at (0,40) size 68x38 [bgcolor=#FFA500] [border: (1px outset #808080)]
        RenderTableSection {TBODY} at (1,1) size 66x36
          RenderTableRow {TR} at (0,6) size 66x24
            RenderTableCell {TD} at (6,6) size 24x24 [border: (1px inset #808080)] [r=0 c=0 rs=1 cs=1]
              RenderText {#text} at (2,2) size 20x19
                text run at (2,2) width 20: "foo"
            RenderTableCell {TD} at (36,6) size 24x24 [border: (1px inset #808080)] [r=0 c=1 rs=1 cs=1]
              RenderText {#text} at (2,2) size 20x19
                text run at (2,2) width 20: "bar"
      RenderBlock (anonymous) at (0,78) size 784x40
        RenderBR {BR} at (0,0) size 0x19
        RenderText {#text} at (0,20) size 78x19
          text run at (0,20) width 78: "table - image"
      RenderTable {TABLE} at (0,118) size 68x38 [border: (1px outset #808080)]
        RenderTableSection {TBODY} at (1,1) size 66x36
          RenderTableRow {TR} at (0,6) size 66x24
            RenderTableCell {TD} at (6,6) size 24x24 [border: (1px inset #808080)] [r=0 c=0 rs=1 cs=1]
              RenderText {#text} at (2,2) size 20x19
                text run at (2,2) width 20: "foo"
            RenderTableCell {TD} at (36,6) size 24x24 [border: (1px inset #808080)] [r=0 c=1 rs=1 cs=1]
              RenderText {#text} at (2,2) size 20x19
                text run at (2,2) width 20: "bar"
      RenderBlock (anonymous) at (0,156) size 784x40
        RenderBR {BR} at (0,0) size 0x19
        RenderText {#text} at (0,20) size 117x19
          text run at (0,20) width 117: "table - color, image"
      RenderTable {TABLE} at (0,196) size 68x38 [bgcolor=#FFA500] [border: (1px outset #808080)]
        RenderTableSection {TBODY} at (1,1) size 66x36
          RenderTableRow {TR} at (0,6) size 66x24
            RenderTableCell {TD} at (6,6) size 24x24 [border: (1px inset #808080)] [r=0 c=0 rs=1 cs=1]
              RenderText {#text} at (2,2) size 20x19
                text run at (2,2) width 20: "foo"
            RenderTableCell {TD} at (36,6) size 24x24 [border: (1px inset #808080)] [r=0 c=1 rs=1 cs=1]
              RenderText {#text} at (2,2) size 20x19
                text run at (2,2) width 20: "bar"
      RenderBlock (anonymous) at (0,234) size 784x40
        RenderBR {BR} at (0,0) size 0x19
        RenderText {#text} at (0,20) size 65x19
          text run at (0,20) width 65: "cell - color"
      RenderTable {TABLE} at (0,274) size 68x38 [border: (1px outset #808080)]
        RenderTableSection {TBODY} at (1,1) size 66x36
          RenderTableRow {TR} at (0,6) size 66x24
            RenderTableCell {TD} at (6,6) size 24x24 [bgcolor=#FF55DD] [border: (1px inset #808080)] [r=0 c=0 rs=1 cs=1]
              RenderText {#text} at (2,2) size 20x19
                text run at (2,2) width 20: "foo"
            RenderTableCell {TD} at (36,6) size 24x24 [border: (1px inset #808080)] [r=0 c=1 rs=1 cs=1]
              RenderText {#text} at (2,2) size 20x19
                text run at (2,2) width 20: "bar"
      RenderBlock (anonymous) at (0,312) size 784x40
        RenderBR {BR} at (0,0) size 0x19
        RenderText {#text} at (0,20) size 69x19
          text run at (0,20) width 69: "cell - image"
      RenderTable {TABLE} at (0,352) size 68x38 [border: (1px outset #808080)]
        RenderTableSection {TBODY} at (1,1) size 66x36
          RenderTableRow {TR} at (0,6) size 66x24
            RenderTableCell {TD} at (6,6) size 24x24 [border: (1px inset #808080)] [r=0 c=0 rs=1 cs=1]
              RenderText {#text} at (2,2) size 20x19
                text run at (2,2) width 20: "foo"
            RenderTableCell {TD} at (36,6) size 24x24 [border: (1px inset #808080)] [r=0 c=1 rs=1 cs=1]
              RenderText {#text} at (2,2) size 20x19
                text run at (2,2) width 20: "bar"
      RenderBlock (anonymous) at (0,390) size 784x40
        RenderBR {BR} at (0,0) size 0x19
        RenderText {#text} at (0,20) size 108x19
          text run at (0,20) width 108: "cell - color, image"
      RenderTable {TABLE} at (0,430) size 68x38 [border: (1px outset #808080)]
        RenderTableSection {TBODY} at (1,1) size 66x36
          RenderTableRow {TR} at (0,6) size 66x24
            RenderTableCell {TD} at (6,6) size 24x24 [bgcolor=#FF55DD] [border: (1px inset #808080)] [r=0 c=0 rs=1 cs=1]
              RenderText {#text} at (2,2) size 20x19
                text run at (2,2) width 20: "foo"
            RenderTableCell {TD} at (36,6) size 24x24 [border: (1px inset #808080)] [r=0 c=1 rs=1 cs=1]
              RenderText {#text} at (2,2) size 20x19
                text run at (2,2) width 20: "bar"
      RenderBlock (anonymous) at (0,468) size 784x40
        RenderBR {BR} at (0,0) size 0x19
        RenderText {#text} at (0,20) size 147x19
          text run at (0,20) width 147: "table - color; cell - color"
      RenderTable {TABLE} at (0,508) size 68x38 [bgcolor=#FFA500] [border: (1px outset #808080)]
        RenderTableSection {TBODY} at (1,1) size 66x36
          RenderTableRow {TR} at (0,6) size 66x24
            RenderTableCell {TD} at (6,6) size 24x24 [bgcolor=#FF55DD] [border: (1px inset #808080)] [r=0 c=0 rs=1 cs=1]
              RenderText {#text} at (2,2) size 20x19
                text run at (2,2) width 20: "foo"
            RenderTableCell {TD} at (36,6) size 24x24 [border: (1px inset #808080)] [r=0 c=1 rs=1 cs=1]
              RenderText {#text} at (2,2) size 20x19
                text run at (2,2) width 20: "bar"
      RenderBlock (anonymous) at (0,546) size 784x40
        RenderBR {BR} at (0,0) size 0x19
        RenderText {#text} at (0,20) size 151x19
          text run at (0,20) width 151: "table - image; cell - color"
      RenderTable {TABLE} at (0,586) size 68x38 [border: (1px outset #808080)]
        RenderTableSection {TBODY} at (1,1) size 66x36
          RenderTableRow {TR} at (0,6) size 66x24
            RenderTableCell {TD} at (6,6) size 24x24 [bgcolor=#FF55DD] [border: (1px inset #808080)] [r=0 c=0 rs=1 cs=1]
              RenderText {#text} at (2,2) size 20x19
                text run at (2,2) width 20: "foo"
            RenderTableCell {TD} at (36,6) size 24x24 [border: (1px inset #808080)] [r=0 c=1 rs=1 cs=1]
              RenderText {#text} at (2,2) size 20x19
                text run at (2,2) width 20: "bar"
      RenderBlock (anonymous) at (0,624) size 784x40
        RenderBR {BR} at (0,0) size 0x19
        RenderText {#text} at (0,20) size 155x19
          text run at (0,20) width 155: "table - image; cell - image"
      RenderTable {TABLE} at (0,664) size 68x38 [border: (1px outset #808080)]
        RenderTableSection {TBODY} at (1,1) size 66x36
          RenderTableRow {TR} at (0,6) size 66x24
            RenderTableCell {TD} at (6,6) size 24x24 [border: (1px inset #808080)] [r=0 c=0 rs=1 cs=1]
              RenderText {#text} at (2,2) size 20x19
                text run at (2,2) width 20: "foo"
            RenderTableCell {TD} at (36,6) size 24x24 [border: (1px inset #808080)] [r=0 c=1 rs=1 cs=1]
              RenderText {#text} at (2,2) size 20x19
                text run at (2,2) width 20: "bar"
      RenderBlock (anonymous) at (0,702) size 784x40
        RenderBR {BR} at (0,0) size 0x19
        RenderText {#text} at (0,20) size 98x19
          text run at (0,20) width 98: "row group color"
      RenderTable {TABLE} at (0,742) size 68x38 [border: (1px outset #808080)]
        RenderTableSection {TBODY} at (1,1) size 66x36 [bgcolor=#FF0000]
          RenderTableRow {TR} at (0,6) size 66x24
            RenderTableCell {TD} at (6,6) size 24x24 [border: (1px inset #808080)] [r=0 c=0 rs=1 cs=1]
              RenderText {#text} at (2,2) size 20x19
                text run at (2,2) width 20: "foo"
            RenderTableCell {TD} at (36,6) size 24x24 [border: (1px inset #808080)] [r=0 c=1 rs=1 cs=1]
              RenderText {#text} at (2,2) size 20x19
                text run at (2,2) width 20: "bar"
      RenderBlock (anonymous) at (0,780) size 784x40
        RenderBR {BR} at (0,0) size 0x19
        RenderText {#text} at (0,20) size 98x19
          text run at (0,20) width 98: "row group color"
      RenderTable {TABLE} at (0,820) size 68x74 [border: (1px outset #808080)]
        RenderTableSection {TBODY} at (1,1) size 66x36 [bgcolor=#FF0000]
          RenderTableRow {TR} at (0,6) size 66x24
            RenderTableCell {TD} at (6,6) size 24x24 [border: (1px inset #808080)] [r=0 c=0 rs=1 cs=1]
              RenderText {#text} at (2,2) size 20x19
                text run at (2,2) width 20: "foo"
            RenderTableCell {TD} at (36,6) size 24x24 [border: (1px inset #808080)] [r=0 c=1 rs=1 cs=1]
              RenderText {#text} at (2,2) size 20x19
                text run at (2,2) width 20: "bar"
        RenderTableSection {TBODY} at (1,37) size 66x36
          RenderTableRow {TR} at (0,6) size 66x24
            RenderTableCell {TD} at (6,6) size 24x24 [border: (1px inset #808080)] [r=0 c=0 rs=1 cs=1]
              RenderText {#text} at (2,2) size 20x19
                text run at (2,2) width 20: "foo"
            RenderTableCell {TD} at (36,6) size 24x24 [border: (1px inset #808080)] [r=0 c=1 rs=1 cs=1]
              RenderText {#text} at (2,2) size 20x19
                text run at (2,2) width 20: "bar"
      RenderBlock (anonymous) at (0,894) size 784x40
        RenderBR {BR} at (0,0) size 0x19
        RenderText {#text} at (0,20) size 59x19
          text run at (0,20) width 59: "row color"
      RenderTable {TABLE} at (0,934) size 68x38 [border: (1px outset #808080)]
        RenderTableSection {TBODY} at (1,1) size 66x36
          RenderTableRow {TR} at (0,6) size 66x24 [bgcolor=#FF0000]
            RenderTableCell {TD} at (6,6) size 24x24 [border: (1px inset #808080)] [r=0 c=0 rs=1 cs=1]
              RenderText {#text} at (2,2) size 20x19
                text run at (2,2) width 20: "foo"
            RenderTableCell {TD} at (36,6) size 24x24 [border: (1px inset #808080)] [r=0 c=1 rs=1 cs=1]
              RenderText {#text} at (2,2) size 20x19
                text run at (2,2) width 20: "bar"
      RenderBlock (anonymous) at (0,972) size 784x40
        RenderBR {BR} at (0,0) size 0x19
        RenderText {#text} at (0,20) size 59x19
          text run at (0,20) width 59: "row color"
      RenderTable {TABLE} at (0,1012) size 68x68 [border: (1px outset #808080)]
        RenderTableSection {TBODY} at (1,1) size 66x66
          RenderTableRow {TR} at (0,6) size 66x24 [bgcolor=#FF0000]
            RenderTableCell {TD} at (6,6) size 24x24 [border: (1px inset #808080)] [r=0 c=0 rs=1 cs=1]
              RenderText {#text} at (2,2) size 20x19
                text run at (2,2) width 20: "foo"
            RenderTableCell {TD} at (36,6) size 24x24 [border: (1px inset #808080)] [r=0 c=1 rs=1 cs=1]
              RenderText {#text} at (2,2) size 20x19
                text run at (2,2) width 20: "bar"
          RenderTableRow {TR} at (0,36) size 66x24
            RenderTableCell {TD} at (6,36) size 24x24 [border: (1px inset #808080)] [r=1 c=0 rs=1 cs=1]
              RenderText {#text} at (2,2) size 20x19
                text run at (2,2) width 20: "foo"
            RenderTableCell {TD} at (36,36) size 24x24 [border: (1px inset #808080)] [r=1 c=1 rs=1 cs=1]
              RenderText {#text} at (2,2) size 20x19
                text run at (2,2) width 20: "bar"
      RenderBlock (anonymous) at (0,1080) size 784x40
        RenderBR {BR} at (0,0) size 0x19
        RenderText {#text} at (0,20) size 63x19
          text run at (0,20) width 63: "row image"
      RenderTable {TABLE} at (0,1120) size 68x38 [border: (1px outset #808080)]
        RenderTableSection {TBODY} at (1,1) size 66x36
          RenderTableRow {TR} at (0,6) size 66x24
            RenderTableCell {TD} at (6,6) size 24x24 [border: (1px inset #808080)] [r=0 c=0 rs=1 cs=1]
              RenderText {#text} at (2,2) size 20x19
                text run at (2,2) width 20: "foo"
            RenderTableCell {TD} at (36,6) size 24x24 [border: (1px inset #808080)] [r=0 c=1 rs=1 cs=1]
              RenderText {#text} at (2,2) size 20x19
                text run at (2,2) width 20: "bar"
      RenderBlock (anonymous) at (0,1158) size 784x40
        RenderBR {BR} at (0,0) size 0x19
        RenderText {#text} at (0,20) size 141x19
          text run at (0,20) width 141: "table - color, row color"
      RenderTable {TABLE} at (0,1198) size 68x68 [bgcolor=#FFA500] [border: (1px outset #808080)]
        RenderTableSection {TBODY} at (1,1) size 66x66
          RenderTableRow {TR} at (0,6) size 66x24 [bgcolor=#FF0000]
            RenderTableCell {TD} at (6,6) size 24x24 [border: (1px inset #808080)] [r=0 c=0 rs=1 cs=1]
              RenderText {#text} at (2,2) size 20x19
                text run at (2,2) width 20: "foo"
            RenderTableCell {TD} at (36,6) size 24x24 [border: (1px inset #808080)] [r=0 c=1 rs=1 cs=1]
              RenderText {#text} at (2,2) size 20x19
                text run at (2,2) width 20: "bar"
          RenderTableRow {TR} at (0,36) size 66x24
            RenderTableCell {TD} at (6,36) size 24x24 [border: (1px inset #808080)] [r=1 c=0 rs=1 cs=1]
              RenderText {#text} at (2,2) size 20x19
                text run at (2,2) width 20: "foo"
            RenderTableCell {TD} at (36,36) size 24x24 [border: (1px inset #808080)] [r=1 c=1 rs=1 cs=1]
              RenderText {#text} at (2,2) size 20x19
                text run at (2,2) width 20: "bar"
      RenderBlock (anonymous) at (0,1266) size 784x40
        RenderBR {BR} at (0,0) size 0x19
        RenderText {#text} at (0,20) size 145x19
          text run at (0,20) width 145: "table - image, row color"
      RenderTable {TABLE} at (0,1306) size 68x68 [border: (1px outset #808080)]
        RenderTableSection {TBODY} at (1,1) size 66x66
          RenderTableRow {TR} at (0,6) size 66x24 [bgcolor=#FF0000]
            RenderTableCell {TD} at (6,6) size 24x24 [border: (1px inset #808080)] [r=0 c=0 rs=1 cs=1]
              RenderText {#text} at (2,2) size 20x19
                text run at (2,2) width 20: "foo"
            RenderTableCell {TD} at (36,6) size 24x24 [border: (1px inset #808080)] [r=0 c=1 rs=1 cs=1]
              RenderText {#text} at (2,2) size 20x19
                text run at (2,2) width 20: "bar"
          RenderTableRow {TR} at (0,36) size 66x24
            RenderTableCell {TD} at (6,36) size 24x24 [border: (1px inset #808080)] [r=1 c=0 rs=1 cs=1]
              RenderText {#text} at (2,2) size 20x19
                text run at (2,2) width 20: "foo"
            RenderTableCell {TD} at (36,36) size 24x24 [border: (1px inset #808080)] [r=1 c=1 rs=1 cs=1]
              RenderText {#text} at (2,2) size 20x19
                text run at (2,2) width 20: "bar"
      RenderBlock (anonymous) at (0,1374) size 784x40
        RenderBR {BR} at (0,0) size 0x19
        RenderText {#text} at (0,20) size 145x19
          text run at (0,20) width 145: "table - color; row image"
      RenderTable {TABLE} at (0,1414) size 68x38 [bgcolor=#FFA500] [border: (1px outset #808080)]
        RenderTableSection {TBODY} at (1,1) size 66x36
          RenderTableRow {TR} at (0,6) size 66x24
            RenderTableCell {TD} at (6,6) size 24x24 [border: (1px inset #808080)] [r=0 c=0 rs=1 cs=1]
              RenderText {#text} at (2,2) size 20x19
                text run at (2,2) width 20: "foo"
            RenderTableCell {TD} at (36,6) size 24x24 [border: (1px inset #808080)] [r=0 c=1 rs=1 cs=1]
              RenderText {#text} at (2,2) size 20x19
                text run at (2,2) width 20: "bar"
      RenderBlock (anonymous) at (0,1452) size 784x40
        RenderBR {BR} at (0,0) size 0x19
        RenderText {#text} at (0,20) size 149x19
          text run at (0,20) width 149: "table - image, row image"
      RenderTable {TABLE} at (0,1492) size 68x38 [border: (1px outset #808080)]
        RenderTableSection {TBODY} at (1,1) size 66x36
          RenderTableRow {TR} at (0,6) size 66x24
            RenderTableCell {TD} at (6,6) size 24x24 [border: (1px inset #808080)] [r=0 c=0 rs=1 cs=1]
              RenderText {#text} at (2,2) size 20x19
                text run at (2,2) width 20: "foo"
            RenderTableCell {TD} at (36,6) size 24x24 [border: (1px inset #808080)] [r=0 c=1 rs=1 cs=1]
              RenderText {#text} at (2,2) size 20x19
                text run at (2,2) width 20: "bar"
      RenderBlock (anonymous) at (0,1530) size 784x40
        RenderBR {BR} at (0,0) size 0x19
        RenderText {#text} at (0,20) size 204x19
          text run at (0,20) width 204: "table - color; row color; cell color"
      RenderTable {TABLE} at (0,1570) size 68x68 [bgcolor=#FFA500] [border: (1px outset #808080)]
        RenderTableSection {TBODY} at (1,1) size 66x66
          RenderTableRow {TR} at (0,6) size 66x24 [bgcolor=#FF0000]
            RenderTableCell {TD} at (6,6) size 24x24 [bgcolor=#FF55DD] [border: (1px inset #808080)] [r=0 c=0 rs=1 cs=1]
              RenderText {#text} at (2,2) size 20x19
                text run at (2,2) width 20: "foo"
            RenderTableCell {TD} at (36,6) size 24x24 [border: (1px inset #808080)] [r=0 c=1 rs=1 cs=1]
              RenderText {#text} at (2,2) size 20x19
                text run at (2,2) width 20: "bar"
          RenderTableRow {TR} at (0,36) size 66x24
            RenderTableCell {TD} at (6,36) size 24x24 [border: (1px inset #808080)] [r=1 c=0 rs=1 cs=1]
              RenderText {#text} at (2,2) size 20x19
                text run at (2,2) width 20: "foo"
            RenderTableCell {TD} at (36,36) size 24x24 [border: (1px inset #808080)] [r=1 c=1 rs=1 cs=1]
              RenderText {#text} at (2,2) size 20x19
                text run at (2,2) width 20: "bar"
      RenderBlock (anonymous) at (0,1638) size 784x40
        RenderBR {BR} at (0,0) size 0x19
        RenderText {#text} at (0,20) size 208x19
          text run at (0,20) width 208: "table - image; row color; cell color"
      RenderTable {TABLE} at (0,1678) size 68x68 [border: (1px outset #808080)]
        RenderTableSection {TBODY} at (1,1) size 66x66
          RenderTableRow {TR} at (0,6) size 66x24 [bgcolor=#FF0000]
            RenderTableCell {TD} at (6,6) size 24x24 [bgcolor=#FF55DD] [border: (1px inset #808080)] [r=0 c=0 rs=1 cs=1]
              RenderText {#text} at (2,2) size 20x19
                text run at (2,2) width 20: "foo"
            RenderTableCell {TD} at (36,6) size 24x24 [border: (1px inset #808080)] [r=0 c=1 rs=1 cs=1]
              RenderText {#text} at (2,2) size 20x19
                text run at (2,2) width 20: "bar"
          RenderTableRow {TR} at (0,36) size 66x24
            RenderTableCell {TD} at (6,36) size 24x24 [border: (1px inset #808080)] [r=1 c=0 rs=1 cs=1]
              RenderText {#text} at (2,2) size 20x19
                text run at (2,2) width 20: "foo"
            RenderTableCell {TD} at (36,36) size 24x24 [border: (1px inset #808080)] [r=1 c=1 rs=1 cs=1]
              RenderText {#text} at (2,2) size 20x19
                text run at (2,2) width 20: "bar"
      RenderBlock (anonymous) at (0,1746) size 784x40
        RenderBR {BR} at (0,0) size 0x19
        RenderText {#text} at (0,20) size 208x19
          text run at (0,20) width 208: "table - color; row image; cell color"
      RenderTable {TABLE} at (0,1786) size 68x68 [bgcolor=#FFA500] [border: (1px outset #808080)]
        RenderTableSection {TBODY} at (1,1) size 66x66
          RenderTableRow {TR} at (0,6) size 66x24
            RenderTableCell {TD} at (6,6) size 24x24 [bgcolor=#FF55DD] [border: (1px inset #808080)] [r=0 c=0 rs=1 cs=1]
              RenderText {#text} at (2,2) size 20x19
                text run at (2,2) width 20: "foo"
            RenderTableCell {TD} at (36,6) size 24x24 [border: (1px inset #808080)] [r=0 c=1 rs=1 cs=1]
              RenderText {#text} at (2,2) size 20x19
                text run at (2,2) width 20: "bar"
          RenderTableRow {TR} at (0,36) size 66x24
            RenderTableCell {TD} at (6,36) size 24x24 [border: (1px inset #808080)] [r=1 c=0 rs=1 cs=1]
              RenderText {#text} at (2,2) size 20x19
                text run at (2,2) width 20: "foo"
            RenderTableCell {TD} at (36,36) size 24x24 [border: (1px inset #808080)] [r=1 c=1 rs=1 cs=1]
              RenderText {#text} at (2,2) size 20x19
                text run at (2,2) width 20: "bar"
      RenderBlock (anonymous) at (0,1854) size 784x40
        RenderBR {BR} at (0,0) size 0x19
        RenderText {#text} at (0,20) size 208x19
          text run at (0,20) width 208: "table - color; row color; cell image"
      RenderTable {TABLE} at (0,1894) size 68x68 [bgcolor=#FFA500] [border: (1px outset #808080)]
        RenderTableSection {TBODY} at (1,1) size 66x66
          RenderTableRow {TR} at (0,6) size 66x24 [bgcolor=#FF0000]
            RenderTableCell {TD} at (6,6) size 24x24 [border: (1px inset #808080)] [r=0 c=0 rs=1 cs=1]
              RenderText {#text} at (2,2) size 20x19
                text run at (2,2) width 20: "foo"
            RenderTableCell {TD} at (36,6) size 24x24 [border: (1px inset #808080)] [r=0 c=1 rs=1 cs=1]
              RenderText {#text} at (2,2) size 20x19
                text run at (2,2) width 20: "bar"
          RenderTableRow {TR} at (0,36) size 66x24
            RenderTableCell {TD} at (6,36) size 24x24 [border: (1px inset #808080)] [r=1 c=0 rs=1 cs=1]
              RenderText {#text} at (2,2) size 20x19
                text run at (2,2) width 20: "foo"
            RenderTableCell {TD} at (36,36) size 24x24 [border: (1px inset #808080)] [r=1 c=1 rs=1 cs=1]
              RenderText {#text} at (2,2) size 20x19
                text run at (2,2) width 20: "bar"
      RenderBlock (anonymous) at (0,1962) size 784x40
        RenderBR {BR} at (0,0) size 0x19
        RenderText {#text} at (0,20) size 92x19
          text run at (0,20) width 92: "col group color"
      RenderTable {TABLE} at (0,2002) size 38x38 [border: (1px outset #808080)]
        RenderTableCol {COLGROUP} at (0,0) size 0x0 [bgcolor=#FF0000]
          RenderTableCol {COL} at (0,0) size 0x0
        RenderTableSection {TBODY} at (1,1) size 36x36
          RenderTableRow {TR} at (0,6) size 36x24
            RenderTableCell {TD} at (6,6) size 24x24 [border: (1px inset #808080)] [r=0 c=0 rs=1 cs=1]
              RenderText {#text} at (2,2) size 20x19
                text run at (2,2) width 20: "foo"
      RenderBlock (anonymous) at (0,2040) size 784x40
        RenderBR {BR} at (0,0) size 0x19
        RenderText {#text} at (0,20) size 53x19
          text run at (0,20) width 53: "col color"
      RenderTable {TABLE} at (0,2080) size 38x38 [border: (1px outset #808080)]
        RenderTableCol {COLGROUP} at (0,0) size 0x0
          RenderTableCol {COL} at (0,0) size 0x0 [bgcolor=#FF0000]
        RenderTableSection {TBODY} at (1,1) size 36x36
          RenderTableRow {TR} at (0,6) size 36x24
            RenderTableCell {TD} at (6,6) size 24x24 [border: (1px inset #808080)] [r=0 c=0 rs=1 cs=1]
              RenderText {#text} at (2,2) size 20x19
                text run at (2,2) width 20: "foo"
      RenderBlock (anonymous) at (0,2118) size 784x40
        RenderBR {BR} at (0,0) size 0x19
        RenderText {#text} at (0,20) size 216x19
          text run at (0,20) width 216: "table - image; row image; cell image"
      RenderTable {TABLE} at (0,2158) size 68x68 [border: (1px outset #808080)]
        RenderTableSection {TBODY} at (1,1) size 66x66
          RenderTableRow {TR} at (0,6) size 66x24
            RenderTableCell {TD} at (6,6) size 24x24 [border: (1px inset #808080)] [r=0 c=0 rs=1 cs=1]
              RenderText {#text} at (2,2) size 20x19
                text run at (2,2) width 20: "foo"
            RenderTableCell {TD} at (36,6) size 24x24 [border: (1px inset #808080)] [r=0 c=1 rs=1 cs=1]
              RenderText {#text} at (2,2) size 20x19
                text run at (2,2) width 20: "bar"
          RenderTableRow {TR} at (0,36) size 66x24
            RenderTableCell {TD} at (6,36) size 24x24 [border: (1px inset #808080)] [r=1 c=0 rs=1 cs=1]
              RenderText {#text} at (2,2) size 20x19
                text run at (2,2) width 20: "foo"
            RenderTableCell {TD} at (36,36) size 24x24 [border: (1px inset #808080)] [r=1 c=1 rs=1 cs=1]
              RenderText {#text} at (2,2) size 20x19
                text run at (2,2) width 20: "bar"
      RenderBlock (anonymous) at (0,2226) size 784x40
        RenderBR {BR} at (0,0) size 0x19
        RenderText {#text} at (0,20) size 228x19
          text run at (0,20) width 228: "table - color, tbodies color, row color"
      RenderTable {TABLE} at (0,2266) size 46x106 [bgcolor=#FFA500] [border: (1px outset #808080)]
        RenderTableSection {TBODY} at (7,7) size 32x60 [bgcolor=#FF0000]
          RenderTableRow {TR} at (0,4) size 32x24 [bgcolor=#FFFF00]
            RenderTableCell {TD} at (4,4) size 24x24 [border: (1px inset #808080)] [r=0 c=0 rs=1 cs=1]
              RenderText {#text} at (2,2) size 20x19
                text run at (2,2) width 20: "foo"
          RenderTableRow {TR} at (0,32) size 32x24
            RenderTableCell {TD} at (4,32) size 24x24 [border: (1px inset #808080)] [r=1 c=0 rs=1 cs=1]
              RenderText {#text} at (2,2) size 20x19
                text run at (2,2) width 20: "foo"
        RenderTableSection {TBODY} at (7,67) size 32x32 [bgcolor=#008000]
          RenderTableRow {TR} at (0,4) size 32x24
            RenderTableCell {TD} at (4,4) size 24x24 [border: (1px inset #808080)] [r=0 c=0 rs=1 cs=1]
              RenderText {#text} at (2,2) size 20x19
                text run at (2,2) width 20: "foo"
      RenderBlock (anonymous) at (0,2372) size 784x40
        RenderBR {BR} at (0,0) size 0x19
        RenderText {#text} at (0,20) size 57x19
          text run at (0,20) width 57: "col image"
      RenderTable {TABLE} at (0,2412) size 74x74 [border: (1px outset #808080)]
        RenderTableCol {COLGROUP} at (0,0) size 0x0
          RenderTableCol {COL} at (0,0) size 0x0 [bgcolor=#FF0000]
        RenderTableSection {TBODY} at (7,7) size 60x60
          RenderTableRow {TR} at (0,4) size 60x24
            RenderTableCell {TD} at (4,4) size 24x24 [border: (1px inset #808080)] [r=0 c=0 rs=1 cs=1]
              RenderText {#text} at (2,2) size 20x19
                text run at (2,2) width 20: "foo"
            RenderTableCell {TD} at (32,4) size 24x24 [border: (1px inset #808080)] [r=0 c=1 rs=1 cs=1]
              RenderText {#text} at (2,2) size 20x19
                text run at (2,2) width 20: "bar"
          RenderTableRow {TR} at (0,32) size 60x24
            RenderTableCell {TD} at (4,32) size 24x24 [border: (1px inset #808080)] [r=1 c=0 rs=1 cs=1]
              RenderText {#text} at (2,2) size 20x19
                text run at (2,2) width 20: "foo"
            RenderTableCell {TD} at (32,32) size 24x24 [border: (1px inset #808080)] [r=1 c=1 rs=1 cs=1]
              RenderText {#text} at (2,2) size 20x19
                text run at (2,2) width 20: "bar"
      RenderBlock (anonymous) at (0,2486) size 784x40
        RenderBR {BR} at (0,0) size 0x19
        RenderText {#text} at (0,20) size 355x19
          text run at (0,20) width 355: "table color; col group color; col color; row color; cell color"
      RenderTable {TABLE} at (0,2526) size 118x90 [bgcolor=#FFA500] [border: (1px outset #808080)]
        RenderTableCol {COLGROUP} at (0,0) size 0x0 [bgcolor=#FF0000]
          RenderTableCol {COL} at (0,0) size 0x0 [bgcolor=#FF9999]
          RenderTableCol {COL} at (0,0) size 0x0
        RenderTableCol {COLGROUP} at (0,0) size 0x0 [bgcolor=#0000FF]
          RenderTableCol {COL} at (0,0) size 0x0
          RenderTableCol {COL} at (0,0) size 0x0 [bgcolor=#9999FF]
        RenderTableSection {TBODY} at (1,1) size 116x88
          RenderTableRow {TR} at (0,4) size 116x24 [bgcolor=#FFFF00]
            RenderTableCell {TD} at (4,4) size 24x24 [border: (1px inset #808080)] [r=0 c=0 rs=1 cs=1]
              RenderText {#text} at (2,2) size 20x19
                text run at (2,2) width 20: "foo"
            RenderTableCell {TD} at (32,4) size 24x24 [bgcolor=#FFA500] [border: (1px inset #808080)] [r=0 c=1 rs=1 cs=1]
              RenderText {#text} at (2,2) size 20x19
                text run at (2,2) width 20: "bar"
            RenderTableCell {TD} at (60,4) size 24x24 [border: (1px inset #808080)] [r=0 c=2 rs=1 cs=1]
              RenderText {#text} at (2,2) size 20x19
                text run at (2,2) width 20: "foo"
            RenderTableCell {TD} at (88,4) size 24x24 [border: (1px inset #808080)] [r=0 c=3 rs=1 cs=1]
              RenderText {#text} at (2,2) size 20x19
                text run at (2,2) width 20: "bar"
          RenderTableRow {TR} at (0,32) size 116x24
            RenderTableCell {TD} at (4,32) size 24x24 [border: (1px inset #808080)] [r=1 c=0 rs=1 cs=1]
              RenderText {#text} at (2,2) size 20x19
                text run at (2,2) width 20: "foo"
            RenderTableCell {TD} at (32,32) size 24x24 [border: (1px inset #808080)] [r=1 c=1 rs=1 cs=1]
              RenderText {#text} at (2,2) size 20x19
                text run at (2,2) width 20: "bar"
            RenderTableCell {TD} at (60,32) size 24x24 [border: (1px inset #808080)] [r=1 c=2 rs=1 cs=1]
              RenderText {#text} at (2,2) size 20x19
                text run at (2,2) width 20: "foo"
            RenderTableCell {TD} at (88,32) size 24x24 [border: (1px inset #808080)] [r=1 c=3 rs=1 cs=1]
              RenderText {#text} at (2,2) size 20x19
                text run at (2,2) width 20: "bar"
          RenderTableRow {TR} at (0,60) size 116x24
            RenderTableCell {TD} at (4,60) size 24x24 [border: (1px inset #808080)] [r=2 c=0 rs=1 cs=1]
              RenderText {#text} at (2,2) size 20x19
                text run at (2,2) width 20: "foo"
            RenderTableCell {TD} at (32,60) size 24x24 [border: (1px inset #808080)] [r=2 c=1 rs=1 cs=1]
              RenderText {#text} at (2,2) size 20x19
                text run at (2,2) width 20: "bar"
            RenderTableCell {TD} at (60,60) size 24x24 [border: (1px inset #808080)] [r=2 c=2 rs=1 cs=1]
              RenderText {#text} at (2,2) size 20x19
                text run at (2,2) width 20: "foo"
            RenderTableCell {TD} at (88,60) size 24x24 [border: (1px inset #808080)] [r=2 c=3 rs=1 cs=1]
              RenderText {#text} at (2,2) size 20x19
                text run at (2,2) width 20: "bar"
      RenderBlock (anonymous) at (0,2616) size 784x20
        RenderText {#text} at (0,0) size 21x19
          text run at (0,0) width 21: "-->"
