layer at (0,0) size 800x600
  RenderView at (0,0) size 800x600
layer at (0,0) size 800x600
  RenderBlock {HTML} at (0,0) size 800x600
    RenderBody {BODY} at (8,8) size 784x584
      RenderDetails {DETAILS} at (0,0) size 784x46
        RenderSummary {SUMMARY} at (0,0) size 784x18
          RenderDetailsMarker {DIV} at (0,4) size 10x10: down
          RenderText {#text} at (16,0) size 50x17
            text run at (16,0) width 50: "details1"
        RenderBlock (anonymous) at (0,18) size 784x28
          RenderTextControl {INPUT} at (2,2) size 193x24 [bgcolor=#FFFFFF] [border: (2px inset #000000)]
          RenderText {#text} at (0,0) size 0x0
      RenderDetails {DETAILS} at (0,46) size 784x18
        RenderSummary {SUMMARY} at (0,0) size 784x18
          RenderDetailsMarker {DIV} at (0,4) size 10x10: right
          RenderText {#text} at (16,0) size 50x17
            text run at (16,0) width 50: "details2"
layer at (13,31) size 187x18
  RenderBlock {DIV} at (3,3) size 187x18
