layer at (0,0) size 800x600
  RenderView at (0,0) size 800x600
layer at (0,0) size 800x600
  RenderBlock {HTML} at (0,0) size 800x600
    RenderBody {BODY} at (0,0) size 800x600
      RenderDetails {DETAILS} at (0,0) size 800x18
        RenderSummary {SUMMARY} at (0,0) size 800x18
          RenderDetailsMarker {DIV} at (0,4) size 10x10: down
          RenderText {#text} at (16,0) size 72x17
            text run at (16,0) width 72: "summary 2"
caret: position 0 of child 0 {DIV} of {#shadow-root} of child 2 {SUMMARY} of child 1 {DETAILS} of body
