layer at (0,0) size 800x600
  RenderView at (0,0) size 800x600
layer at (0,0) size 800x600
  RenderBlock {HTML} at (0,0) size 800x600
    RenderBody {BODY} at (8,8) size 784x584
      RenderDetails {DETAILS} at (0,0) size 784x140 [border: (8px solid #555599)]
        RenderSummary {SUMMARY} at (8,8) size 768x105 [border: (8px solid #9999CC)]
          RenderBlock (anonymous) at (8,8) size 752x19
            RenderDetailsMarker {DIV} at (0,5) size 10x10: down
            RenderText {#text} at (16,0) size 62x19
              text run at (16,0) width 4: " "
              text run at (20,0) width 58: "summary"
          RenderDetails {DETAILS} at (8,27) size 752x70 [border: (8px solid #995555)]
            RenderSummary {SUMMARY} at (8,8) size 736x35 [border: (8px solid #CC9999)]
              RenderDetailsMarker {DIV} at (8,13) size 10x10: down
              RenderText {#text} at (24,8) size 282x19
                text run at (24,8) width 4: " "
                text run at (28,8) width 278: "nested summary (summary-deails-summary)"
            RenderBlock (anonymous) at (8,43) size 736x19
              RenderText {#text} at (0,0) size 197x19
                text run at (0,0) width 197: "nested details (summary-deails)"
        RenderBlock (anonymous) at (8,113) size 768x19
          RenderText {#text} at (0,0) size 40x19
            text run at (0,0) width 40: "details"
