layer at (0,0) size 800x600
  RenderView at (0,0) size 800x600
layer at (0,0) size 800x600
  RenderBlock {HTML} at (0,0) size 800x600
    RenderBody {BODY} at (8,8) size 784x584
      RenderDetails {DETAILS} at (0,0) size 784x36
        RenderSummary {SUMMARY} at (0,0) size 784x18
          RenderDetailsMarker {DIV} at (0,4) size 10x10: down
          RenderText {#text} at (16,0) size 63x17
            text run at (16,0) width 63: "Summary"
        RenderBlock (anonymous) at (0,18) size 784x18
          RenderBlock {SPAN} at (0,3) size 63x15
            RenderText {#text} at (0,0) size 63x15
              text run at (0,0) width 63: "Details1"
          RenderText {#text} at (63,0) size 4x17
            text run at (63,0) width 4: " "
          RenderText {#text} at (0,0) size 0x0
          RenderBlock {SPAN} at (67,3) size 63x15
            RenderText {#text} at (0,0) size 63x15
              text run at (0,0) width 63: "Details2"
          RenderText {#text} at (0,0) size 0x0
      RenderBlock (anonymous) at (0,36) size 784x31
        RenderButton {INPUT} at (2,2) size 48x27 [bgcolor=#C0C0C0] [border: (2px outset #C0C0C0)]
          RenderBlock (anonymous) at (8,4) size 32x18
            RenderText at (0,0) size 32x17
              text run at (0,0) width 32: "click"
        RenderText {#text} at (0,0) size 0x0
