layer at (0,0) size 800x600
  RenderView at (0,0) size 800x600
layer at (0,0) size 800x600
  RenderBlock {HTML} at (0,0) size 800x600
    RenderBody {BODY} at (8,8) size 784x584
      RenderDetails {DETAILS} at (0,0) size 784x140 [border: (8px solid #555599)]
        RenderSummary {SUMMARY} at (8,8) size 768x35 [border: (8px solid #9999CC)]
          RenderDetailsMarker {DIV} at (8,13) size 10x10: down
          RenderText {#text} at (24,8) size 62x19
            text run at (24,8) width 4: " "
            text run at (28,8) width 58: "summary"
        RenderDetails {DETAILS} at (8,43) size 768x70 [border: (8px solid #995555)]
          RenderSummary {SUMMARY} at (8,8) size 752x35 [border: (8px solid #CC9999)]
            RenderDetailsMarker {DIV} at (8,13) size 10x10: down
            RenderText {#text} at (24,8) size 264x19
              text run at (24,8) width 4: " "
              text run at (28,8) width 260: "nested summary (details-deails-summary)"
          RenderBlock (anonymous) at (8,43) size 752x19
            RenderText {#text} at (0,0) size 179x19
              text run at (0,0) width 179: "nested details (details-deails)"
        RenderBlock (anonymous) at (8,113) size 768x19
          RenderText {#text} at (0,0) size 40x19
            text run at (0,0) width 40: "details"
