layer at (0,0) size 800x600
  RenderView at (0,0) size 800x600
layer at (0,0) size 800x600
  RenderBlock {HTML} at (0,0) size 800x600
    RenderBody {BODY} at (8,8) size 784x584
      RenderDetails {DETAILS} at (0,0) size 784x48
        RenderSummary {SUMMARY} at (0,0) size 784x19
          RenderDetailsMarker {DIV} at (0,5) size 10x10: down
          RenderText {#text} at (16,0) size 44x19
            text run at (16,0) width 44: "Details"
        RenderBlock (anonymous) at (0,19) size 784x29
          RenderTextControl {INPUT} at (2,2) size 194x25 [bgcolor=#FFFFFF] [border: (2px inset #000000)]
          RenderText {#text} at (0,0) size 0x0
layer at (13,32) size 188x19
  RenderBlock {DIV} at (3,3) size 188x19
