layer at (0,0) size 784x1478
  RenderView at (0,0) size 784x600
layer at (0,0) size 784x1478
  RenderBlock {HTML} at (0,0) size 784x1478
    RenderBody {BODY} at (8,8) size 768x1462
      RenderTable {TABLE} at (0,0) size 615x352 [border: (1px outset #808080)]
        RenderTableSection {TBODY} at (1,1) size 613x350
          RenderTableRow {TR} at (0,2) size 613x30
            RenderTableCell {TH} at (2,2) size 609x30 [border: (1px inset #808080)] [r=0 c=0 rs=1 cs=6]
              RenderText {#text} at (227,6) size 155x17
                text run at (227,6) width 155: "text-align not specified"
          RenderTableRow {TR} at (0,34) size 613x30
            RenderTableCell {TH} at (2,50) size 105x30 [border: (1px inset #808080)] [r=1 c=0 rs=2 cs=2]
              RenderText {#text} at (50,6) size 5x17
                text run at (50,6) width 5: " "
            RenderTableCell {TH} at (109,34) size 502x30 [border: (1px inset #808080)] [r=1 c=2 rs=1 cs=4]
              RenderText {#text} at (176,6) size 150x17
                text run at (176,6) width 150: "-webkit-writing-mode"
          RenderTableRow {TR} at (0,66) size 613x30
            RenderTableCell {TH} at (109,66) size 124x30 [border: (1px inset #808080)] [r=2 c=2 rs=1 cs=1]
              RenderText {#text} at (17,6) size 90x17
                text run at (17,6) width 90: "horizontal-tb"
            RenderTableCell {TH} at (235,66) size 124x30 [border: (1px inset #808080)] [r=2 c=3 rs=1 cs=1]
              RenderText {#text} at (17,6) size 90x17
                text run at (17,6) width 90: "horizontal-bt"
            RenderTableCell {TH} at (361,66) size 124x30 [border: (1px inset #808080)] [r=2 c=4 rs=1 cs=1]
              RenderText {#text} at (27,6) size 70x17
                text run at (27,6) width 70: "vertical-lr"
            RenderTableCell {TH} at (487,66) size 124x30 [border: (1px inset #808080)] [r=2 c=5 rs=1 cs=1]
              RenderText {#text} at (27,6) size 70x17
                text run at (27,6) width 70: "vertical-rl"
          RenderTableRow {TR} at (0,98) size 613x124
            RenderTableCell {TH} at (2,208) size 74x30 [border: (1px inset #808080)] [r=3 c=0 rs=4 cs=1]
              RenderText {#text} at (6,6) size 62x17
                text run at (6,6) width 62: "direction"
            RenderTableCell {TH} at (78,145) size 29x30 [border: (1px inset #808080)] [r=3 c=1 rs=1 cs=1]
              RenderText {#text} at (6,6) size 17x17
                text run at (6,6) width 17: "ltr"
            RenderTableCell {TD} at (109,98) size 124x124 [border: (1px solid #000000)] [r=3 c=2 rs=1 cs=1]
              RenderBlock {DIV} at (2,2) size 120x120
                RenderDetails {DETAILS} at (0,0) size 120x18
                  RenderSummary {SUMMARY} at (0,0) size 120x18
                    RenderDetailsMarker {DIV} at (0,4) size 10x10: right
                    RenderText {#text} at (16,0) size 60x17
                      text run at (16,0) width 60: "summary"
                RenderDetails {DETAILS} at (0,18) size 120x18
                  RenderSummary {SUMMARY} at (0,0) size 120x18
                    RenderDetailsMarker {DIV} at (0,4) size 10x10: down
                    RenderText {#text} at (16,0) size 60x17
                      text run at (16,0) width 60: "summary"
            RenderTableCell {TD} at (235,98) size 124x124 [border: (1px solid #000000)] [r=3 c=3 rs=1 cs=1]
              RenderBlock {DIV} at (2,2) size 120x120
                RenderDetails {DETAILS} at (0,0) size 120x18
                  RenderSummary {SUMMARY} at (0,0) size 120x18
                    RenderDetailsMarker {DIV} at (0,3) size 10x10: right
                    RenderText {#text} at (16,0) size 60x17
                      text run at (16,0) width 60: "summary"
                RenderDetails {DETAILS} at (0,18) size 120x18
                  RenderSummary {SUMMARY} at (0,0) size 120x18
                    RenderDetailsMarker {DIV} at (0,3) size 10x10: up
                    RenderText {#text} at (16,0) size 60x17
                      text run at (16,0) width 60: "summary"
            RenderTableCell {TD} at (361,98) size 124x124 [border: (1px solid #000000)] [r=3 c=4 rs=1 cs=1]
              RenderBlock {DIV} at (2,2) size 120x120
                RenderDetails {DETAILS} at (0,0) size 20x120
                  RenderSummary {SUMMARY} at (0,0) size 20x120
                    RenderDetailsMarker {DIV} at (3,0) size 10x10: down
                    RenderText {#text} at (0,10) size 17x60
                      text run at (0,10) width 60: "summary"
                RenderDetails {DETAILS} at (20,0) size 20x120
                  RenderSummary {SUMMARY} at (0,0) size 20x120
                    RenderDetailsMarker {DIV} at (3,0) size 10x10: right
                    RenderText {#text} at (0,10) size 17x60
                      text run at (0,10) width 60: "summary"
            RenderTableCell {TD} at (487,98) size 124x124 [border: (1px solid #000000)] [r=3 c=5 rs=1 cs=1]
              RenderBlock {DIV} at (2,2) size 120x120
                RenderDetails {DETAILS} at (0,0) size 20x120
                  RenderSummary {SUMMARY} at (0,0) size 20x120
                    RenderDetailsMarker {DIV} at (6,0) size 10x10: down
                    RenderText {#text} at (2,10) size 17x60
                      text run at (2,10) width 60: "summary"
                RenderDetails {DETAILS} at (20,0) size 20x120
                  RenderSummary {SUMMARY} at (0,0) size 20x120
                    RenderDetailsMarker {DIV} at (6,0) size 10x10: left
                    RenderText {#text} at (2,10) size 17x60
                      text run at (2,10) width 60: "summary"
          RenderTableRow {TR} at (0,224) size 613x124
            RenderTableCell {TH} at (78,271) size 29x30 [border: (1px inset #808080)] [r=4 c=1 rs=1 cs=1]
              RenderText {#text} at (6,6) size 17x17
                text run at (6,6) width 17: "rtl"
            RenderTableCell {TD} at (109,224) size 124x124 [border: (1px solid #000000)] [r=4 c=2 rs=1 cs=1]
              RenderBlock {DIV} at (2,2) size 120x120
                RenderDetails {DETAILS} at (0,0) size 120x18
                  RenderSummary {SUMMARY} at (0,0) size 120x18
                    RenderDetailsMarker {DIV} at (104,4) size 10x10: left
                    RenderText {#text} at (44,0) size 60x17
                      text run at (44,0) width 60: "summary"
                RenderDetails {DETAILS} at (0,18) size 120x18
                  RenderSummary {SUMMARY} at (0,0) size 120x18
                    RenderDetailsMarker {DIV} at (104,4) size 10x10: down
                    RenderText {#text} at (44,0) size 60x17
                      text run at (44,0) width 60: "summary"
            RenderTableCell {TD} at (235,224) size 124x124 [border: (1px solid #000000)] [r=4 c=3 rs=1 cs=1]
              RenderBlock {DIV} at (2,2) size 120x120
                RenderDetails {DETAILS} at (0,0) size 120x18
                  RenderSummary {SUMMARY} at (0,0) size 120x18
                    RenderDetailsMarker {DIV} at (104,3) size 10x10: left
                    RenderText {#text} at (44,0) size 60x17
                      text run at (44,0) width 60: "summary"
                RenderDetails {DETAILS} at (0,18) size 120x18
                  RenderSummary {SUMMARY} at (0,0) size 120x18
                    RenderDetailsMarker {DIV} at (104,3) size 10x10: up
                    RenderText {#text} at (44,0) size 60x17
                      text run at (44,0) width 60: "summary"
            RenderTableCell {TD} at (361,224) size 124x124 [border: (1px solid #000000)] [r=4 c=4 rs=1 cs=1]
              RenderBlock {DIV} at (2,2) size 120x120
                RenderDetails {DETAILS} at (0,0) size 20x120
                  RenderSummary {SUMMARY} at (0,0) size 20x120
                    RenderDetailsMarker {DIV} at (3,110) size 10x10: up
                    RenderText {#text} at (0,50) size 17x60
                      text run at (0,50) width 60: "summary"
                RenderDetails {DETAILS} at (20,0) size 20x120
                  RenderSummary {SUMMARY} at (0,0) size 20x120
                    RenderDetailsMarker {DIV} at (3,110) size 10x10: right
                    RenderText {#text} at (0,50) size 17x60
                      text run at (0,50) width 60: "summary"
            RenderTableCell {TD} at (487,224) size 124x124 [border: (1px solid #000000)] [r=4 c=5 rs=1 cs=1]
              RenderBlock {DIV} at (2,2) size 120x120
                RenderDetails {DETAILS} at (0,0) size 20x120
                  RenderSummary {SUMMARY} at (0,0) size 20x120
                    RenderDetailsMarker {DIV} at (6,110) size 10x10: up
                    RenderText {#text} at (2,50) size 17x60
                      text run at (2,50) width 60: "summary"
                RenderDetails {DETAILS} at (20,0) size 20x120
                  RenderSummary {SUMMARY} at (0,0) size 20x120
                    RenderDetailsMarker {DIV} at (6,110) size 10x10: left
                    RenderText {#text} at (2,50) size 17x60
                      text run at (2,50) width 60: "summary"
      RenderBlock (anonymous) at (0,352) size 768x18
        RenderBR {BR} at (0,0) size 0x17
      RenderTable {TABLE} at (0,370) size 615x352 [border: (1px outset #808080)]
        RenderTableSection {TBODY} at (1,1) size 613x350
          RenderTableRow {TR} at (0,2) size 613x30
            RenderTableCell {TH} at (2,2) size 609x30 [border: (1px inset #808080)] [r=0 c=0 rs=1 cs=6]
              RenderText {#text} at (256,6) size 97x17
                text run at (256,6) width 97: "text-align: left"
          RenderTableRow {TR} at (0,34) size 613x30
            RenderTableCell {TH} at (2,50) size 105x30 [border: (1px inset #808080)] [r=1 c=0 rs=2 cs=2]
              RenderText {#text} at (50,6) size 5x17
                text run at (50,6) width 5: " "
            RenderTableCell {TH} at (109,34) size 502x30 [border: (1px inset #808080)] [r=1 c=2 rs=1 cs=4]
              RenderText {#text} at (176,6) size 150x17
                text run at (176,6) width 150: "-webkit-writing-mode"
          RenderTableRow {TR} at (0,66) size 613x30
            RenderTableCell {TH} at (109,66) size 124x30 [border: (1px inset #808080)] [r=2 c=2 rs=1 cs=1]
              RenderText {#text} at (17,6) size 90x17
                text run at (17,6) width 90: "horizontal-tb"
            RenderTableCell {TH} at (235,66) size 124x30 [border: (1px inset #808080)] [r=2 c=3 rs=1 cs=1]
              RenderText {#text} at (17,6) size 90x17
                text run at (17,6) width 90: "horizontal-bt"
            RenderTableCell {TH} at (361,66) size 124x30 [border: (1px inset #808080)] [r=2 c=4 rs=1 cs=1]
              RenderText {#text} at (27,6) size 70x17
                text run at (27,6) width 70: "vertical-lr"
            RenderTableCell {TH} at (487,66) size 124x30 [border: (1px inset #808080)] [r=2 c=5 rs=1 cs=1]
              RenderText {#text} at (27,6) size 70x17
                text run at (27,6) width 70: "vertical-rl"
          RenderTableRow {TR} at (0,98) size 613x124
            RenderTableCell {TH} at (2,208) size 74x30 [border: (1px inset #808080)] [r=3 c=0 rs=4 cs=1]
              RenderText {#text} at (6,6) size 62x17
                text run at (6,6) width 62: "direction"
            RenderTableCell {TH} at (78,145) size 29x30 [border: (1px inset #808080)] [r=3 c=1 rs=1 cs=1]
              RenderText {#text} at (6,6) size 17x17
                text run at (6,6) width 17: "ltr"
            RenderTableCell {TD} at (109,98) size 124x124 [border: (1px solid #000000)] [r=3 c=2 rs=1 cs=1]
              RenderBlock {DIV} at (2,2) size 120x120
                RenderDetails {DETAILS} at (0,0) size 120x18
                  RenderSummary {SUMMARY} at (0,0) size 120x18
                    RenderDetailsMarker {DIV} at (0,4) size 10x10: right
                    RenderText {#text} at (16,0) size 60x17
                      text run at (16,0) width 60: "summary"
                RenderDetails {DETAILS} at (0,18) size 120x18
                  RenderSummary {SUMMARY} at (0,0) size 120x18
                    RenderDetailsMarker {DIV} at (0,4) size 10x10: down
                    RenderText {#text} at (16,0) size 60x17
                      text run at (16,0) width 60: "summary"
            RenderTableCell {TD} at (235,98) size 124x124 [border: (1px solid #000000)] [r=3 c=3 rs=1 cs=1]
              RenderBlock {DIV} at (2,2) size 120x120
                RenderDetails {DETAILS} at (0,0) size 120x18
                  RenderSummary {SUMMARY} at (0,0) size 120x18
                    RenderDetailsMarker {DIV} at (0,3) size 10x10: right
                    RenderText {#text} at (16,0) size 60x17
                      text run at (16,0) width 60: "summary"
                RenderDetails {DETAILS} at (0,18) size 120x18
                  RenderSummary {SUMMARY} at (0,0) size 120x18
                    RenderDetailsMarker {DIV} at (0,3) size 10x10: up
                    RenderText {#text} at (16,0) size 60x17
                      text run at (16,0) width 60: "summary"
            RenderTableCell {TD} at (361,98) size 124x124 [border: (1px solid #000000)] [r=3 c=4 rs=1 cs=1]
              RenderBlock {DIV} at (2,2) size 120x120
                RenderDetails {DETAILS} at (0,0) size 20x120
                  RenderSummary {SUMMARY} at (0,0) size 20x120
                    RenderDetailsMarker {DIV} at (3,0) size 10x10: down
                    RenderText {#text} at (0,10) size 17x60
                      text run at (0,10) width 60: "summary"
                RenderDetails {DETAILS} at (20,0) size 20x120
                  RenderSummary {SUMMARY} at (0,0) size 20x120
                    RenderDetailsMarker {DIV} at (3,0) size 10x10: right
                    RenderText {#text} at (0,10) size 17x60
                      text run at (0,10) width 60: "summary"
            RenderTableCell {TD} at (487,98) size 124x124 [border: (1px solid #000000)] [r=3 c=5 rs=1 cs=1]
              RenderBlock {DIV} at (2,2) size 120x120
                RenderDetails {DETAILS} at (0,0) size 20x120
                  RenderSummary {SUMMARY} at (0,0) size 20x120
                    RenderDetailsMarker {DIV} at (6,0) size 10x10: down
                    RenderText {#text} at (2,10) size 17x60
                      text run at (2,10) width 60: "summary"
                RenderDetails {DETAILS} at (20,0) size 20x120
                  RenderSummary {SUMMARY} at (0,0) size 20x120
                    RenderDetailsMarker {DIV} at (6,0) size 10x10: left
                    RenderText {#text} at (2,10) size 17x60
                      text run at (2,10) width 60: "summary"
          RenderTableRow {TR} at (0,224) size 613x124
            RenderTableCell {TH} at (78,271) size 29x30 [border: (1px inset #808080)] [r=4 c=1 rs=1 cs=1]
              RenderText {#text} at (6,6) size 17x17
                text run at (6,6) width 17: "rtl"
            RenderTableCell {TD} at (109,224) size 124x124 [border: (1px solid #000000)] [r=4 c=2 rs=1 cs=1]
              RenderBlock {DIV} at (2,2) size 120x120
                RenderDetails {DETAILS} at (0,0) size 120x18
                  RenderSummary {SUMMARY} at (0,0) size 120x18
                    RenderDetailsMarker {DIV} at (60,4) size 10x10: left
                    RenderText {#text} at (0,0) size 60x17
                      text run at (0,0) width 60: "summary"
                RenderDetails {DETAILS} at (0,18) size 120x18
                  RenderSummary {SUMMARY} at (0,0) size 120x18
                    RenderDetailsMarker {DIV} at (60,4) size 10x10: down
                    RenderText {#text} at (0,0) size 60x17
                      text run at (0,0) width 60: "summary"
            RenderTableCell {TD} at (235,224) size 124x124 [border: (1px solid #000000)] [r=4 c=3 rs=1 cs=1]
              RenderBlock {DIV} at (2,2) size 120x120
                RenderDetails {DETAILS} at (0,0) size 120x18
                  RenderSummary {SUMMARY} at (0,0) size 120x18
                    RenderDetailsMarker {DIV} at (60,3) size 10x10: left
                    RenderText {#text} at (0,0) size 60x17
                      text run at (0,0) width 60: "summary"
                RenderDetails {DETAILS} at (0,18) size 120x18
                  RenderSummary {SUMMARY} at (0,0) size 120x18
                    RenderDetailsMarker {DIV} at (60,3) size 10x10: up
                    RenderText {#text} at (0,0) size 60x17
                      text run at (0,0) width 60: "summary"
            RenderTableCell {TD} at (361,224) size 124x124 [border: (1px solid #000000)] [r=4 c=4 rs=1 cs=1]
              RenderBlock {DIV} at (2,2) size 120x120
                RenderDetails {DETAILS} at (0,0) size 20x120
                  RenderSummary {SUMMARY} at (0,0) size 20x120
                    RenderDetailsMarker {DIV} at (3,60) size 10x10: up
                    RenderText {#text} at (0,0) size 17x60
                      text run at (0,0) width 60: "summary"
                RenderDetails {DETAILS} at (20,0) size 20x120
                  RenderSummary {SUMMARY} at (0,0) size 20x120
                    RenderDetailsMarker {DIV} at (3,60) size 10x10: right
                    RenderText {#text} at (0,0) size 17x60
                      text run at (0,0) width 60: "summary"
            RenderTableCell {TD} at (487,224) size 124x124 [border: (1px solid #000000)] [r=4 c=5 rs=1 cs=1]
              RenderBlock {DIV} at (2,2) size 120x120
                RenderDetails {DETAILS} at (0,0) size 20x120
                  RenderSummary {SUMMARY} at (0,0) size 20x120
                    RenderDetailsMarker {DIV} at (6,60) size 10x10: up
                    RenderText {#text} at (2,0) size 17x60
                      text run at (2,0) width 60: "summary"
                RenderDetails {DETAILS} at (20,0) size 20x120
                  RenderSummary {SUMMARY} at (0,0) size 20x120
                    RenderDetailsMarker {DIV} at (6,60) size 10x10: left
                    RenderText {#text} at (2,0) size 17x60
                      text run at (2,0) width 60: "summary"
      RenderBlock (anonymous) at (0,722) size 768x18
        RenderBR {BR} at (0,0) size 0x17
      RenderTable {TABLE} at (0,740) size 615x352 [border: (1px outset #808080)]
        RenderTableSection {TBODY} at (1,1) size 613x350
          RenderTableRow {TR} at (0,2) size 613x30
            RenderTableCell {TH} at (2,2) size 609x30 [border: (1px inset #808080)] [r=0 c=0 rs=1 cs=6]
              RenderText {#text} at (246,6) size 117x17
                text run at (246,6) width 117: "text-align: center"
          RenderTableRow {TR} at (0,34) size 613x30
            RenderTableCell {TH} at (2,50) size 105x30 [border: (1px inset #808080)] [r=1 c=0 rs=2 cs=2]
              RenderText {#text} at (50,6) size 5x17
                text run at (50,6) width 5: " "
            RenderTableCell {TH} at (109,34) size 502x30 [border: (1px inset #808080)] [r=1 c=2 rs=1 cs=4]
              RenderText {#text} at (176,6) size 150x17
                text run at (176,6) width 150: "-webkit-writing-mode"
          RenderTableRow {TR} at (0,66) size 613x30
            RenderTableCell {TH} at (109,66) size 124x30 [border: (1px inset #808080)] [r=2 c=2 rs=1 cs=1]
              RenderText {#text} at (17,6) size 90x17
                text run at (17,6) width 90: "horizontal-tb"
            RenderTableCell {TH} at (235,66) size 124x30 [border: (1px inset #808080)] [r=2 c=3 rs=1 cs=1]
              RenderText {#text} at (17,6) size 90x17
                text run at (17,6) width 90: "horizontal-bt"
            RenderTableCell {TH} at (361,66) size 124x30 [border: (1px inset #808080)] [r=2 c=4 rs=1 cs=1]
              RenderText {#text} at (27,6) size 70x17
                text run at (27,6) width 70: "vertical-lr"
            RenderTableCell {TH} at (487,66) size 124x30 [border: (1px inset #808080)] [r=2 c=5 rs=1 cs=1]
              RenderText {#text} at (27,6) size 70x17
                text run at (27,6) width 70: "vertical-rl"
          RenderTableRow {TR} at (0,98) size 613x124
            RenderTableCell {TH} at (2,208) size 74x30 [border: (1px inset #808080)] [r=3 c=0 rs=4 cs=1]
              RenderText {#text} at (6,6) size 62x17
                text run at (6,6) width 62: "direction"
            RenderTableCell {TH} at (78,145) size 29x30 [border: (1px inset #808080)] [r=3 c=1 rs=1 cs=1]
              RenderText {#text} at (6,6) size 17x17
                text run at (6,6) width 17: "ltr"
            RenderTableCell {TD} at (109,98) size 124x124 [border: (1px solid #000000)] [r=3 c=2 rs=1 cs=1]
              RenderBlock {DIV} at (2,2) size 120x120
                RenderDetails {DETAILS} at (0,0) size 120x18
                  RenderSummary {SUMMARY} at (0,0) size 120x18
                    RenderDetailsMarker {DIV} at (22,4) size 10x10: right
                    RenderText {#text} at (38,0) size 60x17
                      text run at (38,0) width 60: "summary"
                RenderDetails {DETAILS} at (0,18) size 120x18
                  RenderSummary {SUMMARY} at (0,0) size 120x18
                    RenderDetailsMarker {DIV} at (22,4) size 10x10: down
                    RenderText {#text} at (38,0) size 60x17
                      text run at (38,0) width 60: "summary"
            RenderTableCell {TD} at (235,98) size 124x124 [border: (1px solid #000000)] [r=3 c=3 rs=1 cs=1]
              RenderBlock {DIV} at (2,2) size 120x120
                RenderDetails {DETAILS} at (0,0) size 120x18
                  RenderSummary {SUMMARY} at (0,0) size 120x18
                    RenderDetailsMarker {DIV} at (22,3) size 10x10: right
                    RenderText {#text} at (38,0) size 60x17
                      text run at (38,0) width 60: "summary"
                RenderDetails {DETAILS} at (0,18) size 120x18
                  RenderSummary {SUMMARY} at (0,0) size 120x18
                    RenderDetailsMarker {DIV} at (22,3) size 10x10: up
                    RenderText {#text} at (38,0) size 60x17
                      text run at (38,0) width 60: "summary"
            RenderTableCell {TD} at (361,98) size 124x124 [border: (1px solid #000000)] [r=3 c=4 rs=1 cs=1]
              RenderBlock {DIV} at (2,2) size 120x120
                RenderDetails {DETAILS} at (0,0) size 20x120
                  RenderSummary {SUMMARY} at (0,0) size 20x120
                    RenderDetailsMarker {DIV} at (3,25) size 10x10: down
                    RenderText {#text} at (0,35) size 17x60
                      text run at (0,35) width 60: "summary"
                RenderDetails {DETAILS} at (20,0) size 20x120
                  RenderSummary {SUMMARY} at (0,0) size 20x120
                    RenderDetailsMarker {DIV} at (3,25) size 10x10: right
                    RenderText {#text} at (0,35) size 17x60
                      text run at (0,35) width 60: "summary"
            RenderTableCell {TD} at (487,98) size 124x124 [border: (1px solid #000000)] [r=3 c=5 rs=1 cs=1]
              RenderBlock {DIV} at (2,2) size 120x120
                RenderDetails {DETAILS} at (0,0) size 20x120
                  RenderSummary {SUMMARY} at (0,0) size 20x120
                    RenderDetailsMarker {DIV} at (6,25) size 10x10: down
                    RenderText {#text} at (2,35) size 17x60
                      text run at (2,35) width 60: "summary"
                RenderDetails {DETAILS} at (20,0) size 20x120
                  RenderSummary {SUMMARY} at (0,0) size 20x120
                    RenderDetailsMarker {DIV} at (6,25) size 10x10: left
                    RenderText {#text} at (2,35) size 17x60
                      text run at (2,35) width 60: "summary"
          RenderTableRow {TR} at (0,224) size 613x124
            RenderTableCell {TH} at (78,271) size 29x30 [border: (1px inset #808080)] [r=4 c=1 rs=1 cs=1]
              RenderText {#text} at (6,6) size 17x17
                text run at (6,6) width 17: "rtl"
            RenderTableCell {TD} at (109,224) size 124x124 [border: (1px solid #000000)] [r=4 c=2 rs=1 cs=1]
              RenderBlock {DIV} at (2,2) size 120x120
                RenderDetails {DETAILS} at (0,0) size 120x18
                  RenderSummary {SUMMARY} at (0,0) size 120x18
                    RenderDetailsMarker {DIV} at (82,4) size 10x10: left
                    RenderText {#text} at (22,0) size 60x17
                      text run at (22,0) width 60: "summary"
                RenderDetails {DETAILS} at (0,18) size 120x18
                  RenderSummary {SUMMARY} at (0,0) size 120x18
                    RenderDetailsMarker {DIV} at (82,4) size 10x10: down
                    RenderText {#text} at (22,0) size 60x17
                      text run at (22,0) width 60: "summary"
            RenderTableCell {TD} at (235,224) size 124x124 [border: (1px solid #000000)] [r=4 c=3 rs=1 cs=1]
              RenderBlock {DIV} at (2,2) size 120x120
                RenderDetails {DETAILS} at (0,0) size 120x18
                  RenderSummary {SUMMARY} at (0,0) size 120x18
                    RenderDetailsMarker {DIV} at (82,3) size 10x10: left
                    RenderText {#text} at (22,0) size 60x17
                      text run at (22,0) width 60: "summary"
                RenderDetails {DETAILS} at (0,18) size 120x18
                  RenderSummary {SUMMARY} at (0,0) size 120x18
                    RenderDetailsMarker {DIV} at (82,3) size 10x10: up
                    RenderText {#text} at (22,0) size 60x17
                      text run at (22,0) width 60: "summary"
            RenderTableCell {TD} at (361,224) size 124x124 [border: (1px solid #000000)] [r=4 c=4 rs=1 cs=1]
              RenderBlock {DIV} at (2,2) size 120x120
                RenderDetails {DETAILS} at (0,0) size 20x120
                  RenderSummary {SUMMARY} at (0,0) size 20x120
                    RenderDetailsMarker {DIV} at (3,85) size 10x10: up
                    RenderText {#text} at (0,25) size 17x60
                      text run at (0,25) width 60: "summary"
                RenderDetails {DETAILS} at (20,0) size 20x120
                  RenderSummary {SUMMARY} at (0,0) size 20x120
                    RenderDetailsMarker {DIV} at (3,85) size 10x10: right
                    RenderText {#text} at (0,25) size 17x60
                      text run at (0,25) width 60: "summary"
            RenderTableCell {TD} at (487,224) size 124x124 [border: (1px solid #000000)] [r=4 c=5 rs=1 cs=1]
              RenderBlock {DIV} at (2,2) size 120x120
                RenderDetails {DETAILS} at (0,0) size 20x120
                  RenderSummary {SUMMARY} at (0,0) size 20x120
                    RenderDetailsMarker {DIV} at (6,85) size 10x10: up
                    RenderText {#text} at (2,25) size 17x60
                      text run at (2,25) width 60: "summary"
                RenderDetails {DETAILS} at (20,0) size 20x120
                  RenderSummary {SUMMARY} at (0,0) size 20x120
                    RenderDetailsMarker {DIV} at (6,85) size 10x10: left
                    RenderText {#text} at (2,25) size 17x60
                      text run at (2,25) width 60: "summary"
      RenderBlock (anonymous) at (0,1092) size 768x18
        RenderBR {BR} at (0,0) size 0x17
      RenderTable {TABLE} at (0,1110) size 615x352 [border: (1px outset #808080)]
        RenderTableSection {TBODY} at (1,1) size 613x350
          RenderTableRow {TR} at (0,2) size 613x30
            RenderTableCell {TH} at (2,2) size 609x30 [border: (1px inset #808080)] [r=0 c=0 rs=1 cs=6]
              RenderText {#text} at (250,6) size 109x17
                text run at (250,6) width 109: "text-align: right"
          RenderTableRow {TR} at (0,34) size 613x30
            RenderTableCell {TH} at (2,50) size 105x30 [border: (1px inset #808080)] [r=1 c=0 rs=2 cs=2]
              RenderText {#text} at (50,6) size 5x17
                text run at (50,6) width 5: " "
            RenderTableCell {TH} at (109,34) size 502x30 [border: (1px inset #808080)] [r=1 c=2 rs=1 cs=4]
              RenderText {#text} at (176,6) size 150x17
                text run at (176,6) width 150: "-webkit-writing-mode"
          RenderTableRow {TR} at (0,66) size 613x30
            RenderTableCell {TH} at (109,66) size 124x30 [border: (1px inset #808080)] [r=2 c=2 rs=1 cs=1]
              RenderText {#text} at (17,6) size 90x17
                text run at (17,6) width 90: "horizontal-tb"
            RenderTableCell {TH} at (235,66) size 124x30 [border: (1px inset #808080)] [r=2 c=3 rs=1 cs=1]
              RenderText {#text} at (17,6) size 90x17
                text run at (17,6) width 90: "horizontal-bt"
            RenderTableCell {TH} at (361,66) size 124x30 [border: (1px inset #808080)] [r=2 c=4 rs=1 cs=1]
              RenderText {#text} at (27,6) size 70x17
                text run at (27,6) width 70: "vertical-lr"
            RenderTableCell {TH} at (487,66) size 124x30 [border: (1px inset #808080)] [r=2 c=5 rs=1 cs=1]
              RenderText {#text} at (27,6) size 70x17
                text run at (27,6) width 70: "vertical-rl"
          RenderTableRow {TR} at (0,98) size 613x124
            RenderTableCell {TH} at (2,208) size 74x30 [border: (1px inset #808080)] [r=3 c=0 rs=4 cs=1]
              RenderText {#text} at (6,6) size 62x17
                text run at (6,6) width 62: "direction"
            RenderTableCell {TH} at (78,145) size 29x30 [border: (1px inset #808080)] [r=3 c=1 rs=1 cs=1]
              RenderText {#text} at (6,6) size 17x17
                text run at (6,6) width 17: "ltr"
            RenderTableCell {TD} at (109,98) size 124x124 [border: (1px solid #000000)] [r=3 c=2 rs=1 cs=1]
              RenderBlock {DIV} at (2,2) size 120x120
                RenderDetails {DETAILS} at (0,0) size 120x18
                  RenderSummary {SUMMARY} at (0,0) size 120x18
                    RenderDetailsMarker {DIV} at (44,4) size 10x10: right
                    RenderText {#text} at (60,0) size 60x17
                      text run at (60,0) width 60: "summary"
                RenderDetails {DETAILS} at (0,18) size 120x18
                  RenderSummary {SUMMARY} at (0,0) size 120x18
                    RenderDetailsMarker {DIV} at (44,4) size 10x10: down
                    RenderText {#text} at (60,0) size 60x17
                      text run at (60,0) width 60: "summary"
            RenderTableCell {TD} at (235,98) size 124x124 [border: (1px solid #000000)] [r=3 c=3 rs=1 cs=1]
              RenderBlock {DIV} at (2,2) size 120x120
                RenderDetails {DETAILS} at (0,0) size 120x18
                  RenderSummary {SUMMARY} at (0,0) size 120x18
                    RenderDetailsMarker {DIV} at (44,3) size 10x10: right
                    RenderText {#text} at (60,0) size 60x17
                      text run at (60,0) width 60: "summary"
                RenderDetails {DETAILS} at (0,18) size 120x18
                  RenderSummary {SUMMARY} at (0,0) size 120x18
                    RenderDetailsMarker {DIV} at (44,3) size 10x10: up
                    RenderText {#text} at (60,0) size 60x17
                      text run at (60,0) width 60: "summary"
            RenderTableCell {TD} at (361,98) size 124x124 [border: (1px solid #000000)] [r=3 c=4 rs=1 cs=1]
              RenderBlock {DIV} at (2,2) size 120x120
                RenderDetails {DETAILS} at (0,0) size 20x120
                  RenderSummary {SUMMARY} at (0,0) size 20x120
                    RenderDetailsMarker {DIV} at (3,50) size 10x10: down
                    RenderText {#text} at (0,60) size 17x60
                      text run at (0,60) width 60: "summary"
                RenderDetails {DETAILS} at (20,0) size 20x120
                  RenderSummary {SUMMARY} at (0,0) size 20x120
                    RenderDetailsMarker {DIV} at (3,50) size 10x10: right
                    RenderText {#text} at (0,60) size 17x60
                      text run at (0,60) width 60: "summary"
            RenderTableCell {TD} at (487,98) size 124x124 [border: (1px solid #000000)] [r=3 c=5 rs=1 cs=1]
              RenderBlock {DIV} at (2,2) size 120x120
                RenderDetails {DETAILS} at (0,0) size 20x120
                  RenderSummary {SUMMARY} at (0,0) size 20x120
                    RenderDetailsMarker {DIV} at (6,50) size 10x10: down
                    RenderText {#text} at (2,60) size 17x60
                      text run at (2,60) width 60: "summary"
                RenderDetails {DETAILS} at (20,0) size 20x120
                  RenderSummary {SUMMARY} at (0,0) size 20x120
                    RenderDetailsMarker {DIV} at (6,50) size 10x10: left
                    RenderText {#text} at (2,60) size 17x60
                      text run at (2,60) width 60: "summary"
          RenderTableRow {TR} at (0,224) size 613x124
            RenderTableCell {TH} at (78,271) size 29x30 [border: (1px inset #808080)] [r=4 c=1 rs=1 cs=1]
              RenderText {#text} at (6,6) size 17x17
                text run at (6,6) width 17: "rtl"
            RenderTableCell {TD} at (109,224) size 124x124 [border: (1px solid #000000)] [r=4 c=2 rs=1 cs=1]
              RenderBlock {DIV} at (2,2) size 120x120
                RenderDetails {DETAILS} at (0,0) size 120x18
                  RenderSummary {SUMMARY} at (0,0) size 120x18
                    RenderDetailsMarker {DIV} at (104,4) size 10x10: left
                    RenderText {#text} at (44,0) size 60x17
                      text run at (44,0) width 60: "summary"
                RenderDetails {DETAILS} at (0,18) size 120x18
                  RenderSummary {SUMMARY} at (0,0) size 120x18
                    RenderDetailsMarker {DIV} at (104,4) size 10x10: down
                    RenderText {#text} at (44,0) size 60x17
                      text run at (44,0) width 60: "summary"
            RenderTableCell {TD} at (235,224) size 124x124 [border: (1px solid #000000)] [r=4 c=3 rs=1 cs=1]
              RenderBlock {DIV} at (2,2) size 120x120
                RenderDetails {DETAILS} at (0,0) size 120x18
                  RenderSummary {SUMMARY} at (0,0) size 120x18
                    RenderDetailsMarker {DIV} at (104,3) size 10x10: left
                    RenderText {#text} at (44,0) size 60x17
                      text run at (44,0) width 60: "summary"
                RenderDetails {DETAILS} at (0,18) size 120x18
                  RenderSummary {SUMMARY} at (0,0) size 120x18
                    RenderDetailsMarker {DIV} at (104,3) size 10x10: up
                    RenderText {#text} at (44,0) size 60x17
                      text run at (44,0) width 60: "summary"
            RenderTableCell {TD} at (361,224) size 124x124 [border: (1px solid #000000)] [r=4 c=4 rs=1 cs=1]
              RenderBlock {DIV} at (2,2) size 120x120
                RenderDetails {DETAILS} at (0,0) size 20x120
                  RenderSummary {SUMMARY} at (0,0) size 20x120
                    RenderDetailsMarker {DIV} at (3,110) size 10x10: up
                    RenderText {#text} at (0,50) size 17x60
                      text run at (0,50) width 60: "summary"
                RenderDetails {DETAILS} at (20,0) size 20x120
                  RenderSummary {SUMMARY} at (0,0) size 20x120
                    RenderDetailsMarker {DIV} at (3,110) size 10x10: right
                    RenderText {#text} at (0,50) size 17x60
                      text run at (0,50) width 60: "summary"
            RenderTableCell {TD} at (487,224) size 124x124 [border: (1px solid #000000)] [r=4 c=5 rs=1 cs=1]
              RenderBlock {DIV} at (2,2) size 120x120
                RenderDetails {DETAILS} at (0,0) size 20x120
                  RenderSummary {SUMMARY} at (0,0) size 20x120
                    RenderDetailsMarker {DIV} at (6,110) size 10x10: up
                    RenderText {#text} at (2,50) size 17x60
                      text run at (2,50) width 60: "summary"
                RenderDetails {DETAILS} at (20,0) size 20x120
                  RenderSummary {SUMMARY} at (0,0) size 20x120
                    RenderDetailsMarker {DIV} at (6,110) size 10x10: left
                    RenderText {#text} at (2,50) size 17x60
                      text run at (2,50) width 60: "summary"
