layer at (0,0) size 800x600
  RenderView at (0,0) size 800x600
layer at (0,0) size 800x600
  RenderBlock {HTML} at (0,0) size 800x600
    RenderBody {BODY} at (8,8) size 784x584
      RenderBlock {P} at (0,0) size 784x18
        RenderText {#text} at (0,0) size 55x17
          text run at (0,0) width 55: "Test for "
        RenderInline {A} at (0,0) size 69x17 [color=#0000EE]
          RenderText {#text} at (54,0) size 69x17
            text run at (54,0) width 69: "bug 15263"
        RenderText {#text} at (122,0) size 399x17
          text run at (122,0) width 399: ": REGRESSION: scrolldelay=0 causes marquee not to display"
      RenderBlock {P} at (0,34) size 784x36
        RenderText {#text} at (0,0) size 747x35
          text run at (0,0) width 747: "The marquee below is defined with a scrollDelay value of zero and with the truespeed attribute assigned to an empty"
          text run at (0,18) width 45: "string. "
          text run at (44,18) width 573: "It should scroll until the text, \"The marquee scroll test passed\" is visible and left justified."
      RenderBlock (anonymous) at (0,86) size 784x18
        RenderText {#text} at (0,0) size 0x0
layer at (8,94) size 392x18 scrollX -392
  RenderBlock {MARQUEE} at (0,0) size 392x18 [bgcolor=#00FFFF]
    RenderText {#text} at (0,0) size 197x17
      text run at (0,0) width 197: "The marquee scroll test passed"
