layer at (0,0) size 800x4083
  RenderView at (0,0) size 785x585
layer at (0,0) size 785x4083
  RenderBlock {html} at (0,0) size 785x4083
    RenderBody {body} at (8,246) size 769x3829
      RenderBlock {p} at (0,0) size 769x3124 [color=#000080]
        RenderText {#text} at (0,4) size 792x3115
          text run at (0,4) width 577: "There"
          text run at (0,288) width 661: "should"
          text run at (0,572) width 406: "be a"
          text run at (0,856) width 427: "blue"
          text run at (0,1140) width 550: "circle"
          text run at (0,1424) width 440: "with"
          text run at (0,1708) width 303: "the"
          text run at (0,1992) width 508: "word"
          text run at (0,2276) width 792: "\"TEST\""
          text run at (0,2560) width 393: "in it"
          text run at (0,2844) width 667: "below."
      RenderBlock (anonymous) at (0,3370) size 769x459
        RenderSVGRoot {svg} at (8,3616) size 400x400
          RenderSVGRect {rect} at (8,3616) size 400x400 [fill={[type=SOLID] [color=#0000FF]}] [x=0.00] [y=0.00] [width=400.00] [height=400.00]
          RenderSVGPath {circle} at (8,3616) size 400x400 [fill={[type=SOLID] [color=#000080]}] [cx=200.00] [cy=200.00] [r=200.00]
          RenderSVGForeignObject {foreignObject} at (0,175) size 400x50 [color=#FFFFFF]
            RenderBlock {div} at (0,0) size 400x58
              RenderText {#text} at (139,1) size 122x56
                text run at (139,1) width 122: "TEST"
        RenderText {#text} at (0,0) size 0x0
        RenderText {#text} at (0,0) size 0x0
        RenderText {#text} at (0,0) size 0x0
        RenderText {#text} at (0,0) size 0x0
