layer at (0,0) size 800x600
  RenderView at (0,0) size 800x600
layer at (0,0) size 800x600
  RenderBlock {HTML} at (0,0) size 800x600
    RenderBody {BODY} at (8,8) size 784x584
      RenderTable {TABLE} at (0,0) size 784x56
        RenderTableSection {TBODY} at (0,0) size 784x56
          RenderTableRow {TR} at (0,2) size 784x30
            RenderTableCell {TD} at (2,7) size 42x20 [r=0 c=0 rs=1 cs=1]
              RenderText {#text} at (1,1) size 37x17
                text run at (1,1) width 37: "URL:"
            RenderTableCell {TD} at (46,2) size 736x30 [r=0 c=1 rs=1 cs=1]
              RenderTextControl {INPUT} at (1,3) size 734x24 [bgcolor=#FFFFFF] [border: (2px inset #000000)]
          RenderTableRow {TR} at (0,34) size 784x20
            RenderTableCell {TD} at (2,34) size 780x20 [bgcolor=#FF0000] [r=1 c=0 rs=1 cs=2]
              RenderText {#text} at (1,1) size 257x17
                text run at (1,1) width 257: "Alongwordtogiveyouanicebigminwidth."
      RenderTable {TABLE} at (0,56) size 100x100 [bgcolor=#FF0000] [border: (2px outset #808080)]
        RenderTableSection {TBODY} at (2,2) size 96x96
          RenderTableRow {TR} at (0,2) size 96x92
            RenderTableCell {TD} at (2,46) size 92x4 [border: (1px inset #808080)] [r=0 c=0 rs=1 cs=1]
      RenderTable {TABLE} at (0,156) size 218x120 [border: (2px outset #808080)]
        RenderTableSection {TBODY} at (2,2) size 214x116
          RenderTableRow {TR} at (0,2) size 214x22
            RenderTableCell {TD} at (2,2) size 210x22 [border: (1px inset #808080)] [r=0 c=0 rs=1 cs=1]
              RenderText {#text} at (2,2) size 32x17
                text run at (2,2) width 32: "hello"
          RenderTableRow {TR} at (0,26) size 214x22
            RenderTableCell {TD} at (2,26) size 210x22 [border: (1px inset #808080)] [r=1 c=0 rs=1 cs=1]
              RenderText {#text} at (2,2) size 69x17
                text run at (2,2) width 69: "more hello"
          RenderTableRow {TR} at (0,50) size 214x22
            RenderTableCell {TD} at (2,50) size 210x22 [border: (1px inset #808080)] [r=2 c=0 rs=1 cs=1]
              RenderText {#text} at (2,2) size 38x17
                text run at (2,2) width 38: "world"
          RenderTableRow {TR} at (0,74) size 214x40
            RenderTableCell {TD} at (2,77) size 210x34 [border: (1px inset #808080)] [r=3 c=0 rs=1 cs=1]
              RenderText {#text} at (0,0) size 0x0
      RenderTable {TABLE} at (0,276) size 106x78
        RenderTableSection {TBODY} at (0,0) size 106x78
          RenderTableRow {TR} at (0,2) size 106x74
            RenderTableCell {TD} at (2,2) size 102x74 [r=0 c=0 rs=1 cs=1]
              RenderText {#text} at (1,1) size 88x71
                text run at (1,1) width 88: "I should wrap"
                text run at (1,19) width 82: "and not have"
                text run at (1,37) width 56: "nowrap. "
                text run at (56,37) width 7: "I"
                text run at (1,55) width 88: "really should."
      RenderTable {TABLE} at (0,354) size 106x78
        RenderTableSection {TBODY} at (0,0) size 106x78
          RenderTableRow {TR} at (0,2) size 106x74
            RenderTableCell {TD} at (2,2) size 102x74 [r=0 c=0 rs=1 cs=1]
              RenderBlock {DIV} at (1,1) size 100x72
                RenderText {#text} at (0,0) size 88x71
                  text run at (0,0) width 88: "I should wrap"
                  text run at (0,18) width 82: "and not have"
                  text run at (0,36) width 56: "nowrap. "
                  text run at (55,36) width 7: "I"
                  text run at (0,54) width 88: "really should."
      RenderTable {TABLE} at (0,432) size 375x24
        RenderTableSection {TBODY} at (0,0) size 375x24
          RenderTableRow {TR} at (0,2) size 375x20
            RenderTableCell {TD} at (2,2) size 371x20 [r=0 c=0 rs=1 cs=1]
              RenderText {#text} at (1,1) size 369x17
                text run at (1,1) width 147: "I should have nowrap. "
                text run at (147,1) width 101: "I really should. "
                text run at (247,1) width 123: "Definitely. Should."
      RenderTable {TABLE} at (0,456) size 375x24
        RenderTableSection {TBODY} at (0,0) size 375x24
          RenderTableRow {TR} at (0,2) size 375x20
            RenderTableCell {TD} at (2,2) size 371x20 [r=0 c=0 rs=1 cs=1]
              RenderBlock {DIV} at (1,1) size 369x18
                RenderText {#text} at (0,0) size 369x17
                  text run at (0,0) width 147: "I should have nowrap. "
                  text run at (146,0) width 101: "I really should. "
                  text run at (246,0) width 123: "Definitely. Should."
layer at (58,16) size 728x18
  RenderBlock {DIV} at (3,3) size 728x18
layer at (16,245) size 202x30 clip at (17,246) size 200x28
  RenderTextControl {TEXTAREA} at (4,2) size 202x30 [bgcolor=#FFFFFF] [border: (1px solid #000000)]
    RenderBlock {DIV} at (3,3) size 196x18
