layer at (0,0) size 784x740
  RenderView at (0,0) size 784x600
layer at (0,0) size 784x740
  RenderBlock {HTML} at (0,0) size 784x740
    RenderBody {BODY} at (8,8) size 768x716
      RenderTable {TABLE} at (0,0) size 768x80
        RenderTableSection {TBODY} at (0,0) size 768x80
          RenderTableRow {TR} at (0,2) size 768x76
            RenderTableCell {TD} at (2,29) size 686x22 [border: (1px solid #008000)] [r=0 c=0 rs=1 cs=1]
              RenderText {#text} at (2,2) size 8x17
                text run at (2,2) width 8: "1"
            RenderTableCell {TD} at (690,2) size 62x76 [border: (1px solid #008000)] [r=0 c=1 rs=1 cs=1]
              RenderText {#text} at (2,2) size 58x71
                text run at (2,2) width 55: "See, this"
                text run at (2,20) width 35: "is the"
                text run at (2,38) width 58: "problem."
                text run at (2,56) width 51: "It will..."
            RenderTableCell {TD} at (754,29) size 12x22 [border: (1px solid #008000)] [r=0 c=2 rs=1 cs=1]
              RenderText {#text} at (2,2) size 8x17
                text run at (2,2) width 8: "3"
      RenderBlock {P} at (0,96) size 768x0
      RenderTable {TABLE} at (0,96) size 768x196
        RenderTableSection {TBODY} at (0,0) size 768x196
          RenderTableRow {TR} at (0,2) size 768x192
            RenderTableCell {TD} at (2,2) size 764x192 [border: (1px solid #008000)] [r=0 c=0 rs=1 cs=1]
              RenderTable {TABLE} at (2,2) size 760x188
                RenderTableSection {TBODY} at (0,0) size 760x188
                  RenderTableRow {TR} at (0,2) size 760x184
                    RenderTableCell {TD} at (2,83) size 678x22 [border: (1px solid #008000)] [r=0 c=0 rs=1 cs=1]
                      RenderText {#text} at (2,2) size 8x17
                        text run at (2,2) width 8: "1"
                    RenderTableCell {TD} at (682,2) size 62x184 [border: (1px solid #008000)] [r=0 c=1 rs=1 cs=1]
                      RenderText {#text} at (2,2) size 58x179
                        text run at (2,2) width 55: "See, this"
                        text run at (2,20) width 35: "is the"
                        text run at (2,38) width 58: "problem."
                        text run at (2,56) width 40: "S See,"
                        text run at (2,74) width 38: "this is"
                        text run at (2,92) width 20: "the"
                        text run at (2,110) width 58: "problem."
                        text run at (2,128) width 55: "See, this"
                        text run at (2,146) width 35: "is the"
                        text run at (2,164) width 58: "problem."
                    RenderTableCell {TD} at (746,83) size 12x22 [border: (1px solid #008000)] [r=0 c=2 rs=1 cs=1]
                      RenderText {#text} at (2,2) size 8x17
                        text run at (2,2) width 8: "3"
      RenderBlock {P} at (0,308) size 768x0
      RenderTable {TABLE} at (0,308) size 527x196
        RenderTableSection {TBODY} at (0,0) size 527x196
          RenderTableRow {TR} at (0,2) size 527x192
            RenderTableCell {TD} at (2,2) size 523x192 [border: (1px solid #008000)] [r=0 c=0 rs=1 cs=1]
              RenderTable {TABLE} at (2,2) size 519x188
                RenderTableSection {TBODY} at (0,0) size 519x188
                  RenderTableRow {TR} at (0,2) size 519x184
                    RenderTableCell {TD} at (2,83) size 437x22 [border: (1px solid #008000)] [r=0 c=0 rs=1 cs=1]
                      RenderText {#text} at (2,2) size 8x17
                        text run at (2,2) width 8: "1"
                    RenderTableCell {TD} at (441,2) size 62x184 [border: (1px solid #008000)] [r=0 c=1 rs=1 cs=1]
                      RenderText {#text} at (2,2) size 58x179
                        text run at (2,2) width 55: "See, this"
                        text run at (2,20) width 35: "is the"
                        text run at (2,38) width 58: "problem."
                        text run at (2,56) width 40: "S See,"
                        text run at (2,74) width 38: "this is"
                        text run at (2,92) width 20: "the"
                        text run at (2,110) width 58: "problem."
                        text run at (2,128) width 55: "See, this"
                        text run at (2,146) width 35: "is the"
                        text run at (2,164) width 58: "problem."
                    RenderTableCell {TD} at (505,83) size 12x22 [border: (1px solid #008000)] [r=0 c=2 rs=1 cs=1]
                      RenderText {#text} at (2,2) size 8x17
                        text run at (2,2) width 8: "3"
      RenderBlock {P} at (0,520) size 768x0
      RenderTable {TABLE} at (0,520) size 527x196
        RenderTableSection {TBODY} at (0,0) size 527x196
          RenderTableRow {TR} at (0,2) size 527x192
            RenderTableCell {TD} at (2,2) size 523x192 [border: (1px solid #008000)] [r=0 c=0 rs=1 cs=1]
              RenderBlock {DIV} at (2,2) size 519x188
                RenderTable {TABLE} at (0,0) size 519x188
                  RenderTableSection {TBODY} at (0,0) size 519x188
                    RenderTableRow {TR} at (0,2) size 519x184
                      RenderTableCell {TD} at (2,83) size 437x22 [border: (1px solid #008000)] [r=0 c=0 rs=1 cs=1]
                        RenderText {#text} at (2,2) size 8x17
                          text run at (2,2) width 8: "1"
                      RenderTableCell {TD} at (441,2) size 62x184 [border: (1px solid #008000)] [r=0 c=1 rs=1 cs=1]
                        RenderText {#text} at (2,2) size 58x179
                          text run at (2,2) width 55: "See, this"
                          text run at (2,20) width 35: "is the"
                          text run at (2,38) width 58: "problem."
                          text run at (2,56) width 40: "S See,"
                          text run at (2,74) width 38: "this is"
                          text run at (2,92) width 20: "the"
                          text run at (2,110) width 58: "problem."
                          text run at (2,128) width 55: "See, this"
                          text run at (2,146) width 35: "is the"
                          text run at (2,164) width 58: "problem."
                      RenderTableCell {TD} at (505,83) size 12x22 [border: (1px solid #008000)] [r=0 c=2 rs=1 cs=1]
                        RenderText {#text} at (2,2) size 8x17
                          text run at (2,2) width 8: "3"
      RenderBlock {P} at (0,732) size 768x0
