layer at (0,0) size 800x600
  RenderView at (0,0) size 800x600
layer at (0,0) size 800x600
  RenderBlock {HTML} at (0,0) size 800x600
    RenderBody {BODY} at (8,8) size 784x584
      RenderTable {TABLE} at (0,0) size 784x42
        RenderTableSection {TBODY} at (0,0) size 784x42
          RenderTableRow {TR} at (0,0) size 784x42
            RenderTableCell {TD} at (0,8) size 208x26 [bgcolor=#FFA500] [border: (1px solid #000000)] [r=0 c=0 rs=1 cs=1]
              RenderText {#text} at (4,4) size 8x19
                text run at (4,4) width 8: "d"
            RenderTableCell {TD} at (208,0) size 340x42 [bgcolor=#FFA500] [border: (1px solid #000000)] [r=0 c=1 rs=1 cs=1]
              RenderTable {TABLE} at (4,4) size 332x34
                RenderTableSection {TBODY} at (0,0) size 332x34
                  RenderTableRow {TR} at (0,2) size 332x30
                    RenderTableCell {TD} at (2,2) size 328x30 [bgcolor=#FFA500] [border: (1px solid #000000)] [r=0 c=0 rs=1 cs=1]
                      RenderTable {TABLE} at (2,2) size 324x26
                        RenderTableSection {TBODY} at (0,0) size 324x26
                          RenderTableRow {TR} at (0,2) size 324x22
                            RenderTableCell {TD} at (2,11) size 40x4 [bgcolor=#FFA500] [border: (1px solid #000000)] [r=0 c=0 rs=1 cs=1]
                            RenderTableCell {TD} at (44,2) size 236x22 [bgcolor=#FFA500] [border: (1px solid #000000)] [r=0 c=1 rs=1 cs=2]
                              RenderImage {IMG} at (2,2) size 21x15 [bgcolor=#800080]
                              RenderText {#text} at (23,2) size 4x19
                                text run at (23,2) width 4: " "
                              RenderInline {B} at (0,0) size 90x19
                                RenderText {#text} at (27,2) size 90x19
                                  text run at (27,2) width 90: "Yellow Pages"
                              RenderText {#text} at (117,2) size 4x19
                                text run at (117,2) width 4: " "
                              RenderImage {IMG} at (121,2) size 21x15 [bgcolor=#800080]
                              RenderText {#text} at (142,2) size 4x19
                                text run at (142,2) width 4: " "
                              RenderInline {B} at (0,0) size 84x19
                                RenderText {#text} at (146,2) size 84x19
                                  text run at (146,2) width 84: "White Pages"
                              RenderText {#text} at (230,2) size 4x19
                                text run at (230,2) width 4: " "
                            RenderTableCell {TD} at (282,11) size 40x4 [bgcolor=#FFA500] [border: (1px solid #000000)] [r=0 c=3 rs=1 cs=1]
            RenderTableCell {TD} at (548,0) size 236x42 [bgcolor=#FFA500] [border: (1px solid #000000)] [r=0 c=2 rs=1 cs=1]
              RenderTable {TABLE} at (4,4) size 228x34
                RenderTableSection {TBODY} at (0,0) size 228x34
                  RenderTableRow {TR} at (0,2) size 228x30
                    RenderTableCell {TD} at (2,2) size 224x30 [bgcolor=#FFA500] [border: (1px solid #000000)] [r=0 c=0 rs=1 cs=1]
                      RenderTable {TABLE} at (2,2) size 220x26
                        RenderTableSection {TBODY} at (0,0) size 220x26
                          RenderTableRow {TR} at (0,2) size 220x22
                            RenderTableCell {TD} at (2,2) size 216x22 [bgcolor=#FFA500] [border: (1px solid #000000)] [r=0 c=0 rs=1 cs=1]
                              RenderImage {IMG} at (2,2) size 212x18 [bgcolor=#800080]
                              RenderText {#text} at (0,0) size 0x0
      RenderBlock {P} at (0,58) size 784x0
      RenderTable {TABLE} at (0,58) size 784x42
        RenderTableSection {TBODY} at (0,0) size 784x42
          RenderTableRow {TR} at (0,0) size 784x42
            RenderTableCell {TD} at (0,8) size 219x26 [bgcolor=#FFA500] [border: (1px solid #000000)] [r=0 c=0 rs=1 cs=1]
              RenderText {#text} at (4,4) size 8x19
                text run at (4,4) width 8: "d"
            RenderTableCell {TD} at (219,0) size 329x42 [bgcolor=#FFA500] [border: (1px solid #000000)] [r=0 c=1 rs=1 cs=1]
              RenderTable {TABLE} at (4,4) size 321x34
                RenderTableSection {TBODY} at (0,0) size 321x34
                  RenderTableRow {TR} at (0,2) size 321x30
                    RenderTableCell {TD} at (2,2) size 317x30 [bgcolor=#FFA500] [border: (1px solid #000000)] [r=0 c=0 rs=1 cs=1]
                      RenderTable {TABLE} at (2,2) size 313x26
                        RenderTableSection {TBODY} at (0,0) size 313x26
                          RenderTableRow {TR} at (0,2) size 313x22
                            RenderTableCell {TD} at (2,11) size 34x4 [bgcolor=#FFA500] [border: (1px solid #000000)] [r=0 c=0 rs=1 cs=1]
                            RenderTableCell {TD} at (38,2) size 236x22 [bgcolor=#FFA500] [border: (1px solid #000000)] [r=0 c=1 rs=1 cs=2]
                              RenderImage {IMG} at (2,2) size 21x15 [bgcolor=#800080]
                              RenderText {#text} at (23,2) size 4x19
                                text run at (23,2) width 4: " "
                              RenderInline {B} at (0,0) size 90x19
                                RenderText {#text} at (27,2) size 90x19
                                  text run at (27,2) width 90: "Yellow Pages"
                              RenderText {#text} at (117,2) size 4x19
                                text run at (117,2) width 4: " "
                              RenderImage {IMG} at (121,2) size 21x15 [bgcolor=#800080]
                              RenderText {#text} at (142,2) size 4x19
                                text run at (142,2) width 4: " "
                              RenderInline {B} at (0,0) size 84x19
                                RenderText {#text} at (146,2) size 84x19
                                  text run at (146,2) width 84: "White Pages"
                              RenderText {#text} at (230,2) size 4x19
                                text run at (230,2) width 4: " "
                            RenderTableCell {TD} at (276,11) size 35x4 [bgcolor=#FFA500] [border: (1px solid #000000)] [r=0 c=3 rs=1 cs=1]
            RenderTableCell {TD} at (548,0) size 236x42 [bgcolor=#FFA500] [border: (1px solid #000000)] [r=0 c=2 rs=1 cs=1]
              RenderTable {TABLE} at (4,4) size 228x34
                RenderTableSection {TBODY} at (0,0) size 228x34
                  RenderTableRow {TR} at (0,2) size 228x30
                    RenderTableCell {TD} at (2,2) size 224x30 [bgcolor=#FFA500] [border: (1px solid #000000)] [r=0 c=0 rs=1 cs=1]
                      RenderTable {TABLE} at (2,2) size 220x26
                        RenderTableSection {TBODY} at (0,0) size 220x26
                          RenderTableRow {TR} at (0,2) size 220x22
                            RenderTableCell {TD} at (2,2) size 216x22 [bgcolor=#FFA500] [border: (1px solid #000000)] [r=0 c=0 rs=1 cs=1]
                              RenderImage {IMG} at (2,2) size 212x18 [bgcolor=#800080]
                              RenderText {#text} at (0,0) size 0x0
