layer at (0,0) size 784x2350
  RenderView at (0,0) size 784x600
layer at (0,0) size 784x2350
  RenderBlock {HTML} at (0,0) size 784x2350
    RenderBody {BODY} at (8,8) size 768x2334
      RenderBlock {H1} at (0,0) size 768x37
        RenderText {#text} at (0,0) size 613x36
          text run at (0,0) width 613: "Fixed Columns, Auto Span, Minheight Table"
      RenderTable {TABLE} at (0,58) size 40x100
        RenderTableSection {TBODY} at (0,0) size 40x100
          RenderTableRow {TR} at (0,0) size 20x100
            RenderTableCell {TD} at (0,10) size 20x13 [bgcolor=#00FFFF] [r=0 c=0 rs=1 cs=1]
            RenderTableCell {TD} at (0,43) size 20x47 [bgcolor=#FFFF00] [r=0 c=1 rs=1 cs=1]
          RenderTableRow {TR} at (0,20) size 20x100
            RenderTableCell {TD} at (20,10) size 20x80 [bgcolor=#FFC0CB] [r=1 c=0 rs=1 cs=2]
              RenderBlock {DIV} at (10,-10) size 0x100
      RenderBlock {P} at (0,174) size 768x54
        RenderText {#text} at (0,0) size 152x17
          text run at (0,0) width 152: "The table height is: 100"
        RenderBR {BR} at (151,14) size 1x0
        RenderText {#text} at (0,18) size 135x17
          text run at (0,18) width 135: "Column One is: 33%"
        RenderBR {BR} at (134,32) size 1x0
        RenderText {#text} at (0,36) size 138x17
          text run at (0,36) width 138: "Column Two is: 67%"
      RenderBlock {HR} at (0,244) size 768x2 [border: (1px inset #000000)]
      RenderTable {TABLE} at (0,254) size 40x600
        RenderTableSection {TBODY} at (0,0) size 40x600
          RenderTableRow {TR} at (0,0) size 20x600
            RenderTableCell {TD} at (0,10) size 20x180 [bgcolor=#00FFFF] [r=0 c=0 rs=1 cs=1]
            RenderTableCell {TD} at (0,210) size 20x380 [bgcolor=#FFFF00] [r=0 c=1 rs=1 cs=1]
          RenderTableRow {TR} at (0,20) size 20x600
            RenderTableCell {TD} at (20,10) size 20x580 [bgcolor=#FFC0CB] [r=1 c=0 rs=1 cs=2]
              RenderBlock {DIV} at (10,-10) size 0x600
      RenderBlock {P} at (0,870) size 768x54
        RenderText {#text} at (0,0) size 152x17
          text run at (0,0) width 152: "The table height is: 600"
        RenderBR {BR} at (151,14) size 1x0
        RenderText {#text} at (0,18) size 135x17
          text run at (0,18) width 135: "Column One is: 33%"
        RenderBR {BR} at (134,32) size 1x0
        RenderText {#text} at (0,36) size 138x17
          text run at (0,36) width 138: "Column Two is: 67%"
      RenderBlock {HR} at (0,940) size 768x2 [border: (1px inset #000000)]
      RenderTable {TABLE} at (0,950) size 56x600
        RenderTableSection {TBODY} at (0,0) size 56x600
          RenderTableRow {TR} at (0,0) size 36x600
            RenderTableCell {TD} at (0,0) size 36x200 [bgcolor=#00FFFF] [r=0 c=0 rs=1 cs=1]
              RenderText {#text} at (0,0) size 35x192
                text run at (0,0) width 192: "Fixed cell in column one with"
                text run at (18,0) width 66: "some text."
            RenderTableCell {TD} at (0,200) size 36x400 [bgcolor=#FFFF00] [r=0 c=1 rs=1 cs=1]
              RenderText {#text} at (0,0) size 35x389
                text run at (0,0) width 389: "Fixed cell in column two with a lot more text. Will the ratios"
                text run at (18,0) width 89: "be preserved?"
          RenderTableRow {TR} at (0,36) size 20x600
            RenderTableCell {TD} at (36,10) size 20x580 [bgcolor=#FFC0CB] [r=1 c=0 rs=1 cs=2]
              RenderBlock {DIV} at (10,-10) size 0x600
      RenderBlock {P} at (0,1566) size 768x54
        RenderText {#text} at (0,0) size 152x17
          text run at (0,0) width 152: "The table height is: 600"
        RenderBR {BR} at (151,14) size 1x0
        RenderText {#text} at (0,18) size 135x17
          text run at (0,18) width 135: "Column One is: 33%"
        RenderBR {BR} at (134,32) size 1x0
        RenderText {#text} at (0,36) size 138x17
          text run at (0,36) width 138: "Column Two is: 67%"
      RenderBlock {HR} at (0,1636) size 768x2 [border: (1px inset #000000)]
      RenderTable {TABLE} at (0,1646) size 40x600
        RenderTableSection {TBODY} at (0,0) size 40x600
          RenderTableRow {TR} at (0,0) size 20x600
            RenderTableCell {TD} at (0,10) size 20x180 [bgcolor=#00FFFF] [r=0 c=0 rs=1 cs=1]
              RenderBlock {DIV} at (10,-10) size 0x100
            RenderTableCell {TD} at (0,210) size 20x380 [bgcolor=#FFFF00] [r=0 c=1 rs=1 cs=1]
              RenderBlock {DIV} at (10,-10) size 0x250
          RenderTableRow {TR} at (0,20) size 20x600
            RenderTableCell {TD} at (20,10) size 20x580 [bgcolor=#FFC0CB] [r=1 c=0 rs=1 cs=2]
              RenderBlock {DIV} at (10,-10) size 0x600
      RenderBlock {P} at (0,2262) size 768x54
        RenderText {#text} at (0,0) size 152x17
          text run at (0,0) width 152: "The table height is: 600"
        RenderBR {BR} at (151,14) size 1x0
        RenderText {#text} at (0,18) size 135x17
          text run at (0,18) width 135: "Column One is: 33%"
        RenderBR {BR} at (134,32) size 1x0
        RenderText {#text} at (0,36) size 138x17
          text run at (0,36) width 138: "Column Two is: 67%"
      RenderBlock {HR} at (0,2332) size 768x2 [border: (1px inset #000000)]
