layer at (0,0) size 800x600
  RenderView at (0,0) size 800x600
layer at (0,0) size 800x324
  RenderBlock {HTML} at (0,0) size 800x324
    RenderBody {BODY} at (8,18) size 784x298
      RenderBlock {H3} at (0,0) size 784x22
        RenderText {#text} at (0,0) size 232x21
          text run at (0,0) width 232: "ROWSPAN of 1024 - Works"
      RenderTable {TABLE} at (0,40) size 171x100 [border: (1px outset #808080)]
        RenderTableSection {TBODY} at (1,1) size 169x98
          RenderTableRow {TR} at (0,2) size 169x22
            RenderTableCell {TD} at (2,2) size 47x22 [border: (1px inset #808080)] [r=0 c=0 rs=1 cs=1]
              RenderText {#text} at (2,2) size 43x17
                text run at (2,2) width 43: "header"
            RenderTableCell {TD} at (51,38) size 8x22 [bgcolor=#000000] [border: (1px inset #808080)] [r=0 c=1 rs=1024 cs=1]
              RenderText {#text} at (2,2) size 4x17
                text run at (2,2) width 4: " "
            RenderTableCell {TD} at (61,2) size 47x22 [border: (1px inset #808080)] [r=0 c=2 rs=1 cs=1]
              RenderText {#text} at (2,2) size 43x17
                text run at (2,2) width 43: "header"
            RenderTableCell {TD} at (110,38) size 8x22 [bgcolor=#000000] [border: (1px inset #808080)] [r=0 c=3 rs=1024 cs=1]
              RenderText {#text} at (2,2) size 4x17
                text run at (2,2) width 4: " "
            RenderTableCell {TD} at (120,2) size 47x22 [border: (1px inset #808080)] [r=0 c=4 rs=1 cs=1]
              RenderText {#text} at (2,2) size 43x17
                text run at (2,2) width 43: "header"
          RenderTableRow {TR} at (0,26) size 169x22
            RenderTableCell {TD} at (2,26) size 47x22 [border: (1px inset #808080)] [r=1 c=0 rs=1 cs=1]
              RenderText {#text} at (2,2) size 42x17
                text run at (2,2) width 42: "foobar"
            RenderTableCell {TD} at (61,26) size 47x22 [border: (1px inset #808080)] [r=1 c=2 rs=1 cs=1]
              RenderText {#text} at (2,2) size 42x17
                text run at (2,2) width 42: "foobar"
            RenderTableCell {TD} at (120,26) size 47x22 [border: (1px inset #808080)] [r=1 c=4 rs=1 cs=1]
              RenderText {#text} at (2,2) size 42x17
                text run at (2,2) width 42: "foobar"
          RenderTableRow {TR} at (0,50) size 169x22
            RenderTableCell {TD} at (2,50) size 47x22 [border: (1px inset #808080)] [r=2 c=0 rs=1 cs=1]
              RenderText {#text} at (2,2) size 42x17
                text run at (2,2) width 42: "foobar"
            RenderTableCell {TD} at (61,50) size 47x22 [border: (1px inset #808080)] [r=2 c=2 rs=1 cs=1]
              RenderText {#text} at (2,2) size 42x17
                text run at (2,2) width 42: "foobar"
            RenderTableCell {TD} at (120,50) size 47x22 [border: (1px inset #808080)] [r=2 c=4 rs=1 cs=1]
              RenderText {#text} at (2,2) size 42x17
                text run at (2,2) width 42: "foobar"
          RenderTableRow {TR} at (0,74) size 169x22
            RenderTableCell {TD} at (2,74) size 47x22 [border: (1px inset #808080)] [r=3 c=0 rs=1 cs=1]
              RenderText {#text} at (2,2) size 42x17
                text run at (2,2) width 42: "foobar"
            RenderTableCell {TD} at (61,74) size 47x22 [border: (1px inset #808080)] [r=3 c=2 rs=1 cs=1]
              RenderText {#text} at (2,2) size 42x17
                text run at (2,2) width 42: "foobar"
            RenderTableCell {TD} at (120,74) size 47x22 [border: (1px inset #808080)] [r=3 c=4 rs=1 cs=1]
              RenderText {#text} at (2,2) size 42x17
                text run at (2,2) width 42: "foobar"
      RenderBlock {H3} at (0,158) size 784x22
        RenderText {#text} at (0,0) size 290x21
          text run at (0,0) width 290: "ROWSPAN of 1025 - Doesn't Work"
      RenderTable {TABLE} at (0,198) size 171x100 [border: (1px outset #808080)]
        RenderTableSection {TBODY} at (1,1) size 169x98
          RenderTableRow {TR} at (0,2) size 169x22
            RenderTableCell {TD} at (2,2) size 47x22 [border: (1px inset #808080)] [r=0 c=0 rs=1 cs=1]
              RenderText {#text} at (2,2) size 43x17
                text run at (2,2) width 43: "header"
            RenderTableCell {TD} at (51,38) size 8x22 [bgcolor=#000000] [border: (1px inset #808080)] [r=0 c=1 rs=1026 cs=1]
              RenderText {#text} at (2,2) size 4x17
                text run at (2,2) width 4: " "
            RenderTableCell {TD} at (61,2) size 47x22 [border: (1px inset #808080)] [r=0 c=2 rs=1 cs=1]
              RenderText {#text} at (2,2) size 43x17
                text run at (2,2) width 43: "header"
            RenderTableCell {TD} at (110,38) size 8x22 [bgcolor=#000000] [border: (1px inset #808080)] [r=0 c=3 rs=1026 cs=1]
              RenderText {#text} at (2,2) size 4x17
                text run at (2,2) width 4: " "
            RenderTableCell {TD} at (120,2) size 47x22 [border: (1px inset #808080)] [r=0 c=4 rs=1 cs=1]
              RenderText {#text} at (2,2) size 43x17
                text run at (2,2) width 43: "header"
          RenderTableRow {TR} at (0,26) size 169x22
            RenderTableCell {TD} at (2,26) size 47x22 [border: (1px inset #808080)] [r=1 c=0 rs=1 cs=1]
              RenderText {#text} at (2,2) size 42x17
                text run at (2,2) width 42: "foobar"
            RenderTableCell {TD} at (61,26) size 47x22 [border: (1px inset #808080)] [r=1 c=2 rs=1 cs=1]
              RenderText {#text} at (2,2) size 42x17
                text run at (2,2) width 42: "foobar"
            RenderTableCell {TD} at (120,26) size 47x22 [border: (1px inset #808080)] [r=1 c=4 rs=1 cs=1]
              RenderText {#text} at (2,2) size 42x17
                text run at (2,2) width 42: "foobar"
          RenderTableRow {TR} at (0,50) size 169x22
            RenderTableCell {TD} at (2,50) size 47x22 [border: (1px inset #808080)] [r=2 c=0 rs=1 cs=1]
              RenderText {#text} at (2,2) size 42x17
                text run at (2,2) width 42: "foobar"
            RenderTableCell {TD} at (61,50) size 47x22 [border: (1px inset #808080)] [r=2 c=2 rs=1 cs=1]
              RenderText {#text} at (2,2) size 42x17
                text run at (2,2) width 42: "foobar"
            RenderTableCell {TD} at (120,50) size 47x22 [border: (1px inset #808080)] [r=2 c=4 rs=1 cs=1]
              RenderText {#text} at (2,2) size 42x17
                text run at (2,2) width 42: "foobar"
          RenderTableRow {TR} at (0,74) size 169x22
            RenderTableCell {TD} at (2,74) size 47x22 [border: (1px inset #808080)] [r=3 c=0 rs=1 cs=1]
              RenderText {#text} at (2,2) size 42x17
                text run at (2,2) width 42: "foobar"
            RenderTableCell {TD} at (61,74) size 47x22 [border: (1px inset #808080)] [r=3 c=2 rs=1 cs=1]
              RenderText {#text} at (2,2) size 42x17
                text run at (2,2) width 42: "foobar"
            RenderTableCell {TD} at (120,74) size 47x22 [border: (1px inset #808080)] [r=3 c=4 rs=1 cs=1]
              RenderText {#text} at (2,2) size 42x17
                text run at (2,2) width 42: "foobar"
