layer at (0,0) size 800x600
  RenderView at (0,0) size 800x600
layer at (0,0) size 800x600
  RenderBlock {HTML} at (0,0) size 800x600
    RenderBody {BODY} at (8,8) size 784x584
      RenderBlock {P} at (0,0) size 784x18
        RenderText {#text} at (0,0) size 55x17
          text run at (0,0) width 55: "Test for "
        RenderInline {I} at (0,0) size 665x17
          RenderInline {A} at (0,0) size 306x17 [color=#0000EE]
            RenderText {#text} at (54,0) size 306x17
              text run at (54,0) width 306: "http://bugs.webkit.org/show_bug.cgi?id=13670"
          RenderText {#text} at (359,0) size 360x17
            text run at (359,0) width 5: " "
            text run at (363,0) width 356: "Table misrender when one of the TDs has width=100%"
        RenderText {#text} at (718,0) size 5x17
          text run at (718,0) width 5: "."
      RenderBlock {P} at (0,34) size 784x18
        RenderText {#text} at (0,0) size 568x17
          text run at (0,0) width 568: "There should be one green vertical line, 100px long and 2px thick, near the right margin."
      RenderTable {TABLE} at (0,68) size 784x50
        RenderTableSection {TBODY} at (0,0) size 784x50
          RenderTableRow {TR} at (0,0) size 784x50
            RenderTableCell {TD} at (0,25) size 782x0 [r=0 c=0 rs=1 cs=1]
            RenderTableCell {TD} at (782,0) size 2x50 [r=0 c=1 rs=1 cs=1]
              RenderBlock {DIV} at (0,0) size 2x50 [bgcolor=#008000]
      RenderBlock {DIV} at (0,118) size 784x50
        RenderBlock {DIV} at (782,0) size 2x50 [bgcolor=#008000]
