layer at (0,0) size 800x600
  RenderView at (0,0) size 800x600
layer at (0,0) size 800x600
  RenderBlock {HTML} at (0,0) size 800x600
    RenderBody {BODY} at (8,8) size 784x584
      RenderBlock {P} at (0,0) size 784x36
        RenderText {#text} at (0,0) size 218x17
          text run at (0,0) width 218: "This tests for a regression against "
        RenderInline {I} at (0,0) size 780x35
          RenderInline {A} at (0,0) size 355x17 [color=#0000EE]
            RenderText {#text} at (217,0) size 355x17
              text run at (217,0) width 355: "http://bugzilla.opendarwin.org/show_bug.cgi?id=5868"
          RenderText {#text} at (571,0) size 780x35
            text run at (571,0) width 5: " "
            text run at (575,0) width 205: "Crash on HP.com with ToT and"
            text run at (0,18) width 317: "Safari 2.0.2 in khtml::RenderContainer::detach()"
        RenderText {#text} at (316,18) size 5x17
          text run at (316,18) width 5: "."
      RenderBlock {P} at (0,52) size 784x18
        RenderText {#text} at (0,0) size 734x17
          text run at (0,0) width 411: "There should be two 100x100 squares stacked vertically below. "
          text run at (410,0) width 324: "The green square should be above the blue square."
      RenderBlock {HR} at (0,86) size 784x2 [border: (1px inset #000000)]
      RenderTable {TABLE} at (0,96) size 104x204
        RenderTableSection {TBODY} at (0,0) size 104x204
          RenderTableRow (anonymous) at (0,2) size 104x200
            RenderTableCell (anonymous) at (2,2) size 100x200 [r=0 c=0 rs=1 cs=1]
              RenderBlock {TR} at (0,0) size 100x100 [bgcolor=#008000]
              RenderBlock {TR} at (0,100) size 100x100 [bgcolor=#0000FF]
