layer at (0,0) size 800x600
  RenderView at (0,0) size 800x600
layer at (0,0) size 800x600
  RenderBlock {HTML} at (0,0) size 800x600
    RenderBody {BODY} at (8,8) size 784x584
      RenderTable {TABLE} at (0,0) size 242x210 [border: none]
        RenderTableCol {COLGROUP} at (0,0) size 0x0 [border: (1px solid #000000) none (1px solid #000000)]
        RenderTableCol {COLGROUP} at (0,0) size 0x0 [border: (1px solid #000000) none (1px solid #000000)]
        RenderTableSection {TBODY} at (0,0) size 241x209 [border: (1px solid #808080) none (1px solid #808080) none]
          RenderTableRow {TR} at (0,0) size 241x27
            RenderTableCell {TH} at (0,0) size 84x27 [border: (1px none #000000)] [r=0 c=0 rs=1 cs=1]
              RenderText {#text} at (10,5) size 65x17
                text run at (10,5) width 65: "Weekday"
            RenderTableCell {TH} at (84,0) size 46x27 [border: (1px none #000000)] [r=0 c=1 rs=1 cs=1]
              RenderText {#text} at (7,5) size 33x17
                text run at (7,5) width 33: "Date"
            RenderTableCell {TH} at (130,0) size 71x27 [border: (1px none #000000)] [r=0 c=2 rs=1 cs=1]
              RenderText {#text} at (4,5) size 63x17
                text run at (4,5) width 63: "Manager"
            RenderTableCell {TH} at (201,0) size 40x27 [border: (1px none #000000)] [r=0 c=3 rs=1 cs=1]
              RenderText {#text} at (7,5) size 26x17
                text run at (7,5) width 26: "Qty"
          RenderTableRow {TR} at (0,27) size 241x26
            RenderTableCell {TD} at (0,27) size 84x26 [border: none] [r=1 c=0 rs=1 cs=1]
              RenderText {#text} at (5,4) size 54x17
                text run at (5,4) width 54: "Monday"
            RenderTableCell {TD} at (84,27) size 46x26 [border: none] [r=1 c=1 rs=1 cs=1]
              RenderText {#text} at (5,4) size 37x17
                text run at (5,4) width 37: "09/11"
            RenderTableCell {TD} at (130,27) size 71x26 [r=1 c=2 rs=1 cs=1]
              RenderText {#text} at (4,4) size 45x17
                text run at (4,4) width 45: "Kelsey"
            RenderTableCell {TD} at (201,27) size 40x26 [r=1 c=3 rs=1 cs=1]
              RenderText {#text} at (4,4) size 24x17
                text run at (4,4) width 24: "639"
          RenderTableRow {TR} at (0,53) size 241x26
            RenderTableCell {TD} at (0,53) size 84x26 [border: none] [r=2 c=0 rs=1 cs=1]
              RenderText {#text} at (5,4) size 55x17
                text run at (5,4) width 55: "Tuesday"
            RenderTableCell {TD} at (84,53) size 46x26 [border: none] [r=2 c=1 rs=1 cs=1]
              RenderText {#text} at (5,4) size 37x17
                text run at (5,4) width 37: "09/12"
            RenderTableCell {TD} at (130,53) size 71x26 [r=2 c=2 rs=1 cs=1]
              RenderText {#text} at (4,4) size 52x17
                text run at (4,4) width 52: "Lindsey"
            RenderTableCell {TD} at (201,53) size 40x26 [r=2 c=3 rs=1 cs=1]
              RenderText {#text} at (4,4) size 24x17
                text run at (4,4) width 24: "596"
          RenderTableRow {TR} at (0,79) size 241x26
            RenderTableCell {TD} at (0,79) size 84x26 [border: none] [r=3 c=0 rs=1 cs=1]
              RenderText {#text} at (5,4) size 75x17
                text run at (5,4) width 75: "Wednesday"
            RenderTableCell {TD} at (84,79) size 46x26 [border: none] [r=3 c=1 rs=1 cs=1]
              RenderText {#text} at (5,4) size 37x17
                text run at (5,4) width 37: "09/13"
            RenderTableCell {TD} at (130,79) size 71x26 [r=3 c=2 rs=1 cs=1]
              RenderText {#text} at (4,4) size 42x17
                text run at (4,4) width 42: "Randy"
            RenderTableCell {TD} at (201,79) size 40x26 [r=3 c=3 rs=1 cs=1]
              RenderText {#text} at (4,4) size 32x17
                text run at (4,4) width 32: "1135"
          RenderTableRow {TR} at (0,105) size 241x26
            RenderTableCell {TD} at (0,105) size 84x26 [border: none] [r=4 c=0 rs=1 cs=1]
              RenderText {#text} at (5,4) size 61x17
                text run at (5,4) width 61: "Thursday"
            RenderTableCell {TD} at (84,105) size 46x26 [border: none] [r=4 c=1 rs=1 cs=1]
              RenderText {#text} at (5,4) size 37x17
                text run at (5,4) width 37: "09/14"
            RenderTableCell {TD} at (130,105) size 71x26 [r=4 c=2 rs=1 cs=1]
              RenderText {#text} at (4,4) size 39x17
                text run at (4,4) width 39: "Susan"
            RenderTableCell {TD} at (201,105) size 40x26 [r=4 c=3 rs=1 cs=1]
              RenderText {#text} at (4,4) size 32x17
                text run at (4,4) width 32: "1002"
          RenderTableRow {TR} at (0,131) size 241x26
            RenderTableCell {TD} at (0,131) size 84x26 [border: none] [r=5 c=0 rs=1 cs=1]
              RenderText {#text} at (5,4) size 42x17
                text run at (5,4) width 42: "Friday"
            RenderTableCell {TD} at (84,131) size 46x26 [border: none] [r=5 c=1 rs=1 cs=1]
              RenderText {#text} at (5,4) size 37x17
                text run at (5,4) width 37: "09/15"
            RenderTableCell {TD} at (130,131) size 71x26 [r=5 c=2 rs=1 cs=1]
              RenderText {#text} at (4,4) size 42x17
                text run at (4,4) width 42: "Randy"
            RenderTableCell {TD} at (201,131) size 40x26 [r=5 c=3 rs=1 cs=1]
              RenderText {#text} at (4,4) size 24x17
                text run at (4,4) width 24: "908"
          RenderTableRow {TR} at (0,157) size 241x26
            RenderTableCell {TD} at (0,157) size 84x26 [border: none] [r=6 c=0 rs=1 cs=1]
              RenderText {#text} at (5,4) size 57x17
                text run at (5,4) width 57: "Saturday"
            RenderTableCell {TD} at (84,157) size 46x26 [border: none] [r=6 c=1 rs=1 cs=1]
              RenderText {#text} at (5,4) size 37x17
                text run at (5,4) width 37: "09/16"
            RenderTableCell {TD} at (130,157) size 71x26 [r=6 c=2 rs=1 cs=1]
              RenderText {#text} at (4,4) size 52x17
                text run at (4,4) width 52: "Lindsey"
            RenderTableCell {TD} at (201,157) size 40x26 [r=6 c=3 rs=1 cs=1]
              RenderText {#text} at (4,4) size 24x17
                text run at (4,4) width 24: "371"
          RenderTableRow {TR} at (0,183) size 241x26
            RenderTableCell {TD} at (0,183) size 84x26 [border: none] [r=7 c=0 rs=1 cs=1]
              RenderText {#text} at (5,4) size 48x17
                text run at (5,4) width 48: "Sunday"
            RenderTableCell {TD} at (84,183) size 46x26 [border: none] [r=7 c=1 rs=1 cs=1]
              RenderText {#text} at (5,4) size 37x17
                text run at (5,4) width 37: "09/17"
            RenderTableCell {TD} at (130,183) size 71x26 [r=7 c=2 rs=1 cs=1]
              RenderText {#text} at (4,4) size 39x17
                text run at (4,4) width 39: "Susan"
            RenderTableCell {TD} at (201,183) size 40x26 [r=7 c=3 rs=1 cs=1]
              RenderText {#text} at (4,4) size 24x17
                text run at (4,4) width 24: "272"
