layer at (0,0) size 800x600
  RenderView at (0,0) size 800x600
layer at (0,0) size 800x600
  RenderBlock {HTML} at (0,0) size 800x600
    RenderBody {BODY} at (8,8) size 784x576
      RenderBlock {P} at (0,0) size 784x18
        RenderText {#text} at (0,0) size 55x17
          text run at (0,0) width 55: "Test for "
        RenderInline {I} at (0,0) size 670x17
          RenderInline {A} at (0,0) size 354x17 [color=#0000EE]
            RenderText {#text} at (54,0) size 354x17
              text run at (54,0) width 354: "http://bugzilla.opendarwin.org/show_bug.cgi?id=9009"
          RenderText {#text} at (407,0) size 317x17
            text run at (407,0) width 5: " "
            text run at (411,0) width 313: "REGRESSION: ToT crash in WebCore at Zap2it"
        RenderText {#text} at (723,0) size 5x17
          text run at (723,0) width 5: "."
      RenderBlock {P} at (0,34) size 784x18
        RenderText {#text} at (0,0) size 149x17
          text run at (0,0) width 149: "No crash means PASS."
layer at (8,-6) size 100x7 backgroundClip at (0,0) size 800x600 clip at (0,0) size 800x600 outlineClip at (0,0) size 800x600
  RenderTable {TABLE} at (8,-6) size 100x7 [border: (5px solid #000000) none]
    RenderTableSection {TBODY} at (0,5) size 100x0
    RenderTableSection {TBODY} at (0,5) size 100x2
      RenderTableRow {TR} at (0,0) size 100x2
        RenderTableCell {TD} at (0,0) size 100x2 [r=0 c=0 rs=1 cs=1]
