layer at (0,0) size 784x783
  RenderView at (0,0) size 784x600
layer at (0,0) size 784x783
  RenderBlock {HTML} at (0,0) size 784x783
    RenderBody {BODY} at (0,0) size 784x783
      RenderTable {TABLE} at (0,0) size 784x29 [border: (2px solid #000000)]
        RenderTableSection {TBODY} at (2,2) size 780x25
          RenderTableRow {TR} at (0,0) size 780x25
            RenderTableCell {TD} at (0,12) size 0x0 [r=0 c=0 rs=1 cs=1]
            RenderTableCell {TD} at (0,3) size 780x18 [bgcolor=#FF0000] [r=0 c=1 rs=1 cs=1]
              RenderText {#text} at (0,0) size 225x17
                text run at (0,0) width 225: "First cell empty, second auto width"
      RenderTable {TABLE} at (0,29) size 784x29 [border: (2px solid #000000)]
        RenderTableSection {TBODY} at (2,2) size 780x25
          RenderTableRow {TR} at (0,0) size 780x25
            RenderTableCell {TD} at (0,12) size 0x0 [r=0 c=0 rs=1 cs=1]
            RenderTableCell {TD} at (0,3) size 780x18 [bgcolor=#FF0000] [r=0 c=1 rs=1 cs=1]
              RenderText {#text} at (0,0) size 245x17
                text run at (0,0) width 245: "First cell empty, second percent width"
      RenderTable {TABLE} at (0,58) size 784x29 [border: (2px solid #000000)]
        RenderTableSection {TBODY} at (2,2) size 780x25
          RenderTableRow {TR} at (0,0) size 780x25
            RenderTableCell {TD} at (0,12) size 0x0 [r=0 c=0 rs=1 cs=1]
            RenderTableCell {TD} at (0,3) size 780x18 [bgcolor=#FF0000] [r=0 c=1 rs=1 cs=1]
              RenderText {#text} at (0,0) size 231x17
                text run at (0,0) width 231: "First cell empty, second fixed width"
      RenderTable {TABLE} at (0,87) size 784x29 [border: (2px solid #000000)]
        RenderTableSection {TBODY} at (2,2) size 780x25
          RenderTableRow {TR} at (0,0) size 780x25
            RenderTableCell {TD} at (0,3) size 390x18 [r=0 c=0 rs=1 cs=1]
              RenderText {#text} at (0,0) size 4x17
                text run at (0,0) width 4: " "
            RenderTableCell {TD} at (390,3) size 390x18 [bgcolor=#FF0000] [r=0 c=1 rs=1 cs=1]
              RenderText {#text} at (0,0) size 341x17
                text run at (0,0) width 341: "First cell empty (with space) and has white-space:pre"
      RenderTable {TABLE} at (0,116) size 784x29 [border: (2px solid #000000)]
        RenderTableSection {TBODY} at (2,2) size 780x25
          RenderTableRow {TR} at (0,0) size 780x25
            RenderTableCell {TD} at (0,12) size 0x0 [r=0 c=0 rs=1 cs=1]
            RenderTableCell {TD} at (0,3) size 780x18 [bgcolor=#FF0000] [r=0 c=1 rs=1 cs=1]
              RenderText {#text} at (0,0) size 329x17
                text run at (0,0) width 329: "First cell empty (no space) and has white-space:pre"
      RenderTable {TABLE} at (0,145) size 784x29 [border: (2px solid #000000)]
        RenderTableSection {TBODY} at (2,2) size 780x25
          RenderTableRow {TR} at (0,0) size 780x25
            RenderTableCell {TD} at (0,10) size 390x4 [border: (2px solid #008000)] [r=0 c=0 rs=1 cs=1]
            RenderTableCell {TD} at (390,3) size 390x18 [bgcolor=#FF0000] [r=0 c=1 rs=1 cs=1]
              RenderText {#text} at (0,0) size 196x17
                text run at (0,0) width 196: "First cell empty but has border"
      RenderTable {TABLE} at (0,174) size 784x29 [border: (2px solid #000000)]
        RenderTableSection {TBODY} at (2,2) size 780x25
          RenderTableRow {TR} at (0,0) size 780x25
            RenderTableCell {TD} at (0,10) size 390x4 [r=0 c=0 rs=1 cs=1]
            RenderTableCell {TD} at (390,3) size 390x18 [bgcolor=#FF0000] [r=0 c=1 rs=1 cs=1]
              RenderText {#text} at (0,0) size 206x17
                text run at (0,0) width 206: "First cell empty but has padding"
      RenderTable {TABLE} at (0,203) size 784x29 [border: (2px solid #000000)]
        RenderTableSection {TBODY} at (2,2) size 780x25
          RenderTableRow {TR} at (0,0) size 780x25
            RenderTableCell {TD} at (0,11) size 390x2 [r=0 c=0 rs=1 cs=1]
            RenderTableCell {TD} at (390,2) size 390x20 [bgcolor=#FF0000] [r=0 c=1 rs=1 cs=1]
              RenderText {#text} at (1,1) size 244x17
                text run at (1,1) width 244: "First cell empty, table has cellpadding"
      RenderTable {TABLE} at (0,232) size 784x31 [border: (2px solid #000000)]
        RenderTableSection {TBODY} at (2,2) size 780x27
          RenderTableRow {TR} at (0,1) size 780x25
            RenderTableCell {TD} at (1,13) size 0x0 [r=0 c=0 rs=1 cs=1]
            RenderTableCell {TD} at (2,4) size 777x18 [bgcolor=#FF0000] [r=0 c=1 rs=1 cs=1]
              RenderText {#text} at (0,0) size 241x17
                text run at (0,0) width 241: "First cell empty, table has cellspacing"
      RenderTable {TABLE} at (0,263) size 784x29 [border: (2px solid #000000)]
        RenderTableSection {TBODY} at (2,2) size 780x25
          RenderTableRow {TR} at (0,0) size 780x25
            RenderTableCell {TD} at (0,12) size 0x0 [r=0 c=0 rs=1 cs=1]
            RenderTableCell {TD} at (0,3) size 780x18 [bgcolor=#FF0000] [r=0 c=1 rs=1 cs=1]
              RenderText {#text} at (0,0) size 200x17
                text run at (0,0) width 200: "First cell empty but has margin"
      RenderTable {TABLE} at (0,292) size 784x29 [border: (2px solid #000000)]
        RenderTableSection {TBODY} at (2,2) size 780x25
          RenderTableRow {TR} at (0,0) size 780x25
            RenderTableCell {TD} at (0,12) size 0x0 [bgcolor=#FFFF00] [r=0 c=0 rs=1 cs=1]
            RenderTableCell {TD} at (0,3) size 780x18 [bgcolor=#FF0000] [r=0 c=1 rs=1 cs=1]
              RenderText {#text} at (0,0) size 267x17
                text run at (0,0) width 267: "First cell empty but has background color"
      RenderTable {TABLE} at (0,321) size 784x54 [border: (2px solid #000000)]
        RenderTableSection {TBODY} at (2,2) size 780x50
          RenderTableRow {TR} at (0,0) size 780x25
            RenderTableCell {TD} at (0,12) size 390x0 [r=0 c=0 rs=1 cs=1]
            RenderTableCell {TD} at (390,3) size 390x18 [bgcolor=#FF0000] [r=0 c=1 rs=1 cs=1]
              RenderText {#text} at (0,0) size 164x17
                text run at (0,0) width 164: "First row, first cell empty"
          RenderTableRow {TR} at (0,25) size 780x25
            RenderTableCell {TD} at (0,28) size 390x18 [r=1 c=0 rs=1 cs=1]
              RenderText {#text} at (0,0) size 24x17
                text run at (0,0) width 24: "text"
            RenderTableCell {TD} at (390,28) size 390x18 [bgcolor=#FF0000] [r=1 c=1 rs=1 cs=1]
              RenderText {#text} at (0,0) size 206x17
                text run at (0,0) width 206: "Second row, first cell not empty"
      RenderTable {TABLE} at (0,375) size 784x54 [border: (2px solid #000000)]
        RenderTableSection {TBODY} at (2,2) size 780x50
          RenderTableRow {TR} at (0,0) size 780x25
            RenderTableCell {TD} at (0,12) size 0x0 [r=0 c=0 rs=1 cs=1]
            RenderTableCell {TD} at (0,3) size 780x18 [bgcolor=#FF0000] [r=0 c=1 rs=1 cs=1]
              RenderText {#text} at (0,0) size 164x17
                text run at (0,0) width 164: "First row, first cell empty"
          RenderTableRow {TR} at (0,25) size 780x25
            RenderTableCell {TD} at (0,37) size 0x0 [r=1 c=0 rs=1 cs=1]
            RenderTableCell {TD} at (0,28) size 780x18 [bgcolor=#FF0000] [r=1 c=1 rs=1 cs=1]
              RenderText {#text} at (0,0) size 181x17
                text run at (0,0) width 181: "Second row, first cell empty"
      RenderTable {TABLE} at (0,429) size 784x29 [border: (2px solid #000000)]
        RenderTableSection {TBODY} at (2,2) size 780x25
          RenderTableRow {TR} at (0,0) size 780x25
            RenderTableCell {TD} at (0,12) size 390x0 [r=0 c=0 rs=1 cs=2]
            RenderTableCell {TD} at (390,3) size 390x18 [bgcolor=#FF0000] [r=0 c=2 rs=1 cs=1]
              RenderText {#text} at (0,0) size 183x17
                text run at (0,0) width 183: "First cell empty, has colspan"
      RenderTable {TABLE} at (0,458) size 784x54 [border: (2px solid #000000)]
        RenderTableSection {TBODY} at (2,2) size 780x50
          RenderTableRow {TR} at (0,0) size 780x25
            RenderTableCell {TD} at (0,12) size 0x0 [r=0 c=0 rs=1 cs=1]
            RenderTableCell {TD} at (0,3) size 390x18 [bgcolor=#FF0000] [r=0 c=1 rs=1 cs=1]
              RenderText {#text} at (0,0) size 24x17
                text run at (0,0) width 24: "text"
            RenderTableCell {TD} at (390,3) size 390x18 [bgcolor=#FF0000] [r=0 c=2 rs=1 cs=1]
              RenderText {#text} at (0,0) size 316x17
                text run at (0,0) width 316: "First row, first cell empty, second cell non-empty"
          RenderTableRow {TR} at (0,25) size 780x25
            RenderTableCell {TD} at (0,37) size 390x0 [r=1 c=0 rs=1 cs=2]
            RenderTableCell {TD} at (390,28) size 390x18 [bgcolor=#FF0000] [r=1 c=2 rs=1 cs=1]
              RenderText {#text} at (0,0) size 284x17
                text run at (0,0) width 284: "Second row, first cell empty with colspan=2"
      RenderTable {TABLE} at (0,512) size 784x54 [border: (2px solid #000000)]
        RenderTableSection {TBODY} at (2,2) size 780x50
          RenderTableRow {TR} at (0,0) size 780x25
            RenderTableCell {TD} at (0,3) size 390x18 [bgcolor=#FF0000] [r=0 c=0 rs=1 cs=1]
              RenderText {#text} at (0,0) size 24x17
                text run at (0,0) width 24: "text"
            RenderTableCell {TD} at (390,12) size 0x0 [r=0 c=1 rs=1 cs=1]
            RenderTableCell {TD} at (390,3) size 390x18 [bgcolor=#FF0000] [r=0 c=2 rs=1 cs=1]
              RenderText {#text} at (0,0) size 316x17
                text run at (0,0) width 316: "First row, first cell non-empty, second cell empty"
          RenderTableRow {TR} at (0,25) size 780x25
            RenderTableCell {TD} at (0,37) size 390x0 [r=1 c=0 rs=1 cs=2]
            RenderTableCell {TD} at (390,28) size 390x18 [bgcolor=#FF0000] [r=1 c=2 rs=1 cs=1]
              RenderText {#text} at (0,0) size 284x17
                text run at (0,0) width 284: "Second row, first cell empty with colspan=2"
      RenderTable {TABLE} at (0,566) size 784x54 [border: (2px solid #000000)]
        RenderTableSection {TBODY} at (2,2) size 780x50
          RenderTableRow {TR} at (0,0) size 780x25
            RenderTableCell {TD} at (0,12) size 195x0 [r=0 c=0 rs=1 cs=1]
            RenderTableCell {TD} at (195,12) size 195x0 [r=0 c=1 rs=1 cs=1]
            RenderTableCell {TD} at (390,3) size 390x18 [bgcolor=#FF0000] [r=0 c=2 rs=1 cs=1]
              RenderText {#text} at (0,0) size 239x17
                text run at (0,0) width 239: "First row, first and second cell empty"
          RenderTableRow {TR} at (0,25) size 780x25
            RenderTableCell {TD} at (0,37) size 390x0 [r=1 c=0 rs=1 cs=2]
            RenderTableCell {TD} at (390,28) size 390x18 [bgcolor=#FF0000] [r=1 c=2 rs=1 cs=1]
              RenderText {#text} at (0,0) size 281x17
                text run at (0,0) width 281: "Second row, first cell empty, has colspan=2"
      RenderTable {TABLE} at (0,620) size 784x65 [border: (2px solid #000000)]
        RenderTableSection {TBODY} at (2,2) size 780x61
          RenderTableRow {TR} at (0,0) size 780x25
            RenderTableCell {TD} at (0,12) size 195x0 [r=0 c=0 rs=1 cs=1]
            RenderTableCell {TD} at (195,12) size 195x0 [r=0 c=1 rs=1 cs=1]
            RenderTableCell {TD} at (390,3) size 390x18 [bgcolor=#FF0000] [r=0 c=2 rs=1 cs=1]
              RenderText {#text} at (0,0) size 239x17
                text run at (0,0) width 239: "First row, first and second cell empty"
          RenderTableRow {TR} at (0,25) size 780x36
            RenderTableCell {TD} at (0,43) size 390x0 [r=1 c=0 rs=1 cs=2]
            RenderTableCell {TD} at (390,25) size 390x36 [bgcolor=#FF0000] [r=1 c=2 rs=1 cs=1]
              RenderText {#text} at (0,0) size 359x35
                text run at (0,0) width 359: "Second row, first cell empty, has colspan=2 and percent"
                text run at (0,18) width 37: "width"
      RenderTable {TABLE} at (0,685) size 784x54 [border: (2px solid #000000)]
        RenderTableSection {TBODY} at (2,2) size 780x50
          RenderTableRow {TR} at (0,0) size 780x25
            RenderTableCell {TD} at (0,12) size 195x0 [r=0 c=0 rs=1 cs=1]
            RenderTableCell {TD} at (195,12) size 195x0 [r=0 c=1 rs=1 cs=1]
            RenderTableCell {TD} at (390,3) size 390x18 [bgcolor=#FF0000] [r=0 c=2 rs=1 cs=1]
              RenderText {#text} at (0,0) size 239x17
                text run at (0,0) width 239: "First row, first and second cell empty"
          RenderTableRow {TR} at (0,25) size 780x25
            RenderTableCell {TD} at (0,37) size 390x0 [r=1 c=0 rs=1 cs=2]
            RenderTableCell {TD} at (390,28) size 390x18 [bgcolor=#FF0000] [r=1 c=2 rs=1 cs=1]
              RenderText {#text} at (0,0) size 385x17
                text run at (0,0) width 385: "Second row, first cell empty, has colspan=2 and fixed width"
      RenderBlock (anonymous) at (0,739) size 784x18
        RenderText {#text} at (0,0) size 103x17
          text run at (0,0) width 103: "One empty cell:"
      RenderTable {TABLE} at (0,757) size 784x4 [border: (2px solid #000000)]
        RenderTableSection {TBODY} at (2,2) size 780x0
          RenderTableRow {TR} at (0,0) size 780x0
            RenderTableCell {TD} at (0,0) size 0x0 [r=0 c=0 rs=1 cs=1]
      RenderBlock (anonymous) at (0,761) size 784x18
        RenderText {#text} at (0,0) size 112x17
          text run at (0,0) width 112: "Two empty cells:"
      RenderTable {TABLE} at (0,779) size 784x4 [border: (2px solid #000000)]
        RenderTableSection {TBODY} at (2,2) size 780x0
          RenderTableRow {TR} at (0,0) size 780x0
            RenderTableCell {TD} at (0,0) size 0x0 [r=0 c=0 rs=1 cs=1]
            RenderTableCell {TD} at (0,0) size 0x0 [r=0 c=1 rs=1 cs=1]
