layer at (0,0) size 800x600
  RenderView at (0,0) size 800x600
layer at (0,0) size 800x600
  RenderBlock {HTML} at (0,0) size 800x600
    RenderBody {BODY} at (8,8) size 784x584
      RenderBlock {P} at (0,0) size 784x18
        RenderText {#text} at (0,0) size 384x17
          text run at (0,0) width 384: "This page has a few form elements on it with various styles."
      RenderBlock {P} at (0,34) size 784x18
        RenderText {#text} at (0,0) size 584x17
          text run at (0,0) width 584: "In older versions of WebKit, the table styles would cause infinite recursion and hangs. See "
        RenderInline {A} at (0,0) size 116x17 [color=#0000EE]
          RenderText {#text} at (583,0) size 116x17
            text run at (583,0) width 116: "bugzilla bug 5731"
        RenderText {#text} at (698,0) size 5x17
          text run at (698,0) width 5: "."
      RenderBlock {DIV} at (0,68) size 784x18
        RenderInline {FORM} at (0,0) size 92x17
          RenderText {#text} at (0,0) size 92x17
            text run at (0,0) width 92: "display: inline"
      RenderBlock {DIV} at (0,86) size 784x18
        RenderBlock {FORM} at (0,0) size 784x18
          RenderText {#text} at (0,0) size 91x17
            text run at (0,0) width 91: "display: block"
      RenderBlock {DIV} at (0,120) size 784x18
        RenderListItem {FORM} at (0,0) size 784x18
          RenderListMarker at (-17,0) size 7x17: bullet
          RenderText {#text} at (0,0) size 108x17
            text run at (0,0) width 108: "display: list-item"
      RenderBlock {DIV} at (0,154) size 784x18
        RenderBlock (run-in) {FORM} at (0,0) size 784x18
          RenderText {#text} at (0,0) size 94x17
            text run at (0,0) width 94: "display: run-in"
      RenderBlock {DIV} at (0,188) size 784x18
        RenderBlock {FORM} at (0,0) size 784x18
          RenderText {#text} at (0,0) size 109x17
            text run at (0,0) width 109: "display: compact"
      RenderBlock {DIV} at (0,222) size 784x34
        RenderBlock {FORM} at (0,0) size 132x18
          RenderText {#text} at (0,0) size 132x17
            text run at (0,0) width 132: "display: inline-block"
      RenderBlock {DIV} at (0,256) size 784x18
        RenderTable {FORM} at (0,0) size 86x18
          RenderTableSection (anonymous) at (0,0) size 86x18
            RenderTableRow (anonymous) at (0,0) size 86x18
              RenderTableCell (anonymous) at (0,0) size 86x18 [r=0 c=0 rs=1 cs=1]
                RenderText {#text} at (0,0) size 86x17
                  text run at (0,0) width 86: "display: table"
      RenderBlock {DIV} at (0,290) size 784x34
        RenderTable {FORM} at (0,0) size 128x18
          RenderTableSection (anonymous) at (0,0) size 128x18
            RenderTableRow (anonymous) at (0,0) size 128x18
              RenderTableCell (anonymous) at (0,0) size 128x18 [r=0 c=0 rs=1 cs=1]
                RenderText {#text} at (0,0) size 128x17
                  text run at (0,0) width 128: "display: inline-table"
      RenderBlock {DIV} at (0,324) size 784x18
        RenderTable at (0,0) size 159x18
          RenderTableSection {FORM} at (0,0) size 159x18
            RenderTableRow (anonymous) at (0,0) size 159x18
              RenderTableCell (anonymous) at (0,0) size 159x18 [r=0 c=0 rs=1 cs=1]
                RenderText {#text} at (0,0) size 159x17
                  text run at (0,0) width 159: "display: table-row-group"
      RenderBlock {DIV} at (0,342) size 784x18
        RenderTable at (0,0) size 177x18
          RenderTableSection {FORM} at (0,0) size 177x18
            RenderTableRow (anonymous) at (0,0) size 177x18
              RenderTableCell (anonymous) at (0,0) size 177x18 [r=0 c=0 rs=1 cs=1]
                RenderText {#text} at (0,0) size 177x17
                  text run at (0,0) width 177: "display: table-header-group"
      RenderBlock {DIV} at (0,360) size 784x18
        RenderTable at (0,0) size 172x18
          RenderTableSection {FORM} at (0,0) size 172x18
            RenderTableRow (anonymous) at (0,0) size 172x18
              RenderTableCell (anonymous) at (0,0) size 172x18 [r=0 c=0 rs=1 cs=1]
                RenderText {#text} at (0,0) size 172x17
                  text run at (0,0) width 172: "display: table-footer-group"
      RenderBlock {DIV} at (0,378) size 784x18
        RenderTable at (0,0) size 116x18
          RenderTableSection (anonymous) at (0,0) size 116x18
            RenderTableRow {FORM} at (0,0) size 116x18
              RenderTableCell (anonymous) at (0,0) size 116x18 [r=0 c=0 rs=1 cs=1]
                RenderText {#text} at (0,0) size 116x17
                  text run at (0,0) width 116: "display: table-row"
      RenderBlock {DIV} at (0,396) size 784x0
        RenderTable at (0,0) size 0x0
          RenderTableCol {FORM} at (0,0) size 0x0
      RenderBlock {DIV} at (0,396) size 784x0
        RenderTableCol {FORM} at (0,0) size 0x0
      RenderBlock {DIV} at (0,412) size 784x18
        RenderTable at (0,0) size 115x18
          RenderTableSection (anonymous) at (0,0) size 115x18
            RenderTableRow (anonymous) at (0,0) size 115x18
              RenderTableCell {FORM} at (0,0) size 115x18 [r=0 c=0 rs=1 cs=1]
                RenderText {#text} at (0,0) size 115x17
                  text run at (0,0) width 115: "display: table-cell"
      RenderBlock {DIV} at (0,430) size 784x70
        RenderTable at (0,0) size 51x70
          RenderBlock {FORM} at (0,0) size 51x54
            RenderText {#text} at (0,0) size 51x53
              text run at (0,0) width 51: "display:"
              text run at (0,18) width 37: "table-"
              text run at (0,36) width 48: "caption"
