layer at (0,0) size 800x600
  RenderView at (0,0) size 800x600
layer at (0,0) size 800x600
  RenderBlock {HTML} at (0,0) size 800x600
    RenderBody {BODY} at (8,8) size 784x584
      RenderBlock {P} at (0,0) size 784x18
        RenderText {#text} at (0,0) size 55x17
          text run at (0,0) width 55: "Test for "
        RenderInline {I} at (0,0) size 713x17
          RenderInline {A} at (0,0) size 306x17 [color=#0000EE]
            RenderText {#text} at (54,0) size 306x17
              text run at (54,0) width 306: "http://bugs.webkit.org/show_bug.cgi?id=12373"
          RenderText {#text} at (359,0) size 408x17
            text run at (359,0) width 5: " "
            text run at (363,0) width 404: "ASSERTION FAILURE: !child->needsLayout() on paypal.com"
        RenderText {#text} at (766,0) size 5x17
          text run at (766,0) width 5: "."
      RenderBlock {P} at (0,34) size 784x18
        RenderText {#text} at (0,0) size 178x17
          text run at (0,0) width 178: "No assert means test PASS."
      RenderTable {TABLE} at (0,68) size 2x0
      RenderTable {TABLE} at (0,68) size 2x2
        RenderTableSection {TBODY} at (0,0) size 2x2
      RenderTable {TABLE} at (0,70) size 5x4
        RenderTableSection {THEAD} at (0,0) size 5x4
          RenderTableRow (anonymous) at (0,2) size 5x0
            RenderTableCell (anonymous) at (2,2) size 1x0 [r=0 c=0 rs=1 cs=1]
              RenderInline {FORM} at (0,0) size 0x0
      RenderTable {TABLE} at (0,74) size 5x4
        RenderTableSection {TFOOT} at (0,0) size 5x4
          RenderTableRow (anonymous) at (0,2) size 5x0
            RenderTableCell (anonymous) at (2,2) size 1x0 [r=0 c=0 rs=1 cs=1]
              RenderInline {FORM} at (0,0) size 0x0
      RenderTable {TABLE} at (0,78) size 2x4
        RenderTableSection {TBODY} at (0,0) size 2x4
          RenderTableRow {TR} at (0,2) size 2x0
