layer at (0,0) size 800x600
  RenderView at (0,0) size 800x600
layer at (0,0) size 800x302
  RenderBlock {html} at (0,0) size 800x302
    RenderBody {body} at (8,8) size 784x286
      RenderTable {table} at (0,0) size 126x286
        RenderTableSection (anonymous) at (0,156) size 126x4
          RenderTableRow (anonymous) at (0,2) size 126x0
            RenderTableCell (anonymous) at (2,2) size 122x0 [r=0 c=0 rs=1 cs=1]
        RenderBlock {caption} at (0,38) size 126x38
          RenderText {#text} at (15,0) size 96x38
            text run at (15,0) width 96: "PASS: Normal"
            text run at (38,19) width 50: "Caption"
        RenderTableSection {thead} at (0,133) size 126x23
          RenderTableRow (anonymous) at (0,2) size 126x19
            RenderTableCell (anonymous) at (2,2) size 122x19 [r=0 c=0 rs=1 cs=1]
              RenderText {#text} at (0,0) size 67x19
                text run at (0,0) width 67: "HEADER"
        RenderTableSection {tbody} at (0,160) size 126x42
          RenderTableRow (anonymous) at (0,2) size 126x38
            RenderTableCell (anonymous) at (2,2) size 122x38 [r=0 c=0 rs=1 cs=1]
              RenderBR {br} at (0,0) size 0x19
              RenderText {#text} at (0,19) size 122x19
                text run at (0,19) width 122: "Some body content"
              RenderBR {br} at (122,19) size 0x19
        RenderTableSection {tfoot} at (0,206) size 126x23
          RenderTableRow (anonymous) at (0,2) size 126x19
            RenderTableCell (anonymous) at (2,2) size 122x19 [r=0 c=0 rs=1 cs=1]
              RenderText {#text} at (0,0) size 64x19
                text run at (0,0) width 64: "FOOTER"
        RenderTableSection (anonymous) at (0,202) size 126x4
          RenderTableRow (anonymous) at (0,2) size 126x0
            RenderTableCell (anonymous) at (2,2) size 122x0 [r=0 c=0 rs=1 cs=1]
        RenderBlock {caption} at (0,76) size 126x57
          RenderText {#text} at (0,0) size 0x0
        RenderBlock {caption} at (0,133) size 126x0
layer at (8,237) size 126x57
  RenderBlock {caption} at (0,229) size 126x57
    RenderText {#text} at (25,0) size 116x57
      text run at (25,0) width 76: "PASS: First"
      text run at (5,19) width 116: "Caption aligned to"
      text run at (29,38) width 68: "the bottom"
layer at (10,166) size 230x19
  RenderBlock (positioned) {caption} at (10,166) size 230x19
    RenderText {#text} at (0,0) size 230x19
      text run at (0,0) width 230: "PASS: Caption with a fixed position"
layer at (8,8) size 126x38
  RenderBlock {caption} at (0,0) size 126x38
    RenderText {#text} at (14,0) size 102x38
      text run at (14,0) width 98: "PASS: Caption"
      text run at (12,19) width 102: "with opacity 0.7"
layer at (10,212) size 331x19
  RenderBlock (positioned) {caption} at (10,212) size 331x19
    RenderText {#text} at (0,0) size 331x19
      text run at (0,0) width 331: "PASS: Caption with a fixed position and opacity 0.6"
layer at (8,84) size 118x57
  RenderInline {a} at (0,0) size 118x57
    RenderText {#text} at (14,0) size 118x57
      text run at (14,0) width 98: "PASS: Caption"
      text run at (4,19) width 118: "with opacity 0.5 in"
      text run at (14,38) width 98: "one of its child."
layer at (71,141) size 443x19
  RenderBlock (positioned) {a} at (71,141) size 443x19
    RenderText {#text} at (0,0) size 443x19
      text run at (0,0) width 443: "PASS: Caption with opacity 0.4 and fixed position of one of the child."
