layer at (0,0) size 800x600
  RenderView at (0,0) size 800x600
layer at (0,0) size 800x600
  RenderBlock {HTML} at (0,0) size 800x600
    RenderBody {BODY} at (8,8) size 784x584
      RenderBlock {H3} at (0,0) size 784x22
        RenderText {#text} at (0,0) size 246x21
          text run at (0,0) width 246: "Small Percentage Heights Bug"
      RenderBlock {P} at (0,40) size 784x36
        RenderText {#text} at (0,0) size 763x35
          text run at (0,0) width 410: "In the example below, all eight cells should be the same height. "
          text run at (409,0) width 354: "It appears that any percentage heights cause cells to fill"
          text run at (0,18) width 148: "the entire table height. "
          text run at (147,18) width 546: "Note how cell 8 is correct but 2-7 are not, despite the cells all specifying height:30%."
      RenderTable {TABLE} at (0,92) size 784x96 [border: (1px outset #808080)]
        RenderTableSection {TBODY} at (1,1) size 782x94
          RenderTableRow {TR} at (0,0) size 782x94
            RenderTableCell {TD} at (0,0) size 474x94 [bgcolor=#FFFF00] [border: (1px inset #808080)] [r=0 c=0 rs=1 cs=1]
              RenderText {#text} at (191,11) size 92x17
                text run at (191,11) width 92: "Table Data #1"
              RenderBR {BR} at (282,25) size 1x0
              RenderText {#text} at (202,29) size 70x17
                text run at (202,29) width 70: "Other cells"
              RenderBR {BR} at (271,43) size 1x0
              RenderText {#text} at (172,47) size 130x17
                text run at (172,47) width 130: "should be the height"
              RenderBR {BR} at (301,61) size 1x0
              RenderText {#text} at (203,65) size 68x17
                text run at (203,65) width 68: "of this cell"
            RenderTableCell {TD} at (474,18) size 44x58 [bgcolor=#006000] [border: (1px inset #808080)] [r=0 c=1 rs=1 cs=1]
              RenderText {#text} at (11,11) size 22x35
                text run at (11,11) width 22: "TD"
                text run at (14,29) width 16: "#2"
            RenderTableCell {TD} at (518,18) size 44x58 [bgcolor=#00FFFF] [border: (1px inset #808080)] [r=0 c=2 rs=1 cs=1]
              RenderText {#text} at (11,11) size 22x35
                text run at (11,11) width 22: "TD"
                text run at (14,29) width 16: "#3"
            RenderTableCell {TD} at (562,18) size 44x58 [bgcolor=#0000FF] [border: (1px inset #808080)] [r=0 c=3 rs=1 cs=1]
              RenderText {#text} at (11,11) size 22x35
                text run at (11,11) width 22: "TD"
                text run at (14,29) width 16: "#4"
            RenderTableCell {TD} at (606,18) size 44x58 [bgcolor=#008000] [border: (1px inset #808080)] [r=0 c=4 rs=1 cs=1]
              RenderText {#text} at (11,11) size 22x35
                text run at (11,11) width 22: "TD"
                text run at (14,29) width 16: "#5"
            RenderTableCell {TD} at (650,18) size 44x58 [bgcolor=#000080] [border: (1px inset #808080)] [r=0 c=5 rs=1 cs=1]
              RenderText {#text} at (11,11) size 22x35
                text run at (11,11) width 22: "TD"
                text run at (14,29) width 16: "#6"
            RenderTableCell {TD} at (694,18) size 44x58 [bgcolor=#CACACA] [border: (1px inset #808080)] [r=0 c=6 rs=1 cs=1]
              RenderText {#text} at (11,11) size 22x35
                text run at (11,11) width 22: "TD"
                text run at (14,29) width 16: "#7"
            RenderTableCell {TD} at (738,18) size 44x58 [bgcolor=#000000] [border: (1px inset #808080)] [r=0 c=7 rs=1 cs=1]
              RenderInline {FONT} at (0,0) size 22x35 [color=#FFFFFF]
                RenderText {#text} at (11,11) size 22x35
                  text run at (11,11) width 22: "TD"
                  text run at (14,29) width 16: "#8"
