layer at (0,0) size 800x600
  RenderView at (0,0) size 800x600
layer at (0,0) size 800x198
  RenderBlock {HTML} at (0,0) size 800x198
    RenderBody {BODY} at (16,16) size 768x166
      RenderTable at (0,0) size 395x166
        RenderTableSection (anonymous) at (0,0) size 395x166
          RenderTableRow {Q} at (0,0) size 395x166
            RenderTableCell (anonymous) at (0,0) size 395x166 [r=0 c=0 rs=1 cs=1]
              RenderInline (generated) at (0,0) size 14x36
                RenderQuote at (0,129) size 14x36
                  text run at (0,129) width 14: "\""
              RenderText {#text} at (13,129) size 32x36
                text run at (13,129) width 32: " A"
              RenderPartObject {IFRAME} at (44,0) size 308x158 [border: (4px inset #000000)]
                layer at (0,0) size 300x150
                  RenderView at (0,0) size 300x150
                layer at (0,0) size 300x150
                  RenderBlock {HTML} at (0,0) size 300x150
                    RenderBody {BODY} at (8,8) size 284x134
              RenderText {#text} at (352,129) size 30x36
                text run at (352,129) width 30: "B "
              RenderInline (generated) at (0,0) size 14x36
                RenderQuote at (381,129) size 14x36
                  text run at (381,129) width 14: "\""
