layer at (0,0) size 784x1240
  RenderView at (0,0) size 784x600
layer at (0,0) size 784x1240
  RenderBlock {HTML} at (0,0) size 784x1240
    RenderBody {BODY} at (8,10) size 768x1222
      RenderTable {TABLE} at (10,0) size 96x120 [border: (1px solid #000000)]
        RenderTableSection {THEAD} at (1,1) size 24x118
          RenderTableRow {TR} at (0,2) size 20x118
            RenderTableCell {TD} at (2,2) size 20x56 [r=0 c=0 rs=1 cs=1]
              RenderText {#text} at (1,1) size 17x46
                text run at (1,1) width 46: "Head 1"
            RenderTableCell {TD} at (2,60) size 20x56 [r=0 c=1 rs=1 cs=1]
              RenderText {#text} at (1,1) size 17x46
                text run at (1,1) width 46: "Head 2"
        RenderTableSection {TFOOT} at (71,1) size 24x118
          RenderTableRow {TR} at (0,2) size 20x118
            RenderTableCell {TD} at (2,2) size 20x56 [r=0 c=0 rs=1 cs=1]
              RenderText {#text} at (1,1) size 17x54
                text run at (1,1) width 54: "Footer 1"
            RenderTableCell {TD} at (2,60) size 20x56 [r=0 c=1 rs=1 cs=1]
              RenderText {#text} at (1,1) size 17x54
                text run at (1,1) width 54: "Footer 2"
        RenderTableSection {TBODY} at (25,1) size 46x118
          RenderTableRow {TR} at (0,2) size 20x118
            RenderTableCell {TD} at (2,2) size 20x56 [r=0 c=0 rs=1 cs=1]
              RenderText {#text} at (1,1) size 17x39
                text run at (1,1) width 39: "Cell 1"
            RenderTableCell {TD} at (2,60) size 20x56 [r=0 c=1 rs=1 cs=1]
              RenderText {#text} at (1,1) size 17x39
                text run at (1,1) width 39: "Cell 2"
          RenderTableRow {TR} at (0,24) size 20x118
            RenderTableCell {TD} at (24,2) size 20x56 [r=1 c=0 rs=1 cs=1]
              RenderText {#text} at (1,1) size 17x39
                text run at (1,1) width 39: "Cell 3"
            RenderTableCell {TD} at (24,60) size 20x56 [r=1 c=1 rs=1 cs=1]
              RenderText {#text} at (1,1) size 17x39
                text run at (1,1) width 39: "Cell 4"
      RenderBlock {P} at (0,136) size 768x18
        RenderText {#text} at (0,0) size 227x17
          text run at (0,0) width 227: "Row groups have display:table-cell"
      RenderTable {TABLE} at (10,170) size 62x236 [border: (1px solid #000000)]
        RenderTableSection (anonymous) at (1,1) size 32x234
          RenderTableRow (anonymous) at (0,2) size 28x234
            RenderTableCell {THEAD} at (2,2) size 28x106 [r=0 c=0 rs=1 cs=1]
              RenderTable at (0,0) size 28x106
                RenderTableSection (anonymous) at (0,0) size 28x106
                  RenderTableRow (anonymous) at (0,2) size 24x106
                    RenderTableCell {TR} at (2,2) size 24x102 [r=0 c=0 rs=1 cs=1]
                      RenderTable at (0,0) size 24x102
                        RenderTableSection (anonymous) at (0,0) size 24x102
                          RenderTableRow (anonymous) at (0,2) size 20x102
                            RenderTableCell {TD} at (2,2) size 20x48 [r=0 c=0 rs=1 cs=1]
                              RenderText {#text} at (1,1) size 17x46
                                text run at (1,1) width 46: "Head 1"
                            RenderTableCell {TD} at (2,52) size 20x48 [r=0 c=1 rs=1 cs=1]
                              RenderText {#text} at (1,1) size 17x46
                                text run at (1,1) width 46: "Head 2"
            RenderTableCell {TFOOT} at (2,110) size 28x122 [r=0 c=1 rs=1 cs=1]
              RenderTable at (0,0) size 28x122
                RenderTableSection (anonymous) at (0,0) size 28x122
                  RenderTableRow (anonymous) at (0,2) size 24x122
                    RenderTableCell {TR} at (2,2) size 24x118 [r=0 c=0 rs=1 cs=1]
                      RenderTable at (0,0) size 24x118
                        RenderTableSection (anonymous) at (0,0) size 24x118
                          RenderTableRow (anonymous) at (0,2) size 20x118
                            RenderTableCell {TD} at (2,2) size 20x56 [r=0 c=0 rs=1 cs=1]
                              RenderText {#text} at (1,1) size 17x54
                                text run at (1,1) width 54: "Footer 1"
                            RenderTableCell {TD} at (2,60) size 20x56 [r=0 c=1 rs=1 cs=1]
                              RenderText {#text} at (1,1) size 17x54
                                text run at (1,1) width 54: "Footer 2"
        RenderTableSection {TBODY} at (33,1) size 28x234
          RenderTableRow (anonymous) at (0,2) size 24x234
            RenderTableCell {TR} at (2,2) size 24x106 [r=0 c=0 rs=1 cs=1]
              RenderTable at (0,0) size 24x88
                RenderTableSection (anonymous) at (0,0) size 24x88
                  RenderTableRow (anonymous) at (0,2) size 20x88
                    RenderTableCell {TD} at (2,2) size 20x41 [r=0 c=0 rs=1 cs=1]
                      RenderText {#text} at (1,1) size 17x39
                        text run at (1,1) width 39: "Cell 1"
                    RenderTableCell {TD} at (2,45) size 20x41 [r=0 c=1 rs=1 cs=1]
                      RenderText {#text} at (1,1) size 17x39
                        text run at (1,1) width 39: "Cell 2"
            RenderTableCell {TR} at (2,110) size 24x122 [r=0 c=1 rs=1 cs=1]
              RenderTable at (0,0) size 24x88
                RenderTableSection (anonymous) at (0,0) size 24x88
                  RenderTableRow (anonymous) at (0,2) size 20x88
                    RenderTableCell {TD} at (2,2) size 20x41 [r=0 c=0 rs=1 cs=1]
                      RenderText {#text} at (1,1) size 17x39
                        text run at (1,1) width 39: "Cell 3"
                    RenderTableCell {TD} at (2,45) size 20x41 [r=0 c=1 rs=1 cs=1]
                      RenderText {#text} at (1,1) size 17x39
                        text run at (1,1) width 39: "Cell 4"
      RenderBlock {P} at (0,422) size 768x18
        RenderText {#text} at (0,0) size 203x17
          text run at (0,0) width 203: "Row groups have display:block"
      RenderTable {TABLE} at (10,456) size 106x124 [border: (1px solid #000000)]
        RenderTableSection (anonymous) at (1,1) size 52x122
          RenderTableRow (anonymous) at (0,2) size 48x122
            RenderTableCell (anonymous) at (2,2) size 48x118 [r=0 c=0 rs=1 cs=1]
              RenderBlock {THEAD} at (0,0) size 24x118
                RenderBlock {TR} at (0,0) size 24x118
                  RenderTable at (0,0) size 24x102
                    RenderTableSection (anonymous) at (0,0) size 24x102
                      RenderTableRow (anonymous) at (0,2) size 20x102
                        RenderTableCell {TD} at (2,2) size 20x48 [r=0 c=0 rs=1 cs=1]
                          RenderText {#text} at (1,1) size 17x46
                            text run at (1,1) width 46: "Head 1"
                        RenderTableCell {TD} at (2,52) size 20x48 [r=0 c=1 rs=1 cs=1]
                          RenderText {#text} at (1,1) size 17x46
                            text run at (1,1) width 46: "Head 2"
              RenderBlock {TFOOT} at (24,0) size 24x118
                RenderBlock {TR} at (0,0) size 24x118
                  RenderTable at (0,0) size 24x118
                    RenderTableSection (anonymous) at (0,0) size 24x118
                      RenderTableRow (anonymous) at (0,2) size 20x118
                        RenderTableCell {TD} at (2,2) size 20x56 [r=0 c=0 rs=1 cs=1]
                          RenderText {#text} at (1,1) size 17x54
                            text run at (1,1) width 54: "Footer 1"
                        RenderTableCell {TD} at (2,60) size 20x56 [r=0 c=1 rs=1 cs=1]
                          RenderText {#text} at (1,1) size 17x54
                            text run at (1,1) width 54: "Footer 2"
        RenderTableSection {TBODY} at (53,1) size 52x122
          RenderTableRow (anonymous) at (0,2) size 48x122
            RenderTableCell (anonymous) at (2,2) size 48x118 [r=0 c=0 rs=1 cs=1]
              RenderBlock {TR} at (0,0) size 24x118
                RenderTable at (0,0) size 24x88
                  RenderTableSection (anonymous) at (0,0) size 24x88
                    RenderTableRow (anonymous) at (0,2) size 20x88
                      RenderTableCell {TD} at (2,2) size 20x41 [r=0 c=0 rs=1 cs=1]
                        RenderText {#text} at (1,1) size 17x39
                          text run at (1,1) width 39: "Cell 1"
                      RenderTableCell {TD} at (2,45) size 20x41 [r=0 c=1 rs=1 cs=1]
                        RenderText {#text} at (1,1) size 17x39
                          text run at (1,1) width 39: "Cell 2"
              RenderBlock {TR} at (24,0) size 24x118
                RenderTable at (0,0) size 24x88
                  RenderTableSection (anonymous) at (0,0) size 24x88
                    RenderTableRow (anonymous) at (0,2) size 20x88
                      RenderTableCell {TD} at (2,2) size 20x41 [r=0 c=0 rs=1 cs=1]
                        RenderText {#text} at (1,1) size 17x39
                          text run at (1,1) width 39: "Cell 3"
                      RenderTableCell {TD} at (2,45) size 20x41 [r=0 c=1 rs=1 cs=1]
                        RenderText {#text} at (1,1) size 17x39
                          text run at (1,1) width 39: "Cell 4"
      RenderTable at (0,590) size 102x632
        RenderTableSection (anonymous) at (0,0) size 102x632
          RenderTableRow (anonymous) at (0,0) size 102x632
            RenderTableCell {P} at (0,0) size 102x632 [border: (1px solid #000000)] [r=0 c=0 rs=1 cs=1]
              RenderText {#text} at (1,1) size 100x629
                text run at (1,1) width 86: "Lorem ipsum"
                text run at (1,19) width 92: "dolor sit amet,"
                text run at (1,37) width 73: "consectetur"
                text run at (1,55) width 99: "adipisicing elit,"
                text run at (1,73) width 100: "sed do eiusmod"
                text run at (1,91) width 46: "tempor"
                text run at (1,109) width 82: "incididunt ut"
                text run at (1,127) width 56: "labore et"
                text run at (1,145) width 88: "dolore magna"
                text run at (1,163) width 100: "aliqua. Ut enim"
                text run at (1,181) width 61: "ad minim"
                text run at (1,199) width 82: "veniam, quis"
                text run at (1,217) width 48: "nostrud"
                text run at (1,235) width 76: "exercitation"
                text run at (1,253) width 100: "ullamco laboris"
                text run at (1,271) width 88: "nisi ut aliquip"
                text run at (1,289) width 34: "ex ea"
                text run at (1,307) width 64: "commodo"
                text run at (1,325) width 68: "consequat."
                text run at (1,343) width 96: "Duis aute irure"
                text run at (1,361) width 51: "dolor in"
                text run at (1,379) width 86: "reprehenderit"
                text run at (1,397) width 76: "in voluptate"
                text run at (1,415) width 60: "velit esse"
                text run at (1,433) width 86: "cillum dolore"
                text run at (1,451) width 93: "eu fugiat nulla"
                text run at (1,469) width 54: "pariatur."
                text run at (1,487) width 92: "Excepteur sint"
                text run at (1,505) width 56: "occaecat"
                text run at (1,523) width 87: "cupidatat non"
                text run at (1,541) width 88: "proident, sunt"
                text run at (1,559) width 76: "in culpa qui"
                text run at (1,577) width 100: "officia deserunt"
                text run at (1,595) width 91: "mollit anim id"
                text run at (1,613) width 80: "est laborum."
