layer at (0,0) size 800x600
  RenderView at (0,0) size 800x600
layer at (0,0) size 800x600
  RenderBlock {HTML} at (0,0) size 800x600
    RenderBody {BODY} at (8,10) size 784x582
      RenderTable {TABLE} at (10,0) size 120x96 [border: (1px solid #000000)]
        RenderTableSection {THEAD} at (1,1) size 118x24
          RenderTableRow {TR} at (0,2) size 118x20
            RenderTableCell {TD} at (2,2) size 56x20 [r=0 c=0 rs=1 cs=1]
              RenderText {#text} at (1,1) size 46x17
                text run at (1,1) width 46: "Head 1"
            RenderTableCell {TD} at (60,2) size 56x20 [r=0 c=1 rs=1 cs=1]
              RenderText {#text} at (1,1) size 46x17
                text run at (1,1) width 46: "Head 2"
        RenderTableSection {TFOOT} at (1,71) size 118x24
          RenderTableRow {TR} at (0,2) size 118x20
            RenderTableCell {TD} at (2,2) size 56x20 [r=0 c=0 rs=1 cs=1]
              RenderText {#text} at (1,1) size 54x17
                text run at (1,1) width 54: "Footer 1"
            RenderTableCell {TD} at (60,2) size 56x20 [r=0 c=1 rs=1 cs=1]
              RenderText {#text} at (1,1) size 54x17
                text run at (1,1) width 54: "Footer 2"
        RenderTableSection {TBODY} at (1,25) size 118x46
          RenderTableRow {TR} at (0,2) size 118x20
            RenderTableCell {TD} at (2,2) size 56x20 [r=0 c=0 rs=1 cs=1]
              RenderText {#text} at (1,1) size 39x17
                text run at (1,1) width 39: "Cell 1"
            RenderTableCell {TD} at (60,2) size 56x20 [r=0 c=1 rs=1 cs=1]
              RenderText {#text} at (1,1) size 39x17
                text run at (1,1) width 39: "Cell 2"
          RenderTableRow {TR} at (0,24) size 118x20
            RenderTableCell {TD} at (2,24) size 56x20 [r=1 c=0 rs=1 cs=1]
              RenderText {#text} at (1,1) size 39x17
                text run at (1,1) width 39: "Cell 3"
            RenderTableCell {TD} at (60,24) size 56x20 [r=1 c=1 rs=1 cs=1]
              RenderText {#text} at (1,1) size 39x17
                text run at (1,1) width 39: "Cell 4"
      RenderBlock {P} at (0,112) size 784x18
        RenderText {#text} at (0,0) size 227x17
          text run at (0,0) width 227: "Row groups have display:table-cell"
      RenderTable {TABLE} at (10,146) size 236x62 [border: (1px solid #000000)]
        RenderTableSection (anonymous) at (1,1) size 234x32
          RenderTableRow (anonymous) at (0,2) size 234x28
            RenderTableCell {THEAD} at (2,2) size 106x28 [r=0 c=0 rs=1 cs=1]
              RenderTable at (0,0) size 106x28
                RenderTableSection (anonymous) at (0,0) size 106x28
                  RenderTableRow (anonymous) at (0,2) size 106x24
                    RenderTableCell {TR} at (2,2) size 102x24 [r=0 c=0 rs=1 cs=1]
                      RenderTable at (0,0) size 102x24
                        RenderTableSection (anonymous) at (0,0) size 102x24
                          RenderTableRow (anonymous) at (0,2) size 102x20
                            RenderTableCell {TD} at (2,2) size 48x20 [r=0 c=0 rs=1 cs=1]
                              RenderText {#text} at (1,1) size 46x17
                                text run at (1,1) width 46: "Head 1"
                            RenderTableCell {TD} at (52,2) size 48x20 [r=0 c=1 rs=1 cs=1]
                              RenderText {#text} at (1,1) size 46x17
                                text run at (1,1) width 46: "Head 2"
            RenderTableCell {TFOOT} at (110,2) size 122x28 [r=0 c=1 rs=1 cs=1]
              RenderTable at (0,0) size 122x28
                RenderTableSection (anonymous) at (0,0) size 122x28
                  RenderTableRow (anonymous) at (0,2) size 122x24
                    RenderTableCell {TR} at (2,2) size 118x24 [r=0 c=0 rs=1 cs=1]
                      RenderTable at (0,0) size 118x24
                        RenderTableSection (anonymous) at (0,0) size 118x24
                          RenderTableRow (anonymous) at (0,2) size 118x20
                            RenderTableCell {TD} at (2,2) size 56x20 [r=0 c=0 rs=1 cs=1]
                              RenderText {#text} at (1,1) size 54x17
                                text run at (1,1) width 54: "Footer 1"
                            RenderTableCell {TD} at (60,2) size 56x20 [r=0 c=1 rs=1 cs=1]
                              RenderText {#text} at (1,1) size 54x17
                                text run at (1,1) width 54: "Footer 2"
        RenderTableSection {TBODY} at (1,33) size 234x28
          RenderTableRow (anonymous) at (0,2) size 234x24
            RenderTableCell {TR} at (2,2) size 106x24 [r=0 c=0 rs=1 cs=1]
              RenderTable at (0,0) size 88x24
                RenderTableSection (anonymous) at (0,0) size 88x24
                  RenderTableRow (anonymous) at (0,2) size 88x20
                    RenderTableCell {TD} at (2,2) size 41x20 [r=0 c=0 rs=1 cs=1]
                      RenderText {#text} at (1,1) size 39x17
                        text run at (1,1) width 39: "Cell 1"
                    RenderTableCell {TD} at (45,2) size 41x20 [r=0 c=1 rs=1 cs=1]
                      RenderText {#text} at (1,1) size 39x17
                        text run at (1,1) width 39: "Cell 2"
            RenderTableCell {TR} at (110,2) size 122x24 [r=0 c=1 rs=1 cs=1]
              RenderTable at (0,0) size 88x24
                RenderTableSection (anonymous) at (0,0) size 88x24
                  RenderTableRow (anonymous) at (0,2) size 88x20
                    RenderTableCell {TD} at (2,2) size 41x20 [r=0 c=0 rs=1 cs=1]
                      RenderText {#text} at (1,1) size 39x17
                        text run at (1,1) width 39: "Cell 3"
                    RenderTableCell {TD} at (45,2) size 41x20 [r=0 c=1 rs=1 cs=1]
                      RenderText {#text} at (1,1) size 39x17
                        text run at (1,1) width 39: "Cell 4"
      RenderBlock {P} at (0,224) size 784x18
        RenderText {#text} at (0,0) size 203x17
          text run at (0,0) width 203: "Row groups have display:block"
      RenderTable {TABLE} at (10,258) size 124x106 [border: (1px solid #000000)]
        RenderTableSection (anonymous) at (1,1) size 122x52
          RenderTableRow (anonymous) at (0,2) size 122x48
            RenderTableCell (anonymous) at (2,2) size 118x48 [r=0 c=0 rs=1 cs=1]
              RenderBlock {THEAD} at (0,0) size 118x24
                RenderBlock {TR} at (0,0) size 118x24
                  RenderTable at (0,0) size 102x24
                    RenderTableSection (anonymous) at (0,0) size 102x24
                      RenderTableRow (anonymous) at (0,2) size 102x20
                        RenderTableCell {TD} at (2,2) size 48x20 [r=0 c=0 rs=1 cs=1]
                          RenderText {#text} at (1,1) size 46x17
                            text run at (1,1) width 46: "Head 1"
                        RenderTableCell {TD} at (52,2) size 48x20 [r=0 c=1 rs=1 cs=1]
                          RenderText {#text} at (1,1) size 46x17
                            text run at (1,1) width 46: "Head 2"
              RenderBlock {TFOOT} at (0,24) size 118x24
                RenderBlock {TR} at (0,0) size 118x24
                  RenderTable at (0,0) size 118x24
                    RenderTableSection (anonymous) at (0,0) size 118x24
                      RenderTableRow (anonymous) at (0,2) size 118x20
                        RenderTableCell {TD} at (2,2) size 56x20 [r=0 c=0 rs=1 cs=1]
                          RenderText {#text} at (1,1) size 54x17
                            text run at (1,1) width 54: "Footer 1"
                        RenderTableCell {TD} at (60,2) size 56x20 [r=0 c=1 rs=1 cs=1]
                          RenderText {#text} at (1,1) size 54x17
                            text run at (1,1) width 54: "Footer 2"
        RenderTableSection {TBODY} at (1,53) size 122x52
          RenderTableRow (anonymous) at (0,2) size 122x48
            RenderTableCell (anonymous) at (2,2) size 118x48 [r=0 c=0 rs=1 cs=1]
              RenderBlock {TR} at (0,0) size 118x24
                RenderTable at (0,0) size 88x24
                  RenderTableSection (anonymous) at (0,0) size 88x24
                    RenderTableRow (anonymous) at (0,2) size 88x20
                      RenderTableCell {TD} at (2,2) size 41x20 [r=0 c=0 rs=1 cs=1]
                        RenderText {#text} at (1,1) size 39x17
                          text run at (1,1) width 39: "Cell 1"
                      RenderTableCell {TD} at (45,2) size 41x20 [r=0 c=1 rs=1 cs=1]
                        RenderText {#text} at (1,1) size 39x17
                          text run at (1,1) width 39: "Cell 2"
              RenderBlock {TR} at (0,24) size 118x24
                RenderTable at (0,0) size 88x24
                  RenderTableSection (anonymous) at (0,0) size 88x24
                    RenderTableRow (anonymous) at (0,2) size 88x20
                      RenderTableCell {TD} at (2,2) size 41x20 [r=0 c=0 rs=1 cs=1]
                        RenderText {#text} at (1,1) size 39x17
                          text run at (1,1) width 39: "Cell 3"
                      RenderTableCell {TD} at (45,2) size 41x20 [r=0 c=1 rs=1 cs=1]
                        RenderText {#text} at (1,1) size 39x17
                          text run at (1,1) width 39: "Cell 4"
      RenderTable at (0,374) size 302x200
        RenderTableSection (anonymous) at (0,0) size 302x200
          RenderTableRow (anonymous) at (0,0) size 302x200
            RenderTableCell {P} at (0,0) size 302x200 [border: (1px solid #000000)] [r=0 c=0 rs=1 cs=1]
              RenderText {#text} at (1,1) size 300x197
                text run at (1,1) width 259: "Lorem ipsum dolor sit amet, consectetur"
                text run at (1,19) width 252: "adipisicing elit, sed do eiusmod tempor"
                text run at (1,37) width 300: "incididunt ut labore et dolore magna aliqua. Ut"
                text run at (1,55) width 235: "enim ad minim veniam, quis nostrud"
                text run at (1,73) width 290: "exercitation ullamco laboris nisi ut aliquip ex"
                text run at (1,91) width 292: "ea commodo consequat. Duis aute irure dolor"
                text run at (1,109) width 290: "in reprehenderit in voluptate velit esse cillum"
                text run at (1,127) width 292: "dolore eu fugiat nulla pariatur. Excepteur sint"
                text run at (1,145) width 293: "occaecat cupidatat non proident, sunt in culpa"
                text run at (1,163) width 241: "qui officia deserunt mollit anim id est"
                text run at (1,181) width 58: "laborum."
