layer at (0,0) size 800x600
  RenderView at (0,0) size 800x600
layer at (0,0) size 800x551
  RenderBlock {HTML} at (0,0) size 800x551
    RenderBody {BODY} at (8,16) size 784x527 [color=#FFFFFF] [bgcolor=#000000]
      RenderBlock {P} at (0,0) size 784x21
        RenderText {#text} at (0,0) size 232x21
          text run at (0,0) width 232: "Images should all look the same."
      RenderBlock {DIV} at (0,37) size 784x245
        RenderImage {IMG} at (0,0) size 360x240
        RenderText {#text} at (360,224) size 4x21
          text run at (360,224) width 4: " "
        RenderImage {IMG} at (364,0) size 360x240
        RenderText {#text} at (0,0) size 0x0
      RenderBlock {DIV} at (0,282) size 784x245
        RenderText {#text} at (360,224) size 4x21
          text run at (360,224) width 4: " "
        RenderText {#text} at (0,0) size 0x0
layer at (8,298) size 360x240
  RenderImage {IMG} at (0,0) size 360x240
layer at (372,298) size 360x240
  RenderImage {IMG} at (364,0) size 360x240
