layer at (0,0) size 800x600
  RenderView at (0,0) size 800x600
layer at (0,0) size 800x86
  RenderBlock {HTML} at (0,0) size 800x86
    RenderBody {BODY} at (8,16) size 784x62
      RenderBlock {P} at (0,0) size 784x21
        RenderText {#text} at (0,0) size 181x21
          text run at (0,0) width 181: "This test should not crash"
      RenderBlock (anonymous) at (0,37) size 784x25
        RenderText {#text} at (0,0) size 0x0
layer at (8,53) size 20x20
  RenderImage {IMG} at (0,0) size 20x20
