layer at (0,0) size 800x600
  RenderView at (0,0) size 800x600
layer at (0,0) size 800x600
  RenderBlock {HTML} at (0,0) size 800x600
    RenderBody {BODY} at (0,360) size 800x240
layer at (20,360) size 200x170
  RenderBlock {DIV} at (20,0) size 200x170 [border: (20px solid #C0C0C0) none]
    RenderText {#text} at (0,20) size 195x105
      text run at (0,20) width 195: "Lorem ipsum dolor sit amet,"
      text run at (0,41) width 86: "consectetur "
      text run at (86,41) width 102: "adipiscing elit."
      text run at (0,62) width 144: "Curabitur neque elit,"
      text run at (0,83) width 169: "pulvinar eget lobortis at,"
      text run at (0,104) width 134: "convallis ut lectus. "
    RenderText {#text} at (0,125) size 199x150
      text run at (0,125) width 181: "vulputate tincidunt leo, eu"
      text run at (0,146) width 47: "varius "
      text run at (47,146) width 152: "nunc ullamcorper vel."
      text run at (0,170) width 184: "Integer nec dolor sed ante"
      text run at (0,191) width 118: "pharetra lacinia. "
      text run at (118,191) width 49: "Integer"
      text run at (0,212) width 174: "dignissim iaculis nulla et"
      text run at (0,233) width 174: "rutrum. Praesent pretium"
      text run at (0,254) width 65: "euismod "
      text run at (65,254) width 113: "est eget laoreet."
    RenderText {#text} at (49,275) size 200x300
      text run at (49,275) width 116: " suscipit suscipit"
      text run at (0,296) width 120: "elementum. Duis"
      text run at (0,320) width 86: "consectetur "
      text run at (86,320) width 114: "pulvinar tempor."
      text run at (0,341) width 173: "In mi sapien, malesuada"
      text run at (0,362) width 194: "vitae posuere ut, adipiscing"
      text run at (0,383) width 155: "id odio. Integer est mi,"
      text run at (0,404) width 195: "luctus sed cursus in, cursus"
      text run at (0,425) width 116: "vitae urna. Nam "
      text run at (116,425) width 82: "consectetur"
      text run at (0,446) width 186: "orci tempor nibh iaculis eu"
      text run at (0,470) width 160: "dignissim odio laoreet."
      text run at (0,491) width 60: "Aenean "
      text run at (60,491) width 132: "congue fermentum"
      text run at (0,512) width 148: "nibh sed malesuada."
      text run at (0,533) width 192: "Curabitur enim leo, porttitor"
      text run at (0,554) width 17: "ut "
      text run at (17,554) width 87: "interdum et, "
    RenderText {#text} at (161,554) size 178x42
      text run at (161,554) width 17: " ut"
      text run at (0,575) width 44: "lorem."
layer at (20,360) size 62x21
  RenderInline (relative positioned) {SPAN} at (0,0) size 62x21 [bgcolor=#FFFF00]
    RenderText {#text} at (134,104) size 62x21
      text run at (134,104) width 62: "Vivamus"
layer at (20,360) size 49x21
  RenderInline (relative positioned) {SPAN} at (0,0) size 49x21 [bgcolor=#FFFF00]
    RenderText {#text} at (0,275) size 49x21
      text run at (0,275) width 49: "Integer"
