layer at (0,0) size 800x600
  RenderView at (0,0) size 800x600
layer at (0,0) size 800x600
  RenderBlock {HTML} at (0,0) size 800x600
    RenderBody {BODY} at (8,8) size 784x584
layer at (8,8) size 784x185
  RenderBlock {DIV} at (0,0) size 784x185 [border: (2px solid #800000)]
    RenderBlock {DIV} at (2,2) size 382x110
    RenderBlock {DIV} at (2,183) size 379x168 [bgcolor=#00FF00] [border: (2px solid #000000)]
      RenderBlock {DIV} at (12,2) size 355x164 [bgcolor=#008000] [border: (2px solid #0000FF)]
        RenderInline {SPAN} at (0,0) size 207x160
          RenderText {#text} at (2,2) size 207x160
            text run at (2,2) width 180: "In 2nd"
            text run at (2,82) width 207: "column"
        RenderText {#text} at (0,0) size 0x0
