layer at (0,0) size 800x600
  RenderView at (0,0) size 800x600
layer at (0,0) size 800x600
  RenderBlock {HTML} at (0,0) size 800x600
    RenderBody {BODY} at (8,8) size 784x584
layer at (8,8) size 206x106
  RenderBlock {DIV} at (0,0) size 206x106 [border: (3px solid #000000)]
    RenderBlock {DIV} at (3,3) size 100x55
    RenderTable {TABLE} at (3,58) size 56x66
      RenderTableSection {TBODY} at (0,0) size 56x66
        RenderTableRow {TR} at (0,0) size 56x50
          RenderTableCell {TD} at (0,0) size 25x50 [r=0 c=0 rs=1 cs=1]
            RenderBlock {DIV} at (0,0) size 25x50
          RenderTableCell {TD} at (25,29) size 31x37 [bgcolor=#FFA500] [r=0 c=1 rs=1 cs=1]
            RenderText {#text} at (0,16) size 31x21
              text run at (0,16) width 31: "Text"
    RenderBlock {DIV} at (3,124) size 100x3 [border: (3px solid #000000) none]
