layer at (0,0) size 784x719
  RenderView at (0,0) size 784x600
layer at (0,0) size 784x719
  RenderBlock {HTML} at (0,0) size 784x719
    RenderBody {BODY} at (8,8) size 768x703
layer at (8,8) size 768x703
  RenderBlock {DIV} at (0,0) size 768x703 [border: (5px solid #000000)]
    RenderText {#text} at (15,5) size 234x2079
      text run at (15,5) width 195: "Lorem ipsum dolor sit amet,"
      text run at (15,26) width 197: "consectetuer adipiscing elit."
      text run at (15,47) width 170: "Nulla varius enim ac mi."
      text run at (15,68) width 213: "Curabitur sollicitudin felis quis"
      text run at (15,89) width 187: "lectus. Quisque adipiscing"
      text run at (15,110) width 224: "rhoncus sem. Proin nulla purus,"
      text run at (15,131) width 227: "vulputate vel, varius ut, euismod"
      text run at (15,152) width 209: "et, nisi. Sed vitae felis vel orci"
      text run at (15,173) width 220: "sagittis aliquam. Cras convallis"
      text run at (15,194) width 223: "adipiscing sem. Nam nonummy"
      text run at (15,215) width 225: "enim. Nullam bibendum lobortis"
      text run at (15,236) width 200: "neque. Vestibulum velit orci,"
      text run at (15,257) width 216: "tempus euismod, pretium quis,"
      text run at (15,278) width 222: "interdum vitae, nulla. Phasellus"
      text run at (15,299) width 223: "eget ante et tortor condimentum"
      text run at (15,320) width 178: "vestibulum. Suspendisse"
      text run at (15,341) width 207: "hendrerit quam nec felis. Sed"
      text run at (15,362) width 217: "varius turpis vitae pede. Lorem"
      text run at (15,383) width 146: "ipsum dolor sit amet,"
      text run at (15,404) width 197: "consectetuer adipiscing elit."
      text run at (15,425) width 215: "Proin bibendum justo ac enim."
      text run at (15,446) width 216: "Class aptent taciti sociosqu ad"
      text run at (15,467) width 185: "litora torquent per conubia"
      text run at (15,488) width 230: "nostra, per inceptos hymenaeos."
      text run at (15,509) width 224: "Sed leo nulla, rutrum eu, dictum"
      text run at (15,530) width 233: "ut, posuere vel, arcu. Nam libero."
      text run at (15,551) width 152: "Morbi orci. Maecenas"
      text run at (15,572) width 232: "pellentesque. Curabitur erat erat,"
      text run at (15,593) width 204: "ullamcorper at, gravida vitae,"
      text run at (15,614) width 220: "iaculis vitae, elit. Nullam quam."
      text run at (15,635) width 228: "Quisque orci lectus, ullamcorper"
      text run at (15,656) width 224: "eu, imperdiet sed, accumsan et,"
      text run at (15,677) width 223: "ligula. Duis diam nisl, sagittis a,"
      text run at (15,698) width 212: "blandit volutpat, interdum sed,"
      text run at (15,719) width 220: "velit. Vestibulum quam. Nulla a"
      text run at (15,740) width 233: "purus. Phasellus semper semper"
      text run at (15,761) width 189: "lectus. Nulla porttitor, dolor"
      text run at (15,782) width 216: "dictum scelerisque luctus, velit"
      text run at (15,803) width 233: "ipsum lobortis mauris, ac pretium"
      text run at (15,824) width 183: "enim nunc vel risus. Proin"
      text run at (15,845) width 226: "gravida mi ut sem cursus mattis."
      text run at (15,866) width 210: "Fusce laoreet, nisi quis luctus"
      text run at (15,887) width 199: "volutpat, arcu pede tincidunt"
      text run at (15,908) width 217: "enim, nec malesuada urna nisl"
      text run at (15,929) width 223: "eu enim. Vivamus varius augue"
      text run at (15,950) width 234: "ac purus. Vestibulum vestibulum."
      text run at (15,971) width 186: "Phasellus et est vitae ante"
      text run at (15,992) width 182: "accumsan rhoncus. Morbi"
      text run at (15,1013) width 186: "convallis, arcu at hendrerit"
      text run at (15,1034) width 202: "gravida, sem diam dignissim"
      text run at (15,1055) width 214: "risus, sed aliquet erat mi ut mi."
      text run at (15,1076) width 211: "Nunc cursus lacinia elit. Nunc"
      text run at (15,1097) width 229: "nisi. Quisque at erat. Vestibulum"
      text run at (15,1118) width 210: "dictum quam vitae nibh. Nunc"
      text run at (15,1139) width 201: "vitae ante non odio interdum"
      text run at (15,1160) width 196: "blandit. Curabitur leo quam,"
      text run at (15,1181) width 182: "fermentum sed, feugiat in,"
      text run at (15,1202) width 144: "ullamcorper id, nibh."
      text run at (15,1223) width 228: "Suspendisse ac turpis. In iaculis"
      text run at (15,1244) width 204: "sollicitudin dui. Aenean vitae"
      text run at (15,1265) width 215: "lectus vitae nulla pellentesque"
      text run at (15,1286) width 179: "sollicitudin. Nunc gravida"
      text run at (15,1307) width 196: "pharetra lectus. Etiam lacus"
      text run at (15,1328) width 218: "ligula, placerat ut, dictum vitae,"
      text run at (15,1349) width 226: "tempus vel, risus. Cras rhoncus."
      text run at (15,1370) width 204: "Praesent varius ultricies orci."
      text run at (15,1391) width 213: "Donec mattis, neque ut ornare"
      text run at (15,1412) width 227: "fringilla, ante urna placerat eros,"
      text run at (15,1433) width 181: "vel commodo nisi tortor ut"
      text run at (15,1454) width 233: "mauris. Morbi magna dui, sagittis"
      text run at (15,1475) width 227: "sit amet, tincidunt et, elementum"
      text run at (15,1496) width 224: "eget, quam. Fusce molestie nisl"
      text run at (15,1517) width 220: "vitae nisi. Vestibulum a sapien."
      text run at (15,1538) width 216: "Phasellus ante lacus, vehicula"
      text run at (15,1559) width 230: "non, cursus a, tempor ut, magna."
      text run at (15,1580) width 197: "Suspendisse potenti. Fusce"
      text run at (15,1601) width 208: "aliquet, odio viverra vulputate"
      text run at (15,1622) width 219: "dictum, enim odio luctus purus,"
      text run at (15,1643) width 213: "ut scelerisque quam nulla non"
      text run at (15,1664) width 217: "est. Donec eros lacus, egestas"
      text run at (15,1685) width 218: "vitae, lacinia quis, tempor quis,"
      text run at (15,1706) width 220: "pede. Morbi orci erat, iaculis id,"
      text run at (15,1727) width 213: "ornare ac, elementum at, sem."
      text run at (15,1748) width 225: "Nunc ornare sodales nisi. Morbi"
      text run at (15,1769) width 217: "interdum commodo nisl. Fusce"
      text run at (15,1790) width 176: "eget eros non nisi ornare"
      text run at (15,1811) width 211: "facilisis. Sed placerat, est non"
      text run at (15,1832) width 202: "posuere posuere, purus sem"
      text run at (15,1853) width 223: "dignissim libero, a viverra tellus"
      text run at (15,1874) width 200: "dolor vel lorem. Cras augue."
      text run at (15,1895) width 217: "Etiam ultricies consequat odio."
      text run at (15,1916) width 228: "Mauris ac libero. Etiam posuere,"
      text run at (15,1937) width 204: "libero vitae euismod gravida,"
      text run at (15,1958) width 209: "urna elit imperdiet magna, vel"
      text run at (15,1979) width 192: "cursus elit felis non mauris."
      text run at (15,2000) width 173: "Donec orci erat, porta id,"
      text run at (15,2021) width 206: "dignissim ut, posuere dictum,"
      text run at (15,2042) width 209: "leo. Suspendisse scelerisque"
      text run at (15,2063) width 99: "egestas nulla."
