layer at (0,0) size 784x934
  RenderView at (0,0) size 784x600
layer at (0,0) size 784x934
  RenderBlock {HTML} at (0,0) size 784x934
    RenderBody {BODY} at (8,8) size 768x918
layer at (8,8) size 768x451
  RenderBlock {DIV} at (0,0) size 768x451 [border: (5px solid #0000FF)]
    RenderBlock (anonymous) at (5,5) size 371x441
      RenderText {#text} at (0,0) size 123x21
        text run at (0,0) width 123: "This is some text."
      RenderBR {BR} at (123,16) size 0x0
      RenderText {#text} at (0,21) size 123x21
        text run at (0,21) width 123: "This is some text."
      RenderBR {BR} at (123,37) size 0x0
      RenderText {#text} at (0,42) size 123x21
        text run at (0,42) width 123: "This is some text."
      RenderBR {BR} at (123,58) size 0x0
      RenderText {#text} at (0,63) size 123x21
        text run at (0,63) width 123: "This is some text."
      RenderBR {BR} at (123,79) size 0x0
      RenderText {#text} at (0,84) size 123x21
        text run at (0,84) width 123: "This is some text."
      RenderBR {BR} at (123,100) size 0x0
      RenderText {#text} at (0,105) size 123x21
        text run at (0,105) width 123: "This is some text."
      RenderBR {BR} at (123,121) size 0x0
      RenderText {#text} at (0,126) size 123x21
        text run at (0,126) width 123: "This is some text."
      RenderBR {BR} at (123,142) size 0x0
      RenderText {#text} at (0,147) size 123x21
        text run at (0,147) width 123: "This is some text."
      RenderBR {BR} at (123,163) size 0x0
      RenderText {#text} at (0,168) size 123x21
        text run at (0,168) width 123: "This is some text."
      RenderBR {BR} at (123,184) size 0x0
      RenderText {#text} at (0,189) size 123x21
        text run at (0,189) width 123: "This is some text."
      RenderBR {BR} at (123,205) size 0x0
      RenderText {#text} at (0,210) size 123x21
        text run at (0,210) width 123: "This is some text."
      RenderBR {BR} at (123,226) size 0x0
      RenderText {#text} at (0,231) size 123x21
        text run at (0,231) width 123: "This is some text."
      RenderBR {BR} at (123,247) size 0x0
      RenderText {#text} at (0,252) size 123x21
        text run at (0,252) width 123: "This is some text."
      RenderBR {BR} at (123,268) size 0x0
      RenderText {#text} at (0,273) size 123x21
        text run at (0,273) width 123: "This is some text."
      RenderBR {BR} at (123,289) size 0x0
      RenderText {#text} at (0,294) size 123x21
        text run at (0,294) width 123: "This is some text."
      RenderBR {BR} at (123,310) size 0x0
      RenderText {#text} at (0,315) size 123x21
        text run at (0,315) width 123: "This is some text."
      RenderBR {BR} at (123,331) size 0x0
      RenderText {#text} at (0,336) size 123x21
        text run at (0,336) width 123: "This is some text."
      RenderBR {BR} at (123,352) size 0x0
      RenderText {#text} at (0,357) size 123x21
        text run at (0,357) width 123: "This is some text."
      RenderBR {BR} at (123,373) size 0x0
      RenderText {#text} at (0,378) size 123x21
        text run at (0,378) width 123: "This is some text."
      RenderBR {BR} at (123,394) size 0x0
      RenderText {#text} at (0,399) size 123x21
        text run at (0,399) width 123: "This is some text."
      RenderBR {BR} at (123,415) size 0x0
      RenderText {#text} at (0,420) size 123x21
        text run at (0,420) width 123: "This is some text."
      RenderBR {BR} at (123,436) size 0x0
    RenderBlock {DIV} at (5,446) size 371x84
      RenderText {#text} at (0,0) size 293x21
        text run at (0,0) width 293: "This text should be in the second column."
      RenderBR {BR} at (293,16) size 0x0
      RenderText {#text} at (0,21) size 293x21
        text run at (0,21) width 293: "This text should be in the second column."
      RenderBR {BR} at (293,37) size 0x0
      RenderText {#text} at (0,42) size 293x21
        text run at (0,42) width 293: "This text should be in the second column."
      RenderBR {BR} at (293,58) size 0x0
      RenderText {#text} at (0,63) size 293x21
        text run at (0,63) width 293: "This text should be in the second column."
      RenderBR {BR} at (293,79) size 0x0
layer at (8,475) size 768x451
  RenderBlock {DIV} at (0,467) size 768x451 [border: (5px solid #0000FF)]
    RenderBlock (anonymous) at (5,5) size 371x84
      RenderText {#text} at (0,0) size 266x21
        text run at (0,0) width 266: "This text should be in the first column."
      RenderBR {BR} at (266,16) size 0x0
      RenderText {#text} at (0,21) size 266x21
        text run at (0,21) width 266: "This text should be in the first column."
      RenderBR {BR} at (266,37) size 0x0
      RenderText {#text} at (0,42) size 266x21
        text run at (0,42) width 266: "This text should be in the first column."
      RenderBR {BR} at (266,58) size 0x0
      RenderText {#text} at (0,63) size 266x21
        text run at (0,63) width 266: "This text should be in the first column."
      RenderBR {BR} at (266,79) size 0x0
    RenderBlock {DIV} at (5,446) size 371x441
      RenderText {#text} at (0,0) size 123x21
        text run at (0,0) width 123: "This is some text."
      RenderBR {BR} at (123,16) size 0x0
      RenderText {#text} at (0,21) size 123x21
        text run at (0,21) width 123: "This is some text."
      RenderBR {BR} at (123,37) size 0x0
      RenderText {#text} at (0,42) size 123x21
        text run at (0,42) width 123: "This is some text."
      RenderBR {BR} at (123,58) size 0x0
      RenderText {#text} at (0,63) size 123x21
        text run at (0,63) width 123: "This is some text."
      RenderBR {BR} at (123,79) size 0x0
      RenderText {#text} at (0,84) size 123x21
        text run at (0,84) width 123: "This is some text."
      RenderBR {BR} at (123,100) size 0x0
      RenderText {#text} at (0,105) size 123x21
        text run at (0,105) width 123: "This is some text."
      RenderBR {BR} at (123,121) size 0x0
      RenderText {#text} at (0,126) size 123x21
        text run at (0,126) width 123: "This is some text."
      RenderBR {BR} at (123,142) size 0x0
      RenderText {#text} at (0,147) size 123x21
        text run at (0,147) width 123: "This is some text."
      RenderBR {BR} at (123,163) size 0x0
      RenderText {#text} at (0,168) size 123x21
        text run at (0,168) width 123: "This is some text."
      RenderBR {BR} at (123,184) size 0x0
      RenderText {#text} at (0,189) size 123x21
        text run at (0,189) width 123: "This is some text."
      RenderBR {BR} at (123,205) size 0x0
      RenderText {#text} at (0,210) size 123x21
        text run at (0,210) width 123: "This is some text."
      RenderBR {BR} at (123,226) size 0x0
      RenderText {#text} at (0,231) size 123x21
        text run at (0,231) width 123: "This is some text."
      RenderBR {BR} at (123,247) size 0x0
      RenderText {#text} at (0,252) size 123x21
        text run at (0,252) width 123: "This is some text."
      RenderBR {BR} at (123,268) size 0x0
      RenderText {#text} at (0,273) size 123x21
        text run at (0,273) width 123: "This is some text."
      RenderBR {BR} at (123,289) size 0x0
      RenderText {#text} at (0,294) size 123x21
        text run at (0,294) width 123: "This is some text."
      RenderBR {BR} at (123,310) size 0x0
      RenderText {#text} at (0,315) size 123x21
        text run at (0,315) width 123: "This is some text."
      RenderBR {BR} at (123,331) size 0x0
      RenderText {#text} at (0,336) size 123x21
        text run at (0,336) width 123: "This is some text."
      RenderBR {BR} at (123,352) size 0x0
      RenderText {#text} at (0,357) size 123x21
        text run at (0,357) width 123: "This is some text."
      RenderBR {BR} at (123,373) size 0x0
      RenderText {#text} at (0,378) size 123x21
        text run at (0,378) width 123: "This is some text."
      RenderBR {BR} at (123,394) size 0x0
      RenderText {#text} at (0,399) size 123x21
        text run at (0,399) width 123: "This is some text."
      RenderBR {BR} at (123,415) size 0x0
      RenderText {#text} at (0,420) size 123x21
        text run at (0,420) width 123: "This is some text."
      RenderBR {BR} at (123,436) size 0x0
