layer at (0,0) size 784x961
  RenderView at (0,0) size 784x600
layer at (0,0) size 784x961
  RenderBlock {HTML} at (0,0) size 784x961
    RenderBody {BODY} at (8,8) size 768x945
layer at (8,8) size 768x945
  RenderBlock {DIV} at (0,0) size 768x945
    RenderText {#text} at (0,0) size 356x1890
      text run at (0,0) width 356: "This content should be split into two columns. This"
      text run at (0,21) width 321: "content should be split into two columns. This"
      text run at (0,42) width 321: "content should be split into two columns. This"
      text run at (0,63) width 321: "content should be split into two columns. This"
      text run at (0,84) width 321: "content should be split into two columns. This"
      text run at (0,105) width 321: "content should be split into two columns. This"
      text run at (0,126) width 321: "content should be split into two columns. This"
      text run at (0,147) width 321: "content should be split into two columns. This"
      text run at (0,168) width 321: "content should be split into two columns. This"
      text run at (0,189) width 321: "content should be split into two columns. This"
      text run at (0,210) width 321: "content should be split into two columns. This"
      text run at (0,231) width 321: "content should be split into two columns. This"
      text run at (0,252) width 321: "content should be split into two columns. This"
      text run at (0,273) width 321: "content should be split into two columns. This"
      text run at (0,294) width 321: "content should be split into two columns. This"
      text run at (0,315) width 321: "content should be split into two columns. This"
      text run at (0,336) width 321: "content should be split into two columns. This"
      text run at (0,357) width 321: "content should be split into two columns. This"
      text run at (0,378) width 321: "content should be split into two columns. This"
      text run at (0,399) width 321: "content should be split into two columns. This"
      text run at (0,420) width 321: "content should be split into two columns. This"
      text run at (0,441) width 321: "content should be split into two columns. This"
      text run at (0,462) width 321: "content should be split into two columns. This"
      text run at (0,483) width 321: "content should be split into two columns. This"
      text run at (0,504) width 321: "content should be split into two columns. This"
      text run at (0,525) width 321: "content should be split into two columns. This"
      text run at (0,546) width 321: "content should be split into two columns. This"
      text run at (0,567) width 321: "content should be split into two columns. This"
      text run at (0,588) width 321: "content should be split into two columns. This"
      text run at (0,609) width 321: "content should be split into two columns. This"
      text run at (0,630) width 321: "content should be split into two columns. This"
      text run at (0,651) width 321: "content should be split into two columns. This"
      text run at (0,672) width 321: "content should be split into two columns. This"
      text run at (0,693) width 321: "content should be split into two columns. This"
      text run at (0,714) width 321: "content should be split into two columns. This"
      text run at (0,735) width 321: "content should be split into two columns. This"
      text run at (0,756) width 321: "content should be split into two columns. This"
      text run at (0,777) width 321: "content should be split into two columns. This"
      text run at (0,798) width 321: "content should be split into two columns. This"
      text run at (0,819) width 321: "content should be split into two columns. This"
      text run at (0,840) width 321: "content should be split into two columns. This"
      text run at (0,861) width 321: "content should be split into two columns. This"
      text run at (0,882) width 321: "content should be split into two columns. This"
      text run at (0,903) width 321: "content should be split into two columns. This"
      text run at (0,924) width 321: "content should be split into two columns. This"
      text run at (0,945) width 321: "content should be split into two columns. This"
      text run at (0,966) width 321: "content should be split into two columns. This"
      text run at (0,987) width 321: "content should be split into two columns. This"
      text run at (0,1008) width 321: "content should be split into two columns. This"
      text run at (0,1029) width 321: "content should be split into two columns. This"
      text run at (0,1050) width 321: "content should be split into two columns. This"
      text run at (0,1071) width 321: "content should be split into two columns. This"
      text run at (0,1092) width 321: "content should be split into two columns. This"
      text run at (0,1113) width 321: "content should be split into two columns. This"
      text run at (0,1134) width 321: "content should be split into two columns. This"
      text run at (0,1155) width 321: "content should be split into two columns. This"
      text run at (0,1176) width 321: "content should be split into two columns. This"
      text run at (0,1197) width 321: "content should be split into two columns. This"
      text run at (0,1218) width 321: "content should be split into two columns. This"
      text run at (0,1239) width 321: "content should be split into two columns. This"
      text run at (0,1260) width 321: "content should be split into two columns. This"
      text run at (0,1281) width 321: "content should be split into two columns. This"
      text run at (0,1302) width 321: "content should be split into two columns. This"
      text run at (0,1323) width 321: "content should be split into two columns. This"
      text run at (0,1344) width 321: "content should be split into two columns. This"
      text run at (0,1365) width 321: "content should be split into two columns. This"
      text run at (0,1386) width 321: "content should be split into two columns. This"
      text run at (0,1407) width 321: "content should be split into two columns. This"
      text run at (0,1428) width 321: "content should be split into two columns. This"
      text run at (0,1449) width 321: "content should be split into two columns. This"
      text run at (0,1470) width 321: "content should be split into two columns. This"
      text run at (0,1491) width 321: "content should be split into two columns. This"
      text run at (0,1512) width 321: "content should be split into two columns. This"
      text run at (0,1533) width 321: "content should be split into two columns. This"
      text run at (0,1554) width 321: "content should be split into two columns. This"
      text run at (0,1575) width 321: "content should be split into two columns. This"
      text run at (0,1596) width 321: "content should be split into two columns. This"
      text run at (0,1617) width 321: "content should be split into two columns. This"
      text run at (0,1638) width 321: "content should be split into two columns. This"
      text run at (0,1659) width 321: "content should be split into two columns. This"
      text run at (0,1680) width 321: "content should be split into two columns. This"
      text run at (0,1701) width 321: "content should be split into two columns. This"
      text run at (0,1722) width 321: "content should be split into two columns. This"
      text run at (0,1743) width 321: "content should be split into two columns. This"
      text run at (0,1764) width 321: "content should be split into two columns. This"
      text run at (0,1785) width 321: "content should be split into two columns. This"
      text run at (0,1806) width 321: "content should be split into two columns. This"
      text run at (0,1827) width 321: "content should be split into two columns. This"
      text run at (0,1848) width 321: "content should be split into two columns. This"
      text run at (0,1869) width 286: "content should be split into two columns."
