layer at (0,0) size 1188x584
  RenderView at (0,0) size 800x584
layer at (0,0) size 800x584
  RenderBlock {HTML} at (0,0) size 800x584
    RenderBody {BODY} at (8,8) size 784x568
layer at (8,8) size 784x404
  RenderBlock {DIV} at (0,0) size 784x404 [border: (2px solid #000000)]
    RenderText {#text} at (2,2) size 123x21
      text run at (2,2) width 123: "This is some text."
    RenderBR {BR} at (125,18) size 0x0
    RenderText {#text} at (2,23) size 123x21
      text run at (2,23) width 123: "This is some text."
    RenderBR {BR} at (125,39) size 0x0
    RenderText {#text} at (2,44) size 123x21
      text run at (2,44) width 123: "This is some text."
    RenderBR {BR} at (125,60) size 0x0
    RenderText {#text} at (2,65) size 123x21
      text run at (2,65) width 123: "This is some text."
    RenderBR {BR} at (125,81) size 0x0
    RenderText {#text} at (2,86) size 123x21
      text run at (2,86) width 123: "This is some text."
    RenderBR {BR} at (125,102) size 0x0
    RenderText {#text} at (2,107) size 123x21
      text run at (2,107) width 123: "This is some text."
    RenderBR {BR} at (125,123) size 0x0
    RenderText {#text} at (2,128) size 123x21
      text run at (2,128) width 123: "This is some text."
    RenderBR {BR} at (125,144) size 0x0
    RenderText {#text} at (2,149) size 123x21
      text run at (2,149) width 123: "This is some text."
    RenderBR {BR} at (125,165) size 0x0
    RenderText {#text} at (2,170) size 123x21
      text run at (2,170) width 123: "This is some text."
    RenderBR {BR} at (125,186) size 0x0
    RenderText {#text} at (2,191) size 123x21
      text run at (2,191) width 123: "This is some text."
    RenderBR {BR} at (125,207) size 0x0
    RenderImage {IMG} at (2,402) size 250x300 [bgcolor=#008000]
    RenderText {#text} at (252,402) size 123x21
      text run at (252,402) width 123: "This is some text."
    RenderBR {BR} at (375,418) size 0x0
    RenderText {#text} at (252,423) size 123x21
      text run at (252,423) width 123: "This is some text."
    RenderBR {BR} at (375,439) size 0x0
    RenderText {#text} at (252,444) size 123x21
      text run at (252,444) width 123: "This is some text."
    RenderBR {BR} at (375,460) size 0x0
    RenderText {#text} at (252,465) size 123x21
      text run at (252,465) width 123: "This is some text."
    RenderBR {BR} at (375,481) size 0x0
    RenderText {#text} at (252,486) size 123x21
      text run at (252,486) width 123: "This is some text."
    RenderBR {BR} at (375,502) size 0x0
    RenderText {#text} at (252,507) size 123x21
      text run at (252,507) width 123: "This is some text."
    RenderBR {BR} at (375,523) size 0x0
    RenderText {#text} at (252,528) size 123x21
      text run at (252,528) width 123: "This is some text."
    RenderBR {BR} at (375,544) size 0x0
    RenderText {#text} at (252,549) size 123x21
      text run at (252,549) width 123: "This is some text."
    RenderBR {BR} at (375,565) size 0x0
    RenderText {#text} at (252,570) size 123x21
      text run at (252,570) width 123: "This is some text."
    RenderBR {BR} at (375,586) size 0x0
    RenderText {#text} at (252,591) size 123x21
      text run at (252,591) width 123: "This is some text."
    RenderBR {BR} at (375,607) size 0x0
    RenderText {#text} at (252,612) size 123x21
      text run at (252,612) width 123: "This is some text."
    RenderBR {BR} at (375,628) size 0x0
    RenderText {#text} at (252,633) size 123x21
      text run at (252,633) width 123: "This is some text."
    RenderBR {BR} at (375,649) size 0x0
    RenderText {#text} at (252,654) size 123x21
      text run at (252,654) width 123: "This is some text."
    RenderBR {BR} at (375,670) size 0x0
    RenderText {#text} at (252,675) size 123x21
      text run at (252,675) width 123: "This is some text."
    RenderBR {BR} at (375,691) size 0x0
    RenderText {#text} at (252,696) size 123x21
      text run at (252,696) width 123: "This is some text."
    RenderBR {BR} at (375,712) size 0x0
    RenderText {#text} at (2,717) size 123x21
      text run at (2,717) width 123: "This is some text."
    RenderBR {BR} at (125,733) size 0x0
    RenderText {#text} at (2,738) size 123x21
      text run at (2,738) width 123: "This is some text."
    RenderBR {BR} at (125,754) size 0x0
    RenderText {#text} at (2,759) size 123x21
      text run at (2,759) width 123: "This is some text."
    RenderBR {BR} at (125,775) size 0x0
    RenderText {#text} at (2,780) size 123x21
      text run at (2,780) width 123: "This is some text."
    RenderBR {BR} at (125,796) size 0x0
    RenderText {#text} at (2,802) size 123x21
      text run at (2,802) width 123: "This is some text."
    RenderBR {BR} at (125,818) size 0x0
    RenderText {#text} at (2,823) size 123x21
      text run at (2,823) width 123: "This is some text."
    RenderBR {BR} at (125,839) size 0x0
    RenderText {#text} at (2,844) size 123x21
      text run at (2,844) width 123: "This is some text."
    RenderBR {BR} at (125,860) size 0x0
    RenderText {#text} at (2,865) size 123x21
      text run at (2,865) width 123: "This is some text."
    RenderBR {BR} at (125,881) size 0x0
    RenderText {#text} at (2,886) size 123x21
      text run at (2,886) width 123: "This is some text."
    RenderBR {BR} at (125,902) size 0x0
    RenderText {#text} at (2,907) size 123x21
      text run at (2,907) width 123: "This is some text."
    RenderBR {BR} at (125,923) size 0x0
    RenderText {#text} at (2,928) size 123x21
      text run at (2,928) width 123: "This is some text."
    RenderBR {BR} at (125,944) size 0x0
    RenderText {#text} at (2,949) size 123x21
      text run at (2,949) width 123: "This is some text."
    RenderBR {BR} at (125,965) size 0x0
    RenderText {#text} at (2,970) size 123x21
      text run at (2,970) width 123: "This is some text."
    RenderBR {BR} at (125,986) size 0x0
    RenderText {#text} at (2,991) size 123x21
      text run at (2,991) width 123: "This is some text."
    RenderBR {BR} at (125,1007) size 0x0
    RenderText {#text} at (2,1012) size 123x21
      text run at (2,1012) width 123: "This is some text."
    RenderBR {BR} at (125,1028) size 0x0
