layer at (0,0) size 1287x678
  RenderView at (0,0) size 784x584
layer at (0,0) size 784x678
  RenderBlock {HTML} at (0,0) size 784x678
    RenderBody {BODY} at (8,8) size 768x662
      RenderBlock (anonymous) at (0,0) size 768x21
        RenderText {#text} at (0,0) size 94x21
          text run at (0,0) width 94: "LTR Version:"
      RenderBlock (anonymous) at (0,331) size 768x21
        RenderText {#text} at (0,0) size 94x21
          text run at (0,0) width 94: "RTL Version:"
layer at (8,29) size 768x310
  RenderBlock {DIV} at (0,21) size 768x310 [border: (5px solid #800000)]
    RenderBlock (anonymous) at (5,5) size 242x273
      RenderText {#text} at (0,0) size 119x21
        text run at (0,0) width 119: "This is some text"
      RenderBR {BR} at (119,16) size 0x0
      RenderText {#text} at (0,21) size 119x21
        text run at (0,21) width 119: "This is some text"
      RenderBR {BR} at (119,37) size 0x0
      RenderText {#text} at (0,42) size 119x21
        text run at (0,42) width 119: "This is some text"
      RenderBR {BR} at (119,58) size 0x0
      RenderText {#text} at (0,63) size 119x21
        text run at (0,63) width 119: "This is some text"
      RenderBR {BR} at (119,79) size 0x0
      RenderText {#text} at (0,84) size 119x21
        text run at (0,84) width 119: "This is some text"
      RenderBR {BR} at (119,100) size 0x0
      RenderText {#text} at (0,105) size 119x21
        text run at (0,105) width 119: "This is some text"
      RenderBR {BR} at (119,121) size 0x0
      RenderText {#text} at (0,126) size 119x21
        text run at (0,126) width 119: "This is some text"
      RenderBR {BR} at (119,142) size 0x0
      RenderText {#text} at (0,147) size 119x21
        text run at (0,147) width 119: "This is some text"
      RenderBR {BR} at (119,163) size 0x0
      RenderText {#text} at (0,168) size 119x21
        text run at (0,168) width 119: "This is some text"
      RenderBR {BR} at (119,184) size 0x0
      RenderText {#text} at (0,189) size 119x21
        text run at (0,189) width 119: "This is some text"
      RenderBR {BR} at (119,205) size 0x0
      RenderText {#text} at (0,210) size 119x21
        text run at (0,210) width 119: "This is some text"
      RenderBR {BR} at (119,226) size 0x0
      RenderText {#text} at (0,231) size 119x21
        text run at (0,231) width 119: "This is some text"
      RenderBR {BR} at (119,247) size 0x0
      RenderText {#text} at (0,252) size 119x21
        text run at (0,252) width 119: "This is some text"
      RenderBR {BR} at (119,268) size 0x0
    RenderBlock {DIV} at (5,305) size 242x270
      RenderText {#text} at (0,0) size 0x0
    RenderBlock (anonymous) at (5,575) size 242x603
      RenderText {#text} at (0,0) size 119x21
        text run at (0,0) width 119: "This is some text"
      RenderBR {BR} at (119,16) size 0x0
      RenderText {#text} at (0,30) size 119x21
        text run at (0,30) width 119: "This is some text"
      RenderBR {BR} at (119,46) size 0x0
      RenderText {#text} at (0,51) size 119x21
        text run at (0,51) width 119: "This is some text"
      RenderBR {BR} at (119,67) size 0x0
      RenderText {#text} at (0,72) size 119x21
        text run at (0,72) width 119: "This is some text"
      RenderBR {BR} at (119,88) size 0x0
      RenderText {#text} at (0,93) size 119x21
        text run at (0,93) width 119: "This is some text"
      RenderBR {BR} at (119,109) size 0x0
      RenderText {#text} at (0,114) size 119x21
        text run at (0,114) width 119: "This is some text"
      RenderBR {BR} at (119,130) size 0x0
      RenderText {#text} at (0,135) size 119x21
        text run at (0,135) width 119: "This is some text"
      RenderBR {BR} at (119,151) size 0x0
      RenderText {#text} at (0,156) size 119x21
        text run at (0,156) width 119: "This is some text"
      RenderBR {BR} at (119,172) size 0x0
      RenderText {#text} at (0,177) size 119x21
        text run at (0,177) width 119: "This is some text"
      RenderBR {BR} at (119,193) size 0x0
      RenderText {#text} at (0,198) size 119x21
        text run at (0,198) width 119: "This is some text"
      RenderBR {BR} at (119,214) size 0x0
      RenderText {#text} at (0,219) size 119x21
        text run at (0,219) width 119: "This is some text"
      RenderBR {BR} at (119,235) size 0x0
      RenderText {#text} at (0,240) size 119x21
        text run at (0,240) width 119: "This is some text"
      RenderBR {BR} at (119,256) size 0x0
      RenderText {#text} at (0,261) size 119x21
        text run at (0,261) width 119: "This is some text"
      RenderBR {BR} at (119,277) size 0x0
      RenderText {#text} at (0,282) size 119x21
        text run at (0,282) width 119: "This is some text"
      RenderBR {BR} at (119,298) size 0x0
      RenderText {#text} at (0,303) size 119x21
        text run at (0,303) width 119: "This is some text"
      RenderBR {BR} at (119,319) size 0x0
      RenderText {#text} at (0,330) size 119x21
        text run at (0,330) width 119: "This is some text"
      RenderBR {BR} at (119,346) size 0x0
      RenderText {#text} at (0,351) size 119x21
        text run at (0,351) width 119: "This is some text"
      RenderBR {BR} at (119,367) size 0x0
      RenderText {#text} at (0,372) size 119x21
        text run at (0,372) width 119: "This is some text"
      RenderBR {BR} at (119,388) size 0x0
      RenderText {#text} at (0,393) size 119x21
        text run at (0,393) width 119: "This is some text"
      RenderBR {BR} at (119,409) size 0x0
      RenderText {#text} at (0,414) size 119x21
        text run at (0,414) width 119: "This is some text"
      RenderBR {BR} at (119,430) size 0x0
      RenderText {#text} at (0,435) size 119x21
        text run at (0,435) width 119: "This is some text"
      RenderBR {BR} at (119,451) size 0x0
      RenderText {#text} at (0,456) size 119x21
        text run at (0,456) width 119: "This is some text"
      RenderBR {BR} at (119,472) size 0x0
      RenderText {#text} at (0,477) size 119x21
        text run at (0,477) width 119: "This is some text"
      RenderBR {BR} at (119,493) size 0x0
      RenderText {#text} at (0,498) size 119x21
        text run at (0,498) width 119: "This is some text"
      RenderBR {BR} at (119,514) size 0x0
      RenderText {#text} at (0,519) size 119x21
        text run at (0,519) width 119: "This is some text"
      RenderBR {BR} at (119,535) size 0x0
      RenderText {#text} at (0,540) size 119x21
        text run at (0,540) width 119: "This is some text"
      RenderBR {BR} at (119,556) size 0x0
      RenderText {#text} at (0,561) size 119x21
        text run at (0,561) width 119: "This is some text"
      RenderBR {BR} at (119,577) size 0x0
      RenderText {#text} at (0,0) size 0x0
    RenderBlock (anonymous) at (5,1205) size 242x294
      RenderText {#text} at (0,0) size 119x21
        text run at (0,0) width 119: "This is some text"
      RenderBR {BR} at (119,16) size 0x0
      RenderText {#text} at (0,21) size 119x21
        text run at (0,21) width 119: "This is some text"
      RenderBR {BR} at (119,37) size 0x0
      RenderText {#text} at (0,42) size 119x21
        text run at (0,42) width 119: "This is some text"
      RenderBR {BR} at (119,58) size 0x0
      RenderText {#text} at (0,63) size 119x21
        text run at (0,63) width 119: "This is some text"
      RenderBR {BR} at (119,79) size 0x0
      RenderText {#text} at (0,84) size 119x21
        text run at (0,84) width 119: "This is some text"
      RenderBR {BR} at (119,100) size 0x0
      RenderText {#text} at (0,105) size 119x21
        text run at (0,105) width 119: "This is some text"
      RenderBR {BR} at (119,121) size 0x0
      RenderText {#text} at (0,126) size 119x21
        text run at (0,126) width 119: "This is some text"
      RenderBR {BR} at (119,142) size 0x0
      RenderText {#text} at (0,147) size 119x21
        text run at (0,147) width 119: "This is some text"
      RenderBR {BR} at (119,163) size 0x0
      RenderText {#text} at (0,168) size 119x21
        text run at (0,168) width 119: "This is some text"
      RenderBR {BR} at (119,184) size 0x0
      RenderText {#text} at (0,189) size 119x21
        text run at (0,189) width 119: "This is some text"
      RenderBR {BR} at (119,205) size 0x0
      RenderText {#text} at (0,210) size 119x21
        text run at (0,210) width 119: "This is some text"
      RenderBR {BR} at (119,226) size 0x0
      RenderText {#text} at (0,231) size 119x21
        text run at (0,231) width 119: "This is some text"
      RenderBR {BR} at (119,247) size 0x0
      RenderText {#text} at (0,252) size 119x21
        text run at (0,252) width 119: "This is some text"
      RenderBR {BR} at (119,268) size 0x0
      RenderText {#text} at (0,273) size 119x21
        text run at (0,273) width 119: "This is some text"
      RenderBR {BR} at (119,289) size 0x0
layer at (8,360) size 768x310
  RenderBlock {DIV} at (0,352) size 768x310 [border: (5px solid #800000)]
    RenderBlock (anonymous) at (5,5) size 242x273
      RenderText {#text} at (123,0) size 119x21
        text run at (123,0) width 119: "This is some text"
      RenderBR {BR} at (123,16) size 0x0
      RenderText {#text} at (123,21) size 119x21
        text run at (123,21) width 119: "This is some text"
      RenderBR {BR} at (123,37) size 0x0
      RenderText {#text} at (123,42) size 119x21
        text run at (123,42) width 119: "This is some text"
      RenderBR {BR} at (123,58) size 0x0
      RenderText {#text} at (123,63) size 119x21
        text run at (123,63) width 119: "This is some text"
      RenderBR {BR} at (123,79) size 0x0
      RenderText {#text} at (123,84) size 119x21
        text run at (123,84) width 119: "This is some text"
      RenderBR {BR} at (123,100) size 0x0
      RenderText {#text} at (123,105) size 119x21
        text run at (123,105) width 119: "This is some text"
      RenderBR {BR} at (123,121) size 0x0
      RenderText {#text} at (123,126) size 119x21
        text run at (123,126) width 119: "This is some text"
      RenderBR {BR} at (123,142) size 0x0
      RenderText {#text} at (123,147) size 119x21
        text run at (123,147) width 119: "This is some text"
      RenderBR {BR} at (123,163) size 0x0
      RenderText {#text} at (123,168) size 119x21
        text run at (123,168) width 119: "This is some text"
      RenderBR {BR} at (123,184) size 0x0
      RenderText {#text} at (123,189) size 119x21
        text run at (123,189) width 119: "This is some text"
      RenderBR {BR} at (123,205) size 0x0
      RenderText {#text} at (123,210) size 119x21
        text run at (123,210) width 119: "This is some text"
      RenderBR {BR} at (123,226) size 0x0
      RenderText {#text} at (123,231) size 119x21
        text run at (123,231) width 119: "This is some text"
      RenderBR {BR} at (123,247) size 0x0
      RenderText {#text} at (123,252) size 119x21
        text run at (123,252) width 119: "This is some text"
      RenderBR {BR} at (123,268) size 0x0
    RenderBlock {DIV} at (5,305) size 242x270
      RenderText {#text} at (0,0) size 0x0
    RenderBlock (anonymous) at (5,575) size 242x603
      RenderText {#text} at (123,0) size 119x21
        text run at (123,0) width 119: "This is some text"
      RenderBR {BR} at (123,16) size 0x0
      RenderText {#text} at (123,30) size 119x21
        text run at (123,30) width 119: "This is some text"
      RenderBR {BR} at (123,46) size 0x0
      RenderText {#text} at (123,51) size 119x21
        text run at (123,51) width 119: "This is some text"
      RenderBR {BR} at (123,67) size 0x0
      RenderText {#text} at (123,72) size 119x21
        text run at (123,72) width 119: "This is some text"
      RenderBR {BR} at (123,88) size 0x0
      RenderText {#text} at (123,93) size 119x21
        text run at (123,93) width 119: "This is some text"
      RenderBR {BR} at (123,109) size 0x0
      RenderText {#text} at (123,114) size 119x21
        text run at (123,114) width 119: "This is some text"
      RenderBR {BR} at (123,130) size 0x0
      RenderText {#text} at (123,135) size 119x21
        text run at (123,135) width 119: "This is some text"
      RenderBR {BR} at (123,151) size 0x0
      RenderText {#text} at (123,156) size 119x21
        text run at (123,156) width 119: "This is some text"
      RenderBR {BR} at (123,172) size 0x0
      RenderText {#text} at (123,177) size 119x21
        text run at (123,177) width 119: "This is some text"
      RenderBR {BR} at (123,193) size 0x0
      RenderText {#text} at (123,198) size 119x21
        text run at (123,198) width 119: "This is some text"
      RenderBR {BR} at (123,214) size 0x0
      RenderText {#text} at (123,219) size 119x21
        text run at (123,219) width 119: "This is some text"
      RenderBR {BR} at (123,235) size 0x0
      RenderText {#text} at (123,240) size 119x21
        text run at (123,240) width 119: "This is some text"
      RenderBR {BR} at (123,256) size 0x0
      RenderText {#text} at (123,261) size 119x21
        text run at (123,261) width 119: "This is some text"
      RenderBR {BR} at (123,277) size 0x0
      RenderText {#text} at (123,282) size 119x21
        text run at (123,282) width 119: "This is some text"
      RenderBR {BR} at (123,298) size 0x0
      RenderText {#text} at (123,303) size 119x21
        text run at (123,303) width 119: "This is some text"
      RenderBR {BR} at (123,319) size 0x0
      RenderText {#text} at (123,330) size 119x21
        text run at (123,330) width 119: "This is some text"
      RenderBR {BR} at (123,346) size 0x0
      RenderText {#text} at (123,351) size 119x21
        text run at (123,351) width 119: "This is some text"
      RenderBR {BR} at (123,367) size 0x0
      RenderText {#text} at (123,372) size 119x21
        text run at (123,372) width 119: "This is some text"
      RenderBR {BR} at (123,388) size 0x0
      RenderText {#text} at (123,393) size 119x21
        text run at (123,393) width 119: "This is some text"
      RenderBR {BR} at (123,409) size 0x0
      RenderText {#text} at (123,414) size 119x21
        text run at (123,414) width 119: "This is some text"
      RenderBR {BR} at (123,430) size 0x0
      RenderText {#text} at (123,435) size 119x21
        text run at (123,435) width 119: "This is some text"
      RenderBR {BR} at (123,451) size 0x0
      RenderText {#text} at (123,456) size 119x21
        text run at (123,456) width 119: "This is some text"
      RenderBR {BR} at (123,472) size 0x0
      RenderText {#text} at (123,477) size 119x21
        text run at (123,477) width 119: "This is some text"
      RenderBR {BR} at (123,493) size 0x0
      RenderText {#text} at (123,498) size 119x21
        text run at (123,498) width 119: "This is some text"
      RenderBR {BR} at (123,514) size 0x0
      RenderText {#text} at (123,519) size 119x21
        text run at (123,519) width 119: "This is some text"
      RenderBR {BR} at (123,535) size 0x0
      RenderText {#text} at (123,540) size 119x21
        text run at (123,540) width 119: "This is some text"
      RenderBR {BR} at (123,556) size 0x0
      RenderText {#text} at (123,561) size 119x21
        text run at (123,561) width 119: "This is some text"
      RenderBR {BR} at (123,577) size 0x0
      RenderText {#text} at (0,0) size 0x0
    RenderBlock (anonymous) at (5,1205) size 242x294
      RenderText {#text} at (123,0) size 119x21
        text run at (123,0) width 119: "This is some text"
      RenderBR {BR} at (123,16) size 0x0
      RenderText {#text} at (123,21) size 119x21
        text run at (123,21) width 119: "This is some text"
      RenderBR {BR} at (123,37) size 0x0
      RenderText {#text} at (123,42) size 119x21
        text run at (123,42) width 119: "This is some text"
      RenderBR {BR} at (123,58) size 0x0
      RenderText {#text} at (123,63) size 119x21
        text run at (123,63) width 119: "This is some text"
      RenderBR {BR} at (123,79) size 0x0
      RenderText {#text} at (123,84) size 119x21
        text run at (123,84) width 119: "This is some text"
      RenderBR {BR} at (123,100) size 0x0
      RenderText {#text} at (123,105) size 119x21
        text run at (123,105) width 119: "This is some text"
      RenderBR {BR} at (123,121) size 0x0
      RenderText {#text} at (123,126) size 119x21
        text run at (123,126) width 119: "This is some text"
      RenderBR {BR} at (123,142) size 0x0
      RenderText {#text} at (123,147) size 119x21
        text run at (123,147) width 119: "This is some text"
      RenderBR {BR} at (123,163) size 0x0
      RenderText {#text} at (123,168) size 119x21
        text run at (123,168) width 119: "This is some text"
      RenderBR {BR} at (123,184) size 0x0
      RenderText {#text} at (123,189) size 119x21
        text run at (123,189) width 119: "This is some text"
      RenderBR {BR} at (123,205) size 0x0
      RenderText {#text} at (123,210) size 119x21
        text run at (123,210) width 119: "This is some text"
      RenderBR {BR} at (123,226) size 0x0
      RenderText {#text} at (123,231) size 119x21
        text run at (123,231) width 119: "This is some text"
      RenderBR {BR} at (123,247) size 0x0
      RenderText {#text} at (123,252) size 119x21
        text run at (123,252) width 119: "This is some text"
      RenderBR {BR} at (123,268) size 0x0
      RenderText {#text} at (123,273) size 119x21
        text run at (123,273) width 119: "This is some text"
      RenderBR {BR} at (123,289) size 0x0
layer at (13,334) size 100x270
  RenderBlock (relative positioned) {DIV} at (0,0) size 100x270 [bgcolor=#008000]
layer at (155,665) size 100x270 backgroundClip at (0,0) size 1287x678 clip at (0,0) size 1287x678 outlineClip at (0,0) size 1287x678
  RenderBlock (relative positioned) {DIV} at (142,0) size 100x270 [bgcolor=#008000]
