layer at (0,0) size 784x683
  RenderView at (0,0) size 784x600
layer at (0,0) size 784x683
  RenderBlock {HTML} at (0,0) size 784x683
    RenderBody {BODY} at (8,8) size 768x667
      RenderBlock {DIV} at (0,0) size 220x331
        RenderBlock (anonymous) at (0,0) size 220x21
          RenderText {#text} at (0,0) size 67x21
            text run at (0,0) width 67: "Overflow:"
      RenderText {#text} at (220,315) size 4x21
        text run at (220,315) width 4: " "
      RenderBlock {DIV} at (224,0) size 220x331
        RenderBlock (anonymous) at (0,0) size 220x21
          RenderText {#text} at (0,0) size 84x21
            text run at (0,0) width 84: "Transforms:"
      RenderText {#text} at (444,315) size 4x21
        text run at (444,315) width 4: " "
      RenderBlock {DIV} at (448,0) size 220x331
        RenderBlock (anonymous) at (0,0) size 220x21
          RenderText {#text} at (0,0) size 147x21
            text run at (0,0) width 147: "Relative Positioning:"
      RenderText {#text} at (0,0) size 0x0
      RenderBlock {DIV} at (0,336) size 220x331
        RenderBlock (anonymous) at (0,0) size 220x21
          RenderText {#text} at (0,0) size 58x21
            text run at (0,0) width 58: "Opacity:"
layer at (8,29) size 220x310
  RenderBlock {DIV} at (0,21) size 220x310 [border: (5px solid #000000)]
    RenderBlock (anonymous) at (5,5) size 100x100
      RenderBlock {DIV} at (0,0) size 100x100 [bgcolor=#000000]
      RenderText {#text} at (0,0) size 0x0
    RenderBlock (anonymous) at (5,505) size 100x100
      RenderBlock {DIV} at (0,0) size 100x100 [bgcolor=#000000]
      RenderText {#text} at (0,0) size 0x0
layer at (13,134) size 100x400
  RenderBlock {DIV} at (5,105) size 100x400
    RenderBlock {DIV} at (0,0) size 100x100 [bgcolor=#0000F0]
    RenderBlock {DIV} at (0,100) size 100x100 [bgcolor=#0000D0]
    RenderBlock {DIV} at (0,200) size 100x100 [bgcolor=#0000B0]
    RenderBlock {DIV} at (0,300) size 100x100 [bgcolor=#000090]
layer at (232,29) size 220x310
  RenderBlock {DIV} at (0,21) size 220x310 [border: (5px solid #000000)]
    RenderBlock (anonymous) at (5,5) size 100x100
      RenderBlock {DIV} at (0,0) size 100x100 [bgcolor=#000000]
      RenderText {#text} at (0,0) size 0x0
    RenderBlock (anonymous) at (5,505) size 100x100
      RenderBlock {DIV} at (0,0) size 100x100 [bgcolor=#000000]
      RenderText {#text} at (0,0) size 0x0
layer at (456,29) size 220x310
  RenderBlock {DIV} at (0,21) size 220x310 [border: (5px solid #000000)]
    RenderBlock (anonymous) at (5,5) size 100x100
      RenderBlock {DIV} at (0,0) size 100x100 [bgcolor=#000000]
      RenderText {#text} at (0,0) size 0x0
    RenderBlock (anonymous) at (5,505) size 100x100
      RenderBlock {DIV} at (0,0) size 100x100 [bgcolor=#000000]
      RenderText {#text} at (0,0) size 0x0
layer at (8,365) size 220x310
  RenderBlock {DIV} at (0,21) size 220x310 [border: (5px solid #000000)]
    RenderBlock (anonymous) at (5,5) size 100x100
      RenderBlock {DIV} at (0,0) size 100x100 [bgcolor=#000000]
      RenderText {#text} at (0,0) size 0x0
    RenderBlock (anonymous) at (5,505) size 100x100
      RenderBlock {DIV} at (0,0) size 100x100 [bgcolor=#000000]
      RenderText {#text} at (0,0) size 0x0
layer at (137,134) size 100x400
  RenderBlock {DIV} at (-95,105) size 100x400
    RenderBlock {DIV} at (0,0) size 100x100 [bgcolor=#0000F0]
    RenderBlock {DIV} at (0,100) size 100x100 [bgcolor=#0000D0]
    RenderBlock {DIV} at (0,200) size 100x100 [bgcolor=#0000B0]
    RenderBlock {DIV} at (0,300) size 100x100 [bgcolor=#000090]
layer at (461,134) size 100x400
  RenderBlock (relative positioned) {DIV} at (-95,105) size 100x400
    RenderBlock {DIV} at (0,0) size 100x100 [bgcolor=#0000F0]
    RenderBlock {DIV} at (0,100) size 100x100 [bgcolor=#0000D0]
    RenderBlock {DIV} at (0,200) size 100x100 [bgcolor=#0000B0]
    RenderBlock {DIV} at (0,300) size 100x100 [bgcolor=#000090]
layer at (13,470) size 100x400 backgroundClip at (0,0) size 784x683 clip at (0,0) size 784x683 outlineClip at (0,0) size 784x683
  RenderBlock {DIV} at (5,105) size 100x400
    RenderBlock {DIV} at (0,0) size 100x100 [bgcolor=#0000F0]
    RenderBlock {DIV} at (0,100) size 100x100 [bgcolor=#0000D0]
    RenderBlock {DIV} at (0,200) size 100x100 [bgcolor=#0000B0]
    RenderBlock {DIV} at (0,300) size 100x100 [bgcolor=#000090]
