layer at (0,0) size 1141x584
  RenderView at (0,0) size 800x584
layer at (0,0) size 800x584
  RenderBlock {HTML} at (0,0) size 800x584
layer at (8,8) size 750x500
  RenderBody {BODY} at (8,8) size 750x500
    RenderBlock {H1} at (0,0) size 367x42
      RenderText {#text} at (0,0) size 181x42
        text run at (0,0) width 181: "Header One"
    RenderBlock (anonymous) at (0,63) size 367x252
      RenderText {#text} at (0,0) size 367x252
        text run at (0,0) width 367: "Lorem ipsum dolor sit amet, consectetuer adipiscing"
        text run at (0,21) width 349: "elit. Nulla varius enim ac mi. Curabitur sollicitudin"
        text run at (0,42) width 353: "felis quis lectus. Quisque adipiscing rhoncus sem."
        text run at (0,63) width 356: "Proin nulla purus, vulputate vel, varius ut, euismod"
        text run at (0,84) width 366: "et, nisi. Sed vitae felis vel orci sagittis aliquam. Cras"
        text run at (0,105) width 333: "convallis adipiscing sem. Nam nonummy enim."
        text run at (0,126) width 352: "Nullam bibendum lobortis neque. Vestibulum velit"
        text run at (0,147) width 358: "orci, tempus euismod, pretium quis, interdum vitae,"
        text run at (0,168) width 341: "nulla. Phasellus eget ante et tortor condimentum"
        text run at (0,189) width 356: "vestibulum. Suspendisse hendrerit quam nec felis."
        text run at (0,210) width 357: "Sed varius turpis vitae pede. Lorem ipsum dolor sit"
        text run at (0,231) width 240: "amet, consectetuer adipiscing elit."
    RenderBlock {H1} at (0,336) size 367x42
      RenderText {#text} at (0,0) size 183x42
        text run at (0,0) width 183: "Header Two"
    RenderBlock (anonymous) at (0,399) size 367x269
      RenderText {#text} at (0,0) size 367x269
        text run at (0,0) width 367: "Lorem ipsum dolor sit amet, consectetuer adipiscing"
        text run at (0,21) width 349: "elit. Nulla varius enim ac mi. Curabitur sollicitudin"
        text run at (0,42) width 353: "felis quis lectus. Quisque adipiscing rhoncus sem."
        text run at (0,63) width 356: "Proin nulla purus, vulputate vel, varius ut, euismod"
        text run at (0,101) width 366: "et, nisi. Sed vitae felis vel orci sagittis aliquam. Cras"
        text run at (0,122) width 333: "convallis adipiscing sem. Nam nonummy enim."
        text run at (0,143) width 352: "Nullam bibendum lobortis neque. Vestibulum velit"
        text run at (0,164) width 358: "orci, tempus euismod, pretium quis, interdum vitae,"
        text run at (0,185) width 341: "nulla. Phasellus eget ante et tortor condimentum"
        text run at (0,206) width 356: "vestibulum. Suspendisse hendrerit quam nec felis."
        text run at (0,227) width 357: "Sed varius turpis vitae pede. Lorem ipsum dolor sit"
        text run at (0,248) width 240: "amet, consectetuer adipiscing elit."
    RenderBlock {H1} at (0,689) size 367x42
      RenderText {#text} at (0,0) size 206x42
        text run at (0,0) width 206: "Header Three"
    RenderBlock {H1} at (0,1089) size 367x42
      RenderText {#text} at (0,0) size 190x42
        text run at (0,0) width 190: "Header Four"
    RenderBlock (anonymous) at (0,1152) size 367x42
      RenderText {#text} at (0,0) size 367x42
        text run at (0,0) width 367: "Lorem ipsum dolor sit amet, consectetuer adipiscing"
        text run at (0,21) width 199: "elit. Nulla varius enim ac mi."
