layer at (0,0) size 800x600
  RenderView at (0,0) size 800x600
layer at (0,0) size 800x600
  RenderBlock {HTML} at (0,0) size 800x600
    RenderBody {BODY} at (8,8) size 784x584
layer at (8,8) size 506x505
  RenderBlock {DIV} at (0,0) size 506x505 [border: (3px solid #000000)]
layer at (11,11) size 158x1454 backgroundClip at (11,11) size 158x589 clip at (11,11) size 158x589 outlineClip at (0,0) size 800x600
  RenderBlock {DIV} at (3,3) size 158x1454
    RenderText {#text} at (0,5) size 158x1444
      text run at (0,5) width 158: "Lorem ipsum dolor sit amet,"
      text run at (0,29) width 158: "consectetur adipiscing elit."
      text run at (0,53) width 158: "Nullam ornare, nunc eget"
      text run at (0,77) width 158: "condimentum tempor, augue"
      text run at (0,101) width 158: "ligula accumsan eros, sed"
      text run at (0,125) width 158: "consequat sapien orci id libero."
      text run at (0,149) width 158: "Curabitur tristique, augue in"
      text run at (0,173) width 158: "aliquet accumsan, nibh nisi"
      text run at (0,197) width 158: "lobortis odio, et suscipit est"
      text run at (0,221) width 158: "ligula eu nisi. Nunc aliquet"
      text run at (0,245) width 158: "lobortis porta. Donec venenatis"
      text run at (0,269) width 158: "consectetur eleifend. Etiam sed"
      text run at (0,293) width 158: "tempor quam. Pellentesque"
      text run at (0,317) width 158: "gravida gravida eros venenatis"
      text run at (0,341) width 158: "suscipit. Aenean diam enim,"
      text run at (0,365) width 158: "suscipit id pellentesque vel,"
      text run at (0,389) width 158: "hendrerit et metus. Suspendisse"
      text run at (0,413) width 158: "felis erat, hendrerit a congue in,"
      text run at (0,437) width 158: "euismod ac erat. Donec pulvinar"
      text run at (0,461) width 158: "venenatis tortor, a lobortis erat"
      text run at (0,504) width 158: "scelerisque et. Class aptent taciti"
      text run at (0,528) width 158: "sociosqu ad litora torquent per"
      text run at (0,552) width 158: "conubia nostra, per inceptos"
      text run at (0,576) width 158: "himenaeos. Aliquam in orci id"
      text run at (0,600) width 158: "felis mollis porta ac et orci."
      text run at (0,624) width 158: "Donec viverra, eros ac mattis"
      text run at (0,648) width 158: "dapibus, quam ante porta lectus,"
      text run at (0,672) width 158: "accumsan pellentesque nibh"
      text run at (0,696) width 158: "metus non felis. Vivamus sed"
      text run at (0,720) width 158: "eros quis magna scelerisque"
      text run at (0,744) width 116: "ultrices ac eget velit. "
      text run at (116,744) width 42: "Nunc et"
      text run at (0,768) width 158: "odio ut velit posuere viverra."
      text run at (0,792) width 158: "Integer eu mi quis velit dapibus"
      text run at (0,816) width 158: "tempus at ut purus. Quisque"
      text run at (0,840) width 158: "congue mollis mauris a hendrerit."
      text run at (0,864) width 158: "Nam viverra est at orci interdum"
      text run at (0,888) width 158: "a ullamcorper mi dictum. In id"
      text run at (0,912) width 158: "sapien augue. Suspendisse"
      text run at (0,936) width 158: "potenti. Vestibulum turpis"
      text run at (0,960) width 158: "purus, convallis ut sagittis quis,"
      text run at (0,1003) width 158: "semper vel mauris. Curabitur"
      text run at (0,1027) width 158: "vitae felis turpis. Fusce augue"
      text run at (0,1051) width 158: "nibh, consectetur non"
      text run at (0,1075) width 158: "vestibulum et, bibendum sit"
      text run at (0,1099) width 158: "amet lectus. Nulla at imperdiet"
      text run at (0,1123) width 158: "metus. Donec non est velit, non"
      text run at (0,1147) width 158: "fringilla ipsum. Fusce elementum"
      text run at (0,1171) width 158: "neque a nibh egestas sodales."
      text run at (0,1195) width 158: "Mauris ut lorem hendrerit metus"
      text run at (0,1219) width 158: "interdum malesuada. Nam"
      text run at (0,1243) width 158: "tempus sodales neque vitae"
      text run at (0,1267) width 158: "bibendum. Vestibulum ac est sit"
      text run at (0,1291) width 158: "amet dolor vehicula semper at"
      text run at (0,1315) width 158: "sed ante. Nunc at neque urna, in"
      text run at (0,1339) width 158: "volutpat orci. Praesent eu velit"
      text run at (0,1363) width 158: "neque, quis rutrum metus. Nunc"
      text run at (0,1387) width 158: "eu ipsum sit amet ligula mattis"
      text run at (0,1411) width 158: "porttitor sit amet id felis. Integer"
      text run at (0,1435) width 155: "volutpat aliquam odio et feugiat."
