layer at (0,0) size 800x600
  RenderView at (0,0) size 800x600
layer at (0,0) size 800x521
  RenderBlock {HTML} at (0,0) size 800x521
    RenderBody {BODY} at (8,8) size 784x505
layer at (8,8) size 506x505
  RenderBlock {DIV} at (0,0) size 506x505 [border: (3px solid #000000)]
    RenderBlock {DIV} at (3,3) size 158x1665
layer at (11,11) size 158x1665 backgroundClip at (11,11) size 158x589 clip at (11,11) size 158x589 outlineClip at (0,0) size 800x600
  RenderBlock {DIV} at (0,0) size 158x1665
    RenderText {#text} at (0,4) size 158x1657
      text run at (0,4) width 158: "Lorem ipsum dolor sit amet,"
      text run at (0,28) width 158: "consectetur adipiscing elit."
      text run at (0,52) width 158: "Nullam ornare, nunc eget"
      text run at (0,76) width 158: "condimentum tempor, augue"
      text run at (0,100) width 158: "ligula accumsan eros, sed"
      text run at (0,124) width 158: "consequat sapien orci id"
      text run at (0,148) width 158: "libero. Curabitur tristique,"
      text run at (0,172) width 158: "augue in aliquet accumsan,"
      text run at (0,196) width 158: "nibh nisi lobortis odio, et"
      text run at (0,220) width 158: "suscipit est ligula eu nisi."
      text run at (0,244) width 158: "Nunc aliquet lobortis porta."
      text run at (0,268) width 158: "Donec venenatis consectetur"
      text run at (0,292) width 158: "eleifend. Etiam sed tempor"
      text run at (0,316) width 158: "quam. Pellentesque gravida"
      text run at (0,340) width 158: "gravida eros venenatis"
      text run at (0,364) width 158: "suscipit. Aenean diam enim,"
      text run at (0,388) width 158: "suscipit id pellentesque vel,"
      text run at (0,412) width 158: "hendrerit et metus."
      text run at (0,436) width 158: "Suspendisse felis erat,"
      text run at (0,460) width 158: "hendrerit a congue in,"
      text run at (0,503) width 158: "euismod ac erat. Donec"
      text run at (0,527) width 158: "pulvinar venenatis tortor, a"
      text run at (0,551) width 158: "lobortis erat scelerisque et."
      text run at (0,575) width 158: "Class aptent taciti sociosqu"
      text run at (0,599) width 158: "ad litora torquent per"
      text run at (0,623) width 158: "conubia nostra, per inceptos"
      text run at (0,647) width 158: "himenaeos. Aliquam in orci"
      text run at (0,671) width 158: "id felis mollis porta ac et orci."
      text run at (0,695) width 158: "Donec viverra, eros ac mattis"
      text run at (0,719) width 158: "dapibus, quam ante porta"
      text run at (0,743) width 158: "lectus, accumsan"
      text run at (0,767) width 158: "pellentesque nibh metus non"
      text run at (0,791) width 158: "felis. Vivamus sed eros quis"
      text run at (0,815) width 158: "magna scelerisque ultrices"
      text run at (0,839) width 73: "ac eget velit. "
      text run at (73,839) width 85: "Nunc et odio ut"
      text run at (0,863) width 158: "velit posuere viverra. Integer"
      text run at (0,887) width 158: "eu mi quis velit dapibus"
      text run at (0,911) width 158: "tempus at ut purus. Quisque"
      text run at (0,935) width 158: "congue mollis mauris a"
      text run at (0,959) width 158: "hendrerit. Nam viverra est at"
      text run at (0,1002) width 158: "orci interdum a ullamcorper"
      text run at (0,1026) width 158: "mi dictum. In id sapien"
      text run at (0,1050) width 158: "augue. Suspendisse potenti."
      text run at (0,1074) width 158: "Vestibulum turpis purus,"
      text run at (0,1098) width 158: "convallis ut sagittis quis,"
      text run at (0,1122) width 158: "semper vel mauris. Curabitur"
      text run at (0,1146) width 158: "vitae felis turpis. Fusce"
      text run at (0,1170) width 158: "augue nibh, consectetur non"
      text run at (0,1194) width 158: "vestibulum et, bibendum sit"
      text run at (0,1218) width 158: "amet lectus. Nulla at"
      text run at (0,1242) width 158: "imperdiet metus. Donec non"
      text run at (0,1266) width 158: "est velit, non fringilla ipsum."
      text run at (0,1290) width 158: "Fusce elementum neque a"
      text run at (0,1314) width 158: "nibh egestas sodales."
      text run at (0,1338) width 158: "Mauris ut lorem hendrerit"
      text run at (0,1362) width 158: "metus interdum malesuada."
      text run at (0,1386) width 158: "Nam tempus sodales neque"
      text run at (0,1410) width 158: "vitae bibendum. Vestibulum"
      text run at (0,1434) width 158: "ac est sit amet dolor vehicula"
      text run at (0,1458) width 158: "semper at sed ante. Nunc at"
      text run at (0,1501) width 158: "neque urna, in volutpat orci."
      text run at (0,1525) width 158: "Praesent eu velit neque, quis"
      text run at (0,1549) width 158: "rutrum metus. Nunc eu"
      text run at (0,1573) width 158: "ipsum sit amet ligula mattis"
      text run at (0,1597) width 158: "porttitor sit amet id felis."
      text run at (0,1621) width 158: "Integer volutpat aliquam odio"
      text run at (0,1645) width 53: "et feugiat."
