layer at (0,0) size 800x600
  RenderView at (0,0) size 800x600
layer at (0,0) size 800x600
  RenderBlock {HTML} at (0,0) size 800x600
    RenderBody {BODY} at (8,8) size 784x584
layer at (8,8) size 506x505
  RenderBlock {DIV} at (0,0) size 506x505 [border: (3px solid #000000)]
    RenderBlock (anonymous) at (3,3) size 158x360
      RenderText {#text} at (0,5) size 158x350
        text run at (0,5) width 158: "Lorem ipsum dolor sit amet,"
        text run at (0,29) width 158: "consectetur adipiscing elit."
        text run at (0,53) width 158: "Nullam ornare, nunc eget"
        text run at (0,77) width 158: "condimentum tempor, augue"
        text run at (0,101) width 158: "ligula accumsan eros, sed"
        text run at (0,125) width 158: "consequat sapien orci id libero."
        text run at (0,149) width 158: "Curabitur tristique, augue in"
        text run at (0,173) width 158: "aliquet accumsan, nibh nisi"
        text run at (0,197) width 158: "lobortis odio, et suscipit est"
        text run at (0,221) width 158: "ligula eu nisi. Nunc aliquet"
        text run at (0,245) width 158: "lobortis porta. Donec venenatis"
        text run at (0,269) width 158: "consectetur eleifend. Etiam sed"
        text run at (0,293) width 158: "tempor quam. Pellentesque"
        text run at (0,317) width 158: "gravida gravida eros venenatis"
        text run at (0,341) width 41: "suscipit."
    RenderBlock (anonymous) at (3,806) size 158x675
      RenderText {#text} at (0,5) size 158x665
        text run at (0,5) width 158: "Nunc et odio ut velit posuere"
        text run at (0,29) width 158: "viverra. Integer eu mi quis velit"
        text run at (0,53) width 158: "dapibus tempus at ut purus."
        text run at (0,77) width 158: "Quisque congue mollis mauris a"
        text run at (0,101) width 158: "hendrerit. Nam viverra est at orci"
        text run at (0,125) width 158: "interdum a ullamcorper mi"
        text run at (0,149) width 158: "dictum. In id sapien augue."
        text run at (0,173) width 158: "Suspendisse potenti. Vestibulum"
        text run at (0,200) width 158: "turpis purus, convallis ut sagittis"
        text run at (0,224) width 158: "quis, semper vel mauris."
        text run at (0,248) width 158: "Curabitur vitae felis turpis."
        text run at (0,272) width 158: "Fusce augue nibh, consectetur"
        text run at (0,296) width 158: "non vestibulum et, bibendum sit"
        text run at (0,320) width 158: "amet lectus. Nulla at imperdiet"
        text run at (0,344) width 158: "metus. Donec non est velit, non"
        text run at (0,368) width 158: "fringilla ipsum. Fusce elementum"
        text run at (0,392) width 158: "neque a nibh egestas sodales."
        text run at (0,416) width 158: "Mauris ut lorem hendrerit metus"
        text run at (0,440) width 158: "interdum malesuada. Nam"
        text run at (0,464) width 158: "tempus sodales neque vitae"
        text run at (0,488) width 158: "bibendum. Vestibulum ac est sit"
        text run at (0,512) width 158: "amet dolor vehicula semper at"
        text run at (0,536) width 158: "sed ante. Nunc at neque urna, in"
        text run at (0,560) width 158: "volutpat orci. Praesent eu velit"
        text run at (0,584) width 158: "neque, quis rutrum metus. Nunc"
        text run at (0,608) width 158: "eu ipsum sit amet ligula mattis"
        text run at (0,632) width 158: "porttitor sit amet id felis. Integer"
        text run at (0,656) width 155: "volutpat aliquam odio et feugiat."
layer at (11,510) size 158x304 backgroundClip at (11,510) size 158x90 clip at (13,512) size 139x88 outlineClip at (0,0) size 800x600 scrollHeight 456
  RenderBlock {DIV} at (3,502) size 158x304 [border: (2px solid #000000)]
    RenderText {#text} at (2,7) size 139x446
      text run at (2,7) width 139: "Aenean diam enim, suscipit"
      text run at (2,31) width 139: "id pellentesque vel, hendrerit"
      text run at (2,55) width 139: "et metus. Suspendisse felis"
      text run at (2,79) width 139: "erat, hendrerit a congue in,"
      text run at (2,103) width 139: "euismod ac erat. Donec"
      text run at (2,127) width 139: "pulvinar venenatis tortor, a"
      text run at (2,151) width 139: "lobortis erat scelerisque et."
      text run at (2,175) width 139: "Class aptent taciti sociosqu"
      text run at (2,199) width 139: "ad litora torquent per"
      text run at (2,223) width 139: "conubia nostra, per inceptos"
      text run at (2,247) width 139: "himenaeos. Aliquam in orci"
      text run at (2,271) width 139: "id felis mollis porta ac et"
      text run at (2,295) width 139: "orci. Donec viverra, eros ac"
      text run at (2,319) width 139: "mattis dapibus, quam ante"
      text run at (2,343) width 139: "porta lectus, accumsan"
      text run at (2,367) width 139: "pellentesque nibh metus non"
      text run at (2,391) width 139: "felis. Vivamus sed eros quis"
      text run at (2,415) width 139: "magna scelerisque ultrices ac"
      text run at (2,439) width 46: "eget velit."
