layer at (0,0) size 1342x584
  RenderView at (0,0) size 800x584
layer at (0,0) size 800x584
  RenderBlock {HTML} at (0,0) size 800x584
    RenderBody {BODY} at (8,8) size 784x568
layer at (8,8) size 119x300
  RenderBlock (positioned) {DIV} at (8,8) size 119x300 [bgcolor=#00FF00]
    RenderText {#text} at (0,0) size 119x21
      text run at (0,0) width 119: "This is some text"
    RenderBR {BR} at (119,16) size 0x0
    RenderText {#text} at (0,21) size 119x21
      text run at (0,21) width 119: "This is some text"
    RenderBR {BR} at (119,37) size 0x0
    RenderText {#text} at (0,42) size 119x21
      text run at (0,42) width 119: "This is some text"
    RenderBR {BR} at (119,58) size 0x0
    RenderText {#text} at (0,63) size 119x21
      text run at (0,63) width 119: "This is some text"
    RenderBR {BR} at (119,79) size 0x0
    RenderText {#text} at (0,84) size 119x21
      text run at (0,84) width 119: "This is some text"
    RenderBR {BR} at (119,100) size 0x0
    RenderText {#text} at (0,105) size 119x21
      text run at (0,105) width 119: "This is some text"
    RenderBR {BR} at (119,121) size 0x0
    RenderText {#text} at (0,126) size 119x21
      text run at (0,126) width 119: "This is some text"
    RenderBR {BR} at (119,142) size 0x0
    RenderText {#text} at (0,147) size 119x21
      text run at (0,147) width 119: "This is some text"
    RenderBR {BR} at (119,163) size 0x0
    RenderText {#text} at (0,168) size 119x21
      text run at (0,168) width 119: "This is some text"
    RenderBR {BR} at (119,184) size 0x0
    RenderText {#text} at (0,189) size 119x21
      text run at (0,189) width 119: "This is some text"
    RenderBR {BR} at (119,205) size 0x0
    RenderText {#text} at (0,210) size 119x21
      text run at (0,210) width 119: "This is some text"
    RenderBR {BR} at (119,226) size 0x0
    RenderText {#text} at (0,231) size 119x21
      text run at (0,231) width 119: "This is some text"
    RenderBR {BR} at (119,247) size 0x0
    RenderText {#text} at (0,252) size 119x21
      text run at (0,252) width 119: "This is some text"
    RenderBR {BR} at (119,268) size 0x0
    RenderText {#text} at (0,273) size 119x21
      text run at (0,273) width 119: "This is some text"
    RenderBR {BR} at (119,289) size 0x0
    RenderText {#text} at (0,300) size 119x21
      text run at (0,300) width 119: "This is some text"
    RenderBR {BR} at (119,316) size 0x0
    RenderText {#text} at (0,321) size 119x21
      text run at (0,321) width 119: "This is some text"
    RenderBR {BR} at (119,337) size 0x0
    RenderText {#text} at (0,342) size 119x21
      text run at (0,342) width 119: "This is some text"
    RenderBR {BR} at (119,358) size 0x0
    RenderText {#text} at (0,363) size 119x21
      text run at (0,363) width 119: "This is some text"
    RenderBR {BR} at (119,379) size 0x0
    RenderText {#text} at (0,384) size 119x21
      text run at (0,384) width 119: "This is some text"
    RenderBR {BR} at (119,400) size 0x0
    RenderText {#text} at (0,405) size 119x21
      text run at (0,405) width 119: "This is some text"
    RenderBR {BR} at (119,421) size 0x0
    RenderText {#text} at (0,426) size 119x21
      text run at (0,426) width 119: "This is some text"
    RenderBR {BR} at (119,442) size 0x0
    RenderText {#text} at (0,447) size 119x21
      text run at (0,447) width 119: "This is some text"
    RenderBR {BR} at (119,463) size 0x0
    RenderText {#text} at (0,468) size 119x21
      text run at (0,468) width 119: "This is some text"
    RenderBR {BR} at (119,484) size 0x0
    RenderText {#text} at (0,489) size 119x21
      text run at (0,489) width 119: "This is some text"
    RenderBR {BR} at (119,505) size 0x0
    RenderText {#text} at (0,510) size 119x21
      text run at (0,510) width 119: "This is some text"
    RenderBR {BR} at (119,526) size 0x0
    RenderText {#text} at (0,531) size 119x21
      text run at (0,531) width 119: "This is some text"
    RenderBR {BR} at (119,547) size 0x0
    RenderText {#text} at (0,552) size 119x21
      text run at (0,552) width 119: "This is some text"
    RenderBR {BR} at (119,568) size 0x0
    RenderText {#text} at (0,573) size 119x21
      text run at (0,573) width 119: "This is some text"
    RenderBR {BR} at (119,589) size 0x0
    RenderText {#text} at (0,600) size 119x21
      text run at (0,600) width 119: "This is some text"
    RenderBR {BR} at (119,616) size 0x0
    RenderText {#text} at (0,621) size 119x21
      text run at (0,621) width 119: "This is some text"
    RenderBR {BR} at (119,637) size 0x0
    RenderText {#text} at (0,642) size 119x21
      text run at (0,642) width 119: "This is some text"
    RenderBR {BR} at (119,658) size 0x0
    RenderText {#text} at (0,663) size 119x21
      text run at (0,663) width 119: "This is some text"
    RenderBR {BR} at (119,679) size 0x0
    RenderText {#text} at (0,684) size 119x21
      text run at (0,684) width 119: "This is some text"
    RenderBR {BR} at (119,700) size 0x0
    RenderText {#text} at (0,705) size 119x21
      text run at (0,705) width 119: "This is some text"
    RenderBR {BR} at (119,721) size 0x0
    RenderText {#text} at (0,726) size 119x21
      text run at (0,726) width 119: "This is some text"
    RenderBR {BR} at (119,742) size 0x0
    RenderText {#text} at (0,747) size 119x21
      text run at (0,747) width 119: "This is some text"
    RenderBR {BR} at (119,763) size 0x0
    RenderText {#text} at (0,768) size 119x21
      text run at (0,768) width 119: "This is some text"
    RenderBR {BR} at (119,784) size 0x0
    RenderText {#text} at (0,789) size 119x21
      text run at (0,789) width 119: "This is some text"
    RenderBR {BR} at (119,805) size 0x0
    RenderText {#text} at (0,810) size 119x21
      text run at (0,810) width 119: "This is some text"
    RenderBR {BR} at (119,826) size 0x0
    RenderText {#text} at (0,831) size 119x21
      text run at (0,831) width 119: "This is some text"
    RenderBR {BR} at (119,847) size 0x0
    RenderText {#text} at (0,852) size 119x21
      text run at (0,852) width 119: "This is some text"
    RenderBR {BR} at (119,868) size 0x0
    RenderText {#text} at (0,873) size 119x21
      text run at (0,873) width 119: "This is some text"
    RenderBR {BR} at (119,889) size 0x0
    RenderText {#text} at (0,900) size 119x21
      text run at (0,900) width 119: "This is some text"
    RenderBR {BR} at (119,916) size 0x0
    RenderText {#text} at (0,921) size 119x21
      text run at (0,921) width 119: "This is some text"
    RenderBR {BR} at (119,937) size 0x0
    RenderText {#text} at (0,942) size 119x21
      text run at (0,942) width 119: "This is some text"
    RenderBR {BR} at (119,958) size 0x0
    RenderText {#text} at (0,963) size 119x21
      text run at (0,963) width 119: "This is some text"
    RenderBR {BR} at (119,979) size 0x0
    RenderText {#text} at (0,984) size 119x21
      text run at (0,984) width 119: "This is some text"
    RenderBR {BR} at (119,1000) size 0x0
    RenderText {#text} at (0,1005) size 119x21
      text run at (0,1005) width 119: "This is some text"
    RenderBR {BR} at (119,1021) size 0x0
    RenderText {#text} at (0,1026) size 119x21
      text run at (0,1026) width 119: "This is some text"
    RenderBR {BR} at (119,1042) size 0x0
    RenderText {#text} at (0,1047) size 119x21
      text run at (0,1047) width 119: "This is some text"
    RenderBR {BR} at (119,1063) size 0x0
    RenderText {#text} at (0,1068) size 119x21
      text run at (0,1068) width 119: "This is some text"
    RenderBR {BR} at (119,1084) size 0x0
    RenderText {#text} at (0,1089) size 119x21
      text run at (0,1089) width 119: "This is some text"
    RenderBR {BR} at (119,1105) size 0x0
    RenderText {#text} at (0,1110) size 119x21
      text run at (0,1110) width 119: "This is some text"
    RenderBR {BR} at (119,1126) size 0x0
    RenderText {#text} at (0,1131) size 119x21
      text run at (0,1131) width 119: "This is some text"
    RenderBR {BR} at (119,1147) size 0x0
    RenderText {#text} at (0,1152) size 119x21
      text run at (0,1152) width 119: "This is some text"
    RenderBR {BR} at (119,1168) size 0x0
    RenderText {#text} at (0,1173) size 119x21
      text run at (0,1173) width 119: "This is some text"
    RenderBR {BR} at (119,1189) size 0x0
    RenderText {#text} at (0,1200) size 119x21
      text run at (0,1200) width 119: "This is some text"
    RenderBR {BR} at (119,1216) size 0x0
    RenderText {#text} at (0,1221) size 119x21
      text run at (0,1221) width 119: "This is some text"
    RenderBR {BR} at (119,1237) size 0x0
    RenderText {#text} at (0,1242) size 119x21
      text run at (0,1242) width 119: "This is some text"
    RenderBR {BR} at (119,1258) size 0x0
    RenderText {#text} at (0,1263) size 119x21
      text run at (0,1263) width 119: "This is some text"
    RenderBR {BR} at (119,1279) size 0x0
    RenderText {#text} at (0,1284) size 119x21
      text run at (0,1284) width 119: "This is some text"
    RenderBR {BR} at (119,1300) size 0x0
    RenderText {#text} at (0,1305) size 119x21
      text run at (0,1305) width 119: "This is some text"
    RenderBR {BR} at (119,1321) size 0x0
    RenderText {#text} at (0,1326) size 119x21
      text run at (0,1326) width 119: "This is some text"
    RenderBR {BR} at (119,1342) size 0x0
    RenderText {#text} at (0,1347) size 119x21
      text run at (0,1347) width 119: "This is some text"
    RenderBR {BR} at (119,1363) size 0x0
    RenderText {#text} at (0,1368) size 119x21
      text run at (0,1368) width 119: "This is some text"
    RenderBR {BR} at (119,1384) size 0x0
    RenderText {#text} at (0,1389) size 119x21
      text run at (0,1389) width 119: "This is some text"
    RenderBR {BR} at (119,1405) size 0x0
    RenderText {#text} at (0,1410) size 119x21
      text run at (0,1410) width 119: "This is some text"
    RenderBR {BR} at (119,1426) size 0x0
    RenderText {#text} at (0,1431) size 119x21
      text run at (0,1431) width 119: "This is some text"
    RenderBR {BR} at (119,1447) size 0x0
    RenderText {#text} at (0,1452) size 119x21
      text run at (0,1452) width 119: "This is some text"
    RenderBR {BR} at (119,1468) size 0x0
    RenderText {#text} at (0,1473) size 119x21
      text run at (0,1473) width 119: "This is some text"
    RenderBR {BR} at (119,1489) size 0x0
    RenderText {#text} at (0,1500) size 119x21
      text run at (0,1500) width 119: "This is some text"
    RenderBR {BR} at (119,1516) size 0x0
    RenderText {#text} at (0,1521) size 119x21
      text run at (0,1521) width 119: "This is some text"
    RenderBR {BR} at (119,1537) size 0x0
    RenderText {#text} at (0,1542) size 119x21
      text run at (0,1542) width 119: "This is some text"
    RenderBR {BR} at (119,1558) size 0x0
    RenderText {#text} at (0,1563) size 119x21
      text run at (0,1563) width 119: "This is some text"
    RenderBR {BR} at (119,1579) size 0x0
    RenderText {#text} at (0,1584) size 119x21
      text run at (0,1584) width 119: "This is some text"
    RenderBR {BR} at (119,1600) size 0x0
    RenderText {#text} at (0,1605) size 119x21
      text run at (0,1605) width 119: "This is some text"
    RenderBR {BR} at (119,1621) size 0x0
    RenderText {#text} at (0,1626) size 119x21
      text run at (0,1626) width 119: "This is some text"
    RenderBR {BR} at (119,1642) size 0x0
    RenderText {#text} at (0,1647) size 119x21
      text run at (0,1647) width 119: "This is some text"
    RenderBR {BR} at (119,1663) size 0x0
    RenderText {#text} at (0,1668) size 119x21
      text run at (0,1668) width 119: "This is some text"
    RenderBR {BR} at (119,1684) size 0x0
    RenderText {#text} at (0,1689) size 119x21
      text run at (0,1689) width 119: "This is some text"
    RenderBR {BR} at (119,1705) size 0x0
    RenderText {#text} at (0,1710) size 119x21
      text run at (0,1710) width 119: "This is some text"
    RenderBR {BR} at (119,1726) size 0x0
    RenderText {#text} at (0,1731) size 119x21
      text run at (0,1731) width 119: "This is some text"
    RenderBR {BR} at (119,1747) size 0x0
    RenderText {#text} at (0,1752) size 119x21
      text run at (0,1752) width 119: "This is some text"
    RenderBR {BR} at (119,1768) size 0x0
    RenderText {#text} at (0,1773) size 119x21
      text run at (0,1773) width 119: "This is some text"
    RenderBR {BR} at (119,1789) size 0x0
    RenderText {#text} at (0,1800) size 119x21
      text run at (0,1800) width 119: "This is some text"
    RenderBR {BR} at (119,1816) size 0x0
    RenderText {#text} at (0,1821) size 119x21
      text run at (0,1821) width 119: "This is some text"
    RenderBR {BR} at (119,1837) size 0x0
    RenderText {#text} at (0,1842) size 119x21
      text run at (0,1842) width 119: "This is some text"
    RenderBR {BR} at (119,1858) size 0x0
    RenderText {#text} at (0,1863) size 119x21
      text run at (0,1863) width 119: "This is some text"
    RenderBR {BR} at (119,1879) size 0x0
    RenderText {#text} at (0,1884) size 119x21
      text run at (0,1884) width 119: "This is some text"
    RenderBR {BR} at (119,1900) size 0x0
    RenderText {#text} at (0,1905) size 119x21
      text run at (0,1905) width 119: "This is some text"
    RenderBR {BR} at (119,1921) size 0x0
    RenderText {#text} at (0,1926) size 119x21
      text run at (0,1926) width 119: "This is some text"
    RenderBR {BR} at (119,1942) size 0x0
    RenderText {#text} at (0,1947) size 119x21
      text run at (0,1947) width 119: "This is some text"
    RenderBR {BR} at (119,1963) size 0x0
    RenderText {#text} at (0,1968) size 119x21
      text run at (0,1968) width 119: "This is some text"
    RenderBR {BR} at (119,1984) size 0x0
    RenderText {#text} at (0,1989) size 119x21
      text run at (0,1989) width 119: "This is some text"
    RenderBR {BR} at (119,2005) size 0x0
    RenderText {#text} at (0,2010) size 119x21
      text run at (0,2010) width 119: "This is some text"
    RenderBR {BR} at (119,2026) size 0x0
    RenderText {#text} at (0,2031) size 119x21
      text run at (0,2031) width 119: "This is some text"
    RenderBR {BR} at (119,2047) size 0x0
    RenderText {#text} at (0,2052) size 119x21
      text run at (0,2052) width 119: "This is some text"
    RenderBR {BR} at (119,2068) size 0x0
    RenderText {#text} at (0,2073) size 119x21
      text run at (0,2073) width 119: "This is some text"
    RenderBR {BR} at (119,2089) size 0x0
    RenderText {#text} at (0,2100) size 119x21
      text run at (0,2100) width 119: "This is some text"
    RenderBR {BR} at (119,2116) size 0x0
    RenderText {#text} at (0,2121) size 119x21
      text run at (0,2121) width 119: "This is some text"
    RenderBR {BR} at (119,2137) size 0x0
    RenderText {#text} at (0,2142) size 119x21
      text run at (0,2142) width 119: "This is some text"
    RenderBR {BR} at (119,2158) size 0x0
    RenderText {#text} at (0,2163) size 119x21
      text run at (0,2163) width 119: "This is some text"
    RenderBR {BR} at (119,2179) size 0x0
    RenderText {#text} at (0,2184) size 119x21
      text run at (0,2184) width 119: "This is some text"
    RenderBR {BR} at (119,2200) size 0x0
    RenderText {#text} at (0,2205) size 119x21
      text run at (0,2205) width 119: "This is some text"
    RenderBR {BR} at (119,2221) size 0x0
    RenderText {#text} at (0,2226) size 119x21
      text run at (0,2226) width 119: "This is some text"
    RenderBR {BR} at (119,2242) size 0x0
    RenderText {#text} at (0,2247) size 119x21
      text run at (0,2247) width 119: "This is some text"
    RenderBR {BR} at (119,2263) size 0x0
    RenderText {#text} at (0,2268) size 119x21
      text run at (0,2268) width 119: "This is some text"
    RenderBR {BR} at (119,2284) size 0x0
    RenderText {#text} at (0,2289) size 119x21
      text run at (0,2289) width 119: "This is some text"
    RenderBR {BR} at (119,2305) size 0x0
    RenderText {#text} at (0,2310) size 119x21
      text run at (0,2310) width 119: "This is some text"
    RenderBR {BR} at (119,2326) size 0x0
    RenderText {#text} at (0,2331) size 119x21
      text run at (0,2331) width 119: "This is some text"
    RenderBR {BR} at (119,2347) size 0x0
    RenderText {#text} at (0,2352) size 119x21
      text run at (0,2352) width 119: "This is some text"
    RenderBR {BR} at (119,2368) size 0x0
    RenderText {#text} at (0,2373) size 119x21
      text run at (0,2373) width 119: "This is some text"
    RenderBR {BR} at (119,2389) size 0x0
    RenderText {#text} at (0,2400) size 119x21
      text run at (0,2400) width 119: "This is some text"
    RenderBR {BR} at (119,2416) size 0x0
    RenderText {#text} at (0,2421) size 119x21
      text run at (0,2421) width 119: "This is some text"
    RenderBR {BR} at (119,2437) size 0x0
    RenderText {#text} at (0,2442) size 119x21
      text run at (0,2442) width 119: "This is some text"
    RenderBR {BR} at (119,2458) size 0x0
    RenderText {#text} at (0,2463) size 119x21
      text run at (0,2463) width 119: "This is some text"
    RenderBR {BR} at (119,2479) size 0x0
    RenderText {#text} at (0,2484) size 119x21
      text run at (0,2484) width 119: "This is some text"
    RenderBR {BR} at (119,2500) size 0x0
    RenderText {#text} at (0,2505) size 119x21
      text run at (0,2505) width 119: "This is some text"
    RenderBR {BR} at (119,2521) size 0x0
    RenderText {#text} at (0,2526) size 119x21
      text run at (0,2526) width 119: "This is some text"
    RenderBR {BR} at (119,2542) size 0x0
    RenderText {#text} at (0,2547) size 119x21
      text run at (0,2547) width 119: "This is some text"
    RenderBR {BR} at (119,2563) size 0x0
    RenderText {#text} at (0,2568) size 119x21
      text run at (0,2568) width 119: "This is some text"
    RenderBR {BR} at (119,2584) size 0x0
    RenderText {#text} at (0,2589) size 119x21
      text run at (0,2589) width 119: "This is some text"
    RenderBR {BR} at (119,2605) size 0x0
    RenderText {#text} at (0,2610) size 119x21
      text run at (0,2610) width 119: "This is some text"
    RenderBR {BR} at (119,2626) size 0x0
    RenderText {#text} at (0,2631) size 119x21
      text run at (0,2631) width 119: "This is some text"
    RenderBR {BR} at (119,2647) size 0x0
    RenderText {#text} at (0,2652) size 119x21
      text run at (0,2652) width 119: "This is some text"
    RenderBR {BR} at (119,2668) size 0x0
    RenderText {#text} at (0,2673) size 119x21
      text run at (0,2673) width 119: "This is some text"
    RenderBR {BR} at (119,2689) size 0x0
    RenderText {#text} at (0,2700) size 119x21
      text run at (0,2700) width 119: "This is some text"
    RenderBR {BR} at (119,2716) size 0x0
    RenderText {#text} at (0,2721) size 119x21
      text run at (0,2721) width 119: "This is some text"
    RenderBR {BR} at (119,2737) size 0x0
    RenderText {#text} at (0,2742) size 119x21
      text run at (0,2742) width 119: "This is some text"
    RenderBR {BR} at (119,2758) size 0x0
    RenderText {#text} at (0,2763) size 119x21
      text run at (0,2763) width 119: "This is some text"
    RenderBR {BR} at (119,2779) size 0x0
    RenderText {#text} at (0,2784) size 119x21
      text run at (0,2784) width 119: "This is some text"
    RenderBR {BR} at (119,2800) size 0x0
    RenderText {#text} at (0,2805) size 119x21
      text run at (0,2805) width 119: "This is some text"
    RenderBR {BR} at (119,2821) size 0x0
    RenderText {#text} at (0,2826) size 119x21
      text run at (0,2826) width 119: "This is some text"
    RenderBR {BR} at (119,2842) size 0x0
    RenderText {#text} at (0,2847) size 119x21
      text run at (0,2847) width 119: "This is some text"
    RenderBR {BR} at (119,2863) size 0x0
    RenderText {#text} at (0,2868) size 119x21
      text run at (0,2868) width 119: "This is some text"
    RenderBR {BR} at (119,2884) size 0x0
