layer at (0,0) size 6376x584
  RenderView at (0,0) size 800x584
layer at (0,0) size 800x324
  RenderBlock {HTML} at (0,0) size 800x324
    RenderBody {BODY} at (8,16) size 784x300
layer at (8,16) size 784x300
  RenderBlock {DIV} at (0,0) size 784x300
    RenderBlock {P} at (0,0) size 250x732
      RenderText {#text} at (0,0) size 250x732
        text run at (0,0) width 191: "Lorem ipsum dolor sit amet,"
        text run at (0,22) width 224: "consectetur adipiscing elit. Donec"
        text run at (0,44) width 242: "posuere ligula et neque ullamcorper"
        text run at (0,66) width 250: "consectetur. Duis nec viverra magna."
        text run at (0,88) width 243: "Nullam tellus diam, auctor et auctor"
        text run at (0,110) width 194: "at, fermentum quis mi. Nulla"
        text run at (0,132) width 215: "rhoncus porttitor ultrices. Nunc"
        text run at (0,154) width 182: "gravida, nisi nec consequat"
        text run at (0,176) width 236: "scelerisque, lectus eros sagittis erat,"
        text run at (0,198) width 223: "non ultrices ipsum nibh in quam."
        text run at (0,220) width 226: "Donec dignissim, lacus sed cursus"
        text run at (0,242) width 242: "commodo, nibh enim sodales metus,"
        text run at (0,264) width 246: "lacinia dictum felis est tincidunt orci."
        text run at (0,300) width 216: "Morbi pretium volutpat ante, ut"
        text run at (0,322) width 239: "ultricies nulla pharetra sed. Duis ac"
        text run at (0,344) width 239: "felis quis justo ullamcorper semper."
        text run at (0,366) width 225: "Integer augue lacus, imperdiet eu"
        text run at (0,388) width 217: "euismod ut, vulputate vel purus."
        text run at (0,410) width 238: "Donec bibendum felis id nisl auctor"
        text run at (0,432) width 246: "sit amet imperdiet quam mollis. Duis"
        text run at (0,454) width 235: "aliquam tellus odio, a varius lectus."
        text run at (0,476) width 239: "Nunc a tortor augue, eu sollicitudin"
        text run at (0,498) width 232: "nibh. Phasellus ultricies, lacus eget"
        text run at (0,520) width 225: "tincidunt mattis, velit erat facilisis"
        text run at (0,542) width 233: "lacus, quis luctus arcu erat ut erat."
        text run at (0,564) width 231: "Duis feugiat eros eu ligula ultricies"
        text run at (0,600) width 234: "non tincidunt tellus viverra. Donec"
        text run at (0,622) width 228: "ut eros augue, nec elementum elit."
        text run at (0,644) width 243: "Pellentesque massa lectus, vulputate"
        text run at (0,666) width 246: "sed vehicula eget, volutpat eu augue."
        text run at (0,688) width 223: "Cras fermentum turpis vitae erat"
        text run at (0,710) width 203: "vehicula et lacinia mi molestie."
    RenderBlock {P} at (0,748) size 250x606
      RenderText {#text} at (0,0) size 247x606
        text run at (0,0) width 218: "Curabitur ac porttitor leo. Class"
        text run at (0,22) width 202: "aptent taciti sociosqu ad litora"
        text run at (0,44) width 222: "torquent per conubia nostra, per"
        text run at (0,66) width 225: "inceptos himenaeos. Quisque eget"
        text run at (0,88) width 247: "mauris id turpis ullamcorper blandit"
        text run at (0,110) width 235: "quis eget turpis. Nullam et molestie"
        text run at (0,152) width 230: "elit. Curabitur urna arcu, luctus a"
        text run at (0,174) width 227: "suscipit et, viverra vel orci. Morbi"
        text run at (0,196) width 233: "scelerisque erat quis massa blandit"
        text run at (0,218) width 219: "molestie. Fusce vitae velit a lacus"
        text run at (0,240) width 246: "suscipit tempus. In vitae nisl orci, vel"
        text run at (0,262) width 217: "ultrices diam. Duis pellentesque,"
        text run at (0,284) width 234: "massa sit amet eleifend sollicitudin,"
        text run at (0,306) width 191: "dolor orci semper urna, eget"
        text run at (0,328) width 238: "euismod tortor massa sit amet ante."
        text run at (0,350) width 227: "Quisque sed varius lectus. Mauris"
        text run at (0,372) width 231: "facilisis blandit mattis. Ut id tortor"
        text run at (0,394) width 241: "ante, ac eleifend dui. Donec sit amet"
        text run at (0,416) width 239: "arcu quis neque aliquam euismod a"
        text run at (0,452) width 209: "tincidunt justo. Integer sagittis,"
        text run at (0,474) width 225: "neque sed aliquam bibendum, est"
        text run at (0,496) width 238: "ante vulputate lectus, in elementum"
        text run at (0,518) width 200: "felis tellus et nibh. Aliquam id"
        text run at (0,540) width 209: "ultrices nisl. Sed sodales lacinia"
        text run at (0,562) width 226: "interdum. Aenean pharetra tellus"
        text run at (0,584) width 218: "ante, aliquam consectetur ligula."
    RenderBlock {P} at (0,1370) size 250x752
      RenderText {#text} at (0,0) size 250x752
        text run at (0,0) width 191: "Lorem ipsum dolor sit amet,"
        text run at (0,22) width 224: "consectetur adipiscing elit. Donec"
        text run at (0,44) width 242: "posuere ligula et neque ullamcorper"
        text run at (0,66) width 250: "consectetur. Duis nec viverra magna."
        text run at (0,88) width 243: "Nullam tellus diam, auctor et auctor"
        text run at (0,130) width 194: "at, fermentum quis mi. Nulla"
        text run at (0,152) width 215: "rhoncus porttitor ultrices. Nunc"
        text run at (0,174) width 182: "gravida, nisi nec consequat"
        text run at (0,196) width 236: "scelerisque, lectus eros sagittis erat,"
        text run at (0,218) width 223: "non ultrices ipsum nibh in quam."
        text run at (0,240) width 226: "Donec dignissim, lacus sed cursus"
        text run at (0,262) width 242: "commodo, nibh enim sodales metus,"
        text run at (0,284) width 246: "lacinia dictum felis est tincidunt orci."
        text run at (0,306) width 216: "Morbi pretium volutpat ante, ut"
        text run at (0,328) width 239: "ultricies nulla pharetra sed. Duis ac"
        text run at (0,350) width 239: "felis quis justo ullamcorper semper."
        text run at (0,372) width 225: "Integer augue lacus, imperdiet eu"
        text run at (0,394) width 217: "euismod ut, vulputate vel purus."
        text run at (0,430) width 238: "Donec bibendum felis id nisl auctor"
        text run at (0,452) width 246: "sit amet imperdiet quam mollis. Duis"
        text run at (0,474) width 235: "aliquam tellus odio, a varius lectus."
        text run at (0,496) width 239: "Nunc a tortor augue, eu sollicitudin"
        text run at (0,518) width 232: "nibh. Phasellus ultricies, lacus eget"
        text run at (0,540) width 225: "tincidunt mattis, velit erat facilisis"
        text run at (0,562) width 233: "lacus, quis luctus arcu erat ut erat."
        text run at (0,584) width 231: "Duis feugiat eros eu ligula ultricies"
        text run at (0,606) width 234: "non tincidunt tellus viverra. Donec"
        text run at (0,628) width 228: "ut eros augue, nec elementum elit."
        text run at (0,650) width 243: "Pellentesque massa lectus, vulputate"
        text run at (0,672) width 246: "sed vehicula eget, volutpat eu augue."
        text run at (0,694) width 223: "Cras fermentum turpis vitae erat"
        text run at (0,730) width 203: "vehicula et lacinia mi molestie."
    RenderBlock {P} at (0,2138) size 250x606
      RenderText {#text} at (0,0) size 247x606
        text run at (0,0) width 218: "Curabitur ac porttitor leo. Class"
        text run at (0,22) width 202: "aptent taciti sociosqu ad litora"
        text run at (0,44) width 222: "torquent per conubia nostra, per"
        text run at (0,66) width 225: "inceptos himenaeos. Quisque eget"
        text run at (0,88) width 247: "mauris id turpis ullamcorper blandit"
        text run at (0,110) width 235: "quis eget turpis. Nullam et molestie"
        text run at (0,132) width 230: "elit. Curabitur urna arcu, luctus a"
        text run at (0,154) width 227: "suscipit et, viverra vel orci. Morbi"
        text run at (0,176) width 233: "scelerisque erat quis massa blandit"
        text run at (0,198) width 219: "molestie. Fusce vitae velit a lacus"
        text run at (0,220) width 246: "suscipit tempus. In vitae nisl orci, vel"
        text run at (0,262) width 217: "ultrices diam. Duis pellentesque,"
        text run at (0,284) width 234: "massa sit amet eleifend sollicitudin,"
        text run at (0,306) width 191: "dolor orci semper urna, eget"
        text run at (0,328) width 238: "euismod tortor massa sit amet ante."
        text run at (0,350) width 227: "Quisque sed varius lectus. Mauris"
        text run at (0,372) width 231: "facilisis blandit mattis. Ut id tortor"
        text run at (0,394) width 241: "ante, ac eleifend dui. Donec sit amet"
        text run at (0,416) width 239: "arcu quis neque aliquam euismod a"
        text run at (0,438) width 209: "tincidunt justo. Integer sagittis,"
        text run at (0,460) width 225: "neque sed aliquam bibendum, est"
        text run at (0,482) width 238: "ante vulputate lectus, in elementum"
        text run at (0,504) width 200: "felis tellus et nibh. Aliquam id"
        text run at (0,526) width 209: "ultrices nisl. Sed sodales lacinia"
        text run at (0,562) width 226: "interdum. Aenean pharetra tellus"
        text run at (0,584) width 218: "ante, aliquam consectetur ligula."
    RenderBlock {P} at (0,2760) size 250x738
      RenderText {#text} at (0,0) size 250x738
        text run at (0,0) width 191: "Lorem ipsum dolor sit amet,"
        text run at (0,22) width 224: "consectetur adipiscing elit. Donec"
        text run at (0,44) width 242: "posuere ligula et neque ullamcorper"
        text run at (0,66) width 250: "consectetur. Duis nec viverra magna."
        text run at (0,88) width 243: "Nullam tellus diam, auctor et auctor"
        text run at (0,110) width 194: "at, fermentum quis mi. Nulla"
        text run at (0,132) width 215: "rhoncus porttitor ultrices. Nunc"
        text run at (0,154) width 182: "gravida, nisi nec consequat"
        text run at (0,176) width 236: "scelerisque, lectus eros sagittis erat,"
        text run at (0,198) width 223: "non ultrices ipsum nibh in quam."
        text run at (0,240) width 226: "Donec dignissim, lacus sed cursus"
        text run at (0,262) width 242: "commodo, nibh enim sodales metus,"
        text run at (0,284) width 246: "lacinia dictum felis est tincidunt orci."
        text run at (0,306) width 216: "Morbi pretium volutpat ante, ut"
        text run at (0,328) width 239: "ultricies nulla pharetra sed. Duis ac"
        text run at (0,350) width 239: "felis quis justo ullamcorper semper."
        text run at (0,372) width 225: "Integer augue lacus, imperdiet eu"
        text run at (0,394) width 217: "euismod ut, vulputate vel purus."
        text run at (0,416) width 238: "Donec bibendum felis id nisl auctor"
        text run at (0,438) width 246: "sit amet imperdiet quam mollis. Duis"
        text run at (0,460) width 235: "aliquam tellus odio, a varius lectus."
        text run at (0,482) width 239: "Nunc a tortor augue, eu sollicitudin"
        text run at (0,504) width 232: "nibh. Phasellus ultricies, lacus eget"
        text run at (0,540) width 225: "tincidunt mattis, velit erat facilisis"
        text run at (0,562) width 233: "lacus, quis luctus arcu erat ut erat."
        text run at (0,584) width 231: "Duis feugiat eros eu ligula ultricies"
        text run at (0,606) width 234: "non tincidunt tellus viverra. Donec"
        text run at (0,628) width 228: "ut eros augue, nec elementum elit."
        text run at (0,650) width 243: "Pellentesque massa lectus, vulputate"
        text run at (0,672) width 246: "sed vehicula eget, volutpat eu augue."
        text run at (0,694) width 223: "Cras fermentum turpis vitae erat"
        text run at (0,716) width 203: "vehicula et lacinia mi molestie."
    RenderBlock {P} at (0,3514) size 250x606
      RenderText {#text} at (0,0) size 247x606
        text run at (0,0) width 218: "Curabitur ac porttitor leo. Class"
        text run at (0,22) width 202: "aptent taciti sociosqu ad litora"
        text run at (0,44) width 222: "torquent per conubia nostra, per"
        text run at (0,86) width 225: "inceptos himenaeos. Quisque eget"
        text run at (0,108) width 247: "mauris id turpis ullamcorper blandit"
        text run at (0,130) width 235: "quis eget turpis. Nullam et molestie"
        text run at (0,152) width 230: "elit. Curabitur urna arcu, luctus a"
        text run at (0,174) width 227: "suscipit et, viverra vel orci. Morbi"
        text run at (0,196) width 233: "scelerisque erat quis massa blandit"
        text run at (0,218) width 219: "molestie. Fusce vitae velit a lacus"
        text run at (0,240) width 246: "suscipit tempus. In vitae nisl orci, vel"
        text run at (0,262) width 217: "ultrices diam. Duis pellentesque,"
        text run at (0,284) width 234: "massa sit amet eleifend sollicitudin,"
        text run at (0,306) width 191: "dolor orci semper urna, eget"
        text run at (0,328) width 238: "euismod tortor massa sit amet ante."
        text run at (0,350) width 227: "Quisque sed varius lectus. Mauris"
        text run at (0,386) width 231: "facilisis blandit mattis. Ut id tortor"
        text run at (0,408) width 241: "ante, ac eleifend dui. Donec sit amet"
        text run at (0,430) width 239: "arcu quis neque aliquam euismod a"
        text run at (0,452) width 209: "tincidunt justo. Integer sagittis,"
        text run at (0,474) width 225: "neque sed aliquam bibendum, est"
        text run at (0,496) width 238: "ante vulputate lectus, in elementum"
        text run at (0,518) width 200: "felis tellus et nibh. Aliquam id"
        text run at (0,540) width 209: "ultrices nisl. Sed sodales lacinia"
        text run at (0,562) width 226: "interdum. Aenean pharetra tellus"
        text run at (0,584) width 218: "ante, aliquam consectetur ligula."
    RenderBlock {P} at (0,4136) size 250x752
      RenderText {#text} at (0,0) size 250x752
        text run at (0,0) width 191: "Lorem ipsum dolor sit amet,"
        text run at (0,22) width 224: "consectetur adipiscing elit. Donec"
        text run at (0,64) width 242: "posuere ligula et neque ullamcorper"
        text run at (0,86) width 250: "consectetur. Duis nec viverra magna."
        text run at (0,108) width 243: "Nullam tellus diam, auctor et auctor"
        text run at (0,130) width 194: "at, fermentum quis mi. Nulla"
        text run at (0,152) width 215: "rhoncus porttitor ultrices. Nunc"
        text run at (0,174) width 182: "gravida, nisi nec consequat"
        text run at (0,196) width 236: "scelerisque, lectus eros sagittis erat,"
        text run at (0,218) width 223: "non ultrices ipsum nibh in quam."
        text run at (0,240) width 226: "Donec dignissim, lacus sed cursus"
        text run at (0,262) width 242: "commodo, nibh enim sodales metus,"
        text run at (0,284) width 246: "lacinia dictum felis est tincidunt orci."
        text run at (0,306) width 216: "Morbi pretium volutpat ante, ut"
        text run at (0,328) width 239: "ultricies nulla pharetra sed. Duis ac"
        text run at (0,364) width 239: "felis quis justo ullamcorper semper."
        text run at (0,386) width 225: "Integer augue lacus, imperdiet eu"
        text run at (0,408) width 217: "euismod ut, vulputate vel purus."
        text run at (0,430) width 238: "Donec bibendum felis id nisl auctor"
        text run at (0,452) width 246: "sit amet imperdiet quam mollis. Duis"
        text run at (0,474) width 235: "aliquam tellus odio, a varius lectus."
        text run at (0,496) width 239: "Nunc a tortor augue, eu sollicitudin"
        text run at (0,518) width 232: "nibh. Phasellus ultricies, lacus eget"
        text run at (0,540) width 225: "tincidunt mattis, velit erat facilisis"
        text run at (0,562) width 233: "lacus, quis luctus arcu erat ut erat."
        text run at (0,584) width 231: "Duis feugiat eros eu ligula ultricies"
        text run at (0,606) width 234: "non tincidunt tellus viverra. Donec"
        text run at (0,628) width 228: "ut eros augue, nec elementum elit."
        text run at (0,664) width 243: "Pellentesque massa lectus, vulputate"
        text run at (0,686) width 246: "sed vehicula eget, volutpat eu augue."
        text run at (0,708) width 223: "Cras fermentum turpis vitae erat"
        text run at (0,730) width 203: "vehicula et lacinia mi molestie."
    RenderBlock {P} at (0,4904) size 250x606
      RenderText {#text} at (0,0) size 247x606
        text run at (0,0) width 218: "Curabitur ac porttitor leo. Class"
        text run at (0,22) width 202: "aptent taciti sociosqu ad litora"
        text run at (0,44) width 222: "torquent per conubia nostra, per"
        text run at (0,66) width 225: "inceptos himenaeos. Quisque eget"
        text run at (0,88) width 247: "mauris id turpis ullamcorper blandit"
        text run at (0,110) width 235: "quis eget turpis. Nullam et molestie"
        text run at (0,132) width 230: "elit. Curabitur urna arcu, luctus a"
        text run at (0,154) width 227: "suscipit et, viverra vel orci. Morbi"
        text run at (0,196) width 233: "scelerisque erat quis massa blandit"
        text run at (0,218) width 219: "molestie. Fusce vitae velit a lacus"
        text run at (0,240) width 246: "suscipit tempus. In vitae nisl orci, vel"
        text run at (0,262) width 217: "ultrices diam. Duis pellentesque,"
        text run at (0,284) width 234: "massa sit amet eleifend sollicitudin,"
        text run at (0,306) width 191: "dolor orci semper urna, eget"
        text run at (0,328) width 238: "euismod tortor massa sit amet ante."
        text run at (0,350) width 227: "Quisque sed varius lectus. Mauris"
        text run at (0,372) width 231: "facilisis blandit mattis. Ut id tortor"
        text run at (0,394) width 241: "ante, ac eleifend dui. Donec sit amet"
        text run at (0,416) width 239: "arcu quis neque aliquam euismod a"
        text run at (0,438) width 209: "tincidunt justo. Integer sagittis,"
        text run at (0,460) width 225: "neque sed aliquam bibendum, est"
        text run at (0,496) width 238: "ante vulputate lectus, in elementum"
        text run at (0,518) width 200: "felis tellus et nibh. Aliquam id"
        text run at (0,540) width 209: "ultrices nisl. Sed sodales lacinia"
        text run at (0,562) width 226: "interdum. Aenean pharetra tellus"
        text run at (0,584) width 218: "ante, aliquam consectetur ligula."
    RenderBlock {P} at (0,5526) size 250x738
      RenderText {#text} at (0,0) size 250x738
        text run at (0,0) width 191: "Lorem ipsum dolor sit amet,"
        text run at (0,22) width 224: "consectetur adipiscing elit. Donec"
        text run at (0,44) width 242: "posuere ligula et neque ullamcorper"
        text run at (0,66) width 250: "consectetur. Duis nec viverra magna."
        text run at (0,88) width 243: "Nullam tellus diam, auctor et auctor"
        text run at (0,110) width 194: "at, fermentum quis mi. Nulla"
        text run at (0,132) width 215: "rhoncus porttitor ultrices. Nunc"
        text run at (0,174) width 182: "gravida, nisi nec consequat"
        text run at (0,196) width 236: "scelerisque, lectus eros sagittis erat,"
        text run at (0,218) width 223: "non ultrices ipsum nibh in quam."
        text run at (0,240) width 226: "Donec dignissim, lacus sed cursus"
        text run at (0,262) width 242: "commodo, nibh enim sodales metus,"
        text run at (0,284) width 246: "lacinia dictum felis est tincidunt orci."
        text run at (0,306) width 216: "Morbi pretium volutpat ante, ut"
        text run at (0,328) width 239: "ultricies nulla pharetra sed. Duis ac"
        text run at (0,350) width 239: "felis quis justo ullamcorper semper."
        text run at (0,372) width 225: "Integer augue lacus, imperdiet eu"
        text run at (0,394) width 217: "euismod ut, vulputate vel purus."
        text run at (0,416) width 238: "Donec bibendum felis id nisl auctor"
        text run at (0,438) width 246: "sit amet imperdiet quam mollis. Duis"
        text run at (0,474) width 235: "aliquam tellus odio, a varius lectus."
        text run at (0,496) width 239: "Nunc a tortor augue, eu sollicitudin"
        text run at (0,518) width 232: "nibh. Phasellus ultricies, lacus eget"
        text run at (0,540) width 225: "tincidunt mattis, velit erat facilisis"
        text run at (0,562) width 233: "lacus, quis luctus arcu erat ut erat."
        text run at (0,584) width 231: "Duis feugiat eros eu ligula ultricies"
        text run at (0,606) width 234: "non tincidunt tellus viverra. Donec"
        text run at (0,628) width 228: "ut eros augue, nec elementum elit."
        text run at (0,650) width 243: "Pellentesque massa lectus, vulputate"
        text run at (0,672) width 246: "sed vehicula eget, volutpat eu augue."
        text run at (0,694) width 223: "Cras fermentum turpis vitae erat"
        text run at (0,716) width 203: "vehicula et lacinia mi molestie."
    RenderBlock {P} at (0,6300) size 250x586
      RenderText {#text} at (0,0) size 247x586
        text run at (0,0) width 218: "Curabitur ac porttitor leo. Class"
        text run at (0,22) width 202: "aptent taciti sociosqu ad litora"
        text run at (0,44) width 222: "torquent per conubia nostra, per"
        text run at (0,66) width 225: "inceptos himenaeos. Quisque eget"
        text run at (0,88) width 247: "mauris id turpis ullamcorper blandit"
        text run at (0,110) width 235: "quis eget turpis. Nullam et molestie"
        text run at (0,132) width 230: "elit. Curabitur urna arcu, luctus a"
        text run at (0,154) width 227: "suscipit et, viverra vel orci. Morbi"
        text run at (0,176) width 233: "scelerisque erat quis massa blandit"
        text run at (0,198) width 219: "molestie. Fusce vitae velit a lacus"
        text run at (0,220) width 246: "suscipit tempus. In vitae nisl orci, vel"
        text run at (0,242) width 217: "ultrices diam. Duis pellentesque,"
        text run at (0,264) width 234: "massa sit amet eleifend sollicitudin,"
        text run at (0,300) width 191: "dolor orci semper urna, eget"
        text run at (0,322) width 238: "euismod tortor massa sit amet ante."
        text run at (0,344) width 227: "Quisque sed varius lectus. Mauris"
        text run at (0,366) width 231: "facilisis blandit mattis. Ut id tortor"
        text run at (0,388) width 241: "ante, ac eleifend dui. Donec sit amet"
        text run at (0,410) width 239: "arcu quis neque aliquam euismod a"
        text run at (0,432) width 209: "tincidunt justo. Integer sagittis,"
        text run at (0,454) width 225: "neque sed aliquam bibendum, est"
        text run at (0,476) width 238: "ante vulputate lectus, in elementum"
        text run at (0,498) width 200: "felis tellus et nibh. Aliquam id"
        text run at (0,520) width 209: "ultrices nisl. Sed sodales lacinia"
        text run at (0,542) width 226: "interdum. Aenean pharetra tellus"
        text run at (0,564) width 218: "ante, aliquam consectetur ligula."
scrolled to 100,0
