layer at (0,0) size 1952x1010
  RenderView at (0,0) size 784x584
layer at (0,0) size 784x1010
  RenderBlock {HTML} at (0,0) size 784x1010
    RenderBody {BODY} at (8,8) size 768x994
      RenderBlock {HR} at (0,358) size 768x2 [border: (1px inset #000000)]
      RenderBlock {HR} at (0,676) size 768x2 [border: (1px inset #000000)]
layer at (8,8) size 768x350
  RenderBlock {DIV} at (0,0) size 768x350
    RenderTable {TABLE} at (0,0) size 376x1360 [border: (1px outset #808080)]
      RenderTableSection {TBODY} at (1,1) size 374x1358
        RenderTableRow {TR} at (0,0) size 374x1358
          RenderTableCell {TD} at (0,45) size 141x1313 [border: (1px inset #808080)] [r=0 c=0 rs=1 cs=1]
            RenderText {#text} at (11,11) size 119x42
              text run at (11,11) width 119: "This cell has lots"
              text run at (11,32) width 46: "of text."
            RenderBR {BR} at (57,48) size 0x0
            RenderText {#text} at (11,53) size 119x42
              text run at (11,53) width 119: "This cell has lots"
              text run at (11,74) width 46: "of text."
            RenderBR {BR} at (57,90) size 0x0
            RenderText {#text} at (11,95) size 119x42
              text run at (11,95) width 119: "This cell has lots"
              text run at (11,116) width 46: "of text."
            RenderBR {BR} at (57,132) size 0x0
            RenderText {#text} at (11,137) size 119x42
              text run at (11,137) width 119: "This cell has lots"
              text run at (11,158) width 46: "of text."
            RenderBR {BR} at (57,174) size 0x0
            RenderText {#text} at (11,179) size 119x42
              text run at (11,179) width 119: "This cell has lots"
              text run at (11,200) width 46: "of text."
            RenderBR {BR} at (57,216) size 0x0
            RenderText {#text} at (11,221) size 119x42
              text run at (11,221) width 119: "This cell has lots"
              text run at (11,242) width 46: "of text."
            RenderBR {BR} at (57,258) size 0x0
            RenderText {#text} at (11,263) size 119x42
              text run at (11,263) width 119: "This cell has lots"
              text run at (11,284) width 46: "of text."
            RenderBR {BR} at (57,300) size 0x0
            RenderText {#text} at (11,305) size 119x42
              text run at (11,305) width 119: "This cell has lots"
              text run at (11,326) width 46: "of text."
            RenderBR {BR} at (57,342) size 0x0
            RenderText {#text} at (11,347) size 119x42
              text run at (11,347) width 119: "This cell has lots"
              text run at (11,368) width 46: "of text."
            RenderBR {BR} at (57,384) size 0x0
            RenderText {#text} at (11,389) size 119x42
              text run at (11,389) width 119: "This cell has lots"
              text run at (11,410) width 46: "of text."
            RenderBR {BR} at (57,426) size 0x0
            RenderText {#text} at (11,431) size 119x42
              text run at (11,431) width 119: "This cell has lots"
              text run at (11,452) width 46: "of text."
            RenderBR {BR} at (57,468) size 0x0
            RenderText {#text} at (11,473) size 119x42
              text run at (11,473) width 119: "This cell has lots"
              text run at (11,494) width 46: "of text."
            RenderBR {BR} at (57,510) size 0x0
            RenderText {#text} at (11,515) size 119x42
              text run at (11,515) width 119: "This cell has lots"
              text run at (11,536) width 46: "of text."
            RenderBR {BR} at (57,552) size 0x0
            RenderText {#text} at (11,557) size 119x42
              text run at (11,557) width 119: "This cell has lots"
              text run at (11,578) width 46: "of text."
            RenderBR {BR} at (57,594) size 0x0
            RenderText {#text} at (11,599) size 119x42
              text run at (11,599) width 119: "This cell has lots"
              text run at (11,620) width 46: "of text."
            RenderBR {BR} at (57,636) size 0x0
            RenderText {#text} at (11,655) size 119x42
              text run at (11,655) width 119: "This cell has lots"
              text run at (11,676) width 46: "of text."
            RenderBR {BR} at (57,692) size 0x0
            RenderText {#text} at (11,697) size 119x42
              text run at (11,697) width 119: "This cell has lots"
              text run at (11,718) width 46: "of text."
            RenderBR {BR} at (57,734) size 0x0
            RenderText {#text} at (11,739) size 119x42
              text run at (11,739) width 119: "This cell has lots"
              text run at (11,760) width 46: "of text."
            RenderBR {BR} at (57,776) size 0x0
            RenderText {#text} at (11,781) size 119x42
              text run at (11,781) width 119: "This cell has lots"
              text run at (11,802) width 46: "of text."
            RenderBR {BR} at (57,818) size 0x0
            RenderText {#text} at (11,823) size 119x42
              text run at (11,823) width 119: "This cell has lots"
              text run at (11,844) width 46: "of text."
            RenderBR {BR} at (57,860) size 0x0
            RenderText {#text} at (11,865) size 119x42
              text run at (11,865) width 119: "This cell has lots"
              text run at (11,886) width 46: "of text."
            RenderBR {BR} at (57,902) size 0x0
            RenderText {#text} at (11,907) size 119x42
              text run at (11,907) width 119: "This cell has lots"
              text run at (11,928) width 46: "of text."
            RenderBR {BR} at (57,944) size 0x0
            RenderText {#text} at (11,949) size 119x42
              text run at (11,949) width 119: "This cell has lots"
              text run at (11,970) width 46: "of text."
            RenderBR {BR} at (57,986) size 0x0
            RenderText {#text} at (11,1005) size 119x42
              text run at (11,1005) width 119: "This cell has lots"
              text run at (11,1026) width 46: "of text."
            RenderBR {BR} at (57,1042) size 0x0
            RenderText {#text} at (11,1047) size 119x42
              text run at (11,1047) width 119: "This cell has lots"
              text run at (11,1068) width 46: "of text."
            RenderBR {BR} at (57,1084) size 0x0
            RenderText {#text} at (11,1089) size 119x42
              text run at (11,1089) width 119: "This cell has lots"
              text run at (11,1110) width 46: "of text."
            RenderBR {BR} at (57,1126) size 0x0
            RenderText {#text} at (11,1131) size 119x42
              text run at (11,1131) width 119: "This cell has lots"
              text run at (11,1152) width 46: "of text."
            RenderBR {BR} at (57,1168) size 0x0
            RenderText {#text} at (11,1173) size 119x42
              text run at (11,1173) width 119: "This cell has lots"
              text run at (11,1194) width 46: "of text."
            RenderBR {BR} at (57,1210) size 0x0
            RenderText {#text} at (11,1215) size 119x42
              text run at (11,1215) width 119: "This cell has lots"
              text run at (11,1236) width 46: "of text."
            RenderBR {BR} at (57,1252) size 0x0
            RenderText {#text} at (11,1257) size 119x42
              text run at (11,1257) width 119: "This cell has lots"
              text run at (11,1278) width 46: "of text."
            RenderBR {BR} at (57,1294) size 0x0
          RenderTableCell {TD} at (141,0) size 233x182 [border: (1px inset #808080)] [r=0 c=1 rs=1 cs=1]
            RenderInline {SPAN} at (0,0) size 161x160
              RenderText {#text} at (11,11) size 161x160
                text run at (11,11) width 161: "Other"
                text run at (11,91) width 114: "cell."
layer at (8,376) size 768x300
  RenderBlock {DIV} at (0,368) size 768x300
    RenderTable {TABLE} at (0,0) size 376x1318 [border: (1px outset #808080)]
      RenderTableSection {TBODY} at (1,1) size 374x1316
        RenderTableRow {TR} at (0,0) size 374x1316
          RenderTableCell {TD} at (0,0) size 141x1316 [border: (1px inset #808080)] [r=0 c=0 rs=1 cs=1]
            RenderText {#text} at (11,11) size 119x42
              text run at (11,11) width 119: "This cell has lots"
              text run at (11,32) width 46: "of text."
            RenderBR {BR} at (57,48) size 0x0
            RenderText {#text} at (11,53) size 119x42
              text run at (11,53) width 119: "This cell has lots"
              text run at (11,74) width 46: "of text."
            RenderBR {BR} at (57,90) size 0x0
            RenderText {#text} at (11,95) size 119x42
              text run at (11,95) width 119: "This cell has lots"
              text run at (11,116) width 46: "of text."
            RenderBR {BR} at (57,132) size 0x0
            RenderText {#text} at (11,137) size 119x42
              text run at (11,137) width 119: "This cell has lots"
              text run at (11,158) width 46: "of text."
            RenderBR {BR} at (57,174) size 0x0
            RenderText {#text} at (11,179) size 119x42
              text run at (11,179) width 119: "This cell has lots"
              text run at (11,200) width 46: "of text."
            RenderBR {BR} at (57,216) size 0x0
            RenderText {#text} at (11,221) size 119x42
              text run at (11,221) width 119: "This cell has lots"
              text run at (11,242) width 46: "of text."
            RenderBR {BR} at (57,258) size 0x0
            RenderText {#text} at (11,263) size 119x58
              text run at (11,263) width 119: "This cell has lots"
              text run at (11,300) width 46: "of text."
            RenderBR {BR} at (57,316) size 0x0
            RenderText {#text} at (11,321) size 119x42
              text run at (11,321) width 119: "This cell has lots"
              text run at (11,342) width 46: "of text."
            RenderBR {BR} at (57,358) size 0x0
            RenderText {#text} at (11,363) size 119x42
              text run at (11,363) width 119: "This cell has lots"
              text run at (11,384) width 46: "of text."
            RenderBR {BR} at (57,400) size 0x0
            RenderText {#text} at (11,405) size 119x42
              text run at (11,405) width 119: "This cell has lots"
              text run at (11,426) width 46: "of text."
            RenderBR {BR} at (57,442) size 0x0
            RenderText {#text} at (11,447) size 119x42
              text run at (11,447) width 119: "This cell has lots"
              text run at (11,468) width 46: "of text."
            RenderBR {BR} at (57,484) size 0x0
            RenderText {#text} at (11,489) size 119x42
              text run at (11,489) width 119: "This cell has lots"
              text run at (11,510) width 46: "of text."
            RenderBR {BR} at (57,526) size 0x0
            RenderText {#text} at (11,531) size 119x42
              text run at (11,531) width 119: "This cell has lots"
              text run at (11,552) width 46: "of text."
            RenderBR {BR} at (57,568) size 0x0
            RenderText {#text} at (11,573) size 119x48
              text run at (11,573) width 119: "This cell has lots"
              text run at (11,600) width 46: "of text."
            RenderBR {BR} at (57,616) size 0x0
            RenderText {#text} at (11,621) size 119x42
              text run at (11,621) width 119: "This cell has lots"
              text run at (11,642) width 46: "of text."
            RenderBR {BR} at (57,658) size 0x0
            RenderText {#text} at (11,663) size 119x42
              text run at (11,663) width 119: "This cell has lots"
              text run at (11,684) width 46: "of text."
            RenderBR {BR} at (57,700) size 0x0
            RenderText {#text} at (11,705) size 119x42
              text run at (11,705) width 119: "This cell has lots"
              text run at (11,726) width 46: "of text."
            RenderBR {BR} at (57,742) size 0x0
            RenderText {#text} at (11,747) size 119x42
              text run at (11,747) width 119: "This cell has lots"
              text run at (11,768) width 46: "of text."
            RenderBR {BR} at (57,784) size 0x0
            RenderText {#text} at (11,789) size 119x42
              text run at (11,789) width 119: "This cell has lots"
              text run at (11,810) width 46: "of text."
            RenderBR {BR} at (57,826) size 0x0
            RenderText {#text} at (11,831) size 119x42
              text run at (11,831) width 119: "This cell has lots"
              text run at (11,852) width 46: "of text."
            RenderBR {BR} at (57,868) size 0x0
            RenderText {#text} at (11,873) size 119x48
              text run at (11,873) width 119: "This cell has lots"
              text run at (11,900) width 46: "of text."
            RenderBR {BR} at (57,916) size 0x0
            RenderText {#text} at (11,921) size 119x42
              text run at (11,921) width 119: "This cell has lots"
              text run at (11,942) width 46: "of text."
            RenderBR {BR} at (57,958) size 0x0
            RenderText {#text} at (11,963) size 119x42
              text run at (11,963) width 119: "This cell has lots"
              text run at (11,984) width 46: "of text."
            RenderBR {BR} at (57,1000) size 0x0
            RenderText {#text} at (11,1005) size 119x42
              text run at (11,1005) width 119: "This cell has lots"
              text run at (11,1026) width 46: "of text."
            RenderBR {BR} at (57,1042) size 0x0
            RenderText {#text} at (11,1047) size 119x42
              text run at (11,1047) width 119: "This cell has lots"
              text run at (11,1068) width 46: "of text."
            RenderBR {BR} at (57,1084) size 0x0
            RenderText {#text} at (11,1089) size 119x42
              text run at (11,1089) width 119: "This cell has lots"
              text run at (11,1110) width 46: "of text."
            RenderBR {BR} at (57,1126) size 0x0
            RenderText {#text} at (11,1131) size 119x42
              text run at (11,1131) width 119: "This cell has lots"
              text run at (11,1152) width 46: "of text."
            RenderBR {BR} at (57,1168) size 0x0
            RenderText {#text} at (11,1173) size 119x48
              text run at (11,1173) width 119: "This cell has lots"
              text run at (11,1200) width 46: "of text."
            RenderBR {BR} at (57,1216) size 0x0
            RenderText {#text} at (11,1221) size 119x42
              text run at (11,1221) width 119: "This cell has lots"
              text run at (11,1242) width 46: "of text."
            RenderBR {BR} at (57,1258) size 0x0
            RenderText {#text} at (11,1263) size 119x42
              text run at (11,1263) width 119: "This cell has lots"
              text run at (11,1284) width 46: "of text."
            RenderBR {BR} at (57,1300) size 0x0
          RenderTableCell {TD} at (141,567) size 233x182 [border: (1px inset #808080)] [r=0 c=1 rs=1 cs=1]
            RenderInline {SPAN} at (0,0) size 161x160
              RenderText {#text} at (11,33) size 161x160
                text run at (11,33) width 161: "Other"
                text run at (11,113) width 114: "cell."
layer at (8,702) size 768x300
  RenderBlock {DIV} at (0,694) size 768x300
    RenderTable {TABLE} at (0,0) size 376x1318 [border: (1px outset #808080)]
      RenderTableSection {TBODY} at (1,1) size 374x1316
        RenderTableRow {TR} at (0,0) size 374x1316
          RenderTableCell {TD} at (0,0) size 141x1316 [border: (1px inset #808080)] [r=0 c=0 rs=1 cs=1]
            RenderText {#text} at (11,11) size 119x42
              text run at (11,11) width 119: "This cell has lots"
              text run at (11,32) width 46: "of text."
            RenderBR {BR} at (57,48) size 0x0
            RenderText {#text} at (11,53) size 119x42
              text run at (11,53) width 119: "This cell has lots"
              text run at (11,74) width 46: "of text."
            RenderBR {BR} at (57,90) size 0x0
            RenderText {#text} at (11,95) size 119x42
              text run at (11,95) width 119: "This cell has lots"
              text run at (11,116) width 46: "of text."
            RenderBR {BR} at (57,132) size 0x0
            RenderText {#text} at (11,137) size 119x42
              text run at (11,137) width 119: "This cell has lots"
              text run at (11,158) width 46: "of text."
            RenderBR {BR} at (57,174) size 0x0
            RenderText {#text} at (11,179) size 119x42
              text run at (11,179) width 119: "This cell has lots"
              text run at (11,200) width 46: "of text."
            RenderBR {BR} at (57,216) size 0x0
            RenderText {#text} at (11,221) size 119x42
              text run at (11,221) width 119: "This cell has lots"
              text run at (11,242) width 46: "of text."
            RenderBR {BR} at (57,258) size 0x0
            RenderText {#text} at (11,263) size 119x58
              text run at (11,263) width 119: "This cell has lots"
              text run at (11,300) width 46: "of text."
            RenderBR {BR} at (57,316) size 0x0
            RenderText {#text} at (11,321) size 119x42
              text run at (11,321) width 119: "This cell has lots"
              text run at (11,342) width 46: "of text."
            RenderBR {BR} at (57,358) size 0x0
            RenderText {#text} at (11,363) size 119x42
              text run at (11,363) width 119: "This cell has lots"
              text run at (11,384) width 46: "of text."
            RenderBR {BR} at (57,400) size 0x0
            RenderText {#text} at (11,405) size 119x42
              text run at (11,405) width 119: "This cell has lots"
              text run at (11,426) width 46: "of text."
            RenderBR {BR} at (57,442) size 0x0
            RenderText {#text} at (11,447) size 119x42
              text run at (11,447) width 119: "This cell has lots"
              text run at (11,468) width 46: "of text."
            RenderBR {BR} at (57,484) size 0x0
            RenderText {#text} at (11,489) size 119x42
              text run at (11,489) width 119: "This cell has lots"
              text run at (11,510) width 46: "of text."
            RenderBR {BR} at (57,526) size 0x0
            RenderText {#text} at (11,531) size 119x42
              text run at (11,531) width 119: "This cell has lots"
              text run at (11,552) width 46: "of text."
            RenderBR {BR} at (57,568) size 0x0
            RenderText {#text} at (11,573) size 119x48
              text run at (11,573) width 119: "This cell has lots"
              text run at (11,600) width 46: "of text."
            RenderBR {BR} at (57,616) size 0x0
            RenderText {#text} at (11,621) size 119x42
              text run at (11,621) width 119: "This cell has lots"
              text run at (11,642) width 46: "of text."
            RenderBR {BR} at (57,658) size 0x0
            RenderText {#text} at (11,663) size 119x42
              text run at (11,663) width 119: "This cell has lots"
              text run at (11,684) width 46: "of text."
            RenderBR {BR} at (57,700) size 0x0
            RenderText {#text} at (11,705) size 119x42
              text run at (11,705) width 119: "This cell has lots"
              text run at (11,726) width 46: "of text."
            RenderBR {BR} at (57,742) size 0x0
            RenderText {#text} at (11,747) size 119x42
              text run at (11,747) width 119: "This cell has lots"
              text run at (11,768) width 46: "of text."
            RenderBR {BR} at (57,784) size 0x0
            RenderText {#text} at (11,789) size 119x42
              text run at (11,789) width 119: "This cell has lots"
              text run at (11,810) width 46: "of text."
            RenderBR {BR} at (57,826) size 0x0
            RenderText {#text} at (11,831) size 119x42
              text run at (11,831) width 119: "This cell has lots"
              text run at (11,852) width 46: "of text."
            RenderBR {BR} at (57,868) size 0x0
            RenderText {#text} at (11,873) size 119x48
              text run at (11,873) width 119: "This cell has lots"
              text run at (11,900) width 46: "of text."
            RenderBR {BR} at (57,916) size 0x0
            RenderText {#text} at (11,921) size 119x42
              text run at (11,921) width 119: "This cell has lots"
              text run at (11,942) width 46: "of text."
            RenderBR {BR} at (57,958) size 0x0
            RenderText {#text} at (11,963) size 119x42
              text run at (11,963) width 119: "This cell has lots"
              text run at (11,984) width 46: "of text."
            RenderBR {BR} at (57,1000) size 0x0
            RenderText {#text} at (11,1005) size 119x42
              text run at (11,1005) width 119: "This cell has lots"
              text run at (11,1026) width 46: "of text."
            RenderBR {BR} at (57,1042) size 0x0
            RenderText {#text} at (11,1047) size 119x42
              text run at (11,1047) width 119: "This cell has lots"
              text run at (11,1068) width 46: "of text."
            RenderBR {BR} at (57,1084) size 0x0
            RenderText {#text} at (11,1089) size 119x42
              text run at (11,1089) width 119: "This cell has lots"
              text run at (11,1110) width 46: "of text."
            RenderBR {BR} at (57,1126) size 0x0
            RenderText {#text} at (11,1131) size 119x42
              text run at (11,1131) width 119: "This cell has lots"
              text run at (11,1152) width 46: "of text."
            RenderBR {BR} at (57,1168) size 0x0
            RenderText {#text} at (11,1173) size 119x48
              text run at (11,1173) width 119: "This cell has lots"
              text run at (11,1200) width 46: "of text."
            RenderBR {BR} at (57,1216) size 0x0
            RenderText {#text} at (11,1221) size 119x42
              text run at (11,1221) width 119: "This cell has lots"
              text run at (11,1242) width 46: "of text."
            RenderBR {BR} at (57,1258) size 0x0
            RenderText {#text} at (11,1263) size 119x42
              text run at (11,1263) width 119: "This cell has lots"
              text run at (11,1284) width 46: "of text."
            RenderBR {BR} at (57,1300) size 0x0
          RenderTableCell {TD} at (141,1134) size 233x182 [border: (1px inset #808080)] [r=0 c=1 rs=1 cs=1]
            RenderInline {SPAN} at (0,0) size 161x160
              RenderText {#text} at (11,66) size 161x160
                text run at (11,66) width 161: "Other"
                text run at (11,146) width 114: "cell."
