layer at (0,0) size 784x2468
  RenderView at (0,0) size 784x600
layer at (0,0) size 784x2468
  RenderBlock {HTML} at (0,0) size 784x2468
    RenderBody {BODY} at (8,8) size 768x2444
      RenderBlock {H1} at (0,0) size 768x37
        RenderText {#text} at (0,0) size 432x36
          text run at (0,0) width 432: "Example 4: Some simple tables."
      RenderTable {TABLE} at (0,58) size 475x100 [border: (1px outset #808080)]
        RenderTableSection {TBODY} at (1,1) size 473x98
          RenderTableRow {TR} at (0,2) size 473x22
            RenderTableCell {TH} at (2,2) size 69x22 [border: (1px inset #808080)] [r=0 c=0 rs=1 cs=1]
              RenderText {#text} at (12,2) size 45x17
                text run at (12,2) width 45: "Color "
            RenderTableCell {TH} at (73,2) size 398x22 [border: (1px inset #808080)] [r=0 c=1 rs=1 cs=1]
              RenderText {#text} at (166,2) size 66x17
                text run at (166,2) width 66: "Meaning "
          RenderTableRow {TR} at (0,26) size 473x22
            RenderTableCell {TD} at (2,26) size 69x22 [bgcolor=#90EE90] [border: (1px inset #808080)] [r=1 c=0 rs=1 cs=1]
              RenderText {#text} at (2,2) size 65x17
                text run at (2,2) width 65: "lightgreen"
            RenderTableCell {TD} at (73,26) size 398x22 [border: (1px inset #808080)] [r=1 c=1 rs=1 cs=1]
              RenderText {#text} at (2,2) size 302x17
                text run at (2,2) width 302: "Light green is used on cells that have a colspan"
          RenderTableRow {TR} at (0,50) size 473x22
            RenderTableCell {TD} at (2,50) size 69x22 [bgcolor=#F0E68C] [border: (1px inset #808080)] [r=2 c=0 rs=1 cs=1]
              RenderText {#text} at (2,2) size 36x17
                text run at (2,2) width 36: "khaki"
            RenderTableCell {TD} at (73,50) size 398x22 [border: (1px inset #808080)] [r=2 c=1 rs=1 cs=1]
              RenderText {#text} at (2,2) size 272x17
                text run at (2,2) width 272: "Khaki is used on cells that have a rowspan"
          RenderTableRow {TR} at (0,74) size 473x22
            RenderTableCell {TD} at (2,74) size 69x22 [bgcolor=#D3D3D3] [border: (1px inset #808080)] [r=3 c=0 rs=1 cs=1]
              RenderText {#text} at (2,2) size 58x17
                text run at (2,2) width 58: "lightgrey"
            RenderTableCell {TD} at (73,74) size 398x22 [border: (1px inset #808080)] [r=3 c=1 rs=1 cs=1]
              RenderText {#text} at (2,2) size 304x17
                text run at (2,2) width 304: "Light grey is used on cells that have a rowspan "
              RenderInline {B} at (0,0) size 27x17
                RenderText {#text} at (305,2) size 27x17
                  text run at (305,2) width 27: "and"
              RenderText {#text} at (331,2) size 65x17
                text run at (331,2) width 65: " a colspan"
      RenderBlock (anonymous) at (0,158) size 768x36
        RenderBR {BR} at (0,0) size 0x17
        RenderText {#text} at (0,18) size 4x17
          text run at (0,18) width 4: " "
      RenderTable {TABLE} at (0,194) size 768x130 [border: (1px outset #808080)]
        RenderBlock {CAPTION} at (0,0) size 766x18
          RenderText {#text} at (124,0) size 518x17
            text run at (124,0) width 518: "Table 1 has this caption at the top.  It is defined to be 100% of it's parent's width."
        RenderTableSection {TBODY} at (1,19) size 766x110
          RenderTableRow {TR} at (0,2) size 766x40
            RenderTableCell {TD} at (2,11) size 396x22 [bgcolor=#90EE90] [border: (1px inset #808080)] [r=0 c=0 rs=1 cs=2]
              RenderText {#text} at (2,2) size 27x17
                text run at (2,2) width 27: "Cell"
            RenderTableCell {TD} at (400,2) size 364x40 [border: (1px inset #808080)] [r=0 c=2 rs=1 cs=1]
              RenderText {#text} at (2,2) size 340x35
                text run at (2,2) width 340: "Stuff to test out table cell layout. This should be long"
                text run at (2,20) width 52: "enough."
          RenderTableRow {TR} at (0,44) size 766x22
            RenderTableCell {TD} at (2,44) size 31x22 [border: (1px inset #808080)] [r=1 c=0 rs=1 cs=1]
              RenderText {#text} at (2,2) size 27x17
                text run at (2,2) width 27: "Cell"
            RenderTableCell {TD} at (35,44) size 729x22 [bgcolor=#90EE90] [border: (1px inset #808080)] [r=1 c=1 rs=1 cs=2]
              RenderText {#text} at (2,2) size 396x17
                text run at (2,2) width 396: "Stuff to test out table cell layout. This should be long enough."
          RenderTableRow {TR} at (0,68) size 766x40
            RenderTableCell {TD} at (2,77) size 31x22 [border: (1px inset #808080)] [r=2 c=0 rs=1 cs=1]
              RenderText {#text} at (2,2) size 27x17
                text run at (2,2) width 27: "Cell"
            RenderTableCell {TD} at (35,68) size 363x40 [border: (1px inset #808080)] [r=2 c=1 rs=1 cs=1]
              RenderText {#text} at (2,2) size 340x35
                text run at (2,2) width 340: "Stuff to test out table cell layout. This should be long"
                text run at (2,20) width 52: "enough."
            RenderTableCell {TD} at (400,77) size 364x22 [border: (1px inset #808080)] [r=2 c=2 rs=1 cs=1]
              RenderText {#text} at (2,2) size 27x17
                text run at (2,2) width 27: "Cell"
      RenderBlock (anonymous) at (0,324) size 768x36
        RenderBR {BR} at (0,0) size 0x17
        RenderText {#text} at (0,18) size 4x17
          text run at (0,18) width 4: " "
      RenderTable {TABLE} at (0,360) size 506x94 [border: (1px outset #808080)]
        RenderBlock {CAPTION} at (0,0) size 504x18
          RenderText {#text} at (88,0) size 328x17
            text run at (88,0) width 328: "Table 2 has auto-width (no width param specified.)"
        RenderTableSection {TBODY} at (1,19) size 504x74
          RenderTableRow {TR} at (0,2) size 504x22
            RenderTableCell {TD} at (2,2) size 31x22 [border: (1px inset #808080)] [r=0 c=0 rs=1 cs=1]
              RenderText {#text} at (2,2) size 27x17
                text run at (2,2) width 27: "Cell"
            RenderTableCell {TD} at (35,14) size 467x22 [bgcolor=#D3D3D3] [border: (1px inset #808080)] [r=0 c=1 rs=2 cs=2]
              RenderText {#text} at (2,2) size 396x17
                text run at (2,2) width 396: "Stuff to test out table cell layout. This should be long enough."
          RenderTableRow {TR} at (0,26) size 504x22
            RenderTableCell {TD} at (2,26) size 31x22 [border: (1px inset #808080)] [r=1 c=0 rs=1 cs=1]
              RenderText {#text} at (2,2) size 27x17
                text run at (2,2) width 27: "Cell"
          RenderTableRow {TR} at (0,50) size 504x22
            RenderTableCell {TD} at (2,50) size 31x22 [border: (1px inset #808080)] [r=2 c=0 rs=1 cs=1]
              RenderText {#text} at (2,2) size 27x17
                text run at (2,2) width 27: "Cell"
            RenderTableCell {TD} at (35,50) size 400x22 [border: (1px inset #808080)] [r=2 c=1 rs=1 cs=1]
              RenderText {#text} at (2,2) size 396x17
                text run at (2,2) width 396: "Stuff to test out table cell layout. This should be long enough."
            RenderTableCell {TD} at (437,50) size 65x22 [border: (1px inset #808080)] [r=2 c=2 rs=1 cs=1]
              RenderText {#text} at (2,2) size 61x17
                text run at (2,2) width 61: "more text"
      RenderBlock (anonymous) at (0,454) size 768x18
        RenderText {#text} at (0,0) size 4x17
          text run at (0,0) width 4: " "
      RenderTable {TABLE} at (0,472) size 506x94 [border: (1px outset #808080)]
        RenderBlock {CAPTION} at (0,0) size 504x18
          RenderText {#text} at (52,0) size 400x17
            text run at (52,0) width 400: "Table 3 is the same as Table 2, but with equal column widths. "
        RenderTableSection {TBODY} at (1,19) size 504x74
          RenderTableRow {TR} at (0,2) size 504x22
            RenderTableCell {TD} at (2,2) size 31x22 [border: (1px inset #808080)] [r=0 c=0 rs=1 cs=1]
              RenderText {#text} at (2,2) size 27x17
                text run at (2,2) width 27: "Cell"
            RenderTableCell {TD} at (35,14) size 467x22 [bgcolor=#D3D3D3] [border: (1px inset #808080)] [r=0 c=1 rs=2 cs=2]
              RenderText {#text} at (2,2) size 396x17
                text run at (2,2) width 396: "Stuff to test out table cell layout. This should be long enough."
          RenderTableRow {TR} at (0,26) size 504x22
            RenderTableCell {TD} at (2,26) size 31x22 [border: (1px inset #808080)] [r=1 c=0 rs=1 cs=1]
              RenderText {#text} at (2,2) size 27x17
                text run at (2,2) width 27: "Cell"
          RenderTableRow {TR} at (0,50) size 504x22
            RenderTableCell {TD} at (2,50) size 31x22 [border: (1px inset #808080)] [r=2 c=0 rs=1 cs=1]
              RenderText {#text} at (2,2) size 27x17
                text run at (2,2) width 27: "Cell"
            RenderTableCell {TD} at (35,50) size 400x22 [border: (1px inset #808080)] [r=2 c=1 rs=1 cs=1]
              RenderText {#text} at (2,2) size 396x17
                text run at (2,2) width 396: "Stuff to test out table cell layout. This should be long enough."
            RenderTableCell {TD} at (437,50) size 65x22 [border: (1px inset #808080)] [r=2 c=2 rs=1 cs=1]
              RenderText {#text} at (2,2) size 61x17
                text run at (2,2) width 61: "more text"
      RenderBlock (anonymous) at (0,566) size 768x36
        RenderBR {BR} at (0,0) size 0x17
        RenderText {#text} at (0,18) size 4x17
          text run at (0,18) width 4: " "
      RenderTable {TABLE} at (0,602) size 252x174 [border: (1px none #808080)]
        RenderBlock {CAPTION} at (0,120) size 250x54
          RenderText {#text} at (7,0) size 244x53
            text run at (7,0) width 236: "Table 4 has this bottom caption. The"
            text run at (3,18) width 244: "table has specified column widths and"
            text run at (64,36) width 122: "collapsing borders."
        RenderTableCol {COLGROUP} at (0,0) size 0x0
          RenderTableCol {COL} at (0,0) size 0x0 [border: (2px dashed #0000FF) none (2px solid #000000)]
          RenderTableCol {COL} at (0,0) size 0x0 [border: (1px solid #FF0000) none]
          RenderTableCol {COL} at (0,0) size 0x0 [border: (2px solid #000000) none]
        RenderTableSection {THEAD} at (1,1) size 250x26 [border: none (6px solid #000000) none]
          RenderTableRow {TR} at (0,0) size 250x26 [border: (2px solid #000000)]
            RenderTableCell {TH} at (0,0) size 90x26 [border: (1px none #000000) none (3px none #000000)] [r=0 c=0 rs=1 cs=1]
              RenderText {#text} at (23,3) size 45x17
                text run at (23,3) width 45: "Player"
            RenderTableCell {TH} at (90,0) size 80x26 [border: (1px none #000000) none (3px none #000000)] [r=0 c=1 rs=1 cs=1]
              RenderText {#text} at (10,3) size 60x17
                text run at (10,3) width 60: "Ranking"
            RenderTableCell {TH} at (170,0) size 80x26 [border: (1px none #000000)] [r=0 c=2 rs=1 cs=1]
              RenderText {#text} at (14,3) size 51x17
                text run at (14,3) width 51: "Record"
        RenderTableSection {TBODY} at (1,27) size 250x92
          RenderTableRow {TR} at (0,0) size 250x26 [border: (2px solid #000000)]
            RenderTableCell {TD} at (0,0) size 90x26 [border: (3px none #000000)] [r=0 c=0 rs=1 cs=1]
              RenderText {#text} at (3,5) size 76x17
                text run at (3,5) width 76: "Steve Clark"
            RenderTableCell {TD} at (90,0) size 80x26 [border: (3px none #000000)] [r=0 c=1 rs=1 cs=1]
              RenderText {#text} at (36,5) size 9x17
                text run at (36,5) width 9: "1"
            RenderTableCell {TD} at (170,0) size 80x26 [border: (3px none #000000)] [r=0 c=2 rs=1 cs=1]
              RenderText {#text} at (25,5) size 30x17
                text run at (25,5) width 30: "77-0"
          RenderTableRow {TR} at (0,26) size 250x24 [border: (2px solid #000000)]
            RenderTableCell {TD} at (0,26) size 90x24 [border: (1px none #000000)] [r=1 c=0 rs=1 cs=1]
              RenderText {#text} at (3,3) size 75x17
                text run at (3,3) width 75: "Cliff Swain"
            RenderTableCell {TD} at (90,26) size 80x24 [border: (1px none #000000)] [r=1 c=1 rs=1 cs=1]
              RenderText {#text} at (36,3) size 9x17
                text run at (36,3) width 9: "2"
            RenderTableCell {TD} at (170,26) size 80x24 [border: (1px none #000000)] [r=1 c=2 rs=1 cs=1]
              RenderText {#text} at (21,3) size 38x17
                text run at (21,3) width 38: "67-10"
          RenderTableRow {TR} at (0,50) size 250x42 [border: (2px solid #000000)]
            RenderTableCell {TD} at (0,50) size 90x42 [border: (1px none #000000)] [r=2 c=0 rs=1 cs=1]
              RenderText {#text} at (3,3) size 43x35
                text run at (3,3) width 40: "Marty"
                text run at (3,21) width 43: "Hogan"
            RenderTableCell {TD} at (90,59) size 80x24 [border: (1px none #000000)] [r=2 c=1 rs=1 cs=1]
              RenderText {#text} at (36,3) size 9x17
                text run at (36,3) width 9: "3"
            RenderTableCell {TD} at (170,59) size 80x24 [border: (1px none #000000)] [r=2 c=2 rs=1 cs=1]
              RenderText {#text} at (21,3) size 38x17
                text run at (21,3) width 38: "57-15"
      RenderBlock (anonymous) at (0,776) size 768x18
        RenderBR {BR} at (0,0) size 0x17
      RenderTable {TABLE} at (0,794) size 198x426
        RenderBlock {CAPTION} at (0,390) size 198x18
          RenderText {#text} at (4,0) size 190x17
            text run at (4,0) width 190: "Table 5 has a scrolling tbody."
        RenderTableSection {THEAD} at (0,0) size 198x18
          RenderTableRow {TR} at (0,2) size 198x14
            RenderTableCell {TD} at (2,2) size 96x14 [r=0 c=0 rs=1 cs=2]
              RenderText {#text} at (1,1) size 48x12
                text run at (1,1) width 48: "HEADER"
        RenderTableSection {TBODY} at (0,18) size 198x354 [border: (1px solid #000000)]
          RenderTableRow {TR} at (0,2) size 198x20
            RenderTableCell {TD} at (2,2) size 47x20 [r=0 c=0 rs=1 cs=1]
              RenderText {#text} at (1,1) size 45x17
                text run at (1,1) width 45: "cell-00"
            RenderTableCell {TD} at (51,2) size 47x20 [r=0 c=1 rs=1 cs=1]
              RenderText {#text} at (1,1) size 45x17
                text run at (1,1) width 45: "cell-01"
            RenderTableCell {TD} at (100,2) size 47x20 [r=0 c=2 rs=1 cs=1]
              RenderText {#text} at (1,1) size 45x17
                text run at (1,1) width 45: "cell-02"
            RenderTableCell {TD} at (149,2) size 47x20 [r=0 c=3 rs=1 cs=1]
              RenderText {#text} at (1,1) size 45x17
                text run at (1,1) width 45: "cell-03"
          RenderTableRow {TR} at (0,24) size 198x20
            RenderTableCell {TD} at (2,24) size 47x20 [r=1 c=0 rs=1 cs=1]
              RenderText {#text} at (1,1) size 45x17
                text run at (1,1) width 45: "cell-10"
            RenderTableCell {TD} at (51,24) size 47x20 [r=1 c=1 rs=1 cs=1]
              RenderText {#text} at (1,1) size 45x17
                text run at (1,1) width 45: "cell-11"
            RenderTableCell {TD} at (100,24) size 47x20 [r=1 c=2 rs=1 cs=1]
              RenderText {#text} at (1,1) size 45x17
                text run at (1,1) width 45: "cell-12"
            RenderTableCell {TD} at (149,24) size 47x20 [r=1 c=3 rs=1 cs=1]
              RenderText {#text} at (1,1) size 45x17
                text run at (1,1) width 45: "cell-13"
          RenderTableRow {TR} at (0,46) size 198x20
            RenderTableCell {TD} at (2,46) size 47x20 [r=2 c=0 rs=1 cs=1]
              RenderText {#text} at (1,1) size 45x17
                text run at (1,1) width 45: "cell-20"
            RenderTableCell {TD} at (51,46) size 47x20 [r=2 c=1 rs=1 cs=1]
              RenderText {#text} at (1,1) size 45x17
                text run at (1,1) width 45: "cell-21"
            RenderTableCell {TD} at (100,46) size 47x20 [r=2 c=2 rs=1 cs=1]
              RenderText {#text} at (1,1) size 45x17
                text run at (1,1) width 45: "cell-22"
            RenderTableCell {TD} at (149,46) size 47x20 [r=2 c=3 rs=1 cs=1]
              RenderText {#text} at (1,1) size 45x17
                text run at (1,1) width 45: "cell-23"
          RenderTableRow {TR} at (0,68) size 198x20
            RenderTableCell {TD} at (2,68) size 47x20 [r=3 c=0 rs=1 cs=1]
              RenderText {#text} at (1,1) size 45x17
                text run at (1,1) width 45: "cell-30"
            RenderTableCell {TD} at (51,68) size 47x20 [r=3 c=1 rs=1 cs=1]
              RenderText {#text} at (1,1) size 45x17
                text run at (1,1) width 45: "cell-31"
            RenderTableCell {TD} at (100,68) size 47x20 [r=3 c=2 rs=1 cs=1]
              RenderText {#text} at (1,1) size 45x17
                text run at (1,1) width 45: "cell-32"
            RenderTableCell {TD} at (149,68) size 47x20 [r=3 c=3 rs=1 cs=1]
              RenderText {#text} at (1,1) size 45x17
                text run at (1,1) width 45: "cell-33"
          RenderTableRow {TR} at (0,90) size 198x20
            RenderTableCell {TD} at (2,90) size 47x20 [r=4 c=0 rs=1 cs=1]
              RenderText {#text} at (1,1) size 45x17
                text run at (1,1) width 45: "cell-40"
            RenderTableCell {TD} at (51,90) size 47x20 [r=4 c=1 rs=1 cs=1]
              RenderText {#text} at (1,1) size 45x17
                text run at (1,1) width 45: "cell-41"
            RenderTableCell {TD} at (100,90) size 47x20 [r=4 c=2 rs=1 cs=1]
              RenderText {#text} at (1,1) size 45x17
                text run at (1,1) width 45: "cell-42"
            RenderTableCell {TD} at (149,90) size 47x20 [r=4 c=3 rs=1 cs=1]
              RenderText {#text} at (1,1) size 45x17
                text run at (1,1) width 45: "cell-43"
          RenderTableRow {TR} at (0,112) size 198x20
            RenderTableCell {TD} at (2,112) size 47x20 [r=5 c=0 rs=1 cs=1]
              RenderText {#text} at (1,1) size 45x17
                text run at (1,1) width 45: "cell-50"
            RenderTableCell {TD} at (51,112) size 47x20 [r=5 c=1 rs=1 cs=1]
              RenderText {#text} at (1,1) size 45x17
                text run at (1,1) width 45: "cell-51"
            RenderTableCell {TD} at (100,112) size 47x20 [r=5 c=2 rs=1 cs=1]
              RenderText {#text} at (1,1) size 45x17
                text run at (1,1) width 45: "cell-52"
            RenderTableCell {TD} at (149,112) size 47x20 [r=5 c=3 rs=1 cs=1]
              RenderText {#text} at (1,1) size 45x17
                text run at (1,1) width 45: "cell-53"
          RenderTableRow {TR} at (0,134) size 198x20
            RenderTableCell {TD} at (2,134) size 47x20 [r=6 c=0 rs=1 cs=1]
              RenderText {#text} at (1,1) size 45x17
                text run at (1,1) width 45: "cell-60"
            RenderTableCell {TD} at (51,134) size 47x20 [r=6 c=1 rs=1 cs=1]
              RenderText {#text} at (1,1) size 45x17
                text run at (1,1) width 45: "cell-61"
            RenderTableCell {TD} at (100,134) size 47x20 [r=6 c=2 rs=1 cs=1]
              RenderText {#text} at (1,1) size 45x17
                text run at (1,1) width 45: "cell-62"
            RenderTableCell {TD} at (149,134) size 47x20 [r=6 c=3 rs=1 cs=1]
              RenderText {#text} at (1,1) size 45x17
                text run at (1,1) width 45: "cell-63"
          RenderTableRow {TR} at (0,156) size 198x20
            RenderTableCell {TD} at (2,156) size 47x20 [r=7 c=0 rs=1 cs=1]
              RenderText {#text} at (1,1) size 45x17
                text run at (1,1) width 45: "cell-70"
            RenderTableCell {TD} at (51,156) size 47x20 [r=7 c=1 rs=1 cs=1]
              RenderText {#text} at (1,1) size 45x17
                text run at (1,1) width 45: "cell-71"
            RenderTableCell {TD} at (100,156) size 47x20 [r=7 c=2 rs=1 cs=1]
              RenderText {#text} at (1,1) size 45x17
                text run at (1,1) width 45: "cell-72"
            RenderTableCell {TD} at (149,156) size 47x20 [r=7 c=3 rs=1 cs=1]
              RenderText {#text} at (1,1) size 45x17
                text run at (1,1) width 45: "cell-73"
          RenderTableRow {TR} at (0,178) size 198x20
            RenderTableCell {TD} at (2,178) size 47x20 [r=8 c=0 rs=1 cs=1]
              RenderText {#text} at (1,1) size 45x17
                text run at (1,1) width 45: "cell-80"
            RenderTableCell {TD} at (51,178) size 47x20 [r=8 c=1 rs=1 cs=1]
              RenderText {#text} at (1,1) size 45x17
                text run at (1,1) width 45: "cell-81"
            RenderTableCell {TD} at (100,178) size 47x20 [r=8 c=2 rs=1 cs=1]
              RenderText {#text} at (1,1) size 45x17
                text run at (1,1) width 45: "cell-82"
            RenderTableCell {TD} at (149,178) size 47x20 [r=8 c=3 rs=1 cs=1]
              RenderText {#text} at (1,1) size 45x17
                text run at (1,1) width 45: "cell-83"
          RenderTableRow {TR} at (0,200) size 198x20
            RenderTableCell {TD} at (2,200) size 47x20 [r=9 c=0 rs=1 cs=1]
              RenderText {#text} at (1,1) size 45x17
                text run at (1,1) width 45: "cell-90"
            RenderTableCell {TD} at (51,200) size 47x20 [r=9 c=1 rs=1 cs=1]
              RenderText {#text} at (1,1) size 45x17
                text run at (1,1) width 45: "cell-91"
            RenderTableCell {TD} at (100,200) size 47x20 [r=9 c=2 rs=1 cs=1]
              RenderText {#text} at (1,1) size 45x17
                text run at (1,1) width 45: "cell-92"
            RenderTableCell {TD} at (149,200) size 47x20 [r=9 c=3 rs=1 cs=1]
              RenderText {#text} at (1,1) size 45x17
                text run at (1,1) width 45: "cell-93"
          RenderTableRow {TR} at (0,222) size 198x20
            RenderTableCell {TD} at (2,222) size 47x20 [r=10 c=0 rs=1 cs=1]
              RenderText {#text} at (1,1) size 44x17
                text run at (1,1) width 44: "cell-a0"
            RenderTableCell {TD} at (51,222) size 47x20 [r=10 c=1 rs=1 cs=1]
              RenderText {#text} at (1,1) size 44x17
                text run at (1,1) width 44: "cell-a1"
            RenderTableCell {TD} at (100,222) size 47x20 [r=10 c=2 rs=1 cs=1]
              RenderText {#text} at (1,1) size 44x17
                text run at (1,1) width 44: "cell-a2"
            RenderTableCell {TD} at (149,222) size 47x20 [r=10 c=3 rs=1 cs=1]
              RenderText {#text} at (1,1) size 44x17
                text run at (1,1) width 44: "cell-a3"
          RenderTableRow {TR} at (0,244) size 198x20
            RenderTableCell {TD} at (2,244) size 47x20 [r=11 c=0 rs=1 cs=1]
              RenderText {#text} at (1,1) size 45x17
                text run at (1,1) width 45: "cell-b0"
            RenderTableCell {TD} at (51,244) size 47x20 [r=11 c=1 rs=1 cs=1]
              RenderText {#text} at (1,1) size 45x17
                text run at (1,1) width 45: "cell-b1"
            RenderTableCell {TD} at (100,244) size 47x20 [r=11 c=2 rs=1 cs=1]
              RenderText {#text} at (1,1) size 45x17
                text run at (1,1) width 45: "cell-b2"
            RenderTableCell {TD} at (149,244) size 47x20 [r=11 c=3 rs=1 cs=1]
              RenderText {#text} at (1,1) size 45x17
                text run at (1,1) width 45: "cell-b3"
          RenderTableRow {TR} at (0,266) size 198x20
            RenderTableCell {TD} at (2,266) size 47x20 [r=12 c=0 rs=1 cs=1]
              RenderText {#text} at (1,1) size 44x17
                text run at (1,1) width 44: "cell-c0"
            RenderTableCell {TD} at (51,266) size 47x20 [r=12 c=1 rs=1 cs=1]
              RenderText {#text} at (1,1) size 44x17
                text run at (1,1) width 44: "cell-c1"
            RenderTableCell {TD} at (100,266) size 47x20 [r=12 c=2 rs=1 cs=1]
              RenderText {#text} at (1,1) size 44x17
                text run at (1,1) width 44: "cell-c2"
            RenderTableCell {TD} at (149,266) size 47x20 [r=12 c=3 rs=1 cs=1]
              RenderText {#text} at (1,1) size 44x17
                text run at (1,1) width 44: "cell-c3"
          RenderTableRow {TR} at (0,288) size 198x20
            RenderTableCell {TD} at (2,288) size 47x20 [r=13 c=0 rs=1 cs=1]
              RenderText {#text} at (1,1) size 45x17
                text run at (1,1) width 45: "cell-d0"
            RenderTableCell {TD} at (51,288) size 47x20 [r=13 c=1 rs=1 cs=1]
              RenderText {#text} at (1,1) size 45x17
                text run at (1,1) width 45: "cell-d1"
            RenderTableCell {TD} at (100,288) size 47x20 [r=13 c=2 rs=1 cs=1]
              RenderText {#text} at (1,1) size 45x17
                text run at (1,1) width 45: "cell-d2"
            RenderTableCell {TD} at (149,288) size 47x20 [r=13 c=3 rs=1 cs=1]
              RenderText {#text} at (1,1) size 45x17
                text run at (1,1) width 45: "cell-d3"
          RenderTableRow {TR} at (0,310) size 198x20
            RenderTableCell {TD} at (2,310) size 47x20 [r=14 c=0 rs=1 cs=1]
              RenderText {#text} at (1,1) size 44x17
                text run at (1,1) width 44: "cell-e0"
            RenderTableCell {TD} at (51,310) size 47x20 [r=14 c=1 rs=1 cs=1]
              RenderText {#text} at (1,1) size 44x17
                text run at (1,1) width 44: "cell-e1"
            RenderTableCell {TD} at (100,310) size 47x20 [r=14 c=2 rs=1 cs=1]
              RenderText {#text} at (1,1) size 44x17
                text run at (1,1) width 44: "cell-e2"
            RenderTableCell {TD} at (149,310) size 47x20 [r=14 c=3 rs=1 cs=1]
              RenderText {#text} at (1,1) size 44x17
                text run at (1,1) width 44: "cell-e3"
          RenderTableRow {TR} at (0,332) size 198x20
            RenderTableCell {TD} at (2,332) size 47x20 [r=15 c=0 rs=1 cs=1]
              RenderText {#text} at (1,1) size 42x17
                text run at (1,1) width 42: "cell-f0"
            RenderTableCell {TD} at (51,332) size 47x20 [r=15 c=1 rs=1 cs=1]
              RenderText {#text} at (1,1) size 42x17
                text run at (1,1) width 42: "cell-f1"
            RenderTableCell {TD} at (100,332) size 47x20 [r=15 c=2 rs=1 cs=1]
              RenderText {#text} at (1,1) size 42x17
                text run at (1,1) width 42: "cell-f2"
            RenderTableCell {TD} at (149,332) size 47x20 [r=15 c=3 rs=1 cs=1]
              RenderText {#text} at (1,1) size 42x17
                text run at (1,1) width 42: "cell-f3"
        RenderTableSection {TFOOT} at (0,372) size 198x18
          RenderTableRow {TR} at (0,2) size 198x14
            RenderTableCell {TD} at (2,2) size 96x14 [r=0 c=0 rs=1 cs=2]
              RenderText {#text} at (1,1) size 47x12
                text run at (1,1) width 47: "FOOTER"
        RenderBlock {CAPTION} at (0,408) size 198x18
          RenderText {#text} at (4,0) size 190x17
            text run at (4,0) width 190: "Table 5 has a scrolling tbody."
      RenderBlock (anonymous) at (0,1220) size 768x36
        RenderBR {BR} at (0,0) size 0x17
        RenderText {#text} at (0,18) size 632x17
          text run at (0,18) width 632: "This is a table formed from a list with display of table-row and list items with display of table-cell."
      RenderTable at (0,1256) size 201x18
        RenderTableSection (anonymous) at (0,0) size 201x18
          RenderTableRow {UL} at (0,0) size 201x18 [bgcolor=#FFA500]
            RenderTableCell {LI} at (0,0) size 33x18 [r=0 c=0 rs=1 cs=1]
              RenderText {#text} at (0,0) size 33x17
                text run at (0,0) width 33: "ONE"
            RenderTableCell {LI} at (33,0) size 37x18 [r=0 c=1 rs=1 cs=1]
              RenderText {#text} at (0,0) size 37x17
                text run at (0,0) width 37: "TWO"
            RenderTableCell {LI} at (70,0) size 52x18 [r=0 c=2 rs=1 cs=1]
              RenderText {#text} at (0,0) size 52x17
                text run at (0,0) width 52: "THREE"
            RenderTableCell {LI} at (122,0) size 43x18 [r=0 c=3 rs=1 cs=1]
              RenderText {#text} at (0,0) size 43x17
                text run at (0,0) width 43: "FOUR"
            RenderTableCell {LI} at (165,0) size 36x18 [r=0 c=4 rs=1 cs=1]
              RenderText {#text} at (0,0) size 36x17
                text run at (0,0) width 36: "FIVE"
      RenderBlock (anonymous) at (0,1274) size 768x36
        RenderBR {BR} at (0,0) size 0x17
        RenderText {#text} at (0,18) size 679x17
          text run at (0,18) width 679: "This is a table formed from a list with display of table-row-group and list items with display of table-cell. "
        RenderBR {BR} at (0,0) size 0x0
      RenderTable at (0,1310) size 227x18
        RenderTableSection {UL} at (0,0) size 227x18
          RenderTableRow (anonymous) at (0,0) size 227x18
            RenderTableCell {LI} at (0,0) size 33x18 [bgcolor=#FFA500] [r=0 c=0 rs=1 cs=1]
              RenderText {#text} at (0,0) size 33x17
                text run at (0,0) width 33: "ONE"
            RenderTableCell {LI} at (33,0) size 37x18 [bgcolor=#FFA500] [r=0 c=1 rs=1 cs=1]
              RenderText {#text} at (0,0) size 37x17
                text run at (0,0) width 37: "TWO"
            RenderTableCell {LI} at (70,0) size 52x18 [bgcolor=#FFA500] [r=0 c=2 rs=1 cs=1]
              RenderText {#text} at (0,0) size 52x17
                text run at (0,0) width 52: "THREE"
            RenderTableCell {LI} at (122,0) size 43x18 [bgcolor=#FFA500] [r=0 c=3 rs=1 cs=1]
              RenderText {#text} at (0,0) size 43x17
                text run at (0,0) width 43: "FOUR"
            RenderTableCell {LI} at (165,0) size 36x18 [bgcolor=#FFA500] [r=0 c=4 rs=1 cs=1]
              RenderText {#text} at (0,0) size 36x17
                text run at (0,0) width 36: "FIVE"
            RenderTableCell {LI} at (201,0) size 26x18 [bgcolor=#FFA500] [r=0 c=5 rs=1 cs=1]
              RenderText {#text} at (0,0) size 26x17
                text run at (0,0) width 26: "SIX"
      RenderBlock (anonymous) at (0,1328) size 768x36
        RenderBR {BR} at (0,0) size 0x17
        RenderText {#text} at (0,18) size 418x17
          text run at (0,18) width 418: "This is like the previous table plus the list's overflow property set"
      RenderTable at (0,1364) size 227x18
        RenderTableSection {UL} at (0,0) size 227x18
          RenderTableRow (anonymous) at (0,0) size 227x18
            RenderTableCell {LI} at (0,0) size 33x18 [bgcolor=#FFA500] [r=0 c=0 rs=1 cs=1]
              RenderText {#text} at (0,0) size 33x17
                text run at (0,0) width 33: "ONE"
            RenderTableCell {LI} at (33,0) size 37x18 [bgcolor=#FFA500] [r=0 c=1 rs=1 cs=1]
              RenderText {#text} at (0,0) size 37x17
                text run at (0,0) width 37: "TWO"
            RenderTableCell {LI} at (70,0) size 52x18 [bgcolor=#FFA500] [r=0 c=2 rs=1 cs=1]
              RenderText {#text} at (0,0) size 52x17
                text run at (0,0) width 52: "THREE"
            RenderTableCell {LI} at (122,0) size 43x18 [bgcolor=#FFA500] [r=0 c=3 rs=1 cs=1]
              RenderText {#text} at (0,0) size 43x17
                text run at (0,0) width 43: "FOUR"
            RenderTableCell {LI} at (165,0) size 36x18 [bgcolor=#FFA500] [r=0 c=4 rs=1 cs=1]
              RenderText {#text} at (0,0) size 36x17
                text run at (0,0) width 36: "FIVE"
            RenderTableCell {LI} at (201,0) size 26x18 [bgcolor=#FFA500] [r=0 c=5 rs=1 cs=1]
              RenderText {#text} at (0,0) size 26x17
                text run at (0,0) width 26: "SIX"
      RenderBlock (anonymous) at (0,1382) size 768x18
        RenderBR {BR} at (0,0) size 0x17
      RenderBlock {P} at (0,1416) size 768x224
        RenderBlock (anonymous) at (0,0) size 768x18
          RenderText {#text} at (0,0) size 439x17
            text run at (0,0) width 439: "The following table will have its rows and columns in red collapsed "
          RenderBR {BR} at (0,0) size 0x0
        RenderTable {TABLE} at (0,18) size 139x94 [bgcolor=#FFA500] [border: (1px outset #808080)]
          RenderBlock {CAPTION} at (0,0) size 137x18
            RenderInline {B} at (0,0) size 45x17
              RenderText {#text} at (46,0) size 45x17
                text run at (46,0) width 45: "before"
          RenderTableCol {COLGROUP} at (0,0) size 0x0
            RenderTableCol {COL} at (0,0) size 0x0
            RenderTableCol {COL} at (0,0) size 0x0
            RenderTableCol {COL} at (0,0) size 0x0
          RenderTableSection {TBODY} at (1,19) size 137x74
            RenderTableRow {TR} at (0,2) size 137x22
              RenderTableCell {TD} at (2,2) size 31x22 [border: (1px inset #808080)] [r=0 c=0 rs=1 cs=1]
                RenderText {#text} at (2,2) size 27x17
                  text run at (2,2) width 27: "C11"
              RenderTableCell {TD} at (35,2) size 31x22 [bgcolor=#FF0000] [border: (1px inset #808080)] [r=0 c=1 rs=1 cs=1]
                RenderText {#text} at (2,2) size 27x17
                  text run at (2,2) width 27: "C12"
              RenderTableCell {TD} at (68,2) size 67x22 [border: (1px inset #808080)] [r=0 c=2 rs=1 cs=1]
                RenderText {#text} at (2,2) size 63x17
                  text run at (2,2) width 63: "C13 large"
            RenderTableRow {TR} at (0,26) size 137x22 [bgcolor=#FF0000]
              RenderTableCell {TD} at (2,26) size 31x22 [border: (1px inset #808080)] [r=1 c=0 rs=1 cs=1]
                RenderText {#text} at (2,2) size 27x17
                  text run at (2,2) width 27: "C21"
              RenderTableCell {TD} at (35,26) size 31x22 [border: (1px inset #808080)] [r=1 c=1 rs=1 cs=1]
                RenderText {#text} at (2,2) size 27x17
                  text run at (2,2) width 27: "C22"
              RenderTableCell {TD} at (68,26) size 67x22 [border: (1px inset #808080)] [r=1 c=2 rs=1 cs=1]
                RenderText {#text} at (2,2) size 27x17
                  text run at (2,2) width 27: "C23"
            RenderTableRow {TR} at (0,50) size 137x22
              RenderTableCell {TD} at (2,50) size 31x22 [border: (1px inset #808080)] [r=2 c=0 rs=1 cs=1]
                RenderText {#text} at (2,2) size 27x17
                  text run at (2,2) width 27: "C31"
              RenderTableCell {TD} at (35,50) size 31x22 [bgcolor=#FF0000] [border: (1px inset #808080)] [r=2 c=1 rs=1 cs=1]
                RenderText {#text} at (2,2) size 27x17
                  text run at (2,2) width 27: "C32"
              RenderTableCell {TD} at (68,50) size 67x22 [border: (1px inset #808080)] [r=2 c=2 rs=1 cs=1]
                RenderText {#text} at (2,2) size 27x17
                  text run at (2,2) width 27: "C33"
        RenderBlock (anonymous) at (0,112) size 768x18
          RenderBR {BR} at (0,0) size 0x17
        RenderTable {TABLE} at (0,130) size 139x94 [bgcolor=#FFA500] [border: (1px outset #808080)]
          RenderBlock {CAPTION} at (0,0) size 137x18
            RenderInline {B} at (0,0) size 33x17
              RenderText {#text} at (52,0) size 33x17
                text run at (52,0) width 33: "after"
          RenderTableCol {COLGROUP} at (0,0) size 0x0
            RenderTableCol {COL} at (0,0) size 0x0
            RenderTableCol {COL} at (0,0) size 0x0
            RenderTableCol {COL} at (0,0) size 0x0
          RenderTableSection {TBODY} at (1,19) size 137x74
            RenderTableRow {TR} at (0,2) size 137x22
              RenderTableCell {TD} at (2,2) size 31x22 [border: (1px inset #808080)] [r=0 c=0 rs=1 cs=1]
                RenderText {#text} at (2,2) size 27x17
                  text run at (2,2) width 27: "C11"
              RenderTableCell {TD} at (35,2) size 31x22 [border: (1px inset #808080)] [r=0 c=1 rs=1 cs=1]
                RenderText {#text} at (2,2) size 27x17
                  text run at (2,2) width 27: "C12"
              RenderTableCell {TD} at (68,2) size 67x22 [border: (1px inset #808080)] [r=0 c=2 rs=1 cs=1]
                RenderText {#text} at (2,2) size 63x17
                  text run at (2,2) width 63: "C13 large"
            RenderTableRow {TR} at (0,26) size 137x22
              RenderTableCell {TD} at (2,26) size 31x22 [border: (1px inset #808080)] [r=1 c=0 rs=1 cs=1]
                RenderText {#text} at (2,2) size 27x17
                  text run at (2,2) width 27: "C21"
              RenderTableCell {TD} at (35,26) size 31x22 [border: (1px inset #808080)] [r=1 c=1 rs=1 cs=1]
                RenderText {#text} at (2,2) size 27x17
                  text run at (2,2) width 27: "C22"
              RenderTableCell {TD} at (68,26) size 67x22 [border: (1px inset #808080)] [r=1 c=2 rs=1 cs=1]
                RenderText {#text} at (2,2) size 27x17
                  text run at (2,2) width 27: "C23"
            RenderTableRow {TR} at (0,50) size 137x22
              RenderTableCell {TD} at (2,50) size 31x22 [border: (1px inset #808080)] [r=2 c=0 rs=1 cs=1]
                RenderText {#text} at (2,2) size 27x17
                  text run at (2,2) width 27: "C31"
              RenderTableCell {TD} at (35,50) size 31x22 [border: (1px inset #808080)] [r=2 c=1 rs=1 cs=1]
                RenderText {#text} at (2,2) size 27x17
                  text run at (2,2) width 27: "C32"
              RenderTableCell {TD} at (68,50) size 67x22 [border: (1px inset #808080)] [r=2 c=2 rs=1 cs=1]
                RenderText {#text} at (2,2) size 27x17
                  text run at (2,2) width 27: "C33"
      RenderBlock {P} at (0,1656) size 768x234
        RenderBlock (anonymous) at (0,0) size 768x18
          RenderText {#text} at (0,0) size 762x17
            text run at (0,0) width 762: "The following table will have its 2nd row and 2nd col collapsed. A window resize may be necessary to see it properly. "
          RenderBR {BR} at (761,14) size 1x0
        RenderTable {TABLE} at (0,18) size 187x108 [bgcolor=#FFA500] [border: (1px outset #808080)]
          RenderBlock {CAPTION} at (0,0) size 185x18
            RenderInline {B} at (0,0) size 45x17
              RenderText {#text} at (70,0) size 45x17
                text run at (70,0) width 45: "before"
          RenderTableCol {COLGROUP} at (0,0) size 0x0
            RenderTableCol {COL} at (0,0) size 0x0
            RenderTableCol {COL} at (0,0) size 0x0
            RenderTableCol {COL} at (0,0) size 0x0
            RenderTableCol {COL} at (0,0) size 0x0
          RenderTableSection {TBODY} at (1,19) size 185x88
            RenderTableRow {TR} at (0,0) size 185x22
              RenderTableCell {TD} at (0,0) size 31x22 [border: (1px inset #808080)] [r=0 c=0 rs=1 cs=1]
                RenderText {#text} at (2,2) size 27x17
                  text run at (2,2) width 27: "C11"
              RenderTableCell {TD} at (31,0) size 61x22 [border: (1px inset #808080)] [r=0 c=1 rs=1 cs=1]
                RenderText {#text} at (2,2) size 27x17
                  text run at (2,2) width 27: "C12"
              RenderTableCell {TD} at (92,0) size 62x22 [border: (1px inset #808080)] [r=0 c=2 rs=1 cs=1]
                RenderText {#text} at (2,2) size 27x17
                  text run at (2,2) width 27: "C13"
              RenderTableCell {TD} at (154,0) size 31x22 [border: (1px inset #808080)] [r=0 c=3 rs=1 cs=1]
                RenderText {#text} at (2,2) size 27x17
                  text run at (2,2) width 27: "C14"
            RenderTableRow {TR} at (0,22) size 185x22
              RenderTableCell {TD} at (0,22) size 31x22 [border: (1px inset #808080)] [r=1 c=0 rs=1 cs=1]
                RenderText {#text} at (2,2) size 27x17
                  text run at (2,2) width 27: "C21"
              RenderTableCell {TD} at (31,33) size 123x22 [border: (1px inset #808080)] [r=1 c=1 rs=2 cs=2]
                RenderText {#text} at (2,2) size 119x17
                  text run at (2,2) width 119: "C12 C13 C22 C23"
              RenderTableCell {TD} at (154,22) size 31x22 [border: (1px inset #808080)] [r=1 c=3 rs=1 cs=1]
                RenderText {#text} at (2,2) size 27x17
                  text run at (2,2) width 27: "C14"
            RenderTableRow {TR} at (0,44) size 185x22
              RenderTableCell {TD} at (0,44) size 31x22 [border: (1px inset #808080)] [r=2 c=0 rs=1 cs=1]
                RenderText {#text} at (2,2) size 27x17
                  text run at (2,2) width 27: "C31"
              RenderTableCell {TD} at (154,44) size 31x22 [border: (1px inset #808080)] [r=2 c=3 rs=1 cs=1]
                RenderText {#text} at (2,2) size 27x17
                  text run at (2,2) width 27: "C34"
            RenderTableRow {TR} at (0,66) size 185x22
              RenderTableCell {TD} at (0,66) size 31x22 [border: (1px inset #808080)] [r=3 c=0 rs=1 cs=1]
                RenderText {#text} at (2,2) size 27x17
                  text run at (2,2) width 27: "C41"
              RenderTableCell {TD} at (31,66) size 61x22 [border: (1px inset #808080)] [r=3 c=1 rs=1 cs=1]
                RenderText {#text} at (2,2) size 27x17
                  text run at (2,2) width 27: "C42"
              RenderTableCell {TD} at (92,66) size 62x22 [border: (1px inset #808080)] [r=3 c=2 rs=1 cs=1]
                RenderText {#text} at (2,2) size 27x17
                  text run at (2,2) width 27: "C43"
              RenderTableCell {TD} at (154,66) size 31x22 [border: (1px inset #808080)] [r=3 c=3 rs=1 cs=1]
                RenderText {#text} at (2,2) size 27x17
                  text run at (2,2) width 27: "C44"
        RenderTable {TABLE} at (0,126) size 187x108 [bgcolor=#FFA500] [border: (1px outset #808080)]
          RenderBlock {CAPTION} at (0,0) size 185x18
            RenderInline {B} at (0,0) size 33x17
              RenderText {#text} at (76,0) size 33x17
                text run at (76,0) width 33: "after"
          RenderTableCol {COLGROUP} at (0,0) size 0x0
            RenderTableCol {COL} at (0,0) size 0x0
            RenderTableCol {COL} at (0,0) size 0x0
            RenderTableCol {COL} at (0,0) size 0x0
            RenderTableCol {COL} at (0,0) size 0x0
          RenderTableSection {TBODY} at (1,19) size 185x88
            RenderTableRow {TR} at (0,0) size 185x22
              RenderTableCell {TD} at (0,0) size 31x22 [border: (1px inset #808080)] [r=0 c=0 rs=1 cs=1]
                RenderText {#text} at (2,2) size 27x17
                  text run at (2,2) width 27: "C11"
              RenderTableCell {TD} at (31,0) size 61x22 [border: (1px inset #808080)] [r=0 c=1 rs=1 cs=1]
                RenderText {#text} at (2,2) size 27x17
                  text run at (2,2) width 27: "C12"
              RenderTableCell {TD} at (92,0) size 62x22 [border: (1px inset #808080)] [r=0 c=2 rs=1 cs=1]
                RenderText {#text} at (2,2) size 27x17
                  text run at (2,2) width 27: "C13"
              RenderTableCell {TD} at (154,0) size 31x22 [border: (1px inset #808080)] [r=0 c=3 rs=1 cs=1]
                RenderText {#text} at (2,2) size 27x17
                  text run at (2,2) width 27: "C14"
            RenderTableRow {TR} at (0,22) size 185x22
              RenderTableCell {TD} at (0,22) size 31x22 [border: (1px inset #808080)] [r=1 c=0 rs=1 cs=1]
                RenderText {#text} at (2,2) size 27x17
                  text run at (2,2) width 27: "C21"
              RenderTableCell {TD} at (31,33) size 123x22 [border: (1px inset #808080)] [r=1 c=1 rs=2 cs=2]
                RenderText {#text} at (2,2) size 119x17
                  text run at (2,2) width 119: "C12 C13 C22 C23"
              RenderTableCell {TD} at (154,22) size 31x22 [border: (1px inset #808080)] [r=1 c=3 rs=1 cs=1]
                RenderText {#text} at (2,2) size 27x17
                  text run at (2,2) width 27: "C14"
            RenderTableRow {TR} at (0,44) size 185x22
              RenderTableCell {TD} at (0,44) size 31x22 [border: (1px inset #808080)] [r=2 c=0 rs=1 cs=1]
                RenderText {#text} at (2,2) size 27x17
                  text run at (2,2) width 27: "C31"
              RenderTableCell {TD} at (154,44) size 31x22 [border: (1px inset #808080)] [r=2 c=3 rs=1 cs=1]
                RenderText {#text} at (2,2) size 27x17
                  text run at (2,2) width 27: "C34"
            RenderTableRow {TR} at (0,66) size 185x22
              RenderTableCell {TD} at (0,66) size 31x22 [border: (1px inset #808080)] [r=3 c=0 rs=1 cs=1]
                RenderText {#text} at (2,2) size 27x17
                  text run at (2,2) width 27: "C41"
              RenderTableCell {TD} at (31,66) size 61x22 [border: (1px inset #808080)] [r=3 c=1 rs=1 cs=1]
                RenderText {#text} at (2,2) size 27x17
                  text run at (2,2) width 27: "C42"
              RenderTableCell {TD} at (92,66) size 62x22 [border: (1px inset #808080)] [r=3 c=2 rs=1 cs=1]
                RenderText {#text} at (2,2) size 27x17
                  text run at (2,2) width 27: "C43"
              RenderTableCell {TD} at (154,66) size 31x22 [border: (1px inset #808080)] [r=3 c=3 rs=1 cs=1]
                RenderText {#text} at (2,2) size 27x17
                  text run at (2,2) width 27: "C44"
      RenderBlock {P} at (0,1906) size 768x270
        RenderBlock (anonymous) at (0,0) size 768x18
          RenderText {#text} at (0,0) size 467x17
            text run at (0,0) width 467: "The following table will have its 1st row group collapsed (rows 1 and 2) "
          RenderBR {BR} at (466,14) size 1x0
        RenderTable {TABLE} at (0,18) size 126x108 [bgcolor=#FFA500] [border: (1px outset #808080)]
          RenderBlock {CAPTION} at (0,0) size 124x18
            RenderInline {B} at (0,0) size 44x17
              RenderText {#text} at (40,0) size 44x17
                text run at (40,0) width 44: "before"
          RenderTableSection {TBODY} at (1,19) size 124x44 [bgcolor=#FF0000]
            RenderTableRow {TR} at (0,0) size 124x22
              RenderTableCell {TD} at (0,0) size 31x22 [border: (1px inset #808080)] [r=0 c=0 rs=1 cs=1]
                RenderText {#text} at (2,2) size 27x17
                  text run at (2,2) width 27: "C11"
              RenderTableCell {TD} at (31,0) size 31x22 [border: (1px inset #808080)] [r=0 c=1 rs=1 cs=1]
                RenderText {#text} at (2,2) size 27x17
                  text run at (2,2) width 27: "C12"
              RenderTableCell {TD} at (62,0) size 31x22 [border: (1px inset #808080)] [r=0 c=2 rs=1 cs=1]
                RenderText {#text} at (2,2) size 27x17
                  text run at (2,2) width 27: "C13"
              RenderTableCell {TD} at (93,0) size 31x22 [border: (1px inset #808080)] [r=0 c=3 rs=1 cs=1]
                RenderText {#text} at (2,2) size 27x17
                  text run at (2,2) width 27: "C14"
            RenderTableRow {TR} at (0,22) size 124x22
              RenderTableCell {TD} at (0,22) size 31x22 [border: (1px inset #808080)] [r=1 c=0 rs=1 cs=1]
                RenderText {#text} at (2,2) size 27x17
                  text run at (2,2) width 27: "C21"
              RenderTableCell {TD} at (31,22) size 31x22 [border: (1px inset #808080)] [r=1 c=1 rs=1 cs=1]
                RenderText {#text} at (2,2) size 27x17
                  text run at (2,2) width 27: "C22"
              RenderTableCell {TD} at (62,22) size 31x22 [border: (1px inset #808080)] [r=1 c=2 rs=1 cs=1]
                RenderText {#text} at (2,2) size 27x17
                  text run at (2,2) width 27: "C23"
              RenderTableCell {TD} at (93,22) size 31x22 [border: (1px inset #808080)] [r=1 c=3 rs=1 cs=1]
                RenderText {#text} at (2,2) size 27x17
                  text run at (2,2) width 27: "C24"
          RenderTableSection {TBODY} at (1,63) size 124x44
            RenderTableRow {TR} at (0,0) size 124x22
              RenderTableCell {TD} at (0,0) size 31x22 [border: (1px inset #808080)] [r=0 c=0 rs=1 cs=1]
                RenderText {#text} at (2,2) size 27x17
                  text run at (2,2) width 27: "C31"
              RenderTableCell {TD} at (31,0) size 31x22 [border: (1px inset #808080)] [r=0 c=1 rs=1 cs=1]
                RenderText {#text} at (2,2) size 27x17
                  text run at (2,2) width 27: "C32"
              RenderTableCell {TD} at (62,0) size 31x22 [border: (1px inset #808080)] [r=0 c=2 rs=1 cs=1]
                RenderText {#text} at (2,2) size 27x17
                  text run at (2,2) width 27: "C33"
              RenderTableCell {TD} at (93,0) size 31x22 [border: (1px inset #808080)] [r=0 c=3 rs=1 cs=1]
                RenderText {#text} at (2,2) size 27x17
                  text run at (2,2) width 27: "C34"
            RenderTableRow {TR} at (0,22) size 124x22
              RenderTableCell {TD} at (0,22) size 31x22 [border: (1px inset #808080)] [r=1 c=0 rs=1 cs=1]
                RenderText {#text} at (2,2) size 27x17
                  text run at (2,2) width 27: "C41"
              RenderTableCell {TD} at (31,22) size 31x22 [border: (1px inset #808080)] [r=1 c=1 rs=1 cs=1]
                RenderText {#text} at (2,2) size 27x17
                  text run at (2,2) width 27: "C42"
              RenderTableCell {TD} at (62,22) size 31x22 [border: (1px inset #808080)] [r=1 c=2 rs=1 cs=1]
                RenderText {#text} at (2,2) size 27x17
                  text run at (2,2) width 27: "C43"
              RenderTableCell {TD} at (93,22) size 31x22 [border: (1px inset #808080)] [r=1 c=3 rs=1 cs=1]
                RenderText {#text} at (2,2) size 27x17
                  text run at (2,2) width 27: "C44"
        RenderBlock (anonymous) at (0,126) size 768x18
          RenderBR {BR} at (0,0) size 0x17
        RenderTable {TABLE} at (0,144) size 126x108 [bgcolor=#FFA500] [border: (1px outset #808080)]
          RenderBlock {CAPTION} at (0,0) size 124x18
            RenderInline {B} at (0,0) size 34x17
              RenderText {#text} at (45,0) size 34x17
                text run at (45,0) width 34: "after"
          RenderTableSection {TBODY} at (1,19) size 124x44
            RenderTableRow {TR} at (0,0) size 124x22
              RenderTableCell {TD} at (0,0) size 31x22 [border: (1px inset #808080)] [r=0 c=0 rs=1 cs=1]
                RenderText {#text} at (2,2) size 27x17
                  text run at (2,2) width 27: "C11"
              RenderTableCell {TD} at (31,0) size 31x22 [border: (1px inset #808080)] [r=0 c=1 rs=1 cs=1]
                RenderText {#text} at (2,2) size 27x17
                  text run at (2,2) width 27: "C12"
              RenderTableCell {TD} at (62,0) size 31x22 [border: (1px inset #808080)] [r=0 c=2 rs=1 cs=1]
                RenderText {#text} at (2,2) size 27x17
                  text run at (2,2) width 27: "C13"
              RenderTableCell {TD} at (93,0) size 31x22 [border: (1px inset #808080)] [r=0 c=3 rs=1 cs=1]
                RenderText {#text} at (2,2) size 27x17
                  text run at (2,2) width 27: "C14"
            RenderTableRow {TR} at (0,22) size 124x22
              RenderTableCell {TD} at (0,22) size 31x22 [border: (1px inset #808080)] [r=1 c=0 rs=1 cs=1]
                RenderText {#text} at (2,2) size 27x17
                  text run at (2,2) width 27: "C21"
              RenderTableCell {TD} at (31,22) size 31x22 [border: (1px inset #808080)] [r=1 c=1 rs=1 cs=1]
                RenderText {#text} at (2,2) size 27x17
                  text run at (2,2) width 27: "C22"
              RenderTableCell {TD} at (62,22) size 31x22 [border: (1px inset #808080)] [r=1 c=2 rs=1 cs=1]
                RenderText {#text} at (2,2) size 27x17
                  text run at (2,2) width 27: "C23"
              RenderTableCell {TD} at (93,22) size 31x22 [border: (1px inset #808080)] [r=1 c=3 rs=1 cs=1]
                RenderText {#text} at (2,2) size 27x17
                  text run at (2,2) width 27: "C24"
          RenderTableSection {TBODY} at (1,63) size 124x44
            RenderTableRow {TR} at (0,0) size 124x22
              RenderTableCell {TD} at (0,0) size 31x22 [border: (1px inset #808080)] [r=0 c=0 rs=1 cs=1]
                RenderText {#text} at (2,2) size 27x17
                  text run at (2,2) width 27: "C31"
              RenderTableCell {TD} at (31,0) size 31x22 [border: (1px inset #808080)] [r=0 c=1 rs=1 cs=1]
                RenderText {#text} at (2,2) size 27x17
                  text run at (2,2) width 27: "C32"
              RenderTableCell {TD} at (62,0) size 31x22 [border: (1px inset #808080)] [r=0 c=2 rs=1 cs=1]
                RenderText {#text} at (2,2) size 27x17
                  text run at (2,2) width 27: "C33"
              RenderTableCell {TD} at (93,0) size 31x22 [border: (1px inset #808080)] [r=0 c=3 rs=1 cs=1]
                RenderText {#text} at (2,2) size 27x17
                  text run at (2,2) width 27: "C34"
            RenderTableRow {TR} at (0,22) size 124x22
              RenderTableCell {TD} at (0,22) size 31x22 [border: (1px inset #808080)] [r=1 c=0 rs=1 cs=1]
                RenderText {#text} at (2,2) size 27x17
                  text run at (2,2) width 27: "C41"
              RenderTableCell {TD} at (31,22) size 31x22 [border: (1px inset #808080)] [r=1 c=1 rs=1 cs=1]
                RenderText {#text} at (2,2) size 27x17
                  text run at (2,2) width 27: "C42"
              RenderTableCell {TD} at (62,22) size 31x22 [border: (1px inset #808080)] [r=1 c=2 rs=1 cs=1]
                RenderText {#text} at (2,2) size 27x17
                  text run at (2,2) width 27: "C43"
              RenderTableCell {TD} at (93,22) size 31x22 [border: (1px inset #808080)] [r=1 c=3 rs=1 cs=1]
                RenderText {#text} at (2,2) size 27x17
                  text run at (2,2) width 27: "C44"
        RenderBlock (anonymous) at (0,252) size 768x18
          RenderBR {BR} at (0,0) size 0x17
      RenderBlock {P} at (0,2192) size 768x252
        RenderBlock (anonymous) at (0,0) size 768x36
          RenderText {#text} at (0,0) size 747x35
            text run at (0,0) width 571: "The following table is similar to a previous table except that the direction is right-to-left. "
            text run at (570,0) width 177: "It will have its 2nd row and"
            text run at (0,18) width 466: "2nd col collapsed. A window resize may be necessary to see it properly. "
          RenderBR {BR} at (465,32) size 1x0
        RenderTable {TABLE} at (0,36) size 187x108 [bgcolor=#FFA500] [border: (1px outset #808080)]
          RenderBlock {CAPTION} at (0,0) size 185x18
            RenderInline {B} at (0,0) size 45x17
              RenderText {#text} at (70,0) size 45x17
                text run at (70,0) width 45: "before"
          RenderTableCol {COLGROUP} at (0,0) size 0x0
            RenderTableCol {COL} at (0,0) size 0x0
            RenderTableCol {COL} at (0,0) size 0x0
            RenderTableCol {COL} at (0,0) size 0x0
            RenderTableCol {COL} at (0,0) size 0x0
          RenderTableSection {TBODY} at (1,19) size 185x88
            RenderTableRow {TR} at (0,0) size 185x22
              RenderTableCell {TD} at (154,0) size 31x22 [border: (1px inset #808080)] [r=0 c=0 rs=1 cs=1]
                RenderText {#text} at (2,2) size 27x17
                  text run at (2,2) width 27: "C11"
              RenderTableCell {TD} at (93,0) size 61x22 [border: (1px inset #808080)] [r=0 c=1 rs=1 cs=1]
                RenderText {#text} at (32,2) size 27x17
                  text run at (32,2) width 27: "C12"
              RenderTableCell {TD} at (31,0) size 62x22 [border: (1px inset #808080)] [r=0 c=2 rs=1 cs=1]
                RenderText {#text} at (33,2) size 27x17
                  text run at (33,2) width 27: "C13"
              RenderTableCell {TD} at (0,0) size 31x22 [border: (1px inset #808080)] [r=0 c=3 rs=1 cs=1]
                RenderText {#text} at (2,2) size 27x17
                  text run at (2,2) width 27: "C14"
            RenderTableRow {TR} at (0,22) size 185x22
              RenderTableCell {TD} at (154,22) size 31x22 [border: (1px inset #808080)] [r=1 c=0 rs=1 cs=1]
                RenderText {#text} at (2,2) size 27x17
                  text run at (2,2) width 27: "C21"
              RenderTableCell {TD} at (31,33) size 123x22 [border: (1px inset #808080)] [r=1 c=1 rs=2 cs=2]
                RenderText {#text} at (2,2) size 119x17
                  text run at (2,2) width 119: "C12 C13 C22 C23"
              RenderTableCell {TD} at (0,22) size 31x22 [border: (1px inset #808080)] [r=1 c=3 rs=1 cs=1]
                RenderText {#text} at (2,2) size 27x17
                  text run at (2,2) width 27: "C14"
            RenderTableRow {TR} at (0,44) size 185x22
              RenderTableCell {TD} at (154,44) size 31x22 [border: (1px inset #808080)] [r=2 c=0 rs=1 cs=1]
                RenderText {#text} at (2,2) size 27x17
                  text run at (2,2) width 27: "C31"
              RenderTableCell {TD} at (0,44) size 31x22 [border: (1px inset #808080)] [r=2 c=3 rs=1 cs=1]
                RenderText {#text} at (2,2) size 27x17
                  text run at (2,2) width 27: "C34"
            RenderTableRow {TR} at (0,66) size 185x22
              RenderTableCell {TD} at (154,66) size 31x22 [border: (1px inset #808080)] [r=3 c=0 rs=1 cs=1]
                RenderText {#text} at (2,2) size 27x17
                  text run at (2,2) width 27: "C41"
              RenderTableCell {TD} at (93,66) size 61x22 [border: (1px inset #808080)] [r=3 c=1 rs=1 cs=1]
                RenderText {#text} at (32,2) size 27x17
                  text run at (32,2) width 27: "C42"
              RenderTableCell {TD} at (31,66) size 62x22 [border: (1px inset #808080)] [r=3 c=2 rs=1 cs=1]
                RenderText {#text} at (33,2) size 27x17
                  text run at (33,2) width 27: "C43"
              RenderTableCell {TD} at (0,66) size 31x22 [border: (1px inset #808080)] [r=3 c=3 rs=1 cs=1]
                RenderText {#text} at (2,2) size 27x17
                  text run at (2,2) width 27: "C44"
        RenderTable {TABLE} at (0,144) size 187x108 [bgcolor=#FFA500] [border: (1px outset #808080)]
          RenderBlock {CAPTION} at (0,0) size 185x18
            RenderInline {B} at (0,0) size 33x17
              RenderText {#text} at (76,0) size 33x17
                text run at (76,0) width 33: "after"
          RenderTableCol {COLGROUP} at (0,0) size 0x0
            RenderTableCol {COL} at (0,0) size 0x0
            RenderTableCol {COL} at (0,0) size 0x0
            RenderTableCol {COL} at (0,0) size 0x0
            RenderTableCol {COL} at (0,0) size 0x0
          RenderTableSection {TBODY} at (1,19) size 185x88
            RenderTableRow {TR} at (0,0) size 185x22
              RenderTableCell {TD} at (154,0) size 31x22 [border: (1px inset #808080)] [r=0 c=0 rs=1 cs=1]
                RenderText {#text} at (2,2) size 27x17
                  text run at (2,2) width 27: "C11"
              RenderTableCell {TD} at (93,0) size 61x22 [border: (1px inset #808080)] [r=0 c=1 rs=1 cs=1]
                RenderText {#text} at (32,2) size 27x17
                  text run at (32,2) width 27: "C12"
              RenderTableCell {TD} at (31,0) size 62x22 [border: (1px inset #808080)] [r=0 c=2 rs=1 cs=1]
                RenderText {#text} at (33,2) size 27x17
                  text run at (33,2) width 27: "C13"
              RenderTableCell {TD} at (0,0) size 31x22 [border: (1px inset #808080)] [r=0 c=3 rs=1 cs=1]
                RenderText {#text} at (2,2) size 27x17
                  text run at (2,2) width 27: "C14"
            RenderTableRow {TR} at (0,22) size 185x22
              RenderTableCell {TD} at (154,22) size 31x22 [border: (1px inset #808080)] [r=1 c=0 rs=1 cs=1]
                RenderText {#text} at (2,2) size 27x17
                  text run at (2,2) width 27: "C21"
              RenderTableCell {TD} at (31,33) size 123x22 [border: (1px inset #808080)] [r=1 c=1 rs=2 cs=2]
                RenderText {#text} at (2,2) size 119x17
                  text run at (2,2) width 119: "C12 C13 C22 C23"
              RenderTableCell {TD} at (0,22) size 31x22 [border: (1px inset #808080)] [r=1 c=3 rs=1 cs=1]
                RenderText {#text} at (2,2) size 27x17
                  text run at (2,2) width 27: "C14"
            RenderTableRow {TR} at (0,44) size 185x22
              RenderTableCell {TD} at (154,44) size 31x22 [border: (1px inset #808080)] [r=2 c=0 rs=1 cs=1]
                RenderText {#text} at (2,2) size 27x17
                  text run at (2,2) width 27: "C31"
              RenderTableCell {TD} at (0,44) size 31x22 [border: (1px inset #808080)] [r=2 c=3 rs=1 cs=1]
                RenderText {#text} at (2,2) size 27x17
                  text run at (2,2) width 27: "C34"
            RenderTableRow {TR} at (0,66) size 185x22
              RenderTableCell {TD} at (154,66) size 31x22 [border: (1px inset #808080)] [r=3 c=0 rs=1 cs=1]
                RenderText {#text} at (2,2) size 27x17
                  text run at (2,2) width 27: "C41"
              RenderTableCell {TD} at (93,66) size 61x22 [border: (1px inset #808080)] [r=3 c=1 rs=1 cs=1]
                RenderText {#text} at (32,2) size 27x17
                  text run at (32,2) width 27: "C42"
              RenderTableCell {TD} at (31,66) size 62x22 [border: (1px inset #808080)] [r=3 c=2 rs=1 cs=1]
                RenderText {#text} at (33,2) size 27x17
                  text run at (33,2) width 27: "C43"
              RenderTableCell {TD} at (0,66) size 31x22 [border: (1px inset #808080)] [r=3 c=3 rs=1 cs=1]
                RenderText {#text} at (2,2) size 27x17
                  text run at (2,2) width 27: "C44"
