layer at (0,0) size 800x600
  RenderView at (0,0) size 800x600
layer at (0,0) size 800x600
  RenderBlock {HTML} at (0,0) size 800x600
    RenderBody {BODY} at (8,8) size 782x584
      RenderBlock {DIV} at (0,0) size 82x584
        RenderBlock {DIV} at (0,0) size 36x584
          RenderText {#text} at (6,0) size 24x73
            text run at (6,0) width 73: "\x{305D}\x{306E}\x{5973}"
          RenderInline {SPAN} at (0,0) size 24x25 [color=#0000FF]
            RenderCombineText {#text} at (6,72) size 24x25
              text run at (6,72) width 24: "\x{FFFC}"
          RenderText {#text} at (6,96) size 24x49
            text run at (6,96) width 49: "\x{304C}\x{306D}"
          RenderInline {SPAN} at (0,0) size 24x25 [color=#0000FF]
            RenderCombineText {#text} at (6,144) size 24x25
              text run at (6,144) width 24: "\x{FFFC}"
          RenderText {#text} at (6,168) size 24x122
            text run at (6,168) width 121: "\x{304B}\x{3057}\x{3064}\x{3051}\x{306B}"
          RenderInline {SPAN} at (0,0) size 24x72 [color=#0000FF]
            RenderCombineText {#text} at (6,289) size 24x72
              text run at (6,289) width 72: "12345"
          RenderText {#text} at (6,360) size 24x170
            text run at (6,360) width 170: "\x{6765}\x{3066}\x{304F}\x{308C}\x{308B}\x{307E}\x{3067}"
        RenderBlock {DIV} at (46,0) size 36x584
          RenderText {#text} at (6,0) size 24x73
            text run at (6,0) width 73: "\x{305D}\x{306E}\x{5973}"
          RenderInline {SPAN} at (0,0) size 24x25 [color=#0000FF]
            RenderCombineText {#text} at (6,72) size 24x25
              text run at (6,72) width 24: "\x{FFFC}"
          RenderText {#text} at (6,96) size 24x49
            text run at (6,96) width 49: "\x{304C}\x{306D}"
          RenderInline {SPAN} at (0,0) size 24x25 [color=#0000FF]
            RenderCombineText {#text} at (6,144) size 24x25
              text run at (6,144) width 24: "\x{FFFC}"
          RenderText {#text} at (6,168) size 24x122
            text run at (6,168) width 121: "\x{304B}\x{3057}\x{3064}\x{3051}\x{306B}"
          RenderInline {SPAN} at (0,0) size 24x72 [color=#0000FF]
            RenderCombineText {#text} at (6,289) size 24x72
              text run at (6,289) width 72: "12345"
          RenderText {#text} at (6,360) size 24x170
            text run at (6,360) width 170: "\x{6765}\x{3066}\x{304F}\x{308C}\x{308B}\x{307E}\x{3067}"
      RenderBlock {DIV} at (92,0) size 82x584
        RenderBlock {DIV} at (0,0) size 36x584
          RenderText {#text} at (6,0) size 24x73
            text run at (6,0) width 73: "\x{305D}\x{306E}\x{5973}"
          RenderInline {SPAN} at (0,0) size 24x25 [color=#0000FF]
            RenderCombineText {#text} at (6,72) size 24x25
              text run at (6,72) width 24: "\x{FFFC}"
          RenderText {#text} at (6,96) size 24x49
            text run at (6,96) width 49: "\x{304C}\x{306D}"
          RenderInline {SPAN} at (0,0) size 24x25 [color=#0000FF]
            RenderCombineText {#text} at (6,144) size 24x25
              text run at (6,144) width 24: "\x{FFFC}"
          RenderText {#text} at (6,168) size 24x122
            text run at (6,168) width 121: "\x{304B}\x{3057}\x{3064}\x{3051}\x{306B}"
          RenderInline {SPAN} at (0,0) size 24x72 [color=#0000FF]
            RenderCombineText {#text} at (6,289) size 24x72
              text run at (6,289) width 72: "12345"
          RenderText {#text} at (6,360) size 24x170
            text run at (6,360) width 170: "\x{6765}\x{3066}\x{304F}\x{308C}\x{308B}\x{307E}\x{3067}"
        RenderBlock {DIV} at (46,0) size 36x584
          RenderText {#text} at (6,0) size 24x73
            text run at (6,0) width 73: "\x{305D}\x{306E}\x{5973}"
          RenderInline {SPAN} at (0,0) size 24x25 [color=#0000FF]
            RenderCombineText {#text} at (6,72) size 24x25
              text run at (6,72) width 24: "\x{FFFC}"
          RenderText {#text} at (6,96) size 24x49
            text run at (6,96) width 49: "\x{304C}\x{306D}"
          RenderInline {SPAN} at (0,0) size 24x25 [color=#0000FF]
            RenderCombineText {#text} at (6,144) size 24x25
              text run at (6,144) width 24: "\x{FFFC}"
          RenderText {#text} at (6,168) size 24x122
            text run at (6,168) width 121: "\x{304B}\x{3057}\x{3064}\x{3051}\x{306B}"
          RenderInline {SPAN} at (0,0) size 24x72 [color=#0000FF]
            RenderCombineText {#text} at (6,289) size 24x72
              text run at (6,289) width 72: "12345"
          RenderText {#text} at (6,360) size 24x170
            text run at (6,360) width 170: "\x{6765}\x{3066}\x{304F}\x{308C}\x{308B}\x{307E}\x{3067}"
      RenderBlock {DIV} at (184,0) size 82x584
        RenderBlock {DIV} at (0,0) size 36x584
          RenderText {#text} at (6,0) size 24x73
            text run at (6,0) width 73: "\x{305D}\x{306E}\x{5973}"
          RenderInline {SPAN} at (0,0) size 24x25 [color=#0000FF]
            RenderCombineText {#text} at (6,72) size 24x25
              text run at (6,72) width 24: "\x{FFFC}"
          RenderText {#text} at (6,96) size 24x49
            text run at (6,96) width 49: "\x{304C}\x{306D}"
          RenderInline {SPAN} at (0,0) size 24x25 [color=#0000FF]
            RenderCombineText {#text} at (6,144) size 24x25
              text run at (6,144) width 24: "\x{FFFC}"
          RenderText {#text} at (6,168) size 24x122
            text run at (6,168) width 121: "\x{304B}\x{3057}\x{3064}\x{3051}\x{306B}"
          RenderInline {SPAN} at (0,0) size 24x72 [color=#0000FF]
            RenderCombineText {#text} at (6,289) size 24x72
              text run at (6,289) width 72: "12345"
          RenderText {#text} at (6,360) size 24x170
            text run at (6,360) width 170: "\x{6765}\x{3066}\x{304F}\x{308C}\x{308B}\x{307E}\x{3067}"
        RenderBlock {DIV} at (46,0) size 36x584
          RenderText {#text} at (6,0) size 24x73
            text run at (6,0) width 73: "\x{305D}\x{306E}\x{5973}"
          RenderInline {SPAN} at (0,0) size 24x25 [color=#0000FF]
            RenderCombineText {#text} at (6,72) size 24x25
              text run at (6,72) width 24: "\x{FFFC}"
          RenderText {#text} at (6,96) size 24x49
            text run at (6,96) width 49: "\x{304C}\x{306D}"
          RenderInline {SPAN} at (0,0) size 24x25 [color=#0000FF]
            RenderCombineText {#text} at (6,144) size 24x25
              text run at (6,144) width 24: "\x{FFFC}"
          RenderText {#text} at (6,168) size 24x122
            text run at (6,168) width 121: "\x{304B}\x{3057}\x{3064}\x{3051}\x{306B}"
          RenderInline {SPAN} at (0,0) size 24x72 [color=#0000FF]
            RenderCombineText {#text} at (6,289) size 24x72
              text run at (6,289) width 72: "12345"
          RenderText {#text} at (6,360) size 24x170
            text run at (6,360) width 170: "\x{6765}\x{3066}\x{304F}\x{308C}\x{308B}\x{307E}\x{3067}"
      RenderBlock {DIV} at (276,0) size 98x584
        RenderBlock {DIV} at (0,0) size 44x584
          RenderText {#text} at (14,0) size 24x73
            text run at (14,0) width 73: "\x{305D}\x{306E}\x{5973}"
          RenderInline {SPAN} at (0,0) size 24x25 [color=#0000FF]
            RenderCombineText {#text} at (14,72) size 24x25
              text run at (14,72) width 24: "\x{FFFC}"
          RenderText {#text} at (14,96) size 24x49
            text run at (14,96) width 49: "\x{304C}\x{306D}"
          RenderInline {SPAN} at (0,0) size 24x25 [color=#0000FF]
            RenderCombineText {#text} at (14,144) size 24x25
              text run at (14,144) width 24: "\x{FFFC}"
          RenderText {#text} at (14,168) size 24x122
            text run at (14,168) width 121: "\x{304B}\x{3057}\x{3064}\x{3051}\x{306B}"
          RenderInline {SPAN} at (0,0) size 24x72 [color=#0000FF]
            RenderCombineText {#text} at (14,289) size 24x72
              text run at (14,289) width 72: "12345"
          RenderText {#text} at (14,360) size 24x170
            text run at (14,360) width 170: "\x{6765}\x{3066}\x{304F}\x{308C}\x{308B}\x{307E}\x{3067}"
        RenderBlock {DIV} at (54,0) size 44x584
          RenderText {#text} at (14,0) size 24x73
            text run at (14,0) width 73: "\x{305D}\x{306E}\x{5973}"
          RenderInline {SPAN} at (0,0) size 24x25 [color=#0000FF]
            RenderCombineText {#text} at (14,72) size 24x25
              text run at (14,72) width 24: "\x{FFFC}"
          RenderText {#text} at (14,96) size 24x49
            text run at (14,96) width 49: "\x{304C}\x{306D}"
          RenderInline {SPAN} at (0,0) size 24x25 [color=#0000FF]
            RenderCombineText {#text} at (14,144) size 24x25
              text run at (14,144) width 24: "\x{FFFC}"
          RenderText {#text} at (14,168) size 24x122
            text run at (14,168) width 121: "\x{304B}\x{3057}\x{3064}\x{3051}\x{306B}"
          RenderInline {SPAN} at (0,0) size 24x72 [color=#0000FF]
            RenderCombineText {#text} at (14,289) size 24x72
              text run at (14,289) width 72: "12345"
          RenderText {#text} at (14,360) size 24x170
            text run at (14,360) width 170: "\x{6765}\x{3066}\x{304F}\x{308C}\x{308B}\x{307E}\x{3067}"
