layer at (0,0) size 800x600
  RenderView at (0,0) size 800x600
layer at (0,0) size 800x600
  RenderBlock {HTML} at (0,0) size 800x600
    RenderBody {BODY} at (8,8) size 784x584
      RenderBlock {DIV} at (0,0) size 784x63
        RenderText {#text} at (0,0) size 681x21
          text run at (0,0) width 681: "PASS - \"webkitMaskBoxImage\" property for \"box\" element at 2.25s saw something close to: 0.25"
        RenderBR {BR} at (681,16) size 0x0
        RenderText {#text} at (0,21) size 776x42
          text run at (0,21) width 776: "PASS - \"webkitMaskBoxImage\" property for \"box\" and \"boxStatic\" elements at 2.25s are close enough to each"
          text run at (0,42) width 36: "other"
        RenderBR {BR} at (36,58) size 0x0
layer at (100,100) size 200x200
  RenderImage {IMG} at (100,100) size 200x200 [bgcolor=#FF0000]
layer at (100,300) size 200x200
  RenderImage {IMG} at (100,300) size 200x200 [bgcolor=#FF0000]
