layer at (0,0) size 800x600
  RenderView at (0,0) size 800x600
layer at (0,0) size 800x77
  RenderBlock {html} at (0,0) size 800x77
    RenderBody {body} at (8,16) size 784x45
      RenderBlock {p} at (0,0) size 784x45
        RenderButton {button} at (2,2) size 647x41 [bgcolor=#C0C0C0] [border: (2px outset #C0C0C0)]
          RenderBlock (anonymous) at (17,10) size 613x19
            RenderText {#text} at (0,0) size 613x19
              text run at (0,0) width 613: "Activating (e.g. holding the mouse button down on) this button should make it go green."
