CONSOLE MESSAGE: line 27: TypeError: 'undefined' is not a function (evaluating 'document.getElementsByTagNameNS('http://www.w3.org/1999/xhtml', 'div')[0].setIdAttribute('title', true)')
layer at (0,0) size 800x600
  RenderView at (0,0) size 800x600
layer at (0,0) size 800x186
  RenderBlock {html} at (0,0) size 800x186
    RenderBody {body} at (8,16) size 784x154
      RenderBlock {p} at (0,0) size 784x18 [color=#000080]
        RenderText {#text} at (0,0) size 508x19
          text run at (0,0) width 508: "This test requires support for two or more of XHTML, xml:id, and DOM3 Core."
      RenderBlock {div} at (0,34) size 784x18 [color=#FF0000]
        RenderText {#text} at (0,0) size 163x19
          text run at (0,0) width 163: "This line should be green."
      RenderBlock {p} at (0,68) size 784x18 [color=#008000]
        RenderText {#text} at (0,0) size 163x19
          text run at (0,0) width 163: "This line should be green."
      RenderBlock {p} at (0,102) size 784x18 [color=#008000]
        RenderText {#text} at (0,0) size 163x19
          text run at (0,0) width 163: "This line should be green."
      RenderBlock {p} at (0,136) size 784x18 [color=#008000]
        RenderText {#text} at (0,0) size 163x19
          text run at (0,0) width 163: "This line should be green."
