layer at (0,0) size 800x600
  RenderView at (0,0) size 800x600
layer at (0,0) size 800x140
  RenderBlock {html} at (0,0) size 800x140
    RenderBody {body} at (8,16) size 784x108
      RenderBlock {blockquote} at (40,0) size 704x19
        RenderBlock {div} at (0,0) size 704x19
          RenderText {#text} at (0,0) size 181x19
            text run at (0,0) width 181: "This text should be unstyled."
      RenderBlock {div} at (0,35) size 784x19
        RenderText {#text} at (0,0) size 181x19
          text run at (0,0) width 181: "This text should be unstyled."
      RenderBlock {div} at (0,54) size 784x19
        RenderText {#text} at (0,0) size 181x19
          text run at (0,0) width 181: "This text should be unstyled."
      RenderBlock {p} at (0,89) size 784x19 [color=#008000]
        RenderText {#text} at (0,0) size 163x19
          text run at (0,0) width 163: "This text should be green."
