layer at (0,0) size 800x600
  RenderView at (0,0) size 800x600
layer at (0,0) size 800x113
  RenderBlock {html} at (0,0) size 800x113
    RenderBody {body} at (8,8) size 784x89
      RenderBlock {div} at (0,0) size 784x89
        RenderBlock {q} at (0,0) size 784x19 [color=#FF0000]
          RenderInline {r} at (0,0) size 120x19 [color=#00FF00]
            RenderText {#text} at (0,0) size 120x19
              text run at (0,0) width 120: "This text should be"
          RenderText {#text} at (120,0) size 4x19
            text run at (120,0) width 4: " "
          RenderInline {r} at (0,0) size 118x19 [color=#00FF00]
            RenderText {#text} at (124,0) size 118x19
              text run at (124,0) width 118: "in green characters"
          RenderText {#text} at (0,0) size 0x0
        RenderBlock {s} at (0,35) size 784x19 [color=#00FF00]
          RenderText {#text} at (0,0) size 242x19
            text run at (0,0) width 242: "This text should be in green characters"
        RenderBlock {p} at (0,70) size 784x19 [color=#00FF00]
          RenderText {#text} at (0,0) size 242x19
            text run at (0,0) width 242: "This text should be in green characters"
