layer at (0,0) size 800x600
  RenderView at (0,0) size 800x600
layer at (0,0) size 800x191
  RenderBlock {html} at (0,0) size 800x191
    RenderBody {body} at (8,16) size 784x159
      RenderBlock {p} at (0,0) size 784x19
        RenderText {#text} at (0,0) size 181x19
          text run at (0,0) width 181: "This line should be unstyled."
      RenderBlock {p} at (0,35) size 784x19 [bgcolor=#00FF00]
        RenderText {#text} at (0,0) size 268x19
          text run at (0,0) width 268: "This line should have a green background."
      RenderBlock {q} at (0,70) size 784x19 [bgcolor=#00FF00]
        RenderText {#text} at (0,0) size 268x19
          text run at (0,0) width 268: "This line should have a green background."
      RenderBlock {p} at (0,105) size 784x19
        RenderText {#text} at (0,0) size 188x19
          text run at (0,0) width 188: "This line should be unstyleed."
      RenderBlock {p} at (0,140) size 784x19 [bgcolor=#00FF00]
        RenderText {#text} at (0,0) size 268x19
          text run at (0,0) width 268: "This line should have a green background."
