layer at (0,0) size 800x600
  RenderView at (0,0) size 800x600
layer at (0,0) size 800x600
  RenderBlock {HTML} at (0,0) size 800x600
    RenderBody {BODY} at (8,8) size 784x576
      RenderBlock {P} at (0,0) size 784x18 [color=#008000]
        RenderText {#text} at (0,0) size 163x18
          text run at (0,0) width 163: "This text should be green."
      RenderBlock {P} at (0,34) size 784x18
        RenderText {#text} at (0,0) size 401x18
          text run at (0,0) width 401: "Caught exception: Error: SyntaxError: DOM Exception 12"
