layer at (0,0) size 800x600
  RenderView at (0,0) size 800x600
layer at (0,0) size 800x600
  RenderBlock {HTML} at (0,0) size 800x600
    RenderBody {BODY} at (8,8) size 784x576
      RenderBlock (anonymous) at (0,0) size 784x18
        RenderText {#text} at (0,0) size 639x18
          text run at (0,0) width 227: "You should see two iframes below. "
          text run at (227,0) width 212: "The narrow one should be black. "
          text run at (439,0) width 200: "The wider one should be green."
      RenderBlock {P} at (0,34) size 784x312
        RenderPartObject {IFRAME} at (0,0) size 154x154 [border: (2px inset #000000)]
          layer at (0,0) size 150x150
            RenderView at (0,0) size 150x150
          layer at (0,0) size 150x150
            RenderBlock {HTML} at (0,0) size 150x150
              RenderBody {BODY} at (8,8) size 134x134 [bgcolor=#000000]
        RenderText {#text} at (154,140) size 4x18
          text run at (154,140) width 4: " "
        RenderPartObject {IFRAME} at (0,158) size 654x154 [border: (2px inset #000000)]
          layer at (0,0) size 650x150
            RenderView at (0,0) size 650x150
          layer at (0,0) size 650x150
            RenderBlock {HTML} at (0,0) size 650x150
              RenderBody {BODY} at (8,8) size 634x134 [bgcolor=#008000]
        RenderText {#text} at (0,0) size 0x0
