layer at (0,0) size 800x600
  RenderView at (0,0) size 800x600
layer at (0,0) size 800x600
  RenderBlock {HTML} at (0,0) size 800x600
    RenderBody {BODY} at (8,8) size 784x584
      RenderButton {BUTTON} at (0,8) size 44x15 [bgcolor=#C0C0C0] [border: (2px outset #C0C0C0) none (2px outset #C0C0C0)]
        RenderBlock (anonymous) at (8,4) size 28x6
          RenderText {#text} at (0,0) size 28x6
            text run at (0,0) width 28: "Test Button"
      RenderText {#text} at (44,3) size 4x18
        text run at (44,3) width 4: " "
      RenderButton {BUTTON} at (48,8) size 50x15 [bgcolor=#C0C0C0] [border: (2px outset #C0C0C0) none (2px outset #C0C0C0)]
        RenderBlock (anonymous) at (8,3) size 34x7
          RenderText {#text} at (0,0) size 34x7
            text run at (0,0) width 34: "Test Button"
      RenderText {#text} at (98,3) size 4x18
        text run at (98,3) width 4: " "
      RenderButton {BUTTON} at (102,7) size 55x15 [bgcolor=#C0C0C0] [border: (2px outset #C0C0C0) none (2px outset #C0C0C0)]
        RenderBlock (anonymous) at (8,3) size 39x8
          RenderText {#text} at (0,0) size 39x8
            text run at (0,0) width 39: "Test Button"
      RenderText {#text} at (157,3) size 4x18
        text run at (157,3) width 4: " "
      RenderButton {BUTTON} at (161,7) size 61x15 [bgcolor=#C0C0C0] [border: (2px outset #C0C0C0) none (2px outset #C0C0C0)]
        RenderBlock (anonymous) at (8,2) size 45x10
          RenderText {#text} at (0,0) size 45x10
            text run at (0,0) width 45: "Test Button"
      RenderText {#text} at (222,3) size 4x18
        text run at (222,3) width 4: " "
      RenderButton {BUTTON} at (226,6) size 67x16 [bgcolor=#C0C0C0] [border: (2px outset #C0C0C0) none (2px outset #C0C0C0)]
        RenderBlock (anonymous) at (8,2) size 51x11
          RenderText {#text} at (0,0) size 51x11
            text run at (0,0) width 51: "Test Button"
      RenderText {#text} at (293,3) size 4x18
        text run at (293,3) width 4: " "
      RenderButton {BUTTON} at (297,5) size 72x17 [bgcolor=#C0C0C0] [border: (2px outset #C0C0C0) none (2px outset #C0C0C0)]
        RenderBlock (anonymous) at (8,2) size 56x12
          RenderText {#text} at (0,0) size 56x12
            text run at (0,0) width 56: "Test Button"
      RenderText {#text} at (369,3) size 4x18
        text run at (369,3) width 4: " "
      RenderButton {BUTTON} at (375,4) size 78x18 [bgcolor=#C0C0C0] [border: (2px outset #C0C0C0) none (2px outset #C0C0C0)]
        RenderBlock (anonymous) at (8,2) size 62x13
          RenderText {#text} at (0,0) size 62x13
            text run at (0,0) width 62: "Test Button"
      RenderText {#text} at (455,3) size 4x18
        text run at (455,3) width 4: " "
      RenderButton {INPUT} at (461,4) size 78x18 [bgcolor=#C0C0C0]
        RenderBlock (anonymous) at (8,2) size 62x13
          RenderText at (0,0) size 62x13
            text run at (0,0) width 62: "Test Button"
      RenderText {#text} at (541,3) size 4x18
        text run at (541,3) width 4: " "
      RenderButton {BUTTON} at (547,3) size 83x20 [bgcolor=#C0C0C0] [border: (2px outset #C0C0C0) none (2px outset #C0C0C0)]
        RenderBlock (anonymous) at (8,2) size 67x15
          RenderText {#text} at (0,0) size 67x15
            text run at (0,0) width 67: "Test Button"
      RenderText {#text} at (632,3) size 4x18
        text run at (632,3) width 4: " "
      RenderButton {BUTTON} at (638,2) size 89x21 [bgcolor=#C0C0C0] [border: (2px outset #C0C0C0) none (2px outset #C0C0C0)]
        RenderBlock (anonymous) at (8,2) size 73x16
          RenderText {#text} at (0,0) size 73x16
            text run at (0,0) width 73: "Test Button"
      RenderText {#text} at (729,3) size 4x18
        text run at (729,3) width 4: " "
      RenderButton {BUTTON} at (2,31) size 94x22 [bgcolor=#C0C0C0] [border: (2px outset #C0C0C0) none (2px outset #C0C0C0)]
        RenderBlock (anonymous) at (8,2) size 78x17
          RenderText {#text} at (0,0) size 78x17
            text run at (0,0) width 78: "Test Button"
      RenderText {#text} at (98,33) size 4x18
        text run at (98,33) width 4: " "
      RenderButton {BUTTON} at (104,30) size 100x23 [bgcolor=#C0C0C0] [border: (2px outset #C0C0C0) none (2px outset #C0C0C0)]
        RenderBlock (anonymous) at (8,2) size 84x18
          RenderText {#text} at (0,0) size 84x18
            text run at (0,0) width 84: "Test Button"
      RenderText {#text} at (206,33) size 4x18
        text run at (206,33) width 4: " "
      RenderButton {BUTTON} at (212,30) size 106x23 [bgcolor=#C0C0C0] [border: (2px outset #C0C0C0) none (2px outset #C0C0C0)]
        RenderBlock (anonymous) at (8,2) size 90x18
          RenderText {#text} at (0,0) size 90x18
            text run at (0,0) width 90: "Test Button"
      RenderText {#text} at (320,33) size 4x18
        text run at (320,33) width 4: " "
      RenderButton {BUTTON} at (326,29) size 111x25 [bgcolor=#C0C0C0] [border: (2px outset #C0C0C0) none (2px outset #C0C0C0)]
        RenderBlock (anonymous) at (8,2) size 95x20
          RenderText {#text} at (0,0) size 95x20
            text run at (0,0) width 95: "Test Button"
      RenderText {#text} at (439,33) size 4x18
        text run at (439,33) width 4: " "
      RenderButton {BUTTON} at (445,28) size 117x26 [bgcolor=#C0C0C0] [border: (2px outset #C0C0C0) none (2px outset #C0C0C0)]
        RenderBlock (anonymous) at (8,2) size 101x21
          RenderText {#text} at (0,0) size 101x21
            text run at (0,0) width 101: "Test Button"
      RenderText {#text} at (564,33) size 4x18
        text run at (564,33) width 4: " "
      RenderButton {BUTTON} at (570,27) size 122x27 [bgcolor=#C0C0C0] [border: (2px outset #C0C0C0) none (2px outset #C0C0C0)]
        RenderBlock (anonymous) at (8,2) size 106x22
          RenderText {#text} at (0,0) size 106x22
            text run at (0,0) width 106: "Test Button"
      RenderText {#text} at (694,33) size 4x18
        text run at (694,33) width 4: " "
      RenderButton {BUTTON} at (2,59) size 128x28 [bgcolor=#C0C0C0] [border: (2px outset #C0C0C0) none (2px outset #C0C0C0)]
        RenderBlock (anonymous) at (8,2) size 112x23
          RenderText {#text} at (0,0) size 112x23
            text run at (0,0) width 112: "Test Button"
      RenderText {#text} at (132,66) size 4x18
        text run at (132,66) width 4: " "
      RenderButton {BUTTON} at (138,58) size 133x29 [bgcolor=#C0C0C0] [border: (2px outset #C0C0C0) none (2px outset #C0C0C0)]
        RenderBlock (anonymous) at (8,2) size 117x24
          RenderText {#text} at (0,0) size 117x24
            text run at (0,0) width 117: "Test Button"
      RenderText {#text} at (0,0) size 0x0
