layer at (0,0) size 800x600
  RenderView at (0,0) size 800x600
layer at (0,0) size 800x600
  RenderBlock {HTML} at (0,0) size 800x600
    RenderBody {BODY} at (8,8) size 784x584
      RenderBlock {P} at (0,0) size 784x19
        RenderText {#text} at (0,0) size 153x19
          text run at (0,0) width 153: "Test controls placement."
      RenderBlock (anonymous) at (0,35) size 784x97
        RenderMedia {AUDIO} at (0,0) size 300x20 [bgcolor=#0000FF]
        RenderBR {BR} at (300,20) size 0x0
        RenderBR {BR} at (0,20) size 0x19
        RenderMedia {AUDIO} at (0,39) size 320x20 [bgcolor=#0000FF]
        RenderBR {BR} at (320,59) size 0x0
        RenderBR {BR} at (0,59) size 0x19
        RenderBR {BR} at (0,78) size 0x19
layer at (8,43) size 300x20
  RenderBlock (relative positioned) {DIV} at (0,0) size 300x20
layer at (8,43) size 300x20 scrollHeight 28
  RenderDeprecatedFlexibleBox (positioned) {DIV} at (0,0) size 300x20
    RenderButton {INPUT} at (0,0) size 20x20
    RenderDeprecatedFlexibleBox {DIV} at (20,0) size 220x20
      RenderBlock (anonymous) at (0,0) size 63x28
        RenderDeprecatedFlexibleBox {DIV} at (0,0) size 63x28
          RenderBlock (anonymous) at (4,4) size 55x20
            RenderText {#text} at (0,0) size 55x12
              text run at (0,0) width 55: "00:00 / 00:07"
      RenderSlider {INPUT} at (63,0) size 157x20
        RenderDeprecatedFlexibleBox {DIV} at (0,0) size 157x20
          RenderBlock {DIV} at (0,4) size 145x12
          RenderBlock {DIV} at (145,4) size 12x12
    RenderButton {INPUT} at (240,0) size 20x20
    RenderButton {INPUT} at (260,0) size 20x20
    RenderButton {INPUT} at (280,0) size 20x20
layer at (91,47) size 12x12
  RenderBlock (relative positioned) {DIV} at (0,0) size 12x12
layer at (8,82) size 320x20
  RenderBlock (relative positioned) {DIV} at (0,0) size 320x20
layer at (8,82) size 320x20 scrollHeight 28
  RenderDeprecatedFlexibleBox (positioned) {DIV} at (0,0) size 320x20
    RenderButton {INPUT} at (0,0) size 20x20
    RenderDeprecatedFlexibleBox {DIV} at (20,0) size 240x20
      RenderBlock (anonymous) at (0,0) size 63x28
        RenderDeprecatedFlexibleBox {DIV} at (0,0) size 63x28
          RenderBlock (anonymous) at (4,4) size 55x20
            RenderText {#text} at (0,0) size 55x12
              text run at (0,0) width 55: "00:00 / 00:07"
      RenderSlider {INPUT} at (63,0) size 177x20
        RenderDeprecatedFlexibleBox {DIV} at (0,0) size 177x20
          RenderBlock {DIV} at (0,4) size 165x12
          RenderBlock {DIV} at (165,4) size 12x12
    RenderButton {INPUT} at (260,0) size 20x20
    RenderButton {INPUT} at (280,0) size 20x20
    RenderButton {INPUT} at (300,0) size 20x20
layer at (91,86) size 12x12
  RenderBlock (relative positioned) {DIV} at (0,0) size 12x12
layer at (8,121) size 320x100
  RenderMedia {AUDIO} at (8,121) size 320x100 [bgcolor=#0000FF]
layer at (8,121) size 320x100
  RenderBlock (relative positioned) {DIV} at (0,0) size 320x100
layer at (8,201) size 320x20 scrollHeight 28
  RenderDeprecatedFlexibleBox (positioned) {DIV} at (0,80) size 320x20
    RenderButton {INPUT} at (0,0) size 20x20
    RenderDeprecatedFlexibleBox {DIV} at (20,0) size 240x20
      RenderBlock (anonymous) at (0,0) size 63x28
        RenderDeprecatedFlexibleBox {DIV} at (0,0) size 63x28
          RenderBlock (anonymous) at (4,4) size 55x20
            RenderText {#text} at (0,0) size 55x12
              text run at (0,0) width 55: "00:00 / 00:07"
      RenderSlider {INPUT} at (63,0) size 177x20
        RenderDeprecatedFlexibleBox {DIV} at (0,0) size 177x20
          RenderBlock {DIV} at (0,4) size 165x12
          RenderBlock {DIV} at (165,4) size 12x12
    RenderButton {INPUT} at (260,0) size 20x20
    RenderButton {INPUT} at (280,0) size 20x20
    RenderButton {INPUT} at (300,0) size 20x20
layer at (91,205) size 12x12
  RenderBlock (relative positioned) {DIV} at (0,0) size 12x12
