layer at (0,0) size 800x600
  RenderView at (0,0) size 800x600
layer at (0,0) size 800x301
  RenderBlock {HTML} at (0,0) size 800x301
    RenderBody {BODY} at (8,16) size 784x277
      RenderBlock {P} at (0,0) size 784x18
        RenderText {#text} at (0,0) size 467x19
          text run at (0,0) width 467: "The look of the controls should not change when styled under strict mode."
      RenderBlock (anonymous) at (0,34) size 784x243
        RenderText {#text} at (320,225) size 4x19
          text run at (320,225) width 4: " "
        RenderText {#text} at (0,0) size 0x0
layer at (8,50) size 320x240
  RenderVideo {VIDEO} at (0,0) size 320x240 [color=#FF0000]
layer at (332,50) size 320x240
  RenderVideo {VIDEO} at (324,0) size 320x240
layer at (8,50) size 320x240
  RenderDeprecatedFlexibleBox (relative positioned) {DIV} at (0,0) size 320x240
layer at (8,270) size 320x20 scrollHeight 28
  RenderDeprecatedFlexibleBox (relative positioned) {DIV} at (0,220) size 320x20
    RenderButton {INPUT} at (0,0) size 20x20
    RenderDeprecatedFlexibleBox {DIV} at (20,0) size 220x20
      RenderDeprecatedFlexibleBox {DIV} at (0,0) size 63x28 [color=#000000]
        RenderBlock (anonymous) at (4,4) size 55x20
          RenderText {#text} at (0,0) size 55x12
            text run at (0,0) width 55: "00:00 / 00:06"
      RenderSlider {INPUT} at (63,0) size 157x20
        RenderDeprecatedFlexibleBox {DIV} at (0,0) size 157x20
          RenderBlock {DIV} at (0,4) size 145x12
          RenderBlock {DIV} at (145,4) size 12x12
    RenderButton {INPUT} at (240,0) size 20x20
    RenderButton {INPUT} at (260,0) size 20x20
    RenderButton {INPUT} at (280,0) size 20x20
    RenderBlock {DIV} at (300,0) size 20x20
layer at (91,274) size 12x12
  RenderBlock (relative positioned) {DIV} at (0,0) size 12x12
layer at (308,270) size 20x20
  RenderButton zI: 2 {INPUT} at (0,0) size 20x20
layer at (332,50) size 320x240
  RenderDeprecatedFlexibleBox (relative positioned) {DIV} at (0,0) size 320x240
layer at (332,270) size 320x20 scrollHeight 28
  RenderDeprecatedFlexibleBox (relative positioned) {DIV} at (0,220) size 320x20
    RenderButton {INPUT} at (0,0) size 20x20
    RenderDeprecatedFlexibleBox {DIV} at (20,0) size 220x20
      RenderDeprecatedFlexibleBox {DIV} at (0,0) size 63x28
        RenderBlock (anonymous) at (4,4) size 55x20
          RenderText {#text} at (0,0) size 55x12
            text run at (0,0) width 55: "00:00 / 00:06"
      RenderSlider {INPUT} at (63,0) size 157x20
        RenderDeprecatedFlexibleBox {DIV} at (0,0) size 157x20
          RenderBlock {DIV} at (0,4) size 145x12
          RenderBlock {DIV} at (145,4) size 12x12
    RenderButton {INPUT} at (240,0) size 20x20
    RenderButton {INPUT} at (260,0) size 20x20
    RenderButton {INPUT} at (280,0) size 20x20
    RenderBlock {DIV} at (300,0) size 20x20
layer at (415,274) size 12x12
  RenderBlock (relative positioned) {DIV} at (0,0) size 12x12
layer at (632,270) size 20x20
  RenderButton zI: 2 {INPUT} at (0,0) size 20x20
