layer at (0,0) size 800x600
  RenderView at (0,0) size 800x600
layer at (0,0) size 800x324
  RenderBlock {HTML} at (0,0) size 800x324
    RenderBody {BODY} at (8,8) size 784x308
      RenderBlock {DIV} at (0,0) size 784x154
        RenderMedia {AUDIO} at (300,130) size 300x20
      RenderBlock {DIV} at (0,154) size 784x154
        RenderMedia {AUDIO} at (300,130) size 300x20
layer at (8,8) size 300x150
  RenderVideo {VIDEO} at (0,0) size 300x150
layer at (8,162) size 300x150
  RenderVideo {VIDEO} at (0,0) size 300x150
layer at (8,8) size 300x150
  RenderBlock (relative positioned) {DIV} at (0,0) size 300x150
layer at (8,138) size 300x20 scrollHeight 30
  RenderDeprecatedFlexibleBox (positioned) {DIV} at (0,130) size 300x20
    RenderButton {INPUT} at (0,0) size 20x20
    RenderDeprecatedFlexibleBox {DIV} at (20,0) size 220x20
      RenderBlock (anonymous) at (0,0) size 63x30
        RenderDeprecatedFlexibleBox {DIV} at (0,2) size 63x28
          RenderBlock (anonymous) at (4,4) size 55x20
            RenderText {#text} at (0,0) size 55x12
              text run at (0,0) width 55: "00:00 / 00:00"
      RenderSlider {INPUT} at (63,0) size 157x20
        RenderDeprecatedFlexibleBox {DIV} at (0,0) size 157x20
          RenderBlock {DIV} at (0,4) size 145x12
          RenderBlock {DIV} at (145,4) size 12x12
    RenderButton {INPUT} at (240,0) size 20x20
    RenderButton {INPUT} at (260,0) size 20x20
    RenderButton {INPUT} at (280,0) size 20x20
layer at (91,142) size 12x12
  RenderBlock (relative positioned) {DIV} at (0,0) size 12x12
layer at (308,138) size 300x20
  RenderBlock (relative positioned) {DIV} at (0,0) size 300x20
layer at (308,138) size 300x20 scrollHeight 30
  RenderDeprecatedFlexibleBox (positioned) {DIV} at (0,0) size 300x20
    RenderButton {INPUT} at (0,0) size 20x20
    RenderDeprecatedFlexibleBox {DIV} at (20,0) size 220x20
      RenderBlock (anonymous) at (0,0) size 63x30
        RenderDeprecatedFlexibleBox {DIV} at (0,2) size 63x28
          RenderBlock (anonymous) at (4,4) size 55x20
            RenderText {#text} at (0,0) size 55x12
              text run at (0,0) width 55: "00:00 / 00:00"
      RenderSlider {INPUT} at (63,0) size 157x20
        RenderDeprecatedFlexibleBox {DIV} at (0,0) size 157x20
          RenderBlock {DIV} at (0,4) size 145x12
          RenderBlock {DIV} at (145,4) size 12x12
    RenderButton {INPUT} at (240,0) size 20x20
    RenderButton {INPUT} at (260,0) size 20x20
    RenderButton {INPUT} at (280,0) size 20x20
layer at (391,142) size 12x12
  RenderBlock (relative positioned) {DIV} at (0,0) size 12x12
layer at (8,162) size 300x150
  RenderBlock (relative positioned) {DIV} at (0,0) size 300x150
layer at (8,292) size 300x20 scrollHeight 30
  RenderDeprecatedFlexibleBox (positioned) {DIV} at (0,130) size 300x20
    RenderButton {INPUT} at (0,0) size 20x20
    RenderDeprecatedFlexibleBox {DIV} at (20,0) size 220x20
      RenderBlock (anonymous) at (0,0) size 63x30
        RenderDeprecatedFlexibleBox {DIV} at (0,2) size 63x28
          RenderBlock (anonymous) at (4,4) size 55x20
            RenderText {#text} at (0,0) size 55x12
              text run at (0,0) width 55: "00:00 / 00:00"
      RenderSlider {INPUT} at (63,0) size 157x20
        RenderDeprecatedFlexibleBox {DIV} at (0,0) size 157x20
          RenderBlock {DIV} at (0,4) size 145x12
          RenderBlock {DIV} at (145,4) size 12x12
    RenderButton {INPUT} at (240,0) size 20x20
    RenderButton {INPUT} at (260,0) size 20x20
    RenderButton {INPUT} at (280,0) size 20x20
layer at (91,296) size 12x12
  RenderBlock (relative positioned) {DIV} at (0,0) size 12x12
layer at (308,292) size 300x20
  RenderBlock (relative positioned) {DIV} at (0,0) size 300x20
layer at (308,292) size 300x20 scrollHeight 30
  RenderDeprecatedFlexibleBox (positioned) {DIV} at (0,0) size 300x20
    RenderButton {INPUT} at (0,0) size 20x20
    RenderDeprecatedFlexibleBox {DIV} at (20,0) size 220x20
      RenderBlock (anonymous) at (0,0) size 63x30
        RenderDeprecatedFlexibleBox {DIV} at (0,2) size 63x28
          RenderBlock (anonymous) at (4,4) size 55x20
            RenderText {#text} at (0,0) size 55x12
              text run at (0,0) width 55: "00:00 / 00:00"
      RenderSlider {INPUT} at (63,0) size 157x20
        RenderDeprecatedFlexibleBox {DIV} at (0,0) size 157x20
          RenderBlock {DIV} at (0,4) size 145x12
          RenderBlock {DIV} at (145,4) size 12x12
    RenderButton {INPUT} at (240,0) size 20x20
    RenderButton {INPUT} at (260,0) size 20x20
    RenderButton {INPUT} at (280,0) size 20x20
layer at (391,296) size 12x12
  RenderBlock (relative positioned) {DIV} at (0,0) size 12x12
