layer at (0,0) size 800x600
  RenderView at (0,0) size 800x600
layer at (0,0) size 800x600
  RenderBlock {HTML} at (0,0) size 800x600
    RenderBody {BODY} at (8,8) size 784x584
      RenderBlock {P} at (0,0) size 784x19
        RenderText {#text} at (0,0) size 360x19
          text run at (0,0) width 360: "Test dynamic removal of transformed and reflected video"
      RenderBlock (anonymous) at (0,35) size 784x339
        RenderText {#text} at (0,0) size 4x19
          text run at (0,0) width 4: " "
        RenderBR {BR} at (4,15) size 0x0
        RenderText {#text} at (0,160) size 4x19
          text run at (0,160) width 4: " "
        RenderBR {BR} at (210,175) size 0x0
        RenderText {#text} at (0,320) size 4x19
          text run at (0,320) width 4: " "
        RenderBR {BR} at (210,335) size 0x0
layer at (12,62) size 206x156
  RenderVideo {VIDEO} at (4,19) size 206x156 [border: (3px solid #FF0000)]
layer at (12,222) size 206x156
  RenderVideo {VIDEO} at (4,179) size 206x156 [border: (3px solid #FF0000)]
