layer at (0,0) size 800x600
  RenderView at (0,0) size 800x600
layer at (0,0) size 800x600
  RenderBlock {HTML} at (0,0) size 800x600
    RenderBody {BODY} at (8,8) size 784x584
      RenderBlock {P} at (0,0) size 784x19
        RenderText {#text} at (0,0) size 217x19
          text run at (0,0) width 217: "Test painting of transformed video"
      RenderBlock (anonymous) at (0,35) size 784x480
        RenderText {#text} at (0,141) size 4x19
          text run at (0,141) width 4: " "
        RenderBR {BR} at (210,156) size 0x0
        RenderText {#text} at (0,301) size 4x19
          text run at (0,301) width 4: " "
        RenderBR {BR} at (210,316) size 0x0
        RenderText {#text} at (0,461) size 4x19
          text run at (0,461) width 4: " "
        RenderBR {BR} at (210,476) size 0x0
layer at (12,43) size 206x156
  RenderVideo {VIDEO} at (4,0) size 206x156 [border: (3px solid #FF0000)]
layer at (12,203) size 206x156
  RenderVideo {VIDEO} at (4,160) size 206x156 [border: (3px solid #FF0000)]
layer at (12,363) size 206x156
  RenderVideo {VIDEO} at (4,320) size 206x156 [border: (3px solid #FF0000)]
