layer at (0,0) size 800x600
  RenderView at (0,0) size 800x600
layer at (0,0) size 800x600
  RenderBlock {HTML} at (0,0) size 800x600
    RenderBody {BODY} at (12,12) size 776x543
      RenderBlock {P} at (0,0) size 776x28
        RenderText {#text} at (0,0) size 280x28
          text run at (0,0) width 280: "Zoomed video with controls."
layer at (57,85) size 240x180
  RenderVideo {VIDEO} at (45,73) size 240x180
layer at (57,85) size 240x180
  RenderBlock (relative positioned) {DIV} at (0,0) size 240x180
layer at (57,235) size 240x30 scrollHeight 42
  RenderDeprecatedFlexibleBox (positioned) {DIV} at (0,150) size 240x30
    RenderButton {INPUT} at (0,0) size 30x30
    RenderDeprecatedFlexibleBox {DIV} at (30,0) size 90x30
      RenderBlock (anonymous) at (0,0) size 90x42
        RenderDeprecatedFlexibleBox {DIV} at (90,0) size 0x42
          RenderBlock (anonymous) at (6,6) size 78x30
            RenderText {#text} at (17,0) size 44x36
              text run at (17,0) width 44: "00:00 /"
              text run at (21,18) width 36: "00:06"
      RenderSlider {INPUT} at (90,0) size 0x30
        RenderDeprecatedFlexibleBox {DIV} at (0,0) size 0x30
          RenderBlock {DIV} at (0,9) size 0x12
          RenderBlock {DIV} at (0,9) size 12x12
    RenderButton {INPUT} at (120,0) size 30x30
    RenderButton {INPUT} at (150,0) size 30x30
    RenderButton {INPUT} at (180,0) size 30x30
    RenderButton {INPUT} at (210,0) size 30x30
layer at (177,244) size 12x12
  RenderBlock (relative positioned) {DIV} at (0,0) size 12x12
layer at (57,310) size 240x180
  RenderVideo {VIDEO} at (45,298) size 240x180
layer at (57,310) size 240x180
  RenderBlock (relative positioned) {DIV} at (0,0) size 240x180
layer at (57,460) size 240x30 scrollHeight 42
  RenderDeprecatedFlexibleBox (positioned) {DIV} at (0,150) size 240x30
    RenderButton {INPUT} at (0,0) size 30x30
    RenderDeprecatedFlexibleBox {DIV} at (30,0) size 90x30
      RenderBlock (anonymous) at (0,0) size 90x42
        RenderDeprecatedFlexibleBox {DIV} at (90,0) size 0x42
          RenderBlock (anonymous) at (6,6) size 78x30
            RenderText {#text} at (17,0) size 44x36
              text run at (17,0) width 44: "00:00 /"
              text run at (21,18) width 36: "00:06"
      RenderSlider {INPUT} at (90,0) size 0x30
        RenderDeprecatedFlexibleBox {DIV} at (0,0) size 0x30
          RenderBlock {DIV} at (0,9) size 0x12
          RenderBlock {DIV} at (0,9) size 12x12
    RenderButton {INPUT} at (120,0) size 30x30
    RenderButton {INPUT} at (150,0) size 30x30
    RenderButton {INPUT} at (180,0) size 30x30
    RenderButton {INPUT} at (210,0) size 30x30
layer at (177,469) size 12x12
  RenderBlock (relative positioned) {DIV} at (0,0) size 12x12
