layer at (0,0) size 785x762
  RenderView at (0,0) size 785x600
layer at (0,0) size 785x600
  RenderBlock {HTML} at (0,0) size 785x600
    RenderBody {BODY} at (8,8) size 769x584
      RenderBlock {P} at (0,0) size 769x18
        RenderText {#text} at (0,0) size 153x19
          text run at (0,0) width 153: "Test controls placement."
      RenderBlock {DIV} at (0,34) size 769x240
        RenderText {#text} at (0,0) size 0x0
      RenderBlock {DIV} at (0,274) size 769x240
        RenderText {#text} at (0,0) size 0x0
      RenderBlock {DIV} at (0,514) size 769x0
layer at (8,42) size 320x240
  RenderVideo {VIDEO} at (0,0) size 320x240
layer at (8,282) size 320x240
  RenderVideo {VIDEO} at (0,0) size 320x240
layer at (8,42) size 320x240
  RenderDeprecatedFlexibleBox (relative positioned) {DIV} at (0,0) size 320x240
layer at (8,262) size 320x20 scrollHeight 28
  RenderDeprecatedFlexibleBox (relative positioned) {DIV} at (0,220) size 320x20
    RenderButton {INPUT} at (0,0) size 20x20
    RenderDeprecatedFlexibleBox {DIV} at (20,0) size 220x20
      RenderDeprecatedFlexibleBox {DIV} at (0,0) size 63x28
        RenderBlock (anonymous) at (4,4) size 55x20
          RenderText {#text} at (0,0) size 55x12
            text run at (0,0) width 55: "00:00 / 00:06"
      RenderSlider {INPUT} at (63,0) size 157x20
        RenderDeprecatedFlexibleBox {DIV} at (2,0) size 153x20
          RenderBlock {DIV} at (0,4) size 141x12
          RenderBlock {DIV} at (141,4) size 12x12
    RenderButton {INPUT} at (240,0) size 20x20
    RenderButton {INPUT} at (260,0) size 20x20
    RenderButton {INPUT} at (280,0) size 20x20
    RenderBlock {DIV} at (300,0) size 20x20
layer at (93,266) size 12x12
  RenderBlock (relative positioned) {DIV} at (0,0) size 12x12
layer at (308,262) size 20x20
  RenderButton zI: 2 {INPUT} at (0,0) size 20x20
layer at (8,282) size 320x240
  RenderDeprecatedFlexibleBox (relative positioned) {DIV} at (0,0) size 320x240
layer at (8,502) size 320x20 scrollHeight 28
  RenderDeprecatedFlexibleBox (relative positioned) {DIV} at (0,220) size 320x20
    RenderButton {INPUT} at (0,0) size 20x20
    RenderDeprecatedFlexibleBox {DIV} at (20,0) size 220x20
      RenderDeprecatedFlexibleBox {DIV} at (0,0) size 63x28
        RenderBlock (anonymous) at (4,4) size 55x20
          RenderText {#text} at (0,0) size 55x12
            text run at (0,0) width 55: "00:00 / 00:06"
      RenderSlider {INPUT} at (63,0) size 157x20
        RenderDeprecatedFlexibleBox {DIV} at (2,0) size 153x20
          RenderBlock {DIV} at (0,4) size 141x12
          RenderBlock {DIV} at (141,4) size 12x12
    RenderButton {INPUT} at (240,0) size 20x20
    RenderButton {INPUT} at (260,0) size 20x20
    RenderButton {INPUT} at (280,0) size 20x20
    RenderBlock {DIV} at (300,0) size 20x20
layer at (93,506) size 12x12
  RenderBlock (relative positioned) {DIV} at (0,0) size 12x12
layer at (308,502) size 20x20
  RenderButton zI: 2 {INPUT} at (0,0) size 20x20
layer at (8,522) size 320x240
  RenderVideo {VIDEO} at (8,522) size 320x240
layer at (8,522) size 320x240
  RenderDeprecatedFlexibleBox (relative positioned) {DIV} at (0,0) size 320x240
layer at (8,742) size 320x20 scrollHeight 28
  RenderDeprecatedFlexibleBox (relative positioned) {DIV} at (0,220) size 320x20
    RenderButton {INPUT} at (0,0) size 20x20
    RenderDeprecatedFlexibleBox {DIV} at (20,0) size 220x20
      RenderDeprecatedFlexibleBox {DIV} at (0,0) size 63x28
        RenderBlock (anonymous) at (4,4) size 55x20
          RenderText {#text} at (0,0) size 55x12
            text run at (0,0) width 55: "00:00 / 00:06"
      RenderSlider {INPUT} at (63,0) size 157x20
        RenderDeprecatedFlexibleBox {DIV} at (2,0) size 153x20
          RenderBlock {DIV} at (0,4) size 141x12
          RenderBlock {DIV} at (141,4) size 12x12
    RenderButton {INPUT} at (240,0) size 20x20
    RenderButton {INPUT} at (260,0) size 20x20
    RenderButton {INPUT} at (280,0) size 20x20
    RenderBlock {DIV} at (300,0) size 20x20
layer at (93,746) size 12x12
  RenderBlock (relative positioned) {DIV} at (0,0) size 12x12
layer at (308,742) size 20x20
  RenderButton zI: 2 {INPUT} at (0,0) size 20x20
