layer at (0,0) size 787x1425
  RenderView at (0,0) size 787x600
layer at (0,0) size 787x1425
  RenderBlock {HTML} at (0,0) size 787x1425
    RenderBody {BODY} at (8,8) size 771x1404
      RenderBlock {H2} at (0,0) size 771x66
        RenderText {#text} at (0,0) size 737x66
          text run at (0,0) width 737: "It's OK if nothing drawn for a scrollbar (for an outermost frame and an"
          text run at (0,33) width 228: "element with overlow)"
      RenderBlock {P} at (0,85) size 771x22
        RenderText {#text} at (0,0) size 622x22
          text run at (0,0) width 622: "Note that Safari doesn't allow to customize the outermost scdrollbars and just show Cocoa's."
      RenderBlock {PRE} at (0,236) size 771x1168 [bgcolor=#008000]
      RenderBlock {PRE} at (0,1417) size 1542x0 [bgcolor=#008000]
layer at (8,131) size 100x100 clip at (8,131) size 87x87 scrollWidth 1168 scrollHeight 119
  RenderBlock {PRE} at (0,123) size 100x100 [bgcolor=#008000]
    RenderText {#text} at (0,0) size 1168x119
      text run at (0,0) width 1168: "The quick brown fox jumps over the lazy dog. The quick brown fox jumps over the lazy dog. The quick brown fox jumps over the lazy dog. The quick brown fox jumps over the lazy dog."
      text run at (1168,0) width 0: " "
      text run at (0,17) width 1168: "The quick brown fox jumps over the lazy dog. The quick brown fox jumps over the lazy dog. The quick brown fox jumps over the lazy dog. The quick brown fox jumps over the lazy dog."
      text run at (1168,17) width 0: " "
      text run at (0,34) width 1168: "The quick brown fox jumps over the lazy dog. The quick brown fox jumps over the lazy dog. The quick brown fox jumps over the lazy dog. The quick brown fox jumps over the lazy dog."
      text run at (1168,34) width 0: " "
      text run at (0,51) width 1168: "The quick brown fox jumps over the lazy dog. The quick brown fox jumps over the lazy dog. The quick brown fox jumps over the lazy dog. The quick brown fox jumps over the lazy dog."
      text run at (1168,51) width 0: " "
      text run at (0,68) width 1168: "The quick brown fox jumps over the lazy dog. The quick brown fox jumps over the lazy dog. The quick brown fox jumps over the lazy dog. The quick brown fox jumps over the lazy dog."
      text run at (1168,68) width 0: " "
      text run at (0,85) width 1168: "The quick brown fox jumps over the lazy dog. The quick brown fox jumps over the lazy dog. The quick brown fox jumps over the lazy dog. The quick brown fox jumps over the lazy dog."
      text run at (1168,85) width 0: " "
      text run at (0,102) width 1168: "The quick brown fox jumps over the lazy dog. The quick brown fox jumps over the lazy dog. The quick brown fox jumps over the lazy dog. The quick brown fox jumps over the lazy dog."
      text run at (1168,102) width 0: " "
