layer at (0,0) size 800x600
  RenderView at (0,0) size 800x600
layer at (0,0) size 800x600
  RenderBlock {HTML} at (0,0) size 800x600
    RenderBody {BODY} at (8,8) size 784x584
      RenderText {#text} at (165,0) size 4x22
        text run at (165,0) width 4: " "
      RenderText {#text} at (334,0) size 4x22
        text run at (334,0) width 4: " "
      RenderText {#text} at (503,0) size 4x22
        text run at (503,0) width 4: " "
      RenderText {#text} at (0,0) size 0x0
      RenderText {#text} at (165,140) size 4x22
        text run at (165,140) width 4: " "
      RenderText {#text} at (334,140) size 4x22
        text run at (334,140) width 4: " "
      RenderText {#text} at (503,140) size 4x22
        text run at (503,140) width 4: " "
      RenderText {#text} at (0,0) size 0x0
      RenderText {#text} at (165,280) size 4x22
        text run at (165,280) width 4: " "
      RenderText {#text} at (334,280) size 4x22
        text run at (334,280) width 4: " "
      RenderText {#text} at (503,280) size 4x22
        text run at (503,280) width 4: " "
      RenderText {#text} at (0,0) size 0x0
      RenderText {#text} at (165,420) size 4x22
        text run at (165,420) width 4: " "
      RenderText {#text} at (334,420) size 4x22
        text run at (334,420) width 4: " "
      RenderText {#text} at (0,0) size 0x0
layer at (28,28) size 125x100 clip at (29,29) size 110x85 scrollHeight 2196
  RenderBlock {DIV} at (20,20) size 125x100 [color=#DCDCDC] [bgcolor=#718D93] [border: (1px solid #D3D3D3)]
    RenderText {#text} at (11,11) size 90x832
      text run at (11,11) width 76: "Lorem ipsum"
      text run at (11,27) width 86: "dolor sit amet,"
      text run at (11,43) width 74: "consectetuer"
      text run at (11,59) width 86: "adipiscing elit."
      text run at (11,75) width 75: "Morbi et nisi"
      text run at (11,91) width 34: "ut est"
      text run at (11,107) width 56: "venenatis"
      text run at (11,123) width 90: "viverra. Aenean"
      text run at (11,139) width 56: "pede orci,"
      text run at (11,155) width 75: "blandit quis,"
      text run at (11,171) width 83: "faucibus quis,"
      text run at (11,187) width 86: "egestas ut, mi."
      text run at (11,203) width 73: "Pellentesque"
      text run at (11,219) width 71: "enim purus,"
      text run at (11,235) width 56: "venenatis"
      text run at (11,251) width 60: "dignissim,"
      text run at (11,267) width 70: "tincidunt a,"
      text run at (11,283) width 70: "ullamcorper"
      text run at (11,299) width 62: "eget, nibh."
      text run at (11,315) width 87: "Nullam ut sem"
      text run at (11,331) width 85: "adipiscing orci"
      text run at (11,347) width 49: "vehicula"
      text run at (11,363) width 58: "interdum."
      text run at (11,379) width 79: "Proin a enim."
      text run at (11,395) width 56: "Phasellus"
      text run at (11,411) width 71: "sollicitudin,"
      text run at (11,427) width 71: "magna vitae"
      text run at (11,443) width 65: "vestibulum"
      text run at (11,459) width 86: "facilisis, tellus"
      text run at (11,475) width 73: "nunc iaculis"
      text run at (11,491) width 46: "arcu, in"
      text run at (11,507) width 76: "molestie sem"
      text run at (11,523) width 72: "velit tempus"
      text run at (11,539) width 86: "est. In eleifend"
      text run at (11,555) width 68: "velit at sem"
      text run at (11,571) width 59: "adipiscing"
      text run at (11,587) width 82: "sodales. Nunc"
      text run at (11,603) width 70: "sapien felis,"
      text run at (11,619) width 67: "aliquam et,"
      text run at (11,635) width 49: "volutpat"
      text run at (11,651) width 52: "rhoncus,"
      text run at (11,667) width 81: "condimentum"
      text run at (11,683) width 59: "ut, tortor."
      text run at (11,699) width 65: "Integer est."
      text run at (11,715) width 49: "Quisque"
      text run at (11,731) width 43: "viverra."
      text run at (11,747) width 73: "Praesent sed"
      text run at (11,763) width 30: "arcu."
      text run at (11,779) width 72: "Maecenas id"
      text run at (11,795) width 65: "lorem a leo"
      text run at (11,811) width 45: "lobortis"
      text run at (11,827) width 89: "condimentum. "
    RenderBR {BR} at (100,839) size 0x0
    RenderBR {BR} at (11,843) size 0x16
    RenderText {#text} at (11,859) size 90x768
      text run at (11,859) width 87: "Cras commodo"
      text run at (11,875) width 85: "rutrum augue."
      text run at (11,891) width 50: "Vivamus"
      text run at (11,907) width 90: "iaculis. Nullam"
      text run at (11,923) width 82: "est. Maecenas"
      text run at (11,939) width 89: "consequat. Sed"
      text run at (11,955) width 38: "id dui."
      text run at (11,971) width 61: "Vivamus a"
      text run at (11,987) width 67: "nisl. Donec"
      text run at (11,1003) width 46: "pretium"
      text run at (11,1019) width 77: "sapien. Proin"
      text run at (11,1035) width 63: "et ligula et"
      text run at (11,1051) width 84: "ligula placerat"
      text run at (11,1067) width 53: "pulvinar."
      text run at (11,1083) width 76: "Aliquam erat"
      text run at (11,1099) width 88: "volutpat. Proin"
      text run at (11,1115) width 36: "id est."
      text run at (11,1131) width 72: "Suspendisse"
      text run at (11,1147) width 86: "cursus, magna"
      text run at (11,1163) width 70: "at hendrerit"
      text run at (11,1179) width 64: "consequat,"
      text run at (11,1195) width 62: "mauris est"
      text run at (11,1211) width 55: "imperdiet"
      text run at (11,1227) width 50: "neque, a"
      text run at (11,1243) width 74: "ultrices arcu"
      text run at (11,1259) width 55: "urna non"
      text run at (11,1275) width 87: "nunc. Quisque"
      text run at (11,1291) width 73: "tellus. Nulla"
      text run at (11,1307) width 69: "nulla justo,"
      text run at (11,1323) width 77: "vehicula nec,"
      text run at (11,1339) width 73: "pellentesque"
      text run at (11,1355) width 80: "eu, iaculis et,"
      text run at (11,1371) width 37: "ligula."
      text run at (11,1387) width 50: "Praesent"
      text run at (11,1403) width 88: "mattis ante vel"
      text run at (11,1419) width 27: "sem."
      text run at (11,1435) width 72: "Suspendisse"
      text run at (11,1451) width 83: "porta rhoncus"
      text run at (11,1467) width 32: "urna."
      text run at (11,1483) width 88: "Phasellus felis."
      text run at (11,1499) width 50: "Praesent"
      text run at (11,1515) width 39: "viverra"
      text run at (11,1531) width 52: "convallis"
      text run at (11,1547) width 37: "libero."
      text run at (11,1563) width 84: "Maecenas non"
      text run at (11,1579) width 80: "augue. Donec"
      text run at (11,1595) width 54: "hendrerit"
      text run at (11,1611) width 87: "lectus id enim."
    RenderBR {BR} at (0,0) size 0x0
    RenderBR {BR} at (11,1627) size 0x16
    RenderText {#text} at (11,1643) size 90x544
      text run at (11,1643) width 69: "Nulla ligula"
      text run at (11,1659) width 76: "dui, euismod"
      text run at (11,1675) width 62: "et, sodales"
      text run at (11,1691) width 29: "quis,"
      text run at (11,1707) width 67: "sollicitudin"
      text run at (11,1723) width 72: "quis, elit. In"
      text run at (11,1739) width 80: "adipiscing est"
      text run at (11,1755) width 56: "sed enim."
      text run at (11,1771) width 50: "Fusce at"
      text run at (11,1787) width 69: "massa vitae"
      text run at (11,1803) width 81: "metus semper"
      text run at (11,1819) width 58: "hendrerit."
      text run at (11,1835) width 72: "Integer vitae"
      text run at (11,1851) width 68: "urna. Nulla"
      text run at (11,1867) width 64: "eget ligula."
      text run at (11,1883) width 77: "Etiam libero."
      text run at (11,1899) width 83: "Maecenas nisi"
      text run at (11,1915) width 87: "nibh, convallis"
      text run at (11,1931) width 55: "a, feugiat"
      text run at (11,1947) width 85: "vitae, pulvinar"
      text run at (11,1963) width 38: "et, mi."
      text run at (11,1979) width 88: "Curabitur arcu"
      text run at (11,1995) width 30: "pede,"
      text run at (11,2011) width 86: "adipiscing sed,"
      text run at (11,2027) width 70: "egestas nec,"
      text run at (11,2043) width 76: "commodo in,"
      text run at (11,2059) width 59: "elit. Nulla"
      text run at (11,2075) width 78: "facilisi. Proin"
      text run at (11,2091) width 81: "varius pede et"
      text run at (11,2107) width 63: "dui lacinia"
      text run at (11,2123) width 88: "dapibus. Morbi"
      text run at (11,2139) width 63: "nec augue."
      text run at (11,2155) width 90: "Proin imperdiet"
      text run at (11,2171) width 90: "lacus eu tellus."
layer at (197,28) size 125x100 clip at (198,29) size 110x98 scrollHeight 2196
  RenderBlock {DIV} at (189,20) size 125x100 [color=#DCDCDC] [bgcolor=#718D93] [border: (1px solid #D3D3D3)]
    RenderText {#text} at (11,11) size 90x832
      text run at (11,11) width 76: "Lorem ipsum"
      text run at (11,27) width 86: "dolor sit amet,"
      text run at (11,43) width 74: "consectetuer"
      text run at (11,59) width 86: "adipiscing elit."
      text run at (11,75) width 75: "Morbi et nisi"
      text run at (11,91) width 34: "ut est"
      text run at (11,107) width 56: "venenatis"
      text run at (11,123) width 90: "viverra. Aenean"
      text run at (11,139) width 56: "pede orci,"
      text run at (11,155) width 75: "blandit quis,"
      text run at (11,171) width 83: "faucibus quis,"
      text run at (11,187) width 86: "egestas ut, mi."
      text run at (11,203) width 73: "Pellentesque"
      text run at (11,219) width 71: "enim purus,"
      text run at (11,235) width 56: "venenatis"
      text run at (11,251) width 60: "dignissim,"
      text run at (11,267) width 70: "tincidunt a,"
      text run at (11,283) width 70: "ullamcorper"
      text run at (11,299) width 62: "eget, nibh."
      text run at (11,315) width 87: "Nullam ut sem"
      text run at (11,331) width 85: "adipiscing orci"
      text run at (11,347) width 49: "vehicula"
      text run at (11,363) width 58: "interdum."
      text run at (11,379) width 79: "Proin a enim."
      text run at (11,395) width 56: "Phasellus"
      text run at (11,411) width 71: "sollicitudin,"
      text run at (11,427) width 71: "magna vitae"
      text run at (11,443) width 65: "vestibulum"
      text run at (11,459) width 86: "facilisis, tellus"
      text run at (11,475) width 73: "nunc iaculis"
      text run at (11,491) width 46: "arcu, in"
      text run at (11,507) width 76: "molestie sem"
      text run at (11,523) width 72: "velit tempus"
      text run at (11,539) width 86: "est. In eleifend"
      text run at (11,555) width 68: "velit at sem"
      text run at (11,571) width 59: "adipiscing"
      text run at (11,587) width 82: "sodales. Nunc"
      text run at (11,603) width 70: "sapien felis,"
      text run at (11,619) width 67: "aliquam et,"
      text run at (11,635) width 49: "volutpat"
      text run at (11,651) width 52: "rhoncus,"
      text run at (11,667) width 81: "condimentum"
      text run at (11,683) width 59: "ut, tortor."
      text run at (11,699) width 65: "Integer est."
      text run at (11,715) width 49: "Quisque"
      text run at (11,731) width 43: "viverra."
      text run at (11,747) width 73: "Praesent sed"
      text run at (11,763) width 30: "arcu."
      text run at (11,779) width 72: "Maecenas id"
      text run at (11,795) width 65: "lorem a leo"
      text run at (11,811) width 45: "lobortis"
      text run at (11,827) width 89: "condimentum. "
    RenderBR {BR} at (100,839) size 0x0
    RenderBR {BR} at (11,843) size 0x16
    RenderText {#text} at (11,859) size 90x768
      text run at (11,859) width 87: "Cras commodo"
      text run at (11,875) width 85: "rutrum augue."
      text run at (11,891) width 50: "Vivamus"
      text run at (11,907) width 90: "iaculis. Nullam"
      text run at (11,923) width 82: "est. Maecenas"
      text run at (11,939) width 89: "consequat. Sed"
      text run at (11,955) width 38: "id dui."
      text run at (11,971) width 61: "Vivamus a"
      text run at (11,987) width 67: "nisl. Donec"
      text run at (11,1003) width 46: "pretium"
      text run at (11,1019) width 77: "sapien. Proin"
      text run at (11,1035) width 63: "et ligula et"
      text run at (11,1051) width 84: "ligula placerat"
      text run at (11,1067) width 53: "pulvinar."
      text run at (11,1083) width 76: "Aliquam erat"
      text run at (11,1099) width 88: "volutpat. Proin"
      text run at (11,1115) width 36: "id est."
      text run at (11,1131) width 72: "Suspendisse"
      text run at (11,1147) width 86: "cursus, magna"
      text run at (11,1163) width 70: "at hendrerit"
      text run at (11,1179) width 64: "consequat,"
      text run at (11,1195) width 62: "mauris est"
      text run at (11,1211) width 55: "imperdiet"
      text run at (11,1227) width 50: "neque, a"
      text run at (11,1243) width 74: "ultrices arcu"
      text run at (11,1259) width 55: "urna non"
      text run at (11,1275) width 87: "nunc. Quisque"
      text run at (11,1291) width 73: "tellus. Nulla"
      text run at (11,1307) width 69: "nulla justo,"
      text run at (11,1323) width 77: "vehicula nec,"
      text run at (11,1339) width 73: "pellentesque"
      text run at (11,1355) width 80: "eu, iaculis et,"
      text run at (11,1371) width 37: "ligula."
      text run at (11,1387) width 50: "Praesent"
      text run at (11,1403) width 88: "mattis ante vel"
      text run at (11,1419) width 27: "sem."
      text run at (11,1435) width 72: "Suspendisse"
      text run at (11,1451) width 83: "porta rhoncus"
      text run at (11,1467) width 32: "urna."
      text run at (11,1483) width 88: "Phasellus felis."
      text run at (11,1499) width 50: "Praesent"
      text run at (11,1515) width 39: "viverra"
      text run at (11,1531) width 52: "convallis"
      text run at (11,1547) width 37: "libero."
      text run at (11,1563) width 84: "Maecenas non"
      text run at (11,1579) width 80: "augue. Donec"
      text run at (11,1595) width 54: "hendrerit"
      text run at (11,1611) width 87: "lectus id enim."
    RenderBR {BR} at (0,0) size 0x0
    RenderBR {BR} at (11,1627) size 0x16
    RenderText {#text} at (11,1643) size 90x544
      text run at (11,1643) width 69: "Nulla ligula"
      text run at (11,1659) width 76: "dui, euismod"
      text run at (11,1675) width 62: "et, sodales"
      text run at (11,1691) width 29: "quis,"
      text run at (11,1707) width 67: "sollicitudin"
      text run at (11,1723) width 72: "quis, elit. In"
      text run at (11,1739) width 80: "adipiscing est"
      text run at (11,1755) width 56: "sed enim."
      text run at (11,1771) width 50: "Fusce at"
      text run at (11,1787) width 69: "massa vitae"
      text run at (11,1803) width 81: "metus semper"
      text run at (11,1819) width 58: "hendrerit."
      text run at (11,1835) width 72: "Integer vitae"
      text run at (11,1851) width 68: "urna. Nulla"
      text run at (11,1867) width 64: "eget ligula."
      text run at (11,1883) width 77: "Etiam libero."
      text run at (11,1899) width 83: "Maecenas nisi"
      text run at (11,1915) width 87: "nibh, convallis"
      text run at (11,1931) width 55: "a, feugiat"
      text run at (11,1947) width 85: "vitae, pulvinar"
      text run at (11,1963) width 38: "et, mi."
      text run at (11,1979) width 88: "Curabitur arcu"
      text run at (11,1995) width 30: "pede,"
      text run at (11,2011) width 86: "adipiscing sed,"
      text run at (11,2027) width 70: "egestas nec,"
      text run at (11,2043) width 76: "commodo in,"
      text run at (11,2059) width 59: "elit. Nulla"
      text run at (11,2075) width 78: "facilisi. Proin"
      text run at (11,2091) width 81: "varius pede et"
      text run at (11,2107) width 63: "dui lacinia"
      text run at (11,2123) width 88: "dapibus. Morbi"
      text run at (11,2139) width 63: "nec augue."
      text run at (11,2155) width 90: "Proin imperdiet"
      text run at (11,2171) width 90: "lacus eu tellus."
layer at (366,28) size 125x100 clip at (367,29) size 110x85 scrollWidth 420 scrollHeight 468
  RenderBlock {DIV} at (358,20) size 125x100 [color=#DCDCDC] [bgcolor=#718D93] [border: (1px solid #D3D3D3)]
    RenderBlock {DIV} at (1,1) size 420x468
      RenderText {#text} at (10,10) size 399x160
        text run at (10,10) width 387: "Lorem ipsum dolor sit amet, consectetuer adipiscing elit. Morbi et"
        text run at (10,26) width 353: "nisi ut est venenatis viverra. Aenean pede orci, blandit quis,"
        text run at (10,42) width 385: "faucibus quis, egestas ut, mi. Pellentesque enim purus, venenatis"
        text run at (10,58) width 365: "dignissim, tincidunt a, ullamcorper eget, nibh. Nullam ut sem"
        text run at (10,74) width 343: "adipiscing orci vehicula interdum. Proin a enim. Phasellus"
        text run at (10,90) width 382: "sollicitudin, magna vitae vestibulum facilisis, tellus nunc iaculis"
        text run at (10,106) width 364: "arcu, in molestie sem velit tempus est. In eleifend velit at sem"
        text run at (10,122) width 399: "adipiscing sodales. Nunc sapien felis, aliquam et, volutpat rhoncus,"
        text run at (10,138) width 390: "condimentum ut, tortor. Integer est. Quisque viverra. Praesent sed"
        text run at (10,154) width 317: "arcu. Maecenas id lorem a leo lobortis condimentum. "
      RenderBR {BR} at (327,166) size 0x0
      RenderBR {BR} at (10,170) size 0x16
      RenderText {#text} at (10,186) size 395x144
        text run at (10,186) width 349: "Cras commodo rutrum augue. Vivamus iaculis. Nullam est."
        text run at (10,202) width 378: "Maecenas consequat. Sed id dui. Vivamus a nisl. Donec pretium"
        text run at (10,218) width 369: "sapien. Proin et ligula et ligula placerat pulvinar. Aliquam erat"
        text run at (10,234) width 368: "volutpat. Proin id est. Suspendisse cursus, magna at hendrerit"
        text run at (10,250) width 380: "consequat, mauris est imperdiet neque, a ultrices arcu urna non"
        text run at (10,266) width 395: "nunc. Quisque tellus. Nulla nulla justo, vehicula nec, pellentesque"
        text run at (10,282) width 374: "eu, iaculis et, ligula. Praesent mattis ante vel sem. Suspendisse"
        text run at (10,298) width 364: "porta rhoncus urna. Phasellus felis. Praesent viverra convallis"
        text run at (10,314) width 362: "libero. Maecenas non augue. Donec hendrerit lectus id enim. "
      RenderBR {BR} at (372,326) size 0x0
      RenderBR {BR} at (10,330) size 0x16
      RenderText {#text} at (10,346) size 395x112
        text run at (10,346) width 395: "Nulla ligula dui, euismod et, sodales quis, sollicitudin quis, elit. In"
        text run at (10,362) width 352: "adipiscing est sed enim. Fusce at massa vitae metus semper"
        text run at (10,378) width 355: "hendrerit. Integer vitae urna. Nulla eget ligula. Etiam libero."
        text run at (10,394) width 364: "Maecenas nisi nibh, convallis a, feugiat vitae, pulvinar et, mi."
        text run at (10,410) width 393: "Curabitur arcu pede, adipiscing sed, egestas nec, commodo in, elit."
        text run at (10,426) width 382: "Nulla facilisi. Proin varius pede et dui lacinia dapibus. Morbi nec"
        text run at (10,442) width 227: "augue. Proin imperdiet lacus eu tellus."
layer at (535,28) size 125x100 clip at (536,29) size 110x85 scrollHeight 2196
  RenderBlock {DIV} at (527,20) size 125x100 [color=#DCDCDC] [bgcolor=#718D93] [border: (1px solid #D3D3D3)]
    RenderText {#text} at (11,11) size 90x832
      text run at (11,11) width 76: "Lorem ipsum"
      text run at (11,27) width 86: "dolor sit amet,"
      text run at (11,43) width 74: "consectetuer"
      text run at (11,59) width 86: "adipiscing elit."
      text run at (11,75) width 75: "Morbi et nisi"
      text run at (11,91) width 34: "ut est"
      text run at (11,107) width 56: "venenatis"
      text run at (11,123) width 90: "viverra. Aenean"
      text run at (11,139) width 56: "pede orci,"
      text run at (11,155) width 75: "blandit quis,"
      text run at (11,171) width 83: "faucibus quis,"
      text run at (11,187) width 86: "egestas ut, mi."
      text run at (11,203) width 73: "Pellentesque"
      text run at (11,219) width 71: "enim purus,"
      text run at (11,235) width 56: "venenatis"
      text run at (11,251) width 60: "dignissim,"
      text run at (11,267) width 70: "tincidunt a,"
      text run at (11,283) width 70: "ullamcorper"
      text run at (11,299) width 62: "eget, nibh."
      text run at (11,315) width 87: "Nullam ut sem"
      text run at (11,331) width 85: "adipiscing orci"
      text run at (11,347) width 49: "vehicula"
      text run at (11,363) width 58: "interdum."
      text run at (11,379) width 79: "Proin a enim."
      text run at (11,395) width 56: "Phasellus"
      text run at (11,411) width 71: "sollicitudin,"
      text run at (11,427) width 71: "magna vitae"
      text run at (11,443) width 65: "vestibulum"
      text run at (11,459) width 86: "facilisis, tellus"
      text run at (11,475) width 73: "nunc iaculis"
      text run at (11,491) width 46: "arcu, in"
      text run at (11,507) width 76: "molestie sem"
      text run at (11,523) width 72: "velit tempus"
      text run at (11,539) width 86: "est. In eleifend"
      text run at (11,555) width 68: "velit at sem"
      text run at (11,571) width 59: "adipiscing"
      text run at (11,587) width 82: "sodales. Nunc"
      text run at (11,603) width 70: "sapien felis,"
      text run at (11,619) width 67: "aliquam et,"
      text run at (11,635) width 49: "volutpat"
      text run at (11,651) width 52: "rhoncus,"
      text run at (11,667) width 81: "condimentum"
      text run at (11,683) width 59: "ut, tortor."
      text run at (11,699) width 65: "Integer est."
      text run at (11,715) width 49: "Quisque"
      text run at (11,731) width 43: "viverra."
      text run at (11,747) width 73: "Praesent sed"
      text run at (11,763) width 30: "arcu."
      text run at (11,779) width 72: "Maecenas id"
      text run at (11,795) width 65: "lorem a leo"
      text run at (11,811) width 45: "lobortis"
      text run at (11,827) width 89: "condimentum. "
    RenderBR {BR} at (100,839) size 0x0
    RenderBR {BR} at (11,843) size 0x16
    RenderText {#text} at (11,859) size 90x768
      text run at (11,859) width 87: "Cras commodo"
      text run at (11,875) width 85: "rutrum augue."
      text run at (11,891) width 50: "Vivamus"
      text run at (11,907) width 90: "iaculis. Nullam"
      text run at (11,923) width 82: "est. Maecenas"
      text run at (11,939) width 89: "consequat. Sed"
      text run at (11,955) width 38: "id dui."
      text run at (11,971) width 61: "Vivamus a"
      text run at (11,987) width 67: "nisl. Donec"
      text run at (11,1003) width 46: "pretium"
      text run at (11,1019) width 77: "sapien. Proin"
      text run at (11,1035) width 63: "et ligula et"
      text run at (11,1051) width 84: "ligula placerat"
      text run at (11,1067) width 53: "pulvinar."
      text run at (11,1083) width 76: "Aliquam erat"
      text run at (11,1099) width 88: "volutpat. Proin"
      text run at (11,1115) width 36: "id est."
      text run at (11,1131) width 72: "Suspendisse"
      text run at (11,1147) width 86: "cursus, magna"
      text run at (11,1163) width 70: "at hendrerit"
      text run at (11,1179) width 64: "consequat,"
      text run at (11,1195) width 62: "mauris est"
      text run at (11,1211) width 55: "imperdiet"
      text run at (11,1227) width 50: "neque, a"
      text run at (11,1243) width 74: "ultrices arcu"
      text run at (11,1259) width 55: "urna non"
      text run at (11,1275) width 87: "nunc. Quisque"
      text run at (11,1291) width 73: "tellus. Nulla"
      text run at (11,1307) width 69: "nulla justo,"
      text run at (11,1323) width 77: "vehicula nec,"
      text run at (11,1339) width 73: "pellentesque"
      text run at (11,1355) width 80: "eu, iaculis et,"
      text run at (11,1371) width 37: "ligula."
      text run at (11,1387) width 50: "Praesent"
      text run at (11,1403) width 88: "mattis ante vel"
      text run at (11,1419) width 27: "sem."
      text run at (11,1435) width 72: "Suspendisse"
      text run at (11,1451) width 83: "porta rhoncus"
      text run at (11,1467) width 32: "urna."
      text run at (11,1483) width 88: "Phasellus felis."
      text run at (11,1499) width 50: "Praesent"
      text run at (11,1515) width 39: "viverra"
      text run at (11,1531) width 52: "convallis"
      text run at (11,1547) width 37: "libero."
      text run at (11,1563) width 84: "Maecenas non"
      text run at (11,1579) width 80: "augue. Donec"
      text run at (11,1595) width 54: "hendrerit"
      text run at (11,1611) width 87: "lectus id enim."
    RenderBR {BR} at (0,0) size 0x0
    RenderBR {BR} at (11,1627) size 0x16
    RenderText {#text} at (11,1643) size 90x544
      text run at (11,1643) width 69: "Nulla ligula"
      text run at (11,1659) width 76: "dui, euismod"
      text run at (11,1675) width 62: "et, sodales"
      text run at (11,1691) width 29: "quis,"
      text run at (11,1707) width 67: "sollicitudin"
      text run at (11,1723) width 72: "quis, elit. In"
      text run at (11,1739) width 80: "adipiscing est"
      text run at (11,1755) width 56: "sed enim."
      text run at (11,1771) width 50: "Fusce at"
      text run at (11,1787) width 69: "massa vitae"
      text run at (11,1803) width 81: "metus semper"
      text run at (11,1819) width 58: "hendrerit."
      text run at (11,1835) width 72: "Integer vitae"
      text run at (11,1851) width 68: "urna. Nulla"
      text run at (11,1867) width 64: "eget ligula."
      text run at (11,1883) width 77: "Etiam libero."
      text run at (11,1899) width 83: "Maecenas nisi"
      text run at (11,1915) width 87: "nibh, convallis"
      text run at (11,1931) width 55: "a, feugiat"
      text run at (11,1947) width 85: "vitae, pulvinar"
      text run at (11,1963) width 38: "et, mi."
      text run at (11,1979) width 88: "Curabitur arcu"
      text run at (11,1995) width 30: "pede,"
      text run at (11,2011) width 86: "adipiscing sed,"
      text run at (11,2027) width 70: "egestas nec,"
      text run at (11,2043) width 76: "commodo in,"
      text run at (11,2059) width 59: "elit. Nulla"
      text run at (11,2075) width 78: "facilisi. Proin"
      text run at (11,2091) width 81: "varius pede et"
      text run at (11,2107) width 63: "dui lacinia"
      text run at (11,2123) width 88: "dapibus. Morbi"
      text run at (11,2139) width 63: "nec augue."
      text run at (11,2155) width 90: "Proin imperdiet"
      text run at (11,2171) width 90: "lacus eu tellus."
layer at (28,168) size 125x100 clip at (29,169) size 110x98 scrollHeight 2196
  RenderBlock {DIV} at (20,160) size 125x100 [color=#DCDCDC] [bgcolor=#718D93] [border: (1px solid #D3D3D3)]
    RenderText {#text} at (11,11) size 90x832
      text run at (11,11) width 76: "Lorem ipsum"
      text run at (11,27) width 86: "dolor sit amet,"
      text run at (11,43) width 74: "consectetuer"
      text run at (11,59) width 86: "adipiscing elit."
      text run at (11,75) width 75: "Morbi et nisi"
      text run at (11,91) width 34: "ut est"
      text run at (11,107) width 56: "venenatis"
      text run at (11,123) width 90: "viverra. Aenean"
      text run at (11,139) width 56: "pede orci,"
      text run at (11,155) width 75: "blandit quis,"
      text run at (11,171) width 83: "faucibus quis,"
      text run at (11,187) width 86: "egestas ut, mi."
      text run at (11,203) width 73: "Pellentesque"
      text run at (11,219) width 71: "enim purus,"
      text run at (11,235) width 56: "venenatis"
      text run at (11,251) width 60: "dignissim,"
      text run at (11,267) width 70: "tincidunt a,"
      text run at (11,283) width 70: "ullamcorper"
      text run at (11,299) width 62: "eget, nibh."
      text run at (11,315) width 87: "Nullam ut sem"
      text run at (11,331) width 85: "adipiscing orci"
      text run at (11,347) width 49: "vehicula"
      text run at (11,363) width 58: "interdum."
      text run at (11,379) width 79: "Proin a enim."
      text run at (11,395) width 56: "Phasellus"
      text run at (11,411) width 71: "sollicitudin,"
      text run at (11,427) width 71: "magna vitae"
      text run at (11,443) width 65: "vestibulum"
      text run at (11,459) width 86: "facilisis, tellus"
      text run at (11,475) width 73: "nunc iaculis"
      text run at (11,491) width 46: "arcu, in"
      text run at (11,507) width 76: "molestie sem"
      text run at (11,523) width 72: "velit tempus"
      text run at (11,539) width 86: "est. In eleifend"
      text run at (11,555) width 68: "velit at sem"
      text run at (11,571) width 59: "adipiscing"
      text run at (11,587) width 82: "sodales. Nunc"
      text run at (11,603) width 70: "sapien felis,"
      text run at (11,619) width 67: "aliquam et,"
      text run at (11,635) width 49: "volutpat"
      text run at (11,651) width 52: "rhoncus,"
      text run at (11,667) width 81: "condimentum"
      text run at (11,683) width 59: "ut, tortor."
      text run at (11,699) width 65: "Integer est."
      text run at (11,715) width 49: "Quisque"
      text run at (11,731) width 43: "viverra."
      text run at (11,747) width 73: "Praesent sed"
      text run at (11,763) width 30: "arcu."
      text run at (11,779) width 72: "Maecenas id"
      text run at (11,795) width 65: "lorem a leo"
      text run at (11,811) width 45: "lobortis"
      text run at (11,827) width 89: "condimentum. "
    RenderBR {BR} at (100,839) size 0x0
    RenderBR {BR} at (11,843) size 0x16
    RenderText {#text} at (11,859) size 90x768
      text run at (11,859) width 87: "Cras commodo"
      text run at (11,875) width 85: "rutrum augue."
      text run at (11,891) width 50: "Vivamus"
      text run at (11,907) width 90: "iaculis. Nullam"
      text run at (11,923) width 82: "est. Maecenas"
      text run at (11,939) width 89: "consequat. Sed"
      text run at (11,955) width 38: "id dui."
      text run at (11,971) width 61: "Vivamus a"
      text run at (11,987) width 67: "nisl. Donec"
      text run at (11,1003) width 46: "pretium"
      text run at (11,1019) width 77: "sapien. Proin"
      text run at (11,1035) width 63: "et ligula et"
      text run at (11,1051) width 84: "ligula placerat"
      text run at (11,1067) width 53: "pulvinar."
      text run at (11,1083) width 76: "Aliquam erat"
      text run at (11,1099) width 88: "volutpat. Proin"
      text run at (11,1115) width 36: "id est."
      text run at (11,1131) width 72: "Suspendisse"
      text run at (11,1147) width 86: "cursus, magna"
      text run at (11,1163) width 70: "at hendrerit"
      text run at (11,1179) width 64: "consequat,"
      text run at (11,1195) width 62: "mauris est"
      text run at (11,1211) width 55: "imperdiet"
      text run at (11,1227) width 50: "neque, a"
      text run at (11,1243) width 74: "ultrices arcu"
      text run at (11,1259) width 55: "urna non"
      text run at (11,1275) width 87: "nunc. Quisque"
      text run at (11,1291) width 73: "tellus. Nulla"
      text run at (11,1307) width 69: "nulla justo,"
      text run at (11,1323) width 77: "vehicula nec,"
      text run at (11,1339) width 73: "pellentesque"
      text run at (11,1355) width 80: "eu, iaculis et,"
      text run at (11,1371) width 37: "ligula."
      text run at (11,1387) width 50: "Praesent"
      text run at (11,1403) width 88: "mattis ante vel"
      text run at (11,1419) width 27: "sem."
      text run at (11,1435) width 72: "Suspendisse"
      text run at (11,1451) width 83: "porta rhoncus"
      text run at (11,1467) width 32: "urna."
      text run at (11,1483) width 88: "Phasellus felis."
      text run at (11,1499) width 50: "Praesent"
      text run at (11,1515) width 39: "viverra"
      text run at (11,1531) width 52: "convallis"
      text run at (11,1547) width 37: "libero."
      text run at (11,1563) width 84: "Maecenas non"
      text run at (11,1579) width 80: "augue. Donec"
      text run at (11,1595) width 54: "hendrerit"
      text run at (11,1611) width 87: "lectus id enim."
    RenderBR {BR} at (0,0) size 0x0
    RenderBR {BR} at (11,1627) size 0x16
    RenderText {#text} at (11,1643) size 90x544
      text run at (11,1643) width 69: "Nulla ligula"
      text run at (11,1659) width 76: "dui, euismod"
      text run at (11,1675) width 62: "et, sodales"
      text run at (11,1691) width 29: "quis,"
      text run at (11,1707) width 67: "sollicitudin"
      text run at (11,1723) width 72: "quis, elit. In"
      text run at (11,1739) width 80: "adipiscing est"
      text run at (11,1755) width 56: "sed enim."
      text run at (11,1771) width 50: "Fusce at"
      text run at (11,1787) width 69: "massa vitae"
      text run at (11,1803) width 81: "metus semper"
      text run at (11,1819) width 58: "hendrerit."
      text run at (11,1835) width 72: "Integer vitae"
      text run at (11,1851) width 68: "urna. Nulla"
      text run at (11,1867) width 64: "eget ligula."
      text run at (11,1883) width 77: "Etiam libero."
      text run at (11,1899) width 83: "Maecenas nisi"
      text run at (11,1915) width 87: "nibh, convallis"
      text run at (11,1931) width 55: "a, feugiat"
      text run at (11,1947) width 85: "vitae, pulvinar"
      text run at (11,1963) width 38: "et, mi."
      text run at (11,1979) width 88: "Curabitur arcu"
      text run at (11,1995) width 30: "pede,"
      text run at (11,2011) width 86: "adipiscing sed,"
      text run at (11,2027) width 70: "egestas nec,"
      text run at (11,2043) width 76: "commodo in,"
      text run at (11,2059) width 59: "elit. Nulla"
      text run at (11,2075) width 78: "facilisi. Proin"
      text run at (11,2091) width 81: "varius pede et"
      text run at (11,2107) width 63: "dui lacinia"
      text run at (11,2123) width 88: "dapibus. Morbi"
      text run at (11,2139) width 63: "nec augue."
      text run at (11,2155) width 90: "Proin imperdiet"
      text run at (11,2171) width 90: "lacus eu tellus."
layer at (197,168) size 125x100 clip at (198,169) size 110x85 scrollWidth 420 scrollHeight 468
  RenderBlock {DIV} at (189,160) size 125x100 [color=#DCDCDC] [bgcolor=#718D93] [border: (1px solid #D3D3D3)]
    RenderBlock {DIV} at (1,1) size 420x468
      RenderText {#text} at (10,10) size 399x160
        text run at (10,10) width 387: "Lorem ipsum dolor sit amet, consectetuer adipiscing elit. Morbi et"
        text run at (10,26) width 353: "nisi ut est venenatis viverra. Aenean pede orci, blandit quis,"
        text run at (10,42) width 385: "faucibus quis, egestas ut, mi. Pellentesque enim purus, venenatis"
        text run at (10,58) width 365: "dignissim, tincidunt a, ullamcorper eget, nibh. Nullam ut sem"
        text run at (10,74) width 343: "adipiscing orci vehicula interdum. Proin a enim. Phasellus"
        text run at (10,90) width 382: "sollicitudin, magna vitae vestibulum facilisis, tellus nunc iaculis"
        text run at (10,106) width 364: "arcu, in molestie sem velit tempus est. In eleifend velit at sem"
        text run at (10,122) width 399: "adipiscing sodales. Nunc sapien felis, aliquam et, volutpat rhoncus,"
        text run at (10,138) width 390: "condimentum ut, tortor. Integer est. Quisque viverra. Praesent sed"
        text run at (10,154) width 317: "arcu. Maecenas id lorem a leo lobortis condimentum. "
      RenderBR {BR} at (327,166) size 0x0
      RenderBR {BR} at (10,170) size 0x16
      RenderText {#text} at (10,186) size 395x144
        text run at (10,186) width 349: "Cras commodo rutrum augue. Vivamus iaculis. Nullam est."
        text run at (10,202) width 378: "Maecenas consequat. Sed id dui. Vivamus a nisl. Donec pretium"
        text run at (10,218) width 369: "sapien. Proin et ligula et ligula placerat pulvinar. Aliquam erat"
        text run at (10,234) width 368: "volutpat. Proin id est. Suspendisse cursus, magna at hendrerit"
        text run at (10,250) width 380: "consequat, mauris est imperdiet neque, a ultrices arcu urna non"
        text run at (10,266) width 395: "nunc. Quisque tellus. Nulla nulla justo, vehicula nec, pellentesque"
        text run at (10,282) width 374: "eu, iaculis et, ligula. Praesent mattis ante vel sem. Suspendisse"
        text run at (10,298) width 364: "porta rhoncus urna. Phasellus felis. Praesent viverra convallis"
        text run at (10,314) width 362: "libero. Maecenas non augue. Donec hendrerit lectus id enim. "
      RenderBR {BR} at (372,326) size 0x0
      RenderBR {BR} at (10,330) size 0x16
      RenderText {#text} at (10,346) size 395x112
        text run at (10,346) width 395: "Nulla ligula dui, euismod et, sodales quis, sollicitudin quis, elit. In"
        text run at (10,362) width 352: "adipiscing est sed enim. Fusce at massa vitae metus semper"
        text run at (10,378) width 355: "hendrerit. Integer vitae urna. Nulla eget ligula. Etiam libero."
        text run at (10,394) width 364: "Maecenas nisi nibh, convallis a, feugiat vitae, pulvinar et, mi."
        text run at (10,410) width 393: "Curabitur arcu pede, adipiscing sed, egestas nec, commodo in, elit."
        text run at (10,426) width 382: "Nulla facilisi. Proin varius pede et dui lacinia dapibus. Morbi nec"
        text run at (10,442) width 227: "augue. Proin imperdiet lacus eu tellus."
layer at (366,168) size 125x100 clip at (367,169) size 110x98 scrollHeight 2196
  RenderBlock {DIV} at (358,160) size 125x100 [color=#DCDCDC] [bgcolor=#718D93] [border: (1px solid #D3D3D3)]
    RenderText {#text} at (11,11) size 90x832
      text run at (11,11) width 76: "Lorem ipsum"
      text run at (11,27) width 86: "dolor sit amet,"
      text run at (11,43) width 74: "consectetuer"
      text run at (11,59) width 86: "adipiscing elit."
      text run at (11,75) width 75: "Morbi et nisi"
      text run at (11,91) width 34: "ut est"
      text run at (11,107) width 56: "venenatis"
      text run at (11,123) width 90: "viverra. Aenean"
      text run at (11,139) width 56: "pede orci,"
      text run at (11,155) width 75: "blandit quis,"
      text run at (11,171) width 83: "faucibus quis,"
      text run at (11,187) width 86: "egestas ut, mi."
      text run at (11,203) width 73: "Pellentesque"
      text run at (11,219) width 71: "enim purus,"
      text run at (11,235) width 56: "venenatis"
      text run at (11,251) width 60: "dignissim,"
      text run at (11,267) width 70: "tincidunt a,"
      text run at (11,283) width 70: "ullamcorper"
      text run at (11,299) width 62: "eget, nibh."
      text run at (11,315) width 87: "Nullam ut sem"
      text run at (11,331) width 85: "adipiscing orci"
      text run at (11,347) width 49: "vehicula"
      text run at (11,363) width 58: "interdum."
      text run at (11,379) width 79: "Proin a enim."
      text run at (11,395) width 56: "Phasellus"
      text run at (11,411) width 71: "sollicitudin,"
      text run at (11,427) width 71: "magna vitae"
      text run at (11,443) width 65: "vestibulum"
      text run at (11,459) width 86: "facilisis, tellus"
      text run at (11,475) width 73: "nunc iaculis"
      text run at (11,491) width 46: "arcu, in"
      text run at (11,507) width 76: "molestie sem"
      text run at (11,523) width 72: "velit tempus"
      text run at (11,539) width 86: "est. In eleifend"
      text run at (11,555) width 68: "velit at sem"
      text run at (11,571) width 59: "adipiscing"
      text run at (11,587) width 82: "sodales. Nunc"
      text run at (11,603) width 70: "sapien felis,"
      text run at (11,619) width 67: "aliquam et,"
      text run at (11,635) width 49: "volutpat"
      text run at (11,651) width 52: "rhoncus,"
      text run at (11,667) width 81: "condimentum"
      text run at (11,683) width 59: "ut, tortor."
      text run at (11,699) width 65: "Integer est."
      text run at (11,715) width 49: "Quisque"
      text run at (11,731) width 43: "viverra."
      text run at (11,747) width 73: "Praesent sed"
      text run at (11,763) width 30: "arcu."
      text run at (11,779) width 72: "Maecenas id"
      text run at (11,795) width 65: "lorem a leo"
      text run at (11,811) width 45: "lobortis"
      text run at (11,827) width 89: "condimentum. "
    RenderBR {BR} at (100,839) size 0x0
    RenderBR {BR} at (11,843) size 0x16
    RenderText {#text} at (11,859) size 90x768
      text run at (11,859) width 87: "Cras commodo"
      text run at (11,875) width 85: "rutrum augue."
      text run at (11,891) width 50: "Vivamus"
      text run at (11,907) width 90: "iaculis. Nullam"
      text run at (11,923) width 82: "est. Maecenas"
      text run at (11,939) width 89: "consequat. Sed"
      text run at (11,955) width 38: "id dui."
      text run at (11,971) width 61: "Vivamus a"
      text run at (11,987) width 67: "nisl. Donec"
      text run at (11,1003) width 46: "pretium"
      text run at (11,1019) width 77: "sapien. Proin"
      text run at (11,1035) width 63: "et ligula et"
      text run at (11,1051) width 84: "ligula placerat"
      text run at (11,1067) width 53: "pulvinar."
      text run at (11,1083) width 76: "Aliquam erat"
      text run at (11,1099) width 88: "volutpat. Proin"
      text run at (11,1115) width 36: "id est."
      text run at (11,1131) width 72: "Suspendisse"
      text run at (11,1147) width 86: "cursus, magna"
      text run at (11,1163) width 70: "at hendrerit"
      text run at (11,1179) width 64: "consequat,"
      text run at (11,1195) width 62: "mauris est"
      text run at (11,1211) width 55: "imperdiet"
      text run at (11,1227) width 50: "neque, a"
      text run at (11,1243) width 74: "ultrices arcu"
      text run at (11,1259) width 55: "urna non"
      text run at (11,1275) width 87: "nunc. Quisque"
      text run at (11,1291) width 73: "tellus. Nulla"
      text run at (11,1307) width 69: "nulla justo,"
      text run at (11,1323) width 77: "vehicula nec,"
      text run at (11,1339) width 73: "pellentesque"
      text run at (11,1355) width 80: "eu, iaculis et,"
      text run at (11,1371) width 37: "ligula."
      text run at (11,1387) width 50: "Praesent"
      text run at (11,1403) width 88: "mattis ante vel"
      text run at (11,1419) width 27: "sem."
      text run at (11,1435) width 72: "Suspendisse"
      text run at (11,1451) width 83: "porta rhoncus"
      text run at (11,1467) width 32: "urna."
      text run at (11,1483) width 88: "Phasellus felis."
      text run at (11,1499) width 50: "Praesent"
      text run at (11,1515) width 39: "viverra"
      text run at (11,1531) width 52: "convallis"
      text run at (11,1547) width 37: "libero."
      text run at (11,1563) width 84: "Maecenas non"
      text run at (11,1579) width 80: "augue. Donec"
      text run at (11,1595) width 54: "hendrerit"
      text run at (11,1611) width 87: "lectus id enim."
    RenderBR {BR} at (0,0) size 0x0
    RenderBR {BR} at (11,1627) size 0x16
    RenderText {#text} at (11,1643) size 90x544
      text run at (11,1643) width 69: "Nulla ligula"
      text run at (11,1659) width 76: "dui, euismod"
      text run at (11,1675) width 62: "et, sodales"
      text run at (11,1691) width 29: "quis,"
      text run at (11,1707) width 67: "sollicitudin"
      text run at (11,1723) width 72: "quis, elit. In"
      text run at (11,1739) width 80: "adipiscing est"
      text run at (11,1755) width 56: "sed enim."
      text run at (11,1771) width 50: "Fusce at"
      text run at (11,1787) width 69: "massa vitae"
      text run at (11,1803) width 81: "metus semper"
      text run at (11,1819) width 58: "hendrerit."
      text run at (11,1835) width 72: "Integer vitae"
      text run at (11,1851) width 68: "urna. Nulla"
      text run at (11,1867) width 64: "eget ligula."
      text run at (11,1883) width 77: "Etiam libero."
      text run at (11,1899) width 83: "Maecenas nisi"
      text run at (11,1915) width 87: "nibh, convallis"
      text run at (11,1931) width 55: "a, feugiat"
      text run at (11,1947) width 85: "vitae, pulvinar"
      text run at (11,1963) width 38: "et, mi."
      text run at (11,1979) width 88: "Curabitur arcu"
      text run at (11,1995) width 30: "pede,"
      text run at (11,2011) width 86: "adipiscing sed,"
      text run at (11,2027) width 70: "egestas nec,"
      text run at (11,2043) width 76: "commodo in,"
      text run at (11,2059) width 59: "elit. Nulla"
      text run at (11,2075) width 78: "facilisi. Proin"
      text run at (11,2091) width 81: "varius pede et"
      text run at (11,2107) width 63: "dui lacinia"
      text run at (11,2123) width 88: "dapibus. Morbi"
      text run at (11,2139) width 63: "nec augue."
      text run at (11,2155) width 90: "Proin imperdiet"
      text run at (11,2171) width 90: "lacus eu tellus."
layer at (535,168) size 125x100 clip at (536,169) size 123x85 scrollWidth 420 scrollHeight 180
  RenderBlock {DIV} at (527,160) size 125x100 [color=#DCDCDC] [bgcolor=#718D93] [border: (1px solid #D3D3D3)]
    RenderBlock {DIV} at (1,1) size 420x180
      RenderText {#text} at (10,10) size 399x160
        text run at (10,10) width 387: "Lorem ipsum dolor sit amet, consectetuer adipiscing elit. Morbi et"
        text run at (10,26) width 353: "nisi ut est venenatis viverra. Aenean pede orci, blandit quis,"
        text run at (10,42) width 385: "faucibus quis, egestas ut, mi. Pellentesque enim purus, venenatis"
        text run at (10,58) width 365: "dignissim, tincidunt a, ullamcorper eget, nibh. Nullam ut sem"
        text run at (10,74) width 343: "adipiscing orci vehicula interdum. Proin a enim. Phasellus"
        text run at (10,90) width 382: "sollicitudin, magna vitae vestibulum facilisis, tellus nunc iaculis"
        text run at (10,106) width 364: "arcu, in molestie sem velit tempus est. In eleifend velit at sem"
        text run at (10,122) width 399: "adipiscing sodales. Nunc sapien felis, aliquam et, volutpat rhoncus,"
        text run at (10,138) width 390: "condimentum ut, tortor. Integer est. Quisque viverra. Praesent sed"
        text run at (10,154) width 313: "arcu. Maecenas id lorem a leo lobortis condimentum."
layer at (28,308) size 125x100 clip at (29,309) size 110x98 scrollHeight 2196
  RenderBlock {DIV} at (20,300) size 125x100 [color=#DCDCDC] [bgcolor=#718D93] [border: (1px solid #D3D3D3)]
    RenderText {#text} at (11,11) size 90x832
      text run at (11,11) width 76: "Lorem ipsum"
      text run at (11,27) width 86: "dolor sit amet,"
      text run at (11,43) width 74: "consectetuer"
      text run at (11,59) width 86: "adipiscing elit."
      text run at (11,75) width 75: "Morbi et nisi"
      text run at (11,91) width 34: "ut est"
      text run at (11,107) width 56: "venenatis"
      text run at (11,123) width 90: "viverra. Aenean"
      text run at (11,139) width 56: "pede orci,"
      text run at (11,155) width 75: "blandit quis,"
      text run at (11,171) width 83: "faucibus quis,"
      text run at (11,187) width 86: "egestas ut, mi."
      text run at (11,203) width 73: "Pellentesque"
      text run at (11,219) width 71: "enim purus,"
      text run at (11,235) width 56: "venenatis"
      text run at (11,251) width 60: "dignissim,"
      text run at (11,267) width 70: "tincidunt a,"
      text run at (11,283) width 70: "ullamcorper"
      text run at (11,299) width 62: "eget, nibh."
      text run at (11,315) width 87: "Nullam ut sem"
      text run at (11,331) width 85: "adipiscing orci"
      text run at (11,347) width 49: "vehicula"
      text run at (11,363) width 58: "interdum."
      text run at (11,379) width 79: "Proin a enim."
      text run at (11,395) width 56: "Phasellus"
      text run at (11,411) width 71: "sollicitudin,"
      text run at (11,427) width 71: "magna vitae"
      text run at (11,443) width 65: "vestibulum"
      text run at (11,459) width 86: "facilisis, tellus"
      text run at (11,475) width 73: "nunc iaculis"
      text run at (11,491) width 46: "arcu, in"
      text run at (11,507) width 76: "molestie sem"
      text run at (11,523) width 72: "velit tempus"
      text run at (11,539) width 86: "est. In eleifend"
      text run at (11,555) width 68: "velit at sem"
      text run at (11,571) width 59: "adipiscing"
      text run at (11,587) width 82: "sodales. Nunc"
      text run at (11,603) width 70: "sapien felis,"
      text run at (11,619) width 67: "aliquam et,"
      text run at (11,635) width 49: "volutpat"
      text run at (11,651) width 52: "rhoncus,"
      text run at (11,667) width 81: "condimentum"
      text run at (11,683) width 59: "ut, tortor."
      text run at (11,699) width 65: "Integer est."
      text run at (11,715) width 49: "Quisque"
      text run at (11,731) width 43: "viverra."
      text run at (11,747) width 73: "Praesent sed"
      text run at (11,763) width 30: "arcu."
      text run at (11,779) width 72: "Maecenas id"
      text run at (11,795) width 65: "lorem a leo"
      text run at (11,811) width 45: "lobortis"
      text run at (11,827) width 89: "condimentum. "
    RenderBR {BR} at (100,839) size 0x0
    RenderBR {BR} at (11,843) size 0x16
    RenderText {#text} at (11,859) size 90x768
      text run at (11,859) width 87: "Cras commodo"
      text run at (11,875) width 85: "rutrum augue."
      text run at (11,891) width 50: "Vivamus"
      text run at (11,907) width 90: "iaculis. Nullam"
      text run at (11,923) width 82: "est. Maecenas"
      text run at (11,939) width 89: "consequat. Sed"
      text run at (11,955) width 38: "id dui."
      text run at (11,971) width 61: "Vivamus a"
      text run at (11,987) width 67: "nisl. Donec"
      text run at (11,1003) width 46: "pretium"
      text run at (11,1019) width 77: "sapien. Proin"
      text run at (11,1035) width 63: "et ligula et"
      text run at (11,1051) width 84: "ligula placerat"
      text run at (11,1067) width 53: "pulvinar."
      text run at (11,1083) width 76: "Aliquam erat"
      text run at (11,1099) width 88: "volutpat. Proin"
      text run at (11,1115) width 36: "id est."
      text run at (11,1131) width 72: "Suspendisse"
      text run at (11,1147) width 86: "cursus, magna"
      text run at (11,1163) width 70: "at hendrerit"
      text run at (11,1179) width 64: "consequat,"
      text run at (11,1195) width 62: "mauris est"
      text run at (11,1211) width 55: "imperdiet"
      text run at (11,1227) width 50: "neque, a"
      text run at (11,1243) width 74: "ultrices arcu"
      text run at (11,1259) width 55: "urna non"
      text run at (11,1275) width 87: "nunc. Quisque"
      text run at (11,1291) width 73: "tellus. Nulla"
      text run at (11,1307) width 69: "nulla justo,"
      text run at (11,1323) width 77: "vehicula nec,"
      text run at (11,1339) width 73: "pellentesque"
      text run at (11,1355) width 80: "eu, iaculis et,"
      text run at (11,1371) width 37: "ligula."
      text run at (11,1387) width 50: "Praesent"
      text run at (11,1403) width 88: "mattis ante vel"
      text run at (11,1419) width 27: "sem."
      text run at (11,1435) width 72: "Suspendisse"
      text run at (11,1451) width 83: "porta rhoncus"
      text run at (11,1467) width 32: "urna."
      text run at (11,1483) width 88: "Phasellus felis."
      text run at (11,1499) width 50: "Praesent"
      text run at (11,1515) width 39: "viverra"
      text run at (11,1531) width 52: "convallis"
      text run at (11,1547) width 37: "libero."
      text run at (11,1563) width 84: "Maecenas non"
      text run at (11,1579) width 80: "augue. Donec"
      text run at (11,1595) width 54: "hendrerit"
      text run at (11,1611) width 87: "lectus id enim."
    RenderBR {BR} at (0,0) size 0x0
    RenderBR {BR} at (11,1627) size 0x16
    RenderText {#text} at (11,1643) size 90x544
      text run at (11,1643) width 69: "Nulla ligula"
      text run at (11,1659) width 76: "dui, euismod"
      text run at (11,1675) width 62: "et, sodales"
      text run at (11,1691) width 29: "quis,"
      text run at (11,1707) width 67: "sollicitudin"
      text run at (11,1723) width 72: "quis, elit. In"
      text run at (11,1739) width 80: "adipiscing est"
      text run at (11,1755) width 56: "sed enim."
      text run at (11,1771) width 50: "Fusce at"
      text run at (11,1787) width 69: "massa vitae"
      text run at (11,1803) width 81: "metus semper"
      text run at (11,1819) width 58: "hendrerit."
      text run at (11,1835) width 72: "Integer vitae"
      text run at (11,1851) width 68: "urna. Nulla"
      text run at (11,1867) width 64: "eget ligula."
      text run at (11,1883) width 77: "Etiam libero."
      text run at (11,1899) width 83: "Maecenas nisi"
      text run at (11,1915) width 87: "nibh, convallis"
      text run at (11,1931) width 55: "a, feugiat"
      text run at (11,1947) width 85: "vitae, pulvinar"
      text run at (11,1963) width 38: "et, mi."
      text run at (11,1979) width 88: "Curabitur arcu"
      text run at (11,1995) width 30: "pede,"
      text run at (11,2011) width 86: "adipiscing sed,"
      text run at (11,2027) width 70: "egestas nec,"
      text run at (11,2043) width 76: "commodo in,"
      text run at (11,2059) width 59: "elit. Nulla"
      text run at (11,2075) width 78: "facilisi. Proin"
      text run at (11,2091) width 81: "varius pede et"
      text run at (11,2107) width 63: "dui lacinia"
      text run at (11,2123) width 88: "dapibus. Morbi"
      text run at (11,2139) width 63: "nec augue."
      text run at (11,2155) width 90: "Proin imperdiet"
      text run at (11,2171) width 90: "lacus eu tellus."
layer at (197,308) size 125x100 clip at (198,309) size 123x85 scrollWidth 420 scrollHeight 180
  RenderBlock {DIV} at (189,300) size 125x100 [color=#DCDCDC] [bgcolor=#718D93] [border: (1px solid #D3D3D3)]
    RenderBlock {DIV} at (1,1) size 420x180
      RenderText {#text} at (10,10) size 399x160
        text run at (10,10) width 387: "Lorem ipsum dolor sit amet, consectetuer adipiscing elit. Morbi et"
        text run at (10,26) width 353: "nisi ut est venenatis viverra. Aenean pede orci, blandit quis,"
        text run at (10,42) width 385: "faucibus quis, egestas ut, mi. Pellentesque enim purus, venenatis"
        text run at (10,58) width 365: "dignissim, tincidunt a, ullamcorper eget, nibh. Nullam ut sem"
        text run at (10,74) width 343: "adipiscing orci vehicula interdum. Proin a enim. Phasellus"
        text run at (10,90) width 382: "sollicitudin, magna vitae vestibulum facilisis, tellus nunc iaculis"
        text run at (10,106) width 364: "arcu, in molestie sem velit tempus est. In eleifend velit at sem"
        text run at (10,122) width 399: "adipiscing sodales. Nunc sapien felis, aliquam et, volutpat rhoncus,"
        text run at (10,138) width 390: "condimentum ut, tortor. Integer est. Quisque viverra. Praesent sed"
        text run at (10,154) width 313: "arcu. Maecenas id lorem a leo lobortis condimentum."
layer at (366,308) size 125x100 clip at (367,309) size 110x85 scrollWidth 420 scrollHeight 468
  RenderBlock {DIV} at (358,300) size 125x100 [color=#DCDCDC] [bgcolor=#718D93] [border: (1px solid #D3D3D3)]
    RenderBlock {DIV} at (1,1) size 420x468
      RenderText {#text} at (10,10) size 399x160
        text run at (10,10) width 387: "Lorem ipsum dolor sit amet, consectetuer adipiscing elit. Morbi et"
        text run at (10,26) width 353: "nisi ut est venenatis viverra. Aenean pede orci, blandit quis,"
        text run at (10,42) width 385: "faucibus quis, egestas ut, mi. Pellentesque enim purus, venenatis"
        text run at (10,58) width 365: "dignissim, tincidunt a, ullamcorper eget, nibh. Nullam ut sem"
        text run at (10,74) width 343: "adipiscing orci vehicula interdum. Proin a enim. Phasellus"
        text run at (10,90) width 382: "sollicitudin, magna vitae vestibulum facilisis, tellus nunc iaculis"
        text run at (10,106) width 364: "arcu, in molestie sem velit tempus est. In eleifend velit at sem"
        text run at (10,122) width 399: "adipiscing sodales. Nunc sapien felis, aliquam et, volutpat rhoncus,"
        text run at (10,138) width 390: "condimentum ut, tortor. Integer est. Quisque viverra. Praesent sed"
        text run at (10,154) width 317: "arcu. Maecenas id lorem a leo lobortis condimentum. "
      RenderBR {BR} at (327,166) size 0x0
      RenderBR {BR} at (10,170) size 0x16
      RenderText {#text} at (10,186) size 395x144
        text run at (10,186) width 349: "Cras commodo rutrum augue. Vivamus iaculis. Nullam est."
        text run at (10,202) width 378: "Maecenas consequat. Sed id dui. Vivamus a nisl. Donec pretium"
        text run at (10,218) width 369: "sapien. Proin et ligula et ligula placerat pulvinar. Aliquam erat"
        text run at (10,234) width 368: "volutpat. Proin id est. Suspendisse cursus, magna at hendrerit"
        text run at (10,250) width 380: "consequat, mauris est imperdiet neque, a ultrices arcu urna non"
        text run at (10,266) width 395: "nunc. Quisque tellus. Nulla nulla justo, vehicula nec, pellentesque"
        text run at (10,282) width 374: "eu, iaculis et, ligula. Praesent mattis ante vel sem. Suspendisse"
        text run at (10,298) width 364: "porta rhoncus urna. Phasellus felis. Praesent viverra convallis"
        text run at (10,314) width 362: "libero. Maecenas non augue. Donec hendrerit lectus id enim. "
      RenderBR {BR} at (372,326) size 0x0
      RenderBR {BR} at (10,330) size 0x16
      RenderText {#text} at (10,346) size 395x112
        text run at (10,346) width 395: "Nulla ligula dui, euismod et, sodales quis, sollicitudin quis, elit. In"
        text run at (10,362) width 352: "adipiscing est sed enim. Fusce at massa vitae metus semper"
        text run at (10,378) width 355: "hendrerit. Integer vitae urna. Nulla eget ligula. Etiam libero."
        text run at (10,394) width 364: "Maecenas nisi nibh, convallis a, feugiat vitae, pulvinar et, mi."
        text run at (10,410) width 393: "Curabitur arcu pede, adipiscing sed, egestas nec, commodo in, elit."
        text run at (10,426) width 382: "Nulla facilisi. Proin varius pede et dui lacinia dapibus. Morbi nec"
        text run at (10,442) width 227: "augue. Proin imperdiet lacus eu tellus."
layer at (535,308) size 125x100 clip at (536,309) size 110x85 scrollWidth 420 scrollHeight 468
  RenderBlock {DIV} at (527,300) size 125x100 [color=#DCDCDC] [bgcolor=#718D93] [border: (1px solid #D3D3D3)]
    RenderBlock {DIV} at (1,1) size 420x468
      RenderText {#text} at (10,10) size 399x160
        text run at (10,10) width 387: "Lorem ipsum dolor sit amet, consectetuer adipiscing elit. Morbi et"
        text run at (10,26) width 353: "nisi ut est venenatis viverra. Aenean pede orci, blandit quis,"
        text run at (10,42) width 385: "faucibus quis, egestas ut, mi. Pellentesque enim purus, venenatis"
        text run at (10,58) width 365: "dignissim, tincidunt a, ullamcorper eget, nibh. Nullam ut sem"
        text run at (10,74) width 343: "adipiscing orci vehicula interdum. Proin a enim. Phasellus"
        text run at (10,90) width 382: "sollicitudin, magna vitae vestibulum facilisis, tellus nunc iaculis"
        text run at (10,106) width 364: "arcu, in molestie sem velit tempus est. In eleifend velit at sem"
        text run at (10,122) width 399: "adipiscing sodales. Nunc sapien felis, aliquam et, volutpat rhoncus,"
        text run at (10,138) width 390: "condimentum ut, tortor. Integer est. Quisque viverra. Praesent sed"
        text run at (10,154) width 317: "arcu. Maecenas id lorem a leo lobortis condimentum. "
      RenderBR {BR} at (327,166) size 0x0
      RenderBR {BR} at (10,170) size 0x16
      RenderText {#text} at (10,186) size 395x144
        text run at (10,186) width 349: "Cras commodo rutrum augue. Vivamus iaculis. Nullam est."
        text run at (10,202) width 378: "Maecenas consequat. Sed id dui. Vivamus a nisl. Donec pretium"
        text run at (10,218) width 369: "sapien. Proin et ligula et ligula placerat pulvinar. Aliquam erat"
        text run at (10,234) width 368: "volutpat. Proin id est. Suspendisse cursus, magna at hendrerit"
        text run at (10,250) width 380: "consequat, mauris est imperdiet neque, a ultrices arcu urna non"
        text run at (10,266) width 395: "nunc. Quisque tellus. Nulla nulla justo, vehicula nec, pellentesque"
        text run at (10,282) width 374: "eu, iaculis et, ligula. Praesent mattis ante vel sem. Suspendisse"
        text run at (10,298) width 364: "porta rhoncus urna. Phasellus felis. Praesent viverra convallis"
        text run at (10,314) width 362: "libero. Maecenas non augue. Donec hendrerit lectus id enim. "
      RenderBR {BR} at (372,326) size 0x0
      RenderBR {BR} at (10,330) size 0x16
      RenderText {#text} at (10,346) size 395x112
        text run at (10,346) width 395: "Nulla ligula dui, euismod et, sodales quis, sollicitudin quis, elit. In"
        text run at (10,362) width 352: "adipiscing est sed enim. Fusce at massa vitae metus semper"
        text run at (10,378) width 355: "hendrerit. Integer vitae urna. Nulla eget ligula. Etiam libero."
        text run at (10,394) width 364: "Maecenas nisi nibh, convallis a, feugiat vitae, pulvinar et, mi."
        text run at (10,410) width 393: "Curabitur arcu pede, adipiscing sed, egestas nec, commodo in, elit."
        text run at (10,426) width 382: "Nulla facilisi. Proin varius pede et dui lacinia dapibus. Morbi nec"
        text run at (10,442) width 227: "augue. Proin imperdiet lacus eu tellus."
layer at (28,448) size 125x100 clip at (29,449) size 110x85 scrollWidth 420 scrollHeight 468
  RenderBlock {DIV} at (20,440) size 125x100 [color=#DCDCDC] [bgcolor=#718D93] [border: (1px solid #D3D3D3)]
    RenderBlock {DIV} at (1,1) size 420x468
      RenderText {#text} at (10,10) size 399x160
        text run at (10,10) width 387: "Lorem ipsum dolor sit amet, consectetuer adipiscing elit. Morbi et"
        text run at (10,26) width 353: "nisi ut est venenatis viverra. Aenean pede orci, blandit quis,"
        text run at (10,42) width 385: "faucibus quis, egestas ut, mi. Pellentesque enim purus, venenatis"
        text run at (10,58) width 365: "dignissim, tincidunt a, ullamcorper eget, nibh. Nullam ut sem"
        text run at (10,74) width 343: "adipiscing orci vehicula interdum. Proin a enim. Phasellus"
        text run at (10,90) width 382: "sollicitudin, magna vitae vestibulum facilisis, tellus nunc iaculis"
        text run at (10,106) width 364: "arcu, in molestie sem velit tempus est. In eleifend velit at sem"
        text run at (10,122) width 399: "adipiscing sodales. Nunc sapien felis, aliquam et, volutpat rhoncus,"
        text run at (10,138) width 390: "condimentum ut, tortor. Integer est. Quisque viverra. Praesent sed"
        text run at (10,154) width 317: "arcu. Maecenas id lorem a leo lobortis condimentum. "
      RenderBR {BR} at (327,166) size 0x0
      RenderBR {BR} at (10,170) size 0x16
      RenderText {#text} at (10,186) size 395x144
        text run at (10,186) width 349: "Cras commodo rutrum augue. Vivamus iaculis. Nullam est."
        text run at (10,202) width 378: "Maecenas consequat. Sed id dui. Vivamus a nisl. Donec pretium"
        text run at (10,218) width 369: "sapien. Proin et ligula et ligula placerat pulvinar. Aliquam erat"
        text run at (10,234) width 368: "volutpat. Proin id est. Suspendisse cursus, magna at hendrerit"
        text run at (10,250) width 380: "consequat, mauris est imperdiet neque, a ultrices arcu urna non"
        text run at (10,266) width 395: "nunc. Quisque tellus. Nulla nulla justo, vehicula nec, pellentesque"
        text run at (10,282) width 374: "eu, iaculis et, ligula. Praesent mattis ante vel sem. Suspendisse"
        text run at (10,298) width 364: "porta rhoncus urna. Phasellus felis. Praesent viverra convallis"
        text run at (10,314) width 362: "libero. Maecenas non augue. Donec hendrerit lectus id enim. "
      RenderBR {BR} at (372,326) size 0x0
      RenderBR {BR} at (10,330) size 0x16
      RenderText {#text} at (10,346) size 395x112
        text run at (10,346) width 395: "Nulla ligula dui, euismod et, sodales quis, sollicitudin quis, elit. In"
        text run at (10,362) width 352: "adipiscing est sed enim. Fusce at massa vitae metus semper"
        text run at (10,378) width 355: "hendrerit. Integer vitae urna. Nulla eget ligula. Etiam libero."
        text run at (10,394) width 364: "Maecenas nisi nibh, convallis a, feugiat vitae, pulvinar et, mi."
        text run at (10,410) width 393: "Curabitur arcu pede, adipiscing sed, egestas nec, commodo in, elit."
        text run at (10,426) width 382: "Nulla facilisi. Proin varius pede et dui lacinia dapibus. Morbi nec"
        text run at (10,442) width 227: "augue. Proin imperdiet lacus eu tellus."
layer at (197,448) size 125x100 clip at (198,449) size 110x85 scrollWidth 420 scrollHeight 468
  RenderBlock {DIV} at (189,440) size 125x100 [color=#DCDCDC] [bgcolor=#718D93] [border: (1px solid #D3D3D3)]
    RenderBlock {DIV} at (1,1) size 420x468
      RenderText {#text} at (10,10) size 399x160
        text run at (10,10) width 387: "Lorem ipsum dolor sit amet, consectetuer adipiscing elit. Morbi et"
        text run at (10,26) width 353: "nisi ut est venenatis viverra. Aenean pede orci, blandit quis,"
        text run at (10,42) width 385: "faucibus quis, egestas ut, mi. Pellentesque enim purus, venenatis"
        text run at (10,58) width 365: "dignissim, tincidunt a, ullamcorper eget, nibh. Nullam ut sem"
        text run at (10,74) width 343: "adipiscing orci vehicula interdum. Proin a enim. Phasellus"
        text run at (10,90) width 382: "sollicitudin, magna vitae vestibulum facilisis, tellus nunc iaculis"
        text run at (10,106) width 364: "arcu, in molestie sem velit tempus est. In eleifend velit at sem"
        text run at (10,122) width 399: "adipiscing sodales. Nunc sapien felis, aliquam et, volutpat rhoncus,"
        text run at (10,138) width 390: "condimentum ut, tortor. Integer est. Quisque viverra. Praesent sed"
        text run at (10,154) width 317: "arcu. Maecenas id lorem a leo lobortis condimentum. "
      RenderBR {BR} at (327,166) size 0x0
      RenderBR {BR} at (10,170) size 0x16
      RenderText {#text} at (10,186) size 395x144
        text run at (10,186) width 349: "Cras commodo rutrum augue. Vivamus iaculis. Nullam est."
        text run at (10,202) width 378: "Maecenas consequat. Sed id dui. Vivamus a nisl. Donec pretium"
        text run at (10,218) width 369: "sapien. Proin et ligula et ligula placerat pulvinar. Aliquam erat"
        text run at (10,234) width 368: "volutpat. Proin id est. Suspendisse cursus, magna at hendrerit"
        text run at (10,250) width 380: "consequat, mauris est imperdiet neque, a ultrices arcu urna non"
        text run at (10,266) width 395: "nunc. Quisque tellus. Nulla nulla justo, vehicula nec, pellentesque"
        text run at (10,282) width 374: "eu, iaculis et, ligula. Praesent mattis ante vel sem. Suspendisse"
        text run at (10,298) width 364: "porta rhoncus urna. Phasellus felis. Praesent viverra convallis"
        text run at (10,314) width 362: "libero. Maecenas non augue. Donec hendrerit lectus id enim. "
      RenderBR {BR} at (372,326) size 0x0
      RenderBR {BR} at (10,330) size 0x16
      RenderText {#text} at (10,346) size 395x112
        text run at (10,346) width 395: "Nulla ligula dui, euismod et, sodales quis, sollicitudin quis, elit. In"
        text run at (10,362) width 352: "adipiscing est sed enim. Fusce at massa vitae metus semper"
        text run at (10,378) width 355: "hendrerit. Integer vitae urna. Nulla eget ligula. Etiam libero."
        text run at (10,394) width 364: "Maecenas nisi nibh, convallis a, feugiat vitae, pulvinar et, mi."
        text run at (10,410) width 393: "Curabitur arcu pede, adipiscing sed, egestas nec, commodo in, elit."
        text run at (10,426) width 382: "Nulla facilisi. Proin varius pede et dui lacinia dapibus. Morbi nec"
        text run at (10,442) width 227: "augue. Proin imperdiet lacus eu tellus."
layer at (366,448) size 125x100 clip at (367,449) size 110x85 scrollWidth 420 scrollHeight 468
  RenderBlock {DIV} at (358,440) size 125x100 [color=#DCDCDC] [bgcolor=#718D93] [border: (1px solid #D3D3D3)]
    RenderBlock {DIV} at (1,1) size 420x468
      RenderText {#text} at (10,10) size 399x160
        text run at (10,10) width 387: "Lorem ipsum dolor sit amet, consectetuer adipiscing elit. Morbi et"
        text run at (10,26) width 353: "nisi ut est venenatis viverra. Aenean pede orci, blandit quis,"
        text run at (10,42) width 385: "faucibus quis, egestas ut, mi. Pellentesque enim purus, venenatis"
        text run at (10,58) width 365: "dignissim, tincidunt a, ullamcorper eget, nibh. Nullam ut sem"
        text run at (10,74) width 343: "adipiscing orci vehicula interdum. Proin a enim. Phasellus"
        text run at (10,90) width 382: "sollicitudin, magna vitae vestibulum facilisis, tellus nunc iaculis"
        text run at (10,106) width 364: "arcu, in molestie sem velit tempus est. In eleifend velit at sem"
        text run at (10,122) width 399: "adipiscing sodales. Nunc sapien felis, aliquam et, volutpat rhoncus,"
        text run at (10,138) width 390: "condimentum ut, tortor. Integer est. Quisque viverra. Praesent sed"
        text run at (10,154) width 317: "arcu. Maecenas id lorem a leo lobortis condimentum. "
      RenderBR {BR} at (327,166) size 0x0
      RenderBR {BR} at (10,170) size 0x16
      RenderText {#text} at (10,186) size 395x144
        text run at (10,186) width 349: "Cras commodo rutrum augue. Vivamus iaculis. Nullam est."
        text run at (10,202) width 378: "Maecenas consequat. Sed id dui. Vivamus a nisl. Donec pretium"
        text run at (10,218) width 369: "sapien. Proin et ligula et ligula placerat pulvinar. Aliquam erat"
        text run at (10,234) width 368: "volutpat. Proin id est. Suspendisse cursus, magna at hendrerit"
        text run at (10,250) width 380: "consequat, mauris est imperdiet neque, a ultrices arcu urna non"
        text run at (10,266) width 395: "nunc. Quisque tellus. Nulla nulla justo, vehicula nec, pellentesque"
        text run at (10,282) width 374: "eu, iaculis et, ligula. Praesent mattis ante vel sem. Suspendisse"
        text run at (10,298) width 364: "porta rhoncus urna. Phasellus felis. Praesent viverra convallis"
        text run at (10,314) width 362: "libero. Maecenas non augue. Donec hendrerit lectus id enim. "
      RenderBR {BR} at (372,326) size 0x0
      RenderBR {BR} at (10,330) size 0x16
      RenderText {#text} at (10,346) size 395x112
        text run at (10,346) width 395: "Nulla ligula dui, euismod et, sodales quis, sollicitudin quis, elit. In"
        text run at (10,362) width 352: "adipiscing est sed enim. Fusce at massa vitae metus semper"
        text run at (10,378) width 355: "hendrerit. Integer vitae urna. Nulla eget ligula. Etiam libero."
        text run at (10,394) width 364: "Maecenas nisi nibh, convallis a, feugiat vitae, pulvinar et, mi."
        text run at (10,410) width 393: "Curabitur arcu pede, adipiscing sed, egestas nec, commodo in, elit."
        text run at (10,426) width 382: "Nulla facilisi. Proin varius pede et dui lacinia dapibus. Morbi nec"
        text run at (10,442) width 227: "augue. Proin imperdiet lacus eu tellus."
