layer at (0,0) size 800x600
  RenderView at (0,0) size 800x600
layer at (0,0) size 800x50
  RenderBlock {HTML} at (0,0) size 800x50
    RenderBody {BODY} at (8,16) size 784x18
      RenderBlock {DL} at (0,0) size 784x18
        RenderBlock {DD} at (40,0) size 744x18
          RenderInline (run-in) {DT} at (0,0) size 38x18
            RenderText {#text} at (0,0) size 34x18
              text run at (0,0) width 34: "Term"
            RenderInline (generated) at (0,0) size 4x18
              RenderText at (34,0) size 4x18
                text run at (34,0) width 4: ":"
          RenderText {#text} at (38,0) size 64x18
            text run at (38,0) width 64: "Definition"
