layer at (0,0) size 800x600
  RenderView at (0,0) size 800x600
layer at (0,0) size 800x600
  RenderBlock {HTML} at (0,0) size 800x600
    RenderBody {BODY} at (8,8) size 784x584
      RenderBlock {P} at (0,0) size 784x18
        RenderText {#text} at (0,0) size 8x18
          text run at (0,0) width 8: "x"
      RenderBlock {DIV} at (0,34) size 784x18 [color=#0000FF]
        RenderBlock {DIV} at (0,0) size 784x18
          RenderInline (generated) at (0,0) size 39x18
            RenderText at (0,0) size 39x18
              text run at (0,0) width 39: "PASS"
          RenderText {#text} at (39,0) size 218x18
            text run at (39,0) width 218: " < this should say still say \x{201C}PASS\x{201D}"
