layer at (0,0) size 1350x584
  RenderView at (0,0) size 800x584
layer at (0,0) size 800x584
  RenderBlock {HTML} at (0,0) size 800x584
    RenderBody {BODY} at (8,8) size 784x568
      RenderTable {TABLE} at (0,0) size 1342x135
        RenderTableSection {TBODY} at (0,0) size 1342x135
          RenderTableRow {TR} at (0,2) size 1342x20
            RenderTableCell {TH} at (2,11) size 86x2 [r=0 c=0 rs=1 cs=1]
            RenderTableCell {TH} at (90,11) size 311x2 [r=0 c=1 rs=1 cs=1]
            RenderTableCell {TH} at (403,2) size 311x20 [r=0 c=2 rs=1 cs=1]
              RenderText {#text} at (109,1) size 93x17
                text run at (109,1) width 93: "text-align:left"
            RenderTableCell {TH} at (716,2) size 311x20 [r=0 c=3 rs=1 cs=1]
              RenderText {#text} at (99,1) size 113x17
                text run at (99,1) width 113: "text-align:center"
            RenderTableCell {TH} at (1029,2) size 311x20 [r=0 c=4 rs=1 cs=1]
              RenderText {#text} at (103,1) size 105x17
                text run at (103,1) width 105: "text-align:right"
          RenderTableRow {TR} at (0,24) size 1342x35
            RenderTableCell {TH} at (2,40) size 86x2 [r=1 c=0 rs=1 cs=1]
            RenderTableCell {TD} at (90,24) size 311x35 [border: (1px solid #000000)] [r=1 c=1 rs=1 cs=1]
              RenderFileUploadControl {INPUT} at (4,4) size 303x27 "(None)"
                RenderButton {INPUT} at (0,0) size 102x27 [bgcolor=#C0C0C0] [border: (2px outset #C0C0C0)]
                  RenderBlock (anonymous) at (8,4) size 86x18
                    RenderText at (0,0) size 86x17
                      text run at (0,0) width 86: "Choose File"
            RenderTableCell {TD} at (403,24) size 311x35 [border: (1px solid #000000)] [r=1 c=2 rs=1 cs=1]
              RenderFileUploadControl {INPUT} at (4,4) size 303x27 "(None)"
                RenderButton {INPUT} at (0,0) size 102x27 [bgcolor=#C0C0C0] [border: (2px outset #C0C0C0)]
                  RenderBlock (anonymous) at (8,4) size 86x18
                    RenderText at (0,0) size 86x17
                      text run at (0,0) width 86: "Choose File"
            RenderTableCell {TD} at (716,24) size 311x35 [border: (1px solid #000000)] [r=1 c=3 rs=1 cs=1]
              RenderFileUploadControl {INPUT} at (4,4) size 303x27 "(None)"
                RenderButton {INPUT} at (0,0) size 102x27 [bgcolor=#C0C0C0] [border: (2px outset #C0C0C0)]
                  RenderBlock (anonymous) at (8,4) size 86x18
                    RenderText at (0,0) size 86x17
                      text run at (0,0) width 86: "Choose File"
            RenderTableCell {TD} at (1029,24) size 311x35 [border: (1px solid #000000)] [r=1 c=4 rs=1 cs=1]
              RenderFileUploadControl {INPUT} at (4,4) size 303x27 "(None)"
                RenderButton {INPUT} at (0,0) size 102x27 [bgcolor=#C0C0C0] [border: (2px outset #C0C0C0)]
                  RenderBlock (anonymous) at (8,4) size 86x18
                    RenderText at (0,0) size 86x17
                      text run at (0,0) width 86: "Choose File"
          RenderTableRow {TR} at (0,61) size 1342x35
            RenderTableCell {TH} at (2,68) size 86x20 [r=2 c=0 rs=1 cs=1]
              RenderText {#text} at (1,1) size 84x17
                text run at (1,1) width 84: "direction:ltr"
            RenderTableCell {TD} at (90,61) size 311x35 [border: (1px solid #000000)] [r=2 c=1 rs=1 cs=1]
              RenderFileUploadControl {INPUT} at (4,4) size 303x27 "(None)"
                RenderButton {INPUT} at (0,0) size 102x27 [bgcolor=#C0C0C0] [border: (2px outset #C0C0C0)]
                  RenderBlock (anonymous) at (8,4) size 86x18
                    RenderText at (0,0) size 86x17
                      text run at (0,0) width 86: "Choose File"
            RenderTableCell {TD} at (403,61) size 311x35 [border: (1px solid #000000)] [r=2 c=2 rs=1 cs=1]
              RenderFileUploadControl {INPUT} at (4,4) size 303x27 "(None)"
                RenderButton {INPUT} at (0,0) size 102x27 [bgcolor=#C0C0C0] [border: (2px outset #C0C0C0)]
                  RenderBlock (anonymous) at (8,4) size 86x18
                    RenderText at (0,0) size 86x17
                      text run at (0,0) width 86: "Choose File"
            RenderTableCell {TD} at (716,61) size 311x35 [border: (1px solid #000000)] [r=2 c=3 rs=1 cs=1]
              RenderFileUploadControl {INPUT} at (4,4) size 303x27 "(None)"
                RenderButton {INPUT} at (0,0) size 102x27 [bgcolor=#C0C0C0] [border: (2px outset #C0C0C0)]
                  RenderBlock (anonymous) at (8,4) size 86x18
                    RenderText at (0,0) size 86x17
                      text run at (0,0) width 86: "Choose File"
            RenderTableCell {TD} at (1029,61) size 311x35 [border: (1px solid #000000)] [r=2 c=4 rs=1 cs=1]
              RenderFileUploadControl {INPUT} at (4,4) size 303x27 "(None)"
                RenderButton {INPUT} at (0,0) size 102x27 [bgcolor=#C0C0C0] [border: (2px outset #C0C0C0)]
                  RenderBlock (anonymous) at (8,4) size 86x18
                    RenderText at (0,0) size 86x17
                      text run at (0,0) width 86: "Choose File"
          RenderTableRow {TR} at (0,98) size 1342x35
            RenderTableCell {TH} at (2,105) size 86x20 [r=3 c=0 rs=1 cs=1]
              RenderText {#text} at (1,1) size 84x17
                text run at (1,1) width 84: "direction:rtl"
            RenderTableCell {TD} at (90,98) size 311x35 [border: (1px solid #000000)] [r=3 c=1 rs=1 cs=1]
              RenderFileUploadControl {INPUT} at (4,4) size 303x27 "(None)"
                RenderButton {INPUT} at (201,0) size 102x27 [bgcolor=#C0C0C0] [border: (2px outset #C0C0C0)]
                  RenderBlock (anonymous) at (8,4) size 86x18
                    RenderText at (0,0) size 86x17
                      text run at (0,0) width 86: "Choose File"
            RenderTableCell {TD} at (403,98) size 311x35 [border: (1px solid #000000)] [r=3 c=2 rs=1 cs=1]
              RenderFileUploadControl {INPUT} at (4,4) size 303x27 "(None)"
                RenderButton {INPUT} at (201,0) size 102x27 [bgcolor=#C0C0C0] [border: (2px outset #C0C0C0)]
                  RenderBlock (anonymous) at (8,4) size 86x18
                    RenderText at (0,0) size 86x17
                      text run at (0,0) width 86: "Choose File"
            RenderTableCell {TD} at (716,98) size 311x35 [border: (1px solid #000000)] [r=3 c=3 rs=1 cs=1]
              RenderFileUploadControl {INPUT} at (4,4) size 303x27 "(None)"
                RenderButton {INPUT} at (201,0) size 102x27 [bgcolor=#C0C0C0] [border: (2px outset #C0C0C0)]
                  RenderBlock (anonymous) at (8,4) size 86x18
                    RenderText at (0,0) size 86x17
                      text run at (0,0) width 86: "Choose File"
            RenderTableCell {TD} at (1029,98) size 311x35 [border: (1px solid #000000)] [r=3 c=4 rs=1 cs=1]
              RenderFileUploadControl {INPUT} at (4,4) size 303x27 "(None)"
                RenderButton {INPUT} at (201,0) size 102x27 [bgcolor=#C0C0C0] [border: (2px outset #C0C0C0)]
                  RenderBlock (anonymous) at (8,4) size 86x18
                    RenderText at (0,0) size 86x17
                      text run at (0,0) width 86: "Choose File"
