layer at (0,0) size 800x600
  RenderView at (0,0) size 800x600
layer at (0,0) size 800x282
  RenderBlock {html} at (0,0) size 800x282
    RenderBody {body} at (8,16) size 784x258
      RenderBlock {p} at (0,0) size 784x21 [color=#000080]
        RenderText {#text} at (0,0) size 543x21
          text run at (0,0) width 543: "Zoom in and out. The following two squares should always be the same size."
      RenderBlock {div} at (0,37) size 100x100 [bgcolor=#000080]
      RenderBlock (anonymous) at (0,153) size 784x105
        RenderSVGRoot {svg} at (8,169) size 100x100
          RenderSVGRect {rect} at (8,169) size 100x100 [fill={[type=SOLID] [color=#000080]}] [x=0.00] [y=0.00] [width=100.00] [height=100.00]
        RenderText {#text} at (0,0) size 0x0
