layer at (0,0) size 785x2284
  RenderView at (0,0) size 785x600
layer at (0,0) size 785x2284
  RenderBlock {HTML} at (0,0) size 785x2284
    RenderBody {BODY} at (8,16) size 769x2252
layer at (8,16) size 760x330
  RenderBlock {DIV} at (0,0) size 760x330 [border: (5px solid #800000)]
    RenderText {#text} at (5,5) size 367x639
      text run at (5,5) width 337: "Lorem ipsum dolor sit amet, consectetuer adipiscing elit."
      text run at (5,25) width 367: "Nulla varius enim ac mi. Curabitur sollicitudin felis quis lectus."
      text run at (5,45) width 362: "Quisque adipiscing rhoncus sem. Proin nulla purus, vulputate"
      text run at (5,65) width 358: "vel, varius ut, euismod et, nisi. Sed vitae felis vel orci sagittis"
      text run at (5,85) width 365: "aliquam. Cras convallis adipiscing sem. Nam nonummy enim."
      text run at (5,105) width 329: "Nullam bibendum lobortis neque. Vestibulum velit orci,"
      text run at (5,125) width 309: "tempus euismod, pretium quis, interdum vitae, nulla."
      text run at (5,145) width 321: "Phasellus eget ante et tortor condimentum vestibulum."
      text run at (5,165) width 360: "Suspendisse hendrerit quam nec felis. Sed varius turpis vitae"
      text run at (5,185) width 350: "pede. Lorem ipsum dolor sit amet, consectetuer adipiscing"
      text run at (5,205) width 25: "elit. "
      text run at (30,205) width 337: "Lorem ipsum dolor sit amet, consectetuer adipiscing elit."
      text run at (5,225) width 367: "Nulla varius enim ac mi. Curabitur sollicitudin felis quis lectus."
      text run at (5,245) width 362: "Quisque adipiscing rhoncus sem. Proin nulla purus, vulputate"
      text run at (5,265) width 358: "vel, varius ut, euismod et, nisi. Sed vitae felis vel orci sagittis"
      text run at (5,285) width 365: "aliquam. Cras convallis adipiscing sem. Nam nonummy enim."
      text run at (5,305) width 329: "Nullam bibendum lobortis neque. Vestibulum velit orci,"
      text run at (5,325) width 309: "tempus euismod, pretium quis, interdum vitae, nulla."
      text run at (5,345) width 321: "Phasellus eget ante et tortor condimentum vestibulum."
      text run at (5,365) width 360: "Suspendisse hendrerit quam nec felis. Sed varius turpis vitae"
      text run at (5,385) width 350: "pede. Lorem ipsum dolor sit amet, consectetuer adipiscing"
      text run at (5,405) width 25: "elit. "
      text run at (30,405) width 337: "Lorem ipsum dolor sit amet, consectetuer adipiscing elit."
      text run at (5,425) width 367: "Nulla varius enim ac mi. Curabitur sollicitudin felis quis lectus."
      text run at (5,445) width 362: "Quisque adipiscing rhoncus sem. Proin nulla purus, vulputate"
      text run at (5,465) width 358: "vel, varius ut, euismod et, nisi. Sed vitae felis vel orci sagittis"
      text run at (5,485) width 365: "aliquam. Cras convallis adipiscing sem. Nam nonummy enim."
      text run at (5,505) width 329: "Nullam bibendum lobortis neque. Vestibulum velit orci,"
      text run at (5,525) width 309: "tempus euismod, pretium quis, interdum vitae, nulla."
      text run at (5,545) width 321: "Phasellus eget ante et tortor condimentum vestibulum."
      text run at (5,565) width 360: "Suspendisse hendrerit quam nec felis. Sed varius turpis vitae"
      text run at (5,585) width 350: "pede. Lorem ipsum dolor sit amet, consectetuer adipiscing"
      text run at (5,605) width 25: "elit. "
      text run at (30,605) width 337: "Lorem ipsum dolor sit amet, consectetuer adipiscing elit."
      text run at (5,625) width 143: "Nulla varius enim ac mi."
layer at (8,362) size 760x330
  RenderBlock {DIV} at (0,346) size 760x330 [border: (5px solid #800000)]
    RenderText {#text} at (5,5) size 367x639
      text run at (5,5) width 337: "Lorem ipsum dolor sit amet, consectetuer adipiscing elit."
      text run at (5,25) width 367: "Nulla varius enim ac mi. Curabitur sollicitudin felis quis lectus."
      text run at (5,45) width 362: "Quisque adipiscing rhoncus sem. Proin nulla purus, vulputate"
      text run at (5,65) width 358: "vel, varius ut, euismod et, nisi. Sed vitae felis vel orci sagittis"
      text run at (5,85) width 365: "aliquam. Cras convallis adipiscing sem. Nam nonummy enim."
      text run at (5,105) width 329: "Nullam bibendum lobortis neque. Vestibulum velit orci,"
      text run at (5,125) width 309: "tempus euismod, pretium quis, interdum vitae, nulla."
      text run at (5,145) width 321: "Phasellus eget ante et tortor condimentum vestibulum."
      text run at (5,165) width 360: "Suspendisse hendrerit quam nec felis. Sed varius turpis vitae"
      text run at (5,185) width 350: "pede. Lorem ipsum dolor sit amet, consectetuer adipiscing"
      text run at (5,205) width 25: "elit. "
      text run at (30,205) width 337: "Lorem ipsum dolor sit amet, consectetuer adipiscing elit."
      text run at (5,225) width 367: "Nulla varius enim ac mi. Curabitur sollicitudin felis quis lectus."
      text run at (5,245) width 362: "Quisque adipiscing rhoncus sem. Proin nulla purus, vulputate"
      text run at (5,265) width 358: "vel, varius ut, euismod et, nisi. Sed vitae felis vel orci sagittis"
      text run at (5,285) width 365: "aliquam. Cras convallis adipiscing sem. Nam nonummy enim."
      text run at (5,305) width 329: "Nullam bibendum lobortis neque. Vestibulum velit orci,"
      text run at (5,325) width 309: "tempus euismod, pretium quis, interdum vitae, nulla."
      text run at (5,345) width 321: "Phasellus eget ante et tortor condimentum vestibulum."
      text run at (5,365) width 360: "Suspendisse hendrerit quam nec felis. Sed varius turpis vitae"
      text run at (5,385) width 350: "pede. Lorem ipsum dolor sit amet, consectetuer adipiscing"
      text run at (5,405) width 25: "elit. "
      text run at (30,405) width 337: "Lorem ipsum dolor sit amet, consectetuer adipiscing elit."
      text run at (5,425) width 367: "Nulla varius enim ac mi. Curabitur sollicitudin felis quis lectus."
      text run at (5,445) width 362: "Quisque adipiscing rhoncus sem. Proin nulla purus, vulputate"
      text run at (5,465) width 358: "vel, varius ut, euismod et, nisi. Sed vitae felis vel orci sagittis"
      text run at (5,485) width 365: "aliquam. Cras convallis adipiscing sem. Nam nonummy enim."
      text run at (5,505) width 329: "Nullam bibendum lobortis neque. Vestibulum velit orci,"
      text run at (5,525) width 309: "tempus euismod, pretium quis, interdum vitae, nulla."
      text run at (5,545) width 321: "Phasellus eget ante et tortor condimentum vestibulum."
      text run at (5,565) width 360: "Suspendisse hendrerit quam nec felis. Sed varius turpis vitae"
      text run at (5,585) width 350: "pede. Lorem ipsum dolor sit amet, consectetuer adipiscing"
      text run at (5,605) width 25: "elit. "
      text run at (30,605) width 337: "Lorem ipsum dolor sit amet, consectetuer adipiscing elit."
      text run at (5,625) width 143: "Nulla varius enim ac mi."
layer at (8,708) size 760x366
  RenderBlock {DIV} at (0,692) size 760x366 [border: (5px solid #800000)]
    RenderBlock {P} at (5,21) size 367x240
      RenderText {#text} at (0,0) size 367x239
        text run at (0,0) width 337: "Lorem ipsum dolor sit amet, consectetuer adipiscing elit."
        text run at (0,20) width 367: "Nulla varius enim ac mi. Curabitur sollicitudin felis quis lectus."
        text run at (0,40) width 362: "Quisque adipiscing rhoncus sem. Proin nulla purus, vulputate"
        text run at (0,60) width 358: "vel, varius ut, euismod et, nisi. Sed vitae felis vel orci sagittis"
        text run at (0,80) width 365: "aliquam. Cras convallis adipiscing sem. Nam nonummy enim."
        text run at (0,100) width 329: "Nullam bibendum lobortis neque. Vestibulum velit orci,"
        text run at (0,120) width 309: "tempus euismod, pretium quis, interdum vitae, nulla."
        text run at (0,140) width 321: "Phasellus eget ante et tortor condimentum vestibulum."
        text run at (0,160) width 360: "Suspendisse hendrerit quam nec felis. Sed varius turpis vitae"
        text run at (0,180) width 350: "pede. Lorem ipsum dolor sit amet, consectetuer adipiscing"
        text run at (0,200) width 25: "elit. "
        text run at (25,200) width 337: "Lorem ipsum dolor sit amet, consectetuer adipiscing elit."
        text run at (0,220) width 143: "Nulla varius enim ac mi."
    RenderBlock {P} at (5,277) size 367x424
      RenderText {#text} at (0,0) size 367x423
        text run at (0,0) width 337: "Lorem ipsum dolor sit amet, consectetuer adipiscing elit."
        text run at (0,20) width 367: "Nulla varius enim ac mi. Curabitur sollicitudin felis quis lectus."
        text run at (0,40) width 362: "Quisque adipiscing rhoncus sem. Proin nulla purus, vulputate"
        text run at (0,60) width 358: "vel, varius ut, euismod et, nisi. Sed vitae felis vel orci sagittis"
        text run at (0,84) width 365: "aliquam. Cras convallis adipiscing sem. Nam nonummy enim."
        text run at (0,104) width 329: "Nullam bibendum lobortis neque. Vestibulum velit orci,"
        text run at (0,124) width 309: "tempus euismod, pretium quis, interdum vitae, nulla."
        text run at (0,144) width 321: "Phasellus eget ante et tortor condimentum vestibulum."
        text run at (0,164) width 360: "Suspendisse hendrerit quam nec felis. Sed varius turpis vitae"
        text run at (0,184) width 350: "pede. Lorem ipsum dolor sit amet, consectetuer adipiscing"
        text run at (0,204) width 25: "elit. "
        text run at (25,204) width 337: "Lorem ipsum dolor sit amet, consectetuer adipiscing elit."
        text run at (0,224) width 367: "Nulla varius enim ac mi. Curabitur sollicitudin felis quis lectus."
        text run at (0,244) width 362: "Quisque adipiscing rhoncus sem. Proin nulla purus, vulputate"
        text run at (0,264) width 358: "vel, varius ut, euismod et, nisi. Sed vitae felis vel orci sagittis"
        text run at (0,284) width 365: "aliquam. Cras convallis adipiscing sem. Nam nonummy enim."
        text run at (0,304) width 329: "Nullam bibendum lobortis neque. Vestibulum velit orci,"
        text run at (0,324) width 309: "tempus euismod, pretium quis, interdum vitae, nulla."
        text run at (0,344) width 321: "Phasellus eget ante et tortor condimentum vestibulum."
        text run at (0,364) width 360: "Suspendisse hendrerit quam nec felis. Sed varius turpis vitae"
        text run at (0,384) width 350: "pede. Lorem ipsum dolor sit amet, consectetuer adipiscing"
        text run at (0,404) width 21: "elit."
layer at (8,1090) size 760x362
  RenderBlock {DIV} at (0,1074) size 760x362 [border: (5px solid #800000)]
    RenderBlock (anonymous) at (5,5) size 367x452
      RenderText {#text} at (0,0) size 367x239
        text run at (0,0) width 337: "Lorem ipsum dolor sit amet, consectetuer adipiscing elit."
        text run at (0,20) width 367: "Nulla varius enim ac mi. Curabitur sollicitudin felis quis lectus."
        text run at (0,40) width 362: "Quisque adipiscing rhoncus sem. Proin nulla purus, vulputate"
        text run at (0,60) width 358: "vel, varius ut, euismod et, nisi. Sed vitae felis vel orci sagittis"
        text run at (0,80) width 365: "aliquam. Cras convallis adipiscing sem. Nam nonummy enim."
        text run at (0,100) width 329: "Nullam bibendum lobortis neque. Vestibulum velit orci,"
        text run at (0,120) width 309: "tempus euismod, pretium quis, interdum vitae, nulla."
        text run at (0,140) width 321: "Phasellus eget ante et tortor condimentum vestibulum."
        text run at (0,160) width 360: "Suspendisse hendrerit quam nec felis. Sed varius turpis vitae"
        text run at (0,180) width 350: "pede. Lorem ipsum dolor sit amet, consectetuer adipiscing"
        text run at (0,200) width 25: "elit. "
        text run at (25,200) width 337: "Lorem ipsum dolor sit amet, consectetuer adipiscing elit."
        text run at (0,220) width 147: "Nulla varius enim ac mi. "
      RenderInline {SPAN} at (0,0) size 40x19
        RenderText {#text} at (147,220) size 40x19
          text run at (147,220) width 40: "Lorem"
      RenderText {#text} at (187,220) size 364x231
        text run at (187,220) width 129: " ipsum dolor sit amet,"
        text run at (0,240) width 311: "consectetuer adipiscing elit. Nulla varius enim ac mi."
        text run at (0,260) width 337: "Curabitur sollicitudin felis quis lectus. Quisque adipiscing"
        text run at (0,280) width 328: "rhoncus sem. Proin nulla purus, vulputate vel, varius ut,"
        text run at (0,300) width 362: "euismod et, nisi. Sed vitae felis vel orci sagittis aliquam. Cras"
        text run at (0,320) width 325: "convallis adipiscing sem. Nam nonummy enim. Nullam"
        text run at (0,352) width 329: "bibendum lobortis neque. Vestibulum velit orci, tempus"
        text run at (0,372) width 350: "euismod, pretium quis, interdum vitae, nulla. Phasellus eget"
        text run at (0,392) width 311: "ante et tortor condimentum vestibulum. Suspendisse"
        text run at (0,412) width 364: "hendrerit quam nec felis. Sed varius turpis vitae pede. Lorem"
        text run at (0,432) width 293: "ipsum dolor sit amet, consectetuer adipiscing elit."
    RenderBlock {P} at (5,473) size 367x220
      RenderText {#text} at (0,0) size 367x219
        text run at (0,0) width 337: "Lorem ipsum dolor sit amet, consectetuer adipiscing elit."
        text run at (0,20) width 367: "Nulla varius enim ac mi. Curabitur sollicitudin felis quis lectus."
        text run at (0,40) width 362: "Quisque adipiscing rhoncus sem. Proin nulla purus, vulputate"
        text run at (0,60) width 358: "vel, varius ut, euismod et, nisi. Sed vitae felis vel orci sagittis"
        text run at (0,80) width 365: "aliquam. Cras convallis adipiscing sem. Nam nonummy enim."
        text run at (0,100) width 329: "Nullam bibendum lobortis neque. Vestibulum velit orci,"
        text run at (0,120) width 309: "tempus euismod, pretium quis, interdum vitae, nulla."
        text run at (0,140) width 321: "Phasellus eget ante et tortor condimentum vestibulum."
        text run at (0,160) width 360: "Suspendisse hendrerit quam nec felis. Sed varius turpis vitae"
        text run at (0,180) width 350: "pede. Lorem ipsum dolor sit amet, consectetuer adipiscing"
        text run at (0,200) width 21: "elit."
layer at (8,1468) size 760x382
  RenderBlock {DIV} at (0,1452) size 760x382 [border: (5px solid #800000)]
    RenderBlock (anonymous) at (5,5) size 367x220
      RenderInline {SPAN} at (0,0) size 367x219
        RenderText {#text} at (0,0) size 367x219
          text run at (0,0) width 337: "Lorem ipsum dolor sit amet, consectetuer adipiscing elit."
          text run at (0,20) width 367: "Nulla varius enim ac mi. Curabitur sollicitudin felis quis lectus."
          text run at (0,40) width 362: "Quisque adipiscing rhoncus sem. Proin nulla purus, vulputate"
          text run at (0,60) width 358: "vel, varius ut, euismod et, nisi. Sed vitae felis vel orci sagittis"
          text run at (0,80) width 365: "aliquam. Cras convallis adipiscing sem. Nam nonummy enim."
          text run at (0,100) width 329: "Nullam bibendum lobortis neque. Vestibulum velit orci,"
          text run at (0,120) width 309: "tempus euismod, pretium quis, interdum vitae, nulla."
          text run at (0,140) width 321: "Phasellus eget ante et tortor condimentum vestibulum."
          text run at (0,160) width 360: "Suspendisse hendrerit quam nec felis. Sed varius turpis vitae"
          text run at (0,180) width 350: "pede. Lorem ipsum dolor sit amet, consectetuer adipiscing"
          text run at (0,200) width 21: "elit."
    RenderBlock (anonymous) at (5,225) size 367x40
      RenderBlock {SPAN} at (0,0) size 367x40
        RenderText {#text} at (0,0) size 337x39
          text run at (0,0) width 337: "Lorem ipsum dolor sit amet, consectetuer adipiscing elit."
          text run at (0,20) width 143: "Nulla varius enim ac mi."
    RenderBlock (anonymous) at (5,265) size 367x232
      RenderInline {SPAN} at (0,0) size 40x19
        RenderText {#text} at (0,0) size 40x19
          text run at (0,0) width 40: "Lorem"
      RenderText {#text} at (40,0) size 367x231
        text run at (40,0) width 297: " ipsum dolor sit amet, consectetuer adipiscing elit."
        text run at (0,20) width 367: "Nulla varius enim ac mi. Curabitur sollicitudin felis quis lectus."
        text run at (0,40) width 362: "Quisque adipiscing rhoncus sem. Proin nulla purus, vulputate"
        text run at (0,60) width 358: "vel, varius ut, euismod et, nisi. Sed vitae felis vel orci sagittis"
        text run at (0,80) width 365: "aliquam. Cras convallis adipiscing sem. Nam nonummy enim."
        text run at (0,112) width 329: "Nullam bibendum lobortis neque. Vestibulum velit orci,"
        text run at (0,132) width 309: "tempus euismod, pretium quis, interdum vitae, nulla."
        text run at (0,152) width 321: "Phasellus eget ante et tortor condimentum vestibulum."
        text run at (0,172) width 360: "Suspendisse hendrerit quam nec felis. Sed varius turpis vitae"
        text run at (0,192) width 350: "pede. Lorem ipsum dolor sit amet, consectetuer adipiscing"
        text run at (0,212) width 21: "elit."
    RenderBlock {P} at (5,513) size 367x220
      RenderText {#text} at (0,0) size 367x219
        text run at (0,0) width 337: "Lorem ipsum dolor sit amet, consectetuer adipiscing elit."
        text run at (0,20) width 367: "Nulla varius enim ac mi. Curabitur sollicitudin felis quis lectus."
        text run at (0,40) width 362: "Quisque adipiscing rhoncus sem. Proin nulla purus, vulputate"
        text run at (0,60) width 358: "vel, varius ut, euismod et, nisi. Sed vitae felis vel orci sagittis"
        text run at (0,80) width 365: "aliquam. Cras convallis adipiscing sem. Nam nonummy enim."
        text run at (0,100) width 329: "Nullam bibendum lobortis neque. Vestibulum velit orci,"
        text run at (0,120) width 309: "tempus euismod, pretium quis, interdum vitae, nulla."
        text run at (0,140) width 321: "Phasellus eget ante et tortor condimentum vestibulum."
        text run at (0,160) width 360: "Suspendisse hendrerit quam nec felis. Sed varius turpis vitae"
        text run at (0,180) width 350: "pede. Lorem ipsum dolor sit amet, consectetuer adipiscing"
        text run at (0,200) width 21: "elit."
layer at (8,1866) size 760x402
  RenderBlock {DIV} at (0,1850) size 760x402 [border: (5px solid #800000)]
    RenderBlock {P} at (5,21) size 367x220
      RenderText {#text} at (0,0) size 367x219
        text run at (0,0) width 337: "Lorem ipsum dolor sit amet, consectetuer adipiscing elit."
        text run at (0,20) width 367: "Nulla varius enim ac mi. Curabitur sollicitudin felis quis lectus."
        text run at (0,40) width 362: "Quisque adipiscing rhoncus sem. Proin nulla purus, vulputate"
        text run at (0,60) width 358: "vel, varius ut, euismod et, nisi. Sed vitae felis vel orci sagittis"
        text run at (0,80) width 365: "aliquam. Cras convallis adipiscing sem. Nam nonummy enim."
        text run at (0,100) width 329: "Nullam bibendum lobortis neque. Vestibulum velit orci,"
        text run at (0,120) width 309: "tempus euismod, pretium quis, interdum vitae, nulla."
        text run at (0,140) width 321: "Phasellus eget ante et tortor condimentum vestibulum."
        text run at (0,160) width 360: "Suspendisse hendrerit quam nec felis. Sed varius turpis vitae"
        text run at (0,180) width 350: "pede. Lorem ipsum dolor sit amet, consectetuer adipiscing"
        text run at (0,200) width 21: "elit."
    RenderBlock {P} at (5,257) size 367x40
      RenderText {#text} at (0,0) size 337x39
        text run at (0,0) width 337: "Lorem ipsum dolor sit amet, consectetuer adipiscing elit."
        text run at (0,20) width 143: "Nulla varius enim ac mi."
    RenderBlock {P} at (5,313) size 367x224
      RenderText {#text} at (0,0) size 367x223
        text run at (0,0) width 337: "Lorem ipsum dolor sit amet, consectetuer adipiscing elit."
        text run at (0,20) width 367: "Nulla varius enim ac mi. Curabitur sollicitudin felis quis lectus."
        text run at (0,40) width 362: "Quisque adipiscing rhoncus sem. Proin nulla purus, vulputate"
        text run at (0,60) width 358: "vel, varius ut, euismod et, nisi. Sed vitae felis vel orci sagittis"
        text run at (0,84) width 365: "aliquam. Cras convallis adipiscing sem. Nam nonummy enim."
        text run at (0,104) width 329: "Nullam bibendum lobortis neque. Vestibulum velit orci,"
        text run at (0,124) width 309: "tempus euismod, pretium quis, interdum vitae, nulla."
        text run at (0,144) width 321: "Phasellus eget ante et tortor condimentum vestibulum."
        text run at (0,164) width 360: "Suspendisse hendrerit quam nec felis. Sed varius turpis vitae"
        text run at (0,184) width 350: "pede. Lorem ipsum dolor sit amet, consectetuer adipiscing"
        text run at (0,204) width 21: "elit."
    RenderBlock (anonymous) at (5,553) size 367x20
      RenderInline {SPAN} at (0,0) size 337x19
        RenderText {#text} at (0,0) size 337x19
          text run at (0,0) width 337: "Lorem ipsum dolor sit amet, consectetuer adipiscing elit."
    RenderBlock (anonymous) at (5,573) size 367x20
      RenderBlock {SPAN} at (0,0) size 367x20
        RenderText {#text} at (0,0) size 143x19
          text run at (0,0) width 143: "Nulla varius enim ac mi."
    RenderBlock (anonymous) at (5,593) size 367x180
      RenderInline {SPAN} at (0,0) size 364x179
        RenderText {#text} at (0,0) size 364x179
          text run at (0,0) width 337: "Curabitur sollicitudin felis quis lectus. Quisque adipiscing"
          text run at (0,20) width 328: "rhoncus sem. Proin nulla purus, vulputate vel, varius ut,"
          text run at (0,40) width 362: "euismod et, nisi. Sed vitae felis vel orci sagittis aliquam. Cras"
          text run at (0,60) width 325: "convallis adipiscing sem. Nam nonummy enim. Nullam"
          text run at (0,80) width 329: "bibendum lobortis neque. Vestibulum velit orci, tempus"
          text run at (0,100) width 350: "euismod, pretium quis, interdum vitae, nulla. Phasellus eget"
          text run at (0,120) width 311: "ante et tortor condimentum vestibulum. Suspendisse"
          text run at (0,140) width 364: "hendrerit quam nec felis. Sed varius turpis vitae pede. Lorem"
          text run at (0,160) width 293: "ipsum dolor sit amet, consectetuer adipiscing elit."
      RenderText {#text} at (0,0) size 0x0
