layer at (0,0) size 800x600
  RenderView at (0,0) size 800x600
layer at (0,0) size 800x134
  RenderBlock {HTML} at (0,0) size 800x134
    RenderBody {BODY} at (8,8) size 784x118
layer at (8,8) size 100x100
  RenderBlock {DIV} at (0,0) size 100x100 [bgcolor=#0000FF]
layer at (8,108) size 784x18
  RenderBlock {DIV} at (0,100) size 784x18
    RenderText {#text} at (0,0) size 629x19
      text run at (0,0) width 629: "PASS - \"webkitTransform\" property for \"box\" element at 1s saw something close to: 0,1,-1,0,0,100"
    RenderBR {BR} at (629,0) size 0x19
