layer at (0,0) size 800x600
  RenderView at (0,0) size 800x600
layer at (0,0) size 800x36
  RenderBlock {html} at (0,0) size 800x36
    RenderBody {body} at (8,8) size 784x20
      RenderBlock {div} at (0,0) size 784x20
        RenderBlock {math:math} at (0,1) size 16x19
          RenderBlock {math:msup} at (1,0) size 14x19
            RenderBlock {math:msup} at (0,3) size 8x16
              RenderInline {math:mtext} at (0,0) size 8x24
                RenderText {#text} at (0,-4) size 8x24
                  text run at (0,-4) width 8: "a"
            RenderInline {math:mtext} at (0,0) size 6x18
              RenderText {#text} at (8,-3) size 6x18
                text run at (8,-3) width 6: "b"
