layer at (0,0) size 785x752
  RenderView at (0,0) size 785x600
layer at (0,0) size 785x752
  RenderBlock {HTML} at (0,0) size 785x752
    RenderBody {BODY} at (8,21) size 769x115
      RenderBlock {H1} at (0,0) size 769x37
        RenderText {#text} at (0,0) size 389x36
          text run at (0,0) width 389: "Image optimisation in layers"
      RenderBlock {P} at (0,58) size 769x57
        RenderText {#text} at (0,0) size 749x57
          text run at (0,0) width 595: "This test exercises direct compositing of images with hardware acceleration. The visual results "
          text run at (595,0) width 34: "using"
          text run at (0,19) width 683: "ACCELERATED_COMPOSITING and regular TOT should be identical. Running this test manually with "
          text run at (683,19) width 66: "the correct"
          text run at (0,38) width 442: "debug options will show which elements are directly composited. See "
        RenderInline {A} at (0,0) size 305x19 [color=#0000EE]
          RenderText {#text} at (442,38) size 305x19
            text run at (442,38) width 305: "https://bugs.webkit.org/show_bug.cgi?id=23361"
        RenderText {#text} at (0,0) size 0x0
      RenderBlock (floating) {DIV} at (0,131) size 260x200
        RenderText {#text} at (150,0) size 106x76
          text run at (150,0) width 106: "Basic image - no"
          text run at (150,19) width 83: "style - can be"
          text run at (150,38) width 47: "directly"
          text run at (150,57) width 72: "composited"
      RenderBlock (floating) {DIV} at (260,131) size 260x200
        RenderText {#text} at (160,0) size 100x76
          text run at (160,0) width 100: "5px blue border"
          text run at (160,19) width 88: "- can NOT be"
          text run at (160,38) width 47: "directly"
          text run at (160,57) width 72: "composited"
      RenderBlock (floating) {DIV} at (0,331) size 260x200
        RenderText {#text} at (160,0) size 79x76
          text run at (160,0) width 79: "margin - can"
          text run at (160,19) width 53: "NOT be"
          text run at (160,38) width 47: "directly"
          text run at (160,57) width 72: "composited"
      RenderBlock (floating) {DIV} at (260,331) size 260x200
        RenderText {#text} at (150,0) size 109x57
          text run at (150,0) width 109: "solid background"
          text run at (150,19) width 101: "- can be directly"
          text run at (150,38) width 72: "composited"
      RenderBlock (floating) {DIV} at (0,531) size 260x200
        RenderText {#text} at (150,0) size 104x76
          text run at (150,0) width 75: "background"
          text run at (150,19) width 73: "image - can"
          text run at (150,38) width 104: "NOT be directly"
          text run at (150,57) width 72: "composited"
      RenderBlock (floating) {DIV} at (260,531) size 260x200
        RenderText {#text} at (150,0) size 83x95
          text run at (150,0) width 67: "rotated but"
          text run at (150,19) width 81: "otherwise no"
          text run at (150,38) width 83: "style - can be"
          text run at (150,57) width 47: "directly"
          text run at (150,76) width 72: "composited"
layer at (8,152) size 150x150
  RenderImage {IMG} at (0,0) size 150x150
layer at (268,152) size 160x160
  RenderImage {IMG} at (0,0) size 160x160 [border: (5px solid #0000FF)]
layer at (13,357) size 150x150
  RenderImage {IMG} at (5,5) size 150x150
layer at (268,352) size 150x150
  RenderImage {IMG} at (0,0) size 150x150 [bgcolor=#808080]
layer at (8,552) size 150x150
  RenderImage {IMG} at (0,0) size 150x150 [bgcolor=#FFA500]
layer at (268,552) size 150x150
  RenderImage {IMG} at (0,0) size 150x150
