layer at (0,0) size 800x600
  RenderView at (0,0) size 800x600
layer at (0,0) size 800x429
  RenderBlock {HTML} at (0,0) size 800x429
    RenderBody {BODY} at (8,16) size 784x403
      RenderBlock {P} at (0,0) size 784x19
        RenderText {#text} at (0,0) size 437x19
          text run at (0,0) width 437: "The red box in the overflow:scroll div should be scrolled out of view."
      RenderBlock {DIV} at (10,35) size 302x206 [border: (1px solid #000000)]
        RenderText {#text} at (0,0) size 0x0
layer at (19,52) size 300x200
  RenderVideo {VIDEO} at (1,1) size 300x200
layer at (18,267) size 302x152 clip at (19,268) size 285x150 scrollY 100 scrollHeight 500
  RenderBlock {DIV} at (10,251) size 302x152 [border: (1px solid #000000)]
    RenderBlock {DIV} at (1,1) size 285x500
