layer at (0,0) size 800x600
  RenderView at (0,0) size 800x600
layer at (0,0) size 800x600
  RenderBlock {HTML} at (0,0) size 800x600
    RenderBody {BODY} at (8,8) size 784x584
      RenderBlock (anonymous) at (0,0) size 784x19
        RenderText {#text} at (0,0) size 334x19
          text run at (0,0) width 334: "The style rule on this page should be totally ignored. "
        RenderInline {A} at (0,0) size 80x19
          RenderText {#text} at (334,0) size 80x19
            text run at (334,0) width 80: "here is a link"
        RenderText {#text} at (0,0) size 0x0
      RenderBlock {H1} at (0,40) size 784x37
        RenderText {#text} at (0,0) size 109x36
          text run at (0,0) width 109: "heading"
      RenderBlock (anonymous) at (0,98) size 784x95
        RenderInline {SPAN} at (0,0) size 31x19
          RenderText {#text} at (0,0) size 31x19
            text run at (0,0) width 31: "issue"
        RenderBR {BR} at (31,15) size 0x0
        RenderInline {SPAN} at (0,0) size 20x19
          RenderText {#text} at (0,19) size 20x19
            text run at (0,19) width 20: "fail"
        RenderBR {BR} at (20,34) size 0x0
        RenderInline {A} at (0,0) size 120x19
          RenderText {#text} at (0,38) size 120x19
            text run at (0,38) width 120: "here is another link"
        RenderBR {BR} at (120,53) size 0x0
        RenderInline {SPAN} at (0,0) size 19x19
          RenderText {#text} at (0,57) size 19x19
            text run at (0,57) width 19: "n/a"
        RenderBR {BR} at (19,72) size 0x0
        RenderInline {SPAN} at (0,0) size 27x19
          RenderText {#text} at (0,76) size 27x19
            text run at (0,76) width 27: "pass"
        RenderBR {BR} at (27,91) size 0x0
      RenderBlock {H1} at (0,214) size 784x37
        RenderText {#text} at (0,0) size 224x36
          text run at (0,0) width 224: "another heading"
      RenderBlock (anonymous) at (0,272) size 784x19
        RenderInline {SPAN} at (0,0) size 19x19
          RenderText {#text} at (0,0) size 19x19
            text run at (0,0) width 19: "n/a"
        RenderBR {BR} at (19,15) size 0x0
