layer at (0,0) size 785x3626
  RenderView at (0,0) size 785x600
layer at (0,0) size 785x3626
  RenderBlock {HTML} at (0,0) size 785x3626
    RenderBody {BODY} at (8,21) size 769x3597
      RenderBlock {H1} at (0,0) size 769x37
        RenderText {#text} at (0,0) size 500x36
          text run at (0,0) width 500: "The Residual Style Master Test Case"
      RenderBlock (anonymous) at (0,58) size 769x19
        RenderText {#text} at (0,0) size 739x19
          text run at (0,0) width 364: "This test case illustrates some residual style tag examples. "
          text run at (364,0) width 375: "Unless otherwise noted, the behavior should match Firefox."
      RenderBlock {H2} at (0,96) size 769x28
        RenderText {#text} at (0,0) size 132x28
          text run at (0,0) width 132: "Passing Tags"
      RenderBlock {HR} at (0,143) size 769x2 [border: (1px inset #000000)]
      RenderBlock (anonymous) at (0,153) size 769x19
        RenderText {#text} at (0,0) size 20x19
          text run at (0,0) width 20: "A: "
        RenderInline {A} at (0,0) size 63x19
          RenderInline {FONT} at (0,0) size 63x19 [color=#008000]
            RenderText {#text} at (20,0) size 63x19
              text run at (20,0) width 63: "All of this"
        RenderInline {FONT} at (0,0) size 104x19 [color=#008000]
          RenderText {#text} at (83,0) size 104x19
            text run at (83,0) width 104: " should be green"
        RenderText {#text} at (0,0) size 0x0
      RenderBlock {HR} at (0,180) size 769x2 [border: (1px inset #000000)]
      RenderBlock (anonymous) at (0,190) size 769x19
        RenderText {#text} at (0,0) size 53x19
          text run at (0,0) width 53: "ABBR: "
        RenderInline {ABBR} at (0,0) size 63x19
          RenderInline {FONT} at (0,0) size 63x19 [color=#008000]
            RenderText {#text} at (53,0) size 63x19
              text run at (53,0) width 63: "All of this"
        RenderInline {FONT} at (0,0) size 104x19 [color=#008000]
          RenderText {#text} at (116,0) size 104x19
            text run at (116,0) width 104: " should be green"
        RenderText {#text} at (0,0) size 0x0
      RenderBlock {HR} at (0,217) size 769x2 [border: (1px inset #000000)]
      RenderBlock (anonymous) at (0,227) size 769x19
        RenderText {#text} at (0,0) size 92x19
          text run at (0,0) width 92: "ACRONYM: "
        RenderInline {ACRONYM} at (0,0) size 63x19
          RenderInline {FONT} at (0,0) size 63x19 [color=#008000]
            RenderText {#text} at (92,0) size 63x19
              text run at (92,0) width 63: "All of this"
        RenderInline {FONT} at (0,0) size 104x19 [color=#008000]
          RenderText {#text} at (155,0) size 104x19
            text run at (155,0) width 104: " should be green"
        RenderText {#text} at (0,0) size 0x0
      RenderBlock {HR} at (0,254) size 769x2 [border: (1px inset #000000)]
      RenderBlock (anonymous) at (0,264) size 769x19
        RenderText {#text} at (0,0) size 83x19
          text run at (0,0) width 83: "ADDRESS: "
        RenderInline {ADDRESS} at (0,0) size 63x19
          RenderInline {FONT} at (0,0) size 63x19 [color=#008000]
            RenderText {#text} at (83,0) size 63x19
              text run at (83,0) width 63: "All of this"
        RenderInline {FONT} at (0,0) size 104x19 [color=#008000]
          RenderText {#text} at (146,0) size 104x19
            text run at (146,0) width 104: " should be green"
        RenderText {#text} at (0,0) size 0x0
      RenderBlock {HR} at (0,291) size 769x2 [border: (1px inset #000000)]
      RenderBlock (anonymous) at (0,301) size 769x19
        RenderText {#text} at (0,0) size 68x19
          text run at (0,0) width 68: "APPLET: "
        RenderText {#text} at (68,0) size 171x19
          text run at (68,0) width 171: "All of this should be green."
      RenderBlock {HR} at (0,328) size 769x2 [border: (1px inset #000000)]
      RenderBlock (anonymous) at (0,338) size 769x19
        RenderText {#text} at (0,0) size 53x19
          text run at (0,0) width 53: "AREA: "
        RenderInline {MAP} at (0,0) size 0x19
          RenderInline {FONT} at (0,0) size 0x19 [color=#008000]
        RenderInline {FONT} at (0,0) size 171x19 [color=#008000]
          RenderText {#text} at (53,0) size 171x19
            text run at (53,0) width 171: "All of this should be green."
        RenderText {#text} at (0,0) size 0x0
      RenderBlock {HR} at (0,365) size 769x2 [border: (1px inset #000000)]
      RenderBlock (anonymous) at (0,375) size 769x19
        RenderText {#text} at (0,0) size 19x19
          text run at (0,0) width 19: "B: "
        RenderInline {B} at (0,0) size 0x19
          RenderInline {FONT} at (0,0) size 0x19 [color=#008000]
        RenderInline {FONT} at (0,0) size 171x19 [color=#008000]
          RenderText {#text} at (19,0) size 171x19
            text run at (19,0) width 171: "All of this should be green."
        RenderText {#text} at (0,0) size 0x0
      RenderBlock {HR} at (0,402) size 769x2 [border: (1px inset #000000)]
      RenderBlock (anonymous) at (0,412) size 769x19
        RenderText {#text} at (0,0) size 43x19
          text run at (0,0) width 43: "BDO: "
        RenderInline {BDO} at (0,0) size 0x19
          RenderInline {FONT} at (0,0) size 0x19 [color=#008000]
        RenderInline {FONT} at (0,0) size 171x19 [color=#008000]
          RenderText {#text} at (43,0) size 171x19
            text run at (43,0) width 171: "All of this should be green."
        RenderText {#text} at (0,0) size 0x0
      RenderBlock {HR} at (0,439) size 769x2 [border: (1px inset #000000)]
      RenderBlock (anonymous) at (0,449) size 769x22
        RenderText {#text} at (0,2) size 36x19
          text run at (0,2) width 36: "BIG: "
        RenderInline {BIG} at (0,0) size 0x22
          RenderInline {FONT} at (0,0) size 0x22 [color=#008000]
        RenderInline {FONT} at (0,0) size 171x19 [color=#008000]
          RenderText {#text} at (36,2) size 171x19
            text run at (36,2) width 171: "All of this should be green."
        RenderText {#text} at (0,0) size 0x0
      RenderBlock {HR} at (0,479) size 769x2 [border: (1px inset #000000)]
      RenderBlock (anonymous) at (0,489) size 769x19
        RenderText {#text} at (0,0) size 120x19
          text run at (0,0) width 120: "BLOCKQUOTE: "
        RenderInline {BLOCKQUOTE} at (0,0) size 0x19
          RenderInline {FONT} at (0,0) size 0x19 [color=#008000]
        RenderInline {FONT} at (0,0) size 171x19 [color=#008000]
          RenderText {#text} at (120,0) size 171x19
            text run at (120,0) width 171: "All of this should be green."
        RenderText {#text} at (0,0) size 0x0
      RenderBlock {HR} at (0,516) size 769x2 [border: (1px inset #000000)]
      RenderBlock (anonymous) at (0,526) size 769x30
        RenderText {#text} at (0,11) size 75x19
          text run at (0,11) width 75: "BUTTON: "
        RenderButton {BUTTON} at (75,2) size 34x22 [bgcolor=#C0C0C0] [border: (2px outset #C0C0C0)]
          RenderBlock (anonymous) at (17,10) size 0x0
            RenderInline {FONT} at (0,0) size 0x0 [color=#008000]
        RenderInline {FONT} at (0,0) size 171x19 [color=#008000]
          RenderText {#text} at (109,11) size 171x19
            text run at (109,11) width 171: "All of this should be green."
        RenderText {#text} at (0,0) size 0x0
      RenderBlock {HR} at (0,564) size 769x2 [border: (1px inset #000000)]
      RenderBlock (anonymous) at (0,574) size 769x19
        RenderText {#text} at (0,0) size 76x19
          text run at (0,0) width 76: "CANVAS: "
        RenderHTMLCanvas {CANVAS} at (76,15) size 0x0
        RenderInline {FONT} at (0,0) size 171x19 [color=#008000]
          RenderText {#text} at (76,0) size 171x19
            text run at (76,0) width 171: "All of this should be green."
        RenderText {#text} at (0,0) size 0x0
      RenderBlock {HR} at (0,601) size 769x2 [border: (1px inset #000000)]
      RenderBlock (anonymous) at (0,611) size 769x19
        RenderText {#text} at (0,0) size 79x19
          text run at (0,0) width 79: "CAPTION: "
        RenderInline {FONT} at (0,0) size 173x19 [color=#008000]
          RenderTable {TABLE} at (79,15) size 2x0
            RenderBlock {CAPTION} at (0,0) size 2x0
              RenderInline {FONT} at (0,0) size 0x0 [color=#FF0000]
          RenderText {#text} at (81,0) size 171x19
            text run at (81,0) width 171: "All of this should be green."
        RenderText {#text} at (0,0) size 0x0
      RenderBlock {HR} at (0,638) size 769x2 [border: (1px inset #000000)]
      RenderBlock (anonymous) at (0,648) size 769x19
        RenderText {#text} at (0,0) size 72x19
          text run at (0,0) width 72: "CENTER: "
        RenderInline {CENTER} at (0,0) size 0x19
          RenderInline {FONT} at (0,0) size 0x19 [color=#008000]
        RenderInline {FONT} at (0,0) size 171x19 [color=#008000]
          RenderText {#text} at (72,0) size 171x19
            text run at (72,0) width 171: "All of this should be green."
        RenderText {#text} at (0,0) size 0x0
      RenderBlock {HR} at (0,675) size 769x2 [border: (1px inset #000000)]
      RenderBlock (anonymous) at (0,685) size 769x19
        RenderText {#text} at (0,0) size 44x19
          text run at (0,0) width 44: "CITE: "
        RenderInline {CITE} at (0,0) size 0x19
          RenderInline {FONT} at (0,0) size 0x19 [color=#008000]
        RenderInline {FONT} at (0,0) size 171x19 [color=#008000]
          RenderText {#text} at (44,0) size 171x19
            text run at (44,0) width 171: "All of this should be green."
        RenderText {#text} at (0,0) size 0x0
      RenderBlock {HR} at (0,712) size 769x2 [border: (1px inset #000000)]
      RenderBlock (anonymous) at (0,722) size 769x19
        RenderText {#text} at (0,0) size 53x19
          text run at (0,0) width 53: "CODE: "
        RenderInline {CODE} at (0,0) size 0x15
          RenderInline {FONT} at (0,0) size 0x15 [color=#008000]
        RenderInline {FONT} at (0,0) size 171x19 [color=#008000]
          RenderText {#text} at (53,0) size 171x19
            text run at (53,0) width 171: "All of this should be green."
        RenderText {#text} at (0,0) size 0x0
      RenderBlock {HR} at (0,749) size 769x2 [border: (1px inset #000000)]
      RenderBlock (anonymous) at (0,759) size 769x19
        RenderText {#text} at (0,0) size 41x19
          text run at (0,0) width 41: "COL: "
        RenderInline {FONT} at (0,0) size 173x19 [color=#008000]
          RenderInline {FONT} at (0,0) size 0x19 [color=#FF0000]
          RenderTable {TABLE} at (41,15) size 2x0
            RenderTableCol {COLGROUP} at (0,0) size 0x0
              RenderTableCol {COL} at (0,0) size 0x0
          RenderInline {FONT} at (0,0) size 171x19 [color=#FF0000]
            RenderText {#text} at (43,0) size 171x19
              text run at (43,0) width 171: "All of this should be green."
        RenderText {#text} at (0,0) size 0x0
      RenderBlock {HR} at (0,786) size 769x2 [border: (1px inset #000000)]
      RenderBlock (anonymous) at (0,796) size 769x19
        RenderText {#text} at (0,0) size 97x19
          text run at (0,0) width 97: "COLGROUP: "
        RenderInline {FONT} at (0,0) size 173x19 [color=#008000]
          RenderInline {FONT} at (0,0) size 0x19 [color=#FF0000]
          RenderTable {TABLE} at (97,15) size 2x0
            RenderTableCol {COLGROUP} at (0,0) size 0x0
          RenderInline {FONT} at (0,0) size 171x19 [color=#FF0000]
            RenderText {#text} at (99,0) size 171x19
              text run at (99,0) width 171: "All of this should be green."
        RenderText {#text} at (0,0) size 0x0
      RenderBlock {HR} at (0,823) size 769x2 [border: (1px inset #000000)]
      RenderBlock (anonymous) at (0,833) size 769x19
        RenderText {#text} at (0,0) size 32x19
          text run at (0,0) width 32: "DD: "
        RenderInline {DL} at (0,0) size 0x19
          RenderInline {DD} at (0,0) size 0x19
            RenderInline {FONT} at (0,0) size 0x19 [color=#008000]
        RenderInline {FONT} at (0,0) size 171x19 [color=#008000]
          RenderText {#text} at (32,0) size 171x19
            text run at (32,0) width 171: "All of this should be green."
        RenderText {#text} at (0,0) size 0x0
      RenderBlock {HR} at (0,860) size 769x2 [border: (1px inset #000000)]
      RenderBlock (anonymous) at (0,870) size 769x19
        RenderText {#text} at (0,0) size 40x19
          text run at (0,0) width 40: "DEL: "
        RenderInline {DEL} at (0,0) size 0x19
          RenderInline {FONT} at (0,0) size 0x19 [color=#008000]
        RenderInline {FONT} at (0,0) size 171x19 [color=#008000]
          RenderText {#text} at (40,0) size 171x19
            text run at (40,0) width 171: "All of this should be green."
        RenderText {#text} at (0,0) size 0x0
      RenderBlock {HR} at (0,897) size 769x2 [border: (1px inset #000000)]
      RenderBlock (anonymous) at (0,907) size 769x19
        RenderText {#text} at (0,0) size 41x19
          text run at (0,0) width 41: "DFN: "
        RenderInline {DFN} at (0,0) size 0x19
          RenderInline {FONT} at (0,0) size 0x19 [color=#008000]
        RenderInline {FONT} at (0,0) size 171x19 [color=#008000]
          RenderText {#text} at (41,0) size 171x19
            text run at (41,0) width 171: "All of this should be green."
        RenderText {#text} at (0,0) size 0x0
      RenderBlock {HR} at (0,934) size 769x2 [border: (1px inset #000000)]
      RenderBlock (anonymous) at (0,944) size 769x19
        RenderText {#text} at (0,0) size 36x19
          text run at (0,0) width 36: "DIR: "
        RenderInline {DIR} at (0,0) size 0x19
          RenderInline {FONT} at (0,0) size 0x19 [color=#008000]
        RenderInline {FONT} at (0,0) size 171x19 [color=#008000]
          RenderText {#text} at (36,0) size 171x19
            text run at (36,0) width 171: "All of this should be green."
        RenderText {#text} at (0,0) size 0x0
      RenderBlock {HR} at (0,971) size 769x2 [border: (1px inset #000000)]
      RenderBlock (anonymous) at (0,981) size 769x19
        RenderText {#text} at (0,0) size 37x19
          text run at (0,0) width 37: "DIV: "
        RenderInline {DIV} at (0,0) size 0x19
          RenderInline {FONT} at (0,0) size 0x19 [color=#008000]
        RenderInline {FONT} at (0,0) size 171x19 [color=#008000]
          RenderText {#text} at (37,0) size 171x19
            text run at (37,0) width 171: "All of this should be green."
        RenderText {#text} at (0,0) size 0x0
      RenderBlock {HR} at (0,1008) size 769x2 [border: (1px inset #000000)]
      RenderBlock (anonymous) at (0,1018) size 769x19
        RenderText {#text} at (0,0) size 30x19
          text run at (0,0) width 30: "DL: "
        RenderInline {DL} at (0,0) size 0x19
          RenderInline {FONT} at (0,0) size 0x19 [color=#008000]
        RenderInline {FONT} at (0,0) size 171x19 [color=#008000]
          RenderText {#text} at (30,0) size 171x19
            text run at (30,0) width 171: "All of this should be green."
        RenderText {#text} at (0,0) size 0x0
      RenderBlock {HR} at (0,1045) size 769x2 [border: (1px inset #000000)]
      RenderBlock (anonymous) at (0,1055) size 769x19
        RenderText {#text} at (0,0) size 30x19
          text run at (0,0) width 30: "DT: "
        RenderInline {DL} at (0,0) size 0x19
          RenderInline {DT} at (0,0) size 0x19
            RenderInline {FONT} at (0,0) size 0x19 [color=#008000]
        RenderInline {FONT} at (0,0) size 171x19 [color=#008000]
          RenderText {#text} at (30,0) size 171x19
            text run at (30,0) width 171: "All of this should be green."
        RenderText {#text} at (0,0) size 0x0
      RenderBlock {HR} at (0,1082) size 769x2 [border: (1px inset #000000)]
      RenderBlock (anonymous) at (0,1092) size 769x19
        RenderText {#text} at (0,0) size 32x19
          text run at (0,0) width 32: "EM: "
        RenderInline {EM} at (0,0) size 0x19
          RenderInline {FONT} at (0,0) size 0x19 [color=#008000]
        RenderInline {FONT} at (0,0) size 171x19 [color=#008000]
          RenderText {#text} at (32,0) size 171x19
            text run at (32,0) width 171: "All of this should be green."
        RenderText {#text} at (0,0) size 0x0
      RenderBlock {HR} at (0,1119) size 769x2 [border: (1px inset #000000)]
      RenderBlock (anonymous) at (0,1129) size 769x19
        RenderText {#text} at (0,0) size 65x19
          text run at (0,0) width 65: "EMBED: "
        RenderEmbeddedObject {EMBED} at (65,15) size 0x0
        RenderInline {FONT} at (0,0) size 171x19 [color=#008000]
          RenderText {#text} at (65,0) size 171x19
            text run at (65,0) width 171: "All of this should be green."
        RenderText {#text} at (0,0) size 0x0
      RenderBlock {HR} at (0,1156) size 769x2 [border: (1px inset #000000)]
      RenderBlock (anonymous) at (0,1166) size 769x19
        RenderText {#text} at (0,0) size 83x19
          text run at (0,0) width 83: "FIELDSET: "
        RenderFieldSet {FIELDSET} at (83,15) size 0x0
          RenderInline {FONT} at (0,0) size 0x0 [color=#008000]
        RenderInline {FONT} at (0,0) size 171x19 [color=#008000]
          RenderText {#text} at (83,0) size 171x19
            text run at (83,0) width 171: "All of this should be green."
        RenderText {#text} at (0,0) size 0x0
      RenderBlock {HR} at (0,1193) size 769x2 [border: (1px inset #000000)]
      RenderBlock (anonymous) at (0,1203) size 769x19
        RenderText {#text} at (0,0) size 51x19
          text run at (0,0) width 51: "FONT: "
        RenderInline {FONT} at (0,0) size 0x19 [color=#008000]
          RenderInline {I} at (0,0) size 0x19
        RenderInline {I} at (0,0) size 171x19 [color=#008000]
          RenderText {#text} at (51,0) size 171x19
            text run at (51,0) width 171: "All of this should be green."
        RenderText {#text} at (0,0) size 0x0
      RenderBlock {HR} at (0,1230) size 769x2 [border: (1px inset #000000)]
      RenderBlock (anonymous) at (0,1240) size 769x19
        RenderText {#text} at (0,0) size 54x19
          text run at (0,0) width 54: "FORM: "
        RenderInline {FORM} at (0,0) size 171x19
          RenderInline {FONT} at (0,0) size 171x19 [color=#008000]
            RenderText {#text} at (54,0) size 171x19
              text run at (54,0) width 171: "All of this should be green."
        RenderText {#text} at (0,0) size 0x0
      RenderBlock {HR} at (0,1267) size 769x2 [border: (1px inset #000000)]
      RenderBlock (anonymous) at (0,1277) size 769x19
        RenderText {#text} at (0,0) size 24x19
          text run at (0,0) width 24: "H1:"
      RenderBlock {H1} at (0,1317) size 769x0
        RenderInline {FONT} at (0,0) size 0x0 [color=#008000]
      RenderBlock (anonymous) at (0,1317) size 769x19
        RenderInline {FONT} at (0,0) size 171x19 [color=#008000]
          RenderText {#text} at (0,0) size 171x19
            text run at (0,0) width 171: "All of this should be green."
        RenderText {#text} at (0,0) size 0x0
      RenderBlock {HR} at (0,1344) size 769x2 [border: (1px inset #000000)]
      RenderBlock (anonymous) at (0,1354) size 769x19
        RenderText {#text} at (0,0) size 24x19
          text run at (0,0) width 24: "H2:"
      RenderBlock {H2} at (0,1392) size 769x0
        RenderInline {FONT} at (0,0) size 0x0 [color=#008000]
      RenderBlock (anonymous) at (0,1392) size 769x19
        RenderInline {FONT} at (0,0) size 171x19 [color=#008000]
          RenderText {#text} at (0,0) size 171x19
            text run at (0,0) width 171: "All of this should be green."
        RenderText {#text} at (0,0) size 0x0
      RenderBlock {HR} at (0,1419) size 769x2 [border: (1px inset #000000)]
      RenderBlock (anonymous) at (0,1429) size 769x19
        RenderText {#text} at (0,0) size 24x19
          text run at (0,0) width 24: "H3:"
      RenderBlock {H3} at (0,1466) size 769x0
        RenderInline {FONT} at (0,0) size 0x0 [color=#008000]
      RenderBlock (anonymous) at (0,1466) size 769x19
        RenderInline {FONT} at (0,0) size 171x19 [color=#008000]
          RenderText {#text} at (0,0) size 171x19
            text run at (0,0) width 171: "All of this should be green."
        RenderText {#text} at (0,0) size 0x0
      RenderBlock {HR} at (0,1493) size 769x2 [border: (1px inset #000000)]
      RenderBlock (anonymous) at (0,1503) size 769x19
        RenderText {#text} at (0,0) size 24x19
          text run at (0,0) width 24: "H4:"
      RenderBlock {H4} at (0,1543) size 769x0
        RenderInline {FONT} at (0,0) size 0x0 [color=#008000]
      RenderBlock (anonymous) at (0,1543) size 769x19
        RenderInline {FONT} at (0,0) size 171x19 [color=#008000]
          RenderText {#text} at (0,0) size 171x19
            text run at (0,0) width 171: "All of this should be green."
        RenderText {#text} at (0,0) size 0x0
      RenderBlock {HR} at (0,1570) size 769x2 [border: (1px inset #000000)]
      RenderBlock (anonymous) at (0,1580) size 769x19
        RenderText {#text} at (0,0) size 24x19
          text run at (0,0) width 24: "H5:"
      RenderBlock {H5} at (0,1621) size 769x0
        RenderInline {FONT} at (0,0) size 0x0 [color=#008000]
      RenderBlock (anonymous) at (0,1621) size 769x19
        RenderInline {FONT} at (0,0) size 171x19 [color=#008000]
          RenderText {#text} at (0,0) size 171x19
            text run at (0,0) width 171: "All of this should be green."
        RenderText {#text} at (0,0) size 0x0
      RenderBlock {HR} at (0,1648) size 769x2 [border: (1px inset #000000)]
      RenderBlock (anonymous) at (0,1658) size 769x19
        RenderText {#text} at (0,0) size 24x19
          text run at (0,0) width 24: "H6:"
      RenderBlock {H6} at (0,1701) size 769x0
        RenderInline {FONT} at (0,0) size 0x0 [color=#008000]
      RenderBlock (anonymous) at (0,1701) size 769x19
        RenderInline {FONT} at (0,0) size 171x19 [color=#008000]
          RenderText {#text} at (0,0) size 171x19
            text run at (0,0) width 171: "All of this should be green."
        RenderText {#text} at (0,0) size 0x0
      RenderBlock {HR} at (0,1728) size 769x2 [border: (1px inset #000000)]
      RenderBlock (anonymous) at (0,1738) size 769x19
        RenderText {#text} at (0,0) size 13x19
          text run at (0,0) width 13: "I: "
        RenderInline {I} at (0,0) size 0x19
          RenderInline {FONT} at (0,0) size 0x19 [color=#008000]
        RenderInline {FONT} at (0,0) size 171x19 [color=#008000]
          RenderText {#text} at (13,0) size 171x19
            text run at (13,0) width 171: "All of this should be green."
        RenderText {#text} at (0,0) size 0x0
      RenderBlock {HR} at (0,1765) size 769x2 [border: (1px inset #000000)]
      RenderBlock (anonymous) at (0,1775) size 769x19
        RenderText {#text} at (0,0) size 34x19
          text run at (0,0) width 34: "INS: "
        RenderInline {INS} at (0,0) size 0x19
          RenderInline {FONT} at (0,0) size 0x19 [color=#008000]
        RenderInline {FONT} at (0,0) size 171x19 [color=#008000]
          RenderText {#text} at (34,0) size 171x19
            text run at (34,0) width 171: "All of this should be green."
        RenderText {#text} at (0,0) size 0x0
      RenderBlock {HR} at (0,1802) size 769x2 [border: (1px inset #000000)]
      RenderBlock (anonymous) at (0,1812) size 769x19
        RenderText {#text} at (0,0) size 69x19
          text run at (0,0) width 69: "ISINDEX:"
        RenderInline {FORM} at (0,0) size 0x0
      RenderBlock (anonymous) at (0,1839) size 769x2
        RenderBlock {HR} at (0,0) size 769x2 [border: (1px inset #000000)]
      RenderBlock (anonymous) at (0,1849) size 769x33
        RenderInline {FORM} at (0,0) size 521x19
          RenderInline {LABEL} at (0,0) size 521x19
            RenderText {#text} at (0,8) size 322x19
              text run at (0,8) width 322: "This is a searchable index. Enter search keywords: "
            RenderTextControl {INPUT} at (324,2) size 195x29 [color=#202020]
      RenderBlock (anonymous) at (0,1890) size 769x2
        RenderBlock {HR} at (0,0) size 769x2 [border: (1px inset #000000)]
      RenderBlock (anonymous) at (0,1900) size 769x19
        RenderInline {FORM} at (0,0) size 0x0
        RenderInline {FONT} at (0,0) size 171x19 [color=#008000]
          RenderText {#text} at (0,0) size 171x19
            text run at (0,0) width 171: "All of this should be green."
        RenderText {#text} at (0,0) size 0x0
      RenderBlock {HR} at (0,1927) size 769x2 [border: (1px inset #000000)]
      RenderBlock (anonymous) at (0,1937) size 769x19
        RenderText {#text} at (0,0) size 43x19
          text run at (0,0) width 43: "KBD: "
        RenderInline {KBD} at (0,0) size 0x15
          RenderInline {FONT} at (0,0) size 0x15 [color=#008000]
        RenderInline {FONT} at (0,0) size 171x19 [color=#008000]
          RenderText {#text} at (43,0) size 171x19
            text run at (43,0) width 171: "All of this should be green."
        RenderText {#text} at (0,0) size 0x0
      RenderBlock {HR} at (0,1964) size 769x2 [border: (1px inset #000000)]
      RenderBlock (anonymous) at (0,1974) size 769x43
        RenderText {#text} at (0,12) size 76x19
          text run at (0,12) width 76: "KEYGEN: "
        RenderBlock {KEYGEN} at (78,2) size 56x39
          RenderMenuList {SELECT} at (0,0) size 56x39 [color=#202020]
            RenderBlock (anonymous) at (15,10) size 0x19
              RenderBR at (0,0) size 0x19
        RenderInline {FONT} at (0,0) size 171x19 [color=#008000]
          RenderText {#text} at (136,12) size 171x19
            text run at (136,12) width 171: "All of this should be green."
        RenderText {#text} at (0,0) size 0x0
      RenderBlock {HR} at (0,2025) size 769x2 [border: (1px inset #000000)]
      RenderBlock (anonymous) at (0,2035) size 769x19
        RenderText {#text} at (0,0) size 61x19
          text run at (0,0) width 61: "LABEL: "
        RenderInline {LABEL} at (0,0) size 0x19
          RenderInline {FONT} at (0,0) size 0x19 [color=#008000]
        RenderInline {FONT} at (0,0) size 171x19 [color=#008000]
          RenderText {#text} at (61,0) size 171x19
            text run at (61,0) width 171: "All of this should be green."
        RenderText {#text} at (0,0) size 0x0
      RenderBlock {HR} at (0,2062) size 769x2 [border: (1px inset #000000)]
      RenderBlock (anonymous) at (0,2072) size 769x19
        RenderText {#text} at (0,0) size 74x19
          text run at (0,0) width 74: "LEGEND: "
        RenderFieldSet {FIELDSET} at (74,15) size 4x0
          RenderBlock {LEGEND} at (0,0) size 4x0
            RenderInline {FONT} at (0,0) size 0x0 [color=#008000]
        RenderInline {FONT} at (0,0) size 171x19 [color=#008000]
          RenderText {#text} at (78,0) size 171x19
            text run at (78,0) width 171: "All of this should be green."
        RenderText {#text} at (0,0) size 0x0
      RenderBlock {HR} at (0,2099) size 769x2 [border: (1px inset #000000)]
      RenderBlock (anonymous) at (0,2109) size 769x19
        RenderText {#text} at (0,0) size 23x19
          text run at (0,0) width 23: "LI: "
        RenderInline {LI} at (0,0) size 0x19
          RenderInline {FONT} at (0,0) size 0x19 [color=#008000]
        RenderInline {FONT} at (0,0) size 171x19 [color=#008000]
          RenderText {#text} at (23,0) size 171x19
            text run at (23,0) width 171: "All of this should be green."
        RenderText {#text} at (0,0) size 0x0
      RenderBlock {HR} at (0,2136) size 769x2 [border: (1px inset #000000)]
      RenderBlock (anonymous) at (0,2146) size 769x19
        RenderText {#text} at (0,0) size 67x19
          text run at (0,0) width 67: "LISTING:"
      RenderBlock {LISTING} at (0,2178) size 769x0
        RenderInline {FONT} at (0,0) size 0x0 [color=#008000]
      RenderBlock (anonymous) at (0,2178) size 769x19
        RenderInline {FONT} at (0,0) size 171x19 [color=#008000]
          RenderText {#text} at (0,0) size 171x19
            text run at (0,0) width 171: "All of this should be green."
        RenderText {#text} at (0,0) size 0x0
      RenderBlock {HR} at (0,2205) size 769x2 [border: (1px inset #000000)]
      RenderBlock (anonymous) at (0,2215) size 769x19
        RenderText {#text} at (0,0) size 43x19
          text run at (0,0) width 43: "MAP: "
        RenderInline {MAP} at (0,0) size 0x19
          RenderInline {FONT} at (0,0) size 0x19 [color=#008000]
        RenderInline {FONT} at (0,0) size 171x19 [color=#008000]
          RenderText {#text} at (43,0) size 171x19
            text run at (43,0) width 171: "All of this should be green."
        RenderText {#text} at (0,0) size 0x0
      RenderBlock {HR} at (0,2242) size 769x2 [border: (1px inset #000000)]
      RenderBlock (anonymous) at (0,2252) size 769x57
        RenderText {#text} at (0,0) size 89x19
          text run at (0,0) width 89: "MARQUEE: "
        RenderText {#text} at (0,38) size 171x19
          text run at (0,38) width 171: "All of this should be green."
      RenderBlock {HR} at (0,2317) size 769x2 [border: (1px inset #000000)]
      RenderBlock (anonymous) at (0,2327) size 769x19
        RenderText {#text} at (0,0) size 52x19
          text run at (0,0) width 52: "MENU:"
      RenderBlock {MENU} at (0,2362) size 769x0
        RenderInline {FONT} at (0,0) size 0x0 [color=#008000]
      RenderBlock (anonymous) at (0,2362) size 769x19
        RenderInline {FONT} at (0,0) size 171x19 [color=#008000]
          RenderText {#text} at (0,0) size 171x19
            text run at (0,0) width 171: "All of this should be green."
        RenderText {#text} at (0,0) size 0x0
      RenderBlock {HR} at (0,2389) size 769x2 [border: (1px inset #000000)]
      RenderBlock (anonymous) at (0,2399) size 769x19
        RenderText {#text} at (0,0) size 54x19
          text run at (0,0) width 54: "NOBR: "
        RenderInline {NOBR} at (0,0) size 0x19
          RenderInline {FONT} at (0,0) size 0x19 [color=#008000]
        RenderInline {FONT} at (0,0) size 171x19 [color=#008000]
          RenderText {#text} at (54,0) size 171x19
            text run at (54,0) width 171: "All of this should be green."
        RenderText {#text} at (0,0) size 0x0
      RenderBlock {HR} at (0,2426) size 769x2 [border: (1px inset #000000)]
      RenderBlock (anonymous) at (0,2436) size 769x19
        RenderText {#text} at (0,0) size 68x19
          text run at (0,0) width 68: "OBJECT: "
        RenderInline {FONT} at (0,0) size 171x19 [color=#008000]
          RenderInline {OBJECT} at (0,0) size 0x19
            RenderInline {FONT} at (0,0) size 0x19 [color=#FF0000]
          RenderText {#text} at (68,0) size 171x19
            text run at (68,0) width 171: "All of this should be green."
        RenderText {#text} at (0,0) size 0x0
      RenderBlock {HR} at (0,2463) size 769x2 [border: (1px inset #000000)]
      RenderBlock (anonymous) at (0,2473) size 769x19
        RenderText {#text} at (0,0) size 26x19
          text run at (0,0) width 26: "OL:"
      RenderBlock {OL} at (0,2508) size 769x0
        RenderInline {FONT} at (0,0) size 0x0 [color=#008000]
      RenderBlock (anonymous) at (0,2508) size 769x19
        RenderInline {FONT} at (0,0) size 171x19 [color=#008000]
          RenderText {#text} at (0,0) size 171x19
            text run at (0,0) width 171: "All of this should be green."
        RenderText {#text} at (0,0) size 0x0
      RenderBlock {HR} at (0,2535) size 769x2 [border: (1px inset #000000)]
      RenderBlock (anonymous) at (0,2545) size 769x43
        RenderText {#text} at (0,12) size 95x19
          text run at (0,12) width 95: "OPTGROUP: "
        RenderInline {FONT} at (0,0) size 265x19 [color=#008000]
          RenderMenuList {SELECT} at (97,2) size 86x39 [color=#202020]
            RenderBlock (anonymous) at (15,10) size 30x19
              RenderText at (0,0) size 30x19
                text run at (0,0) width 30: "One"
          RenderText {#text} at (185,12) size 175x19
            text run at (185,12) width 175: " All of this should be green."
        RenderText {#text} at (0,0) size 0x0
      RenderBlock {HR} at (0,2596) size 769x2 [border: (1px inset #000000)]
      RenderBlock (anonymous) at (0,2606) size 769x43
        RenderText {#text} at (0,12) size 68x19
          text run at (0,12) width 68: "OPTION: "
        RenderInline {FONT} at (0,0) size 266x19 [color=#008000]
          RenderMenuList {SELECT} at (70,2) size 87x39 [color=#202020]
            RenderBlock (anonymous) at (15,10) size 31x19
              RenderText at (0,0) size 30x19
                text run at (0,0) width 30: "One"
          RenderText {#text} at (159,12) size 175x19
            text run at (159,12) width 175: " All of this should be green."
        RenderText {#text} at (0,0) size 0x0
      RenderBlock {HR} at (0,2657) size 769x2 [border: (1px inset #000000)]
      RenderBlock (anonymous) at (0,2667) size 769x19
        RenderText {#text} at (0,0) size 17x19
          text run at (0,0) width 17: "P: "
        RenderInline {P} at (0,0) size 0x19
          RenderInline {FONT} at (0,0) size 0x19 [color=#008000]
        RenderInline {FONT} at (0,0) size 171x19 [color=#008000]
          RenderText {#text} at (17,0) size 171x19
            text run at (17,0) width 171: "All of this should be green."
        RenderText {#text} at (0,0) size 0x0
      RenderBlock {HR} at (0,2694) size 769x2 [border: (1px inset #000000)]
      RenderBlock (anonymous) at (0,2704) size 769x19
        RenderText {#text} at (0,0) size 66x19
          text run at (0,0) width 66: "PARAM: "
        RenderInline {FONT} at (0,0) size 171x19 [color=#008000]
          RenderInline {OBJECT} at (0,0) size 0x19
            RenderInline {FONT} at (0,0) size 0x19 [color=#FF0000]
          RenderText {#text} at (66,0) size 171x19
            text run at (66,0) width 171: "All of this should be green."
        RenderText {#text} at (0,0) size 0x0
      RenderBlock {HR} at (0,2731) size 769x2 [border: (1px inset #000000)]
      RenderBlock (anonymous) at (0,2741) size 769x19
        RenderText {#text} at (0,0) size 34x19
          text run at (0,0) width 34: "PRE:"
      RenderBlock {PRE} at (0,2773) size 769x0
        RenderInline {FONT} at (0,0) size 0x0 [color=#008000]
      RenderBlock (anonymous) at (0,2773) size 769x19
        RenderInline {FONT} at (0,0) size 171x19 [color=#008000]
          RenderText {#text} at (0,0) size 171x19
            text run at (0,0) width 171: "All of this should be green."
        RenderText {#text} at (0,0) size 0x0
      RenderBlock {HR} at (0,2800) size 769x2 [border: (1px inset #000000)]
      RenderBlock (anonymous) at (0,2810) size 769x19
        RenderText {#text} at (0,0) size 20x19
          text run at (0,0) width 20: "Q: "
        RenderInline {Q} at (0,0) size 14x19
          RenderInline (generated) at (0,0) size 7x19
            RenderQuote at (20,0) size 7x19
              text run at (20,0) width 7: "\""
          RenderInline {FONT} at (0,0) size 0x19 [color=#008000]
          RenderInline (generated) at (0,0) size 7x19
            RenderQuote at (27,0) size 7x19
              text run at (27,0) width 7: "\""
        RenderInline {FONT} at (0,0) size 171x19 [color=#008000]
          RenderText {#text} at (34,0) size 171x19
            text run at (34,0) width 171: "All of this should be green."
        RenderText {#text} at (0,0) size 0x0
      RenderBlock {HR} at (0,2837) size 769x2 [border: (1px inset #000000)]
      RenderBlock (anonymous) at (0,2847) size 769x19
        RenderText {#text} at (0,0) size 17x19
          text run at (0,0) width 17: "S: "
        RenderInline {S} at (0,0) size 0x19
          RenderInline {FONT} at (0,0) size 0x19 [color=#008000]
        RenderInline {FONT} at (0,0) size 171x19 [color=#008000]
          RenderText {#text} at (17,0) size 171x19
            text run at (17,0) width 171: "All of this should be green."
        RenderText {#text} at (0,0) size 0x0
      RenderBlock {HR} at (0,2874) size 769x2 [border: (1px inset #000000)]
      RenderBlock (anonymous) at (0,2884) size 769x19
        RenderText {#text} at (0,0) size 52x19
          text run at (0,0) width 52: "SAMP: "
        RenderInline {SAMP} at (0,0) size 0x15
          RenderInline {FONT} at (0,0) size 0x15 [color=#008000]
        RenderInline {FONT} at (0,0) size 171x19 [color=#008000]
          RenderText {#text} at (52,0) size 171x19
            text run at (52,0) width 171: "All of this should be green."
        RenderText {#text} at (0,0) size 0x0
      RenderBlock {HR} at (0,2911) size 769x2 [border: (1px inset #000000)]
      RenderBlock (anonymous) at (0,2921) size 769x43
        RenderText {#text} at (0,12) size 68x19
          text run at (0,12) width 68: "SELECT: "
        RenderInline {FONT} at (0,0) size 231x19 [color=#008000]
          RenderMenuList {SELECT} at (70,2) size 56x39 [color=#202020]
            RenderBlock (anonymous) at (15,10) size 0x19
              RenderBR at (0,0) size 0x19
          RenderText {#text} at (128,12) size 171x19
            text run at (128,12) width 171: "All of this should be green."
        RenderText {#text} at (0,0) size 0x0
      RenderBlock {HR} at (0,2972) size 769x2 [border: (1px inset #000000)]
      RenderBlock (anonymous) at (0,2982) size 769x19
        RenderText {#text} at (0,0) size 63x19
          text run at (0,0) width 63: "SMALL: "
        RenderInline {SMALL} at (0,0) size 0x15
          RenderInline {FONT} at (0,0) size 0x15 [color=#008000]
        RenderInline {FONT} at (0,0) size 171x19 [color=#008000]
          RenderText {#text} at (63,0) size 171x19
            text run at (63,0) width 171: "All of this should be green."
        RenderText {#text} at (0,0) size 0x0
      RenderBlock {HR} at (0,3009) size 769x2 [border: (1px inset #000000)]
      RenderBlock (anonymous) at (0,3019) size 769x19
        RenderText {#text} at (0,0) size 50x19
          text run at (0,0) width 50: "SPAN: "
        RenderInline {SPAN} at (0,0) size 0x19
          RenderInline {FONT} at (0,0) size 0x19 [color=#008000]
        RenderInline {FONT} at (0,0) size 171x19 [color=#008000]
          RenderText {#text} at (50,0) size 171x19
            text run at (50,0) width 171: "All of this should be green."
        RenderText {#text} at (0,0) size 0x0
      RenderBlock {HR} at (0,3046) size 769x2 [border: (1px inset #000000)]
      RenderBlock (anonymous) at (0,3056) size 769x19
        RenderText {#text} at (0,0) size 65x19
          text run at (0,0) width 65: "STRIKE: "
        RenderInline {STRIKE} at (0,0) size 0x19
          RenderInline {FONT} at (0,0) size 0x19 [color=#008000]
        RenderInline {FONT} at (0,0) size 171x19 [color=#008000]
          RenderText {#text} at (65,0) size 171x19
            text run at (65,0) width 171: "All of this should be green."
        RenderText {#text} at (0,0) size 0x0
      RenderBlock {HR} at (0,3083) size 769x2 [border: (1px inset #000000)]
      RenderBlock (anonymous) at (0,3093) size 769x19
        RenderText {#text} at (0,0) size 74x19
          text run at (0,0) width 74: "STRONG: "
        RenderInline {STRONG} at (0,0) size 0x19
          RenderInline {FONT} at (0,0) size 0x19 [color=#008000]
        RenderInline {FONT} at (0,0) size 171x19 [color=#008000]
          RenderText {#text} at (74,0) size 171x19
            text run at (74,0) width 171: "All of this should be green."
        RenderText {#text} at (0,0) size 0x0
      RenderBlock {HR} at (0,3120) size 769x2 [border: (1px inset #000000)]
      RenderBlock (anonymous) at (0,3130) size 769x22
        RenderText {#text} at (0,0) size 40x19
          text run at (0,0) width 40: "SUB: "
        RenderInline {SUB} at (0,0) size 0x15
          RenderInline {FONT} at (0,0) size 0x15 [color=#008000]
        RenderInline {FONT} at (0,0) size 171x19 [color=#008000]
          RenderText {#text} at (40,0) size 171x19
            text run at (40,0) width 171: "All of this should be green."
        RenderText {#text} at (0,0) size 0x0
      RenderBlock {HR} at (0,3160) size 769x2 [border: (1px inset #000000)]
      RenderBlock (anonymous) at (0,3170) size 769x22
        RenderText {#text} at (0,3) size 38x19
          text run at (0,3) width 38: "SUP: "
        RenderInline {SUP} at (0,0) size 0x15
          RenderInline {FONT} at (0,0) size 0x15 [color=#008000]
        RenderInline {FONT} at (0,0) size 171x19 [color=#008000]
          RenderText {#text} at (38,3) size 171x19
            text run at (38,3) width 171: "All of this should be green."
        RenderText {#text} at (0,0) size 0x0
      RenderBlock {HR} at (0,3200) size 769x2 [border: (1px inset #000000)]
      RenderBlock (anonymous) at (0,3210) size 769x19
        RenderText {#text} at (0,0) size 61x19
          text run at (0,0) width 61: "TABLE: "
        RenderInline {FONT} at (0,0) size 173x19 [color=#008000]
          RenderInline {FONT} at (0,0) size 0x19 [color=#FF0000]
          RenderTable {TABLE} at (61,15) size 2x0
          RenderInline {FONT} at (0,0) size 171x19 [color=#FF0000]
            RenderText {#text} at (63,0) size 171x19
              text run at (63,0) width 171: "All of this should be green."
          RenderText {#text} at (0,0) size 0x0
      RenderBlock (anonymous) at (0,3237) size 769x2 [color=#008000]
        RenderBlock {HR} at (0,0) size 769x2 [border: (1px inset #008000)]
      RenderBlock (anonymous) at (0,3247) size 769x19
        RenderInline {FONT} at (0,0) size 238x19 [color=#008000]
          RenderText {#text} at (0,0) size 65x19
            text run at (0,0) width 65: "TBODY: "
          RenderInline {FONT} at (0,0) size 173x19
            RenderInline {FONT} at (0,0) size 0x19
            RenderTable {TABLE} at (65,13) size 2x2
              RenderTableSection {TBODY} at (0,0) size 2x2
            RenderInline {FONT} at (0,0) size 171x19
              RenderText {#text} at (67,0) size 171x19
                text run at (67,0) width 171: "All of this should be green."
            RenderText {#text} at (0,0) size 0x0
      RenderBlock (anonymous) at (0,3274) size 769x2 [color=#008000]
        RenderBlock {HR} at (0,0) size 769x2 [border: (1px inset #008000)]
      RenderBlock (anonymous) at (0,3284) size 769x19
        RenderInline {FONT} at (0,0) size 207x19 [color=#008000]
          RenderInline {FONT} at (0,0) size 207x19
            RenderText {#text} at (0,0) size 30x19
              text run at (0,0) width 30: "TD: "
            RenderInline {FONT} at (0,0) size 177x19
              RenderTable {TABLE} at (30,9) size 6x6
                RenderTableSection {TBODY} at (0,0) size 6x6
                  RenderTableRow {TR} at (0,2) size 6x2
                    RenderTableCell {TD} at (2,2) size 2x2 [r=0 c=0 rs=1 cs=1]
                      RenderInline {FONT} at (0,0) size 0x0 [color=#FF0000]
              RenderText {#text} at (36,0) size 171x19
                text run at (36,0) width 171: "All of this should be green."
            RenderText {#text} at (0,0) size 0x0
      RenderBlock (anonymous) at (0,3311) size 769x2 [color=#008000]
        RenderBlock {HR} at (0,0) size 769x2 [border: (1px inset #008000)]
      RenderBlock (anonymous) at (0,3321) size 769x19
        RenderInline {FONT} at (0,0) size 234x19 [color=#008000]
          RenderInline {FONT} at (0,0) size 234x19
            RenderText {#text} at (0,0) size 61x19
              text run at (0,0) width 61: "TFOOT: "
            RenderInline {FONT} at (0,0) size 173x19
              RenderInline {FONT} at (0,0) size 0x19
              RenderTable {TABLE} at (61,13) size 2x2
                RenderTableSection {TFOOT} at (0,0) size 2x2
              RenderInline {FONT} at (0,0) size 171x19
                RenderText {#text} at (63,0) size 171x19
                  text run at (63,0) width 171: "All of this should be green."
              RenderText {#text} at (0,0) size 0x0
      RenderBlock (anonymous) at (0,3348) size 769x2 [color=#008000]
        RenderBlock {HR} at (0,0) size 769x2 [border: (1px inset #008000)]
      RenderBlock (anonymous) at (0,3358) size 769x19
        RenderInline {FONT} at (0,0) size 237x19 [color=#008000]
          RenderInline {FONT} at (0,0) size 237x19
            RenderInline {FONT} at (0,0) size 237x19
              RenderText {#text} at (0,0) size 64x19
                text run at (0,0) width 64: "THEAD: "
              RenderInline {FONT} at (0,0) size 173x19
                RenderInline {FONT} at (0,0) size 0x19
                RenderTable {TABLE} at (64,13) size 2x2
                  RenderTableSection {THEAD} at (0,0) size 2x2
                RenderInline {FONT} at (0,0) size 171x19
                  RenderText {#text} at (66,0) size 171x19
                    text run at (66,0) width 171: "All of this should be green."
                RenderText {#text} at (0,0) size 0x0
      RenderBlock (anonymous) at (0,3385) size 769x2 [color=#008000]
        RenderBlock {HR} at (0,0) size 769x2 [border: (1px inset #008000)]
      RenderBlock (anonymous) at (0,3395) size 769x19
        RenderInline {FONT} at (0,0) size 202x19 [color=#008000]
          RenderInline {FONT} at (0,0) size 202x19
            RenderInline {FONT} at (0,0) size 202x19
              RenderInline {FONT} at (0,0) size 202x19
                RenderText {#text} at (0,0) size 29x19
                  text run at (0,0) width 29: "TR: "
                RenderInline {FONT} at (0,0) size 173x19
                  RenderInline {FONT} at (0,0) size 0x19
                  RenderTable {TABLE} at (29,11) size 2x4
                    RenderTableSection {TBODY} at (0,0) size 2x4
                      RenderTableRow {TR} at (0,2) size 2x0
                  RenderInline {FONT} at (0,0) size 171x19
                    RenderText {#text} at (31,0) size 171x19
                      text run at (31,0) width 171: "All of this should be green."
                  RenderText {#text} at (0,0) size 0x0
      RenderBlock (anonymous) at (0,3422) size 769x2 [color=#008000]
        RenderBlock {HR} at (0,0) size 769x2 [border: (1px inset #008000)]
      RenderBlock (anonymous) at (0,3432) size 769x19
        RenderInline {FONT} at (0,0) size 199x19 [color=#008000]
          RenderInline {FONT} at (0,0) size 199x19
            RenderInline {FONT} at (0,0) size 199x19
              RenderInline {FONT} at (0,0) size 199x19
                RenderInline {FONT} at (0,0) size 199x19
                  RenderText {#text} at (0,0) size 28x19
                    text run at (0,0) width 28: "TT: "
                  RenderInline {TT} at (0,0) size 0x15
                    RenderInline {FONT} at (0,0) size 0x15
                  RenderInline {FONT} at (0,0) size 171x19
                    RenderText {#text} at (28,0) size 171x19
                      text run at (28,0) width 171: "All of this should be green."
                  RenderText {#text} at (0,0) size 0x0
      RenderBlock (anonymous) at (0,3459) size 769x2 [color=#008000]
        RenderBlock {HR} at (0,0) size 769x2 [border: (1px inset #008000)]
      RenderBlock (anonymous) at (0,3469) size 769x19
        RenderInline {FONT} at (0,0) size 191x19 [color=#008000]
          RenderInline {FONT} at (0,0) size 191x19
            RenderInline {FONT} at (0,0) size 191x19
              RenderInline {FONT} at (0,0) size 191x19
                RenderInline {FONT} at (0,0) size 191x19
                  RenderText {#text} at (0,0) size 20x19
                    text run at (0,0) width 20: "U: "
                  RenderInline {U} at (0,0) size 0x19
                    RenderInline {FONT} at (0,0) size 0x19
                  RenderInline {FONT} at (0,0) size 171x19
                    RenderText {#text} at (20,0) size 171x19
                      text run at (20,0) width 171: "All of this should be green."
                  RenderText {#text} at (0,0) size 0x0
      RenderBlock (anonymous) at (0,3496) size 769x2 [color=#008000]
        RenderBlock {HR} at (0,0) size 769x2 [border: (1px inset #008000)]
      RenderBlock (anonymous) at (0,3506) size 769x19
        RenderInline {FONT} at (0,0) size 26x19 [color=#008000]
          RenderInline {FONT} at (0,0) size 26x19
            RenderInline {FONT} at (0,0) size 26x19
              RenderInline {FONT} at (0,0) size 26x19
                RenderInline {FONT} at (0,0) size 26x19
                  RenderText {#text} at (0,0) size 26x19
                    text run at (0,0) width 26: "UL:"
      RenderBlock (anonymous) at (0,3541) size 769x0 [color=#008000]
        RenderBlock {UL} at (0,0) size 769x0
          RenderInline {FONT} at (0,0) size 0x0
      RenderBlock (anonymous) at (0,3541) size 769x19
        RenderInline {FONT} at (0,0) size 171x19 [color=#008000]
          RenderInline {FONT} at (0,0) size 171x19
            RenderInline {FONT} at (0,0) size 171x19
              RenderInline {FONT} at (0,0) size 171x19
                RenderInline {FONT} at (0,0) size 171x19
                  RenderInline {FONT} at (0,0) size 171x19
                    RenderText {#text} at (0,0) size 171x19
                      text run at (0,0) width 171: "All of this should be green."
                  RenderText {#text} at (0,0) size 0x0
      RenderBlock (anonymous) at (0,3568) size 769x2 [color=#008000]
        RenderBlock {HR} at (0,0) size 769x2 [border: (1px inset #008000)]
      RenderBlock (anonymous) at (0,3578) size 769x19
        RenderInline {FONT} at (0,0) size 214x19 [color=#008000]
          RenderInline {FONT} at (0,0) size 214x19
            RenderInline {FONT} at (0,0) size 214x19
              RenderInline {FONT} at (0,0) size 214x19
                RenderInline {FONT} at (0,0) size 214x19
                  RenderText {#text} at (0,0) size 43x19
                    text run at (0,0) width 43: "VAR: "
                  RenderInline {VAR} at (0,0) size 0x19
                    RenderInline {FONT} at (0,0) size 0x19
                  RenderInline {FONT} at (0,0) size 171x19
                    RenderText {#text} at (43,0) size 171x19
                      text run at (43,0) width 171: "All of this should be green."
                  RenderText {#text} at (0,0) size 0x0
layer at (336,1878) size 188x19
  RenderBlock {DIV} at (4,6) size 188x19
