layer at (0,0) size 800x600
  RenderView at (0,0) size 800x600
layer at (0,0) size 800x184
  RenderBlock {html} at (0,0) size 800x184
    RenderBlock {parsererror} at (16,16) size 768x134 [bgcolor=#FFDDDD] [border: (2px solid #CC7777)]
      RenderBlock {h3} at (18,20) size 732x22
        RenderText {#text} at (0,0) size 323x21
          text run at (0,0) width 323: "This page contains the following errors:"
      RenderBlock {div} at (18,60) size 732x14
        RenderText {#text} at (0,0) size 569x14
          text run at (0,0) width 569: "error on line 7 at column 8: Opening and ending tag mismatch: p line 0 and body"
          text run at (568,0) width 1: " "
      RenderBlock {h3} at (18,92) size 732x22
        RenderText {#text} at (0,0) size 428x21
          text run at (0,0) width 428: "Below is a rendering of the page up to the first error."
    RenderBlock (anonymous) at (0,166) size 800x18
      RenderInline {body} at (0,0) size 183x17
        RenderText {#text} at (0,0) size 0x0
        RenderInline {p} at (0,0) size 183x17
          RenderText {#text} at (0,0) size 183x17
            text run at (0,0) width 183: "You should see errors above"
        RenderText {#text} at (0,0) size 0x0
        RenderInline {p} at (0,0) size 0x0
