layer at (0,0) size 800x600
  RenderView at (0,0) size 800x600
layer at (0,0) size 800x600
  RenderBlock {HTML} at (0,0) size 800x600
    RenderBody {BODY} at (8,8) size 784x574
      RenderBlock (anonymous) at (0,0) size 784x18
        RenderText {#text} at (0,0) size 574x17
          text run at (0,0) width 574: "In this sample, the H3s should be nested. This matches Firefox, IE, and the HTML5 spec."
      RenderBlock {H3} at (0,36) size 784x294 [border: (2px solid #FF0000)]
        RenderBlock (anonymous) at (4,4) size 776x22
          RenderInline {I} at (0,0) size 33x21
            RenderText {#text} at (0,0) size 33x21
              text run at (0,0) width 33: "One"
        RenderBlock (anonymous) at (4,47) size 776x222
          RenderBlock {H3} at (0,0) size 776x222 [border: (2px solid #FF0000)]
            RenderBlock (anonymous) at (4,4) size 768x26
              RenderInline {I} at (0,0) size 40x25
                RenderText {#text} at (0,0) size 40x25
                  text run at (0,0) width 40: "Two"
            RenderBlock (anonymous) at (4,55) size 768x138
              RenderBlock {H3} at (0,0) size 768x138 [border: (2px solid #FF0000)]
                RenderBlock (anonymous) at (4,4) size 760x30
                  RenderInline {I} at (0,0) size 64x29
                    RenderText {#text} at (0,0) size 64x29
                      text run at (0,0) width 64: "Three"
                RenderBlock (anonymous) at (4,63) size 760x42
                  RenderBlock {H3} at (0,0) size 760x42 [border: (2px solid #FF0000)]
                    RenderInline {I} at (0,0) size 64x33
                      RenderText {#text} at (4,4) size 64x33
                        text run at (4,4) width 64: "Four"
                RenderBlock (anonymous) at (4,134) size 760x0
                  RenderInline {I} at (0,0) size 0x0
            RenderBlock (anonymous) at (4,218) size 768x0
              RenderInline {I} at (0,0) size 0x0
        RenderBlock (anonymous) at (4,290) size 776x0
          RenderInline {I} at (0,0) size 0x0
