layer at (0,0) size 800x600
  RenderView at (0,0) size 800x600
layer at (0,0) size 800x600
  RenderBlock {HTML} at (0,0) size 800x600
    RenderBody {BODY} at (8,8) size 784x576
      RenderBlock {FORM} at (0,0) size 784x194
        RenderBlock {HR} at (0,0) size 602x2 [border: (1px inset #000000)]
        RenderTable {TABLE} at (0,10) size 600x184
          RenderTableSection {TBODY} at (0,0) size 600x184
            RenderTableRow {TR} at (0,2) size 600x44
              RenderTableCell {TD} at (2,2) size 594x44 [r=0 c=0 rs=1 cs=3]
                RenderImage {IMG} at (8,1) size 579x42
                RenderText {#text} at (0,0) size 0x0
            RenderTableRow {TR} at (0,48) size 600x55
              RenderTableCell {TD} at (2,55) size 594x40 [bgcolor=#99CCCC] [r=1 c=0 rs=1 cs=3]
                RenderInline {FONT} at (0,0) size 127x15
                  RenderInline {B} at (0,0) size 127x15
                    RenderText {#text} at (71,5) size 127x15
                      text run at (71,5) width 127: "Search the Web with"
                RenderText {#text} at (198,3) size 4x18
                  text run at (198,3) width 4: " "
                RenderMenuList {SELECT} at (204,4) size 80x18 [bgcolor=#FFFFFF]
                  RenderBlock (anonymous) at (0,0) size 80x18
                    RenderText at (8,2) size 49x13
                      text run at (8,2) width 49: "Netscape"
                RenderTextControl {INPUT} at (288,3) size 173x19 [bgcolor=#FFFFFF] [border: (2px inset #000000)]
                RenderText {#text} at (463,3) size 4x18
                  text run at (463,3) width 4: " "
                RenderButton {INPUT} at (469,4) size 52x18 [bgcolor=#C0C0C0]
                  RenderBlock (anonymous) at (8,2) size 36x13
                    RenderText at (0,0) size 36x13
                      text run at (0,0) width 36: "Search"
                RenderBR {BR} at (523,17) size 0x0
                RenderInline {SMALL} at (0,0) size 560x15
                  RenderInline {A} at (0,0) size 98x15 [color=#0000EE]
                    RenderText {#text} at (17,24) size 98x15
                      text run at (17,24) width 98: "Classifieds< /A>   "
                  RenderInline {A} at (0,0) size 58x15 [color=#0000EE]
                    RenderText {#text} at (115,24) size 58x15
                      text run at (115,24) width 22: "Net "
                      text run at (137,24) width 36: "Search"
                  RenderText {#text} at (173,24) size 9x15
                    text run at (173,24) width 9: "   "
                  RenderInline {A} at (0,0) size 82x15 [color=#0000EE]
                    RenderText {#text} at (182,24) size 82x15
                      text run at (182,24) width 56: "Find Web "
                      text run at (238,24) width 26: "Sites"
                  RenderText {#text} at (264,24) size 9x15
                    text run at (264,24) width 3: " "
                    text run at (267,24) width 6: "  "
                  RenderInline {A} at (0,0) size 66x15 [color=#0000EE]
                    RenderText {#text} at (273,24) size 66x15
                      text run at (273,24) width 39: "What's "
                      text run at (312,24) width 27: "Cool"
                  RenderText {#text} at (339,24) size 9x15
                    text run at (339,24) width 9: "   "
                  RenderInline {A} at (0,0) size 63x15 [color=#0000EE]
                    RenderText {#text} at (348,24) size 63x15
                      text run at (348,24) width 63: "What's New"
                  RenderText {#text} at (411,24) size 9x15
                    text run at (411,24) width 9: "   "
                  RenderInline {A} at (0,0) size 75x15 [color=#0000EE]
                    RenderText {#text} at (420,24) size 75x15
                      text run at (420,24) width 75: "People Finder"
                  RenderText {#text} at (495,24) size 9x15
                    text run at (495,24) width 9: "   "
                  RenderInline {A} at (0,0) size 73x15 [color=#0000EE]
                    RenderText {#text} at (504,24) size 73x15
                      text run at (504,24) width 73: "Yellow Pages"
                  RenderText {#text} at (0,0) size 0x0
                RenderText {#text} at (0,0) size 0x0
            RenderTableRow {TR} at (0,105) size 600x50
              RenderTableCell {TD} at (2,114) size 159x32 [r=2 c=0 rs=1 cs=1]
                RenderInline {A} at (0,0) size 115x33 [color=#0000EE]
                  RenderInline {FONT} at (0,0) size 115x30 [color=#CC0033]
                    RenderText {#text} at (22,1) size 115x30
                      text run at (22,1) width 115: "Download Netscape"
                      text run at (26,16) width 107: "Communicator 4.5"
              RenderTableCell {TD} at (163,105) size 270x50 [r=2 c=1 rs=1 cs=1]
                RenderInline {A} at (0,0) size 232x28 [color=#0000EE]
                  RenderImage {IMG} at (19,1) size 232x35 [border: (1px solid #0000EE)]
                  RenderBR {BR} at (251,36) size 0x0
                  RenderInline {FONT} at (0,0) size 46x13
                    RenderText {#text} at (112,36) size 46x13
                      text run at (112,36) width 46: "Click Here!"
                RenderBR {BR} at (158,46) size 0x0
              RenderTableCell {TD} at (435,121) size 161x17 [r=2 c=2 rs=1 cs=1]
                RenderInline {A} at (0,0) size 129x18 [color=#0000EE]
                  RenderInline {FONT} at (0,0) size 129x15 [color=#0066FF]
                    RenderText {#text} at (16,1) size 129x15
                      text run at (16,1) width 129: "Hassle-Free Upgrades"
                RenderText {#text} at (0,0) size 0x0
            RenderTableRow {TR} at (0,157) size 600x20
              RenderTableCell {TD} at (2,157) size 594x20 [r=3 c=0 rs=1 cs=3]
                RenderInline {A} at (0,0) size 48x18 [color=#0000EE]
                  RenderInline {FONT} at (0,0) size 48x15 [color=#0066FF]
                    RenderInline {B} at (0,0) size 48x15
                      RenderText {#text} at (18,3) size 48x15
                        text run at (18,3) width 48: "Contact"
                RenderText {#text} at (65,1) size 13x18
                  text run at (65,1) width 13: " : "
                RenderInline {SMALL} at (0,0) size 499x15
                  RenderInline {A} at (0,0) size 77x15 [color=#0000EE]
                    RenderText {#text} at (77,3) size 77x15
                      text run at (77,3) width 77: "Address Book"
                  RenderText {#text} at (153,3) size 11x15
                    text run at (153,3) width 11: " - "
                  RenderInline {A} at (0,0) size 65x15 [color=#0000EE]
                    RenderText {#text} at (163,3) size 65x15
                      text run at (163,3) width 65: "Discussions"
                  RenderText {#text} at (227,3) size 11x15
                    text run at (227,3) width 11: " - "
                  RenderInline {A} at (0,0) size 99x15 [color=#0000EE]
                    RenderText {#text} at (237,3) size 99x15
                      text run at (237,3) width 99: "Instant Messenger"
                  RenderText {#text} at (335,3) size 11x15
                    text run at (335,3) width 11: " - "
                  RenderInline {A} at (0,0) size 80x15 [color=#0000EE]
                    RenderText {#text} at (345,3) size 80x15
                      text run at (345,3) width 80: "Long Distance"
                  RenderText {#text} at (424,3) size 11x15
                    text run at (424,3) width 11: " - "
                  RenderInline {A} at (0,0) size 51x15 [color=#0000EE]
                    RenderText {#text} at (434,3) size 51x15
                      text run at (434,3) width 51: "Members"
                  RenderText {#text} at (484,3) size 11x15
                    text run at (484,3) width 11: " - "
                  RenderInline {A} at (0,0) size 82x15 [color=#0000EE]
                    RenderText {#text} at (494,3) size 82x15
                      text run at (494,3) width 82: "WebMail< /A>"
                RenderInline {A} at (0,0) size 1x18 [color=#0000EE]
                  RenderText {#text} at (0,0) size 0x0
            RenderTableRow {TR} at (0,179) size 600x3
              RenderTableCell {TD} at (2,179) size 596x3 [bgcolor=#99CCCC] [r=4 c=0 rs=1 cs=4]
                RenderTable {TABLE} at (1,1) size 1x1
                  RenderTableSection {TBODY} at (0,0) size 1x1
                    RenderTableRow {TR} at (0,0) size 1x1
                      RenderTableCell {TD} at (0,0) size 0x0 [r=0 c=0 rs=1 cs=1]
layer at (301,79) size 167x13
  RenderBlock {DIV} at (3,3) size 167x13
