layer at (0,0) size 800x600
  RenderView at (0,0) size 800x600
layer at (0,0) size 800x600
  RenderBlock {HTML} at (0,0) size 800x600
    RenderBody {BODY} at (8,8) size 784x576
      RenderBlock (anonymous) at (0,0) size 784x18
        RenderText {#text} at (0,0) size 264x18
          text run at (0,0) width 264: "The select should not contain blank items "
        RenderBR {BR} at (264,14) size 0x0
      RenderBlock {FORM} at (0,18) size 784x23
        RenderInline {B} at (0,0) size 47x18
          RenderText {#text} at (0,2) size 47x18
            text run at (0,2) width 47: "Search"
        RenderText {#text} at (47,2) size 4x18
          text run at (47,2) width 4: " "
        RenderTextControl {INPUT} at (53,2) size 113x19 [bgcolor=#FFFFFF] [border: (2px inset #000000)]
        RenderText {#text} at (168,2) size 4x18
          text run at (168,2) width 4: " "
        RenderMenuList {SELECT} at (174,3) size 77x18 [bgcolor=#FFFFFF]
          RenderBlock (anonymous) at (0,0) size 77x18
            RenderText at (8,2) size 32x13
              text run at (8,2) width 32: "Excite"
        RenderText {#text} at (0,0) size 0x0
      RenderBlock (anonymous) at (0,57) size 784x36
        RenderBR {BR} at (0,0) size 0x18
        RenderText {#text} at (0,18) size 264x18
          text run at (0,18) width 264: "The select should not contain blank items "
        RenderBR {BR} at (264,32) size 0x0
      RenderBlock {FORM} at (0,93) size 784x22
        RenderMenuList {SELECT} at (2,2) size 230x18 [bgcolor=#FFFFFF]
          RenderBlock (anonymous) at (0,0) size 230x18
            RenderText at (8,2) size 57x13
              text run at (8,2) width 57: "Quick Link"
layer at (64,31) size 107x13
  RenderBlock {DIV} at (3,3) size 107x13
