layer at (0,0) size 800x600
  RenderView at (0,0) size 800x600
layer at (0,0) size 800x600
  RenderBlock {HTML} at (0,0) size 800x600
    RenderBody {BODY} at (8,8) size 784x584 [bgcolor=#FFFFFF]
      RenderBlock {DIV} at (0,0) size 784x124
        RenderTable {TABLE} at (4,0) size 776x37
          RenderTableSection {TBODY} at (0,0) size 776x37
            RenderTableRow {TR} at (0,0) size 776x20 [color=#FFFFFF] [bgcolor=#455166]
              RenderTableCell {TD} at (0,0) size 776x20 [r=0 c=0 rs=1 cs=1]
                RenderText {#text} at (510,1) size 254x17
                  text run at (510,1) width 254: "This column seems to finish early"
            RenderTableRow {TR} at (0,20) size 776x17
              RenderTableCell {TD} at (0,20) size 776x17 [bgcolor=#C0C0C0] [r=1 c=0 rs=1 cs=1]
                RenderText {#text} at (1,1) size 4x15
                  text run at (1,1) width 4: " "
        RenderBlock {P} at (0,53) size 784x18
          RenderText {#text} at (390,0) size 4x18
            text run at (390,0) width 4: " "
        RenderTable {TABLE} at (4,87) size 776x37
          RenderTableSection {TBODY} at (0,0) size 776x37
            RenderTableRow {TR} at (0,0) size 776x20
              RenderTableCell {TD} at (0,0) size 776x20 [color=#FFFFFF] [bgcolor=#455166] [r=0 c=0 rs=1 cs=1]
                RenderText {#text} at (653,1) size 111x17
                  text run at (653,1) width 111: "This one is OK"
            RenderTableRow {TR} at (0,20) size 776x17
              RenderTableCell {TD} at (0,20) size 776x17 [bgcolor=#C0C0C0] [r=1 c=0 rs=1 cs=1]
                RenderText {#text} at (1,1) size 4x15
                  text run at (1,1) width 4: " "
