layer at (0,0) size 785x700
  RenderView at (0,0) size 785x600
layer at (0,0) size 785x700
  RenderBlock {HTML} at (0,0) size 785x700
    RenderBody {BODY} at (8,8) size 769x684
layer at (8,8) size 769x684
  RenderBlock {DIV} at (0,0) size 769x684
    RenderText {#text} at (0,0) size 376x1368
      text run at (0,0) width 372: "This content should be split into two columns. This content"
      text run at (0,19) width 355: "should be split into two columns. This content should be"
      text run at (0,38) width 376: "split into two columns. This content should be split into two"
      text run at (0,57) width 351: "columns. This content should be split into two columns."
      text run at (0,76) width 372: "This content should be split into two columns. This content"
      text run at (0,95) width 355: "should be split into two columns. This content should be"
      text run at (0,114) width 376: "split into two columns. This content should be split into two"
      text run at (0,133) width 351: "columns. This content should be split into two columns."
      text run at (0,152) width 372: "This content should be split into two columns. This content"
      text run at (0,171) width 355: "should be split into two columns. This content should be"
      text run at (0,190) width 376: "split into two columns. This content should be split into two"
      text run at (0,209) width 351: "columns. This content should be split into two columns."
      text run at (0,228) width 372: "This content should be split into two columns. This content"
      text run at (0,247) width 355: "should be split into two columns. This content should be"
      text run at (0,266) width 376: "split into two columns. This content should be split into two"
      text run at (0,285) width 351: "columns. This content should be split into two columns."
      text run at (0,304) width 372: "This content should be split into two columns. This content"
      text run at (0,323) width 355: "should be split into two columns. This content should be"
      text run at (0,342) width 376: "split into two columns. This content should be split into two"
      text run at (0,361) width 351: "columns. This content should be split into two columns."
      text run at (0,380) width 372: "This content should be split into two columns. This content"
      text run at (0,399) width 355: "should be split into two columns. This content should be"
      text run at (0,418) width 376: "split into two columns. This content should be split into two"
      text run at (0,437) width 351: "columns. This content should be split into two columns."
      text run at (0,456) width 372: "This content should be split into two columns. This content"
      text run at (0,475) width 355: "should be split into two columns. This content should be"
      text run at (0,494) width 376: "split into two columns. This content should be split into two"
      text run at (0,513) width 351: "columns. This content should be split into two columns."
      text run at (0,532) width 372: "This content should be split into two columns. This content"
      text run at (0,551) width 355: "should be split into two columns. This content should be"
      text run at (0,570) width 376: "split into two columns. This content should be split into two"
      text run at (0,589) width 351: "columns. This content should be split into two columns."
      text run at (0,608) width 372: "This content should be split into two columns. This content"
      text run at (0,627) width 355: "should be split into two columns. This content should be"
      text run at (0,646) width 376: "split into two columns. This content should be split into two"
      text run at (0,665) width 351: "columns. This content should be split into two columns."
      text run at (0,684) width 372: "This content should be split into two columns. This content"
      text run at (0,703) width 355: "should be split into two columns. This content should be"
      text run at (0,722) width 376: "split into two columns. This content should be split into two"
      text run at (0,741) width 351: "columns. This content should be split into two columns."
      text run at (0,760) width 372: "This content should be split into two columns. This content"
      text run at (0,779) width 355: "should be split into two columns. This content should be"
      text run at (0,798) width 376: "split into two columns. This content should be split into two"
      text run at (0,817) width 351: "columns. This content should be split into two columns."
      text run at (0,836) width 372: "This content should be split into two columns. This content"
      text run at (0,855) width 355: "should be split into two columns. This content should be"
      text run at (0,874) width 376: "split into two columns. This content should be split into two"
      text run at (0,893) width 351: "columns. This content should be split into two columns."
      text run at (0,912) width 372: "This content should be split into two columns. This content"
      text run at (0,931) width 355: "should be split into two columns. This content should be"
      text run at (0,950) width 376: "split into two columns. This content should be split into two"
      text run at (0,969) width 351: "columns. This content should be split into two columns."
      text run at (0,988) width 372: "This content should be split into two columns. This content"
      text run at (0,1007) width 355: "should be split into two columns. This content should be"
      text run at (0,1026) width 376: "split into two columns. This content should be split into two"
      text run at (0,1045) width 351: "columns. This content should be split into two columns."
      text run at (0,1064) width 372: "This content should be split into two columns. This content"
      text run at (0,1083) width 355: "should be split into two columns. This content should be"
      text run at (0,1102) width 376: "split into two columns. This content should be split into two"
      text run at (0,1121) width 351: "columns. This content should be split into two columns."
      text run at (0,1140) width 372: "This content should be split into two columns. This content"
      text run at (0,1159) width 355: "should be split into two columns. This content should be"
      text run at (0,1178) width 376: "split into two columns. This content should be split into two"
      text run at (0,1197) width 351: "columns. This content should be split into two columns."
      text run at (0,1216) width 372: "This content should be split into two columns. This content"
      text run at (0,1235) width 355: "should be split into two columns. This content should be"
      text run at (0,1254) width 376: "split into two columns. This content should be split into two"
      text run at (0,1273) width 351: "columns. This content should be split into two columns."
      text run at (0,1292) width 372: "This content should be split into two columns. This content"
      text run at (0,1311) width 355: "should be split into two columns. This content should be"
      text run at (0,1330) width 376: "split into two columns. This content should be split into two"
      text run at (0,1349) width 351: "columns. This content should be split into two columns."
