layer at (0,0) size 785x850
  RenderView at (0,0) size 785x600
layer at (0,0) size 785x850
  RenderBlock {HTML} at (0,0) size 785x850
    RenderBody {BODY} at (8,8) size 769x834
layer at (8,8) size 769x409
  RenderBlock {DIV} at (0,0) size 769x409 [border: (5px solid #0000FF)]
    RenderBlock (anonymous) at (5,5) size 371x399
      RenderText {#text} at (0,0) size 110x19
        text run at (0,0) width 110: "This is some text."
      RenderBR {BR} at (110,15) size 0x0
      RenderText {#text} at (0,19) size 110x19
        text run at (0,19) width 110: "This is some text."
      RenderBR {BR} at (110,34) size 0x0
      RenderText {#text} at (0,38) size 110x19
        text run at (0,38) width 110: "This is some text."
      RenderBR {BR} at (110,53) size 0x0
      RenderText {#text} at (0,57) size 110x19
        text run at (0,57) width 110: "This is some text."
      RenderBR {BR} at (110,72) size 0x0
      RenderText {#text} at (0,76) size 110x19
        text run at (0,76) width 110: "This is some text."
      RenderBR {BR} at (110,91) size 0x0
      RenderText {#text} at (0,95) size 110x19
        text run at (0,95) width 110: "This is some text."
      RenderBR {BR} at (110,110) size 0x0
      RenderText {#text} at (0,114) size 110x19
        text run at (0,114) width 110: "This is some text."
      RenderBR {BR} at (110,129) size 0x0
      RenderText {#text} at (0,133) size 110x19
        text run at (0,133) width 110: "This is some text."
      RenderBR {BR} at (110,148) size 0x0
      RenderText {#text} at (0,152) size 110x19
        text run at (0,152) width 110: "This is some text."
      RenderBR {BR} at (110,167) size 0x0
      RenderText {#text} at (0,171) size 110x19
        text run at (0,171) width 110: "This is some text."
      RenderBR {BR} at (110,186) size 0x0
      RenderText {#text} at (0,190) size 110x19
        text run at (0,190) width 110: "This is some text."
      RenderBR {BR} at (110,205) size 0x0
      RenderText {#text} at (0,209) size 110x19
        text run at (0,209) width 110: "This is some text."
      RenderBR {BR} at (110,224) size 0x0
      RenderText {#text} at (0,228) size 110x19
        text run at (0,228) width 110: "This is some text."
      RenderBR {BR} at (110,243) size 0x0
      RenderText {#text} at (0,247) size 110x19
        text run at (0,247) width 110: "This is some text."
      RenderBR {BR} at (110,262) size 0x0
      RenderText {#text} at (0,266) size 110x19
        text run at (0,266) width 110: "This is some text."
      RenderBR {BR} at (110,281) size 0x0
      RenderText {#text} at (0,285) size 110x19
        text run at (0,285) width 110: "This is some text."
      RenderBR {BR} at (110,300) size 0x0
      RenderText {#text} at (0,304) size 110x19
        text run at (0,304) width 110: "This is some text."
      RenderBR {BR} at (110,319) size 0x0
      RenderText {#text} at (0,323) size 110x19
        text run at (0,323) width 110: "This is some text."
      RenderBR {BR} at (110,338) size 0x0
      RenderText {#text} at (0,342) size 110x19
        text run at (0,342) width 110: "This is some text."
      RenderBR {BR} at (110,357) size 0x0
      RenderText {#text} at (0,361) size 110x19
        text run at (0,361) width 110: "This is some text."
      RenderBR {BR} at (110,376) size 0x0
      RenderText {#text} at (0,380) size 110x19
        text run at (0,380) width 110: "This is some text."
      RenderBR {BR} at (110,395) size 0x0
    RenderBlock {DIV} at (5,404) size 371x76
      RenderText {#text} at (0,0) size 262x19
        text run at (0,0) width 262: "This text should be in the second column."
      RenderBR {BR} at (262,15) size 0x0
      RenderText {#text} at (0,19) size 262x19
        text run at (0,19) width 262: "This text should be in the second column."
      RenderBR {BR} at (262,34) size 0x0
      RenderText {#text} at (0,38) size 262x19
        text run at (0,38) width 262: "This text should be in the second column."
      RenderBR {BR} at (262,53) size 0x0
      RenderText {#text} at (0,57) size 262x19
        text run at (0,57) width 262: "This text should be in the second column."
      RenderBR {BR} at (262,72) size 0x0
layer at (8,433) size 769x409
  RenderBlock {DIV} at (0,425) size 769x409 [border: (5px solid #0000FF)]
    RenderBlock (anonymous) at (5,5) size 371x76
      RenderText {#text} at (0,0) size 242x19
        text run at (0,0) width 242: "This text should be in the first column."
      RenderBR {BR} at (242,15) size 0x0
      RenderText {#text} at (0,19) size 242x19
        text run at (0,19) width 242: "This text should be in the first column."
      RenderBR {BR} at (242,34) size 0x0
      RenderText {#text} at (0,38) size 242x19
        text run at (0,38) width 242: "This text should be in the first column."
      RenderBR {BR} at (242,53) size 0x0
      RenderText {#text} at (0,57) size 242x19
        text run at (0,57) width 242: "This text should be in the first column."
      RenderBR {BR} at (242,72) size 0x0
    RenderBlock {DIV} at (5,404) size 371x399
      RenderText {#text} at (0,0) size 110x19
        text run at (0,0) width 110: "This is some text."
      RenderBR {BR} at (110,15) size 0x0
      RenderText {#text} at (0,19) size 110x19
        text run at (0,19) width 110: "This is some text."
      RenderBR {BR} at (110,34) size 0x0
      RenderText {#text} at (0,38) size 110x19
        text run at (0,38) width 110: "This is some text."
      RenderBR {BR} at (110,53) size 0x0
      RenderText {#text} at (0,57) size 110x19
        text run at (0,57) width 110: "This is some text."
      RenderBR {BR} at (110,72) size 0x0
      RenderText {#text} at (0,76) size 110x19
        text run at (0,76) width 110: "This is some text."
      RenderBR {BR} at (110,91) size 0x0
      RenderText {#text} at (0,95) size 110x19
        text run at (0,95) width 110: "This is some text."
      RenderBR {BR} at (110,110) size 0x0
      RenderText {#text} at (0,114) size 110x19
        text run at (0,114) width 110: "This is some text."
      RenderBR {BR} at (110,129) size 0x0
      RenderText {#text} at (0,133) size 110x19
        text run at (0,133) width 110: "This is some text."
      RenderBR {BR} at (110,148) size 0x0
      RenderText {#text} at (0,152) size 110x19
        text run at (0,152) width 110: "This is some text."
      RenderBR {BR} at (110,167) size 0x0
      RenderText {#text} at (0,171) size 110x19
        text run at (0,171) width 110: "This is some text."
      RenderBR {BR} at (110,186) size 0x0
      RenderText {#text} at (0,190) size 110x19
        text run at (0,190) width 110: "This is some text."
      RenderBR {BR} at (110,205) size 0x0
      RenderText {#text} at (0,209) size 110x19
        text run at (0,209) width 110: "This is some text."
      RenderBR {BR} at (110,224) size 0x0
      RenderText {#text} at (0,228) size 110x19
        text run at (0,228) width 110: "This is some text."
      RenderBR {BR} at (110,243) size 0x0
      RenderText {#text} at (0,247) size 110x19
        text run at (0,247) width 110: "This is some text."
      RenderBR {BR} at (110,262) size 0x0
      RenderText {#text} at (0,266) size 110x19
        text run at (0,266) width 110: "This is some text."
      RenderBR {BR} at (110,281) size 0x0
      RenderText {#text} at (0,285) size 110x19
        text run at (0,285) width 110: "This is some text."
      RenderBR {BR} at (110,300) size 0x0
      RenderText {#text} at (0,304) size 110x19
        text run at (0,304) width 110: "This is some text."
      RenderBR {BR} at (110,319) size 0x0
      RenderText {#text} at (0,323) size 110x19
        text run at (0,323) width 110: "This is some text."
      RenderBR {BR} at (110,338) size 0x0
      RenderText {#text} at (0,342) size 110x19
        text run at (0,342) width 110: "This is some text."
      RenderBR {BR} at (110,357) size 0x0
      RenderText {#text} at (0,361) size 110x19
        text run at (0,361) width 110: "This is some text."
      RenderBR {BR} at (110,376) size 0x0
      RenderText {#text} at (0,380) size 110x19
        text run at (0,380) width 110: "This is some text."
      RenderBR {BR} at (110,395) size 0x0
