layer at (0,0) size 800x600
  RenderView at (0,0) size 800x600
layer at (0,0) size 800x600
  RenderBlock {HTML} at (0,0) size 800x600
    RenderBody {BODY} at (8,8) size 784x584
layer at (8,8) size 784x568
  RenderBlock {DIV} at (0,0) size 784x568 [border: (5px solid #000000)]
    RenderText {#text} at (15,5) size 240x1648
      text run at (15,5) width 177: "Lorem ipsum dolor sit amet,"
      text run at (15,24) width 212: "consectetuer adipiscing elit. Nulla"
      text run at (15,43) width 179: "varius enim ac mi. Curabitur"
      text run at (15,62) width 230: "sollicitudin felis quis lectus. Quisque"
      text run at (15,81) width 224: "adipiscing rhoncus sem. Proin nulla"
      text run at (15,100) width 190: "purus, vulputate vel, varius ut,"
      text run at (15,119) width 217: "euismod et, nisi. Sed vitae felis vel"
      text run at (15,138) width 222: "orci sagittis aliquam. Cras convallis"
      text run at (15,157) width 239: "adipiscing sem. Nam nonummy enim."
      text run at (15,176) width 211: "Nullam bibendum lobortis neque."
      text run at (15,195) width 185: "Vestibulum velit orci, tempus"
      text run at (15,214) width 203: "euismod, pretium quis, interdum"
      text run at (15,233) width 211: "vitae, nulla. Phasellus eget ante et"
      text run at (15,252) width 201: "tortor condimentum vestibulum."
      text run at (15,271) width 236: "Suspendisse hendrerit quam nec felis."
      text run at (15,290) width 223: "Sed varius turpis vitae pede. Lorem"
      text run at (15,309) width 213: "ipsum dolor sit amet, consectetuer"
      text run at (15,328) width 230: "adipiscing elit. Proin bibendum justo"
      text run at (15,347) width 226: "ac enim. Class aptent taciti sociosqu"
      text run at (15,366) width 231: "ad litora torquent per conubia nostra,"
      text run at (15,385) width 206: "per inceptos hymenaeos. Sed leo"
      text run at (15,404) width 224: "nulla, rutrum eu, dictum ut, posuere"
      text run at (15,423) width 212: "vel, arcu. Nam libero. Morbi orci."
      text run at (15,442) width 240: "Maecenas pellentesque. Curabitur erat"
      text run at (15,461) width 214: "erat, ullamcorper at, gravida vitae,"
      text run at (15,480) width 199: "iaculis vitae, elit. Nullam quam."
      text run at (15,499) width 227: "Quisque orci lectus, ullamcorper eu,"
      text run at (15,518) width 216: "imperdiet sed, accumsan et, ligula."
      text run at (15,537) width 204: "Duis diam nisl, sagittis a, blandit"
      text run at (15,563) width 179: "volutpat, interdum sed, velit."
      text run at (15,582) width 209: "Vestibulum quam. Nulla a purus."
      text run at (15,601) width 240: "Phasellus semper semper lectus. Nulla"
      text run at (15,620) width 211: "porttitor, dolor dictum scelerisque"
      text run at (15,639) width 233: "luctus, velit ipsum lobortis mauris, ac"
      text run at (15,658) width 216: "pretium enim nunc vel risus. Proin"
      text run at (15,677) width 201: "gravida mi ut sem cursus mattis."
      text run at (15,696) width 184: "Fusce laoreet, nisi quis luctus"
      text run at (15,715) width 218: "volutpat, arcu pede tincidunt enim,"
      text run at (15,734) width 208: "nec malesuada urna nisl eu enim."
      text run at (15,753) width 202: "Vivamus varius augue ac purus."
      text run at (15,772) width 228: "Vestibulum vestibulum. Phasellus et"
      text run at (15,791) width 205: "est vitae ante accumsan rhoncus."
      text run at (15,810) width 209: "Morbi convallis, arcu at hendrerit"
      text run at (15,829) width 216: "gravida, sem diam dignissim risus,"
      text run at (15,848) width 237: "sed aliquet erat mi ut mi. Nunc cursus"
      text run at (15,867) width 240: "lacinia elit. Nunc nisi. Quisque at erat."
      text run at (15,886) width 229: "Vestibulum dictum quam vitae nibh."
      text run at (15,905) width 219: "Nunc vitae ante non odio interdum"
      text run at (15,924) width 177: "blandit. Curabitur leo quam,"
      text run at (15,943) width 164: "fermentum sed, feugiat in,"
      text run at (15,962) width 230: "ullamcorper id, nibh. Suspendisse ac"
      text run at (15,981) width 201: "turpis. In iaculis sollicitudin dui."
      text run at (15,1000) width 192: "Aenean vitae lectus vitae nulla"
      text run at (15,1019) width 194: "pellentesque sollicitudin. Nunc"
      text run at (15,1038) width 223: "gravida pharetra lectus. Etiam lacus"
      text run at (15,1057) width 197: "ligula, placerat ut, dictum vitae,"
      text run at (15,1076) width 200: "tempus vel, risus. Cras rhoncus."
      text run at (15,1095) width 226: "Praesent varius ultricies orci. Donec"
      text run at (15,1121) width 230: "mattis, neque ut ornare fringilla, ante"
      text run at (15,1140) width 231: "urna placerat eros, vel commodo nisi"
      text run at (15,1159) width 217: "tortor ut mauris. Morbi magna dui,"
      text run at (15,1178) width 177: "sagittis sit amet, tincidunt et,"
      text run at (15,1197) width 187: "elementum eget, quam. Fusce"
      text run at (15,1216) width 230: "molestie nisl vitae nisi. Vestibulum a"
      text run at (15,1235) width 234: "sapien. Phasellus ante lacus, vehicula"
      text run at (15,1254) width 205: "non, cursus a, tempor ut, magna."
      text run at (15,1273) width 219: "Suspendisse potenti. Fusce aliquet,"
      text run at (15,1292) width 224: "odio viverra vulputate dictum, enim"
      text run at (15,1311) width 240: "odio luctus purus, ut scelerisque quam"
      text run at (15,1330) width 200: "nulla non est. Donec eros lacus,"
      text run at (15,1349) width 210: "egestas vitae, lacinia quis, tempor"
      text run at (15,1368) width 234: "quis, pede. Morbi orci erat, iaculis id,"
      text run at (15,1387) width 226: "ornare ac, elementum at, sem. Nunc"
      text run at (15,1406) width 223: "ornare sodales nisi. Morbi interdum"
      text run at (15,1425) width 222: "commodo nisl. Fusce eget eros non"
      text run at (15,1444) width 227: "nisi ornare facilisis. Sed placerat, est"
      text run at (15,1463) width 202: "non posuere posuere, purus sem"
      text run at (15,1482) width 237: "dignissim libero, a viverra tellus dolor"
      text run at (15,1501) width 236: "vel lorem. Cras augue. Etiam ultricies"
      text run at (15,1520) width 209: "consequat odio. Mauris ac libero."
      text run at (15,1539) width 225: "Etiam posuere, libero vitae euismod"
      text run at (15,1558) width 219: "gravida, urna elit imperdiet magna,"
      text run at (15,1577) width 240: "vel cursus elit felis non mauris. Donec"
      text run at (15,1596) width 195: "orci erat, porta id, dignissim ut,"
      text run at (15,1615) width 208: "posuere dictum, leo. Suspendisse"
      text run at (15,1634) width 157: "scelerisque egestas nulla."
