layer at (0,0) size 785x675
  RenderView at (0,0) size 785x600
layer at (0,0) size 785x675
  RenderBlock {HTML} at (0,0) size 785x675
    RenderBody {BODY} at (8,8) size 769x659
      RenderBlock {DIV} at (0,0) size 220x328
        RenderBlock (anonymous) at (0,0) size 220x18
          RenderText {#text} at (0,0) size 65x19
            text run at (0,0) width 65: "Overflow:"
      RenderText {#text} at (220,313) size 4x19
        text run at (220,313) width 4: " "
      RenderBlock {DIV} at (224,0) size 220x328
        RenderBlock (anonymous) at (0,0) size 220x18
          RenderText {#text} at (0,0) size 76x19
            text run at (0,0) width 76: "Transforms:"
      RenderText {#text} at (444,313) size 4x19
        text run at (444,313) width 4: " "
      RenderBlock {DIV} at (448,0) size 220x328
        RenderBlock (anonymous) at (0,0) size 220x18
          RenderText {#text} at (0,0) size 131x19
            text run at (0,0) width 131: "Relative Positioning:"
      RenderText {#text} at (0,0) size 0x0
      RenderBlock {DIV} at (0,331) size 220x328
        RenderBlock (anonymous) at (0,0) size 220x18
          RenderText {#text} at (0,0) size 54x19
            text run at (0,0) width 54: "Opacity:"
layer at (8,26) size 220x310
  RenderBlock {DIV} at (0,18) size 220x310 [border: (5px solid #000000)]
    RenderBlock (anonymous) at (5,5) size 100x100
      RenderBlock {DIV} at (0,0) size 100x100 [bgcolor=#000000]
      RenderText {#text} at (0,0) size 0x0
    RenderBlock (anonymous) at (5,505) size 100x100
      RenderBlock {DIV} at (0,0) size 100x100 [bgcolor=#000000]
      RenderText {#text} at (0,0) size 0x0
layer at (13,131) size 100x400
  RenderBlock {DIV} at (5,105) size 100x400
    RenderBlock {DIV} at (0,0) size 100x100 [bgcolor=#0000F0]
    RenderBlock {DIV} at (0,100) size 100x100 [bgcolor=#0000D0]
    RenderBlock {DIV} at (0,200) size 100x100 [bgcolor=#0000B0]
    RenderBlock {DIV} at (0,300) size 100x100 [bgcolor=#000090]
layer at (232,26) size 220x310
  RenderBlock {DIV} at (0,18) size 220x310 [border: (5px solid #000000)]
    RenderBlock (anonymous) at (5,5) size 100x100
      RenderBlock {DIV} at (0,0) size 100x100 [bgcolor=#000000]
      RenderText {#text} at (0,0) size 0x0
    RenderBlock (anonymous) at (5,505) size 100x100
      RenderBlock {DIV} at (0,0) size 100x100 [bgcolor=#000000]
      RenderText {#text} at (0,0) size 0x0
layer at (456,26) size 220x310
  RenderBlock {DIV} at (0,18) size 220x310 [border: (5px solid #000000)]
    RenderBlock (anonymous) at (5,5) size 100x100
      RenderBlock {DIV} at (0,0) size 100x100 [bgcolor=#000000]
      RenderText {#text} at (0,0) size 0x0
    RenderBlock (anonymous) at (5,505) size 100x100
      RenderBlock {DIV} at (0,0) size 100x100 [bgcolor=#000000]
      RenderText {#text} at (0,0) size 0x0
layer at (8,357) size 220x310
  RenderBlock {DIV} at (0,18) size 220x310 [border: (5px solid #000000)]
    RenderBlock (anonymous) at (5,5) size 100x100
      RenderBlock {DIV} at (0,0) size 100x100 [bgcolor=#000000]
      RenderText {#text} at (0,0) size 0x0
    RenderBlock (anonymous) at (5,505) size 100x100
      RenderBlock {DIV} at (0,0) size 100x100 [bgcolor=#000000]
      RenderText {#text} at (0,0) size 0x0
layer at (137,131) size 100x400
  RenderBlock {DIV} at (-95,105) size 100x400
    RenderBlock {DIV} at (0,0) size 100x100 [bgcolor=#0000F0]
    RenderBlock {DIV} at (0,100) size 100x100 [bgcolor=#0000D0]
    RenderBlock {DIV} at (0,200) size 100x100 [bgcolor=#0000B0]
    RenderBlock {DIV} at (0,300) size 100x100 [bgcolor=#000090]
layer at (461,131) size 100x400
  RenderBlock (relative positioned) {DIV} at (-95,105) size 100x400
    RenderBlock {DIV} at (0,0) size 100x100 [bgcolor=#0000F0]
    RenderBlock {DIV} at (0,100) size 100x100 [bgcolor=#0000D0]
    RenderBlock {DIV} at (0,200) size 100x100 [bgcolor=#0000B0]
    RenderBlock {DIV} at (0,300) size 100x100 [bgcolor=#000090]
layer at (13,462) size 100x400 backgroundClip at (0,0) size 785x675 clip at (0,0) size 785x675 outlineClip at (0,0) size 785x675
  RenderBlock {DIV} at (5,105) size 100x400
    RenderBlock {DIV} at (0,0) size 100x100 [bgcolor=#0000F0]
    RenderBlock {DIV} at (0,100) size 100x100 [bgcolor=#0000D0]
    RenderBlock {DIV} at (0,200) size 100x100 [bgcolor=#0000B0]
    RenderBlock {DIV} at (0,300) size 100x100 [bgcolor=#000090]
