layer at (0,0) size 800x600
  RenderView at (0,0) size 800x600
layer at (0,0) size 800x600
  RenderBlock {HTML} at (0,0) size 800x600
    RenderBody {BODY} at (8,8) size 784x584
layer at (8,8) size 506x505
  RenderBlock {DIV} at (0,0) size 506x505 [border: (3px solid #000000)]
    RenderText {#text} at (3,8) size 158x1444
      text run at (3,8) width 158: "Lorem ipsum dolor sit amet,"
      text run at (3,32) width 158: "consectetur adipiscing elit."
      text run at (3,56) width 158: "Nullam ornare, nunc eget"
      text run at (3,80) width 158: "condimentum tempor, augue"
      text run at (3,104) width 158: "ligula accumsan eros, sed"
      text run at (3,128) width 158: "consequat sapien orci id libero."
      text run at (3,152) width 158: "Curabitur tristique, augue in"
      text run at (3,176) width 158: "aliquet accumsan, nibh nisi"
      text run at (3,200) width 158: "lobortis odio, et suscipit est ligula"
      text run at (3,224) width 158: "eu nisi. Nunc aliquet lobortis"
      text run at (3,248) width 158: "porta. Donec venenatis"
      text run at (3,272) width 158: "consectetur eleifend. Etiam sed"
      text run at (3,296) width 158: "tempor quam. Pellentesque"
      text run at (3,320) width 158: "gravida gravida eros venenatis"
      text run at (3,344) width 158: "suscipit. Aenean diam enim,"
      text run at (3,368) width 158: "suscipit id pellentesque vel,"
      text run at (3,392) width 158: "hendrerit et metus. Suspendisse"
      text run at (3,416) width 158: "felis erat, hendrerit a congue in,"
      text run at (3,440) width 158: "euismod ac erat. Donec pulvinar"
      text run at (3,464) width 158: "venenatis tortor, a lobortis erat"
      text run at (3,507) width 158: "scelerisque et. Class aptent taciti"
      text run at (3,531) width 158: "sociosqu ad litora torquent per"
      text run at (3,555) width 158: "conubia nostra, per inceptos"
      text run at (3,579) width 158: "himenaeos. Aliquam in orci id"
      text run at (3,603) width 158: "felis mollis porta ac et orci."
      text run at (3,627) width 158: "Donec viverra, eros ac mattis"
      text run at (3,651) width 158: "dapibus, quam ante porta lectus,"
      text run at (3,675) width 158: "accumsan pellentesque nibh"
      text run at (3,699) width 158: "metus non felis. Vivamus sed"
      text run at (3,723) width 158: "eros quis magna scelerisque"
      text run at (3,747) width 116: "ultrices ac eget velit. "
      text run at (119,747) width 42: "Nunc et"
      text run at (3,771) width 158: "odio ut velit posuere viverra."
      text run at (3,795) width 158: "Integer eu mi quis velit dapibus"
      text run at (3,819) width 158: "tempus at ut purus. Quisque"
      text run at (3,843) width 158: "congue mollis mauris a hendrerit."
      text run at (3,867) width 158: "Nam viverra est at orci interdum"
      text run at (3,891) width 158: "a ullamcorper mi dictum. In id"
      text run at (3,915) width 158: "sapien augue. Suspendisse"
      text run at (3,939) width 158: "potenti. Vestibulum turpis purus,"
      text run at (3,963) width 158: "convallis ut sagittis quis, semper"
      text run at (3,1006) width 158: "vel mauris. Curabitur vitae felis"
      text run at (3,1030) width 158: "turpis. Fusce augue nibh,"
      text run at (3,1054) width 158: "consectetur non vestibulum et,"
      text run at (3,1078) width 158: "bibendum sit amet lectus. Nulla"
      text run at (3,1102) width 158: "at imperdiet metus. Donec non"
      text run at (3,1126) width 158: "est velit, non fringilla ipsum."
      text run at (3,1150) width 158: "Fusce elementum neque a nibh"
      text run at (3,1174) width 158: "egestas sodales. Mauris ut lorem"
      text run at (3,1198) width 158: "hendrerit metus interdum"
      text run at (3,1222) width 158: "malesuada. Nam tempus sodales"
      text run at (3,1246) width 158: "neque vitae bibendum."
      text run at (3,1270) width 158: "Vestibulum ac est sit amet dolor"
      text run at (3,1294) width 158: "vehicula semper at sed ante."
      text run at (3,1318) width 158: "Nunc at neque urna, in volutpat"
      text run at (3,1342) width 158: "orci. Praesent eu velit neque, quis"
      text run at (3,1366) width 158: "rutrum metus. Nunc eu ipsum sit"
      text run at (3,1390) width 158: "amet ligula mattis porttitor sit"
      text run at (3,1414) width 158: "amet id felis. Integer volutpat"
      text run at (3,1438) width 110: "aliquam odio et feugiat."
