layer at (0,0) size 1090x585
  RenderView at (0,0) size 800x585
layer at (0,0) size 800x585
  RenderBlock {HTML} at (0,0) size 800x585
    RenderBody {BODY} at (8,8) size 784x569
layer at (8,8) size 106x300
  RenderBlock (positioned) {DIV} at (8,8) size 106x300 [bgcolor=#00FF00]
    RenderText {#text} at (0,0) size 106x19
      text run at (0,0) width 106: "This is some text"
    RenderBR {BR} at (106,15) size 0x0
    RenderText {#text} at (0,19) size 106x19
      text run at (0,19) width 106: "This is some text"
    RenderBR {BR} at (106,34) size 0x0
    RenderText {#text} at (0,38) size 106x19
      text run at (0,38) width 106: "This is some text"
    RenderBR {BR} at (106,53) size 0x0
    RenderText {#text} at (0,57) size 106x19
      text run at (0,57) width 106: "This is some text"
    RenderBR {BR} at (106,72) size 0x0
    RenderText {#text} at (0,76) size 106x19
      text run at (0,76) width 106: "This is some text"
    RenderBR {BR} at (106,91) size 0x0
    RenderText {#text} at (0,95) size 106x19
      text run at (0,95) width 106: "This is some text"
    RenderBR {BR} at (106,110) size 0x0
    RenderText {#text} at (0,114) size 106x19
      text run at (0,114) width 106: "This is some text"
    RenderBR {BR} at (106,129) size 0x0
    RenderText {#text} at (0,133) size 106x19
      text run at (0,133) width 106: "This is some text"
    RenderBR {BR} at (106,148) size 0x0
    RenderText {#text} at (0,152) size 106x19
      text run at (0,152) width 106: "This is some text"
    RenderBR {BR} at (106,167) size 0x0
    RenderText {#text} at (0,171) size 106x19
      text run at (0,171) width 106: "This is some text"
    RenderBR {BR} at (106,186) size 0x0
    RenderText {#text} at (0,190) size 106x19
      text run at (0,190) width 106: "This is some text"
    RenderBR {BR} at (106,205) size 0x0
    RenderText {#text} at (0,209) size 106x19
      text run at (0,209) width 106: "This is some text"
    RenderBR {BR} at (106,224) size 0x0
    RenderText {#text} at (0,228) size 106x19
      text run at (0,228) width 106: "This is some text"
    RenderBR {BR} at (106,243) size 0x0
    RenderText {#text} at (0,247) size 106x19
      text run at (0,247) width 106: "This is some text"
    RenderBR {BR} at (106,262) size 0x0
    RenderText {#text} at (0,266) size 106x19
      text run at (0,266) width 106: "This is some text"
    RenderBR {BR} at (106,281) size 0x0
    RenderText {#text} at (0,300) size 106x19
      text run at (0,300) width 106: "This is some text"
    RenderBR {BR} at (106,315) size 0x0
    RenderText {#text} at (0,319) size 106x19
      text run at (0,319) width 106: "This is some text"
    RenderBR {BR} at (106,334) size 0x0
    RenderText {#text} at (0,338) size 106x19
      text run at (0,338) width 106: "This is some text"
    RenderBR {BR} at (106,353) size 0x0
    RenderText {#text} at (0,357) size 106x19
      text run at (0,357) width 106: "This is some text"
    RenderBR {BR} at (106,372) size 0x0
    RenderText {#text} at (0,376) size 106x19
      text run at (0,376) width 106: "This is some text"
    RenderBR {BR} at (106,391) size 0x0
    RenderText {#text} at (0,395) size 106x19
      text run at (0,395) width 106: "This is some text"
    RenderBR {BR} at (106,410) size 0x0
    RenderText {#text} at (0,414) size 106x19
      text run at (0,414) width 106: "This is some text"
    RenderBR {BR} at (106,429) size 0x0
    RenderText {#text} at (0,433) size 106x19
      text run at (0,433) width 106: "This is some text"
    RenderBR {BR} at (106,448) size 0x0
    RenderText {#text} at (0,452) size 106x19
      text run at (0,452) width 106: "This is some text"
    RenderBR {BR} at (106,467) size 0x0
    RenderText {#text} at (0,471) size 106x19
      text run at (0,471) width 106: "This is some text"
    RenderBR {BR} at (106,486) size 0x0
    RenderText {#text} at (0,490) size 106x19
      text run at (0,490) width 106: "This is some text"
    RenderBR {BR} at (106,505) size 0x0
    RenderText {#text} at (0,509) size 106x19
      text run at (0,509) width 106: "This is some text"
    RenderBR {BR} at (106,524) size 0x0
    RenderText {#text} at (0,528) size 106x19
      text run at (0,528) width 106: "This is some text"
    RenderBR {BR} at (106,543) size 0x0
    RenderText {#text} at (0,547) size 106x19
      text run at (0,547) width 106: "This is some text"
    RenderBR {BR} at (106,562) size 0x0
    RenderText {#text} at (0,566) size 106x19
      text run at (0,566) width 106: "This is some text"
    RenderBR {BR} at (106,581) size 0x0
    RenderText {#text} at (0,600) size 106x19
      text run at (0,600) width 106: "This is some text"
    RenderBR {BR} at (106,615) size 0x0
    RenderText {#text} at (0,619) size 106x19
      text run at (0,619) width 106: "This is some text"
    RenderBR {BR} at (106,634) size 0x0
    RenderText {#text} at (0,638) size 106x19
      text run at (0,638) width 106: "This is some text"
    RenderBR {BR} at (106,653) size 0x0
    RenderText {#text} at (0,657) size 106x19
      text run at (0,657) width 106: "This is some text"
    RenderBR {BR} at (106,672) size 0x0
    RenderText {#text} at (0,676) size 106x19
      text run at (0,676) width 106: "This is some text"
    RenderBR {BR} at (106,691) size 0x0
    RenderText {#text} at (0,695) size 106x19
      text run at (0,695) width 106: "This is some text"
    RenderBR {BR} at (106,710) size 0x0
    RenderText {#text} at (0,714) size 106x19
      text run at (0,714) width 106: "This is some text"
    RenderBR {BR} at (106,729) size 0x0
    RenderText {#text} at (0,733) size 106x19
      text run at (0,733) width 106: "This is some text"
    RenderBR {BR} at (106,748) size 0x0
    RenderText {#text} at (0,752) size 106x19
      text run at (0,752) width 106: "This is some text"
    RenderBR {BR} at (106,767) size 0x0
    RenderText {#text} at (0,771) size 106x19
      text run at (0,771) width 106: "This is some text"
    RenderBR {BR} at (106,786) size 0x0
    RenderText {#text} at (0,790) size 106x19
      text run at (0,790) width 106: "This is some text"
    RenderBR {BR} at (106,805) size 0x0
    RenderText {#text} at (0,809) size 106x19
      text run at (0,809) width 106: "This is some text"
    RenderBR {BR} at (106,824) size 0x0
    RenderText {#text} at (0,828) size 106x19
      text run at (0,828) width 106: "This is some text"
    RenderBR {BR} at (106,843) size 0x0
    RenderText {#text} at (0,847) size 106x19
      text run at (0,847) width 106: "This is some text"
    RenderBR {BR} at (106,862) size 0x0
    RenderText {#text} at (0,866) size 106x19
      text run at (0,866) width 106: "This is some text"
    RenderBR {BR} at (106,881) size 0x0
    RenderText {#text} at (0,900) size 106x19
      text run at (0,900) width 106: "This is some text"
    RenderBR {BR} at (106,915) size 0x0
    RenderText {#text} at (0,919) size 106x19
      text run at (0,919) width 106: "This is some text"
    RenderBR {BR} at (106,934) size 0x0
    RenderText {#text} at (0,938) size 106x19
      text run at (0,938) width 106: "This is some text"
    RenderBR {BR} at (106,953) size 0x0
    RenderText {#text} at (0,957) size 106x19
      text run at (0,957) width 106: "This is some text"
    RenderBR {BR} at (106,972) size 0x0
    RenderText {#text} at (0,976) size 106x19
      text run at (0,976) width 106: "This is some text"
    RenderBR {BR} at (106,991) size 0x0
    RenderText {#text} at (0,995) size 106x19
      text run at (0,995) width 106: "This is some text"
    RenderBR {BR} at (106,1010) size 0x0
    RenderText {#text} at (0,1014) size 106x19
      text run at (0,1014) width 106: "This is some text"
    RenderBR {BR} at (106,1029) size 0x0
    RenderText {#text} at (0,1033) size 106x19
      text run at (0,1033) width 106: "This is some text"
    RenderBR {BR} at (106,1048) size 0x0
    RenderText {#text} at (0,1052) size 106x19
      text run at (0,1052) width 106: "This is some text"
    RenderBR {BR} at (106,1067) size 0x0
    RenderText {#text} at (0,1071) size 106x19
      text run at (0,1071) width 106: "This is some text"
    RenderBR {BR} at (106,1086) size 0x0
    RenderText {#text} at (0,1090) size 106x19
      text run at (0,1090) width 106: "This is some text"
    RenderBR {BR} at (106,1105) size 0x0
    RenderText {#text} at (0,1109) size 106x19
      text run at (0,1109) width 106: "This is some text"
    RenderBR {BR} at (106,1124) size 0x0
    RenderText {#text} at (0,1128) size 106x19
      text run at (0,1128) width 106: "This is some text"
    RenderBR {BR} at (106,1143) size 0x0
    RenderText {#text} at (0,1147) size 106x19
      text run at (0,1147) width 106: "This is some text"
    RenderBR {BR} at (106,1162) size 0x0
    RenderText {#text} at (0,1166) size 106x19
      text run at (0,1166) width 106: "This is some text"
    RenderBR {BR} at (106,1181) size 0x0
    RenderText {#text} at (0,1200) size 106x19
      text run at (0,1200) width 106: "This is some text"
    RenderBR {BR} at (106,1215) size 0x0
    RenderText {#text} at (0,1219) size 106x19
      text run at (0,1219) width 106: "This is some text"
    RenderBR {BR} at (106,1234) size 0x0
    RenderText {#text} at (0,1238) size 106x19
      text run at (0,1238) width 106: "This is some text"
    RenderBR {BR} at (106,1253) size 0x0
    RenderText {#text} at (0,1257) size 106x19
      text run at (0,1257) width 106: "This is some text"
    RenderBR {BR} at (106,1272) size 0x0
    RenderText {#text} at (0,1276) size 106x19
      text run at (0,1276) width 106: "This is some text"
    RenderBR {BR} at (106,1291) size 0x0
    RenderText {#text} at (0,1295) size 106x19
      text run at (0,1295) width 106: "This is some text"
    RenderBR {BR} at (106,1310) size 0x0
    RenderText {#text} at (0,1314) size 106x19
      text run at (0,1314) width 106: "This is some text"
    RenderBR {BR} at (106,1329) size 0x0
    RenderText {#text} at (0,1333) size 106x19
      text run at (0,1333) width 106: "This is some text"
    RenderBR {BR} at (106,1348) size 0x0
    RenderText {#text} at (0,1352) size 106x19
      text run at (0,1352) width 106: "This is some text"
    RenderBR {BR} at (106,1367) size 0x0
    RenderText {#text} at (0,1371) size 106x19
      text run at (0,1371) width 106: "This is some text"
    RenderBR {BR} at (106,1386) size 0x0
    RenderText {#text} at (0,1390) size 106x19
      text run at (0,1390) width 106: "This is some text"
    RenderBR {BR} at (106,1405) size 0x0
    RenderText {#text} at (0,1409) size 106x19
      text run at (0,1409) width 106: "This is some text"
    RenderBR {BR} at (106,1424) size 0x0
    RenderText {#text} at (0,1428) size 106x19
      text run at (0,1428) width 106: "This is some text"
    RenderBR {BR} at (106,1443) size 0x0
    RenderText {#text} at (0,1447) size 106x19
      text run at (0,1447) width 106: "This is some text"
    RenderBR {BR} at (106,1462) size 0x0
    RenderText {#text} at (0,1466) size 106x19
      text run at (0,1466) width 106: "This is some text"
    RenderBR {BR} at (106,1481) size 0x0
    RenderText {#text} at (0,1500) size 106x19
      text run at (0,1500) width 106: "This is some text"
    RenderBR {BR} at (106,1515) size 0x0
    RenderText {#text} at (0,1519) size 106x19
      text run at (0,1519) width 106: "This is some text"
    RenderBR {BR} at (106,1534) size 0x0
    RenderText {#text} at (0,1538) size 106x19
      text run at (0,1538) width 106: "This is some text"
    RenderBR {BR} at (106,1553) size 0x0
    RenderText {#text} at (0,1557) size 106x19
      text run at (0,1557) width 106: "This is some text"
    RenderBR {BR} at (106,1572) size 0x0
    RenderText {#text} at (0,1576) size 106x19
      text run at (0,1576) width 106: "This is some text"
    RenderBR {BR} at (106,1591) size 0x0
    RenderText {#text} at (0,1595) size 106x19
      text run at (0,1595) width 106: "This is some text"
    RenderBR {BR} at (106,1610) size 0x0
    RenderText {#text} at (0,1614) size 106x19
      text run at (0,1614) width 106: "This is some text"
    RenderBR {BR} at (106,1629) size 0x0
    RenderText {#text} at (0,1633) size 106x19
      text run at (0,1633) width 106: "This is some text"
    RenderBR {BR} at (106,1648) size 0x0
    RenderText {#text} at (0,1652) size 106x19
      text run at (0,1652) width 106: "This is some text"
    RenderBR {BR} at (106,1667) size 0x0
    RenderText {#text} at (0,1671) size 106x19
      text run at (0,1671) width 106: "This is some text"
    RenderBR {BR} at (106,1686) size 0x0
    RenderText {#text} at (0,1690) size 106x19
      text run at (0,1690) width 106: "This is some text"
    RenderBR {BR} at (106,1705) size 0x0
    RenderText {#text} at (0,1709) size 106x19
      text run at (0,1709) width 106: "This is some text"
    RenderBR {BR} at (106,1724) size 0x0
    RenderText {#text} at (0,1728) size 106x19
      text run at (0,1728) width 106: "This is some text"
    RenderBR {BR} at (106,1743) size 0x0
    RenderText {#text} at (0,1747) size 106x19
      text run at (0,1747) width 106: "This is some text"
    RenderBR {BR} at (106,1762) size 0x0
    RenderText {#text} at (0,1766) size 106x19
      text run at (0,1766) width 106: "This is some text"
    RenderBR {BR} at (106,1781) size 0x0
    RenderText {#text} at (0,1800) size 106x19
      text run at (0,1800) width 106: "This is some text"
    RenderBR {BR} at (106,1815) size 0x0
    RenderText {#text} at (0,1819) size 106x19
      text run at (0,1819) width 106: "This is some text"
    RenderBR {BR} at (106,1834) size 0x0
    RenderText {#text} at (0,1838) size 106x19
      text run at (0,1838) width 106: "This is some text"
    RenderBR {BR} at (106,1853) size 0x0
    RenderText {#text} at (0,1857) size 106x19
      text run at (0,1857) width 106: "This is some text"
    RenderBR {BR} at (106,1872) size 0x0
    RenderText {#text} at (0,1876) size 106x19
      text run at (0,1876) width 106: "This is some text"
    RenderBR {BR} at (106,1891) size 0x0
    RenderText {#text} at (0,1895) size 106x19
      text run at (0,1895) width 106: "This is some text"
    RenderBR {BR} at (106,1910) size 0x0
    RenderText {#text} at (0,1914) size 106x19
      text run at (0,1914) width 106: "This is some text"
    RenderBR {BR} at (106,1929) size 0x0
    RenderText {#text} at (0,1933) size 106x19
      text run at (0,1933) width 106: "This is some text"
    RenderBR {BR} at (106,1948) size 0x0
    RenderText {#text} at (0,1952) size 106x19
      text run at (0,1952) width 106: "This is some text"
    RenderBR {BR} at (106,1967) size 0x0
    RenderText {#text} at (0,1971) size 106x19
      text run at (0,1971) width 106: "This is some text"
    RenderBR {BR} at (106,1986) size 0x0
    RenderText {#text} at (0,1990) size 106x19
      text run at (0,1990) width 106: "This is some text"
    RenderBR {BR} at (106,2005) size 0x0
    RenderText {#text} at (0,2009) size 106x19
      text run at (0,2009) width 106: "This is some text"
    RenderBR {BR} at (106,2024) size 0x0
    RenderText {#text} at (0,2028) size 106x19
      text run at (0,2028) width 106: "This is some text"
    RenderBR {BR} at (106,2043) size 0x0
    RenderText {#text} at (0,2047) size 106x19
      text run at (0,2047) width 106: "This is some text"
    RenderBR {BR} at (106,2062) size 0x0
    RenderText {#text} at (0,2066) size 106x19
      text run at (0,2066) width 106: "This is some text"
    RenderBR {BR} at (106,2081) size 0x0
    RenderText {#text} at (0,2100) size 106x19
      text run at (0,2100) width 106: "This is some text"
    RenderBR {BR} at (106,2115) size 0x0
    RenderText {#text} at (0,2119) size 106x19
      text run at (0,2119) width 106: "This is some text"
    RenderBR {BR} at (106,2134) size 0x0
    RenderText {#text} at (0,2138) size 106x19
      text run at (0,2138) width 106: "This is some text"
    RenderBR {BR} at (106,2153) size 0x0
    RenderText {#text} at (0,2157) size 106x19
      text run at (0,2157) width 106: "This is some text"
    RenderBR {BR} at (106,2172) size 0x0
    RenderText {#text} at (0,2176) size 106x19
      text run at (0,2176) width 106: "This is some text"
    RenderBR {BR} at (106,2191) size 0x0
    RenderText {#text} at (0,2195) size 106x19
      text run at (0,2195) width 106: "This is some text"
    RenderBR {BR} at (106,2210) size 0x0
    RenderText {#text} at (0,2214) size 106x19
      text run at (0,2214) width 106: "This is some text"
    RenderBR {BR} at (106,2229) size 0x0
    RenderText {#text} at (0,2233) size 106x19
      text run at (0,2233) width 106: "This is some text"
    RenderBR {BR} at (106,2248) size 0x0
    RenderText {#text} at (0,2252) size 106x19
      text run at (0,2252) width 106: "This is some text"
    RenderBR {BR} at (106,2267) size 0x0
    RenderText {#text} at (0,2271) size 106x19
      text run at (0,2271) width 106: "This is some text"
    RenderBR {BR} at (106,2286) size 0x0
    RenderText {#text} at (0,2290) size 106x19
      text run at (0,2290) width 106: "This is some text"
    RenderBR {BR} at (106,2305) size 0x0
    RenderText {#text} at (0,2309) size 106x19
      text run at (0,2309) width 106: "This is some text"
    RenderBR {BR} at (106,2324) size 0x0
    RenderText {#text} at (0,2328) size 106x19
      text run at (0,2328) width 106: "This is some text"
    RenderBR {BR} at (106,2343) size 0x0
    RenderText {#text} at (0,2347) size 106x19
      text run at (0,2347) width 106: "This is some text"
    RenderBR {BR} at (106,2362) size 0x0
    RenderText {#text} at (0,2366) size 106x19
      text run at (0,2366) width 106: "This is some text"
    RenderBR {BR} at (106,2381) size 0x0
    RenderText {#text} at (0,2400) size 106x19
      text run at (0,2400) width 106: "This is some text"
    RenderBR {BR} at (106,2415) size 0x0
    RenderText {#text} at (0,2419) size 106x19
      text run at (0,2419) width 106: "This is some text"
    RenderBR {BR} at (106,2434) size 0x0
    RenderText {#text} at (0,2438) size 106x19
      text run at (0,2438) width 106: "This is some text"
    RenderBR {BR} at (106,2453) size 0x0
    RenderText {#text} at (0,2457) size 106x19
      text run at (0,2457) width 106: "This is some text"
    RenderBR {BR} at (106,2472) size 0x0
    RenderText {#text} at (0,2476) size 106x19
      text run at (0,2476) width 106: "This is some text"
    RenderBR {BR} at (106,2491) size 0x0
    RenderText {#text} at (0,2495) size 106x19
      text run at (0,2495) width 106: "This is some text"
    RenderBR {BR} at (106,2510) size 0x0
    RenderText {#text} at (0,2514) size 106x19
      text run at (0,2514) width 106: "This is some text"
    RenderBR {BR} at (106,2529) size 0x0
    RenderText {#text} at (0,2533) size 106x19
      text run at (0,2533) width 106: "This is some text"
    RenderBR {BR} at (106,2548) size 0x0
    RenderText {#text} at (0,2552) size 106x19
      text run at (0,2552) width 106: "This is some text"
    RenderBR {BR} at (106,2567) size 0x0
    RenderText {#text} at (0,2571) size 106x19
      text run at (0,2571) width 106: "This is some text"
    RenderBR {BR} at (106,2586) size 0x0
    RenderText {#text} at (0,2590) size 106x19
      text run at (0,2590) width 106: "This is some text"
    RenderBR {BR} at (106,2605) size 0x0
    RenderText {#text} at (0,2609) size 106x19
      text run at (0,2609) width 106: "This is some text"
    RenderBR {BR} at (106,2624) size 0x0
    RenderText {#text} at (0,2628) size 106x19
      text run at (0,2628) width 106: "This is some text"
    RenderBR {BR} at (106,2643) size 0x0
    RenderText {#text} at (0,2647) size 106x19
      text run at (0,2647) width 106: "This is some text"
    RenderBR {BR} at (106,2662) size 0x0
    RenderText {#text} at (0,2666) size 106x19
      text run at (0,2666) width 106: "This is some text"
    RenderBR {BR} at (106,2681) size 0x0
