layer at (0,0) size 5046x585
  RenderView at (0,0) size 800x585
layer at (0,0) size 800x316
  RenderBlock {HTML} at (0,0) size 800x316
    RenderBody {BODY} at (8,8) size 784x300
layer at (8,8) size 784x300
  RenderBlock {DIV} at (0,0) size 784x300
    RenderBlock {P} at (0,16) size 250x603
      RenderText {#text} at (0,0) size 250x603
        text run at (0,0) width 177: "Lorem ipsum dolor sit amet,"
        text run at (0,19) width 212: "consectetur adipiscing elit. Donec"
        text run at (0,38) width 224: "posuere ligula et neque ullamcorper"
        text run at (0,57) width 233: "consectetur. Duis nec viverra magna."
        text run at (0,76) width 243: "Nullam tellus diam, auctor et auctor at,"
        text run at (0,95) width 215: "fermentum quis mi. Nulla rhoncus"
        text run at (0,114) width 249: "porttitor ultrices. Nunc gravida, nisi nec"
        text run at (0,133) width 210: "consequat scelerisque, lectus eros"
        text run at (0,152) width 241: "sagittis erat, non ultrices ipsum nibh in"
        text run at (0,171) width 214: "quam. Donec dignissim, lacus sed"
        text run at (0,190) width 228: "cursus commodo, nibh enim sodales"
        text run at (0,209) width 243: "metus, lacinia dictum felis est tincidunt"
        text run at (0,228) width 228: "orci. Morbi pretium volutpat ante, ut"
        text run at (0,247) width 250: "ultricies nulla pharetra sed. Duis ac felis"
        text run at (0,284) width 240: "quis justo ullamcorper semper. Integer"
        text run at (0,303) width 237: "augue lacus, imperdiet eu euismod ut,"
        text run at (0,322) width 237: "vulputate vel purus. Donec bibendum"
        text run at (0,341) width 226: "felis id nisl auctor sit amet imperdiet"
        text run at (0,360) width 242: "quam mollis. Duis aliquam tellus odio,"
        text run at (0,379) width 246: "a varius lectus. Nunc a tortor augue, eu"
        text run at (0,398) width 225: "sollicitudin nibh. Phasellus ultricies,"
        text run at (0,417) width 224: "lacus eget tincidunt mattis, velit erat"
        text run at (0,436) width 232: "facilisis lacus, quis luctus arcu erat ut"
        text run at (0,455) width 249: "erat. Duis feugiat eros eu ligula ultricies"
        text run at (0,474) width 234: "non tincidunt tellus viverra. Donec ut"
        text run at (0,493) width 198: "eros augue, nec elementum elit."
        text run at (0,512) width 227: "Pellentesque massa lectus, vulputate"
        text run at (0,531) width 232: "sed vehicula eget, volutpat eu augue."
        text run at (0,550) width 201: "Cras fermentum turpis vitae erat"
        text run at (0,584) width 193: "vehicula et lacinia mi molestie."
    RenderBlock {P} at (0,635) size 250x474
      RenderText {#text} at (0,0) size 250x474
        text run at (0,0) width 239: "Curabitur ac porttitor leo. Class aptent"
        text run at (0,19) width 224: "taciti sociosqu ad litora torquent per"
        text run at (0,38) width 176: "conubia nostra, per inceptos"
        text run at (0,57) width 220: "himenaeos. Quisque eget mauris id"
        text run at (0,76) width 221: "turpis ullamcorper blandit quis eget"
        text run at (0,95) width 188: "turpis. Nullam et molestie elit."
        text run at (0,114) width 249: "Curabitur urna arcu, luctus a suscipit et,"
        text run at (0,133) width 242: "viverra vel orci. Morbi scelerisque erat"
        text run at (0,152) width 250: "quis massa blandit molestie. Fusce vitae"
        text run at (0,171) width 229: "velit a lacus suscipit tempus. In vitae"
        text run at (0,190) width 199: "nisl orci, vel ultrices diam. Duis"
        text run at (0,209) width 230: "pellentesque, massa sit amet eleifend"
        text run at (0,228) width 223: "sollicitudin, dolor orci semper urna,"
        text run at (0,265) width 249: "eget euismod tortor massa sit amet ante."
        text run at (0,284) width 212: "Quisque sed varius lectus. Mauris"
        text run at (0,303) width 247: "facilisis blandit mattis. Ut id tortor ante,"
        text run at (0,322) width 225: "ac eleifend dui. Donec sit amet arcu"
        text run at (0,341) width 249: "quis neque aliquam euismod a tincidunt"
        text run at (0,360) width 200: "justo. Integer sagittis, neque sed"
        text run at (0,379) width 234: "aliquam bibendum, est ante vulputate"
        text run at (0,398) width 247: "lectus, in elementum felis tellus et nibh."
        text run at (0,417) width 228: "Aliquam id ultrices nisl. Sed sodales"
        text run at (0,436) width 250: "lacinia interdum. Aenean pharetra tellus"
        text run at (0,455) width 202: "ante, aliquam consectetur ligula."
    RenderBlock {P} at (0,1125) size 250x603
      RenderText {#text} at (0,0) size 250x603
        text run at (0,0) width 177: "Lorem ipsum dolor sit amet,"
        text run at (0,19) width 212: "consectetur adipiscing elit. Donec"
        text run at (0,38) width 224: "posuere ligula et neque ullamcorper"
        text run at (0,75) width 233: "consectetur. Duis nec viverra magna."
        text run at (0,94) width 243: "Nullam tellus diam, auctor et auctor at,"
        text run at (0,113) width 215: "fermentum quis mi. Nulla rhoncus"
        text run at (0,132) width 249: "porttitor ultrices. Nunc gravida, nisi nec"
        text run at (0,151) width 210: "consequat scelerisque, lectus eros"
        text run at (0,170) width 241: "sagittis erat, non ultrices ipsum nibh in"
        text run at (0,189) width 214: "quam. Donec dignissim, lacus sed"
        text run at (0,208) width 228: "cursus commodo, nibh enim sodales"
        text run at (0,227) width 243: "metus, lacinia dictum felis est tincidunt"
        text run at (0,246) width 228: "orci. Morbi pretium volutpat ante, ut"
        text run at (0,265) width 250: "ultricies nulla pharetra sed. Duis ac felis"
        text run at (0,284) width 240: "quis justo ullamcorper semper. Integer"
        text run at (0,303) width 237: "augue lacus, imperdiet eu euismod ut,"
        text run at (0,322) width 237: "vulputate vel purus. Donec bibendum"
        text run at (0,341) width 226: "felis id nisl auctor sit amet imperdiet"
        text run at (0,375) width 242: "quam mollis. Duis aliquam tellus odio,"
        text run at (0,394) width 246: "a varius lectus. Nunc a tortor augue, eu"
        text run at (0,413) width 225: "sollicitudin nibh. Phasellus ultricies,"
        text run at (0,432) width 224: "lacus eget tincidunt mattis, velit erat"
        text run at (0,451) width 232: "facilisis lacus, quis luctus arcu erat ut"
        text run at (0,470) width 249: "erat. Duis feugiat eros eu ligula ultricies"
        text run at (0,489) width 234: "non tincidunt tellus viverra. Donec ut"
        text run at (0,508) width 198: "eros augue, nec elementum elit."
        text run at (0,527) width 227: "Pellentesque massa lectus, vulputate"
        text run at (0,546) width 232: "sed vehicula eget, volutpat eu augue."
        text run at (0,565) width 201: "Cras fermentum turpis vitae erat"
        text run at (0,584) width 193: "vehicula et lacinia mi molestie."
    RenderBlock {P} at (0,1744) size 250x489
      RenderText {#text} at (0,0) size 250x489
        text run at (0,0) width 239: "Curabitur ac porttitor leo. Class aptent"
        text run at (0,19) width 224: "taciti sociosqu ad litora torquent per"
        text run at (0,56) width 176: "conubia nostra, per inceptos"
        text run at (0,75) width 220: "himenaeos. Quisque eget mauris id"
        text run at (0,94) width 221: "turpis ullamcorper blandit quis eget"
        text run at (0,113) width 188: "turpis. Nullam et molestie elit."
        text run at (0,132) width 249: "Curabitur urna arcu, luctus a suscipit et,"
        text run at (0,151) width 242: "viverra vel orci. Morbi scelerisque erat"
        text run at (0,170) width 250: "quis massa blandit molestie. Fusce vitae"
        text run at (0,189) width 229: "velit a lacus suscipit tempus. In vitae"
        text run at (0,208) width 199: "nisl orci, vel ultrices diam. Duis"
        text run at (0,227) width 230: "pellentesque, massa sit amet eleifend"
        text run at (0,246) width 223: "sollicitudin, dolor orci semper urna,"
        text run at (0,265) width 249: "eget euismod tortor massa sit amet ante."
        text run at (0,284) width 212: "Quisque sed varius lectus. Mauris"
        text run at (0,303) width 247: "facilisis blandit mattis. Ut id tortor ante,"
        text run at (0,322) width 225: "ac eleifend dui. Donec sit amet arcu"
        text run at (0,356) width 249: "quis neque aliquam euismod a tincidunt"
        text run at (0,375) width 200: "justo. Integer sagittis, neque sed"
        text run at (0,394) width 234: "aliquam bibendum, est ante vulputate"
        text run at (0,413) width 247: "lectus, in elementum felis tellus et nibh."
        text run at (0,432) width 228: "Aliquam id ultrices nisl. Sed sodales"
        text run at (0,451) width 250: "lacinia interdum. Aenean pharetra tellus"
        text run at (0,470) width 202: "ante, aliquam consectetur ligula."
    RenderBlock {P} at (0,2249) size 250x603
      RenderText {#text} at (0,0) size 250x603
        text run at (0,0) width 177: "Lorem ipsum dolor sit amet,"
        text run at (0,19) width 212: "consectetur adipiscing elit. Donec"
        text run at (0,38) width 224: "posuere ligula et neque ullamcorper"
        text run at (0,57) width 233: "consectetur. Duis nec viverra magna."
        text run at (0,76) width 243: "Nullam tellus diam, auctor et auctor at,"
        text run at (0,95) width 215: "fermentum quis mi. Nulla rhoncus"
        text run at (0,114) width 249: "porttitor ultrices. Nunc gravida, nisi nec"
        text run at (0,151) width 210: "consequat scelerisque, lectus eros"
        text run at (0,170) width 241: "sagittis erat, non ultrices ipsum nibh in"
        text run at (0,189) width 214: "quam. Donec dignissim, lacus sed"
        text run at (0,208) width 228: "cursus commodo, nibh enim sodales"
        text run at (0,227) width 243: "metus, lacinia dictum felis est tincidunt"
        text run at (0,246) width 228: "orci. Morbi pretium volutpat ante, ut"
        text run at (0,265) width 250: "ultricies nulla pharetra sed. Duis ac felis"
        text run at (0,284) width 240: "quis justo ullamcorper semper. Integer"
        text run at (0,303) width 237: "augue lacus, imperdiet eu euismod ut,"
        text run at (0,322) width 237: "vulputate vel purus. Donec bibendum"
        text run at (0,341) width 226: "felis id nisl auctor sit amet imperdiet"
        text run at (0,360) width 242: "quam mollis. Duis aliquam tellus odio,"
        text run at (0,379) width 246: "a varius lectus. Nunc a tortor augue, eu"
        text run at (0,398) width 225: "sollicitudin nibh. Phasellus ultricies,"
        text run at (0,417) width 224: "lacus eget tincidunt mattis, velit erat"
        text run at (0,451) width 232: "facilisis lacus, quis luctus arcu erat ut"
        text run at (0,470) width 249: "erat. Duis feugiat eros eu ligula ultricies"
        text run at (0,489) width 234: "non tincidunt tellus viverra. Donec ut"
        text run at (0,508) width 198: "eros augue, nec elementum elit."
        text run at (0,527) width 227: "Pellentesque massa lectus, vulputate"
        text run at (0,546) width 232: "sed vehicula eget, volutpat eu augue."
        text run at (0,565) width 201: "Cras fermentum turpis vitae erat"
        text run at (0,584) width 193: "vehicula et lacinia mi molestie."
    RenderBlock {P} at (0,2868) size 250x489
      RenderText {#text} at (0,0) size 250x489
        text run at (0,0) width 239: "Curabitur ac porttitor leo. Class aptent"
        text run at (0,19) width 224: "taciti sociosqu ad litora torquent per"
        text run at (0,38) width 176: "conubia nostra, per inceptos"
        text run at (0,57) width 220: "himenaeos. Quisque eget mauris id"
        text run at (0,76) width 221: "turpis ullamcorper blandit quis eget"
        text run at (0,95) width 188: "turpis. Nullam et molestie elit."
        text run at (0,132) width 249: "Curabitur urna arcu, luctus a suscipit et,"
        text run at (0,151) width 242: "viverra vel orci. Morbi scelerisque erat"
        text run at (0,170) width 250: "quis massa blandit molestie. Fusce vitae"
        text run at (0,189) width 229: "velit a lacus suscipit tempus. In vitae"
        text run at (0,208) width 199: "nisl orci, vel ultrices diam. Duis"
        text run at (0,227) width 230: "pellentesque, massa sit amet eleifend"
        text run at (0,246) width 223: "sollicitudin, dolor orci semper urna,"
        text run at (0,265) width 249: "eget euismod tortor massa sit amet ante."
        text run at (0,284) width 212: "Quisque sed varius lectus. Mauris"
        text run at (0,303) width 247: "facilisis blandit mattis. Ut id tortor ante,"
        text run at (0,322) width 225: "ac eleifend dui. Donec sit amet arcu"
        text run at (0,341) width 249: "quis neque aliquam euismod a tincidunt"
        text run at (0,360) width 200: "justo. Integer sagittis, neque sed"
        text run at (0,379) width 234: "aliquam bibendum, est ante vulputate"
        text run at (0,398) width 247: "lectus, in elementum felis tellus et nibh."
        text run at (0,432) width 228: "Aliquam id ultrices nisl. Sed sodales"
        text run at (0,451) width 250: "lacinia interdum. Aenean pharetra tellus"
        text run at (0,470) width 202: "ante, aliquam consectetur ligula."
    RenderBlock {P} at (0,3373) size 250x603
      RenderText {#text} at (0,0) size 250x603
        text run at (0,0) width 177: "Lorem ipsum dolor sit amet,"
        text run at (0,19) width 212: "consectetur adipiscing elit. Donec"
        text run at (0,38) width 224: "posuere ligula et neque ullamcorper"
        text run at (0,57) width 233: "consectetur. Duis nec viverra magna."
        text run at (0,76) width 243: "Nullam tellus diam, auctor et auctor at,"
        text run at (0,95) width 215: "fermentum quis mi. Nulla rhoncus"
        text run at (0,114) width 249: "porttitor ultrices. Nunc gravida, nisi nec"
        text run at (0,133) width 210: "consequat scelerisque, lectus eros"
        text run at (0,152) width 241: "sagittis erat, non ultrices ipsum nibh in"
        text run at (0,171) width 214: "quam. Donec dignissim, lacus sed"
        text run at (0,190) width 228: "cursus commodo, nibh enim sodales"
        text run at (0,227) width 243: "metus, lacinia dictum felis est tincidunt"
        text run at (0,246) width 228: "orci. Morbi pretium volutpat ante, ut"
        text run at (0,265) width 250: "ultricies nulla pharetra sed. Duis ac felis"
        text run at (0,284) width 240: "quis justo ullamcorper semper. Integer"
        text run at (0,303) width 237: "augue lacus, imperdiet eu euismod ut,"
        text run at (0,322) width 237: "vulputate vel purus. Donec bibendum"
        text run at (0,341) width 226: "felis id nisl auctor sit amet imperdiet"
        text run at (0,360) width 242: "quam mollis. Duis aliquam tellus odio,"
        text run at (0,379) width 246: "a varius lectus. Nunc a tortor augue, eu"
        text run at (0,398) width 225: "sollicitudin nibh. Phasellus ultricies,"
        text run at (0,417) width 224: "lacus eget tincidunt mattis, velit erat"
        text run at (0,436) width 232: "facilisis lacus, quis luctus arcu erat ut"
        text run at (0,455) width 249: "erat. Duis feugiat eros eu ligula ultricies"
        text run at (0,474) width 234: "non tincidunt tellus viverra. Donec ut"
        text run at (0,493) width 198: "eros augue, nec elementum elit."
        text run at (0,527) width 227: "Pellentesque massa lectus, vulputate"
        text run at (0,546) width 232: "sed vehicula eget, volutpat eu augue."
        text run at (0,565) width 201: "Cras fermentum turpis vitae erat"
        text run at (0,584) width 193: "vehicula et lacinia mi molestie."
    RenderBlock {P} at (0,3992) size 250x474
      RenderText {#text} at (0,0) size 250x474
        text run at (0,0) width 239: "Curabitur ac porttitor leo. Class aptent"
        text run at (0,19) width 224: "taciti sociosqu ad litora torquent per"
        text run at (0,38) width 176: "conubia nostra, per inceptos"
        text run at (0,57) width 220: "himenaeos. Quisque eget mauris id"
        text run at (0,76) width 221: "turpis ullamcorper blandit quis eget"
        text run at (0,95) width 188: "turpis. Nullam et molestie elit."
        text run at (0,114) width 249: "Curabitur urna arcu, luctus a suscipit et,"
        text run at (0,133) width 242: "viverra vel orci. Morbi scelerisque erat"
        text run at (0,152) width 250: "quis massa blandit molestie. Fusce vitae"
        text run at (0,171) width 229: "velit a lacus suscipit tempus. In vitae"
        text run at (0,208) width 199: "nisl orci, vel ultrices diam. Duis"
        text run at (0,227) width 230: "pellentesque, massa sit amet eleifend"
        text run at (0,246) width 223: "sollicitudin, dolor orci semper urna,"
        text run at (0,265) width 249: "eget euismod tortor massa sit amet ante."
        text run at (0,284) width 212: "Quisque sed varius lectus. Mauris"
        text run at (0,303) width 247: "facilisis blandit mattis. Ut id tortor ante,"
        text run at (0,322) width 225: "ac eleifend dui. Donec sit amet arcu"
        text run at (0,341) width 249: "quis neque aliquam euismod a tincidunt"
        text run at (0,360) width 200: "justo. Integer sagittis, neque sed"
        text run at (0,379) width 234: "aliquam bibendum, est ante vulputate"
        text run at (0,398) width 247: "lectus, in elementum felis tellus et nibh."
        text run at (0,417) width 228: "Aliquam id ultrices nisl. Sed sodales"
        text run at (0,436) width 250: "lacinia interdum. Aenean pharetra tellus"
        text run at (0,455) width 202: "ante, aliquam consectetur ligula."
    RenderBlock {P} at (0,4500) size 250x585
      RenderText {#text} at (0,0) size 250x585
        text run at (0,0) width 177: "Lorem ipsum dolor sit amet,"
        text run at (0,19) width 212: "consectetur adipiscing elit. Donec"
        text run at (0,38) width 224: "posuere ligula et neque ullamcorper"
        text run at (0,57) width 233: "consectetur. Duis nec viverra magna."
        text run at (0,76) width 243: "Nullam tellus diam, auctor et auctor at,"
        text run at (0,95) width 215: "fermentum quis mi. Nulla rhoncus"
        text run at (0,114) width 249: "porttitor ultrices. Nunc gravida, nisi nec"
        text run at (0,133) width 210: "consequat scelerisque, lectus eros"
        text run at (0,152) width 241: "sagittis erat, non ultrices ipsum nibh in"
        text run at (0,171) width 214: "quam. Donec dignissim, lacus sed"
        text run at (0,190) width 228: "cursus commodo, nibh enim sodales"
        text run at (0,209) width 243: "metus, lacinia dictum felis est tincidunt"
        text run at (0,228) width 228: "orci. Morbi pretium volutpat ante, ut"
        text run at (0,247) width 250: "ultricies nulla pharetra sed. Duis ac felis"
        text run at (0,266) width 240: "quis justo ullamcorper semper. Integer"
        text run at (0,300) width 237: "augue lacus, imperdiet eu euismod ut,"
        text run at (0,319) width 237: "vulputate vel purus. Donec bibendum"
        text run at (0,338) width 226: "felis id nisl auctor sit amet imperdiet"
        text run at (0,357) width 242: "quam mollis. Duis aliquam tellus odio,"
        text run at (0,376) width 246: "a varius lectus. Nunc a tortor augue, eu"
        text run at (0,395) width 225: "sollicitudin nibh. Phasellus ultricies,"
        text run at (0,414) width 224: "lacus eget tincidunt mattis, velit erat"
        text run at (0,433) width 232: "facilisis lacus, quis luctus arcu erat ut"
        text run at (0,452) width 249: "erat. Duis feugiat eros eu ligula ultricies"
        text run at (0,471) width 234: "non tincidunt tellus viverra. Donec ut"
        text run at (0,490) width 198: "eros augue, nec elementum elit."
        text run at (0,509) width 227: "Pellentesque massa lectus, vulputate"
        text run at (0,528) width 232: "sed vehicula eget, volutpat eu augue."
        text run at (0,547) width 201: "Cras fermentum turpis vitae erat"
        text run at (0,566) width 193: "vehicula et lacinia mi molestie."
    RenderBlock {P} at (0,5100) size 250x471
      RenderText {#text} at (0,0) size 250x471
        text run at (0,0) width 239: "Curabitur ac porttitor leo. Class aptent"
        text run at (0,19) width 224: "taciti sociosqu ad litora torquent per"
        text run at (0,38) width 176: "conubia nostra, per inceptos"
        text run at (0,57) width 220: "himenaeos. Quisque eget mauris id"
        text run at (0,76) width 221: "turpis ullamcorper blandit quis eget"
        text run at (0,95) width 188: "turpis. Nullam et molestie elit."
        text run at (0,114) width 249: "Curabitur urna arcu, luctus a suscipit et,"
        text run at (0,133) width 242: "viverra vel orci. Morbi scelerisque erat"
        text run at (0,152) width 250: "quis massa blandit molestie. Fusce vitae"
        text run at (0,171) width 229: "velit a lacus suscipit tempus. In vitae"
        text run at (0,190) width 199: "nisl orci, vel ultrices diam. Duis"
        text run at (0,209) width 230: "pellentesque, massa sit amet eleifend"
        text run at (0,228) width 223: "sollicitudin, dolor orci semper urna,"
        text run at (0,247) width 249: "eget euismod tortor massa sit amet ante."
        text run at (0,266) width 212: "Quisque sed varius lectus. Mauris"
        text run at (0,300) width 247: "facilisis blandit mattis. Ut id tortor ante,"
        text run at (0,319) width 225: "ac eleifend dui. Donec sit amet arcu"
        text run at (0,338) width 249: "quis neque aliquam euismod a tincidunt"
        text run at (0,357) width 200: "justo. Integer sagittis, neque sed"
        text run at (0,376) width 234: "aliquam bibendum, est ante vulputate"
        text run at (0,395) width 247: "lectus, in elementum felis tellus et nibh."
        text run at (0,414) width 228: "Aliquam id ultrices nisl. Sed sodales"
        text run at (0,433) width 250: "lacinia interdum. Aenean pharetra tellus"
        text run at (0,452) width 202: "ante, aliquam consectetur ligula."
