layer at (0,0) size 1560x1010
  RenderView at (0,0) size 785x585
layer at (0,0) size 785x1010
  RenderBlock {HTML} at (0,0) size 785x1010
    RenderBody {BODY} at (8,8) size 769x994
      RenderBlock {HR} at (0,358) size 769x2 [border: (1px inset #000000)]
      RenderBlock {HR} at (0,676) size 769x2 [border: (1px inset #000000)]
layer at (8,8) size 769x350
  RenderBlock {DIV} at (0,0) size 769x350
    RenderTable {TABLE} at (0,0) size 376x1240 [border: (1px outset #808080)]
      RenderTableSection {TBODY} at (1,1) size 374x1238
        RenderTableRow {TR} at (0,0) size 374x1238
          RenderTableCell {TD} at (0,44) size 140x1194 [border: (1px inset #808080)] [r=0 c=0 rs=1 cs=1]
            RenderText {#text} at (11,11) size 105x38
              text run at (11,11) width 105: "This cell has lots"
              text run at (11,30) width 44: "of text."
            RenderBR {BR} at (55,45) size 0x0
            RenderText {#text} at (11,49) size 105x38
              text run at (11,49) width 105: "This cell has lots"
              text run at (11,68) width 44: "of text."
            RenderBR {BR} at (55,83) size 0x0
            RenderText {#text} at (11,87) size 105x38
              text run at (11,87) width 105: "This cell has lots"
              text run at (11,106) width 44: "of text."
            RenderBR {BR} at (55,121) size 0x0
            RenderText {#text} at (11,125) size 105x38
              text run at (11,125) width 105: "This cell has lots"
              text run at (11,144) width 44: "of text."
            RenderBR {BR} at (55,159) size 0x0
            RenderText {#text} at (11,163) size 105x38
              text run at (11,163) width 105: "This cell has lots"
              text run at (11,182) width 44: "of text."
            RenderBR {BR} at (55,197) size 0x0
            RenderText {#text} at (11,201) size 105x38
              text run at (11,201) width 105: "This cell has lots"
              text run at (11,220) width 44: "of text."
            RenderBR {BR} at (55,235) size 0x0
            RenderText {#text} at (11,239) size 105x38
              text run at (11,239) width 105: "This cell has lots"
              text run at (11,258) width 44: "of text."
            RenderBR {BR} at (55,273) size 0x0
            RenderText {#text} at (11,277) size 105x48
              text run at (11,277) width 105: "This cell has lots"
              text run at (11,306) width 44: "of text."
            RenderBR {BR} at (55,321) size 0x0
            RenderText {#text} at (11,325) size 105x38
              text run at (11,325) width 105: "This cell has lots"
              text run at (11,344) width 44: "of text."
            RenderBR {BR} at (55,359) size 0x0
            RenderText {#text} at (11,363) size 105x38
              text run at (11,363) width 105: "This cell has lots"
              text run at (11,382) width 44: "of text."
            RenderBR {BR} at (55,397) size 0x0
            RenderText {#text} at (11,401) size 105x38
              text run at (11,401) width 105: "This cell has lots"
              text run at (11,420) width 44: "of text."
            RenderBR {BR} at (55,435) size 0x0
            RenderText {#text} at (11,439) size 105x38
              text run at (11,439) width 105: "This cell has lots"
              text run at (11,458) width 44: "of text."
            RenderBR {BR} at (55,473) size 0x0
            RenderText {#text} at (11,477) size 105x38
              text run at (11,477) width 105: "This cell has lots"
              text run at (11,496) width 44: "of text."
            RenderBR {BR} at (55,511) size 0x0
            RenderText {#text} at (11,515) size 105x38
              text run at (11,515) width 105: "This cell has lots"
              text run at (11,534) width 44: "of text."
            RenderBR {BR} at (55,549) size 0x0
            RenderText {#text} at (11,553) size 105x38
              text run at (11,553) width 105: "This cell has lots"
              text run at (11,572) width 44: "of text."
            RenderBR {BR} at (55,587) size 0x0
            RenderText {#text} at (11,591) size 105x38
              text run at (11,591) width 105: "This cell has lots"
              text run at (11,610) width 44: "of text."
            RenderBR {BR} at (55,625) size 0x0
            RenderText {#text} at (11,629) size 105x46
              text run at (11,629) width 105: "This cell has lots"
              text run at (11,656) width 44: "of text."
            RenderBR {BR} at (55,671) size 0x0
            RenderText {#text} at (11,675) size 105x38
              text run at (11,675) width 105: "This cell has lots"
              text run at (11,694) width 44: "of text."
            RenderBR {BR} at (55,709) size 0x0
            RenderText {#text} at (11,713) size 105x38
              text run at (11,713) width 105: "This cell has lots"
              text run at (11,732) width 44: "of text."
            RenderBR {BR} at (55,747) size 0x0
            RenderText {#text} at (11,751) size 105x38
              text run at (11,751) width 105: "This cell has lots"
              text run at (11,770) width 44: "of text."
            RenderBR {BR} at (55,785) size 0x0
            RenderText {#text} at (11,789) size 105x38
              text run at (11,789) width 105: "This cell has lots"
              text run at (11,808) width 44: "of text."
            RenderBR {BR} at (55,823) size 0x0
            RenderText {#text} at (11,827) size 105x38
              text run at (11,827) width 105: "This cell has lots"
              text run at (11,846) width 44: "of text."
            RenderBR {BR} at (55,861) size 0x0
            RenderText {#text} at (11,865) size 105x38
              text run at (11,865) width 105: "This cell has lots"
              text run at (11,884) width 44: "of text."
            RenderBR {BR} at (55,899) size 0x0
            RenderText {#text} at (11,903) size 105x38
              text run at (11,903) width 105: "This cell has lots"
              text run at (11,922) width 44: "of text."
            RenderBR {BR} at (55,937) size 0x0
            RenderText {#text} at (11,941) size 105x38
              text run at (11,941) width 105: "This cell has lots"
              text run at (11,960) width 44: "of text."
            RenderBR {BR} at (55,975) size 0x0
            RenderText {#text} at (11,979) size 105x46
              text run at (11,979) width 105: "This cell has lots"
              text run at (11,1006) width 44: "of text."
            RenderBR {BR} at (55,1021) size 0x0
            RenderText {#text} at (11,1025) size 105x38
              text run at (11,1025) width 105: "This cell has lots"
              text run at (11,1044) width 44: "of text."
            RenderBR {BR} at (55,1059) size 0x0
            RenderText {#text} at (11,1063) size 105x38
              text run at (11,1063) width 105: "This cell has lots"
              text run at (11,1082) width 44: "of text."
            RenderBR {BR} at (55,1097) size 0x0
            RenderText {#text} at (11,1101) size 105x38
              text run at (11,1101) width 105: "This cell has lots"
              text run at (11,1120) width 44: "of text."
            RenderBR {BR} at (55,1135) size 0x0
            RenderText {#text} at (11,1139) size 105x38
              text run at (11,1139) width 105: "This cell has lots"
              text run at (11,1158) width 44: "of text."
            RenderBR {BR} at (55,1173) size 0x0
          RenderTableCell {TD} at (140,0) size 234x170 [border: (1px inset #808080)] [r=0 c=1 rs=1 cs=1]
            RenderInline {SPAN} at (0,0) size 145x146
              RenderText {#text} at (11,12) size 145x146
                text run at (11,12) width 145: "Other"
                text run at (11,86) width 108: "cell."
layer at (8,376) size 769x300
  RenderBlock {DIV} at (0,368) size 769x300
    RenderTable {TABLE} at (0,0) size 376x1198 [border: (1px outset #808080)]
      RenderTableSection {TBODY} at (1,1) size 374x1196
        RenderTableRow {TR} at (0,0) size 374x1196
          RenderTableCell {TD} at (0,0) size 140x1196 [border: (1px inset #808080)] [r=0 c=0 rs=1 cs=1]
            RenderText {#text} at (11,11) size 105x38
              text run at (11,11) width 105: "This cell has lots"
              text run at (11,30) width 44: "of text."
            RenderBR {BR} at (55,45) size 0x0
            RenderText {#text} at (11,49) size 105x38
              text run at (11,49) width 105: "This cell has lots"
              text run at (11,68) width 44: "of text."
            RenderBR {BR} at (55,83) size 0x0
            RenderText {#text} at (11,87) size 105x38
              text run at (11,87) width 105: "This cell has lots"
              text run at (11,106) width 44: "of text."
            RenderBR {BR} at (55,121) size 0x0
            RenderText {#text} at (11,125) size 105x38
              text run at (11,125) width 105: "This cell has lots"
              text run at (11,144) width 44: "of text."
            RenderBR {BR} at (55,159) size 0x0
            RenderText {#text} at (11,163) size 105x38
              text run at (11,163) width 105: "This cell has lots"
              text run at (11,182) width 44: "of text."
            RenderBR {BR} at (55,197) size 0x0
            RenderText {#text} at (11,201) size 105x38
              text run at (11,201) width 105: "This cell has lots"
              text run at (11,220) width 44: "of text."
            RenderBR {BR} at (55,235) size 0x0
            RenderText {#text} at (11,239) size 105x38
              text run at (11,239) width 105: "This cell has lots"
              text run at (11,258) width 44: "of text."
            RenderBR {BR} at (55,273) size 0x0
            RenderText {#text} at (11,277) size 105x42
              text run at (11,277) width 105: "This cell has lots"
              text run at (11,300) width 44: "of text."
            RenderBR {BR} at (55,315) size 0x0
            RenderText {#text} at (11,319) size 105x38
              text run at (11,319) width 105: "This cell has lots"
              text run at (11,338) width 44: "of text."
            RenderBR {BR} at (55,353) size 0x0
            RenderText {#text} at (11,357) size 105x38
              text run at (11,357) width 105: "This cell has lots"
              text run at (11,376) width 44: "of text."
            RenderBR {BR} at (55,391) size 0x0
            RenderText {#text} at (11,395) size 105x38
              text run at (11,395) width 105: "This cell has lots"
              text run at (11,414) width 44: "of text."
            RenderBR {BR} at (55,429) size 0x0
            RenderText {#text} at (11,433) size 105x38
              text run at (11,433) width 105: "This cell has lots"
              text run at (11,452) width 44: "of text."
            RenderBR {BR} at (55,467) size 0x0
            RenderText {#text} at (11,471) size 105x38
              text run at (11,471) width 105: "This cell has lots"
              text run at (11,490) width 44: "of text."
            RenderBR {BR} at (55,505) size 0x0
            RenderText {#text} at (11,509) size 105x38
              text run at (11,509) width 105: "This cell has lots"
              text run at (11,528) width 44: "of text."
            RenderBR {BR} at (55,543) size 0x0
            RenderText {#text} at (11,547) size 105x38
              text run at (11,547) width 105: "This cell has lots"
              text run at (11,566) width 44: "of text."
            RenderBR {BR} at (55,581) size 0x0
            RenderText {#text} at (11,600) size 105x38
              text run at (11,600) width 105: "This cell has lots"
              text run at (11,619) width 44: "of text."
            RenderBR {BR} at (55,634) size 0x0
            RenderText {#text} at (11,638) size 105x38
              text run at (11,638) width 105: "This cell has lots"
              text run at (11,657) width 44: "of text."
            RenderBR {BR} at (55,672) size 0x0
            RenderText {#text} at (11,676) size 105x38
              text run at (11,676) width 105: "This cell has lots"
              text run at (11,695) width 44: "of text."
            RenderBR {BR} at (55,710) size 0x0
            RenderText {#text} at (11,714) size 105x38
              text run at (11,714) width 105: "This cell has lots"
              text run at (11,733) width 44: "of text."
            RenderBR {BR} at (55,748) size 0x0
            RenderText {#text} at (11,752) size 105x38
              text run at (11,752) width 105: "This cell has lots"
              text run at (11,771) width 44: "of text."
            RenderBR {BR} at (55,786) size 0x0
            RenderText {#text} at (11,790) size 105x38
              text run at (11,790) width 105: "This cell has lots"
              text run at (11,809) width 44: "of text."
            RenderBR {BR} at (55,824) size 0x0
            RenderText {#text} at (11,828) size 105x38
              text run at (11,828) width 105: "This cell has lots"
              text run at (11,847) width 44: "of text."
            RenderBR {BR} at (55,862) size 0x0
            RenderText {#text} at (11,866) size 105x53
              text run at (11,866) width 105: "This cell has lots"
              text run at (11,900) width 44: "of text."
            RenderBR {BR} at (55,915) size 0x0
            RenderText {#text} at (11,919) size 105x38
              text run at (11,919) width 105: "This cell has lots"
              text run at (11,938) width 44: "of text."
            RenderBR {BR} at (55,953) size 0x0
            RenderText {#text} at (11,957) size 105x38
              text run at (11,957) width 105: "This cell has lots"
              text run at (11,976) width 44: "of text."
            RenderBR {BR} at (55,991) size 0x0
            RenderText {#text} at (11,995) size 105x38
              text run at (11,995) width 105: "This cell has lots"
              text run at (11,1014) width 44: "of text."
            RenderBR {BR} at (55,1029) size 0x0
            RenderText {#text} at (11,1033) size 105x38
              text run at (11,1033) width 105: "This cell has lots"
              text run at (11,1052) width 44: "of text."
            RenderBR {BR} at (55,1067) size 0x0
            RenderText {#text} at (11,1071) size 105x38
              text run at (11,1071) width 105: "This cell has lots"
              text run at (11,1090) width 44: "of text."
            RenderBR {BR} at (55,1105) size 0x0
            RenderText {#text} at (11,1109) size 105x38
              text run at (11,1109) width 105: "This cell has lots"
              text run at (11,1128) width 44: "of text."
            RenderBR {BR} at (55,1143) size 0x0
            RenderText {#text} at (11,1147) size 105x38
              text run at (11,1147) width 105: "This cell has lots"
              text run at (11,1166) width 44: "of text."
            RenderBR {BR} at (55,1181) size 0x0
          RenderTableCell {TD} at (140,513) size 234x170 [border: (1px inset #808080)] [r=0 c=1 rs=1 cs=1]
            RenderInline {SPAN} at (0,0) size 145x148
              RenderText {#text} at (11,12) size 145x148
                text run at (11,12) width 145: "Other"
                text run at (11,88) width 108: "cell."
layer at (8,702) size 769x300
  RenderBlock {DIV} at (0,694) size 769x300
    RenderTable {TABLE} at (0,0) size 376x1198 [border: (1px outset #808080)]
      RenderTableSection {TBODY} at (1,1) size 374x1196
        RenderTableRow {TR} at (0,0) size 374x1196
          RenderTableCell {TD} at (0,0) size 140x1196 [border: (1px inset #808080)] [r=0 c=0 rs=1 cs=1]
            RenderText {#text} at (11,11) size 105x38
              text run at (11,11) width 105: "This cell has lots"
              text run at (11,30) width 44: "of text."
            RenderBR {BR} at (55,45) size 0x0
            RenderText {#text} at (11,49) size 105x38
              text run at (11,49) width 105: "This cell has lots"
              text run at (11,68) width 44: "of text."
            RenderBR {BR} at (55,83) size 0x0
            RenderText {#text} at (11,87) size 105x38
              text run at (11,87) width 105: "This cell has lots"
              text run at (11,106) width 44: "of text."
            RenderBR {BR} at (55,121) size 0x0
            RenderText {#text} at (11,125) size 105x38
              text run at (11,125) width 105: "This cell has lots"
              text run at (11,144) width 44: "of text."
            RenderBR {BR} at (55,159) size 0x0
            RenderText {#text} at (11,163) size 105x38
              text run at (11,163) width 105: "This cell has lots"
              text run at (11,182) width 44: "of text."
            RenderBR {BR} at (55,197) size 0x0
            RenderText {#text} at (11,201) size 105x38
              text run at (11,201) width 105: "This cell has lots"
              text run at (11,220) width 44: "of text."
            RenderBR {BR} at (55,235) size 0x0
            RenderText {#text} at (11,239) size 105x38
              text run at (11,239) width 105: "This cell has lots"
              text run at (11,258) width 44: "of text."
            RenderBR {BR} at (55,273) size 0x0
            RenderText {#text} at (11,277) size 105x42
              text run at (11,277) width 105: "This cell has lots"
              text run at (11,300) width 44: "of text."
            RenderBR {BR} at (55,315) size 0x0
            RenderText {#text} at (11,319) size 105x38
              text run at (11,319) width 105: "This cell has lots"
              text run at (11,338) width 44: "of text."
            RenderBR {BR} at (55,353) size 0x0
            RenderText {#text} at (11,357) size 105x38
              text run at (11,357) width 105: "This cell has lots"
              text run at (11,376) width 44: "of text."
            RenderBR {BR} at (55,391) size 0x0
            RenderText {#text} at (11,395) size 105x38
              text run at (11,395) width 105: "This cell has lots"
              text run at (11,414) width 44: "of text."
            RenderBR {BR} at (55,429) size 0x0
            RenderText {#text} at (11,433) size 105x38
              text run at (11,433) width 105: "This cell has lots"
              text run at (11,452) width 44: "of text."
            RenderBR {BR} at (55,467) size 0x0
            RenderText {#text} at (11,471) size 105x38
              text run at (11,471) width 105: "This cell has lots"
              text run at (11,490) width 44: "of text."
            RenderBR {BR} at (55,505) size 0x0
            RenderText {#text} at (11,509) size 105x38
              text run at (11,509) width 105: "This cell has lots"
              text run at (11,528) width 44: "of text."
            RenderBR {BR} at (55,543) size 0x0
            RenderText {#text} at (11,547) size 105x38
              text run at (11,547) width 105: "This cell has lots"
              text run at (11,566) width 44: "of text."
            RenderBR {BR} at (55,581) size 0x0
            RenderText {#text} at (11,600) size 105x38
              text run at (11,600) width 105: "This cell has lots"
              text run at (11,619) width 44: "of text."
            RenderBR {BR} at (55,634) size 0x0
            RenderText {#text} at (11,638) size 105x38
              text run at (11,638) width 105: "This cell has lots"
              text run at (11,657) width 44: "of text."
            RenderBR {BR} at (55,672) size 0x0
            RenderText {#text} at (11,676) size 105x38
              text run at (11,676) width 105: "This cell has lots"
              text run at (11,695) width 44: "of text."
            RenderBR {BR} at (55,710) size 0x0
            RenderText {#text} at (11,714) size 105x38
              text run at (11,714) width 105: "This cell has lots"
              text run at (11,733) width 44: "of text."
            RenderBR {BR} at (55,748) size 0x0
            RenderText {#text} at (11,752) size 105x38
              text run at (11,752) width 105: "This cell has lots"
              text run at (11,771) width 44: "of text."
            RenderBR {BR} at (55,786) size 0x0
            RenderText {#text} at (11,790) size 105x38
              text run at (11,790) width 105: "This cell has lots"
              text run at (11,809) width 44: "of text."
            RenderBR {BR} at (55,824) size 0x0
            RenderText {#text} at (11,828) size 105x38
              text run at (11,828) width 105: "This cell has lots"
              text run at (11,847) width 44: "of text."
            RenderBR {BR} at (55,862) size 0x0
            RenderText {#text} at (11,866) size 105x53
              text run at (11,866) width 105: "This cell has lots"
              text run at (11,900) width 44: "of text."
            RenderBR {BR} at (55,915) size 0x0
            RenderText {#text} at (11,919) size 105x38
              text run at (11,919) width 105: "This cell has lots"
              text run at (11,938) width 44: "of text."
            RenderBR {BR} at (55,953) size 0x0
            RenderText {#text} at (11,957) size 105x38
              text run at (11,957) width 105: "This cell has lots"
              text run at (11,976) width 44: "of text."
            RenderBR {BR} at (55,991) size 0x0
            RenderText {#text} at (11,995) size 105x38
              text run at (11,995) width 105: "This cell has lots"
              text run at (11,1014) width 44: "of text."
            RenderBR {BR} at (55,1029) size 0x0
            RenderText {#text} at (11,1033) size 105x38
              text run at (11,1033) width 105: "This cell has lots"
              text run at (11,1052) width 44: "of text."
            RenderBR {BR} at (55,1067) size 0x0
            RenderText {#text} at (11,1071) size 105x38
              text run at (11,1071) width 105: "This cell has lots"
              text run at (11,1090) width 44: "of text."
            RenderBR {BR} at (55,1105) size 0x0
            RenderText {#text} at (11,1109) size 105x38
              text run at (11,1109) width 105: "This cell has lots"
              text run at (11,1128) width 44: "of text."
            RenderBR {BR} at (55,1143) size 0x0
            RenderText {#text} at (11,1147) size 105x38
              text run at (11,1147) width 105: "This cell has lots"
              text run at (11,1166) width 44: "of text."
            RenderBR {BR} at (55,1181) size 0x0
          RenderTableCell {TD} at (140,1026) size 234x170 [border: (1px inset #808080)] [r=0 c=1 rs=1 cs=1]
            RenderInline {SPAN} at (0,0) size 145x146
              RenderText {#text} at (11,12) size 145x146
                text run at (11,12) width 145: "Other"
                text run at (11,86) width 108: "cell."
