layer at (0,0) size 800x600
  RenderView at (0,0) size 800x600
layer at (0,0) size 800x600
  RenderBlock {HTML} at (0,0) size 800x600
    RenderBody {BODY} at (8,8) size 784x584
layer at (8,8) size 770x320
  RenderBlock {DIV} at (0,0) size 770x320 [border: (5px solid #000000)]
    RenderBlock {DIV} at (10,10) size 367x250
    RenderBlock (anonymous) at (10,310) size 367x202
      RenderBlock {DIV} at (0,0) size 301x202 [border: (2px solid #008000)]
        RenderText {#text} at (2,2) size 297x19
          text run at (2,2) width 297: "All of this text should be in the second column."
        RenderBR {BR} at (299,17) size 0x0
        RenderText {#text} at (2,20) size 297x19
          text run at (2,20) width 297: "All of this text should be in the second column."
        RenderBR {BR} at (299,35) size 0x0
        RenderText {#text} at (2,38) size 297x19
          text run at (2,38) width 297: "All of this text should be in the second column."
        RenderBR {BR} at (299,53) size 0x0
        RenderText {#text} at (2,56) size 297x19
          text run at (2,56) width 297: "All of this text should be in the second column."
        RenderBR {BR} at (299,71) size 0x0
        RenderText {#text} at (2,74) size 297x19
          text run at (2,74) width 297: "All of this text should be in the second column."
        RenderBR {BR} at (299,89) size 0x0
        RenderText {#text} at (2,92) size 297x19
          text run at (2,92) width 297: "All of this text should be in the second column."
        RenderBR {BR} at (299,107) size 0x0
        RenderText {#text} at (2,110) size 297x19
          text run at (2,110) width 297: "All of this text should be in the second column."
        RenderBR {BR} at (299,125) size 0x0
        RenderText {#text} at (2,128) size 297x19
          text run at (2,128) width 297: "All of this text should be in the second column."
        RenderBR {BR} at (299,143) size 0x0
        RenderText {#text} at (2,146) size 297x19
          text run at (2,146) width 297: "All of this text should be in the second column."
        RenderBR {BR} at (299,161) size 0x0
        RenderText {#text} at (2,164) size 297x19
          text run at (2,164) width 297: "All of this text should be in the second column."
        RenderBR {BR} at (299,179) size 0x0
        RenderText {#text} at (2,182) size 297x19
          text run at (2,182) width 297: "All of this text should be in the second column."
        RenderBR {BR} at (299,197) size 0x0
      RenderText {#text} at (0,0) size 0x0
