layer at (0,0) size 785x6690
  RenderView at (0,0) size 785x600
layer at (0,0) size 785x6690
  RenderBlock {HTML} at (0,0) size 785x6690
    RenderBody {BODY} at (8,8) size 769x6666
      RenderBlock {P} at (0,0) size 769x18
        RenderText {#text} at (0,0) size 300x18
          text run at (0,0) width 300: "Tests the resolved level of runs of neutral types."
      RenderBlock {DIV} at (0,34) size 769x3308
        RenderBlock {P} at (0,0) size 769x18
          RenderText {#text} at (0,0) size 43x18
            text run at (0,0) width 43: "ab(^cd"
        RenderBlock {P} at (0,34) size 769x19
          RenderText {#text} at (0,1) size 48x18
            text run at (0,1) width 20 RTL: "\x{5D0}\x{5D1}"
            text run at (19,1) width 29: "(^cd"
        RenderBlock {P} at (0,69) size 769x24
          RenderText {#text} at (0,3) size 41x18
            text run at (0,3) width 13 RTL: "\x{627}\x{628}"
            text run at (13,3) width 28: "(^cd"
        RenderBlock {P} at (0,109) size 769x18
          RenderText {#text} at (0,0) size 59x18
            text run at (0,0) width 59: "ab12(^cd"
        RenderBlock {P} at (0,143) size 769x19
          RenderText {#text} at (0,1) size 64x18
            text run at (0,1) width 16: "12"
            text run at (16,1) width 20 RTL: "\x{5D0}\x{5D1}"
            text run at (35,1) width 29: "(^cd"
        RenderBlock {P} at (0,178) size 769x24
          RenderText {#text} at (0,3) size 57x18
            text run at (0,3) width 16: "12"
            text run at (16,3) width 13 RTL: "\x{627}\x{628}"
            text run at (29,3) width 28: "(^cd"
        RenderBlock {P} at (0,218) size 769x24
          RenderText {#text} at (0,3) size 59x18
            text run at (0,3) width 15: "ab"
            text run at (15,3) width 16: "\x{661}\x{662}"
            text run at (31,3) width 28: "(^cd"
        RenderBlock {P} at (0,258) size 769x24
          RenderText {#text} at (0,3) size 64x18
            text run at (0,3) width 16: "\x{661}\x{662}"
            text run at (16,3) width 20 RTL: "\x{5D0}\x{5D1}"
            text run at (35,3) width 29: "(^cd"
        RenderBlock {P} at (0,298) size 769x24
          RenderText {#text} at (0,3) size 57x18
            text run at (0,3) width 16: "\x{661}\x{662}"
            text run at (16,3) width 13 RTL: "\x{627}\x{628}"
            text run at (29,3) width 28: "(^cd"
        RenderBlock {P} at (0,338) size 769x18
          RenderText {#text} at (0,0) size 35x18
            text run at (0,0) width 7: "\x{202A}?"
            text run at (7,0) width 28: "\x{202C}(^cd"
        RenderBlock {P} at (0,372) size 769x18
          RenderText {#text} at (0,0) size 35x18
            text run at (0,0) width 7 RTL: "\x{202B}?"
            text run at (7,0) width 28: "\x{202C}(^cd"
        RenderBlock {P} at (0,406) size 769x19
          RenderText {#text} at (0,1) size 43x18
            text run at (0,1) width 28: "ab(^"
            text run at (28,1) width 15 RTL: "\x{5D2}\x{5D3}"
        RenderBlock {P} at (0,441) size 769x19
          RenderText {#text} at (0,1) size 48x18
            text run at (0,1) width 48 RTL: "\x{5D0}\x{5D1}(^\x{5D2}\x{5D3}"
        RenderBlock {P} at (0,476) size 769x24
          RenderText {#text} at (0,3) size 41x18
            text run at (0,3) width 41 RTL: "\x{627}\x{628}(^\x{5D2}\x{5D3}"
        RenderBlock {P} at (0,516) size 769x19
          RenderText {#text} at (0,1) size 59x18
            text run at (0,1) width 44: "ab12(^"
            text run at (44,1) width 15 RTL: "\x{5D2}\x{5D3}"
        RenderBlock {P} at (0,551) size 769x19
          RenderText {#text} at (0,1) size 64x18
            text run at (0,1) width 28 RTL: "(^\x{5D2}\x{5D3}"
            text run at (27,1) width 17: "12"
            text run at (43,1) width 21 RTL: "\x{5D0}\x{5D1}"
        RenderBlock {P} at (0,586) size 769x24
          RenderText {#text} at (0,3) size 57x18
            text run at (0,3) width 28 RTL: "(^\x{5D2}\x{5D3}"
            text run at (27,3) width 17: "12"
            text run at (43,3) width 14 RTL: "\x{627}\x{628}"
        RenderBlock {P} at (0,626) size 769x24
          RenderText {#text} at (0,3) size 59x18
            text run at (0,3) width 15: "ab"
            text run at (15,3) width 28 RTL: "(^\x{5D2}\x{5D3}"
            text run at (42,3) width 17: "\x{661}\x{662}"
        RenderBlock {P} at (0,666) size 769x24
          RenderText {#text} at (0,3) size 64x18
            text run at (0,3) width 28 RTL: "(^\x{5D2}\x{5D3}"
            text run at (27,3) width 17: "\x{661}\x{662}"
            text run at (43,3) width 21 RTL: "\x{5D0}\x{5D1}"
        RenderBlock {P} at (0,706) size 769x24
          RenderText {#text} at (0,3) size 57x18
            text run at (0,3) width 28 RTL: "(^\x{5D2}\x{5D3}"
            text run at (27,3) width 17: "\x{661}\x{662}"
            text run at (43,3) width 14 RTL: "\x{627}\x{628}"
        RenderBlock {P} at (0,746) size 769x19
          RenderText {#text} at (0,1) size 35x18
            text run at (0,1) width 7: "\x{202A}?"
            text run at (7,1) width 13: "\x{202C}(^"
            text run at (20,1) width 15 RTL: "\x{5D2}\x{5D3}"
        RenderBlock {P} at (0,781) size 769x19
          RenderText {#text} at (0,1) size 35x18
            text run at (0,1) width 28 RTL: "\x{202C}(^\x{5D2}\x{5D3}"
            text run at (27,1) width 8 RTL: "\x{202B}?"
        RenderBlock {P} at (0,816) size 769x24
          RenderText {#text} at (0,3) size 43x18
            text run at (0,3) width 28: "ab(^"
            text run at (28,3) width 15 RTL: "\x{62C}\x{62F}"
        RenderBlock {P} at (0,856) size 769x24
          RenderText {#text} at (0,3) size 48x18
            text run at (0,3) width 48 RTL: "\x{5D0}\x{5D1}(^\x{62C}\x{62F}"
        RenderBlock {P} at (0,896) size 769x24
          RenderText {#text} at (0,3) size 41x18
            text run at (0,3) width 41 RTL: "\x{627}\x{628}(^\x{62C}\x{62F}"
        RenderBlock {P} at (0,936) size 769x24
          RenderText {#text} at (0,3) size 59x18
            text run at (0,3) width 44: "ab12(^"
            text run at (44,3) width 15 RTL: "\x{62C}\x{62F}"
        RenderBlock {P} at (0,976) size 769x24
          RenderText {#text} at (0,3) size 64x18
            text run at (0,3) width 28 RTL: "(^\x{62C}\x{62F}"
            text run at (28,3) width 16: "12"
            text run at (44,3) width 20 RTL: "\x{5D0}\x{5D1}"
        RenderBlock {P} at (0,1016) size 769x24
          RenderText {#text} at (0,3) size 57x18
            text run at (0,3) width 28 RTL: "(^\x{62C}\x{62F}"
            text run at (28,3) width 16: "12"
            text run at (44,3) width 13 RTL: "\x{627}\x{628}"
        RenderBlock {P} at (0,1056) size 769x24
          RenderText {#text} at (0,3) size 59x18
            text run at (0,3) width 15: "ab"
            text run at (15,3) width 28 RTL: "(^\x{62C}\x{62F}"
            text run at (43,3) width 16: "\x{661}\x{662}"
        RenderBlock {P} at (0,1096) size 769x24
          RenderText {#text} at (0,3) size 64x18
            text run at (0,3) width 28 RTL: "(^\x{62C}\x{62F}"
            text run at (28,3) width 16: "\x{661}\x{662}"
            text run at (44,3) width 20 RTL: "\x{5D0}\x{5D1}"
        RenderBlock {P} at (0,1136) size 769x24
          RenderText {#text} at (0,3) size 57x18
            text run at (0,3) width 28 RTL: "(^\x{62C}\x{62F}"
            text run at (28,3) width 16: "\x{661}\x{662}"
            text run at (44,3) width 13 RTL: "\x{627}\x{628}"
        RenderBlock {P} at (0,1176) size 769x24
          RenderText {#text} at (0,3) size 35x18
            text run at (0,3) width 7: "\x{202A}?"
            text run at (7,3) width 13: "\x{202C}(^"
            text run at (20,3) width 15 RTL: "\x{62C}\x{62F}"
        RenderBlock {P} at (0,1216) size 769x24
          RenderText {#text} at (0,3) size 35x18
            text run at (0,3) width 28 RTL: "\x{202C}(^\x{62C}\x{62F}"
            text run at (28,3) width 7 RTL: "\x{202B}?"
        RenderBlock {P} at (0,1256) size 769x19
          RenderText {#text} at (0,1) size 63x18
            text run at (0,1) width 44: "ab(^34"
            text run at (44,1) width 12 RTL: "\x{5E9}"
            text run at (55,1) width 8: "z"
        RenderBlock {P} at (0,1291) size 769x19
          RenderText {#text} at (0,1) size 67x18
            text run at (0,1) width 12 RTL: "\x{5E9}"
            text run at (11,1) width 17: "34"
            text run at (27,1) width 33 RTL: "\x{5D0}\x{5D1}(^"
            text run at (59,1) width 8: "z"
        RenderBlock {P} at (0,1326) size 769x24
          RenderText {#text} at (0,3) size 61x18
            text run at (0,3) width 12 RTL: "\x{5E9}"
            text run at (11,3) width 17: "34"
            text run at (27,3) width 27 RTL: "\x{627}\x{628}(^"
            text run at (53,3) width 8: "z"
        RenderBlock {P} at (0,1366) size 769x19
          RenderText {#text} at (0,1) size 79x18
            text run at (0,1) width 60: "ab12(^34"
            text run at (60,1) width 12 RTL: "\x{5E9}"
            text run at (71,1) width 8: "z"
        RenderBlock {P} at (0,1401) size 769x19
          RenderText {#text} at (0,1) size 83x18
            text run at (0,1) width 12 RTL: "\x{5E9}"
            text run at (11,1) width 17: "34"
            text run at (27,1) width 14 RTL: "(^"
            text run at (40,1) width 17: "12"
            text run at (56,1) width 20 RTL: "\x{5D0}\x{5D1}"
            text run at (75,1) width 8: "z"
        RenderBlock {P} at (0,1436) size 769x24
          RenderText {#text} at (0,3) size 77x18
            text run at (0,3) width 12 RTL: "\x{5E9}"
            text run at (11,3) width 17: "34"
            text run at (27,3) width 14 RTL: "(^"
            text run at (40,3) width 17: "12"
            text run at (56,3) width 14 RTL: "\x{627}\x{628}"
            text run at (69,3) width 8: "z"
        RenderBlock {P} at (0,1476) size 769x24
          RenderText {#text} at (0,3) size 79x18
            text run at (0,3) width 15: "ab"
            text run at (15,3) width 16: "\x{661}\x{662}"
            text run at (31,3) width 29: "(^34"
            text run at (60,3) width 12 RTL: "\x{5E9}"
            text run at (71,3) width 8: "z"
        RenderBlock {P} at (0,1516) size 769x24
          RenderText {#text} at (0,3) size 83x18
            text run at (0,3) width 12 RTL: "\x{5E9}"
            text run at (11,3) width 17: "34"
            text run at (27,3) width 14 RTL: "(^"
            text run at (40,3) width 17: "\x{661}\x{662}"
            text run at (56,3) width 20 RTL: "\x{5D0}\x{5D1}"
            text run at (75,3) width 8: "z"
        RenderBlock {P} at (0,1556) size 769x24
          RenderText {#text} at (0,3) size 77x18
            text run at (0,3) width 12 RTL: "\x{5E9}"
            text run at (11,3) width 17: "34"
            text run at (27,3) width 14 RTL: "(^"
            text run at (40,3) width 17: "\x{661}\x{662}"
            text run at (56,3) width 14 RTL: "\x{627}\x{628}"
            text run at (69,3) width 8: "z"
        RenderBlock {P} at (0,1596) size 769x19
          RenderText {#text} at (0,1) size 55x18
            text run at (0,1) width 7: "\x{202A}?"
            text run at (7,1) width 29: "\x{202C}(^34"
            text run at (36,1) width 12 RTL: "\x{5E9}"
            text run at (47,1) width 8: "z"
        RenderBlock {P} at (0,1631) size 769x19
          RenderText {#text} at (0,1) size 55x18
            text run at (0,1) width 12 RTL: "\x{5E9}"
            text run at (11,1) width 17: "34"
            text run at (27,1) width 14 RTL: "\x{202C}(^"
            text run at (40,1) width 8 RTL: "\x{202B}?"
            text run at (47,1) width 8: "z"
        RenderBlock {P} at (0,1666) size 769x24
          RenderText {#text} at (0,3) size 63x18
            text run at (0,3) width 28: "ab(^"
            text run at (28,3) width 12 RTL: "\x{5E9}"
            text run at (39,3) width 17: "\x{663}\x{664}"
            text run at (55,3) width 8: "z"
        RenderBlock {P} at (0,1706) size 769x24
          RenderText {#text} at (0,3) size 67x18
            text run at (0,3) width 12 RTL: "\x{5E9}"
            text run at (11,3) width 17: "\x{663}\x{664}"
            text run at (27,3) width 33 RTL: "\x{5D0}\x{5D1}(^"
            text run at (59,3) width 8: "z"
        RenderBlock {P} at (0,1746) size 769x24
          RenderText {#text} at (0,3) size 61x18
            text run at (0,3) width 12 RTL: "\x{5E9}"
            text run at (11,3) width 17: "\x{663}\x{664}"
            text run at (27,3) width 27 RTL: "\x{627}\x{628}(^"
            text run at (53,3) width 8: "z"
        RenderBlock {P} at (0,1786) size 769x24
          RenderText {#text} at (0,3) size 79x18
            text run at (0,3) width 44: "ab12(^"
            text run at (44,3) width 12 RTL: "\x{5E9}"
            text run at (55,3) width 17: "\x{663}\x{664}"
            text run at (71,3) width 8: "z"
        RenderBlock {P} at (0,1826) size 769x24
          RenderText {#text} at (0,3) size 83x18
            text run at (0,3) width 12 RTL: "\x{5E9}"
            text run at (11,3) width 17: "\x{663}\x{664}"
            text run at (27,3) width 14 RTL: "(^"
            text run at (40,3) width 17: "12"
            text run at (56,3) width 20 RTL: "\x{5D0}\x{5D1}"
            text run at (75,3) width 8: "z"
        RenderBlock {P} at (0,1866) size 769x24
          RenderText {#text} at (0,3) size 77x18
            text run at (0,3) width 12 RTL: "\x{5E9}"
            text run at (11,3) width 17: "\x{663}\x{664}"
            text run at (27,3) width 14 RTL: "(^"
            text run at (40,3) width 17: "12"
            text run at (56,3) width 14 RTL: "\x{627}\x{628}"
            text run at (69,3) width 8: "z"
        RenderBlock {P} at (0,1906) size 769x24
          RenderText {#text} at (0,3) size 79x18
            text run at (0,3) width 15: "ab"
            text run at (15,3) width 12 RTL: "\x{5E9}"
            text run at (26,3) width 17: "\x{663}\x{664}"
            text run at (42,3) width 14 RTL: "(^"
            text run at (55,3) width 17: "\x{661}\x{662}"
            text run at (71,3) width 8: "z"
        RenderBlock {P} at (0,1946) size 769x24
          RenderText {#text} at (0,3) size 83x18
            text run at (0,3) width 12 RTL: "\x{5E9}"
            text run at (11,3) width 17: "\x{663}\x{664}"
            text run at (27,3) width 14 RTL: "(^"
            text run at (40,3) width 17: "\x{661}\x{662}"
            text run at (56,3) width 20 RTL: "\x{5D0}\x{5D1}"
            text run at (75,3) width 8: "z"
        RenderBlock {P} at (0,1986) size 769x24
          RenderText {#text} at (0,3) size 77x18
            text run at (0,3) width 12 RTL: "\x{5E9}"
            text run at (11,3) width 17: "\x{663}\x{664}"
            text run at (27,3) width 14 RTL: "(^"
            text run at (40,3) width 17: "\x{661}\x{662}"
            text run at (56,3) width 14 RTL: "\x{627}\x{628}"
            text run at (69,3) width 8: "z"
        RenderBlock {P} at (0,2026) size 769x24
          RenderText {#text} at (0,3) size 55x18
            text run at (0,3) width 7: "\x{202A}?"
            text run at (7,3) width 13: "\x{202C}(^"
            text run at (20,3) width 12 RTL: "\x{5E9}"
            text run at (31,3) width 17: "\x{663}\x{664}"
            text run at (47,3) width 8: "z"
        RenderBlock {P} at (0,2066) size 769x24
          RenderText {#text} at (0,3) size 55x18
            text run at (0,3) width 12 RTL: "\x{5E9}"
            text run at (11,3) width 17: "\x{663}\x{664}"
            text run at (27,3) width 14 RTL: "\x{202C}(^"
            text run at (40,3) width 8 RTL: "\x{202B}?"
            text run at (47,3) width 8: "z"
        RenderBlock {P} at (0,2106) size 769x18
          RenderText {#text} at (0,0) size 33x18
            text run at (0,0) width 28: "ab(^"
            text run at (28,0) width 5: "\x{202A}!"
            text run at (33,0) width 0: "\x{202C}"
        RenderBlock {P} at (0,2140) size 769x19
          RenderText {#text} at (0,1) size 38x18
            text run at (0,1) width 20 RTL: "\x{5D0}\x{5D1}"
            text run at (19,1) width 14: "(^"
            text run at (32,1) width 6: "\x{202A}!"
            text run at (37,1) width 1: "\x{202C}"
        RenderBlock {P} at (0,2175) size 769x24
          RenderText {#text} at (0,3) size 31x18
            text run at (0,3) width 13 RTL: "\x{627}\x{628}"
            text run at (13,3) width 13: "(^"
            text run at (26,3) width 5: "\x{202A}!"
            text run at (31,3) width 0: "\x{202C}"
        RenderBlock {P} at (0,2215) size 769x18
          RenderText {#text} at (0,0) size 49x18
            text run at (0,0) width 44: "ab12(^"
            text run at (44,0) width 5: "\x{202A}!"
            text run at (49,0) width 0: "\x{202C}"
        RenderBlock {P} at (0,2249) size 769x19
          RenderText {#text} at (0,1) size 54x18
            text run at (0,1) width 16: "12"
            text run at (16,1) width 20 RTL: "\x{5D0}\x{5D1}"
            text run at (35,1) width 14: "(^"
            text run at (48,1) width 6: "\x{202A}!"
            text run at (53,1) width 1: "\x{202C}"
        RenderBlock {P} at (0,2284) size 769x24
          RenderText {#text} at (0,3) size 47x18
            text run at (0,3) width 16: "12"
            text run at (16,3) width 13 RTL: "\x{627}\x{628}"
            text run at (29,3) width 13: "(^"
            text run at (42,3) width 5: "\x{202A}!"
            text run at (47,3) width 0: "\x{202C}"
        RenderBlock {P} at (0,2324) size 769x24
          RenderText {#text} at (0,3) size 49x18
            text run at (0,3) width 15: "ab"
            text run at (15,3) width 16: "\x{661}\x{662}"
            text run at (31,3) width 13: "(^"
            text run at (44,3) width 5: "\x{202A}!"
            text run at (49,3) width 0: "\x{202C}"
        RenderBlock {P} at (0,2364) size 769x24
          RenderText {#text} at (0,3) size 54x18
            text run at (0,3) width 16: "\x{661}\x{662}"
            text run at (16,3) width 20 RTL: "\x{5D0}\x{5D1}"
            text run at (35,3) width 14: "(^"
            text run at (48,3) width 6: "\x{202A}!"
            text run at (53,3) width 1: "\x{202C}"
        RenderBlock {P} at (0,2404) size 769x24
          RenderText {#text} at (0,3) size 47x18
            text run at (0,3) width 16: "\x{661}\x{662}"
            text run at (16,3) width 13 RTL: "\x{627}\x{628}"
            text run at (29,3) width 13: "(^"
            text run at (42,3) width 5: "\x{202A}!"
            text run at (47,3) width 0: "\x{202C}"
        RenderBlock {P} at (0,2444) size 769x18
          RenderText {#text} at (0,0) size 25x18
            text run at (0,0) width 7: "\x{202A}?"
            text run at (7,0) width 13: "\x{202C}(^"
            text run at (20,0) width 5: "\x{202A}!"
            text run at (25,0) width 0: "\x{202C}"
        RenderBlock {P} at (0,2478) size 769x18
          RenderText {#text} at (0,0) size 25x18
            text run at (0,0) width 7 RTL: "\x{202B}?"
            text run at (7,0) width 13: "\x{202C}(^"
            text run at (20,0) width 5: "\x{202A}!"
            text run at (25,0) width 0: "\x{202C}"
        RenderBlock {P} at (0,2512) size 769x18
          RenderText {#text} at (0,0) size 33x18
            text run at (0,0) width 28: "ab(^"
            text run at (28,0) width 5 RTL: "\x{202B}!"
            text run at (33,0) width 0: "\x{202C}"
        RenderBlock {P} at (0,2546) size 769x19
          RenderText {#text} at (0,1) size 38x18
            text run at (0,1) width 5 RTL: "\x{202B}!"
            text run at (5,1) width 33 RTL: "\x{5D0}\x{5D1}(^"
            text run at (37,1) width 1: "\x{202C}"
        RenderBlock {P} at (0,2581) size 769x24
          RenderText {#text} at (0,3) size 31x18
            text run at (0,3) width 5 RTL: "\x{202B}!"
            text run at (5,3) width 26 RTL: "\x{627}\x{628}(^"
            text run at (31,3) width 0: "\x{202C}"
        RenderBlock {P} at (0,2621) size 769x18
          RenderText {#text} at (0,0) size 49x18
            text run at (0,0) width 44: "ab12(^"
            text run at (44,0) width 5 RTL: "\x{202B}!"
            text run at (49,0) width 0: "\x{202C}"
        RenderBlock {P} at (0,2655) size 769x19
          RenderText {#text} at (0,1) size 54x18
            text run at (0,1) width 5 RTL: "\x{202B}!"
            text run at (5,1) width 13 RTL: "(^"
            text run at (18,1) width 16: "12"
            text run at (34,1) width 20 RTL: "\x{5D0}\x{5D1}"
            text run at (53,1) width 1: "\x{202C}"
        RenderBlock {P} at (0,2690) size 769x24
          RenderText {#text} at (0,3) size 47x18
            text run at (0,3) width 5 RTL: "\x{202B}!"
            text run at (5,3) width 13 RTL: "(^"
            text run at (18,3) width 16: "12"
            text run at (34,3) width 13 RTL: "\x{627}\x{628}"
            text run at (47,3) width 0: "\x{202C}"
        RenderBlock {P} at (0,2730) size 769x24
          RenderText {#text} at (0,3) size 49x18
            text run at (0,3) width 15: "ab"
            text run at (15,3) width 5 RTL: "\x{202B}!"
            text run at (20,3) width 13 RTL: "(^"
            text run at (33,3) width 16: "\x{661}\x{662}"
            text run at (49,3) width 0: "\x{202C}"
        RenderBlock {P} at (0,2770) size 769x24
          RenderText {#text} at (0,3) size 54x18
            text run at (0,3) width 5 RTL: "\x{202B}!"
            text run at (5,3) width 13 RTL: "(^"
            text run at (18,3) width 16: "\x{661}\x{662}"
            text run at (34,3) width 20 RTL: "\x{5D0}\x{5D1}"
            text run at (53,3) width 1: "\x{202C}"
        RenderBlock {P} at (0,2810) size 769x24
          RenderText {#text} at (0,3) size 47x18
            text run at (0,3) width 5 RTL: "\x{202B}!"
            text run at (5,3) width 13 RTL: "(^"
            text run at (18,3) width 16: "\x{661}\x{662}"
            text run at (34,3) width 13 RTL: "\x{627}\x{628}"
            text run at (47,3) width 0: "\x{202C}"
        RenderBlock {P} at (0,2850) size 769x18
          RenderText {#text} at (0,0) size 25x18
            text run at (0,0) width 7: "\x{202A}?"
            text run at (7,0) width 13: "\x{202C}(^"
            text run at (20,0) width 5 RTL: "\x{202B}!"
            text run at (25,0) width 0: "\x{202C}"
        RenderBlock {P} at (0,2884) size 769x18
          RenderText {#text} at (0,0) size 25x18
            text run at (0,0) width 5 RTL: "\x{202B}!"
            text run at (5,0) width 13 RTL: "\x{202C}(^"
            text run at (18,0) width 7 RTL: "\x{202B}?"
            text run at (25,0) width 0: "\x{202C}"
        RenderBlock {P} at (0,2918) size 769x18
          RenderText {#text} at (0,0) size 28x18
            text run at (0,0) width 28: "\x{202A}ab(^"
            text run at (28,0) width 0: "\x{202C}"
        RenderBlock {P} at (0,2952) size 769x19
          RenderText {#text} at (0,1) size 33x18
            text run at (0,1) width 20 RTL: "\x{202A}\x{5D0}\x{5D1}"
            text run at (19,1) width 14: "(^"
            text run at (32,1) width 1: "\x{202C}"
        RenderBlock {P} at (0,2987) size 769x24
          RenderText {#text} at (0,3) size 26x18
            text run at (0,3) width 13 RTL: "\x{202A}\x{627}\x{628}"
            text run at (13,3) width 13: "(^"
            text run at (26,3) width 0: "\x{202C}"
        RenderBlock {P} at (0,3027) size 769x18
          RenderText {#text} at (0,0) size 44x18
            text run at (0,0) width 44: "\x{202A}ab12(^"
            text run at (44,0) width 0: "\x{202C}"
        RenderBlock {P} at (0,3061) size 769x19
          RenderText {#text} at (0,1) size 49x18
            text run at (0,1) width 16: "12"
            text run at (16,1) width 20 RTL: "\x{202A}\x{5D0}\x{5D1}"
            text run at (35,1) width 14: "(^"
            text run at (48,1) width 1: "\x{202C}"
        RenderBlock {P} at (0,3096) size 769x24
          RenderText {#text} at (0,3) size 42x18
            text run at (0,3) width 16: "12"
            text run at (16,3) width 13 RTL: "\x{202A}\x{627}\x{628}"
            text run at (29,3) width 13: "(^"
            text run at (42,3) width 0: "\x{202C}"
        RenderBlock {P} at (0,3136) size 769x24
          RenderText {#text} at (0,3) size 44x18
            text run at (0,3) width 15: "\x{202A}ab"
            text run at (15,3) width 16: "\x{661}\x{662}"
            text run at (31,3) width 13: "(^"
            text run at (44,3) width 0: "\x{202C}"
        RenderBlock {P} at (0,3176) size 769x24
          RenderText {#text} at (0,3) size 49x18
            text run at (0,3) width 16: "\x{661}\x{662}"
            text run at (16,3) width 20 RTL: "\x{202A}\x{5D0}\x{5D1}"
            text run at (35,3) width 14: "(^"
            text run at (48,3) width 1: "\x{202C}"
        RenderBlock {P} at (0,3216) size 769x24
          RenderText {#text} at (0,3) size 42x18
            text run at (0,3) width 16: "\x{661}\x{662}"
            text run at (16,3) width 13 RTL: "\x{202A}\x{627}\x{628}"
            text run at (29,3) width 13: "(^"
            text run at (42,3) width 0: "\x{202C}"
        RenderBlock {P} at (0,3256) size 769x18
          RenderText {#text} at (0,0) size 20x18
            text run at (0,0) width 0: "\x{202A}"
            text run at (0,0) width 7: "\x{202A}?"
            text run at (7,0) width 13: "\x{202C}(^"
            text run at (20,0) width 0: "\x{202C}"
        RenderBlock {P} at (0,3290) size 769x18
          RenderText {#text} at (0,0) size 20x18
            text run at (0,0) width 0: "\x{202A}"
            text run at (0,0) width 7 RTL: "\x{202B}?"
            text run at (7,0) width 13: "\x{202C}(^"
            text run at (20,0) width 0: "\x{202C}"
      RenderBlock {DIV} at (0,3358) size 769x3308
        RenderBlock {P} at (0,0) size 769x18
          RenderText {#text} at (0,0) size 43x18
            text run at (0,0) width 43: "ab(^cd"
        RenderBlock {P} at (0,34) size 769x19
          RenderText {#text} at (0,1) size 48x18
            text run at (0,1) width 15: "cd"
            text run at (15,1) width 33 RTL: "\x{5D0}\x{5D1}(^"
        RenderBlock {P} at (0,69) size 769x24
          RenderText {#text} at (0,3) size 41x18
            text run at (0,3) width 15: "cd"
            text run at (15,3) width 26 RTL: "\x{627}\x{628}(^"
        RenderBlock {P} at (0,109) size 769x18
          RenderText {#text} at (0,0) size 59x18
            text run at (0,0) width 59: "ab12(^cd"
        RenderBlock {P} at (0,143) size 769x19
          RenderText {#text} at (0,1) size 64x18
            text run at (0,1) width 15: "cd"
            text run at (15,1) width 13 RTL: "(^"
            text run at (28,1) width 16: "12"
            text run at (44,1) width 20 RTL: "\x{5D0}\x{5D1}"
        RenderBlock {P} at (0,178) size 769x24
          RenderText {#text} at (0,3) size 57x18
            text run at (0,3) width 15: "cd"
            text run at (15,3) width 13 RTL: "(^"
            text run at (28,3) width 16: "12"
            text run at (44,3) width 13 RTL: "\x{627}\x{628}"
        RenderBlock {P} at (0,218) size 769x24
          RenderText {#text} at (0,3) size 59x18
            text run at (0,3) width 15: "cd"
            text run at (15,3) width 13 RTL: "(^"
            text run at (28,3) width 31: "ab\x{661}\x{662}"
        RenderBlock {P} at (0,258) size 769x24
          RenderText {#text} at (0,3) size 64x18
            text run at (0,3) width 15: "cd"
            text run at (15,3) width 13 RTL: "(^"
            text run at (28,3) width 16: "\x{661}\x{662}"
            text run at (44,3) width 20 RTL: "\x{5D0}\x{5D1}"
        RenderBlock {P} at (0,298) size 769x24
          RenderText {#text} at (0,3) size 57x18
            text run at (0,3) width 15: "cd"
            text run at (15,3) width 13 RTL: "(^"
            text run at (28,3) width 16: "\x{661}\x{662}"
            text run at (44,3) width 13 RTL: "\x{627}\x{628}"
        RenderBlock {P} at (0,338) size 769x18
          RenderText {#text} at (0,0) size 35x18
            text run at (0,0) width 7: "\x{202A}?"
            text run at (7,0) width 28: "\x{202C}(^cd"
        RenderBlock {P} at (0,372) size 769x18
          RenderText {#text} at (0,0) size 35x18
            text run at (0,0) width 15: "cd"
            text run at (15,0) width 13 RTL: "\x{202C}(^"
            text run at (28,0) width 7 RTL: "\x{202B}?"
        RenderBlock {P} at (0,406) size 769x19
          RenderText {#text} at (0,1) size 43x18
            text run at (0,1) width 28 RTL: "(^\x{5D2}\x{5D3}"
            text run at (27,1) width 16: "ab"
        RenderBlock {P} at (0,441) size 769x19
          RenderText {#text} at (0,1) size 48x18
            text run at (0,1) width 48 RTL: "\x{5D0}\x{5D1}(^\x{5D2}\x{5D3}"
        RenderBlock {P} at (0,476) size 769x24
          RenderText {#text} at (0,3) size 41x18
            text run at (0,3) width 41 RTL: "\x{627}\x{628}(^\x{5D2}\x{5D3}"
        RenderBlock {P} at (0,516) size 769x19
          RenderText {#text} at (0,1) size 59x18
            text run at (0,1) width 28 RTL: "(^\x{5D2}\x{5D3}"
            text run at (27,1) width 32: "ab12"
        RenderBlock {P} at (0,551) size 769x19
          RenderText {#text} at (0,1) size 64x18
            text run at (0,1) width 28 RTL: "(^\x{5D2}\x{5D3}"
            text run at (27,1) width 17: "12"
            text run at (43,1) width 21 RTL: "\x{5D0}\x{5D1}"
        RenderBlock {P} at (0,586) size 769x24
          RenderText {#text} at (0,3) size 57x18
            text run at (0,3) width 28 RTL: "(^\x{5D2}\x{5D3}"
            text run at (27,3) width 17: "12"
            text run at (43,3) width 14 RTL: "\x{627}\x{628}"
        RenderBlock {P} at (0,626) size 769x24
          RenderText {#text} at (0,3) size 59x18
            text run at (0,3) width 28 RTL: "(^\x{5D2}\x{5D3}"
            text run at (27,3) width 32: "ab\x{661}\x{662}"
        RenderBlock {P} at (0,666) size 769x24
          RenderText {#text} at (0,3) size 64x18
            text run at (0,3) width 28 RTL: "(^\x{5D2}\x{5D3}"
            text run at (27,3) width 17: "\x{661}\x{662}"
            text run at (43,3) width 21 RTL: "\x{5D0}\x{5D1}"
        RenderBlock {P} at (0,706) size 769x24
          RenderText {#text} at (0,3) size 57x18
            text run at (0,3) width 28 RTL: "(^\x{5D2}\x{5D3}"
            text run at (27,3) width 17: "\x{661}\x{662}"
            text run at (43,3) width 14 RTL: "\x{627}\x{628}"
        RenderBlock {P} at (0,746) size 769x19
          RenderText {#text} at (0,1) size 35x18
            text run at (0,1) width 28 RTL: "\x{202C}(^\x{5D2}\x{5D3}"
            text run at (27,1) width 8: "\x{202A}?"
        RenderBlock {P} at (0,781) size 769x19
          RenderText {#text} at (0,1) size 35x18
            text run at (0,1) width 28 RTL: "\x{202C}(^\x{5D2}\x{5D3}"
            text run at (27,1) width 8 RTL: "\x{202B}?"
        RenderBlock {P} at (0,816) size 769x24
          RenderText {#text} at (0,3) size 43x18
            text run at (0,3) width 28 RTL: "(^\x{62C}\x{62F}"
            text run at (28,3) width 15: "ab"
        RenderBlock {P} at (0,856) size 769x24
          RenderText {#text} at (0,3) size 48x18
            text run at (0,3) width 48 RTL: "\x{5D0}\x{5D1}(^\x{62C}\x{62F}"
        RenderBlock {P} at (0,896) size 769x24
          RenderText {#text} at (0,3) size 41x18
            text run at (0,3) width 41 RTL: "\x{627}\x{628}(^\x{62C}\x{62F}"
        RenderBlock {P} at (0,936) size 769x24
          RenderText {#text} at (0,3) size 59x18
            text run at (0,3) width 28 RTL: "(^\x{62C}\x{62F}"
            text run at (28,3) width 31: "ab12"
        RenderBlock {P} at (0,976) size 769x24
          RenderText {#text} at (0,3) size 64x18
            text run at (0,3) width 28 RTL: "(^\x{62C}\x{62F}"
            text run at (28,3) width 16: "12"
            text run at (44,3) width 20 RTL: "\x{5D0}\x{5D1}"
        RenderBlock {P} at (0,1016) size 769x24
          RenderText {#text} at (0,3) size 57x18
            text run at (0,3) width 28 RTL: "(^\x{62C}\x{62F}"
            text run at (28,3) width 16: "12"
            text run at (44,3) width 13 RTL: "\x{627}\x{628}"
        RenderBlock {P} at (0,1056) size 769x24
          RenderText {#text} at (0,3) size 59x18
            text run at (0,3) width 28 RTL: "(^\x{62C}\x{62F}"
            text run at (28,3) width 31: "ab\x{661}\x{662}"
        RenderBlock {P} at (0,1096) size 769x24
          RenderText {#text} at (0,3) size 64x18
            text run at (0,3) width 28 RTL: "(^\x{62C}\x{62F}"
            text run at (28,3) width 16: "\x{661}\x{662}"
            text run at (44,3) width 20 RTL: "\x{5D0}\x{5D1}"
        RenderBlock {P} at (0,1136) size 769x24
          RenderText {#text} at (0,3) size 57x18
            text run at (0,3) width 28 RTL: "(^\x{62C}\x{62F}"
            text run at (28,3) width 16: "\x{661}\x{662}"
            text run at (44,3) width 13 RTL: "\x{627}\x{628}"
        RenderBlock {P} at (0,1176) size 769x24
          RenderText {#text} at (0,3) size 35x18
            text run at (0,3) width 28 RTL: "\x{202C}(^\x{62C}\x{62F}"
            text run at (28,3) width 7: "\x{202A}?"
        RenderBlock {P} at (0,1216) size 769x24
          RenderText {#text} at (0,3) size 35x18
            text run at (0,3) width 28 RTL: "\x{202C}(^\x{62C}\x{62F}"
            text run at (28,3) width 7 RTL: "\x{202B}?"
        RenderBlock {P} at (0,1256) size 769x19
          RenderText {#text} at (0,1) size 63x18
            text run at (0,1) width 7: "z"
            text run at (7,1) width 12 RTL: "\x{5E9}"
            text run at (18,1) width 45: "ab(^34"
        RenderBlock {P} at (0,1291) size 769x19
          RenderText {#text} at (0,1) size 67x18
            text run at (0,1) width 7: "z"
            text run at (7,1) width 12 RTL: "\x{5E9}"
            text run at (18,1) width 17: "34"
            text run at (34,1) width 33 RTL: "\x{5D0}\x{5D1}(^"
        RenderBlock {P} at (0,1326) size 769x24
          RenderText {#text} at (0,3) size 61x18
            text run at (0,3) width 7: "z"
            text run at (7,3) width 12 RTL: "\x{5E9}"
            text run at (18,3) width 17: "34"
            text run at (34,3) width 27 RTL: "\x{627}\x{628}(^"
        RenderBlock {P} at (0,1366) size 769x19
          RenderText {#text} at (0,1) size 79x18
            text run at (0,1) width 7: "z"
            text run at (7,1) width 12 RTL: "\x{5E9}"
            text run at (18,1) width 61: "ab12(^34"
        RenderBlock {P} at (0,1401) size 769x19
          RenderText {#text} at (0,1) size 83x18
            text run at (0,1) width 7: "z"
            text run at (7,1) width 12 RTL: "\x{5E9}"
            text run at (18,1) width 17: "34"
            text run at (34,1) width 14 RTL: "(^"
            text run at (47,1) width 17: "12"
            text run at (63,1) width 20 RTL: "\x{5D0}\x{5D1}"
        RenderBlock {P} at (0,1436) size 769x24
          RenderText {#text} at (0,3) size 77x18
            text run at (0,3) width 7: "z"
            text run at (7,3) width 12 RTL: "\x{5E9}"
            text run at (18,3) width 17: "34"
            text run at (34,3) width 14 RTL: "(^"
            text run at (47,3) width 17: "12"
            text run at (63,3) width 14 RTL: "\x{627}\x{628}"
        RenderBlock {P} at (0,1476) size 769x24
          RenderText {#text} at (0,3) size 79x18
            text run at (0,3) width 7: "z"
            text run at (7,3) width 12 RTL: "\x{5E9}"
            text run at (18,3) width 17: "34"
            text run at (34,3) width 14 RTL: "(^"
            text run at (47,3) width 32: "ab\x{661}\x{662}"
        RenderBlock {P} at (0,1516) size 769x24
          RenderText {#text} at (0,3) size 83x18
            text run at (0,3) width 7: "z"
            text run at (7,3) width 12 RTL: "\x{5E9}"
            text run at (18,3) width 17: "34"
            text run at (34,3) width 14 RTL: "(^"
            text run at (47,3) width 17: "\x{661}\x{662}"
            text run at (63,3) width 20 RTL: "\x{5D0}\x{5D1}"
        RenderBlock {P} at (0,1556) size 769x24
          RenderText {#text} at (0,3) size 77x18
            text run at (0,3) width 7: "z"
            text run at (7,3) width 12 RTL: "\x{5E9}"
            text run at (18,3) width 17: "34"
            text run at (34,3) width 14 RTL: "(^"
            text run at (47,3) width 17: "\x{661}\x{662}"
            text run at (63,3) width 14 RTL: "\x{627}\x{628}"
        RenderBlock {P} at (0,1596) size 769x19
          RenderText {#text} at (0,1) size 55x18
            text run at (0,1) width 7: "z"
            text run at (7,1) width 12 RTL: "\x{5E9}"
            text run at (18,1) width 8: "\x{202A}?"
            text run at (25,1) width 30: "\x{202C}(^34"
        RenderBlock {P} at (0,1631) size 769x19
          RenderText {#text} at (0,1) size 55x18
            text run at (0,1) width 7: "z"
            text run at (7,1) width 12 RTL: "\x{5E9}"
            text run at (18,1) width 17: "34"
            text run at (34,1) width 14 RTL: "\x{202C}(^"
            text run at (47,1) width 8 RTL: "\x{202B}?"
        RenderBlock {P} at (0,1666) size 769x24
          RenderText {#text} at (0,3) size 63x18
            text run at (0,3) width 7: "z"
            text run at (7,3) width 12 RTL: "\x{5E9}"
            text run at (18,3) width 17: "\x{663}\x{664}"
            text run at (34,3) width 14 RTL: "(^"
            text run at (47,3) width 16: "ab"
        RenderBlock {P} at (0,1706) size 769x24
          RenderText {#text} at (0,3) size 67x18
            text run at (0,3) width 7: "z"
            text run at (7,3) width 12 RTL: "\x{5E9}"
            text run at (18,3) width 17: "\x{663}\x{664}"
            text run at (34,3) width 33 RTL: "\x{5D0}\x{5D1}(^"
        RenderBlock {P} at (0,1746) size 769x24
          RenderText {#text} at (0,3) size 61x18
            text run at (0,3) width 7: "z"
            text run at (7,3) width 12 RTL: "\x{5E9}"
            text run at (18,3) width 17: "\x{663}\x{664}"
            text run at (34,3) width 27 RTL: "\x{627}\x{628}(^"
        RenderBlock {P} at (0,1786) size 769x24
          RenderText {#text} at (0,3) size 79x18
            text run at (0,3) width 7: "z"
            text run at (7,3) width 12 RTL: "\x{5E9}"
            text run at (18,3) width 17: "\x{663}\x{664}"
            text run at (34,3) width 14 RTL: "(^"
            text run at (47,3) width 32: "ab12"
        RenderBlock {P} at (0,1826) size 769x24
          RenderText {#text} at (0,3) size 83x18
            text run at (0,3) width 7: "z"
            text run at (7,3) width 12 RTL: "\x{5E9}"
            text run at (18,3) width 17: "\x{663}\x{664}"
            text run at (34,3) width 14 RTL: "(^"
            text run at (47,3) width 17: "12"
            text run at (63,3) width 20 RTL: "\x{5D0}\x{5D1}"
        RenderBlock {P} at (0,1866) size 769x24
          RenderText {#text} at (0,3) size 77x18
            text run at (0,3) width 7: "z"
            text run at (7,3) width 12 RTL: "\x{5E9}"
            text run at (18,3) width 17: "\x{663}\x{664}"
            text run at (34,3) width 14 RTL: "(^"
            text run at (47,3) width 17: "12"
            text run at (63,3) width 14 RTL: "\x{627}\x{628}"
        RenderBlock {P} at (0,1906) size 769x24
          RenderText {#text} at (0,3) size 79x18
            text run at (0,3) width 7: "z"
            text run at (7,3) width 12 RTL: "\x{5E9}"
            text run at (18,3) width 17: "\x{663}\x{664}"
            text run at (34,3) width 14 RTL: "(^"
            text run at (47,3) width 32: "ab\x{661}\x{662}"
        RenderBlock {P} at (0,1946) size 769x24
          RenderText {#text} at (0,3) size 83x18
            text run at (0,3) width 7: "z"
            text run at (7,3) width 12 RTL: "\x{5E9}"
            text run at (18,3) width 17: "\x{663}\x{664}"
            text run at (34,3) width 14 RTL: "(^"
            text run at (47,3) width 17: "\x{661}\x{662}"
            text run at (63,3) width 20 RTL: "\x{5D0}\x{5D1}"
        RenderBlock {P} at (0,1986) size 769x24
          RenderText {#text} at (0,3) size 77x18
            text run at (0,3) width 7: "z"
            text run at (7,3) width 12 RTL: "\x{5E9}"
            text run at (18,3) width 17: "\x{663}\x{664}"
            text run at (34,3) width 14 RTL: "(^"
            text run at (47,3) width 17: "\x{661}\x{662}"
            text run at (63,3) width 14 RTL: "\x{627}\x{628}"
        RenderBlock {P} at (0,2026) size 769x24
          RenderText {#text} at (0,3) size 55x18
            text run at (0,3) width 7: "z"
            text run at (7,3) width 12 RTL: "\x{5E9}"
            text run at (18,3) width 17: "\x{663}\x{664}"
            text run at (34,3) width 14 RTL: "\x{202C}(^"
            text run at (47,3) width 8: "\x{202A}?"
        RenderBlock {P} at (0,2066) size 769x24
          RenderText {#text} at (0,3) size 55x18
            text run at (0,3) width 7: "z"
            text run at (7,3) width 12 RTL: "\x{5E9}"
            text run at (18,3) width 17: "\x{663}\x{664}"
            text run at (34,3) width 14 RTL: "\x{202C}(^"
            text run at (47,3) width 8 RTL: "\x{202B}?"
        RenderBlock {P} at (0,2106) size 769x18
          RenderText {#text} at (0,0) size 33x18
            text run at (0,0) width 0 RTL: "\x{202C}"
            text run at (0,0) width 28: "ab(^"
            text run at (28,0) width 5: "\x{202A}!"
        RenderBlock {P} at (0,2140) size 769x19
          RenderText {#text} at (0,1) size 38x18
            text run at (0,1) width 0 RTL: "\x{202C}"
            text run at (0,1) width 5: "\x{202A}!"
            text run at (5,1) width 33 RTL: "\x{5D0}\x{5D1}(^"
        RenderBlock {P} at (0,2175) size 769x24
          RenderText {#text} at (0,3) size 31x18
            text run at (0,3) width 0 RTL: "\x{202C}"
            text run at (0,3) width 5: "\x{202A}!"
            text run at (5,3) width 26 RTL: "\x{627}\x{628}(^"
        RenderBlock {P} at (0,2215) size 769x18
          RenderText {#text} at (0,0) size 49x18
            text run at (0,0) width 0 RTL: "\x{202C}"
            text run at (0,0) width 44: "ab12(^"
            text run at (44,0) width 5: "\x{202A}!"
        RenderBlock {P} at (0,2249) size 769x19
          RenderText {#text} at (0,1) size 54x18
            text run at (0,1) width 0 RTL: "\x{202C}"
            text run at (0,1) width 5: "\x{202A}!"
            text run at (5,1) width 13 RTL: "(^"
            text run at (18,1) width 16: "12"
            text run at (34,1) width 20 RTL: "\x{5D0}\x{5D1}"
        RenderBlock {P} at (0,2284) size 769x24
          RenderText {#text} at (0,3) size 47x18
            text run at (0,3) width 0 RTL: "\x{202C}"
            text run at (0,3) width 5: "\x{202A}!"
            text run at (5,3) width 13 RTL: "(^"
            text run at (18,3) width 16: "12"
            text run at (34,3) width 13 RTL: "\x{627}\x{628}"
        RenderBlock {P} at (0,2324) size 769x24
          RenderText {#text} at (0,3) size 49x18
            text run at (0,3) width 0 RTL: "\x{202C}"
            text run at (0,3) width 5: "\x{202A}!"
            text run at (5,3) width 13 RTL: "(^"
            text run at (18,3) width 31: "ab\x{661}\x{662}"
        RenderBlock {P} at (0,2364) size 769x24
          RenderText {#text} at (0,3) size 54x18
            text run at (0,3) width 0 RTL: "\x{202C}"
            text run at (0,3) width 5: "\x{202A}!"
            text run at (5,3) width 13 RTL: "(^"
            text run at (18,3) width 16: "\x{661}\x{662}"
            text run at (34,3) width 20 RTL: "\x{5D0}\x{5D1}"
        RenderBlock {P} at (0,2404) size 769x24
          RenderText {#text} at (0,3) size 47x18
            text run at (0,3) width 0 RTL: "\x{202C}"
            text run at (0,3) width 5: "\x{202A}!"
            text run at (5,3) width 13 RTL: "(^"
            text run at (18,3) width 16: "\x{661}\x{662}"
            text run at (34,3) width 13 RTL: "\x{627}\x{628}"
        RenderBlock {P} at (0,2444) size 769x18
          RenderText {#text} at (0,0) size 25x18
            text run at (0,0) width 0 RTL: "\x{202C}"
            text run at (0,0) width 7: "\x{202A}?"
            text run at (7,0) width 13: "\x{202C}(^"
            text run at (20,0) width 5: "\x{202A}!"
        RenderBlock {P} at (0,2478) size 769x18
          RenderText {#text} at (0,0) size 25x18
            text run at (0,0) width 0 RTL: "\x{202C}"
            text run at (0,0) width 5: "\x{202A}!"
            text run at (5,0) width 13 RTL: "\x{202C}(^"
            text run at (18,0) width 7 RTL: "\x{202B}?"
        RenderBlock {P} at (0,2512) size 769x18
          RenderText {#text} at (0,0) size 33x18
            text run at (0,0) width 0 RTL: "\x{202C}"
            text run at (0,0) width 5 RTL: "\x{202B}!"
            text run at (5,0) width 13 RTL: "(^"
            text run at (18,0) width 15: "ab"
        RenderBlock {P} at (0,2546) size 769x19
          RenderText {#text} at (0,1) size 38x18
            text run at (0,1) width 0 RTL: "\x{202C}"
            text run at (0,1) width 5 RTL: "\x{202B}!"
            text run at (5,1) width 33 RTL: "\x{5D0}\x{5D1}(^"
        RenderBlock {P} at (0,2581) size 769x24
          RenderText {#text} at (0,3) size 31x18
            text run at (0,3) width 0 RTL: "\x{202C}"
            text run at (0,3) width 5 RTL: "\x{202B}!"
            text run at (5,3) width 26 RTL: "\x{627}\x{628}(^"
        RenderBlock {P} at (0,2621) size 769x18
          RenderText {#text} at (0,0) size 49x18
            text run at (0,0) width 0 RTL: "\x{202C}"
            text run at (0,0) width 5 RTL: "\x{202B}!"
            text run at (5,0) width 13 RTL: "(^"
            text run at (18,0) width 31: "ab12"
        RenderBlock {P} at (0,2655) size 769x19
          RenderText {#text} at (0,1) size 54x18
            text run at (0,1) width 0 RTL: "\x{202C}"
            text run at (0,1) width 5 RTL: "\x{202B}!"
            text run at (5,1) width 13 RTL: "(^"
            text run at (18,1) width 16: "12"
            text run at (34,1) width 20 RTL: "\x{5D0}\x{5D1}"
        RenderBlock {P} at (0,2690) size 769x24
          RenderText {#text} at (0,3) size 47x18
            text run at (0,3) width 0 RTL: "\x{202C}"
            text run at (0,3) width 5 RTL: "\x{202B}!"
            text run at (5,3) width 13 RTL: "(^"
            text run at (18,3) width 16: "12"
            text run at (34,3) width 13 RTL: "\x{627}\x{628}"
        RenderBlock {P} at (0,2730) size 769x24
          RenderText {#text} at (0,3) size 49x18
            text run at (0,3) width 0 RTL: "\x{202C}"
            text run at (0,3) width 5 RTL: "\x{202B}!"
            text run at (5,3) width 13 RTL: "(^"
            text run at (18,3) width 31: "ab\x{661}\x{662}"
        RenderBlock {P} at (0,2770) size 769x24
          RenderText {#text} at (0,3) size 54x18
            text run at (0,3) width 0 RTL: "\x{202C}"
            text run at (0,3) width 5 RTL: "\x{202B}!"
            text run at (5,3) width 13 RTL: "(^"
            text run at (18,3) width 16: "\x{661}\x{662}"
            text run at (34,3) width 20 RTL: "\x{5D0}\x{5D1}"
        RenderBlock {P} at (0,2810) size 769x24
          RenderText {#text} at (0,3) size 47x18
            text run at (0,3) width 0 RTL: "\x{202C}"
            text run at (0,3) width 5 RTL: "\x{202B}!"
            text run at (5,3) width 13 RTL: "(^"
            text run at (18,3) width 16: "\x{661}\x{662}"
            text run at (34,3) width 13 RTL: "\x{627}\x{628}"
        RenderBlock {P} at (0,2850) size 769x18
          RenderText {#text} at (0,0) size 25x18
            text run at (0,0) width 0 RTL: "\x{202C}"
            text run at (0,0) width 5 RTL: "\x{202B}!"
            text run at (5,0) width 13 RTL: "\x{202C}(^"
            text run at (18,0) width 7: "\x{202A}?"
        RenderBlock {P} at (0,2884) size 769x18
          RenderText {#text} at (0,0) size 25x18
            text run at (0,0) width 0 RTL: "\x{202C}"
            text run at (0,0) width 5 RTL: "\x{202B}!"
            text run at (5,0) width 13 RTL: "\x{202C}(^"
            text run at (18,0) width 7 RTL: "\x{202B}?"
        RenderBlock {P} at (0,2918) size 769x18
          RenderText {#text} at (0,0) size 28x18
            text run at (0,0) width 0 RTL: "\x{202C}"
            text run at (0,0) width 28: "\x{202A}ab(^"
        RenderBlock {P} at (0,2952) size 769x19
          RenderText {#text} at (0,1) size 33x18
            text run at (0,1) width 0 RTL: "\x{202C}"
            text run at (0,1) width 20 RTL: "\x{202A}\x{5D0}\x{5D1}"
            text run at (19,1) width 14: "(^"
        RenderBlock {P} at (0,2987) size 769x24
          RenderText {#text} at (0,3) size 26x18
            text run at (0,3) width 0 RTL: "\x{202C}"
            text run at (0,3) width 13 RTL: "\x{202A}\x{627}\x{628}"
            text run at (13,3) width 13: "(^"
        RenderBlock {P} at (0,3027) size 769x18
          RenderText {#text} at (0,0) size 44x18
            text run at (0,0) width 0 RTL: "\x{202C}"
            text run at (0,0) width 44: "\x{202A}ab12(^"
        RenderBlock {P} at (0,3061) size 769x19
          RenderText {#text} at (0,1) size 49x18
            text run at (0,1) width 0 RTL: "\x{202C}"
            text run at (0,1) width 16: "12"
            text run at (16,1) width 20 RTL: "\x{202A}\x{5D0}\x{5D1}"
            text run at (35,1) width 14: "(^"
        RenderBlock {P} at (0,3096) size 769x24
          RenderText {#text} at (0,3) size 42x18
            text run at (0,3) width 0 RTL: "\x{202C}"
            text run at (0,3) width 16: "12"
            text run at (16,3) width 13 RTL: "\x{202A}\x{627}\x{628}"
            text run at (29,3) width 13: "(^"
        RenderBlock {P} at (0,3136) size 769x24
          RenderText {#text} at (0,3) size 44x18
            text run at (0,3) width 0 RTL: "\x{202C}"
            text run at (0,3) width 15: "\x{202A}ab"
            text run at (15,3) width 16: "\x{661}\x{662}"
            text run at (31,3) width 13: "(^"
        RenderBlock {P} at (0,3176) size 769x24
          RenderText {#text} at (0,3) size 49x18
            text run at (0,3) width 0 RTL: "\x{202C}"
            text run at (0,3) width 16: "\x{661}\x{662}"
            text run at (16,3) width 20 RTL: "\x{202A}\x{5D0}\x{5D1}"
            text run at (35,3) width 14: "(^"
        RenderBlock {P} at (0,3216) size 769x24
          RenderText {#text} at (0,3) size 42x18
            text run at (0,3) width 0 RTL: "\x{202C}"
            text run at (0,3) width 16: "\x{661}\x{662}"
            text run at (16,3) width 13 RTL: "\x{202A}\x{627}\x{628}"
            text run at (29,3) width 13: "(^"
        RenderBlock {P} at (0,3256) size 769x18
          RenderText {#text} at (0,0) size 20x18
            text run at (0,0) width 0 RTL: "\x{202C}"
            text run at (0,0) width 0: "\x{202A}"
            text run at (0,0) width 7: "\x{202A}?"
            text run at (7,0) width 13: "\x{202C}(^"
        RenderBlock {P} at (0,3290) size 769x18
          RenderText {#text} at (0,0) size 20x18
            text run at (0,0) width 0 RTL: "\x{202C}"
            text run at (0,0) width 0: "\x{202A}"
            text run at (0,0) width 7 RTL: "\x{202B}?"
            text run at (7,0) width 13: "\x{202C}(^"
