layer at (0,0) size 800x600
  RenderView at (0,0) size 800x600
layer at (0,0) size 800x90
  RenderBlock {HTML} at (0,0) size 800x90
    RenderBody {BODY} at (8,16) size 784x58
      RenderBlock {P} at (0,0) size 784x18
        RenderText {#text} at (0,0) size 471x18
          text run at (0,0) width 471: "The following should look like: Arabic characters 123.4 Arabic characters."
      RenderBlock {P} at (0,34) size 784x24
        RenderText {#text} at (0,3) size 73x18
          text run at (0,3) width 17 RTL: " \x{644}\x{645}\x{646}"
          text run at (17,3) width 36: "123.4"
          text run at (53,3) width 20 RTL: "\x{627}\x{628}\x{62C} "
