layer at (0,0) size 800x600
  RenderView at (0,0) size 800x600
layer at (0,0) size 800x122
  RenderBlock {HTML} at (0,0) size 800x122
    RenderBody {BODY} at (8,8) size 784x98
      RenderBlock (anonymous) at (0,0) size 784x18
        RenderText {#text} at (0,0) size 279x18
          text run at (0,0) width 279: "The following two lines should be the same:"
      RenderBlock {P} at (0,34) size 784x24
        RenderText {#text} at (0,3) size 73x18
          text run at (0,3) width 73 LTR override: "abc\x{5D2}\x{5D1}\x{5D0}\x{661}\x{662}\x{663}"
      RenderBlock {P} at (0,74) size 784x24
        RenderText {#text} at (0,3) size 73x18
          text run at (0,3) width 22: "abc"
          text run at (22,3) width 27 RTL: "\x{5D0}\x{5D1}\x{5D2}"
          text run at (48,3) width 25: "\x{661}\x{662}\x{663}"
