layer at (0,0) size 785x4151
  RenderView at (0,0) size 785x600
layer at (0,0) size 785x4151
  RenderBlock {HTML} at (0,0) size 785x4151
    RenderBody {BODY} at (8,8) size 769x4135 [bgcolor=#CCCCCC]
      RenderBlock {P} at (0,0) size 769x19
        RenderText {#text} at (0,0) size 355x19
          text run at (0,0) width 355: "The style declarations which apply to the text below are:"
      RenderBlock {PRE} at (0,35) size 769x810
        RenderText {#text} at (0,0) size 568x810
          text run at (0,0) width 304: "P.one {color: green; rotation: 70deg;}"
          text run at (304,0) width 0: " "
          text run at (0,15) width 176: "P.oneb {color: green;}"
          text run at (176,15) width 0: " "
          text run at (0,30) width 232: "P.oneb {color: invalidValue;}"
          text run at (232,30) width 0: " "
          text run at (0,45) width 272: "P.two {background-color: inherit;}"
          text run at (272,45) width 0: " "
          text run at (0,60) width 216: "H1 + P.three {color: blue;}"
          text run at (216,60) width 0: " "
          text run at (0,75) width 200: "P.four + H1 {color: red;}"
          text run at (200,75) width 0: " "
          text run at (0,90) width 264: "P.five {background-color: \"red\";}"
          text run at (264,90) width 0: " "
          text run at (0,105) width 408: "P.sixa {border-width: medium; border-style: solid;}"
          text run at (408,105) width 0: " "
          text run at (0,120) width 400: "P.sixb {border-width: funny; border-style: solid;}"
          text run at (400,120) width 0: " "
          text run at (0,135) width 392: "P.sixc {border-width: 50zu; border-style: solid;}"
          text run at (392,135) width 0: " "
          text run at (0,150) width 376: "P.sixd {border-width: px; border-style: solid;}"
          text run at (376,150) width 0: " "
          text run at (0,165) width 96: "@three-dee {"
          text run at (96,165) width 0: " "
          text run at (0,180) width 184: " @background-lighting {"
          text run at (184,180) width 0: " "
          text run at (0,195) width 136: "  azimuth: 30deg;"
          text run at (136,195) width 0: " "
          text run at (0,210) width 160: "  elevation: 190deg;"
          text run at (160,210) width 0: " "
          text run at (0,225) width 24: "  }"
          text run at (24,225) width 0: " "
          text run at (0,240) width 184: " P.seven { color: red }"
          text run at (184,240) width 0: " "
          text run at (0,255) width 16: " }"
          text run at (16,255) width 0: " "
          text run at (0,270) width 184: "P.eight {COLOR: GREEN;}"
          text run at (184,270) width 0: " "
          text run at (0,285) width 192: "OL:wait {color: maroon;}"
          text run at (192,285) width 0: " "
          text run at (0,300) width 272: "P.ten:first-child {color: maroon;}"
          text run at (272,300) width 0: " "
          text run at (0,315) width 208: "UL:lang(fr) {color: gray;}"
          text run at (208,315) width 0: " "
          text run at (0,330) width 248: "BLOCKQUOTE[href] {color: navy;}"
          text run at (248,330) width 0: " "
          text run at (0,345) width 288: "ACRONYM[href=\"foo\"] {color: purple;}"
          text run at (288,345) width 0: " "
          text run at (0,360) width 296: "ADDRESS[href~=\"foo\"] {color: purple;}"
          text run at (296,360) width 0: " "
          text run at (0,375) width 248: "SPAN[lang|=\"fr\"] {color: #c37;}"
          text run at (248,375) width 0: " "
          text run at (0,390) width 96: "@media tty {"
          text run at (96,390) width 0: " "
          text run at (0,405) width 136: " H1 {color: red;}"
          text run at (136,405) width 0: " "
          text run at (0,420) width 192: " P.sixteen {color: red;}"
          text run at (192,420) width 0: " "
          text run at (0,435) width 16: " }"
          text run at (16,435) width 0: " "
          text run at (0,450) width 96: "@three-dee {"
          text run at (96,450) width 0: " "
          text run at (0,465) width 208: " P.seventeen {color: red }"
          text run at (208,465) width 0: " "
          text run at (0,480) width 16: " }"
          text run at (16,480) width 0: " "
          text run at (0,495) width 568: "P.eighteena {text-decoration: underline overline line-through diagonal;"
          text run at (568,495) width 0: " "
          text run at (0,510) width 416: "            font: bold highlighted 100% sans-serif;}"
          text run at (416,510) width 0: " "
          text run at (0,525) width 568: "P.eighteenb {text-decoration: underline overline line-through diagonal;"
          text run at (568,525) width 0: " "
          text run at (0,540) width 376: "            font: bold highlighted 100% serif;}"
          text run at (376,540) width 0: " "
          text run at (0,555) width 384: "EM, P.nineteena ! EM, STRONG {font-size: 200%; }"
          text run at (384,555) width 0: " "
          text run at (0,570) width 0: " "
          text run at (0,585) width 128: "// UL.nineteenb,"
          text run at (128,585) width 0: " "
          text run at (0,600) width 200: "P.nineteenb {color: red;}"
          text run at (200,600) width 0: " "
          text run at (0,615) width 0: " "
          text run at (0,630) width 360: "P.twentya {rotation-code: \"}\"; color: blue;} "
          text run at (360,630) width 0: " "
          text run at (0,645) width 392: "P.twentyb {rotation-code: \"\\\"}\\\"\"; color: green;}"
          text run at (392,645) width 0: " "
          text run at (0,660) width 400: "P.twentyonea {rotation-code: '}'; color: purple;} "
          text run at (400,660) width 0: " "
          text run at (0,675) width 416: "P.twentyoneb {rotation-code: '\\'}\\''; color: green;}"
          text run at (416,675) width 0: " "
          text run at (0,690) width 104: "P.twentytwo {"
          text run at (104,690) width 0: " "
          text run at (0,705) width 376: " type-display: @threedee {rotation-code: '}';};"
          text run at (376,705) width 0: " "
          text run at (0,720) width 112: " color: green;"
          text run at (112,720) width 0: " "
          text run at (0,735) width 16: " }"
          text run at (16,735) width 0: " "
          text run at (0,750) width 280: "P.twentythree {text-indent: 0.5in;}"
          text run at (280,750) width 0: " "
          text run at (0,765) width 112: " color: maroon"
          text run at (112,765) width 0: " "
          text run at (0,780) width 208: "P.twentyfour {color: red;}"
          text run at (208,780) width 0: " "
          text run at (0,795) width 0: " "
      RenderBlock {HR} at (0,858) size 769x2 [border: (1px inset #000000)]
      RenderBlock {P} at (0,876) size 769x19 [color=#008000]
        RenderText {#text} at (0,0) size 485x19
          text run at (0,0) width 485: "This paragraph should be green, because only the rotation should be ignored."
      RenderBlock {P} at (0,911) size 769x19 [color=#008000]
        RenderText {#text} at (0,0) size 623x19
          text run at (0,0) width 623: "This paragraph should be green, since error-checking should be done before calculating specificity."
      RenderBlock {P} at (0,946) size 769x38
        RenderText {#text} at (0,0) size 560x19
          text run at (0,0) width 560: "This paragraph should have a solid gray background (or a white grid), because in CSS1, "
        RenderInline {CODE} at (0,0) size 56x15
          RenderText {#text} at (560,4) size 56x15
            text run at (560,4) width 56: "inherit"
        RenderText {#text} at (616,0) size 760x38
          text run at (616,0) width 144: " is an invalid keyword,"
          text run at (0,19) width 520: "and in CSS2, it will cause the gray background (not the white grid) to be inherited."
      RenderBlock {P} at (0,1000) size 769x19
        RenderText {#text} at (0,0) size 639x19
          text run at (0,0) width 639: "This paragraph should be black, since in CSS1, the selector is invalid, and in CSS2, it does not apply."
      RenderBlock {P} at (0,1035) size 769x19
        RenderText {#text} at (0,0) size 639x19
          text run at (0,0) width 639: "This paragraph should be black, since in CSS1, the selector is invalid, and in CSS2, it does not apply."
      RenderBlock {P} at (0,1070) size 769x19
        RenderText {#text} at (0,0) size 526x19
          text run at (0,0) width 526: "This paragraph should have a white background, since keywords cannot be quoted."
      RenderBlock {P} at (0,1105) size 769x44 [border: (3px solid #000000)]
        RenderText {#text} at (3,3) size 756x38
          text run at (3,3) width 643: "This paragraph should have a medium-width border around it (the same as the next three paragraphs). "
          text run at (646,3) width 113: "This should cause"
          text run at (3,22) width 318: "the user agent to use the default value of 'medium'."
      RenderBlock {P} at (0,1165) size 769x44 [border: (3px solid #000000)]
        RenderText {#text} at (3,3) size 740x38
          text run at (3,3) width 740: "This paragraph should have a medium-width border around it (the same as the previous and the next two paragraphs),"
          text run at (3,22) width 228: "because the border-width is invalid. "
          text run at (231,22) width 435: "This should cause the user agent to use the default value of 'medium'."
      RenderBlock {P} at (0,1225) size 769x63 [border: (3px solid #000000)]
        RenderText {#text} at (3,3) size 754x57
          text run at (3,3) width 740: "This paragraph should have a medium-width border around it (the same as the next and the previous two paragraphs),"
          text run at (3,22) width 588: "because the border-width units are invalid, and therefore the border-width should be ignored. "
          text run at (591,22) width 166: "This should cause the user"
          text run at (3,41) width 265: "agent to use the default value of 'medium'."
      RenderBlock {P} at (0,1304) size 769x63 [border: (3px solid #000000)]
        RenderText {#text} at (3,3) size 751x57
          text run at (3,3) width 743: "This paragraph should have a medium-width border around it (the same as the previous three paragraphs), because the"
          text run at (3,22) width 547: "border-width does not have any value to go with its pixel unit, and is therefore invalid. "
          text run at (550,22) width 204: "This should cause the user agent"
          text run at (3,41) width 227: "to use the default value of 'medium'."
      RenderBlock {P} at (0,1383) size 769x19
        RenderText {#text} at (0,0) size 660x19
          text run at (0,0) width 660: "This paragraph should be black, because the style declaration that applies to it is within an invalid at-rule."
      RenderBlock {P} at (0,1418) size 769x38 [color=#008000]
        RenderText {#text} at (0,0) size 760x38
          text run at (0,0) width 207: "This paragraph should be green. "
          text run at (207,0) width 553: "CSS is case-insensitive, unless required to be case sensitive due to interaction with other"
          text run at (0,19) width 237: "standards (e.g., font names or URLs.)"
      RenderBlock {OL} at (0,1472) size 769x19
        RenderListItem {LI} at (40,0) size 729x19
          RenderListMarker at (-21,0) size 16x19: "1"
          RenderText {#text} at (0,0) size 621x19
            text run at (0,0) width 621: "This ordered list item should be black, because the declaration has an invalid pseudo-class selector."
      RenderBlock {P} at (0,1507) size 769x38
        RenderText {#text} at (0,0) size 752x38
          text run at (0,0) width 752: "This paragraph should be black, because, in CSS1, :first-child is an invalid pseudo-class, and in CSS2, this paragraph is"
          text run at (0,19) width 110: "not the first child."
      RenderBlock {UL} at (0,1561) size 769x38
        RenderListItem {LI} at (40,0) size 729x38
          RenderListMarker at (-18,0) size 7x19: bullet
          RenderText {#text} at (0,0) size 690x38
            text run at (0,0) width 690: "This unordered list item should be black, because, according to CSS1, the selector is invalid, and according to"
            text run at (0,19) width 229: "CSS2, the selector should not apply."
      RenderBlock {BLOCKQUOTE} at (40,1615) size 689x38
        RenderText {#text} at (0,0) size 688x38
          text run at (0,0) width 688: "This blockquote should be black, because, according to CSS1, the selector is invalid, and according to CSS2,"
          text run at (0,19) width 184: "the selector should not apply."
      RenderBlock {P} at (0,1669) size 769x38
        RenderInline {ACRONYM} at (0,0) size 748x38
          RenderText {#text} at (0,0) size 748x38
            text run at (0,0) width 748: "This acronym should be black, because, according to CSS1, the selector is invalid, and according to CSS2, the selector"
            text run at (0,19) width 109: "should not apply."
      RenderBlock {ADDRESS} at (0,1723) size 769x38
        RenderText {#text} at (0,0) size 745x38
          text run at (0,0) width 745: "This address should be black, because, according to CSS1, the selector is invalid, and according to CSS2, the selector"
          text run at (0,19) width 109: "should not apply."
      RenderBlock {P} at (0,1777) size 769x38
        RenderInline {SPAN} at (0,0) size 768x38
          RenderText {#text} at (0,0) size 768x38
            text run at (0,0) width 768: "This span should be black, because, according to CSS1, the selector is invalid, and according to CSS2, the selector should"
            text run at (0,19) width 63: "not apply."
      RenderBlock {P} at (0,1831) size 769x38
        RenderText {#text} at (0,0) size 753x38
          text run at (0,0) width 664: "This paragraph should be black, because the style declaration that applies to it is within an invalid at-rule. "
          text run at (664,0) width 89: "However, it is"
          text run at (0,19) width 592: "valid in CSS2, so if this is being viewed on a tty browser that supports CSS2, it should be red."
      RenderBlock {P} at (0,1885) size 769x19
        RenderText {#text} at (0,0) size 660x19
          text run at (0,0) width 660: "This paragraph should be black, because the style declaration that applies to it is within an invalid at-rule."
      RenderBlock {P} at (0,1920) size 769x76
        RenderText {#text} at (0,0) size 737x19
          text run at (0,0) width 737: "The text of this paragraph should be normal (that is, it should not be underlined, overlined, stricken, or bold), because"
        RenderInline {CODE} at (0,0) size 64x15
          RenderText {#text} at (0,23) size 64x15
            text run at (0,23) width 64: "diagonal"
        RenderText {#text} at (64,19) size 226x19
          text run at (64,19) width 226: " is not a valid keyword, making the "
        RenderInline {CODE} at (0,0) size 120x15
          RenderText {#text} at (290,23) size 120x15
            text run at (290,23) width 120: "text-decoration"
        RenderText {#text} at (410,19) size 131x19
          text run at (410,19) width 55: " invalid. "
          text run at (465,19) width 76: "In addition, "
        RenderInline {CODE} at (0,0) size 88x15
          RenderText {#text} at (541,23) size 88x15
            text run at (541,23) width 88: "highlighted"
        RenderText {#text} at (629,19) size 758x38
          text run at (629,19) width 129: " is not a valid part of"
          text run at (0,38) width 23: "the "
        RenderInline {CODE} at (0,0) size 32x15
          RenderText {#text} at (23,42) size 32x15
            text run at (23,42) width 32: "font"
        RenderText {#text} at (55,38) size 721x38
          text run at (55,38) width 179: " property, making it invalid. "
          text run at (234,38) width 487: "Therefore, this paragraph's font should be the UA default, and match the next"
          text run at (0,57) width 71: "paragraph. "
          text run at (71,57) width 190: "If this is not the case, then the "
        RenderInline {CODE} at (0,0) size 32x15
          RenderText {#text} at (261,61) size 32x15
            text run at (261,61) width 32: "font"
        RenderText {#text} at (293,57) size 248x19
          text run at (293,57) width 248: " declaration is being improperly parsed."
      RenderBlock {P} at (0,2012) size 769x76
        RenderText {#text} at (0,0) size 737x19
          text run at (0,0) width 737: "The text of this paragraph should be normal (that is, it should not be underlined, overlined, stricken, or bold), because"
        RenderInline {CODE} at (0,0) size 64x15
          RenderText {#text} at (0,23) size 64x15
            text run at (0,23) width 64: "diagonal"
        RenderText {#text} at (64,19) size 226x19
          text run at (64,19) width 226: " is not a valid keyword, making the "
        RenderInline {CODE} at (0,0) size 120x15
          RenderText {#text} at (290,23) size 120x15
            text run at (290,23) width 120: "text-decoration"
        RenderText {#text} at (410,19) size 131x19
          text run at (410,19) width 55: " invalid. "
          text run at (465,19) width 76: "In addition, "
        RenderInline {CODE} at (0,0) size 88x15
          RenderText {#text} at (541,23) size 88x15
            text run at (541,23) width 88: "highlighted"
        RenderText {#text} at (629,19) size 758x38
          text run at (629,19) width 129: " is not a valid part of"
          text run at (0,38) width 23: "the "
        RenderInline {CODE} at (0,0) size 32x15
          RenderText {#text} at (23,42) size 32x15
            text run at (23,42) width 32: "font"
        RenderText {#text} at (55,38) size 748x38
          text run at (55,38) width 179: " property, making it invalid. "
          text run at (234,38) width 514: "Therefore, this paragraph's font should be the UA default, and match the previous"
          text run at (0,57) width 71: "paragraph. "
          text run at (71,57) width 190: "If this is not the case, then the "
        RenderInline {CODE} at (0,0) size 32x15
          RenderText {#text} at (261,61) size 32x15
            text run at (261,61) width 32: "font"
        RenderText {#text} at (293,57) size 248x19
          text run at (293,57) width 248: " declaration is being improperly parsed."
      RenderBlock {P} at (0,2104) size 769x57
        RenderText {#text} at (0,0) size 530x19
          text run at (0,0) width 501: "The text of this paragraph should be normal size because the selector is invalid. "
          text run at (501,0) width 29: "The "
        RenderInline {EM} at (0,0) size 100x19
          RenderText {#text} at (530,0) size 100x19
            text run at (530,0) width 100: "emphasized text"
        RenderText {#text} at (630,0) size 54x19
          text run at (630,0) width 54: " and the "
        RenderInline {STRONG} at (0,0) size 72x19
          RenderText {#text} at (684,0) size 72x19
            text run at (684,0) width 72: "strong text"
        RenderText {#text} at (0,19) size 761x38
          text run at (0,19) width 761: "within it should also be normal size, since the entire ruleset should be skipped (since in some future version of CSS, there"
          text run at (0,38) width 520: "could be an operator within the selector that has higher precedence than a comma)."
      RenderBlock {P} at (0,2177) size 769x38
        RenderText {#text} at (0,0) size 464x19
          text run at (0,0) width 464: "This paragraph should be black, because the line before the declaration is "
        RenderInline {STRONG} at (0,0) size 22x19
          RenderText {#text} at (464,0) size 22x19
            text run at (464,0) width 22: "not"
        RenderText {#text} at (486,0) size 743x38
          text run at (486,0) width 257: " a comment and therefore the selector for"
          text run at (0,19) width 139: "P.nineteenb is invalid."
      RenderBlock {P} at (0,2231) size 769x19 [color=#0000FF]
        RenderText {#text} at (0,0) size 470x19
          text run at (0,0) width 470: "This paragraph should be blue, because only the first declaration is invalid."
      RenderBlock {P} at (0,2266) size 769x19 [color=#008000]
        RenderText {#text} at (0,0) size 478x19
          text run at (0,0) width 478: "This paragraph should be green, because only the first declaration is invalid."
      RenderBlock {P} at (0,2301) size 769x19 [color=#800080]
        RenderText {#text} at (0,0) size 483x19
          text run at (0,0) width 483: "This paragraph should be purple, because only the first declaration is invalid."
      RenderBlock {P} at (0,2336) size 769x19 [color=#008000]
        RenderText {#text} at (0,0) size 478x19
          text run at (0,0) width 478: "This paragraph should be green, because only the first declaration is invalid."
      RenderBlock {P} at (0,2371) size 769x19 [color=#008000]
        RenderText {#text} at (0,0) size 478x19
          text run at (0,0) width 478: "This paragraph should be green, because only the first declaration is invalid."
      RenderBlock {P} at (0,2406) size 769x19
        RenderText {#text} at (48,0) size 601x19
          text run at (48,0) width 485: "This paragraph should be indented half an inch, but it should not be maroon. "
          text run at (533,0) width 116: "It should be black."
      RenderBlock {P} at (0,2441) size 769x38
        RenderText {#text} at (0,0) size 751x38
          text run at (0,0) width 751: "This paragraph should be black, because the color declaration after the previous ruleset should be considered part of the"
          text run at (0,19) width 616: "selector for this ruleset, and this ruleset therefore has an invalid selector and should not be applied."
      RenderTable {TABLE} at (0,2495) size 769x1640 [border: (1px outset #808080)]
        RenderTableSection {TBODY} at (1,1) size 767x1638
          RenderTableRow {TR} at (0,0) size 767x27
            RenderTableCell {TD} at (0,0) size 767x27 [bgcolor=#C0C0C0] [border: (1px inset #808080)] [r=0 c=0 rs=1 cs=2]
              RenderInline {STRONG} at (0,0) size 163x19
                RenderText {#text} at (4,4) size 163x19
                  text run at (4,4) width 163: "TABLE Testing Section"
          RenderTableRow {TR} at (0,27) size 767x1611
            RenderTableCell {TD} at (0,819) size 12x27 [bgcolor=#C0C0C0] [border: (1px inset #808080)] [r=1 c=0 rs=1 cs=1]
              RenderText {#text} at (4,4) size 4x19
                text run at (4,4) width 4: " "
            RenderTableCell {TD} at (12,27) size 755x1611 [border: (1px inset #808080)] [r=1 c=1 rs=1 cs=1]
              RenderBlock {P} at (4,4) size 747x19 [color=#008000]
                RenderText {#text} at (0,0) size 485x19
                  text run at (0,0) width 485: "This paragraph should be green, because only the rotation should be ignored."
              RenderBlock {P} at (4,39) size 747x19 [color=#008000]
                RenderText {#text} at (0,0) size 623x19
                  text run at (0,0) width 623: "This paragraph should be green, since error-checking should be done before calculating specificity."
              RenderBlock {P} at (4,74) size 747x38
                RenderText {#text} at (0,0) size 560x19
                  text run at (0,0) width 560: "This paragraph should have a solid gray background (or a white grid), because in CSS1, "
                RenderInline {CODE} at (0,0) size 56x15
                  RenderText {#text} at (560,4) size 56x15
                    text run at (560,4) width 56: "inherit"
                RenderText {#text} at (616,0) size 696x38
                  text run at (616,0) width 80: " is an invalid"
                  text run at (0,19) width 584: "keyword, and in CSS2, it will cause the gray background (not the white grid) to be inherited."
              RenderBlock {P} at (4,128) size 747x19
                RenderText {#text} at (0,0) size 639x19
                  text run at (0,0) width 639: "This paragraph should be black, since in CSS1, the selector is invalid, and in CSS2, it does not apply."
              RenderBlock {P} at (4,163) size 747x19
                RenderText {#text} at (0,0) size 639x19
                  text run at (0,0) width 639: "This paragraph should be black, since in CSS1, the selector is invalid, and in CSS2, it does not apply."
              RenderBlock {P} at (4,198) size 747x19
                RenderText {#text} at (0,0) size 526x19
                  text run at (0,0) width 526: "This paragraph should have a white background, since keywords cannot be quoted."
              RenderBlock {P} at (4,233) size 747x44 [border: (3px solid #000000)]
                RenderText {#text} at (3,3) size 717x38
                  text run at (3,3) width 643: "This paragraph should have a medium-width border around it (the same as the next three paragraphs). "
                  text run at (646,3) width 74: "This should"
                  text run at (3,22) width 357: "cause the user agent to use the default value of 'medium'."
              RenderBlock {P} at (4,293) size 747x44 [border: (3px solid #000000)]
                RenderText {#text} at (3,3) size 740x38
                  text run at (3,3) width 740: "This paragraph should have a medium-width border around it (the same as the previous and the next two paragraphs),"
                  text run at (3,22) width 228: "because the border-width is invalid. "
                  text run at (231,22) width 435: "This should cause the user agent to use the default value of 'medium'."
              RenderBlock {P} at (4,353) size 747x63 [border: (3px solid #000000)]
                RenderText {#text} at (3,3) size 740x57
                  text run at (3,3) width 740: "This paragraph should have a medium-width border around it (the same as the next and the previous two paragraphs),"
                  text run at (3,22) width 588: "because the border-width units are invalid, and therefore the border-width should be ignored. "
                  text run at (591,22) width 136: "This should cause the"
                  text run at (3,41) width 295: "user agent to use the default value of 'medium'."
              RenderBlock {P} at (4,432) size 747x63 [border: (3px solid #000000)]
                RenderText {#text} at (3,3) size 736x57
                  text run at (3,3) width 720: "This paragraph should have a medium-width border around it (the same as the previous three paragraphs), because"
                  text run at (3,22) width 570: "the border-width does not have any value to go with its pixel unit, and is therefore invalid. "
                  text run at (573,22) width 166: "This should cause the user"
                  text run at (3,41) width 265: "agent to use the default value of 'medium'."
              RenderBlock {P} at (4,511) size 747x19
                RenderText {#text} at (0,0) size 660x19
                  text run at (0,0) width 660: "This paragraph should be black, because the style declaration that applies to it is within an invalid at-rule."
              RenderBlock {P} at (4,546) size 747x38 [color=#008000]
                RenderText {#text} at (0,0) size 724x38
                  text run at (0,0) width 207: "This paragraph should be green. "
                  text run at (207,0) width 517: "CSS is case-insensitive, unless required to be case sensitive due to interaction with"
                  text run at (0,19) width 273: "other standards (e.g., font names or URLs.)"
              RenderBlock {OL} at (4,600) size 747x19
                RenderListItem {LI} at (40,0) size 707x19
                  RenderListMarker at (-21,0) size 16x19: "1"
                  RenderText {#text} at (0,0) size 621x19
                    text run at (0,0) width 621: "This ordered list item should be black, because the declaration has an invalid pseudo-class selector."
              RenderBlock {P} at (4,635) size 747x38
                RenderText {#text} at (0,0) size 738x38
                  text run at (0,0) width 738: "This paragraph should be black, because, in CSS1, :first-child is an invalid pseudo-class, and in CSS2, this paragraph"
                  text run at (0,19) width 124: "is not the first child."
              RenderBlock {UL} at (4,689) size 747x38
                RenderListItem {LI} at (40,0) size 707x38
                  RenderListMarker at (-18,0) size 7x19: bullet
                  RenderText {#text} at (0,0) size 690x38
                    text run at (0,0) width 690: "This unordered list item should be black, because, according to CSS1, the selector is invalid, and according to"
                    text run at (0,19) width 229: "CSS2, the selector should not apply."
              RenderBlock {BLOCKQUOTE} at (44,743) size 667x38
                RenderText {#text} at (0,0) size 643x38
                  text run at (0,0) width 643: "This blockquote should be black, because, according to CSS1, the selector is invalid, and according to"
                  text run at (0,19) width 229: "CSS2, the selector should not apply."
              RenderBlock {P} at (4,797) size 747x38
                RenderInline {ACRONYM} at (0,0) size 696x38
                  RenderText {#text} at (0,0) size 696x38
                    text run at (0,0) width 696: "This acronym should be black, because, according to CSS1, the selector is invalid, and according to CSS2, the"
                    text run at (0,19) width 161: "selector should not apply."
              RenderBlock {ADDRESS} at (4,851) size 747x38
                RenderText {#text} at (0,0) size 745x38
                  text run at (0,0) width 745: "This address should be black, because, according to CSS1, the selector is invalid, and according to CSS2, the selector"
                  text run at (0,19) width 109: "should not apply."
              RenderBlock {P} at (4,905) size 747x38
                RenderInline {SPAN} at (0,0) size 722x38
                  RenderText {#text} at (0,0) size 722x38
                    text run at (0,0) width 722: "This span should be black, because, according to CSS1, the selector is invalid, and according to CSS2, the selector"
                    text run at (0,19) width 109: "should not apply."
              RenderBlock {P} at (4,959) size 747x38
                RenderText {#text} at (0,0) size 739x38
                  text run at (0,0) width 664: "This paragraph should be black, because the style declaration that applies to it is within an invalid at-rule. "
                  text run at (664,0) width 75: "However, it"
                  text run at (0,19) width 606: "is valid in CSS2, so if this is being viewed on a tty browser that supports CSS2, it should be red."
              RenderBlock {P} at (4,1013) size 747x19
                RenderText {#text} at (0,0) size 660x19
                  text run at (0,0) width 660: "This paragraph should be black, because the style declaration that applies to it is within an invalid at-rule."
              RenderBlock {P} at (4,1048) size 747x76
                RenderText {#text} at (0,0) size 737x19
                  text run at (0,0) width 737: "The text of this paragraph should be normal (that is, it should not be underlined, overlined, stricken, or bold), because"
                RenderInline {CODE} at (0,0) size 64x15
                  RenderText {#text} at (0,23) size 64x15
                    text run at (0,23) width 64: "diagonal"
                RenderText {#text} at (64,19) size 226x19
                  text run at (64,19) width 226: " is not a valid keyword, making the "
                RenderInline {CODE} at (0,0) size 120x15
                  RenderText {#text} at (290,23) size 120x15
                    text run at (290,23) width 120: "text-decoration"
                RenderText {#text} at (410,19) size 131x19
                  text run at (410,19) width 55: " invalid. "
                  text run at (465,19) width 76: "In addition, "
                RenderInline {CODE} at (0,0) size 88x15
                  RenderText {#text} at (541,23) size 88x15
                    text run at (541,23) width 88: "highlighted"
                RenderText {#text} at (629,19) size 741x38
                  text run at (629,19) width 112: " is not a valid part"
                  text run at (0,38) width 40: "of the "
                RenderInline {CODE} at (0,0) size 32x15
                  RenderText {#text} at (40,42) size 32x15
                    text run at (40,42) width 32: "font"
                RenderText {#text} at (72,38) size 738x38
                  text run at (72,38) width 179: " property, making it invalid. "
                  text run at (251,38) width 487: "Therefore, this paragraph's font should be the UA default, and match the next"
                  text run at (0,57) width 71: "paragraph. "
                  text run at (71,57) width 190: "If this is not the case, then the "
                RenderInline {CODE} at (0,0) size 32x15
                  RenderText {#text} at (261,61) size 32x15
                    text run at (261,61) width 32: "font"
                RenderText {#text} at (293,57) size 248x19
                  text run at (293,57) width 248: " declaration is being improperly parsed."
              RenderBlock {P} at (4,1140) size 747x76
                RenderText {#text} at (0,0) size 737x19
                  text run at (0,0) width 737: "The text of this paragraph should be normal (that is, it should not be underlined, overlined, stricken, or bold), because"
                RenderInline {CODE} at (0,0) size 64x15
                  RenderText {#text} at (0,23) size 64x15
                    text run at (0,23) width 64: "diagonal"
                RenderText {#text} at (64,19) size 226x19
                  text run at (64,19) width 226: " is not a valid keyword, making the "
                RenderInline {CODE} at (0,0) size 120x15
                  RenderText {#text} at (290,23) size 120x15
                    text run at (290,23) width 120: "text-decoration"
                RenderText {#text} at (410,19) size 131x19
                  text run at (410,19) width 55: " invalid. "
                  text run at (465,19) width 76: "In addition, "
                RenderInline {CODE} at (0,0) size 88x15
                  RenderText {#text} at (541,23) size 88x15
                    text run at (541,23) width 88: "highlighted"
                RenderText {#text} at (629,19) size 741x38
                  text run at (629,19) width 112: " is not a valid part"
                  text run at (0,38) width 40: "of the "
                RenderInline {CODE} at (0,0) size 32x15
                  RenderText {#text} at (40,42) size 32x15
                    text run at (40,42) width 32: "font"
                RenderText {#text} at (72,38) size 707x38
                  text run at (72,38) width 179: " property, making it invalid. "
                  text run at (251,38) width 456: "Therefore, this paragraph's font should be the UA default, and match the"
                  text run at (0,57) width 129: "previous paragraph. "
                  text run at (129,57) width 190: "If this is not the case, then the "
                RenderInline {CODE} at (0,0) size 32x15
                  RenderText {#text} at (319,61) size 32x15
                    text run at (319,61) width 32: "font"
                RenderText {#text} at (351,57) size 248x19
                  text run at (351,57) width 248: " declaration is being improperly parsed."
              RenderBlock {P} at (4,1232) size 747x57
                RenderText {#text} at (0,0) size 530x19
                  text run at (0,0) width 501: "The text of this paragraph should be normal size because the selector is invalid. "
                  text run at (501,0) width 29: "The "
                RenderInline {EM} at (0,0) size 100x19
                  RenderText {#text} at (530,0) size 100x19
                    text run at (530,0) width 100: "emphasized text"
                RenderText {#text} at (630,0) size 54x19
                  text run at (630,0) width 54: " and the "
                RenderInline {STRONG} at (0,0) size 727x38
                  RenderText {#text} at (684,0) size 727x38
                    text run at (684,0) width 43: "strong"
                    text run at (0,19) width 25: "text"
                RenderText {#text} at (25,19) size 718x38
                  text run at (25,19) width 693: " within it should also be normal size, since the entire ruleset should be skipped (since in some future version of"
                  text run at (0,38) width 592: "CSS, there could be an operator within the selector that has higher precedence than a comma)."
              RenderBlock {P} at (4,1305) size 747x38
                RenderText {#text} at (0,0) size 464x19
                  text run at (0,0) width 464: "This paragraph should be black, because the line before the declaration is "
                RenderInline {STRONG} at (0,0) size 22x19
                  RenderText {#text} at (464,0) size 22x19
                    text run at (464,0) width 22: "not"
                RenderText {#text} at (486,0) size 743x38
                  text run at (486,0) width 257: " a comment and therefore the selector for"
                  text run at (0,19) width 139: "P.nineteenb is invalid."
              RenderBlock {P} at (4,1359) size 747x19 [color=#0000FF]
                RenderText {#text} at (0,0) size 470x19
                  text run at (0,0) width 470: "This paragraph should be blue, because only the first declaration is invalid."
              RenderBlock {P} at (4,1394) size 747x19 [color=#008000]
                RenderText {#text} at (0,0) size 478x19
                  text run at (0,0) width 478: "This paragraph should be green, because only the first declaration is invalid."
              RenderBlock {P} at (4,1429) size 747x19 [color=#800080]
                RenderText {#text} at (0,0) size 483x19
                  text run at (0,0) width 483: "This paragraph should be purple, because only the first declaration is invalid."
              RenderBlock {P} at (4,1464) size 747x19 [color=#008000]
                RenderText {#text} at (0,0) size 478x19
                  text run at (0,0) width 478: "This paragraph should be green, because only the first declaration is invalid."
              RenderBlock {P} at (4,1499) size 747x19 [color=#008000]
                RenderText {#text} at (0,0) size 478x19
                  text run at (0,0) width 478: "This paragraph should be green, because only the first declaration is invalid."
              RenderBlock {P} at (4,1534) size 747x19
                RenderText {#text} at (48,0) size 601x19
                  text run at (48,0) width 485: "This paragraph should be indented half an inch, but it should not be maroon. "
                  text run at (533,0) width 116: "It should be black."
              RenderBlock {P} at (4,1569) size 747x38
                RenderText {#text} at (0,0) size 728x38
                  text run at (0,0) width 728: "This paragraph should be black, because the color declaration after the previous ruleset should be considered part of"
                  text run at (0,19) width 639: "the selector for this ruleset, and this ruleset therefore has an invalid selector and should not be applied."
