layer at (0,0) size 800x600
  RenderView at (0,0) size 800x600
layer at (0,0) size 800x600
  RenderBlock {HTML} at (0,0) size 800x600
    RenderBody {BODY} at (8,8) size 784x584
      RenderBlock {P} at (0,0) size 784x19
        RenderText {#text} at (0,0) size 642x19
          text run at (0,0) width 642: "The black text should be identical to, and overlap, the red text, so there should be no red pixels below."
      RenderBlock {DIV} at (0,35) size 784x188
        RenderBlock {DIV} at (0,0) size 784x166 [color=#FF0000]
          RenderText {#text} at (0,2) size 200x161
            text run at (0,2) width 200: "v a\x{300} e"
        RenderBlock {DIV} at (0,22) size 784x166
          RenderText {#text} at (0,2) size 272x161
            text run at (0,2) width 272: "v \x{E0} e"
      RenderBlock {DIV} at (0,223) size 784x188
        RenderBlock {DIV} at (0,0) size 784x166 [color=#FF0000]
          RenderText {#text} at (0,2) size 200x161
            text run at (0,2) width 200: "v a\x{300} e"
        RenderBlock {DIV} at (0,22) size 784x166
          RenderText {#text} at (0,2) size 272x161
            text run at (0,2) width 272: "v \x{E0} e"
