layer at (0,0) size 800x1574
  RenderView at (0,0) size 800x600
layer at (0,0) size 800x1574
  RenderBlock {HTML} at (0,0) size 800x1574
    RenderBody {BODY} at (8,16) size 784x1542
      RenderBlock {P} at (0,0) size 784x60
        RenderText {#text} at (70,0) size 770x59
          text run at (70,0) width 382: "Test rendering of 3 text runs -- TextRun1 TextRun2 TextRun3, "
          text run at (452,0) width 332: "in which TextRun1 and TextRun2's bidi level are 2, and"
          text run at (14,20) width 747: "TextRun3's bidi level is 1. TextRun2 and TextRun3 are siblings. But their ancestor (not their parent) is a sibling of TextRun1. "
          text run at (761,20) width 23: "The"
          text run at (243,40) width 541: "visual order should be TextRun3 TextRun1 TextRun2, not TextRun3 TextRun2 TextRun1."
      RenderBlock {HR} at (0,76) size 784x2 [border: (1px inset #000000)]
      RenderBlock {P} at (0,94) size 784x20
        RenderText {#text} at (357,0) size 427x19
          text run at (357,0) width 317: "Pure text. The following 3 lines should all display as \""
          text run at (674,0) width 22 RTL: "\x{5E9}\x{5E0}\x{5D1}"
          text run at (696,0) width 88: " This is a Test\""
      RenderBlock {DIV} at (0,130) size 784x20 [bgcolor=#FF0000]
        RenderText {#text} at (705,0) size 53x19
          text run at (705,0) width 53: "This is a "
        RenderInline {SPAN} at (0,0) size 105x19
          RenderInline {SPAN} at (0,0) size 105x19
            RenderText {#text} at (701,0) size 83x19
              text run at (701,0) width 4 RTL: " "
              text run at (758,0) width 26: "Test"
            RenderInline {SPAN} at (0,0) size 22x19
              RenderText {#text} at (679,0) size 22x19
                text run at (679,0) width 22 RTL: "\x{5E9}\x{5E0}\x{5D1}"
      RenderBlock {DIV} at (0,150) size 784x20 [bgcolor=#FF0000]
        RenderText {#text} at (705,0) size 53x19
          text run at (705,0) width 53: "This is a "
        RenderInline {SPAN} at (0,0) size 105x19
          RenderInline {SPAN} at (0,0) size 105x19
            RenderInline {SPAN} at (0,0) size 105x19
              RenderText {#text} at (701,0) size 83x19
                text run at (701,0) width 4 RTL: " "
                text run at (758,0) width 26: "Test"
              RenderInline {SPAN} at (0,0) size 22x19
                RenderText {#text} at (679,0) size 22x19
                  text run at (679,0) width 22 RTL: "\x{5E9}\x{5E0}\x{5D1}"
      RenderBlock {DIV} at (0,170) size 784x20
        RenderText {#text} at (705,0) size 53x19
          text run at (705,0) width 53: "This is a "
        RenderInline {SPAN} at (0,0) size 105x19
          RenderText {#text} at (701,0) size 83x19
            text run at (701,0) width 4 RTL: " "
            text run at (758,0) width 26: "Test"
          RenderInline {SPAN} at (0,0) size 22x19
            RenderText {#text} at (679,0) size 22x19
              text run at (679,0) width 22 RTL: "\x{5E9}\x{5E0}\x{5D1}"
      RenderBlock {HR} at (0,198) size 784x2 [border: (1px inset #000000)]
      RenderBlock {P} at (0,216) size 784x20
        RenderText {#text} at (363,0) size 421x19
          text run at (363,0) width 421: "Text in <em>. The English text should be displayed as \"This is a Test\"."
      RenderBlock {DIV} at (0,252) size 784x20 [bgcolor=#FF0000]
        RenderText {#text} at (704,0) size 53x19
          text run at (704,0) width 53: "This is a "
        RenderInline {SPAN} at (0,0) size 80x19
          RenderInline {EM} at (0,0) size 80x19
            RenderInline {SPAN} at (0,0) size 0x19
            RenderText {#text} at (757,0) size 27x19
              text run at (757,0) width 27: "Test"
            RenderInline {SPAN} at (0,0) size 0x19
      RenderBlock {DIV} at (0,272) size 784x20 [bgcolor=#FF0000]
        RenderText {#text} at (704,0) size 53x19
          text run at (704,0) width 53: "This is a "
        RenderInline {SPAN} at (0,0) size 80x19
          RenderInline {EM} at (0,0) size 80x19
            RenderText {#text} at (757,0) size 27x19
              text run at (757,0) width 27: "Test"
            RenderInline {SPAN} at (0,0) size 0x19
      RenderBlock {DIV} at (0,292) size 784x20 [bgcolor=#FF0000]
        RenderText {#text} at (704,0) size 53x19
          text run at (704,0) width 53: "This is a "
        RenderInline {SPAN} at (0,0) size 107x19
          RenderInline {EM} at (0,0) size 107x19
            RenderText {#text} at (700,0) size 84x19
              text run at (700,0) width 4 RTL: " "
              text run at (757,0) width 27: "Test"
            RenderInline {SPAN} at (0,0) size 23x19
              RenderText {#text} at (677,0) size 23x19
                text run at (677,0) width 23 RTL: "\x{5D3}\x{5DE}\x{5D4}"
      RenderBlock {DIV} at (0,312) size 784x20
        RenderText {#text} at (704,0) size 53x19
          text run at (704,0) width 53: "This is a "
        RenderInline {SPAN} at (0,0) size 27x19
          RenderInline {EM} at (0,0) size 27x19
            RenderInline {SPAN} at (0,0) size 0x19
            RenderText {#text} at (757,0) size 27x19
              text run at (757,0) width 27: "Test"
      RenderBlock {DIV} at (0,332) size 784x20
        RenderText {#text} at (704,0) size 53x19
          text run at (704,0) width 53: "This is a "
        RenderInline {SPAN} at (0,0) size 27x19
          RenderInline {EM} at (0,0) size 27x19
            RenderText {#text} at (757,0) size 27x19
              text run at (757,0) width 27: "Test"
      RenderBlock {HR} at (0,360) size 784x2 [border: (1px inset #000000)]
      RenderBlock {P} at (0,378) size 784x20
        RenderText {#text} at (345,0) size 439x19
          text run at (345,0) width 439: "Text in <strong>. The following lines should all display as \"This is a Test\"."
      RenderBlock {DIV} at (0,414) size 784x20 [bgcolor=#FF0000]
        RenderText {#text} at (701,0) size 53x19
          text run at (701,0) width 53: "This is a "
        RenderInline {SPAN} at (0,0) size 83x19
          RenderInline {STRONG} at (0,0) size 83x19
            RenderInline {SPAN} at (0,0) size 0x19
            RenderText {#text} at (754,0) size 30x19
              text run at (754,0) width 30: "Test"
            RenderInline {SPAN} at (0,0) size 0x19
      RenderBlock {DIV} at (0,434) size 784x20 [bgcolor=#FF0000]
        RenderText {#text} at (701,0) size 53x19
          text run at (701,0) width 53: "This is a "
        RenderInline {SPAN} at (0,0) size 83x19
          RenderInline {STRONG} at (0,0) size 83x19
            RenderText {#text} at (754,0) size 30x19
              text run at (754,0) width 30: "Test"
            RenderInline {SPAN} at (0,0) size 0x19
      RenderBlock {DIV} at (0,454) size 784x20
        RenderText {#text} at (701,0) size 53x19
          text run at (701,0) width 53: "This is a "
        RenderInline {SPAN} at (0,0) size 30x19
          RenderInline {STRONG} at (0,0) size 30x19
            RenderInline {SPAN} at (0,0) size 0x19
            RenderText {#text} at (754,0) size 30x19
              text run at (754,0) width 30: "Test"
      RenderBlock {DIV} at (0,474) size 784x20
        RenderText {#text} at (701,0) size 53x19
          text run at (701,0) width 53: "This is a "
        RenderInline {SPAN} at (0,0) size 30x19
          RenderInline {STRONG} at (0,0) size 30x19
            RenderText {#text} at (754,0) size 30x19
              text run at (754,0) width 30: "Test"
      RenderBlock {HR} at (0,502) size 784x2 [border: (1px inset #000000)]
      RenderBlock {P} at (0,520) size 784x20
        RenderText {#text} at (379,0) size 405x19
          text run at (379,0) width 405: "Text in <i>. The following lines should all display as \"This is a Test\"."
      RenderBlock {DIV} at (0,556) size 784x20 [bgcolor=#FF0000]
        RenderText {#text} at (704,0) size 53x19
          text run at (704,0) width 53: "This is a "
        RenderInline {SPAN} at (0,0) size 80x19
          RenderInline {I} at (0,0) size 80x19
            RenderInline {SPAN} at (0,0) size 0x19
            RenderText {#text} at (757,0) size 27x19
              text run at (757,0) width 27: "Test"
            RenderInline {SPAN} at (0,0) size 0x19
      RenderBlock {DIV} at (0,576) size 784x20 [bgcolor=#FF0000]
        RenderText {#text} at (704,0) size 53x19
          text run at (704,0) width 53: "This is a "
        RenderInline {SPAN} at (0,0) size 80x19
          RenderInline {I} at (0,0) size 80x19
            RenderText {#text} at (757,0) size 27x19
              text run at (757,0) width 27: "Test"
            RenderInline {SPAN} at (0,0) size 0x19
      RenderBlock {DIV} at (0,596) size 784x20
        RenderText {#text} at (704,0) size 53x19
          text run at (704,0) width 53: "This is a "
        RenderInline {SPAN} at (0,0) size 27x19
          RenderInline {I} at (0,0) size 27x19
            RenderInline {SPAN} at (0,0) size 0x19
            RenderText {#text} at (757,0) size 27x19
              text run at (757,0) width 27: "Test"
      RenderBlock {DIV} at (0,616) size 784x20
        RenderText {#text} at (704,0) size 53x19
          text run at (704,0) width 53: "This is a "
        RenderInline {SPAN} at (0,0) size 27x19
          RenderInline {I} at (0,0) size 27x19
            RenderText {#text} at (757,0) size 27x19
              text run at (757,0) width 27: "Test"
      RenderBlock {HR} at (0,644) size 784x2 [border: (1px inset #000000)]
      RenderBlock {P} at (0,662) size 784x20
        RenderText {#text} at (374,0) size 410x19
          text run at (374,0) width 410: "Text in <b>. The following lines should all display as \"This is a Test\"."
      RenderBlock {DIV} at (0,698) size 784x20 [bgcolor=#FF0000]
        RenderText {#text} at (701,0) size 53x19
          text run at (701,0) width 53: "This is a "
        RenderInline {SPAN} at (0,0) size 83x19
          RenderInline {B} at (0,0) size 83x19
            RenderInline {SPAN} at (0,0) size 0x19
            RenderText {#text} at (754,0) size 30x19
              text run at (754,0) width 30: "Test"
            RenderInline {SPAN} at (0,0) size 0x19
      RenderBlock {DIV} at (0,718) size 784x20 [bgcolor=#FF0000]
        RenderText {#text} at (701,0) size 53x19
          text run at (701,0) width 53: "This is a "
        RenderInline {SPAN} at (0,0) size 83x19
          RenderInline {B} at (0,0) size 83x19
            RenderText {#text} at (754,0) size 30x19
              text run at (754,0) width 30: "Test"
            RenderInline {SPAN} at (0,0) size 0x19
      RenderBlock {DIV} at (0,738) size 784x20
        RenderText {#text} at (701,0) size 53x19
          text run at (701,0) width 53: "This is a "
        RenderInline {SPAN} at (0,0) size 30x19
          RenderInline {B} at (0,0) size 30x19
            RenderInline {SPAN} at (0,0) size 0x19
            RenderText {#text} at (754,0) size 30x19
              text run at (754,0) width 30: "Test"
      RenderBlock {DIV} at (0,758) size 784x20
        RenderText {#text} at (701,0) size 53x19
          text run at (701,0) width 53: "This is a "
        RenderInline {SPAN} at (0,0) size 30x19
          RenderInline {B} at (0,0) size 30x19
            RenderText {#text} at (754,0) size 30x19
              text run at (754,0) width 30: "Test"
      RenderBlock (anonymous) at (0,778) size 784x0
        RenderInline {B} at (0,0) size 0x0
          RenderText {#text} at (0,0) size 0x0
      RenderBlock (anonymous) at (0,786) size 784x756
        RenderBlock {HR} at (0,0) size 784x2 [border: (1px inset #000000)]
        RenderBlock {P} at (0,18) size 784x20
          RenderText {#text} at (122,0) size 662x19
            text run at (122,0) width 662: "Text in <img>, <href>, <em>, <tr>. The following English text should all display as \"This is a Test\"."
        RenderBlock {DIV} at (0,54) size 784x25 [bgcolor=#FF0000]
          RenderText {#text} at (694,5) size 60x19
            text run at (694,5) width 60: "This is a "
          RenderInline {SPAN} at (0,0) size 110x19
            RenderInline {A} at (0,0) size 110x19 [color=#551A8B]
              RenderText {#text} at (754,5) size 30x19
                text run at (754,5) width 30: "Test"
              RenderInline {SPAN} at (0,0) size 20x19
                RenderImage {IMG} at (674,0) size 20x20
        RenderBlock {DIV} at (0,79) size 784x20 [bgcolor=#FF0000]
          RenderText {#text} at (694,0) size 60x19
            text run at (694,0) width 60: "This is a "
          RenderInline {SPAN} at (0,0) size 117x19
            RenderInline {A} at (0,0) size 117x19 [color=#551A8B]
              RenderText {#text} at (690,0) size 94x19
                text run at (690,0) width 4 RTL: " "
                text run at (754,0) width 30: "Test"
              RenderInline {SPAN} at (0,0) size 23x19
                RenderText {#text} at (667,0) size 23x19
                  text run at (667,0) width 23 RTL: "\x{5E9}\x{5E0}\x{5D1}"
        RenderBlock {DIV} at (0,99) size 784x20 [bgcolor=#FF0000]
          RenderText {#text} at (696,0) size 60x19
            text run at (696,0) width 60: "This is a "
          RenderInline {SPAN} at (0,0) size 88x19
            RenderInline {EM} at (0,0) size 88x19
              RenderText {#text} at (756,0) size 28x19
                text run at (756,0) width 28: "Test"
              RenderInline {A} at (0,0) size 0x19 [color=#551A8B]
        RenderBlock {DIV} at (0,119) size 784x25 [bgcolor=#FF0000]
          RenderText {#text} at (696,5) size 60x19
            text run at (696,5) width 60: "This is a "
          RenderInline {SPAN} at (0,0) size 108x19
            RenderInline {EM} at (0,0) size 108x19
              RenderText {#text} at (756,5) size 28x19
                text run at (756,5) width 28: "Test"
              RenderInline {SPAN} at (0,0) size 20x19
                RenderImage {IMG} at (676,0) size 20x20
        RenderBlock {DIV} at (0,144) size 784x20
          RenderText {#text} at (654,0) size 60x19
            text run at (654,0) width 60: "This is a "
          RenderInline {SPAN} at (0,0) size 70x19
            RenderInline {A} at (0,0) size 70x19 [color=#551A8B]
              RenderText {#text} at (714,0) size 34x19
                text run at (714,0) width 34: "Test "
              RenderInline {SPAN} at (0,0) size 36x19
                RenderText {#text} at (748,0) size 36x19
                  text run at (748,0) width 36: "again"
        RenderBlock {DIV} at (0,164) size 784x46
          RenderBlock (anonymous) at (0,0) size 784x20
            RenderText {#text} at (696,0) size 60x19
              text run at (696,0) width 60: "This is a "
            RenderInline {SPAN} at (0,0) size 28x19
              RenderInline {EM} at (0,0) size 28x19
                RenderText {#text} at (756,0) size 28x19
                  text run at (756,0) width 28: "Test"
          RenderBlock (anonymous) at (0,20) size 784x26
            RenderTable {TABLE} at (770,0) size 14x26
              RenderTableSection {TBODY} at (0,0) size 14x26
                RenderTableRow {TR} at (0,2) size 14x22
                  RenderTableCell {TD} at (2,2) size 10x22 [r=0 c=0 rs=1 cs=1]
                    RenderText {#text} at (1,1) size 8x19
                      text run at (1,1) width 8: "a"
          RenderBlock (anonymous) at (0,46) size 784x0
            RenderInline {SPAN} at (0,0) size 0x0
              RenderInline {EM} at (0,0) size 0x0
        RenderBlock {HR} at (0,218) size 784x2 [border: (1px inset #000000)]
        RenderBlock {UL} at (0,236) size 784x520
          RenderListItem {LI} at (40,0) size 744x20
            RenderListMarker at (-18,0) size 7x19: bullet
            RenderText {#text} at (0,0) size 113x19
              text run at (0,0) width 113: "Test 0: : Success"
          RenderListItem {LI} at (40,20) size 744x20
            RenderListMarker at (-18,0) size 7x19: bullet
            RenderText {#text} at (0,0) size 113x19
              text run at (0,0) width 113: "Test 1: : Success"
          RenderListItem {LI} at (40,40) size 744x20
            RenderListMarker at (-18,0) size 7x19: bullet
            RenderText {#text} at (0,0) size 113x19
              text run at (0,0) width 113: "Test 2: : Success"
          RenderListItem {LI} at (40,60) size 744x20
            RenderListMarker at (-18,0) size 7x19: bullet
            RenderText {#text} at (0,0) size 113x19
              text run at (0,0) width 113: "Test 3: : Success"
          RenderListItem {LI} at (40,80) size 744x20
            RenderListMarker at (-18,0) size 7x19: bullet
            RenderText {#text} at (0,0) size 113x19
              text run at (0,0) width 113: "Test 4: : Success"
          RenderListItem {LI} at (40,100) size 744x20
            RenderListMarker at (-18,0) size 7x19: bullet
            RenderText {#text} at (0,0) size 113x19
              text run at (0,0) width 113: "Test 5: : Success"
          RenderListItem {LI} at (40,120) size 744x20
            RenderListMarker at (-18,0) size 7x19: bullet
            RenderText {#text} at (0,0) size 113x19
              text run at (0,0) width 113: "Test 6: : Success"
          RenderListItem {LI} at (40,140) size 744x20
            RenderListMarker at (-18,0) size 7x19: bullet
            RenderText {#text} at (0,0) size 113x19
              text run at (0,0) width 113: "Test 7: : Success"
          RenderListItem {LI} at (40,160) size 744x20
            RenderListMarker at (-18,0) size 7x19: bullet
            RenderText {#text} at (0,0) size 113x19
              text run at (0,0) width 113: "Test 8: : Success"
          RenderListItem {LI} at (40,180) size 744x20
            RenderListMarker at (-18,0) size 7x19: bullet
            RenderText {#text} at (0,0) size 113x19
              text run at (0,0) width 113: "Test 9: : Success"
          RenderListItem {LI} at (40,200) size 744x20
            RenderListMarker at (-18,0) size 7x19: bullet
            RenderText {#text} at (0,0) size 121x19
              text run at (0,0) width 121: "Test 10: : Success"
          RenderListItem {LI} at (40,220) size 744x20
            RenderListMarker at (-18,0) size 7x19: bullet
            RenderText {#text} at (0,0) size 121x19
              text run at (0,0) width 121: "Test 11: : Success"
          RenderListItem {LI} at (40,240) size 744x20
            RenderListMarker at (-18,0) size 7x19: bullet
            RenderText {#text} at (0,0) size 121x19
              text run at (0,0) width 121: "Test 12: : Success"
          RenderListItem {LI} at (40,260) size 744x20
            RenderListMarker at (-18,0) size 7x19: bullet
            RenderText {#text} at (0,0) size 121x19
              text run at (0,0) width 121: "Test 13: : Success"
          RenderListItem {LI} at (40,280) size 744x20
            RenderListMarker at (-18,0) size 7x19: bullet
            RenderText {#text} at (0,0) size 121x19
              text run at (0,0) width 121: "Test 14: : Success"
          RenderListItem {LI} at (40,300) size 744x20
            RenderListMarker at (-18,0) size 7x19: bullet
            RenderText {#text} at (0,0) size 121x19
              text run at (0,0) width 121: "Test 15: : Success"
          RenderListItem {LI} at (40,320) size 744x20
            RenderListMarker at (-18,0) size 7x19: bullet
            RenderText {#text} at (0,0) size 121x19
              text run at (0,0) width 121: "Test 16: : Success"
          RenderListItem {LI} at (40,340) size 744x20
            RenderListMarker at (-18,0) size 7x19: bullet
            RenderText {#text} at (0,0) size 121x19
              text run at (0,0) width 121: "Test 17: : Success"
          RenderListItem {LI} at (40,360) size 744x20
            RenderListMarker at (-18,0) size 7x19: bullet
            RenderText {#text} at (0,0) size 121x19
              text run at (0,0) width 121: "Test 18: : Success"
          RenderListItem {LI} at (40,380) size 744x20
            RenderListMarker at (-18,0) size 7x19: bullet
            RenderText {#text} at (0,0) size 121x19
              text run at (0,0) width 121: "Test 19: : Success"
          RenderListItem {LI} at (40,400) size 744x20
            RenderListMarker at (-18,0) size 7x19: bullet
            RenderText {#text} at (0,0) size 121x19
              text run at (0,0) width 121: "Test 20: : Success"
          RenderListItem {LI} at (40,420) size 744x20
            RenderListMarker at (-18,0) size 7x19: bullet
            RenderText {#text} at (0,0) size 121x19
              text run at (0,0) width 121: "Test 21: : Success"
          RenderListItem {LI} at (40,440) size 744x20
            RenderListMarker at (-18,0) size 7x19: bullet
            RenderText {#text} at (0,0) size 121x19
              text run at (0,0) width 121: "Test 22: : Success"
          RenderListItem {LI} at (40,460) size 744x20
            RenderListMarker at (-18,0) size 7x19: bullet
            RenderText {#text} at (0,0) size 121x19
              text run at (0,0) width 121: "Test 23: : Success"
          RenderListItem {LI} at (40,480) size 744x20
            RenderListMarker at (-18,0) size 7x19: bullet
            RenderText {#text} at (0,0) size 121x19
              text run at (0,0) width 121: "Test 24: : Success"
          RenderListItem {LI} at (40,500) size 744x20
            RenderListMarker at (-18,0) size 7x19: bullet
            RenderText {#text} at (0,0) size 121x19
              text run at (0,0) width 121: "Test 25: : Success"
      RenderBlock (anonymous) at (0,1558) size 784x0
        RenderInline {B} at (0,0) size 0x0
selection start: position 0 of child 0 {#text} of child 14 {DIV} of child 56 {B} of body
selection end:   position 4 of child 0 {#text} of child 14 {DIV} of child 56 {B} of body
