layer at (0,0) size 800x1812
  RenderView at (0,0) size 800x600
layer at (0,0) size 800x1812
  RenderBlock {HTML} at (0,0) size 800x1812
    RenderBody {BODY} at (8,16) size 784x1780
      RenderBlock {DIV} at (0,0) size 784x864
        RenderBlock {P} at (0,0) size 784x20
          RenderText {#text} at (704,0) size 80x19
            text run at (704,0) width 80: "Right To Left"
        RenderBlock {P} at (0,36) size 784x20
          RenderText {#text} at (471,0) size 313x19
            text run at (471,0) width 4 RTL: "."
            text run at (475,0) width 309: "Well-formed pair of unicode bidi control characters"
        RenderBlock {DIV} at (0,72) size 784x20
          RenderText {#text} at (771,0) size 13x19
            text run at (771,0) width 0 RTL: "\x{202C}"
            text run at (771,0) width 5 RTL: "!"
            text run at (776,0) width 8: "\x{202B}b"
        RenderBlock {DIV} at (0,92) size 784x20
          RenderText {#text} at (771,0) size 13x19
            text run at (771,0) width 0 RTL: "\x{202C}"
            text run at (771,0) width 13: "\x{202A}b!"
        RenderBlock {P} at (0,128) size 784x20
          RenderText {#text} at (535,0) size 249x19
            text run at (535,0) width 4 RTL: "."
            text run at (539,0) width 245: "Unpaired unicode bidi control characters"
        RenderBlock {DIV} at (0,164) size 784x20
          RenderText {#text} at (771,0) size 13x19
            text run at (771,0) width 5 RTL: "!"
            text run at (776,0) width 8: "\x{202B}b"
        RenderBlock {DIV} at (0,184) size 784x20
          RenderText {#text} at (771,0) size 13x19
            text run at (771,0) width 13: "\x{202A}b!"
        RenderBlock {P} at (0,220) size 784x20
          RenderText {#text} at (466,0) size 318x19
            text run at (466,0) width 4 RTL: "."
            text run at (470,0) width 314: "Empty content inside unicode bidi control characters"
        RenderBlock {DIV} at (0,256) size 784x20
          RenderText {#text} at (784,0) size 0x19
            text run at (784,0) width 0 RTL: "\x{202C}\x{202C}"
        RenderBlock {DIV} at (0,276) size 784x20
          RenderText {#text} at (784,0) size 0x19
            text run at (784,0) width 0: "\x{202A}"
            text run at (784,0) width 0 RTL: "\x{202A}"
        RenderBlock {DIV} at (0,296) size 784x20
          RenderText {#text} at (784,0) size 0x19
            text run at (784,0) width 0 RTL: "\x{202B}"
            text run at (784,0) width 0 RTL: "\x{202B}"
        RenderBlock {P} at (0,332) size 784x20
          RenderText {#text} at (518,0) size 266x19
            text run at (518,0) width 4 RTL: "."
            text run at (522,0) width 262: "String inside unicode bidi control characters"
        RenderBlock {DIV} at (0,368) size 784x20
          RenderText {#text} at (762,0) size 22x19
            text run at (762,0) width 0 RTL: "\x{202C}"
            text run at (762,0) width 22: "\x{202C}abc"
        RenderBlock {DIV} at (0,388) size 784x20
          RenderText {#text} at (762,0) size 22x19
            text run at (762,0) width 22: "\x{202A}abc"
            text run at (784,0) width 0 RTL: "\x{202A}"
        RenderBlock {DIV} at (0,408) size 784x20
          RenderText {#text} at (762,0) size 22x19
            text run at (762,0) width 22: "\x{202B}abc"
            text run at (784,0) width 0 RTL: "\x{202B}"
        RenderBlock {P} at (0,444) size 784x20
          RenderText {#text} at (510,0) size 274x19
            text run at (510,0) width 4 RTL: "."
            text run at (514,0) width 270: "String around unicode bidi control characters"
        RenderBlock {DIV} at (0,480) size 784x20
          RenderText {#text} at (743,0) size 41x19
            text run at (743,0) width 0 RTL: "\x{202C}"
            text run at (743,0) width 41: "def\x{202C}abc"
        RenderBlock {DIV} at (0,500) size 784x20
          RenderText {#text} at (743,0) size 41x19
            text run at (743,0) width 41: "\x{202C}abc\x{202C}def"
        RenderBlock {DIV} at (0,520) size 784x20
          RenderText {#text} at (723,0) size 61x19
            text run at (723,0) width 61: "xyz\x{202C}abc\x{202C}def"
        RenderBlock {P} at (0,556) size 784x20
          RenderText {#text} at (547,0) size 237x19
            text run at (547,0) width 4 RTL: "."
            text run at (551,0) width 233: "Nested unicode bidi control characters"
        RenderBlock {DIV} at (0,592) size 784x20
          RenderText {#text} at (771,0) size 13x19
            text run at (771,0) width 0: "\x{202A}"
            text run at (771,0) width 0 RTL: "\x{202C}"
            text run at (771,0) width 13: "\x{202A}b!"
        RenderBlock {DIV} at (0,612) size 784x20
          RenderText {#text} at (771,0) size 13x19
            text run at (771,0) width 0 RTL: "\x{202C}"
            text run at (771,0) width 5 RTL: "!"
            text run at (776,0) width 8: "\x{202B}b"
            text run at (784,0) width 0 RTL: "\x{202B}"
        RenderBlock {DIV} at (0,632) size 784x20
          RenderText {#text} at (771,0) size 13x19
            text run at (771,0) width 5 RTL: "!\x{202C}"
            text run at (776,0) width 8: "\x{202C}\x{202C}b"
        RenderBlock {DIV} at (0,652) size 784x20
          RenderText {#text} at (764,0) size 20x19
            text run at (764,0) width 0 RTL: "\x{202C}"
            text run at (764,0) width 8: "1"
            text run at (772,0) width 5 RTL: "!"
            text run at (777,0) width 7: "\x{202B}c"
            text run at (784,0) width 0 RTL: "\x{202C}"
        RenderBlock {P} at (0,688) size 784x20
          RenderText {#text} at (523,0) size 261x19
            text run at (523,0) width 4 RTL: "."
            text run at (527,0) width 257: "Start with different directionality characters"
        RenderBlock {DIV} at (0,724) size 784x20
          RenderText {#text} at (760,0) size 24x19
            text run at (760,0) width 0 RTL: "\x{202B}"
            text run at (760,0) width 0 RTL: "\x{202C}"
            text run at (760,0) width 8: "\x{202A}1"
            text run at (768,0) width 0 RTL: "\x{202C}"
            text run at (768,0) width 16: "12"
        RenderBlock {DIV} at (0,744) size 784x20
          RenderText {#text} at (768,0) size 16x19
            text run at (768,0) width 0 RTL: "\x{202A}"
            text run at (768,0) width 0 RTL: "\x{202C}"
            text run at (768,0) width 16: "12"
        RenderBlock {DIV} at (0,764) size 784x20
          RenderText {#text} at (768,0) size 16x19
            text run at (768,0) width 0 RTL: "\x{202A}"
            text run at (768,0) width 0 RTL: "\x{202C}"
            text run at (768,0) width 16: "\x{660}\x{661}"
        RenderBlock {DIV} at (0,784) size 784x20
          RenderText {#text} at (764,0) size 20x19
            text run at (764,0) width 0 RTL: "\x{202A}"
            text run at (764,0) width 20 RTL: "\x{683}\x{684}\x{202C}"
        RenderBlock {DIV} at (0,804) size 784x20
          RenderText {#text} at (784,0) size 0x19
            text run at (784,0) width 0 RTL: "\x{202A}"
            text run at (784,0) width 0 RTL: "\x{1}\x{202C}"
        RenderBlock {DIV} at (0,824) size 784x20
          RenderText {#text} at (762,0) size 22x19
            text run at (762,0) width 22: "abc\x{202C}"
            text run at (784,0) width 0 RTL: "\x{202A}"
        RenderBlock {DIV} at (0,844) size 784x20
          RenderText {#text} at (769,0) size 15x19
            text run at (769,0) width 0 RTL: "\x{202A}"
            text run at (769,0) width 15 RTL: "\x{5D0}\x{5D1}\x{202C}"
      RenderBlock {DIV} at (0,880) size 784x864
        RenderBlock {P} at (0,0) size 784x20
          RenderText {#text} at (0,0) size 80x19
            text run at (0,0) width 80: "Left To Right"
        RenderBlock {P} at (0,36) size 784x20
          RenderText {#text} at (0,0) size 313x19
            text run at (0,0) width 313: "Well-formed pair of unicode bidi control characters."
        RenderBlock {DIV} at (0,72) size 784x20
          RenderText {#text} at (0,0) size 13x19
            text run at (0,0) width 5 RTL: "!"
            text run at (5,0) width 8: "\x{202B}b"
            text run at (13,0) width 0: "\x{202C}"
        RenderBlock {DIV} at (0,92) size 784x20
          RenderText {#text} at (0,0) size 13x19
            text run at (0,0) width 13: "\x{202A}b!"
            text run at (13,0) width 0: "\x{202C}"
        RenderBlock {P} at (0,128) size 784x20
          RenderText {#text} at (0,0) size 249x19
            text run at (0,0) width 249: "Unpaired unicode bidi control characters."
        RenderBlock {DIV} at (0,164) size 784x20
          RenderText {#text} at (0,0) size 13x19
            text run at (0,0) width 13: "\x{202B}b!"
        RenderBlock {DIV} at (0,184) size 784x20
          RenderText {#text} at (0,0) size 13x19
            text run at (0,0) width 13: "\x{202A}b!"
        RenderBlock {P} at (0,220) size 784x20
          RenderText {#text} at (0,0) size 318x19
            text run at (0,0) width 318: "Empty content inside unicode bidi control characters."
        RenderBlock {DIV} at (0,256) size 784x20
          RenderText {#text} at (0,0) size 0x19
            text run at (0,0) width 0: "\x{202C}\x{202C}"
        RenderBlock {DIV} at (0,276) size 784x20
          RenderText {#text} at (0,0) size 0x19
            text run at (0,0) width 0: "\x{202A}"
            text run at (0,0) width 0: "\x{202A}"
        RenderBlock {DIV} at (0,296) size 784x20
          RenderText {#text} at (0,0) size 0x19
            text run at (0,0) width 0: "\x{202B}"
            text run at (0,0) width 0 RTL: "\x{202B}"
        RenderBlock {P} at (0,332) size 784x20
          RenderText {#text} at (0,0) size 266x19
            text run at (0,0) width 266: "String inside unicode bidi control characters."
        RenderBlock {DIV} at (0,368) size 784x20
          RenderText {#text} at (0,0) size 22x19
            text run at (0,0) width 22: "\x{202C}abc\x{202C}"
        RenderBlock {DIV} at (0,388) size 784x20
          RenderText {#text} at (0,0) size 22x19
            text run at (0,0) width 22: "\x{202A}abc"
            text run at (22,0) width 0: "\x{202A}"
        RenderBlock {DIV} at (0,408) size 784x20
          RenderText {#text} at (0,0) size 22x19
            text run at (0,0) width 22: "\x{202B}abc"
            text run at (22,0) width 0: "\x{202B}"
        RenderBlock {P} at (0,444) size 784x20
          RenderText {#text} at (0,0) size 274x19
            text run at (0,0) width 274: "String around unicode bidi control characters."
        RenderBlock {DIV} at (0,480) size 784x20
          RenderText {#text} at (0,0) size 41x19
            text run at (0,0) width 41: "def\x{202C}abc\x{202C}"
        RenderBlock {DIV} at (0,500) size 784x20
          RenderText {#text} at (0,0) size 41x19
            text run at (0,0) width 41: "\x{202C}abc\x{202C}def"
        RenderBlock {DIV} at (0,520) size 784x20
          RenderText {#text} at (0,0) size 61x19
            text run at (0,0) width 61: "xyz\x{202C}abc\x{202C}def"
        RenderBlock {P} at (0,556) size 784x20
          RenderText {#text} at (0,0) size 237x19
            text run at (0,0) width 237: "Nested unicode bidi control characters."
        RenderBlock {DIV} at (0,592) size 784x20
          RenderText {#text} at (0,0) size 13x19
            text run at (0,0) width 0: "\x{202A}"
            text run at (0,0) width 13: "\x{202A}b!"
            text run at (13,0) width 0: "\x{202C}"
        RenderBlock {DIV} at (0,612) size 784x20
          RenderText {#text} at (0,0) size 13x19
            text run at (0,0) width 5 RTL: "!"
            text run at (5,0) width 8: "\x{202B}b"
            text run at (13,0) width 0: "\x{202C}"
            text run at (13,0) width 0 RTL: "\x{202B}"
        RenderBlock {DIV} at (0,632) size 784x20
          RenderText {#text} at (0,0) size 13x19
            text run at (0,0) width 13: "\x{202C}\x{202C}b!\x{202C}"
        RenderBlock {DIV} at (0,652) size 784x20
          RenderText {#text} at (0,0) size 20x19
            text run at (0,0) width 8: "\x{202C}1"
            text run at (8,0) width 5 RTL: "!"
            text run at (13,0) width 7: "\x{202B}c"
            text run at (20,0) width 0: "\x{202C}"
        RenderBlock {P} at (0,688) size 784x20
          RenderText {#text} at (0,0) size 261x19
            text run at (0,0) width 261: "Start with different directionality characters."
        RenderBlock {DIV} at (0,724) size 784x20
          RenderText {#text} at (0,0) size 24x19
            text run at (0,0) width 16: "12\x{202C}"
            text run at (16,0) width 8: "\x{202A}1"
            text run at (24,0) width 0: "\x{202C}"
            text run at (24,0) width 0: "\x{202B}"
        RenderBlock {DIV} at (0,744) size 784x20
          RenderText {#text} at (0,0) size 16x19
            text run at (0,0) width 16: "12\x{202C}"
            text run at (16,0) width 0: "\x{202A}"
        RenderBlock {DIV} at (0,764) size 784x20
          RenderText {#text} at (0,0) size 16x19
            text run at (0,0) width 16: "\x{660}\x{661}"
            text run at (16,0) width 0: "\x{202C}"
            text run at (16,0) width 0: "\x{202A}"
        RenderBlock {DIV} at (0,784) size 784x20
          RenderText {#text} at (0,0) size 20x19
            text run at (0,0) width 20 RTL: "\x{683}\x{684}"
            text run at (20,0) width 0: "\x{202C}"
            text run at (20,0) width 0: "\x{202A}"
        RenderBlock {DIV} at (0,804) size 784x20
          RenderText {#text} at (0,0) size 0x19
            text run at (0,0) width 0: "\x{1}\x{202C}"
            text run at (0,0) width 0: "\x{202A}"
        RenderBlock {DIV} at (0,824) size 784x20
          RenderText {#text} at (0,0) size 22x19
            text run at (0,0) width 22: "abc\x{202C}"
            text run at (22,0) width 0: "\x{202A}"
        RenderBlock {DIV} at (0,844) size 784x20
          RenderText {#text} at (0,0) size 15x19
            text run at (0,0) width 15 RTL: "\x{5D0}\x{5D1}"
            text run at (15,0) width 0: "\x{202C}"
            text run at (15,0) width 0: "\x{202A}"
      RenderBlock {UL} at (0,1760) size 784x20
        RenderListItem {LI} at (40,0) size 744x20
          RenderListMarker at (-18,0) size 7x19: bullet
          RenderText {#text} at (0,0) size 677x19
            text run at (0,0) width 677: "test id=test: the right-most character of rendering result of <PDF>abc<PDF> in RTL block should be c: Success"
selection start: position 3 of child 0 {#text} of child 20 {DIV} of child 1 {DIV} of body
selection end:   position 4 of child 0 {#text} of child 20 {DIV} of child 1 {DIV} of body
