layer at (0,0) size 344x4018
  RenderView at (0,0) size 344x588
layer at (0,0) size 344x4018
  RenderBlock {HTML} at (0,0) size 344x4018
    RenderBody {BODY} at (8,8) size 328x4002
      RenderBlock {DIV} at (-674,0) size 1002x4002 [border: (1px solid #FF0000)]
        RenderText {#text} at (-486,1) size 1487x19
          text run at (-486,1) width 1487: "BEGINddddddddddddddddddddddddddddddddddddddddddddddddddddddddddddddddddddddddddddddddddddddddddddddddddddddddddddddddddddddddddddddddddddddddddddddddddddddddddddddddddddddddddddddddEND"
