layer at (0,0) size 784x7550
  RenderView at (0,0) size 784x600
layer at (0,0) size 784x7550
  RenderBlock {HTML} at (0,0) size 784x7550
    RenderBody {BODY} at (8,8) size 768x7534 [bgcolor=#CCCCCC]
      RenderBlock {P} at (0,0) size 768x22
        RenderText {#text} at (0,0) size 380x22
          text run at (0,0) width 380: "The style declarations which apply to the text below are:"
      RenderBlock {PRE} at (0,38) size 768x153
        RenderText {#text} at (0,0) size 385x153
          text run at (0,0) width 218: "HR.minor {clear: both; width: 5%;}"
          text run at (218,0) width 0: " "
          text run at (0,17) width 326: "HR.major {clear: both; width: 75%; margin: 1.5em;}"
          text run at (326,17) width 0: " "
          text run at (0,34) width 385: "DIV {border: 5px solid purple; padding: 0; margin: 0.125em;}"
          text run at (385,34) width 0: " "
          text run at (0,51) width 339: "P.left, P.right {width: 10em; padding: 1em; margin: 0;"
          text run at (339,51) width 0: " "
          text run at (0,68) width 322: "   border: 1px solid lime; background-color: silver;}"
          text run at (322,68) width 0: " "
          text run at (0,85) width 351: "IMG.left, IMG.right {margin: 0; border: 3px solid black;}"
          text run at (351,85) width 0: " "
          text run at (0,102) width 96: ".left {float: left;}"
          text run at (96,102) width 0: " "
          text run at (0,119) width 118: ".right {float: right;}"
          text run at (118,119) width 0: " "
          text run at (0,136) width 0: " "
      RenderBlock {HR} at (0,204) size 768x2 [border: (1px inset #000000)]
      RenderBlock {P} at (0,222) size 768x66
        RenderText {#text} at (0,0) size 737x66
          text run at (0,0) width 727: "On this test page, each test is performed once with floating paragraphs, and then again with floating images."
          text run at (0,22) width 737: "Other than the substitution of images for pargraphs, the structure of the test is exactly the same, including the"
          text run at (0,44) width 146: "direction of the floats."
      RenderBlock {HR} at (24,312) size 578x2 [border: (1px inset #000000)]
      RenderBlock {DIV} at (2,338) size 764x120 [border: (5px solid #800080)]
        RenderBlock (floating) {P} at (5,5) size 194x100 [bgcolor=#C0C0C0] [border: (1px solid #00FF00)]
          RenderText {#text} at (17,17) size 137x66
            text run at (17,17) width 137: "This is a left-floating"
            text run at (17,39) width 126: "paragraph (first in"
            text run at (17,61) width 53: "source)."
        RenderBlock (floating) {P} at (565,5) size 194x100 [bgcolor=#C0C0C0] [border: (1px solid #00FF00)]
          RenderText {#text} at (17,17) size 149x66
            text run at (17,17) width 149: "This is a right-floating"
            text run at (17,39) width 145: "paragraph (second in"
            text run at (17,61) width 53: "source)."
        RenderText {#text} at (199,5) size 360x110
          text run at (199,5) width 187: "This is text within the DIV. "
          text run at (386,5) width 144: "The floating elements"
          text run at (199,27) width 360: "within this DIV should not go beyond the left or right"
          text run at (199,49) width 359: "inner edge of this DIV, which means that the borders"
          text run at (199,71) width 355: "of the floating elements should not overlap the top or"
          text run at (199,93) width 163: "side borders of the DIV."
      RenderBlock {HR} at (364,466) size 40x2 [border: (1px inset #000000)]
      RenderBlock {DIV} at (2,476) size 764x76 [border: (5px solid #800080)]
        RenderImage {IMG} at (5,5) size 15x36 [border: (3px solid #000000)]
        RenderImage {IMG} at (744,5) size 15x36 [border: (3px solid #000000)]
        RenderText {#text} at (20,5) size 738x66
          text run at (20,5) width 187: "This is text within the DIV. "
          text run at (207,5) width 536: "The floating images within this DIV should not go beyond the left or right inner"
          text run at (20,27) width 696: "edge of this DIV, which means that the borders of the floating images should not overlap the top or side"
          text run at (5,49) width 133: "borders of the DIV."
      RenderBlock {HR} at (24,576) size 578x2 [border: (1px inset #000000)]
      RenderBlock {DIV} at (2,602) size 442x274 [border: (5px solid #800080)]
        RenderBlock (floating) {P} at (5,5) size 194x78 [bgcolor=#C0C0C0] [border: (1px solid #00FF00)]
          RenderText {#text} at (17,17) size 132x44
            text run at (17,17) width 130: "This is the first left-"
            text run at (17,39) width 132: "floating paragraph."
        RenderBlock (floating) {P} at (199,5) size 194x78 [bgcolor=#C0C0C0] [border: (1px solid #00FF00)]
          RenderText {#text} at (17,17) size 149x44
            text run at (17,17) width 149: "This is the second left-"
            text run at (17,39) width 132: "floating paragraph."
        RenderBlock (floating) {P} at (5,83) size 194x78 [bgcolor=#C0C0C0] [border: (1px solid #00FF00)]
          RenderText {#text} at (17,17) size 137x44
            text run at (17,17) width 137: "This is the third left-"
            text run at (17,39) width 132: "floating paragraph."
        RenderText {#text} at (393,5) size 432x264
          text run at (393,5) width 44: "This is"
          text run at (393,27) width 25: "text"
          text run at (393,49) width 43: "within"
          text run at (393,71) width 21: "the"
          text run at (199,93) width 38: "DIV. "
          text run at (237,93) width 191: "The floating elements within"
          text run at (199,115) width 232: "this DIV should not go beyond the"
          text run at (199,137) width 235: "left or right inner edge of this DIV,"
          text run at (199,159) width 218: "which means that the borders of"
          text run at (5,181) width 425: "the floating elements should not overlap the top or side borders"
          text run at (5,203) width 158: "of the DIV in any way. "
          text run at (163,203) width 242: "In addition, they should not overlap"
          text run at (5,225) width 79: "each other. "
          text run at (84,225) width 326: "The first two should be side by side, whereas the"
          text run at (5,247) width 232: "third should be on the next \"line.\""
      RenderBlock {HR} at (364,884) size 40x2 [border: (1px inset #000000)]
      RenderBlock {DIV} at (2,894) size 360x252 [border: (5px solid #800080)]
        RenderImage {IMG} at (5,5) size 156x36 [border: (3px solid #000000)]
        RenderImage {IMG} at (161,5) size 156x36 [border: (3px solid #000000)]
        RenderImage {IMG} at (5,41) size 156x36 [border: (3px solid #000000)]
        RenderText {#text} at (317,5) size 342x242
          text run at (317,5) width 30: "This"
          text run at (317,27) width 10: "is"
          text run at (161,49) width 139: "text within the DIV. "
          text run at (300,49) width 27: "The"
          text run at (161,71) width 176: "floating images within this"
          text run at (5,93) width 325: "DIV should not go beyond the left or right inner"
          text run at (5,115) width 336: "edge of this DIV, which means that the borders of"
          text run at (5,137) width 326: "the floating images should not overlap the top or"
          text run at (5,159) width 245: "side borders of the DIV in any way. "
          text run at (250,159) width 79: "In addition,"
          text run at (5,181) width 242: "they should not overlap each other. "
          text run at (247,181) width 87: "The first two"
          text run at (5,203) width 342: "should be side by side, whereas the third should be"
          text run at (5,225) width 125: "on the next \"line.\""
      RenderBlock {HR} at (24,1170) size 578x2 [border: (1px inset #000000)]
      RenderBlock {DIV} at (2,1196) size 314x428 [border: (5px solid #800080)]
        RenderBlock (floating) {P} at (5,5) size 194x100 [bgcolor=#C0C0C0] [border: (1px solid #00FF00)]
          RenderText {#text} at (17,17) size 137x66
            text run at (17,17) width 137: "This is a left-floating"
            text run at (17,39) width 126: "paragraph (first in"
            text run at (17,61) width 53: "source)."
        RenderBlock (floating) {P} at (115,105) size 194x100 [bgcolor=#C0C0C0] [border: (1px solid #00FF00)]
          RenderText {#text} at (17,17) size 149x66
            text run at (17,17) width 149: "This is a right-floating"
            text run at (17,39) width 145: "paragraph (second in"
            text run at (17,61) width 53: "source)."
        RenderText {#text} at (199,5) size 301x418
          text run at (199,5) width 73: "This is text"
          text run at (199,27) width 106: "within the DIV."
          text run at (199,49) width 82: "The floating"
          text run at (199,71) width 105: "elements within"
          text run at (199,93) width 107: "this DIV should"
          text run at (5,115) width 96: "not go beyond"
          text run at (5,137) width 102: "the left or right"
          text run at (5,159) width 88: "inner edge of"
          text run at (5,181) width 107: "this DIV, which"
          text run at (5,203) width 99: "means that the"
          text run at (5,225) width 287: "borders of the floating elements should not"
          text run at (5,247) width 301: "overlap the top or side borders of the DIV in"
          text run at (5,269) width 65: "any way. "
          text run at (70,269) width 187: "In addition, they should not"
          text run at (5,291) width 285: "overlap each other in any way, nor should"
          text run at (5,313) width 282: "the floated elements be overwritten by the"
          text run at (5,335) width 67: "DIV text. "
          text run at (72,335) width 216: "In addition, the floated elements"
          text run at (5,357) width 282: "should not be side-by-side, but instead the"
          text run at (5,379) width 280: "first should be floated left, and the second"
          text run at (5,401) width 229: "floated to the right below the first."
      RenderBlock {HR} at (364,1632) size 40x2 [border: (1px inset #000000)]
      RenderBlock {DIV} at (2,1642) size 410x274 [border: (5px solid #800080)]
        RenderImage {IMG} at (5,5) size 256x36 [border: (3px solid #000000)]
        RenderImage {IMG} at (149,41) size 256x36 [border: (3px solid #000000)]
        RenderText {#text} at (261,5) size 399x264
          text run at (261,5) width 120: "This is text within"
          text run at (261,27) width 63: "the DIV. "
          text run at (324,27) width 27: "The"
          text run at (5,49) width 101: "floating images"
          text run at (5,71) width 105: "within this DIV"
          text run at (5,93) width 371: "should not go beyond the left or right inner edge of this"
          text run at (5,115) width 386: "DIV, which means that the borders of the floating images"
          text run at (5,137) width 376: "should not overlap the top or side borders of the DIV in"
          text run at (5,159) width 65: "any way. "
          text run at (70,159) width 334: "In addition, they should not overlap each other in"
          text run at (5,181) width 399: "any way, nor should the floated elements be overwritten by"
          text run at (5,203) width 92: "the DIV text. "
          text run at (97,203) width 299: "In addition, the floated images should not be"
          text run at (5,225) width 396: "side-by-side, but instead the first should be floated left, and"
          text run at (5,247) width 304: "the second floated to the right below the first."
      RenderBlock {HR} at (24,1940) size 578x2 [border: (1px inset #000000)]
      RenderBlock {DIV} at (2,1966) size 764x142 [border: (5px solid #800080)]
        RenderBlock (floating) {P} at (565,5) size 194x100 [bgcolor=#C0C0C0] [border: (1px solid #00FF00)]
          RenderText {#text} at (17,17) size 149x66
            text run at (17,17) width 149: "This is a right-floating"
            text run at (17,39) width 126: "paragraph (first in"
            text run at (17,61) width 53: "source)."
        RenderBlock (floating) {P} at (5,5) size 194x100 [bgcolor=#C0C0C0] [border: (1px solid #00FF00)]
          RenderText {#text} at (17,17) size 145x66
            text run at (17,17) width 137: "This is a left-floating"
            text run at (17,39) width 145: "paragraph (second in"
            text run at (17,61) width 53: "source)."
        RenderText {#text} at (199,5) size 558x132
          text run at (199,5) width 187: "This is text within the DIV. "
          text run at (386,5) width 144: "The floating elements"
          text run at (199,27) width 352: "within this DIV should not go beyond the top side of"
          text run at (199,49) width 364: "this DIV, which means that the borders of the floating"
          text run at (199,71) width 362: "elements should not overlap the top or side borders of"
          text run at (199,93) width 141: "the DIV in any way. "
          text run at (340,93) width 202: "In addition, the top of the left-"
          text run at (5,115) width 477: "floating box should not be higher than the top of the right-floating box."
      RenderBlock {HR} at (364,2116) size 40x2 [border: (1px inset #000000)]
      RenderBlock {DIV} at (2,2126) size 764x98 [border: (5px solid #800080)]
        RenderImage {IMG} at (5,5) size 15x36 [border: (3px solid #000000)]
        RenderImage {IMG} at (744,5) size 15x36 [border: (3px solid #000000)]
        RenderText {#text} at (20,5) size 730x88
          text run at (20,5) width 187: "This is text within the DIV. "
          text run at (207,5) width 516: "The floating images within this DIV should not go beyond the top side of this"
          text run at (20,27) width 715: "DIV, which means that the borders of the floating images should not overlap the top or side borders of the"
          text run at (5,49) width 116: "DIV in any way. "
          text run at (121,49) width 610: "In addition, the top of the left-floating image should not be higher than the top of the right-"
          text run at (5,71) width 99: "floating image."
      RenderBlock {HR} at (24,2248) size 578x2 [border: (1px inset #000000)]
      RenderBlock {DIV} at (2,2274) size 764x164 [border: (5px solid #800080)]
        RenderText {#text} at (199,5) size 195x22
          text run at (199,5) width 187: "This is text within the DIV. "
          text run at (386,5) width 8: "*"
        RenderBlock (floating) {P} at (5,5) size 194x100 [bgcolor=#C0C0C0] [border: (1px solid #00FF00)]
          RenderText {#text} at (17,17) size 137x66
            text run at (17,17) width 137: "This is a left-floating"
            text run at (17,39) width 126: "paragraph (first in"
            text run at (17,61) width 53: "source)."
        RenderText {#text} at (394,5) size 548x44
          text run at (394,5) width 352: " The floating elements within this DIV should not go"
          text run at (199,27) width 540: "any higher than the line-box containing the inline content which precedes them. "
          text run at (739,27) width 8: "*"
        RenderBlock (floating) {P} at (565,49) size 194x100 [bgcolor=#C0C0C0] [border: (1px solid #00FF00)]
          RenderText {#text} at (17,17) size 149x66
            text run at (17,17) width 149: "This is a right-floating"
            text run at (17,39) width 145: "paragraph (second in"
            text run at (17,61) width 53: "source)."
        RenderText {#text} at (199,49) size 553x110
          text run at (199,49) width 344: "This means that the top side of each float can be, at"
          text run at (199,71) width 331: "most, as high as the top edge of the inline element"
          text run at (199,93) width 306: "containing the content just before the floating"
          text run at (5,115) width 198: "elements occur in the source. "
          text run at (203,115) width 355: "In order to mark these points clearly, an asterisk has"
          text run at (5,137) width 311: "been inserted just before each floated element."
      RenderBlock {HR} at (364,2446) size 40x2 [border: (1px inset #000000)]
      RenderBlock {DIV} at (2,2456) size 764x98 [border: (5px solid #800080)]
        RenderText {#text} at (20,5) size 195x22
          text run at (20,5) width 187: "This is text within the DIV. "
          text run at (207,5) width 8: "*"
        RenderImage {IMG} at (5,5) size 15x36 [border: (3px solid #000000)]
        RenderText {#text} at (215,5) size 730x44
          text run at (215,5) width 535: " The floating images within this DIV should not go any higher than the line-box"
          text run at (20,27) width 345: "containing the inline content which precedes them. "
          text run at (365,27) width 12: "* "
        RenderImage {IMG} at (744,27) size 15x36 [border: (3px solid #000000)]
        RenderText {#text} at (377,27) size 752x66
          text run at (377,27) width 344: "This means that the top side of each float can be, at"
          text run at (5,49) width 733: "most, as high as the top edge of the inline element containing the content just before the floating images occur"
          text run at (5,71) width 94: "in the source. "
          text run at (99,71) width 658: "In order to mark these points clearly, an asterisk has been inserted just before each floated image."
      RenderBlock {HR} at (24,2578) size 578x2 [border: (1px inset #000000)]
      RenderBlock {DIV} at (2,2604) size 764x274 [border: (5px solid #800080)]
        RenderText {#text} at (199,5) size 195x22
          text run at (199,5) width 187: "This is text within the DIV. "
          text run at (386,5) width 8: "*"
        RenderBlock (floating) {P} at (5,5) size 194x100 [bgcolor=#C0C0C0] [border: (1px solid #00FF00)]
          RenderText {#text} at (17,17) size 137x66
            text run at (17,17) width 137: "This is a left-floating"
            text run at (17,39) width 126: "paragraph (first in"
            text run at (17,61) width 53: "source)."
        RenderText {#text} at (394,5) size 548x44
          text run at (394,5) width 352: " The floating elements within this DIV should not go"
          text run at (199,27) width 540: "any higher than the line-box containing the inline content which precedes them. "
          text run at (739,27) width 8: "*"
        RenderBlock (floating) {P} at (565,49) size 194x100 [bgcolor=#C0C0C0] [border: (1px solid #00FF00)]
          RenderText {#text} at (17,17) size 149x66
            text run at (17,17) width 149: "This is a right-floating"
            text run at (17,39) width 145: "paragraph (second in"
            text run at (17,61) width 53: "source)."
        RenderText {#text} at (199,49) size 335x22
          text run at (199,49) width 335: "This means that the top side of each float can be,*"
        RenderBlock (floating) {P} at (199,71) size 194x100 [bgcolor=#C0C0C0] [border: (1px solid #00FF00)]
          RenderText {#text} at (17,17) size 137x66
            text run at (17,17) width 137: "This is a left-floating"
            text run at (17,39) width 133: "paragraph (third in"
            text run at (17,61) width 53: "source)."
        RenderText {#text} at (534,49) size 206x132
          text run at (534,49) width 17: " at"
          text run at (393,71) width 157: "most, as high as the top"
          text run at (393,93) width 170: "edge of the inline element"
          text run at (393,115) width 150: "containing the content"
          text run at (393,137) width 152: "just before the floating"
          text run at (393,159) width 198: "elements occur in the source. "
          text run at (591,159) width 8: "*"
        RenderBlock (floating) {P} at (5,181) size 194x100 [bgcolor=#C0C0C0] [border: (1px solid #00FF00)]
          RenderText {#text} at (17,17) size 142x66
            text run at (17,17) width 137: "This is a left-floating"
            text run at (17,39) width 142: "paragraph (fourth in"
            text run at (17,61) width 53: "source)."
        RenderText {#text} at (599,159) size 557x110
          text run at (599,159) width 157: " In order to mark these"
          text run at (199,181) width 517: "points clearly, an asterisk has been inserted just before each floated element. "
          text run at (716,181) width 23: "If a"
          text run at (199,203) width 543: "line has room for a floated element, then the element should float so that its top is"
          text run at (199,225) width 443: "aligned with the top of the line-box in which the asterisk appears. "
          text run at (642,225) width 92: "Otherwise, its"
          text run at (199,247) width 330: "top should align with the top of the next line-box."
      RenderBlock {HR} at (364,2886) size 40x2 [border: (1px inset #000000)]
      RenderBlock {DIV} at (2,2896) size 764x164 [border: (5px solid #800080)]
        RenderText {#text} at (20,5) size 195x22
          text run at (20,5) width 187: "This is text within the DIV. "
          text run at (207,5) width 8: "*"
        RenderImage {IMG} at (5,5) size 15x36 [border: (3px solid #000000)]
        RenderText {#text} at (215,5) size 715x44
          text run at (215,5) width 535: " The floating images within this DIV should not go any higher than the line-box"
          text run at (35,27) width 345: "containing the inline content which precedes them. "
          text run at (380,27) width 12: "* "
        RenderImage {IMG} at (744,27) size 15x36 [border: (3px solid #000000)]
        RenderText {#text} at (392,27) size 339x22
          text run at (392,27) width 331: "This means that the top side of each float can be, "
          text run at (723,27) width 8: "*"
        RenderImage {IMG} at (20,27) size 15x36 [border: (3px solid #000000)]
        RenderText {#text} at (35,49) size 723x44
          text run at (35,49) width 708: "at most, as high as the top edge of the inline element containing the content just before the floating images"
          text run at (20,71) width 136: "occur in the source. "
          text run at (156,71) width 8: "*"
        RenderImage {IMG} at (5,71) size 15x36 [border: (3px solid #000000)]
        RenderText {#text} at (164,71) size 753x88
          text run at (164,71) width 564: " In order to mark these points clearly, an asterisk has been inserted just before each"
          text run at (20,93) width 98: "floated image. "
          text run at (118,93) width 633: "If a line has room for a floated image, then the image should float so that its top is aligned with"
          text run at (5,115) width 356: "the top of the line-box in which the asterisk appears. "
          text run at (361,115) width 397: "Otherwise, its top should align with the top of the next line-"
          text run at (5,137) width 29: "box."
      RenderBlock {HR} at (24,3084) size 578x2 [border: (1px inset #000000)]
      RenderBlock {DIV} at (2,3110) size 490x384 [border: (5px solid #800080)]
        RenderText {#text} at (199,5) size 56x22
          text run at (199,5) width 56: "This is *"
        RenderBlock (floating) {P} at (5,5) size 194x100 [bgcolor=#C0C0C0] [border: (1px solid #00FF00)]
          RenderText {#text} at (17,17) size 137x66
            text run at (17,17) width 137: "This is a left-floating"
            text run at (17,39) width 126: "paragraph (first in"
            text run at (17,61) width 53: "source)."
        RenderText {#text} at (255,5) size 12x22
          text run at (255,5) width 12: " *"
        RenderBlock (floating) {P} at (291,5) size 194x100 [bgcolor=#C0C0C0] [border: (1px solid #00FF00)]
          RenderText {#text} at (17,17) size 149x66
            text run at (17,17) width 149: "This is a right-floating"
            text run at (17,39) width 145: "paragraph (second in"
            text run at (17,61) width 53: "source)."
        RenderText {#text} at (199,27) size 480x352
          text run at (199,27) width 72: "text within"
          text run at (199,49) width 59: "the DIV."
          text run at (199,71) width 90: "Under CSS1,"
          text run at (199,93) width 46: "the left"
          text run at (5,115) width 465: "floating element should be placed in the upper left corner of the DIV,"
          text run at (5,137) width 471: "and the purple border of the DIV should abut the green border of the"
          text run at (5,159) width 115: "floating element. "
          text run at (120,159) width 355: "Similarly, the right floating element should be placed"
          text run at (5,181) width 480: "in the upper right corner of the DIV, and the purple border of the DIV"
          text run at (5,203) width 457: "should abut the green border of the floating element. The text of the"
          text run at (5,225) width 478: "DIV element should flow between and under the two floating elements."
          text run at (5,247) width 458: "The two asterisk characters mark the insertion points of the floating"
          text run at (5,269) width 443: "elements. It is expected that, under future specifications, it may be"
          text run at (5,291) width 456: "acceptable for the top of floated elements to align with the top of the"
          text run at (5,313) width 453: "line-box following the insertion point of the floated element to avoid"
          text run at (5,335) width 473: "floating elements appearing before text which precedes it in the source"
          text run at (5,357) width 71: "document."
      RenderBlock {HR} at (364,3502) size 40x2 [border: (1px inset #000000)]
      RenderBlock {DIV} at (2,3512) size 490x274 [border: (5px solid #800080)]
        RenderText {#text} at (20,5) size 56x22
          text run at (20,5) width 56: "This is *"
        RenderImage {IMG} at (5,5) size 15x36 [border: (3px solid #000000)]
        RenderText {#text} at (76,5) size 12x22
          text run at (76,5) width 12: " *"
        RenderImage {IMG} at (470,5) size 15x36 [border: (3px solid #000000)]
        RenderText {#text} at (88,5) size 478x264
          text run at (88,5) width 143: " text within the DIV. "
          text run at (231,5) width 239: "Under CSS1, the left floating image"
          text run at (20,27) width 409: "should be placed in the upper left corner of the DIV, and the"
          text run at (5,49) width 471: "purple border of the DIV should abut the green border of the floating"
          text run at (5,71) width 48: "image. "
          text run at (53,71) width 430: "Similarly, the right floating image should be placed in the upper"
          text run at (5,93) width 477: "right corner of the DIV, and the purple border of the DIV should abut"
          text run at (5,115) width 451: "the green border of the floating image. The text of the DIV element"
          text run at (5,137) width 430: "should flow between and under the two floating image. The two"
          text run at (5,159) width 450: "asterisk characters mark the insertion points of the floating image. "
          text run at (455,159) width 25: "It is"
          text run at (5,181) width 472: "expected that, under future specifications, it may be acceptable for the"
          text run at (5,203) width 456: "top of floated elements to align with the top of the line-box following"
          text run at (5,225) width 446: "the insertion point of the floated element to avoid floating elements"
          text run at (5,247) width 431: "appearing before text which precedes it in the source document."
      RenderBlock {HR} at (24,3810) size 578x2 [border: (1px inset #000000)]
      RenderTable {TABLE} at (0,3836) size 768x3698 [border: (1px outset #808080)]
        RenderTableSection {TBODY} at (1,1) size 766x3696
          RenderTableRow {TR} at (0,0) size 766x30
            RenderTableCell {TD} at (0,0) size 766x30 [bgcolor=#C0C0C0] [border: (1px inset #808080)] [r=0 c=0 rs=1 cs=2]
              RenderInline {STRONG} at (0,0) size 163x22
                RenderText {#text} at (4,4) size 163x22
                  text run at (4,4) width 163: "TABLE Testing Section"
          RenderTableRow {TR} at (0,30) size 766x3666
            RenderTableCell {TD} at (0,1848) size 12x30 [bgcolor=#C0C0C0] [border: (1px inset #808080)] [r=1 c=0 rs=1 cs=1]
              RenderText {#text} at (4,4) size 4x22
                text run at (4,4) width 4: " "
            RenderTableCell {TD} at (12,30) size 754x3666 [border: (1px inset #808080)] [r=1 c=1 rs=1 cs=1]
              RenderBlock {P} at (4,4) size 746x66
                RenderText {#text} at (0,0) size 737x66
                  text run at (0,0) width 727: "On this test page, each test is performed once with floating paragraphs, and then again with floating images."
                  text run at (0,22) width 737: "Other than the substitution of images for pargraphs, the structure of the test is exactly the same, including the"
                  text run at (0,44) width 146: "direction of the floats."
              RenderBlock {HR} at (28,94) size 561x2 [border: (1px inset #000000)]
              RenderBlock {DIV} at (6,120) size 742x120 [border: (5px solid #800080)]
                RenderBlock (floating) {P} at (5,5) size 194x100 [bgcolor=#C0C0C0] [border: (1px solid #00FF00)]
                  RenderText {#text} at (17,17) size 137x66
                    text run at (17,17) width 137: "This is a left-floating"
                    text run at (17,39) width 126: "paragraph (first in"
                    text run at (17,61) width 53: "source)."
                RenderBlock (floating) {P} at (543,5) size 194x100 [bgcolor=#C0C0C0] [border: (1px solid #00FF00)]
                  RenderText {#text} at (17,17) size 149x66
                    text run at (17,17) width 149: "This is a right-floating"
                    text run at (17,39) width 145: "paragraph (second in"
                    text run at (17,61) width 53: "source)."
                RenderText {#text} at (199,5) size 342x110
                  text run at (199,5) width 187: "This is text within the DIV. "
                  text run at (386,5) width 144: "The floating elements"
                  text run at (199,27) width 323: "within this DIV should not go beyond the left or"
                  text run at (199,49) width 339: "right inner edge of this DIV, which means that the"
                  text run at (199,71) width 342: "borders of the floating elements should not overlap"
                  text run at (199,93) width 233: "the top or side borders of the DIV."
              RenderBlock {HR} at (357,248) size 39x2 [border: (1px inset #000000)]
              RenderBlock {DIV} at (6,258) size 742x76 [border: (5px solid #800080)]
                RenderImage {IMG} at (5,5) size 15x36 [border: (3px solid #000000)]
                RenderImage {IMG} at (722,5) size 15x36 [border: (3px solid #000000)]
                RenderText {#text} at (20,5) size 702x66
                  text run at (20,5) width 187: "This is text within the DIV. "
                  text run at (207,5) width 496: "The floating images within this DIV should not go beyond the left or right"
                  text run at (20,27) width 687: "inner edge of this DIV, which means that the borders of the floating images should not overlap the top"
                  text run at (5,49) width 182: "or side borders of the DIV."
              RenderBlock {HR} at (28,358) size 561x2 [border: (1px inset #000000)]
              RenderBlock {DIV} at (6,384) size 442x274 [border: (5px solid #800080)]
                RenderBlock (floating) {P} at (5,5) size 194x78 [bgcolor=#C0C0C0] [border: (1px solid #00FF00)]
                  RenderText {#text} at (17,17) size 132x44
                    text run at (17,17) width 130: "This is the first left-"
                    text run at (17,39) width 132: "floating paragraph."
                RenderBlock (floating) {P} at (199,5) size 194x78 [bgcolor=#C0C0C0] [border: (1px solid #00FF00)]
                  RenderText {#text} at (17,17) size 149x44
                    text run at (17,17) width 149: "This is the second left-"
                    text run at (17,39) width 132: "floating paragraph."
                RenderBlock (floating) {P} at (5,83) size 194x78 [bgcolor=#C0C0C0] [border: (1px solid #00FF00)]
                  RenderText {#text} at (17,17) size 137x44
                    text run at (17,17) width 137: "This is the third left-"
                    text run at (17,39) width 132: "floating paragraph."
                RenderText {#text} at (393,5) size 432x264
                  text run at (393,5) width 44: "This is"
                  text run at (393,27) width 25: "text"
                  text run at (393,49) width 43: "within"
                  text run at (393,71) width 21: "the"
                  text run at (199,93) width 38: "DIV. "
                  text run at (237,93) width 191: "The floating elements within"
                  text run at (199,115) width 232: "this DIV should not go beyond the"
                  text run at (199,137) width 235: "left or right inner edge of this DIV,"
                  text run at (199,159) width 218: "which means that the borders of"
                  text run at (5,181) width 425: "the floating elements should not overlap the top or side borders"
                  text run at (5,203) width 158: "of the DIV in any way. "
                  text run at (163,203) width 242: "In addition, they should not overlap"
                  text run at (5,225) width 79: "each other. "
                  text run at (84,225) width 326: "The first two should be side by side, whereas the"
                  text run at (5,247) width 232: "third should be on the next \"line.\""
              RenderBlock {HR} at (357,666) size 39x2 [border: (1px inset #000000)]
              RenderBlock {DIV} at (6,676) size 360x252 [border: (5px solid #800080)]
                RenderImage {IMG} at (5,5) size 156x36 [border: (3px solid #000000)]
                RenderImage {IMG} at (161,5) size 156x36 [border: (3px solid #000000)]
                RenderImage {IMG} at (5,41) size 156x36 [border: (3px solid #000000)]
                RenderText {#text} at (317,5) size 342x242
                  text run at (317,5) width 30: "This"
                  text run at (317,27) width 10: "is"
                  text run at (161,49) width 139: "text within the DIV. "
                  text run at (300,49) width 27: "The"
                  text run at (161,71) width 176: "floating images within this"
                  text run at (5,93) width 325: "DIV should not go beyond the left or right inner"
                  text run at (5,115) width 336: "edge of this DIV, which means that the borders of"
                  text run at (5,137) width 326: "the floating images should not overlap the top or"
                  text run at (5,159) width 245: "side borders of the DIV in any way. "
                  text run at (250,159) width 79: "In addition,"
                  text run at (5,181) width 242: "they should not overlap each other. "
                  text run at (247,181) width 87: "The first two"
                  text run at (5,203) width 342: "should be side by side, whereas the third should be"
                  text run at (5,225) width 125: "on the next \"line.\""
              RenderBlock {HR} at (28,952) size 561x2 [border: (1px inset #000000)]
              RenderBlock {DIV} at (6,978) size 314x428 [border: (5px solid #800080)]
                RenderBlock (floating) {P} at (5,5) size 194x100 [bgcolor=#C0C0C0] [border: (1px solid #00FF00)]
                  RenderText {#text} at (17,17) size 137x66
                    text run at (17,17) width 137: "This is a left-floating"
                    text run at (17,39) width 126: "paragraph (first in"
                    text run at (17,61) width 53: "source)."
                RenderBlock (floating) {P} at (115,105) size 194x100 [bgcolor=#C0C0C0] [border: (1px solid #00FF00)]
                  RenderText {#text} at (17,17) size 149x66
                    text run at (17,17) width 149: "This is a right-floating"
                    text run at (17,39) width 145: "paragraph (second in"
                    text run at (17,61) width 53: "source)."
                RenderText {#text} at (199,5) size 301x418
                  text run at (199,5) width 73: "This is text"
                  text run at (199,27) width 106: "within the DIV."
                  text run at (199,49) width 82: "The floating"
                  text run at (199,71) width 105: "elements within"
                  text run at (199,93) width 107: "this DIV should"
                  text run at (5,115) width 96: "not go beyond"
                  text run at (5,137) width 102: "the left or right"
                  text run at (5,159) width 88: "inner edge of"
                  text run at (5,181) width 107: "this DIV, which"
                  text run at (5,203) width 99: "means that the"
                  text run at (5,225) width 287: "borders of the floating elements should not"
                  text run at (5,247) width 301: "overlap the top or side borders of the DIV in"
                  text run at (5,269) width 65: "any way. "
                  text run at (70,269) width 187: "In addition, they should not"
                  text run at (5,291) width 285: "overlap each other in any way, nor should"
                  text run at (5,313) width 282: "the floated elements be overwritten by the"
                  text run at (5,335) width 67: "DIV text. "
                  text run at (72,335) width 216: "In addition, the floated elements"
                  text run at (5,357) width 282: "should not be side-by-side, but instead the"
                  text run at (5,379) width 280: "first should be floated left, and the second"
                  text run at (5,401) width 229: "floated to the right below the first."
              RenderBlock {HR} at (357,1414) size 39x2 [border: (1px inset #000000)]
              RenderBlock {DIV} at (6,1424) size 410x274 [border: (5px solid #800080)]
                RenderImage {IMG} at (5,5) size 256x36 [border: (3px solid #000000)]
                RenderImage {IMG} at (149,41) size 256x36 [border: (3px solid #000000)]
                RenderText {#text} at (261,5) size 399x264
                  text run at (261,5) width 120: "This is text within"
                  text run at (261,27) width 63: "the DIV. "
                  text run at (324,27) width 27: "The"
                  text run at (5,49) width 101: "floating images"
                  text run at (5,71) width 105: "within this DIV"
                  text run at (5,93) width 371: "should not go beyond the left or right inner edge of this"
                  text run at (5,115) width 386: "DIV, which means that the borders of the floating images"
                  text run at (5,137) width 376: "should not overlap the top or side borders of the DIV in"
                  text run at (5,159) width 65: "any way. "
                  text run at (70,159) width 334: "In addition, they should not overlap each other in"
                  text run at (5,181) width 399: "any way, nor should the floated elements be overwritten by"
                  text run at (5,203) width 92: "the DIV text. "
                  text run at (97,203) width 299: "In addition, the floated images should not be"
                  text run at (5,225) width 396: "side-by-side, but instead the first should be floated left, and"
                  text run at (5,247) width 304: "the second floated to the right below the first."
              RenderBlock {HR} at (28,1722) size 561x2 [border: (1px inset #000000)]
              RenderBlock {DIV} at (6,1748) size 742x142 [border: (5px solid #800080)]
                RenderBlock (floating) {P} at (543,5) size 194x100 [bgcolor=#C0C0C0] [border: (1px solid #00FF00)]
                  RenderText {#text} at (17,17) size 149x66
                    text run at (17,17) width 149: "This is a right-floating"
                    text run at (17,39) width 126: "paragraph (first in"
                    text run at (17,61) width 53: "source)."
                RenderBlock (floating) {P} at (5,5) size 194x100 [bgcolor=#C0C0C0] [border: (1px solid #00FF00)]
                  RenderText {#text} at (17,17) size 145x66
                    text run at (17,17) width 137: "This is a left-floating"
                    text run at (17,39) width 145: "paragraph (second in"
                    text run at (17,61) width 53: "source)."
                RenderText {#text} at (199,5) size 571x132
                  text run at (199,5) width 187: "This is text within the DIV. "
                  text run at (386,5) width 144: "The floating elements"
                  text run at (199,27) width 335: "within this DIV should not go beyond the top side"
                  text run at (199,49) width 326: "of this DIV, which means that the borders of the"
                  text run at (199,71) width 343: "floating elements should not overlap the top or side"
                  text run at (199,93) width 215: "borders of the DIV in any way. "
                  text run at (414,93) width 104: "In addition, the"
                  text run at (5,115) width 571: "top of the left-floating box should not be higher than the top of the right-floating box."
              RenderBlock {HR} at (357,1898) size 39x2 [border: (1px inset #000000)]
              RenderBlock {DIV} at (6,1908) size 742x98 [border: (5px solid #800080)]
                RenderImage {IMG} at (5,5) size 15x36 [border: (3px solid #000000)]
                RenderImage {IMG} at (722,5) size 15x36 [border: (3px solid #000000)]
                RenderText {#text} at (20,5) size 726x88
                  text run at (20,5) width 187: "This is text within the DIV. "
                  text run at (207,5) width 488: "The floating images within this DIV should not go beyond the top side of"
                  text run at (20,27) width 701: "this DIV, which means that the borders of the floating images should not overlap the top or side borders"
                  text run at (5,49) width 158: "of the DIV in any way. "
                  text run at (163,49) width 568: "In addition, the top of the left-floating image should not be higher than the top of the"
                  text run at (5,71) width 137: "right-floating image."
              RenderBlock {HR} at (28,2030) size 561x2 [border: (1px inset #000000)]
              RenderBlock {DIV} at (6,2056) size 742x164 [border: (5px solid #800080)]
                RenderText {#text} at (199,5) size 195x22
                  text run at (199,5) width 187: "This is text within the DIV. "
                  text run at (386,5) width 8: "*"
                RenderBlock (floating) {P} at (5,5) size 194x100 [bgcolor=#C0C0C0] [border: (1px solid #00FF00)]
                  RenderText {#text} at (17,17) size 137x66
                    text run at (17,17) width 137: "This is a left-floating"
                    text run at (17,39) width 126: "paragraph (first in"
                    text run at (17,61) width 53: "source)."
                RenderText {#text} at (394,5) size 527x66
                  text run at (394,5) width 332: " The floating elements within this DIV should not"
                  text run at (199,27) width 514: "go any higher than the line-box containing the inline content which precedes"
                  text run at (199,49) width 42: "them. "
                  text run at (241,49) width 12: "* "
                RenderBlock (floating) {P} at (543,49) size 194x100 [bgcolor=#C0C0C0] [border: (1px solid #00FF00)]
                  RenderText {#text} at (17,17) size 149x66
                    text run at (17,17) width 149: "This is a right-floating"
                    text run at (17,39) width 145: "paragraph (second in"
                    text run at (17,61) width 53: "source)."
                RenderText {#text} at (253,49) size 538x110
                  text run at (253,49) width 275: "This means that the top side of each float"
                  text run at (199,71) width 344: "can be, at most, as high as the top edge of the inline"
                  text run at (199,93) width 307: "element containing the content just before the"
                  text run at (5,115) width 253: "floating elements occur in the source. "
                  text run at (258,115) width 272: "In order to mark these points clearly, an"
                  text run at (5,137) width 394: "asterisk has been inserted just before each floated element."
              RenderBlock {HR} at (357,2228) size 39x2 [border: (1px inset #000000)]
              RenderBlock {DIV} at (6,2238) size 742x120 [border: (5px solid #800080)]
                RenderText {#text} at (20,5) size 195x22
                  text run at (20,5) width 187: "This is text within the DIV. "
                  text run at (207,5) width 8: "*"
                RenderImage {IMG} at (5,5) size 15x36 [border: (3px solid #000000)]
                RenderText {#text} at (215,5) size 705x44
                  text run at (215,5) width 510: " The floating images within this DIV should not go any higher than the line-"
                  text run at (20,27) width 374: "box containing the inline content which precedes them. "
                  text run at (394,27) width 12: "* "
                RenderImage {IMG} at (722,27) size 15x36 [border: (3px solid #000000)]
                RenderText {#text} at (406,27) size 711x88
                  text run at (406,27) width 303: "This means that the top side of each float can"
                  text run at (5,49) width 682: "be, at most, as high as the top edge of the inline element containing the content just before the floating"
                  text run at (5,71) width 186: "images occur in the source. "
                  text run at (191,71) width 525: "In order to mark these points clearly, an asterisk has been inserted just before"
                  text run at (5,93) width 129: "each floated image."
              RenderBlock {HR} at (28,2382) size 561x2 [border: (1px inset #000000)]
              RenderBlock {DIV} at (6,2408) size 742x296 [border: (5px solid #800080)]
                RenderText {#text} at (199,5) size 195x22
                  text run at (199,5) width 187: "This is text within the DIV. "
                  text run at (386,5) width 8: "*"
                RenderBlock (floating) {P} at (5,5) size 194x100 [bgcolor=#C0C0C0] [border: (1px solid #00FF00)]
                  RenderText {#text} at (17,17) size 137x66
                    text run at (17,17) width 137: "This is a left-floating"
                    text run at (17,39) width 126: "paragraph (first in"
                    text run at (17,61) width 53: "source)."
                RenderText {#text} at (394,5) size 527x66
                  text run at (394,5) width 332: " The floating elements within this DIV should not"
                  text run at (199,27) width 514: "go any higher than the line-box containing the inline content which precedes"
                  text run at (199,49) width 42: "them. "
                  text run at (241,49) width 12: "* "
                RenderBlock (floating) {P} at (543,49) size 194x100 [bgcolor=#C0C0C0] [border: (1px solid #00FF00)]
                  RenderText {#text} at (17,17) size 149x66
                    text run at (17,17) width 149: "This is a right-floating"
                    text run at (17,39) width 145: "paragraph (second in"
                    text run at (17,61) width 53: "source)."
                RenderText {#text} at (253,49) size 275x44
                  text run at (253,49) width 275: "This means that the top side of each float"
                  text run at (393,71) width 56: "can be,*"
                RenderBlock (floating) {P} at (199,71) size 194x100 [bgcolor=#C0C0C0] [border: (1px solid #00FF00)]
                  RenderText {#text} at (17,17) size 137x66
                    text run at (17,17) width 137: "This is a left-floating"
                    text run at (17,39) width 133: "paragraph (third in"
                    text run at (17,61) width 53: "source)."
                RenderText {#text} at (449,71) size 492x132
                  text run at (449,71) width 75: " at most, as"
                  text run at (393,93) width 134: "high as the top edge"
                  text run at (393,115) width 135: "of the inline element"
                  text run at (393,137) width 150: "containing the content"
                  text run at (393,159) width 298: "just before the floating elements occur in the"
                  text run at (199,181) width 52: "source. "
                  text run at (251,181) width 8: "*"
                RenderBlock (floating) {P} at (5,181) size 194x100 [bgcolor=#C0C0C0] [border: (1px solid #00FF00)]
                  RenderText {#text} at (17,17) size 142x66
                    text run at (17,17) width 137: "This is a left-floating"
                    text run at (17,39) width 142: "paragraph (fourth in"
                    text run at (17,61) width 53: "source)."
                RenderText {#text} at (259,181) size 523x110
                  text run at (259,181) width 453: " In order to mark these points clearly, an asterisk has been inserted"
                  text run at (199,203) width 221: "just before each floated element. "
                  text run at (420,203) width 298: "If a line has room for a floated element, then"
                  text run at (199,225) width 523: "the element should float so that its top is aligned with the top of the line-box in"
                  text run at (199,247) width 188: "which the asterisk appears. "
                  text run at (387,247) width 331: "Otherwise, its top should align with the top of the"
                  text run at (199,269) width 91: "next line-box."
              RenderBlock {HR} at (357,2712) size 39x2 [border: (1px inset #000000)]
              RenderBlock {DIV} at (6,2722) size 742x164 [border: (5px solid #800080)]
                RenderText {#text} at (20,5) size 195x22
                  text run at (20,5) width 187: "This is text within the DIV. "
                  text run at (207,5) width 8: "*"
                RenderImage {IMG} at (5,5) size 15x36 [border: (3px solid #000000)]
                RenderText {#text} at (215,5) size 705x44
                  text run at (215,5) width 510: " The floating images within this DIV should not go any higher than the line-"
                  text run at (20,27) width 374: "box containing the inline content which precedes them. "
                  text run at (394,27) width 12: "* "
                RenderImage {IMG} at (722,27) size 15x36 [border: (3px solid #000000)]
                RenderText {#text} at (406,27) size 689x44
                  text run at (406,27) width 303: "This means that the top side of each float can"
                  text run at (20,49) width 24: "be, "
                  text run at (44,49) width 8: "*"
                RenderImage {IMG} at (5,49) size 15x36 [border: (3px solid #000000)]
                RenderText {#text} at (52,49) size 679x44
                  text run at (52,49) width 662: " at most, as high as the top edge of the inline element containing the content just before the floating"
                  text run at (35,71) width 186: "images occur in the source. "
                  text run at (221,71) width 8: "*"
                RenderImage {IMG} at (20,71) size 15x36 [border: (3px solid #000000)]
                RenderText {#text} at (229,71) size 721x88
                  text run at (229,71) width 482: " In order to mark these points clearly, an asterisk has been inserted just"
                  text run at (35,93) width 180: "before each floated image. "
                  text run at (215,93) width 506: "If a line has room for a floated image, then the image should float so that its"
                  text run at (5,115) width 483: "top is aligned with the top of the line-box in which the asterisk appears. "
                  text run at (488,115) width 238: "Otherwise, its top should align with"
                  text run at (5,137) width 184: "the top of the next line-box."
              RenderBlock {HR} at (28,2910) size 561x2 [border: (1px inset #000000)]
              RenderBlock {DIV} at (6,2936) size 490x384 [border: (5px solid #800080)]
                RenderText {#text} at (199,5) size 56x22
                  text run at (199,5) width 56: "This is *"
                RenderBlock (floating) {P} at (5,5) size 194x100 [bgcolor=#C0C0C0] [border: (1px solid #00FF00)]
                  RenderText {#text} at (17,17) size 137x66
                    text run at (17,17) width 137: "This is a left-floating"
                    text run at (17,39) width 126: "paragraph (first in"
                    text run at (17,61) width 53: "source)."
                RenderText {#text} at (255,5) size 12x22
                  text run at (255,5) width 12: " *"
                RenderBlock (floating) {P} at (291,5) size 194x100 [bgcolor=#C0C0C0] [border: (1px solid #00FF00)]
                  RenderText {#text} at (17,17) size 149x66
                    text run at (17,17) width 149: "This is a right-floating"
                    text run at (17,39) width 145: "paragraph (second in"
                    text run at (17,61) width 53: "source)."
                RenderText {#text} at (199,27) size 480x352
                  text run at (199,27) width 72: "text within"
                  text run at (199,49) width 59: "the DIV."
                  text run at (199,71) width 90: "Under CSS1,"
                  text run at (199,93) width 46: "the left"
                  text run at (5,115) width 465: "floating element should be placed in the upper left corner of the DIV,"
                  text run at (5,137) width 471: "and the purple border of the DIV should abut the green border of the"
                  text run at (5,159) width 115: "floating element. "
                  text run at (120,159) width 355: "Similarly, the right floating element should be placed"
                  text run at (5,181) width 480: "in the upper right corner of the DIV, and the purple border of the DIV"
                  text run at (5,203) width 457: "should abut the green border of the floating element. The text of the"
                  text run at (5,225) width 478: "DIV element should flow between and under the two floating elements."
                  text run at (5,247) width 458: "The two asterisk characters mark the insertion points of the floating"
                  text run at (5,269) width 443: "elements. It is expected that, under future specifications, it may be"
                  text run at (5,291) width 456: "acceptable for the top of floated elements to align with the top of the"
                  text run at (5,313) width 453: "line-box following the insertion point of the floated element to avoid"
                  text run at (5,335) width 473: "floating elements appearing before text which precedes it in the source"
                  text run at (5,357) width 71: "document."
              RenderBlock {HR} at (357,3328) size 39x2 [border: (1px inset #000000)]
              RenderBlock {DIV} at (6,3338) size 490x274 [border: (5px solid #800080)]
                RenderText {#text} at (20,5) size 56x22
                  text run at (20,5) width 56: "This is *"
                RenderImage {IMG} at (5,5) size 15x36 [border: (3px solid #000000)]
                RenderText {#text} at (76,5) size 12x22
                  text run at (76,5) width 12: " *"
                RenderImage {IMG} at (470,5) size 15x36 [border: (3px solid #000000)]
                RenderText {#text} at (88,5) size 478x264
                  text run at (88,5) width 143: " text within the DIV. "
                  text run at (231,5) width 239: "Under CSS1, the left floating image"
                  text run at (20,27) width 409: "should be placed in the upper left corner of the DIV, and the"
                  text run at (5,49) width 471: "purple border of the DIV should abut the green border of the floating"
                  text run at (5,71) width 48: "image. "
                  text run at (53,71) width 430: "Similarly, the right floating image should be placed in the upper"
                  text run at (5,93) width 477: "right corner of the DIV, and the purple border of the DIV should abut"
                  text run at (5,115) width 451: "the green border of the floating image. The text of the DIV element"
                  text run at (5,137) width 430: "should flow between and under the two floating image. The two"
                  text run at (5,159) width 450: "asterisk characters mark the insertion points of the floating image. "
                  text run at (455,159) width 25: "It is"
                  text run at (5,181) width 472: "expected that, under future specifications, it may be acceptable for the"
                  text run at (5,203) width 456: "top of floated elements to align with the top of the line-box following"
                  text run at (5,225) width 446: "the insertion point of the floated element to avoid floating elements"
                  text run at (5,247) width 431: "appearing before text which precedes it in the source document."
              RenderBlock {HR} at (28,3636) size 561x2 [border: (1px inset #000000)]
