layer at (0,0) size 800x600
  RenderView at (0,0) size 800x600
layer at (0,0) size 800x600
  RenderBlock {HTML} at (0,0) size 800x600
    RenderBody {BODY} at (8,8) size 784x584
      RenderBlock {P} at (0,0) size 784x20
        RenderText {#text} at (0,0) size 406x19
          text run at (0,0) width 406: "Test appearances of input-speech-button in <input type='number'>."
      RenderBlock {DIV} at (0,36) size 784x0
      RenderBlock {DIV} at (0,36) size 784x314
        RenderTable {TABLE} at (0,0) size 651x314
          RenderTableSection {TBODY} at (0,0) size 651x314
            RenderTableRow {TR} at (0,2) size 651x310
              RenderTableCell {TD} at (2,2) size 164x310 [r=0 c=0 rs=1 cs=1]
                RenderBlock {DIV} at (1,1) size 162x308
                  RenderTextControl {INPUT} at (0,0) size 104x16 [bgcolor=#FFFFFF] [border: (2px inset #000000)]
                    RenderDeprecatedFlexibleBox {DIV} at (2,3) size 100x10
                      RenderBlock {DIV} at (0,0) size 85x10
                  RenderBR {BR} at (104,11) size 0x0
                  RenderTextControl {INPUT} at (0,16) size 104x16 [bgcolor=#FFFFFF] [border: (2px inset #000000)]
                    RenderDeprecatedFlexibleBox {DIV} at (2,3) size 100x10
                      RenderBlock {DIV} at (0,0) size 75x10
                      RenderBlock {DIV} at (75,0) size 10x10
                  RenderBR {BR} at (104,27) size 0x0
                  RenderTextControl {INPUT} at (0,32) size 106x18 [bgcolor=#FFFFFF] [border: (2px inset #000000)]
                    RenderDeprecatedFlexibleBox {DIV} at (2,3) size 102x12
                      RenderBlock {DIV} at (0,0) size 87x12
                  RenderBR {BR} at (106,44) size 0x0
                  RenderTextControl {INPUT} at (0,50) size 106x18 [bgcolor=#FFFFFF] [border: (2px inset #000000)]
                    RenderDeprecatedFlexibleBox {DIV} at (2,3) size 102x12
                      RenderBlock {DIV} at (0,0) size 76x12
                      RenderBlock {DIV} at (76,0) size 11x11
                  RenderBR {BR} at (106,62) size 0x0
                  RenderTextControl {INPUT} at (0,68) size 109x19 [bgcolor=#FFFFFF] [border: (2px inset #000000)]
                    RenderDeprecatedFlexibleBox {DIV} at (2,3) size 105x13
                      RenderBlock {DIV} at (0,0) size 90x13
                  RenderBR {BR} at (109,81) size 0x0
                  RenderTextControl {INPUT} at (0,87) size 109x19 [bgcolor=#FFFFFF] [border: (2px inset #000000)]
                    RenderDeprecatedFlexibleBox {DIV} at (2,3) size 105x13
                      RenderBlock {DIV} at (0,0) size 78x13
                      RenderBlock {DIV} at (78,0) size 12x12
                  RenderBR {BR} at (109,100) size 0x0
                  RenderTextControl {INPUT} at (2,108) size 131x20 [bgcolor=#FFFFFF] [border: (2px inset #000000)]
                    RenderDeprecatedFlexibleBox {DIV} at (2,3) size 127x14
                      RenderBlock {DIV} at (0,0) size 112x14
                  RenderBR {BR} at (135,122) size 0x0
                  RenderTextControl {INPUT} at (2,132) size 131x20 [bgcolor=#FFFFFF] [border: (2px inset #000000)]
                    RenderDeprecatedFlexibleBox {DIV} at (2,3) size 127x14
                      RenderBlock {DIV} at (0,0) size 98x14
                      RenderBlock {DIV} at (98,0) size 14x14
                  RenderBR {BR} at (135,146) size 0x0
                  RenderTextControl {INPUT} at (2,156) size 133x21 [bgcolor=#FFFFFF] [border: (2px inset #000000)]
                    RenderDeprecatedFlexibleBox {DIV} at (2,3) size 129x15
                      RenderBlock {DIV} at (0,0) size 114x15
                  RenderBR {BR} at (137,171) size 0x0
                  RenderTextControl {INPUT} at (2,181) size 133x21 [bgcolor=#FFFFFF] [border: (2px inset #000000)]
                    RenderDeprecatedFlexibleBox {DIV} at (2,3) size 129x15
                      RenderBlock {DIV} at (0,0) size 99x15
                      RenderBlock {DIV} at (99,0) size 15x15
                  RenderBR {BR} at (137,196) size 0x0
                  RenderTextControl {INPUT} at (2,206) size 155x22 [bgcolor=#FFFFFF] [border: (2px inset #000000)]
                    RenderDeprecatedFlexibleBox {DIV} at (2,3) size 151x16
                      RenderBlock {DIV} at (0,0) size 136x16
                  RenderBR {BR} at (159,222) size 0x0
                  RenderTextControl {INPUT} at (2,232) size 155x22 [bgcolor=#FFFFFF] [border: (2px inset #000000)]
                    RenderDeprecatedFlexibleBox {DIV} at (2,3) size 151x16
                      RenderBlock {DIV} at (0,0) size 120x16
                      RenderBlock {DIV} at (120,0) size 16x16
                  RenderBR {BR} at (159,248) size 0x0
                  RenderTextControl {INPUT} at (2,258) size 158x22 [bgcolor=#FFFFFF] [border: (2px inset #000000)]
                    RenderDeprecatedFlexibleBox {DIV} at (2,3) size 154x16
                      RenderBlock {DIV} at (0,0) size 139x16
                  RenderBR {BR} at (162,274) size 0x0
                  RenderTextControl {INPUT} at (2,284) size 158x22 [bgcolor=#FFFFFF] [border: (2px inset #000000)]
                    RenderDeprecatedFlexibleBox {DIV} at (2,3) size 154x16
                      RenderBlock {DIV} at (0,0) size 122x16
                      RenderBlock {DIV} at (122,0) size 17x17
                  RenderBR {BR} at (162,300) size 0x0
              RenderTableCell {TD} at (168,5) size 215x304 [r=0 c=1 rs=1 cs=1]
                RenderBlock {DIV} at (1,1) size 213x302
                  RenderTextControl {INPUT} at (2,2) size 179x23 [bgcolor=#FFFFFF] [border: (2px inset #000000)]
                    RenderDeprecatedFlexibleBox {DIV} at (2,3) size 175x17
                      RenderBlock {DIV} at (0,0) size 160x17
                  RenderBR {BR} at (183,19) size 0x0
                  RenderTextControl {INPUT} at (2,29) size 179x23 [bgcolor=#FFFFFF] [border: (2px inset #000000)]
                    RenderDeprecatedFlexibleBox {DIV} at (2,3) size 175x17
                      RenderBlock {DIV} at (0,0) size 142x17
                      RenderBlock {DIV} at (142,0) size 18x18
                  RenderBR {BR} at (183,46) size 0x0
                  RenderTextControl {INPUT} at (2,56) size 182x25 [bgcolor=#FFFFFF] [border: (2px inset #000000)]
                    RenderDeprecatedFlexibleBox {DIV} at (2,3) size 178x19
                      RenderBlock {DIV} at (0,0) size 163x19
                  RenderBR {BR} at (186,74) size 0x0
                  RenderTextControl {INPUT} at (2,85) size 182x25 [bgcolor=#FFFFFF] [border: (2px inset #000000)]
                    RenderDeprecatedFlexibleBox {DIV} at (2,3) size 178x19
                      RenderBlock {DIV} at (0,0) size 143x19
                      RenderBlock {DIV} at (143,0) size 20x20
                  RenderBR {BR} at (186,103) size 0x0
                  RenderTextControl {INPUT} at (2,114) size 204x26 [bgcolor=#FFFFFF] [border: (2px inset #000000)]
                    RenderDeprecatedFlexibleBox {DIV} at (2,3) size 200x20
                      RenderBlock {DIV} at (0,0) size 185x20
                  RenderBR {BR} at (208,132) size 0x0
                  RenderTextControl {INPUT} at (2,144) size 204x26 [bgcolor=#FFFFFF] [border: (2px inset #000000)]
                    RenderDeprecatedFlexibleBox {DIV} at (2,3) size 200x20
                      RenderBlock {DIV} at (0,0) size 164x20
                      RenderBlock {DIV} at (164,0) size 21x21
                  RenderBR {BR} at (208,162) size 0x0
                  RenderTextControl {INPUT} at (2,174) size 206x28 [bgcolor=#FFFFFF] [border: (2px inset #000000)]
                    RenderDeprecatedFlexibleBox {DIV} at (2,3) size 202x22
                      RenderBlock {DIV} at (0,0) size 187x22
                  RenderBR {BR} at (210,194) size 0x0
                  RenderTextControl {INPUT} at (2,206) size 206x28 [bgcolor=#FFFFFF] [border: (2px inset #000000)]
                    RenderDeprecatedFlexibleBox {DIV} at (2,3) size 202x22
                      RenderBlock {DIV} at (0,0) size 165x22
                      RenderBlock {DIV} at (165,0) size 22x22
                  RenderBR {BR} at (210,226) size 0x0
                  RenderTextControl {INPUT} at (2,238) size 209x29 [bgcolor=#FFFFFF] [border: (2px inset #000000)]
                    RenderDeprecatedFlexibleBox {DIV} at (2,3) size 205x23
                      RenderBlock {DIV} at (0,0) size 190x23
                  RenderBR {BR} at (213,259) size 0x0
                  RenderTextControl {INPUT} at (2,271) size 209x29 [bgcolor=#FFFFFF] [border: (2px inset #000000)]
                    RenderDeprecatedFlexibleBox {DIV} at (2,3) size 205x23
                      RenderBlock {DIV} at (0,0) size 167x23
                      RenderBlock {DIV} at (167,0) size 23x23
                  RenderBR {BR} at (213,292) size 0x0
              RenderTableCell {TD} at (385,14) size 264x286 [r=0 c=2 rs=1 cs=1]
                RenderBlock {DIV} at (1,1) size 262x284
                  RenderTextControl {INPUT} at (2,2) size 231x30 [bgcolor=#FFFFFF] [border: (2px inset #000000)]
                    RenderDeprecatedFlexibleBox {DIV} at (2,3) size 227x24
                      RenderBlock {DIV} at (0,0) size 212x24
                  RenderBR {BR} at (235,24) size 0x0
                  RenderTextControl {INPUT} at (2,36) size 231x30 [bgcolor=#FFFFFF] [border: (2px inset #000000)]
                    RenderDeprecatedFlexibleBox {DIV} at (2,3) size 227x24
                      RenderBlock {DIV} at (0,0) size 187x24
                      RenderBlock {DIV} at (187,0) size 25x25
                  RenderBR {BR} at (235,58) size 0x0
                  RenderTextControl {INPUT} at (2,70) size 234x31 [bgcolor=#FFFFFF] [border: (2px inset #000000)]
                    RenderDeprecatedFlexibleBox {DIV} at (2,3) size 230x25
                      RenderBlock {DIV} at (0,0) size 215x25
                  RenderBR {BR} at (238,92) size 0x0
                  RenderTextControl {INPUT} at (2,105) size 234x31 [bgcolor=#FFFFFF] [border: (2px inset #000000)]
                    RenderDeprecatedFlexibleBox {DIV} at (2,3) size 230x25
                      RenderBlock {DIV} at (0,0) size 189x25
                      RenderBlock {DIV} at (189,0) size 26x26
                  RenderBR {BR} at (238,127) size 0x0
                  RenderTextControl {INPUT} at (2,140) size 255x32 [bgcolor=#FFFFFF] [border: (2px inset #000000)]
                    RenderDeprecatedFlexibleBox {DIV} at (2,3) size 251x26
                      RenderBlock {DIV} at (0,0) size 236x26
                  RenderBR {BR} at (259,163) size 0x0
                  RenderTextControl {INPUT} at (2,176) size 255x32 [bgcolor=#FFFFFF] [border: (2px inset #000000)]
                    RenderDeprecatedFlexibleBox {DIV} at (2,3) size 251x26
                      RenderBlock {DIV} at (0,0) size 209x26
                      RenderBlock {DIV} at (209,0) size 27x27
                  RenderBR {BR} at (259,199) size 0x0
                  RenderTextControl {INPUT} at (2,212) size 258x33 [bgcolor=#FFFFFF] [border: (2px inset #000000)]
                    RenderDeprecatedFlexibleBox {DIV} at (2,3) size 254x27
                      RenderBlock {DIV} at (0,0) size 239x27
                  RenderBR {BR} at (262,236) size 0x0
                  RenderTextControl {INPUT} at (2,249) size 258x33 [bgcolor=#FFFFFF] [border: (2px inset #000000)]
                    RenderDeprecatedFlexibleBox {DIV} at (2,3) size 254x27
                      RenderBlock {DIV} at (0,0) size 211x27
                      RenderBlock {DIV} at (211,0) size 28x28
                  RenderBR {BR} at (262,273) size 0x0
layer at (13,50) size 85x10 scrollWidth 118
  RenderBlock {DIV} at (0,0) size 85x10
    RenderText {#text} at (1,0) size 116x10
      text run at (1,0) width 116: "12345678901234600000000000000"
layer at (13,66) size 75x10 scrollWidth 118
  RenderBlock {DIV} at (0,0) size 75x10
    RenderText {#text} at (1,0) size 116x10
      text run at (1,0) width 116: "12345678901234600000000000000"
layer at (13,82) size 87x12 scrollWidth 147
  RenderBlock {DIV} at (0,0) size 87x12
    RenderText {#text} at (1,0) size 145x12
      text run at (1,0) width 145: "12345678901234600000000000000"
layer at (13,100) size 76x12 scrollWidth 147
  RenderBlock {DIV} at (0,0) size 76x12
    RenderText {#text} at (1,0) size 145x12
      text run at (1,0) width 145: "12345678901234600000000000000"
layer at (13,118) size 90x13 scrollWidth 176
  RenderBlock {DIV} at (0,0) size 90x13
    RenderText {#text} at (1,0) size 174x13
      text run at (1,0) width 174: "12345678901234600000000000000"
layer at (13,137) size 78x13 scrollWidth 176
  RenderBlock {DIV} at (0,0) size 78x13
    RenderText {#text} at (1,0) size 174x13
      text run at (1,0) width 174: "12345678901234600000000000000"
layer at (15,158) size 112x14 scrollWidth 176
  RenderBlock {DIV} at (0,0) size 112x14
    RenderText {#text} at (1,0) size 174x14
      text run at (1,0) width 174: "12345678901234600000000000000"
layer at (15,182) size 98x14 scrollWidth 176
  RenderBlock {DIV} at (0,0) size 98x14
    RenderText {#text} at (1,0) size 174x14
      text run at (1,0) width 174: "12345678901234600000000000000"
layer at (15,206) size 114x15 scrollWidth 205
  RenderBlock {DIV} at (0,0) size 114x15
    RenderText {#text} at (1,0) size 203x15
      text run at (1,0) width 203: "12345678901234600000000000000"
layer at (15,231) size 99x15 scrollWidth 205
  RenderBlock {DIV} at (0,0) size 99x15
    RenderText {#text} at (1,0) size 203x15
      text run at (1,0) width 203: "12345678901234600000000000000"
layer at (15,256) size 136x16 scrollWidth 205
  RenderBlock {DIV} at (0,0) size 136x16
    RenderText {#text} at (1,0) size 203x16
      text run at (1,0) width 203: "12345678901234600000000000000"
layer at (15,282) size 120x16 scrollWidth 205
  RenderBlock {DIV} at (0,0) size 120x16
    RenderText {#text} at (1,0) size 203x16
      text run at (1,0) width 203: "12345678901234600000000000000"
layer at (15,308) size 139x16 scrollWidth 234
  RenderBlock {DIV} at (0,0) size 139x16
    RenderText {#text} at (1,0) size 232x16
      text run at (1,0) width 232: "12345678901234600000000000000"
layer at (15,334) size 122x16 scrollWidth 234
  RenderBlock {DIV} at (0,0) size 122x16
    RenderText {#text} at (1,0) size 232x16
      text run at (1,0) width 232: "12345678901234600000000000000"
layer at (181,55) size 160x17 scrollWidth 234
  RenderBlock {DIV} at (0,0) size 160x17
    RenderText {#text} at (1,0) size 232x17
      text run at (1,0) width 232: "12345678901234600000000000000"
layer at (181,82) size 142x17 scrollWidth 234
  RenderBlock {DIV} at (0,0) size 142x17
    RenderText {#text} at (1,0) size 232x17
      text run at (1,0) width 232: "12345678901234600000000000000"
layer at (181,109) size 163x19 scrollWidth 263
  RenderBlock {DIV} at (0,0) size 163x19
    RenderText {#text} at (1,0) size 261x18
      text run at (1,0) width 261: "12345678901234600000000000000"
layer at (181,138) size 143x19 scrollWidth 263
  RenderBlock {DIV} at (0,0) size 143x19
    RenderText {#text} at (1,0) size 261x18
      text run at (1,0) width 261: "12345678901234600000000000000"
layer at (181,167) size 185x20 scrollWidth 263
  RenderBlock {DIV} at (0,0) size 185x20
    RenderText {#text} at (1,0) size 261x19
      text run at (1,0) width 261: "12345678901234600000000000000"
layer at (181,197) size 164x20 scrollWidth 263
  RenderBlock {DIV} at (0,0) size 164x20
    RenderText {#text} at (1,0) size 261x19
      text run at (1,0) width 261: "12345678901234600000000000000"
layer at (181,227) size 187x22 scrollWidth 292
  RenderBlock {DIV} at (0,0) size 187x22
    RenderText {#text} at (1,0) size 290x21
      text run at (1,0) width 290: "12345678901234600000000000000"
layer at (181,259) size 165x22 scrollWidth 292
  RenderBlock {DIV} at (0,0) size 165x22
    RenderText {#text} at (1,0) size 290x21
      text run at (1,0) width 290: "12345678901234600000000000000"
layer at (181,291) size 190x23 scrollWidth 321
  RenderBlock {DIV} at (0,0) size 190x23
    RenderText {#text} at (1,0) size 319x22
      text run at (1,0) width 319: "12345678901234600000000000000"
layer at (181,324) size 167x23 scrollWidth 321
  RenderBlock {DIV} at (0,0) size 167x23
    RenderText {#text} at (1,0) size 319x22
      text run at (1,0) width 319: "12345678901234600000000000000"
layer at (398,64) size 212x24 scrollWidth 321
  RenderBlock {DIV} at (0,0) size 212x24
    RenderText {#text} at (1,0) size 319x23
      text run at (1,0) width 319: "12345678901234600000000000000"
layer at (398,98) size 187x24 scrollWidth 321
  RenderBlock {DIV} at (0,0) size 187x24
    RenderText {#text} at (1,0) size 319x23
      text run at (1,0) width 319: "12345678901234600000000000000"
layer at (398,132) size 215x25 scrollWidth 350
  RenderBlock {DIV} at (0,0) size 215x25
    RenderText {#text} at (1,0) size 348x24
      text run at (1,0) width 348: "12345678901234600000000000000"
layer at (398,167) size 189x25 scrollWidth 350
  RenderBlock {DIV} at (0,0) size 189x25
    RenderText {#text} at (1,0) size 348x24
      text run at (1,0) width 348: "12345678901234600000000000000"
layer at (398,202) size 236x26 scrollWidth 350
  RenderBlock {DIV} at (0,0) size 236x26
    RenderText {#text} at (1,0) size 348x25
      text run at (1,0) width 348: "12345678901234600000000000000"
layer at (398,238) size 209x26 scrollWidth 350
  RenderBlock {DIV} at (0,0) size 209x26
    RenderText {#text} at (1,0) size 348x25
      text run at (1,0) width 348: "12345678901234600000000000000"
layer at (398,274) size 239x27 scrollWidth 379
  RenderBlock {DIV} at (0,0) size 239x27
    RenderText {#text} at (1,0) size 377x26
      text run at (1,0) width 377: "12345678901234600000000000000"
layer at (398,311) size 211x27 scrollWidth 379
  RenderBlock {DIV} at (0,0) size 211x27
    RenderText {#text} at (1,0) size 377x26
      text run at (1,0) width 377: "12345678901234600000000000000"
layer at (98,49) size 15x12
  RenderBlock (relative positioned) {DIV} at (85,-1) size 15x12
layer at (98,65) size 15x12
  RenderBlock (relative positioned) {DIV} at (85,-1) size 15x12
layer at (100,81) size 15x14
  RenderBlock (relative positioned) {DIV} at (87,-1) size 15x14
layer at (100,99) size 15x14
  RenderBlock (relative positioned) {DIV} at (87,-1) size 15x14
layer at (103,117) size 15x15
  RenderBlock (relative positioned) {DIV} at (90,-1) size 15x15
layer at (103,136) size 15x15
  RenderBlock (relative positioned) {DIV} at (90,-1) size 15x15
layer at (127,157) size 15x16
  RenderBlock (relative positioned) {DIV} at (112,-1) size 15x16
layer at (127,181) size 15x16
  RenderBlock (relative positioned) {DIV} at (112,-1) size 15x16
layer at (129,205) size 15x17
  RenderBlock (relative positioned) {DIV} at (114,-1) size 15x17
layer at (129,230) size 15x17
  RenderBlock (relative positioned) {DIV} at (114,-1) size 15x17
layer at (151,255) size 15x18
  RenderBlock (relative positioned) {DIV} at (136,-1) size 15x18
layer at (151,281) size 15x18
  RenderBlock (relative positioned) {DIV} at (136,-1) size 15x18
layer at (154,307) size 15x18
  RenderBlock (relative positioned) {DIV} at (139,-1) size 15x18
layer at (154,333) size 15x18
  RenderBlock (relative positioned) {DIV} at (139,-1) size 15x18
layer at (341,54) size 15x19
  RenderBlock (relative positioned) {DIV} at (160,-1) size 15x19
layer at (341,81) size 15x19
  RenderBlock (relative positioned) {DIV} at (160,-1) size 15x19
layer at (344,108) size 15x21
  RenderBlock (relative positioned) {DIV} at (163,-1) size 15x21
layer at (344,137) size 15x21
  RenderBlock (relative positioned) {DIV} at (163,-1) size 15x21
layer at (366,166) size 15x22
  RenderBlock (relative positioned) {DIV} at (185,-1) size 15x22
layer at (366,196) size 15x22
  RenderBlock (relative positioned) {DIV} at (185,-1) size 15x22
layer at (368,226) size 15x24
  RenderBlock (relative positioned) {DIV} at (187,-1) size 15x24
layer at (368,258) size 15x24
  RenderBlock (relative positioned) {DIV} at (187,-1) size 15x24
layer at (371,290) size 15x25
  RenderBlock (relative positioned) {DIV} at (190,-1) size 15x25
layer at (371,323) size 15x25
  RenderBlock (relative positioned) {DIV} at (190,-1) size 15x25
layer at (610,63) size 15x26
  RenderBlock (relative positioned) {DIV} at (212,-1) size 15x26
layer at (610,97) size 15x26
  RenderBlock (relative positioned) {DIV} at (212,-1) size 15x26
layer at (613,131) size 15x27
  RenderBlock (relative positioned) {DIV} at (215,-1) size 15x27
layer at (613,166) size 15x27
  RenderBlock (relative positioned) {DIV} at (215,-1) size 15x27
layer at (634,201) size 15x28
  RenderBlock (relative positioned) {DIV} at (236,-1) size 15x28
layer at (634,237) size 15x28
  RenderBlock (relative positioned) {DIV} at (236,-1) size 15x28
layer at (637,273) size 15x29
  RenderBlock (relative positioned) {DIV} at (239,-1) size 15x29
layer at (637,310) size 15x29
  RenderBlock (relative positioned) {DIV} at (239,-1) size 15x29
