layer at (0,0) size 785x983
  RenderView at (0,0) size 785x600
layer at (0,0) size 785x983
  RenderBlock {HTML} at (0,0) size 785x983
    RenderBody {BODY} at (8,8) size 769x967
      RenderBlock (anonymous) at (0,0) size 769x19
        RenderText {#text} at (0,0) size 107x19
          text run at (0,0) width 107: "auto table cols=2"
      RenderTable {TABLE} at (0,19) size 507x29 [border: (1px outset #808080)]
        RenderTableSection {TBODY} at (1,1) size 505x27
          RenderTableRow {TR} at (0,2) size 505x23
            RenderTableCell {TD} at (2,2) size 248x23 [border: (1px inset #808080)] [r=0 c=0 rs=1 cs=1]
              RenderText {#text} at (2,2) size 244x19
                text run at (2,2) width 244: "auto auto auto auto auto auto auto auto"
            RenderTableCell {TD} at (252,2) size 156x23 [border: (1px inset #808080)] [r=0 c=1 rs=1 cs=1]
              RenderText {#text} at (2,2) size 152x19
                text run at (2,2) width 152: "auto-auto auto auto auto"
            RenderTableCell {TD} at (410,2) size 93x23 [border: (1px inset #808080)] [r=0 c=2 rs=1 cs=1]
              RenderText {#text} at (2,2) size 89x19
                text run at (2,2) width 89: "auto auto auto"
      RenderBlock (anonymous) at (0,48) size 769x38
        RenderBR {BR} at (0,0) size 0x19
        RenderText {#text} at (0,19) size 107x19
          text run at (0,19) width 107: "auto table cols=2"
      RenderTable {TABLE} at (0,86) size 197x29 [border: (1px outset #808080)]
        RenderTableSection {TBODY} at (1,1) size 195x27
          RenderTableRow {TR} at (0,2) size 195x23
            RenderTableCell {TD} at (2,2) size 31x23 [border: (1px inset #808080)] [r=0 c=0 rs=1 cs=1]
              RenderText {#text} at (2,2) size 27x19
                text run at (2,2) width 27: "auto"
            RenderTableCell {TD} at (35,2) size 63x23 [border: (1px inset #808080)] [r=0 c=1 rs=1 cs=1]
              RenderText {#text} at (2,2) size 59x19
                text run at (2,2) width 59: "auto-auto"
            RenderTableCell {TD} at (100,2) size 93x23 [border: (1px inset #808080)] [r=0 c=2 rs=1 cs=1]
              RenderText {#text} at (2,2) size 89x19
                text run at (2,2) width 89: "auto auto auto"
      RenderBlock (anonymous) at (0,115) size 769x38
        RenderBR {BR} at (0,0) size 0x19
        RenderText {#text} at (0,19) size 174x19
          text run at (0,19) width 174: "auto table 2 cols with 1*,1*"
      RenderTable {TABLE} at (0,153) size 197x29 [border: (1px outset #808080)]
        RenderTableCol {COLGROUP} at (0,0) size 0x0
          RenderTableCol {COL} at (0,0) size 0x0
          RenderTableCol {COL} at (0,0) size 0x0
        RenderTableSection {TBODY} at (1,1) size 195x27
          RenderTableRow {TR} at (0,2) size 195x23
            RenderTableCell {TD} at (2,2) size 31x23 [border: (1px inset #808080)] [r=0 c=0 rs=1 cs=1]
              RenderText {#text} at (2,2) size 27x19
                text run at (2,2) width 27: "auto"
            RenderTableCell {TD} at (35,2) size 63x23 [border: (1px inset #808080)] [r=0 c=1 rs=1 cs=1]
              RenderText {#text} at (2,2) size 59x19
                text run at (2,2) width 59: "auto-auto"
            RenderTableCell {TD} at (100,2) size 93x23 [border: (1px inset #808080)] [r=0 c=2 rs=1 cs=1]
              RenderText {#text} at (2,2) size 89x19
                text run at (2,2) width 89: "auto auto auto"
      RenderBlock (anonymous) at (0,182) size 769x38
        RenderBR {BR} at (0,0) size 0x19
        RenderText {#text} at (0,19) size 174x19
          text run at (0,19) width 174: "auto table 2 cols with 2*,1*"
      RenderTable {TABLE} at (0,220) size 197x29 [border: (1px outset #808080)]
        RenderTableCol {COLGROUP} at (0,0) size 0x0
          RenderTableCol {COL} at (0,0) size 0x0
          RenderTableCol {COL} at (0,0) size 0x0
        RenderTableSection {TBODY} at (1,1) size 195x27
          RenderTableRow {TR} at (0,2) size 195x23
            RenderTableCell {TD} at (2,2) size 31x23 [border: (1px inset #808080)] [r=0 c=0 rs=1 cs=1]
              RenderText {#text} at (2,2) size 27x19
                text run at (2,2) width 27: "auto"
            RenderTableCell {TD} at (35,2) size 63x23 [border: (1px inset #808080)] [r=0 c=1 rs=1 cs=1]
              RenderText {#text} at (2,2) size 59x19
                text run at (2,2) width 59: "auto-auto"
            RenderTableCell {TD} at (100,2) size 93x23 [border: (1px inset #808080)] [r=0 c=2 rs=1 cs=1]
              RenderText {#text} at (2,2) size 89x19
                text run at (2,2) width 89: "auto auto auto"
      RenderBlock (anonymous) at (0,249) size 769x38
        RenderBR {BR} at (0,0) size 0x19
        RenderText {#text} at (0,19) size 112x19
          text run at (0,19) width 112: "fixed table cols=2"
      RenderTable {TABLE} at (0,287) size 400x29 [border: (1px outset #808080)]
        RenderTableSection {TBODY} at (1,1) size 398x27
          RenderTableRow {TR} at (0,2) size 398x23
            RenderTableCell {TD} at (2,2) size 64x23 [border: (1px inset #808080)] [r=0 c=0 rs=1 cs=1]
              RenderText {#text} at (2,2) size 27x19
                text run at (2,2) width 27: "auto"
            RenderTableCell {TD} at (68,2) size 131x23 [border: (1px inset #808080)] [r=0 c=1 rs=1 cs=1]
              RenderText {#text} at (2,2) size 59x19
                text run at (2,2) width 59: "auto-auto"
            RenderTableCell {TD} at (201,2) size 195x23 [border: (1px inset #808080)] [r=0 c=2 rs=1 cs=1]
              RenderText {#text} at (2,2) size 89x19
                text run at (2,2) width 89: "auto auto auto"
      RenderBlock (anonymous) at (0,316) size 769x38
        RenderBR {BR} at (0,0) size 0x19
        RenderText {#text} at (0,19) size 107x19
          text run at (0,19) width 107: "auto table cols=3"
      RenderTable {TABLE} at (0,354) size 197x29 [border: (1px outset #808080)]
        RenderTableSection {TBODY} at (1,1) size 195x27
          RenderTableRow {TR} at (0,2) size 195x23
            RenderTableCell {TD} at (2,2) size 31x23 [border: (1px inset #808080)] [r=0 c=0 rs=1 cs=1]
              RenderText {#text} at (2,2) size 27x19
                text run at (2,2) width 27: "auto"
            RenderTableCell {TD} at (35,2) size 63x23 [border: (1px inset #808080)] [r=0 c=1 rs=1 cs=1]
              RenderText {#text} at (2,2) size 59x19
                text run at (2,2) width 59: "auto-auto"
            RenderTableCell {TD} at (100,2) size 93x23 [border: (1px inset #808080)] [r=0 c=2 rs=1 cs=1]
              RenderText {#text} at (2,2) size 89x19
                text run at (2,2) width 89: "auto auto auto"
      RenderBlock (anonymous) at (0,383) size 769x38
        RenderBR {BR} at (0,0) size 0x19
        RenderText {#text} at (0,19) size 112x19
          text run at (0,19) width 112: "fixed table cols=3"
      RenderTable {TABLE} at (0,421) size 400x29 [border: (1px outset #808080)]
        RenderTableSection {TBODY} at (1,1) size 398x27
          RenderTableRow {TR} at (0,2) size 398x23
            RenderTableCell {TD} at (2,2) size 64x23 [border: (1px inset #808080)] [r=0 c=0 rs=1 cs=1]
              RenderText {#text} at (2,2) size 27x19
                text run at (2,2) width 27: "auto"
            RenderTableCell {TD} at (68,2) size 131x23 [border: (1px inset #808080)] [r=0 c=1 rs=1 cs=1]
              RenderText {#text} at (2,2) size 59x19
                text run at (2,2) width 59: "auto-auto"
            RenderTableCell {TD} at (201,2) size 195x23 [border: (1px inset #808080)] [r=0 c=2 rs=1 cs=1]
              RenderText {#text} at (2,2) size 89x19
                text run at (2,2) width 89: "auto auto auto"
      RenderBlock (anonymous) at (0,450) size 769x38
        RenderBR {BR} at (0,0) size 0x19
        RenderText {#text} at (0,19) size 107x19
          text run at (0,19) width 107: "auto table cols=3"
      RenderTable {TABLE} at (0,488) size 370x29 [border: (1px outset #808080)]
        RenderTableSection {TBODY} at (1,1) size 368x27
          RenderTableRow {TR} at (0,2) size 368x23
            RenderTableCell {TD} at (2,2) size 204x23 [border: (1px inset #808080)] [r=0 c=0 rs=1 cs=1]
              RenderText {#text} at (2,2) size 24x19
                text run at (2,2) width 24: "200"
            RenderTableCell {TD} at (208,2) size 63x23 [border: (1px inset #808080)] [r=0 c=1 rs=1 cs=1]
              RenderText {#text} at (2,2) size 59x19
                text run at (2,2) width 59: "auto-auto"
            RenderTableCell {TD} at (273,2) size 93x23 [border: (1px inset #808080)] [r=0 c=2 rs=1 cs=1]
              RenderText {#text} at (2,2) size 89x19
                text run at (2,2) width 89: "auto auto auto"
      RenderBlock (anonymous) at (0,517) size 769x38
        RenderBR {BR} at (0,0) size 0x19
        RenderText {#text} at (0,19) size 112x19
          text run at (0,19) width 112: "fixed table cols=3"
      RenderTable {TABLE} at (0,555) size 400x29 [border: (1px outset #808080)]
        RenderTableSection {TBODY} at (1,1) size 398x27
          RenderTableRow {TR} at (0,2) size 398x23
            RenderTableCell {TD} at (2,2) size 204x23 [border: (1px inset #808080)] [r=0 c=0 rs=1 cs=1]
              RenderText {#text} at (2,2) size 24x19
                text run at (2,2) width 24: "200"
            RenderTableCell {TD} at (208,2) size 75x23 [border: (1px inset #808080)] [r=0 c=1 rs=1 cs=1]
              RenderText {#text} at (2,2) size 59x19
                text run at (2,2) width 59: "auto-auto"
            RenderTableCell {TD} at (285,2) size 111x23 [border: (1px inset #808080)] [r=0 c=2 rs=1 cs=1]
              RenderText {#text} at (2,2) size 89x19
                text run at (2,2) width 89: "auto auto auto"
      RenderBlock (anonymous) at (0,584) size 769x38
        RenderBR {BR} at (0,0) size 0x19
        RenderText {#text} at (0,19) size 107x19
          text run at (0,19) width 107: "auto table cols=2"
      RenderTable {TABLE} at (0,622) size 308x29 [border: (1px outset #808080)]
        RenderTableSection {TBODY} at (1,1) size 306x27
          RenderTableRow {TR} at (0,2) size 306x23
            RenderTableCell {TD} at (2,2) size 31x23 [border: (1px inset #808080)] [r=0 c=0 rs=1 cs=1]
              RenderText {#text} at (2,2) size 27x19
                text run at (2,2) width 27: "auto"
            RenderTableCell {TD} at (35,2) size 63x23 [border: (1px inset #808080)] [r=0 c=1 rs=1 cs=1]
              RenderText {#text} at (2,2) size 59x19
                text run at (2,2) width 59: "auto-auto"
            RenderTableCell {TD} at (100,2) size 204x23 [border: (1px inset #808080)] [r=0 c=2 rs=1 cs=1]
              RenderText {#text} at (2,2) size 24x19
                text run at (2,2) width 24: "200"
      RenderBlock (anonymous) at (0,651) size 769x38
        RenderBR {BR} at (0,0) size 0x19
        RenderText {#text} at (0,19) size 112x19
          text run at (0,19) width 112: "fixed table cols=2"
      RenderTable {TABLE} at (0,689) size 400x29 [border: (1px outset #808080)]
        RenderTableSection {TBODY} at (1,1) size 398x27
          RenderTableRow {TR} at (0,2) size 398x23
            RenderTableCell {TD} at (2,2) size 61x23 [border: (1px inset #808080)] [r=0 c=0 rs=1 cs=1]
              RenderText {#text} at (2,2) size 27x19
                text run at (2,2) width 27: "auto"
            RenderTableCell {TD} at (65,2) size 125x23 [border: (1px inset #808080)] [r=0 c=1 rs=1 cs=1]
              RenderText {#text} at (2,2) size 59x19
                text run at (2,2) width 59: "auto-auto"
            RenderTableCell {TD} at (192,2) size 204x23 [border: (1px inset #808080)] [r=0 c=2 rs=1 cs=1]
              RenderText {#text} at (2,2) size 24x19
                text run at (2,2) width 24: "200"
      RenderBlock (anonymous) at (0,718) size 769x19
        RenderText {#text} at (0,0) size 61x19
          text run at (0,0) width 61: "auto table"
      RenderTable {TABLE} at (0,737) size 87x29 [border: (1px outset #808080)]
        RenderTableSection {TBODY} at (1,1) size 85x27
          RenderTableRow {TR} at (0,2) size 85x23
            RenderTableCell {TD} at (2,2) size 48x23 [border: (1px inset #808080)] [r=0 c=0 rs=1 cs=1]
              RenderText {#text} at (2,2) size 44x19
                text run at (2,2) width 44: "0 0 0 0"
            RenderTableCell {TD} at (52,2) size 31x23 [border: (1px inset #808080)] [r=0 c=1 rs=1 cs=1]
              RenderText {#text} at (2,2) size 27x19
                text run at (2,2) width 27: "auto"
      RenderBlock (anonymous) at (0,766) size 769x38
        RenderBR {BR} at (0,0) size 0x19
        RenderText {#text} at (0,19) size 61x19
          text run at (0,19) width 61: "auto table"
      RenderTable {TABLE} at (0,804) size 139x29 [border: (1px outset #808080)]
        RenderTableSection {TBODY} at (1,1) size 137x27
          RenderTableRow {TR} at (0,2) size 137x23
            RenderTableCell {TD} at (2,2) size 100x23 [border: (1px inset #808080)] [r=0 c=0 rs=1 cs=1]
              RenderText {#text} at (2,2) size 96x19
                text run at (2,2) width 96: "0% 0% 0% 0%"
            RenderTableCell {TD} at (104,2) size 31x23 [border: (1px inset #808080)] [r=0 c=1 rs=1 cs=1]
              RenderText {#text} at (2,2) size 27x19
                text run at (2,2) width 27: "auto"
      RenderBlock (anonymous) at (0,833) size 769x38
        RenderBR {BR} at (0,0) size 0x19
        RenderText {#text} at (0,19) size 61x19
          text run at (0,19) width 61: "auto table"
      RenderTable {TABLE} at (0,871) size 82x29 [border: (1px outset #808080)]
        RenderTableCol {COLGROUP} at (0,0) size 0x0
          RenderTableCol {COL} at (0,0) size 0x0
        RenderTableSection {TBODY} at (1,1) size 80x27
          RenderTableRow {TR} at (0,2) size 80x23
            RenderTableCell {TD} at (2,2) size 43x23 [border: (1px inset #808080)] [r=0 c=0 rs=1 cs=1]
              RenderText {#text} at (2,2) size 39x19
                text run at (2,2) width 39: "0* col"
            RenderTableCell {TD} at (47,2) size 31x23 [border: (1px inset #808080)] [r=0 c=1 rs=1 cs=1]
              RenderText {#text} at (2,2) size 27x19
                text run at (2,2) width 27: "auto"
      RenderBlock (anonymous) at (0,900) size 769x38
        RenderBR {BR} at (0,0) size 0x19
        RenderText {#text} at (0,19) size 66x19
          text run at (0,19) width 66: "fixed table"
      RenderTable {TABLE} at (0,938) size 200x29 [border: (1px outset #808080)]
        RenderTableCol {COLGROUP} at (0,0) size 0x0
          RenderTableCol {COL} at (0,0) size 0x0
        RenderTableSection {TBODY} at (1,1) size 198x27
          RenderTableRow {TR} at (0,2) size 198x23
            RenderTableCell {TD} at (2,2) size 111x23 [border: (1px inset #808080)] [r=0 c=0 rs=1 cs=1]
              RenderText {#text} at (2,2) size 39x19
                text run at (2,2) width 39: "0* col"
            RenderTableCell {TD} at (115,2) size 81x23 [border: (1px inset #808080)] [r=0 c=1 rs=1 cs=1]
              RenderText {#text} at (2,2) size 27x19
                text run at (2,2) width 27: "auto"
