layer at (0,0) size 800x600
  RenderView at (0,0) size 800x600
layer at (0,0) size 800x178
  RenderBlock {HTML} at (0,0) size 800x178
    RenderBody {BODY} at (8,16) size 784x154
      RenderBlock {P} at (0,0) size 784x18
        RenderText {#text} at (0,0) size 303x18
          text run at (0,0) width 303: "Test passes if there is no red visible on the page."
layer at (8,50) size 220x120
  RenderBlock (relative positioned) {DIV} at (0,34) size 220x120 [color=#008000] [bgcolor=#008000]
    RenderText {#text} at (0,0) size 100x200
      text run at (0,0) width 100: "XXXXX"
      text run at (0,20) width 100: "XXXXX"
      text run at (0,40) width 100: "XXXXX"
      text run at (0,60) width 100: "XXXXX"
      text run at (0,80) width 100: "XXXXX"
      text run at (0,100) width 100: "XXXXX"
      text run at (0,120) width 100: "XXXXX"
      text run at (0,140) width 100: "XXXXX"
      text run at (0,160) width 100: "XXXXX"
      text run at (0,180) width 40: "XX"
    RenderInline {SPAN} at (0,0) size 40x20 [color=#FF0000]
      RenderText {#text} at (40,180) size 40x20
        text run at (40,180) width 40: "XX"
    RenderText {#text} at (80,180) size 100x40
      text run at (80,180) width 20: "X"
      text run at (0,200) width 40: "XX"
    RenderInline {SPAN} at (0,0) size 40x20 [color=#FF0000]
      RenderText {#text} at (40,200) size 40x20
        text run at (40,200) width 40: "XX"
    RenderText {#text} at (80,200) size 100x40
      text run at (80,200) width 20: "X"
      text run at (0,220) width 100: "XXXXX"
layer at (168,230) size 40x40
  RenderBlock (positioned) {SPAN} at (160,180) size 40x40
    RenderText {#text} at (0,0) size 40x40
      text run at (0,0) width 40: "XX"
      text run at (0,20) width 40: "XX"
