layer at (0,0) size 800x600
  RenderView at (0,0) size 800x600
layer at (0,0) size 800x178
  RenderBlock {HTML} at (0,0) size 800x178
    RenderBody {BODY} at (8,16) size 784x154
      RenderBlock {P} at (0,0) size 784x18
        RenderText {#text} at (0,0) size 303x18
          text run at (0,0) width 303: "Test passes if there is no red visible on the page."
layer at (8,50) size 784x120
  RenderBlock (relative positioned) {DIV} at (0,34) size 784x120
layer at (8,50) size 220x120
  RenderBlock {SPAN} at (0,0) size 220x120 [color=#FF0000]
    RenderText {#text} at (0,-1) size 108x284
      text run at (0,-1) width 108: "AAAAAAAAA"
      text run at (0,19) width 108: "BBBBBBBBB"
      text run at (0,39) width 108: "CCCCCCCCC"
      text run at (0,59) width 108: "DDDDDDDDD"
      text run at (0,79) width 108: "EEEEEEEEE"
      text run at (0,120) width 108: "FFFFFFFFF"
      text run at (0,140) width 108: "GGGGGGGGG"
      text run at (0,160) width 108: "HHHHHHHHH"
      text run at (0,180) width 108: "IIIIIIIII"
      text run at (0,200) width 108: "JJJJJJJJJ"
      text run at (0,240) width 108: "KKKKKKKKK"
      text run at (0,260) width 108: "LLLLLLLLL"
layer at (8,50) size 220x120
  RenderBlock (positioned) {DIV} at (0,0) size 220x120 [color=#008000]
layer at (8,50) size 100x120
  RenderBlock (positioned) {DIV} at (0,0) size 100x120
    RenderText {#text} at (0,-1) size 108x123
      text run at (0,-1) width 108: "AAAAAAAAA"
      text run at (0,19) width 108: "BBBBBBBBB"
      text run at (0,39) width 108: "CCCCCCCCC"
      text run at (0,59) width 108: "DDDDDDDDD"
      text run at (0,79) width 108: "EEEEEEEEE"
      text run at (0,99) width 108: "FFFFFFFFF"
layer at (128,50) size 100x120
  RenderBlock (positioned) {DIV} at (120,0) size 100x120
    RenderText {#text} at (0,-1) size 108x123
      text run at (0,-1) width 108: "GGGGGGGGG"
      text run at (0,19) width 108: "HHHHHHHHH"
      text run at (0,39) width 108: "IIIIIIIII"
      text run at (0,59) width 108: "JJJJJJJJJ"
      text run at (0,79) width 108: "KKKKKKKKK"
      text run at (0,99) width 108: "LLLLLLLLL"
