layer at (0,0) size 800x600
  RenderView at (0,0) size 800x600
layer at (0,0) size 800x258 layerType: background only
layer at (8,50) size 280x200
  RenderBlock (positioned) zI: -1 {DIV} at (0,0) size 280x200 [color=#008000]
    RenderInline {SPAN} at (0,0) size 40x20 [color=#FF0000]
      RenderText {#text} at (0,0) size 40x20
        text run at (0,0) width 40: "XX"
    RenderText zI: -1 {#text} at (40,0) size 240x20
      text run at (40,0) width 240: "XXXXXXXXXXXX"
    RenderInline {SPAN} at (0,0) size 40x20 [color=#FF0000]
      RenderText {#text} at (0,20) size 40x20
        text run at (0,20) width 40: "XX"
    RenderText zI: -1 {#text} at (40,20) size 240x20
      text run at (40,20) width 240: "XXXXXXXXXXXX"
    RenderInline {SPAN} at (0,0) size 260x20 [color=#FF0000]
      RenderText {#text} at (0,40) size 260x20
        text run at (0,40) width 260: "XXXXXXXXXXXXX"
    RenderText zI: -1 {#text} at (260,40) size 20x20
      text run at (260,40) width 20: "X"
    RenderInline {SPAN} at (0,0) size 260x20 [color=#FF0000]
      RenderText {#text} at (0,60) size 120x20
        text run at (0,60) width 120: "XXXXXX"
      RenderInline {SPAN} at (0,0) size 20x20 [color=#008000]
        RenderText {#text} at (120,60) size 20x20
          text run at (120,60) width 20: "X"
      RenderText {#text} at (140,60) size 120x20
        text run at (140,60) width 120: "XXXXXX"
    RenderText zI: -1 {#text} at (260,60) size 20x20
      text run at (260,60) width 20: "X"
    RenderInline {SPAN} at (0,0) size 260x20 [color=#FF0000]
      RenderText {#text} at (0,80) size 120x20
        text run at (0,80) width 120: "XXXXXX"
      RenderInline {SPAN} at (0,0) size 20x20 [color=#008000]
        RenderText {#text} at (120,80) size 20x20
          text run at (120,80) width 20: "X"
      RenderText {#text} at (140,80) size 120x20
        text run at (140,80) width 120: "XXXXXX"
    RenderText zI: -1 {#text} at (260,80) size 20x20
      text run at (260,80) width 20: "X"
    RenderInline {SPAN} at (0,0) size 260x20 [color=#FF0000]
      RenderText {#text} at (0,100) size 120x20
        text run at (0,100) width 120: "XXXXXX"
      RenderInline {SPAN} at (0,0) size 20x20 [color=#008000]
        RenderText {#text} at (120,100) size 20x20
          text run at (120,100) width 20: "X"
      RenderText {#text} at (140,100) size 120x20
        text run at (140,100) width 120: "XXXXXX"
    RenderText zI: -1 {#text} at (260,100) size 20x20
      text run at (260,100) width 20: "X"
    RenderInline {SPAN} at (0,0) size 260x20 [color=#FF0000]
      RenderText {#text} at (0,120) size 120x20
        text run at (0,120) width 120: "XXXXXX"
      RenderInline {SPAN} at (0,0) size 20x20 [color=#008000]
        RenderText {#text} at (120,120) size 20x20
          text run at (120,120) width 20: "X"
      RenderText {#text} at (140,120) size 120x20
        text run at (140,120) width 120: "XXXXXX"
    RenderText zI: -1 {#text} at (260,120) size 20x20
      text run at (260,120) width 20: "X"
    RenderInline {SPAN} at (0,0) size 260x20 [color=#FF0000]
      RenderText {#text} at (0,140) size 120x20
        text run at (0,140) width 120: "XXXXXX"
      RenderInline {SPAN} at (0,0) size 20x20 [color=#008000]
        RenderText {#text} at (120,140) size 20x20
          text run at (120,140) width 20: "X"
      RenderText {#text} at (140,140) size 120x20
        text run at (140,140) width 120: "XXXXXX"
    RenderText zI: -1 {#text} at (260,140) size 20x20
      text run at (260,140) width 20: "X"
    RenderInline {SPAN} at (0,0) size 260x20 [color=#FF0000]
      RenderText {#text} at (0,160) size 120x20
        text run at (0,160) width 120: "XXXXXX"
      RenderInline {SPAN} at (0,0) size 20x20 [color=#008000]
        RenderText {#text} at (120,160) size 20x20
          text run at (120,160) width 20: "X"
      RenderText {#text} at (140,160) size 120x20
        text run at (140,160) width 120: "XXXXXX"
    RenderText zI: -1 {#text} at (260,160) size 20x20
      text run at (260,160) width 20: "X"
    RenderInline {SPAN} at (0,0) size 260x20 [color=#FF0000]
      RenderText {#text} at (0,180) size 260x20
        text run at (0,180) width 260: "XXXXXXXXXXXXX"
    RenderText zI: -1 {#text} at (260,180) size 20x20
      text run at (260,180) width 20: "X"
layer at (0,0) size 800x258 layerType: foreground only
  RenderBlock {HTML} at (0,0) size 800x258
    RenderBody {BODY} at (8,16) size 784x234
      RenderBlock {P} at (0,0) size 784x18
        RenderText {#text} at (0,0) size 303x18
          text run at (0,0) width 303: "Test passes if there is no red visible on the page."
layer at (8,50) size 280x200
  RenderBlock (relative positioned) {DIV} at (0,34) size 280x200
    RenderBlock (floating) {DIV} at (0,0) size 40x40 [bgcolor=#008000]
layer at (8,90) size 260x160
  RenderBlock {DIV} at (0,40) size 260x160 [color=#008000] [border: (20px solid #008000)]
    RenderText {#text} at (20,20) size 100x240
      text run at (20,20) width 100: "XXXXX"
      text run at (20,40) width 100: "XXXXX"
      text run at (20,60) width 100: "XXXXX"
      text run at (20,80) width 100: "XXXXX"
      text run at (20,100) width 100: "XXXXX"
      text run at (20,120) width 100: "XXXXX"
      text run at (20,140) width 100: "XXXXX"
      text run at (20,160) width 100: "XXXXX"
      text run at (20,180) width 100: "XXXXX"
      text run at (20,200) width 100: "XXXXX"
      text run at (20,220) width 100: "XXXXX"
      text run at (20,240) width 100: "XXXXX"
