layer at (0,0) size 800x600
  RenderView at (0,0) size 800x600
layer at (0,0) size 800x178 layerType: background only
layer at (8,50) size 220x120
  RenderBlock (positioned) zI: -1 {DIV} at (0,0) size 220x120 [bgcolor=#008000]
layer at (0,0) size 800x178 layerType: foreground only
  RenderBlock {HTML} at (0,0) size 800x178
    RenderBody {BODY} at (8,16) size 784x154
      RenderBlock {P} at (0,0) size 784x18
        RenderText {#text} at (0,0) size 303x18
          text run at (0,0) width 303: "Test passes if there is no red visible on the page."
layer at (8,50) size 220x120
  RenderBlock (relative positioned) {DIV} at (0,34) size 220x120
