layer at (0,0) size 800x600
  RenderView at (0,0) size 800x600
layer at (0,0) size 800x178 layerType: background only
layer at (8,50) size 220x120
  RenderBlock (positioned) zI: -1 {DIV} at (0,0) size 220x120 [color=#FF0000] [bgcolor=#FF0000]
    RenderText zI: -1 {#text} at (0,0) size 100x20
      text run at (0,0) width 100: "XXXXX"
    RenderInline {SPAN} at (0,0) size 20x20 [color=#008000]
      RenderText {#text} at (100,0) size 20x20
        text run at (100,0) width 20: "X"
    RenderText zI: -1 {#text} at (120,0) size 220x40
      text run at (120,0) width 100: "XXXXX"
      text run at (0,20) width 100: "XXXXX"
    RenderInline {SPAN} at (0,0) size 20x20 [color=#008000]
      RenderText {#text} at (100,20) size 20x20
        text run at (100,20) width 20: "X"
    RenderText zI: -1 {#text} at (120,20) size 220x40
      text run at (120,20) width 100: "XXXXX"
      text run at (0,40) width 100: "XXXXX"
    RenderInline {SPAN} at (0,0) size 20x20 [color=#008000]
      RenderText {#text} at (100,40) size 20x20
        text run at (100,40) width 20: "X"
    RenderText zI: -1 {#text} at (120,40) size 220x40
      text run at (120,40) width 100: "XXXXX"
      text run at (0,60) width 80: "XXXX"
    RenderInline {SPAN} at (0,0) size 40x20 [color=#008000]
      RenderText {#text} at (80,60) size 40x20
        text run at (80,60) width 40: "XX"
    RenderText zI: -1 {#text} at (120,60) size 20x20
      text run at (120,60) width 20: "X"
    RenderInline {SPAN} at (0,0) size 20x20 [color=#008000]
      RenderText {#text} at (140,60) size 20x20
        text run at (140,60) width 20: "X"
    RenderText zI: -1 {#text} at (160,60) size 220x40
      text run at (160,60) width 60: "XXX"
      text run at (0,80) width 100: "XXXXX"
    RenderInline {SPAN} at (0,0) size 20x20 [color=#008000]
      RenderText {#text} at (100,80) size 20x20
        text run at (100,80) width 20: "X"
    RenderText zI: -1 {#text} at (120,80) size 220x40
      text run at (120,80) width 100: "XXXXX"
      text run at (0,100) width 100: "XXXXX"
    RenderInline {SPAN} at (0,0) size 20x20 [color=#008000]
      RenderText {#text} at (100,100) size 20x20
        text run at (100,100) width 20: "X"
    RenderText zI: -1 {#text} at (120,100) size 100x20
      text run at (120,100) width 100: "XXXXX"
layer at (0,0) size 800x178 layerType: foreground only
  RenderBlock {HTML} at (0,0) size 800x178
    RenderBody {BODY} at (8,16) size 784x154
      RenderBlock {P} at (0,0) size 784x18
        RenderText {#text} at (0,0) size 303x18
          text run at (0,0) width 303: "Test passes if there is no red visible on the page."
layer at (8,50) size 220x120
  RenderBlock (relative positioned) {DIV} at (0,34) size 220x120 [color=#008000]
layer at (8,50) size 220x120
  RenderBlock {DIV} at (0,0) size 220x120
    RenderText {#text} at (0,0) size 100x80
      text run at (0,0) width 100: "XXXXX"
      text run at (0,20) width 100: "XXXXX"
      text run at (0,40) width 100: "XXXXX"
      text run at (0,60) width 60: "XXX"
    RenderBlock (floating) {SPAN} at (60,60) size 40x40
      RenderText {#text} at (0,0) size 40x40
        text run at (0,0) width 20: "X"
        text run at (0,20) width 40: "XX"
    RenderText {#text} at (0,80) size 100x120
      text run at (0,80) width 60: "XXX"
      text run at (0,100) width 100: "XXXXX"
      text run at (0,120) width 100: "XXXXX"
      text run at (0,140) width 100: "XXXXX"
      text run at (0,160) width 100: "XXXXX"
      text run at (40,180) width 60: "XXX"
    RenderBlock (floating) {SPAN} at (0,180) size 40x40
      RenderText {#text} at (0,0) size 40x40
        text run at (0,0) width 20: "X"
        text run at (0,20) width 40: "XX"
    RenderText {#text} at (40,200) size 100x40
      text run at (40,200) width 60: "XXX"
      text run at (0,220) width 100: "XXXXX"
