layer at (0,0) size 784x6375
  RenderView at (0,0) size 784x600
layer at (0,0) size 784x6375
  RenderBlock {HTML} at (0,0) size 784x6375
    RenderBody {BODY} at (8,8) size 768x6359 [bgcolor=#CCCCCC]
      RenderBlock {P} at (0,0) size 768x18
        RenderText {#text} at (0,0) size 363x17
          text run at (0,0) width 363: "The style declarations which apply to the text below are:"
      RenderBlock {PRE} at (0,34) size 768x135
        RenderText {#text} at (0,0) size 469x135
          text run at (0,0) width 266: "HR.minor {clear: both; width: 5%;}"
          text run at (265,0) width 1: " "
          text run at (0,15) width 391: "HR.major {clear: both; width: 75%; margin: 1.5em;}"
          text run at (390,15) width 1: " "
          text run at (0,30) width 469: "DIV {border: 5px solid purple; padding: 0; margin: 0.125em;}"
          text run at (468,30) width 1: " "
          text run at (0,45) width 422: "P.left, P.right {width: 10em; padding: 1em; margin: 0;"
          text run at (421,45) width 1: " "
          text run at (0,60) width 414: "   border: 1px solid lime; background-color: silver;}"
          text run at (413,60) width 1: " "
          text run at (0,75) width 445: "IMG.left, IMG.right {margin: 0; border: 3px solid black;}"
          text run at (444,75) width 1: " "
          text run at (0,90) width 157: ".left {float: left;}"
          text run at (156,90) width 1: " "
          text run at (0,105) width 172: ".right {float: right;}"
          text run at (171,105) width 1: " "
          text run at (0,120) width 0: " "
      RenderBlock {HR} at (0,182) size 768x2 [border: (1px inset #000000)]
      RenderBlock {P} at (0,200) size 768x54
        RenderText {#text} at (0,0) size 764x53
          text run at (0,0) width 696: "On this test page, each test is performed once with floating paragraphs, and then again with floating images. "
          text run at (695,0) width 69: "Other than"
          text run at (0,18) width 729: "the substitution of images for pargraphs, the structure of the test is exactly the same, including the direction of the"
          text run at (0,36) width 40: "floats."
      RenderBlock {HR} at (24,278) size 578x2 [border: (1px inset #000000)]
      RenderBlock {DIV} at (2,304) size 764x100 [border: (5px solid #800080)]
        RenderBlock (floating) {P} at (5,5) size 194x88 [bgcolor=#C0C0C0] [border: (1px solid #00FF00)]
          RenderText {#text} at (17,17) size 135x53
            text run at (17,17) width 135: "This is a left-floating"
            text run at (17,35) width 116: "paragraph (first in"
            text run at (17,53) width 52: "source)."
        RenderBlock (floating) {P} at (565,5) size 194x88 [bgcolor=#C0C0C0] [border: (1px solid #00FF00)]
          RenderText {#text} at (17,17) size 144x53
            text run at (17,17) width 144: "This is a right-floating"
            text run at (17,35) width 135: "paragraph (second in"
            text run at (17,53) width 52: "source)."
        RenderText {#text} at (199,5) size 365x89
          text run at (199,5) width 180: "This is text within the DIV. "
          text run at (378,5) width 186: "The floating elements within"
          text run at (199,23) width 336: "this DIV should not go beyond the left or right inner"
          text run at (199,41) width 344: "edge of this DIV, which means that the borders of the"
          text run at (199,59) width 329: "floating elements should not overlap the top or side"
          text run at (199,77) width 126: "borders of the DIV."
      RenderBlock {HR} at (364,412) size 40x2 [border: (1px inset #000000)]
      RenderBlock {DIV} at (2,422) size 764x64 [border: (5px solid #800080)]
        RenderImage {IMG} at (5,5) size 15x36 [border: (3px solid #000000)]
        RenderImage {IMG} at (744,5) size 15x36 [border: (3px solid #000000)]
        RenderText {#text} at (20,5) size 732x53
          text run at (20,5) width 180: "This is text within the DIV. "
          text run at (199,5) width 513: "The floating images within this DIV should not go beyond the left or right inner"
          text run at (20,23) width 717: "edge of this DIV, which means that the borders of the floating images should not overlap the top or side borders"
          text run at (5,41) width 74: "of the DIV."
      RenderBlock {HR} at (24,510) size 578x2 [border: (1px inset #000000)]
      RenderBlock {DIV} at (2,536) size 442x226 [border: (5px solid #800080)]
        RenderBlock (floating) {P} at (5,5) size 194x70 [bgcolor=#C0C0C0] [border: (1px solid #00FF00)]
          RenderText {#text} at (17,17) size 128x35
            text run at (17,17) width 128: "This is the first left-"
            text run at (17,35) width 122: "floating paragraph."
        RenderBlock (floating) {P} at (199,5) size 194x70 [bgcolor=#C0C0C0] [border: (1px solid #00FF00)]
          RenderText {#text} at (17,17) size 146x35
            text run at (17,17) width 146: "This is the second left-"
            text run at (17,35) width 122: "floating paragraph."
        RenderBlock (floating) {P} at (5,75) size 194x70 [bgcolor=#C0C0C0] [border: (1px solid #00FF00)]
          RenderText {#text} at (17,17) size 132x35
            text run at (17,17) width 132: "This is the third left-"
            text run at (17,35) width 122: "floating paragraph."
        RenderText {#text} at (393,5) size 432x215
          text run at (393,5) width 44: "This is"
          text run at (393,23) width 24: "text"
          text run at (393,41) width 41: "within"
          text run at (393,59) width 20: "the"
          text run at (199,77) width 37: "DIV. "
          text run at (235,77) width 185: "The floating elements within"
          text run at (199,95) width 222: "this DIV should not go beyond the"
          text run at (199,113) width 225: "left or right inner edge of this DIV,"
          text run at (199,131) width 229: "which means that the borders of the"
          text run at (5,149) width 422: "floating elements should not overlap the top or side borders of the"
          text run at (5,167) width 111: "DIV in any way. "
          text run at (115,167) width 304: "In addition, they should not overlap each other."
          text run at (5,185) width 432: "The first two should be side by side, whereas the third should be on"
          text run at (5,203) width 97: "the next \"line.\""
      RenderBlock {HR} at (364,770) size 40x2 [border: (1px inset #000000)]
      RenderBlock {DIV} at (2,780) size 360x208 [border: (5px solid #800080)]
        RenderImage {IMG} at (5,5) size 156x36 [border: (3px solid #000000)]
        RenderImage {IMG} at (161,5) size 156x36 [border: (3px solid #000000)]
        RenderImage {IMG} at (5,41) size 156x36 [border: (3px solid #000000)]
        RenderText {#text} at (317,5) size 346x197
          text run at (317,5) width 29: "This"
          text run at (317,23) width 11: "is"
          text run at (161,41) width 133: "text within the DIV. "
          text run at (293,41) width 26: "The"
          text run at (161,59) width 172: "floating images within this"
          text run at (5,77) width 343: "DIV should not go beyond the left or right inner edge"
          text run at (5,95) width 310: "of this DIV, which means that the borders of the"
          text run at (5,113) width 318: "floating images should not overlap the top or side"
          text run at (5,131) width 204: "borders of the DIV in any way. "
          text run at (208,131) width 106: "In addition, they"
          text run at (5,149) width 198: "should not overlap each other. "
          text run at (202,149) width 149: "The first two should be"
          text run at (5,167) width 335: "side by side, whereas the third should be on the next"
          text run at (5,185) width 42: "\"line.\""
      RenderBlock {HR} at (24,1012) size 578x2 [border: (1px inset #000000)]
      RenderBlock {DIV} at (2,1038) size 314x352 [border: (5px solid #800080)]
        RenderBlock (floating) {P} at (5,5) size 194x88 [bgcolor=#C0C0C0] [border: (1px solid #00FF00)]
          RenderText {#text} at (17,17) size 135x53
            text run at (17,17) width 135: "This is a left-floating"
            text run at (17,35) width 116: "paragraph (first in"
            text run at (17,53) width 52: "source)."
        RenderBlock (floating) {P} at (115,93) size 194x88 [bgcolor=#C0C0C0] [border: (1px solid #00FF00)]
          RenderText {#text} at (17,17) size 144x53
            text run at (17,17) width 144: "This is a right-floating"
            text run at (17,35) width 135: "paragraph (second in"
            text run at (17,53) width 52: "source)."
        RenderText {#text} at (199,5) size 297x341
          text run at (199,5) width 72: "This is text"
          text run at (199,23) width 101: "within the DIV."
          text run at (199,41) width 79: "The floating"
          text run at (199,59) width 102: "elements within"
          text run at (199,77) width 103: "this DIV should"
          text run at (5,95) width 92: "not go beyond"
          text run at (5,113) width 97: "the left or right"
          text run at (5,131) width 85: "inner edge of"
          text run at (5,149) width 103: "this DIV, which"
          text run at (5,167) width 93: "means that the"
          text run at (5,185) width 275: "borders of the floating elements should not"
          text run at (5,203) width 285: "overlap the top or side borders of the DIV in"
          text run at (5,221) width 62: "any way. "
          text run at (66,221) width 230: "In addition, they should not overlap"
          text run at (5,239) width 289: "each other in any way, nor should the floated"
          text run at (5,257) width 266: "elements be overwritten by the DIV text. "
          text run at (270,257) width 15: "In"
          text run at (5,275) width 280: "addition, the floated elements should not be"
          text run at (5,293) width 276: "side-by-side, but instead the first should be"
          text run at (5,311) width 296: "floated left, and the second floated to the right"
          text run at (5,329) width 97: "below the first."
      RenderBlock {HR} at (364,1398) size 40x2 [border: (1px inset #000000)]
      RenderBlock {DIV} at (2,1408) size 410x226 [border: (5px solid #800080)]
        RenderImage {IMG} at (5,5) size 256x36 [border: (3px solid #000000)]
        RenderImage {IMG} at (149,41) size 256x36 [border: (3px solid #000000)]
        RenderText {#text} at (261,5) size 396x215
          text run at (261,5) width 140: "This is text within the"
          text run at (261,23) width 37: "DIV. "
          text run at (297,23) width 80: "The floating"
          text run at (5,41) width 118: "images within this"
          text run at (5,59) width 120: "DIV should not go"
          text run at (5,77) width 388: "beyond the left or right inner edge of this DIV, which means"
          text run at (5,95) width 391: "that the borders of the floating images should not overlap the"
          text run at (5,113) width 276: "top or side borders of the DIV in any way. "
          text run at (280,113) width 106: "In addition, they"
          text run at (5,131) width 364: "should not overlap each other in any way, nor should the"
          text run at (5,149) width 315: "floated elements be overwritten by the DIV text. "
          text run at (319,149) width 74: "In addition,"
          text run at (5,167) width 392: "the floated images should not be side-by-side, but instead the"
          text run at (5,185) width 391: "first should be floated left, and the second floated to the right"
          text run at (5,203) width 97: "below the first."
      RenderBlock {HR} at (24,1658) size 578x2 [border: (1px inset #000000)]
      RenderBlock {DIV} at (2,1684) size 764x118 [border: (5px solid #800080)]
        RenderBlock (floating) {P} at (565,5) size 194x88 [bgcolor=#C0C0C0] [border: (1px solid #00FF00)]
          RenderText {#text} at (17,17) size 144x53
            text run at (17,17) width 144: "This is a right-floating"
            text run at (17,35) width 116: "paragraph (first in"
            text run at (17,53) width 52: "source)."
        RenderBlock (floating) {P} at (5,5) size 194x88 [bgcolor=#C0C0C0] [border: (1px solid #00FF00)]
          RenderText {#text} at (17,17) size 135x53
            text run at (17,17) width 135: "This is a left-floating"
            text run at (17,35) width 135: "paragraph (second in"
            text run at (17,53) width 52: "source)."
        RenderText {#text} at (199,5) size 559x107
          text run at (199,5) width 180: "This is text within the DIV. "
          text run at (378,5) width 186: "The floating elements within"
          text run at (199,23) width 357: "this DIV should not go beyond the top side of this DIV,"
          text run at (199,41) width 344: "which means that the borders of the floating elements"
          text run at (199,59) width 356: "should not overlap the top or side borders of the DIV in"
          text run at (199,77) width 62: "any way. "
          text run at (260,77) width 272: "In addition, the top of the left-floating box"
          text run at (5,95) width 373: "should not be higher than the top of the right-floating box."
      RenderBlock {HR} at (364,1810) size 40x2 [border: (1px inset #000000)]
      RenderBlock {DIV} at (2,1820) size 764x64 [border: (5px solid #800080)]
        RenderImage {IMG} at (5,5) size 15x36 [border: (3px solid #000000)]
        RenderImage {IMG} at (744,5) size 15x36 [border: (3px solid #000000)]
        RenderText {#text} at (20,5) size 734x53
          text run at (20,5) width 180: "This is text within the DIV. "
          text run at (199,5) width 535: "The floating images within this DIV should not go beyond the top side of this DIV,"
          text run at (20,23) width 719: "which means that the borders of the floating images should not overlap the top or side borders of the DIV in any"
          text run at (5,41) width 35: "way. "
          text run at (39,41) width 679: "In addition, the top of the left-floating image should not be higher than the top of the right-floating image."
      RenderBlock {HR} at (24,1908) size 578x2 [border: (1px inset #000000)]
      RenderBlock {DIV} at (2,1934) size 764x136 [border: (5px solid #800080)]
        RenderText {#text} at (199,5) size 188x17
          text run at (199,5) width 180: "This is text within the DIV. "
          text run at (378,5) width 9: "*"
        RenderBlock (floating) {P} at (5,5) size 194x88 [bgcolor=#C0C0C0] [border: (1px solid #00FF00)]
          RenderText {#text} at (17,17) size 135x53
            text run at (17,17) width 135: "This is a left-floating"
            text run at (17,35) width 116: "paragraph (first in"
            text run at (17,53) width 52: "source)."
        RenderText {#text} at (386,5) size 555x35
          text run at (386,5) width 368: " The floating elements within this DIV should not go any"
          text run at (199,23) width 487: "higher than the line-box containing the inline content which precedes them. "
          text run at (685,23) width 13: "* "
        RenderBlock (floating) {P} at (565,41) size 194x88 [bgcolor=#C0C0C0] [border: (1px solid #00FF00)]
          RenderText {#text} at (17,17) size 144x53
            text run at (17,17) width 144: "This is a right-floating"
            text run at (17,35) width 135: "paragraph (second in"
            text run at (17,53) width 52: "source)."
        RenderText {#text} at (697,23) size 722x107
          text run at (697,23) width 30: "This"
          text run at (199,41) width 352: "means that the top side of each float can be, at most, as"
          text run at (199,59) width 360: "high as the top edge of the inline element containing the"
          text run at (199,77) width 337: "content just before the floating elements occur in the"
          text run at (5,95) width 50: "source. "
          text run at (54,95) width 495: "In order to mark these points clearly, an asterisk has been inserted just before"
          text run at (5,113) width 137: "each floated element."
      RenderBlock {HR} at (364,2078) size 40x2 [border: (1px inset #000000)]
      RenderBlock {DIV} at (2,2088) size 764x82 [border: (5px solid #800080)]
        RenderText {#text} at (20,5) size 188x17
          text run at (20,5) width 180: "This is text within the DIV. "
          text run at (199,5) width 9: "*"
        RenderImage {IMG} at (5,5) size 15x36 [border: (3px solid #000000)]
        RenderText {#text} at (207,5) size 700x35
          text run at (207,5) width 513: " The floating images within this DIV should not go any higher than the line-box"
          text run at (20,23) width 330: "containing the inline content which precedes them. "
          text run at (349,23) width 13: "* "
        RenderImage {IMG} at (744,23) size 15x36 [border: (3px solid #000000)]
        RenderText {#text} at (361,23) size 724x53
          text run at (361,23) width 368: "This means that the top side of each float can be, at most,"
          text run at (5,41) width 706: "as high as the top edge of the inline element containing the content just before the floating images occur in the"
          text run at (5,59) width 50: "source. "
          text run at (54,59) width 624: "In order to mark these points clearly, an asterisk has been inserted just before each floated image."
      RenderBlock {HR} at (24,2194) size 578x2 [border: (1px inset #000000)]
      RenderBlock {DIV} at (2,2220) size 764x262 [border: (5px solid #800080)]
        RenderText {#text} at (199,5) size 188x17
          text run at (199,5) width 180: "This is text within the DIV. "
          text run at (378,5) width 9: "*"
        RenderBlock (floating) {P} at (5,5) size 194x88 [bgcolor=#C0C0C0] [border: (1px solid #00FF00)]
          RenderText {#text} at (17,17) size 135x53
            text run at (17,17) width 135: "This is a left-floating"
            text run at (17,35) width 116: "paragraph (first in"
            text run at (17,53) width 52: "source)."
        RenderText {#text} at (386,5) size 555x35
          text run at (386,5) width 368: " The floating elements within this DIV should not go any"
          text run at (199,23) width 487: "higher than the line-box containing the inline content which precedes them. "
          text run at (685,23) width 13: "* "
        RenderBlock (floating) {P} at (565,41) size 194x88 [bgcolor=#C0C0C0] [border: (1px solid #00FF00)]
          RenderText {#text} at (17,17) size 144x53
            text run at (17,17) width 144: "This is a right-floating"
            text run at (17,35) width 135: "paragraph (second in"
            text run at (17,53) width 52: "source)."
        RenderText {#text} at (697,23) size 528x35
          text run at (697,23) width 30: "This"
          text run at (199,41) width 288: "means that the top side of each float can be,*"
        RenderBlock (floating) {P} at (199,59) size 194x88 [bgcolor=#C0C0C0] [border: (1px solid #00FF00)]
          RenderText {#text} at (17,17) size 135x53
            text run at (17,17) width 135: "This is a left-floating"
            text run at (17,35) width 120: "paragraph (third in"
            text run at (17,53) width 52: "source)."
        RenderText {#text} at (486,41) size 276x107
          text run at (486,41) width 73: " at most, as"
          text run at (393,59) width 169: "high as the top edge of the"
          text run at (393,77) width 163: "inline element containing"
          text run at (393,95) width 167: "the content just before the"
          text run at (393,113) width 167: "floating elements occur in"
          text run at (587,131) width 74: "the source. "
          text run at (660,131) width 9: "*"
        RenderBlock (floating) {P} at (393,131) size 194x88 [bgcolor=#C0C0C0] [border: (1px solid #00FF00)]
          RenderText {#text} at (17,17) size 135x53
            text run at (17,17) width 135: "This is a left-floating"
            text run at (17,35) width 129: "paragraph (fourth in"
            text run at (17,53) width 52: "source)."
        RenderText {#text} at (668,131) size 747x125
          text run at (668,131) width 72: " In order to"
          text run at (587,149) width 165: "mark these points clearly,"
          text run at (587,167) width 128: "an asterisk has been"
          text run at (587,185) width 156: "inserted just before each"
          text run at (587,203) width 108: "floated element. "
          text run at (694,203) width 50: "If a line"
          text run at (5,221) width 741: "has room for a floated element, then the element should float so that its top is aligned with the top of the line-box in"
          text run at (5,239) width 177: "which the asterisk appears. "
          text run at (181,239) width 411: "Otherwise, its top should align with the top of the next line-box."
      RenderBlock {HR} at (364,2490) size 40x2 [border: (1px inset #000000)]
      RenderBlock {DIV} at (2,2500) size 764x118 [border: (5px solid #800080)]
        RenderText {#text} at (20,5) size 188x17
          text run at (20,5) width 180: "This is text within the DIV. "
          text run at (199,5) width 9: "*"
        RenderImage {IMG} at (5,5) size 15x36 [border: (3px solid #000000)]
        RenderText {#text} at (207,5) size 685x35
          text run at (207,5) width 513: " The floating images within this DIV should not go any higher than the line-box"
          text run at (35,23) width 330: "containing the inline content which precedes them. "
          text run at (364,23) width 13: "* "
        RenderImage {IMG} at (744,23) size 15x36 [border: (3px solid #000000)]
        RenderText {#text} at (376,23) size 326x17
          text run at (376,23) width 318: "This means that the top side of each float can be, "
          text run at (693,23) width 9: "*"
        RenderImage {IMG} at (20,23) size 15x36 [border: (3px solid #000000)]
        RenderText {#text} at (701,23) size 720x53
          text run at (701,23) width 16: " at"
          text run at (35,41) width 705: "most, as high as the top edge of the inline element containing the content just before the floating images occur"
          text run at (20,59) width 90: "in the source. "
          text run at (109,59) width 9: "*"
        RenderImage {IMG} at (5,59) size 15x36 [border: (3px solid #000000)]
        RenderText {#text} at (117,59) size 746x53
          text run at (117,59) width 628: " In order to mark these points clearly, an asterisk has been inserted just before each floated image."
          text run at (20,77) width 731: "If a line has room for a floated image, then the image should float so that its top is aligned with the top of the line-"
          text run at (5,95) width 221: "box in which the asterisk appears. "
          text run at (225,95) width 411: "Otherwise, its top should align with the top of the next line-box."
      RenderBlock {HR} at (24,2642) size 578x2 [border: (1px inset #000000)]
      RenderBlock {DIV} at (2,2668) size 490x298 [border: (5px solid #800080)]
        RenderText {#text} at (199,5) size 56x17
          text run at (199,5) width 56: "This is *"
        RenderBlock (floating) {P} at (5,5) size 194x88 [bgcolor=#C0C0C0] [border: (1px solid #00FF00)]
          RenderText {#text} at (17,17) size 135x53
            text run at (17,17) width 135: "This is a left-floating"
            text run at (17,35) width 116: "paragraph (first in"
            text run at (17,53) width 52: "source)."
        RenderText {#text} at (254,5) size 13x17
          text run at (254,5) width 13: " *"
        RenderBlock (floating) {P} at (291,5) size 194x88 [bgcolor=#C0C0C0] [border: (1px solid #00FF00)]
          RenderText {#text} at (17,17) size 144x53
            text run at (17,17) width 144: "This is a right-floating"
            text run at (17,35) width 135: "paragraph (second in"
            text run at (17,53) width 52: "source)."
        RenderText {#text} at (199,23) size 475x269
          text run at (199,23) width 69: "text within"
          text run at (199,41) width 56: "the DIV."
          text run at (199,59) width 85: "Under CSS1,"
          text run at (199,77) width 45: "the left"
          text run at (5,95) width 471: "floating element should be placed in the upper left corner of the DIV, and"
          text run at (5,113) width 466: "the purple border of the DIV should abut the green border of the floating"
          text run at (5,131) width 59: "element. "
          text run at (63,131) width 382: "Similarly, the right floating element should be placed in the"
          text run at (5,149) width 455: "upper right corner of the DIV, and the purple border of the DIV should"
          text run at (5,167) width 475: "abut the green border of the floating element. The text of the DIV element"
          text run at (5,185) width 428: "should flow between and under the two floating elements. The two"
          text run at (5,203) width 470: "asterisk characters mark the insertion points of the floating elements. It is"
          text run at (5,221) width 474: "expected that, under future specifications, it may be acceptable for the top"
          text run at (5,239) width 444: "of floated elements to align with the top of the line-box following the"
          text run at (5,257) width 475: "insertion point of the floated element to avoid floating elements appearing"
          text run at (5,275) width 342: "before text which precedes it in the source document."
      RenderBlock {HR} at (364,2974) size 40x2 [border: (1px inset #000000)]
      RenderBlock {DIV} at (2,2984) size 490x226 [border: (5px solid #800080)]
        RenderText {#text} at (20,5) size 56x17
          text run at (20,5) width 56: "This is *"
        RenderImage {IMG} at (5,5) size 15x36 [border: (3px solid #000000)]
        RenderText {#text} at (75,5) size 13x17
          text run at (75,5) width 13: " *"
        RenderImage {IMG} at (470,5) size 15x36 [border: (3px solid #000000)]
        RenderText {#text} at (87,5) size 475x215
          text run at (87,5) width 137: " text within the DIV. "
          text run at (223,5) width 232: "Under CSS1, the left floating image"
          text run at (20,23) width 431: "should be placed in the upper left corner of the DIV, and the purple"
          text run at (5,41) width 444: "border of the DIV should abut the green border of the floating image."
          text run at (5,59) width 445: "Similarly, the right floating image should be placed in the upper right"
          text run at (5,77) width 475: "corner of the DIV, and the purple border of the DIV should abut the green"
          text run at (5,95) width 449: "border of the floating image. The text of the DIV element should flow"
          text run at (5,113) width 452: "between and under the two floating image. The two asterisk characters"
          text run at (5,131) width 306: "mark the insertion points of the floating image. "
          text run at (310,131) width 158: "It is expected that, under"
          text run at (5,149) width 467: "future specifications, it may be acceptable for the top of floated elements"
          text run at (5,167) width 455: "to align with the top of the line-box following the insertion point of the"
          text run at (5,185) width 453: "floated element to avoid floating elements appearing before text which"
          text run at (5,203) width 226: "precedes it in the source document."
      RenderBlock {HR} at (24,3234) size 578x2 [border: (1px inset #000000)]
      RenderTable {TABLE} at (0,3260) size 768x3099 [border: (1px outset #808080)]
        RenderTableSection {TBODY} at (1,1) size 766x3097
          RenderTableRow {TR} at (0,0) size 766x26
            RenderTableCell {TD} at (0,0) size 766x26 [bgcolor=#C0C0C0] [border: (1px inset #808080)] [r=0 c=0 rs=1 cs=2]
              RenderInline {STRONG} at (0,0) size 163x17
                RenderText {#text} at (4,4) size 163x17
                  text run at (4,4) width 163: "TABLE Testing Section"
          RenderTableRow {TR} at (0,26) size 766x3071
            RenderTableCell {TD} at (0,1548) size 12x26 [bgcolor=#C0C0C0] [border: (1px inset #808080)] [r=1 c=0 rs=1 cs=1]
              RenderText {#text} at (4,4) size 4x17
                text run at (4,4) width 4: " "
            RenderTableCell {TD} at (12,26) size 754x3071 [border: (1px inset #808080)] [r=1 c=1 rs=1 cs=1]
              RenderBlock {P} at (4,4) size 746x54
                RenderText {#text} at (0,0) size 737x53
                  text run at (0,0) width 696: "On this test page, each test is performed once with floating paragraphs, and then again with floating images. "
                  text run at (695,0) width 37: "Other"
                  text run at (0,18) width 737: "than the substitution of images for pargraphs, the structure of the test is exactly the same, including the direction of"
                  text run at (0,36) width 64: "the floats."
              RenderBlock {HR} at (28,82) size 561x2 [border: (1px inset #000000)]
              RenderBlock {DIV} at (6,108) size 742x100 [border: (5px solid #800080)]
                RenderBlock (floating) {P} at (5,5) size 194x88 [bgcolor=#C0C0C0] [border: (1px solid #00FF00)]
                  RenderText {#text} at (17,17) size 135x53
                    text run at (17,17) width 135: "This is a left-floating"
                    text run at (17,35) width 116: "paragraph (first in"
                    text run at (17,53) width 52: "source)."
                RenderBlock (floating) {P} at (543,5) size 194x88 [bgcolor=#C0C0C0] [border: (1px solid #00FF00)]
                  RenderText {#text} at (17,17) size 144x53
                    text run at (17,17) width 144: "This is a right-floating"
                    text run at (17,35) width 135: "paragraph (second in"
                    text run at (17,53) width 52: "source)."
                RenderText {#text} at (199,5) size 344x89
                  text run at (199,5) width 180: "This is text within the DIV. "
                  text run at (378,5) width 141: "The floating elements"
                  text run at (199,23) width 344: "within this DIV should not go beyond the left or right"
                  text run at (199,41) width 340: "inner edge of this DIV, which means that the borders"
                  text run at (199,59) width 340: "of the floating elements should not overlap the top or"
                  text run at (199,77) width 156: "side borders of the DIV."
              RenderBlock {HR} at (357,216) size 39x2 [border: (1px inset #000000)]
              RenderBlock {DIV} at (6,226) size 742x64 [border: (5px solid #800080)]
                RenderImage {IMG} at (5,5) size 15x36 [border: (3px solid #000000)]
                RenderImage {IMG} at (722,5) size 15x36 [border: (3px solid #000000)]
                RenderText {#text} at (20,5) size 707x53
                  text run at (20,5) width 180: "This is text within the DIV. "
                  text run at (199,5) width 513: "The floating images within this DIV should not go beyond the left or right inner"
                  text run at (20,23) width 665: "edge of this DIV, which means that the borders of the floating images should not overlap the top or side"
                  text run at (5,41) width 126: "borders of the DIV."
              RenderBlock {HR} at (28,314) size 561x2 [border: (1px inset #000000)]
              RenderBlock {DIV} at (6,340) size 442x226 [border: (5px solid #800080)]
                RenderBlock (floating) {P} at (5,5) size 194x70 [bgcolor=#C0C0C0] [border: (1px solid #00FF00)]
                  RenderText {#text} at (17,17) size 128x35
                    text run at (17,17) width 128: "This is the first left-"
                    text run at (17,35) width 122: "floating paragraph."
                RenderBlock (floating) {P} at (199,5) size 194x70 [bgcolor=#C0C0C0] [border: (1px solid #00FF00)]
                  RenderText {#text} at (17,17) size 146x35
                    text run at (17,17) width 146: "This is the second left-"
                    text run at (17,35) width 122: "floating paragraph."
                RenderBlock (floating) {P} at (5,75) size 194x70 [bgcolor=#C0C0C0] [border: (1px solid #00FF00)]
                  RenderText {#text} at (17,17) size 132x35
                    text run at (17,17) width 132: "This is the third left-"
                    text run at (17,35) width 122: "floating paragraph."
                RenderText {#text} at (393,5) size 432x215
                  text run at (393,5) width 44: "This is"
                  text run at (393,23) width 24: "text"
                  text run at (393,41) width 41: "within"
                  text run at (393,59) width 20: "the"
                  text run at (199,77) width 37: "DIV. "
                  text run at (235,77) width 185: "The floating elements within"
                  text run at (199,95) width 222: "this DIV should not go beyond the"
                  text run at (199,113) width 225: "left or right inner edge of this DIV,"
                  text run at (199,131) width 229: "which means that the borders of the"
                  text run at (5,149) width 422: "floating elements should not overlap the top or side borders of the"
                  text run at (5,167) width 111: "DIV in any way. "
                  text run at (115,167) width 304: "In addition, they should not overlap each other."
                  text run at (5,185) width 432: "The first two should be side by side, whereas the third should be on"
                  text run at (5,203) width 97: "the next \"line.\""
              RenderBlock {HR} at (357,574) size 39x2 [border: (1px inset #000000)]
              RenderBlock {DIV} at (6,584) size 360x208 [border: (5px solid #800080)]
                RenderImage {IMG} at (5,5) size 156x36 [border: (3px solid #000000)]
                RenderImage {IMG} at (161,5) size 156x36 [border: (3px solid #000000)]
                RenderImage {IMG} at (5,41) size 156x36 [border: (3px solid #000000)]
                RenderText {#text} at (317,5) size 346x197
                  text run at (317,5) width 29: "This"
                  text run at (317,23) width 11: "is"
                  text run at (161,41) width 133: "text within the DIV. "
                  text run at (293,41) width 26: "The"
                  text run at (161,59) width 172: "floating images within this"
                  text run at (5,77) width 343: "DIV should not go beyond the left or right inner edge"
                  text run at (5,95) width 310: "of this DIV, which means that the borders of the"
                  text run at (5,113) width 318: "floating images should not overlap the top or side"
                  text run at (5,131) width 204: "borders of the DIV in any way. "
                  text run at (208,131) width 106: "In addition, they"
                  text run at (5,149) width 198: "should not overlap each other. "
                  text run at (202,149) width 149: "The first two should be"
                  text run at (5,167) width 335: "side by side, whereas the third should be on the next"
                  text run at (5,185) width 42: "\"line.\""
              RenderBlock {HR} at (28,816) size 561x2 [border: (1px inset #000000)]
              RenderBlock {DIV} at (6,842) size 314x352 [border: (5px solid #800080)]
                RenderBlock (floating) {P} at (5,5) size 194x88 [bgcolor=#C0C0C0] [border: (1px solid #00FF00)]
                  RenderText {#text} at (17,17) size 135x53
                    text run at (17,17) width 135: "This is a left-floating"
                    text run at (17,35) width 116: "paragraph (first in"
                    text run at (17,53) width 52: "source)."
                RenderBlock (floating) {P} at (115,93) size 194x88 [bgcolor=#C0C0C0] [border: (1px solid #00FF00)]
                  RenderText {#text} at (17,17) size 144x53
                    text run at (17,17) width 144: "This is a right-floating"
                    text run at (17,35) width 135: "paragraph (second in"
                    text run at (17,53) width 52: "source)."
                RenderText {#text} at (199,5) size 297x341
                  text run at (199,5) width 72: "This is text"
                  text run at (199,23) width 101: "within the DIV."
                  text run at (199,41) width 79: "The floating"
                  text run at (199,59) width 102: "elements within"
                  text run at (199,77) width 103: "this DIV should"
                  text run at (5,95) width 92: "not go beyond"
                  text run at (5,113) width 97: "the left or right"
                  text run at (5,131) width 85: "inner edge of"
                  text run at (5,149) width 103: "this DIV, which"
                  text run at (5,167) width 93: "means that the"
                  text run at (5,185) width 275: "borders of the floating elements should not"
                  text run at (5,203) width 285: "overlap the top or side borders of the DIV in"
                  text run at (5,221) width 62: "any way. "
                  text run at (66,221) width 230: "In addition, they should not overlap"
                  text run at (5,239) width 289: "each other in any way, nor should the floated"
                  text run at (5,257) width 266: "elements be overwritten by the DIV text. "
                  text run at (270,257) width 15: "In"
                  text run at (5,275) width 280: "addition, the floated elements should not be"
                  text run at (5,293) width 276: "side-by-side, but instead the first should be"
                  text run at (5,311) width 296: "floated left, and the second floated to the right"
                  text run at (5,329) width 97: "below the first."
              RenderBlock {HR} at (357,1202) size 39x2 [border: (1px inset #000000)]
              RenderBlock {DIV} at (6,1212) size 410x226 [border: (5px solid #800080)]
                RenderImage {IMG} at (5,5) size 256x36 [border: (3px solid #000000)]
                RenderImage {IMG} at (149,41) size 256x36 [border: (3px solid #000000)]
                RenderText {#text} at (261,5) size 396x215
                  text run at (261,5) width 140: "This is text within the"
                  text run at (261,23) width 37: "DIV. "
                  text run at (297,23) width 80: "The floating"
                  text run at (5,41) width 118: "images within this"
                  text run at (5,59) width 120: "DIV should not go"
                  text run at (5,77) width 388: "beyond the left or right inner edge of this DIV, which means"
                  text run at (5,95) width 391: "that the borders of the floating images should not overlap the"
                  text run at (5,113) width 276: "top or side borders of the DIV in any way. "
                  text run at (280,113) width 106: "In addition, they"
                  text run at (5,131) width 364: "should not overlap each other in any way, nor should the"
                  text run at (5,149) width 315: "floated elements be overwritten by the DIV text. "
                  text run at (319,149) width 74: "In addition,"
                  text run at (5,167) width 392: "the floated images should not be side-by-side, but instead the"
                  text run at (5,185) width 391: "first should be floated left, and the second floated to the right"
                  text run at (5,203) width 97: "below the first."
              RenderBlock {HR} at (28,1462) size 561x2 [border: (1px inset #000000)]
              RenderBlock {DIV} at (6,1488) size 742x118 [border: (5px solid #800080)]
                RenderBlock (floating) {P} at (543,5) size 194x88 [bgcolor=#C0C0C0] [border: (1px solid #00FF00)]
                  RenderText {#text} at (17,17) size 144x53
                    text run at (17,17) width 144: "This is a right-floating"
                    text run at (17,35) width 116: "paragraph (first in"
                    text run at (17,53) width 52: "source)."
                RenderBlock (floating) {P} at (5,5) size 194x88 [bgcolor=#C0C0C0] [border: (1px solid #00FF00)]
                  RenderText {#text} at (17,17) size 135x53
                    text run at (17,17) width 135: "This is a left-floating"
                    text run at (17,35) width 135: "paragraph (second in"
                    text run at (17,53) width 52: "source)."
                RenderText {#text} at (199,5) size 537x107
                  text run at (199,5) width 180: "This is text within the DIV. "
                  text run at (378,5) width 141: "The floating elements"
                  text run at (199,23) width 338: "within this DIV should not go beyond the top side of"
                  text run at (199,41) width 292: "this DIV, which means that the borders of the"
                  text run at (199,59) width 329: "floating elements should not overlap the top or side"
                  text run at (199,77) width 204: "borders of the DIV in any way. "
                  text run at (402,77) width 140: "In addition, the top of"
                  text run at (5,95) width 505: "the left-floating box should not be higher than the top of the right-floating box."
              RenderBlock {HR} at (357,1614) size 39x2 [border: (1px inset #000000)]
              RenderBlock {DIV} at (6,1624) size 742x82 [border: (5px solid #800080)]
                RenderImage {IMG} at (5,5) size 15x36 [border: (3px solid #000000)]
                RenderImage {IMG} at (722,5) size 15x36 [border: (3px solid #000000)]
                RenderText {#text} at (20,5) size 694x71
                  text run at (20,5) width 180: "This is text within the DIV. "
                  text run at (199,5) width 498: "The floating images within this DIV should not go beyond the top side of this"
                  text run at (20,23) width 679: "DIV, which means that the borders of the floating images should not overlap the top or side borders of the"
                  text run at (5,41) width 111: "DIV in any way. "
                  text run at (115,41) width 582: "In addition, the top of the left-floating image should not be higher than the top of the right-"
                  text run at (5,59) width 97: "floating image."
              RenderBlock {HR} at (28,1730) size 561x2 [border: (1px inset #000000)]
              RenderBlock {DIV} at (6,1756) size 742x136 [border: (5px solid #800080)]
                RenderText {#text} at (199,5) size 188x17
                  text run at (199,5) width 180: "This is text within the DIV. "
                  text run at (378,5) width 9: "*"
                RenderBlock (floating) {P} at (5,5) size 194x88 [bgcolor=#C0C0C0] [border: (1px solid #00FF00)]
                  RenderText {#text} at (17,17) size 135x53
                    text run at (17,17) width 135: "This is a left-floating"
                    text run at (17,35) width 116: "paragraph (first in"
                    text run at (17,53) width 52: "source)."
                RenderText {#text} at (386,5) size 528x35
                  text run at (386,5) width 341: " The floating elements within this DIV should not go"
                  text run at (199,23) width 515: "any higher than the line-box containing the inline content which precedes them. "
                  text run at (713,23) width 9: "*"
                RenderBlock (floating) {P} at (543,41) size 194x88 [bgcolor=#C0C0C0] [border: (1px solid #00FF00)]
                  RenderText {#text} at (17,17) size 144x53
                    text run at (17,17) width 144: "This is a right-floating"
                    text run at (17,35) width 135: "paragraph (second in"
                    text run at (17,53) width 52: "source)."
                RenderText {#text} at (199,41) size 524x89
                  text run at (199,41) width 328: "This means that the top side of each float can be, at"
                  text run at (199,59) width 321: "most, as high as the top edge of the inline element"
                  text run at (199,77) width 292: "containing the content just before the floating"
                  text run at (5,95) width 191: "elements occur in the source. "
                  text run at (195,95) width 334: "In order to mark these points clearly, an asterisk has"
                  text run at (5,113) width 298: "been inserted just before each floated element."
              RenderBlock {HR} at (357,1900) size 39x2 [border: (1px inset #000000)]
              RenderBlock {DIV} at (6,1910) size 742x82 [border: (5px solid #800080)]
                RenderText {#text} at (20,5) size 188x17
                  text run at (20,5) width 180: "This is text within the DIV. "
                  text run at (199,5) width 9: "*"
                RenderImage {IMG} at (5,5) size 15x36 [border: (3px solid #000000)]
                RenderText {#text} at (207,5) size 700x35
                  text run at (207,5) width 513: " The floating images within this DIV should not go any higher than the line-box"
                  text run at (20,23) width 330: "containing the inline content which precedes them. "
                  text run at (349,23) width 13: "* "
                RenderImage {IMG} at (722,23) size 15x36 [border: (3px solid #000000)]
                RenderText {#text} at (361,23) size 713x53
                  text run at (361,23) width 329: "This means that the top side of each float can be, at"
                  text run at (5,41) width 705: "most, as high as the top edge of the inline element containing the content just before the floating images occur"
                  text run at (5,59) width 90: "in the source. "
                  text run at (94,59) width 624: "In order to mark these points clearly, an asterisk has been inserted just before each floated image."
              RenderBlock {HR} at (28,2016) size 561x2 [border: (1px inset #000000)]
              RenderBlock {DIV} at (6,2042) size 742x226 [border: (5px solid #800080)]
                RenderText {#text} at (199,5) size 188x17
                  text run at (199,5) width 180: "This is text within the DIV. "
                  text run at (378,5) width 9: "*"
                RenderBlock (floating) {P} at (5,5) size 194x88 [bgcolor=#C0C0C0] [border: (1px solid #00FF00)]
                  RenderText {#text} at (17,17) size 135x53
                    text run at (17,17) width 135: "This is a left-floating"
                    text run at (17,35) width 116: "paragraph (first in"
                    text run at (17,53) width 52: "source)."
                RenderText {#text} at (386,5) size 528x35
                  text run at (386,5) width 341: " The floating elements within this DIV should not go"
                  text run at (199,23) width 515: "any higher than the line-box containing the inline content which precedes them. "
                  text run at (713,23) width 9: "*"
                RenderBlock (floating) {P} at (543,41) size 194x88 [bgcolor=#C0C0C0] [border: (1px solid #00FF00)]
                  RenderText {#text} at (17,17) size 144x53
                    text run at (17,17) width 144: "This is a right-floating"
                    text run at (17,35) width 135: "paragraph (second in"
                    text run at (17,53) width 52: "source)."
                RenderText {#text} at (199,41) size 321x17
                  text run at (199,41) width 321: "This means that the top side of each float can be,*"
                RenderBlock (floating) {P} at (199,59) size 194x88 [bgcolor=#C0C0C0] [border: (1px solid #00FF00)]
                  RenderText {#text} at (17,17) size 135x53
                    text run at (17,17) width 135: "This is a left-floating"
                    text run at (17,35) width 120: "paragraph (third in"
                    text run at (17,53) width 52: "source)."
                RenderText {#text} at (519,41) size 252x107
                  text run at (519,41) width 16: " at"
                  text run at (393,59) width 126: "most, as high as the"
                  text run at (393,77) width 136: "top edge of the inline"
                  text run at (393,95) width 146: "element containing the"
                  text run at (393,113) width 143: "content just before the"
                  text run at (393,131) width 244: "floating elements occur in the source. "
                  text run at (636,131) width 9: "*"
                RenderBlock (floating) {P} at (5,149) size 194x88 [bgcolor=#C0C0C0] [border: (1px solid #00FF00)]
                  RenderText {#text} at (17,17) size 135x53
                    text run at (17,17) width 135: "This is a left-floating"
                    text run at (17,35) width 129: "paragraph (fourth in"
                    text run at (17,53) width 52: "source)."
                RenderText {#text} at (644,131) size 521x89
                  text run at (644,131) width 73: " In order to"
                  text run at (199,149) width 505: "mark these points clearly, an asterisk has been inserted just before each floated"
                  text run at (199,167) width 59: "element. "
                  text run at (257,167) width 463: "If a line has room for a floated element, then the element should float so"
                  text run at (199,185) width 505: "that its top is aligned with the top of the line-box in which the asterisk appears."
                  text run at (199,203) width 411: "Otherwise, its top should align with the top of the next line-box."
              RenderBlock {HR} at (357,2279) size 39x2 [border: (1px inset #000000)]
              RenderBlock {DIV} at (6,2289) size 742x136 [border: (5px solid #800080)]
                RenderText {#text} at (20,5) size 188x17
                  text run at (20,5) width 180: "This is text within the DIV. "
                  text run at (199,5) width 9: "*"
                RenderImage {IMG} at (5,5) size 15x36 [border: (3px solid #000000)]
                RenderText {#text} at (207,5) size 685x35
                  text run at (207,5) width 513: " The floating images within this DIV should not go any higher than the line-box"
                  text run at (35,23) width 330: "containing the inline content which precedes them. "
                  text run at (364,23) width 13: "* "
                RenderImage {IMG} at (722,23) size 15x36 [border: (3px solid #000000)]
                RenderText {#text} at (376,23) size 326x17
                  text run at (376,23) width 318: "This means that the top side of each float can be, "
                  text run at (693,23) width 9: "*"
                RenderImage {IMG} at (20,23) size 15x36 [border: (3px solid #000000)]
                RenderText {#text} at (701,23) size 697x53
                  text run at (701,23) width 16: " at"
                  text run at (35,41) width 666: "most, as high as the top edge of the inline element containing the content just before the floating images"
                  text run at (20,59) width 130: "occur in the source. "
                  text run at (149,59) width 9: "*"
                RenderImage {IMG} at (5,59) size 15x36 [border: (3px solid #000000)]
                RenderText {#text} at (157,59) size 722x71
                  text run at (157,59) width 532: " In order to mark these points clearly, an asterisk has been inserted just before each"
                  text run at (20,77) width 96: "floated image. "
                  text run at (115,77) width 609: "If a line has room for a floated image, then the image should float so that its top is aligned with"
                  text run at (5,95) width 340: "the top of the line-box in which the asterisk appears. "
                  text run at (344,95) width 383: "Otherwise, its top should align with the top of the next line-"
                  text run at (5,113) width 28: "box."
              RenderBlock {HR} at (28,2449) size 561x2 [border: (1px inset #000000)]
              RenderBlock {DIV} at (6,2475) size 490x298 [border: (5px solid #800080)]
                RenderText {#text} at (199,5) size 56x17
                  text run at (199,5) width 56: "This is *"
                RenderBlock (floating) {P} at (5,5) size 194x88 [bgcolor=#C0C0C0] [border: (1px solid #00FF00)]
                  RenderText {#text} at (17,17) size 135x53
                    text run at (17,17) width 135: "This is a left-floating"
                    text run at (17,35) width 116: "paragraph (first in"
                    text run at (17,53) width 52: "source)."
                RenderText {#text} at (254,5) size 13x17
                  text run at (254,5) width 13: " *"
                RenderBlock (floating) {P} at (291,5) size 194x88 [bgcolor=#C0C0C0] [border: (1px solid #00FF00)]
                  RenderText {#text} at (17,17) size 144x53
                    text run at (17,17) width 144: "This is a right-floating"
                    text run at (17,35) width 135: "paragraph (second in"
                    text run at (17,53) width 52: "source)."
                RenderText {#text} at (199,23) size 475x269
                  text run at (199,23) width 69: "text within"
                  text run at (199,41) width 56: "the DIV."
                  text run at (199,59) width 85: "Under CSS1,"
                  text run at (199,77) width 45: "the left"
                  text run at (5,95) width 471: "floating element should be placed in the upper left corner of the DIV, and"
                  text run at (5,113) width 466: "the purple border of the DIV should abut the green border of the floating"
                  text run at (5,131) width 59: "element. "
                  text run at (63,131) width 382: "Similarly, the right floating element should be placed in the"
                  text run at (5,149) width 455: "upper right corner of the DIV, and the purple border of the DIV should"
                  text run at (5,167) width 475: "abut the green border of the floating element. The text of the DIV element"
                  text run at (5,185) width 428: "should flow between and under the two floating elements. The two"
                  text run at (5,203) width 470: "asterisk characters mark the insertion points of the floating elements. It is"
                  text run at (5,221) width 474: "expected that, under future specifications, it may be acceptable for the top"
                  text run at (5,239) width 444: "of floated elements to align with the top of the line-box following the"
                  text run at (5,257) width 475: "insertion point of the floated element to avoid floating elements appearing"
                  text run at (5,275) width 342: "before text which precedes it in the source document."
              RenderBlock {HR} at (357,2781) size 39x2 [border: (1px inset #000000)]
              RenderBlock {DIV} at (6,2791) size 490x226 [border: (5px solid #800080)]
                RenderText {#text} at (20,5) size 56x17
                  text run at (20,5) width 56: "This is *"
                RenderImage {IMG} at (5,5) size 15x36 [border: (3px solid #000000)]
                RenderText {#text} at (75,5) size 13x17
                  text run at (75,5) width 13: " *"
                RenderImage {IMG} at (470,5) size 15x36 [border: (3px solid #000000)]
                RenderText {#text} at (87,5) size 475x215
                  text run at (87,5) width 137: " text within the DIV. "
                  text run at (223,5) width 232: "Under CSS1, the left floating image"
                  text run at (20,23) width 431: "should be placed in the upper left corner of the DIV, and the purple"
                  text run at (5,41) width 444: "border of the DIV should abut the green border of the floating image."
                  text run at (5,59) width 445: "Similarly, the right floating image should be placed in the upper right"
                  text run at (5,77) width 475: "corner of the DIV, and the purple border of the DIV should abut the green"
                  text run at (5,95) width 449: "border of the floating image. The text of the DIV element should flow"
                  text run at (5,113) width 452: "between and under the two floating image. The two asterisk characters"
                  text run at (5,131) width 306: "mark the insertion points of the floating image. "
                  text run at (310,131) width 158: "It is expected that, under"
                  text run at (5,149) width 467: "future specifications, it may be acceptable for the top of floated elements"
                  text run at (5,167) width 455: "to align with the top of the line-box following the insertion point of the"
                  text run at (5,185) width 453: "floated element to avoid floating elements appearing before text which"
                  text run at (5,203) width 226: "precedes it in the source document."
              RenderBlock {HR} at (28,3041) size 561x2 [border: (1px inset #000000)]
