layer at (0,0) size 784x2327
  RenderView at (0,0) size 784x600
layer at (0,0) size 784x2327
  RenderBlock {HTML} at (0,0) size 784x2327
    RenderBody {BODY} at (8,8) size 768x2311 [bgcolor=#CCCCCC]
      RenderBlock {P} at (0,0) size 768x18
        RenderText {#text} at (0,0) size 363x17
          text run at (0,0) width 363: "The style declarations which apply to the text below are:"
      RenderBlock {PRE} at (0,34) size 768x270
        RenderText {#text} at (0,0) size 523x270
          text run at (0,0) width 336: "P.one {font-size: 14px; line-height: 20px;}"
          text run at (335,0) width 1: " "
          text run at (0,15) width 297: "IMG.onea {vertical-align: text-bottom;"
          text run at (296,15) width 1: " "
          text run at (0,30) width 266: "     width: 200px; height: 200px;}"
          text run at (265,30) width 1: " "
          text run at (0,45) width 508: "IMG.oneb {vertical-align: text-top; width: 200px; height: 200px;}"
          text run at (507,45) width 1: " "
          text run at (0,60) width 0: " "
          text run at (0,75) width 336: "P.two {font-size: 14px; line-height: 20px;}"
          text run at (335,75) width 1: " "
          text run at (0,90) width 523: "IMG.twoa {vertical-align: text-bottom; width: 100px; height: 100px;"
          text run at (522,90) width 1: " "
          text run at (0,105) width 305: "     padding: 5px; border-style: solid;"
          text run at (304,105) width 1: " "
          text run at (0,120) width 305: "     border-width: 10px; margin: 15px;}"
          text run at (304,120) width 1: " "
          text run at (0,135) width 274: "IMG.twob {vertical-align: text-top;"
          text run at (273,135) width 1: " "
          text run at (0,150) width 297: "          width: 100px; height: 100px;"
          text run at (296,150) width 1: " "
          text run at (0,165) width 305: "     padding: 5px; border-style: solid;"
          text run at (304,165) width 1: " "
          text run at (0,180) width 305: "     border-width: 10px; margin: 15px;}"
          text run at (304,180) width 1: " "
          text run at (0,195) width 0: " "
          text run at (0,210) width 469: "IMG.twoc {vertical-align: middle; width: 50px; height: 50px;"
          text run at (468,210) width 1: " "
          text run at (0,225) width 305: "     padding: 5px; border-style: solid;"
          text run at (304,225) width 1: " "
          text run at (0,240) width 313: "     border-width: 10px; margin: -10px;}"
          text run at (312,240) width 1: " "
          text run at (0,255) width 0: " "
      RenderBlock {HR} at (0,317) size 768x2 [border: (1px inset #000000)]
      RenderBlock {P} at (0,333) size 768x465
        RenderText {#text} at (0,2) size 768x238
          text run at (0,2) width 413: "This paragraph should have a font size of 14px and a line height of 20px. "
          text run at (412,2) width 345: "This means that the lines of text within it should be separated"
          text run at (0,22) width 367: "by six pixels, three of which are part of the line-box of each line. "
          text run at (366,22) width 402: "Any images within the paragraph should increase the height of the line-"
          text run at (0,225) width 266: "box so that they fit within the line box, such as "
        RenderImage {IMG} at (265,40) size 200x200
        RenderText {#text} at (465,225) size 28x15
          text run at (465,225) width 28: " and "
        RenderImage {IMG} at (492,225) size 200x200
        RenderText {#text} at (692,225) size 738x237
          text run at (692,225) width 8: ". "
          text run at (699,225) width 39: "This is"
          text run at (0,427) width 721: "additional text to make sure that there is enough room left below the image so that this line does not hit the image that is text-top"
          text run at (0,447) width 45: "aligned."
      RenderBlock {P} at (0,812) size 768x485
        RenderText {#text} at (0,2) size 759x198
          text run at (0,2) width 413: "This paragraph should have a font size of 14px and a line height of 20px. "
          text run at (412,2) width 345: "This means that the lines of text within it should be separated"
          text run at (0,22) width 78: "by six pixels. "
          text run at (77,22) width 682: "Any images within the paragraph should increase the height of the line-box so that they fit, including their padding (5px),"
          text run at (0,185) width 351: "border (10px) and margins (15px) within the line box, such as "
        RenderImage {IMG} at (366,55) size 130x130 [border: (10px solid #000000)]
        RenderText {#text} at (510,185) size 28x15
          text run at (510,185) width 28: " and "
        RenderImage {IMG} at (553,200) size 130x130 [border: (10px solid #000000)]
        RenderText {#text} at (697,185) size 758x256
          text run at (697,185) width 8: ". "
          text run at (704,185) width 39: "This is"
          text run at (0,347) width 721: "additional text to make sure that there is enough room left below the image so that this line does not hit the image that is text-top"
          text run at (0,367) width 49: "aligned. "
          text run at (48,367) width 692: "It is the outer edge of the margin that should be text-bottom and text-top aligned in this paragraph, so for the first image the"
          text run at (0,387) width 758: "bottom border of the image should begin 15px above the bottom of the text, and for the second image the top border should begin 15px"
          text run at (0,426) width 140: "below the top of the text "
        RenderImage {IMG} at (130,395) size 80x80 [border: (10px solid #000000)]
        RenderText {#text} at (199,426) size 754x56
          text run at (199,426) width 8: ". "
          text run at (206,426) width 548: "The last image in this paragraph has -10px margins set on it, so that should pull the text in toward"
          text run at (0,467) width 394: "the image in the vertical direction, and also in the horizontal direction."
      RenderTable {TABLE} at (0,1311) size 768x1000 [border: (1px outset #808080)]
        RenderTableSection {TBODY} at (1,1) size 766x998
          RenderTableRow {TR} at (0,0) size 766x26
            RenderTableCell {TD} at (0,0) size 766x26 [bgcolor=#C0C0C0] [border: (1px inset #808080)] [r=0 c=0 rs=1 cs=2]
              RenderInline {STRONG} at (0,0) size 163x17
                RenderText {#text} at (4,4) size 163x17
                  text run at (4,4) width 163: "TABLE Testing Section"
          RenderTableRow {TR} at (0,26) size 766x972
            RenderTableCell {TD} at (0,499) size 12x26 [bgcolor=#C0C0C0] [border: (1px inset #808080)] [r=1 c=0 rs=1 cs=1]
              RenderText {#text} at (4,4) size 4x17
                text run at (4,4) width 4: " "
            RenderTableCell {TD} at (12,26) size 754x972 [border: (1px inset #808080)] [r=1 c=1 rs=1 cs=1]
              RenderBlock {P} at (4,4) size 746x465
                RenderText {#text} at (0,2) size 720x238
                  text run at (0,2) width 413: "This paragraph should have a font size of 14px and a line height of 20px. "
                  text run at (412,2) width 288: "This means that the lines of text within it should be"
                  text run at (0,22) width 423: "separated by six pixels, three of which are part of the line-box of each line. "
                  text run at (422,22) width 298: "Any images within the paragraph should increase the"
                  text run at (0,225) width 366: "height of the line-box so that they fit within the line box, such as "
                RenderImage {IMG} at (365,40) size 200x200
                RenderText {#text} at (565,225) size 28x15
                  text run at (565,225) width 28: " and "
                RenderImage {IMG} at (0,245) size 200x200
                RenderText {#text} at (200,245) size 733x217
                  text run at (200,245) width 7: ". "
                  text run at (207,245) width 526: "This is additional text to make sure that there is enough room left below the image so that this"
                  text run at (0,447) width 281: "line does not hit the image that is text-top aligned."
              RenderBlock {P} at (4,483) size 746x485
                RenderText {#text} at (0,2) size 729x198
                  text run at (0,2) width 413: "This paragraph should have a font size of 14px and a line height of 20px. "
                  text run at (412,2) width 288: "This means that the lines of text within it should be"
                  text run at (0,22) width 135: "separated by six pixels. "
                  text run at (134,22) width 595: "Any images within the paragraph should increase the height of the line-box so that they fit, including their"
                  text run at (0,185) width 437: "padding (5px), border (10px) and margins (15px) within the line box, such as "
                RenderImage {IMG} at (452,55) size 130x130 [border: (10px solid #000000)]
                RenderText {#text} at (596,185) size 28x15
                  text run at (596,185) width 28: " and "
                RenderImage {IMG} at (15,220) size 130x130 [border: (10px solid #000000)]
                RenderText {#text} at (160,205) size 724x236
                  text run at (160,205) width 7: ". "
                  text run at (167,205) width 551: "This is additional text to make sure that there is enough room left below the image so that this line"
                  text run at (0,367) width 260: "does not hit the image that is text-top aligned. "
                  text run at (259,367) width 465: "It is the outer edge of the margin that should be text-bottom and text-top aligned in"
                  text run at (0,387) width 717: "this paragraph, so for the first image the bottom border of the image should begin 15px above the bottom of the text, and for the"
                  text run at (0,426) width 410: "second image the top border should begin 15px below the top of the text "
                RenderImage {IMG} at (399,395) size 80x80 [border: (10px solid #000000)]
                RenderText {#text} at (469,426) size 715x56
                  text run at (469,426) width 8: ". "
                  text run at (476,426) width 239: "The last image in this paragraph has -10px"
                  text run at (0,467) width 703: "margins set on it, so that should pull the text in toward the image in the vertical direction, and also in the horizontal direction."
