layer at (0,0) size 784x1364
  RenderView at (0,0) size 784x600
layer at (0,0) size 784x1364
  RenderBlock {HTML} at (0,0) size 784x1364
    RenderBody {BODY} at (8,17) size 768x1339 [color=#00FF00] [bgcolor=#333333]
      RenderBlock {H1} at (0,0) size 768x30
        RenderText {#text} at (0,0) size 515x30
          text run at (0,0) width 515: "CSS2 Table Backgrounds Test Suite"
      RenderBlock {H2} at (0,47) size 768x23
        RenderText {#text} at (0,0) size 373x23
          text run at (0,0) width 373: "Part D: Background with Borders"
      RenderBlock {H3} at (0,86) size 768x18
        RenderText {#text} at (0,0) size 280x18
          text run at (0,0) width 280: "Background on 'table-row-group'"
      RenderBlock {P} at (0,119) size 768x45
        RenderText {#text} at (0,0) size 765x45
          text run at (0,0) width 726: "There should be three aqua stripes along the top of cells A, B, C, and D in the first row and"
          text run at (0,15) width 765: "three stripes along the right edge of D, the last cell in that row. The stripes should align to be"
          text run at (0,30) width 305: "just inside the padding edge of cell D."
      RenderBlock {P} at (0,177) size 768x60
        RenderText {#text} at (0,0) size 765x60
          text run at (0,0) width 734: "There should be three aqua stripes along the bottom of cells J, K, and L. The stripes continue"
          text run at (0,15) width 765: "across the bottom of cell E, but are partially obscured by the border. The stripes turn up at cell"
          text run at (0,30) width 757: "E's bottom left corner to run under its border a few pixels to the right of its left border edge."
          text run at (0,45) width 539: "The stripes will align to be just above cell K's bottom padding edge."
      RenderBlock {DL} at (0,250) size 768x90
        RenderBlock {DT} at (0,0) size 768x15
          RenderText {#text} at (0,0) size 32x15
            text run at (0,0) width 32: "next"
        RenderBlock {DD} at (40,15) size 728x15
          RenderInline {A} at (0,0) size 461x15 [color=#FFFF00]
            RenderText {#text} at (0,0) size 461x15
              text run at (0,0) width 461: "Background with Borders: Background on 'table-column-group'"
          RenderText {#text} at (0,0) size 0x0
        RenderBlock {DT} at (0,30) size 768x15
          RenderText {#text} at (0,0) size 63x15
            text run at (0,0) width 63: "previous"
        RenderBlock {DD} at (40,45) size 728x15
          RenderInline {A} at (0,0) size 359x15 [color=#FFFF00]
            RenderText {#text} at (0,0) size 359x15
              text run at (0,0) width 359: "Background with Borders: Background on 'table'"
          RenderText {#text} at (0,0) size 0x0
        RenderBlock {DT} at (0,60) size 768x15
          RenderText {#text} at (0,0) size 63x15
            text run at (0,0) width 63: "contents"
        RenderBlock {DD} at (40,75) size 728x15
          RenderInline {A} at (0,0) size 133x15 [color=#FFFF00]
            RenderText {#text} at (0,0) size 133x15
              text run at (0,0) width 133: "Table of Contents"
          RenderText {#text} at (0,0) size 0x0
      RenderTable {TABLE} at (0,353) size 630x492 [color=#FFFFFF] [border: (3px dotted #FFFFFF)]
        RenderBlock {CAPTION} at (0,0) size 630x22
          RenderText {#text} at (171,0) size 288x21
            text run at (171,0) width 288: "With 'border-collapse: separate'"
        RenderTableCol {COLGROUP} at (0,0) size 0x0
          RenderTableCol {COL} at (0,0) size 0x0
          RenderTableCol {COL} at (0,0) size 0x0
          RenderTableCol {COL} at (0,0) size 0x0
        RenderTableCol {COLGROUP} at (0,0) size 0x0
          RenderTableCol {COL} at (0,0) size 0x0
        RenderTableSection {THEAD} at (3,25) size 624x122 [bgcolor=#000000] [border: (5px dashed #FFFFFF)]
          RenderTableRow {TR} at (0,7) size 624x108
            RenderTableCell {TH} at (7,48) size 130x26 [border: (1px dotted #FFFFFF)] [r=0 c=0 rs=1 cs=1]
              RenderText {#text} at (42,2) size 46x21
                text run at (42,2) width 46: "TH A"
            RenderTableCell {TH} at (144,36) size 220x50 [border: (13px dotted #FFFFFF)] [r=0 c=1 rs=1 cs=1]
              RenderText {#text} at (87,14) size 46x21
                text run at (87,14) width 46: "TH B"
            RenderTableCell {TH} at (371,48) size 118x26 [border: (1px dotted #FFFFFF)] [r=0 c=2 rs=1 cs=1]
              RenderText {#text} at (36,2) size 46x21
                text run at (36,2) width 46: "TH C"
            RenderTableCell {TH} at (496,44) size 121x34 [border: (5px dashed #FFFFFF)] [r=0 c=3 rs=1 cs=1]
              RenderText {#text} at (38,6) size 45x21
                text run at (38,6) width 45: "TH D"
        RenderTableSection {TFOOT} at (3,360) size 624x129
          RenderTableRow {TR} at (0,7) size 624x115
            RenderTableCell {TD} at (7,51) size 357x26 [border: (1px dotted #FFFFFF)] [r=0 c=0 rs=1 cs=2]
              RenderText {#text} at (2,2) size 47x21
                text run at (2,2) width 47: "TD M"
            RenderTableCell {TD} at (371,51) size 118x26 [border: (1px dotted #FFFFFF)] [r=0 c=2 rs=1 cs=1]
              RenderText {#text} at (2,2) size 46x21
                text run at (2,2) width 46: "TD O"
            RenderTableCell {TD} at (496,51) size 121x26 [border: (1px dotted #FFFFFF)] [r=0 c=3 rs=1 cs=1]
              RenderText {#text} at (2,2) size 44x21
                text run at (2,2) width 44: "TD P"
        RenderTableSection {TBODY} at (3,147) size 624x213 [bgcolor=#000000] [border: (5px dashed #FFFFFF)]
          RenderTableRow {TR} at (0,7) size 624x108
            RenderTableCell {TD} at (7,81) size 130x50 [border: (13px dotted #FFFFFF)] [r=0 c=0 rs=2 cs=1]
              RenderText {#text} at (14,14) size 44x21
                text run at (14,14) width 44: "TD E"
            RenderTableCell {TD} at (144,48) size 220x26 [border: (1px dotted #FFFFFF)] [r=0 c=1 rs=1 cs=1]
              RenderText {#text} at (2,2) size 43x21
                text run at (2,2) width 43: "TD F"
            RenderTableCell {TD} at (371,48) size 118x26 [border: (1px dotted #FFFFFF)] [r=0 c=2 rs=1 cs=1]
              RenderText {#text} at (2,2) size 46x21
                text run at (2,2) width 46: "TD G"
            RenderTableCell {TD} at (496,48) size 121x26 [border: (1px dotted #FFFFFF)] [r=0 c=3 rs=1 cs=1]
              RenderText {#text} at (2,2) size 45x21
                text run at (2,2) width 45: "TD H"
          RenderTableRow {TR} at (0,122) size 624x84
            RenderTableCell {TD} at (144,151) size 220x26 [border: (1px dotted #FFFFFF)] [r=1 c=1 rs=1 cs=1]
              RenderText {#text} at (2,2) size 42x21
                text run at (2,2) width 42: "TD J"
            RenderTableCell {TD} at (371,147) size 118x34 [border: (5px dashed #FFFFFF)] [r=1 c=2 rs=1 cs=1]
              RenderText {#text} at (6,6) size 45x21
                text run at (6,6) width 45: "TD K"
            RenderTableCell {TD} at (496,151) size 121x26 [border: (1px dotted #FFFFFF)] [r=1 c=3 rs=1 cs=1]
              RenderText {#text} at (2,2) size 43x21
                text run at (2,2) width 43: "TD L"
      RenderTable {TABLE} at (0,845) size 590x444 [color=#FFFFFF] [border: (6px dotted #FFFFFF)]
        RenderBlock {CAPTION} at (0,0) size 590x22
          RenderText {#text} at (152,0) size 286x21
            text run at (152,0) width 286: "With 'border-collapse: collapse'"
        RenderTableCol {COLGROUP} at (0,0) size 0x0
          RenderTableCol {COL} at (0,0) size 0x0
          RenderTableCol {COL} at (0,0) size 0x0
          RenderTableCol {COL} at (0,0) size 0x0
        RenderTableCol {COLGROUP} at (0,0) size 0x0
          RenderTableCol {COL} at (0,0) size 0x0
        RenderTableSection {THEAD} at (2,28) size 585x103 [bgcolor=#000000] [border: (5px dashed #FFFFFF)]
          RenderTableRow {TR} at (0,0) size 585x103
            RenderTableCell {TH} at (0,35) size 137x33 [border: (3px dotted #FFFFFF)] [r=0 c=0 rs=1 cs=1]
              RenderText {#text} at (44,4) size 46x21
                text run at (44,4) width 46: "TH A"
            RenderTableCell {TH} at (137,33) size 207x37 [border: (7px dotted #FFFFFF)] [r=0 c=1 rs=1 cs=1]
              RenderText {#text} at (81,8) size 46x21
                text run at (81,8) width 46: "TH B"
            RenderTableCell {TH} at (344,37) size 125x29 [border: (3px dotted #FFFFFF)] [r=0 c=2 rs=1 cs=1]
              RenderText {#text} at (42,4) size 46x21
                text run at (42,4) width 46: "TH C"
            RenderTableCell {TH} at (469,37) size 116x29 [border: (3px dashed #FFFFFF)] [r=0 c=3 rs=1 cs=1]
              RenderText {#text} at (36,4) size 45x21
                text run at (36,4) width 45: "TH D"
        RenderTableSection {TFOOT} at (2,325) size 585x117
          RenderTableRow {TR} at (0,0) size 585x117
            RenderTableCell {TD} at (0,42) size 344x32 [border: (7px dotted #FFFFFF)] [r=0 c=0 rs=1 cs=2]
              RenderText {#text} at (3,8) size 47x21
                text run at (3,8) width 47: "TD M"
            RenderTableCell {TD} at (344,44) size 125x28 [border: (3px dotted #FFFFFF)] [r=0 c=2 rs=1 cs=1]
              RenderText {#text} at (2,4) size 46x21
                text run at (2,4) width 46: "TD O"
            RenderTableCell {TD} at (469,44) size 116x28 [border: (3px dotted #FFFFFF)] [r=0 c=3 rs=1 cs=1]
              RenderText {#text} at (2,4) size 44x21
                text run at (2,4) width 44: "TD P"
        RenderTableSection {TBODY} at (2,131) size 585x194 [bgcolor=#000000] [border: (5px dashed #FFFFFF)]
          RenderTableRow {TR} at (0,0) size 585x109
            RenderTableCell {TD} at (0,78) size 137x37 [border: (7px dotted #FFFFFF)] [r=0 c=0 rs=2 cs=1]
              RenderText {#text} at (8,8) size 44x21
                text run at (8,8) width 44: "TD E"
            RenderTableCell {TD} at (137,39) size 207x31 [border: (7px dotted #FFFFFF)] [r=0 c=1 rs=1 cs=1]
              RenderText {#text} at (8,8) size 43x21
                text run at (8,8) width 43: "TD F"
            RenderTableCell {TD} at (344,40) size 125x29 [border: (3px dotted #FFFFFF)] [r=0 c=2 rs=1 cs=1]
              RenderText {#text} at (2,4) size 46x21
                text run at (2,4) width 46: "TD G"
            RenderTableCell {TD} at (469,41) size 116x27 [border: (3px dotted #FFFFFF)] [r=0 c=3 rs=1 cs=1]
              RenderText {#text} at (2,4) size 45x21
                text run at (2,4) width 45: "TD H"
          RenderTableRow {TR} at (0,109) size 585x85
            RenderTableCell {TD} at (137,138) size 207x27 [border: (1px dotted #FFFFFF)] [r=1 c=1 rs=1 cs=1]
              RenderText {#text} at (8,2) size 42x21
                text run at (8,2) width 42: "TD J"
            RenderTableCell {TD} at (344,137) size 125x29 [border: (3px dashed #FFFFFF)] [r=1 c=2 rs=1 cs=1]
              RenderText {#text} at (4,4) size 45x21
                text run at (4,4) width 45: "TD K"
            RenderTableCell {TD} at (469,138) size 116x27 [border: (1px dotted #FFFFFF)] [r=1 c=3 rs=1 cs=1]
              RenderText {#text} at (4,2) size 43x21
                text run at (4,2) width 43: "TD L"
      RenderBlock {DIV} at (0,1289) size 768x35
        RenderInline {A} at (0,0) size 88x15 [color=#FFFF00]
          RenderImage {IMG} at (0,0) size 88x31
        RenderText {#text} at (0,0) size 0x0
      RenderBlock {ADDRESS} at (0,1324) size 768x15
        RenderText {#text} at (0,0) size 687x15
          text run at (0,0) width 687: "CSS2 Table Backgrounds Test Suite designed and written by fantasai <fantasai@escape.com>"
