layer at (0,0) size 800x600
  RenderView at (0,0) size 800x600
layer at (0,0) size 800x128
  RenderBlock {html} at (0,0) size 800x128
    RenderBody {body} at (8,16) size 784x104
      RenderBlock {p} at (0,0) size 784x18
        RenderText {#text} at (0,0) size 302x17
          text run at (0,0) width 302: "The table caption should be aligned at the right"
      RenderTable {table} at (0,34) size 130x70 [border: (1px outset #808080)]
        RenderBlock {caption} at (0,0) size 130x18
          RenderText {#text} at (30,0) size 70x17
            text run at (30,0) width 70: "CAPTION"
        RenderTableSection (anonymous) at (1,19) size 128x50
          RenderTableRow {tr} at (0,2) size 128x22
            RenderTableCell {td} at (2,2) size 40x22 [border: (1px inset #808080)] [r=0 c=0 rs=1 cs=1]
              RenderText {#text} at (2,2) size 36x17
                text run at (2,2) width 36: "cell 1"
            RenderTableCell {td} at (44,2) size 40x22 [border: (1px inset #808080)] [r=0 c=1 rs=1 cs=1]
              RenderText {#text} at (2,2) size 36x17
                text run at (2,2) width 36: "cell 2"
            RenderTableCell {td} at (86,2) size 40x22 [border: (1px inset #808080)] [r=0 c=2 rs=1 cs=1]
              RenderText {#text} at (2,2) size 36x17
                text run at (2,2) width 36: "cell 3"
          RenderTableRow {tr} at (0,26) size 128x22
            RenderTableCell {td} at (2,26) size 40x22 [border: (1px inset #808080)] [r=1 c=0 rs=1 cs=1]
              RenderText {#text} at (2,2) size 36x17
                text run at (2,2) width 36: "cell 4"
            RenderTableCell {td} at (44,26) size 40x22 [border: (1px inset #808080)] [r=1 c=1 rs=1 cs=1]
              RenderText {#text} at (2,2) size 36x17
                text run at (2,2) width 36: "cell 5"
            RenderTableCell {td} at (86,26) size 40x22 [border: (1px inset #808080)] [r=1 c=2 rs=1 cs=1]
              RenderText {#text} at (2,2) size 36x17
                text run at (2,2) width 36: "cell 6"
