layer at (0,0) size 800x600
  RenderView at (0,0) size 800x600
layer at (0,0) size 800x600
  RenderBlock {HTML} at (0,0) size 800x600
    RenderBody {BODY} at (8,8) size 784x584
      RenderBlock {DIV} at (0,0) size 784x19
        RenderInline {B} at (0,0) size 226x19
          RenderText {#text} at (0,0) size 226x19
            text run at (0,0) width 226: "this text should be bold both times"
      RenderBlock {DIV} at (0,19) size 784x19
        RenderInline {B} at (0,0) size 226x19
          RenderText {#text} at (0,0) size 226x19
            text run at (0,0) width 226: "this text should be bold both times"
