layer at (0,0) size 800x600
  RenderView at (0,0) size 800x600
layer at (0,0) size 800x214
  RenderBlock {HTML} at (0,0) size 800x214
    RenderBody {BODY} at (8,8) size 784x198
      RenderBlock (anonymous) at (0,0) size 784x19
        RenderInline {DIV} at (0,0) size 528x17 [color=#FFFFFF] [bgcolor=#FF0000]
          RenderText {#text} at (0,2) size 528x17
            text run at (0,2) width 528: "Ahem_font_required_for_this_test."
        RenderText {#text} at (0,0) size 0x0
      RenderBlock {P} at (0,35) size 784x19
        RenderText {#text} at (0,0) size 562x19
          text run at (0,0) width 562: "There should be a pretty green and lime pattern and the word \"PASS\" in lime on white below."
      RenderBlock {DIV} at (0,70) size 304x128 [color=#00FF00] [bgcolor=#008000]
        RenderText {#text} at (0,0) size 304x33
          text run at (0,0) width 0: " "
          text run at (0,16) width 304: "1234567890123456789"
        RenderInline {SPAN} at (0,0) size 304x33
          RenderText {#text} at (0,32) size 32x17
            text run at (0,32) width 32: "x "
          RenderInline {SPAN} at (0,0) size 112x17
            RenderText {#text} at (32,32) size 32x17
              text run at (32,32) width 32: "x "
            RenderInline {SPAN} at (0,0) size 0x0
            RenderText {#text} at (64,32) size 16x17
              text run at (64,32) width 16: "x"
            RenderInline {SPAN} at (0,0) size 16x17
              RenderText {#text} at (80,32) size 16x17
                text run at (80,32) width 16: " "
            RenderText {#text} at (96,32) size 48x17
              text run at (96,32) width 48: "x x"
          RenderText {#text} at (144,32) size 48x17
            text run at (144,32) width 48: " x "
          RenderInline {SPAN} at (0,0) size 64x17
            RenderText {#text} at (192,32) size 64x17
              text run at (192,32) width 64: "x x "
          RenderText {#text} at (256,32) size 32x17
            text run at (256,32) width 32: "x "
          RenderInline {SPAN} at (0,0) size 16x17
            RenderText {#text} at (288,32) size 16x17
              text run at (288,32) width 16: "x"
          RenderText {#text} at (0,48) size 64x17
            text run at (0,48) width 64: "1234"
        RenderText {#text} at (64,48) size 448x17
          text run at (64,48) width 448: "567890123456789 xxxx xxxx xx"
        RenderInline {SPAN} at (0,0) size 112x17
          RenderText {#text} at (512,48) size 16x17
            text run at (512,48) width 16: "x"
          RenderInline {SPAN} at (0,0) size 96x17
            RenderText {#text} at (528,48) size 96x17
              text run at (528,48) width 96: "x xxxx"
          RenderText {#text} at (0,0) size 0x0
        RenderText {#text} at (0,64) size 16x17
          text run at (0,64) width 16: "x"
        RenderInline {SPAN} at (0,0) size 112x17
          RenderText {#text} at (16,64) size 16x17
            text run at (16,64) width 16: " "
          RenderInline {SPAN} at (0,0) size 16x17
            RenderText {#text} at (32,64) size 16x17
              text run at (32,64) width 16: " "
          RenderText {#text} at (48,64) size 16x17
            text run at (48,64) width 16: " "
          RenderInline {SPAN} at (0,0) size 16x17
            RenderText {#text} at (64,64) size 16x17
              text run at (64,64) width 16: " "
          RenderText {#text} at (80,64) size 16x17
            text run at (80,64) width 16: " "
          RenderInline {SPAN} at (0,0) size 16x17
            RenderText {#text} at (96,64) size 16x17
              text run at (96,64) width 16: " "
          RenderText {#text} at (112,64) size 16x17
            text run at (112,64) width 16: " "
          RenderInline {SPAN} at (0,0) size 0x0
            RenderText {#text} at (0,0) size 0x0
          RenderText {#text} at (0,0) size 0x0
        RenderText {#text} at (128,64) size 32x17
          text run at (128,64) width 32: "  "
        RenderInline {SPAN} at (0,0) size 16x17
          RenderText {#text} at (160,64) size 16x17
            text run at (160,64) width 16: " "
        RenderInline {SPAN} at (0,0) size 16x17
          RenderText {#text} at (176,64) size 16x17
            text run at (176,64) width 16: " "
        RenderText {#text} at (192,64) size 48x17
          text run at (192,64) width 48: "   "
        RenderInline {SPAN} at (0,0) size 16x17
          RenderText {#text} at (240,64) size 16x17
            text run at (240,64) width 16: " "
        RenderInline {SPAN} at (0,0) size 0x0
          RenderText {#text} at (0,0) size 0x0
        RenderText {#text} at (256,64) size 384x17
          text run at (256,64) width 384: "  x x  x x  x x    x    "
          text run at (640,64) width 0: " "
        RenderInline {SPAN} at (0,0) size 640x17
          RenderText {#text} at (0,80) size 640x17
            text run at (0,80) width 640: "x x x x x x x x x x xxxx xxxx xxxx xxxx "
        RenderText {#text} at (640,80) size 640x33
          text run at (640,80) width 0: " "
          text run at (0,96) width 624: "x                 x x    x  x    x    x"
        RenderInline {SPAN} at (0,0) size 640x17
          RenderText {#text} at (0,112) size 304x17
            text run at (0,112) width 304: "xxxxxxxxxxxxxxxxxxx"
          RenderInline {SPAN} at (0,0) size 336x17
            RenderText {#text} at (304,112) size 336x17
              text run at (304,112) width 336: " x    x  x xxxx xxxx "
        RenderText {#text} at (640,112) size 0x17
          text run at (640,112) width 0: " "
