layer at (0,0) size 800x600
  RenderView at (0,0) size 800x600
layer at (0,0) size 800x600
  RenderBlock {HTML} at (0,0) size 800x600
    RenderBody {BODY} at (8,8) size 784x566
      RenderBlock {PRE} at (0,0) size 784x66
        RenderText {#text} at (0,0) size 153x66
          text run at (0,0) width 151: "This is a test."
          text run at (151,0) width 0: " "
          text run at (0,33) width 153: "Big font size?"
          text run at (153,33) width 0: " "
