layer at (0,0) size 800x600
  RenderView at (0,0) size 800x600
layer at (0,0) size 800x600
  RenderBlock {HTML} at (0,0) size 800x600
    RenderBody {BODY} at (8,8) size 784x579
      RenderBlock {PRE} at (0,0) size 304x38 [border: (2px solid #008000)]
        RenderText {#text} at (2,2) size 67x34
          text run at (2,2) width 67: "This should"
          text run at (69,2) width 0: " "
          text run at (2,19) width 61: "not justify."
          text run at (63,19) width 0: " "
