layer at (0,0) size 800x600
  RenderView at (0,0) size 800x600
layer at (0,0) size 800x600
  RenderBlock {HTML} at (0,0) size 800x600
    RenderBody {BODY} at (8,8) size 784x584
      RenderTable {TABLE} at (0,0) size 784x241
        RenderTableSection {TBODY} at (0,0) size 784x241
          RenderTableRow {TR} at (0,2) size 784x237
            RenderTableCell {TD} at (2,2) size 91x237 [r=0 c=0 rs=1 cs=1]
              RenderBlock (floating) {DIV} at (1,1) size 89x235 [border: (2px solid #FF0000)]
                RenderText {#text} at (2,2) size 85x231
                  text run at (2,2) width 57: "Here-is-"
                  text run at (2,23) width 75: "some-info-"
                  text run at (2,44) width 63: "from-the-"
                  text run at (2,65) width 82: "complaints-"
                  text run at (2,86) width 85: "department-"
                  text run at (2,107) width 75: "some-info-"
                  text run at (2,128) width 63: "from-the-"
                  text run at (2,149) width 82: "complaints-"
                  text run at (2,170) width 85: "department-"
                  text run at (2,191) width 75: "some-info-"
                  text run at (2,212) width 58: "from-the"
            RenderTableCell {TD} at (95,119) size 687x2 [r=0 c=1 rs=1 cs=1]
      RenderTable {TABLE} at (0,241) size 784x241
        RenderTableSection {TBODY} at (0,0) size 784x241
          RenderTableRow {TR} at (0,2) size 784x237
            RenderTableCell {TD} at (2,2) size 86x237 [r=0 c=0 rs=1 cs=1]
              RenderBlock (floating) {DIV} at (1,1) size 84x235 [border: (2px solid #FF0000)]
                RenderText {#text} at (2,2) size 80x231
                  text run at (2,2) width 51: "Here is"
                  text run at (2,23) width 69: "some info"
                  text run at (2,44) width 57: "from the"
                  text run at (2,65) width 77: "complaints"
                  text run at (2,86) width 80: "department"
                  text run at (2,107) width 70: "some-info"
                  text run at (2,128) width 57: "from the"
                  text run at (2,149) width 77: "complaints"
                  text run at (2,170) width 80: "department"
                  text run at (2,191) width 69: "some info"
                  text run at (2,212) width 57: "from the"
            RenderTableCell {TD} at (90,119) size 692x2 [r=0 c=1 rs=1 cs=1]
      RenderTable {TABLE} at (0,482) size 784x75 [border: (2px outset #808080)]
        RenderTableSection {TBODY} at (2,2) size 780x71
          RenderTableRow {TR} at (0,2) size 780x67
            RenderTableCell {TD} at (2,2) size 624x67 [border: (1px inset #808080)] [r=0 c=0 rs=1 cs=1]
              RenderText {#text} at (2,2) size 148x21
                text run at (2,2) width 148: "This is a test to see if"
              RenderInline {SPAN} at (0,0) size 620x63
                RenderText {#text} at (150,2) size 620x63
                  text run at (150,2) width 115: "this is computed"
                  text run at (265,2) width 0: " "
                  text run at (2,23) width 620: "correctly.  In particular, we have a really long line here that could throw off the min-width."
                  text run at (622,23) width 0: " "
                  text run at (2,44) width 33: "Is it?"
              RenderText {#text} at (0,0) size 0x0
            RenderTableCell {TD} at (628,33) size 150x4 [border: (1px inset #808080)] [r=0 c=1 rs=1 cs=1]
