layer at (0,0) size 800x600
  RenderView at (0,0) size 800x600
layer at (0,0) size 800x600
  RenderBlock {HTML} at (0,0) size 800x600
    RenderBody {BODY} at (8,8) size 784x584
      RenderFieldSet {FIELDSET} at (2,0) size 780x370 [border: (2px groove #C0C0C0)]
        RenderBlock {DIV} at (14,7) size 752x351
          RenderInline {DIV} at (0,0) size 132x21
            RenderInline {DIV} at (0,0) size 132x21
              RenderText {#text} at (0,0) size 0x0
              RenderInline {A} at (0,0) size 50x21 [color=#0000EE]
                RenderImage {IMG} at (0,0) size 50x34
              RenderText {#text} at (50,18) size 4x21
                text run at (50,18) width 4: " "
              RenderBlock {INPUT} at (58,23) size 13x13
              RenderInline {LABEL} at (0,0) size 53x21
                RenderText {#text} at (75,18) size 53x21
                  text run at (75,18) width 53: "Classic"
              RenderText {#text} at (128,18) size 4x21
                text run at (128,18) width 4: " "
          RenderText {#text} at (0,0) size 0x0
          RenderInline {DIV} at (0,0) size 120x21
            RenderInline {DIV} at (0,0) size 120x21
              RenderText {#text} at (0,0) size 0x0
              RenderInline {A} at (0,0) size 50x21 [color=#0000EE]
                RenderImage {IMG} at (132,0) size 50x34
              RenderText {#text} at (182,18) size 4x21
                text run at (182,18) width 4: " "
              RenderBlock {INPUT} at (190,23) size 13x13
              RenderInline {LABEL} at (0,0) size 41x21
                RenderText {#text} at (207,18) size 41x21
                  text run at (207,18) width 41: "Africa"
              RenderText {#text} at (248,18) size 4x21
                text run at (248,18) width 4: " "
          RenderText {#text} at (0,0) size 0x0
          RenderInline {DIV} at (0,0) size 218x21
            RenderInline {DIV} at (0,0) size 218x21
              RenderText {#text} at (0,0) size 0x0
              RenderInline {A} at (0,0) size 50x21 [color=#0000EE]
                RenderImage {IMG} at (252,0) size 50x34
              RenderText {#text} at (302,18) size 4x21
                text run at (302,18) width 4: " "
              RenderBlock {INPUT} at (310,23) size 13x13
              RenderInline {LABEL} at (0,0) size 139x21
                RenderText {#text} at (327,18) size 139x21
                  text run at (327,18) width 139: "Alexander's Empire"
              RenderText {#text} at (466,18) size 4x21
                text run at (466,18) width 4: " "
          RenderText {#text} at (0,0) size 0x0
          RenderInline {DIV} at (0,0) size 185x21
            RenderInline {DIV} at (0,0) size 185x21
              RenderText {#text} at (0,0) size 0x0
              RenderInline {A} at (0,0) size 50x21 [color=#0000EE]
                RenderImage {IMG} at (470,0) size 50x34
              RenderText {#text} at (520,18) size 4x21
                text run at (520,18) width 4: " "
              RenderBlock {INPUT} at (528,23) size 13x13
              RenderInline {LABEL} at (0,0) size 110x21
                RenderText {#text} at (545,18) size 110x21
                  text run at (545,18) width 110: "Ancient Greece"
              RenderText {#text} at (0,0) size 0x0
          RenderText {#text} at (0,0) size 0x0
          RenderInline {DIV} at (0,0) size 132x21
            RenderInline {DIV} at (0,0) size 132x21
              RenderText {#text} at (0,0) size 0x0
              RenderInline {A} at (0,0) size 50x21 [color=#0000EE]
                RenderImage {IMG} at (0,39) size 50x34
              RenderText {#text} at (50,57) size 4x21
                text run at (50,57) width 4: " "
              RenderBlock {INPUT} at (58,62) size 13x13
              RenderInline {LABEL} at (0,0) size 53x21
                RenderText {#text} at (75,57) size 53x21
                  text run at (75,57) width 53: "Classic"
              RenderText {#text} at (128,57) size 4x21
                text run at (128,57) width 4: " "
          RenderText {#text} at (0,0) size 0x0
          RenderInline {DIV} at (0,0) size 120x21
            RenderInline {DIV} at (0,0) size 120x21
              RenderText {#text} at (0,0) size 0x0
              RenderInline {A} at (0,0) size 50x21 [color=#0000EE]
                RenderImage {IMG} at (132,39) size 50x34
              RenderText {#text} at (182,57) size 4x21
                text run at (182,57) width 4: " "
              RenderBlock {INPUT} at (190,62) size 13x13
              RenderInline {LABEL} at (0,0) size 41x21
                RenderText {#text} at (207,57) size 41x21
                  text run at (207,57) width 41: "Africa"
              RenderText {#text} at (248,57) size 4x21
                text run at (248,57) width 4: " "
          RenderText {#text} at (0,0) size 0x0
          RenderInline {DIV} at (0,0) size 218x21
            RenderInline {DIV} at (0,0) size 218x21
              RenderText {#text} at (0,0) size 0x0
              RenderInline {A} at (0,0) size 50x21 [color=#0000EE]
                RenderImage {IMG} at (252,39) size 50x34
              RenderText {#text} at (302,57) size 4x21
                text run at (302,57) width 4: " "
              RenderBlock {INPUT} at (310,62) size 13x13
              RenderInline {LABEL} at (0,0) size 139x21
                RenderText {#text} at (327,57) size 139x21
                  text run at (327,57) width 139: "Alexander's Empire"
              RenderText {#text} at (466,57) size 4x21
                text run at (466,57) width 4: " "
          RenderText {#text} at (0,0) size 0x0
          RenderInline {DIV} at (0,0) size 185x21
            RenderInline {DIV} at (0,0) size 185x21
              RenderText {#text} at (0,0) size 0x0
              RenderInline {A} at (0,0) size 50x21 [color=#0000EE]
                RenderImage {IMG} at (470,39) size 50x34
              RenderText {#text} at (520,57) size 4x21
                text run at (520,57) width 4: " "
              RenderBlock {INPUT} at (528,62) size 13x13
              RenderInline {LABEL} at (0,0) size 110x21
                RenderText {#text} at (545,57) size 110x21
                  text run at (545,57) width 110: "Ancient Greece"
              RenderText {#text} at (0,0) size 0x0
          RenderText {#text} at (0,0) size 0x0
          RenderInline {DIV} at (0,0) size 132x21
            RenderInline {DIV} at (0,0) size 132x21
              RenderText {#text} at (0,0) size 0x0
              RenderInline {A} at (0,0) size 50x21 [color=#0000EE]
                RenderImage {IMG} at (0,78) size 50x34
              RenderText {#text} at (50,96) size 4x21
                text run at (50,96) width 4: " "
              RenderBlock {INPUT} at (58,101) size 13x13
              RenderInline {LABEL} at (0,0) size 53x21
                RenderText {#text} at (75,96) size 53x21
                  text run at (75,96) width 53: "Classic"
              RenderText {#text} at (128,96) size 4x21
                text run at (128,96) width 4: " "
          RenderText {#text} at (0,0) size 0x0
          RenderInline {DIV} at (0,0) size 120x21
            RenderInline {DIV} at (0,0) size 120x21
              RenderText {#text} at (0,0) size 0x0
              RenderInline {A} at (0,0) size 50x21 [color=#0000EE]
                RenderImage {IMG} at (132,78) size 50x34
              RenderText {#text} at (182,96) size 4x21
                text run at (182,96) width 4: " "
              RenderBlock {INPUT} at (190,101) size 13x13
              RenderInline {LABEL} at (0,0) size 41x21
                RenderText {#text} at (207,96) size 41x21
                  text run at (207,96) width 41: "Africa"
              RenderText {#text} at (248,96) size 4x21
                text run at (248,96) width 4: " "
          RenderText {#text} at (0,0) size 0x0
          RenderInline {DIV} at (0,0) size 218x21
            RenderInline {DIV} at (0,0) size 218x21
              RenderText {#text} at (0,0) size 0x0
              RenderInline {A} at (0,0) size 50x21 [color=#0000EE]
                RenderImage {IMG} at (252,78) size 50x34
              RenderText {#text} at (302,96) size 4x21
                text run at (302,96) width 4: " "
              RenderBlock {INPUT} at (310,101) size 13x13
              RenderInline {LABEL} at (0,0) size 139x21
                RenderText {#text} at (327,96) size 139x21
                  text run at (327,96) width 139: "Alexander's Empire"
              RenderText {#text} at (466,96) size 4x21
                text run at (466,96) width 4: " "
          RenderText {#text} at (0,0) size 0x0
          RenderInline {DIV} at (0,0) size 185x21
            RenderInline {DIV} at (0,0) size 185x21
              RenderText {#text} at (0,0) size 0x0
              RenderInline {A} at (0,0) size 50x21 [color=#0000EE]
                RenderImage {IMG} at (470,78) size 50x34
              RenderText {#text} at (520,96) size 4x21
                text run at (520,96) width 4: " "
              RenderBlock {INPUT} at (528,101) size 13x13
              RenderInline {LABEL} at (0,0) size 110x21
                RenderText {#text} at (545,96) size 110x21
                  text run at (545,96) width 110: "Ancient Greece"
              RenderText {#text} at (0,0) size 0x0
          RenderText {#text} at (0,0) size 0x0
          RenderInline {DIV} at (0,0) size 132x21
            RenderInline {DIV} at (0,0) size 132x21
              RenderText {#text} at (0,0) size 0x0
              RenderInline {A} at (0,0) size 50x21 [color=#0000EE]
                RenderImage {IMG} at (0,117) size 50x34
              RenderText {#text} at (50,135) size 4x21
                text run at (50,135) width 4: " "
              RenderBlock {INPUT} at (58,140) size 13x13
              RenderInline {LABEL} at (0,0) size 53x21
                RenderText {#text} at (75,135) size 53x21
                  text run at (75,135) width 53: "Classic"
              RenderText {#text} at (128,135) size 4x21
                text run at (128,135) width 4: " "
          RenderText {#text} at (0,0) size 0x0
          RenderInline {DIV} at (0,0) size 120x21
            RenderInline {DIV} at (0,0) size 120x21
              RenderText {#text} at (0,0) size 0x0
              RenderInline {A} at (0,0) size 50x21 [color=#0000EE]
                RenderImage {IMG} at (132,117) size 50x34
              RenderText {#text} at (182,135) size 4x21
                text run at (182,135) width 4: " "
              RenderBlock {INPUT} at (190,140) size 13x13
              RenderInline {LABEL} at (0,0) size 41x21
                RenderText {#text} at (207,135) size 41x21
                  text run at (207,135) width 41: "Africa"
              RenderText {#text} at (248,135) size 4x21
                text run at (248,135) width 4: " "
          RenderText {#text} at (0,0) size 0x0
          RenderInline {DIV} at (0,0) size 218x21
            RenderInline {DIV} at (0,0) size 218x21
              RenderText {#text} at (0,0) size 0x0
              RenderInline {A} at (0,0) size 50x21 [color=#0000EE]
                RenderImage {IMG} at (252,117) size 50x34
              RenderText {#text} at (302,135) size 4x21
                text run at (302,135) width 4: " "
              RenderBlock {INPUT} at (310,140) size 13x13
              RenderInline {LABEL} at (0,0) size 139x21
                RenderText {#text} at (327,135) size 139x21
                  text run at (327,135) width 139: "Alexander's Empire"
              RenderText {#text} at (466,135) size 4x21
                text run at (466,135) width 4: " "
          RenderText {#text} at (0,0) size 0x0
          RenderInline {DIV} at (0,0) size 185x21
            RenderInline {DIV} at (0,0) size 185x21
              RenderText {#text} at (0,0) size 0x0
              RenderInline {A} at (0,0) size 50x21 [color=#0000EE]
                RenderImage {IMG} at (470,117) size 50x34
              RenderText {#text} at (520,135) size 4x21
                text run at (520,135) width 4: " "
              RenderBlock {INPUT} at (528,140) size 13x13
              RenderInline {LABEL} at (0,0) size 110x21
                RenderText {#text} at (545,135) size 110x21
                  text run at (545,135) width 110: "Ancient Greece"
              RenderText {#text} at (0,0) size 0x0
          RenderText {#text} at (0,0) size 0x0
          RenderInline {DIV} at (0,0) size 132x21
            RenderInline {DIV} at (0,0) size 132x21
              RenderText {#text} at (0,0) size 0x0
              RenderInline {A} at (0,0) size 50x21 [color=#0000EE]
                RenderImage {IMG} at (0,156) size 50x34
              RenderText {#text} at (50,174) size 4x21
                text run at (50,174) width 4: " "
              RenderBlock {INPUT} at (58,179) size 13x13
              RenderInline {LABEL} at (0,0) size 53x21
                RenderText {#text} at (75,174) size 53x21
                  text run at (75,174) width 53: "Classic"
              RenderText {#text} at (128,174) size 4x21
                text run at (128,174) width 4: " "
          RenderText {#text} at (0,0) size 0x0
          RenderInline {DIV} at (0,0) size 120x21
            RenderInline {DIV} at (0,0) size 120x21
              RenderText {#text} at (0,0) size 0x0
              RenderInline {A} at (0,0) size 50x21 [color=#0000EE]
                RenderImage {IMG} at (132,156) size 50x34
              RenderText {#text} at (182,174) size 4x21
                text run at (182,174) width 4: " "
              RenderBlock {INPUT} at (190,179) size 13x13
              RenderInline {LABEL} at (0,0) size 41x21
                RenderText {#text} at (207,174) size 41x21
                  text run at (207,174) width 41: "Africa"
              RenderText {#text} at (248,174) size 4x21
                text run at (248,174) width 4: " "
          RenderText {#text} at (0,0) size 0x0
          RenderInline {DIV} at (0,0) size 218x21
            RenderInline {DIV} at (0,0) size 218x21
              RenderText {#text} at (0,0) size 0x0
              RenderInline {A} at (0,0) size 50x21 [color=#0000EE]
                RenderImage {IMG} at (252,156) size 50x34
              RenderText {#text} at (302,174) size 4x21
                text run at (302,174) width 4: " "
              RenderBlock {INPUT} at (310,179) size 13x13
              RenderInline {LABEL} at (0,0) size 139x21
                RenderText {#text} at (327,174) size 139x21
                  text run at (327,174) width 139: "Alexander's Empire"
              RenderText {#text} at (466,174) size 4x21
                text run at (466,174) width 4: " "
          RenderText {#text} at (0,0) size 0x0
          RenderInline {DIV} at (0,0) size 185x21
            RenderInline {DIV} at (0,0) size 185x21
              RenderText {#text} at (0,0) size 0x0
              RenderInline {A} at (0,0) size 50x21 [color=#0000EE]
                RenderImage {IMG} at (470,156) size 50x34
              RenderText {#text} at (520,174) size 4x21
                text run at (520,174) width 4: " "
              RenderBlock {INPUT} at (528,179) size 13x13
              RenderInline {LABEL} at (0,0) size 110x21
                RenderText {#text} at (545,174) size 110x21
                  text run at (545,174) width 110: "Ancient Greece"
              RenderText {#text} at (0,0) size 0x0
          RenderText {#text} at (0,0) size 0x0
          RenderInline {DIV} at (0,0) size 132x21
            RenderInline {DIV} at (0,0) size 132x21
              RenderText {#text} at (0,0) size 0x0
              RenderInline {A} at (0,0) size 50x21 [color=#0000EE]
                RenderImage {IMG} at (0,195) size 50x34
              RenderText {#text} at (50,213) size 4x21
                text run at (50,213) width 4: " "
              RenderBlock {INPUT} at (58,218) size 13x13
              RenderInline {LABEL} at (0,0) size 53x21
                RenderText {#text} at (75,213) size 53x21
                  text run at (75,213) width 53: "Classic"
              RenderText {#text} at (128,213) size 4x21
                text run at (128,213) width 4: " "
          RenderText {#text} at (0,0) size 0x0
          RenderInline {DIV} at (0,0) size 120x21
            RenderInline {DIV} at (0,0) size 120x21
              RenderText {#text} at (0,0) size 0x0
              RenderInline {A} at (0,0) size 50x21 [color=#0000EE]
                RenderImage {IMG} at (132,195) size 50x34
              RenderText {#text} at (182,213) size 4x21
                text run at (182,213) width 4: " "
              RenderBlock {INPUT} at (190,218) size 13x13
              RenderInline {LABEL} at (0,0) size 41x21
                RenderText {#text} at (207,213) size 41x21
                  text run at (207,213) width 41: "Africa"
              RenderText {#text} at (248,213) size 4x21
                text run at (248,213) width 4: " "
          RenderText {#text} at (0,0) size 0x0
          RenderInline {DIV} at (0,0) size 218x21
            RenderInline {DIV} at (0,0) size 218x21
              RenderText {#text} at (0,0) size 0x0
              RenderInline {A} at (0,0) size 50x21 [color=#0000EE]
                RenderImage {IMG} at (252,195) size 50x34
              RenderText {#text} at (302,213) size 4x21
                text run at (302,213) width 4: " "
              RenderBlock {INPUT} at (310,218) size 13x13
              RenderInline {LABEL} at (0,0) size 139x21
                RenderText {#text} at (327,213) size 139x21
                  text run at (327,213) width 139: "Alexander's Empire"
              RenderText {#text} at (466,213) size 4x21
                text run at (466,213) width 4: " "
          RenderText {#text} at (0,0) size 0x0
          RenderInline {DIV} at (0,0) size 185x21
            RenderInline {DIV} at (0,0) size 185x21
              RenderText {#text} at (0,0) size 0x0
              RenderInline {A} at (0,0) size 50x21 [color=#0000EE]
                RenderImage {IMG} at (470,195) size 50x34
              RenderText {#text} at (520,213) size 4x21
                text run at (520,213) width 4: " "
              RenderBlock {INPUT} at (528,218) size 13x13
              RenderInline {LABEL} at (0,0) size 110x21
                RenderText {#text} at (545,213) size 110x21
                  text run at (545,213) width 110: "Ancient Greece"
              RenderText {#text} at (0,0) size 0x0
          RenderText {#text} at (0,0) size 0x0
          RenderInline {DIV} at (0,0) size 132x21
            RenderInline {DIV} at (0,0) size 132x21
              RenderText {#text} at (0,0) size 0x0
              RenderInline {A} at (0,0) size 50x21 [color=#0000EE]
                RenderImage {IMG} at (0,234) size 50x34
              RenderText {#text} at (50,252) size 4x21
                text run at (50,252) width 4: " "
              RenderBlock {INPUT} at (58,257) size 13x13
              RenderInline {LABEL} at (0,0) size 53x21
                RenderText {#text} at (75,252) size 53x21
                  text run at (75,252) width 53: "Classic"
              RenderText {#text} at (128,252) size 4x21
                text run at (128,252) width 4: " "
          RenderText {#text} at (0,0) size 0x0
          RenderInline {DIV} at (0,0) size 120x21
            RenderInline {DIV} at (0,0) size 120x21
              RenderText {#text} at (0,0) size 0x0
              RenderInline {A} at (0,0) size 50x21 [color=#0000EE]
                RenderImage {IMG} at (132,234) size 50x34
              RenderText {#text} at (182,252) size 4x21
                text run at (182,252) width 4: " "
              RenderBlock {INPUT} at (190,257) size 13x13
              RenderInline {LABEL} at (0,0) size 41x21
                RenderText {#text} at (207,252) size 41x21
                  text run at (207,252) width 41: "Africa"
              RenderText {#text} at (248,252) size 4x21
                text run at (248,252) width 4: " "
          RenderText {#text} at (0,0) size 0x0
          RenderInline {DIV} at (0,0) size 218x21
            RenderInline {DIV} at (0,0) size 218x21
              RenderText {#text} at (0,0) size 0x0
              RenderInline {A} at (0,0) size 50x21 [color=#0000EE]
                RenderImage {IMG} at (252,234) size 50x34
              RenderText {#text} at (302,252) size 4x21
                text run at (302,252) width 4: " "
              RenderBlock {INPUT} at (310,257) size 13x13
              RenderInline {LABEL} at (0,0) size 139x21
                RenderText {#text} at (327,252) size 139x21
                  text run at (327,252) width 139: "Alexander's Empire"
              RenderText {#text} at (466,252) size 4x21
                text run at (466,252) width 4: " "
          RenderText {#text} at (0,0) size 0x0
          RenderInline {DIV} at (0,0) size 185x21
            RenderInline {DIV} at (0,0) size 185x21
              RenderText {#text} at (0,0) size 0x0
              RenderInline {A} at (0,0) size 50x21 [color=#0000EE]
                RenderImage {IMG} at (470,234) size 50x34
              RenderText {#text} at (520,252) size 4x21
                text run at (520,252) width 4: " "
              RenderBlock {INPUT} at (528,257) size 13x13
              RenderInline {LABEL} at (0,0) size 110x21
                RenderText {#text} at (545,252) size 110x21
                  text run at (545,252) width 110: "Ancient Greece"
              RenderText {#text} at (0,0) size 0x0
          RenderText {#text} at (0,0) size 0x0
          RenderInline {DIV} at (0,0) size 132x21
            RenderInline {DIV} at (0,0) size 132x21
              RenderText {#text} at (0,0) size 0x0
              RenderInline {A} at (0,0) size 50x21 [color=#0000EE]
                RenderImage {IMG} at (0,273) size 50x34
              RenderText {#text} at (50,291) size 4x21
                text run at (50,291) width 4: " "
              RenderBlock {INPUT} at (58,296) size 13x13
              RenderInline {LABEL} at (0,0) size 53x21
                RenderText {#text} at (75,291) size 53x21
                  text run at (75,291) width 53: "Classic"
              RenderText {#text} at (128,291) size 4x21
                text run at (128,291) width 4: " "
          RenderText {#text} at (0,0) size 0x0
          RenderInline {DIV} at (0,0) size 120x21
            RenderInline {DIV} at (0,0) size 120x21
              RenderText {#text} at (0,0) size 0x0
              RenderInline {A} at (0,0) size 50x21 [color=#0000EE]
                RenderImage {IMG} at (132,273) size 50x34
              RenderText {#text} at (182,291) size 4x21
                text run at (182,291) width 4: " "
              RenderBlock {INPUT} at (190,296) size 13x13
              RenderInline {LABEL} at (0,0) size 41x21
                RenderText {#text} at (207,291) size 41x21
                  text run at (207,291) width 41: "Africa"
              RenderText {#text} at (248,291) size 4x21
                text run at (248,291) width 4: " "
          RenderText {#text} at (0,0) size 0x0
          RenderInline {DIV} at (0,0) size 218x21
            RenderInline {DIV} at (0,0) size 218x21
              RenderText {#text} at (0,0) size 0x0
              RenderInline {A} at (0,0) size 50x21 [color=#0000EE]
                RenderImage {IMG} at (252,273) size 50x34
              RenderText {#text} at (302,291) size 4x21
                text run at (302,291) width 4: " "
              RenderBlock {INPUT} at (310,296) size 13x13
              RenderInline {LABEL} at (0,0) size 139x21
                RenderText {#text} at (327,291) size 139x21
                  text run at (327,291) width 139: "Alexander's Empire"
              RenderText {#text} at (466,291) size 4x21
                text run at (466,291) width 4: " "
          RenderText {#text} at (0,0) size 0x0
          RenderInline {DIV} at (0,0) size 185x21
            RenderInline {DIV} at (0,0) size 185x21
              RenderText {#text} at (0,0) size 0x0
              RenderInline {A} at (0,0) size 50x21 [color=#0000EE]
                RenderImage {IMG} at (470,273) size 50x34
              RenderText {#text} at (520,291) size 4x21
                text run at (520,291) width 4: " "
              RenderBlock {INPUT} at (528,296) size 13x13
              RenderInline {LABEL} at (0,0) size 110x21
                RenderText {#text} at (545,291) size 110x21
                  text run at (545,291) width 110: "Ancient Greece"
              RenderText {#text} at (0,0) size 0x0
          RenderText {#text} at (0,0) size 0x0
          RenderInline {DIV} at (0,0) size 132x21
            RenderInline {DIV} at (0,0) size 132x21
              RenderText {#text} at (0,0) size 0x0
              RenderInline {A} at (0,0) size 50x21 [color=#0000EE]
                RenderImage {IMG} at (0,312) size 50x34
              RenderText {#text} at (50,330) size 4x21
                text run at (50,330) width 4: " "
              RenderBlock {INPUT} at (58,335) size 13x13
              RenderInline {LABEL} at (0,0) size 53x21
                RenderText {#text} at (75,330) size 53x21
                  text run at (75,330) width 53: "Classic"
              RenderText {#text} at (128,330) size 4x21
                text run at (128,330) width 4: " "
          RenderText {#text} at (0,0) size 0x0
          RenderInline {DIV} at (0,0) size 120x21
            RenderInline {DIV} at (0,0) size 120x21
              RenderText {#text} at (0,0) size 0x0
              RenderInline {A} at (0,0) size 50x21 [color=#0000EE]
                RenderImage {IMG} at (132,312) size 50x34
              RenderText {#text} at (182,330) size 4x21
                text run at (182,330) width 4: " "
              RenderBlock {INPUT} at (190,335) size 13x13
              RenderInline {LABEL} at (0,0) size 41x21
                RenderText {#text} at (207,330) size 41x21
                  text run at (207,330) width 41: "Africa"
              RenderText {#text} at (248,330) size 4x21
                text run at (248,330) width 4: " "
          RenderText {#text} at (0,0) size 0x0
          RenderInline {DIV} at (0,0) size 218x21
            RenderInline {DIV} at (0,0) size 218x21
              RenderText {#text} at (0,0) size 0x0
              RenderInline {A} at (0,0) size 50x21 [color=#0000EE]
                RenderImage {IMG} at (252,312) size 50x34
              RenderText {#text} at (302,330) size 4x21
                text run at (302,330) width 4: " "
              RenderBlock {INPUT} at (310,335) size 13x13
              RenderInline {LABEL} at (0,0) size 139x21
                RenderText {#text} at (327,330) size 139x21
                  text run at (327,330) width 139: "Alexander's Empire"
              RenderText {#text} at (466,330) size 4x21
                text run at (466,330) width 4: " "
          RenderText {#text} at (0,0) size 0x0
          RenderInline {DIV} at (0,0) size 185x21
            RenderInline {DIV} at (0,0) size 185x21
              RenderText {#text} at (0,0) size 0x0
              RenderInline {A} at (0,0) size 50x21 [color=#0000EE]
                RenderImage {IMG} at (470,312) size 50x34
              RenderText {#text} at (520,330) size 4x21
                text run at (520,330) width 4: " "
              RenderBlock {INPUT} at (528,335) size 13x13
              RenderInline {LABEL} at (0,0) size 110x21
                RenderText {#text} at (545,330) size 110x21
                  text run at (545,330) width 110: "Ancient Greece"
              RenderText {#text} at (0,0) size 0x0
          RenderText {#text} at (0,0) size 0x0
