layer at (0,0) size 800x600
  RenderView at (0,0) size 800x600
layer at (0,0) size 800x600
  RenderBlock {HTML} at (0,0) size 800x600
    RenderBody {BODY} at (8,8) size 784x584
      RenderBlock {P} at (0,0) size 784x42
        RenderText {#text} at (0,0) size 57x21
          text run at (0,0) width 57: "Test for "
        RenderInline {I} at (0,0) size 779x42
          RenderInline {A} at (0,0) size 329x21 [color=#0000EE]
            RenderText {#text} at (57,0) size 329x21
              text run at (57,0) width 329: "http://bugs.webkit.org/show_bug.cgi?id=13072"
          RenderText {#text} at (386,0) size 779x42
            text run at (386,0) width 4: " "
            text run at (390,0) width 389: "REGRESSION (r15617): white-space: pre-wrap breaks"
            text run at (0,21) width 249: "off the last character of a wide word"
        RenderText {#text} at (249,21) size 4x21
          text run at (249,21) width 4: "."
      RenderBlock {P} at (0,58) size 784x21
        RenderText {#text} at (0,0) size 247x21
          text run at (0,0) width 247: "The following line should not wrap."
      RenderBlock {DIV} at (0,95) size 150x21 [bgcolor=#D3D3D3]
        RenderText {#text} at (0,0) size 205x21
          text run at (0,0) width 205: "abcdefghijklmnopqrstuvwxyz"
