layer at (0,0) size 800x600
  RenderView at (0,0) size 800x600
layer at (0,0) size 800x600
  RenderBlock {HTML} at (0,0) size 800x600
    RenderBody {BODY} at (8,8) size 784x584
      RenderTable {TABLE} at (0,0) size 784x120 [border: (1px outset #808080)]
        RenderTableSection {TBODY} at (1,1) size 782x118
          RenderTableRow {TR} at (0,2) size 782x114
            RenderTableCell {TD} at (2,2) size 76x114 [border: (1px inset #808080)] [r=0 c=0 rs=1 cs=1]
              RenderText {#text} at (2,2) size 72x71
                text run at (2,2) width 60: "check for"
                text run at (2,20) width 56: "handling"
                text run at (2,38) width 14: "of"
                text run at (2,56) width 72: "whitespace"
              RenderImage {IMG} at (2,74) size 20x16
              RenderText {#text} at (22,76) size 69x35
                text run at (22,76) width 49: " around"
                text run at (2,94) width 63: "the image"
            RenderTableCell {TD} at (80,48) size 700x22 [border: (1px inset #808080)] [r=0 c=1 rs=1 cs=1]
              RenderText {#text} at (2,2) size 12x17
                text run at (2,2) width 12: "X"
      RenderBlock {HR} at (0,128) size 77x2 [border: (1px inset #000000)]
      RenderTable {TABLE} at (0,138) size 784x152 [border: (1px outset #808080)]
        RenderTableSection {TBODY} at (1,1) size 782x150
          RenderTableRow {TR} at (0,2) size 782x146
            RenderTableCell {TD} at (2,2) size 24x146 [border: (1px inset #808080)] [r=0 c=0 rs=1 cs=1]
              RenderText {#text} at (2,2) size 16x71
                text run at (2,2) width 15: "aa"
                text run at (2,20) width 16: "bb"
                text run at (2,38) width 15: "cc"
                text run at (2,56) width 16: "dd"
              RenderImage {IMG} at (2,74) size 20x16
              RenderText {#text} at (2,90) size 16x53
                text run at (2,90) width 15: "ee"
                text run at (2,108) width 11: "ff"
                text run at (2,126) width 16: "gg"
            RenderTableCell {TD} at (28,64) size 752x22 [border: (1px inset #808080)] [r=0 c=1 rs=1 cs=1]
              RenderText {#text} at (2,2) size 12x17
                text run at (2,2) width 12: "X"
      RenderBlock {HR} at (0,298) size 77x2 [border: (1px inset #000000)]
      RenderTable {TABLE} at (0,308) size 784x48 [border: (1px outset #808080)]
        RenderTableSection {TBODY} at (1,1) size 782x46
          RenderTableRow {TR} at (0,2) size 782x42
            RenderTableCell {TD} at (2,2) size 217x42 [border: (1px inset #808080)] [r=0 c=0 rs=1 cs=1]
              RenderText {#text} at (2,2) size 213x17
                text run at (2,2) width 213: "checkforhandlingofnowhitespace"
              RenderImage {IMG} at (2,20) size 20x16
              RenderText {#text} at (22,22) size 108x17
                text run at (22,22) width 108: " aroundtheimage"
            RenderTableCell {TD} at (221,12) size 559x22 [border: (1px inset #808080)] [r=0 c=1 rs=1 cs=1]
              RenderText {#text} at (2,2) size 12x17
                text run at (2,2) width 12: "X"
      RenderBlock {HR} at (0,364) size 77x2 [border: (1px inset #000000)]
      RenderTable {TABLE} at (0,374) size 784x30 [border: (1px outset #808080)]
        RenderTableSection {TBODY} at (1,1) size 782x28
          RenderTableRow {TR} at (0,2) size 782x24
            RenderTableCell {TD} at (2,2) size 340x24 [border: (1px inset #808080)] [r=0 c=0 rs=1 cs=1]
              RenderText {#text} at (2,4) size 213x17
                text run at (2,4) width 213: "checkforhandlingofnowhitespace"
              RenderImage {IMG} at (214,2) size 20x16
              RenderText {#text} at (234,4) size 104x17
                text run at (234,4) width 104: "aroundtheimage"
            RenderTableCell {TD} at (344,3) size 436x22 [border: (1px inset #808080)] [r=0 c=1 rs=1 cs=1]
              RenderText {#text} at (2,2) size 12x17
                text run at (2,2) width 12: "X"
