layer at (0,0) size 784x707
  RenderView at (0,0) size 784x600
layer at (0,0) size 784x707
  RenderBlock {HTML} at (0,0) size 784x707
    RenderBody {BODY} at (8,21) size 768x678
      RenderBlock {H1} at (0,0) size 768x37
        RenderText {#text} at (0,0) size 432x36
          text run at (0,0) width 432: "caption element: align attribute"
      RenderTable {TABLE} at (0,58) size 78x160 [border: (1px outset #808080)]
        RenderBlock {CAPTION} at (0,0) size 76x108
          RenderText {#text} at (3,0) size 70x107
            text run at (3,0) width 70: "The table's"
            text run at (12,18) width 52: "caption,"
            text run at (13,36) width 50: "with no"
            text run at (20,54) width 36: "align."
            text run at (6,72) width 64: "Default is"
            text run at (19,90) width 38: "\"top\"."
        RenderTableSection {TBODY} at (1,109) size 76x50
          RenderTableRow {TR} at (0,2) size 76x22
            RenderTableCell {TD} at (2,2) size 35x22 [border: (1px inset #808080)] [r=0 c=0 rs=1 cs=1]
              RenderText {#text} at (2,2) size 31x17
                text run at (2,2) width 31: "Data"
            RenderTableCell {TD} at (39,2) size 35x22 [border: (1px inset #808080)] [r=0 c=1 rs=1 cs=1]
              RenderText {#text} at (2,2) size 31x17
                text run at (2,2) width 31: "Data"
          RenderTableRow {TR} at (0,26) size 76x22
            RenderTableCell {TD} at (2,26) size 35x22 [border: (1px inset #808080)] [r=1 c=0 rs=1 cs=1]
              RenderText {#text} at (2,2) size 31x17
                text run at (2,2) width 31: "Data"
            RenderTableCell {TD} at (39,26) size 35x22 [border: (1px inset #808080)] [r=1 c=1 rs=1 cs=1]
              RenderText {#text} at (2,2) size 31x17
                text run at (2,2) width 31: "Data"
      RenderTable {TABLE} at (0,218) size 79x124 [border: (1px outset #808080)]
        RenderBlock {CAPTION} at (0,0) size 77x72
          RenderText {#text} at (3,0) size 79x71
            text run at (3,0) width 71: "The table's"
            text run at (12,18) width 53: "caption,"
            text run at (24,36) width 29: "with"
            text run at (0,54) width 79: "align=\"top\"."
        RenderTableSection {TBODY} at (1,73) size 77x50
          RenderTableRow {TR} at (0,2) size 77x22
            RenderTableCell {TD} at (2,2) size 35x22 [border: (1px inset #808080)] [r=0 c=0 rs=1 cs=1]
              RenderText {#text} at (2,2) size 31x17
                text run at (2,2) width 31: "Data"
            RenderTableCell {TD} at (39,2) size 36x22 [border: (1px inset #808080)] [r=0 c=1 rs=1 cs=1]
              RenderText {#text} at (2,2) size 31x17
                text run at (2,2) width 31: "Data"
          RenderTableRow {TR} at (0,26) size 77x22
            RenderTableCell {TD} at (2,26) size 35x22 [border: (1px inset #808080)] [r=1 c=0 rs=1 cs=1]
              RenderText {#text} at (2,2) size 31x17
                text run at (2,2) width 31: "Data"
            RenderTableCell {TD} at (39,26) size 36x22 [border: (1px inset #808080)] [r=1 c=1 rs=1 cs=1]
              RenderText {#text} at (2,2) size 31x17
                text run at (2,2) width 31: "Data"
      RenderTable {TABLE} at (0,342) size 104x106 [border: (1px outset #808080)]
        RenderBlock {CAPTION} at (0,52) size 102x54
          RenderText {#text} at (16,0) size 104x53
            text run at (16,0) width 70: "The table's"
            text run at (9,18) width 84: "caption, with"
            text run at (0,36) width 104: "align=\"bottom\"."
        RenderTableSection {TBODY} at (1,1) size 102x50
          RenderTableRow {TR} at (0,2) size 102x22
            RenderTableCell {TD} at (2,2) size 48x22 [border: (1px inset #808080)] [r=0 c=0 rs=1 cs=1]
              RenderText {#text} at (2,2) size 31x17
                text run at (2,2) width 31: "Data"
            RenderTableCell {TD} at (52,2) size 48x22 [border: (1px inset #808080)] [r=0 c=1 rs=1 cs=1]
              RenderText {#text} at (2,2) size 31x17
                text run at (2,2) width 31: "Data"
          RenderTableRow {TR} at (0,26) size 102x22
            RenderTableCell {TD} at (2,26) size 48x22 [border: (1px inset #808080)] [r=1 c=0 rs=1 cs=1]
              RenderText {#text} at (2,2) size 31x17
                text run at (2,2) width 31: "Data"
            RenderTableCell {TD} at (52,26) size 48x22 [border: (1px inset #808080)] [r=1 c=1 rs=1 cs=1]
              RenderText {#text} at (2,2) size 31x17
                text run at (2,2) width 31: "Data"
      RenderTable {TABLE} at (0,448) size 80x124 [border: (1px outset #808080)]
        RenderBlock {CAPTION} at (0,0) size 78x72
          RenderText {#text} at (4,0) size 80x71
            text run at (4,0) width 70: "The table's"
            text run at (13,18) width 52: "caption,"
            text run at (24,36) width 30: "with"
            text run at (0,54) width 80: "align=\"left\"."
        RenderTableSection {TBODY} at (1,73) size 78x50
          RenderTableRow {TR} at (0,2) size 78x22
            RenderTableCell {TD} at (2,2) size 36x22 [border: (1px inset #808080)] [r=0 c=0 rs=1 cs=1]
              RenderText {#text} at (2,2) size 31x17
                text run at (2,2) width 31: "Data"
            RenderTableCell {TD} at (40,2) size 36x22 [border: (1px inset #808080)] [r=0 c=1 rs=1 cs=1]
              RenderText {#text} at (2,2) size 31x17
                text run at (2,2) width 31: "Data"
          RenderTableRow {TR} at (0,26) size 78x22
            RenderTableCell {TD} at (2,26) size 36x22 [border: (1px inset #808080)] [r=1 c=0 rs=1 cs=1]
              RenderText {#text} at (2,2) size 31x17
                text run at (2,2) width 31: "Data"
            RenderTableCell {TD} at (40,26) size 36x22 [border: (1px inset #808080)] [r=1 c=1 rs=1 cs=1]
              RenderText {#text} at (2,2) size 31x17
                text run at (2,2) width 31: "Data"
      RenderTable {TABLE} at (0,572) size 89x106 [border: (1px outset #808080)]
        RenderBlock {CAPTION} at (0,0) size 87x54
          RenderText {#text} at (8,0) size 89x53
            text run at (8,0) width 71: "The table's"
            text run at (1,18) width 85: "caption, with"
            text run at (0,36) width 89: "align=\"right\"."
        RenderTableSection {TBODY} at (1,55) size 87x50
          RenderTableRow {TR} at (0,2) size 87x22
            RenderTableCell {TD} at (2,2) size 40x22 [border: (1px inset #808080)] [r=0 c=0 rs=1 cs=1]
              RenderText {#text} at (2,2) size 31x17
                text run at (2,2) width 31: "Data"
            RenderTableCell {TD} at (44,2) size 41x22 [border: (1px inset #808080)] [r=0 c=1 rs=1 cs=1]
              RenderText {#text} at (2,2) size 31x17
                text run at (2,2) width 31: "Data"
          RenderTableRow {TR} at (0,26) size 87x22
            RenderTableCell {TD} at (2,26) size 40x22 [border: (1px inset #808080)] [r=1 c=0 rs=1 cs=1]
              RenderText {#text} at (2,2) size 31x17
                text run at (2,2) width 31: "Data"
            RenderTableCell {TD} at (44,26) size 41x22 [border: (1px inset #808080)] [r=1 c=1 rs=1 cs=1]
              RenderText {#text} at (2,2) size 31x17
                text run at (2,2) width 31: "Data"
