layer at (0,0) size 784x893
  RenderView at (0,0) size 784x600
layer at (0,0) size 784x893
  RenderBlock {HTML} at (0,0) size 784x893
    RenderBody {BODY} at (8,8) size 768x869 [bgcolor=#FFFFFF]
      RenderBlock {H1} at (0,0) size 768x37
        RenderText {#text} at (0,0) size 360x36
          text run at (0,0) width 360: "Tests de conformit\x{E9} CSS 2"
      RenderBlock {H3} at (0,58) size 768x22
        RenderText {#text} at (0,0) size 152x21
          text run at (0,0) width 152: "Tableaux, test 13.8"
      RenderBlock {H6} at (0,104) size 768x12
        RenderText {#text} at (0,0) size 117x12
          text run at (0,0) width 117: "\x{A9} \x{C9}ditions Eyrolles 1998"
      RenderTable {TABLE} at (192,140) size 576x46
        RenderTableSection {TBODY} at (0,0) size 576x46
          RenderTableRow {TR} at (0,2) size 576x20
            RenderTableCell {TD} at (2,2) size 572x20 [r=0 c=0 rs=1 cs=3]
              RenderBlock {HR} at (1,9) size 572x2 [bgcolor=#808080] [border: (1px solid #808080)]
          RenderTableRow {TR} at (0,24) size 576x20
            RenderTableCell {TD} at (2,24) size 142x20 [r=1 c=0 rs=1 cs=1]
              RenderInline {A} at (0,0) size 89x17 [color=#0000EE]
                RenderText {#text} at (1,1) size 89x17
                  text run at (1,1) width 89: "test pr\x{E9}c\x{E9}dent"
            RenderTableCell {TD} at (146,24) size 284x20 [r=1 c=1 rs=1 cs=1]
              RenderInline {B} at (0,0) size 132x17
                RenderText {#text} at (76,1) size 132x17
                  text run at (76,1) width 132: "Cadres de tableaux"
            RenderTableCell {TD} at (432,24) size 142x20 [r=1 c=2 rs=1 cs=1]
              RenderInline {A} at (0,0) size 73x17 [color=#0000EE]
                RenderText {#text} at (68,1) size 73x17
                  text run at (68,1) width 73: "test suivant"
      RenderBlock {P} at (0,140) size 768x18
        RenderText {#text} at (0,0) size 4x17
          text run at (0,0) width 4: " "
      RenderBlock {P} at (0,174) size 768x18
        RenderText {#text} at (0,0) size 4x17
          text run at (0,0) width 4: " "
      RenderBlock {P} at (0,208) size 768x18
        RenderText {#text} at (0,0) size 385x17
          text run at (0,0) width 385: "Ce test v\x{E9}rifie que les cadres s'appliquent bien aux tableaux."
      RenderBlock {PRE} at (0,242) size 768x180
        RenderText {#text} at (0,0) size 562x180
          text run at (0,0) width 461: ".firsttable { border-width : 10pt ; border-color : yellow ;"
          text run at (460,0) width 1: " "
          text run at (0,15) width 305: "                border-style : double }"
          text run at (304,15) width 1: " "
          text run at (0,30) width 406: ".t1 { border-color : black ; border-style : double ;"
          text run at (405,30) width 1: " "
          text run at (0,45) width 281: "                border-width : 5pt }"
          text run at (280,45) width 1: " "
          text run at (0,60) width 383: ".t2 { border-color : red ; border-style : solid ;"
          text run at (382,60) width 1: " "
          text run at (0,75) width 289: "                border-width : 5pt  }"
          text run at (288,75) width 1: " "
          text run at (0,90) width 398: ".t3 { border-color : lime ; border-style : groove ;"
          text run at (397,90) width 1: " "
          text run at (0,105) width 289: "                border-width : 5pt  }"
          text run at (288,105) width 1: " "
          text run at (0,120) width 562: ".t4 { border-color : blue ; border-style : inset ; border-width : 5pt  }"
          text run at (561,120) width 1: " "
          text run at (0,135) width 469: ".secondtable { border-width : 10pt ; border-color : yellow ;"
          text run at (468,135) width 1: " "
          text run at (0,150) width 305: "                border-style : double ;"
          text run at (304,150) width 1: " "
          text run at (0,165) width 344: "                border-collapse : collapse }"
      RenderTable {TABLE} at (96,435) size 576x130 [border: (13px double #FFFF00)]
        RenderTableSection {TBODY} at (13,13) size 550x104
          RenderTableRow {TR} at (0,2) size 550x32
            RenderTableCell {TD} at (2,2) size 180x32 [border: (6px double #000000)] [r=0 c=0 rs=1 cs=1]
              RenderText {#text} at (7,7) size 8x17
                text run at (7,7) width 8: "1"
            RenderTableCell {TD} at (184,2) size 181x32 [border: (6px solid #FF0000)] [r=0 c=1 rs=1 cs=1]
              RenderText {#text} at (7,7) size 8x17
                text run at (7,7) width 8: "2"
            RenderTableCell {TD} at (367,2) size 181x32 [border: (6px groove #00FF00)] [r=0 c=2 rs=1 cs=1]
              RenderText {#text} at (7,7) size 8x17
                text run at (7,7) width 8: "3"
          RenderTableRow {TR} at (0,36) size 550x32
            RenderTableCell {TD} at (2,36) size 180x32 [border: (6px inset #0000FF)] [r=1 c=0 rs=1 cs=1]
              RenderText {#text} at (7,7) size 8x17
                text run at (7,7) width 8: "4"
            RenderTableCell {TD} at (184,36) size 181x32 [border: (6px double #000000)] [r=1 c=1 rs=1 cs=1]
              RenderText {#text} at (7,7) size 8x17
                text run at (7,7) width 8: "5"
            RenderTableCell {TD} at (367,36) size 181x32 [border: (6px solid #FF0000)] [r=1 c=2 rs=1 cs=1]
              RenderText {#text} at (7,7) size 8x17
                text run at (7,7) width 8: "6"
          RenderTableRow {TR} at (0,70) size 550x32
            RenderTableCell {TD} at (2,70) size 180x32 [border: (6px groove #00FF00)] [r=2 c=0 rs=1 cs=1]
              RenderText {#text} at (7,7) size 8x17
                text run at (7,7) width 8: "7"
            RenderTableCell {TD} at (184,70) size 181x32 [border: (6px inset #0000FF)] [r=2 c=1 rs=1 cs=1]
              RenderText {#text} at (7,7) size 8x17
                text run at (7,7) width 8: "8"
            RenderTableCell {TD} at (367,70) size 181x32 [border: (6px double #000000)] [r=2 c=2 rs=1 cs=1]
              RenderText {#text} at (7,7) size 8x17
                text run at (7,7) width 8: "9"
      RenderBlock (anonymous) at (0,565) size 768x18
        RenderBR {BR} at (0,0) size 0x17
      RenderTable {TABLE} at (96,583) size 576x98 [border: (6px double #FFFF00)]
        RenderTableSection {TBODY} at (6,6) size 563x85
          RenderTableRow {TR} at (0,0) size 563x30
            RenderTableCell {TD} at (0,0) size 204x30 [border: (7px double #000000)] [r=0 c=0 rs=1 cs=1]
              RenderText {#text} at (8,8) size 8x17
                text run at (8,8) width 8: "1"
            RenderTableCell {TD} at (204,0) size 164x30 [border: (7px solid #FF0000)] [r=0 c=1 rs=1 cs=1]
              RenderText {#text} at (4,8) size 8x17
                text run at (4,8) width 8: "2"
            RenderTableCell {TD} at (368,0) size 195x30 [border: (7px groove #00FF00)] [r=0 c=2 rs=1 cs=1]
              RenderText {#text} at (4,8) size 8x17
                text run at (4,8) width 8: "3"
          RenderTableRow {TR} at (0,30) size 563x26
            RenderTableCell {TD} at (0,30) size 204x26 [border: (3px inset #0000FF)] [r=1 c=0 rs=1 cs=1]
              RenderText {#text} at (8,4) size 8x17
                text run at (8,4) width 8: "4"
            RenderTableCell {TD} at (204,30) size 164x26 [border: (3px double #000000)] [r=1 c=1 rs=1 cs=1]
              RenderText {#text} at (4,4) size 8x17
                text run at (4,4) width 8: "5"
            RenderTableCell {TD} at (368,30) size 195x26 [border: (3px solid #FF0000)] [r=1 c=2 rs=1 cs=1]
              RenderText {#text} at (4,4) size 8x17
                text run at (4,4) width 8: "6"
          RenderTableRow {TR} at (0,56) size 563x29
            RenderTableCell {TD} at (0,56) size 204x29 [border: (3px groove #00FF00)] [r=2 c=0 rs=1 cs=1]
              RenderText {#text} at (8,4) size 8x17
                text run at (8,4) width 8: "7"
            RenderTableCell {TD} at (204,56) size 164x29 [border: (3px inset #0000FF)] [r=2 c=1 rs=1 cs=1]
              RenderText {#text} at (4,4) size 8x17
                text run at (4,4) width 8: "8"
            RenderTableCell {TD} at (368,56) size 195x29 [border: (3px double #000000)] [r=2 c=2 rs=1 cs=1]
              RenderText {#text} at (4,4) size 8x17
                text run at (4,4) width 8: "9"
      RenderBlock {P} at (0,697) size 768x36
        RenderText {#text} at (0,0) size 757x35
          text run at (0,0) width 311: "Si toutes les conditions exprim\x{E9}es par les r\x{E8}gles "
          text run at (310,0) width 447: "CSS ci-dessus se retrouvent dans le formatage des tableaux ci-dessus,"
          text run at (0,18) width 60: "la valeur "
          text run at (59,18) width 165: "de ce test est 2 et 0 sinon."
      RenderTable {TABLE} at (192,749) size 576x46
        RenderTableSection {TBODY} at (0,0) size 576x46
          RenderTableRow {TR} at (0,2) size 576x20
            RenderTableCell {TD} at (2,2) size 572x20 [r=0 c=0 rs=1 cs=3]
              RenderBlock {HR} at (1,9) size 572x2 [bgcolor=#808080] [border: (1px solid #808080)]
          RenderTableRow {TR} at (0,24) size 576x20
            RenderTableCell {TD} at (2,24) size 142x20 [r=1 c=0 rs=1 cs=1]
              RenderText {#text} at (1,1) size 89x17
                text run at (1,1) width 89: "test pr\x{E9}c\x{E9}dent"
            RenderTableCell {TD} at (146,24) size 284x20 [r=1 c=1 rs=1 cs=1]
              RenderInline {B} at (0,0) size 132x17
                RenderText {#text} at (76,1) size 132x17
                  text run at (76,1) width 132: "Cadres de tableaux"
            RenderTableCell {TD} at (432,24) size 142x20 [r=1 c=2 rs=1 cs=1]
              RenderInline {A} at (0,0) size 73x17 [color=#0000EE]
                RenderText {#text} at (68,1) size 73x17
                  text run at (68,1) width 73: "test suivant"
      RenderBlock {P} at (0,749) size 768x18
        RenderText {#text} at (0,0) size 4x17
          text run at (0,0) width 4: " "
      RenderBlock {P} at (0,783) size 768x18
        RenderText {#text} at (0,0) size 4x17
          text run at (0,0) width 4: " "
      RenderBlock {P} at (0,817) size 768x18
        RenderText {#text} at (0,0) size 4x17
          text run at (0,0) width 4: " "
      RenderBlock {P} at (0,851) size 768x18
        RenderText {#text} at (0,0) size 166x17
          text run at (0,0) width 166: "Auteur : Daniel Glazman."
