layer at (0,0) size 784x1336
  RenderView at (0,0) size 784x600
layer at (0,0) size 784x1336
  RenderBlock {HTML} at (0,0) size 784x1336
    RenderBody {BODY} at (8,8) size 768x1320
      RenderBlock {P} at (0,0) size 768x18
        RenderText {#text} at (0,0) size 359x17
          text run at (0,0) width 359: "100 percent height table inside 100 percent height table:"
      RenderTable {TABLE} at (0,34) size 768x584 [bgcolor=#808080] [border: (1px outset #808080)]
        RenderTableSection {TBODY} at (1,1) size 766x582
          RenderTableRow {TR} at (0,2) size 766x578
            RenderTableCell {TD} at (2,2) size 380x578 [border: (1px inset #808080)] [r=0 c=0 rs=1 cs=1]
              RenderTable {TABLE} at (2,2) size 376x574 [bgcolor=#FFFF00] [border: (1px outset #808080)]
                RenderTableSection {TBODY} at (1,1) size 374x572
                  RenderTableRow {TR} at (0,2) size 374x568
                    RenderTableCell {TD} at (2,275) size 184x22 [border: (1px inset #808080)] [r=0 c=0 rs=1 cs=1]
                      RenderText {#text} at (2,2) size 137x17
                        text run at (2,2) width 137: " Inner Table (yellow)"
                    RenderTableCell {TD} at (188,275) size 184x22 [border: (1px inset #808080)] [r=0 c=1 rs=1 cs=1]
                      RenderText {#text} at (2,2) size 4x17
                        text run at (2,2) width 4: " "
            RenderTableCell {TD} at (384,280) size 380x22 [border: (1px inset #808080)] [r=0 c=1 rs=1 cs=1]
              RenderText {#text} at (2,2) size 124x17
                text run at (2,2) width 124: " Outer Table (grey)"
      RenderBlock {P} at (0,634) size 768x18
        RenderText {#text} at (0,0) size 351x17
          text run at (0,0) width 351: "50 percent height table inside 100 percent height table:"
      RenderTable {TABLE} at (0,668) size 768x652 [bgcolor=#808080] [border: (1px outset #808080)]
        RenderTableSection {TBODY} at (1,1) size 766x650
          RenderTableRow {TR} at (0,2) size 766x646
            RenderTableCell {TD} at (2,162) size 380x325 [border: (1px inset #808080)] [r=0 c=0 rs=1 cs=1]
              RenderTable {TABLE} at (2,2) size 376x321 [bgcolor=#FFFF00] [border: (1px outset #808080)]
                RenderTableSection {TBODY} at (1,1) size 374x319
                  RenderTableRow {TR} at (0,2) size 374x315
                    RenderTableCell {TD} at (2,148) size 184x22 [border: (1px inset #808080)] [r=0 c=0 rs=1 cs=1]
                      RenderText {#text} at (2,2) size 137x17
                        text run at (2,2) width 137: " Inner Table (yellow)"
                    RenderTableCell {TD} at (188,148) size 184x22 [border: (1px inset #808080)] [r=0 c=1 rs=1 cs=1]
                      RenderText {#text} at (2,2) size 4x17
                        text run at (2,2) width 4: " "
            RenderTableCell {TD} at (384,314) size 380x22 [border: (1px inset #808080)] [r=0 c=1 rs=1 cs=1]
              RenderText {#text} at (2,2) size 124x17
                text run at (2,2) width 124: " Outer Table (grey)"
