layer at (0,0) size 800x600
  RenderView at (0,0) size 800x600
layer at (0,0) size 800x600
  RenderBlock {HTML} at (0,0) size 800x600
    RenderBody {BODY} at (8,8) size 784x584
      RenderBlock {P} at (0,0) size 784x18
        RenderText {#text} at (0,0) size 136x17
          text run at (0,0) width 136: "A paragraph of text"
      RenderTable {TABLE} at (0,34) size 280x342 [border: (1px outset #808080)]
        RenderTableSection {THEAD} at (1,1) size 278x26
          RenderTableRow {TR} at (0,2) size 278x22
            RenderTableCell {TH} at (2,2) size 67x22 [border: (1px inset #808080)] [r=0 c=0 rs=1 cs=1]
              RenderText {#text} at (2,2) size 63x17
                text run at (2,2) width 63: "column 1"
            RenderTableCell {TH} at (71,2) size 67x22 [border: (1px inset #808080)] [r=0 c=1 rs=1 cs=1]
              RenderText {#text} at (2,2) size 63x17
                text run at (2,2) width 63: "column 2"
            RenderTableCell {TH} at (140,2) size 67x22 [border: (1px inset #808080)] [r=0 c=2 rs=1 cs=1]
              RenderText {#text} at (2,2) size 63x17
                text run at (2,2) width 63: "column 3"
            RenderTableCell {TH} at (209,2) size 67x22 [border: (1px inset #808080)] [r=0 c=3 rs=1 cs=1]
              RenderText {#text} at (2,2) size 63x17
                text run at (2,2) width 63: "column 4"
        RenderTableSection {TBODY} at (1,27) size 278x314
          RenderTableRow {TR} at (0,2) size 278x22
            RenderTableCell {TD} at (2,2) size 67x22 [border: (1px inset #808080)] [r=0 c=0 rs=1 cs=1]
              RenderText {#text} at (2,2) size 24x17
                text run at (2,2) width 24: "one"
            RenderTableCell {TD} at (71,2) size 67x22 [border: (1px inset #808080)] [r=0 c=1 rs=1 cs=1]
              RenderText {#text} at (2,2) size 24x17
                text run at (2,2) width 24: "two"
            RenderTableCell {TD} at (140,2) size 67x22 [border: (1px inset #808080)] [r=0 c=2 rs=1 cs=1]
              RenderText {#text} at (2,2) size 32x17
                text run at (2,2) width 32: "three"
            RenderTableCell {TD} at (209,2) size 67x22 [border: (1px inset #808080)] [r=0 c=3 rs=1 cs=1]
              RenderText {#text} at (2,2) size 27x17
                text run at (2,2) width 27: "four"
          RenderTableRow {TR} at (0,26) size 278x22
            RenderTableCell {TD} at (2,26) size 67x22 [border: (1px inset #808080)] [r=1 c=0 rs=1 cs=1]
              RenderText {#text} at (2,2) size 24x17
                text run at (2,2) width 24: "one"
            RenderTableCell {TD} at (71,26) size 67x22 [border: (1px inset #808080)] [r=1 c=1 rs=1 cs=1]
              RenderText {#text} at (2,2) size 24x17
                text run at (2,2) width 24: "two"
            RenderTableCell {TD} at (140,26) size 67x22 [border: (1px inset #808080)] [r=1 c=2 rs=1 cs=1]
              RenderText {#text} at (2,2) size 32x17
                text run at (2,2) width 32: "three"
            RenderTableCell {TD} at (209,26) size 67x22 [border: (1px inset #808080)] [r=1 c=3 rs=1 cs=1]
              RenderText {#text} at (2,2) size 27x17
                text run at (2,2) width 27: "four"
          RenderTableRow {TR} at (0,50) size 278x22
            RenderTableCell {TD} at (2,50) size 67x22 [border: (1px inset #808080)] [r=2 c=0 rs=1 cs=1]
              RenderText {#text} at (2,2) size 24x17
                text run at (2,2) width 24: "one"
            RenderTableCell {TD} at (71,50) size 67x22 [border: (1px inset #808080)] [r=2 c=1 rs=1 cs=1]
              RenderText {#text} at (2,2) size 24x17
                text run at (2,2) width 24: "two"
            RenderTableCell {TD} at (140,50) size 67x22 [border: (1px inset #808080)] [r=2 c=2 rs=1 cs=1]
              RenderText {#text} at (2,2) size 32x17
                text run at (2,2) width 32: "three"
            RenderTableCell {TD} at (209,50) size 67x22 [border: (1px inset #808080)] [r=2 c=3 rs=1 cs=1]
              RenderText {#text} at (2,2) size 27x17
                text run at (2,2) width 27: "four"
          RenderTableRow {TR} at (0,74) size 278x22
            RenderTableCell {TD} at (2,74) size 67x22 [border: (1px inset #808080)] [r=3 c=0 rs=1 cs=1]
              RenderText {#text} at (2,2) size 24x17
                text run at (2,2) width 24: "one"
            RenderTableCell {TD} at (71,74) size 67x22 [border: (1px inset #808080)] [r=3 c=1 rs=1 cs=1]
              RenderText {#text} at (2,2) size 24x17
                text run at (2,2) width 24: "two"
            RenderTableCell {TD} at (140,74) size 67x22 [border: (1px inset #808080)] [r=3 c=2 rs=1 cs=1]
              RenderText {#text} at (2,2) size 32x17
                text run at (2,2) width 32: "three"
            RenderTableCell {TD} at (209,74) size 67x22 [border: (1px inset #808080)] [r=3 c=3 rs=1 cs=1]
              RenderText {#text} at (2,2) size 27x17
                text run at (2,2) width 27: "four"
          RenderTableRow {TR} at (0,98) size 278x22
            RenderTableCell {TD} at (2,98) size 67x22 [border: (1px inset #808080)] [r=4 c=0 rs=1 cs=1]
              RenderText {#text} at (2,2) size 24x17
                text run at (2,2) width 24: "one"
            RenderTableCell {TD} at (71,98) size 67x22 [border: (1px inset #808080)] [r=4 c=1 rs=1 cs=1]
              RenderText {#text} at (2,2) size 24x17
                text run at (2,2) width 24: "two"
            RenderTableCell {TD} at (140,98) size 67x22 [border: (1px inset #808080)] [r=4 c=2 rs=1 cs=1]
              RenderText {#text} at (2,2) size 32x17
                text run at (2,2) width 32: "three"
            RenderTableCell {TD} at (209,98) size 67x22 [border: (1px inset #808080)] [r=4 c=3 rs=1 cs=1]
              RenderText {#text} at (2,2) size 27x17
                text run at (2,2) width 27: "four"
          RenderTableRow {TR} at (0,122) size 278x22
            RenderTableCell {TD} at (2,122) size 67x22 [border: (1px inset #808080)] [r=5 c=0 rs=1 cs=1]
              RenderText {#text} at (2,2) size 24x17
                text run at (2,2) width 24: "one"
            RenderTableCell {TD} at (71,122) size 67x22 [border: (1px inset #808080)] [r=5 c=1 rs=1 cs=1]
              RenderText {#text} at (2,2) size 24x17
                text run at (2,2) width 24: "two"
            RenderTableCell {TD} at (140,122) size 67x22 [border: (1px inset #808080)] [r=5 c=2 rs=1 cs=1]
              RenderText {#text} at (2,2) size 32x17
                text run at (2,2) width 32: "three"
            RenderTableCell {TD} at (209,122) size 67x22 [border: (1px inset #808080)] [r=5 c=3 rs=1 cs=1]
              RenderText {#text} at (2,2) size 27x17
                text run at (2,2) width 27: "four"
          RenderTableRow {TR} at (0,146) size 278x22
            RenderTableCell {TD} at (2,146) size 67x22 [border: (1px inset #808080)] [r=6 c=0 rs=1 cs=1]
              RenderText {#text} at (2,2) size 24x17
                text run at (2,2) width 24: "one"
            RenderTableCell {TD} at (71,146) size 67x22 [border: (1px inset #808080)] [r=6 c=1 rs=1 cs=1]
              RenderText {#text} at (2,2) size 24x17
                text run at (2,2) width 24: "two"
            RenderTableCell {TD} at (140,146) size 67x22 [border: (1px inset #808080)] [r=6 c=2 rs=1 cs=1]
              RenderText {#text} at (2,2) size 32x17
                text run at (2,2) width 32: "three"
            RenderTableCell {TD} at (209,146) size 67x22 [border: (1px inset #808080)] [r=6 c=3 rs=1 cs=1]
              RenderText {#text} at (2,2) size 27x17
                text run at (2,2) width 27: "four"
          RenderTableRow {TR} at (0,170) size 278x22
            RenderTableCell {TD} at (2,170) size 67x22 [border: (1px inset #808080)] [r=7 c=0 rs=1 cs=1]
              RenderText {#text} at (2,2) size 24x17
                text run at (2,2) width 24: "one"
            RenderTableCell {TD} at (71,170) size 67x22 [border: (1px inset #808080)] [r=7 c=1 rs=1 cs=1]
              RenderText {#text} at (2,2) size 24x17
                text run at (2,2) width 24: "two"
            RenderTableCell {TD} at (140,170) size 67x22 [border: (1px inset #808080)] [r=7 c=2 rs=1 cs=1]
              RenderText {#text} at (2,2) size 32x17
                text run at (2,2) width 32: "three"
            RenderTableCell {TD} at (209,170) size 67x22 [border: (1px inset #808080)] [r=7 c=3 rs=1 cs=1]
              RenderText {#text} at (2,2) size 27x17
                text run at (2,2) width 27: "four"
          RenderTableRow {TR} at (0,194) size 278x22
            RenderTableCell {TD} at (2,194) size 67x22 [border: (1px inset #808080)] [r=8 c=0 rs=1 cs=1]
              RenderText {#text} at (2,2) size 24x17
                text run at (2,2) width 24: "one"
            RenderTableCell {TD} at (71,194) size 67x22 [border: (1px inset #808080)] [r=8 c=1 rs=1 cs=1]
              RenderText {#text} at (2,2) size 24x17
                text run at (2,2) width 24: "two"
            RenderTableCell {TD} at (140,194) size 67x22 [border: (1px inset #808080)] [r=8 c=2 rs=1 cs=1]
              RenderText {#text} at (2,2) size 32x17
                text run at (2,2) width 32: "three"
            RenderTableCell {TD} at (209,194) size 67x22 [border: (1px inset #808080)] [r=8 c=3 rs=1 cs=1]
              RenderText {#text} at (2,2) size 27x17
                text run at (2,2) width 27: "four"
          RenderTableRow {TR} at (0,218) size 278x22
            RenderTableCell {TD} at (2,218) size 67x22 [border: (1px inset #808080)] [r=9 c=0 rs=1 cs=1]
              RenderText {#text} at (2,2) size 24x17
                text run at (2,2) width 24: "one"
            RenderTableCell {TD} at (71,218) size 67x22 [border: (1px inset #808080)] [r=9 c=1 rs=1 cs=1]
              RenderText {#text} at (2,2) size 24x17
                text run at (2,2) width 24: "two"
            RenderTableCell {TD} at (140,218) size 67x22 [border: (1px inset #808080)] [r=9 c=2 rs=1 cs=1]
              RenderText {#text} at (2,2) size 32x17
                text run at (2,2) width 32: "three"
            RenderTableCell {TD} at (209,218) size 67x22 [border: (1px inset #808080)] [r=9 c=3 rs=1 cs=1]
              RenderText {#text} at (2,2) size 27x17
                text run at (2,2) width 27: "four"
          RenderTableRow {TR} at (0,242) size 278x22
            RenderTableCell {TD} at (2,242) size 67x22 [border: (1px inset #808080)] [r=10 c=0 rs=1 cs=1]
              RenderText {#text} at (2,2) size 24x17
                text run at (2,2) width 24: "one"
            RenderTableCell {TD} at (71,242) size 67x22 [border: (1px inset #808080)] [r=10 c=1 rs=1 cs=1]
              RenderText {#text} at (2,2) size 24x17
                text run at (2,2) width 24: "two"
            RenderTableCell {TD} at (140,242) size 67x22 [border: (1px inset #808080)] [r=10 c=2 rs=1 cs=1]
              RenderText {#text} at (2,2) size 32x17
                text run at (2,2) width 32: "three"
            RenderTableCell {TD} at (209,242) size 67x22 [border: (1px inset #808080)] [r=10 c=3 rs=1 cs=1]
              RenderText {#text} at (2,2) size 27x17
                text run at (2,2) width 27: "four"
          RenderTableRow {TR} at (0,266) size 278x22
            RenderTableCell {TD} at (2,266) size 67x22 [border: (1px inset #808080)] [r=11 c=0 rs=1 cs=1]
              RenderText {#text} at (2,2) size 24x17
                text run at (2,2) width 24: "one"
            RenderTableCell {TD} at (71,266) size 67x22 [border: (1px inset #808080)] [r=11 c=1 rs=1 cs=1]
              RenderText {#text} at (2,2) size 24x17
                text run at (2,2) width 24: "two"
            RenderTableCell {TD} at (140,266) size 67x22 [border: (1px inset #808080)] [r=11 c=2 rs=1 cs=1]
              RenderText {#text} at (2,2) size 32x17
                text run at (2,2) width 32: "three"
            RenderTableCell {TD} at (209,266) size 67x22 [border: (1px inset #808080)] [r=11 c=3 rs=1 cs=1]
              RenderText {#text} at (2,2) size 27x17
                text run at (2,2) width 27: "four"
          RenderTableRow {TR} at (0,290) size 278x22
            RenderTableCell {TD} at (2,290) size 67x22 [border: (1px inset #808080)] [r=12 c=0 rs=1 cs=1]
              RenderText {#text} at (2,2) size 24x17
                text run at (2,2) width 24: "one"
            RenderTableCell {TD} at (71,290) size 67x22 [border: (1px inset #808080)] [r=12 c=1 rs=1 cs=1]
              RenderText {#text} at (2,2) size 24x17
                text run at (2,2) width 24: "two"
            RenderTableCell {TD} at (140,290) size 67x22 [border: (1px inset #808080)] [r=12 c=2 rs=1 cs=1]
              RenderText {#text} at (2,2) size 32x17
                text run at (2,2) width 32: "three"
            RenderTableCell {TD} at (209,290) size 67x22 [border: (1px inset #808080)] [r=12 c=3 rs=1 cs=1]
              RenderText {#text} at (2,2) size 27x17
                text run at (2,2) width 27: "four"
