layer at (0,0) size 800x600
  RenderView at (0,0) size 800x600
layer at (0,0) size 800x600
  RenderBlock {HTML} at (0,0) size 800x600
    RenderBody {BODY} at (8,8) size 784x584
      RenderBlock (anonymous) at (0,0) size 784x18
        RenderText {#text} at (0,0) size 4x17
          text run at (0,0) width 4: " "
      RenderTable {TABLE} at (0,18) size 69x52 [border: (1px outset #808080)]
        RenderTableSection {TBODY} at (1,1) size 67x50
          RenderTableRow {TR} at (0,2) size 67x0
            RenderTableCell {TD} at (2,2) size 63x22 [border: (1px inset #808080)] [r=0 c=0 rs=2 cs=1]
              RenderText {#text} at (2,2) size 59x17
                text run at (2,2) width 59: "First row"
          RenderTableRow {TR} at (0,4) size 67x20
          RenderTableRow {TR} at (0,26) size 67x22
            RenderTableCell {TD} at (2,26) size 63x22 [border: (1px inset #808080)] [r=2 c=0 rs=1 cs=1]
              RenderText {#text} at (2,2) size 57x17
                text run at (2,2) width 57: "Last row"
      RenderBlock (anonymous) at (0,70) size 784x18
        RenderText {#text} at (0,0) size 8x17
          text run at (0,0) width 8: "  "
      RenderTable {TABLE} at (0,88) size 69x52 [border: (1px outset #808080)]
        RenderTableSection {TBODY} at (1,1) size 67x50
          RenderTableRow {TR} at (0,2) size 67x0
            RenderTableCell {TD} at (2,2) size 63x22 [border: (1px inset #808080)] [r=0 c=0 rs=3 cs=1]
              RenderText {#text} at (2,2) size 59x17
                text run at (2,2) width 59: "First row"
          RenderTableRow {TR} at (0,4) size 67x0
          RenderTableRow {TR} at (0,6) size 67x18
          RenderTableRow {TR} at (0,26) size 67x22
            RenderTableCell {TD} at (2,26) size 63x22 [border: (1px inset #808080)] [r=3 c=0 rs=1 cs=1]
              RenderText {#text} at (2,2) size 57x17
                text run at (2,2) width 57: "Last row"
      RenderBlock (anonymous) at (0,140) size 784x18
        RenderText {#text} at (0,0) size 12x17
          text run at (0,0) width 12: "   "
      RenderTable {TABLE} at (0,158) size 69x52 [border: (1px outset #808080)]
        RenderTableSection {TBODY} at (1,1) size 67x50
          RenderTableRow {TR} at (0,2) size 67x0
            RenderTableCell {TD} at (2,2) size 63x22 [border: (1px inset #808080)] [r=0 c=0 rs=4 cs=1]
              RenderText {#text} at (2,2) size 59x17
                text run at (2,2) width 59: "First row"
          RenderTableRow {TR} at (0,4) size 67x0
          RenderTableRow {TR} at (0,6) size 67x0
          RenderTableRow {TR} at (0,8) size 67x16
          RenderTableRow {TR} at (0,26) size 67x22
            RenderTableCell {TD} at (2,26) size 63x22 [border: (1px inset #808080)] [r=4 c=0 rs=1 cs=1]
              RenderText {#text} at (2,2) size 57x17
                text run at (2,2) width 57: "Last row"
      RenderBlock (anonymous) at (0,210) size 784x36
        RenderBR {BR} at (0,0) size 0x17
        RenderText {#text} at (0,18) size 110x17
          text run at (0,18) width 110: "an additional test"
      RenderTable {TABLE} at (0,246) size 33x52 [border: (1px outset #808080)]
        RenderTableSection {TBODY} at (1,1) size 31x50
          RenderTableRow {TR} at (0,2) size 31x0
            RenderTableCell {TD} at (2,2) size 27x22 [border: (1px inset #808080)] [r=0 c=0 rs=2 cs=1]
              RenderText {#text} at (2,2) size 8x17
                text run at (2,2) width 8: "1"
          RenderTableRow {TR} at (0,4) size 31x20
          RenderTableRow {TR} at (0,26) size 31x22
            RenderTableCell {TD} at (2,26) size 27x22 [border: (1px inset #808080)] [r=2 c=0 rs=1 cs=1]
              RenderText {#text} at (2,2) size 23x17
                text run at (2,2) width 23: "abc"
