layer at (0,0) size 785x4337
  RenderView at (0,0) size 785x600
layer at (0,0) size 785x4337
  RenderBlock {HTML} at (0,0) size 785x4337
    RenderBody {BODY} at (8,8) size 769x4321
      RenderBlock {DIV} at (0,0) size 769x4306
        RenderBlock (anonymous) at (0,0) size 769x18
          RenderText {#text} at (0,0) size 4x19
            text run at (0,0) width 4: " "
        RenderTable {TABLE} at (67,18) size 473x4243
          RenderTableSection {TBODY} at (0,0) size 473x4243
            RenderTableRow {TR} at (0,0) size 473x21
              RenderTableCell {TD} at (0,0) size 473x21 [r=0 c=0 rs=1 cs=4]
                RenderBlock {P} at (7,0) size 459x0
                  RenderInline {B} at (0,0) size 0x0
                    RenderInline {SPAN} at (0,0) size 0x0
                      RenderInline {O:P} at (0,0) size 0x0
                RenderBlock {P} at (7,0) size 459x21
                  RenderInline {B} at (0,0) size 405x15
                    RenderInline {SPAN} at (0,0) size 405x15
                      RenderInline {FONT} at (0,0) size 405x21 [color=#008080]
                        RenderText {#text} at (27,0) size 405x21
                          text run at (27,0) width 190: "Radio Channel usage at "
                          text run at (216,0) width 216: "Bayside.    Rev date 6-25-01"
                RenderBlock {P} at (7,21) size 459x0
                  RenderInline {B} at (0,0) size 0x0
                    RenderInline {SPAN} at (0,0) size 0x0
                      RenderInline {O:P} at (0,0) size 0x0
            RenderTableRow {TR} at (0,21) size 473x34
              RenderTableCell {TD} at (0,21) size 98x34 [r=1 c=0 rs=1 cs=1]
                RenderInline {B} at (0,0) size 54x36
                  RenderInline {SPAN} at (0,0) size 54x35
                    RenderText {#text} at (22,0) size 54x35
                      text run at (22,0) width 54: "Channel"
                      text run at (23,17) width 52: "number"
                RenderText {#text} at (0,0) size 0x0
              RenderTableCell {TD} at (98,21) size 170x17 [r=1 c=1 rs=1 cs=1]
                RenderInline {B} at (0,0) size 96x19
                  RenderInline {SPAN} at (0,0) size 96x18
                    RenderText {#text} at (37,0) size 96x18
                      text run at (37,0) width 96: "Member name"
                RenderText {#text} at (0,0) size 0x0
              RenderTableCell {TD} at (268,21) size 99x34 [r=1 c=2 rs=1 cs=1]
                RenderBlock {P} at (7,0) size 85x17
                  RenderInline {B} at (0,0) size 47x15
                    RenderInline {SPAN} at (0,0) size 47x18
                      RenderText {#text} at (19,0) size 47x18
                        text run at (19,0) width 47: "Proper"
                      RenderInline {SPAN} at (0,0) size 1x18
                        RenderInline {O:P} at (0,0) size 1x18
                RenderBlock {P} at (7,17) size 85x17
                  RenderInline {B} at (0,0) size 37x15
                    RenderInline {SPAN} at (0,0) size 37x18
                      RenderText {#text} at (24,0) size 37x18
                        text run at (24,0) width 37: "Plane"
              RenderTableCell {TD} at (367,21) size 106x34 [r=1 c=3 rs=1 cs=1]
                RenderBlock {P} at (7,0) size 92x17
                  RenderInline {B} at (0,0) size 70x15
                    RenderInline {SPAN} at (0,0) size 70x18
                      RenderText {#text} at (11,0) size 70x18
                        text run at (11,0) width 70: "Helicopter"
                      RenderInline {SPAN} at (0,0) size 1x18
                        RenderInline {O:P} at (0,0) size 1x18
                RenderBlock {P} at (7,17) size 92x17
                  RenderInline {B} at (0,0) size 50x15
                    RenderInline {SPAN} at (0,0) size 50x18
                      RenderText {#text} at (21,0) size 50x18
                        text run at (21,0) width 50: "thingy.-"
            RenderTableRow {TR} at (0,55) size 473x30
              RenderTableCell {TD} at (0,55) size 98x15 [r=2 c=0 rs=1 cs=1]
                RenderBlock {P} at (7,0) size 84x15
                  RenderText {#text} at (35,0) size 14x15
                    text run at (35,0) width 14: "00"
                  RenderInline {SPAN} at (0,0) size 0x15
                    RenderInline {O:P} at (0,0) size 0x15
              RenderTableCell {TD} at (98,55) size 170x30 [r=2 c=1 rs=1 cs=1]
                RenderBlock {P} at (7,0) size 156x15
                  RenderText {#text} at (0,0) size 55x15
                    text run at (0,0) width 55: "Paul Scott"
                RenderBlock {P} at (7,15) size 156x15
                  RenderText {#text} at (0,0) size 93x15
                    text run at (0,0) width 93: "Donald Carvalho"
                  RenderInline {SPAN} at (0,0) size 0x15
                    RenderInline {O:P} at (0,0) size 0x15
              RenderTableCell {TD} at (268,55) size 99x15 [r=2 c=2 rs=1 cs=1]
                RenderBlock {P} at (7,0) size 85x15
                  RenderText {#text} at (34,0) size 17x15
                    text run at (34,0) width 17: "No"
                  RenderInline {SPAN} at (0,0) size 1x15
                    RenderInline {O:P} at (0,0) size 1x15
              RenderTableCell {TD} at (367,55) size 106x15 [r=2 c=3 rs=1 cs=1]
                RenderBlock {P} at (7,0) size 92x15
                  RenderText {#text} at (36,0) size 20x15
                    text run at (36,0) width 20: "Yes"
                  RenderInline {SPAN} at (0,0) size 0x15
                    RenderInline {O:P} at (0,0) size 0x15
            RenderTableRow {TR} at (0,85) size 473x15
              RenderTableCell {TD} at (0,85) size 98x15 [r=3 c=0 rs=1 cs=1]
                RenderBlock {P} at (7,0) size 84x15
                  RenderText {#text} at (35,0) size 14x15
                    text run at (35,0) width 14: "01"
                  RenderInline {SPAN} at (0,0) size 0x15
                    RenderInline {O:P} at (0,0) size 0x15
              RenderTableCell {TD} at (98,85) size 170x15 [r=3 c=1 rs=1 cs=1]
                RenderBlock {P} at (7,0) size 156x15
                  RenderText {#text} at (0,0) size 55x15
                    text run at (0,0) width 55: "Paul Scott"
                  RenderInline {SPAN} at (0,0) size 0x15
                    RenderInline {O:P} at (0,0) size 0x15
              RenderTableCell {TD} at (268,85) size 99x15 [r=3 c=2 rs=1 cs=1]
                RenderBlock {P} at (7,0) size 85x15
                  RenderText {#text} at (34,0) size 17x15
                    text run at (34,0) width 17: "No"
                  RenderInline {SPAN} at (0,0) size 1x15
                    RenderInline {O:P} at (0,0) size 1x15
              RenderTableCell {TD} at (367,85) size 106x15 [r=3 c=3 rs=1 cs=1]
                RenderBlock {P} at (7,0) size 92x15
                  RenderText {#text} at (36,0) size 20x15
                    text run at (36,0) width 20: "Yes"
                  RenderInline {SPAN} at (0,0) size 0x15
                    RenderInline {O:P} at (0,0) size 0x15
            RenderTableRow {TR} at (0,100) size 473x18
              RenderTableCell {TD} at (0,100) size 98x15 [r=4 c=0 rs=1 cs=1]
                RenderBlock {P} at (7,0) size 84x15
                  RenderInline {FONT} at (0,0) size 14x15
                    RenderText {#text} at (35,0) size 14x15
                      text run at (35,0) width 14: "02"
                  RenderText {#text} at (0,0) size 0x0
              RenderTableCell {TD} at (98,100) size 170x15 [r=4 c=1 rs=1 cs=1]
                RenderInline {FONT} at (0,0) size 56x15
                  RenderText {#text} at (7,0) size 56x15
                    text run at (7,0) width 56: "Don Coon"
                RenderText {#text} at (0,0) size 0x0
              RenderTableCell {TD} at (268,100) size 99x18 [r=4 c=2 rs=1 cs=1]
                RenderText {#text} at (7,0) size 4x19
                  text run at (7,0) width 4: " "
              RenderTableCell {TD} at (367,100) size 106x18 [r=4 c=3 rs=1 cs=1]
                RenderText {#text} at (7,0) size 4x19
                  text run at (7,0) width 4: " "
            RenderTableRow {TR} at (0,118) size 473x30
              RenderTableCell {TD} at (0,118) size 98x15 [r=5 c=0 rs=1 cs=1]
                RenderInline {FONT} at (0,0) size 14x15
                  RenderText {#text} at (42,0) size 14x15
                    text run at (42,0) width 14: "05"
                RenderText {#text} at (0,0) size 0x0
              RenderTableCell {TD} at (98,118) size 170x30 [r=5 c=1 rs=1 cs=1]
                RenderBlock {P} at (7,0) size 156x15
                  RenderInline {FONT} at (0,0) size 55x15
                    RenderText {#text} at (0,0) size 55x15
                      text run at (0,0) width 55: "Paul Scott"
                RenderBlock {P} at (7,15) size 156x15
                  RenderInline {FONT} at (0,0) size 51x15
                    RenderText {#text} at (0,0) size 51x15
                      text run at (0,0) width 51: "Bill Hunt"
                    RenderInline {SPAN} at (0,0) size 0x15
                      RenderInline {O:P} at (0,0) size 0x15
              RenderTableCell {TD} at (268,118) size 99x15 [r=5 c=2 rs=1 cs=1]
                RenderBlock {P} at (7,0) size 85x15
                  RenderInline {FONT} at (0,0) size 17x15
                    RenderText {#text} at (34,0) size 17x15
                      text run at (34,0) width 17: "No"
                    RenderInline {SPAN} at (0,0) size 1x15
                      RenderInline {O:P} at (0,0) size 1x15
              RenderTableCell {TD} at (367,118) size 106x15 [r=5 c=3 rs=1 cs=1]
                RenderBlock {P} at (7,0) size 92x15
                  RenderInline {FONT} at (0,0) size 20x15
                    RenderText {#text} at (36,0) size 20x15
                      text run at (36,0) width 20: "Yes"
                    RenderInline {SPAN} at (0,0) size 0x15
                      RenderInline {O:P} at (0,0) size 0x15
            RenderTableRow {TR} at (0,148) size 473x30
              RenderTableCell {TD} at (0,148) size 98x15 [r=6 c=0 rs=1 cs=1]
                RenderInline {FONT} at (0,0) size 14x15
                  RenderText {#text} at (42,0) size 14x15
                    text run at (42,0) width 14: "06"
                RenderText {#text} at (0,0) size 0x0
              RenderTableCell {TD} at (98,148) size 170x30 [r=6 c=1 rs=1 cs=1]
                RenderInline {FONT} at (0,0) size 130x30
                  RenderText {#text} at (7,0) size 130x30
                    text run at (7,0) width 130: "Gene Pheiffer                   "
                    text run at (7,15) width 82: "Alberto Lanzas"
                RenderText {#text} at (0,0) size 0x0
              RenderTableCell {TD} at (268,148) size 99x30 [r=6 c=2 rs=1 cs=1]
                RenderBlock {P} at (7,0) size 85x15
                  RenderText {#text} at (32,0) size 21x15
                    text run at (32,0) width 21: "Yes"
                RenderBlock {P} at (7,15) size 85x15
                  RenderText {#text} at (32,0) size 21x15
                    text run at (32,0) width 21: "Yes"
              RenderTableCell {TD} at (367,148) size 106x30 [r=6 c=3 rs=1 cs=1]
                RenderBlock (anonymous) at (7,0) size 92x15
                  RenderInline {SPAN} at (0,0) size 16x19
                    RenderInline {FONT} at (0,0) size 16x15
                      RenderText {#text} at (38,0) size 16x15
                        text run at (38,0) width 16: "No"
                  RenderText {#text} at (0,0) size 0x0
                RenderBlock {P} at (7,15) size 92x15
                  RenderText {#text} at (36,0) size 20x15
                    text run at (36,0) width 20: "Yes"
            RenderTableRow {TR} at (0,178) size 473x15
              RenderTableCell {TD} at (0,178) size 98x15 [r=7 c=0 rs=1 cs=1]
                RenderBlock {P} at (7,0) size 84x15
                  RenderInline {FONT} at (0,0) size 14x15
                    RenderText {#text} at (35,0) size 14x15
                      text run at (35,0) width 14: "07"
                  RenderText {#text} at (0,0) size 0x0
              RenderTableCell {TD} at (98,178) size 170x15 [r=7 c=1 rs=1 cs=1]
                RenderInline {FONT} at (0,0) size 51x15
                  RenderText {#text} at (7,0) size 51x15
                    text run at (7,0) width 51: "Phil Cole"
                RenderText {#text} at (0,0) size 0x0
              RenderTableCell {TD} at (268,178) size 99x15 [r=7 c=2 rs=1 cs=1]
                RenderBlock {P} at (7,0) size 85x15
                  RenderInline {FONT} at (0,0) size 21x15
                    RenderText {#text} at (32,0) size 21x15
                      text run at (32,0) width 21: "Yes"
                  RenderText {#text} at (0,0) size 0x0
              RenderTableCell {TD} at (367,178) size 106x15 [r=7 c=3 rs=1 cs=1]
                RenderBlock {P} at (7,0) size 92x15
                  RenderInline {FONT} at (0,0) size 20x15
                    RenderText {#text} at (36,0) size 20x15
                      text run at (36,0) width 20: "Yes"
                  RenderText {#text} at (0,0) size 0x0
            RenderTableRow {TR} at (0,193) size 473x30
              RenderTableCell {TD} at (0,193) size 98x15 [r=8 c=0 rs=1 cs=1]
                RenderBlock {P} at (7,0) size 84x15
                  RenderText {#text} at (35,0) size 14x15
                    text run at (35,0) width 14: "08"
                  RenderInline {SPAN} at (0,0) size 0x15
                    RenderInline {O:P} at (0,0) size 0x15
              RenderTableCell {TD} at (98,193) size 170x30 [r=8 c=1 rs=1 cs=1]
                RenderBlock {P} at (7,0) size 156x15
                  RenderText {#text} at (0,0) size 55x15
                    text run at (0,0) width 55: "Paul Scott"
                RenderBlock {P} at (7,15) size 156x15
                  RenderText {#text} at (0,0) size 73x15
                    text run at (0,0) width 73: "Gene Pheiffer"
                  RenderInline {SPAN} at (0,0) size 0x15
                    RenderInline {O:P} at (0,0) size 0x15
              RenderTableCell {TD} at (268,193) size 99x30 [r=8 c=2 rs=1 cs=1]
                RenderBlock {P} at (7,0) size 85x15
                  RenderText {#text} at (34,0) size 17x15
                    text run at (34,0) width 17: "No"
                RenderBlock {P} at (7,15) size 85x15
                  RenderText {#text} at (32,0) size 21x15
                    text run at (32,0) width 21: "Yes"
                  RenderInline {SPAN} at (0,0) size 1x15
                    RenderInline {O:P} at (0,0) size 1x15
              RenderTableCell {TD} at (367,193) size 106x30 [r=8 c=3 rs=1 cs=1]
                RenderBlock {P} at (7,0) size 92x15
                  RenderText {#text} at (36,0) size 20x15
                    text run at (36,0) width 20: "Yes"
                RenderBlock {P} at (7,15) size 92x15
                  RenderText {#text} at (38,0) size 16x15
                    text run at (38,0) width 16: "No"
                  RenderInline {SPAN} at (0,0) size 0x15
                    RenderInline {O:P} at (0,0) size 0x15
            RenderTableRow {TR} at (0,223) size 473x45
              RenderTableCell {TD} at (0,223) size 98x15 [r=9 c=0 rs=1 cs=1]
                RenderBlock {P} at (7,0) size 84x15
                  RenderText {#text} at (3,0) size 78x15
                    text run at (3,0) width 78: "Programmable"
                  RenderInline {SPAN} at (0,0) size 0x15
                    RenderInline {O:P} at (0,0) size 0x15
              RenderTableCell {TD} at (98,223) size 170x45 [r=9 c=1 rs=1 cs=1]
                RenderBlock {P} at (7,0) size 156x15
                  RenderText {#text} at (0,0) size 104x15
                    text run at (0,0) width 104: "Richard Pevehouse"
                  RenderInline {SPAN} at (0,0) size 0x15
                    RenderInline {O:P} at (0,0) size 0x15
                RenderBlock {P} at (7,15) size 156x15
                  RenderText {#text} at (0,0) size 61x15
                    text run at (0,0) width 61: "Gary Heath"
                RenderBlock {P} at (7,30) size 156x15
                  RenderText {#text} at (0,0) size 62x15
                    text run at (0,0) width 62: "Scott Hersh"
                  RenderInline {SPAN} at (0,0) size 0x15
                    RenderInline {O:P} at (0,0) size 0x15
              RenderTableCell {TD} at (268,223) size 99x30 [r=9 c=2 rs=1 cs=1]
                RenderBlock {P} at (7,0) size 85x15
                  RenderText {#text} at (32,0) size 21x15
                    text run at (32,0) width 21: "Yes"
                  RenderInline {SPAN} at (0,0) size 1x15
                    RenderInline {O:P} at (0,0) size 1x15
                RenderBlock {P} at (7,15) size 85x15
                  RenderText {#text} at (34,0) size 17x15
                    text run at (34,0) width 17: "No"
                  RenderInline {SPAN} at (0,0) size 1x15
                    RenderInline {O:P} at (0,0) size 1x15
              RenderTableCell {TD} at (367,223) size 106x30 [r=9 c=3 rs=1 cs=1]
                RenderBlock {P} at (7,0) size 92x15
                  RenderText {#text} at (38,0) size 16x15
                    text run at (38,0) width 16: "No"
                  RenderInline {SPAN} at (0,0) size 0x15
                    RenderInline {O:P} at (0,0) size 0x15
                RenderBlock {P} at (7,15) size 92x15
                  RenderText {#text} at (36,0) size 20x15
                    text run at (36,0) width 20: "Yes"
                  RenderInline {SPAN} at (0,0) size 0x15
                    RenderInline {O:P} at (0,0) size 0x15
            RenderTableRow {TR} at (0,268) size 473x105
              RenderTableCell {TD} at (0,268) size 98x15 [r=10 c=0 rs=1 cs=1]
                RenderBlock {P} at (7,0) size 84x15
                  RenderText {#text} at (35,0) size 14x15
                    text run at (35,0) width 14: "11"
                  RenderInline {SPAN} at (0,0) size 0x15
                    RenderInline {O:P} at (0,0) size 0x15
              RenderTableCell {TD} at (98,268) size 170x105 [r=10 c=1 rs=1 cs=1]
                RenderBlock {P} at (7,0) size 156x15
                  RenderText {#text} at (0,0) size 80x15
                    text run at (0,0) width 80: "George Cowan"
                  RenderInline {SPAN} at (0,0) size 0x15
                    RenderInline {O:P} at (0,0) size 0x15
                RenderBlock {P} at (7,15) size 156x15
                  RenderText {#text} at (0,0) size 75x15
                    text run at (0,0) width 75: "Rick Klement"
                  RenderInline {SPAN} at (0,0) size 0x15
                    RenderInline {O:P} at (0,0) size 0x15
                RenderBlock {P} at (7,30) size 156x15
                  RenderText {#text} at (0,0) size 78x15
                    text run at (0,0) width 78: "John Mathews"
                RenderBlock {P} at (7,45) size 156x15
                  RenderText {#text} at (0,0) size 55x15
                    text run at (0,0) width 55: "Ed Cypret"
                RenderBlock {P} at (7,60) size 156x15
                  RenderText {#text} at (0,0) size 83x15
                    text run at (0,0) width 83: "John Chamorro"
                RenderBlock {P} at (7,75) size 156x15
                  RenderText {#text} at (0,0) size 84x15
                    text run at (0,0) width 84: "John Yearwood"
                RenderBlock {P} at (7,90) size 156x15
                  RenderText {#text} at (0,0) size 85x15
                    text run at (0,0) width 85: "Jason Anderson"
                  RenderInline {SPAN} at (0,0) size 0x15
                    RenderInline {O:P} at (0,0) size 0x15
              RenderTableCell {TD} at (268,268) size 99x105 [r=10 c=2 rs=1 cs=1]
                RenderBlock {P} at (7,0) size 85x15
                  RenderText {#text} at (32,0) size 21x15
                    text run at (32,0) width 21: "Yes"
                  RenderInline {SPAN} at (0,0) size 1x15
                    RenderInline {O:P} at (0,0) size 1x15
                RenderBlock {P} at (7,15) size 85x15
                  RenderText {#text} at (32,0) size 21x15
                    text run at (32,0) width 21: "Yes"
                  RenderInline {SPAN} at (0,0) size 1x15
                    RenderInline {O:P} at (0,0) size 1x15
                RenderBlock {P} at (7,30) size 85x15
                  RenderText {#text} at (32,0) size 21x15
                    text run at (32,0) width 21: "Yes"
                RenderBlock {P} at (7,45) size 85x15
                  RenderText {#text} at (41,0) size 3x15
                    text run at (41,0) width 3: " "
                RenderBlock {P} at (7,60) size 85x15
                  RenderText {#text} at (41,0) size 3x15
                    text run at (41,0) width 3: " "
                RenderBlock {P} at (7,75) size 85x15
                  RenderText {#text} at (32,0) size 21x15
                    text run at (32,0) width 21: "Yes"
                RenderBlock {P} at (7,90) size 85x15
                  RenderText {#text} at (32,0) size 21x15
                    text run at (32,0) width 21: "Yes"
                  RenderInline {SPAN} at (0,0) size 1x15
                    RenderInline {O:P} at (0,0) size 1x15
              RenderTableCell {TD} at (367,268) size 106x105 [r=10 c=3 rs=1 cs=1]
                RenderBlock {P} at (7,0) size 92x15
                  RenderText {#text} at (38,0) size 16x15
                    text run at (38,0) width 16: "No"
                  RenderInline {SPAN} at (0,0) size 0x15
                    RenderInline {O:P} at (0,0) size 0x15
                RenderBlock {P} at (7,15) size 92x15
                  RenderText {#text} at (36,0) size 20x15
                    text run at (36,0) width 20: "Yes"
                  RenderInline {SPAN} at (0,0) size 0x15
                    RenderInline {O:P} at (0,0) size 0x15
                RenderBlock {P} at (7,30) size 92x15
                  RenderText {#text} at (38,0) size 16x15
                    text run at (38,0) width 16: "No"
                RenderBlock {P} at (7,45) size 92x15
                  RenderText {#text} at (44,0) size 4x15
                    text run at (44,0) width 4: " "
                RenderBlock {P} at (7,60) size 92x15
                  RenderText {#text} at (44,0) size 4x15
                    text run at (44,0) width 4: " "
                RenderBlock {P} at (7,75) size 92x15
                  RenderText {#text} at (38,0) size 16x15
                    text run at (38,0) width 16: "No"
                RenderBlock {P} at (7,90) size 92x15
                  RenderText {#text} at (38,0) size 16x15
                    text run at (38,0) width 16: "No"
                  RenderInline {SPAN} at (0,0) size 0x15
                    RenderInline {O:P} at (0,0) size 0x15
            RenderTableRow {TR} at (0,373) size 473x75
              RenderTableCell {TD} at (0,373) size 98x15 [r=11 c=0 rs=1 cs=1]
                RenderBlock {P} at (7,0) size 84x15
                  RenderText {#text} at (35,0) size 14x15
                    text run at (35,0) width 14: "12"
                  RenderInline {SPAN} at (0,0) size 0x15
                    RenderInline {O:P} at (0,0) size 0x15
              RenderTableCell {TD} at (98,373) size 170x75 [r=11 c=1 rs=1 cs=1]
                RenderBlock {P} at (7,0) size 156x15
                  RenderText {#text} at (0,0) size 75x15
                    text run at (0,0) width 75: "Rick Klement"
                RenderBlock {P} at (7,15) size 156x15
                  RenderText {#text} at (0,0) size 84x15
                    text run at (0,0) width 84: "George Coward"
                RenderBlock {P} at (7,30) size 156x15
                  RenderText {#text} at (0,0) size 86x15
                    text run at (0,0) width 86: "Gerald Cardinal"
                RenderBlock {P} at (7,45) size 156x15
                  RenderText {#text} at (0,0) size 72x15
                    text run at (0,0) width 72: "Brock Brown"
                RenderBlock {P} at (7,60) size 156x15
                  RenderText {#text} at (0,0) size 98x15
                    text run at (0,0) width 98: "Ellsworth Crowell"
              RenderTableCell {TD} at (268,373) size 99x75 [r=11 c=2 rs=1 cs=1]
                RenderBlock {P} at (7,0) size 85x15
                  RenderText {#text} at (32,0) size 21x15
                    text run at (32,0) width 21: "Yes"
                RenderBlock {P} at (7,15) size 85x15
                  RenderText {#text} at (32,0) size 21x15
                    text run at (32,0) width 21: "Yes"
                RenderBlock {P} at (7,30) size 85x15
                  RenderText {#text} at (41,0) size 3x15
                    text run at (41,0) width 3: " "
                RenderBlock {P} at (7,45) size 85x15
                  RenderText {#text} at (32,0) size 21x15
                    text run at (32,0) width 21: "Yes"
                RenderBlock {P} at (7,60) size 85x15
                  RenderText {#text} at (32,0) size 21x15
                    text run at (32,0) width 21: "Yes"
                  RenderInline {SPAN} at (0,0) size 1x15
                    RenderInline {O:P} at (0,0) size 1x15
              RenderTableCell {TD} at (367,373) size 106x75 [r=11 c=3 rs=1 cs=1]
                RenderBlock {P} at (7,0) size 92x15
                  RenderText {#text} at (36,0) size 20x15
                    text run at (36,0) width 20: "Yes"
                RenderBlock {P} at (7,15) size 92x15
                  RenderText {#text} at (38,0) size 16x15
                    text run at (38,0) width 16: "No"
                RenderBlock {P} at (7,30) size 92x15
                  RenderText {#text} at (44,0) size 4x15
                    text run at (44,0) width 4: " "
                RenderBlock {P} at (7,45) size 92x15
                  RenderText {#text} at (38,0) size 16x15
                    text run at (38,0) width 16: "No"
                RenderBlock {P} at (7,60) size 92x15
                  RenderText {#text} at (38,0) size 16x15
                    text run at (38,0) width 16: "No"
                  RenderInline {SPAN} at (0,0) size 0x15
                    RenderInline {O:P} at (0,0) size 0x15
            RenderTableRow {TR} at (0,448) size 473x60
              RenderTableCell {TD} at (0,448) size 98x15 [r=12 c=0 rs=1 cs=1]
                RenderBlock {P} at (7,0) size 84x15
                  RenderText {#text} at (35,0) size 14x15
                    text run at (35,0) width 14: "13"
                  RenderInline {SPAN} at (0,0) size 0x15
                    RenderInline {O:P} at (0,0) size 0x15
              RenderTableCell {TD} at (98,448) size 170x60 [r=12 c=1 rs=1 cs=1]
                RenderBlock {P} at (7,0) size 156x15
                  RenderText {#text} at (0,0) size 65x15
                    text run at (0,0) width 65: " Oliver Baer"
                RenderBlock {P} at (7,15) size 156x15
                  RenderText {#text} at (0,0) size 58x15
                    text run at (0,0) width 58: "Joe Araujo"
                RenderBlock {P} at (7,30) size 156x15
                  RenderText {#text} at (0,0) size 74x15
                    text run at (0,0) width 74: "Jim Mirowski"
                RenderBlock {P} at (7,45) size 156x15
                  RenderText {#text} at (0,0) size 62x15
                    text run at (0,0) width 62: "Scott Hersh"
                  RenderInline {SPAN} at (0,0) size 0x15
                    RenderInline {O:P} at (0,0) size 0x15
              RenderTableCell {TD} at (268,448) size 99x60 [r=12 c=2 rs=1 cs=1]
                RenderBlock {P} at (7,0) size 85x15
                  RenderText {#text} at (31,0) size 23x15
                    text run at (31,0) width 23: " Yes"
                RenderBlock {P} at (7,15) size 85x15
                  RenderText {#text} at (41,0) size 3x15
                    text run at (41,0) width 3: " "
                RenderBlock {P} at (7,30) size 85x15
                  RenderText {#text} at (41,0) size 3x15
                    text run at (41,0) width 3: " "
                RenderBlock {P} at (7,45) size 85x15
                  RenderText {#text} at (32,0) size 21x15
                    text run at (32,0) width 21: "Yes"
                  RenderInline {SPAN} at (0,0) size 1x15
                    RenderInline {O:P} at (0,0) size 1x15
              RenderTableCell {TD} at (367,448) size 106x60 [r=12 c=3 rs=1 cs=1]
                RenderBlock {P} at (7,0) size 92x15
                  RenderText {#text} at (36,0) size 20x15
                    text run at (36,0) width 20: " No"
                RenderBlock {P} at (7,15) size 92x15
                  RenderText {#text} at (44,0) size 4x15
                    text run at (44,0) width 4: " "
                RenderBlock {P} at (7,30) size 92x15
                  RenderText {#text} at (44,0) size 4x15
                    text run at (44,0) width 4: " "
                RenderBlock {P} at (7,45) size 92x15
                  RenderText {#text} at (38,0) size 16x15
                    text run at (38,0) width 16: "No"
                  RenderInline {SPAN} at (0,0) size 0x15
                    RenderInline {O:P} at (0,0) size 0x15
            RenderTableRow {TR} at (0,508) size 473x45
              RenderTableCell {TD} at (0,508) size 98x15 [r=13 c=0 rs=1 cs=1]
                RenderBlock {P} at (7,0) size 84x15
                  RenderText {#text} at (35,0) size 14x15
                    text run at (35,0) width 14: "14"
                  RenderInline {SPAN} at (0,0) size 0x15
                    RenderInline {O:P} at (0,0) size 0x15
              RenderTableCell {TD} at (98,508) size 170x45 [r=13 c=1 rs=1 cs=1]
                RenderBlock {P} at (7,0) size 156x15
                  RenderText {#text} at (0,0) size 61x15
                    text run at (0,0) width 61: " Joe Araujo"
                RenderBlock {P} at (7,15) size 156x15
                  RenderText {#text} at (0,0) size 71x15
                    text run at (0,0) width 71: "Steve Gilbert"
                RenderBlock {P} at (7,30) size 156x15
                  RenderText {#text} at (0,0) size 78x15
                    text run at (0,0) width 78: "Gary Williams"
                  RenderInline {SPAN} at (0,0) size 0x15
                    RenderInline {O:P} at (0,0) size 0x15
              RenderTableCell {TD} at (268,508) size 99x30 [r=13 c=2 rs=1 cs=1]
                RenderBlock {P} at (7,0) size 85x15
                  RenderText {#text} at (41,0) size 3x15
                    text run at (41,0) width 3: " "
                RenderBlock {P} at (7,15) size 85x15
                  RenderText {#text} at (32,0) size 21x15
                    text run at (32,0) width 21: "Yes"
                  RenderInline {SPAN} at (0,0) size 1x15
                    RenderInline {O:P} at (0,0) size 1x15
              RenderTableCell {TD} at (367,508) size 106x30 [r=13 c=3 rs=1 cs=1]
                RenderBlock {P} at (7,0) size 92x15
                  RenderText {#text} at (44,0) size 4x15
                    text run at (44,0) width 4: " "
                RenderBlock {P} at (7,15) size 92x15
                  RenderText {#text} at (38,0) size 16x15
                    text run at (38,0) width 16: "No"
                  RenderInline {SPAN} at (0,0) size 0x15
                    RenderInline {O:P} at (0,0) size 0x15
            RenderTableRow {TR} at (0,553) size 473x75
              RenderTableCell {TD} at (0,553) size 98x15 [r=14 c=0 rs=1 cs=1]
                RenderBlock {P} at (7,0) size 84x15
                  RenderText {#text} at (35,0) size 14x15
                    text run at (35,0) width 14: "15"
                  RenderInline {SPAN} at (0,0) size 0x15
                    RenderInline {O:P} at (0,0) size 0x15
              RenderTableCell {TD} at (98,553) size 170x75 [r=14 c=1 rs=1 cs=1]
                RenderBlock {P} at (7,0) size 156x15
                  RenderText {#text} at (0,0) size 65x15
                    text run at (0,0) width 65: " Oliver Baer"
                RenderBlock {P} at (7,15) size 156x15
                  RenderText {#text} at (0,0) size 53x15
                    text run at (0,0) width 53: "Joe Smith"
                RenderBlock {P} at (7,30) size 156x15
                  RenderText {#text} at (0,0) size 55x15
                    text run at (0,0) width 55: "John Paye"
                RenderBlock {P} at (7,45) size 156x15
                  RenderText {#text} at (0,0) size 84x15
                    text run at (0,0) width 84: "John Yearwood"
                RenderBlock {P} at (7,60) size 156x15
                  RenderText {#text} at (0,0) size 70x15
                    text run at (0,0) width 70: "Harald Close"
                  RenderInline {SPAN} at (0,0) size 0x15
                    RenderInline {O:P} at (0,0) size 0x15
              RenderTableCell {TD} at (268,553) size 99x75 [r=14 c=2 rs=1 cs=1]
                RenderBlock {P} at (7,0) size 85x15
                  RenderText {#text} at (31,0) size 23x15
                    text run at (31,0) width 23: " Yes"
                RenderBlock {P} at (7,15) size 85x15
                  RenderText {#text} at (41,0) size 3x15
                    text run at (41,0) width 3: " "
                RenderBlock {P} at (7,30) size 85x15
                  RenderText {#text} at (41,0) size 3x15
                    text run at (41,0) width 3: " "
                RenderBlock {P} at (7,45) size 85x15
                  RenderText {#text} at (32,0) size 21x15
                    text run at (32,0) width 21: "Yes"
                RenderBlock {P} at (7,60) size 85x15
                  RenderText {#text} at (32,0) size 21x15
                    text run at (32,0) width 21: "Yes"
                  RenderInline {SPAN} at (0,0) size 1x15
                    RenderInline {O:P} at (0,0) size 1x15
              RenderTableCell {TD} at (367,553) size 106x75 [r=14 c=3 rs=1 cs=1]
                RenderBlock {P} at (7,0) size 92x15
                  RenderText {#text} at (36,0) size 20x15
                    text run at (36,0) width 20: " No"
                RenderBlock {P} at (7,15) size 92x15
                  RenderText {#text} at (44,0) size 4x15
                    text run at (44,0) width 4: " "
                RenderBlock {P} at (7,30) size 92x15
                  RenderText {#text} at (44,0) size 4x15
                    text run at (44,0) width 4: " "
                RenderBlock {P} at (7,45) size 92x15
                  RenderText {#text} at (38,0) size 16x15
                    text run at (38,0) width 16: "No"
                RenderBlock {P} at (7,60) size 92x15
                  RenderText {#text} at (38,0) size 16x15
                    text run at (38,0) width 16: "No"
                  RenderInline {SPAN} at (0,0) size 0x15
                    RenderInline {O:P} at (0,0) size 0x15
            RenderTableRow {TR} at (0,628) size 473x30
              RenderTableCell {TD} at (0,628) size 98x15 [r=15 c=0 rs=1 cs=1]
                RenderBlock {P} at (7,0) size 84x15
                  RenderText {#text} at (35,0) size 14x15
                    text run at (35,0) width 14: "16"
                  RenderInline {SPAN} at (0,0) size 0x15
                    RenderInline {O:P} at (0,0) size 0x15
              RenderTableCell {TD} at (98,628) size 170x30 [r=15 c=1 rs=1 cs=1]
                RenderBlock {P} at (7,0) size 156x15
                  RenderText {#text} at (0,0) size 82x15
                    text run at (0,0) width 82: " James Haladus"
                RenderBlock {P} at (7,15) size 156x15
                  RenderText {#text} at (0,0) size 53x15
                    text run at (0,0) width 53: "Joe Smith"
                  RenderInline {SPAN} at (0,0) size 0x15
                    RenderInline {O:P} at (0,0) size 0x15
              RenderTableCell {TD} at (268,628) size 99x15 [r=15 c=2 rs=1 cs=1]
                RenderBlock {P} at (7,0) size 85x15
                  RenderText {#text} at (31,0) size 23x15
                    text run at (31,0) width 23: " Yes"
                  RenderInline {SPAN} at (0,0) size 0x15
                    RenderInline {O:P} at (0,0) size 0x15
              RenderTableCell {TD} at (367,628) size 106x15 [r=15 c=3 rs=1 cs=1]
                RenderBlock {P} at (7,0) size 92x15
                  RenderText {#text} at (36,0) size 20x15
                    text run at (36,0) width 20: " No"
                  RenderInline {SPAN} at (0,0) size 1x15
                    RenderInline {O:P} at (0,0) size 1x15
            RenderTableRow {TR} at (0,658) size 473x75
              RenderTableCell {TD} at (0,658) size 98x15 [r=16 c=0 rs=1 cs=1]
                RenderBlock {P} at (7,0) size 84x15
                  RenderText {#text} at (35,0) size 14x15
                    text run at (35,0) width 14: "17"
                  RenderInline {SPAN} at (0,0) size 0x15
                    RenderInline {O:P} at (0,0) size 0x15
              RenderTableCell {TD} at (98,658) size 170x75 [r=16 c=1 rs=1 cs=1]
                RenderBlock {P} at (7,0) size 156x15
                  RenderText {#text} at (0,0) size 61x15
                    text run at (0,0) width 61: "Doug Field"
                  RenderInline {SPAN} at (0,0) size 0x15
                    RenderInline {O:P} at (0,0) size 0x15
                RenderBlock {P} at (7,15) size 156x15
                  RenderText {#text} at (0,0) size 64x15
                    text run at (0,0) width 64: "Dave Neves"
                RenderBlock {P} at (7,30) size 156x15
                  RenderText {#text} at (0,0) size 62x15
                    text run at (0,0) width 62: "Oliver Baer"
                RenderBlock {P} at (7,45) size 156x15
                  RenderText {#text} at (0,0) size 58x15
                    text run at (0,0) width 58: "John Todd"
                RenderBlock {P} at (7,60) size 156x15
                  RenderText {#text} at (0,0) size 99x15
                    text run at (0,0) width 99: "Dave Christiansen"
                  RenderInline {SPAN} at (0,0) size 0x15
                    RenderInline {O:P} at (0,0) size 0x15
              RenderTableCell {TD} at (268,658) size 99x75 [r=16 c=2 rs=1 cs=1]
                RenderBlock {P} at (7,0) size 85x15
                  RenderText {#text} at (32,0) size 21x15
                    text run at (32,0) width 21: "Yes"
                  RenderInline {SPAN} at (0,0) size 1x15
                    RenderInline {O:P} at (0,0) size 1x15
                RenderBlock {P} at (7,15) size 85x15
                  RenderText {#text} at (32,0) size 21x15
                    text run at (32,0) width 21: "Yes"
                RenderBlock {P} at (7,30) size 85x15
                  RenderText {#text} at (32,0) size 21x15
                    text run at (32,0) width 21: "Yes"
                RenderBlock {P} at (7,45) size 85x15
                  RenderText {#text} at (41,0) size 3x15
                    text run at (41,0) width 3: " "
                RenderBlock {P} at (7,60) size 85x15
                  RenderText {#text} at (32,0) size 21x15
                    text run at (32,0) width 21: "Yes"
                  RenderInline {SPAN} at (0,0) size 1x15
                    RenderInline {O:P} at (0,0) size 1x15
              RenderTableCell {TD} at (367,658) size 106x75 [r=16 c=3 rs=1 cs=1]
                RenderBlock {P} at (7,0) size 92x15
                  RenderText {#text} at (38,0) size 16x15
                    text run at (38,0) width 16: "No"
                  RenderInline {SPAN} at (0,0) size 0x15
                    RenderInline {O:P} at (0,0) size 0x15
                RenderBlock {P} at (7,15) size 92x15
                  RenderText {#text} at (36,0) size 20x15
                    text run at (36,0) width 20: "Yes"
                RenderBlock {P} at (7,30) size 92x15
                  RenderText {#text} at (38,0) size 16x15
                    text run at (38,0) width 16: "No"
                RenderBlock {P} at (7,45) size 92x15
                  RenderText {#text} at (44,0) size 4x15
                    text run at (44,0) width 4: " "
                RenderBlock {P} at (7,60) size 92x15
                  RenderText {#text} at (38,0) size 16x15
                    text run at (38,0) width 16: "No"
                  RenderInline {SPAN} at (0,0) size 0x15
                    RenderInline {O:P} at (0,0) size 0x15
            RenderTableRow {TR} at (0,733) size 473x105
              RenderTableCell {TD} at (0,733) size 98x15 [r=17 c=0 rs=1 cs=1]
                RenderBlock {P} at (7,0) size 84x15
                  RenderText {#text} at (35,0) size 14x15
                    text run at (35,0) width 14: "18"
                  RenderInline {SPAN} at (0,0) size 0x15
                    RenderInline {O:P} at (0,0) size 0x15
              RenderTableCell {TD} at (98,733) size 170x105 [r=17 c=1 rs=1 cs=1]
                RenderBlock {P} at (7,0) size 156x15
                  RenderText {#text} at (0,0) size 80x15
                    text run at (0,0) width 80: "Robert Barnett"
                RenderBlock {P} at (7,15) size 156x15
                  RenderText {#text} at (0,0) size 74x15
                    text run at (0,0) width 74: "Jim Mahoney"
                RenderBlock {P} at (7,30) size 156x15
                  RenderText {#text} at (0,0) size 79x15
                    text run at (0,0) width 79: "Dave Marshall"
                RenderBlock {P} at (7,45) size 156x15
                  RenderText {#text} at (0,0) size 86x15
                    text run at (0,0) width 86: "Gerald Cardinal"
                RenderBlock {P} at (7,60) size 156x15
                  RenderText {#text} at (0,0) size 103x15
                    text run at (0,0) width 103: "Dan & Will Sievert"
                RenderBlock {P} at (7,75) size 156x15
                  RenderText {#text} at (0,0) size 98x15
                    text run at (0,0) width 98: "Ellsworth Crowell"
                RenderBlock {P} at (7,90) size 156x15
                  RenderText {#text} at (0,0) size 60x15
                    text run at (0,0) width 60: "Jim Colvin"
                  RenderInline {SPAN} at (0,0) size 0x15
                    RenderInline {O:P} at (0,0) size 0x15
              RenderTableCell {TD} at (268,733) size 99x90 [r=17 c=2 rs=1 cs=1]
                RenderBlock {P} at (7,0) size 85x15
                  RenderText {#text} at (32,0) size 21x15
                    text run at (32,0) width 21: "Yes"
                RenderBlock {P} at (7,15) size 85x15
                  RenderText {#text} at (32,0) size 21x15
                    text run at (32,0) width 21: "Yes"
                RenderBlock {P} at (7,30) size 85x15
                  RenderText {#text} at (32,0) size 21x15
                    text run at (32,0) width 21: "Yes"
                RenderBlock {P} at (7,45) size 85x15
                  RenderText {#text} at (41,0) size 3x15
                    text run at (41,0) width 3: " "
                RenderBlock {P} at (7,60) size 85x15
                  RenderText {#text} at (32,0) size 21x15
                    text run at (32,0) width 21: "Yes"
                RenderBlock {P} at (7,75) size 85x15
                  RenderText {#text} at (32,0) size 21x15
                    text run at (32,0) width 21: "Yes"
                  RenderInline {SPAN} at (0,0) size 1x15
                    RenderInline {O:P} at (0,0) size 1x15
              RenderTableCell {TD} at (367,733) size 106x90 [r=17 c=3 rs=1 cs=1]
                RenderBlock {P} at (7,0) size 92x15
                  RenderText {#text} at (38,0) size 16x15
                    text run at (38,0) width 16: "No"
                RenderBlock {P} at (7,15) size 92x15
                  RenderText {#text} at (36,0) size 20x15
                    text run at (36,0) width 20: "Yes"
                RenderBlock {P} at (7,30) size 92x15
                  RenderText {#text} at (38,0) size 16x15
                    text run at (38,0) width 16: "No"
                RenderBlock {P} at (7,45) size 92x15
                  RenderText {#text} at (44,0) size 4x15
                    text run at (44,0) width 4: " "
                RenderBlock {P} at (7,60) size 92x15
                  RenderText {#text} at (38,0) size 16x15
                    text run at (38,0) width 16: "No"
                RenderBlock {P} at (7,75) size 92x15
                  RenderText {#text} at (38,0) size 16x15
                    text run at (38,0) width 16: "No"
                  RenderInline {SPAN} at (0,0) size 0x15
                    RenderInline {O:P} at (0,0) size 0x15
            RenderTableRow {TR} at (0,838) size 473x60
              RenderTableCell {TD} at (0,838) size 98x15 [r=18 c=0 rs=1 cs=1]
                RenderBlock {P} at (7,0) size 84x15
                  RenderText {#text} at (35,0) size 14x15
                    text run at (35,0) width 14: "19"
                  RenderInline {SPAN} at (0,0) size 0x15
                    RenderInline {O:P} at (0,0) size 0x15
              RenderTableCell {TD} at (98,838) size 170x60 [r=18 c=1 rs=1 cs=1]
                RenderBlock {P} at (7,0) size 156x15
                  RenderInline {SPAN} at (0,0) size 66x15
                    RenderText {#text} at (0,0) size 66x15
                      text run at (0,0) width 40: "Noriya "
                      text run at (40,0) width 26: "Kato"
                RenderBlock {P} at (7,15) size 156x15
                  RenderText {#text} at (0,0) size 58x15
                    text run at (0,0) width 58: "John Todd"
                RenderBlock {P} at (7,30) size 156x15
                  RenderText {#text} at (0,0) size 71x15
                    text run at (0,0) width 71: "James Brown"
                RenderBlock {P} at (7,45) size 156x15
                  RenderText {#text} at (0,0) size 84x15
                    text run at (0,0) width 84: "Mike Anderson"
                  RenderInline {SPAN} at (0,0) size 0x15
                    RenderInline {O:P} at (0,0) size 0x15
              RenderTableCell {TD} at (268,838) size 99x60 [r=18 c=2 rs=1 cs=1]
                RenderBlock {P} at (7,0) size 85x15
                  RenderInline {SPAN} at (0,0) size 21x15
                    RenderText {#text} at (32,0) size 21x15
                      text run at (32,0) width 21: "Yes"
                RenderBlock {P} at (7,15) size 85x15
                  RenderText {#text} at (41,0) size 3x15
                    text run at (41,0) width 3: " "
                RenderBlock {P} at (7,30) size 85x15
                  RenderInline {SPAN} at (0,0) size 21x15
                    RenderText {#text} at (32,0) size 21x15
                      text run at (32,0) width 21: "Yes"
                RenderBlock {P} at (7,45) size 85x15
                  RenderInline {SPAN} at (0,0) size 21x15
                    RenderText {#text} at (32,0) size 21x15
                      text run at (32,0) width 21: "Yes"
                  RenderInline {SPAN} at (0,0) size 1x15
                    RenderInline {O:P} at (0,0) size 1x15
              RenderTableCell {TD} at (367,838) size 106x60 [r=18 c=3 rs=1 cs=1]
                RenderBlock {P} at (7,0) size 92x15
                  RenderInline {SPAN} at (0,0) size 16x15
                    RenderText {#text} at (38,0) size 16x15
                      text run at (38,0) width 16: "No"
                RenderBlock {P} at (7,15) size 92x15
                  RenderText {#text} at (44,0) size 4x15
                    text run at (44,0) width 4: " "
                RenderBlock {P} at (7,30) size 92x15
                  RenderInline {SPAN} at (0,0) size 16x15
                    RenderText {#text} at (38,0) size 16x15
                      text run at (38,0) width 16: "No"
                RenderBlock {P} at (7,45) size 92x15
                  RenderInline {SPAN} at (0,0) size 16x15
                    RenderText {#text} at (38,0) size 16x15
                      text run at (38,0) width 16: "No"
                  RenderInline {SPAN} at (0,0) size 0x15
                    RenderInline {O:P} at (0,0) size 0x15
            RenderTableRow {TR} at (0,898) size 473x45
              RenderTableCell {TD} at (0,898) size 98x15 [r=19 c=0 rs=1 cs=1]
                RenderBlock {P} at (7,0) size 84x15
                  RenderText {#text} at (35,0) size 14x15
                    text run at (35,0) width 14: "20"
                  RenderInline {SPAN} at (0,0) size 0x15
                    RenderInline {O:P} at (0,0) size 0x15
              RenderTableCell {TD} at (98,898) size 170x45 [r=19 c=1 rs=1 cs=1]
                RenderBlock {P} at (7,0) size 156x15
                  RenderText {#text} at (0,0) size 69x15
                    text run at (0,0) width 69: "Bill Johnson"
                RenderBlock {P} at (7,15) size 156x15
                  RenderText {#text} at (0,0) size 89x15
                    text run at (0,0) width 89: "Dominic Bayani"
                RenderBlock {P} at (7,30) size 156x15
                  RenderText {#text} at (0,0) size 70x15
                    text run at (0,0) width 70: "Rick Latham"
                  RenderInline {SPAN} at (0,0) size 0x15
                    RenderInline {O:P} at (0,0) size 0x15
              RenderTableCell {TD} at (268,898) size 99x45 [r=19 c=2 rs=1 cs=1]
                RenderBlock {P} at (7,0) size 85x15
                  RenderText {#text} at (32,0) size 21x15
                    text run at (32,0) width 21: "Yes"
                RenderBlock {P} at (7,15) size 85x15
                  RenderText {#text} at (41,0) size 3x15
                    text run at (41,0) width 3: " "
                RenderBlock {P} at (7,30) size 85x15
                  RenderText {#text} at (32,0) size 21x15
                    text run at (32,0) width 21: "Yes"
                  RenderInline {SPAN} at (0,0) size 1x15
                    RenderInline {O:P} at (0,0) size 1x15
              RenderTableCell {TD} at (367,898) size 106x45 [r=19 c=3 rs=1 cs=1]
                RenderBlock {P} at (7,0) size 92x15
                  RenderText {#text} at (38,0) size 16x15
                    text run at (38,0) width 16: "No"
                RenderBlock {P} at (7,15) size 92x15
                  RenderText {#text} at (44,0) size 4x15
                    text run at (44,0) width 4: " "
                RenderBlock {P} at (7,30) size 92x15
                  RenderText {#text} at (38,0) size 16x15
                    text run at (38,0) width 16: "No"
                  RenderInline {SPAN} at (0,0) size 0x15
                    RenderInline {O:P} at (0,0) size 0x15
            RenderTableRow {TR} at (0,943) size 473x15
              RenderTableCell {TD} at (0,943) size 98x15 [r=20 c=0 rs=1 cs=1]
                RenderBlock {P} at (7,0) size 84x15
                  RenderText {#text} at (35,0) size 14x15
                    text run at (35,0) width 14: "21"
                  RenderInline {SPAN} at (0,0) size 0x15
                    RenderInline {O:P} at (0,0) size 0x15
              RenderTableCell {TD} at (98,943) size 170x15 [r=20 c=1 rs=1 cs=1]
                RenderBlock {P} at (7,0) size 156x15
                  RenderText {#text} at (0,0) size 65x15
                    text run at (0,0) width 65: " Simon Tam"
                  RenderInline {SPAN} at (0,0) size 0x15
                    RenderInline {O:P} at (0,0) size 0x15
              RenderTableCell {TD} at (268,943) size 99x15 [r=20 c=2 rs=1 cs=1]
                RenderBlock {P} at (7,0) size 85x15
                  RenderText {#text} at (41,0) size 3x15
                    text run at (41,0) width 3: " "
                  RenderInline {SPAN} at (0,0) size 0x15
                    RenderInline {O:P} at (0,0) size 0x15
              RenderTableCell {TD} at (367,943) size 106x15 [r=20 c=3 rs=1 cs=1]
                RenderBlock {P} at (7,0) size 92x15
                  RenderText {#text} at (44,0) size 4x15
                    text run at (44,0) width 4: " "
                  RenderInline {SPAN} at (0,0) size 1x15
                    RenderInline {O:P} at (0,0) size 1x15
            RenderTableRow {TR} at (0,958) size 473x75
              RenderTableCell {TD} at (0,958) size 98x15 [r=21 c=0 rs=1 cs=1]
                RenderBlock {P} at (7,0) size 84x15
                  RenderText {#text} at (35,0) size 14x15
                    text run at (35,0) width 14: "22"
                  RenderInline {SPAN} at (0,0) size 0x15
                    RenderInline {O:P} at (0,0) size 0x15
              RenderTableCell {TD} at (98,958) size 170x75 [r=21 c=1 rs=1 cs=1]
                RenderBlock {P} at (7,0) size 156x15
                  RenderText {#text} at (0,0) size 64x15
                    text run at (0,0) width 64: "Dave Neves"
                  RenderInline {SPAN} at (0,0) size 0x15
                    RenderInline {O:P} at (0,0) size 0x15
                RenderBlock {P} at (7,15) size 156x15
                  RenderText {#text} at (0,0) size 89x15
                    text run at (0,0) width 89: "Grant Sanderson"
                  RenderInline {SPAN} at (0,0) size 0x15
                    RenderInline {O:P} at (0,0) size 0x15
                RenderBlock {P} at (7,30) size 156x15
                  RenderText {#text} at (0,0) size 86x15
                    text run at (0,0) width 86: "Maurice Burton"
                RenderBlock {P} at (7,45) size 156x15
                  RenderText {#text} at (0,0) size 117x15
                    text run at (0,0) width 117: "Mike Gilmartin ?????"
                RenderBlock {P} at (7,60) size 156x15
                  RenderText {#text} at (0,0) size 66x15
                    text run at (0,0) width 66: "Chris Walsh"
                  RenderInline {SPAN} at (0,0) size 0x15
                    RenderInline {O:P} at (0,0) size 0x15
              RenderTableCell {TD} at (268,958) size 99x75 [r=21 c=2 rs=1 cs=1]
                RenderBlock {P} at (7,0) size 85x15
                  RenderText {#text} at (32,0) size 21x15
                    text run at (32,0) width 21: "Yes"
                  RenderInline {SPAN} at (0,0) size 1x15
                    RenderInline {O:P} at (0,0) size 1x15
                RenderBlock {P} at (7,15) size 85x15
                  RenderText {#text} at (32,0) size 21x15
                    text run at (32,0) width 21: "Yes"
                  RenderInline {SPAN} at (0,0) size 1x15
                    RenderInline {O:P} at (0,0) size 1x15
                RenderBlock {P} at (7,30) size 85x15
                  RenderText {#text} at (32,0) size 21x15
                    text run at (32,0) width 21: "Yes"
                RenderBlock {P} at (7,45) size 85x15
                  RenderText {#text} at (32,0) size 21x15
                    text run at (32,0) width 21: "Yes"
                RenderBlock {P} at (7,60) size 85x15
                  RenderText {#text} at (32,0) size 21x15
                    text run at (32,0) width 21: "Yes"
                  RenderInline {SPAN} at (0,0) size 1x15
                    RenderInline {O:P} at (0,0) size 1x15
              RenderTableCell {TD} at (367,958) size 106x75 [r=21 c=3 rs=1 cs=1]
                RenderBlock {P} at (7,0) size 92x15
                  RenderText {#text} at (36,0) size 20x15
                    text run at (36,0) width 20: "Yes"
                  RenderInline {SPAN} at (0,0) size 0x15
                    RenderInline {O:P} at (0,0) size 0x15
                RenderBlock {P} at (7,15) size 92x15
                  RenderText {#text} at (38,0) size 16x15
                    text run at (38,0) width 16: "No"
                  RenderInline {SPAN} at (0,0) size 0x15
                    RenderInline {O:P} at (0,0) size 0x15
                RenderBlock {P} at (7,30) size 92x15
                  RenderText {#text} at (38,0) size 16x15
                    text run at (38,0) width 16: "No"
                RenderBlock {P} at (7,45) size 92x15
                  RenderText {#text} at (36,0) size 20x15
                    text run at (36,0) width 20: "Yes"
                RenderBlock {P} at (7,60) size 92x15
                  RenderText {#text} at (38,0) size 16x15
                    text run at (38,0) width 16: "No"
                  RenderInline {SPAN} at (0,0) size 0x15
                    RenderInline {O:P} at (0,0) size 0x15
            RenderTableRow {TR} at (0,1033) size 473x75
              RenderTableCell {TD} at (0,1033) size 98x15 [r=22 c=0 rs=1 cs=1]
                RenderBlock {P} at (7,0) size 84x15
                  RenderText {#text} at (35,0) size 14x15
                    text run at (35,0) width 14: "23"
                  RenderInline {SPAN} at (0,0) size 0x15
                    RenderInline {O:P} at (0,0) size 0x15
              RenderTableCell {TD} at (98,1033) size 170x75 [r=22 c=1 rs=1 cs=1]
                RenderBlock {P} at (7,0) size 156x15
                  RenderText {#text} at (0,0) size 64x15
                    text run at (0,0) width 64: "Dave Neves"
                  RenderInline {SPAN} at (0,0) size 0x15
                    RenderInline {O:P} at (0,0) size 0x15
                RenderBlock {P} at (7,15) size 156x15
                  RenderText {#text} at (0,0) size 86x15
                    text run at (0,0) width 86: "Maurice Burton"
                RenderBlock {P} at (7,30) size 156x15
                  RenderText {#text} at (0,0) size 62x15
                    text run at (0,0) width 62: "Oliver Baer"
                RenderBlock {P} at (7,45) size 156x15
                  RenderText {#text} at (0,0) size 58x15
                    text run at (0,0) width 58: "John Todd"
                RenderBlock {P} at (7,60) size 156x15
                  RenderText {#text} at (0,0) size 66x15
                    text run at (0,0) width 66: "Rich Saunef"
                  RenderInline {SPAN} at (0,0) size 0x15
                    RenderInline {O:P} at (0,0) size 0x15
              RenderTableCell {TD} at (268,1033) size 99x75 [r=22 c=2 rs=1 cs=1]
                RenderBlock {P} at (7,0) size 85x15
                  RenderText {#text} at (32,0) size 21x15
                    text run at (32,0) width 21: "Yes"
                  RenderInline {SPAN} at (0,0) size 1x15
                    RenderInline {O:P} at (0,0) size 1x15
                RenderBlock {P} at (7,15) size 85x15
                  RenderText {#text} at (32,0) size 21x15
                    text run at (32,0) width 21: "Yes"
                RenderBlock {P} at (7,30) size 85x15
                  RenderText {#text} at (32,0) size 21x15
                    text run at (32,0) width 21: "Yes"
                RenderBlock {P} at (7,45) size 85x15
                  RenderText {#text} at (41,0) size 3x15
                    text run at (41,0) width 3: " "
                RenderBlock {P} at (7,60) size 85x15
                  RenderText {#text} at (32,0) size 21x15
                    text run at (32,0) width 21: "Yes"
                  RenderInline {SPAN} at (0,0) size 1x15
                    RenderInline {O:P} at (0,0) size 1x15
              RenderTableCell {TD} at (367,1033) size 106x75 [r=22 c=3 rs=1 cs=1]
                RenderBlock {P} at (7,0) size 92x15
                  RenderText {#text} at (36,0) size 20x15
                    text run at (36,0) width 20: "Yes"
                  RenderInline {SPAN} at (0,0) size 0x15
                    RenderInline {O:P} at (0,0) size 0x15
                RenderBlock {P} at (7,15) size 92x15
                  RenderText {#text} at (38,0) size 16x15
                    text run at (38,0) width 16: "No"
                RenderBlock {P} at (7,30) size 92x15
                  RenderText {#text} at (38,0) size 16x15
                    text run at (38,0) width 16: "No"
                RenderBlock {P} at (7,45) size 92x15
                  RenderText {#text} at (44,0) size 4x15
                    text run at (44,0) width 4: " "
                RenderBlock {P} at (7,60) size 92x15
                  RenderText {#text} at (38,0) size 16x15
                    text run at (38,0) width 16: "No"
                  RenderInline {SPAN} at (0,0) size 0x15
                    RenderInline {O:P} at (0,0) size 0x15
            RenderTableRow {TR} at (0,1108) size 473x75
              RenderTableCell {TD} at (0,1108) size 98x15 [r=23 c=0 rs=1 cs=1]
                RenderBlock {P} at (7,0) size 84x15
                  RenderText {#text} at (35,0) size 14x15
                    text run at (35,0) width 14: "24"
                  RenderInline {SPAN} at (0,0) size 0x15
                    RenderInline {O:P} at (0,0) size 0x15
              RenderTableCell {TD} at (98,1108) size 170x75 [r=23 c=1 rs=1 cs=1]
                RenderBlock {P} at (7,0) size 156x15
                  RenderText {#text} at (0,0) size 66x15
                    text run at (0,0) width 66: " Dan Sievert"
                RenderBlock {P} at (7,15) size 156x15
                  RenderText {#text} at (0,0) size 60x15
                    text run at (0,0) width 60: "Jerry Davis"
                RenderBlock {P} at (7,30) size 156x15
                  RenderText {#text} at (0,0) size 62x15
                    text run at (0,0) width 62: "Scott Hersh"
                RenderBlock {P} at (7,45) size 156x15
                  RenderText {#text} at (0,0) size 52x15
                    text run at (0,0) width 52: "Rick Bell"
                RenderBlock {P} at (7,60) size 156x15
                  RenderText {#text} at (0,0) size 56x15
                    text run at (0,0) width 56: "Eric Shum"
                  RenderInline {SPAN} at (0,0) size 0x15
                    RenderInline {O:P} at (0,0) size 0x15
              RenderTableCell {TD} at (268,1108) size 99x75 [r=23 c=2 rs=1 cs=1]
                RenderBlock {P} at (7,0) size 85x15
                  RenderText {#text} at (31,0) size 23x15
                    text run at (31,0) width 23: " Yes"
                RenderBlock {P} at (7,15) size 85x15
                  RenderText {#text} at (32,0) size 21x15
                    text run at (32,0) width 21: "Yes"
                RenderBlock {P} at (7,30) size 85x15
                  RenderText {#text} at (32,0) size 21x15
                    text run at (32,0) width 21: "Yes"
                RenderBlock {P} at (7,45) size 85x15
                  RenderText {#text} at (32,0) size 21x15
                    text run at (32,0) width 21: "Yes"
                RenderBlock {P} at (7,60) size 85x15
                  RenderText {#text} at (32,0) size 21x15
                    text run at (32,0) width 21: "Yes"
                  RenderInline {SPAN} at (0,0) size 1x15
                    RenderInline {O:P} at (0,0) size 1x15
              RenderTableCell {TD} at (367,1108) size 106x75 [r=23 c=3 rs=1 cs=1]
                RenderBlock {P} at (7,0) size 92x15
                  RenderText {#text} at (36,0) size 20x15
                    text run at (36,0) width 20: " No"
                RenderBlock {P} at (7,15) size 92x15
                  RenderText {#text} at (38,0) size 16x15
                    text run at (38,0) width 16: "No"
                RenderBlock {P} at (7,30) size 92x15
                  RenderText {#text} at (38,0) size 16x15
                    text run at (38,0) width 16: "No"
                RenderBlock {P} at (7,45) size 92x15
                  RenderText {#text} at (38,0) size 16x15
                    text run at (38,0) width 16: "No"
                RenderBlock {P} at (7,60) size 92x15
                  RenderText {#text} at (38,0) size 16x15
                    text run at (38,0) width 16: "No"
                  RenderInline {SPAN} at (0,0) size 0x15
                    RenderInline {O:P} at (0,0) size 0x15
            RenderTableRow {TR} at (0,1183) size 473x30
              RenderTableCell {TD} at (0,1183) size 98x15 [r=24 c=0 rs=1 cs=1]
                RenderBlock {P} at (7,0) size 84x15
                  RenderText {#text} at (35,0) size 14x15
                    text run at (35,0) width 14: "25"
                  RenderInline {SPAN} at (0,0) size 0x15
                    RenderInline {O:P} at (0,0) size 0x15
              RenderTableCell {TD} at (98,1183) size 170x30 [r=24 c=1 rs=1 cs=1]
                RenderBlock {P} at (7,0) size 156x15
                  RenderText {#text} at (0,0) size 70x15
                    text run at (0,0) width 70: "James Davey"
                RenderBlock {P} at (7,15) size 156x15
                  RenderText {#text} at (0,0) size 93x15
                    text run at (0,0) width 93: "Ruenjoe (Joe) Lu"
                  RenderInline {SPAN} at (0,0) size 0x15
                    RenderInline {O:P} at (0,0) size 0x15
              RenderTableCell {TD} at (268,1183) size 99x15 [r=24 c=2 rs=1 cs=1]
                RenderBlock {P} at (7,0) size 85x15
                  RenderText {#text} at (32,0) size 21x15
                    text run at (32,0) width 21: "Yes"
                  RenderInline {SPAN} at (0,0) size 1x15
                    RenderInline {O:P} at (0,0) size 1x15
              RenderTableCell {TD} at (367,1183) size 106x15 [r=24 c=3 rs=1 cs=1]
                RenderBlock {P} at (7,0) size 92x15
                  RenderText {#text} at (36,0) size 20x15
                    text run at (36,0) width 20: "Yes"
                  RenderInline {SPAN} at (0,0) size 0x15
                    RenderInline {O:P} at (0,0) size 0x15
            RenderTableRow {TR} at (0,1213) size 473x150
              RenderTableCell {TD} at (0,1213) size 98x15 [r=25 c=0 rs=1 cs=1]
                RenderBlock {P} at (7,0) size 84x15
                  RenderText {#text} at (35,0) size 14x15
                    text run at (35,0) width 14: "26"
                  RenderInline {SPAN} at (0,0) size 0x15
                    RenderInline {O:P} at (0,0) size 0x15
              RenderTableCell {TD} at (98,1213) size 170x150 [r=25 c=1 rs=1 cs=1]
                RenderBlock {P} at (7,0) size 156x15
                  RenderText {#text} at (0,0) size 89x15
                    text run at (0,0) width 89: "Alan Littlewood"
                  RenderInline {SPAN} at (0,0) size 0x15
                    RenderInline {O:P} at (0,0) size 0x15
                RenderBlock {P} at (7,15) size 156x15
                  RenderText {#text} at (0,0) size 72x15
                    text run at (0,0) width 72: "Darren Braun"
                  RenderInline {SPAN} at (0,0) size 0x15
                    RenderInline {O:P} at (0,0) size 0x15
                RenderBlock {P} at (7,30) size 156x15
                  RenderText {#text} at (0,0) size 62x15
                    text run at (0,0) width 62: "Simon Tam"
                RenderBlock {P} at (7,45) size 156x15
                  RenderText {#text} at (0,0) size 78x15
                    text run at (0,0) width 78: "Chuck Pringle"
                RenderBlock {P} at (7,60) size 156x15
                  RenderText {#text} at (0,0) size 88x15
                    text run at (0,0) width 88: "Gary Pendergras"
                RenderBlock {P} at (7,75) size 156x15
                  RenderText {#text} at (0,0) size 79x15
                    text run at (0,0) width 79: "Peter Mazanec"
                RenderBlock {P} at (7,90) size 156x15
                  RenderText {#text} at (0,0) size 80x15
                    text run at (0,0) width 80: "Harry Imamura"
                RenderBlock {P} at (7,105) size 156x15
                  RenderText {#text} at (0,0) size 58x15
                    text run at (0,0) width 58: "Joe Araujo"
                RenderBlock {P} at (7,120) size 156x15
                  RenderText {#text} at (0,0) size 78x15
                    text run at (0,0) width 78: "Gary Williams"
                RenderBlock {P} at (7,135) size 156x15
                  RenderText {#text} at (0,0) size 89x15
                    text run at (0,0) width 89: "Jack Goodfriend"
                  RenderInline {SPAN} at (0,0) size 0x15
                    RenderInline {O:P} at (0,0) size 0x15
              RenderTableCell {TD} at (268,1213) size 99x105 [r=25 c=2 rs=1 cs=1]
                RenderBlock {P} at (7,0) size 85x15
                  RenderText {#text} at (32,0) size 21x15
                    text run at (32,0) width 21: "Yes"
                  RenderInline {SPAN} at (0,0) size 1x15
                    RenderInline {O:P} at (0,0) size 1x15
                RenderBlock {P} at (7,15) size 85x15
                  RenderText {#text} at (32,0) size 21x15
                    text run at (32,0) width 21: "Yes"
                  RenderInline {SPAN} at (0,0) size 1x15
                    RenderInline {O:P} at (0,0) size 1x15
                RenderBlock {P} at (7,30) size 85x15
                  RenderText {#text} at (32,0) size 21x15
                    text run at (32,0) width 21: "Yes"
                RenderBlock {P} at (7,45) size 85x15
                  RenderText {#text} at (32,0) size 21x15
                    text run at (32,0) width 21: "Yes"
                RenderBlock {P} at (7,60) size 85x15
                  RenderText {#text} at (32,0) size 21x15
                    text run at (32,0) width 21: "Yes"
                RenderBlock {P} at (7,75) size 85x15
                  RenderText {#text} at (32,0) size 21x15
                    text run at (32,0) width 21: "Yes"
                RenderBlock {P} at (7,90) size 85x15
                  RenderText {#text} at (34,0) size 17x15
                    text run at (34,0) width 17: "No"
                  RenderInline {SPAN} at (0,0) size 1x15
                    RenderInline {O:P} at (0,0) size 1x15
              RenderTableCell {TD} at (367,1213) size 106x105 [r=25 c=3 rs=1 cs=1]
                RenderBlock {P} at (7,0) size 92x15
                  RenderText {#text} at (38,0) size 16x15
                    text run at (38,0) width 16: "No"
                  RenderInline {SPAN} at (0,0) size 0x15
                    RenderInline {O:P} at (0,0) size 0x15
                RenderBlock {P} at (7,15) size 92x15
                  RenderText {#text} at (38,0) size 16x15
                    text run at (38,0) width 16: "No"
                  RenderInline {SPAN} at (0,0) size 0x15
                    RenderInline {O:P} at (0,0) size 0x15
                RenderBlock {P} at (7,30) size 92x15
                  RenderText {#text} at (38,0) size 16x15
                    text run at (38,0) width 16: "No"
                RenderBlock {P} at (7,45) size 92x15
                  RenderText {#text} at (38,0) size 16x15
                    text run at (38,0) width 16: "No"
                RenderBlock {P} at (7,60) size 92x15
                  RenderText {#text} at (38,0) size 16x15
                    text run at (38,0) width 16: "No"
                RenderBlock {P} at (7,75) size 92x15
                  RenderText {#text} at (38,0) size 16x15
                    text run at (38,0) width 16: "No"
                RenderBlock {P} at (7,90) size 92x15
                  RenderText {#text} at (36,0) size 20x15
                    text run at (36,0) width 20: "Yes"
                  RenderInline {SPAN} at (0,0) size 0x15
                    RenderInline {O:P} at (0,0) size 0x15
            RenderTableRow {TR} at (0,1363) size 473x90
              RenderTableCell {TD} at (0,1363) size 98x15 [r=26 c=0 rs=1 cs=1]
                RenderBlock {P} at (7,0) size 84x15
                  RenderText {#text} at (35,0) size 14x15
                    text run at (35,0) width 14: "27"
                  RenderInline {SPAN} at (0,0) size 0x15
                    RenderInline {O:P} at (0,0) size 0x15
              RenderTableCell {TD} at (98,1363) size 170x90 [r=26 c=1 rs=1 cs=1]
                RenderBlock {P} at (7,0) size 156x15
                  RenderText {#text} at (0,0) size 72x15
                    text run at (0,0) width 72: "Darren Braun"
                  RenderInline {SPAN} at (0,0) size 0x15
                    RenderInline {O:P} at (0,0) size 0x15
                RenderBlock {P} at (7,15) size 156x15
                  RenderText {#text} at (0,0) size 92x15
                    text run at (0,0) width 92: "Ian + Brad Carter"
                  RenderInline {SPAN} at (0,0) size 0x15
                    RenderInline {O:P} at (0,0) size 0x15
                RenderBlock {P} at (7,30) size 156x15
                  RenderText {#text} at (0,0) size 72x15
                    text run at (0,0) width 72: "Pete Peterson"
                RenderBlock {P} at (7,45) size 156x15
                  RenderText {#text} at (0,0) size 83x15
                    text run at (0,0) width 83: "John Chamorro"
                RenderBlock {P} at (7,60) size 156x15
                  RenderText {#text} at (0,0) size 69x15
                    text run at (0,0) width 69: "Ali Erdengiz"
                RenderBlock {P} at (7,75) size 156x15
                  RenderText {#text} at (0,0) size 57x15
                    text run at (0,0) width 57: "Saibal Sen"
                  RenderInline {SPAN} at (0,0) size 0x15
                    RenderInline {O:P} at (0,0) size 0x15
              RenderTableCell {TD} at (268,1363) size 99x90 [r=26 c=2 rs=1 cs=1]
                RenderBlock {P} at (7,0) size 85x15
                  RenderText {#text} at (32,0) size 21x15
                    text run at (32,0) width 21: "Yes"
                  RenderInline {SPAN} at (0,0) size 1x15
                    RenderInline {O:P} at (0,0) size 1x15
                RenderBlock {P} at (7,15) size 85x15
                  RenderText {#text} at (32,0) size 21x15
                    text run at (32,0) width 21: "Yes"
                  RenderInline {SPAN} at (0,0) size 1x15
                    RenderInline {O:P} at (0,0) size 1x15
                RenderBlock {P} at (7,30) size 85x15
                  RenderText {#text} at (32,0) size 21x15
                    text run at (32,0) width 21: "Yes"
                RenderBlock {P} at (7,45) size 85x15
                  RenderText {#text} at (41,0) size 3x15
                    text run at (41,0) width 3: " "
                RenderBlock {P} at (7,60) size 85x15
                  RenderText {#text} at (41,0) size 3x15
                    text run at (41,0) width 3: " "
                RenderBlock {P} at (7,75) size 85x15
                  RenderText {#text} at (32,0) size 21x15
                    text run at (32,0) width 21: "Yes"
                  RenderInline {SPAN} at (0,0) size 1x15
                    RenderInline {O:P} at (0,0) size 1x15
              RenderTableCell {TD} at (367,1363) size 106x90 [r=26 c=3 rs=1 cs=1]
                RenderBlock {P} at (7,0) size 92x15
                  RenderText {#text} at (38,0) size 16x15
                    text run at (38,0) width 16: "No"
                  RenderInline {SPAN} at (0,0) size 0x15
                    RenderInline {O:P} at (0,0) size 0x15
                RenderBlock {P} at (7,15) size 92x15
                  RenderText {#text} at (38,0) size 16x15
                    text run at (38,0) width 16: "No"
                  RenderInline {SPAN} at (0,0) size 0x15
                    RenderInline {O:P} at (0,0) size 0x15
                RenderBlock {P} at (7,30) size 92x15
                  RenderText {#text} at (38,0) size 16x15
                    text run at (38,0) width 16: "No"
                RenderBlock {P} at (7,45) size 92x15
                  RenderText {#text} at (44,0) size 4x15
                    text run at (44,0) width 4: " "
                RenderBlock {P} at (7,60) size 92x15
                  RenderText {#text} at (44,0) size 4x15
                    text run at (44,0) width 4: " "
                RenderBlock {P} at (7,75) size 92x15
                  RenderText {#text} at (38,0) size 16x15
                    text run at (38,0) width 16: "No"
                  RenderInline {SPAN} at (0,0) size 0x15
                    RenderInline {O:P} at (0,0) size 0x15
            RenderTableRow {TR} at (0,1453) size 473x135
              RenderTableCell {TD} at (0,1453) size 98x15 [r=27 c=0 rs=1 cs=1]
                RenderBlock {P} at (7,0) size 84x15
                  RenderText {#text} at (35,0) size 14x15
                    text run at (35,0) width 14: "28"
                  RenderInline {SPAN} at (0,0) size 0x15
                    RenderInline {O:P} at (0,0) size 0x15
              RenderTableCell {TD} at (98,1453) size 170x135 [r=27 c=1 rs=1 cs=1]
                RenderBlock {P} at (7,0) size 156x15
                  RenderText {#text} at (0,0) size 93x15
                    text run at (0,0) width 93: "Zak + Mike West"
                  RenderInline {SPAN} at (0,0) size 0x15
                    RenderInline {O:P} at (0,0) size 0x15
                RenderBlock {P} at (7,15) size 156x15
                  RenderText {#text} at (0,0) size 64x15
                    text run at (0,0) width 64: "Dave Neves"
                  RenderInline {SPAN} at (0,0) size 0x15
                    RenderInline {O:P} at (0,0) size 0x15
                RenderBlock {P} at (7,30) size 156x15
                  RenderText {#text} at (0,0) size 78x15
                    text run at (0,0) width 78: "Richard Green"
                  RenderInline {SPAN} at (0,0) size 0x15
                    RenderInline {O:P} at (0,0) size 0x15
                RenderBlock {P} at (7,45) size 156x15
                  RenderText {#text} at (0,0) size 68x15
                    text run at (0,0) width 68: "Javier Flores"
                RenderBlock {P} at (7,60) size 156x15
                  RenderText {#text} at (0,0) size 86x15
                    text run at (0,0) width 86: "Gerald Cardinal"
                RenderBlock {P} at (7,75) size 156x15
                  RenderText {#text} at (0,0) size 63x15
                    text run at (0,0) width 63: "Dan Sievert"
                RenderBlock {P} at (7,90) size 156x15
                  RenderText {#text} at (0,0) size 69x15
                    text run at (0,0) width 69: "Ali Erdengiz"
                RenderBlock {P} at (7,105) size 156x15
                  RenderText {#text} at (0,0) size 63x15
                    text run at (0,0) width 63: "Paul Walter"
                RenderBlock {P} at (7,120) size 156x15
                  RenderText {#text} at (0,0) size 60x15
                    text run at (0,0) width 60: "Jerry Davis"
                  RenderInline {SPAN} at (0,0) size 0x15
                    RenderInline {O:P} at (0,0) size 0x15
              RenderTableCell {TD} at (268,1453) size 99x135 [r=27 c=2 rs=1 cs=1]
                RenderBlock {P} at (7,0) size 85x15
                  RenderText {#text} at (32,0) size 21x15
                    text run at (32,0) width 21: "Yes"
                  RenderInline {SPAN} at (0,0) size 1x15
                    RenderInline {O:P} at (0,0) size 1x15
                RenderBlock {P} at (7,15) size 85x15
                  RenderText {#text} at (32,0) size 21x15
                    text run at (32,0) width 21: "Yes"
                  RenderInline {SPAN} at (0,0) size 1x15
                    RenderInline {O:P} at (0,0) size 1x15
                RenderBlock {P} at (7,30) size 85x15
                  RenderText {#text} at (32,0) size 21x15
                    text run at (32,0) width 21: "Yes"
                  RenderInline {SPAN} at (0,0) size 1x15
                    RenderInline {O:P} at (0,0) size 1x15
                RenderBlock {P} at (7,45) size 85x15
                  RenderText {#text} at (32,0) size 21x15
                    text run at (32,0) width 21: "Yes"
                RenderBlock {P} at (7,60) size 85x15
                  RenderText {#text} at (41,0) size 3x15
                    text run at (41,0) width 3: " "
                RenderBlock {P} at (7,75) size 85x15
                  RenderText {#text} at (32,0) size 21x15
                    text run at (32,0) width 21: "Yes"
                RenderBlock {P} at (7,90) size 85x15
                  RenderText {#text} at (41,0) size 3x15
                    text run at (41,0) width 3: " "
                RenderBlock {P} at (7,105) size 85x15
                  RenderText {#text} at (41,0) size 3x15
                    text run at (41,0) width 3: " "
                RenderBlock {P} at (7,120) size 85x15
                  RenderText {#text} at (32,0) size 21x15
                    text run at (32,0) width 21: "Yes"
                  RenderInline {SPAN} at (0,0) size 1x15
                    RenderInline {O:P} at (0,0) size 1x15
              RenderTableCell {TD} at (367,1453) size 106x135 [r=27 c=3 rs=1 cs=1]
                RenderBlock {P} at (7,0) size 92x15
                  RenderText {#text} at (36,0) size 20x15
                    text run at (36,0) width 20: "Yes"
                  RenderInline {SPAN} at (0,0) size 0x15
                    RenderInline {O:P} at (0,0) size 0x15
                RenderBlock {P} at (7,15) size 92x15
                  RenderText {#text} at (36,0) size 20x15
                    text run at (36,0) width 20: "Yes"
                  RenderInline {SPAN} at (0,0) size 0x15
                    RenderInline {O:P} at (0,0) size 0x15
                RenderBlock {P} at (7,30) size 92x15
                  RenderText {#text} at (38,0) size 16x15
                    text run at (38,0) width 16: "No"
                  RenderInline {SPAN} at (0,0) size 0x15
                    RenderInline {O:P} at (0,0) size 0x15
                RenderBlock {P} at (7,45) size 92x15
                  RenderText {#text} at (38,0) size 16x15
                    text run at (38,0) width 16: "No"
                RenderBlock {P} at (7,60) size 92x15
                  RenderText {#text} at (44,0) size 4x15
                    text run at (44,0) width 4: " "
                RenderBlock {P} at (7,75) size 92x15
                  RenderText {#text} at (38,0) size 16x15
                    text run at (38,0) width 16: "No"
                RenderBlock {P} at (7,90) size 92x15
                  RenderText {#text} at (44,0) size 4x15
                    text run at (44,0) width 4: " "
                RenderBlock {P} at (7,105) size 92x15
                  RenderText {#text} at (44,0) size 4x15
                    text run at (44,0) width 4: " "
                RenderBlock {P} at (7,120) size 92x15
                  RenderText {#text} at (38,0) size 16x15
                    text run at (38,0) width 16: "No"
                  RenderInline {SPAN} at (0,0) size 0x15
                    RenderInline {O:P} at (0,0) size 0x15
            RenderTableRow {TR} at (0,1588) size 473x45
              RenderTableCell {TD} at (0,1588) size 98x15 [r=28 c=0 rs=1 cs=1]
                RenderBlock {P} at (7,0) size 84x15
                  RenderText {#text} at (35,0) size 14x15
                    text run at (35,0) width 14: "29"
                  RenderInline {SPAN} at (0,0) size 0x15
                    RenderInline {O:P} at (0,0) size 0x15
              RenderTableCell {TD} at (98,1588) size 170x45 [r=28 c=1 rs=1 cs=1]
                RenderBlock {P} at (7,0) size 156x15
                  RenderText {#text} at (0,0) size 68x15
                    text run at (0,0) width 68: "Javier Flores"
                  RenderInline {SPAN} at (0,0) size 0x15
                    RenderInline {O:P} at (0,0) size 0x15
                RenderBlock {P} at (7,15) size 156x15
                  RenderText {#text} at (0,0) size 69x15
                    text run at (0,0) width 69: "Bill Johnson"
                RenderBlock {P} at (7,30) size 156x15
                  RenderText {#text} at (0,0) size 58x15
                    text run at (0,0) width 58: "John Todd"
                  RenderInline {SPAN} at (0,0) size 0x15
                    RenderInline {O:P} at (0,0) size 0x15
              RenderTableCell {TD} at (268,1588) size 99x30 [r=28 c=2 rs=1 cs=1]
                RenderBlock {P} at (7,0) size 85x15
                  RenderText {#text} at (32,0) size 21x15
                    text run at (32,0) width 21: "Yes"
                  RenderInline {SPAN} at (0,0) size 1x15
                    RenderInline {O:P} at (0,0) size 1x15
                RenderBlock {P} at (7,15) size 85x15
                  RenderText {#text} at (32,0) size 21x15
                    text run at (32,0) width 21: "Yes"
                  RenderInline {SPAN} at (0,0) size 1x15
                    RenderInline {O:P} at (0,0) size 1x15
              RenderTableCell {TD} at (367,1588) size 106x30 [r=28 c=3 rs=1 cs=1]
                RenderBlock {P} at (7,0) size 92x15
                  RenderText {#text} at (38,0) size 16x15
                    text run at (38,0) width 16: "No"
                  RenderInline {SPAN} at (0,0) size 0x15
                    RenderInline {O:P} at (0,0) size 0x15
                RenderBlock {P} at (7,15) size 92x15
                  RenderText {#text} at (38,0) size 16x15
                    text run at (38,0) width 16: "No"
                  RenderInline {SPAN} at (0,0) size 0x15
                    RenderInline {O:P} at (0,0) size 0x15
            RenderTableRow {TR} at (0,1633) size 473x105
              RenderTableCell {TD} at (0,1633) size 98x15 [r=29 c=0 rs=1 cs=1]
                RenderBlock {P} at (7,0) size 84x15
                  RenderText {#text} at (35,0) size 14x15
                    text run at (35,0) width 14: "30"
                  RenderInline {SPAN} at (0,0) size 0x15
                    RenderInline {O:P} at (0,0) size 0x15
              RenderTableCell {TD} at (98,1633) size 170x105 [r=29 c=1 rs=1 cs=1]
                RenderBlock {P} at (7,0) size 156x15
                  RenderText {#text} at (0,0) size 89x15
                    text run at (0,0) width 89: "Alan Littlewood"
                  RenderInline {SPAN} at (0,0) size 0x15
                    RenderInline {O:P} at (0,0) size 0x15
                RenderBlock {P} at (7,15) size 156x15
                  RenderText {#text} at (0,0) size 84x15
                    text run at (0,0) width 84: "George Coward"
                  RenderInline {SPAN} at (0,0) size 0x15
                    RenderInline {O:P} at (0,0) size 0x15
                RenderBlock {P} at (7,30) size 156x15
                  RenderText {#text} at (0,0) size 86x15
                    text run at (0,0) width 86: "Maurice Burton"
                RenderBlock {P} at (7,45) size 156x15
                  RenderText {#text} at (0,0) size 63x15
                    text run at (0,0) width 63: "Dan Sievert"
                RenderBlock {P} at (7,60) size 156x15
                  RenderText {#text} at (0,0) size 114x15
                    text run at (0,0) width 114: "Michael DeGiovanni"
                RenderBlock {P} at (7,75) size 156x15
                  RenderText {#text} at (0,0) size 89x15
                    text run at (0,0) width 89: "Jack Goodfriend"
                RenderBlock {P} at (7,90) size 156x15
                  RenderText {#text} at (0,0) size 91x15
                    text run at (0,0) width 91: "Richard Sanchez"
                  RenderInline {SPAN} at (0,0) size 0x15
                    RenderInline {O:P} at (0,0) size 0x15
              RenderTableCell {TD} at (268,1633) size 99x105 [r=29 c=2 rs=1 cs=1]
                RenderBlock {P} at (7,0) size 85x15
                  RenderText {#text} at (32,0) size 21x15
                    text run at (32,0) width 21: "Yes"
                  RenderInline {SPAN} at (0,0) size 1x15
                    RenderInline {O:P} at (0,0) size 1x15
                RenderBlock {P} at (7,15) size 85x15
                  RenderText {#text} at (32,0) size 21x15
                    text run at (32,0) width 21: "Yes"
                  RenderInline {SPAN} at (0,0) size 1x15
                    RenderInline {O:P} at (0,0) size 1x15
                RenderBlock {P} at (7,30) size 85x15
                  RenderText {#text} at (32,0) size 21x15
                    text run at (32,0) width 21: "Yes"
                RenderBlock {P} at (7,45) size 85x15
                  RenderText {#text} at (32,0) size 21x15
                    text run at (32,0) width 21: "Yes"
                RenderBlock {P} at (7,60) size 85x15
                  RenderText {#text} at (41,0) size 3x15
                    text run at (41,0) width 3: " "
                RenderBlock {P} at (7,75) size 85x15
                  RenderText {#text} at (41,0) size 3x15
                    text run at (41,0) width 3: " "
                RenderBlock {P} at (7,90) size 85x15
                  RenderText {#text} at (34,0) size 17x15
                    text run at (34,0) width 17: "No"
                  RenderInline {SPAN} at (0,0) size 1x15
                    RenderInline {O:P} at (0,0) size 1x15
              RenderTableCell {TD} at (367,1633) size 106x105 [r=29 c=3 rs=1 cs=1]
                RenderBlock {P} at (7,0) size 92x15
                  RenderText {#text} at (38,0) size 16x15
                    text run at (38,0) width 16: "No"
                  RenderInline {SPAN} at (0,0) size 0x15
                    RenderInline {O:P} at (0,0) size 0x15
                RenderBlock {P} at (7,15) size 92x15
                  RenderText {#text} at (38,0) size 16x15
                    text run at (38,0) width 16: "No"
                  RenderInline {SPAN} at (0,0) size 0x15
                    RenderInline {O:P} at (0,0) size 0x15
                RenderBlock {P} at (7,30) size 92x15
                  RenderText {#text} at (38,0) size 16x15
                    text run at (38,0) width 16: "No"
                RenderBlock {P} at (7,45) size 92x15
                  RenderText {#text} at (38,0) size 16x15
                    text run at (38,0) width 16: "No"
                RenderBlock {P} at (7,60) size 92x15
                  RenderText {#text} at (44,0) size 4x15
                    text run at (44,0) width 4: " "
                RenderBlock {P} at (7,75) size 92x15
                  RenderText {#text} at (44,0) size 4x15
                    text run at (44,0) width 4: " "
                RenderBlock {P} at (7,90) size 92x15
                  RenderText {#text} at (36,0) size 20x15
                    text run at (36,0) width 20: "Yes"
                  RenderInline {SPAN} at (0,0) size 0x15
                    RenderInline {O:P} at (0,0) size 0x15
            RenderTableRow {TR} at (0,1738) size 473x45
              RenderTableCell {TD} at (0,1738) size 98x15 [r=30 c=0 rs=1 cs=1]
                RenderBlock {P} at (7,0) size 84x15
                  RenderText {#text} at (35,0) size 14x15
                    text run at (35,0) width 14: "31"
                  RenderInline {SPAN} at (0,0) size 0x15
                    RenderInline {O:P} at (0,0) size 0x15
              RenderTableCell {TD} at (98,1738) size 170x45 [r=30 c=1 rs=1 cs=1]
                RenderBlock {P} at (7,0) size 156x15
                  RenderText {#text} at (0,0) size 64x15
                    text run at (0,0) width 64: "Dave Neves"
                RenderBlock {P} at (7,15) size 156x15
                  RenderText {#text} at (0,0) size 79x15
                    text run at (0,0) width 79: "James Haladus"
                RenderBlock {P} at (7,30) size 156x15
                  RenderText {#text} at (0,0) size 65x15
                    text run at (0,0) width 65: "Randy Reid"
                  RenderInline {SPAN} at (0,0) size 0x15
                    RenderInline {O:P} at (0,0) size 0x15
              RenderTableCell {TD} at (268,1738) size 99x30 [r=30 c=2 rs=1 cs=1]
                RenderBlock {P} at (7,0) size 85x15
                  RenderText {#text} at (32,0) size 21x15
                    text run at (32,0) width 21: "Yes"
                RenderBlock {P} at (7,15) size 85x15
                  RenderText {#text} at (32,0) size 21x15
                    text run at (32,0) width 21: "Yes"
                  RenderInline {SPAN} at (0,0) size 1x15
                    RenderInline {O:P} at (0,0) size 1x15
              RenderTableCell {TD} at (367,1738) size 106x30 [r=30 c=3 rs=1 cs=1]
                RenderBlock {P} at (7,0) size 92x15
                  RenderText {#text} at (36,0) size 20x15
                    text run at (36,0) width 20: "Yes"
                RenderBlock {P} at (7,15) size 92x15
                  RenderText {#text} at (38,0) size 16x15
                    text run at (38,0) width 16: "No"
                  RenderInline {SPAN} at (0,0) size 0x15
                    RenderInline {O:P} at (0,0) size 0x15
            RenderTableRow {TR} at (0,1783) size 473x60
              RenderTableCell {TD} at (0,1783) size 98x15 [r=31 c=0 rs=1 cs=1]
                RenderBlock {P} at (7,0) size 84x15
                  RenderText {#text} at (35,0) size 14x15
                    text run at (35,0) width 14: "32"
                  RenderInline {SPAN} at (0,0) size 0x15
                    RenderInline {O:P} at (0,0) size 0x15
              RenderTableCell {TD} at (98,1783) size 170x60 [r=31 c=1 rs=1 cs=1]
                RenderBlock {P} at (7,0) size 156x15
                  RenderText {#text} at (0,0) size 65x15
                    text run at (0,0) width 65: " Oliver Baer"
                RenderBlock {P} at (7,15) size 156x15
                  RenderText {#text} at (0,0) size 68x15
                    text run at (0,0) width 68: "Dale Barnett"
                RenderBlock {P} at (7,30) size 156x15
                  RenderText {#text} at (0,0) size 58x15
                    text run at (0,0) width 58: "John Todd"
                RenderBlock {P} at (7,45) size 156x15
                  RenderText {#text} at (0,0) size 89x15
                    text run at (0,0) width 89: "Dominic Bayani"
                  RenderInline {SPAN} at (0,0) size 0x15
                    RenderInline {O:P} at (0,0) size 0x15
              RenderTableCell {TD} at (268,1783) size 99x30 [r=31 c=2 rs=1 cs=1]
                RenderBlock {P} at (7,0) size 85x15
                  RenderText {#text} at (31,0) size 23x15
                    text run at (31,0) width 23: " Yes"
                RenderBlock {P} at (7,15) size 85x15
                  RenderText {#text} at (32,0) size 21x15
                    text run at (32,0) width 21: "Yes"
                  RenderInline {SPAN} at (0,0) size 1x15
                    RenderInline {O:P} at (0,0) size 1x15
              RenderTableCell {TD} at (367,1783) size 106x30 [r=31 c=3 rs=1 cs=1]
                RenderBlock {P} at (7,0) size 92x15
                  RenderText {#text} at (36,0) size 20x15
                    text run at (36,0) width 20: " No"
                RenderBlock {P} at (7,15) size 92x15
                  RenderText {#text} at (38,0) size 16x15
                    text run at (38,0) width 16: "No"
                  RenderInline {SPAN} at (0,0) size 0x15
                    RenderInline {O:P} at (0,0) size 0x15
            RenderTableRow {TR} at (0,1843) size 473x135
              RenderTableCell {TD} at (0,1843) size 98x15 [r=32 c=0 rs=1 cs=1]
                RenderBlock {P} at (7,0) size 84x15
                  RenderText {#text} at (35,0) size 14x15
                    text run at (35,0) width 14: "33"
                  RenderInline {SPAN} at (0,0) size 0x15
                    RenderInline {O:P} at (0,0) size 0x15
              RenderTableCell {TD} at (98,1843) size 170x135 [r=32 c=1 rs=1 cs=1]
                RenderBlock {P} at (7,0) size 156x15
                  RenderText {#text} at (0,0) size 70x15
                    text run at (0,0) width 70: "Tom Wagner"
                  RenderInline {SPAN} at (0,0) size 0x15
                    RenderInline {O:P} at (0,0) size 0x15
                RenderBlock {P} at (7,15) size 156x15
                  RenderText {#text} at (0,0) size 76x15
                    text run at (0,0) width 76: "Gene Langley"
                RenderBlock {P} at (7,30) size 156x15
                  RenderText {#text} at (0,0) size 79x15
                    text run at (0,0) width 79: "James Haladus"
                RenderBlock {P} at (7,45) size 156x15
                  RenderText {#text} at (0,0) size 85x15
                    text run at (0,0) width 85: "Daniel Buckley"
                RenderBlock {P} at (7,60) size 156x15
                  RenderText {#text} at (0,0) size 68x15
                    text run at (0,0) width 68: "Chris Larsen"
                RenderBlock {P} at (7,75) size 156x15
                  RenderText {#text} at (0,0) size 73x15
                    text run at (0,0) width 73: "Mike Chansu"
                RenderBlock {P} at (7,90) size 156x15
                  RenderText {#text} at (0,0) size 71x15
                    text run at (0,0) width 71: "James Brown"
                RenderBlock {P} at (7,105) size 156x15
                  RenderText {#text} at (0,0) size 65x15
                    text run at (0,0) width 65: "Will Sievert"
                RenderBlock {P} at (7,120) size 156x15
                  RenderText {#text} at (0,0) size 69x15
                    text run at (0,0) width 69: "Terry Chong"
                  RenderInline {SPAN} at (0,0) size 0x15
                    RenderInline {O:P} at (0,0) size 0x15
              RenderTableCell {TD} at (268,1843) size 99x135 [r=32 c=2 rs=1 cs=1]
                RenderBlock {P} at (7,0) size 85x15
                  RenderText {#text} at (32,0) size 21x15
                    text run at (32,0) width 21: "Yes"
                  RenderInline {SPAN} at (0,0) size 1x15
                    RenderInline {O:P} at (0,0) size 1x15
                RenderBlock {P} at (7,15) size 85x15
                  RenderText {#text} at (32,0) size 21x15
                    text run at (32,0) width 21: "Yes"
                RenderBlock {P} at (7,30) size 85x15
                  RenderText {#text} at (32,0) size 21x15
                    text run at (32,0) width 21: "Yes"
                RenderBlock {P} at (7,45) size 85x15
                  RenderText {#text} at (32,0) size 21x15
                    text run at (32,0) width 21: "Yes"
                RenderBlock {P} at (7,60) size 85x15
                  RenderText {#text} at (41,0) size 3x15
                    text run at (41,0) width 3: " "
                RenderBlock {P} at (7,75) size 85x15
                  RenderText {#text} at (32,0) size 21x15
                    text run at (32,0) width 21: "Yes"
                RenderBlock {P} at (7,90) size 85x15
                  RenderText {#text} at (32,0) size 21x15
                    text run at (32,0) width 21: "Yes"
                RenderBlock {P} at (7,105) size 85x15
                  RenderText {#text} at (32,0) size 21x15
                    text run at (32,0) width 21: "Yes"
                RenderBlock {P} at (7,120) size 85x15
                  RenderText {#text} at (32,0) size 21x15
                    text run at (32,0) width 21: "Yes"
                  RenderInline {SPAN} at (0,0) size 1x15
                    RenderInline {O:P} at (0,0) size 1x15
              RenderTableCell {TD} at (367,1843) size 106x135 [r=32 c=3 rs=1 cs=1]
                RenderBlock {P} at (7,0) size 92x15
                  RenderText {#text} at (38,0) size 16x15
                    text run at (38,0) width 16: "No"
                  RenderInline {SPAN} at (0,0) size 0x15
                    RenderInline {O:P} at (0,0) size 0x15
                RenderBlock {P} at (7,15) size 92x15
                  RenderText {#text} at (7,0) size 78x15
                    text run at (7,0) width 78: "Gyro wannabe"
                RenderBlock {P} at (7,30) size 92x15
                  RenderText {#text} at (38,0) size 16x15
                    text run at (38,0) width 16: "No"
                RenderBlock {P} at (7,45) size 92x15
                  RenderText {#text} at (38,0) size 16x15
                    text run at (38,0) width 16: "No"
                RenderBlock {P} at (7,60) size 92x15
                  RenderText {#text} at (44,0) size 4x15
                    text run at (44,0) width 4: " "
                RenderBlock {P} at (7,75) size 92x15
                  RenderText {#text} at (38,0) size 16x15
                    text run at (38,0) width 16: "No"
                RenderBlock {P} at (7,90) size 92x15
                  RenderText {#text} at (38,0) size 16x15
                    text run at (38,0) width 16: "No"
                RenderBlock {P} at (7,105) size 92x15
                  RenderText {#text} at (38,0) size 16x15
                    text run at (38,0) width 16: "No"
                RenderBlock {P} at (7,120) size 92x15
                  RenderText {#text} at (38,0) size 16x15
                    text run at (38,0) width 16: "No"
                  RenderInline {SPAN} at (0,0) size 0x15
                    RenderInline {O:P} at (0,0) size 0x15
            RenderTableRow {TR} at (0,1978) size 473x120
              RenderTableCell {TD} at (0,1978) size 98x15 [r=33 c=0 rs=1 cs=1]
                RenderBlock {P} at (7,0) size 84x15
                  RenderText {#text} at (35,0) size 14x15
                    text run at (35,0) width 14: "34"
                  RenderInline {SPAN} at (0,0) size 0x15
                    RenderInline {O:P} at (0,0) size 0x15
              RenderTableCell {TD} at (98,1978) size 170x120 [r=33 c=1 rs=1 cs=1]
                RenderBlock {P} at (7,0) size 156x15
                  RenderText {#text} at (0,0) size 57x15
                    text run at (0,0) width 57: "Jay Ribera"
                RenderBlock {P} at (7,15) size 156x15
                  RenderText {#text} at (0,0) size 86x15
                    text run at (0,0) width 86: "Gerald Cardinal"
                RenderBlock {P} at (7,30) size 156x15
                  RenderText {#text} at (0,0) size 68x15
                    text run at (0,0) width 68: "Dale Barnett"
                RenderBlock {P} at (7,45) size 156x15
                  RenderText {#text} at (0,0) size 63x15
                    text run at (0,0) width 63: "Paul Walter"
                RenderBlock {P} at (7,60) size 156x15
                  RenderText {#text} at (0,0) size 89x15
                    text run at (0,0) width 89: "Dominic Bayani"
                RenderBlock {P} at (7,75) size 156x15
                  RenderText {#text} at (0,0) size 93x15
                    text run at (0,0) width 93: "Donald Carvalho"
                RenderBlock {P} at (7,90) size 156x15
                  RenderText {#text} at (0,0) size 73x15
                    text run at (0,0) width 73: "Jack Peterson"
                RenderBlock {P} at (7,105) size 156x15
                  RenderText {#text} at (0,0) size 62x15
                    text run at (0,0) width 62: "Scott Hersh"
                  RenderInline {SPAN} at (0,0) size 0x15
                    RenderInline {O:P} at (0,0) size 0x15
              RenderTableCell {TD} at (268,1978) size 99x120 [r=33 c=2 rs=1 cs=1]
                RenderBlock {P} at (7,0) size 85x15
                  RenderText {#text} at (32,0) size 21x15
                    text run at (32,0) width 21: "Yes"
                RenderBlock {P} at (7,15) size 85x15
                  RenderText {#text} at (41,0) size 3x15
                    text run at (41,0) width 3: " "
                RenderBlock {P} at (7,30) size 85x15
                  RenderText {#text} at (32,0) size 21x15
                    text run at (32,0) width 21: "Yes"
                RenderBlock {P} at (7,45) size 85x15
                  RenderText {#text} at (41,0) size 3x15
                    text run at (41,0) width 3: " "
                RenderBlock {P} at (7,60) size 85x15
                  RenderText {#text} at (41,0) size 3x15
                    text run at (41,0) width 3: " "
                RenderBlock {P} at (7,75) size 85x15
                  RenderText {#text} at (41,0) size 3x15
                    text run at (41,0) width 3: " "
                RenderBlock {P} at (7,90) size 85x15
                  RenderText {#text} at (41,0) size 3x15
                    text run at (41,0) width 3: " "
                RenderBlock {P} at (7,105) size 85x15
                  RenderText {#text} at (32,0) size 21x15
                    text run at (32,0) width 21: "Yes"
                  RenderInline {SPAN} at (0,0) size 1x15
                    RenderInline {O:P} at (0,0) size 1x15
              RenderTableCell {TD} at (367,1978) size 106x120 [r=33 c=3 rs=1 cs=1]
                RenderBlock {P} at (7,0) size 92x15
                  RenderText {#text} at (38,0) size 16x15
                    text run at (38,0) width 16: "No"
                RenderBlock {P} at (7,15) size 92x15
                  RenderText {#text} at (44,0) size 4x15
                    text run at (44,0) width 4: " "
                RenderBlock {P} at (7,30) size 92x15
                  RenderText {#text} at (38,0) size 16x15
                    text run at (38,0) width 16: "No"
                RenderBlock {P} at (7,45) size 92x15
                  RenderText {#text} at (44,0) size 4x15
                    text run at (44,0) width 4: " "
                RenderBlock {P} at (7,60) size 92x15
                  RenderText {#text} at (44,0) size 4x15
                    text run at (44,0) width 4: " "
                RenderBlock {P} at (7,75) size 92x15
                  RenderText {#text} at (44,0) size 4x15
                    text run at (44,0) width 4: " "
                RenderBlock {P} at (7,90) size 92x15
                  RenderText {#text} at (44,0) size 4x15
                    text run at (44,0) width 4: " "
                RenderBlock {P} at (7,105) size 92x15
                  RenderText {#text} at (38,0) size 16x15
                    text run at (38,0) width 16: "No"
                  RenderInline {SPAN} at (0,0) size 0x15
                    RenderInline {O:P} at (0,0) size 0x15
            RenderTableRow {TR} at (0,2098) size 473x75
              RenderTableCell {TD} at (0,2098) size 98x15 [r=34 c=0 rs=1 cs=1]
                RenderBlock {P} at (7,0) size 84x15
                  RenderText {#text} at (35,0) size 14x15
                    text run at (35,0) width 14: "35"
                  RenderInline {SPAN} at (0,0) size 0x15
                    RenderInline {O:P} at (0,0) size 0x15
              RenderTableCell {TD} at (98,2098) size 170x75 [r=34 c=1 rs=1 cs=1]
                RenderBlock {P} at (7,0) size 156x15
                  RenderText {#text} at (0,0) size 81x15
                    text run at (0,0) width 81: " Richard Green"
                RenderBlock {P} at (7,15) size 156x15
                  RenderText {#text} at (0,0) size 66x15
                    text run at (0,0) width 66: "David Allen"
                RenderBlock {P} at (7,30) size 156x15
                  RenderText {#text} at (0,0) size 60x15
                    text run at (0,0) width 60: "Jim Colvin"
                RenderBlock {P} at (7,45) size 156x15
                  RenderText {#text} at (0,0) size 70x15
                    text run at (0,0) width 70: "Harald Close"
                RenderBlock {P} at (7,60) size 156x15
                  RenderText {#text} at (0,0) size 62x15
                    text run at (0,0) width 62: "Oliver Baer"
                  RenderInline {SPAN} at (0,0) size 0x15
                    RenderInline {O:P} at (0,0) size 0x15
              RenderTableCell {TD} at (268,2098) size 99x75 [r=34 c=2 rs=1 cs=1]
                RenderBlock {P} at (7,0) size 85x15
                  RenderText {#text} at (41,0) size 3x15
                    text run at (41,0) width 3: " "
                RenderBlock {P} at (7,15) size 85x15
                  RenderText {#text} at (41,0) size 3x15
                    text run at (41,0) width 3: " "
                RenderBlock {P} at (7,30) size 85x15
                  RenderText {#text} at (41,0) size 3x15
                    text run at (41,0) width 3: " "
                RenderBlock {P} at (7,45) size 85x15
                  RenderText {#text} at (32,0) size 21x15
                    text run at (32,0) width 21: "Yes"
                RenderBlock {P} at (7,60) size 85x15
                  RenderText {#text} at (32,0) size 21x15
                    text run at (32,0) width 21: "Yes"
                  RenderInline {SPAN} at (0,0) size 1x15
                    RenderInline {O:P} at (0,0) size 1x15
              RenderTableCell {TD} at (367,2098) size 106x75 [r=34 c=3 rs=1 cs=1]
                RenderBlock {P} at (7,0) size 92x15
                  RenderText {#text} at (44,0) size 4x15
                    text run at (44,0) width 4: " "
                RenderBlock {P} at (7,15) size 92x15
                  RenderText {#text} at (44,0) size 4x15
                    text run at (44,0) width 4: " "
                RenderBlock {P} at (7,30) size 92x15
                  RenderText {#text} at (44,0) size 4x15
                    text run at (44,0) width 4: " "
                RenderBlock {P} at (7,45) size 92x15
                  RenderText {#text} at (36,0) size 20x15
                    text run at (36,0) width 20: "Yes"
                RenderBlock {P} at (7,60) size 92x15
                  RenderText {#text} at (38,0) size 16x15
                    text run at (38,0) width 16: "No"
                  RenderInline {SPAN} at (0,0) size 0x15
                    RenderInline {O:P} at (0,0) size 0x15
            RenderTableRow {TR} at (0,2173) size 473x75
              RenderTableCell {TD} at (0,2173) size 98x15 [r=35 c=0 rs=1 cs=1]
                RenderBlock {P} at (7,0) size 84x15
                  RenderText {#text} at (35,0) size 14x15
                    text run at (35,0) width 14: "36"
                  RenderInline {SPAN} at (0,0) size 0x15
                    RenderInline {O:P} at (0,0) size 0x15
              RenderTableCell {TD} at (98,2173) size 170x75 [r=35 c=1 rs=1 cs=1]
                RenderBlock {P} at (7,0) size 156x15
                  RenderText {#text} at (0,0) size 71x15
                    text run at (0,0) width 71: "Jason Beehm"
                RenderBlock {P} at (7,15) size 156x15
                  RenderText {#text} at (0,0) size 93x15
                    text run at (0,0) width 93: "Darrell Carpenter"
                RenderBlock {P} at (7,30) size 156x15
                  RenderText {#text} at (0,0) size 82x15
                    text run at (0,0) width 82: "Stefan Kiritzov"
                RenderBlock {P} at (7,45) size 156x15
                  RenderText {#text} at (0,0) size 68x15
                    text run at (0,0) width 68: "Dale Barnett"
                RenderBlock {P} at (7,60) size 156x15
                  RenderText {#text} at (0,0) size 63x15
                    text run at (0,0) width 63: "Dan Sievert"
                  RenderInline {SPAN} at (0,0) size 0x15
                    RenderInline {O:P} at (0,0) size 0x15
              RenderTableCell {TD} at (268,2173) size 99x75 [r=35 c=2 rs=1 cs=1]
                RenderBlock {P} at (7,0) size 85x15
                  RenderText {#text} at (32,0) size 21x15
                    text run at (32,0) width 21: "Yes"
                RenderBlock {P} at (7,15) size 85x15
                  RenderText {#text} at (32,0) size 21x15
                    text run at (32,0) width 21: "Yes"
                RenderBlock {P} at (7,30) size 85x15
                  RenderText {#text} at (32,0) size 21x15
                    text run at (32,0) width 21: "Yes"
                RenderBlock {P} at (7,45) size 85x15
                  RenderText {#text} at (32,0) size 21x15
                    text run at (32,0) width 21: "Yes"
                RenderBlock {P} at (7,60) size 85x15
                  RenderText {#text} at (32,0) size 21x15
                    text run at (32,0) width 21: "Yes"
                  RenderInline {SPAN} at (0,0) size 1x15
                    RenderInline {O:P} at (0,0) size 1x15
              RenderTableCell {TD} at (367,2173) size 106x75 [r=35 c=3 rs=1 cs=1]
                RenderBlock {P} at (7,0) size 92x15
                  RenderText {#text} at (38,0) size 16x15
                    text run at (38,0) width 16: "No"
                RenderBlock {P} at (7,15) size 92x15
                  RenderText {#text} at (38,0) size 16x15
                    text run at (38,0) width 16: "No"
                RenderBlock {P} at (7,30) size 92x15
                  RenderText {#text} at (36,0) size 20x15
                    text run at (36,0) width 20: "Yes"
                RenderBlock {P} at (7,45) size 92x15
                  RenderText {#text} at (38,0) size 16x15
                    text run at (38,0) width 16: "No"
                RenderBlock {P} at (7,60) size 92x15
                  RenderText {#text} at (38,0) size 16x15
                    text run at (38,0) width 16: "No"
                  RenderInline {SPAN} at (0,0) size 0x15
                    RenderInline {O:P} at (0,0) size 0x15
            RenderTableRow {TR} at (0,2248) size 473x60
              RenderTableCell {TD} at (0,2248) size 98x15 [r=36 c=0 rs=1 cs=1]
                RenderBlock {P} at (7,0) size 84x15
                  RenderText {#text} at (35,0) size 14x15
                    text run at (35,0) width 14: "37"
                  RenderInline {SPAN} at (0,0) size 0x15
                    RenderInline {O:P} at (0,0) size 0x15
              RenderTableCell {TD} at (98,2248) size 170x60 [r=36 c=1 rs=1 cs=1]
                RenderBlock {P} at (7,0) size 156x15
                  RenderText {#text} at (0,0) size 96x15
                    text run at (0,0) width 96: "Dominic Civiletti"
                RenderBlock {P} at (7,15) size 156x15
                  RenderText {#text} at (0,0) size 83x15
                    text run at (0,0) width 83: "John Chamorro"
                RenderBlock {P} at (7,30) size 156x15
                  RenderText {#text} at (0,0) size 74x15
                    text run at (0,0) width 74: "Jim Mirowski"
                RenderBlock {P} at (7,45) size 156x15
                  RenderText {#text} at (0,0) size 78x15
                    text run at (0,0) width 78: "Soohong  Kim"
                  RenderInline {SPAN} at (0,0) size 0x15
                    RenderInline {O:P} at (0,0) size 0x15
              RenderTableCell {TD} at (268,2248) size 99x60 [r=36 c=2 rs=1 cs=1]
                RenderBlock {P} at (7,0) size 85x15
                  RenderText {#text} at (32,0) size 21x15
                    text run at (32,0) width 21: "Yes"
                RenderBlock {P} at (7,15) size 85x15
                  RenderText {#text} at (41,0) size 3x15
                    text run at (41,0) width 3: " "
                RenderBlock {P} at (7,30) size 85x15
                  RenderText {#text} at (41,0) size 3x15
                    text run at (41,0) width 3: " "
                RenderBlock {P} at (7,45) size 85x15
                  RenderText {#text} at (32,0) size 21x15
                    text run at (32,0) width 21: "Yes"
                  RenderInline {SPAN} at (0,0) size 1x15
                    RenderInline {O:P} at (0,0) size 1x15
              RenderTableCell {TD} at (367,2248) size 106x60 [r=36 c=3 rs=1 cs=1]
                RenderBlock {P} at (7,0) size 92x15
                  RenderText {#text} at (38,0) size 16x15
                    text run at (38,0) width 16: "No"
                RenderBlock {P} at (7,15) size 92x15
                  RenderText {#text} at (44,0) size 4x15
                    text run at (44,0) width 4: " "
                RenderBlock {P} at (7,30) size 92x15
                  RenderText {#text} at (44,0) size 4x15
                    text run at (44,0) width 4: " "
                RenderBlock {P} at (7,45) size 92x15
                  RenderText {#text} at (38,0) size 16x15
                    text run at (38,0) width 16: "No"
                  RenderInline {SPAN} at (0,0) size 0x15
                    RenderInline {O:P} at (0,0) size 0x15
            RenderTableRow {TR} at (0,2308) size 473x90
              RenderTableCell {TD} at (0,2308) size 98x15 [r=37 c=0 rs=1 cs=1]
                RenderBlock {P} at (7,0) size 84x15
                  RenderText {#text} at (35,0) size 14x15
                    text run at (35,0) width 14: "38"
                  RenderInline {SPAN} at (0,0) size 0x15
                    RenderInline {O:P} at (0,0) size 0x15
              RenderTableCell {TD} at (98,2308) size 170x90 [r=37 c=1 rs=1 cs=1]
                RenderBlock {P} at (7,0) size 156x15
                  RenderText {#text} at (0,0) size 101x15
                    text run at (0,0) width 101: "Karl Allmendinger"
                  RenderInline {SPAN} at (0,0) size 0x15
                    RenderInline {O:P} at (0,0) size 0x15
                RenderBlock {P} at (7,15) size 156x15
                  RenderText {#text} at (0,0) size 65x15
                    text run at (0,0) width 65: "John Bernal"
                  RenderInline {SPAN} at (0,0) size 0x15
                    RenderInline {O:P} at (0,0) size 0x15
                RenderBlock {P} at (7,30) size 156x15
                  RenderText {#text} at (0,0) size 76x15
                    text run at (0,0) width 76: "Gene Langley"
                RenderBlock {P} at (7,45) size 156x15
                  RenderText {#text} at (0,0) size 78x15
                    text run at (0,0) width 78: "Chuck Pringle"
                RenderBlock {P} at (7,60) size 156x15
                  RenderText {#text} at (0,0) size 57x15
                    text run at (0,0) width 57: "Jimmy Lei"
                RenderBlock {P} at (7,75) size 156x15
                  RenderText {#text} at (0,0) size 93x15
                    text run at (0,0) width 93: "Ruenjoe (Joe) Lu"
                  RenderInline {SPAN} at (0,0) size 0x15
                    RenderInline {O:P} at (0,0) size 0x15
              RenderTableCell {TD} at (268,2308) size 99x60 [r=37 c=2 rs=1 cs=1]
                RenderBlock {P} at (7,0) size 85x15
                  RenderText {#text} at (32,0) size 21x15
                    text run at (32,0) width 21: "Yes"
                  RenderInline {SPAN} at (0,0) size 1x15
                    RenderInline {O:P} at (0,0) size 1x15
                RenderBlock {P} at (7,15) size 85x15
                  RenderText {#text} at (32,0) size 21x15
                    text run at (32,0) width 21: "Yes"
                  RenderInline {SPAN} at (0,0) size 1x15
                    RenderInline {O:P} at (0,0) size 1x15
                RenderBlock {P} at (7,30) size 85x15
                  RenderText {#text} at (32,0) size 21x15
                    text run at (32,0) width 21: "Yes"
                RenderBlock {P} at (7,45) size 85x15
                  RenderText {#text} at (32,0) size 21x15
                    text run at (32,0) width 21: "Yes"
                  RenderInline {SPAN} at (0,0) size 1x15
                    RenderInline {O:P} at (0,0) size 1x15
              RenderTableCell {TD} at (367,2308) size 106x60 [r=37 c=3 rs=1 cs=1]
                RenderBlock {P} at (7,0) size 92x15
                  RenderText {#text} at (38,0) size 16x15
                    text run at (38,0) width 16: "No"
                  RenderInline {SPAN} at (0,0) size 0x15
                    RenderInline {O:P} at (0,0) size 0x15
                RenderBlock {P} at (7,15) size 92x15
                  RenderText {#text} at (38,0) size 16x15
                    text run at (38,0) width 16: "No"
                  RenderInline {SPAN} at (0,0) size 0x15
                    RenderInline {O:P} at (0,0) size 0x15
                RenderBlock {P} at (7,30) size 92x15
                  RenderText {#text} at (7,0) size 78x15
                    text run at (7,0) width 78: "Gyro wannabe"
                RenderBlock {P} at (7,45) size 92x15
                  RenderText {#text} at (38,0) size 16x15
                    text run at (38,0) width 16: "No"
                  RenderInline {SPAN} at (0,0) size 0x15
                    RenderInline {O:P} at (0,0) size 0x15
            RenderTableRow {TR} at (0,2398) size 473x45
              RenderTableCell {TD} at (0,2398) size 98x15 [r=38 c=0 rs=1 cs=1]
                RenderBlock {P} at (7,0) size 84x15
                  RenderText {#text} at (35,0) size 14x15
                    text run at (35,0) width 14: "39"
                  RenderInline {SPAN} at (0,0) size 0x15
                    RenderInline {O:P} at (0,0) size 0x15
              RenderTableCell {TD} at (98,2398) size 170x45 [r=38 c=1 rs=1 cs=1]
                RenderBlock {P} at (7,0) size 156x15
                  RenderText {#text} at (0,0) size 70x15
                    text run at (0,0) width 70: "Tom Wagner"
                RenderBlock {P} at (7,15) size 156x15
                  RenderText {#text} at (0,0) size 62x15
                    text run at (0,0) width 62: "Oliver Baer"
                RenderBlock {P} at (7,30) size 156x15
                  RenderText {#text} at (0,0) size 65x15
                    text run at (0,0) width 65: "Will Sievert"
                  RenderInline {SPAN} at (0,0) size 0x15
                    RenderInline {O:P} at (0,0) size 0x15
              RenderTableCell {TD} at (268,2398) size 99x45 [r=38 c=2 rs=1 cs=1]
                RenderBlock {P} at (7,0) size 85x15
                  RenderText {#text} at (32,0) size 21x15
                    text run at (32,0) width 21: "Yes"
                RenderBlock {P} at (7,15) size 85x15
                  RenderText {#text} at (32,0) size 21x15
                    text run at (32,0) width 21: "Yes"
                RenderBlock {P} at (7,30) size 85x15
                  RenderText {#text} at (32,0) size 21x15
                    text run at (32,0) width 21: "Yes"
                  RenderInline {SPAN} at (0,0) size 1x15
                    RenderInline {O:P} at (0,0) size 1x15
              RenderTableCell {TD} at (367,2398) size 106x45 [r=38 c=3 rs=1 cs=1]
                RenderBlock {P} at (7,0) size 92x15
                  RenderText {#text} at (38,0) size 16x15
                    text run at (38,0) width 16: "No"
                RenderBlock {P} at (7,15) size 92x15
                  RenderText {#text} at (38,0) size 16x15
                    text run at (38,0) width 16: "No"
                RenderBlock {P} at (7,30) size 92x15
                  RenderText {#text} at (38,0) size 16x15
                    text run at (38,0) width 16: "No"
                  RenderInline {SPAN} at (0,0) size 0x15
                    RenderInline {O:P} at (0,0) size 0x15
            RenderTableRow {TR} at (0,2443) size 473x120
              RenderTableCell {TD} at (0,2443) size 98x15 [r=39 c=0 rs=1 cs=1]
                RenderBlock {P} at (7,0) size 84x15
                  RenderText {#text} at (35,0) size 14x15
                    text run at (35,0) width 14: "40"
                  RenderInline {SPAN} at (0,0) size 0x15
                    RenderInline {O:P} at (0,0) size 0x15
              RenderTableCell {TD} at (98,2443) size 170x120 [r=39 c=1 rs=1 cs=1]
                RenderBlock {P} at (7,0) size 156x15
                  RenderText {#text} at (0,0) size 82x15
                    text run at (0,0) width 82: "Alberto Lanzas"
                  RenderInline {SPAN} at (0,0) size 0x15
                    RenderInline {O:P} at (0,0) size 0x15
                RenderBlock {P} at (7,15) size 156x15
                  RenderText {#text} at (0,0) size 93x15
                    text run at (0,0) width 93: "Zak + Mike West"
                  RenderInline {SPAN} at (0,0) size 0x15
                    RenderInline {O:P} at (0,0) size 0x15
                RenderBlock {P} at (7,30) size 156x15
                  RenderText {#text} at (0,0) size 68x15
                    text run at (0,0) width 68: "Javier Flores"
                  RenderInline {SPAN} at (0,0) size 0x15
                    RenderInline {O:P} at (0,0) size 0x15
                RenderBlock {P} at (7,45) size 156x15
                  RenderText {#text} at (0,0) size 69x15
                    text run at (0,0) width 69: "Bill Johnson"
                  RenderInline {SPAN} at (0,0) size 0x15
                    RenderInline {O:P} at (0,0) size 0x15
                RenderBlock {P} at (7,60) size 156x15
                  RenderText {#text} at (0,0) size 76x15
                    text run at (0,0) width 76: "Gene Langley"
                RenderBlock {P} at (7,75) size 156x15
                  RenderText {#text} at (0,0) size 70x15
                    text run at (0,0) width 70: "Rich Burnett"
                RenderBlock {P} at (7,90) size 156x15
                  RenderText {#text} at (0,0) size 89x15
                    text run at (0,0) width 89: "Jack Goodfriend"
                RenderBlock {P} at (7,105) size 156x15
                  RenderText {#text} at (0,0) size 70x15
                    text run at (0,0) width 70: "Harald Close"
                  RenderInline {SPAN} at (0,0) size 0x15
                    RenderInline {O:P} at (0,0) size 0x15
              RenderTableCell {TD} at (268,2443) size 99x120 [r=39 c=2 rs=1 cs=1]
                RenderBlock {P} at (7,0) size 85x15
                  RenderText {#text} at (32,0) size 21x15
                    text run at (32,0) width 21: "Yes"
                  RenderInline {SPAN} at (0,0) size 1x15
                    RenderInline {O:P} at (0,0) size 1x15
                RenderBlock {P} at (7,15) size 85x15
                  RenderText {#text} at (32,0) size 21x15
                    text run at (32,0) width 21: "Yes"
                  RenderInline {SPAN} at (0,0) size 1x15
                    RenderInline {O:P} at (0,0) size 1x15
                RenderBlock {P} at (7,30) size 85x15
                  RenderText {#text} at (32,0) size 21x15
                    text run at (32,0) width 21: "Yes"
                  RenderInline {SPAN} at (0,0) size 1x15
                    RenderInline {O:P} at (0,0) size 1x15
                RenderBlock {P} at (7,45) size 85x15
                  RenderText {#text} at (32,0) size 21x15
                    text run at (32,0) width 21: "Yes"
                  RenderInline {SPAN} at (0,0) size 1x15
                    RenderInline {O:P} at (0,0) size 1x15
                RenderBlock {P} at (7,60) size 85x15
                  RenderText {#text} at (32,0) size 21x15
                    text run at (32,0) width 21: "Yes"
                RenderBlock {P} at (7,75) size 85x15
                  RenderText {#text} at (41,0) size 3x15
                    text run at (41,0) width 3: " "
                RenderBlock {P} at (7,90) size 85x15
                  RenderText {#text} at (41,0) size 3x15
                    text run at (41,0) width 3: " "
                RenderBlock {P} at (7,105) size 85x15
                  RenderText {#text} at (32,0) size 21x15
                    text run at (32,0) width 21: "Yes"
                  RenderInline {SPAN} at (0,0) size 1x15
                    RenderInline {O:P} at (0,0) size 1x15
              RenderTableCell {TD} at (367,2443) size 106x120 [r=39 c=3 rs=1 cs=1]
                RenderBlock {P} at (7,0) size 92x15
                  RenderText {#text} at (36,0) size 20x15
                    text run at (36,0) width 20: "Yes"
                  RenderInline {SPAN} at (0,0) size 0x15
                    RenderInline {O:P} at (0,0) size 0x15
                RenderBlock {P} at (7,15) size 92x15
                  RenderText {#text} at (36,0) size 20x15
                    text run at (36,0) width 20: "Yes"
                  RenderInline {SPAN} at (0,0) size 0x15
                    RenderInline {O:P} at (0,0) size 0x15
                RenderBlock {P} at (7,30) size 92x15
                  RenderText {#text} at (38,0) size 16x15
                    text run at (38,0) width 16: "No"
                  RenderInline {SPAN} at (0,0) size 0x15
                    RenderInline {O:P} at (0,0) size 0x15
                RenderBlock {P} at (7,45) size 92x15
                  RenderText {#text} at (38,0) size 16x15
                    text run at (38,0) width 16: "No"
                  RenderInline {SPAN} at (0,0) size 0x15
                    RenderInline {O:P} at (0,0) size 0x15
                RenderBlock {P} at (7,60) size 92x15
                  RenderText {#text} at (29,0) size 34x15
                    text run at (29,0) width 34: "Glider"
                RenderBlock {P} at (7,75) size 92x15
                  RenderText {#text} at (44,0) size 4x15
                    text run at (44,0) width 4: " "
                RenderBlock {P} at (7,90) size 92x15
                  RenderText {#text} at (44,0) size 4x15
                    text run at (44,0) width 4: " "
                RenderBlock {P} at (7,105) size 92x15
                  RenderText {#text} at (38,0) size 16x15
                    text run at (38,0) width 16: "No"
                  RenderInline {SPAN} at (0,0) size 0x15
                    RenderInline {O:P} at (0,0) size 0x15
            RenderTableRow {TR} at (0,2563) size 473x120
              RenderTableCell {TD} at (0,2563) size 98x15 [r=40 c=0 rs=1 cs=1]
                RenderBlock {P} at (7,0) size 84x15
                  RenderText {#text} at (35,0) size 14x15
                    text run at (35,0) width 14: "41"
                  RenderInline {SPAN} at (0,0) size 0x15
                    RenderInline {O:P} at (0,0) size 0x15
              RenderTableCell {TD} at (98,2563) size 170x120 [r=40 c=1 rs=1 cs=1]
                RenderBlock {P} at (7,0) size 156x15
                  RenderText {#text} at (0,0) size 96x15
                    text run at (0,0) width 96: "Dominic Civiletti"
                  RenderInline {SPAN} at (0,0) size 0x15
                    RenderInline {O:P} at (0,0) size 0x15
                RenderBlock {P} at (7,15) size 156x15
                  RenderText {#text} at (0,0) size 105x15
                    text run at (0,0) width 105: "Corbin Christensen"
                  RenderInline {SPAN} at (0,0) size 0x15
                    RenderInline {O:P} at (0,0) size 0x15
                RenderBlock {P} at (7,30) size 156x15
                  RenderText {#text} at (0,0) size 57x15
                    text run at (0,0) width 57: "Hal Hirsch"
                  RenderInline {SPAN} at (0,0) size 0x15
                    RenderInline {O:P} at (0,0) size 0x15
                RenderBlock {P} at (7,45) size 156x15
                  RenderText {#text} at (0,0) size 91x15
                    text run at (0,0) width 91: "Richard Sanchez"
                RenderBlock {P} at (7,60) size 156x15
                  RenderText {#text} at (0,0) size 65x15
                    text run at (0,0) width 65: "John Bernal"
                RenderBlock {P} at (7,75) size 156x15
                  RenderText {#text} at (0,0) size 70x15
                    text run at (0,0) width 70: "Rich Burnett"
                RenderBlock {P} at (7,90) size 156x15
                  RenderText {#text} at (0,0) size 72x15
                    text run at (0,0) width 72: "Brock Brown"
                RenderBlock {P} at (7,105) size 156x15
                  RenderText {#text} at (0,0) size 55x15
                    text run at (0,0) width 55: "John Paye"
                  RenderInline {SPAN} at (0,0) size 0x15
                    RenderInline {O:P} at (0,0) size 0x15
              RenderTableCell {TD} at (268,2563) size 99x105 [r=40 c=2 rs=1 cs=1]
                RenderBlock {P} at (7,0) size 85x15
                  RenderText {#text} at (32,0) size 21x15
                    text run at (32,0) width 21: "Yes"
                  RenderInline {SPAN} at (0,0) size 1x15
                    RenderInline {O:P} at (0,0) size 1x15
                RenderBlock {P} at (7,15) size 85x15
                  RenderText {#text} at (32,0) size 21x15
                    text run at (32,0) width 21: "Yes"
                  RenderInline {SPAN} at (0,0) size 1x15
                    RenderInline {O:P} at (0,0) size 1x15
                RenderBlock {P} at (7,30) size 85x15
                  RenderText {#text} at (32,0) size 21x15
                    text run at (32,0) width 21: "Yes"
                  RenderInline {SPAN} at (0,0) size 1x15
                    RenderInline {O:P} at (0,0) size 1x15
                RenderBlock {P} at (7,45) size 85x15
                  RenderText {#text} at (34,0) size 17x15
                    text run at (34,0) width 17: "No"
                RenderBlock {P} at (7,60) size 85x15
                  RenderText {#text} at (32,0) size 21x15
                    text run at (32,0) width 21: "Yes"
                RenderBlock {P} at (7,75) size 85x15
                  RenderText {#text} at (41,0) size 3x15
                    text run at (41,0) width 3: " "
                RenderBlock {P} at (7,90) size 85x15
                  RenderText {#text} at (32,0) size 21x15
                    text run at (32,0) width 21: "Yes"
                  RenderInline {SPAN} at (0,0) size 1x15
                    RenderInline {O:P} at (0,0) size 1x15
              RenderTableCell {TD} at (367,2563) size 106x105 [r=40 c=3 rs=1 cs=1]
                RenderBlock {P} at (7,0) size 92x15
                  RenderText {#text} at (38,0) size 16x15
                    text run at (38,0) width 16: "No"
                  RenderInline {SPAN} at (0,0) size 0x15
                    RenderInline {O:P} at (0,0) size 0x15
                RenderBlock {P} at (7,15) size 92x15
                  RenderText {#text} at (38,0) size 16x15
                    text run at (38,0) width 16: "No"
                  RenderInline {SPAN} at (0,0) size 0x15
                    RenderInline {O:P} at (0,0) size 0x15
                RenderBlock {P} at (7,30) size 92x15
                  RenderText {#text} at (38,0) size 16x15
                    text run at (38,0) width 16: "No"
                  RenderInline {SPAN} at (0,0) size 0x15
                    RenderInline {O:P} at (0,0) size 0x15
                RenderBlock {P} at (7,45) size 92x15
                  RenderText {#text} at (36,0) size 20x15
                    text run at (36,0) width 20: "Yes"
                RenderBlock {P} at (7,60) size 92x15
                  RenderText {#text} at (38,0) size 16x15
                    text run at (38,0) width 16: "No"
                RenderBlock {P} at (7,75) size 92x15
                  RenderText {#text} at (44,0) size 4x15
                    text run at (44,0) width 4: " "
                RenderBlock {P} at (7,90) size 92x15
                  RenderText {#text} at (38,0) size 16x15
                    text run at (38,0) width 16: "No"
                  RenderInline {SPAN} at (0,0) size 0x15
                    RenderInline {O:P} at (0,0) size 0x15
            RenderTableRow {TR} at (0,2683) size 473x120
              RenderTableCell {TD} at (0,2683) size 98x15 [r=41 c=0 rs=1 cs=1]
                RenderBlock {P} at (7,0) size 84x15
                  RenderText {#text} at (35,0) size 14x15
                    text run at (35,0) width 14: "42"
                  RenderInline {SPAN} at (0,0) size 0x15
                    RenderInline {O:P} at (0,0) size 0x15
              RenderTableCell {TD} at (98,2683) size 170x120 [r=41 c=1 rs=1 cs=1]
                RenderBlock {P} at (7,0) size 156x15
                  RenderText {#text} at (0,0) size 48x15
                    text run at (0,0) width 48: "Tony Yu"
                  RenderInline {SPAN} at (0,0) size 0x15
                    RenderInline {O:P} at (0,0) size 0x15
                RenderBlock {P} at (7,15) size 156x15
                  RenderText {#text} at (0,0) size 67x15
                    text run at (0,0) width 67: "Jason Miller"
                  RenderInline {SPAN} at (0,0) size 0x15
                    RenderInline {O:P} at (0,0) size 0x15
                RenderBlock {P} at (7,30) size 156x15
                  RenderText {#text} at (0,0) size 86x15
                    text run at (0,0) width 86: "Maurice Burton"
                RenderBlock {P} at (7,45) size 156x15
                  RenderText {#text} at (0,0) size 63x15
                    text run at (0,0) width 63: "Dan Sievert"
                RenderBlock {P} at (7,60) size 156x15
                  RenderText {#text} at (0,0) size 60x15
                    text run at (0,0) width 60: "Jerry Davis"
                RenderBlock {P} at (7,75) size 156x15
                  RenderText {#text} at (0,0) size 55x15
                    text run at (0,0) width 55: "John Paye"
                RenderBlock {P} at (7,90) size 156x15
                  RenderText {#text} at (0,0) size 71x15
                    text run at (0,0) width 71: "Gordon Frost"
                RenderBlock {P} at (7,105) size 156x15
                  RenderText {#text} at (0,0) size 66x15
                    text run at (0,0) width 66: "Chris Walsh"
                  RenderInline {SPAN} at (0,0) size 0x15
                    RenderInline {O:P} at (0,0) size 0x15
              RenderTableCell {TD} at (268,2683) size 99x75 [r=41 c=2 rs=1 cs=1]
                RenderBlock {P} at (7,0) size 85x15
                  RenderText {#text} at (32,0) size 21x15
                    text run at (32,0) width 21: "Yes"
                  RenderInline {SPAN} at (0,0) size 1x15
                    RenderInline {O:P} at (0,0) size 1x15
                RenderBlock {P} at (7,15) size 85x15
                  RenderText {#text} at (32,0) size 21x15
                    text run at (32,0) width 21: "Yes"
                  RenderInline {SPAN} at (0,0) size 1x15
                    RenderInline {O:P} at (0,0) size 1x15
                RenderBlock {P} at (7,30) size 85x15
                  RenderText {#text} at (32,0) size 21x15
                    text run at (32,0) width 21: "Yes"
                RenderBlock {P} at (7,45) size 85x15
                  RenderText {#text} at (32,0) size 21x15
                    text run at (32,0) width 21: "Yes"
                RenderBlock {P} at (7,60) size 85x15
                  RenderText {#text} at (32,0) size 21x15
                    text run at (32,0) width 21: "Yes"
                  RenderInline {SPAN} at (0,0) size 1x15
                    RenderInline {O:P} at (0,0) size 1x15
              RenderTableCell {TD} at (367,2683) size 106x75 [r=41 c=3 rs=1 cs=1]
                RenderBlock {P} at (7,0) size 92x15
                  RenderText {#text} at (38,0) size 16x15
                    text run at (38,0) width 16: "No"
                  RenderInline {SPAN} at (0,0) size 0x15
                    RenderInline {O:P} at (0,0) size 0x15
                RenderBlock {P} at (7,15) size 92x15
                  RenderText {#text} at (38,0) size 16x15
                    text run at (38,0) width 16: "No"
                  RenderInline {SPAN} at (0,0) size 0x15
                    RenderInline {O:P} at (0,0) size 0x15
                RenderBlock {P} at (7,30) size 92x15
                  RenderText {#text} at (38,0) size 16x15
                    text run at (38,0) width 16: "No"
                RenderBlock {P} at (7,45) size 92x15
                  RenderText {#text} at (38,0) size 16x15
                    text run at (38,0) width 16: "No"
                RenderBlock {P} at (7,60) size 92x15
                  RenderText {#text} at (38,0) size 16x15
                    text run at (38,0) width 16: "No"
                  RenderInline {SPAN} at (0,0) size 0x15
                    RenderInline {O:P} at (0,0) size 0x15
            RenderTableRow {TR} at (0,2803) size 473x105
              RenderTableCell {TD} at (0,2803) size 98x15 [r=42 c=0 rs=1 cs=1]
                RenderBlock {P} at (7,0) size 84x15
                  RenderText {#text} at (35,0) size 14x15
                    text run at (35,0) width 14: "43"
                  RenderInline {SPAN} at (0,0) size 0x15
                    RenderInline {O:P} at (0,0) size 0x15
              RenderTableCell {TD} at (98,2803) size 170x105 [r=42 c=1 rs=1 cs=1]
                RenderBlock {P} at (7,0) size 156x15
                  RenderText {#text} at (0,0) size 96x15
                    text run at (0,0) width 96: "Dominic Civiletti"
                  RenderInline {SPAN} at (0,0) size 0x15
                    RenderInline {O:P} at (0,0) size 0x15
                RenderBlock {P} at (7,15) size 156x15
                  RenderText {#text} at (0,0) size 67x15
                    text run at (0,0) width 67: "Ken Gullion"
                  RenderInline {SPAN} at (0,0) size 0x15
                    RenderInline {O:P} at (0,0) size 0x15
                RenderBlock {P} at (7,30) size 156x15
                  RenderText {#text} at (0,0) size 65x15
                    text run at (0,0) width 65: "Will Sievert"
                RenderBlock {P} at (7,45) size 156x15
                  RenderText {#text} at (0,0) size 74x15
                    text run at (0,0) width 74: "Jim Mahoney"
                RenderBlock {P} at (7,60) size 156x15
                  RenderText {#text} at (0,0) size 67x15
                    text run at (0,0) width 67: "Ken Manuel"
                RenderBlock {P} at (7,75) size 156x15
                  RenderText {#text} at (0,0) size 58x15
                    text run at (0,0) width 58: "John Todd"
                RenderBlock {P} at (7,90) size 156x15
                  RenderText {#text} at (0,0) size 89x15
                    text run at (0,0) width 89: "Rick Rasmussen"
                  RenderInline {SPAN} at (0,0) size 0x15
                    RenderInline {O:P} at (0,0) size 0x15
              RenderTableCell {TD} at (268,2803) size 99x75 [r=42 c=2 rs=1 cs=1]
                RenderBlock {P} at (7,0) size 85x15
                  RenderText {#text} at (32,0) size 21x15
                    text run at (32,0) width 21: "Yes"
                  RenderInline {SPAN} at (0,0) size 1x15
                    RenderInline {O:P} at (0,0) size 1x15
                RenderBlock {P} at (7,15) size 85x15
                  RenderText {#text} at (32,0) size 21x15
                    text run at (32,0) width 21: "Yes"
                  RenderInline {SPAN} at (0,0) size 1x15
                    RenderInline {O:P} at (0,0) size 1x15
                RenderBlock {P} at (7,30) size 85x15
                  RenderText {#text} at (32,0) size 21x15
                    text run at (32,0) width 21: "Yes"
                RenderBlock {P} at (7,45) size 85x15
                  RenderText {#text} at (32,0) size 21x15
                    text run at (32,0) width 21: "Yes"
                RenderBlock {P} at (7,60) size 85x15
                  RenderText {#text} at (32,0) size 21x15
                    text run at (32,0) width 21: "Yes"
                  RenderInline {SPAN} at (0,0) size 1x15
                    RenderInline {O:P} at (0,0) size 1x15
              RenderTableCell {TD} at (367,2803) size 106x75 [r=42 c=3 rs=1 cs=1]
                RenderBlock {P} at (7,0) size 92x15
                  RenderText {#text} at (38,0) size 16x15
                    text run at (38,0) width 16: "No"
                  RenderInline {SPAN} at (0,0) size 0x15
                    RenderInline {O:P} at (0,0) size 0x15
                RenderBlock {P} at (7,15) size 92x15
                  RenderText {#text} at (38,0) size 16x15
                    text run at (38,0) width 16: "No"
                  RenderInline {SPAN} at (0,0) size 0x15
                    RenderInline {O:P} at (0,0) size 0x15
                RenderBlock {P} at (7,30) size 92x15
                  RenderText {#text} at (21,0) size 50x15
                    text run at (21,0) width 50: "Someday"
                RenderBlock {P} at (7,45) size 92x15
                  RenderText {#text} at (36,0) size 20x15
                    text run at (36,0) width 20: "Yes"
                RenderBlock {P} at (7,60) size 92x15
                  RenderText {#text} at (38,0) size 16x15
                    text run at (38,0) width 16: "No"
                  RenderInline {SPAN} at (0,0) size 0x15
                    RenderInline {O:P} at (0,0) size 0x15
            RenderTableRow {TR} at (0,2908) size 473x60
              RenderTableCell {TD} at (0,2908) size 98x15 [r=43 c=0 rs=1 cs=1]
                RenderBlock {P} at (7,0) size 84x15
                  RenderText {#text} at (35,0) size 14x15
                    text run at (35,0) width 14: "44"
                  RenderInline {SPAN} at (0,0) size 0x15
                    RenderInline {O:P} at (0,0) size 0x15
              RenderTableCell {TD} at (98,2908) size 170x60 [r=43 c=1 rs=1 cs=1]
                RenderBlock {P} at (7,0) size 156x15
                  RenderText {#text} at (0,0) size 61x15
                    text run at (0,0) width 61: "Gary Heath"
                  RenderInline {SPAN} at (0,0) size 0x15
                    RenderInline {O:P} at (0,0) size 0x15
                RenderBlock {P} at (7,15) size 156x15
                  RenderText {#text} at (0,0) size 81x15
                    text run at (0,0) width 81: "Quinn Chuong"
                RenderBlock {P} at (7,30) size 156x15
                  RenderText {#text} at (0,0) size 63x15
                    text run at (0,0) width 63: "Dan Sievert"
                RenderBlock {P} at (7,45) size 156x15
                  RenderText {#text} at (0,0) size 85x15
                    text run at (0,0) width 85: "Alexander Wert"
                  RenderInline {SPAN} at (0,0) size 0x15
                    RenderInline {O:P} at (0,0) size 0x15
              RenderTableCell {TD} at (268,2908) size 99x60 [r=43 c=2 rs=1 cs=1]
                RenderBlock {P} at (7,0) size 85x15
                  RenderText {#text} at (34,0) size 17x15
                    text run at (34,0) width 17: "No"
                  RenderInline {SPAN} at (0,0) size 1x15
                    RenderInline {O:P} at (0,0) size 1x15
                RenderBlock {P} at (7,15) size 85x15
                  RenderText {#text} at (32,0) size 21x15
                    text run at (32,0) width 21: "Yes"
                RenderBlock {P} at (7,30) size 85x15
                  RenderText {#text} at (32,0) size 21x15
                    text run at (32,0) width 21: "Yes"
                RenderBlock {P} at (7,45) size 85x15
                  RenderText {#text} at (34,0) size 17x15
                    text run at (34,0) width 17: "No"
                  RenderInline {SPAN} at (0,0) size 1x15
                    RenderInline {O:P} at (0,0) size 1x15
              RenderTableCell {TD} at (367,2908) size 106x60 [r=43 c=3 rs=1 cs=1]
                RenderBlock {P} at (7,0) size 92x15
                  RenderText {#text} at (36,0) size 20x15
                    text run at (36,0) width 20: "Yes"
                  RenderInline {SPAN} at (0,0) size 0x15
                    RenderInline {O:P} at (0,0) size 0x15
                RenderBlock {P} at (7,15) size 92x15
                  RenderText {#text} at (36,0) size 20x15
                    text run at (36,0) width 20: "Yes"
                RenderBlock {P} at (7,30) size 92x15
                  RenderText {#text} at (38,0) size 16x15
                    text run at (38,0) width 16: "No"
                RenderBlock {P} at (7,45) size 92x15
                  RenderText {#text} at (36,0) size 20x15
                    text run at (36,0) width 20: "Yes"
                  RenderInline {SPAN} at (0,0) size 0x15
                    RenderInline {O:P} at (0,0) size 0x15
            RenderTableRow {TR} at (0,2968) size 473x45
              RenderTableCell {TD} at (0,2968) size 98x15 [r=44 c=0 rs=1 cs=1]
                RenderBlock {P} at (7,0) size 84x15
                  RenderText {#text} at (35,0) size 14x15
                    text run at (35,0) width 14: "45"
                  RenderInline {SPAN} at (0,0) size 0x15
                    RenderInline {O:P} at (0,0) size 0x15
              RenderTableCell {TD} at (98,2968) size 170x45 [r=44 c=1 rs=1 cs=1]
                RenderBlock {P} at (7,0) size 156x15
                  RenderText {#text} at (0,0) size 81x15
                    text run at (0,0) width 81: "James Holaduz"
                RenderBlock {P} at (7,15) size 156x15
                  RenderInline {FONT} at (0,0) size 56x15
                    RenderText {#text} at (0,0) size 56x15
                      text run at (0,0) width 56: "Don Coon"
                RenderBlock {P} at (7,30) size 156x15
                  RenderText {#text} at (0,0) size 84x15
                    text run at (0,0) width 84: "John Yearwood"
                  RenderInline {SPAN} at (0,0) size 0x15
                    RenderInline {O:P} at (0,0) size 0x15
              RenderTableCell {TD} at (268,2968) size 99x45 [r=44 c=2 rs=1 cs=1]
                RenderBlock {P} at (7,0) size 85x15
                  RenderText {#text} at (32,0) size 21x15
                    text run at (32,0) width 21: "Yes"
                RenderBlock {P} at (7,15) size 85x15
                  RenderText {#text} at (41,0) size 3x15
                    text run at (41,0) width 3: " "
                RenderBlock {P} at (7,30) size 85x15
                  RenderText {#text} at (32,0) size 21x15
                    text run at (32,0) width 21: "Yes"
                  RenderInline {SPAN} at (0,0) size 1x15
                    RenderInline {O:P} at (0,0) size 1x15
              RenderTableCell {TD} at (367,2968) size 106x45 [r=44 c=3 rs=1 cs=1]
                RenderBlock {P} at (7,0) size 92x15
                  RenderText {#text} at (38,0) size 16x15
                    text run at (38,0) width 16: "No"
                RenderBlock {P} at (7,15) size 92x15
                  RenderText {#text} at (44,0) size 4x15
                    text run at (44,0) width 4: " "
                RenderBlock {P} at (7,30) size 92x15
                  RenderText {#text} at (38,0) size 16x15
                    text run at (38,0) width 16: "No"
                  RenderInline {SPAN} at (0,0) size 0x15
                    RenderInline {O:P} at (0,0) size 0x15
            RenderTableRow {TR} at (0,3013) size 473x120
              RenderTableCell {TD} at (0,3013) size 98x15 [r=45 c=0 rs=1 cs=1]
                RenderBlock {P} at (7,0) size 84x15
                  RenderText {#text} at (35,0) size 14x15
                    text run at (35,0) width 14: "46"
                  RenderInline {SPAN} at (0,0) size 0x15
                    RenderInline {O:P} at (0,0) size 0x15
              RenderTableCell {TD} at (98,3013) size 170x120 [r=45 c=1 rs=1 cs=1]
                RenderBlock {P} at (7,0) size 156x15
                  RenderText {#text} at (0,0) size 51x15
                    text run at (0,0) width 51: "Zak West"
                  RenderInline {SPAN} at (0,0) size 0x15
                    RenderInline {O:P} at (0,0) size 0x15
                RenderBlock {P} at (7,15) size 156x15
                  RenderText {#text} at (0,0) size 101x15
                    text run at (0,0) width 101: "Karl Allmendinger"
                RenderBlock {P} at (7,30) size 156x15
                  RenderText {#text} at (0,0) size 84x15
                    text run at (0,0) width 84: "John Espectzde"
                RenderBlock {P} at (7,45) size 156x15
                  RenderText {#text} at (0,0) size 73x15
                    text run at (0,0) width 73: "Gene Pheiffer"
                RenderBlock {P} at (7,60) size 156x15
                  RenderText {#text} at (0,0) size 69x15
                    text run at (0,0) width 69: "Harold Todd"
                RenderBlock {P} at (7,75) size 156x15
                  RenderText {#text} at (0,0) size 86x15
                    text run at (0,0) width 86: "Gerald Cardinal"
                RenderBlock {P} at (7,90) size 156x15
                  RenderText {#text} at (0,0) size 69x15
                    text run at (0,0) width 69: "Ali Erdengiz"
                RenderBlock {P} at (7,105) size 156x15
                  RenderText {#text} at (0,0) size 85x15
                    text run at (0,0) width 85: "Jason Anderson"
                  RenderInline {SPAN} at (0,0) size 0x15
                    RenderInline {O:P} at (0,0) size 0x15
              RenderTableCell {TD} at (268,3013) size 99x120 [r=45 c=2 rs=1 cs=1]
                RenderBlock {P} at (7,0) size 85x15
                  RenderText {#text} at (32,0) size 21x15
                    text run at (32,0) width 21: "Yes"
                  RenderInline {SPAN} at (0,0) size 1x15
                    RenderInline {O:P} at (0,0) size 1x15
                RenderBlock {P} at (7,15) size 85x15
                  RenderText {#text} at (32,0) size 21x15
                    text run at (32,0) width 21: "Yes"
                RenderBlock {P} at (7,30) size 85x15
                  RenderText {#text} at (41,0) size 3x15
                    text run at (41,0) width 3: " "
                RenderBlock {P} at (7,45) size 85x15
                  RenderText {#text} at (32,0) size 21x15
                    text run at (32,0) width 21: "Yes"
                RenderBlock {P} at (7,60) size 85x15
                  RenderText {#text} at (41,0) size 3x15
                    text run at (41,0) width 3: " "
                RenderBlock {P} at (7,75) size 85x15
                  RenderText {#text} at (41,0) size 3x15
                    text run at (41,0) width 3: " "
                RenderBlock {P} at (7,90) size 85x15
                  RenderText {#text} at (41,0) size 3x15
                    text run at (41,0) width 3: " "
                RenderBlock {P} at (7,105) size 85x15
                  RenderText {#text} at (32,0) size 21x15
                    text run at (32,0) width 21: "Yes"
                  RenderInline {SPAN} at (0,0) size 1x15
                    RenderInline {O:P} at (0,0) size 1x15
              RenderTableCell {TD} at (367,3013) size 106x120 [r=45 c=3 rs=1 cs=1]
                RenderBlock {P} at (7,0) size 92x15
                  RenderText {#text} at (36,0) size 20x15
                    text run at (36,0) width 20: "Yes"
                  RenderInline {SPAN} at (0,0) size 0x15
                    RenderInline {O:P} at (0,0) size 0x15
                RenderBlock {P} at (7,15) size 92x15
                  RenderText {#text} at (38,0) size 16x15
                    text run at (38,0) width 16: "No"
                RenderBlock {P} at (7,30) size 92x15
                  RenderText {#text} at (44,0) size 4x15
                    text run at (44,0) width 4: " "
                RenderBlock {P} at (7,45) size 92x15
                  RenderText {#text} at (38,0) size 16x15
                    text run at (38,0) width 16: "No"
                RenderBlock {P} at (7,60) size 92x15
                  RenderText {#text} at (44,0) size 4x15
                    text run at (44,0) width 4: " "
                RenderBlock {P} at (7,75) size 92x15
                  RenderText {#text} at (44,0) size 4x15
                    text run at (44,0) width 4: " "
                RenderBlock {P} at (7,90) size 92x15
                  RenderText {#text} at (44,0) size 4x15
                    text run at (44,0) width 4: " "
                RenderBlock {P} at (7,105) size 92x15
                  RenderText {#text} at (38,0) size 16x15
                    text run at (38,0) width 16: "No"
                  RenderInline {SPAN} at (0,0) size 0x15
                    RenderInline {O:P} at (0,0) size 0x15
            RenderTableRow {TR} at (0,3133) size 473x165
              RenderTableCell {TD} at (0,3133) size 98x15 [r=46 c=0 rs=1 cs=1]
                RenderBlock {P} at (7,0) size 84x15
                  RenderText {#text} at (35,0) size 14x15
                    text run at (35,0) width 14: "47"
                  RenderInline {SPAN} at (0,0) size 0x15
                    RenderInline {O:P} at (0,0) size 0x15
              RenderTableCell {TD} at (98,3133) size 170x165 [r=46 c=1 rs=1 cs=1]
                RenderBlock {P} at (7,0) size 156x15
                  RenderText {#text} at (0,0) size 81x15
                    text run at (0,0) width 81: "James Holaduz"
                  RenderInline {SPAN} at (0,0) size 0x15
                    RenderInline {O:P} at (0,0) size 0x15
                RenderBlock {P} at (7,15) size 156x15
                  RenderText {#text} at (0,0) size 48x15
                    text run at (0,0) width 48: "Tony Yu"
                  RenderInline {SPAN} at (0,0) size 0x15
                    RenderInline {O:P} at (0,0) size 0x15
                RenderBlock {P} at (7,30) size 156x15
                  RenderText {#text} at (0,0) size 82x15
                    text run at (0,0) width 82: "Quang Nguyen"
                  RenderInline {SPAN} at (0,0) size 0x15
                    RenderInline {O:P} at (0,0) size 0x15
                RenderBlock {P} at (7,45) size 156x15
                  RenderText {#text} at (0,0) size 75x15
                    text run at (0,0) width 75: "Rick Klement"
                  RenderInline {SPAN} at (0,0) size 0x15
                    RenderInline {O:P} at (0,0) size 0x15
                RenderBlock {P} at (7,60) size 156x15
                  RenderText {#text} at (0,0) size 83x15
                    text run at (0,0) width 83: "Mark Glanville"
                  RenderInline {SPAN} at (0,0) size 0x15
                    RenderInline {O:P} at (0,0) size 0x15
                RenderBlock {P} at (7,75) size 156x15
                  RenderText {#text} at (0,0) size 89x15
                    text run at (0,0) width 89: "Michael Chansu"
                RenderBlock {P} at (7,90) size 156x15
                  RenderText {#text} at (0,0) size 69x15
                    text run at (0,0) width 69: "Harold Todd"
                RenderBlock {P} at (7,105) size 156x15
                  RenderInline {FONT} at (0,0) size 56x15
                    RenderText {#text} at (0,0) size 56x15
                      text run at (0,0) width 56: "Don Coon"
                RenderBlock {P} at (7,120) size 156x15
                  RenderText {#text} at (0,0) size 55x15
                    text run at (0,0) width 55: "John Paye"
                RenderBlock {P} at (7,135) size 156x15
                  RenderText {#text} at (0,0) size 66x15
                    text run at (0,0) width 66: "David Allen"
                RenderBlock {P} at (7,150) size 156x15
                  RenderText {#text} at (0,0) size 108x15
                    text run at (0,0) width 108: "Raymund Leonardo"
                  RenderInline {SPAN} at (0,0) size 0x15
                    RenderInline {O:P} at (0,0) size 0x15
              RenderTableCell {TD} at (268,3133) size 99x165 [r=46 c=2 rs=1 cs=1]
                RenderBlock {P} at (7,0) size 85x15
                  RenderText {#text} at (32,0) size 21x15
                    text run at (32,0) width 21: "Yes"
                  RenderInline {SPAN} at (0,0) size 1x15
                    RenderInline {O:P} at (0,0) size 1x15
                RenderBlock {P} at (7,15) size 85x15
                  RenderText {#text} at (32,0) size 21x15
                    text run at (32,0) width 21: "Yes"
                  RenderInline {SPAN} at (0,0) size 1x15
                    RenderInline {O:P} at (0,0) size 1x15
                RenderBlock {P} at (7,30) size 85x15
                  RenderText {#text} at (32,0) size 21x15
                    text run at (32,0) width 21: "Yes"
                  RenderInline {SPAN} at (0,0) size 1x15
                    RenderInline {O:P} at (0,0) size 1x15
                RenderBlock {P} at (7,45) size 85x15
                  RenderText {#text} at (32,0) size 21x15
                    text run at (32,0) width 21: "Yes"
                  RenderInline {SPAN} at (0,0) size 1x15
                    RenderInline {O:P} at (0,0) size 1x15
                RenderBlock {P} at (7,60) size 85x15
                  RenderText {#text} at (32,0) size 21x15
                    text run at (32,0) width 21: "Yes"
                  RenderInline {SPAN} at (0,0) size 1x15
                    RenderInline {O:P} at (0,0) size 1x15
                RenderBlock {P} at (7,75) size 85x15
                  RenderText {#text} at (32,0) size 21x15
                    text run at (32,0) width 21: "Yes"
                RenderBlock {P} at (7,90) size 85x15
                  RenderText {#text} at (41,0) size 3x15
                    text run at (41,0) width 3: " "
                RenderBlock {P} at (7,105) size 85x15
                  RenderText {#text} at (41,0) size 3x15
                    text run at (41,0) width 3: " "
                RenderBlock {P} at (7,120) size 85x15
                  RenderText {#text} at (41,0) size 3x15
                    text run at (41,0) width 3: " "
                RenderBlock {P} at (7,135) size 85x15
                  RenderText {#text} at (41,0) size 3x15
                    text run at (41,0) width 3: " "
                RenderBlock {P} at (7,150) size 85x15
                  RenderText {#text} at (34,0) size 17x15
                    text run at (34,0) width 17: "No"
                  RenderInline {SPAN} at (0,0) size 1x15
                    RenderInline {O:P} at (0,0) size 1x15
              RenderTableCell {TD} at (367,3133) size 106x165 [r=46 c=3 rs=1 cs=1]
                RenderBlock {P} at (7,0) size 92x15
                  RenderText {#text} at (38,0) size 16x15
                    text run at (38,0) width 16: "No"
                  RenderInline {SPAN} at (0,0) size 0x15
                    RenderInline {O:P} at (0,0) size 0x15
                RenderBlock {P} at (7,15) size 92x15
                  RenderText {#text} at (38,0) size 16x15
                    text run at (38,0) width 16: "No"
                  RenderInline {SPAN} at (0,0) size 0x15
                    RenderInline {O:P} at (0,0) size 0x15
                RenderBlock {P} at (7,30) size 92x15
                  RenderText {#text} at (38,0) size 16x15
                    text run at (38,0) width 16: "No"
                  RenderInline {SPAN} at (0,0) size 0x15
                    RenderInline {O:P} at (0,0) size 0x15
                RenderBlock {P} at (7,45) size 92x15
                  RenderText {#text} at (36,0) size 20x15
                    text run at (36,0) width 20: "Yes"
                  RenderInline {SPAN} at (0,0) size 0x15
                    RenderInline {O:P} at (0,0) size 0x15
                RenderBlock {P} at (7,60) size 92x15
                  RenderText {#text} at (38,0) size 16x15
                    text run at (38,0) width 16: "No"
                  RenderInline {SPAN} at (0,0) size 0x15
                    RenderInline {O:P} at (0,0) size 0x15
                RenderBlock {P} at (7,75) size 92x15
                  RenderText {#text} at (38,0) size 16x15
                    text run at (38,0) width 16: "No"
                RenderBlock {P} at (7,90) size 92x15
                  RenderText {#text} at (44,0) size 4x15
                    text run at (44,0) width 4: " "
                RenderBlock {P} at (7,105) size 92x15
                  RenderText {#text} at (44,0) size 4x15
                    text run at (44,0) width 4: " "
                RenderBlock {P} at (7,120) size 92x15
                  RenderText {#text} at (44,0) size 4x15
                    text run at (44,0) width 4: " "
                RenderBlock {P} at (7,135) size 92x15
                  RenderText {#text} at (44,0) size 4x15
                    text run at (44,0) width 4: " "
                RenderBlock {P} at (7,150) size 92x15
                  RenderText {#text} at (36,0) size 20x15
                    text run at (36,0) width 20: "Yes"
                  RenderInline {SPAN} at (0,0) size 0x15
                    RenderInline {O:P} at (0,0) size 0x15
            RenderTableRow {TR} at (0,3298) size 473x135
              RenderTableCell {TD} at (0,3298) size 98x15 [r=47 c=0 rs=1 cs=1]
                RenderBlock {P} at (7,0) size 84x15
                  RenderText {#text} at (35,0) size 14x15
                    text run at (35,0) width 14: "48"
                  RenderInline {SPAN} at (0,0) size 0x15
                    RenderInline {O:P} at (0,0) size 0x15
              RenderTableCell {TD} at (98,3298) size 170x135 [r=47 c=1 rs=1 cs=1]
                RenderBlock {P} at (7,0) size 156x15
                  RenderText {#text} at (0,0) size 83x15
                    text run at (0,0) width 83: "Mark Glanville"
                  RenderInline {SPAN} at (0,0) size 0x15
                    RenderInline {O:P} at (0,0) size 0x15
                RenderBlock {P} at (7,15) size 156x15
                  RenderText {#text} at (0,0) size 92x15
                    text run at (0,0) width 92: "Ian + Brad Carter"
                RenderBlock {P} at (7,30) size 156x15
                  RenderText {#text} at (0,0) size 82x15
                    text run at (0,0) width 82: "Stefan Kiritzov"
                RenderBlock {P} at (7,45) size 156x15
                  RenderText {#text} at (0,0) size 58x15
                    text run at (0,0) width 58: "Joe Araujo"
                RenderBlock {P} at (7,60) size 156x15
                  RenderText {#text} at (0,0) size 69x15
                    text run at (0,0) width 69: "Harold Todd"
                RenderBlock {P} at (7,75) size 156x15
                  RenderText {#text} at (0,0) size 71x15
                    text run at (0,0) width 71: "Steve Gilbert"
                RenderBlock {P} at (7,90) size 156x15
                  RenderText {#text} at (0,0) size 55x15
                    text run at (0,0) width 55: "Mark Diel"
                RenderBlock {P} at (7,105) size 156x15
                  RenderText {#text} at (0,0) size 89x15
                    text run at (0,0) width 89: "Jack Goodfriend"
                RenderBlock {P} at (7,120) size 156x15
                  RenderText {#text} at (0,0) size 93x15
                    text run at (0,0) width 93: "Ruenjoe (Joe) Lu"
                  RenderInline {SPAN} at (0,0) size 0x15
                    RenderInline {O:P} at (0,0) size 0x15
              RenderTableCell {TD} at (268,3298) size 99x90 [r=47 c=2 rs=1 cs=1]
                RenderBlock {P} at (7,0) size 85x15
                  RenderText {#text} at (32,0) size 21x15
                    text run at (32,0) width 21: "Yes"
                  RenderInline {SPAN} at (0,0) size 1x15
                    RenderInline {O:P} at (0,0) size 1x15
                RenderBlock {P} at (7,15) size 85x15
                  RenderText {#text} at (32,0) size 21x15
                    text run at (32,0) width 21: "Yes"
                RenderBlock {P} at (7,30) size 85x15
                  RenderText {#text} at (32,0) size 21x15
                    text run at (32,0) width 21: "Yes"
                RenderBlock {P} at (7,45) size 85x15
                  RenderText {#text} at (41,0) size 3x15
                    text run at (41,0) width 3: " "
                RenderBlock {P} at (7,60) size 85x15
                  RenderText {#text} at (41,0) size 3x15
                    text run at (41,0) width 3: " "
                RenderBlock {P} at (7,75) size 85x15
                  RenderText {#text} at (32,0) size 21x15
                    text run at (32,0) width 21: "Yes"
                  RenderInline {SPAN} at (0,0) size 1x15
                    RenderInline {O:P} at (0,0) size 1x15
              RenderTableCell {TD} at (367,3298) size 106x90 [r=47 c=3 rs=1 cs=1]
                RenderBlock {P} at (7,0) size 92x15
                  RenderText {#text} at (38,0) size 16x15
                    text run at (38,0) width 16: "No"
                  RenderInline {SPAN} at (0,0) size 0x15
                    RenderInline {O:P} at (0,0) size 0x15
                RenderBlock {P} at (7,15) size 92x15
                  RenderText {#text} at (38,0) size 16x15
                    text run at (38,0) width 16: "No"
                RenderBlock {P} at (7,30) size 92x15
                  RenderText {#text} at (36,0) size 20x15
                    text run at (36,0) width 20: "Yes"
                RenderBlock {P} at (7,45) size 92x15
                  RenderText {#text} at (44,0) size 4x15
                    text run at (44,0) width 4: " "
                RenderBlock {P} at (7,60) size 92x15
                  RenderText {#text} at (44,0) size 4x15
                    text run at (44,0) width 4: " "
                RenderBlock {P} at (7,75) size 92x15
                  RenderText {#text} at (38,0) size 16x15
                    text run at (38,0) width 16: "No"
                  RenderInline {SPAN} at (0,0) size 0x15
                    RenderInline {O:P} at (0,0) size 0x15
            RenderTableRow {TR} at (0,3433) size 473x60
              RenderTableCell {TD} at (0,3433) size 98x15 [r=48 c=0 rs=1 cs=1]
                RenderBlock {P} at (7,0) size 84x15
                  RenderText {#text} at (35,0) size 14x15
                    text run at (35,0) width 14: "49"
                  RenderInline {SPAN} at (0,0) size 0x15
                    RenderInline {O:P} at (0,0) size 0x15
              RenderTableCell {TD} at (98,3433) size 170x60 [r=48 c=1 rs=1 cs=1]
                RenderBlock {P} at (7,0) size 156x15
                  RenderText {#text} at (0,0) size 69x15
                    text run at (0,0) width 69: "Ali Erdengiz"
                RenderBlock {P} at (7,15) size 156x15
                  RenderText {#text} at (0,0) size 66x15
                    text run at (0,0) width 66: "David Allen"
                RenderBlock {P} at (7,30) size 156x15
                  RenderInline {SPAN} at (0,0) size 74x15
                    RenderInline {O:P} at (0,0) size 0x0
                    RenderText {#text} at (0,0) size 74x15
                      text run at (0,0) width 74: "Narayen Raju"
                RenderBlock {P} at (7,45) size 156x15
                  RenderInline {SPAN} at (0,0) size 85x15
                    RenderText {#text} at (0,0) size 85x15
                      text run at (0,0) width 33: "Jason "
                      text run at (33,0) width 52: "Anderson"
              RenderTableCell {TD} at (268,3433) size 99x60 [r=48 c=2 rs=1 cs=1]
                RenderBlock {P} at (7,0) size 85x15
                  RenderText {#text} at (41,0) size 3x15
                    text run at (41,0) width 3: " "
                RenderBlock {P} at (7,15) size 85x15
                  RenderText {#text} at (41,0) size 3x15
                    text run at (41,0) width 3: " "
                RenderBlock {P} at (7,30) size 85x15
                  RenderText {#text} at (41,0) size 3x15
                    text run at (41,0) width 3: " "
                RenderBlock {P} at (7,45) size 85x15
                  RenderText {#text} at (32,0) size 21x15
                    text run at (32,0) width 21: "Yes"
                  RenderInline {SPAN} at (0,0) size 1x15
                    RenderInline {O:P} at (0,0) size 1x15
              RenderTableCell {TD} at (367,3433) size 106x60 [r=48 c=3 rs=1 cs=1]
                RenderBlock {P} at (7,0) size 92x15
                  RenderText {#text} at (44,0) size 4x15
                    text run at (44,0) width 4: " "
                RenderBlock {P} at (7,15) size 92x15
                  RenderText {#text} at (44,0) size 4x15
                    text run at (44,0) width 4: " "
                RenderBlock {P} at (7,30) size 92x15
                  RenderText {#text} at (44,0) size 4x15
                    text run at (44,0) width 4: " "
                RenderBlock {P} at (7,45) size 92x15
                  RenderText {#text} at (38,0) size 16x15
                    text run at (38,0) width 16: "No"
                  RenderInline {SPAN} at (0,0) size 0x15
                    RenderInline {O:P} at (0,0) size 0x15
            RenderTableRow {TR} at (0,3493) size 473x135
              RenderTableCell {TD} at (0,3493) size 98x15 [r=49 c=0 rs=1 cs=1]
                RenderBlock {P} at (7,0) size 84x15
                  RenderText {#text} at (35,0) size 14x15
                    text run at (35,0) width 14: "50"
                  RenderInline {SPAN} at (0,0) size 0x15
                    RenderInline {O:P} at (0,0) size 0x15
              RenderTableCell {TD} at (98,3493) size 170x135 [r=49 c=1 rs=1 cs=1]
                RenderBlock {P} at (7,0) size 156x15
                  RenderText {#text} at (0,0) size 51x15
                    text run at (0,0) width 51: "Zak West"
                  RenderInline {SPAN} at (0,0) size 0x15
                    RenderInline {O:P} at (0,0) size 0x15
                RenderBlock {P} at (7,15) size 156x15
                  RenderText {#text} at (0,0) size 75x15
                    text run at (0,0) width 75: "Rick Klement"
                  RenderInline {SPAN} at (0,0) size 0x15
                    RenderInline {O:P} at (0,0) size 0x15
                RenderBlock {P} at (7,30) size 156x15
                  RenderText {#text} at (0,0) size 58x15
                    text run at (0,0) width 58: "Jim Bernal"
                RenderBlock {P} at (7,45) size 156x15
                  RenderText {#text} at (0,0) size 89x15
                    text run at (0,0) width 89: "Alan Littlewood"
                RenderBlock {P} at (7,60) size 156x15
                  RenderText {#text} at (0,0) size 60x15
                    text run at (0,0) width 60: "Jerry Davis"
                RenderBlock {P} at (7,75) size 156x15
                  RenderText {#text} at (0,0) size 84x15
                    text run at (0,0) width 84: "Lauren Bussard"
                RenderBlock {P} at (7,90) size 156x15
                  RenderText {#text} at (0,0) size 84x15
                    text run at (0,0) width 84: "John Yearwood"
                RenderBlock {P} at (7,105) size 156x15
                  RenderText {#text} at (0,0) size 74x15
                    text run at (0,0) width 74: "Narayan Raju"
                RenderBlock {P} at (7,120) size 156x15
                  RenderText {#text} at (0,0) size 67x15
                    text run at (0,0) width 67: "Ken Manuel"
                  RenderInline {SPAN} at (0,0) size 0x15
                    RenderInline {O:P} at (0,0) size 0x15
              RenderTableCell {TD} at (268,3493) size 99x105 [r=49 c=2 rs=1 cs=1]
                RenderBlock {P} at (7,0) size 85x15
                  RenderText {#text} at (32,0) size 21x15
                    text run at (32,0) width 21: "Yes"
                  RenderInline {SPAN} at (0,0) size 1x15
                    RenderInline {O:P} at (0,0) size 1x15
                RenderBlock {P} at (7,15) size 85x15
                  RenderText {#text} at (32,0) size 21x15
                    text run at (32,0) width 21: "Yes"
                  RenderInline {SPAN} at (0,0) size 1x15
                    RenderInline {O:P} at (0,0) size 1x15
                RenderBlock {P} at (7,30) size 85x15
                  RenderText {#text} at (32,0) size 21x15
                    text run at (32,0) width 21: "Yes"
                RenderBlock {P} at (7,45) size 85x15
                  RenderText {#text} at (32,0) size 21x15
                    text run at (32,0) width 21: "Yes"
                RenderBlock {P} at (7,60) size 85x15
                  RenderText {#text} at (32,0) size 21x15
                    text run at (32,0) width 21: "Yes"
                RenderBlock {P} at (7,75) size 85x15
                  RenderText {#text} at (41,0) size 3x15
                    text run at (41,0) width 3: " "
                RenderBlock {P} at (7,90) size 85x15
                  RenderText {#text} at (32,0) size 21x15
                    text run at (32,0) width 21: "Yes"
                  RenderInline {SPAN} at (0,0) size 1x15
                    RenderInline {O:P} at (0,0) size 1x15
              RenderTableCell {TD} at (367,3493) size 106x105 [r=49 c=3 rs=1 cs=1]
                RenderBlock {P} at (7,0) size 92x15
                  RenderText {#text} at (36,0) size 20x15
                    text run at (36,0) width 20: "Yes"
                  RenderInline {SPAN} at (0,0) size 0x15
                    RenderInline {O:P} at (0,0) size 0x15
                RenderBlock {P} at (7,15) size 92x15
                  RenderText {#text} at (36,0) size 20x15
                    text run at (36,0) width 20: "Yes"
                  RenderInline {SPAN} at (0,0) size 0x15
                    RenderInline {O:P} at (0,0) size 0x15
                RenderBlock {P} at (7,30) size 92x15
                  RenderText {#text} at (38,0) size 16x15
                    text run at (38,0) width 16: "No"
                RenderBlock {P} at (7,45) size 92x15
                  RenderText {#text} at (38,0) size 16x15
                    text run at (38,0) width 16: "No"
                RenderBlock {P} at (7,60) size 92x15
                  RenderText {#text} at (36,0) size 20x15
                    text run at (36,0) width 20: "Yes"
                RenderBlock {P} at (7,75) size 92x15
                  RenderText {#text} at (44,0) size 4x15
                    text run at (44,0) width 4: " "
                RenderBlock {P} at (7,90) size 92x15
                  RenderText {#text} at (38,0) size 16x15
                    text run at (38,0) width 16: "No"
                  RenderInline {SPAN} at (0,0) size 0x15
                    RenderInline {O:P} at (0,0) size 0x15
            RenderTableRow {TR} at (0,3628) size 473x45
              RenderTableCell {TD} at (0,3628) size 98x15 [r=50 c=0 rs=1 cs=1]
                RenderBlock {P} at (7,0) size 84x15
                  RenderText {#text} at (35,0) size 14x15
                    text run at (35,0) width 14: "51"
                  RenderInline {SPAN} at (0,0) size 0x15
                    RenderInline {O:P} at (0,0) size 0x15
              RenderTableCell {TD} at (98,3628) size 170x45 [r=50 c=1 rs=1 cs=1]
                RenderBlock {P} at (7,0) size 156x15
                  RenderText {#text} at (0,0) size 80x15
                    text run at (0,0) width 80: "Robert Barnett"
                RenderBlock {P} at (7,15) size 156x15
                  RenderText {#text} at (0,0) size 74x15
                    text run at (0,0) width 74: "Jim Mahoney"
                RenderBlock {P} at (7,30) size 156x15
                  RenderText {#text} at (0,0) size 85x15
                    text run at (0,0) width 85: "Jason Anderson"
                  RenderInline {SPAN} at (0,0) size 0x15
                    RenderInline {O:P} at (0,0) size 0x15
              RenderTableCell {TD} at (268,3628) size 99x45 [r=50 c=2 rs=1 cs=1]
                RenderBlock {P} at (7,0) size 85x15
                  RenderText {#text} at (32,0) size 21x15
                    text run at (32,0) width 21: "Yes"
                RenderBlock {P} at (7,15) size 85x15
                  RenderText {#text} at (32,0) size 21x15
                    text run at (32,0) width 21: "Yes"
                RenderBlock {P} at (7,30) size 85x15
                  RenderText {#text} at (32,0) size 21x15
                    text run at (32,0) width 21: "Yes"
                  RenderInline {SPAN} at (0,0) size 1x15
                    RenderInline {O:P} at (0,0) size 1x15
              RenderTableCell {TD} at (367,3628) size 106x45 [r=50 c=3 rs=1 cs=1]
                RenderBlock {P} at (7,0) size 92x15
                  RenderInline {SPAN} at (0,0) size 16x15
                    RenderText {#text} at (38,0) size 16x15
                      text run at (38,0) width 16: "No"
                    RenderInline {O:P} at (0,0) size 0x15
                RenderBlock {P} at (7,15) size 92x15
                  RenderInline {SPAN} at (0,0) size 20x15
                    RenderText {#text} at (36,0) size 20x15
                      text run at (36,0) width 20: "Yes"
                RenderBlock {P} at (7,30) size 92x15
                  RenderInline {SPAN} at (0,0) size 16x15
                    RenderText {#text} at (38,0) size 16x15
                      text run at (38,0) width 16: "No"
                  RenderInline {SPAN} at (0,0) size 0x15
                    RenderInline {O:P} at (0,0) size 0x15
            RenderTableRow {TR} at (0,3673) size 473x75
              RenderTableCell {TD} at (0,3673) size 98x15 [r=51 c=0 rs=1 cs=1]
                RenderBlock {P} at (7,0) size 84x15
                  RenderText {#text} at (35,0) size 14x15
                    text run at (35,0) width 14: "52"
                  RenderInline {SPAN} at (0,0) size 0x15
                    RenderInline {O:P} at (0,0) size 0x15
              RenderTableCell {TD} at (98,3673) size 170x75 [r=51 c=1 rs=1 cs=1]
                RenderBlock {P} at (7,0) size 156x15
                  RenderText {#text} at (0,0) size 59x15
                    text run at (0,0) width 59: "Mike West"
                  RenderInline {SPAN} at (0,0) size 0x15
                    RenderInline {O:P} at (0,0) size 0x15
                RenderBlock {P} at (7,15) size 156x15
                  RenderText {#text} at (0,0) size 82x15
                    text run at (0,0) width 82: "Robert Frogner"
                RenderBlock {P} at (7,30) size 156x15
                  RenderText {#text} at (0,0) size 89x15
                    text run at (0,0) width 89: "Chris McDowell"
                RenderBlock {P} at (7,45) size 156x15
                  RenderText {#text} at (0,0) size 55x15
                    text run at (0,0) width 55: "Ed Cypret"
                RenderBlock {P} at (7,60) size 156x15
                  RenderText {#text} at (0,0) size 68x15
                    text run at (0,0) width 68: "Dale Barnett"
                  RenderInline {SPAN} at (0,0) size 0x15
                    RenderInline {O:P} at (0,0) size 0x15
              RenderTableCell {TD} at (268,3673) size 99x75 [r=51 c=2 rs=1 cs=1]
                RenderBlock {P} at (7,0) size 85x15
                  RenderText {#text} at (32,0) size 21x15
                    text run at (32,0) width 21: "Yes"
                  RenderInline {SPAN} at (0,0) size 1x15
                    RenderInline {O:P} at (0,0) size 1x15
                RenderBlock {P} at (7,15) size 85x15
                  RenderText {#text} at (32,0) size 21x15
                    text run at (32,0) width 21: "Yes"
                RenderBlock {P} at (7,30) size 85x15
                  RenderText {#text} at (32,0) size 21x15
                    text run at (32,0) width 21: "Yes"
                RenderBlock {P} at (7,45) size 85x15
                  RenderText {#text} at (41,0) size 3x15
                    text run at (41,0) width 3: " "
                RenderBlock {P} at (7,60) size 85x15
                  RenderText {#text} at (32,0) size 21x15
                    text run at (32,0) width 21: "Yes"
                  RenderInline {SPAN} at (0,0) size 1x15
                    RenderInline {O:P} at (0,0) size 1x15
              RenderTableCell {TD} at (367,3673) size 106x75 [r=51 c=3 rs=1 cs=1]
                RenderBlock {P} at (7,0) size 92x15
                  RenderText {#text} at (36,0) size 20x15
                    text run at (36,0) width 20: "Yes"
                  RenderInline {SPAN} at (0,0) size 0x15
                    RenderInline {O:P} at (0,0) size 0x15
                RenderBlock {P} at (7,15) size 92x15
                  RenderText {#text} at (38,0) size 16x15
                    text run at (38,0) width 16: "No"
                RenderBlock {P} at (7,30) size 92x15
                  RenderText {#text} at (38,0) size 16x15
                    text run at (38,0) width 16: "No"
                RenderBlock {P} at (7,45) size 92x15
                  RenderText {#text} at (44,0) size 4x15
                    text run at (44,0) width 4: " "
                RenderBlock {P} at (7,60) size 92x15
                  RenderText {#text} at (38,0) size 16x15
                    text run at (38,0) width 16: "No"
                  RenderInline {SPAN} at (0,0) size 0x15
                    RenderInline {O:P} at (0,0) size 0x15
            RenderTableRow {TR} at (0,3748) size 473x75
              RenderTableCell {TD} at (0,3748) size 98x15 [r=52 c=0 rs=1 cs=1]
                RenderBlock {P} at (7,0) size 84x15
                  RenderText {#text} at (35,0) size 14x15
                    text run at (35,0) width 14: "53"
                  RenderInline {SPAN} at (0,0) size 0x15
                    RenderInline {O:P} at (0,0) size 0x15
              RenderTableCell {TD} at (98,3748) size 170x75 [r=52 c=1 rs=1 cs=1]
                RenderBlock {P} at (7,0) size 156x15
                  RenderText {#text} at (0,0) size 82x15
                    text run at (0,0) width 82: "Alberto Lanzas"
                  RenderInline {SPAN} at (0,0) size 0x15
                    RenderInline {O:P} at (0,0) size 0x15
                RenderBlock {P} at (7,15) size 156x15
                  RenderText {#text} at (0,0) size 69x15
                    text run at (0,0) width 69: "Bill Johnson"
                RenderBlock {P} at (7,30) size 156x15
                  RenderText {#text} at (0,0) size 42x15
                    text run at (0,0) width 42: "Al Wert"
                RenderBlock {P} at (7,45) size 156x15
                  RenderText {#text} at (0,0) size 68x15
                    text run at (0,0) width 68: "Dale Barnett"
                RenderBlock {P} at (7,60) size 156x15
                  RenderText {#text} at (0,0) size 103x15
                    text run at (0,0) width 103: "Ramin Khoshnevis"
                  RenderInline {SPAN} at (0,0) size 0x15
                    RenderInline {O:P} at (0,0) size 0x15
              RenderTableCell {TD} at (268,3748) size 99x75 [r=52 c=2 rs=1 cs=1]
                RenderBlock {P} at (7,0) size 85x15
                  RenderText {#text} at (32,0) size 21x15
                    text run at (32,0) width 21: "Yes"
                  RenderInline {SPAN} at (0,0) size 1x15
                    RenderInline {O:P} at (0,0) size 1x15
                RenderBlock {P} at (7,15) size 85x15
                  RenderText {#text} at (32,0) size 21x15
                    text run at (32,0) width 21: "Yes"
                RenderBlock {P} at (7,30) size 85x15
                  RenderText {#text} at (34,0) size 17x15
                    text run at (34,0) width 17: "No"
                RenderBlock {P} at (7,45) size 85x15
                  RenderText {#text} at (32,0) size 21x15
                    text run at (32,0) width 21: "Yes"
                RenderBlock {P} at (7,60) size 85x15
                  RenderText {#text} at (32,0) size 21x15
                    text run at (32,0) width 21: "Yes"
                  RenderInline {SPAN} at (0,0) size 1x15
                    RenderInline {O:P} at (0,0) size 1x15
              RenderTableCell {TD} at (367,3748) size 106x75 [r=52 c=3 rs=1 cs=1]
                RenderBlock {P} at (7,0) size 92x15
                  RenderText {#text} at (36,0) size 20x15
                    text run at (36,0) width 20: "Yes"
                  RenderInline {SPAN} at (0,0) size 0x15
                    RenderInline {O:P} at (0,0) size 0x15
                RenderBlock {P} at (7,15) size 92x15
                  RenderText {#text} at (38,0) size 16x15
                    text run at (38,0) width 16: "No"
                RenderBlock {P} at (7,30) size 92x15
                  RenderText {#text} at (36,0) size 20x15
                    text run at (36,0) width 20: "Yes"
                RenderBlock {P} at (7,45) size 92x15
                  RenderText {#text} at (38,0) size 16x15
                    text run at (38,0) width 16: "No"
                RenderBlock {P} at (7,60) size 92x15
                  RenderText {#text} at (38,0) size 16x15
                    text run at (38,0) width 16: "No"
                  RenderInline {SPAN} at (0,0) size 0x15
                    RenderInline {O:P} at (0,0) size 0x15
            RenderTableRow {TR} at (0,3823) size 473x105
              RenderTableCell {TD} at (0,3823) size 98x15 [r=53 c=0 rs=1 cs=1]
                RenderBlock {P} at (7,0) size 84x15
                  RenderText {#text} at (35,0) size 14x15
                    text run at (35,0) width 14: "54"
                  RenderInline {SPAN} at (0,0) size 0x15
                    RenderInline {O:P} at (0,0) size 0x15
              RenderTableCell {TD} at (98,3823) size 170x105 [r=53 c=1 rs=1 cs=1]
                RenderBlock {P} at (7,0) size 156x15
                  RenderText {#text} at (0,0) size 76x15
                    text run at (0,0) width 76: "Gene Langley"
                RenderBlock {P} at (7,15) size 156x15
                  RenderText {#text} at (0,0) size 69x15
                    text run at (0,0) width 69: "Bill Johnson"
                RenderBlock {P} at (7,30) size 156x15
                  RenderText {#text} at (0,0) size 55x15
                    text run at (0,0) width 55: "Mark Diel"
                RenderBlock {P} at (7,45) size 156x15
                  RenderText {#text} at (0,0) size 60x15
                    text run at (0,0) width 60: "Jerry Davis"
                RenderBlock {P} at (7,60) size 156x15
                  RenderText {#text} at (0,0) size 55x15
                    text run at (0,0) width 55: "Peter Starr"
                RenderBlock {P} at (7,75) size 156x15
                  RenderText {#text} at (0,0) size 84x15
                    text run at (0,0) width 84: "John Yearwood"
                RenderBlock {P} at (7,90) size 156x15
                  RenderText {#text} at (0,0) size 62x15
                    text run at (0,0) width 62: "Scott Hersh"
                  RenderInline {SPAN} at (0,0) size 0x15
                    RenderInline {O:P} at (0,0) size 0x15
              RenderTableCell {TD} at (268,3823) size 99x105 [r=53 c=2 rs=1 cs=1]
                RenderBlock {P} at (7,0) size 85x15
                  RenderText {#text} at (32,0) size 21x15
                    text run at (32,0) width 21: "Yes"
                RenderBlock {P} at (7,15) size 85x15
                  RenderText {#text} at (32,0) size 21x15
                    text run at (32,0) width 21: "Yes"
                RenderBlock {P} at (7,30) size 85x15
                  RenderText {#text} at (41,0) size 3x15
                    text run at (41,0) width 3: " "
                RenderBlock {P} at (7,45) size 85x15
                  RenderText {#text} at (32,0) size 21x15
                    text run at (32,0) width 21: "Yes"
                RenderBlock {P} at (7,60) size 85x15
                  RenderText {#text} at (41,0) size 3x15
                    text run at (41,0) width 3: " "
                RenderBlock {P} at (7,75) size 85x15
                  RenderText {#text} at (32,0) size 21x15
                    text run at (32,0) width 21: "Yes"
                RenderBlock {P} at (7,90) size 85x15
                  RenderText {#text} at (32,0) size 21x15
                    text run at (32,0) width 21: "Yes"
                  RenderInline {SPAN} at (0,0) size 1x15
                    RenderInline {O:P} at (0,0) size 1x15
              RenderTableCell {TD} at (367,3823) size 106x105 [r=53 c=3 rs=1 cs=1]
                RenderBlock {P} at (7,0) size 92x15
                  RenderText {#text} at (7,0) size 78x15
                    text run at (7,0) width 78: "Gyro wannabe"
                RenderBlock {P} at (7,15) size 92x15
                  RenderText {#text} at (38,0) size 16x15
                    text run at (38,0) width 16: "No"
                RenderBlock {P} at (7,30) size 92x15
                  RenderText {#text} at (44,0) size 4x15
                    text run at (44,0) width 4: " "
                RenderBlock {P} at (7,45) size 92x15
                  RenderText {#text} at (38,0) size 16x15
                    text run at (38,0) width 16: "No"
                RenderBlock {P} at (7,60) size 92x15
                  RenderText {#text} at (44,0) size 4x15
                    text run at (44,0) width 4: " "
                RenderBlock {P} at (7,75) size 92x15
                  RenderText {#text} at (38,0) size 16x15
                    text run at (38,0) width 16: "No"
                RenderBlock {P} at (7,90) size 92x15
                  RenderText {#text} at (38,0) size 16x15
                    text run at (38,0) width 16: "No"
                  RenderInline {SPAN} at (0,0) size 0x15
                    RenderInline {O:P} at (0,0) size 0x15
            RenderTableRow {TR} at (0,3928) size 473x45
              RenderTableCell {TD} at (0,3928) size 98x15 [r=54 c=0 rs=1 cs=1]
                RenderBlock {P} at (7,0) size 84x15
                  RenderText {#text} at (35,0) size 14x15
                    text run at (35,0) width 14: "55"
                  RenderInline {SPAN} at (0,0) size 0x15
                    RenderInline {O:P} at (0,0) size 0x15
              RenderTableCell {TD} at (98,3928) size 170x45 [r=54 c=1 rs=1 cs=1]
                RenderBlock {P} at (7,0) size 156x15
                  RenderText {#text} at (0,0) size 82x15
                    text run at (0,0) width 82: "Alberto Lanzas"
                  RenderInline {SPAN} at (0,0) size 0x15
                    RenderInline {O:P} at (0,0) size 0x15
                RenderBlock {P} at (7,15) size 156x15
                  RenderText {#text} at (0,0) size 59x15
                    text run at (0,0) width 59: "Bob Roger"
                RenderBlock {P} at (7,30) size 156x15
                  RenderText {#text} at (0,0) size 77x15
                    text run at (0,0) width 77: "Randy StClair"
                  RenderInline {SPAN} at (0,0) size 0x15
                    RenderInline {O:P} at (0,0) size 0x15
              RenderTableCell {TD} at (268,3928) size 99x45 [r=54 c=2 rs=1 cs=1]
                RenderBlock {P} at (7,0) size 85x15
                  RenderText {#text} at (32,0) size 21x15
                    text run at (32,0) width 21: "Yes"
                  RenderInline {SPAN} at (0,0) size 1x15
                    RenderInline {O:P} at (0,0) size 1x15
                RenderBlock {P} at (7,15) size 85x15
                  RenderText {#text} at (32,0) size 21x15
                    text run at (32,0) width 21: "Yes"
                RenderBlock {P} at (7,30) size 85x15
                  RenderText {#text} at (32,0) size 21x15
                    text run at (32,0) width 21: "Yes"
                  RenderInline {SPAN} at (0,0) size 1x15
                    RenderInline {O:P} at (0,0) size 1x15
              RenderTableCell {TD} at (367,3928) size 106x45 [r=54 c=3 rs=1 cs=1]
                RenderBlock {P} at (7,0) size 92x15
                  RenderText {#text} at (36,0) size 20x15
                    text run at (36,0) width 20: "Yes"
                  RenderInline {SPAN} at (0,0) size 0x15
                    RenderInline {O:P} at (0,0) size 0x15
                RenderBlock {P} at (7,15) size 92x15
                  RenderText {#text} at (38,0) size 16x15
                    text run at (38,0) width 16: "No"
                RenderBlock {P} at (7,30) size 92x15
                  RenderText {#text} at (38,0) size 16x15
                    text run at (38,0) width 16: "No"
                  RenderInline {SPAN} at (0,0) size 0x15
                    RenderInline {O:P} at (0,0) size 0x15
            RenderTableRow {TR} at (0,3973) size 473x75
              RenderTableCell {TD} at (0,3973) size 98x15 [r=55 c=0 rs=1 cs=1]
                RenderBlock {P} at (7,0) size 84x15
                  RenderText {#text} at (35,0) size 14x15
                    text run at (35,0) width 14: "56"
                  RenderInline {SPAN} at (0,0) size 0x15
                    RenderInline {O:P} at (0,0) size 0x15
              RenderTableCell {TD} at (98,3973) size 170x75 [r=55 c=1 rs=1 cs=1]
                RenderBlock {P} at (7,0) size 156x15
                  RenderText {#text} at (0,0) size 83x15
                    text run at (0,0) width 83: "Mark Glanville"
                RenderBlock {P} at (7,15) size 156x15
                  RenderText {#text} at (0,0) size 71x15
                    text run at (0,0) width 71: "Steve Gilbert"
                RenderBlock {P} at (7,30) size 156x15
                  RenderText {#text} at (0,0) size 60x15
                    text run at (0,0) width 60: "Jerry Davis"
                RenderBlock {P} at (7,45) size 156x15
                  RenderText {#text} at (0,0) size 66x15
                    text run at (0,0) width 66: "Rich Saunef"
                RenderBlock {P} at (7,60) size 156x15
                  RenderText {#text} at (0,0) size 70x15
                    text run at (0,0) width 70: "Harald Close"
                  RenderInline {SPAN} at (0,0) size 0x15
                    RenderInline {O:P} at (0,0) size 0x15
              RenderTableCell {TD} at (268,3973) size 99x75 [r=55 c=2 rs=1 cs=1]
                RenderBlock {P} at (7,0) size 85x15
                  RenderText {#text} at (32,0) size 21x15
                    text run at (32,0) width 21: "Yes"
                RenderBlock {P} at (7,15) size 85x15
                  RenderText {#text} at (32,0) size 21x15
                    text run at (32,0) width 21: "Yes"
                RenderBlock {P} at (7,30) size 85x15
                  RenderText {#text} at (32,0) size 21x15
                    text run at (32,0) width 21: "Yes"
                RenderBlock {P} at (7,45) size 85x15
                  RenderText {#text} at (32,0) size 21x15
                    text run at (32,0) width 21: "Yes"
                RenderBlock {P} at (7,60) size 85x15
                  RenderText {#text} at (32,0) size 21x15
                    text run at (32,0) width 21: "Yes"
                  RenderInline {SPAN} at (0,0) size 1x15
                    RenderInline {O:P} at (0,0) size 1x15
              RenderTableCell {TD} at (367,3973) size 106x75 [r=55 c=3 rs=1 cs=1]
                RenderBlock {P} at (7,0) size 92x15
                  RenderText {#text} at (38,0) size 16x15
                    text run at (38,0) width 16: "No"
                RenderBlock {P} at (7,15) size 92x15
                  RenderText {#text} at (38,0) size 16x15
                    text run at (38,0) width 16: "No"
                RenderBlock {P} at (7,30) size 92x15
                  RenderText {#text} at (38,0) size 16x15
                    text run at (38,0) width 16: "No"
                RenderBlock {P} at (7,45) size 92x15
                  RenderText {#text} at (38,0) size 16x15
                    text run at (38,0) width 16: "No"
                RenderBlock {P} at (7,60) size 92x15
                  RenderText {#text} at (38,0) size 16x15
                    text run at (38,0) width 16: "No"
                  RenderInline {SPAN} at (0,0) size 0x15
                    RenderInline {O:P} at (0,0) size 0x15
            RenderTableRow {TR} at (0,4048) size 473x45
              RenderTableCell {TD} at (0,4048) size 98x15 [r=56 c=0 rs=1 cs=1]
                RenderBlock {P} at (7,0) size 84x15
                  RenderText {#text} at (35,0) size 14x15
                    text run at (35,0) width 14: "57"
                  RenderInline {SPAN} at (0,0) size 0x15
                    RenderInline {O:P} at (0,0) size 0x15
              RenderTableCell {TD} at (98,4048) size 170x45 [r=56 c=1 rs=1 cs=1]
                RenderBlock {P} at (7,0) size 156x15
                  RenderText {#text} at (0,0) size 59x15
                    text run at (0,0) width 59: "Bob Roger"
                RenderBlock {P} at (7,15) size 156x15
                  RenderText {#text} at (0,0) size 70x15
                    text run at (0,0) width 70: "Rich Burnett"
                RenderBlock {P} at (7,30) size 156x15
                  RenderText {#text} at (0,0) size 66x15
                    text run at (0,0) width 66: "David Dunn"
                  RenderInline {SPAN} at (0,0) size 0x15
                    RenderInline {O:P} at (0,0) size 0x15
              RenderTableCell {TD} at (268,4048) size 99x15 [r=56 c=2 rs=1 cs=1]
                RenderBlock {P} at (7,0) size 85x15
                  RenderText {#text} at (32,0) size 21x15
                    text run at (32,0) width 21: "Yes"
                  RenderInline {SPAN} at (0,0) size 1x15
                    RenderInline {O:P} at (0,0) size 1x15
              RenderTableCell {TD} at (367,4048) size 106x15 [r=56 c=3 rs=1 cs=1]
                RenderBlock {P} at (7,0) size 92x15
                  RenderText {#text} at (38,0) size 16x15
                    text run at (38,0) width 16: "No"
                  RenderInline {SPAN} at (0,0) size 0x15
                    RenderInline {O:P} at (0,0) size 0x15
            RenderTableRow {TR} at (0,4093) size 473x60
              RenderTableCell {TD} at (0,4093) size 98x15 [r=57 c=0 rs=1 cs=1]
                RenderBlock {P} at (7,0) size 84x15
                  RenderText {#text} at (35,0) size 14x15
                    text run at (35,0) width 14: "58"
                  RenderInline {SPAN} at (0,0) size 0x15
                    RenderInline {O:P} at (0,0) size 0x15
              RenderTableCell {TD} at (98,4093) size 170x60 [r=57 c=1 rs=1 cs=1]
                RenderBlock {P} at (7,0) size 156x15
                  RenderText {#text} at (0,0) size 92x15
                    text run at (0,0) width 92: "Ian + Brad Carter"
                  RenderInline {SPAN} at (0,0) size 0x15
                    RenderInline {O:P} at (0,0) size 0x15
                RenderBlock {P} at (7,15) size 156x15
                  RenderText {#text} at (0,0) size 69x15
                    text run at (0,0) width 69: "Bill Johnson"
                RenderBlock {P} at (7,30) size 156x15
                  RenderText {#text} at (0,0) size 78x15
                    text run at (0,0) width 78: "Chuck Pringle"
                RenderBlock {P} at (7,45) size 156x15
                  RenderText {#text} at (0,0) size 66x15
                    text run at (0,0) width 66: "David Dunn"
                  RenderInline {SPAN} at (0,0) size 0x15
                    RenderInline {O:P} at (0,0) size 0x15
              RenderTableCell {TD} at (268,4093) size 99x45 [r=57 c=2 rs=1 cs=1]
                RenderBlock {P} at (7,0) size 85x15
                  RenderText {#text} at (32,0) size 21x15
                    text run at (32,0) width 21: "Yes"
                  RenderInline {SPAN} at (0,0) size 1x15
                    RenderInline {O:P} at (0,0) size 1x15
                RenderBlock {P} at (7,15) size 85x15
                  RenderText {#text} at (32,0) size 21x15
                    text run at (32,0) width 21: "Yes"
                RenderBlock {P} at (7,30) size 85x15
                  RenderText {#text} at (32,0) size 21x15
                    text run at (32,0) width 21: "Yes"
                  RenderInline {SPAN} at (0,0) size 1x15
                    RenderInline {O:P} at (0,0) size 1x15
              RenderTableCell {TD} at (367,4093) size 106x45 [r=57 c=3 rs=1 cs=1]
                RenderBlock {P} at (7,0) size 92x15
                  RenderText {#text} at (38,0) size 16x15
                    text run at (38,0) width 16: "No"
                  RenderInline {SPAN} at (0,0) size 0x15
                    RenderInline {O:P} at (0,0) size 0x15
                RenderBlock {P} at (7,15) size 92x15
                  RenderText {#text} at (38,0) size 16x15
                    text run at (38,0) width 16: "No"
                RenderBlock {P} at (7,30) size 92x15
                  RenderText {#text} at (38,0) size 16x15
                    text run at (38,0) width 16: "No"
                  RenderInline {SPAN} at (0,0) size 0x15
                    RenderInline {O:P} at (0,0) size 0x15
            RenderTableRow {TR} at (0,4153) size 473x30
              RenderTableCell {TD} at (0,4153) size 98x15 [r=58 c=0 rs=1 cs=1]
                RenderBlock {P} at (7,0) size 84x15
                  RenderText {#text} at (35,0) size 14x15
                    text run at (35,0) width 14: "59"
                  RenderInline {SPAN} at (0,0) size 0x15
                    RenderInline {O:P} at (0,0) size 0x15
              RenderTableCell {TD} at (98,4153) size 170x30 [r=58 c=1 rs=1 cs=1]
                RenderBlock {P} at (7,0) size 156x15
                  RenderText {#text} at (0,0) size 59x15
                    text run at (0,0) width 59: "Bob Roger"
                RenderBlock {P} at (7,15) size 156x15
                  RenderText {#text} at (0,0) size 70x15
                    text run at (0,0) width 70: "Rich Burnett"
                  RenderInline {SPAN} at (0,0) size 0x15
                    RenderInline {O:P} at (0,0) size 0x15
              RenderTableCell {TD} at (268,4153) size 99x15 [r=58 c=2 rs=1 cs=1]
                RenderBlock {P} at (7,0) size 85x15
                  RenderText {#text} at (32,0) size 21x15
                    text run at (32,0) width 21: "Yes"
                  RenderInline {SPAN} at (0,0) size 1x15
                    RenderInline {O:P} at (0,0) size 1x15
              RenderTableCell {TD} at (367,4153) size 106x15 [r=58 c=3 rs=1 cs=1]
                RenderBlock {P} at (7,0) size 92x15
                  RenderText {#text} at (38,0) size 16x15
                    text run at (38,0) width 16: "No"
                  RenderInline {SPAN} at (0,0) size 0x15
                    RenderInline {O:P} at (0,0) size 0x15
            RenderTableRow {TR} at (0,4183) size 473x60
              RenderTableCell {TD} at (0,4183) size 98x15 [r=59 c=0 rs=1 cs=1]
                RenderBlock {P} at (7,0) size 84x15
                  RenderText {#text} at (35,0) size 14x15
                    text run at (35,0) width 14: "60"
                  RenderInline {SPAN} at (0,0) size 0x15
                    RenderInline {O:P} at (0,0) size 0x15
              RenderTableCell {TD} at (98,4183) size 170x60 [r=59 c=1 rs=1 cs=1]
                RenderBlock {P} at (7,0) size 156x15
                  RenderText {#text} at (0,0) size 69x15
                    text run at (0,0) width 69: "Bill Johnson"
                RenderBlock {P} at (7,15) size 156x15
                  RenderText {#text} at (0,0) size 96x15
                    text run at (0,0) width 96: "Vladimir Dvorkin"
                RenderBlock {P} at (7,30) size 156x15
                  RenderText {#text} at (0,0) size 52x15
                    text run at (0,0) width 52: "Ken Price"
                RenderBlock {P} at (7,45) size 156x15
                  RenderText {#text} at (0,0) size 89x15
                    text run at (0,0) width 89: "Rick Rasmussen"
                  RenderInline {SPAN} at (0,0) size 0x15
                    RenderInline {O:P} at (0,0) size 0x15
              RenderTableCell {TD} at (268,4183) size 99x30 [r=59 c=2 rs=1 cs=1]
                RenderBlock {P} at (7,0) size 85x15
                  RenderText {#text} at (32,0) size 21x15
                    text run at (32,0) width 21: "Yes"
                RenderBlock {P} at (7,15) size 85x15
                  RenderText {#text} at (34,0) size 17x15
                    text run at (34,0) width 17: "No"
                  RenderInline {SPAN} at (0,0) size 1x15
                    RenderInline {O:P} at (0,0) size 1x15
              RenderTableCell {TD} at (367,4183) size 106x30 [r=59 c=3 rs=1 cs=1]
                RenderBlock {P} at (7,0) size 92x15
                  RenderText {#text} at (38,0) size 16x15
                    text run at (38,0) width 16: "No"
                RenderBlock {P} at (7,15) size 92x15
                  RenderText {#text} at (36,0) size 20x15
                    text run at (36,0) width 20: "Yes"
                  RenderInline {SPAN} at (0,0) size 0x15
                    RenderInline {O:P} at (0,0) size 0x15
        RenderBlock {P} at (0,4261) size 769x15
          RenderInline {SPAN} at (0,0) size 3x15
            RenderText {#text} at (0,0) size 3x15
              text run at (0,0) width 3: " "
        RenderBlock {P} at (0,4276) size 769x15
          RenderText {#text} at (0,0) size 3x15
            text run at (0,0) width 3: " "
        RenderBlock {P} at (0,4291) size 769x15
          RenderText {#text} at (0,0) size 3x15
            text run at (0,0) width 3: " "
      RenderBlock {P} at (0,4306) size 769x15
        RenderText {#text} at (383,0) size 3x15
          text run at (383,0) width 3: " "
