layer at (0,0) size 800x600
  RenderView at (0,0) size 800x600
layer at (0,0) size 800x600
  RenderBlock {HTML} at (0,0) size 800x600
    RenderBody {BODY} at (8,8) size 784x576
      RenderBlock {FORM} at (0,0) size 784x92
        RenderTable {TABLE} at (0,0) size 347x92 [border: (1px outset #808080)]
          RenderTableSection {TBODY} at (1,1) size 345x90
            RenderTableRow {TR} at (0,2) size 345x86
              RenderTableCell {TD} at (2,2) size 341x86 [border: (1px inset #808080)] [r=0 c=0 rs=1 cs=1]
                RenderTable {TABLE} at (2,2) size 337x82 [border: (2px outset #808080)]
                  RenderTableSection {TBODY} at (2,2) size 333x78
                    RenderTableRow {TR} at (0,2) size 333x40
                      RenderTableCell {TD} at (2,2) size 95x40 [border: (1px inset #808080)] [r=0 c=0 rs=1 cs=1]
                        RenderText {#text} at (2,2) size 57x35
                          text run at (2,2) width 55: "Member"
                          text run at (2,20) width 57: "Number:"
                      RenderTableCell {TD} at (99,6) size 226x32 [border: (1px inset #808080)] [r=0 c=1 rs=1 cs=1]
                        RenderTextControl {INPUT} at (4,4) size 193x24 [bgcolor=#FFFFFF] [border: (2px inset #000000)]
                        RenderText {#text} at (0,0) size 0x0
                    RenderTableRow {TR} at (0,44) size 333x32
                      RenderTableCell {TD} at (2,49) size 95x22 [border: (1px inset #808080)] [r=1 c=0 rs=1 cs=1]
                        RenderText {#text} at (2,2) size 31x17
                          text run at (2,2) width 31: "PIN:"
                      RenderTableCell {TD} at (99,44) size 226x32 [border: (1px inset #808080)] [r=1 c=1 rs=1 cs=1]
                        RenderTextControl {INPUT} at (4,4) size 193x24 [bgcolor=#FFFFFF] [border: (2px inset #000000)]
                        RenderText {#text} at (0,0) size 0x0
                      RenderTableCell {TD} at (327,58) size 4x4 [border: (1px inset #808080)] [r=1 c=2 rs=1 cs=1]
layer at (121,28) size 187x18
  RenderBlock {DIV} at (3,3) size 187x18
layer at (121,66) size 187x18
  RenderBlock {DIV} at (3,3) size 187x18
