layer at (0,0) size 800x600
  RenderView at (0,0) size 800x600
layer at (0,0) size 800x600
  RenderBlock {HTML} at (0,0) size 800x600
    RenderBody {BODY} at (8,8) size 784x584
      RenderBlock {P} at (0,0) size 784x18
        RenderText {#text} at (0,0) size 53x19
          text run at (0,0) width 53: "Test for "
        RenderInline {I} at (0,0) size 500x19
          RenderInline {A} at (0,0) size 154x19 [color=#0000EE]
            RenderText {#text} at (53,0) size 154x19
              text run at (53,0) width 154: "rdar://problem/6777374"
          RenderText {#text} at (207,0) size 346x19
            text run at (207,0) width 4: " "
            text run at (211,0) width 342: "Generated content with display: run-in causes a crash"
        RenderText {#text} at (553,0) size 4x19
          text run at (553,0) width 4: "."
      RenderBlock {DIV} at (0,34) size 784x18
        RenderBlock {DIV} at (0,0) size 784x18
          RenderInline (generated) at (0,0) size 39x19
            RenderText at (0,0) size 39x19
              text run at (0,0) width 39: "PASS"
          RenderText {#text} at (39,0) size 167x19
            text run at (39,0) width 167: " < this should say \x{201C}PASS\x{201D}"
