layer at (0,0) size 800x600
  RenderView at (0,0) size 800x600
layer at (0,0) size 800x600
  RenderBlock {HTML} at (0,0) size 800x600
    RenderBody {BODY} at (8,8) size 784x584
      RenderBlock (anonymous) at (0,0) size 784x21
        RenderText {#text} at (0,0) size 297x21
          text run at (0,0) width 297: "This table should have cell spacing of 2px"
      RenderTable {TABLE} at (0,21) size 97x62 [border: (1px outset #808080)]
        RenderTableSection {TBODY} at (1,1) size 95x60
          RenderTableRow {TR} at (0,2) size 95x29
            RenderTableCell {TD} at (2,2) size 41x29 [border: (3px inset #000000)] [r=0 c=0 rs=1 cs=1]
              RenderText {#text} at (4,4) size 33x21
                text run at (4,4) width 33: "AAA"
            RenderTableCell {TD} at (45,4) size 48x25 [border: (1px inset #808080)] [r=0 c=1 rs=1 cs=1]
              RenderText {#text} at (2,2) size 44x21
                text run at (2,2) width 44: "BBBB"
          RenderTableRow {TR} at (0,33) size 95x25
            RenderTableCell {TD} at (2,33) size 41x25 [border: (1px inset #808080)] [r=1 c=0 rs=1 cs=1]
              RenderText {#text} at (2,2) size 33x21
                text run at (2,2) width 33: "AAA"
            RenderTableCell {TD} at (45,33) size 48x25 [border: (1px inset #808080)] [r=1 c=1 rs=1 cs=1]
              RenderText {#text} at (2,2) size 44x21
                text run at (2,2) width 44: "BBBB"
      RenderBlock (anonymous) at (0,83) size 784x42
        RenderBR {BR} at (0,0) size 0x21
        RenderText {#text} at (0,21) size 297x21
          text run at (0,21) width 297: "This table should have cell spacing of 5px"
      RenderTable {TABLE} at (0,125) size 102x67 [border: (1px outset #808080)]
        RenderTableSection {TBODY} at (1,1) size 100x65
          RenderTableRow {TR} at (0,5) size 100x25
            RenderTableCell {TD} at (5,5) size 37x25 [border: (1px inset #808080)] [r=0 c=0 rs=1 cs=1]
              RenderText {#text} at (2,2) size 33x21
                text run at (2,2) width 33: "AAA"
            RenderTableCell {TD} at (47,5) size 48x25 [border: (1px inset #808080)] [r=0 c=1 rs=1 cs=1]
              RenderText {#text} at (2,2) size 44x21
                text run at (2,2) width 44: "BBBB"
          RenderTableRow {TR} at (0,35) size 100x25
            RenderTableCell {TD} at (5,35) size 37x25 [border: (1px inset #808080)] [r=1 c=0 rs=1 cs=1]
              RenderText {#text} at (2,2) size 33x21
                text run at (2,2) width 33: "AAA"
            RenderTableCell {TD} at (47,35) size 48x25 [border: (1px inset #808080)] [r=1 c=1 rs=1 cs=1]
              RenderText {#text} at (2,2) size 44x21
                text run at (2,2) width 44: "BBBB"
      RenderBlock (anonymous) at (0,192) size 784x42
        RenderBR {BR} at (0,0) size 0x21
        RenderText {#text} at (0,21) size 439x21
          text run at (0,21) width 439: "This table should have cell spacingX of 5px, spacingY of 10px"
      RenderTable {TABLE} at (0,234) size 102x82 [border: (1px outset #808080)]
        RenderTableSection {TBODY} at (1,1) size 100x80
          RenderTableRow {TR} at (0,10) size 100x25
            RenderTableCell {TD} at (5,10) size 37x25 [border: (1px inset #808080)] [r=0 c=0 rs=1 cs=1]
              RenderText {#text} at (2,2) size 33x21
                text run at (2,2) width 33: "AAA"
            RenderTableCell {TD} at (47,10) size 48x25 [border: (1px inset #808080)] [r=0 c=1 rs=1 cs=1]
              RenderText {#text} at (2,2) size 44x21
                text run at (2,2) width 44: "BBBB"
          RenderTableRow {TR} at (0,45) size 100x25
            RenderTableCell {TD} at (5,45) size 37x25 [border: (1px inset #808080)] [r=1 c=0 rs=1 cs=1]
              RenderText {#text} at (2,2) size 33x21
                text run at (2,2) width 33: "AAA"
            RenderTableCell {TD} at (47,45) size 48x25 [border: (1px inset #808080)] [r=1 c=1 rs=1 cs=1]
              RenderText {#text} at (2,2) size 44x21
                text run at (2,2) width 44: "BBBB"
      RenderBlock (anonymous) at (0,316) size 784x42
        RenderBR {BR} at (0,0) size 0x21
        RenderText {#text} at (0,21) size 439x21
          text run at (0,21) width 439: "This table should have cell spacingX of 5px, spacingY of 10px"
      RenderTable {TABLE} at (0,358) size 102x82 [border: (1px outset #808080)]
        RenderTableSection {TBODY} at (1,1) size 100x80
          RenderTableRow {TR} at (0,10) size 100x25
            RenderTableCell {TD} at (5,10) size 37x25 [border: (1px inset #808080)] [r=0 c=0 rs=1 cs=1]
              RenderText {#text} at (2,2) size 33x21
                text run at (2,2) width 33: "AAA"
            RenderTableCell {TD} at (47,10) size 48x25 [border: (1px inset #808080)] [r=0 c=1 rs=1 cs=1]
              RenderText {#text} at (2,2) size 44x21
                text run at (2,2) width 44: "BBBB"
          RenderTableRow {TR} at (0,45) size 100x25
            RenderTableCell {TD} at (5,45) size 37x25 [border: (1px inset #808080)] [r=1 c=0 rs=1 cs=1]
              RenderText {#text} at (2,2) size 33x21
                text run at (2,2) width 33: "AAA"
            RenderTableCell {TD} at (47,45) size 48x25 [border: (1px inset #808080)] [r=1 c=1 rs=1 cs=1]
              RenderText {#text} at (2,2) size 44x21
                text run at (2,2) width 44: "BBBB"
