layer at (0,0) size 800x600
  RenderView at (0,0) size 800x600
layer at (0,0) size 800x600
  RenderBlock {HTML} at (0,0) size 800x600
    RenderBody {BODY} at (8,8) size 784x584 [bgcolor=#FFFFFF]
      RenderTable {TABLE} at (0,0) size 50x158
        RenderTableSection {TBODY} at (0,0) size 50x158
          RenderTableRow {TR} at (0,2) size 50x24
            RenderTableCell {TD} at (2,2) size 46x24 [r=0 c=0 rs=1 cs=1]
              RenderText {#text} at (1,1) size 44x22
                text run at (1,1) width 44: "Row 0"
          RenderTableRow {TR} at (0,28) size 50x24
            RenderTableCell {TD} at (2,28) size 46x24 [r=1 c=0 rs=1 cs=1]
              RenderText {#text} at (1,1) size 44x22
                text run at (1,1) width 44: "Row 1"
          RenderTableRow {TR} at (0,54) size 50x24
            RenderTableCell {TD} at (2,54) size 46x24 [r=2 c=0 rs=1 cs=1]
              RenderText {#text} at (1,1) size 44x22
                text run at (1,1) width 44: "Row 2"
          RenderTableRow {TR} at (0,80) size 50x24
            RenderTableCell {TD} at (2,80) size 46x24 [r=3 c=0 rs=1 cs=1]
              RenderText {#text} at (1,1) size 44x22
                text run at (1,1) width 44: "Row 3"
          RenderTableRow {TR} at (0,106) size 50x24
            RenderTableCell {TD} at (2,106) size 46x24 [r=4 c=0 rs=1 cs=1]
              RenderText {#text} at (1,1) size 44x22
                text run at (1,1) width 44: "Row 4"
          RenderTableRow {TR} at (0,132) size 50x24
            RenderTableCell {TD} at (2,132) size 46x24 [r=5 c=0 rs=1 cs=1]
              RenderText {#text} at (1,1) size 44x22
                text run at (1,1) width 44: "Row 5"
      RenderBlock (anonymous) at (0,158) size 784x38
        RenderTextControl {INPUT} at (2,6) size 14x26
        RenderText {#text} at (18,8) size 4x22
          text run at (18,8) width 4: " "
        RenderTextControl {INPUT} at (24,6) size 14x26
        RenderText {#text} at (40,8) size 4x22
          text run at (40,8) width 4: " "
        RenderButton {INPUT} at (46,2) size 28x34 [bgcolor=#C0C0C0]
          RenderBlock (anonymous) at (6,6) size 16x22
            RenderText at (0,0) size 16x22
              text run at (0,0) width 16: "go"
        RenderText {#text} at (0,0) size 0x0
layer at (12,174) size 10x22
  RenderBlock {DIV} at (2,2) size 10x22
    RenderText {#text} at (1,0) size 8x22
      text run at (1,0) width 8: "2"
layer at (34,174) size 10x22
  RenderBlock {DIV} at (2,2) size 10x22
    RenderText {#text} at (1,0) size 8x22
      text run at (1,0) width 8: "4"
