layer at (0,0) size 800x600
  RenderView at (0,0) size 800x600
layer at (0,0) size 800x600
  RenderBlock {HTML} at (0,0) size 800x600
    RenderBody {BODY} at (0,0) size 800x600 [bgcolor=#FFFFFF]
      RenderBlock (anonymous) at (0,0) size 800x0
        RenderInline {SPAN} at (0,0) size 0x0
          RenderText {#text} at (0,0) size 0x0
          RenderInline {TDX} at (0,0) size 0x0
            RenderInline {IMGX} at (0,0) size 0x0
      RenderBlock (anonymous) at (0,0) size 800x80
        RenderTable {TABLE} at (0,0) size 800x80 [bgcolor=#FFFFFF]
          RenderTableSection {TBODY} at (0,0) size 800x80
            RenderTableRow {TR} at (0,0) size 800x20
              RenderTableCell {TD} at (0,0) size 352x60 [r=0 c=0 rs=2 cs=1]
                RenderInline {A} at (0,0) size 250x19 [color=#003399]
                  RenderImage {IMG} at (0,0) size 250x60
              RenderTableCell {TD} at (352,0) size 25x20 [r=0 c=1 rs=1 cs=1]
                RenderImage {IMG} at (7,0) size 18x20
              RenderTableCell {TD} at (377,3) size 423x13 [bgcolor=#000000] [r=0 c=2 rs=1 cs=2]
                RenderInline {FONT} at (0,0) size 300x13 [color=#FFFFFF]
                  RenderText {#text} at (0,0) size 0x0
                  RenderInline {B} at (0,0) size 300x13
                    RenderText {#text} at (123,0) size 6x13
                      text run at (123,0) width 6: "  "
                    RenderInline {A} at (0,0) size 60x13
                      RenderInline {FONT} at (0,0) size 60x13
                        RenderText {#text} at (129,0) size 60x13
                          text run at (129,0) width 60: "All Products"
                    RenderText {#text} at (189,0) size 6x13
                      text run at (189,0) width 6: "  "
                    RenderInline {FONT} at (0,0) size 3x13
                      RenderText {#text} at (195,0) size 3x13
                        text run at (195,0) width 3: "|"
                    RenderText {#text} at (198,0) size 9x13
                      text run at (198,0) width 3: " "
                      text run at (201,0) width 6: "  "
                    RenderInline {A} at (0,0) size 38x13
                      RenderInline {FONT} at (0,0) size 38x13
                        RenderText {#text} at (207,0) size 38x13
                          text run at (207,0) width 38: "Support"
                    RenderText {#text} at (245,0) size 6x13
                      text run at (245,0) width 6: "  "
                    RenderInline {FONT} at (0,0) size 3x13
                      RenderText {#text} at (251,0) size 3x13
                        text run at (251,0) width 3: "|"
                    RenderText {#text} at (254,0) size 9x13
                      text run at (254,0) width 3: " "
                      text run at (257,0) width 6: "  "
                    RenderInline {A} at (0,0) size 35x13
                      RenderInline {FONT} at (0,0) size 35x13
                        RenderText {#text} at (263,0) size 35x13
                          text run at (263,0) width 35: "Search"
                    RenderText {#text} at (298,0) size 6x13
                      text run at (298,0) width 6: "  "
                    RenderInline {FONT} at (0,0) size 3x13
                      RenderText {#text} at (304,0) size 3x13
                        text run at (304,0) width 3: "|"
                    RenderText {#text} at (307,0) size 9x13
                      text run at (307,0) width 3: " "
                      text run at (310,0) width 6: "  "
                    RenderInline {A} at (0,0) size 101x13
                      RenderInline {FONT} at (0,0) size 101x13
                        RenderText {#text} at (316,0) size 101x13
                          text run at (316,0) width 101: "microsoft.com Home"
                    RenderText {#text} at (417,0) size 6x13
                      text run at (417,0) width 6: "  "
                  RenderText {#text} at (0,0) size 0x0
            RenderTableRow {TR} at (0,20) size 800x40
              RenderTableCell {TD} at (352,20) size 448x40 [r=1 c=1 rs=1 cs=2]
                RenderInline {A} at (0,0) size 112x19 [color=#003399]
                  RenderImage {IMG} at (336,0) size 112x40
            RenderTableRow {TR} at (0,60) size 800x20
              RenderTableCell {TD} at (0,63) size 800x13 [bgcolor=#6699CC] [r=2 c=0 rs=1 cs=4]
                RenderInline {FONT} at (0,0) size 501x13 [color=#FFFFFF]
                  RenderInline {B} at (0,0) size 501x13
                    RenderText {#text} at (0,0) size 6x13
                      text run at (0,0) width 6: "  "
                    RenderInline {A} at (0,0) size 28x13
                      RenderInline {FONT} at (0,0) size 28x13
                        RenderText {#text} at (6,0) size 28x13
                          text run at (6,0) width 28: "Home"
                    RenderText {#text} at (34,0) size 6x13
                      text run at (34,0) width 6: "  "
                    RenderInline {FONT} at (0,0) size 3x13
                      RenderText {#text} at (40,0) size 3x13
                        text run at (40,0) width 3: "|"
                    RenderText {#text} at (43,0) size 9x13
                      text run at (43,0) width 3: " "
                      text run at (46,0) width 6: "  "
                    RenderInline {A} at (0,0) size 34x13
                      RenderInline {FONT} at (0,0) size 34x13
                        RenderText {#text} at (52,0) size 34x13
                          text run at (52,0) width 34: "Events"
                    RenderText {#text} at (86,0) size 6x13
                      text run at (86,0) width 6: "  "
                    RenderInline {FONT} at (0,0) size 3x13
                      RenderText {#text} at (92,0) size 3x13
                        text run at (92,0) width 3: "|"
                    RenderText {#text} at (95,0) size 9x13
                      text run at (95,0) width 3: " "
                      text run at (98,0) width 6: "  "
                    RenderInline {A} at (0,0) size 39x13
                      RenderInline {FONT} at (0,0) size 39x13
                        RenderText {#text} at (104,0) size 39x13
                          text run at (104,0) width 39: "Training"
                    RenderText {#text} at (143,0) size 6x13
                      text run at (143,0) width 6: "  "
                    RenderInline {FONT} at (0,0) size 3x13
                      RenderText {#text} at (149,0) size 3x13
                        text run at (149,0) width 3: "|"
                    RenderText {#text} at (152,0) size 9x13
                      text run at (152,0) width 3: " "
                      text run at (155,0) width 6: "  "
                    RenderInline {A} at (0,0) size 54x13
                      RenderInline {FONT} at (0,0) size 54x13
                        RenderText {#text} at (161,0) size 54x13
                          text run at (161,0) width 54: "Downloads"
                    RenderText {#text} at (215,0) size 6x13
                      text run at (215,0) width 6: "  "
                    RenderInline {FONT} at (0,0) size 3x13
                      RenderText {#text} at (221,0) size 3x13
                        text run at (221,0) width 3: "|"
                    RenderText {#text} at (224,0) size 9x13
                      text run at (224,0) width 3: " "
                      text run at (227,0) width 6: "  "
                    RenderInline {A} at (0,0) size 58x13
                      RenderInline {FONT} at (0,0) size 58x13
                        RenderText {#text} at (233,0) size 58x13
                          text run at (233,0) width 58: "Newsletters"
                    RenderText {#text} at (291,0) size 6x13
                      text run at (291,0) width 6: "  "
                    RenderInline {FONT} at (0,0) size 3x13
                      RenderText {#text} at (297,0) size 3x13
                        text run at (297,0) width 3: "|"
                    RenderText {#text} at (300,0) size 9x13
                      text run at (300,0) width 3: " "
                      text run at (303,0) width 6: "  "
                    RenderInline {A} at (0,0) size 94x13
                      RenderInline {FONT} at (0,0) size 94x13
                        RenderText {#text} at (309,0) size 94x13
                          text run at (309,0) width 94: "U.S. & International"
                    RenderText {#text} at (403,0) size 6x13
                      text run at (403,0) width 6: "  "
                    RenderInline {FONT} at (0,0) size 3x13
                      RenderText {#text} at (409,0) size 3x13
                        text run at (409,0) width 3: "|"
                    RenderText {#text} at (412,0) size 9x13
                      text run at (412,0) width 3: " "
                      text run at (415,0) width 6: "  "
                    RenderInline {A} at (0,0) size 71x13
                      RenderInline {FONT} at (0,0) size 71x13
                        RenderText {#text} at (421,0) size 71x13
                          text run at (421,0) width 71: "About Our Site"
                    RenderText {#text} at (492,0) size 6x13
                      text run at (492,0) width 6: "  "
                    RenderInline {FONT} at (0,0) size 3x13
                      RenderText {#text} at (498,0) size 3x13
                        text run at (498,0) width 3: "|"
                    RenderText {#text} at (0,0) size 0x0
      RenderBlock (anonymous) at (0,80) size 800x0
        RenderInline {SPAN} at (0,0) size 0x0
