layer at (0,0) size 800x600
  RenderView at (0,0) size 800x600
layer at (0,0) size 800x600
  RenderBlock {HTML} at (0,0) size 800x600
    RenderBody {BODY} at (8,8) size 784x584
      RenderTable {TABLE} at (0,0) size 784x476
        RenderTableSection {TBODY} at (0,0) size 784x476
          RenderTableRow {TR} at (0,0) size 784x14
            RenderTableCell {TD} at (0,0) size 7x14 [bgcolor=#FDFDFB] [r=0 c=0 rs=1 cs=1]
              RenderInline {FONT} at (0,0) size 3x14
                RenderText {#text} at (0,0) size 3x14
                  text run at (0,0) width 3: " "
            RenderTableCell {TD} at (7,0) size 7x14 [bgcolor=#FDFDFB] [r=0 c=1 rs=1 cs=1]
              RenderInline {FONT} at (0,0) size 3x14
                RenderText {#text} at (0,0) size 3x14
                  text run at (0,0) width 3: " "
            RenderTableCell {TD} at (14,0) size 7x14 [bgcolor=#FDFDFB] [r=0 c=2 rs=1 cs=1]
              RenderInline {FONT} at (0,0) size 3x14
                RenderText {#text} at (0,0) size 3x14
                  text run at (0,0) width 3: " "
            RenderTableCell {TD} at (21,0) size 7x14 [bgcolor=#FDFDFB] [r=0 c=3 rs=1 cs=1]
              RenderInline {FONT} at (0,0) size 3x14
                RenderText {#text} at (0,0) size 3x14
                  text run at (0,0) width 3: " "
            RenderTableCell {TD} at (28,0) size 7x14 [bgcolor=#FDFDFB] [r=0 c=4 rs=1 cs=1]
              RenderInline {FONT} at (0,0) size 3x14
                RenderText {#text} at (0,0) size 3x14
                  text run at (0,0) width 3: " "
            RenderTableCell {TD} at (35,0) size 7x14 [bgcolor=#FDFDFB] [r=0 c=5 rs=1 cs=1]
              RenderInline {FONT} at (0,0) size 3x14
                RenderText {#text} at (0,0) size 3x14
                  text run at (0,0) width 3: " "
            RenderTableCell {TD} at (42,0) size 7x14 [bgcolor=#FDFDFB] [r=0 c=6 rs=1 cs=1]
              RenderInline {FONT} at (0,0) size 3x14
                RenderText {#text} at (0,0) size 3x14
                  text run at (0,0) width 3: " "
            RenderTableCell {TD} at (49,0) size 7x14 [bgcolor=#FDFDFB] [r=0 c=7 rs=1 cs=1]
              RenderInline {FONT} at (0,0) size 3x14
                RenderText {#text} at (0,0) size 3x14
                  text run at (0,0) width 3: " "
            RenderTableCell {TD} at (56,0) size 7x14 [bgcolor=#FDFDFB] [r=0 c=8 rs=1 cs=1]
              RenderInline {FONT} at (0,0) size 3x14
                RenderText {#text} at (0,0) size 3x14
                  text run at (0,0) width 3: " "
            RenderTableCell {TD} at (63,0) size 7x14 [bgcolor=#FDFDFB] [r=0 c=9 rs=1 cs=1]
              RenderInline {FONT} at (0,0) size 3x14
                RenderText {#text} at (0,0) size 3x14
                  text run at (0,0) width 3: " "
            RenderTableCell {TD} at (70,0) size 7x14 [bgcolor=#CADEDD] [r=0 c=10 rs=1 cs=1]
              RenderInline {FONT} at (0,0) size 3x14
                RenderText {#text} at (0,0) size 3x14
                  text run at (0,0) width 3: " "
            RenderTableCell {TD} at (77,0) size 7x14 [bgcolor=#97C1C0] [r=0 c=11 rs=1 cs=1]
              RenderInline {FONT} at (0,0) size 3x14
                RenderText {#text} at (0,0) size 3x14
                  text run at (0,0) width 3: " "
            RenderTableCell {TD} at (84,0) size 7x14 [bgcolor=#5CADAE] [r=0 c=12 rs=1 cs=1]
              RenderInline {FONT} at (0,0) size 3x14
                RenderText {#text} at (0,0) size 3x14
                  text run at (0,0) width 3: " "
            RenderTableCell {TD} at (91,0) size 7x14 [bgcolor=#048485] [r=0 c=13 rs=1 cs=1]
              RenderInline {FONT} at (0,0) size 3x14
                RenderText {#text} at (0,0) size 3x14
                  text run at (0,0) width 3: " "
            RenderTableCell {TD} at (98,0) size 7x14 [bgcolor=#048485] [r=0 c=14 rs=1 cs=1]
              RenderInline {FONT} at (0,0) size 3x14
                RenderText {#text} at (0,0) size 3x14
                  text run at (0,0) width 3: " "
            RenderTableCell {TD} at (105,0) size 7x14 [bgcolor=#027777] [r=0 c=15 rs=1 cs=1]
              RenderInline {FONT} at (0,0) size 3x14
                RenderText {#text} at (0,0) size 3x14
                  text run at (0,0) width 3: " "
            RenderTableCell {TD} at (112,0) size 8x14 [bgcolor=#027777] [r=0 c=16 rs=1 cs=1]
              RenderInline {FONT} at (0,0) size 3x14
                RenderText {#text} at (0,0) size 3x14
                  text run at (0,0) width 3: " "
            RenderTableCell {TD} at (120,0) size 8x14 [bgcolor=#027777] [r=0 c=17 rs=1 cs=1]
              RenderInline {FONT} at (0,0) size 3x14
                RenderText {#text} at (0,0) size 3x14
                  text run at (0,0) width 3: " "
            RenderTableCell {TD} at (128,0) size 8x14 [bgcolor=#027777] [r=0 c=18 rs=1 cs=1]
              RenderInline {FONT} at (0,0) size 3x14
                RenderText {#text} at (0,0) size 3x14
                  text run at (0,0) width 3: " "
            RenderTableCell {TD} at (136,0) size 8x14 [bgcolor=#027777] [r=0 c=19 rs=1 cs=1]
              RenderInline {FONT} at (0,0) size 3x14
                RenderText {#text} at (0,0) size 3x14
                  text run at (0,0) width 3: " "
            RenderTableCell {TD} at (144,0) size 8x14 [bgcolor=#1B8685] [r=0 c=20 rs=1 cs=1]
              RenderInline {FONT} at (0,0) size 3x14
                RenderText {#text} at (0,0) size 3x14
                  text run at (0,0) width 3: " "
            RenderTableCell {TD} at (152,0) size 8x14 [bgcolor=#60A2A3] [r=0 c=21 rs=1 cs=1]
              RenderInline {FONT} at (0,0) size 3x14
                RenderText {#text} at (0,0) size 3x14
                  text run at (0,0) width 3: " "
            RenderTableCell {TD} at (160,0) size 8x14 [bgcolor=#8DB7B6] [r=0 c=22 rs=1 cs=1]
              RenderInline {FONT} at (0,0) size 3x14
                RenderText {#text} at (0,0) size 3x14
                  text run at (0,0) width 3: " "
            RenderTableCell {TD} at (168,0) size 8x14 [bgcolor=#CADEDD] [r=0 c=23 rs=1 cs=1]
              RenderInline {FONT} at (0,0) size 3x14
                RenderText {#text} at (0,0) size 3x14
                  text run at (0,0) width 3: " "
            RenderTableCell {TD} at (176,0) size 8x14 [bgcolor=#EDEEEF] [r=0 c=24 rs=1 cs=1]
              RenderInline {FONT} at (0,0) size 3x14
                RenderText {#text} at (0,0) size 3x14
                  text run at (0,0) width 3: " "
            RenderTableCell {TD} at (184,0) size 8x14 [bgcolor=#FDFDFB] [r=0 c=25 rs=1 cs=1]
              RenderInline {FONT} at (0,0) size 3x14
                RenderText {#text} at (0,0) size 3x14
                  text run at (0,0) width 3: " "
            RenderTableCell {TD} at (192,0) size 8x14 [bgcolor=#FDFDFB] [r=0 c=26 rs=1 cs=1]
              RenderInline {FONT} at (0,0) size 3x14
                RenderText {#text} at (0,0) size 3x14
                  text run at (0,0) width 3: " "
            RenderTableCell {TD} at (200,0) size 8x14 [bgcolor=#FDFDFB] [r=0 c=27 rs=1 cs=1]
              RenderInline {FONT} at (0,0) size 3x14
                RenderText {#text} at (0,0) size 3x14
                  text run at (0,0) width 3: " "
            RenderTableCell {TD} at (208,0) size 8x14 [bgcolor=#FDFDFB] [r=0 c=28 rs=1 cs=1]
              RenderInline {FONT} at (0,0) size 3x14
                RenderText {#text} at (0,0) size 3x14
                  text run at (0,0) width 3: " "
            RenderTableCell {TD} at (216,0) size 8x14 [bgcolor=#FDFDFB] [r=0 c=29 rs=1 cs=1]
              RenderInline {FONT} at (0,0) size 3x14
                RenderText {#text} at (0,0) size 3x14
                  text run at (0,0) width 3: " "
            RenderTableCell {TD} at (224,0) size 8x14 [bgcolor=#FDFDFB] [r=0 c=30 rs=1 cs=1]
              RenderInline {FONT} at (0,0) size 3x14
                RenderText {#text} at (0,0) size 3x14
                  text run at (0,0) width 3: " "
            RenderTableCell {TD} at (232,0) size 8x14 [bgcolor=#FDFDFB] [r=0 c=31 rs=1 cs=1]
              RenderInline {FONT} at (0,0) size 3x14
                RenderText {#text} at (0,0) size 3x14
                  text run at (0,0) width 3: " "
            RenderTableCell {TD} at (240,0) size 8x14 [bgcolor=#FDFDFB] [r=0 c=32 rs=1 cs=1]
              RenderInline {FONT} at (0,0) size 3x14
                RenderText {#text} at (0,0) size 3x14
                  text run at (0,0) width 3: " "
            RenderTableCell {TD} at (248,0) size 8x14 [bgcolor=#FDFDFB] [r=0 c=33 rs=1 cs=1]
              RenderInline {FONT} at (0,0) size 3x14
                RenderText {#text} at (0,0) size 3x14
                  text run at (0,0) width 3: " "
            RenderTableCell {TD} at (256,0) size 8x14 [bgcolor=#FDFDFB] [r=0 c=34 rs=1 cs=1]
              RenderInline {FONT} at (0,0) size 3x14
                RenderText {#text} at (0,0) size 3x14
                  text run at (0,0) width 3: " "
            RenderTableCell {TD} at (264,0) size 8x14 [bgcolor=#FDFDFB] [r=0 c=35 rs=1 cs=1]
              RenderInline {FONT} at (0,0) size 3x14
                RenderText {#text} at (0,0) size 3x14
                  text run at (0,0) width 3: " "
            RenderTableCell {TD} at (272,0) size 8x14 [bgcolor=#E0EAE9] [r=0 c=36 rs=1 cs=1]
              RenderInline {FONT} at (0,0) size 3x14
                RenderText {#text} at (0,0) size 3x14
                  text run at (0,0) width 3: " "
            RenderTableCell {TD} at (280,0) size 8x14 [bgcolor=#CADEDD] [r=0 c=37 rs=1 cs=1]
              RenderInline {FONT} at (0,0) size 3x14
                RenderText {#text} at (0,0) size 3x14
                  text run at (0,0) width 3: " "
            RenderTableCell {TD} at (288,0) size 8x14 [bgcolor=#CADEDD] [r=0 c=38 rs=1 cs=1]
              RenderInline {FONT} at (0,0) size 3x14
                RenderText {#text} at (0,0) size 3x14
                  text run at (0,0) width 3: " "
            RenderTableCell {TD} at (296,0) size 8x14 [bgcolor=#CADEDD] [r=0 c=39 rs=1 cs=1]
              RenderInline {FONT} at (0,0) size 3x14
                RenderText {#text} at (0,0) size 3x14
                  text run at (0,0) width 3: " "
            RenderTableCell {TD} at (304,0) size 8x14 [bgcolor=#CADEDD] [r=0 c=40 rs=1 cs=1]
              RenderInline {FONT} at (0,0) size 3x14
                RenderText {#text} at (0,0) size 3x14
                  text run at (0,0) width 3: " "
            RenderTableCell {TD} at (312,0) size 8x14 [bgcolor=#CADEDD] [r=0 c=41 rs=1 cs=1]
              RenderInline {FONT} at (0,0) size 3x14
                RenderText {#text} at (0,0) size 3x14
                  text run at (0,0) width 3: " "
            RenderTableCell {TD} at (320,0) size 8x14 [bgcolor=#CADEDD] [r=0 c=42 rs=1 cs=1]
              RenderInline {FONT} at (0,0) size 3x14
                RenderText {#text} at (0,0) size 3x14
                  text run at (0,0) width 3: " "
            RenderTableCell {TD} at (328,0) size 8x14 [bgcolor=#CADEDD] [r=0 c=43 rs=1 cs=1]
              RenderInline {FONT} at (0,0) size 3x14
                RenderText {#text} at (0,0) size 3x14
                  text run at (0,0) width 3: " "
            RenderTableCell {TD} at (336,0) size 8x14 [bgcolor=#CADEDD] [r=0 c=44 rs=1 cs=1]
              RenderInline {FONT} at (0,0) size 3x14
                RenderText {#text} at (0,0) size 3x14
                  text run at (0,0) width 3: " "
            RenderTableCell {TD} at (344,0) size 8x14 [bgcolor=#CADEDD] [r=0 c=45 rs=1 cs=1]
              RenderInline {FONT} at (0,0) size 3x14
                RenderText {#text} at (0,0) size 3x14
                  text run at (0,0) width 3: " "
            RenderTableCell {TD} at (352,0) size 8x14 [bgcolor=#CADEDD] [r=0 c=46 rs=1 cs=1]
              RenderInline {FONT} at (0,0) size 3x14
                RenderText {#text} at (0,0) size 3x14
                  text run at (0,0) width 3: " "
            RenderTableCell {TD} at (360,0) size 8x14 [bgcolor=#CADEDD] [r=0 c=47 rs=1 cs=1]
              RenderInline {FONT} at (0,0) size 3x14
                RenderText {#text} at (0,0) size 3x14
                  text run at (0,0) width 3: " "
            RenderTableCell {TD} at (368,0) size 8x14 [bgcolor=#CADEDD] [r=0 c=48 rs=1 cs=1]
              RenderInline {FONT} at (0,0) size 3x14
                RenderText {#text} at (0,0) size 3x14
                  text run at (0,0) width 3: " "
            RenderTableCell {TD} at (376,0) size 8x14 [bgcolor=#CADEDD] [r=0 c=49 rs=1 cs=1]
              RenderInline {FONT} at (0,0) size 3x14
                RenderText {#text} at (0,0) size 3x14
                  text run at (0,0) width 3: " "
            RenderTableCell {TD} at (384,0) size 8x14 [bgcolor=#CADEDD] [r=0 c=50 rs=1 cs=1]
              RenderInline {FONT} at (0,0) size 3x14
                RenderText {#text} at (0,0) size 3x14
                  text run at (0,0) width 3: " "
            RenderTableCell {TD} at (392,0) size 8x14 [bgcolor=#CADEDD] [r=0 c=51 rs=1 cs=1]
              RenderInline {FONT} at (0,0) size 3x14
                RenderText {#text} at (0,0) size 3x14
                  text run at (0,0) width 3: " "
            RenderTableCell {TD} at (400,0) size 8x14 [bgcolor=#EDEEEF] [r=0 c=52 rs=1 cs=1]
              RenderInline {FONT} at (0,0) size 3x14
                RenderText {#text} at (0,0) size 3x14
                  text run at (0,0) width 3: " "
            RenderTableCell {TD} at (408,0) size 8x14 [bgcolor=#FDFDFB] [r=0 c=53 rs=1 cs=1]
              RenderInline {FONT} at (0,0) size 3x14
                RenderText {#text} at (0,0) size 3x14
                  text run at (0,0) width 3: " "
            RenderTableCell {TD} at (416,0) size 8x14 [bgcolor=#FDFDFB] [r=0 c=54 rs=1 cs=1]
              RenderInline {FONT} at (0,0) size 3x14
                RenderText {#text} at (0,0) size 3x14
                  text run at (0,0) width 3: " "
            RenderTableCell {TD} at (424,0) size 8x14 [bgcolor=#E0EAE9] [r=0 c=55 rs=1 cs=1]
              RenderInline {FONT} at (0,0) size 3x14
                RenderText {#text} at (0,0) size 3x14
                  text run at (0,0) width 3: " "
            RenderTableCell {TD} at (432,0) size 8x14 [bgcolor=#CADEDD] [r=0 c=56 rs=1 cs=1]
              RenderInline {FONT} at (0,0) size 3x14
                RenderText {#text} at (0,0) size 3x14
                  text run at (0,0) width 3: " "
            RenderTableCell {TD} at (440,0) size 8x14 [bgcolor=#EDEEEF] [r=0 c=57 rs=1 cs=1]
              RenderInline {FONT} at (0,0) size 3x14
                RenderText {#text} at (0,0) size 3x14
                  text run at (0,0) width 3: " "
            RenderTableCell {TD} at (448,0) size 8x14 [bgcolor=#FDFDFB] [r=0 c=58 rs=1 cs=1]
              RenderInline {FONT} at (0,0) size 3x14
                RenderText {#text} at (0,0) size 3x14
                  text run at (0,0) width 3: " "
            RenderTableCell {TD} at (456,0) size 8x14 [bgcolor=#FDFDFB] [r=0 c=59 rs=1 cs=1]
              RenderInline {FONT} at (0,0) size 3x14
                RenderText {#text} at (0,0) size 3x14
                  text run at (0,0) width 3: " "
            RenderTableCell {TD} at (464,0) size 8x14 [bgcolor=#FDFDFB] [r=0 c=60 rs=1 cs=1]
              RenderInline {FONT} at (0,0) size 3x14
                RenderText {#text} at (0,0) size 3x14
                  text run at (0,0) width 3: " "
            RenderTableCell {TD} at (472,0) size 8x14 [bgcolor=#FDFDFB] [r=0 c=61 rs=1 cs=1]
              RenderInline {FONT} at (0,0) size 3x14
                RenderText {#text} at (0,0) size 3x14
                  text run at (0,0) width 3: " "
            RenderTableCell {TD} at (480,0) size 8x14 [bgcolor=#FDFDFB] [r=0 c=62 rs=1 cs=1]
              RenderInline {FONT} at (0,0) size 3x14
                RenderText {#text} at (0,0) size 3x14
                  text run at (0,0) width 3: " "
            RenderTableCell {TD} at (488,0) size 8x14 [bgcolor=#FDFDFB] [r=0 c=63 rs=1 cs=1]
              RenderInline {FONT} at (0,0) size 3x14
                RenderText {#text} at (0,0) size 3x14
                  text run at (0,0) width 3: " "
            RenderTableCell {TD} at (496,0) size 8x14 [bgcolor=#FDFDFB] [r=0 c=64 rs=1 cs=1]
              RenderInline {FONT} at (0,0) size 3x14
                RenderText {#text} at (0,0) size 3x14
                  text run at (0,0) width 3: " "
            RenderTableCell {TD} at (504,0) size 8x14 [bgcolor=#FDFDFB] [r=0 c=65 rs=1 cs=1]
              RenderInline {FONT} at (0,0) size 3x14
                RenderText {#text} at (0,0) size 3x14
                  text run at (0,0) width 3: " "
            RenderTableCell {TD} at (512,0) size 8x14 [bgcolor=#FDFDFB] [r=0 c=66 rs=1 cs=1]
              RenderInline {FONT} at (0,0) size 3x14
                RenderText {#text} at (0,0) size 3x14
                  text run at (0,0) width 3: " "
            RenderTableCell {TD} at (520,0) size 8x14 [bgcolor=#FDFDFB] [r=0 c=67 rs=1 cs=1]
              RenderInline {FONT} at (0,0) size 3x14
                RenderText {#text} at (0,0) size 3x14
                  text run at (0,0) width 3: " "
            RenderTableCell {TD} at (528,0) size 8x14 [bgcolor=#FDFDFB] [r=0 c=68 rs=1 cs=1]
              RenderInline {FONT} at (0,0) size 3x14
                RenderText {#text} at (0,0) size 3x14
                  text run at (0,0) width 3: " "
            RenderTableCell {TD} at (536,0) size 8x14 [bgcolor=#FDFDFB] [r=0 c=69 rs=1 cs=1]
              RenderInline {FONT} at (0,0) size 3x14
                RenderText {#text} at (0,0) size 3x14
                  text run at (0,0) width 3: " "
            RenderTableCell {TD} at (544,0) size 8x14 [bgcolor=#FDFDFB] [r=0 c=70 rs=1 cs=1]
              RenderInline {FONT} at (0,0) size 3x14
                RenderText {#text} at (0,0) size 3x14
                  text run at (0,0) width 3: " "
            RenderTableCell {TD} at (552,0) size 8x14 [bgcolor=#FDFDFB] [r=0 c=71 rs=1 cs=1]
              RenderInline {FONT} at (0,0) size 3x14
                RenderText {#text} at (0,0) size 3x14
                  text run at (0,0) width 3: " "
            RenderTableCell {TD} at (560,0) size 8x14 [bgcolor=#EDEEEF] [r=0 c=72 rs=1 cs=1]
              RenderInline {FONT} at (0,0) size 3x14
                RenderText {#text} at (0,0) size 3x14
                  text run at (0,0) width 3: " "
            RenderTableCell {TD} at (568,0) size 8x14 [bgcolor=#EDEEEF] [r=0 c=73 rs=1 cs=1]
              RenderInline {FONT} at (0,0) size 3x14
                RenderText {#text} at (0,0) size 3x14
                  text run at (0,0) width 3: " "
            RenderTableCell {TD} at (576,0) size 8x14 [bgcolor=#E0EAE9] [r=0 c=74 rs=1 cs=1]
              RenderInline {FONT} at (0,0) size 3x14
                RenderText {#text} at (0,0) size 3x14
                  text run at (0,0) width 3: " "
            RenderTableCell {TD} at (584,0) size 8x14 [bgcolor=#CADEDD] [r=0 c=75 rs=1 cs=1]
              RenderInline {FONT} at (0,0) size 3x14
                RenderText {#text} at (0,0) size 3x14
                  text run at (0,0) width 3: " "
            RenderTableCell {TD} at (592,0) size 8x14 [bgcolor=#CADEDD] [r=0 c=76 rs=1 cs=1]
              RenderInline {FONT} at (0,0) size 3x14
                RenderText {#text} at (0,0) size 3x14
                  text run at (0,0) width 3: " "
            RenderTableCell {TD} at (600,0) size 8x14 [bgcolor=#CADEDD] [r=0 c=77 rs=1 cs=1]
              RenderInline {FONT} at (0,0) size 3x14
                RenderText {#text} at (0,0) size 3x14
                  text run at (0,0) width 3: " "
            RenderTableCell {TD} at (608,0) size 8x14 [bgcolor=#CADEDD] [r=0 c=78 rs=1 cs=1]
              RenderInline {FONT} at (0,0) size 3x14
                RenderText {#text} at (0,0) size 3x14
                  text run at (0,0) width 3: " "
            RenderTableCell {TD} at (616,0) size 8x14 [bgcolor=#CADEDD] [r=0 c=79 rs=1 cs=1]
              RenderInline {FONT} at (0,0) size 3x14
                RenderText {#text} at (0,0) size 3x14
                  text run at (0,0) width 3: " "
            RenderTableCell {TD} at (624,0) size 8x14 [bgcolor=#CADEDD] [r=0 c=80 rs=1 cs=1]
              RenderInline {FONT} at (0,0) size 3x14
                RenderText {#text} at (0,0) size 3x14
                  text run at (0,0) width 3: " "
            RenderTableCell {TD} at (632,0) size 8x14 [bgcolor=#CADEDD] [r=0 c=81 rs=1 cs=1]
              RenderInline {FONT} at (0,0) size 3x14
                RenderText {#text} at (0,0) size 3x14
                  text run at (0,0) width 3: " "
            RenderTableCell {TD} at (640,0) size 8x14 [bgcolor=#CADEDD] [r=0 c=82 rs=1 cs=1]
              RenderInline {FONT} at (0,0) size 3x14
                RenderText {#text} at (0,0) size 3x14
                  text run at (0,0) width 3: " "
            RenderTableCell {TD} at (648,0) size 8x14 [bgcolor=#CADEDD] [r=0 c=83 rs=1 cs=1]
              RenderInline {FONT} at (0,0) size 3x14
                RenderText {#text} at (0,0) size 3x14
                  text run at (0,0) width 3: " "
            RenderTableCell {TD} at (656,0) size 8x14 [bgcolor=#CADEDD] [r=0 c=84 rs=1 cs=1]
              RenderInline {FONT} at (0,0) size 3x14
                RenderText {#text} at (0,0) size 3x14
                  text run at (0,0) width 3: " "
            RenderTableCell {TD} at (664,0) size 8x14 [bgcolor=#CADEDD] [r=0 c=85 rs=1 cs=1]
              RenderInline {FONT} at (0,0) size 3x14
                RenderText {#text} at (0,0) size 3x14
                  text run at (0,0) width 3: " "
            RenderTableCell {TD} at (672,0) size 8x14 [bgcolor=#CADEDD] [r=0 c=86 rs=1 cs=1]
              RenderInline {FONT} at (0,0) size 3x14
                RenderText {#text} at (0,0) size 3x14
                  text run at (0,0) width 3: " "
            RenderTableCell {TD} at (680,0) size 8x14 [bgcolor=#CADEDD] [r=0 c=87 rs=1 cs=1]
              RenderInline {FONT} at (0,0) size 3x14
                RenderText {#text} at (0,0) size 3x14
                  text run at (0,0) width 3: " "
            RenderTableCell {TD} at (688,0) size 8x14 [bgcolor=#CADEDD] [r=0 c=88 rs=1 cs=1]
              RenderInline {FONT} at (0,0) size 3x14
                RenderText {#text} at (0,0) size 3x14
                  text run at (0,0) width 3: " "
            RenderTableCell {TD} at (696,0) size 8x14 [bgcolor=#CADEDD] [r=0 c=89 rs=1 cs=1]
              RenderInline {FONT} at (0,0) size 3x14
                RenderText {#text} at (0,0) size 3x14
                  text run at (0,0) width 3: " "
            RenderTableCell {TD} at (704,0) size 8x14 [bgcolor=#CADEDD] [r=0 c=90 rs=1 cs=1]
              RenderInline {FONT} at (0,0) size 3x14
                RenderText {#text} at (0,0) size 3x14
                  text run at (0,0) width 3: " "
            RenderTableCell {TD} at (712,0) size 8x14 [bgcolor=#CADEDD] [r=0 c=91 rs=1 cs=1]
              RenderInline {FONT} at (0,0) size 3x14
                RenderText {#text} at (0,0) size 3x14
                  text run at (0,0) width 3: " "
            RenderTableCell {TD} at (720,0) size 8x14 [bgcolor=#CADEDD] [r=0 c=92 rs=1 cs=1]
              RenderInline {FONT} at (0,0) size 3x14
                RenderText {#text} at (0,0) size 3x14
                  text run at (0,0) width 3: " "
            RenderTableCell {TD} at (728,0) size 8x14 [bgcolor=#CADEDD] [r=0 c=93 rs=1 cs=1]
              RenderInline {FONT} at (0,0) size 3x14
                RenderText {#text} at (0,0) size 3x14
                  text run at (0,0) width 3: " "
            RenderTableCell {TD} at (736,0) size 8x14 [bgcolor=#E0EAE9] [r=0 c=94 rs=1 cs=1]
              RenderInline {FONT} at (0,0) size 3x14
                RenderText {#text} at (0,0) size 3x14
                  text run at (0,0) width 3: " "
            RenderTableCell {TD} at (744,0) size 8x14 [bgcolor=#FDFDFB] [r=0 c=95 rs=1 cs=1]
              RenderInline {FONT} at (0,0) size 3x14
                RenderText {#text} at (0,0) size 3x14
                  text run at (0,0) width 3: " "
            RenderTableCell {TD} at (752,0) size 8x14 [bgcolor=#FDFDFB] [r=0 c=96 rs=1 cs=1]
              RenderInline {FONT} at (0,0) size 3x14
                RenderText {#text} at (0,0) size 3x14
                  text run at (0,0) width 3: " "
            RenderTableCell {TD} at (760,0) size 8x14 [bgcolor=#FDFDFB] [r=0 c=97 rs=1 cs=1]
              RenderInline {FONT} at (0,0) size 3x14
                RenderText {#text} at (0,0) size 3x14
                  text run at (0,0) width 3: " "
            RenderTableCell {TD} at (768,0) size 8x14 [bgcolor=#FDFDFB] [r=0 c=98 rs=1 cs=1]
              RenderInline {FONT} at (0,0) size 3x14
                RenderText {#text} at (0,0) size 3x14
                  text run at (0,0) width 3: " "
            RenderTableCell {TD} at (776,0) size 8x14 [bgcolor=#FDFDFB] [r=0 c=99 rs=1 cs=1]
              RenderInline {FONT} at (0,0) size 3x14
                RenderText {#text} at (0,0) size 3x14
                  text run at (0,0) width 3: " "
          RenderTableRow {TR} at (0,14) size 784x14
            RenderTableCell {TD} at (0,14) size 7x14 [bgcolor=#FDFDFB] [r=1 c=0 rs=1 cs=1]
              RenderInline {FONT} at (0,0) size 3x14
                RenderText {#text} at (0,0) size 3x14
                  text run at (0,0) width 3: " "
            RenderTableCell {TD} at (7,14) size 7x14 [bgcolor=#FDFDFB] [r=1 c=1 rs=1 cs=1]
              RenderInline {FONT} at (0,0) size 3x14
                RenderText {#text} at (0,0) size 3x14
                  text run at (0,0) width 3: " "
            RenderTableCell {TD} at (14,14) size 7x14 [bgcolor=#FDFDFB] [r=1 c=2 rs=1 cs=1]
              RenderInline {FONT} at (0,0) size 3x14
                RenderText {#text} at (0,0) size 3x14
                  text run at (0,0) width 3: " "
            RenderTableCell {TD} at (21,14) size 7x14 [bgcolor=#FDFDFB] [r=1 c=3 rs=1 cs=1]
              RenderInline {FONT} at (0,0) size 3x14
                RenderText {#text} at (0,0) size 3x14
                  text run at (0,0) width 3: " "
            RenderTableCell {TD} at (28,14) size 7x14 [bgcolor=#FDFDFB] [r=1 c=4 rs=1 cs=1]
              RenderInline {FONT} at (0,0) size 3x14
                RenderText {#text} at (0,0) size 3x14
                  text run at (0,0) width 3: " "
            RenderTableCell {TD} at (35,14) size 7x14 [bgcolor=#FDFDFB] [r=1 c=5 rs=1 cs=1]
              RenderInline {FONT} at (0,0) size 3x14
                RenderText {#text} at (0,0) size 3x14
                  text run at (0,0) width 3: " "
            RenderTableCell {TD} at (42,14) size 7x14 [bgcolor=#FDFDFB] [r=1 c=6 rs=1 cs=1]
              RenderInline {FONT} at (0,0) size 3x14
                RenderText {#text} at (0,0) size 3x14
                  text run at (0,0) width 3: " "
            RenderTableCell {TD} at (49,14) size 7x14 [bgcolor=#EDEEEF] [r=1 c=7 rs=1 cs=1]
              RenderInline {FONT} at (0,0) size 3x14
                RenderText {#text} at (0,0) size 3x14
                  text run at (0,0) width 3: " "
            RenderTableCell {TD} at (56,14) size 7x14 [bgcolor=#B6D8D7] [r=1 c=8 rs=1 cs=1]
              RenderInline {FONT} at (0,0) size 3x14
                RenderText {#text} at (0,0) size 3x14
                  text run at (0,0) width 3: " "
            RenderTableCell {TD} at (63,14) size 7x14 [bgcolor=#44A3A2] [r=1 c=9 rs=1 cs=1]
              RenderInline {FONT} at (0,0) size 3x14
                RenderText {#text} at (0,0) size 3x14
                  text run at (0,0) width 3: " "
            RenderTableCell {TD} at (70,14) size 7x14 [bgcolor=#158E8C] [r=1 c=10 rs=1 cs=1]
              RenderInline {FONT} at (0,0) size 3x14
                RenderText {#text} at (0,0) size 3x14
                  text run at (0,0) width 3: " "
            RenderTableCell {TD} at (77,14) size 7x14 [bgcolor=#048485] [r=1 c=11 rs=1 cs=1]
              RenderInline {FONT} at (0,0) size 3x14
                RenderText {#text} at (0,0) size 3x14
                  text run at (0,0) width 3: " "
            RenderTableCell {TD} at (84,14) size 7x14 [bgcolor=#048485] [r=1 c=12 rs=1 cs=1]
              RenderInline {FONT} at (0,0) size 3x14
                RenderText {#text} at (0,0) size 3x14
                  text run at (0,0) width 3: " "
            RenderTableCell {TD} at (91,14) size 7x14 [bgcolor=#027777] [r=1 c=13 rs=1 cs=1]
              RenderInline {FONT} at (0,0) size 3x14
                RenderText {#text} at (0,0) size 3x14
                  text run at (0,0) width 3: " "
            RenderTableCell {TD} at (98,14) size 7x14 [bgcolor=#026766] [r=1 c=14 rs=1 cs=1]
              RenderInline {FONT} at (0,0) size 3x14
                RenderText {#text} at (0,0) size 3x14
                  text run at (0,0) width 3: " "
            RenderTableCell {TD} at (105,14) size 7x14 [bgcolor=#026766] [r=1 c=15 rs=1 cs=1]
              RenderInline {FONT} at (0,0) size 3x14
                RenderText {#text} at (0,0) size 3x14
                  text run at (0,0) width 3: " "
            RenderTableCell {TD} at (112,14) size 8x14 [bgcolor=#026766] [r=1 c=16 rs=1 cs=1]
              RenderInline {FONT} at (0,0) size 3x14
                RenderText {#text} at (0,0) size 3x14
                  text run at (0,0) width 3: " "
            RenderTableCell {TD} at (120,14) size 8x14 [bgcolor=#026766] [r=1 c=17 rs=1 cs=1]
              RenderInline {FONT} at (0,0) size 3x14
                RenderText {#text} at (0,0) size 3x14
                  text run at (0,0) width 3: " "
            RenderTableCell {TD} at (128,14) size 8x14 [bgcolor=#027777] [r=1 c=18 rs=1 cs=1]
              RenderInline {FONT} at (0,0) size 3x14
                RenderText {#text} at (0,0) size 3x14
                  text run at (0,0) width 3: " "
            RenderTableCell {TD} at (136,14) size 8x14 [bgcolor=#027777] [r=1 c=19 rs=1 cs=1]
              RenderInline {FONT} at (0,0) size 3x14
                RenderText {#text} at (0,0) size 3x14
                  text run at (0,0) width 3: " "
            RenderTableCell {TD} at (144,14) size 8x14 [bgcolor=#027777] [r=1 c=20 rs=1 cs=1]
              RenderInline {FONT} at (0,0) size 3x14
                RenderText {#text} at (0,0) size 3x14
                  text run at (0,0) width 3: " "
            RenderTableCell {TD} at (152,14) size 8x14 [bgcolor=#027777] [r=1 c=21 rs=1 cs=1]
              RenderInline {FONT} at (0,0) size 3x14
                RenderText {#text} at (0,0) size 3x14
                  text run at (0,0) width 3: " "
            RenderTableCell {TD} at (160,14) size 8x14 [bgcolor=#026766] [r=1 c=22 rs=1 cs=1]
              RenderInline {FONT} at (0,0) size 3x14
                RenderText {#text} at (0,0) size 3x14
                  text run at (0,0) width 3: " "
            RenderTableCell {TD} at (168,14) size 8x14 [bgcolor=#1E7A79] [r=1 c=23 rs=1 cs=1]
              RenderInline {FONT} at (0,0) size 3x14
                RenderText {#text} at (0,0) size 3x14
                  text run at (0,0) width 3: " "
            RenderTableCell {TD} at (176,14) size 8x14 [bgcolor=#589594] [r=1 c=24 rs=1 cs=1]
              RenderInline {FONT} at (0,0) size 3x14
                RenderText {#text} at (0,0) size 3x14
                  text run at (0,0) width 3: " "
            RenderTableCell {TD} at (184,14) size 8x14 [bgcolor=#BEC2C2] [r=1 c=25 rs=1 cs=1]
              RenderInline {FONT} at (0,0) size 3x14
                RenderText {#text} at (0,0) size 3x14
                  text run at (0,0) width 3: " "
            RenderTableCell {TD} at (192,14) size 8x14 [bgcolor=#E0EAE9] [r=1 c=26 rs=1 cs=1]
              RenderInline {FONT} at (0,0) size 3x14
                RenderText {#text} at (0,0) size 3x14
                  text run at (0,0) width 3: " "
            RenderTableCell {TD} at (200,14) size 8x14 [bgcolor=#FDFDFB] [r=1 c=27 rs=1 cs=1]
              RenderInline {FONT} at (0,0) size 3x14
                RenderText {#text} at (0,0) size 3x14
                  text run at (0,0) width 3: " "
            RenderTableCell {TD} at (208,14) size 8x14 [bgcolor=#FDFDFB] [r=1 c=28 rs=1 cs=1]
              RenderInline {FONT} at (0,0) size 3x14
                RenderText {#text} at (0,0) size 3x14
                  text run at (0,0) width 3: " "
            RenderTableCell {TD} at (216,14) size 8x14 [bgcolor=#FDFDFB] [r=1 c=29 rs=1 cs=1]
              RenderInline {FONT} at (0,0) size 3x14
                RenderText {#text} at (0,0) size 3x14
                  text run at (0,0) width 3: " "
            RenderTableCell {TD} at (224,14) size 8x14 [bgcolor=#FDFDFB] [r=1 c=30 rs=1 cs=1]
              RenderInline {FONT} at (0,0) size 3x14
                RenderText {#text} at (0,0) size 3x14
                  text run at (0,0) width 3: " "
            RenderTableCell {TD} at (232,14) size 8x14 [bgcolor=#FDFDFB] [r=1 c=31 rs=1 cs=1]
              RenderInline {FONT} at (0,0) size 3x14
                RenderText {#text} at (0,0) size 3x14
                  text run at (0,0) width 3: " "
            RenderTableCell {TD} at (240,14) size 8x14 [bgcolor=#FDFDFB] [r=1 c=32 rs=1 cs=1]
              RenderInline {FONT} at (0,0) size 3x14
                RenderText {#text} at (0,0) size 3x14
                  text run at (0,0) width 3: " "
            RenderTableCell {TD} at (248,14) size 8x14 [bgcolor=#FDFDFB] [r=1 c=33 rs=1 cs=1]
              RenderInline {FONT} at (0,0) size 3x14
                RenderText {#text} at (0,0) size 3x14
                  text run at (0,0) width 3: " "
            RenderTableCell {TD} at (256,14) size 8x14 [bgcolor=#FDFDFB] [r=1 c=34 rs=1 cs=1]
              RenderInline {FONT} at (0,0) size 3x14
                RenderText {#text} at (0,0) size 3x14
                  text run at (0,0) width 3: " "
            RenderTableCell {TD} at (264,14) size 8x14 [bgcolor=#EDEEEF] [r=1 c=35 rs=1 cs=1]
              RenderInline {FONT} at (0,0) size 3x14
                RenderText {#text} at (0,0) size 3x14
                  text run at (0,0) width 3: " "
            RenderTableCell {TD} at (272,14) size 8x14 [bgcolor=#249393] [r=1 c=36 rs=1 cs=1]
              RenderInline {FONT} at (0,0) size 3x14
                RenderText {#text} at (0,0) size 3x14
                  text run at (0,0) width 3: " "
            RenderTableCell {TD} at (280,14) size 8x14 [bgcolor=#249393] [r=1 c=37 rs=1 cs=1]
              RenderInline {FONT} at (0,0) size 3x14
                RenderText {#text} at (0,0) size 3x14
                  text run at (0,0) width 3: " "
            RenderTableCell {TD} at (288,14) size 8x14 [bgcolor=#1B8685] [r=1 c=38 rs=1 cs=1]
              RenderInline {FONT} at (0,0) size 3x14
                RenderText {#text} at (0,0) size 3x14
                  text run at (0,0) width 3: " "
            RenderTableCell {TD} at (296,14) size 8x14 [bgcolor=#1B8685] [r=1 c=39 rs=1 cs=1]
              RenderInline {FONT} at (0,0) size 3x14
                RenderText {#text} at (0,0) size 3x14
                  text run at (0,0) width 3: " "
            RenderTableCell {TD} at (304,14) size 8x14 [bgcolor=#1B8685] [r=1 c=40 rs=1 cs=1]
              RenderInline {FONT} at (0,0) size 3x14
                RenderText {#text} at (0,0) size 3x14
                  text run at (0,0) width 3: " "
            RenderTableCell {TD} at (312,14) size 8x14 [bgcolor=#1B8685] [r=1 c=41 rs=1 cs=1]
              RenderInline {FONT} at (0,0) size 3x14
                RenderText {#text} at (0,0) size 3x14
                  text run at (0,0) width 3: " "
            RenderTableCell {TD} at (320,14) size 8x14 [bgcolor=#1B8685] [r=1 c=42 rs=1 cs=1]
              RenderInline {FONT} at (0,0) size 3x14
                RenderText {#text} at (0,0) size 3x14
                  text run at (0,0) width 3: " "
            RenderTableCell {TD} at (328,14) size 8x14 [bgcolor=#1B8685] [r=1 c=43 rs=1 cs=1]
              RenderInline {FONT} at (0,0) size 3x14
                RenderText {#text} at (0,0) size 3x14
                  text run at (0,0) width 3: " "
            RenderTableCell {TD} at (336,14) size 8x14 [bgcolor=#1B8685] [r=1 c=44 rs=1 cs=1]
              RenderInline {FONT} at (0,0) size 3x14
                RenderText {#text} at (0,0) size 3x14
                  text run at (0,0) width 3: " "
            RenderTableCell {TD} at (344,14) size 8x14 [bgcolor=#1B8685] [r=1 c=45 rs=1 cs=1]
              RenderInline {FONT} at (0,0) size 3x14
                RenderText {#text} at (0,0) size 3x14
                  text run at (0,0) width 3: " "
            RenderTableCell {TD} at (352,14) size 8x14 [bgcolor=#1B8685] [r=1 c=46 rs=1 cs=1]
              RenderInline {FONT} at (0,0) size 3x14
                RenderText {#text} at (0,0) size 3x14
                  text run at (0,0) width 3: " "
            RenderTableCell {TD} at (360,14) size 8x14 [bgcolor=#1B8685] [r=1 c=47 rs=1 cs=1]
              RenderInline {FONT} at (0,0) size 3x14
                RenderText {#text} at (0,0) size 3x14
                  text run at (0,0) width 3: " "
            RenderTableCell {TD} at (368,14) size 8x14 [bgcolor=#1B8685] [r=1 c=48 rs=1 cs=1]
              RenderInline {FONT} at (0,0) size 3x14
                RenderText {#text} at (0,0) size 3x14
                  text run at (0,0) width 3: " "
            RenderTableCell {TD} at (376,14) size 8x14 [bgcolor=#1B8685] [r=1 c=49 rs=1 cs=1]
              RenderInline {FONT} at (0,0) size 3x14
                RenderText {#text} at (0,0) size 3x14
                  text run at (0,0) width 3: " "
            RenderTableCell {TD} at (384,14) size 8x14 [bgcolor=#1B8685] [r=1 c=50 rs=1 cs=1]
              RenderInline {FONT} at (0,0) size 3x14
                RenderText {#text} at (0,0) size 3x14
                  text run at (0,0) width 3: " "
            RenderTableCell {TD} at (392,14) size 8x14 [bgcolor=#1E7A79] [r=1 c=51 rs=1 cs=1]
              RenderInline {FONT} at (0,0) size 3x14
                RenderText {#text} at (0,0) size 3x14
                  text run at (0,0) width 3: " "
            RenderTableCell {TD} at (400,14) size 8x14 [bgcolor=#BEC2C2] [r=1 c=52 rs=1 cs=1]
              RenderInline {FONT} at (0,0) size 3x14
                RenderText {#text} at (0,0) size 3x14
                  text run at (0,0) width 3: " "
            RenderTableCell {TD} at (408,14) size 8x14 [bgcolor=#B6D0D1] [r=1 c=53 rs=1 cs=1]
              RenderInline {FONT} at (0,0) size 3x14
                RenderText {#text} at (0,0) size 3x14
                  text run at (0,0) width 3: " "
            RenderTableCell {TD} at (416,14) size 8x14 [bgcolor=#44A3A2] [r=1 c=54 rs=1 cs=1]
              RenderInline {FONT} at (0,0) size 3x14
                RenderText {#text} at (0,0) size 3x14
                  text run at (0,0) width 3: " "
            RenderTableCell {TD} at (424,14) size 8x14 [bgcolor=#1B8685] [r=1 c=55 rs=1 cs=1]
              RenderInline {FONT} at (0,0) size 3x14
                RenderText {#text} at (0,0) size 3x14
                  text run at (0,0) width 3: " "
            RenderTableCell {TD} at (432,14) size 8x14 [bgcolor=#1A6B6A] [r=1 c=56 rs=1 cs=1]
              RenderInline {FONT} at (0,0) size 3x14
                RenderText {#text} at (0,0) size 3x14
                  text run at (0,0) width 3: " "
            RenderTableCell {TD} at (440,14) size 8x14 [bgcolor=#BEC2C2] [r=1 c=57 rs=1 cs=1]
              RenderInline {FONT} at (0,0) size 3x14
                RenderText {#text} at (0,0) size 3x14
                  text run at (0,0) width 3: " "
            RenderTableCell {TD} at (448,14) size 8x14 [bgcolor=#EDEEEF] [r=1 c=58 rs=1 cs=1]
              RenderInline {FONT} at (0,0) size 3x14
                RenderText {#text} at (0,0) size 3x14
                  text run at (0,0) width 3: " "
            RenderTableCell {TD} at (456,14) size 8x14 [bgcolor=#FDFDFB] [r=1 c=59 rs=1 cs=1]
              RenderInline {FONT} at (0,0) size 3x14
                RenderText {#text} at (0,0) size 3x14
                  text run at (0,0) width 3: " "
            RenderTableCell {TD} at (464,14) size 8x14 [bgcolor=#FDFDFB] [r=1 c=60 rs=1 cs=1]
              RenderInline {FONT} at (0,0) size 3x14
                RenderText {#text} at (0,0) size 3x14
                  text run at (0,0) width 3: " "
            RenderTableCell {TD} at (472,14) size 8x14 [bgcolor=#FDFDFB] [r=1 c=61 rs=1 cs=1]
              RenderInline {FONT} at (0,0) size 3x14
                RenderText {#text} at (0,0) size 3x14
                  text run at (0,0) width 3: " "
            RenderTableCell {TD} at (480,14) size 8x14 [bgcolor=#FDFDFB] [r=1 c=62 rs=1 cs=1]
              RenderInline {FONT} at (0,0) size 3x14
                RenderText {#text} at (0,0) size 3x14
                  text run at (0,0) width 3: " "
            RenderTableCell {TD} at (488,14) size 8x14 [bgcolor=#FDFDFB] [r=1 c=63 rs=1 cs=1]
              RenderInline {FONT} at (0,0) size 3x14
                RenderText {#text} at (0,0) size 3x14
                  text run at (0,0) width 3: " "
            RenderTableCell {TD} at (496,14) size 8x14 [bgcolor=#FDFDFB] [r=1 c=64 rs=1 cs=1]
              RenderInline {FONT} at (0,0) size 3x14
                RenderText {#text} at (0,0) size 3x14
                  text run at (0,0) width 3: " "
            RenderTableCell {TD} at (504,14) size 8x14 [bgcolor=#FDFDFB] [r=1 c=65 rs=1 cs=1]
              RenderInline {FONT} at (0,0) size 3x14
                RenderText {#text} at (0,0) size 3x14
                  text run at (0,0) width 3: " "
            RenderTableCell {TD} at (512,14) size 8x14 [bgcolor=#FDFDFB] [r=1 c=66 rs=1 cs=1]
              RenderInline {FONT} at (0,0) size 3x14
                RenderText {#text} at (0,0) size 3x14
                  text run at (0,0) width 3: " "
            RenderTableCell {TD} at (520,14) size 8x14 [bgcolor=#EDEEEF] [r=1 c=67 rs=1 cs=1]
              RenderInline {FONT} at (0,0) size 3x14
                RenderText {#text} at (0,0) size 3x14
                  text run at (0,0) width 3: " "
            RenderTableCell {TD} at (528,14) size 8x14 [bgcolor=#E0EAE9] [r=1 c=68 rs=1 cs=1]
              RenderInline {FONT} at (0,0) size 3x14
                RenderText {#text} at (0,0) size 3x14
                  text run at (0,0) width 3: " "
            RenderTableCell {TD} at (536,14) size 8x14 [bgcolor=#B6D8D7] [r=1 c=69 rs=1 cs=1]
              RenderInline {FONT} at (0,0) size 3x14
                RenderText {#text} at (0,0) size 3x14
                  text run at (0,0) width 3: " "
            RenderTableCell {TD} at (544,14) size 8x14 [bgcolor=#7DBAB9] [r=1 c=70 rs=1 cs=1]
              RenderInline {FONT} at (0,0) size 3x14
                RenderText {#text} at (0,0) size 3x14
                  text run at (0,0) width 3: " "
            RenderTableCell {TD} at (552,14) size 8x14 [bgcolor=#349392] [r=1 c=71 rs=1 cs=1]
              RenderInline {FONT} at (0,0) size 3x14
                RenderText {#text} at (0,0) size 3x14
                  text run at (0,0) width 3: " "
            RenderTableCell {TD} at (560,14) size 8x14 [bgcolor=#349392] [r=1 c=72 rs=1 cs=1]
              RenderInline {FONT} at (0,0) size 3x14
                RenderText {#text} at (0,0) size 3x14
                  text run at (0,0) width 3: " "
            RenderTableCell {TD} at (568,14) size 8x14 [bgcolor=#349392] [r=1 c=73 rs=1 cs=1]
              RenderInline {FONT} at (0,0) size 3x14
                RenderText {#text} at (0,0) size 3x14
                  text run at (0,0) width 3: " "
            RenderTableCell {TD} at (576,14) size 8x14 [bgcolor=#249393] [r=1 c=74 rs=1 cs=1]
              RenderInline {FONT} at (0,0) size 3x14
                RenderText {#text} at (0,0) size 3x14
                  text run at (0,0) width 3: " "
            RenderTableCell {TD} at (584,14) size 8x14 [bgcolor=#1B8685] [r=1 c=75 rs=1 cs=1]
              RenderInline {FONT} at (0,0) size 3x14
                RenderText {#text} at (0,0) size 3x14
                  text run at (0,0) width 3: " "
            RenderTableCell {TD} at (592,14) size 8x14 [bgcolor=#1B8685] [r=1 c=76 rs=1 cs=1]
              RenderInline {FONT} at (0,0) size 3x14
                RenderText {#text} at (0,0) size 3x14
                  text run at (0,0) width 3: " "
            RenderTableCell {TD} at (600,14) size 8x14 [bgcolor=#1B8685] [r=1 c=77 rs=1 cs=1]
              RenderInline {FONT} at (0,0) size 3x14
                RenderText {#text} at (0,0) size 3x14
                  text run at (0,0) width 3: " "
            RenderTableCell {TD} at (608,14) size 8x14 [bgcolor=#1B8685] [r=1 c=78 rs=1 cs=1]
              RenderInline {FONT} at (0,0) size 3x14
                RenderText {#text} at (0,0) size 3x14
                  text run at (0,0) width 3: " "
            RenderTableCell {TD} at (616,14) size 8x14 [bgcolor=#1B8685] [r=1 c=79 rs=1 cs=1]
              RenderInline {FONT} at (0,0) size 3x14
                RenderText {#text} at (0,0) size 3x14
                  text run at (0,0) width 3: " "
            RenderTableCell {TD} at (624,14) size 8x14 [bgcolor=#1B8685] [r=1 c=80 rs=1 cs=1]
              RenderInline {FONT} at (0,0) size 3x14
                RenderText {#text} at (0,0) size 3x14
                  text run at (0,0) width 3: " "
            RenderTableCell {TD} at (632,14) size 8x14 [bgcolor=#1B8685] [r=1 c=81 rs=1 cs=1]
              RenderInline {FONT} at (0,0) size 3x14
                RenderText {#text} at (0,0) size 3x14
                  text run at (0,0) width 3: " "
            RenderTableCell {TD} at (640,14) size 8x14 [bgcolor=#1B8685] [r=1 c=82 rs=1 cs=1]
              RenderInline {FONT} at (0,0) size 3x14
                RenderText {#text} at (0,0) size 3x14
                  text run at (0,0) width 3: " "
            RenderTableCell {TD} at (648,14) size 8x14 [bgcolor=#1B8685] [r=1 c=83 rs=1 cs=1]
              RenderInline {FONT} at (0,0) size 3x14
                RenderText {#text} at (0,0) size 3x14
                  text run at (0,0) width 3: " "
            RenderTableCell {TD} at (656,14) size 8x14 [bgcolor=#1B8685] [r=1 c=84 rs=1 cs=1]
              RenderInline {FONT} at (0,0) size 3x14
                RenderText {#text} at (0,0) size 3x14
                  text run at (0,0) width 3: " "
            RenderTableCell {TD} at (664,14) size 8x14 [bgcolor=#1B8685] [r=1 c=85 rs=1 cs=1]
              RenderInline {FONT} at (0,0) size 3x14
                RenderText {#text} at (0,0) size 3x14
                  text run at (0,0) width 3: " "
            RenderTableCell {TD} at (672,14) size 8x14 [bgcolor=#1B8685] [r=1 c=86 rs=1 cs=1]
              RenderInline {FONT} at (0,0) size 3x14
                RenderText {#text} at (0,0) size 3x14
                  text run at (0,0) width 3: " "
            RenderTableCell {TD} at (680,14) size 8x14 [bgcolor=#1B8685] [r=1 c=87 rs=1 cs=1]
              RenderInline {FONT} at (0,0) size 3x14
                RenderText {#text} at (0,0) size 3x14
                  text run at (0,0) width 3: " "
            RenderTableCell {TD} at (688,14) size 8x14 [bgcolor=#1B8685] [r=1 c=88 rs=1 cs=1]
              RenderInline {FONT} at (0,0) size 3x14
                RenderText {#text} at (0,0) size 3x14
                  text run at (0,0) width 3: " "
            RenderTableCell {TD} at (696,14) size 8x14 [bgcolor=#1B8685] [r=1 c=89 rs=1 cs=1]
              RenderInline {FONT} at (0,0) size 3x14
                RenderText {#text} at (0,0) size 3x14
                  text run at (0,0) width 3: " "
            RenderTableCell {TD} at (704,14) size 8x14 [bgcolor=#1B8685] [r=1 c=90 rs=1 cs=1]
              RenderInline {FONT} at (0,0) size 3x14
                RenderText {#text} at (0,0) size 3x14
                  text run at (0,0) width 3: " "
            RenderTableCell {TD} at (712,14) size 8x14 [bgcolor=#1B8685] [r=1 c=91 rs=1 cs=1]
              RenderInline {FONT} at (0,0) size 3x14
                RenderText {#text} at (0,0) size 3x14
                  text run at (0,0) width 3: " "
            RenderTableCell {TD} at (720,14) size 8x14 [bgcolor=#1E7A79] [r=1 c=92 rs=1 cs=1]
              RenderInline {FONT} at (0,0) size 3x14
                RenderText {#text} at (0,0) size 3x14
                  text run at (0,0) width 3: " "
            RenderTableCell {TD} at (728,14) size 8x14 [bgcolor=#1A6B6A] [r=1 c=93 rs=1 cs=1]
              RenderInline {FONT} at (0,0) size 3x14
                RenderText {#text} at (0,0) size 3x14
                  text run at (0,0) width 3: " "
            RenderTableCell {TD} at (736,14) size 8x14 [bgcolor=#91A3A3] [r=1 c=94 rs=1 cs=1]
              RenderInline {FONT} at (0,0) size 3x14
                RenderText {#text} at (0,0) size 3x14
                  text run at (0,0) width 3: " "
            RenderTableCell {TD} at (744,14) size 8x14 [bgcolor=#E0EAE9] [r=1 c=95 rs=1 cs=1]
              RenderInline {FONT} at (0,0) size 3x14
                RenderText {#text} at (0,0) size 3x14
                  text run at (0,0) width 3: " "
            RenderTableCell {TD} at (752,14) size 8x14 [bgcolor=#EDEEEF] [r=1 c=96 rs=1 cs=1]
              RenderInline {FONT} at (0,0) size 3x14
                RenderText {#text} at (0,0) size 3x14
                  text run at (0,0) width 3: " "
            RenderTableCell {TD} at (760,14) size 8x14 [bgcolor=#FDFDFB] [r=1 c=97 rs=1 cs=1]
              RenderInline {FONT} at (0,0) size 3x14
                RenderText {#text} at (0,0) size 3x14
                  text run at (0,0) width 3: " "
            RenderTableCell {TD} at (768,14) size 8x14 [bgcolor=#FDFDFB] [r=1 c=98 rs=1 cs=1]
              RenderInline {FONT} at (0,0) size 3x14
                RenderText {#text} at (0,0) size 3x14
                  text run at (0,0) width 3: " "
            RenderTableCell {TD} at (776,14) size 8x14 [bgcolor=#FDFDFB] [r=1 c=99 rs=1 cs=1]
              RenderInline {FONT} at (0,0) size 3x14
                RenderText {#text} at (0,0) size 3x14
                  text run at (0,0) width 3: " "
          RenderTableRow {TR} at (0,28) size 784x14
            RenderTableCell {TD} at (0,28) size 7x14 [bgcolor=#FDFDFB] [r=2 c=0 rs=1 cs=1]
              RenderInline {FONT} at (0,0) size 3x14
                RenderText {#text} at (0,0) size 3x14
                  text run at (0,0) width 3: " "
            RenderTableCell {TD} at (7,28) size 7x14 [bgcolor=#FDFDFB] [r=2 c=1 rs=1 cs=1]
              RenderInline {FONT} at (0,0) size 3x14
                RenderText {#text} at (0,0) size 3x14
                  text run at (0,0) width 3: " "
            RenderTableCell {TD} at (14,28) size 7x14 [bgcolor=#FDFDFB] [r=2 c=2 rs=1 cs=1]
              RenderInline {FONT} at (0,0) size 3x14
                RenderText {#text} at (0,0) size 3x14
                  text run at (0,0) width 3: " "
            RenderTableCell {TD} at (21,28) size 7x14 [bgcolor=#FDFDFB] [r=2 c=3 rs=1 cs=1]
              RenderInline {FONT} at (0,0) size 3x14
                RenderText {#text} at (0,0) size 3x14
                  text run at (0,0) width 3: " "
            RenderTableCell {TD} at (28,28) size 7x14 [bgcolor=#FDFDFB] [r=2 c=4 rs=1 cs=1]
              RenderInline {FONT} at (0,0) size 3x14
                RenderText {#text} at (0,0) size 3x14
                  text run at (0,0) width 3: " "
            RenderTableCell {TD} at (35,28) size 7x14 [bgcolor=#FDFDFB] [r=2 c=5 rs=1 cs=1]
              RenderInline {FONT} at (0,0) size 3x14
                RenderText {#text} at (0,0) size 3x14
                  text run at (0,0) width 3: " "
            RenderTableCell {TD} at (42,28) size 7x14 [bgcolor=#CADEDD] [r=2 c=6 rs=1 cs=1]
              RenderInline {FONT} at (0,0) size 3x14
                RenderText {#text} at (0,0) size 3x14
                  text run at (0,0) width 3: " "
            RenderTableCell {TD} at (49,28) size 7x14 [bgcolor=#44A3A2] [r=2 c=7 rs=1 cs=1]
              RenderInline {FONT} at (0,0) size 3x14
                RenderText {#text} at (0,0) size 3x14
                  text run at (0,0) width 3: " "
            RenderTableCell {TD} at (56,28) size 7x14 [bgcolor=#048485] [r=2 c=8 rs=1 cs=1]
              RenderInline {FONT} at (0,0) size 3x14
                RenderText {#text} at (0,0) size 3x14
                  text run at (0,0) width 3: " "
            RenderTableCell {TD} at (63,28) size 7x14 [bgcolor=#048485] [r=2 c=9 rs=1 cs=1]
              RenderInline {FONT} at (0,0) size 3x14
                RenderText {#text} at (0,0) size 3x14
                  text run at (0,0) width 3: " "
            RenderTableCell {TD} at (70,28) size 7x14 [bgcolor=#027777] [r=2 c=10 rs=1 cs=1]
              RenderInline {FONT} at (0,0) size 3x14
                RenderText {#text} at (0,0) size 3x14
                  text run at (0,0) width 3: " "
            RenderTableCell {TD} at (77,28) size 7x14 [bgcolor=#027777] [r=2 c=11 rs=1 cs=1]
              RenderInline {FONT} at (0,0) size 3x14
                RenderText {#text} at (0,0) size 3x14
                  text run at (0,0) width 3: " "
            RenderTableCell {TD} at (84,28) size 7x14 [bgcolor=#026766] [r=2 c=12 rs=1 cs=1]
              RenderInline {FONT} at (0,0) size 3x14
                RenderText {#text} at (0,0) size 3x14
                  text run at (0,0) width 3: " "
            RenderTableCell {TD} at (91,28) size 7x14 [bgcolor=#025E5E] [r=2 c=13 rs=1 cs=1]
              RenderInline {FONT} at (0,0) size 3x14
                RenderText {#text} at (0,0) size 3x14
                  text run at (0,0) width 3: " "
            RenderTableCell {TD} at (98,28) size 7x14 [bgcolor=#044F4F] [r=2 c=14 rs=1 cs=1]
              RenderInline {FONT} at (0,0) size 3x14
                RenderText {#text} at (0,0) size 3x14
                  text run at (0,0) width 3: " "
            RenderTableCell {TD} at (105,28) size 7x14 [bgcolor=#044140] [r=2 c=15 rs=1 cs=1]
              RenderInline {FONT} at (0,0) size 3x14
                RenderText {#text} at (0,0) size 3x14
                  text run at (0,0) width 3: " "
            RenderTableCell {TD} at (112,28) size 8x14 [bgcolor=#044140] [r=2 c=16 rs=1 cs=1]
              RenderInline {FONT} at (0,0) size 3x14
                RenderText {#text} at (0,0) size 3x14
                  text run at (0,0) width 3: " "
            RenderTableCell {TD} at (120,28) size 8x14 [bgcolor=#044F4F] [r=2 c=17 rs=1 cs=1]
              RenderInline {FONT} at (0,0) size 3x14
                RenderText {#text} at (0,0) size 3x14
                  text run at (0,0) width 3: " "
            RenderTableCell {TD} at (128,28) size 8x14 [bgcolor=#025E5E] [r=2 c=18 rs=1 cs=1]
              RenderInline {FONT} at (0,0) size 3x14
                RenderText {#text} at (0,0) size 3x14
                  text run at (0,0) width 3: " "
            RenderTableCell {TD} at (136,28) size 8x14 [bgcolor=#026766] [r=2 c=19 rs=1 cs=1]
              RenderInline {FONT} at (0,0) size 3x14
                RenderText {#text} at (0,0) size 3x14
                  text run at (0,0) width 3: " "
            RenderTableCell {TD} at (144,28) size 8x14 [bgcolor=#026766] [r=2 c=20 rs=1 cs=1]
              RenderInline {FONT} at (0,0) size 3x14
                RenderText {#text} at (0,0) size 3x14
                  text run at (0,0) width 3: " "
            RenderTableCell {TD} at (152,28) size 8x14 [bgcolor=#026766] [r=2 c=21 rs=1 cs=1]
              RenderInline {FONT} at (0,0) size 3x14
                RenderText {#text} at (0,0) size 3x14
                  text run at (0,0) width 3: " "
            RenderTableCell {TD} at (160,28) size 8x14 [bgcolor=#026766] [r=2 c=22 rs=1 cs=1]
              RenderInline {FONT} at (0,0) size 3x14
                RenderText {#text} at (0,0) size 3x14
                  text run at (0,0) width 3: " "
            RenderTableCell {TD} at (168,28) size 8x14 [bgcolor=#026766] [r=2 c=23 rs=1 cs=1]
              RenderInline {FONT} at (0,0) size 3x14
                RenderText {#text} at (0,0) size 3x14
                  text run at (0,0) width 3: " "
            RenderTableCell {TD} at (176,28) size 8x14 [bgcolor=#026766] [r=2 c=24 rs=1 cs=1]
              RenderInline {FONT} at (0,0) size 3x14
                RenderText {#text} at (0,0) size 3x14
                  text run at (0,0) width 3: " "
            RenderTableCell {TD} at (184,28) size 8x14 [bgcolor=#026766] [r=2 c=25 rs=1 cs=1]
              RenderInline {FONT} at (0,0) size 3x14
                RenderText {#text} at (0,0) size 3x14
                  text run at (0,0) width 3: " "
            RenderTableCell {TD} at (192,28) size 8x14 [bgcolor=#589594] [r=2 c=26 rs=1 cs=1]
              RenderInline {FONT} at (0,0) size 3x14
                RenderText {#text} at (0,0) size 3x14
                  text run at (0,0) width 3: " "
            RenderTableCell {TD} at (200,28) size 8x14 [bgcolor=#CECFCF] [r=2 c=27 rs=1 cs=1]
              RenderInline {FONT} at (0,0) size 3x14
                RenderText {#text} at (0,0) size 3x14
                  text run at (0,0) width 3: " "
            RenderTableCell {TD} at (208,28) size 8x14 [bgcolor=#EDEEEF] [r=2 c=28 rs=1 cs=1]
              RenderInline {FONT} at (0,0) size 3x14
                RenderText {#text} at (0,0) size 3x14
                  text run at (0,0) width 3: " "
            RenderTableCell {TD} at (216,28) size 8x14 [bgcolor=#FDFDFB] [r=2 c=29 rs=1 cs=1]
              RenderInline {FONT} at (0,0) size 3x14
                RenderText {#text} at (0,0) size 3x14
                  text run at (0,0) width 3: " "
            RenderTableCell {TD} at (224,28) size 8x14 [bgcolor=#FDFDFB] [r=2 c=30 rs=1 cs=1]
              RenderInline {FONT} at (0,0) size 3x14
                RenderText {#text} at (0,0) size 3x14
                  text run at (0,0) width 3: " "
            RenderTableCell {TD} at (232,28) size 8x14 [bgcolor=#FDFDFB] [r=2 c=31 rs=1 cs=1]
              RenderInline {FONT} at (0,0) size 3x14
                RenderText {#text} at (0,0) size 3x14
                  text run at (0,0) width 3: " "
            RenderTableCell {TD} at (240,28) size 8x14 [bgcolor=#FDFDFB] [r=2 c=32 rs=1 cs=1]
              RenderInline {FONT} at (0,0) size 3x14
                RenderText {#text} at (0,0) size 3x14
                  text run at (0,0) width 3: " "
            RenderTableCell {TD} at (248,28) size 8x14 [bgcolor=#FDFDFB] [r=2 c=33 rs=1 cs=1]
              RenderInline {FONT} at (0,0) size 3x14
                RenderText {#text} at (0,0) size 3x14
                  text run at (0,0) width 3: " "
            RenderTableCell {TD} at (256,28) size 8x14 [bgcolor=#FDFDFB] [r=2 c=34 rs=1 cs=1]
              RenderInline {FONT} at (0,0) size 3x14
                RenderText {#text} at (0,0) size 3x14
                  text run at (0,0) width 3: " "
            RenderTableCell {TD} at (264,28) size 8x14 [bgcolor=#EDEEEF] [r=2 c=35 rs=1 cs=1]
              RenderInline {FONT} at (0,0) size 3x14
                RenderText {#text} at (0,0) size 3x14
                  text run at (0,0) width 3: " "
            RenderTableCell {TD} at (272,28) size 8x14 [bgcolor=#048485] [r=2 c=36 rs=1 cs=1]
              RenderInline {FONT} at (0,0) size 3x14
                RenderText {#text} at (0,0) size 3x14
                  text run at (0,0) width 3: " "
            RenderTableCell {TD} at (280,28) size 8x14 [bgcolor=#048485] [r=2 c=37 rs=1 cs=1]
              RenderInline {FONT} at (0,0) size 3x14
                RenderText {#text} at (0,0) size 3x14
                  text run at (0,0) width 3: " "
            RenderTableCell {TD} at (288,28) size 8x14 [bgcolor=#027777] [r=2 c=38 rs=1 cs=1]
              RenderInline {FONT} at (0,0) size 3x14
                RenderText {#text} at (0,0) size 3x14
                  text run at (0,0) width 3: " "
            RenderTableCell {TD} at (296,28) size 8x14 [bgcolor=#027777] [r=2 c=39 rs=1 cs=1]
              RenderInline {FONT} at (0,0) size 3x14
                RenderText {#text} at (0,0) size 3x14
                  text run at (0,0) width 3: " "
            RenderTableCell {TD} at (304,28) size 8x14 [bgcolor=#027777] [r=2 c=40 rs=1 cs=1]
              RenderInline {FONT} at (0,0) size 3x14
                RenderText {#text} at (0,0) size 3x14
                  text run at (0,0) width 3: " "
            RenderTableCell {TD} at (312,28) size 8x14 [bgcolor=#027777] [r=2 c=41 rs=1 cs=1]
              RenderInline {FONT} at (0,0) size 3x14
                RenderText {#text} at (0,0) size 3x14
                  text run at (0,0) width 3: " "
            RenderTableCell {TD} at (320,28) size 8x14 [bgcolor=#027777] [r=2 c=42 rs=1 cs=1]
              RenderInline {FONT} at (0,0) size 3x14
                RenderText {#text} at (0,0) size 3x14
                  text run at (0,0) width 3: " "
            RenderTableCell {TD} at (328,28) size 8x14 [bgcolor=#027777] [r=2 c=43 rs=1 cs=1]
              RenderInline {FONT} at (0,0) size 3x14
                RenderText {#text} at (0,0) size 3x14
                  text run at (0,0) width 3: " "
            RenderTableCell {TD} at (336,28) size 8x14 [bgcolor=#027777] [r=2 c=44 rs=1 cs=1]
              RenderInline {FONT} at (0,0) size 3x14
                RenderText {#text} at (0,0) size 3x14
                  text run at (0,0) width 3: " "
            RenderTableCell {TD} at (344,28) size 8x14 [bgcolor=#027777] [r=2 c=45 rs=1 cs=1]
              RenderInline {FONT} at (0,0) size 3x14
                RenderText {#text} at (0,0) size 3x14
                  text run at (0,0) width 3: " "
            RenderTableCell {TD} at (352,28) size 8x14 [bgcolor=#027777] [r=2 c=46 rs=1 cs=1]
              RenderInline {FONT} at (0,0) size 3x14
                RenderText {#text} at (0,0) size 3x14
                  text run at (0,0) width 3: " "
            RenderTableCell {TD} at (360,28) size 8x14 [bgcolor=#027777] [r=2 c=47 rs=1 cs=1]
              RenderInline {FONT} at (0,0) size 3x14
                RenderText {#text} at (0,0) size 3x14
                  text run at (0,0) width 3: " "
            RenderTableCell {TD} at (368,28) size 8x14 [bgcolor=#027777] [r=2 c=48 rs=1 cs=1]
              RenderInline {FONT} at (0,0) size 3x14
                RenderText {#text} at (0,0) size 3x14
                  text run at (0,0) width 3: " "
            RenderTableCell {TD} at (376,28) size 8x14 [bgcolor=#027777] [r=2 c=49 rs=1 cs=1]
              RenderInline {FONT} at (0,0) size 3x14
                RenderText {#text} at (0,0) size 3x14
                  text run at (0,0) width 3: " "
            RenderTableCell {TD} at (384,28) size 8x14 [bgcolor=#027777] [r=2 c=50 rs=1 cs=1]
              RenderInline {FONT} at (0,0) size 3x14
                RenderText {#text} at (0,0) size 3x14
                  text run at (0,0) width 3: " "
            RenderTableCell {TD} at (392,28) size 8x14 [bgcolor=#026766] [r=2 c=51 rs=1 cs=1]
              RenderInline {FONT} at (0,0) size 3x14
                RenderText {#text} at (0,0) size 3x14
                  text run at (0,0) width 3: " "
            RenderTableCell {TD} at (400,28) size 8x14 [bgcolor=#338686] [r=2 c=52 rs=1 cs=1]
              RenderInline {FONT} at (0,0) size 3x14
                RenderText {#text} at (0,0) size 3x14
                  text run at (0,0) width 3: " "
            RenderTableCell {TD} at (408,28) size 8x14 [bgcolor=#048485] [r=2 c=53 rs=1 cs=1]
              RenderInline {FONT} at (0,0) size 3x14
                RenderText {#text} at (0,0) size 3x14
                  text run at (0,0) width 3: " "
            RenderTableCell {TD} at (416,28) size 8x14 [bgcolor=#027777] [r=2 c=54 rs=1 cs=1]
              RenderInline {FONT} at (0,0) size 3x14
                RenderText {#text} at (0,0) size 3x14
                  text run at (0,0) width 3: " "
            RenderTableCell {TD} at (424,28) size 8x14 [bgcolor=#026766] [r=2 c=55 rs=1 cs=1]
              RenderInline {FONT} at (0,0) size 3x14
                RenderText {#text} at (0,0) size 3x14
                  text run at (0,0) width 3: " "
            RenderTableCell {TD} at (432,28) size 8x14 [bgcolor=#044F4F] [r=2 c=56 rs=1 cs=1]
              RenderInline {FONT} at (0,0) size 3x14
                RenderText {#text} at (0,0) size 3x14
                  text run at (0,0) width 3: " "
            RenderTableCell {TD} at (440,28) size 8x14 [bgcolor=#939494] [r=2 c=57 rs=1 cs=1]
              RenderInline {FONT} at (0,0) size 3x14
                RenderText {#text} at (0,0) size 3x14
                  text run at (0,0) width 3: " "
            RenderTableCell {TD} at (448,28) size 8x14 [bgcolor=#CECFCF] [r=2 c=58 rs=1 cs=1]
              RenderInline {FONT} at (0,0) size 3x14
                RenderText {#text} at (0,0) size 3x14
                  text run at (0,0) width 3: " "
            RenderTableCell {TD} at (456,28) size 8x14 [bgcolor=#EDEEEF] [r=2 c=59 rs=1 cs=1]
              RenderInline {FONT} at (0,0) size 3x14
                RenderText {#text} at (0,0) size 3x14
                  text run at (0,0) width 3: " "
            RenderTableCell {TD} at (464,28) size 8x14 [bgcolor=#FDFDFB] [r=2 c=60 rs=1 cs=1]
              RenderInline {FONT} at (0,0) size 3x14
                RenderText {#text} at (0,0) size 3x14
                  text run at (0,0) width 3: " "
            RenderTableCell {TD} at (472,28) size 8x14 [bgcolor=#FDFDFB] [r=2 c=61 rs=1 cs=1]
              RenderInline {FONT} at (0,0) size 3x14
                RenderText {#text} at (0,0) size 3x14
                  text run at (0,0) width 3: " "
            RenderTableCell {TD} at (480,28) size 8x14 [bgcolor=#FDFDFB] [r=2 c=62 rs=1 cs=1]
              RenderInline {FONT} at (0,0) size 3x14
                RenderText {#text} at (0,0) size 3x14
                  text run at (0,0) width 3: " "
            RenderTableCell {TD} at (488,28) size 8x14 [bgcolor=#FDFDFB] [r=2 c=63 rs=1 cs=1]
              RenderInline {FONT} at (0,0) size 3x14
                RenderText {#text} at (0,0) size 3x14
                  text run at (0,0) width 3: " "
            RenderTableCell {TD} at (496,28) size 8x14 [bgcolor=#FDFDFB] [r=2 c=64 rs=1 cs=1]
              RenderInline {FONT} at (0,0) size 3x14
                RenderText {#text} at (0,0) size 3x14
                  text run at (0,0) width 3: " "
            RenderTableCell {TD} at (504,28) size 8x14 [bgcolor=#EDEEEF] [r=2 c=65 rs=1 cs=1]
              RenderInline {FONT} at (0,0) size 3x14
                RenderText {#text} at (0,0) size 3x14
                  text run at (0,0) width 3: " "
            RenderTableCell {TD} at (512,28) size 8x14 [bgcolor=#A4CCCC] [r=2 c=66 rs=1 cs=1]
              RenderInline {FONT} at (0,0) size 3x14
                RenderText {#text} at (0,0) size 3x14
                  text run at (0,0) width 3: " "
            RenderTableCell {TD} at (520,28) size 8x14 [bgcolor=#5CADAE] [r=2 c=67 rs=1 cs=1]
              RenderInline {FONT} at (0,0) size 3x14
                RenderText {#text} at (0,0) size 3x14
                  text run at (0,0) width 3: " "
            RenderTableCell {TD} at (528,28) size 8x14 [bgcolor=#158E8C] [r=2 c=68 rs=1 cs=1]
              RenderInline {FONT} at (0,0) size 3x14
                RenderText {#text} at (0,0) size 3x14
                  text run at (0,0) width 3: " "
            RenderTableCell {TD} at (536,28) size 8x14 [bgcolor=#048485] [r=2 c=69 rs=1 cs=1]
              RenderInline {FONT} at (0,0) size 3x14
                RenderText {#text} at (0,0) size 3x14
                  text run at (0,0) width 3: " "
            RenderTableCell {TD} at (544,28) size 8x14 [bgcolor=#048485] [r=2 c=70 rs=1 cs=1]
              RenderInline {FONT} at (0,0) size 3x14
                RenderText {#text} at (0,0) size 3x14
                  text run at (0,0) width 3: " "
            RenderTableCell {TD} at (552,28) size 8x14 [bgcolor=#027777] [r=2 c=71 rs=1 cs=1]
              RenderInline {FONT} at (0,0) size 3x14
                RenderText {#text} at (0,0) size 3x14
                  text run at (0,0) width 3: " "
            RenderTableCell {TD} at (560,28) size 8x14 [bgcolor=#027777] [r=2 c=72 rs=1 cs=1]
              RenderInline {FONT} at (0,0) size 3x14
                RenderText {#text} at (0,0) size 3x14
                  text run at (0,0) width 3: " "
            RenderTableCell {TD} at (568,28) size 8x14 [bgcolor=#027777] [r=2 c=73 rs=1 cs=1]
              RenderInline {FONT} at (0,0) size 3x14
                RenderText {#text} at (0,0) size 3x14
                  text run at (0,0) width 3: " "
            RenderTableCell {TD} at (576,28) size 8x14 [bgcolor=#027777] [r=2 c=74 rs=1 cs=1]
              RenderInline {FONT} at (0,0) size 3x14
                RenderText {#text} at (0,0) size 3x14
                  text run at (0,0) width 3: " "
            RenderTableCell {TD} at (584,28) size 8x14 [bgcolor=#027777] [r=2 c=75 rs=1 cs=1]
              RenderInline {FONT} at (0,0) size 3x14
                RenderText {#text} at (0,0) size 3x14
                  text run at (0,0) width 3: " "
            RenderTableCell {TD} at (592,28) size 8x14 [bgcolor=#027777] [r=2 c=76 rs=1 cs=1]
              RenderInline {FONT} at (0,0) size 3x14
                RenderText {#text} at (0,0) size 3x14
                  text run at (0,0) width 3: " "
            RenderTableCell {TD} at (600,28) size 8x14 [bgcolor=#027777] [r=2 c=77 rs=1 cs=1]
              RenderInline {FONT} at (0,0) size 3x14
                RenderText {#text} at (0,0) size 3x14
                  text run at (0,0) width 3: " "
            RenderTableCell {TD} at (608,28) size 8x14 [bgcolor=#027777] [r=2 c=78 rs=1 cs=1]
              RenderInline {FONT} at (0,0) size 3x14
                RenderText {#text} at (0,0) size 3x14
                  text run at (0,0) width 3: " "
            RenderTableCell {TD} at (616,28) size 8x14 [bgcolor=#027777] [r=2 c=79 rs=1 cs=1]
              RenderInline {FONT} at (0,0) size 3x14
                RenderText {#text} at (0,0) size 3x14
                  text run at (0,0) width 3: " "
            RenderTableCell {TD} at (624,28) size 8x14 [bgcolor=#027777] [r=2 c=80 rs=1 cs=1]
              RenderInline {FONT} at (0,0) size 3x14
                RenderText {#text} at (0,0) size 3x14
                  text run at (0,0) width 3: " "
            RenderTableCell {TD} at (632,28) size 8x14 [bgcolor=#027777] [r=2 c=81 rs=1 cs=1]
              RenderInline {FONT} at (0,0) size 3x14
                RenderText {#text} at (0,0) size 3x14
                  text run at (0,0) width 3: " "
            RenderTableCell {TD} at (640,28) size 8x14 [bgcolor=#027777] [r=2 c=82 rs=1 cs=1]
              RenderInline {FONT} at (0,0) size 3x14
                RenderText {#text} at (0,0) size 3x14
                  text run at (0,0) width 3: " "
            RenderTableCell {TD} at (648,28) size 8x14 [bgcolor=#027777] [r=2 c=83 rs=1 cs=1]
              RenderInline {FONT} at (0,0) size 3x14
                RenderText {#text} at (0,0) size 3x14
                  text run at (0,0) width 3: " "
            RenderTableCell {TD} at (656,28) size 8x14 [bgcolor=#027777] [r=2 c=84 rs=1 cs=1]
              RenderInline {FONT} at (0,0) size 3x14
                RenderText {#text} at (0,0) size 3x14
                  text run at (0,0) width 3: " "
            RenderTableCell {TD} at (664,28) size 8x14 [bgcolor=#027777] [r=2 c=85 rs=1 cs=1]
              RenderInline {FONT} at (0,0) size 3x14
                RenderText {#text} at (0,0) size 3x14
                  text run at (0,0) width 3: " "
            RenderTableCell {TD} at (672,28) size 8x14 [bgcolor=#027777] [r=2 c=86 rs=1 cs=1]
              RenderInline {FONT} at (0,0) size 3x14
                RenderText {#text} at (0,0) size 3x14
                  text run at (0,0) width 3: " "
            RenderTableCell {TD} at (680,28) size 8x14 [bgcolor=#027777] [r=2 c=87 rs=1 cs=1]
              RenderInline {FONT} at (0,0) size 3x14
                RenderText {#text} at (0,0) size 3x14
                  text run at (0,0) width 3: " "
            RenderTableCell {TD} at (688,28) size 8x14 [bgcolor=#027777] [r=2 c=88 rs=1 cs=1]
              RenderInline {FONT} at (0,0) size 3x14
                RenderText {#text} at (0,0) size 3x14
                  text run at (0,0) width 3: " "
            RenderTableCell {TD} at (696,28) size 8x14 [bgcolor=#027777] [r=2 c=89 rs=1 cs=1]
              RenderInline {FONT} at (0,0) size 3x14
                RenderText {#text} at (0,0) size 3x14
                  text run at (0,0) width 3: " "
            RenderTableCell {TD} at (704,28) size 8x14 [bgcolor=#027777] [r=2 c=90 rs=1 cs=1]
              RenderInline {FONT} at (0,0) size 3x14
                RenderText {#text} at (0,0) size 3x14
                  text run at (0,0) width 3: " "
            RenderTableCell {TD} at (712,28) size 8x14 [bgcolor=#027777] [r=2 c=91 rs=1 cs=1]
              RenderInline {FONT} at (0,0) size 3x14
                RenderText {#text} at (0,0) size 3x14
                  text run at (0,0) width 3: " "
            RenderTableCell {TD} at (720,28) size 8x14 [bgcolor=#026766] [r=2 c=92 rs=1 cs=1]
              RenderInline {FONT} at (0,0) size 3x14
                RenderText {#text} at (0,0) size 3x14
                  text run at (0,0) width 3: " "
            RenderTableCell {TD} at (728,28) size 8x14 [bgcolor=#044F4F] [r=2 c=93 rs=1 cs=1]
              RenderInline {FONT} at (0,0) size 3x14
                RenderText {#text} at (0,0) size 3x14
                  text run at (0,0) width 3: " "
            RenderTableCell {TD} at (736,28) size 8x14 [bgcolor=#647979] [r=2 c=94 rs=1 cs=1]
              RenderInline {FONT} at (0,0) size 3x14
                RenderText {#text} at (0,0) size 3x14
                  text run at (0,0) width 3: " "
            RenderTableCell {TD} at (744,28) size 8x14 [bgcolor=#BEC2C2] [r=2 c=95 rs=1 cs=1]
              RenderInline {FONT} at (0,0) size 3x14
                RenderText {#text} at (0,0) size 3x14
                  text run at (0,0) width 3: " "
            RenderTableCell {TD} at (752,28) size 8x14 [bgcolor=#E0EAE9] [r=2 c=96 rs=1 cs=1]
              RenderInline {FONT} at (0,0) size 3x14
                RenderText {#text} at (0,0) size 3x14
                  text run at (0,0) width 3: " "
            RenderTableCell {TD} at (760,28) size 8x14 [bgcolor=#FDFDFB] [r=2 c=97 rs=1 cs=1]
              RenderInline {FONT} at (0,0) size 3x14
                RenderText {#text} at (0,0) size 3x14
                  text run at (0,0) width 3: " "
            RenderTableCell {TD} at (768,28) size 8x14 [bgcolor=#FDFDFB] [r=2 c=98 rs=1 cs=1]
              RenderInline {FONT} at (0,0) size 3x14
                RenderText {#text} at (0,0) size 3x14
                  text run at (0,0) width 3: " "
            RenderTableCell {TD} at (776,28) size 8x14 [bgcolor=#FDFDFB] [r=2 c=99 rs=1 cs=1]
              RenderInline {FONT} at (0,0) size 3x14
                RenderText {#text} at (0,0) size 3x14
                  text run at (0,0) width 3: " "
          RenderTableRow {TR} at (0,42) size 784x14
            RenderTableCell {TD} at (0,42) size 7x14 [bgcolor=#FDFDFB] [r=3 c=0 rs=1 cs=1]
              RenderInline {FONT} at (0,0) size 3x14
                RenderText {#text} at (0,0) size 3x14
                  text run at (0,0) width 3: " "
            RenderTableCell {TD} at (7,42) size 7x14 [bgcolor=#FDFDFB] [r=3 c=1 rs=1 cs=1]
              RenderInline {FONT} at (0,0) size 3x14
                RenderText {#text} at (0,0) size 3x14
                  text run at (0,0) width 3: " "
            RenderTableCell {TD} at (14,42) size 7x14 [bgcolor=#FDFDFB] [r=3 c=2 rs=1 cs=1]
              RenderInline {FONT} at (0,0) size 3x14
                RenderText {#text} at (0,0) size 3x14
                  text run at (0,0) width 3: " "
            RenderTableCell {TD} at (21,42) size 7x14 [bgcolor=#FDFDFB] [r=3 c=3 rs=1 cs=1]
              RenderInline {FONT} at (0,0) size 3x14
                RenderText {#text} at (0,0) size 3x14
                  text run at (0,0) width 3: " "
            RenderTableCell {TD} at (28,42) size 7x14 [bgcolor=#FDFDFB] [r=3 c=4 rs=1 cs=1]
              RenderInline {FONT} at (0,0) size 3x14
                RenderText {#text} at (0,0) size 3x14
                  text run at (0,0) width 3: " "
            RenderTableCell {TD} at (35,42) size 7x14 [bgcolor=#66BABC] [r=3 c=5 rs=1 cs=1]
              RenderInline {FONT} at (0,0) size 3x14
                RenderText {#text} at (0,0) size 3x14
                  text run at (0,0) width 3: " "
            RenderTableCell {TD} at (42,42) size 7x14 [bgcolor=#158E8C] [r=3 c=6 rs=1 cs=1]
              RenderInline {FONT} at (0,0) size 3x14
                RenderText {#text} at (0,0) size 3x14
                  text run at (0,0) width 3: " "
            RenderTableCell {TD} at (49,42) size 7x14 [bgcolor=#048485] [r=3 c=7 rs=1 cs=1]
              RenderInline {FONT} at (0,0) size 3x14
                RenderText {#text} at (0,0) size 3x14
                  text run at (0,0) width 3: " "
            RenderTableCell {TD} at (56,42) size 7x14 [bgcolor=#027777] [r=3 c=8 rs=1 cs=1]
              RenderInline {FONT} at (0,0) size 3x14
                RenderText {#text} at (0,0) size 3x14
                  text run at (0,0) width 3: " "
            RenderTableCell {TD} at (63,42) size 7x14 [bgcolor=#027777] [r=3 c=9 rs=1 cs=1]
              RenderInline {FONT} at (0,0) size 3x14
                RenderText {#text} at (0,0) size 3x14
                  text run at (0,0) width 3: " "
            RenderTableCell {TD} at (70,42) size 7x14 [bgcolor=#026766] [r=3 c=10 rs=1 cs=1]
              RenderInline {FONT} at (0,0) size 3x14
                RenderText {#text} at (0,0) size 3x14
                  text run at (0,0) width 3: " "
            RenderTableCell {TD} at (77,42) size 7x14 [bgcolor=#026766] [r=3 c=11 rs=1 cs=1]
              RenderInline {FONT} at (0,0) size 3x14
                RenderText {#text} at (0,0) size 3x14
                  text run at (0,0) width 3: " "
            RenderTableCell {TD} at (84,42) size 7x14 [bgcolor=#025E5E] [r=3 c=12 rs=1 cs=1]
              RenderInline {FONT} at (0,0) size 3x14
                RenderText {#text} at (0,0) size 3x14
                  text run at (0,0) width 3: " "
            RenderTableCell {TD} at (91,42) size 7x14 [bgcolor=#044F4F] [r=3 c=13 rs=1 cs=1]
              RenderInline {FONT} at (0,0) size 3x14
                RenderText {#text} at (0,0) size 3x14
                  text run at (0,0) width 3: " "
            RenderTableCell {TD} at (98,42) size 7x14 [bgcolor=#044140] [r=3 c=14 rs=1 cs=1]
              RenderInline {FONT} at (0,0) size 3x14
                RenderText {#text} at (0,0) size 3x14
                  text run at (0,0) width 3: " "
            RenderTableCell {TD} at (105,42) size 7x14 [bgcolor=#223C3D] [r=3 c=15 rs=1 cs=1]
              RenderInline {FONT} at (0,0) size 3x14
                RenderText {#text} at (0,0) size 3x14
                  text run at (0,0) width 3: " "
            RenderTableCell {TD} at (112,42) size 8x14 [bgcolor=#344C4E] [r=3 c=16 rs=1 cs=1]
              RenderInline {FONT} at (0,0) size 3x14
                RenderText {#text} at (0,0) size 3x14
                  text run at (0,0) width 3: " "
            RenderTableCell {TD} at (120,42) size 8x14 [bgcolor=#4D4F4F] [r=3 c=17 rs=1 cs=1]
              RenderInline {FONT} at (0,0) size 3x14
                RenderText {#text} at (0,0) size 3x14
                  text run at (0,0) width 3: " "
            RenderTableCell {TD} at (128,42) size 8x14 [bgcolor=#1A5C5C] [r=3 c=18 rs=1 cs=1]
              RenderInline {FONT} at (0,0) size 3x14
                RenderText {#text} at (0,0) size 3x14
                  text run at (0,0) width 3: " "
            RenderTableCell {TD} at (136,42) size 8x14 [bgcolor=#026766] [r=3 c=19 rs=1 cs=1]
              RenderInline {FONT} at (0,0) size 3x14
                RenderText {#text} at (0,0) size 3x14
                  text run at (0,0) width 3: " "
            RenderTableCell {TD} at (144,42) size 8x14 [bgcolor=#026766] [r=3 c=20 rs=1 cs=1]
              RenderInline {FONT} at (0,0) size 3x14
                RenderText {#text} at (0,0) size 3x14
                  text run at (0,0) width 3: " "
            RenderTableCell {TD} at (152,42) size 8x14 [bgcolor=#026766] [r=3 c=21 rs=1 cs=1]
              RenderInline {FONT} at (0,0) size 3x14
                RenderText {#text} at (0,0) size 3x14
                  text run at (0,0) width 3: " "
            RenderTableCell {TD} at (160,42) size 8x14 [bgcolor=#026766] [r=3 c=22 rs=1 cs=1]
              RenderInline {FONT} at (0,0) size 3x14
                RenderText {#text} at (0,0) size 3x14
                  text run at (0,0) width 3: " "
            RenderTableCell {TD} at (168,42) size 8x14 [bgcolor=#026766] [r=3 c=23 rs=1 cs=1]
              RenderInline {FONT} at (0,0) size 3x14
                RenderText {#text} at (0,0) size 3x14
                  text run at (0,0) width 3: " "
            RenderTableCell {TD} at (176,42) size 8x14 [bgcolor=#026766] [r=3 c=24 rs=1 cs=1]
              RenderInline {FONT} at (0,0) size 3x14
                RenderText {#text} at (0,0) size 3x14
                  text run at (0,0) width 3: " "
            RenderTableCell {TD} at (184,42) size 8x14 [bgcolor=#026766] [r=3 c=25 rs=1 cs=1]
              RenderInline {FONT} at (0,0) size 3x14
                RenderText {#text} at (0,0) size 3x14
                  text run at (0,0) width 3: " "
            RenderTableCell {TD} at (192,42) size 8x14 [bgcolor=#025E5E] [r=3 c=26 rs=1 cs=1]
              RenderInline {FONT} at (0,0) size 3x14
                RenderText {#text} at (0,0) size 3x14
                  text run at (0,0) width 3: " "
            RenderTableCell {TD} at (200,42) size 8x14 [bgcolor=#1A6B6A] [r=3 c=27 rs=1 cs=1]
              RenderInline {FONT} at (0,0) size 3x14
                RenderText {#text} at (0,0) size 3x14
                  text run at (0,0) width 3: " "
            RenderTableCell {TD} at (208,42) size 8x14 [bgcolor=#7B918F] [r=3 c=28 rs=1 cs=1]
              RenderInline {FONT} at (0,0) size 3x14
                RenderText {#text} at (0,0) size 3x14
                  text run at (0,0) width 3: " "
            RenderTableCell {TD} at (216,42) size 8x14 [bgcolor=#A5A6A6] [r=3 c=29 rs=1 cs=1]
              RenderInline {FONT} at (0,0) size 3x14
                RenderText {#text} at (0,0) size 3x14
                  text run at (0,0) width 3: " "
            RenderTableCell {TD} at (224,42) size 8x14 [bgcolor=#B4B4B4] [r=3 c=30 rs=1 cs=1]
              RenderInline {FONT} at (0,0) size 3x14
                RenderText {#text} at (0,0) size 3x14
                  text run at (0,0) width 3: " "
            RenderTableCell {TD} at (232,42) size 8x14 [bgcolor=#B4B4B4] [r=3 c=31 rs=1 cs=1]
              RenderInline {FONT} at (0,0) size 3x14
                RenderText {#text} at (0,0) size 3x14
                  text run at (0,0) width 3: " "
            RenderTableCell {TD} at (240,42) size 8x14 [bgcolor=#B4B4B4] [r=3 c=32 rs=1 cs=1]
              RenderInline {FONT} at (0,0) size 3x14
                RenderText {#text} at (0,0) size 3x14
                  text run at (0,0) width 3: " "
            RenderTableCell {TD} at (248,42) size 8x14 [bgcolor=#B4B4B4] [r=3 c=33 rs=1 cs=1]
              RenderInline {FONT} at (0,0) size 3x14
                RenderText {#text} at (0,0) size 3x14
                  text run at (0,0) width 3: " "
            RenderTableCell {TD} at (256,42) size 8x14 [bgcolor=#B4B4B4] [r=3 c=34 rs=1 cs=1]
              RenderInline {FONT} at (0,0) size 3x14
                RenderText {#text} at (0,0) size 3x14
                  text run at (0,0) width 3: " "
            RenderTableCell {TD} at (264,42) size 8x14 [bgcolor=#A2B5B4] [r=3 c=35 rs=1 cs=1]
              RenderInline {FONT} at (0,0) size 3x14
                RenderText {#text} at (0,0) size 3x14
                  text run at (0,0) width 3: " "
            RenderTableCell {TD} at (272,42) size 8x14 [bgcolor=#048485] [r=3 c=36 rs=1 cs=1]
              RenderInline {FONT} at (0,0) size 3x14
                RenderText {#text} at (0,0) size 3x14
                  text run at (0,0) width 3: " "
            RenderTableCell {TD} at (280,42) size 8x14 [bgcolor=#027777] [r=3 c=37 rs=1 cs=1]
              RenderInline {FONT} at (0,0) size 3x14
                RenderText {#text} at (0,0) size 3x14
                  text run at (0,0) width 3: " "
            RenderTableCell {TD} at (288,42) size 8x14 [bgcolor=#026766] [r=3 c=38 rs=1 cs=1]
              RenderInline {FONT} at (0,0) size 3x14
                RenderText {#text} at (0,0) size 3x14
                  text run at (0,0) width 3: " "
            RenderTableCell {TD} at (296,42) size 8x14 [bgcolor=#026766] [r=3 c=39 rs=1 cs=1]
              RenderInline {FONT} at (0,0) size 3x14
                RenderText {#text} at (0,0) size 3x14
                  text run at (0,0) width 3: " "
            RenderTableCell {TD} at (304,42) size 8x14 [bgcolor=#026766] [r=3 c=40 rs=1 cs=1]
              RenderInline {FONT} at (0,0) size 3x14
                RenderText {#text} at (0,0) size 3x14
                  text run at (0,0) width 3: " "
            RenderTableCell {TD} at (312,42) size 8x14 [bgcolor=#026766] [r=3 c=41 rs=1 cs=1]
              RenderInline {FONT} at (0,0) size 3x14
                RenderText {#text} at (0,0) size 3x14
                  text run at (0,0) width 3: " "
            RenderTableCell {TD} at (320,42) size 8x14 [bgcolor=#026766] [r=3 c=42 rs=1 cs=1]
              RenderInline {FONT} at (0,0) size 3x14
                RenderText {#text} at (0,0) size 3x14
                  text run at (0,0) width 3: " "
            RenderTableCell {TD} at (328,42) size 8x14 [bgcolor=#026766] [r=3 c=43 rs=1 cs=1]
              RenderInline {FONT} at (0,0) size 3x14
                RenderText {#text} at (0,0) size 3x14
                  text run at (0,0) width 3: " "
            RenderTableCell {TD} at (336,42) size 8x14 [bgcolor=#026766] [r=3 c=44 rs=1 cs=1]
              RenderInline {FONT} at (0,0) size 3x14
                RenderText {#text} at (0,0) size 3x14
                  text run at (0,0) width 3: " "
            RenderTableCell {TD} at (344,42) size 8x14 [bgcolor=#026766] [r=3 c=45 rs=1 cs=1]
              RenderInline {FONT} at (0,0) size 3x14
                RenderText {#text} at (0,0) size 3x14
                  text run at (0,0) width 3: " "
            RenderTableCell {TD} at (352,42) size 8x14 [bgcolor=#026766] [r=3 c=46 rs=1 cs=1]
              RenderInline {FONT} at (0,0) size 3x14
                RenderText {#text} at (0,0) size 3x14
                  text run at (0,0) width 3: " "
            RenderTableCell {TD} at (360,42) size 8x14 [bgcolor=#026766] [r=3 c=47 rs=1 cs=1]
              RenderInline {FONT} at (0,0) size 3x14
                RenderText {#text} at (0,0) size 3x14
                  text run at (0,0) width 3: " "
            RenderTableCell {TD} at (368,42) size 8x14 [bgcolor=#026766] [r=3 c=48 rs=1 cs=1]
              RenderInline {FONT} at (0,0) size 3x14
                RenderText {#text} at (0,0) size 3x14
                  text run at (0,0) width 3: " "
            RenderTableCell {TD} at (376,42) size 8x14 [bgcolor=#026766] [r=3 c=49 rs=1 cs=1]
              RenderInline {FONT} at (0,0) size 3x14
                RenderText {#text} at (0,0) size 3x14
                  text run at (0,0) width 3: " "
            RenderTableCell {TD} at (384,42) size 8x14 [bgcolor=#026766] [r=3 c=50 rs=1 cs=1]
              RenderInline {FONT} at (0,0) size 3x14
                RenderText {#text} at (0,0) size 3x14
                  text run at (0,0) width 3: " "
            RenderTableCell {TD} at (392,42) size 8x14 [bgcolor=#026766] [r=3 c=51 rs=1 cs=1]
              RenderInline {FONT} at (0,0) size 3x14
                RenderText {#text} at (0,0) size 3x14
                  text run at (0,0) width 3: " "
            RenderTableCell {TD} at (400,42) size 8x14 [bgcolor=#026766] [r=3 c=52 rs=1 cs=1]
              RenderInline {FONT} at (0,0) size 3x14
                RenderText {#text} at (0,0) size 3x14
                  text run at (0,0) width 3: " "
            RenderTableCell {TD} at (408,42) size 8x14 [bgcolor=#027777] [r=3 c=53 rs=1 cs=1]
              RenderInline {FONT} at (0,0) size 3x14
                RenderText {#text} at (0,0) size 3x14
                  text run at (0,0) width 3: " "
            RenderTableCell {TD} at (416,42) size 8x14 [bgcolor=#026766] [r=3 c=54 rs=1 cs=1]
              RenderInline {FONT} at (0,0) size 3x14
                RenderText {#text} at (0,0) size 3x14
                  text run at (0,0) width 3: " "
            RenderTableCell {TD} at (424,42) size 8x14 [bgcolor=#044F4F] [r=3 c=55 rs=1 cs=1]
              RenderInline {FONT} at (0,0) size 3x14
                RenderText {#text} at (0,0) size 3x14
                  text run at (0,0) width 3: " "
            RenderTableCell {TD} at (432,42) size 8x14 [bgcolor=#044140] [r=3 c=56 rs=1 cs=1]
              RenderInline {FONT} at (0,0) size 3x14
                RenderText {#text} at (0,0) size 3x14
                  text run at (0,0) width 3: " "
            RenderTableCell {TD} at (440,42) size 8x14 [bgcolor=#515C5B] [r=3 c=57 rs=1 cs=1]
              RenderInline {FONT} at (0,0) size 3x14
                RenderText {#text} at (0,0) size 3x14
                  text run at (0,0) width 3: " "
            RenderTableCell {TD} at (448,42) size 8x14 [bgcolor=#848788] [r=3 c=58 rs=1 cs=1]
              RenderInline {FONT} at (0,0) size 3x14
                RenderText {#text} at (0,0) size 3x14
                  text run at (0,0) width 3: " "
            RenderTableCell {TD} at (456,42) size 8x14 [bgcolor=#A5A6A6] [r=3 c=59 rs=1 cs=1]
              RenderInline {FONT} at (0,0) size 3x14
                RenderText {#text} at (0,0) size 3x14
                  text run at (0,0) width 3: " "
            RenderTableCell {TD} at (464,42) size 8x14 [bgcolor=#B4B4B4] [r=3 c=60 rs=1 cs=1]
              RenderInline {FONT} at (0,0) size 3x14
                RenderText {#text} at (0,0) size 3x14
                  text run at (0,0) width 3: " "
            RenderTableCell {TD} at (472,42) size 8x14 [bgcolor=#B4B4B4] [r=3 c=61 rs=1 cs=1]
              RenderInline {FONT} at (0,0) size 3x14
                RenderText {#text} at (0,0) size 3x14
                  text run at (0,0) width 3: " "
            RenderTableCell {TD} at (480,42) size 8x14 [bgcolor=#B4B4B4] [r=3 c=62 rs=1 cs=1]
              RenderInline {FONT} at (0,0) size 3x14
                RenderText {#text} at (0,0) size 3x14
                  text run at (0,0) width 3: " "
            RenderTableCell {TD} at (488,42) size 8x14 [bgcolor=#B4B4B4] [r=3 c=63 rs=1 cs=1]
              RenderInline {FONT} at (0,0) size 3x14
                RenderText {#text} at (0,0) size 3x14
                  text run at (0,0) width 3: " "
            RenderTableCell {TD} at (496,42) size 8x14 [bgcolor=#72A3A1] [r=3 c=64 rs=1 cs=1]
              RenderInline {FONT} at (0,0) size 3x14
                RenderText {#text} at (0,0) size 3x14
                  text run at (0,0) width 3: " "
            RenderTableCell {TD} at (504,42) size 8x14 [bgcolor=#158E8C] [r=3 c=65 rs=1 cs=1]
              RenderInline {FONT} at (0,0) size 3x14
                RenderText {#text} at (0,0) size 3x14
                  text run at (0,0) width 3: " "
            RenderTableCell {TD} at (512,42) size 8x14 [bgcolor=#048485] [r=3 c=66 rs=1 cs=1]
              RenderInline {FONT} at (0,0) size 3x14
                RenderText {#text} at (0,0) size 3x14
                  text run at (0,0) width 3: " "
            RenderTableCell {TD} at (520,42) size 8x14 [bgcolor=#048485] [r=3 c=67 rs=1 cs=1]
              RenderInline {FONT} at (0,0) size 3x14
                RenderText {#text} at (0,0) size 3x14
                  text run at (0,0) width 3: " "
            RenderTableCell {TD} at (528,42) size 8x14 [bgcolor=#027777] [r=3 c=68 rs=1 cs=1]
              RenderInline {FONT} at (0,0) size 3x14
                RenderText {#text} at (0,0) size 3x14
                  text run at (0,0) width 3: " "
            RenderTableCell {TD} at (536,42) size 8x14 [bgcolor=#027777] [r=3 c=69 rs=1 cs=1]
              RenderInline {FONT} at (0,0) size 3x14
                RenderText {#text} at (0,0) size 3x14
                  text run at (0,0) width 3: " "
            RenderTableCell {TD} at (544,42) size 8x14 [bgcolor=#027777] [r=3 c=70 rs=1 cs=1]
              RenderInline {FONT} at (0,0) size 3x14
                RenderText {#text} at (0,0) size 3x14
                  text run at (0,0) width 3: " "
            RenderTableCell {TD} at (552,42) size 8x14 [bgcolor=#026766] [r=3 c=71 rs=1 cs=1]
              RenderInline {FONT} at (0,0) size 3x14
                RenderText {#text} at (0,0) size 3x14
                  text run at (0,0) width 3: " "
            RenderTableCell {TD} at (560,42) size 8x14 [bgcolor=#026766] [r=3 c=72 rs=1 cs=1]
              RenderInline {FONT} at (0,0) size 3x14
                RenderText {#text} at (0,0) size 3x14
                  text run at (0,0) width 3: " "
            RenderTableCell {TD} at (568,42) size 8x14 [bgcolor=#026766] [r=3 c=73 rs=1 cs=1]
              RenderInline {FONT} at (0,0) size 3x14
                RenderText {#text} at (0,0) size 3x14
                  text run at (0,0) width 3: " "
            RenderTableCell {TD} at (576,42) size 8x14 [bgcolor=#025E5E] [r=3 c=74 rs=1 cs=1]
              RenderInline {FONT} at (0,0) size 3x14
                RenderText {#text} at (0,0) size 3x14
                  text run at (0,0) width 3: " "
            RenderTableCell {TD} at (584,42) size 8x14 [bgcolor=#025E5E] [r=3 c=75 rs=1 cs=1]
              RenderInline {FONT} at (0,0) size 3x14
                RenderText {#text} at (0,0) size 3x14
                  text run at (0,0) width 3: " "
            RenderTableCell {TD} at (592,42) size 8x14 [bgcolor=#025E5E] [r=3 c=76 rs=1 cs=1]
              RenderInline {FONT} at (0,0) size 3x14
                RenderText {#text} at (0,0) size 3x14
                  text run at (0,0) width 3: " "
            RenderTableCell {TD} at (600,42) size 8x14 [bgcolor=#025E5E] [r=3 c=77 rs=1 cs=1]
              RenderInline {FONT} at (0,0) size 3x14
                RenderText {#text} at (0,0) size 3x14
                  text run at (0,0) width 3: " "
            RenderTableCell {TD} at (608,42) size 8x14 [bgcolor=#026766] [r=3 c=78 rs=1 cs=1]
              RenderInline {FONT} at (0,0) size 3x14
                RenderText {#text} at (0,0) size 3x14
                  text run at (0,0) width 3: " "
            RenderTableCell {TD} at (616,42) size 8x14 [bgcolor=#026766] [r=3 c=79 rs=1 cs=1]
              RenderInline {FONT} at (0,0) size 3x14
                RenderText {#text} at (0,0) size 3x14
                  text run at (0,0) width 3: " "
            RenderTableCell {TD} at (624,42) size 8x14 [bgcolor=#026766] [r=3 c=80 rs=1 cs=1]
              RenderInline {FONT} at (0,0) size 3x14
                RenderText {#text} at (0,0) size 3x14
                  text run at (0,0) width 3: " "
            RenderTableCell {TD} at (632,42) size 8x14 [bgcolor=#026766] [r=3 c=81 rs=1 cs=1]
              RenderInline {FONT} at (0,0) size 3x14
                RenderText {#text} at (0,0) size 3x14
                  text run at (0,0) width 3: " "
            RenderTableCell {TD} at (640,42) size 8x14 [bgcolor=#026766] [r=3 c=82 rs=1 cs=1]
              RenderInline {FONT} at (0,0) size 3x14
                RenderText {#text} at (0,0) size 3x14
                  text run at (0,0) width 3: " "
            RenderTableCell {TD} at (648,42) size 8x14 [bgcolor=#026766] [r=3 c=83 rs=1 cs=1]
              RenderInline {FONT} at (0,0) size 3x14
                RenderText {#text} at (0,0) size 3x14
                  text run at (0,0) width 3: " "
            RenderTableCell {TD} at (656,42) size 8x14 [bgcolor=#026766] [r=3 c=84 rs=1 cs=1]
              RenderInline {FONT} at (0,0) size 3x14
                RenderText {#text} at (0,0) size 3x14
                  text run at (0,0) width 3: " "
            RenderTableCell {TD} at (664,42) size 8x14 [bgcolor=#026766] [r=3 c=85 rs=1 cs=1]
              RenderInline {FONT} at (0,0) size 3x14
                RenderText {#text} at (0,0) size 3x14
                  text run at (0,0) width 3: " "
            RenderTableCell {TD} at (672,42) size 8x14 [bgcolor=#026766] [r=3 c=86 rs=1 cs=1]
              RenderInline {FONT} at (0,0) size 3x14
                RenderText {#text} at (0,0) size 3x14
                  text run at (0,0) width 3: " "
            RenderTableCell {TD} at (680,42) size 8x14 [bgcolor=#026766] [r=3 c=87 rs=1 cs=1]
              RenderInline {FONT} at (0,0) size 3x14
                RenderText {#text} at (0,0) size 3x14
                  text run at (0,0) width 3: " "
            RenderTableCell {TD} at (688,42) size 8x14 [bgcolor=#026766] [r=3 c=88 rs=1 cs=1]
              RenderInline {FONT} at (0,0) size 3x14
                RenderText {#text} at (0,0) size 3x14
                  text run at (0,0) width 3: " "
            RenderTableCell {TD} at (696,42) size 8x14 [bgcolor=#026766] [r=3 c=89 rs=1 cs=1]
              RenderInline {FONT} at (0,0) size 3x14
                RenderText {#text} at (0,0) size 3x14
                  text run at (0,0) width 3: " "
            RenderTableCell {TD} at (704,42) size 8x14 [bgcolor=#026766] [r=3 c=90 rs=1 cs=1]
              RenderInline {FONT} at (0,0) size 3x14
                RenderText {#text} at (0,0) size 3x14
                  text run at (0,0) width 3: " "
            RenderTableCell {TD} at (712,42) size 8x14 [bgcolor=#026766] [r=3 c=91 rs=1 cs=1]
              RenderInline {FONT} at (0,0) size 3x14
                RenderText {#text} at (0,0) size 3x14
                  text run at (0,0) width 3: " "
            RenderTableCell {TD} at (720,42) size 8x14 [bgcolor=#025E5E] [r=3 c=92 rs=1 cs=1]
              RenderInline {FONT} at (0,0) size 3x14
                RenderText {#text} at (0,0) size 3x14
                  text run at (0,0) width 3: " "
            RenderTableCell {TD} at (728,42) size 8x14 [bgcolor=#044140] [r=3 c=93 rs=1 cs=1]
              RenderInline {FONT} at (0,0) size 3x14
                RenderText {#text} at (0,0) size 3x14
                  text run at (0,0) width 3: " "
            RenderTableCell {TD} at (736,42) size 8x14 [bgcolor=#344C4E] [r=3 c=94 rs=1 cs=1]
              RenderInline {FONT} at (0,0) size 3x14
                RenderText {#text} at (0,0) size 3x14
                  text run at (0,0) width 3: " "
            RenderTableCell {TD} at (744,42) size 8x14 [bgcolor=#777878] [r=3 c=95 rs=1 cs=1]
              RenderInline {FONT} at (0,0) size 3x14
                RenderText {#text} at (0,0) size 3x14
                  text run at (0,0) width 3: " "
            RenderTableCell {TD} at (752,42) size 8x14 [bgcolor=#91A3A3] [r=3 c=96 rs=1 cs=1]
              RenderInline {FONT} at (0,0) size 3x14
                RenderText {#text} at (0,0) size 3x14
                  text run at (0,0) width 3: " "
            RenderTableCell {TD} at (760,42) size 8x14 [bgcolor=#B4B4B4] [r=3 c=97 rs=1 cs=1]
              RenderInline {FONT} at (0,0) size 3x14
                RenderText {#text} at (0,0) size 3x14
                  text run at (0,0) width 3: " "
            RenderTableCell {TD} at (768,42) size 8x14 [bgcolor=#A5A6A6] [r=3 c=98 rs=1 cs=1]
              RenderInline {FONT} at (0,0) size 3x14
                RenderText {#text} at (0,0) size 3x14
                  text run at (0,0) width 3: " "
            RenderTableCell {TD} at (776,42) size 8x14 [bgcolor=#848788] [r=3 c=99 rs=1 cs=1]
              RenderInline {FONT} at (0,0) size 3x14
                RenderText {#text} at (0,0) size 3x14
                  text run at (0,0) width 3: " "
          RenderTableRow {TR} at (0,56) size 784x14
            RenderTableCell {TD} at (0,56) size 7x14 [bgcolor=#FDFDFB] [r=4 c=0 rs=1 cs=1]
              RenderInline {FONT} at (0,0) size 3x14
                RenderText {#text} at (0,0) size 3x14
                  text run at (0,0) width 3: " "
            RenderTableCell {TD} at (7,56) size 7x14 [bgcolor=#FDFDFB] [r=4 c=1 rs=1 cs=1]
              RenderInline {FONT} at (0,0) size 3x14
                RenderText {#text} at (0,0) size 3x14
                  text run at (0,0) width 3: " "
            RenderTableCell {TD} at (14,56) size 7x14 [bgcolor=#FDFDFB] [r=4 c=2 rs=1 cs=1]
              RenderInline {FONT} at (0,0) size 3x14
                RenderText {#text} at (0,0) size 3x14
                  text run at (0,0) width 3: " "
            RenderTableCell {TD} at (21,56) size 7x14 [bgcolor=#EDEEEF] [r=4 c=3 rs=1 cs=1]
              RenderInline {FONT} at (0,0) size 3x14
                RenderText {#text} at (0,0) size 3x14
                  text run at (0,0) width 3: " "
            RenderTableCell {TD} at (28,56) size 7x14 [bgcolor=#66BABC] [r=4 c=4 rs=1 cs=1]
              RenderInline {FONT} at (0,0) size 3x14
                RenderText {#text} at (0,0) size 3x14
                  text run at (0,0) width 3: " "
            RenderTableCell {TD} at (35,56) size 7x14 [bgcolor=#048485] [r=4 c=5 rs=1 cs=1]
              RenderInline {FONT} at (0,0) size 3x14
                RenderText {#text} at (0,0) size 3x14
                  text run at (0,0) width 3: " "
            RenderTableCell {TD} at (42,56) size 7x14 [bgcolor=#048485] [r=4 c=6 rs=1 cs=1]
              RenderInline {FONT} at (0,0) size 3x14
                RenderText {#text} at (0,0) size 3x14
                  text run at (0,0) width 3: " "
            RenderTableCell {TD} at (49,56) size 7x14 [bgcolor=#027777] [r=4 c=7 rs=1 cs=1]
              RenderInline {FONT} at (0,0) size 3x14
                RenderText {#text} at (0,0) size 3x14
                  text run at (0,0) width 3: " "
            RenderTableCell {TD} at (56,56) size 7x14 [bgcolor=#026766] [r=4 c=8 rs=1 cs=1]
              RenderInline {FONT} at (0,0) size 3x14
                RenderText {#text} at (0,0) size 3x14
                  text run at (0,0) width 3: " "
            RenderTableCell {TD} at (63,56) size 7x14 [bgcolor=#026766] [r=4 c=9 rs=1 cs=1]
              RenderInline {FONT} at (0,0) size 3x14
                RenderText {#text} at (0,0) size 3x14
                  text run at (0,0) width 3: " "
            RenderTableCell {TD} at (70,56) size 7x14 [bgcolor=#026766] [r=4 c=10 rs=1 cs=1]
              RenderInline {FONT} at (0,0) size 3x14
                RenderText {#text} at (0,0) size 3x14
                  text run at (0,0) width 3: " "
            RenderTableCell {TD} at (77,56) size 7x14 [bgcolor=#026766] [r=4 c=11 rs=1 cs=1]
              RenderInline {FONT} at (0,0) size 3x14
                RenderText {#text} at (0,0) size 3x14
                  text run at (0,0) width 3: " "
            RenderTableCell {TD} at (84,56) size 7x14 [bgcolor=#025E5E] [r=4 c=12 rs=1 cs=1]
              RenderInline {FONT} at (0,0) size 3x14
                RenderText {#text} at (0,0) size 3x14
                  text run at (0,0) width 3: " "
            RenderTableCell {TD} at (91,56) size 7x14 [bgcolor=#044140] [r=4 c=13 rs=1 cs=1]
              RenderInline {FONT} at (0,0) size 3x14
                RenderText {#text} at (0,0) size 3x14
                  text run at (0,0) width 3: " "
            RenderTableCell {TD} at (98,56) size 7x14 [bgcolor=#083131] [r=4 c=14 rs=1 cs=1]
              RenderInline {FONT} at (0,0) size 3x14
                RenderText {#text} at (0,0) size 3x14
                  text run at (0,0) width 3: " "
            RenderTableCell {TD} at (105,56) size 7x14 [bgcolor=#3D4242] [r=4 c=15 rs=1 cs=1]
              RenderInline {FONT} at (0,0) size 3x14
                RenderText {#text} at (0,0) size 3x14
                  text run at (0,0) width 3: " "
            RenderTableCell {TD} at (112,56) size 8x14 [bgcolor=#515C5B] [r=4 c=16 rs=1 cs=1]
              RenderInline {FONT} at (0,0) size 3x14
                RenderText {#text} at (0,0) size 3x14
                  text run at (0,0) width 3: " "
            RenderTableCell {TD} at (120,56) size 8x14 [bgcolor=#696A69] [r=4 c=17 rs=1 cs=1]
              RenderInline {FONT} at (0,0) size 3x14
                RenderText {#text} at (0,0) size 3x14
                  text run at (0,0) width 3: " "
            RenderTableCell {TD} at (128,56) size 8x14 [bgcolor=#526B6B] [r=4 c=18 rs=1 cs=1]
              RenderInline {FONT} at (0,0) size 3x14
                RenderText {#text} at (0,0) size 3x14
                  text run at (0,0) width 3: " "
            RenderTableCell {TD} at (136,56) size 8x14 [bgcolor=#026766] [r=4 c=19 rs=1 cs=1]
              RenderInline {FONT} at (0,0) size 3x14
                RenderText {#text} at (0,0) size 3x14
                  text run at (0,0) width 3: " "
            RenderTableCell {TD} at (144,56) size 8x14 [bgcolor=#026766] [r=4 c=20 rs=1 cs=1]
              RenderInline {FONT} at (0,0) size 3x14
                RenderText {#text} at (0,0) size 3x14
                  text run at (0,0) width 3: " "
            RenderTableCell {TD} at (152,56) size 8x14 [bgcolor=#026766] [r=4 c=21 rs=1 cs=1]
              RenderInline {FONT} at (0,0) size 3x14
                RenderText {#text} at (0,0) size 3x14
                  text run at (0,0) width 3: " "
            RenderTableCell {TD} at (160,56) size 8x14 [bgcolor=#026766] [r=4 c=22 rs=1 cs=1]
              RenderInline {FONT} at (0,0) size 3x14
                RenderText {#text} at (0,0) size 3x14
                  text run at (0,0) width 3: " "
            RenderTableCell {TD} at (168,56) size 8x14 [bgcolor=#026766] [r=4 c=23 rs=1 cs=1]
              RenderInline {FONT} at (0,0) size 3x14
                RenderText {#text} at (0,0) size 3x14
                  text run at (0,0) width 3: " "
            RenderTableCell {TD} at (176,56) size 8x14 [bgcolor=#026766] [r=4 c=24 rs=1 cs=1]
              RenderInline {FONT} at (0,0) size 3x14
                RenderText {#text} at (0,0) size 3x14
                  text run at (0,0) width 3: " "
            RenderTableCell {TD} at (184,56) size 8x14 [bgcolor=#026766] [r=4 c=25 rs=1 cs=1]
              RenderInline {FONT} at (0,0) size 3x14
                RenderText {#text} at (0,0) size 3x14
                  text run at (0,0) width 3: " "
            RenderTableCell {TD} at (192,56) size 8x14 [bgcolor=#026766] [r=4 c=26 rs=1 cs=1]
              RenderInline {FONT} at (0,0) size 3x14
                RenderText {#text} at (0,0) size 3x14
                  text run at (0,0) width 3: " "
            RenderTableCell {TD} at (200,56) size 8x14 [bgcolor=#025E5E] [r=4 c=27 rs=1 cs=1]
              RenderInline {FONT} at (0,0) size 3x14
                RenderText {#text} at (0,0) size 3x14
                  text run at (0,0) width 3: " "
            RenderTableCell {TD} at (208,56) size 8x14 [bgcolor=#025E5E] [r=4 c=28 rs=1 cs=1]
              RenderInline {FONT} at (0,0) size 3x14
                RenderText {#text} at (0,0) size 3x14
                  text run at (0,0) width 3: " "
            RenderTableCell {TD} at (216,56) size 8x14 [bgcolor=#647979] [r=4 c=29 rs=1 cs=1]
              RenderInline {FONT} at (0,0) size 3x14
                RenderText {#text} at (0,0) size 3x14
                  text run at (0,0) width 3: " "
            RenderTableCell {TD} at (224,56) size 8x14 [bgcolor=#939494] [r=4 c=30 rs=1 cs=1]
              RenderInline {FONT} at (0,0) size 3x14
                RenderText {#text} at (0,0) size 3x14
                  text run at (0,0) width 3: " "
            RenderTableCell {TD} at (232,56) size 8x14 [bgcolor=#A5A6A6] [r=4 c=31 rs=1 cs=1]
              RenderInline {FONT} at (0,0) size 3x14
                RenderText {#text} at (0,0) size 3x14
                  text run at (0,0) width 3: " "
            RenderTableCell {TD} at (240,56) size 8x14 [bgcolor=#A5A6A6] [r=4 c=32 rs=1 cs=1]
              RenderInline {FONT} at (0,0) size 3x14
                RenderText {#text} at (0,0) size 3x14
                  text run at (0,0) width 3: " "
            RenderTableCell {TD} at (248,56) size 8x14 [bgcolor=#B4B4B4] [r=4 c=33 rs=1 cs=1]
              RenderInline {FONT} at (0,0) size 3x14
                RenderText {#text} at (0,0) size 3x14
                  text run at (0,0) width 3: " "
            RenderTableCell {TD} at (256,56) size 8x14 [bgcolor=#B4B4B4] [r=4 c=34 rs=1 cs=1]
              RenderInline {FONT} at (0,0) size 3x14
                RenderText {#text} at (0,0) size 3x14
                  text run at (0,0) width 3: " "
            RenderTableCell {TD} at (264,56) size 8x14 [bgcolor=#91A3A3] [r=4 c=35 rs=1 cs=1]
              RenderInline {FONT} at (0,0) size 3x14
                RenderText {#text} at (0,0) size 3x14
                  text run at (0,0) width 3: " "
            RenderTableCell {TD} at (272,56) size 8x14 [bgcolor=#048485] [r=4 c=36 rs=1 cs=1]
              RenderInline {FONT} at (0,0) size 3x14
                RenderText {#text} at (0,0) size 3x14
                  text run at (0,0) width 3: " "
            RenderTableCell {TD} at (280,56) size 8x14 [bgcolor=#027777] [r=4 c=37 rs=1 cs=1]
              RenderInline {FONT} at (0,0) size 3x14
                RenderText {#text} at (0,0) size 3x14
                  text run at (0,0) width 3: " "
            RenderTableCell {TD} at (288,56) size 8x14 [bgcolor=#026766] [r=4 c=38 rs=1 cs=1]
              RenderInline {FONT} at (0,0) size 3x14
                RenderText {#text} at (0,0) size 3x14
                  text run at (0,0) width 3: " "
            RenderTableCell {TD} at (296,56) size 8x14 [bgcolor=#026766] [r=4 c=39 rs=1 cs=1]
              RenderInline {FONT} at (0,0) size 3x14
                RenderText {#text} at (0,0) size 3x14
                  text run at (0,0) width 3: " "
            RenderTableCell {TD} at (304,56) size 8x14 [bgcolor=#026766] [r=4 c=40 rs=1 cs=1]
              RenderInline {FONT} at (0,0) size 3x14
                RenderText {#text} at (0,0) size 3x14
                  text run at (0,0) width 3: " "
            RenderTableCell {TD} at (312,56) size 8x14 [bgcolor=#026766] [r=4 c=41 rs=1 cs=1]
              RenderInline {FONT} at (0,0) size 3x14
                RenderText {#text} at (0,0) size 3x14
                  text run at (0,0) width 3: " "
            RenderTableCell {TD} at (320,56) size 8x14 [bgcolor=#026766] [r=4 c=42 rs=1 cs=1]
              RenderInline {FONT} at (0,0) size 3x14
                RenderText {#text} at (0,0) size 3x14
                  text run at (0,0) width 3: " "
            RenderTableCell {TD} at (328,56) size 8x14 [bgcolor=#026766] [r=4 c=43 rs=1 cs=1]
              RenderInline {FONT} at (0,0) size 3x14
                RenderText {#text} at (0,0) size 3x14
                  text run at (0,0) width 3: " "
            RenderTableCell {TD} at (336,56) size 8x14 [bgcolor=#026766] [r=4 c=44 rs=1 cs=1]
              RenderInline {FONT} at (0,0) size 3x14
                RenderText {#text} at (0,0) size 3x14
                  text run at (0,0) width 3: " "
            RenderTableCell {TD} at (344,56) size 8x14 [bgcolor=#026766] [r=4 c=45 rs=1 cs=1]
              RenderInline {FONT} at (0,0) size 3x14
                RenderText {#text} at (0,0) size 3x14
                  text run at (0,0) width 3: " "
            RenderTableCell {TD} at (352,56) size 8x14 [bgcolor=#026766] [r=4 c=46 rs=1 cs=1]
              RenderInline {FONT} at (0,0) size 3x14
                RenderText {#text} at (0,0) size 3x14
                  text run at (0,0) width 3: " "
            RenderTableCell {TD} at (360,56) size 8x14 [bgcolor=#026766] [r=4 c=47 rs=1 cs=1]
              RenderInline {FONT} at (0,0) size 3x14
                RenderText {#text} at (0,0) size 3x14
                  text run at (0,0) width 3: " "
            RenderTableCell {TD} at (368,56) size 8x14 [bgcolor=#026766] [r=4 c=48 rs=1 cs=1]
              RenderInline {FONT} at (0,0) size 3x14
                RenderText {#text} at (0,0) size 3x14
                  text run at (0,0) width 3: " "
            RenderTableCell {TD} at (376,56) size 8x14 [bgcolor=#026766] [r=4 c=49 rs=1 cs=1]
              RenderInline {FONT} at (0,0) size 3x14
                RenderText {#text} at (0,0) size 3x14
                  text run at (0,0) width 3: " "
            RenderTableCell {TD} at (384,56) size 8x14 [bgcolor=#026766] [r=4 c=50 rs=1 cs=1]
              RenderInline {FONT} at (0,0) size 3x14
                RenderText {#text} at (0,0) size 3x14
                  text run at (0,0) width 3: " "
            RenderTableCell {TD} at (392,56) size 8x14 [bgcolor=#026766] [r=4 c=51 rs=1 cs=1]
              RenderInline {FONT} at (0,0) size 3x14
                RenderText {#text} at (0,0) size 3x14
                  text run at (0,0) width 3: " "
            RenderTableCell {TD} at (400,56) size 8x14 [bgcolor=#026766] [r=4 c=52 rs=1 cs=1]
              RenderInline {FONT} at (0,0) size 3x14
                RenderText {#text} at (0,0) size 3x14
                  text run at (0,0) width 3: " "
            RenderTableCell {TD} at (408,56) size 8x14 [bgcolor=#025E5E] [r=4 c=53 rs=1 cs=1]
              RenderInline {FONT} at (0,0) size 3x14
                RenderText {#text} at (0,0) size 3x14
                  text run at (0,0) width 3: " "
            RenderTableCell {TD} at (416,56) size 8x14 [bgcolor=#025E5E] [r=4 c=54 rs=1 cs=1]
              RenderInline {FONT} at (0,0) size 3x14
                RenderText {#text} at (0,0) size 3x14
                  text run at (0,0) width 3: " "
            RenderTableCell {TD} at (424,56) size 8x14 [bgcolor=#044140] [r=4 c=55 rs=1 cs=1]
              RenderInline {FONT} at (0,0) size 3x14
                RenderText {#text} at (0,0) size 3x14
                  text run at (0,0) width 3: " "
            RenderTableCell {TD} at (432,56) size 8x14 [bgcolor=#083131] [r=4 c=56 rs=1 cs=1]
              RenderInline {FONT} at (0,0) size 3x14
                RenderText {#text} at (0,0) size 3x14
                  text run at (0,0) width 3: " "
            RenderTableCell {TD} at (440,56) size 8x14 [bgcolor=#4D4F4F] [r=4 c=57 rs=1 cs=1]
              RenderInline {FONT} at (0,0) size 3x14
                RenderText {#text} at (0,0) size 3x14
                  text run at (0,0) width 3: " "
            RenderTableCell {TD} at (448,56) size 8x14 [bgcolor=#777878] [r=4 c=58 rs=1 cs=1]
              RenderInline {FONT} at (0,0) size 3x14
                RenderText {#text} at (0,0) size 3x14
                  text run at (0,0) width 3: " "
            RenderTableCell {TD} at (456,56) size 8x14 [bgcolor=#939494] [r=4 c=59 rs=1 cs=1]
              RenderInline {FONT} at (0,0) size 3x14
                RenderText {#text} at (0,0) size 3x14
                  text run at (0,0) width 3: " "
            RenderTableCell {TD} at (464,56) size 8x14 [bgcolor=#A5A6A6] [r=4 c=60 rs=1 cs=1]
              RenderInline {FONT} at (0,0) size 3x14
                RenderText {#text} at (0,0) size 3x14
                  text run at (0,0) width 3: " "
            RenderTableCell {TD} at (472,56) size 8x14 [bgcolor=#B4B4B4] [r=4 c=61 rs=1 cs=1]
              RenderInline {FONT} at (0,0) size 3x14
                RenderText {#text} at (0,0) size 3x14
                  text run at (0,0) width 3: " "
            RenderTableCell {TD} at (480,56) size 8x14 [bgcolor=#A5A6A6] [r=4 c=62 rs=1 cs=1]
              RenderInline {FONT} at (0,0) size 3x14
                RenderText {#text} at (0,0) size 3x14
                  text run at (0,0) width 3: " "
            RenderTableCell {TD} at (488,56) size 8x14 [bgcolor=#589594] [r=4 c=63 rs=1 cs=1]
              RenderInline {FONT} at (0,0) size 3x14
                RenderText {#text} at (0,0) size 3x14
                  text run at (0,0) width 3: " "
            RenderTableCell {TD} at (496,56) size 8x14 [bgcolor=#048485] [r=4 c=64 rs=1 cs=1]
              RenderInline {FONT} at (0,0) size 3x14
                RenderText {#text} at (0,0) size 3x14
                  text run at (0,0) width 3: " "
            RenderTableCell {TD} at (504,56) size 8x14 [bgcolor=#048485] [r=4 c=65 rs=1 cs=1]
              RenderInline {FONT} at (0,0) size 3x14
                RenderText {#text} at (0,0) size 3x14
                  text run at (0,0) width 3: " "
            RenderTableCell {TD} at (512,56) size 8x14 [bgcolor=#027777] [r=4 c=66 rs=1 cs=1]
              RenderInline {FONT} at (0,0) size 3x14
                RenderText {#text} at (0,0) size 3x14
                  text run at (0,0) width 3: " "
            RenderTableCell {TD} at (520,56) size 8x14 [bgcolor=#027777] [r=4 c=67 rs=1 cs=1]
              RenderInline {FONT} at (0,0) size 3x14
                RenderText {#text} at (0,0) size 3x14
                  text run at (0,0) width 3: " "
            RenderTableCell {TD} at (528,56) size 8x14 [bgcolor=#026766] [r=4 c=68 rs=1 cs=1]
              RenderInline {FONT} at (0,0) size 3x14
                RenderText {#text} at (0,0) size 3x14
                  text run at (0,0) width 3: " "
            RenderTableCell {TD} at (536,56) size 8x14 [bgcolor=#026766] [r=4 c=69 rs=1 cs=1]
              RenderInline {FONT} at (0,0) size 3x14
                RenderText {#text} at (0,0) size 3x14
                  text run at (0,0) width 3: " "
            RenderTableCell {TD} at (544,56) size 8x14 [bgcolor=#026766] [r=4 c=70 rs=1 cs=1]
              RenderInline {FONT} at (0,0) size 3x14
                RenderText {#text} at (0,0) size 3x14
                  text run at (0,0) width 3: " "
            RenderTableCell {TD} at (552,56) size 8x14 [bgcolor=#026766] [r=4 c=71 rs=1 cs=1]
              RenderInline {FONT} at (0,0) size 3x14
                RenderText {#text} at (0,0) size 3x14
                  text run at (0,0) width 3: " "
            RenderTableCell {TD} at (560,56) size 8x14 [bgcolor=#025E5E] [r=4 c=72 rs=1 cs=1]
              RenderInline {FONT} at (0,0) size 3x14
                RenderText {#text} at (0,0) size 3x14
                  text run at (0,0) width 3: " "
            RenderTableCell {TD} at (568,56) size 8x14 [bgcolor=#025E5E] [r=4 c=73 rs=1 cs=1]
              RenderInline {FONT} at (0,0) size 3x14
                RenderText {#text} at (0,0) size 3x14
                  text run at (0,0) width 3: " "
            RenderTableCell {TD} at (576,56) size 8x14 [bgcolor=#044F4F] [r=4 c=74 rs=1 cs=1]
              RenderInline {FONT} at (0,0) size 3x14
                RenderText {#text} at (0,0) size 3x14
                  text run at (0,0) width 3: " "
            RenderTableCell {TD} at (584,56) size 8x14 [bgcolor=#044140] [r=4 c=75 rs=1 cs=1]
              RenderInline {FONT} at (0,0) size 3x14
                RenderText {#text} at (0,0) size 3x14
                  text run at (0,0) width 3: " "
            RenderTableCell {TD} at (592,56) size 8x14 [bgcolor=#044F4F] [r=4 c=76 rs=1 cs=1]
              RenderInline {FONT} at (0,0) size 3x14
                RenderText {#text} at (0,0) size 3x14
                  text run at (0,0) width 3: " "
            RenderTableCell {TD} at (600,56) size 8x14 [bgcolor=#044F4F] [r=4 c=77 rs=1 cs=1]
              RenderInline {FONT} at (0,0) size 3x14
                RenderText {#text} at (0,0) size 3x14
                  text run at (0,0) width 3: " "
            RenderTableCell {TD} at (608,56) size 8x14 [bgcolor=#025E5E] [r=4 c=78 rs=1 cs=1]
              RenderInline {FONT} at (0,0) size 3x14
                RenderText {#text} at (0,0) size 3x14
                  text run at (0,0) width 3: " "
            RenderTableCell {TD} at (616,56) size 8x14 [bgcolor=#026766] [r=4 c=79 rs=1 cs=1]
              RenderInline {FONT} at (0,0) size 3x14
                RenderText {#text} at (0,0) size 3x14
                  text run at (0,0) width 3: " "
            RenderTableCell {TD} at (624,56) size 8x14 [bgcolor=#026766] [r=4 c=80 rs=1 cs=1]
              RenderInline {FONT} at (0,0) size 3x14
                RenderText {#text} at (0,0) size 3x14
                  text run at (0,0) width 3: " "
            RenderTableCell {TD} at (632,56) size 8x14 [bgcolor=#026766] [r=4 c=81 rs=1 cs=1]
              RenderInline {FONT} at (0,0) size 3x14
                RenderText {#text} at (0,0) size 3x14
                  text run at (0,0) width 3: " "
            RenderTableCell {TD} at (640,56) size 8x14 [bgcolor=#026766] [r=4 c=82 rs=1 cs=1]
              RenderInline {FONT} at (0,0) size 3x14
                RenderText {#text} at (0,0) size 3x14
                  text run at (0,0) width 3: " "
            RenderTableCell {TD} at (648,56) size 8x14 [bgcolor=#026766] [r=4 c=83 rs=1 cs=1]
              RenderInline {FONT} at (0,0) size 3x14
                RenderText {#text} at (0,0) size 3x14
                  text run at (0,0) width 3: " "
            RenderTableCell {TD} at (656,56) size 8x14 [bgcolor=#026766] [r=4 c=84 rs=1 cs=1]
              RenderInline {FONT} at (0,0) size 3x14
                RenderText {#text} at (0,0) size 3x14
                  text run at (0,0) width 3: " "
            RenderTableCell {TD} at (664,56) size 8x14 [bgcolor=#026766] [r=4 c=85 rs=1 cs=1]
              RenderInline {FONT} at (0,0) size 3x14
                RenderText {#text} at (0,0) size 3x14
                  text run at (0,0) width 3: " "
            RenderTableCell {TD} at (672,56) size 8x14 [bgcolor=#026766] [r=4 c=86 rs=1 cs=1]
              RenderInline {FONT} at (0,0) size 3x14
                RenderText {#text} at (0,0) size 3x14
                  text run at (0,0) width 3: " "
            RenderTableCell {TD} at (680,56) size 8x14 [bgcolor=#026766] [r=4 c=87 rs=1 cs=1]
              RenderInline {FONT} at (0,0) size 3x14
                RenderText {#text} at (0,0) size 3x14
                  text run at (0,0) width 3: " "
            RenderTableCell {TD} at (688,56) size 8x14 [bgcolor=#026766] [r=4 c=88 rs=1 cs=1]
              RenderInline {FONT} at (0,0) size 3x14
                RenderText {#text} at (0,0) size 3x14
                  text run at (0,0) width 3: " "
            RenderTableCell {TD} at (696,56) size 8x14 [bgcolor=#026766] [r=4 c=89 rs=1 cs=1]
              RenderInline {FONT} at (0,0) size 3x14
                RenderText {#text} at (0,0) size 3x14
                  text run at (0,0) width 3: " "
            RenderTableCell {TD} at (704,56) size 8x14 [bgcolor=#026766] [r=4 c=90 rs=1 cs=1]
              RenderInline {FONT} at (0,0) size 3x14
                RenderText {#text} at (0,0) size 3x14
                  text run at (0,0) width 3: " "
            RenderTableCell {TD} at (712,56) size 8x14 [bgcolor=#025E5E] [r=4 c=91 rs=1 cs=1]
              RenderInline {FONT} at (0,0) size 3x14
                RenderText {#text} at (0,0) size 3x14
                  text run at (0,0) width 3: " "
            RenderTableCell {TD} at (720,56) size 8x14 [bgcolor=#044F4F] [r=4 c=92 rs=1 cs=1]
              RenderInline {FONT} at (0,0) size 3x14
                RenderText {#text} at (0,0) size 3x14
                  text run at (0,0) width 3: " "
            RenderTableCell {TD} at (728,56) size 8x14 [bgcolor=#044140] [r=4 c=93 rs=1 cs=1]
              RenderInline {FONT} at (0,0) size 3x14
                RenderText {#text} at (0,0) size 3x14
                  text run at (0,0) width 3: " "
            RenderTableCell {TD} at (736,56) size 8x14 [bgcolor=#3D4242] [r=4 c=94 rs=1 cs=1]
              RenderInline {FONT} at (0,0) size 3x14
                RenderText {#text} at (0,0) size 3x14
                  text run at (0,0) width 3: " "
            RenderTableCell {TD} at (744,56) size 8x14 [bgcolor=#696A69] [r=4 c=95 rs=1 cs=1]
              RenderInline {FONT} at (0,0) size 3x14
                RenderText {#text} at (0,0) size 3x14
                  text run at (0,0) width 3: " "
            RenderTableCell {TD} at (752,56) size 8x14 [bgcolor=#939494] [r=4 c=96 rs=1 cs=1]
              RenderInline {FONT} at (0,0) size 3x14
                RenderText {#text} at (0,0) size 3x14
                  text run at (0,0) width 3: " "
            RenderTableCell {TD} at (760,56) size 8x14 [bgcolor=#A5A6A6] [r=4 c=97 rs=1 cs=1]
              RenderInline {FONT} at (0,0) size 3x14
                RenderText {#text} at (0,0) size 3x14
                  text run at (0,0) width 3: " "
            RenderTableCell {TD} at (768,56) size 8x14 [bgcolor=#939494] [r=4 c=98 rs=1 cs=1]
              RenderInline {FONT} at (0,0) size 3x14
                RenderText {#text} at (0,0) size 3x14
                  text run at (0,0) width 3: " "
            RenderTableCell {TD} at (776,56) size 8x14 [bgcolor=#696A69] [r=4 c=99 rs=1 cs=1]
              RenderInline {FONT} at (0,0) size 3x14
                RenderText {#text} at (0,0) size 3x14
                  text run at (0,0) width 3: " "
          RenderTableRow {TR} at (0,70) size 784x14
            RenderTableCell {TD} at (0,70) size 7x14 [bgcolor=#FDFDFB] [r=5 c=0 rs=1 cs=1]
              RenderInline {FONT} at (0,0) size 3x14
                RenderText {#text} at (0,0) size 3x14
                  text run at (0,0) width 3: " "
            RenderTableCell {TD} at (7,70) size 7x14 [bgcolor=#FDFDFB] [r=5 c=1 rs=1 cs=1]
              RenderInline {FONT} at (0,0) size 3x14
                RenderText {#text} at (0,0) size 3x14
                  text run at (0,0) width 3: " "
            RenderTableCell {TD} at (14,70) size 7x14 [bgcolor=#FDFDFB] [r=5 c=2 rs=1 cs=1]
              RenderInline {FONT} at (0,0) size 3x14
                RenderText {#text} at (0,0) size 3x14
                  text run at (0,0) width 3: " "
            RenderTableCell {TD} at (21,70) size 7x14 [bgcolor=#7DBAB9] [r=5 c=3 rs=1 cs=1]
              RenderInline {FONT} at (0,0) size 3x14
                RenderText {#text} at (0,0) size 3x14
                  text run at (0,0) width 3: " "
            RenderTableCell {TD} at (28,70) size 7x14 [bgcolor=#048485] [r=5 c=4 rs=1 cs=1]
              RenderInline {FONT} at (0,0) size 3x14
                RenderText {#text} at (0,0) size 3x14
                  text run at (0,0) width 3: " "
            RenderTableCell {TD} at (35,70) size 7x14 [bgcolor=#048485] [r=5 c=5 rs=1 cs=1]
              RenderInline {FONT} at (0,0) size 3x14
                RenderText {#text} at (0,0) size 3x14
                  text run at (0,0) width 3: " "
            RenderTableCell {TD} at (42,70) size 7x14 [bgcolor=#027777] [r=5 c=6 rs=1 cs=1]
              RenderInline {FONT} at (0,0) size 3x14
                RenderText {#text} at (0,0) size 3x14
                  text run at (0,0) width 3: " "
            RenderTableCell {TD} at (49,70) size 7x14 [bgcolor=#026766] [r=5 c=7 rs=1 cs=1]
              RenderInline {FONT} at (0,0) size 3x14
                RenderText {#text} at (0,0) size 3x14
                  text run at (0,0) width 3: " "
            RenderTableCell {TD} at (56,70) size 7x14 [bgcolor=#026766] [r=5 c=8 rs=1 cs=1]
              RenderInline {FONT} at (0,0) size 3x14
                RenderText {#text} at (0,0) size 3x14
                  text run at (0,0) width 3: " "
            RenderTableCell {TD} at (63,70) size 7x14 [bgcolor=#026766] [r=5 c=9 rs=1 cs=1]
              RenderInline {FONT} at (0,0) size 3x14
                RenderText {#text} at (0,0) size 3x14
                  text run at (0,0) width 3: " "
            RenderTableCell {TD} at (70,70) size 7x14 [bgcolor=#026766] [r=5 c=10 rs=1 cs=1]
              RenderInline {FONT} at (0,0) size 3x14
                RenderText {#text} at (0,0) size 3x14
                  text run at (0,0) width 3: " "
            RenderTableCell {TD} at (77,70) size 7x14 [bgcolor=#025E5E] [r=5 c=11 rs=1 cs=1]
              RenderInline {FONT} at (0,0) size 3x14
                RenderText {#text} at (0,0) size 3x14
                  text run at (0,0) width 3: " "
            RenderTableCell {TD} at (84,70) size 7x14 [bgcolor=#025E5E] [r=5 c=12 rs=1 cs=1]
              RenderInline {FONT} at (0,0) size 3x14
                RenderText {#text} at (0,0) size 3x14
                  text run at (0,0) width 3: " "
            RenderTableCell {TD} at (91,70) size 7x14 [bgcolor=#044140] [r=5 c=13 rs=1 cs=1]
              RenderInline {FONT} at (0,0) size 3x14
                RenderText {#text} at (0,0) size 3x14
                  text run at (0,0) width 3: " "
            RenderTableCell {TD} at (98,70) size 7x14 [bgcolor=#223C3D] [r=5 c=14 rs=1 cs=1]
              RenderInline {FONT} at (0,0) size 3x14
                RenderText {#text} at (0,0) size 3x14
                  text run at (0,0) width 3: " "
            RenderTableCell {TD} at (105,70) size 7x14 [bgcolor=#4D4F4F] [r=5 c=15 rs=1 cs=1]
              RenderInline {FONT} at (0,0) size 3x14
                RenderText {#text} at (0,0) size 3x14
                  text run at (0,0) width 3: " "
            RenderTableCell {TD} at (112,70) size 8x14 [bgcolor=#696A69] [r=5 c=16 rs=1 cs=1]
              RenderInline {FONT} at (0,0) size 3x14
                RenderText {#text} at (0,0) size 3x14
                  text run at (0,0) width 3: " "
            RenderTableCell {TD} at (120,70) size 8x14 [bgcolor=#777878] [r=5 c=17 rs=1 cs=1]
              RenderInline {FONT} at (0,0) size 3x14
                RenderText {#text} at (0,0) size 3x14
                  text run at (0,0) width 3: " "
            RenderTableCell {TD} at (128,70) size 8x14 [bgcolor=#777878] [r=5 c=18 rs=1 cs=1]
              RenderInline {FONT} at (0,0) size 3x14
                RenderText {#text} at (0,0) size 3x14
                  text run at (0,0) width 3: " "
            RenderTableCell {TD} at (136,70) size 8x14 [bgcolor=#1E7A79] [r=5 c=19 rs=1 cs=1]
              RenderInline {FONT} at (0,0) size 3x14
                RenderText {#text} at (0,0) size 3x14
                  text run at (0,0) width 3: " "
            RenderTableCell {TD} at (144,70) size 8x14 [bgcolor=#027777] [r=5 c=20 rs=1 cs=1]
              RenderInline {FONT} at (0,0) size 3x14
                RenderText {#text} at (0,0) size 3x14
                  text run at (0,0) width 3: " "
            RenderTableCell {TD} at (152,70) size 8x14 [bgcolor=#026766] [r=5 c=21 rs=1 cs=1]
              RenderInline {FONT} at (0,0) size 3x14
                RenderText {#text} at (0,0) size 3x14
                  text run at (0,0) width 3: " "
            RenderTableCell {TD} at (160,70) size 8x14 [bgcolor=#026766] [r=5 c=22 rs=1 cs=1]
              RenderInline {FONT} at (0,0) size 3x14
                RenderText {#text} at (0,0) size 3x14
                  text run at (0,0) width 3: " "
            RenderTableCell {TD} at (168,70) size 8x14 [bgcolor=#026766] [r=5 c=23 rs=1 cs=1]
              RenderInline {FONT} at (0,0) size 3x14
                RenderText {#text} at (0,0) size 3x14
                  text run at (0,0) width 3: " "
            RenderTableCell {TD} at (176,70) size 8x14 [bgcolor=#026766] [r=5 c=24 rs=1 cs=1]
              RenderInline {FONT} at (0,0) size 3x14
                RenderText {#text} at (0,0) size 3x14
                  text run at (0,0) width 3: " "
            RenderTableCell {TD} at (184,70) size 8x14 [bgcolor=#026766] [r=5 c=25 rs=1 cs=1]
              RenderInline {FONT} at (0,0) size 3x14
                RenderText {#text} at (0,0) size 3x14
                  text run at (0,0) width 3: " "
            RenderTableCell {TD} at (192,70) size 8x14 [bgcolor=#026766] [r=5 c=26 rs=1 cs=1]
              RenderInline {FONT} at (0,0) size 3x14
                RenderText {#text} at (0,0) size 3x14
                  text run at (0,0) width 3: " "
            RenderTableCell {TD} at (200,70) size 8x14 [bgcolor=#025E5E] [r=5 c=27 rs=1 cs=1]
              RenderInline {FONT} at (0,0) size 3x14
                RenderText {#text} at (0,0) size 3x14
                  text run at (0,0) width 3: " "
            RenderTableCell {TD} at (208,70) size 8x14 [bgcolor=#025E5E] [r=5 c=28 rs=1 cs=1]
              RenderInline {FONT} at (0,0) size 3x14
                RenderText {#text} at (0,0) size 3x14
                  text run at (0,0) width 3: " "
            RenderTableCell {TD} at (216,70) size 8x14 [bgcolor=#025E5E] [r=5 c=29 rs=1 cs=1]
              RenderInline {FONT} at (0,0) size 3x14
                RenderText {#text} at (0,0) size 3x14
                  text run at (0,0) width 3: " "
            RenderTableCell {TD} at (224,70) size 8x14 [bgcolor=#526B6B] [r=5 c=30 rs=1 cs=1]
              RenderInline {FONT} at (0,0) size 3x14
                RenderText {#text} at (0,0) size 3x14
                  text run at (0,0) width 3: " "
            RenderTableCell {TD} at (232,70) size 8x14 [bgcolor=#848788] [r=5 c=31 rs=1 cs=1]
              RenderInline {FONT} at (0,0) size 3x14
                RenderText {#text} at (0,0) size 3x14
                  text run at (0,0) width 3: " "
            RenderTableCell {TD} at (240,70) size 8x14 [bgcolor=#939494] [r=5 c=32 rs=1 cs=1]
              RenderInline {FONT} at (0,0) size 3x14
                RenderText {#text} at (0,0) size 3x14
                  text run at (0,0) width 3: " "
            RenderTableCell {TD} at (248,70) size 8x14 [bgcolor=#939494] [r=5 c=33 rs=1 cs=1]
              RenderInline {FONT} at (0,0) size 3x14
                RenderText {#text} at (0,0) size 3x14
                  text run at (0,0) width 3: " "
            RenderTableCell {TD} at (256,70) size 8x14 [bgcolor=#91A3A3] [r=5 c=34 rs=1 cs=1]
              RenderInline {FONT} at (0,0) size 3x14
                RenderText {#text} at (0,0) size 3x14
                  text run at (0,0) width 3: " "
            RenderTableCell {TD} at (264,70) size 8x14 [bgcolor=#939494] [r=5 c=35 rs=1 cs=1]
              RenderInline {FONT} at (0,0) size 3x14
                RenderText {#text} at (0,0) size 3x14
                  text run at (0,0) width 3: " "
            RenderTableCell {TD} at (272,70) size 8x14 [bgcolor=#027777] [r=5 c=36 rs=1 cs=1]
              RenderInline {FONT} at (0,0) size 3x14
                RenderText {#text} at (0,0) size 3x14
                  text run at (0,0) width 3: " "
            RenderTableCell {TD} at (280,70) size 8x14 [bgcolor=#027777] [r=5 c=37 rs=1 cs=1]
              RenderInline {FONT} at (0,0) size 3x14
                RenderText {#text} at (0,0) size 3x14
                  text run at (0,0) width 3: " "
            RenderTableCell {TD} at (288,70) size 8x14 [bgcolor=#026766] [r=5 c=38 rs=1 cs=1]
              RenderInline {FONT} at (0,0) size 3x14
                RenderText {#text} at (0,0) size 3x14
                  text run at (0,0) width 3: " "
            RenderTableCell {TD} at (296,70) size 8x14 [bgcolor=#026766] [r=5 c=39 rs=1 cs=1]
              RenderInline {FONT} at (0,0) size 3x14
                RenderText {#text} at (0,0) size 3x14
                  text run at (0,0) width 3: " "
            RenderTableCell {TD} at (304,70) size 8x14 [bgcolor=#026766] [r=5 c=40 rs=1 cs=1]
              RenderInline {FONT} at (0,0) size 3x14
                RenderText {#text} at (0,0) size 3x14
                  text run at (0,0) width 3: " "
            RenderTableCell {TD} at (312,70) size 8x14 [bgcolor=#026766] [r=5 c=41 rs=1 cs=1]
              RenderInline {FONT} at (0,0) size 3x14
                RenderText {#text} at (0,0) size 3x14
                  text run at (0,0) width 3: " "
            RenderTableCell {TD} at (320,70) size 8x14 [bgcolor=#026766] [r=5 c=42 rs=1 cs=1]
              RenderInline {FONT} at (0,0) size 3x14
                RenderText {#text} at (0,0) size 3x14
                  text run at (0,0) width 3: " "
            RenderTableCell {TD} at (328,70) size 8x14 [bgcolor=#026766] [r=5 c=43 rs=1 cs=1]
              RenderInline {FONT} at (0,0) size 3x14
                RenderText {#text} at (0,0) size 3x14
                  text run at (0,0) width 3: " "
            RenderTableCell {TD} at (336,70) size 8x14 [bgcolor=#026766] [r=5 c=44 rs=1 cs=1]
              RenderInline {FONT} at (0,0) size 3x14
                RenderText {#text} at (0,0) size 3x14
                  text run at (0,0) width 3: " "
            RenderTableCell {TD} at (344,70) size 8x14 [bgcolor=#026766] [r=5 c=45 rs=1 cs=1]
              RenderInline {FONT} at (0,0) size 3x14
                RenderText {#text} at (0,0) size 3x14
                  text run at (0,0) width 3: " "
            RenderTableCell {TD} at (352,70) size 8x14 [bgcolor=#026766] [r=5 c=46 rs=1 cs=1]
              RenderInline {FONT} at (0,0) size 3x14
                RenderText {#text} at (0,0) size 3x14
                  text run at (0,0) width 3: " "
            RenderTableCell {TD} at (360,70) size 8x14 [bgcolor=#026766] [r=5 c=47 rs=1 cs=1]
              RenderInline {FONT} at (0,0) size 3x14
                RenderText {#text} at (0,0) size 3x14
                  text run at (0,0) width 3: " "
            RenderTableCell {TD} at (368,70) size 8x14 [bgcolor=#026766] [r=5 c=48 rs=1 cs=1]
              RenderInline {FONT} at (0,0) size 3x14
                RenderText {#text} at (0,0) size 3x14
                  text run at (0,0) width 3: " "
            RenderTableCell {TD} at (376,70) size 8x14 [bgcolor=#026766] [r=5 c=49 rs=1 cs=1]
              RenderInline {FONT} at (0,0) size 3x14
                RenderText {#text} at (0,0) size 3x14
                  text run at (0,0) width 3: " "
            RenderTableCell {TD} at (384,70) size 8x14 [bgcolor=#026766] [r=5 c=50 rs=1 cs=1]
              RenderInline {FONT} at (0,0) size 3x14
                RenderText {#text} at (0,0) size 3x14
                  text run at (0,0) width 3: " "
            RenderTableCell {TD} at (392,70) size 8x14 [bgcolor=#025E5E] [r=5 c=51 rs=1 cs=1]
              RenderInline {FONT} at (0,0) size 3x14
                RenderText {#text} at (0,0) size 3x14
                  text run at (0,0) width 3: " "
            RenderTableCell {TD} at (400,70) size 8x14 [bgcolor=#025E5E] [r=5 c=52 rs=1 cs=1]
              RenderInline {FONT} at (0,0) size 3x14
                RenderText {#text} at (0,0) size 3x14
                  text run at (0,0) width 3: " "
            RenderTableCell {TD} at (408,70) size 8x14 [bgcolor=#044F4F] [r=5 c=53 rs=1 cs=1]
              RenderInline {FONT} at (0,0) size 3x14
                RenderText {#text} at (0,0) size 3x14
                  text run at (0,0) width 3: " "
            RenderTableCell {TD} at (416,70) size 8x14 [bgcolor=#044140] [r=5 c=54 rs=1 cs=1]
              RenderInline {FONT} at (0,0) size 3x14
                RenderText {#text} at (0,0) size 3x14
                  text run at (0,0) width 3: " "
            RenderTableCell {TD} at (424,70) size 8x14 [bgcolor=#083131] [r=5 c=55 rs=1 cs=1]
              RenderInline {FONT} at (0,0) size 3x14
                RenderText {#text} at (0,0) size 3x14
                  text run at (0,0) width 3: " "
            RenderTableCell {TD} at (432,70) size 8x14 [bgcolor=#083131] [r=5 c=56 rs=1 cs=1]
              RenderInline {FONT} at (0,0) size 3x14
                RenderText {#text} at (0,0) size 3x14
                  text run at (0,0) width 3: " "
            RenderTableCell {TD} at (440,70) size 8x14 [bgcolor=#4D4F4F] [r=5 c=57 rs=1 cs=1]
              RenderInline {FONT} at (0,0) size 3x14
                RenderText {#text} at (0,0) size 3x14
                  text run at (0,0) width 3: " "
            RenderTableCell {TD} at (448,70) size 8x14 [bgcolor=#696A69] [r=5 c=58 rs=1 cs=1]
              RenderInline {FONT} at (0,0) size 3x14
                RenderText {#text} at (0,0) size 3x14
                  text run at (0,0) width 3: " "
            RenderTableCell {TD} at (456,70) size 8x14 [bgcolor=#939494] [r=5 c=59 rs=1 cs=1]
              RenderInline {FONT} at (0,0) size 3x14
                RenderText {#text} at (0,0) size 3x14
                  text run at (0,0) width 3: " "
            RenderTableCell {TD} at (464,70) size 8x14 [bgcolor=#939494] [r=5 c=60 rs=1 cs=1]
              RenderInline {FONT} at (0,0) size 3x14
                RenderText {#text} at (0,0) size 3x14
                  text run at (0,0) width 3: " "
            RenderTableCell {TD} at (472,70) size 8x14 [bgcolor=#939494] [r=5 c=61 rs=1 cs=1]
              RenderInline {FONT} at (0,0) size 3x14
                RenderText {#text} at (0,0) size 3x14
                  text run at (0,0) width 3: " "
            RenderTableCell {TD} at (480,70) size 8x14 [bgcolor=#469191] [r=5 c=62 rs=1 cs=1]
              RenderInline {FONT} at (0,0) size 3x14
                RenderText {#text} at (0,0) size 3x14
                  text run at (0,0) width 3: " "
            RenderTableCell {TD} at (488,70) size 8x14 [bgcolor=#048485] [r=5 c=63 rs=1 cs=1]
              RenderInline {FONT} at (0,0) size 3x14
                RenderText {#text} at (0,0) size 3x14
                  text run at (0,0) width 3: " "
            RenderTableCell {TD} at (496,70) size 8x14 [bgcolor=#048485] [r=5 c=64 rs=1 cs=1]
              RenderInline {FONT} at (0,0) size 3x14
                RenderText {#text} at (0,0) size 3x14
                  text run at (0,0) width 3: " "
            RenderTableCell {TD} at (504,70) size 8x14 [bgcolor=#027777] [r=5 c=65 rs=1 cs=1]
              RenderInline {FONT} at (0,0) size 3x14
                RenderText {#text} at (0,0) size 3x14
                  text run at (0,0) width 3: " "
            RenderTableCell {TD} at (512,70) size 8x14 [bgcolor=#026766] [r=5 c=66 rs=1 cs=1]
              RenderInline {FONT} at (0,0) size 3x14
                RenderText {#text} at (0,0) size 3x14
                  text run at (0,0) width 3: " "
            RenderTableCell {TD} at (520,70) size 8x14 [bgcolor=#026766] [r=5 c=67 rs=1 cs=1]
              RenderInline {FONT} at (0,0) size 3x14
                RenderText {#text} at (0,0) size 3x14
                  text run at (0,0) width 3: " "
            RenderTableCell {TD} at (528,70) size 8x14 [bgcolor=#026766] [r=5 c=68 rs=1 cs=1]
              RenderInline {FONT} at (0,0) size 3x14
                RenderText {#text} at (0,0) size 3x14
                  text run at (0,0) width 3: " "
            RenderTableCell {TD} at (536,70) size 8x14 [bgcolor=#026766] [r=5 c=69 rs=1 cs=1]
              RenderInline {FONT} at (0,0) size 3x14
                RenderText {#text} at (0,0) size 3x14
                  text run at (0,0) width 3: " "
            RenderTableCell {TD} at (544,70) size 8x14 [bgcolor=#026766] [r=5 c=70 rs=1 cs=1]
              RenderInline {FONT} at (0,0) size 3x14
                RenderText {#text} at (0,0) size 3x14
                  text run at (0,0) width 3: " "
            RenderTableCell {TD} at (552,70) size 8x14 [bgcolor=#025E5E] [r=5 c=71 rs=1 cs=1]
              RenderInline {FONT} at (0,0) size 3x14
                RenderText {#text} at (0,0) size 3x14
                  text run at (0,0) width 3: " "
            RenderTableCell {TD} at (560,70) size 8x14 [bgcolor=#044F4F] [r=5 c=72 rs=1 cs=1]
              RenderInline {FONT} at (0,0) size 3x14
                RenderText {#text} at (0,0) size 3x14
                  text run at (0,0) width 3: " "
            RenderTableCell {TD} at (568,70) size 8x14 [bgcolor=#044140] [r=5 c=73 rs=1 cs=1]
              RenderInline {FONT} at (0,0) size 3x14
                RenderText {#text} at (0,0) size 3x14
                  text run at (0,0) width 3: " "
            RenderTableCell {TD} at (576,70) size 8x14 [bgcolor=#083131] [r=5 c=74 rs=1 cs=1]
              RenderInline {FONT} at (0,0) size 3x14
                RenderText {#text} at (0,0) size 3x14
                  text run at (0,0) width 3: " "
            RenderTableCell {TD} at (584,70) size 8x14 [bgcolor=#083131] [r=5 c=75 rs=1 cs=1]
              RenderInline {FONT} at (0,0) size 3x14
                RenderText {#text} at (0,0) size 3x14
                  text run at (0,0) width 3: " "
            RenderTableCell {TD} at (592,70) size 8x14 [bgcolor=#223C3D] [r=5 c=76 rs=1 cs=1]
              RenderInline {FONT} at (0,0) size 3x14
                RenderText {#text} at (0,0) size 3x14
                  text run at (0,0) width 3: " "
            RenderTableCell {TD} at (600,70) size 8x14 [bgcolor=#274C4D] [r=5 c=77 rs=1 cs=1]
              RenderInline {FONT} at (0,0) size 3x14
                RenderText {#text} at (0,0) size 3x14
                  text run at (0,0) width 3: " "
            RenderTableCell {TD} at (608,70) size 8x14 [bgcolor=#025E5E] [r=5 c=78 rs=1 cs=1]
              RenderInline {FONT} at (0,0) size 3x14
                RenderText {#text} at (0,0) size 3x14
                  text run at (0,0) width 3: " "
            RenderTableCell {TD} at (616,70) size 8x14 [bgcolor=#026766] [r=5 c=79 rs=1 cs=1]
              RenderInline {FONT} at (0,0) size 3x14
                RenderText {#text} at (0,0) size 3x14
                  text run at (0,0) width 3: " "
            RenderTableCell {TD} at (624,70) size 8x14 [bgcolor=#026766] [r=5 c=80 rs=1 cs=1]
              RenderInline {FONT} at (0,0) size 3x14
                RenderText {#text} at (0,0) size 3x14
                  text run at (0,0) width 3: " "
            RenderTableCell {TD} at (632,70) size 8x14 [bgcolor=#026766] [r=5 c=81 rs=1 cs=1]
              RenderInline {FONT} at (0,0) size 3x14
                RenderText {#text} at (0,0) size 3x14
                  text run at (0,0) width 3: " "
            RenderTableCell {TD} at (640,70) size 8x14 [bgcolor=#026766] [r=5 c=82 rs=1 cs=1]
              RenderInline {FONT} at (0,0) size 3x14
                RenderText {#text} at (0,0) size 3x14
                  text run at (0,0) width 3: " "
            RenderTableCell {TD} at (648,70) size 8x14 [bgcolor=#026766] [r=5 c=83 rs=1 cs=1]
              RenderInline {FONT} at (0,0) size 3x14
                RenderText {#text} at (0,0) size 3x14
                  text run at (0,0) width 3: " "
            RenderTableCell {TD} at (656,70) size 8x14 [bgcolor=#026766] [r=5 c=84 rs=1 cs=1]
              RenderInline {FONT} at (0,0) size 3x14
                RenderText {#text} at (0,0) size 3x14
                  text run at (0,0) width 3: " "
            RenderTableCell {TD} at (664,70) size 8x14 [bgcolor=#026766] [r=5 c=85 rs=1 cs=1]
              RenderInline {FONT} at (0,0) size 3x14
                RenderText {#text} at (0,0) size 3x14
                  text run at (0,0) width 3: " "
            RenderTableCell {TD} at (672,70) size 8x14 [bgcolor=#026766] [r=5 c=86 rs=1 cs=1]
              RenderInline {FONT} at (0,0) size 3x14
                RenderText {#text} at (0,0) size 3x14
                  text run at (0,0) width 3: " "
            RenderTableCell {TD} at (680,70) size 8x14 [bgcolor=#026766] [r=5 c=87 rs=1 cs=1]
              RenderInline {FONT} at (0,0) size 3x14
                RenderText {#text} at (0,0) size 3x14
                  text run at (0,0) width 3: " "
            RenderTableCell {TD} at (688,70) size 8x14 [bgcolor=#026766] [r=5 c=88 rs=1 cs=1]
              RenderInline {FONT} at (0,0) size 3x14
                RenderText {#text} at (0,0) size 3x14
                  text run at (0,0) width 3: " "
            RenderTableCell {TD} at (696,70) size 8x14 [bgcolor=#026766] [r=5 c=89 rs=1 cs=1]
              RenderInline {FONT} at (0,0) size 3x14
                RenderText {#text} at (0,0) size 3x14
                  text run at (0,0) width 3: " "
            RenderTableCell {TD} at (704,70) size 8x14 [bgcolor=#026766] [r=5 c=90 rs=1 cs=1]
              RenderInline {FONT} at (0,0) size 3x14
                RenderText {#text} at (0,0) size 3x14
                  text run at (0,0) width 3: " "
            RenderTableCell {TD} at (712,70) size 8x14 [bgcolor=#025E5E] [r=5 c=91 rs=1 cs=1]
              RenderInline {FONT} at (0,0) size 3x14
                RenderText {#text} at (0,0) size 3x14
                  text run at (0,0) width 3: " "
            RenderTableCell {TD} at (720,70) size 8x14 [bgcolor=#044F4F] [r=5 c=92 rs=1 cs=1]
              RenderInline {FONT} at (0,0) size 3x14
                RenderText {#text} at (0,0) size 3x14
                  text run at (0,0) width 3: " "
            RenderTableCell {TD} at (728,70) size 8x14 [bgcolor=#044140] [r=5 c=93 rs=1 cs=1]
              RenderInline {FONT} at (0,0) size 3x14
                RenderText {#text} at (0,0) size 3x14
                  text run at (0,0) width 3: " "
            RenderTableCell {TD} at (736,70) size 8x14 [bgcolor=#223C3D] [r=5 c=94 rs=1 cs=1]
              RenderInline {FONT} at (0,0) size 3x14
                RenderText {#text} at (0,0) size 3x14
                  text run at (0,0) width 3: " "
            RenderTableCell {TD} at (744,70) size 8x14 [bgcolor=#696A69] [r=5 c=95 rs=1 cs=1]
              RenderInline {FONT} at (0,0) size 3x14
                RenderText {#text} at (0,0) size 3x14
                  text run at (0,0) width 3: " "
            RenderTableCell {TD} at (752,70) size 8x14 [bgcolor=#848788] [r=5 c=96 rs=1 cs=1]
              RenderInline {FONT} at (0,0) size 3x14
                RenderText {#text} at (0,0) size 3x14
                  text run at (0,0) width 3: " "
            RenderTableCell {TD} at (760,70) size 8x14 [bgcolor=#939494] [r=5 c=97 rs=1 cs=1]
              RenderInline {FONT} at (0,0) size 3x14
                RenderText {#text} at (0,0) size 3x14
                  text run at (0,0) width 3: " "
            RenderTableCell {TD} at (768,70) size 8x14 [bgcolor=#777878] [r=5 c=98 rs=1 cs=1]
              RenderInline {FONT} at (0,0) size 3x14
                RenderText {#text} at (0,0) size 3x14
                  text run at (0,0) width 3: " "
            RenderTableCell {TD} at (776,70) size 8x14 [bgcolor=#515C5B] [r=5 c=99 rs=1 cs=1]
              RenderInline {FONT} at (0,0) size 3x14
                RenderText {#text} at (0,0) size 3x14
                  text run at (0,0) width 3: " "
          RenderTableRow {TR} at (0,84) size 784x14
            RenderTableCell {TD} at (0,84) size 7x14 [bgcolor=#FDFDFB] [r=6 c=0 rs=1 cs=1]
              RenderInline {FONT} at (0,0) size 3x14
                RenderText {#text} at (0,0) size 3x14
                  text run at (0,0) width 3: " "
            RenderTableCell {TD} at (7,84) size 7x14 [bgcolor=#FDFDFB] [r=6 c=1 rs=1 cs=1]
              RenderInline {FONT} at (0,0) size 3x14
                RenderText {#text} at (0,0) size 3x14
                  text run at (0,0) width 3: " "
            RenderTableCell {TD} at (14,84) size 7x14 [bgcolor=#A4CCCC] [r=6 c=2 rs=1 cs=1]
              RenderInline {FONT} at (0,0) size 3x14
                RenderText {#text} at (0,0) size 3x14
                  text run at (0,0) width 3: " "
            RenderTableCell {TD} at (21,84) size 7x14 [bgcolor=#048485] [r=6 c=3 rs=1 cs=1]
              RenderInline {FONT} at (0,0) size 3x14
                RenderText {#text} at (0,0) size 3x14
                  text run at (0,0) width 3: " "
            RenderTableCell {TD} at (28,84) size 7x14 [bgcolor=#048485] [r=6 c=4 rs=1 cs=1]
              RenderInline {FONT} at (0,0) size 3x14
                RenderText {#text} at (0,0) size 3x14
                  text run at (0,0) width 3: " "
            RenderTableCell {TD} at (35,84) size 7x14 [bgcolor=#027777] [r=6 c=5 rs=1 cs=1]
              RenderInline {FONT} at (0,0) size 3x14
                RenderText {#text} at (0,0) size 3x14
                  text run at (0,0) width 3: " "
            RenderTableCell {TD} at (42,84) size 7x14 [bgcolor=#026766] [r=6 c=6 rs=1 cs=1]
              RenderInline {FONT} at (0,0) size 3x14
                RenderText {#text} at (0,0) size 3x14
                  text run at (0,0) width 3: " "
            RenderTableCell {TD} at (49,84) size 7x14 [bgcolor=#026766] [r=6 c=7 rs=1 cs=1]
              RenderInline {FONT} at (0,0) size 3x14
                RenderText {#text} at (0,0) size 3x14
                  text run at (0,0) width 3: " "
            RenderTableCell {TD} at (56,84) size 7x14 [bgcolor=#026766] [r=6 c=8 rs=1 cs=1]
              RenderInline {FONT} at (0,0) size 3x14
                RenderText {#text} at (0,0) size 3x14
                  text run at (0,0) width 3: " "
            RenderTableCell {TD} at (63,84) size 7x14 [bgcolor=#026766] [r=6 c=9 rs=1 cs=1]
              RenderInline {FONT} at (0,0) size 3x14
                RenderText {#text} at (0,0) size 3x14
                  text run at (0,0) width 3: " "
            RenderTableCell {TD} at (70,84) size 7x14 [bgcolor=#026766] [r=6 c=10 rs=1 cs=1]
              RenderInline {FONT} at (0,0) size 3x14
                RenderText {#text} at (0,0) size 3x14
                  text run at (0,0) width 3: " "
            RenderTableCell {TD} at (77,84) size 7x14 [bgcolor=#025E5E] [r=6 c=11 rs=1 cs=1]
              RenderInline {FONT} at (0,0) size 3x14
                RenderText {#text} at (0,0) size 3x14
                  text run at (0,0) width 3: " "
            RenderTableCell {TD} at (84,84) size 7x14 [bgcolor=#025E5E] [r=6 c=12 rs=1 cs=1]
              RenderInline {FONT} at (0,0) size 3x14
                RenderText {#text} at (0,0) size 3x14
                  text run at (0,0) width 3: " "
            RenderTableCell {TD} at (91,84) size 7x14 [bgcolor=#044140] [r=6 c=13 rs=1 cs=1]
              RenderInline {FONT} at (0,0) size 3x14
                RenderText {#text} at (0,0) size 3x14
                  text run at (0,0) width 3: " "
            RenderTableCell {TD} at (98,84) size 7x14 [bgcolor=#223C3D] [r=6 c=14 rs=1 cs=1]
              RenderInline {FONT} at (0,0) size 3x14
                RenderText {#text} at (0,0) size 3x14
                  text run at (0,0) width 3: " "
            RenderTableCell {TD} at (105,84) size 7x14 [bgcolor=#696A69] [r=6 c=15 rs=1 cs=1]
              RenderInline {FONT} at (0,0) size 3x14
                RenderText {#text} at (0,0) size 3x14
                  text run at (0,0) width 3: " "
            RenderTableCell {TD} at (112,84) size 8x14 [bgcolor=#A5A6A6] [r=6 c=16 rs=1 cs=1]
              RenderInline {FONT} at (0,0) size 3x14
                RenderText {#text} at (0,0) size 3x14
                  text run at (0,0) width 3: " "
            RenderTableCell {TD} at (120,84) size 8x14 [bgcolor=#B4B4B4] [r=6 c=17 rs=1 cs=1]
              RenderInline {FONT} at (0,0) size 3x14
                RenderText {#text} at (0,0) size 3x14
                  text run at (0,0) width 3: " "
            RenderTableCell {TD} at (128,84) size 8x14 [bgcolor=#848788] [r=6 c=18 rs=1 cs=1]
              RenderInline {FONT} at (0,0) size 3x14
                RenderText {#text} at (0,0) size 3x14
                  text run at (0,0) width 3: " "
            RenderTableCell {TD} at (136,84) size 8x14 [bgcolor=#1E7A79] [r=6 c=19 rs=1 cs=1]
              RenderInline {FONT} at (0,0) size 3x14
                RenderText {#text} at (0,0) size 3x14
                  text run at (0,0) width 3: " "
            RenderTableCell {TD} at (144,84) size 8x14 [bgcolor=#027777] [r=6 c=20 rs=1 cs=1]
              RenderInline {FONT} at (0,0) size 3x14
                RenderText {#text} at (0,0) size 3x14
                  text run at (0,0) width 3: " "
            RenderTableCell {TD} at (152,84) size 8x14 [bgcolor=#026766] [r=6 c=21 rs=1 cs=1]
              RenderInline {FONT} at (0,0) size 3x14
                RenderText {#text} at (0,0) size 3x14
                  text run at (0,0) width 3: " "
            RenderTableCell {TD} at (160,84) size 8x14 [bgcolor=#026766] [r=6 c=22 rs=1 cs=1]
              RenderInline {FONT} at (0,0) size 3x14
                RenderText {#text} at (0,0) size 3x14
                  text run at (0,0) width 3: " "
            RenderTableCell {TD} at (168,84) size 8x14 [bgcolor=#026766] [r=6 c=23 rs=1 cs=1]
              RenderInline {FONT} at (0,0) size 3x14
                RenderText {#text} at (0,0) size 3x14
                  text run at (0,0) width 3: " "
            RenderTableCell {TD} at (176,84) size 8x14 [bgcolor=#026766] [r=6 c=24 rs=1 cs=1]
              RenderInline {FONT} at (0,0) size 3x14
                RenderText {#text} at (0,0) size 3x14
                  text run at (0,0) width 3: " "
            RenderTableCell {TD} at (184,84) size 8x14 [bgcolor=#026766] [r=6 c=25 rs=1 cs=1]
              RenderInline {FONT} at (0,0) size 3x14
                RenderText {#text} at (0,0) size 3x14
                  text run at (0,0) width 3: " "
            RenderTableCell {TD} at (192,84) size 8x14 [bgcolor=#026766] [r=6 c=26 rs=1 cs=1]
              RenderInline {FONT} at (0,0) size 3x14
                RenderText {#text} at (0,0) size 3x14
                  text run at (0,0) width 3: " "
            RenderTableCell {TD} at (200,84) size 8x14 [bgcolor=#026766] [r=6 c=27 rs=1 cs=1]
              RenderInline {FONT} at (0,0) size 3x14
                RenderText {#text} at (0,0) size 3x14
                  text run at (0,0) width 3: " "
            RenderTableCell {TD} at (208,84) size 8x14 [bgcolor=#025E5E] [r=6 c=28 rs=1 cs=1]
              RenderInline {FONT} at (0,0) size 3x14
                RenderText {#text} at (0,0) size 3x14
                  text run at (0,0) width 3: " "
            RenderTableCell {TD} at (216,84) size 8x14 [bgcolor=#025E5E] [r=6 c=29 rs=1 cs=1]
              RenderInline {FONT} at (0,0) size 3x14
                RenderText {#text} at (0,0) size 3x14
                  text run at (0,0) width 3: " "
            RenderTableCell {TD} at (224,84) size 8x14 [bgcolor=#044F4F] [r=6 c=30 rs=1 cs=1]
              RenderInline {FONT} at (0,0) size 3x14
                RenderText {#text} at (0,0) size 3x14
                  text run at (0,0) width 3: " "
            RenderTableCell {TD} at (232,84) size 8x14 [bgcolor=#696A69] [r=6 c=31 rs=1 cs=1]
              RenderInline {FONT} at (0,0) size 3x14
                RenderText {#text} at (0,0) size 3x14
                  text run at (0,0) width 3: " "
            RenderTableCell {TD} at (240,84) size 8x14 [bgcolor=#848788] [r=6 c=32 rs=1 cs=1]
              RenderInline {FONT} at (0,0) size 3x14
                RenderText {#text} at (0,0) size 3x14
                  text run at (0,0) width 3: " "
            RenderTableCell {TD} at (248,84) size 8x14 [bgcolor=#939494] [r=6 c=33 rs=1 cs=1]
              RenderInline {FONT} at (0,0) size 3x14
                RenderText {#text} at (0,0) size 3x14
                  text run at (0,0) width 3: " "
            RenderTableCell {TD} at (256,84) size 8x14 [bgcolor=#939494] [r=6 c=34 rs=1 cs=1]
              RenderInline {FONT} at (0,0) size 3x14
                RenderText {#text} at (0,0) size 3x14
                  text run at (0,0) width 3: " "
            RenderTableCell {TD} at (264,84) size 8x14 [bgcolor=#7B918F] [r=6 c=35 rs=1 cs=1]
              RenderInline {FONT} at (0,0) size 3x14
                RenderText {#text} at (0,0) size 3x14
                  text run at (0,0) width 3: " "
            RenderTableCell {TD} at (272,84) size 8x14 [bgcolor=#027777] [r=6 c=36 rs=1 cs=1]
              RenderInline {FONT} at (0,0) size 3x14
                RenderText {#text} at (0,0) size 3x14
                  text run at (0,0) width 3: " "
            RenderTableCell {TD} at (280,84) size 8x14 [bgcolor=#027777] [r=6 c=37 rs=1 cs=1]
              RenderInline {FONT} at (0,0) size 3x14
                RenderText {#text} at (0,0) size 3x14
                  text run at (0,0) width 3: " "
            RenderTableCell {TD} at (288,84) size 8x14 [bgcolor=#026766] [r=6 c=38 rs=1 cs=1]
              RenderInline {FONT} at (0,0) size 3x14
                RenderText {#text} at (0,0) size 3x14
                  text run at (0,0) width 3: " "
            RenderTableCell {TD} at (296,84) size 8x14 [bgcolor=#026766] [r=6 c=39 rs=1 cs=1]
              RenderInline {FONT} at (0,0) size 3x14
                RenderText {#text} at (0,0) size 3x14
                  text run at (0,0) width 3: " "
            RenderTableCell {TD} at (304,84) size 8x14 [bgcolor=#026766] [r=6 c=40 rs=1 cs=1]
              RenderInline {FONT} at (0,0) size 3x14
                RenderText {#text} at (0,0) size 3x14
                  text run at (0,0) width 3: " "
            RenderTableCell {TD} at (312,84) size 8x14 [bgcolor=#026766] [r=6 c=41 rs=1 cs=1]
              RenderInline {FONT} at (0,0) size 3x14
                RenderText {#text} at (0,0) size 3x14
                  text run at (0,0) width 3: " "
            RenderTableCell {TD} at (320,84) size 8x14 [bgcolor=#026766] [r=6 c=42 rs=1 cs=1]
              RenderInline {FONT} at (0,0) size 3x14
                RenderText {#text} at (0,0) size 3x14
                  text run at (0,0) width 3: " "
            RenderTableCell {TD} at (328,84) size 8x14 [bgcolor=#026766] [r=6 c=43 rs=1 cs=1]
              RenderInline {FONT} at (0,0) size 3x14
                RenderText {#text} at (0,0) size 3x14
                  text run at (0,0) width 3: " "
            RenderTableCell {TD} at (336,84) size 8x14 [bgcolor=#026766] [r=6 c=44 rs=1 cs=1]
              RenderInline {FONT} at (0,0) size 3x14
                RenderText {#text} at (0,0) size 3x14
                  text run at (0,0) width 3: " "
            RenderTableCell {TD} at (344,84) size 8x14 [bgcolor=#026766] [r=6 c=45 rs=1 cs=1]
              RenderInline {FONT} at (0,0) size 3x14
                RenderText {#text} at (0,0) size 3x14
                  text run at (0,0) width 3: " "
            RenderTableCell {TD} at (352,84) size 8x14 [bgcolor=#026766] [r=6 c=46 rs=1 cs=1]
              RenderInline {FONT} at (0,0) size 3x14
                RenderText {#text} at (0,0) size 3x14
                  text run at (0,0) width 3: " "
            RenderTableCell {TD} at (360,84) size 8x14 [bgcolor=#026766] [r=6 c=47 rs=1 cs=1]
              RenderInline {FONT} at (0,0) size 3x14
                RenderText {#text} at (0,0) size 3x14
                  text run at (0,0) width 3: " "
            RenderTableCell {TD} at (368,84) size 8x14 [bgcolor=#469191] [r=6 c=48 rs=1 cs=1]
              RenderInline {FONT} at (0,0) size 3x14
                RenderText {#text} at (0,0) size 3x14
                  text run at (0,0) width 3: " "
            RenderTableCell {TD} at (376,84) size 8x14 [bgcolor=#72A3A1] [r=6 c=49 rs=1 cs=1]
              RenderInline {FONT} at (0,0) size 3x14
                RenderText {#text} at (0,0) size 3x14
                  text run at (0,0) width 3: " "
            RenderTableCell {TD} at (384,84) size 8x14 [bgcolor=#338686] [r=6 c=50 rs=1 cs=1]
              RenderInline {FONT} at (0,0) size 3x14
                RenderText {#text} at (0,0) size 3x14
                  text run at (0,0) width 3: " "
            RenderTableCell {TD} at (392,84) size 8x14 [bgcolor=#025E5E] [r=6 c=51 rs=1 cs=1]
              RenderInline {FONT} at (0,0) size 3x14
                RenderText {#text} at (0,0) size 3x14
                  text run at (0,0) width 3: " "
            RenderTableCell {TD} at (400,84) size 8x14 [bgcolor=#044140] [r=6 c=52 rs=1 cs=1]
              RenderInline {FONT} at (0,0) size 3x14
                RenderText {#text} at (0,0) size 3x14
                  text run at (0,0) width 3: " "
            RenderTableCell {TD} at (408,84) size 8x14 [bgcolor=#083131] [r=6 c=53 rs=1 cs=1]
              RenderInline {FONT} at (0,0) size 3x14
                RenderText {#text} at (0,0) size 3x14
                  text run at (0,0) width 3: " "
            RenderTableCell {TD} at (416,84) size 8x14 [bgcolor=#083131] [r=6 c=54 rs=1 cs=1]
              RenderInline {FONT} at (0,0) size 3x14
                RenderText {#text} at (0,0) size 3x14
                  text run at (0,0) width 3: " "
            RenderTableCell {TD} at (424,84) size 8x14 [bgcolor=#2D3433] [r=6 c=55 rs=1 cs=1]
              RenderInline {FONT} at (0,0) size 3x14
                RenderText {#text} at (0,0) size 3x14
                  text run at (0,0) width 3: " "
            RenderTableCell {TD} at (432,84) size 8x14 [bgcolor=#3D4242] [r=6 c=56 rs=1 cs=1]
              RenderInline {FONT} at (0,0) size 3x14
                RenderText {#text} at (0,0) size 3x14
                  text run at (0,0) width 3: " "
            RenderTableCell {TD} at (440,84) size 8x14 [bgcolor=#515C5B] [r=6 c=57 rs=1 cs=1]
              RenderInline {FONT} at (0,0) size 3x14
                RenderText {#text} at (0,0) size 3x14
                  text run at (0,0) width 3: " "
            RenderTableCell {TD} at (448,84) size 8x14 [bgcolor=#777878] [r=6 c=58 rs=1 cs=1]
              RenderInline {FONT} at (0,0) size 3x14
                RenderText {#text} at (0,0) size 3x14
                  text run at (0,0) width 3: " "
            RenderTableCell {TD} at (456,84) size 8x14 [bgcolor=#848788] [r=6 c=59 rs=1 cs=1]
              RenderInline {FONT} at (0,0) size 3x14
                RenderText {#text} at (0,0) size 3x14
                  text run at (0,0) width 3: " "
            RenderTableCell {TD} at (464,84) size 8x14 [bgcolor=#939494] [r=6 c=60 rs=1 cs=1]
              RenderInline {FONT} at (0,0) size 3x14
                RenderText {#text} at (0,0) size 3x14
                  text run at (0,0) width 3: " "
            RenderTableCell {TD} at (472,84) size 8x14 [bgcolor=#5A8787] [r=6 c=61 rs=1 cs=1]
              RenderInline {FONT} at (0,0) size 3x14
                RenderText {#text} at (0,0) size 3x14
                  text run at (0,0) width 3: " "
            RenderTableCell {TD} at (480,84) size 8x14 [bgcolor=#048485] [r=6 c=62 rs=1 cs=1]
              RenderInline {FONT} at (0,0) size 3x14
                RenderText {#text} at (0,0) size 3x14
                  text run at (0,0) width 3: " "
            RenderTableCell {TD} at (488,84) size 8x14 [bgcolor=#048485] [r=6 c=63 rs=1 cs=1]
              RenderInline {FONT} at (0,0) size 3x14
                RenderText {#text} at (0,0) size 3x14
                  text run at (0,0) width 3: " "
            RenderTableCell {TD} at (496,84) size 8x14 [bgcolor=#027777] [r=6 c=64 rs=1 cs=1]
              RenderInline {FONT} at (0,0) size 3x14
                RenderText {#text} at (0,0) size 3x14
                  text run at (0,0) width 3: " "
            RenderTableCell {TD} at (504,84) size 8x14 [bgcolor=#026766] [r=6 c=65 rs=1 cs=1]
              RenderInline {FONT} at (0,0) size 3x14
                RenderText {#text} at (0,0) size 3x14
                  text run at (0,0) width 3: " "
            RenderTableCell {TD} at (512,84) size 8x14 [bgcolor=#026766] [r=6 c=66 rs=1 cs=1]
              RenderInline {FONT} at (0,0) size 3x14
                RenderText {#text} at (0,0) size 3x14
                  text run at (0,0) width 3: " "
            RenderTableCell {TD} at (520,84) size 8x14 [bgcolor=#026766] [r=6 c=67 rs=1 cs=1]
              RenderInline {FONT} at (0,0) size 3x14
                RenderText {#text} at (0,0) size 3x14
                  text run at (0,0) width 3: " "
            RenderTableCell {TD} at (528,84) size 8x14 [bgcolor=#026766] [r=6 c=68 rs=1 cs=1]
              RenderInline {FONT} at (0,0) size 3x14
                RenderText {#text} at (0,0) size 3x14
                  text run at (0,0) width 3: " "
            RenderTableCell {TD} at (536,84) size 8x14 [bgcolor=#026766] [r=6 c=69 rs=1 cs=1]
              RenderInline {FONT} at (0,0) size 3x14
                RenderText {#text} at (0,0) size 3x14
                  text run at (0,0) width 3: " "
            RenderTableCell {TD} at (544,84) size 8x14 [bgcolor=#1A6B6A] [r=6 c=70 rs=1 cs=1]
              RenderInline {FONT} at (0,0) size 3x14
                RenderText {#text} at (0,0) size 3x14
                  text run at (0,0) width 3: " "
            RenderTableCell {TD} at (552,84) size 8x14 [bgcolor=#589594] [r=6 c=71 rs=1 cs=1]
              RenderInline {FONT} at (0,0) size 3x14
                RenderText {#text} at (0,0) size 3x14
                  text run at (0,0) width 3: " "
            RenderTableCell {TD} at (560,84) size 8x14 [bgcolor=#7B918F] [r=6 c=72 rs=1 cs=1]
              RenderInline {FONT} at (0,0) size 3x14
                RenderText {#text} at (0,0) size 3x14
                  text run at (0,0) width 3: " "
            RenderTableCell {TD} at (568,84) size 8x14 [bgcolor=#274C4D] [r=6 c=73 rs=1 cs=1]
              RenderInline {FONT} at (0,0) size 3x14
                RenderText {#text} at (0,0) size 3x14
                  text run at (0,0) width 3: " "
            RenderTableCell {TD} at (576,84) size 8x14 [bgcolor=#2D3433] [r=6 c=74 rs=1 cs=1]
              RenderInline {FONT} at (0,0) size 3x14
                RenderText {#text} at (0,0) size 3x14
                  text run at (0,0) width 3: " "
            RenderTableCell {TD} at (584,84) size 8x14 [bgcolor=#3D4242] [r=6 c=75 rs=1 cs=1]
              RenderInline {FONT} at (0,0) size 3x14
                RenderText {#text} at (0,0) size 3x14
                  text run at (0,0) width 3: " "
            RenderTableCell {TD} at (592,84) size 8x14 [bgcolor=#4D4F4F] [r=6 c=76 rs=1 cs=1]
              RenderInline {FONT} at (0,0) size 3x14
                RenderText {#text} at (0,0) size 3x14
                  text run at (0,0) width 3: " "
            RenderTableCell {TD} at (600,84) size 8x14 [bgcolor=#515C5B] [r=6 c=77 rs=1 cs=1]
              RenderInline {FONT} at (0,0) size 3x14
                RenderText {#text} at (0,0) size 3x14
                  text run at (0,0) width 3: " "
            RenderTableCell {TD} at (608,84) size 8x14 [bgcolor=#1A6B6A] [r=6 c=78 rs=1 cs=1]
              RenderInline {FONT} at (0,0) size 3x14
                RenderText {#text} at (0,0) size 3x14
                  text run at (0,0) width 3: " "
            RenderTableCell {TD} at (616,84) size 8x14 [bgcolor=#026766] [r=6 c=79 rs=1 cs=1]
              RenderInline {FONT} at (0,0) size 3x14
                RenderText {#text} at (0,0) size 3x14
                  text run at (0,0) width 3: " "
            RenderTableCell {TD} at (624,84) size 8x14 [bgcolor=#026766] [r=6 c=80 rs=1 cs=1]
              RenderInline {FONT} at (0,0) size 3x14
                RenderText {#text} at (0,0) size 3x14
                  text run at (0,0) width 3: " "
            RenderTableCell {TD} at (632,84) size 8x14 [bgcolor=#026766] [r=6 c=81 rs=1 cs=1]
              RenderInline {FONT} at (0,0) size 3x14
                RenderText {#text} at (0,0) size 3x14
                  text run at (0,0) width 3: " "
            RenderTableCell {TD} at (640,84) size 8x14 [bgcolor=#026766] [r=6 c=82 rs=1 cs=1]
              RenderInline {FONT} at (0,0) size 3x14
                RenderText {#text} at (0,0) size 3x14
                  text run at (0,0) width 3: " "
            RenderTableCell {TD} at (648,84) size 8x14 [bgcolor=#026766] [r=6 c=83 rs=1 cs=1]
              RenderInline {FONT} at (0,0) size 3x14
                RenderText {#text} at (0,0) size 3x14
                  text run at (0,0) width 3: " "
            RenderTableCell {TD} at (656,84) size 8x14 [bgcolor=#026766] [r=6 c=84 rs=1 cs=1]
              RenderInline {FONT} at (0,0) size 3x14
                RenderText {#text} at (0,0) size 3x14
                  text run at (0,0) width 3: " "
            RenderTableCell {TD} at (664,84) size 8x14 [bgcolor=#026766] [r=6 c=85 rs=1 cs=1]
              RenderInline {FONT} at (0,0) size 3x14
                RenderText {#text} at (0,0) size 3x14
                  text run at (0,0) width 3: " "
            RenderTableCell {TD} at (672,84) size 8x14 [bgcolor=#026766] [r=6 c=86 rs=1 cs=1]
              RenderInline {FONT} at (0,0) size 3x14
                RenderText {#text} at (0,0) size 3x14
                  text run at (0,0) width 3: " "
            RenderTableCell {TD} at (680,84) size 8x14 [bgcolor=#026766] [r=6 c=87 rs=1 cs=1]
              RenderInline {FONT} at (0,0) size 3x14
                RenderText {#text} at (0,0) size 3x14
                  text run at (0,0) width 3: " "
            RenderTableCell {TD} at (688,84) size 8x14 [bgcolor=#026766] [r=6 c=88 rs=1 cs=1]
              RenderInline {FONT} at (0,0) size 3x14
                RenderText {#text} at (0,0) size 3x14
                  text run at (0,0) width 3: " "
            RenderTableCell {TD} at (696,84) size 8x14 [bgcolor=#026766] [r=6 c=89 rs=1 cs=1]
              RenderInline {FONT} at (0,0) size 3x14
                RenderText {#text} at (0,0) size 3x14
                  text run at (0,0) width 3: " "
            RenderTableCell {TD} at (704,84) size 8x14 [bgcolor=#026766] [r=6 c=90 rs=1 cs=1]
              RenderInline {FONT} at (0,0) size 3x14
                RenderText {#text} at (0,0) size 3x14
                  text run at (0,0) width 3: " "
            RenderTableCell {TD} at (712,84) size 8x14 [bgcolor=#025E5E] [r=6 c=91 rs=1 cs=1]
              RenderInline {FONT} at (0,0) size 3x14
                RenderText {#text} at (0,0) size 3x14
                  text run at (0,0) width 3: " "
            RenderTableCell {TD} at (720,84) size 8x14 [bgcolor=#044F4F] [r=6 c=92 rs=1 cs=1]
              RenderInline {FONT} at (0,0) size 3x14
                RenderText {#text} at (0,0) size 3x14
                  text run at (0,0) width 3: " "
            RenderTableCell {TD} at (728,84) size 8x14 [bgcolor=#044140] [r=6 c=93 rs=1 cs=1]
              RenderInline {FONT} at (0,0) size 3x14
                RenderText {#text} at (0,0) size 3x14
                  text run at (0,0) width 3: " "
            RenderTableCell {TD} at (736,84) size 8x14 [bgcolor=#223C3D] [r=6 c=94 rs=1 cs=1]
              RenderInline {FONT} at (0,0) size 3x14
                RenderText {#text} at (0,0) size 3x14
                  text run at (0,0) width 3: " "
            RenderTableCell {TD} at (744,84) size 8x14 [bgcolor=#5E5F60] [r=6 c=95 rs=1 cs=1]
              RenderInline {FONT} at (0,0) size 3x14
                RenderText {#text} at (0,0) size 3x14
                  text run at (0,0) width 3: " "
            RenderTableCell {TD} at (752,84) size 8x14 [bgcolor=#777878] [r=6 c=96 rs=1 cs=1]
              RenderInline {FONT} at (0,0) size 3x14
                RenderText {#text} at (0,0) size 3x14
                  text run at (0,0) width 3: " "
            RenderTableCell {TD} at (760,84) size 8x14 [bgcolor=#848788] [r=6 c=97 rs=1 cs=1]
              RenderInline {FONT} at (0,0) size 3x14
                RenderText {#text} at (0,0) size 3x14
                  text run at (0,0) width 3: " "
            RenderTableCell {TD} at (768,84) size 8x14 [bgcolor=#777878] [r=6 c=98 rs=1 cs=1]
              RenderInline {FONT} at (0,0) size 3x14
                RenderText {#text} at (0,0) size 3x14
                  text run at (0,0) width 3: " "
            RenderTableCell {TD} at (776,84) size 8x14 [bgcolor=#4D4F4F] [r=6 c=99 rs=1 cs=1]
              RenderInline {FONT} at (0,0) size 3x14
                RenderText {#text} at (0,0) size 3x14
                  text run at (0,0) width 3: " "
          RenderTableRow {TR} at (0,98) size 784x14
            RenderTableCell {TD} at (0,98) size 7x14 [bgcolor=#FDFDFB] [r=7 c=0 rs=1 cs=1]
              RenderInline {FONT} at (0,0) size 3x14
                RenderText {#text} at (0,0) size 3x14
                  text run at (0,0) width 3: " "
            RenderTableCell {TD} at (7,98) size 7x14 [bgcolor=#EDEEEF] [r=7 c=1 rs=1 cs=1]
              RenderInline {FONT} at (0,0) size 3x14
                RenderText {#text} at (0,0) size 3x14
                  text run at (0,0) width 3: " "
            RenderTableCell {TD} at (14,98) size 7x14 [bgcolor=#249393] [r=7 c=2 rs=1 cs=1]
              RenderInline {FONT} at (0,0) size 3x14
                RenderText {#text} at (0,0) size 3x14
                  text run at (0,0) width 3: " "
            RenderTableCell {TD} at (21,98) size 7x14 [bgcolor=#048485] [r=7 c=3 rs=1 cs=1]
              RenderInline {FONT} at (0,0) size 3x14
                RenderText {#text} at (0,0) size 3x14
                  text run at (0,0) width 3: " "
            RenderTableCell {TD} at (28,98) size 7x14 [bgcolor=#027777] [r=7 c=4 rs=1 cs=1]
              RenderInline {FONT} at (0,0) size 3x14
                RenderText {#text} at (0,0) size 3x14
                  text run at (0,0) width 3: " "
            RenderTableCell {TD} at (35,98) size 7x14 [bgcolor=#026766] [r=7 c=5 rs=1 cs=1]
              RenderInline {FONT} at (0,0) size 3x14
                RenderText {#text} at (0,0) size 3x14
                  text run at (0,0) width 3: " "
            RenderTableCell {TD} at (42,98) size 7x14 [bgcolor=#026766] [r=7 c=6 rs=1 cs=1]
              RenderInline {FONT} at (0,0) size 3x14
                RenderText {#text} at (0,0) size 3x14
                  text run at (0,0) width 3: " "
            RenderTableCell {TD} at (49,98) size 7x14 [bgcolor=#026766] [r=7 c=7 rs=1 cs=1]
              RenderInline {FONT} at (0,0) size 3x14
                RenderText {#text} at (0,0) size 3x14
                  text run at (0,0) width 3: " "
            RenderTableCell {TD} at (56,98) size 7x14 [bgcolor=#026766] [r=7 c=8 rs=1 cs=1]
              RenderInline {FONT} at (0,0) size 3x14
                RenderText {#text} at (0,0) size 3x14
                  text run at (0,0) width 3: " "
            RenderTableCell {TD} at (63,98) size 7x14 [bgcolor=#026766] [r=7 c=9 rs=1 cs=1]
              RenderInline {FONT} at (0,0) size 3x14
                RenderText {#text} at (0,0) size 3x14
                  text run at (0,0) width 3: " "
            RenderTableCell {TD} at (70,98) size 7x14 [bgcolor=#026766] [r=7 c=10 rs=1 cs=1]
              RenderInline {FONT} at (0,0) size 3x14
                RenderText {#text} at (0,0) size 3x14
                  text run at (0,0) width 3: " "
            RenderTableCell {TD} at (77,98) size 7x14 [bgcolor=#025E5E] [r=7 c=11 rs=1 cs=1]
              RenderInline {FONT} at (0,0) size 3x14
                RenderText {#text} at (0,0) size 3x14
                  text run at (0,0) width 3: " "
            RenderTableCell {TD} at (84,98) size 7x14 [bgcolor=#025E5E] [r=7 c=12 rs=1 cs=1]
              RenderInline {FONT} at (0,0) size 3x14
                RenderText {#text} at (0,0) size 3x14
                  text run at (0,0) width 3: " "
            RenderTableCell {TD} at (91,98) size 7x14 [bgcolor=#044140] [r=7 c=13 rs=1 cs=1]
              RenderInline {FONT} at (0,0) size 3x14
                RenderText {#text} at (0,0) size 3x14
                  text run at (0,0) width 3: " "
            RenderTableCell {TD} at (98,98) size 7x14 [bgcolor=#223C3D] [r=7 c=14 rs=1 cs=1]
              RenderInline {FONT} at (0,0) size 3x14
                RenderText {#text} at (0,0) size 3x14
                  text run at (0,0) width 3: " "
            RenderTableCell {TD} at (105,98) size 7x14 [bgcolor=#848788] [r=7 c=15 rs=1 cs=1]
              RenderInline {FONT} at (0,0) size 3x14
                RenderText {#text} at (0,0) size 3x14
                  text run at (0,0) width 3: " "
            RenderTableCell {TD} at (112,98) size 8x14 [bgcolor=#FDFDFB] [r=7 c=16 rs=1 cs=1]
              RenderInline {FONT} at (0,0) size 3x14
                RenderText {#text} at (0,0) size 3x14
                  text run at (0,0) width 3: " "
            RenderTableCell {TD} at (120,98) size 8x14 [bgcolor=#FDFDFB] [r=7 c=17 rs=1 cs=1]
              RenderInline {FONT} at (0,0) size 3x14
                RenderText {#text} at (0,0) size 3x14
                  text run at (0,0) width 3: " "
            RenderTableCell {TD} at (128,98) size 8x14 [bgcolor=#4D4F4F] [r=7 c=18 rs=1 cs=1]
              RenderInline {FONT} at (0,0) size 3x14
                RenderText {#text} at (0,0) size 3x14
                  text run at (0,0) width 3: " "
            RenderTableCell {TD} at (136,98) size 8x14 [bgcolor=#1E7A79] [r=7 c=19 rs=1 cs=1]
              RenderInline {FONT} at (0,0) size 3x14
                RenderText {#text} at (0,0) size 3x14
                  text run at (0,0) width 3: " "
            RenderTableCell {TD} at (144,98) size 8x14 [bgcolor=#027777] [r=7 c=20 rs=1 cs=1]
              RenderInline {FONT} at (0,0) size 3x14
                RenderText {#text} at (0,0) size 3x14
                  text run at (0,0) width 3: " "
            RenderTableCell {TD} at (152,98) size 8x14 [bgcolor=#026766] [r=7 c=21 rs=1 cs=1]
              RenderInline {FONT} at (0,0) size 3x14
                RenderText {#text} at (0,0) size 3x14
                  text run at (0,0) width 3: " "
            RenderTableCell {TD} at (160,98) size 8x14 [bgcolor=#026766] [r=7 c=22 rs=1 cs=1]
              RenderInline {FONT} at (0,0) size 3x14
                RenderText {#text} at (0,0) size 3x14
                  text run at (0,0) width 3: " "
            RenderTableCell {TD} at (168,98) size 8x14 [bgcolor=#026766] [r=7 c=23 rs=1 cs=1]
              RenderInline {FONT} at (0,0) size 3x14
                RenderText {#text} at (0,0) size 3x14
                  text run at (0,0) width 3: " "
            RenderTableCell {TD} at (176,98) size 8x14 [bgcolor=#026766] [r=7 c=24 rs=1 cs=1]
              RenderInline {FONT} at (0,0) size 3x14
                RenderText {#text} at (0,0) size 3x14
                  text run at (0,0) width 3: " "
            RenderTableCell {TD} at (184,98) size 8x14 [bgcolor=#026766] [r=7 c=25 rs=1 cs=1]
              RenderInline {FONT} at (0,0) size 3x14
                RenderText {#text} at (0,0) size 3x14
                  text run at (0,0) width 3: " "
            RenderTableCell {TD} at (192,98) size 8x14 [bgcolor=#026766] [r=7 c=26 rs=1 cs=1]
              RenderInline {FONT} at (0,0) size 3x14
                RenderText {#text} at (0,0) size 3x14
                  text run at (0,0) width 3: " "
            RenderTableCell {TD} at (200,98) size 8x14 [bgcolor=#026766] [r=7 c=27 rs=1 cs=1]
              RenderInline {FONT} at (0,0) size 3x14
                RenderText {#text} at (0,0) size 3x14
                  text run at (0,0) width 3: " "
            RenderTableCell {TD} at (208,98) size 8x14 [bgcolor=#025E5E] [r=7 c=28 rs=1 cs=1]
              RenderInline {FONT} at (0,0) size 3x14
                RenderText {#text} at (0,0) size 3x14
                  text run at (0,0) width 3: " "
            RenderTableCell {TD} at (216,98) size 8x14 [bgcolor=#025E5E] [r=7 c=29 rs=1 cs=1]
              RenderInline {FONT} at (0,0) size 3x14
                RenderText {#text} at (0,0) size 3x14
                  text run at (0,0) width 3: " "
            RenderTableCell {TD} at (224,98) size 8x14 [bgcolor=#044F4F] [r=7 c=30 rs=1 cs=1]
              RenderInline {FONT} at (0,0) size 3x14
                RenderText {#text} at (0,0) size 3x14
                  text run at (0,0) width 3: " "
            RenderTableCell {TD} at (232,98) size 8x14 [bgcolor=#274C4D] [r=7 c=31 rs=1 cs=1]
              RenderInline {FONT} at (0,0) size 3x14
                RenderText {#text} at (0,0) size 3x14
                  text run at (0,0) width 3: " "
            RenderTableCell {TD} at (240,98) size 8x14 [bgcolor=#777878] [r=7 c=32 rs=1 cs=1]
              RenderInline {FONT} at (0,0) size 3x14
                RenderText {#text} at (0,0) size 3x14
                  text run at (0,0) width 3: " "
            RenderTableCell {TD} at (248,98) size 8x14 [bgcolor=#848788] [r=7 c=33 rs=1 cs=1]
              RenderInline {FONT} at (0,0) size 3x14
                RenderText {#text} at (0,0) size 3x14
                  text run at (0,0) width 3: " "
            RenderTableCell {TD} at (256,98) size 8x14 [bgcolor=#939494] [r=7 c=34 rs=1 cs=1]
              RenderInline {FONT} at (0,0) size 3x14
                RenderText {#text} at (0,0) size 3x14
                  text run at (0,0) width 3: " "
            RenderTableCell {TD} at (264,98) size 8x14 [bgcolor=#7B918F] [r=7 c=35 rs=1 cs=1]
              RenderInline {FONT} at (0,0) size 3x14
                RenderText {#text} at (0,0) size 3x14
                  text run at (0,0) width 3: " "
            RenderTableCell {TD} at (272,98) size 8x14 [bgcolor=#027777] [r=7 c=36 rs=1 cs=1]
              RenderInline {FONT} at (0,0) size 3x14
                RenderText {#text} at (0,0) size 3x14
                  text run at (0,0) width 3: " "
            RenderTableCell {TD} at (280,98) size 8x14 [bgcolor=#027777] [r=7 c=37 rs=1 cs=1]
              RenderInline {FONT} at (0,0) size 3x14
                RenderText {#text} at (0,0) size 3x14
                  text run at (0,0) width 3: " "
            RenderTableCell {TD} at (288,98) size 8x14 [bgcolor=#026766] [r=7 c=38 rs=1 cs=1]
              RenderInline {FONT} at (0,0) size 3x14
                RenderText {#text} at (0,0) size 3x14
                  text run at (0,0) width 3: " "
            RenderTableCell {TD} at (296,98) size 8x14 [bgcolor=#026766] [r=7 c=39 rs=1 cs=1]
              RenderInline {FONT} at (0,0) size 3x14
                RenderText {#text} at (0,0) size 3x14
                  text run at (0,0) width 3: " "
            RenderTableCell {TD} at (304,98) size 8x14 [bgcolor=#026766] [r=7 c=40 rs=1 cs=1]
              RenderInline {FONT} at (0,0) size 3x14
                RenderText {#text} at (0,0) size 3x14
                  text run at (0,0) width 3: " "
            RenderTableCell {TD} at (312,98) size 8x14 [bgcolor=#026766] [r=7 c=41 rs=1 cs=1]
              RenderInline {FONT} at (0,0) size 3x14
                RenderText {#text} at (0,0) size 3x14
                  text run at (0,0) width 3: " "
            RenderTableCell {TD} at (320,98) size 8x14 [bgcolor=#026766] [r=7 c=42 rs=1 cs=1]
              RenderInline {FONT} at (0,0) size 3x14
                RenderText {#text} at (0,0) size 3x14
                  text run at (0,0) width 3: " "
            RenderTableCell {TD} at (328,98) size 8x14 [bgcolor=#026766] [r=7 c=43 rs=1 cs=1]
              RenderInline {FONT} at (0,0) size 3x14
                RenderText {#text} at (0,0) size 3x14
                  text run at (0,0) width 3: " "
            RenderTableCell {TD} at (336,98) size 8x14 [bgcolor=#026766] [r=7 c=44 rs=1 cs=1]
              RenderInline {FONT} at (0,0) size 3x14
                RenderText {#text} at (0,0) size 3x14
                  text run at (0,0) width 3: " "
            RenderTableCell {TD} at (344,98) size 8x14 [bgcolor=#026766] [r=7 c=45 rs=1 cs=1]
              RenderInline {FONT} at (0,0) size 3x14
                RenderText {#text} at (0,0) size 3x14
                  text run at (0,0) width 3: " "
            RenderTableCell {TD} at (352,98) size 8x14 [bgcolor=#026766] [r=7 c=46 rs=1 cs=1]
              RenderInline {FONT} at (0,0) size 3x14
                RenderText {#text} at (0,0) size 3x14
                  text run at (0,0) width 3: " "
            RenderTableCell {TD} at (360,98) size 8x14 [bgcolor=#1A6B6A] [r=7 c=47 rs=1 cs=1]
              RenderInline {FONT} at (0,0) size 3x14
                RenderText {#text} at (0,0) size 3x14
                  text run at (0,0) width 3: " "
            RenderTableCell {TD} at (368,98) size 8x14 [bgcolor=#B6D0D1] [r=7 c=48 rs=1 cs=1]
              RenderInline {FONT} at (0,0) size 3x14
                RenderText {#text} at (0,0) size 3x14
                  text run at (0,0) width 3: " "
            RenderTableCell {TD} at (376,98) size 8x14 [bgcolor=#FDFDFB] [r=7 c=49 rs=1 cs=1]
              RenderInline {FONT} at (0,0) size 3x14
                RenderText {#text} at (0,0) size 3x14
                  text run at (0,0) width 3: " "
            RenderTableCell {TD} at (384,98) size 8x14 [bgcolor=#7B918F] [r=7 c=50 rs=1 cs=1]
              RenderInline {FONT} at (0,0) size 3x14
                RenderText {#text} at (0,0) size 3x14
                  text run at (0,0) width 3: " "
            RenderTableCell {TD} at (392,98) size 8x14 [bgcolor=#044140] [r=7 c=51 rs=1 cs=1]
              RenderInline {FONT} at (0,0) size 3x14
                RenderText {#text} at (0,0) size 3x14
                  text run at (0,0) width 3: " "
            RenderTableCell {TD} at (400,98) size 8x14 [bgcolor=#083131] [r=7 c=52 rs=1 cs=1]
              RenderInline {FONT} at (0,0) size 3x14
                RenderText {#text} at (0,0) size 3x14
                  text run at (0,0) width 3: " "
            RenderTableCell {TD} at (408,98) size 8x14 [bgcolor=#083131] [r=7 c=53 rs=1 cs=1]
              RenderInline {FONT} at (0,0) size 3x14
                RenderText {#text} at (0,0) size 3x14
                  text run at (0,0) width 3: " "
            RenderTableCell {TD} at (416,98) size 8x14 [bgcolor=#2D3433] [r=7 c=54 rs=1 cs=1]
              RenderInline {FONT} at (0,0) size 3x14
                RenderText {#text} at (0,0) size 3x14
                  text run at (0,0) width 3: " "
            RenderTableCell {TD} at (424,98) size 8x14 [bgcolor=#4D4F4F] [r=7 c=55 rs=1 cs=1]
              RenderInline {FONT} at (0,0) size 3x14
                RenderText {#text} at (0,0) size 3x14
                  text run at (0,0) width 3: " "
            RenderTableCell {TD} at (432,98) size 8x14 [bgcolor=#5E5F60] [r=7 c=56 rs=1 cs=1]
              RenderInline {FONT} at (0,0) size 3x14
                RenderText {#text} at (0,0) size 3x14
                  text run at (0,0) width 3: " "
            RenderTableCell {TD} at (440,98) size 8x14 [bgcolor=#777878] [r=7 c=57 rs=1 cs=1]
              RenderInline {FONT} at (0,0) size 3x14
                RenderText {#text} at (0,0) size 3x14
                  text run at (0,0) width 3: " "
            RenderTableCell {TD} at (448,98) size 8x14 [bgcolor=#848788] [r=7 c=58 rs=1 cs=1]
              RenderInline {FONT} at (0,0) size 3x14
                RenderText {#text} at (0,0) size 3x14
                  text run at (0,0) width 3: " "
            RenderTableCell {TD} at (456,98) size 8x14 [bgcolor=#939494] [r=7 c=59 rs=1 cs=1]
              RenderInline {FONT} at (0,0) size 3x14
                RenderText {#text} at (0,0) size 3x14
                  text run at (0,0) width 3: " "
            RenderTableCell {TD} at (464,98) size 8x14 [bgcolor=#939494] [r=7 c=60 rs=1 cs=1]
              RenderInline {FONT} at (0,0) size 3x14
                RenderText {#text} at (0,0) size 3x14
                  text run at (0,0) width 3: " "
            RenderTableCell {TD} at (472,98) size 8x14 [bgcolor=#1B8685] [r=7 c=61 rs=1 cs=1]
              RenderInline {FONT} at (0,0) size 3x14
                RenderText {#text} at (0,0) size 3x14
                  text run at (0,0) width 3: " "
            RenderTableCell {TD} at (480,98) size 8x14 [bgcolor=#048485] [r=7 c=62 rs=1 cs=1]
              RenderInline {FONT} at (0,0) size 3x14
                RenderText {#text} at (0,0) size 3x14
                  text run at (0,0) width 3: " "
            RenderTableCell {TD} at (488,98) size 8x14 [bgcolor=#027777] [r=7 c=63 rs=1 cs=1]
              RenderInline {FONT} at (0,0) size 3x14
                RenderText {#text} at (0,0) size 3x14
                  text run at (0,0) width 3: " "
            RenderTableCell {TD} at (496,98) size 8x14 [bgcolor=#026766] [r=7 c=64 rs=1 cs=1]
              RenderInline {FONT} at (0,0) size 3x14
                RenderText {#text} at (0,0) size 3x14
                  text run at (0,0) width 3: " "
            RenderTableCell {TD} at (504,98) size 8x14 [bgcolor=#026766] [r=7 c=65 rs=1 cs=1]
              RenderInline {FONT} at (0,0) size 3x14
                RenderText {#text} at (0,0) size 3x14
                  text run at (0,0) width 3: " "
            RenderTableCell {TD} at (512,98) size 8x14 [bgcolor=#026766] [r=7 c=66 rs=1 cs=1]
              RenderInline {FONT} at (0,0) size 3x14
                RenderText {#text} at (0,0) size 3x14
                  text run at (0,0) width 3: " "
            RenderTableCell {TD} at (520,98) size 8x14 [bgcolor=#026766] [r=7 c=67 rs=1 cs=1]
              RenderInline {FONT} at (0,0) size 3x14
                RenderText {#text} at (0,0) size 3x14
                  text run at (0,0) width 3: " "
            RenderTableCell {TD} at (528,98) size 8x14 [bgcolor=#026766] [r=7 c=68 rs=1 cs=1]
              RenderInline {FONT} at (0,0) size 3x14
                RenderText {#text} at (0,0) size 3x14
                  text run at (0,0) width 3: " "
            RenderTableCell {TD} at (536,98) size 8x14 [bgcolor=#026766] [r=7 c=69 rs=1 cs=1]
              RenderInline {FONT} at (0,0) size 3x14
                RenderText {#text} at (0,0) size 3x14
                  text run at (0,0) width 3: " "
            RenderTableCell {TD} at (544,98) size 8x14 [bgcolor=#1E7A79] [r=7 c=70 rs=1 cs=1]
              RenderInline {FONT} at (0,0) size 3x14
                RenderText {#text} at (0,0) size 3x14
                  text run at (0,0) width 3: " "
            RenderTableCell {TD} at (552,98) size 8x14 [bgcolor=#E0EAE9] [r=7 c=71 rs=1 cs=1]
              RenderInline {FONT} at (0,0) size 3x14
                RenderText {#text} at (0,0) size 3x14
                  text run at (0,0) width 3: " "
            RenderTableCell {TD} at (560,98) size 8x14 [bgcolor=#FDFDFB] [r=7 c=72 rs=1 cs=1]
              RenderInline {FONT} at (0,0) size 3x14
                RenderText {#text} at (0,0) size 3x14
                  text run at (0,0) width 3: " "
            RenderTableCell {TD} at (568,98) size 8x14 [bgcolor=#515C5B] [r=7 c=73 rs=1 cs=1]
              RenderInline {FONT} at (0,0) size 3x14
                RenderText {#text} at (0,0) size 3x14
                  text run at (0,0) width 3: " "
            RenderTableCell {TD} at (576,98) size 8x14 [bgcolor=#3D4242] [r=7 c=74 rs=1 cs=1]
              RenderInline {FONT} at (0,0) size 3x14
                RenderText {#text} at (0,0) size 3x14
                  text run at (0,0) width 3: " "
            RenderTableCell {TD} at (584,98) size 8x14 [bgcolor=#515C5B] [r=7 c=75 rs=1 cs=1]
              RenderInline {FONT} at (0,0) size 3x14
                RenderText {#text} at (0,0) size 3x14
                  text run at (0,0) width 3: " "
            RenderTableCell {TD} at (592,98) size 8x14 [bgcolor=#696A69] [r=7 c=76 rs=1 cs=1]
              RenderInline {FONT} at (0,0) size 3x14
                RenderText {#text} at (0,0) size 3x14
                  text run at (0,0) width 3: " "
            RenderTableCell {TD} at (600,98) size 8x14 [bgcolor=#777878] [r=7 c=77 rs=1 cs=1]
              RenderInline {FONT} at (0,0) size 3x14
                RenderText {#text} at (0,0) size 3x14
                  text run at (0,0) width 3: " "
            RenderTableCell {TD} at (608,98) size 8x14 [bgcolor=#1E7A79] [r=7 c=78 rs=1 cs=1]
              RenderInline {FONT} at (0,0) size 3x14
                RenderText {#text} at (0,0) size 3x14
                  text run at (0,0) width 3: " "
            RenderTableCell {TD} at (616,98) size 8x14 [bgcolor=#027777] [r=7 c=79 rs=1 cs=1]
              RenderInline {FONT} at (0,0) size 3x14
                RenderText {#text} at (0,0) size 3x14
                  text run at (0,0) width 3: " "
            RenderTableCell {TD} at (624,98) size 8x14 [bgcolor=#026766] [r=7 c=80 rs=1 cs=1]
              RenderInline {FONT} at (0,0) size 3x14
                RenderText {#text} at (0,0) size 3x14
                  text run at (0,0) width 3: " "
            RenderTableCell {TD} at (632,98) size 8x14 [bgcolor=#026766] [r=7 c=81 rs=1 cs=1]
              RenderInline {FONT} at (0,0) size 3x14
                RenderText {#text} at (0,0) size 3x14
                  text run at (0,0) width 3: " "
            RenderTableCell {TD} at (640,98) size 8x14 [bgcolor=#026766] [r=7 c=82 rs=1 cs=1]
              RenderInline {FONT} at (0,0) size 3x14
                RenderText {#text} at (0,0) size 3x14
                  text run at (0,0) width 3: " "
            RenderTableCell {TD} at (648,98) size 8x14 [bgcolor=#026766] [r=7 c=83 rs=1 cs=1]
              RenderInline {FONT} at (0,0) size 3x14
                RenderText {#text} at (0,0) size 3x14
                  text run at (0,0) width 3: " "
            RenderTableCell {TD} at (656,98) size 8x14 [bgcolor=#026766] [r=7 c=84 rs=1 cs=1]
              RenderInline {FONT} at (0,0) size 3x14
                RenderText {#text} at (0,0) size 3x14
                  text run at (0,0) width 3: " "
            RenderTableCell {TD} at (664,98) size 8x14 [bgcolor=#026766] [r=7 c=85 rs=1 cs=1]
              RenderInline {FONT} at (0,0) size 3x14
                RenderText {#text} at (0,0) size 3x14
                  text run at (0,0) width 3: " "
            RenderTableCell {TD} at (672,98) size 8x14 [bgcolor=#026766] [r=7 c=86 rs=1 cs=1]
              RenderInline {FONT} at (0,0) size 3x14
                RenderText {#text} at (0,0) size 3x14
                  text run at (0,0) width 3: " "
            RenderTableCell {TD} at (680,98) size 8x14 [bgcolor=#026766] [r=7 c=87 rs=1 cs=1]
              RenderInline {FONT} at (0,0) size 3x14
                RenderText {#text} at (0,0) size 3x14
                  text run at (0,0) width 3: " "
            RenderTableCell {TD} at (688,98) size 8x14 [bgcolor=#026766] [r=7 c=88 rs=1 cs=1]
              RenderInline {FONT} at (0,0) size 3x14
                RenderText {#text} at (0,0) size 3x14
                  text run at (0,0) width 3: " "
            RenderTableCell {TD} at (696,98) size 8x14 [bgcolor=#026766] [r=7 c=89 rs=1 cs=1]
              RenderInline {FONT} at (0,0) size 3x14
                RenderText {#text} at (0,0) size 3x14
                  text run at (0,0) width 3: " "
            RenderTableCell {TD} at (704,98) size 8x14 [bgcolor=#1E7A79] [r=7 c=90 rs=1 cs=1]
              RenderInline {FONT} at (0,0) size 3x14
                RenderText {#text} at (0,0) size 3x14
                  text run at (0,0) width 3: " "
            RenderTableCell {TD} at (712,98) size 8x14 [bgcolor=#8DB7B6] [r=7 c=91 rs=1 cs=1]
              RenderInline {FONT} at (0,0) size 3x14
                RenderText {#text} at (0,0) size 3x14
                  text run at (0,0) width 3: " "
            RenderTableCell {TD} at (720,98) size 8x14 [bgcolor=#97C1C0] [r=7 c=92 rs=1 cs=1]
              RenderInline {FONT} at (0,0) size 3x14
                RenderText {#text} at (0,0) size 3x14
                  text run at (0,0) width 3: " "
            RenderTableCell {TD} at (728,98) size 8x14 [bgcolor=#274C4D] [r=7 c=93 rs=1 cs=1]
              RenderInline {FONT} at (0,0) size 3x14
                RenderText {#text} at (0,0) size 3x14
                  text run at (0,0) width 3: " "
            RenderTableCell {TD} at (736,98) size 8x14 [bgcolor=#223C3D] [r=7 c=94 rs=1 cs=1]
              RenderInline {FONT} at (0,0) size 3x14
                RenderText {#text} at (0,0) size 3x14
                  text run at (0,0) width 3: " "
            RenderTableCell {TD} at (744,98) size 8x14 [bgcolor=#5E5F60] [r=7 c=95 rs=1 cs=1]
              RenderInline {FONT} at (0,0) size 3x14
                RenderText {#text} at (0,0) size 3x14
                  text run at (0,0) width 3: " "
            RenderTableCell {TD} at (752,98) size 8x14 [bgcolor=#777878] [r=7 c=96 rs=1 cs=1]
              RenderInline {FONT} at (0,0) size 3x14
                RenderText {#text} at (0,0) size 3x14
                  text run at (0,0) width 3: " "
            RenderTableCell {TD} at (760,98) size 8x14 [bgcolor=#848788] [r=7 c=97 rs=1 cs=1]
              RenderInline {FONT} at (0,0) size 3x14
                RenderText {#text} at (0,0) size 3x14
                  text run at (0,0) width 3: " "
            RenderTableCell {TD} at (768,98) size 8x14 [bgcolor=#777878] [r=7 c=98 rs=1 cs=1]
              RenderInline {FONT} at (0,0) size 3x14
                RenderText {#text} at (0,0) size 3x14
                  text run at (0,0) width 3: " "
            RenderTableCell {TD} at (776,98) size 8x14 [bgcolor=#4D4F4F] [r=7 c=99 rs=1 cs=1]
              RenderInline {FONT} at (0,0) size 3x14
                RenderText {#text} at (0,0) size 3x14
                  text run at (0,0) width 3: " "
          RenderTableRow {TR} at (0,112) size 784x14
            RenderTableCell {TD} at (0,112) size 7x14 [bgcolor=#FDFDFB] [r=8 c=0 rs=1 cs=1]
              RenderInline {FONT} at (0,0) size 3x14
                RenderText {#text} at (0,0) size 3x14
                  text run at (0,0) width 3: " "
            RenderTableCell {TD} at (7,112) size 7x14 [bgcolor=#97C1C0] [r=8 c=1 rs=1 cs=1]
              RenderInline {FONT} at (0,0) size 3x14
                RenderText {#text} at (0,0) size 3x14
                  text run at (0,0) width 3: " "
            RenderTableCell {TD} at (14,112) size 7x14 [bgcolor=#048485] [r=8 c=2 rs=1 cs=1]
              RenderInline {FONT} at (0,0) size 3x14
                RenderText {#text} at (0,0) size 3x14
                  text run at (0,0) width 3: " "
            RenderTableCell {TD} at (21,112) size 7x14 [bgcolor=#027777] [r=8 c=3 rs=1 cs=1]
              RenderInline {FONT} at (0,0) size 3x14
                RenderText {#text} at (0,0) size 3x14
                  text run at (0,0) width 3: " "
            RenderTableCell {TD} at (28,112) size 7x14 [bgcolor=#026766] [r=8 c=4 rs=1 cs=1]
              RenderInline {FONT} at (0,0) size 3x14
                RenderText {#text} at (0,0) size 3x14
                  text run at (0,0) width 3: " "
            RenderTableCell {TD} at (35,112) size 7x14 [bgcolor=#026766] [r=8 c=5 rs=1 cs=1]
              RenderInline {FONT} at (0,0) size 3x14
                RenderText {#text} at (0,0) size 3x14
                  text run at (0,0) width 3: " "
            RenderTableCell {TD} at (42,112) size 7x14 [bgcolor=#026766] [r=8 c=6 rs=1 cs=1]
              RenderInline {FONT} at (0,0) size 3x14
                RenderText {#text} at (0,0) size 3x14
                  text run at (0,0) width 3: " "
            RenderTableCell {TD} at (49,112) size 7x14 [bgcolor=#026766] [r=8 c=7 rs=1 cs=1]
              RenderInline {FONT} at (0,0) size 3x14
                RenderText {#text} at (0,0) size 3x14
                  text run at (0,0) width 3: " "
            RenderTableCell {TD} at (56,112) size 7x14 [bgcolor=#026766] [r=8 c=8 rs=1 cs=1]
              RenderInline {FONT} at (0,0) size 3x14
                RenderText {#text} at (0,0) size 3x14
                  text run at (0,0) width 3: " "
            RenderTableCell {TD} at (63,112) size 7x14 [bgcolor=#026766] [r=8 c=9 rs=1 cs=1]
              RenderInline {FONT} at (0,0) size 3x14
                RenderText {#text} at (0,0) size 3x14
                  text run at (0,0) width 3: " "
            RenderTableCell {TD} at (70,112) size 7x14 [bgcolor=#026766] [r=8 c=10 rs=1 cs=1]
              RenderInline {FONT} at (0,0) size 3x14
                RenderText {#text} at (0,0) size 3x14
                  text run at (0,0) width 3: " "
            RenderTableCell {TD} at (77,112) size 7x14 [bgcolor=#025E5E] [r=8 c=11 rs=1 cs=1]
              RenderInline {FONT} at (0,0) size 3x14
                RenderText {#text} at (0,0) size 3x14
                  text run at (0,0) width 3: " "
            RenderTableCell {TD} at (84,112) size 7x14 [bgcolor=#025E5E] [r=8 c=12 rs=1 cs=1]
              RenderInline {FONT} at (0,0) size 3x14
                RenderText {#text} at (0,0) size 3x14
                  text run at (0,0) width 3: " "
            RenderTableCell {TD} at (91,112) size 7x14 [bgcolor=#044140] [r=8 c=13 rs=1 cs=1]
              RenderInline {FONT} at (0,0) size 3x14
                RenderText {#text} at (0,0) size 3x14
                  text run at (0,0) width 3: " "
            RenderTableCell {TD} at (98,112) size 7x14 [bgcolor=#223C3D] [r=8 c=14 rs=1 cs=1]
              RenderInline {FONT} at (0,0) size 3x14
                RenderText {#text} at (0,0) size 3x14
                  text run at (0,0) width 3: " "
            RenderTableCell {TD} at (105,112) size 7x14 [bgcolor=#848788] [r=8 c=15 rs=1 cs=1]
              RenderInline {FONT} at (0,0) size 3x14
                RenderText {#text} at (0,0) size 3x14
                  text run at (0,0) width 3: " "
            RenderTableCell {TD} at (112,112) size 8x14 [bgcolor=#FDFDFB] [r=8 c=16 rs=1 cs=1]
              RenderInline {FONT} at (0,0) size 3x14
                RenderText {#text} at (0,0) size 3x14
                  text run at (0,0) width 3: " "
            RenderTableCell {TD} at (120,112) size 8x14 [bgcolor=#FDFDFB] [r=8 c=17 rs=1 cs=1]
              RenderInline {FONT} at (0,0) size 3x14
                RenderText {#text} at (0,0) size 3x14
                  text run at (0,0) width 3: " "
            RenderTableCell {TD} at (128,112) size 8x14 [bgcolor=#2D3433] [r=8 c=18 rs=1 cs=1]
              RenderInline {FONT} at (0,0) size 3x14
                RenderText {#text} at (0,0) size 3x14
                  text run at (0,0) width 3: " "
            RenderTableCell {TD} at (136,112) size 8x14 [bgcolor=#1E7A79] [r=8 c=19 rs=1 cs=1]
              RenderInline {FONT} at (0,0) size 3x14
                RenderText {#text} at (0,0) size 3x14
                  text run at (0,0) width 3: " "
            RenderTableCell {TD} at (144,112) size 8x14 [bgcolor=#027777] [r=8 c=20 rs=1 cs=1]
              RenderInline {FONT} at (0,0) size 3x14
                RenderText {#text} at (0,0) size 3x14
                  text run at (0,0) width 3: " "
            RenderTableCell {TD} at (152,112) size 8x14 [bgcolor=#026766] [r=8 c=21 rs=1 cs=1]
              RenderInline {FONT} at (0,0) size 3x14
                RenderText {#text} at (0,0) size 3x14
                  text run at (0,0) width 3: " "
            RenderTableCell {TD} at (160,112) size 8x14 [bgcolor=#026766] [r=8 c=22 rs=1 cs=1]
              RenderInline {FONT} at (0,0) size 3x14
                RenderText {#text} at (0,0) size 3x14
                  text run at (0,0) width 3: " "
            RenderTableCell {TD} at (168,112) size 8x14 [bgcolor=#026766] [r=8 c=23 rs=1 cs=1]
              RenderInline {FONT} at (0,0) size 3x14
                RenderText {#text} at (0,0) size 3x14
                  text run at (0,0) width 3: " "
            RenderTableCell {TD} at (176,112) size 8x14 [bgcolor=#026766] [r=8 c=24 rs=1 cs=1]
              RenderInline {FONT} at (0,0) size 3x14
                RenderText {#text} at (0,0) size 3x14
                  text run at (0,0) width 3: " "
            RenderTableCell {TD} at (184,112) size 8x14 [bgcolor=#026766] [r=8 c=25 rs=1 cs=1]
              RenderInline {FONT} at (0,0) size 3x14
                RenderText {#text} at (0,0) size 3x14
                  text run at (0,0) width 3: " "
            RenderTableCell {TD} at (192,112) size 8x14 [bgcolor=#026766] [r=8 c=26 rs=1 cs=1]
              RenderInline {FONT} at (0,0) size 3x14
                RenderText {#text} at (0,0) size 3x14
                  text run at (0,0) width 3: " "
            RenderTableCell {TD} at (200,112) size 8x14 [bgcolor=#026766] [r=8 c=27 rs=1 cs=1]
              RenderInline {FONT} at (0,0) size 3x14
                RenderText {#text} at (0,0) size 3x14
                  text run at (0,0) width 3: " "
            RenderTableCell {TD} at (208,112) size 8x14 [bgcolor=#026766] [r=8 c=28 rs=1 cs=1]
              RenderInline {FONT} at (0,0) size 3x14
                RenderText {#text} at (0,0) size 3x14
                  text run at (0,0) width 3: " "
            RenderTableCell {TD} at (216,112) size 8x14 [bgcolor=#025E5E] [r=8 c=29 rs=1 cs=1]
              RenderInline {FONT} at (0,0) size 3x14
                RenderText {#text} at (0,0) size 3x14
                  text run at (0,0) width 3: " "
            RenderTableCell {TD} at (224,112) size 8x14 [bgcolor=#044F4F] [r=8 c=30 rs=1 cs=1]
              RenderInline {FONT} at (0,0) size 3x14
                RenderText {#text} at (0,0) size 3x14
                  text run at (0,0) width 3: " "
            RenderTableCell {TD} at (232,112) size 8x14 [bgcolor=#044140] [r=8 c=31 rs=1 cs=1]
              RenderInline {FONT} at (0,0) size 3x14
                RenderText {#text} at (0,0) size 3x14
                  text run at (0,0) width 3: " "
            RenderTableCell {TD} at (240,112) size 8x14 [bgcolor=#515C5B] [r=8 c=32 rs=1 cs=1]
              RenderInline {FONT} at (0,0) size 3x14
                RenderText {#text} at (0,0) size 3x14
                  text run at (0,0) width 3: " "
            RenderTableCell {TD} at (248,112) size 8x14 [bgcolor=#777878] [r=8 c=33 rs=1 cs=1]
              RenderInline {FONT} at (0,0) size 3x14
                RenderText {#text} at (0,0) size 3x14
                  text run at (0,0) width 3: " "
            RenderTableCell {TD} at (256,112) size 8x14 [bgcolor=#939494] [r=8 c=34 rs=1 cs=1]
              RenderInline {FONT} at (0,0) size 3x14
                RenderText {#text} at (0,0) size 3x14
                  text run at (0,0) width 3: " "
            RenderTableCell {TD} at (264,112) size 8x14 [bgcolor=#7B918F] [r=8 c=35 rs=1 cs=1]
              RenderInline {FONT} at (0,0) size 3x14
                RenderText {#text} at (0,0) size 3x14
                  text run at (0,0) width 3: " "
            RenderTableCell {TD} at (272,112) size 8x14 [bgcolor=#027777] [r=8 c=36 rs=1 cs=1]
              RenderInline {FONT} at (0,0) size 3x14
                RenderText {#text} at (0,0) size 3x14
                  text run at (0,0) width 3: " "
            RenderTableCell {TD} at (280,112) size 8x14 [bgcolor=#027777] [r=8 c=37 rs=1 cs=1]
              RenderInline {FONT} at (0,0) size 3x14
                RenderText {#text} at (0,0) size 3x14
                  text run at (0,0) width 3: " "
            RenderTableCell {TD} at (288,112) size 8x14 [bgcolor=#026766] [r=8 c=38 rs=1 cs=1]
              RenderInline {FONT} at (0,0) size 3x14
                RenderText {#text} at (0,0) size 3x14
                  text run at (0,0) width 3: " "
            RenderTableCell {TD} at (296,112) size 8x14 [bgcolor=#026766] [r=8 c=39 rs=1 cs=1]
              RenderInline {FONT} at (0,0) size 3x14
                RenderText {#text} at (0,0) size 3x14
                  text run at (0,0) width 3: " "
            RenderTableCell {TD} at (304,112) size 8x14 [bgcolor=#026766] [r=8 c=40 rs=1 cs=1]
              RenderInline {FONT} at (0,0) size 3x14
                RenderText {#text} at (0,0) size 3x14
                  text run at (0,0) width 3: " "
            RenderTableCell {TD} at (312,112) size 8x14 [bgcolor=#026766] [r=8 c=41 rs=1 cs=1]
              RenderInline {FONT} at (0,0) size 3x14
                RenderText {#text} at (0,0) size 3x14
                  text run at (0,0) width 3: " "
            RenderTableCell {TD} at (320,112) size 8x14 [bgcolor=#026766] [r=8 c=42 rs=1 cs=1]
              RenderInline {FONT} at (0,0) size 3x14
                RenderText {#text} at (0,0) size 3x14
                  text run at (0,0) width 3: " "
            RenderTableCell {TD} at (328,112) size 8x14 [bgcolor=#026766] [r=8 c=43 rs=1 cs=1]
              RenderInline {FONT} at (0,0) size 3x14
                RenderText {#text} at (0,0) size 3x14
                  text run at (0,0) width 3: " "
            RenderTableCell {TD} at (336,112) size 8x14 [bgcolor=#026766] [r=8 c=44 rs=1 cs=1]
              RenderInline {FONT} at (0,0) size 3x14
                RenderText {#text} at (0,0) size 3x14
                  text run at (0,0) width 3: " "
            RenderTableCell {TD} at (344,112) size 8x14 [bgcolor=#026766] [r=8 c=45 rs=1 cs=1]
              RenderInline {FONT} at (0,0) size 3x14
                RenderText {#text} at (0,0) size 3x14
                  text run at (0,0) width 3: " "
            RenderTableCell {TD} at (352,112) size 8x14 [bgcolor=#026766] [r=8 c=46 rs=1 cs=1]
              RenderInline {FONT} at (0,0) size 3x14
                RenderText {#text} at (0,0) size 3x14
                  text run at (0,0) width 3: " "
            RenderTableCell {TD} at (360,112) size 8x14 [bgcolor=#1A6B6A] [r=8 c=47 rs=1 cs=1]
              RenderInline {FONT} at (0,0) size 3x14
                RenderText {#text} at (0,0) size 3x14
                  text run at (0,0) width 3: " "
            RenderTableCell {TD} at (368,112) size 8x14 [bgcolor=#B6D0D1] [r=8 c=48 rs=1 cs=1]
              RenderInline {FONT} at (0,0) size 3x14
                RenderText {#text} at (0,0) size 3x14
                  text run at (0,0) width 3: " "
            RenderTableCell {TD} at (376,112) size 8x14 [bgcolor=#FDFDFB] [r=8 c=49 rs=1 cs=1]
              RenderInline {FONT} at (0,0) size 3x14
                RenderText {#text} at (0,0) size 3x14
                  text run at (0,0) width 3: " "
            RenderTableCell {TD} at (384,112) size 8x14 [bgcolor=#848788] [r=8 c=50 rs=1 cs=1]
              RenderInline {FONT} at (0,0) size 3x14
                RenderText {#text} at (0,0) size 3x14
                  text run at (0,0) width 3: " "
            RenderTableCell {TD} at (392,112) size 8x14 [bgcolor=#083131] [r=8 c=51 rs=1 cs=1]
              RenderInline {FONT} at (0,0) size 3x14
                RenderText {#text} at (0,0) size 3x14
                  text run at (0,0) width 3: " "
            RenderTableCell {TD} at (400,112) size 8x14 [bgcolor=#083131] [r=8 c=52 rs=1 cs=1]
              RenderInline {FONT} at (0,0) size 3x14
                RenderText {#text} at (0,0) size 3x14
                  text run at (0,0) width 3: " "
            RenderTableCell {TD} at (408,112) size 8x14 [bgcolor=#3D4242] [r=8 c=53 rs=1 cs=1]
              RenderInline {FONT} at (0,0) size 3x14
                RenderText {#text} at (0,0) size 3x14
                  text run at (0,0) width 3: " "
            RenderTableCell {TD} at (416,112) size 8x14 [bgcolor=#4D4F4F] [r=8 c=54 rs=1 cs=1]
              RenderInline {FONT} at (0,0) size 3x14
                RenderText {#text} at (0,0) size 3x14
                  text run at (0,0) width 3: " "
            RenderTableCell {TD} at (424,112) size 8x14 [bgcolor=#696A69] [r=8 c=55 rs=1 cs=1]
              RenderInline {FONT} at (0,0) size 3x14
                RenderText {#text} at (0,0) size 3x14
                  text run at (0,0) width 3: " "
            RenderTableCell {TD} at (432,112) size 8x14 [bgcolor=#777878] [r=8 c=56 rs=1 cs=1]
              RenderInline {FONT} at (0,0) size 3x14
                RenderText {#text} at (0,0) size 3x14
                  text run at (0,0) width 3: " "
            RenderTableCell {TD} at (440,112) size 8x14 [bgcolor=#848788] [r=8 c=57 rs=1 cs=1]
              RenderInline {FONT} at (0,0) size 3x14
                RenderText {#text} at (0,0) size 3x14
                  text run at (0,0) width 3: " "
            RenderTableCell {TD} at (448,112) size 8x14 [bgcolor=#939494] [r=8 c=58 rs=1 cs=1]
              RenderInline {FONT} at (0,0) size 3x14
                RenderText {#text} at (0,0) size 3x14
                  text run at (0,0) width 3: " "
            RenderTableCell {TD} at (456,112) size 8x14 [bgcolor=#939494] [r=8 c=59 rs=1 cs=1]
              RenderInline {FONT} at (0,0) size 3x14
                RenderText {#text} at (0,0) size 3x14
                  text run at (0,0) width 3: " "
            RenderTableCell {TD} at (464,112) size 8x14 [bgcolor=#7B918F] [r=8 c=60 rs=1 cs=1]
              RenderInline {FONT} at (0,0) size 3x14
                RenderText {#text} at (0,0) size 3x14
                  text run at (0,0) width 3: " "
            RenderTableCell {TD} at (472,112) size 8x14 [bgcolor=#048485] [r=8 c=61 rs=1 cs=1]
              RenderInline {FONT} at (0,0) size 3x14
                RenderText {#text} at (0,0) size 3x14
                  text run at (0,0) width 3: " "
            RenderTableCell {TD} at (480,112) size 8x14 [bgcolor=#027777] [r=8 c=62 rs=1 cs=1]
              RenderInline {FONT} at (0,0) size 3x14
                RenderText {#text} at (0,0) size 3x14
                  text run at (0,0) width 3: " "
            RenderTableCell {TD} at (488,112) size 8x14 [bgcolor=#026766] [r=8 c=63 rs=1 cs=1]
              RenderInline {FONT} at (0,0) size 3x14
                RenderText {#text} at (0,0) size 3x14
                  text run at (0,0) width 3: " "
            RenderTableCell {TD} at (496,112) size 8x14 [bgcolor=#026766] [r=8 c=64 rs=1 cs=1]
              RenderInline {FONT} at (0,0) size 3x14
                RenderText {#text} at (0,0) size 3x14
                  text run at (0,0) width 3: " "
            RenderTableCell {TD} at (504,112) size 8x14 [bgcolor=#026766] [r=8 c=65 rs=1 cs=1]
              RenderInline {FONT} at (0,0) size 3x14
                RenderText {#text} at (0,0) size 3x14
                  text run at (0,0) width 3: " "
            RenderTableCell {TD} at (512,112) size 8x14 [bgcolor=#026766] [r=8 c=66 rs=1 cs=1]
              RenderInline {FONT} at (0,0) size 3x14
                RenderText {#text} at (0,0) size 3x14
                  text run at (0,0) width 3: " "
            RenderTableCell {TD} at (520,112) size 8x14 [bgcolor=#026766] [r=8 c=67 rs=1 cs=1]
              RenderInline {FONT} at (0,0) size 3x14
                RenderText {#text} at (0,0) size 3x14
                  text run at (0,0) width 3: " "
            RenderTableCell {TD} at (528,112) size 8x14 [bgcolor=#026766] [r=8 c=68 rs=1 cs=1]
              RenderInline {FONT} at (0,0) size 3x14
                RenderText {#text} at (0,0) size 3x14
                  text run at (0,0) width 3: " "
            RenderTableCell {TD} at (536,112) size 8x14 [bgcolor=#026766] [r=8 c=69 rs=1 cs=1]
              RenderInline {FONT} at (0,0) size 3x14
                RenderText {#text} at (0,0) size 3x14
                  text run at (0,0) width 3: " "
            RenderTableCell {TD} at (544,112) size 8x14 [bgcolor=#1E7A79] [r=8 c=70 rs=1 cs=1]
              RenderInline {FONT} at (0,0) size 3x14
                RenderText {#text} at (0,0) size 3x14
                  text run at (0,0) width 3: " "
            RenderTableCell {TD} at (552,112) size 8x14 [bgcolor=#E0EAE9] [r=8 c=71 rs=1 cs=1]
              RenderInline {FONT} at (0,0) size 3x14
                RenderText {#text} at (0,0) size 3x14
                  text run at (0,0) width 3: " "
            RenderTableCell {TD} at (560,112) size 8x14 [bgcolor=#FDFDFB] [r=8 c=72 rs=1 cs=1]
              RenderInline {FONT} at (0,0) size 3x14
                RenderText {#text} at (0,0) size 3x14
                  text run at (0,0) width 3: " "
            RenderTableCell {TD} at (568,112) size 8x14 [bgcolor=#4D4F4F] [r=8 c=73 rs=1 cs=1]
              RenderInline {FONT} at (0,0) size 3x14
                RenderText {#text} at (0,0) size 3x14
                  text run at (0,0) width 3: " "
            RenderTableCell {TD} at (576,112) size 8x14 [bgcolor=#515C5B] [r=8 c=74 rs=1 cs=1]
              RenderInline {FONT} at (0,0) size 3x14
                RenderText {#text} at (0,0) size 3x14
                  text run at (0,0) width 3: " "
            RenderTableCell {TD} at (584,112) size 8x14 [bgcolor=#777878] [r=8 c=75 rs=1 cs=1]
              RenderInline {FONT} at (0,0) size 3x14
                RenderText {#text} at (0,0) size 3x14
                  text run at (0,0) width 3: " "
            RenderTableCell {TD} at (592,112) size 8x14 [bgcolor=#848788] [r=8 c=76 rs=1 cs=1]
              RenderInline {FONT} at (0,0) size 3x14
                RenderText {#text} at (0,0) size 3x14
                  text run at (0,0) width 3: " "
            RenderTableCell {TD} at (600,112) size 8x14 [bgcolor=#848788] [r=8 c=77 rs=1 cs=1]
              RenderInline {FONT} at (0,0) size 3x14
                RenderText {#text} at (0,0) size 3x14
                  text run at (0,0) width 3: " "
            RenderTableCell {TD} at (608,112) size 8x14 [bgcolor=#1E7A79] [r=8 c=78 rs=1 cs=1]
              RenderInline {FONT} at (0,0) size 3x14
                RenderText {#text} at (0,0) size 3x14
                  text run at (0,0) width 3: " "
            RenderTableCell {TD} at (616,112) size 8x14 [bgcolor=#027777] [r=8 c=79 rs=1 cs=1]
              RenderInline {FONT} at (0,0) size 3x14
                RenderText {#text} at (0,0) size 3x14
                  text run at (0,0) width 3: " "
            RenderTableCell {TD} at (624,112) size 8x14 [bgcolor=#026766] [r=8 c=80 rs=1 cs=1]
              RenderInline {FONT} at (0,0) size 3x14
                RenderText {#text} at (0,0) size 3x14
                  text run at (0,0) width 3: " "
            RenderTableCell {TD} at (632,112) size 8x14 [bgcolor=#026766] [r=8 c=81 rs=1 cs=1]
              RenderInline {FONT} at (0,0) size 3x14
                RenderText {#text} at (0,0) size 3x14
                  text run at (0,0) width 3: " "
            RenderTableCell {TD} at (640,112) size 8x14 [bgcolor=#026766] [r=8 c=82 rs=1 cs=1]
              RenderInline {FONT} at (0,0) size 3x14
                RenderText {#text} at (0,0) size 3x14
                  text run at (0,0) width 3: " "
            RenderTableCell {TD} at (648,112) size 8x14 [bgcolor=#026766] [r=8 c=83 rs=1 cs=1]
              RenderInline {FONT} at (0,0) size 3x14
                RenderText {#text} at (0,0) size 3x14
                  text run at (0,0) width 3: " "
            RenderTableCell {TD} at (656,112) size 8x14 [bgcolor=#026766] [r=8 c=84 rs=1 cs=1]
              RenderInline {FONT} at (0,0) size 3x14
                RenderText {#text} at (0,0) size 3x14
                  text run at (0,0) width 3: " "
            RenderTableCell {TD} at (664,112) size 8x14 [bgcolor=#026766] [r=8 c=85 rs=1 cs=1]
              RenderInline {FONT} at (0,0) size 3x14
                RenderText {#text} at (0,0) size 3x14
                  text run at (0,0) width 3: " "
            RenderTableCell {TD} at (672,112) size 8x14 [bgcolor=#026766] [r=8 c=86 rs=1 cs=1]
              RenderInline {FONT} at (0,0) size 3x14
                RenderText {#text} at (0,0) size 3x14
                  text run at (0,0) width 3: " "
            RenderTableCell {TD} at (680,112) size 8x14 [bgcolor=#026766] [r=8 c=87 rs=1 cs=1]
              RenderInline {FONT} at (0,0) size 3x14
                RenderText {#text} at (0,0) size 3x14
                  text run at (0,0) width 3: " "
            RenderTableCell {TD} at (688,112) size 8x14 [bgcolor=#026766] [r=8 c=88 rs=1 cs=1]
              RenderInline {FONT} at (0,0) size 3x14
                RenderText {#text} at (0,0) size 3x14
                  text run at (0,0) width 3: " "
            RenderTableCell {TD} at (696,112) size 8x14 [bgcolor=#026766] [r=8 c=89 rs=1 cs=1]
              RenderInline {FONT} at (0,0) size 3x14
                RenderText {#text} at (0,0) size 3x14
                  text run at (0,0) width 3: " "
            RenderTableCell {TD} at (704,112) size 8x14 [bgcolor=#338686] [r=8 c=90 rs=1 cs=1]
              RenderInline {FONT} at (0,0) size 3x14
                RenderText {#text} at (0,0) size 3x14
                  text run at (0,0) width 3: " "
            RenderTableCell {TD} at (712,112) size 8x14 [bgcolor=#EDEEEF] [r=8 c=91 rs=1 cs=1]
              RenderInline {FONT} at (0,0) size 3x14
                RenderText {#text} at (0,0) size 3x14
                  text run at (0,0) width 3: " "
            RenderTableCell {TD} at (720,112) size 8x14 [bgcolor=#FDFDFB] [r=8 c=92 rs=1 cs=1]
              RenderInline {FONT} at (0,0) size 3x14
                RenderText {#text} at (0,0) size 3x14
                  text run at (0,0) width 3: " "
            RenderTableCell {TD} at (728,112) size 8x14 [bgcolor=#223C3D] [r=8 c=93 rs=1 cs=1]
              RenderInline {FONT} at (0,0) size 3x14
                RenderText {#text} at (0,0) size 3x14
                  text run at (0,0) width 3: " "
            RenderTableCell {TD} at (736,112) size 8x14 [bgcolor=#223C3D] [r=8 c=94 rs=1 cs=1]
              RenderInline {FONT} at (0,0) size 3x14
                RenderText {#text} at (0,0) size 3x14
                  text run at (0,0) width 3: " "
            RenderTableCell {TD} at (744,112) size 8x14 [bgcolor=#5E5F60] [r=8 c=95 rs=1 cs=1]
              RenderInline {FONT} at (0,0) size 3x14
                RenderText {#text} at (0,0) size 3x14
                  text run at (0,0) width 3: " "
            RenderTableCell {TD} at (752,112) size 8x14 [bgcolor=#777878] [r=8 c=96 rs=1 cs=1]
              RenderInline {FONT} at (0,0) size 3x14
                RenderText {#text} at (0,0) size 3x14
                  text run at (0,0) width 3: " "
            RenderTableCell {TD} at (760,112) size 8x14 [bgcolor=#848788] [r=8 c=97 rs=1 cs=1]
              RenderInline {FONT} at (0,0) size 3x14
                RenderText {#text} at (0,0) size 3x14
                  text run at (0,0) width 3: " "
            RenderTableCell {TD} at (768,112) size 8x14 [bgcolor=#777878] [r=8 c=98 rs=1 cs=1]
              RenderInline {FONT} at (0,0) size 3x14
                RenderText {#text} at (0,0) size 3x14
                  text run at (0,0) width 3: " "
            RenderTableCell {TD} at (776,112) size 8x14 [bgcolor=#4D4F4F] [r=8 c=99 rs=1 cs=1]
              RenderInline {FONT} at (0,0) size 3x14
                RenderText {#text} at (0,0) size 3x14
                  text run at (0,0) width 3: " "
          RenderTableRow {TR} at (0,126) size 784x14
            RenderTableCell {TD} at (0,126) size 7x14 [bgcolor=#EDEEEF] [r=9 c=0 rs=1 cs=1]
              RenderInline {FONT} at (0,0) size 3x14
                RenderText {#text} at (0,0) size 3x14
                  text run at (0,0) width 3: " "
            RenderTableCell {TD} at (7,126) size 7x14 [bgcolor=#44A3A2] [r=9 c=1 rs=1 cs=1]
              RenderInline {FONT} at (0,0) size 3x14
                RenderText {#text} at (0,0) size 3x14
                  text run at (0,0) width 3: " "
            RenderTableCell {TD} at (14,126) size 7x14 [bgcolor=#048485] [r=9 c=2 rs=1 cs=1]
              RenderInline {FONT} at (0,0) size 3x14
                RenderText {#text} at (0,0) size 3x14
                  text run at (0,0) width 3: " "
            RenderTableCell {TD} at (21,126) size 7x14 [bgcolor=#027777] [r=9 c=3 rs=1 cs=1]
              RenderInline {FONT} at (0,0) size 3x14
                RenderText {#text} at (0,0) size 3x14
                  text run at (0,0) width 3: " "
            RenderTableCell {TD} at (28,126) size 7x14 [bgcolor=#469191] [r=9 c=4 rs=1 cs=1]
              RenderInline {FONT} at (0,0) size 3x14
                RenderText {#text} at (0,0) size 3x14
                  text run at (0,0) width 3: " "
            RenderTableCell {TD} at (35,126) size 7x14 [bgcolor=#7CAEAF] [r=9 c=5 rs=1 cs=1]
              RenderInline {FONT} at (0,0) size 3x14
                RenderText {#text} at (0,0) size 3x14
                  text run at (0,0) width 3: " "
            RenderTableCell {TD} at (42,126) size 7x14 [bgcolor=#97C1C0] [r=9 c=6 rs=1 cs=1]
              RenderInline {FONT} at (0,0) size 3x14
                RenderText {#text} at (0,0) size 3x14
                  text run at (0,0) width 3: " "
            RenderTableCell {TD} at (49,126) size 7x14 [bgcolor=#97C1C0] [r=9 c=7 rs=1 cs=1]
              RenderInline {FONT} at (0,0) size 3x14
                RenderText {#text} at (0,0) size 3x14
                  text run at (0,0) width 3: " "
            RenderTableCell {TD} at (56,126) size 7x14 [bgcolor=#97C1C0] [r=9 c=8 rs=1 cs=1]
              RenderInline {FONT} at (0,0) size 3x14
                RenderText {#text} at (0,0) size 3x14
                  text run at (0,0) width 3: " "
            RenderTableCell {TD} at (63,126) size 7x14 [bgcolor=#7CAEAF] [r=9 c=9 rs=1 cs=1]
              RenderInline {FONT} at (0,0) size 3x14
                RenderText {#text} at (0,0) size 3x14
                  text run at (0,0) width 3: " "
            RenderTableCell {TD} at (70,126) size 7x14 [bgcolor=#469191] [r=9 c=10 rs=1 cs=1]
              RenderInline {FONT} at (0,0) size 3x14
                RenderText {#text} at (0,0) size 3x14
                  text run at (0,0) width 3: " "
            RenderTableCell {TD} at (77,126) size 7x14 [bgcolor=#1A6B6A] [r=9 c=11 rs=1 cs=1]
              RenderInline {FONT} at (0,0) size 3x14
                RenderText {#text} at (0,0) size 3x14
                  text run at (0,0) width 3: " "
            RenderTableCell {TD} at (84,126) size 7x14 [bgcolor=#025E5E] [r=9 c=12 rs=1 cs=1]
              RenderInline {FONT} at (0,0) size 3x14
                RenderText {#text} at (0,0) size 3x14
                  text run at (0,0) width 3: " "
            RenderTableCell {TD} at (91,126) size 7x14 [bgcolor=#044140] [r=9 c=13 rs=1 cs=1]
              RenderInline {FONT} at (0,0) size 3x14
                RenderText {#text} at (0,0) size 3x14
                  text run at (0,0) width 3: " "
            RenderTableCell {TD} at (98,126) size 7x14 [bgcolor=#223C3D] [r=9 c=14 rs=1 cs=1]
              RenderInline {FONT} at (0,0) size 3x14
                RenderText {#text} at (0,0) size 3x14
                  text run at (0,0) width 3: " "
            RenderTableCell {TD} at (105,126) size 7x14 [bgcolor=#848788] [r=9 c=15 rs=1 cs=1]
              RenderInline {FONT} at (0,0) size 3x14
                RenderText {#text} at (0,0) size 3x14
                  text run at (0,0) width 3: " "
            RenderTableCell {TD} at (112,126) size 8x14 [bgcolor=#FDFDFB] [r=9 c=16 rs=1 cs=1]
              RenderInline {FONT} at (0,0) size 3x14
                RenderText {#text} at (0,0) size 3x14
                  text run at (0,0) width 3: " "
            RenderTableCell {TD} at (120,126) size 8x14 [bgcolor=#FDFDFB] [r=9 c=17 rs=1 cs=1]
              RenderInline {FONT} at (0,0) size 3x14
                RenderText {#text} at (0,0) size 3x14
                  text run at (0,0) width 3: " "
            RenderTableCell {TD} at (128,126) size 8x14 [bgcolor=#2D3433] [r=9 c=18 rs=1 cs=1]
              RenderInline {FONT} at (0,0) size 3x14
                RenderText {#text} at (0,0) size 3x14
                  text run at (0,0) width 3: " "
            RenderTableCell {TD} at (136,126) size 8x14 [bgcolor=#1E7A79] [r=9 c=19 rs=1 cs=1]
              RenderInline {FONT} at (0,0) size 3x14
                RenderText {#text} at (0,0) size 3x14
                  text run at (0,0) width 3: " "
            RenderTableCell {TD} at (144,126) size 8x14 [bgcolor=#027777] [r=9 c=20 rs=1 cs=1]
              RenderInline {FONT} at (0,0) size 3x14
                RenderText {#text} at (0,0) size 3x14
                  text run at (0,0) width 3: " "
            RenderTableCell {TD} at (152,126) size 8x14 [bgcolor=#026766] [r=9 c=21 rs=1 cs=1]
              RenderInline {FONT} at (0,0) size 3x14
                RenderText {#text} at (0,0) size 3x14
                  text run at (0,0) width 3: " "
            RenderTableCell {TD} at (160,126) size 8x14 [bgcolor=#1E7A79] [r=9 c=22 rs=1 cs=1]
              RenderInline {FONT} at (0,0) size 3x14
                RenderText {#text} at (0,0) size 3x14
                  text run at (0,0) width 3: " "
            RenderTableCell {TD} at (168,126) size 8x14 [bgcolor=#469191] [r=9 c=23 rs=1 cs=1]
              RenderInline {FONT} at (0,0) size 3x14
                RenderText {#text} at (0,0) size 3x14
                  text run at (0,0) width 3: " "
            RenderTableCell {TD} at (176,126) size 8x14 [bgcolor=#7CAEAF] [r=9 c=24 rs=1 cs=1]
              RenderInline {FONT} at (0,0) size 3x14
                RenderText {#text} at (0,0) size 3x14
                  text run at (0,0) width 3: " "
            RenderTableCell {TD} at (184,126) size 8x14 [bgcolor=#97C1C0] [r=9 c=25 rs=1 cs=1]
              RenderInline {FONT} at (0,0) size 3x14
                RenderText {#text} at (0,0) size 3x14
                  text run at (0,0) width 3: " "
            RenderTableCell {TD} at (192,126) size 8x14 [bgcolor=#97C1C0] [r=9 c=26 rs=1 cs=1]
              RenderInline {FONT} at (0,0) size 3x14
                RenderText {#text} at (0,0) size 3x14
                  text run at (0,0) width 3: " "
            RenderTableCell {TD} at (200,126) size 8x14 [bgcolor=#97C1C0] [r=9 c=27 rs=1 cs=1]
              RenderInline {FONT} at (0,0) size 3x14
                RenderText {#text} at (0,0) size 3x14
                  text run at (0,0) width 3: " "
            RenderTableCell {TD} at (208,126) size 8x14 [bgcolor=#7CAEAF] [r=9 c=28 rs=1 cs=1]
              RenderInline {FONT} at (0,0) size 3x14
                RenderText {#text} at (0,0) size 3x14
                  text run at (0,0) width 3: " "
            RenderTableCell {TD} at (216,126) size 8x14 [bgcolor=#589594] [r=9 c=29 rs=1 cs=1]
              RenderInline {FONT} at (0,0) size 3x14
                RenderText {#text} at (0,0) size 3x14
                  text run at (0,0) width 3: " "
            RenderTableCell {TD} at (224,126) size 8x14 [bgcolor=#1E7A79] [r=9 c=30 rs=1 cs=1]
              RenderInline {FONT} at (0,0) size 3x14
                RenderText {#text} at (0,0) size 3x14
                  text run at (0,0) width 3: " "
            RenderTableCell {TD} at (232,126) size 8x14 [bgcolor=#044F4F] [r=9 c=31 rs=1 cs=1]
              RenderInline {FONT} at (0,0) size 3x14
                RenderText {#text} at (0,0) size 3x14
                  text run at (0,0) width 3: " "
            RenderTableCell {TD} at (240,126) size 8x14 [bgcolor=#344C4E] [r=9 c=32 rs=1 cs=1]
              RenderInline {FONT} at (0,0) size 3x14
                RenderText {#text} at (0,0) size 3x14
                  text run at (0,0) width 3: " "
            RenderTableCell {TD} at (248,126) size 8x14 [bgcolor=#696A69] [r=9 c=33 rs=1 cs=1]
              RenderInline {FONT} at (0,0) size 3x14
                RenderText {#text} at (0,0) size 3x14
                  text run at (0,0) width 3: " "
            RenderTableCell {TD} at (256,126) size 8x14 [bgcolor=#848788] [r=9 c=34 rs=1 cs=1]
              RenderInline {FONT} at (0,0) size 3x14
                RenderText {#text} at (0,0) size 3x14
                  text run at (0,0) width 3: " "
            RenderTableCell {TD} at (264,126) size 8x14 [bgcolor=#848788] [r=9 c=35 rs=1 cs=1]
              RenderInline {FONT} at (0,0) size 3x14
                RenderText {#text} at (0,0) size 3x14
                  text run at (0,0) width 3: " "
            RenderTableCell {TD} at (272,126) size 8x14 [bgcolor=#249393] [r=9 c=36 rs=1 cs=1]
              RenderInline {FONT} at (0,0) size 3x14
                RenderText {#text} at (0,0) size 3x14
                  text run at (0,0) width 3: " "
            RenderTableCell {TD} at (280,126) size 8x14 [bgcolor=#60A2A3] [r=9 c=37 rs=1 cs=1]
              RenderInline {FONT} at (0,0) size 3x14
                RenderText {#text} at (0,0) size 3x14
                  text run at (0,0) width 3: " "
            RenderTableCell {TD} at (288,126) size 8x14 [bgcolor=#8DB7B6] [r=9 c=38 rs=1 cs=1]
              RenderInline {FONT} at (0,0) size 3x14
                RenderText {#text} at (0,0) size 3x14
                  text run at (0,0) width 3: " "
            RenderTableCell {TD} at (296,126) size 8x14 [bgcolor=#97C1C0] [r=9 c=39 rs=1 cs=1]
              RenderInline {FONT} at (0,0) size 3x14
                RenderText {#text} at (0,0) size 3x14
                  text run at (0,0) width 3: " "
            RenderTableCell {TD} at (304,126) size 8x14 [bgcolor=#97C1C0] [r=9 c=40 rs=1 cs=1]
              RenderInline {FONT} at (0,0) size 3x14
                RenderText {#text} at (0,0) size 3x14
                  text run at (0,0) width 3: " "
            RenderTableCell {TD} at (312,126) size 8x14 [bgcolor=#8DB7B6] [r=9 c=41 rs=1 cs=1]
              RenderInline {FONT} at (0,0) size 3x14
                RenderText {#text} at (0,0) size 3x14
                  text run at (0,0) width 3: " "
            RenderTableCell {TD} at (320,126) size 8x14 [bgcolor=#60A2A3] [r=9 c=42 rs=1 cs=1]
              RenderInline {FONT} at (0,0) size 3x14
                RenderText {#text} at (0,0) size 3x14
                  text run at (0,0) width 3: " "
            RenderTableCell {TD} at (328,126) size 8x14 [bgcolor=#287A7A] [r=9 c=43 rs=1 cs=1]
              RenderInline {FONT} at (0,0) size 3x14
                RenderText {#text} at (0,0) size 3x14
                  text run at (0,0) width 3: " "
            RenderTableCell {TD} at (336,126) size 8x14 [bgcolor=#026766] [r=9 c=44 rs=1 cs=1]
              RenderInline {FONT} at (0,0) size 3x14
                RenderText {#text} at (0,0) size 3x14
                  text run at (0,0) width 3: " "
            RenderTableCell {TD} at (344,126) size 8x14 [bgcolor=#026766] [r=9 c=45 rs=1 cs=1]
              RenderInline {FONT} at (0,0) size 3x14
                RenderText {#text} at (0,0) size 3x14
                  text run at (0,0) width 3: " "
            RenderTableCell {TD} at (352,126) size 8x14 [bgcolor=#026766] [r=9 c=46 rs=1 cs=1]
              RenderInline {FONT} at (0,0) size 3x14
                RenderText {#text} at (0,0) size 3x14
                  text run at (0,0) width 3: " "
            RenderTableCell {TD} at (360,126) size 8x14 [bgcolor=#1A6B6A] [r=9 c=47 rs=1 cs=1]
              RenderInline {FONT} at (0,0) size 3x14
                RenderText {#text} at (0,0) size 3x14
                  text run at (0,0) width 3: " "
            RenderTableCell {TD} at (368,126) size 8x14 [bgcolor=#B6D0D1] [r=9 c=48 rs=1 cs=1]
              RenderInline {FONT} at (0,0) size 3x14
                RenderText {#text} at (0,0) size 3x14
                  text run at (0,0) width 3: " "
            RenderTableCell {TD} at (376,126) size 8x14 [bgcolor=#FDFDFB] [r=9 c=49 rs=1 cs=1]
              RenderInline {FONT} at (0,0) size 3x14
                RenderText {#text} at (0,0) size 3x14
                  text run at (0,0) width 3: " "
            RenderTableCell {TD} at (384,126) size 8x14 [bgcolor=#848788] [r=9 c=50 rs=1 cs=1]
              RenderInline {FONT} at (0,0) size 3x14
                RenderText {#text} at (0,0) size 3x14
                  text run at (0,0) width 3: " "
            RenderTableCell {TD} at (392,126) size 8x14 [bgcolor=#274C4D] [r=9 c=51 rs=1 cs=1]
              RenderInline {FONT} at (0,0) size 3x14
                RenderText {#text} at (0,0) size 3x14
                  text run at (0,0) width 3: " "
            RenderTableCell {TD} at (400,126) size 8x14 [bgcolor=#848788] [r=9 c=52 rs=1 cs=1]
              RenderInline {FONT} at (0,0) size 3x14
                RenderText {#text} at (0,0) size 3x14
                  text run at (0,0) width 3: " "
            RenderTableCell {TD} at (408,126) size 8x14 [bgcolor=#B4B4B4] [r=9 c=53 rs=1 cs=1]
              RenderInline {FONT} at (0,0) size 3x14
                RenderText {#text} at (0,0) size 3x14
                  text run at (0,0) width 3: " "
            RenderTableCell {TD} at (416,126) size 8x14 [bgcolor=#BEC2C2] [r=9 c=54 rs=1 cs=1]
              RenderInline {FONT} at (0,0) size 3x14
                RenderText {#text} at (0,0) size 3x14
                  text run at (0,0) width 3: " "
            RenderTableCell {TD} at (424,126) size 8x14 [bgcolor=#BEC2C2] [r=9 c=55 rs=1 cs=1]
              RenderInline {FONT} at (0,0) size 3x14
                RenderText {#text} at (0,0) size 3x14
                  text run at (0,0) width 3: " "
            RenderTableCell {TD} at (432,126) size 8x14 [bgcolor=#B4B4B4] [r=9 c=56 rs=1 cs=1]
              RenderInline {FONT} at (0,0) size 3x14
                RenderText {#text} at (0,0) size 3x14
                  text run at (0,0) width 3: " "
            RenderTableCell {TD} at (440,126) size 8x14 [bgcolor=#A5A6A6] [r=9 c=57 rs=1 cs=1]
              RenderInline {FONT} at (0,0) size 3x14
                RenderText {#text} at (0,0) size 3x14
                  text run at (0,0) width 3: " "
            RenderTableCell {TD} at (448,126) size 8x14 [bgcolor=#939494] [r=9 c=58 rs=1 cs=1]
              RenderInline {FONT} at (0,0) size 3x14
                RenderText {#text} at (0,0) size 3x14
                  text run at (0,0) width 3: " "
            RenderTableCell {TD} at (456,126) size 8x14 [bgcolor=#939494] [r=9 c=59 rs=1 cs=1]
              RenderInline {FONT} at (0,0) size 3x14
                RenderText {#text} at (0,0) size 3x14
                  text run at (0,0) width 3: " "
            RenderTableCell {TD} at (464,126) size 8x14 [bgcolor=#469191] [r=9 c=60 rs=1 cs=1]
              RenderInline {FONT} at (0,0) size 3x14
                RenderText {#text} at (0,0) size 3x14
                  text run at (0,0) width 3: " "
            RenderTableCell {TD} at (472,126) size 8x14 [bgcolor=#048485] [r=9 c=61 rs=1 cs=1]
              RenderInline {FONT} at (0,0) size 3x14
                RenderText {#text} at (0,0) size 3x14
                  text run at (0,0) width 3: " "
            RenderTableCell {TD} at (480,126) size 8x14 [bgcolor=#027777] [r=9 c=62 rs=1 cs=1]
              RenderInline {FONT} at (0,0) size 3x14
                RenderText {#text} at (0,0) size 3x14
                  text run at (0,0) width 3: " "
            RenderTableCell {TD} at (488,126) size 8x14 [bgcolor=#1A6B6A] [r=9 c=63 rs=1 cs=1]
              RenderInline {FONT} at (0,0) size 3x14
                RenderText {#text} at (0,0) size 3x14
                  text run at (0,0) width 3: " "
            RenderTableCell {TD} at (496,126) size 8x14 [bgcolor=#469191] [r=9 c=64 rs=1 cs=1]
              RenderInline {FONT} at (0,0) size 3x14
                RenderText {#text} at (0,0) size 3x14
                  text run at (0,0) width 3: " "
            RenderTableCell {TD} at (504,126) size 8x14 [bgcolor=#7CAEAF] [r=9 c=65 rs=1 cs=1]
              RenderInline {FONT} at (0,0) size 3x14
                RenderText {#text} at (0,0) size 3x14
                  text run at (0,0) width 3: " "
            RenderTableCell {TD} at (512,126) size 8x14 [bgcolor=#97C1C0] [r=9 c=66 rs=1 cs=1]
              RenderInline {FONT} at (0,0) size 3x14
                RenderText {#text} at (0,0) size 3x14
                  text run at (0,0) width 3: " "
            RenderTableCell {TD} at (520,126) size 8x14 [bgcolor=#97C1C0] [r=9 c=67 rs=1 cs=1]
              RenderInline {FONT} at (0,0) size 3x14
                RenderText {#text} at (0,0) size 3x14
                  text run at (0,0) width 3: " "
            RenderTableCell {TD} at (528,126) size 8x14 [bgcolor=#7CAEAF] [r=9 c=68 rs=1 cs=1]
              RenderInline {FONT} at (0,0) size 3x14
                RenderText {#text} at (0,0) size 3x14
                  text run at (0,0) width 3: " "
            RenderTableCell {TD} at (536,126) size 8x14 [bgcolor=#469191] [r=9 c=69 rs=1 cs=1]
              RenderInline {FONT} at (0,0) size 3x14
                RenderText {#text} at (0,0) size 3x14
                  text run at (0,0) width 3: " "
            RenderTableCell {TD} at (544,126) size 8x14 [bgcolor=#338686] [r=9 c=70 rs=1 cs=1]
              RenderInline {FONT} at (0,0) size 3x14
                RenderText {#text} at (0,0) size 3x14
                  text run at (0,0) width 3: " "
            RenderTableCell {TD} at (552,126) size 8x14 [bgcolor=#E0EAE9] [r=9 c=71 rs=1 cs=1]
              RenderInline {FONT} at (0,0) size 3x14
                RenderText {#text} at (0,0) size 3x14
                  text run at (0,0) width 3: " "
            RenderTableCell {TD} at (560,126) size 8x14 [bgcolor=#FDFDFB] [r=9 c=72 rs=1 cs=1]
              RenderInline {FONT} at (0,0) size 3x14
                RenderText {#text} at (0,0) size 3x14
                  text run at (0,0) width 3: " "
            RenderTableCell {TD} at (568,126) size 8x14 [bgcolor=#4D4F4F] [r=9 c=73 rs=1 cs=1]
              RenderInline {FONT} at (0,0) size 3x14
                RenderText {#text} at (0,0) size 3x14
                  text run at (0,0) width 3: " "
            RenderTableCell {TD} at (576,126) size 8x14 [bgcolor=#5E5F60] [r=9 c=74 rs=1 cs=1]
              RenderInline {FONT} at (0,0) size 3x14
                RenderText {#text} at (0,0) size 3x14
                  text run at (0,0) width 3: " "
            RenderTableCell {TD} at (584,126) size 8x14 [bgcolor=#777878] [r=9 c=75 rs=1 cs=1]
              RenderInline {FONT} at (0,0) size 3x14
                RenderText {#text} at (0,0) size 3x14
                  text run at (0,0) width 3: " "
            RenderTableCell {TD} at (592,126) size 8x14 [bgcolor=#939494] [r=9 c=76 rs=1 cs=1]
              RenderInline {FONT} at (0,0) size 3x14
                RenderText {#text} at (0,0) size 3x14
                  text run at (0,0) width 3: " "
            RenderTableCell {TD} at (600,126) size 8x14 [bgcolor=#939494] [r=9 c=77 rs=1 cs=1]
              RenderInline {FONT} at (0,0) size 3x14
                RenderText {#text} at (0,0) size 3x14
                  text run at (0,0) width 3: " "
            RenderTableCell {TD} at (608,126) size 8x14 [bgcolor=#589594] [r=9 c=78 rs=1 cs=1]
              RenderInline {FONT} at (0,0) size 3x14
                RenderText {#text} at (0,0) size 3x14
                  text run at (0,0) width 3: " "
            RenderTableCell {TD} at (616,126) size 8x14 [bgcolor=#5CADAE] [r=9 c=79 rs=1 cs=1]
              RenderInline {FONT} at (0,0) size 3x14
                RenderText {#text} at (0,0) size 3x14
                  text run at (0,0) width 3: " "
            RenderTableCell {TD} at (624,126) size 8x14 [bgcolor=#7DBAB9] [r=9 c=80 rs=1 cs=1]
              RenderInline {FONT} at (0,0) size 3x14
                RenderText {#text} at (0,0) size 3x14
                  text run at (0,0) width 3: " "
            RenderTableCell {TD} at (632,126) size 8x14 [bgcolor=#97C1C0] [r=9 c=81 rs=1 cs=1]
              RenderInline {FONT} at (0,0) size 3x14
                RenderText {#text} at (0,0) size 3x14
                  text run at (0,0) width 3: " "
            RenderTableCell {TD} at (640,126) size 8x14 [bgcolor=#97C1C0] [r=9 c=82 rs=1 cs=1]
              RenderInline {FONT} at (0,0) size 3x14
                RenderText {#text} at (0,0) size 3x14
                  text run at (0,0) width 3: " "
            RenderTableCell {TD} at (648,126) size 8x14 [bgcolor=#7CAEAF] [r=9 c=83 rs=1 cs=1]
              RenderInline {FONT} at (0,0) size 3x14
                RenderText {#text} at (0,0) size 3x14
                  text run at (0,0) width 3: " "
            RenderTableCell {TD} at (656,126) size 8x14 [bgcolor=#469191] [r=9 c=84 rs=1 cs=1]
              RenderInline {FONT} at (0,0) size 3x14
                RenderText {#text} at (0,0) size 3x14
                  text run at (0,0) width 3: " "
            RenderTableCell {TD} at (664,126) size 8x14 [bgcolor=#1E7A79] [r=9 c=85 rs=1 cs=1]
              RenderInline {FONT} at (0,0) size 3x14
                RenderText {#text} at (0,0) size 3x14
                  text run at (0,0) width 3: " "
            RenderTableCell {TD} at (672,126) size 8x14 [bgcolor=#026766] [r=9 c=86 rs=1 cs=1]
              RenderInline {FONT} at (0,0) size 3x14
                RenderText {#text} at (0,0) size 3x14
                  text run at (0,0) width 3: " "
            RenderTableCell {TD} at (680,126) size 8x14 [bgcolor=#026766] [r=9 c=87 rs=1 cs=1]
              RenderInline {FONT} at (0,0) size 3x14
                RenderText {#text} at (0,0) size 3x14
                  text run at (0,0) width 3: " "
            RenderTableCell {TD} at (688,126) size 8x14 [bgcolor=#026766] [r=9 c=88 rs=1 cs=1]
              RenderInline {FONT} at (0,0) size 3x14
                RenderText {#text} at (0,0) size 3x14
                  text run at (0,0) width 3: " "
            RenderTableCell {TD} at (696,126) size 8x14 [bgcolor=#469191] [r=9 c=89 rs=1 cs=1]
              RenderInline {FONT} at (0,0) size 3x14
                RenderText {#text} at (0,0) size 3x14
                  text run at (0,0) width 3: " "
            RenderTableCell {TD} at (704,126) size 8x14 [bgcolor=#7CAEAF] [r=9 c=90 rs=1 cs=1]
              RenderInline {FONT} at (0,0) size 3x14
                RenderText {#text} at (0,0) size 3x14
                  text run at (0,0) width 3: " "
            RenderTableCell {TD} at (712,126) size 8x14 [bgcolor=#EDEEEF] [r=9 c=91 rs=1 cs=1]
              RenderInline {FONT} at (0,0) size 3x14
                RenderText {#text} at (0,0) size 3x14
                  text run at (0,0) width 3: " "
            RenderTableCell {TD} at (720,126) size 8x14 [bgcolor=#FDFDFB] [r=9 c=92 rs=1 cs=1]
              RenderInline {FONT} at (0,0) size 3x14
                RenderText {#text} at (0,0) size 3x14
                  text run at (0,0) width 3: " "
            RenderTableCell {TD} at (728,126) size 8x14 [bgcolor=#848788] [r=9 c=93 rs=1 cs=1]
              RenderInline {FONT} at (0,0) size 3x14
                RenderText {#text} at (0,0) size 3x14
                  text run at (0,0) width 3: " "
            RenderTableCell {TD} at (736,126) size 8x14 [bgcolor=#848788] [r=9 c=94 rs=1 cs=1]
              RenderInline {FONT} at (0,0) size 3x14
                RenderText {#text} at (0,0) size 3x14
                  text run at (0,0) width 3: " "
            RenderTableCell {TD} at (744,126) size 8x14 [bgcolor=#777878] [r=9 c=95 rs=1 cs=1]
              RenderInline {FONT} at (0,0) size 3x14
                RenderText {#text} at (0,0) size 3x14
                  text run at (0,0) width 3: " "
            RenderTableCell {TD} at (752,126) size 8x14 [bgcolor=#777878] [r=9 c=96 rs=1 cs=1]
              RenderInline {FONT} at (0,0) size 3x14
                RenderText {#text} at (0,0) size 3x14
                  text run at (0,0) width 3: " "
            RenderTableCell {TD} at (760,126) size 8x14 [bgcolor=#848788] [r=9 c=97 rs=1 cs=1]
              RenderInline {FONT} at (0,0) size 3x14
                RenderText {#text} at (0,0) size 3x14
                  text run at (0,0) width 3: " "
            RenderTableCell {TD} at (768,126) size 8x14 [bgcolor=#777878] [r=9 c=98 rs=1 cs=1]
              RenderInline {FONT} at (0,0) size 3x14
                RenderText {#text} at (0,0) size 3x14
                  text run at (0,0) width 3: " "
            RenderTableCell {TD} at (776,126) size 8x14 [bgcolor=#4D4F4F] [r=9 c=99 rs=1 cs=1]
              RenderInline {FONT} at (0,0) size 3x14
                RenderText {#text} at (0,0) size 3x14
                  text run at (0,0) width 3: " "
          RenderTableRow {TR} at (0,140) size 784x14
            RenderTableCell {TD} at (0,140) size 7x14 [bgcolor=#E0EAE9] [r=10 c=0 rs=1 cs=1]
              RenderInline {FONT} at (0,0) size 3x14
                RenderText {#text} at (0,0) size 3x14
                  text run at (0,0) width 3: " "
            RenderTableCell {TD} at (7,140) size 7x14 [bgcolor=#249393] [r=10 c=1 rs=1 cs=1]
              RenderInline {FONT} at (0,0) size 3x14
                RenderText {#text} at (0,0) size 3x14
                  text run at (0,0) width 3: " "
            RenderTableCell {TD} at (14,140) size 7x14 [bgcolor=#1B8685] [r=10 c=2 rs=1 cs=1]
              RenderInline {FONT} at (0,0) size 3x14
                RenderText {#text} at (0,0) size 3x14
                  text run at (0,0) width 3: " "
            RenderTableCell {TD} at (21,140) size 7x14 [bgcolor=#A4CCCC] [r=10 c=3 rs=1 cs=1]
              RenderInline {FONT} at (0,0) size 3x14
                RenderText {#text} at (0,0) size 3x14
                  text run at (0,0) width 3: " "
            RenderTableCell {TD} at (28,140) size 7x14 [bgcolor=#EDEEEF] [r=10 c=4 rs=1 cs=1]
              RenderInline {FONT} at (0,0) size 3x14
                RenderText {#text} at (0,0) size 3x14
                  text run at (0,0) width 3: " "
            RenderTableCell {TD} at (35,140) size 7x14 [bgcolor=#CECFCF] [r=10 c=5 rs=1 cs=1]
              RenderInline {FONT} at (0,0) size 3x14
                RenderText {#text} at (0,0) size 3x14
                  text run at (0,0) width 3: " "
            RenderTableCell {TD} at (42,140) size 7x14 [bgcolor=#939494] [r=10 c=6 rs=1 cs=1]
              RenderInline {FONT} at (0,0) size 3x14
                RenderText {#text} at (0,0) size 3x14
                  text run at (0,0) width 3: " "
            RenderTableCell {TD} at (49,140) size 7x14 [bgcolor=#848788] [r=10 c=7 rs=1 cs=1]
              RenderInline {FONT} at (0,0) size 3x14
                RenderText {#text} at (0,0) size 3x14
                  text run at (0,0) width 3: " "
            RenderTableCell {TD} at (56,140) size 7x14 [bgcolor=#939494] [r=10 c=8 rs=1 cs=1]
              RenderInline {FONT} at (0,0) size 3x14
                RenderText {#text} at (0,0) size 3x14
                  text run at (0,0) width 3: " "
            RenderTableCell {TD} at (63,140) size 7x14 [bgcolor=#CECFCF] [r=10 c=9 rs=1 cs=1]
              RenderInline {FONT} at (0,0) size 3x14
                RenderText {#text} at (0,0) size 3x14
                  text run at (0,0) width 3: " "
            RenderTableCell {TD} at (70,140) size 7x14 [bgcolor=#EDEEEF] [r=10 c=10 rs=1 cs=1]
              RenderInline {FONT} at (0,0) size 3x14
                RenderText {#text} at (0,0) size 3x14
                  text run at (0,0) width 3: " "
            RenderTableCell {TD} at (77,140) size 7x14 [bgcolor=#A4CCCC] [r=10 c=11 rs=1 cs=1]
              RenderInline {FONT} at (0,0) size 3x14
                RenderText {#text} at (0,0) size 3x14
                  text run at (0,0) width 3: " "
            RenderTableCell {TD} at (84,140) size 7x14 [bgcolor=#1A6B6A] [r=10 c=12 rs=1 cs=1]
              RenderInline {FONT} at (0,0) size 3x14
                RenderText {#text} at (0,0) size 3x14
                  text run at (0,0) width 3: " "
            RenderTableCell {TD} at (91,140) size 7x14 [bgcolor=#044140] [r=10 c=13 rs=1 cs=1]
              RenderInline {FONT} at (0,0) size 3x14
                RenderText {#text} at (0,0) size 3x14
                  text run at (0,0) width 3: " "
            RenderTableCell {TD} at (98,140) size 7x14 [bgcolor=#223C3D] [r=10 c=14 rs=1 cs=1]
              RenderInline {FONT} at (0,0) size 3x14
                RenderText {#text} at (0,0) size 3x14
                  text run at (0,0) width 3: " "
            RenderTableCell {TD} at (105,140) size 7x14 [bgcolor=#848788] [r=10 c=15 rs=1 cs=1]
              RenderInline {FONT} at (0,0) size 3x14
                RenderText {#text} at (0,0) size 3x14
                  text run at (0,0) width 3: " "
            RenderTableCell {TD} at (112,140) size 8x14 [bgcolor=#FDFDFB] [r=10 c=16 rs=1 cs=1]
              RenderInline {FONT} at (0,0) size 3x14
                RenderText {#text} at (0,0) size 3x14
                  text run at (0,0) width 3: " "
            RenderTableCell {TD} at (120,140) size 8x14 [bgcolor=#FDFDFB] [r=10 c=17 rs=1 cs=1]
              RenderInline {FONT} at (0,0) size 3x14
                RenderText {#text} at (0,0) size 3x14
                  text run at (0,0) width 3: " "
            RenderTableCell {TD} at (128,140) size 8x14 [bgcolor=#2D3433] [r=10 c=18 rs=1 cs=1]
              RenderInline {FONT} at (0,0) size 3x14
                RenderText {#text} at (0,0) size 3x14
                  text run at (0,0) width 3: " "
            RenderTableCell {TD} at (136,140) size 8x14 [bgcolor=#1E7A79] [r=10 c=19 rs=1 cs=1]
              RenderInline {FONT} at (0,0) size 3x14
                RenderText {#text} at (0,0) size 3x14
                  text run at (0,0) width 3: " "
            RenderTableCell {TD} at (144,140) size 8x14 [bgcolor=#027777] [r=10 c=20 rs=1 cs=1]
              RenderInline {FONT} at (0,0) size 3x14
                RenderText {#text} at (0,0) size 3x14
                  text run at (0,0) width 3: " "
            RenderTableCell {TD} at (152,140) size 8x14 [bgcolor=#349392] [r=10 c=21 rs=1 cs=1]
              RenderInline {FONT} at (0,0) size 3x14
                RenderText {#text} at (0,0) size 3x14
                  text run at (0,0) width 3: " "
            RenderTableCell {TD} at (160,140) size 8x14 [bgcolor=#CADEDD] [r=10 c=22 rs=1 cs=1]
              RenderInline {FONT} at (0,0) size 3x14
                RenderText {#text} at (0,0) size 3x14
                  text run at (0,0) width 3: " "
            RenderTableCell {TD} at (168,140) size 8x14 [bgcolor=#EDEEEF] [r=10 c=23 rs=1 cs=1]
              RenderInline {FONT} at (0,0) size 3x14
                RenderText {#text} at (0,0) size 3x14
                  text run at (0,0) width 3: " "
            RenderTableCell {TD} at (176,140) size 8x14 [bgcolor=#BEC2C2] [r=10 c=24 rs=1 cs=1]
              RenderInline {FONT} at (0,0) size 3x14
                RenderText {#text} at (0,0) size 3x14
                  text run at (0,0) width 3: " "
            RenderTableCell {TD} at (184,140) size 8x14 [bgcolor=#939494] [r=10 c=25 rs=1 cs=1]
              RenderInline {FONT} at (0,0) size 3x14
                RenderText {#text} at (0,0) size 3x14
                  text run at (0,0) width 3: " "
            RenderTableCell {TD} at (192,140) size 8x14 [bgcolor=#848788] [r=10 c=26 rs=1 cs=1]
              RenderInline {FONT} at (0,0) size 3x14
                RenderText {#text} at (0,0) size 3x14
                  text run at (0,0) width 3: " "
            RenderTableCell {TD} at (200,140) size 8x14 [bgcolor=#939494] [r=10 c=27 rs=1 cs=1]
              RenderInline {FONT} at (0,0) size 3x14
                RenderText {#text} at (0,0) size 3x14
                  text run at (0,0) width 3: " "
            RenderTableCell {TD} at (208,140) size 8x14 [bgcolor=#BEC2C2] [r=10 c=28 rs=1 cs=1]
              RenderInline {FONT} at (0,0) size 3x14
                RenderText {#text} at (0,0) size 3x14
                  text run at (0,0) width 3: " "
            RenderTableCell {TD} at (216,140) size 8x14 [bgcolor=#EDEEEF] [r=10 c=29 rs=1 cs=1]
              RenderInline {FONT} at (0,0) size 3x14
                RenderText {#text} at (0,0) size 3x14
                  text run at (0,0) width 3: " "
            RenderTableCell {TD} at (224,140) size 8x14 [bgcolor=#CADEDD] [r=10 c=30 rs=1 cs=1]
              RenderInline {FONT} at (0,0) size 3x14
                RenderText {#text} at (0,0) size 3x14
                  text run at (0,0) width 3: " "
            RenderTableCell {TD} at (232,140) size 8x14 [bgcolor=#447877] [r=10 c=31 rs=1 cs=1]
              RenderInline {FONT} at (0,0) size 3x14
                RenderText {#text} at (0,0) size 3x14
                  text run at (0,0) width 3: " "
            RenderTableCell {TD} at (240,140) size 8x14 [bgcolor=#044140] [r=10 c=32 rs=1 cs=1]
              RenderInline {FONT} at (0,0) size 3x14
                RenderText {#text} at (0,0) size 3x14
                  text run at (0,0) width 3: " "
            RenderTableCell {TD} at (248,140) size 8x14 [bgcolor=#5E5F60] [r=10 c=33 rs=1 cs=1]
              RenderInline {FONT} at (0,0) size 3x14
                RenderText {#text} at (0,0) size 3x14
                  text run at (0,0) width 3: " "
            RenderTableCell {TD} at (256,140) size 8x14 [bgcolor=#777878] [r=10 c=34 rs=1 cs=1]
              RenderInline {FONT} at (0,0) size 3x14
                RenderText {#text} at (0,0) size 3x14
                  text run at (0,0) width 3: " "
            RenderTableCell {TD} at (264,140) size 8x14 [bgcolor=#B4B4B4] [r=10 c=35 rs=1 cs=1]
              RenderInline {FONT} at (0,0) size 3x14
                RenderText {#text} at (0,0) size 3x14
                  text run at (0,0) width 3: " "
            RenderTableCell {TD} at (272,140) size 8x14 [bgcolor=#E0EAE9] [r=10 c=36 rs=1 cs=1]
              RenderInline {FONT} at (0,0) size 3x14
                RenderText {#text} at (0,0) size 3x14
                  text run at (0,0) width 3: " "
            RenderTableCell {TD} at (280,140) size 8x14 [bgcolor=#EDEEEF] [r=10 c=37 rs=1 cs=1]
              RenderInline {FONT} at (0,0) size 3x14
                RenderText {#text} at (0,0) size 3x14
                  text run at (0,0) width 3: " "
            RenderTableCell {TD} at (288,140) size 8x14 [bgcolor=#A5A6A6] [r=10 c=38 rs=1 cs=1]
              RenderInline {FONT} at (0,0) size 3x14
                RenderText {#text} at (0,0) size 3x14
                  text run at (0,0) width 3: " "
            RenderTableCell {TD} at (296,140) size 8x14 [bgcolor=#848788] [r=10 c=39 rs=1 cs=1]
              RenderInline {FONT} at (0,0) size 3x14
                RenderText {#text} at (0,0) size 3x14
                  text run at (0,0) width 3: " "
            RenderTableCell {TD} at (304,140) size 8x14 [bgcolor=#848788] [r=10 c=40 rs=1 cs=1]
              RenderInline {FONT} at (0,0) size 3x14
                RenderText {#text} at (0,0) size 3x14
                  text run at (0,0) width 3: " "
            RenderTableCell {TD} at (312,140) size 8x14 [bgcolor=#A5A6A6] [r=10 c=41 rs=1 cs=1]
              RenderInline {FONT} at (0,0) size 3x14
                RenderText {#text} at (0,0) size 3x14
                  text run at (0,0) width 3: " "
            RenderTableCell {TD} at (320,140) size 8x14 [bgcolor=#E0EAE9] [r=10 c=42 rs=1 cs=1]
              RenderInline {FONT} at (0,0) size 3x14
                RenderText {#text} at (0,0) size 3x14
                  text run at (0,0) width 3: " "
            RenderTableCell {TD} at (328,140) size 8x14 [bgcolor=#E0EAE9] [r=10 c=43 rs=1 cs=1]
              RenderInline {FONT} at (0,0) size 3x14
                RenderText {#text} at (0,0) size 3x14
                  text run at (0,0) width 3: " "
            RenderTableCell {TD} at (336,140) size 8x14 [bgcolor=#589594] [r=10 c=44 rs=1 cs=1]
              RenderInline {FONT} at (0,0) size 3x14
                RenderText {#text} at (0,0) size 3x14
                  text run at (0,0) width 3: " "
            RenderTableCell {TD} at (344,140) size 8x14 [bgcolor=#026766] [r=10 c=45 rs=1 cs=1]
              RenderInline {FONT} at (0,0) size 3x14
                RenderText {#text} at (0,0) size 3x14
                  text run at (0,0) width 3: " "
            RenderTableCell {TD} at (352,140) size 8x14 [bgcolor=#026766] [r=10 c=46 rs=1 cs=1]
              RenderInline {FONT} at (0,0) size 3x14
                RenderText {#text} at (0,0) size 3x14
                  text run at (0,0) width 3: " "
            RenderTableCell {TD} at (360,140) size 8x14 [bgcolor=#1A6B6A] [r=10 c=47 rs=1 cs=1]
              RenderInline {FONT} at (0,0) size 3x14
                RenderText {#text} at (0,0) size 3x14
                  text run at (0,0) width 3: " "
            RenderTableCell {TD} at (368,140) size 8x14 [bgcolor=#B6D0D1] [r=10 c=48 rs=1 cs=1]
              RenderInline {FONT} at (0,0) size 3x14
                RenderText {#text} at (0,0) size 3x14
                  text run at (0,0) width 3: " "
            RenderTableCell {TD} at (376,140) size 8x14 [bgcolor=#FDFDFB] [r=10 c=49 rs=1 cs=1]
              RenderInline {FONT} at (0,0) size 3x14
                RenderText {#text} at (0,0) size 3x14
                  text run at (0,0) width 3: " "
            RenderTableCell {TD} at (384,140) size 8x14 [bgcolor=#CECFCF] [r=10 c=50 rs=1 cs=1]
              RenderInline {FONT} at (0,0) size 3x14
                RenderText {#text} at (0,0) size 3x14
                  text run at (0,0) width 3: " "
            RenderTableCell {TD} at (392,140) size 8x14 [bgcolor=#CECFCF] [r=10 c=51 rs=1 cs=1]
              RenderInline {FONT} at (0,0) size 3x14
                RenderText {#text} at (0,0) size 3x14
                  text run at (0,0) width 3: " "
            RenderTableCell {TD} at (400,140) size 8x14 [bgcolor=#B4B4B4] [r=10 c=52 rs=1 cs=1]
              RenderInline {FONT} at (0,0) size 3x14
                RenderText {#text} at (0,0) size 3x14
                  text run at (0,0) width 3: " "
            RenderTableCell {TD} at (408,140) size 8x14 [bgcolor=#939494] [r=10 c=53 rs=1 cs=1]
              RenderInline {FONT} at (0,0) size 3x14
                RenderText {#text} at (0,0) size 3x14
                  text run at (0,0) width 3: " "
            RenderTableCell {TD} at (416,140) size 8x14 [bgcolor=#848788] [r=10 c=54 rs=1 cs=1]
              RenderInline {FONT} at (0,0) size 3x14
                RenderText {#text} at (0,0) size 3x14
                  text run at (0,0) width 3: " "
            RenderTableCell {TD} at (424,140) size 8x14 [bgcolor=#A5A6A6] [r=10 c=55 rs=1 cs=1]
              RenderInline {FONT} at (0,0) size 3x14
                RenderText {#text} at (0,0) size 3x14
                  text run at (0,0) width 3: " "
            RenderTableCell {TD} at (432,140) size 8x14 [bgcolor=#FDFDFB] [r=10 c=56 rs=1 cs=1]
              RenderInline {FONT} at (0,0) size 3x14
                RenderText {#text} at (0,0) size 3x14
                  text run at (0,0) width 3: " "
            RenderTableCell {TD} at (440,140) size 8x14 [bgcolor=#EDEEEF] [r=10 c=57 rs=1 cs=1]
              RenderInline {FONT} at (0,0) size 3x14
                RenderText {#text} at (0,0) size 3x14
                  text run at (0,0) width 3: " "
            RenderTableCell {TD} at (448,140) size 8x14 [bgcolor=#B4B4B4] [r=10 c=58 rs=1 cs=1]
              RenderInline {FONT} at (0,0) size 3x14
                RenderText {#text} at (0,0) size 3x14
                  text run at (0,0) width 3: " "
            RenderTableCell {TD} at (456,140) size 8x14 [bgcolor=#939494] [r=10 c=59 rs=1 cs=1]
              RenderInline {FONT} at (0,0) size 3x14
                RenderText {#text} at (0,0) size 3x14
                  text run at (0,0) width 3: " "
            RenderTableCell {TD} at (464,140) size 8x14 [bgcolor=#1B8685] [r=10 c=60 rs=1 cs=1]
              RenderInline {FONT} at (0,0) size 3x14
                RenderText {#text} at (0,0) size 3x14
                  text run at (0,0) width 3: " "
            RenderTableCell {TD} at (472,140) size 8x14 [bgcolor=#027777] [r=10 c=61 rs=1 cs=1]
              RenderInline {FONT} at (0,0) size 3x14
                RenderText {#text} at (0,0) size 3x14
                  text run at (0,0) width 3: " "
            RenderTableCell {TD} at (480,140) size 8x14 [bgcolor=#349392] [r=10 c=62 rs=1 cs=1]
              RenderInline {FONT} at (0,0) size 3x14
                RenderText {#text} at (0,0) size 3x14
                  text run at (0,0) width 3: " "
            RenderTableCell {TD} at (488,140) size 8x14 [bgcolor=#B6D0D1] [r=10 c=63 rs=1 cs=1]
              RenderInline {FONT} at (0,0) size 3x14
                RenderText {#text} at (0,0) size 3x14
                  text run at (0,0) width 3: " "
            RenderTableCell {TD} at (496,140) size 8x14 [bgcolor=#EDEEEF] [r=10 c=64 rs=1 cs=1]
              RenderInline {FONT} at (0,0) size 3x14
                RenderText {#text} at (0,0) size 3x14
                  text run at (0,0) width 3: " "
            RenderTableCell {TD} at (504,140) size 8x14 [bgcolor=#CECFCF] [r=10 c=65 rs=1 cs=1]
              RenderInline {FONT} at (0,0) size 3x14
                RenderText {#text} at (0,0) size 3x14
                  text run at (0,0) width 3: " "
            RenderTableCell {TD} at (512,140) size 8x14 [bgcolor=#939494] [r=10 c=66 rs=1 cs=1]
              RenderInline {FONT} at (0,0) size 3x14
                RenderText {#text} at (0,0) size 3x14
                  text run at (0,0) width 3: " "
            RenderTableCell {TD} at (520,140) size 8x14 [bgcolor=#848788] [r=10 c=67 rs=1 cs=1]
              RenderInline {FONT} at (0,0) size 3x14
                RenderText {#text} at (0,0) size 3x14
                  text run at (0,0) width 3: " "
            RenderTableCell {TD} at (528,140) size 8x14 [bgcolor=#939494] [r=10 c=68 rs=1 cs=1]
              RenderInline {FONT} at (0,0) size 3x14
                RenderText {#text} at (0,0) size 3x14
                  text run at (0,0) width 3: " "
            RenderTableCell {TD} at (536,140) size 8x14 [bgcolor=#CECFCF] [r=10 c=69 rs=1 cs=1]
              RenderInline {FONT} at (0,0) size 3x14
                RenderText {#text} at (0,0) size 3x14
                  text run at (0,0) width 3: " "
            RenderTableCell {TD} at (544,140) size 8x14 [bgcolor=#B6D8D7] [r=10 c=70 rs=1 cs=1]
              RenderInline {FONT} at (0,0) size 3x14
                RenderText {#text} at (0,0) size 3x14
                  text run at (0,0) width 3: " "
            RenderTableCell {TD} at (552,140) size 8x14 [bgcolor=#EDEEEF] [r=10 c=71 rs=1 cs=1]
              RenderInline {FONT} at (0,0) size 3x14
                RenderText {#text} at (0,0) size 3x14
                  text run at (0,0) width 3: " "
            RenderTableCell {TD} at (560,140) size 8x14 [bgcolor=#FDFDFB] [r=10 c=72 rs=1 cs=1]
              RenderInline {FONT} at (0,0) size 3x14
                RenderText {#text} at (0,0) size 3x14
                  text run at (0,0) width 3: " "
            RenderTableCell {TD} at (568,140) size 8x14 [bgcolor=#4D4F4F] [r=10 c=73 rs=1 cs=1]
              RenderInline {FONT} at (0,0) size 3x14
                RenderText {#text} at (0,0) size 3x14
                  text run at (0,0) width 3: " "
            RenderTableCell {TD} at (576,140) size 8x14 [bgcolor=#5E5F60] [r=10 c=74 rs=1 cs=1]
              RenderInline {FONT} at (0,0) size 3x14
                RenderText {#text} at (0,0) size 3x14
                  text run at (0,0) width 3: " "
            RenderTableCell {TD} at (584,140) size 8x14 [bgcolor=#848788] [r=10 c=75 rs=1 cs=1]
              RenderInline {FONT} at (0,0) size 3x14
                RenderText {#text} at (0,0) size 3x14
                  text run at (0,0) width 3: " "
            RenderTableCell {TD} at (592,140) size 8x14 [bgcolor=#939494] [r=10 c=76 rs=1 cs=1]
              RenderInline {FONT} at (0,0) size 3x14
                RenderText {#text} at (0,0) size 3x14
                  text run at (0,0) width 3: " "
            RenderTableCell {TD} at (600,140) size 8x14 [bgcolor=#CECFCF] [r=10 c=77 rs=1 cs=1]
              RenderInline {FONT} at (0,0) size 3x14
                RenderText {#text} at (0,0) size 3x14
                  text run at (0,0) width 3: " "
            RenderTableCell {TD} at (608,140) size 8x14 [bgcolor=#EDEEEF] [r=10 c=78 rs=1 cs=1]
              RenderInline {FONT} at (0,0) size 3x14
                RenderText {#text} at (0,0) size 3x14
                  text run at (0,0) width 3: " "
            RenderTableCell {TD} at (616,140) size 8x14 [bgcolor=#DEDFDF] [r=10 c=79 rs=1 cs=1]
              RenderInline {FONT} at (0,0) size 3x14
                RenderText {#text} at (0,0) size 3x14
                  text run at (0,0) width 3: " "
            RenderTableCell {TD} at (624,140) size 8x14 [bgcolor=#A5A6A6] [r=10 c=80 rs=1 cs=1]
              RenderInline {FONT} at (0,0) size 3x14
                RenderText {#text} at (0,0) size 3x14
                  text run at (0,0) width 3: " "
            RenderTableCell {TD} at (632,140) size 8x14 [bgcolor=#848788] [r=10 c=81 rs=1 cs=1]
              RenderInline {FONT} at (0,0) size 3x14
                RenderText {#text} at (0,0) size 3x14
                  text run at (0,0) width 3: " "
            RenderTableCell {TD} at (640,140) size 8x14 [bgcolor=#939494] [r=10 c=82 rs=1 cs=1]
              RenderInline {FONT} at (0,0) size 3x14
                RenderText {#text} at (0,0) size 3x14
                  text run at (0,0) width 3: " "
            RenderTableCell {TD} at (648,140) size 8x14 [bgcolor=#BEC2C2] [r=10 c=83 rs=1 cs=1]
              RenderInline {FONT} at (0,0) size 3x14
                RenderText {#text} at (0,0) size 3x14
                  text run at (0,0) width 3: " "
            RenderTableCell {TD} at (656,140) size 8x14 [bgcolor=#EDEEEF] [r=10 c=84 rs=1 cs=1]
              RenderInline {FONT} at (0,0) size 3x14
                RenderText {#text} at (0,0) size 3x14
                  text run at (0,0) width 3: " "
            RenderTableCell {TD} at (664,140) size 8x14 [bgcolor=#CADEDD] [r=10 c=85 rs=1 cs=1]
              RenderInline {FONT} at (0,0) size 3x14
                RenderText {#text} at (0,0) size 3x14
                  text run at (0,0) width 3: " "
            RenderTableCell {TD} at (672,140) size 8x14 [bgcolor=#589594] [r=10 c=86 rs=1 cs=1]
              RenderInline {FONT} at (0,0) size 3x14
                RenderText {#text} at (0,0) size 3x14
                  text run at (0,0) width 3: " "
            RenderTableCell {TD} at (680,140) size 8x14 [bgcolor=#026766] [r=10 c=87 rs=1 cs=1]
              RenderInline {FONT} at (0,0) size 3x14
                RenderText {#text} at (0,0) size 3x14
                  text run at (0,0) width 3: " "
            RenderTableCell {TD} at (688,140) size 8x14 [bgcolor=#026766] [r=10 c=88 rs=1 cs=1]
              RenderInline {FONT} at (0,0) size 3x14
                RenderText {#text} at (0,0) size 3x14
                  text run at (0,0) width 3: " "
            RenderTableCell {TD} at (696,140) size 8x14 [bgcolor=#7CAEAF] [r=10 c=89 rs=1 cs=1]
              RenderInline {FONT} at (0,0) size 3x14
                RenderText {#text} at (0,0) size 3x14
                  text run at (0,0) width 3: " "
            RenderTableCell {TD} at (704,140) size 8x14 [bgcolor=#CECFCF] [r=10 c=90 rs=1 cs=1]
              RenderInline {FONT} at (0,0) size 3x14
                RenderText {#text} at (0,0) size 3x14
                  text run at (0,0) width 3: " "
            RenderTableCell {TD} at (712,140) size 8x14 [bgcolor=#FDFDFB] [r=10 c=91 rs=1 cs=1]
              RenderInline {FONT} at (0,0) size 3x14
                RenderText {#text} at (0,0) size 3x14
                  text run at (0,0) width 3: " "
            RenderTableCell {TD} at (720,140) size 8x14 [bgcolor=#FDFDFB] [r=10 c=92 rs=1 cs=1]
              RenderInline {FONT} at (0,0) size 3x14
                RenderText {#text} at (0,0) size 3x14
                  text run at (0,0) width 3: " "
            RenderTableCell {TD} at (728,140) size 8x14 [bgcolor=#BEC2C2] [r=10 c=93 rs=1 cs=1]
              RenderInline {FONT} at (0,0) size 3x14
                RenderText {#text} at (0,0) size 3x14
                  text run at (0,0) width 3: " "
            RenderTableCell {TD} at (736,140) size 8x14 [bgcolor=#B4B4B4] [r=10 c=94 rs=1 cs=1]
              RenderInline {FONT} at (0,0) size 3x14
                RenderText {#text} at (0,0) size 3x14
                  text run at (0,0) width 3: " "
            RenderTableCell {TD} at (744,140) size 8x14 [bgcolor=#696A69] [r=10 c=95 rs=1 cs=1]
              RenderInline {FONT} at (0,0) size 3x14
                RenderText {#text} at (0,0) size 3x14
                  text run at (0,0) width 3: " "
            RenderTableCell {TD} at (752,140) size 8x14 [bgcolor=#696A69] [r=10 c=96 rs=1 cs=1]
              RenderInline {FONT} at (0,0) size 3x14
                RenderText {#text} at (0,0) size 3x14
                  text run at (0,0) width 3: " "
            RenderTableCell {TD} at (760,140) size 8x14 [bgcolor=#848788] [r=10 c=97 rs=1 cs=1]
              RenderInline {FONT} at (0,0) size 3x14
                RenderText {#text} at (0,0) size 3x14
                  text run at (0,0) width 3: " "
            RenderTableCell {TD} at (768,140) size 8x14 [bgcolor=#777878] [r=10 c=98 rs=1 cs=1]
              RenderInline {FONT} at (0,0) size 3x14
                RenderText {#text} at (0,0) size 3x14
                  text run at (0,0) width 3: " "
            RenderTableCell {TD} at (776,140) size 8x14 [bgcolor=#4D4F4F] [r=10 c=99 rs=1 cs=1]
              RenderInline {FONT} at (0,0) size 3x14
                RenderText {#text} at (0,0) size 3x14
                  text run at (0,0) width 3: " "
          RenderTableRow {TR} at (0,154) size 784x14
            RenderTableCell {TD} at (0,154) size 7x14 [bgcolor=#A4CCCC] [r=11 c=0 rs=1 cs=1]
              RenderInline {FONT} at (0,0) size 3x14
                RenderText {#text} at (0,0) size 3x14
                  text run at (0,0) width 3: " "
            RenderTableCell {TD} at (7,154) size 7x14 [bgcolor=#048485] [r=11 c=1 rs=1 cs=1]
              RenderInline {FONT} at (0,0) size 3x14
                RenderText {#text} at (0,0) size 3x14
                  text run at (0,0) width 3: " "
            RenderTableCell {TD} at (14,154) size 7x14 [bgcolor=#7DBAB9] [r=11 c=2 rs=1 cs=1]
              RenderInline {FONT} at (0,0) size 3x14
                RenderText {#text} at (0,0) size 3x14
                  text run at (0,0) width 3: " "
            RenderTableCell {TD} at (21,154) size 7x14 [bgcolor=#FDFDFB] [r=11 c=3 rs=1 cs=1]
              RenderInline {FONT} at (0,0) size 3x14
                RenderText {#text} at (0,0) size 3x14
                  text run at (0,0) width 3: " "
            RenderTableCell {TD} at (28,154) size 7x14 [bgcolor=#CECFCF] [r=11 c=4 rs=1 cs=1]
              RenderInline {FONT} at (0,0) size 3x14
                RenderText {#text} at (0,0) size 3x14
                  text run at (0,0) width 3: " "
            RenderTableCell {TD} at (35,154) size 7x14 [bgcolor=#072323] [r=11 c=5 rs=1 cs=1]
              RenderInline {FONT} at (0,0) size 3x14
                RenderText {#text} at (0,0) size 3x14
                  text run at (0,0) width 3: " "
            RenderTableCell {TD} at (42,154) size 7x14 [bgcolor=#044140] [r=11 c=6 rs=1 cs=1]
              RenderInline {FONT} at (0,0) size 3x14
                RenderText {#text} at (0,0) size 3x14
                  text run at (0,0) width 3: " "
            RenderTableCell {TD} at (49,154) size 7x14 [bgcolor=#044F4F] [r=11 c=7 rs=1 cs=1]
              RenderInline {FONT} at (0,0) size 3x14
                RenderText {#text} at (0,0) size 3x14
                  text run at (0,0) width 3: " "
            RenderTableCell {TD} at (56,154) size 7x14 [bgcolor=#044F4F] [r=11 c=8 rs=1 cs=1]
              RenderInline {FONT} at (0,0) size 3x14
                RenderText {#text} at (0,0) size 3x14
                  text run at (0,0) width 3: " "
            RenderTableCell {TD} at (63,154) size 7x14 [bgcolor=#044F4F] [r=11 c=9 rs=1 cs=1]
              RenderInline {FONT} at (0,0) size 3x14
                RenderText {#text} at (0,0) size 3x14
                  text run at (0,0) width 3: " "
            RenderTableCell {TD} at (70,154) size 7x14 [bgcolor=#A2B5B4] [r=11 c=10 rs=1 cs=1]
              RenderInline {FONT} at (0,0) size 3x14
                RenderText {#text} at (0,0) size 3x14
                  text run at (0,0) width 3: " "
            RenderTableCell {TD} at (77,154) size 7x14 [bgcolor=#BEC2C2] [r=11 c=11 rs=1 cs=1]
              RenderInline {FONT} at (0,0) size 3x14
                RenderText {#text} at (0,0) size 3x14
                  text run at (0,0) width 3: " "
            RenderTableCell {TD} at (84,154) size 7x14 [bgcolor=#647979] [r=11 c=12 rs=1 cs=1]
              RenderInline {FONT} at (0,0) size 3x14
                RenderText {#text} at (0,0) size 3x14
                  text run at (0,0) width 3: " "
            RenderTableCell {TD} at (91,154) size 7x14 [bgcolor=#044140] [r=11 c=13 rs=1 cs=1]
              RenderInline {FONT} at (0,0) size 3x14
                RenderText {#text} at (0,0) size 3x14
                  text run at (0,0) width 3: " "
            RenderTableCell {TD} at (98,154) size 7x14 [bgcolor=#223C3D] [r=11 c=14 rs=1 cs=1]
              RenderInline {FONT} at (0,0) size 3x14
                RenderText {#text} at (0,0) size 3x14
                  text run at (0,0) width 3: " "
            RenderTableCell {TD} at (105,154) size 7x14 [bgcolor=#848788] [r=11 c=15 rs=1 cs=1]
              RenderInline {FONT} at (0,0) size 3x14
                RenderText {#text} at (0,0) size 3x14
                  text run at (0,0) width 3: " "
            RenderTableCell {TD} at (112,154) size 8x14 [bgcolor=#FDFDFB] [r=11 c=16 rs=1 cs=1]
              RenderInline {FONT} at (0,0) size 3x14
                RenderText {#text} at (0,0) size 3x14
                  text run at (0,0) width 3: " "
            RenderTableCell {TD} at (120,154) size 8x14 [bgcolor=#FDFDFB] [r=11 c=17 rs=1 cs=1]
              RenderInline {FONT} at (0,0) size 3x14
                RenderText {#text} at (0,0) size 3x14
                  text run at (0,0) width 3: " "
            RenderTableCell {TD} at (128,154) size 8x14 [bgcolor=#2D3433] [r=11 c=18 rs=1 cs=1]
              RenderInline {FONT} at (0,0) size 3x14
                RenderText {#text} at (0,0) size 3x14
                  text run at (0,0) width 3: " "
            RenderTableCell {TD} at (136,154) size 8x14 [bgcolor=#1E7A79] [r=11 c=19 rs=1 cs=1]
              RenderInline {FONT} at (0,0) size 3x14
                RenderText {#text} at (0,0) size 3x14
                  text run at (0,0) width 3: " "
            RenderTableCell {TD} at (144,154) size 8x14 [bgcolor=#027777] [r=11 c=20 rs=1 cs=1]
              RenderInline {FONT} at (0,0) size 3x14
                RenderText {#text} at (0,0) size 3x14
                  text run at (0,0) width 3: " "
            RenderTableCell {TD} at (152,154) size 8x14 [bgcolor=#A4CCCC] [r=11 c=21 rs=1 cs=1]
              RenderInline {FONT} at (0,0) size 3x14
                RenderText {#text} at (0,0) size 3x14
                  text run at (0,0) width 3: " "
            RenderTableCell {TD} at (160,154) size 8x14 [bgcolor=#DEDFDF] [r=11 c=22 rs=1 cs=1]
              RenderInline {FONT} at (0,0) size 3x14
                RenderText {#text} at (0,0) size 3x14
                  text run at (0,0) width 3: " "
            RenderTableCell {TD} at (168,154) size 8x14 [bgcolor=#848788] [r=11 c=23 rs=1 cs=1]
              RenderInline {FONT} at (0,0) size 3x14
                RenderText {#text} at (0,0) size 3x14
                  text run at (0,0) width 3: " "
            RenderTableCell {TD} at (176,154) size 8x14 [bgcolor=#072323] [r=11 c=24 rs=1 cs=1]
              RenderInline {FONT} at (0,0) size 3x14
                RenderText {#text} at (0,0) size 3x14
                  text run at (0,0) width 3: " "
            RenderTableCell {TD} at (184,154) size 8x14 [bgcolor=#044140] [r=11 c=25 rs=1 cs=1]
              RenderInline {FONT} at (0,0) size 3x14
                RenderText {#text} at (0,0) size 3x14
                  text run at (0,0) width 3: " "
            RenderTableCell {TD} at (192,154) size 8x14 [bgcolor=#044F4F] [r=11 c=26 rs=1 cs=1]
              RenderInline {FONT} at (0,0) size 3x14
                RenderText {#text} at (0,0) size 3x14
                  text run at (0,0) width 3: " "
            RenderTableCell {TD} at (200,154) size 8x14 [bgcolor=#044F4F] [r=11 c=27 rs=1 cs=1]
              RenderInline {FONT} at (0,0) size 3x14
                RenderText {#text} at (0,0) size 3x14
                  text run at (0,0) width 3: " "
            RenderTableCell {TD} at (208,154) size 8x14 [bgcolor=#044F4F] [r=11 c=28 rs=1 cs=1]
              RenderInline {FONT} at (0,0) size 3x14
                RenderText {#text} at (0,0) size 3x14
                  text run at (0,0) width 3: " "
            RenderTableCell {TD} at (216,154) size 8x14 [bgcolor=#A2B5B4] [r=11 c=29 rs=1 cs=1]
              RenderInline {FONT} at (0,0) size 3x14
                RenderText {#text} at (0,0) size 3x14
                  text run at (0,0) width 3: " "
            RenderTableCell {TD} at (224,154) size 8x14 [bgcolor=#FDFDFB] [r=11 c=30 rs=1 cs=1]
              RenderInline {FONT} at (0,0) size 3x14
                RenderText {#text} at (0,0) size 3x14
                  text run at (0,0) width 3: " "
            RenderTableCell {TD} at (232,154) size 8x14 [bgcolor=#A2B5B4] [r=11 c=31 rs=1 cs=1]
              RenderInline {FONT} at (0,0) size 3x14
                RenderText {#text} at (0,0) size 3x14
                  text run at (0,0) width 3: " "
            RenderTableCell {TD} at (240,154) size 8x14 [bgcolor=#083131] [r=11 c=32 rs=1 cs=1]
              RenderInline {FONT} at (0,0) size 3x14
                RenderText {#text} at (0,0) size 3x14
                  text run at (0,0) width 3: " "
            RenderTableCell {TD} at (248,154) size 8x14 [bgcolor=#515C5B] [r=11 c=33 rs=1 cs=1]
              RenderInline {FONT} at (0,0) size 3x14
                RenderText {#text} at (0,0) size 3x14
                  text run at (0,0) width 3: " "
            RenderTableCell {TD} at (256,154) size 8x14 [bgcolor=#848788] [r=11 c=34 rs=1 cs=1]
              RenderInline {FONT} at (0,0) size 3x14
                RenderText {#text} at (0,0) size 3x14
                  text run at (0,0) width 3: " "
            RenderTableCell {TD} at (264,154) size 8x14 [bgcolor=#EDEEEF] [r=11 c=35 rs=1 cs=1]
              RenderInline {FONT} at (0,0) size 3x14
                RenderText {#text} at (0,0) size 3x14
                  text run at (0,0) width 3: " "
            RenderTableCell {TD} at (272,154) size 8x14 [bgcolor=#FDFDFB] [r=11 c=36 rs=1 cs=1]
              RenderInline {FONT} at (0,0) size 3x14
                RenderText {#text} at (0,0) size 3x14
                  text run at (0,0) width 3: " "
            RenderTableCell {TD} at (280,154) size 8x14 [bgcolor=#5E5F60] [r=11 c=37 rs=1 cs=1]
              RenderInline {FONT} at (0,0) size 3x14
                RenderText {#text} at (0,0) size 3x14
                  text run at (0,0) width 3: " "
            RenderTableCell {TD} at (288,154) size 8x14 [bgcolor=#083131] [r=11 c=38 rs=1 cs=1]
              RenderInline {FONT} at (0,0) size 3x14
                RenderText {#text} at (0,0) size 3x14
                  text run at (0,0) width 3: " "
            RenderTableCell {TD} at (296,154) size 8x14 [bgcolor=#044F4F] [r=11 c=39 rs=1 cs=1]
              RenderInline {FONT} at (0,0) size 3x14
                RenderText {#text} at (0,0) size 3x14
                  text run at (0,0) width 3: " "
            RenderTableCell {TD} at (304,154) size 8x14 [bgcolor=#044F4F] [r=11 c=40 rs=1 cs=1]
              RenderInline {FONT} at (0,0) size 3x14
                RenderText {#text} at (0,0) size 3x14
                  text run at (0,0) width 3: " "
            RenderTableCell {TD} at (312,154) size 8x14 [bgcolor=#044F4F] [r=11 c=41 rs=1 cs=1]
              RenderInline {FONT} at (0,0) size 3x14
                RenderText {#text} at (0,0) size 3x14
                  text run at (0,0) width 3: " "
            RenderTableCell {TD} at (320,154) size 8x14 [bgcolor=#396B6A] [r=11 c=42 rs=1 cs=1]
              RenderInline {FONT} at (0,0) size 3x14
                RenderText {#text} at (0,0) size 3x14
                  text run at (0,0) width 3: " "
            RenderTableCell {TD} at (328,154) size 8x14 [bgcolor=#CECFCF] [r=11 c=43 rs=1 cs=1]
              RenderInline {FONT} at (0,0) size 3x14
                RenderText {#text} at (0,0) size 3x14
                  text run at (0,0) width 3: " "
            RenderTableCell {TD} at (336,154) size 8x14 [bgcolor=#A5A6A6] [r=11 c=44 rs=1 cs=1]
              RenderInline {FONT} at (0,0) size 3x14
                RenderText {#text} at (0,0) size 3x14
                  text run at (0,0) width 3: " "
            RenderTableCell {TD} at (344,154) size 8x14 [bgcolor=#1A5C5C] [r=11 c=45 rs=1 cs=1]
              RenderInline {FONT} at (0,0) size 3x14
                RenderText {#text} at (0,0) size 3x14
                  text run at (0,0) width 3: " "
            RenderTableCell {TD} at (352,154) size 8x14 [bgcolor=#026766] [r=11 c=46 rs=1 cs=1]
              RenderInline {FONT} at (0,0) size 3x14
                RenderText {#text} at (0,0) size 3x14
                  text run at (0,0) width 3: " "
            RenderTableCell {TD} at (360,154) size 8x14 [bgcolor=#1A6B6A] [r=11 c=47 rs=1 cs=1]
              RenderInline {FONT} at (0,0) size 3x14
                RenderText {#text} at (0,0) size 3x14
                  text run at (0,0) width 3: " "
            RenderTableCell {TD} at (368,154) size 8x14 [bgcolor=#B6D0D1] [r=11 c=48 rs=1 cs=1]
              RenderInline {FONT} at (0,0) size 3x14
                RenderText {#text} at (0,0) size 3x14
                  text run at (0,0) width 3: " "
            RenderTableCell {TD} at (376,154) size 8x14 [bgcolor=#FDFDFB] [r=11 c=49 rs=1 cs=1]
              RenderInline {FONT} at (0,0) size 3x14
                RenderText {#text} at (0,0) size 3x14
                  text run at (0,0) width 3: " "
            RenderTableCell {TD} at (384,154) size 8x14 [bgcolor=#EDEEEF] [r=11 c=50 rs=1 cs=1]
              RenderInline {FONT} at (0,0) size 3x14
                RenderText {#text} at (0,0) size 3x14
                  text run at (0,0) width 3: " "
            RenderTableCell {TD} at (392,154) size 8x14 [bgcolor=#4D4F4F] [r=11 c=51 rs=1 cs=1]
              RenderInline {FONT} at (0,0) size 3x14
                RenderText {#text} at (0,0) size 3x14
                  text run at (0,0) width 3: " "
            RenderTableCell {TD} at (400,154) size 8x14 [bgcolor=#1C2524] [r=11 c=52 rs=1 cs=1]
              RenderInline {FONT} at (0,0) size 3x14
                RenderText {#text} at (0,0) size 3x14
                  text run at (0,0) width 3: " "
            RenderTableCell {TD} at (408,154) size 8x14 [bgcolor=#3D4242] [r=11 c=53 rs=1 cs=1]
              RenderInline {FONT} at (0,0) size 3x14
                RenderText {#text} at (0,0) size 3x14
                  text run at (0,0) width 3: " "
            RenderTableCell {TD} at (416,154) size 8x14 [bgcolor=#696A69] [r=11 c=54 rs=1 cs=1]
              RenderInline {FONT} at (0,0) size 3x14
                RenderText {#text} at (0,0) size 3x14
                  text run at (0,0) width 3: " "
            RenderTableCell {TD} at (424,154) size 8x14 [bgcolor=#777878] [r=11 c=55 rs=1 cs=1]
              RenderInline {FONT} at (0,0) size 3x14
                RenderText {#text} at (0,0) size 3x14
                  text run at (0,0) width 3: " "
            RenderTableCell {TD} at (432,154) size 8x14 [bgcolor=#B4B4B4] [r=11 c=56 rs=1 cs=1]
              RenderInline {FONT} at (0,0) size 3x14
                RenderText {#text} at (0,0) size 3x14
                  text run at (0,0) width 3: " "
            RenderTableCell {TD} at (440,154) size 8x14 [bgcolor=#FDFDFB] [r=11 c=57 rs=1 cs=1]
              RenderInline {FONT} at (0,0) size 3x14
                RenderText {#text} at (0,0) size 3x14
                  text run at (0,0) width 3: " "
            RenderTableCell {TD} at (448,154) size 8x14 [bgcolor=#EDEEEF] [r=11 c=58 rs=1 cs=1]
              RenderInline {FONT} at (0,0) size 3x14
                RenderText {#text} at (0,0) size 3x14
                  text run at (0,0) width 3: " "
            RenderTableCell {TD} at (456,154) size 8x14 [bgcolor=#696A69] [r=11 c=59 rs=1 cs=1]
              RenderInline {FONT} at (0,0) size 3x14
                RenderText {#text} at (0,0) size 3x14
                  text run at (0,0) width 3: " "
            RenderTableCell {TD} at (464,154) size 8x14 [bgcolor=#1B8685] [r=11 c=60 rs=1 cs=1]
              RenderInline {FONT} at (0,0) size 3x14
                RenderText {#text} at (0,0) size 3x14
                  text run at (0,0) width 3: " "
            RenderTableCell {TD} at (472,154) size 8x14 [bgcolor=#1B8685] [r=11 c=61 rs=1 cs=1]
              RenderInline {FONT} at (0,0) size 3x14
                RenderText {#text} at (0,0) size 3x14
                  text run at (0,0) width 3: " "
            RenderTableCell {TD} at (480,154) size 8x14 [bgcolor=#E0EAE9] [r=11 c=62 rs=1 cs=1]
              RenderInline {FONT} at (0,0) size 3x14
                RenderText {#text} at (0,0) size 3x14
                  text run at (0,0) width 3: " "
            RenderTableCell {TD} at (488,154) size 8x14 [bgcolor=#FDFDFB] [r=11 c=63 rs=1 cs=1]
              RenderInline {FONT} at (0,0) size 3x14
                RenderText {#text} at (0,0) size 3x14
                  text run at (0,0) width 3: " "
            RenderTableCell {TD} at (496,154) size 8x14 [bgcolor=#777878] [r=11 c=64 rs=1 cs=1]
              RenderInline {FONT} at (0,0) size 3x14
                RenderText {#text} at (0,0) size 3x14
                  text run at (0,0) width 3: " "
            RenderTableCell {TD} at (504,154) size 8x14 [bgcolor=#072323] [r=11 c=65 rs=1 cs=1]
              RenderInline {FONT} at (0,0) size 3x14
                RenderText {#text} at (0,0) size 3x14
                  text run at (0,0) width 3: " "
            RenderTableCell {TD} at (512,154) size 8x14 [bgcolor=#044140] [r=11 c=66 rs=1 cs=1]
              RenderInline {FONT} at (0,0) size 3x14
                RenderText {#text} at (0,0) size 3x14
                  text run at (0,0) width 3: " "
            RenderTableCell {TD} at (520,154) size 8x14 [bgcolor=#044F4F] [r=11 c=67 rs=1 cs=1]
              RenderInline {FONT} at (0,0) size 3x14
                RenderText {#text} at (0,0) size 3x14
                  text run at (0,0) width 3: " "
            RenderTableCell {TD} at (528,154) size 8x14 [bgcolor=#044F4F] [r=11 c=68 rs=1 cs=1]
              RenderInline {FONT} at (0,0) size 3x14
                RenderText {#text} at (0,0) size 3x14
                  text run at (0,0) width 3: " "
            RenderTableCell {TD} at (536,154) size 8x14 [bgcolor=#1A5C5C] [r=11 c=69 rs=1 cs=1]
              RenderInline {FONT} at (0,0) size 3x14
                RenderText {#text} at (0,0) size 3x14
                  text run at (0,0) width 3: " "
            RenderTableCell {TD} at (544,154) size 8x14 [bgcolor=#A2B5B4] [r=11 c=70 rs=1 cs=1]
              RenderInline {FONT} at (0,0) size 3x14
                RenderText {#text} at (0,0) size 3x14
                  text run at (0,0) width 3: " "
            RenderTableCell {TD} at (552,154) size 8x14 [bgcolor=#FDFDFB] [r=11 c=71 rs=1 cs=1]
              RenderInline {FONT} at (0,0) size 3x14
                RenderText {#text} at (0,0) size 3x14
                  text run at (0,0) width 3: " "
            RenderTableCell {TD} at (560,154) size 8x14 [bgcolor=#FDFDFB] [r=11 c=72 rs=1 cs=1]
              RenderInline {FONT} at (0,0) size 3x14
                RenderText {#text} at (0,0) size 3x14
                  text run at (0,0) width 3: " "
            RenderTableCell {TD} at (568,154) size 8x14 [bgcolor=#4D4F4F] [r=11 c=73 rs=1 cs=1]
              RenderInline {FONT} at (0,0) size 3x14
                RenderText {#text} at (0,0) size 3x14
                  text run at (0,0) width 3: " "
            RenderTableCell {TD} at (576,154) size 8x14 [bgcolor=#5E5F60] [r=11 c=74 rs=1 cs=1]
              RenderInline {FONT} at (0,0) size 3x14
                RenderText {#text} at (0,0) size 3x14
                  text run at (0,0) width 3: " "
            RenderTableCell {TD} at (584,154) size 8x14 [bgcolor=#848788] [r=11 c=75 rs=1 cs=1]
              RenderInline {FONT} at (0,0) size 3x14
                RenderText {#text} at (0,0) size 3x14
                  text run at (0,0) width 3: " "
            RenderTableCell {TD} at (592,154) size 8x14 [bgcolor=#CECFCF] [r=11 c=76 rs=1 cs=1]
              RenderInline {FONT} at (0,0) size 3x14
                RenderText {#text} at (0,0) size 3x14
                  text run at (0,0) width 3: " "
            RenderTableCell {TD} at (600,154) size 8x14 [bgcolor=#FDFDFB] [r=11 c=77 rs=1 cs=1]
              RenderInline {FONT} at (0,0) size 3x14
                RenderText {#text} at (0,0) size 3x14
                  text run at (0,0) width 3: " "
            RenderTableCell {TD} at (608,154) size 8x14 [bgcolor=#B4B4B4] [r=11 c=78 rs=1 cs=1]
              RenderInline {FONT} at (0,0) size 3x14
                RenderText {#text} at (0,0) size 3x14
                  text run at (0,0) width 3: " "
            RenderTableCell {TD} at (616,154) size 8x14 [bgcolor=#1C2524] [r=11 c=79 rs=1 cs=1]
              RenderInline {FONT} at (0,0) size 3x14
                RenderText {#text} at (0,0) size 3x14
                  text run at (0,0) width 3: " "
            RenderTableCell {TD} at (624,154) size 8x14 [bgcolor=#044140] [r=11 c=80 rs=1 cs=1]
              RenderInline {FONT} at (0,0) size 3x14
                RenderText {#text} at (0,0) size 3x14
                  text run at (0,0) width 3: " "
            RenderTableCell {TD} at (632,154) size 8x14 [bgcolor=#044F4F] [r=11 c=81 rs=1 cs=1]
              RenderInline {FONT} at (0,0) size 3x14
                RenderText {#text} at (0,0) size 3x14
                  text run at (0,0) width 3: " "
            RenderTableCell {TD} at (640,154) size 8x14 [bgcolor=#044F4F] [r=11 c=82 rs=1 cs=1]
              RenderInline {FONT} at (0,0) size 3x14
                RenderText {#text} at (0,0) size 3x14
                  text run at (0,0) width 3: " "
            RenderTableCell {TD} at (648,154) size 8x14 [bgcolor=#044F4F] [r=11 c=83 rs=1 cs=1]
              RenderInline {FONT} at (0,0) size 3x14
                RenderText {#text} at (0,0) size 3x14
                  text run at (0,0) width 3: " "
            RenderTableCell {TD} at (656,154) size 8x14 [bgcolor=#447877] [r=11 c=84 rs=1 cs=1]
              RenderInline {FONT} at (0,0) size 3x14
                RenderText {#text} at (0,0) size 3x14
                  text run at (0,0) width 3: " "
            RenderTableCell {TD} at (664,154) size 8x14 [bgcolor=#EDEEEF] [r=11 c=85 rs=1 cs=1]
              RenderInline {FONT} at (0,0) size 3x14
                RenderText {#text} at (0,0) size 3x14
                  text run at (0,0) width 3: " "
            RenderTableCell {TD} at (672,154) size 8x14 [bgcolor=#FDFDFB] [r=11 c=86 rs=1 cs=1]
              RenderInline {FONT} at (0,0) size 3x14
                RenderText {#text} at (0,0) size 3x14
                  text run at (0,0) width 3: " "
            RenderTableCell {TD} at (680,154) size 8x14 [bgcolor=#5A8787] [r=11 c=87 rs=1 cs=1]
              RenderInline {FONT} at (0,0) size 3x14
                RenderText {#text} at (0,0) size 3x14
                  text run at (0,0) width 3: " "
            RenderTableCell {TD} at (688,154) size 8x14 [bgcolor=#025E5E] [r=11 c=88 rs=1 cs=1]
              RenderInline {FONT} at (0,0) size 3x14
                RenderText {#text} at (0,0) size 3x14
                  text run at (0,0) width 3: " "
            RenderTableCell {TD} at (696,154) size 8x14 [bgcolor=#025E5E] [r=11 c=89 rs=1 cs=1]
              RenderInline {FONT} at (0,0) size 3x14
                RenderText {#text} at (0,0) size 3x14
                  text run at (0,0) width 3: " "
            RenderTableCell {TD} at (704,154) size 8x14 [bgcolor=#396B6A] [r=11 c=90 rs=1 cs=1]
              RenderInline {FONT} at (0,0) size 3x14
                RenderText {#text} at (0,0) size 3x14
                  text run at (0,0) width 3: " "
            RenderTableCell {TD} at (712,154) size 8x14 [bgcolor=#E0EAE9] [r=11 c=91 rs=1 cs=1]
              RenderInline {FONT} at (0,0) size 3x14
                RenderText {#text} at (0,0) size 3x14
                  text run at (0,0) width 3: " "
            RenderTableCell {TD} at (720,154) size 8x14 [bgcolor=#FDFDFB] [r=11 c=92 rs=1 cs=1]
              RenderInline {FONT} at (0,0) size 3x14
                RenderText {#text} at (0,0) size 3x14
                  text run at (0,0) width 3: " "
            RenderTableCell {TD} at (728,154) size 8x14 [bgcolor=#2D3433] [r=11 c=93 rs=1 cs=1]
              RenderInline {FONT} at (0,0) size 3x14
                RenderText {#text} at (0,0) size 3x14
                  text run at (0,0) width 3: " "
            RenderTableCell {TD} at (736,154) size 8x14 [bgcolor=#1C2524] [r=11 c=94 rs=1 cs=1]
              RenderInline {FONT} at (0,0) size 3x14
                RenderText {#text} at (0,0) size 3x14
                  text run at (0,0) width 3: " "
            RenderTableCell {TD} at (744,154) size 8x14 [bgcolor=#3D4242] [r=11 c=95 rs=1 cs=1]
              RenderInline {FONT} at (0,0) size 3x14
                RenderText {#text} at (0,0) size 3x14
                  text run at (0,0) width 3: " "
            RenderTableCell {TD} at (752,154) size 8x14 [bgcolor=#777878] [r=11 c=96 rs=1 cs=1]
              RenderInline {FONT} at (0,0) size 3x14
                RenderText {#text} at (0,0) size 3x14
                  text run at (0,0) width 3: " "
            RenderTableCell {TD} at (760,154) size 8x14 [bgcolor=#848788] [r=11 c=97 rs=1 cs=1]
              RenderInline {FONT} at (0,0) size 3x14
                RenderText {#text} at (0,0) size 3x14
                  text run at (0,0) width 3: " "
            RenderTableCell {TD} at (768,154) size 8x14 [bgcolor=#777878] [r=11 c=98 rs=1 cs=1]
              RenderInline {FONT} at (0,0) size 3x14
                RenderText {#text} at (0,0) size 3x14
                  text run at (0,0) width 3: " "
            RenderTableCell {TD} at (776,154) size 8x14 [bgcolor=#4D4F4F] [r=11 c=99 rs=1 cs=1]
              RenderInline {FONT} at (0,0) size 3x14
                RenderText {#text} at (0,0) size 3x14
                  text run at (0,0) width 3: " "
          RenderTableRow {TR} at (0,168) size 784x14
            RenderTableCell {TD} at (0,168) size 7x14 [bgcolor=#97C1C0] [r=12 c=0 rs=1 cs=1]
              RenderInline {FONT} at (0,0) size 3x14
                RenderText {#text} at (0,0) size 3x14
                  text run at (0,0) width 3: " "
            RenderTableCell {TD} at (7,168) size 7x14 [bgcolor=#027777] [r=12 c=1 rs=1 cs=1]
              RenderInline {FONT} at (0,0) size 3x14
                RenderText {#text} at (0,0) size 3x14
                  text run at (0,0) width 3: " "
            RenderTableCell {TD} at (14,168) size 7x14 [bgcolor=#60A2A3] [r=12 c=2 rs=1 cs=1]
              RenderInline {FONT} at (0,0) size 3x14
                RenderText {#text} at (0,0) size 3x14
                  text run at (0,0) width 3: " "
            RenderTableCell {TD} at (21,168) size 7x14 [bgcolor=#EDEEEF] [r=12 c=3 rs=1 cs=1]
              RenderInline {FONT} at (0,0) size 3x14
                RenderText {#text} at (0,0) size 3x14
                  text run at (0,0) width 3: " "
            RenderTableCell {TD} at (28,168) size 7x14 [bgcolor=#FDFDFB] [r=12 c=4 rs=1 cs=1]
              RenderInline {FONT} at (0,0) size 3x14
                RenderText {#text} at (0,0) size 3x14
                  text run at (0,0) width 3: " "
            RenderTableCell {TD} at (35,168) size 7x14 [bgcolor=#A2B5B4] [r=12 c=5 rs=1 cs=1]
              RenderInline {FONT} at (0,0) size 3x14
                RenderText {#text} at (0,0) size 3x14
                  text run at (0,0) width 3: " "
            RenderTableCell {TD} at (42,168) size 7x14 [bgcolor=#72A3A1] [r=12 c=6 rs=1 cs=1]
              RenderInline {FONT} at (0,0) size 3x14
                RenderText {#text} at (0,0) size 3x14
                  text run at (0,0) width 3: " "
            RenderTableCell {TD} at (49,168) size 7x14 [bgcolor=#469191] [r=12 c=7 rs=1 cs=1]
              RenderInline {FONT} at (0,0) size 3x14
                RenderText {#text} at (0,0) size 3x14
                  text run at (0,0) width 3: " "
            RenderTableCell {TD} at (56,168) size 7x14 [bgcolor=#338686] [r=12 c=8 rs=1 cs=1]
              RenderInline {FONT} at (0,0) size 3x14
                RenderText {#text} at (0,0) size 3x14
                  text run at (0,0) width 3: " "
            RenderTableCell {TD} at (63,168) size 7x14 [bgcolor=#1E7A79] [r=12 c=9 rs=1 cs=1]
              RenderInline {FONT} at (0,0) size 3x14
                RenderText {#text} at (0,0) size 3x14
                  text run at (0,0) width 3: " "
            RenderTableCell {TD} at (70,168) size 7x14 [bgcolor=#1A6B6A] [r=12 c=10 rs=1 cs=1]
              RenderInline {FONT} at (0,0) size 3x14
                RenderText {#text} at (0,0) size 3x14
                  text run at (0,0) width 3: " "
            RenderTableCell {TD} at (77,168) size 7x14 [bgcolor=#044F4F] [r=12 c=11 rs=1 cs=1]
              RenderInline {FONT} at (0,0) size 3x14
                RenderText {#text} at (0,0) size 3x14
                  text run at (0,0) width 3: " "
            RenderTableCell {TD} at (84,168) size 7x14 [bgcolor=#044140] [r=12 c=12 rs=1 cs=1]
              RenderInline {FONT} at (0,0) size 3x14
                RenderText {#text} at (0,0) size 3x14
                  text run at (0,0) width 3: " "
            RenderTableCell {TD} at (91,168) size 7x14 [bgcolor=#044140] [r=12 c=13 rs=1 cs=1]
              RenderInline {FONT} at (0,0) size 3x14
                RenderText {#text} at (0,0) size 3x14
                  text run at (0,0) width 3: " "
            RenderTableCell {TD} at (98,168) size 7x14 [bgcolor=#223C3D] [r=12 c=14 rs=1 cs=1]
              RenderInline {FONT} at (0,0) size 3x14
                RenderText {#text} at (0,0) size 3x14
                  text run at (0,0) width 3: " "
            RenderTableCell {TD} at (105,168) size 7x14 [bgcolor=#848788] [r=12 c=15 rs=1 cs=1]
              RenderInline {FONT} at (0,0) size 3x14
                RenderText {#text} at (0,0) size 3x14
                  text run at (0,0) width 3: " "
            RenderTableCell {TD} at (112,168) size 8x14 [bgcolor=#FDFDFB] [r=12 c=16 rs=1 cs=1]
              RenderInline {FONT} at (0,0) size 3x14
                RenderText {#text} at (0,0) size 3x14
                  text run at (0,0) width 3: " "
            RenderTableCell {TD} at (120,168) size 8x14 [bgcolor=#FDFDFB] [r=12 c=17 rs=1 cs=1]
              RenderInline {FONT} at (0,0) size 3x14
                RenderText {#text} at (0,0) size 3x14
                  text run at (0,0) width 3: " "
            RenderTableCell {TD} at (128,168) size 8x14 [bgcolor=#2D3433] [r=12 c=18 rs=1 cs=1]
              RenderInline {FONT} at (0,0) size 3x14
                RenderText {#text} at (0,0) size 3x14
                  text run at (0,0) width 3: " "
            RenderTableCell {TD} at (136,168) size 8x14 [bgcolor=#1E7A79] [r=12 c=19 rs=1 cs=1]
              RenderInline {FONT} at (0,0) size 3x14
                RenderText {#text} at (0,0) size 3x14
                  text run at (0,0) width 3: " "
            RenderTableCell {TD} at (144,168) size 8x14 [bgcolor=#027777] [r=12 c=20 rs=1 cs=1]
              RenderInline {FONT} at (0,0) size 3x14
                RenderText {#text} at (0,0) size 3x14
                  text run at (0,0) width 3: " "
            RenderTableCell {TD} at (152,168) size 8x14 [bgcolor=#1A6B6A] [r=12 c=21 rs=1 cs=1]
              RenderInline {FONT} at (0,0) size 3x14
                RenderText {#text} at (0,0) size 3x14
                  text run at (0,0) width 3: " "
            RenderTableCell {TD} at (160,168) size 8x14 [bgcolor=#274C4D] [r=12 c=22 rs=1 cs=1]
              RenderInline {FONT} at (0,0) size 3x14
                RenderText {#text} at (0,0) size 3x14
                  text run at (0,0) width 3: " "
            RenderTableCell {TD} at (168,168) size 8x14 [bgcolor=#274C4D] [r=12 c=23 rs=1 cs=1]
              RenderInline {FONT} at (0,0) size 3x14
                RenderText {#text} at (0,0) size 3x14
                  text run at (0,0) width 3: " "
            RenderTableCell {TD} at (176,168) size 8x14 [bgcolor=#287A7A] [r=12 c=24 rs=1 cs=1]
              RenderInline {FONT} at (0,0) size 3x14
                RenderText {#text} at (0,0) size 3x14
                  text run at (0,0) width 3: " "
            RenderTableCell {TD} at (184,168) size 8x14 [bgcolor=#338686] [r=12 c=25 rs=1 cs=1]
              RenderInline {FONT} at (0,0) size 3x14
                RenderText {#text} at (0,0) size 3x14
                  text run at (0,0) width 3: " "
            RenderTableCell {TD} at (192,168) size 8x14 [bgcolor=#338686] [r=12 c=26 rs=1 cs=1]
              RenderInline {FONT} at (0,0) size 3x14
                RenderText {#text} at (0,0) size 3x14
                  text run at (0,0) width 3: " "
            RenderTableCell {TD} at (200,168) size 8x14 [bgcolor=#469191] [r=12 c=27 rs=1 cs=1]
              RenderInline {FONT} at (0,0) size 3x14
                RenderText {#text} at (0,0) size 3x14
                  text run at (0,0) width 3: " "
            RenderTableCell {TD} at (208,168) size 8x14 [bgcolor=#60A2A3] [r=12 c=28 rs=1 cs=1]
              RenderInline {FONT} at (0,0) size 3x14
                RenderText {#text} at (0,0) size 3x14
                  text run at (0,0) width 3: " "
            RenderTableCell {TD} at (216,168) size 8x14 [bgcolor=#CADEDD] [r=12 c=29 rs=1 cs=1]
              RenderInline {FONT} at (0,0) size 3x14
                RenderText {#text} at (0,0) size 3x14
                  text run at (0,0) width 3: " "
            RenderTableCell {TD} at (224,168) size 8x14 [bgcolor=#FDFDFB] [r=12 c=30 rs=1 cs=1]
              RenderInline {FONT} at (0,0) size 3x14
                RenderText {#text} at (0,0) size 3x14
                  text run at (0,0) width 3: " "
            RenderTableCell {TD} at (232,168) size 8x14 [bgcolor=#B4B4B4] [r=12 c=31 rs=1 cs=1]
              RenderInline {FONT} at (0,0) size 3x14
                RenderText {#text} at (0,0) size 3x14
                  text run at (0,0) width 3: " "
            RenderTableCell {TD} at (240,168) size 8x14 [bgcolor=#072323] [r=12 c=32 rs=1 cs=1]
              RenderInline {FONT} at (0,0) size 3x14
                RenderText {#text} at (0,0) size 3x14
                  text run at (0,0) width 3: " "
            RenderTableCell {TD} at (248,168) size 8x14 [bgcolor=#4D4F4F] [r=12 c=33 rs=1 cs=1]
              RenderInline {FONT} at (0,0) size 3x14
                RenderText {#text} at (0,0) size 3x14
                  text run at (0,0) width 3: " "
            RenderTableCell {TD} at (256,168) size 8x14 [bgcolor=#777878] [r=12 c=34 rs=1 cs=1]
              RenderInline {FONT} at (0,0) size 3x14
                RenderText {#text} at (0,0) size 3x14
                  text run at (0,0) width 3: " "
            RenderTableCell {TD} at (264,168) size 8x14 [bgcolor=#CECFCF] [r=12 c=35 rs=1 cs=1]
              RenderInline {FONT} at (0,0) size 3x14
                RenderText {#text} at (0,0) size 3x14
                  text run at (0,0) width 3: " "
            RenderTableCell {TD} at (272,168) size 8x14 [bgcolor=#FDFDFB] [r=12 c=36 rs=1 cs=1]
              RenderInline {FONT} at (0,0) size 3x14
                RenderText {#text} at (0,0) size 3x14
                  text run at (0,0) width 3: " "
            RenderTableCell {TD} at (280,168) size 8x14 [bgcolor=#CECFCF] [r=12 c=37 rs=1 cs=1]
              RenderInline {FONT} at (0,0) size 3x14
                RenderText {#text} at (0,0) size 3x14
                  text run at (0,0) width 3: " "
            RenderTableCell {TD} at (288,168) size 8x14 [bgcolor=#8DB7B6] [r=12 c=38 rs=1 cs=1]
              RenderInline {FONT} at (0,0) size 3x14
                RenderText {#text} at (0,0) size 3x14
                  text run at (0,0) width 3: " "
            RenderTableCell {TD} at (296,168) size 8x14 [bgcolor=#589594] [r=12 c=39 rs=1 cs=1]
              RenderInline {FONT} at (0,0) size 3x14
                RenderText {#text} at (0,0) size 3x14
                  text run at (0,0) width 3: " "
            RenderTableCell {TD} at (304,168) size 8x14 [bgcolor=#338686] [r=12 c=40 rs=1 cs=1]
              RenderInline {FONT} at (0,0) size 3x14
                RenderText {#text} at (0,0) size 3x14
                  text run at (0,0) width 3: " "
            RenderTableCell {TD} at (312,168) size 8x14 [bgcolor=#287A7A] [r=12 c=41 rs=1 cs=1]
              RenderInline {FONT} at (0,0) size 3x14
                RenderText {#text} at (0,0) size 3x14
                  text run at (0,0) width 3: " "
            RenderTableCell {TD} at (320,168) size 8x14 [bgcolor=#1E7A79] [r=12 c=42 rs=1 cs=1]
              RenderInline {FONT} at (0,0) size 3x14
                RenderText {#text} at (0,0) size 3x14
                  text run at (0,0) width 3: " "
            RenderTableCell {TD} at (328,168) size 8x14 [bgcolor=#1A5C5C] [r=12 c=43 rs=1 cs=1]
              RenderInline {FONT} at (0,0) size 3x14
                RenderText {#text} at (0,0) size 3x14
                  text run at (0,0) width 3: " "
            RenderTableCell {TD} at (336,168) size 8x14 [bgcolor=#044F4F] [r=12 c=44 rs=1 cs=1]
              RenderInline {FONT} at (0,0) size 3x14
                RenderText {#text} at (0,0) size 3x14
                  text run at (0,0) width 3: " "
            RenderTableCell {TD} at (344,168) size 8x14 [bgcolor=#044F4F] [r=12 c=45 rs=1 cs=1]
              RenderInline {FONT} at (0,0) size 3x14
                RenderText {#text} at (0,0) size 3x14
                  text run at (0,0) width 3: " "
            RenderTableCell {TD} at (352,168) size 8x14 [bgcolor=#026766] [r=12 c=46 rs=1 cs=1]
              RenderInline {FONT} at (0,0) size 3x14
                RenderText {#text} at (0,0) size 3x14
                  text run at (0,0) width 3: " "
            RenderTableCell {TD} at (360,168) size 8x14 [bgcolor=#1A6B6A] [r=12 c=47 rs=1 cs=1]
              RenderInline {FONT} at (0,0) size 3x14
                RenderText {#text} at (0,0) size 3x14
                  text run at (0,0) width 3: " "
            RenderTableCell {TD} at (368,168) size 8x14 [bgcolor=#B6D0D1] [r=12 c=48 rs=1 cs=1]
              RenderInline {FONT} at (0,0) size 3x14
                RenderText {#text} at (0,0) size 3x14
                  text run at (0,0) width 3: " "
            RenderTableCell {TD} at (376,168) size 8x14 [bgcolor=#FDFDFB] [r=12 c=49 rs=1 cs=1]
              RenderInline {FONT} at (0,0) size 3x14
                RenderText {#text} at (0,0) size 3x14
                  text run at (0,0) width 3: " "
            RenderTableCell {TD} at (384,168) size 8x14 [bgcolor=#A5A6A6] [r=12 c=50 rs=1 cs=1]
              RenderInline {FONT} at (0,0) size 3x14
                RenderText {#text} at (0,0) size 3x14
                  text run at (0,0) width 3: " "
            RenderTableCell {TD} at (392,168) size 8x14 [bgcolor=#072323] [r=12 c=51 rs=1 cs=1]
              RenderInline {FONT} at (0,0) size 3x14
                RenderText {#text} at (0,0) size 3x14
                  text run at (0,0) width 3: " "
            RenderTableCell {TD} at (400,168) size 8x14 [bgcolor=#3D4242] [r=12 c=52 rs=1 cs=1]
              RenderInline {FONT} at (0,0) size 3x14
                RenderText {#text} at (0,0) size 3x14
                  text run at (0,0) width 3: " "
            RenderTableCell {TD} at (408,168) size 8x14 [bgcolor=#696A69] [r=12 c=53 rs=1 cs=1]
              RenderInline {FONT} at (0,0) size 3x14
                RenderText {#text} at (0,0) size 3x14
                  text run at (0,0) width 3: " "
            RenderTableCell {TD} at (416,168) size 8x14 [bgcolor=#848788] [r=12 c=54 rs=1 cs=1]
              RenderInline {FONT} at (0,0) size 3x14
                RenderText {#text} at (0,0) size 3x14
                  text run at (0,0) width 3: " "
            RenderTableCell {TD} at (424,168) size 8x14 [bgcolor=#939494] [r=12 c=55 rs=1 cs=1]
              RenderInline {FONT} at (0,0) size 3x14
                RenderText {#text} at (0,0) size 3x14
                  text run at (0,0) width 3: " "
            RenderTableCell {TD} at (432,168) size 8x14 [bgcolor=#B4B4B4] [r=12 c=56 rs=1 cs=1]
              RenderInline {FONT} at (0,0) size 3x14
                RenderText {#text} at (0,0) size 3x14
                  text run at (0,0) width 3: " "
            RenderTableCell {TD} at (440,168) size 8x14 [bgcolor=#FDFDFB] [r=12 c=57 rs=1 cs=1]
              RenderInline {FONT} at (0,0) size 3x14
                RenderText {#text} at (0,0) size 3x14
                  text run at (0,0) width 3: " "
            RenderTableCell {TD} at (448,168) size 8x14 [bgcolor=#FDFDFB] [r=12 c=58 rs=1 cs=1]
              RenderInline {FONT} at (0,0) size 3x14
                RenderText {#text} at (0,0) size 3x14
                  text run at (0,0) width 3: " "
            RenderTableCell {TD} at (456,168) size 8x14 [bgcolor=#2D3433] [r=12 c=59 rs=1 cs=1]
              RenderInline {FONT} at (0,0) size 3x14
                RenderText {#text} at (0,0) size 3x14
                  text run at (0,0) width 3: " "
            RenderTableCell {TD} at (464,168) size 8x14 [bgcolor=#1E7A79] [r=12 c=60 rs=1 cs=1]
              RenderInline {FONT} at (0,0) size 3x14
                RenderText {#text} at (0,0) size 3x14
                  text run at (0,0) width 3: " "
            RenderTableCell {TD} at (472,168) size 8x14 [bgcolor=#66BABC] [r=12 c=61 rs=1 cs=1]
              RenderInline {FONT} at (0,0) size 3x14
                RenderText {#text} at (0,0) size 3x14
                  text run at (0,0) width 3: " "
            RenderTableCell {TD} at (480,168) size 8x14 [bgcolor=#FDFDFB] [r=12 c=62 rs=1 cs=1]
              RenderInline {FONT} at (0,0) size 3x14
                RenderText {#text} at (0,0) size 3x14
                  text run at (0,0) width 3: " "
            RenderTableCell {TD} at (488,168) size 8x14 [bgcolor=#DEDFDF] [r=12 c=63 rs=1 cs=1]
              RenderInline {FONT} at (0,0) size 3x14
                RenderText {#text} at (0,0) size 3x14
                  text run at (0,0) width 3: " "
            RenderTableCell {TD} at (496,168) size 8x14 [bgcolor=#072323] [r=12 c=64 rs=1 cs=1]
              RenderInline {FONT} at (0,0) size 3x14
                RenderText {#text} at (0,0) size 3x14
                  text run at (0,0) width 3: " "
            RenderTableCell {TD} at (504,168) size 8x14 [bgcolor=#025E5E] [r=12 c=65 rs=1 cs=1]
              RenderInline {FONT} at (0,0) size 3x14
                RenderText {#text} at (0,0) size 3x14
                  text run at (0,0) width 3: " "
            RenderTableCell {TD} at (512,168) size 8x14 [bgcolor=#026766] [r=12 c=66 rs=1 cs=1]
              RenderInline {FONT} at (0,0) size 3x14
                RenderText {#text} at (0,0) size 3x14
                  text run at (0,0) width 3: " "
            RenderTableCell {TD} at (520,168) size 8x14 [bgcolor=#026766] [r=12 c=67 rs=1 cs=1]
              RenderInline {FONT} at (0,0) size 3x14
                RenderText {#text} at (0,0) size 3x14
                  text run at (0,0) width 3: " "
            RenderTableCell {TD} at (528,168) size 8x14 [bgcolor=#026766] [r=12 c=68 rs=1 cs=1]
              RenderInline {FONT} at (0,0) size 3x14
                RenderText {#text} at (0,0) size 3x14
                  text run at (0,0) width 3: " "
            RenderTableCell {TD} at (536,168) size 8x14 [bgcolor=#026766] [r=12 c=69 rs=1 cs=1]
              RenderInline {FONT} at (0,0) size 3x14
                RenderText {#text} at (0,0) size 3x14
                  text run at (0,0) width 3: " "
            RenderTableCell {TD} at (544,168) size 8x14 [bgcolor=#287A7A] [r=12 c=70 rs=1 cs=1]
              RenderInline {FONT} at (0,0) size 3x14
                RenderText {#text} at (0,0) size 3x14
                  text run at (0,0) width 3: " "
            RenderTableCell {TD} at (552,168) size 8x14 [bgcolor=#EDEEEF] [r=12 c=71 rs=1 cs=1]
              RenderInline {FONT} at (0,0) size 3x14
                RenderText {#text} at (0,0) size 3x14
                  text run at (0,0) width 3: " "
            RenderTableCell {TD} at (560,168) size 8x14 [bgcolor=#FDFDFB] [r=12 c=72 rs=1 cs=1]
              RenderInline {FONT} at (0,0) size 3x14
                RenderText {#text} at (0,0) size 3x14
                  text run at (0,0) width 3: " "
            RenderTableCell {TD} at (568,168) size 8x14 [bgcolor=#4D4F4F] [r=12 c=73 rs=1 cs=1]
              RenderInline {FONT} at (0,0) size 3x14
                RenderText {#text} at (0,0) size 3x14
                  text run at (0,0) width 3: " "
            RenderTableCell {TD} at (576,168) size 8x14 [bgcolor=#5E5F60] [r=12 c=74 rs=1 cs=1]
              RenderInline {FONT} at (0,0) size 3x14
                RenderText {#text} at (0,0) size 3x14
                  text run at (0,0) width 3: " "
            RenderTableCell {TD} at (584,168) size 8x14 [bgcolor=#91A3A3] [r=12 c=75 rs=1 cs=1]
              RenderInline {FONT} at (0,0) size 3x14
                RenderText {#text} at (0,0) size 3x14
                  text run at (0,0) width 3: " "
            RenderTableCell {TD} at (592,168) size 8x14 [bgcolor=#FDFDFB] [r=12 c=76 rs=1 cs=1]
              RenderInline {FONT} at (0,0) size 3x14
                RenderText {#text} at (0,0) size 3x14
                  text run at (0,0) width 3: " "
            RenderTableCell {TD} at (600,168) size 8x14 [bgcolor=#DEDFDF] [r=12 c=77 rs=1 cs=1]
              RenderInline {FONT} at (0,0) size 3x14
                RenderText {#text} at (0,0) size 3x14
                  text run at (0,0) width 3: " "
            RenderTableCell {TD} at (608,168) size 8x14 [bgcolor=#3D4242] [r=12 c=78 rs=1 cs=1]
              RenderInline {FONT} at (0,0) size 3x14
                RenderText {#text} at (0,0) size 3x14
                  text run at (0,0) width 3: " "
            RenderTableCell {TD} at (616,168) size 8x14 [bgcolor=#025E5E] [r=12 c=79 rs=1 cs=1]
              RenderInline {FONT} at (0,0) size 3x14
                RenderText {#text} at (0,0) size 3x14
                  text run at (0,0) width 3: " "
            RenderTableCell {TD} at (624,168) size 8x14 [bgcolor=#026766] [r=12 c=80 rs=1 cs=1]
              RenderInline {FONT} at (0,0) size 3x14
                RenderText {#text} at (0,0) size 3x14
                  text run at (0,0) width 3: " "
            RenderTableCell {TD} at (632,168) size 8x14 [bgcolor=#026766] [r=12 c=81 rs=1 cs=1]
              RenderInline {FONT} at (0,0) size 3x14
                RenderText {#text} at (0,0) size 3x14
                  text run at (0,0) width 3: " "
            RenderTableCell {TD} at (640,168) size 8x14 [bgcolor=#026766] [r=12 c=82 rs=1 cs=1]
              RenderInline {FONT} at (0,0) size 3x14
                RenderText {#text} at (0,0) size 3x14
                  text run at (0,0) width 3: " "
            RenderTableCell {TD} at (648,168) size 8x14 [bgcolor=#026766] [r=12 c=83 rs=1 cs=1]
              RenderInline {FONT} at (0,0) size 3x14
                RenderText {#text} at (0,0) size 3x14
                  text run at (0,0) width 3: " "
            RenderTableCell {TD} at (656,168) size 8x14 [bgcolor=#026766] [r=12 c=84 rs=1 cs=1]
              RenderInline {FONT} at (0,0) size 3x14
                RenderText {#text} at (0,0) size 3x14
                  text run at (0,0) width 3: " "
            RenderTableCell {TD} at (664,168) size 8x14 [bgcolor=#7CAEAF] [r=12 c=85 rs=1 cs=1]
              RenderInline {FONT} at (0,0) size 3x14
                RenderText {#text} at (0,0) size 3x14
                  text run at (0,0) width 3: " "
            RenderTableCell {TD} at (672,168) size 8x14 [bgcolor=#FDFDFB] [r=12 c=86 rs=1 cs=1]
              RenderInline {FONT} at (0,0) size 3x14
                RenderText {#text} at (0,0) size 3x14
                  text run at (0,0) width 3: " "
            RenderTableCell {TD} at (680,168) size 8x14 [bgcolor=#BEC2C2] [r=12 c=87 rs=1 cs=1]
              RenderInline {FONT} at (0,0) size 3x14
                RenderText {#text} at (0,0) size 3x14
                  text run at (0,0) width 3: " "
            RenderTableCell {TD} at (688,168) size 8x14 [bgcolor=#1A5C5C] [r=12 c=88 rs=1 cs=1]
              RenderInline {FONT} at (0,0) size 3x14
                RenderText {#text} at (0,0) size 3x14
                  text run at (0,0) width 3: " "
            RenderTableCell {TD} at (696,168) size 8x14 [bgcolor=#026766] [r=12 c=89 rs=1 cs=1]
              RenderInline {FONT} at (0,0) size 3x14
                RenderText {#text} at (0,0) size 3x14
                  text run at (0,0) width 3: " "
            RenderTableCell {TD} at (704,168) size 8x14 [bgcolor=#338686] [r=12 c=90 rs=1 cs=1]
              RenderInline {FONT} at (0,0) size 3x14
                RenderText {#text} at (0,0) size 3x14
                  text run at (0,0) width 3: " "
            RenderTableCell {TD} at (712,168) size 8x14 [bgcolor=#EDEEEF] [r=12 c=91 rs=1 cs=1]
              RenderInline {FONT} at (0,0) size 3x14
                RenderText {#text} at (0,0) size 3x14
                  text run at (0,0) width 3: " "
            RenderTableCell {TD} at (720,168) size 8x14 [bgcolor=#FDFDFB] [r=12 c=92 rs=1 cs=1]
              RenderInline {FONT} at (0,0) size 3x14
                RenderText {#text} at (0,0) size 3x14
                  text run at (0,0) width 3: " "
            RenderTableCell {TD} at (728,168) size 8x14 [bgcolor=#2D3433] [r=12 c=93 rs=1 cs=1]
              RenderInline {FONT} at (0,0) size 3x14
                RenderText {#text} at (0,0) size 3x14
                  text run at (0,0) width 3: " "
            RenderTableCell {TD} at (736,168) size 8x14 [bgcolor=#223C3D] [r=12 c=94 rs=1 cs=1]
              RenderInline {FONT} at (0,0) size 3x14
                RenderText {#text} at (0,0) size 3x14
                  text run at (0,0) width 3: " "
            RenderTableCell {TD} at (744,168) size 8x14 [bgcolor=#5E5F60] [r=12 c=95 rs=1 cs=1]
              RenderInline {FONT} at (0,0) size 3x14
                RenderText {#text} at (0,0) size 3x14
                  text run at (0,0) width 3: " "
            RenderTableCell {TD} at (752,168) size 8x14 [bgcolor=#777878] [r=12 c=96 rs=1 cs=1]
              RenderInline {FONT} at (0,0) size 3x14
                RenderText {#text} at (0,0) size 3x14
                  text run at (0,0) width 3: " "
            RenderTableCell {TD} at (760,168) size 8x14 [bgcolor=#848788] [r=12 c=97 rs=1 cs=1]
              RenderInline {FONT} at (0,0) size 3x14
                RenderText {#text} at (0,0) size 3x14
                  text run at (0,0) width 3: " "
            RenderTableCell {TD} at (768,168) size 8x14 [bgcolor=#777878] [r=12 c=98 rs=1 cs=1]
              RenderInline {FONT} at (0,0) size 3x14
                RenderText {#text} at (0,0) size 3x14
                  text run at (0,0) width 3: " "
            RenderTableCell {TD} at (776,168) size 8x14 [bgcolor=#4D4F4F] [r=12 c=99 rs=1 cs=1]
              RenderInline {FONT} at (0,0) size 3x14
                RenderText {#text} at (0,0) size 3x14
                  text run at (0,0) width 3: " "
          RenderTableRow {TR} at (0,182) size 784x14
            RenderTableCell {TD} at (0,182) size 7x14 [bgcolor=#97C1C0] [r=13 c=0 rs=1 cs=1]
              RenderInline {FONT} at (0,0) size 3x14
                RenderText {#text} at (0,0) size 3x14
                  text run at (0,0) width 3: " "
            RenderTableCell {TD} at (7,182) size 7x14 [bgcolor=#027777] [r=13 c=1 rs=1 cs=1]
              RenderInline {FONT} at (0,0) size 3x14
                RenderText {#text} at (0,0) size 3x14
                  text run at (0,0) width 3: " "
            RenderTableCell {TD} at (14,182) size 7x14 [bgcolor=#027777] [r=13 c=2 rs=1 cs=1]
              RenderInline {FONT} at (0,0) size 3x14
                RenderText {#text} at (0,0) size 3x14
                  text run at (0,0) width 3: " "
            RenderTableCell {TD} at (21,182) size 7x14 [bgcolor=#447877] [r=13 c=3 rs=1 cs=1]
              RenderInline {FONT} at (0,0) size 3x14
                RenderText {#text} at (0,0) size 3x14
                  text run at (0,0) width 3: " "
            RenderTableCell {TD} at (28,182) size 7x14 [bgcolor=#939494] [r=13 c=4 rs=1 cs=1]
              RenderInline {FONT} at (0,0) size 3x14
                RenderText {#text} at (0,0) size 3x14
                  text run at (0,0) width 3: " "
            RenderTableCell {TD} at (35,182) size 7x14 [bgcolor=#CECFCF] [r=13 c=5 rs=1 cs=1]
              RenderInline {FONT} at (0,0) size 3x14
                RenderText {#text} at (0,0) size 3x14
                  text run at (0,0) width 3: " "
            RenderTableCell {TD} at (42,182) size 7x14 [bgcolor=#EDEEEF] [r=13 c=6 rs=1 cs=1]
              RenderInline {FONT} at (0,0) size 3x14
                RenderText {#text} at (0,0) size 3x14
                  text run at (0,0) width 3: " "
            RenderTableCell {TD} at (49,182) size 7x14 [bgcolor=#FDFDFB] [r=13 c=7 rs=1 cs=1]
              RenderInline {FONT} at (0,0) size 3x14
                RenderText {#text} at (0,0) size 3x14
                  text run at (0,0) width 3: " "
            RenderTableCell {TD} at (56,182) size 7x14 [bgcolor=#E0EAE9] [r=13 c=8 rs=1 cs=1]
              RenderInline {FONT} at (0,0) size 3x14
                RenderText {#text} at (0,0) size 3x14
                  text run at (0,0) width 3: " "
            RenderTableCell {TD} at (63,182) size 7x14 [bgcolor=#CADEDD] [r=13 c=9 rs=1 cs=1]
              RenderInline {FONT} at (0,0) size 3x14
                RenderText {#text} at (0,0) size 3x14
                  text run at (0,0) width 3: " "
            RenderTableCell {TD} at (70,182) size 7x14 [bgcolor=#B6D0D1] [r=13 c=10 rs=1 cs=1]
              RenderInline {FONT} at (0,0) size 3x14
                RenderText {#text} at (0,0) size 3x14
                  text run at (0,0) width 3: " "
            RenderTableCell {TD} at (77,182) size 7x14 [bgcolor=#7CAEAF] [r=13 c=11 rs=1 cs=1]
              RenderInline {FONT} at (0,0) size 3x14
                RenderText {#text} at (0,0) size 3x14
                  text run at (0,0) width 3: " "
            RenderTableCell {TD} at (84,182) size 7x14 [bgcolor=#1A6B6A] [r=13 c=12 rs=1 cs=1]
              RenderInline {FONT} at (0,0) size 3x14
                RenderText {#text} at (0,0) size 3x14
                  text run at (0,0) width 3: " "
            RenderTableCell {TD} at (91,182) size 7x14 [bgcolor=#044140] [r=13 c=13 rs=1 cs=1]
              RenderInline {FONT} at (0,0) size 3x14
                RenderText {#text} at (0,0) size 3x14
                  text run at (0,0) width 3: " "
            RenderTableCell {TD} at (98,182) size 7x14 [bgcolor=#223C3D] [r=13 c=14 rs=1 cs=1]
              RenderInline {FONT} at (0,0) size 3x14
                RenderText {#text} at (0,0) size 3x14
                  text run at (0,0) width 3: " "
            RenderTableCell {TD} at (105,182) size 7x14 [bgcolor=#848788] [r=13 c=15 rs=1 cs=1]
              RenderInline {FONT} at (0,0) size 3x14
                RenderText {#text} at (0,0) size 3x14
                  text run at (0,0) width 3: " "
            RenderTableCell {TD} at (112,182) size 8x14 [bgcolor=#FDFDFB] [r=13 c=16 rs=1 cs=1]
              RenderInline {FONT} at (0,0) size 3x14
                RenderText {#text} at (0,0) size 3x14
                  text run at (0,0) width 3: " "
            RenderTableCell {TD} at (120,182) size 8x14 [bgcolor=#FDFDFB] [r=13 c=17 rs=1 cs=1]
              RenderInline {FONT} at (0,0) size 3x14
                RenderText {#text} at (0,0) size 3x14
                  text run at (0,0) width 3: " "
            RenderTableCell {TD} at (128,182) size 8x14 [bgcolor=#2D3433] [r=13 c=18 rs=1 cs=1]
              RenderInline {FONT} at (0,0) size 3x14
                RenderText {#text} at (0,0) size 3x14
                  text run at (0,0) width 3: " "
            RenderTableCell {TD} at (136,182) size 8x14 [bgcolor=#1E7A79] [r=13 c=19 rs=1 cs=1]
              RenderInline {FONT} at (0,0) size 3x14
                RenderText {#text} at (0,0) size 3x14
                  text run at (0,0) width 3: " "
            RenderTableCell {TD} at (144,182) size 8x14 [bgcolor=#027777] [r=13 c=20 rs=1 cs=1]
              RenderInline {FONT} at (0,0) size 3x14
                RenderText {#text} at (0,0) size 3x14
                  text run at (0,0) width 3: " "
            RenderTableCell {TD} at (152,182) size 8x14 [bgcolor=#338686] [r=13 c=21 rs=1 cs=1]
              RenderInline {FONT} at (0,0) size 3x14
                RenderText {#text} at (0,0) size 3x14
                  text run at (0,0) width 3: " "
            RenderTableCell {TD} at (160,182) size 8x14 [bgcolor=#97C1C0] [r=13 c=22 rs=1 cs=1]
              RenderInline {FONT} at (0,0) size 3x14
                RenderText {#text} at (0,0) size 3x14
                  text run at (0,0) width 3: " "
            RenderTableCell {TD} at (168,182) size 8x14 [bgcolor=#CADEDD] [r=13 c=23 rs=1 cs=1]
              RenderInline {FONT} at (0,0) size 3x14
                RenderText {#text} at (0,0) size 3x14
                  text run at (0,0) width 3: " "
            RenderTableCell {TD} at (176,182) size 8x14 [bgcolor=#E0EAE9] [r=13 c=24 rs=1 cs=1]
              RenderInline {FONT} at (0,0) size 3x14
                RenderText {#text} at (0,0) size 3x14
                  text run at (0,0) width 3: " "
            RenderTableCell {TD} at (184,182) size 8x14 [bgcolor=#E0EAE9] [r=13 c=25 rs=1 cs=1]
              RenderInline {FONT} at (0,0) size 3x14
                RenderText {#text} at (0,0) size 3x14
                  text run at (0,0) width 3: " "
            RenderTableCell {TD} at (192,182) size 8x14 [bgcolor=#DEDFDF] [r=13 c=26 rs=1 cs=1]
              RenderInline {FONT} at (0,0) size 3x14
                RenderText {#text} at (0,0) size 3x14
                  text run at (0,0) width 3: " "
            RenderTableCell {TD} at (200,182) size 8x14 [bgcolor=#CECFCF] [r=13 c=27 rs=1 cs=1]
              RenderInline {FONT} at (0,0) size 3x14
                RenderText {#text} at (0,0) size 3x14
                  text run at (0,0) width 3: " "
            RenderTableCell {TD} at (208,182) size 8x14 [bgcolor=#B4B4B4] [r=13 c=28 rs=1 cs=1]
              RenderInline {FONT} at (0,0) size 3x14
                RenderText {#text} at (0,0) size 3x14
                  text run at (0,0) width 3: " "
            RenderTableCell {TD} at (216,182) size 8x14 [bgcolor=#CECFCF] [r=13 c=29 rs=1 cs=1]
              RenderInline {FONT} at (0,0) size 3x14
                RenderText {#text} at (0,0) size 3x14
                  text run at (0,0) width 3: " "
            RenderTableCell {TD} at (224,182) size 8x14 [bgcolor=#FDFDFB] [r=13 c=30 rs=1 cs=1]
              RenderInline {FONT} at (0,0) size 3x14
                RenderText {#text} at (0,0) size 3x14
                  text run at (0,0) width 3: " "
            RenderTableCell {TD} at (232,182) size 8x14 [bgcolor=#B4B4B4] [r=13 c=31 rs=1 cs=1]
              RenderInline {FONT} at (0,0) size 3x14
                RenderText {#text} at (0,0) size 3x14
                  text run at (0,0) width 3: " "
            RenderTableCell {TD} at (240,182) size 8x14 [bgcolor=#072323] [r=13 c=32 rs=1 cs=1]
              RenderInline {FONT} at (0,0) size 3x14
                RenderText {#text} at (0,0) size 3x14
                  text run at (0,0) width 3: " "
            RenderTableCell {TD} at (248,182) size 8x14 [bgcolor=#4D4F4F] [r=13 c=33 rs=1 cs=1]
              RenderInline {FONT} at (0,0) size 3x14
                RenderText {#text} at (0,0) size 3x14
                  text run at (0,0) width 3: " "
            RenderTableCell {TD} at (256,182) size 8x14 [bgcolor=#696A69] [r=13 c=34 rs=1 cs=1]
              RenderInline {FONT} at (0,0) size 3x14
                RenderText {#text} at (0,0) size 3x14
                  text run at (0,0) width 3: " "
            RenderTableCell {TD} at (264,182) size 8x14 [bgcolor=#848788] [r=13 c=35 rs=1 cs=1]
              RenderInline {FONT} at (0,0) size 3x14
                RenderText {#text} at (0,0) size 3x14
                  text run at (0,0) width 3: " "
            RenderTableCell {TD} at (272,182) size 8x14 [bgcolor=#7B918F] [r=13 c=36 rs=1 cs=1]
              RenderInline {FONT} at (0,0) size 3x14
                RenderText {#text} at (0,0) size 3x14
                  text run at (0,0) width 3: " "
            RenderTableCell {TD} at (280,182) size 8x14 [bgcolor=#B4B4B4] [r=13 c=37 rs=1 cs=1]
              RenderInline {FONT} at (0,0) size 3x14
                RenderText {#text} at (0,0) size 3x14
                  text run at (0,0) width 3: " "
            RenderTableCell {TD} at (288,182) size 8x14 [bgcolor=#DEDFDF] [r=13 c=38 rs=1 cs=1]
              RenderInline {FONT} at (0,0) size 3x14
                RenderText {#text} at (0,0) size 3x14
                  text run at (0,0) width 3: " "
            RenderTableCell {TD} at (296,182) size 8x14 [bgcolor=#FDFDFB] [r=13 c=39 rs=1 cs=1]
              RenderInline {FONT} at (0,0) size 3x14
                RenderText {#text} at (0,0) size 3x14
                  text run at (0,0) width 3: " "
            RenderTableCell {TD} at (304,182) size 8x14 [bgcolor=#EDEEEF] [r=13 c=40 rs=1 cs=1]
              RenderInline {FONT} at (0,0) size 3x14
                RenderText {#text} at (0,0) size 3x14
                  text run at (0,0) width 3: " "
            RenderTableCell {TD} at (312,182) size 8x14 [bgcolor=#E0EAE9] [r=13 c=41 rs=1 cs=1]
              RenderInline {FONT} at (0,0) size 3x14
                RenderText {#text} at (0,0) size 3x14
                  text run at (0,0) width 3: " "
            RenderTableCell {TD} at (320,182) size 8x14 [bgcolor=#CADEDD] [r=13 c=42 rs=1 cs=1]
              RenderInline {FONT} at (0,0) size 3x14
                RenderText {#text} at (0,0) size 3x14
                  text run at (0,0) width 3: " "
            RenderTableCell {TD} at (328,182) size 8x14 [bgcolor=#97C1C0] [r=13 c=43 rs=1 cs=1]
              RenderInline {FONT} at (0,0) size 3x14
                RenderText {#text} at (0,0) size 3x14
                  text run at (0,0) width 3: " "
            RenderTableCell {TD} at (336,182) size 8x14 [bgcolor=#469191] [r=13 c=44 rs=1 cs=1]
              RenderInline {FONT} at (0,0) size 3x14
                RenderText {#text} at (0,0) size 3x14
                  text run at (0,0) width 3: " "
            RenderTableCell {TD} at (344,182) size 8x14 [bgcolor=#026766] [r=13 c=45 rs=1 cs=1]
              RenderInline {FONT} at (0,0) size 3x14
                RenderText {#text} at (0,0) size 3x14
                  text run at (0,0) width 3: " "
            RenderTableCell {TD} at (352,182) size 8x14 [bgcolor=#026766] [r=13 c=46 rs=1 cs=1]
              RenderInline {FONT} at (0,0) size 3x14
                RenderText {#text} at (0,0) size 3x14
                  text run at (0,0) width 3: " "
            RenderTableCell {TD} at (360,182) size 8x14 [bgcolor=#1A6B6A] [r=13 c=47 rs=1 cs=1]
              RenderInline {FONT} at (0,0) size 3x14
                RenderText {#text} at (0,0) size 3x14
                  text run at (0,0) width 3: " "
            RenderTableCell {TD} at (368,182) size 8x14 [bgcolor=#B6D0D1] [r=13 c=48 rs=1 cs=1]
              RenderInline {FONT} at (0,0) size 3x14
                RenderText {#text} at (0,0) size 3x14
                  text run at (0,0) width 3: " "
            RenderTableCell {TD} at (376,182) size 8x14 [bgcolor=#FDFDFB] [r=13 c=49 rs=1 cs=1]
              RenderInline {FONT} at (0,0) size 3x14
                RenderText {#text} at (0,0) size 3x14
                  text run at (0,0) width 3: " "
            RenderTableCell {TD} at (384,182) size 8x14 [bgcolor=#848788] [r=13 c=50 rs=1 cs=1]
              RenderInline {FONT} at (0,0) size 3x14
                RenderText {#text} at (0,0) size 3x14
                  text run at (0,0) width 3: " "
            RenderTableCell {TD} at (392,182) size 8x14 [bgcolor=#072323] [r=13 c=51 rs=1 cs=1]
              RenderInline {FONT} at (0,0) size 3x14
                RenderText {#text} at (0,0) size 3x14
                  text run at (0,0) width 3: " "
            RenderTableCell {TD} at (400,182) size 8x14 [bgcolor=#3D4242] [r=13 c=52 rs=1 cs=1]
              RenderInline {FONT} at (0,0) size 3x14
                RenderText {#text} at (0,0) size 3x14
                  text run at (0,0) width 3: " "
            RenderTableCell {TD} at (408,182) size 8x14 [bgcolor=#696A69] [r=13 c=53 rs=1 cs=1]
              RenderInline {FONT} at (0,0) size 3x14
                RenderText {#text} at (0,0) size 3x14
                  text run at (0,0) width 3: " "
            RenderTableCell {TD} at (416,182) size 8x14 [bgcolor=#848788] [r=13 c=54 rs=1 cs=1]
              RenderInline {FONT} at (0,0) size 3x14
                RenderText {#text} at (0,0) size 3x14
                  text run at (0,0) width 3: " "
            RenderTableCell {TD} at (424,182) size 8x14 [bgcolor=#939494] [r=13 c=55 rs=1 cs=1]
              RenderInline {FONT} at (0,0) size 3x14
                RenderText {#text} at (0,0) size 3x14
                  text run at (0,0) width 3: " "
            RenderTableCell {TD} at (432,182) size 8x14 [bgcolor=#B4B4B4] [r=13 c=56 rs=1 cs=1]
              RenderInline {FONT} at (0,0) size 3x14
                RenderText {#text} at (0,0) size 3x14
                  text run at (0,0) width 3: " "
            RenderTableCell {TD} at (440,182) size 8x14 [bgcolor=#FDFDFB] [r=13 c=57 rs=1 cs=1]
              RenderInline {FONT} at (0,0) size 3x14
                RenderText {#text} at (0,0) size 3x14
                  text run at (0,0) width 3: " "
            RenderTableCell {TD} at (448,182) size 8x14 [bgcolor=#FDFDFB] [r=13 c=58 rs=1 cs=1]
              RenderInline {FONT} at (0,0) size 3x14
                RenderText {#text} at (0,0) size 3x14
                  text run at (0,0) width 3: " "
            RenderTableCell {TD} at (456,182) size 8x14 [bgcolor=#2D3433] [r=13 c=59 rs=1 cs=1]
              RenderInline {FONT} at (0,0) size 3x14
                RenderText {#text} at (0,0) size 3x14
                  text run at (0,0) width 3: " "
            RenderTableCell {TD} at (464,182) size 8x14 [bgcolor=#1E7A79] [r=13 c=60 rs=1 cs=1]
              RenderInline {FONT} at (0,0) size 3x14
                RenderText {#text} at (0,0) size 3x14
                  text run at (0,0) width 3: " "
            RenderTableCell {TD} at (472,182) size 8x14 [bgcolor=#7DBAB9] [r=13 c=61 rs=1 cs=1]
              RenderInline {FONT} at (0,0) size 3x14
                RenderText {#text} at (0,0) size 3x14
                  text run at (0,0) width 3: " "
            RenderTableCell {TD} at (480,182) size 8x14 [bgcolor=#FDFDFB] [r=13 c=62 rs=1 cs=1]
              RenderInline {FONT} at (0,0) size 3x14
                RenderText {#text} at (0,0) size 3x14
                  text run at (0,0) width 3: " "
            RenderTableCell {TD} at (488,182) size 8x14 [bgcolor=#BEC2C2] [r=13 c=63 rs=1 cs=1]
              RenderInline {FONT} at (0,0) size 3x14
                RenderText {#text} at (0,0) size 3x14
                  text run at (0,0) width 3: " "
            RenderTableCell {TD} at (496,182) size 8x14 [bgcolor=#083131] [r=13 c=64 rs=1 cs=1]
              RenderInline {FONT} at (0,0) size 3x14
                RenderText {#text} at (0,0) size 3x14
                  text run at (0,0) width 3: " "
            RenderTableCell {TD} at (504,182) size 8x14 [bgcolor=#026766] [r=13 c=65 rs=1 cs=1]
              RenderInline {FONT} at (0,0) size 3x14
                RenderText {#text} at (0,0) size 3x14
                  text run at (0,0) width 3: " "
            RenderTableCell {TD} at (512,182) size 8x14 [bgcolor=#026766] [r=13 c=66 rs=1 cs=1]
              RenderInline {FONT} at (0,0) size 3x14
                RenderText {#text} at (0,0) size 3x14
                  text run at (0,0) width 3: " "
            RenderTableCell {TD} at (520,182) size 8x14 [bgcolor=#026766] [r=13 c=67 rs=1 cs=1]
              RenderInline {FONT} at (0,0) size 3x14
                RenderText {#text} at (0,0) size 3x14
                  text run at (0,0) width 3: " "
            RenderTableCell {TD} at (528,182) size 8x14 [bgcolor=#026766] [r=13 c=68 rs=1 cs=1]
              RenderInline {FONT} at (0,0) size 3x14
                RenderText {#text} at (0,0) size 3x14
                  text run at (0,0) width 3: " "
            RenderTableCell {TD} at (536,182) size 8x14 [bgcolor=#026766] [r=13 c=69 rs=1 cs=1]
              RenderInline {FONT} at (0,0) size 3x14
                RenderText {#text} at (0,0) size 3x14
                  text run at (0,0) width 3: " "
            RenderTableCell {TD} at (544,182) size 8x14 [bgcolor=#1E7A79] [r=13 c=70 rs=1 cs=1]
              RenderInline {FONT} at (0,0) size 3x14
                RenderText {#text} at (0,0) size 3x14
                  text run at (0,0) width 3: " "
            RenderTableCell {TD} at (552,182) size 8x14 [bgcolor=#E0EAE9] [r=13 c=71 rs=1 cs=1]
              RenderInline {FONT} at (0,0) size 3x14
                RenderText {#text} at (0,0) size 3x14
                  text run at (0,0) width 3: " "
            RenderTableCell {TD} at (560,182) size 8x14 [bgcolor=#FDFDFB] [r=13 c=72 rs=1 cs=1]
              RenderInline {FONT} at (0,0) size 3x14
                RenderText {#text} at (0,0) size 3x14
                  text run at (0,0) width 3: " "
            RenderTableCell {TD} at (568,182) size 8x14 [bgcolor=#4D4F4F] [r=13 c=73 rs=1 cs=1]
              RenderInline {FONT} at (0,0) size 3x14
                RenderText {#text} at (0,0) size 3x14
                  text run at (0,0) width 3: " "
            RenderTableCell {TD} at (576,182) size 8x14 [bgcolor=#5E5F60] [r=13 c=74 rs=1 cs=1]
              RenderInline {FONT} at (0,0) size 3x14
                RenderText {#text} at (0,0) size 3x14
                  text run at (0,0) width 3: " "
            RenderTableCell {TD} at (584,182) size 8x14 [bgcolor=#B4B4B4] [r=13 c=75 rs=1 cs=1]
              RenderInline {FONT} at (0,0) size 3x14
                RenderText {#text} at (0,0) size 3x14
                  text run at (0,0) width 3: " "
            RenderTableCell {TD} at (592,182) size 8x14 [bgcolor=#FDFDFB] [r=13 c=76 rs=1 cs=1]
              RenderInline {FONT} at (0,0) size 3x14
                RenderText {#text} at (0,0) size 3x14
                  text run at (0,0) width 3: " "
            RenderTableCell {TD} at (600,182) size 8x14 [bgcolor=#BEC2C2] [r=13 c=77 rs=1 cs=1]
              RenderInline {FONT} at (0,0) size 3x14
                RenderText {#text} at (0,0) size 3x14
                  text run at (0,0) width 3: " "
            RenderTableCell {TD} at (608,182) size 8x14 [bgcolor=#274C4D] [r=13 c=78 rs=1 cs=1]
              RenderInline {FONT} at (0,0) size 3x14
                RenderText {#text} at (0,0) size 3x14
                  text run at (0,0) width 3: " "
            RenderTableCell {TD} at (616,182) size 8x14 [bgcolor=#027777] [r=13 c=79 rs=1 cs=1]
              RenderInline {FONT} at (0,0) size 3x14
                RenderText {#text} at (0,0) size 3x14
                  text run at (0,0) width 3: " "
            RenderTableCell {TD} at (624,182) size 8x14 [bgcolor=#026766] [r=13 c=80 rs=1 cs=1]
              RenderInline {FONT} at (0,0) size 3x14
                RenderText {#text} at (0,0) size 3x14
                  text run at (0,0) width 3: " "
            RenderTableCell {TD} at (632,182) size 8x14 [bgcolor=#026766] [r=13 c=81 rs=1 cs=1]
              RenderInline {FONT} at (0,0) size 3x14
                RenderText {#text} at (0,0) size 3x14
                  text run at (0,0) width 3: " "
            RenderTableCell {TD} at (640,182) size 8x14 [bgcolor=#026766] [r=13 c=82 rs=1 cs=1]
              RenderInline {FONT} at (0,0) size 3x14
                RenderText {#text} at (0,0) size 3x14
                  text run at (0,0) width 3: " "
            RenderTableCell {TD} at (648,182) size 8x14 [bgcolor=#026766] [r=13 c=83 rs=1 cs=1]
              RenderInline {FONT} at (0,0) size 3x14
                RenderText {#text} at (0,0) size 3x14
                  text run at (0,0) width 3: " "
            RenderTableCell {TD} at (656,182) size 8x14 [bgcolor=#026766] [r=13 c=84 rs=1 cs=1]
              RenderInline {FONT} at (0,0) size 3x14
                RenderText {#text} at (0,0) size 3x14
                  text run at (0,0) width 3: " "
            RenderTableCell {TD} at (664,182) size 8x14 [bgcolor=#469191] [r=13 c=85 rs=1 cs=1]
              RenderInline {FONT} at (0,0) size 3x14
                RenderText {#text} at (0,0) size 3x14
                  text run at (0,0) width 3: " "
            RenderTableCell {TD} at (672,182) size 8x14 [bgcolor=#FDFDFB] [r=13 c=86 rs=1 cs=1]
              RenderInline {FONT} at (0,0) size 3x14
                RenderText {#text} at (0,0) size 3x14
                  text run at (0,0) width 3: " "
            RenderTableCell {TD} at (680,182) size 8x14 [bgcolor=#DEDFDF] [r=13 c=87 rs=1 cs=1]
              RenderInline {FONT} at (0,0) size 3x14
                RenderText {#text} at (0,0) size 3x14
                  text run at (0,0) width 3: " "
            RenderTableCell {TD} at (688,182) size 8x14 [bgcolor=#274C4D] [r=13 c=88 rs=1 cs=1]
              RenderInline {FONT} at (0,0) size 3x14
                RenderText {#text} at (0,0) size 3x14
                  text run at (0,0) width 3: " "
            RenderTableCell {TD} at (696,182) size 8x14 [bgcolor=#026766] [r=13 c=89 rs=1 cs=1]
              RenderInline {FONT} at (0,0) size 3x14
                RenderText {#text} at (0,0) size 3x14
                  text run at (0,0) width 3: " "
            RenderTableCell {TD} at (704,182) size 8x14 [bgcolor=#338686] [r=13 c=90 rs=1 cs=1]
              RenderInline {FONT} at (0,0) size 3x14
                RenderText {#text} at (0,0) size 3x14
                  text run at (0,0) width 3: " "
            RenderTableCell {TD} at (712,182) size 8x14 [bgcolor=#EDEEEF] [r=13 c=91 rs=1 cs=1]
              RenderInline {FONT} at (0,0) size 3x14
                RenderText {#text} at (0,0) size 3x14
                  text run at (0,0) width 3: " "
            RenderTableCell {TD} at (720,182) size 8x14 [bgcolor=#FDFDFB] [r=13 c=92 rs=1 cs=1]
              RenderInline {FONT} at (0,0) size 3x14
                RenderText {#text} at (0,0) size 3x14
                  text run at (0,0) width 3: " "
            RenderTableCell {TD} at (728,182) size 8x14 [bgcolor=#2D3433] [r=13 c=93 rs=1 cs=1]
              RenderInline {FONT} at (0,0) size 3x14
                RenderText {#text} at (0,0) size 3x14
                  text run at (0,0) width 3: " "
            RenderTableCell {TD} at (736,182) size 8x14 [bgcolor=#223C3D] [r=13 c=94 rs=1 cs=1]
              RenderInline {FONT} at (0,0) size 3x14
                RenderText {#text} at (0,0) size 3x14
                  text run at (0,0) width 3: " "
            RenderTableCell {TD} at (744,182) size 8x14 [bgcolor=#5E5F60] [r=13 c=95 rs=1 cs=1]
              RenderInline {FONT} at (0,0) size 3x14
                RenderText {#text} at (0,0) size 3x14
                  text run at (0,0) width 3: " "
            RenderTableCell {TD} at (752,182) size 8x14 [bgcolor=#777878] [r=13 c=96 rs=1 cs=1]
              RenderInline {FONT} at (0,0) size 3x14
                RenderText {#text} at (0,0) size 3x14
                  text run at (0,0) width 3: " "
            RenderTableCell {TD} at (760,182) size 8x14 [bgcolor=#848788] [r=13 c=97 rs=1 cs=1]
              RenderInline {FONT} at (0,0) size 3x14
                RenderText {#text} at (0,0) size 3x14
                  text run at (0,0) width 3: " "
            RenderTableCell {TD} at (768,182) size 8x14 [bgcolor=#777878] [r=13 c=98 rs=1 cs=1]
              RenderInline {FONT} at (0,0) size 3x14
                RenderText {#text} at (0,0) size 3x14
                  text run at (0,0) width 3: " "
            RenderTableCell {TD} at (776,182) size 8x14 [bgcolor=#4D4F4F] [r=13 c=99 rs=1 cs=1]
              RenderInline {FONT} at (0,0) size 3x14
                RenderText {#text} at (0,0) size 3x14
                  text run at (0,0) width 3: " "
          RenderTableRow {TR} at (0,196) size 784x14
            RenderTableCell {TD} at (0,196) size 7x14 [bgcolor=#CADEDD] [r=14 c=0 rs=1 cs=1]
              RenderInline {FONT} at (0,0) size 3x14
                RenderText {#text} at (0,0) size 3x14
                  text run at (0,0) width 3: " "
            RenderTableCell {TD} at (7,196) size 7x14 [bgcolor=#1B8685] [r=14 c=1 rs=1 cs=1]
              RenderInline {FONT} at (0,0) size 3x14
                RenderText {#text} at (0,0) size 3x14
                  text run at (0,0) width 3: " "
            RenderTableCell {TD} at (14,196) size 7x14 [bgcolor=#1B8685] [r=14 c=2 rs=1 cs=1]
              RenderInline {FONT} at (0,0) size 3x14
                RenderText {#text} at (0,0) size 3x14
                  text run at (0,0) width 3: " "
            RenderTableCell {TD} at (21,196) size 7x14 [bgcolor=#287A7A] [r=14 c=3 rs=1 cs=1]
              RenderInline {FONT} at (0,0) size 3x14
                RenderText {#text} at (0,0) size 3x14
                  text run at (0,0) width 3: " "
            RenderTableCell {TD} at (28,196) size 7x14 [bgcolor=#026766] [r=14 c=4 rs=1 cs=1]
              RenderInline {FONT} at (0,0) size 3x14
                RenderText {#text} at (0,0) size 3x14
                  text run at (0,0) width 3: " "
            RenderTableCell {TD} at (35,196) size 7x14 [bgcolor=#044140] [r=14 c=5 rs=1 cs=1]
              RenderInline {FONT} at (0,0) size 3x14
                RenderText {#text} at (0,0) size 3x14
                  text run at (0,0) width 3: " "
            RenderTableCell {TD} at (42,196) size 7x14 [bgcolor=#044140] [r=14 c=6 rs=1 cs=1]
              RenderInline {FONT} at (0,0) size 3x14
                RenderText {#text} at (0,0) size 3x14
                  text run at (0,0) width 3: " "
            RenderTableCell {TD} at (49,196) size 7x14 [bgcolor=#274C4D] [r=14 c=7 rs=1 cs=1]
              RenderInline {FONT} at (0,0) size 3x14
                RenderText {#text} at (0,0) size 3x14
                  text run at (0,0) width 3: " "
            RenderTableCell {TD} at (56,196) size 7x14 [bgcolor=#425A5A] [r=14 c=8 rs=1 cs=1]
              RenderInline {FONT} at (0,0) size 3x14
                RenderText {#text} at (0,0) size 3x14
                  text run at (0,0) width 3: " "
            RenderTableCell {TD} at (63,196) size 7x14 [bgcolor=#647979] [r=14 c=9 rs=1 cs=1]
              RenderInline {FONT} at (0,0) size 3x14
                RenderText {#text} at (0,0) size 3x14
                  text run at (0,0) width 3: " "
            RenderTableCell {TD} at (70,196) size 7x14 [bgcolor=#CECFCF] [r=14 c=10 rs=1 cs=1]
              RenderInline {FONT} at (0,0) size 3x14
                RenderText {#text} at (0,0) size 3x14
                  text run at (0,0) width 3: " "
            RenderTableCell {TD} at (77,196) size 7x14 [bgcolor=#FDFDFB] [r=14 c=11 rs=1 cs=1]
              RenderInline {FONT} at (0,0) size 3x14
                RenderText {#text} at (0,0) size 3x14
                  text run at (0,0) width 3: " "
            RenderTableCell {TD} at (84,196) size 7x14 [bgcolor=#CADEDD] [r=14 c=12 rs=1 cs=1]
              RenderInline {FONT} at (0,0) size 3x14
                RenderText {#text} at (0,0) size 3x14
                  text run at (0,0) width 3: " "
            RenderTableCell {TD} at (91,196) size 7x14 [bgcolor=#044140] [r=14 c=13 rs=1 cs=1]
              RenderInline {FONT} at (0,0) size 3x14
                RenderText {#text} at (0,0) size 3x14
                  text run at (0,0) width 3: " "
            RenderTableCell {TD} at (98,196) size 7x14 [bgcolor=#223C3D] [r=14 c=14 rs=1 cs=1]
              RenderInline {FONT} at (0,0) size 3x14
                RenderText {#text} at (0,0) size 3x14
                  text run at (0,0) width 3: " "
            RenderTableCell {TD} at (105,196) size 7x14 [bgcolor=#848788] [r=14 c=15 rs=1 cs=1]
              RenderInline {FONT} at (0,0) size 3x14
                RenderText {#text} at (0,0) size 3x14
                  text run at (0,0) width 3: " "
            RenderTableCell {TD} at (112,196) size 8x14 [bgcolor=#FDFDFB] [r=14 c=16 rs=1 cs=1]
              RenderInline {FONT} at (0,0) size 3x14
                RenderText {#text} at (0,0) size 3x14
                  text run at (0,0) width 3: " "
            RenderTableCell {TD} at (120,196) size 8x14 [bgcolor=#FDFDFB] [r=14 c=17 rs=1 cs=1]
              RenderInline {FONT} at (0,0) size 3x14
                RenderText {#text} at (0,0) size 3x14
                  text run at (0,0) width 3: " "
            RenderTableCell {TD} at (128,196) size 8x14 [bgcolor=#2D3433] [r=14 c=18 rs=1 cs=1]
              RenderInline {FONT} at (0,0) size 3x14
                RenderText {#text} at (0,0) size 3x14
                  text run at (0,0) width 3: " "
            RenderTableCell {TD} at (136,196) size 8x14 [bgcolor=#1E7A79] [r=14 c=19 rs=1 cs=1]
              RenderInline {FONT} at (0,0) size 3x14
                RenderText {#text} at (0,0) size 3x14
                  text run at (0,0) width 3: " "
            RenderTableCell {TD} at (144,196) size 8x14 [bgcolor=#1B8685] [r=14 c=20 rs=1 cs=1]
              RenderInline {FONT} at (0,0) size 3x14
                RenderText {#text} at (0,0) size 3x14
                  text run at (0,0) width 3: " "
            RenderTableCell {TD} at (152,196) size 8x14 [bgcolor=#EDEEEF] [r=14 c=21 rs=1 cs=1]
              RenderInline {FONT} at (0,0) size 3x14
                RenderText {#text} at (0,0) size 3x14
                  text run at (0,0) width 3: " "
            RenderTableCell {TD} at (160,196) size 8x14 [bgcolor=#FDFDFB] [r=14 c=22 rs=1 cs=1]
              RenderInline {FONT} at (0,0) size 3x14
                RenderText {#text} at (0,0) size 3x14
                  text run at (0,0) width 3: " "
            RenderTableCell {TD} at (168,196) size 8x14 [bgcolor=#777878] [r=14 c=23 rs=1 cs=1]
              RenderInline {FONT} at (0,0) size 3x14
                RenderText {#text} at (0,0) size 3x14
                  text run at (0,0) width 3: " "
            RenderTableCell {TD} at (176,196) size 8x14 [bgcolor=#223C3D] [r=14 c=24 rs=1 cs=1]
              RenderInline {FONT} at (0,0) size 3x14
                RenderText {#text} at (0,0) size 3x14
                  text run at (0,0) width 3: " "
            RenderTableCell {TD} at (184,196) size 8x14 [bgcolor=#072323] [r=14 c=25 rs=1 cs=1]
              RenderInline {FONT} at (0,0) size 3x14
                RenderText {#text} at (0,0) size 3x14
                  text run at (0,0) width 3: " "
            RenderTableCell {TD} at (192,196) size 8x14 [bgcolor=#083131] [r=14 c=26 rs=1 cs=1]
              RenderInline {FONT} at (0,0) size 3x14
                RenderText {#text} at (0,0) size 3x14
                  text run at (0,0) width 3: " "
            RenderTableCell {TD} at (200,196) size 8x14 [bgcolor=#083131] [r=14 c=27 rs=1 cs=1]
              RenderInline {FONT} at (0,0) size 3x14
                RenderText {#text} at (0,0) size 3x14
                  text run at (0,0) width 3: " "
            RenderTableCell {TD} at (208,196) size 8x14 [bgcolor=#044140] [r=14 c=28 rs=1 cs=1]
              RenderInline {FONT} at (0,0) size 3x14
                RenderText {#text} at (0,0) size 3x14
                  text run at (0,0) width 3: " "
            RenderTableCell {TD} at (216,196) size 8x14 [bgcolor=#A2B5B4] [r=14 c=29 rs=1 cs=1]
              RenderInline {FONT} at (0,0) size 3x14
                RenderText {#text} at (0,0) size 3x14
                  text run at (0,0) width 3: " "
            RenderTableCell {TD} at (224,196) size 8x14 [bgcolor=#FDFDFB] [r=14 c=30 rs=1 cs=1]
              RenderInline {FONT} at (0,0) size 3x14
                RenderText {#text} at (0,0) size 3x14
                  text run at (0,0) width 3: " "
            RenderTableCell {TD} at (232,196) size 8x14 [bgcolor=#B4B4B4] [r=14 c=31 rs=1 cs=1]
              RenderInline {FONT} at (0,0) size 3x14
                RenderText {#text} at (0,0) size 3x14
                  text run at (0,0) width 3: " "
            RenderTableCell {TD} at (240,196) size 8x14 [bgcolor=#072323] [r=14 c=32 rs=1 cs=1]
              RenderInline {FONT} at (0,0) size 3x14
                RenderText {#text} at (0,0) size 3x14
                  text run at (0,0) width 3: " "
            RenderTableCell {TD} at (248,196) size 8x14 [bgcolor=#4D4F4F] [r=14 c=33 rs=1 cs=1]
              RenderInline {FONT} at (0,0) size 3x14
                RenderText {#text} at (0,0) size 3x14
                  text run at (0,0) width 3: " "
            RenderTableCell {TD} at (256,196) size 8x14 [bgcolor=#777878] [r=14 c=34 rs=1 cs=1]
              RenderInline {FONT} at (0,0) size 3x14
                RenderText {#text} at (0,0) size 3x14
                  text run at (0,0) width 3: " "
            RenderTableCell {TD} at (264,196) size 8x14 [bgcolor=#939494] [r=14 c=35 rs=1 cs=1]
              RenderInline {FONT} at (0,0) size 3x14
                RenderText {#text} at (0,0) size 3x14
                  text run at (0,0) width 3: " "
            RenderTableCell {TD} at (272,196) size 8x14 [bgcolor=#1B8685] [r=14 c=36 rs=1 cs=1]
              RenderInline {FONT} at (0,0) size 3x14
                RenderText {#text} at (0,0) size 3x14
                  text run at (0,0) width 3: " "
            RenderTableCell {TD} at (280,196) size 8x14 [bgcolor=#025E5E] [r=14 c=37 rs=1 cs=1]
              RenderInline {FONT} at (0,0) size 3x14
                RenderText {#text} at (0,0) size 3x14
                  text run at (0,0) width 3: " "
            RenderTableCell {TD} at (288,196) size 8x14 [bgcolor=#044140] [r=14 c=38 rs=1 cs=1]
              RenderInline {FONT} at (0,0) size 3x14
                RenderText {#text} at (0,0) size 3x14
                  text run at (0,0) width 3: " "
            RenderTableCell {TD} at (296,196) size 8x14 [bgcolor=#044140] [r=14 c=39 rs=1 cs=1]
              RenderInline {FONT} at (0,0) size 3x14
                RenderText {#text} at (0,0) size 3x14
                  text run at (0,0) width 3: " "
            RenderTableCell {TD} at (304,196) size 8x14 [bgcolor=#274C4D] [r=14 c=40 rs=1 cs=1]
              RenderInline {FONT} at (0,0) size 3x14
                RenderText {#text} at (0,0) size 3x14
                  text run at (0,0) width 3: " "
            RenderTableCell {TD} at (312,196) size 8x14 [bgcolor=#527274] [r=14 c=41 rs=1 cs=1]
              RenderInline {FONT} at (0,0) size 3x14
                RenderText {#text} at (0,0) size 3x14
                  text run at (0,0) width 3: " "
            RenderTableCell {TD} at (320,196) size 8x14 [bgcolor=#91A3A3] [r=14 c=42 rs=1 cs=1]
              RenderInline {FONT} at (0,0) size 3x14
                RenderText {#text} at (0,0) size 3x14
                  text run at (0,0) width 3: " "
            RenderTableCell {TD} at (328,196) size 8x14 [bgcolor=#EDEEEF] [r=14 c=43 rs=1 cs=1]
              RenderInline {FONT} at (0,0) size 3x14
                RenderText {#text} at (0,0) size 3x14
                  text run at (0,0) width 3: " "
            RenderTableCell {TD} at (336,196) size 8x14 [bgcolor=#FDFDFB] [r=14 c=44 rs=1 cs=1]
              RenderInline {FONT} at (0,0) size 3x14
                RenderText {#text} at (0,0) size 3x14
                  text run at (0,0) width 3: " "
            RenderTableCell {TD} at (344,196) size 8x14 [bgcolor=#5A8787] [r=14 c=45 rs=1 cs=1]
              RenderInline {FONT} at (0,0) size 3x14
                RenderText {#text} at (0,0) size 3x14
                  text run at (0,0) width 3: " "
            RenderTableCell {TD} at (352,196) size 8x14 [bgcolor=#026766] [r=14 c=46 rs=1 cs=1]
              RenderInline {FONT} at (0,0) size 3x14
                RenderText {#text} at (0,0) size 3x14
                  text run at (0,0) width 3: " "
            RenderTableCell {TD} at (360,196) size 8x14 [bgcolor=#1A6B6A] [r=14 c=47 rs=1 cs=1]
              RenderInline {FONT} at (0,0) size 3x14
                RenderText {#text} at (0,0) size 3x14
                  text run at (0,0) width 3: " "
            RenderTableCell {TD} at (368,196) size 8x14 [bgcolor=#B6D0D1] [r=14 c=48 rs=1 cs=1]
              RenderInline {FONT} at (0,0) size 3x14
                RenderText {#text} at (0,0) size 3x14
                  text run at (0,0) width 3: " "
            RenderTableCell {TD} at (376,196) size 8x14 [bgcolor=#FDFDFB] [r=14 c=49 rs=1 cs=1]
              RenderInline {FONT} at (0,0) size 3x14
                RenderText {#text} at (0,0) size 3x14
                  text run at (0,0) width 3: " "
            RenderTableCell {TD} at (384,196) size 8x14 [bgcolor=#848788] [r=14 c=50 rs=1 cs=1]
              RenderInline {FONT} at (0,0) size 3x14
                RenderText {#text} at (0,0) size 3x14
                  text run at (0,0) width 3: " "
            RenderTableCell {TD} at (392,196) size 8x14 [bgcolor=#072323] [r=14 c=51 rs=1 cs=1]
              RenderInline {FONT} at (0,0) size 3x14
                RenderText {#text} at (0,0) size 3x14
                  text run at (0,0) width 3: " "
            RenderTableCell {TD} at (400,196) size 8x14 [bgcolor=#3D4242] [r=14 c=52 rs=1 cs=1]
              RenderInline {FONT} at (0,0) size 3x14
                RenderText {#text} at (0,0) size 3x14
                  text run at (0,0) width 3: " "
            RenderTableCell {TD} at (408,196) size 8x14 [bgcolor=#696A69] [r=14 c=53 rs=1 cs=1]
              RenderInline {FONT} at (0,0) size 3x14
                RenderText {#text} at (0,0) size 3x14
                  text run at (0,0) width 3: " "
            RenderTableCell {TD} at (416,196) size 8x14 [bgcolor=#848788] [r=14 c=54 rs=1 cs=1]
              RenderInline {FONT} at (0,0) size 3x14
                RenderText {#text} at (0,0) size 3x14
                  text run at (0,0) width 3: " "
            RenderTableCell {TD} at (424,196) size 8x14 [bgcolor=#939494] [r=14 c=55 rs=1 cs=1]
              RenderInline {FONT} at (0,0) size 3x14
                RenderText {#text} at (0,0) size 3x14
                  text run at (0,0) width 3: " "
            RenderTableCell {TD} at (432,196) size 8x14 [bgcolor=#B4B4B4] [r=14 c=56 rs=1 cs=1]
              RenderInline {FONT} at (0,0) size 3x14
                RenderText {#text} at (0,0) size 3x14
                  text run at (0,0) width 3: " "
            RenderTableCell {TD} at (440,196) size 8x14 [bgcolor=#FDFDFB] [r=14 c=57 rs=1 cs=1]
              RenderInline {FONT} at (0,0) size 3x14
                RenderText {#text} at (0,0) size 3x14
                  text run at (0,0) width 3: " "
            RenderTableCell {TD} at (448,196) size 8x14 [bgcolor=#FDFDFB] [r=14 c=58 rs=1 cs=1]
              RenderInline {FONT} at (0,0) size 3x14
                RenderText {#text} at (0,0) size 3x14
                  text run at (0,0) width 3: " "
            RenderTableCell {TD} at (456,196) size 8x14 [bgcolor=#2D3433] [r=14 c=59 rs=1 cs=1]
              RenderInline {FONT} at (0,0) size 3x14
                RenderText {#text} at (0,0) size 3x14
                  text run at (0,0) width 3: " "
            RenderTableCell {TD} at (464,196) size 8x14 [bgcolor=#1E7A79] [r=14 c=60 rs=1 cs=1]
              RenderInline {FONT} at (0,0) size 3x14
                RenderText {#text} at (0,0) size 3x14
                  text run at (0,0) width 3: " "
            RenderTableCell {TD} at (472,196) size 8x14 [bgcolor=#60A2A3] [r=14 c=61 rs=1 cs=1]
              RenderInline {FONT} at (0,0) size 3x14
                RenderText {#text} at (0,0) size 3x14
                  text run at (0,0) width 3: " "
            RenderTableCell {TD} at (480,196) size 8x14 [bgcolor=#FDFDFB] [r=14 c=62 rs=1 cs=1]
              RenderInline {FONT} at (0,0) size 3x14
                RenderText {#text} at (0,0) size 3x14
                  text run at (0,0) width 3: " "
            RenderTableCell {TD} at (488,196) size 8x14 [bgcolor=#E0EAE9] [r=14 c=63 rs=1 cs=1]
              RenderInline {FONT} at (0,0) size 3x14
                RenderText {#text} at (0,0) size 3x14
                  text run at (0,0) width 3: " "
            RenderTableCell {TD} at (496,196) size 8x14 [bgcolor=#044140] [r=14 c=64 rs=1 cs=1]
              RenderInline {FONT} at (0,0) size 3x14
                RenderText {#text} at (0,0) size 3x14
                  text run at (0,0) width 3: " "
            RenderTableCell {TD} at (504,196) size 8x14 [bgcolor=#026766] [r=14 c=65 rs=1 cs=1]
              RenderInline {FONT} at (0,0) size 3x14
                RenderText {#text} at (0,0) size 3x14
                  text run at (0,0) width 3: " "
            RenderTableCell {TD} at (512,196) size 8x14 [bgcolor=#026766] [r=14 c=66 rs=1 cs=1]
              RenderInline {FONT} at (0,0) size 3x14
                RenderText {#text} at (0,0) size 3x14
                  text run at (0,0) width 3: " "
            RenderTableCell {TD} at (520,196) size 8x14 [bgcolor=#026766] [r=14 c=67 rs=1 cs=1]
              RenderInline {FONT} at (0,0) size 3x14
                RenderText {#text} at (0,0) size 3x14
                  text run at (0,0) width 3: " "
            RenderTableCell {TD} at (528,196) size 8x14 [bgcolor=#026766] [r=14 c=68 rs=1 cs=1]
              RenderInline {FONT} at (0,0) size 3x14
                RenderText {#text} at (0,0) size 3x14
                  text run at (0,0) width 3: " "
            RenderTableCell {TD} at (536,196) size 8x14 [bgcolor=#026766] [r=14 c=69 rs=1 cs=1]
              RenderInline {FONT} at (0,0) size 3x14
                RenderText {#text} at (0,0) size 3x14
                  text run at (0,0) width 3: " "
            RenderTableCell {TD} at (544,196) size 8x14 [bgcolor=#287A7A] [r=14 c=70 rs=1 cs=1]
              RenderInline {FONT} at (0,0) size 3x14
                RenderText {#text} at (0,0) size 3x14
                  text run at (0,0) width 3: " "
            RenderTableCell {TD} at (552,196) size 8x14 [bgcolor=#E0EAE9] [r=14 c=71 rs=1 cs=1]
              RenderInline {FONT} at (0,0) size 3x14
                RenderText {#text} at (0,0) size 3x14
                  text run at (0,0) width 3: " "
            RenderTableCell {TD} at (560,196) size 8x14 [bgcolor=#FDFDFB] [r=14 c=72 rs=1 cs=1]
              RenderInline {FONT} at (0,0) size 3x14
                RenderText {#text} at (0,0) size 3x14
                  text run at (0,0) width 3: " "
            RenderTableCell {TD} at (568,196) size 8x14 [bgcolor=#4D4F4F] [r=14 c=73 rs=1 cs=1]
              RenderInline {FONT} at (0,0) size 3x14
                RenderText {#text} at (0,0) size 3x14
                  text run at (0,0) width 3: " "
            RenderTableCell {TD} at (576,196) size 8x14 [bgcolor=#5E5F60] [r=14 c=74 rs=1 cs=1]
              RenderInline {FONT} at (0,0) size 3x14
                RenderText {#text} at (0,0) size 3x14
                  text run at (0,0) width 3: " "
            RenderTableCell {TD} at (584,196) size 8x14 [bgcolor=#A5A6A6] [r=14 c=75 rs=1 cs=1]
              RenderInline {FONT} at (0,0) size 3x14
                RenderText {#text} at (0,0) size 3x14
                  text run at (0,0) width 3: " "
            RenderTableCell {TD} at (592,196) size 8x14 [bgcolor=#FDFDFB] [r=14 c=76 rs=1 cs=1]
              RenderInline {FONT} at (0,0) size 3x14
                RenderText {#text} at (0,0) size 3x14
                  text run at (0,0) width 3: " "
            RenderTableCell {TD} at (600,196) size 8x14 [bgcolor=#DEDFDF] [r=14 c=77 rs=1 cs=1]
              RenderInline {FONT} at (0,0) size 3x14
                RenderText {#text} at (0,0) size 3x14
                  text run at (0,0) width 3: " "
            RenderTableCell {TD} at (608,196) size 8x14 [bgcolor=#396B6A] [r=14 c=78 rs=1 cs=1]
              RenderInline {FONT} at (0,0) size 3x14
                RenderText {#text} at (0,0) size 3x14
                  text run at (0,0) width 3: " "
            RenderTableCell {TD} at (616,196) size 8x14 [bgcolor=#027777] [r=14 c=79 rs=1 cs=1]
              RenderInline {FONT} at (0,0) size 3x14
                RenderText {#text} at (0,0) size 3x14
                  text run at (0,0) width 3: " "
            RenderTableCell {TD} at (624,196) size 8x14 [bgcolor=#026766] [r=14 c=80 rs=1 cs=1]
              RenderInline {FONT} at (0,0) size 3x14
                RenderText {#text} at (0,0) size 3x14
                  text run at (0,0) width 3: " "
            RenderTableCell {TD} at (632,196) size 8x14 [bgcolor=#026766] [r=14 c=81 rs=1 cs=1]
              RenderInline {FONT} at (0,0) size 3x14
                RenderText {#text} at (0,0) size 3x14
                  text run at (0,0) width 3: " "
            RenderTableCell {TD} at (640,196) size 8x14 [bgcolor=#026766] [r=14 c=82 rs=1 cs=1]
              RenderInline {FONT} at (0,0) size 3x14
                RenderText {#text} at (0,0) size 3x14
                  text run at (0,0) width 3: " "
            RenderTableCell {TD} at (648,196) size 8x14 [bgcolor=#026766] [r=14 c=83 rs=1 cs=1]
              RenderInline {FONT} at (0,0) size 3x14
                RenderText {#text} at (0,0) size 3x14
                  text run at (0,0) width 3: " "
            RenderTableCell {TD} at (656,196) size 8x14 [bgcolor=#026766] [r=14 c=84 rs=1 cs=1]
              RenderInline {FONT} at (0,0) size 3x14
                RenderText {#text} at (0,0) size 3x14
                  text run at (0,0) width 3: " "
            RenderTableCell {TD} at (664,196) size 8x14 [bgcolor=#7CAEAF] [r=14 c=85 rs=1 cs=1]
              RenderInline {FONT} at (0,0) size 3x14
                RenderText {#text} at (0,0) size 3x14
                  text run at (0,0) width 3: " "
            RenderTableCell {TD} at (672,196) size 8x14 [bgcolor=#FDFDFB] [r=14 c=86 rs=1 cs=1]
              RenderInline {FONT} at (0,0) size 3x14
                RenderText {#text} at (0,0) size 3x14
                  text run at (0,0) width 3: " "
            RenderTableCell {TD} at (680,196) size 8x14 [bgcolor=#BEC2C2] [r=14 c=87 rs=1 cs=1]
              RenderInline {FONT} at (0,0) size 3x14
                RenderText {#text} at (0,0) size 3x14
                  text run at (0,0) width 3: " "
            RenderTableCell {TD} at (688,196) size 8x14 [bgcolor=#223C3D] [r=14 c=88 rs=1 cs=1]
              RenderInline {FONT} at (0,0) size 3x14
                RenderText {#text} at (0,0) size 3x14
                  text run at (0,0) width 3: " "
            RenderTableCell {TD} at (696,196) size 8x14 [bgcolor=#026766] [r=14 c=89 rs=1 cs=1]
              RenderInline {FONT} at (0,0) size 3x14
                RenderText {#text} at (0,0) size 3x14
                  text run at (0,0) width 3: " "
            RenderTableCell {TD} at (704,196) size 8x14 [bgcolor=#338686] [r=14 c=90 rs=1 cs=1]
              RenderInline {FONT} at (0,0) size 3x14
                RenderText {#text} at (0,0) size 3x14
                  text run at (0,0) width 3: " "
            RenderTableCell {TD} at (712,196) size 8x14 [bgcolor=#EDEEEF] [r=14 c=91 rs=1 cs=1]
              RenderInline {FONT} at (0,0) size 3x14
                RenderText {#text} at (0,0) size 3x14
                  text run at (0,0) width 3: " "
            RenderTableCell {TD} at (720,196) size 8x14 [bgcolor=#FDFDFB] [r=14 c=92 rs=1 cs=1]
              RenderInline {FONT} at (0,0) size 3x14
                RenderText {#text} at (0,0) size 3x14
                  text run at (0,0) width 3: " "
            RenderTableCell {TD} at (728,196) size 8x14 [bgcolor=#2D3433] [r=14 c=93 rs=1 cs=1]
              RenderInline {FONT} at (0,0) size 3x14
                RenderText {#text} at (0,0) size 3x14
                  text run at (0,0) width 3: " "
            RenderTableCell {TD} at (736,196) size 8x14 [bgcolor=#223C3D] [r=14 c=94 rs=1 cs=1]
              RenderInline {FONT} at (0,0) size 3x14
                RenderText {#text} at (0,0) size 3x14
                  text run at (0,0) width 3: " "
            RenderTableCell {TD} at (744,196) size 8x14 [bgcolor=#5E5F60] [r=14 c=95 rs=1 cs=1]
              RenderInline {FONT} at (0,0) size 3x14
                RenderText {#text} at (0,0) size 3x14
                  text run at (0,0) width 3: " "
            RenderTableCell {TD} at (752,196) size 8x14 [bgcolor=#777878] [r=14 c=96 rs=1 cs=1]
              RenderInline {FONT} at (0,0) size 3x14
                RenderText {#text} at (0,0) size 3x14
                  text run at (0,0) width 3: " "
            RenderTableCell {TD} at (760,196) size 8x14 [bgcolor=#848788] [r=14 c=97 rs=1 cs=1]
              RenderInline {FONT} at (0,0) size 3x14
                RenderText {#text} at (0,0) size 3x14
                  text run at (0,0) width 3: " "
            RenderTableCell {TD} at (768,196) size 8x14 [bgcolor=#777878] [r=14 c=98 rs=1 cs=1]
              RenderInline {FONT} at (0,0) size 3x14
                RenderText {#text} at (0,0) size 3x14
                  text run at (0,0) width 3: " "
            RenderTableCell {TD} at (776,196) size 8x14 [bgcolor=#4D4F4F] [r=14 c=99 rs=1 cs=1]
              RenderInline {FONT} at (0,0) size 3x14
                RenderText {#text} at (0,0) size 3x14
                  text run at (0,0) width 3: " "
          RenderTableRow {TR} at (0,210) size 784x14
            RenderTableCell {TD} at (0,210) size 7x14 [bgcolor=#E0EAE9] [r=15 c=0 rs=1 cs=1]
              RenderInline {FONT} at (0,0) size 3x14
                RenderText {#text} at (0,0) size 3x14
                  text run at (0,0) width 3: " "
            RenderTableCell {TD} at (7,210) size 7x14 [bgcolor=#469191] [r=15 c=1 rs=1 cs=1]
              RenderInline {FONT} at (0,0) size 3x14
                RenderText {#text} at (0,0) size 3x14
                  text run at (0,0) width 3: " "
            RenderTableCell {TD} at (14,210) size 7x14 [bgcolor=#A4CCCC] [r=15 c=2 rs=1 cs=1]
              RenderInline {FONT} at (0,0) size 3x14
                RenderText {#text} at (0,0) size 3x14
                  text run at (0,0) width 3: " "
            RenderTableCell {TD} at (21,210) size 7x14 [bgcolor=#E0EAE9] [r=15 c=3 rs=1 cs=1]
              RenderInline {FONT} at (0,0) size 3x14
                RenderText {#text} at (0,0) size 3x14
                  text run at (0,0) width 3: " "
            RenderTableCell {TD} at (28,210) size 7x14 [bgcolor=#7CAEAF] [r=15 c=4 rs=1 cs=1]
              RenderInline {FONT} at (0,0) size 3x14
                RenderText {#text} at (0,0) size 3x14
                  text run at (0,0) width 3: " "
            RenderTableCell {TD} at (35,210) size 7x14 [bgcolor=#026766] [r=15 c=5 rs=1 cs=1]
              RenderInline {FONT} at (0,0) size 3x14
                RenderText {#text} at (0,0) size 3x14
                  text run at (0,0) width 3: " "
            RenderTableCell {TD} at (42,210) size 7x14 [bgcolor=#026766] [r=15 c=6 rs=1 cs=1]
              RenderInline {FONT} at (0,0) size 3x14
                RenderText {#text} at (0,0) size 3x14
                  text run at (0,0) width 3: " "
            RenderTableCell {TD} at (49,210) size 7x14 [bgcolor=#025E5E] [r=15 c=7 rs=1 cs=1]
              RenderInline {FONT} at (0,0) size 3x14
                RenderText {#text} at (0,0) size 3x14
                  text run at (0,0) width 3: " "
            RenderTableCell {TD} at (56,210) size 7x14 [bgcolor=#025E5E] [r=15 c=8 rs=1 cs=1]
              RenderInline {FONT} at (0,0) size 3x14
                RenderText {#text} at (0,0) size 3x14
                  text run at (0,0) width 3: " "
            RenderTableCell {TD} at (63,210) size 7x14 [bgcolor=#025E5E] [r=15 c=9 rs=1 cs=1]
              RenderInline {FONT} at (0,0) size 3x14
                RenderText {#text} at (0,0) size 3x14
                  text run at (0,0) width 3: " "
            RenderTableCell {TD} at (70,210) size 7x14 [bgcolor=#72A3A1] [r=15 c=10 rs=1 cs=1]
              RenderInline {FONT} at (0,0) size 3x14
                RenderText {#text} at (0,0) size 3x14
                  text run at (0,0) width 3: " "
            RenderTableCell {TD} at (77,210) size 7x14 [bgcolor=#FDFDFB] [r=15 c=11 rs=1 cs=1]
              RenderInline {FONT} at (0,0) size 3x14
                RenderText {#text} at (0,0) size 3x14
                  text run at (0,0) width 3: " "
            RenderTableCell {TD} at (84,210) size 7x14 [bgcolor=#EDEEEF] [r=15 c=12 rs=1 cs=1]
              RenderInline {FONT} at (0,0) size 3x14
                RenderText {#text} at (0,0) size 3x14
                  text run at (0,0) width 3: " "
            RenderTableCell {TD} at (91,210) size 7x14 [bgcolor=#072323] [r=15 c=13 rs=1 cs=1]
              RenderInline {FONT} at (0,0) size 3x14
                RenderText {#text} at (0,0) size 3x14
                  text run at (0,0) width 3: " "
            RenderTableCell {TD} at (98,210) size 7x14 [bgcolor=#223C3D] [r=15 c=14 rs=1 cs=1]
              RenderInline {FONT} at (0,0) size 3x14
                RenderText {#text} at (0,0) size 3x14
                  text run at (0,0) width 3: " "
            RenderTableCell {TD} at (105,210) size 7x14 [bgcolor=#848788] [r=15 c=15 rs=1 cs=1]
              RenderInline {FONT} at (0,0) size 3x14
                RenderText {#text} at (0,0) size 3x14
                  text run at (0,0) width 3: " "
            RenderTableCell {TD} at (112,210) size 8x14 [bgcolor=#FDFDFB] [r=15 c=16 rs=1 cs=1]
              RenderInline {FONT} at (0,0) size 3x14
                RenderText {#text} at (0,0) size 3x14
                  text run at (0,0) width 3: " "
            RenderTableCell {TD} at (120,210) size 8x14 [bgcolor=#FDFDFB] [r=15 c=17 rs=1 cs=1]
              RenderInline {FONT} at (0,0) size 3x14
                RenderText {#text} at (0,0) size 3x14
                  text run at (0,0) width 3: " "
            RenderTableCell {TD} at (128,210) size 8x14 [bgcolor=#2D3433] [r=15 c=18 rs=1 cs=1]
              RenderInline {FONT} at (0,0) size 3x14
                RenderText {#text} at (0,0) size 3x14
                  text run at (0,0) width 3: " "
            RenderTableCell {TD} at (136,210) size 8x14 [bgcolor=#1E7A79] [r=15 c=19 rs=1 cs=1]
              RenderInline {FONT} at (0,0) size 3x14
                RenderText {#text} at (0,0) size 3x14
                  text run at (0,0) width 3: " "
            RenderTableCell {TD} at (144,210) size 8x14 [bgcolor=#44A3A2] [r=15 c=20 rs=1 cs=1]
              RenderInline {FONT} at (0,0) size 3x14
                RenderText {#text} at (0,0) size 3x14
                  text run at (0,0) width 3: " "
            RenderTableCell {TD} at (152,210) size 8x14 [bgcolor=#FDFDFB] [r=15 c=21 rs=1 cs=1]
              RenderInline {FONT} at (0,0) size 3x14
                RenderText {#text} at (0,0) size 3x14
                  text run at (0,0) width 3: " "
            RenderTableCell {TD} at (160,210) size 8x14 [bgcolor=#FDFDFB] [r=15 c=22 rs=1 cs=1]
              RenderInline {FONT} at (0,0) size 3x14
                RenderText {#text} at (0,0) size 3x14
                  text run at (0,0) width 3: " "
            RenderTableCell {TD} at (168,210) size 8x14 [bgcolor=#223C3D] [r=15 c=23 rs=1 cs=1]
              RenderInline {FONT} at (0,0) size 3x14
                RenderText {#text} at (0,0) size 3x14
                  text run at (0,0) width 3: " "
            RenderTableCell {TD} at (176,210) size 8x14 [bgcolor=#025E5E] [r=15 c=24 rs=1 cs=1]
              RenderInline {FONT} at (0,0) size 3x14
                RenderText {#text} at (0,0) size 3x14
                  text run at (0,0) width 3: " "
            RenderTableCell {TD} at (184,210) size 8x14 [bgcolor=#025E5E] [r=15 c=25 rs=1 cs=1]
              RenderInline {FONT} at (0,0) size 3x14
                RenderText {#text} at (0,0) size 3x14
                  text run at (0,0) width 3: " "
            RenderTableCell {TD} at (192,210) size 8x14 [bgcolor=#026766] [r=15 c=26 rs=1 cs=1]
              RenderInline {FONT} at (0,0) size 3x14
                RenderText {#text} at (0,0) size 3x14
                  text run at (0,0) width 3: " "
            RenderTableCell {TD} at (200,210) size 8x14 [bgcolor=#026766] [r=15 c=27 rs=1 cs=1]
              RenderInline {FONT} at (0,0) size 3x14
                RenderText {#text} at (0,0) size 3x14
                  text run at (0,0) width 3: " "
            RenderTableCell {TD} at (208,210) size 8x14 [bgcolor=#338686] [r=15 c=28 rs=1 cs=1]
              RenderInline {FONT} at (0,0) size 3x14
                RenderText {#text} at (0,0) size 3x14
                  text run at (0,0) width 3: " "
            RenderTableCell {TD} at (216,210) size 8x14 [bgcolor=#E0EAE9] [r=15 c=29 rs=1 cs=1]
              RenderInline {FONT} at (0,0) size 3x14
                RenderText {#text} at (0,0) size 3x14
                  text run at (0,0) width 3: " "
            RenderTableCell {TD} at (224,210) size 8x14 [bgcolor=#FDFDFB] [r=15 c=30 rs=1 cs=1]
              RenderInline {FONT} at (0,0) size 3x14
                RenderText {#text} at (0,0) size 3x14
                  text run at (0,0) width 3: " "
            RenderTableCell {TD} at (232,210) size 8x14 [bgcolor=#B4B4B4] [r=15 c=31 rs=1 cs=1]
              RenderInline {FONT} at (0,0) size 3x14
                RenderText {#text} at (0,0) size 3x14
                  text run at (0,0) width 3: " "
            RenderTableCell {TD} at (240,210) size 8x14 [bgcolor=#1C2524] [r=15 c=32 rs=1 cs=1]
              RenderInline {FONT} at (0,0) size 3x14
                RenderText {#text} at (0,0) size 3x14
                  text run at (0,0) width 3: " "
            RenderTableCell {TD} at (248,210) size 8x14 [bgcolor=#4D4F4F] [r=15 c=33 rs=1 cs=1]
              RenderInline {FONT} at (0,0) size 3x14
                RenderText {#text} at (0,0) size 3x14
                  text run at (0,0) width 3: " "
            RenderTableCell {TD} at (256,210) size 8x14 [bgcolor=#939494] [r=15 c=34 rs=1 cs=1]
              RenderInline {FONT} at (0,0) size 3x14
                RenderText {#text} at (0,0) size 3x14
                  text run at (0,0) width 3: " "
            RenderTableCell {TD} at (264,210) size 8x14 [bgcolor=#EDEEEF] [r=15 c=35 rs=1 cs=1]
              RenderInline {FONT} at (0,0) size 3x14
                RenderText {#text} at (0,0) size 3x14
                  text run at (0,0) width 3: " "
            RenderTableCell {TD} at (272,210) size 8x14 [bgcolor=#CADEDD] [r=15 c=36 rs=1 cs=1]
              RenderInline {FONT} at (0,0) size 3x14
                RenderText {#text} at (0,0) size 3x14
                  text run at (0,0) width 3: " "
            RenderTableCell {TD} at (280,210) size 8x14 [bgcolor=#338686] [r=15 c=37 rs=1 cs=1]
              RenderInline {FONT} at (0,0) size 3x14
                RenderText {#text} at (0,0) size 3x14
                  text run at (0,0) width 3: " "
            RenderTableCell {TD} at (288,210) size 8x14 [bgcolor=#026766] [r=15 c=38 rs=1 cs=1]
              RenderInline {FONT} at (0,0) size 3x14
                RenderText {#text} at (0,0) size 3x14
                  text run at (0,0) width 3: " "
            RenderTableCell {TD} at (296,210) size 8x14 [bgcolor=#026766] [r=15 c=39 rs=1 cs=1]
              RenderInline {FONT} at (0,0) size 3x14
                RenderText {#text} at (0,0) size 3x14
                  text run at (0,0) width 3: " "
            RenderTableCell {TD} at (304,210) size 8x14 [bgcolor=#025E5E] [r=15 c=40 rs=1 cs=1]
              RenderInline {FONT} at (0,0) size 3x14
                RenderText {#text} at (0,0) size 3x14
                  text run at (0,0) width 3: " "
            RenderTableCell {TD} at (312,210) size 8x14 [bgcolor=#025E5E] [r=15 c=41 rs=1 cs=1]
              RenderInline {FONT} at (0,0) size 3x14
                RenderText {#text} at (0,0) size 3x14
                  text run at (0,0) width 3: " "
            RenderTableCell {TD} at (320,210) size 8x14 [bgcolor=#1A6B6A] [r=15 c=42 rs=1 cs=1]
              RenderInline {FONT} at (0,0) size 3x14
                RenderText {#text} at (0,0) size 3x14
                  text run at (0,0) width 3: " "
            RenderTableCell {TD} at (328,210) size 8x14 [bgcolor=#CADEDD] [r=15 c=43 rs=1 cs=1]
              RenderInline {FONT} at (0,0) size 3x14
                RenderText {#text} at (0,0) size 3x14
                  text run at (0,0) width 3: " "
            RenderTableCell {TD} at (336,210) size 8x14 [bgcolor=#FDFDFB] [r=15 c=44 rs=1 cs=1]
              RenderInline {FONT} at (0,0) size 3x14
                RenderText {#text} at (0,0) size 3x14
                  text run at (0,0) width 3: " "
            RenderTableCell {TD} at (344,210) size 8x14 [bgcolor=#777878] [r=15 c=45 rs=1 cs=1]
              RenderInline {FONT} at (0,0) size 3x14
                RenderText {#text} at (0,0) size 3x14
                  text run at (0,0) width 3: " "
            RenderTableCell {TD} at (352,210) size 8x14 [bgcolor=#044F4F] [r=15 c=46 rs=1 cs=1]
              RenderInline {FONT} at (0,0) size 3x14
                RenderText {#text} at (0,0) size 3x14
                  text run at (0,0) width 3: " "
            RenderTableCell {TD} at (360,210) size 8x14 [bgcolor=#1A6B6A] [r=15 c=47 rs=1 cs=1]
              RenderInline {FONT} at (0,0) size 3x14
                RenderText {#text} at (0,0) size 3x14
                  text run at (0,0) width 3: " "
            RenderTableCell {TD} at (368,210) size 8x14 [bgcolor=#B6D0D1] [r=15 c=48 rs=1 cs=1]
              RenderInline {FONT} at (0,0) size 3x14
                RenderText {#text} at (0,0) size 3x14
                  text run at (0,0) width 3: " "
            RenderTableCell {TD} at (376,210) size 8x14 [bgcolor=#FDFDFB] [r=15 c=49 rs=1 cs=1]
              RenderInline {FONT} at (0,0) size 3x14
                RenderText {#text} at (0,0) size 3x14
                  text run at (0,0) width 3: " "
            RenderTableCell {TD} at (384,210) size 8x14 [bgcolor=#848788] [r=15 c=50 rs=1 cs=1]
              RenderInline {FONT} at (0,0) size 3x14
                RenderText {#text} at (0,0) size 3x14
                  text run at (0,0) width 3: " "
            RenderTableCell {TD} at (392,210) size 8x14 [bgcolor=#072323] [r=15 c=51 rs=1 cs=1]
              RenderInline {FONT} at (0,0) size 3x14
                RenderText {#text} at (0,0) size 3x14
                  text run at (0,0) width 3: " "
            RenderTableCell {TD} at (400,210) size 8x14 [bgcolor=#3D4242] [r=15 c=52 rs=1 cs=1]
              RenderInline {FONT} at (0,0) size 3x14
                RenderText {#text} at (0,0) size 3x14
                  text run at (0,0) width 3: " "
            RenderTableCell {TD} at (408,210) size 8x14 [bgcolor=#696A69] [r=15 c=53 rs=1 cs=1]
              RenderInline {FONT} at (0,0) size 3x14
                RenderText {#text} at (0,0) size 3x14
                  text run at (0,0) width 3: " "
            RenderTableCell {TD} at (416,210) size 8x14 [bgcolor=#848788] [r=15 c=54 rs=1 cs=1]
              RenderInline {FONT} at (0,0) size 3x14
                RenderText {#text} at (0,0) size 3x14
                  text run at (0,0) width 3: " "
            RenderTableCell {TD} at (424,210) size 8x14 [bgcolor=#939494] [r=15 c=55 rs=1 cs=1]
              RenderInline {FONT} at (0,0) size 3x14
                RenderText {#text} at (0,0) size 3x14
                  text run at (0,0) width 3: " "
            RenderTableCell {TD} at (432,210) size 8x14 [bgcolor=#B4B4B4] [r=15 c=56 rs=1 cs=1]
              RenderInline {FONT} at (0,0) size 3x14
                RenderText {#text} at (0,0) size 3x14
                  text run at (0,0) width 3: " "
            RenderTableCell {TD} at (440,210) size 8x14 [bgcolor=#FDFDFB] [r=15 c=57 rs=1 cs=1]
              RenderInline {FONT} at (0,0) size 3x14
                RenderText {#text} at (0,0) size 3x14
                  text run at (0,0) width 3: " "
            RenderTableCell {TD} at (448,210) size 8x14 [bgcolor=#FDFDFB] [r=15 c=58 rs=1 cs=1]
              RenderInline {FONT} at (0,0) size 3x14
                RenderText {#text} at (0,0) size 3x14
                  text run at (0,0) width 3: " "
            RenderTableCell {TD} at (456,210) size 8x14 [bgcolor=#2D3433] [r=15 c=59 rs=1 cs=1]
              RenderInline {FONT} at (0,0) size 3x14
                RenderText {#text} at (0,0) size 3x14
                  text run at (0,0) width 3: " "
            RenderTableCell {TD} at (464,210) size 8x14 [bgcolor=#287A7A] [r=15 c=60 rs=1 cs=1]
              RenderInline {FONT} at (0,0) size 3x14
                RenderText {#text} at (0,0) size 3x14
                  text run at (0,0) width 3: " "
            RenderTableCell {TD} at (472,210) size 8x14 [bgcolor=#027777] [r=15 c=61 rs=1 cs=1]
              RenderInline {FONT} at (0,0) size 3x14
                RenderText {#text} at (0,0) size 3x14
                  text run at (0,0) width 3: " "
            RenderTableCell {TD} at (480,210) size 8x14 [bgcolor=#B6D8D7] [r=15 c=62 rs=1 cs=1]
              RenderInline {FONT} at (0,0) size 3x14
                RenderText {#text} at (0,0) size 3x14
                  text run at (0,0) width 3: " "
            RenderTableCell {TD} at (488,210) size 8x14 [bgcolor=#FDFDFB] [r=15 c=63 rs=1 cs=1]
              RenderInline {FONT} at (0,0) size 3x14
                RenderText {#text} at (0,0) size 3x14
                  text run at (0,0) width 3: " "
            RenderTableCell {TD} at (496,210) size 8x14 [bgcolor=#91A3A3] [r=15 c=64 rs=1 cs=1]
              RenderInline {FONT} at (0,0) size 3x14
                RenderText {#text} at (0,0) size 3x14
                  text run at (0,0) width 3: " "
            RenderTableCell {TD} at (504,210) size 8x14 [bgcolor=#1A6B6A] [r=15 c=65 rs=1 cs=1]
              RenderInline {FONT} at (0,0) size 3x14
                RenderText {#text} at (0,0) size 3x14
                  text run at (0,0) width 3: " "
            RenderTableCell {TD} at (512,210) size 8x14 [bgcolor=#026766] [r=15 c=66 rs=1 cs=1]
              RenderInline {FONT} at (0,0) size 3x14
                RenderText {#text} at (0,0) size 3x14
                  text run at (0,0) width 3: " "
            RenderTableCell {TD} at (520,210) size 8x14 [bgcolor=#026766] [r=15 c=67 rs=1 cs=1]
              RenderInline {FONT} at (0,0) size 3x14
                RenderText {#text} at (0,0) size 3x14
                  text run at (0,0) width 3: " "
            RenderTableCell {TD} at (528,210) size 8x14 [bgcolor=#026766] [r=15 c=68 rs=1 cs=1]
              RenderInline {FONT} at (0,0) size 3x14
                RenderText {#text} at (0,0) size 3x14
                  text run at (0,0) width 3: " "
            RenderTableCell {TD} at (536,210) size 8x14 [bgcolor=#1A6B6A] [r=15 c=69 rs=1 cs=1]
              RenderInline {FONT} at (0,0) size 3x14
                RenderText {#text} at (0,0) size 3x14
                  text run at (0,0) width 3: " "
            RenderTableCell {TD} at (544,210) size 8x14 [bgcolor=#8DB7B6] [r=15 c=70 rs=1 cs=1]
              RenderInline {FONT} at (0,0) size 3x14
                RenderText {#text} at (0,0) size 3x14
                  text run at (0,0) width 3: " "
            RenderTableCell {TD} at (552,210) size 8x14 [bgcolor=#FDFDFB] [r=15 c=71 rs=1 cs=1]
              RenderInline {FONT} at (0,0) size 3x14
                RenderText {#text} at (0,0) size 3x14
                  text run at (0,0) width 3: " "
            RenderTableCell {TD} at (560,210) size 8x14 [bgcolor=#FDFDFB] [r=15 c=72 rs=1 cs=1]
              RenderInline {FONT} at (0,0) size 3x14
                RenderText {#text} at (0,0) size 3x14
                  text run at (0,0) width 3: " "
            RenderTableCell {TD} at (568,210) size 8x14 [bgcolor=#4D4F4F] [r=15 c=73 rs=1 cs=1]
              RenderInline {FONT} at (0,0) size 3x14
                RenderText {#text} at (0,0) size 3x14
                  text run at (0,0) width 3: " "
            RenderTableCell {TD} at (576,210) size 8x14 [bgcolor=#5E5F60] [r=15 c=74 rs=1 cs=1]
              RenderInline {FONT} at (0,0) size 3x14
                RenderText {#text} at (0,0) size 3x14
                  text run at (0,0) width 3: " "
            RenderTableCell {TD} at (584,210) size 8x14 [bgcolor=#848788] [r=15 c=75 rs=1 cs=1]
              RenderInline {FONT} at (0,0) size 3x14
                RenderText {#text} at (0,0) size 3x14
                  text run at (0,0) width 3: " "
            RenderTableCell {TD} at (592,210) size 8x14 [bgcolor=#CECFCF] [r=15 c=76 rs=1 cs=1]
              RenderInline {FONT} at (0,0) size 3x14
                RenderText {#text} at (0,0) size 3x14
                  text run at (0,0) width 3: " "
            RenderTableCell {TD} at (600,210) size 8x14 [bgcolor=#FDFDFB] [r=15 c=77 rs=1 cs=1]
              RenderInline {FONT} at (0,0) size 3x14
                RenderText {#text} at (0,0) size 3x14
                  text run at (0,0) width 3: " "
            RenderTableCell {TD} at (608,210) size 8x14 [bgcolor=#A2B5B4] [r=15 c=78 rs=1 cs=1]
              RenderInline {FONT} at (0,0) size 3x14
                RenderText {#text} at (0,0) size 3x14
                  text run at (0,0) width 3: " "
            RenderTableCell {TD} at (616,210) size 8x14 [bgcolor=#1B8685] [r=15 c=79 rs=1 cs=1]
              RenderInline {FONT} at (0,0) size 3x14
                RenderText {#text} at (0,0) size 3x14
                  text run at (0,0) width 3: " "
            RenderTableCell {TD} at (624,210) size 8x14 [bgcolor=#026766] [r=15 c=80 rs=1 cs=1]
              RenderInline {FONT} at (0,0) size 3x14
                RenderText {#text} at (0,0) size 3x14
                  text run at (0,0) width 3: " "
            RenderTableCell {TD} at (632,210) size 8x14 [bgcolor=#026766] [r=15 c=81 rs=1 cs=1]
              RenderInline {FONT} at (0,0) size 3x14
                RenderText {#text} at (0,0) size 3x14
                  text run at (0,0) width 3: " "
            RenderTableCell {TD} at (640,210) size 8x14 [bgcolor=#026766] [r=15 c=82 rs=1 cs=1]
              RenderInline {FONT} at (0,0) size 3x14
                RenderText {#text} at (0,0) size 3x14
                  text run at (0,0) width 3: " "
            RenderTableCell {TD} at (648,210) size 8x14 [bgcolor=#026766] [r=15 c=83 rs=1 cs=1]
              RenderInline {FONT} at (0,0) size 3x14
                RenderText {#text} at (0,0) size 3x14
                  text run at (0,0) width 3: " "
            RenderTableCell {TD} at (656,210) size 8x14 [bgcolor=#338686] [r=15 c=84 rs=1 cs=1]
              RenderInline {FONT} at (0,0) size 3x14
                RenderText {#text} at (0,0) size 3x14
                  text run at (0,0) width 3: " "
            RenderTableCell {TD} at (664,210) size 8x14 [bgcolor=#E0EAE9] [r=15 c=85 rs=1 cs=1]
              RenderInline {FONT} at (0,0) size 3x14
                RenderText {#text} at (0,0) size 3x14
                  text run at (0,0) width 3: " "
            RenderTableCell {TD} at (672,210) size 8x14 [bgcolor=#EDEEEF] [r=15 c=86 rs=1 cs=1]
              RenderInline {FONT} at (0,0) size 3x14
                RenderText {#text} at (0,0) size 3x14
                  text run at (0,0) width 3: " "
            RenderTableCell {TD} at (680,210) size 8x14 [bgcolor=#515C5B] [r=15 c=87 rs=1 cs=1]
              RenderInline {FONT} at (0,0) size 3x14
                RenderText {#text} at (0,0) size 3x14
                  text run at (0,0) width 3: " "
            RenderTableCell {TD} at (688,210) size 8x14 [bgcolor=#044140] [r=15 c=88 rs=1 cs=1]
              RenderInline {FONT} at (0,0) size 3x14
                RenderText {#text} at (0,0) size 3x14
                  text run at (0,0) width 3: " "
            RenderTableCell {TD} at (696,210) size 8x14 [bgcolor=#026766] [r=15 c=89 rs=1 cs=1]
              RenderInline {FONT} at (0,0) size 3x14
                RenderText {#text} at (0,0) size 3x14
                  text run at (0,0) width 3: " "
            RenderTableCell {TD} at (704,210) size 8x14 [bgcolor=#338686] [r=15 c=90 rs=1 cs=1]
              RenderInline {FONT} at (0,0) size 3x14
                RenderText {#text} at (0,0) size 3x14
                  text run at (0,0) width 3: " "
            RenderTableCell {TD} at (712,210) size 8x14 [bgcolor=#EDEEEF] [r=15 c=91 rs=1 cs=1]
              RenderInline {FONT} at (0,0) size 3x14
                RenderText {#text} at (0,0) size 3x14
                  text run at (0,0) width 3: " "
            RenderTableCell {TD} at (720,210) size 8x14 [bgcolor=#FDFDFB] [r=15 c=92 rs=1 cs=1]
              RenderInline {FONT} at (0,0) size 3x14
                RenderText {#text} at (0,0) size 3x14
                  text run at (0,0) width 3: " "
            RenderTableCell {TD} at (728,210) size 8x14 [bgcolor=#2D3433] [r=15 c=93 rs=1 cs=1]
              RenderInline {FONT} at (0,0) size 3x14
                RenderText {#text} at (0,0) size 3x14
                  text run at (0,0) width 3: " "
            RenderTableCell {TD} at (736,210) size 8x14 [bgcolor=#223C3D] [r=15 c=94 rs=1 cs=1]
              RenderInline {FONT} at (0,0) size 3x14
                RenderText {#text} at (0,0) size 3x14
                  text run at (0,0) width 3: " "
            RenderTableCell {TD} at (744,210) size 8x14 [bgcolor=#5E5F60] [r=15 c=95 rs=1 cs=1]
              RenderInline {FONT} at (0,0) size 3x14
                RenderText {#text} at (0,0) size 3x14
                  text run at (0,0) width 3: " "
            RenderTableCell {TD} at (752,210) size 8x14 [bgcolor=#777878] [r=15 c=96 rs=1 cs=1]
              RenderInline {FONT} at (0,0) size 3x14
                RenderText {#text} at (0,0) size 3x14
                  text run at (0,0) width 3: " "
            RenderTableCell {TD} at (760,210) size 8x14 [bgcolor=#848788] [r=15 c=97 rs=1 cs=1]
              RenderInline {FONT} at (0,0) size 3x14
                RenderText {#text} at (0,0) size 3x14
                  text run at (0,0) width 3: " "
            RenderTableCell {TD} at (768,210) size 8x14 [bgcolor=#777878] [r=15 c=98 rs=1 cs=1]
              RenderInline {FONT} at (0,0) size 3x14
                RenderText {#text} at (0,0) size 3x14
                  text run at (0,0) width 3: " "
            RenderTableCell {TD} at (776,210) size 8x14 [bgcolor=#4D4F4F] [r=15 c=99 rs=1 cs=1]
              RenderInline {FONT} at (0,0) size 3x14
                RenderText {#text} at (0,0) size 3x14
                  text run at (0,0) width 3: " "
          RenderTableRow {TR} at (0,224) size 784x14
            RenderTableCell {TD} at (0,224) size 7x14 [bgcolor=#FDFDFB] [r=16 c=0 rs=1 cs=1]
              RenderInline {FONT} at (0,0) size 3x14
                RenderText {#text} at (0,0) size 3x14
                  text run at (0,0) width 3: " "
            RenderTableCell {TD} at (7,224) size 7x14 [bgcolor=#7CAEAF] [r=16 c=1 rs=1 cs=1]
              RenderInline {FONT} at (0,0) size 3x14
                RenderText {#text} at (0,0) size 3x14
                  text run at (0,0) width 3: " "
            RenderTableCell {TD} at (14,224) size 7x14 [bgcolor=#469191] [r=16 c=2 rs=1 cs=1]
              RenderInline {FONT} at (0,0) size 3x14
                RenderText {#text} at (0,0) size 3x14
                  text run at (0,0) width 3: " "
            RenderTableCell {TD} at (21,224) size 7x14 [bgcolor=#EDEEEF] [r=16 c=3 rs=1 cs=1]
              RenderInline {FONT} at (0,0) size 3x14
                RenderText {#text} at (0,0) size 3x14
                  text run at (0,0) width 3: " "
            RenderTableCell {TD} at (28,224) size 7x14 [bgcolor=#FDFDFB] [r=16 c=4 rs=1 cs=1]
              RenderInline {FONT} at (0,0) size 3x14
                RenderText {#text} at (0,0) size 3x14
                  text run at (0,0) width 3: " "
            RenderTableCell {TD} at (35,224) size 7x14 [bgcolor=#A4CCCC] [r=16 c=5 rs=1 cs=1]
              RenderInline {FONT} at (0,0) size 3x14
                RenderText {#text} at (0,0) size 3x14
                  text run at (0,0) width 3: " "
            RenderTableCell {TD} at (42,224) size 7x14 [bgcolor=#7CAEAF] [r=16 c=6 rs=1 cs=1]
              RenderInline {FONT} at (0,0) size 3x14
                RenderText {#text} at (0,0) size 3x14
                  text run at (0,0) width 3: " "
            RenderTableCell {TD} at (49,224) size 7x14 [bgcolor=#60A2A3] [r=16 c=7 rs=1 cs=1]
              RenderInline {FONT} at (0,0) size 3x14
                RenderText {#text} at (0,0) size 3x14
                  text run at (0,0) width 3: " "
            RenderTableCell {TD} at (56,224) size 7x14 [bgcolor=#72A3A1] [r=16 c=8 rs=1 cs=1]
              RenderInline {FONT} at (0,0) size 3x14
                RenderText {#text} at (0,0) size 3x14
                  text run at (0,0) width 3: " "
            RenderTableCell {TD} at (63,224) size 7x14 [bgcolor=#97C1C0] [r=16 c=9 rs=1 cs=1]
              RenderInline {FONT} at (0,0) size 3x14
                RenderText {#text} at (0,0) size 3x14
                  text run at (0,0) width 3: " "
            RenderTableCell {TD} at (70,224) size 7x14 [bgcolor=#E0EAE9] [r=16 c=10 rs=1 cs=1]
              RenderInline {FONT} at (0,0) size 3x14
                RenderText {#text} at (0,0) size 3x14
                  text run at (0,0) width 3: " "
            RenderTableCell {TD} at (77,224) size 7x14 [bgcolor=#EDEEEF] [r=16 c=11 rs=1 cs=1]
              RenderInline {FONT} at (0,0) size 3x14
                RenderText {#text} at (0,0) size 3x14
                  text run at (0,0) width 3: " "
            RenderTableCell {TD} at (84,224) size 7x14 [bgcolor=#696A69] [r=16 c=12 rs=1 cs=1]
              RenderInline {FONT} at (0,0) size 3x14
                RenderText {#text} at (0,0) size 3x14
                  text run at (0,0) width 3: " "
            RenderTableCell {TD} at (91,224) size 7x14 [bgcolor=#072323] [r=16 c=13 rs=1 cs=1]
              RenderInline {FONT} at (0,0) size 3x14
                RenderText {#text} at (0,0) size 3x14
                  text run at (0,0) width 3: " "
            RenderTableCell {TD} at (98,224) size 7x14 [bgcolor=#223C3D] [r=16 c=14 rs=1 cs=1]
              RenderInline {FONT} at (0,0) size 3x14
                RenderText {#text} at (0,0) size 3x14
                  text run at (0,0) width 3: " "
            RenderTableCell {TD} at (105,224) size 7x14 [bgcolor=#848788] [r=16 c=15 rs=1 cs=1]
              RenderInline {FONT} at (0,0) size 3x14
                RenderText {#text} at (0,0) size 3x14
                  text run at (0,0) width 3: " "
            RenderTableCell {TD} at (112,224) size 8x14 [bgcolor=#FDFDFB] [r=16 c=16 rs=1 cs=1]
              RenderInline {FONT} at (0,0) size 3x14
                RenderText {#text} at (0,0) size 3x14
                  text run at (0,0) width 3: " "
            RenderTableCell {TD} at (120,224) size 8x14 [bgcolor=#FDFDFB] [r=16 c=17 rs=1 cs=1]
              RenderInline {FONT} at (0,0) size 3x14
                RenderText {#text} at (0,0) size 3x14
                  text run at (0,0) width 3: " "
            RenderTableCell {TD} at (128,224) size 8x14 [bgcolor=#2D3433] [r=16 c=18 rs=1 cs=1]
              RenderInline {FONT} at (0,0) size 3x14
                RenderText {#text} at (0,0) size 3x14
                  text run at (0,0) width 3: " "
            RenderTableCell {TD} at (136,224) size 8x14 [bgcolor=#1E7A79] [r=16 c=19 rs=1 cs=1]
              RenderInline {FONT} at (0,0) size 3x14
                RenderText {#text} at (0,0) size 3x14
                  text run at (0,0) width 3: " "
            RenderTableCell {TD} at (144,224) size 8x14 [bgcolor=#1B8685] [r=16 c=20 rs=1 cs=1]
              RenderInline {FONT} at (0,0) size 3x14
                RenderText {#text} at (0,0) size 3x14
                  text run at (0,0) width 3: " "
            RenderTableCell {TD} at (152,224) size 8x14 [bgcolor=#CADEDD] [r=16 c=21 rs=1 cs=1]
              RenderInline {FONT} at (0,0) size 3x14
                RenderText {#text} at (0,0) size 3x14
                  text run at (0,0) width 3: " "
            RenderTableCell {TD} at (160,224) size 8x14 [bgcolor=#FDFDFB] [r=16 c=22 rs=1 cs=1]
              RenderInline {FONT} at (0,0) size 3x14
                RenderText {#text} at (0,0) size 3x14
                  text run at (0,0) width 3: " "
            RenderTableCell {TD} at (168,224) size 8x14 [bgcolor=#B6D0D1] [r=16 c=23 rs=1 cs=1]
              RenderInline {FONT} at (0,0) size 3x14
                RenderText {#text} at (0,0) size 3x14
                  text run at (0,0) width 3: " "
            RenderTableCell {TD} at (176,224) size 8x14 [bgcolor=#7CAEAF] [r=16 c=24 rs=1 cs=1]
              RenderInline {FONT} at (0,0) size 3x14
                RenderText {#text} at (0,0) size 3x14
                  text run at (0,0) width 3: " "
            RenderTableCell {TD} at (184,224) size 8x14 [bgcolor=#60A2A3] [r=16 c=25 rs=1 cs=1]
              RenderInline {FONT} at (0,0) size 3x14
                RenderText {#text} at (0,0) size 3x14
                  text run at (0,0) width 3: " "
            RenderTableCell {TD} at (192,224) size 8x14 [bgcolor=#7CAEAF] [r=16 c=26 rs=1 cs=1]
              RenderInline {FONT} at (0,0) size 3x14
                RenderText {#text} at (0,0) size 3x14
                  text run at (0,0) width 3: " "
            RenderTableCell {TD} at (200,224) size 8x14 [bgcolor=#A4CCCC] [r=16 c=27 rs=1 cs=1]
              RenderInline {FONT} at (0,0) size 3x14
                RenderText {#text} at (0,0) size 3x14
                  text run at (0,0) width 3: " "
            RenderTableCell {TD} at (208,224) size 8x14 [bgcolor=#DEDFDF] [r=16 c=28 rs=1 cs=1]
              RenderInline {FONT} at (0,0) size 3x14
                RenderText {#text} at (0,0) size 3x14
                  text run at (0,0) width 3: " "
            RenderTableCell {TD} at (216,224) size 8x14 [bgcolor=#BEC2C2] [r=16 c=29 rs=1 cs=1]
              RenderInline {FONT} at (0,0) size 3x14
                RenderText {#text} at (0,0) size 3x14
                  text run at (0,0) width 3: " "
            RenderTableCell {TD} at (224,224) size 8x14 [bgcolor=#FDFDFB] [r=16 c=30 rs=1 cs=1]
              RenderInline {FONT} at (0,0) size 3x14
                RenderText {#text} at (0,0) size 3x14
                  text run at (0,0) width 3: " "
            RenderTableCell {TD} at (232,224) size 8x14 [bgcolor=#DEDFDF] [r=16 c=31 rs=1 cs=1]
              RenderInline {FONT} at (0,0) size 3x14
                RenderText {#text} at (0,0) size 3x14
                  text run at (0,0) width 3: " "
            RenderTableCell {TD} at (240,224) size 8x14 [bgcolor=#939494] [r=16 c=32 rs=1 cs=1]
              RenderInline {FONT} at (0,0) size 3x14
                RenderText {#text} at (0,0) size 3x14
                  text run at (0,0) width 3: " "
            RenderTableCell {TD} at (248,224) size 8x14 [bgcolor=#696A69] [r=16 c=33 rs=1 cs=1]
              RenderInline {FONT} at (0,0) size 3x14
                RenderText {#text} at (0,0) size 3x14
                  text run at (0,0) width 3: " "
            RenderTableCell {TD} at (256,224) size 8x14 [bgcolor=#848788] [r=16 c=34 rs=1 cs=1]
              RenderInline {FONT} at (0,0) size 3x14
                RenderText {#text} at (0,0) size 3x14
                  text run at (0,0) width 3: " "
            RenderTableCell {TD} at (264,224) size 8x14 [bgcolor=#CECFCF] [r=16 c=35 rs=1 cs=1]
              RenderInline {FONT} at (0,0) size 3x14
                RenderText {#text} at (0,0) size 3x14
                  text run at (0,0) width 3: " "
            RenderTableCell {TD} at (272,224) size 8x14 [bgcolor=#FDFDFB] [r=16 c=36 rs=1 cs=1]
              RenderInline {FONT} at (0,0) size 3x14
                RenderText {#text} at (0,0) size 3x14
                  text run at (0,0) width 3: " "
            RenderTableCell {TD} at (280,224) size 8x14 [bgcolor=#DEDFDF] [r=16 c=37 rs=1 cs=1]
              RenderInline {FONT} at (0,0) size 3x14
                RenderText {#text} at (0,0) size 3x14
                  text run at (0,0) width 3: " "
            RenderTableCell {TD} at (288,224) size 8x14 [bgcolor=#8DB7B6] [r=16 c=38 rs=1 cs=1]
              RenderInline {FONT} at (0,0) size 3x14
                RenderText {#text} at (0,0) size 3x14
                  text run at (0,0) width 3: " "
            RenderTableCell {TD} at (296,224) size 8x14 [bgcolor=#72A3A1] [r=16 c=39 rs=1 cs=1]
              RenderInline {FONT} at (0,0) size 3x14
                RenderText {#text} at (0,0) size 3x14
                  text run at (0,0) width 3: " "
            RenderTableCell {TD} at (304,224) size 8x14 [bgcolor=#60A2A3] [r=16 c=40 rs=1 cs=1]
              RenderInline {FONT} at (0,0) size 3x14
                RenderText {#text} at (0,0) size 3x14
                  text run at (0,0) width 3: " "
            RenderTableCell {TD} at (312,224) size 8x14 [bgcolor=#7CAEAF] [r=16 c=41 rs=1 cs=1]
              RenderInline {FONT} at (0,0) size 3x14
                RenderText {#text} at (0,0) size 3x14
                  text run at (0,0) width 3: " "
            RenderTableCell {TD} at (320,224) size 8x14 [bgcolor=#B6D8D7] [r=16 c=42 rs=1 cs=1]
              RenderInline {FONT} at (0,0) size 3x14
                RenderText {#text} at (0,0) size 3x14
                  text run at (0,0) width 3: " "
            RenderTableCell {TD} at (328,224) size 8x14 [bgcolor=#FDFDFB] [r=16 c=43 rs=1 cs=1]
              RenderInline {FONT} at (0,0) size 3x14
                RenderText {#text} at (0,0) size 3x14
                  text run at (0,0) width 3: " "
            RenderTableCell {TD} at (336,224) size 8x14 [bgcolor=#B4B4B4] [r=16 c=44 rs=1 cs=1]
              RenderInline {FONT} at (0,0) size 3x14
                RenderText {#text} at (0,0) size 3x14
                  text run at (0,0) width 3: " "
            RenderTableCell {TD} at (344,224) size 8x14 [bgcolor=#1C2524] [r=16 c=45 rs=1 cs=1]
              RenderInline {FONT} at (0,0) size 3x14
                RenderText {#text} at (0,0) size 3x14
                  text run at (0,0) width 3: " "
            RenderTableCell {TD} at (352,224) size 8x14 [bgcolor=#025E5E] [r=16 c=46 rs=1 cs=1]
              RenderInline {FONT} at (0,0) size 3x14
                RenderText {#text} at (0,0) size 3x14
                  text run at (0,0) width 3: " "
            RenderTableCell {TD} at (360,224) size 8x14 [bgcolor=#1A6B6A] [r=16 c=47 rs=1 cs=1]
              RenderInline {FONT} at (0,0) size 3x14
                RenderText {#text} at (0,0) size 3x14
                  text run at (0,0) width 3: " "
            RenderTableCell {TD} at (368,224) size 8x14 [bgcolor=#B6D0D1] [r=16 c=48 rs=1 cs=1]
              RenderInline {FONT} at (0,0) size 3x14
                RenderText {#text} at (0,0) size 3x14
                  text run at (0,0) width 3: " "
            RenderTableCell {TD} at (376,224) size 8x14 [bgcolor=#FDFDFB] [r=16 c=49 rs=1 cs=1]
              RenderInline {FONT} at (0,0) size 3x14
                RenderText {#text} at (0,0) size 3x14
                  text run at (0,0) width 3: " "
            RenderTableCell {TD} at (384,224) size 8x14 [bgcolor=#848788] [r=16 c=50 rs=1 cs=1]
              RenderInline {FONT} at (0,0) size 3x14
                RenderText {#text} at (0,0) size 3x14
                  text run at (0,0) width 3: " "
            RenderTableCell {TD} at (392,224) size 8x14 [bgcolor=#072323] [r=16 c=51 rs=1 cs=1]
              RenderInline {FONT} at (0,0) size 3x14
                RenderText {#text} at (0,0) size 3x14
                  text run at (0,0) width 3: " "
            RenderTableCell {TD} at (400,224) size 8x14 [bgcolor=#3D4242] [r=16 c=52 rs=1 cs=1]
              RenderInline {FONT} at (0,0) size 3x14
                RenderText {#text} at (0,0) size 3x14
                  text run at (0,0) width 3: " "
            RenderTableCell {TD} at (408,224) size 8x14 [bgcolor=#696A69] [r=16 c=53 rs=1 cs=1]
              RenderInline {FONT} at (0,0) size 3x14
                RenderText {#text} at (0,0) size 3x14
                  text run at (0,0) width 3: " "
            RenderTableCell {TD} at (416,224) size 8x14 [bgcolor=#848788] [r=16 c=54 rs=1 cs=1]
              RenderInline {FONT} at (0,0) size 3x14
                RenderText {#text} at (0,0) size 3x14
                  text run at (0,0) width 3: " "
            RenderTableCell {TD} at (424,224) size 8x14 [bgcolor=#939494] [r=16 c=55 rs=1 cs=1]
              RenderInline {FONT} at (0,0) size 3x14
                RenderText {#text} at (0,0) size 3x14
                  text run at (0,0) width 3: " "
            RenderTableCell {TD} at (432,224) size 8x14 [bgcolor=#B4B4B4] [r=16 c=56 rs=1 cs=1]
              RenderInline {FONT} at (0,0) size 3x14
                RenderText {#text} at (0,0) size 3x14
                  text run at (0,0) width 3: " "
            RenderTableCell {TD} at (440,224) size 8x14 [bgcolor=#FDFDFB] [r=16 c=57 rs=1 cs=1]
              RenderInline {FONT} at (0,0) size 3x14
                RenderText {#text} at (0,0) size 3x14
                  text run at (0,0) width 3: " "
            RenderTableCell {TD} at (448,224) size 8x14 [bgcolor=#FDFDFB] [r=16 c=58 rs=1 cs=1]
              RenderInline {FONT} at (0,0) size 3x14
                RenderText {#text} at (0,0) size 3x14
                  text run at (0,0) width 3: " "
            RenderTableCell {TD} at (456,224) size 8x14 [bgcolor=#2D3433] [r=16 c=59 rs=1 cs=1]
              RenderInline {FONT} at (0,0) size 3x14
                RenderText {#text} at (0,0) size 3x14
                  text run at (0,0) width 3: " "
            RenderTableCell {TD} at (464,224) size 8x14 [bgcolor=#447877] [r=16 c=60 rs=1 cs=1]
              RenderInline {FONT} at (0,0) size 3x14
                RenderText {#text} at (0,0) size 3x14
                  text run at (0,0) width 3: " "
            RenderTableCell {TD} at (472,224) size 8x14 [bgcolor=#027777] [r=16 c=61 rs=1 cs=1]
              RenderInline {FONT} at (0,0) size 3x14
                RenderText {#text} at (0,0) size 3x14
                  text run at (0,0) width 3: " "
            RenderTableCell {TD} at (480,224) size 8x14 [bgcolor=#338686] [r=16 c=62 rs=1 cs=1]
              RenderInline {FONT} at (0,0) size 3x14
                RenderText {#text} at (0,0) size 3x14
                  text run at (0,0) width 3: " "
            RenderTableCell {TD} at (488,224) size 8x14 [bgcolor=#B6D0D1] [r=16 c=63 rs=1 cs=1]
              RenderInline {FONT} at (0,0) size 3x14
                RenderText {#text} at (0,0) size 3x14
                  text run at (0,0) width 3: " "
            RenderTableCell {TD} at (496,224) size 8x14 [bgcolor=#FDFDFB] [r=16 c=64 rs=1 cs=1]
              RenderInline {FONT} at (0,0) size 3x14
                RenderText {#text} at (0,0) size 3x14
                  text run at (0,0) width 3: " "
            RenderTableCell {TD} at (504,224) size 8x14 [bgcolor=#B6D0D1] [r=16 c=65 rs=1 cs=1]
              RenderInline {FONT} at (0,0) size 3x14
                RenderText {#text} at (0,0) size 3x14
                  text run at (0,0) width 3: " "
            RenderTableCell {TD} at (512,224) size 8x14 [bgcolor=#7CAEAF] [r=16 c=66 rs=1 cs=1]
              RenderInline {FONT} at (0,0) size 3x14
                RenderText {#text} at (0,0) size 3x14
                  text run at (0,0) width 3: " "
            RenderTableCell {TD} at (520,224) size 8x14 [bgcolor=#60A2A3] [r=16 c=67 rs=1 cs=1]
              RenderInline {FONT} at (0,0) size 3x14
                RenderText {#text} at (0,0) size 3x14
                  text run at (0,0) width 3: " "
            RenderTableCell {TD} at (528,224) size 8x14 [bgcolor=#7CAEAF] [r=16 c=68 rs=1 cs=1]
              RenderInline {FONT} at (0,0) size 3x14
                RenderText {#text} at (0,0) size 3x14
                  text run at (0,0) width 3: " "
            RenderTableCell {TD} at (536,224) size 8x14 [bgcolor=#CADEDD] [r=16 c=69 rs=1 cs=1]
              RenderInline {FONT} at (0,0) size 3x14
                RenderText {#text} at (0,0) size 3x14
                  text run at (0,0) width 3: " "
            RenderTableCell {TD} at (544,224) size 8x14 [bgcolor=#DEDFDF] [r=16 c=70 rs=1 cs=1]
              RenderInline {FONT} at (0,0) size 3x14
                RenderText {#text} at (0,0) size 3x14
                  text run at (0,0) width 3: " "
            RenderTableCell {TD} at (552,224) size 8x14 [bgcolor=#DEDFDF] [r=16 c=71 rs=1 cs=1]
              RenderInline {FONT} at (0,0) size 3x14
                RenderText {#text} at (0,0) size 3x14
                  text run at (0,0) width 3: " "
            RenderTableCell {TD} at (560,224) size 8x14 [bgcolor=#FDFDFB] [r=16 c=72 rs=1 cs=1]
              RenderInline {FONT} at (0,0) size 3x14
                RenderText {#text} at (0,0) size 3x14
                  text run at (0,0) width 3: " "
            RenderTableCell {TD} at (568,224) size 8x14 [bgcolor=#4D4F4F] [r=16 c=73 rs=1 cs=1]
              RenderInline {FONT} at (0,0) size 3x14
                RenderText {#text} at (0,0) size 3x14
                  text run at (0,0) width 3: " "
            RenderTableCell {TD} at (576,224) size 8x14 [bgcolor=#5E5F60] [r=16 c=74 rs=1 cs=1]
              RenderInline {FONT} at (0,0) size 3x14
                RenderText {#text} at (0,0) size 3x14
                  text run at (0,0) width 3: " "
            RenderTableCell {TD} at (584,224) size 8x14 [bgcolor=#848788] [r=16 c=75 rs=1 cs=1]
              RenderInline {FONT} at (0,0) size 3x14
                RenderText {#text} at (0,0) size 3x14
                  text run at (0,0) width 3: " "
            RenderTableCell {TD} at (592,224) size 8x14 [bgcolor=#939494] [r=16 c=76 rs=1 cs=1]
              RenderInline {FONT} at (0,0) size 3x14
                RenderText {#text} at (0,0) size 3x14
                  text run at (0,0) width 3: " "
            RenderTableCell {TD} at (600,224) size 8x14 [bgcolor=#BEC2C2] [r=16 c=77 rs=1 cs=1]
              RenderInline {FONT} at (0,0) size 3x14
                RenderText {#text} at (0,0) size 3x14
                  text run at (0,0) width 3: " "
            RenderTableCell {TD} at (608,224) size 8x14 [bgcolor=#FDFDFB] [r=16 c=78 rs=1 cs=1]
              RenderInline {FONT} at (0,0) size 3x14
                RenderText {#text} at (0,0) size 3x14
                  text run at (0,0) width 3: " "
            RenderTableCell {TD} at (616,224) size 8x14 [bgcolor=#CADEDD] [r=16 c=79 rs=1 cs=1]
              RenderInline {FONT} at (0,0) size 3x14
                RenderText {#text} at (0,0) size 3x14
                  text run at (0,0) width 3: " "
            RenderTableCell {TD} at (624,224) size 8x14 [bgcolor=#8DB7B6] [r=16 c=80 rs=1 cs=1]
              RenderInline {FONT} at (0,0) size 3x14
                RenderText {#text} at (0,0) size 3x14
                  text run at (0,0) width 3: " "
            RenderTableCell {TD} at (632,224) size 8x14 [bgcolor=#72A3A1] [r=16 c=81 rs=1 cs=1]
              RenderInline {FONT} at (0,0) size 3x14
                RenderText {#text} at (0,0) size 3x14
                  text run at (0,0) width 3: " "
            RenderTableCell {TD} at (640,224) size 8x14 [bgcolor=#72A3A1] [r=16 c=82 rs=1 cs=1]
              RenderInline {FONT} at (0,0) size 3x14
                RenderText {#text} at (0,0) size 3x14
                  text run at (0,0) width 3: " "
            RenderTableCell {TD} at (648,224) size 8x14 [bgcolor=#97C1C0] [r=16 c=83 rs=1 cs=1]
              RenderInline {FONT} at (0,0) size 3x14
                RenderText {#text} at (0,0) size 3x14
                  text run at (0,0) width 3: " "
            RenderTableCell {TD} at (656,224) size 8x14 [bgcolor=#EDEEEF] [r=16 c=84 rs=1 cs=1]
              RenderInline {FONT} at (0,0) size 3x14
                RenderText {#text} at (0,0) size 3x14
                  text run at (0,0) width 3: " "
            RenderTableCell {TD} at (664,224) size 8x14 [bgcolor=#DEDFDF] [r=16 c=85 rs=1 cs=1]
              RenderInline {FONT} at (0,0) size 3x14
                RenderText {#text} at (0,0) size 3x14
                  text run at (0,0) width 3: " "
            RenderTableCell {TD} at (672,224) size 8x14 [bgcolor=#696A69] [r=16 c=86 rs=1 cs=1]
              RenderInline {FONT} at (0,0) size 3x14
                RenderText {#text} at (0,0) size 3x14
                  text run at (0,0) width 3: " "
            RenderTableCell {TD} at (680,224) size 8x14 [bgcolor=#072323] [r=16 c=87 rs=1 cs=1]
              RenderInline {FONT} at (0,0) size 3x14
                RenderText {#text} at (0,0) size 3x14
                  text run at (0,0) width 3: " "
            RenderTableCell {TD} at (688,224) size 8x14 [bgcolor=#025E5E] [r=16 c=88 rs=1 cs=1]
              RenderInline {FONT} at (0,0) size 3x14
                RenderText {#text} at (0,0) size 3x14
                  text run at (0,0) width 3: " "
            RenderTableCell {TD} at (696,224) size 8x14 [bgcolor=#026766] [r=16 c=89 rs=1 cs=1]
              RenderInline {FONT} at (0,0) size 3x14
                RenderText {#text} at (0,0) size 3x14
                  text run at (0,0) width 3: " "
            RenderTableCell {TD} at (704,224) size 8x14 [bgcolor=#287A7A] [r=16 c=90 rs=1 cs=1]
              RenderInline {FONT} at (0,0) size 3x14
                RenderText {#text} at (0,0) size 3x14
                  text run at (0,0) width 3: " "
            RenderTableCell {TD} at (712,224) size 8x14 [bgcolor=#E0EAE9] [r=16 c=91 rs=1 cs=1]
              RenderInline {FONT} at (0,0) size 3x14
                RenderText {#text} at (0,0) size 3x14
                  text run at (0,0) width 3: " "
            RenderTableCell {TD} at (720,224) size 8x14 [bgcolor=#FDFDFB] [r=16 c=92 rs=1 cs=1]
              RenderInline {FONT} at (0,0) size 3x14
                RenderText {#text} at (0,0) size 3x14
                  text run at (0,0) width 3: " "
            RenderTableCell {TD} at (728,224) size 8x14 [bgcolor=#B4B4B4] [r=16 c=93 rs=1 cs=1]
              RenderInline {FONT} at (0,0) size 3x14
                RenderText {#text} at (0,0) size 3x14
                  text run at (0,0) width 3: " "
            RenderTableCell {TD} at (736,224) size 8x14 [bgcolor=#91A3A3] [r=16 c=94 rs=1 cs=1]
              RenderInline {FONT} at (0,0) size 3x14
                RenderText {#text} at (0,0) size 3x14
                  text run at (0,0) width 3: " "
            RenderTableCell {TD} at (744,224) size 8x14 [bgcolor=#848788] [r=16 c=95 rs=1 cs=1]
              RenderInline {FONT} at (0,0) size 3x14
                RenderText {#text} at (0,0) size 3x14
                  text run at (0,0) width 3: " "
            RenderTableCell {TD} at (752,224) size 8x14 [bgcolor=#777878] [r=16 c=96 rs=1 cs=1]
              RenderInline {FONT} at (0,0) size 3x14
                RenderText {#text} at (0,0) size 3x14
                  text run at (0,0) width 3: " "
            RenderTableCell {TD} at (760,224) size 8x14 [bgcolor=#848788] [r=16 c=97 rs=1 cs=1]
              RenderInline {FONT} at (0,0) size 3x14
                RenderText {#text} at (0,0) size 3x14
                  text run at (0,0) width 3: " "
            RenderTableCell {TD} at (768,224) size 8x14 [bgcolor=#777878] [r=16 c=98 rs=1 cs=1]
              RenderInline {FONT} at (0,0) size 3x14
                RenderText {#text} at (0,0) size 3x14
                  text run at (0,0) width 3: " "
            RenderTableCell {TD} at (776,224) size 8x14 [bgcolor=#4D4F4F] [r=16 c=99 rs=1 cs=1]
              RenderInline {FONT} at (0,0) size 3x14
                RenderText {#text} at (0,0) size 3x14
                  text run at (0,0) width 3: " "
          RenderTableRow {TR} at (0,238) size 784x14
            RenderTableCell {TD} at (0,238) size 7x14 [bgcolor=#FDFDFB] [r=17 c=0 rs=1 cs=1]
              RenderInline {FONT} at (0,0) size 3x14
                RenderText {#text} at (0,0) size 3x14
                  text run at (0,0) width 3: " "
            RenderTableCell {TD} at (7,238) size 7x14 [bgcolor=#CADEDD] [r=17 c=1 rs=1 cs=1]
              RenderInline {FONT} at (0,0) size 3x14
                RenderText {#text} at (0,0) size 3x14
                  text run at (0,0) width 3: " "
            RenderTableCell {TD} at (14,238) size 7x14 [bgcolor=#1A6B6A] [r=17 c=2 rs=1 cs=1]
              RenderInline {FONT} at (0,0) size 3x14
                RenderText {#text} at (0,0) size 3x14
                  text run at (0,0) width 3: " "
            RenderTableCell {TD} at (21,238) size 7x14 [bgcolor=#1A5C5C] [r=17 c=3 rs=1 cs=1]
              RenderInline {FONT} at (0,0) size 3x14
                RenderText {#text} at (0,0) size 3x14
                  text run at (0,0) width 3: " "
            RenderTableCell {TD} at (28,238) size 7x14 [bgcolor=#647979] [r=17 c=4 rs=1 cs=1]
              RenderInline {FONT} at (0,0) size 3x14
                RenderText {#text} at (0,0) size 3x14
                  text run at (0,0) width 3: " "
            RenderTableCell {TD} at (35,238) size 7x14 [bgcolor=#939494] [r=17 c=5 rs=1 cs=1]
              RenderInline {FONT} at (0,0) size 3x14
                RenderText {#text} at (0,0) size 3x14
                  text run at (0,0) width 3: " "
            RenderTableCell {TD} at (42,238) size 7x14 [bgcolor=#A5A6A6] [r=17 c=6 rs=1 cs=1]
              RenderInline {FONT} at (0,0) size 3x14
                RenderText {#text} at (0,0) size 3x14
                  text run at (0,0) width 3: " "
            RenderTableCell {TD} at (49,238) size 7x14 [bgcolor=#A5A6A6] [r=17 c=7 rs=1 cs=1]
              RenderInline {FONT} at (0,0) size 3x14
                RenderText {#text} at (0,0) size 3x14
                  text run at (0,0) width 3: " "
            RenderTableCell {TD} at (56,238) size 7x14 [bgcolor=#A5A6A6] [r=17 c=8 rs=1 cs=1]
              RenderInline {FONT} at (0,0) size 3x14
                RenderText {#text} at (0,0) size 3x14
                  text run at (0,0) width 3: " "
            RenderTableCell {TD} at (63,238) size 7x14 [bgcolor=#91A3A3] [r=17 c=9 rs=1 cs=1]
              RenderInline {FONT} at (0,0) size 3x14
                RenderText {#text} at (0,0) size 3x14
                  text run at (0,0) width 3: " "
            RenderTableCell {TD} at (70,238) size 7x14 [bgcolor=#696A69] [r=17 c=10 rs=1 cs=1]
              RenderInline {FONT} at (0,0) size 3x14
                RenderText {#text} at (0,0) size 3x14
                  text run at (0,0) width 3: " "
            RenderTableCell {TD} at (77,238) size 7x14 [bgcolor=#1C2524] [r=17 c=11 rs=1 cs=1]
              RenderInline {FONT} at (0,0) size 3x14
                RenderText {#text} at (0,0) size 3x14
                  text run at (0,0) width 3: " "
            RenderTableCell {TD} at (84,238) size 7x14 [bgcolor=#083131] [r=17 c=12 rs=1 cs=1]
              RenderInline {FONT} at (0,0) size 3x14
                RenderText {#text} at (0,0) size 3x14
                  text run at (0,0) width 3: " "
            RenderTableCell {TD} at (91,238) size 7x14 [bgcolor=#044140] [r=17 c=13 rs=1 cs=1]
              RenderInline {FONT} at (0,0) size 3x14
                RenderText {#text} at (0,0) size 3x14
                  text run at (0,0) width 3: " "
            RenderTableCell {TD} at (98,238) size 7x14 [bgcolor=#223C3D] [r=17 c=14 rs=1 cs=1]
              RenderInline {FONT} at (0,0) size 3x14
                RenderText {#text} at (0,0) size 3x14
                  text run at (0,0) width 3: " "
            RenderTableCell {TD} at (105,238) size 7x14 [bgcolor=#777878] [r=17 c=15 rs=1 cs=1]
              RenderInline {FONT} at (0,0) size 3x14
                RenderText {#text} at (0,0) size 3x14
                  text run at (0,0) width 3: " "
            RenderTableCell {TD} at (112,238) size 8x14 [bgcolor=#939494] [r=17 c=16 rs=1 cs=1]
              RenderInline {FONT} at (0,0) size 3x14
                RenderText {#text} at (0,0) size 3x14
                  text run at (0,0) width 3: " "
            RenderTableCell {TD} at (120,238) size 8x14 [bgcolor=#848788] [r=17 c=17 rs=1 cs=1]
              RenderInline {FONT} at (0,0) size 3x14
                RenderText {#text} at (0,0) size 3x14
                  text run at (0,0) width 3: " "
            RenderTableCell {TD} at (128,238) size 8x14 [bgcolor=#2D3433] [r=17 c=18 rs=1 cs=1]
              RenderInline {FONT} at (0,0) size 3x14
                RenderText {#text} at (0,0) size 3x14
                  text run at (0,0) width 3: " "
            RenderTableCell {TD} at (136,238) size 8x14 [bgcolor=#1E7A79] [r=17 c=19 rs=1 cs=1]
              RenderInline {FONT} at (0,0) size 3x14
                RenderText {#text} at (0,0) size 3x14
                  text run at (0,0) width 3: " "
            RenderTableCell {TD} at (144,238) size 8x14 [bgcolor=#027777] [r=17 c=20 rs=1 cs=1]
              RenderInline {FONT} at (0,0) size 3x14
                RenderText {#text} at (0,0) size 3x14
                  text run at (0,0) width 3: " "
            RenderTableCell {TD} at (152,238) size 8x14 [bgcolor=#1A6B6A] [r=17 c=21 rs=1 cs=1]
              RenderInline {FONT} at (0,0) size 3x14
                RenderText {#text} at (0,0) size 3x14
                  text run at (0,0) width 3: " "
            RenderTableCell {TD} at (160,238) size 8x14 [bgcolor=#5A8787] [r=17 c=22 rs=1 cs=1]
              RenderInline {FONT} at (0,0) size 3x14
                RenderText {#text} at (0,0) size 3x14
                  text run at (0,0) width 3: " "
            RenderTableCell {TD} at (168,238) size 8x14 [bgcolor=#A5A6A6] [r=17 c=23 rs=1 cs=1]
              RenderInline {FONT} at (0,0) size 3x14
                RenderText {#text} at (0,0) size 3x14
                  text run at (0,0) width 3: " "
            RenderTableCell {TD} at (176,238) size 8x14 [bgcolor=#A5A6A6] [r=17 c=24 rs=1 cs=1]
              RenderInline {FONT} at (0,0) size 3x14
                RenderText {#text} at (0,0) size 3x14
                  text run at (0,0) width 3: " "
            RenderTableCell {TD} at (184,238) size 8x14 [bgcolor=#A5A6A6] [r=17 c=25 rs=1 cs=1]
              RenderInline {FONT} at (0,0) size 3x14
                RenderText {#text} at (0,0) size 3x14
                  text run at (0,0) width 3: " "
            RenderTableCell {TD} at (192,238) size 8x14 [bgcolor=#939494] [r=17 c=26 rs=1 cs=1]
              RenderInline {FONT} at (0,0) size 3x14
                RenderText {#text} at (0,0) size 3x14
                  text run at (0,0) width 3: " "
            RenderTableCell {TD} at (200,238) size 8x14 [bgcolor=#696A69] [r=17 c=27 rs=1 cs=1]
              RenderInline {FONT} at (0,0) size 3x14
                RenderText {#text} at (0,0) size 3x14
                  text run at (0,0) width 3: " "
            RenderTableCell {TD} at (208,238) size 8x14 [bgcolor=#072323] [r=17 c=28 rs=1 cs=1]
              RenderInline {FONT} at (0,0) size 3x14
                RenderText {#text} at (0,0) size 3x14
                  text run at (0,0) width 3: " "
            RenderTableCell {TD} at (216,238) size 8x14 [bgcolor=#083131] [r=17 c=29 rs=1 cs=1]
              RenderInline {FONT} at (0,0) size 3x14
                RenderText {#text} at (0,0) size 3x14
                  text run at (0,0) width 3: " "
            RenderTableCell {TD} at (224,238) size 8x14 [bgcolor=#647979] [r=17 c=30 rs=1 cs=1]
              RenderInline {FONT} at (0,0) size 3x14
                RenderText {#text} at (0,0) size 3x14
                  text run at (0,0) width 3: " "
            RenderTableCell {TD} at (232,238) size 8x14 [bgcolor=#939494] [r=17 c=31 rs=1 cs=1]
              RenderInline {FONT} at (0,0) size 3x14
                RenderText {#text} at (0,0) size 3x14
                  text run at (0,0) width 3: " "
            RenderTableCell {TD} at (240,238) size 8x14 [bgcolor=#939494] [r=17 c=32 rs=1 cs=1]
              RenderInline {FONT} at (0,0) size 3x14
                RenderText {#text} at (0,0) size 3x14
                  text run at (0,0) width 3: " "
            RenderTableCell {TD} at (248,238) size 8x14 [bgcolor=#3D4242] [r=17 c=33 rs=1 cs=1]
              RenderInline {FONT} at (0,0) size 3x14
                RenderText {#text} at (0,0) size 3x14
                  text run at (0,0) width 3: " "
            RenderTableCell {TD} at (256,238) size 8x14 [bgcolor=#777878] [r=17 c=34 rs=1 cs=1]
              RenderInline {FONT} at (0,0) size 3x14
                RenderText {#text} at (0,0) size 3x14
                  text run at (0,0) width 3: " "
            RenderTableCell {TD} at (264,238) size 8x14 [bgcolor=#848788] [r=17 c=35 rs=1 cs=1]
              RenderInline {FONT} at (0,0) size 3x14
                RenderText {#text} at (0,0) size 3x14
                  text run at (0,0) width 3: " "
            RenderTableCell {TD} at (272,238) size 8x14 [bgcolor=#447877] [r=17 c=36 rs=1 cs=1]
              RenderInline {FONT} at (0,0) size 3x14
                RenderText {#text} at (0,0) size 3x14
                  text run at (0,0) width 3: " "
            RenderTableCell {TD} at (280,238) size 8x14 [bgcolor=#7B918F] [r=17 c=37 rs=1 cs=1]
              RenderInline {FONT} at (0,0) size 3x14
                RenderText {#text} at (0,0) size 3x14
                  text run at (0,0) width 3: " "
            RenderTableCell {TD} at (288,238) size 8x14 [bgcolor=#A5A6A6] [r=17 c=38 rs=1 cs=1]
              RenderInline {FONT} at (0,0) size 3x14
                RenderText {#text} at (0,0) size 3x14
                  text run at (0,0) width 3: " "
            RenderTableCell {TD} at (296,238) size 8x14 [bgcolor=#A5A6A6] [r=17 c=39 rs=1 cs=1]
              RenderInline {FONT} at (0,0) size 3x14
                RenderText {#text} at (0,0) size 3x14
                  text run at (0,0) width 3: " "
            RenderTableCell {TD} at (304,238) size 8x14 [bgcolor=#A5A6A6] [r=17 c=40 rs=1 cs=1]
              RenderInline {FONT} at (0,0) size 3x14
                RenderText {#text} at (0,0) size 3x14
                  text run at (0,0) width 3: " "
            RenderTableCell {TD} at (312,238) size 8x14 [bgcolor=#A5A6A6] [r=17 c=41 rs=1 cs=1]
              RenderInline {FONT} at (0,0) size 3x14
                RenderText {#text} at (0,0) size 3x14
                  text run at (0,0) width 3: " "
            RenderTableCell {TD} at (320,238) size 8x14 [bgcolor=#848788] [r=17 c=42 rs=1 cs=1]
              RenderInline {FONT} at (0,0) size 3x14
                RenderText {#text} at (0,0) size 3x14
                  text run at (0,0) width 3: " "
            RenderTableCell {TD} at (328,238) size 8x14 [bgcolor=#344C4E] [r=17 c=43 rs=1 cs=1]
              RenderInline {FONT} at (0,0) size 3x14
                RenderText {#text} at (0,0) size 3x14
                  text run at (0,0) width 3: " "
            RenderTableCell {TD} at (336,238) size 8x14 [bgcolor=#072323] [r=17 c=44 rs=1 cs=1]
              RenderInline {FONT} at (0,0) size 3x14
                RenderText {#text} at (0,0) size 3x14
                  text run at (0,0) width 3: " "
            RenderTableCell {TD} at (344,238) size 8x14 [bgcolor=#044F4F] [r=17 c=45 rs=1 cs=1]
              RenderInline {FONT} at (0,0) size 3x14
                RenderText {#text} at (0,0) size 3x14
                  text run at (0,0) width 3: " "
            RenderTableCell {TD} at (352,238) size 8x14 [bgcolor=#026766] [r=17 c=46 rs=1 cs=1]
              RenderInline {FONT} at (0,0) size 3x14
                RenderText {#text} at (0,0) size 3x14
                  text run at (0,0) width 3: " "
            RenderTableCell {TD} at (360,238) size 8x14 [bgcolor=#026766] [r=17 c=47 rs=1 cs=1]
              RenderInline {FONT} at (0,0) size 3x14
                RenderText {#text} at (0,0) size 3x14
                  text run at (0,0) width 3: " "
            RenderTableCell {TD} at (368,238) size 8x14 [bgcolor=#589594] [r=17 c=48 rs=1 cs=1]
              RenderInline {FONT} at (0,0) size 3x14
                RenderText {#text} at (0,0) size 3x14
                  text run at (0,0) width 3: " "
            RenderTableCell {TD} at (376,238) size 8x14 [bgcolor=#848788] [r=17 c=49 rs=1 cs=1]
              RenderInline {FONT} at (0,0) size 3x14
                RenderText {#text} at (0,0) size 3x14
                  text run at (0,0) width 3: " "
            RenderTableCell {TD} at (384,238) size 8x14 [bgcolor=#344C4E] [r=17 c=50 rs=1 cs=1]
              RenderInline {FONT} at (0,0) size 3x14
                RenderText {#text} at (0,0) size 3x14
                  text run at (0,0) width 3: " "
            RenderTableCell {TD} at (392,238) size 8x14 [bgcolor=#083131] [r=17 c=51 rs=1 cs=1]
              RenderInline {FONT} at (0,0) size 3x14
                RenderText {#text} at (0,0) size 3x14
                  text run at (0,0) width 3: " "
            RenderTableCell {TD} at (400,238) size 8x14 [bgcolor=#3D4242] [r=17 c=52 rs=1 cs=1]
              RenderInline {FONT} at (0,0) size 3x14
                RenderText {#text} at (0,0) size 3x14
                  text run at (0,0) width 3: " "
            RenderTableCell {TD} at (408,238) size 8x14 [bgcolor=#696A69] [r=17 c=53 rs=1 cs=1]
              RenderInline {FONT} at (0,0) size 3x14
                RenderText {#text} at (0,0) size 3x14
                  text run at (0,0) width 3: " "
            RenderTableCell {TD} at (416,238) size 8x14 [bgcolor=#848788] [r=17 c=54 rs=1 cs=1]
              RenderInline {FONT} at (0,0) size 3x14
                RenderText {#text} at (0,0) size 3x14
                  text run at (0,0) width 3: " "
            RenderTableCell {TD} at (424,238) size 8x14 [bgcolor=#939494] [r=17 c=55 rs=1 cs=1]
              RenderInline {FONT} at (0,0) size 3x14
                RenderText {#text} at (0,0) size 3x14
                  text run at (0,0) width 3: " "
            RenderTableCell {TD} at (432,238) size 8x14 [bgcolor=#A5A6A6] [r=17 c=56 rs=1 cs=1]
              RenderInline {FONT} at (0,0) size 3x14
                RenderText {#text} at (0,0) size 3x14
                  text run at (0,0) width 3: " "
            RenderTableCell {TD} at (440,238) size 8x14 [bgcolor=#91A3A3] [r=17 c=57 rs=1 cs=1]
              RenderInline {FONT} at (0,0) size 3x14
                RenderText {#text} at (0,0) size 3x14
                  text run at (0,0) width 3: " "
            RenderTableCell {TD} at (448,238) size 8x14 [bgcolor=#848788] [r=17 c=58 rs=1 cs=1]
              RenderInline {FONT} at (0,0) size 3x14
                RenderText {#text} at (0,0) size 3x14
                  text run at (0,0) width 3: " "
            RenderTableCell {TD} at (456,238) size 8x14 [bgcolor=#3D4242] [r=17 c=59 rs=1 cs=1]
              RenderInline {FONT} at (0,0) size 3x14
                RenderText {#text} at (0,0) size 3x14
                  text run at (0,0) width 3: " "
            RenderTableCell {TD} at (464,238) size 8x14 [bgcolor=#848788] [r=17 c=60 rs=1 cs=1]
              RenderInline {FONT} at (0,0) size 3x14
                RenderText {#text} at (0,0) size 3x14
                  text run at (0,0) width 3: " "
            RenderTableCell {TD} at (472,238) size 8x14 [bgcolor=#026766] [r=17 c=61 rs=1 cs=1]
              RenderInline {FONT} at (0,0) size 3x14
                RenderText {#text} at (0,0) size 3x14
                  text run at (0,0) width 3: " "
            RenderTableCell {TD} at (480,238) size 8x14 [bgcolor=#026766] [r=17 c=62 rs=1 cs=1]
              RenderInline {FONT} at (0,0) size 3x14
                RenderText {#text} at (0,0) size 3x14
                  text run at (0,0) width 3: " "
            RenderTableCell {TD} at (488,238) size 8x14 [bgcolor=#025E5E] [r=17 c=63 rs=1 cs=1]
              RenderInline {FONT} at (0,0) size 3x14
                RenderText {#text} at (0,0) size 3x14
                  text run at (0,0) width 3: " "
            RenderTableCell {TD} at (496,238) size 8x14 [bgcolor=#526B6B] [r=17 c=64 rs=1 cs=1]
              RenderInline {FONT} at (0,0) size 3x14
                RenderText {#text} at (0,0) size 3x14
                  text run at (0,0) width 3: " "
            RenderTableCell {TD} at (504,238) size 8x14 [bgcolor=#939494] [r=17 c=65 rs=1 cs=1]
              RenderInline {FONT} at (0,0) size 3x14
                RenderText {#text} at (0,0) size 3x14
                  text run at (0,0) width 3: " "
            RenderTableCell {TD} at (512,238) size 8x14 [bgcolor=#A5A6A6] [r=17 c=66 rs=1 cs=1]
              RenderInline {FONT} at (0,0) size 3x14
                RenderText {#text} at (0,0) size 3x14
                  text run at (0,0) width 3: " "
            RenderTableCell {TD} at (520,238) size 8x14 [bgcolor=#A5A6A6] [r=17 c=67 rs=1 cs=1]
              RenderInline {FONT} at (0,0) size 3x14
                RenderText {#text} at (0,0) size 3x14
                  text run at (0,0) width 3: " "
            RenderTableCell {TD} at (528,238) size 8x14 [bgcolor=#A5A6A6] [r=17 c=68 rs=1 cs=1]
              RenderInline {FONT} at (0,0) size 3x14
                RenderText {#text} at (0,0) size 3x14
                  text run at (0,0) width 3: " "
            RenderTableCell {TD} at (536,238) size 8x14 [bgcolor=#696A69] [r=17 c=69 rs=1 cs=1]
              RenderInline {FONT} at (0,0) size 3x14
                RenderText {#text} at (0,0) size 3x14
                  text run at (0,0) width 3: " "
            RenderTableCell {TD} at (544,238) size 8x14 [bgcolor=#083131] [r=17 c=70 rs=1 cs=1]
              RenderInline {FONT} at (0,0) size 3x14
                RenderText {#text} at (0,0) size 3x14
                  text run at (0,0) width 3: " "
            RenderTableCell {TD} at (552,238) size 8x14 [bgcolor=#647979] [r=17 c=71 rs=1 cs=1]
              RenderInline {FONT} at (0,0) size 3x14
                RenderText {#text} at (0,0) size 3x14
                  text run at (0,0) width 3: " "
            RenderTableCell {TD} at (560,238) size 8x14 [bgcolor=#848788] [r=17 c=72 rs=1 cs=1]
              RenderInline {FONT} at (0,0) size 3x14
                RenderText {#text} at (0,0) size 3x14
                  text run at (0,0) width 3: " "
            RenderTableCell {TD} at (568,238) size 8x14 [bgcolor=#2D3433] [r=17 c=73 rs=1 cs=1]
              RenderInline {FONT} at (0,0) size 3x14
                RenderText {#text} at (0,0) size 3x14
                  text run at (0,0) width 3: " "
            RenderTableCell {TD} at (576,238) size 8x14 [bgcolor=#5E5F60] [r=17 c=74 rs=1 cs=1]
              RenderInline {FONT} at (0,0) size 3x14
                RenderText {#text} at (0,0) size 3x14
                  text run at (0,0) width 3: " "
            RenderTableCell {TD} at (584,238) size 8x14 [bgcolor=#848788] [r=17 c=75 rs=1 cs=1]
              RenderInline {FONT} at (0,0) size 3x14
                RenderText {#text} at (0,0) size 3x14
                  text run at (0,0) width 3: " "
            RenderTableCell {TD} at (592,238) size 8x14 [bgcolor=#939494] [r=17 c=76 rs=1 cs=1]
              RenderInline {FONT} at (0,0) size 3x14
                RenderText {#text} at (0,0) size 3x14
                  text run at (0,0) width 3: " "
            RenderTableCell {TD} at (600,238) size 8x14 [bgcolor=#848788] [r=17 c=77 rs=1 cs=1]
              RenderInline {FONT} at (0,0) size 3x14
                RenderText {#text} at (0,0) size 3x14
                  text run at (0,0) width 3: " "
            RenderTableCell {TD} at (608,238) size 8x14 [bgcolor=#527274] [r=17 c=78 rs=1 cs=1]
              RenderInline {FONT} at (0,0) size 3x14
                RenderText {#text} at (0,0) size 3x14
                  text run at (0,0) width 3: " "
            RenderTableCell {TD} at (616,238) size 8x14 [bgcolor=#7B918F] [r=17 c=79 rs=1 cs=1]
              RenderInline {FONT} at (0,0) size 3x14
                RenderText {#text} at (0,0) size 3x14
                  text run at (0,0) width 3: " "
            RenderTableCell {TD} at (624,238) size 8x14 [bgcolor=#A5A6A6] [r=17 c=80 rs=1 cs=1]
              RenderInline {FONT} at (0,0) size 3x14
                RenderText {#text} at (0,0) size 3x14
                  text run at (0,0) width 3: " "
            RenderTableCell {TD} at (632,238) size 8x14 [bgcolor=#A5A6A6] [r=17 c=81 rs=1 cs=1]
              RenderInline {FONT} at (0,0) size 3x14
                RenderText {#text} at (0,0) size 3x14
                  text run at (0,0) width 3: " "
            RenderTableCell {TD} at (640,238) size 8x14 [bgcolor=#A5A6A6] [r=17 c=82 rs=1 cs=1]
              RenderInline {FONT} at (0,0) size 3x14
                RenderText {#text} at (0,0) size 3x14
                  text run at (0,0) width 3: " "
            RenderTableCell {TD} at (648,238) size 8x14 [bgcolor=#939494] [r=17 c=83 rs=1 cs=1]
              RenderInline {FONT} at (0,0) size 3x14
                RenderText {#text} at (0,0) size 3x14
                  text run at (0,0) width 3: " "
            RenderTableCell {TD} at (656,238) size 8x14 [bgcolor=#5E5F60] [r=17 c=84 rs=1 cs=1]
              RenderInline {FONT} at (0,0) size 3x14
                RenderText {#text} at (0,0) size 3x14
                  text run at (0,0) width 3: " "
            RenderTableCell {TD} at (664,238) size 8x14 [bgcolor=#072323] [r=17 c=85 rs=1 cs=1]
              RenderInline {FONT} at (0,0) size 3x14
                RenderText {#text} at (0,0) size 3x14
                  text run at (0,0) width 3: " "
            RenderTableCell {TD} at (672,238) size 8x14 [bgcolor=#044140] [r=17 c=86 rs=1 cs=1]
              RenderInline {FONT} at (0,0) size 3x14
                RenderText {#text} at (0,0) size 3x14
                  text run at (0,0) width 3: " "
            RenderTableCell {TD} at (680,238) size 8x14 [bgcolor=#026766] [r=17 c=87 rs=1 cs=1]
              RenderInline {FONT} at (0,0) size 3x14
                RenderText {#text} at (0,0) size 3x14
                  text run at (0,0) width 3: " "
            RenderTableCell {TD} at (688,238) size 8x14 [bgcolor=#026766] [r=17 c=88 rs=1 cs=1]
              RenderInline {FONT} at (0,0) size 3x14
                RenderText {#text} at (0,0) size 3x14
                  text run at (0,0) width 3: " "
            RenderTableCell {TD} at (696,238) size 8x14 [bgcolor=#026766] [r=17 c=89 rs=1 cs=1]
              RenderInline {FONT} at (0,0) size 3x14
                RenderText {#text} at (0,0) size 3x14
                  text run at (0,0) width 3: " "
            RenderTableCell {TD} at (704,238) size 8x14 [bgcolor=#026766] [r=17 c=90 rs=1 cs=1]
              RenderInline {FONT} at (0,0) size 3x14
                RenderText {#text} at (0,0) size 3x14
                  text run at (0,0) width 3: " "
            RenderTableCell {TD} at (712,238) size 8x14 [bgcolor=#287A7A] [r=17 c=91 rs=1 cs=1]
              RenderInline {FONT} at (0,0) size 3x14
                RenderText {#text} at (0,0) size 3x14
                  text run at (0,0) width 3: " "
            RenderTableCell {TD} at (720,238) size 8x14 [bgcolor=#939494] [r=17 c=92 rs=1 cs=1]
              RenderInline {FONT} at (0,0) size 3x14
                RenderText {#text} at (0,0) size 3x14
                  text run at (0,0) width 3: " "
            RenderTableCell {TD} at (728,238) size 8x14 [bgcolor=#939494] [r=17 c=93 rs=1 cs=1]
              RenderInline {FONT} at (0,0) size 3x14
                RenderText {#text} at (0,0) size 3x14
                  text run at (0,0) width 3: " "
            RenderTableCell {TD} at (736,238) size 8x14 [bgcolor=#939494] [r=17 c=94 rs=1 cs=1]
              RenderInline {FONT} at (0,0) size 3x14
                RenderText {#text} at (0,0) size 3x14
                  text run at (0,0) width 3: " "
            RenderTableCell {TD} at (744,238) size 8x14 [bgcolor=#4D4F4F] [r=17 c=95 rs=1 cs=1]
              RenderInline {FONT} at (0,0) size 3x14
                RenderText {#text} at (0,0) size 3x14
                  text run at (0,0) width 3: " "
            RenderTableCell {TD} at (752,238) size 8x14 [bgcolor=#696A69] [r=17 c=96 rs=1 cs=1]
              RenderInline {FONT} at (0,0) size 3x14
                RenderText {#text} at (0,0) size 3x14
                  text run at (0,0) width 3: " "
            RenderTableCell {TD} at (760,238) size 8x14 [bgcolor=#848788] [r=17 c=97 rs=1 cs=1]
              RenderInline {FONT} at (0,0) size 3x14
                RenderText {#text} at (0,0) size 3x14
                  text run at (0,0) width 3: " "
            RenderTableCell {TD} at (768,238) size 8x14 [bgcolor=#777878] [r=17 c=98 rs=1 cs=1]
              RenderInline {FONT} at (0,0) size 3x14
                RenderText {#text} at (0,0) size 3x14
                  text run at (0,0) width 3: " "
            RenderTableCell {TD} at (776,238) size 8x14 [bgcolor=#4D4F4F] [r=17 c=99 rs=1 cs=1]
              RenderInline {FONT} at (0,0) size 3x14
                RenderText {#text} at (0,0) size 3x14
                  text run at (0,0) width 3: " "
          RenderTableRow {TR} at (0,252) size 784x14
            RenderTableCell {TD} at (0,252) size 7x14 [bgcolor=#FDFDFB] [r=18 c=0 rs=1 cs=1]
              RenderInline {FONT} at (0,0) size 3x14
                RenderText {#text} at (0,0) size 3x14
                  text run at (0,0) width 3: " "
            RenderTableCell {TD} at (7,252) size 7x14 [bgcolor=#EDEEEF] [r=18 c=1 rs=1 cs=1]
              RenderInline {FONT} at (0,0) size 3x14
                RenderText {#text} at (0,0) size 3x14
                  text run at (0,0) width 3: " "
            RenderTableCell {TD} at (14,252) size 7x14 [bgcolor=#7CAEAF] [r=18 c=2 rs=1 cs=1]
              RenderInline {FONT} at (0,0) size 3x14
                RenderText {#text} at (0,0) size 3x14
                  text run at (0,0) width 3: " "
            RenderTableCell {TD} at (21,252) size 7x14 [bgcolor=#025E5E] [r=18 c=3 rs=1 cs=1]
              RenderInline {FONT} at (0,0) size 3x14
                RenderText {#text} at (0,0) size 3x14
                  text run at (0,0) width 3: " "
            RenderTableCell {TD} at (28,252) size 7x14 [bgcolor=#025E5E] [r=18 c=4 rs=1 cs=1]
              RenderInline {FONT} at (0,0) size 3x14
                RenderText {#text} at (0,0) size 3x14
                  text run at (0,0) width 3: " "
            RenderTableCell {TD} at (35,252) size 7x14 [bgcolor=#044F4F] [r=18 c=5 rs=1 cs=1]
              RenderInline {FONT} at (0,0) size 3x14
                RenderText {#text} at (0,0) size 3x14
                  text run at (0,0) width 3: " "
            RenderTableCell {TD} at (42,252) size 7x14 [bgcolor=#044F4F] [r=18 c=6 rs=1 cs=1]
              RenderInline {FONT} at (0,0) size 3x14
                RenderText {#text} at (0,0) size 3x14
                  text run at (0,0) width 3: " "
            RenderTableCell {TD} at (49,252) size 7x14 [bgcolor=#044F4F] [r=18 c=7 rs=1 cs=1]
              RenderInline {FONT} at (0,0) size 3x14
                RenderText {#text} at (0,0) size 3x14
                  text run at (0,0) width 3: " "
            RenderTableCell {TD} at (56,252) size 7x14 [bgcolor=#044F4F] [r=18 c=8 rs=1 cs=1]
              RenderInline {FONT} at (0,0) size 3x14
                RenderText {#text} at (0,0) size 3x14
                  text run at (0,0) width 3: " "
            RenderTableCell {TD} at (63,252) size 7x14 [bgcolor=#044F4F] [r=18 c=9 rs=1 cs=1]
              RenderInline {FONT} at (0,0) size 3x14
                RenderText {#text} at (0,0) size 3x14
                  text run at (0,0) width 3: " "
            RenderTableCell {TD} at (70,252) size 7x14 [bgcolor=#044F4F] [r=18 c=10 rs=1 cs=1]
              RenderInline {FONT} at (0,0) size 3x14
                RenderText {#text} at (0,0) size 3x14
                  text run at (0,0) width 3: " "
            RenderTableCell {TD} at (77,252) size 7x14 [bgcolor=#025E5E] [r=18 c=11 rs=1 cs=1]
              RenderInline {FONT} at (0,0) size 3x14
                RenderText {#text} at (0,0) size 3x14
                  text run at (0,0) width 3: " "
            RenderTableCell {TD} at (84,252) size 7x14 [bgcolor=#025E5E] [r=18 c=12 rs=1 cs=1]
              RenderInline {FONT} at (0,0) size 3x14
                RenderText {#text} at (0,0) size 3x14
                  text run at (0,0) width 3: " "
            RenderTableCell {TD} at (91,252) size 7x14 [bgcolor=#044140] [r=18 c=13 rs=1 cs=1]
              RenderInline {FONT} at (0,0) size 3x14
                RenderText {#text} at (0,0) size 3x14
                  text run at (0,0) width 3: " "
            RenderTableCell {TD} at (98,252) size 7x14 [bgcolor=#223C3D] [r=18 c=14 rs=1 cs=1]
              RenderInline {FONT} at (0,0) size 3x14
                RenderText {#text} at (0,0) size 3x14
                  text run at (0,0) width 3: " "
            RenderTableCell {TD} at (105,252) size 7x14 [bgcolor=#515C5B] [r=18 c=15 rs=1 cs=1]
              RenderInline {FONT} at (0,0) size 3x14
                RenderText {#text} at (0,0) size 3x14
                  text run at (0,0) width 3: " "
            RenderTableCell {TD} at (112,252) size 8x14 [bgcolor=#696A69] [r=18 c=16 rs=1 cs=1]
              RenderInline {FONT} at (0,0) size 3x14
                RenderText {#text} at (0,0) size 3x14
                  text run at (0,0) width 3: " "
            RenderTableCell {TD} at (120,252) size 8x14 [bgcolor=#777878] [r=18 c=17 rs=1 cs=1]
              RenderInline {FONT} at (0,0) size 3x14
                RenderText {#text} at (0,0) size 3x14
                  text run at (0,0) width 3: " "
            RenderTableCell {TD} at (128,252) size 8x14 [bgcolor=#777878] [r=18 c=18 rs=1 cs=1]
              RenderInline {FONT} at (0,0) size 3x14
                RenderText {#text} at (0,0) size 3x14
                  text run at (0,0) width 3: " "
            RenderTableCell {TD} at (136,252) size 8x14 [bgcolor=#1E7A79] [r=18 c=19 rs=1 cs=1]
              RenderInline {FONT} at (0,0) size 3x14
                RenderText {#text} at (0,0) size 3x14
                  text run at (0,0) width 3: " "
            RenderTableCell {TD} at (144,252) size 8x14 [bgcolor=#027777] [r=18 c=20 rs=1 cs=1]
              RenderInline {FONT} at (0,0) size 3x14
                RenderText {#text} at (0,0) size 3x14
                  text run at (0,0) width 3: " "
            RenderTableCell {TD} at (152,252) size 8x14 [bgcolor=#026766] [r=18 c=21 rs=1 cs=1]
              RenderInline {FONT} at (0,0) size 3x14
                RenderText {#text} at (0,0) size 3x14
                  text run at (0,0) width 3: " "
            RenderTableCell {TD} at (160,252) size 8x14 [bgcolor=#025E5E] [r=18 c=22 rs=1 cs=1]
              RenderInline {FONT} at (0,0) size 3x14
                RenderText {#text} at (0,0) size 3x14
                  text run at (0,0) width 3: " "
            RenderTableCell {TD} at (168,252) size 8x14 [bgcolor=#044F4F] [r=18 c=23 rs=1 cs=1]
              RenderInline {FONT} at (0,0) size 3x14
                RenderText {#text} at (0,0) size 3x14
                  text run at (0,0) width 3: " "
            RenderTableCell {TD} at (176,252) size 8x14 [bgcolor=#044F4F] [r=18 c=24 rs=1 cs=1]
              RenderInline {FONT} at (0,0) size 3x14
                RenderText {#text} at (0,0) size 3x14
                  text run at (0,0) width 3: " "
            RenderTableCell {TD} at (184,252) size 8x14 [bgcolor=#044F4F] [r=18 c=25 rs=1 cs=1]
              RenderInline {FONT} at (0,0) size 3x14
                RenderText {#text} at (0,0) size 3x14
                  text run at (0,0) width 3: " "
            RenderTableCell {TD} at (192,252) size 8x14 [bgcolor=#044140] [r=18 c=26 rs=1 cs=1]
              RenderInline {FONT} at (0,0) size 3x14
                RenderText {#text} at (0,0) size 3x14
                  text run at (0,0) width 3: " "
            RenderTableCell {TD} at (200,252) size 8x14 [bgcolor=#044F4F] [r=18 c=27 rs=1 cs=1]
              RenderInline {FONT} at (0,0) size 3x14
                RenderText {#text} at (0,0) size 3x14
                  text run at (0,0) width 3: " "
            RenderTableCell {TD} at (208,252) size 8x14 [bgcolor=#044F4F] [r=18 c=28 rs=1 cs=1]
              RenderInline {FONT} at (0,0) size 3x14
                RenderText {#text} at (0,0) size 3x14
                  text run at (0,0) width 3: " "
            RenderTableCell {TD} at (216,252) size 8x14 [bgcolor=#044140] [r=18 c=29 rs=1 cs=1]
              RenderInline {FONT} at (0,0) size 3x14
                RenderText {#text} at (0,0) size 3x14
                  text run at (0,0) width 3: " "
            RenderTableCell {TD} at (224,252) size 8x14 [bgcolor=#072323] [r=18 c=30 rs=1 cs=1]
              RenderInline {FONT} at (0,0) size 3x14
                RenderText {#text} at (0,0) size 3x14
                  text run at (0,0) width 3: " "
            RenderTableCell {TD} at (232,252) size 8x14 [bgcolor=#2D3433] [r=18 c=31 rs=1 cs=1]
              RenderInline {FONT} at (0,0) size 3x14
                RenderText {#text} at (0,0) size 3x14
                  text run at (0,0) width 3: " "
            RenderTableCell {TD} at (240,252) size 8x14 [bgcolor=#3D4242] [r=18 c=32 rs=1 cs=1]
              RenderInline {FONT} at (0,0) size 3x14
                RenderText {#text} at (0,0) size 3x14
                  text run at (0,0) width 3: " "
            RenderTableCell {TD} at (248,252) size 8x14 [bgcolor=#696A69] [r=18 c=33 rs=1 cs=1]
              RenderInline {FONT} at (0,0) size 3x14
                RenderText {#text} at (0,0) size 3x14
                  text run at (0,0) width 3: " "
            RenderTableCell {TD} at (256,252) size 8x14 [bgcolor=#848788] [r=18 c=34 rs=1 cs=1]
              RenderInline {FONT} at (0,0) size 3x14
                RenderText {#text} at (0,0) size 3x14
                  text run at (0,0) width 3: " "
            RenderTableCell {TD} at (264,252) size 8x14 [bgcolor=#848788] [r=18 c=35 rs=1 cs=1]
              RenderInline {FONT} at (0,0) size 3x14
                RenderText {#text} at (0,0) size 3x14
                  text run at (0,0) width 3: " "
            RenderTableCell {TD} at (272,252) size 8x14 [bgcolor=#027777] [r=18 c=36 rs=1 cs=1]
              RenderInline {FONT} at (0,0) size 3x14
                RenderText {#text} at (0,0) size 3x14
                  text run at (0,0) width 3: " "
            RenderTableCell {TD} at (280,252) size 8x14 [bgcolor=#026766] [r=18 c=37 rs=1 cs=1]
              RenderInline {FONT} at (0,0) size 3x14
                RenderText {#text} at (0,0) size 3x14
                  text run at (0,0) width 3: " "
            RenderTableCell {TD} at (288,252) size 8x14 [bgcolor=#025E5E] [r=18 c=38 rs=1 cs=1]
              RenderInline {FONT} at (0,0) size 3x14
                RenderText {#text} at (0,0) size 3x14
                  text run at (0,0) width 3: " "
            RenderTableCell {TD} at (296,252) size 8x14 [bgcolor=#044F4F] [r=18 c=39 rs=1 cs=1]
              RenderInline {FONT} at (0,0) size 3x14
                RenderText {#text} at (0,0) size 3x14
                  text run at (0,0) width 3: " "
            RenderTableCell {TD} at (304,252) size 8x14 [bgcolor=#044F4F] [r=18 c=40 rs=1 cs=1]
              RenderInline {FONT} at (0,0) size 3x14
                RenderText {#text} at (0,0) size 3x14
                  text run at (0,0) width 3: " "
            RenderTableCell {TD} at (312,252) size 8x14 [bgcolor=#044F4F] [r=18 c=41 rs=1 cs=1]
              RenderInline {FONT} at (0,0) size 3x14
                RenderText {#text} at (0,0) size 3x14
                  text run at (0,0) width 3: " "
            RenderTableCell {TD} at (320,252) size 8x14 [bgcolor=#044F4F] [r=18 c=42 rs=1 cs=1]
              RenderInline {FONT} at (0,0) size 3x14
                RenderText {#text} at (0,0) size 3x14
                  text run at (0,0) width 3: " "
            RenderTableCell {TD} at (328,252) size 8x14 [bgcolor=#044F4F] [r=18 c=43 rs=1 cs=1]
              RenderInline {FONT} at (0,0) size 3x14
                RenderText {#text} at (0,0) size 3x14
                  text run at (0,0) width 3: " "
            RenderTableCell {TD} at (336,252) size 8x14 [bgcolor=#025E5E] [r=18 c=44 rs=1 cs=1]
              RenderInline {FONT} at (0,0) size 3x14
                RenderText {#text} at (0,0) size 3x14
                  text run at (0,0) width 3: " "
            RenderTableCell {TD} at (344,252) size 8x14 [bgcolor=#026766] [r=18 c=45 rs=1 cs=1]
              RenderInline {FONT} at (0,0) size 3x14
                RenderText {#text} at (0,0) size 3x14
                  text run at (0,0) width 3: " "
            RenderTableCell {TD} at (352,252) size 8x14 [bgcolor=#026766] [r=18 c=46 rs=1 cs=1]
              RenderInline {FONT} at (0,0) size 3x14
                RenderText {#text} at (0,0) size 3x14
                  text run at (0,0) width 3: " "
            RenderTableCell {TD} at (360,252) size 8x14 [bgcolor=#026766] [r=18 c=47 rs=1 cs=1]
              RenderInline {FONT} at (0,0) size 3x14
                RenderText {#text} at (0,0) size 3x14
                  text run at (0,0) width 3: " "
            RenderTableCell {TD} at (368,252) size 8x14 [bgcolor=#025E5E] [r=18 c=48 rs=1 cs=1]
              RenderInline {FONT} at (0,0) size 3x14
                RenderText {#text} at (0,0) size 3x14
                  text run at (0,0) width 3: " "
            RenderTableCell {TD} at (376,252) size 8x14 [bgcolor=#044F4F] [r=18 c=49 rs=1 cs=1]
              RenderInline {FONT} at (0,0) size 3x14
                RenderText {#text} at (0,0) size 3x14
                  text run at (0,0) width 3: " "
            RenderTableCell {TD} at (384,252) size 8x14 [bgcolor=#044140] [r=18 c=50 rs=1 cs=1]
              RenderInline {FONT} at (0,0) size 3x14
                RenderText {#text} at (0,0) size 3x14
                  text run at (0,0) width 3: " "
            RenderTableCell {TD} at (392,252) size 8x14 [bgcolor=#083131] [r=18 c=51 rs=1 cs=1]
              RenderInline {FONT} at (0,0) size 3x14
                RenderText {#text} at (0,0) size 3x14
                  text run at (0,0) width 3: " "
            RenderTableCell {TD} at (400,252) size 8x14 [bgcolor=#3D4242] [r=18 c=52 rs=1 cs=1]
              RenderInline {FONT} at (0,0) size 3x14
                RenderText {#text} at (0,0) size 3x14
                  text run at (0,0) width 3: " "
            RenderTableCell {TD} at (408,252) size 8x14 [bgcolor=#696A69] [r=18 c=53 rs=1 cs=1]
              RenderInline {FONT} at (0,0) size 3x14
                RenderText {#text} at (0,0) size 3x14
                  text run at (0,0) width 3: " "
            RenderTableCell {TD} at (416,252) size 8x14 [bgcolor=#848788] [r=18 c=54 rs=1 cs=1]
              RenderInline {FONT} at (0,0) size 3x14
                RenderText {#text} at (0,0) size 3x14
                  text run at (0,0) width 3: " "
            RenderTableCell {TD} at (424,252) size 8x14 [bgcolor=#939494] [r=18 c=55 rs=1 cs=1]
              RenderInline {FONT} at (0,0) size 3x14
                RenderText {#text} at (0,0) size 3x14
                  text run at (0,0) width 3: " "
            RenderTableCell {TD} at (432,252) size 8x14 [bgcolor=#939494] [r=18 c=56 rs=1 cs=1]
              RenderInline {FONT} at (0,0) size 3x14
                RenderText {#text} at (0,0) size 3x14
                  text run at (0,0) width 3: " "
            RenderTableCell {TD} at (440,252) size 8x14 [bgcolor=#848788] [r=18 c=57 rs=1 cs=1]
              RenderInline {FONT} at (0,0) size 3x14
                RenderText {#text} at (0,0) size 3x14
                  text run at (0,0) width 3: " "
            RenderTableCell {TD} at (448,252) size 8x14 [bgcolor=#777878] [r=18 c=58 rs=1 cs=1]
              RenderInline {FONT} at (0,0) size 3x14
                RenderText {#text} at (0,0) size 3x14
                  text run at (0,0) width 3: " "
            RenderTableCell {TD} at (456,252) size 8x14 [bgcolor=#848788] [r=18 c=59 rs=1 cs=1]
              RenderInline {FONT} at (0,0) size 3x14
                RenderText {#text} at (0,0) size 3x14
                  text run at (0,0) width 3: " "
            RenderTableCell {TD} at (464,252) size 8x14 [bgcolor=#848788] [r=18 c=60 rs=1 cs=1]
              RenderInline {FONT} at (0,0) size 3x14
                RenderText {#text} at (0,0) size 3x14
                  text run at (0,0) width 3: " "
            RenderTableCell {TD} at (472,252) size 8x14 [bgcolor=#1A6B6A] [r=18 c=61 rs=1 cs=1]
              RenderInline {FONT} at (0,0) size 3x14
                RenderText {#text} at (0,0) size 3x14
                  text run at (0,0) width 3: " "
            RenderTableCell {TD} at (480,252) size 8x14 [bgcolor=#026766] [r=18 c=62 rs=1 cs=1]
              RenderInline {FONT} at (0,0) size 3x14
                RenderText {#text} at (0,0) size 3x14
                  text run at (0,0) width 3: " "
            RenderTableCell {TD} at (488,252) size 8x14 [bgcolor=#026766] [r=18 c=63 rs=1 cs=1]
              RenderInline {FONT} at (0,0) size 3x14
                RenderText {#text} at (0,0) size 3x14
                  text run at (0,0) width 3: " "
            RenderTableCell {TD} at (496,252) size 8x14 [bgcolor=#025E5E] [r=18 c=64 rs=1 cs=1]
              RenderInline {FONT} at (0,0) size 3x14
                RenderText {#text} at (0,0) size 3x14
                  text run at (0,0) width 3: " "
            RenderTableCell {TD} at (504,252) size 8x14 [bgcolor=#044F4F] [r=18 c=65 rs=1 cs=1]
              RenderInline {FONT} at (0,0) size 3x14
                RenderText {#text} at (0,0) size 3x14
                  text run at (0,0) width 3: " "
            RenderTableCell {TD} at (512,252) size 8x14 [bgcolor=#044F4F] [r=18 c=66 rs=1 cs=1]
              RenderInline {FONT} at (0,0) size 3x14
                RenderText {#text} at (0,0) size 3x14
                  text run at (0,0) width 3: " "
            RenderTableCell {TD} at (520,252) size 8x14 [bgcolor=#044F4F] [r=18 c=67 rs=1 cs=1]
              RenderInline {FONT} at (0,0) size 3x14
                RenderText {#text} at (0,0) size 3x14
                  text run at (0,0) width 3: " "
            RenderTableCell {TD} at (528,252) size 8x14 [bgcolor=#044F4F] [r=18 c=68 rs=1 cs=1]
              RenderInline {FONT} at (0,0) size 3x14
                RenderText {#text} at (0,0) size 3x14
                  text run at (0,0) width 3: " "
            RenderTableCell {TD} at (536,252) size 8x14 [bgcolor=#044F4F] [r=18 c=69 rs=1 cs=1]
              RenderInline {FONT} at (0,0) size 3x14
                RenderText {#text} at (0,0) size 3x14
                  text run at (0,0) width 3: " "
            RenderTableCell {TD} at (544,252) size 8x14 [bgcolor=#025E5E] [r=18 c=70 rs=1 cs=1]
              RenderInline {FONT} at (0,0) size 3x14
                RenderText {#text} at (0,0) size 3x14
                  text run at (0,0) width 3: " "
            RenderTableCell {TD} at (552,252) size 8x14 [bgcolor=#025E5E] [r=18 c=71 rs=1 cs=1]
              RenderInline {FONT} at (0,0) size 3x14
                RenderText {#text} at (0,0) size 3x14
                  text run at (0,0) width 3: " "
            RenderTableCell {TD} at (560,252) size 8x14 [bgcolor=#044140] [r=18 c=72 rs=1 cs=1]
              RenderInline {FONT} at (0,0) size 3x14
                RenderText {#text} at (0,0) size 3x14
                  text run at (0,0) width 3: " "
            RenderTableCell {TD} at (568,252) size 8x14 [bgcolor=#223C3D] [r=18 c=73 rs=1 cs=1]
              RenderInline {FONT} at (0,0) size 3x14
                RenderText {#text} at (0,0) size 3x14
                  text run at (0,0) width 3: " "
            RenderTableCell {TD} at (576,252) size 8x14 [bgcolor=#5E5F60] [r=18 c=74 rs=1 cs=1]
              RenderInline {FONT} at (0,0) size 3x14
                RenderText {#text} at (0,0) size 3x14
                  text run at (0,0) width 3: " "
            RenderTableCell {TD} at (584,252) size 8x14 [bgcolor=#777878] [r=18 c=75 rs=1 cs=1]
              RenderInline {FONT} at (0,0) size 3x14
                RenderText {#text} at (0,0) size 3x14
                  text run at (0,0) width 3: " "
            RenderTableCell {TD} at (592,252) size 8x14 [bgcolor=#939494] [r=18 c=76 rs=1 cs=1]
              RenderInline {FONT} at (0,0) size 3x14
                RenderText {#text} at (0,0) size 3x14
                  text run at (0,0) width 3: " "
            RenderTableCell {TD} at (600,252) size 8x14 [bgcolor=#939494] [r=18 c=77 rs=1 cs=1]
              RenderInline {FONT} at (0,0) size 3x14
                RenderText {#text} at (0,0) size 3x14
                  text run at (0,0) width 3: " "
            RenderTableCell {TD} at (608,252) size 8x14 [bgcolor=#1B8685] [r=18 c=78 rs=1 cs=1]
              RenderInline {FONT} at (0,0) size 3x14
                RenderText {#text} at (0,0) size 3x14
                  text run at (0,0) width 3: " "
            RenderTableCell {TD} at (616,252) size 8x14 [bgcolor=#026766] [r=18 c=79 rs=1 cs=1]
              RenderInline {FONT} at (0,0) size 3x14
                RenderText {#text} at (0,0) size 3x14
                  text run at (0,0) width 3: " "
            RenderTableCell {TD} at (624,252) size 8x14 [bgcolor=#025E5E] [r=18 c=80 rs=1 cs=1]
              RenderInline {FONT} at (0,0) size 3x14
                RenderText {#text} at (0,0) size 3x14
                  text run at (0,0) width 3: " "
            RenderTableCell {TD} at (632,252) size 8x14 [bgcolor=#044F4F] [r=18 c=81 rs=1 cs=1]
              RenderInline {FONT} at (0,0) size 3x14
                RenderText {#text} at (0,0) size 3x14
                  text run at (0,0) width 3: " "
            RenderTableCell {TD} at (640,252) size 8x14 [bgcolor=#044F4F] [r=18 c=82 rs=1 cs=1]
              RenderInline {FONT} at (0,0) size 3x14
                RenderText {#text} at (0,0) size 3x14
                  text run at (0,0) width 3: " "
            RenderTableCell {TD} at (648,252) size 8x14 [bgcolor=#044F4F] [r=18 c=83 rs=1 cs=1]
              RenderInline {FONT} at (0,0) size 3x14
                RenderText {#text} at (0,0) size 3x14
                  text run at (0,0) width 3: " "
            RenderTableCell {TD} at (656,252) size 8x14 [bgcolor=#044F4F] [r=18 c=84 rs=1 cs=1]
              RenderInline {FONT} at (0,0) size 3x14
                RenderText {#text} at (0,0) size 3x14
                  text run at (0,0) width 3: " "
            RenderTableCell {TD} at (664,252) size 8x14 [bgcolor=#025E5E] [r=18 c=85 rs=1 cs=1]
              RenderInline {FONT} at (0,0) size 3x14
                RenderText {#text} at (0,0) size 3x14
                  text run at (0,0) width 3: " "
            RenderTableCell {TD} at (672,252) size 8x14 [bgcolor=#026766] [r=18 c=86 rs=1 cs=1]
              RenderInline {FONT} at (0,0) size 3x14
                RenderText {#text} at (0,0) size 3x14
                  text run at (0,0) width 3: " "
            RenderTableCell {TD} at (680,252) size 8x14 [bgcolor=#026766] [r=18 c=87 rs=1 cs=1]
              RenderInline {FONT} at (0,0) size 3x14
                RenderText {#text} at (0,0) size 3x14
                  text run at (0,0) width 3: " "
            RenderTableCell {TD} at (688,252) size 8x14 [bgcolor=#026766] [r=18 c=88 rs=1 cs=1]
              RenderInline {FONT} at (0,0) size 3x14
                RenderText {#text} at (0,0) size 3x14
                  text run at (0,0) width 3: " "
            RenderTableCell {TD} at (696,252) size 8x14 [bgcolor=#026766] [r=18 c=89 rs=1 cs=1]
              RenderInline {FONT} at (0,0) size 3x14
                RenderText {#text} at (0,0) size 3x14
                  text run at (0,0) width 3: " "
            RenderTableCell {TD} at (704,252) size 8x14 [bgcolor=#026766] [r=18 c=90 rs=1 cs=1]
              RenderInline {FONT} at (0,0) size 3x14
                RenderText {#text} at (0,0) size 3x14
                  text run at (0,0) width 3: " "
            RenderTableCell {TD} at (712,252) size 8x14 [bgcolor=#025E5E] [r=18 c=91 rs=1 cs=1]
              RenderInline {FONT} at (0,0) size 3x14
                RenderText {#text} at (0,0) size 3x14
                  text run at (0,0) width 3: " "
            RenderTableCell {TD} at (720,252) size 8x14 [bgcolor=#044F4F] [r=18 c=92 rs=1 cs=1]
              RenderInline {FONT} at (0,0) size 3x14
                RenderText {#text} at (0,0) size 3x14
                  text run at (0,0) width 3: " "
            RenderTableCell {TD} at (728,252) size 8x14 [bgcolor=#083131] [r=18 c=93 rs=1 cs=1]
              RenderInline {FONT} at (0,0) size 3x14
                RenderText {#text} at (0,0) size 3x14
                  text run at (0,0) width 3: " "
            RenderTableCell {TD} at (736,252) size 8x14 [bgcolor=#1C2524] [r=18 c=94 rs=1 cs=1]
              RenderInline {FONT} at (0,0) size 3x14
                RenderText {#text} at (0,0) size 3x14
                  text run at (0,0) width 3: " "
            RenderTableCell {TD} at (744,252) size 8x14 [bgcolor=#4D4F4F] [r=18 c=95 rs=1 cs=1]
              RenderInline {FONT} at (0,0) size 3x14
                RenderText {#text} at (0,0) size 3x14
                  text run at (0,0) width 3: " "
            RenderTableCell {TD} at (752,252) size 8x14 [bgcolor=#777878] [r=18 c=96 rs=1 cs=1]
              RenderInline {FONT} at (0,0) size 3x14
                RenderText {#text} at (0,0) size 3x14
                  text run at (0,0) width 3: " "
            RenderTableCell {TD} at (760,252) size 8x14 [bgcolor=#848788] [r=18 c=97 rs=1 cs=1]
              RenderInline {FONT} at (0,0) size 3x14
                RenderText {#text} at (0,0) size 3x14
                  text run at (0,0) width 3: " "
            RenderTableCell {TD} at (768,252) size 8x14 [bgcolor=#777878] [r=18 c=98 rs=1 cs=1]
              RenderInline {FONT} at (0,0) size 3x14
                RenderText {#text} at (0,0) size 3x14
                  text run at (0,0) width 3: " "
            RenderTableCell {TD} at (776,252) size 8x14 [bgcolor=#4D4F4F] [r=18 c=99 rs=1 cs=1]
              RenderInline {FONT} at (0,0) size 3x14
                RenderText {#text} at (0,0) size 3x14
                  text run at (0,0) width 3: " "
          RenderTableRow {TR} at (0,266) size 784x14
            RenderTableCell {TD} at (0,266) size 7x14 [bgcolor=#FDFDFB] [r=19 c=0 rs=1 cs=1]
              RenderInline {FONT} at (0,0) size 3x14
                RenderText {#text} at (0,0) size 3x14
                  text run at (0,0) width 3: " "
            RenderTableCell {TD} at (7,266) size 7x14 [bgcolor=#FDFDFB] [r=19 c=1 rs=1 cs=1]
              RenderInline {FONT} at (0,0) size 3x14
                RenderText {#text} at (0,0) size 3x14
                  text run at (0,0) width 3: " "
            RenderTableCell {TD} at (14,266) size 7x14 [bgcolor=#DEDFDF] [r=19 c=2 rs=1 cs=1]
              RenderInline {FONT} at (0,0) size 3x14
                RenderText {#text} at (0,0) size 3x14
                  text run at (0,0) width 3: " "
            RenderTableCell {TD} at (21,266) size 7x14 [bgcolor=#5A8787] [r=19 c=3 rs=1 cs=1]
              RenderInline {FONT} at (0,0) size 3x14
                RenderText {#text} at (0,0) size 3x14
                  text run at (0,0) width 3: " "
            RenderTableCell {TD} at (28,266) size 7x14 [bgcolor=#025E5E] [r=19 c=4 rs=1 cs=1]
              RenderInline {FONT} at (0,0) size 3x14
                RenderText {#text} at (0,0) size 3x14
                  text run at (0,0) width 3: " "
            RenderTableCell {TD} at (35,266) size 7x14 [bgcolor=#025E5E] [r=19 c=5 rs=1 cs=1]
              RenderInline {FONT} at (0,0) size 3x14
                RenderText {#text} at (0,0) size 3x14
                  text run at (0,0) width 3: " "
            RenderTableCell {TD} at (42,266) size 7x14 [bgcolor=#025E5E] [r=19 c=6 rs=1 cs=1]
              RenderInline {FONT} at (0,0) size 3x14
                RenderText {#text} at (0,0) size 3x14
                  text run at (0,0) width 3: " "
            RenderTableCell {TD} at (49,266) size 7x14 [bgcolor=#026766] [r=19 c=7 rs=1 cs=1]
              RenderInline {FONT} at (0,0) size 3x14
                RenderText {#text} at (0,0) size 3x14
                  text run at (0,0) width 3: " "
            RenderTableCell {TD} at (56,266) size 7x14 [bgcolor=#026766] [r=19 c=8 rs=1 cs=1]
              RenderInline {FONT} at (0,0) size 3x14
                RenderText {#text} at (0,0) size 3x14
                  text run at (0,0) width 3: " "
            RenderTableCell {TD} at (63,266) size 7x14 [bgcolor=#026766] [r=19 c=9 rs=1 cs=1]
              RenderInline {FONT} at (0,0) size 3x14
                RenderText {#text} at (0,0) size 3x14
                  text run at (0,0) width 3: " "
            RenderTableCell {TD} at (70,266) size 7x14 [bgcolor=#026766] [r=19 c=10 rs=1 cs=1]
              RenderInline {FONT} at (0,0) size 3x14
                RenderText {#text} at (0,0) size 3x14
                  text run at (0,0) width 3: " "
            RenderTableCell {TD} at (77,266) size 7x14 [bgcolor=#025E5E] [r=19 c=11 rs=1 cs=1]
              RenderInline {FONT} at (0,0) size 3x14
                RenderText {#text} at (0,0) size 3x14
                  text run at (0,0) width 3: " "
            RenderTableCell {TD} at (84,266) size 7x14 [bgcolor=#025E5E] [r=19 c=12 rs=1 cs=1]
              RenderInline {FONT} at (0,0) size 3x14
                RenderText {#text} at (0,0) size 3x14
                  text run at (0,0) width 3: " "
            RenderTableCell {TD} at (91,266) size 7x14 [bgcolor=#044140] [r=19 c=13 rs=1 cs=1]
              RenderInline {FONT} at (0,0) size 3x14
                RenderText {#text} at (0,0) size 3x14
                  text run at (0,0) width 3: " "
            RenderTableCell {TD} at (98,266) size 7x14 [bgcolor=#223C3D] [r=19 c=14 rs=1 cs=1]
              RenderInline {FONT} at (0,0) size 3x14
                RenderText {#text} at (0,0) size 3x14
                  text run at (0,0) width 3: " "
            RenderTableCell {TD} at (105,266) size 7x14 [bgcolor=#4D4F4F] [r=19 c=15 rs=1 cs=1]
              RenderInline {FONT} at (0,0) size 3x14
                RenderText {#text} at (0,0) size 3x14
                  text run at (0,0) width 3: " "
            RenderTableCell {TD} at (112,266) size 8x14 [bgcolor=#777878] [r=19 c=16 rs=1 cs=1]
              RenderInline {FONT} at (0,0) size 3x14
                RenderText {#text} at (0,0) size 3x14
                  text run at (0,0) width 3: " "
            RenderTableCell {TD} at (120,266) size 8x14 [bgcolor=#848788] [r=19 c=17 rs=1 cs=1]
              RenderInline {FONT} at (0,0) size 3x14
                RenderText {#text} at (0,0) size 3x14
                  text run at (0,0) width 3: " "
            RenderTableCell {TD} at (128,266) size 8x14 [bgcolor=#848788] [r=19 c=18 rs=1 cs=1]
              RenderInline {FONT} at (0,0) size 3x14
                RenderText {#text} at (0,0) size 3x14
                  text run at (0,0) width 3: " "
            RenderTableCell {TD} at (136,266) size 8x14 [bgcolor=#1B8685] [r=19 c=19 rs=1 cs=1]
              RenderInline {FONT} at (0,0) size 3x14
                RenderText {#text} at (0,0) size 3x14
                  text run at (0,0) width 3: " "
            RenderTableCell {TD} at (144,266) size 8x14 [bgcolor=#027777] [r=19 c=20 rs=1 cs=1]
              RenderInline {FONT} at (0,0) size 3x14
                RenderText {#text} at (0,0) size 3x14
                  text run at (0,0) width 3: " "
            RenderTableCell {TD} at (152,266) size 8x14 [bgcolor=#026766] [r=19 c=21 rs=1 cs=1]
              RenderInline {FONT} at (0,0) size 3x14
                RenderText {#text} at (0,0) size 3x14
                  text run at (0,0) width 3: " "
            RenderTableCell {TD} at (160,266) size 8x14 [bgcolor=#026766] [r=19 c=22 rs=1 cs=1]
              RenderInline {FONT} at (0,0) size 3x14
                RenderText {#text} at (0,0) size 3x14
                  text run at (0,0) width 3: " "
            RenderTableCell {TD} at (168,266) size 8x14 [bgcolor=#026766] [r=19 c=23 rs=1 cs=1]
              RenderInline {FONT} at (0,0) size 3x14
                RenderText {#text} at (0,0) size 3x14
                  text run at (0,0) width 3: " "
            RenderTableCell {TD} at (176,266) size 8x14 [bgcolor=#025E5E] [r=19 c=24 rs=1 cs=1]
              RenderInline {FONT} at (0,0) size 3x14
                RenderText {#text} at (0,0) size 3x14
                  text run at (0,0) width 3: " "
            RenderTableCell {TD} at (184,266) size 8x14 [bgcolor=#025E5E] [r=19 c=25 rs=1 cs=1]
              RenderInline {FONT} at (0,0) size 3x14
                RenderText {#text} at (0,0) size 3x14
                  text run at (0,0) width 3: " "
            RenderTableCell {TD} at (192,266) size 8x14 [bgcolor=#025E5E] [r=19 c=26 rs=1 cs=1]
              RenderInline {FONT} at (0,0) size 3x14
                RenderText {#text} at (0,0) size 3x14
                  text run at (0,0) width 3: " "
            RenderTableCell {TD} at (200,266) size 8x14 [bgcolor=#044F4F] [r=19 c=27 rs=1 cs=1]
              RenderInline {FONT} at (0,0) size 3x14
                RenderText {#text} at (0,0) size 3x14
                  text run at (0,0) width 3: " "
            RenderTableCell {TD} at (208,266) size 8x14 [bgcolor=#044140] [r=19 c=28 rs=1 cs=1]
              RenderInline {FONT} at (0,0) size 3x14
                RenderText {#text} at (0,0) size 3x14
                  text run at (0,0) width 3: " "
            RenderTableCell {TD} at (216,266) size 8x14 [bgcolor=#072323] [r=19 c=29 rs=1 cs=1]
              RenderInline {FONT} at (0,0) size 3x14
                RenderText {#text} at (0,0) size 3x14
                  text run at (0,0) width 3: " "
            RenderTableCell {TD} at (224,266) size 8x14 [bgcolor=#2D3433] [r=19 c=30 rs=1 cs=1]
              RenderInline {FONT} at (0,0) size 3x14
                RenderText {#text} at (0,0) size 3x14
                  text run at (0,0) width 3: " "
            RenderTableCell {TD} at (232,266) size 8x14 [bgcolor=#4D4F4F] [r=19 c=31 rs=1 cs=1]
              RenderInline {FONT} at (0,0) size 3x14
                RenderText {#text} at (0,0) size 3x14
                  text run at (0,0) width 3: " "
            RenderTableCell {TD} at (240,266) size 8x14 [bgcolor=#5E5F60] [r=19 c=32 rs=1 cs=1]
              RenderInline {FONT} at (0,0) size 3x14
                RenderText {#text} at (0,0) size 3x14
                  text run at (0,0) width 3: " "
            RenderTableCell {TD} at (248,266) size 8x14 [bgcolor=#777878] [r=19 c=33 rs=1 cs=1]
              RenderInline {FONT} at (0,0) size 3x14
                RenderText {#text} at (0,0) size 3x14
                  text run at (0,0) width 3: " "
            RenderTableCell {TD} at (256,266) size 8x14 [bgcolor=#848788] [r=19 c=34 rs=1 cs=1]
              RenderInline {FONT} at (0,0) size 3x14
                RenderText {#text} at (0,0) size 3x14
                  text run at (0,0) width 3: " "
            RenderTableCell {TD} at (264,266) size 8x14 [bgcolor=#848788] [r=19 c=35 rs=1 cs=1]
              RenderInline {FONT} at (0,0) size 3x14
                RenderText {#text} at (0,0) size 3x14
                  text run at (0,0) width 3: " "
            RenderTableCell {TD} at (272,266) size 8x14 [bgcolor=#027777] [r=19 c=36 rs=1 cs=1]
              RenderInline {FONT} at (0,0) size 3x14
                RenderText {#text} at (0,0) size 3x14
                  text run at (0,0) width 3: " "
            RenderTableCell {TD} at (280,266) size 8x14 [bgcolor=#027777] [r=19 c=37 rs=1 cs=1]
              RenderInline {FONT} at (0,0) size 3x14
                RenderText {#text} at (0,0) size 3x14
                  text run at (0,0) width 3: " "
            RenderTableCell {TD} at (288,266) size 8x14 [bgcolor=#026766] [r=19 c=38 rs=1 cs=1]
              RenderInline {FONT} at (0,0) size 3x14
                RenderText {#text} at (0,0) size 3x14
                  text run at (0,0) width 3: " "
            RenderTableCell {TD} at (296,266) size 8x14 [bgcolor=#026766] [r=19 c=39 rs=1 cs=1]
              RenderInline {FONT} at (0,0) size 3x14
                RenderText {#text} at (0,0) size 3x14
                  text run at (0,0) width 3: " "
            RenderTableCell {TD} at (304,266) size 8x14 [bgcolor=#026766] [r=19 c=40 rs=1 cs=1]
              RenderInline {FONT} at (0,0) size 3x14
                RenderText {#text} at (0,0) size 3x14
                  text run at (0,0) width 3: " "
            RenderTableCell {TD} at (312,266) size 8x14 [bgcolor=#026766] [r=19 c=41 rs=1 cs=1]
              RenderInline {FONT} at (0,0) size 3x14
                RenderText {#text} at (0,0) size 3x14
                  text run at (0,0) width 3: " "
            RenderTableCell {TD} at (320,266) size 8x14 [bgcolor=#026766] [r=19 c=42 rs=1 cs=1]
              RenderInline {FONT} at (0,0) size 3x14
                RenderText {#text} at (0,0) size 3x14
                  text run at (0,0) width 3: " "
            RenderTableCell {TD} at (328,266) size 8x14 [bgcolor=#026766] [r=19 c=43 rs=1 cs=1]
              RenderInline {FONT} at (0,0) size 3x14
                RenderText {#text} at (0,0) size 3x14
                  text run at (0,0) width 3: " "
            RenderTableCell {TD} at (336,266) size 8x14 [bgcolor=#026766] [r=19 c=44 rs=1 cs=1]
              RenderInline {FONT} at (0,0) size 3x14
                RenderText {#text} at (0,0) size 3x14
                  text run at (0,0) width 3: " "
            RenderTableCell {TD} at (344,266) size 8x14 [bgcolor=#026766] [r=19 c=45 rs=1 cs=1]
              RenderInline {FONT} at (0,0) size 3x14
                RenderText {#text} at (0,0) size 3x14
                  text run at (0,0) width 3: " "
            RenderTableCell {TD} at (352,266) size 8x14 [bgcolor=#026766] [r=19 c=46 rs=1 cs=1]
              RenderInline {FONT} at (0,0) size 3x14
                RenderText {#text} at (0,0) size 3x14
                  text run at (0,0) width 3: " "
            RenderTableCell {TD} at (360,266) size 8x14 [bgcolor=#026766] [r=19 c=47 rs=1 cs=1]
              RenderInline {FONT} at (0,0) size 3x14
                RenderText {#text} at (0,0) size 3x14
                  text run at (0,0) width 3: " "
            RenderTableCell {TD} at (368,266) size 8x14 [bgcolor=#026766] [r=19 c=48 rs=1 cs=1]
              RenderInline {FONT} at (0,0) size 3x14
                RenderText {#text} at (0,0) size 3x14
                  text run at (0,0) width 3: " "
            RenderTableCell {TD} at (376,266) size 8x14 [bgcolor=#025E5E] [r=19 c=49 rs=1 cs=1]
              RenderInline {FONT} at (0,0) size 3x14
                RenderText {#text} at (0,0) size 3x14
                  text run at (0,0) width 3: " "
            RenderTableCell {TD} at (384,266) size 8x14 [bgcolor=#044F4F] [r=19 c=50 rs=1 cs=1]
              RenderInline {FONT} at (0,0) size 3x14
                RenderText {#text} at (0,0) size 3x14
                  text run at (0,0) width 3: " "
            RenderTableCell {TD} at (392,266) size 8x14 [bgcolor=#083131] [r=19 c=51 rs=1 cs=1]
              RenderInline {FONT} at (0,0) size 3x14
                RenderText {#text} at (0,0) size 3x14
                  text run at (0,0) width 3: " "
            RenderTableCell {TD} at (400,266) size 8x14 [bgcolor=#3D4242] [r=19 c=52 rs=1 cs=1]
              RenderInline {FONT} at (0,0) size 3x14
                RenderText {#text} at (0,0) size 3x14
                  text run at (0,0) width 3: " "
            RenderTableCell {TD} at (408,266) size 8x14 [bgcolor=#5E5F60] [r=19 c=53 rs=1 cs=1]
              RenderInline {FONT} at (0,0) size 3x14
                RenderText {#text} at (0,0) size 3x14
                  text run at (0,0) width 3: " "
            RenderTableCell {TD} at (416,266) size 8x14 [bgcolor=#777878] [r=19 c=54 rs=1 cs=1]
              RenderInline {FONT} at (0,0) size 3x14
                RenderText {#text} at (0,0) size 3x14
                  text run at (0,0) width 3: " "
            RenderTableCell {TD} at (424,266) size 8x14 [bgcolor=#848788] [r=19 c=55 rs=1 cs=1]
              RenderInline {FONT} at (0,0) size 3x14
                RenderText {#text} at (0,0) size 3x14
                  text run at (0,0) width 3: " "
            RenderTableCell {TD} at (432,266) size 8x14 [bgcolor=#939494] [r=19 c=56 rs=1 cs=1]
              RenderInline {FONT} at (0,0) size 3x14
                RenderText {#text} at (0,0) size 3x14
                  text run at (0,0) width 3: " "
            RenderTableCell {TD} at (440,266) size 8x14 [bgcolor=#939494] [r=19 c=57 rs=1 cs=1]
              RenderInline {FONT} at (0,0) size 3x14
                RenderText {#text} at (0,0) size 3x14
                  text run at (0,0) width 3: " "
            RenderTableCell {TD} at (448,266) size 8x14 [bgcolor=#939494] [r=19 c=58 rs=1 cs=1]
              RenderInline {FONT} at (0,0) size 3x14
                RenderText {#text} at (0,0) size 3x14
                  text run at (0,0) width 3: " "
            RenderTableCell {TD} at (456,266) size 8x14 [bgcolor=#939494] [r=19 c=59 rs=1 cs=1]
              RenderInline {FONT} at (0,0) size 3x14
                RenderText {#text} at (0,0) size 3x14
                  text run at (0,0) width 3: " "
            RenderTableCell {TD} at (464,266) size 8x14 [bgcolor=#848788] [r=19 c=60 rs=1 cs=1]
              RenderInline {FONT} at (0,0) size 3x14
                RenderText {#text} at (0,0) size 3x14
                  text run at (0,0) width 3: " "
            RenderTableCell {TD} at (472,266) size 8x14 [bgcolor=#527274] [r=19 c=61 rs=1 cs=1]
              RenderInline {FONT} at (0,0) size 3x14
                RenderText {#text} at (0,0) size 3x14
                  text run at (0,0) width 3: " "
            RenderTableCell {TD} at (480,266) size 8x14 [bgcolor=#026766] [r=19 c=62 rs=1 cs=1]
              RenderInline {FONT} at (0,0) size 3x14
                RenderText {#text} at (0,0) size 3x14
                  text run at (0,0) width 3: " "
            RenderTableCell {TD} at (488,266) size 8x14 [bgcolor=#026766] [r=19 c=63 rs=1 cs=1]
              RenderInline {FONT} at (0,0) size 3x14
                RenderText {#text} at (0,0) size 3x14
                  text run at (0,0) width 3: " "
            RenderTableCell {TD} at (496,266) size 8x14 [bgcolor=#026766] [r=19 c=64 rs=1 cs=1]
              RenderInline {FONT} at (0,0) size 3x14
                RenderText {#text} at (0,0) size 3x14
                  text run at (0,0) width 3: " "
            RenderTableCell {TD} at (504,266) size 8x14 [bgcolor=#026766] [r=19 c=65 rs=1 cs=1]
              RenderInline {FONT} at (0,0) size 3x14
                RenderText {#text} at (0,0) size 3x14
                  text run at (0,0) width 3: " "
            RenderTableCell {TD} at (512,266) size 8x14 [bgcolor=#026766] [r=19 c=66 rs=1 cs=1]
              RenderInline {FONT} at (0,0) size 3x14
                RenderText {#text} at (0,0) size 3x14
                  text run at (0,0) width 3: " "
            RenderTableCell {TD} at (520,266) size 8x14 [bgcolor=#026766] [r=19 c=67 rs=1 cs=1]
              RenderInline {FONT} at (0,0) size 3x14
                RenderText {#text} at (0,0) size 3x14
                  text run at (0,0) width 3: " "
            RenderTableCell {TD} at (528,266) size 8x14 [bgcolor=#026766] [r=19 c=68 rs=1 cs=1]
              RenderInline {FONT} at (0,0) size 3x14
                RenderText {#text} at (0,0) size 3x14
                  text run at (0,0) width 3: " "
            RenderTableCell {TD} at (536,266) size 8x14 [bgcolor=#026766] [r=19 c=69 rs=1 cs=1]
              RenderInline {FONT} at (0,0) size 3x14
                RenderText {#text} at (0,0) size 3x14
                  text run at (0,0) width 3: " "
            RenderTableCell {TD} at (544,266) size 8x14 [bgcolor=#026766] [r=19 c=70 rs=1 cs=1]
              RenderInline {FONT} at (0,0) size 3x14
                RenderText {#text} at (0,0) size 3x14
                  text run at (0,0) width 3: " "
            RenderTableCell {TD} at (552,266) size 8x14 [bgcolor=#025E5E] [r=19 c=71 rs=1 cs=1]
              RenderInline {FONT} at (0,0) size 3x14
                RenderText {#text} at (0,0) size 3x14
                  text run at (0,0) width 3: " "
            RenderTableCell {TD} at (560,266) size 8x14 [bgcolor=#025E5E] [r=19 c=72 rs=1 cs=1]
              RenderInline {FONT} at (0,0) size 3x14
                RenderText {#text} at (0,0) size 3x14
                  text run at (0,0) width 3: " "
            RenderTableCell {TD} at (568,266) size 8x14 [bgcolor=#044F4F] [r=19 c=73 rs=1 cs=1]
              RenderInline {FONT} at (0,0) size 3x14
                RenderText {#text} at (0,0) size 3x14
                  text run at (0,0) width 3: " "
            RenderTableCell {TD} at (576,266) size 8x14 [bgcolor=#425A5A] [r=19 c=74 rs=1 cs=1]
              RenderInline {FONT} at (0,0) size 3x14
                RenderText {#text} at (0,0) size 3x14
                  text run at (0,0) width 3: " "
            RenderTableCell {TD} at (584,266) size 8x14 [bgcolor=#777878] [r=19 c=75 rs=1 cs=1]
              RenderInline {FONT} at (0,0) size 3x14
                RenderText {#text} at (0,0) size 3x14
                  text run at (0,0) width 3: " "
            RenderTableCell {TD} at (592,266) size 8x14 [bgcolor=#848788] [r=19 c=76 rs=1 cs=1]
              RenderInline {FONT} at (0,0) size 3x14
                RenderText {#text} at (0,0) size 3x14
                  text run at (0,0) width 3: " "
            RenderTableCell {TD} at (600,266) size 8x14 [bgcolor=#848788] [r=19 c=77 rs=1 cs=1]
              RenderInline {FONT} at (0,0) size 3x14
                RenderText {#text} at (0,0) size 3x14
                  text run at (0,0) width 3: " "
            RenderTableCell {TD} at (608,266) size 8x14 [bgcolor=#1B8685] [r=19 c=78 rs=1 cs=1]
              RenderInline {FONT} at (0,0) size 3x14
                RenderText {#text} at (0,0) size 3x14
                  text run at (0,0) width 3: " "
            RenderTableCell {TD} at (616,266) size 8x14 [bgcolor=#027777] [r=19 c=79 rs=1 cs=1]
              RenderInline {FONT} at (0,0) size 3x14
                RenderText {#text} at (0,0) size 3x14
                  text run at (0,0) width 3: " "
            RenderTableCell {TD} at (624,266) size 8x14 [bgcolor=#026766] [r=19 c=80 rs=1 cs=1]
              RenderInline {FONT} at (0,0) size 3x14
                RenderText {#text} at (0,0) size 3x14
                  text run at (0,0) width 3: " "
            RenderTableCell {TD} at (632,266) size 8x14 [bgcolor=#026766] [r=19 c=81 rs=1 cs=1]
              RenderInline {FONT} at (0,0) size 3x14
                RenderText {#text} at (0,0) size 3x14
                  text run at (0,0) width 3: " "
            RenderTableCell {TD} at (640,266) size 8x14 [bgcolor=#026766] [r=19 c=82 rs=1 cs=1]
              RenderInline {FONT} at (0,0) size 3x14
                RenderText {#text} at (0,0) size 3x14
                  text run at (0,0) width 3: " "
            RenderTableCell {TD} at (648,266) size 8x14 [bgcolor=#026766] [r=19 c=83 rs=1 cs=1]
              RenderInline {FONT} at (0,0) size 3x14
                RenderText {#text} at (0,0) size 3x14
                  text run at (0,0) width 3: " "
            RenderTableCell {TD} at (656,266) size 8x14 [bgcolor=#026766] [r=19 c=84 rs=1 cs=1]
              RenderInline {FONT} at (0,0) size 3x14
                RenderText {#text} at (0,0) size 3x14
                  text run at (0,0) width 3: " "
            RenderTableCell {TD} at (664,266) size 8x14 [bgcolor=#026766] [r=19 c=85 rs=1 cs=1]
              RenderInline {FONT} at (0,0) size 3x14
                RenderText {#text} at (0,0) size 3x14
                  text run at (0,0) width 3: " "
            RenderTableCell {TD} at (672,266) size 8x14 [bgcolor=#026766] [r=19 c=86 rs=1 cs=1]
              RenderInline {FONT} at (0,0) size 3x14
                RenderText {#text} at (0,0) size 3x14
                  text run at (0,0) width 3: " "
            RenderTableCell {TD} at (680,266) size 8x14 [bgcolor=#026766] [r=19 c=87 rs=1 cs=1]
              RenderInline {FONT} at (0,0) size 3x14
                RenderText {#text} at (0,0) size 3x14
                  text run at (0,0) width 3: " "
            RenderTableCell {TD} at (688,266) size 8x14 [bgcolor=#026766] [r=19 c=88 rs=1 cs=1]
              RenderInline {FONT} at (0,0) size 3x14
                RenderText {#text} at (0,0) size 3x14
                  text run at (0,0) width 3: " "
            RenderTableCell {TD} at (696,266) size 8x14 [bgcolor=#026766] [r=19 c=89 rs=1 cs=1]
              RenderInline {FONT} at (0,0) size 3x14
                RenderText {#text} at (0,0) size 3x14
                  text run at (0,0) width 3: " "
            RenderTableCell {TD} at (704,266) size 8x14 [bgcolor=#026766] [r=19 c=90 rs=1 cs=1]
              RenderInline {FONT} at (0,0) size 3x14
                RenderText {#text} at (0,0) size 3x14
                  text run at (0,0) width 3: " "
            RenderTableCell {TD} at (712,266) size 8x14 [bgcolor=#025E5E] [r=19 c=91 rs=1 cs=1]
              RenderInline {FONT} at (0,0) size 3x14
                RenderText {#text} at (0,0) size 3x14
                  text run at (0,0) width 3: " "
            RenderTableCell {TD} at (720,266) size 8x14 [bgcolor=#044F4F] [r=19 c=92 rs=1 cs=1]
              RenderInline {FONT} at (0,0) size 3x14
                RenderText {#text} at (0,0) size 3x14
                  text run at (0,0) width 3: " "
            RenderTableCell {TD} at (728,266) size 8x14 [bgcolor=#044140] [r=19 c=93 rs=1 cs=1]
              RenderInline {FONT} at (0,0) size 3x14
                RenderText {#text} at (0,0) size 3x14
                  text run at (0,0) width 3: " "
            RenderTableCell {TD} at (736,266) size 8x14 [bgcolor=#223C3D] [r=19 c=94 rs=1 cs=1]
              RenderInline {FONT} at (0,0) size 3x14
                RenderText {#text} at (0,0) size 3x14
                  text run at (0,0) width 3: " "
            RenderTableCell {TD} at (744,266) size 8x14 [bgcolor=#515C5B] [r=19 c=95 rs=1 cs=1]
              RenderInline {FONT} at (0,0) size 3x14
                RenderText {#text} at (0,0) size 3x14
                  text run at (0,0) width 3: " "
            RenderTableCell {TD} at (752,266) size 8x14 [bgcolor=#777878] [r=19 c=96 rs=1 cs=1]
              RenderInline {FONT} at (0,0) size 3x14
                RenderText {#text} at (0,0) size 3x14
                  text run at (0,0) width 3: " "
            RenderTableCell {TD} at (760,266) size 8x14 [bgcolor=#848788] [r=19 c=97 rs=1 cs=1]
              RenderInline {FONT} at (0,0) size 3x14
                RenderText {#text} at (0,0) size 3x14
                  text run at (0,0) width 3: " "
            RenderTableCell {TD} at (768,266) size 8x14 [bgcolor=#696A69] [r=19 c=98 rs=1 cs=1]
              RenderInline {FONT} at (0,0) size 3x14
                RenderText {#text} at (0,0) size 3x14
                  text run at (0,0) width 3: " "
            RenderTableCell {TD} at (776,266) size 8x14 [bgcolor=#4D4F4F] [r=19 c=99 rs=1 cs=1]
              RenderInline {FONT} at (0,0) size 3x14
                RenderText {#text} at (0,0) size 3x14
                  text run at (0,0) width 3: " "
          RenderTableRow {TR} at (0,280) size 784x14
            RenderTableCell {TD} at (0,280) size 7x14 [bgcolor=#FDFDFB] [r=20 c=0 rs=1 cs=1]
              RenderInline {FONT} at (0,0) size 3x14
                RenderText {#text} at (0,0) size 3x14
                  text run at (0,0) width 3: " "
            RenderTableCell {TD} at (7,280) size 7x14 [bgcolor=#FDFDFB] [r=20 c=1 rs=1 cs=1]
              RenderInline {FONT} at (0,0) size 3x14
                RenderText {#text} at (0,0) size 3x14
                  text run at (0,0) width 3: " "
            RenderTableCell {TD} at (14,280) size 7x14 [bgcolor=#EDEEEF] [r=20 c=2 rs=1 cs=1]
              RenderInline {FONT} at (0,0) size 3x14
                RenderText {#text} at (0,0) size 3x14
                  text run at (0,0) width 3: " "
            RenderTableCell {TD} at (21,280) size 7x14 [bgcolor=#CECFCF] [r=20 c=3 rs=1 cs=1]
              RenderInline {FONT} at (0,0) size 3x14
                RenderText {#text} at (0,0) size 3x14
                  text run at (0,0) width 3: " "
            RenderTableCell {TD} at (28,280) size 7x14 [bgcolor=#5A8787] [r=20 c=4 rs=1 cs=1]
              RenderInline {FONT} at (0,0) size 3x14
                RenderText {#text} at (0,0) size 3x14
                  text run at (0,0) width 3: " "
            RenderTableCell {TD} at (35,280) size 7x14 [bgcolor=#044F4F] [r=20 c=5 rs=1 cs=1]
              RenderInline {FONT} at (0,0) size 3x14
                RenderText {#text} at (0,0) size 3x14
                  text run at (0,0) width 3: " "
            RenderTableCell {TD} at (42,280) size 7x14 [bgcolor=#025E5E] [r=20 c=6 rs=1 cs=1]
              RenderInline {FONT} at (0,0) size 3x14
                RenderText {#text} at (0,0) size 3x14
                  text run at (0,0) width 3: " "
            RenderTableCell {TD} at (49,280) size 7x14 [bgcolor=#025E5E] [r=20 c=7 rs=1 cs=1]
              RenderInline {FONT} at (0,0) size 3x14
                RenderText {#text} at (0,0) size 3x14
                  text run at (0,0) width 3: " "
            RenderTableCell {TD} at (56,280) size 7x14 [bgcolor=#025E5E] [r=20 c=8 rs=1 cs=1]
              RenderInline {FONT} at (0,0) size 3x14
                RenderText {#text} at (0,0) size 3x14
                  text run at (0,0) width 3: " "
            RenderTableCell {TD} at (63,280) size 7x14 [bgcolor=#026766] [r=20 c=9 rs=1 cs=1]
              RenderInline {FONT} at (0,0) size 3x14
                RenderText {#text} at (0,0) size 3x14
                  text run at (0,0) width 3: " "
            RenderTableCell {TD} at (70,280) size 7x14 [bgcolor=#026766] [r=20 c=10 rs=1 cs=1]
              RenderInline {FONT} at (0,0) size 3x14
                RenderText {#text} at (0,0) size 3x14
                  text run at (0,0) width 3: " "
            RenderTableCell {TD} at (77,280) size 7x14 [bgcolor=#025E5E] [r=20 c=11 rs=1 cs=1]
              RenderInline {FONT} at (0,0) size 3x14
                RenderText {#text} at (0,0) size 3x14
                  text run at (0,0) width 3: " "
            RenderTableCell {TD} at (84,280) size 7x14 [bgcolor=#025E5E] [r=20 c=12 rs=1 cs=1]
              RenderInline {FONT} at (0,0) size 3x14
                RenderText {#text} at (0,0) size 3x14
                  text run at (0,0) width 3: " "
            RenderTableCell {TD} at (91,280) size 7x14 [bgcolor=#044F4F] [r=20 c=13 rs=1 cs=1]
              RenderInline {FONT} at (0,0) size 3x14
                RenderText {#text} at (0,0) size 3x14
                  text run at (0,0) width 3: " "
            RenderTableCell {TD} at (98,280) size 7x14 [bgcolor=#044140] [r=20 c=14 rs=1 cs=1]
              RenderInline {FONT} at (0,0) size 3x14
                RenderText {#text} at (0,0) size 3x14
                  text run at (0,0) width 3: " "
            RenderTableCell {TD} at (105,280) size 7x14 [bgcolor=#3D4242] [r=20 c=15 rs=1 cs=1]
              RenderInline {FONT} at (0,0) size 3x14
                RenderText {#text} at (0,0) size 3x14
                  text run at (0,0) width 3: " "
            RenderTableCell {TD} at (112,280) size 8x14 [bgcolor=#515C5B] [r=20 c=16 rs=1 cs=1]
              RenderInline {FONT} at (0,0) size 3x14
                RenderText {#text} at (0,0) size 3x14
                  text run at (0,0) width 3: " "
            RenderTableCell {TD} at (120,280) size 8x14 [bgcolor=#696A69] [r=20 c=17 rs=1 cs=1]
              RenderInline {FONT} at (0,0) size 3x14
                RenderText {#text} at (0,0) size 3x14
                  text run at (0,0) width 3: " "
            RenderTableCell {TD} at (128,280) size 8x14 [bgcolor=#526B6B] [r=20 c=18 rs=1 cs=1]
              RenderInline {FONT} at (0,0) size 3x14
                RenderText {#text} at (0,0) size 3x14
                  text run at (0,0) width 3: " "
            RenderTableCell {TD} at (136,280) size 8x14 [bgcolor=#048485] [r=20 c=19 rs=1 cs=1]
              RenderInline {FONT} at (0,0) size 3x14
                RenderText {#text} at (0,0) size 3x14
                  text run at (0,0) width 3: " "
            RenderTableCell {TD} at (144,280) size 8x14 [bgcolor=#027777] [r=20 c=20 rs=1 cs=1]
              RenderInline {FONT} at (0,0) size 3x14
                RenderText {#text} at (0,0) size 3x14
                  text run at (0,0) width 3: " "
            RenderTableCell {TD} at (152,280) size 8x14 [bgcolor=#026766] [r=20 c=21 rs=1 cs=1]
              RenderInline {FONT} at (0,0) size 3x14
                RenderText {#text} at (0,0) size 3x14
                  text run at (0,0) width 3: " "
            RenderTableCell {TD} at (160,280) size 8x14 [bgcolor=#026766] [r=20 c=22 rs=1 cs=1]
              RenderInline {FONT} at (0,0) size 3x14
                RenderText {#text} at (0,0) size 3x14
                  text run at (0,0) width 3: " "
            RenderTableCell {TD} at (168,280) size 8x14 [bgcolor=#025E5E] [r=20 c=23 rs=1 cs=1]
              RenderInline {FONT} at (0,0) size 3x14
                RenderText {#text} at (0,0) size 3x14
                  text run at (0,0) width 3: " "
            RenderTableCell {TD} at (176,280) size 8x14 [bgcolor=#025E5E] [r=20 c=24 rs=1 cs=1]
              RenderInline {FONT} at (0,0) size 3x14
                RenderText {#text} at (0,0) size 3x14
                  text run at (0,0) width 3: " "
            RenderTableCell {TD} at (184,280) size 8x14 [bgcolor=#025E5E] [r=20 c=25 rs=1 cs=1]
              RenderInline {FONT} at (0,0) size 3x14
                RenderText {#text} at (0,0) size 3x14
                  text run at (0,0) width 3: " "
            RenderTableCell {TD} at (192,280) size 8x14 [bgcolor=#044F4F] [r=20 c=26 rs=1 cs=1]
              RenderInline {FONT} at (0,0) size 3x14
                RenderText {#text} at (0,0) size 3x14
                  text run at (0,0) width 3: " "
            RenderTableCell {TD} at (200,280) size 8x14 [bgcolor=#044140] [r=20 c=27 rs=1 cs=1]
              RenderInline {FONT} at (0,0) size 3x14
                RenderText {#text} at (0,0) size 3x14
                  text run at (0,0) width 3: " "
            RenderTableCell {TD} at (208,280) size 8x14 [bgcolor=#072323] [r=20 c=28 rs=1 cs=1]
              RenderInline {FONT} at (0,0) size 3x14
                RenderText {#text} at (0,0) size 3x14
                  text run at (0,0) width 3: " "
            RenderTableCell {TD} at (216,280) size 8x14 [bgcolor=#1C2524] [r=20 c=29 rs=1 cs=1]
              RenderInline {FONT} at (0,0) size 3x14
                RenderText {#text} at (0,0) size 3x14
                  text run at (0,0) width 3: " "
            RenderTableCell {TD} at (224,280) size 8x14 [bgcolor=#2D3433] [r=20 c=30 rs=1 cs=1]
              RenderInline {FONT} at (0,0) size 3x14
                RenderText {#text} at (0,0) size 3x14
                  text run at (0,0) width 3: " "
            RenderTableCell {TD} at (232,280) size 8x14 [bgcolor=#3D4242] [r=20 c=31 rs=1 cs=1]
              RenderInline {FONT} at (0,0) size 3x14
                RenderText {#text} at (0,0) size 3x14
                  text run at (0,0) width 3: " "
            RenderTableCell {TD} at (240,280) size 8x14 [bgcolor=#515C5B] [r=20 c=32 rs=1 cs=1]
              RenderInline {FONT} at (0,0) size 3x14
                RenderText {#text} at (0,0) size 3x14
                  text run at (0,0) width 3: " "
            RenderTableCell {TD} at (248,280) size 8x14 [bgcolor=#696A69] [r=20 c=33 rs=1 cs=1]
              RenderInline {FONT} at (0,0) size 3x14
                RenderText {#text} at (0,0) size 3x14
                  text run at (0,0) width 3: " "
            RenderTableCell {TD} at (256,280) size 8x14 [bgcolor=#696A69] [r=20 c=34 rs=1 cs=1]
              RenderInline {FONT} at (0,0) size 3x14
                RenderText {#text} at (0,0) size 3x14
                  text run at (0,0) width 3: " "
            RenderTableCell {TD} at (264,280) size 8x14 [bgcolor=#696A69] [r=20 c=35 rs=1 cs=1]
              RenderInline {FONT} at (0,0) size 3x14
                RenderText {#text} at (0,0) size 3x14
                  text run at (0,0) width 3: " "
            RenderTableCell {TD} at (272,280) size 8x14 [bgcolor=#027777] [r=20 c=36 rs=1 cs=1]
              RenderInline {FONT} at (0,0) size 3x14
                RenderText {#text} at (0,0) size 3x14
                  text run at (0,0) width 3: " "
            RenderTableCell {TD} at (280,280) size 8x14 [bgcolor=#027777] [r=20 c=37 rs=1 cs=1]
              RenderInline {FONT} at (0,0) size 3x14
                RenderText {#text} at (0,0) size 3x14
                  text run at (0,0) width 3: " "
            RenderTableCell {TD} at (288,280) size 8x14 [bgcolor=#026766] [r=20 c=38 rs=1 cs=1]
              RenderInline {FONT} at (0,0) size 3x14
                RenderText {#text} at (0,0) size 3x14
                  text run at (0,0) width 3: " "
            RenderTableCell {TD} at (296,280) size 8x14 [bgcolor=#026766] [r=20 c=39 rs=1 cs=1]
              RenderInline {FONT} at (0,0) size 3x14
                RenderText {#text} at (0,0) size 3x14
                  text run at (0,0) width 3: " "
            RenderTableCell {TD} at (304,280) size 8x14 [bgcolor=#026766] [r=20 c=40 rs=1 cs=1]
              RenderInline {FONT} at (0,0) size 3x14
                RenderText {#text} at (0,0) size 3x14
                  text run at (0,0) width 3: " "
            RenderTableCell {TD} at (312,280) size 8x14 [bgcolor=#026766] [r=20 c=41 rs=1 cs=1]
              RenderInline {FONT} at (0,0) size 3x14
                RenderText {#text} at (0,0) size 3x14
                  text run at (0,0) width 3: " "
            RenderTableCell {TD} at (320,280) size 8x14 [bgcolor=#026766] [r=20 c=42 rs=1 cs=1]
              RenderInline {FONT} at (0,0) size 3x14
                RenderText {#text} at (0,0) size 3x14
                  text run at (0,0) width 3: " "
            RenderTableCell {TD} at (328,280) size 8x14 [bgcolor=#026766] [r=20 c=43 rs=1 cs=1]
              RenderInline {FONT} at (0,0) size 3x14
                RenderText {#text} at (0,0) size 3x14
                  text run at (0,0) width 3: " "
            RenderTableCell {TD} at (336,280) size 8x14 [bgcolor=#026766] [r=20 c=44 rs=1 cs=1]
              RenderInline {FONT} at (0,0) size 3x14
                RenderText {#text} at (0,0) size 3x14
                  text run at (0,0) width 3: " "
            RenderTableCell {TD} at (344,280) size 8x14 [bgcolor=#026766] [r=20 c=45 rs=1 cs=1]
              RenderInline {FONT} at (0,0) size 3x14
                RenderText {#text} at (0,0) size 3x14
                  text run at (0,0) width 3: " "
            RenderTableCell {TD} at (352,280) size 8x14 [bgcolor=#026766] [r=20 c=46 rs=1 cs=1]
              RenderInline {FONT} at (0,0) size 3x14
                RenderText {#text} at (0,0) size 3x14
                  text run at (0,0) width 3: " "
            RenderTableCell {TD} at (360,280) size 8x14 [bgcolor=#026766] [r=20 c=47 rs=1 cs=1]
              RenderInline {FONT} at (0,0) size 3x14
                RenderText {#text} at (0,0) size 3x14
                  text run at (0,0) width 3: " "
            RenderTableCell {TD} at (368,280) size 8x14 [bgcolor=#025E5E] [r=20 c=48 rs=1 cs=1]
              RenderInline {FONT} at (0,0) size 3x14
                RenderText {#text} at (0,0) size 3x14
                  text run at (0,0) width 3: " "
            RenderTableCell {TD} at (376,280) size 8x14 [bgcolor=#025E5E] [r=20 c=49 rs=1 cs=1]
              RenderInline {FONT} at (0,0) size 3x14
                RenderText {#text} at (0,0) size 3x14
                  text run at (0,0) width 3: " "
            RenderTableCell {TD} at (384,280) size 8x14 [bgcolor=#044F4F] [r=20 c=50 rs=1 cs=1]
              RenderInline {FONT} at (0,0) size 3x14
                RenderText {#text} at (0,0) size 3x14
                  text run at (0,0) width 3: " "
            RenderTableCell {TD} at (392,280) size 8x14 [bgcolor=#083131] [r=20 c=51 rs=1 cs=1]
              RenderInline {FONT} at (0,0) size 3x14
                RenderText {#text} at (0,0) size 3x14
                  text run at (0,0) width 3: " "
            RenderTableCell {TD} at (400,280) size 8x14 [bgcolor=#2D3433] [r=20 c=52 rs=1 cs=1]
              RenderInline {FONT} at (0,0) size 3x14
                RenderText {#text} at (0,0) size 3x14
                  text run at (0,0) width 3: " "
            RenderTableCell {TD} at (408,280) size 8x14 [bgcolor=#4D4F4F] [r=20 c=53 rs=1 cs=1]
              RenderInline {FONT} at (0,0) size 3x14
                RenderText {#text} at (0,0) size 3x14
                  text run at (0,0) width 3: " "
            RenderTableCell {TD} at (416,280) size 8x14 [bgcolor=#5E5F60] [r=20 c=54 rs=1 cs=1]
              RenderInline {FONT} at (0,0) size 3x14
                RenderText {#text} at (0,0) size 3x14
                  text run at (0,0) width 3: " "
            RenderTableCell {TD} at (424,280) size 8x14 [bgcolor=#696A69] [r=20 c=55 rs=1 cs=1]
              RenderInline {FONT} at (0,0) size 3x14
                RenderText {#text} at (0,0) size 3x14
                  text run at (0,0) width 3: " "
            RenderTableCell {TD} at (432,280) size 8x14 [bgcolor=#696A69] [r=20 c=56 rs=1 cs=1]
              RenderInline {FONT} at (0,0) size 3x14
                RenderText {#text} at (0,0) size 3x14
                  text run at (0,0) width 3: " "
            RenderTableCell {TD} at (440,280) size 8x14 [bgcolor=#696A69] [r=20 c=57 rs=1 cs=1]
              RenderInline {FONT} at (0,0) size 3x14
                RenderText {#text} at (0,0) size 3x14
                  text run at (0,0) width 3: " "
            RenderTableCell {TD} at (448,280) size 8x14 [bgcolor=#696A69] [r=20 c=58 rs=1 cs=1]
              RenderInline {FONT} at (0,0) size 3x14
                RenderText {#text} at (0,0) size 3x14
                  text run at (0,0) width 3: " "
            RenderTableCell {TD} at (456,280) size 8x14 [bgcolor=#696A69] [r=20 c=59 rs=1 cs=1]
              RenderInline {FONT} at (0,0) size 3x14
                RenderText {#text} at (0,0) size 3x14
                  text run at (0,0) width 3: " "
            RenderTableCell {TD} at (464,280) size 8x14 [bgcolor=#696A69] [r=20 c=60 rs=1 cs=1]
              RenderInline {FONT} at (0,0) size 3x14
                RenderText {#text} at (0,0) size 3x14
                  text run at (0,0) width 3: " "
            RenderTableCell {TD} at (472,280) size 8x14 [bgcolor=#5E5F60] [r=20 c=61 rs=1 cs=1]
              RenderInline {FONT} at (0,0) size 3x14
                RenderText {#text} at (0,0) size 3x14
                  text run at (0,0) width 3: " "
            RenderTableCell {TD} at (480,280) size 8x14 [bgcolor=#1A5C5C] [r=20 c=62 rs=1 cs=1]
              RenderInline {FONT} at (0,0) size 3x14
                RenderText {#text} at (0,0) size 3x14
                  text run at (0,0) width 3: " "
            RenderTableCell {TD} at (488,280) size 8x14 [bgcolor=#025E5E] [r=20 c=63 rs=1 cs=1]
              RenderInline {FONT} at (0,0) size 3x14
                RenderText {#text} at (0,0) size 3x14
                  text run at (0,0) width 3: " "
            RenderTableCell {TD} at (496,280) size 8x14 [bgcolor=#025E5E] [r=20 c=64 rs=1 cs=1]
              RenderInline {FONT} at (0,0) size 3x14
                RenderText {#text} at (0,0) size 3x14
                  text run at (0,0) width 3: " "
            RenderTableCell {TD} at (504,280) size 8x14 [bgcolor=#025E5E] [r=20 c=65 rs=1 cs=1]
              RenderInline {FONT} at (0,0) size 3x14
                RenderText {#text} at (0,0) size 3x14
                  text run at (0,0) width 3: " "
            RenderTableCell {TD} at (512,280) size 8x14 [bgcolor=#026766] [r=20 c=66 rs=1 cs=1]
              RenderInline {FONT} at (0,0) size 3x14
                RenderText {#text} at (0,0) size 3x14
                  text run at (0,0) width 3: " "
            RenderTableCell {TD} at (520,280) size 8x14 [bgcolor=#026766] [r=20 c=67 rs=1 cs=1]
              RenderInline {FONT} at (0,0) size 3x14
                RenderText {#text} at (0,0) size 3x14
                  text run at (0,0) width 3: " "
            RenderTableCell {TD} at (528,280) size 8x14 [bgcolor=#026766] [r=20 c=68 rs=1 cs=1]
              RenderInline {FONT} at (0,0) size 3x14
                RenderText {#text} at (0,0) size 3x14
                  text run at (0,0) width 3: " "
            RenderTableCell {TD} at (536,280) size 8x14 [bgcolor=#026766] [r=20 c=69 rs=1 cs=1]
              RenderInline {FONT} at (0,0) size 3x14
                RenderText {#text} at (0,0) size 3x14
                  text run at (0,0) width 3: " "
            RenderTableCell {TD} at (544,280) size 8x14 [bgcolor=#026766] [r=20 c=70 rs=1 cs=1]
              RenderInline {FONT} at (0,0) size 3x14
                RenderText {#text} at (0,0) size 3x14
                  text run at (0,0) width 3: " "
            RenderTableCell {TD} at (552,280) size 8x14 [bgcolor=#026766] [r=20 c=71 rs=1 cs=1]
              RenderInline {FONT} at (0,0) size 3x14
                RenderText {#text} at (0,0) size 3x14
                  text run at (0,0) width 3: " "
            RenderTableCell {TD} at (560,280) size 8x14 [bgcolor=#025E5E] [r=20 c=72 rs=1 cs=1]
              RenderInline {FONT} at (0,0) size 3x14
                RenderText {#text} at (0,0) size 3x14
                  text run at (0,0) width 3: " "
            RenderTableCell {TD} at (568,280) size 8x14 [bgcolor=#025E5E] [r=20 c=73 rs=1 cs=1]
              RenderInline {FONT} at (0,0) size 3x14
                RenderText {#text} at (0,0) size 3x14
                  text run at (0,0) width 3: " "
            RenderTableCell {TD} at (576,280) size 8x14 [bgcolor=#026766] [r=20 c=74 rs=1 cs=1]
              RenderInline {FONT} at (0,0) size 3x14
                RenderText {#text} at (0,0) size 3x14
                  text run at (0,0) width 3: " "
            RenderTableCell {TD} at (584,280) size 8x14 [bgcolor=#026766] [r=20 c=75 rs=1 cs=1]
              RenderInline {FONT} at (0,0) size 3x14
                RenderText {#text} at (0,0) size 3x14
                  text run at (0,0) width 3: " "
            RenderTableCell {TD} at (592,280) size 8x14 [bgcolor=#1E7A79] [r=20 c=76 rs=1 cs=1]
              RenderInline {FONT} at (0,0) size 3x14
                RenderText {#text} at (0,0) size 3x14
                  text run at (0,0) width 3: " "
            RenderTableCell {TD} at (600,280) size 8x14 [bgcolor=#287A7A] [r=20 c=77 rs=1 cs=1]
              RenderInline {FONT} at (0,0) size 3x14
                RenderText {#text} at (0,0) size 3x14
                  text run at (0,0) width 3: " "
            RenderTableCell {TD} at (608,280) size 8x14 [bgcolor=#048485] [r=20 c=78 rs=1 cs=1]
              RenderInline {FONT} at (0,0) size 3x14
                RenderText {#text} at (0,0) size 3x14
                  text run at (0,0) width 3: " "
            RenderTableCell {TD} at (616,280) size 8x14 [bgcolor=#027777] [r=20 c=79 rs=1 cs=1]
              RenderInline {FONT} at (0,0) size 3x14
                RenderText {#text} at (0,0) size 3x14
                  text run at (0,0) width 3: " "
            RenderTableCell {TD} at (624,280) size 8x14 [bgcolor=#026766] [r=20 c=80 rs=1 cs=1]
              RenderInline {FONT} at (0,0) size 3x14
                RenderText {#text} at (0,0) size 3x14
                  text run at (0,0) width 3: " "
            RenderTableCell {TD} at (632,280) size 8x14 [bgcolor=#026766] [r=20 c=81 rs=1 cs=1]
              RenderInline {FONT} at (0,0) size 3x14
                RenderText {#text} at (0,0) size 3x14
                  text run at (0,0) width 3: " "
            RenderTableCell {TD} at (640,280) size 8x14 [bgcolor=#026766] [r=20 c=82 rs=1 cs=1]
              RenderInline {FONT} at (0,0) size 3x14
                RenderText {#text} at (0,0) size 3x14
                  text run at (0,0) width 3: " "
            RenderTableCell {TD} at (648,280) size 8x14 [bgcolor=#026766] [r=20 c=83 rs=1 cs=1]
              RenderInline {FONT} at (0,0) size 3x14
                RenderText {#text} at (0,0) size 3x14
                  text run at (0,0) width 3: " "
            RenderTableCell {TD} at (656,280) size 8x14 [bgcolor=#026766] [r=20 c=84 rs=1 cs=1]
              RenderInline {FONT} at (0,0) size 3x14
                RenderText {#text} at (0,0) size 3x14
                  text run at (0,0) width 3: " "
            RenderTableCell {TD} at (664,280) size 8x14 [bgcolor=#026766] [r=20 c=85 rs=1 cs=1]
              RenderInline {FONT} at (0,0) size 3x14
                RenderText {#text} at (0,0) size 3x14
                  text run at (0,0) width 3: " "
            RenderTableCell {TD} at (672,280) size 8x14 [bgcolor=#026766] [r=20 c=86 rs=1 cs=1]
              RenderInline {FONT} at (0,0) size 3x14
                RenderText {#text} at (0,0) size 3x14
                  text run at (0,0) width 3: " "
            RenderTableCell {TD} at (680,280) size 8x14 [bgcolor=#026766] [r=20 c=87 rs=1 cs=1]
              RenderInline {FONT} at (0,0) size 3x14
                RenderText {#text} at (0,0) size 3x14
                  text run at (0,0) width 3: " "
            RenderTableCell {TD} at (688,280) size 8x14 [bgcolor=#026766] [r=20 c=88 rs=1 cs=1]
              RenderInline {FONT} at (0,0) size 3x14
                RenderText {#text} at (0,0) size 3x14
                  text run at (0,0) width 3: " "
            RenderTableCell {TD} at (696,280) size 8x14 [bgcolor=#026766] [r=20 c=89 rs=1 cs=1]
              RenderInline {FONT} at (0,0) size 3x14
                RenderText {#text} at (0,0) size 3x14
                  text run at (0,0) width 3: " "
            RenderTableCell {TD} at (704,280) size 8x14 [bgcolor=#026766] [r=20 c=90 rs=1 cs=1]
              RenderInline {FONT} at (0,0) size 3x14
                RenderText {#text} at (0,0) size 3x14
                  text run at (0,0) width 3: " "
            RenderTableCell {TD} at (712,280) size 8x14 [bgcolor=#025E5E] [r=20 c=91 rs=1 cs=1]
              RenderInline {FONT} at (0,0) size 3x14
                RenderText {#text} at (0,0) size 3x14
                  text run at (0,0) width 3: " "
            RenderTableCell {TD} at (720,280) size 8x14 [bgcolor=#044F4F] [r=20 c=92 rs=1 cs=1]
              RenderInline {FONT} at (0,0) size 3x14
                RenderText {#text} at (0,0) size 3x14
                  text run at (0,0) width 3: " "
            RenderTableCell {TD} at (728,280) size 8x14 [bgcolor=#044140] [r=20 c=93 rs=1 cs=1]
              RenderInline {FONT} at (0,0) size 3x14
                RenderText {#text} at (0,0) size 3x14
                  text run at (0,0) width 3: " "
            RenderTableCell {TD} at (736,280) size 8x14 [bgcolor=#2D3433] [r=20 c=94 rs=1 cs=1]
              RenderInline {FONT} at (0,0) size 3x14
                RenderText {#text} at (0,0) size 3x14
                  text run at (0,0) width 3: " "
            RenderTableCell {TD} at (744,280) size 8x14 [bgcolor=#3D4242] [r=20 c=95 rs=1 cs=1]
              RenderInline {FONT} at (0,0) size 3x14
                RenderText {#text} at (0,0) size 3x14
                  text run at (0,0) width 3: " "
            RenderTableCell {TD} at (752,280) size 8x14 [bgcolor=#515C5B] [r=20 c=96 rs=1 cs=1]
              RenderInline {FONT} at (0,0) size 3x14
                RenderText {#text} at (0,0) size 3x14
                  text run at (0,0) width 3: " "
            RenderTableCell {TD} at (760,280) size 8x14 [bgcolor=#696A69] [r=20 c=97 rs=1 cs=1]
              RenderInline {FONT} at (0,0) size 3x14
                RenderText {#text} at (0,0) size 3x14
                  text run at (0,0) width 3: " "
            RenderTableCell {TD} at (768,280) size 8x14 [bgcolor=#515C5B] [r=20 c=98 rs=1 cs=1]
              RenderInline {FONT} at (0,0) size 3x14
                RenderText {#text} at (0,0) size 3x14
                  text run at (0,0) width 3: " "
            RenderTableCell {TD} at (776,280) size 8x14 [bgcolor=#3D4242] [r=20 c=99 rs=1 cs=1]
              RenderInline {FONT} at (0,0) size 3x14
                RenderText {#text} at (0,0) size 3x14
                  text run at (0,0) width 3: " "
          RenderTableRow {TR} at (0,294) size 784x14
            RenderTableCell {TD} at (0,294) size 7x14 [bgcolor=#FDFDFB] [r=21 c=0 rs=1 cs=1]
              RenderInline {FONT} at (0,0) size 3x14
                RenderText {#text} at (0,0) size 3x14
                  text run at (0,0) width 3: " "
            RenderTableCell {TD} at (7,294) size 7x14 [bgcolor=#FDFDFB] [r=21 c=1 rs=1 cs=1]
              RenderInline {FONT} at (0,0) size 3x14
                RenderText {#text} at (0,0) size 3x14
                  text run at (0,0) width 3: " "
            RenderTableCell {TD} at (14,294) size 7x14 [bgcolor=#FDFDFB] [r=21 c=2 rs=1 cs=1]
              RenderInline {FONT} at (0,0) size 3x14
                RenderText {#text} at (0,0) size 3x14
                  text run at (0,0) width 3: " "
            RenderTableCell {TD} at (21,294) size 7x14 [bgcolor=#EDEEEF] [r=21 c=3 rs=1 cs=1]
              RenderInline {FONT} at (0,0) size 3x14
                RenderText {#text} at (0,0) size 3x14
                  text run at (0,0) width 3: " "
            RenderTableCell {TD} at (28,294) size 7x14 [bgcolor=#CECFCF] [r=21 c=4 rs=1 cs=1]
              RenderInline {FONT} at (0,0) size 3x14
                RenderText {#text} at (0,0) size 3x14
                  text run at (0,0) width 3: " "
            RenderTableCell {TD} at (35,294) size 7x14 [bgcolor=#5A8787] [r=21 c=5 rs=1 cs=1]
              RenderInline {FONT} at (0,0) size 3x14
                RenderText {#text} at (0,0) size 3x14
                  text run at (0,0) width 3: " "
            RenderTableCell {TD} at (42,294) size 7x14 [bgcolor=#1A5C5C] [r=21 c=6 rs=1 cs=1]
              RenderInline {FONT} at (0,0) size 3x14
                RenderText {#text} at (0,0) size 3x14
                  text run at (0,0) width 3: " "
            RenderTableCell {TD} at (49,294) size 7x14 [bgcolor=#044F4F] [r=21 c=7 rs=1 cs=1]
              RenderInline {FONT} at (0,0) size 3x14
                RenderText {#text} at (0,0) size 3x14
                  text run at (0,0) width 3: " "
            RenderTableCell {TD} at (56,294) size 7x14 [bgcolor=#025E5E] [r=21 c=8 rs=1 cs=1]
              RenderInline {FONT} at (0,0) size 3x14
                RenderText {#text} at (0,0) size 3x14
                  text run at (0,0) width 3: " "
            RenderTableCell {TD} at (63,294) size 7x14 [bgcolor=#025E5E] [r=21 c=9 rs=1 cs=1]
              RenderInline {FONT} at (0,0) size 3x14
                RenderText {#text} at (0,0) size 3x14
                  text run at (0,0) width 3: " "
            RenderTableCell {TD} at (70,294) size 7x14 [bgcolor=#025E5E] [r=21 c=10 rs=1 cs=1]
              RenderInline {FONT} at (0,0) size 3x14
                RenderText {#text} at (0,0) size 3x14
                  text run at (0,0) width 3: " "
            RenderTableCell {TD} at (77,294) size 7x14 [bgcolor=#025E5E] [r=21 c=11 rs=1 cs=1]
              RenderInline {FONT} at (0,0) size 3x14
                RenderText {#text} at (0,0) size 3x14
                  text run at (0,0) width 3: " "
            RenderTableCell {TD} at (84,294) size 7x14 [bgcolor=#025E5E] [r=21 c=12 rs=1 cs=1]
              RenderInline {FONT} at (0,0) size 3x14
                RenderText {#text} at (0,0) size 3x14
                  text run at (0,0) width 3: " "
            RenderTableCell {TD} at (91,294) size 7x14 [bgcolor=#025E5E] [r=21 c=13 rs=1 cs=1]
              RenderInline {FONT} at (0,0) size 3x14
                RenderText {#text} at (0,0) size 3x14
                  text run at (0,0) width 3: " "
            RenderTableCell {TD} at (98,294) size 7x14 [bgcolor=#044F4F] [r=21 c=14 rs=1 cs=1]
              RenderInline {FONT} at (0,0) size 3x14
                RenderText {#text} at (0,0) size 3x14
                  text run at (0,0) width 3: " "
            RenderTableCell {TD} at (105,294) size 7x14 [bgcolor=#223C3D] [r=21 c=15 rs=1 cs=1]
              RenderInline {FONT} at (0,0) size 3x14
                RenderText {#text} at (0,0) size 3x14
                  text run at (0,0) width 3: " "
            RenderTableCell {TD} at (112,294) size 8x14 [bgcolor=#344C4E] [r=21 c=16 rs=1 cs=1]
              RenderInline {FONT} at (0,0) size 3x14
                RenderText {#text} at (0,0) size 3x14
                  text run at (0,0) width 3: " "
            RenderTableCell {TD} at (120,294) size 8x14 [bgcolor=#344C4E] [r=21 c=17 rs=1 cs=1]
              RenderInline {FONT} at (0,0) size 3x14
                RenderText {#text} at (0,0) size 3x14
                  text run at (0,0) width 3: " "
            RenderTableCell {TD} at (128,294) size 8x14 [bgcolor=#1A6B6A] [r=21 c=18 rs=1 cs=1]
              RenderInline {FONT} at (0,0) size 3x14
                RenderText {#text} at (0,0) size 3x14
                  text run at (0,0) width 3: " "
            RenderTableCell {TD} at (136,294) size 8x14 [bgcolor=#048485] [r=21 c=19 rs=1 cs=1]
              RenderInline {FONT} at (0,0) size 3x14
                RenderText {#text} at (0,0) size 3x14
                  text run at (0,0) width 3: " "
            RenderTableCell {TD} at (144,294) size 8x14 [bgcolor=#027777] [r=21 c=20 rs=1 cs=1]
              RenderInline {FONT} at (0,0) size 3x14
                RenderText {#text} at (0,0) size 3x14
                  text run at (0,0) width 3: " "
            RenderTableCell {TD} at (152,294) size 8x14 [bgcolor=#026766] [r=21 c=21 rs=1 cs=1]
              RenderInline {FONT} at (0,0) size 3x14
                RenderText {#text} at (0,0) size 3x14
                  text run at (0,0) width 3: " "
            RenderTableCell {TD} at (160,294) size 8x14 [bgcolor=#025E5E] [r=21 c=22 rs=1 cs=1]
              RenderInline {FONT} at (0,0) size 3x14
                RenderText {#text} at (0,0) size 3x14
                  text run at (0,0) width 3: " "
            RenderTableCell {TD} at (168,294) size 8x14 [bgcolor=#025E5E] [r=21 c=23 rs=1 cs=1]
              RenderInline {FONT} at (0,0) size 3x14
                RenderText {#text} at (0,0) size 3x14
                  text run at (0,0) width 3: " "
            RenderTableCell {TD} at (176,294) size 8x14 [bgcolor=#044F4F] [r=21 c=24 rs=1 cs=1]
              RenderInline {FONT} at (0,0) size 3x14
                RenderText {#text} at (0,0) size 3x14
                  text run at (0,0) width 3: " "
            RenderTableCell {TD} at (184,294) size 8x14 [bgcolor=#044140] [r=21 c=25 rs=1 cs=1]
              RenderInline {FONT} at (0,0) size 3x14
                RenderText {#text} at (0,0) size 3x14
                  text run at (0,0) width 3: " "
            RenderTableCell {TD} at (192,294) size 8x14 [bgcolor=#083131] [r=21 c=26 rs=1 cs=1]
              RenderInline {FONT} at (0,0) size 3x14
                RenderText {#text} at (0,0) size 3x14
                  text run at (0,0) width 3: " "
            RenderTableCell {TD} at (200,294) size 8x14 [bgcolor=#083131] [r=21 c=27 rs=1 cs=1]
              RenderInline {FONT} at (0,0) size 3x14
                RenderText {#text} at (0,0) size 3x14
                  text run at (0,0) width 3: " "
            RenderTableCell {TD} at (208,294) size 8x14 [bgcolor=#1C2524] [r=21 c=28 rs=1 cs=1]
              RenderInline {FONT} at (0,0) size 3x14
                RenderText {#text} at (0,0) size 3x14
                  text run at (0,0) width 3: " "
            RenderTableCell {TD} at (216,294) size 8x14 [bgcolor=#2D3433] [r=21 c=29 rs=1 cs=1]
              RenderInline {FONT} at (0,0) size 3x14
                RenderText {#text} at (0,0) size 3x14
                  text run at (0,0) width 3: " "
            RenderTableCell {TD} at (224,294) size 8x14 [bgcolor=#3D4242] [r=21 c=30 rs=1 cs=1]
              RenderInline {FONT} at (0,0) size 3x14
                RenderText {#text} at (0,0) size 3x14
                  text run at (0,0) width 3: " "
            RenderTableCell {TD} at (232,294) size 8x14 [bgcolor=#4D4F4F] [r=21 c=31 rs=1 cs=1]
              RenderInline {FONT} at (0,0) size 3x14
                RenderText {#text} at (0,0) size 3x14
                  text run at (0,0) width 3: " "
            RenderTableCell {TD} at (240,294) size 8x14 [bgcolor=#5E5F60] [r=21 c=32 rs=1 cs=1]
              RenderInline {FONT} at (0,0) size 3x14
                RenderText {#text} at (0,0) size 3x14
                  text run at (0,0) width 3: " "
            RenderTableCell {TD} at (248,294) size 8x14 [bgcolor=#696A69] [r=21 c=33 rs=1 cs=1]
              RenderInline {FONT} at (0,0) size 3x14
                RenderText {#text} at (0,0) size 3x14
                  text run at (0,0) width 3: " "
            RenderTableCell {TD} at (256,294) size 8x14 [bgcolor=#696A69] [r=21 c=34 rs=1 cs=1]
              RenderInline {FONT} at (0,0) size 3x14
                RenderText {#text} at (0,0) size 3x14
                  text run at (0,0) width 3: " "
            RenderTableCell {TD} at (264,294) size 8x14 [bgcolor=#5E5F60] [r=21 c=35 rs=1 cs=1]
              RenderInline {FONT} at (0,0) size 3x14
                RenderText {#text} at (0,0) size 3x14
                  text run at (0,0) width 3: " "
            RenderTableCell {TD} at (272,294) size 8x14 [bgcolor=#027777] [r=21 c=36 rs=1 cs=1]
              RenderInline {FONT} at (0,0) size 3x14
                RenderText {#text} at (0,0) size 3x14
                  text run at (0,0) width 3: " "
            RenderTableCell {TD} at (280,294) size 8x14 [bgcolor=#027777] [r=21 c=37 rs=1 cs=1]
              RenderInline {FONT} at (0,0) size 3x14
                RenderText {#text} at (0,0) size 3x14
                  text run at (0,0) width 3: " "
            RenderTableCell {TD} at (288,294) size 8x14 [bgcolor=#026766] [r=21 c=38 rs=1 cs=1]
              RenderInline {FONT} at (0,0) size 3x14
                RenderText {#text} at (0,0) size 3x14
                  text run at (0,0) width 3: " "
            RenderTableCell {TD} at (296,294) size 8x14 [bgcolor=#025E5E] [r=21 c=39 rs=1 cs=1]
              RenderInline {FONT} at (0,0) size 3x14
                RenderText {#text} at (0,0) size 3x14
                  text run at (0,0) width 3: " "
            RenderTableCell {TD} at (304,294) size 8x14 [bgcolor=#025E5E] [r=21 c=40 rs=1 cs=1]
              RenderInline {FONT} at (0,0) size 3x14
                RenderText {#text} at (0,0) size 3x14
                  text run at (0,0) width 3: " "
            RenderTableCell {TD} at (312,294) size 8x14 [bgcolor=#025E5E] [r=21 c=41 rs=1 cs=1]
              RenderInline {FONT} at (0,0) size 3x14
                RenderText {#text} at (0,0) size 3x14
                  text run at (0,0) width 3: " "
            RenderTableCell {TD} at (320,294) size 8x14 [bgcolor=#025E5E] [r=21 c=42 rs=1 cs=1]
              RenderInline {FONT} at (0,0) size 3x14
                RenderText {#text} at (0,0) size 3x14
                  text run at (0,0) width 3: " "
            RenderTableCell {TD} at (328,294) size 8x14 [bgcolor=#025E5E] [r=21 c=43 rs=1 cs=1]
              RenderInline {FONT} at (0,0) size 3x14
                RenderText {#text} at (0,0) size 3x14
                  text run at (0,0) width 3: " "
            RenderTableCell {TD} at (336,294) size 8x14 [bgcolor=#025E5E] [r=21 c=44 rs=1 cs=1]
              RenderInline {FONT} at (0,0) size 3x14
                RenderText {#text} at (0,0) size 3x14
                  text run at (0,0) width 3: " "
            RenderTableCell {TD} at (344,294) size 8x14 [bgcolor=#025E5E] [r=21 c=45 rs=1 cs=1]
              RenderInline {FONT} at (0,0) size 3x14
                RenderText {#text} at (0,0) size 3x14
                  text run at (0,0) width 3: " "
            RenderTableCell {TD} at (352,294) size 8x14 [bgcolor=#025E5E] [r=21 c=46 rs=1 cs=1]
              RenderInline {FONT} at (0,0) size 3x14
                RenderText {#text} at (0,0) size 3x14
                  text run at (0,0) width 3: " "
            RenderTableCell {TD} at (360,294) size 8x14 [bgcolor=#025E5E] [r=21 c=47 rs=1 cs=1]
              RenderInline {FONT} at (0,0) size 3x14
                RenderText {#text} at (0,0) size 3x14
                  text run at (0,0) width 3: " "
            RenderTableCell {TD} at (368,294) size 8x14 [bgcolor=#025E5E] [r=21 c=48 rs=1 cs=1]
              RenderInline {FONT} at (0,0) size 3x14
                RenderText {#text} at (0,0) size 3x14
                  text run at (0,0) width 3: " "
            RenderTableCell {TD} at (376,294) size 8x14 [bgcolor=#025E5E] [r=21 c=49 rs=1 cs=1]
              RenderInline {FONT} at (0,0) size 3x14
                RenderText {#text} at (0,0) size 3x14
                  text run at (0,0) width 3: " "
            RenderTableCell {TD} at (384,294) size 8x14 [bgcolor=#044F4F] [r=21 c=50 rs=1 cs=1]
              RenderInline {FONT} at (0,0) size 3x14
                RenderText {#text} at (0,0) size 3x14
                  text run at (0,0) width 3: " "
            RenderTableCell {TD} at (392,294) size 8x14 [bgcolor=#083131] [r=21 c=51 rs=1 cs=1]
              RenderInline {FONT} at (0,0) size 3x14
                RenderText {#text} at (0,0) size 3x14
                  text run at (0,0) width 3: " "
            RenderTableCell {TD} at (400,294) size 8x14 [bgcolor=#2D3433] [r=21 c=52 rs=1 cs=1]
              RenderInline {FONT} at (0,0) size 3x14
                RenderText {#text} at (0,0) size 3x14
                  text run at (0,0) width 3: " "
            RenderTableCell {TD} at (408,294) size 8x14 [bgcolor=#3D4242] [r=21 c=53 rs=1 cs=1]
              RenderInline {FONT} at (0,0) size 3x14
                RenderText {#text} at (0,0) size 3x14
                  text run at (0,0) width 3: " "
            RenderTableCell {TD} at (416,294) size 8x14 [bgcolor=#515C5B] [r=21 c=54 rs=1 cs=1]
              RenderInline {FONT} at (0,0) size 3x14
                RenderText {#text} at (0,0) size 3x14
                  text run at (0,0) width 3: " "
            RenderTableCell {TD} at (424,294) size 8x14 [bgcolor=#5E5F60] [r=21 c=55 rs=1 cs=1]
              RenderInline {FONT} at (0,0) size 3x14
                RenderText {#text} at (0,0) size 3x14
                  text run at (0,0) width 3: " "
            RenderTableCell {TD} at (432,294) size 8x14 [bgcolor=#696A69] [r=21 c=56 rs=1 cs=1]
              RenderInline {FONT} at (0,0) size 3x14
                RenderText {#text} at (0,0) size 3x14
                  text run at (0,0) width 3: " "
            RenderTableCell {TD} at (440,294) size 8x14 [bgcolor=#696A69] [r=21 c=57 rs=1 cs=1]
              RenderInline {FONT} at (0,0) size 3x14
                RenderText {#text} at (0,0) size 3x14
                  text run at (0,0) width 3: " "
            RenderTableCell {TD} at (448,294) size 8x14 [bgcolor=#696A69] [r=21 c=58 rs=1 cs=1]
              RenderInline {FONT} at (0,0) size 3x14
                RenderText {#text} at (0,0) size 3x14
                  text run at (0,0) width 3: " "
            RenderTableCell {TD} at (456,294) size 8x14 [bgcolor=#696A69] [r=21 c=59 rs=1 cs=1]
              RenderInline {FONT} at (0,0) size 3x14
                RenderText {#text} at (0,0) size 3x14
                  text run at (0,0) width 3: " "
            RenderTableCell {TD} at (464,294) size 8x14 [bgcolor=#696A69] [r=21 c=60 rs=1 cs=1]
              RenderInline {FONT} at (0,0) size 3x14
                RenderText {#text} at (0,0) size 3x14
                  text run at (0,0) width 3: " "
            RenderTableCell {TD} at (472,294) size 8x14 [bgcolor=#5E5F60] [r=21 c=61 rs=1 cs=1]
              RenderInline {FONT} at (0,0) size 3x14
                RenderText {#text} at (0,0) size 3x14
                  text run at (0,0) width 3: " "
            RenderTableCell {TD} at (480,294) size 8x14 [bgcolor=#425A5A] [r=21 c=62 rs=1 cs=1]
              RenderInline {FONT} at (0,0) size 3x14
                RenderText {#text} at (0,0) size 3x14
                  text run at (0,0) width 3: " "
            RenderTableCell {TD} at (488,294) size 8x14 [bgcolor=#1A5C5C] [r=21 c=63 rs=1 cs=1]
              RenderInline {FONT} at (0,0) size 3x14
                RenderText {#text} at (0,0) size 3x14
                  text run at (0,0) width 3: " "
            RenderTableCell {TD} at (496,294) size 8x14 [bgcolor=#044F4F] [r=21 c=64 rs=1 cs=1]
              RenderInline {FONT} at (0,0) size 3x14
                RenderText {#text} at (0,0) size 3x14
                  text run at (0,0) width 3: " "
            RenderTableCell {TD} at (504,294) size 8x14 [bgcolor=#025E5E] [r=21 c=65 rs=1 cs=1]
              RenderInline {FONT} at (0,0) size 3x14
                RenderText {#text} at (0,0) size 3x14
                  text run at (0,0) width 3: " "
            RenderTableCell {TD} at (512,294) size 8x14 [bgcolor=#025E5E] [r=21 c=66 rs=1 cs=1]
              RenderInline {FONT} at (0,0) size 3x14
                RenderText {#text} at (0,0) size 3x14
                  text run at (0,0) width 3: " "
            RenderTableCell {TD} at (520,294) size 8x14 [bgcolor=#025E5E] [r=21 c=67 rs=1 cs=1]
              RenderInline {FONT} at (0,0) size 3x14
                RenderText {#text} at (0,0) size 3x14
                  text run at (0,0) width 3: " "
            RenderTableCell {TD} at (528,294) size 8x14 [bgcolor=#025E5E] [r=21 c=68 rs=1 cs=1]
              RenderInline {FONT} at (0,0) size 3x14
                RenderText {#text} at (0,0) size 3x14
                  text run at (0,0) width 3: " "
            RenderTableCell {TD} at (536,294) size 8x14 [bgcolor=#025E5E] [r=21 c=69 rs=1 cs=1]
              RenderInline {FONT} at (0,0) size 3x14
                RenderText {#text} at (0,0) size 3x14
                  text run at (0,0) width 3: " "
            RenderTableCell {TD} at (544,294) size 8x14 [bgcolor=#026766] [r=21 c=70 rs=1 cs=1]
              RenderInline {FONT} at (0,0) size 3x14
                RenderText {#text} at (0,0) size 3x14
                  text run at (0,0) width 3: " "
            RenderTableCell {TD} at (552,294) size 8x14 [bgcolor=#026766] [r=21 c=71 rs=1 cs=1]
              RenderInline {FONT} at (0,0) size 3x14
                RenderText {#text} at (0,0) size 3x14
                  text run at (0,0) width 3: " "
            RenderTableCell {TD} at (560,294) size 8x14 [bgcolor=#026766] [r=21 c=72 rs=1 cs=1]
              RenderInline {FONT} at (0,0) size 3x14
                RenderText {#text} at (0,0) size 3x14
                  text run at (0,0) width 3: " "
            RenderTableCell {TD} at (568,294) size 8x14 [bgcolor=#026766] [r=21 c=73 rs=1 cs=1]
              RenderInline {FONT} at (0,0) size 3x14
                RenderText {#text} at (0,0) size 3x14
                  text run at (0,0) width 3: " "
            RenderTableCell {TD} at (576,294) size 8x14 [bgcolor=#026766] [r=21 c=74 rs=1 cs=1]
              RenderInline {FONT} at (0,0) size 3x14
                RenderText {#text} at (0,0) size 3x14
                  text run at (0,0) width 3: " "
            RenderTableCell {TD} at (584,294) size 8x14 [bgcolor=#026766] [r=21 c=75 rs=1 cs=1]
              RenderInline {FONT} at (0,0) size 3x14
                RenderText {#text} at (0,0) size 3x14
                  text run at (0,0) width 3: " "
            RenderTableCell {TD} at (592,294) size 8x14 [bgcolor=#027777] [r=21 c=76 rs=1 cs=1]
              RenderInline {FONT} at (0,0) size 3x14
                RenderText {#text} at (0,0) size 3x14
                  text run at (0,0) width 3: " "
            RenderTableCell {TD} at (600,294) size 8x14 [bgcolor=#027777] [r=21 c=77 rs=1 cs=1]
              RenderInline {FONT} at (0,0) size 3x14
                RenderText {#text} at (0,0) size 3x14
                  text run at (0,0) width 3: " "
            RenderTableCell {TD} at (608,294) size 8x14 [bgcolor=#027777] [r=21 c=78 rs=1 cs=1]
              RenderInline {FONT} at (0,0) size 3x14
                RenderText {#text} at (0,0) size 3x14
                  text run at (0,0) width 3: " "
            RenderTableCell {TD} at (616,294) size 8x14 [bgcolor=#026766] [r=21 c=79 rs=1 cs=1]
              RenderInline {FONT} at (0,0) size 3x14
                RenderText {#text} at (0,0) size 3x14
                  text run at (0,0) width 3: " "
            RenderTableCell {TD} at (624,294) size 8x14 [bgcolor=#026766] [r=21 c=80 rs=1 cs=1]
              RenderInline {FONT} at (0,0) size 3x14
                RenderText {#text} at (0,0) size 3x14
                  text run at (0,0) width 3: " "
            RenderTableCell {TD} at (632,294) size 8x14 [bgcolor=#026766] [r=21 c=81 rs=1 cs=1]
              RenderInline {FONT} at (0,0) size 3x14
                RenderText {#text} at (0,0) size 3x14
                  text run at (0,0) width 3: " "
            RenderTableCell {TD} at (640,294) size 8x14 [bgcolor=#026766] [r=21 c=82 rs=1 cs=1]
              RenderInline {FONT} at (0,0) size 3x14
                RenderText {#text} at (0,0) size 3x14
                  text run at (0,0) width 3: " "
            RenderTableCell {TD} at (648,294) size 8x14 [bgcolor=#026766] [r=21 c=83 rs=1 cs=1]
              RenderInline {FONT} at (0,0) size 3x14
                RenderText {#text} at (0,0) size 3x14
                  text run at (0,0) width 3: " "
            RenderTableCell {TD} at (656,294) size 8x14 [bgcolor=#026766] [r=21 c=84 rs=1 cs=1]
              RenderInline {FONT} at (0,0) size 3x14
                RenderText {#text} at (0,0) size 3x14
                  text run at (0,0) width 3: " "
            RenderTableCell {TD} at (664,294) size 8x14 [bgcolor=#026766] [r=21 c=85 rs=1 cs=1]
              RenderInline {FONT} at (0,0) size 3x14
                RenderText {#text} at (0,0) size 3x14
                  text run at (0,0) width 3: " "
            RenderTableCell {TD} at (672,294) size 8x14 [bgcolor=#026766] [r=21 c=86 rs=1 cs=1]
              RenderInline {FONT} at (0,0) size 3x14
                RenderText {#text} at (0,0) size 3x14
                  text run at (0,0) width 3: " "
            RenderTableCell {TD} at (680,294) size 8x14 [bgcolor=#026766] [r=21 c=87 rs=1 cs=1]
              RenderInline {FONT} at (0,0) size 3x14
                RenderText {#text} at (0,0) size 3x14
                  text run at (0,0) width 3: " "
            RenderTableCell {TD} at (688,294) size 8x14 [bgcolor=#026766] [r=21 c=88 rs=1 cs=1]
              RenderInline {FONT} at (0,0) size 3x14
                RenderText {#text} at (0,0) size 3x14
                  text run at (0,0) width 3: " "
            RenderTableCell {TD} at (696,294) size 8x14 [bgcolor=#026766] [r=21 c=89 rs=1 cs=1]
              RenderInline {FONT} at (0,0) size 3x14
                RenderText {#text} at (0,0) size 3x14
                  text run at (0,0) width 3: " "
            RenderTableCell {TD} at (704,294) size 8x14 [bgcolor=#026766] [r=21 c=90 rs=1 cs=1]
              RenderInline {FONT} at (0,0) size 3x14
                RenderText {#text} at (0,0) size 3x14
                  text run at (0,0) width 3: " "
            RenderTableCell {TD} at (712,294) size 8x14 [bgcolor=#025E5E] [r=21 c=91 rs=1 cs=1]
              RenderInline {FONT} at (0,0) size 3x14
                RenderText {#text} at (0,0) size 3x14
                  text run at (0,0) width 3: " "
            RenderTableCell {TD} at (720,294) size 8x14 [bgcolor=#044F4F] [r=21 c=92 rs=1 cs=1]
              RenderInline {FONT} at (0,0) size 3x14
                RenderText {#text} at (0,0) size 3x14
                  text run at (0,0) width 3: " "
            RenderTableCell {TD} at (728,294) size 8x14 [bgcolor=#044140] [r=21 c=93 rs=1 cs=1]
              RenderInline {FONT} at (0,0) size 3x14
                RenderText {#text} at (0,0) size 3x14
                  text run at (0,0) width 3: " "
            RenderTableCell {TD} at (736,294) size 8x14 [bgcolor=#1C2524] [r=21 c=94 rs=1 cs=1]
              RenderInline {FONT} at (0,0) size 3x14
                RenderText {#text} at (0,0) size 3x14
                  text run at (0,0) width 3: " "
            RenderTableCell {TD} at (744,294) size 8x14 [bgcolor=#3D4242] [r=21 c=95 rs=1 cs=1]
              RenderInline {FONT} at (0,0) size 3x14
                RenderText {#text} at (0,0) size 3x14
                  text run at (0,0) width 3: " "
            RenderTableCell {TD} at (752,294) size 8x14 [bgcolor=#515C5B] [r=21 c=96 rs=1 cs=1]
              RenderInline {FONT} at (0,0) size 3x14
                RenderText {#text} at (0,0) size 3x14
                  text run at (0,0) width 3: " "
            RenderTableCell {TD} at (760,294) size 8x14 [bgcolor=#5E5F60] [r=21 c=97 rs=1 cs=1]
              RenderInline {FONT} at (0,0) size 3x14
                RenderText {#text} at (0,0) size 3x14
                  text run at (0,0) width 3: " "
            RenderTableCell {TD} at (768,294) size 8x14 [bgcolor=#5E5F60] [r=21 c=98 rs=1 cs=1]
              RenderInline {FONT} at (0,0) size 3x14
                RenderText {#text} at (0,0) size 3x14
                  text run at (0,0) width 3: " "
            RenderTableCell {TD} at (776,294) size 8x14 [bgcolor=#515C5B] [r=21 c=99 rs=1 cs=1]
              RenderInline {FONT} at (0,0) size 3x14
                RenderText {#text} at (0,0) size 3x14
                  text run at (0,0) width 3: " "
          RenderTableRow {TR} at (0,308) size 784x14
            RenderTableCell {TD} at (0,308) size 7x14 [bgcolor=#FDFDFB] [r=22 c=0 rs=1 cs=1]
              RenderInline {FONT} at (0,0) size 3x14
                RenderText {#text} at (0,0) size 3x14
                  text run at (0,0) width 3: " "
            RenderTableCell {TD} at (7,308) size 7x14 [bgcolor=#FDFDFB] [r=22 c=1 rs=1 cs=1]
              RenderInline {FONT} at (0,0) size 3x14
                RenderText {#text} at (0,0) size 3x14
                  text run at (0,0) width 3: " "
            RenderTableCell {TD} at (14,308) size 7x14 [bgcolor=#FDFDFB] [r=22 c=2 rs=1 cs=1]
              RenderInline {FONT} at (0,0) size 3x14
                RenderText {#text} at (0,0) size 3x14
                  text run at (0,0) width 3: " "
            RenderTableCell {TD} at (21,308) size 7x14 [bgcolor=#FDFDFB] [r=22 c=3 rs=1 cs=1]
              RenderInline {FONT} at (0,0) size 3x14
                RenderText {#text} at (0,0) size 3x14
                  text run at (0,0) width 3: " "
            RenderTableCell {TD} at (28,308) size 7x14 [bgcolor=#EDEEEF] [r=22 c=4 rs=1 cs=1]
              RenderInline {FONT} at (0,0) size 3x14
                RenderText {#text} at (0,0) size 3x14
                  text run at (0,0) width 3: " "
            RenderTableCell {TD} at (35,308) size 7x14 [bgcolor=#CECFCF] [r=22 c=5 rs=1 cs=1]
              RenderInline {FONT} at (0,0) size 3x14
                RenderText {#text} at (0,0) size 3x14
                  text run at (0,0) width 3: " "
            RenderTableCell {TD} at (42,308) size 7x14 [bgcolor=#91A3A3] [r=22 c=6 rs=1 cs=1]
              RenderInline {FONT} at (0,0) size 3x14
                RenderText {#text} at (0,0) size 3x14
                  text run at (0,0) width 3: " "
            RenderTableCell {TD} at (49,308) size 7x14 [bgcolor=#305D5D] [r=22 c=7 rs=1 cs=1]
              RenderInline {FONT} at (0,0) size 3x14
                RenderText {#text} at (0,0) size 3x14
                  text run at (0,0) width 3: " "
            RenderTableCell {TD} at (56,308) size 7x14 [bgcolor=#044F4F] [r=22 c=8 rs=1 cs=1]
              RenderInline {FONT} at (0,0) size 3x14
                RenderText {#text} at (0,0) size 3x14
                  text run at (0,0) width 3: " "
            RenderTableCell {TD} at (63,308) size 7x14 [bgcolor=#044F4F] [r=22 c=9 rs=1 cs=1]
              RenderInline {FONT} at (0,0) size 3x14
                RenderText {#text} at (0,0) size 3x14
                  text run at (0,0) width 3: " "
            RenderTableCell {TD} at (70,308) size 7x14 [bgcolor=#044F4F] [r=22 c=10 rs=1 cs=1]
              RenderInline {FONT} at (0,0) size 3x14
                RenderText {#text} at (0,0) size 3x14
                  text run at (0,0) width 3: " "
            RenderTableCell {TD} at (77,308) size 7x14 [bgcolor=#025E5E] [r=22 c=11 rs=1 cs=1]
              RenderInline {FONT} at (0,0) size 3x14
                RenderText {#text} at (0,0) size 3x14
                  text run at (0,0) width 3: " "
            RenderTableCell {TD} at (84,308) size 7x14 [bgcolor=#025E5E] [r=22 c=12 rs=1 cs=1]
              RenderInline {FONT} at (0,0) size 3x14
                RenderText {#text} at (0,0) size 3x14
                  text run at (0,0) width 3: " "
            RenderTableCell {TD} at (91,308) size 7x14 [bgcolor=#025E5E] [r=22 c=13 rs=1 cs=1]
              RenderInline {FONT} at (0,0) size 3x14
                RenderText {#text} at (0,0) size 3x14
                  text run at (0,0) width 3: " "
            RenderTableCell {TD} at (98,308) size 7x14 [bgcolor=#025E5E] [r=22 c=14 rs=1 cs=1]
              RenderInline {FONT} at (0,0) size 3x14
                RenderText {#text} at (0,0) size 3x14
                  text run at (0,0) width 3: " "
            RenderTableCell {TD} at (105,308) size 7x14 [bgcolor=#026766] [r=22 c=15 rs=1 cs=1]
              RenderInline {FONT} at (0,0) size 3x14
                RenderText {#text} at (0,0) size 3x14
                  text run at (0,0) width 3: " "
            RenderTableCell {TD} at (112,308) size 8x14 [bgcolor=#027777] [r=22 c=16 rs=1 cs=1]
              RenderInline {FONT} at (0,0) size 3x14
                RenderText {#text} at (0,0) size 3x14
                  text run at (0,0) width 3: " "
            RenderTableCell {TD} at (120,308) size 8x14 [bgcolor=#027777] [r=22 c=17 rs=1 cs=1]
              RenderInline {FONT} at (0,0) size 3x14
                RenderText {#text} at (0,0) size 3x14
                  text run at (0,0) width 3: " "
            RenderTableCell {TD} at (128,308) size 8x14 [bgcolor=#027777] [r=22 c=18 rs=1 cs=1]
              RenderInline {FONT} at (0,0) size 3x14
                RenderText {#text} at (0,0) size 3x14
                  text run at (0,0) width 3: " "
            RenderTableCell {TD} at (136,308) size 8x14 [bgcolor=#027777] [r=22 c=19 rs=1 cs=1]
              RenderInline {FONT} at (0,0) size 3x14
                RenderText {#text} at (0,0) size 3x14
                  text run at (0,0) width 3: " "
            RenderTableCell {TD} at (144,308) size 8x14 [bgcolor=#025E5E] [r=22 c=20 rs=1 cs=1]
              RenderInline {FONT} at (0,0) size 3x14
                RenderText {#text} at (0,0) size 3x14
                  text run at (0,0) width 3: " "
            RenderTableCell {TD} at (152,308) size 8x14 [bgcolor=#044F4F] [r=22 c=21 rs=1 cs=1]
              RenderInline {FONT} at (0,0) size 3x14
                RenderText {#text} at (0,0) size 3x14
                  text run at (0,0) width 3: " "
            RenderTableCell {TD} at (160,308) size 8x14 [bgcolor=#044F4F] [r=22 c=22 rs=1 cs=1]
              RenderInline {FONT} at (0,0) size 3x14
                RenderText {#text} at (0,0) size 3x14
                  text run at (0,0) width 3: " "
            RenderTableCell {TD} at (168,308) size 8x14 [bgcolor=#044140] [r=22 c=23 rs=1 cs=1]
              RenderInline {FONT} at (0,0) size 3x14
                RenderText {#text} at (0,0) size 3x14
                  text run at (0,0) width 3: " "
            RenderTableCell {TD} at (176,308) size 8x14 [bgcolor=#083131] [r=22 c=24 rs=1 cs=1]
              RenderInline {FONT} at (0,0) size 3x14
                RenderText {#text} at (0,0) size 3x14
                  text run at (0,0) width 3: " "
            RenderTableCell {TD} at (184,308) size 8x14 [bgcolor=#083131] [r=22 c=25 rs=1 cs=1]
              RenderInline {FONT} at (0,0) size 3x14
                RenderText {#text} at (0,0) size 3x14
                  text run at (0,0) width 3: " "
            RenderTableCell {TD} at (192,308) size 8x14 [bgcolor=#3D4242] [r=22 c=26 rs=1 cs=1]
              RenderInline {FONT} at (0,0) size 3x14
                RenderText {#text} at (0,0) size 3x14
                  text run at (0,0) width 3: " "
            RenderTableCell {TD} at (200,308) size 8x14 [bgcolor=#5E5F60] [r=22 c=27 rs=1 cs=1]
              RenderInline {FONT} at (0,0) size 3x14
                RenderText {#text} at (0,0) size 3x14
                  text run at (0,0) width 3: " "
            RenderTableCell {TD} at (208,308) size 8x14 [bgcolor=#848788] [r=22 c=28 rs=1 cs=1]
              RenderInline {FONT} at (0,0) size 3x14
                RenderText {#text} at (0,0) size 3x14
                  text run at (0,0) width 3: " "
            RenderTableCell {TD} at (216,308) size 8x14 [bgcolor=#A5A6A6] [r=22 c=29 rs=1 cs=1]
              RenderInline {FONT} at (0,0) size 3x14
                RenderText {#text} at (0,0) size 3x14
                  text run at (0,0) width 3: " "
            RenderTableCell {TD} at (224,308) size 8x14 [bgcolor=#CECFCF] [r=22 c=30 rs=1 cs=1]
              RenderInline {FONT} at (0,0) size 3x14
                RenderText {#text} at (0,0) size 3x14
                  text run at (0,0) width 3: " "
            RenderTableCell {TD} at (232,308) size 8x14 [bgcolor=#EDEEEF] [r=22 c=31 rs=1 cs=1]
              RenderInline {FONT} at (0,0) size 3x14
                RenderText {#text} at (0,0) size 3x14
                  text run at (0,0) width 3: " "
            RenderTableCell {TD} at (240,308) size 8x14 [bgcolor=#FDFDFB] [r=22 c=32 rs=1 cs=1]
              RenderInline {FONT} at (0,0) size 3x14
                RenderText {#text} at (0,0) size 3x14
                  text run at (0,0) width 3: " "
            RenderTableCell {TD} at (248,308) size 8x14 [bgcolor=#FDFDFB] [r=22 c=33 rs=1 cs=1]
              RenderInline {FONT} at (0,0) size 3x14
                RenderText {#text} at (0,0) size 3x14
                  text run at (0,0) width 3: " "
            RenderTableCell {TD} at (256,308) size 8x14 [bgcolor=#FDFDFB] [r=22 c=34 rs=1 cs=1]
              RenderInline {FONT} at (0,0) size 3x14
                RenderText {#text} at (0,0) size 3x14
                  text run at (0,0) width 3: " "
            RenderTableCell {TD} at (264,308) size 8x14 [bgcolor=#EDEEEF] [r=22 c=35 rs=1 cs=1]
              RenderInline {FONT} at (0,0) size 3x14
                RenderText {#text} at (0,0) size 3x14
                  text run at (0,0) width 3: " "
            RenderTableCell {TD} at (272,308) size 8x14 [bgcolor=#027777] [r=22 c=36 rs=1 cs=1]
              RenderInline {FONT} at (0,0) size 3x14
                RenderText {#text} at (0,0) size 3x14
                  text run at (0,0) width 3: " "
            RenderTableCell {TD} at (280,308) size 8x14 [bgcolor=#026766] [r=22 c=37 rs=1 cs=1]
              RenderInline {FONT} at (0,0) size 3x14
                RenderText {#text} at (0,0) size 3x14
                  text run at (0,0) width 3: " "
            RenderTableCell {TD} at (288,308) size 8x14 [bgcolor=#025E5E] [r=22 c=38 rs=1 cs=1]
              RenderInline {FONT} at (0,0) size 3x14
                RenderText {#text} at (0,0) size 3x14
                  text run at (0,0) width 3: " "
            RenderTableCell {TD} at (296,308) size 8x14 [bgcolor=#044F4F] [r=22 c=39 rs=1 cs=1]
              RenderInline {FONT} at (0,0) size 3x14
                RenderText {#text} at (0,0) size 3x14
                  text run at (0,0) width 3: " "
            RenderTableCell {TD} at (304,308) size 8x14 [bgcolor=#044F4F] [r=22 c=40 rs=1 cs=1]
              RenderInline {FONT} at (0,0) size 3x14
                RenderText {#text} at (0,0) size 3x14
                  text run at (0,0) width 3: " "
            RenderTableCell {TD} at (312,308) size 8x14 [bgcolor=#044F4F] [r=22 c=41 rs=1 cs=1]
              RenderInline {FONT} at (0,0) size 3x14
                RenderText {#text} at (0,0) size 3x14
                  text run at (0,0) width 3: " "
            RenderTableCell {TD} at (320,308) size 8x14 [bgcolor=#044F4F] [r=22 c=42 rs=1 cs=1]
              RenderInline {FONT} at (0,0) size 3x14
                RenderText {#text} at (0,0) size 3x14
                  text run at (0,0) width 3: " "
            RenderTableCell {TD} at (328,308) size 8x14 [bgcolor=#044F4F] [r=22 c=43 rs=1 cs=1]
              RenderInline {FONT} at (0,0) size 3x14
                RenderText {#text} at (0,0) size 3x14
                  text run at (0,0) width 3: " "
            RenderTableCell {TD} at (336,308) size 8x14 [bgcolor=#044F4F] [r=22 c=44 rs=1 cs=1]
              RenderInline {FONT} at (0,0) size 3x14
                RenderText {#text} at (0,0) size 3x14
                  text run at (0,0) width 3: " "
            RenderTableCell {TD} at (344,308) size 8x14 [bgcolor=#044F4F] [r=22 c=45 rs=1 cs=1]
              RenderInline {FONT} at (0,0) size 3x14
                RenderText {#text} at (0,0) size 3x14
                  text run at (0,0) width 3: " "
            RenderTableCell {TD} at (352,308) size 8x14 [bgcolor=#044F4F] [r=22 c=46 rs=1 cs=1]
              RenderInline {FONT} at (0,0) size 3x14
                RenderText {#text} at (0,0) size 3x14
                  text run at (0,0) width 3: " "
            RenderTableCell {TD} at (360,308) size 8x14 [bgcolor=#044F4F] [r=22 c=47 rs=1 cs=1]
              RenderInline {FONT} at (0,0) size 3x14
                RenderText {#text} at (0,0) size 3x14
                  text run at (0,0) width 3: " "
            RenderTableCell {TD} at (368,308) size 8x14 [bgcolor=#044F4F] [r=22 c=48 rs=1 cs=1]
              RenderInline {FONT} at (0,0) size 3x14
                RenderText {#text} at (0,0) size 3x14
                  text run at (0,0) width 3: " "
            RenderTableCell {TD} at (376,308) size 8x14 [bgcolor=#044F4F] [r=22 c=49 rs=1 cs=1]
              RenderInline {FONT} at (0,0) size 3x14
                RenderText {#text} at (0,0) size 3x14
                  text run at (0,0) width 3: " "
            RenderTableCell {TD} at (384,308) size 8x14 [bgcolor=#044140] [r=22 c=50 rs=1 cs=1]
              RenderInline {FONT} at (0,0) size 3x14
                RenderText {#text} at (0,0) size 3x14
                  text run at (0,0) width 3: " "
            RenderTableCell {TD} at (392,308) size 8x14 [bgcolor=#083131] [r=22 c=51 rs=1 cs=1]
              RenderInline {FONT} at (0,0) size 3x14
                RenderText {#text} at (0,0) size 3x14
                  text run at (0,0) width 3: " "
            RenderTableCell {TD} at (400,308) size 8x14 [bgcolor=#696A69] [r=22 c=52 rs=1 cs=1]
              RenderInline {FONT} at (0,0) size 3x14
                RenderText {#text} at (0,0) size 3x14
                  text run at (0,0) width 3: " "
            RenderTableCell {TD} at (408,308) size 8x14 [bgcolor=#B4B4B4] [r=22 c=53 rs=1 cs=1]
              RenderInline {FONT} at (0,0) size 3x14
                RenderText {#text} at (0,0) size 3x14
                  text run at (0,0) width 3: " "
            RenderTableCell {TD} at (416,308) size 8x14 [bgcolor=#DEDFDF] [r=22 c=54 rs=1 cs=1]
              RenderInline {FONT} at (0,0) size 3x14
                RenderText {#text} at (0,0) size 3x14
                  text run at (0,0) width 3: " "
            RenderTableCell {TD} at (424,308) size 8x14 [bgcolor=#FDFDFB] [r=22 c=55 rs=1 cs=1]
              RenderInline {FONT} at (0,0) size 3x14
                RenderText {#text} at (0,0) size 3x14
                  text run at (0,0) width 3: " "
            RenderTableCell {TD} at (432,308) size 8x14 [bgcolor=#FDFDFB] [r=22 c=56 rs=1 cs=1]
              RenderInline {FONT} at (0,0) size 3x14
                RenderText {#text} at (0,0) size 3x14
                  text run at (0,0) width 3: " "
            RenderTableCell {TD} at (440,308) size 8x14 [bgcolor=#FDFDFB] [r=22 c=57 rs=1 cs=1]
              RenderInline {FONT} at (0,0) size 3x14
                RenderText {#text} at (0,0) size 3x14
                  text run at (0,0) width 3: " "
            RenderTableCell {TD} at (448,308) size 8x14 [bgcolor=#FDFDFB] [r=22 c=58 rs=1 cs=1]
              RenderInline {FONT} at (0,0) size 3x14
                RenderText {#text} at (0,0) size 3x14
                  text run at (0,0) width 3: " "
            RenderTableCell {TD} at (456,308) size 8x14 [bgcolor=#FDFDFB] [r=22 c=59 rs=1 cs=1]
              RenderInline {FONT} at (0,0) size 3x14
                RenderText {#text} at (0,0) size 3x14
                  text run at (0,0) width 3: " "
            RenderTableCell {TD} at (464,308) size 8x14 [bgcolor=#FDFDFB] [r=22 c=60 rs=1 cs=1]
              RenderInline {FONT} at (0,0) size 3x14
                RenderText {#text} at (0,0) size 3x14
                  text run at (0,0) width 3: " "
            RenderTableCell {TD} at (472,308) size 8x14 [bgcolor=#FDFDFB] [r=22 c=61 rs=1 cs=1]
              RenderInline {FONT} at (0,0) size 3x14
                RenderText {#text} at (0,0) size 3x14
                  text run at (0,0) width 3: " "
            RenderTableCell {TD} at (480,308) size 8x14 [bgcolor=#EDEEEF] [r=22 c=62 rs=1 cs=1]
              RenderInline {FONT} at (0,0) size 3x14
                RenderText {#text} at (0,0) size 3x14
                  text run at (0,0) width 3: " "
            RenderTableCell {TD} at (488,308) size 8x14 [bgcolor=#BEC2C2] [r=22 c=63 rs=1 cs=1]
              RenderInline {FONT} at (0,0) size 3x14
                RenderText {#text} at (0,0) size 3x14
                  text run at (0,0) width 3: " "
            RenderTableCell {TD} at (496,308) size 8x14 [bgcolor=#396B6A] [r=22 c=64 rs=1 cs=1]
              RenderInline {FONT} at (0,0) size 3x14
                RenderText {#text} at (0,0) size 3x14
                  text run at (0,0) width 3: " "
            RenderTableCell {TD} at (504,308) size 8x14 [bgcolor=#044F4F] [r=22 c=65 rs=1 cs=1]
              RenderInline {FONT} at (0,0) size 3x14
                RenderText {#text} at (0,0) size 3x14
                  text run at (0,0) width 3: " "
            RenderTableCell {TD} at (512,308) size 8x14 [bgcolor=#044F4F] [r=22 c=66 rs=1 cs=1]
              RenderInline {FONT} at (0,0) size 3x14
                RenderText {#text} at (0,0) size 3x14
                  text run at (0,0) width 3: " "
            RenderTableCell {TD} at (520,308) size 8x14 [bgcolor=#025E5E] [r=22 c=67 rs=1 cs=1]
              RenderInline {FONT} at (0,0) size 3x14
                RenderText {#text} at (0,0) size 3x14
                  text run at (0,0) width 3: " "
            RenderTableCell {TD} at (528,308) size 8x14 [bgcolor=#025E5E] [r=22 c=68 rs=1 cs=1]
              RenderInline {FONT} at (0,0) size 3x14
                RenderText {#text} at (0,0) size 3x14
                  text run at (0,0) width 3: " "
            RenderTableCell {TD} at (536,308) size 8x14 [bgcolor=#025E5E] [r=22 c=69 rs=1 cs=1]
              RenderInline {FONT} at (0,0) size 3x14
                RenderText {#text} at (0,0) size 3x14
                  text run at (0,0) width 3: " "
            RenderTableCell {TD} at (544,308) size 8x14 [bgcolor=#025E5E] [r=22 c=70 rs=1 cs=1]
              RenderInline {FONT} at (0,0) size 3x14
                RenderText {#text} at (0,0) size 3x14
                  text run at (0,0) width 3: " "
            RenderTableCell {TD} at (552,308) size 8x14 [bgcolor=#025E5E] [r=22 c=71 rs=1 cs=1]
              RenderInline {FONT} at (0,0) size 3x14
                RenderText {#text} at (0,0) size 3x14
                  text run at (0,0) width 3: " "
            RenderTableCell {TD} at (560,308) size 8x14 [bgcolor=#025E5E] [r=22 c=72 rs=1 cs=1]
              RenderInline {FONT} at (0,0) size 3x14
                RenderText {#text} at (0,0) size 3x14
                  text run at (0,0) width 3: " "
            RenderTableCell {TD} at (568,308) size 8x14 [bgcolor=#025E5E] [r=22 c=73 rs=1 cs=1]
              RenderInline {FONT} at (0,0) size 3x14
                RenderText {#text} at (0,0) size 3x14
                  text run at (0,0) width 3: " "
            RenderTableCell {TD} at (576,308) size 8x14 [bgcolor=#026766] [r=22 c=74 rs=1 cs=1]
              RenderInline {FONT} at (0,0) size 3x14
                RenderText {#text} at (0,0) size 3x14
                  text run at (0,0) width 3: " "
            RenderTableCell {TD} at (584,308) size 8x14 [bgcolor=#026766] [r=22 c=75 rs=1 cs=1]
              RenderInline {FONT} at (0,0) size 3x14
                RenderText {#text} at (0,0) size 3x14
                  text run at (0,0) width 3: " "
            RenderTableCell {TD} at (592,308) size 8x14 [bgcolor=#026766] [r=22 c=76 rs=1 cs=1]
              RenderInline {FONT} at (0,0) size 3x14
                RenderText {#text} at (0,0) size 3x14
                  text run at (0,0) width 3: " "
            RenderTableCell {TD} at (600,308) size 8x14 [bgcolor=#026766] [r=22 c=77 rs=1 cs=1]
              RenderInline {FONT} at (0,0) size 3x14
                RenderText {#text} at (0,0) size 3x14
                  text run at (0,0) width 3: " "
            RenderTableCell {TD} at (608,308) size 8x14 [bgcolor=#026766] [r=22 c=78 rs=1 cs=1]
              RenderInline {FONT} at (0,0) size 3x14
                RenderText {#text} at (0,0) size 3x14
                  text run at (0,0) width 3: " "
            RenderTableCell {TD} at (616,308) size 8x14 [bgcolor=#026766] [r=22 c=79 rs=1 cs=1]
              RenderInline {FONT} at (0,0) size 3x14
                RenderText {#text} at (0,0) size 3x14
                  text run at (0,0) width 3: " "
            RenderTableCell {TD} at (624,308) size 8x14 [bgcolor=#026766] [r=22 c=80 rs=1 cs=1]
              RenderInline {FONT} at (0,0) size 3x14
                RenderText {#text} at (0,0) size 3x14
                  text run at (0,0) width 3: " "
            RenderTableCell {TD} at (632,308) size 8x14 [bgcolor=#026766] [r=22 c=81 rs=1 cs=1]
              RenderInline {FONT} at (0,0) size 3x14
                RenderText {#text} at (0,0) size 3x14
                  text run at (0,0) width 3: " "
            RenderTableCell {TD} at (640,308) size 8x14 [bgcolor=#026766] [r=22 c=82 rs=1 cs=1]
              RenderInline {FONT} at (0,0) size 3x14
                RenderText {#text} at (0,0) size 3x14
                  text run at (0,0) width 3: " "
            RenderTableCell {TD} at (648,308) size 8x14 [bgcolor=#026766] [r=22 c=83 rs=1 cs=1]
              RenderInline {FONT} at (0,0) size 3x14
                RenderText {#text} at (0,0) size 3x14
                  text run at (0,0) width 3: " "
            RenderTableCell {TD} at (656,308) size 8x14 [bgcolor=#026766] [r=22 c=84 rs=1 cs=1]
              RenderInline {FONT} at (0,0) size 3x14
                RenderText {#text} at (0,0) size 3x14
                  text run at (0,0) width 3: " "
            RenderTableCell {TD} at (664,308) size 8x14 [bgcolor=#026766] [r=22 c=85 rs=1 cs=1]
              RenderInline {FONT} at (0,0) size 3x14
                RenderText {#text} at (0,0) size 3x14
                  text run at (0,0) width 3: " "
            RenderTableCell {TD} at (672,308) size 8x14 [bgcolor=#026766] [r=22 c=86 rs=1 cs=1]
              RenderInline {FONT} at (0,0) size 3x14
                RenderText {#text} at (0,0) size 3x14
                  text run at (0,0) width 3: " "
            RenderTableCell {TD} at (680,308) size 8x14 [bgcolor=#026766] [r=22 c=87 rs=1 cs=1]
              RenderInline {FONT} at (0,0) size 3x14
                RenderText {#text} at (0,0) size 3x14
                  text run at (0,0) width 3: " "
            RenderTableCell {TD} at (688,308) size 8x14 [bgcolor=#026766] [r=22 c=88 rs=1 cs=1]
              RenderInline {FONT} at (0,0) size 3x14
                RenderText {#text} at (0,0) size 3x14
                  text run at (0,0) width 3: " "
            RenderTableCell {TD} at (696,308) size 8x14 [bgcolor=#026766] [r=22 c=89 rs=1 cs=1]
              RenderInline {FONT} at (0,0) size 3x14
                RenderText {#text} at (0,0) size 3x14
                  text run at (0,0) width 3: " "
            RenderTableCell {TD} at (704,308) size 8x14 [bgcolor=#026766] [r=22 c=90 rs=1 cs=1]
              RenderInline {FONT} at (0,0) size 3x14
                RenderText {#text} at (0,0) size 3x14
                  text run at (0,0) width 3: " "
            RenderTableCell {TD} at (712,308) size 8x14 [bgcolor=#025E5E] [r=22 c=91 rs=1 cs=1]
              RenderInline {FONT} at (0,0) size 3x14
                RenderText {#text} at (0,0) size 3x14
                  text run at (0,0) width 3: " "
            RenderTableCell {TD} at (720,308) size 8x14 [bgcolor=#044F4F] [r=22 c=92 rs=1 cs=1]
              RenderInline {FONT} at (0,0) size 3x14
                RenderText {#text} at (0,0) size 3x14
                  text run at (0,0) width 3: " "
            RenderTableCell {TD} at (728,308) size 8x14 [bgcolor=#044140] [r=22 c=93 rs=1 cs=1]
              RenderInline {FONT} at (0,0) size 3x14
                RenderText {#text} at (0,0) size 3x14
                  text run at (0,0) width 3: " "
            RenderTableCell {TD} at (736,308) size 8x14 [bgcolor=#425A5A] [r=22 c=94 rs=1 cs=1]
              RenderInline {FONT} at (0,0) size 3x14
                RenderText {#text} at (0,0) size 3x14
                  text run at (0,0) width 3: " "
            RenderTableCell {TD} at (744,308) size 8x14 [bgcolor=#A5A6A6] [r=22 c=95 rs=1 cs=1]
              RenderInline {FONT} at (0,0) size 3x14
                RenderText {#text} at (0,0) size 3x14
                  text run at (0,0) width 3: " "
            RenderTableCell {TD} at (752,308) size 8x14 [bgcolor=#CECFCF] [r=22 c=96 rs=1 cs=1]
              RenderInline {FONT} at (0,0) size 3x14
                RenderText {#text} at (0,0) size 3x14
                  text run at (0,0) width 3: " "
            RenderTableCell {TD} at (760,308) size 8x14 [bgcolor=#FDFDFB] [r=22 c=97 rs=1 cs=1]
              RenderInline {FONT} at (0,0) size 3x14
                RenderText {#text} at (0,0) size 3x14
                  text run at (0,0) width 3: " "
            RenderTableCell {TD} at (768,308) size 8x14 [bgcolor=#FDFDFB] [r=22 c=98 rs=1 cs=1]
              RenderInline {FONT} at (0,0) size 3x14
                RenderText {#text} at (0,0) size 3x14
                  text run at (0,0) width 3: " "
            RenderTableCell {TD} at (776,308) size 8x14 [bgcolor=#FDFDFB] [r=22 c=99 rs=1 cs=1]
              RenderInline {FONT} at (0,0) size 3x14
                RenderText {#text} at (0,0) size 3x14
                  text run at (0,0) width 3: " "
          RenderTableRow {TR} at (0,322) size 784x14
            RenderTableCell {TD} at (0,322) size 7x14 [bgcolor=#FDFDFB] [r=23 c=0 rs=1 cs=1]
              RenderInline {FONT} at (0,0) size 3x14
                RenderText {#text} at (0,0) size 3x14
                  text run at (0,0) width 3: " "
            RenderTableCell {TD} at (7,322) size 7x14 [bgcolor=#FDFDFB] [r=23 c=1 rs=1 cs=1]
              RenderInline {FONT} at (0,0) size 3x14
                RenderText {#text} at (0,0) size 3x14
                  text run at (0,0) width 3: " "
            RenderTableCell {TD} at (14,322) size 7x14 [bgcolor=#FDFDFB] [r=23 c=2 rs=1 cs=1]
              RenderInline {FONT} at (0,0) size 3x14
                RenderText {#text} at (0,0) size 3x14
                  text run at (0,0) width 3: " "
            RenderTableCell {TD} at (21,322) size 7x14 [bgcolor=#FDFDFB] [r=23 c=3 rs=1 cs=1]
              RenderInline {FONT} at (0,0) size 3x14
                RenderText {#text} at (0,0) size 3x14
                  text run at (0,0) width 3: " "
            RenderTableCell {TD} at (28,322) size 7x14 [bgcolor=#FDFDFB] [r=23 c=4 rs=1 cs=1]
              RenderInline {FONT} at (0,0) size 3x14
                RenderText {#text} at (0,0) size 3x14
                  text run at (0,0) width 3: " "
            RenderTableCell {TD} at (35,322) size 7x14 [bgcolor=#EDEEEF] [r=23 c=5 rs=1 cs=1]
              RenderInline {FONT} at (0,0) size 3x14
                RenderText {#text} at (0,0) size 3x14
                  text run at (0,0) width 3: " "
            RenderTableCell {TD} at (42,322) size 7x14 [bgcolor=#DEDFDF] [r=23 c=6 rs=1 cs=1]
              RenderInline {FONT} at (0,0) size 3x14
                RenderText {#text} at (0,0) size 3x14
                  text run at (0,0) width 3: " "
            RenderTableCell {TD} at (49,322) size 7x14 [bgcolor=#B4B4B4] [r=23 c=7 rs=1 cs=1]
              RenderInline {FONT} at (0,0) size 3x14
                RenderText {#text} at (0,0) size 3x14
                  text run at (0,0) width 3: " "
            RenderTableCell {TD} at (56,322) size 7x14 [bgcolor=#848788] [r=23 c=8 rs=1 cs=1]
              RenderInline {FONT} at (0,0) size 3x14
                RenderText {#text} at (0,0) size 3x14
                  text run at (0,0) width 3: " "
            RenderTableCell {TD} at (63,322) size 7x14 [bgcolor=#305D5D] [r=23 c=9 rs=1 cs=1]
              RenderInline {FONT} at (0,0) size 3x14
                RenderText {#text} at (0,0) size 3x14
                  text run at (0,0) width 3: " "
            RenderTableCell {TD} at (70,322) size 7x14 [bgcolor=#044F4F] [r=23 c=10 rs=1 cs=1]
              RenderInline {FONT} at (0,0) size 3x14
                RenderText {#text} at (0,0) size 3x14
                  text run at (0,0) width 3: " "
            RenderTableCell {TD} at (77,322) size 7x14 [bgcolor=#044140] [r=23 c=11 rs=1 cs=1]
              RenderInline {FONT} at (0,0) size 3x14
                RenderText {#text} at (0,0) size 3x14
                  text run at (0,0) width 3: " "
            RenderTableCell {TD} at (84,322) size 7x14 [bgcolor=#044F4F] [r=23 c=12 rs=1 cs=1]
              RenderInline {FONT} at (0,0) size 3x14
                RenderText {#text} at (0,0) size 3x14
                  text run at (0,0) width 3: " "
            RenderTableCell {TD} at (91,322) size 7x14 [bgcolor=#044F4F] [r=23 c=13 rs=1 cs=1]
              RenderInline {FONT} at (0,0) size 3x14
                RenderText {#text} at (0,0) size 3x14
                  text run at (0,0) width 3: " "
            RenderTableCell {TD} at (98,322) size 7x14 [bgcolor=#044F4F] [r=23 c=14 rs=1 cs=1]
              RenderInline {FONT} at (0,0) size 3x14
                RenderText {#text} at (0,0) size 3x14
                  text run at (0,0) width 3: " "
            RenderTableCell {TD} at (105,322) size 7x14 [bgcolor=#044F4F] [r=23 c=15 rs=1 cs=1]
              RenderInline {FONT} at (0,0) size 3x14
                RenderText {#text} at (0,0) size 3x14
                  text run at (0,0) width 3: " "
            RenderTableCell {TD} at (112,322) size 8x14 [bgcolor=#025E5E] [r=23 c=16 rs=1 cs=1]
              RenderInline {FONT} at (0,0) size 3x14
                RenderText {#text} at (0,0) size 3x14
                  text run at (0,0) width 3: " "
            RenderTableCell {TD} at (120,322) size 8x14 [bgcolor=#025E5E] [r=23 c=17 rs=1 cs=1]
              RenderInline {FONT} at (0,0) size 3x14
                RenderText {#text} at (0,0) size 3x14
                  text run at (0,0) width 3: " "
            RenderTableCell {TD} at (128,322) size 8x14 [bgcolor=#044F4F] [r=23 c=18 rs=1 cs=1]
              RenderInline {FONT} at (0,0) size 3x14
                RenderText {#text} at (0,0) size 3x14
                  text run at (0,0) width 3: " "
            RenderTableCell {TD} at (136,322) size 8x14 [bgcolor=#044F4F] [r=23 c=19 rs=1 cs=1]
              RenderInline {FONT} at (0,0) size 3x14
                RenderText {#text} at (0,0) size 3x14
                  text run at (0,0) width 3: " "
            RenderTableCell {TD} at (144,322) size 8x14 [bgcolor=#044140] [r=23 c=20 rs=1 cs=1]
              RenderInline {FONT} at (0,0) size 3x14
                RenderText {#text} at (0,0) size 3x14
                  text run at (0,0) width 3: " "
            RenderTableCell {TD} at (152,322) size 8x14 [bgcolor=#044140] [r=23 c=21 rs=1 cs=1]
              RenderInline {FONT} at (0,0) size 3x14
                RenderText {#text} at (0,0) size 3x14
                  text run at (0,0) width 3: " "
            RenderTableCell {TD} at (160,322) size 8x14 [bgcolor=#083131] [r=23 c=22 rs=1 cs=1]
              RenderInline {FONT} at (0,0) size 3x14
                RenderText {#text} at (0,0) size 3x14
                  text run at (0,0) width 3: " "
            RenderTableCell {TD} at (168,322) size 8x14 [bgcolor=#083131] [r=23 c=23 rs=1 cs=1]
              RenderInline {FONT} at (0,0) size 3x14
                RenderText {#text} at (0,0) size 3x14
                  text run at (0,0) width 3: " "
            RenderTableCell {TD} at (176,322) size 8x14 [bgcolor=#344C4E] [r=23 c=24 rs=1 cs=1]
              RenderInline {FONT} at (0,0) size 3x14
                RenderText {#text} at (0,0) size 3x14
                  text run at (0,0) width 3: " "
            RenderTableCell {TD} at (184,322) size 8x14 [bgcolor=#5E5F60] [r=23 c=25 rs=1 cs=1]
              RenderInline {FONT} at (0,0) size 3x14
                RenderText {#text} at (0,0) size 3x14
                  text run at (0,0) width 3: " "
            RenderTableCell {TD} at (192,322) size 8x14 [bgcolor=#777878] [r=23 c=26 rs=1 cs=1]
              RenderInline {FONT} at (0,0) size 3x14
                RenderText {#text} at (0,0) size 3x14
                  text run at (0,0) width 3: " "
            RenderTableCell {TD} at (200,322) size 8x14 [bgcolor=#939494] [r=23 c=27 rs=1 cs=1]
              RenderInline {FONT} at (0,0) size 3x14
                RenderText {#text} at (0,0) size 3x14
                  text run at (0,0) width 3: " "
            RenderTableCell {TD} at (208,322) size 8x14 [bgcolor=#B4B4B4] [r=23 c=28 rs=1 cs=1]
              RenderInline {FONT} at (0,0) size 3x14
                RenderText {#text} at (0,0) size 3x14
                  text run at (0,0) width 3: " "
            RenderTableCell {TD} at (216,322) size 8x14 [bgcolor=#CECFCF] [r=23 c=29 rs=1 cs=1]
              RenderInline {FONT} at (0,0) size 3x14
                RenderText {#text} at (0,0) size 3x14
                  text run at (0,0) width 3: " "
            RenderTableCell {TD} at (224,322) size 8x14 [bgcolor=#EDEEEF] [r=23 c=30 rs=1 cs=1]
              RenderInline {FONT} at (0,0) size 3x14
                RenderText {#text} at (0,0) size 3x14
                  text run at (0,0) width 3: " "
            RenderTableCell {TD} at (232,322) size 8x14 [bgcolor=#FDFDFB] [r=23 c=31 rs=1 cs=1]
              RenderInline {FONT} at (0,0) size 3x14
                RenderText {#text} at (0,0) size 3x14
                  text run at (0,0) width 3: " "
            RenderTableCell {TD} at (240,322) size 8x14 [bgcolor=#FDFDFB] [r=23 c=32 rs=1 cs=1]
              RenderInline {FONT} at (0,0) size 3x14
                RenderText {#text} at (0,0) size 3x14
                  text run at (0,0) width 3: " "
            RenderTableCell {TD} at (248,322) size 8x14 [bgcolor=#FDFDFB] [r=23 c=33 rs=1 cs=1]
              RenderInline {FONT} at (0,0) size 3x14
                RenderText {#text} at (0,0) size 3x14
                  text run at (0,0) width 3: " "
            RenderTableCell {TD} at (256,322) size 8x14 [bgcolor=#FDFDFB] [r=23 c=34 rs=1 cs=1]
              RenderInline {FONT} at (0,0) size 3x14
                RenderText {#text} at (0,0) size 3x14
                  text run at (0,0) width 3: " "
            RenderTableCell {TD} at (264,322) size 8x14 [bgcolor=#E0EAE9] [r=23 c=35 rs=1 cs=1]
              RenderInline {FONT} at (0,0) size 3x14
                RenderText {#text} at (0,0) size 3x14
                  text run at (0,0) width 3: " "
            RenderTableCell {TD} at (272,322) size 8x14 [bgcolor=#025E5E] [r=23 c=36 rs=1 cs=1]
              RenderInline {FONT} at (0,0) size 3x14
                RenderText {#text} at (0,0) size 3x14
                  text run at (0,0) width 3: " "
            RenderTableCell {TD} at (280,322) size 8x14 [bgcolor=#044F4F] [r=23 c=37 rs=1 cs=1]
              RenderInline {FONT} at (0,0) size 3x14
                RenderText {#text} at (0,0) size 3x14
                  text run at (0,0) width 3: " "
            RenderTableCell {TD} at (288,322) size 8x14 [bgcolor=#044140] [r=23 c=38 rs=1 cs=1]
              RenderInline {FONT} at (0,0) size 3x14
                RenderText {#text} at (0,0) size 3x14
                  text run at (0,0) width 3: " "
            RenderTableCell {TD} at (296,322) size 8x14 [bgcolor=#044140] [r=23 c=39 rs=1 cs=1]
              RenderInline {FONT} at (0,0) size 3x14
                RenderText {#text} at (0,0) size 3x14
                  text run at (0,0) width 3: " "
            RenderTableCell {TD} at (304,322) size 8x14 [bgcolor=#044140] [r=23 c=40 rs=1 cs=1]
              RenderInline {FONT} at (0,0) size 3x14
                RenderText {#text} at (0,0) size 3x14
                  text run at (0,0) width 3: " "
            RenderTableCell {TD} at (312,322) size 8x14 [bgcolor=#044140] [r=23 c=41 rs=1 cs=1]
              RenderInline {FONT} at (0,0) size 3x14
                RenderText {#text} at (0,0) size 3x14
                  text run at (0,0) width 3: " "
            RenderTableCell {TD} at (320,322) size 8x14 [bgcolor=#044140] [r=23 c=42 rs=1 cs=1]
              RenderInline {FONT} at (0,0) size 3x14
                RenderText {#text} at (0,0) size 3x14
                  text run at (0,0) width 3: " "
            RenderTableCell {TD} at (328,322) size 8x14 [bgcolor=#044140] [r=23 c=43 rs=1 cs=1]
              RenderInline {FONT} at (0,0) size 3x14
                RenderText {#text} at (0,0) size 3x14
                  text run at (0,0) width 3: " "
            RenderTableCell {TD} at (336,322) size 8x14 [bgcolor=#044140] [r=23 c=44 rs=1 cs=1]
              RenderInline {FONT} at (0,0) size 3x14
                RenderText {#text} at (0,0) size 3x14
                  text run at (0,0) width 3: " "
            RenderTableCell {TD} at (344,322) size 8x14 [bgcolor=#044140] [r=23 c=45 rs=1 cs=1]
              RenderInline {FONT} at (0,0) size 3x14
                RenderText {#text} at (0,0) size 3x14
                  text run at (0,0) width 3: " "
            RenderTableCell {TD} at (352,322) size 8x14 [bgcolor=#044140] [r=23 c=46 rs=1 cs=1]
              RenderInline {FONT} at (0,0) size 3x14
                RenderText {#text} at (0,0) size 3x14
                  text run at (0,0) width 3: " "
            RenderTableCell {TD} at (360,322) size 8x14 [bgcolor=#044140] [r=23 c=47 rs=1 cs=1]
              RenderInline {FONT} at (0,0) size 3x14
                RenderText {#text} at (0,0) size 3x14
                  text run at (0,0) width 3: " "
            RenderTableCell {TD} at (368,322) size 8x14 [bgcolor=#044140] [r=23 c=48 rs=1 cs=1]
              RenderInline {FONT} at (0,0) size 3x14
                RenderText {#text} at (0,0) size 3x14
                  text run at (0,0) width 3: " "
            RenderTableCell {TD} at (376,322) size 8x14 [bgcolor=#044140] [r=23 c=49 rs=1 cs=1]
              RenderInline {FONT} at (0,0) size 3x14
                RenderText {#text} at (0,0) size 3x14
                  text run at (0,0) width 3: " "
            RenderTableCell {TD} at (384,322) size 8x14 [bgcolor=#083131] [r=23 c=50 rs=1 cs=1]
              RenderInline {FONT} at (0,0) size 3x14
                RenderText {#text} at (0,0) size 3x14
                  text run at (0,0) width 3: " "
            RenderTableCell {TD} at (392,322) size 8x14 [bgcolor=#072323] [r=23 c=51 rs=1 cs=1]
              RenderInline {FONT} at (0,0) size 3x14
                RenderText {#text} at (0,0) size 3x14
                  text run at (0,0) width 3: " "
            RenderTableCell {TD} at (400,322) size 8x14 [bgcolor=#647979] [r=23 c=52 rs=1 cs=1]
              RenderInline {FONT} at (0,0) size 3x14
                RenderText {#text} at (0,0) size 3x14
                  text run at (0,0) width 3: " "
            RenderTableCell {TD} at (408,322) size 8x14 [bgcolor=#B4B4B4] [r=23 c=53 rs=1 cs=1]
              RenderInline {FONT} at (0,0) size 3x14
                RenderText {#text} at (0,0) size 3x14
                  text run at (0,0) width 3: " "
            RenderTableCell {TD} at (416,322) size 8x14 [bgcolor=#E0EAE9] [r=23 c=54 rs=1 cs=1]
              RenderInline {FONT} at (0,0) size 3x14
                RenderText {#text} at (0,0) size 3x14
                  text run at (0,0) width 3: " "
            RenderTableCell {TD} at (424,322) size 8x14 [bgcolor=#FDFDFB] [r=23 c=55 rs=1 cs=1]
              RenderInline {FONT} at (0,0) size 3x14
                RenderText {#text} at (0,0) size 3x14
                  text run at (0,0) width 3: " "
            RenderTableCell {TD} at (432,322) size 8x14 [bgcolor=#FDFDFB] [r=23 c=56 rs=1 cs=1]
              RenderInline {FONT} at (0,0) size 3x14
                RenderText {#text} at (0,0) size 3x14
                  text run at (0,0) width 3: " "
            RenderTableCell {TD} at (440,322) size 8x14 [bgcolor=#FDFDFB] [r=23 c=57 rs=1 cs=1]
              RenderInline {FONT} at (0,0) size 3x14
                RenderText {#text} at (0,0) size 3x14
                  text run at (0,0) width 3: " "
            RenderTableCell {TD} at (448,322) size 8x14 [bgcolor=#FDFDFB] [r=23 c=58 rs=1 cs=1]
              RenderInline {FONT} at (0,0) size 3x14
                RenderText {#text} at (0,0) size 3x14
                  text run at (0,0) width 3: " "
            RenderTableCell {TD} at (456,322) size 8x14 [bgcolor=#FDFDFB] [r=23 c=59 rs=1 cs=1]
              RenderInline {FONT} at (0,0) size 3x14
                RenderText {#text} at (0,0) size 3x14
                  text run at (0,0) width 3: " "
            RenderTableCell {TD} at (464,322) size 8x14 [bgcolor=#FDFDFB] [r=23 c=60 rs=1 cs=1]
              RenderInline {FONT} at (0,0) size 3x14
                RenderText {#text} at (0,0) size 3x14
                  text run at (0,0) width 3: " "
            RenderTableCell {TD} at (472,322) size 8x14 [bgcolor=#FDFDFB] [r=23 c=61 rs=1 cs=1]
              RenderInline {FONT} at (0,0) size 3x14
                RenderText {#text} at (0,0) size 3x14
                  text run at (0,0) width 3: " "
            RenderTableCell {TD} at (480,322) size 8x14 [bgcolor=#FDFDFB] [r=23 c=62 rs=1 cs=1]
              RenderInline {FONT} at (0,0) size 3x14
                RenderText {#text} at (0,0) size 3x14
                  text run at (0,0) width 3: " "
            RenderTableCell {TD} at (488,322) size 8x14 [bgcolor=#E0EAE9] [r=23 c=63 rs=1 cs=1]
              RenderInline {FONT} at (0,0) size 3x14
                RenderText {#text} at (0,0) size 3x14
                  text run at (0,0) width 3: " "
            RenderTableCell {TD} at (496,322) size 8x14 [bgcolor=#BEC2C2] [r=23 c=64 rs=1 cs=1]
              RenderInline {FONT} at (0,0) size 3x14
                RenderText {#text} at (0,0) size 3x14
                  text run at (0,0) width 3: " "
            RenderTableCell {TD} at (504,322) size 8x14 [bgcolor=#7B918F] [r=23 c=65 rs=1 cs=1]
              RenderInline {FONT} at (0,0) size 3x14
                RenderText {#text} at (0,0) size 3x14
                  text run at (0,0) width 3: " "
            RenderTableCell {TD} at (512,322) size 8x14 [bgcolor=#305D5D] [r=23 c=66 rs=1 cs=1]
              RenderInline {FONT} at (0,0) size 3x14
                RenderText {#text} at (0,0) size 3x14
                  text run at (0,0) width 3: " "
            RenderTableCell {TD} at (520,322) size 8x14 [bgcolor=#044F4F] [r=23 c=67 rs=1 cs=1]
              RenderInline {FONT} at (0,0) size 3x14
                RenderText {#text} at (0,0) size 3x14
                  text run at (0,0) width 3: " "
            RenderTableCell {TD} at (528,322) size 8x14 [bgcolor=#044F4F] [r=23 c=68 rs=1 cs=1]
              RenderInline {FONT} at (0,0) size 3x14
                RenderText {#text} at (0,0) size 3x14
                  text run at (0,0) width 3: " "
            RenderTableCell {TD} at (536,322) size 8x14 [bgcolor=#044F4F] [r=23 c=69 rs=1 cs=1]
              RenderInline {FONT} at (0,0) size 3x14
                RenderText {#text} at (0,0) size 3x14
                  text run at (0,0) width 3: " "
            RenderTableCell {TD} at (544,322) size 8x14 [bgcolor=#044F4F] [r=23 c=70 rs=1 cs=1]
              RenderInline {FONT} at (0,0) size 3x14
                RenderText {#text} at (0,0) size 3x14
                  text run at (0,0) width 3: " "
            RenderTableCell {TD} at (552,322) size 8x14 [bgcolor=#044F4F] [r=23 c=71 rs=1 cs=1]
              RenderInline {FONT} at (0,0) size 3x14
                RenderText {#text} at (0,0) size 3x14
                  text run at (0,0) width 3: " "
            RenderTableCell {TD} at (560,322) size 8x14 [bgcolor=#044F4F] [r=23 c=72 rs=1 cs=1]
              RenderInline {FONT} at (0,0) size 3x14
                RenderText {#text} at (0,0) size 3x14
                  text run at (0,0) width 3: " "
            RenderTableCell {TD} at (568,322) size 8x14 [bgcolor=#025E5E] [r=23 c=73 rs=1 cs=1]
              RenderInline {FONT} at (0,0) size 3x14
                RenderText {#text} at (0,0) size 3x14
                  text run at (0,0) width 3: " "
            RenderTableCell {TD} at (576,322) size 8x14 [bgcolor=#025E5E] [r=23 c=74 rs=1 cs=1]
              RenderInline {FONT} at (0,0) size 3x14
                RenderText {#text} at (0,0) size 3x14
                  text run at (0,0) width 3: " "
            RenderTableCell {TD} at (584,322) size 8x14 [bgcolor=#025E5E] [r=23 c=75 rs=1 cs=1]
              RenderInline {FONT} at (0,0) size 3x14
                RenderText {#text} at (0,0) size 3x14
                  text run at (0,0) width 3: " "
            RenderTableCell {TD} at (592,322) size 8x14 [bgcolor=#025E5E] [r=23 c=76 rs=1 cs=1]
              RenderInline {FONT} at (0,0) size 3x14
                RenderText {#text} at (0,0) size 3x14
                  text run at (0,0) width 3: " "
            RenderTableCell {TD} at (600,322) size 8x14 [bgcolor=#025E5E] [r=23 c=77 rs=1 cs=1]
              RenderInline {FONT} at (0,0) size 3x14
                RenderText {#text} at (0,0) size 3x14
                  text run at (0,0) width 3: " "
            RenderTableCell {TD} at (608,322) size 8x14 [bgcolor=#026766] [r=23 c=78 rs=1 cs=1]
              RenderInline {FONT} at (0,0) size 3x14
                RenderText {#text} at (0,0) size 3x14
                  text run at (0,0) width 3: " "
            RenderTableCell {TD} at (616,322) size 8x14 [bgcolor=#026766] [r=23 c=79 rs=1 cs=1]
              RenderInline {FONT} at (0,0) size 3x14
                RenderText {#text} at (0,0) size 3x14
                  text run at (0,0) width 3: " "
            RenderTableCell {TD} at (624,322) size 8x14 [bgcolor=#026766] [r=23 c=80 rs=1 cs=1]
              RenderInline {FONT} at (0,0) size 3x14
                RenderText {#text} at (0,0) size 3x14
                  text run at (0,0) width 3: " "
            RenderTableCell {TD} at (632,322) size 8x14 [bgcolor=#026766] [r=23 c=81 rs=1 cs=1]
              RenderInline {FONT} at (0,0) size 3x14
                RenderText {#text} at (0,0) size 3x14
                  text run at (0,0) width 3: " "
            RenderTableCell {TD} at (640,322) size 8x14 [bgcolor=#026766] [r=23 c=82 rs=1 cs=1]
              RenderInline {FONT} at (0,0) size 3x14
                RenderText {#text} at (0,0) size 3x14
                  text run at (0,0) width 3: " "
            RenderTableCell {TD} at (648,322) size 8x14 [bgcolor=#026766] [r=23 c=83 rs=1 cs=1]
              RenderInline {FONT} at (0,0) size 3x14
                RenderText {#text} at (0,0) size 3x14
                  text run at (0,0) width 3: " "
            RenderTableCell {TD} at (656,322) size 8x14 [bgcolor=#026766] [r=23 c=84 rs=1 cs=1]
              RenderInline {FONT} at (0,0) size 3x14
                RenderText {#text} at (0,0) size 3x14
                  text run at (0,0) width 3: " "
            RenderTableCell {TD} at (664,322) size 8x14 [bgcolor=#026766] [r=23 c=85 rs=1 cs=1]
              RenderInline {FONT} at (0,0) size 3x14
                RenderText {#text} at (0,0) size 3x14
                  text run at (0,0) width 3: " "
            RenderTableCell {TD} at (672,322) size 8x14 [bgcolor=#026766] [r=23 c=86 rs=1 cs=1]
              RenderInline {FONT} at (0,0) size 3x14
                RenderText {#text} at (0,0) size 3x14
                  text run at (0,0) width 3: " "
            RenderTableCell {TD} at (680,322) size 8x14 [bgcolor=#026766] [r=23 c=87 rs=1 cs=1]
              RenderInline {FONT} at (0,0) size 3x14
                RenderText {#text} at (0,0) size 3x14
                  text run at (0,0) width 3: " "
            RenderTableCell {TD} at (688,322) size 8x14 [bgcolor=#026766] [r=23 c=88 rs=1 cs=1]
              RenderInline {FONT} at (0,0) size 3x14
                RenderText {#text} at (0,0) size 3x14
                  text run at (0,0) width 3: " "
            RenderTableCell {TD} at (696,322) size 8x14 [bgcolor=#026766] [r=23 c=89 rs=1 cs=1]
              RenderInline {FONT} at (0,0) size 3x14
                RenderText {#text} at (0,0) size 3x14
                  text run at (0,0) width 3: " "
            RenderTableCell {TD} at (704,322) size 8x14 [bgcolor=#026766] [r=23 c=90 rs=1 cs=1]
              RenderInline {FONT} at (0,0) size 3x14
                RenderText {#text} at (0,0) size 3x14
                  text run at (0,0) width 3: " "
            RenderTableCell {TD} at (712,322) size 8x14 [bgcolor=#025E5E] [r=23 c=91 rs=1 cs=1]
              RenderInline {FONT} at (0,0) size 3x14
                RenderText {#text} at (0,0) size 3x14
                  text run at (0,0) width 3: " "
            RenderTableCell {TD} at (720,322) size 8x14 [bgcolor=#044F4F] [r=23 c=92 rs=1 cs=1]
              RenderInline {FONT} at (0,0) size 3x14
                RenderText {#text} at (0,0) size 3x14
                  text run at (0,0) width 3: " "
            RenderTableCell {TD} at (728,322) size 8x14 [bgcolor=#044140] [r=23 c=93 rs=1 cs=1]
              RenderInline {FONT} at (0,0) size 3x14
                RenderText {#text} at (0,0) size 3x14
                  text run at (0,0) width 3: " "
            RenderTableCell {TD} at (736,322) size 8x14 [bgcolor=#425A5A] [r=23 c=94 rs=1 cs=1]
              RenderInline {FONT} at (0,0) size 3x14
                RenderText {#text} at (0,0) size 3x14
                  text run at (0,0) width 3: " "
            RenderTableCell {TD} at (744,322) size 8x14 [bgcolor=#A5A6A6] [r=23 c=95 rs=1 cs=1]
              RenderInline {FONT} at (0,0) size 3x14
                RenderText {#text} at (0,0) size 3x14
                  text run at (0,0) width 3: " "
            RenderTableCell {TD} at (752,322) size 8x14 [bgcolor=#CECFCF] [r=23 c=96 rs=1 cs=1]
              RenderInline {FONT} at (0,0) size 3x14
                RenderText {#text} at (0,0) size 3x14
                  text run at (0,0) width 3: " "
            RenderTableCell {TD} at (760,322) size 8x14 [bgcolor=#FDFDFB] [r=23 c=97 rs=1 cs=1]
              RenderInline {FONT} at (0,0) size 3x14
                RenderText {#text} at (0,0) size 3x14
                  text run at (0,0) width 3: " "
            RenderTableCell {TD} at (768,322) size 8x14 [bgcolor=#FDFDFB] [r=23 c=98 rs=1 cs=1]
              RenderInline {FONT} at (0,0) size 3x14
                RenderText {#text} at (0,0) size 3x14
                  text run at (0,0) width 3: " "
            RenderTableCell {TD} at (776,322) size 8x14 [bgcolor=#FDFDFB] [r=23 c=99 rs=1 cs=1]
              RenderInline {FONT} at (0,0) size 3x14
                RenderText {#text} at (0,0) size 3x14
                  text run at (0,0) width 3: " "
          RenderTableRow {TR} at (0,336) size 784x14
            RenderTableCell {TD} at (0,336) size 7x14 [bgcolor=#FDFDFB] [r=24 c=0 rs=1 cs=1]
              RenderInline {FONT} at (0,0) size 3x14
                RenderText {#text} at (0,0) size 3x14
                  text run at (0,0) width 3: " "
            RenderTableCell {TD} at (7,336) size 7x14 [bgcolor=#FDFDFB] [r=24 c=1 rs=1 cs=1]
              RenderInline {FONT} at (0,0) size 3x14
                RenderText {#text} at (0,0) size 3x14
                  text run at (0,0) width 3: " "
            RenderTableCell {TD} at (14,336) size 7x14 [bgcolor=#FDFDFB] [r=24 c=2 rs=1 cs=1]
              RenderInline {FONT} at (0,0) size 3x14
                RenderText {#text} at (0,0) size 3x14
                  text run at (0,0) width 3: " "
            RenderTableCell {TD} at (21,336) size 7x14 [bgcolor=#FDFDFB] [r=24 c=3 rs=1 cs=1]
              RenderInline {FONT} at (0,0) size 3x14
                RenderText {#text} at (0,0) size 3x14
                  text run at (0,0) width 3: " "
            RenderTableCell {TD} at (28,336) size 7x14 [bgcolor=#FDFDFB] [r=24 c=4 rs=1 cs=1]
              RenderInline {FONT} at (0,0) size 3x14
                RenderText {#text} at (0,0) size 3x14
                  text run at (0,0) width 3: " "
            RenderTableCell {TD} at (35,336) size 7x14 [bgcolor=#FDFDFB] [r=24 c=5 rs=1 cs=1]
              RenderInline {FONT} at (0,0) size 3x14
                RenderText {#text} at (0,0) size 3x14
                  text run at (0,0) width 3: " "
            RenderTableCell {TD} at (42,336) size 7x14 [bgcolor=#EDEEEF] [r=24 c=6 rs=1 cs=1]
              RenderInline {FONT} at (0,0) size 3x14
                RenderText {#text} at (0,0) size 3x14
                  text run at (0,0) width 3: " "
            RenderTableCell {TD} at (49,336) size 7x14 [bgcolor=#DEDFDF] [r=24 c=7 rs=1 cs=1]
              RenderInline {FONT} at (0,0) size 3x14
                RenderText {#text} at (0,0) size 3x14
                  text run at (0,0) width 3: " "
            RenderTableCell {TD} at (56,336) size 7x14 [bgcolor=#CECFCF] [r=24 c=8 rs=1 cs=1]
              RenderInline {FONT} at (0,0) size 3x14
                RenderText {#text} at (0,0) size 3x14
                  text run at (0,0) width 3: " "
            RenderTableCell {TD} at (63,336) size 7x14 [bgcolor=#B4B4B4] [r=24 c=9 rs=1 cs=1]
              RenderInline {FONT} at (0,0) size 3x14
                RenderText {#text} at (0,0) size 3x14
                  text run at (0,0) width 3: " "
            RenderTableCell {TD} at (70,336) size 7x14 [bgcolor=#848788] [r=24 c=10 rs=1 cs=1]
              RenderInline {FONT} at (0,0) size 3x14
                RenderText {#text} at (0,0) size 3x14
                  text run at (0,0) width 3: " "
            RenderTableCell {TD} at (77,336) size 7x14 [bgcolor=#527274] [r=24 c=11 rs=1 cs=1]
              RenderInline {FONT} at (0,0) size 3x14
                RenderText {#text} at (0,0) size 3x14
                  text run at (0,0) width 3: " "
            RenderTableCell {TD} at (84,336) size 7x14 [bgcolor=#305D5D] [r=24 c=12 rs=1 cs=1]
              RenderInline {FONT} at (0,0) size 3x14
                RenderText {#text} at (0,0) size 3x14
                  text run at (0,0) width 3: " "
            RenderTableCell {TD} at (91,336) size 7x14 [bgcolor=#044140] [r=24 c=13 rs=1 cs=1]
              RenderInline {FONT} at (0,0) size 3x14
                RenderText {#text} at (0,0) size 3x14
                  text run at (0,0) width 3: " "
            RenderTableCell {TD} at (98,336) size 7x14 [bgcolor=#044140] [r=24 c=14 rs=1 cs=1]
              RenderInline {FONT} at (0,0) size 3x14
                RenderText {#text} at (0,0) size 3x14
                  text run at (0,0) width 3: " "
            RenderTableCell {TD} at (105,336) size 7x14 [bgcolor=#044140] [r=24 c=15 rs=1 cs=1]
              RenderInline {FONT} at (0,0) size 3x14
                RenderText {#text} at (0,0) size 3x14
                  text run at (0,0) width 3: " "
            RenderTableCell {TD} at (112,336) size 8x14 [bgcolor=#044140] [r=24 c=16 rs=1 cs=1]
              RenderInline {FONT} at (0,0) size 3x14
                RenderText {#text} at (0,0) size 3x14
                  text run at (0,0) width 3: " "
            RenderTableCell {TD} at (120,336) size 8x14 [bgcolor=#044140] [r=24 c=17 rs=1 cs=1]
              RenderInline {FONT} at (0,0) size 3x14
                RenderText {#text} at (0,0) size 3x14
                  text run at (0,0) width 3: " "
            RenderTableCell {TD} at (128,336) size 8x14 [bgcolor=#044140] [r=24 c=18 rs=1 cs=1]
              RenderInline {FONT} at (0,0) size 3x14
                RenderText {#text} at (0,0) size 3x14
                  text run at (0,0) width 3: " "
            RenderTableCell {TD} at (136,336) size 8x14 [bgcolor=#044140] [r=24 c=19 rs=1 cs=1]
              RenderInline {FONT} at (0,0) size 3x14
                RenderText {#text} at (0,0) size 3x14
                  text run at (0,0) width 3: " "
            RenderTableCell {TD} at (144,336) size 8x14 [bgcolor=#223C3D] [r=24 c=20 rs=1 cs=1]
              RenderInline {FONT} at (0,0) size 3x14
                RenderText {#text} at (0,0) size 3x14
                  text run at (0,0) width 3: " "
            RenderTableCell {TD} at (152,336) size 8x14 [bgcolor=#344C4E] [r=24 c=21 rs=1 cs=1]
              RenderInline {FONT} at (0,0) size 3x14
                RenderText {#text} at (0,0) size 3x14
                  text run at (0,0) width 3: " "
            RenderTableCell {TD} at (160,336) size 8x14 [bgcolor=#515C5B] [r=24 c=22 rs=1 cs=1]
              RenderInline {FONT} at (0,0) size 3x14
                RenderText {#text} at (0,0) size 3x14
                  text run at (0,0) width 3: " "
            RenderTableCell {TD} at (168,336) size 8x14 [bgcolor=#696A69] [r=24 c=23 rs=1 cs=1]
              RenderInline {FONT} at (0,0) size 3x14
                RenderText {#text} at (0,0) size 3x14
                  text run at (0,0) width 3: " "
            RenderTableCell {TD} at (176,336) size 8x14 [bgcolor=#848788] [r=24 c=24 rs=1 cs=1]
              RenderInline {FONT} at (0,0) size 3x14
                RenderText {#text} at (0,0) size 3x14
                  text run at (0,0) width 3: " "
            RenderTableCell {TD} at (184,336) size 8x14 [bgcolor=#939494] [r=24 c=25 rs=1 cs=1]
              RenderInline {FONT} at (0,0) size 3x14
                RenderText {#text} at (0,0) size 3x14
                  text run at (0,0) width 3: " "
            RenderTableCell {TD} at (192,336) size 8x14 [bgcolor=#B4B4B4] [r=24 c=26 rs=1 cs=1]
              RenderInline {FONT} at (0,0) size 3x14
                RenderText {#text} at (0,0) size 3x14
                  text run at (0,0) width 3: " "
            RenderTableCell {TD} at (200,336) size 8x14 [bgcolor=#BEC2C2] [r=24 c=27 rs=1 cs=1]
              RenderInline {FONT} at (0,0) size 3x14
                RenderText {#text} at (0,0) size 3x14
                  text run at (0,0) width 3: " "
            RenderTableCell {TD} at (208,336) size 8x14 [bgcolor=#DEDFDF] [r=24 c=28 rs=1 cs=1]
              RenderInline {FONT} at (0,0) size 3x14
                RenderText {#text} at (0,0) size 3x14
                  text run at (0,0) width 3: " "
            RenderTableCell {TD} at (216,336) size 8x14 [bgcolor=#EDEEEF] [r=24 c=29 rs=1 cs=1]
              RenderInline {FONT} at (0,0) size 3x14
                RenderText {#text} at (0,0) size 3x14
                  text run at (0,0) width 3: " "
            RenderTableCell {TD} at (224,336) size 8x14 [bgcolor=#FDFDFB] [r=24 c=30 rs=1 cs=1]
              RenderInline {FONT} at (0,0) size 3x14
                RenderText {#text} at (0,0) size 3x14
                  text run at (0,0) width 3: " "
            RenderTableCell {TD} at (232,336) size 8x14 [bgcolor=#FDFDFB] [r=24 c=31 rs=1 cs=1]
              RenderInline {FONT} at (0,0) size 3x14
                RenderText {#text} at (0,0) size 3x14
                  text run at (0,0) width 3: " "
            RenderTableCell {TD} at (240,336) size 8x14 [bgcolor=#FDFDFB] [r=24 c=32 rs=1 cs=1]
              RenderInline {FONT} at (0,0) size 3x14
                RenderText {#text} at (0,0) size 3x14
                  text run at (0,0) width 3: " "
            RenderTableCell {TD} at (248,336) size 8x14 [bgcolor=#FDFDFB] [r=24 c=33 rs=1 cs=1]
              RenderInline {FONT} at (0,0) size 3x14
                RenderText {#text} at (0,0) size 3x14
                  text run at (0,0) width 3: " "
            RenderTableCell {TD} at (256,336) size 8x14 [bgcolor=#FDFDFB] [r=24 c=34 rs=1 cs=1]
              RenderInline {FONT} at (0,0) size 3x14
                RenderText {#text} at (0,0) size 3x14
                  text run at (0,0) width 3: " "
            RenderTableCell {TD} at (264,336) size 8x14 [bgcolor=#EDEEEF] [r=24 c=35 rs=1 cs=1]
              RenderInline {FONT} at (0,0) size 3x14
                RenderText {#text} at (0,0) size 3x14
                  text run at (0,0) width 3: " "
            RenderTableCell {TD} at (272,336) size 8x14 [bgcolor=#91A3A3] [r=24 c=36 rs=1 cs=1]
              RenderInline {FONT} at (0,0) size 3x14
                RenderText {#text} at (0,0) size 3x14
                  text run at (0,0) width 3: " "
            RenderTableCell {TD} at (280,336) size 8x14 [bgcolor=#7B918F] [r=24 c=37 rs=1 cs=1]
              RenderInline {FONT} at (0,0) size 3x14
                RenderText {#text} at (0,0) size 3x14
                  text run at (0,0) width 3: " "
            RenderTableCell {TD} at (288,336) size 8x14 [bgcolor=#526B6B] [r=24 c=38 rs=1 cs=1]
              RenderInline {FONT} at (0,0) size 3x14
                RenderText {#text} at (0,0) size 3x14
                  text run at (0,0) width 3: " "
            RenderTableCell {TD} at (296,336) size 8x14 [bgcolor=#515C5B] [r=24 c=39 rs=1 cs=1]
              RenderInline {FONT} at (0,0) size 3x14
                RenderText {#text} at (0,0) size 3x14
                  text run at (0,0) width 3: " "
            RenderTableCell {TD} at (304,336) size 8x14 [bgcolor=#515C5B] [r=24 c=40 rs=1 cs=1]
              RenderInline {FONT} at (0,0) size 3x14
                RenderText {#text} at (0,0) size 3x14
                  text run at (0,0) width 3: " "
            RenderTableCell {TD} at (312,336) size 8x14 [bgcolor=#515C5B] [r=24 c=41 rs=1 cs=1]
              RenderInline {FONT} at (0,0) size 3x14
                RenderText {#text} at (0,0) size 3x14
                  text run at (0,0) width 3: " "
            RenderTableCell {TD} at (320,336) size 8x14 [bgcolor=#515C5B] [r=24 c=42 rs=1 cs=1]
              RenderInline {FONT} at (0,0) size 3x14
                RenderText {#text} at (0,0) size 3x14
                  text run at (0,0) width 3: " "
            RenderTableCell {TD} at (328,336) size 8x14 [bgcolor=#515C5B] [r=24 c=43 rs=1 cs=1]
              RenderInline {FONT} at (0,0) size 3x14
                RenderText {#text} at (0,0) size 3x14
                  text run at (0,0) width 3: " "
            RenderTableCell {TD} at (336,336) size 8x14 [bgcolor=#515C5B] [r=24 c=44 rs=1 cs=1]
              RenderInline {FONT} at (0,0) size 3x14
                RenderText {#text} at (0,0) size 3x14
                  text run at (0,0) width 3: " "
            RenderTableCell {TD} at (344,336) size 8x14 [bgcolor=#515C5B] [r=24 c=45 rs=1 cs=1]
              RenderInline {FONT} at (0,0) size 3x14
                RenderText {#text} at (0,0) size 3x14
                  text run at (0,0) width 3: " "
            RenderTableCell {TD} at (352,336) size 8x14 [bgcolor=#515C5B] [r=24 c=46 rs=1 cs=1]
              RenderInline {FONT} at (0,0) size 3x14
                RenderText {#text} at (0,0) size 3x14
                  text run at (0,0) width 3: " "
            RenderTableCell {TD} at (360,336) size 8x14 [bgcolor=#515C5B] [r=24 c=47 rs=1 cs=1]
              RenderInline {FONT} at (0,0) size 3x14
                RenderText {#text} at (0,0) size 3x14
                  text run at (0,0) width 3: " "
            RenderTableCell {TD} at (368,336) size 8x14 [bgcolor=#515C5B] [r=24 c=48 rs=1 cs=1]
              RenderInline {FONT} at (0,0) size 3x14
                RenderText {#text} at (0,0) size 3x14
                  text run at (0,0) width 3: " "
            RenderTableCell {TD} at (376,336) size 8x14 [bgcolor=#515C5B] [r=24 c=49 rs=1 cs=1]
              RenderInline {FONT} at (0,0) size 3x14
                RenderText {#text} at (0,0) size 3x14
                  text run at (0,0) width 3: " "
            RenderTableCell {TD} at (384,336) size 8x14 [bgcolor=#515C5B] [r=24 c=50 rs=1 cs=1]
              RenderInline {FONT} at (0,0) size 3x14
                RenderText {#text} at (0,0) size 3x14
                  text run at (0,0) width 3: " "
            RenderTableCell {TD} at (392,336) size 8x14 [bgcolor=#515C5B] [r=24 c=51 rs=1 cs=1]
              RenderInline {FONT} at (0,0) size 3x14
                RenderText {#text} at (0,0) size 3x14
                  text run at (0,0) width 3: " "
            RenderTableCell {TD} at (400,336) size 8x14 [bgcolor=#848788] [r=24 c=52 rs=1 cs=1]
              RenderInline {FONT} at (0,0) size 3x14
                RenderText {#text} at (0,0) size 3x14
                  text run at (0,0) width 3: " "
            RenderTableCell {TD} at (408,336) size 8x14 [bgcolor=#B4B4B4] [r=24 c=53 rs=1 cs=1]
              RenderInline {FONT} at (0,0) size 3x14
                RenderText {#text} at (0,0) size 3x14
                  text run at (0,0) width 3: " "
            RenderTableCell {TD} at (416,336) size 8x14 [bgcolor=#EDEEEF] [r=24 c=54 rs=1 cs=1]
              RenderInline {FONT} at (0,0) size 3x14
                RenderText {#text} at (0,0) size 3x14
                  text run at (0,0) width 3: " "
            RenderTableCell {TD} at (424,336) size 8x14 [bgcolor=#FDFDFB] [r=24 c=55 rs=1 cs=1]
              RenderInline {FONT} at (0,0) size 3x14
                RenderText {#text} at (0,0) size 3x14
                  text run at (0,0) width 3: " "
            RenderTableCell {TD} at (432,336) size 8x14 [bgcolor=#FDFDFB] [r=24 c=56 rs=1 cs=1]
              RenderInline {FONT} at (0,0) size 3x14
                RenderText {#text} at (0,0) size 3x14
                  text run at (0,0) width 3: " "
            RenderTableCell {TD} at (440,336) size 8x14 [bgcolor=#FDFDFB] [r=24 c=57 rs=1 cs=1]
              RenderInline {FONT} at (0,0) size 3x14
                RenderText {#text} at (0,0) size 3x14
                  text run at (0,0) width 3: " "
            RenderTableCell {TD} at (448,336) size 8x14 [bgcolor=#FDFDFB] [r=24 c=58 rs=1 cs=1]
              RenderInline {FONT} at (0,0) size 3x14
                RenderText {#text} at (0,0) size 3x14
                  text run at (0,0) width 3: " "
            RenderTableCell {TD} at (456,336) size 8x14 [bgcolor=#FDFDFB] [r=24 c=59 rs=1 cs=1]
              RenderInline {FONT} at (0,0) size 3x14
                RenderText {#text} at (0,0) size 3x14
                  text run at (0,0) width 3: " "
            RenderTableCell {TD} at (464,336) size 8x14 [bgcolor=#FDFDFB] [r=24 c=60 rs=1 cs=1]
              RenderInline {FONT} at (0,0) size 3x14
                RenderText {#text} at (0,0) size 3x14
                  text run at (0,0) width 3: " "
            RenderTableCell {TD} at (472,336) size 8x14 [bgcolor=#FDFDFB] [r=24 c=61 rs=1 cs=1]
              RenderInline {FONT} at (0,0) size 3x14
                RenderText {#text} at (0,0) size 3x14
                  text run at (0,0) width 3: " "
            RenderTableCell {TD} at (480,336) size 8x14 [bgcolor=#FDFDFB] [r=24 c=62 rs=1 cs=1]
              RenderInline {FONT} at (0,0) size 3x14
                RenderText {#text} at (0,0) size 3x14
                  text run at (0,0) width 3: " "
            RenderTableCell {TD} at (488,336) size 8x14 [bgcolor=#FDFDFB] [r=24 c=63 rs=1 cs=1]
              RenderInline {FONT} at (0,0) size 3x14
                RenderText {#text} at (0,0) size 3x14
                  text run at (0,0) width 3: " "
            RenderTableCell {TD} at (496,336) size 8x14 [bgcolor=#E0EAE9] [r=24 c=64 rs=1 cs=1]
              RenderInline {FONT} at (0,0) size 3x14
                RenderText {#text} at (0,0) size 3x14
                  text run at (0,0) width 3: " "
            RenderTableCell {TD} at (504,336) size 8x14 [bgcolor=#CECFCF] [r=24 c=65 rs=1 cs=1]
              RenderInline {FONT} at (0,0) size 3x14
                RenderText {#text} at (0,0) size 3x14
                  text run at (0,0) width 3: " "
            RenderTableCell {TD} at (512,336) size 8x14 [bgcolor=#B4B4B4] [r=24 c=66 rs=1 cs=1]
              RenderInline {FONT} at (0,0) size 3x14
                RenderText {#text} at (0,0) size 3x14
                  text run at (0,0) width 3: " "
            RenderTableCell {TD} at (520,336) size 8x14 [bgcolor=#848788] [r=24 c=67 rs=1 cs=1]
              RenderInline {FONT} at (0,0) size 3x14
                RenderText {#text} at (0,0) size 3x14
                  text run at (0,0) width 3: " "
            RenderTableCell {TD} at (528,336) size 8x14 [bgcolor=#526B6B] [r=24 c=68 rs=1 cs=1]
              RenderInline {FONT} at (0,0) size 3x14
                RenderText {#text} at (0,0) size 3x14
                  text run at (0,0) width 3: " "
            RenderTableCell {TD} at (536,336) size 8x14 [bgcolor=#044140] [r=24 c=69 rs=1 cs=1]
              RenderInline {FONT} at (0,0) size 3x14
                RenderText {#text} at (0,0) size 3x14
                  text run at (0,0) width 3: " "
            RenderTableCell {TD} at (544,336) size 8x14 [bgcolor=#044140] [r=24 c=70 rs=1 cs=1]
              RenderInline {FONT} at (0,0) size 3x14
                RenderText {#text} at (0,0) size 3x14
                  text run at (0,0) width 3: " "
            RenderTableCell {TD} at (552,336) size 8x14 [bgcolor=#044140] [r=24 c=71 rs=1 cs=1]
              RenderInline {FONT} at (0,0) size 3x14
                RenderText {#text} at (0,0) size 3x14
                  text run at (0,0) width 3: " "
            RenderTableCell {TD} at (560,336) size 8x14 [bgcolor=#044140] [r=24 c=72 rs=1 cs=1]
              RenderInline {FONT} at (0,0) size 3x14
                RenderText {#text} at (0,0) size 3x14
                  text run at (0,0) width 3: " "
            RenderTableCell {TD} at (568,336) size 8x14 [bgcolor=#044140] [r=24 c=73 rs=1 cs=1]
              RenderInline {FONT} at (0,0) size 3x14
                RenderText {#text} at (0,0) size 3x14
                  text run at (0,0) width 3: " "
            RenderTableCell {TD} at (576,336) size 8x14 [bgcolor=#044140] [r=24 c=74 rs=1 cs=1]
              RenderInline {FONT} at (0,0) size 3x14
                RenderText {#text} at (0,0) size 3x14
                  text run at (0,0) width 3: " "
            RenderTableCell {TD} at (584,336) size 8x14 [bgcolor=#044140] [r=24 c=75 rs=1 cs=1]
              RenderInline {FONT} at (0,0) size 3x14
                RenderText {#text} at (0,0) size 3x14
                  text run at (0,0) width 3: " "
            RenderTableCell {TD} at (592,336) size 8x14 [bgcolor=#044F4F] [r=24 c=76 rs=1 cs=1]
              RenderInline {FONT} at (0,0) size 3x14
                RenderText {#text} at (0,0) size 3x14
                  text run at (0,0) width 3: " "
            RenderTableCell {TD} at (600,336) size 8x14 [bgcolor=#025E5E] [r=24 c=77 rs=1 cs=1]
              RenderInline {FONT} at (0,0) size 3x14
                RenderText {#text} at (0,0) size 3x14
                  text run at (0,0) width 3: " "
            RenderTableCell {TD} at (608,336) size 8x14 [bgcolor=#025E5E] [r=24 c=78 rs=1 cs=1]
              RenderInline {FONT} at (0,0) size 3x14
                RenderText {#text} at (0,0) size 3x14
                  text run at (0,0) width 3: " "
            RenderTableCell {TD} at (616,336) size 8x14 [bgcolor=#026766] [r=24 c=79 rs=1 cs=1]
              RenderInline {FONT} at (0,0) size 3x14
                RenderText {#text} at (0,0) size 3x14
                  text run at (0,0) width 3: " "
            RenderTableCell {TD} at (624,336) size 8x14 [bgcolor=#026766] [r=24 c=80 rs=1 cs=1]
              RenderInline {FONT} at (0,0) size 3x14
                RenderText {#text} at (0,0) size 3x14
                  text run at (0,0) width 3: " "
            RenderTableCell {TD} at (632,336) size 8x14 [bgcolor=#026766] [r=24 c=81 rs=1 cs=1]
              RenderInline {FONT} at (0,0) size 3x14
                RenderText {#text} at (0,0) size 3x14
                  text run at (0,0) width 3: " "
            RenderTableCell {TD} at (640,336) size 8x14 [bgcolor=#026766] [r=24 c=82 rs=1 cs=1]
              RenderInline {FONT} at (0,0) size 3x14
                RenderText {#text} at (0,0) size 3x14
                  text run at (0,0) width 3: " "
            RenderTableCell {TD} at (648,336) size 8x14 [bgcolor=#026766] [r=24 c=83 rs=1 cs=1]
              RenderInline {FONT} at (0,0) size 3x14
                RenderText {#text} at (0,0) size 3x14
                  text run at (0,0) width 3: " "
            RenderTableCell {TD} at (656,336) size 8x14 [bgcolor=#026766] [r=24 c=84 rs=1 cs=1]
              RenderInline {FONT} at (0,0) size 3x14
                RenderText {#text} at (0,0) size 3x14
                  text run at (0,0) width 3: " "
            RenderTableCell {TD} at (664,336) size 8x14 [bgcolor=#026766] [r=24 c=85 rs=1 cs=1]
              RenderInline {FONT} at (0,0) size 3x14
                RenderText {#text} at (0,0) size 3x14
                  text run at (0,0) width 3: " "
            RenderTableCell {TD} at (672,336) size 8x14 [bgcolor=#026766] [r=24 c=86 rs=1 cs=1]
              RenderInline {FONT} at (0,0) size 3x14
                RenderText {#text} at (0,0) size 3x14
                  text run at (0,0) width 3: " "
            RenderTableCell {TD} at (680,336) size 8x14 [bgcolor=#026766] [r=24 c=87 rs=1 cs=1]
              RenderInline {FONT} at (0,0) size 3x14
                RenderText {#text} at (0,0) size 3x14
                  text run at (0,0) width 3: " "
            RenderTableCell {TD} at (688,336) size 8x14 [bgcolor=#026766] [r=24 c=88 rs=1 cs=1]
              RenderInline {FONT} at (0,0) size 3x14
                RenderText {#text} at (0,0) size 3x14
                  text run at (0,0) width 3: " "
            RenderTableCell {TD} at (696,336) size 8x14 [bgcolor=#026766] [r=24 c=89 rs=1 cs=1]
              RenderInline {FONT} at (0,0) size 3x14
                RenderText {#text} at (0,0) size 3x14
                  text run at (0,0) width 3: " "
            RenderTableCell {TD} at (704,336) size 8x14 [bgcolor=#026766] [r=24 c=90 rs=1 cs=1]
              RenderInline {FONT} at (0,0) size 3x14
                RenderText {#text} at (0,0) size 3x14
                  text run at (0,0) width 3: " "
            RenderTableCell {TD} at (712,336) size 8x14 [bgcolor=#025E5E] [r=24 c=91 rs=1 cs=1]
              RenderInline {FONT} at (0,0) size 3x14
                RenderText {#text} at (0,0) size 3x14
                  text run at (0,0) width 3: " "
            RenderTableCell {TD} at (720,336) size 8x14 [bgcolor=#044F4F] [r=24 c=92 rs=1 cs=1]
              RenderInline {FONT} at (0,0) size 3x14
                RenderText {#text} at (0,0) size 3x14
                  text run at (0,0) width 3: " "
            RenderTableCell {TD} at (728,336) size 8x14 [bgcolor=#083131] [r=24 c=93 rs=1 cs=1]
              RenderInline {FONT} at (0,0) size 3x14
                RenderText {#text} at (0,0) size 3x14
                  text run at (0,0) width 3: " "
            RenderTableCell {TD} at (736,336) size 8x14 [bgcolor=#425A5A] [r=24 c=94 rs=1 cs=1]
              RenderInline {FONT} at (0,0) size 3x14
                RenderText {#text} at (0,0) size 3x14
                  text run at (0,0) width 3: " "
            RenderTableCell {TD} at (744,336) size 8x14 [bgcolor=#A5A6A6] [r=24 c=95 rs=1 cs=1]
              RenderInline {FONT} at (0,0) size 3x14
                RenderText {#text} at (0,0) size 3x14
                  text run at (0,0) width 3: " "
            RenderTableCell {TD} at (752,336) size 8x14 [bgcolor=#CECFCF] [r=24 c=96 rs=1 cs=1]
              RenderInline {FONT} at (0,0) size 3x14
                RenderText {#text} at (0,0) size 3x14
                  text run at (0,0) width 3: " "
            RenderTableCell {TD} at (760,336) size 8x14 [bgcolor=#FDFDFB] [r=24 c=97 rs=1 cs=1]
              RenderInline {FONT} at (0,0) size 3x14
                RenderText {#text} at (0,0) size 3x14
                  text run at (0,0) width 3: " "
            RenderTableCell {TD} at (768,336) size 8x14 [bgcolor=#FDFDFB] [r=24 c=98 rs=1 cs=1]
              RenderInline {FONT} at (0,0) size 3x14
                RenderText {#text} at (0,0) size 3x14
                  text run at (0,0) width 3: " "
            RenderTableCell {TD} at (776,336) size 8x14 [bgcolor=#FDFDFB] [r=24 c=99 rs=1 cs=1]
              RenderInline {FONT} at (0,0) size 3x14
                RenderText {#text} at (0,0) size 3x14
                  text run at (0,0) width 3: " "
          RenderTableRow {TR} at (0,350) size 784x14
            RenderTableCell {TD} at (0,350) size 7x14 [bgcolor=#FDFDFB] [r=25 c=0 rs=1 cs=1]
              RenderInline {FONT} at (0,0) size 3x14
                RenderText {#text} at (0,0) size 3x14
                  text run at (0,0) width 3: " "
            RenderTableCell {TD} at (7,350) size 7x14 [bgcolor=#FDFDFB] [r=25 c=1 rs=1 cs=1]
              RenderInline {FONT} at (0,0) size 3x14
                RenderText {#text} at (0,0) size 3x14
                  text run at (0,0) width 3: " "
            RenderTableCell {TD} at (14,350) size 7x14 [bgcolor=#FDFDFB] [r=25 c=2 rs=1 cs=1]
              RenderInline {FONT} at (0,0) size 3x14
                RenderText {#text} at (0,0) size 3x14
                  text run at (0,0) width 3: " "
            RenderTableCell {TD} at (21,350) size 7x14 [bgcolor=#FDFDFB] [r=25 c=3 rs=1 cs=1]
              RenderInline {FONT} at (0,0) size 3x14
                RenderText {#text} at (0,0) size 3x14
                  text run at (0,0) width 3: " "
            RenderTableCell {TD} at (28,350) size 7x14 [bgcolor=#FDFDFB] [r=25 c=4 rs=1 cs=1]
              RenderInline {FONT} at (0,0) size 3x14
                RenderText {#text} at (0,0) size 3x14
                  text run at (0,0) width 3: " "
            RenderTableCell {TD} at (35,350) size 7x14 [bgcolor=#FDFDFB] [r=25 c=5 rs=1 cs=1]
              RenderInline {FONT} at (0,0) size 3x14
                RenderText {#text} at (0,0) size 3x14
                  text run at (0,0) width 3: " "
            RenderTableCell {TD} at (42,350) size 7x14 [bgcolor=#FDFDFB] [r=25 c=6 rs=1 cs=1]
              RenderInline {FONT} at (0,0) size 3x14
                RenderText {#text} at (0,0) size 3x14
                  text run at (0,0) width 3: " "
            RenderTableCell {TD} at (49,350) size 7x14 [bgcolor=#FDFDFB] [r=25 c=7 rs=1 cs=1]
              RenderInline {FONT} at (0,0) size 3x14
                RenderText {#text} at (0,0) size 3x14
                  text run at (0,0) width 3: " "
            RenderTableCell {TD} at (56,350) size 7x14 [bgcolor=#EDEEEF] [r=25 c=8 rs=1 cs=1]
              RenderInline {FONT} at (0,0) size 3x14
                RenderText {#text} at (0,0) size 3x14
                  text run at (0,0) width 3: " "
            RenderTableCell {TD} at (63,350) size 7x14 [bgcolor=#DEDFDF] [r=25 c=9 rs=1 cs=1]
              RenderInline {FONT} at (0,0) size 3x14
                RenderText {#text} at (0,0) size 3x14
                  text run at (0,0) width 3: " "
            RenderTableCell {TD} at (70,350) size 7x14 [bgcolor=#CECFCF] [r=25 c=10 rs=1 cs=1]
              RenderInline {FONT} at (0,0) size 3x14
                RenderText {#text} at (0,0) size 3x14
                  text run at (0,0) width 3: " "
            RenderTableCell {TD} at (77,350) size 7x14 [bgcolor=#BEC2C2] [r=25 c=11 rs=1 cs=1]
              RenderInline {FONT} at (0,0) size 3x14
                RenderText {#text} at (0,0) size 3x14
                  text run at (0,0) width 3: " "
            RenderTableCell {TD} at (84,350) size 7x14 [bgcolor=#A5A6A6] [r=25 c=12 rs=1 cs=1]
              RenderInline {FONT} at (0,0) size 3x14
                RenderText {#text} at (0,0) size 3x14
                  text run at (0,0) width 3: " "
            RenderTableCell {TD} at (91,350) size 7x14 [bgcolor=#939494] [r=25 c=13 rs=1 cs=1]
              RenderInline {FONT} at (0,0) size 3x14
                RenderText {#text} at (0,0) size 3x14
                  text run at (0,0) width 3: " "
            RenderTableCell {TD} at (98,350) size 7x14 [bgcolor=#848788] [r=25 c=14 rs=1 cs=1]
              RenderInline {FONT} at (0,0) size 3x14
                RenderText {#text} at (0,0) size 3x14
                  text run at (0,0) width 3: " "
            RenderTableCell {TD} at (105,350) size 7x14 [bgcolor=#848788] [r=25 c=15 rs=1 cs=1]
              RenderInline {FONT} at (0,0) size 3x14
                RenderText {#text} at (0,0) size 3x14
                  text run at (0,0) width 3: " "
            RenderTableCell {TD} at (112,350) size 8x14 [bgcolor=#848788] [r=25 c=16 rs=1 cs=1]
              RenderInline {FONT} at (0,0) size 3x14
                RenderText {#text} at (0,0) size 3x14
                  text run at (0,0) width 3: " "
            RenderTableCell {TD} at (120,350) size 8x14 [bgcolor=#848788] [r=25 c=17 rs=1 cs=1]
              RenderInline {FONT} at (0,0) size 3x14
                RenderText {#text} at (0,0) size 3x14
                  text run at (0,0) width 3: " "
            RenderTableCell {TD} at (128,350) size 8x14 [bgcolor=#848788] [r=25 c=18 rs=1 cs=1]
              RenderInline {FONT} at (0,0) size 3x14
                RenderText {#text} at (0,0) size 3x14
                  text run at (0,0) width 3: " "
            RenderTableCell {TD} at (136,350) size 8x14 [bgcolor=#848788] [r=25 c=19 rs=1 cs=1]
              RenderInline {FONT} at (0,0) size 3x14
                RenderText {#text} at (0,0) size 3x14
                  text run at (0,0) width 3: " "
            RenderTableCell {TD} at (144,350) size 8x14 [bgcolor=#848788] [r=25 c=20 rs=1 cs=1]
              RenderInline {FONT} at (0,0) size 3x14
                RenderText {#text} at (0,0) size 3x14
                  text run at (0,0) width 3: " "
            RenderTableCell {TD} at (152,350) size 8x14 [bgcolor=#939494] [r=25 c=21 rs=1 cs=1]
              RenderInline {FONT} at (0,0) size 3x14
                RenderText {#text} at (0,0) size 3x14
                  text run at (0,0) width 3: " "
            RenderTableCell {TD} at (160,350) size 8x14 [bgcolor=#939494] [r=25 c=22 rs=1 cs=1]
              RenderInline {FONT} at (0,0) size 3x14
                RenderText {#text} at (0,0) size 3x14
                  text run at (0,0) width 3: " "
            RenderTableCell {TD} at (168,350) size 8x14 [bgcolor=#A5A6A6] [r=25 c=23 rs=1 cs=1]
              RenderInline {FONT} at (0,0) size 3x14
                RenderText {#text} at (0,0) size 3x14
                  text run at (0,0) width 3: " "
            RenderTableCell {TD} at (176,350) size 8x14 [bgcolor=#B4B4B4] [r=25 c=24 rs=1 cs=1]
              RenderInline {FONT} at (0,0) size 3x14
                RenderText {#text} at (0,0) size 3x14
                  text run at (0,0) width 3: " "
            RenderTableCell {TD} at (184,350) size 8x14 [bgcolor=#CECFCF] [r=25 c=25 rs=1 cs=1]
              RenderInline {FONT} at (0,0) size 3x14
                RenderText {#text} at (0,0) size 3x14
                  text run at (0,0) width 3: " "
            RenderTableCell {TD} at (192,350) size 8x14 [bgcolor=#DEDFDF] [r=25 c=26 rs=1 cs=1]
              RenderInline {FONT} at (0,0) size 3x14
                RenderText {#text} at (0,0) size 3x14
                  text run at (0,0) width 3: " "
            RenderTableCell {TD} at (200,350) size 8x14 [bgcolor=#EDEEEF] [r=25 c=27 rs=1 cs=1]
              RenderInline {FONT} at (0,0) size 3x14
                RenderText {#text} at (0,0) size 3x14
                  text run at (0,0) width 3: " "
            RenderTableCell {TD} at (208,350) size 8x14 [bgcolor=#FDFDFB] [r=25 c=28 rs=1 cs=1]
              RenderInline {FONT} at (0,0) size 3x14
                RenderText {#text} at (0,0) size 3x14
                  text run at (0,0) width 3: " "
            RenderTableCell {TD} at (216,350) size 8x14 [bgcolor=#FDFDFB] [r=25 c=29 rs=1 cs=1]
              RenderInline {FONT} at (0,0) size 3x14
                RenderText {#text} at (0,0) size 3x14
                  text run at (0,0) width 3: " "
            RenderTableCell {TD} at (224,350) size 8x14 [bgcolor=#FDFDFB] [r=25 c=30 rs=1 cs=1]
              RenderInline {FONT} at (0,0) size 3x14
                RenderText {#text} at (0,0) size 3x14
                  text run at (0,0) width 3: " "
            RenderTableCell {TD} at (232,350) size 8x14 [bgcolor=#FDFDFB] [r=25 c=31 rs=1 cs=1]
              RenderInline {FONT} at (0,0) size 3x14
                RenderText {#text} at (0,0) size 3x14
                  text run at (0,0) width 3: " "
            RenderTableCell {TD} at (240,350) size 8x14 [bgcolor=#FDFDFB] [r=25 c=32 rs=1 cs=1]
              RenderInline {FONT} at (0,0) size 3x14
                RenderText {#text} at (0,0) size 3x14
                  text run at (0,0) width 3: " "
            RenderTableCell {TD} at (248,350) size 8x14 [bgcolor=#FDFDFB] [r=25 c=33 rs=1 cs=1]
              RenderInline {FONT} at (0,0) size 3x14
                RenderText {#text} at (0,0) size 3x14
                  text run at (0,0) width 3: " "
            RenderTableCell {TD} at (256,350) size 8x14 [bgcolor=#FDFDFB] [r=25 c=34 rs=1 cs=1]
              RenderInline {FONT} at (0,0) size 3x14
                RenderText {#text} at (0,0) size 3x14
                  text run at (0,0) width 3: " "
            RenderTableCell {TD} at (264,350) size 8x14 [bgcolor=#FDFDFB] [r=25 c=35 rs=1 cs=1]
              RenderInline {FONT} at (0,0) size 3x14
                RenderText {#text} at (0,0) size 3x14
                  text run at (0,0) width 3: " "
            RenderTableCell {TD} at (272,350) size 8x14 [bgcolor=#E0EAE9] [r=25 c=36 rs=1 cs=1]
              RenderInline {FONT} at (0,0) size 3x14
                RenderText {#text} at (0,0) size 3x14
                  text run at (0,0) width 3: " "
            RenderTableCell {TD} at (280,350) size 8x14 [bgcolor=#CECFCF] [r=25 c=37 rs=1 cs=1]
              RenderInline {FONT} at (0,0) size 3x14
                RenderText {#text} at (0,0) size 3x14
                  text run at (0,0) width 3: " "
            RenderTableCell {TD} at (288,350) size 8x14 [bgcolor=#B4B4B4] [r=25 c=38 rs=1 cs=1]
              RenderInline {FONT} at (0,0) size 3x14
                RenderText {#text} at (0,0) size 3x14
                  text run at (0,0) width 3: " "
            RenderTableCell {TD} at (296,350) size 8x14 [bgcolor=#A5A6A6] [r=25 c=39 rs=1 cs=1]
              RenderInline {FONT} at (0,0) size 3x14
                RenderText {#text} at (0,0) size 3x14
                  text run at (0,0) width 3: " "
            RenderTableCell {TD} at (304,350) size 8x14 [bgcolor=#A5A6A6] [r=25 c=40 rs=1 cs=1]
              RenderInline {FONT} at (0,0) size 3x14
                RenderText {#text} at (0,0) size 3x14
                  text run at (0,0) width 3: " "
            RenderTableCell {TD} at (312,350) size 8x14 [bgcolor=#A5A6A6] [r=25 c=41 rs=1 cs=1]
              RenderInline {FONT} at (0,0) size 3x14
                RenderText {#text} at (0,0) size 3x14
                  text run at (0,0) width 3: " "
            RenderTableCell {TD} at (320,350) size 8x14 [bgcolor=#A5A6A6] [r=25 c=42 rs=1 cs=1]
              RenderInline {FONT} at (0,0) size 3x14
                RenderText {#text} at (0,0) size 3x14
                  text run at (0,0) width 3: " "
            RenderTableCell {TD} at (328,350) size 8x14 [bgcolor=#A5A6A6] [r=25 c=43 rs=1 cs=1]
              RenderInline {FONT} at (0,0) size 3x14
                RenderText {#text} at (0,0) size 3x14
                  text run at (0,0) width 3: " "
            RenderTableCell {TD} at (336,350) size 8x14 [bgcolor=#A5A6A6] [r=25 c=44 rs=1 cs=1]
              RenderInline {FONT} at (0,0) size 3x14
                RenderText {#text} at (0,0) size 3x14
                  text run at (0,0) width 3: " "
            RenderTableCell {TD} at (344,350) size 8x14 [bgcolor=#A5A6A6] [r=25 c=45 rs=1 cs=1]
              RenderInline {FONT} at (0,0) size 3x14
                RenderText {#text} at (0,0) size 3x14
                  text run at (0,0) width 3: " "
            RenderTableCell {TD} at (352,350) size 8x14 [bgcolor=#A5A6A6] [r=25 c=46 rs=1 cs=1]
              RenderInline {FONT} at (0,0) size 3x14
                RenderText {#text} at (0,0) size 3x14
                  text run at (0,0) width 3: " "
            RenderTableCell {TD} at (360,350) size 8x14 [bgcolor=#A5A6A6] [r=25 c=47 rs=1 cs=1]
              RenderInline {FONT} at (0,0) size 3x14
                RenderText {#text} at (0,0) size 3x14
                  text run at (0,0) width 3: " "
            RenderTableCell {TD} at (368,350) size 8x14 [bgcolor=#A5A6A6] [r=25 c=48 rs=1 cs=1]
              RenderInline {FONT} at (0,0) size 3x14
                RenderText {#text} at (0,0) size 3x14
                  text run at (0,0) width 3: " "
            RenderTableCell {TD} at (376,350) size 8x14 [bgcolor=#A5A6A6] [r=25 c=49 rs=1 cs=1]
              RenderInline {FONT} at (0,0) size 3x14
                RenderText {#text} at (0,0) size 3x14
                  text run at (0,0) width 3: " "
            RenderTableCell {TD} at (384,350) size 8x14 [bgcolor=#A5A6A6] [r=25 c=50 rs=1 cs=1]
              RenderInline {FONT} at (0,0) size 3x14
                RenderText {#text} at (0,0) size 3x14
                  text run at (0,0) width 3: " "
            RenderTableCell {TD} at (392,350) size 8x14 [bgcolor=#A5A6A6] [r=25 c=51 rs=1 cs=1]
              RenderInline {FONT} at (0,0) size 3x14
                RenderText {#text} at (0,0) size 3x14
                  text run at (0,0) width 3: " "
            RenderTableCell {TD} at (400,350) size 8x14 [bgcolor=#B4B4B4] [r=25 c=52 rs=1 cs=1]
              RenderInline {FONT} at (0,0) size 3x14
                RenderText {#text} at (0,0) size 3x14
                  text run at (0,0) width 3: " "
            RenderTableCell {TD} at (408,350) size 8x14 [bgcolor=#CECFCF] [r=25 c=53 rs=1 cs=1]
              RenderInline {FONT} at (0,0) size 3x14
                RenderText {#text} at (0,0) size 3x14
                  text run at (0,0) width 3: " "
            RenderTableCell {TD} at (416,350) size 8x14 [bgcolor=#EDEEEF] [r=25 c=54 rs=1 cs=1]
              RenderInline {FONT} at (0,0) size 3x14
                RenderText {#text} at (0,0) size 3x14
                  text run at (0,0) width 3: " "
            RenderTableCell {TD} at (424,350) size 8x14 [bgcolor=#FDFDFB] [r=25 c=55 rs=1 cs=1]
              RenderInline {FONT} at (0,0) size 3x14
                RenderText {#text} at (0,0) size 3x14
                  text run at (0,0) width 3: " "
            RenderTableCell {TD} at (432,350) size 8x14 [bgcolor=#FDFDFB] [r=25 c=56 rs=1 cs=1]
              RenderInline {FONT} at (0,0) size 3x14
                RenderText {#text} at (0,0) size 3x14
                  text run at (0,0) width 3: " "
            RenderTableCell {TD} at (440,350) size 8x14 [bgcolor=#FDFDFB] [r=25 c=57 rs=1 cs=1]
              RenderInline {FONT} at (0,0) size 3x14
                RenderText {#text} at (0,0) size 3x14
                  text run at (0,0) width 3: " "
            RenderTableCell {TD} at (448,350) size 8x14 [bgcolor=#FDFDFB] [r=25 c=58 rs=1 cs=1]
              RenderInline {FONT} at (0,0) size 3x14
                RenderText {#text} at (0,0) size 3x14
                  text run at (0,0) width 3: " "
            RenderTableCell {TD} at (456,350) size 8x14 [bgcolor=#FDFDFB] [r=25 c=59 rs=1 cs=1]
              RenderInline {FONT} at (0,0) size 3x14
                RenderText {#text} at (0,0) size 3x14
                  text run at (0,0) width 3: " "
            RenderTableCell {TD} at (464,350) size 8x14 [bgcolor=#FDFDFB] [r=25 c=60 rs=1 cs=1]
              RenderInline {FONT} at (0,0) size 3x14
                RenderText {#text} at (0,0) size 3x14
                  text run at (0,0) width 3: " "
            RenderTableCell {TD} at (472,350) size 8x14 [bgcolor=#FDFDFB] [r=25 c=61 rs=1 cs=1]
              RenderInline {FONT} at (0,0) size 3x14
                RenderText {#text} at (0,0) size 3x14
                  text run at (0,0) width 3: " "
            RenderTableCell {TD} at (480,350) size 8x14 [bgcolor=#FDFDFB] [r=25 c=62 rs=1 cs=1]
              RenderInline {FONT} at (0,0) size 3x14
                RenderText {#text} at (0,0) size 3x14
                  text run at (0,0) width 3: " "
            RenderTableCell {TD} at (488,350) size 8x14 [bgcolor=#FDFDFB] [r=25 c=63 rs=1 cs=1]
              RenderInline {FONT} at (0,0) size 3x14
                RenderText {#text} at (0,0) size 3x14
                  text run at (0,0) width 3: " "
            RenderTableCell {TD} at (496,350) size 8x14 [bgcolor=#FDFDFB] [r=25 c=64 rs=1 cs=1]
              RenderInline {FONT} at (0,0) size 3x14
                RenderText {#text} at (0,0) size 3x14
                  text run at (0,0) width 3: " "
            RenderTableCell {TD} at (504,350) size 8x14 [bgcolor=#EDEEEF] [r=25 c=65 rs=1 cs=1]
              RenderInline {FONT} at (0,0) size 3x14
                RenderText {#text} at (0,0) size 3x14
                  text run at (0,0) width 3: " "
            RenderTableCell {TD} at (512,350) size 8x14 [bgcolor=#DEDFDF] [r=25 c=66 rs=1 cs=1]
              RenderInline {FONT} at (0,0) size 3x14
                RenderText {#text} at (0,0) size 3x14
                  text run at (0,0) width 3: " "
            RenderTableCell {TD} at (520,350) size 8x14 [bgcolor=#CECFCF] [r=25 c=67 rs=1 cs=1]
              RenderInline {FONT} at (0,0) size 3x14
                RenderText {#text} at (0,0) size 3x14
                  text run at (0,0) width 3: " "
            RenderTableCell {TD} at (528,350) size 8x14 [bgcolor=#B4B4B4] [r=25 c=68 rs=1 cs=1]
              RenderInline {FONT} at (0,0) size 3x14
                RenderText {#text} at (0,0) size 3x14
                  text run at (0,0) width 3: " "
            RenderTableCell {TD} at (536,350) size 8x14 [bgcolor=#91A3A3] [r=25 c=69 rs=1 cs=1]
              RenderInline {FONT} at (0,0) size 3x14
                RenderText {#text} at (0,0) size 3x14
                  text run at (0,0) width 3: " "
            RenderTableCell {TD} at (544,350) size 8x14 [bgcolor=#848788] [r=25 c=70 rs=1 cs=1]
              RenderInline {FONT} at (0,0) size 3x14
                RenderText {#text} at (0,0) size 3x14
                  text run at (0,0) width 3: " "
            RenderTableCell {TD} at (552,350) size 8x14 [bgcolor=#777878] [r=25 c=71 rs=1 cs=1]
              RenderInline {FONT} at (0,0) size 3x14
                RenderText {#text} at (0,0) size 3x14
                  text run at (0,0) width 3: " "
            RenderTableCell {TD} at (560,350) size 8x14 [bgcolor=#526B6B] [r=25 c=72 rs=1 cs=1]
              RenderInline {FONT} at (0,0) size 3x14
                RenderText {#text} at (0,0) size 3x14
                  text run at (0,0) width 3: " "
            RenderTableCell {TD} at (568,350) size 8x14 [bgcolor=#425A5A] [r=25 c=73 rs=1 cs=1]
              RenderInline {FONT} at (0,0) size 3x14
                RenderText {#text} at (0,0) size 3x14
                  text run at (0,0) width 3: " "
            RenderTableCell {TD} at (576,350) size 8x14 [bgcolor=#425A5A] [r=25 c=74 rs=1 cs=1]
              RenderInline {FONT} at (0,0) size 3x14
                RenderText {#text} at (0,0) size 3x14
                  text run at (0,0) width 3: " "
            RenderTableCell {TD} at (584,350) size 8x14 [bgcolor=#305D5D] [r=25 c=75 rs=1 cs=1]
              RenderInline {FONT} at (0,0) size 3x14
                RenderText {#text} at (0,0) size 3x14
                  text run at (0,0) width 3: " "
            RenderTableCell {TD} at (592,350) size 8x14 [bgcolor=#305D5D] [r=25 c=76 rs=1 cs=1]
              RenderInline {FONT} at (0,0) size 3x14
                RenderText {#text} at (0,0) size 3x14
                  text run at (0,0) width 3: " "
            RenderTableCell {TD} at (600,350) size 8x14 [bgcolor=#305D5D] [r=25 c=77 rs=1 cs=1]
              RenderInline {FONT} at (0,0) size 3x14
                RenderText {#text} at (0,0) size 3x14
                  text run at (0,0) width 3: " "
            RenderTableCell {TD} at (608,350) size 8x14 [bgcolor=#026766] [r=25 c=78 rs=1 cs=1]
              RenderInline {FONT} at (0,0) size 3x14
                RenderText {#text} at (0,0) size 3x14
                  text run at (0,0) width 3: " "
            RenderTableCell {TD} at (616,350) size 8x14 [bgcolor=#026766] [r=25 c=79 rs=1 cs=1]
              RenderInline {FONT} at (0,0) size 3x14
                RenderText {#text} at (0,0) size 3x14
                  text run at (0,0) width 3: " "
            RenderTableCell {TD} at (624,350) size 8x14 [bgcolor=#026766] [r=25 c=80 rs=1 cs=1]
              RenderInline {FONT} at (0,0) size 3x14
                RenderText {#text} at (0,0) size 3x14
                  text run at (0,0) width 3: " "
            RenderTableCell {TD} at (632,350) size 8x14 [bgcolor=#026766] [r=25 c=81 rs=1 cs=1]
              RenderInline {FONT} at (0,0) size 3x14
                RenderText {#text} at (0,0) size 3x14
                  text run at (0,0) width 3: " "
            RenderTableCell {TD} at (640,350) size 8x14 [bgcolor=#026766] [r=25 c=82 rs=1 cs=1]
              RenderInline {FONT} at (0,0) size 3x14
                RenderText {#text} at (0,0) size 3x14
                  text run at (0,0) width 3: " "
            RenderTableCell {TD} at (648,350) size 8x14 [bgcolor=#026766] [r=25 c=83 rs=1 cs=1]
              RenderInline {FONT} at (0,0) size 3x14
                RenderText {#text} at (0,0) size 3x14
                  text run at (0,0) width 3: " "
            RenderTableCell {TD} at (656,350) size 8x14 [bgcolor=#026766] [r=25 c=84 rs=1 cs=1]
              RenderInline {FONT} at (0,0) size 3x14
                RenderText {#text} at (0,0) size 3x14
                  text run at (0,0) width 3: " "
            RenderTableCell {TD} at (664,350) size 8x14 [bgcolor=#026766] [r=25 c=85 rs=1 cs=1]
              RenderInline {FONT} at (0,0) size 3x14
                RenderText {#text} at (0,0) size 3x14
                  text run at (0,0) width 3: " "
            RenderTableCell {TD} at (672,350) size 8x14 [bgcolor=#026766] [r=25 c=86 rs=1 cs=1]
              RenderInline {FONT} at (0,0) size 3x14
                RenderText {#text} at (0,0) size 3x14
                  text run at (0,0) width 3: " "
            RenderTableCell {TD} at (680,350) size 8x14 [bgcolor=#026766] [r=25 c=87 rs=1 cs=1]
              RenderInline {FONT} at (0,0) size 3x14
                RenderText {#text} at (0,0) size 3x14
                  text run at (0,0) width 3: " "
            RenderTableCell {TD} at (688,350) size 8x14 [bgcolor=#026766] [r=25 c=88 rs=1 cs=1]
              RenderInline {FONT} at (0,0) size 3x14
                RenderText {#text} at (0,0) size 3x14
                  text run at (0,0) width 3: " "
            RenderTableCell {TD} at (696,350) size 8x14 [bgcolor=#026766] [r=25 c=89 rs=1 cs=1]
              RenderInline {FONT} at (0,0) size 3x14
                RenderText {#text} at (0,0) size 3x14
                  text run at (0,0) width 3: " "
            RenderTableCell {TD} at (704,350) size 8x14 [bgcolor=#025E5E] [r=25 c=90 rs=1 cs=1]
              RenderInline {FONT} at (0,0) size 3x14
                RenderText {#text} at (0,0) size 3x14
                  text run at (0,0) width 3: " "
            RenderTableCell {TD} at (712,350) size 8x14 [bgcolor=#025E5E] [r=25 c=91 rs=1 cs=1]
              RenderInline {FONT} at (0,0) size 3x14
                RenderText {#text} at (0,0) size 3x14
                  text run at (0,0) width 3: " "
            RenderTableCell {TD} at (720,350) size 8x14 [bgcolor=#044140] [r=25 c=92 rs=1 cs=1]
              RenderInline {FONT} at (0,0) size 3x14
                RenderText {#text} at (0,0) size 3x14
                  text run at (0,0) width 3: " "
            RenderTableCell {TD} at (728,350) size 8x14 [bgcolor=#083131] [r=25 c=93 rs=1 cs=1]
              RenderInline {FONT} at (0,0) size 3x14
                RenderText {#text} at (0,0) size 3x14
                  text run at (0,0) width 3: " "
            RenderTableCell {TD} at (736,350) size 8x14 [bgcolor=#5E5F60] [r=25 c=94 rs=1 cs=1]
              RenderInline {FONT} at (0,0) size 3x14
                RenderText {#text} at (0,0) size 3x14
                  text run at (0,0) width 3: " "
            RenderTableCell {TD} at (744,350) size 8x14 [bgcolor=#A5A6A6] [r=25 c=95 rs=1 cs=1]
              RenderInline {FONT} at (0,0) size 3x14
                RenderText {#text} at (0,0) size 3x14
                  text run at (0,0) width 3: " "
            RenderTableCell {TD} at (752,350) size 8x14 [bgcolor=#DEDFDF] [r=25 c=96 rs=1 cs=1]
              RenderInline {FONT} at (0,0) size 3x14
                RenderText {#text} at (0,0) size 3x14
                  text run at (0,0) width 3: " "
            RenderTableCell {TD} at (760,350) size 8x14 [bgcolor=#FDFDFB] [r=25 c=97 rs=1 cs=1]
              RenderInline {FONT} at (0,0) size 3x14
                RenderText {#text} at (0,0) size 3x14
                  text run at (0,0) width 3: " "
            RenderTableCell {TD} at (768,350) size 8x14 [bgcolor=#FDFDFB] [r=25 c=98 rs=1 cs=1]
              RenderInline {FONT} at (0,0) size 3x14
                RenderText {#text} at (0,0) size 3x14
                  text run at (0,0) width 3: " "
            RenderTableCell {TD} at (776,350) size 8x14 [bgcolor=#FDFDFB] [r=25 c=99 rs=1 cs=1]
              RenderInline {FONT} at (0,0) size 3x14
                RenderText {#text} at (0,0) size 3x14
                  text run at (0,0) width 3: " "
          RenderTableRow {TR} at (0,364) size 784x14
            RenderTableCell {TD} at (0,364) size 7x14 [bgcolor=#FDFDFB] [r=26 c=0 rs=1 cs=1]
              RenderInline {FONT} at (0,0) size 3x14
                RenderText {#text} at (0,0) size 3x14
                  text run at (0,0) width 3: " "
            RenderTableCell {TD} at (7,364) size 7x14 [bgcolor=#FDFDFB] [r=26 c=1 rs=1 cs=1]
              RenderInline {FONT} at (0,0) size 3x14
                RenderText {#text} at (0,0) size 3x14
                  text run at (0,0) width 3: " "
            RenderTableCell {TD} at (14,364) size 7x14 [bgcolor=#FDFDFB] [r=26 c=2 rs=1 cs=1]
              RenderInline {FONT} at (0,0) size 3x14
                RenderText {#text} at (0,0) size 3x14
                  text run at (0,0) width 3: " "
            RenderTableCell {TD} at (21,364) size 7x14 [bgcolor=#FDFDFB] [r=26 c=3 rs=1 cs=1]
              RenderInline {FONT} at (0,0) size 3x14
                RenderText {#text} at (0,0) size 3x14
                  text run at (0,0) width 3: " "
            RenderTableCell {TD} at (28,364) size 7x14 [bgcolor=#FDFDFB] [r=26 c=4 rs=1 cs=1]
              RenderInline {FONT} at (0,0) size 3x14
                RenderText {#text} at (0,0) size 3x14
                  text run at (0,0) width 3: " "
            RenderTableCell {TD} at (35,364) size 7x14 [bgcolor=#FDFDFB] [r=26 c=5 rs=1 cs=1]
              RenderInline {FONT} at (0,0) size 3x14
                RenderText {#text} at (0,0) size 3x14
                  text run at (0,0) width 3: " "
            RenderTableCell {TD} at (42,364) size 7x14 [bgcolor=#FDFDFB] [r=26 c=6 rs=1 cs=1]
              RenderInline {FONT} at (0,0) size 3x14
                RenderText {#text} at (0,0) size 3x14
                  text run at (0,0) width 3: " "
            RenderTableCell {TD} at (49,364) size 7x14 [bgcolor=#FDFDFB] [r=26 c=7 rs=1 cs=1]
              RenderInline {FONT} at (0,0) size 3x14
                RenderText {#text} at (0,0) size 3x14
                  text run at (0,0) width 3: " "
            RenderTableCell {TD} at (56,364) size 7x14 [bgcolor=#FDFDFB] [r=26 c=8 rs=1 cs=1]
              RenderInline {FONT} at (0,0) size 3x14
                RenderText {#text} at (0,0) size 3x14
                  text run at (0,0) width 3: " "
            RenderTableCell {TD} at (63,364) size 7x14 [bgcolor=#FDFDFB] [r=26 c=9 rs=1 cs=1]
              RenderInline {FONT} at (0,0) size 3x14
                RenderText {#text} at (0,0) size 3x14
                  text run at (0,0) width 3: " "
            RenderTableCell {TD} at (70,364) size 7x14 [bgcolor=#EDEEEF] [r=26 c=10 rs=1 cs=1]
              RenderInline {FONT} at (0,0) size 3x14
                RenderText {#text} at (0,0) size 3x14
                  text run at (0,0) width 3: " "
            RenderTableCell {TD} at (77,364) size 7x14 [bgcolor=#EDEEEF] [r=26 c=11 rs=1 cs=1]
              RenderInline {FONT} at (0,0) size 3x14
                RenderText {#text} at (0,0) size 3x14
                  text run at (0,0) width 3: " "
            RenderTableCell {TD} at (84,364) size 7x14 [bgcolor=#DEDFDF] [r=26 c=12 rs=1 cs=1]
              RenderInline {FONT} at (0,0) size 3x14
                RenderText {#text} at (0,0) size 3x14
                  text run at (0,0) width 3: " "
            RenderTableCell {TD} at (91,364) size 7x14 [bgcolor=#CECFCF] [r=26 c=13 rs=1 cs=1]
              RenderInline {FONT} at (0,0) size 3x14
                RenderText {#text} at (0,0) size 3x14
                  text run at (0,0) width 3: " "
            RenderTableCell {TD} at (98,364) size 7x14 [bgcolor=#CECFCF] [r=26 c=14 rs=1 cs=1]
              RenderInline {FONT} at (0,0) size 3x14
                RenderText {#text} at (0,0) size 3x14
                  text run at (0,0) width 3: " "
            RenderTableCell {TD} at (105,364) size 7x14 [bgcolor=#BEC2C2] [r=26 c=15 rs=1 cs=1]
              RenderInline {FONT} at (0,0) size 3x14
                RenderText {#text} at (0,0) size 3x14
                  text run at (0,0) width 3: " "
            RenderTableCell {TD} at (112,364) size 8x14 [bgcolor=#BEC2C2] [r=26 c=16 rs=1 cs=1]
              RenderInline {FONT} at (0,0) size 3x14
                RenderText {#text} at (0,0) size 3x14
                  text run at (0,0) width 3: " "
            RenderTableCell {TD} at (120,364) size 8x14 [bgcolor=#BEC2C2] [r=26 c=17 rs=1 cs=1]
              RenderInline {FONT} at (0,0) size 3x14
                RenderText {#text} at (0,0) size 3x14
                  text run at (0,0) width 3: " "
            RenderTableCell {TD} at (128,364) size 8x14 [bgcolor=#BEC2C2] [r=26 c=18 rs=1 cs=1]
              RenderInline {FONT} at (0,0) size 3x14
                RenderText {#text} at (0,0) size 3x14
                  text run at (0,0) width 3: " "
            RenderTableCell {TD} at (136,364) size 8x14 [bgcolor=#BEC2C2] [r=26 c=19 rs=1 cs=1]
              RenderInline {FONT} at (0,0) size 3x14
                RenderText {#text} at (0,0) size 3x14
                  text run at (0,0) width 3: " "
            RenderTableCell {TD} at (144,364) size 8x14 [bgcolor=#BEC2C2] [r=26 c=20 rs=1 cs=1]
              RenderInline {FONT} at (0,0) size 3x14
                RenderText {#text} at (0,0) size 3x14
                  text run at (0,0) width 3: " "
            RenderTableCell {TD} at (152,364) size 8x14 [bgcolor=#CECFCF] [r=26 c=21 rs=1 cs=1]
              RenderInline {FONT} at (0,0) size 3x14
                RenderText {#text} at (0,0) size 3x14
                  text run at (0,0) width 3: " "
            RenderTableCell {TD} at (160,364) size 8x14 [bgcolor=#CECFCF] [r=26 c=22 rs=1 cs=1]
              RenderInline {FONT} at (0,0) size 3x14
                RenderText {#text} at (0,0) size 3x14
                  text run at (0,0) width 3: " "
            RenderTableCell {TD} at (168,364) size 8x14 [bgcolor=#DEDFDF] [r=26 c=23 rs=1 cs=1]
              RenderInline {FONT} at (0,0) size 3x14
                RenderText {#text} at (0,0) size 3x14
                  text run at (0,0) width 3: " "
            RenderTableCell {TD} at (176,364) size 8x14 [bgcolor=#E0EAE9] [r=26 c=24 rs=1 cs=1]
              RenderInline {FONT} at (0,0) size 3x14
                RenderText {#text} at (0,0) size 3x14
                  text run at (0,0) width 3: " "
            RenderTableCell {TD} at (184,364) size 8x14 [bgcolor=#EDEEEF] [r=26 c=25 rs=1 cs=1]
              RenderInline {FONT} at (0,0) size 3x14
                RenderText {#text} at (0,0) size 3x14
                  text run at (0,0) width 3: " "
            RenderTableCell {TD} at (192,364) size 8x14 [bgcolor=#FDFDFB] [r=26 c=26 rs=1 cs=1]
              RenderInline {FONT} at (0,0) size 3x14
                RenderText {#text} at (0,0) size 3x14
                  text run at (0,0) width 3: " "
            RenderTableCell {TD} at (200,364) size 8x14 [bgcolor=#FDFDFB] [r=26 c=27 rs=1 cs=1]
              RenderInline {FONT} at (0,0) size 3x14
                RenderText {#text} at (0,0) size 3x14
                  text run at (0,0) width 3: " "
            RenderTableCell {TD} at (208,364) size 8x14 [bgcolor=#FDFDFB] [r=26 c=28 rs=1 cs=1]
              RenderInline {FONT} at (0,0) size 3x14
                RenderText {#text} at (0,0) size 3x14
                  text run at (0,0) width 3: " "
            RenderTableCell {TD} at (216,364) size 8x14 [bgcolor=#FDFDFB] [r=26 c=29 rs=1 cs=1]
              RenderInline {FONT} at (0,0) size 3x14
                RenderText {#text} at (0,0) size 3x14
                  text run at (0,0) width 3: " "
            RenderTableCell {TD} at (224,364) size 8x14 [bgcolor=#FDFDFB] [r=26 c=30 rs=1 cs=1]
              RenderInline {FONT} at (0,0) size 3x14
                RenderText {#text} at (0,0) size 3x14
                  text run at (0,0) width 3: " "
            RenderTableCell {TD} at (232,364) size 8x14 [bgcolor=#FDFDFB] [r=26 c=31 rs=1 cs=1]
              RenderInline {FONT} at (0,0) size 3x14
                RenderText {#text} at (0,0) size 3x14
                  text run at (0,0) width 3: " "
            RenderTableCell {TD} at (240,364) size 8x14 [bgcolor=#FDFDFB] [r=26 c=32 rs=1 cs=1]
              RenderInline {FONT} at (0,0) size 3x14
                RenderText {#text} at (0,0) size 3x14
                  text run at (0,0) width 3: " "
            RenderTableCell {TD} at (248,364) size 8x14 [bgcolor=#FDFDFB] [r=26 c=33 rs=1 cs=1]
              RenderInline {FONT} at (0,0) size 3x14
                RenderText {#text} at (0,0) size 3x14
                  text run at (0,0) width 3: " "
            RenderTableCell {TD} at (256,364) size 8x14 [bgcolor=#FDFDFB] [r=26 c=34 rs=1 cs=1]
              RenderInline {FONT} at (0,0) size 3x14
                RenderText {#text} at (0,0) size 3x14
                  text run at (0,0) width 3: " "
            RenderTableCell {TD} at (264,364) size 8x14 [bgcolor=#FDFDFB] [r=26 c=35 rs=1 cs=1]
              RenderInline {FONT} at (0,0) size 3x14
                RenderText {#text} at (0,0) size 3x14
                  text run at (0,0) width 3: " "
            RenderTableCell {TD} at (272,364) size 8x14 [bgcolor=#FDFDFB] [r=26 c=36 rs=1 cs=1]
              RenderInline {FONT} at (0,0) size 3x14
                RenderText {#text} at (0,0) size 3x14
                  text run at (0,0) width 3: " "
            RenderTableCell {TD} at (280,364) size 8x14 [bgcolor=#EDEEEF] [r=26 c=37 rs=1 cs=1]
              RenderInline {FONT} at (0,0) size 3x14
                RenderText {#text} at (0,0) size 3x14
                  text run at (0,0) width 3: " "
            RenderTableCell {TD} at (288,364) size 8x14 [bgcolor=#DEDFDF] [r=26 c=38 rs=1 cs=1]
              RenderInline {FONT} at (0,0) size 3x14
                RenderText {#text} at (0,0) size 3x14
                  text run at (0,0) width 3: " "
            RenderTableCell {TD} at (296,364) size 8x14 [bgcolor=#DEDFDF] [r=26 c=39 rs=1 cs=1]
              RenderInline {FONT} at (0,0) size 3x14
                RenderText {#text} at (0,0) size 3x14
                  text run at (0,0) width 3: " "
            RenderTableCell {TD} at (304,364) size 8x14 [bgcolor=#DEDFDF] [r=26 c=40 rs=1 cs=1]
              RenderInline {FONT} at (0,0) size 3x14
                RenderText {#text} at (0,0) size 3x14
                  text run at (0,0) width 3: " "
            RenderTableCell {TD} at (312,364) size 8x14 [bgcolor=#DEDFDF] [r=26 c=41 rs=1 cs=1]
              RenderInline {FONT} at (0,0) size 3x14
                RenderText {#text} at (0,0) size 3x14
                  text run at (0,0) width 3: " "
            RenderTableCell {TD} at (320,364) size 8x14 [bgcolor=#DEDFDF] [r=26 c=42 rs=1 cs=1]
              RenderInline {FONT} at (0,0) size 3x14
                RenderText {#text} at (0,0) size 3x14
                  text run at (0,0) width 3: " "
            RenderTableCell {TD} at (328,364) size 8x14 [bgcolor=#DEDFDF] [r=26 c=43 rs=1 cs=1]
              RenderInline {FONT} at (0,0) size 3x14
                RenderText {#text} at (0,0) size 3x14
                  text run at (0,0) width 3: " "
            RenderTableCell {TD} at (336,364) size 8x14 [bgcolor=#DEDFDF] [r=26 c=44 rs=1 cs=1]
              RenderInline {FONT} at (0,0) size 3x14
                RenderText {#text} at (0,0) size 3x14
                  text run at (0,0) width 3: " "
            RenderTableCell {TD} at (344,364) size 8x14 [bgcolor=#DEDFDF] [r=26 c=45 rs=1 cs=1]
              RenderInline {FONT} at (0,0) size 3x14
                RenderText {#text} at (0,0) size 3x14
                  text run at (0,0) width 3: " "
            RenderTableCell {TD} at (352,364) size 8x14 [bgcolor=#DEDFDF] [r=26 c=46 rs=1 cs=1]
              RenderInline {FONT} at (0,0) size 3x14
                RenderText {#text} at (0,0) size 3x14
                  text run at (0,0) width 3: " "
            RenderTableCell {TD} at (360,364) size 8x14 [bgcolor=#DEDFDF] [r=26 c=47 rs=1 cs=1]
              RenderInline {FONT} at (0,0) size 3x14
                RenderText {#text} at (0,0) size 3x14
                  text run at (0,0) width 3: " "
            RenderTableCell {TD} at (368,364) size 8x14 [bgcolor=#DEDFDF] [r=26 c=48 rs=1 cs=1]
              RenderInline {FONT} at (0,0) size 3x14
                RenderText {#text} at (0,0) size 3x14
                  text run at (0,0) width 3: " "
            RenderTableCell {TD} at (376,364) size 8x14 [bgcolor=#DEDFDF] [r=26 c=49 rs=1 cs=1]
              RenderInline {FONT} at (0,0) size 3x14
                RenderText {#text} at (0,0) size 3x14
                  text run at (0,0) width 3: " "
            RenderTableCell {TD} at (384,364) size 8x14 [bgcolor=#DEDFDF] [r=26 c=50 rs=1 cs=1]
              RenderInline {FONT} at (0,0) size 3x14
                RenderText {#text} at (0,0) size 3x14
                  text run at (0,0) width 3: " "
            RenderTableCell {TD} at (392,364) size 8x14 [bgcolor=#DEDFDF] [r=26 c=51 rs=1 cs=1]
              RenderInline {FONT} at (0,0) size 3x14
                RenderText {#text} at (0,0) size 3x14
                  text run at (0,0) width 3: " "
            RenderTableCell {TD} at (400,364) size 8x14 [bgcolor=#DEDFDF] [r=26 c=52 rs=1 cs=1]
              RenderInline {FONT} at (0,0) size 3x14
                RenderText {#text} at (0,0) size 3x14
                  text run at (0,0) width 3: " "
            RenderTableCell {TD} at (408,364) size 8x14 [bgcolor=#EDEEEF] [r=26 c=53 rs=1 cs=1]
              RenderInline {FONT} at (0,0) size 3x14
                RenderText {#text} at (0,0) size 3x14
                  text run at (0,0) width 3: " "
            RenderTableCell {TD} at (416,364) size 8x14 [bgcolor=#FDFDFB] [r=26 c=54 rs=1 cs=1]
              RenderInline {FONT} at (0,0) size 3x14
                RenderText {#text} at (0,0) size 3x14
                  text run at (0,0) width 3: " "
            RenderTableCell {TD} at (424,364) size 8x14 [bgcolor=#FDFDFB] [r=26 c=55 rs=1 cs=1]
              RenderInline {FONT} at (0,0) size 3x14
                RenderText {#text} at (0,0) size 3x14
                  text run at (0,0) width 3: " "
            RenderTableCell {TD} at (432,364) size 8x14 [bgcolor=#FDFDFB] [r=26 c=56 rs=1 cs=1]
              RenderInline {FONT} at (0,0) size 3x14
                RenderText {#text} at (0,0) size 3x14
                  text run at (0,0) width 3: " "
            RenderTableCell {TD} at (440,364) size 8x14 [bgcolor=#FDFDFB] [r=26 c=57 rs=1 cs=1]
              RenderInline {FONT} at (0,0) size 3x14
                RenderText {#text} at (0,0) size 3x14
                  text run at (0,0) width 3: " "
            RenderTableCell {TD} at (448,364) size 8x14 [bgcolor=#FDFDFB] [r=26 c=58 rs=1 cs=1]
              RenderInline {FONT} at (0,0) size 3x14
                RenderText {#text} at (0,0) size 3x14
                  text run at (0,0) width 3: " "
            RenderTableCell {TD} at (456,364) size 8x14 [bgcolor=#FDFDFB] [r=26 c=59 rs=1 cs=1]
              RenderInline {FONT} at (0,0) size 3x14
                RenderText {#text} at (0,0) size 3x14
                  text run at (0,0) width 3: " "
            RenderTableCell {TD} at (464,364) size 8x14 [bgcolor=#FDFDFB] [r=26 c=60 rs=1 cs=1]
              RenderInline {FONT} at (0,0) size 3x14
                RenderText {#text} at (0,0) size 3x14
                  text run at (0,0) width 3: " "
            RenderTableCell {TD} at (472,364) size 8x14 [bgcolor=#FDFDFB] [r=26 c=61 rs=1 cs=1]
              RenderInline {FONT} at (0,0) size 3x14
                RenderText {#text} at (0,0) size 3x14
                  text run at (0,0) width 3: " "
            RenderTableCell {TD} at (480,364) size 8x14 [bgcolor=#FDFDFB] [r=26 c=62 rs=1 cs=1]
              RenderInline {FONT} at (0,0) size 3x14
                RenderText {#text} at (0,0) size 3x14
                  text run at (0,0) width 3: " "
            RenderTableCell {TD} at (488,364) size 8x14 [bgcolor=#FDFDFB] [r=26 c=63 rs=1 cs=1]
              RenderInline {FONT} at (0,0) size 3x14
                RenderText {#text} at (0,0) size 3x14
                  text run at (0,0) width 3: " "
            RenderTableCell {TD} at (496,364) size 8x14 [bgcolor=#FDFDFB] [r=26 c=64 rs=1 cs=1]
              RenderInline {FONT} at (0,0) size 3x14
                RenderText {#text} at (0,0) size 3x14
                  text run at (0,0) width 3: " "
            RenderTableCell {TD} at (504,364) size 8x14 [bgcolor=#FDFDFB] [r=26 c=65 rs=1 cs=1]
              RenderInline {FONT} at (0,0) size 3x14
                RenderText {#text} at (0,0) size 3x14
                  text run at (0,0) width 3: " "
            RenderTableCell {TD} at (512,364) size 8x14 [bgcolor=#FDFDFB] [r=26 c=66 rs=1 cs=1]
              RenderInline {FONT} at (0,0) size 3x14
                RenderText {#text} at (0,0) size 3x14
                  text run at (0,0) width 3: " "
            RenderTableCell {TD} at (520,364) size 8x14 [bgcolor=#EDEEEF] [r=26 c=67 rs=1 cs=1]
              RenderInline {FONT} at (0,0) size 3x14
                RenderText {#text} at (0,0) size 3x14
                  text run at (0,0) width 3: " "
            RenderTableCell {TD} at (528,364) size 8x14 [bgcolor=#DEDFDF] [r=26 c=68 rs=1 cs=1]
              RenderInline {FONT} at (0,0) size 3x14
                RenderText {#text} at (0,0) size 3x14
                  text run at (0,0) width 3: " "
            RenderTableCell {TD} at (536,364) size 8x14 [bgcolor=#CECFCF] [r=26 c=69 rs=1 cs=1]
              RenderInline {FONT} at (0,0) size 3x14
                RenderText {#text} at (0,0) size 3x14
                  text run at (0,0) width 3: " "
            RenderTableCell {TD} at (544,364) size 8x14 [bgcolor=#BEC2C2] [r=26 c=70 rs=1 cs=1]
              RenderInline {FONT} at (0,0) size 3x14
                RenderText {#text} at (0,0) size 3x14
                  text run at (0,0) width 3: " "
            RenderTableCell {TD} at (552,364) size 8x14 [bgcolor=#B4B4B4] [r=26 c=71 rs=1 cs=1]
              RenderInline {FONT} at (0,0) size 3x14
                RenderText {#text} at (0,0) size 3x14
                  text run at (0,0) width 3: " "
            RenderTableCell {TD} at (560,364) size 8x14 [bgcolor=#B4B4B4] [r=26 c=72 rs=1 cs=1]
              RenderInline {FONT} at (0,0) size 3x14
                RenderText {#text} at (0,0) size 3x14
                  text run at (0,0) width 3: " "
            RenderTableCell {TD} at (568,364) size 8x14 [bgcolor=#A5A6A6] [r=26 c=73 rs=1 cs=1]
              RenderInline {FONT} at (0,0) size 3x14
                RenderText {#text} at (0,0) size 3x14
                  text run at (0,0) width 3: " "
            RenderTableCell {TD} at (576,364) size 8x14 [bgcolor=#91A3A3] [r=26 c=74 rs=1 cs=1]
              RenderInline {FONT} at (0,0) size 3x14
                RenderText {#text} at (0,0) size 3x14
                  text run at (0,0) width 3: " "
            RenderTableCell {TD} at (584,364) size 8x14 [bgcolor=#939494] [r=26 c=75 rs=1 cs=1]
              RenderInline {FONT} at (0,0) size 3x14
                RenderText {#text} at (0,0) size 3x14
                  text run at (0,0) width 3: " "
            RenderTableCell {TD} at (592,364) size 8x14 [bgcolor=#939494] [r=26 c=76 rs=1 cs=1]
              RenderInline {FONT} at (0,0) size 3x14
                RenderText {#text} at (0,0) size 3x14
                  text run at (0,0) width 3: " "
            RenderTableCell {TD} at (600,364) size 8x14 [bgcolor=#5A8787] [r=26 c=77 rs=1 cs=1]
              RenderInline {FONT} at (0,0) size 3x14
                RenderText {#text} at (0,0) size 3x14
                  text run at (0,0) width 3: " "
            RenderTableCell {TD} at (608,364) size 8x14 [bgcolor=#027777] [r=26 c=78 rs=1 cs=1]
              RenderInline {FONT} at (0,0) size 3x14
                RenderText {#text} at (0,0) size 3x14
                  text run at (0,0) width 3: " "
            RenderTableCell {TD} at (616,364) size 8x14 [bgcolor=#026766] [r=26 c=79 rs=1 cs=1]
              RenderInline {FONT} at (0,0) size 3x14
                RenderText {#text} at (0,0) size 3x14
                  text run at (0,0) width 3: " "
            RenderTableCell {TD} at (624,364) size 8x14 [bgcolor=#026766] [r=26 c=80 rs=1 cs=1]
              RenderInline {FONT} at (0,0) size 3x14
                RenderText {#text} at (0,0) size 3x14
                  text run at (0,0) width 3: " "
            RenderTableCell {TD} at (632,364) size 8x14 [bgcolor=#026766] [r=26 c=81 rs=1 cs=1]
              RenderInline {FONT} at (0,0) size 3x14
                RenderText {#text} at (0,0) size 3x14
                  text run at (0,0) width 3: " "
            RenderTableCell {TD} at (640,364) size 8x14 [bgcolor=#026766] [r=26 c=82 rs=1 cs=1]
              RenderInline {FONT} at (0,0) size 3x14
                RenderText {#text} at (0,0) size 3x14
                  text run at (0,0) width 3: " "
            RenderTableCell {TD} at (648,364) size 8x14 [bgcolor=#026766] [r=26 c=83 rs=1 cs=1]
              RenderInline {FONT} at (0,0) size 3x14
                RenderText {#text} at (0,0) size 3x14
                  text run at (0,0) width 3: " "
            RenderTableCell {TD} at (656,364) size 8x14 [bgcolor=#026766] [r=26 c=84 rs=1 cs=1]
              RenderInline {FONT} at (0,0) size 3x14
                RenderText {#text} at (0,0) size 3x14
                  text run at (0,0) width 3: " "
            RenderTableCell {TD} at (664,364) size 8x14 [bgcolor=#026766] [r=26 c=85 rs=1 cs=1]
              RenderInline {FONT} at (0,0) size 3x14
                RenderText {#text} at (0,0) size 3x14
                  text run at (0,0) width 3: " "
            RenderTableCell {TD} at (672,364) size 8x14 [bgcolor=#026766] [r=26 c=86 rs=1 cs=1]
              RenderInline {FONT} at (0,0) size 3x14
                RenderText {#text} at (0,0) size 3x14
                  text run at (0,0) width 3: " "
            RenderTableCell {TD} at (680,364) size 8x14 [bgcolor=#026766] [r=26 c=87 rs=1 cs=1]
              RenderInline {FONT} at (0,0) size 3x14
                RenderText {#text} at (0,0) size 3x14
                  text run at (0,0) width 3: " "
            RenderTableCell {TD} at (688,364) size 8x14 [bgcolor=#026766] [r=26 c=88 rs=1 cs=1]
              RenderInline {FONT} at (0,0) size 3x14
                RenderText {#text} at (0,0) size 3x14
                  text run at (0,0) width 3: " "
            RenderTableCell {TD} at (696,364) size 8x14 [bgcolor=#025E5E] [r=26 c=89 rs=1 cs=1]
              RenderInline {FONT} at (0,0) size 3x14
                RenderText {#text} at (0,0) size 3x14
                  text run at (0,0) width 3: " "
            RenderTableCell {TD} at (704,364) size 8x14 [bgcolor=#025E5E] [r=26 c=90 rs=1 cs=1]
              RenderInline {FONT} at (0,0) size 3x14
                RenderText {#text} at (0,0) size 3x14
                  text run at (0,0) width 3: " "
            RenderTableCell {TD} at (712,364) size 8x14 [bgcolor=#044F4F] [r=26 c=91 rs=1 cs=1]
              RenderInline {FONT} at (0,0) size 3x14
                RenderText {#text} at (0,0) size 3x14
                  text run at (0,0) width 3: " "
            RenderTableCell {TD} at (720,364) size 8x14 [bgcolor=#044140] [r=26 c=92 rs=1 cs=1]
              RenderInline {FONT} at (0,0) size 3x14
                RenderText {#text} at (0,0) size 3x14
                  text run at (0,0) width 3: " "
            RenderTableCell {TD} at (728,364) size 8x14 [bgcolor=#083131] [r=26 c=93 rs=1 cs=1]
              RenderInline {FONT} at (0,0) size 3x14
                RenderText {#text} at (0,0) size 3x14
                  text run at (0,0) width 3: " "
            RenderTableCell {TD} at (736,364) size 8x14 [bgcolor=#777878] [r=26 c=94 rs=1 cs=1]
              RenderInline {FONT} at (0,0) size 3x14
                RenderText {#text} at (0,0) size 3x14
                  text run at (0,0) width 3: " "
            RenderTableCell {TD} at (744,364) size 8x14 [bgcolor=#B4B4B4] [r=26 c=95 rs=1 cs=1]
              RenderInline {FONT} at (0,0) size 3x14
                RenderText {#text} at (0,0) size 3x14
                  text run at (0,0) width 3: " "
            RenderTableCell {TD} at (752,364) size 8x14 [bgcolor=#DEDFDF] [r=26 c=96 rs=1 cs=1]
              RenderInline {FONT} at (0,0) size 3x14
                RenderText {#text} at (0,0) size 3x14
                  text run at (0,0) width 3: " "
            RenderTableCell {TD} at (760,364) size 8x14 [bgcolor=#FDFDFB] [r=26 c=97 rs=1 cs=1]
              RenderInline {FONT} at (0,0) size 3x14
                RenderText {#text} at (0,0) size 3x14
                  text run at (0,0) width 3: " "
            RenderTableCell {TD} at (768,364) size 8x14 [bgcolor=#FDFDFB] [r=26 c=98 rs=1 cs=1]
              RenderInline {FONT} at (0,0) size 3x14
                RenderText {#text} at (0,0) size 3x14
                  text run at (0,0) width 3: " "
            RenderTableCell {TD} at (776,364) size 8x14 [bgcolor=#FDFDFB] [r=26 c=99 rs=1 cs=1]
              RenderInline {FONT} at (0,0) size 3x14
                RenderText {#text} at (0,0) size 3x14
                  text run at (0,0) width 3: " "
          RenderTableRow {TR} at (0,378) size 784x14
            RenderTableCell {TD} at (0,378) size 7x14 [bgcolor=#FDFDFB] [r=27 c=0 rs=1 cs=1]
              RenderInline {FONT} at (0,0) size 3x14
                RenderText {#text} at (0,0) size 3x14
                  text run at (0,0) width 3: " "
            RenderTableCell {TD} at (7,378) size 7x14 [bgcolor=#FDFDFB] [r=27 c=1 rs=1 cs=1]
              RenderInline {FONT} at (0,0) size 3x14
                RenderText {#text} at (0,0) size 3x14
                  text run at (0,0) width 3: " "
            RenderTableCell {TD} at (14,378) size 7x14 [bgcolor=#FDFDFB] [r=27 c=2 rs=1 cs=1]
              RenderInline {FONT} at (0,0) size 3x14
                RenderText {#text} at (0,0) size 3x14
                  text run at (0,0) width 3: " "
            RenderTableCell {TD} at (21,378) size 7x14 [bgcolor=#FDFDFB] [r=27 c=3 rs=1 cs=1]
              RenderInline {FONT} at (0,0) size 3x14
                RenderText {#text} at (0,0) size 3x14
                  text run at (0,0) width 3: " "
            RenderTableCell {TD} at (28,378) size 7x14 [bgcolor=#FDFDFB] [r=27 c=4 rs=1 cs=1]
              RenderInline {FONT} at (0,0) size 3x14
                RenderText {#text} at (0,0) size 3x14
                  text run at (0,0) width 3: " "
            RenderTableCell {TD} at (35,378) size 7x14 [bgcolor=#FDFDFB] [r=27 c=5 rs=1 cs=1]
              RenderInline {FONT} at (0,0) size 3x14
                RenderText {#text} at (0,0) size 3x14
                  text run at (0,0) width 3: " "
            RenderTableCell {TD} at (42,378) size 7x14 [bgcolor=#FDFDFB] [r=27 c=6 rs=1 cs=1]
              RenderInline {FONT} at (0,0) size 3x14
                RenderText {#text} at (0,0) size 3x14
                  text run at (0,0) width 3: " "
            RenderTableCell {TD} at (49,378) size 7x14 [bgcolor=#FDFDFB] [r=27 c=7 rs=1 cs=1]
              RenderInline {FONT} at (0,0) size 3x14
                RenderText {#text} at (0,0) size 3x14
                  text run at (0,0) width 3: " "
            RenderTableCell {TD} at (56,378) size 7x14 [bgcolor=#FDFDFB] [r=27 c=8 rs=1 cs=1]
              RenderInline {FONT} at (0,0) size 3x14
                RenderText {#text} at (0,0) size 3x14
                  text run at (0,0) width 3: " "
            RenderTableCell {TD} at (63,378) size 7x14 [bgcolor=#FDFDFB] [r=27 c=9 rs=1 cs=1]
              RenderInline {FONT} at (0,0) size 3x14
                RenderText {#text} at (0,0) size 3x14
                  text run at (0,0) width 3: " "
            RenderTableCell {TD} at (70,378) size 7x14 [bgcolor=#FDFDFB] [r=27 c=10 rs=1 cs=1]
              RenderInline {FONT} at (0,0) size 3x14
                RenderText {#text} at (0,0) size 3x14
                  text run at (0,0) width 3: " "
            RenderTableCell {TD} at (77,378) size 7x14 [bgcolor=#FDFDFB] [r=27 c=11 rs=1 cs=1]
              RenderInline {FONT} at (0,0) size 3x14
                RenderText {#text} at (0,0) size 3x14
                  text run at (0,0) width 3: " "
            RenderTableCell {TD} at (84,378) size 7x14 [bgcolor=#FDFDFB] [r=27 c=12 rs=1 cs=1]
              RenderInline {FONT} at (0,0) size 3x14
                RenderText {#text} at (0,0) size 3x14
                  text run at (0,0) width 3: " "
            RenderTableCell {TD} at (91,378) size 7x14 [bgcolor=#EDEEEF] [r=27 c=13 rs=1 cs=1]
              RenderInline {FONT} at (0,0) size 3x14
                RenderText {#text} at (0,0) size 3x14
                  text run at (0,0) width 3: " "
            RenderTableCell {TD} at (98,378) size 7x14 [bgcolor=#EDEEEF] [r=27 c=14 rs=1 cs=1]
              RenderInline {FONT} at (0,0) size 3x14
                RenderText {#text} at (0,0) size 3x14
                  text run at (0,0) width 3: " "
            RenderTableCell {TD} at (105,378) size 7x14 [bgcolor=#EDEEEF] [r=27 c=15 rs=1 cs=1]
              RenderInline {FONT} at (0,0) size 3x14
                RenderText {#text} at (0,0) size 3x14
                  text run at (0,0) width 3: " "
            RenderTableCell {TD} at (112,378) size 8x14 [bgcolor=#EDEEEF] [r=27 c=16 rs=1 cs=1]
              RenderInline {FONT} at (0,0) size 3x14
                RenderText {#text} at (0,0) size 3x14
                  text run at (0,0) width 3: " "
            RenderTableCell {TD} at (120,378) size 8x14 [bgcolor=#EDEEEF] [r=27 c=17 rs=1 cs=1]
              RenderInline {FONT} at (0,0) size 3x14
                RenderText {#text} at (0,0) size 3x14
                  text run at (0,0) width 3: " "
            RenderTableCell {TD} at (128,378) size 8x14 [bgcolor=#EDEEEF] [r=27 c=18 rs=1 cs=1]
              RenderInline {FONT} at (0,0) size 3x14
                RenderText {#text} at (0,0) size 3x14
                  text run at (0,0) width 3: " "
            RenderTableCell {TD} at (136,378) size 8x14 [bgcolor=#EDEEEF] [r=27 c=19 rs=1 cs=1]
              RenderInline {FONT} at (0,0) size 3x14
                RenderText {#text} at (0,0) size 3x14
                  text run at (0,0) width 3: " "
            RenderTableCell {TD} at (144,378) size 8x14 [bgcolor=#EDEEEF] [r=27 c=20 rs=1 cs=1]
              RenderInline {FONT} at (0,0) size 3x14
                RenderText {#text} at (0,0) size 3x14
                  text run at (0,0) width 3: " "
            RenderTableCell {TD} at (152,378) size 8x14 [bgcolor=#EDEEEF] [r=27 c=21 rs=1 cs=1]
              RenderInline {FONT} at (0,0) size 3x14
                RenderText {#text} at (0,0) size 3x14
                  text run at (0,0) width 3: " "
            RenderTableCell {TD} at (160,378) size 8x14 [bgcolor=#EDEEEF] [r=27 c=22 rs=1 cs=1]
              RenderInline {FONT} at (0,0) size 3x14
                RenderText {#text} at (0,0) size 3x14
                  text run at (0,0) width 3: " "
            RenderTableCell {TD} at (168,378) size 8x14 [bgcolor=#FDFDFB] [r=27 c=23 rs=1 cs=1]
              RenderInline {FONT} at (0,0) size 3x14
                RenderText {#text} at (0,0) size 3x14
                  text run at (0,0) width 3: " "
            RenderTableCell {TD} at (176,378) size 8x14 [bgcolor=#FDFDFB] [r=27 c=24 rs=1 cs=1]
              RenderInline {FONT} at (0,0) size 3x14
                RenderText {#text} at (0,0) size 3x14
                  text run at (0,0) width 3: " "
            RenderTableCell {TD} at (184,378) size 8x14 [bgcolor=#FDFDFB] [r=27 c=25 rs=1 cs=1]
              RenderInline {FONT} at (0,0) size 3x14
                RenderText {#text} at (0,0) size 3x14
                  text run at (0,0) width 3: " "
            RenderTableCell {TD} at (192,378) size 8x14 [bgcolor=#FDFDFB] [r=27 c=26 rs=1 cs=1]
              RenderInline {FONT} at (0,0) size 3x14
                RenderText {#text} at (0,0) size 3x14
                  text run at (0,0) width 3: " "
            RenderTableCell {TD} at (200,378) size 8x14 [bgcolor=#FDFDFB] [r=27 c=27 rs=1 cs=1]
              RenderInline {FONT} at (0,0) size 3x14
                RenderText {#text} at (0,0) size 3x14
                  text run at (0,0) width 3: " "
            RenderTableCell {TD} at (208,378) size 8x14 [bgcolor=#FDFDFB] [r=27 c=28 rs=1 cs=1]
              RenderInline {FONT} at (0,0) size 3x14
                RenderText {#text} at (0,0) size 3x14
                  text run at (0,0) width 3: " "
            RenderTableCell {TD} at (216,378) size 8x14 [bgcolor=#FDFDFB] [r=27 c=29 rs=1 cs=1]
              RenderInline {FONT} at (0,0) size 3x14
                RenderText {#text} at (0,0) size 3x14
                  text run at (0,0) width 3: " "
            RenderTableCell {TD} at (224,378) size 8x14 [bgcolor=#FDFDFB] [r=27 c=30 rs=1 cs=1]
              RenderInline {FONT} at (0,0) size 3x14
                RenderText {#text} at (0,0) size 3x14
                  text run at (0,0) width 3: " "
            RenderTableCell {TD} at (232,378) size 8x14 [bgcolor=#FDFDFB] [r=27 c=31 rs=1 cs=1]
              RenderInline {FONT} at (0,0) size 3x14
                RenderText {#text} at (0,0) size 3x14
                  text run at (0,0) width 3: " "
            RenderTableCell {TD} at (240,378) size 8x14 [bgcolor=#FDFDFB] [r=27 c=32 rs=1 cs=1]
              RenderInline {FONT} at (0,0) size 3x14
                RenderText {#text} at (0,0) size 3x14
                  text run at (0,0) width 3: " "
            RenderTableCell {TD} at (248,378) size 8x14 [bgcolor=#FDFDFB] [r=27 c=33 rs=1 cs=1]
              RenderInline {FONT} at (0,0) size 3x14
                RenderText {#text} at (0,0) size 3x14
                  text run at (0,0) width 3: " "
            RenderTableCell {TD} at (256,378) size 8x14 [bgcolor=#FDFDFB] [r=27 c=34 rs=1 cs=1]
              RenderInline {FONT} at (0,0) size 3x14
                RenderText {#text} at (0,0) size 3x14
                  text run at (0,0) width 3: " "
            RenderTableCell {TD} at (264,378) size 8x14 [bgcolor=#FDFDFB] [r=27 c=35 rs=1 cs=1]
              RenderInline {FONT} at (0,0) size 3x14
                RenderText {#text} at (0,0) size 3x14
                  text run at (0,0) width 3: " "
            RenderTableCell {TD} at (272,378) size 8x14 [bgcolor=#FDFDFB] [r=27 c=36 rs=1 cs=1]
              RenderInline {FONT} at (0,0) size 3x14
                RenderText {#text} at (0,0) size 3x14
                  text run at (0,0) width 3: " "
            RenderTableCell {TD} at (280,378) size 8x14 [bgcolor=#FDFDFB] [r=27 c=37 rs=1 cs=1]
              RenderInline {FONT} at (0,0) size 3x14
                RenderText {#text} at (0,0) size 3x14
                  text run at (0,0) width 3: " "
            RenderTableCell {TD} at (288,378) size 8x14 [bgcolor=#FDFDFB] [r=27 c=38 rs=1 cs=1]
              RenderInline {FONT} at (0,0) size 3x14
                RenderText {#text} at (0,0) size 3x14
                  text run at (0,0) width 3: " "
            RenderTableCell {TD} at (296,378) size 8x14 [bgcolor=#FDFDFB] [r=27 c=39 rs=1 cs=1]
              RenderInline {FONT} at (0,0) size 3x14
                RenderText {#text} at (0,0) size 3x14
                  text run at (0,0) width 3: " "
            RenderTableCell {TD} at (304,378) size 8x14 [bgcolor=#FDFDFB] [r=27 c=40 rs=1 cs=1]
              RenderInline {FONT} at (0,0) size 3x14
                RenderText {#text} at (0,0) size 3x14
                  text run at (0,0) width 3: " "
            RenderTableCell {TD} at (312,378) size 8x14 [bgcolor=#FDFDFB] [r=27 c=41 rs=1 cs=1]
              RenderInline {FONT} at (0,0) size 3x14
                RenderText {#text} at (0,0) size 3x14
                  text run at (0,0) width 3: " "
            RenderTableCell {TD} at (320,378) size 8x14 [bgcolor=#FDFDFB] [r=27 c=42 rs=1 cs=1]
              RenderInline {FONT} at (0,0) size 3x14
                RenderText {#text} at (0,0) size 3x14
                  text run at (0,0) width 3: " "
            RenderTableCell {TD} at (328,378) size 8x14 [bgcolor=#FDFDFB] [r=27 c=43 rs=1 cs=1]
              RenderInline {FONT} at (0,0) size 3x14
                RenderText {#text} at (0,0) size 3x14
                  text run at (0,0) width 3: " "
            RenderTableCell {TD} at (336,378) size 8x14 [bgcolor=#FDFDFB] [r=27 c=44 rs=1 cs=1]
              RenderInline {FONT} at (0,0) size 3x14
                RenderText {#text} at (0,0) size 3x14
                  text run at (0,0) width 3: " "
            RenderTableCell {TD} at (344,378) size 8x14 [bgcolor=#FDFDFB] [r=27 c=45 rs=1 cs=1]
              RenderInline {FONT} at (0,0) size 3x14
                RenderText {#text} at (0,0) size 3x14
                  text run at (0,0) width 3: " "
            RenderTableCell {TD} at (352,378) size 8x14 [bgcolor=#FDFDFB] [r=27 c=46 rs=1 cs=1]
              RenderInline {FONT} at (0,0) size 3x14
                RenderText {#text} at (0,0) size 3x14
                  text run at (0,0) width 3: " "
            RenderTableCell {TD} at (360,378) size 8x14 [bgcolor=#FDFDFB] [r=27 c=47 rs=1 cs=1]
              RenderInline {FONT} at (0,0) size 3x14
                RenderText {#text} at (0,0) size 3x14
                  text run at (0,0) width 3: " "
            RenderTableCell {TD} at (368,378) size 8x14 [bgcolor=#FDFDFB] [r=27 c=48 rs=1 cs=1]
              RenderInline {FONT} at (0,0) size 3x14
                RenderText {#text} at (0,0) size 3x14
                  text run at (0,0) width 3: " "
            RenderTableCell {TD} at (376,378) size 8x14 [bgcolor=#FDFDFB] [r=27 c=49 rs=1 cs=1]
              RenderInline {FONT} at (0,0) size 3x14
                RenderText {#text} at (0,0) size 3x14
                  text run at (0,0) width 3: " "
            RenderTableCell {TD} at (384,378) size 8x14 [bgcolor=#FDFDFB] [r=27 c=50 rs=1 cs=1]
              RenderInline {FONT} at (0,0) size 3x14
                RenderText {#text} at (0,0) size 3x14
                  text run at (0,0) width 3: " "
            RenderTableCell {TD} at (392,378) size 8x14 [bgcolor=#FDFDFB] [r=27 c=51 rs=1 cs=1]
              RenderInline {FONT} at (0,0) size 3x14
                RenderText {#text} at (0,0) size 3x14
                  text run at (0,0) width 3: " "
            RenderTableCell {TD} at (400,378) size 8x14 [bgcolor=#FDFDFB] [r=27 c=52 rs=1 cs=1]
              RenderInline {FONT} at (0,0) size 3x14
                RenderText {#text} at (0,0) size 3x14
                  text run at (0,0) width 3: " "
            RenderTableCell {TD} at (408,378) size 8x14 [bgcolor=#FDFDFB] [r=27 c=53 rs=1 cs=1]
              RenderInline {FONT} at (0,0) size 3x14
                RenderText {#text} at (0,0) size 3x14
                  text run at (0,0) width 3: " "
            RenderTableCell {TD} at (416,378) size 8x14 [bgcolor=#FDFDFB] [r=27 c=54 rs=1 cs=1]
              RenderInline {FONT} at (0,0) size 3x14
                RenderText {#text} at (0,0) size 3x14
                  text run at (0,0) width 3: " "
            RenderTableCell {TD} at (424,378) size 8x14 [bgcolor=#FDFDFB] [r=27 c=55 rs=1 cs=1]
              RenderInline {FONT} at (0,0) size 3x14
                RenderText {#text} at (0,0) size 3x14
                  text run at (0,0) width 3: " "
            RenderTableCell {TD} at (432,378) size 8x14 [bgcolor=#FDFDFB] [r=27 c=56 rs=1 cs=1]
              RenderInline {FONT} at (0,0) size 3x14
                RenderText {#text} at (0,0) size 3x14
                  text run at (0,0) width 3: " "
            RenderTableCell {TD} at (440,378) size 8x14 [bgcolor=#FDFDFB] [r=27 c=57 rs=1 cs=1]
              RenderInline {FONT} at (0,0) size 3x14
                RenderText {#text} at (0,0) size 3x14
                  text run at (0,0) width 3: " "
            RenderTableCell {TD} at (448,378) size 8x14 [bgcolor=#FDFDFB] [r=27 c=58 rs=1 cs=1]
              RenderInline {FONT} at (0,0) size 3x14
                RenderText {#text} at (0,0) size 3x14
                  text run at (0,0) width 3: " "
            RenderTableCell {TD} at (456,378) size 8x14 [bgcolor=#FDFDFB] [r=27 c=59 rs=1 cs=1]
              RenderInline {FONT} at (0,0) size 3x14
                RenderText {#text} at (0,0) size 3x14
                  text run at (0,0) width 3: " "
            RenderTableCell {TD} at (464,378) size 8x14 [bgcolor=#FDFDFB] [r=27 c=60 rs=1 cs=1]
              RenderInline {FONT} at (0,0) size 3x14
                RenderText {#text} at (0,0) size 3x14
                  text run at (0,0) width 3: " "
            RenderTableCell {TD} at (472,378) size 8x14 [bgcolor=#FDFDFB] [r=27 c=61 rs=1 cs=1]
              RenderInline {FONT} at (0,0) size 3x14
                RenderText {#text} at (0,0) size 3x14
                  text run at (0,0) width 3: " "
            RenderTableCell {TD} at (480,378) size 8x14 [bgcolor=#FDFDFB] [r=27 c=62 rs=1 cs=1]
              RenderInline {FONT} at (0,0) size 3x14
                RenderText {#text} at (0,0) size 3x14
                  text run at (0,0) width 3: " "
            RenderTableCell {TD} at (488,378) size 8x14 [bgcolor=#FDFDFB] [r=27 c=63 rs=1 cs=1]
              RenderInline {FONT} at (0,0) size 3x14
                RenderText {#text} at (0,0) size 3x14
                  text run at (0,0) width 3: " "
            RenderTableCell {TD} at (496,378) size 8x14 [bgcolor=#FDFDFB] [r=27 c=64 rs=1 cs=1]
              RenderInline {FONT} at (0,0) size 3x14
                RenderText {#text} at (0,0) size 3x14
                  text run at (0,0) width 3: " "
            RenderTableCell {TD} at (504,378) size 8x14 [bgcolor=#B6D8D7] [r=27 c=65 rs=1 cs=1]
              RenderInline {FONT} at (0,0) size 3x14
                RenderText {#text} at (0,0) size 3x14
                  text run at (0,0) width 3: " "
            RenderTableCell {TD} at (512,378) size 8x14 [bgcolor=#5CADAE] [r=27 c=66 rs=1 cs=1]
              RenderInline {FONT} at (0,0) size 3x14
                RenderText {#text} at (0,0) size 3x14
                  text run at (0,0) width 3: " "
            RenderTableCell {TD} at (520,378) size 8x14 [bgcolor=#7DBAB9] [r=27 c=67 rs=1 cs=1]
              RenderInline {FONT} at (0,0) size 3x14
                RenderText {#text} at (0,0) size 3x14
                  text run at (0,0) width 3: " "
            RenderTableCell {TD} at (528,378) size 8x14 [bgcolor=#97C1C0] [r=27 c=68 rs=1 cs=1]
              RenderInline {FONT} at (0,0) size 3x14
                RenderText {#text} at (0,0) size 3x14
                  text run at (0,0) width 3: " "
            RenderTableCell {TD} at (536,378) size 8x14 [bgcolor=#A4CCCC] [r=27 c=69 rs=1 cs=1]
              RenderInline {FONT} at (0,0) size 3x14
                RenderText {#text} at (0,0) size 3x14
                  text run at (0,0) width 3: " "
            RenderTableCell {TD} at (544,378) size 8x14 [bgcolor=#B6D0D1] [r=27 c=70 rs=1 cs=1]
              RenderInline {FONT} at (0,0) size 3x14
                RenderText {#text} at (0,0) size 3x14
                  text run at (0,0) width 3: " "
            RenderTableCell {TD} at (552,378) size 8x14 [bgcolor=#B6D0D1] [r=27 c=71 rs=1 cs=1]
              RenderInline {FONT} at (0,0) size 3x14
                RenderText {#text} at (0,0) size 3x14
                  text run at (0,0) width 3: " "
            RenderTableCell {TD} at (560,378) size 8x14 [bgcolor=#B6D0D1] [r=27 c=72 rs=1 cs=1]
              RenderInline {FONT} at (0,0) size 3x14
                RenderText {#text} at (0,0) size 3x14
                  text run at (0,0) width 3: " "
            RenderTableCell {TD} at (568,378) size 8x14 [bgcolor=#B6D0D1] [r=27 c=73 rs=1 cs=1]
              RenderInline {FONT} at (0,0) size 3x14
                RenderText {#text} at (0,0) size 3x14
                  text run at (0,0) width 3: " "
            RenderTableCell {TD} at (576,378) size 8x14 [bgcolor=#BEC2C2] [r=27 c=74 rs=1 cs=1]
              RenderInline {FONT} at (0,0) size 3x14
                RenderText {#text} at (0,0) size 3x14
                  text run at (0,0) width 3: " "
            RenderTableCell {TD} at (584,378) size 8x14 [bgcolor=#A2B5B4] [r=27 c=75 rs=1 cs=1]
              RenderInline {FONT} at (0,0) size 3x14
                RenderText {#text} at (0,0) size 3x14
                  text run at (0,0) width 3: " "
            RenderTableCell {TD} at (592,378) size 8x14 [bgcolor=#60A2A3] [r=27 c=76 rs=1 cs=1]
              RenderInline {FONT} at (0,0) size 3x14
                RenderText {#text} at (0,0) size 3x14
                  text run at (0,0) width 3: " "
            RenderTableCell {TD} at (600,378) size 8x14 [bgcolor=#1B8685] [r=27 c=77 rs=1 cs=1]
              RenderInline {FONT} at (0,0) size 3x14
                RenderText {#text} at (0,0) size 3x14
                  text run at (0,0) width 3: " "
            RenderTableCell {TD} at (608,378) size 8x14 [bgcolor=#027777] [r=27 c=78 rs=1 cs=1]
              RenderInline {FONT} at (0,0) size 3x14
                RenderText {#text} at (0,0) size 3x14
                  text run at (0,0) width 3: " "
            RenderTableCell {TD} at (616,378) size 8x14 [bgcolor=#026766] [r=27 c=79 rs=1 cs=1]
              RenderInline {FONT} at (0,0) size 3x14
                RenderText {#text} at (0,0) size 3x14
                  text run at (0,0) width 3: " "
            RenderTableCell {TD} at (624,378) size 8x14 [bgcolor=#026766] [r=27 c=80 rs=1 cs=1]
              RenderInline {FONT} at (0,0) size 3x14
                RenderText {#text} at (0,0) size 3x14
                  text run at (0,0) width 3: " "
            RenderTableCell {TD} at (632,378) size 8x14 [bgcolor=#026766] [r=27 c=81 rs=1 cs=1]
              RenderInline {FONT} at (0,0) size 3x14
                RenderText {#text} at (0,0) size 3x14
                  text run at (0,0) width 3: " "
            RenderTableCell {TD} at (640,378) size 8x14 [bgcolor=#026766] [r=27 c=82 rs=1 cs=1]
              RenderInline {FONT} at (0,0) size 3x14
                RenderText {#text} at (0,0) size 3x14
                  text run at (0,0) width 3: " "
            RenderTableCell {TD} at (648,378) size 8x14 [bgcolor=#026766] [r=27 c=83 rs=1 cs=1]
              RenderInline {FONT} at (0,0) size 3x14
                RenderText {#text} at (0,0) size 3x14
                  text run at (0,0) width 3: " "
            RenderTableCell {TD} at (656,378) size 8x14 [bgcolor=#026766] [r=27 c=84 rs=1 cs=1]
              RenderInline {FONT} at (0,0) size 3x14
                RenderText {#text} at (0,0) size 3x14
                  text run at (0,0) width 3: " "
            RenderTableCell {TD} at (664,378) size 8x14 [bgcolor=#026766] [r=27 c=85 rs=1 cs=1]
              RenderInline {FONT} at (0,0) size 3x14
                RenderText {#text} at (0,0) size 3x14
                  text run at (0,0) width 3: " "
            RenderTableCell {TD} at (672,378) size 8x14 [bgcolor=#025E5E] [r=27 c=86 rs=1 cs=1]
              RenderInline {FONT} at (0,0) size 3x14
                RenderText {#text} at (0,0) size 3x14
                  text run at (0,0) width 3: " "
            RenderTableCell {TD} at (680,378) size 8x14 [bgcolor=#025E5E] [r=27 c=87 rs=1 cs=1]
              RenderInline {FONT} at (0,0) size 3x14
                RenderText {#text} at (0,0) size 3x14
                  text run at (0,0) width 3: " "
            RenderTableCell {TD} at (688,378) size 8x14 [bgcolor=#025E5E] [r=27 c=88 rs=1 cs=1]
              RenderInline {FONT} at (0,0) size 3x14
                RenderText {#text} at (0,0) size 3x14
                  text run at (0,0) width 3: " "
            RenderTableCell {TD} at (696,378) size 8x14 [bgcolor=#025E5E] [r=27 c=89 rs=1 cs=1]
              RenderInline {FONT} at (0,0) size 3x14
                RenderText {#text} at (0,0) size 3x14
                  text run at (0,0) width 3: " "
            RenderTableCell {TD} at (704,378) size 8x14 [bgcolor=#044F4F] [r=27 c=90 rs=1 cs=1]
              RenderInline {FONT} at (0,0) size 3x14
                RenderText {#text} at (0,0) size 3x14
                  text run at (0,0) width 3: " "
            RenderTableCell {TD} at (712,378) size 8x14 [bgcolor=#044140] [r=27 c=91 rs=1 cs=1]
              RenderInline {FONT} at (0,0) size 3x14
                RenderText {#text} at (0,0) size 3x14
                  text run at (0,0) width 3: " "
            RenderTableCell {TD} at (720,378) size 8x14 [bgcolor=#072323] [r=27 c=92 rs=1 cs=1]
              RenderInline {FONT} at (0,0) size 3x14
                RenderText {#text} at (0,0) size 3x14
                  text run at (0,0) width 3: " "
            RenderTableCell {TD} at (728,378) size 8x14 [bgcolor=#4D4F4F] [r=27 c=93 rs=1 cs=1]
              RenderInline {FONT} at (0,0) size 3x14
                RenderText {#text} at (0,0) size 3x14
                  text run at (0,0) width 3: " "
            RenderTableCell {TD} at (736,378) size 8x14 [bgcolor=#848788] [r=27 c=94 rs=1 cs=1]
              RenderInline {FONT} at (0,0) size 3x14
                RenderText {#text} at (0,0) size 3x14
                  text run at (0,0) width 3: " "
            RenderTableCell {TD} at (744,378) size 8x14 [bgcolor=#BEC2C2] [r=27 c=95 rs=1 cs=1]
              RenderInline {FONT} at (0,0) size 3x14
                RenderText {#text} at (0,0) size 3x14
                  text run at (0,0) width 3: " "
            RenderTableCell {TD} at (752,378) size 8x14 [bgcolor=#EDEEEF] [r=27 c=96 rs=1 cs=1]
              RenderInline {FONT} at (0,0) size 3x14
                RenderText {#text} at (0,0) size 3x14
                  text run at (0,0) width 3: " "
            RenderTableCell {TD} at (760,378) size 8x14 [bgcolor=#FDFDFB] [r=27 c=97 rs=1 cs=1]
              RenderInline {FONT} at (0,0) size 3x14
                RenderText {#text} at (0,0) size 3x14
                  text run at (0,0) width 3: " "
            RenderTableCell {TD} at (768,378) size 8x14 [bgcolor=#FDFDFB] [r=27 c=98 rs=1 cs=1]
              RenderInline {FONT} at (0,0) size 3x14
                RenderText {#text} at (0,0) size 3x14
                  text run at (0,0) width 3: " "
            RenderTableCell {TD} at (776,378) size 8x14 [bgcolor=#FDFDFB] [r=27 c=99 rs=1 cs=1]
              RenderInline {FONT} at (0,0) size 3x14
                RenderText {#text} at (0,0) size 3x14
                  text run at (0,0) width 3: " "
          RenderTableRow {TR} at (0,392) size 784x14
            RenderTableCell {TD} at (0,392) size 7x14 [bgcolor=#FDFDFB] [r=28 c=0 rs=1 cs=1]
              RenderInline {FONT} at (0,0) size 3x14
                RenderText {#text} at (0,0) size 3x14
                  text run at (0,0) width 3: " "
            RenderTableCell {TD} at (7,392) size 7x14 [bgcolor=#FDFDFB] [r=28 c=1 rs=1 cs=1]
              RenderInline {FONT} at (0,0) size 3x14
                RenderText {#text} at (0,0) size 3x14
                  text run at (0,0) width 3: " "
            RenderTableCell {TD} at (14,392) size 7x14 [bgcolor=#FDFDFB] [r=28 c=2 rs=1 cs=1]
              RenderInline {FONT} at (0,0) size 3x14
                RenderText {#text} at (0,0) size 3x14
                  text run at (0,0) width 3: " "
            RenderTableCell {TD} at (21,392) size 7x14 [bgcolor=#FDFDFB] [r=28 c=3 rs=1 cs=1]
              RenderInline {FONT} at (0,0) size 3x14
                RenderText {#text} at (0,0) size 3x14
                  text run at (0,0) width 3: " "
            RenderTableCell {TD} at (28,392) size 7x14 [bgcolor=#FDFDFB] [r=28 c=4 rs=1 cs=1]
              RenderInline {FONT} at (0,0) size 3x14
                RenderText {#text} at (0,0) size 3x14
                  text run at (0,0) width 3: " "
            RenderTableCell {TD} at (35,392) size 7x14 [bgcolor=#FDFDFB] [r=28 c=5 rs=1 cs=1]
              RenderInline {FONT} at (0,0) size 3x14
                RenderText {#text} at (0,0) size 3x14
                  text run at (0,0) width 3: " "
            RenderTableCell {TD} at (42,392) size 7x14 [bgcolor=#FDFDFB] [r=28 c=6 rs=1 cs=1]
              RenderInline {FONT} at (0,0) size 3x14
                RenderText {#text} at (0,0) size 3x14
                  text run at (0,0) width 3: " "
            RenderTableCell {TD} at (49,392) size 7x14 [bgcolor=#FDFDFB] [r=28 c=7 rs=1 cs=1]
              RenderInline {FONT} at (0,0) size 3x14
                RenderText {#text} at (0,0) size 3x14
                  text run at (0,0) width 3: " "
            RenderTableCell {TD} at (56,392) size 7x14 [bgcolor=#FDFDFB] [r=28 c=8 rs=1 cs=1]
              RenderInline {FONT} at (0,0) size 3x14
                RenderText {#text} at (0,0) size 3x14
                  text run at (0,0) width 3: " "
            RenderTableCell {TD} at (63,392) size 7x14 [bgcolor=#FDFDFB] [r=28 c=9 rs=1 cs=1]
              RenderInline {FONT} at (0,0) size 3x14
                RenderText {#text} at (0,0) size 3x14
                  text run at (0,0) width 3: " "
            RenderTableCell {TD} at (70,392) size 7x14 [bgcolor=#FDFDFB] [r=28 c=10 rs=1 cs=1]
              RenderInline {FONT} at (0,0) size 3x14
                RenderText {#text} at (0,0) size 3x14
                  text run at (0,0) width 3: " "
            RenderTableCell {TD} at (77,392) size 7x14 [bgcolor=#FDFDFB] [r=28 c=11 rs=1 cs=1]
              RenderInline {FONT} at (0,0) size 3x14
                RenderText {#text} at (0,0) size 3x14
                  text run at (0,0) width 3: " "
            RenderTableCell {TD} at (84,392) size 7x14 [bgcolor=#FDFDFB] [r=28 c=12 rs=1 cs=1]
              RenderInline {FONT} at (0,0) size 3x14
                RenderText {#text} at (0,0) size 3x14
                  text run at (0,0) width 3: " "
            RenderTableCell {TD} at (91,392) size 7x14 [bgcolor=#FDFDFB] [r=28 c=13 rs=1 cs=1]
              RenderInline {FONT} at (0,0) size 3x14
                RenderText {#text} at (0,0) size 3x14
                  text run at (0,0) width 3: " "
            RenderTableCell {TD} at (98,392) size 7x14 [bgcolor=#FDFDFB] [r=28 c=14 rs=1 cs=1]
              RenderInline {FONT} at (0,0) size 3x14
                RenderText {#text} at (0,0) size 3x14
                  text run at (0,0) width 3: " "
            RenderTableCell {TD} at (105,392) size 7x14 [bgcolor=#FDFDFB] [r=28 c=15 rs=1 cs=1]
              RenderInline {FONT} at (0,0) size 3x14
                RenderText {#text} at (0,0) size 3x14
                  text run at (0,0) width 3: " "
            RenderTableCell {TD} at (112,392) size 8x14 [bgcolor=#FDFDFB] [r=28 c=16 rs=1 cs=1]
              RenderInline {FONT} at (0,0) size 3x14
                RenderText {#text} at (0,0) size 3x14
                  text run at (0,0) width 3: " "
            RenderTableCell {TD} at (120,392) size 8x14 [bgcolor=#FDFDFB] [r=28 c=17 rs=1 cs=1]
              RenderInline {FONT} at (0,0) size 3x14
                RenderText {#text} at (0,0) size 3x14
                  text run at (0,0) width 3: " "
            RenderTableCell {TD} at (128,392) size 8x14 [bgcolor=#FDFDFB] [r=28 c=18 rs=1 cs=1]
              RenderInline {FONT} at (0,0) size 3x14
                RenderText {#text} at (0,0) size 3x14
                  text run at (0,0) width 3: " "
            RenderTableCell {TD} at (136,392) size 8x14 [bgcolor=#FDFDFB] [r=28 c=19 rs=1 cs=1]
              RenderInline {FONT} at (0,0) size 3x14
                RenderText {#text} at (0,0) size 3x14
                  text run at (0,0) width 3: " "
            RenderTableCell {TD} at (144,392) size 8x14 [bgcolor=#FDFDFB] [r=28 c=20 rs=1 cs=1]
              RenderInline {FONT} at (0,0) size 3x14
                RenderText {#text} at (0,0) size 3x14
                  text run at (0,0) width 3: " "
            RenderTableCell {TD} at (152,392) size 8x14 [bgcolor=#FDFDFB] [r=28 c=21 rs=1 cs=1]
              RenderInline {FONT} at (0,0) size 3x14
                RenderText {#text} at (0,0) size 3x14
                  text run at (0,0) width 3: " "
            RenderTableCell {TD} at (160,392) size 8x14 [bgcolor=#FDFDFB] [r=28 c=22 rs=1 cs=1]
              RenderInline {FONT} at (0,0) size 3x14
                RenderText {#text} at (0,0) size 3x14
                  text run at (0,0) width 3: " "
            RenderTableCell {TD} at (168,392) size 8x14 [bgcolor=#FDFDFB] [r=28 c=23 rs=1 cs=1]
              RenderInline {FONT} at (0,0) size 3x14
                RenderText {#text} at (0,0) size 3x14
                  text run at (0,0) width 3: " "
            RenderTableCell {TD} at (176,392) size 8x14 [bgcolor=#FDFDFB] [r=28 c=24 rs=1 cs=1]
              RenderInline {FONT} at (0,0) size 3x14
                RenderText {#text} at (0,0) size 3x14
                  text run at (0,0) width 3: " "
            RenderTableCell {TD} at (184,392) size 8x14 [bgcolor=#FDFDFB] [r=28 c=25 rs=1 cs=1]
              RenderInline {FONT} at (0,0) size 3x14
                RenderText {#text} at (0,0) size 3x14
                  text run at (0,0) width 3: " "
            RenderTableCell {TD} at (192,392) size 8x14 [bgcolor=#FDFDFB] [r=28 c=26 rs=1 cs=1]
              RenderInline {FONT} at (0,0) size 3x14
                RenderText {#text} at (0,0) size 3x14
                  text run at (0,0) width 3: " "
            RenderTableCell {TD} at (200,392) size 8x14 [bgcolor=#FDFDFB] [r=28 c=27 rs=1 cs=1]
              RenderInline {FONT} at (0,0) size 3x14
                RenderText {#text} at (0,0) size 3x14
                  text run at (0,0) width 3: " "
            RenderTableCell {TD} at (208,392) size 8x14 [bgcolor=#FDFDFB] [r=28 c=28 rs=1 cs=1]
              RenderInline {FONT} at (0,0) size 3x14
                RenderText {#text} at (0,0) size 3x14
                  text run at (0,0) width 3: " "
            RenderTableCell {TD} at (216,392) size 8x14 [bgcolor=#FDFDFB] [r=28 c=29 rs=1 cs=1]
              RenderInline {FONT} at (0,0) size 3x14
                RenderText {#text} at (0,0) size 3x14
                  text run at (0,0) width 3: " "
            RenderTableCell {TD} at (224,392) size 8x14 [bgcolor=#FDFDFB] [r=28 c=30 rs=1 cs=1]
              RenderInline {FONT} at (0,0) size 3x14
                RenderText {#text} at (0,0) size 3x14
                  text run at (0,0) width 3: " "
            RenderTableCell {TD} at (232,392) size 8x14 [bgcolor=#FDFDFB] [r=28 c=31 rs=1 cs=1]
              RenderInline {FONT} at (0,0) size 3x14
                RenderText {#text} at (0,0) size 3x14
                  text run at (0,0) width 3: " "
            RenderTableCell {TD} at (240,392) size 8x14 [bgcolor=#FDFDFB] [r=28 c=32 rs=1 cs=1]
              RenderInline {FONT} at (0,0) size 3x14
                RenderText {#text} at (0,0) size 3x14
                  text run at (0,0) width 3: " "
            RenderTableCell {TD} at (248,392) size 8x14 [bgcolor=#FDFDFB] [r=28 c=33 rs=1 cs=1]
              RenderInline {FONT} at (0,0) size 3x14
                RenderText {#text} at (0,0) size 3x14
                  text run at (0,0) width 3: " "
            RenderTableCell {TD} at (256,392) size 8x14 [bgcolor=#FDFDFB] [r=28 c=34 rs=1 cs=1]
              RenderInline {FONT} at (0,0) size 3x14
                RenderText {#text} at (0,0) size 3x14
                  text run at (0,0) width 3: " "
            RenderTableCell {TD} at (264,392) size 8x14 [bgcolor=#FDFDFB] [r=28 c=35 rs=1 cs=1]
              RenderInline {FONT} at (0,0) size 3x14
                RenderText {#text} at (0,0) size 3x14
                  text run at (0,0) width 3: " "
            RenderTableCell {TD} at (272,392) size 8x14 [bgcolor=#FDFDFB] [r=28 c=36 rs=1 cs=1]
              RenderInline {FONT} at (0,0) size 3x14
                RenderText {#text} at (0,0) size 3x14
                  text run at (0,0) width 3: " "
            RenderTableCell {TD} at (280,392) size 8x14 [bgcolor=#FDFDFB] [r=28 c=37 rs=1 cs=1]
              RenderInline {FONT} at (0,0) size 3x14
                RenderText {#text} at (0,0) size 3x14
                  text run at (0,0) width 3: " "
            RenderTableCell {TD} at (288,392) size 8x14 [bgcolor=#FDFDFB] [r=28 c=38 rs=1 cs=1]
              RenderInline {FONT} at (0,0) size 3x14
                RenderText {#text} at (0,0) size 3x14
                  text run at (0,0) width 3: " "
            RenderTableCell {TD} at (296,392) size 8x14 [bgcolor=#FDFDFB] [r=28 c=39 rs=1 cs=1]
              RenderInline {FONT} at (0,0) size 3x14
                RenderText {#text} at (0,0) size 3x14
                  text run at (0,0) width 3: " "
            RenderTableCell {TD} at (304,392) size 8x14 [bgcolor=#FDFDFB] [r=28 c=40 rs=1 cs=1]
              RenderInline {FONT} at (0,0) size 3x14
                RenderText {#text} at (0,0) size 3x14
                  text run at (0,0) width 3: " "
            RenderTableCell {TD} at (312,392) size 8x14 [bgcolor=#FDFDFB] [r=28 c=41 rs=1 cs=1]
              RenderInline {FONT} at (0,0) size 3x14
                RenderText {#text} at (0,0) size 3x14
                  text run at (0,0) width 3: " "
            RenderTableCell {TD} at (320,392) size 8x14 [bgcolor=#FDFDFB] [r=28 c=42 rs=1 cs=1]
              RenderInline {FONT} at (0,0) size 3x14
                RenderText {#text} at (0,0) size 3x14
                  text run at (0,0) width 3: " "
            RenderTableCell {TD} at (328,392) size 8x14 [bgcolor=#FDFDFB] [r=28 c=43 rs=1 cs=1]
              RenderInline {FONT} at (0,0) size 3x14
                RenderText {#text} at (0,0) size 3x14
                  text run at (0,0) width 3: " "
            RenderTableCell {TD} at (336,392) size 8x14 [bgcolor=#FDFDFB] [r=28 c=44 rs=1 cs=1]
              RenderInline {FONT} at (0,0) size 3x14
                RenderText {#text} at (0,0) size 3x14
                  text run at (0,0) width 3: " "
            RenderTableCell {TD} at (344,392) size 8x14 [bgcolor=#FDFDFB] [r=28 c=45 rs=1 cs=1]
              RenderInline {FONT} at (0,0) size 3x14
                RenderText {#text} at (0,0) size 3x14
                  text run at (0,0) width 3: " "
            RenderTableCell {TD} at (352,392) size 8x14 [bgcolor=#FDFDFB] [r=28 c=46 rs=1 cs=1]
              RenderInline {FONT} at (0,0) size 3x14
                RenderText {#text} at (0,0) size 3x14
                  text run at (0,0) width 3: " "
            RenderTableCell {TD} at (360,392) size 8x14 [bgcolor=#FDFDFB] [r=28 c=47 rs=1 cs=1]
              RenderInline {FONT} at (0,0) size 3x14
                RenderText {#text} at (0,0) size 3x14
                  text run at (0,0) width 3: " "
            RenderTableCell {TD} at (368,392) size 8x14 [bgcolor=#FDFDFB] [r=28 c=48 rs=1 cs=1]
              RenderInline {FONT} at (0,0) size 3x14
                RenderText {#text} at (0,0) size 3x14
                  text run at (0,0) width 3: " "
            RenderTableCell {TD} at (376,392) size 8x14 [bgcolor=#FDFDFB] [r=28 c=49 rs=1 cs=1]
              RenderInline {FONT} at (0,0) size 3x14
                RenderText {#text} at (0,0) size 3x14
                  text run at (0,0) width 3: " "
            RenderTableCell {TD} at (384,392) size 8x14 [bgcolor=#FDFDFB] [r=28 c=50 rs=1 cs=1]
              RenderInline {FONT} at (0,0) size 3x14
                RenderText {#text} at (0,0) size 3x14
                  text run at (0,0) width 3: " "
            RenderTableCell {TD} at (392,392) size 8x14 [bgcolor=#FDFDFB] [r=28 c=51 rs=1 cs=1]
              RenderInline {FONT} at (0,0) size 3x14
                RenderText {#text} at (0,0) size 3x14
                  text run at (0,0) width 3: " "
            RenderTableCell {TD} at (400,392) size 8x14 [bgcolor=#FDFDFB] [r=28 c=52 rs=1 cs=1]
              RenderInline {FONT} at (0,0) size 3x14
                RenderText {#text} at (0,0) size 3x14
                  text run at (0,0) width 3: " "
            RenderTableCell {TD} at (408,392) size 8x14 [bgcolor=#FDFDFB] [r=28 c=53 rs=1 cs=1]
              RenderInline {FONT} at (0,0) size 3x14
                RenderText {#text} at (0,0) size 3x14
                  text run at (0,0) width 3: " "
            RenderTableCell {TD} at (416,392) size 8x14 [bgcolor=#FDFDFB] [r=28 c=54 rs=1 cs=1]
              RenderInline {FONT} at (0,0) size 3x14
                RenderText {#text} at (0,0) size 3x14
                  text run at (0,0) width 3: " "
            RenderTableCell {TD} at (424,392) size 8x14 [bgcolor=#FDFDFB] [r=28 c=55 rs=1 cs=1]
              RenderInline {FONT} at (0,0) size 3x14
                RenderText {#text} at (0,0) size 3x14
                  text run at (0,0) width 3: " "
            RenderTableCell {TD} at (432,392) size 8x14 [bgcolor=#FDFDFB] [r=28 c=56 rs=1 cs=1]
              RenderInline {FONT} at (0,0) size 3x14
                RenderText {#text} at (0,0) size 3x14
                  text run at (0,0) width 3: " "
            RenderTableCell {TD} at (440,392) size 8x14 [bgcolor=#FDFDFB] [r=28 c=57 rs=1 cs=1]
              RenderInline {FONT} at (0,0) size 3x14
                RenderText {#text} at (0,0) size 3x14
                  text run at (0,0) width 3: " "
            RenderTableCell {TD} at (448,392) size 8x14 [bgcolor=#FDFDFB] [r=28 c=58 rs=1 cs=1]
              RenderInline {FONT} at (0,0) size 3x14
                RenderText {#text} at (0,0) size 3x14
                  text run at (0,0) width 3: " "
            RenderTableCell {TD} at (456,392) size 8x14 [bgcolor=#FDFDFB] [r=28 c=59 rs=1 cs=1]
              RenderInline {FONT} at (0,0) size 3x14
                RenderText {#text} at (0,0) size 3x14
                  text run at (0,0) width 3: " "
            RenderTableCell {TD} at (464,392) size 8x14 [bgcolor=#FDFDFB] [r=28 c=60 rs=1 cs=1]
              RenderInline {FONT} at (0,0) size 3x14
                RenderText {#text} at (0,0) size 3x14
                  text run at (0,0) width 3: " "
            RenderTableCell {TD} at (472,392) size 8x14 [bgcolor=#FDFDFB] [r=28 c=61 rs=1 cs=1]
              RenderInline {FONT} at (0,0) size 3x14
                RenderText {#text} at (0,0) size 3x14
                  text run at (0,0) width 3: " "
            RenderTableCell {TD} at (480,392) size 8x14 [bgcolor=#FDFDFB] [r=28 c=62 rs=1 cs=1]
              RenderInline {FONT} at (0,0) size 3x14
                RenderText {#text} at (0,0) size 3x14
                  text run at (0,0) width 3: " "
            RenderTableCell {TD} at (488,392) size 8x14 [bgcolor=#FDFDFB] [r=28 c=63 rs=1 cs=1]
              RenderInline {FONT} at (0,0) size 3x14
                RenderText {#text} at (0,0) size 3x14
                  text run at (0,0) width 3: " "
            RenderTableCell {TD} at (496,392) size 8x14 [bgcolor=#FDFDFB] [r=28 c=64 rs=1 cs=1]
              RenderInline {FONT} at (0,0) size 3x14
                RenderText {#text} at (0,0) size 3x14
                  text run at (0,0) width 3: " "
            RenderTableCell {TD} at (504,392) size 8x14 [bgcolor=#97C1C0] [r=28 c=65 rs=1 cs=1]
              RenderInline {FONT} at (0,0) size 3x14
                RenderText {#text} at (0,0) size 3x14
                  text run at (0,0) width 3: " "
            RenderTableCell {TD} at (512,392) size 8x14 [bgcolor=#048485] [r=28 c=66 rs=1 cs=1]
              RenderInline {FONT} at (0,0) size 3x14
                RenderText {#text} at (0,0) size 3x14
                  text run at (0,0) width 3: " "
            RenderTableCell {TD} at (520,392) size 8x14 [bgcolor=#027777] [r=28 c=67 rs=1 cs=1]
              RenderInline {FONT} at (0,0) size 3x14
                RenderText {#text} at (0,0) size 3x14
                  text run at (0,0) width 3: " "
            RenderTableCell {TD} at (528,392) size 8x14 [bgcolor=#027777] [r=28 c=68 rs=1 cs=1]
              RenderInline {FONT} at (0,0) size 3x14
                RenderText {#text} at (0,0) size 3x14
                  text run at (0,0) width 3: " "
            RenderTableCell {TD} at (536,392) size 8x14 [bgcolor=#027777] [r=28 c=69 rs=1 cs=1]
              RenderInline {FONT} at (0,0) size 3x14
                RenderText {#text} at (0,0) size 3x14
                  text run at (0,0) width 3: " "
            RenderTableCell {TD} at (544,392) size 8x14 [bgcolor=#027777] [r=28 c=70 rs=1 cs=1]
              RenderInline {FONT} at (0,0) size 3x14
                RenderText {#text} at (0,0) size 3x14
                  text run at (0,0) width 3: " "
            RenderTableCell {TD} at (552,392) size 8x14 [bgcolor=#027777] [r=28 c=71 rs=1 cs=1]
              RenderInline {FONT} at (0,0) size 3x14
                RenderText {#text} at (0,0) size 3x14
                  text run at (0,0) width 3: " "
            RenderTableCell {TD} at (560,392) size 8x14 [bgcolor=#027777] [r=28 c=72 rs=1 cs=1]
              RenderInline {FONT} at (0,0) size 3x14
                RenderText {#text} at (0,0) size 3x14
                  text run at (0,0) width 3: " "
            RenderTableCell {TD} at (568,392) size 8x14 [bgcolor=#027777] [r=28 c=73 rs=1 cs=1]
              RenderInline {FONT} at (0,0) size 3x14
                RenderText {#text} at (0,0) size 3x14
                  text run at (0,0) width 3: " "
            RenderTableCell {TD} at (576,392) size 8x14 [bgcolor=#048485] [r=28 c=74 rs=1 cs=1]
              RenderInline {FONT} at (0,0) size 3x14
                RenderText {#text} at (0,0) size 3x14
                  text run at (0,0) width 3: " "
            RenderTableCell {TD} at (584,392) size 8x14 [bgcolor=#048485] [r=28 c=75 rs=1 cs=1]
              RenderInline {FONT} at (0,0) size 3x14
                RenderText {#text} at (0,0) size 3x14
                  text run at (0,0) width 3: " "
            RenderTableCell {TD} at (592,392) size 8x14 [bgcolor=#048485] [r=28 c=76 rs=1 cs=1]
              RenderInline {FONT} at (0,0) size 3x14
                RenderText {#text} at (0,0) size 3x14
                  text run at (0,0) width 3: " "
            RenderTableCell {TD} at (600,392) size 8x14 [bgcolor=#027777] [r=28 c=77 rs=1 cs=1]
              RenderInline {FONT} at (0,0) size 3x14
                RenderText {#text} at (0,0) size 3x14
                  text run at (0,0) width 3: " "
            RenderTableCell {TD} at (608,392) size 8x14 [bgcolor=#026766] [r=28 c=78 rs=1 cs=1]
              RenderInline {FONT} at (0,0) size 3x14
                RenderText {#text} at (0,0) size 3x14
                  text run at (0,0) width 3: " "
            RenderTableCell {TD} at (616,392) size 8x14 [bgcolor=#026766] [r=28 c=79 rs=1 cs=1]
              RenderInline {FONT} at (0,0) size 3x14
                RenderText {#text} at (0,0) size 3x14
                  text run at (0,0) width 3: " "
            RenderTableCell {TD} at (624,392) size 8x14 [bgcolor=#026766] [r=28 c=80 rs=1 cs=1]
              RenderInline {FONT} at (0,0) size 3x14
                RenderText {#text} at (0,0) size 3x14
                  text run at (0,0) width 3: " "
            RenderTableCell {TD} at (632,392) size 8x14 [bgcolor=#025E5E] [r=28 c=81 rs=1 cs=1]
              RenderInline {FONT} at (0,0) size 3x14
                RenderText {#text} at (0,0) size 3x14
                  text run at (0,0) width 3: " "
            RenderTableCell {TD} at (640,392) size 8x14 [bgcolor=#025E5E] [r=28 c=82 rs=1 cs=1]
              RenderInline {FONT} at (0,0) size 3x14
                RenderText {#text} at (0,0) size 3x14
                  text run at (0,0) width 3: " "
            RenderTableCell {TD} at (648,392) size 8x14 [bgcolor=#025E5E] [r=28 c=83 rs=1 cs=1]
              RenderInline {FONT} at (0,0) size 3x14
                RenderText {#text} at (0,0) size 3x14
                  text run at (0,0) width 3: " "
            RenderTableCell {TD} at (656,392) size 8x14 [bgcolor=#025E5E] [r=28 c=84 rs=1 cs=1]
              RenderInline {FONT} at (0,0) size 3x14
                RenderText {#text} at (0,0) size 3x14
                  text run at (0,0) width 3: " "
            RenderTableCell {TD} at (664,392) size 8x14 [bgcolor=#025E5E] [r=28 c=85 rs=1 cs=1]
              RenderInline {FONT} at (0,0) size 3x14
                RenderText {#text} at (0,0) size 3x14
                  text run at (0,0) width 3: " "
            RenderTableCell {TD} at (672,392) size 8x14 [bgcolor=#025E5E] [r=28 c=86 rs=1 cs=1]
              RenderInline {FONT} at (0,0) size 3x14
                RenderText {#text} at (0,0) size 3x14
                  text run at (0,0) width 3: " "
            RenderTableCell {TD} at (680,392) size 8x14 [bgcolor=#025E5E] [r=28 c=87 rs=1 cs=1]
              RenderInline {FONT} at (0,0) size 3x14
                RenderText {#text} at (0,0) size 3x14
                  text run at (0,0) width 3: " "
            RenderTableCell {TD} at (688,392) size 8x14 [bgcolor=#044F4F] [r=28 c=88 rs=1 cs=1]
              RenderInline {FONT} at (0,0) size 3x14
                RenderText {#text} at (0,0) size 3x14
                  text run at (0,0) width 3: " "
            RenderTableCell {TD} at (696,392) size 8x14 [bgcolor=#044140] [r=28 c=89 rs=1 cs=1]
              RenderInline {FONT} at (0,0) size 3x14
                RenderText {#text} at (0,0) size 3x14
                  text run at (0,0) width 3: " "
            RenderTableCell {TD} at (704,392) size 8x14 [bgcolor=#083131] [r=28 c=90 rs=1 cs=1]
              RenderInline {FONT} at (0,0) size 3x14
                RenderText {#text} at (0,0) size 3x14
                  text run at (0,0) width 3: " "
            RenderTableCell {TD} at (712,392) size 8x14 [bgcolor=#072323] [r=28 c=91 rs=1 cs=1]
              RenderInline {FONT} at (0,0) size 3x14
                RenderText {#text} at (0,0) size 3x14
                  text run at (0,0) width 3: " "
            RenderTableCell {TD} at (720,392) size 8x14 [bgcolor=#4D4F4F] [r=28 c=92 rs=1 cs=1]
              RenderInline {FONT} at (0,0) size 3x14
                RenderText {#text} at (0,0) size 3x14
                  text run at (0,0) width 3: " "
            RenderTableCell {TD} at (728,392) size 8x14 [bgcolor=#777878] [r=28 c=93 rs=1 cs=1]
              RenderInline {FONT} at (0,0) size 3x14
                RenderText {#text} at (0,0) size 3x14
                  text run at (0,0) width 3: " "
            RenderTableCell {TD} at (736,392) size 8x14 [bgcolor=#A5A6A6] [r=28 c=94 rs=1 cs=1]
              RenderInline {FONT} at (0,0) size 3x14
                RenderText {#text} at (0,0) size 3x14
                  text run at (0,0) width 3: " "
            RenderTableCell {TD} at (744,392) size 8x14 [bgcolor=#DEDFDF] [r=28 c=95 rs=1 cs=1]
              RenderInline {FONT} at (0,0) size 3x14
                RenderText {#text} at (0,0) size 3x14
                  text run at (0,0) width 3: " "
            RenderTableCell {TD} at (752,392) size 8x14 [bgcolor=#EDEEEF] [r=28 c=96 rs=1 cs=1]
              RenderInline {FONT} at (0,0) size 3x14
                RenderText {#text} at (0,0) size 3x14
                  text run at (0,0) width 3: " "
            RenderTableCell {TD} at (760,392) size 8x14 [bgcolor=#FDFDFB] [r=28 c=97 rs=1 cs=1]
              RenderInline {FONT} at (0,0) size 3x14
                RenderText {#text} at (0,0) size 3x14
                  text run at (0,0) width 3: " "
            RenderTableCell {TD} at (768,392) size 8x14 [bgcolor=#FDFDFB] [r=28 c=98 rs=1 cs=1]
              RenderInline {FONT} at (0,0) size 3x14
                RenderText {#text} at (0,0) size 3x14
                  text run at (0,0) width 3: " "
            RenderTableCell {TD} at (776,392) size 8x14 [bgcolor=#FDFDFB] [r=28 c=99 rs=1 cs=1]
              RenderInline {FONT} at (0,0) size 3x14
                RenderText {#text} at (0,0) size 3x14
                  text run at (0,0) width 3: " "
          RenderTableRow {TR} at (0,406) size 784x14
            RenderTableCell {TD} at (0,406) size 7x14 [bgcolor=#FDFDFB] [r=29 c=0 rs=1 cs=1]
              RenderInline {FONT} at (0,0) size 3x14
                RenderText {#text} at (0,0) size 3x14
                  text run at (0,0) width 3: " "
            RenderTableCell {TD} at (7,406) size 7x14 [bgcolor=#FDFDFB] [r=29 c=1 rs=1 cs=1]
              RenderInline {FONT} at (0,0) size 3x14
                RenderText {#text} at (0,0) size 3x14
                  text run at (0,0) width 3: " "
            RenderTableCell {TD} at (14,406) size 7x14 [bgcolor=#FDFDFB] [r=29 c=2 rs=1 cs=1]
              RenderInline {FONT} at (0,0) size 3x14
                RenderText {#text} at (0,0) size 3x14
                  text run at (0,0) width 3: " "
            RenderTableCell {TD} at (21,406) size 7x14 [bgcolor=#FDFDFB] [r=29 c=3 rs=1 cs=1]
              RenderInline {FONT} at (0,0) size 3x14
                RenderText {#text} at (0,0) size 3x14
                  text run at (0,0) width 3: " "
            RenderTableCell {TD} at (28,406) size 7x14 [bgcolor=#FDFDFB] [r=29 c=4 rs=1 cs=1]
              RenderInline {FONT} at (0,0) size 3x14
                RenderText {#text} at (0,0) size 3x14
                  text run at (0,0) width 3: " "
            RenderTableCell {TD} at (35,406) size 7x14 [bgcolor=#FDFDFB] [r=29 c=5 rs=1 cs=1]
              RenderInline {FONT} at (0,0) size 3x14
                RenderText {#text} at (0,0) size 3x14
                  text run at (0,0) width 3: " "
            RenderTableCell {TD} at (42,406) size 7x14 [bgcolor=#FDFDFB] [r=29 c=6 rs=1 cs=1]
              RenderInline {FONT} at (0,0) size 3x14
                RenderText {#text} at (0,0) size 3x14
                  text run at (0,0) width 3: " "
            RenderTableCell {TD} at (49,406) size 7x14 [bgcolor=#FDFDFB] [r=29 c=7 rs=1 cs=1]
              RenderInline {FONT} at (0,0) size 3x14
                RenderText {#text} at (0,0) size 3x14
                  text run at (0,0) width 3: " "
            RenderTableCell {TD} at (56,406) size 7x14 [bgcolor=#FDFDFB] [r=29 c=8 rs=1 cs=1]
              RenderInline {FONT} at (0,0) size 3x14
                RenderText {#text} at (0,0) size 3x14
                  text run at (0,0) width 3: " "
            RenderTableCell {TD} at (63,406) size 7x14 [bgcolor=#FDFDFB] [r=29 c=9 rs=1 cs=1]
              RenderInline {FONT} at (0,0) size 3x14
                RenderText {#text} at (0,0) size 3x14
                  text run at (0,0) width 3: " "
            RenderTableCell {TD} at (70,406) size 7x14 [bgcolor=#FDFDFB] [r=29 c=10 rs=1 cs=1]
              RenderInline {FONT} at (0,0) size 3x14
                RenderText {#text} at (0,0) size 3x14
                  text run at (0,0) width 3: " "
            RenderTableCell {TD} at (77,406) size 7x14 [bgcolor=#FDFDFB] [r=29 c=11 rs=1 cs=1]
              RenderInline {FONT} at (0,0) size 3x14
                RenderText {#text} at (0,0) size 3x14
                  text run at (0,0) width 3: " "
            RenderTableCell {TD} at (84,406) size 7x14 [bgcolor=#FDFDFB] [r=29 c=12 rs=1 cs=1]
              RenderInline {FONT} at (0,0) size 3x14
                RenderText {#text} at (0,0) size 3x14
                  text run at (0,0) width 3: " "
            RenderTableCell {TD} at (91,406) size 7x14 [bgcolor=#FDFDFB] [r=29 c=13 rs=1 cs=1]
              RenderInline {FONT} at (0,0) size 3x14
                RenderText {#text} at (0,0) size 3x14
                  text run at (0,0) width 3: " "
            RenderTableCell {TD} at (98,406) size 7x14 [bgcolor=#FDFDFB] [r=29 c=14 rs=1 cs=1]
              RenderInline {FONT} at (0,0) size 3x14
                RenderText {#text} at (0,0) size 3x14
                  text run at (0,0) width 3: " "
            RenderTableCell {TD} at (105,406) size 7x14 [bgcolor=#FDFDFB] [r=29 c=15 rs=1 cs=1]
              RenderInline {FONT} at (0,0) size 3x14
                RenderText {#text} at (0,0) size 3x14
                  text run at (0,0) width 3: " "
            RenderTableCell {TD} at (112,406) size 8x14 [bgcolor=#FDFDFB] [r=29 c=16 rs=1 cs=1]
              RenderInline {FONT} at (0,0) size 3x14
                RenderText {#text} at (0,0) size 3x14
                  text run at (0,0) width 3: " "
            RenderTableCell {TD} at (120,406) size 8x14 [bgcolor=#FDFDFB] [r=29 c=17 rs=1 cs=1]
              RenderInline {FONT} at (0,0) size 3x14
                RenderText {#text} at (0,0) size 3x14
                  text run at (0,0) width 3: " "
            RenderTableCell {TD} at (128,406) size 8x14 [bgcolor=#FDFDFB] [r=29 c=18 rs=1 cs=1]
              RenderInline {FONT} at (0,0) size 3x14
                RenderText {#text} at (0,0) size 3x14
                  text run at (0,0) width 3: " "
            RenderTableCell {TD} at (136,406) size 8x14 [bgcolor=#FDFDFB] [r=29 c=19 rs=1 cs=1]
              RenderInline {FONT} at (0,0) size 3x14
                RenderText {#text} at (0,0) size 3x14
                  text run at (0,0) width 3: " "
            RenderTableCell {TD} at (144,406) size 8x14 [bgcolor=#FDFDFB] [r=29 c=20 rs=1 cs=1]
              RenderInline {FONT} at (0,0) size 3x14
                RenderText {#text} at (0,0) size 3x14
                  text run at (0,0) width 3: " "
            RenderTableCell {TD} at (152,406) size 8x14 [bgcolor=#FDFDFB] [r=29 c=21 rs=1 cs=1]
              RenderInline {FONT} at (0,0) size 3x14
                RenderText {#text} at (0,0) size 3x14
                  text run at (0,0) width 3: " "
            RenderTableCell {TD} at (160,406) size 8x14 [bgcolor=#FDFDFB] [r=29 c=22 rs=1 cs=1]
              RenderInline {FONT} at (0,0) size 3x14
                RenderText {#text} at (0,0) size 3x14
                  text run at (0,0) width 3: " "
            RenderTableCell {TD} at (168,406) size 8x14 [bgcolor=#FDFDFB] [r=29 c=23 rs=1 cs=1]
              RenderInline {FONT} at (0,0) size 3x14
                RenderText {#text} at (0,0) size 3x14
                  text run at (0,0) width 3: " "
            RenderTableCell {TD} at (176,406) size 8x14 [bgcolor=#FDFDFB] [r=29 c=24 rs=1 cs=1]
              RenderInline {FONT} at (0,0) size 3x14
                RenderText {#text} at (0,0) size 3x14
                  text run at (0,0) width 3: " "
            RenderTableCell {TD} at (184,406) size 8x14 [bgcolor=#FDFDFB] [r=29 c=25 rs=1 cs=1]
              RenderInline {FONT} at (0,0) size 3x14
                RenderText {#text} at (0,0) size 3x14
                  text run at (0,0) width 3: " "
            RenderTableCell {TD} at (192,406) size 8x14 [bgcolor=#FDFDFB] [r=29 c=26 rs=1 cs=1]
              RenderInline {FONT} at (0,0) size 3x14
                RenderText {#text} at (0,0) size 3x14
                  text run at (0,0) width 3: " "
            RenderTableCell {TD} at (200,406) size 8x14 [bgcolor=#FDFDFB] [r=29 c=27 rs=1 cs=1]
              RenderInline {FONT} at (0,0) size 3x14
                RenderText {#text} at (0,0) size 3x14
                  text run at (0,0) width 3: " "
            RenderTableCell {TD} at (208,406) size 8x14 [bgcolor=#FDFDFB] [r=29 c=28 rs=1 cs=1]
              RenderInline {FONT} at (0,0) size 3x14
                RenderText {#text} at (0,0) size 3x14
                  text run at (0,0) width 3: " "
            RenderTableCell {TD} at (216,406) size 8x14 [bgcolor=#FDFDFB] [r=29 c=29 rs=1 cs=1]
              RenderInline {FONT} at (0,0) size 3x14
                RenderText {#text} at (0,0) size 3x14
                  text run at (0,0) width 3: " "
            RenderTableCell {TD} at (224,406) size 8x14 [bgcolor=#FDFDFB] [r=29 c=30 rs=1 cs=1]
              RenderInline {FONT} at (0,0) size 3x14
                RenderText {#text} at (0,0) size 3x14
                  text run at (0,0) width 3: " "
            RenderTableCell {TD} at (232,406) size 8x14 [bgcolor=#FDFDFB] [r=29 c=31 rs=1 cs=1]
              RenderInline {FONT} at (0,0) size 3x14
                RenderText {#text} at (0,0) size 3x14
                  text run at (0,0) width 3: " "
            RenderTableCell {TD} at (240,406) size 8x14 [bgcolor=#FDFDFB] [r=29 c=32 rs=1 cs=1]
              RenderInline {FONT} at (0,0) size 3x14
                RenderText {#text} at (0,0) size 3x14
                  text run at (0,0) width 3: " "
            RenderTableCell {TD} at (248,406) size 8x14 [bgcolor=#FDFDFB] [r=29 c=33 rs=1 cs=1]
              RenderInline {FONT} at (0,0) size 3x14
                RenderText {#text} at (0,0) size 3x14
                  text run at (0,0) width 3: " "
            RenderTableCell {TD} at (256,406) size 8x14 [bgcolor=#FDFDFB] [r=29 c=34 rs=1 cs=1]
              RenderInline {FONT} at (0,0) size 3x14
                RenderText {#text} at (0,0) size 3x14
                  text run at (0,0) width 3: " "
            RenderTableCell {TD} at (264,406) size 8x14 [bgcolor=#FDFDFB] [r=29 c=35 rs=1 cs=1]
              RenderInline {FONT} at (0,0) size 3x14
                RenderText {#text} at (0,0) size 3x14
                  text run at (0,0) width 3: " "
            RenderTableCell {TD} at (272,406) size 8x14 [bgcolor=#FDFDFB] [r=29 c=36 rs=1 cs=1]
              RenderInline {FONT} at (0,0) size 3x14
                RenderText {#text} at (0,0) size 3x14
                  text run at (0,0) width 3: " "
            RenderTableCell {TD} at (280,406) size 8x14 [bgcolor=#FDFDFB] [r=29 c=37 rs=1 cs=1]
              RenderInline {FONT} at (0,0) size 3x14
                RenderText {#text} at (0,0) size 3x14
                  text run at (0,0) width 3: " "
            RenderTableCell {TD} at (288,406) size 8x14 [bgcolor=#FDFDFB] [r=29 c=38 rs=1 cs=1]
              RenderInline {FONT} at (0,0) size 3x14
                RenderText {#text} at (0,0) size 3x14
                  text run at (0,0) width 3: " "
            RenderTableCell {TD} at (296,406) size 8x14 [bgcolor=#FDFDFB] [r=29 c=39 rs=1 cs=1]
              RenderInline {FONT} at (0,0) size 3x14
                RenderText {#text} at (0,0) size 3x14
                  text run at (0,0) width 3: " "
            RenderTableCell {TD} at (304,406) size 8x14 [bgcolor=#FDFDFB] [r=29 c=40 rs=1 cs=1]
              RenderInline {FONT} at (0,0) size 3x14
                RenderText {#text} at (0,0) size 3x14
                  text run at (0,0) width 3: " "
            RenderTableCell {TD} at (312,406) size 8x14 [bgcolor=#FDFDFB] [r=29 c=41 rs=1 cs=1]
              RenderInline {FONT} at (0,0) size 3x14
                RenderText {#text} at (0,0) size 3x14
                  text run at (0,0) width 3: " "
            RenderTableCell {TD} at (320,406) size 8x14 [bgcolor=#FDFDFB] [r=29 c=42 rs=1 cs=1]
              RenderInline {FONT} at (0,0) size 3x14
                RenderText {#text} at (0,0) size 3x14
                  text run at (0,0) width 3: " "
            RenderTableCell {TD} at (328,406) size 8x14 [bgcolor=#FDFDFB] [r=29 c=43 rs=1 cs=1]
              RenderInline {FONT} at (0,0) size 3x14
                RenderText {#text} at (0,0) size 3x14
                  text run at (0,0) width 3: " "
            RenderTableCell {TD} at (336,406) size 8x14 [bgcolor=#FDFDFB] [r=29 c=44 rs=1 cs=1]
              RenderInline {FONT} at (0,0) size 3x14
                RenderText {#text} at (0,0) size 3x14
                  text run at (0,0) width 3: " "
            RenderTableCell {TD} at (344,406) size 8x14 [bgcolor=#FDFDFB] [r=29 c=45 rs=1 cs=1]
              RenderInline {FONT} at (0,0) size 3x14
                RenderText {#text} at (0,0) size 3x14
                  text run at (0,0) width 3: " "
            RenderTableCell {TD} at (352,406) size 8x14 [bgcolor=#FDFDFB] [r=29 c=46 rs=1 cs=1]
              RenderInline {FONT} at (0,0) size 3x14
                RenderText {#text} at (0,0) size 3x14
                  text run at (0,0) width 3: " "
            RenderTableCell {TD} at (360,406) size 8x14 [bgcolor=#FDFDFB] [r=29 c=47 rs=1 cs=1]
              RenderInline {FONT} at (0,0) size 3x14
                RenderText {#text} at (0,0) size 3x14
                  text run at (0,0) width 3: " "
            RenderTableCell {TD} at (368,406) size 8x14 [bgcolor=#FDFDFB] [r=29 c=48 rs=1 cs=1]
              RenderInline {FONT} at (0,0) size 3x14
                RenderText {#text} at (0,0) size 3x14
                  text run at (0,0) width 3: " "
            RenderTableCell {TD} at (376,406) size 8x14 [bgcolor=#FDFDFB] [r=29 c=49 rs=1 cs=1]
              RenderInline {FONT} at (0,0) size 3x14
                RenderText {#text} at (0,0) size 3x14
                  text run at (0,0) width 3: " "
            RenderTableCell {TD} at (384,406) size 8x14 [bgcolor=#FDFDFB] [r=29 c=50 rs=1 cs=1]
              RenderInline {FONT} at (0,0) size 3x14
                RenderText {#text} at (0,0) size 3x14
                  text run at (0,0) width 3: " "
            RenderTableCell {TD} at (392,406) size 8x14 [bgcolor=#FDFDFB] [r=29 c=51 rs=1 cs=1]
              RenderInline {FONT} at (0,0) size 3x14
                RenderText {#text} at (0,0) size 3x14
                  text run at (0,0) width 3: " "
            RenderTableCell {TD} at (400,406) size 8x14 [bgcolor=#FDFDFB] [r=29 c=52 rs=1 cs=1]
              RenderInline {FONT} at (0,0) size 3x14
                RenderText {#text} at (0,0) size 3x14
                  text run at (0,0) width 3: " "
            RenderTableCell {TD} at (408,406) size 8x14 [bgcolor=#FDFDFB] [r=29 c=53 rs=1 cs=1]
              RenderInline {FONT} at (0,0) size 3x14
                RenderText {#text} at (0,0) size 3x14
                  text run at (0,0) width 3: " "
            RenderTableCell {TD} at (416,406) size 8x14 [bgcolor=#FDFDFB] [r=29 c=54 rs=1 cs=1]
              RenderInline {FONT} at (0,0) size 3x14
                RenderText {#text} at (0,0) size 3x14
                  text run at (0,0) width 3: " "
            RenderTableCell {TD} at (424,406) size 8x14 [bgcolor=#FDFDFB] [r=29 c=55 rs=1 cs=1]
              RenderInline {FONT} at (0,0) size 3x14
                RenderText {#text} at (0,0) size 3x14
                  text run at (0,0) width 3: " "
            RenderTableCell {TD} at (432,406) size 8x14 [bgcolor=#FDFDFB] [r=29 c=56 rs=1 cs=1]
              RenderInline {FONT} at (0,0) size 3x14
                RenderText {#text} at (0,0) size 3x14
                  text run at (0,0) width 3: " "
            RenderTableCell {TD} at (440,406) size 8x14 [bgcolor=#FDFDFB] [r=29 c=57 rs=1 cs=1]
              RenderInline {FONT} at (0,0) size 3x14
                RenderText {#text} at (0,0) size 3x14
                  text run at (0,0) width 3: " "
            RenderTableCell {TD} at (448,406) size 8x14 [bgcolor=#FDFDFB] [r=29 c=58 rs=1 cs=1]
              RenderInline {FONT} at (0,0) size 3x14
                RenderText {#text} at (0,0) size 3x14
                  text run at (0,0) width 3: " "
            RenderTableCell {TD} at (456,406) size 8x14 [bgcolor=#FDFDFB] [r=29 c=59 rs=1 cs=1]
              RenderInline {FONT} at (0,0) size 3x14
                RenderText {#text} at (0,0) size 3x14
                  text run at (0,0) width 3: " "
            RenderTableCell {TD} at (464,406) size 8x14 [bgcolor=#FDFDFB] [r=29 c=60 rs=1 cs=1]
              RenderInline {FONT} at (0,0) size 3x14
                RenderText {#text} at (0,0) size 3x14
                  text run at (0,0) width 3: " "
            RenderTableCell {TD} at (472,406) size 8x14 [bgcolor=#FDFDFB] [r=29 c=61 rs=1 cs=1]
              RenderInline {FONT} at (0,0) size 3x14
                RenderText {#text} at (0,0) size 3x14
                  text run at (0,0) width 3: " "
            RenderTableCell {TD} at (480,406) size 8x14 [bgcolor=#FDFDFB] [r=29 c=62 rs=1 cs=1]
              RenderInline {FONT} at (0,0) size 3x14
                RenderText {#text} at (0,0) size 3x14
                  text run at (0,0) width 3: " "
            RenderTableCell {TD} at (488,406) size 8x14 [bgcolor=#FDFDFB] [r=29 c=63 rs=1 cs=1]
              RenderInline {FONT} at (0,0) size 3x14
                RenderText {#text} at (0,0) size 3x14
                  text run at (0,0) width 3: " "
            RenderTableCell {TD} at (496,406) size 8x14 [bgcolor=#FDFDFB] [r=29 c=64 rs=1 cs=1]
              RenderInline {FONT} at (0,0) size 3x14
                RenderText {#text} at (0,0) size 3x14
                  text run at (0,0) width 3: " "
            RenderTableCell {TD} at (504,406) size 8x14 [bgcolor=#8DB7B6] [r=29 c=65 rs=1 cs=1]
              RenderInline {FONT} at (0,0) size 3x14
                RenderText {#text} at (0,0) size 3x14
                  text run at (0,0) width 3: " "
            RenderTableCell {TD} at (512,406) size 8x14 [bgcolor=#026766] [r=29 c=66 rs=1 cs=1]
              RenderInline {FONT} at (0,0) size 3x14
                RenderText {#text} at (0,0) size 3x14
                  text run at (0,0) width 3: " "
            RenderTableCell {TD} at (520,406) size 8x14 [bgcolor=#025E5E] [r=29 c=67 rs=1 cs=1]
              RenderInline {FONT} at (0,0) size 3x14
                RenderText {#text} at (0,0) size 3x14
                  text run at (0,0) width 3: " "
            RenderTableCell {TD} at (528,406) size 8x14 [bgcolor=#025E5E] [r=29 c=68 rs=1 cs=1]
              RenderInline {FONT} at (0,0) size 3x14
                RenderText {#text} at (0,0) size 3x14
                  text run at (0,0) width 3: " "
            RenderTableCell {TD} at (536,406) size 8x14 [bgcolor=#025E5E] [r=29 c=69 rs=1 cs=1]
              RenderInline {FONT} at (0,0) size 3x14
                RenderText {#text} at (0,0) size 3x14
                  text run at (0,0) width 3: " "
            RenderTableCell {TD} at (544,406) size 8x14 [bgcolor=#026766] [r=29 c=70 rs=1 cs=1]
              RenderInline {FONT} at (0,0) size 3x14
                RenderText {#text} at (0,0) size 3x14
                  text run at (0,0) width 3: " "
            RenderTableCell {TD} at (552,406) size 8x14 [bgcolor=#026766] [r=29 c=71 rs=1 cs=1]
              RenderInline {FONT} at (0,0) size 3x14
                RenderText {#text} at (0,0) size 3x14
                  text run at (0,0) width 3: " "
            RenderTableCell {TD} at (560,406) size 8x14 [bgcolor=#026766] [r=29 c=72 rs=1 cs=1]
              RenderInline {FONT} at (0,0) size 3x14
                RenderText {#text} at (0,0) size 3x14
                  text run at (0,0) width 3: " "
            RenderTableCell {TD} at (568,406) size 8x14 [bgcolor=#026766] [r=29 c=73 rs=1 cs=1]
              RenderInline {FONT} at (0,0) size 3x14
                RenderText {#text} at (0,0) size 3x14
                  text run at (0,0) width 3: " "
            RenderTableCell {TD} at (576,406) size 8x14 [bgcolor=#026766] [r=29 c=74 rs=1 cs=1]
              RenderInline {FONT} at (0,0) size 3x14
                RenderText {#text} at (0,0) size 3x14
                  text run at (0,0) width 3: " "
            RenderTableCell {TD} at (584,406) size 8x14 [bgcolor=#026766] [r=29 c=75 rs=1 cs=1]
              RenderInline {FONT} at (0,0) size 3x14
                RenderText {#text} at (0,0) size 3x14
                  text run at (0,0) width 3: " "
            RenderTableCell {TD} at (592,406) size 8x14 [bgcolor=#026766] [r=29 c=76 rs=1 cs=1]
              RenderInline {FONT} at (0,0) size 3x14
                RenderText {#text} at (0,0) size 3x14
                  text run at (0,0) width 3: " "
            RenderTableCell {TD} at (600,406) size 8x14 [bgcolor=#026766] [r=29 c=77 rs=1 cs=1]
              RenderInline {FONT} at (0,0) size 3x14
                RenderText {#text} at (0,0) size 3x14
                  text run at (0,0) width 3: " "
            RenderTableCell {TD} at (608,406) size 8x14 [bgcolor=#025E5E] [r=29 c=78 rs=1 cs=1]
              RenderInline {FONT} at (0,0) size 3x14
                RenderText {#text} at (0,0) size 3x14
                  text run at (0,0) width 3: " "
            RenderTableCell {TD} at (616,406) size 8x14 [bgcolor=#025E5E] [r=29 c=79 rs=1 cs=1]
              RenderInline {FONT} at (0,0) size 3x14
                RenderText {#text} at (0,0) size 3x14
                  text run at (0,0) width 3: " "
            RenderTableCell {TD} at (624,406) size 8x14 [bgcolor=#025E5E] [r=29 c=80 rs=1 cs=1]
              RenderInline {FONT} at (0,0) size 3x14
                RenderText {#text} at (0,0) size 3x14
                  text run at (0,0) width 3: " "
            RenderTableCell {TD} at (632,406) size 8x14 [bgcolor=#025E5E] [r=29 c=81 rs=1 cs=1]
              RenderInline {FONT} at (0,0) size 3x14
                RenderText {#text} at (0,0) size 3x14
                  text run at (0,0) width 3: " "
            RenderTableCell {TD} at (640,406) size 8x14 [bgcolor=#025E5E] [r=29 c=82 rs=1 cs=1]
              RenderInline {FONT} at (0,0) size 3x14
                RenderText {#text} at (0,0) size 3x14
                  text run at (0,0) width 3: " "
            RenderTableCell {TD} at (648,406) size 8x14 [bgcolor=#044F4F] [r=29 c=83 rs=1 cs=1]
              RenderInline {FONT} at (0,0) size 3x14
                RenderText {#text} at (0,0) size 3x14
                  text run at (0,0) width 3: " "
            RenderTableCell {TD} at (656,406) size 8x14 [bgcolor=#044F4F] [r=29 c=84 rs=1 cs=1]
              RenderInline {FONT} at (0,0) size 3x14
                RenderText {#text} at (0,0) size 3x14
                  text run at (0,0) width 3: " "
            RenderTableCell {TD} at (664,406) size 8x14 [bgcolor=#044F4F] [r=29 c=85 rs=1 cs=1]
              RenderInline {FONT} at (0,0) size 3x14
                RenderText {#text} at (0,0) size 3x14
                  text run at (0,0) width 3: " "
            RenderTableCell {TD} at (672,406) size 8x14 [bgcolor=#044F4F] [r=29 c=86 rs=1 cs=1]
              RenderInline {FONT} at (0,0) size 3x14
                RenderText {#text} at (0,0) size 3x14
                  text run at (0,0) width 3: " "
            RenderTableCell {TD} at (680,406) size 8x14 [bgcolor=#044140] [r=29 c=87 rs=1 cs=1]
              RenderInline {FONT} at (0,0) size 3x14
                RenderText {#text} at (0,0) size 3x14
                  text run at (0,0) width 3: " "
            RenderTableCell {TD} at (688,406) size 8x14 [bgcolor=#083131] [r=29 c=88 rs=1 cs=1]
              RenderInline {FONT} at (0,0) size 3x14
                RenderText {#text} at (0,0) size 3x14
                  text run at (0,0) width 3: " "
            RenderTableCell {TD} at (696,406) size 8x14 [bgcolor=#083131] [r=29 c=89 rs=1 cs=1]
              RenderInline {FONT} at (0,0) size 3x14
                RenderText {#text} at (0,0) size 3x14
                  text run at (0,0) width 3: " "
            RenderTableCell {TD} at (704,406) size 8x14 [bgcolor=#223C3D] [r=29 c=90 rs=1 cs=1]
              RenderInline {FONT} at (0,0) size 3x14
                RenderText {#text} at (0,0) size 3x14
                  text run at (0,0) width 3: " "
            RenderTableCell {TD} at (712,406) size 8x14 [bgcolor=#515C5B] [r=29 c=91 rs=1 cs=1]
              RenderInline {FONT} at (0,0) size 3x14
                RenderText {#text} at (0,0) size 3x14
                  text run at (0,0) width 3: " "
            RenderTableCell {TD} at (720,406) size 8x14 [bgcolor=#777878] [r=29 c=92 rs=1 cs=1]
              RenderInline {FONT} at (0,0) size 3x14
                RenderText {#text} at (0,0) size 3x14
                  text run at (0,0) width 3: " "
            RenderTableCell {TD} at (728,406) size 8x14 [bgcolor=#A5A6A6] [r=29 c=93 rs=1 cs=1]
              RenderInline {FONT} at (0,0) size 3x14
                RenderText {#text} at (0,0) size 3x14
                  text run at (0,0) width 3: " "
            RenderTableCell {TD} at (736,406) size 8x14 [bgcolor=#CECFCF] [r=29 c=94 rs=1 cs=1]
              RenderInline {FONT} at (0,0) size 3x14
                RenderText {#text} at (0,0) size 3x14
                  text run at (0,0) width 3: " "
            RenderTableCell {TD} at (744,406) size 8x14 [bgcolor=#EDEEEF] [r=29 c=95 rs=1 cs=1]
              RenderInline {FONT} at (0,0) size 3x14
                RenderText {#text} at (0,0) size 3x14
                  text run at (0,0) width 3: " "
            RenderTableCell {TD} at (752,406) size 8x14 [bgcolor=#FDFDFB] [r=29 c=96 rs=1 cs=1]
              RenderInline {FONT} at (0,0) size 3x14
                RenderText {#text} at (0,0) size 3x14
                  text run at (0,0) width 3: " "
            RenderTableCell {TD} at (760,406) size 8x14 [bgcolor=#FDFDFB] [r=29 c=97 rs=1 cs=1]
              RenderInline {FONT} at (0,0) size 3x14
                RenderText {#text} at (0,0) size 3x14
                  text run at (0,0) width 3: " "
            RenderTableCell {TD} at (768,406) size 8x14 [bgcolor=#FDFDFB] [r=29 c=98 rs=1 cs=1]
              RenderInline {FONT} at (0,0) size 3x14
                RenderText {#text} at (0,0) size 3x14
                  text run at (0,0) width 3: " "
            RenderTableCell {TD} at (776,406) size 8x14 [bgcolor=#FDFDFB] [r=29 c=99 rs=1 cs=1]
              RenderInline {FONT} at (0,0) size 3x14
                RenderText {#text} at (0,0) size 3x14
                  text run at (0,0) width 3: " "
          RenderTableRow {TR} at (0,420) size 784x14
            RenderTableCell {TD} at (0,420) size 7x14 [bgcolor=#FDFDFB] [r=30 c=0 rs=1 cs=1]
              RenderInline {FONT} at (0,0) size 3x14
                RenderText {#text} at (0,0) size 3x14
                  text run at (0,0) width 3: " "
            RenderTableCell {TD} at (7,420) size 7x14 [bgcolor=#FDFDFB] [r=30 c=1 rs=1 cs=1]
              RenderInline {FONT} at (0,0) size 3x14
                RenderText {#text} at (0,0) size 3x14
                  text run at (0,0) width 3: " "
            RenderTableCell {TD} at (14,420) size 7x14 [bgcolor=#FDFDFB] [r=30 c=2 rs=1 cs=1]
              RenderInline {FONT} at (0,0) size 3x14
                RenderText {#text} at (0,0) size 3x14
                  text run at (0,0) width 3: " "
            RenderTableCell {TD} at (21,420) size 7x14 [bgcolor=#FDFDFB] [r=30 c=3 rs=1 cs=1]
              RenderInline {FONT} at (0,0) size 3x14
                RenderText {#text} at (0,0) size 3x14
                  text run at (0,0) width 3: " "
            RenderTableCell {TD} at (28,420) size 7x14 [bgcolor=#FDFDFB] [r=30 c=4 rs=1 cs=1]
              RenderInline {FONT} at (0,0) size 3x14
                RenderText {#text} at (0,0) size 3x14
                  text run at (0,0) width 3: " "
            RenderTableCell {TD} at (35,420) size 7x14 [bgcolor=#FDFDFB] [r=30 c=5 rs=1 cs=1]
              RenderInline {FONT} at (0,0) size 3x14
                RenderText {#text} at (0,0) size 3x14
                  text run at (0,0) width 3: " "
            RenderTableCell {TD} at (42,420) size 7x14 [bgcolor=#FDFDFB] [r=30 c=6 rs=1 cs=1]
              RenderInline {FONT} at (0,0) size 3x14
                RenderText {#text} at (0,0) size 3x14
                  text run at (0,0) width 3: " "
            RenderTableCell {TD} at (49,420) size 7x14 [bgcolor=#FDFDFB] [r=30 c=7 rs=1 cs=1]
              RenderInline {FONT} at (0,0) size 3x14
                RenderText {#text} at (0,0) size 3x14
                  text run at (0,0) width 3: " "
            RenderTableCell {TD} at (56,420) size 7x14 [bgcolor=#FDFDFB] [r=30 c=8 rs=1 cs=1]
              RenderInline {FONT} at (0,0) size 3x14
                RenderText {#text} at (0,0) size 3x14
                  text run at (0,0) width 3: " "
            RenderTableCell {TD} at (63,420) size 7x14 [bgcolor=#FDFDFB] [r=30 c=9 rs=1 cs=1]
              RenderInline {FONT} at (0,0) size 3x14
                RenderText {#text} at (0,0) size 3x14
                  text run at (0,0) width 3: " "
            RenderTableCell {TD} at (70,420) size 7x14 [bgcolor=#FDFDFB] [r=30 c=10 rs=1 cs=1]
              RenderInline {FONT} at (0,0) size 3x14
                RenderText {#text} at (0,0) size 3x14
                  text run at (0,0) width 3: " "
            RenderTableCell {TD} at (77,420) size 7x14 [bgcolor=#FDFDFB] [r=30 c=11 rs=1 cs=1]
              RenderInline {FONT} at (0,0) size 3x14
                RenderText {#text} at (0,0) size 3x14
                  text run at (0,0) width 3: " "
            RenderTableCell {TD} at (84,420) size 7x14 [bgcolor=#FDFDFB] [r=30 c=12 rs=1 cs=1]
              RenderInline {FONT} at (0,0) size 3x14
                RenderText {#text} at (0,0) size 3x14
                  text run at (0,0) width 3: " "
            RenderTableCell {TD} at (91,420) size 7x14 [bgcolor=#FDFDFB] [r=30 c=13 rs=1 cs=1]
              RenderInline {FONT} at (0,0) size 3x14
                RenderText {#text} at (0,0) size 3x14
                  text run at (0,0) width 3: " "
            RenderTableCell {TD} at (98,420) size 7x14 [bgcolor=#FDFDFB] [r=30 c=14 rs=1 cs=1]
              RenderInline {FONT} at (0,0) size 3x14
                RenderText {#text} at (0,0) size 3x14
                  text run at (0,0) width 3: " "
            RenderTableCell {TD} at (105,420) size 7x14 [bgcolor=#FDFDFB] [r=30 c=15 rs=1 cs=1]
              RenderInline {FONT} at (0,0) size 3x14
                RenderText {#text} at (0,0) size 3x14
                  text run at (0,0) width 3: " "
            RenderTableCell {TD} at (112,420) size 8x14 [bgcolor=#FDFDFB] [r=30 c=16 rs=1 cs=1]
              RenderInline {FONT} at (0,0) size 3x14
                RenderText {#text} at (0,0) size 3x14
                  text run at (0,0) width 3: " "
            RenderTableCell {TD} at (120,420) size 8x14 [bgcolor=#FDFDFB] [r=30 c=17 rs=1 cs=1]
              RenderInline {FONT} at (0,0) size 3x14
                RenderText {#text} at (0,0) size 3x14
                  text run at (0,0) width 3: " "
            RenderTableCell {TD} at (128,420) size 8x14 [bgcolor=#FDFDFB] [r=30 c=18 rs=1 cs=1]
              RenderInline {FONT} at (0,0) size 3x14
                RenderText {#text} at (0,0) size 3x14
                  text run at (0,0) width 3: " "
            RenderTableCell {TD} at (136,420) size 8x14 [bgcolor=#FDFDFB] [r=30 c=19 rs=1 cs=1]
              RenderInline {FONT} at (0,0) size 3x14
                RenderText {#text} at (0,0) size 3x14
                  text run at (0,0) width 3: " "
            RenderTableCell {TD} at (144,420) size 8x14 [bgcolor=#FDFDFB] [r=30 c=20 rs=1 cs=1]
              RenderInline {FONT} at (0,0) size 3x14
                RenderText {#text} at (0,0) size 3x14
                  text run at (0,0) width 3: " "
            RenderTableCell {TD} at (152,420) size 8x14 [bgcolor=#FDFDFB] [r=30 c=21 rs=1 cs=1]
              RenderInline {FONT} at (0,0) size 3x14
                RenderText {#text} at (0,0) size 3x14
                  text run at (0,0) width 3: " "
            RenderTableCell {TD} at (160,420) size 8x14 [bgcolor=#FDFDFB] [r=30 c=22 rs=1 cs=1]
              RenderInline {FONT} at (0,0) size 3x14
                RenderText {#text} at (0,0) size 3x14
                  text run at (0,0) width 3: " "
            RenderTableCell {TD} at (168,420) size 8x14 [bgcolor=#FDFDFB] [r=30 c=23 rs=1 cs=1]
              RenderInline {FONT} at (0,0) size 3x14
                RenderText {#text} at (0,0) size 3x14
                  text run at (0,0) width 3: " "
            RenderTableCell {TD} at (176,420) size 8x14 [bgcolor=#FDFDFB] [r=30 c=24 rs=1 cs=1]
              RenderInline {FONT} at (0,0) size 3x14
                RenderText {#text} at (0,0) size 3x14
                  text run at (0,0) width 3: " "
            RenderTableCell {TD} at (184,420) size 8x14 [bgcolor=#FDFDFB] [r=30 c=25 rs=1 cs=1]
              RenderInline {FONT} at (0,0) size 3x14
                RenderText {#text} at (0,0) size 3x14
                  text run at (0,0) width 3: " "
            RenderTableCell {TD} at (192,420) size 8x14 [bgcolor=#FDFDFB] [r=30 c=26 rs=1 cs=1]
              RenderInline {FONT} at (0,0) size 3x14
                RenderText {#text} at (0,0) size 3x14
                  text run at (0,0) width 3: " "
            RenderTableCell {TD} at (200,420) size 8x14 [bgcolor=#FDFDFB] [r=30 c=27 rs=1 cs=1]
              RenderInline {FONT} at (0,0) size 3x14
                RenderText {#text} at (0,0) size 3x14
                  text run at (0,0) width 3: " "
            RenderTableCell {TD} at (208,420) size 8x14 [bgcolor=#FDFDFB] [r=30 c=28 rs=1 cs=1]
              RenderInline {FONT} at (0,0) size 3x14
                RenderText {#text} at (0,0) size 3x14
                  text run at (0,0) width 3: " "
            RenderTableCell {TD} at (216,420) size 8x14 [bgcolor=#FDFDFB] [r=30 c=29 rs=1 cs=1]
              RenderInline {FONT} at (0,0) size 3x14
                RenderText {#text} at (0,0) size 3x14
                  text run at (0,0) width 3: " "
            RenderTableCell {TD} at (224,420) size 8x14 [bgcolor=#FDFDFB] [r=30 c=30 rs=1 cs=1]
              RenderInline {FONT} at (0,0) size 3x14
                RenderText {#text} at (0,0) size 3x14
                  text run at (0,0) width 3: " "
            RenderTableCell {TD} at (232,420) size 8x14 [bgcolor=#FDFDFB] [r=30 c=31 rs=1 cs=1]
              RenderInline {FONT} at (0,0) size 3x14
                RenderText {#text} at (0,0) size 3x14
                  text run at (0,0) width 3: " "
            RenderTableCell {TD} at (240,420) size 8x14 [bgcolor=#FDFDFB] [r=30 c=32 rs=1 cs=1]
              RenderInline {FONT} at (0,0) size 3x14
                RenderText {#text} at (0,0) size 3x14
                  text run at (0,0) width 3: " "
            RenderTableCell {TD} at (248,420) size 8x14 [bgcolor=#FDFDFB] [r=30 c=33 rs=1 cs=1]
              RenderInline {FONT} at (0,0) size 3x14
                RenderText {#text} at (0,0) size 3x14
                  text run at (0,0) width 3: " "
            RenderTableCell {TD} at (256,420) size 8x14 [bgcolor=#FDFDFB] [r=30 c=34 rs=1 cs=1]
              RenderInline {FONT} at (0,0) size 3x14
                RenderText {#text} at (0,0) size 3x14
                  text run at (0,0) width 3: " "
            RenderTableCell {TD} at (264,420) size 8x14 [bgcolor=#FDFDFB] [r=30 c=35 rs=1 cs=1]
              RenderInline {FONT} at (0,0) size 3x14
                RenderText {#text} at (0,0) size 3x14
                  text run at (0,0) width 3: " "
            RenderTableCell {TD} at (272,420) size 8x14 [bgcolor=#FDFDFB] [r=30 c=36 rs=1 cs=1]
              RenderInline {FONT} at (0,0) size 3x14
                RenderText {#text} at (0,0) size 3x14
                  text run at (0,0) width 3: " "
            RenderTableCell {TD} at (280,420) size 8x14 [bgcolor=#FDFDFB] [r=30 c=37 rs=1 cs=1]
              RenderInline {FONT} at (0,0) size 3x14
                RenderText {#text} at (0,0) size 3x14
                  text run at (0,0) width 3: " "
            RenderTableCell {TD} at (288,420) size 8x14 [bgcolor=#FDFDFB] [r=30 c=38 rs=1 cs=1]
              RenderInline {FONT} at (0,0) size 3x14
                RenderText {#text} at (0,0) size 3x14
                  text run at (0,0) width 3: " "
            RenderTableCell {TD} at (296,420) size 8x14 [bgcolor=#FDFDFB] [r=30 c=39 rs=1 cs=1]
              RenderInline {FONT} at (0,0) size 3x14
                RenderText {#text} at (0,0) size 3x14
                  text run at (0,0) width 3: " "
            RenderTableCell {TD} at (304,420) size 8x14 [bgcolor=#FDFDFB] [r=30 c=40 rs=1 cs=1]
              RenderInline {FONT} at (0,0) size 3x14
                RenderText {#text} at (0,0) size 3x14
                  text run at (0,0) width 3: " "
            RenderTableCell {TD} at (312,420) size 8x14 [bgcolor=#FDFDFB] [r=30 c=41 rs=1 cs=1]
              RenderInline {FONT} at (0,0) size 3x14
                RenderText {#text} at (0,0) size 3x14
                  text run at (0,0) width 3: " "
            RenderTableCell {TD} at (320,420) size 8x14 [bgcolor=#FDFDFB] [r=30 c=42 rs=1 cs=1]
              RenderInline {FONT} at (0,0) size 3x14
                RenderText {#text} at (0,0) size 3x14
                  text run at (0,0) width 3: " "
            RenderTableCell {TD} at (328,420) size 8x14 [bgcolor=#FDFDFB] [r=30 c=43 rs=1 cs=1]
              RenderInline {FONT} at (0,0) size 3x14
                RenderText {#text} at (0,0) size 3x14
                  text run at (0,0) width 3: " "
            RenderTableCell {TD} at (336,420) size 8x14 [bgcolor=#FDFDFB] [r=30 c=44 rs=1 cs=1]
              RenderInline {FONT} at (0,0) size 3x14
                RenderText {#text} at (0,0) size 3x14
                  text run at (0,0) width 3: " "
            RenderTableCell {TD} at (344,420) size 8x14 [bgcolor=#FDFDFB] [r=30 c=45 rs=1 cs=1]
              RenderInline {FONT} at (0,0) size 3x14
                RenderText {#text} at (0,0) size 3x14
                  text run at (0,0) width 3: " "
            RenderTableCell {TD} at (352,420) size 8x14 [bgcolor=#FDFDFB] [r=30 c=46 rs=1 cs=1]
              RenderInline {FONT} at (0,0) size 3x14
                RenderText {#text} at (0,0) size 3x14
                  text run at (0,0) width 3: " "
            RenderTableCell {TD} at (360,420) size 8x14 [bgcolor=#FDFDFB] [r=30 c=47 rs=1 cs=1]
              RenderInline {FONT} at (0,0) size 3x14
                RenderText {#text} at (0,0) size 3x14
                  text run at (0,0) width 3: " "
            RenderTableCell {TD} at (368,420) size 8x14 [bgcolor=#FDFDFB] [r=30 c=48 rs=1 cs=1]
              RenderInline {FONT} at (0,0) size 3x14
                RenderText {#text} at (0,0) size 3x14
                  text run at (0,0) width 3: " "
            RenderTableCell {TD} at (376,420) size 8x14 [bgcolor=#FDFDFB] [r=30 c=49 rs=1 cs=1]
              RenderInline {FONT} at (0,0) size 3x14
                RenderText {#text} at (0,0) size 3x14
                  text run at (0,0) width 3: " "
            RenderTableCell {TD} at (384,420) size 8x14 [bgcolor=#FDFDFB] [r=30 c=50 rs=1 cs=1]
              RenderInline {FONT} at (0,0) size 3x14
                RenderText {#text} at (0,0) size 3x14
                  text run at (0,0) width 3: " "
            RenderTableCell {TD} at (392,420) size 8x14 [bgcolor=#FDFDFB] [r=30 c=51 rs=1 cs=1]
              RenderInline {FONT} at (0,0) size 3x14
                RenderText {#text} at (0,0) size 3x14
                  text run at (0,0) width 3: " "
            RenderTableCell {TD} at (400,420) size 8x14 [bgcolor=#FDFDFB] [r=30 c=52 rs=1 cs=1]
              RenderInline {FONT} at (0,0) size 3x14
                RenderText {#text} at (0,0) size 3x14
                  text run at (0,0) width 3: " "
            RenderTableCell {TD} at (408,420) size 8x14 [bgcolor=#FDFDFB] [r=30 c=53 rs=1 cs=1]
              RenderInline {FONT} at (0,0) size 3x14
                RenderText {#text} at (0,0) size 3x14
                  text run at (0,0) width 3: " "
            RenderTableCell {TD} at (416,420) size 8x14 [bgcolor=#FDFDFB] [r=30 c=54 rs=1 cs=1]
              RenderInline {FONT} at (0,0) size 3x14
                RenderText {#text} at (0,0) size 3x14
                  text run at (0,0) width 3: " "
            RenderTableCell {TD} at (424,420) size 8x14 [bgcolor=#FDFDFB] [r=30 c=55 rs=1 cs=1]
              RenderInline {FONT} at (0,0) size 3x14
                RenderText {#text} at (0,0) size 3x14
                  text run at (0,0) width 3: " "
            RenderTableCell {TD} at (432,420) size 8x14 [bgcolor=#FDFDFB] [r=30 c=56 rs=1 cs=1]
              RenderInline {FONT} at (0,0) size 3x14
                RenderText {#text} at (0,0) size 3x14
                  text run at (0,0) width 3: " "
            RenderTableCell {TD} at (440,420) size 8x14 [bgcolor=#FDFDFB] [r=30 c=57 rs=1 cs=1]
              RenderInline {FONT} at (0,0) size 3x14
                RenderText {#text} at (0,0) size 3x14
                  text run at (0,0) width 3: " "
            RenderTableCell {TD} at (448,420) size 8x14 [bgcolor=#FDFDFB] [r=30 c=58 rs=1 cs=1]
              RenderInline {FONT} at (0,0) size 3x14
                RenderText {#text} at (0,0) size 3x14
                  text run at (0,0) width 3: " "
            RenderTableCell {TD} at (456,420) size 8x14 [bgcolor=#FDFDFB] [r=30 c=59 rs=1 cs=1]
              RenderInline {FONT} at (0,0) size 3x14
                RenderText {#text} at (0,0) size 3x14
                  text run at (0,0) width 3: " "
            RenderTableCell {TD} at (464,420) size 8x14 [bgcolor=#FDFDFB] [r=30 c=60 rs=1 cs=1]
              RenderInline {FONT} at (0,0) size 3x14
                RenderText {#text} at (0,0) size 3x14
                  text run at (0,0) width 3: " "
            RenderTableCell {TD} at (472,420) size 8x14 [bgcolor=#FDFDFB] [r=30 c=61 rs=1 cs=1]
              RenderInline {FONT} at (0,0) size 3x14
                RenderText {#text} at (0,0) size 3x14
                  text run at (0,0) width 3: " "
            RenderTableCell {TD} at (480,420) size 8x14 [bgcolor=#FDFDFB] [r=30 c=62 rs=1 cs=1]
              RenderInline {FONT} at (0,0) size 3x14
                RenderText {#text} at (0,0) size 3x14
                  text run at (0,0) width 3: " "
            RenderTableCell {TD} at (488,420) size 8x14 [bgcolor=#FDFDFB] [r=30 c=63 rs=1 cs=1]
              RenderInline {FONT} at (0,0) size 3x14
                RenderText {#text} at (0,0) size 3x14
                  text run at (0,0) width 3: " "
            RenderTableCell {TD} at (496,420) size 8x14 [bgcolor=#FDFDFB] [r=30 c=64 rs=1 cs=1]
              RenderInline {FONT} at (0,0) size 3x14
                RenderText {#text} at (0,0) size 3x14
                  text run at (0,0) width 3: " "
            RenderTableCell {TD} at (504,420) size 8x14 [bgcolor=#CECFCF] [r=30 c=65 rs=1 cs=1]
              RenderInline {FONT} at (0,0) size 3x14
                RenderText {#text} at (0,0) size 3x14
                  text run at (0,0) width 3: " "
            RenderTableCell {TD} at (512,420) size 8x14 [bgcolor=#7B918F] [r=30 c=66 rs=1 cs=1]
              RenderInline {FONT} at (0,0) size 3x14
                RenderText {#text} at (0,0) size 3x14
                  text run at (0,0) width 3: " "
            RenderTableCell {TD} at (520,420) size 8x14 [bgcolor=#305D5D] [r=30 c=67 rs=1 cs=1]
              RenderInline {FONT} at (0,0) size 3x14
                RenderText {#text} at (0,0) size 3x14
                  text run at (0,0) width 3: " "
            RenderTableCell {TD} at (528,420) size 8x14 [bgcolor=#044140] [r=30 c=68 rs=1 cs=1]
              RenderInline {FONT} at (0,0) size 3x14
                RenderText {#text} at (0,0) size 3x14
                  text run at (0,0) width 3: " "
            RenderTableCell {TD} at (536,420) size 8x14 [bgcolor=#044140] [r=30 c=69 rs=1 cs=1]
              RenderInline {FONT} at (0,0) size 3x14
                RenderText {#text} at (0,0) size 3x14
                  text run at (0,0) width 3: " "
            RenderTableCell {TD} at (544,420) size 8x14 [bgcolor=#044140] [r=30 c=70 rs=1 cs=1]
              RenderInline {FONT} at (0,0) size 3x14
                RenderText {#text} at (0,0) size 3x14
                  text run at (0,0) width 3: " "
            RenderTableCell {TD} at (552,420) size 8x14 [bgcolor=#044F4F] [r=30 c=71 rs=1 cs=1]
              RenderInline {FONT} at (0,0) size 3x14
                RenderText {#text} at (0,0) size 3x14
                  text run at (0,0) width 3: " "
            RenderTableCell {TD} at (560,420) size 8x14 [bgcolor=#044F4F] [r=30 c=72 rs=1 cs=1]
              RenderInline {FONT} at (0,0) size 3x14
                RenderText {#text} at (0,0) size 3x14
                  text run at (0,0) width 3: " "
            RenderTableCell {TD} at (568,420) size 8x14 [bgcolor=#044F4F] [r=30 c=73 rs=1 cs=1]
              RenderInline {FONT} at (0,0) size 3x14
                RenderText {#text} at (0,0) size 3x14
                  text run at (0,0) width 3: " "
            RenderTableCell {TD} at (576,420) size 8x14 [bgcolor=#044F4F] [r=30 c=74 rs=1 cs=1]
              RenderInline {FONT} at (0,0) size 3x14
                RenderText {#text} at (0,0) size 3x14
                  text run at (0,0) width 3: " "
            RenderTableCell {TD} at (584,420) size 8x14 [bgcolor=#044F4F] [r=30 c=75 rs=1 cs=1]
              RenderInline {FONT} at (0,0) size 3x14
                RenderText {#text} at (0,0) size 3x14
                  text run at (0,0) width 3: " "
            RenderTableCell {TD} at (592,420) size 8x14 [bgcolor=#044F4F] [r=30 c=76 rs=1 cs=1]
              RenderInline {FONT} at (0,0) size 3x14
                RenderText {#text} at (0,0) size 3x14
                  text run at (0,0) width 3: " "
            RenderTableCell {TD} at (600,420) size 8x14 [bgcolor=#044F4F] [r=30 c=77 rs=1 cs=1]
              RenderInline {FONT} at (0,0) size 3x14
                RenderText {#text} at (0,0) size 3x14
                  text run at (0,0) width 3: " "
            RenderTableCell {TD} at (608,420) size 8x14 [bgcolor=#044140] [r=30 c=78 rs=1 cs=1]
              RenderInline {FONT} at (0,0) size 3x14
                RenderText {#text} at (0,0) size 3x14
                  text run at (0,0) width 3: " "
            RenderTableCell {TD} at (616,420) size 8x14 [bgcolor=#044140] [r=30 c=79 rs=1 cs=1]
              RenderInline {FONT} at (0,0) size 3x14
                RenderText {#text} at (0,0) size 3x14
                  text run at (0,0) width 3: " "
            RenderTableCell {TD} at (624,420) size 8x14 [bgcolor=#044140] [r=30 c=80 rs=1 cs=1]
              RenderInline {FONT} at (0,0) size 3x14
                RenderText {#text} at (0,0) size 3x14
                  text run at (0,0) width 3: " "
            RenderTableCell {TD} at (632,420) size 8x14 [bgcolor=#044140] [r=30 c=81 rs=1 cs=1]
              RenderInline {FONT} at (0,0) size 3x14
                RenderText {#text} at (0,0) size 3x14
                  text run at (0,0) width 3: " "
            RenderTableCell {TD} at (640,420) size 8x14 [bgcolor=#044140] [r=30 c=82 rs=1 cs=1]
              RenderInline {FONT} at (0,0) size 3x14
                RenderText {#text} at (0,0) size 3x14
                  text run at (0,0) width 3: " "
            RenderTableCell {TD} at (648,420) size 8x14 [bgcolor=#044140] [r=30 c=83 rs=1 cs=1]
              RenderInline {FONT} at (0,0) size 3x14
                RenderText {#text} at (0,0) size 3x14
                  text run at (0,0) width 3: " "
            RenderTableCell {TD} at (656,420) size 8x14 [bgcolor=#044140] [r=30 c=84 rs=1 cs=1]
              RenderInline {FONT} at (0,0) size 3x14
                RenderText {#text} at (0,0) size 3x14
                  text run at (0,0) width 3: " "
            RenderTableCell {TD} at (664,420) size 8x14 [bgcolor=#083131] [r=30 c=85 rs=1 cs=1]
              RenderInline {FONT} at (0,0) size 3x14
                RenderText {#text} at (0,0) size 3x14
                  text run at (0,0) width 3: " "
            RenderTableCell {TD} at (672,420) size 8x14 [bgcolor=#083131] [r=30 c=86 rs=1 cs=1]
              RenderInline {FONT} at (0,0) size 3x14
                RenderText {#text} at (0,0) size 3x14
                  text run at (0,0) width 3: " "
            RenderTableCell {TD} at (680,420) size 8x14 [bgcolor=#083131] [r=30 c=87 rs=1 cs=1]
              RenderInline {FONT} at (0,0) size 3x14
                RenderText {#text} at (0,0) size 3x14
                  text run at (0,0) width 3: " "
            RenderTableCell {TD} at (688,420) size 8x14 [bgcolor=#344C4E] [r=30 c=88 rs=1 cs=1]
              RenderInline {FONT} at (0,0) size 3x14
                RenderText {#text} at (0,0) size 3x14
                  text run at (0,0) width 3: " "
            RenderTableCell {TD} at (696,420) size 8x14 [bgcolor=#515C5B] [r=30 c=89 rs=1 cs=1]
              RenderInline {FONT} at (0,0) size 3x14
                RenderText {#text} at (0,0) size 3x14
                  text run at (0,0) width 3: " "
            RenderTableCell {TD} at (704,420) size 8x14 [bgcolor=#777878] [r=30 c=90 rs=1 cs=1]
              RenderInline {FONT} at (0,0) size 3x14
                RenderText {#text} at (0,0) size 3x14
                  text run at (0,0) width 3: " "
            RenderTableCell {TD} at (712,420) size 8x14 [bgcolor=#939494] [r=30 c=91 rs=1 cs=1]
              RenderInline {FONT} at (0,0) size 3x14
                RenderText {#text} at (0,0) size 3x14
                  text run at (0,0) width 3: " "
            RenderTableCell {TD} at (720,420) size 8x14 [bgcolor=#A5A6A6] [r=30 c=92 rs=1 cs=1]
              RenderInline {FONT} at (0,0) size 3x14
                RenderText {#text} at (0,0) size 3x14
                  text run at (0,0) width 3: " "
            RenderTableCell {TD} at (728,420) size 8x14 [bgcolor=#CECFCF] [r=30 c=93 rs=1 cs=1]
              RenderInline {FONT} at (0,0) size 3x14
                RenderText {#text} at (0,0) size 3x14
                  text run at (0,0) width 3: " "
            RenderTableCell {TD} at (736,420) size 8x14 [bgcolor=#E0EAE9] [r=30 c=94 rs=1 cs=1]
              RenderInline {FONT} at (0,0) size 3x14
                RenderText {#text} at (0,0) size 3x14
                  text run at (0,0) width 3: " "
            RenderTableCell {TD} at (744,420) size 8x14 [bgcolor=#FDFDFB] [r=30 c=95 rs=1 cs=1]
              RenderInline {FONT} at (0,0) size 3x14
                RenderText {#text} at (0,0) size 3x14
                  text run at (0,0) width 3: " "
            RenderTableCell {TD} at (752,420) size 8x14 [bgcolor=#FDFDFB] [r=30 c=96 rs=1 cs=1]
              RenderInline {FONT} at (0,0) size 3x14
                RenderText {#text} at (0,0) size 3x14
                  text run at (0,0) width 3: " "
            RenderTableCell {TD} at (760,420) size 8x14 [bgcolor=#FDFDFB] [r=30 c=97 rs=1 cs=1]
              RenderInline {FONT} at (0,0) size 3x14
                RenderText {#text} at (0,0) size 3x14
                  text run at (0,0) width 3: " "
            RenderTableCell {TD} at (768,420) size 8x14 [bgcolor=#FDFDFB] [r=30 c=98 rs=1 cs=1]
              RenderInline {FONT} at (0,0) size 3x14
                RenderText {#text} at (0,0) size 3x14
                  text run at (0,0) width 3: " "
            RenderTableCell {TD} at (776,420) size 8x14 [bgcolor=#FDFDFB] [r=30 c=99 rs=1 cs=1]
              RenderInline {FONT} at (0,0) size 3x14
                RenderText {#text} at (0,0) size 3x14
                  text run at (0,0) width 3: " "
          RenderTableRow {TR} at (0,434) size 784x14
            RenderTableCell {TD} at (0,434) size 7x14 [bgcolor=#FDFDFB] [r=31 c=0 rs=1 cs=1]
              RenderInline {FONT} at (0,0) size 3x14
                RenderText {#text} at (0,0) size 3x14
                  text run at (0,0) width 3: " "
            RenderTableCell {TD} at (7,434) size 7x14 [bgcolor=#FDFDFB] [r=31 c=1 rs=1 cs=1]
              RenderInline {FONT} at (0,0) size 3x14
                RenderText {#text} at (0,0) size 3x14
                  text run at (0,0) width 3: " "
            RenderTableCell {TD} at (14,434) size 7x14 [bgcolor=#FDFDFB] [r=31 c=2 rs=1 cs=1]
              RenderInline {FONT} at (0,0) size 3x14
                RenderText {#text} at (0,0) size 3x14
                  text run at (0,0) width 3: " "
            RenderTableCell {TD} at (21,434) size 7x14 [bgcolor=#FDFDFB] [r=31 c=3 rs=1 cs=1]
              RenderInline {FONT} at (0,0) size 3x14
                RenderText {#text} at (0,0) size 3x14
                  text run at (0,0) width 3: " "
            RenderTableCell {TD} at (28,434) size 7x14 [bgcolor=#FDFDFB] [r=31 c=4 rs=1 cs=1]
              RenderInline {FONT} at (0,0) size 3x14
                RenderText {#text} at (0,0) size 3x14
                  text run at (0,0) width 3: " "
            RenderTableCell {TD} at (35,434) size 7x14 [bgcolor=#FDFDFB] [r=31 c=5 rs=1 cs=1]
              RenderInline {FONT} at (0,0) size 3x14
                RenderText {#text} at (0,0) size 3x14
                  text run at (0,0) width 3: " "
            RenderTableCell {TD} at (42,434) size 7x14 [bgcolor=#FDFDFB] [r=31 c=6 rs=1 cs=1]
              RenderInline {FONT} at (0,0) size 3x14
                RenderText {#text} at (0,0) size 3x14
                  text run at (0,0) width 3: " "
            RenderTableCell {TD} at (49,434) size 7x14 [bgcolor=#FDFDFB] [r=31 c=7 rs=1 cs=1]
              RenderInline {FONT} at (0,0) size 3x14
                RenderText {#text} at (0,0) size 3x14
                  text run at (0,0) width 3: " "
            RenderTableCell {TD} at (56,434) size 7x14 [bgcolor=#FDFDFB] [r=31 c=8 rs=1 cs=1]
              RenderInline {FONT} at (0,0) size 3x14
                RenderText {#text} at (0,0) size 3x14
                  text run at (0,0) width 3: " "
            RenderTableCell {TD} at (63,434) size 7x14 [bgcolor=#FDFDFB] [r=31 c=9 rs=1 cs=1]
              RenderInline {FONT} at (0,0) size 3x14
                RenderText {#text} at (0,0) size 3x14
                  text run at (0,0) width 3: " "
            RenderTableCell {TD} at (70,434) size 7x14 [bgcolor=#FDFDFB] [r=31 c=10 rs=1 cs=1]
              RenderInline {FONT} at (0,0) size 3x14
                RenderText {#text} at (0,0) size 3x14
                  text run at (0,0) width 3: " "
            RenderTableCell {TD} at (77,434) size 7x14 [bgcolor=#FDFDFB] [r=31 c=11 rs=1 cs=1]
              RenderInline {FONT} at (0,0) size 3x14
                RenderText {#text} at (0,0) size 3x14
                  text run at (0,0) width 3: " "
            RenderTableCell {TD} at (84,434) size 7x14 [bgcolor=#FDFDFB] [r=31 c=12 rs=1 cs=1]
              RenderInline {FONT} at (0,0) size 3x14
                RenderText {#text} at (0,0) size 3x14
                  text run at (0,0) width 3: " "
            RenderTableCell {TD} at (91,434) size 7x14 [bgcolor=#FDFDFB] [r=31 c=13 rs=1 cs=1]
              RenderInline {FONT} at (0,0) size 3x14
                RenderText {#text} at (0,0) size 3x14
                  text run at (0,0) width 3: " "
            RenderTableCell {TD} at (98,434) size 7x14 [bgcolor=#FDFDFB] [r=31 c=14 rs=1 cs=1]
              RenderInline {FONT} at (0,0) size 3x14
                RenderText {#text} at (0,0) size 3x14
                  text run at (0,0) width 3: " "
            RenderTableCell {TD} at (105,434) size 7x14 [bgcolor=#FDFDFB] [r=31 c=15 rs=1 cs=1]
              RenderInline {FONT} at (0,0) size 3x14
                RenderText {#text} at (0,0) size 3x14
                  text run at (0,0) width 3: " "
            RenderTableCell {TD} at (112,434) size 8x14 [bgcolor=#FDFDFB] [r=31 c=16 rs=1 cs=1]
              RenderInline {FONT} at (0,0) size 3x14
                RenderText {#text} at (0,0) size 3x14
                  text run at (0,0) width 3: " "
            RenderTableCell {TD} at (120,434) size 8x14 [bgcolor=#FDFDFB] [r=31 c=17 rs=1 cs=1]
              RenderInline {FONT} at (0,0) size 3x14
                RenderText {#text} at (0,0) size 3x14
                  text run at (0,0) width 3: " "
            RenderTableCell {TD} at (128,434) size 8x14 [bgcolor=#FDFDFB] [r=31 c=18 rs=1 cs=1]
              RenderInline {FONT} at (0,0) size 3x14
                RenderText {#text} at (0,0) size 3x14
                  text run at (0,0) width 3: " "
            RenderTableCell {TD} at (136,434) size 8x14 [bgcolor=#FDFDFB] [r=31 c=19 rs=1 cs=1]
              RenderInline {FONT} at (0,0) size 3x14
                RenderText {#text} at (0,0) size 3x14
                  text run at (0,0) width 3: " "
            RenderTableCell {TD} at (144,434) size 8x14 [bgcolor=#FDFDFB] [r=31 c=20 rs=1 cs=1]
              RenderInline {FONT} at (0,0) size 3x14
                RenderText {#text} at (0,0) size 3x14
                  text run at (0,0) width 3: " "
            RenderTableCell {TD} at (152,434) size 8x14 [bgcolor=#FDFDFB] [r=31 c=21 rs=1 cs=1]
              RenderInline {FONT} at (0,0) size 3x14
                RenderText {#text} at (0,0) size 3x14
                  text run at (0,0) width 3: " "
            RenderTableCell {TD} at (160,434) size 8x14 [bgcolor=#FDFDFB] [r=31 c=22 rs=1 cs=1]
              RenderInline {FONT} at (0,0) size 3x14
                RenderText {#text} at (0,0) size 3x14
                  text run at (0,0) width 3: " "
            RenderTableCell {TD} at (168,434) size 8x14 [bgcolor=#FDFDFB] [r=31 c=23 rs=1 cs=1]
              RenderInline {FONT} at (0,0) size 3x14
                RenderText {#text} at (0,0) size 3x14
                  text run at (0,0) width 3: " "
            RenderTableCell {TD} at (176,434) size 8x14 [bgcolor=#FDFDFB] [r=31 c=24 rs=1 cs=1]
              RenderInline {FONT} at (0,0) size 3x14
                RenderText {#text} at (0,0) size 3x14
                  text run at (0,0) width 3: " "
            RenderTableCell {TD} at (184,434) size 8x14 [bgcolor=#FDFDFB] [r=31 c=25 rs=1 cs=1]
              RenderInline {FONT} at (0,0) size 3x14
                RenderText {#text} at (0,0) size 3x14
                  text run at (0,0) width 3: " "
            RenderTableCell {TD} at (192,434) size 8x14 [bgcolor=#FDFDFB] [r=31 c=26 rs=1 cs=1]
              RenderInline {FONT} at (0,0) size 3x14
                RenderText {#text} at (0,0) size 3x14
                  text run at (0,0) width 3: " "
            RenderTableCell {TD} at (200,434) size 8x14 [bgcolor=#FDFDFB] [r=31 c=27 rs=1 cs=1]
              RenderInline {FONT} at (0,0) size 3x14
                RenderText {#text} at (0,0) size 3x14
                  text run at (0,0) width 3: " "
            RenderTableCell {TD} at (208,434) size 8x14 [bgcolor=#FDFDFB] [r=31 c=28 rs=1 cs=1]
              RenderInline {FONT} at (0,0) size 3x14
                RenderText {#text} at (0,0) size 3x14
                  text run at (0,0) width 3: " "
            RenderTableCell {TD} at (216,434) size 8x14 [bgcolor=#FDFDFB] [r=31 c=29 rs=1 cs=1]
              RenderInline {FONT} at (0,0) size 3x14
                RenderText {#text} at (0,0) size 3x14
                  text run at (0,0) width 3: " "
            RenderTableCell {TD} at (224,434) size 8x14 [bgcolor=#FDFDFB] [r=31 c=30 rs=1 cs=1]
              RenderInline {FONT} at (0,0) size 3x14
                RenderText {#text} at (0,0) size 3x14
                  text run at (0,0) width 3: " "
            RenderTableCell {TD} at (232,434) size 8x14 [bgcolor=#FDFDFB] [r=31 c=31 rs=1 cs=1]
              RenderInline {FONT} at (0,0) size 3x14
                RenderText {#text} at (0,0) size 3x14
                  text run at (0,0) width 3: " "
            RenderTableCell {TD} at (240,434) size 8x14 [bgcolor=#FDFDFB] [r=31 c=32 rs=1 cs=1]
              RenderInline {FONT} at (0,0) size 3x14
                RenderText {#text} at (0,0) size 3x14
                  text run at (0,0) width 3: " "
            RenderTableCell {TD} at (248,434) size 8x14 [bgcolor=#FDFDFB] [r=31 c=33 rs=1 cs=1]
              RenderInline {FONT} at (0,0) size 3x14
                RenderText {#text} at (0,0) size 3x14
                  text run at (0,0) width 3: " "
            RenderTableCell {TD} at (256,434) size 8x14 [bgcolor=#FDFDFB] [r=31 c=34 rs=1 cs=1]
              RenderInline {FONT} at (0,0) size 3x14
                RenderText {#text} at (0,0) size 3x14
                  text run at (0,0) width 3: " "
            RenderTableCell {TD} at (264,434) size 8x14 [bgcolor=#FDFDFB] [r=31 c=35 rs=1 cs=1]
              RenderInline {FONT} at (0,0) size 3x14
                RenderText {#text} at (0,0) size 3x14
                  text run at (0,0) width 3: " "
            RenderTableCell {TD} at (272,434) size 8x14 [bgcolor=#FDFDFB] [r=31 c=36 rs=1 cs=1]
              RenderInline {FONT} at (0,0) size 3x14
                RenderText {#text} at (0,0) size 3x14
                  text run at (0,0) width 3: " "
            RenderTableCell {TD} at (280,434) size 8x14 [bgcolor=#FDFDFB] [r=31 c=37 rs=1 cs=1]
              RenderInline {FONT} at (0,0) size 3x14
                RenderText {#text} at (0,0) size 3x14
                  text run at (0,0) width 3: " "
            RenderTableCell {TD} at (288,434) size 8x14 [bgcolor=#FDFDFB] [r=31 c=38 rs=1 cs=1]
              RenderInline {FONT} at (0,0) size 3x14
                RenderText {#text} at (0,0) size 3x14
                  text run at (0,0) width 3: " "
            RenderTableCell {TD} at (296,434) size 8x14 [bgcolor=#FDFDFB] [r=31 c=39 rs=1 cs=1]
              RenderInline {FONT} at (0,0) size 3x14
                RenderText {#text} at (0,0) size 3x14
                  text run at (0,0) width 3: " "
            RenderTableCell {TD} at (304,434) size 8x14 [bgcolor=#FDFDFB] [r=31 c=40 rs=1 cs=1]
              RenderInline {FONT} at (0,0) size 3x14
                RenderText {#text} at (0,0) size 3x14
                  text run at (0,0) width 3: " "
            RenderTableCell {TD} at (312,434) size 8x14 [bgcolor=#FDFDFB] [r=31 c=41 rs=1 cs=1]
              RenderInline {FONT} at (0,0) size 3x14
                RenderText {#text} at (0,0) size 3x14
                  text run at (0,0) width 3: " "
            RenderTableCell {TD} at (320,434) size 8x14 [bgcolor=#FDFDFB] [r=31 c=42 rs=1 cs=1]
              RenderInline {FONT} at (0,0) size 3x14
                RenderText {#text} at (0,0) size 3x14
                  text run at (0,0) width 3: " "
            RenderTableCell {TD} at (328,434) size 8x14 [bgcolor=#FDFDFB] [r=31 c=43 rs=1 cs=1]
              RenderInline {FONT} at (0,0) size 3x14
                RenderText {#text} at (0,0) size 3x14
                  text run at (0,0) width 3: " "
            RenderTableCell {TD} at (336,434) size 8x14 [bgcolor=#FDFDFB] [r=31 c=44 rs=1 cs=1]
              RenderInline {FONT} at (0,0) size 3x14
                RenderText {#text} at (0,0) size 3x14
                  text run at (0,0) width 3: " "
            RenderTableCell {TD} at (344,434) size 8x14 [bgcolor=#FDFDFB] [r=31 c=45 rs=1 cs=1]
              RenderInline {FONT} at (0,0) size 3x14
                RenderText {#text} at (0,0) size 3x14
                  text run at (0,0) width 3: " "
            RenderTableCell {TD} at (352,434) size 8x14 [bgcolor=#FDFDFB] [r=31 c=46 rs=1 cs=1]
              RenderInline {FONT} at (0,0) size 3x14
                RenderText {#text} at (0,0) size 3x14
                  text run at (0,0) width 3: " "
            RenderTableCell {TD} at (360,434) size 8x14 [bgcolor=#FDFDFB] [r=31 c=47 rs=1 cs=1]
              RenderInline {FONT} at (0,0) size 3x14
                RenderText {#text} at (0,0) size 3x14
                  text run at (0,0) width 3: " "
            RenderTableCell {TD} at (368,434) size 8x14 [bgcolor=#FDFDFB] [r=31 c=48 rs=1 cs=1]
              RenderInline {FONT} at (0,0) size 3x14
                RenderText {#text} at (0,0) size 3x14
                  text run at (0,0) width 3: " "
            RenderTableCell {TD} at (376,434) size 8x14 [bgcolor=#FDFDFB] [r=31 c=49 rs=1 cs=1]
              RenderInline {FONT} at (0,0) size 3x14
                RenderText {#text} at (0,0) size 3x14
                  text run at (0,0) width 3: " "
            RenderTableCell {TD} at (384,434) size 8x14 [bgcolor=#FDFDFB] [r=31 c=50 rs=1 cs=1]
              RenderInline {FONT} at (0,0) size 3x14
                RenderText {#text} at (0,0) size 3x14
                  text run at (0,0) width 3: " "
            RenderTableCell {TD} at (392,434) size 8x14 [bgcolor=#FDFDFB] [r=31 c=51 rs=1 cs=1]
              RenderInline {FONT} at (0,0) size 3x14
                RenderText {#text} at (0,0) size 3x14
                  text run at (0,0) width 3: " "
            RenderTableCell {TD} at (400,434) size 8x14 [bgcolor=#FDFDFB] [r=31 c=52 rs=1 cs=1]
              RenderInline {FONT} at (0,0) size 3x14
                RenderText {#text} at (0,0) size 3x14
                  text run at (0,0) width 3: " "
            RenderTableCell {TD} at (408,434) size 8x14 [bgcolor=#FDFDFB] [r=31 c=53 rs=1 cs=1]
              RenderInline {FONT} at (0,0) size 3x14
                RenderText {#text} at (0,0) size 3x14
                  text run at (0,0) width 3: " "
            RenderTableCell {TD} at (416,434) size 8x14 [bgcolor=#FDFDFB] [r=31 c=54 rs=1 cs=1]
              RenderInline {FONT} at (0,0) size 3x14
                RenderText {#text} at (0,0) size 3x14
                  text run at (0,0) width 3: " "
            RenderTableCell {TD} at (424,434) size 8x14 [bgcolor=#FDFDFB] [r=31 c=55 rs=1 cs=1]
              RenderInline {FONT} at (0,0) size 3x14
                RenderText {#text} at (0,0) size 3x14
                  text run at (0,0) width 3: " "
            RenderTableCell {TD} at (432,434) size 8x14 [bgcolor=#FDFDFB] [r=31 c=56 rs=1 cs=1]
              RenderInline {FONT} at (0,0) size 3x14
                RenderText {#text} at (0,0) size 3x14
                  text run at (0,0) width 3: " "
            RenderTableCell {TD} at (440,434) size 8x14 [bgcolor=#FDFDFB] [r=31 c=57 rs=1 cs=1]
              RenderInline {FONT} at (0,0) size 3x14
                RenderText {#text} at (0,0) size 3x14
                  text run at (0,0) width 3: " "
            RenderTableCell {TD} at (448,434) size 8x14 [bgcolor=#FDFDFB] [r=31 c=58 rs=1 cs=1]
              RenderInline {FONT} at (0,0) size 3x14
                RenderText {#text} at (0,0) size 3x14
                  text run at (0,0) width 3: " "
            RenderTableCell {TD} at (456,434) size 8x14 [bgcolor=#FDFDFB] [r=31 c=59 rs=1 cs=1]
              RenderInline {FONT} at (0,0) size 3x14
                RenderText {#text} at (0,0) size 3x14
                  text run at (0,0) width 3: " "
            RenderTableCell {TD} at (464,434) size 8x14 [bgcolor=#FDFDFB] [r=31 c=60 rs=1 cs=1]
              RenderInline {FONT} at (0,0) size 3x14
                RenderText {#text} at (0,0) size 3x14
                  text run at (0,0) width 3: " "
            RenderTableCell {TD} at (472,434) size 8x14 [bgcolor=#FDFDFB] [r=31 c=61 rs=1 cs=1]
              RenderInline {FONT} at (0,0) size 3x14
                RenderText {#text} at (0,0) size 3x14
                  text run at (0,0) width 3: " "
            RenderTableCell {TD} at (480,434) size 8x14 [bgcolor=#FDFDFB] [r=31 c=62 rs=1 cs=1]
              RenderInline {FONT} at (0,0) size 3x14
                RenderText {#text} at (0,0) size 3x14
                  text run at (0,0) width 3: " "
            RenderTableCell {TD} at (488,434) size 8x14 [bgcolor=#FDFDFB] [r=31 c=63 rs=1 cs=1]
              RenderInline {FONT} at (0,0) size 3x14
                RenderText {#text} at (0,0) size 3x14
                  text run at (0,0) width 3: " "
            RenderTableCell {TD} at (496,434) size 8x14 [bgcolor=#FDFDFB] [r=31 c=64 rs=1 cs=1]
              RenderInline {FONT} at (0,0) size 3x14
                RenderText {#text} at (0,0) size 3x14
                  text run at (0,0) width 3: " "
            RenderTableCell {TD} at (504,434) size 8x14 [bgcolor=#EDEEEF] [r=31 c=65 rs=1 cs=1]
              RenderInline {FONT} at (0,0) size 3x14
                RenderText {#text} at (0,0) size 3x14
                  text run at (0,0) width 3: " "
            RenderTableCell {TD} at (512,434) size 8x14 [bgcolor=#DEDFDF] [r=31 c=66 rs=1 cs=1]
              RenderInline {FONT} at (0,0) size 3x14
                RenderText {#text} at (0,0) size 3x14
                  text run at (0,0) width 3: " "
            RenderTableCell {TD} at (520,434) size 8x14 [bgcolor=#B4B4B4] [r=31 c=67 rs=1 cs=1]
              RenderInline {FONT} at (0,0) size 3x14
                RenderText {#text} at (0,0) size 3x14
                  text run at (0,0) width 3: " "
            RenderTableCell {TD} at (528,434) size 8x14 [bgcolor=#91A3A3] [r=31 c=68 rs=1 cs=1]
              RenderInline {FONT} at (0,0) size 3x14
                RenderText {#text} at (0,0) size 3x14
                  text run at (0,0) width 3: " "
            RenderTableCell {TD} at (536,434) size 8x14 [bgcolor=#848788] [r=31 c=69 rs=1 cs=1]
              RenderInline {FONT} at (0,0) size 3x14
                RenderText {#text} at (0,0) size 3x14
                  text run at (0,0) width 3: " "
            RenderTableCell {TD} at (544,434) size 8x14 [bgcolor=#647979] [r=31 c=70 rs=1 cs=1]
              RenderInline {FONT} at (0,0) size 3x14
                RenderText {#text} at (0,0) size 3x14
                  text run at (0,0) width 3: " "
            RenderTableCell {TD} at (552,434) size 8x14 [bgcolor=#515C5B] [r=31 c=71 rs=1 cs=1]
              RenderInline {FONT} at (0,0) size 3x14
                RenderText {#text} at (0,0) size 3x14
                  text run at (0,0) width 3: " "
            RenderTableCell {TD} at (560,434) size 8x14 [bgcolor=#425A5A] [r=31 c=72 rs=1 cs=1]
              RenderInline {FONT} at (0,0) size 3x14
                RenderText {#text} at (0,0) size 3x14
                  text run at (0,0) width 3: " "
            RenderTableCell {TD} at (568,434) size 8x14 [bgcolor=#344C4E] [r=31 c=73 rs=1 cs=1]
              RenderInline {FONT} at (0,0) size 3x14
                RenderText {#text} at (0,0) size 3x14
                  text run at (0,0) width 3: " "
            RenderTableCell {TD} at (576,434) size 8x14 [bgcolor=#344C4E] [r=31 c=74 rs=1 cs=1]
              RenderInline {FONT} at (0,0) size 3x14
                RenderText {#text} at (0,0) size 3x14
                  text run at (0,0) width 3: " "
            RenderTableCell {TD} at (584,434) size 8x14 [bgcolor=#344C4E] [r=31 c=75 rs=1 cs=1]
              RenderInline {FONT} at (0,0) size 3x14
                RenderText {#text} at (0,0) size 3x14
                  text run at (0,0) width 3: " "
            RenderTableCell {TD} at (592,434) size 8x14 [bgcolor=#274C4D] [r=31 c=76 rs=1 cs=1]
              RenderInline {FONT} at (0,0) size 3x14
                RenderText {#text} at (0,0) size 3x14
                  text run at (0,0) width 3: " "
            RenderTableCell {TD} at (600,434) size 8x14 [bgcolor=#274C4D] [r=31 c=77 rs=1 cs=1]
              RenderInline {FONT} at (0,0) size 3x14
                RenderText {#text} at (0,0) size 3x14
                  text run at (0,0) width 3: " "
            RenderTableCell {TD} at (608,434) size 8x14 [bgcolor=#223C3D] [r=31 c=78 rs=1 cs=1]
              RenderInline {FONT} at (0,0) size 3x14
                RenderText {#text} at (0,0) size 3x14
                  text run at (0,0) width 3: " "
            RenderTableCell {TD} at (616,434) size 8x14 [bgcolor=#274C4D] [r=31 c=79 rs=1 cs=1]
              RenderInline {FONT} at (0,0) size 3x14
                RenderText {#text} at (0,0) size 3x14
                  text run at (0,0) width 3: " "
            RenderTableCell {TD} at (624,434) size 8x14 [bgcolor=#274C4D] [r=31 c=80 rs=1 cs=1]
              RenderInline {FONT} at (0,0) size 3x14
                RenderText {#text} at (0,0) size 3x14
                  text run at (0,0) width 3: " "
            RenderTableCell {TD} at (632,434) size 8x14 [bgcolor=#274C4D] [r=31 c=81 rs=1 cs=1]
              RenderInline {FONT} at (0,0) size 3x14
                RenderText {#text} at (0,0) size 3x14
                  text run at (0,0) width 3: " "
            RenderTableCell {TD} at (640,434) size 8x14 [bgcolor=#344C4E] [r=31 c=82 rs=1 cs=1]
              RenderInline {FONT} at (0,0) size 3x14
                RenderText {#text} at (0,0) size 3x14
                  text run at (0,0) width 3: " "
            RenderTableCell {TD} at (648,434) size 8x14 [bgcolor=#344C4E] [r=31 c=83 rs=1 cs=1]
              RenderInline {FONT} at (0,0) size 3x14
                RenderText {#text} at (0,0) size 3x14
                  text run at (0,0) width 3: " "
            RenderTableCell {TD} at (656,434) size 8x14 [bgcolor=#344C4E] [r=31 c=84 rs=1 cs=1]
              RenderInline {FONT} at (0,0) size 3x14
                RenderText {#text} at (0,0) size 3x14
                  text run at (0,0) width 3: " "
            RenderTableCell {TD} at (664,434) size 8x14 [bgcolor=#5E5F60] [r=31 c=85 rs=1 cs=1]
              RenderInline {FONT} at (0,0) size 3x14
                RenderText {#text} at (0,0) size 3x14
                  text run at (0,0) width 3: " "
            RenderTableCell {TD} at (672,434) size 8x14 [bgcolor=#777878] [r=31 c=86 rs=1 cs=1]
              RenderInline {FONT} at (0,0) size 3x14
                RenderText {#text} at (0,0) size 3x14
                  text run at (0,0) width 3: " "
            RenderTableCell {TD} at (680,434) size 8x14 [bgcolor=#848788] [r=31 c=87 rs=1 cs=1]
              RenderInline {FONT} at (0,0) size 3x14
                RenderText {#text} at (0,0) size 3x14
                  text run at (0,0) width 3: " "
            RenderTableCell {TD} at (688,434) size 8x14 [bgcolor=#848788] [r=31 c=88 rs=1 cs=1]
              RenderInline {FONT} at (0,0) size 3x14
                RenderText {#text} at (0,0) size 3x14
                  text run at (0,0) width 3: " "
            RenderTableCell {TD} at (696,434) size 8x14 [bgcolor=#939494] [r=31 c=89 rs=1 cs=1]
              RenderInline {FONT} at (0,0) size 3x14
                RenderText {#text} at (0,0) size 3x14
                  text run at (0,0) width 3: " "
            RenderTableCell {TD} at (704,434) size 8x14 [bgcolor=#B4B4B4] [r=31 c=90 rs=1 cs=1]
              RenderInline {FONT} at (0,0) size 3x14
                RenderText {#text} at (0,0) size 3x14
                  text run at (0,0) width 3: " "
            RenderTableCell {TD} at (712,434) size 8x14 [bgcolor=#BEC2C2] [r=31 c=91 rs=1 cs=1]
              RenderInline {FONT} at (0,0) size 3x14
                RenderText {#text} at (0,0) size 3x14
                  text run at (0,0) width 3: " "
            RenderTableCell {TD} at (720,434) size 8x14 [bgcolor=#DEDFDF] [r=31 c=92 rs=1 cs=1]
              RenderInline {FONT} at (0,0) size 3x14
                RenderText {#text} at (0,0) size 3x14
                  text run at (0,0) width 3: " "
            RenderTableCell {TD} at (728,434) size 8x14 [bgcolor=#EDEEEF] [r=31 c=93 rs=1 cs=1]
              RenderInline {FONT} at (0,0) size 3x14
                RenderText {#text} at (0,0) size 3x14
                  text run at (0,0) width 3: " "
            RenderTableCell {TD} at (736,434) size 8x14 [bgcolor=#FDFDFB] [r=31 c=94 rs=1 cs=1]
              RenderInline {FONT} at (0,0) size 3x14
                RenderText {#text} at (0,0) size 3x14
                  text run at (0,0) width 3: " "
            RenderTableCell {TD} at (744,434) size 8x14 [bgcolor=#FDFDFB] [r=31 c=95 rs=1 cs=1]
              RenderInline {FONT} at (0,0) size 3x14
                RenderText {#text} at (0,0) size 3x14
                  text run at (0,0) width 3: " "
            RenderTableCell {TD} at (752,434) size 8x14 [bgcolor=#FDFDFB] [r=31 c=96 rs=1 cs=1]
              RenderInline {FONT} at (0,0) size 3x14
                RenderText {#text} at (0,0) size 3x14
                  text run at (0,0) width 3: " "
            RenderTableCell {TD} at (760,434) size 8x14 [bgcolor=#FDFDFB] [r=31 c=97 rs=1 cs=1]
              RenderInline {FONT} at (0,0) size 3x14
                RenderText {#text} at (0,0) size 3x14
                  text run at (0,0) width 3: " "
            RenderTableCell {TD} at (768,434) size 8x14 [bgcolor=#FDFDFB] [r=31 c=98 rs=1 cs=1]
              RenderInline {FONT} at (0,0) size 3x14
                RenderText {#text} at (0,0) size 3x14
                  text run at (0,0) width 3: " "
            RenderTableCell {TD} at (776,434) size 8x14 [bgcolor=#FDFDFB] [r=31 c=99 rs=1 cs=1]
              RenderInline {FONT} at (0,0) size 3x14
                RenderText {#text} at (0,0) size 3x14
                  text run at (0,0) width 3: " "
          RenderTableRow {TR} at (0,448) size 784x14
            RenderTableCell {TD} at (0,448) size 7x14 [bgcolor=#FDFDFB] [r=32 c=0 rs=1 cs=1]
              RenderInline {FONT} at (0,0) size 3x14
                RenderText {#text} at (0,0) size 3x14
                  text run at (0,0) width 3: " "
            RenderTableCell {TD} at (7,448) size 7x14 [bgcolor=#FDFDFB] [r=32 c=1 rs=1 cs=1]
              RenderInline {FONT} at (0,0) size 3x14
                RenderText {#text} at (0,0) size 3x14
                  text run at (0,0) width 3: " "
            RenderTableCell {TD} at (14,448) size 7x14 [bgcolor=#FDFDFB] [r=32 c=2 rs=1 cs=1]
              RenderInline {FONT} at (0,0) size 3x14
                RenderText {#text} at (0,0) size 3x14
                  text run at (0,0) width 3: " "
            RenderTableCell {TD} at (21,448) size 7x14 [bgcolor=#FDFDFB] [r=32 c=3 rs=1 cs=1]
              RenderInline {FONT} at (0,0) size 3x14
                RenderText {#text} at (0,0) size 3x14
                  text run at (0,0) width 3: " "
            RenderTableCell {TD} at (28,448) size 7x14 [bgcolor=#FDFDFB] [r=32 c=4 rs=1 cs=1]
              RenderInline {FONT} at (0,0) size 3x14
                RenderText {#text} at (0,0) size 3x14
                  text run at (0,0) width 3: " "
            RenderTableCell {TD} at (35,448) size 7x14 [bgcolor=#FDFDFB] [r=32 c=5 rs=1 cs=1]
              RenderInline {FONT} at (0,0) size 3x14
                RenderText {#text} at (0,0) size 3x14
                  text run at (0,0) width 3: " "
            RenderTableCell {TD} at (42,448) size 7x14 [bgcolor=#FDFDFB] [r=32 c=6 rs=1 cs=1]
              RenderInline {FONT} at (0,0) size 3x14
                RenderText {#text} at (0,0) size 3x14
                  text run at (0,0) width 3: " "
            RenderTableCell {TD} at (49,448) size 7x14 [bgcolor=#FDFDFB] [r=32 c=7 rs=1 cs=1]
              RenderInline {FONT} at (0,0) size 3x14
                RenderText {#text} at (0,0) size 3x14
                  text run at (0,0) width 3: " "
            RenderTableCell {TD} at (56,448) size 7x14 [bgcolor=#FDFDFB] [r=32 c=8 rs=1 cs=1]
              RenderInline {FONT} at (0,0) size 3x14
                RenderText {#text} at (0,0) size 3x14
                  text run at (0,0) width 3: " "
            RenderTableCell {TD} at (63,448) size 7x14 [bgcolor=#FDFDFB] [r=32 c=9 rs=1 cs=1]
              RenderInline {FONT} at (0,0) size 3x14
                RenderText {#text} at (0,0) size 3x14
                  text run at (0,0) width 3: " "
            RenderTableCell {TD} at (70,448) size 7x14 [bgcolor=#FDFDFB] [r=32 c=10 rs=1 cs=1]
              RenderInline {FONT} at (0,0) size 3x14
                RenderText {#text} at (0,0) size 3x14
                  text run at (0,0) width 3: " "
            RenderTableCell {TD} at (77,448) size 7x14 [bgcolor=#FDFDFB] [r=32 c=11 rs=1 cs=1]
              RenderInline {FONT} at (0,0) size 3x14
                RenderText {#text} at (0,0) size 3x14
                  text run at (0,0) width 3: " "
            RenderTableCell {TD} at (84,448) size 7x14 [bgcolor=#FDFDFB] [r=32 c=12 rs=1 cs=1]
              RenderInline {FONT} at (0,0) size 3x14
                RenderText {#text} at (0,0) size 3x14
                  text run at (0,0) width 3: " "
            RenderTableCell {TD} at (91,448) size 7x14 [bgcolor=#FDFDFB] [r=32 c=13 rs=1 cs=1]
              RenderInline {FONT} at (0,0) size 3x14
                RenderText {#text} at (0,0) size 3x14
                  text run at (0,0) width 3: " "
            RenderTableCell {TD} at (98,448) size 7x14 [bgcolor=#FDFDFB] [r=32 c=14 rs=1 cs=1]
              RenderInline {FONT} at (0,0) size 3x14
                RenderText {#text} at (0,0) size 3x14
                  text run at (0,0) width 3: " "
            RenderTableCell {TD} at (105,448) size 7x14 [bgcolor=#FDFDFB] [r=32 c=15 rs=1 cs=1]
              RenderInline {FONT} at (0,0) size 3x14
                RenderText {#text} at (0,0) size 3x14
                  text run at (0,0) width 3: " "
            RenderTableCell {TD} at (112,448) size 8x14 [bgcolor=#FDFDFB] [r=32 c=16 rs=1 cs=1]
              RenderInline {FONT} at (0,0) size 3x14
                RenderText {#text} at (0,0) size 3x14
                  text run at (0,0) width 3: " "
            RenderTableCell {TD} at (120,448) size 8x14 [bgcolor=#FDFDFB] [r=32 c=17 rs=1 cs=1]
              RenderInline {FONT} at (0,0) size 3x14
                RenderText {#text} at (0,0) size 3x14
                  text run at (0,0) width 3: " "
            RenderTableCell {TD} at (128,448) size 8x14 [bgcolor=#FDFDFB] [r=32 c=18 rs=1 cs=1]
              RenderInline {FONT} at (0,0) size 3x14
                RenderText {#text} at (0,0) size 3x14
                  text run at (0,0) width 3: " "
            RenderTableCell {TD} at (136,448) size 8x14 [bgcolor=#FDFDFB] [r=32 c=19 rs=1 cs=1]
              RenderInline {FONT} at (0,0) size 3x14
                RenderText {#text} at (0,0) size 3x14
                  text run at (0,0) width 3: " "
            RenderTableCell {TD} at (144,448) size 8x14 [bgcolor=#FDFDFB] [r=32 c=20 rs=1 cs=1]
              RenderInline {FONT} at (0,0) size 3x14
                RenderText {#text} at (0,0) size 3x14
                  text run at (0,0) width 3: " "
            RenderTableCell {TD} at (152,448) size 8x14 [bgcolor=#FDFDFB] [r=32 c=21 rs=1 cs=1]
              RenderInline {FONT} at (0,0) size 3x14
                RenderText {#text} at (0,0) size 3x14
                  text run at (0,0) width 3: " "
            RenderTableCell {TD} at (160,448) size 8x14 [bgcolor=#FDFDFB] [r=32 c=22 rs=1 cs=1]
              RenderInline {FONT} at (0,0) size 3x14
                RenderText {#text} at (0,0) size 3x14
                  text run at (0,0) width 3: " "
            RenderTableCell {TD} at (168,448) size 8x14 [bgcolor=#FDFDFB] [r=32 c=23 rs=1 cs=1]
              RenderInline {FONT} at (0,0) size 3x14
                RenderText {#text} at (0,0) size 3x14
                  text run at (0,0) width 3: " "
            RenderTableCell {TD} at (176,448) size 8x14 [bgcolor=#FDFDFB] [r=32 c=24 rs=1 cs=1]
              RenderInline {FONT} at (0,0) size 3x14
                RenderText {#text} at (0,0) size 3x14
                  text run at (0,0) width 3: " "
            RenderTableCell {TD} at (184,448) size 8x14 [bgcolor=#FDFDFB] [r=32 c=25 rs=1 cs=1]
              RenderInline {FONT} at (0,0) size 3x14
                RenderText {#text} at (0,0) size 3x14
                  text run at (0,0) width 3: " "
            RenderTableCell {TD} at (192,448) size 8x14 [bgcolor=#FDFDFB] [r=32 c=26 rs=1 cs=1]
              RenderInline {FONT} at (0,0) size 3x14
                RenderText {#text} at (0,0) size 3x14
                  text run at (0,0) width 3: " "
            RenderTableCell {TD} at (200,448) size 8x14 [bgcolor=#FDFDFB] [r=32 c=27 rs=1 cs=1]
              RenderInline {FONT} at (0,0) size 3x14
                RenderText {#text} at (0,0) size 3x14
                  text run at (0,0) width 3: " "
            RenderTableCell {TD} at (208,448) size 8x14 [bgcolor=#FDFDFB] [r=32 c=28 rs=1 cs=1]
              RenderInline {FONT} at (0,0) size 3x14
                RenderText {#text} at (0,0) size 3x14
                  text run at (0,0) width 3: " "
            RenderTableCell {TD} at (216,448) size 8x14 [bgcolor=#FDFDFB] [r=32 c=29 rs=1 cs=1]
              RenderInline {FONT} at (0,0) size 3x14
                RenderText {#text} at (0,0) size 3x14
                  text run at (0,0) width 3: " "
            RenderTableCell {TD} at (224,448) size 8x14 [bgcolor=#FDFDFB] [r=32 c=30 rs=1 cs=1]
              RenderInline {FONT} at (0,0) size 3x14
                RenderText {#text} at (0,0) size 3x14
                  text run at (0,0) width 3: " "
            RenderTableCell {TD} at (232,448) size 8x14 [bgcolor=#FDFDFB] [r=32 c=31 rs=1 cs=1]
              RenderInline {FONT} at (0,0) size 3x14
                RenderText {#text} at (0,0) size 3x14
                  text run at (0,0) width 3: " "
            RenderTableCell {TD} at (240,448) size 8x14 [bgcolor=#FDFDFB] [r=32 c=32 rs=1 cs=1]
              RenderInline {FONT} at (0,0) size 3x14
                RenderText {#text} at (0,0) size 3x14
                  text run at (0,0) width 3: " "
            RenderTableCell {TD} at (248,448) size 8x14 [bgcolor=#FDFDFB] [r=32 c=33 rs=1 cs=1]
              RenderInline {FONT} at (0,0) size 3x14
                RenderText {#text} at (0,0) size 3x14
                  text run at (0,0) width 3: " "
            RenderTableCell {TD} at (256,448) size 8x14 [bgcolor=#FDFDFB] [r=32 c=34 rs=1 cs=1]
              RenderInline {FONT} at (0,0) size 3x14
                RenderText {#text} at (0,0) size 3x14
                  text run at (0,0) width 3: " "
            RenderTableCell {TD} at (264,448) size 8x14 [bgcolor=#FDFDFB] [r=32 c=35 rs=1 cs=1]
              RenderInline {FONT} at (0,0) size 3x14
                RenderText {#text} at (0,0) size 3x14
                  text run at (0,0) width 3: " "
            RenderTableCell {TD} at (272,448) size 8x14 [bgcolor=#FDFDFB] [r=32 c=36 rs=1 cs=1]
              RenderInline {FONT} at (0,0) size 3x14
                RenderText {#text} at (0,0) size 3x14
                  text run at (0,0) width 3: " "
            RenderTableCell {TD} at (280,448) size 8x14 [bgcolor=#FDFDFB] [r=32 c=37 rs=1 cs=1]
              RenderInline {FONT} at (0,0) size 3x14
                RenderText {#text} at (0,0) size 3x14
                  text run at (0,0) width 3: " "
            RenderTableCell {TD} at (288,448) size 8x14 [bgcolor=#FDFDFB] [r=32 c=38 rs=1 cs=1]
              RenderInline {FONT} at (0,0) size 3x14
                RenderText {#text} at (0,0) size 3x14
                  text run at (0,0) width 3: " "
            RenderTableCell {TD} at (296,448) size 8x14 [bgcolor=#FDFDFB] [r=32 c=39 rs=1 cs=1]
              RenderInline {FONT} at (0,0) size 3x14
                RenderText {#text} at (0,0) size 3x14
                  text run at (0,0) width 3: " "
            RenderTableCell {TD} at (304,448) size 8x14 [bgcolor=#FDFDFB] [r=32 c=40 rs=1 cs=1]
              RenderInline {FONT} at (0,0) size 3x14
                RenderText {#text} at (0,0) size 3x14
                  text run at (0,0) width 3: " "
            RenderTableCell {TD} at (312,448) size 8x14 [bgcolor=#FDFDFB] [r=32 c=41 rs=1 cs=1]
              RenderInline {FONT} at (0,0) size 3x14
                RenderText {#text} at (0,0) size 3x14
                  text run at (0,0) width 3: " "
            RenderTableCell {TD} at (320,448) size 8x14 [bgcolor=#FDFDFB] [r=32 c=42 rs=1 cs=1]
              RenderInline {FONT} at (0,0) size 3x14
                RenderText {#text} at (0,0) size 3x14
                  text run at (0,0) width 3: " "
            RenderTableCell {TD} at (328,448) size 8x14 [bgcolor=#FDFDFB] [r=32 c=43 rs=1 cs=1]
              RenderInline {FONT} at (0,0) size 3x14
                RenderText {#text} at (0,0) size 3x14
                  text run at (0,0) width 3: " "
            RenderTableCell {TD} at (336,448) size 8x14 [bgcolor=#FDFDFB] [r=32 c=44 rs=1 cs=1]
              RenderInline {FONT} at (0,0) size 3x14
                RenderText {#text} at (0,0) size 3x14
                  text run at (0,0) width 3: " "
            RenderTableCell {TD} at (344,448) size 8x14 [bgcolor=#FDFDFB] [r=32 c=45 rs=1 cs=1]
              RenderInline {FONT} at (0,0) size 3x14
                RenderText {#text} at (0,0) size 3x14
                  text run at (0,0) width 3: " "
            RenderTableCell {TD} at (352,448) size 8x14 [bgcolor=#FDFDFB] [r=32 c=46 rs=1 cs=1]
              RenderInline {FONT} at (0,0) size 3x14
                RenderText {#text} at (0,0) size 3x14
                  text run at (0,0) width 3: " "
            RenderTableCell {TD} at (360,448) size 8x14 [bgcolor=#FDFDFB] [r=32 c=47 rs=1 cs=1]
              RenderInline {FONT} at (0,0) size 3x14
                RenderText {#text} at (0,0) size 3x14
                  text run at (0,0) width 3: " "
            RenderTableCell {TD} at (368,448) size 8x14 [bgcolor=#FDFDFB] [r=32 c=48 rs=1 cs=1]
              RenderInline {FONT} at (0,0) size 3x14
                RenderText {#text} at (0,0) size 3x14
                  text run at (0,0) width 3: " "
            RenderTableCell {TD} at (376,448) size 8x14 [bgcolor=#FDFDFB] [r=32 c=49 rs=1 cs=1]
              RenderInline {FONT} at (0,0) size 3x14
                RenderText {#text} at (0,0) size 3x14
                  text run at (0,0) width 3: " "
            RenderTableCell {TD} at (384,448) size 8x14 [bgcolor=#FDFDFB] [r=32 c=50 rs=1 cs=1]
              RenderInline {FONT} at (0,0) size 3x14
                RenderText {#text} at (0,0) size 3x14
                  text run at (0,0) width 3: " "
            RenderTableCell {TD} at (392,448) size 8x14 [bgcolor=#FDFDFB] [r=32 c=51 rs=1 cs=1]
              RenderInline {FONT} at (0,0) size 3x14
                RenderText {#text} at (0,0) size 3x14
                  text run at (0,0) width 3: " "
            RenderTableCell {TD} at (400,448) size 8x14 [bgcolor=#FDFDFB] [r=32 c=52 rs=1 cs=1]
              RenderInline {FONT} at (0,0) size 3x14
                RenderText {#text} at (0,0) size 3x14
                  text run at (0,0) width 3: " "
            RenderTableCell {TD} at (408,448) size 8x14 [bgcolor=#FDFDFB] [r=32 c=53 rs=1 cs=1]
              RenderInline {FONT} at (0,0) size 3x14
                RenderText {#text} at (0,0) size 3x14
                  text run at (0,0) width 3: " "
            RenderTableCell {TD} at (416,448) size 8x14 [bgcolor=#FDFDFB] [r=32 c=54 rs=1 cs=1]
              RenderInline {FONT} at (0,0) size 3x14
                RenderText {#text} at (0,0) size 3x14
                  text run at (0,0) width 3: " "
            RenderTableCell {TD} at (424,448) size 8x14 [bgcolor=#FDFDFB] [r=32 c=55 rs=1 cs=1]
              RenderInline {FONT} at (0,0) size 3x14
                RenderText {#text} at (0,0) size 3x14
                  text run at (0,0) width 3: " "
            RenderTableCell {TD} at (432,448) size 8x14 [bgcolor=#FDFDFB] [r=32 c=56 rs=1 cs=1]
              RenderInline {FONT} at (0,0) size 3x14
                RenderText {#text} at (0,0) size 3x14
                  text run at (0,0) width 3: " "
            RenderTableCell {TD} at (440,448) size 8x14 [bgcolor=#FDFDFB] [r=32 c=57 rs=1 cs=1]
              RenderInline {FONT} at (0,0) size 3x14
                RenderText {#text} at (0,0) size 3x14
                  text run at (0,0) width 3: " "
            RenderTableCell {TD} at (448,448) size 8x14 [bgcolor=#FDFDFB] [r=32 c=58 rs=1 cs=1]
              RenderInline {FONT} at (0,0) size 3x14
                RenderText {#text} at (0,0) size 3x14
                  text run at (0,0) width 3: " "
            RenderTableCell {TD} at (456,448) size 8x14 [bgcolor=#FDFDFB] [r=32 c=59 rs=1 cs=1]
              RenderInline {FONT} at (0,0) size 3x14
                RenderText {#text} at (0,0) size 3x14
                  text run at (0,0) width 3: " "
            RenderTableCell {TD} at (464,448) size 8x14 [bgcolor=#FDFDFB] [r=32 c=60 rs=1 cs=1]
              RenderInline {FONT} at (0,0) size 3x14
                RenderText {#text} at (0,0) size 3x14
                  text run at (0,0) width 3: " "
            RenderTableCell {TD} at (472,448) size 8x14 [bgcolor=#FDFDFB] [r=32 c=61 rs=1 cs=1]
              RenderInline {FONT} at (0,0) size 3x14
                RenderText {#text} at (0,0) size 3x14
                  text run at (0,0) width 3: " "
            RenderTableCell {TD} at (480,448) size 8x14 [bgcolor=#FDFDFB] [r=32 c=62 rs=1 cs=1]
              RenderInline {FONT} at (0,0) size 3x14
                RenderText {#text} at (0,0) size 3x14
                  text run at (0,0) width 3: " "
            RenderTableCell {TD} at (488,448) size 8x14 [bgcolor=#FDFDFB] [r=32 c=63 rs=1 cs=1]
              RenderInline {FONT} at (0,0) size 3x14
                RenderText {#text} at (0,0) size 3x14
                  text run at (0,0) width 3: " "
            RenderTableCell {TD} at (496,448) size 8x14 [bgcolor=#FDFDFB] [r=32 c=64 rs=1 cs=1]
              RenderInline {FONT} at (0,0) size 3x14
                RenderText {#text} at (0,0) size 3x14
                  text run at (0,0) width 3: " "
            RenderTableCell {TD} at (504,448) size 8x14 [bgcolor=#FDFDFB] [r=32 c=65 rs=1 cs=1]
              RenderInline {FONT} at (0,0) size 3x14
                RenderText {#text} at (0,0) size 3x14
                  text run at (0,0) width 3: " "
            RenderTableCell {TD} at (512,448) size 8x14 [bgcolor=#EDEEEF] [r=32 c=66 rs=1 cs=1]
              RenderInline {FONT} at (0,0) size 3x14
                RenderText {#text} at (0,0) size 3x14
                  text run at (0,0) width 3: " "
            RenderTableCell {TD} at (520,448) size 8x14 [bgcolor=#DEDFDF] [r=32 c=67 rs=1 cs=1]
              RenderInline {FONT} at (0,0) size 3x14
                RenderText {#text} at (0,0) size 3x14
                  text run at (0,0) width 3: " "
            RenderTableCell {TD} at (528,448) size 8x14 [bgcolor=#CECFCF] [r=32 c=68 rs=1 cs=1]
              RenderInline {FONT} at (0,0) size 3x14
                RenderText {#text} at (0,0) size 3x14
                  text run at (0,0) width 3: " "
            RenderTableCell {TD} at (536,448) size 8x14 [bgcolor=#BEC2C2] [r=32 c=69 rs=1 cs=1]
              RenderInline {FONT} at (0,0) size 3x14
                RenderText {#text} at (0,0) size 3x14
                  text run at (0,0) width 3: " "
            RenderTableCell {TD} at (544,448) size 8x14 [bgcolor=#B4B4B4] [r=32 c=70 rs=1 cs=1]
              RenderInline {FONT} at (0,0) size 3x14
                RenderText {#text} at (0,0) size 3x14
                  text run at (0,0) width 3: " "
            RenderTableCell {TD} at (552,448) size 8x14 [bgcolor=#B4B4B4] [r=32 c=71 rs=1 cs=1]
              RenderInline {FONT} at (0,0) size 3x14
                RenderText {#text} at (0,0) size 3x14
                  text run at (0,0) width 3: " "
            RenderTableCell {TD} at (560,448) size 8x14 [bgcolor=#A5A6A6] [r=32 c=72 rs=1 cs=1]
              RenderInline {FONT} at (0,0) size 3x14
                RenderText {#text} at (0,0) size 3x14
                  text run at (0,0) width 3: " "
            RenderTableCell {TD} at (568,448) size 8x14 [bgcolor=#91A3A3] [r=32 c=73 rs=1 cs=1]
              RenderInline {FONT} at (0,0) size 3x14
                RenderText {#text} at (0,0) size 3x14
                  text run at (0,0) width 3: " "
            RenderTableCell {TD} at (576,448) size 8x14 [bgcolor=#939494] [r=32 c=74 rs=1 cs=1]
              RenderInline {FONT} at (0,0) size 3x14
                RenderText {#text} at (0,0) size 3x14
                  text run at (0,0) width 3: " "
            RenderTableCell {TD} at (584,448) size 8x14 [bgcolor=#939494] [r=32 c=75 rs=1 cs=1]
              RenderInline {FONT} at (0,0) size 3x14
                RenderText {#text} at (0,0) size 3x14
                  text run at (0,0) width 3: " "
            RenderTableCell {TD} at (592,448) size 8x14 [bgcolor=#939494] [r=32 c=76 rs=1 cs=1]
              RenderInline {FONT} at (0,0) size 3x14
                RenderText {#text} at (0,0) size 3x14
                  text run at (0,0) width 3: " "
            RenderTableCell {TD} at (600,448) size 8x14 [bgcolor=#939494] [r=32 c=77 rs=1 cs=1]
              RenderInline {FONT} at (0,0) size 3x14
                RenderText {#text} at (0,0) size 3x14
                  text run at (0,0) width 3: " "
            RenderTableCell {TD} at (608,448) size 8x14 [bgcolor=#848788] [r=32 c=78 rs=1 cs=1]
              RenderInline {FONT} at (0,0) size 3x14
                RenderText {#text} at (0,0) size 3x14
                  text run at (0,0) width 3: " "
            RenderTableCell {TD} at (616,448) size 8x14 [bgcolor=#939494] [r=32 c=79 rs=1 cs=1]
              RenderInline {FONT} at (0,0) size 3x14
                RenderText {#text} at (0,0) size 3x14
                  text run at (0,0) width 3: " "
            RenderTableCell {TD} at (624,448) size 8x14 [bgcolor=#939494] [r=32 c=80 rs=1 cs=1]
              RenderInline {FONT} at (0,0) size 3x14
                RenderText {#text} at (0,0) size 3x14
                  text run at (0,0) width 3: " "
            RenderTableCell {TD} at (632,448) size 8x14 [bgcolor=#939494] [r=32 c=81 rs=1 cs=1]
              RenderInline {FONT} at (0,0) size 3x14
                RenderText {#text} at (0,0) size 3x14
                  text run at (0,0) width 3: " "
            RenderTableCell {TD} at (640,448) size 8x14 [bgcolor=#939494] [r=32 c=82 rs=1 cs=1]
              RenderInline {FONT} at (0,0) size 3x14
                RenderText {#text} at (0,0) size 3x14
                  text run at (0,0) width 3: " "
            RenderTableCell {TD} at (648,448) size 8x14 [bgcolor=#939494] [r=32 c=83 rs=1 cs=1]
              RenderInline {FONT} at (0,0) size 3x14
                RenderText {#text} at (0,0) size 3x14
                  text run at (0,0) width 3: " "
            RenderTableCell {TD} at (656,448) size 8x14 [bgcolor=#939494] [r=32 c=84 rs=1 cs=1]
              RenderInline {FONT} at (0,0) size 3x14
                RenderText {#text} at (0,0) size 3x14
                  text run at (0,0) width 3: " "
            RenderTableCell {TD} at (664,448) size 8x14 [bgcolor=#A5A6A6] [r=32 c=85 rs=1 cs=1]
              RenderInline {FONT} at (0,0) size 3x14
                RenderText {#text} at (0,0) size 3x14
                  text run at (0,0) width 3: " "
            RenderTableCell {TD} at (672,448) size 8x14 [bgcolor=#A5A6A6] [r=32 c=86 rs=1 cs=1]
              RenderInline {FONT} at (0,0) size 3x14
                RenderText {#text} at (0,0) size 3x14
                  text run at (0,0) width 3: " "
            RenderTableCell {TD} at (680,448) size 8x14 [bgcolor=#B4B4B4] [r=32 c=87 rs=1 cs=1]
              RenderInline {FONT} at (0,0) size 3x14
                RenderText {#text} at (0,0) size 3x14
                  text run at (0,0) width 3: " "
            RenderTableCell {TD} at (688,448) size 8x14 [bgcolor=#BEC2C2] [r=32 c=88 rs=1 cs=1]
              RenderInline {FONT} at (0,0) size 3x14
                RenderText {#text} at (0,0) size 3x14
                  text run at (0,0) width 3: " "
            RenderTableCell {TD} at (696,448) size 8x14 [bgcolor=#CECFCF] [r=32 c=89 rs=1 cs=1]
              RenderInline {FONT} at (0,0) size 3x14
                RenderText {#text} at (0,0) size 3x14
                  text run at (0,0) width 3: " "
            RenderTableCell {TD} at (704,448) size 8x14 [bgcolor=#DEDFDF] [r=32 c=90 rs=1 cs=1]
              RenderInline {FONT} at (0,0) size 3x14
                RenderText {#text} at (0,0) size 3x14
                  text run at (0,0) width 3: " "
            RenderTableCell {TD} at (712,448) size 8x14 [bgcolor=#EDEEEF] [r=32 c=91 rs=1 cs=1]
              RenderInline {FONT} at (0,0) size 3x14
                RenderText {#text} at (0,0) size 3x14
                  text run at (0,0) width 3: " "
            RenderTableCell {TD} at (720,448) size 8x14 [bgcolor=#FDFDFB] [r=32 c=92 rs=1 cs=1]
              RenderInline {FONT} at (0,0) size 3x14
                RenderText {#text} at (0,0) size 3x14
                  text run at (0,0) width 3: " "
            RenderTableCell {TD} at (728,448) size 8x14 [bgcolor=#FDFDFB] [r=32 c=93 rs=1 cs=1]
              RenderInline {FONT} at (0,0) size 3x14
                RenderText {#text} at (0,0) size 3x14
                  text run at (0,0) width 3: " "
            RenderTableCell {TD} at (736,448) size 8x14 [bgcolor=#FDFDFB] [r=32 c=94 rs=1 cs=1]
              RenderInline {FONT} at (0,0) size 3x14
                RenderText {#text} at (0,0) size 3x14
                  text run at (0,0) width 3: " "
            RenderTableCell {TD} at (744,448) size 8x14 [bgcolor=#FDFDFB] [r=32 c=95 rs=1 cs=1]
              RenderInline {FONT} at (0,0) size 3x14
                RenderText {#text} at (0,0) size 3x14
                  text run at (0,0) width 3: " "
            RenderTableCell {TD} at (752,448) size 8x14 [bgcolor=#FDFDFB] [r=32 c=96 rs=1 cs=1]
              RenderInline {FONT} at (0,0) size 3x14
                RenderText {#text} at (0,0) size 3x14
                  text run at (0,0) width 3: " "
            RenderTableCell {TD} at (760,448) size 8x14 [bgcolor=#FDFDFB] [r=32 c=97 rs=1 cs=1]
              RenderInline {FONT} at (0,0) size 3x14
                RenderText {#text} at (0,0) size 3x14
                  text run at (0,0) width 3: " "
            RenderTableCell {TD} at (768,448) size 8x14 [bgcolor=#FDFDFB] [r=32 c=98 rs=1 cs=1]
              RenderInline {FONT} at (0,0) size 3x14
                RenderText {#text} at (0,0) size 3x14
                  text run at (0,0) width 3: " "
            RenderTableCell {TD} at (776,448) size 8x14 [bgcolor=#FDFDFB] [r=32 c=99 rs=1 cs=1]
              RenderInline {FONT} at (0,0) size 3x14
                RenderText {#text} at (0,0) size 3x14
                  text run at (0,0) width 3: " "
          RenderTableRow {TR} at (0,462) size 784x14
            RenderTableCell {TD} at (0,462) size 7x14 [bgcolor=#FDFDFB] [r=33 c=0 rs=1 cs=1]
              RenderInline {FONT} at (0,0) size 3x14
                RenderText {#text} at (0,0) size 3x14
                  text run at (0,0) width 3: " "
            RenderTableCell {TD} at (7,462) size 7x14 [bgcolor=#FDFDFB] [r=33 c=1 rs=1 cs=1]
              RenderInline {FONT} at (0,0) size 3x14
                RenderText {#text} at (0,0) size 3x14
                  text run at (0,0) width 3: " "
            RenderTableCell {TD} at (14,462) size 7x14 [bgcolor=#FDFDFB] [r=33 c=2 rs=1 cs=1]
              RenderInline {FONT} at (0,0) size 3x14
                RenderText {#text} at (0,0) size 3x14
                  text run at (0,0) width 3: " "
            RenderTableCell {TD} at (21,462) size 7x14 [bgcolor=#FDFDFB] [r=33 c=3 rs=1 cs=1]
              RenderInline {FONT} at (0,0) size 3x14
                RenderText {#text} at (0,0) size 3x14
                  text run at (0,0) width 3: " "
            RenderTableCell {TD} at (28,462) size 7x14 [bgcolor=#FDFDFB] [r=33 c=4 rs=1 cs=1]
              RenderInline {FONT} at (0,0) size 3x14
                RenderText {#text} at (0,0) size 3x14
                  text run at (0,0) width 3: " "
            RenderTableCell {TD} at (35,462) size 7x14 [bgcolor=#FDFDFB] [r=33 c=5 rs=1 cs=1]
              RenderInline {FONT} at (0,0) size 3x14
                RenderText {#text} at (0,0) size 3x14
                  text run at (0,0) width 3: " "
            RenderTableCell {TD} at (42,462) size 7x14 [bgcolor=#FDFDFB] [r=33 c=6 rs=1 cs=1]
              RenderInline {FONT} at (0,0) size 3x14
                RenderText {#text} at (0,0) size 3x14
                  text run at (0,0) width 3: " "
            RenderTableCell {TD} at (49,462) size 7x14 [bgcolor=#FDFDFB] [r=33 c=7 rs=1 cs=1]
              RenderInline {FONT} at (0,0) size 3x14
                RenderText {#text} at (0,0) size 3x14
                  text run at (0,0) width 3: " "
            RenderTableCell {TD} at (56,462) size 7x14 [bgcolor=#FDFDFB] [r=33 c=8 rs=1 cs=1]
              RenderInline {FONT} at (0,0) size 3x14
                RenderText {#text} at (0,0) size 3x14
                  text run at (0,0) width 3: " "
            RenderTableCell {TD} at (63,462) size 7x14 [bgcolor=#FDFDFB] [r=33 c=9 rs=1 cs=1]
              RenderInline {FONT} at (0,0) size 3x14
                RenderText {#text} at (0,0) size 3x14
                  text run at (0,0) width 3: " "
            RenderTableCell {TD} at (70,462) size 7x14 [bgcolor=#FDFDFB] [r=33 c=10 rs=1 cs=1]
              RenderInline {FONT} at (0,0) size 3x14
                RenderText {#text} at (0,0) size 3x14
                  text run at (0,0) width 3: " "
            RenderTableCell {TD} at (77,462) size 7x14 [bgcolor=#FDFDFB] [r=33 c=11 rs=1 cs=1]
              RenderInline {FONT} at (0,0) size 3x14
                RenderText {#text} at (0,0) size 3x14
                  text run at (0,0) width 3: " "
            RenderTableCell {TD} at (84,462) size 7x14 [bgcolor=#FDFDFB] [r=33 c=12 rs=1 cs=1]
              RenderInline {FONT} at (0,0) size 3x14
                RenderText {#text} at (0,0) size 3x14
                  text run at (0,0) width 3: " "
            RenderTableCell {TD} at (91,462) size 7x14 [bgcolor=#FDFDFB] [r=33 c=13 rs=1 cs=1]
              RenderInline {FONT} at (0,0) size 3x14
                RenderText {#text} at (0,0) size 3x14
                  text run at (0,0) width 3: " "
            RenderTableCell {TD} at (98,462) size 7x14 [bgcolor=#FDFDFB] [r=33 c=14 rs=1 cs=1]
              RenderInline {FONT} at (0,0) size 3x14
                RenderText {#text} at (0,0) size 3x14
                  text run at (0,0) width 3: " "
            RenderTableCell {TD} at (105,462) size 7x14 [bgcolor=#FDFDFB] [r=33 c=15 rs=1 cs=1]
              RenderInline {FONT} at (0,0) size 3x14
                RenderText {#text} at (0,0) size 3x14
                  text run at (0,0) width 3: " "
            RenderTableCell {TD} at (112,462) size 8x14 [bgcolor=#FDFDFB] [r=33 c=16 rs=1 cs=1]
              RenderInline {FONT} at (0,0) size 3x14
                RenderText {#text} at (0,0) size 3x14
                  text run at (0,0) width 3: " "
            RenderTableCell {TD} at (120,462) size 8x14 [bgcolor=#FDFDFB] [r=33 c=17 rs=1 cs=1]
              RenderInline {FONT} at (0,0) size 3x14
                RenderText {#text} at (0,0) size 3x14
                  text run at (0,0) width 3: " "
            RenderTableCell {TD} at (128,462) size 8x14 [bgcolor=#FDFDFB] [r=33 c=18 rs=1 cs=1]
              RenderInline {FONT} at (0,0) size 3x14
                RenderText {#text} at (0,0) size 3x14
                  text run at (0,0) width 3: " "
            RenderTableCell {TD} at (136,462) size 8x14 [bgcolor=#FDFDFB] [r=33 c=19 rs=1 cs=1]
              RenderInline {FONT} at (0,0) size 3x14
                RenderText {#text} at (0,0) size 3x14
                  text run at (0,0) width 3: " "
            RenderTableCell {TD} at (144,462) size 8x14 [bgcolor=#FDFDFB] [r=33 c=20 rs=1 cs=1]
              RenderInline {FONT} at (0,0) size 3x14
                RenderText {#text} at (0,0) size 3x14
                  text run at (0,0) width 3: " "
            RenderTableCell {TD} at (152,462) size 8x14 [bgcolor=#FDFDFB] [r=33 c=21 rs=1 cs=1]
              RenderInline {FONT} at (0,0) size 3x14
                RenderText {#text} at (0,0) size 3x14
                  text run at (0,0) width 3: " "
            RenderTableCell {TD} at (160,462) size 8x14 [bgcolor=#FDFDFB] [r=33 c=22 rs=1 cs=1]
              RenderInline {FONT} at (0,0) size 3x14
                RenderText {#text} at (0,0) size 3x14
                  text run at (0,0) width 3: " "
            RenderTableCell {TD} at (168,462) size 8x14 [bgcolor=#FDFDFB] [r=33 c=23 rs=1 cs=1]
              RenderInline {FONT} at (0,0) size 3x14
                RenderText {#text} at (0,0) size 3x14
                  text run at (0,0) width 3: " "
            RenderTableCell {TD} at (176,462) size 8x14 [bgcolor=#FDFDFB] [r=33 c=24 rs=1 cs=1]
              RenderInline {FONT} at (0,0) size 3x14
                RenderText {#text} at (0,0) size 3x14
                  text run at (0,0) width 3: " "
            RenderTableCell {TD} at (184,462) size 8x14 [bgcolor=#FDFDFB] [r=33 c=25 rs=1 cs=1]
              RenderInline {FONT} at (0,0) size 3x14
                RenderText {#text} at (0,0) size 3x14
                  text run at (0,0) width 3: " "
            RenderTableCell {TD} at (192,462) size 8x14 [bgcolor=#FDFDFB] [r=33 c=26 rs=1 cs=1]
              RenderInline {FONT} at (0,0) size 3x14
                RenderText {#text} at (0,0) size 3x14
                  text run at (0,0) width 3: " "
            RenderTableCell {TD} at (200,462) size 8x14 [bgcolor=#FDFDFB] [r=33 c=27 rs=1 cs=1]
              RenderInline {FONT} at (0,0) size 3x14
                RenderText {#text} at (0,0) size 3x14
                  text run at (0,0) width 3: " "
            RenderTableCell {TD} at (208,462) size 8x14 [bgcolor=#FDFDFB] [r=33 c=28 rs=1 cs=1]
              RenderInline {FONT} at (0,0) size 3x14
                RenderText {#text} at (0,0) size 3x14
                  text run at (0,0) width 3: " "
            RenderTableCell {TD} at (216,462) size 8x14 [bgcolor=#FDFDFB] [r=33 c=29 rs=1 cs=1]
              RenderInline {FONT} at (0,0) size 3x14
                RenderText {#text} at (0,0) size 3x14
                  text run at (0,0) width 3: " "
            RenderTableCell {TD} at (224,462) size 8x14 [bgcolor=#FDFDFB] [r=33 c=30 rs=1 cs=1]
              RenderInline {FONT} at (0,0) size 3x14
                RenderText {#text} at (0,0) size 3x14
                  text run at (0,0) width 3: " "
            RenderTableCell {TD} at (232,462) size 8x14 [bgcolor=#FDFDFB] [r=33 c=31 rs=1 cs=1]
              RenderInline {FONT} at (0,0) size 3x14
                RenderText {#text} at (0,0) size 3x14
                  text run at (0,0) width 3: " "
            RenderTableCell {TD} at (240,462) size 8x14 [bgcolor=#FDFDFB] [r=33 c=32 rs=1 cs=1]
              RenderInline {FONT} at (0,0) size 3x14
                RenderText {#text} at (0,0) size 3x14
                  text run at (0,0) width 3: " "
            RenderTableCell {TD} at (248,462) size 8x14 [bgcolor=#FDFDFB] [r=33 c=33 rs=1 cs=1]
              RenderInline {FONT} at (0,0) size 3x14
                RenderText {#text} at (0,0) size 3x14
                  text run at (0,0) width 3: " "
            RenderTableCell {TD} at (256,462) size 8x14 [bgcolor=#FDFDFB] [r=33 c=34 rs=1 cs=1]
              RenderInline {FONT} at (0,0) size 3x14
                RenderText {#text} at (0,0) size 3x14
                  text run at (0,0) width 3: " "
            RenderTableCell {TD} at (264,462) size 8x14 [bgcolor=#FDFDFB] [r=33 c=35 rs=1 cs=1]
              RenderInline {FONT} at (0,0) size 3x14
                RenderText {#text} at (0,0) size 3x14
                  text run at (0,0) width 3: " "
            RenderTableCell {TD} at (272,462) size 8x14 [bgcolor=#FDFDFB] [r=33 c=36 rs=1 cs=1]
              RenderInline {FONT} at (0,0) size 3x14
                RenderText {#text} at (0,0) size 3x14
                  text run at (0,0) width 3: " "
            RenderTableCell {TD} at (280,462) size 8x14 [bgcolor=#FDFDFB] [r=33 c=37 rs=1 cs=1]
              RenderInline {FONT} at (0,0) size 3x14
                RenderText {#text} at (0,0) size 3x14
                  text run at (0,0) width 3: " "
            RenderTableCell {TD} at (288,462) size 8x14 [bgcolor=#FDFDFB] [r=33 c=38 rs=1 cs=1]
              RenderInline {FONT} at (0,0) size 3x14
                RenderText {#text} at (0,0) size 3x14
                  text run at (0,0) width 3: " "
            RenderTableCell {TD} at (296,462) size 8x14 [bgcolor=#FDFDFB] [r=33 c=39 rs=1 cs=1]
              RenderInline {FONT} at (0,0) size 3x14
                RenderText {#text} at (0,0) size 3x14
                  text run at (0,0) width 3: " "
            RenderTableCell {TD} at (304,462) size 8x14 [bgcolor=#FDFDFB] [r=33 c=40 rs=1 cs=1]
              RenderInline {FONT} at (0,0) size 3x14
                RenderText {#text} at (0,0) size 3x14
                  text run at (0,0) width 3: " "
            RenderTableCell {TD} at (312,462) size 8x14 [bgcolor=#FDFDFB] [r=33 c=41 rs=1 cs=1]
              RenderInline {FONT} at (0,0) size 3x14
                RenderText {#text} at (0,0) size 3x14
                  text run at (0,0) width 3: " "
            RenderTableCell {TD} at (320,462) size 8x14 [bgcolor=#FDFDFB] [r=33 c=42 rs=1 cs=1]
              RenderInline {FONT} at (0,0) size 3x14
                RenderText {#text} at (0,0) size 3x14
                  text run at (0,0) width 3: " "
            RenderTableCell {TD} at (328,462) size 8x14 [bgcolor=#FDFDFB] [r=33 c=43 rs=1 cs=1]
              RenderInline {FONT} at (0,0) size 3x14
                RenderText {#text} at (0,0) size 3x14
                  text run at (0,0) width 3: " "
            RenderTableCell {TD} at (336,462) size 8x14 [bgcolor=#FDFDFB] [r=33 c=44 rs=1 cs=1]
              RenderInline {FONT} at (0,0) size 3x14
                RenderText {#text} at (0,0) size 3x14
                  text run at (0,0) width 3: " "
            RenderTableCell {TD} at (344,462) size 8x14 [bgcolor=#FDFDFB] [r=33 c=45 rs=1 cs=1]
              RenderInline {FONT} at (0,0) size 3x14
                RenderText {#text} at (0,0) size 3x14
                  text run at (0,0) width 3: " "
            RenderTableCell {TD} at (352,462) size 8x14 [bgcolor=#FDFDFB] [r=33 c=46 rs=1 cs=1]
              RenderInline {FONT} at (0,0) size 3x14
                RenderText {#text} at (0,0) size 3x14
                  text run at (0,0) width 3: " "
            RenderTableCell {TD} at (360,462) size 8x14 [bgcolor=#FDFDFB] [r=33 c=47 rs=1 cs=1]
              RenderInline {FONT} at (0,0) size 3x14
                RenderText {#text} at (0,0) size 3x14
                  text run at (0,0) width 3: " "
            RenderTableCell {TD} at (368,462) size 8x14 [bgcolor=#FDFDFB] [r=33 c=48 rs=1 cs=1]
              RenderInline {FONT} at (0,0) size 3x14
                RenderText {#text} at (0,0) size 3x14
                  text run at (0,0) width 3: " "
            RenderTableCell {TD} at (376,462) size 8x14 [bgcolor=#FDFDFB] [r=33 c=49 rs=1 cs=1]
              RenderInline {FONT} at (0,0) size 3x14
                RenderText {#text} at (0,0) size 3x14
                  text run at (0,0) width 3: " "
            RenderTableCell {TD} at (384,462) size 8x14 [bgcolor=#FDFDFB] [r=33 c=50 rs=1 cs=1]
              RenderInline {FONT} at (0,0) size 3x14
                RenderText {#text} at (0,0) size 3x14
                  text run at (0,0) width 3: " "
            RenderTableCell {TD} at (392,462) size 8x14 [bgcolor=#FDFDFB] [r=33 c=51 rs=1 cs=1]
              RenderInline {FONT} at (0,0) size 3x14
                RenderText {#text} at (0,0) size 3x14
                  text run at (0,0) width 3: " "
            RenderTableCell {TD} at (400,462) size 8x14 [bgcolor=#FDFDFB] [r=33 c=52 rs=1 cs=1]
              RenderInline {FONT} at (0,0) size 3x14
                RenderText {#text} at (0,0) size 3x14
                  text run at (0,0) width 3: " "
            RenderTableCell {TD} at (408,462) size 8x14 [bgcolor=#FDFDFB] [r=33 c=53 rs=1 cs=1]
              RenderInline {FONT} at (0,0) size 3x14
                RenderText {#text} at (0,0) size 3x14
                  text run at (0,0) width 3: " "
            RenderTableCell {TD} at (416,462) size 8x14 [bgcolor=#FDFDFB] [r=33 c=54 rs=1 cs=1]
              RenderInline {FONT} at (0,0) size 3x14
                RenderText {#text} at (0,0) size 3x14
                  text run at (0,0) width 3: " "
            RenderTableCell {TD} at (424,462) size 8x14 [bgcolor=#FDFDFB] [r=33 c=55 rs=1 cs=1]
              RenderInline {FONT} at (0,0) size 3x14
                RenderText {#text} at (0,0) size 3x14
                  text run at (0,0) width 3: " "
            RenderTableCell {TD} at (432,462) size 8x14 [bgcolor=#FDFDFB] [r=33 c=56 rs=1 cs=1]
              RenderInline {FONT} at (0,0) size 3x14
                RenderText {#text} at (0,0) size 3x14
                  text run at (0,0) width 3: " "
            RenderTableCell {TD} at (440,462) size 8x14 [bgcolor=#FDFDFB] [r=33 c=57 rs=1 cs=1]
              RenderInline {FONT} at (0,0) size 3x14
                RenderText {#text} at (0,0) size 3x14
                  text run at (0,0) width 3: " "
            RenderTableCell {TD} at (448,462) size 8x14 [bgcolor=#FDFDFB] [r=33 c=58 rs=1 cs=1]
              RenderInline {FONT} at (0,0) size 3x14
                RenderText {#text} at (0,0) size 3x14
                  text run at (0,0) width 3: " "
            RenderTableCell {TD} at (456,462) size 8x14 [bgcolor=#FDFDFB] [r=33 c=59 rs=1 cs=1]
              RenderInline {FONT} at (0,0) size 3x14
                RenderText {#text} at (0,0) size 3x14
                  text run at (0,0) width 3: " "
            RenderTableCell {TD} at (464,462) size 8x14 [bgcolor=#FDFDFB] [r=33 c=60 rs=1 cs=1]
              RenderInline {FONT} at (0,0) size 3x14
                RenderText {#text} at (0,0) size 3x14
                  text run at (0,0) width 3: " "
            RenderTableCell {TD} at (472,462) size 8x14 [bgcolor=#FDFDFB] [r=33 c=61 rs=1 cs=1]
              RenderInline {FONT} at (0,0) size 3x14
                RenderText {#text} at (0,0) size 3x14
                  text run at (0,0) width 3: " "
            RenderTableCell {TD} at (480,462) size 8x14 [bgcolor=#FDFDFB] [r=33 c=62 rs=1 cs=1]
              RenderInline {FONT} at (0,0) size 3x14
                RenderText {#text} at (0,0) size 3x14
                  text run at (0,0) width 3: " "
            RenderTableCell {TD} at (488,462) size 8x14 [bgcolor=#FDFDFB] [r=33 c=63 rs=1 cs=1]
              RenderInline {FONT} at (0,0) size 3x14
                RenderText {#text} at (0,0) size 3x14
                  text run at (0,0) width 3: " "
            RenderTableCell {TD} at (496,462) size 8x14 [bgcolor=#FDFDFB] [r=33 c=64 rs=1 cs=1]
              RenderInline {FONT} at (0,0) size 3x14
                RenderText {#text} at (0,0) size 3x14
                  text run at (0,0) width 3: " "
            RenderTableCell {TD} at (504,462) size 8x14 [bgcolor=#FDFDFB] [r=33 c=65 rs=1 cs=1]
              RenderInline {FONT} at (0,0) size 3x14
                RenderText {#text} at (0,0) size 3x14
                  text run at (0,0) width 3: " "
            RenderTableCell {TD} at (512,462) size 8x14 [bgcolor=#FDFDFB] [r=33 c=66 rs=1 cs=1]
              RenderInline {FONT} at (0,0) size 3x14
                RenderText {#text} at (0,0) size 3x14
                  text run at (0,0) width 3: " "
            RenderTableCell {TD} at (520,462) size 8x14 [bgcolor=#FDFDFB] [r=33 c=67 rs=1 cs=1]
              RenderInline {FONT} at (0,0) size 3x14
                RenderText {#text} at (0,0) size 3x14
                  text run at (0,0) width 3: " "
            RenderTableCell {TD} at (528,462) size 8x14 [bgcolor=#EDEEEF] [r=33 c=68 rs=1 cs=1]
              RenderInline {FONT} at (0,0) size 3x14
                RenderText {#text} at (0,0) size 3x14
                  text run at (0,0) width 3: " "
            RenderTableCell {TD} at (536,462) size 8x14 [bgcolor=#EDEEEF] [r=33 c=69 rs=1 cs=1]
              RenderInline {FONT} at (0,0) size 3x14
                RenderText {#text} at (0,0) size 3x14
                  text run at (0,0) width 3: " "
            RenderTableCell {TD} at (544,462) size 8x14 [bgcolor=#E0EAE9] [r=33 c=70 rs=1 cs=1]
              RenderInline {FONT} at (0,0) size 3x14
                RenderText {#text} at (0,0) size 3x14
                  text run at (0,0) width 3: " "
            RenderTableCell {TD} at (552,462) size 8x14 [bgcolor=#DEDFDF] [r=33 c=71 rs=1 cs=1]
              RenderInline {FONT} at (0,0) size 3x14
                RenderText {#text} at (0,0) size 3x14
                  text run at (0,0) width 3: " "
            RenderTableCell {TD} at (560,462) size 8x14 [bgcolor=#DEDFDF] [r=33 c=72 rs=1 cs=1]
              RenderInline {FONT} at (0,0) size 3x14
                RenderText {#text} at (0,0) size 3x14
                  text run at (0,0) width 3: " "
            RenderTableCell {TD} at (568,462) size 8x14 [bgcolor=#CECFCF] [r=33 c=73 rs=1 cs=1]
              RenderInline {FONT} at (0,0) size 3x14
                RenderText {#text} at (0,0) size 3x14
                  text run at (0,0) width 3: " "
            RenderTableCell {TD} at (576,462) size 8x14 [bgcolor=#CECFCF] [r=33 c=74 rs=1 cs=1]
              RenderInline {FONT} at (0,0) size 3x14
                RenderText {#text} at (0,0) size 3x14
                  text run at (0,0) width 3: " "
            RenderTableCell {TD} at (584,462) size 8x14 [bgcolor=#CECFCF] [r=33 c=75 rs=1 cs=1]
              RenderInline {FONT} at (0,0) size 3x14
                RenderText {#text} at (0,0) size 3x14
                  text run at (0,0) width 3: " "
            RenderTableCell {TD} at (592,462) size 8x14 [bgcolor=#CECFCF] [r=33 c=76 rs=1 cs=1]
              RenderInline {FONT} at (0,0) size 3x14
                RenderText {#text} at (0,0) size 3x14
                  text run at (0,0) width 3: " "
            RenderTableCell {TD} at (600,462) size 8x14 [bgcolor=#CECFCF] [r=33 c=77 rs=1 cs=1]
              RenderInline {FONT} at (0,0) size 3x14
                RenderText {#text} at (0,0) size 3x14
                  text run at (0,0) width 3: " "
            RenderTableCell {TD} at (608,462) size 8x14 [bgcolor=#CECFCF] [r=33 c=78 rs=1 cs=1]
              RenderInline {FONT} at (0,0) size 3x14
                RenderText {#text} at (0,0) size 3x14
                  text run at (0,0) width 3: " "
            RenderTableCell {TD} at (616,462) size 8x14 [bgcolor=#CECFCF] [r=33 c=79 rs=1 cs=1]
              RenderInline {FONT} at (0,0) size 3x14
                RenderText {#text} at (0,0) size 3x14
                  text run at (0,0) width 3: " "
            RenderTableCell {TD} at (624,462) size 8x14 [bgcolor=#CECFCF] [r=33 c=80 rs=1 cs=1]
              RenderInline {FONT} at (0,0) size 3x14
                RenderText {#text} at (0,0) size 3x14
                  text run at (0,0) width 3: " "
            RenderTableCell {TD} at (632,462) size 8x14 [bgcolor=#CECFCF] [r=33 c=81 rs=1 cs=1]
              RenderInline {FONT} at (0,0) size 3x14
                RenderText {#text} at (0,0) size 3x14
                  text run at (0,0) width 3: " "
            RenderTableCell {TD} at (640,462) size 8x14 [bgcolor=#CECFCF] [r=33 c=82 rs=1 cs=1]
              RenderInline {FONT} at (0,0) size 3x14
                RenderText {#text} at (0,0) size 3x14
                  text run at (0,0) width 3: " "
            RenderTableCell {TD} at (648,462) size 8x14 [bgcolor=#CECFCF] [r=33 c=83 rs=1 cs=1]
              RenderInline {FONT} at (0,0) size 3x14
                RenderText {#text} at (0,0) size 3x14
                  text run at (0,0) width 3: " "
            RenderTableCell {TD} at (656,462) size 8x14 [bgcolor=#CECFCF] [r=33 c=84 rs=1 cs=1]
              RenderInline {FONT} at (0,0) size 3x14
                RenderText {#text} at (0,0) size 3x14
                  text run at (0,0) width 3: " "
            RenderTableCell {TD} at (664,462) size 8x14 [bgcolor=#CECFCF] [r=33 c=85 rs=1 cs=1]
              RenderInline {FONT} at (0,0) size 3x14
                RenderText {#text} at (0,0) size 3x14
                  text run at (0,0) width 3: " "
            RenderTableCell {TD} at (672,462) size 8x14 [bgcolor=#DEDFDF] [r=33 c=86 rs=1 cs=1]
              RenderInline {FONT} at (0,0) size 3x14
                RenderText {#text} at (0,0) size 3x14
                  text run at (0,0) width 3: " "
            RenderTableCell {TD} at (680,462) size 8x14 [bgcolor=#E0EAE9] [r=33 c=87 rs=1 cs=1]
              RenderInline {FONT} at (0,0) size 3x14
                RenderText {#text} at (0,0) size 3x14
                  text run at (0,0) width 3: " "
            RenderTableCell {TD} at (688,462) size 8x14 [bgcolor=#EDEEEF] [r=33 c=88 rs=1 cs=1]
              RenderInline {FONT} at (0,0) size 3x14
                RenderText {#text} at (0,0) size 3x14
                  text run at (0,0) width 3: " "
            RenderTableCell {TD} at (696,462) size 8x14 [bgcolor=#EDEEEF] [r=33 c=89 rs=1 cs=1]
              RenderInline {FONT} at (0,0) size 3x14
                RenderText {#text} at (0,0) size 3x14
                  text run at (0,0) width 3: " "
            RenderTableCell {TD} at (704,462) size 8x14 [bgcolor=#FDFDFB] [r=33 c=90 rs=1 cs=1]
              RenderInline {FONT} at (0,0) size 3x14
                RenderText {#text} at (0,0) size 3x14
                  text run at (0,0) width 3: " "
            RenderTableCell {TD} at (712,462) size 8x14 [bgcolor=#FDFDFB] [r=33 c=91 rs=1 cs=1]
              RenderInline {FONT} at (0,0) size 3x14
                RenderText {#text} at (0,0) size 3x14
                  text run at (0,0) width 3: " "
            RenderTableCell {TD} at (720,462) size 8x14 [bgcolor=#FDFDFB] [r=33 c=92 rs=1 cs=1]
              RenderInline {FONT} at (0,0) size 3x14
                RenderText {#text} at (0,0) size 3x14
                  text run at (0,0) width 3: " "
            RenderTableCell {TD} at (728,462) size 8x14 [bgcolor=#FDFDFB] [r=33 c=93 rs=1 cs=1]
              RenderInline {FONT} at (0,0) size 3x14
                RenderText {#text} at (0,0) size 3x14
                  text run at (0,0) width 3: " "
            RenderTableCell {TD} at (736,462) size 8x14 [bgcolor=#FDFDFB] [r=33 c=94 rs=1 cs=1]
              RenderInline {FONT} at (0,0) size 3x14
                RenderText {#text} at (0,0) size 3x14
                  text run at (0,0) width 3: " "
            RenderTableCell {TD} at (744,462) size 8x14 [bgcolor=#FDFDFB] [r=33 c=95 rs=1 cs=1]
              RenderInline {FONT} at (0,0) size 3x14
                RenderText {#text} at (0,0) size 3x14
                  text run at (0,0) width 3: " "
            RenderTableCell {TD} at (752,462) size 8x14 [bgcolor=#FDFDFB] [r=33 c=96 rs=1 cs=1]
              RenderInline {FONT} at (0,0) size 3x14
                RenderText {#text} at (0,0) size 3x14
                  text run at (0,0) width 3: " "
            RenderTableCell {TD} at (760,462) size 8x14 [bgcolor=#FDFDFB] [r=33 c=97 rs=1 cs=1]
              RenderInline {FONT} at (0,0) size 3x14
                RenderText {#text} at (0,0) size 3x14
                  text run at (0,0) width 3: " "
            RenderTableCell {TD} at (768,462) size 8x14 [bgcolor=#FDFDFB] [r=33 c=98 rs=1 cs=1]
              RenderInline {FONT} at (0,0) size 3x14
                RenderText {#text} at (0,0) size 3x14
                  text run at (0,0) width 3: " "
            RenderTableCell {TD} at (776,462) size 8x14 [bgcolor=#FDFDFB] [r=33 c=99 rs=1 cs=1]
              RenderInline {FONT} at (0,0) size 3x14
                RenderText {#text} at (0,0) size 3x14
                  text run at (0,0) width 3: " "
