layer at (0,0) size 784x947
  RenderView at (0,0) size 784x600
layer at (0,0) size 784x947
  RenderBlock {HTML} at (0,0) size 784x947
    RenderBody {BODY} at (8,8) size 768x923 [bgcolor=#FFFFFF]
      RenderBlock {H1} at (0,0) size 768x42
        RenderText {#text} at (0,0) size 377x42
          text run at (0,0) width 377: "Example 3: Basic Tables"
      RenderBlock {H2} at (0,63) size 768x32
        RenderText {#text} at (0,0) size 391x32
          text run at (0,0) width 391: "Simple table, 75% width, border=1"
      RenderTable {TABLE} at (0,114) size 576x110 [border: (1px outset #808080)]
        RenderTableSection {TBODY} at (1,1) size 574x108
          RenderTableRow {TR} at (0,2) size 574x25
            RenderTableCell {TD} at (2,2) size 193x25 [bgcolor=#0000FF] [border: (1px inset #808080)] [r=0 c=0 rs=1 cs=1]
              RenderText {#text} at (2,2) size 47x21
                text run at (2,2) width 47: "cell bg"
            RenderTableCell {TD} at (197,2) size 179x25 [border: (1px inset #808080)] [r=0 c=1 rs=1 cs=1]
              RenderText {#text} at (2,2) size 31x21
                text run at (2,2) width 31: "Two"
            RenderTableCell {TD} at (378,2) size 194x25 [border: (1px inset #808080)] [r=0 c=2 rs=1 cs=1]
              RenderText {#text} at (2,2) size 42x21
                text run at (2,2) width 42: "Three"
          RenderTableRow {TR} at (0,29) size 574x25
            RenderTableCell {TD} at (2,29) size 193x25 [border: (1px inset #808080)] [r=1 c=0 rs=1 cs=1]
              RenderText {#text} at (2,2) size 21x21
                text run at (2,2) width 21: "left"
            RenderTableCell {TD} at (197,29) size 179x25 [border: (1px inset #808080)] [r=1 c=1 rs=1 cs=1]
              RenderText {#text} at (67,2) size 45x21
                text run at (67,2) width 45: "center"
            RenderTableCell {TD} at (378,29) size 194x25 [border: (1px inset #808080)] [r=1 c=2 rs=1 cs=1]
              RenderText {#text} at (161,2) size 31x21
                text run at (161,2) width 31: "right"
          RenderTableRow {TR} at (0,56) size 574x50 [bgcolor=#FFFF00]
            RenderTableCell {TD} at (2,68) size 193x25 [border: (1px inset #808080)] [r=2 c=0 rs=1 cs=1]
              RenderText {#text} at (2,2) size 48x21
                text run at (2,2) width 48: "row bg"
            RenderTableCell {TD} at (197,56) size 179x25 [border: (1px inset #808080)] [r=2 c=1 rs=1 cs=1]
              RenderText {#text} at (2,2) size 22x21
                text run at (2,2) width 22: "top"
            RenderTableCell {TD} at (378,81) size 194x25 [border: (1px inset #808080)] [r=2 c=2 rs=1 cs=1]
              RenderText {#text} at (2,2) size 48x21
                text run at (2,2) width 48: "bottom"
      RenderBlock {H2} at (0,243) size 768x32
        RenderText {#text} at (0,0) size 433x32
          text run at (0,0) width 433: "Row Span, auto width table, border=5"
      RenderTable {TABLE} at (0,294) size 291x282 [border: (5px outset #808080)]
        RenderTableSection {TBODY} at (5,5) size 281x272
          RenderTableRow {TR} at (0,2) size 281x25
            RenderTableCell {TD} at (2,15) size 203x25 [border: (1px inset #808080)] [r=0 c=0 rs=2 cs=1]
              RenderText {#text} at (2,2) size 199x21
                text run at (2,2) width 199: "c0r[0-1] Data 1 span=2 rows"
            RenderTableCell {TD} at (207,2) size 35x25 [border: (1px inset #808080)] [r=0 c=1 rs=1 cs=1]
              RenderText {#text} at (2,2) size 31x21
                text run at (2,2) width 31: "c0r0"
            RenderTableCell {TD} at (244,2) size 35x25 [border: (1px inset #808080)] [r=0 c=2 rs=1 cs=1]
              RenderText {#text} at (2,2) size 31x21
                text run at (2,2) width 31: "c1r0"
          RenderTableRow {TR} at (0,29) size 281x25
            RenderTableCell {TD} at (207,29) size 35x25 [border: (1px inset #808080)] [r=1 c=1 rs=1 cs=1]
              RenderText {#text} at (2,2) size 31x21
                text run at (2,2) width 31: "c0r1"
            RenderTableCell {TD} at (244,29) size 35x25 [border: (1px inset #808080)] [r=1 c=2 rs=1 cs=1]
              RenderText {#text} at (2,2) size 31x21
                text run at (2,2) width 31: "c1r1"
          RenderTableRow {TR} at (0,56) size 281x25
            RenderTableCell {TD} at (2,110) size 203x25 [border: (1px inset #808080)] [r=2 c=0 rs=5 cs=1]
              RenderText {#text} at (2,2) size 199x21
                text run at (2,2) width 199: "c0r[2-6],Data 2 span=5 rows"
            RenderTableCell {TD} at (207,56) size 35x25 [border: (1px inset #808080)] [r=2 c=1 rs=1 cs=1]
              RenderText {#text} at (2,2) size 31x21
                text run at (2,2) width 31: "c0r2"
            RenderTableCell {TD} at (244,56) size 35x25 [border: (1px inset #808080)] [r=2 c=2 rs=1 cs=1]
              RenderText {#text} at (2,2) size 31x21
                text run at (2,2) width 31: "c1r2"
          RenderTableRow {TR} at (0,83) size 281x25
            RenderTableCell {TD} at (207,83) size 35x25 [border: (1px inset #808080)] [r=3 c=1 rs=1 cs=1]
              RenderText {#text} at (2,2) size 31x21
                text run at (2,2) width 31: "c0r3"
            RenderTableCell {TD} at (244,83) size 35x25 [border: (1px inset #808080)] [r=3 c=2 rs=1 cs=1]
              RenderText {#text} at (2,2) size 31x21
                text run at (2,2) width 31: "c1r3"
          RenderTableRow {TR} at (0,110) size 281x25
            RenderTableCell {TD} at (207,110) size 35x25 [border: (1px inset #808080)] [r=4 c=1 rs=1 cs=1]
              RenderText {#text} at (2,2) size 31x21
                text run at (2,2) width 31: "c0r4"
            RenderTableCell {TD} at (244,110) size 35x25 [border: (1px inset #808080)] [r=4 c=2 rs=1 cs=1]
              RenderText {#text} at (2,2) size 31x21
                text run at (2,2) width 31: "c1r4"
          RenderTableRow {TR} at (0,137) size 281x25
            RenderTableCell {TD} at (207,137) size 35x25 [border: (1px inset #808080)] [r=5 c=1 rs=1 cs=1]
              RenderText {#text} at (2,2) size 31x21
                text run at (2,2) width 31: "c0r5"
            RenderTableCell {TD} at (244,137) size 35x25 [border: (1px inset #808080)] [r=5 c=2 rs=1 cs=1]
              RenderText {#text} at (2,2) size 31x21
                text run at (2,2) width 31: "c1r5"
          RenderTableRow {TR} at (0,164) size 281x25
            RenderTableCell {TD} at (207,164) size 35x25 [border: (1px inset #808080)] [r=6 c=1 rs=1 cs=1]
              RenderText {#text} at (2,2) size 31x21
                text run at (2,2) width 31: "c0r6"
            RenderTableCell {TD} at (244,164) size 35x25 [border: (1px inset #808080)] [r=6 c=2 rs=1 cs=1]
              RenderText {#text} at (2,2) size 31x21
                text run at (2,2) width 31: "c1r6"
          RenderTableRow {TR} at (0,191) size 281x25
            RenderTableCell {TD} at (2,218) size 203x25 [border: (1px inset #808080)] [r=7 c=0 rs=3 cs=1]
              RenderText {#text} at (2,2) size 148x21
                text run at (2,2) width 148: "c0r[7-9] span=3 rows"
            RenderTableCell {TD} at (207,191) size 35x25 [border: (1px inset #808080)] [r=7 c=1 rs=1 cs=1]
              RenderText {#text} at (2,2) size 31x21
                text run at (2,2) width 31: "c0r7"
            RenderTableCell {TD} at (244,191) size 35x25 [border: (1px inset #808080)] [r=7 c=2 rs=1 cs=1]
              RenderText {#text} at (2,2) size 31x21
                text run at (2,2) width 31: "c1r7"
          RenderTableRow {TR} at (0,218) size 281x25
            RenderTableCell {TD} at (207,218) size 35x25 [border: (1px inset #808080)] [r=8 c=1 rs=1 cs=1]
              RenderText {#text} at (2,2) size 31x21
                text run at (2,2) width 31: "c0r8"
            RenderTableCell {TD} at (244,218) size 35x25 [border: (1px inset #808080)] [r=8 c=2 rs=1 cs=1]
              RenderText {#text} at (2,2) size 31x21
                text run at (2,2) width 31: "c1r8"
          RenderTableRow {TR} at (0,245) size 281x25
            RenderTableCell {TD} at (207,245) size 35x25 [border: (1px inset #808080)] [r=9 c=1 rs=1 cs=1]
              RenderText {#text} at (2,2) size 31x21
                text run at (2,2) width 31: "c0r9"
            RenderTableCell {TD} at (244,245) size 35x25 [border: (1px inset #808080)] [r=9 c=2 rs=1 cs=1]
              RenderText {#text} at (2,2) size 31x21
                text run at (2,2) width 31: "c1r9"
      RenderBlock {H2} at (0,595) size 768x32
        RenderText {#text} at (0,0) size 297x32
          text run at (0,0) width 297: "Col Span auto width table"
      RenderTable {TABLE} at (0,646) size 760x85 [border: (1px outset #808080)]
        RenderTableSection {TBODY} at (1,1) size 758x83
          RenderTableRow {TR} at (0,2) size 758x25
            RenderTableCell {TD} at (2,2) size 303x25 [border: (1px inset #808080)] [r=0 c=0 rs=1 cs=8]
              RenderText {#text} at (2,2) size 114x21
                text run at (2,2) width 114: "r0c[0-7], span=8"
            RenderTableCell {TD} at (307,2) size 449x25 [border: (1px inset #808080)] [r=0 c=8 rs=1 cs=10]
              RenderText {#text} at (2,2) size 178x21
                text run at (2,2) width 178: "r0col[8-17], span=10 cols"
          RenderTableRow {TR} at (0,29) size 758x25
            RenderTableCell {TD} at (2,29) size 118x25 [border: (1px inset #808080)] [r=1 c=0 rs=1 cs=3]
              RenderText {#text} at (2,2) size 114x21
                text run at (2,2) width 114: "r1c[0-2], span=3"
            RenderTableCell {TD} at (122,29) size 183x25 [border: (1px inset #808080)] [r=1 c=3 rs=1 cs=5]
              RenderText {#text} at (2,2) size 114x21
                text run at (2,2) width 114: "r1c[3-7], span=5"
            RenderTableCell {TD} at (307,29) size 311x25 [border: (1px inset #808080)] [r=1 c=8 rs=1 cs=7]
              RenderText {#text} at (2,2) size 123x21
                text run at (2,2) width 123: "r1c[8-14], span=7"
            RenderTableCell {TD} at (620,29) size 136x25 [border: (1px inset #808080)] [r=1 c=15 rs=1 cs=3]
              RenderText {#text} at (2,2) size 132x21
                text run at (2,2) width 132: "r1c[15-17], span=3"
          RenderTableRow {TR} at (0,56) size 758x25
            RenderTableCell {TD} at (2,56) size 38x25 [border: (1px inset #808080)] [r=2 c=0 rs=1 cs=1]
              RenderText {#text} at (2,2) size 31x21
                text run at (2,2) width 31: "r2c0"
            RenderTableCell {TD} at (42,56) size 38x25 [border: (1px inset #808080)] [r=2 c=1 rs=1 cs=1]
              RenderText {#text} at (2,2) size 31x21
                text run at (2,2) width 31: "r2c1"
            RenderTableCell {TD} at (82,56) size 38x25 [border: (1px inset #808080)] [r=2 c=2 rs=1 cs=1]
              RenderText {#text} at (2,2) size 31x21
                text run at (2,2) width 31: "r2c3"
            RenderTableCell {TD} at (122,56) size 35x25 [border: (1px inset #808080)] [r=2 c=3 rs=1 cs=1]
              RenderText {#text} at (2,2) size 31x21
                text run at (2,2) width 31: "r2c4"
            RenderTableCell {TD} at (159,56) size 35x25 [border: (1px inset #808080)] [r=2 c=4 rs=1 cs=1]
              RenderText {#text} at (2,2) size 31x21
                text run at (2,2) width 31: "r2c5"
            RenderTableCell {TD} at (196,56) size 35x25 [border: (1px inset #808080)] [r=2 c=5 rs=1 cs=1]
              RenderText {#text} at (2,2) size 31x21
                text run at (2,2) width 31: "r2c6"
            RenderTableCell {TD} at (233,56) size 35x25 [border: (1px inset #808080)] [r=2 c=6 rs=1 cs=1]
              RenderText {#text} at (2,2) size 31x21
                text run at (2,2) width 31: "r2c7"
            RenderTableCell {TD} at (270,56) size 35x25 [border: (1px inset #808080)] [r=2 c=7 rs=1 cs=1]
              RenderText {#text} at (2,2) size 31x21
                text run at (2,2) width 31: "r2c8"
            RenderTableCell {TD} at (307,56) size 35x25 [border: (1px inset #808080)] [r=2 c=8 rs=1 cs=1]
              RenderText {#text} at (2,2) size 31x21
                text run at (2,2) width 31: "r2c9"
            RenderTableCell {TD} at (344,56) size 44x25 [border: (1px inset #808080)] [r=2 c=9 rs=1 cs=1]
              RenderText {#text} at (2,2) size 40x21
                text run at (2,2) width 40: "r2c10"
            RenderTableCell {TD} at (390,56) size 44x25 [border: (1px inset #808080)] [r=2 c=10 rs=1 cs=1]
              RenderText {#text} at (2,2) size 40x21
                text run at (2,2) width 40: "r2c11"
            RenderTableCell {TD} at (436,56) size 44x25 [border: (1px inset #808080)] [r=2 c=11 rs=1 cs=1]
              RenderText {#text} at (2,2) size 40x21
                text run at (2,2) width 40: "r2c12"
            RenderTableCell {TD} at (482,56) size 44x25 [border: (1px inset #808080)] [r=2 c=12 rs=1 cs=1]
              RenderText {#text} at (2,2) size 40x21
                text run at (2,2) width 40: "r2c13"
            RenderTableCell {TD} at (528,56) size 44x25 [border: (1px inset #808080)] [r=2 c=13 rs=1 cs=1]
              RenderText {#text} at (2,2) size 40x21
                text run at (2,2) width 40: "r2c14"
            RenderTableCell {TD} at (574,56) size 44x25 [border: (1px inset #808080)] [r=2 c=14 rs=1 cs=1]
              RenderText {#text} at (2,2) size 40x21
                text run at (2,2) width 40: "r2c15"
            RenderTableCell {TD} at (620,56) size 44x25 [border: (1px inset #808080)] [r=2 c=15 rs=1 cs=1]
              RenderText {#text} at (2,2) size 40x21
                text run at (2,2) width 40: "r2c16"
            RenderTableCell {TD} at (666,56) size 44x25 [border: (1px inset #808080)] [r=2 c=16 rs=1 cs=1]
              RenderText {#text} at (2,2) size 40x21
                text run at (2,2) width 40: "r2c17"
            RenderTableCell {TD} at (712,56) size 44x25 [border: (1px inset #808080)] [r=2 c=17 rs=1 cs=1]
              RenderText {#text} at (2,2) size 40x21
                text run at (2,2) width 40: "r2c18"
      RenderBlock {H2} at (0,750) size 768x32
        RenderText {#text} at (0,0) size 213x32
          text run at (0,0) width 213: "Row and Col Span"
      RenderTable {TABLE} at (0,801) size 159x85 [border: (1px outset #808080)]
        RenderTableSection {TBODY} at (1,1) size 157x83
          RenderTableRow {TR} at (0,2) size 157x25
            RenderTableCell {TD} at (2,15) size 79x25 [border: (1px inset #808080)] [r=0 c=0 rs=2 cs=2]
              RenderText {#text} at (2,2) size 75x21
                text run at (2,2) width 75: "r[0-2]c[0-1]"
            RenderTableCell {TD} at (83,2) size 35x25 [border: (1px inset #808080)] [r=0 c=2 rs=1 cs=1]
              RenderText {#text} at (2,2) size 31x21
                text run at (2,2) width 31: "r0c2"
            RenderTableCell {TD} at (120,2) size 35x25 [border: (1px inset #808080)] [r=0 c=3 rs=1 cs=1]
              RenderText {#text} at (2,2) size 31x21
                text run at (2,2) width 31: "r0c3"
          RenderTableRow {TR} at (0,29) size 157x25
            RenderTableCell {TD} at (83,29) size 35x25 [border: (1px inset #808080)] [r=1 c=2 rs=1 cs=1]
              RenderText {#text} at (2,2) size 31x21
                text run at (2,2) width 31: "r1c2"
            RenderTableCell {TD} at (120,29) size 35x25 [border: (1px inset #808080)] [r=1 c=3 rs=1 cs=1]
              RenderText {#text} at (2,2) size 31x21
                text run at (2,2) width 31: "r1c3"
          RenderTableRow {TR} at (0,56) size 157x25
            RenderTableCell {TD} at (2,56) size 38x25 [border: (1px inset #808080)] [r=2 c=0 rs=1 cs=1]
              RenderText {#text} at (2,2) size 31x21
                text run at (2,2) width 31: "r2c0"
            RenderTableCell {TD} at (42,56) size 39x25 [border: (1px inset #808080)] [r=2 c=1 rs=1 cs=1]
              RenderText {#text} at (2,2) size 31x21
                text run at (2,2) width 31: "r2c1"
            RenderTableCell {TD} at (83,56) size 35x25 [border: (1px inset #808080)] [r=2 c=2 rs=1 cs=1]
              RenderText {#text} at (2,2) size 31x21
                text run at (2,2) width 31: "r2c2"
            RenderTableCell {TD} at (120,56) size 35x25 [border: (1px inset #808080)] [r=2 c=3 rs=1 cs=1]
              RenderText {#text} at (2,2) size 31x21
                text run at (2,2) width 31: "r2c3"
      RenderBlock {P} at (0,902) size 768x21
        RenderText {#text} at (0,0) size 4x21
          text run at (0,0) width 4: " "
