layer at (0,0) size 784x1543
  RenderView at (0,0) size 784x600
layer at (0,0) size 784x1543
  RenderBlock {HTML} at (0,0) size 784x1543
    RenderBody {BODY} at (8,8) size 768x1527
      RenderBlock {H1} at (0,0) size 768x42
        RenderText {#text} at (0,0) size 447x42
          text run at (0,0) width 447: "Example 6: Table Stress Test"
      RenderBlock {PRE} at (0,63) size 768x17 [color=#FF0000]
        RenderText {#text} at (0,0) size 218x17
          text run at (0,0) width 218: "Resize document for maximum effect"
      RenderBlock (anonymous) at (0,93) size 768x21
        RenderBR {BR} at (0,0) size 0x21
      RenderBlock {H2} at (0,133) size 768x32
        RenderText {#text} at (0,0) size 575x32
          text run at (0,0) width 575: "Auto-width tables with spans nested 8 levels deep"
      RenderTable {TABLE} at (0,184) size 768x449 [bgcolor=#FF0000] [border: (1px outset #808080)]
        RenderTableSection {TBODY} at (1,1) size 766x447
          RenderTableRow {TR} at (0,2) size 766x25
            RenderTableCell {TD} at (2,2) size 33x25 [border: (1px inset #808080)] [r=0 c=0 rs=1 cs=1]
              RenderText {#text} at (2,2) size 29x21
                text run at (2,2) width 29: "Cell"
            RenderTableCell {TD} at (37,2) size 727x416 [border: (1px inset #808080)] [r=0 c=1 rs=2 cs=2]
              RenderTable {TABLE} at (2,2) size 723x412 [bgcolor=#ADD8E6] [border: (1px outset #808080)]
                RenderTableSection {TBODY} at (1,1) size 721x410
                  RenderTableRow {TR} at (0,2) size 721x25
                    RenderTableCell {TD} at (2,2) size 33x25 [border: (1px inset #808080)] [r=0 c=0 rs=1 cs=1]
                      RenderText {#text} at (2,2) size 29x21
                        text run at (2,2) width 29: "Cell"
                    RenderTableCell {TD} at (37,2) size 682x379 [border: (1px inset #808080)] [r=0 c=1 rs=2 cs=2]
                      RenderTable {TABLE} at (2,2) size 678x375 [bgcolor=#90EE90] [border: (1px outset #808080)]
                        RenderTableSection {TBODY} at (1,1) size 676x373
                          RenderTableRow {TR} at (0,2) size 676x25
                            RenderTableCell {TD} at (2,2) size 33x25 [border: (1px inset #808080)] [r=0 c=0 rs=1 cs=1]
                              RenderText {#text} at (2,2) size 29x21
                                text run at (2,2) width 29: "Cell"
                            RenderTableCell {TD} at (37,2) size 637x342 [border: (1px inset #808080)] [r=0 c=1 rs=2 cs=2]
                              RenderTable {TABLE} at (2,2) size 633x338 [border: (1px outset #808080)]
                                RenderTableSection {TBODY} at (1,1) size 631x336
                                  RenderTableRow {TR} at (0,2) size 631x25
                                    RenderTableCell {TD} at (2,2) size 33x25 [border: (1px inset #808080)] [r=0 c=0 rs=1 cs=1]
                                      RenderText {#text} at (2,2) size 29x21
                                        text run at (2,2) width 29: "Cell"
                                    RenderTableCell {TD} at (37,2) size 592x284 [border: (1px inset #808080)] [r=0 c=1 rs=2 cs=2]
                                      RenderTable {TABLE} at (2,2) size 588x280 [bgcolor=#FFA500] [border: (1px outset #808080)]
                                        RenderTableSection {TBODY} at (1,1) size 586x278
                                          RenderTableRow {TR} at (0,2) size 586x25
                                            RenderTableCell {TD} at (2,2) size 33x25 [border: (1px inset #808080)] [r=0 c=0 rs=1 cs=1]
                                              RenderText {#text} at (2,2) size 29x21
                                                text run at (2,2) width 29: "Cell"
                                            RenderTableCell {TD} at (37,2) size 547x226 [border: (1px inset #808080)] [r=0 c=1 rs=2 cs=2]
                                              RenderTable {TABLE} at (2,2) size 543x222 [bgcolor=#FF0000] [border: (1px outset #808080)]
                                                RenderTableSection {TBODY} at (1,1) size 541x220
                                                  RenderTableRow {TR} at (0,2) size 541x25
                                                    RenderTableCell {TD} at (2,2) size 33x25 [border: (1px inset #808080)] [r=0 c=0 rs=1 cs=1]
                                                      RenderText {#text} at (2,2) size 29x21
                                                        text run at (2,2) width 29: "Cell"
                                                    RenderTableCell {TD} at (37,2) size 502x168 [border: (1px inset #808080)] [r=0 c=1 rs=2 cs=2]
                                                      RenderTable {TABLE} at (2,2) size 498x164 [bgcolor=#ADD8E6] [border: (1px outset #808080)]
                                                        RenderTableSection {TBODY} at (1,1) size 496x162
                                                          RenderTableRow {TR} at (0,2) size 496x25
                                                            RenderTableCell {TD} at (2,2) size 33x25 [border: (1px inset #808080)] [r=0 c=0 rs=1 cs=1]
                                                              RenderText {#text} at (2,2) size 29x21
                                                                text run at (2,2) width 29: "Cell"
                                                            RenderTableCell {TD} at (37,2) size 457x110 [border: (1px inset #808080)] [r=0 c=1 rs=2 cs=2]
                                                              RenderTable {TABLE} at (2,2) size 453x106 [bgcolor=#90EE90] [border: (1px outset #808080)]
                                                                RenderTableSection {TBODY} at (1,1) size 451x104
                                                                  RenderTableRow {TR} at (0,2) size 451x25
                                                                    RenderTableCell {TD} at (2,2) size 33x25 [border: (1px inset #808080)] [r=0 c=0 rs=1 cs=1]
                                                                      RenderText {#text} at (2,2) size 29x21
                                                                        text run at (2,2) width 29: "Cell"
                                                                    RenderTableCell {TD} at (37,5) size 412x46 [border: (1px inset #808080)] [r=0 c=1 rs=2 cs=2]
                                                                      RenderText {#text} at (2,2) size 397x42
                                                                        text run at (2,2) width 397: "Cell, and stuff to test out table cell layout. This should be"
                                                                        text run at (2,23) width 35: "long "
                                                                        text run at (37,23) width 131: "enough for testing."
                                                                  RenderTableRow {TR} at (0,29) size 451x25
                                                                    RenderTableCell {TD} at (2,29) size 33x25 [border: (1px inset #808080)] [r=1 c=0 rs=1 cs=1]
                                                                      RenderText {#text} at (2,2) size 29x21
                                                                        text run at (2,2) width 29: "Cell"
                                                                  RenderTableRow {TR} at (0,56) size 451x46
                                                                    RenderTableCell {TD} at (2,66) size 33x25 [border: (1px inset #808080)] [r=2 c=0 rs=1 cs=1]
                                                                      RenderText {#text} at (2,2) size 29x21
                                                                        text run at (2,2) width 29: "Cell"
                                                                    RenderTableCell {TD} at (37,56) size 377x46 [border: (1px inset #808080)] [r=2 c=1 rs=1 cs=1]
                                                                      RenderText {#text} at (2,2) size 323x42
                                                                        text run at (2,2) width 323: "Cell, and stuff to test out table cell layout. This"
                                                                        text run at (2,23) width 109: "should be long "
                                                                        text run at (111,23) width 131: "enough for testing."
                                                                    RenderTableCell {TD} at (416,66) size 33x25 [border: (1px inset #808080)] [r=2 c=2 rs=1 cs=1]
                                                                      RenderText {#text} at (2,2) size 29x21
                                                                        text run at (2,2) width 29: "Cell"
                                                          RenderTableRow {TR} at (0,29) size 496x83
                                                            RenderTableCell {TD} at (2,58) size 33x25 [border: (1px inset #808080)] [r=1 c=0 rs=1 cs=1]
                                                              RenderText {#text} at (2,2) size 29x21
                                                                text run at (2,2) width 29: "Cell"
                                                          RenderTableRow {TR} at (0,114) size 496x46
                                                            RenderTableCell {TD} at (2,124) size 33x25 [border: (1px inset #808080)] [r=2 c=0 rs=1 cs=1]
                                                              RenderText {#text} at (2,2) size 29x21
                                                                text run at (2,2) width 29: "Cell"
                                                            RenderTableCell {TD} at (37,114) size 422x46 [border: (1px inset #808080)] [r=2 c=1 rs=1 cs=1]
                                                              RenderText {#text} at (2,2) size 397x42
                                                                text run at (2,2) width 397: "Cell, and stuff to test out table cell layout. This should be"
                                                                text run at (2,23) width 35: "long "
                                                                text run at (37,23) width 131: "enough for testing."
                                                            RenderTableCell {TD} at (461,124) size 33x25 [border: (1px inset #808080)] [r=2 c=2 rs=1 cs=1]
                                                              RenderText {#text} at (2,2) size 29x21
                                                                text run at (2,2) width 29: "Cell"
                                                  RenderTableRow {TR} at (0,29) size 541x141
                                                    RenderTableCell {TD} at (2,87) size 33x25 [border: (1px inset #808080)] [r=1 c=0 rs=1 cs=1]
                                                      RenderText {#text} at (2,2) size 29x21
                                                        text run at (2,2) width 29: "Cell"
                                                  RenderTableRow {TR} at (0,172) size 541x46
                                                    RenderTableCell {TD} at (2,182) size 33x25 [border: (1px inset #808080)] [r=2 c=0 rs=1 cs=1]
                                                      RenderText {#text} at (2,2) size 29x21
                                                        text run at (2,2) width 29: "Cell"
                                                    RenderTableCell {TD} at (37,172) size 467x46 [border: (1px inset #808080)] [r=2 c=1 rs=1 cs=1]
                                                      RenderText {#text} at (2,2) size 432x42
                                                        text run at (2,2) width 432: "Cell, and stuff to test out table cell layout. This should be long"
                                                        text run at (2,23) width 131: "enough for testing."
                                                    RenderTableCell {TD} at (506,182) size 33x25 [border: (1px inset #808080)] [r=2 c=2 rs=1 cs=1]
                                                      RenderText {#text} at (2,2) size 29x21
                                                        text run at (2,2) width 29: "Cell"
                                          RenderTableRow {TR} at (0,29) size 586x199
                                            RenderTableCell {TD} at (2,116) size 33x25 [border: (1px inset #808080)] [r=1 c=0 rs=1 cs=1]
                                              RenderText {#text} at (2,2) size 29x21
                                                text run at (2,2) width 29: "Cell"
                                          RenderTableRow {TR} at (0,230) size 586x46
                                            RenderTableCell {TD} at (2,240) size 33x25 [border: (1px inset #808080)] [r=2 c=0 rs=1 cs=1]
                                              RenderText {#text} at (2,2) size 29x21
                                                text run at (2,2) width 29: "Cell"
                                            RenderTableCell {TD} at (37,230) size 512x46 [border: (1px inset #808080)] [r=2 c=1 rs=1 cs=1]
                                              RenderText {#text} at (2,2) size 490x42
                                                text run at (2,2) width 436: "Cell, and stuff to test out table cell layout. This should be long "
                                                text run at (438,2) width 54: "enough"
                                                text run at (2,23) width 73: "for testing."
                                            RenderTableCell {TD} at (551,240) size 33x25 [border: (1px inset #808080)] [r=2 c=2 rs=1 cs=1]
                                              RenderText {#text} at (2,2) size 29x21
                                                text run at (2,2) width 29: "Cell"
                                  RenderTableRow {TR} at (0,29) size 631x257
                                    RenderTableCell {TD} at (2,145) size 33x25 [border: (1px inset #808080)] [r=1 c=0 rs=1 cs=1]
                                      RenderText {#text} at (2,2) size 29x21
                                        text run at (2,2) width 29: "Cell"
                                  RenderTableRow {TR} at (0,288) size 631x46
                                    RenderTableCell {TD} at (2,298) size 33x25 [border: (1px inset #808080)] [r=2 c=0 rs=1 cs=1]
                                      RenderText {#text} at (2,2) size 29x21
                                        text run at (2,2) width 29: "Cell"
                                    RenderTableCell {TD} at (37,288) size 557x46 [border: (1px inset #808080)] [r=2 c=1 rs=1 cs=1]
                                      RenderText {#text} at (2,2) size 512x42
                                        text run at (2,2) width 436: "Cell, and stuff to test out table cell layout. This should be long "
                                        text run at (438,2) width 76: "enough for"
                                        text run at (2,23) width 51: "testing."
                                    RenderTableCell {TD} at (596,298) size 33x25 [border: (1px inset #808080)] [r=2 c=2 rs=1 cs=1]
                                      RenderText {#text} at (2,2) size 29x21
                                        text run at (2,2) width 29: "Cell"
                          RenderTableRow {TR} at (0,29) size 676x315
                            RenderTableCell {TD} at (2,174) size 33x25 [border: (1px inset #808080)] [r=1 c=0 rs=1 cs=1]
                              RenderText {#text} at (2,2) size 29x21
                                text run at (2,2) width 29: "Cell"
                          RenderTableRow {TR} at (0,346) size 676x25
                            RenderTableCell {TD} at (2,346) size 33x25 [border: (1px inset #808080)] [r=2 c=0 rs=1 cs=1]
                              RenderText {#text} at (2,2) size 29x21
                                text run at (2,2) width 29: "Cell"
                            RenderTableCell {TD} at (37,346) size 599x25 [border: (1px inset #808080)] [r=2 c=1 rs=1 cs=1]
                              RenderText {#text} at (2,2) size 567x21
                                text run at (2,2) width 436: "Cell, and stuff to test out table cell layout. This should be long "
                                text run at (438,2) width 131: "enough for testing."
                            RenderTableCell {TD} at (638,346) size 36x25 [border: (1px inset #808080)] [r=2 c=2 rs=1 cs=1]
                              RenderText {#text} at (2,2) size 29x21
                                text run at (2,2) width 29: "Cell"
                  RenderTableRow {TR} at (0,29) size 721x352
                    RenderTableCell {TD} at (2,192) size 33x25 [border: (1px inset #808080)] [r=1 c=0 rs=1 cs=1]
                      RenderText {#text} at (2,2) size 29x21
                        text run at (2,2) width 29: "Cell"
                  RenderTableRow {TR} at (0,383) size 721x25
                    RenderTableCell {TD} at (2,383) size 33x25 [border: (1px inset #808080)] [r=2 c=0 rs=1 cs=1]
                      RenderText {#text} at (2,2) size 29x21
                        text run at (2,2) width 29: "Cell"
                    RenderTableCell {TD} at (37,383) size 642x25 [border: (1px inset #808080)] [r=2 c=1 rs=1 cs=1]
                      RenderText {#text} at (2,2) size 567x21
                        text run at (2,2) width 436: "Cell, and stuff to test out table cell layout. This should be long "
                        text run at (438,2) width 131: "enough for testing."
                    RenderTableCell {TD} at (681,383) size 38x25 [border: (1px inset #808080)] [r=2 c=2 rs=1 cs=1]
                      RenderText {#text} at (2,2) size 29x21
                        text run at (2,2) width 29: "Cell"
          RenderTableRow {TR} at (0,29) size 766x389
            RenderTableCell {TD} at (2,211) size 33x25 [border: (1px inset #808080)] [r=1 c=0 rs=1 cs=1]
              RenderText {#text} at (2,2) size 29x21
                text run at (2,2) width 29: "Cell"
          RenderTableRow {TR} at (0,420) size 766x25
            RenderTableCell {TD} at (2,420) size 33x25 [border: (1px inset #808080)] [r=2 c=0 rs=1 cs=1]
              RenderText {#text} at (2,2) size 29x21
                text run at (2,2) width 29: "Cell"
            RenderTableCell {TD} at (37,420) size 684x25 [border: (1px inset #808080)] [r=2 c=1 rs=1 cs=1]
              RenderText {#text} at (2,2) size 567x21
                text run at (2,2) width 436: "Cell, and stuff to test out table cell layout. This should be long "
                text run at (438,2) width 131: "enough for testing."
            RenderTableCell {TD} at (723,420) size 41x25 [border: (1px inset #808080)] [r=2 c=2 rs=1 cs=1]
              RenderText {#text} at (2,2) size 29x21
                text run at (2,2) width 29: "Cell"
      RenderBlock (anonymous) at (0,633) size 768x21
        RenderBR {BR} at (0,0) size 0x21
      RenderBlock {H2} at (0,673) size 768x32
        RenderText {#text} at (0,0) size 447x32
          text run at (0,0) width 447: "100% width tables nested 6 levels deep"
      RenderTable {TABLE} at (0,724) size 768x803 [bgcolor=#FFFF00] [border: (1px outset #808080)]
        RenderTableSection {TBODY} at (1,1) size 766x801
          RenderTableRow {TR} at (0,2) size 766x25
            RenderTableCell {TD} at (2,2) size 606x25 [border: (1px inset #808080)] [r=0 c=0 rs=1 cs=1]
              RenderText {#text} at (2,2) size 60x21
                text run at (2,2) width 60: "Cell one"
            RenderTableCell {TD} at (610,2) size 76x25 [border: (1px inset #808080)] [r=0 c=1 rs=1 cs=1]
              RenderText {#text} at (2,2) size 38x21
                text run at (2,2) width 38: "Cell2"
            RenderTableCell {TD} at (688,2) size 76x25 [border: (1px inset #808080)] [r=0 c=2 rs=1 cs=1]
              RenderText {#text} at (2,2) size 42x21
                text run at (2,2) width 42: "Cell 3"
          RenderTableRow {TR} at (0,29) size 766x25
            RenderTableCell {TD} at (2,29) size 606x25 [border: (1px inset #808080)] [r=1 c=0 rs=1 cs=1]
              RenderText {#text} at (2,2) size 42x21
                text run at (2,2) width 42: "Cell 4"
            RenderTableCell {TD} at (610,29) size 76x25 [border: (1px inset #808080)] [r=1 c=1 rs=1 cs=1]
              RenderText {#text} at (2,2) size 42x21
                text run at (2,2) width 42: "Cell 5"
            RenderTableCell {TD} at (688,29) size 76x25 [border: (1px inset #808080)] [r=1 c=2 rs=1 cs=1]
              RenderText {#text} at (2,2) size 42x21
                text run at (2,2) width 42: "Cell 6"
          RenderTableRow {TR} at (0,56) size 766x743
            RenderTableCell {TD} at (2,56) size 606x743 [border: (1px inset #808080)] [r=2 c=0 rs=1 cs=1]
              RenderTable {TABLE} at (2,2) size 602x718 [bgcolor=#D3D3D3]
                RenderTableSection {TBODY} at (0,0) size 602x718
                  RenderTableRow {TR} at (0,2) size 602x23
                    RenderTableCell {TD} at (2,2) size 18x23 [r=0 c=0 rs=1 cs=1]
                      RenderText {#text} at (1,1) size 9x21
                        text run at (1,1) width 9: "1"
                    RenderTableCell {TD} at (22,2) size 557x23 [r=0 c=1 rs=1 cs=1]
                      RenderText {#text} at (1,1) size 9x21
                        text run at (1,1) width 9: "2"
                    RenderTableCell {TD} at (581,2) size 19x23 [r=0 c=2 rs=1 cs=1]
                      RenderText {#text} at (1,1) size 9x21
                        text run at (1,1) width 9: "3"
                  RenderTableRow {TR} at (0,27) size 602x664
                    RenderTableCell {TD} at (2,347) size 18x23 [r=1 c=0 rs=1 cs=1]
                      RenderText {#text} at (1,1) size 9x21
                        text run at (1,1) width 9: "4"
                    RenderTableCell {TD} at (22,27) size 557x664 [r=1 c=1 rs=1 cs=1]
                      RenderTable {TABLE} at (1,1) size 555x641 [bgcolor=#ADD8E6] [border: (1px outset #808080)]
                        RenderTableSection {TBODY} at (1,1) size 553x639
                          RenderTableRow {TR} at (0,2) size 553x581
                            RenderTableCell {TD} at (2,280) size 21x25 [border: (1px inset #808080)] [r=0 c=0 rs=1 cs=1]
                              RenderText {#text} at (2,2) size 9x21
                                text run at (2,2) width 9: "1"
                            RenderTableCell {TD} at (25,2) size 502x581 [border: (1px inset #808080)] [r=0 c=1 rs=1 cs=1]
                              RenderTable {TABLE} at (2,2) size 498x556 [bgcolor=#FF0000] [border: (1px outset #808080)]
                                RenderTableSection {TBODY} at (1,1) size 496x554
                                  RenderTableRow {TR} at (0,2) size 496x25
                                    RenderTableCell {TD} at (2,2) size 22x25 [border: (1px inset #808080)] [r=0 c=0 rs=1 cs=1]
                                      RenderText {#text} at (2,2) size 9x21
                                        text run at (2,2) width 9: "1"
                                    RenderTableCell {TD} at (26,2) size 22x25 [border: (1px inset #808080)] [r=0 c=1 rs=1 cs=1]
                                      RenderText {#text} at (2,2) size 9x21
                                        text run at (2,2) width 9: "2"
                                    RenderTableCell {TD} at (50,2) size 394x25 [border: (1px inset #808080)] [r=0 c=2 rs=1 cs=1]
                                      RenderText {#text} at (2,2) size 9x21
                                        text run at (2,2) width 9: "3"
                                    RenderTableCell {TD} at (446,2) size 23x25 [border: (1px inset #808080)] [r=0 c=3 rs=1 cs=1]
                                      RenderText {#text} at (2,2) size 9x21
                                        text run at (2,2) width 9: "4"
                                    RenderTableCell {TD} at (471,2) size 23x25 [border: (1px inset #808080)] [r=0 c=4 rs=1 cs=1]
                                      RenderText {#text} at (2,2) size 9x21
                                        text run at (2,2) width 9: "5"
                                  RenderTableRow {TR} at (0,29) size 496x442
                                    RenderTableCell {TD} at (2,237) size 22x25 [border: (1px inset #808080)] [r=1 c=0 rs=1 cs=1]
                                      RenderText {#text} at (2,2) size 9x21
                                        text run at (2,2) width 9: "6"
                                    RenderTableCell {TD} at (26,237) size 22x25 [border: (1px inset #808080)] [r=1 c=1 rs=1 cs=1]
                                      RenderText {#text} at (2,2) size 9x21
                                        text run at (2,2) width 9: "7"
                                    RenderTableCell {TD} at (50,29) size 394x442 [border: (1px inset #808080)] [r=1 c=2 rs=1 cs=1]
                                      RenderTable {TABLE} at (2,2) size 390x417 [bgcolor=#008000] [border: (1px outset #808080)]
                                        RenderTableSection {TBODY} at (1,1) size 388x415
                                          RenderTableRow {TR} at (0,2) size 388x25
                                            RenderTableCell {TD} at (2,2) size 23x25 [border: (1px inset #808080)] [r=0 c=0 rs=1 cs=1]
                                              RenderText {#text} at (2,2) size 9x21
                                                text run at (2,2) width 9: "a"
                                            RenderTableCell {TD} at (27,2) size 23x25 [border: (1px inset #808080)] [r=0 c=1 rs=1 cs=1]
                                              RenderText {#text} at (2,2) size 9x21
                                                text run at (2,2) width 9: "b"
                                            RenderTableCell {TD} at (52,2) size 283x25 [border: (1px inset #808080)] [r=0 c=2 rs=1 cs=1]
                                              RenderText {#text} at (2,2) size 8x21
                                                text run at (2,2) width 8: "c"
                                            RenderTableCell {TD} at (337,2) size 23x25 [border: (1px inset #808080)] [r=0 c=3 rs=1 cs=1]
                                              RenderText {#text} at (2,2) size 9x21
                                                text run at (2,2) width 9: "d"
                                            RenderTableCell {TD} at (362,2) size 24x25 [border: (1px inset #808080)] [r=0 c=4 rs=1 cs=1]
                                              RenderText {#text} at (2,2) size 9x21
                                                text run at (2,2) width 9: "e"
                                          RenderTableRow {TR} at (0,29) size 388x25
                                            RenderTableCell {TD} at (2,29) size 23x25 [border: (1px inset #808080)] [r=1 c=0 rs=1 cs=1]
                                              RenderText {#text} at (2,2) size 4x21
                                                text run at (2,2) width 4: "f"
                                            RenderTableCell {TD} at (27,29) size 23x25 [border: (1px inset #808080)] [r=1 c=1 rs=1 cs=1]
                                              RenderText {#text} at (2,2) size 9x21
                                                text run at (2,2) width 9: "g"
                                            RenderTableCell {TD} at (52,29) size 283x25 [border: (1px inset #808080)] [r=1 c=2 rs=1 cs=1]
                                              RenderText {#text} at (2,2) size 9x21
                                                text run at (2,2) width 9: "h"
                                            RenderTableCell {TD} at (337,29) size 23x25 [border: (1px inset #808080)] [r=1 c=3 rs=1 cs=1]
                                              RenderText {#text} at (2,2) size 4x21
                                                text run at (2,2) width 4: "i"
                                            RenderTableCell {TD} at (362,29) size 24x25 [border: (1px inset #808080)] [r=1 c=4 rs=1 cs=1]
                                              RenderText {#text} at (2,2) size 4x21
                                                text run at (2,2) width 4: "j"
                                          RenderTableRow {TR} at (0,56) size 388x303
                                            RenderTableCell {TD} at (2,195) size 23x25 [border: (1px inset #808080)] [r=2 c=0 rs=1 cs=1]
                                              RenderText {#text} at (2,2) size 8x21
                                                text run at (2,2) width 8: "k"
                                            RenderTableCell {TD} at (27,195) size 23x25 [border: (1px inset #808080)] [r=2 c=1 rs=1 cs=1]
                                              RenderText {#text} at (2,2) size 4x21
                                                text run at (2,2) width 4: "l"
                                            RenderTableCell {TD} at (52,56) size 283x303 [border: (1px inset #808080)] [r=2 c=2 rs=1 cs=1]
                                              RenderTable {TABLE} at (2,2) size 279x278 [bgcolor=#800080] [border: (1px outset #808080)]
                                                RenderTableSection {TBODY} at (1,1) size 277x276
                                                  RenderTableRow {TR} at (0,2) size 277x25
                                                    RenderTableCell {TD} at (2,2) size 24x25 [border: (1px inset #808080)] [r=0 c=0 rs=1 cs=1]
                                                      RenderText {#text} at (2,2) size 9x21
                                                        text run at (2,2) width 9: "a"
                                                    RenderTableCell {TD} at (28,2) size 24x25 [border: (1px inset #808080)] [r=0 c=1 rs=1 cs=1]
                                                      RenderText {#text} at (2,2) size 9x21
                                                        text run at (2,2) width 9: "b"
                                                    RenderTableCell {TD} at (54,2) size 167x25 [border: (1px inset #808080)] [r=0 c=2 rs=1 cs=1]
                                                      RenderText {#text} at (2,2) size 8x21
                                                        text run at (2,2) width 8: "c"
                                                    RenderTableCell {TD} at (223,2) size 25x25 [border: (1px inset #808080)] [r=0 c=3 rs=1 cs=1]
                                                      RenderText {#text} at (2,2) size 9x21
                                                        text run at (2,2) width 9: "d"
                                                    RenderTableCell {TD} at (250,2) size 25x25 [border: (1px inset #808080)] [r=0 c=4 rs=1 cs=1]
                                                      RenderText {#text} at (2,2) size 9x21
                                                        text run at (2,2) width 9: "e"
                                                  RenderTableRow {TR} at (0,29) size 277x25
                                                    RenderTableCell {TD} at (2,29) size 24x25 [border: (1px inset #808080)] [r=1 c=0 rs=1 cs=1]
                                                      RenderText {#text} at (2,2) size 4x21
                                                        text run at (2,2) width 4: "f"
                                                    RenderTableCell {TD} at (28,29) size 24x25 [border: (1px inset #808080)] [r=1 c=1 rs=1 cs=1]
                                                      RenderText {#text} at (2,2) size 9x21
                                                        text run at (2,2) width 9: "g"
                                                    RenderTableCell {TD} at (54,29) size 167x25 [border: (1px inset #808080)] [r=1 c=2 rs=1 cs=1]
                                                      RenderText {#text} at (2,2) size 9x21
                                                        text run at (2,2) width 9: "h"
                                                    RenderTableCell {TD} at (223,29) size 25x25 [border: (1px inset #808080)] [r=1 c=3 rs=1 cs=1]
                                                      RenderText {#text} at (2,2) size 4x21
                                                        text run at (2,2) width 4: "i"
                                                    RenderTableCell {TD} at (250,29) size 25x25 [border: (1px inset #808080)] [r=1 c=4 rs=1 cs=1]
                                                      RenderText {#text} at (2,2) size 4x21
                                                        text run at (2,2) width 4: "j"
                                                  RenderTableRow {TR} at (0,56) size 277x164
                                                    RenderTableCell {TD} at (2,125) size 24x25 [border: (1px inset #808080)] [r=2 c=0 rs=1 cs=1]
                                                      RenderText {#text} at (2,2) size 8x21
                                                        text run at (2,2) width 8: "k"
                                                    RenderTableCell {TD} at (28,125) size 24x25 [border: (1px inset #808080)] [r=2 c=1 rs=1 cs=1]
                                                      RenderText {#text} at (2,2) size 4x21
                                                        text run at (2,2) width 4: "l"
                                                    RenderTableCell {TD} at (54,56) size 167x164 [border: (1px inset #808080)] [r=2 c=2 rs=1 cs=1]
                                                      RenderTable {TABLE} at (2,2) size 163x139 [bgcolor=#FFA500] [border: (1px outset #808080)]
                                                        RenderTableSection {TBODY} at (1,1) size 161x137
                                                          RenderTableRow {TR} at (0,2) size 161x25
                                                            RenderTableCell {TD} at (2,2) size 28x25 [border: (1px inset #808080)] [r=0 c=0 rs=1 cs=1]
                                                              RenderText {#text} at (2,2) size 9x21
                                                                text run at (2,2) width 9: "a"
                                                            RenderTableCell {TD} at (32,2) size 28x25 [border: (1px inset #808080)] [r=0 c=1 rs=1 cs=1]
                                                              RenderText {#text} at (2,2) size 9x21
                                                                text run at (2,2) width 9: "b"
                                                            RenderTableCell {TD} at (62,2) size 36x25 [border: (1px inset #808080)] [r=0 c=2 rs=1 cs=1]
                                                              RenderText {#text} at (2,2) size 8x21
                                                                text run at (2,2) width 8: "c"
                                                            RenderTableCell {TD} at (100,2) size 28x25 [border: (1px inset #808080)] [r=0 c=3 rs=1 cs=1]
                                                              RenderText {#text} at (2,2) size 9x21
                                                                text run at (2,2) width 9: "d"
                                                            RenderTableCell {TD} at (130,2) size 29x25 [border: (1px inset #808080)] [r=0 c=4 rs=1 cs=1]
                                                              RenderText {#text} at (2,2) size 9x21
                                                                text run at (2,2) width 9: "e"
                                                          RenderTableRow {TR} at (0,29) size 161x25
                                                            RenderTableCell {TD} at (2,29) size 28x25 [border: (1px inset #808080)] [r=1 c=0 rs=1 cs=1]
                                                              RenderText {#text} at (2,2) size 4x21
                                                                text run at (2,2) width 4: "f"
                                                            RenderTableCell {TD} at (32,29) size 28x25 [border: (1px inset #808080)] [r=1 c=1 rs=1 cs=1]
                                                              RenderText {#text} at (2,2) size 9x21
                                                                text run at (2,2) width 9: "g"
                                                            RenderTableCell {TD} at (62,29) size 36x25 [border: (1px inset #808080)] [r=1 c=2 rs=1 cs=1]
                                                              RenderText {#text} at (2,2) size 9x21
                                                                text run at (2,2) width 9: "h"
                                                            RenderTableCell {TD} at (100,29) size 28x25 [border: (1px inset #808080)] [r=1 c=3 rs=1 cs=1]
                                                              RenderText {#text} at (2,2) size 4x21
                                                                text run at (2,2) width 4: "i"
                                                            RenderTableCell {TD} at (130,29) size 29x25 [border: (1px inset #808080)] [r=1 c=4 rs=1 cs=1]
                                                              RenderText {#text} at (2,2) size 4x21
                                                                text run at (2,2) width 4: "j"
                                                          RenderTableRow {TR} at (0,56) size 161x25
                                                            RenderTableCell {TD} at (2,56) size 28x25 [border: (1px inset #808080)] [r=2 c=0 rs=1 cs=1]
                                                              RenderText {#text} at (2,2) size 8x21
                                                                text run at (2,2) width 8: "k"
                                                            RenderTableCell {TD} at (32,56) size 28x25 [border: (1px inset #808080)] [r=2 c=1 rs=1 cs=1]
                                                              RenderText {#text} at (2,2) size 4x21
                                                                text run at (2,2) width 4: "l"
                                                            RenderTableCell {TD} at (62,56) size 36x25 [border: (1px inset #808080)] [r=2 c=2 rs=1 cs=1]
                                                              RenderText {#text} at (2,2) size 13x21
                                                                text run at (2,2) width 13: "m"
                                                            RenderTableCell {TD} at (100,56) size 28x25 [border: (1px inset #808080)] [r=2 c=3 rs=1 cs=1]
                                                              RenderText {#text} at (2,2) size 9x21
                                                                text run at (2,2) width 9: "n"
                                                            RenderTableCell {TD} at (130,56) size 29x25 [border: (1px inset #808080)] [r=2 c=4 rs=1 cs=1]
                                                              RenderText {#text} at (2,2) size 9x21
                                                                text run at (2,2) width 9: "o"
                                                          RenderTableRow {TR} at (0,83) size 161x25
                                                            RenderTableCell {TD} at (2,83) size 28x25 [border: (1px inset #808080)] [r=3 c=0 rs=1 cs=1]
                                                              RenderText {#text} at (2,2) size 9x21
                                                                text run at (2,2) width 9: "p"
                                                            RenderTableCell {TD} at (32,83) size 28x25 [border: (1px inset #808080)] [r=3 c=1 rs=1 cs=1]
                                                              RenderText {#text} at (2,2) size 9x21
                                                                text run at (2,2) width 9: "q"
                                                            RenderTableCell {TD} at (62,83) size 36x25 [border: (1px inset #808080)] [r=3 c=2 rs=1 cs=1]
                                                              RenderText {#text} at (2,2) size 5x21
                                                                text run at (2,2) width 5: "r"
                                                            RenderTableCell {TD} at (100,83) size 28x25 [border: (1px inset #808080)] [r=3 c=3 rs=1 cs=1]
                                                              RenderText {#text} at (2,2) size 8x21
                                                                text run at (2,2) width 8: "s"
                                                            RenderTableCell {TD} at (130,83) size 29x25 [border: (1px inset #808080)] [r=3 c=4 rs=1 cs=1]
                                                              RenderText {#text} at (2,2) size 4x21
                                                                text run at (2,2) width 4: "t"
                                                          RenderTableRow {TR} at (0,110) size 161x25
                                                            RenderTableCell {TD} at (2,110) size 28x25 [border: (1px inset #808080)] [r=4 c=0 rs=1 cs=1]
                                                              RenderText {#text} at (2,2) size 9x21
                                                                text run at (2,2) width 9: "u"
                                                            RenderTableCell {TD} at (32,110) size 28x25 [border: (1px inset #808080)] [r=4 c=1 rs=1 cs=1]
                                                              RenderText {#text} at (2,2) size 8x21
                                                                text run at (2,2) width 8: "v"
                                                            RenderTableCell {TD} at (62,110) size 36x25 [border: (1px inset #808080)] [r=4 c=2 rs=1 cs=1]
                                                              RenderText {#text} at (2,2) size 12x21
                                                                text run at (2,2) width 12: "w"
                                                            RenderTableCell {TD} at (100,110) size 28x25 [border: (1px inset #808080)] [r=4 c=3 rs=1 cs=1]
                                                              RenderText {#text} at (2,2) size 8x21
                                                                text run at (2,2) width 8: "x"
                                                            RenderTableCell {TD} at (130,110) size 29x25 [border: (1px inset #808080)] [r=4 c=4 rs=1 cs=1]
                                                              RenderText {#text} at (2,2) size 8x21
                                                                text run at (2,2) width 8: "y"
                                                      RenderBlock (anonymous) at (2,141) size 163x21
                                                        RenderText {#text} at (0,0) size 4x21
                                                          text run at (0,0) width 4: " "
                                                    RenderTableCell {TD} at (223,125) size 25x25 [border: (1px inset #808080)] [r=2 c=3 rs=1 cs=1]
                                                      RenderText {#text} at (2,2) size 9x21
                                                        text run at (2,2) width 9: "n"
                                                    RenderTableCell {TD} at (250,125) size 25x25 [border: (1px inset #808080)] [r=2 c=4 rs=1 cs=1]
                                                      RenderText {#text} at (2,2) size 9x21
                                                        text run at (2,2) width 9: "o"
                                                  RenderTableRow {TR} at (0,222) size 277x25
                                                    RenderTableCell {TD} at (2,222) size 24x25 [border: (1px inset #808080)] [r=3 c=0 rs=1 cs=1]
                                                      RenderText {#text} at (2,2) size 9x21
                                                        text run at (2,2) width 9: "p"
                                                    RenderTableCell {TD} at (28,222) size 24x25 [border: (1px inset #808080)] [r=3 c=1 rs=1 cs=1]
                                                      RenderText {#text} at (2,2) size 9x21
                                                        text run at (2,2) width 9: "q"
                                                    RenderTableCell {TD} at (54,222) size 167x25 [border: (1px inset #808080)] [r=3 c=2 rs=1 cs=1]
                                                      RenderText {#text} at (2,2) size 5x21
                                                        text run at (2,2) width 5: "r"
                                                    RenderTableCell {TD} at (223,222) size 25x25 [border: (1px inset #808080)] [r=3 c=3 rs=1 cs=1]
                                                      RenderText {#text} at (2,2) size 8x21
                                                        text run at (2,2) width 8: "s"
                                                    RenderTableCell {TD} at (250,222) size 25x25 [border: (1px inset #808080)] [r=3 c=4 rs=1 cs=1]
                                                      RenderText {#text} at (2,2) size 4x21
                                                        text run at (2,2) width 4: "t"
                                                  RenderTableRow {TR} at (0,249) size 277x25
                                                    RenderTableCell {TD} at (2,249) size 24x25 [border: (1px inset #808080)] [r=4 c=0 rs=1 cs=1]
                                                      RenderText {#text} at (2,2) size 9x21
                                                        text run at (2,2) width 9: "u"
                                                    RenderTableCell {TD} at (28,249) size 24x25 [border: (1px inset #808080)] [r=4 c=1 rs=1 cs=1]
                                                      RenderText {#text} at (2,2) size 8x21
                                                        text run at (2,2) width 8: "v"
                                                    RenderTableCell {TD} at (54,249) size 167x25 [border: (1px inset #808080)] [r=4 c=2 rs=1 cs=1]
                                                      RenderText {#text} at (2,2) size 12x21
                                                        text run at (2,2) width 12: "w"
                                                    RenderTableCell {TD} at (223,249) size 25x25 [border: (1px inset #808080)] [r=4 c=3 rs=1 cs=1]
                                                      RenderText {#text} at (2,2) size 8x21
                                                        text run at (2,2) width 8: "x"
                                                    RenderTableCell {TD} at (250,249) size 25x25 [border: (1px inset #808080)] [r=4 c=4 rs=1 cs=1]
                                                      RenderText {#text} at (2,2) size 8x21
                                                        text run at (2,2) width 8: "y"
                                              RenderBlock (anonymous) at (2,280) size 279x21
                                                RenderText {#text} at (0,0) size 4x21
                                                  text run at (0,0) width 4: " "
                                            RenderTableCell {TD} at (337,195) size 23x25 [border: (1px inset #808080)] [r=2 c=3 rs=1 cs=1]
                                              RenderText {#text} at (2,2) size 9x21
                                                text run at (2,2) width 9: "n"
                                            RenderTableCell {TD} at (362,195) size 24x25 [border: (1px inset #808080)] [r=2 c=4 rs=1 cs=1]
                                              RenderText {#text} at (2,2) size 9x21
                                                text run at (2,2) width 9: "o"
                                          RenderTableRow {TR} at (0,361) size 388x25
                                            RenderTableCell {TD} at (2,361) size 23x25 [border: (1px inset #808080)] [r=3 c=0 rs=1 cs=1]
                                              RenderText {#text} at (2,2) size 9x21
                                                text run at (2,2) width 9: "p"
                                            RenderTableCell {TD} at (27,361) size 23x25 [border: (1px inset #808080)] [r=3 c=1 rs=1 cs=1]
                                              RenderText {#text} at (2,2) size 9x21
                                                text run at (2,2) width 9: "q"
                                            RenderTableCell {TD} at (52,361) size 283x25 [border: (1px inset #808080)] [r=3 c=2 rs=1 cs=1]
                                              RenderText {#text} at (2,2) size 5x21
                                                text run at (2,2) width 5: "r"
                                            RenderTableCell {TD} at (337,361) size 23x25 [border: (1px inset #808080)] [r=3 c=3 rs=1 cs=1]
                                              RenderText {#text} at (2,2) size 8x21
                                                text run at (2,2) width 8: "s"
                                            RenderTableCell {TD} at (362,361) size 24x25 [border: (1px inset #808080)] [r=3 c=4 rs=1 cs=1]
                                              RenderText {#text} at (2,2) size 4x21
                                                text run at (2,2) width 4: "t"
                                          RenderTableRow {TR} at (0,388) size 388x25
                                            RenderTableCell {TD} at (2,388) size 23x25 [border: (1px inset #808080)] [r=4 c=0 rs=1 cs=1]
                                              RenderText {#text} at (2,2) size 9x21
                                                text run at (2,2) width 9: "u"
                                            RenderTableCell {TD} at (27,388) size 23x25 [border: (1px inset #808080)] [r=4 c=1 rs=1 cs=1]
                                              RenderText {#text} at (2,2) size 8x21
                                                text run at (2,2) width 8: "v"
                                            RenderTableCell {TD} at (52,388) size 283x25 [border: (1px inset #808080)] [r=4 c=2 rs=1 cs=1]
                                              RenderText {#text} at (2,2) size 12x21
                                                text run at (2,2) width 12: "w"
                                            RenderTableCell {TD} at (337,388) size 23x25 [border: (1px inset #808080)] [r=4 c=3 rs=1 cs=1]
                                              RenderText {#text} at (2,2) size 8x21
                                                text run at (2,2) width 8: "x"
                                            RenderTableCell {TD} at (362,388) size 24x25 [border: (1px inset #808080)] [r=4 c=4 rs=1 cs=1]
                                              RenderText {#text} at (2,2) size 8x21
                                                text run at (2,2) width 8: "y"
                                      RenderBlock (anonymous) at (2,419) size 390x21
                                        RenderText {#text} at (0,0) size 4x21
                                          text run at (0,0) width 4: " "
                                    RenderTableCell {TD} at (446,237) size 23x25 [border: (1px inset #808080)] [r=1 c=3 rs=1 cs=1]
                                      RenderText {#text} at (2,2) size 9x21
                                        text run at (2,2) width 9: "9"
                                    RenderTableCell {TD} at (471,237) size 23x25 [border: (1px inset #808080)] [r=1 c=4 rs=1 cs=1]
                                      RenderText {#text} at (2,2) size 9x21
                                        text run at (2,2) width 9: "0"
                                  RenderTableRow {TR} at (0,473) size 496x25
                                    RenderTableCell {TD} at (2,473) size 22x25 [border: (1px inset #808080)] [r=2 c=0 rs=1 cs=1]
                                      RenderText {#text} at (2,2) size 9x21
                                        text run at (2,2) width 9: "a"
                                    RenderTableCell {TD} at (26,473) size 22x25 [border: (1px inset #808080)] [r=2 c=1 rs=1 cs=1]
                                      RenderText {#text} at (2,2) size 9x21
                                        text run at (2,2) width 9: "b"
                                    RenderTableCell {TD} at (50,473) size 394x25 [border: (1px inset #808080)] [r=2 c=2 rs=1 cs=1]
                                      RenderText {#text} at (2,2) size 8x21
                                        text run at (2,2) width 8: "c"
                                    RenderTableCell {TD} at (446,473) size 23x25 [border: (1px inset #808080)] [r=2 c=3 rs=1 cs=1]
                                      RenderText {#text} at (2,2) size 9x21
                                        text run at (2,2) width 9: "d"
                                    RenderTableCell {TD} at (471,473) size 23x25 [border: (1px inset #808080)] [r=2 c=4 rs=1 cs=1]
                                      RenderText {#text} at (2,2) size 9x21
                                        text run at (2,2) width 9: "e"
                                  RenderTableRow {TR} at (0,500) size 496x25
                                    RenderTableCell {TD} at (2,500) size 22x25 [border: (1px inset #808080)] [r=3 c=0 rs=1 cs=1]
                                      RenderText {#text} at (2,2) size 4x21
                                        text run at (2,2) width 4: "f"
                                    RenderTableCell {TD} at (26,500) size 22x25 [border: (1px inset #808080)] [r=3 c=1 rs=1 cs=1]
                                      RenderText {#text} at (2,2) size 9x21
                                        text run at (2,2) width 9: "g"
                                    RenderTableCell {TD} at (50,500) size 394x25 [border: (1px inset #808080)] [r=3 c=2 rs=1 cs=1]
                                      RenderText {#text} at (2,2) size 9x21
                                        text run at (2,2) width 9: "h"
                                    RenderTableCell {TD} at (446,500) size 23x25 [border: (1px inset #808080)] [r=3 c=3 rs=1 cs=1]
                                      RenderText {#text} at (2,2) size 4x21
                                        text run at (2,2) width 4: "i"
                                    RenderTableCell {TD} at (471,500) size 23x25 [border: (1px inset #808080)] [r=3 c=4 rs=1 cs=1]
                                      RenderText {#text} at (2,2) size 4x21
                                        text run at (2,2) width 4: "j"
                                  RenderTableRow {TR} at (0,527) size 496x25
                                    RenderTableCell {TD} at (2,527) size 22x25 [border: (1px inset #808080)] [r=4 c=0 rs=1 cs=1]
                                      RenderText {#text} at (2,2) size 8x21
                                        text run at (2,2) width 8: "k"
                                    RenderTableCell {TD} at (26,527) size 22x25 [border: (1px inset #808080)] [r=4 c=1 rs=1 cs=1]
                                      RenderText {#text} at (2,2) size 4x21
                                        text run at (2,2) width 4: "l"
                                    RenderTableCell {TD} at (50,527) size 394x25 [border: (1px inset #808080)] [r=4 c=2 rs=1 cs=1]
                                      RenderText {#text} at (2,2) size 13x21
                                        text run at (2,2) width 13: "m"
                                    RenderTableCell {TD} at (446,527) size 23x25 [border: (1px inset #808080)] [r=4 c=3 rs=1 cs=1]
                                      RenderText {#text} at (2,2) size 9x21
                                        text run at (2,2) width 9: "n"
                                    RenderTableCell {TD} at (471,527) size 23x25 [border: (1px inset #808080)] [r=4 c=4 rs=1 cs=1]
                                      RenderText {#text} at (2,2) size 9x21
                                        text run at (2,2) width 9: "o"
                              RenderBlock (anonymous) at (2,558) size 498x21
                                RenderText {#text} at (0,0) size 4x21
                                  text run at (0,0) width 4: " "
                            RenderTableCell {TD} at (529,280) size 22x25 [border: (1px inset #808080)] [r=0 c=2 rs=1 cs=1]
                              RenderText {#text} at (2,2) size 9x21
                                text run at (2,2) width 9: "3"
                          RenderTableRow {TR} at (0,585) size 553x25
                            RenderTableCell {TD} at (2,585) size 21x25 [border: (1px inset #808080)] [r=1 c=0 rs=1 cs=1]
                              RenderText {#text} at (2,2) size 9x21
                                text run at (2,2) width 9: "4"
                            RenderTableCell {TD} at (25,585) size 502x25 [border: (1px inset #808080)] [r=1 c=1 rs=1 cs=1]
                              RenderText {#text} at (2,2) size 9x21
                                text run at (2,2) width 9: "5"
                            RenderTableCell {TD} at (529,585) size 22x25 [border: (1px inset #808080)] [r=1 c=2 rs=1 cs=1]
                              RenderText {#text} at (2,2) size 9x21
                                text run at (2,2) width 9: "6"
                          RenderTableRow {TR} at (0,612) size 553x25
                            RenderTableCell {TD} at (2,612) size 21x25 [border: (1px inset #808080)] [r=2 c=0 rs=1 cs=1]
                              RenderText {#text} at (2,2) size 9x21
                                text run at (2,2) width 9: "7"
                            RenderTableCell {TD} at (25,612) size 502x25 [border: (1px inset #808080)] [r=2 c=1 rs=1 cs=1]
                              RenderText {#text} at (2,2) size 9x21
                                text run at (2,2) width 9: "8"
                            RenderTableCell {TD} at (529,612) size 22x25 [border: (1px inset #808080)] [r=2 c=2 rs=1 cs=1]
                              RenderText {#text} at (2,2) size 9x21
                                text run at (2,2) width 9: "9"
                      RenderBlock (anonymous) at (1,642) size 555x21
                        RenderText {#text} at (0,0) size 4x21
                          text run at (0,0) width 4: " "
                    RenderTableCell {TD} at (581,347) size 19x23 [r=1 c=2 rs=1 cs=1]
                      RenderText {#text} at (1,1) size 9x21
                        text run at (1,1) width 9: "6"
                  RenderTableRow {TR} at (0,693) size 602x23
                    RenderTableCell {TD} at (2,693) size 18x23 [r=2 c=0 rs=1 cs=1]
                      RenderText {#text} at (1,1) size 9x21
                        text run at (1,1) width 9: "7"
                    RenderTableCell {TD} at (22,693) size 557x23 [r=2 c=1 rs=1 cs=1]
                      RenderText {#text} at (1,1) size 9x21
                        text run at (1,1) width 9: "8"
                    RenderTableCell {TD} at (581,693) size 19x23 [r=2 c=2 rs=1 cs=1]
                      RenderText {#text} at (1,1) size 9x21
                        text run at (1,1) width 9: "9"
              RenderBlock (anonymous) at (2,720) size 602x21
                RenderText {#text} at (0,0) size 4x21
                  text run at (0,0) width 4: " "
            RenderTableCell {TD} at (610,415) size 76x25 [border: (1px inset #808080)] [r=2 c=1 rs=1 cs=1]
              RenderText {#text} at (2,2) size 9x21
                text run at (2,2) width 9: "8"
            RenderTableCell {TD} at (688,415) size 76x25 [border: (1px inset #808080)] [r=2 c=2 rs=1 cs=1]
              RenderText {#text} at (2,2) size 9x21
                text run at (2,2) width 9: "9"
