layer at (0,0) size 784x2828
  RenderView at (0,0) size 784x600
layer at (0,0) size 784x2828
  RenderBlock {HTML} at (0,0) size 784x2828
    RenderBody {BODY} at (8,8) size 768x2804 [bgcolor=#FFDEAD]
      RenderBlock {H1} at (0,0) size 768x84
        RenderInline {FONT} at (0,0) size 496x84 [color=#FF0000]
          RenderText {#text} at (0,0) size 344x42
            text run at (0,0) width 344: "Acceptance Test Case"
          RenderBR {BR} at (344,32) size 0x0
          RenderText {#text} at (0,42) size 496x42
            text run at (0,42) width 496: "Web Browser: Web View (HTML)"
      RenderBlock {P} at (0,105) size 768x32
        RenderInline {FONT} at (0,0) size 361x30 [color=#FF0000]
          RenderInline {B} at (0,0) size 361x32
            RenderText {#text} at (0,0) size 361x32
              text run at (0,0) width 361: "Table: <TH> & <TD> ROWSPAN"
        RenderText {#text} at (0,0) size 0x0
      RenderBlock {HR} at (0,153) size 768x2 [border: (1px inset #000000)]
      RenderBlock (anonymous) at (0,163) size 768x63
        RenderText {#text} at (0,0) size 312x21
          text run at (0,0) width 312: "This acceptance test case tests the optional "
        RenderInline {B} at (0,0) size 40x21
          RenderText {#text} at (312,0) size 40x21
            text run at (312,0) width 40: "<TH>"
        RenderText {#text} at (352,0) size 19x21
          text run at (352,0) width 19: " & "
        RenderInline {B} at (0,0) size 40x21
          RenderText {#text} at (371,0) size 40x21
            text run at (371,0) width 40: "<TD>"
        RenderText {#text} at (411,0) size 30x21
          text run at (411,0) width 30: " tag "
        RenderInline {B} at (0,0) size 85x21
          RenderText {#text} at (441,0) size 85x21
            text run at (441,0) width 85: "ROWSPAN"
        RenderText {#text} at (526,0) size 762x42
          text run at (526,0) width 115: " attribute which, "
          text run at (641,0) width 121: "when placed in a"
          text run at (0,21) width 662: "table header or data tag, specifies how many rows the table header or data cell will span. The "
        RenderInline {B} at (0,0) size 85x21
          RenderText {#text} at (662,21) size 85x21
            text run at (662,21) width 85: "ROWSPAN"
        RenderText {#text} at (0,42) size 668x21
          text run at (0,42) width 668: "attribute is set to an integer value equal the number of rows the table header or data cell spans."
      RenderBlock {P} at (0,242) size 768x21
        RenderInline {B} at (0,0) size 133x21
          RenderText {#text} at (0,0) size 133x21
            text run at (0,0) width 133: "Test Instructions:"
        RenderText {#text} at (0,0) size 0x0
      RenderBlock {OL} at (0,279) size 768x271
        RenderListItem {LI} at (40,0) size 728x21
          RenderListMarker at (-22,0) size 17x21: "1"
          RenderText {#text} at (0,0) size 559x21
            text run at (0,0) width 559: "Verify that the sample text displays as stated in each of the following test cases:"
        RenderBlock {P} at (40,37) size 728x113
          RenderTable {TABLE} at (0,0) size 587x113 [bgcolor=#F08080]
            RenderTableSection {TBODY} at (0,0) size 587x113
              RenderTableRow {TR} at (0,2) size 587x35
                RenderTableCell {TD} at (2,2) size 109x35 [r=0 c=0 rs=1 cs=1]
                  RenderInline {A} at (0,0) size 95x21 [color=#0000EE]
                    RenderText {#text} at (7,7) size 95x21
                      text run at (7,7) width 95: "Test Case #1"
                RenderTableCell {TD} at (113,2) size 472x35 [r=0 c=1 rs=1 cs=1]
                  RenderInline {FONT} at (0,0) size 349x21 [color=#0000FF]
                    RenderInline {B} at (0,0) size 349x21
                      RenderText {#text} at (7,7) size 349x21
                        text run at (7,7) width 349: "table with header cells spanning multiple rows"
              RenderTableRow {TR} at (0,39) size 587x35
                RenderTableCell {TD} at (2,39) size 109x35 [r=1 c=0 rs=1 cs=1]
                  RenderInline {A} at (0,0) size 95x21 [color=#0000EE]
                    RenderText {#text} at (7,7) size 95x21
                      text run at (7,7) width 95: "Test Case #2"
                RenderTableCell {TD} at (113,39) size 472x35 [r=1 c=1 rs=1 cs=1]
                  RenderInline {FONT} at (0,0) size 329x21 [color=#0000FF]
                    RenderInline {B} at (0,0) size 329x21
                      RenderText {#text} at (7,7) size 329x21
                        text run at (7,7) width 329: "table with data cells spanning multiple rows"
              RenderTableRow {TR} at (0,76) size 587x35
                RenderTableCell {TD} at (2,76) size 109x35 [r=2 c=0 rs=1 cs=1]
                  RenderInline {A} at (0,0) size 95x21 [color=#0000EE]
                    RenderText {#text} at (7,7) size 95x21
                      text run at (7,7) width 95: "Test Case #3"
                RenderTableCell {TD} at (113,76) size 472x35 [r=2 c=1 rs=1 cs=1]
                  RenderInline {FONT} at (0,0) size 458x21 [color=#0000FF]
                    RenderInline {B} at (0,0) size 458x21
                      RenderText {#text} at (7,7) size 458x21
                        text run at (7,7) width 458: "table with nested header & data cells spanning multiple rows"
        RenderBlock {P} at (40,166) size 728x0
        RenderListItem {LI} at (40,166) size 728x21
          RenderListMarker at (-22,0) size 17x21: "2"
          RenderText {#text} at (0,0) size 312x21
            text run at (0,0) width 312: "Verify that the table is maintained when you "
          RenderInline {B} at (0,0) size 142x21
            RenderText {#text} at (312,0) size 142x21
              text run at (312,0) width 142: "minimize/maximize"
          RenderText {#text} at (454,0) size 82x21
            text run at (454,0) width 82: " the screen."
        RenderListItem {LI} at (40,187) size 728x21
          RenderListMarker at (-22,0) size 17x21: "3"
          RenderText {#text} at (0,0) size 312x21
            text run at (0,0) width 312: "Verify that the table is maintained when you "
          RenderInline {B} at (0,0) size 132x21
            RenderText {#text} at (312,0) size 132x21
              text run at (312,0) width 132: "re-size left & right"
          RenderText {#text} at (444,0) size 82x21
            text run at (444,0) width 82: " the screen."
        RenderListItem {LI} at (40,208) size 728x21
          RenderListMarker at (-22,0) size 17x21: "4"
          RenderText {#text} at (0,0) size 312x21
            text run at (0,0) width 312: "Verify that the table is maintained when you "
          RenderInline {B} at (0,0) size 153x21
            RenderText {#text} at (312,0) size 153x21
              text run at (312,0) width 153: "re-size top & bottom"
          RenderText {#text} at (465,0) size 82x21
            text run at (465,0) width 82: " the screen."
        RenderListItem {LI} at (40,229) size 728x21
          RenderListMarker at (-22,0) size 17x21: "5"
          RenderText {#text} at (0,0) size 450x21
            text run at (0,0) width 450: "Verify re-draw takes place correctly after maximizing the screen."
        RenderListItem {LI} at (40,250) size 728x21
          RenderListMarker at (-22,0) size 17x21: "6"
          RenderText {#text} at (0,0) size 140x21
            text run at (0,0) width 140: "Verify reload works."
      RenderBlock {HR} at (0,566) size 768x2 [border: (1px inset #000000)]
      RenderBlock {P} at (0,584) size 768x67
        RenderTable {TABLE} at (0,0) size 652x67 [bgcolor=#F08080] [border: (1px outset #808080)]
          RenderTableSection {TBODY} at (1,1) size 650x65
            RenderTableRow {TR} at (0,2) size 650x61
              RenderTableCell {TH} at (2,2) size 646x61 [border: (1px inset #808080)] [r=0 c=0 rs=1 cs=1]
                RenderInline {A} at (0,0) size 0x0
                RenderText {#text} at (11,11) size 107x21
                  text run at (11,11) width 107: "Test Case #1: "
                RenderInline {FONT} at (0,0) size 349x21 [color=#0000FF]
                  RenderText {#text} at (118,11) size 349x21
                    text run at (118,11) width 349: "table with header cells spanning multiple rows"
                RenderText {#text} at (467,11) size 4x21
                  text run at (467,11) width 4: " "
                RenderInline {FONT} at (0,0) size 528x35
                  RenderInline {I} at (0,0) size 528x36
                    RenderText {#text} at (471,14) size 528x36
                      text run at (471,14) width 68: "(using <TH"
                      text run at (11,32) width 190: "ROWSPAN=integer value> tag)"
                RenderText {#text} at (0,0) size 0x0
      RenderBlock {P} at (0,667) size 768x154
        RenderBlock (anonymous) at (0,0) size 768x21
          RenderBR {BR} at (0,0) size 0x21
        RenderTable {TABLE} at (0,21) size 691x133 [bgcolor=#FFD700] [border: (1px outset #808080)]
          RenderTableSection {TBODY} at (1,1) size 689x131
            RenderTableRow {TR} at (0,2) size 689x127
              RenderTableCell {TD} at (2,2) size 685x127 [border: (1px inset #808080)] [r=0 c=0 rs=1 cs=1]
                RenderInline {FONT} at (0,0) size 647x105 [color=#FF0000]
                  RenderInline {B} at (0,0) size 647x105
                    RenderText {#text} at (11,11) size 401x21
                      text run at (11,11) width 401: "In the following sample table you should see that the "
                    RenderInline {FONT} at (0,0) size 85x21 [color=#0000FF]
                      RenderText {#text} at (412,11) size 85x21
                        text run at (412,11) width 85: "ROWSPAN"
                    RenderText {#text} at (497,11) size 635x42
                      text run at (497,11) width 4: " "
                      text run at (501,11) width 145: "attribute applies an"
                      text run at (11,32) width 346: "integer value equal to the number of rows the "
                    RenderInline {FONT} at (0,0) size 70x21 [color=#0000FF]
                      RenderText {#text} at (357,32) size 70x21
                        text run at (357,32) width 70: "HEADER"
                    RenderText {#text} at (427,32) size 647x84
                      text run at (427,32) width 153: " cell is to span. This "
                      text run at (580,32) width 59: "tells the"
                      text run at (11,53) width 632: "browser to make the table header cell occupy the same vertical space as the integer"
                      text run at (11,74) width 253: "number of cells specified in rows "
                      text run at (264,74) width 394: "above or below it. The browser flows the contents of"
                      text run at (11,95) width 410: "the spanning cell to occupy the entire spanned space."
      RenderBlock {P} at (0,837) size 768x42
        RenderBR {BR} at (0,0) size 0x21
        RenderBR {BR} at (0,21) size 0x21
      RenderBlock {UL} at (0,895) size 768x295
        RenderTable {TABLE} at (40,0) size 473x295 [border: (1px outset #808080)]
          RenderBlock {CAPTION} at (0,0) size 471x21
            RenderText {#text} at (80,0) size 46x21
              text run at (80,0) width 46: "Table "
            RenderInline {B} at (0,0) size 98x21
              RenderText {#text} at (125,0) size 98x21
                text run at (125,0) width 98: "Header Cells"
            RenderText {#text} at (222,0) size 169x21
              text run at (222,0) width 169: " spanning multiple rows"
          RenderTableSection {TBODY} at (1,22) size 471x272
            RenderTableRow {TR} at (0,2) size 471x25
              RenderTableCell {TH} at (2,5) size 102x46 [bgcolor=#FFE4C4] [border: (1px inset #808080)] [r=0 c=0 rs=2 cs=1]
                RenderText {#text} at (17,2) size 68x21
                  text run at (17,2) width 68: "Header 1"
                RenderBR {BR} at (85,18) size 0x0
                RenderText {#text} at (2,23) size 98x21
                  text run at (2,23) width 98: "span=2 rows"
              RenderTableCell {TD} at (106,2) size 38x25 [bgcolor=#EE82EE] [border: (1px inset #808080)] [r=0 c=1 rs=1 cs=1]
                RenderText {#text} at (2,2) size 34x21
                  text run at (2,2) width 34: "col 1"
              RenderTableCell {TD} at (146,2) size 38x25 [bgcolor=#EE82EE] [border: (1px inset #808080)] [r=0 c=2 rs=1 cs=1]
                RenderText {#text} at (2,2) size 34x21
                  text run at (2,2) width 34: "col 2"
              RenderTableCell {TD} at (186,2) size 38x25 [bgcolor=#EE82EE] [border: (1px inset #808080)] [r=0 c=3 rs=1 cs=1]
                RenderText {#text} at (2,2) size 34x21
                  text run at (2,2) width 34: "col 3"
              RenderTableCell {TD} at (226,2) size 38x25 [bgcolor=#EE82EE] [border: (1px inset #808080)] [r=0 c=4 rs=1 cs=1]
                RenderText {#text} at (2,2) size 34x21
                  text run at (2,2) width 34: "col 4"
              RenderTableCell {TD} at (266,2) size 39x25 [bgcolor=#EE82EE] [border: (1px inset #808080)] [r=0 c=5 rs=1 cs=1]
                RenderText {#text} at (2,2) size 34x21
                  text run at (2,2) width 34: "col 5"
              RenderTableCell {TD} at (307,2) size 39x25 [bgcolor=#EE82EE] [border: (1px inset #808080)] [r=0 c=6 rs=1 cs=1]
                RenderText {#text} at (2,2) size 34x21
                  text run at (2,2) width 34: "col 6"
              RenderTableCell {TD} at (348,2) size 39x25 [bgcolor=#EE82EE] [border: (1px inset #808080)] [r=0 c=7 rs=1 cs=1]
                RenderText {#text} at (2,2) size 34x21
                  text run at (2,2) width 34: "col 7"
              RenderTableCell {TD} at (389,2) size 39x25 [bgcolor=#EE82EE] [border: (1px inset #808080)] [r=0 c=8 rs=1 cs=1]
                RenderText {#text} at (2,2) size 34x21
                  text run at (2,2) width 34: "col 8"
              RenderTableCell {TD} at (430,2) size 39x25 [bgcolor=#EE82EE] [border: (1px inset #808080)] [r=0 c=9 rs=1 cs=1]
                RenderText {#text} at (2,2) size 34x21
                  text run at (2,2) width 34: "col 9"
            RenderTableRow {TR} at (0,29) size 471x25
              RenderTableCell {TD} at (106,29) size 38x25 [bgcolor=#EE82EE] [border: (1px inset #808080)] [r=1 c=1 rs=1 cs=1]
                RenderText {#text} at (2,2) size 34x21
                  text run at (2,2) width 34: "col 1"
              RenderTableCell {TD} at (146,29) size 38x25 [bgcolor=#EE82EE] [border: (1px inset #808080)] [r=1 c=2 rs=1 cs=1]
                RenderText {#text} at (2,2) size 34x21
                  text run at (2,2) width 34: "col 2"
              RenderTableCell {TD} at (186,29) size 38x25 [bgcolor=#EE82EE] [border: (1px inset #808080)] [r=1 c=3 rs=1 cs=1]
                RenderText {#text} at (2,2) size 34x21
                  text run at (2,2) width 34: "col 3"
              RenderTableCell {TD} at (226,29) size 38x25 [bgcolor=#EE82EE] [border: (1px inset #808080)] [r=1 c=4 rs=1 cs=1]
                RenderText {#text} at (2,2) size 34x21
                  text run at (2,2) width 34: "col 4"
              RenderTableCell {TD} at (266,29) size 39x25 [bgcolor=#EE82EE] [border: (1px inset #808080)] [r=1 c=5 rs=1 cs=1]
                RenderText {#text} at (2,2) size 34x21
                  text run at (2,2) width 34: "col 5"
              RenderTableCell {TD} at (307,29) size 39x25 [bgcolor=#EE82EE] [border: (1px inset #808080)] [r=1 c=6 rs=1 cs=1]
                RenderText {#text} at (2,2) size 34x21
                  text run at (2,2) width 34: "col 6"
              RenderTableCell {TD} at (348,29) size 39x25 [bgcolor=#EE82EE] [border: (1px inset #808080)] [r=1 c=7 rs=1 cs=1]
                RenderText {#text} at (2,2) size 34x21
                  text run at (2,2) width 34: "col 7"
              RenderTableCell {TD} at (389,29) size 39x25 [bgcolor=#EE82EE] [border: (1px inset #808080)] [r=1 c=8 rs=1 cs=1]
                RenderText {#text} at (2,2) size 34x21
                  text run at (2,2) width 34: "col 8"
              RenderTableCell {TD} at (430,29) size 39x25 [bgcolor=#EE82EE] [border: (1px inset #808080)] [r=1 c=9 rs=1 cs=1]
                RenderText {#text} at (2,2) size 34x21
                  text run at (2,2) width 34: "col 9"
            RenderTableRow {TR} at (0,56) size 471x25
              RenderTableCell {TH} at (2,99) size 102x46 [bgcolor=#FFE4C4] [border: (1px inset #808080)] [r=2 c=0 rs=5 cs=1]
                RenderText {#text} at (17,2) size 68x21
                  text run at (17,2) width 68: "Header 2"
                RenderBR {BR} at (85,18) size 0x0
                RenderText {#text} at (2,23) size 98x21
                  text run at (2,23) width 98: "span=5 rows"
              RenderTableCell {TD} at (106,56) size 38x25 [bgcolor=#90EE90] [border: (1px inset #808080)] [r=2 c=1 rs=1 cs=1]
                RenderText {#text} at (2,2) size 34x21
                  text run at (2,2) width 34: "col 1"
              RenderTableCell {TD} at (146,56) size 38x25 [bgcolor=#90EE90] [border: (1px inset #808080)] [r=2 c=2 rs=1 cs=1]
                RenderText {#text} at (2,2) size 34x21
                  text run at (2,2) width 34: "col 2"
              RenderTableCell {TD} at (186,56) size 38x25 [bgcolor=#90EE90] [border: (1px inset #808080)] [r=2 c=3 rs=1 cs=1]
                RenderText {#text} at (2,2) size 34x21
                  text run at (2,2) width 34: "col 3"
              RenderTableCell {TD} at (226,56) size 38x25 [bgcolor=#90EE90] [border: (1px inset #808080)] [r=2 c=4 rs=1 cs=1]
                RenderText {#text} at (2,2) size 34x21
                  text run at (2,2) width 34: "col 4"
              RenderTableCell {TD} at (266,56) size 39x25 [bgcolor=#90EE90] [border: (1px inset #808080)] [r=2 c=5 rs=1 cs=1]
                RenderText {#text} at (2,2) size 34x21
                  text run at (2,2) width 34: "col 5"
              RenderTableCell {TD} at (307,56) size 39x25 [bgcolor=#90EE90] [border: (1px inset #808080)] [r=2 c=6 rs=1 cs=1]
                RenderText {#text} at (2,2) size 34x21
                  text run at (2,2) width 34: "col 6"
              RenderTableCell {TD} at (348,56) size 39x25 [bgcolor=#90EE90] [border: (1px inset #808080)] [r=2 c=7 rs=1 cs=1]
                RenderText {#text} at (2,2) size 34x21
                  text run at (2,2) width 34: "col 7"
              RenderTableCell {TD} at (389,56) size 39x25 [bgcolor=#90EE90] [border: (1px inset #808080)] [r=2 c=8 rs=1 cs=1]
                RenderText {#text} at (2,2) size 34x21
                  text run at (2,2) width 34: "col 8"
              RenderTableCell {TD} at (430,56) size 39x25 [bgcolor=#90EE90] [border: (1px inset #808080)] [r=2 c=9 rs=1 cs=1]
                RenderText {#text} at (2,2) size 34x21
                  text run at (2,2) width 34: "col 9"
            RenderTableRow {TR} at (0,83) size 471x25
              RenderTableCell {TD} at (106,83) size 38x25 [bgcolor=#90EE90] [border: (1px inset #808080)] [r=3 c=1 rs=1 cs=1]
                RenderText {#text} at (2,2) size 34x21
                  text run at (2,2) width 34: "col 1"
              RenderTableCell {TD} at (146,83) size 38x25 [bgcolor=#90EE90] [border: (1px inset #808080)] [r=3 c=2 rs=1 cs=1]
                RenderText {#text} at (2,2) size 34x21
                  text run at (2,2) width 34: "col 2"
              RenderTableCell {TD} at (186,83) size 38x25 [bgcolor=#90EE90] [border: (1px inset #808080)] [r=3 c=3 rs=1 cs=1]
                RenderText {#text} at (2,2) size 34x21
                  text run at (2,2) width 34: "col 3"
              RenderTableCell {TD} at (226,83) size 38x25 [bgcolor=#90EE90] [border: (1px inset #808080)] [r=3 c=4 rs=1 cs=1]
                RenderText {#text} at (2,2) size 34x21
                  text run at (2,2) width 34: "col 4"
              RenderTableCell {TD} at (266,83) size 39x25 [bgcolor=#90EE90] [border: (1px inset #808080)] [r=3 c=5 rs=1 cs=1]
                RenderText {#text} at (2,2) size 34x21
                  text run at (2,2) width 34: "col 5"
              RenderTableCell {TD} at (307,83) size 39x25 [bgcolor=#90EE90] [border: (1px inset #808080)] [r=3 c=6 rs=1 cs=1]
                RenderText {#text} at (2,2) size 34x21
                  text run at (2,2) width 34: "col 6"
              RenderTableCell {TD} at (348,83) size 39x25 [bgcolor=#90EE90] [border: (1px inset #808080)] [r=3 c=7 rs=1 cs=1]
                RenderText {#text} at (2,2) size 34x21
                  text run at (2,2) width 34: "col 7"
              RenderTableCell {TD} at (389,83) size 39x25 [bgcolor=#90EE90] [border: (1px inset #808080)] [r=3 c=8 rs=1 cs=1]
                RenderText {#text} at (2,2) size 34x21
                  text run at (2,2) width 34: "col 8"
              RenderTableCell {TD} at (430,83) size 39x25 [bgcolor=#90EE90] [border: (1px inset #808080)] [r=3 c=9 rs=1 cs=1]
                RenderText {#text} at (2,2) size 34x21
                  text run at (2,2) width 34: "col 9"
            RenderTableRow {TR} at (0,110) size 471x25 [bgcolor=#FFE4C4]
              RenderTableCell {TD} at (106,110) size 38x25 [bgcolor=#90EE90] [border: (1px inset #808080)] [r=4 c=1 rs=1 cs=1]
                RenderText {#text} at (2,2) size 34x21
                  text run at (2,2) width 34: "col 1"
              RenderTableCell {TD} at (146,110) size 38x25 [bgcolor=#90EE90] [border: (1px inset #808080)] [r=4 c=2 rs=1 cs=1]
                RenderText {#text} at (2,2) size 34x21
                  text run at (2,2) width 34: "col 2"
              RenderTableCell {TD} at (186,110) size 38x25 [bgcolor=#90EE90] [border: (1px inset #808080)] [r=4 c=3 rs=1 cs=1]
                RenderText {#text} at (2,2) size 34x21
                  text run at (2,2) width 34: "col 3"
              RenderTableCell {TD} at (226,110) size 38x25 [bgcolor=#90EE90] [border: (1px inset #808080)] [r=4 c=4 rs=1 cs=1]
                RenderText {#text} at (2,2) size 34x21
                  text run at (2,2) width 34: "col 4"
              RenderTableCell {TD} at (266,110) size 39x25 [bgcolor=#90EE90] [border: (1px inset #808080)] [r=4 c=5 rs=1 cs=1]
                RenderText {#text} at (2,2) size 34x21
                  text run at (2,2) width 34: "col 5"
              RenderTableCell {TD} at (307,110) size 39x25 [bgcolor=#90EE90] [border: (1px inset #808080)] [r=4 c=6 rs=1 cs=1]
                RenderText {#text} at (2,2) size 34x21
                  text run at (2,2) width 34: "col 6"
              RenderTableCell {TD} at (348,110) size 39x25 [bgcolor=#90EE90] [border: (1px inset #808080)] [r=4 c=7 rs=1 cs=1]
                RenderText {#text} at (2,2) size 34x21
                  text run at (2,2) width 34: "col 7"
              RenderTableCell {TD} at (389,110) size 39x25 [bgcolor=#90EE90] [border: (1px inset #808080)] [r=4 c=8 rs=1 cs=1]
                RenderText {#text} at (2,2) size 34x21
                  text run at (2,2) width 34: "col 8"
              RenderTableCell {TD} at (430,110) size 39x25 [bgcolor=#90EE90] [border: (1px inset #808080)] [r=4 c=9 rs=1 cs=1]
                RenderText {#text} at (2,2) size 34x21
                  text run at (2,2) width 34: "col 9"
            RenderTableRow {TR} at (0,137) size 471x25
              RenderTableCell {TD} at (106,137) size 38x25 [bgcolor=#90EE90] [border: (1px inset #808080)] [r=5 c=1 rs=1 cs=1]
                RenderText {#text} at (2,2) size 34x21
                  text run at (2,2) width 34: "col 1"
              RenderTableCell {TD} at (146,137) size 38x25 [bgcolor=#90EE90] [border: (1px inset #808080)] [r=5 c=2 rs=1 cs=1]
                RenderText {#text} at (2,2) size 34x21
                  text run at (2,2) width 34: "col 2"
              RenderTableCell {TD} at (186,137) size 38x25 [bgcolor=#90EE90] [border: (1px inset #808080)] [r=5 c=3 rs=1 cs=1]
                RenderText {#text} at (2,2) size 34x21
                  text run at (2,2) width 34: "col 3"
              RenderTableCell {TD} at (226,137) size 38x25 [bgcolor=#90EE90] [border: (1px inset #808080)] [r=5 c=4 rs=1 cs=1]
                RenderText {#text} at (2,2) size 34x21
                  text run at (2,2) width 34: "col 4"
              RenderTableCell {TD} at (266,137) size 39x25 [bgcolor=#90EE90] [border: (1px inset #808080)] [r=5 c=5 rs=1 cs=1]
                RenderText {#text} at (2,2) size 34x21
                  text run at (2,2) width 34: "col 5"
              RenderTableCell {TD} at (307,137) size 39x25 [bgcolor=#90EE90] [border: (1px inset #808080)] [r=5 c=6 rs=1 cs=1]
                RenderText {#text} at (2,2) size 34x21
                  text run at (2,2) width 34: "col 6"
              RenderTableCell {TD} at (348,137) size 39x25 [bgcolor=#90EE90] [border: (1px inset #808080)] [r=5 c=7 rs=1 cs=1]
                RenderText {#text} at (2,2) size 34x21
                  text run at (2,2) width 34: "col 7"
              RenderTableCell {TD} at (389,137) size 39x25 [bgcolor=#90EE90] [border: (1px inset #808080)] [r=5 c=8 rs=1 cs=1]
                RenderText {#text} at (2,2) size 34x21
                  text run at (2,2) width 34: "col 8"
              RenderTableCell {TD} at (430,137) size 39x25 [bgcolor=#90EE90] [border: (1px inset #808080)] [r=5 c=9 rs=1 cs=1]
                RenderText {#text} at (2,2) size 34x21
                  text run at (2,2) width 34: "col 9"
            RenderTableRow {TR} at (0,164) size 471x25
              RenderTableCell {TD} at (106,164) size 38x25 [bgcolor=#90EE90] [border: (1px inset #808080)] [r=6 c=1 rs=1 cs=1]
                RenderText {#text} at (2,2) size 34x21
                  text run at (2,2) width 34: "col 1"
              RenderTableCell {TD} at (146,164) size 38x25 [bgcolor=#90EE90] [border: (1px inset #808080)] [r=6 c=2 rs=1 cs=1]
                RenderText {#text} at (2,2) size 34x21
                  text run at (2,2) width 34: "col 2"
              RenderTableCell {TD} at (186,164) size 38x25 [bgcolor=#90EE90] [border: (1px inset #808080)] [r=6 c=3 rs=1 cs=1]
                RenderText {#text} at (2,2) size 34x21
                  text run at (2,2) width 34: "col 3"
              RenderTableCell {TD} at (226,164) size 38x25 [bgcolor=#90EE90] [border: (1px inset #808080)] [r=6 c=4 rs=1 cs=1]
                RenderText {#text} at (2,2) size 34x21
                  text run at (2,2) width 34: "col 4"
              RenderTableCell {TD} at (266,164) size 39x25 [bgcolor=#90EE90] [border: (1px inset #808080)] [r=6 c=5 rs=1 cs=1]
                RenderText {#text} at (2,2) size 34x21
                  text run at (2,2) width 34: "col 5"
              RenderTableCell {TD} at (307,164) size 39x25 [bgcolor=#90EE90] [border: (1px inset #808080)] [r=6 c=6 rs=1 cs=1]
                RenderText {#text} at (2,2) size 34x21
                  text run at (2,2) width 34: "col 6"
              RenderTableCell {TD} at (348,164) size 39x25 [bgcolor=#90EE90] [border: (1px inset #808080)] [r=6 c=7 rs=1 cs=1]
                RenderText {#text} at (2,2) size 34x21
                  text run at (2,2) width 34: "col 7"
              RenderTableCell {TD} at (389,164) size 39x25 [bgcolor=#90EE90] [border: (1px inset #808080)] [r=6 c=8 rs=1 cs=1]
                RenderText {#text} at (2,2) size 34x21
                  text run at (2,2) width 34: "col 8"
              RenderTableCell {TD} at (430,164) size 39x25 [bgcolor=#90EE90] [border: (1px inset #808080)] [r=6 c=9 rs=1 cs=1]
                RenderText {#text} at (2,2) size 34x21
                  text run at (2,2) width 34: "col 9"
            RenderTableRow {TR} at (0,191) size 471x25
              RenderTableCell {TH} at (2,207) size 102x46 [bgcolor=#FFE4C4] [border: (1px inset #808080)] [r=7 c=0 rs=3 cs=1]
                RenderText {#text} at (17,2) size 68x21
                  text run at (17,2) width 68: "Header 3"
                RenderBR {BR} at (85,18) size 0x0
                RenderText {#text} at (2,23) size 98x21
                  text run at (2,23) width 98: "span=3 rows"
              RenderTableCell {TD} at (106,191) size 38x25 [bgcolor=#ADD8E6] [border: (1px inset #808080)] [r=7 c=1 rs=1 cs=1]
                RenderText {#text} at (2,2) size 34x21
                  text run at (2,2) width 34: "col 1"
              RenderTableCell {TD} at (146,191) size 38x25 [bgcolor=#ADD8E6] [border: (1px inset #808080)] [r=7 c=2 rs=1 cs=1]
                RenderText {#text} at (2,2) size 34x21
                  text run at (2,2) width 34: "col 2"
              RenderTableCell {TD} at (186,191) size 38x25 [bgcolor=#ADD8E6] [border: (1px inset #808080)] [r=7 c=3 rs=1 cs=1]
                RenderText {#text} at (2,2) size 34x21
                  text run at (2,2) width 34: "col 3"
              RenderTableCell {TD} at (226,191) size 38x25 [bgcolor=#ADD8E6] [border: (1px inset #808080)] [r=7 c=4 rs=1 cs=1]
                RenderText {#text} at (2,2) size 34x21
                  text run at (2,2) width 34: "col 4"
              RenderTableCell {TD} at (266,191) size 39x25 [bgcolor=#ADD8E6] [border: (1px inset #808080)] [r=7 c=5 rs=1 cs=1]
                RenderText {#text} at (2,2) size 34x21
                  text run at (2,2) width 34: "col 5"
              RenderTableCell {TD} at (307,191) size 39x25 [bgcolor=#ADD8E6] [border: (1px inset #808080)] [r=7 c=6 rs=1 cs=1]
                RenderText {#text} at (2,2) size 34x21
                  text run at (2,2) width 34: "col 6"
              RenderTableCell {TD} at (348,191) size 39x25 [bgcolor=#ADD8E6] [border: (1px inset #808080)] [r=7 c=7 rs=1 cs=1]
                RenderText {#text} at (2,2) size 34x21
                  text run at (2,2) width 34: "col 7"
              RenderTableCell {TD} at (389,191) size 39x25 [bgcolor=#ADD8E6] [border: (1px inset #808080)] [r=7 c=8 rs=1 cs=1]
                RenderText {#text} at (2,2) size 34x21
                  text run at (2,2) width 34: "col 8"
              RenderTableCell {TD} at (430,191) size 39x25 [bgcolor=#ADD8E6] [border: (1px inset #808080)] [r=7 c=9 rs=1 cs=1]
                RenderText {#text} at (2,2) size 34x21
                  text run at (2,2) width 34: "col 9"
            RenderTableRow {TR} at (0,218) size 471x25
              RenderTableCell {TD} at (106,218) size 38x25 [bgcolor=#ADD8E6] [border: (1px inset #808080)] [r=8 c=1 rs=1 cs=1]
                RenderText {#text} at (2,2) size 34x21
                  text run at (2,2) width 34: "col 1"
              RenderTableCell {TD} at (146,218) size 38x25 [bgcolor=#ADD8E6] [border: (1px inset #808080)] [r=8 c=2 rs=1 cs=1]
                RenderText {#text} at (2,2) size 34x21
                  text run at (2,2) width 34: "col 2"
              RenderTableCell {TD} at (186,218) size 38x25 [bgcolor=#ADD8E6] [border: (1px inset #808080)] [r=8 c=3 rs=1 cs=1]
                RenderText {#text} at (2,2) size 34x21
                  text run at (2,2) width 34: "col 3"
              RenderTableCell {TD} at (226,218) size 38x25 [bgcolor=#ADD8E6] [border: (1px inset #808080)] [r=8 c=4 rs=1 cs=1]
                RenderText {#text} at (2,2) size 34x21
                  text run at (2,2) width 34: "col 4"
              RenderTableCell {TD} at (266,218) size 39x25 [bgcolor=#ADD8E6] [border: (1px inset #808080)] [r=8 c=5 rs=1 cs=1]
                RenderText {#text} at (2,2) size 34x21
                  text run at (2,2) width 34: "col 5"
              RenderTableCell {TD} at (307,218) size 39x25 [bgcolor=#ADD8E6] [border: (1px inset #808080)] [r=8 c=6 rs=1 cs=1]
                RenderText {#text} at (2,2) size 34x21
                  text run at (2,2) width 34: "col 6"
              RenderTableCell {TD} at (348,218) size 39x25 [bgcolor=#ADD8E6] [border: (1px inset #808080)] [r=8 c=7 rs=1 cs=1]
                RenderText {#text} at (2,2) size 34x21
                  text run at (2,2) width 34: "col 7"
              RenderTableCell {TD} at (389,218) size 39x25 [bgcolor=#ADD8E6] [border: (1px inset #808080)] [r=8 c=8 rs=1 cs=1]
                RenderText {#text} at (2,2) size 34x21
                  text run at (2,2) width 34: "col 8"
              RenderTableCell {TD} at (430,218) size 39x25 [bgcolor=#ADD8E6] [border: (1px inset #808080)] [r=8 c=9 rs=1 cs=1]
                RenderText {#text} at (2,2) size 34x21
                  text run at (2,2) width 34: "col 9"
            RenderTableRow {TR} at (0,245) size 471x25
              RenderTableCell {TD} at (106,245) size 38x25 [bgcolor=#ADD8E6] [border: (1px inset #808080)] [r=9 c=1 rs=1 cs=1]
                RenderText {#text} at (2,2) size 34x21
                  text run at (2,2) width 34: "col 1"
              RenderTableCell {TD} at (146,245) size 38x25 [bgcolor=#ADD8E6] [border: (1px inset #808080)] [r=9 c=2 rs=1 cs=1]
                RenderText {#text} at (2,2) size 34x21
                  text run at (2,2) width 34: "col 2"
              RenderTableCell {TD} at (186,245) size 38x25 [bgcolor=#ADD8E6] [border: (1px inset #808080)] [r=9 c=3 rs=1 cs=1]
                RenderText {#text} at (2,2) size 34x21
                  text run at (2,2) width 34: "col 3"
              RenderTableCell {TD} at (226,245) size 38x25 [bgcolor=#ADD8E6] [border: (1px inset #808080)] [r=9 c=4 rs=1 cs=1]
                RenderText {#text} at (2,2) size 34x21
                  text run at (2,2) width 34: "col 4"
              RenderTableCell {TD} at (266,245) size 39x25 [bgcolor=#ADD8E6] [border: (1px inset #808080)] [r=9 c=5 rs=1 cs=1]
                RenderText {#text} at (2,2) size 34x21
                  text run at (2,2) width 34: "col 5"
              RenderTableCell {TD} at (307,245) size 39x25 [bgcolor=#ADD8E6] [border: (1px inset #808080)] [r=9 c=6 rs=1 cs=1]
                RenderText {#text} at (2,2) size 34x21
                  text run at (2,2) width 34: "col 6"
              RenderTableCell {TD} at (348,245) size 39x25 [bgcolor=#ADD8E6] [border: (1px inset #808080)] [r=9 c=7 rs=1 cs=1]
                RenderText {#text} at (2,2) size 34x21
                  text run at (2,2) width 34: "col 7"
              RenderTableCell {TD} at (389,245) size 39x25 [bgcolor=#ADD8E6] [border: (1px inset #808080)] [r=9 c=8 rs=1 cs=1]
                RenderText {#text} at (2,2) size 34x21
                  text run at (2,2) width 34: "col 8"
              RenderTableCell {TD} at (430,245) size 39x25 [bgcolor=#ADD8E6] [border: (1px inset #808080)] [r=9 c=9 rs=1 cs=1]
                RenderText {#text} at (2,2) size 34x21
                  text run at (2,2) width 34: "col 9"
      RenderBlock {P} at (0,1206) size 768x0
      RenderBlock {HR} at (0,1206) size 768x2 [border: (1px inset #000000)]
      RenderBlock {P} at (0,1224) size 768x67
        RenderTable {TABLE} at (0,0) size 652x67 [bgcolor=#F08080] [border: (1px outset #808080)]
          RenderTableSection {TBODY} at (1,1) size 650x65
            RenderTableRow {TR} at (0,2) size 650x61
              RenderTableCell {TH} at (2,2) size 646x61 [border: (1px inset #808080)] [r=0 c=0 rs=1 cs=1]
                RenderInline {A} at (0,0) size 0x0
                RenderText {#text} at (11,11) size 107x21
                  text run at (11,11) width 107: "Test Case #2: "
                RenderInline {FONT} at (0,0) size 329x21 [color=#0000FF]
                  RenderText {#text} at (118,11) size 329x21
                    text run at (118,11) width 329: "table with data cells spanning multiple rows"
                RenderText {#text} at (447,11) size 4x21
                  text run at (447,11) width 4: " "
                RenderInline {FONT} at (0,0) size 508x35
                  RenderInline {I} at (0,0) size 508x36
                    RenderText {#text} at (451,14) size 508x36
                      text run at (451,14) width 68: "(using <TD"
                      text run at (11,32) width 190: "ROWSPAN=integer value> tag)"
                RenderText {#text} at (0,0) size 0x0
      RenderBlock {P} at (0,1307) size 768x154
        RenderBlock (anonymous) at (0,0) size 768x21
          RenderBR {BR} at (0,0) size 0x21
        RenderTable {TABLE} at (0,21) size 691x133 [bgcolor=#FFD700] [border: (1px outset #808080)]
          RenderTableSection {TBODY} at (1,1) size 689x131
            RenderTableRow {TR} at (0,2) size 689x127
              RenderTableCell {TD} at (2,2) size 685x127 [border: (1px inset #808080)] [r=0 c=0 rs=1 cs=1]
                RenderInline {FONT} at (0,0) size 647x105 [color=#FF0000]
                  RenderInline {B} at (0,0) size 647x105
                    RenderText {#text} at (11,11) size 401x21
                      text run at (11,11) width 401: "In the following sample table you should see that the "
                    RenderInline {FONT} at (0,0) size 85x21 [color=#0000FF]
                      RenderText {#text} at (412,11) size 85x21
                        text run at (412,11) width 85: "ROWSPAN"
                    RenderText {#text} at (497,11) size 635x42
                      text run at (497,11) width 4: " "
                      text run at (501,11) width 145: "attribute applies an"
                      text run at (11,32) width 346: "integer value equal to the number of rows the "
                    RenderInline {FONT} at (0,0) size 46x21 [color=#0000FF]
                      RenderText {#text} at (357,32) size 46x21
                        text run at (357,32) width 46: "DATA"
                    RenderText {#text} at (403,32) size 647x84
                      text run at (403,32) width 153: " cell is to span. This "
                      text run at (556,32) width 59: "tells the"
                      text run at (11,53) width 612: "browser to make the table data cell occupy the same vertical space as the integer"
                      text run at (11,74) width 253: "number of cells specified in rows "
                      text run at (264,74) width 394: "above or below it. The browser flows the contents of"
                      text run at (11,95) width 410: "the spanning cell to occupy the entire spanned space."
      RenderBlock {P} at (0,1477) size 768x42
        RenderBR {BR} at (0,0) size 0x21
        RenderBR {BR} at (0,21) size 0x21
      RenderBlock {UL} at (0,1535) size 768x505
        RenderTable {TABLE} at (40,0) size 473x505 [border: (1px outset #808080)]
          RenderBlock {CAPTION} at (0,0) size 471x21
            RenderText {#text} at (90,0) size 46x21
              text run at (90,0) width 46: "Table "
            RenderInline {B} at (0,0) size 78x21
              RenderText {#text} at (135,0) size 78x21
                text run at (135,0) width 78: "Data Cells"
            RenderText {#text} at (212,0) size 169x21
              text run at (212,0) width 169: " spanning multiple rows"
          RenderTableSection {TBODY} at (1,22) size 471x482
            RenderTableRow {TR} at (0,2) size 471x46
              RenderTableCell {TH} at (2,12) size 44x25 [bgcolor=#EE82EE] [border: (1px inset #808080)] [r=0 c=0 rs=1 cs=1]
                RenderText {#text} at (2,2) size 40x21
                  text run at (2,2) width 40: "Head"
              RenderTableCell {TD} at (48,15) size 87x67 [bgcolor=#FFFACD] [border: (1px inset #808080)] [r=0 c=1 rs=2 cs=1]
                RenderText {#text} at (2,2) size 47x21
                  text run at (2,2) width 47: "Data 1"
                RenderBR {BR} at (49,18) size 0x0
                RenderText {#text} at (2,23) size 53x42
                  text run at (2,23) width 53: "span=2"
                  text run at (2,44) width 34: "rows"
              RenderTableCell {TD} at (137,2) size 35x46 [bgcolor=#EE82EE] [border: (1px inset #808080)] [r=0 c=2 rs=1 cs=1]
                RenderText {#text} at (2,2) size 21x42
                  text run at (2,2) width 21: "col"
                  text run at (2,23) width 9: "1"
              RenderTableCell {TD} at (174,2) size 35x46 [bgcolor=#EE82EE] [border: (1px inset #808080)] [r=0 c=3 rs=1 cs=1]
                RenderText {#text} at (2,2) size 21x42
                  text run at (2,2) width 21: "col"
                  text run at (2,23) width 9: "2"
              RenderTableCell {TD} at (211,2) size 35x46 [bgcolor=#EE82EE] [border: (1px inset #808080)] [r=0 c=4 rs=1 cs=1]
                RenderText {#text} at (2,2) size 21x42
                  text run at (2,2) width 21: "col"
                  text run at (2,23) width 9: "3"
              RenderTableCell {TD} at (248,2) size 35x46 [bgcolor=#EE82EE] [border: (1px inset #808080)] [r=0 c=5 rs=1 cs=1]
                RenderText {#text} at (2,2) size 21x42
                  text run at (2,2) width 21: "col"
                  text run at (2,23) width 9: "4"
              RenderTableCell {TD} at (285,2) size 35x46 [bgcolor=#EE82EE] [border: (1px inset #808080)] [r=0 c=6 rs=1 cs=1]
                RenderText {#text} at (2,2) size 21x42
                  text run at (2,2) width 21: "col"
                  text run at (2,23) width 9: "5"
              RenderTableCell {TD} at (322,2) size 35x46 [bgcolor=#EE82EE] [border: (1px inset #808080)] [r=0 c=7 rs=1 cs=1]
                RenderText {#text} at (2,2) size 21x42
                  text run at (2,2) width 21: "col"
                  text run at (2,23) width 9: "6"
              RenderTableCell {TD} at (359,2) size 35x46 [bgcolor=#EE82EE] [border: (1px inset #808080)] [r=0 c=8 rs=1 cs=1]
                RenderText {#text} at (2,2) size 21x42
                  text run at (2,2) width 21: "col"
                  text run at (2,23) width 9: "7"
              RenderTableCell {TD} at (396,2) size 35x46 [bgcolor=#EE82EE] [border: (1px inset #808080)] [r=0 c=9 rs=1 cs=1]
                RenderText {#text} at (2,2) size 21x42
                  text run at (2,2) width 21: "col"
                  text run at (2,23) width 9: "8"
              RenderTableCell {TD} at (433,2) size 36x46 [bgcolor=#EE82EE] [border: (1px inset #808080)] [r=0 c=10 rs=1 cs=1]
                RenderText {#text} at (2,2) size 21x42
                  text run at (2,2) width 21: "col"
                  text run at (2,23) width 9: "9"
            RenderTableRow {TR} at (0,50) size 471x46
              RenderTableCell {TH} at (2,60) size 44x25 [bgcolor=#EE82EE] [border: (1px inset #808080)] [r=1 c=0 rs=1 cs=1]
                RenderText {#text} at (2,2) size 40x21
                  text run at (2,2) width 40: "Head"
              RenderTableCell {TD} at (137,50) size 35x46 [bgcolor=#EE82EE] [border: (1px inset #808080)] [r=1 c=2 rs=1 cs=1]
                RenderText {#text} at (2,2) size 21x42
                  text run at (2,2) width 21: "col"
                  text run at (2,23) width 9: "1"
              RenderTableCell {TD} at (174,50) size 35x46 [bgcolor=#EE82EE] [border: (1px inset #808080)] [r=1 c=3 rs=1 cs=1]
                RenderText {#text} at (2,2) size 21x42
                  text run at (2,2) width 21: "col"
                  text run at (2,23) width 9: "2"
              RenderTableCell {TD} at (211,50) size 35x46 [bgcolor=#EE82EE] [border: (1px inset #808080)] [r=1 c=4 rs=1 cs=1]
                RenderText {#text} at (2,2) size 21x42
                  text run at (2,2) width 21: "col"
                  text run at (2,23) width 9: "3"
              RenderTableCell {TD} at (248,50) size 35x46 [bgcolor=#EE82EE] [border: (1px inset #808080)] [r=1 c=5 rs=1 cs=1]
                RenderText {#text} at (2,2) size 21x42
                  text run at (2,2) width 21: "col"
                  text run at (2,23) width 9: "4"
              RenderTableCell {TD} at (285,50) size 35x46 [bgcolor=#EE82EE] [border: (1px inset #808080)] [r=1 c=6 rs=1 cs=1]
                RenderText {#text} at (2,2) size 21x42
                  text run at (2,2) width 21: "col"
                  text run at (2,23) width 9: "5"
              RenderTableCell {TD} at (322,50) size 35x46 [bgcolor=#EE82EE] [border: (1px inset #808080)] [r=1 c=7 rs=1 cs=1]
                RenderText {#text} at (2,2) size 21x42
                  text run at (2,2) width 21: "col"
                  text run at (2,23) width 9: "6"
              RenderTableCell {TD} at (359,50) size 35x46 [bgcolor=#EE82EE] [border: (1px inset #808080)] [r=1 c=8 rs=1 cs=1]
                RenderText {#text} at (2,2) size 21x42
                  text run at (2,2) width 21: "col"
                  text run at (2,23) width 9: "7"
              RenderTableCell {TD} at (396,50) size 35x46 [bgcolor=#EE82EE] [border: (1px inset #808080)] [r=1 c=9 rs=1 cs=1]
                RenderText {#text} at (2,2) size 21x42
                  text run at (2,2) width 21: "col"
                  text run at (2,23) width 9: "8"
              RenderTableCell {TD} at (433,50) size 36x46 [bgcolor=#EE82EE] [border: (1px inset #808080)] [r=1 c=10 rs=1 cs=1]
                RenderText {#text} at (2,2) size 21x42
                  text run at (2,2) width 21: "col"
                  text run at (2,23) width 9: "9"
            RenderTableRow {TR} at (0,98) size 471x46
              RenderTableCell {TH} at (2,108) size 44x25 [bgcolor=#90EE90] [border: (1px inset #808080)] [r=2 c=0 rs=1 cs=1]
                RenderText {#text} at (2,2) size 40x21
                  text run at (2,2) width 40: "Head"
              RenderTableCell {TD} at (48,183) size 87x67 [bgcolor=#FFFACD] [border: (1px inset #808080)] [r=2 c=1 rs=5 cs=1]
                RenderText {#text} at (2,2) size 47x21
                  text run at (2,2) width 47: "Data 2"
                RenderBR {BR} at (49,18) size 0x0
                RenderText {#text} at (2,23) size 53x42
                  text run at (2,23) width 53: "span=5"
                  text run at (2,44) width 34: "rows"
              RenderTableCell {TD} at (137,98) size 35x46 [bgcolor=#90EE90] [border: (1px inset #808080)] [r=2 c=2 rs=1 cs=1]
                RenderText {#text} at (2,2) size 21x42
                  text run at (2,2) width 21: "col"
                  text run at (2,23) width 9: "1"
              RenderTableCell {TD} at (174,98) size 35x46 [bgcolor=#90EE90] [border: (1px inset #808080)] [r=2 c=3 rs=1 cs=1]
                RenderText {#text} at (2,2) size 21x42
                  text run at (2,2) width 21: "col"
                  text run at (2,23) width 9: "2"
              RenderTableCell {TD} at (211,98) size 35x46 [bgcolor=#90EE90] [border: (1px inset #808080)] [r=2 c=4 rs=1 cs=1]
                RenderText {#text} at (2,2) size 21x42
                  text run at (2,2) width 21: "col"
                  text run at (2,23) width 9: "3"
              RenderTableCell {TD} at (248,98) size 35x46 [bgcolor=#90EE90] [border: (1px inset #808080)] [r=2 c=5 rs=1 cs=1]
                RenderText {#text} at (2,2) size 21x42
                  text run at (2,2) width 21: "col"
                  text run at (2,23) width 9: "4"
              RenderTableCell {TD} at (285,98) size 35x46 [bgcolor=#90EE90] [border: (1px inset #808080)] [r=2 c=6 rs=1 cs=1]
                RenderText {#text} at (2,2) size 21x42
                  text run at (2,2) width 21: "col"
                  text run at (2,23) width 9: "5"
              RenderTableCell {TD} at (322,98) size 35x46 [bgcolor=#90EE90] [border: (1px inset #808080)] [r=2 c=7 rs=1 cs=1]
                RenderText {#text} at (2,2) size 21x42
                  text run at (2,2) width 21: "col"
                  text run at (2,23) width 9: "6"
              RenderTableCell {TD} at (359,98) size 35x46 [bgcolor=#90EE90] [border: (1px inset #808080)] [r=2 c=8 rs=1 cs=1]
                RenderText {#text} at (2,2) size 21x42
                  text run at (2,2) width 21: "col"
                  text run at (2,23) width 9: "7"
              RenderTableCell {TD} at (396,98) size 35x46 [bgcolor=#90EE90] [border: (1px inset #808080)] [r=2 c=9 rs=1 cs=1]
                RenderText {#text} at (2,2) size 21x42
                  text run at (2,2) width 21: "col"
                  text run at (2,23) width 9: "8"
              RenderTableCell {TD} at (433,98) size 36x46 [bgcolor=#90EE90] [border: (1px inset #808080)] [r=2 c=10 rs=1 cs=1]
                RenderText {#text} at (2,2) size 21x42
                  text run at (2,2) width 21: "col"
                  text run at (2,23) width 9: "9"
            RenderTableRow {TR} at (0,146) size 471x46
              RenderTableCell {TH} at (2,156) size 44x25 [bgcolor=#90EE90] [border: (1px inset #808080)] [r=3 c=0 rs=1 cs=1]
                RenderText {#text} at (2,2) size 40x21
                  text run at (2,2) width 40: "Head"
              RenderTableCell {TD} at (137,146) size 35x46 [bgcolor=#90EE90] [border: (1px inset #808080)] [r=3 c=2 rs=1 cs=1]
                RenderText {#text} at (2,2) size 21x42
                  text run at (2,2) width 21: "col"
                  text run at (2,23) width 9: "1"
              RenderTableCell {TD} at (174,146) size 35x46 [bgcolor=#90EE90] [border: (1px inset #808080)] [r=3 c=3 rs=1 cs=1]
                RenderText {#text} at (2,2) size 21x42
                  text run at (2,2) width 21: "col"
                  text run at (2,23) width 9: "2"
              RenderTableCell {TD} at (211,146) size 35x46 [bgcolor=#90EE90] [border: (1px inset #808080)] [r=3 c=4 rs=1 cs=1]
                RenderText {#text} at (2,2) size 21x42
                  text run at (2,2) width 21: "col"
                  text run at (2,23) width 9: "3"
              RenderTableCell {TD} at (248,146) size 35x46 [bgcolor=#90EE90] [border: (1px inset #808080)] [r=3 c=5 rs=1 cs=1]
                RenderText {#text} at (2,2) size 21x42
                  text run at (2,2) width 21: "col"
                  text run at (2,23) width 9: "4"
              RenderTableCell {TD} at (285,146) size 35x46 [bgcolor=#90EE90] [border: (1px inset #808080)] [r=3 c=6 rs=1 cs=1]
                RenderText {#text} at (2,2) size 21x42
                  text run at (2,2) width 21: "col"
                  text run at (2,23) width 9: "5"
              RenderTableCell {TD} at (322,146) size 35x46 [bgcolor=#90EE90] [border: (1px inset #808080)] [r=3 c=7 rs=1 cs=1]
                RenderText {#text} at (2,2) size 21x42
                  text run at (2,2) width 21: "col"
                  text run at (2,23) width 9: "6"
              RenderTableCell {TD} at (359,146) size 35x46 [bgcolor=#90EE90] [border: (1px inset #808080)] [r=3 c=8 rs=1 cs=1]
                RenderText {#text} at (2,2) size 21x42
                  text run at (2,2) width 21: "col"
                  text run at (2,23) width 9: "7"
              RenderTableCell {TD} at (396,146) size 35x46 [bgcolor=#90EE90] [border: (1px inset #808080)] [r=3 c=9 rs=1 cs=1]
                RenderText {#text} at (2,2) size 21x42
                  text run at (2,2) width 21: "col"
                  text run at (2,23) width 9: "8"
              RenderTableCell {TD} at (433,146) size 36x46 [bgcolor=#90EE90] [border: (1px inset #808080)] [r=3 c=10 rs=1 cs=1]
                RenderText {#text} at (2,2) size 21x42
                  text run at (2,2) width 21: "col"
                  text run at (2,23) width 9: "9"
            RenderTableRow {TR} at (0,194) size 471x46
              RenderTableCell {TH} at (2,204) size 44x25 [bgcolor=#90EE90] [border: (1px inset #808080)] [r=4 c=0 rs=1 cs=1]
                RenderText {#text} at (2,2) size 40x21
                  text run at (2,2) width 40: "Head"
              RenderTableCell {TD} at (137,194) size 35x46 [bgcolor=#90EE90] [border: (1px inset #808080)] [r=4 c=2 rs=1 cs=1]
                RenderText {#text} at (2,2) size 21x42
                  text run at (2,2) width 21: "col"
                  text run at (2,23) width 9: "1"
              RenderTableCell {TD} at (174,194) size 35x46 [bgcolor=#90EE90] [border: (1px inset #808080)] [r=4 c=3 rs=1 cs=1]
                RenderText {#text} at (2,2) size 21x42
                  text run at (2,2) width 21: "col"
                  text run at (2,23) width 9: "2"
              RenderTableCell {TD} at (211,194) size 35x46 [bgcolor=#90EE90] [border: (1px inset #808080)] [r=4 c=4 rs=1 cs=1]
                RenderText {#text} at (2,2) size 21x42
                  text run at (2,2) width 21: "col"
                  text run at (2,23) width 9: "3"
              RenderTableCell {TD} at (248,194) size 35x46 [bgcolor=#90EE90] [border: (1px inset #808080)] [r=4 c=5 rs=1 cs=1]
                RenderText {#text} at (2,2) size 21x42
                  text run at (2,2) width 21: "col"
                  text run at (2,23) width 9: "4"
              RenderTableCell {TD} at (285,194) size 35x46 [bgcolor=#90EE90] [border: (1px inset #808080)] [r=4 c=6 rs=1 cs=1]
                RenderText {#text} at (2,2) size 21x42
                  text run at (2,2) width 21: "col"
                  text run at (2,23) width 9: "5"
              RenderTableCell {TD} at (322,194) size 35x46 [bgcolor=#90EE90] [border: (1px inset #808080)] [r=4 c=7 rs=1 cs=1]
                RenderText {#text} at (2,2) size 21x42
                  text run at (2,2) width 21: "col"
                  text run at (2,23) width 9: "6"
              RenderTableCell {TD} at (359,194) size 35x46 [bgcolor=#90EE90] [border: (1px inset #808080)] [r=4 c=8 rs=1 cs=1]
                RenderText {#text} at (2,2) size 21x42
                  text run at (2,2) width 21: "col"
                  text run at (2,23) width 9: "7"
              RenderTableCell {TD} at (396,194) size 35x46 [bgcolor=#90EE90] [border: (1px inset #808080)] [r=4 c=9 rs=1 cs=1]
                RenderText {#text} at (2,2) size 21x42
                  text run at (2,2) width 21: "col"
                  text run at (2,23) width 9: "8"
              RenderTableCell {TD} at (433,194) size 36x46 [bgcolor=#90EE90] [border: (1px inset #808080)] [r=4 c=10 rs=1 cs=1]
                RenderText {#text} at (2,2) size 21x42
                  text run at (2,2) width 21: "col"
                  text run at (2,23) width 9: "9"
            RenderTableRow {TR} at (0,242) size 471x46
              RenderTableCell {TH} at (2,252) size 44x25 [bgcolor=#90EE90] [border: (1px inset #808080)] [r=5 c=0 rs=1 cs=1]
                RenderText {#text} at (2,2) size 40x21
                  text run at (2,2) width 40: "Head"
              RenderTableCell {TD} at (137,242) size 35x46 [bgcolor=#90EE90] [border: (1px inset #808080)] [r=5 c=2 rs=1 cs=1]
                RenderText {#text} at (2,2) size 21x42
                  text run at (2,2) width 21: "col"
                  text run at (2,23) width 9: "1"
              RenderTableCell {TD} at (174,242) size 35x46 [bgcolor=#90EE90] [border: (1px inset #808080)] [r=5 c=3 rs=1 cs=1]
                RenderText {#text} at (2,2) size 21x42
                  text run at (2,2) width 21: "col"
                  text run at (2,23) width 9: "2"
              RenderTableCell {TD} at (211,242) size 35x46 [bgcolor=#90EE90] [border: (1px inset #808080)] [r=5 c=4 rs=1 cs=1]
                RenderText {#text} at (2,2) size 21x42
                  text run at (2,2) width 21: "col"
                  text run at (2,23) width 9: "3"
              RenderTableCell {TD} at (248,242) size 35x46 [bgcolor=#90EE90] [border: (1px inset #808080)] [r=5 c=5 rs=1 cs=1]
                RenderText {#text} at (2,2) size 21x42
                  text run at (2,2) width 21: "col"
                  text run at (2,23) width 9: "4"
              RenderTableCell {TD} at (285,242) size 35x46 [bgcolor=#90EE90] [border: (1px inset #808080)] [r=5 c=6 rs=1 cs=1]
                RenderText {#text} at (2,2) size 21x42
                  text run at (2,2) width 21: "col"
                  text run at (2,23) width 9: "5"
              RenderTableCell {TD} at (322,242) size 35x46 [bgcolor=#90EE90] [border: (1px inset #808080)] [r=5 c=7 rs=1 cs=1]
                RenderText {#text} at (2,2) size 21x42
                  text run at (2,2) width 21: "col"
                  text run at (2,23) width 9: "6"
              RenderTableCell {TD} at (359,242) size 35x46 [bgcolor=#90EE90] [border: (1px inset #808080)] [r=5 c=8 rs=1 cs=1]
                RenderText {#text} at (2,2) size 21x42
                  text run at (2,2) width 21: "col"
                  text run at (2,23) width 9: "7"
              RenderTableCell {TD} at (396,242) size 35x46 [bgcolor=#90EE90] [border: (1px inset #808080)] [r=5 c=9 rs=1 cs=1]
                RenderText {#text} at (2,2) size 21x42
                  text run at (2,2) width 21: "col"
                  text run at (2,23) width 9: "8"
              RenderTableCell {TD} at (433,242) size 36x46 [bgcolor=#90EE90] [border: (1px inset #808080)] [r=5 c=10 rs=1 cs=1]
                RenderText {#text} at (2,2) size 21x42
                  text run at (2,2) width 21: "col"
                  text run at (2,23) width 9: "9"
            RenderTableRow {TR} at (0,290) size 471x46
              RenderTableCell {TH} at (2,300) size 44x25 [bgcolor=#90EE90] [border: (1px inset #808080)] [r=6 c=0 rs=1 cs=1]
                RenderText {#text} at (2,2) size 40x21
                  text run at (2,2) width 40: "Head"
              RenderTableCell {TD} at (137,290) size 35x46 [bgcolor=#90EE90] [border: (1px inset #808080)] [r=6 c=2 rs=1 cs=1]
                RenderText {#text} at (2,2) size 21x42
                  text run at (2,2) width 21: "col"
                  text run at (2,23) width 9: "1"
              RenderTableCell {TD} at (174,290) size 35x46 [bgcolor=#90EE90] [border: (1px inset #808080)] [r=6 c=3 rs=1 cs=1]
                RenderText {#text} at (2,2) size 21x42
                  text run at (2,2) width 21: "col"
                  text run at (2,23) width 9: "2"
              RenderTableCell {TD} at (211,290) size 35x46 [bgcolor=#90EE90] [border: (1px inset #808080)] [r=6 c=4 rs=1 cs=1]
                RenderText {#text} at (2,2) size 21x42
                  text run at (2,2) width 21: "col"
                  text run at (2,23) width 9: "3"
              RenderTableCell {TD} at (248,290) size 35x46 [bgcolor=#90EE90] [border: (1px inset #808080)] [r=6 c=5 rs=1 cs=1]
                RenderText {#text} at (2,2) size 21x42
                  text run at (2,2) width 21: "col"
                  text run at (2,23) width 9: "4"
              RenderTableCell {TD} at (285,290) size 35x46 [bgcolor=#90EE90] [border: (1px inset #808080)] [r=6 c=6 rs=1 cs=1]
                RenderText {#text} at (2,2) size 21x42
                  text run at (2,2) width 21: "col"
                  text run at (2,23) width 9: "5"
              RenderTableCell {TD} at (322,290) size 35x46 [bgcolor=#90EE90] [border: (1px inset #808080)] [r=6 c=7 rs=1 cs=1]
                RenderText {#text} at (2,2) size 21x42
                  text run at (2,2) width 21: "col"
                  text run at (2,23) width 9: "6"
              RenderTableCell {TD} at (359,290) size 35x46 [bgcolor=#90EE90] [border: (1px inset #808080)] [r=6 c=8 rs=1 cs=1]
                RenderText {#text} at (2,2) size 21x42
                  text run at (2,2) width 21: "col"
                  text run at (2,23) width 9: "7"
              RenderTableCell {TD} at (396,290) size 35x46 [bgcolor=#90EE90] [border: (1px inset #808080)] [r=6 c=9 rs=1 cs=1]
                RenderText {#text} at (2,2) size 21x42
                  text run at (2,2) width 21: "col"
                  text run at (2,23) width 9: "8"
              RenderTableCell {TD} at (433,290) size 36x46 [bgcolor=#90EE90] [border: (1px inset #808080)] [r=6 c=10 rs=1 cs=1]
                RenderText {#text} at (2,2) size 21x42
                  text run at (2,2) width 21: "col"
                  text run at (2,23) width 9: "9"
            RenderTableRow {TR} at (0,338) size 471x46
              RenderTableCell {TH} at (2,348) size 44x25 [bgcolor=#ADD8E6] [border: (1px inset #808080)] [r=7 c=0 rs=1 cs=1]
                RenderText {#text} at (2,2) size 40x21
                  text run at (2,2) width 40: "Head"
              RenderTableCell {TD} at (48,375) size 87x67 [bgcolor=#FFFACD] [border: (1px inset #808080)] [r=7 c=1 rs=3 cs=1]
                RenderText {#text} at (2,2) size 47x21
                  text run at (2,2) width 47: "Data 3"
                RenderBR {BR} at (49,18) size 0x0
                RenderText {#text} at (2,23) size 53x42
                  text run at (2,23) width 53: "span=3"
                  text run at (2,44) width 34: "rows"
              RenderTableCell {TD} at (137,338) size 35x46 [bgcolor=#ADD8E6] [border: (1px inset #808080)] [r=7 c=2 rs=1 cs=1]
                RenderText {#text} at (2,2) size 21x42
                  text run at (2,2) width 21: "col"
                  text run at (2,23) width 9: "1"
              RenderTableCell {TD} at (174,338) size 35x46 [bgcolor=#ADD8E6] [border: (1px inset #808080)] [r=7 c=3 rs=1 cs=1]
                RenderText {#text} at (2,2) size 21x42
                  text run at (2,2) width 21: "col"
                  text run at (2,23) width 9: "2"
              RenderTableCell {TD} at (211,338) size 35x46 [bgcolor=#ADD8E6] [border: (1px inset #808080)] [r=7 c=4 rs=1 cs=1]
                RenderText {#text} at (2,2) size 21x42
                  text run at (2,2) width 21: "col"
                  text run at (2,23) width 9: "3"
              RenderTableCell {TD} at (248,338) size 35x46 [bgcolor=#ADD8E6] [border: (1px inset #808080)] [r=7 c=5 rs=1 cs=1]
                RenderText {#text} at (2,2) size 21x42
                  text run at (2,2) width 21: "col"
                  text run at (2,23) width 9: "4"
              RenderTableCell {TD} at (285,338) size 35x46 [bgcolor=#ADD8E6] [border: (1px inset #808080)] [r=7 c=6 rs=1 cs=1]
                RenderText {#text} at (2,2) size 21x42
                  text run at (2,2) width 21: "col"
                  text run at (2,23) width 9: "5"
              RenderTableCell {TD} at (322,338) size 35x46 [bgcolor=#ADD8E6] [border: (1px inset #808080)] [r=7 c=7 rs=1 cs=1]
                RenderText {#text} at (2,2) size 21x42
                  text run at (2,2) width 21: "col"
                  text run at (2,23) width 9: "6"
              RenderTableCell {TD} at (359,338) size 35x46 [bgcolor=#ADD8E6] [border: (1px inset #808080)] [r=7 c=8 rs=1 cs=1]
                RenderText {#text} at (2,2) size 21x42
                  text run at (2,2) width 21: "col"
                  text run at (2,23) width 9: "7"
              RenderTableCell {TD} at (396,338) size 35x46 [bgcolor=#ADD8E6] [border: (1px inset #808080)] [r=7 c=9 rs=1 cs=1]
                RenderText {#text} at (2,2) size 21x42
                  text run at (2,2) width 21: "col"
                  text run at (2,23) width 9: "8"
              RenderTableCell {TD} at (433,338) size 36x46 [bgcolor=#ADD8E6] [border: (1px inset #808080)] [r=7 c=10 rs=1 cs=1]
                RenderText {#text} at (2,2) size 21x42
                  text run at (2,2) width 21: "col"
                  text run at (2,23) width 9: "9"
            RenderTableRow {TR} at (0,386) size 471x46
              RenderTableCell {TH} at (2,396) size 44x25 [bgcolor=#ADD8E6] [border: (1px inset #808080)] [r=8 c=0 rs=1 cs=1]
                RenderText {#text} at (2,2) size 40x21
                  text run at (2,2) width 40: "Head"
              RenderTableCell {TD} at (137,386) size 35x46 [bgcolor=#ADD8E6] [border: (1px inset #808080)] [r=8 c=2 rs=1 cs=1]
                RenderText {#text} at (2,2) size 21x42
                  text run at (2,2) width 21: "col"
                  text run at (2,23) width 9: "1"
              RenderTableCell {TD} at (174,386) size 35x46 [bgcolor=#ADD8E6] [border: (1px inset #808080)] [r=8 c=3 rs=1 cs=1]
                RenderText {#text} at (2,2) size 21x42
                  text run at (2,2) width 21: "col"
                  text run at (2,23) width 9: "2"
              RenderTableCell {TD} at (211,386) size 35x46 [bgcolor=#ADD8E6] [border: (1px inset #808080)] [r=8 c=4 rs=1 cs=1]
                RenderText {#text} at (2,2) size 21x42
                  text run at (2,2) width 21: "col"
                  text run at (2,23) width 9: "3"
              RenderTableCell {TD} at (248,386) size 35x46 [bgcolor=#ADD8E6] [border: (1px inset #808080)] [r=8 c=5 rs=1 cs=1]
                RenderText {#text} at (2,2) size 21x42
                  text run at (2,2) width 21: "col"
                  text run at (2,23) width 9: "4"
              RenderTableCell {TD} at (285,386) size 35x46 [bgcolor=#ADD8E6] [border: (1px inset #808080)] [r=8 c=6 rs=1 cs=1]
                RenderText {#text} at (2,2) size 21x42
                  text run at (2,2) width 21: "col"
                  text run at (2,23) width 9: "5"
              RenderTableCell {TD} at (322,386) size 35x46 [bgcolor=#ADD8E6] [border: (1px inset #808080)] [r=8 c=7 rs=1 cs=1]
                RenderText {#text} at (2,2) size 21x42
                  text run at (2,2) width 21: "col"
                  text run at (2,23) width 9: "6"
              RenderTableCell {TD} at (359,386) size 35x46 [bgcolor=#ADD8E6] [border: (1px inset #808080)] [r=8 c=8 rs=1 cs=1]
                RenderText {#text} at (2,2) size 21x42
                  text run at (2,2) width 21: "col"
                  text run at (2,23) width 9: "7"
              RenderTableCell {TD} at (396,386) size 35x46 [bgcolor=#ADD8E6] [border: (1px inset #808080)] [r=8 c=9 rs=1 cs=1]
                RenderText {#text} at (2,2) size 21x42
                  text run at (2,2) width 21: "col"
                  text run at (2,23) width 9: "8"
              RenderTableCell {TD} at (433,386) size 36x46 [bgcolor=#ADD8E6] [border: (1px inset #808080)] [r=8 c=10 rs=1 cs=1]
                RenderText {#text} at (2,2) size 21x42
                  text run at (2,2) width 21: "col"
                  text run at (2,23) width 9: "9"
            RenderTableRow {TR} at (0,434) size 471x46
              RenderTableCell {TH} at (2,444) size 44x25 [bgcolor=#ADD8E6] [border: (1px inset #808080)] [r=9 c=0 rs=1 cs=1]
                RenderText {#text} at (2,2) size 40x21
                  text run at (2,2) width 40: "Head"
              RenderTableCell {TD} at (137,434) size 35x46 [bgcolor=#ADD8E6] [border: (1px inset #808080)] [r=9 c=2 rs=1 cs=1]
                RenderText {#text} at (2,2) size 21x42
                  text run at (2,2) width 21: "col"
                  text run at (2,23) width 9: "1"
              RenderTableCell {TD} at (174,434) size 35x46 [bgcolor=#ADD8E6] [border: (1px inset #808080)] [r=9 c=3 rs=1 cs=1]
                RenderText {#text} at (2,2) size 21x42
                  text run at (2,2) width 21: "col"
                  text run at (2,23) width 9: "2"
              RenderTableCell {TD} at (211,434) size 35x46 [bgcolor=#ADD8E6] [border: (1px inset #808080)] [r=9 c=4 rs=1 cs=1]
                RenderText {#text} at (2,2) size 21x42
                  text run at (2,2) width 21: "col"
                  text run at (2,23) width 9: "3"
              RenderTableCell {TD} at (248,434) size 35x46 [bgcolor=#ADD8E6] [border: (1px inset #808080)] [r=9 c=5 rs=1 cs=1]
                RenderText {#text} at (2,2) size 21x42
                  text run at (2,2) width 21: "col"
                  text run at (2,23) width 9: "4"
              RenderTableCell {TD} at (285,434) size 35x46 [bgcolor=#ADD8E6] [border: (1px inset #808080)] [r=9 c=6 rs=1 cs=1]
                RenderText {#text} at (2,2) size 21x42
                  text run at (2,2) width 21: "col"
                  text run at (2,23) width 9: "5"
              RenderTableCell {TD} at (322,434) size 35x46 [bgcolor=#ADD8E6] [border: (1px inset #808080)] [r=9 c=7 rs=1 cs=1]
                RenderText {#text} at (2,2) size 21x42
                  text run at (2,2) width 21: "col"
                  text run at (2,23) width 9: "6"
              RenderTableCell {TD} at (359,434) size 35x46 [bgcolor=#ADD8E6] [border: (1px inset #808080)] [r=9 c=8 rs=1 cs=1]
                RenderText {#text} at (2,2) size 21x42
                  text run at (2,2) width 21: "col"
                  text run at (2,23) width 9: "7"
              RenderTableCell {TD} at (396,434) size 35x46 [bgcolor=#ADD8E6] [border: (1px inset #808080)] [r=9 c=9 rs=1 cs=1]
                RenderText {#text} at (2,2) size 21x42
                  text run at (2,2) width 21: "col"
                  text run at (2,23) width 9: "8"
              RenderTableCell {TD} at (433,434) size 36x46 [bgcolor=#ADD8E6] [border: (1px inset #808080)] [r=9 c=10 rs=1 cs=1]
                RenderText {#text} at (2,2) size 21x42
                  text run at (2,2) width 21: "col"
                  text run at (2,23) width 9: "9"
      RenderBlock {P} at (0,2056) size 768x0
      RenderBlock {HR} at (0,2056) size 768x2 [border: (1px inset #000000)]
      RenderBlock {P} at (0,2074) size 768x67
        RenderTable {TABLE} at (0,0) size 652x67 [bgcolor=#F08080] [border: (1px outset #808080)]
          RenderTableSection {TBODY} at (1,1) size 650x65
            RenderTableRow {TR} at (0,2) size 650x61
              RenderTableCell {TH} at (2,2) size 646x61 [border: (1px inset #808080)] [r=0 c=0 rs=1 cs=1]
                RenderInline {A} at (0,0) size 0x0
                RenderText {#text} at (11,11) size 107x21
                  text run at (11,11) width 107: "Test Case #3: "
                RenderInline {FONT} at (0,0) size 458x21 [color=#0000FF]
                  RenderText {#text} at (118,11) size 458x21
                    text run at (118,11) width 458: "table with nested header & data cells spanning multiple rows"
                RenderText {#text} at (576,11) size 4x21
                  text run at (576,11) width 4: " "
                RenderInline {FONT} at (0,0) size 608x35
                  RenderInline {I} at (0,0) size 608x36
                    RenderText {#text} at (580,14) size 608x36
                      text run at (580,14) width 39: "(using"
                      text run at (11,32) width 415: "<TH ROWSPAN=integer value> <TD ROWSPAN=integer value> tag)"
                RenderText {#text} at (0,0) size 0x0
      RenderBlock {P} at (0,2157) size 768x42
        RenderBR {BR} at (0,0) size 0x21
        RenderBR {BR} at (0,21) size 0x21
      RenderBlock {UL} at (0,2215) size 768x505
        RenderTable {TABLE} at (40,0) size 473x505 [border: (1px outset #808080)]
          RenderBlock {CAPTION} at (0,0) size 471x21
            RenderText {#text} at (5,0) size 100x21
              text run at (5,0) width 100: "Nested Table "
            RenderInline {B} at (0,0) size 97x21
              RenderText {#text} at (105,0) size 97x21
                text run at (105,0) width 97: "Header Cells"
            RenderText {#text} at (202,0) size 19x21
              text run at (202,0) width 19: " & "
            RenderInline {B} at (0,0) size 77x21
              RenderText {#text} at (221,0) size 77x21
                text run at (221,0) width 77: "Data Cells"
            RenderText {#text} at (298,0) size 168x21
              text run at (298,0) width 168: " spanning multiple rows"
          RenderTableSection {TBODY} at (1,22) size 471x482
            RenderTableRow {TR} at (0,2) size 471x46
              RenderTableCell {TH} at (2,135) size 83x67 [bgcolor=#FFE4C4] [border: (1px inset #808080)] [r=0 c=0 rs=7 cs=1]
                RenderText {#text} at (7,2) size 69x21
                  text run at (7,2) width 69: "Header 1"
                RenderBR {BR} at (75,18) size 1x0
                RenderText {#text} at (13,23) size 57x42
                  text run at (13,23) width 57: "span=7"
                  text run at (23,44) width 37: "rows"
              RenderTableCell {TD} at (87,15) size 79x67 [bgcolor=#FFFACD] [border: (1px inset #808080)] [r=0 c=1 rs=2 cs=1]
                RenderText {#text} at (2,2) size 47x21
                  text run at (2,2) width 47: "Data 1"
                RenderBR {BR} at (49,18) size 0x0
                RenderText {#text} at (2,23) size 53x42
                  text run at (2,23) width 53: "span=2"
                  text run at (2,44) width 34: "rows"
              RenderTableCell {TD} at (168,2) size 31x46 [bgcolor=#EE82EE] [border: (1px inset #808080)] [r=0 c=2 rs=1 cs=1]
                RenderText {#text} at (2,2) size 21x42
                  text run at (2,2) width 21: "col"
                  text run at (2,23) width 9: "1"
              RenderTableCell {TD} at (201,2) size 31x46 [bgcolor=#EE82EE] [border: (1px inset #808080)] [r=0 c=3 rs=1 cs=1]
                RenderText {#text} at (2,2) size 21x42
                  text run at (2,2) width 21: "col"
                  text run at (2,23) width 9: "2"
              RenderTableCell {TD} at (234,2) size 31x46 [bgcolor=#EE82EE] [border: (1px inset #808080)] [r=0 c=4 rs=1 cs=1]
                RenderText {#text} at (2,2) size 21x42
                  text run at (2,2) width 21: "col"
                  text run at (2,23) width 9: "3"
              RenderTableCell {TD} at (267,2) size 32x46 [bgcolor=#EE82EE] [border: (1px inset #808080)] [r=0 c=5 rs=1 cs=1]
                RenderText {#text} at (2,2) size 21x42
                  text run at (2,2) width 21: "col"
                  text run at (2,23) width 9: "4"
              RenderTableCell {TD} at (301,2) size 32x46 [bgcolor=#EE82EE] [border: (1px inset #808080)] [r=0 c=6 rs=1 cs=1]
                RenderText {#text} at (2,2) size 21x42
                  text run at (2,2) width 21: "col"
                  text run at (2,23) width 9: "5"
              RenderTableCell {TD} at (335,2) size 32x46 [bgcolor=#EE82EE] [border: (1px inset #808080)] [r=0 c=7 rs=1 cs=1]
                RenderText {#text} at (2,2) size 21x42
                  text run at (2,2) width 21: "col"
                  text run at (2,23) width 9: "6"
              RenderTableCell {TD} at (369,2) size 32x46 [bgcolor=#EE82EE] [border: (1px inset #808080)] [r=0 c=8 rs=1 cs=1]
                RenderText {#text} at (2,2) size 21x42
                  text run at (2,2) width 21: "col"
                  text run at (2,23) width 9: "7"
              RenderTableCell {TD} at (403,2) size 32x46 [bgcolor=#EE82EE] [border: (1px inset #808080)] [r=0 c=9 rs=1 cs=1]
                RenderText {#text} at (2,2) size 21x42
                  text run at (2,2) width 21: "col"
                  text run at (2,23) width 9: "8"
              RenderTableCell {TD} at (437,2) size 32x46 [bgcolor=#EE82EE] [border: (1px inset #808080)] [r=0 c=10 rs=1 cs=1]
                RenderText {#text} at (2,2) size 21x42
                  text run at (2,2) width 21: "col"
                  text run at (2,23) width 9: "9"
            RenderTableRow {TR} at (0,50) size 471x46
              RenderTableCell {TD} at (168,50) size 31x46 [bgcolor=#EE82EE] [border: (1px inset #808080)] [r=1 c=2 rs=1 cs=1]
                RenderText {#text} at (2,2) size 21x42
                  text run at (2,2) width 21: "col"
                  text run at (2,23) width 9: "1"
              RenderTableCell {TD} at (201,50) size 31x46 [bgcolor=#EE82EE] [border: (1px inset #808080)] [r=1 c=3 rs=1 cs=1]
                RenderText {#text} at (2,2) size 21x42
                  text run at (2,2) width 21: "col"
                  text run at (2,23) width 9: "2"
              RenderTableCell {TD} at (234,50) size 31x46 [bgcolor=#EE82EE] [border: (1px inset #808080)] [r=1 c=4 rs=1 cs=1]
                RenderText {#text} at (2,2) size 21x42
                  text run at (2,2) width 21: "col"
                  text run at (2,23) width 9: "3"
              RenderTableCell {TD} at (267,50) size 32x46 [bgcolor=#EE82EE] [border: (1px inset #808080)] [r=1 c=5 rs=1 cs=1]
                RenderText {#text} at (2,2) size 21x42
                  text run at (2,2) width 21: "col"
                  text run at (2,23) width 9: "4"
              RenderTableCell {TD} at (301,50) size 32x46 [bgcolor=#EE82EE] [border: (1px inset #808080)] [r=1 c=6 rs=1 cs=1]
                RenderText {#text} at (2,2) size 21x42
                  text run at (2,2) width 21: "col"
                  text run at (2,23) width 9: "5"
              RenderTableCell {TD} at (335,50) size 32x46 [bgcolor=#EE82EE] [border: (1px inset #808080)] [r=1 c=7 rs=1 cs=1]
                RenderText {#text} at (2,2) size 21x42
                  text run at (2,2) width 21: "col"
                  text run at (2,23) width 9: "6"
              RenderTableCell {TD} at (369,50) size 32x46 [bgcolor=#EE82EE] [border: (1px inset #808080)] [r=1 c=8 rs=1 cs=1]
                RenderText {#text} at (2,2) size 21x42
                  text run at (2,2) width 21: "col"
                  text run at (2,23) width 9: "7"
              RenderTableCell {TD} at (403,50) size 32x46 [bgcolor=#EE82EE] [border: (1px inset #808080)] [r=1 c=9 rs=1 cs=1]
                RenderText {#text} at (2,2) size 21x42
                  text run at (2,2) width 21: "col"
                  text run at (2,23) width 9: "8"
              RenderTableCell {TD} at (437,50) size 32x46 [bgcolor=#EE82EE] [border: (1px inset #808080)] [r=1 c=10 rs=1 cs=1]
                RenderText {#text} at (2,2) size 21x42
                  text run at (2,2) width 21: "col"
                  text run at (2,23) width 9: "9"
            RenderTableRow {TR} at (0,98) size 471x46
              RenderTableCell {TD} at (87,183) size 79x67 [bgcolor=#FFFACD] [border: (1px inset #808080)] [r=2 c=1 rs=5 cs=1]
                RenderText {#text} at (2,2) size 47x21
                  text run at (2,2) width 47: "Data 2"
                RenderBR {BR} at (49,18) size 0x0
                RenderText {#text} at (2,23) size 53x42
                  text run at (2,23) width 53: "span=5"
                  text run at (2,44) width 34: "rows"
              RenderTableCell {TD} at (168,98) size 31x46 [bgcolor=#90EE90] [border: (1px inset #808080)] [r=2 c=2 rs=1 cs=1]
                RenderText {#text} at (2,2) size 21x42
                  text run at (2,2) width 21: "col"
                  text run at (2,23) width 9: "1"
              RenderTableCell {TD} at (201,98) size 31x46 [bgcolor=#90EE90] [border: (1px inset #808080)] [r=2 c=3 rs=1 cs=1]
                RenderText {#text} at (2,2) size 21x42
                  text run at (2,2) width 21: "col"
                  text run at (2,23) width 9: "2"
              RenderTableCell {TD} at (234,98) size 31x46 [bgcolor=#90EE90] [border: (1px inset #808080)] [r=2 c=4 rs=1 cs=1]
                RenderText {#text} at (2,2) size 21x42
                  text run at (2,2) width 21: "col"
                  text run at (2,23) width 9: "3"
              RenderTableCell {TD} at (267,98) size 32x46 [bgcolor=#90EE90] [border: (1px inset #808080)] [r=2 c=5 rs=1 cs=1]
                RenderText {#text} at (2,2) size 21x42
                  text run at (2,2) width 21: "col"
                  text run at (2,23) width 9: "4"
              RenderTableCell {TD} at (301,98) size 32x46 [bgcolor=#90EE90] [border: (1px inset #808080)] [r=2 c=6 rs=1 cs=1]
                RenderText {#text} at (2,2) size 21x42
                  text run at (2,2) width 21: "col"
                  text run at (2,23) width 9: "5"
              RenderTableCell {TD} at (335,98) size 32x46 [bgcolor=#90EE90] [border: (1px inset #808080)] [r=2 c=7 rs=1 cs=1]
                RenderText {#text} at (2,2) size 21x42
                  text run at (2,2) width 21: "col"
                  text run at (2,23) width 9: "6"
              RenderTableCell {TD} at (369,98) size 32x46 [bgcolor=#90EE90] [border: (1px inset #808080)] [r=2 c=8 rs=1 cs=1]
                RenderText {#text} at (2,2) size 21x42
                  text run at (2,2) width 21: "col"
                  text run at (2,23) width 9: "7"
              RenderTableCell {TD} at (403,98) size 32x46 [bgcolor=#90EE90] [border: (1px inset #808080)] [r=2 c=9 rs=1 cs=1]
                RenderText {#text} at (2,2) size 21x42
                  text run at (2,2) width 21: "col"
                  text run at (2,23) width 9: "8"
              RenderTableCell {TD} at (437,98) size 32x46 [bgcolor=#90EE90] [border: (1px inset #808080)] [r=2 c=10 rs=1 cs=1]
                RenderText {#text} at (2,2) size 21x42
                  text run at (2,2) width 21: "col"
                  text run at (2,23) width 9: "9"
            RenderTableRow {TR} at (0,146) size 471x46
              RenderTableCell {TD} at (168,146) size 31x46 [bgcolor=#90EE90] [border: (1px inset #808080)] [r=3 c=2 rs=1 cs=1]
                RenderText {#text} at (2,2) size 21x42
                  text run at (2,2) width 21: "col"
                  text run at (2,23) width 9: "1"
              RenderTableCell {TD} at (201,146) size 31x46 [bgcolor=#90EE90] [border: (1px inset #808080)] [r=3 c=3 rs=1 cs=1]
                RenderText {#text} at (2,2) size 21x42
                  text run at (2,2) width 21: "col"
                  text run at (2,23) width 9: "2"
              RenderTableCell {TD} at (234,146) size 31x46 [bgcolor=#90EE90] [border: (1px inset #808080)] [r=3 c=4 rs=1 cs=1]
                RenderText {#text} at (2,2) size 21x42
                  text run at (2,2) width 21: "col"
                  text run at (2,23) width 9: "3"
              RenderTableCell {TD} at (267,146) size 32x46 [bgcolor=#90EE90] [border: (1px inset #808080)] [r=3 c=5 rs=1 cs=1]
                RenderText {#text} at (2,2) size 21x42
                  text run at (2,2) width 21: "col"
                  text run at (2,23) width 9: "4"
              RenderTableCell {TD} at (301,146) size 32x46 [bgcolor=#90EE90] [border: (1px inset #808080)] [r=3 c=6 rs=1 cs=1]
                RenderText {#text} at (2,2) size 21x42
                  text run at (2,2) width 21: "col"
                  text run at (2,23) width 9: "5"
              RenderTableCell {TD} at (335,146) size 32x46 [bgcolor=#90EE90] [border: (1px inset #808080)] [r=3 c=7 rs=1 cs=1]
                RenderText {#text} at (2,2) size 21x42
                  text run at (2,2) width 21: "col"
                  text run at (2,23) width 9: "6"
              RenderTableCell {TD} at (369,146) size 32x46 [bgcolor=#90EE90] [border: (1px inset #808080)] [r=3 c=8 rs=1 cs=1]
                RenderText {#text} at (2,2) size 21x42
                  text run at (2,2) width 21: "col"
                  text run at (2,23) width 9: "7"
              RenderTableCell {TD} at (403,146) size 32x46 [bgcolor=#90EE90] [border: (1px inset #808080)] [r=3 c=9 rs=1 cs=1]
                RenderText {#text} at (2,2) size 21x42
                  text run at (2,2) width 21: "col"
                  text run at (2,23) width 9: "8"
              RenderTableCell {TD} at (437,146) size 32x46 [bgcolor=#90EE90] [border: (1px inset #808080)] [r=3 c=10 rs=1 cs=1]
                RenderText {#text} at (2,2) size 21x42
                  text run at (2,2) width 21: "col"
                  text run at (2,23) width 9: "9"
            RenderTableRow {TR} at (0,194) size 471x46
              RenderTableCell {TD} at (168,194) size 31x46 [bgcolor=#90EE90] [border: (1px inset #808080)] [r=4 c=2 rs=1 cs=1]
                RenderText {#text} at (2,2) size 21x42
                  text run at (2,2) width 21: "col"
                  text run at (2,23) width 9: "1"
              RenderTableCell {TD} at (201,194) size 31x46 [bgcolor=#90EE90] [border: (1px inset #808080)] [r=4 c=3 rs=1 cs=1]
                RenderText {#text} at (2,2) size 21x42
                  text run at (2,2) width 21: "col"
                  text run at (2,23) width 9: "2"
              RenderTableCell {TD} at (234,194) size 31x46 [bgcolor=#90EE90] [border: (1px inset #808080)] [r=4 c=4 rs=1 cs=1]
                RenderText {#text} at (2,2) size 21x42
                  text run at (2,2) width 21: "col"
                  text run at (2,23) width 9: "3"
              RenderTableCell {TD} at (267,194) size 32x46 [bgcolor=#90EE90] [border: (1px inset #808080)] [r=4 c=5 rs=1 cs=1]
                RenderText {#text} at (2,2) size 21x42
                  text run at (2,2) width 21: "col"
                  text run at (2,23) width 9: "4"
              RenderTableCell {TD} at (301,194) size 32x46 [bgcolor=#90EE90] [border: (1px inset #808080)] [r=4 c=6 rs=1 cs=1]
                RenderText {#text} at (2,2) size 21x42
                  text run at (2,2) width 21: "col"
                  text run at (2,23) width 9: "5"
              RenderTableCell {TD} at (335,194) size 32x46 [bgcolor=#90EE90] [border: (1px inset #808080)] [r=4 c=7 rs=1 cs=1]
                RenderText {#text} at (2,2) size 21x42
                  text run at (2,2) width 21: "col"
                  text run at (2,23) width 9: "6"
              RenderTableCell {TD} at (369,194) size 32x46 [bgcolor=#90EE90] [border: (1px inset #808080)] [r=4 c=8 rs=1 cs=1]
                RenderText {#text} at (2,2) size 21x42
                  text run at (2,2) width 21: "col"
                  text run at (2,23) width 9: "7"
              RenderTableCell {TD} at (403,194) size 32x46 [bgcolor=#90EE90] [border: (1px inset #808080)] [r=4 c=9 rs=1 cs=1]
                RenderText {#text} at (2,2) size 21x42
                  text run at (2,2) width 21: "col"
                  text run at (2,23) width 9: "8"
              RenderTableCell {TD} at (437,194) size 32x46 [bgcolor=#90EE90] [border: (1px inset #808080)] [r=4 c=10 rs=1 cs=1]
                RenderText {#text} at (2,2) size 21x42
                  text run at (2,2) width 21: "col"
                  text run at (2,23) width 9: "9"
            RenderTableRow {TR} at (0,242) size 471x46
              RenderTableCell {TD} at (168,242) size 31x46 [bgcolor=#90EE90] [border: (1px inset #808080)] [r=5 c=2 rs=1 cs=1]
                RenderText {#text} at (2,2) size 21x42
                  text run at (2,2) width 21: "col"
                  text run at (2,23) width 9: "1"
              RenderTableCell {TD} at (201,242) size 31x46 [bgcolor=#90EE90] [border: (1px inset #808080)] [r=5 c=3 rs=1 cs=1]
                RenderText {#text} at (2,2) size 21x42
                  text run at (2,2) width 21: "col"
                  text run at (2,23) width 9: "2"
              RenderTableCell {TD} at (234,242) size 31x46 [bgcolor=#90EE90] [border: (1px inset #808080)] [r=5 c=4 rs=1 cs=1]
                RenderText {#text} at (2,2) size 21x42
                  text run at (2,2) width 21: "col"
                  text run at (2,23) width 9: "3"
              RenderTableCell {TD} at (267,242) size 32x46 [bgcolor=#90EE90] [border: (1px inset #808080)] [r=5 c=5 rs=1 cs=1]
                RenderText {#text} at (2,2) size 21x42
                  text run at (2,2) width 21: "col"
                  text run at (2,23) width 9: "4"
              RenderTableCell {TD} at (301,242) size 32x46 [bgcolor=#90EE90] [border: (1px inset #808080)] [r=5 c=6 rs=1 cs=1]
                RenderText {#text} at (2,2) size 21x42
                  text run at (2,2) width 21: "col"
                  text run at (2,23) width 9: "5"
              RenderTableCell {TD} at (335,242) size 32x46 [bgcolor=#90EE90] [border: (1px inset #808080)] [r=5 c=7 rs=1 cs=1]
                RenderText {#text} at (2,2) size 21x42
                  text run at (2,2) width 21: "col"
                  text run at (2,23) width 9: "6"
              RenderTableCell {TD} at (369,242) size 32x46 [bgcolor=#90EE90] [border: (1px inset #808080)] [r=5 c=8 rs=1 cs=1]
                RenderText {#text} at (2,2) size 21x42
                  text run at (2,2) width 21: "col"
                  text run at (2,23) width 9: "7"
              RenderTableCell {TD} at (403,242) size 32x46 [bgcolor=#90EE90] [border: (1px inset #808080)] [r=5 c=9 rs=1 cs=1]
                RenderText {#text} at (2,2) size 21x42
                  text run at (2,2) width 21: "col"
                  text run at (2,23) width 9: "8"
              RenderTableCell {TD} at (437,242) size 32x46 [bgcolor=#90EE90] [border: (1px inset #808080)] [r=5 c=10 rs=1 cs=1]
                RenderText {#text} at (2,2) size 21x42
                  text run at (2,2) width 21: "col"
                  text run at (2,23) width 9: "9"
            RenderTableRow {TR} at (0,290) size 471x46
              RenderTableCell {TD} at (168,290) size 31x46 [bgcolor=#90EE90] [border: (1px inset #808080)] [r=6 c=2 rs=1 cs=1]
                RenderText {#text} at (2,2) size 21x42
                  text run at (2,2) width 21: "col"
                  text run at (2,23) width 9: "1"
              RenderTableCell {TD} at (201,290) size 31x46 [bgcolor=#90EE90] [border: (1px inset #808080)] [r=6 c=3 rs=1 cs=1]
                RenderText {#text} at (2,2) size 21x42
                  text run at (2,2) width 21: "col"
                  text run at (2,23) width 9: "2"
              RenderTableCell {TD} at (234,290) size 31x46 [bgcolor=#90EE90] [border: (1px inset #808080)] [r=6 c=4 rs=1 cs=1]
                RenderText {#text} at (2,2) size 21x42
                  text run at (2,2) width 21: "col"
                  text run at (2,23) width 9: "3"
              RenderTableCell {TD} at (267,290) size 32x46 [bgcolor=#90EE90] [border: (1px inset #808080)] [r=6 c=5 rs=1 cs=1]
                RenderText {#text} at (2,2) size 21x42
                  text run at (2,2) width 21: "col"
                  text run at (2,23) width 9: "4"
              RenderTableCell {TD} at (301,290) size 32x46 [bgcolor=#90EE90] [border: (1px inset #808080)] [r=6 c=6 rs=1 cs=1]
                RenderText {#text} at (2,2) size 21x42
                  text run at (2,2) width 21: "col"
                  text run at (2,23) width 9: "5"
              RenderTableCell {TD} at (335,290) size 32x46 [bgcolor=#90EE90] [border: (1px inset #808080)] [r=6 c=7 rs=1 cs=1]
                RenderText {#text} at (2,2) size 21x42
                  text run at (2,2) width 21: "col"
                  text run at (2,23) width 9: "6"
              RenderTableCell {TD} at (369,290) size 32x46 [bgcolor=#90EE90] [border: (1px inset #808080)] [r=6 c=8 rs=1 cs=1]
                RenderText {#text} at (2,2) size 21x42
                  text run at (2,2) width 21: "col"
                  text run at (2,23) width 9: "7"
              RenderTableCell {TD} at (403,290) size 32x46 [bgcolor=#90EE90] [border: (1px inset #808080)] [r=6 c=9 rs=1 cs=1]
                RenderText {#text} at (2,2) size 21x42
                  text run at (2,2) width 21: "col"
                  text run at (2,23) width 9: "8"
              RenderTableCell {TD} at (437,290) size 32x46 [bgcolor=#90EE90] [border: (1px inset #808080)] [r=6 c=10 rs=1 cs=1]
                RenderText {#text} at (2,2) size 21x42
                  text run at (2,2) width 21: "col"
                  text run at (2,23) width 9: "9"
            RenderTableRow {TR} at (0,338) size 471x46
              RenderTableCell {TH} at (2,375) size 83x67 [bgcolor=#FFE4C4] [border: (1px inset #808080)] [r=7 c=0 rs=3 cs=1]
                RenderText {#text} at (7,2) size 69x21
                  text run at (7,2) width 69: "Header 2"
                RenderBR {BR} at (75,18) size 1x0
                RenderText {#text} at (13,23) size 57x42
                  text run at (13,23) width 57: "span=3"
                  text run at (23,44) width 37: "rows"
              RenderTableCell {TD} at (87,375) size 79x67 [bgcolor=#FFFACD] [border: (1px inset #808080)] [r=7 c=1 rs=3 cs=1]
                RenderText {#text} at (2,2) size 47x21
                  text run at (2,2) width 47: "Data 3"
                RenderBR {BR} at (49,18) size 0x0
                RenderText {#text} at (2,23) size 53x42
                  text run at (2,23) width 53: "span=3"
                  text run at (2,44) width 34: "rows"
              RenderTableCell {TD} at (168,338) size 31x46 [bgcolor=#ADD8E6] [border: (1px inset #808080)] [r=7 c=2 rs=1 cs=1]
                RenderText {#text} at (2,2) size 21x42
                  text run at (2,2) width 21: "col"
                  text run at (2,23) width 9: "1"
              RenderTableCell {TD} at (201,338) size 31x46 [bgcolor=#ADD8E6] [border: (1px inset #808080)] [r=7 c=3 rs=1 cs=1]
                RenderText {#text} at (2,2) size 21x42
                  text run at (2,2) width 21: "col"
                  text run at (2,23) width 9: "2"
              RenderTableCell {TD} at (234,338) size 31x46 [bgcolor=#ADD8E6] [border: (1px inset #808080)] [r=7 c=4 rs=1 cs=1]
                RenderText {#text} at (2,2) size 21x42
                  text run at (2,2) width 21: "col"
                  text run at (2,23) width 9: "3"
              RenderTableCell {TD} at (267,338) size 32x46 [bgcolor=#ADD8E6] [border: (1px inset #808080)] [r=7 c=5 rs=1 cs=1]
                RenderText {#text} at (2,2) size 21x42
                  text run at (2,2) width 21: "col"
                  text run at (2,23) width 9: "4"
              RenderTableCell {TD} at (301,338) size 32x46 [bgcolor=#ADD8E6] [border: (1px inset #808080)] [r=7 c=6 rs=1 cs=1]
                RenderText {#text} at (2,2) size 21x42
                  text run at (2,2) width 21: "col"
                  text run at (2,23) width 9: "5"
              RenderTableCell {TD} at (335,338) size 32x46 [bgcolor=#ADD8E6] [border: (1px inset #808080)] [r=7 c=7 rs=1 cs=1]
                RenderText {#text} at (2,2) size 21x42
                  text run at (2,2) width 21: "col"
                  text run at (2,23) width 9: "6"
              RenderTableCell {TD} at (369,338) size 32x46 [bgcolor=#ADD8E6] [border: (1px inset #808080)] [r=7 c=8 rs=1 cs=1]
                RenderText {#text} at (2,2) size 21x42
                  text run at (2,2) width 21: "col"
                  text run at (2,23) width 9: "7"
              RenderTableCell {TD} at (403,338) size 32x46 [bgcolor=#ADD8E6] [border: (1px inset #808080)] [r=7 c=9 rs=1 cs=1]
                RenderText {#text} at (2,2) size 21x42
                  text run at (2,2) width 21: "col"
                  text run at (2,23) width 9: "8"
              RenderTableCell {TD} at (437,338) size 32x46 [bgcolor=#ADD8E6] [border: (1px inset #808080)] [r=7 c=10 rs=1 cs=1]
                RenderText {#text} at (2,2) size 21x42
                  text run at (2,2) width 21: "col"
                  text run at (2,23) width 9: "9"
            RenderTableRow {TR} at (0,386) size 471x46
              RenderTableCell {TD} at (168,386) size 31x46 [bgcolor=#ADD8E6] [border: (1px inset #808080)] [r=8 c=2 rs=1 cs=1]
                RenderText {#text} at (2,2) size 21x42
                  text run at (2,2) width 21: "col"
                  text run at (2,23) width 9: "1"
              RenderTableCell {TD} at (201,386) size 31x46 [bgcolor=#ADD8E6] [border: (1px inset #808080)] [r=8 c=3 rs=1 cs=1]
                RenderText {#text} at (2,2) size 21x42
                  text run at (2,2) width 21: "col"
                  text run at (2,23) width 9: "2"
              RenderTableCell {TD} at (234,386) size 31x46 [bgcolor=#ADD8E6] [border: (1px inset #808080)] [r=8 c=4 rs=1 cs=1]
                RenderText {#text} at (2,2) size 21x42
                  text run at (2,2) width 21: "col"
                  text run at (2,23) width 9: "3"
              RenderTableCell {TD} at (267,386) size 32x46 [bgcolor=#ADD8E6] [border: (1px inset #808080)] [r=8 c=5 rs=1 cs=1]
                RenderText {#text} at (2,2) size 21x42
                  text run at (2,2) width 21: "col"
                  text run at (2,23) width 9: "4"
              RenderTableCell {TD} at (301,386) size 32x46 [bgcolor=#ADD8E6] [border: (1px inset #808080)] [r=8 c=6 rs=1 cs=1]
                RenderText {#text} at (2,2) size 21x42
                  text run at (2,2) width 21: "col"
                  text run at (2,23) width 9: "5"
              RenderTableCell {TD} at (335,386) size 32x46 [bgcolor=#ADD8E6] [border: (1px inset #808080)] [r=8 c=7 rs=1 cs=1]
                RenderText {#text} at (2,2) size 21x42
                  text run at (2,2) width 21: "col"
                  text run at (2,23) width 9: "6"
              RenderTableCell {TD} at (369,386) size 32x46 [bgcolor=#ADD8E6] [border: (1px inset #808080)] [r=8 c=8 rs=1 cs=1]
                RenderText {#text} at (2,2) size 21x42
                  text run at (2,2) width 21: "col"
                  text run at (2,23) width 9: "7"
              RenderTableCell {TD} at (403,386) size 32x46 [bgcolor=#ADD8E6] [border: (1px inset #808080)] [r=8 c=9 rs=1 cs=1]
                RenderText {#text} at (2,2) size 21x42
                  text run at (2,2) width 21: "col"
                  text run at (2,23) width 9: "8"
              RenderTableCell {TD} at (437,386) size 32x46 [bgcolor=#ADD8E6] [border: (1px inset #808080)] [r=8 c=10 rs=1 cs=1]
                RenderText {#text} at (2,2) size 21x42
                  text run at (2,2) width 21: "col"
                  text run at (2,23) width 9: "9"
            RenderTableRow {TR} at (0,434) size 471x46
              RenderTableCell {TD} at (168,434) size 31x46 [bgcolor=#ADD8E6] [border: (1px inset #808080)] [r=9 c=2 rs=1 cs=1]
                RenderText {#text} at (2,2) size 21x42
                  text run at (2,2) width 21: "col"
                  text run at (2,23) width 9: "1"
              RenderTableCell {TD} at (201,434) size 31x46 [bgcolor=#ADD8E6] [border: (1px inset #808080)] [r=9 c=3 rs=1 cs=1]
                RenderText {#text} at (2,2) size 21x42
                  text run at (2,2) width 21: "col"
                  text run at (2,23) width 9: "2"
              RenderTableCell {TD} at (234,434) size 31x46 [bgcolor=#ADD8E6] [border: (1px inset #808080)] [r=9 c=4 rs=1 cs=1]
                RenderText {#text} at (2,2) size 21x42
                  text run at (2,2) width 21: "col"
                  text run at (2,23) width 9: "3"
              RenderTableCell {TD} at (267,434) size 32x46 [bgcolor=#ADD8E6] [border: (1px inset #808080)] [r=9 c=5 rs=1 cs=1]
                RenderText {#text} at (2,2) size 21x42
                  text run at (2,2) width 21: "col"
                  text run at (2,23) width 9: "4"
              RenderTableCell {TD} at (301,434) size 32x46 [bgcolor=#ADD8E6] [border: (1px inset #808080)] [r=9 c=6 rs=1 cs=1]
                RenderText {#text} at (2,2) size 21x42
                  text run at (2,2) width 21: "col"
                  text run at (2,23) width 9: "5"
              RenderTableCell {TD} at (335,434) size 32x46 [bgcolor=#ADD8E6] [border: (1px inset #808080)] [r=9 c=7 rs=1 cs=1]
                RenderText {#text} at (2,2) size 21x42
                  text run at (2,2) width 21: "col"
                  text run at (2,23) width 9: "6"
              RenderTableCell {TD} at (369,434) size 32x46 [bgcolor=#ADD8E6] [border: (1px inset #808080)] [r=9 c=8 rs=1 cs=1]
                RenderText {#text} at (2,2) size 21x42
                  text run at (2,2) width 21: "col"
                  text run at (2,23) width 9: "7"
              RenderTableCell {TD} at (403,434) size 32x46 [bgcolor=#ADD8E6] [border: (1px inset #808080)] [r=9 c=9 rs=1 cs=1]
                RenderText {#text} at (2,2) size 21x42
                  text run at (2,2) width 21: "col"
                  text run at (2,23) width 9: "8"
              RenderTableCell {TD} at (437,434) size 32x46 [bgcolor=#ADD8E6] [border: (1px inset #808080)] [r=9 c=10 rs=1 cs=1]
                RenderText {#text} at (2,2) size 21x42
                  text run at (2,2) width 21: "col"
                  text run at (2,23) width 9: "9"
      RenderBlock {P} at (0,2736) size 768x0
      RenderBlock {HR} at (0,2736) size 768x2 [border: (1px inset #000000)]
      RenderBlock (anonymous) at (0,2746) size 768x21
        RenderImage {IMG} at (0,3) size 13x13
        RenderText {#text} at (13,0) size 143x21
          text run at (13,0) width 143: " Created 9/19/96 by "
        RenderInline {A} at (0,0) size 90x21 [color=#0000EE]
          RenderText {#text} at (156,0) size 90x21
            text run at (156,0) width 90: "Ronald Greti"
        RenderBR {BR} at (246,16) size 0x0
      RenderBlock {P} at (0,2783) size 768x21
        RenderBR {BR} at (0,0) size 0x21
