layer at (0,0) size 800x600
  RenderView at (0,0) size 800x600
layer at (0,0) size 800x74
  RenderBlock {HTML} at (0,0) size 800x74
    RenderBody {BODY} at (8,8) size 784x58
      RenderBR {BR} at (188,4) size 0x21
      RenderTextControl {INPUT} at (2,31) size 184x25
        RenderDeprecatedFlexibleBox {DIV} at (2,2) size 180x21
          RenderBlock {DIV} at (0,0) size 164x21
      RenderText {#text} at (0,0) size 0x0
layer at (12,41) size 164x21
  RenderBlock {DIV} at (0,0) size 164x21
    RenderText {#text} at (0,0) size 18x21
      text run at (0,0) width 18: "10"
layer at (10,10) size 184x25
  RenderTextControl {INPUT} at (2,2) size 184x25
    RenderDeprecatedFlexibleBox {DIV} at (2,2) size 180x21
      RenderBlock {DIV} at (0,0) size 164x21
layer at (12,12) size 164x21
  RenderBlock {DIV} at (0,0) size 164x21
    RenderText {#text} at (0,0) size 18x21
      text run at (0,0) width 18: "10"
layer at (178,10) size 16x25
  RenderBlock (relative positioned) {DIV} at (166,-2) size 16x25
layer at (178,39) size 16x25
  RenderBlock (relative positioned) {DIV} at (166,-2) size 16x25
