layer at (0,0) size 800x600
  RenderView at (0,0) size 800x600
layer at (0,0) size 800x376
  RenderBlock {HTML} at (0,0) size 800x376
    RenderBody {BODY} at (8,16) size 784x344
      RenderBlock {P} at (0,0) size 784x29
        RenderTextControl {INPUT} at (596,2) size 186x25
          RenderDeprecatedFlexibleBox {DIV} at (2,2) size 182x21
            RenderBlock {DIV} at (16,0) size 166x21
        RenderText {#text} at (0,0) size 0x0
      RenderBlock {P} at (0,45) size 784x29
        RenderTextControl {INPUT} at (596,2) size 186x25
          RenderDeprecatedFlexibleBox {DIV} at (2,2) size 182x21
            RenderBlock {DIV} at (16,0) size 166x21
        RenderText {#text} at (0,0) size 0x0
      RenderBlock {P} at (0,90) size 784x29
        RenderTextControl {INPUT} at (2,2) size 186x25
          RenderDeprecatedFlexibleBox {DIV} at (2,2) size 182x21
            RenderBlock {DIV} at (16,0) size 166x21
        RenderText {#text} at (0,0) size 0x0
      RenderBlock {P} at (0,135) size 784x29
        RenderTextControl {INPUT} at (2,2) size 186x25
          RenderDeprecatedFlexibleBox {DIV} at (2,2) size 182x21
            RenderBlock {DIV} at (16,0) size 166x21
        RenderText {#text} at (0,0) size 0x0
        RenderText {#text} at (0,0) size 0x0
      RenderBlock {P} at (0,180) size 784x29
        RenderTextControl {INPUT} at (2,2) size 186x25
          RenderDeprecatedFlexibleBox {DIV} at (2,2) size 182x21
            RenderBlock {DIV} at (0,0) size 166x21
        RenderText {#text} at (0,0) size 0x0
      RenderBlock {P} at (0,225) size 784x29
        RenderTextControl {INPUT} at (2,2) size 186x25
          RenderDeprecatedFlexibleBox {DIV} at (2,2) size 182x21
            RenderBlock {DIV} at (0,0) size 166x21
        RenderText {#text} at (0,0) size 0x0
        RenderText {#text} at (0,0) size 0x0
      RenderBlock {P} at (0,270) size 784x29
        RenderTextControl {INPUT} at (2,2) size 186x25
          RenderDeprecatedFlexibleBox {DIV} at (2,2) size 182x21
            RenderBlock {DIV} at (16,0) size 166x21
        RenderText {#text} at (0,0) size 0x0
      RenderBlock {P} at (0,315) size 784x29
        RenderTextControl {INPUT} at (2,2) size 186x25
          RenderDeprecatedFlexibleBox {DIV} at (2,2) size 182x21
            RenderBlock {DIV} at (16,0) size 166x21
        RenderText {#text} at (0,0) size 0x0
        RenderText {#text} at (0,0) size 0x0
layer at (622,20) size 166x21
  RenderBlock {DIV} at (0,0) size 166x21
    RenderText {#text} at (156,0) size 9x21
      text run at (156,0) width 9: "1"
layer at (622,65) size 166x21
  RenderBlock {DIV} at (0,0) size 166x21
    RenderText {#text} at (156,0) size 9x21
      text run at (156,0) width 9: "2"
layer at (28,110) size 166x21
  RenderBlock {DIV} at (0,0) size 166x21
    RenderText {#text} at (156,0) size 9x21
      text run at (156,0) width 9: "3"
layer at (28,155) size 166x21
  RenderBlock {DIV} at (0,0) size 166x21
    RenderText {#text} at (129,0) size 36x21
      text run at (129,0) width 36: "1234"
layer at (12,200) size 166x21
  RenderBlock {DIV} at (0,0) size 166x21
    RenderText {#text} at (1,0) size 9x21
      text run at (1,0) width 9: "5"
layer at (12,245) size 166x21
  RenderBlock {DIV} at (0,0) size 166x21
    RenderText {#text} at (1,0) size 9x21
      text run at (1,0) width 9: "6"
layer at (28,290) size 166x21
  RenderBlock {DIV} at (0,0) size 166x21
    RenderText {#text} at (156,0) size 9x21
      text run at (156,0) width 9: "7"
layer at (28,335) size 166x21
  RenderBlock {DIV} at (0,0) size 166x21
    RenderText {#text} at (156,0) size 9x21
      text run at (156,0) width 9: "8"
layer at (604,18) size 16x25
  RenderBlock (relative positioned) {DIV} at (-2,-2) size 16x25
layer at (604,63) size 16x25
  RenderBlock (relative positioned) {DIV} at (-2,-2) size 16x25
layer at (10,108) size 16x25
  RenderBlock (relative positioned) {DIV} at (-2,-2) size 16x25
layer at (10,153) size 16x25
  RenderBlock (relative positioned) {DIV} at (-2,-2) size 16x25
layer at (180,198) size 16x25
  RenderBlock (relative positioned) {DIV} at (168,-2) size 16x25
layer at (180,243) size 16x25
  RenderBlock (relative positioned) {DIV} at (168,-2) size 16x25
layer at (10,288) size 16x25
  RenderBlock (relative positioned) {DIV} at (-2,-2) size 16x25
layer at (10,333) size 16x25
  RenderBlock (relative positioned) {DIV} at (-2,-2) size 16x25
caret: position 4 of child 0 {#text} of child 0 {DIV} of child 0 {DIV} of child 0 {DIV} of {#shadow-root} of child 0 {INPUT} of child 6 {P} of body
