layer at (0,0) size 785x617
  RenderView at (0,0) size 785x600
layer at (0,0) size 785x617
  RenderBlock {HTML} at (0,0) size 785x617
    RenderBody {BODY} at (8,8) size 769x593
      RenderBlock {P} at (0,0) size 769x593
        RenderTable {TABLE} at (0,0) size 277x158 [border: (2px solid #FFFF00)]
          RenderTableCol {COLGROUP} at (0,0) size 0x0
            RenderTableCol {COL} at (0,0) size 0x0 [border: (3px solid #000000)]
            RenderTableCol {COL} at (0,0) size 0x0
            RenderTableCol {COL} at (0,0) size 0x0
          RenderTableSection {TBODY} at (2,2) size 272x153
            RenderTableRow {TR} at (0,0) size 56x153
              RenderTableCell {TD} at (0,1) size 56x50 [border: (3px solid #FF0000)] [r=0 c=0 rs=1 cs=1]
                RenderText {#text} at (19,18) size 19x8
                  text run at (19,18) width 8: "1"
              RenderTableCell {TD} at (0,52) size 56x50 [border: (2px solid #FF0000)] [r=0 c=1 rs=1 cs=1]
                RenderText {#text} at (18,18) size 19x8
                  text run at (18,18) width 8: "2"
              RenderTableCell {TD} at (0,102) size 56x51 [border: (1px solid #FF0000)] [r=0 c=2 rs=1 cs=1]
                RenderText {#text} at (18,17) size 19x8
                  text run at (18,17) width 8: "3"
            RenderTableRow {TR} at (0,56) size 56x153
              RenderTableCell {TD} at (56,2) size 56x48 [border: (3px solid #FF0000)] [r=1 c=0 rs=1 cs=1]
                RenderText {#text} at (18,17) size 19x8
                  text run at (18,17) width 8: "4"
              RenderTableCell {TD} at (56,52) size 56x50 [border: (3px dashed #0000FF)] [r=1 c=1 rs=1 cs=1]
                RenderText {#text} at (18,19) size 19x8
                  text run at (18,19) width 8: "5"
              RenderTableCell {TD} at (56,102) size 56x51 [border: (3px solid #008000)] [r=1 c=2 rs=1 cs=1]
                RenderText {#text} at (18,19) size 19x8
                  text run at (18,19) width 8: "6"
            RenderTableRow {TR} at (0,112) size 54x153
              RenderTableCell {TD} at (112,1) size 54x50 [border: (3px solid #FF0000)] [r=2 c=0 rs=1 cs=1]
                RenderText {#text} at (17,18) size 19x8
                  text run at (17,18) width 8: "7"
              RenderTableCell {TD} at (112,52) size 54x50 [border: (2px solid #FF0000)] [r=2 c=1 rs=1 cs=1]
                RenderText {#text} at (18,18) size 19x8
                  text run at (18,18) width 8: "8"
              RenderTableCell {TD} at (112,102) size 54x51 [border: (1px solid #FF0000)] [r=2 c=2 rs=1 cs=1]
                RenderText {#text} at (18,17) size 19x8
                  text run at (18,17) width 8: "9"
            RenderTableRow {TR} at (0,166) size 52x153
              RenderTableCell {TD} at (166,0) size 52x52 [border: (3px solid #FF0000)] [r=3 c=0 rs=1 cs=1]
                RenderText {#text} at (16,19) size 19x16
                  text run at (16,19) width 16: "10"
              RenderTableCell {TD} at (166,52) size 52x50 [border: (2px solid #FF0000)] [r=3 c=1 rs=1 cs=1]
                RenderText {#text} at (16,18) size 19x16
                  text run at (16,18) width 16: "11"
              RenderTableCell {TD} at (166,102) size 52x51 [border: (1px solid #FF0000)] [r=3 c=2 rs=1 cs=1]
                RenderText {#text} at (16,17) size 19x16
                  text run at (16,17) width 16: "12"
            RenderTableRow {TR} at (0,218) size 54x153
              RenderTableCell {TD} at (218,0) size 54x52 [border: (3px solid #FF0000)] [r=4 c=0 rs=1 cs=1]
                RenderText {#text} at (16,19) size 19x16
                  text run at (16,19) width 16: "13"
              RenderTableCell {TD} at (218,52) size 54x50 [border: (2px solid #FF0000)] [r=4 c=1 rs=1 cs=1]
                RenderText {#text} at (16,18) size 19x16
                  text run at (16,18) width 16: "14"
              RenderTableCell {TD} at (218,102) size 54x51 [border: (1px solid #FF0000)] [r=4 c=2 rs=1 cs=1]
                RenderText {#text} at (16,17) size 19x16
                  text run at (16,17) width 16: "15"
        RenderTable {TABLE} at (0,158) size 277x158 [border: (2px solid #FFFF00)]
          RenderTableCol {COLGROUP} at (0,0) size 0x0
            RenderTableCol {COL} at (0,0) size 0x0 [border: (3px solid #000000)]
            RenderTableCol {COL} at (0,0) size 0x0
            RenderTableCol {COL} at (0,0) size 0x0
          RenderTableSection {TBODY} at (2,2) size 272x153
            RenderTableRow {TR} at (0,0) size 56x153
              RenderTableCell {TD} at (0,1) size 56x50 [border: (3px solid #FF0000)] [r=0 c=0 rs=1 cs=1]
                RenderText {#text} at (20,18) size 19x8
                  text run at (20,18) width 8: "1"
              RenderTableCell {TD} at (0,52) size 56x50 [border: (2px solid #FF0000)] [r=0 c=1 rs=1 cs=1]
                RenderText {#text} at (19,18) size 19x8
                  text run at (19,18) width 8: "2"
              RenderTableCell {TD} at (0,102) size 56x51 [border: (1px solid #FF0000)] [r=0 c=2 rs=1 cs=1]
                RenderText {#text} at (19,17) size 19x8
                  text run at (19,17) width 8: "3"
            RenderTableRow {TR} at (0,56) size 56x153
              RenderTableCell {TD} at (56,2) size 56x48 [border: (3px solid #FF0000)] [r=1 c=0 rs=1 cs=1]
                RenderText {#text} at (19,17) size 19x8
                  text run at (19,17) width 8: "4"
              RenderTableCell {TD} at (56,52) size 56x50 [border: (3px dashed #0000FF)] [r=1 c=1 rs=1 cs=1]
                RenderText {#text} at (19,19) size 19x8
                  text run at (19,19) width 8: "5"
              RenderTableCell {TD} at (56,102) size 56x51 [border: (3px solid #008000)] [r=1 c=2 rs=1 cs=1]
                RenderText {#text} at (19,19) size 19x8
                  text run at (19,19) width 8: "6"
            RenderTableRow {TR} at (0,112) size 54x153
              RenderTableCell {TD} at (112,1) size 54x50 [border: (3px solid #FF0000)] [r=2 c=0 rs=1 cs=1]
                RenderText {#text} at (18,18) size 19x8
                  text run at (18,18) width 8: "7"
              RenderTableCell {TD} at (112,52) size 54x50 [border: (2px solid #FF0000)] [r=2 c=1 rs=1 cs=1]
                RenderText {#text} at (19,18) size 19x8
                  text run at (19,18) width 8: "8"
              RenderTableCell {TD} at (112,102) size 54x51 [border: (1px solid #FF0000)] [r=2 c=2 rs=1 cs=1]
                RenderText {#text} at (19,17) size 19x8
                  text run at (19,17) width 8: "9"
            RenderTableRow {TR} at (0,166) size 52x153
              RenderTableCell {TD} at (166,0) size 52x52 [border: (3px solid #FF0000)] [r=3 c=0 rs=1 cs=1]
                RenderText {#text} at (17,19) size 19x16
                  text run at (17,19) width 16: "10"
              RenderTableCell {TD} at (166,52) size 52x50 [border: (2px solid #FF0000)] [r=3 c=1 rs=1 cs=1]
                RenderText {#text} at (17,18) size 19x16
                  text run at (17,18) width 16: "11"
              RenderTableCell {TD} at (166,102) size 52x51 [border: (1px solid #FF0000)] [r=3 c=2 rs=1 cs=1]
                RenderText {#text} at (17,17) size 19x16
                  text run at (17,17) width 16: "12"
            RenderTableRow {TR} at (0,218) size 54x153
              RenderTableCell {TD} at (218,0) size 54x52 [border: (3px solid #FF0000)] [r=4 c=0 rs=1 cs=1]
                RenderText {#text} at (17,19) size 19x16
                  text run at (17,19) width 16: "13"
              RenderTableCell {TD} at (218,52) size 54x50 [border: (2px solid #FF0000)] [r=4 c=1 rs=1 cs=1]
                RenderText {#text} at (17,18) size 19x16
                  text run at (17,18) width 16: "14"
              RenderTableCell {TD} at (218,102) size 54x51 [border: (1px solid #FF0000)] [r=4 c=2 rs=1 cs=1]
                RenderText {#text} at (17,17) size 19x16
                  text run at (17,17) width 16: "15"
        RenderTable {TABLE} at (0,316) size 158x277 [border: (3px solid #FFFF00)]
          RenderTableCol {COLGROUP} at (0,0) size 0x0
            RenderTableCol {COL} at (0,0) size 0x0 [border: (3px solid #000000)]
            RenderTableCol {COL} at (0,0) size 0x0
            RenderTableCol {COL} at (0,0) size 0x0
          RenderTableSection {TBODY} at (2,2) size 153x272
            RenderTableRow {TR} at (0,0) size 153x56
              RenderTableCell {TD} at (0,1) size 52x54 [border: (1px solid #FF0000)] [r=0 c=0 rs=1 cs=1]
                RenderText {#text} at (19,18) size 8x19
                  text run at (19,18) width 8: "1"
              RenderTableCell {TD} at (52,0) size 50x56 [border: (3px solid #FF0000)] [r=0 c=1 rs=1 cs=1]
                RenderText {#text} at (18,18) size 8x19
                  text run at (18,18) width 8: "2"
              RenderTableCell {TD} at (102,0) size 51x56 [border: (3px solid #FF0000)] [r=0 c=2 rs=1 cs=1]
                RenderText {#text} at (17,18) size 8x19
                  text run at (17,18) width 8: "3"
            RenderTableRow {TR} at (0,56) size 153x56
              RenderTableCell {TD} at (0,58) size 52x52 [border: (1px solid #FF0000)] [r=1 c=0 rs=1 cs=1]
                RenderText {#text} at (19,16) size 8x19
                  text run at (19,16) width 8: "4"
              RenderTableCell {TD} at (52,56) size 50x56 [border: (3px dashed #0000FF)] [r=1 c=1 rs=1 cs=1]
                RenderText {#text} at (19,18) size 8x19
                  text run at (19,18) width 8: "5"
              RenderTableCell {TD} at (102,56) size 51x56 [border: (3px solid #008000)] [r=1 c=2 rs=1 cs=1]
                RenderText {#text} at (19,18) size 8x19
                  text run at (19,18) width 8: "6"
            RenderTableRow {TR} at (0,112) size 153x54
              RenderTableCell {TD} at (0,113) size 52x52 [border: (1px solid #FF0000)] [r=2 c=0 rs=1 cs=1]
                RenderText {#text} at (19,16) size 8x19
                  text run at (19,16) width 8: "7"
              RenderTableCell {TD} at (52,112) size 50x54 [border: (1px solid #FF0000)] [r=2 c=1 rs=1 cs=1]
                RenderText {#text} at (18,18) size 8x19
                  text run at (18,18) width 8: "8"
              RenderTableCell {TD} at (102,112) size 51x54 [border: (1px solid #FF0000)] [r=2 c=2 rs=1 cs=1]
                RenderText {#text} at (17,18) size 8x19
                  text run at (17,18) width 8: "9"
            RenderTableRow {TR} at (0,166) size 153x52
              RenderTableCell {TD} at (0,166) size 52x52 [border: (1px solid #FF0000)] [r=3 c=0 rs=1 cs=1]
                RenderText {#text} at (19,16) size 16x19
                  text run at (19,16) width 16: "10"
              RenderTableCell {TD} at (52,166) size 50x52 [border: (1px solid #FF0000)] [r=3 c=1 rs=1 cs=1]
                RenderText {#text} at (18,16) size 16x19
                  text run at (18,16) width 16: "11"
              RenderTableCell {TD} at (102,166) size 51x52 [border: (1px solid #FF0000)] [r=3 c=2 rs=1 cs=1]
                RenderText {#text} at (17,16) size 16x19
                  text run at (17,16) width 16: "12"
            RenderTableRow {TR} at (0,218) size 153x54
              RenderTableCell {TD} at (0,218) size 52x54 [border: (3px solid #FF0000)] [r=4 c=0 rs=1 cs=1]
                RenderText {#text} at (19,16) size 16x19
                  text run at (19,16) width 16: "13"
              RenderTableCell {TD} at (52,218) size 50x54 [border: (3px solid #FF0000)] [r=4 c=1 rs=1 cs=1]
                RenderText {#text} at (18,16) size 16x19
                  text run at (18,16) width 16: "14"
              RenderTableCell {TD} at (102,218) size 51x54 [border: (3px solid #FF0000)] [r=4 c=2 rs=1 cs=1]
                RenderText {#text} at (17,16) size 16x19
                  text run at (17,16) width 16: "15"
