layer at (0,0) size 800x600
  RenderView at (0,0) size 800x600
layer at (0,0) size 800x600
  RenderBlock {HTML} at (0,0) size 800x600
    RenderBody {BODY} at (8,8) size 784x584 [color=#008000]
      RenderBlock (anonymous) at (0,0) size 784x38
        RenderText {#text} at (0,1) size 399x36
          text run at (0,1) width 399: "This is fixed pitch. "
        RenderInline {FONT} at (0,0) size 55x13
          RenderText {#text} at (399,18) size 55x13
            text run at (399,18) width 55: "This is not."
      RenderBlock (anonymous) at (0,38) size 784x33
        RenderTable {TABLE} at (0,0) size 136x33 [border: (2px outset #808080)]
          RenderTableSection {TBODY} at (2,2) size 132x29
            RenderTableRow {TR} at (0,2) size 132x25
              RenderTableCell {TD} at (2,2) size 128x25 [border: (1px inset #808080)] [r=0 c=0 rs=1 cs=1]
                RenderText {#text} at (2,2) size 124x21
                  text run at (2,2) width 124: "This is also not."
      RenderBlock (anonymous) at (0,71) size 784x38
        RenderInline {FONT} at (0,0) size 46x13
          RenderText {#text} at (0,18) size 46x13
            text run at (0,18) width 46: "More text"
        RenderText {#text} at (46,1) size 152x36
          text run at (46,1) width 152: " Ending."
