layer at (0,0) size 800x600
  RenderView at (0,0) size 800x600
layer at (0,0) size 800x66
  RenderBlock {HTML} at (0,0) size 800x66
    RenderBody {BODY} at (8,8) size 784x50
      RenderTable {DIV} at (0,0) size 260x50
        RenderTableSection {DIV} at (0,0) size 260x50
          RenderTableRow {DIV} at (0,0) size 260x50
            RenderTableCell {DIV} at (0,0) size 50x0 [bgcolor=#0000FF] [r=0 c=0 rs=1 cs=1]
            RenderTableCell (anonymous) at (50,0) size 160x16 [r=0 c=1 rs=1 cs=1]
              RenderInline {SPAN} at (0,0) size 160x16
                RenderText {#text} at (0,0) size 160x16
                  text run at (0,0) width 160: "Some text."
            RenderTableCell {DIV} at (210,0) size 50x0 [bgcolor=#0000FF] [r=0 c=2 rs=1 cs=1]
