layer at (0,0) size 800x600
  RenderView at (0,0) size 800x600
layer at (0,0) size 800x600
  RenderBlock {HTML} at (0,0) size 800x600
    RenderBody {BODY} at (8,8) size 784x584
      RenderBlock {P} at (0,0) size 784x18
        RenderText {#text} at (0,0) size 699x18
          text run at (0,0) width 609: "This tests that in a html document with inline audio content, the media element repaints correctly "
          text run at (609,0) width 90: "while playing."
      RenderBlock (anonymous) at (0,34) size 784x154
        RenderMedia {AUDIO} at (0,0) size 200x25
        RenderBR {BR} at (200,25) size 0x0
        RenderBR {BR} at (200,75) size 0x0
        RenderBR {BR} at (200,154) size 0x0
layer at (8,67) size 200x25
  RenderMedia {AUDIO} at (0,25) size 200x25
layer at (8,67) size 200x25
  RenderBlock (relative positioned) {DIV} at (0,0) size 200x25
layer at (8,67) size 200x25
  RenderFlexibleBox (positioned) {DIV} at (0,0) size 200x25
    RenderButton {INPUT} at (6,3) size 18x18
    RenderButton {INPUT} at (32,4) size 16x16
    RenderFlexibleBox {DIV} at (49,5) size 126x15
      RenderSlider {INPUT} at (0,2) size 126x13
        RenderFlexibleBox {DIV} at (0,0) size 126x13
          RenderBlock {DIV} at (0,2) size 116x8
          RenderBlock {DIV} at (116,2) size 10x8
    RenderButton {INPUT} at (177,6) size 14x12
layer at (114,76) size 10x8
  RenderBlock (relative positioned) {DIV} at (0,0) size 10x8
layer at (8,42) size 200x25
  RenderBlock (relative positioned) {DIV} at (0,0) size 200x25
layer at (8,42) size 200x25
  RenderFlexibleBox (positioned) {DIV} at (0,0) size 200x25
    RenderButton {INPUT} at (6,3) size 18x18
    RenderButton {INPUT} at (32,4) size 16x16
    RenderFlexibleBox {DIV} at (49,5) size 126x15
      RenderSlider {INPUT} at (0,2) size 126x13
        RenderFlexibleBox {DIV} at (0,0) size 126x13
          RenderBlock {DIV} at (0,2) size 116x8
          RenderBlock {DIV} at (116,2) size 10x8
    RenderButton {INPUT} at (177,6) size 14x12
layer at (114,51) size 10x8
  RenderBlock (relative positioned) {DIV} at (0,0) size 10x8
layer at (8,144) size 200x25
  RenderMedia {AUDIO} at (0,102) size 200x25
layer at (8,144) size 200x25
  RenderBlock (relative positioned) {DIV} at (0,0) size 200x25
layer at (8,144) size 200x25
  RenderFlexibleBox (positioned) {DIV} at (0,0) size 200x25
    RenderButton {INPUT} at (6,3) size 18x18
    RenderButton {INPUT} at (32,4) size 16x16
    RenderFlexibleBox {DIV} at (49,5) size 126x15
      RenderSlider {INPUT} at (0,2) size 126x13
        RenderFlexibleBox {DIV} at (0,0) size 126x13
          RenderBlock {DIV} at (0,2) size 116x8
          RenderBlock {DIV} at (116,2) size 10x8
    RenderButton {INPUT} at (177,6) size 14x12
layer at (114,153) size 10x8
  RenderBlock (relative positioned) {DIV} at (0,0) size 10x8
