layer at (0,0) size 800x600
  RenderView at (0,0) size 800x600
layer at (0,0) size 800x600
  RenderBlock {HTML} at (0,0) size 800x600
    RenderBody {BODY} at (8,8) size 784x584
      RenderBlock {P} at (0,0) size 784x18
        RenderText {#text} at (0,0) size 741x18
          text run at (0,0) width 651: "This tests that in a standalone media document with audio content, the media element repaints correctly "
          text run at (651,0) width 90: "while playing."
      RenderBlock (anonymous) at (0,34) size 784x334
        RenderText {#text} at (0,0) size 0x0
        RenderText {#text} at (0,0) size 0x0
layer at (8,42) size 384x334
  RenderPartObject {IFRAME} at (0,0) size 384x334 [border: (2px inset #000000)]
    layer at (0,0) size 380x330
      RenderView at (0,0) size 380x330
    layer at (0,0) size 380x330
      RenderBlock {HTML} at (0,0) size 380x330
        RenderBody {BODY} at (8,8) size 364x314 [bgcolor=#262626]
    layer at (40,164) size 300x1
      RenderVideo {VIDEO} at (40,164) size 300x1
    layer at (40,164) size 300x1
      RenderBlock (relative positioned) {DIV} at (0,0) size 300x1
    layer at (40,140) size 300x25
      RenderFlexibleBox (positioned) {DIV} at (0,-24) size 300x25
        RenderButton {INPUT} at (6,3) size 18x18
        RenderButton {INPUT} at (32,4) size 16x16
        RenderFlexibleBox {DIV} at (49,5) size 226x15
          RenderSlider {INPUT} at (45,2) size 136x13
            RenderFlexibleBox {DIV} at (0,0) size 136x13
              RenderBlock {DIV} at (0,2) size 126x8
              RenderBlock {DIV} at (126,2) size 10x8
        RenderButton {INPUT} at (277,6) size 14x12
    layer at (89,147) size 45x11
      RenderFlexibleBox {DIV} at (0,2) size 45x11 [color=#FFFFFF]
        RenderBlock (anonymous) at (9,0) size 26x11
          RenderText {#text} at (0,0) size 26x11
            text run at (0,0) width 26: "00:00"
    layer at (270,147) size 45x11
      RenderFlexibleBox {DIV} at (181,2) size 45x11 [color=#FFFFFF]
        RenderBlock (anonymous) at (7,0) size 31x11
          RenderText {#text} at (0,0) size 31x11
            text run at (0,0) width 31: "-00:00"
    layer at (196,149) size 10x8
      RenderBlock (relative positioned) {DIV} at (0,0) size 10x8
