layer at (0,0) size 784x618
  RenderView at (0,0) size 784x600
layer at (0,0) size 784x618
  RenderBlock {HTML} at (0,0) size 784x618
    RenderBody {BODY} at (8,16) size 768x594
      RenderBlock {P} at (0,0) size 768x72
        RenderText {#text} at (0,0) size 764x71
          text run at (0,0) width 757: "In the test case below, the green block's width should not vary and should use the first region to determine its width. It"
          text run at (0,18) width 729: "is overflowing downwards out of the blue block, and so the portion that overflows should continue to use the blue"
          text run at (0,36) width 764: "block's containing block width. The blue block does not exist in region two, so using some hypothetical made-up width"
          text run at (0,54) width 654: "is incorrect. The overflow should be spilling out of the top of region one and be painted in region two."
      RenderBlock {DIV} at (0,88) size 768x200
        RenderBlock {DIV} at (5,5) size 758x190 [border: (1px solid #0000FF)]
          RenderBlock {DIV} at (94,1) size 569x174 [border: (1px solid #008000)]
            RenderBlock {P} at (1,17) size 567x36
              RenderText {#text} at (0,0) size 567x35
                text run at (0,0) width 567: "These lines should all fit to the width of the block in the first region and spill out of the"
                text run at (0,18) width 120: "bottom of the first "
                text run at (119,18) width 46: "region."
            RenderBlock {P} at (1,69) size 567x36
              RenderText {#text} at (0,0) size 567x35
                text run at (0,0) width 567: "These lines should all fit to the width of the block in the first region and spill out of the"
                text run at (0,18) width 120: "bottom of the first "
                text run at (119,18) width 46: "region."
            RenderBlock {P} at (1,121) size 567x36
              RenderText {#text} at (0,0) size 567x35
                text run at (0,0) width 567: "These lines should all fit to the width of the block in the first region and spill out of the"
                text run at (0,18) width 120: "bottom of the first "
                text run at (119,18) width 46: "region."
      RenderBlock {DIV} at (0,288) size 768x306
        RenderBlock {DIV} at (0,0) size 402x202 [border: (1px solid #000000)]
        RenderBlock {DIV} at (0,202) size 302x102 [border: (1px solid #000000)]
        RenderBlock {DIV} at (0,304) size 768x2 [border: (1px solid #000000)]
