layer at (0,0) size 800x600
  RenderView at (0,0) size 800x600
layer at (0,0) size 272x600
  RenderBlock {HTML} at (0,0) size 272x600
    RenderBody {BODY} at (16,8) size 240x584
      RenderBlock {DIV} at (0,0) size 18x584 [color=#008000]
        RenderBlock {P} at (0,0) size 18x584
          RenderText {#text} at (0,0) size 17x81
            text run at (0,0) width 81: "flow content"
      RenderBlock {DIV} at (34,0) size 36x584
        RenderText {#text} at (0,0) size 35x565
          text run at (0,0) width 412: "The words \"flow content\" in green should display after this div, "
          text run at (0,411) width 153: "and there should be two"
          text run at (18,0) width 212: "copies of this content that match."
      RenderBlock {DIV} at (70,0) size 100x300
        RenderBlock {DIV} at (0,0) size 18x300 [color=#FF0000]
          RenderText {#text} at (0,0) size 17x189
            text run at (0,0) width 189: "FAIL if this text is displayed."
      RenderBlock {DIV} at (170,0) size 36x584
        RenderText {#text} at (0,0) size 35x565
          text run at (0,0) width 412: "The words \"flow content\" in green should display after this div, "
          text run at (0,411) width 153: "and there should be two"
          text run at (18,0) width 212: "copies of this content that match."
      RenderBlock {DIV} at (222,0) size 18x584 [color=#008000]
        RenderBlock {P} at (0,0) size 18x584
          RenderText {#text} at (0,0) size 17x81
            text run at (0,0) width 81: "flow content"
