layer at (0,0) size 800x600
  RenderView at (0,0) size 800x600
layer at (0,0) size 800x236
  RenderBlock {HTML} at (0,0) size 800x236
    RenderBody {BODY} at (8,16) size 784x204
      RenderBlock {DIV} at (0,0) size 784x18 [color=#008000]
        RenderBlock {P} at (0,0) size 784x18
          RenderText {#text} at (0,0) size 81x17
            text run at (0,0) width 81: "flow content"
      RenderBlock {DIV} at (0,34) size 784x18
        RenderText {#text} at (0,0) size 780x17
          text run at (0,0) width 412: "The words \"flow content\" in green should display after this div, "
          text run at (411,0) width 369: "and there should be two copies of this content that match."
      RenderBlock {DIV} at (0,52) size 300x100
        RenderBlock {DIV} at (0,0) size 300x18 [color=#FF0000]
          RenderText {#text} at (0,0) size 189x17
            text run at (0,0) width 189: "FAIL if this text is displayed."
      RenderBlock {DIV} at (0,152) size 784x18
        RenderText {#text} at (0,0) size 780x17
          text run at (0,0) width 412: "The words \"flow content\" in green should display after this div, "
          text run at (411,0) width 369: "and there should be two copies of this content that match."
      RenderBlock {DIV} at (0,186) size 784x18 [color=#008000]
        RenderBlock {P} at (0,0) size 784x18
          RenderText {#text} at (0,0) size 81x17
            text run at (0,0) width 81: "flow content"
