layer at (0,0) size 784x794
  RenderView at (0,0) size 784x600
layer at (0,0) size 784x794
  RenderBlock {HTML} at (0,0) size 784x794
    RenderBody {BODY} at (8,8) size 768x778
      RenderBlock {DIV} at (38,0) size 692x372
        RenderBlock {DIV} at (39,15) size 614x342 [border: (1px solid #0000FF)]
          RenderBlock {DIV} at (62,11) size 490x192 [border: (1px solid #008000)]
            RenderBlock {P} at (1,17) size 488x54
              RenderText {#text} at (0,0) size 488x53
                text run at (0,0) width 488: "This line of text should not get out of the region. This line of text should not"
                text run at (0,18) width 488: "get out of the region. This line of text should not get out of the region. This"
                text run at (0,36) width 279: "line of text should not get out of the region."
            RenderBlock {P} at (1,87) size 488x54
              RenderText {#text} at (0,0) size 488x53
                text run at (0,0) width 488: "This line of text should not get out of the region. This line of text should not"
                text run at (0,18) width 488: "get out of the region. This line of text should not get out of the region. This"
                text run at (0,36) width 279: "line of text should not get out of the region."
            RenderBlock {P} at (1,157) size 488x18
              RenderText {#text} at (0,0) size 311x17
                text run at (0,0) width 311: "This line of text should not get out of the region."
      RenderBlock {DIV} at (0,372) size 768x406
        RenderBlock {DIV} at (0,0) size 402x102 [border: (1px solid #000000)]
        RenderBlock {DIV} at (0,102) size 502x182 [border: (1px solid #000000)]
        RenderBlock {DIV} at (0,284) size 202x122 [border: (1px solid #000000)]
