layer at (0,0) size 784x676
  RenderView at (0,0) size 784x600
layer at (0,0) size 784x676
  RenderBlock {HTML} at (0,0) size 784x676
    RenderBody {BODY} at (8,16) size 768x652
      RenderBlock {P} at (0,0) size 768x36
        RenderText {#text} at (0,0) size 762x35
          text run at (0,0) width 762: "The first and last lines of text in the regions below should be clipped to the green box. The overflow section sizes itself"
          text run at (0,18) width 735: "and clips differently in each region. The green box should be even with the lime floats at the top of the first region."
      RenderBlock {DIV} at (0,52) size 768x144
        RenderBlock {DIV} at (5,5) size 758x134 [border: (1px solid #0000FF)]
          RenderBlock (floating) {DIV} at (6,6) size 50x50 [bgcolor=#00FF00]
          RenderBlock (floating) {DIV} at (702,6) size 50x50 [bgcolor=#00FF00]
          RenderBlock {DIV} at (56,6) size 646x122 [border: (1px solid #008000)]
            RenderBlock {P} at (1,17) size 644x36
              RenderText {#text} at (0,0) size 644x35
                text run at (0,0) width 571: "These lines will not spill out of the regions. These lines will not spill out of the regions. "
                text run at (570,0) width 74: "These lines"
                text run at (0,18) width 484: "will not spill out of the regions. These lines will not spill out of the regions."
            RenderBlock {P} at (1,69) size 644x36
              RenderText {#text} at (0,0) size 644x35
                text run at (0,0) width 571: "These lines will not spill out of the regions. These lines will not spill out of the regions. "
                text run at (570,0) width 74: "These lines"
                text run at (0,18) width 484: "will not spill out of the regions. These lines will not spill out of the regions."
      RenderBlock {DIV} at (0,196) size 768x456
        RenderBlock {DIV} at (0,0) size 402x152 [border: (1px solid #000000)]
        RenderBlock {DIV} at (0,152) size 402x152 [border: (1px solid #000000)]
        RenderBlock {DIV} at (0,304) size 402x152 [border: (1px solid #000000)]
