layer at (0,0) size 784x680
  RenderView at (0,0) size 784x600
layer at (0,0) size 784x680
  RenderBlock {HTML} at (0,0) size 784x680
    RenderBody {BODY} at (8,16) size 768x656
      RenderBlock {P} at (0,0) size 768x36
        RenderText {#text} at (0,0) size 762x35
          text run at (0,0) width 762: "The first and last lines of text in the regions below should be clipped to the green box. The overflow section sizes itself"
          text run at (0,18) width 190: "independently in each region."
      RenderBlock {DIV} at (0,52) size 768x198
        RenderBlock {DIV} at (5,5) size 758x188 [border: (1px solid #0000FF)]
          RenderBlock {DIV} at (41,41) size 676x106 [border: (1px solid #008000)]
            RenderBlock {DIV} at (1,1) size 500x18
              RenderText {#text} at (0,0) size 293x17
                text run at (0,0) width 293: "Clipped line of text that should not be visible."
            RenderBlock {P} at (1,35) size 674x36
              RenderText {#text} at (0,0) size 674x35
                text run at (0,0) width 572: "These lines will not spill out of the regions. These lines will not spill out of the regions. "
                text run at (571,0) width 103: "These lines will"
                text run at (0,18) width 173: "not spill out of the regions."
            RenderBlock {DIV} at (1,87) size 500x18
              RenderText {#text} at (0,0) size 293x17
                text run at (0,0) width 293: "Clipped line of text that should not be visible."
      RenderBlock {DIV} at (0,250) size 768x406
        RenderBlock {DIV} at (566,0) size 202x102 [border: (1px solid #000000)]
        RenderBlock {DIV} at (466,102) size 302x182 [border: (1px solid #000000)]
        RenderBlock {DIV} at (646,284) size 122x122 [border: (1px solid #000000)]
