layer at (0,0) size 784x646
  RenderView at (0,0) size 784x600
layer at (0,0) size 784x646
  RenderBlock {HTML} at (0,0) size 784x646
    RenderBody {BODY} at (8,8) size 768x630
      RenderBlock {DIV} at (0,0) size 768x224
        RenderBlock {DIV} at (80,5) size 608x214 [border: (1px solid #0000FF)]
          RenderBlock {DIV} at (11,11) size 586x192 [border: (1px solid #008000)]
            RenderBlock {P} at (1,17) size 584x54
              RenderText {#text} at (0,0) size 584x53
                text run at (0,0) width 584: "This line of text should not get out of the region. This line of text should not get out of the"
                text run at (0,18) width 584: "region. This line of text should not get out of the region. This line of text should not get"
                text run at (0,36) width 111: "out of the region."
            RenderBlock {P} at (1,87) size 584x54
              RenderText {#text} at (0,0) size 584x53
                text run at (0,0) width 584: "This line of text should not get out of the region. This line of text should not get out of the"
                text run at (0,18) width 584: "region. This line of text should not get out of the region. This line of text should not get"
                text run at (0,36) width 111: "out of the region."
            RenderBlock {P} at (1,157) size 584x18
              RenderText {#text} at (0,0) size 311x17
                text run at (0,0) width 311: "This line of text should not get out of the region."
      RenderBlock {DIV} at (0,224) size 768x406
        RenderBlock {DIV} at (566,0) size 202x102 [border: (1px solid #000000)]
        RenderBlock {DIV} at (466,102) size 302x182 [border: (1px solid #000000)]
        RenderBlock {DIV} at (646,284) size 122x122 [border: (1px solid #000000)]
