layer at (0,0) size 800x600
  RenderView at (0,0) size 800x600
layer at (0,0) size 800x152
  RenderBlock {HTML} at (0,0) size 800x152
    RenderBody {BODY} at (8,8) size 784x136
      RenderBlock {DIV} at (0,0) size 784x18
        RenderInline {SPAN} at (0,0) size 284x17 [bgcolor=#008000]
          RenderText {#text} at (0,0) size 284x17
            text run at (0,0) width 284: "Green background span not styled in region."
        RenderText {#text} at (0,0) size 0x0
      RenderBlock {DIV} at (0,18) size 280x50
      RenderBlock {DIV} at (0,68) size 784x18
        RenderBlock (anonymous) at (0,0) size 784x18
          RenderInline {SPAN} at (0,0) size 284x17 [bgcolor=#008000]
            RenderText {#text} at (0,0) size 284x17
              text run at (0,0) width 284: "Green background span not styled in region."
          RenderText {#text} at (0,0) size 0x0
      RenderBlock {DIV} at (0,86) size 280x50
