layer at (0,0) size 784x782
  RenderView at (0,0) size 784x600
layer at (0,0) size 784x782
  RenderBlock {HTML} at (0,0) size 784x782
    RenderBody {BODY} at (8,8) size 768x766
      RenderBlock {DIV} at (0,0) size 768x360
        RenderBlock {DIV} at (0,0) size 768x216 [color=#A0A0A0]
          RenderInline {SPAN} at (0,0) size 768x200 [bgcolor=#A0A0A0]
            RenderText {#text} at (0,8) size 768x200
              text run at (0,8) width 461: "This is some content This is some content "
              text run at (460,8) width 308: "This is some content This is"
              text run at (0,44) width 148: "some content "
              text run at (147,44) width 484: "This is some content This is some content "
              text run at (630,44) width 138: "This is some"
              text run at (0,80) width 318: "content This is some content "
              text run at (317,80) width 451: "This is some content This is some content"
              text run at (0,116) width 461: "This is some content This is some content "
              text run at (460,116) width 308: "This is some content This is"
              text run at (0,152) width 148: "some content "
              text run at (147,152) width 484: "This is some content This is some content "
              text run at (630,152) width 138: "This is some"
              text run at (0,188) width 130: "content This"
        RenderBlock {DIV} at (0,216) size 768x96 [color=#00A0E0]
          RenderInline {SPAN} at (0,0) size 768x86 [bgcolor=#00A0E0]
            RenderText {#text} at (0,5) size 768x86
              text run at (0,5) width 311: "This is some content This is some content "
              text run at (310,5) width 311: "This is some content This is some content "
              text run at (620,5) width 148: "This is some content"
              text run at (0,29) width 156: "This is some content "
              text run at (155,29) width 311: "This is some content This is some content "
              text run at (465,29) width 303: "This is some content This is some content"
              text run at (0,53) width 311: "This is some content This is some content "
              text run at (310,53) width 311: "This is some content This is some content "
              text run at (620,53) width 148: "This is some content"
              text run at (0,77) width 145: "This is some content"
        RenderBlock {DIV} at (0,312) size 768x48 [color=#800000]
          RenderInline {SPAN} at (0,0) size 768x38 [bgcolor=#800000]
            RenderText {#text} at (0,5) size 768x38
              text run at (0,5) width 311: "This is some content This is some content "
              text run at (310,5) width 311: "This is some content This is some content "
              text run at (620,5) width 148: "This is some content"
              text run at (0,29) width 303: "This is some content This is some content."
          RenderText {#text} at (0,0) size 0x0
      RenderBlock (anonymous) at (0,360) size 768x406
        RenderBlock {DIV} at (2,2) size 402x402 [border: (1px solid #A0A0A0)]
        RenderText {#text} at (406,0) size 8x15
          text run at (406,0) width 8: " "
        RenderBlock {DIV} at (416,2) size 302x202 [border: (1px solid #000000)]
        RenderText {#text} at (0,0) size 0x0
