layer at (0,0) size 800x600
  RenderView at (0,0) size 800x600
layer at (0,0) size 800x378
  RenderBlock {HTML} at (0,0) size 800x378
    RenderBody {BODY} at (8,16) size 784x354
      RenderBlock {DIV} at (0,0) size 784x188
        RenderBlock {P} at (0,0) size 784x18
          RenderText {#text} at (0,0) size 172x17
            text run at (0,0) width 172: "First para goes into region."
        RenderBlock (anonymous) at (0,34) size 784x18
          RenderText {#text} at (0,0) size 137x17
            text run at (0,0) width 137: "Text goes into region"
        RenderBlock {P} at (0,68) size 784x18
          RenderText {#text} at (0,0) size 190x17
            text run at (0,0) width 190: "Second para goes into region."
        RenderBlock {P} at (0,102) size 784x18
          RenderText {#text} at (0,0) size 179x17
            text run at (0,0) width 179: "Third para goes into region."
        RenderBlock (anonymous) at (0,136) size 784x18
          RenderText {#text} at (0,0) size 137x17
            text run at (0,0) width 137: "Text goes into region"
        RenderBlock {P} at (0,170) size 784x18
          RenderText {#text} at (0,0) size 186x17
            text run at (0,0) width 186: "Fourth para goes into region."
      RenderBlock {DIV} at (0,204) size 200x50
      RenderBlock {DIV} at (0,254) size 200x50
      RenderBlock {DIV} at (0,304) size 200x50
