layer at (0,0) size 866x584
  RenderView at (0,0) size 800x584
layer at (-66,0) size 866x584 backgroundClip at (0,0) size 866x584 clip at (0,0) size 866x584 outlineClip at (0,0) size 866x584
  RenderBlock {HTML} at (0,0) size 866x584
    RenderBody {BODY} at (8,8) size 850x568
      RenderBlock {DIV} at (0,0) size 224x568
        RenderBlock {DIV} at (5,5) size 214x558 [border: (1px solid #0000FF)]
          RenderBlock {DIV} at (11,11) size 192x536 [border: (1px solid #008000)]
            RenderBlock {P} at (17,1) size 54x534
              RenderText {#text} at (0,0) size 53x534
                text run at (0,0) width 534: "This line of text should not get out of the region. This line of text should not get"
                text run at (18,0) width 534: "out of the region. This line of text should not get out of the region. This line of text"
                text run at (36,0) width 205: "should not get out of the region."
            RenderBlock {P} at (87,1) size 54x534
              RenderText {#text} at (0,0) size 53x534
                text run at (0,0) width 534: "This line of text should not get out of the region. This line of text should not get"
                text run at (18,0) width 534: "out of the region. This line of text should not get out of the region. This line of text"
                text run at (36,0) width 205: "should not get out of the region."
            RenderBlock {P} at (157,1) size 18x534
              RenderText {#text} at (0,0) size 17x311
                text run at (0,0) width 311: "This line of text should not get out of the region."
      RenderBlock {DIV} at (224,0) size 626x568
        RenderBlock {DIV} at (0,0) size 202x102 [border: (1px solid #000000)]
        RenderBlock {DIV} at (202,0) size 302x182 [border: (1px solid #000000)]
        RenderBlock {DIV} at (504,0) size 122x122 [border: (1px solid #000000)]
