layer at (0,0) size 784x736
  RenderView at (0,0) size 784x600
layer at (0,0) size 784x736
  RenderBlock {HTML} at (0,0) size 784x736
    RenderBody {BODY} at (8,8) size 768x720
      RenderBlock {DIV} at (0,0) size 768x224
        RenderBlock {DIV} at (5,5) size 758x214 [border: (1px solid #0000FF)]
          RenderBlock {DIV} at (11,11) size 736x192 [border: (1px solid #008000)]
            RenderBlock {P} at (1,17) size 734x54
              RenderImage {IMG} at (604,0) size 130x100 [bgcolor=#008000]
              RenderText {#text} at (0,0) size 604x53
                text run at (0,0) width 279: "This line of text should not get out of the "
                text run at (278,0) width 326: "region. This line of text should not get out of the"
                text run at (0,18) width 604: "region. This line of text should not get out of the region. This line of text should not get out of"
                text run at (0,36) width 69: "the region."
            RenderBlock {P} at (1,87) size 734x54
              RenderText {#text} at (0,0) size 604x53
                text run at (0,0) width 604: "This line of text should not get out of the region. This line of text should not get out of the"
                text run at (0,18) width 604: "region. This line of text should not get out of the region. This line of text should not get out of"
                text run at (0,36) width 69: "the region."
            RenderBlock {P} at (1,157) size 734x18
              RenderText {#text} at (0,0) size 311x17
                text run at (0,0) width 311: "This line of text should not get out of the region."
      RenderBlock {DIV} at (0,224) size 768x496
        RenderBlock {DIV} at (0,0) size 402x102 [border: (1px solid #000000)]
        RenderBlock {DIV} at (0,102) size 302x92 [border: (1px solid #000000)]
        RenderBlock {DIV} at (0,194) size 402x302 [border: (1px solid #000000)]
