layer at (0,0) size 784x610
  RenderView at (0,0) size 784x600
layer at (0,0) size 784x610
  RenderBlock {HTML} at (0,0) size 784x610
    RenderBody {BODY} at (8,8) size 768x594
      RenderBlock {DIV} at (0,0) size 768x188
        RenderBlock {DIV} at (5,5) size 758x178 [border: (1px solid #0000FF)]
          RenderBlock {DIV} at (11,11) size 736x156 [border: (1px solid #008000)]
            RenderBlock {P} at (1,17) size 734x36
              RenderText {#text} at (0,0) size 734x35
                text run at (0,0) width 734: "This line of text should not get out of the region. This line of text should not get out of the region. This line of text"
                text run at (0,18) width 520: "should not get out of the region. This line of text should not get out of the region."
            RenderBlock {P} at (1,69) size 734x36
              RenderText {#text} at (0,0) size 734x35
                text run at (0,0) width 734: "This line of text should not get out of the region. This line of text should not get out of the region. This line of text"
                text run at (0,18) width 520: "should not get out of the region. This line of text should not get out of the region."
            RenderBlock {P} at (1,121) size 734x18
              RenderText {#text} at (0,0) size 311x17
                text run at (0,0) width 311: "This line of text should not get out of the region."
      RenderBlock {DIV} at (0,188) size 768x406
        RenderBlock {DIV} at (0,0) size 202x102 [border: (1px solid #000000)]
        RenderBlock {DIV} at (0,102) size 302x182 [border: (1px solid #000000)]
        RenderBlock {DIV} at (0,284) size 122x122 [border: (1px solid #000000)]
