layer at (0,0) size 800x600
  RenderView at (0,0) size 800x600
layer at (0,0) size 800x600
  RenderBlock {HTML} at (0,0) size 800x600
    RenderBody {BODY} at (8,8) size 784x584
      RenderBlock {P} at (0,0) size 784x36
        RenderInline {A} at (0,0) size 305x18 [color=#0000EE]
          RenderText {#text} at (0,0) size 305x18
            text run at (0,0) width 305: "https://bugs.webkit.org/show_bug.cgi?id=25066"
        RenderBR {BR} at (305,14) size 0x0
        RenderText {#text} at (0,18) size 415x18
          text run at (0,18) width 415: "controls should not be misplaced when video gets a RenderLayer."
      RenderBlock (anonymous) at (0,52) size 784x252
        RenderText {#text} at (0,0) size 0x0
        RenderText {#text} at (0,0) size 0x0
        RenderText {#text} at (0,0) size 0x0
        RenderText {#text} at (0,0) size 0x0
layer at (58,110) size 302x152
  RenderVideo {VIDEO} at (50,50) size 302x152 [border: (1px solid #000000)]
layer at (59,111) size 300x150
  RenderBlock (relative positioned) {DIV} at (1,1) size 300x150
layer at (59,236) size 300x25
  RenderDeprecatedFlexibleBox (positioned) {DIV} at (0,125) size 300x25
    RenderButton {INPUT} at (6,3) size 18x18
    RenderButton {INPUT} at (32,4) size 16x16
