layer at (0,0) size 800x600
  RenderView at (0,0) size 800x600
layer at (0,0) size 800x600
  RenderBlock {HTML} at (0,0) size 800x600
    RenderBody {BODY} at (8,16) size 784x566
      RenderBlock {DIV} at (0,0) size 784x22
        RenderText {#text} at (0,0) size 173x22
          text run at (0,0) width 173: "Outline ring painting test."
      RenderBlock {DIV} at (0,38) size 784x106
        RenderBlock (anonymous) at (0,0) size 784x22
        RenderBlock (anonymous) at (0,40) size 784x26
          RenderBlock {H3} at (0,0) size 784x26
            RenderText {#text} at (0,0) size 150x26
              text run at (0,0) width 150: "Bold with margin."
        RenderBlock (anonymous) at (0,84) size 784x22
      RenderBlock {DIV} at (0,162) size 784x66
        RenderBlock (anonymous) at (0,0) size 784x0
        RenderBlock (anonymous) at (0,0) size 784x26
          RenderBlock {H3} at (0,0) size 784x26
            RenderText {#text} at (0,0) size 150x26
              text run at (0,0) width 150: "No content before."
        RenderBlock (anonymous) at (0,44) size 784x22
      RenderBlock {DIV} at (0,244) size 784x66
        RenderBlock (anonymous) at (0,0) size 784x22
        RenderBlock (anonymous) at (0,40) size 784x26
          RenderBlock {H3} at (0,0) size 784x26
            RenderText {#text} at (0,0) size 177x26
              text run at (0,0) width 177: "But No Content After"
        RenderBlock (anonymous) at (0,84) size 784x0
      RenderBlock {DIV} at (0,328) size 784x26
        RenderBlock (anonymous) at (0,0) size 784x0
        RenderBlock (anonymous) at (0,0) size 784x26
          RenderBlock {H3} at (0,0) size 784x26
            RenderText {#text} at (0,0) size 216x26
              text run at (0,0) width 216: "No content before or after."
        RenderBlock (anonymous) at (0,44) size 784x0
layer at (8,54) size 106x22
  RenderInline (relative positioned) {SPAN} at (0,0) size 106x22
    RenderText {#text} at (0,0) size 106x22
      text run at (0,0) width 106: "Content before."
layer at (8,138) size 91x22
  RenderInline (relative positioned) {SPAN} at (0,0) size 91x22
    RenderText {#text} at (0,0) size 91x22
      text run at (0,0) width 91: "Content after"
layer at (8,178) size 0x0
  RenderInline (relative positioned) {SPAN} at (0,0) size 0x0
layer at (8,222) size 95x22
  RenderInline (relative positioned) {SPAN} at (0,0) size 95x22
    RenderText {#text} at (0,0) size 95x22
      text run at (0,0) width 95: "Content after."
layer at (8,260) size 102x22
  RenderInline (relative positioned) {SPAN} at (0,0) size 102x22
    RenderText {#text} at (0,0) size 102x22
      text run at (0,0) width 102: "Content before"
layer at (8,344) size 0x0
  RenderInline (relative positioned) {SPAN} at (0,0) size 0x0
layer at (8,344) size 0x0
  RenderInline (relative positioned) {SPAN} at (0,0) size 0x0
layer at (8,388) size 0x0
  RenderInline (relative positioned) {SPAN} at (0,0) size 0x0
