layer at (0,0) size 800x600
  RenderView at (0,0) size 800x600
layer at (0,0) size 800x600
  RenderBlock {HTML} at (0,0) size 800x600
    RenderBody {BODY} at (8,8) size 784x584
      RenderBlock {DIV} at (0,0) size 784x42
        RenderText {#text} at (0,0) size 782x42
          text run at (0,0) width 782: "This is currently broken, and this text will have to be updated once it is fixed. There should be two boxes below,"
          text run at (0,21) width 220: "but right now, there is only one:"
      RenderBlock (anonymous) at (0,42) size 784x21
        RenderInline {A} at (0,0) size 0x0 [color=#0000EE] [border: (3px solid #0000EE)]
          RenderText {#text} at (0,0) size 0x0
        RenderText {#text} at (0,0) size 0x0
        RenderInline {A} at (0,0) size 26x27 [color=#0000EE] [border: (3px solid #0000EE)]
          RenderText {#text} at (8,0) size 11x21
            text run at (8,0) width 11: "A"
        RenderText {#text} at (0,0) size 0x0
