layer at (0,0) size 800x600
  RenderView at (0,0) size 800x600
layer at (0,0) size 800x600
  RenderBlock {HTML} at (0,0) size 800x600
    RenderBody {BODY} at (8,8) size 784x584
      RenderBlock {DIV} at (0,0) size 784x22 [bgcolor=#008000] [border: (1px solid #000000) none]
        RenderInline {SPAN} at (0,0) size 1x21
      RenderBlock {DIV} at (0,22) size 784x21
        RenderText {#text} at (0,0) size 322x21
          text run at (0,0) width 322: "There should be a green block above this text"
