layer at (0,0) size 800x600
  RenderView at (0,0) size 800x600
layer at (0,0) size 800x600
  RenderBlock {HTML} at (0,0) size 800x600
    RenderBody {BODY} at (8,8) size 784x584
      RenderBlock (anonymous) at (0,0) size 784x21
        RenderText {#text} at (0,0) size 723x21
          text run at (0,0) width 723: "The first four tests expect a green block to be above them, i.e., to have the text shrinking quirk disabled."
      RenderBlock {DIV} at (0,21) size 784x22 [bgcolor=#008000] [border: (1px solid #000000) none]
        RenderInline {SPAN} at (0,0) size 1x21
      RenderBlock {DIV} at (0,43) size 784x21
        RenderText {#text} at (0,0) size 322x21
          text run at (0,0) width 322: "There should be a green block above this text"
      RenderBlock {DIV} at (0,64) size 784x22 [bgcolor=#008000] [border: (1px solid #000000) none]
        RenderInline {SPAN} at (0,0) size 1x21
      RenderBlock {DIV} at (0,86) size 784x21
        RenderText {#text} at (0,0) size 322x21
          text run at (0,0) width 322: "There should be a green block above this text"
      RenderBlock {DIV} at (0,107) size 784x22 [bgcolor=#008000] [border: (1px solid #000000) none]
        RenderInline {SPAN} at (0,0) size 1x21 [border: (1px solid #000000)]
      RenderBlock {DIV} at (0,129) size 784x21
        RenderText {#text} at (0,0) size 322x21
          text run at (0,0) width 322: "There should be a green block above this text"
      RenderBlock {DIV} at (0,150) size 784x22 [bgcolor=#008000] [border: (1px solid #000000) none]
        RenderInline {SPAN} at (0,0) size 1x21 [border: (1px solid #000000) none]
      RenderBlock {DIV} at (0,172) size 784x21
        RenderText {#text} at (0,0) size 322x21
          text run at (0,0) width 322: "There should be a green block above this text"
      RenderBlock (anonymous) at (0,193) size 784x21
        RenderText {#text} at (0,0) size 656x21
          text run at (0,0) width 656: "The remaining tests do not expect a block to be above them, and red will show if the test fails."
      RenderBlock {DIV} at (0,214) size 784x1 [bgcolor=#FF0000] [border: (1px solid #000000) none]
        RenderInline {SPAN} at (0,0) size 0x0
      RenderBlock {DIV} at (0,215) size 784x21
        RenderText {#text} at (0,0) size 330x21
          text run at (0,0) width 330: "There should not be a red block above this text"
      RenderBlock {DIV} at (0,236) size 784x1 [bgcolor=#FF0000] [border: (1px solid #000000) none]
        RenderInline {SPAN} at (0,0) size 0x0
      RenderBlock {DIV} at (0,237) size 784x21
        RenderText {#text} at (0,0) size 330x21
          text run at (0,0) width 330: "There should not be a red block above this text"
      RenderBlock {DIV} at (0,258) size 784x1 [bgcolor=#FF0000] [border: (1px solid #000000) none]
        RenderInline {SPAN} at (0,0) size 0x0 [border: (1px solid #000000) none]
      RenderBlock {DIV} at (0,259) size 784x21
        RenderText {#text} at (0,0) size 330x21
          text run at (0,0) width 330: "There should not be a red block above this text"
      RenderBlock {DIV} at (0,280) size 784x1 [bgcolor=#FF0000] [border: (1px solid #000000) none]
        RenderInline {SPAN} at (0,0) size 0x0 [border: (1px solid #000000) none]
      RenderBlock {DIV} at (0,281) size 784x21
        RenderText {#text} at (0,0) size 330x21
          text run at (0,0) width 330: "There should not be a red block above this text"
      RenderBlock {DIV} at (0,302) size 784x1 [bgcolor=#FF0000] [border: (1px solid #000000) none]
        RenderInline {SPAN} at (0,0) size 0x21
      RenderBlock {DIV} at (0,303) size 784x21
        RenderText {#text} at (0,0) size 330x21
          text run at (0,0) width 330: "There should not be a red block above this text"
      RenderBlock {DIV} at (0,324) size 784x1 [bgcolor=#FF0000] [border: (1px solid #000000) none]
        RenderInline {SPAN} at (0,0) size 0x21
      RenderBlock {DIV} at (0,325) size 784x21
        RenderText {#text} at (0,0) size 330x21
          text run at (0,0) width 330: "There should not be a red block above this text"
      RenderBlock {DIV} at (0,346) size 784x1 [bgcolor=#FF0000] [border: (1px solid #000000) none]
        RenderInline {SPAN} at (0,0) size 0x0
      RenderBlock {DIV} at (0,347) size 784x21
        RenderText {#text} at (0,0) size 330x21
          text run at (0,0) width 330: "There should not be a red block above this text"
      RenderBlock {DIV} at (0,368) size 784x1 [bgcolor=#FF0000] [border: (1px solid #000000) none]
        RenderInline {SPAN} at (0,0) size 0x0
      RenderBlock {DIV} at (0,369) size 784x21
        RenderText {#text} at (0,0) size 330x21
          text run at (0,0) width 330: "There should not be a red block above this text"
