layer at (0,0) size 784x786
  RenderView at (0,0) size 784x600
layer at (0,0) size 784x786
  RenderBlock {HTML} at (0,0) size 784x786
    RenderBody {BODY} at (8,16) size 768x762
      RenderBlock {P} at (0,0) size 768x42
        RenderText {#text} at (0,0) size 762x42
          text run at (0,0) width 762: "There should be a SPAN in the middle of all four paragraphs that has padding, a green border, and a margin"
          text run at (0,21) width 77: "on the left, "
          text run at (77,21) width 407: "and padding, an orange border, and a margin on the right."
      RenderBlock {H1} at (0,58) size 768x21
        RenderText {#text} at (0,0) size 95x21
          text run at (0,0) width 95: "Left-to-Right"
      RenderBlock {DIV} at (0,89) size 768x316 [border: (1px solid #000000)]
        RenderBlock {P} at (6,22) size 756x32
          RenderText {#text} at (0,5) size 136x21
            text run at (0,5) width 136: "Lorem ipsum dolor "
          RenderText {#text} at (375,5) size 370x21
            text run at (375,5) width 370: "adipisicing elit, sed do eiusmod tempor incididunt ut."
        RenderBlock {P} at (6,70) size 756x224
          RenderText {#text} at (0,5) size 717x53
            text run at (0,5) width 655: "Lorem ipsum dolor sit amet, consectetur adipisicing elit, sed do eiusmod tempor incididunt ut "
            text run at (655,5) width 62: "labore et"
            text run at (0,37) width 579: "dolore magna aliqua. Ut enim ad minim veniam, quis nostrud exercitation ullamco "
          RenderText {#text} at (300,133) size 731x85
            text run at (300,133) width 425: "sit amet, consectetur adipisicing elit, sed do eiusmod tempor"
            text run at (0,165) width 205: "incididunt ut labore et dolore "
            text run at (205,165) width 526: "magna aliqua. Ut enim ad minim veniam, quis nostrud exercitation ullamco"
            text run at (0,197) width 150: "laboris nisi ut aliquip."
      RenderBlock {H1} at (0,415) size 768x21
        RenderText {#text} at (0,0) size 95x21
          text run at (0,0) width 95: "Right-to-Left"
      RenderBlock {DIV} at (0,446) size 768x316 [border: (1px solid #000000)]
        RenderBlock {P} at (6,22) size 756x32
          RenderText {#text} at (620,5) size 136x21
            text run at (620,5) width 136 RTL override: "Lorem ipsum dolor "
          RenderText {#text} at (11,5) size 370x21
            text run at (11,5) width 370 RTL override: "adipisicing elit, sed do eiusmod tempor incididunt ut."
        RenderBlock {P} at (6,70) size 756x224
          RenderText {#text} at (39,5) size 717x53
            text run at (39,5) width 62 RTL override: "labore et"
            text run at (101,5) width 655 RTL override: "Lorem ipsum dolor sit amet, consectetur adipisicing elit, sed do eiusmod tempor incididunt ut "
            text run at (177,37) width 579 RTL override: "dolore magna aliqua. Ut enim ad minim veniam, quis nostrud exercitation ullamco "
          RenderText {#text} at (31,133) size 731x85
            text run at (31,133) width 425 RTL override: "sit amet, consectetur adipisicing elit, sed do eiusmod tempor"
            text run at (25,165) width 526 RTL override: "magna aliqua. Ut enim ad minim veniam, quis nostrud exercitation ullamco"
            text run at (551,165) width 205 RTL override: "incididunt ut labore et dolore "
            text run at (606,197) width 150 RTL override: "laboris nisi ut aliquip."
layer at (14,127) size 204x23
  RenderInline (relative positioned) {SPAN} at (0,0) size 204x23 [border: (1px solid #0000FF) (10px solid #FFA500) (1px solid #0000FF) (10px solid #008000)]
    RenderText {#text} at (181,5) size 149x21
      text run at (181,5) width 149: "sit amet, consectetur "
layer at (14,175) size 718x119
  RenderInline (relative positioned) {SPAN} at (0,0) size 718x119 [border: (1px solid #0000FF) (10px solid #FFA500) (1px solid #0000FF) (10px solid #008000)]
    RenderText {#text} at (624,37) size 718x117
      text run at (624,37) width 94: "laboris nisi ut"
      text run at (0,69) width 532: "aliquip ex ea commodo consequat. Duis aute irure dolor in reprehenderit in "
      text run at (532,69) width 182: "voluptate velit esse cillum"
      text run at (0,101) width 457: "dolore eu fugiat nulla pariatur. Excepteur sint occaecat cupidatat "
      text run at (457,101) width 259: "non proident, sunt in culpa qui officia"
      text run at (0,133) width 255: "deserunt mollit anim id est laborum. "
layer at (14,484) size 204x23
  RenderInline (relative positioned) {SPAN} at (0,0) size 204x23 [border: (1px solid #0000FF) (10px solid #FFA500) (1px solid #0000FF) (10px solid #008000)]
    RenderText {#text} at (426,5) size 149x21
      text run at (426,5) width 149 RTL override: "sit amet, consectetur "
layer at (14,532) size 718x119
  RenderInline (relative positioned) {SPAN} at (0,0) size 718x119 [border: (1px solid #0000FF) (10px solid #FFA500) (1px solid #0000FF) (10px solid #008000)]
    RenderText {#text} at (38,37) size 718x117
      text run at (38,37) width 94 RTL override: "laboris nisi ut"
      text run at (42,69) width 182 RTL override: "voluptate velit esse cillum"
      text run at (224,69) width 532 RTL override: "aliquip ex ea commodo consequat. Duis aute irure dolor in reprehenderit in "
      text run at (40,101) width 259 RTL override: "non proident, sunt in culpa qui officia"
      text run at (299,101) width 457 RTL override: "dolore eu fugiat nulla pariatur. Excepteur sint occaecat cupidatat "
      text run at (501,133) width 255 RTL override: "deserunt mollit anim id est laborum. "
