layer at (0,0) size 800x600
  RenderView at (0,0) size 800x600
layer at (0,0) size 800x600
  RenderBlock {HTML} at (0,0) size 800x600
    RenderBody {BODY} at (8,8) size 784x584
      RenderBlock {P} at (0,0) size 784x21
        RenderText {#text} at (0,0) size 550x21
          text run at (0,0) width 550: "In the pixel result, the green boxes should be coincident with the black outline."
      RenderBlock {DIV} at (0,37) size 202x202 [border: (1px solid #EEEEEE)]
      RenderBlock {DIV} at (0,239) size 202x202 [border: (1px solid #EEEEEE)]
      RenderBlock {DIV} at (0,441) size 784x42
        RenderText {#text} at (0,0) size 661x21
          text run at (0,0) width 661: "PASS - \"-webkit-transform.0\" property for \"inner1\" element at 0.5s saw something close to: 1.5"
        RenderBR {BR} at (661,16) size 0x0
        RenderText {#text} at (0,21) size 661x21
          text run at (0,21) width 661: "PASS - \"-webkit-transform.0\" property for \"inner2\" element at 0.5s saw something close to: 1.5"
        RenderBR {BR} at (661,37) size 0x0
layer at (34,71) size 150x150
  RenderBlock (positioned) {DIV} at (34,71) size 150x150 [border: (1px solid #000000)]
layer at (59,96) size 100x100
  RenderBlock {DIV} at (51,51) size 100x100 [bgcolor=#008000]
layer at (34,273) size 150x150
  RenderBlock (positioned) {DIV} at (34,273) size 150x150 [border: (1px solid #000000)]
layer at (59,298) size 100x100
  RenderBlock {DIV} at (51,51) size 100x100 [bgcolor=#008000]
