layer at (0,0) size 800x600
  RenderView at (0,0) size 800x600
layer at (0,0) size 800x600
  RenderBlock {HTML} at (0,0) size 800x600
    RenderBody {BODY} at (8,8) size 784x584
      RenderBlock {P} at (0,0) size 784x21
        RenderText {#text} at (0,0) size 675x21
          text run at (0,0) width 675: "Check the pixel result to make sure that the gray square is half way through the scale animation."
      RenderBlock {DIV} at (0,37) size 202x202 [border: (1px solid #000000)]
      RenderBlock {DIV} at (0,239) size 784x21
        RenderText {#text} at (0,0) size 652x21
          text run at (0,0) width 652: "PASS - \"-webkit-transform.0\" property for \"inner\" element at 0.5s saw something close to: 0.5"
        RenderBR {BR} at (652,16) size 0x0
layer at (9,46) size 200x200
  RenderBlock {DIV} at (1,1) size 200x200 [bgcolor=#808080]
