layer at (0,0) size 800x600
  RenderView at (0,0) size 800x600
layer at (0,0) size 800x600
  RenderBlock {HTML} at (0,0) size 800x600
    RenderBody {BODY} at (8,8) size 784x584
      RenderBlock {FORM} at (0,0) size 784x26
        RenderMenuList {SELECT} at (2,3) size 91x20 [bgcolor=#DDDDDD] [border: (1px solid #000000)]
          RenderBlock (anonymous) at (1,1) size 89x18
            RenderText at (4,1) size 66x16
              text run at (4,1) width 66: "append cell"
        RenderText {#text} at (95,3) size 51x19
          text run at (95,3) width 51: "   tbody "
        RenderTextControl {INPUT} at (148,2) size 63x22 [bgcolor=#FFFFFF] [border: (2px inset #000000)]
        RenderText {#text} at (213,3) size 40x19
          text run at (213,3) width 40: "   row "
        RenderTextControl {INPUT} at (255,2) size 63x22 [bgcolor=#FFFFFF] [border: (2px inset #000000)]
        RenderText {#text} at (320,3) size 34x19
          text run at (320,3) width 34: "   col "
        RenderTextControl {INPUT} at (356,2) size 63x22 [bgcolor=#FFFFFF] [border: (2px inset #000000)]
        RenderText {#text} at (421,3) size 72x19
          text run at (421,3) width 72: "   row span "
        RenderTextControl {INPUT} at (495,2) size 63x22 [bgcolor=#FFFFFF] [border: (2px inset #000000)]
        RenderText {#text} at (560,3) size 66x19
          text run at (560,3) width 66: "   col span "
        RenderTextControl {INPUT} at (628,2) size 63x22 [bgcolor=#FFFFFF] [border: (2px inset #000000)]
        RenderText {#text} at (693,3) size 20x19
          text run at (693,3) width 20: "     "
        RenderButton {INPUT} at (715,2) size 43x22 [bgcolor=#DDDDDD] [border: (2px outset #DDDDDD)]
          RenderBlock (anonymous) at (8,3) size 27x16
            RenderText at (0,0) size 27x16
              text run at (0,0) width 27: "Do It"
        RenderText {#text} at (0,0) size 0x0
      RenderBlock (anonymous) at (0,42) size 784x20
        RenderBR {BR} at (0,0) size 0x19
      RenderTable {TABLE} at (0,62) size 62x56 [bgcolor=#FFA500] [border: (1px outset #808080)]
        RenderTableSection {TBODY} at (1,1) size 60x54
          RenderTableRow {TR} at (0,2) size 60x24
            RenderTableCell {TD} at (2,2) size 27x24 [border: (1px inset #808080)] [r=0 c=0 rs=1 cs=1]
              RenderText {#text} at (2,2) size 23x19
                text run at (2,2) width 23: "c11"
          RenderTableRow {TR} at (0,28) size 60x24
            RenderTableCell {TD} at (2,28) size 27x24 [border: (1px inset #808080)] [r=1 c=0 rs=1 cs=1]
              RenderText {#text} at (2,2) size 23x19
                text run at (2,2) width 23: "c21"
            RenderTableCell {TD} at (31,28) size 27x24 [border: (1px inset #808080)] [r=1 c=1 rs=1 cs=1]
              RenderText {#text} at (2,2) size 23x19
                text run at (2,2) width 23: "c22"
      RenderBlock (anonymous) at (0,118) size 784x20
        RenderBR {BR} at (0,0) size 0x19
layer at (158,13) size 59x16
  RenderBlock {DIV} at (2,3) size 59x16
    RenderText {#text} at (0,0) size 7x16
      text run at (0,0) width 7: "0"
layer at (265,13) size 59x16
  RenderBlock {DIV} at (2,3) size 59x16
    RenderText {#text} at (0,0) size 7x16
      text run at (0,0) width 7: "0"
layer at (366,13) size 59x16
  RenderBlock {DIV} at (2,3) size 59x16
    RenderText {#text} at (0,0) size 7x16
      text run at (0,0) width 7: "0"
layer at (505,13) size 59x16
  RenderBlock {DIV} at (2,3) size 59x16
    RenderText {#text} at (0,0) size 7x16
      text run at (0,0) width 7: "1"
layer at (638,13) size 59x16
  RenderBlock {DIV} at (2,3) size 59x16
    RenderText {#text} at (0,0) size 7x16
      text run at (0,0) width 7: "1"
