layer at (0,0) size 800x600
  RenderView at (0,0) size 800x600
layer at (0,0) size 800x600
  RenderBlock {HTML} at (0,0) size 800x600
    RenderBody {BODY} at (8,8) size 784x584
      RenderBlock {DIV} at (0,0) size 784x154
        RenderBlock {DIV} at (0,0) size 106x54 [border: (3px solid #000000)]
          RenderText {#text} at (3,6) size 79x17
            text run at (3,6) width 79: "a. b. "
          RenderInline {SPAN} at (0,0) size 5x17
            RenderText {#text} at (82,6) size 5x17
              text run at (82,6) width 5: "i"
          RenderText {#text} at (87,6) size 100x41
            text run at (87,6) width 16: "\x{306F}"
            text run at (3,30) width 63: "xxxxxxx"
        RenderBlock {DIV} at (0,62) size 106x54 [border: (3px solid #000000)]
          RenderText {#text} at (3,6) size 100x41
            text run at (3,6) width 100: "a. b. i\x{306F}"
            text run at (3,30) width 63: "xxxxxxx"
        RenderBlock {DIV} at (0,124) size 106x30 [border: (3px solid #000000)]
          RenderText {#text} at (3,6) size 237x17
            text run at (3,6) width 237: "xxxxxxxxxxxxxxxxxxxxx\x{FF08}\x{624B}\x{FF09}"
      RenderBlock {DIV} at (0,162) size 784x154
        RenderBlock {DIV} at (0,0) size 106x54 [border: (3px solid #000000)]
          RenderText {#text} at (3,6) size 79x17
            text run at (3,6) width 79: "a. b. "
          RenderInline {SPAN} at (0,0) size 5x17
            RenderText {#text} at (82,6) size 5x17
              text run at (82,6) width 5: "i"
          RenderText {#text} at (87,6) size 100x41
            text run at (87,6) width 16: "\x{306F}"
            text run at (3,30) width 63: "xxxxxxx"
        RenderBlock {DIV} at (0,62) size 106x54 [border: (3px solid #000000)]
          RenderText {#text} at (3,6) size 100x41
            text run at (3,6) width 100: "a. b. i\x{306F}"
            text run at (3,30) width 63: "xxxxxxx"
        RenderBlock {DIV} at (0,124) size 106x30 [border: (3px solid #000000)]
          RenderText {#text} at (3,6) size 237x17
            text run at (3,6) width 237: "xxxxxxxxxxxxxxxxxxxxx\x{FF08}\x{624B}\x{FF09}"
