layer at (0,0) size 800x600
  RenderView at (0,0) size 800x600
layer at (0,0) size 800x600
  RenderBlock {HTML} at (0,0) size 800x600
    RenderBody {BODY} at (8,8) size 784x576
      RenderBlock {CENTER} at (0,0) size 784x188
        RenderTable {TABLE} at (336,0) size 112x96 [border: none]
          RenderTableSection {THEAD} at (0,0) size 111x24
            RenderTableRow {TR} at (0,0) size 111x24
              RenderTableCell {TD} at (0,0) size 38x24 [border: none none none (1px solid #808080)] [r=0 c=0 rs=1 cs=1]
                RenderText {#text} at (2,1) size 31x22
                  text run at (2,1) width 31: "EST"
              RenderTableCell {TD} at (38,0) size 32x24 [border: none none none (1px solid #808080)] [r=0 c=1 rs=1 cs=1]
                RenderText {#text} at (2,1) size 29x22
                  text run at (2,1) width 29: "1am"
              RenderTableCell {TD} at (70,0) size 41x24 [border: none none none (1px solid #808080)] [r=0 c=2 rs=1 cs=1]
                RenderText {#text} at (2,1) size 30x22
                  text run at (2,1) width 30: "8pm"
          RenderTableSection {TBODY} at (0,24) size 111x48
            RenderTableRow {TR} at (0,0) size 111x24
              RenderTableCell {TD} at (0,0) size 38x24 [border: none none none (1px solid #808080)] [r=0 c=0 rs=1 cs=1]
                RenderText {#text} at (2,1) size 32x22
                  text run at (2,1) width 32: "CST"
              RenderTableCell {TD} at (38,0) size 32x24 [border: none none none (1px solid #808080)] [r=0 c=1 rs=1 cs=1]
                RenderText {#text} at (2,1) size 29x22
                  text run at (2,1) width 29: "2am"
              RenderTableCell {TD} at (70,0) size 41x24 [border: none none none (1px solid #808080)] [r=0 c=2 rs=1 cs=1]
                RenderText {#text} at (2,1) size 30x22
                  text run at (2,1) width 30: "9pm"
            RenderTableRow {TR} at (0,24) size 111x24
              RenderTableCell {TD} at (0,24) size 38x24 [border: none none none (1px solid #808080)] [r=1 c=0 rs=1 cs=1]
                RenderText {#text} at (2,1) size 35x22
                  text run at (2,1) width 35: "MST"
              RenderTableCell {TD} at (38,24) size 32x24 [border: none none none (1px solid #808080)] [r=1 c=1 rs=1 cs=1]
                RenderText {#text} at (2,1) size 29x22
                  text run at (2,1) width 29: "3am"
              RenderTableCell {TD} at (70,24) size 41x24 [border: none none none (1px solid #808080)] [r=1 c=2 rs=1 cs=1]
                RenderText {#text} at (2,1) size 38x22
                  text run at (2,1) width 38: "10pm"
          RenderTableSection {TFOOT} at (0,72) size 111x24
            RenderTableRow {TR} at (0,0) size 111x24
              RenderTableCell {TD} at (0,0) size 38x24 [border: none none none (1px solid #808080)] [r=0 c=0 rs=1 cs=1]
                RenderText {#text} at (2,1) size 30x22
                  text run at (2,1) width 30: "PST"
              RenderTableCell {TD} at (38,0) size 32x24 [border: none none none (1px solid #808080)] [r=0 c=1 rs=1 cs=1]
                RenderText {#text} at (2,1) size 29x22
                  text run at (2,1) width 29: "4am"
              RenderTableCell {TD} at (70,0) size 41x24 [border: none none none (1px solid #808080)] [r=0 c=2 rs=1 cs=1]
                RenderText {#text} at (2,1) size 38x22
                  text run at (2,1) width 38: "11pm"
        RenderBlock {P} at (0,112) size 784x76
          RenderButton {BUTTON} at (239,2) size 89x34 [bgcolor=#C0C0C0]
            RenderBlock (anonymous) at (6,6) size 77x22
              RenderText {#text} at (0,0) size 77x22
                text run at (0,0) width 24: "No "
                text run at (24,0) width 53: "borders"
          RenderButton {BUTTON} at (332,2) size 120x34 [bgcolor=#C0C0C0]
            RenderBlock (anonymous) at (6,6) size 108x22
              RenderText {#text} at (0,0) size 108x22
                text run at (0,0) width 61: "Exterior "
                text run at (61,0) width 47: "border"
          RenderButton {BUTTON} at (456,2) size 89x34 [bgcolor=#C0C0C0]
            RenderBlock (anonymous) at (6,6) size 77x22
              RenderText {#text} at (0,0) size 77x22
                text run at (0,0) width 24: "All "
                text run at (24,0) width 53: "borders"
          RenderBR {BR} at (547,24) size 0x0
          RenderButton {BUTTON} at (197,40) size 124x34 [bgcolor=#C0C0C0]
            RenderBlock (anonymous) at (6,6) size 112x22
              RenderText {#text} at (0,0) size 112x22
                text run at (0,0) width 59: "Column "
                text run at (59,0) width 53: "borders"
          RenderButton {BUTTON} at (325,40) size 120x34 [bgcolor=#C0C0C0]
            RenderBlock (anonymous) at (6,6) size 108x22
              RenderText {#text} at (0,0) size 108x22
                text run at (0,0) width 55: "Groups "
                text run at (55,0) width 53: "borders"
          RenderButton {BUTTON} at (449,40) size 139x34 [bgcolor=#C0C0C0]
            RenderBlock (anonymous) at (6,6) size 127x22
              RenderText {#text} at (0,0) size 127x22
                text run at (0,0) width 43: "Table "
                text run at (43,0) width 84: "row borders"
          RenderText {#text} at (0,0) size 0x0
