layer at (0,0) size 800x600
  RenderView at (0,0) size 800x600
layer at (0,0) size 800x330
  RenderBlock {html} at (0,0) size 800x330
    RenderBody {body} at (8,16) size 784x298
      RenderBlock {p} at (0,0) size 784x31
        RenderText {#text} at (0,5) size 49x18
          text run at (0,5) width 49: "simple: "
        RenderMathMLMath {math} at (49,0) size 12x32 [padding: 0 1 0 1]
          RenderMathMLFraction {mfrac} at (2,0) size 8x32
            RenderMathMLBlock (anonymous, flex) at (0,0) size 8x16
              RenderBlock {mn} at (0,0) size 8x12
                RenderText {#text} at (0,-6) size 8x24
                  text run at (0,-6) width 8: "1"
            RenderMathMLBlock (anonymous, flex) at (0,15) size 8x17 [padding: 1 0 0 0]
              RenderBlock {mn} at (0,4) size 8x13
                RenderText {#text} at (0,-6) size 8x24
                  text run at (0,-6) width 8: "2"
      RenderBlock {p} at (0,47) size 784x31
        RenderText {#text} at (0,5) size 197x18
          text run at (0,5) width 197: "more complex (should be red): "
        RenderMathMLMath {math} at (197,0) size 38x32 [padding: 0 1 0 1]
          RenderMathMLFraction {mfrac} at (2,0) size 34x32 [color=#FF0000]
            RenderMathMLBlock (anonymous, flex) at (0,0) size 34x16
              RenderMathMLRow {mrow} at (0,0) size 34x12
                RenderBlock {mi} at (0,3) size 9x9
                  RenderText {#text} at (0,-9) size 7x24
                    text run at (0,-9) width 7: "x"
                RenderMathMLOperator {mo} at (11,2) size 12x10
                  RenderMathMLBlock (flex) {mo} at (0,0) size 11x10
                    RenderBlock (anonymous) at (0,0) size 11x10
                      RenderText {mo} at (0,-8) size 11x24
                        text run at (0,-8) width 11: "+"
                RenderBlock {mn} at (25,0) size 9x12
                  RenderText {#text} at (0,-6) size 8x24
                    text run at (0,-6) width 8: "1"
            RenderMathMLBlock (anonymous, flex) at (0,15) size 34x17 [padding: 1 0 0 0]
              RenderMathMLRow {mrow} at (0,4) size 34x13
                RenderBlock {mi} at (0,3) size 9x9
                  RenderText {#text} at (0,-9) size 7x24
                    text run at (0,-9) width 7: "x"
                RenderMathMLOperator {mo} at (11,2) size 12x10
                  RenderMathMLBlock (flex) {mo} at (0,0) size 11x10
                    RenderBlock (anonymous) at (0,0) size 11x10
                      RenderText {mo} at (0,-8) size 11x24
                        text run at (0,-8) width 11: "+"
                RenderBlock {mn} at (25,0) size 9x12
                  RenderText {#text} at (0,-6) size 8x24
                    text run at (0,-6) width 8: "2"
        RenderText {#text} at (0,0) size 0x0
      RenderBlock {p} at (0,94) size 784x37
        RenderText {#text} at (0,8) size 31x18
          text run at (0,8) width 31: "text: "
        RenderMathMLMath {math} at (31,0) size 124x38 [padding: 0 1 0 1]
          RenderMathMLFraction {mfrac} at (2,0) size 120x38
            RenderMathMLBlock (anonymous, flex) at (0,0) size 120x19
              RenderBlock {mtext} at (10,0) size 100x15
                RenderText {#text} at (0,-6) size 99x24
                  text run at (0,-6) width 99: "number of bugs"
            RenderMathMLBlock (anonymous, flex) at (0,18) size 120x20 [padding: 1 0 0 0]
              RenderBlock {mtext} at (0,4) size 120x16
                RenderText {#text} at (0,-6) size 120x24
                  text run at (0,-6) width 120: "number of changes"
        RenderText {#text} at (0,0) size 0x0
      RenderBlock {p} at (0,147) size 784x61
        RenderText {#text} at (0,25) size 173x18
          text run at (0,25) width 173: "line thickness by keyword: "
        RenderMathMLMath {math} at (173,0) size 56x62 [padding: 0 1 0 1]
          RenderMathMLFraction {mfrac} at (2,2) size 16x59
            RenderMathMLBlock (anonymous, flex) at (0,0) size 16x30
              RenderBlock {mn} at (0,0) size 16x23
                RenderText {#text} at (0,-12) size 16x49
                  text run at (0,-12) width 16: "1"
            RenderMathMLBlock (anonymous, flex) at (0,29) size 16x30
              RenderBlock {mn} at (0,6) size 16x24
                RenderText {#text} at (0,-12) size 16x49
                  text run at (0,-12) width 16: "2"
          RenderMathMLFraction {mfrac} at (20,2) size 16x60
            RenderMathMLBlock (anonymous, flex) at (0,0) size 16x30
              RenderBlock {mn} at (0,0) size 16x23
                RenderText {#text} at (0,-12) size 16x49
                  text run at (0,-12) width 16: "1"
            RenderMathMLBlock (anonymous, flex) at (0,29) size 16x31 [padding: 1 0 0 0]
              RenderBlock {mn} at (0,7) size 16x24
                RenderText {#text} at (0,-12) size 16x49
                  text run at (0,-12) width 16: "2"
          RenderMathMLFraction {mfrac} at (38,0) size 16x62
            RenderMathMLBlock (anonymous, flex) at (0,0) size 16x30
              RenderBlock {mn} at (0,0) size 16x23
                RenderText {#text} at (0,-12) size 16x49
                  text run at (0,-12) width 16: "1"
            RenderMathMLBlock (anonymous, flex) at (0,29) size 16x33 [padding: 3 0 0 0]
              RenderBlock {mn} at (0,9) size 16x24
                RenderText {#text} at (0,-12) size 16x49
                  text run at (0,-12) width 16: "2"
        RenderText {#text} at (0,0) size 0x0
      RenderBlock {p} at (0,224) size 784x29
        RenderText {#text} at (0,2) size 138x18
          text run at (0,2) width 138: "numerator alignment: "
        RenderMathMLMath {math} at (138,0) size 114x30 [padding: 0 1 0 1]
          RenderMathMLFraction {mfrac} at (2,0) size 110x30
            RenderMathMLBlock (anonymous, flex) at (0,0) size 110x13
              RenderBlock {mi} at (0,0) size 9x9
                RenderText {#text} at (0,-9) size 7x24
                  text run at (0,-9) width 7: "x"
            RenderMathMLBlock (anonymous, flex) at (0,12) size 110x18 [padding: 1 0 0 0]
              RenderMathMLRow {mrow} at (0,4) size 110x14
                RenderBlock {mn} at (0,1) size 8x12
                  RenderText {#text} at (0,-6) size 8x24
                    text run at (0,-6) width 8: "1"
                RenderMathMLOperator {mo} at (11,3) size 12x10
                  RenderMathMLBlock (flex) {mo} at (0,0) size 11x10
                    RenderBlock (anonymous) at (0,0) size 11x10
                      RenderText {mo} at (0,-8) size 11x24
                        text run at (0,-8) width 11: "+"
                RenderBlock {mn} at (25,1) size 9x12
                  RenderText {#text} at (0,-6) size 8x24
                    text run at (0,-6) width 8: "2"
                RenderMathMLOperator {mo} at (36,3) size 12x10
                  RenderMathMLBlock (flex) {mo} at (0,0) size 11x10
                    RenderBlock (anonymous) at (0,0) size 11x10
                      RenderText {mo} at (0,-8) size 11x24
                        text run at (0,-8) width 11: "+"
                RenderBlock {mn} at (50,1) size 9x12
                  RenderText {#text} at (0,-6) size 8x24
                    text run at (0,-6) width 8: "3"
                RenderMathMLOperator {mo} at (61,3) size 12x10
                  RenderMathMLBlock (flex) {mo} at (0,0) size 11x10
                    RenderBlock (anonymous) at (0,0) size 11x10
                      RenderText {mo} at (0,-8) size 11x24
                        text run at (0,-8) width 11: "+"
                RenderBlock {mn} at (76,1) size 9x12
                  RenderText {#text} at (0,-6) size 8x24
                    text run at (0,-6) width 8: "4"
                RenderMathMLOperator {mo} at (87,3) size 12x10
                  RenderMathMLBlock (flex) {mo} at (0,0) size 11x10
                    RenderBlock (anonymous) at (0,0) size 11x10
                      RenderText {mo} at (0,-8) size 11x24
                        text run at (0,-8) width 11: "+"
                RenderBlock {mn} at (101,0) size 9x13
                  RenderText {#text} at (0,-5) size 8x24
                    text run at (0,-5) width 8: "5"
        RenderText {#text} at (251,2) size 5x18
          text run at (251,2) width 5: " "
        RenderMathMLMath {math} at (255,0) size 114x30 [padding: 0 1 0 1]
          RenderMathMLFraction {mfrac} at (2,0) size 110x30
            RenderMathMLBlock (anonymous, flex) at (0,0) size 110x13
              RenderBlock {mi} at (50,0) size 10x9
                RenderText {#text} at (0,-9) size 7x24
                  text run at (0,-9) width 7: "x"
            RenderMathMLBlock (anonymous, flex) at (0,12) size 110x18 [padding: 1 0 0 0]
              RenderMathMLRow {mrow} at (0,4) size 110x14
                RenderBlock {mn} at (0,1) size 8x12
                  RenderText {#text} at (0,-6) size 8x24
                    text run at (0,-6) width 8: "1"
                RenderMathMLOperator {mo} at (11,3) size 12x10
                  RenderMathMLBlock (flex) {mo} at (0,0) size 11x10
                    RenderBlock (anonymous) at (0,0) size 11x10
                      RenderText {mo} at (0,-8) size 11x24
                        text run at (0,-8) width 11: "+"
                RenderBlock {mn} at (25,1) size 9x12
                  RenderText {#text} at (0,-6) size 8x24
                    text run at (0,-6) width 8: "2"
                RenderMathMLOperator {mo} at (36,3) size 12x10
                  RenderMathMLBlock (flex) {mo} at (0,0) size 11x10
                    RenderBlock (anonymous) at (0,0) size 11x10
                      RenderText {mo} at (0,-8) size 11x24
                        text run at (0,-8) width 11: "+"
                RenderBlock {mn} at (50,1) size 9x12
                  RenderText {#text} at (0,-6) size 8x24
                    text run at (0,-6) width 8: "3"
                RenderMathMLOperator {mo} at (61,3) size 12x10
                  RenderMathMLBlock (flex) {mo} at (0,0) size 11x10
                    RenderBlock (anonymous) at (0,0) size 11x10
                      RenderText {mo} at (0,-8) size 11x24
                        text run at (0,-8) width 11: "+"
                RenderBlock {mn} at (76,1) size 9x12
                  RenderText {#text} at (0,-6) size 8x24
                    text run at (0,-6) width 8: "4"
                RenderMathMLOperator {mo} at (87,3) size 12x10
                  RenderMathMLBlock (flex) {mo} at (0,0) size 11x10
                    RenderBlock (anonymous) at (0,0) size 11x10
                      RenderText {mo} at (0,-8) size 11x24
                        text run at (0,-8) width 11: "+"
                RenderBlock {mn} at (101,0) size 9x13
                  RenderText {#text} at (0,-5) size 8x24
                    text run at (0,-5) width 8: "5"
        RenderText {#text} at (369,2) size 4x18
          text run at (369,2) width 4: " "
        RenderMathMLMath {math} at (373,0) size 114x30 [padding: 0 1 0 1]
          RenderMathMLFraction {mfrac} at (2,0) size 110x30
            RenderMathMLBlock (anonymous, flex) at (0,0) size 110x13
              RenderBlock {mi} at (100,0) size 10x9
                RenderText {#text} at (0,-9) size 7x24
                  text run at (0,-9) width 7: "x"
            RenderMathMLBlock (anonymous, flex) at (0,12) size 110x18 [padding: 1 0 0 0]
              RenderMathMLRow {mrow} at (0,4) size 110x14
                RenderBlock {mn} at (0,1) size 8x12
                  RenderText {#text} at (0,-6) size 8x24
                    text run at (0,-6) width 8: "1"
                RenderMathMLOperator {mo} at (11,3) size 12x10
                  RenderMathMLBlock (flex) {mo} at (0,0) size 11x10
                    RenderBlock (anonymous) at (0,0) size 11x10
                      RenderText {mo} at (0,-8) size 11x24
                        text run at (0,-8) width 11: "+"
                RenderBlock {mn} at (25,1) size 9x12
                  RenderText {#text} at (0,-6) size 8x24
                    text run at (0,-6) width 8: "2"
                RenderMathMLOperator {mo} at (36,3) size 12x10
                  RenderMathMLBlock (flex) {mo} at (0,0) size 11x10
                    RenderBlock (anonymous) at (0,0) size 11x10
                      RenderText {mo} at (0,-8) size 11x24
                        text run at (0,-8) width 11: "+"
                RenderBlock {mn} at (50,1) size 9x12
                  RenderText {#text} at (0,-6) size 8x24
                    text run at (0,-6) width 8: "3"
                RenderMathMLOperator {mo} at (61,3) size 12x10
                  RenderMathMLBlock (flex) {mo} at (0,0) size 11x10
                    RenderBlock (anonymous) at (0,0) size 11x10
                      RenderText {mo} at (0,-8) size 11x24
                        text run at (0,-8) width 11: "+"
                RenderBlock {mn} at (76,1) size 9x12
                  RenderText {#text} at (0,-6) size 8x24
                    text run at (0,-6) width 8: "4"
                RenderMathMLOperator {mo} at (87,3) size 12x10
                  RenderMathMLBlock (flex) {mo} at (0,0) size 11x10
                    RenderBlock (anonymous) at (0,0) size 11x10
                      RenderText {mo} at (0,-8) size 11x24
                        text run at (0,-8) width 11: "+"
                RenderBlock {mn} at (101,0) size 9x13
                  RenderText {#text} at (0,-5) size 8x24
                    text run at (0,-5) width 8: "5"
        RenderText {#text} at (0,0) size 0x0
      RenderBlock {p} at (0,269) size 784x29
        RenderText {#text} at (0,6) size 153x18
          text run at (0,6) width 153: "denominator alignment: "
        RenderMathMLMath {math} at (153,0) size 114x30 [padding: 0 1 0 1]
          RenderMathMLFraction {mfrac} at (2,0) size 110x30
            RenderMathMLBlock (anonymous, flex) at (0,0) size 110x17
              RenderMathMLRow {mrow} at (0,0) size 110x13
                RenderBlock {mn} at (0,1) size 8x12
                  RenderText {#text} at (0,-6) size 8x24
                    text run at (0,-6) width 8: "1"
                RenderMathMLOperator {mo} at (11,3) size 12x10
                  RenderMathMLBlock (flex) {mo} at (0,0) size 11x10
                    RenderBlock (anonymous) at (0,0) size 11x10
                      RenderText {mo} at (0,-8) size 11x24
                        text run at (0,-8) width 11: "+"
                RenderBlock {mn} at (25,1) size 9x12
                  RenderText {#text} at (0,-6) size 8x24
                    text run at (0,-6) width 8: "2"
                RenderMathMLOperator {mo} at (36,3) size 12x10
                  RenderMathMLBlock (flex) {mo} at (0,0) size 11x10
                    RenderBlock (anonymous) at (0,0) size 11x10
                      RenderText {mo} at (0,-8) size 11x24
                        text run at (0,-8) width 11: "+"
                RenderBlock {mn} at (50,1) size 9x12
                  RenderText {#text} at (0,-6) size 8x24
                    text run at (0,-6) width 8: "3"
                RenderMathMLOperator {mo} at (61,3) size 12x10
                  RenderMathMLBlock (flex) {mo} at (0,0) size 11x10
                    RenderBlock (anonymous) at (0,0) size 11x10
                      RenderText {mo} at (0,-8) size 11x24
                        text run at (0,-8) width 11: "+"
                RenderBlock {mn} at (76,1) size 9x12
                  RenderText {#text} at (0,-6) size 8x24
                    text run at (0,-6) width 8: "4"
                RenderMathMLOperator {mo} at (87,3) size 12x10
                  RenderMathMLBlock (flex) {mo} at (0,0) size 11x10
                    RenderBlock (anonymous) at (0,0) size 11x10
                      RenderText {mo} at (0,-8) size 11x24
                        text run at (0,-8) width 11: "+"
                RenderBlock {mn} at (101,0) size 9x13
                  RenderText {#text} at (0,-5) size 8x24
                    text run at (0,-5) width 8: "5"
            RenderMathMLBlock (anonymous, flex) at (0,16) size 110x14 [padding: 1 0 0 0]
              RenderBlock {mi} at (0,4) size 9x10
                RenderText {#text} at (0,-9) size 7x24
                  text run at (0,-9) width 7: "x"
        RenderText {#text} at (266,6) size 5x18
          text run at (266,6) width 5: " "
        RenderMathMLMath {math} at (270,0) size 114x30 [padding: 0 1 0 1]
          RenderMathMLFraction {mfrac} at (2,0) size 110x30
            RenderMathMLBlock (anonymous, flex) at (0,0) size 110x17
              RenderMathMLRow {mrow} at (0,0) size 110x13
                RenderBlock {mn} at (0,1) size 8x12
                  RenderText {#text} at (0,-6) size 8x24
                    text run at (0,-6) width 8: "1"
                RenderMathMLOperator {mo} at (11,3) size 12x10
                  RenderMathMLBlock (flex) {mo} at (0,0) size 11x10
                    RenderBlock (anonymous) at (0,0) size 11x10
                      RenderText {mo} at (0,-8) size 11x24
                        text run at (0,-8) width 11: "+"
                RenderBlock {mn} at (25,1) size 9x12
                  RenderText {#text} at (0,-6) size 8x24
                    text run at (0,-6) width 8: "2"
                RenderMathMLOperator {mo} at (36,3) size 12x10
                  RenderMathMLBlock (flex) {mo} at (0,0) size 11x10
                    RenderBlock (anonymous) at (0,0) size 11x10
                      RenderText {mo} at (0,-8) size 11x24
                        text run at (0,-8) width 11: "+"
                RenderBlock {mn} at (50,1) size 9x12
                  RenderText {#text} at (0,-6) size 8x24
                    text run at (0,-6) width 8: "3"
                RenderMathMLOperator {mo} at (61,3) size 12x10
                  RenderMathMLBlock (flex) {mo} at (0,0) size 11x10
                    RenderBlock (anonymous) at (0,0) size 11x10
                      RenderText {mo} at (0,-8) size 11x24
                        text run at (0,-8) width 11: "+"
                RenderBlock {mn} at (76,1) size 9x12
                  RenderText {#text} at (0,-6) size 8x24
                    text run at (0,-6) width 8: "4"
                RenderMathMLOperator {mo} at (87,3) size 12x10
                  RenderMathMLBlock (flex) {mo} at (0,0) size 11x10
                    RenderBlock (anonymous) at (0,0) size 11x10
                      RenderText {mo} at (0,-8) size 11x24
                        text run at (0,-8) width 11: "+"
                RenderBlock {mn} at (101,0) size 9x13
                  RenderText {#text} at (0,-5) size 8x24
                    text run at (0,-5) width 8: "5"
            RenderMathMLBlock (anonymous, flex) at (0,16) size 110x14 [padding: 1 0 0 0]
              RenderBlock {mi} at (50,4) size 10x10
                RenderText {#text} at (0,-9) size 7x24
                  text run at (0,-9) width 7: "x"
        RenderText {#text} at (384,6) size 4x18
          text run at (384,6) width 4: " "
        RenderMathMLMath {math} at (388,0) size 114x30 [padding: 0 1 0 1]
          RenderMathMLFraction {mfrac} at (2,0) size 110x30
            RenderMathMLBlock (anonymous, flex) at (0,0) size 110x17
              RenderMathMLRow {mrow} at (0,0) size 110x13
                RenderBlock {mn} at (0,1) size 8x12
                  RenderText {#text} at (0,-6) size 8x24
                    text run at (0,-6) width 8: "1"
                RenderMathMLOperator {mo} at (11,3) size 12x10
                  RenderMathMLBlock (flex) {mo} at (0,0) size 11x10
                    RenderBlock (anonymous) at (0,0) size 11x10
                      RenderText {mo} at (0,-8) size 11x24
                        text run at (0,-8) width 11: "+"
                RenderBlock {mn} at (25,1) size 9x12
                  RenderText {#text} at (0,-6) size 8x24
                    text run at (0,-6) width 8: "2"
                RenderMathMLOperator {mo} at (36,3) size 12x10
                  RenderMathMLBlock (flex) {mo} at (0,0) size 11x10
                    RenderBlock (anonymous) at (0,0) size 11x10
                      RenderText {mo} at (0,-8) size 11x24
                        text run at (0,-8) width 11: "+"
                RenderBlock {mn} at (50,1) size 9x12
                  RenderText {#text} at (0,-6) size 8x24
                    text run at (0,-6) width 8: "3"
                RenderMathMLOperator {mo} at (61,3) size 12x10
                  RenderMathMLBlock (flex) {mo} at (0,0) size 11x10
                    RenderBlock (anonymous) at (0,0) size 11x10
                      RenderText {mo} at (0,-8) size 11x24
                        text run at (0,-8) width 11: "+"
                RenderBlock {mn} at (76,1) size 9x12
                  RenderText {#text} at (0,-6) size 8x24
                    text run at (0,-6) width 8: "4"
                RenderMathMLOperator {mo} at (87,3) size 12x10
                  RenderMathMLBlock (flex) {mo} at (0,0) size 11x10
                    RenderBlock (anonymous) at (0,0) size 11x10
                      RenderText {mo} at (0,-8) size 11x24
                        text run at (0,-8) width 11: "+"
                RenderBlock {mn} at (101,0) size 9x13
                  RenderText {#text} at (0,-5) size 8x24
                    text run at (0,-5) width 8: "5"
            RenderMathMLBlock (anonymous, flex) at (0,16) size 110x14 [padding: 1 0 0 0]
              RenderBlock {mi} at (100,4) size 10x10
                RenderText {#text} at (0,-9) size 7x24
                  text run at (0,-9) width 7: "x"
        RenderText {#text} at (0,0) size 0x0
