layer at (0,0) size 800x600
  RenderView at (0,0) size 800x600
layer at (0,0) size 800x252
  RenderBlock {html} at (0,0) size 800x252
    RenderBody {body} at (8,16) size 784x220
      RenderBlock {p} at (0,0) size 784x18
        RenderText {#text} at (0,0) size 60x18
          text run at (0,0) width 60: "operator: "
        RenderMathMLMath {math} at (60,4) size 15x14 [padding: 0 1 0 1]
          RenderMathMLOperator {mo} at (2,0) size 11x14
            RenderMathMLBlock (flex) {mo} at (0,0) size 11x14
              RenderBlock (anonymous) at (0,0) size 11x14
                RenderText {mo} at (0,-3) size 11x18
                  text run at (0,-3) width 11: "\x{2211}"
        RenderText {#text} at (75,0) size 72x18
          text run at (75,0) width 72: " , operator: "
        RenderMathMLMath {math} at (147,6) size 12x9 [padding: 0 1 0 1]
          RenderMathMLOperator {mo} at (2,0) size 8x9
            RenderMathMLBlock (flex) {mo} at (0,0) size 8x9
              RenderBlock (anonymous) at (0,0) size 8x9
                RenderText {mo} at (0,-5) size 8x18
                  text run at (0,-5) width 8: "B"
        RenderText {#text} at (159,0) size 114x18
          text run at (159,0) width 114: " , minus operator: "
        RenderMathMLMath {math} at (273,10) size 12x5 [padding: 0 1 0 1]
          RenderMathMLOperator {mo} at (2,0) size 8x5
            RenderMathMLBlock (flex) {mo} at (0,0) size 8x5
              RenderBlock (anonymous) at (0,0) size 8x5
                RenderText {mo} at (0,-9) size 8x18
                  text run at (0,-9) width 8: "\x{2212}"
        RenderText {#text} at (0,0) size 0x0
      RenderBlock {p} at (0,34) size 784x19
        RenderText {#text} at (0,0) size 60x18
          text run at (0,0) width 60: "operator: "
        RenderMathMLMath {math} at (60,1) size 19x18 [padding: 0 1 0 1]
          RenderMathMLOperator {mo} at (2,0) size 15x18
            RenderMathMLBlock (flex) {mo} at (0,0) size 15x18
              RenderBlock (anonymous) at (0,0) size 15x18
                RenderText {mo} at (0,-4) size 15x24
                  text run at (0,-4) width 15: "\x{2211}"
        RenderText {#text} at (79,0) size 72x18
          text run at (79,0) width 72: " , operator: "
        RenderMathMLMath {math} at (151,3) size 15x12 [padding: 0 1 0 1]
          RenderMathMLOperator {mo} at (2,0) size 11x12
            RenderMathMLBlock (flex) {mo} at (0,0) size 11x12
              RenderBlock (anonymous) at (0,0) size 11x12
                RenderText {mo} at (0,-6) size 11x24
                  text run at (0,-6) width 11: "B"
        RenderText {#text} at (166,0) size 114x18
          text run at (166,0) width 114: " , minus operator: "
        RenderMathMLMath {math} at (280,9) size 15x6 [padding: 0 1 0 1]
          RenderMathMLOperator {mo} at (2,0) size 11x6
            RenderMathMLBlock (flex) {mo} at (0,0) size 11x6
              RenderBlock (anonymous) at (0,0) size 11x6
                RenderText {mo} at (0,-12) size 11x24
                  text run at (0,-12) width 11: "\x{2212}"
        RenderText {#text} at (0,0) size 0x0
      RenderBlock {p} at (0,69) size 784x26
        RenderText {#text} at (0,5) size 60x18
          text run at (0,5) width 60: "operator: "
        RenderMathMLMath {math} at (60,0) size 28x26 [padding: 0 1 0 1]
          RenderMathMLOperator {mo} at (3,0) size 22x26
            RenderMathMLBlock (flex) {mo} at (0,0) size 22x26
              RenderBlock (anonymous) at (0,0) size 22x26
                RenderText {mo} at (0,-6) size 22x36
                  text run at (0,-6) width 22: "\x{2211}"
        RenderText {#text} at (88,5) size 72x18
          text run at (88,5) width 72: " , operator: "
        RenderMathMLMath {math} at (160,3) size 22x17 [padding: 0 1 0 1]
          RenderMathMLOperator {mo} at (3,0) size 16x17
            RenderMathMLBlock (flex) {mo} at (0,0) size 16x17
              RenderBlock (anonymous) at (0,0) size 16x17
                RenderText {mo} at (0,-9) size 16x36
                  text run at (0,-9) width 16: "B"
        RenderText {#text} at (182,5) size 114x18
          text run at (182,5) width 114: " , minus operator: "
        RenderMathMLMath {math} at (296,12) size 22x8 [padding: 0 1 0 1]
          RenderMathMLOperator {mo} at (3,0) size 16x8
            RenderMathMLBlock (flex) {mo} at (0,0) size 16x8
              RenderBlock (anonymous) at (0,0) size 16x8
                RenderText {mo} at (0,-18) size 16x36
                  text run at (0,-18) width 16: "\x{2212}"
        RenderText {#text} at (0,0) size 0x0
      RenderBlock {p} at (0,111) size 784x26
        RenderText {#text} at (0,5) size 60x18
          text run at (0,5) width 60: "operator: "
        RenderMathMLMath {math} at (60,0) size 62x26 [padding: 0 1 0 1]
          RenderMathMLOperator {mo} at (2,9) size 11x14
            RenderMathMLBlock (flex) {mo} at (0,0) size 11x14
              RenderBlock (anonymous) at (0,0) size 11x14
                RenderText {mo} at (0,-3) size 11x18
                  text run at (0,-3) width 11: "\x{2211}"
          RenderMathMLOperator {mo} at (17,6) size 15x18
            RenderMathMLBlock (flex) {mo} at (0,0) size 15x18
              RenderBlock (anonymous) at (0,0) size 15x18
                RenderText {mo} at (0,-4) size 15x24
                  text run at (0,-4) width 15: "\x{2211}"
          RenderMathMLOperator {mo} at (37,0) size 22x26
            RenderMathMLBlock (flex) {mo} at (0,0) size 22x26
              RenderBlock (anonymous) at (0,0) size 22x26
                RenderText {mo} at (0,-6) size 22x36
                  text run at (0,-6) width 22: "\x{2211}"
        RenderText {#text} at (122,5) size 72x18
          text run at (122,5) width 72: " , operator: "
        RenderMathMLMath {math} at (194,3) size 49x17 [padding: 0 1 0 1]
          RenderMathMLOperator {mo} at (2,8) size 8x9
            RenderMathMLBlock (flex) {mo} at (0,0) size 8x9
              RenderBlock (anonymous) at (0,0) size 8x9
                RenderText {mo} at (0,-5) size 8x18
                  text run at (0,-5) width 8: "B"
          RenderMathMLOperator {mo} at (14,5) size 11x12
            RenderMathMLBlock (flex) {mo} at (0,0) size 11x12
              RenderBlock (anonymous) at (0,0) size 11x12
                RenderText {mo} at (0,-6) size 11x24
                  text run at (0,-6) width 11: "B"
          RenderMathMLOperator {mo} at (30,0) size 16x17
            RenderMathMLBlock (flex) {mo} at (0,0) size 16x17
              RenderBlock (anonymous) at (0,0) size 16x17
                RenderText {mo} at (0,-9) size 16x36
                  text run at (0,-9) width 16: "B"
        RenderText {#text} at (243,5) size 114x18
          text run at (243,5) width 114: " , minus operator: "
        RenderMathMLMath {math} at (357,12) size 49x8 [padding: 0 1 0 1]
          RenderMathMLOperator {mo} at (2,3) size 8x5
            RenderMathMLBlock (flex) {mo} at (0,0) size 8x5
              RenderBlock (anonymous) at (0,0) size 8x5
                RenderText {mo} at (0,-9) size 8x18
                  text run at (0,-9) width 8: "\x{2212}"
          RenderMathMLOperator {mo} at (14,2) size 11x6
            RenderMathMLBlock (flex) {mo} at (0,0) size 11x6
              RenderBlock (anonymous) at (0,0) size 11x6
                RenderText {mo} at (0,-12) size 11x24
                  text run at (0,-12) width 11: "\x{2212}"
          RenderMathMLOperator {mo} at (30,0) size 16x8
            RenderMathMLBlock (flex) {mo} at (0,0) size 16x8
              RenderBlock (anonymous) at (0,0) size 16x8
                RenderText {mo} at (0,-18) size 16x36
                  text run at (0,-18) width 16: "\x{2212}"
        RenderText {#text} at (0,0) size 0x0
      RenderBlock {p} at (0,153) size 784x67
        RenderText {#text} at (0,22) size 60x18
          text run at (0,22) width 60: "operator: "
        RenderMathMLMath {math} at (60,0) size 127x67 [padding: 0 1 0 1]
          RenderMathMLOperator {mo} at (2,0) size 7x65
          RenderMathMLOperator {mo} at (13,0) size 10x67
          RenderMathMLOperator {mo} at (29,0) size 7x67
          RenderMathMLOperator {mo} at (42,0) size 5x67
          RenderBlock {mtext} at (50,0) size 56x52
            RenderBlock {div} at (2,0) size 52x52 [border: (1px solid #000000)]
            RenderText {#text} at (0,0) size 0x0
          RenderMathMLOperator {mo} at (109,0) size 5x67
          RenderMathMLOperator {mo} at (118,0) size 7x67
        RenderText {#text} at (0,0) size 0x0
layer at (70,169) size 7x4 scrollHeight 13
  RenderMathMLBlock (flex) {mo} at (0,0) size 7x4
    RenderBlock (anonymous) at (0,0) size 7x4
layer at (70,173) size 7x4 scrollHeight 12
  RenderMathMLBlock (flex) {mo} at (0,4) size 7x4
    RenderBlock (anonymous) at (0,0) size 7x4
      RenderText {mo} at (0,-9) size 7x21
        text run at (0,-9) width 7: "\x{23D0}"
layer at (70,177) size 7x4 scrollHeight 12
  RenderMathMLBlock (flex) {mo} at (0,8) size 7x4
    RenderBlock (anonymous) at (0,0) size 7x4
      RenderText {mo} at (0,-9) size 7x21
        text run at (0,-9) width 7: "\x{23D0}"
layer at (70,181) size 7x4 scrollHeight 12
  RenderMathMLBlock (flex) {mo} at (0,12) size 7x4
    RenderBlock (anonymous) at (0,0) size 7x4
      RenderText {mo} at (0,-9) size 7x21
        text run at (0,-9) width 7: "\x{23D0}"
layer at (70,185) size 7x4 scrollHeight 12
  RenderMathMLBlock (flex) {mo} at (0,16) size 7x4
    RenderBlock (anonymous) at (0,0) size 7x4
      RenderText {mo} at (0,-9) size 7x21
        text run at (0,-9) width 7: "\x{23D0}"
layer at (70,189) size 7x4 scrollHeight 12
  RenderMathMLBlock (flex) {mo} at (0,20) size 7x4
    RenderBlock (anonymous) at (0,0) size 7x4
      RenderText {mo} at (0,-9) size 7x21
        text run at (0,-9) width 7: "\x{23D0}"
layer at (70,193) size 7x4 scrollHeight 12
  RenderMathMLBlock (flex) {mo} at (0,24) size 7x4
    RenderBlock (anonymous) at (0,0) size 7x4
      RenderText {mo} at (0,-9) size 7x21
        text run at (0,-9) width 7: "\x{23D0}"
layer at (70,197) size 7x4 scrollHeight 12
  RenderMathMLBlock (flex) {mo} at (0,28) size 7x4
    RenderBlock (anonymous) at (0,0) size 7x4
      RenderText {mo} at (0,-9) size 7x21
        text run at (0,-9) width 7: "\x{23D0}"
layer at (70,201) size 7x4 scrollHeight 12
  RenderMathMLBlock (flex) {mo} at (0,32) size 7x4
    RenderBlock (anonymous) at (0,0) size 7x4
      RenderText {mo} at (0,-9) size 7x21
        text run at (0,-9) width 7: "\x{23D0}"
layer at (70,205) size 7x4 scrollHeight 12
  RenderMathMLBlock (flex) {mo} at (0,36) size 7x4
    RenderBlock (anonymous) at (0,0) size 7x4
      RenderText {mo} at (0,-9) size 7x21
        text run at (0,-9) width 7: "\x{23D0}"
layer at (70,209) size 7x4 scrollHeight 12
  RenderMathMLBlock (flex) {mo} at (0,40) size 7x4
    RenderBlock (anonymous) at (0,0) size 7x4
      RenderText {mo} at (0,-9) size 7x21
        text run at (0,-9) width 7: "\x{23D0}"
layer at (70,213) size 7x4 scrollHeight 12
  RenderMathMLBlock (flex) {mo} at (0,44) size 7x4
    RenderBlock (anonymous) at (0,0) size 7x4
      RenderText {mo} at (0,-9) size 7x21
        text run at (0,-9) width 7: "\x{23D0}"
layer at (70,217) size 7x4 scrollHeight 12
  RenderMathMLBlock (flex) {mo} at (0,48) size 7x4
    RenderBlock (anonymous) at (0,0) size 7x4
      RenderText {mo} at (0,-9) size 7x21
        text run at (0,-9) width 7: "\x{23D0}"
layer at (70,221) size 7x4 scrollHeight 12
  RenderMathMLBlock (flex) {mo} at (0,52) size 7x4
    RenderBlock (anonymous) at (0,0) size 7x4
      RenderText {mo} at (0,-9) size 7x21
        text run at (0,-9) width 7: "\x{23D0}"
layer at (70,225) size 7x2 scrollHeight 12
  RenderMathMLBlock (flex) {mo} at (0,56) size 7x2
    RenderBlock (anonymous) at (0,0) size 7x2
      RenderText {mo} at (0,-9) size 7x21
        text run at (0,-9) width 7: "\x{23D0}"
layer at (70,227) size 7x7 scrollHeight 12
  RenderMathMLBlock (flex) {mo} at (0,58) size 7x7
    RenderBlock (anonymous) at (0,0) size 7x7
layer at (81,169) size 10x10 scrollHeight 18
  RenderMathMLBlock (flex) {mo} at (0,0) size 10x10
    RenderBlock (anonymous) at (0,0) size 10x10
layer at (81,179) size 10x10 scrollHeight 17
  RenderMathMLBlock (flex) {mo} at (0,10) size 10x10
    RenderBlock (anonymous) at (0,0) size 10x10
      RenderText {mo} at (0,-4) size 10x21
        text run at (0,-4) width 10: "\x{23AE}"
layer at (81,189) size 10x10 scrollHeight 17
  RenderMathMLBlock (flex) {mo} at (0,20) size 10x10
    RenderBlock (anonymous) at (0,0) size 10x10
      RenderText {mo} at (0,-4) size 10x21
        text run at (0,-4) width 10: "\x{23AE}"
layer at (81,199) size 10x10 scrollHeight 17
  RenderMathMLBlock (flex) {mo} at (0,30) size 10x10
    RenderBlock (anonymous) at (0,0) size 10x10
      RenderText {mo} at (0,-4) size 10x21
        text run at (0,-4) width 10: "\x{23AE}"
layer at (81,209) size 10x10 scrollHeight 17
  RenderMathMLBlock (flex) {mo} at (0,40) size 10x10
    RenderBlock (anonymous) at (0,0) size 10x10
      RenderText {mo} at (0,-4) size 10x21
        text run at (0,-4) width 10: "\x{23AE}"
layer at (81,219) size 10x2 scrollHeight 17
  RenderMathMLBlock (flex) {mo} at (0,50) size 10x2
    RenderBlock (anonymous) at (0,0) size 10x2
      RenderText {mo} at (0,-4) size 10x21
        text run at (0,-4) width 10: "\x{23AE}"
layer at (81,221) size 10x15 scrollHeight 17
  RenderMathMLBlock (flex) {mo} at (0,52) size 10x15
    RenderBlock (anonymous) at (0,0) size 10x15
layer at (97,169) size 7x10 scrollHeight 18
  RenderMathMLBlock (flex) {mo} at (0,0) size 7x10
    RenderBlock (anonymous) at (0,0) size 7x10
layer at (97,179) size 7x10 scrollHeight 17
  RenderMathMLBlock (flex) {mo} at (0,10) size 7x10
    RenderBlock (anonymous) at (0,0) size 7x10
      RenderText {mo} at (0,-4) size 7x21
        text run at (0,-4) width 7: "\x{23AA}"
layer at (97,189) size 7x6 scrollHeight 17
  RenderMathMLBlock (flex) {mo} at (0,20) size 7x6
    RenderBlock (anonymous) at (0,0) size 7x6
      RenderText {mo} at (0,-4) size 7x21
        text run at (0,-4) width 7: "\x{23AA}"
layer at (97,195) size 7x10 scrollHeight 17
  RenderMathMLBlock (flex) {mo} at (0,26) size 7x10
    RenderBlock (anonymous) at (0,0) size 7x10
layer at (97,205) size 7x10 scrollHeight 17
  RenderMathMLBlock (flex) {mo} at (0,36) size 7x10
    RenderBlock (anonymous) at (0,0) size 7x10
      RenderText {mo} at (0,-4) size 7x21
        text run at (0,-4) width 7: "\x{23AA}"
layer at (97,215) size 7x6 scrollHeight 17
  RenderMathMLBlock (flex) {mo} at (0,46) size 7x6
    RenderBlock (anonymous) at (0,0) size 7x6
      RenderText {mo} at (0,-4) size 7x21
        text run at (0,-4) width 7: "\x{23AA}"
layer at (97,221) size 7x15 scrollHeight 17
  RenderMathMLBlock (flex) {mo} at (0,52) size 7x15
    RenderBlock (anonymous) at (0,0) size 7x15
layer at (110,169) size 5x10 scrollHeight 18
  RenderMathMLBlock (flex) {mo} at (0,0) size 5x10
    RenderBlock (anonymous) at (0,0) size 5x10
layer at (110,179) size 5x10 scrollHeight 17
  RenderMathMLBlock (flex) {mo} at (0,10) size 5x10
    RenderBlock (anonymous) at (0,0) size 5x10
      RenderText {mo} at (0,-4) size 5x21
        text run at (0,-4) width 5: "\x{23A2}"
layer at (110,189) size 5x10 scrollHeight 17
  RenderMathMLBlock (flex) {mo} at (0,20) size 5x10
    RenderBlock (anonymous) at (0,0) size 5x10
      RenderText {mo} at (0,-4) size 5x21
        text run at (0,-4) width 5: "\x{23A2}"
layer at (110,199) size 5x10 scrollHeight 17
  RenderMathMLBlock (flex) {mo} at (0,30) size 5x10
    RenderBlock (anonymous) at (0,0) size 5x10
      RenderText {mo} at (0,-4) size 5x21
        text run at (0,-4) width 5: "\x{23A2}"
layer at (110,209) size 5x10 scrollHeight 17
  RenderMathMLBlock (flex) {mo} at (0,40) size 5x10
    RenderBlock (anonymous) at (0,0) size 5x10
      RenderText {mo} at (0,-4) size 5x21
        text run at (0,-4) width 5: "\x{23A2}"
layer at (110,219) size 5x2 scrollHeight 17
  RenderMathMLBlock (flex) {mo} at (0,50) size 5x2
    RenderBlock (anonymous) at (0,0) size 5x2
      RenderText {mo} at (0,-4) size 5x21
        text run at (0,-4) width 5: "\x{23A2}"
layer at (110,221) size 5x15 scrollHeight 17
  RenderMathMLBlock (flex) {mo} at (0,52) size 5x15
    RenderBlock (anonymous) at (0,0) size 5x15
layer at (177,169) size 5x10 scrollHeight 18
  RenderMathMLBlock (flex) {mo} at (0,0) size 5x10
    RenderBlock (anonymous) at (0,0) size 5x10
layer at (177,179) size 5x10 scrollHeight 17
  RenderMathMLBlock (flex) {mo} at (0,10) size 5x10
    RenderBlock (anonymous) at (0,0) size 5x10
      RenderText {mo} at (0,-4) size 5x21
        text run at (0,-4) width 5: "\x{23A5}"
layer at (177,189) size 5x10 scrollHeight 17
  RenderMathMLBlock (flex) {mo} at (0,20) size 5x10
    RenderBlock (anonymous) at (0,0) size 5x10
      RenderText {mo} at (0,-4) size 5x21
        text run at (0,-4) width 5: "\x{23A5}"
layer at (177,199) size 5x10 scrollHeight 17
  RenderMathMLBlock (flex) {mo} at (0,30) size 5x10
    RenderBlock (anonymous) at (0,0) size 5x10
      RenderText {mo} at (0,-4) size 5x21
        text run at (0,-4) width 5: "\x{23A5}"
layer at (177,209) size 5x10 scrollHeight 17
  RenderMathMLBlock (flex) {mo} at (0,40) size 5x10
    RenderBlock (anonymous) at (0,0) size 5x10
      RenderText {mo} at (0,-4) size 5x21
        text run at (0,-4) width 5: "\x{23A5}"
layer at (177,219) size 5x2 scrollHeight 17
  RenderMathMLBlock (flex) {mo} at (0,50) size 5x2
    RenderBlock (anonymous) at (0,0) size 5x2
      RenderText {mo} at (0,-4) size 5x21
        text run at (0,-4) width 5: "\x{23A5}"
layer at (177,221) size 5x15 scrollHeight 17
  RenderMathMLBlock (flex) {mo} at (0,52) size 5x15
    RenderBlock (anonymous) at (0,0) size 5x15
layer at (186,169) size 7x10 scrollHeight 18
  RenderMathMLBlock (flex) {mo} at (0,0) size 7x10
    RenderBlock (anonymous) at (0,0) size 7x10
layer at (186,179) size 7x10 scrollHeight 17
  RenderMathMLBlock (flex) {mo} at (0,10) size 7x10
    RenderBlock (anonymous) at (0,0) size 7x10
      RenderText {mo} at (0,-4) size 7x21
        text run at (0,-4) width 7: "\x{23AA}"
layer at (186,189) size 7x6 scrollHeight 17
  RenderMathMLBlock (flex) {mo} at (0,20) size 7x6
    RenderBlock (anonymous) at (0,0) size 7x6
      RenderText {mo} at (0,-4) size 7x21
        text run at (0,-4) width 7: "\x{23AA}"
layer at (186,195) size 7x10 scrollHeight 17
  RenderMathMLBlock (flex) {mo} at (0,26) size 7x10
    RenderBlock (anonymous) at (0,0) size 7x10
layer at (186,205) size 7x10 scrollHeight 17
  RenderMathMLBlock (flex) {mo} at (0,36) size 7x10
    RenderBlock (anonymous) at (0,0) size 7x10
      RenderText {mo} at (0,-4) size 7x21
        text run at (0,-4) width 7: "\x{23AA}"
layer at (186,215) size 7x6 scrollHeight 17
  RenderMathMLBlock (flex) {mo} at (0,46) size 7x6
    RenderBlock (anonymous) at (0,0) size 7x6
      RenderText {mo} at (0,-4) size 7x21
        text run at (0,-4) width 7: "\x{23AA}"
layer at (186,221) size 7x15 scrollHeight 17
  RenderMathMLBlock (flex) {mo} at (0,52) size 7x15
    RenderBlock (anonymous) at (0,0) size 7x15
layer at (70,170) size 7x7 backgroundClip at (70,169) size 7x4 clip at (70,169) size 7x4 outlineClip at (70,169) size 7x4
  RenderBlock (relative positioned) {mo} at (0,0) size 7x7
    RenderText {mo} at (0,-9) size 7x21
      text run at (0,-9) width 7: "\x{23D0}"
layer at (70,224) size 7x7 backgroundClip at (70,227) size 7x7 clip at (70,227) size 7x7 outlineClip at (70,227) size 7x7
  RenderBlock (relative positioned) {mo} at (0,0) size 7x7
    RenderText {mo} at (0,-9) size 7x21
      text run at (0,-9) width 7: "\x{23D0}"
layer at (81,170) size 10x15 backgroundClip at (81,169) size 10x10 clip at (81,169) size 10x10 outlineClip at (81,169) size 10x10
  RenderBlock (relative positioned) {mo} at (0,0) size 10x15
    RenderText {mo} at (0,-4) size 10x21
      text run at (0,-4) width 10: "\x{2320}"
layer at (81,218) size 10x15 backgroundClip at (81,221) size 10x15 clip at (81,221) size 10x15 outlineClip at (81,221) size 10x15
  RenderBlock (relative positioned) {mo} at (0,0) size 10x15
    RenderText {mo} at (0,-4) size 10x21
      text run at (0,-4) width 10: "\x{2321}"
layer at (97,170) size 7x15 backgroundClip at (97,169) size 7x10 clip at (97,169) size 7x10 outlineClip at (97,169) size 7x10
  RenderBlock (relative positioned) {mo} at (0,0) size 7x15
    RenderText {mo} at (0,-4) size 7x21
      text run at (0,-4) width 7: "\x{23A7}"
layer at (97,194) size 7x15 backgroundClip at (97,195) size 7x10 clip at (97,195) size 7x10 outlineClip at (97,195) size 7x10
  RenderBlock (relative positioned) {mo} at (0,0) size 7x15
    RenderText {mo} at (0,-4) size 7x21
      text run at (0,-4) width 7: "\x{23A8}"
layer at (97,218) size 7x15 backgroundClip at (97,221) size 7x15 clip at (97,221) size 7x15 outlineClip at (97,221) size 7x15
  RenderBlock (relative positioned) {mo} at (0,0) size 7x15
    RenderText {mo} at (0,-4) size 7x21
      text run at (0,-4) width 7: "\x{23A9}"
layer at (110,170) size 5x15 backgroundClip at (110,169) size 5x10 clip at (110,169) size 5x10 outlineClip at (110,169) size 5x10
  RenderBlock (relative positioned) {mo} at (0,0) size 5x15
    RenderText {mo} at (0,-4) size 5x21
      text run at (0,-4) width 5: "\x{23A1}"
layer at (110,218) size 5x15 backgroundClip at (110,221) size 5x15 clip at (110,221) size 5x15 outlineClip at (110,221) size 5x15
  RenderBlock (relative positioned) {mo} at (0,0) size 5x15
    RenderText {mo} at (0,-4) size 5x21
      text run at (0,-4) width 5: "\x{23A3}"
layer at (177,170) size 5x15 backgroundClip at (177,169) size 5x10 clip at (177,169) size 5x10 outlineClip at (177,169) size 5x10
  RenderBlock (relative positioned) {mo} at (0,0) size 5x15
    RenderText {mo} at (0,-4) size 5x21
      text run at (0,-4) width 5: "\x{23A4}"
layer at (177,218) size 5x15 backgroundClip at (177,221) size 5x15 clip at (177,221) size 5x15 outlineClip at (177,221) size 5x15
  RenderBlock (relative positioned) {mo} at (0,0) size 5x15
    RenderText {mo} at (0,-4) size 5x21
      text run at (0,-4) width 5: "\x{23A6}"
layer at (186,170) size 7x15 backgroundClip at (186,169) size 7x10 clip at (186,169) size 7x10 outlineClip at (186,169) size 7x10
  RenderBlock (relative positioned) {mo} at (0,0) size 7x15
    RenderText {mo} at (0,-4) size 7x21
      text run at (0,-4) width 7: "\x{23AB}"
layer at (186,194) size 7x15 backgroundClip at (186,195) size 7x10 clip at (186,195) size 7x10 outlineClip at (186,195) size 7x10
  RenderBlock (relative positioned) {mo} at (0,0) size 7x15
    RenderText {mo} at (0,-4) size 7x21
      text run at (0,-4) width 7: "\x{23AC}"
layer at (186,218) size 7x15 backgroundClip at (186,221) size 7x15 clip at (186,221) size 7x15 outlineClip at (186,221) size 7x15
  RenderBlock (relative positioned) {mo} at (0,0) size 7x15
    RenderText {mo} at (0,-4) size 7x21
      text run at (0,-4) width 7: "\x{23AD}"
