layer at (0,0) size 800x600
  RenderView at (0,0) size 800x600
layer at (0,0) size 800x374
  RenderBlock {html} at (0,0) size 800x374
    RenderBody {body} at (8,16) size 784x342
      RenderBlock {p} at (0,0) size 784x22
        RenderText {#text} at (0,4) size 36x18
          text run at (0,4) width 36: "over: "
        RenderMathMLMath {math} at (36,0) size 14x19 [padding: 0 1 0 1]
          RenderMathMLUnderOver {mover} at (1,0) size 12x19
            RenderBlock {mi} at (0,7) size 12x12
              RenderText {#text} at (0,-6) size 10x24
                text run at (0,-6) width 10: "B"
            RenderBlock {mi} at (2,0) size 7x7
              RenderText {#text} at (0,-7) size 5x18
                text run at (0,-7) width 5: "x"
        RenderText {#text} at (0,0) size 0x0
      RenderBlock {p} at (0,38) size 784x24
        RenderText {#text} at (0,6) size 36x18
          text run at (0,6) width 36: "over: "
        RenderMathMLMath {math} at (36,0) size 14x21 [padding: 0 1 0 1]
          RenderMathMLUnderOver {mover} at (1,0) size 12x21
            RenderBlock {mi} at (0,9) size 12x12
              RenderText {#text} at (0,-6) size 10x24
                text run at (0,-6) width 10: "B"
            RenderBlock {mi} at (2,0) size 7x9
              RenderText {#text} at (0,-7) size 5x18
                text run at (0,-7) width 5: "y"
        RenderText {#text} at (0,0) size 0x0
      RenderBlock {p} at (0,78) size 784x29
        RenderText {#text} at (0,11) size 36x18
          text run at (0,11) width 36: "over: "
        RenderMathMLMath {math} at (36,0) size 20x26 [padding: 0 1 0 1]
          RenderMathMLUnderOver {mover} at (1,0) size 18x26
            RenderBlock {mi} at (0,9) size 18x17
              RenderText {#text} at (0,-9) size 15x36
                text run at (0,-9) width 15: "B"
            RenderBlock {mi} at (5,0) size 7x9
              RenderText {#text} at (0,-7) size 5x18
                text run at (0,-7) width 5: "y"
        RenderText {#text} at (0,0) size 0x0
      RenderBlock {p} at (0,123) size 784x35
        RenderText {#text} at (0,14) size 36x18
          text run at (0,14) width 36: "over: "
        RenderMathMLMath {math} at (36,0) size 24x35 [padding: 0 1 0 1]
          RenderMathMLUnderOver {mover} at (1,0) size 22x35
            RenderMathMLOperator {mo} at (0,9) size 22x26
              RenderMathMLBlock (flex) {mo} at (0,0) size 22x26
                RenderBlock (anonymous) at (0,0) size 22x26
                  RenderText {mo} at (0,-6) size 22x36
                    text run at (0,-6) width 22: "\x{2211}"
            RenderBlock {mi} at (7,0) size 8x9
              RenderText {#text} at (0,-7) size 5x18
                text run at (0,-7) width 5: "y"
        RenderText {#text} at (0,0) size 0x0
      RenderBlock {p} at (0,174) size 784x60
        RenderText {#text} at (0,26) size 36x18
          text run at (0,26) width 36: "over: "
        RenderMathMLMath {math} at (36,0) size 53x60 [padding: 0 1 0 1]
          RenderMathMLUnderOver {mover} at (1,3) size 11x57
            RenderMathMLOperator {mo} at (0,9) size 11x48
            RenderBlock {mi} at (2,0) size 7x9
              RenderText {#text} at (0,-7) size 5x18
                text run at (0,-7) width 5: "y"
          RenderBlock {div} at (12,0) size 40x40
        RenderText {#text} at (0,0) size 0x0
      RenderBlock {p} at (0,250) size 784x24
        RenderText {#text} at (0,6) size 46x18
          text run at (0,6) width 46: "Overs: "
        RenderMathMLMath {math} at (46,3) size 11x18 [padding: 0 1 0 1]
          RenderMathMLUnderOver {mover} at (1,0) size 9x18
            RenderBlock {mi} at (0,9) size 9x9
              RenderText {#text} at (0,-9) size 7x24
                text run at (0,-9) width 7: "x"
            RenderMathMLOperator {mo} at (1,0) size 7x9
              RenderMathMLBlock (flex) {mo} at (0,0) size 6x9
                RenderBlock (anonymous) at (0,0) size 6x9
                  RenderText {mo} at (0,-5) size 6x18
                    text run at (0,-5) width 6: "^"
        RenderText {#text} at (56,6) size 5x18
          text run at (56,6) width 5: " "
        RenderMathMLMath {math} at (60,7) size 15x14 [padding: 0 1 0 1]
          RenderMathMLUnderOver {mover} at (1,0) size 12x14
            RenderBlock {mi} at (0,2) size 12x12
              RenderText {#text} at (0,-6) size 10x24
                text run at (0,-6) width 10: "A"
            RenderMathMLOperator {mo} at (2,0) size 7x2
              RenderMathMLBlock (flex) {mo} at (0,0) size 6x2
                RenderBlock (anonymous) at (0,0) size 6x2
                  RenderText {mo} at (0,-13) size 6x18
                    text run at (0,-13) width 6: "_"
        RenderText {#text} at (74,6) size 5x18
          text run at (74,6) width 5: " "
        RenderMathMLMath {math} at (78,10) size 11x11 [padding: 0 1 0 1]
          RenderMathMLUnderOver {mover} at (1,0) size 9x11
            RenderBlock {mi} at (0,2) size 9x9
              RenderText {#text} at (0,-9) size 7x24
                text run at (0,-9) width 7: "x"
            RenderMathMLOperator {mo} at (1,0) size 7x2
              RenderMathMLBlock (flex) {mo} at (0,0) size 6x2
                RenderBlock (anonymous) at (0,0) size 6x2
                  RenderText {mo} at (0,-13) size 6x18
                    text run at (0,-13) width 6: "_"
        RenderText {#text} at (88,6) size 5x18
          text run at (88,6) width 5: " "
        RenderMathMLMath {math} at (92,0) size 15x21 [padding: 0 1 0 1]
          RenderMathMLUnderOver {mover} at (1,0) size 12x21
            RenderBlock {mi} at (0,9) size 12x12
              RenderText {#text} at (0,-6) size 10x24
                text run at (0,-6) width 10: "A"
            RenderMathMLOperator {mo} at (2,0) size 7x9
              RenderMathMLBlock (flex) {mo} at (0,0) size 6x9
                RenderBlock (anonymous) at (0,0) size 6x9
                  RenderText {mo} at (0,-5) size 6x18
                    text run at (0,-5) width 6: "^"
        RenderText {#text} at (106,6) size 5x18
          text run at (106,6) width 5: " "
        RenderMathMLMath {math} at (110,5) size 14x16 [padding: 0 1 0 1]
          RenderMathMLUnderOver {mover} at (1,0) size 11x16
            RenderBlock {mi} at (1,7) size 9x9
              RenderText {#text} at (0,-9) size 7x24
                text run at (0,-9) width 7: "v"
            RenderMathMLOperator {mo} at (0,0) size 11x7
              RenderMathMLBlock (flex) {mo} at (0,0) size 11x7
                RenderBlock (anonymous) at (0,0) size 11x7
                  RenderText {mo} at (0,-7) size 11x18
                    text run at (0,-7) width 11: "\x{2192}"
        RenderText {#text} at (0,0) size 0x0
      RenderBlock {p} at (0,290) size 784x52
        RenderMathMLMath {math} at (0,0) size 22x49 [padding: 0 1 0 1]
          RenderBlock {mi} at (1,40) size 10x9
            RenderText {#text} at (0,-9) size 8x24
              text run at (0,-9) width 8: "a"
          RenderMathMLUnderOver {mover} at (10,2) size 11x47 [bgcolor=#FFFF00] [padding: 4 0 0 0]
            RenderBlock {mi} at (0,19) size 10x28 [bgcolor=#FFA500]
              RenderText {#text} at (0,10) size 8x24
                text run at (0,10) width 8: "b"
            RenderBlock {mi} at (1,4) size 7x7
              RenderText {#text} at (0,-7) size 5x18
                text run at (0,-7) width 5: "c"
        RenderText {#text} at (0,0) size 0x0
layer at (45,202) size 11x18 scrollHeight 25
  RenderMathMLBlock (flex) {mo} at (0,0) size 11x18
    RenderBlock (anonymous) at (0,0) size 11x18
      RenderText {mo} at (0,1) size 11x24
        text run at (0,1) width 11: "\x{2320}"
layer at (45,220) size 11x9 scrollHeight 17
  RenderMathMLBlock (flex) {mo} at (0,18) size 11x9
    RenderBlock (anonymous) at (0,0) size 11x9
layer at (45,229) size 11x3 scrollHeight 17
  RenderMathMLBlock (flex) {mo} at (0,27) size 11x3
    RenderBlock (anonymous) at (0,0) size 11x3
layer at (45,232) size 11x18 scrollHeight 25
  RenderMathMLBlock (flex) {mo} at (0,30) size 11x18
    RenderBlock (anonymous) at (0,0) size 11x18
layer at (45,219) size 11x11 backgroundClip at (45,220) size 11x9 clip at (45,220) size 11x9 outlineClip at (45,220) size 11x9
  RenderBlock (relative positioned) {mo} at (0,0) size 11x11
    RenderText {mo} at (0,-7) size 11x24
      text run at (0,-7) width 11: "\x{23AE}"
layer at (45,228) size 11x11 backgroundClip at (45,229) size 11x3 clip at (45,229) size 11x3 outlineClip at (45,229) size 11x3
  RenderBlock (relative positioned) {mo} at (0,0) size 11x11
    RenderText {mo} at (0,-7) size 11x24
      text run at (0,-7) width 11: "\x{23AE}"
layer at (45,231) size 11x19 backgroundClip at (45,232) size 11x18 clip at (45,232) size 11x18 outlineClip at (45,232) size 11x18
  RenderBlock (relative positioned) {mo} at (0,0) size 11x19
    RenderText {mo} at (0,1) size 11x24
      text run at (0,1) width 11: "\x{2321}"
