layer at (0,0) size 800x600
  RenderView at (0,0) size 800x600
layer at (0,0) size 800x510
  RenderBlock {html} at (0,0) size 800x510
    RenderBody {body} at (8,16) size 784x478
      RenderBlock {p} at (0,0) size 784x18
        RenderMathMLMath {math} at (0,3) size 35x12 [padding: 0 1 0 1]
          RenderBlock {mi} at (1,3) size 8x9
            RenderText {#text} at (0,-9) size 7x24
              text run at (0,-9) width 7: "x"
          RenderMathMLOperator {mo} at (12,2) size 11x10 [bgcolor=#C8C8C8]
            RenderMathMLBlock (flex) {mo} at (0,0) size 11x10
              RenderBlock (anonymous) at (0,0) size 11x10
                RenderText {mo} at (0,-8) size 11x24
                  text run at (0,-8) width 11: "+"
          RenderBlock {mn} at (26,0) size 8x12
            RenderText {#text} at (0,-6) size 8x24
              text run at (0,-6) width 8: "1"
        RenderText {#text} at (0,0) size 0x0
      RenderBlock {p} at (0,34) size 784x23
        RenderText {#text} at (0,2) size 40x18
          text run at (0,2) width 40: "16px: "
        RenderMathMLMath {math} at (40,3) size 48x18 [padding: 0 1 0 1]
          RenderMathMLRow {mrow} at (1,0) size 46x18
            RenderMathMLOperator {mo} at (1,0) size 9x17 [bgcolor=#C8C8C8]
              RenderMathMLBlock (flex) {mo} at (0,0) size 9x17
                RenderBlock (anonymous) at (0,0) size 9x17
                  RenderText {mo} at (0,-7) size 9x29
                    text run at (0,-7) width 9: "{"
            RenderBlock {mi} at (11,5) size 8x9
              RenderText {#text} at (0,-9) size 7x24
                text run at (0,-9) width 7: "x"
            RenderBlock {mtext} at (19,2) size 16x16
              RenderBlock {div} at (0,0) size 16x16 [bgcolor=#00FF00]
            RenderMathMLOperator {mo} at (36,0) size 9x17 [bgcolor=#C8C8C8]
              RenderMathMLBlock (flex) {mo} at (0,0) size 9x17
                RenderBlock (anonymous) at (0,0) size 9x17
                  RenderText {mo} at (0,-7) size 9x29
                    text run at (0,-7) width 9: "}"
        RenderText {#text} at (88,2) size 4x18
          text run at (88,2) width 4: " "
        RenderMathMLMath {math} at (92,3) size 42x18 [padding: 0 1 0 1]
          RenderMathMLRow {mrow} at (1,0) size 40x18
            RenderMathMLOperator {mo} at (1,0) size 6x16 [bgcolor=#C8C8C8]
              RenderMathMLBlock (flex) {mo} at (0,0) size 6x16
                RenderBlock (anonymous) at (0,0) size 6x16
                  RenderText {mo} at (0,-7) size 6x29
                    text run at (0,-7) width 6: "["
            RenderBlock {mi} at (8,5) size 8x9
              RenderText {#text} at (0,-9) size 7x24
                text run at (0,-9) width 7: "x"
            RenderBlock {mtext} at (16,2) size 16x16
              RenderBlock {div} at (0,0) size 16x16 [bgcolor=#00FF00]
            RenderMathMLOperator {mo} at (33,0) size 6x16 [bgcolor=#C8C8C8]
              RenderMathMLBlock (flex) {mo} at (0,0) size 6x16
                RenderBlock (anonymous) at (0,0) size 6x16
                  RenderText {mo} at (0,-7) size 6x29
                    text run at (0,-7) width 6: "]"
        RenderText {#text} at (134,2) size 4x18
          text run at (134,2) width 4: " "
        RenderMathMLMath {math} at (138,3) size 42x18 [padding: 0 1 0 1]
          RenderMathMLRow {mrow} at (1,0) size 40x18
            RenderMathMLOperator {mo} at (1,0) size 6x17 [bgcolor=#C8C8C8]
              RenderMathMLBlock (flex) {mo} at (0,0) size 6x17
                RenderBlock (anonymous) at (0,0) size 6x17
                  RenderText {mo} at (0,-7) size 6x29
                    text run at (0,-7) width 6: "("
            RenderBlock {mi} at (8,5) size 8x9
              RenderText {#text} at (0,-9) size 7x24
                text run at (0,-9) width 7: "x"
            RenderBlock {mtext} at (16,2) size 16x16
              RenderBlock {div} at (0,0) size 16x16 [bgcolor=#00FF00]
            RenderMathMLOperator {mo} at (33,0) size 6x17 [bgcolor=#C8C8C8]
              RenderMathMLBlock (flex) {mo} at (0,0) size 6x17
                RenderBlock (anonymous) at (0,0) size 6x17
                  RenderText {mo} at (0,-7) size 6x29
                    text run at (0,-7) width 6: ")"
        RenderText {#text} at (180,2) size 4x18
          text run at (180,2) width 4: " "
        RenderMathMLMath {math} at (184,3) size 38x18 [padding: 0 1 0 1]
          RenderMathMLRow {mrow} at (1,0) size 36x18
            RenderMathMLOperator {mo} at (1,0) size 4x14 [bgcolor=#C8C8C8]
              RenderMathMLBlock (flex) {mo} at (0,0) size 4x14
                RenderBlock (anonymous) at (0,0) size 4x14
                  RenderText {mo} at (0,-7) size 4x29
                    text run at (0,-7) width 4: "|"
            RenderBlock {mi} at (6,5) size 8x9
              RenderText {#text} at (0,-9) size 7x24
                text run at (0,-9) width 7: "x"
            RenderBlock {mtext} at (14,2) size 16x16
              RenderBlock {div} at (0,0) size 16x16 [bgcolor=#00FF00]
            RenderMathMLOperator {mo} at (31,0) size 4x14 [bgcolor=#C8C8C8]
              RenderMathMLBlock (flex) {mo} at (0,0) size 4x14
                RenderBlock (anonymous) at (0,0) size 4x14
                  RenderText {mo} at (0,-7) size 4x29
                    text run at (0,-7) width 4: "|"
        RenderText {#text} at (222,2) size 4x18
          text run at (222,2) width 4: " "
        RenderMathMLMath {math} at (226,0) size 37x23 [padding: 0 1 0 1]
          RenderMathMLRow {mrow} at (1,0) size 35x23
            RenderMathMLOperator {mo} at (1,0) size 9x23 [bgcolor=#C8C8C8]
              RenderMathMLBlock (flex) {mo} at (0,0) size 9x23
                RenderBlock (anonymous) at (0,0) size 9x23
                  RenderText {mo} at (0,-4) size 9x29
                    text run at (0,-4) width 9: "\x{222B}"
            RenderBlock {mi} at (11,8) size 8x9
              RenderText {#text} at (0,-9) size 7x24
                text run at (0,-9) width 7: "x"
            RenderBlock {mtext} at (19,5) size 16x16
              RenderBlock {div} at (0,0) size 16x16 [bgcolor=#00FF00]
        RenderText {#text} at (0,0) size 0x0
      RenderBlock {p} at (0,73) size 784x35
        RenderText {#text} at (0,3) size 40x18
          text run at (0,3) width 40: "24px: "
        RenderMathMLMath {math} at (40,0) size 52x35 [padding: 0 1 0 1]
          RenderMathMLRow {mrow} at (1,0) size 50x35
            RenderMathMLOperator {mo} at (1,1) size 7x34 [bgcolor=#C8C8C8]
            RenderBlock {mi} at (9,9) size 8x9
              RenderText {#text} at (0,-9) size 7x24
                text run at (0,-9) width 7: "x"
            RenderBlock {mtext} at (17,0) size 24x24
              RenderBlock {div} at (0,0) size 24x24 [bgcolor=#00FF00]
            RenderMathMLOperator {mo} at (42,1) size 7x34 [bgcolor=#C8C8C8]
        RenderText {#text} at (92,3) size 4x18
          text run at (92,3) width 4: " "
        RenderMathMLMath {math} at (96,0) size 48x34 [padding: 0 1 0 1]
          RenderMathMLRow {mrow} at (1,0) size 46x34
            RenderMathMLOperator {mo} at (1,1) size 5x33 [bgcolor=#C8C8C8]
            RenderBlock {mi} at (7,9) size 8x9
              RenderText {#text} at (0,-9) size 7x24
                text run at (0,-9) width 7: "x"
            RenderBlock {mtext} at (15,0) size 24x24
              RenderBlock {div} at (0,0) size 24x24 [bgcolor=#00FF00]
            RenderMathMLOperator {mo} at (40,1) size 5x33 [bgcolor=#C8C8C8]
        RenderText {#text} at (144,3) size 4x18
          text run at (144,3) width 4: " "
        RenderMathMLMath {math} at (148,0) size 48x33 [padding: 0 1 0 1]
          RenderMathMLRow {mrow} at (1,0) size 46x33
            RenderMathMLOperator {mo} at (1,1) size 5x32 [bgcolor=#C8C8C8]
            RenderBlock {mi} at (7,9) size 8x9
              RenderText {#text} at (0,-9) size 7x24
                text run at (0,-9) width 7: "x"
            RenderBlock {mtext} at (15,0) size 24x24
              RenderBlock {div} at (0,0) size 24x24 [bgcolor=#00FF00]
            RenderMathMLOperator {mo} at (40,1) size 5x32 [bgcolor=#C8C8C8]
        RenderText {#text} at (196,3) size 4x18
          text run at (196,3) width 4: " "
        RenderMathMLMath {math} at (200,0) size 52x32 [padding: 0 1 0 1]
          RenderMathMLRow {mrow} at (1,0) size 50x32
            RenderMathMLOperator {mo} at (1,1) size 7x31 [bgcolor=#C8C8C8]
            RenderBlock {mi} at (9,9) size 8x9
              RenderText {#text} at (0,-9) size 7x24
                text run at (0,-9) width 7: "x"
            RenderBlock {mtext} at (17,0) size 24x24
              RenderBlock {div} at (0,0) size 24x24 [bgcolor=#00FF00]
            RenderMathMLOperator {mo} at (42,1) size 7x31 [bgcolor=#C8C8C8]
        RenderText {#text} at (252,3) size 4x18
          text run at (252,3) width 4: " "
        RenderMathMLMath {math} at (256,0) size 46x34 [padding: 0 1 0 1]
          RenderMathMLRow {mrow} at (1,0) size 44x34
            RenderMathMLOperator {mo} at (1,1) size 10x33 [bgcolor=#C8C8C8]
            RenderBlock {mi} at (12,9) size 8x9
              RenderText {#text} at (0,-9) size 7x24
                text run at (0,-9) width 7: "x"
            RenderBlock {mtext} at (20,0) size 24x24
              RenderBlock {div} at (0,0) size 24x24 [bgcolor=#00FF00]
        RenderText {#text} at (0,0) size 0x0
      RenderBlock {p} at (0,124) size 784x43
        RenderText {#text} at (0,8) size 40x18
          text run at (0,8) width 40: "32px: "
        RenderMathMLMath {math} at (40,0) size 60x43 [padding: 0 1 0 1]
          RenderMathMLRow {mrow} at (1,0) size 58x43
            RenderMathMLOperator {mo} at (1,0) size 7x43 [bgcolor=#C8C8C8]
            RenderBlock {mi} at (9,14) size 8x9
              RenderText {#text} at (0,-9) size 7x24
                text run at (0,-9) width 7: "x"
            RenderBlock {mtext} at (17,0) size 32x32
              RenderBlock {div} at (0,0) size 32x32 [bgcolor=#00FF00]
            RenderMathMLOperator {mo} at (50,0) size 7x43 [bgcolor=#C8C8C8]
        RenderText {#text} at (100,8) size 4x18
          text run at (100,8) width 4: " "
        RenderMathMLMath {math} at (104,0) size 56x43 [padding: 0 1 0 1]
          RenderMathMLRow {mrow} at (1,0) size 54x43
            RenderMathMLOperator {mo} at (1,0) size 5x43 [bgcolor=#C8C8C8]
            RenderBlock {mi} at (7,14) size 8x9
              RenderText {#text} at (0,-9) size 7x24
                text run at (0,-9) width 7: "x"
            RenderBlock {mtext} at (15,0) size 32x32
              RenderBlock {div} at (0,0) size 32x32 [bgcolor=#00FF00]
            RenderMathMLOperator {mo} at (48,0) size 5x43 [bgcolor=#C8C8C8]
        RenderText {#text} at (160,8) size 4x18
          text run at (160,8) width 4: " "
        RenderMathMLMath {math} at (164,0) size 56x42 [padding: 0 1 0 1]
          RenderMathMLRow {mrow} at (1,0) size 54x42
            RenderMathMLOperator {mo} at (1,0) size 5x42 [bgcolor=#C8C8C8]
            RenderBlock {mi} at (7,14) size 8x9
              RenderText {#text} at (0,-9) size 7x24
                text run at (0,-9) width 7: "x"
            RenderBlock {mtext} at (15,0) size 32x32
              RenderBlock {div} at (0,0) size 32x32 [bgcolor=#00FF00]
            RenderMathMLOperator {mo} at (48,0) size 5x42 [bgcolor=#C8C8C8]
        RenderText {#text} at (220,8) size 4x18
          text run at (220,8) width 4: " "
        RenderMathMLMath {math} at (224,0) size 60x41 [padding: 0 1 0 1]
          RenderMathMLRow {mrow} at (1,0) size 58x41
            RenderMathMLOperator {mo} at (1,0) size 7x41 [bgcolor=#C8C8C8]
            RenderBlock {mi} at (9,14) size 8x9
              RenderText {#text} at (0,-9) size 7x24
                text run at (0,-9) width 7: "x"
            RenderBlock {mtext} at (17,0) size 32x32
              RenderBlock {div} at (0,0) size 32x32 [bgcolor=#00FF00]
            RenderMathMLOperator {mo} at (50,0) size 7x41 [bgcolor=#C8C8C8]
        RenderText {#text} at (284,8) size 4x18
          text run at (284,8) width 4: " "
        RenderMathMLMath {math} at (288,0) size 54x43 [padding: 0 1 0 1]
          RenderMathMLRow {mrow} at (1,0) size 52x43
            RenderMathMLOperator {mo} at (1,0) size 10x43 [bgcolor=#C8C8C8]
            RenderBlock {mi} at (12,14) size 8x9
              RenderText {#text} at (0,-9) size 7x24
                text run at (0,-9) width 7: "x"
            RenderBlock {mtext} at (20,0) size 32x32
              RenderBlock {div} at (0,0) size 32x32 [bgcolor=#00FF00]
        RenderText {#text} at (0,0) size 0x0
      RenderBlock {p} at (0,183) size 784x62
        RenderText {#text} at (0,19) size 40x18
          text run at (0,19) width 40: "48px: "
        RenderMathMLMath {math} at (40,0) size 76x62 [padding: 0 1 0 1]
          RenderMathMLRow {mrow} at (1,0) size 74x62
            RenderMathMLOperator {mo} at (1,0) size 7x62 [bgcolor=#C8C8C8]
            RenderBlock {mi} at (9,25) size 8x9
              RenderText {#text} at (0,-9) size 7x24
                text run at (0,-9) width 7: "x"
            RenderBlock {mtext} at (17,0) size 48x48
              RenderBlock {div} at (0,0) size 48x48 [bgcolor=#00FF00]
            RenderMathMLOperator {mo} at (66,0) size 7x62 [bgcolor=#C8C8C8]
        RenderText {#text} at (116,19) size 4x18
          text run at (116,19) width 4: " "
        RenderMathMLMath {math} at (120,0) size 72x62 [padding: 0 1 0 1]
          RenderMathMLRow {mrow} at (1,0) size 70x62
            RenderMathMLOperator {mo} at (1,0) size 5x62 [bgcolor=#C8C8C8]
            RenderBlock {mi} at (7,25) size 8x9
              RenderText {#text} at (0,-9) size 7x24
                text run at (0,-9) width 7: "x"
            RenderBlock {mtext} at (15,0) size 48x48
              RenderBlock {div} at (0,0) size 48x48 [bgcolor=#00FF00]
            RenderMathMLOperator {mo} at (64,0) size 5x62 [bgcolor=#C8C8C8]
        RenderText {#text} at (192,19) size 4x18
          text run at (192,19) width 4: " "
        RenderMathMLMath {math} at (196,0) size 72x61 [padding: 0 1 0 1]
          RenderMathMLRow {mrow} at (1,0) size 70x61
            RenderMathMLOperator {mo} at (1,0) size 5x61 [bgcolor=#C8C8C8]
            RenderBlock {mi} at (7,25) size 8x9
              RenderText {#text} at (0,-9) size 7x24
                text run at (0,-9) width 7: "x"
            RenderBlock {mtext} at (15,0) size 48x48
              RenderBlock {div} at (0,0) size 48x48 [bgcolor=#00FF00]
            RenderMathMLOperator {mo} at (64,0) size 5x61 [bgcolor=#C8C8C8]
        RenderText {#text} at (268,19) size 4x18
          text run at (268,19) width 4: " "
        RenderMathMLMath {math} at (272,0) size 76x60 [padding: 0 1 0 1]
          RenderMathMLRow {mrow} at (1,0) size 74x60
            RenderMathMLOperator {mo} at (1,0) size 7x60 [bgcolor=#C8C8C8]
            RenderBlock {mi} at (9,25) size 8x9
              RenderText {#text} at (0,-9) size 7x24
                text run at (0,-9) width 7: "x"
            RenderBlock {mtext} at (17,0) size 48x48
              RenderBlock {div} at (0,0) size 48x48 [bgcolor=#00FF00]
            RenderMathMLOperator {mo} at (66,0) size 7x60 [bgcolor=#C8C8C8]
        RenderText {#text} at (348,19) size 4x18
          text run at (348,19) width 4: " "
        RenderMathMLMath {math} at (352,0) size 70x62 [padding: 0 1 0 1]
          RenderMathMLRow {mrow} at (1,0) size 68x62
            RenderMathMLOperator {mo} at (1,0) size 10x62 [bgcolor=#C8C8C8]
            RenderBlock {mi} at (12,25) size 8x9
              RenderText {#text} at (0,-9) size 7x24
                text run at (0,-9) width 7: "x"
            RenderBlock {mtext} at (20,0) size 48x48
              RenderBlock {div} at (0,0) size 48x48 [bgcolor=#00FF00]
        RenderText {#text} at (0,0) size 0x0
      RenderBlock {p} at (0,261) size 784x149
        RenderText {#text} at (0,70) size 48x18
          text run at (0,70) width 48: "120px: "
        RenderMathMLMath {math} at (48,0) size 76x149 [padding: 0 1 0 1]
          RenderMathMLRow {mrow} at (1,0) size 74x149
            RenderMathMLOperator {mo} at (1,0) size 7x149 [bgcolor=#C8C8C8]
            RenderBlock {mi} at (9,76) size 8x9
              RenderText {#text} at (0,-9) size 7x24
                text run at (0,-9) width 7: "x"
            RenderBlock {mtext} at (17,3) size 48x120
              RenderBlock {div} at (0,0) size 48x120 [bgcolor=#00FF00]
            RenderMathMLOperator {mo} at (66,0) size 7x149 [bgcolor=#C8C8C8]
        RenderText {#text} at (124,70) size 4x18
          text run at (124,70) width 4: " "
        RenderMathMLMath {math} at (128,0) size 72x149 [padding: 0 1 0 1]
          RenderMathMLRow {mrow} at (1,0) size 70x149
            RenderMathMLOperator {mo} at (1,0) size 5x149 [bgcolor=#C8C8C8]
            RenderBlock {mi} at (7,76) size 8x9
              RenderText {#text} at (0,-9) size 7x24
                text run at (0,-9) width 7: "x"
            RenderBlock {mtext} at (15,3) size 48x120
              RenderBlock {div} at (0,0) size 48x120 [bgcolor=#00FF00]
            RenderMathMLOperator {mo} at (64,0) size 5x149 [bgcolor=#C8C8C8]
        RenderText {#text} at (200,70) size 4x18
          text run at (200,70) width 4: " "
        RenderMathMLMath {math} at (204,0) size 72x148 [padding: 0 1 0 1]
          RenderMathMLRow {mrow} at (1,0) size 70x148
            RenderMathMLOperator {mo} at (1,0) size 5x148 [bgcolor=#C8C8C8]
            RenderBlock {mi} at (7,76) size 8x9
              RenderText {#text} at (0,-9) size 7x24
                text run at (0,-9) width 7: "x"
            RenderBlock {mtext} at (15,3) size 48x120
              RenderBlock {div} at (0,0) size 48x120 [bgcolor=#00FF00]
            RenderMathMLOperator {mo} at (64,0) size 5x148 [bgcolor=#C8C8C8]
        RenderText {#text} at (276,70) size 4x18
          text run at (276,70) width 4: " "
        RenderMathMLMath {math} at (280,0) size 76x147 [padding: 0 1 0 1]
          RenderMathMLRow {mrow} at (1,0) size 74x147
            RenderMathMLOperator {mo} at (1,0) size 7x147 [bgcolor=#C8C8C8]
            RenderBlock {mi} at (9,76) size 8x9
              RenderText {#text} at (0,-9) size 7x24
                text run at (0,-9) width 7: "x"
            RenderBlock {mtext} at (17,3) size 48x120
              RenderBlock {div} at (0,0) size 48x120 [bgcolor=#00FF00]
            RenderMathMLOperator {mo} at (66,0) size 7x147 [bgcolor=#C8C8C8]
        RenderText {#text} at (356,70) size 4x18
          text run at (356,70) width 4: " "
        RenderMathMLMath {math} at (360,0) size 70x149 [padding: 0 1 0 1]
          RenderMathMLRow {mrow} at (1,0) size 68x149
            RenderMathMLOperator {mo} at (1,0) size 10x149 [bgcolor=#C8C8C8]
            RenderBlock {mi} at (12,76) size 8x9
              RenderText {#text} at (0,-9) size 7x24
                text run at (0,-9) width 7: "x"
            RenderBlock {mtext} at (20,3) size 48x120
              RenderBlock {div} at (0,0) size 48x120 [bgcolor=#00FF00]
        RenderText {#text} at (0,0) size 0x0
      RenderBlock {p} at (0,426) size 784x52
        RenderText {#text} at (0,14) size 40x18
          text run at (0,14) width 40: "40px: "
        RenderMathMLMath {math} at (40,0) size 174x52 [padding: 0 1 0 1]
          RenderMathMLRow {mrow} at (1,0) size 172x52
            RenderMathMLOperator {mo} at (1,0) size 5x52 [bgcolor=#C8C8C8]
            RenderBlock {mi} at (7,20) size 8x9
              RenderText {#text} at (0,-9) size 7x24
                text run at (0,-9) width 7: "x"
            RenderMathMLOperator {mo} at (18,26) size 4x5 [bgcolor=#C8C8C8]
              RenderMathMLBlock (flex) {mo} at (0,0) size 4x5
                RenderBlock (anonymous) at (0,0) size 4x5
                  RenderText {mo} at (0,-15) size 4x24
                    text run at (0,-15) width 4: ","
            RenderBlock {mtext} at (25,1) size 40x40
              RenderBlock {div} at (0,0) size 40x40 [bgcolor=#00FF00]
            RenderMathMLOperator {mo} at (68,26) size 4x5 [bgcolor=#C8C8C8]
              RenderMathMLBlock (flex) {mo} at (0,0) size 4x5
                RenderBlock (anonymous) at (0,0) size 4x5
                  RenderText {mo} at (0,-15) size 4x24
                    text run at (0,-15) width 4: ","
            RenderBlock {mtext} at (75,1) size 40x40
              RenderBlock {div} at (0,0) size 40x40 [bgcolor=#00FF00]
            RenderMathMLOperator {mo} at (118,26) size 4x5 [bgcolor=#C8C8C8]
              RenderMathMLBlock (flex) {mo} at (0,0) size 4x5
                RenderBlock (anonymous) at (0,0) size 4x5
                  RenderText {mo} at (0,-15) size 4x24
                    text run at (0,-15) width 4: ","
            RenderBlock {mtext} at (125,1) size 40x40
              RenderBlock {div} at (0,0) size 40x40 [bgcolor=#00FF00]
            RenderMathMLOperator {mo} at (166,0) size 5x52 [bgcolor=#C8C8C8]
        RenderText {#text} at (0,0) size 0x0
layer at (50,90) size 7x9 scrollHeight 18
  RenderMathMLBlock (flex) {mo} at (0,0) size 7x9
    RenderBlock (anonymous) at (0,0) size 7x9
layer at (50,99) size 7x10 scrollHeight 17
  RenderMathMLBlock (flex) {mo} at (0,9) size 7x10
    RenderBlock (anonymous) at (0,0) size 7x10
layer at (50,109) size 7x15 scrollHeight 17
  RenderMathMLBlock (flex) {mo} at (0,19) size 7x15
    RenderBlock (anonymous) at (0,0) size 7x15
layer at (91,90) size 7x9 scrollHeight 18
  RenderMathMLBlock (flex) {mo} at (0,0) size 7x9
    RenderBlock (anonymous) at (0,0) size 7x9
layer at (91,99) size 7x10 scrollHeight 17
  RenderMathMLBlock (flex) {mo} at (0,9) size 7x10
    RenderBlock (anonymous) at (0,0) size 7x10
layer at (91,109) size 7x15 scrollHeight 17
  RenderMathMLBlock (flex) {mo} at (0,19) size 7x15
    RenderBlock (anonymous) at (0,0) size 7x15
layer at (106,90) size 5x10 scrollHeight 18
  RenderMathMLBlock (flex) {mo} at (0,0) size 5x10
    RenderBlock (anonymous) at (0,0) size 5x10
layer at (106,100) size 5x8 scrollHeight 17
  RenderMathMLBlock (flex) {mo} at (0,10) size 5x8
    RenderBlock (anonymous) at (0,0) size 5x8
      RenderText {mo} at (0,-4) size 5x21
        text run at (0,-4) width 5: "\x{23A2}"
layer at (106,108) size 5x15 scrollHeight 17
  RenderMathMLBlock (flex) {mo} at (0,18) size 5x15
    RenderBlock (anonymous) at (0,0) size 5x15
layer at (145,90) size 5x10 scrollHeight 18
  RenderMathMLBlock (flex) {mo} at (0,0) size 5x10
    RenderBlock (anonymous) at (0,0) size 5x10
layer at (145,100) size 5x8 scrollHeight 17
  RenderMathMLBlock (flex) {mo} at (0,10) size 5x8
    RenderBlock (anonymous) at (0,0) size 5x8
      RenderText {mo} at (0,-4) size 5x21
        text run at (0,-4) width 5: "\x{23A5}"
layer at (145,108) size 5x15 scrollHeight 17
  RenderMathMLBlock (flex) {mo} at (0,18) size 5x15
    RenderBlock (anonymous) at (0,0) size 5x15
layer at (158,90) size 5x10 scrollHeight 18
  RenderMathMLBlock (flex) {mo} at (0,0) size 5x10
    RenderBlock (anonymous) at (0,0) size 5x10
layer at (158,100) size 5x8 scrollHeight 17
  RenderMathMLBlock (flex) {mo} at (0,10) size 5x8
    RenderBlock (anonymous) at (0,0) size 5x8
      RenderText {mo} at (0,-4) size 5x21
        text run at (0,-4) width 5: "\x{239C}"
layer at (158,108) size 5x14 scrollHeight 17
  RenderMathMLBlock (flex) {mo} at (0,18) size 5x14
    RenderBlock (anonymous) at (0,0) size 5x14
layer at (197,90) size 5x10 scrollHeight 18
  RenderMathMLBlock (flex) {mo} at (0,0) size 5x10
    RenderBlock (anonymous) at (0,0) size 5x10
layer at (197,100) size 5x8 scrollHeight 17
  RenderMathMLBlock (flex) {mo} at (0,10) size 5x8
    RenderBlock (anonymous) at (0,0) size 5x8
      RenderText {mo} at (0,-4) size 5x21
        text run at (0,-4) width 5: "\x{239F}"
layer at (197,108) size 5x14 scrollHeight 17
  RenderMathMLBlock (flex) {mo} at (0,18) size 5x14
    RenderBlock (anonymous) at (0,0) size 5x14
layer at (210,90) size 7x4 scrollHeight 13
  RenderMathMLBlock (flex) {mo} at (0,0) size 7x4
    RenderBlock (anonymous) at (0,0) size 7x4
layer at (210,94) size 7x4 scrollHeight 12
  RenderMathMLBlock (flex) {mo} at (0,4) size 7x4
    RenderBlock (anonymous) at (0,0) size 7x4
      RenderText {mo} at (0,-9) size 7x21
        text run at (0,-9) width 7: "\x{23D0}"
layer at (210,98) size 7x4 scrollHeight 12
  RenderMathMLBlock (flex) {mo} at (0,8) size 7x4
    RenderBlock (anonymous) at (0,0) size 7x4
      RenderText {mo} at (0,-9) size 7x21
        text run at (0,-9) width 7: "\x{23D0}"
layer at (210,102) size 7x4 scrollHeight 12
  RenderMathMLBlock (flex) {mo} at (0,12) size 7x4
    RenderBlock (anonymous) at (0,0) size 7x4
      RenderText {mo} at (0,-9) size 7x21
        text run at (0,-9) width 7: "\x{23D0}"
layer at (210,106) size 7x4 scrollHeight 12
  RenderMathMLBlock (flex) {mo} at (0,16) size 7x4
    RenderBlock (anonymous) at (0,0) size 7x4
      RenderText {mo} at (0,-9) size 7x21
        text run at (0,-9) width 7: "\x{23D0}"
layer at (210,110) size 7x4 scrollHeight 12
  RenderMathMLBlock (flex) {mo} at (0,20) size 7x4
    RenderBlock (anonymous) at (0,0) size 7x4
      RenderText {mo} at (0,-9) size 7x21
        text run at (0,-9) width 7: "\x{23D0}"
layer at (210,114) size 7x7 scrollHeight 12
  RenderMathMLBlock (flex) {mo} at (0,24) size 7x7
    RenderBlock (anonymous) at (0,0) size 7x7
layer at (251,90) size 7x4 scrollHeight 13
  RenderMathMLBlock (flex) {mo} at (0,0) size 7x4
    RenderBlock (anonymous) at (0,0) size 7x4
layer at (251,94) size 7x4 scrollHeight 12
  RenderMathMLBlock (flex) {mo} at (0,4) size 7x4
    RenderBlock (anonymous) at (0,0) size 7x4
      RenderText {mo} at (0,-9) size 7x21
        text run at (0,-9) width 7: "\x{23D0}"
layer at (251,98) size 7x4 scrollHeight 12
  RenderMathMLBlock (flex) {mo} at (0,8) size 7x4
    RenderBlock (anonymous) at (0,0) size 7x4
      RenderText {mo} at (0,-9) size 7x21
        text run at (0,-9) width 7: "\x{23D0}"
layer at (251,102) size 7x4 scrollHeight 12
  RenderMathMLBlock (flex) {mo} at (0,12) size 7x4
    RenderBlock (anonymous) at (0,0) size 7x4
      RenderText {mo} at (0,-9) size 7x21
        text run at (0,-9) width 7: "\x{23D0}"
layer at (251,106) size 7x4 scrollHeight 12
  RenderMathMLBlock (flex) {mo} at (0,16) size 7x4
    RenderBlock (anonymous) at (0,0) size 7x4
      RenderText {mo} at (0,-9) size 7x21
        text run at (0,-9) width 7: "\x{23D0}"
layer at (251,110) size 7x4 scrollHeight 12
  RenderMathMLBlock (flex) {mo} at (0,20) size 7x4
    RenderBlock (anonymous) at (0,0) size 7x4
      RenderText {mo} at (0,-9) size 7x21
        text run at (0,-9) width 7: "\x{23D0}"
layer at (251,114) size 7x7 scrollHeight 12
  RenderMathMLBlock (flex) {mo} at (0,24) size 7x7
    RenderBlock (anonymous) at (0,0) size 7x7
layer at (266,90) size 10x10 scrollHeight 18
  RenderMathMLBlock (flex) {mo} at (0,0) size 10x10
    RenderBlock (anonymous) at (0,0) size 10x10
layer at (266,100) size 10x8 scrollHeight 17
  RenderMathMLBlock (flex) {mo} at (0,10) size 10x8
    RenderBlock (anonymous) at (0,0) size 10x8
      RenderText {mo} at (0,-4) size 10x21
        text run at (0,-4) width 10: "\x{23AE}"
layer at (266,108) size 10x15 scrollHeight 17
  RenderMathMLBlock (flex) {mo} at (0,18) size 10x15
    RenderBlock (anonymous) at (0,0) size 10x15
layer at (50,140) size 7x10 scrollHeight 18
  RenderMathMLBlock (flex) {mo} at (0,0) size 7x10
    RenderBlock (anonymous) at (0,0) size 7x10
layer at (50,150) size 7x4 scrollHeight 17
  RenderMathMLBlock (flex) {mo} at (0,10) size 7x4
    RenderBlock (anonymous) at (0,0) size 7x4
      RenderText {mo} at (0,-4) size 7x21
        text run at (0,-4) width 7: "\x{23AA}"
layer at (50,154) size 7x10 scrollHeight 17
  RenderMathMLBlock (flex) {mo} at (0,14) size 7x10
    RenderBlock (anonymous) at (0,0) size 7x10
layer at (50,164) size 7x4 scrollHeight 17
  RenderMathMLBlock (flex) {mo} at (0,24) size 7x4
    RenderBlock (anonymous) at (0,0) size 7x4
      RenderText {mo} at (0,-4) size 7x21
        text run at (0,-4) width 7: "\x{23AA}"
layer at (50,168) size 7x15 scrollHeight 17
  RenderMathMLBlock (flex) {mo} at (0,28) size 7x15
    RenderBlock (anonymous) at (0,0) size 7x15
layer at (99,140) size 7x10 scrollHeight 18
  RenderMathMLBlock (flex) {mo} at (0,0) size 7x10
    RenderBlock (anonymous) at (0,0) size 7x10
layer at (99,150) size 7x4 scrollHeight 17
  RenderMathMLBlock (flex) {mo} at (0,10) size 7x4
    RenderBlock (anonymous) at (0,0) size 7x4
      RenderText {mo} at (0,-4) size 7x21
        text run at (0,-4) width 7: "\x{23AA}"
layer at (99,154) size 7x10 scrollHeight 17
  RenderMathMLBlock (flex) {mo} at (0,14) size 7x10
    RenderBlock (anonymous) at (0,0) size 7x10
layer at (99,164) size 7x4 scrollHeight 17
  RenderMathMLBlock (flex) {mo} at (0,24) size 7x4
    RenderBlock (anonymous) at (0,0) size 7x4
      RenderText {mo} at (0,-4) size 7x21
        text run at (0,-4) width 7: "\x{23AA}"
layer at (99,168) size 7x15 scrollHeight 17
  RenderMathMLBlock (flex) {mo} at (0,28) size 7x15
    RenderBlock (anonymous) at (0,0) size 7x15
layer at (114,140) size 5x10 scrollHeight 18
  RenderMathMLBlock (flex) {mo} at (0,0) size 5x10
    RenderBlock (anonymous) at (0,0) size 5x10
layer at (114,150) size 5x10 scrollHeight 17
  RenderMathMLBlock (flex) {mo} at (0,10) size 5x10
    RenderBlock (anonymous) at (0,0) size 5x10
      RenderText {mo} at (0,-4) size 5x21
        text run at (0,-4) width 5: "\x{23A2}"
layer at (114,160) size 5x8 scrollHeight 17
  RenderMathMLBlock (flex) {mo} at (0,20) size 5x8
    RenderBlock (anonymous) at (0,0) size 5x8
      RenderText {mo} at (0,-4) size 5x21
        text run at (0,-4) width 5: "\x{23A2}"
layer at (114,168) size 5x15 scrollHeight 17
  RenderMathMLBlock (flex) {mo} at (0,28) size 5x15
    RenderBlock (anonymous) at (0,0) size 5x15
layer at (161,140) size 5x10 scrollHeight 18
  RenderMathMLBlock (flex) {mo} at (0,0) size 5x10
    RenderBlock (anonymous) at (0,0) size 5x10
layer at (161,150) size 5x10 scrollHeight 17
  RenderMathMLBlock (flex) {mo} at (0,10) size 5x10
    RenderBlock (anonymous) at (0,0) size 5x10
      RenderText {mo} at (0,-4) size 5x21
        text run at (0,-4) width 5: "\x{23A5}"
layer at (161,160) size 5x8 scrollHeight 17
  RenderMathMLBlock (flex) {mo} at (0,20) size 5x8
    RenderBlock (anonymous) at (0,0) size 5x8
      RenderText {mo} at (0,-4) size 5x21
        text run at (0,-4) width 5: "\x{23A5}"
layer at (161,168) size 5x15 scrollHeight 17
  RenderMathMLBlock (flex) {mo} at (0,28) size 5x15
    RenderBlock (anonymous) at (0,0) size 5x15
layer at (174,140) size 5x10 scrollHeight 18
  RenderMathMLBlock (flex) {mo} at (0,0) size 5x10
    RenderBlock (anonymous) at (0,0) size 5x10
layer at (174,150) size 5x10 scrollHeight 17
  RenderMathMLBlock (flex) {mo} at (0,10) size 5x10
    RenderBlock (anonymous) at (0,0) size 5x10
      RenderText {mo} at (0,-4) size 5x21
        text run at (0,-4) width 5: "\x{239C}"
layer at (174,160) size 5x8 scrollHeight 17
  RenderMathMLBlock (flex) {mo} at (0,20) size 5x8
    RenderBlock (anonymous) at (0,0) size 5x8
      RenderText {mo} at (0,-4) size 5x21
        text run at (0,-4) width 5: "\x{239C}"
layer at (174,168) size 5x14 scrollHeight 17
  RenderMathMLBlock (flex) {mo} at (0,28) size 5x14
    RenderBlock (anonymous) at (0,0) size 5x14
layer at (221,140) size 5x10 scrollHeight 18
  RenderMathMLBlock (flex) {mo} at (0,0) size 5x10
    RenderBlock (anonymous) at (0,0) size 5x10
layer at (221,150) size 5x10 scrollHeight 17
  RenderMathMLBlock (flex) {mo} at (0,10) size 5x10
    RenderBlock (anonymous) at (0,0) size 5x10
      RenderText {mo} at (0,-4) size 5x21
        text run at (0,-4) width 5: "\x{239F}"
layer at (221,160) size 5x8 scrollHeight 17
  RenderMathMLBlock (flex) {mo} at (0,20) size 5x8
    RenderBlock (anonymous) at (0,0) size 5x8
      RenderText {mo} at (0,-4) size 5x21
        text run at (0,-4) width 5: "\x{239F}"
layer at (221,168) size 5x14 scrollHeight 17
  RenderMathMLBlock (flex) {mo} at (0,28) size 5x14
    RenderBlock (anonymous) at (0,0) size 5x14
layer at (234,140) size 7x4 scrollHeight 13
  RenderMathMLBlock (flex) {mo} at (0,0) size 7x4
    RenderBlock (anonymous) at (0,0) size 7x4
layer at (234,144) size 7x4 scrollHeight 12
  RenderMathMLBlock (flex) {mo} at (0,4) size 7x4
    RenderBlock (anonymous) at (0,0) size 7x4
      RenderText {mo} at (0,-9) size 7x21
        text run at (0,-9) width 7: "\x{23D0}"
layer at (234,148) size 7x4 scrollHeight 12
  RenderMathMLBlock (flex) {mo} at (0,8) size 7x4
    RenderBlock (anonymous) at (0,0) size 7x4
      RenderText {mo} at (0,-9) size 7x21
        text run at (0,-9) width 7: "\x{23D0}"
layer at (234,152) size 7x4 scrollHeight 12
  RenderMathMLBlock (flex) {mo} at (0,12) size 7x4
    RenderBlock (anonymous) at (0,0) size 7x4
      RenderText {mo} at (0,-9) size 7x21
        text run at (0,-9) width 7: "\x{23D0}"
layer at (234,156) size 7x4 scrollHeight 12
  RenderMathMLBlock (flex) {mo} at (0,16) size 7x4
    RenderBlock (anonymous) at (0,0) size 7x4
      RenderText {mo} at (0,-9) size 7x21
        text run at (0,-9) width 7: "\x{23D0}"
layer at (234,160) size 7x4 scrollHeight 12
  RenderMathMLBlock (flex) {mo} at (0,20) size 7x4
    RenderBlock (anonymous) at (0,0) size 7x4
      RenderText {mo} at (0,-9) size 7x21
        text run at (0,-9) width 7: "\x{23D0}"
layer at (234,164) size 7x4 scrollHeight 12
  RenderMathMLBlock (flex) {mo} at (0,24) size 7x4
    RenderBlock (anonymous) at (0,0) size 7x4
      RenderText {mo} at (0,-9) size 7x21
        text run at (0,-9) width 7: "\x{23D0}"
layer at (234,168) size 7x4 scrollHeight 12
  RenderMathMLBlock (flex) {mo} at (0,28) size 7x4
    RenderBlock (anonymous) at (0,0) size 7x4
      RenderText {mo} at (0,-9) size 7x21
        text run at (0,-9) width 7: "\x{23D0}"
layer at (234,172) size 7x2 scrollHeight 12
  RenderMathMLBlock (flex) {mo} at (0,32) size 7x2
    RenderBlock (anonymous) at (0,0) size 7x2
      RenderText {mo} at (0,-9) size 7x21
        text run at (0,-9) width 7: "\x{23D0}"
layer at (234,174) size 7x7 scrollHeight 12
  RenderMathMLBlock (flex) {mo} at (0,34) size 7x7
    RenderBlock (anonymous) at (0,0) size 7x7
layer at (283,140) size 7x4 scrollHeight 13
  RenderMathMLBlock (flex) {mo} at (0,0) size 7x4
    RenderBlock (anonymous) at (0,0) size 7x4
layer at (283,144) size 7x4 scrollHeight 12
  RenderMathMLBlock (flex) {mo} at (0,4) size 7x4
    RenderBlock (anonymous) at (0,0) size 7x4
      RenderText {mo} at (0,-9) size 7x21
        text run at (0,-9) width 7: "\x{23D0}"
layer at (283,148) size 7x4 scrollHeight 12
  RenderMathMLBlock (flex) {mo} at (0,8) size 7x4
    RenderBlock (anonymous) at (0,0) size 7x4
      RenderText {mo} at (0,-9) size 7x21
        text run at (0,-9) width 7: "\x{23D0}"
layer at (283,152) size 7x4 scrollHeight 12
  RenderMathMLBlock (flex) {mo} at (0,12) size 7x4
    RenderBlock (anonymous) at (0,0) size 7x4
      RenderText {mo} at (0,-9) size 7x21
        text run at (0,-9) width 7: "\x{23D0}"
layer at (283,156) size 7x4 scrollHeight 12
  RenderMathMLBlock (flex) {mo} at (0,16) size 7x4
    RenderBlock (anonymous) at (0,0) size 7x4
      RenderText {mo} at (0,-9) size 7x21
        text run at (0,-9) width 7: "\x{23D0}"
layer at (283,160) size 7x4 scrollHeight 12
  RenderMathMLBlock (flex) {mo} at (0,20) size 7x4
    RenderBlock (anonymous) at (0,0) size 7x4
      RenderText {mo} at (0,-9) size 7x21
        text run at (0,-9) width 7: "\x{23D0}"
layer at (283,164) size 7x4 scrollHeight 12
  RenderMathMLBlock (flex) {mo} at (0,24) size 7x4
    RenderBlock (anonymous) at (0,0) size 7x4
      RenderText {mo} at (0,-9) size 7x21
        text run at (0,-9) width 7: "\x{23D0}"
layer at (283,168) size 7x4 scrollHeight 12
  RenderMathMLBlock (flex) {mo} at (0,28) size 7x4
    RenderBlock (anonymous) at (0,0) size 7x4
      RenderText {mo} at (0,-9) size 7x21
        text run at (0,-9) width 7: "\x{23D0}"
layer at (283,172) size 7x2 scrollHeight 12
  RenderMathMLBlock (flex) {mo} at (0,32) size 7x2
    RenderBlock (anonymous) at (0,0) size 7x2
      RenderText {mo} at (0,-9) size 7x21
        text run at (0,-9) width 7: "\x{23D0}"
layer at (283,174) size 7x7 scrollHeight 12
  RenderMathMLBlock (flex) {mo} at (0,34) size 7x7
    RenderBlock (anonymous) at (0,0) size 7x7
layer at (298,140) size 10x10 scrollHeight 18
  RenderMathMLBlock (flex) {mo} at (0,0) size 10x10
    RenderBlock (anonymous) at (0,0) size 10x10
layer at (298,150) size 10x10 scrollHeight 17
  RenderMathMLBlock (flex) {mo} at (0,10) size 10x10
    RenderBlock (anonymous) at (0,0) size 10x10
      RenderText {mo} at (0,-4) size 10x21
        text run at (0,-4) width 10: "\x{23AE}"
layer at (298,160) size 10x8 scrollHeight 17
  RenderMathMLBlock (flex) {mo} at (0,20) size 10x8
    RenderBlock (anonymous) at (0,0) size 10x8
      RenderText {mo} at (0,-4) size 10x21
        text run at (0,-4) width 10: "\x{23AE}"
layer at (298,168) size 10x15 scrollHeight 17
  RenderMathMLBlock (flex) {mo} at (0,28) size 10x15
    RenderBlock (anonymous) at (0,0) size 10x15
layer at (50,199) size 7x10 scrollHeight 18
  RenderMathMLBlock (flex) {mo} at (0,0) size 7x10
    RenderBlock (anonymous) at (0,0) size 7x10
layer at (50,209) size 7x10 scrollHeight 17
  RenderMathMLBlock (flex) {mo} at (0,10) size 7x10
    RenderBlock (anonymous) at (0,0) size 7x10
      RenderText {mo} at (0,-4) size 7x21
        text run at (0,-4) width 7: "\x{23AA}"
layer at (50,219) size 7x3 scrollHeight 17
  RenderMathMLBlock (flex) {mo} at (0,20) size 7x3
    RenderBlock (anonymous) at (0,0) size 7x3
      RenderText {mo} at (0,-4) size 7x21
        text run at (0,-4) width 7: "\x{23AA}"
layer at (50,222) size 7x10 scrollHeight 17
  RenderMathMLBlock (flex) {mo} at (0,23) size 7x10
    RenderBlock (anonymous) at (0,0) size 7x10
layer at (50,232) size 7x10 scrollHeight 17
  RenderMathMLBlock (flex) {mo} at (0,33) size 7x10
    RenderBlock (anonymous) at (0,0) size 7x10
      RenderText {mo} at (0,-4) size 7x21
        text run at (0,-4) width 7: "\x{23AA}"
layer at (50,242) size 7x4 scrollHeight 17
  RenderMathMLBlock (flex) {mo} at (0,43) size 7x4
    RenderBlock (anonymous) at (0,0) size 7x4
      RenderText {mo} at (0,-4) size 7x21
        text run at (0,-4) width 7: "\x{23AA}"
layer at (50,246) size 7x15 scrollHeight 17
  RenderMathMLBlock (flex) {mo} at (0,47) size 7x15
    RenderBlock (anonymous) at (0,0) size 7x15
layer at (115,199) size 7x10 scrollHeight 18
  RenderMathMLBlock (flex) {mo} at (0,0) size 7x10
    RenderBlock (anonymous) at (0,0) size 7x10
layer at (115,209) size 7x10 scrollHeight 17
  RenderMathMLBlock (flex) {mo} at (0,10) size 7x10
    RenderBlock (anonymous) at (0,0) size 7x10
      RenderText {mo} at (0,-4) size 7x21
        text run at (0,-4) width 7: "\x{23AA}"
layer at (115,219) size 7x3 scrollHeight 17
  RenderMathMLBlock (flex) {mo} at (0,20) size 7x3
    RenderBlock (anonymous) at (0,0) size 7x3
      RenderText {mo} at (0,-4) size 7x21
        text run at (0,-4) width 7: "\x{23AA}"
layer at (115,222) size 7x10 scrollHeight 17
  RenderMathMLBlock (flex) {mo} at (0,23) size 7x10
    RenderBlock (anonymous) at (0,0) size 7x10
layer at (115,232) size 7x10 scrollHeight 17
  RenderMathMLBlock (flex) {mo} at (0,33) size 7x10
    RenderBlock (anonymous) at (0,0) size 7x10
      RenderText {mo} at (0,-4) size 7x21
        text run at (0,-4) width 7: "\x{23AA}"
layer at (115,242) size 7x4 scrollHeight 17
  RenderMathMLBlock (flex) {mo} at (0,43) size 7x4
    RenderBlock (anonymous) at (0,0) size 7x4
      RenderText {mo} at (0,-4) size 7x21
        text run at (0,-4) width 7: "\x{23AA}"
layer at (115,246) size 7x15 scrollHeight 17
  RenderMathMLBlock (flex) {mo} at (0,47) size 7x15
    RenderBlock (anonymous) at (0,0) size 7x15
layer at (130,199) size 5x10 scrollHeight 18
  RenderMathMLBlock (flex) {mo} at (0,0) size 5x10
    RenderBlock (anonymous) at (0,0) size 5x10
layer at (130,209) size 5x10 scrollHeight 17
  RenderMathMLBlock (flex) {mo} at (0,10) size 5x10
    RenderBlock (anonymous) at (0,0) size 5x10
      RenderText {mo} at (0,-4) size 5x21
        text run at (0,-4) width 5: "\x{23A2}"
layer at (130,219) size 5x10 scrollHeight 17
  RenderMathMLBlock (flex) {mo} at (0,20) size 5x10
    RenderBlock (anonymous) at (0,0) size 5x10
      RenderText {mo} at (0,-4) size 5x21
        text run at (0,-4) width 5: "\x{23A2}"
layer at (130,229) size 5x10 scrollHeight 17
  RenderMathMLBlock (flex) {mo} at (0,30) size 5x10
    RenderBlock (anonymous) at (0,0) size 5x10
      RenderText {mo} at (0,-4) size 5x21
        text run at (0,-4) width 5: "\x{23A2}"
layer at (130,239) size 5x7 scrollHeight 17
  RenderMathMLBlock (flex) {mo} at (0,40) size 5x7
    RenderBlock (anonymous) at (0,0) size 5x7
      RenderText {mo} at (0,-4) size 5x21
        text run at (0,-4) width 5: "\x{23A2}"
layer at (130,246) size 5x15 scrollHeight 17
  RenderMathMLBlock (flex) {mo} at (0,47) size 5x15
    RenderBlock (anonymous) at (0,0) size 5x15
layer at (193,199) size 5x10 scrollHeight 18
  RenderMathMLBlock (flex) {mo} at (0,0) size 5x10
    RenderBlock (anonymous) at (0,0) size 5x10
layer at (193,209) size 5x10 scrollHeight 17
  RenderMathMLBlock (flex) {mo} at (0,10) size 5x10
    RenderBlock (anonymous) at (0,0) size 5x10
      RenderText {mo} at (0,-4) size 5x21
        text run at (0,-4) width 5: "\x{23A5}"
layer at (193,219) size 5x10 scrollHeight 17
  RenderMathMLBlock (flex) {mo} at (0,20) size 5x10
    RenderBlock (anonymous) at (0,0) size 5x10
      RenderText {mo} at (0,-4) size 5x21
        text run at (0,-4) width 5: "\x{23A5}"
layer at (193,229) size 5x10 scrollHeight 17
  RenderMathMLBlock (flex) {mo} at (0,30) size 5x10
    RenderBlock (anonymous) at (0,0) size 5x10
      RenderText {mo} at (0,-4) size 5x21
        text run at (0,-4) width 5: "\x{23A5}"
layer at (193,239) size 5x7 scrollHeight 17
  RenderMathMLBlock (flex) {mo} at (0,40) size 5x7
    RenderBlock (anonymous) at (0,0) size 5x7
      RenderText {mo} at (0,-4) size 5x21
        text run at (0,-4) width 5: "\x{23A5}"
layer at (193,246) size 5x15 scrollHeight 17
  RenderMathMLBlock (flex) {mo} at (0,47) size 5x15
    RenderBlock (anonymous) at (0,0) size 5x15
layer at (206,199) size 5x10 scrollHeight 18
  RenderMathMLBlock (flex) {mo} at (0,0) size 5x10
    RenderBlock (anonymous) at (0,0) size 5x10
layer at (206,209) size 5x10 scrollHeight 17
  RenderMathMLBlock (flex) {mo} at (0,10) size 5x10
    RenderBlock (anonymous) at (0,0) size 5x10
      RenderText {mo} at (0,-4) size 5x21
        text run at (0,-4) width 5: "\x{239C}"
layer at (206,219) size 5x10 scrollHeight 17
  RenderMathMLBlock (flex) {mo} at (0,20) size 5x10
    RenderBlock (anonymous) at (0,0) size 5x10
      RenderText {mo} at (0,-4) size 5x21
        text run at (0,-4) width 5: "\x{239C}"
layer at (206,229) size 5x10 scrollHeight 17
  RenderMathMLBlock (flex) {mo} at (0,30) size 5x10
    RenderBlock (anonymous) at (0,0) size 5x10
      RenderText {mo} at (0,-4) size 5x21
        text run at (0,-4) width 5: "\x{239C}"
layer at (206,239) size 5x7 scrollHeight 17
  RenderMathMLBlock (flex) {mo} at (0,40) size 5x7
    RenderBlock (anonymous) at (0,0) size 5x7
      RenderText {mo} at (0,-4) size 5x21
        text run at (0,-4) width 5: "\x{239C}"
layer at (206,246) size 5x14 scrollHeight 17
  RenderMathMLBlock (flex) {mo} at (0,47) size 5x14
    RenderBlock (anonymous) at (0,0) size 5x14
layer at (269,199) size 5x10 scrollHeight 18
  RenderMathMLBlock (flex) {mo} at (0,0) size 5x10
    RenderBlock (anonymous) at (0,0) size 5x10
layer at (269,209) size 5x10 scrollHeight 17
  RenderMathMLBlock (flex) {mo} at (0,10) size 5x10
    RenderBlock (anonymous) at (0,0) size 5x10
      RenderText {mo} at (0,-4) size 5x21
        text run at (0,-4) width 5: "\x{239F}"
layer at (269,219) size 5x10 scrollHeight 17
  RenderMathMLBlock (flex) {mo} at (0,20) size 5x10
    RenderBlock (anonymous) at (0,0) size 5x10
      RenderText {mo} at (0,-4) size 5x21
        text run at (0,-4) width 5: "\x{239F}"
layer at (269,229) size 5x10 scrollHeight 17
  RenderMathMLBlock (flex) {mo} at (0,30) size 5x10
    RenderBlock (anonymous) at (0,0) size 5x10
      RenderText {mo} at (0,-4) size 5x21
        text run at (0,-4) width 5: "\x{239F}"
layer at (269,239) size 5x7 scrollHeight 17
  RenderMathMLBlock (flex) {mo} at (0,40) size 5x7
    RenderBlock (anonymous) at (0,0) size 5x7
      RenderText {mo} at (0,-4) size 5x21
        text run at (0,-4) width 5: "\x{239F}"
layer at (269,246) size 5x14 scrollHeight 17
  RenderMathMLBlock (flex) {mo} at (0,47) size 5x14
    RenderBlock (anonymous) at (0,0) size 5x14
layer at (282,199) size 7x4 scrollHeight 13
  RenderMathMLBlock (flex) {mo} at (0,0) size 7x4
    RenderBlock (anonymous) at (0,0) size 7x4
layer at (282,203) size 7x4 scrollHeight 12
  RenderMathMLBlock (flex) {mo} at (0,4) size 7x4
    RenderBlock (anonymous) at (0,0) size 7x4
      RenderText {mo} at (0,-9) size 7x21
        text run at (0,-9) width 7: "\x{23D0}"
layer at (282,207) size 7x4 scrollHeight 12
  RenderMathMLBlock (flex) {mo} at (0,8) size 7x4
    RenderBlock (anonymous) at (0,0) size 7x4
      RenderText {mo} at (0,-9) size 7x21
        text run at (0,-9) width 7: "\x{23D0}"
layer at (282,211) size 7x4 scrollHeight 12
  RenderMathMLBlock (flex) {mo} at (0,12) size 7x4
    RenderBlock (anonymous) at (0,0) size 7x4
      RenderText {mo} at (0,-9) size 7x21
        text run at (0,-9) width 7: "\x{23D0}"
layer at (282,215) size 7x4 scrollHeight 12
  RenderMathMLBlock (flex) {mo} at (0,16) size 7x4
    RenderBlock (anonymous) at (0,0) size 7x4
      RenderText {mo} at (0,-9) size 7x21
        text run at (0,-9) width 7: "\x{23D0}"
layer at (282,219) size 7x4 scrollHeight 12
  RenderMathMLBlock (flex) {mo} at (0,20) size 7x4
    RenderBlock (anonymous) at (0,0) size 7x4
      RenderText {mo} at (0,-9) size 7x21
        text run at (0,-9) width 7: "\x{23D0}"
layer at (282,223) size 7x4 scrollHeight 12
  RenderMathMLBlock (flex) {mo} at (0,24) size 7x4
    RenderBlock (anonymous) at (0,0) size 7x4
      RenderText {mo} at (0,-9) size 7x21
        text run at (0,-9) width 7: "\x{23D0}"
layer at (282,227) size 7x4 scrollHeight 12
  RenderMathMLBlock (flex) {mo} at (0,28) size 7x4
    RenderBlock (anonymous) at (0,0) size 7x4
      RenderText {mo} at (0,-9) size 7x21
        text run at (0,-9) width 7: "\x{23D0}"
layer at (282,231) size 7x4 scrollHeight 12
  RenderMathMLBlock (flex) {mo} at (0,32) size 7x4
    RenderBlock (anonymous) at (0,0) size 7x4
      RenderText {mo} at (0,-9) size 7x21
        text run at (0,-9) width 7: "\x{23D0}"
layer at (282,235) size 7x4 scrollHeight 12
  RenderMathMLBlock (flex) {mo} at (0,36) size 7x4
    RenderBlock (anonymous) at (0,0) size 7x4
      RenderText {mo} at (0,-9) size 7x21
        text run at (0,-9) width 7: "\x{23D0}"
layer at (282,239) size 7x4 scrollHeight 12
  RenderMathMLBlock (flex) {mo} at (0,40) size 7x4
    RenderBlock (anonymous) at (0,0) size 7x4
      RenderText {mo} at (0,-9) size 7x21
        text run at (0,-9) width 7: "\x{23D0}"
layer at (282,243) size 7x4 scrollHeight 12
  RenderMathMLBlock (flex) {mo} at (0,44) size 7x4
    RenderBlock (anonymous) at (0,0) size 7x4
      RenderText {mo} at (0,-9) size 7x21
        text run at (0,-9) width 7: "\x{23D0}"
layer at (282,247) size 7x4 scrollHeight 12
  RenderMathMLBlock (flex) {mo} at (0,48) size 7x4
    RenderBlock (anonymous) at (0,0) size 7x4
      RenderText {mo} at (0,-9) size 7x21
        text run at (0,-9) width 7: "\x{23D0}"
layer at (282,251) size 7x1 scrollHeight 12
  RenderMathMLBlock (flex) {mo} at (0,52) size 7x1
    RenderBlock (anonymous) at (0,0) size 7x1
      RenderText {mo} at (0,-9) size 7x21
        text run at (0,-9) width 7: "\x{23D0}"
layer at (282,252) size 7x7 scrollHeight 12
  RenderMathMLBlock (flex) {mo} at (0,53) size 7x7
    RenderBlock (anonymous) at (0,0) size 7x7
layer at (347,199) size 7x4 scrollHeight 13
  RenderMathMLBlock (flex) {mo} at (0,0) size 7x4
    RenderBlock (anonymous) at (0,0) size 7x4
layer at (347,203) size 7x4 scrollHeight 12
  RenderMathMLBlock (flex) {mo} at (0,4) size 7x4
    RenderBlock (anonymous) at (0,0) size 7x4
      RenderText {mo} at (0,-9) size 7x21
        text run at (0,-9) width 7: "\x{23D0}"
layer at (347,207) size 7x4 scrollHeight 12
  RenderMathMLBlock (flex) {mo} at (0,8) size 7x4
    RenderBlock (anonymous) at (0,0) size 7x4
      RenderText {mo} at (0,-9) size 7x21
        text run at (0,-9) width 7: "\x{23D0}"
layer at (347,211) size 7x4 scrollHeight 12
  RenderMathMLBlock (flex) {mo} at (0,12) size 7x4
    RenderBlock (anonymous) at (0,0) size 7x4
      RenderText {mo} at (0,-9) size 7x21
        text run at (0,-9) width 7: "\x{23D0}"
layer at (347,215) size 7x4 scrollHeight 12
  RenderMathMLBlock (flex) {mo} at (0,16) size 7x4
    RenderBlock (anonymous) at (0,0) size 7x4
      RenderText {mo} at (0,-9) size 7x21
        text run at (0,-9) width 7: "\x{23D0}"
layer at (347,219) size 7x4 scrollHeight 12
  RenderMathMLBlock (flex) {mo} at (0,20) size 7x4
    RenderBlock (anonymous) at (0,0) size 7x4
      RenderText {mo} at (0,-9) size 7x21
        text run at (0,-9) width 7: "\x{23D0}"
layer at (347,223) size 7x4 scrollHeight 12
  RenderMathMLBlock (flex) {mo} at (0,24) size 7x4
    RenderBlock (anonymous) at (0,0) size 7x4
      RenderText {mo} at (0,-9) size 7x21
        text run at (0,-9) width 7: "\x{23D0}"
layer at (347,227) size 7x4 scrollHeight 12
  RenderMathMLBlock (flex) {mo} at (0,28) size 7x4
    RenderBlock (anonymous) at (0,0) size 7x4
      RenderText {mo} at (0,-9) size 7x21
        text run at (0,-9) width 7: "\x{23D0}"
layer at (347,231) size 7x4 scrollHeight 12
  RenderMathMLBlock (flex) {mo} at (0,32) size 7x4
    RenderBlock (anonymous) at (0,0) size 7x4
      RenderText {mo} at (0,-9) size 7x21
        text run at (0,-9) width 7: "\x{23D0}"
layer at (347,235) size 7x4 scrollHeight 12
  RenderMathMLBlock (flex) {mo} at (0,36) size 7x4
    RenderBlock (anonymous) at (0,0) size 7x4
      RenderText {mo} at (0,-9) size 7x21
        text run at (0,-9) width 7: "\x{23D0}"
layer at (347,239) size 7x4 scrollHeight 12
  RenderMathMLBlock (flex) {mo} at (0,40) size 7x4
    RenderBlock (anonymous) at (0,0) size 7x4
      RenderText {mo} at (0,-9) size 7x21
        text run at (0,-9) width 7: "\x{23D0}"
layer at (347,243) size 7x4 scrollHeight 12
  RenderMathMLBlock (flex) {mo} at (0,44) size 7x4
    RenderBlock (anonymous) at (0,0) size 7x4
      RenderText {mo} at (0,-9) size 7x21
        text run at (0,-9) width 7: "\x{23D0}"
layer at (347,247) size 7x4 scrollHeight 12
  RenderMathMLBlock (flex) {mo} at (0,48) size 7x4
    RenderBlock (anonymous) at (0,0) size 7x4
      RenderText {mo} at (0,-9) size 7x21
        text run at (0,-9) width 7: "\x{23D0}"
layer at (347,251) size 7x1 scrollHeight 12
  RenderMathMLBlock (flex) {mo} at (0,52) size 7x1
    RenderBlock (anonymous) at (0,0) size 7x1
      RenderText {mo} at (0,-9) size 7x21
        text run at (0,-9) width 7: "\x{23D0}"
layer at (347,252) size 7x7 scrollHeight 12
  RenderMathMLBlock (flex) {mo} at (0,53) size 7x7
    RenderBlock (anonymous) at (0,0) size 7x7
layer at (362,199) size 10x10 scrollHeight 18
  RenderMathMLBlock (flex) {mo} at (0,0) size 10x10
    RenderBlock (anonymous) at (0,0) size 10x10
layer at (362,209) size 10x10 scrollHeight 17
  RenderMathMLBlock (flex) {mo} at (0,10) size 10x10
    RenderBlock (anonymous) at (0,0) size 10x10
      RenderText {mo} at (0,-4) size 10x21
        text run at (0,-4) width 10: "\x{23AE}"
layer at (362,219) size 10x10 scrollHeight 17
  RenderMathMLBlock (flex) {mo} at (0,20) size 10x10
    RenderBlock (anonymous) at (0,0) size 10x10
      RenderText {mo} at (0,-4) size 10x21
        text run at (0,-4) width 10: "\x{23AE}"
layer at (362,229) size 10x10 scrollHeight 17
  RenderMathMLBlock (flex) {mo} at (0,30) size 10x10
    RenderBlock (anonymous) at (0,0) size 10x10
      RenderText {mo} at (0,-4) size 10x21
        text run at (0,-4) width 10: "\x{23AE}"
layer at (362,239) size 10x7 scrollHeight 17
  RenderMathMLBlock (flex) {mo} at (0,40) size 10x7
    RenderBlock (anonymous) at (0,0) size 10x7
      RenderText {mo} at (0,-4) size 10x21
        text run at (0,-4) width 10: "\x{23AE}"
layer at (362,246) size 10x15 scrollHeight 17
  RenderMathMLBlock (flex) {mo} at (0,47) size 10x15
    RenderBlock (anonymous) at (0,0) size 10x15
layer at (58,277) size 7x10 scrollHeight 18
  RenderMathMLBlock (flex) {mo} at (0,0) size 7x10
    RenderBlock (anonymous) at (0,0) size 7x10
layer at (58,287) size 7x10 scrollHeight 17
  RenderMathMLBlock (flex) {mo} at (0,10) size 7x10
    RenderBlock (anonymous) at (0,0) size 7x10
      RenderText {mo} at (0,-4) size 7x21
        text run at (0,-4) width 7: "\x{23AA}"
layer at (58,297) size 7x10 scrollHeight 17
  RenderMathMLBlock (flex) {mo} at (0,20) size 7x10
    RenderBlock (anonymous) at (0,0) size 7x10
      RenderText {mo} at (0,-4) size 7x21
        text run at (0,-4) width 7: "\x{23AA}"
layer at (58,307) size 7x10 scrollHeight 17
  RenderMathMLBlock (flex) {mo} at (0,30) size 7x10
    RenderBlock (anonymous) at (0,0) size 7x10
      RenderText {mo} at (0,-4) size 7x21
        text run at (0,-4) width 7: "\x{23AA}"
layer at (58,317) size 7x10 scrollHeight 17
  RenderMathMLBlock (flex) {mo} at (0,40) size 7x10
    RenderBlock (anonymous) at (0,0) size 7x10
      RenderText {mo} at (0,-4) size 7x21
        text run at (0,-4) width 7: "\x{23AA}"
layer at (58,327) size 7x10 scrollHeight 17
  RenderMathMLBlock (flex) {mo} at (0,50) size 7x10
    RenderBlock (anonymous) at (0,0) size 7x10
      RenderText {mo} at (0,-4) size 7x21
        text run at (0,-4) width 7: "\x{23AA}"
layer at (58,337) size 7x7 scrollHeight 17
  RenderMathMLBlock (flex) {mo} at (0,60) size 7x7
    RenderBlock (anonymous) at (0,0) size 7x7
      RenderText {mo} at (0,-4) size 7x21
        text run at (0,-4) width 7: "\x{23AA}"
layer at (58,344) size 7x10 scrollHeight 17
  RenderMathMLBlock (flex) {mo} at (0,67) size 7x10
    RenderBlock (anonymous) at (0,0) size 7x10
layer at (58,354) size 7x10 scrollHeight 17
  RenderMathMLBlock (flex) {mo} at (0,77) size 7x10
    RenderBlock (anonymous) at (0,0) size 7x10
      RenderText {mo} at (0,-4) size 7x21
        text run at (0,-4) width 7: "\x{23AA}"
layer at (58,364) size 7x10 scrollHeight 17
  RenderMathMLBlock (flex) {mo} at (0,87) size 7x10
    RenderBlock (anonymous) at (0,0) size 7x10
      RenderText {mo} at (0,-4) size 7x21
        text run at (0,-4) width 7: "\x{23AA}"
layer at (58,374) size 7x10 scrollHeight 17
  RenderMathMLBlock (flex) {mo} at (0,97) size 7x10
    RenderBlock (anonymous) at (0,0) size 7x10
      RenderText {mo} at (0,-4) size 7x21
        text run at (0,-4) width 7: "\x{23AA}"
layer at (58,384) size 7x10 scrollHeight 17
  RenderMathMLBlock (flex) {mo} at (0,107) size 7x10
    RenderBlock (anonymous) at (0,0) size 7x10
      RenderText {mo} at (0,-4) size 7x21
        text run at (0,-4) width 7: "\x{23AA}"
layer at (58,394) size 7x10 scrollHeight 17
  RenderMathMLBlock (flex) {mo} at (0,117) size 7x10
    RenderBlock (anonymous) at (0,0) size 7x10
      RenderText {mo} at (0,-4) size 7x21
        text run at (0,-4) width 7: "\x{23AA}"
layer at (58,404) size 7x7 scrollHeight 17
  RenderMathMLBlock (flex) {mo} at (0,127) size 7x7
    RenderBlock (anonymous) at (0,0) size 7x7
      RenderText {mo} at (0,-4) size 7x21
        text run at (0,-4) width 7: "\x{23AA}"
layer at (58,411) size 7x15 scrollHeight 17
  RenderMathMLBlock (flex) {mo} at (0,134) size 7x15
    RenderBlock (anonymous) at (0,0) size 7x15
layer at (123,277) size 7x10 scrollHeight 18
  RenderMathMLBlock (flex) {mo} at (0,0) size 7x10
    RenderBlock (anonymous) at (0,0) size 7x10
layer at (123,287) size 7x10 scrollHeight 17
  RenderMathMLBlock (flex) {mo} at (0,10) size 7x10
    RenderBlock (anonymous) at (0,0) size 7x10
      RenderText {mo} at (0,-4) size 7x21
        text run at (0,-4) width 7: "\x{23AA}"
layer at (123,297) size 7x10 scrollHeight 17
  RenderMathMLBlock (flex) {mo} at (0,20) size 7x10
    RenderBlock (anonymous) at (0,0) size 7x10
      RenderText {mo} at (0,-4) size 7x21
        text run at (0,-4) width 7: "\x{23AA}"
layer at (123,307) size 7x10 scrollHeight 17
  RenderMathMLBlock (flex) {mo} at (0,30) size 7x10
    RenderBlock (anonymous) at (0,0) size 7x10
      RenderText {mo} at (0,-4) size 7x21
        text run at (0,-4) width 7: "\x{23AA}"
layer at (123,317) size 7x10 scrollHeight 17
  RenderMathMLBlock (flex) {mo} at (0,40) size 7x10
    RenderBlock (anonymous) at (0,0) size 7x10
      RenderText {mo} at (0,-4) size 7x21
        text run at (0,-4) width 7: "\x{23AA}"
layer at (123,327) size 7x10 scrollHeight 17
  RenderMathMLBlock (flex) {mo} at (0,50) size 7x10
    RenderBlock (anonymous) at (0,0) size 7x10
      RenderText {mo} at (0,-4) size 7x21
        text run at (0,-4) width 7: "\x{23AA}"
layer at (123,337) size 7x7 scrollHeight 17
  RenderMathMLBlock (flex) {mo} at (0,60) size 7x7
    RenderBlock (anonymous) at (0,0) size 7x7
      RenderText {mo} at (0,-4) size 7x21
        text run at (0,-4) width 7: "\x{23AA}"
layer at (123,344) size 7x10 scrollHeight 17
  RenderMathMLBlock (flex) {mo} at (0,67) size 7x10
    RenderBlock (anonymous) at (0,0) size 7x10
layer at (123,354) size 7x10 scrollHeight 17
  RenderMathMLBlock (flex) {mo} at (0,77) size 7x10
    RenderBlock (anonymous) at (0,0) size 7x10
      RenderText {mo} at (0,-4) size 7x21
        text run at (0,-4) width 7: "\x{23AA}"
layer at (123,364) size 7x10 scrollHeight 17
  RenderMathMLBlock (flex) {mo} at (0,87) size 7x10
    RenderBlock (anonymous) at (0,0) size 7x10
      RenderText {mo} at (0,-4) size 7x21
        text run at (0,-4) width 7: "\x{23AA}"
layer at (123,374) size 7x10 scrollHeight 17
  RenderMathMLBlock (flex) {mo} at (0,97) size 7x10
    RenderBlock (anonymous) at (0,0) size 7x10
      RenderText {mo} at (0,-4) size 7x21
        text run at (0,-4) width 7: "\x{23AA}"
layer at (123,384) size 7x10 scrollHeight 17
  RenderMathMLBlock (flex) {mo} at (0,107) size 7x10
    RenderBlock (anonymous) at (0,0) size 7x10
      RenderText {mo} at (0,-4) size 7x21
        text run at (0,-4) width 7: "\x{23AA}"
layer at (123,394) size 7x10 scrollHeight 17
  RenderMathMLBlock (flex) {mo} at (0,117) size 7x10
    RenderBlock (anonymous) at (0,0) size 7x10
      RenderText {mo} at (0,-4) size 7x21
        text run at (0,-4) width 7: "\x{23AA}"
layer at (123,404) size 7x7 scrollHeight 17
  RenderMathMLBlock (flex) {mo} at (0,127) size 7x7
    RenderBlock (anonymous) at (0,0) size 7x7
      RenderText {mo} at (0,-4) size 7x21
        text run at (0,-4) width 7: "\x{23AA}"
layer at (123,411) size 7x15 scrollHeight 17
  RenderMathMLBlock (flex) {mo} at (0,134) size 7x15
    RenderBlock (anonymous) at (0,0) size 7x15
layer at (138,277) size 5x10 scrollHeight 18
  RenderMathMLBlock (flex) {mo} at (0,0) size 5x10
    RenderBlock (anonymous) at (0,0) size 5x10
layer at (138,287) size 5x10 scrollHeight 17
  RenderMathMLBlock (flex) {mo} at (0,10) size 5x10
    RenderBlock (anonymous) at (0,0) size 5x10
      RenderText {mo} at (0,-4) size 5x21
        text run at (0,-4) width 5: "\x{23A2}"
layer at (138,297) size 5x10 scrollHeight 17
  RenderMathMLBlock (flex) {mo} at (0,20) size 5x10
    RenderBlock (anonymous) at (0,0) size 5x10
      RenderText {mo} at (0,-4) size 5x21
        text run at (0,-4) width 5: "\x{23A2}"
layer at (138,307) size 5x10 scrollHeight 17
  RenderMathMLBlock (flex) {mo} at (0,30) size 5x10
    RenderBlock (anonymous) at (0,0) size 5x10
      RenderText {mo} at (0,-4) size 5x21
        text run at (0,-4) width 5: "\x{23A2}"
layer at (138,317) size 5x10 scrollHeight 17
  RenderMathMLBlock (flex) {mo} at (0,40) size 5x10
    RenderBlock (anonymous) at (0,0) size 5x10
      RenderText {mo} at (0,-4) size 5x21
        text run at (0,-4) width 5: "\x{23A2}"
layer at (138,327) size 5x10 scrollHeight 17
  RenderMathMLBlock (flex) {mo} at (0,50) size 5x10
    RenderBlock (anonymous) at (0,0) size 5x10
      RenderText {mo} at (0,-4) size 5x21
        text run at (0,-4) width 5: "\x{23A2}"
layer at (138,337) size 5x10 scrollHeight 17
  RenderMathMLBlock (flex) {mo} at (0,60) size 5x10
    RenderBlock (anonymous) at (0,0) size 5x10
      RenderText {mo} at (0,-4) size 5x21
        text run at (0,-4) width 5: "\x{23A2}"
layer at (138,347) size 5x10 scrollHeight 17
  RenderMathMLBlock (flex) {mo} at (0,70) size 5x10
    RenderBlock (anonymous) at (0,0) size 5x10
      RenderText {mo} at (0,-4) size 5x21
        text run at (0,-4) width 5: "\x{23A2}"
layer at (138,357) size 5x10 scrollHeight 17
  RenderMathMLBlock (flex) {mo} at (0,80) size 5x10
    RenderBlock (anonymous) at (0,0) size 5x10
      RenderText {mo} at (0,-4) size 5x21
        text run at (0,-4) width 5: "\x{23A2}"
layer at (138,367) size 5x10 scrollHeight 17
  RenderMathMLBlock (flex) {mo} at (0,90) size 5x10
    RenderBlock (anonymous) at (0,0) size 5x10
      RenderText {mo} at (0,-4) size 5x21
        text run at (0,-4) width 5: "\x{23A2}"
layer at (138,377) size 5x10 scrollHeight 17
  RenderMathMLBlock (flex) {mo} at (0,100) size 5x10
    RenderBlock (anonymous) at (0,0) size 5x10
      RenderText {mo} at (0,-4) size 5x21
        text run at (0,-4) width 5: "\x{23A2}"
layer at (138,387) size 5x10 scrollHeight 17
  RenderMathMLBlock (flex) {mo} at (0,110) size 5x10
    RenderBlock (anonymous) at (0,0) size 5x10
      RenderText {mo} at (0,-4) size 5x21
        text run at (0,-4) width 5: "\x{23A2}"
layer at (138,397) size 5x10 scrollHeight 17
  RenderMathMLBlock (flex) {mo} at (0,120) size 5x10
    RenderBlock (anonymous) at (0,0) size 5x10
      RenderText {mo} at (0,-4) size 5x21
        text run at (0,-4) width 5: "\x{23A2}"
layer at (138,407) size 5x4 scrollHeight 17
  RenderMathMLBlock (flex) {mo} at (0,130) size 5x4
    RenderBlock (anonymous) at (0,0) size 5x4
      RenderText {mo} at (0,-4) size 5x21
        text run at (0,-4) width 5: "\x{23A2}"
layer at (138,411) size 5x15 scrollHeight 17
  RenderMathMLBlock (flex) {mo} at (0,134) size 5x15
    RenderBlock (anonymous) at (0,0) size 5x15
layer at (201,277) size 5x10 scrollHeight 18
  RenderMathMLBlock (flex) {mo} at (0,0) size 5x10
    RenderBlock (anonymous) at (0,0) size 5x10
layer at (201,287) size 5x10 scrollHeight 17
  RenderMathMLBlock (flex) {mo} at (0,10) size 5x10
    RenderBlock (anonymous) at (0,0) size 5x10
      RenderText {mo} at (0,-4) size 5x21
        text run at (0,-4) width 5: "\x{23A5}"
layer at (201,297) size 5x10 scrollHeight 17
  RenderMathMLBlock (flex) {mo} at (0,20) size 5x10
    RenderBlock (anonymous) at (0,0) size 5x10
      RenderText {mo} at (0,-4) size 5x21
        text run at (0,-4) width 5: "\x{23A5}"
layer at (201,307) size 5x10 scrollHeight 17
  RenderMathMLBlock (flex) {mo} at (0,30) size 5x10
    RenderBlock (anonymous) at (0,0) size 5x10
      RenderText {mo} at (0,-4) size 5x21
        text run at (0,-4) width 5: "\x{23A5}"
layer at (201,317) size 5x10 scrollHeight 17
  RenderMathMLBlock (flex) {mo} at (0,40) size 5x10
    RenderBlock (anonymous) at (0,0) size 5x10
      RenderText {mo} at (0,-4) size 5x21
        text run at (0,-4) width 5: "\x{23A5}"
layer at (201,327) size 5x10 scrollHeight 17
  RenderMathMLBlock (flex) {mo} at (0,50) size 5x10
    RenderBlock (anonymous) at (0,0) size 5x10
      RenderText {mo} at (0,-4) size 5x21
        text run at (0,-4) width 5: "\x{23A5}"
layer at (201,337) size 5x10 scrollHeight 17
  RenderMathMLBlock (flex) {mo} at (0,60) size 5x10
    RenderBlock (anonymous) at (0,0) size 5x10
      RenderText {mo} at (0,-4) size 5x21
        text run at (0,-4) width 5: "\x{23A5}"
layer at (201,347) size 5x10 scrollHeight 17
  RenderMathMLBlock (flex) {mo} at (0,70) size 5x10
    RenderBlock (anonymous) at (0,0) size 5x10
      RenderText {mo} at (0,-4) size 5x21
        text run at (0,-4) width 5: "\x{23A5}"
layer at (201,357) size 5x10 scrollHeight 17
  RenderMathMLBlock (flex) {mo} at (0,80) size 5x10
    RenderBlock (anonymous) at (0,0) size 5x10
      RenderText {mo} at (0,-4) size 5x21
        text run at (0,-4) width 5: "\x{23A5}"
layer at (201,367) size 5x10 scrollHeight 17
  RenderMathMLBlock (flex) {mo} at (0,90) size 5x10
    RenderBlock (anonymous) at (0,0) size 5x10
      RenderText {mo} at (0,-4) size 5x21
        text run at (0,-4) width 5: "\x{23A5}"
layer at (201,377) size 5x10 scrollHeight 17
  RenderMathMLBlock (flex) {mo} at (0,100) size 5x10
    RenderBlock (anonymous) at (0,0) size 5x10
      RenderText {mo} at (0,-4) size 5x21
        text run at (0,-4) width 5: "\x{23A5}"
layer at (201,387) size 5x10 scrollHeight 17
  RenderMathMLBlock (flex) {mo} at (0,110) size 5x10
    RenderBlock (anonymous) at (0,0) size 5x10
      RenderText {mo} at (0,-4) size 5x21
        text run at (0,-4) width 5: "\x{23A5}"
layer at (201,397) size 5x10 scrollHeight 17
  RenderMathMLBlock (flex) {mo} at (0,120) size 5x10
    RenderBlock (anonymous) at (0,0) size 5x10
      RenderText {mo} at (0,-4) size 5x21
        text run at (0,-4) width 5: "\x{23A5}"
layer at (201,407) size 5x4 scrollHeight 17
  RenderMathMLBlock (flex) {mo} at (0,130) size 5x4
    RenderBlock (anonymous) at (0,0) size 5x4
      RenderText {mo} at (0,-4) size 5x21
        text run at (0,-4) width 5: "\x{23A5}"
layer at (201,411) size 5x15 scrollHeight 17
  RenderMathMLBlock (flex) {mo} at (0,134) size 5x15
    RenderBlock (anonymous) at (0,0) size 5x15
layer at (214,277) size 5x10 scrollHeight 18
  RenderMathMLBlock (flex) {mo} at (0,0) size 5x10
    RenderBlock (anonymous) at (0,0) size 5x10
layer at (214,287) size 5x10 scrollHeight 17
  RenderMathMLBlock (flex) {mo} at (0,10) size 5x10
    RenderBlock (anonymous) at (0,0) size 5x10
      RenderText {mo} at (0,-4) size 5x21
        text run at (0,-4) width 5: "\x{239C}"
layer at (214,297) size 5x10 scrollHeight 17
  RenderMathMLBlock (flex) {mo} at (0,20) size 5x10
    RenderBlock (anonymous) at (0,0) size 5x10
      RenderText {mo} at (0,-4) size 5x21
        text run at (0,-4) width 5: "\x{239C}"
layer at (214,307) size 5x10 scrollHeight 17
  RenderMathMLBlock (flex) {mo} at (0,30) size 5x10
    RenderBlock (anonymous) at (0,0) size 5x10
      RenderText {mo} at (0,-4) size 5x21
        text run at (0,-4) width 5: "\x{239C}"
layer at (214,317) size 5x10 scrollHeight 17
  RenderMathMLBlock (flex) {mo} at (0,40) size 5x10
    RenderBlock (anonymous) at (0,0) size 5x10
      RenderText {mo} at (0,-4) size 5x21
        text run at (0,-4) width 5: "\x{239C}"
layer at (214,327) size 5x10 scrollHeight 17
  RenderMathMLBlock (flex) {mo} at (0,50) size 5x10
    RenderBlock (anonymous) at (0,0) size 5x10
      RenderText {mo} at (0,-4) size 5x21
        text run at (0,-4) width 5: "\x{239C}"
layer at (214,337) size 5x10 scrollHeight 17
  RenderMathMLBlock (flex) {mo} at (0,60) size 5x10
    RenderBlock (anonymous) at (0,0) size 5x10
      RenderText {mo} at (0,-4) size 5x21
        text run at (0,-4) width 5: "\x{239C}"
layer at (214,347) size 5x10 scrollHeight 17
  RenderMathMLBlock (flex) {mo} at (0,70) size 5x10
    RenderBlock (anonymous) at (0,0) size 5x10
      RenderText {mo} at (0,-4) size 5x21
        text run at (0,-4) width 5: "\x{239C}"
layer at (214,357) size 5x10 scrollHeight 17
  RenderMathMLBlock (flex) {mo} at (0,80) size 5x10
    RenderBlock (anonymous) at (0,0) size 5x10
      RenderText {mo} at (0,-4) size 5x21
        text run at (0,-4) width 5: "\x{239C}"
layer at (214,367) size 5x10 scrollHeight 17
  RenderMathMLBlock (flex) {mo} at (0,90) size 5x10
    RenderBlock (anonymous) at (0,0) size 5x10
      RenderText {mo} at (0,-4) size 5x21
        text run at (0,-4) width 5: "\x{239C}"
layer at (214,377) size 5x10 scrollHeight 17
  RenderMathMLBlock (flex) {mo} at (0,100) size 5x10
    RenderBlock (anonymous) at (0,0) size 5x10
      RenderText {mo} at (0,-4) size 5x21
        text run at (0,-4) width 5: "\x{239C}"
layer at (214,387) size 5x10 scrollHeight 17
  RenderMathMLBlock (flex) {mo} at (0,110) size 5x10
    RenderBlock (anonymous) at (0,0) size 5x10
      RenderText {mo} at (0,-4) size 5x21
        text run at (0,-4) width 5: "\x{239C}"
layer at (214,397) size 5x10 scrollHeight 17
  RenderMathMLBlock (flex) {mo} at (0,120) size 5x10
    RenderBlock (anonymous) at (0,0) size 5x10
      RenderText {mo} at (0,-4) size 5x21
        text run at (0,-4) width 5: "\x{239C}"
layer at (214,407) size 5x4 scrollHeight 17
  RenderMathMLBlock (flex) {mo} at (0,130) size 5x4
    RenderBlock (anonymous) at (0,0) size 5x4
      RenderText {mo} at (0,-4) size 5x21
        text run at (0,-4) width 5: "\x{239C}"
layer at (214,411) size 5x14 scrollHeight 17
  RenderMathMLBlock (flex) {mo} at (0,134) size 5x14
    RenderBlock (anonymous) at (0,0) size 5x14
layer at (277,277) size 5x10 scrollHeight 18
  RenderMathMLBlock (flex) {mo} at (0,0) size 5x10
    RenderBlock (anonymous) at (0,0) size 5x10
layer at (277,287) size 5x10 scrollHeight 17
  RenderMathMLBlock (flex) {mo} at (0,10) size 5x10
    RenderBlock (anonymous) at (0,0) size 5x10
      RenderText {mo} at (0,-4) size 5x21
        text run at (0,-4) width 5: "\x{239F}"
layer at (277,297) size 5x10 scrollHeight 17
  RenderMathMLBlock (flex) {mo} at (0,20) size 5x10
    RenderBlock (anonymous) at (0,0) size 5x10
      RenderText {mo} at (0,-4) size 5x21
        text run at (0,-4) width 5: "\x{239F}"
layer at (277,307) size 5x10 scrollHeight 17
  RenderMathMLBlock (flex) {mo} at (0,30) size 5x10
    RenderBlock (anonymous) at (0,0) size 5x10
      RenderText {mo} at (0,-4) size 5x21
        text run at (0,-4) width 5: "\x{239F}"
layer at (277,317) size 5x10 scrollHeight 17
  RenderMathMLBlock (flex) {mo} at (0,40) size 5x10
    RenderBlock (anonymous) at (0,0) size 5x10
      RenderText {mo} at (0,-4) size 5x21
        text run at (0,-4) width 5: "\x{239F}"
layer at (277,327) size 5x10 scrollHeight 17
  RenderMathMLBlock (flex) {mo} at (0,50) size 5x10
    RenderBlock (anonymous) at (0,0) size 5x10
      RenderText {mo} at (0,-4) size 5x21
        text run at (0,-4) width 5: "\x{239F}"
layer at (277,337) size 5x10 scrollHeight 17
  RenderMathMLBlock (flex) {mo} at (0,60) size 5x10
    RenderBlock (anonymous) at (0,0) size 5x10
      RenderText {mo} at (0,-4) size 5x21
        text run at (0,-4) width 5: "\x{239F}"
layer at (277,347) size 5x10 scrollHeight 17
  RenderMathMLBlock (flex) {mo} at (0,70) size 5x10
    RenderBlock (anonymous) at (0,0) size 5x10
      RenderText {mo} at (0,-4) size 5x21
        text run at (0,-4) width 5: "\x{239F}"
layer at (277,357) size 5x10 scrollHeight 17
  RenderMathMLBlock (flex) {mo} at (0,80) size 5x10
    RenderBlock (anonymous) at (0,0) size 5x10
      RenderText {mo} at (0,-4) size 5x21
        text run at (0,-4) width 5: "\x{239F}"
layer at (277,367) size 5x10 scrollHeight 17
  RenderMathMLBlock (flex) {mo} at (0,90) size 5x10
    RenderBlock (anonymous) at (0,0) size 5x10
      RenderText {mo} at (0,-4) size 5x21
        text run at (0,-4) width 5: "\x{239F}"
layer at (277,377) size 5x10 scrollHeight 17
  RenderMathMLBlock (flex) {mo} at (0,100) size 5x10
    RenderBlock (anonymous) at (0,0) size 5x10
      RenderText {mo} at (0,-4) size 5x21
        text run at (0,-4) width 5: "\x{239F}"
layer at (277,387) size 5x10 scrollHeight 17
  RenderMathMLBlock (flex) {mo} at (0,110) size 5x10
    RenderBlock (anonymous) at (0,0) size 5x10
      RenderText {mo} at (0,-4) size 5x21
        text run at (0,-4) width 5: "\x{239F}"
layer at (277,397) size 5x10 scrollHeight 17
  RenderMathMLBlock (flex) {mo} at (0,120) size 5x10
    RenderBlock (anonymous) at (0,0) size 5x10
      RenderText {mo} at (0,-4) size 5x21
        text run at (0,-4) width 5: "\x{239F}"
layer at (277,407) size 5x4 scrollHeight 17
  RenderMathMLBlock (flex) {mo} at (0,130) size 5x4
    RenderBlock (anonymous) at (0,0) size 5x4
      RenderText {mo} at (0,-4) size 5x21
        text run at (0,-4) width 5: "\x{239F}"
layer at (277,411) size 5x14 scrollHeight 17
  RenderMathMLBlock (flex) {mo} at (0,134) size 5x14
    RenderBlock (anonymous) at (0,0) size 5x14
layer at (290,277) size 7x4 scrollHeight 13
  RenderMathMLBlock (flex) {mo} at (0,0) size 7x4
    RenderBlock (anonymous) at (0,0) size 7x4
layer at (290,281) size 7x4 scrollHeight 12
  RenderMathMLBlock (flex) {mo} at (0,4) size 7x4
    RenderBlock (anonymous) at (0,0) size 7x4
      RenderText {mo} at (0,-9) size 7x21
        text run at (0,-9) width 7: "\x{23D0}"
layer at (290,285) size 7x4 scrollHeight 12
  RenderMathMLBlock (flex) {mo} at (0,8) size 7x4
    RenderBlock (anonymous) at (0,0) size 7x4
      RenderText {mo} at (0,-9) size 7x21
        text run at (0,-9) width 7: "\x{23D0}"
layer at (290,289) size 7x4 scrollHeight 12
  RenderMathMLBlock (flex) {mo} at (0,12) size 7x4
    RenderBlock (anonymous) at (0,0) size 7x4
      RenderText {mo} at (0,-9) size 7x21
        text run at (0,-9) width 7: "\x{23D0}"
layer at (290,293) size 7x4 scrollHeight 12
  RenderMathMLBlock (flex) {mo} at (0,16) size 7x4
    RenderBlock (anonymous) at (0,0) size 7x4
      RenderText {mo} at (0,-9) size 7x21
        text run at (0,-9) width 7: "\x{23D0}"
layer at (290,297) size 7x4 scrollHeight 12
  RenderMathMLBlock (flex) {mo} at (0,20) size 7x4
    RenderBlock (anonymous) at (0,0) size 7x4
      RenderText {mo} at (0,-9) size 7x21
        text run at (0,-9) width 7: "\x{23D0}"
layer at (290,301) size 7x4 scrollHeight 12
  RenderMathMLBlock (flex) {mo} at (0,24) size 7x4
    RenderBlock (anonymous) at (0,0) size 7x4
      RenderText {mo} at (0,-9) size 7x21
        text run at (0,-9) width 7: "\x{23D0}"
layer at (290,305) size 7x4 scrollHeight 12
  RenderMathMLBlock (flex) {mo} at (0,28) size 7x4
    RenderBlock (anonymous) at (0,0) size 7x4
      RenderText {mo} at (0,-9) size 7x21
        text run at (0,-9) width 7: "\x{23D0}"
layer at (290,309) size 7x4 scrollHeight 12
  RenderMathMLBlock (flex) {mo} at (0,32) size 7x4
    RenderBlock (anonymous) at (0,0) size 7x4
      RenderText {mo} at (0,-9) size 7x21
        text run at (0,-9) width 7: "\x{23D0}"
layer at (290,313) size 7x4 scrollHeight 12
  RenderMathMLBlock (flex) {mo} at (0,36) size 7x4
    RenderBlock (anonymous) at (0,0) size 7x4
      RenderText {mo} at (0,-9) size 7x21
        text run at (0,-9) width 7: "\x{23D0}"
layer at (290,317) size 7x4 scrollHeight 12
  RenderMathMLBlock (flex) {mo} at (0,40) size 7x4
    RenderBlock (anonymous) at (0,0) size 7x4
      RenderText {mo} at (0,-9) size 7x21
        text run at (0,-9) width 7: "\x{23D0}"
layer at (290,321) size 7x4 scrollHeight 12
  RenderMathMLBlock (flex) {mo} at (0,44) size 7x4
    RenderBlock (anonymous) at (0,0) size 7x4
      RenderText {mo} at (0,-9) size 7x21
        text run at (0,-9) width 7: "\x{23D0}"
layer at (290,325) size 7x4 scrollHeight 12
  RenderMathMLBlock (flex) {mo} at (0,48) size 7x4
    RenderBlock (anonymous) at (0,0) size 7x4
      RenderText {mo} at (0,-9) size 7x21
        text run at (0,-9) width 7: "\x{23D0}"
layer at (290,329) size 7x4 scrollHeight 12
  RenderMathMLBlock (flex) {mo} at (0,52) size 7x4
    RenderBlock (anonymous) at (0,0) size 7x4
      RenderText {mo} at (0,-9) size 7x21
        text run at (0,-9) width 7: "\x{23D0}"
layer at (290,333) size 7x4 scrollHeight 12
  RenderMathMLBlock (flex) {mo} at (0,56) size 7x4
    RenderBlock (anonymous) at (0,0) size 7x4
      RenderText {mo} at (0,-9) size 7x21
        text run at (0,-9) width 7: "\x{23D0}"
layer at (290,337) size 7x4 scrollHeight 12
  RenderMathMLBlock (flex) {mo} at (0,60) size 7x4
    RenderBlock (anonymous) at (0,0) size 7x4
      RenderText {mo} at (0,-9) size 7x21
        text run at (0,-9) width 7: "\x{23D0}"
layer at (290,341) size 7x4 scrollHeight 12
  RenderMathMLBlock (flex) {mo} at (0,64) size 7x4
    RenderBlock (anonymous) at (0,0) size 7x4
      RenderText {mo} at (0,-9) size 7x21
        text run at (0,-9) width 7: "\x{23D0}"
layer at (290,345) size 7x4 scrollHeight 12
  RenderMathMLBlock (flex) {mo} at (0,68) size 7x4
    RenderBlock (anonymous) at (0,0) size 7x4
      RenderText {mo} at (0,-9) size 7x21
        text run at (0,-9) width 7: "\x{23D0}"
layer at (290,349) size 7x4 scrollHeight 12
  RenderMathMLBlock (flex) {mo} at (0,72) size 7x4
    RenderBlock (anonymous) at (0,0) size 7x4
      RenderText {mo} at (0,-9) size 7x21
        text run at (0,-9) width 7: "\x{23D0}"
layer at (290,353) size 7x4 scrollHeight 12
  RenderMathMLBlock (flex) {mo} at (0,76) size 7x4
    RenderBlock (anonymous) at (0,0) size 7x4
      RenderText {mo} at (0,-9) size 7x21
        text run at (0,-9) width 7: "\x{23D0}"
layer at (290,357) size 7x4 scrollHeight 12
  RenderMathMLBlock (flex) {mo} at (0,80) size 7x4
    RenderBlock (anonymous) at (0,0) size 7x4
      RenderText {mo} at (0,-9) size 7x21
        text run at (0,-9) width 7: "\x{23D0}"
layer at (290,361) size 7x4 scrollHeight 12
  RenderMathMLBlock (flex) {mo} at (0,84) size 7x4
    RenderBlock (anonymous) at (0,0) size 7x4
      RenderText {mo} at (0,-9) size 7x21
        text run at (0,-9) width 7: "\x{23D0}"
layer at (290,365) size 7x4 scrollHeight 12
  RenderMathMLBlock (flex) {mo} at (0,88) size 7x4
    RenderBlock (anonymous) at (0,0) size 7x4
      RenderText {mo} at (0,-9) size 7x21
        text run at (0,-9) width 7: "\x{23D0}"
layer at (290,369) size 7x4 scrollHeight 12
  RenderMathMLBlock (flex) {mo} at (0,92) size 7x4
    RenderBlock (anonymous) at (0,0) size 7x4
      RenderText {mo} at (0,-9) size 7x21
        text run at (0,-9) width 7: "\x{23D0}"
layer at (290,373) size 7x4 scrollHeight 12
  RenderMathMLBlock (flex) {mo} at (0,96) size 7x4
    RenderBlock (anonymous) at (0,0) size 7x4
      RenderText {mo} at (0,-9) size 7x21
        text run at (0,-9) width 7: "\x{23D0}"
layer at (290,377) size 7x4 scrollHeight 12
  RenderMathMLBlock (flex) {mo} at (0,100) size 7x4
    RenderBlock (anonymous) at (0,0) size 7x4
      RenderText {mo} at (0,-9) size 7x21
        text run at (0,-9) width 7: "\x{23D0}"
layer at (290,381) size 7x4 scrollHeight 12
  RenderMathMLBlock (flex) {mo} at (0,104) size 7x4
    RenderBlock (anonymous) at (0,0) size 7x4
      RenderText {mo} at (0,-9) size 7x21
        text run at (0,-9) width 7: "\x{23D0}"
layer at (290,385) size 7x4 scrollHeight 12
  RenderMathMLBlock (flex) {mo} at (0,108) size 7x4
    RenderBlock (anonymous) at (0,0) size 7x4
      RenderText {mo} at (0,-9) size 7x21
        text run at (0,-9) width 7: "\x{23D0}"
layer at (290,389) size 7x4 scrollHeight 12
  RenderMathMLBlock (flex) {mo} at (0,112) size 7x4
    RenderBlock (anonymous) at (0,0) size 7x4
      RenderText {mo} at (0,-9) size 7x21
        text run at (0,-9) width 7: "\x{23D0}"
layer at (290,393) size 7x4 scrollHeight 12
  RenderMathMLBlock (flex) {mo} at (0,116) size 7x4
    RenderBlock (anonymous) at (0,0) size 7x4
      RenderText {mo} at (0,-9) size 7x21
        text run at (0,-9) width 7: "\x{23D0}"
layer at (290,397) size 7x4 scrollHeight 12
  RenderMathMLBlock (flex) {mo} at (0,120) size 7x4
    RenderBlock (anonymous) at (0,0) size 7x4
      RenderText {mo} at (0,-9) size 7x21
        text run at (0,-9) width 7: "\x{23D0}"
layer at (290,401) size 7x4 scrollHeight 12
  RenderMathMLBlock (flex) {mo} at (0,124) size 7x4
    RenderBlock (anonymous) at (0,0) size 7x4
      RenderText {mo} at (0,-9) size 7x21
        text run at (0,-9) width 7: "\x{23D0}"
layer at (290,405) size 7x4 scrollHeight 12
  RenderMathMLBlock (flex) {mo} at (0,128) size 7x4
    RenderBlock (anonymous) at (0,0) size 7x4
      RenderText {mo} at (0,-9) size 7x21
        text run at (0,-9) width 7: "\x{23D0}"
layer at (290,409) size 7x4 scrollHeight 12
  RenderMathMLBlock (flex) {mo} at (0,132) size 7x4
    RenderBlock (anonymous) at (0,0) size 7x4
      RenderText {mo} at (0,-9) size 7x21
        text run at (0,-9) width 7: "\x{23D0}"
layer at (290,413) size 7x4 scrollHeight 12
  RenderMathMLBlock (flex) {mo} at (0,136) size 7x4
    RenderBlock (anonymous) at (0,0) size 7x4
      RenderText {mo} at (0,-9) size 7x21
        text run at (0,-9) width 7: "\x{23D0}"
layer at (290,417) size 7x7 scrollHeight 12
  RenderMathMLBlock (flex) {mo} at (0,140) size 7x7
    RenderBlock (anonymous) at (0,0) size 7x7
layer at (355,277) size 7x4 scrollHeight 13
  RenderMathMLBlock (flex) {mo} at (0,0) size 7x4
    RenderBlock (anonymous) at (0,0) size 7x4
layer at (355,281) size 7x4 scrollHeight 12
  RenderMathMLBlock (flex) {mo} at (0,4) size 7x4
    RenderBlock (anonymous) at (0,0) size 7x4
      RenderText {mo} at (0,-9) size 7x21
        text run at (0,-9) width 7: "\x{23D0}"
layer at (355,285) size 7x4 scrollHeight 12
  RenderMathMLBlock (flex) {mo} at (0,8) size 7x4
    RenderBlock (anonymous) at (0,0) size 7x4
      RenderText {mo} at (0,-9) size 7x21
        text run at (0,-9) width 7: "\x{23D0}"
layer at (355,289) size 7x4 scrollHeight 12
  RenderMathMLBlock (flex) {mo} at (0,12) size 7x4
    RenderBlock (anonymous) at (0,0) size 7x4
      RenderText {mo} at (0,-9) size 7x21
        text run at (0,-9) width 7: "\x{23D0}"
layer at (355,293) size 7x4 scrollHeight 12
  RenderMathMLBlock (flex) {mo} at (0,16) size 7x4
    RenderBlock (anonymous) at (0,0) size 7x4
      RenderText {mo} at (0,-9) size 7x21
        text run at (0,-9) width 7: "\x{23D0}"
layer at (355,297) size 7x4 scrollHeight 12
  RenderMathMLBlock (flex) {mo} at (0,20) size 7x4
    RenderBlock (anonymous) at (0,0) size 7x4
      RenderText {mo} at (0,-9) size 7x21
        text run at (0,-9) width 7: "\x{23D0}"
layer at (355,301) size 7x4 scrollHeight 12
  RenderMathMLBlock (flex) {mo} at (0,24) size 7x4
    RenderBlock (anonymous) at (0,0) size 7x4
      RenderText {mo} at (0,-9) size 7x21
        text run at (0,-9) width 7: "\x{23D0}"
layer at (355,305) size 7x4 scrollHeight 12
  RenderMathMLBlock (flex) {mo} at (0,28) size 7x4
    RenderBlock (anonymous) at (0,0) size 7x4
      RenderText {mo} at (0,-9) size 7x21
        text run at (0,-9) width 7: "\x{23D0}"
layer at (355,309) size 7x4 scrollHeight 12
  RenderMathMLBlock (flex) {mo} at (0,32) size 7x4
    RenderBlock (anonymous) at (0,0) size 7x4
      RenderText {mo} at (0,-9) size 7x21
        text run at (0,-9) width 7: "\x{23D0}"
layer at (355,313) size 7x4 scrollHeight 12
  RenderMathMLBlock (flex) {mo} at (0,36) size 7x4
    RenderBlock (anonymous) at (0,0) size 7x4
      RenderText {mo} at (0,-9) size 7x21
        text run at (0,-9) width 7: "\x{23D0}"
layer at (355,317) size 7x4 scrollHeight 12
  RenderMathMLBlock (flex) {mo} at (0,40) size 7x4
    RenderBlock (anonymous) at (0,0) size 7x4
      RenderText {mo} at (0,-9) size 7x21
        text run at (0,-9) width 7: "\x{23D0}"
layer at (355,321) size 7x4 scrollHeight 12
  RenderMathMLBlock (flex) {mo} at (0,44) size 7x4
    RenderBlock (anonymous) at (0,0) size 7x4
      RenderText {mo} at (0,-9) size 7x21
        text run at (0,-9) width 7: "\x{23D0}"
layer at (355,325) size 7x4 scrollHeight 12
  RenderMathMLBlock (flex) {mo} at (0,48) size 7x4
    RenderBlock (anonymous) at (0,0) size 7x4
      RenderText {mo} at (0,-9) size 7x21
        text run at (0,-9) width 7: "\x{23D0}"
layer at (355,329) size 7x4 scrollHeight 12
  RenderMathMLBlock (flex) {mo} at (0,52) size 7x4
    RenderBlock (anonymous) at (0,0) size 7x4
      RenderText {mo} at (0,-9) size 7x21
        text run at (0,-9) width 7: "\x{23D0}"
layer at (355,333) size 7x4 scrollHeight 12
  RenderMathMLBlock (flex) {mo} at (0,56) size 7x4
    RenderBlock (anonymous) at (0,0) size 7x4
      RenderText {mo} at (0,-9) size 7x21
        text run at (0,-9) width 7: "\x{23D0}"
layer at (355,337) size 7x4 scrollHeight 12
  RenderMathMLBlock (flex) {mo} at (0,60) size 7x4
    RenderBlock (anonymous) at (0,0) size 7x4
      RenderText {mo} at (0,-9) size 7x21
        text run at (0,-9) width 7: "\x{23D0}"
layer at (355,341) size 7x4 scrollHeight 12
  RenderMathMLBlock (flex) {mo} at (0,64) size 7x4
    RenderBlock (anonymous) at (0,0) size 7x4
      RenderText {mo} at (0,-9) size 7x21
        text run at (0,-9) width 7: "\x{23D0}"
layer at (355,345) size 7x4 scrollHeight 12
  RenderMathMLBlock (flex) {mo} at (0,68) size 7x4
    RenderBlock (anonymous) at (0,0) size 7x4
      RenderText {mo} at (0,-9) size 7x21
        text run at (0,-9) width 7: "\x{23D0}"
layer at (355,349) size 7x4 scrollHeight 12
  RenderMathMLBlock (flex) {mo} at (0,72) size 7x4
    RenderBlock (anonymous) at (0,0) size 7x4
      RenderText {mo} at (0,-9) size 7x21
        text run at (0,-9) width 7: "\x{23D0}"
layer at (355,353) size 7x4 scrollHeight 12
  RenderMathMLBlock (flex) {mo} at (0,76) size 7x4
    RenderBlock (anonymous) at (0,0) size 7x4
      RenderText {mo} at (0,-9) size 7x21
        text run at (0,-9) width 7: "\x{23D0}"
layer at (355,357) size 7x4 scrollHeight 12
  RenderMathMLBlock (flex) {mo} at (0,80) size 7x4
    RenderBlock (anonymous) at (0,0) size 7x4
      RenderText {mo} at (0,-9) size 7x21
        text run at (0,-9) width 7: "\x{23D0}"
layer at (355,361) size 7x4 scrollHeight 12
  RenderMathMLBlock (flex) {mo} at (0,84) size 7x4
    RenderBlock (anonymous) at (0,0) size 7x4
      RenderText {mo} at (0,-9) size 7x21
        text run at (0,-9) width 7: "\x{23D0}"
layer at (355,365) size 7x4 scrollHeight 12
  RenderMathMLBlock (flex) {mo} at (0,88) size 7x4
    RenderBlock (anonymous) at (0,0) size 7x4
      RenderText {mo} at (0,-9) size 7x21
        text run at (0,-9) width 7: "\x{23D0}"
layer at (355,369) size 7x4 scrollHeight 12
  RenderMathMLBlock (flex) {mo} at (0,92) size 7x4
    RenderBlock (anonymous) at (0,0) size 7x4
      RenderText {mo} at (0,-9) size 7x21
        text run at (0,-9) width 7: "\x{23D0}"
layer at (355,373) size 7x4 scrollHeight 12
  RenderMathMLBlock (flex) {mo} at (0,96) size 7x4
    RenderBlock (anonymous) at (0,0) size 7x4
      RenderText {mo} at (0,-9) size 7x21
        text run at (0,-9) width 7: "\x{23D0}"
layer at (355,377) size 7x4 scrollHeight 12
  RenderMathMLBlock (flex) {mo} at (0,100) size 7x4
    RenderBlock (anonymous) at (0,0) size 7x4
      RenderText {mo} at (0,-9) size 7x21
        text run at (0,-9) width 7: "\x{23D0}"
layer at (355,381) size 7x4 scrollHeight 12
  RenderMathMLBlock (flex) {mo} at (0,104) size 7x4
    RenderBlock (anonymous) at (0,0) size 7x4
      RenderText {mo} at (0,-9) size 7x21
        text run at (0,-9) width 7: "\x{23D0}"
layer at (355,385) size 7x4 scrollHeight 12
  RenderMathMLBlock (flex) {mo} at (0,108) size 7x4
    RenderBlock (anonymous) at (0,0) size 7x4
      RenderText {mo} at (0,-9) size 7x21
        text run at (0,-9) width 7: "\x{23D0}"
layer at (355,389) size 7x4 scrollHeight 12
  RenderMathMLBlock (flex) {mo} at (0,112) size 7x4
    RenderBlock (anonymous) at (0,0) size 7x4
      RenderText {mo} at (0,-9) size 7x21
        text run at (0,-9) width 7: "\x{23D0}"
layer at (355,393) size 7x4 scrollHeight 12
  RenderMathMLBlock (flex) {mo} at (0,116) size 7x4
    RenderBlock (anonymous) at (0,0) size 7x4
      RenderText {mo} at (0,-9) size 7x21
        text run at (0,-9) width 7: "\x{23D0}"
layer at (355,397) size 7x4 scrollHeight 12
  RenderMathMLBlock (flex) {mo} at (0,120) size 7x4
    RenderBlock (anonymous) at (0,0) size 7x4
      RenderText {mo} at (0,-9) size 7x21
        text run at (0,-9) width 7: "\x{23D0}"
layer at (355,401) size 7x4 scrollHeight 12
  RenderMathMLBlock (flex) {mo} at (0,124) size 7x4
    RenderBlock (anonymous) at (0,0) size 7x4
      RenderText {mo} at (0,-9) size 7x21
        text run at (0,-9) width 7: "\x{23D0}"
layer at (355,405) size 7x4 scrollHeight 12
  RenderMathMLBlock (flex) {mo} at (0,128) size 7x4
    RenderBlock (anonymous) at (0,0) size 7x4
      RenderText {mo} at (0,-9) size 7x21
        text run at (0,-9) width 7: "\x{23D0}"
layer at (355,409) size 7x4 scrollHeight 12
  RenderMathMLBlock (flex) {mo} at (0,132) size 7x4
    RenderBlock (anonymous) at (0,0) size 7x4
      RenderText {mo} at (0,-9) size 7x21
        text run at (0,-9) width 7: "\x{23D0}"
layer at (355,413) size 7x4 scrollHeight 12
  RenderMathMLBlock (flex) {mo} at (0,136) size 7x4
    RenderBlock (anonymous) at (0,0) size 7x4
      RenderText {mo} at (0,-9) size 7x21
        text run at (0,-9) width 7: "\x{23D0}"
layer at (355,417) size 7x7 scrollHeight 12
  RenderMathMLBlock (flex) {mo} at (0,140) size 7x7
    RenderBlock (anonymous) at (0,0) size 7x7
layer at (370,277) size 10x10 scrollHeight 18
  RenderMathMLBlock (flex) {mo} at (0,0) size 10x10
    RenderBlock (anonymous) at (0,0) size 10x10
layer at (370,287) size 10x10 scrollHeight 17
  RenderMathMLBlock (flex) {mo} at (0,10) size 10x10
    RenderBlock (anonymous) at (0,0) size 10x10
      RenderText {mo} at (0,-4) size 10x21
        text run at (0,-4) width 10: "\x{23AE}"
layer at (370,297) size 10x10 scrollHeight 17
  RenderMathMLBlock (flex) {mo} at (0,20) size 10x10
    RenderBlock (anonymous) at (0,0) size 10x10
      RenderText {mo} at (0,-4) size 10x21
        text run at (0,-4) width 10: "\x{23AE}"
layer at (370,307) size 10x10 scrollHeight 17
  RenderMathMLBlock (flex) {mo} at (0,30) size 10x10
    RenderBlock (anonymous) at (0,0) size 10x10
      RenderText {mo} at (0,-4) size 10x21
        text run at (0,-4) width 10: "\x{23AE}"
layer at (370,317) size 10x10 scrollHeight 17
  RenderMathMLBlock (flex) {mo} at (0,40) size 10x10
    RenderBlock (anonymous) at (0,0) size 10x10
      RenderText {mo} at (0,-4) size 10x21
        text run at (0,-4) width 10: "\x{23AE}"
layer at (370,327) size 10x10 scrollHeight 17
  RenderMathMLBlock (flex) {mo} at (0,50) size 10x10
    RenderBlock (anonymous) at (0,0) size 10x10
      RenderText {mo} at (0,-4) size 10x21
        text run at (0,-4) width 10: "\x{23AE}"
layer at (370,337) size 10x10 scrollHeight 17
  RenderMathMLBlock (flex) {mo} at (0,60) size 10x10
    RenderBlock (anonymous) at (0,0) size 10x10
      RenderText {mo} at (0,-4) size 10x21
        text run at (0,-4) width 10: "\x{23AE}"
layer at (370,347) size 10x10 scrollHeight 17
  RenderMathMLBlock (flex) {mo} at (0,70) size 10x10
    RenderBlock (anonymous) at (0,0) size 10x10
      RenderText {mo} at (0,-4) size 10x21
        text run at (0,-4) width 10: "\x{23AE}"
layer at (370,357) size 10x10 scrollHeight 17
  RenderMathMLBlock (flex) {mo} at (0,80) size 10x10
    RenderBlock (anonymous) at (0,0) size 10x10
      RenderText {mo} at (0,-4) size 10x21
        text run at (0,-4) width 10: "\x{23AE}"
layer at (370,367) size 10x10 scrollHeight 17
  RenderMathMLBlock (flex) {mo} at (0,90) size 10x10
    RenderBlock (anonymous) at (0,0) size 10x10
      RenderText {mo} at (0,-4) size 10x21
        text run at (0,-4) width 10: "\x{23AE}"
layer at (370,377) size 10x10 scrollHeight 17
  RenderMathMLBlock (flex) {mo} at (0,100) size 10x10
    RenderBlock (anonymous) at (0,0) size 10x10
      RenderText {mo} at (0,-4) size 10x21
        text run at (0,-4) width 10: "\x{23AE}"
layer at (370,387) size 10x10 scrollHeight 17
  RenderMathMLBlock (flex) {mo} at (0,110) size 10x10
    RenderBlock (anonymous) at (0,0) size 10x10
      RenderText {mo} at (0,-4) size 10x21
        text run at (0,-4) width 10: "\x{23AE}"
layer at (370,397) size 10x10 scrollHeight 17
  RenderMathMLBlock (flex) {mo} at (0,120) size 10x10
    RenderBlock (anonymous) at (0,0) size 10x10
      RenderText {mo} at (0,-4) size 10x21
        text run at (0,-4) width 10: "\x{23AE}"
layer at (370,407) size 10x4 scrollHeight 17
  RenderMathMLBlock (flex) {mo} at (0,130) size 10x4
    RenderBlock (anonymous) at (0,0) size 10x4
      RenderText {mo} at (0,-4) size 10x21
        text run at (0,-4) width 10: "\x{23AE}"
layer at (370,411) size 10x15 scrollHeight 17
  RenderMathMLBlock (flex) {mo} at (0,134) size 10x15
    RenderBlock (anonymous) at (0,0) size 10x15
layer at (50,442) size 5x10 scrollHeight 18
  RenderMathMLBlock (flex) {mo} at (0,0) size 5x10
    RenderBlock (anonymous) at (0,0) size 5x10
layer at (50,452) size 5x10 scrollHeight 17
  RenderMathMLBlock (flex) {mo} at (0,10) size 5x10
    RenderBlock (anonymous) at (0,0) size 5x10
      RenderText {mo} at (0,-4) size 5x21
        text run at (0,-4) width 5: "\x{239C}"
layer at (50,462) size 5x10 scrollHeight 17
  RenderMathMLBlock (flex) {mo} at (0,20) size 5x10
    RenderBlock (anonymous) at (0,0) size 5x10
      RenderText {mo} at (0,-4) size 5x21
        text run at (0,-4) width 5: "\x{239C}"
layer at (50,472) size 5x8 scrollHeight 17
  RenderMathMLBlock (flex) {mo} at (0,30) size 5x8
    RenderBlock (anonymous) at (0,0) size 5x8
      RenderText {mo} at (0,-4) size 5x21
        text run at (0,-4) width 5: "\x{239C}"
layer at (50,480) size 5x14 scrollHeight 17
  RenderMathMLBlock (flex) {mo} at (0,38) size 5x14
    RenderBlock (anonymous) at (0,0) size 5x14
layer at (215,442) size 5x10 scrollHeight 18
  RenderMathMLBlock (flex) {mo} at (0,0) size 5x10
    RenderBlock (anonymous) at (0,0) size 5x10
layer at (215,452) size 5x10 scrollHeight 17
  RenderMathMLBlock (flex) {mo} at (0,10) size 5x10
    RenderBlock (anonymous) at (0,0) size 5x10
      RenderText {mo} at (0,-4) size 5x21
        text run at (0,-4) width 5: "\x{239F}"
layer at (215,462) size 5x10 scrollHeight 17
  RenderMathMLBlock (flex) {mo} at (0,20) size 5x10
    RenderBlock (anonymous) at (0,0) size 5x10
      RenderText {mo} at (0,-4) size 5x21
        text run at (0,-4) width 5: "\x{239F}"
layer at (215,472) size 5x8 scrollHeight 17
  RenderMathMLBlock (flex) {mo} at (0,30) size 5x8
    RenderBlock (anonymous) at (0,0) size 5x8
      RenderText {mo} at (0,-4) size 5x21
        text run at (0,-4) width 5: "\x{239F}"
layer at (215,480) size 5x14 scrollHeight 17
  RenderMathMLBlock (flex) {mo} at (0,38) size 5x14
    RenderBlock (anonymous) at (0,0) size 5x14
layer at (50,91) size 7x15 backgroundClip at (50,90) size 7x9 clip at (50,90) size 7x9 outlineClip at (50,90) size 7x9
  RenderBlock (relative positioned) {mo} at (0,0) size 7x15
    RenderText {mo} at (0,-4) size 7x21
      text run at (0,-4) width 7: "\x{23A7}"
layer at (50,98) size 7x15 backgroundClip at (50,99) size 7x10 clip at (50,99) size 7x10 outlineClip at (50,99) size 7x10
  RenderBlock (relative positioned) {mo} at (0,0) size 7x15
    RenderText {mo} at (0,-4) size 7x21
      text run at (0,-4) width 7: "\x{23A8}"
layer at (50,106) size 7x15 backgroundClip at (50,109) size 7x15 clip at (50,109) size 7x15 outlineClip at (50,109) size 7x15
  RenderBlock (relative positioned) {mo} at (0,0) size 7x15
    RenderText {mo} at (0,-4) size 7x21
      text run at (0,-4) width 7: "\x{23A9}"
layer at (91,91) size 7x15 backgroundClip at (91,90) size 7x9 clip at (91,90) size 7x9 outlineClip at (91,90) size 7x9
  RenderBlock (relative positioned) {mo} at (0,0) size 7x15
    RenderText {mo} at (0,-4) size 7x21
      text run at (0,-4) width 7: "\x{23AB}"
layer at (91,98) size 7x15 backgroundClip at (91,99) size 7x10 clip at (91,99) size 7x10 outlineClip at (91,99) size 7x10
  RenderBlock (relative positioned) {mo} at (0,0) size 7x15
    RenderText {mo} at (0,-4) size 7x21
      text run at (0,-4) width 7: "\x{23AC}"
layer at (91,106) size 7x15 backgroundClip at (91,109) size 7x15 clip at (91,109) size 7x15 outlineClip at (91,109) size 7x15
  RenderBlock (relative positioned) {mo} at (0,0) size 7x15
    RenderText {mo} at (0,-4) size 7x21
      text run at (0,-4) width 7: "\x{23AD}"
layer at (106,91) size 5x15 backgroundClip at (106,90) size 5x10 clip at (106,90) size 5x10 outlineClip at (106,90) size 5x10
  RenderBlock (relative positioned) {mo} at (0,0) size 5x15
    RenderText {mo} at (0,-4) size 5x21
      text run at (0,-4) width 5: "\x{23A1}"
layer at (106,105) size 5x15 backgroundClip at (106,108) size 5x15 clip at (106,108) size 5x15 outlineClip at (106,108) size 5x15
  RenderBlock (relative positioned) {mo} at (0,0) size 5x15
    RenderText {mo} at (0,-4) size 5x21
      text run at (0,-4) width 5: "\x{23A3}"
layer at (145,91) size 5x15 backgroundClip at (145,90) size 5x10 clip at (145,90) size 5x10 outlineClip at (145,90) size 5x10
  RenderBlock (relative positioned) {mo} at (0,0) size 5x15
    RenderText {mo} at (0,-4) size 5x21
      text run at (0,-4) width 5: "\x{23A4}"
layer at (145,105) size 5x15 backgroundClip at (145,108) size 5x15 clip at (145,108) size 5x15 outlineClip at (145,108) size 5x15
  RenderBlock (relative positioned) {mo} at (0,0) size 5x15
    RenderText {mo} at (0,-4) size 5x21
      text run at (0,-4) width 5: "\x{23A6}"
layer at (158,91) size 5x15 backgroundClip at (158,90) size 5x10 clip at (158,90) size 5x10 outlineClip at (158,90) size 5x10
  RenderBlock (relative positioned) {mo} at (0,0) size 5x15
    RenderText {mo} at (0,-4) size 5x21
      text run at (0,-4) width 5: "\x{239B}"
layer at (158,105) size 5x14 backgroundClip at (158,108) size 5x14 clip at (158,108) size 5x14 outlineClip at (158,108) size 5x14
  RenderBlock (relative positioned) {mo} at (0,0) size 5x14
    RenderText {mo} at (0,-4) size 5x21
      text run at (0,-4) width 5: "\x{239D}"
layer at (197,91) size 5x15 backgroundClip at (197,90) size 5x10 clip at (197,90) size 5x10 outlineClip at (197,90) size 5x10
  RenderBlock (relative positioned) {mo} at (0,0) size 5x15
    RenderText {mo} at (0,-4) size 5x21
      text run at (0,-4) width 5: "\x{239E}"
layer at (197,105) size 5x14 backgroundClip at (197,108) size 5x14 clip at (197,108) size 5x14 outlineClip at (197,108) size 5x14
  RenderBlock (relative positioned) {mo} at (0,0) size 5x14
    RenderText {mo} at (0,-4) size 5x21
      text run at (0,-4) width 5: "\x{23A0}"
layer at (210,91) size 7x7 backgroundClip at (210,90) size 7x4 clip at (210,90) size 7x4 outlineClip at (210,90) size 7x4
  RenderBlock (relative positioned) {mo} at (0,0) size 7x7
    RenderText {mo} at (0,-9) size 7x21
      text run at (0,-9) width 7: "\x{23D0}"
layer at (210,111) size 7x7 backgroundClip at (210,114) size 7x7 clip at (210,114) size 7x7 outlineClip at (210,114) size 7x7
  RenderBlock (relative positioned) {mo} at (0,0) size 7x7
    RenderText {mo} at (0,-9) size 7x21
      text run at (0,-9) width 7: "\x{23D0}"
layer at (251,91) size 7x7 backgroundClip at (251,90) size 7x4 clip at (251,90) size 7x4 outlineClip at (251,90) size 7x4
  RenderBlock (relative positioned) {mo} at (0,0) size 7x7
    RenderText {mo} at (0,-9) size 7x21
      text run at (0,-9) width 7: "\x{23D0}"
layer at (251,111) size 7x7 backgroundClip at (251,114) size 7x7 clip at (251,114) size 7x7 outlineClip at (251,114) size 7x7
  RenderBlock (relative positioned) {mo} at (0,0) size 7x7
    RenderText {mo} at (0,-9) size 7x21
      text run at (0,-9) width 7: "\x{23D0}"
layer at (266,91) size 10x15 backgroundClip at (266,90) size 10x10 clip at (266,90) size 10x10 outlineClip at (266,90) size 10x10
  RenderBlock (relative positioned) {mo} at (0,0) size 10x15
    RenderText {mo} at (0,-4) size 10x21
      text run at (0,-4) width 10: "\x{2320}"
layer at (266,105) size 10x15 backgroundClip at (266,108) size 10x15 clip at (266,108) size 10x15 outlineClip at (266,108) size 10x15
  RenderBlock (relative positioned) {mo} at (0,0) size 10x15
    RenderText {mo} at (0,-4) size 10x21
      text run at (0,-4) width 10: "\x{2321}"
layer at (50,141) size 7x15 backgroundClip at (50,140) size 7x10 clip at (50,140) size 7x10 outlineClip at (50,140) size 7x10
  RenderBlock (relative positioned) {mo} at (0,0) size 7x15
    RenderText {mo} at (0,-4) size 7x21
      text run at (0,-4) width 7: "\x{23A7}"
layer at (50,153) size 7x15 backgroundClip at (50,154) size 7x10 clip at (50,154) size 7x10 outlineClip at (50,154) size 7x10
  RenderBlock (relative positioned) {mo} at (0,0) size 7x15
    RenderText {mo} at (0,-4) size 7x21
      text run at (0,-4) width 7: "\x{23A8}"
layer at (50,165) size 7x15 backgroundClip at (50,168) size 7x15 clip at (50,168) size 7x15 outlineClip at (50,168) size 7x15
  RenderBlock (relative positioned) {mo} at (0,0) size 7x15
    RenderText {mo} at (0,-4) size 7x21
      text run at (0,-4) width 7: "\x{23A9}"
layer at (99,141) size 7x15 backgroundClip at (99,140) size 7x10 clip at (99,140) size 7x10 outlineClip at (99,140) size 7x10
  RenderBlock (relative positioned) {mo} at (0,0) size 7x15
    RenderText {mo} at (0,-4) size 7x21
      text run at (0,-4) width 7: "\x{23AB}"
layer at (99,153) size 7x15 backgroundClip at (99,154) size 7x10 clip at (99,154) size 7x10 outlineClip at (99,154) size 7x10
  RenderBlock (relative positioned) {mo} at (0,0) size 7x15
    RenderText {mo} at (0,-4) size 7x21
      text run at (0,-4) width 7: "\x{23AC}"
layer at (99,165) size 7x15 backgroundClip at (99,168) size 7x15 clip at (99,168) size 7x15 outlineClip at (99,168) size 7x15
  RenderBlock (relative positioned) {mo} at (0,0) size 7x15
    RenderText {mo} at (0,-4) size 7x21
      text run at (0,-4) width 7: "\x{23AD}"
layer at (114,141) size 5x15 backgroundClip at (114,140) size 5x10 clip at (114,140) size 5x10 outlineClip at (114,140) size 5x10
  RenderBlock (relative positioned) {mo} at (0,0) size 5x15
    RenderText {mo} at (0,-4) size 5x21
      text run at (0,-4) width 5: "\x{23A1}"
layer at (114,165) size 5x15 backgroundClip at (114,168) size 5x15 clip at (114,168) size 5x15 outlineClip at (114,168) size 5x15
  RenderBlock (relative positioned) {mo} at (0,0) size 5x15
    RenderText {mo} at (0,-4) size 5x21
      text run at (0,-4) width 5: "\x{23A3}"
layer at (161,141) size 5x15 backgroundClip at (161,140) size 5x10 clip at (161,140) size 5x10 outlineClip at (161,140) size 5x10
  RenderBlock (relative positioned) {mo} at (0,0) size 5x15
    RenderText {mo} at (0,-4) size 5x21
      text run at (0,-4) width 5: "\x{23A4}"
layer at (161,165) size 5x15 backgroundClip at (161,168) size 5x15 clip at (161,168) size 5x15 outlineClip at (161,168) size 5x15
  RenderBlock (relative positioned) {mo} at (0,0) size 5x15
    RenderText {mo} at (0,-4) size 5x21
      text run at (0,-4) width 5: "\x{23A6}"
layer at (174,141) size 5x15 backgroundClip at (174,140) size 5x10 clip at (174,140) size 5x10 outlineClip at (174,140) size 5x10
  RenderBlock (relative positioned) {mo} at (0,0) size 5x15
    RenderText {mo} at (0,-4) size 5x21
      text run at (0,-4) width 5: "\x{239B}"
layer at (174,165) size 5x14 backgroundClip at (174,168) size 5x14 clip at (174,168) size 5x14 outlineClip at (174,168) size 5x14
  RenderBlock (relative positioned) {mo} at (0,0) size 5x14
    RenderText {mo} at (0,-4) size 5x21
      text run at (0,-4) width 5: "\x{239D}"
layer at (221,141) size 5x15 backgroundClip at (221,140) size 5x10 clip at (221,140) size 5x10 outlineClip at (221,140) size 5x10
  RenderBlock (relative positioned) {mo} at (0,0) size 5x15
    RenderText {mo} at (0,-4) size 5x21
      text run at (0,-4) width 5: "\x{239E}"
layer at (221,165) size 5x14 backgroundClip at (221,168) size 5x14 clip at (221,168) size 5x14 outlineClip at (221,168) size 5x14
  RenderBlock (relative positioned) {mo} at (0,0) size 5x14
    RenderText {mo} at (0,-4) size 5x21
      text run at (0,-4) width 5: "\x{23A0}"
layer at (234,141) size 7x7 backgroundClip at (234,140) size 7x4 clip at (234,140) size 7x4 outlineClip at (234,140) size 7x4
  RenderBlock (relative positioned) {mo} at (0,0) size 7x7
    RenderText {mo} at (0,-9) size 7x21
      text run at (0,-9) width 7: "\x{23D0}"
layer at (234,171) size 7x7 backgroundClip at (234,174) size 7x7 clip at (234,174) size 7x7 outlineClip at (234,174) size 7x7
  RenderBlock (relative positioned) {mo} at (0,0) size 7x7
    RenderText {mo} at (0,-9) size 7x21
      text run at (0,-9) width 7: "\x{23D0}"
layer at (283,141) size 7x7 backgroundClip at (283,140) size 7x4 clip at (283,140) size 7x4 outlineClip at (283,140) size 7x4
  RenderBlock (relative positioned) {mo} at (0,0) size 7x7
    RenderText {mo} at (0,-9) size 7x21
      text run at (0,-9) width 7: "\x{23D0}"
layer at (283,171) size 7x7 backgroundClip at (283,174) size 7x7 clip at (283,174) size 7x7 outlineClip at (283,174) size 7x7
  RenderBlock (relative positioned) {mo} at (0,0) size 7x7
    RenderText {mo} at (0,-9) size 7x21
      text run at (0,-9) width 7: "\x{23D0}"
layer at (298,141) size 10x15 backgroundClip at (298,140) size 10x10 clip at (298,140) size 10x10 outlineClip at (298,140) size 10x10
  RenderBlock (relative positioned) {mo} at (0,0) size 10x15
    RenderText {mo} at (0,-4) size 10x21
      text run at (0,-4) width 10: "\x{2320}"
layer at (298,165) size 10x15 backgroundClip at (298,168) size 10x15 clip at (298,168) size 10x15 outlineClip at (298,168) size 10x15
  RenderBlock (relative positioned) {mo} at (0,0) size 10x15
    RenderText {mo} at (0,-4) size 10x21
      text run at (0,-4) width 10: "\x{2321}"
layer at (50,200) size 7x15 backgroundClip at (50,199) size 7x10 clip at (50,199) size 7x10 outlineClip at (50,199) size 7x10
  RenderBlock (relative positioned) {mo} at (0,0) size 7x15
    RenderText {mo} at (0,-4) size 7x21
      text run at (0,-4) width 7: "\x{23A7}"
layer at (50,221) size 7x15 backgroundClip at (50,222) size 7x10 clip at (50,222) size 7x10 outlineClip at (50,222) size 7x10
  RenderBlock (relative positioned) {mo} at (0,0) size 7x15
    RenderText {mo} at (0,-4) size 7x21
      text run at (0,-4) width 7: "\x{23A8}"
layer at (50,243) size 7x15 backgroundClip at (50,246) size 7x15 clip at (50,246) size 7x15 outlineClip at (50,246) size 7x15
  RenderBlock (relative positioned) {mo} at (0,0) size 7x15
    RenderText {mo} at (0,-4) size 7x21
      text run at (0,-4) width 7: "\x{23A9}"
layer at (115,200) size 7x15 backgroundClip at (115,199) size 7x10 clip at (115,199) size 7x10 outlineClip at (115,199) size 7x10
  RenderBlock (relative positioned) {mo} at (0,0) size 7x15
    RenderText {mo} at (0,-4) size 7x21
      text run at (0,-4) width 7: "\x{23AB}"
layer at (115,221) size 7x15 backgroundClip at (115,222) size 7x10 clip at (115,222) size 7x10 outlineClip at (115,222) size 7x10
  RenderBlock (relative positioned) {mo} at (0,0) size 7x15
    RenderText {mo} at (0,-4) size 7x21
      text run at (0,-4) width 7: "\x{23AC}"
layer at (115,243) size 7x15 backgroundClip at (115,246) size 7x15 clip at (115,246) size 7x15 outlineClip at (115,246) size 7x15
  RenderBlock (relative positioned) {mo} at (0,0) size 7x15
    RenderText {mo} at (0,-4) size 7x21
      text run at (0,-4) width 7: "\x{23AD}"
layer at (130,200) size 5x15 backgroundClip at (130,199) size 5x10 clip at (130,199) size 5x10 outlineClip at (130,199) size 5x10
  RenderBlock (relative positioned) {mo} at (0,0) size 5x15
    RenderText {mo} at (0,-4) size 5x21
      text run at (0,-4) width 5: "\x{23A1}"
layer at (130,243) size 5x15 backgroundClip at (130,246) size 5x15 clip at (130,246) size 5x15 outlineClip at (130,246) size 5x15
  RenderBlock (relative positioned) {mo} at (0,0) size 5x15
    RenderText {mo} at (0,-4) size 5x21
      text run at (0,-4) width 5: "\x{23A3}"
layer at (193,200) size 5x15 backgroundClip at (193,199) size 5x10 clip at (193,199) size 5x10 outlineClip at (193,199) size 5x10
  RenderBlock (relative positioned) {mo} at (0,0) size 5x15
    RenderText {mo} at (0,-4) size 5x21
      text run at (0,-4) width 5: "\x{23A4}"
layer at (193,243) size 5x15 backgroundClip at (193,246) size 5x15 clip at (193,246) size 5x15 outlineClip at (193,246) size 5x15
  RenderBlock (relative positioned) {mo} at (0,0) size 5x15
    RenderText {mo} at (0,-4) size 5x21
      text run at (0,-4) width 5: "\x{23A6}"
layer at (206,200) size 5x15 backgroundClip at (206,199) size 5x10 clip at (206,199) size 5x10 outlineClip at (206,199) size 5x10
  RenderBlock (relative positioned) {mo} at (0,0) size 5x15
    RenderText {mo} at (0,-4) size 5x21
      text run at (0,-4) width 5: "\x{239B}"
layer at (206,243) size 5x14 backgroundClip at (206,246) size 5x14 clip at (206,246) size 5x14 outlineClip at (206,246) size 5x14
  RenderBlock (relative positioned) {mo} at (0,0) size 5x14
    RenderText {mo} at (0,-4) size 5x21
      text run at (0,-4) width 5: "\x{239D}"
layer at (269,200) size 5x15 backgroundClip at (269,199) size 5x10 clip at (269,199) size 5x10 outlineClip at (269,199) size 5x10
  RenderBlock (relative positioned) {mo} at (0,0) size 5x15
    RenderText {mo} at (0,-4) size 5x21
      text run at (0,-4) width 5: "\x{239E}"
layer at (269,243) size 5x14 backgroundClip at (269,246) size 5x14 clip at (269,246) size 5x14 outlineClip at (269,246) size 5x14
  RenderBlock (relative positioned) {mo} at (0,0) size 5x14
    RenderText {mo} at (0,-4) size 5x21
      text run at (0,-4) width 5: "\x{23A0}"
layer at (282,200) size 7x7 backgroundClip at (282,199) size 7x4 clip at (282,199) size 7x4 outlineClip at (282,199) size 7x4
  RenderBlock (relative positioned) {mo} at (0,0) size 7x7
    RenderText {mo} at (0,-9) size 7x21
      text run at (0,-9) width 7: "\x{23D0}"
layer at (282,249) size 7x7 backgroundClip at (282,252) size 7x7 clip at (282,252) size 7x7 outlineClip at (282,252) size 7x7
  RenderBlock (relative positioned) {mo} at (0,0) size 7x7
    RenderText {mo} at (0,-9) size 7x21
      text run at (0,-9) width 7: "\x{23D0}"
layer at (347,200) size 7x7 backgroundClip at (347,199) size 7x4 clip at (347,199) size 7x4 outlineClip at (347,199) size 7x4
  RenderBlock (relative positioned) {mo} at (0,0) size 7x7
    RenderText {mo} at (0,-9) size 7x21
      text run at (0,-9) width 7: "\x{23D0}"
layer at (347,249) size 7x7 backgroundClip at (347,252) size 7x7 clip at (347,252) size 7x7 outlineClip at (347,252) size 7x7
  RenderBlock (relative positioned) {mo} at (0,0) size 7x7
    RenderText {mo} at (0,-9) size 7x21
      text run at (0,-9) width 7: "\x{23D0}"
layer at (362,200) size 10x15 backgroundClip at (362,199) size 10x10 clip at (362,199) size 10x10 outlineClip at (362,199) size 10x10
  RenderBlock (relative positioned) {mo} at (0,0) size 10x15
    RenderText {mo} at (0,-4) size 10x21
      text run at (0,-4) width 10: "\x{2320}"
layer at (362,243) size 10x15 backgroundClip at (362,246) size 10x15 clip at (362,246) size 10x15 outlineClip at (362,246) size 10x15
  RenderBlock (relative positioned) {mo} at (0,0) size 10x15
    RenderText {mo} at (0,-4) size 10x21
      text run at (0,-4) width 10: "\x{2321}"
layer at (58,278) size 7x15 backgroundClip at (58,277) size 7x10 clip at (58,277) size 7x10 outlineClip at (58,277) size 7x10
  RenderBlock (relative positioned) {mo} at (0,0) size 7x15
    RenderText {mo} at (0,-4) size 7x21
      text run at (0,-4) width 7: "\x{23A7}"
layer at (58,343) size 7x15 backgroundClip at (58,344) size 7x10 clip at (58,344) size 7x10 outlineClip at (58,344) size 7x10
  RenderBlock (relative positioned) {mo} at (0,0) size 7x15
    RenderText {mo} at (0,-4) size 7x21
      text run at (0,-4) width 7: "\x{23A8}"
layer at (58,408) size 7x15 backgroundClip at (58,411) size 7x15 clip at (58,411) size 7x15 outlineClip at (58,411) size 7x15
  RenderBlock (relative positioned) {mo} at (0,0) size 7x15
    RenderText {mo} at (0,-4) size 7x21
      text run at (0,-4) width 7: "\x{23A9}"
layer at (123,278) size 7x15 backgroundClip at (123,277) size 7x10 clip at (123,277) size 7x10 outlineClip at (123,277) size 7x10
  RenderBlock (relative positioned) {mo} at (0,0) size 7x15
    RenderText {mo} at (0,-4) size 7x21
      text run at (0,-4) width 7: "\x{23AB}"
layer at (123,343) size 7x15 backgroundClip at (123,344) size 7x10 clip at (123,344) size 7x10 outlineClip at (123,344) size 7x10
  RenderBlock (relative positioned) {mo} at (0,0) size 7x15
    RenderText {mo} at (0,-4) size 7x21
      text run at (0,-4) width 7: "\x{23AC}"
layer at (123,408) size 7x15 backgroundClip at (123,411) size 7x15 clip at (123,411) size 7x15 outlineClip at (123,411) size 7x15
  RenderBlock (relative positioned) {mo} at (0,0) size 7x15
    RenderText {mo} at (0,-4) size 7x21
      text run at (0,-4) width 7: "\x{23AD}"
layer at (138,278) size 5x15 backgroundClip at (138,277) size 5x10 clip at (138,277) size 5x10 outlineClip at (138,277) size 5x10
  RenderBlock (relative positioned) {mo} at (0,0) size 5x15
    RenderText {mo} at (0,-4) size 5x21
      text run at (0,-4) width 5: "\x{23A1}"
layer at (138,408) size 5x15 backgroundClip at (138,411) size 5x15 clip at (138,411) size 5x15 outlineClip at (138,411) size 5x15
  RenderBlock (relative positioned) {mo} at (0,0) size 5x15
    RenderText {mo} at (0,-4) size 5x21
      text run at (0,-4) width 5: "\x{23A3}"
layer at (201,278) size 5x15 backgroundClip at (201,277) size 5x10 clip at (201,277) size 5x10 outlineClip at (201,277) size 5x10
  RenderBlock (relative positioned) {mo} at (0,0) size 5x15
    RenderText {mo} at (0,-4) size 5x21
      text run at (0,-4) width 5: "\x{23A4}"
layer at (201,408) size 5x15 backgroundClip at (201,411) size 5x15 clip at (201,411) size 5x15 outlineClip at (201,411) size 5x15
  RenderBlock (relative positioned) {mo} at (0,0) size 5x15
    RenderText {mo} at (0,-4) size 5x21
      text run at (0,-4) width 5: "\x{23A6}"
layer at (214,278) size 5x15 backgroundClip at (214,277) size 5x10 clip at (214,277) size 5x10 outlineClip at (214,277) size 5x10
  RenderBlock (relative positioned) {mo} at (0,0) size 5x15
    RenderText {mo} at (0,-4) size 5x21
      text run at (0,-4) width 5: "\x{239B}"
layer at (214,408) size 5x14 backgroundClip at (214,411) size 5x14 clip at (214,411) size 5x14 outlineClip at (214,411) size 5x14
  RenderBlock (relative positioned) {mo} at (0,0) size 5x14
    RenderText {mo} at (0,-4) size 5x21
      text run at (0,-4) width 5: "\x{239D}"
layer at (277,278) size 5x15 backgroundClip at (277,277) size 5x10 clip at (277,277) size 5x10 outlineClip at (277,277) size 5x10
  RenderBlock (relative positioned) {mo} at (0,0) size 5x15
    RenderText {mo} at (0,-4) size 5x21
      text run at (0,-4) width 5: "\x{239E}"
layer at (277,408) size 5x14 backgroundClip at (277,411) size 5x14 clip at (277,411) size 5x14 outlineClip at (277,411) size 5x14
  RenderBlock (relative positioned) {mo} at (0,0) size 5x14
    RenderText {mo} at (0,-4) size 5x21
      text run at (0,-4) width 5: "\x{23A0}"
layer at (290,278) size 7x7 backgroundClip at (290,277) size 7x4 clip at (290,277) size 7x4 outlineClip at (290,277) size 7x4
  RenderBlock (relative positioned) {mo} at (0,0) size 7x7
    RenderText {mo} at (0,-9) size 7x21
      text run at (0,-9) width 7: "\x{23D0}"
layer at (290,414) size 7x7 backgroundClip at (290,417) size 7x7 clip at (290,417) size 7x7 outlineClip at (290,417) size 7x7
  RenderBlock (relative positioned) {mo} at (0,0) size 7x7
    RenderText {mo} at (0,-9) size 7x21
      text run at (0,-9) width 7: "\x{23D0}"
layer at (355,278) size 7x7 backgroundClip at (355,277) size 7x4 clip at (355,277) size 7x4 outlineClip at (355,277) size 7x4
  RenderBlock (relative positioned) {mo} at (0,0) size 7x7
    RenderText {mo} at (0,-9) size 7x21
      text run at (0,-9) width 7: "\x{23D0}"
layer at (355,414) size 7x7 backgroundClip at (355,417) size 7x7 clip at (355,417) size 7x7 outlineClip at (355,417) size 7x7
  RenderBlock (relative positioned) {mo} at (0,0) size 7x7
    RenderText {mo} at (0,-9) size 7x21
      text run at (0,-9) width 7: "\x{23D0}"
layer at (370,278) size 10x15 backgroundClip at (370,277) size 10x10 clip at (370,277) size 10x10 outlineClip at (370,277) size 10x10
  RenderBlock (relative positioned) {mo} at (0,0) size 10x15
    RenderText {mo} at (0,-4) size 10x21
      text run at (0,-4) width 10: "\x{2320}"
layer at (370,408) size 10x15 backgroundClip at (370,411) size 10x15 clip at (370,411) size 10x15 outlineClip at (370,411) size 10x15
  RenderBlock (relative positioned) {mo} at (0,0) size 10x15
    RenderText {mo} at (0,-4) size 10x21
      text run at (0,-4) width 10: "\x{2321}"
layer at (50,443) size 5x15 backgroundClip at (50,442) size 5x10 clip at (50,442) size 5x10 outlineClip at (50,442) size 5x10
  RenderBlock (relative positioned) {mo} at (0,0) size 5x15
    RenderText {mo} at (0,-4) size 5x21
      text run at (0,-4) width 5: "\x{239B}"
layer at (50,477) size 5x14 backgroundClip at (50,480) size 5x14 clip at (50,480) size 5x14 outlineClip at (50,480) size 5x14
  RenderBlock (relative positioned) {mo} at (0,0) size 5x14
    RenderText {mo} at (0,-4) size 5x21
      text run at (0,-4) width 5: "\x{239D}"
layer at (215,443) size 5x15 backgroundClip at (215,442) size 5x10 clip at (215,442) size 5x10 outlineClip at (215,442) size 5x10
  RenderBlock (relative positioned) {mo} at (0,0) size 5x15
    RenderText {mo} at (0,-4) size 5x21
      text run at (0,-4) width 5: "\x{239E}"
layer at (215,477) size 5x14 backgroundClip at (215,480) size 5x14 clip at (215,480) size 5x14 outlineClip at (215,480) size 5x14
  RenderBlock (relative positioned) {mo} at (0,0) size 5x14
    RenderText {mo} at (0,-4) size 5x21
      text run at (0,-4) width 5: "\x{23A0}"
