layer at (0,0) size 800x600
  RenderView at (0,0) size 800x600
layer at (0,0) size 800x171
  RenderBlock {html} at (0,0) size 800x171
    RenderBody {body} at (8,16) size 784x139
      RenderBlock {p} at (0,0) size 784x61
        RenderText {#text} at (0,20) size 49x18
          text run at (0,20) width 49: "simple: "
        RenderMathMLMath {math} at (49,0) size 83x61 [padding: 0 1 0 1]
          RenderMathMLTable {mtable} at (1,0) size 81x61
            RenderTableSection (anonymous) at (0,0) size 81x61
              RenderTableRow {mtr} at (0,0) size 81x19
                RenderTableCell {mtd} at (0,0) size 27x19 [r=0 c=0 rs=2 cs=1]
                  RenderMathMLSubSup {msub} at (3,3) size 21x14
                    RenderMathMLBlock (anonymous, flex) at (0,0) size 8x14 [padding: 0 0 4 0]
                      RenderBlock {mi} at (0,0) size 8x9
                        RenderText {#text} at (0,-9) size 8x24
                          text run at (0,-9) width 8: "a"
                    RenderMathMLBlock (anonymous, flex) at (8,0) size 12x14
                      RenderBlock {mn} at (0,3) size 12x11
                        RenderText {#text} at (0,-4) size 12x18
                          text run at (0,-4) width 12: "11"
                RenderTableCell {mtd} at (27,0) size 27x19 [r=0 c=1 rs=1 cs=1]
                  RenderMathMLSubSup {msub} at (3,3) size 21x14
                    RenderMathMLBlock (anonymous, flex) at (0,0) size 8x14 [padding: 0 0 4 0]
                      RenderBlock {mi} at (0,0) size 8x9
                        RenderText {#text} at (0,-9) size 8x24
                          text run at (0,-9) width 8: "a"
                    RenderMathMLBlock (anonymous, flex) at (8,0) size 12x14
                      RenderBlock {mn} at (0,3) size 12x11
                        RenderText {#text} at (0,-4) size 12x18
                          text run at (0,-4) width 12: "12"
                RenderTableCell {mtd} at (54,0) size 27x19 [r=0 c=2 rs=1 cs=1]
                  RenderMathMLSubSup {msub} at (3,3) size 21x14
                    RenderMathMLBlock (anonymous, flex) at (0,0) size 8x14 [padding: 0 0 4 0]
                      RenderBlock {mi} at (0,0) size 8x9
                        RenderText {#text} at (0,-9) size 8x24
                          text run at (0,-9) width 8: "a"
                    RenderMathMLBlock (anonymous, flex) at (8,0) size 12x14
                      RenderBlock {mn} at (0,3) size 12x11
                        RenderText {#text} at (0,-4) size 12x18
                          text run at (0,-4) width 12: "13"
              RenderTableRow {mtr} at (0,19) size 81x23
                RenderTableCell {mtd} at (27,19) size 27x23 [r=1 c=1 rs=1 cs=1]
                  RenderMathMLSubSup {msub} at (3,3) size 21x18
                    RenderMathMLBlock (anonymous, flex) at (0,0) size 8x18 [padding: 0 0 5 0]
                      RenderBlock {mi} at (0,0) size 8x12
                        RenderText {#text} at (0,-6) size 8x24
                          text run at (0,-6) width 8: "b"
                    RenderMathMLBlock (anonymous, flex) at (8,0) size 12x18
                      RenderBlock {mn} at (0,7) size 12x11
                        RenderText {#text} at (0,-4) size 12x18
                          text run at (0,-4) width 12: "22"
                RenderTableCell {mtd} at (54,19) size 27x23 [r=1 c=2 rs=1 cs=1]
                  RenderMathMLSubSup {msub} at (3,3) size 21x18
                    RenderMathMLBlock (anonymous, flex) at (0,0) size 8x18 [padding: 0 0 5 0]
                      RenderBlock {mi} at (0,0) size 8x12
                        RenderText {#text} at (0,-6) size 8x24
                          text run at (0,-6) width 8: "b"
                    RenderMathMLBlock (anonymous, flex) at (8,0) size 12x18
                      RenderBlock {mn} at (0,7) size 12x11
                        RenderText {#text} at (0,-4) size 12x18
                          text run at (0,-4) width 12: "23"
              RenderTableRow {mtr} at (0,42) size 81x19
                RenderTableCell {mtd} at (0,42) size 81x19 [r=2 c=0 rs=1 cs=3]
                  RenderMathMLSubSup {msub} at (31,3) size 19x14
                    RenderMathMLBlock (anonymous, flex) at (0,0) size 7x14 [padding: 0 0 4 0]
                      RenderBlock {mi} at (0,0) size 7x9
                        RenderText {#text} at (0,-9) size 7x24
                          text run at (0,-9) width 7: "c"
                    RenderMathMLBlock (anonymous, flex) at (7,0) size 12x14
                      RenderBlock {mn} at (0,3) size 12x11
                        RenderText {#text} at (0,-4) size 12x18
                          text run at (0,-4) width 12: "31"
        RenderText {#text} at (0,0) size 0x0
      RenderBlock {p} at (0,77) size 784x62
        RenderText {#text} at (0,20) size 308x18
          text run at (0,20) width 308: "left, default (center) and right column alignment: "
        RenderMathMLMath {math} at (308,0) size 251x62 [padding: 0 1 0 1]
          RenderMathMLTable {mtable} at (1,0) size 81x61
            RenderTableSection (anonymous) at (0,0) size 81x61
              RenderTableRow {mtr} at (0,0) size 81x19
                RenderTableCell {mtd} at (0,0) size 27x19 [r=0 c=0 rs=1 cs=1]
                  RenderMathMLSubSup {msub} at (3,3) size 14x14
                    RenderMathMLBlock (anonymous, flex) at (0,0) size 8x14 [padding: 0 0 4 0]
                      RenderBlock {mi} at (0,0) size 8x9
                        RenderText {#text} at (0,-9) size 8x24
                          text run at (0,-9) width 8: "a"
                    RenderMathMLBlock (anonymous, flex) at (8,0) size 6x14
                      RenderBlock {mn} at (0,3) size 6x11
                        RenderText {#text} at (0,-4) size 6x18
                          text run at (0,-4) width 6: "1"
                RenderTableCell {mtd} at (27,0) size 27x19 [r=0 c=1 rs=1 cs=1]
                  RenderMathMLSubSup {msub} at (3,3) size 20x14
                    RenderMathMLBlock (anonymous, flex) at (0,0) size 8x14 [padding: 0 0 4 0]
                      RenderBlock {mi} at (0,0) size 8x9
                        RenderText {#text} at (0,-9) size 8x24
                          text run at (0,-9) width 8: "a"
                    RenderMathMLBlock (anonymous, flex) at (8,0) size 12x14
                      RenderBlock {mn} at (0,3) size 12x11
                        RenderText {#text} at (0,-4) size 12x18
                          text run at (0,-4) width 12: "12"
                RenderTableCell {mtd} at (54,0) size 27x19 [r=0 c=2 rs=1 cs=1]
                  RenderMathMLSubSup {msub} at (3,3) size 20x14
                    RenderMathMLBlock (anonymous, flex) at (0,0) size 8x14 [padding: 0 0 4 0]
                      RenderBlock {mi} at (0,0) size 8x9
                        RenderText {#text} at (0,-9) size 8x24
                          text run at (0,-9) width 8: "a"
                    RenderMathMLBlock (anonymous, flex) at (8,0) size 12x14
                      RenderBlock {mn} at (0,3) size 12x11
                        RenderText {#text} at (0,-4) size 12x18
                          text run at (0,-4) width 12: "13"
              RenderTableRow {mtr} at (0,19) size 81x23
                RenderTableCell {mtd} at (0,19) size 27x23 [r=1 c=0 rs=1 cs=1]
                  RenderMathMLSubSup {msub} at (3,3) size 20x18
                    RenderMathMLBlock (anonymous, flex) at (0,0) size 8x18 [padding: 0 0 5 0]
                      RenderBlock {mi} at (0,0) size 8x12
                        RenderText {#text} at (0,-6) size 8x24
                          text run at (0,-6) width 8: "b"
                    RenderMathMLBlock (anonymous, flex) at (8,0) size 12x18
                      RenderBlock {mn} at (0,7) size 12x11
                        RenderText {#text} at (0,-4) size 12x18
                          text run at (0,-4) width 12: "21"
                RenderTableCell {mtd} at (27,19) size 27x23 [r=1 c=1 rs=1 cs=1]
                  RenderMathMLSubSup {msub} at (3,3) size 14x18
                    RenderMathMLBlock (anonymous, flex) at (0,0) size 8x18 [padding: 0 0 5 0]
                      RenderBlock {mi} at (0,0) size 8x12
                        RenderText {#text} at (0,-6) size 8x24
                          text run at (0,-6) width 8: "b"
                    RenderMathMLBlock (anonymous, flex) at (8,0) size 6x18
                      RenderBlock {mn} at (0,7) size 6x11
                        RenderText {#text} at (0,-4) size 6x18
                          text run at (0,-4) width 6: "2"
                RenderTableCell {mtd} at (54,19) size 27x23 [r=1 c=2 rs=1 cs=1]
                  RenderMathMLSubSup {msub} at (3,3) size 20x18
                    RenderMathMLBlock (anonymous, flex) at (0,0) size 8x18 [padding: 0 0 5 0]
                      RenderBlock {mi} at (0,0) size 8x12
                        RenderText {#text} at (0,-6) size 8x24
                          text run at (0,-6) width 8: "b"
                    RenderMathMLBlock (anonymous, flex) at (8,0) size 12x18
                      RenderBlock {mn} at (0,7) size 12x11
                        RenderText {#text} at (0,-4) size 12x18
                          text run at (0,-4) width 12: "23"
              RenderTableRow {mtr} at (0,42) size 81x19
                RenderTableCell {mtd} at (0,42) size 27x19 [r=2 c=0 rs=1 cs=1]
                  RenderMathMLSubSup {msub} at (3,3) size 19x14
                    RenderMathMLBlock (anonymous, flex) at (0,0) size 7x14 [padding: 0 0 4 0]
                      RenderBlock {mi} at (0,0) size 7x9
                        RenderText {#text} at (0,-9) size 7x24
                          text run at (0,-9) width 7: "c"
                    RenderMathMLBlock (anonymous, flex) at (7,0) size 12x14
                      RenderBlock {mn} at (0,3) size 12x11
                        RenderText {#text} at (0,-4) size 12x18
                          text run at (0,-4) width 12: "31"
                RenderTableCell {mtd} at (27,42) size 27x19 [r=2 c=1 rs=1 cs=1]
                  RenderMathMLSubSup {msub} at (3,3) size 19x14
                    RenderMathMLBlock (anonymous, flex) at (0,0) size 7x14 [padding: 0 0 4 0]
                      RenderBlock {mi} at (0,0) size 7x9
                        RenderText {#text} at (0,-9) size 7x24
                          text run at (0,-9) width 7: "c"
                    RenderMathMLBlock (anonymous, flex) at (7,0) size 12x14
                      RenderBlock {mn} at (0,3) size 12x11
                        RenderText {#text} at (0,-4) size 12x18
                          text run at (0,-4) width 12: "32"
                RenderTableCell {mtd} at (54,42) size 27x19 [r=2 c=2 rs=1 cs=1]
                  RenderMathMLSubSup {msub} at (3,3) size 13x14
                    RenderMathMLBlock (anonymous, flex) at (0,0) size 7x14 [padding: 0 0 4 0]
                      RenderBlock {mi} at (0,0) size 7x9
                        RenderText {#text} at (0,-9) size 7x24
                          text run at (0,-9) width 7: "c"
                    RenderMathMLBlock (anonymous, flex) at (7,0) size 6x14
                      RenderBlock {mn} at (0,3) size 6x11
                        RenderText {#text} at (0,-4) size 6x18
                          text run at (0,-4) width 6: "3"
          RenderBlock {mtext} at (82,32) size 4x5
            RenderText {#text} at (0,-15) size 4x24
              text run at (0,-15) width 4: ","
          RenderMathMLTable {mtable} at (86,0) size 81x61
            RenderTableSection (anonymous) at (0,0) size 81x61
              RenderTableRow {mtr} at (0,0) size 81x19
                RenderTableCell {mtd} at (0,0) size 27x19 [r=0 c=0 rs=1 cs=1]
                  RenderMathMLSubSup {msub} at (6,3) size 15x14
                    RenderMathMLBlock (anonymous, flex) at (0,0) size 8x14 [padding: 0 0 4 0]
                      RenderBlock {mi} at (0,0) size 8x9
                        RenderText {#text} at (0,-9) size 8x24
                          text run at (0,-9) width 8: "a"
                    RenderMathMLBlock (anonymous, flex) at (8,0) size 6x14
                      RenderBlock {mn} at (0,3) size 6x11
                        RenderText {#text} at (0,-4) size 6x18
                          text run at (0,-4) width 6: "1"
                RenderTableCell {mtd} at (27,0) size 27x19 [r=0 c=1 rs=1 cs=1]
                  RenderMathMLSubSup {msub} at (3,3) size 21x14
                    RenderMathMLBlock (anonymous, flex) at (0,0) size 8x14 [padding: 0 0 4 0]
                      RenderBlock {mi} at (0,0) size 8x9
                        RenderText {#text} at (0,-9) size 8x24
                          text run at (0,-9) width 8: "a"
                    RenderMathMLBlock (anonymous, flex) at (8,0) size 12x14
                      RenderBlock {mn} at (0,3) size 12x11
                        RenderText {#text} at (0,-4) size 12x18
                          text run at (0,-4) width 12: "12"
                RenderTableCell {mtd} at (54,0) size 27x19 [r=0 c=2 rs=1 cs=1]
                  RenderMathMLSubSup {msub} at (3,3) size 21x14
                    RenderMathMLBlock (anonymous, flex) at (0,0) size 8x14 [padding: 0 0 4 0]
                      RenderBlock {mi} at (0,0) size 8x9
                        RenderText {#text} at (0,-9) size 8x24
                          text run at (0,-9) width 8: "a"
                    RenderMathMLBlock (anonymous, flex) at (8,0) size 12x14
                      RenderBlock {mn} at (0,3) size 12x11
                        RenderText {#text} at (0,-4) size 12x18
                          text run at (0,-4) width 12: "13"
              RenderTableRow {mtr} at (0,19) size 81x23
                RenderTableCell {mtd} at (0,19) size 27x23 [r=1 c=0 rs=1 cs=1]
                  RenderMathMLSubSup {msub} at (3,3) size 21x18
                    RenderMathMLBlock (anonymous, flex) at (0,0) size 8x18 [padding: 0 0 5 0]
                      RenderBlock {mi} at (0,0) size 8x12
                        RenderText {#text} at (0,-6) size 8x24
                          text run at (0,-6) width 8: "b"
                    RenderMathMLBlock (anonymous, flex) at (8,0) size 12x18
                      RenderBlock {mn} at (0,7) size 12x11
                        RenderText {#text} at (0,-4) size 12x18
                          text run at (0,-4) width 12: "21"
                RenderTableCell {mtd} at (27,19) size 27x23 [r=1 c=1 rs=1 cs=1]
                  RenderMathMLSubSup {msub} at (6,3) size 15x18
                    RenderMathMLBlock (anonymous, flex) at (0,0) size 8x18 [padding: 0 0 5 0]
                      RenderBlock {mi} at (0,0) size 8x12
                        RenderText {#text} at (0,-6) size 8x24
                          text run at (0,-6) width 8: "b"
                    RenderMathMLBlock (anonymous, flex) at (8,0) size 6x18
                      RenderBlock {mn} at (0,7) size 6x11
                        RenderText {#text} at (0,-4) size 6x18
                          text run at (0,-4) width 6: "2"
                RenderTableCell {mtd} at (54,19) size 27x23 [r=1 c=2 rs=1 cs=1]
                  RenderMathMLSubSup {msub} at (3,3) size 21x18
                    RenderMathMLBlock (anonymous, flex) at (0,0) size 8x18 [padding: 0 0 5 0]
                      RenderBlock {mi} at (0,0) size 8x12
                        RenderText {#text} at (0,-6) size 8x24
                          text run at (0,-6) width 8: "b"
                    RenderMathMLBlock (anonymous, flex) at (8,0) size 12x18
                      RenderBlock {mn} at (0,7) size 12x11
                        RenderText {#text} at (0,-4) size 12x18
                          text run at (0,-4) width 12: "23"
              RenderTableRow {mtr} at (0,42) size 81x19
                RenderTableCell {mtd} at (0,42) size 27x19 [r=2 c=0 rs=1 cs=1]
                  RenderMathMLSubSup {msub} at (4,3) size 19x14
                    RenderMathMLBlock (anonymous, flex) at (0,0) size 7x14 [padding: 0 0 4 0]
                      RenderBlock {mi} at (0,0) size 7x9
                        RenderText {#text} at (0,-9) size 7x24
                          text run at (0,-9) width 7: "c"
                    RenderMathMLBlock (anonymous, flex) at (7,0) size 12x14
                      RenderBlock {mn} at (0,3) size 12x11
                        RenderText {#text} at (0,-4) size 12x18
                          text run at (0,-4) width 12: "31"
                RenderTableCell {mtd} at (27,42) size 27x19 [r=2 c=1 rs=1 cs=1]
                  RenderMathMLSubSup {msub} at (4,3) size 19x14
                    RenderMathMLBlock (anonymous, flex) at (0,0) size 7x14 [padding: 0 0 4 0]
                      RenderBlock {mi} at (0,0) size 7x9
                        RenderText {#text} at (0,-9) size 7x24
                          text run at (0,-9) width 7: "c"
                    RenderMathMLBlock (anonymous, flex) at (7,0) size 12x14
                      RenderBlock {mn} at (0,3) size 12x11
                        RenderText {#text} at (0,-4) size 12x18
                          text run at (0,-4) width 12: "32"
                RenderTableCell {mtd} at (54,42) size 27x19 [r=2 c=2 rs=1 cs=1]
                  RenderMathMLSubSup {msub} at (7,3) size 13x14
                    RenderMathMLBlock (anonymous, flex) at (0,0) size 7x14 [padding: 0 0 4 0]
                      RenderBlock {mi} at (0,0) size 7x9
                        RenderText {#text} at (0,-9) size 7x24
                          text run at (0,-9) width 7: "c"
                    RenderMathMLBlock (anonymous, flex) at (7,0) size 6x14
                      RenderBlock {mn} at (0,3) size 6x11
                        RenderText {#text} at (0,-4) size 6x18
                          text run at (0,-4) width 6: "3"
          RenderBlock {mtext} at (167,32) size 4x5
            RenderText {#text} at (0,-15) size 4x24
              text run at (0,-15) width 4: ","
          RenderMathMLTable {mtable} at (171,0) size 79x62
            RenderTableSection (anonymous) at (0,0) size 79x62
              RenderTableRow {mtr} at (0,0) size 79x19
                RenderTableCell {mtd} at (0,0) size 52x20 [r=0 c=0 rs=2 cs=2]
                  RenderMathMLSubSup {msub} at (35,3) size 14x15
                    RenderMathMLBlock (anonymous, flex) at (0,0) size 8x15 [padding: 0 0 5 0]
                      RenderBlock {mi} at (0,0) size 8x9
                        RenderText {#text} at (0,-9) size 8x24
                          text run at (0,-9) width 8: "a"
                    RenderMathMLBlock (anonymous, flex) at (8,0) size 6x15
                      RenderBlock {mn} at (0,4) size 6x11
                        RenderText {#text} at (0,-4) size 6x18
                          text run at (0,-4) width 6: "1"
                RenderTableCell {mtd} at (52,0) size 27x19 [r=0 c=2 rs=1 cs=1]
                  RenderMathMLSubSup {msub} at (4,3) size 20x14
                    RenderMathMLBlock (anonymous, flex) at (0,0) size 8x14 [padding: 0 0 4 0]
                      RenderBlock {mi} at (0,0) size 8x9
                        RenderText {#text} at (0,-9) size 8x24
                          text run at (0,-9) width 8: "a"
                    RenderMathMLBlock (anonymous, flex) at (8,0) size 12x14
                      RenderBlock {mn} at (0,3) size 12x11
                        RenderText {#text} at (0,-4) size 12x18
                          text run at (0,-4) width 12: "13"
              RenderTableRow {mtr} at (0,19) size 79x23
                RenderTableCell {mtd} at (52,19) size 27x23 [r=1 c=2 rs=1 cs=1]
                  RenderMathMLSubSup {msub} at (4,3) size 20x18
                    RenderMathMLBlock (anonymous, flex) at (0,0) size 8x18 [padding: 0 0 5 0]
                      RenderBlock {mi} at (0,0) size 8x12
                        RenderText {#text} at (0,-6) size 8x24
                          text run at (0,-6) width 8: "b"
                    RenderMathMLBlock (anonymous, flex) at (8,0) size 12x18
                      RenderBlock {mn} at (0,7) size 12x11
                        RenderText {#text} at (0,-4) size 12x18
                          text run at (0,-4) width 12: "23"
              RenderTableRow {mtr} at (0,42) size 79x20
                RenderTableCell {mtd} at (0,42) size 26x20 [r=2 c=0 rs=1 cs=1]
                  RenderMathMLSubSup {msub} at (4,3) size 19x15
                    RenderMathMLBlock (anonymous, flex) at (0,0) size 7x15 [padding: 0 0 5 0]
                      RenderBlock {mi} at (0,0) size 7x9
                        RenderText {#text} at (0,-9) size 7x24
                          text run at (0,-9) width 7: "c"
                    RenderMathMLBlock (anonymous, flex) at (7,0) size 12x15
                      RenderBlock {mn} at (0,4) size 12x11
                        RenderText {#text} at (0,-4) size 12x18
                          text run at (0,-4) width 12: "31"
                RenderTableCell {mtd} at (26,42) size 26x20 [r=2 c=1 rs=1 cs=1]
                  RenderMathMLSubSup {msub} at (4,3) size 19x15
                    RenderMathMLBlock (anonymous, flex) at (0,0) size 7x15 [padding: 0 0 5 0]
                      RenderBlock {mi} at (0,0) size 7x9
                        RenderText {#text} at (0,-9) size 7x24
                          text run at (0,-9) width 7: "c"
                    RenderMathMLBlock (anonymous, flex) at (7,0) size 12x15
                      RenderBlock {mn} at (0,4) size 12x11
                        RenderText {#text} at (0,-4) size 12x18
                          text run at (0,-4) width 12: "32"
                RenderTableCell {mtd} at (52,42) size 27x20 [r=2 c=2 rs=1 cs=1]
                  RenderMathMLSubSup {msub} at (11,3) size 13x15
                    RenderMathMLBlock (anonymous, flex) at (0,0) size 7x15 [padding: 0 0 5 0]
                      RenderBlock {mi} at (0,0) size 7x9
                        RenderText {#text} at (0,-9) size 7x24
                          text run at (0,-9) width 7: "c"
                    RenderMathMLBlock (anonymous, flex) at (7,0) size 6x15
                      RenderBlock {mn} at (0,4) size 6x11
                        RenderText {#text} at (0,-4) size 6x18
                          text run at (0,-4) width 6: "3"
        RenderText {#text} at (0,0) size 0x0
