layer at (0,0) size 800x600
  RenderView at (0,0) size 800x600
layer at (0,0) size 800x94
  RenderBlock {html} at (0,0) size 800x94
    RenderBody {body} at (8,16) size 784x62
      RenderBlock {p} at (0,0) size 784x22
        RenderText {#text} at (0,0) size 44x18
          text run at (0,0) width 44: "under: "
        RenderMathMLMath {math} at (44,3) size 13x19 [padding: 0 1 0 1]
          RenderMathMLUnderOver {munder} at (1,0) size 11x19
            RenderBlock {mi} at (0,0) size 11x12
              RenderText {#text} at (0,-6) size 10x24
                text run at (0,-6) width 10: "B"
            RenderBlock {mi} at (2,12) size 6x7
              RenderText {#text} at (0,-7) size 5x18
                text run at (0,-7) width 5: "x"
        RenderText {#text} at (0,0) size 0x0
      RenderBlock {p} at (0,38) size 784x24
        RenderText {#text} at (0,0) size 44x18
          text run at (0,0) width 44: "under: "
        RenderMathMLMath {math} at (44,3) size 13x21 [padding: 0 1 0 1]
          RenderMathMLUnderOver {munder} at (1,0) size 11x21
            RenderBlock {mi} at (0,0) size 11x12
              RenderText {#text} at (0,-6) size 10x24
                text run at (0,-6) width 10: "B"
            RenderBlock {mi} at (1,12) size 8x9
              RenderText {#text} at (0,-5) size 7x18
                text run at (0,-5) width 7: "X"
        RenderText {#text} at (0,0) size 0x0
