EDITING DELEGATE: shouldBeginEditingInDOMRange:range from 0 of DIV > BODY > HTML > #document to 1 of DIV > BODY > HTML > #document
EDITING DELEGATE: webViewDidBeginEditing:WebViewDidBeginEditingNotification
EDITING DELEGATE: webViewDidChangeSelection:WebViewDidChangeSelectionNotification
EDITING DELEGATE: shouldInsertNode:#document-fragment replacingDOMRange:range from 0 of DIV > BODY > HTML > #document to 0 of DIV > BODY > HTML > #document givenAction:WebViewInsertActionPasted
EDITING DELEGATE: shouldChangeSelectedDOMRange:range from 0 of DIV > BODY > HTML > #document to 0 of DIV > BODY > HTML > #document toDOMRange:range from 1 of DIV > BODY > HTML > #document to 1 of DIV > BODY > HTML > #document affinity:NSSelectionAffinityDownstream stillSelecting:FALSE
EDITING DELEGATE: webViewDidChangeSelection:WebViewDidChangeSelectionNotification
EDITING DELEGATE: webViewDidChange:WebViewDidChangeNotification
layer at (0,0) size 800x600
  RenderView at (0,0) size 800x600
layer at (0,0) size 800x600
  RenderBlock {HTML} at (0,0) size 800x600
    RenderBody {BODY} at (8,8) size 784x584
      RenderBlock {P} at (0,0) size 784x18
        RenderText {#text} at (0,0) size 354x18
          text run at (0,0) width 354: "This is an automatic test of copying an image document."
      RenderBlock {P} at (0,34) size 784x36
        RenderText {#text} at (0,0) size 759x36
          text run at (0,0) width 759: "To perform this test manually, click once in the image frame, choose Edit -> Copy then click in the red box and paste the"
          text run at (0,18) width 355: "image. If the image pastes successfully the test is passed."
      RenderBlock (anonymous) at (0,86) size 784x154
        RenderPartObject {IFRAME} at (0,0) size 304x154 [border: (2px solid #0000FF)]
          layer at (0,0) size 300x150
            RenderView at (0,0) size 300x150
          layer at (0,0) size 300x150
            RenderBlock {HTML} at (0,0) size 300x150
              RenderBody {BODY} at (0,0) size 300x150
                RenderImage {IMG} at (0,0) size 76x103
        RenderText {#text} at (0,0) size 0x0
      RenderBlock {DIV} at (0,240) size 784x131 [border: (2px solid #FF0000)]
        RenderImage {IMG} at (14,14) size 76x103
        RenderText {#text} at (0,0) size 0x0
caret: position 1 of child 0 {IMG} of child 7 {DIV} of body
