layer at (0,0) size 800x600
  RenderView at (0,0) size 800x600
layer at (0,0) size 800x600
  RenderBlock {HTML} at (0,0) size 800x600
    RenderBody {BODY} at (8,8) size 784x576
      RenderBlock {FORM} at (0,0) size 784x79
        RenderBlock (anonymous) at (0,0) size 784x79
          RenderBlock {INPUT} at (4,5) size 13x13
          RenderInline {B} at (0,0) size 81x21
            RenderText {#text} at (21,0) size 81x21
              text run at (21,0) width 81: "Attach File"
          RenderBR {BR} at (102,16) size 0x0
          RenderBR {BR} at (0,21) size 0x21
          RenderText {#text} at (0,50) size 96x21
            text run at (0,50) width 96: "  Select File:  "
          RenderFileUploadControl {INPUT} at (98,44) size 306x33 "No file selected"
            RenderButton {INPUT} at (0,0) size 99x33 [color=#808080] [bgcolor=#C0C0C0]
              RenderBlock (anonymous) at (6,6) size 87x21
                RenderText at (0,0) size 87x21
                  text run at (0,0) width 87: "Choose File"
          RenderBR {BR} at (406,66) size 0x0
        RenderTable {TABLE} at (0,79) size 2x0
