layer at (0,0) size 1365x584
  RenderView at (0,0) size 800x584
layer at (0,0) size 800x584
  RenderBlock {HTML} at (0,0) size 800x584
    RenderBody {BODY} at (8,8) size 784x568
      RenderTable {TABLE} at (0,0) size 1357x156
        RenderTableSection {TBODY} at (0,0) size 1357x156
          RenderTableRow {TR} at (0,2) size 1357x23
            RenderTableCell {TH} at (2,12) size 89x2 [r=0 c=0 rs=1 cs=1]
            RenderTableCell {TH} at (93,12) size 314x2 [r=0 c=1 rs=1 cs=1]
            RenderTableCell {TH} at (409,2) size 314x23 [r=0 c=2 rs=1 cs=1]
              RenderText {#text} at (108,1) size 98x21
                text run at (108,1) width 98: "text-align:left"
            RenderTableCell {TH} at (725,2) size 314x23 [r=0 c=3 rs=1 cs=1]
              RenderText {#text} at (95,1) size 124x21
                text run at (95,1) width 124: "text-align:center"
            RenderTableCell {TH} at (1041,2) size 314x23 [r=0 c=4 rs=1 cs=1]
              RenderText {#text} at (102,1) size 110x21
                text run at (102,1) width 110: "text-align:right"
          RenderTableRow {TR} at (0,27) size 1357x41
            RenderTableCell {TH} at (2,46) size 89x2 [r=1 c=0 rs=1 cs=1]
            RenderTableCell {TD} at (93,27) size 314x41 [border: (1px solid #000000)] [r=1 c=1 rs=1 cs=1]
              RenderFileUploadControl {INPUT} at (4,4) size 306x33 "No file selected"
                RenderButton {INPUT} at (0,0) size 99x33 [bgcolor=#C0C0C0]
                  RenderBlock (anonymous) at (6,6) size 87x21
                    RenderText at (0,0) size 87x21
                      text run at (0,0) width 87: "Choose File"
            RenderTableCell {TD} at (409,27) size 314x41 [border: (1px solid #000000)] [r=1 c=2 rs=1 cs=1]
              RenderFileUploadControl {INPUT} at (4,4) size 306x33 "No file selected"
                RenderButton {INPUT} at (0,0) size 99x33 [bgcolor=#C0C0C0]
                  RenderBlock (anonymous) at (6,6) size 87x21
                    RenderText at (0,0) size 87x21
                      text run at (0,0) width 87: "Choose File"
            RenderTableCell {TD} at (725,27) size 314x41 [border: (1px solid #000000)] [r=1 c=3 rs=1 cs=1]
              RenderFileUploadControl {INPUT} at (4,4) size 306x33 "No file selected"
                RenderButton {INPUT} at (0,0) size 99x33 [bgcolor=#C0C0C0]
                  RenderBlock (anonymous) at (6,6) size 87x21
                    RenderText at (0,0) size 87x21
                      text run at (0,0) width 87: "Choose File"
            RenderTableCell {TD} at (1041,27) size 314x41 [border: (1px solid #000000)] [r=1 c=4 rs=1 cs=1]
              RenderFileUploadControl {INPUT} at (4,4) size 306x33 "No file selected"
                RenderButton {INPUT} at (0,0) size 99x33 [bgcolor=#C0C0C0]
                  RenderBlock (anonymous) at (6,6) size 87x21
                    RenderText at (0,0) size 87x21
                      text run at (0,0) width 87: "Choose File"
          RenderTableRow {TR} at (0,70) size 1357x41
            RenderTableCell {TH} at (2,79) size 89x23 [r=2 c=0 rs=1 cs=1]
              RenderText {#text} at (1,1) size 87x21
                text run at (1,1) width 87: "direction:ltr"
            RenderTableCell {TD} at (93,70) size 314x41 [border: (1px solid #000000)] [r=2 c=1 rs=1 cs=1]
              RenderFileUploadControl {INPUT} at (4,4) size 306x33 "No file selected"
                RenderButton {INPUT} at (0,0) size 99x33 [bgcolor=#C0C0C0]
                  RenderBlock (anonymous) at (6,6) size 87x21
                    RenderText at (0,0) size 87x21
                      text run at (0,0) width 87: "Choose File"
            RenderTableCell {TD} at (409,70) size 314x41 [border: (1px solid #000000)] [r=2 c=2 rs=1 cs=1]
              RenderFileUploadControl {INPUT} at (4,4) size 306x33 "No file selected"
                RenderButton {INPUT} at (0,0) size 99x33 [bgcolor=#C0C0C0]
                  RenderBlock (anonymous) at (6,6) size 87x21
                    RenderText at (0,0) size 87x21
                      text run at (0,0) width 87: "Choose File"
            RenderTableCell {TD} at (725,70) size 314x41 [border: (1px solid #000000)] [r=2 c=3 rs=1 cs=1]
              RenderFileUploadControl {INPUT} at (4,4) size 306x33 "No file selected"
                RenderButton {INPUT} at (0,0) size 99x33 [bgcolor=#C0C0C0]
                  RenderBlock (anonymous) at (6,6) size 87x21
                    RenderText at (0,0) size 87x21
                      text run at (0,0) width 87: "Choose File"
            RenderTableCell {TD} at (1041,70) size 314x41 [border: (1px solid #000000)] [r=2 c=4 rs=1 cs=1]
              RenderFileUploadControl {INPUT} at (4,4) size 306x33 "No file selected"
                RenderButton {INPUT} at (0,0) size 99x33 [bgcolor=#C0C0C0]
                  RenderBlock (anonymous) at (6,6) size 87x21
                    RenderText at (0,0) size 87x21
                      text run at (0,0) width 87: "Choose File"
          RenderTableRow {TR} at (0,113) size 1357x41
            RenderTableCell {TH} at (2,122) size 89x23 [r=3 c=0 rs=1 cs=1]
              RenderText {#text} at (1,1) size 87x21
                text run at (1,1) width 87: "direction:rtl"
            RenderTableCell {TD} at (93,113) size 314x41 [border: (1px solid #000000)] [r=3 c=1 rs=1 cs=1]
              RenderFileUploadControl {INPUT} at (4,4) size 306x33 "No file selected"
                RenderButton {INPUT} at (207,0) size 99x33 [bgcolor=#C0C0C0]
                  RenderBlock (anonymous) at (6,6) size 87x21
                    RenderText at (0,0) size 87x21
                      text run at (0,0) width 87: "Choose File"
            RenderTableCell {TD} at (409,113) size 314x41 [border: (1px solid #000000)] [r=3 c=2 rs=1 cs=1]
              RenderFileUploadControl {INPUT} at (4,4) size 306x33 "No file selected"
                RenderButton {INPUT} at (207,0) size 99x33 [bgcolor=#C0C0C0]
                  RenderBlock (anonymous) at (6,6) size 87x21
                    RenderText at (0,0) size 87x21
                      text run at (0,0) width 87: "Choose File"
            RenderTableCell {TD} at (725,113) size 314x41 [border: (1px solid #000000)] [r=3 c=3 rs=1 cs=1]
              RenderFileUploadControl {INPUT} at (4,4) size 306x33 "No file selected"
                RenderButton {INPUT} at (207,0) size 99x33 [bgcolor=#C0C0C0]
                  RenderBlock (anonymous) at (6,6) size 87x21
                    RenderText at (0,0) size 87x21
                      text run at (0,0) width 87: "Choose File"
            RenderTableCell {TD} at (1041,113) size 314x41 [border: (1px solid #000000)] [r=3 c=4 rs=1 cs=1]
              RenderFileUploadControl {INPUT} at (4,4) size 306x33 "No file selected"
                RenderButton {INPUT} at (207,0) size 99x33 [bgcolor=#C0C0C0]
                  RenderBlock (anonymous) at (6,6) size 87x21
                    RenderText at (0,0) size 87x21
                      text run at (0,0) width 87: "Choose File"
