layer at (0,0) size 800x600
  RenderView at (0,0) size 800x600
layer at (0,0) size 800x600
  RenderBlock {HTML} at (0,0) size 800x600
    RenderBody {BODY} at (8,8) size 784x576
      RenderBlock {UL} at (0,0) size 784x42
        RenderListItem {LI} at (40,0) size 744x42
          RenderListMarker at (-1,0) size 7x21: bullet
          RenderText {#text} at (16,0) size 296x21
            text run at (16,0) width 296: "This list item should have an inside bullet."
          RenderBR {BR} at (312,16) size 0x0
          RenderText {#text} at (0,21) size 275x21
            text run at (0,21) width 275: "This line should begin under the bullet."
