layer at (0,0) size 800x600
  RenderView at (0,0) size 800x600
layer at (0,0) size 800x293
  RenderBlock {HTML} at (0,0) size 800x293
    RenderBody {BODY} at (8,21) size 784x256
      RenderBlock {H1} at (0,0) size 784x42
        RenderText {#text} at (0,0) size 467x42
          text run at (0,0) width 467: "Shorthand border properties 2"
      RenderBlock {P} at (0,63) size 784x21
        RenderText {#text} at (0,0) size 552x21
          text run at (0,0) width 444: "This test was written to test a point I mentioned to Tantek \x{C7}elik "
          text run at (444,0) width 108: "on 2000-07-13."
      RenderBlock {P} at (0,100) size 784x27 [color=#008000] [border: (3px solid #008000)]
        RenderText {#text} at (3,3) size 311x21
          text run at (3,3) width 311: "This paragraph should have a green border."
      RenderBlock {P} at (0,143) size 784x27 [color=#008000] [border: (3px solid #008000)]
        RenderText {#text} at (3,3) size 311x21
          text run at (3,3) width 311: "This paragraph should have a green border."
      RenderBlock {P} at (0,186) size 784x27 [color=#008000] [border: (3px solid #008000)]
        RenderText {#text} at (3,3) size 311x21
          text run at (3,3) width 311: "This paragraph should have a green border."
      RenderBlock {P} at (0,229) size 784x27 [color=#008000] [border: (3px solid #008000)]
        RenderText {#text} at (3,3) size 311x21
          text run at (3,3) width 311: "This paragraph should have a green border."
