layer at (0,0) size 800x600
  RenderView at (0,0) size 800x600
layer at (0,0) size 800x600
  RenderBlock {HTML} at (0,0) size 800x600
    RenderBody {BODY} at (8,8) size 784x576
      RenderBlock {P} at (0,0) size 784x63
        RenderText {#text} at (0,0) size 725x63
          text run at (0,0) width 556: "On the left, you should see three blocks that are aligned left within a black box. "
          text run at (556,0) width 92: "They should "
          text run at (648,0) width 77: "be stacked"
          text run at (0,21) width 401: "vertically with the green box in between two olive boxes. "
          text run at (401,21) width 219: "The olive boxes and the green "
          text run at (620,21) width 100: "box should be"
          text run at (0,42) width 602: "100x100, and there should be 100 pixels of padding on the right side of the box stack."
      RenderBlock {P} at (0,79) size 784x63
        RenderText {#text} at (0,0) size 775x63
          text run at (0,0) width 539: "On the right, you should see two blocks that are centered within a black box. "
          text run at (539,0) width 114: "They should be "
          text run at (653,0) width 122: "stacked vertically"
          text run at (0,21) width 563: "with the green box below the olive box. The olive box and the green box should "
          text run at (563,21) width 211: "be 100x100, and there should"
          text run at (0,42) width 392: "be 100 pixels of padding on either side of the box stack."
layer at (8,166) size 240x340
  RenderBlock (positioned) {DIV} at (8,166) size 240x340 [border: (20px solid #000000)]
    RenderTable {TABLE} at (20,20) size 100x100
      RenderTableSection {TBODY} at (0,0) size 100x100
        RenderTableRow {TR} at (0,0) size 100x100
          RenderTableCell {TD} at (0,0) size 100x100 [r=0 c=0 rs=1 cs=1]
            RenderBlock {DIV} at (0,0) size 100x100 [bgcolor=#808000]
layer at (28,286) size 100x100
  RenderBlock (positioned) {DIV} at (20,120) size 100x100 [bgcolor=#008000]
layer at (28,386) size 100x100
  RenderBlock (positioned) {DIV} at (20,220) size 100x100 [bgcolor=#808000]
layer at (300,166) size 340x240
  RenderBlock (positioned) {DIV} at (300,166) size 340x240 [border: (20px solid #000000)]
layer at (320,186) size 200x100
  RenderBlock (relative positioned) {DIV} at (20,20) size 200x100
    RenderBlock {DIV} at (100,0) size 100x100 [bgcolor=#808000]
layer at (420,286) size 100x100
  RenderBlock (positioned) {DIV} at (100,100) size 100x100 [bgcolor=#008000]
