layer at (0,0) size 800x600
  RenderView at (0,0) size 800x600
layer at (0,0) size 800x600
  RenderBlock {HTML} at (0,0) size 800x600
    RenderBody {BODY} at (8,8) size 784x584
      RenderBlock {P} at (0,0) size 784x19
        RenderText {#text} at (0,0) size 758x19
          text run at (0,0) width 758: "This tests use of the -apple-line-clamp function in a web page, from JavaScript, and using the \"apple\" prefix, not \"khtml\"."
      RenderBlock {P} at (0,33) size 784x19
        RenderText {#text} at (0,0) size 689x19
          text run at (0,0) width 689: "If it works properly, the article below should show only the first few lines. Otherwise, it might show many lines."
      RenderBlock {HR} at (0,66) size 784x2 [border: (1px inset #000000)]
layer at (8,83) size 784x54 scrollHeight 585
  RenderDeprecatedFlexibleBox {DIV} at (0,75) size 784x54
    RenderBlock {DIV} at (0,0) size 784x38
      RenderBlock {P} at (0,0) size 784x38
        RenderText {#text} at (0,0) size 759x38
          text run at (0,0) width 757: "It was just last night, I think, that I was IM'ing with a friend and I said, \"Next week Simon starts going to school for 3 days"
          text run at (0,19) width 759: "extended (until 3pm) and Sophia starts swim camp! I won't know what to do with my free time! But I'm willing to find out.\""
      RenderBlock {P} at (0,52) size 784x19
        RenderText {#text} at (0,0) size 323x19
          text run at (0,0) width 323: "You know the old saying: \"Man plans, God laughs.\""
      RenderBlock {P} at (0,85) size 784x19
        RenderText {#text} at (0,0) size 507x19
          text run at (0,0) width 507: "Today I got a call from the preschool telling me that Sophia had broken her arm."
      RenderBlock {P} at (0,118) size 784x115
        RenderText {#text} at (0,0) size 780x57
          text run at (0,0) width 779: "It happened on the playground. I imagined she had fallen off the monkey bars or something, but no: she had been sitting at"
          text run at (0,19) width 780: "the Art Table, and as she was getting off the bench she slipped and fell on her arm. She was being very brave when I came"
          text run at (0,38) width 455: "to get her\x{D1}no tears, stoically holding her arm covered in ice packs. She "
        RenderInline {I} at (0,0) size 24x19
          RenderText {#text} at (455,38) size 24x19
            text run at (455,38) width 24: "had"
        RenderText {#text} at (479,38) size 764x77
          text run at (479,38) width 274: " cried, she told me. All of the teachers were"
          text run at (0,58) width 763: "quite amazed at how brave she was being. I took her to the doctor and from there to the pediatric orthopedic doctor. She"
          text run at (0,77) width 764: "started to lose her composure, though, after she had finally gotten the X-rays (\"Like Curious George got when he went to"
          text run at (0,96) width 325: "the hospital\") and we had to wait in the exam room."
      RenderBlock {P} at (0,247) size 784x19
        RenderText {#text} at (0,0) size 413x19
          text run at (0,0) width 413: "\"I want to go home now,\" she said. \"I wish I'd never hurt my arm.\""
      RenderBlock {P} at (0,280) size 784x77
        RenderText {#text} at (0,0) size 768x38
          text run at (0,0) width 768: "The ortho tech came in to give her a splint (she'll have a splint for a couple of days and then get a cast on Thursday), and"
          text run at (0,19) width 404: "can I tell you how worrisome it is to have an ortho tech who is a "
        RenderInline {B} at (0,0) size 78x20
          RenderText {#text} at (404,19) size 78x20
            text run at (404,19) width 78: "dead ringer"
        RenderText {#text} at (482,19) size 772x58
          text run at (482,19) width 290: " for Ian McShane as Al Swearengen wrapping"
          text run at (0,39) width 766: "up your daughter in gauze? (I'm totally serious. He didn't have grease in his hair, and he didn't have the little beard under"
          text run at (0,58) width 201: "his lip, but other than that: yup.)"
      RenderBlock {P} at (0,371) size 784x38
        RenderText {#text} at (0,0) size 775x38
          text run at (0,0) width 775: "So now she's on the couch, watching \"Dragontales\" with her arm propped up on a pillow (to keep it above the heart). She's"
          text run at (0,19) width 606: "eating a couple of cut-up apples and cheese sticks (\"because that's all I can eat now, Mommy\")."
      RenderBlock {P} at (0,423) size 784x57
        RenderText {#text} at (0,0) size 781x57
          text run at (0,0) width 781: "She's upset because she's not going to be able to do all the swimming she was planning. I'm upset because my little girl got"
          text run at (0,19) width 757: "hurt. I assume that after a day or so we'll adjust to the new regimen. Of course, she can't go to her last day of preschool"
          text run at (0,38) width 450: "tomorrow, because they're having \"Water Days,\" and she can't get wet."
      RenderBlock {P} at (0,494) size 784x20
        RenderText {#text} at (0,0) size 743x19
          text run at (0,0) width 743: "The weather's finally gotten extremely hot around here, and she can't get her splint (and in a few days, her cast) wet. "
        RenderInline {I} at (0,0) size 34x19
          RenderText {#text} at (743,0) size 34x19
            text run at (743,0) width 34: "Neat."
      RenderBlock {P} at (0,528) size 784x57
        RenderText {#text} at (0,0) size 774x57
          text run at (0,0) width 770: "I've never broken anything (knock on nearest wood sprite)\x{D1}does it affect your outlook on life? She has an adventuresome"
          text run at (0,19) width 774: "spirit and I hope she's just as energetic after this little incident as she was before. At the moment she's even lost her sense"
          text run at (0,38) width 61: "of humor."
    RenderBlock {HR} at (0,45) size 784x2 [border: (1px inset #000000)]
