layer at (0,0) size 800x600
  RenderView at (0,0) size 800x600
layer at (0,0) size 800x37
  RenderBlock {HTML} at (0,0) size 800x37
    RenderBody {BODY} at (8,8) size 784x21
      RenderBlock {DIV} at (0,0) size 784x21
        RenderText {#text} at (0,0) size 737x21
          text run at (0,0) width 737: "[~=] attribute selector looking for empty string in empty attribute (the text should not have red background)"
