layer at (0,0) size 800x600
  RenderView at (0,0) size 800x600
layer at (0,0) size 800x600
  RenderBlock {HTML} at (0,0) size 800x600
    RenderBody {BODY} at (8,8) size 784x576
      RenderBlock {P} at (0,0) size 784x21
        RenderText {#text} at (0,0) size 57x21
          text run at (0,0) width 57: "Test for "
        RenderInline {I} at (0,0) size 683x21
          RenderInline {A} at (0,0) size 329x21 [color=#0000EE]
            RenderText {#text} at (57,0) size 329x21
              text run at (57,0) width 329: "http://bugs.webkit.org/show_bug.cgi?id=11930"
          RenderText {#text} at (386,0) size 354x21
            text run at (386,0) width 4: " "
            text run at (390,0) width 350: "Specifying border-radius makes the outline shrink"
        RenderText {#text} at (740,0) size 4x21
          text run at (740,0) width 4: "."
      RenderBlock {P} at (0,37) size 784x21
        RenderText {#text} at (0,0) size 315x21
          text run at (0,0) width 315: "These two squares should be the same size:"
      RenderBlock (anonymous) at (0,74) size 784x21
        RenderBlock {DIV} at (0,6) size 10x10
        RenderText {#text} at (10,0) size 4x21
          text run at (10,0) width 4: " "
        RenderBlock {DIV} at (14,6) size 10x10
        RenderText {#text} at (0,0) size 0x0
      RenderBlock {P} at (0,111) size 784x0
