layer at (0,0) size 800x600
  RenderView at (0,0) size 800x600
layer at (0,0) size 800x600
  RenderBlock {HTML} at (0,0) size 800x600
    RenderBody {BODY} at (8,8) size 784x584
      RenderBlock (anonymous) at (0,0) size 784x21
        RenderText {#text} at (0,0) size 399x21
          text run at (0,0) width 399: "This tests that a child style can override the :visited style."
        RenderInline {A} at (0,0) size 0x0 [color=#FF0000]
          RenderText {#text} at (0,0) size 0x0
      RenderBlock (anonymous) at (0,21) size 784x21 [color=#FF0000]
        RenderBlock {DIV} at (0,0) size 784x21 [color=#008000]
          RenderText {#text} at (0,0) size 300x21
            text run at (0,0) width 300: "This text should be green (and underlined)"
      RenderBlock (anonymous) at (0,42) size 784x0
        RenderInline {A} at (0,0) size 0x0 [color=#FF0000]
        RenderText {#text} at (0,0) size 0x0
      RenderBlock {DIV} at (0,42) size 784x21 [color=#008000]
        RenderText {#text} at (0,0) size 179x21
          text run at (0,0) width 179: "This text should be green"
