layer at (0,0) size 1576x584
  RenderView at (0,0) size 800x584
layer at (0,0) size 800x584
  RenderBlock {HTML} at (0,0) size 800x584
    RenderBody {BODY} at (8,8) size 784x568
layer at (8,8) size 784x22
  RenderBlock {DIV} at (0,0) size 784x22
    RenderInline {SPAN} at (0,0) size 236x22 [bgcolor=#FF0000]
      RenderText {#text} at (0,0) size 236x22
        text run at (0,0) width 236: "This text should be nice and sharp."
    RenderText {#text} at (0,0) size 0x0
