layer at (0,0) size 800x600
  RenderView at (0,0) size 800x600
layer at (0,0) size 800x600
  RenderBlock {HTML} at (0,0) size 800x600
    RenderBody {BODY} at (8,8) size 784x576
      RenderBlock (anonymous) at (0,0) size 784x0
        RenderInline {SPAN} at (0,0) size 0x0
          RenderInline {SPAN} at (0,0) size 0x0
        RenderText {#text} at (0,0) size 0x0
      RenderBlock {H4} at (0,0) size 784x21
        RenderText {#text} at (0,0) size 91x21
          text run at (0,0) width 91: "Instructions"
      RenderBlock {P} at (0,42) size 784x21
        RenderText {#text} at (0,0) size 190x21
          text run at (0,0) width 190: "Click the following buttons."
      RenderBlock {OL} at (0,79) size 784x205
        RenderListItem {LI} at (40,0) size 744x21
          RenderListMarker at (-22,0) size 17x21: "1"
          RenderText {#text} at (0,0) size 212x21
            text run at (0,0) width 212: "Start with the outmost left one."
        RenderListItem {LI} at (40,21) size 744x21
          RenderListMarker at (-22,0) size 17x21: "2"
          RenderText {#text} at (0,0) size 149x21
            text run at (0,0) width 149: "Click the middle one."
        RenderListItem {LI} at (40,42) size 744x21
          RenderListMarker at (-22,0) size 17x21: "3"
          RenderText {#text} at (0,0) size 292x21
            text run at (0,0) width 292: "(The ouline will not be updated correctly.)"
        RenderListItem {LI} at (40,63) size 744x21
          RenderListMarker at (-22,0) size 17x21: "4"
          RenderText {#text} at (0,0) size 149x21
            text run at (0,0) width 149: "Click the right button."
        RenderListItem {LI} at (40,84) size 744x21
          RenderListMarker at (-22,0) size 17x21: "5"
          RenderText {#text} at (0,0) size 514x21
            text run at (0,0) width 514: "This will crash Safari 1.3 (v176 and v170, no other configurations tested)."
        RenderListItem {LI} at (40,105) size 744x21
          RenderListMarker at (-22,0) size 17x21: "6"
          RenderText {#text} at (0,0) size 325x21
            text run at (0,0) width 325: "The combination 2. 1. 3. will also crash Safari."
        RenderListItem {LI} at (40,126) size 744x21
          RenderListMarker at (-22,0) size 17x21: "7"
          RenderText {#text} at (0,0) size 492x21
            text run at (0,0) width 492: "1. 3. will not crash Safari. (But the outline should vanish. Shouldn't it?)"
        RenderListItem {LI} at (40,147) size 744x21
          RenderListMarker at (-22,0) size 17x21: "8"
          RenderText {#text} at (0,0) size 221x21
            text run at (0,0) width 221: "2. 3. will not crash Safari either."
        RenderBlock (anonymous) at (40,168) size 744x37
          RenderButton {INPUT} at (2,2) size 167x33 [bgcolor=#C0C0C0]
            RenderBlock (anonymous) at (6,6) size 155x21
              RenderText at (0,0) size 155x21
                text run at (0,0) width 155: "1. Set outline property"
          RenderText {#text} at (171,8) size 4x21
            text run at (171,8) width 4: " "
          RenderButton {INPUT} at (177,2) size 170x33 [bgcolor=#C0C0C0]
            RenderBlock (anonymous) at (6,6) size 158x21
              RenderText at (0,0) size 158x21
                text run at (0,0) width 158: "2. Set display property"
          RenderText {#text} at (349,8) size 4x21
            text run at (349,8) width 4: " "
          RenderButton {INPUT} at (355,2) size 190x33 [bgcolor=#C0C0C0]
            RenderBlock (anonymous) at (6,6) size 178x21
              RenderText at (0,0) size 178x21
                text run at (0,0) width 178: "3. Replace span-element"
          RenderText {#text} at (0,0) size 0x0
