layer at (0,0) size 800x600
  RenderView at (0,0) size 800x600
layer at (0,0) size 800x600
  RenderBlock {HTML} at (0,0) size 800x600
    RenderBody {BODY} at (8,8) size 784x584
      RenderBlock {P} at (0,0) size 784x21
        RenderText {#text} at (0,0) size 57x21
          text run at (0,0) width 57: "Test for "
        RenderInline {A} at (0,0) size 76x21 [color=#0000EE]
          RenderText {#text} at (57,0) size 76x21
            text run at (57,0) width 76: "bug 11575"
        RenderText {#text} at (133,0) size 460x21
          text run at (133,0) width 460: ": REGRESSION: WebCore crash in CSSParser/HTMLTokenizer."
      RenderBlock {P} at (0,37) size 784x42
        RenderText {#text} at (0,0) size 780x42
          text run at (0,0) width 780: "All four sides of the square below should be present for this test to really pass, and WebKit shouldn't crash for it"
          text run at (0,21) width 115: "to pass partially."
      RenderBlock {DIV} at (0,95) size 106x106 [border: (3px solid #000000)]
