layer at (0,0) size 800x600
  RenderView at (0,0) size 800x600
layer at (0,0) size 800x462
  RenderBlock {HTML} at (0,0) size 800x462
    RenderBody {BODY} at (8,16) size 784x430
      RenderBlock {DIV} at (0,0) size 784x42 [color=#008000] [bgcolor=#FFFFFF]
        RenderBlock {P} at (0,0) size 784x42
          RenderText {#text} at (0,0) size 781x42
            text run at (0,0) width 781: "First sentence: this text should be green. The markup code is invalid according to W3C HTML validator and the"
            text run at (0,21) width 378: "CSS code is invalid according to W3C CSS validator."
      RenderBlock {DIV} at (0,58) size 784x63 [color=#008000] [bgcolor=#FFFFFF]
        RenderBlock {P} at (0,0) size 784x63 [color=#FF0000]
          RenderText {#text} at (0,0) size 777x63
            text run at (0,0) width 777: "Second sentence: this text should be green according to CSS 1 but it should be red according to CSS 2.1. The"
            text run at (0,21) width 775: "markup code is also invalid according to W3C HTML validator but the CSS code is perfectly valid according to"
            text run at (0,42) width 143: "W3C CSS validator."
      RenderBlock {H3} at (0,139) size 784x50 [color=#008000] [bgcolor=#FFFFFF]
        RenderText {#text} at (0,0) size 743x50
          text run at (0,0) width 739: "Third sentence: this text should be green. The markup code is valid according to"
          text run at (0,25) width 743: "W3C HTML validator but the CSS code is invalid according to W3C CSS validator."
      RenderBlock {H4} at (0,210) size 784x63 [color=#FF0000] [bgcolor=#FFFFFF]
        RenderText {#text} at (0,0) size 778x63
          text run at (0,0) width 775: "Fourth sentence: this text should be green according to CSS 1 (class name can not start with a dash in"
          text run at (0,21) width 778: "CSS 1) but it should be red according to CSS 2.1 and the markup code is valid according to W3C HTML"
          text run at (0,42) width 586: "validator and the CSS code is perfectly valid according to W3C CSS validator."
      RenderBlock {H5} at (0,299) size 784x84 [color=#800080] [bgcolor=#FFFFFF]
        RenderText {#text} at (0,0) size 775x84
          text run at (0,0) width 758: "Fifth sentence: this text should be green according to CSS 1 (class name can not start with a dash in"
          text run at (0,21) width 751: "CSS 1) but it should be purple according to latest CSS 2.1 WD (class name can not start with a dash"
          text run at (0,42) width 775: "unless immediately followed by [_A-Za-z] character in CSS 2.1) and the markup code is valid according"
          text run at (0,63) width 723: "to W3C HTML validator and the CSS code is perfectly valid according to the W3C CSS validator!"
      RenderBlock {P} at (0,409) size 784x21
        RenderText {#text} at (0,0) size 33x21
          text run at (0,0) width 33: "See "
        RenderInline {A} at (0,0) size 78x21 [color=#0000EE]
          RenderText {#text} at (33,0) size 78x21
            text run at (33,0) width 78: "Bug 14373"
        RenderInline {A} at (0,0) size 4x21
          RenderText {#text} at (111,0) size 4x21
            text run at (111,0) width 4: "."
      RenderBlock (anonymous) at (0,446) size 784x0
        RenderInline {A} at (0,0) size 0x0
          RenderText {#text} at (0,0) size 0x0
