layer at (0,0) size 800x600
  RenderView at (0,0) size 800x600
layer at (0,0) size 800x600
  RenderBlock {HTML} at (0,0) size 800x600
    RenderBody {BODY} at (8,8) size 784x576
      RenderBlock {H1} at (0,0) size 784x42
        RenderText {#text} at (0,0) size 304x42
          text run at (0,0) width 304: "CSS2 System Fonts"
      RenderBlock {P} at (0,63) size 784x42
        RenderText {#text} at (0,0) size 428x21
          text run at (0,0) width 428: "The following should appear with the fonts specified, per the "
        RenderInline {A} at (0,0) size 89x21 [color=#0000EE]
          RenderText {#text} at (428,0) size 89x21
            text run at (428,0) width 89: "CSS2 specs"
        RenderText {#text} at (517,0) size 772x42
          text run at (517,0) width 255: ". If they appear in a monospace font,"
          text run at (0,21) width 128: "the test has failed."
      RenderBlock {UL} at (0,121) size 784x102
        RenderListItem {LI} at (40,0) size 744x17
          RenderListMarker at (-16,0) size 6x17: bullet
          RenderText {#text} at (0,0) size 304x17
            text run at (0,0) width 304: "Caption (on Mac will be Lucida Grande 13.0 Regular)"
        RenderListItem {LI} at (40,17) size 744x17
          RenderListMarker at (-16,0) size 6x17: bullet
          RenderText {#text} at (0,0) size 570x17
            text run at (0,0) width 570: "Icon (on Mac will be Lucida Grande 13.0 Regular for now, not sure how to get this info from Finder)"
        RenderListItem {LI} at (40,34) size 744x17
          RenderListMarker at (-16,0) size 6x17: bullet
          RenderText {#text} at (0,0) size 292x17
            text run at (0,0) width 292: "Menu (on Mac will be Lucida Grande 13.0 Regular)"
        RenderListItem {LI} at (40,51) size 744x17
          RenderListMarker at (-16,0) size 6x17: bullet
          RenderText {#text} at (0,0) size 340x17
            text run at (0,0) width 340: "Message-Box (on Mac will be Lucida Grande 13.0 Regular)"
        RenderListItem {LI} at (40,68) size 744x17
          RenderListMarker at (-16,0) size 6x17: bullet
          RenderText {#text} at (0,0) size 341x17
            text run at (0,0) width 341: "Small-Caption (on Mac will be Lucida Grande 11.0 Regular)"
        RenderListItem {LI} at (40,85) size 744x17
          RenderListMarker at (-16,0) size 6x17: bullet
          RenderText {#text} at (0,0) size 322x17
            text run at (0,0) width 322: "Status-Bar (on Mac will be Lucida Grande 10.0 Regular)"
      RenderBlock {P} at (0,239) size 784x21
        RenderInline {A} at (0,0) size 205x21 [color=#0000EE]
          RenderText {#text} at (0,0) size 205x21
            text run at (0,0) width 205: "\x{AB} Return to Safari Bugs page"
