layer at (0,0) size 800x600
  RenderView at (0,0) size 800x600
layer at (0,0) size 800x600
  RenderBlock {HTML} at (0,0) size 800x600
    RenderBody {BODY} at (8,8) size 784x584
      RenderBlock {DIV} at (0,0) size 784x21
        RenderText {#text} at (0,0) size 237x21
          text run at (0,0) width 237: "This text should be black, not red."
      RenderBlock {DIV} at (0,21) size 784x0
