layer at (0,0) size 800x600
  RenderView at (0,0) size 800x600
layer at (0,0) size 800x93
  RenderBlock {HTML} at (0,0) size 800x93
    RenderBody {BODY} at (8,16) size 784x69
      RenderBlock {P} at (0,0) size 784x21
        RenderText {#text} at (0,0) size 265x21
          text run at (0,0) width 265: "There should be no RED on the page"
      RenderBlock {DIV} at (0,37) size 784x32
