layer at (0,0) size 800x600
  RenderView at (0,0) size 800x600
layer at (0,0) size 800x600
  RenderBlock {HTML} at (0,0) size 800x600
    RenderBody {BODY} at (8,8) size 784x584
      RenderBlock {P} at (0,0) size 784x42
        RenderText {#text} at (0,0) size 57x21
          text run at (0,0) width 57: "Test for "
        RenderInline {I} at (0,0) size 773x42
          RenderInline {A} at (0,0) size 379x21 [color=#0000EE]
            RenderText {#text} at (57,0) size 379x21
              text run at (57,0) width 379: "http://bugzilla.opendarwin.org/show_bug.cgi?id=9124"
          RenderText {#text} at (436,0) size 773x42
            text run at (436,0) width 4: " "
            text run at (440,0) width 333: "Drop shadow obscures \"add more stuff\" bubble"
            text run at (0,21) width 76: "at live.com"
        RenderText {#text} at (76,21) size 4x21
          text run at (76,21) width 4: "."
      RenderBlock {HR} at (0,58) size 784x2 [border: (1px inset #000000)]
layer at (8,76) size 100x100
  RenderBlock (positioned) {DIV} at (0,0) size 100x100 [bgcolor=#FF0000]
layer at (8,76) size 100x100
  RenderBlock (positioned) {DIV} at (0,0) size 100x100 [bgcolor=#008000]
