layer at (0,0) size 800x600
  RenderView at (0,0) size 800x600
layer at (0,0) size 800x600
  RenderBlock {HTML} at (0,0) size 800x600
    RenderBody {BODY} at (8,8) size 784x584
      RenderBlock {P} at (0,0) size 784x21
        RenderText {#text} at (0,0) size 472x21
          text run at (0,0) width 472: "All the X\x{2019}s below should be green. All other letters should be black."
      RenderBlock {DIV} at (0,37) size 784x21
        RenderInline (generated) at (0,0) size 11x21 [color=#008000]
          RenderText {#text} at (0,0) size 11x21
            text run at (0,0) width 11: "X"
        RenderText {#text} at (11,0) size 11x21
          text run at (11,0) width 11: "Y"
      RenderBlock {DIV} at (0,58) size 784x21
        RenderImage {IMG} at (0,16) size 0x0
        RenderText {#text} at (0,0) size 21x21
          text run at (0,0) width 21: "YZ"
      RenderBlock {DIV} at (0,79) size 784x21
        RenderImage {IMG} at (0,0) size 0x0
        RenderInline (generated) at (0,0) size 11x21 [color=#008000]
          RenderText {#text} at (0,0) size 11x21
            text run at (0,0) width 11: "X"
        RenderText {#text} at (11,0) size 11x21
          text run at (11,0) width 11: "Y"
      RenderBlock {DIV} at (0,100) size 784x21
        RenderInline (generated) at (0,0) size 11x21 [color=#008000]
          RenderText {#text} at (0,0) size 11x21
            text run at (0,0) width 11: "X"
        RenderText {#text} at (11,0) size 11x21
          text run at (11,0) width 11: "Y"
      RenderBlock {DIV} at (0,121) size 784x21
        RenderBlock {DIV} at (0,0) size 784x21
          RenderInline (generated) at (0,0) size 11x21 [color=#008000]
            RenderText {#text} at (0,0) size 11x21
              text run at (0,0) width 11: "X"
          RenderText {#text} at (11,0) size 11x21
            text run at (11,0) width 11: "Y"
      RenderBlock {DIV} at (0,142) size 784x21
        RenderBlock {DIV} at (0,0) size 784x21
          RenderImage {IMG} at (0,16) size 0x0
          RenderText {#text} at (0,0) size 4x21
            text run at (0,0) width 4: " "
          RenderText {#text} at (4,0) size 21x21
            text run at (4,0) width 21: "YZ"
layer at (100,108) size 26x21
  RenderBlock (positioned) {DIV} at (100,108) size 26x21
    RenderText {#text} at (0,0) size 26x21
      text run at (0,0) width 26: "VW"
layer at (100,129) size 26x21
  RenderBlock (positioned) {DIV} at (100,129) size 26x21
    RenderText {#text} at (0,0) size 26x21
      text run at (0,0) width 26: "VW"
layer at (100,171) size 26x21
  RenderBlock (positioned) {DIV} at (100,171) size 26x21
    RenderText {#text} at (0,0) size 26x21
      text run at (0,0) width 26: "VW"
