layer at (0,0) size 800x600
  RenderView at (0,0) size 800x600
layer at (0,0) size 800x82
  RenderBlock {HTML} at (0,0) size 800x82
    RenderBody {BODY} at (8,8) size 784x58
      RenderBlock (anonymous) at (0,0) size 784x21
        RenderInline (generated) at (0,0) size 11x21 [color=#008000]
          RenderText {#text} at (0,0) size 11x21
            text run at (0,0) width 11: "B"
        RenderText {#text} at (11,0) size 150x21
          text run at (11,0) width 150: "oth quotes are green."
      RenderBlock {P} at (0,37) size 784x21
        RenderInline {SPAN} at (0,0) size 12x21
          RenderInline (generated) at (0,0) size 6x21
            RenderInline (generated) at (0,0) size 6x21 [color=#008000]
              RenderText at (0,0) size 6x21
                text run at (0,0) width 6: "\""
            RenderText at (0,0) size 0x0
          RenderInline (generated) at (0,0) size 6x21
            RenderInline (generated) at (0,0) size 6x21 [color=#008000]
              RenderText at (6,0) size 6x21
                text run at (6,0) width 6: "\""
            RenderText at (0,0) size 0x0
