layer at (0,0) size 785x2932
  RenderView at (0,0) size 785x600
layer at (0,0) size 785x2932
  RenderBlock {HTML} at (0,0) size 785x2932
    RenderBody {BODY} at (8,16) size 769x2868 [bgcolor=#FFFFFF]
      RenderBlock {P} at (0,0) size 769x19
        RenderText {#text} at (0,0) size 162x19
          text run at (0,0) width 162: "This page is part of the "
        RenderInline {A} at (0,0) size 72x19 [color=#0000EE]
          RenderText {#text} at (162,0) size 72x19
            text run at (162,0) width 72: "CSS3.info"
        RenderText {#text} at (234,0) size 4x19
          text run at (234,0) width 4: " "
        RenderInline {A} at (0,0) size 130x19 [color=#0000EE]
          RenderText {#text} at (238,0) size 130x19
            text run at (238,0) width 130: "CSS selectors test"
        RenderText {#text} at (368,0) size 131x19
          text run at (368,0) width 131: ". See more info on "
        RenderInline {A} at (0,0) size 110x19 [color=#0000EE]
          RenderText {#text} at (499,0) size 110x19
            text run at (499,0) width 110: "CSS3 selectors"
        RenderText {#text} at (609,0) size 4x19
          text run at (609,0) width 4: "."
      RenderBlock {DIV} at (0,35) size 769x0 [bgcolor=#009900]
      RenderBlock {OL} at (0,35) size 769x2833
        RenderListItem {LI} at (40,0) size 615x215 [bgcolor=#AAAAAA]
          RenderBlock {DIV} at (16,16) size 583x24 [bgcolor=#990000]
            RenderBlock {DIV} at (0,0) size 583x24 [bgcolor=#009900]
          RenderBlock {PRE} at (16,53) size 583x76 [bgcolor=#FFFFFF]
            RenderListMarker at (-38,6) size 17x19: "1"
            RenderText {#text} at (6,10) size 280x60
              text run at (6,10) width 152: "div:first-of-type {"
              text run at (158,10) width 0: " "
              text run at (6,25) width 8: "}"
              text run at (14,25) width 0: " "
              text run at (6,40) width 0: " "
              text run at (6,55) width 280: "<div>Does this element match?</div>"
          RenderBlock {P} at (16,145) size 583x38
            RenderText {#text} at (0,0) size 535x38
              text run at (0,0) width 535: "The CSS selector should match the marked div element, because it is the only"
              text run at (0,19) width 133: "element of this type"
        RenderListItem {LI} at (40,263) size 615x230 [bgcolor=#AAAAAA]
          RenderBlock {DIV} at (16,16) size 583x24 [bgcolor=#990000]
            RenderBlock {DIV} at (0,0) size 583x24 [bgcolor=#009900]
            RenderBlock {DIV} at (0,24) size 583x0
          RenderBlock {PRE} at (16,53) size 583x91 [bgcolor=#FFFFFF]
            RenderListMarker at (-38,6) size 17x19: "2"
            RenderText {#text} at (6,10) size 280x75
              text run at (6,10) width 152: "div:first-of-type {"
              text run at (158,10) width 0: " "
              text run at (6,25) width 8: "}"
              text run at (14,25) width 0: " "
              text run at (6,40) width 0: " "
              text run at (6,55) width 280: "<div>Does this element match?</div>"
              text run at (286,55) width 0: " "
              text run at (6,70) width 88: "<div></div>"
          RenderBlock {P} at (16,160) size 583x38
            RenderText {#text} at (0,0) size 533x38
              text run at (0,0) width 533: "The CSS selector should match the marked div element, because it is the first"
              text run at (0,19) width 133: "element of this type"
        RenderListItem {LI} at (40,541) size 615x230 [bgcolor=#AAAAAA]
          RenderBlock {DIV} at (16,16) size 583x24 [bgcolor=#990000]
            RenderBlock {BLOCKQUOTE} at (0,0) size 583x0 [bgcolor=#009900]
            RenderBlock {DIV} at (0,0) size 583x24 [bgcolor=#009900]
          RenderBlock {PRE} at (16,53) size 583x91 [bgcolor=#FFFFFF]
            RenderListMarker at (-38,6) size 17x19: "3"
            RenderText {#text} at (6,10) size 280x75
              text run at (6,10) width 152: "div:first-of-type {"
              text run at (158,10) width 0: " "
              text run at (6,25) width 8: "}"
              text run at (14,25) width 0: " "
              text run at (6,40) width 0: " "
              text run at (6,55) width 200: "<blockquote></blockquote>"
              text run at (206,55) width 0: " "
              text run at (6,70) width 280: "<div>Does this element match?</div>"
          RenderBlock {P} at (16,160) size 583x38
            RenderText {#text} at (0,0) size 533x38
              text run at (0,0) width 533: "The CSS selector should match the marked div element, because it is the first"
              text run at (0,19) width 133: "element of this type"
        RenderListItem {LI} at (40,819) size 615x260 [bgcolor=#AAAAAA]
          RenderBlock {DIV} at (16,16) size 583x24 [bgcolor=#990000]
            RenderBlock {DIV} at (0,0) size 583x0 [bgcolor=#009900]
            RenderBlock {BLOCKQUOTE} at (0,0) size 583x24 [bgcolor=#009900]
              RenderBlock {DIV} at (0,0) size 583x24
          RenderBlock {PRE} at (16,53) size 583x121 [bgcolor=#FFFFFF]
            RenderListMarker at (-38,6) size 17x19: "4"
            RenderText {#text} at (6,10) size 304x105
              text run at (6,10) width 152: "div:first-of-type {"
              text run at (158,10) width 0: " "
              text run at (6,25) width 8: "}"
              text run at (14,25) width 0: " "
              text run at (6,40) width 0: " "
              text run at (6,55) width 88: "<div></div>"
              text run at (94,55) width 0: " "
              text run at (6,70) width 96: "<blockquote>"
              text run at (102,70) width 0: " "
              text run at (6,85) width 304: "   <div>Does this element match?</div>"
              text run at (310,85) width 0: " "
              text run at (6,100) width 104: "</blockquote>"
          RenderBlock {P} at (16,190) size 583x38
            RenderText {#text} at (0,0) size 533x38
              text run at (0,0) width 533: "The CSS selector should match the marked div element, because it is the first"
              text run at (0,19) width 224: "element of this type in this scope"
        RenderListItem {LI} at (40,1127) size 615x245 [bgcolor=#AAAAAA]
          RenderBlock {DIV} at (16,16) size 583x24 [bgcolor=#990000]
            RenderBlock {DIV} at (0,0) size 583x24 [bgcolor=#009900]
              RenderBlock {DIV} at (0,0) size 583x24
          RenderBlock {PRE} at (16,53) size 583x106 [bgcolor=#FFFFFF]
            RenderListMarker at (-38,6) size 17x19: "5"
            RenderText {#text} at (6,10) size 304x90
              text run at (6,10) width 152: "div:first-of-type {"
              text run at (158,10) width 0: " "
              text run at (6,25) width 8: "}"
              text run at (14,25) width 0: " "
              text run at (6,40) width 0: " "
              text run at (6,55) width 40: "<div>"
              text run at (46,55) width 0: " "
              text run at (6,70) width 304: "   <div>Does this element match?</div>"
              text run at (310,70) width 0: " "
              text run at (6,85) width 48: "</div>"
          RenderBlock {P} at (16,175) size 583x38
            RenderText {#text} at (0,0) size 533x38
              text run at (0,0) width 533: "The CSS selector should match the marked div element, because it is the first"
              text run at (0,19) width 272: "element of this type in the current scope"
        RenderListItem {LI} at (40,1420) size 615x260 [bgcolor=#AAAAAA]
          RenderBlock {DIV} at (16,16) size 583x24 [bgcolor=#990000]
            RenderBlock {BLOCKQUOTE} at (0,0) size 583x0 [bgcolor=#009900]
              RenderBlock {DIV} at (0,0) size 583x0
            RenderBlock {DIV} at (0,0) size 583x24 [bgcolor=#009900]
          RenderBlock {PRE} at (16,53) size 583x121 [bgcolor=#FFFFFF]
            RenderListMarker at (-38,6) size 17x19: "6"
            RenderText {#text} at (6,10) size 280x105
              text run at (6,10) width 152: "div:first-of-type {"
              text run at (158,10) width 0: " "
              text run at (6,25) width 8: "}"
              text run at (14,25) width 0: " "
              text run at (6,40) width 0: " "
              text run at (6,55) width 96: "<blockquote>"
              text run at (102,55) width 0: " "
              text run at (6,70) width 112: "   <div></div>"
              text run at (118,70) width 0: " "
              text run at (6,85) width 104: "</blockquote>"
              text run at (110,85) width 0: " "
              text run at (6,100) width 280: "<div>Does this element match?</div>"
          RenderBlock {P} at (16,190) size 583x38
            RenderText {#text} at (0,0) size 533x38
              text run at (0,0) width 533: "The CSS selector should match the marked div element, because it is the first"
              text run at (0,19) width 272: "element of this type in the current scope"
        RenderListItem {LI} at (40,1728) size 615x230 [bgcolor=#AAAAAA]
          RenderBlock {DIV} at (16,16) size 583x24 [bgcolor=#009900]
            RenderBlock {DIV} at (0,0) size 583x0 [bgcolor=#990000]
            RenderBlock {DIV} at (0,0) size 583x24
          RenderBlock {PRE} at (16,53) size 583x91 [bgcolor=#FFFFFF]
            RenderListMarker at (-38,6) size 17x19: "7"
            RenderText {#text} at (6,10) size 280x75
              text run at (6,10) width 152: "div:first-of-type {"
              text run at (158,10) width 0: " "
              text run at (6,25) width 8: "}"
              text run at (14,25) width 0: " "
              text run at (6,40) width 0: " "
              text run at (6,55) width 88: "<div></div>"
              text run at (94,55) width 0: " "
              text run at (6,70) width 280: "<div>Does this element match?</div>"
          RenderBlock {P} at (16,160) size 583x38
            RenderText {#text} at (0,0) size 529x38
              text run at (0,0) width 529: "The CSS selector should not match the marked div element, because it is the"
              text run at (0,19) width 188: "second element of this type"
        RenderListItem {LI} at (40,2006) size 615x230 [bgcolor=#AAAAAA]
          RenderBlock {DIV} at (16,16) size 583x24 [bgcolor=#009900]
            RenderBlock {DIV} at (0,0) size 583x0 [bgcolor=#990000]
            RenderBlock {DIV} at (0,0) size 583x24
          RenderBlock {PRE} at (16,53) size 583x91 [bgcolor=#FFFFFF]
            RenderListMarker at (-38,6) size 17x19: "8"
            RenderText {#text} at (6,10) size 280x75
              text run at (6,10) width 152: "div:first-of-type {"
              text run at (158,10) width 0: " "
              text run at (6,25) width 8: "}"
              text run at (14,25) width 0: " "
              text run at (6,40) width 0: " "
              text run at (6,55) width 88: "<DIV></DIV>"
              text run at (94,55) width 0: " "
              text run at (6,70) width 280: "<div>Does this element match?</div>"
          RenderBlock {P} at (16,160) size 583x38
            RenderText {#text} at (0,0) size 529x38
              text run at (0,0) width 529: "The CSS selector should not match the marked div element, because it is the"
              text run at (0,19) width 188: "second element of this type"
        RenderListItem {LI} at (40,2284) size 615x260 [bgcolor=#AAAAAA]
          RenderBlock {DIV} at (16,16) size 583x24 [bgcolor=#990000]
            RenderBlock {DIV} at (0,0) size 583x24 [bgcolor=#009900]
            RenderBlock {DIV} at (0,24) size 583x0
          RenderBlock {PRE} at (16,53) size 583x121 [bgcolor=#FFFFFF]
            RenderListMarker at (-38,6) size 17x19: "9"
            RenderText {#text} at (6,10) size 520x105
              text run at (6,10) width 152: "div:first-of-type {"
              text run at (158,10) width 0: " "
              text run at (6,25) width 8: "}"
              text run at (14,25) width 0: " "
              text run at (6,40) width 0: " "
              text run at (6,55) width 232: "<div id='insertBefore'></div>"
              text run at (238,55) width 0: " "
              text run at (6,70) width 0: " "
              text run at (6,85) width 392: "var ib = document.getElementById('insertBefore');"
              text run at (398,85) width 0: " "
              text run at (6,100) width 520: "ib.parentElement.insertBefore(document.createElement(\"div\"), ib);"
          RenderBlock {P} at (16,190) size 583x38
            RenderText {#text} at (0,0) size 551x38
              text run at (0,0) width 551: "The CSS selector should match the div element that is inserted by the Javascript"
              text run at (0,19) width 39: "code."
        RenderListItem {LI} at (40,2592) size 615x241 [bgcolor=#AAAAAA]
          RenderBlock {DIV} at (16,16) size 583x24 [bgcolor=#009900]
            RenderBlock {DIV} at (0,0) size 583x0 [bgcolor=#990000]
            RenderBlock {DIV} at (0,0) size 583x24
          RenderBlock {PRE} at (16,53) size 583x121 [bgcolor=#FFFFFF]
            RenderListMarker at (-47,6) size 26x19: "10"
            RenderText {#text} at (6,10) size 520x105
              text run at (6,10) width 152: "div:first-of-type {"
              text run at (158,10) width 0: " "
              text run at (6,25) width 8: "}"
              text run at (14,25) width 0: " "
              text run at (6,40) width 0: " "
              text run at (6,55) width 232: "<div id='insertBefore'></div>"
              text run at (238,55) width 0: " "
              text run at (6,70) width 0: " "
              text run at (6,85) width 392: "var ib = document.getElementById('insertBefore');"
              text run at (398,85) width 0: " "
              text run at (6,100) width 520: "ib.parentElement.insertBefore(document.createElement(\"div\"), ib);"
          RenderBlock {P} at (16,190) size 583x19
            RenderText {#text} at (0,0) size 514x19
              text run at (0,0) width 514: "The original div element should not be a match for the :first-of-type selector."
