layer at (0,0) size 800x600
  RenderView at (0,0) size 800x600
layer at (0,0) size 800x600
  RenderBlock {HTML} at (0,0) size 800x600
    RenderBody {BODY} at (8,8) size 784x576
      RenderBlock {P} at (0,0) size 784x42
        RenderText {#text} at (0,0) size 57x21
          text run at (0,0) width 57: "Test for "
        RenderInline {I} at (0,0) size 777x42
          RenderInline {A} at (0,0) size 379x21 [color=#0000EE]
            RenderText {#text} at (57,0) size 379x21
              text run at (57,0) width 379: "http://bugzilla.opendarwin.org/show_bug.cgi?id=3560"
          RenderText {#text} at (436,0) size 777x42
            text run at (436,0) width 341: " page with use of first-letter crashes reproducibly"
            text run at (0,21) width 223: "in RenderObject::renderArena()"
        RenderText {#text} at (223,21) size 4x21
          text run at (223,21) width 4: "."
      RenderBlock {P} at (0,58) size 784x21
        RenderText {#text} at (0,0) size 258x21
          text run at (0,0) width 258: "The next three lines should all read \x{201C}"
        RenderInline {SPAN} at (0,0) size 11x21 [color=#0000FF]
          RenderText {#text} at (258,0) size 11x21
            text run at (258,0) width 11: "P"
        RenderText {#text} at (269,0) size 226x21
          text run at (269,0) width 226: "ASS\x{201D}, with nothing before the P."
      RenderBlock {HR} at (0,95) size 784x2 [border: (1px inset #000000)]
      RenderBlock {P} at (0,113) size 784x21
        RenderInline (generated) at (0,0) size 11x21 [color=#0000FF]
          RenderText {#text} at (0,0) size 11x21
            text run at (0,0) width 11: "P"
        RenderText {#text} at (11,0) size 33x21
          text run at (11,0) width 33: "ASS"
      RenderBlock {P} at (0,150) size 784x21
        RenderInline (generated) at (0,0) size 11x21 [color=#0000FF]
          RenderText {#text} at (0,0) size 11x21
            text run at (0,0) width 11: "P"
        RenderText {#text} at (11,0) size 33x21
          text run at (11,0) width 33: "ASS"
      RenderBlock {P} at (0,187) size 784x21
        RenderInline (generated) at (0,0) size 11x21 [color=#0000FF]
          RenderText {#text} at (0,0) size 11x21
            text run at (0,0) width 11: "P"
        RenderText {#text} at (11,0) size 33x21
          text run at (11,0) width 33: "ASS"
