layer at (0,0) size 800x600
  RenderView at (0,0) size 800x600
layer at (0,0) size 800x245
  RenderBlock {HTML} at (0,0) size 800x245
    RenderBody {BODY} at (8,16) size 784x221
      RenderBlock {P} at (0,0) size 784x21
        RenderText {#text} at (0,0) size 442x21
          text run at (0,0) width 442: "Test passes if all the T and surrounding punctuation are green."
      RenderBlock {DIV} at (0,37) size 784x46
        RenderInline (generated) at (0,0) size 46x46 [color=#008000]
          RenderText {#text} at (0,0) size 46x46
            text run at (0,0) width 46: "(T)"
        RenderText {#text} at (46,19) size 21x21
          text run at (46,19) width 21: "est"
      RenderBlock {DIV} at (0,83) size 784x46
        RenderInline (generated) at (0,0) size 46x46 [color=#008000]
          RenderText {#text} at (0,0) size 46x46
            text run at (0,0) width 46: "\x{201C}T\x{201D}"
        RenderText {#text} at (46,19) size 21x21
          text run at (46,19) width 21: "est"
      RenderBlock {DIV} at (0,129) size 784x46
        RenderInline (generated) at (0,0) size 82x46 [color=#008000]
          RenderText {#text} at (0,0) size 82x46
            text run at (0,0) width 82: "\x{AB} T \x{BB}"
        RenderText {#text} at (82,19) size 21x21
          text run at (82,19) width 21: "est"
      RenderBlock {DIV} at (0,175) size 784x46
        RenderInline (generated) at (0,0) size 82x46 [color=#008000]
          RenderText {#text} at (0,0) size 82x46
            text run at (0,0) width 82: "\x{AB} T \x{BB}"
        RenderText {#text} at (82,19) size 37x21
          text run at (82,19) width 37: "    est"
