layer at (0,0) size 800x600
  RenderView at (0,0) size 800x600
layer at (0,0) size 800x600
  RenderBlock {HTML} at (0,0) size 800x600
    RenderBody {BODY} at (8,8) size 784x576
      RenderBlock {P} at (0,0) size 784x42
        RenderText {#text} at (0,0) size 57x21
          text run at (0,0) width 57: "Test for "
        RenderInline {I} at (0,0) size 769x42
          RenderInline {A} at (0,0) size 329x21 [color=#0000EE]
            RenderText {#text} at (57,0) size 329x21
              text run at (57,0) width 329: "http://bugs.webkit.org/show_bug.cgi?id=17834"
          RenderText {#text} at (386,0) size 769x42
            text run at (386,0) width 4: " "
            text run at (390,0) width 379: "REGRESSION: floated first-letter does not work when"
            text run at (0,21) width 117: "included in table"
        RenderText {#text} at (117,21) size 4x21
          text run at (117,21) width 4: "."
      RenderBlock {P} at (0,58) size 784x21
        RenderText {#text} at (0,0) size 298x21
          text run at (0,0) width 298: "The following three lines should look like \x{201C}"
        RenderInline {SPAN} at (0,0) size 11x21 [color=#008000]
          RenderText {#text} at (298,0) size 11x21
            text run at (298,0) width 11: "A"
        RenderText {#text} at (309,0) size 24x21
          text run at (309,0) width 24: "-Z\x{201D}."
      RenderTable {TABLE} at (0,95) size 32x27
        RenderTableSection {TBODY} at (0,0) size 32x27
          RenderTableRow {TR} at (0,2) size 32x23
            RenderTableCell {TD} at (2,2) size 28x23 [r=0 c=0 rs=1 cs=1]
              RenderBlock {DIV} at (1,1) size 26x21
                RenderBlock {P} at (0,0) size 26x21
                  RenderBlock (floating) at (0,0) size 11x21 [color=#008000]
                    RenderText {#text} at (0,0) size 11x21
                      text run at (0,0) width 11: "A"
                  RenderText {#text} at (11,0) size 15x21
                    text run at (11,0) width 15: "-Z"
      RenderTable {TABLE} at (0,122) size 32x27
        RenderTableSection {TBODY} at (0,0) size 32x27
          RenderTableRow {TR} at (0,2) size 32x23
            RenderTableCell {TD} at (2,2) size 28x23 [r=0 c=0 rs=1 cs=1]
              RenderBlock {P} at (1,1) size 26x21
                RenderBlock (floating) at (0,0) size 11x21 [color=#008000]
                  RenderText {#text} at (0,0) size 11x21
                    text run at (0,0) width 11: "A"
                RenderText {#text} at (11,0) size 15x21
                  text run at (11,0) width 15: "-Z"
      RenderBlock {P} at (0,165) size 784x21
        RenderBlock (floating) at (0,0) size 11x21 [color=#008000]
          RenderText {#text} at (0,0) size 11x21
            text run at (0,0) width 11: "A"
        RenderText {#text} at (11,0) size 15x21
          text run at (11,0) width 15: "-Z"
