layer at (0,0) size 800x600
  RenderView at (0,0) size 800x600
layer at (0,0) size 800x58
  RenderBlock {HTML} at (0,0) size 800x58
    RenderBody {BODY} at (8,8) size 784x42
      RenderBlock (anonymous) at (0,0) size 784x21
        RenderText {#text} at (0,0) size 219x21
          text run at (0,0) width 219: "The first letter should be green."
      RenderBlock {DIV} at (0,21) size 784x21
        RenderBlock {DIV} at (0,0) size 784x21
          RenderBlock {DIV} at (0,0) size 784x0
          RenderBlock {DIV} at (0,0) size 784x21
            RenderInline {SPAN} at (0,0) size 76x21
              RenderInline (generated) at (0,0) size 10x21 [color=#008000]
                RenderText {#text} at (0,0) size 10x21
                  text run at (0,0) width 10: "T"
              RenderText {#text} at (10,0) size 66x21
                text run at (10,0) width 66: "his is text"
            RenderText {#text} at (0,0) size 0x0
        RenderBlock {DIV} at (0,21) size 784x0
