layer at (0,0) size 800x600
  RenderView at (0,0) size 800x600
layer at (0,0) size 800x600
  RenderBlock {HTML} at (0,0) size 800x600
    RenderBody {BODY} at (8,8) size 784x576
      RenderBlock {P} at (0,0) size 784x42
        RenderText {#text} at (0,0) size 57x21
          text run at (0,0) width 57: "Test for "
        RenderInline {I} at (0,0) size 729x42
          RenderInline {A} at (0,0) size 329x21 [color=#0000EE]
            RenderText {#text} at (57,0) size 329x21
              text run at (57,0) width 329: "http://bugs.webkit.org/show_bug.cgi?id=14545"
          RenderText {#text} at (386,0) size 729x42
            text run at (386,0) width 4: " "
            text run at (390,0) width 339: "REGRESSION (r21854-r21869): Repro crash in"
            text run at (0,21) width 349: "RenderBlock::updateFirstLetter @ nola.com/rose/"
        RenderText {#text} at (349,21) size 4x21
          text run at (349,21) width 4: "."
      RenderBlock {P} at (0,58) size 784x21
        RenderText {#text} at (0,0) size 276x21
          text run at (0,0) width 276: "The following lines should be identical:"
      RenderBlock {DIV} at (0,95) size 784x21
        RenderInline (generated) at (0,0) size 9x21 [color=#008000]
          RenderText {#text} at (0,0) size 9x21
            text run at (0,0) width 9: "L"
        RenderText {#text} at (9,0) size 83x21
          text run at (9,0) width 83: "orem Ipsum"
      RenderBlock {P} at (0,132) size 784x21
        RenderInline {SPAN} at (0,0) size 9x21 [color=#008000]
          RenderText {#text} at (0,0) size 9x21
            text run at (0,0) width 9: "L"
        RenderText {#text} at (9,0) size 83x21
          text run at (9,0) width 83: "orem Ipsum"
