layer at (0,0) size 800x600
  RenderView at (0,0) size 800x600
layer at (0,0) size 800x600
  RenderBlock {HTML} at (0,0) size 800x600
    RenderBody {BODY} at (8,8) size 784x584
      RenderBlock {P} at (0,0) size 784x22
        RenderText {#text} at (0,0) size 63x21
          text run at (0,0) width 63: "Test for "
        RenderInline {I} at (0,0) size 582x22
          RenderInline {A} at (0,0) size 304x22 [color=#0000EE]
            RenderText {#text} at (63,0) size 304x22
              text run at (63,0) width 304: "http://bugs.webkit.org/show_bug.cgi?id=16348"
          RenderText {#text} at (367,0) size 278x22
            text run at (367,0) width 4: " "
            text run at (371,0) width 274: "@font-face does not affect the default style"
        RenderText {#text} at (645,0) size 5x21
          text run at (645,0) width 5: "."
      RenderBlock (anonymous) at (0,38) size 784x21
        RenderText {#text} at (0,0) size 218x21
          text run at (0,0) width 218: "This text should be in Arial."
