layer at (0,0) size 784x637
  RenderView at (0,0) size 784x600
layer at (0,0) size 784x637
  RenderBlock {HTML} at (0,0) size 784x637
    RenderBody {BODY} at (8,16) size 768x605
      RenderBlock {P} at (0,0) size 768x21
        RenderText {#text} at (0,0) size 505x21
          text run at (0,0) width 505: "Fails indicate that the font property specification is invalid in strict mode."
      RenderBlock {P} at (0,53) size 768x41
        RenderText {#text} at (0,0) size 236x41
          text run at (0,0) width 236: "24pt italic = 24pt"
      RenderBlock {P} at (0,126) size 768x41
        RenderText {#text} at (0,0) size 309x41
          text run at (0,0) width 309: "24pt italic Arial = 24pt"
      RenderBlock {P} at (0,199) size 768x41
        RenderText {#text} at (0,0) size 394x41
          text run at (0,0) width 394: "24pt italic 'Arial' = 24pt Arial"
      RenderBlock {P} at (0,272) size 768x21
        RenderText {#text} at (0,0) size 114x21
          text run at (0,0) width 114: "italic 24pt = fails"
      RenderBlock {P} at (0,325) size 768x42
        RenderText {#text} at (0,0) size 457x42
          text run at (0,0) width 457: "italic 24pt Arial = 24pt Arial Italic"
      RenderBlock {P} at (0,399) size 768x42
        RenderText {#text} at (0,0) size 469x42
          text run at (0,0) width 469: "italic 24pt 'Arial' = 24pt Arial Italic"
      RenderBlock {P} at (0,473) size 768x21
        RenderText {#text} at (0,0) size 151x21
          text run at (0,0) width 151: "Arial 24pt italic = fails"
      RenderBlock {P} at (0,510) size 768x21
        RenderText {#text} at (0,0) size 157x21
          text run at (0,0) width 157: "'Arial' 24pt italic = fails"
      RenderBlock {P} at (0,547) size 768x21
        RenderText {#text} at (0,0) size 151x21
          text run at (0,0) width 151: "Arial italic 24pt = fails"
      RenderBlock {P} at (0,584) size 768x21
        RenderText {#text} at (0,0) size 157x21
          text run at (0,0) width 157: "'Arial' italic 24pt = fails"
