layer at (0,0) size 800x600
  RenderView at (0,0) size 800x600
layer at (0,0) size 800x600
  RenderBlock {HTML} at (0,0) size 800x600
    RenderBody {BODY} at (8,8) size 784x584
      RenderBlock {P} at (0,0) size 784x21
        RenderText {#text} at (0,0) size 72x21
          text run at (0,0) width 72: "This tests "
        RenderInline {TT} at (0,0) size 64x17
          RenderText {#text} at (72,3) size 64x17
            text run at (72,3) width 64: "@font-face"
        RenderText {#text} at (136,0) size 383x21
          text run at (136,0) width 272: " rules with font descriptors that specify "
          text run at (408,0) width 111: "multiple values."
      RenderBlock {P} at (0,37) size 784x42
        RenderText {#text} at (0,0) size 754x42
          text run at (0,0) width 754: "Helvetica is assigned to weights 100 and 900 while courier is assigned to 400. Faces are assigned to other"
          text run at (0,21) width 533: "weights are according to the heuristic in the CSS3 Web Fonts working draft."
      RenderBlock {DIV} at (0,95) size 784x48
        RenderInline {SPAN} at (0,0) size 60x46
          RenderText {#text} at (0,1) size 60x46
            text run at (0,1) width 60: "100"
        RenderText {#text} at (60,1) size 10x46
          text run at (60,1) width 10: " "
        RenderInline {SPAN} at (0,0) size 60x46
          RenderText {#text} at (70,1) size 60x46
            text run at (70,1) width 60: "200"
        RenderText {#text} at (130,1) size 10x46
          text run at (130,1) width 10: " "
        RenderInline {SPAN} at (0,0) size 60x46
          RenderText {#text} at (140,1) size 60x46
            text run at (140,1) width 60: "300"
        RenderText {#text} at (200,1) size 10x46
          text run at (200,1) width 10: " "
        RenderInline {SPAN} at (0,0) size 60x46
          RenderText {#text} at (210,1) size 60x46
            text run at (210,1) width 60: "400"
        RenderText {#text} at (270,1) size 10x46
          text run at (270,1) width 10: " "
        RenderInline {SPAN} at (0,0) size 60x46
          RenderText {#text} at (280,1) size 60x46
            text run at (280,1) width 60: "500"
        RenderText {#text} at (340,1) size 10x46
          text run at (340,1) width 10: " "
        RenderInline {SPAN} at (0,0) size 60x48
          RenderText {#text} at (350,0) size 60x48
            text run at (350,0) width 60: "600"
        RenderText {#text} at (410,1) size 10x46
          text run at (410,1) width 10: " "
        RenderInline {SPAN} at (0,0) size 60x48
          RenderText {#text} at (420,0) size 60x48
            text run at (420,0) width 60: "700"
        RenderText {#text} at (480,1) size 10x46
          text run at (480,1) width 10: " "
        RenderInline {SPAN} at (0,0) size 60x48
          RenderText {#text} at (490,0) size 60x48
            text run at (490,0) width 60: "800"
        RenderText {#text} at (550,1) size 10x46
          text run at (550,1) width 10: " "
        RenderInline {SPAN} at (0,0) size 60x48
          RenderText {#text} at (560,0) size 60x48
            text run at (560,0) width 60: "900"
        RenderText {#text} at (0,0) size 0x0
