layer at (0,0) size 800x600
  RenderView at (0,0) size 800x600
layer at (0,0) size 800x600
  RenderBlock {HTML} at (0,0) size 800x600
    RenderBody {BODY} at (8,8) size 784x584
      RenderBlock {P} at (0,0) size 784x42
        RenderText {#text} at (0,0) size 57x21
          text run at (0,0) width 57: "Test for "
        RenderInline {I} at (0,0) size 751x42
          RenderInline {A} at (0,0) size 337x21 [color=#0000EE]
            RenderText {#text} at (57,0) size 337x21
              text run at (57,0) width 337: "https://bugs.webkit.org/show_bug.cgi?id=34735"
          RenderText {#text} at (394,0) size 751x42
            text run at (394,0) width 357: " [Chromium] OpenType font with CFF glyphs is not"
            text run at (0,21) width 240: "handled correctly on Windows XP"
        RenderText {#text} at (240,21) size 4x21
          text run at (240,21) width 4: "."
      RenderBlock {P} at (0,58) size 784x42
        RenderText {#text} at (0,0) size 734x42
          text run at (0,0) width 734: "Check if glyphs in Ahem.otf can be rendered correctly. If the test passes, you should see dozens of black"
          text run at (0,21) width 178: "square characters below:"
      RenderBlock (anonymous) at (0,116) size 784x42
        RenderInline {SPAN} at (0,0) size 405x21
          RenderText {#text} at (0,0) size 405x21
            text run at (0,0) width 405: "!\"#$%&()*+,-./0123456789:;<=>?@ABCDEFGHIJKLMNO"
        RenderText {#text} at (0,0) size 0x0
        RenderInline {SPAN} at (0,0) size 379x21
          RenderText {#text} at (0,21) size 379x21
            text run at (0,21) width 379: "PQRSTUVWXYZ[\\]^_`abcdefghijklmnoqrstuvwxyz{|}~"
        RenderText {#text} at (0,0) size 0x0
        RenderText {#text} at (0,0) size 0x0
      RenderBlock {P} at (0,174) size 784x42
        RenderText {#text} at (0,0) size 739x42
          text run at (0,0) width 739: "Check if glyphs not in Ahem.otf can be rendered using a fallback font. If the test passes, you should see a"
          text run at (0,21) width 209: "single-quote character below:"
      RenderBlock (anonymous) at (0,232) size 784x21
        RenderInline {SPAN} at (0,0) size 3x21
          RenderText {#text} at (0,0) size 3x21
            text run at (0,0) width 3: "'"
        RenderText {#text} at (0,0) size 0x0
        RenderText {#text} at (0,0) size 0x0
        RenderText {#text} at (0,0) size 0x0
