layer at (0,0) size 800x600
  RenderView at (0,0) size 800x600
layer at (0,0) size 800x600
  RenderBlock {HTML} at (0,0) size 800x600
    RenderBody {BODY} at (8,8) size 784x576
      RenderBlock {P} at (0,0) size 784x42
        RenderText {#text} at (0,0) size 57x21
          text run at (0,0) width 57: "Test for "
        RenderInline {I} at (0,0) size 757x42
          RenderInline {A} at (0,0) size 337x21 [color=#0000EE]
            RenderText {#text} at (57,0) size 337x21
              text run at (57,0) width 337: "https://bugs.webkit.org/show_bug.cgi?id=34147"
          RenderText {#text} at (394,0) size 757x42
            text run at (394,0) width 363: " If @font-face does not provide an explicit italic/bold"
            text run at (0,21) width 161: "variant, regular is used"
        RenderText {#text} at (161,21) size 4x21
          text run at (161,21) width 4: "."
      RenderBlock {P} at (0,58) size 784x21
        RenderText {#text} at (0,0) size 100x21
          text run at (0,0) width 100: "Ahem regular:"
      RenderBlock {P} at (0,95) size 784x17
        RenderText {#text} at (0,0) size 192x17
          text run at (0,0) width 192: "Ahem regular"
      RenderBlock {P} at (0,128) size 784x21
        RenderText {#text} at (0,0) size 148x21
          text run at (0,0) width 148: "Ahem synthetic bold:"
      RenderBlock (anonymous) at (0,165) size 784x0
        RenderInline {STRONG} at (0,0) size 0x0
      RenderBlock (anonymous) at (0,165) size 784x17
        RenderBlock {P} at (0,0) size 784x17
          RenderText {#text} at (0,0) size 304x17
            text run at (0,0) width 304: "Ahem synthetic bold"
      RenderBlock (anonymous) at (0,198) size 784x0
        RenderInline {STRONG} at (0,0) size 0x0
        RenderText {#text} at (0,0) size 0x0
      RenderBlock {P} at (0,198) size 784x21
        RenderText {#text} at (0,0) size 150x21
          text run at (0,0) width 150: "Ahem synthetic italic:"
      RenderBlock (anonymous) at (0,235) size 784x0
        RenderInline {I} at (0,0) size 0x0
      RenderBlock (anonymous) at (0,235) size 784x17
        RenderBlock {P} at (0,0) size 784x17
          RenderText {#text} at (0,0) size 336x17
            text run at (0,0) width 336: "Ahem synthetic italic"
      RenderBlock (anonymous) at (0,268) size 784x0
        RenderInline {I} at (0,0) size 0x0
        RenderText {#text} at (0,0) size 0x0
      RenderBlock {P} at (0,268) size 784x21
        RenderText {#text} at (0,0) size 185x21
          text run at (0,0) width 185: "Ahem synthetic bold italic:"
      RenderBlock (anonymous) at (0,305) size 784x0
        RenderInline {STRONG} at (0,0) size 0x0
          RenderInline {I} at (0,0) size 0x0
      RenderBlock (anonymous) at (0,305) size 784x17
        RenderBlock {P} at (0,0) size 784x17
          RenderText {#text} at (0,0) size 416x17
            text run at (0,0) width 416: "Ahem synthetic bold italic"
      RenderBlock (anonymous) at (0,338) size 784x0
        RenderInline {STRONG} at (0,0) size 0x0
          RenderInline {I} at (0,0) size 0x0
        RenderText {#text} at (0,0) size 0x0
        RenderText {#text} at (0,0) size 0x0
