layer at (0,0) size 800x600
  RenderView at (0,0) size 800x600
layer at (0,0) size 800x600
  RenderBlock {HTML} at (0,0) size 800x600
    RenderBody {BODY} at (8,8) size 784x576
      RenderBlock {DIV} at (0,0) size 784x21
        RenderInline {SPAN} at (0,0) size 250x21 [color=#FF0000]
          RenderText {#text} at (0,0) size 250x21
            text run at (0,0) width 250: "This should turn red when hovered."
        RenderText {#text} at (0,0) size 0x0
      RenderBlock {HR} at (0,29) size 784x2 [border: (1px inset #000000)]
      RenderBlock {P} at (0,47) size 784x42
        RenderText {#text} at (0,0) size 57x21
          text run at (0,0) width 57: "Test for "
        RenderInline {I} at (0,0) size 750x42
          RenderInline {A} at (0,0) size 379x21 [color=#0000EE]
            RenderText {#text} at (57,0) size 379x21
              text run at (57,0) width 379: "http://bugzilla.opendarwin.org/show_bug.cgi?id=7327"
          RenderText {#text} at (436,0) size 750x42
            text run at (436,0) width 314: " REGRESSION (r12869): :hover subselector"
            text run at (0,21) width 207: "does not work in quirks mode"
        RenderText {#text} at (207,21) size 110x21
          text run at (207,21) width 110: ". This tests that "
        RenderInline {CODE} at (0,0) size 75x17
          RenderText {#text} at (317,24) size 75x17
            text run at (317,24) width 75: "span#t:hover"
        RenderText {#text} at (392,21) size 195x21
          text run at (392,21) width 195: " matches the hovered span."
