layer at (0,0) size 800x600
  RenderView at (0,0) size 800x600
layer at (0,0) size 800x600
  RenderBlock {HTML} at (0,0) size 800x600
    RenderBody {BODY} at (8,8) size 784x571 [bgcolor=#FFFF00]
      RenderBlock {H1} at (0,0) size 784x42 [color=#FF00007F]
        RenderText {#text} at (0,0) size 446x42
          text run at (0,0) width 446: "This should be red, alpha 0.5"
      RenderBlock {H1} at (0,63) size 784x42 [color=#FF00007F]
        RenderText {#text} at (0,0) size 520x42
          text run at (0,0) width 520: "This should also be red, alpha 0.5"
      RenderBlock {H1} at (0,126) size 784x42 [color=#00FF0000]
        RenderText {#text} at (0,0) size 484x42
          text run at (0,0) width 484: "This should be green, alpha 0.0"
      RenderBlock {H1} at (0,189) size 784x42 [color=#00FF0000]
        RenderText {#text} at (0,0) size 558x42
          text run at (0,0) width 558: "This should also be green, alpha 0.0"
      RenderBlock {H1} at (0,252) size 784x42 [color=#00FF00]
        RenderText {#text} at (0,0) size 484x42
          text run at (0,0) width 484: "This should be green, alpha 1.0"
      RenderBlock {H1} at (0,315) size 784x42 [color=#00FF00]
        RenderText {#text} at (0,0) size 558x42
          text run at (0,0) width 558: "This should also be green, alpha 1.0"
