layer at (0,0) size 800x600
  RenderView at (0,0) size 800x600
layer at (0,0) size 800x600
  RenderBlock {HTML} at (0,0) size 800x600
    RenderBody {BODY} at (8,8) size 784x584
      RenderTextControl {INPUT} at (2,2) size 446x86 [bgcolor=#FFFFFF] [border: (2px inset #000000)]
        RenderDeprecatedFlexibleBox {DIV} at (3,3) size 440x51
          RenderBlock {DIV} at (0,25) size 0x0
          RenderBlock {DIV} at (0,0) size 419x51
          RenderBlock {DIV} at (419,15) size 21x21
      RenderBR {BR} at (450,44) size 0x0
      RenderTextControl {INPUT} at (2,92) size 444x55
      RenderBR {BR} at (448,133) size 0x0
      RenderTextControl {INPUT} at (2,149) size 224x25
        RenderDeprecatedFlexibleBox {DIV} at (2,0) size 220x25
          RenderBlock {DIV} at (0,12) size 0x0
          RenderBlock {DIV} at (0,2) size 206x21
          RenderBlock {DIV} at (206,5) size 14x14
layer at (13,13) size 419x51
  RenderBlock {DIV} at (0,0) size 419x51
    RenderText {#text} at (0,0) size 362x51
      text run at (0,0) width 362: "value jgq not clipped"
layer at (12,102) size 440x51
  RenderBlock {DIV} at (2,2) size 440x51
    RenderText {#text} at (0,0) size 362x51
      text run at (0,0) width 362: "value jgq not clipped"
layer at (12,159) size 206x21 scrollHeight 26
  RenderBlock {DIV} at (0,0) size 206x21
    RenderText {#text} at (0,0) size 118x26
      text run at (0,0) width 118: "Sample Input"
