layer at (0,0) size 800x600
  RenderView at (0,0) size 800x600
layer at (0,0) size 800x600
  RenderBlock {HTML} at (0,0) size 800x600
    RenderBody {BODY} at (8,8) size 784x574
      RenderBlock {P} at (0,0) size 784x21
        RenderText {#text} at (0,0) size 57x21
          text run at (0,0) width 57: "Test for "
        RenderInline {A} at (0,0) size 329x21 [color=#0000EE]
          RenderText {#text} at (57,0) size 329x21
            text run at (57,0) width 329: "http://bugs.webkit.org/show_bug.cgi?id=15260"
        RenderText {#text} at (386,0) size 169x21
          text run at (386,0) width 169: "Any styles defined after "
        RenderInline {ELEMENT} at (0,0) size 217x21
          RenderText {#text} at (555,0) size 5x21
            text run at (555,0) width 5: "{"
          RenderInline {PROPERTY} at (0,0) size 212x21
            RenderText {#text} at (560,0) size 212x21
              text run at (560,0) width 212: ":%} style are ignored by Safari"
      RenderBlock {H3} at (0,39) size 784x25 [color=#008000]
        RenderText {#text} at (0,0) size 288x25
          text run at (0,0) width 288: "This text should show in green."
