layer at (0,0) size 785x2286
  RenderView at (0,0) size 785x600
layer at (0,0) size 785x2286
  RenderBlock {HTML} at (0,0) size 785x2286
    RenderBody {BODY} at (8,16) size 769x2222 [bgcolor=#FFFFFF]
      RenderBlock {P} at (0,0) size 769x19
        RenderText {#text} at (0,0) size 162x19
          text run at (0,0) width 162: "This page is part of the "
        RenderInline {A} at (0,0) size 72x19 [color=#0000EE]
          RenderText {#text} at (162,0) size 72x19
            text run at (162,0) width 72: "CSS3.info"
        RenderText {#text} at (234,0) size 4x19
          text run at (234,0) width 4: " "
        RenderInline {A} at (0,0) size 130x19 [color=#0000EE]
          RenderText {#text} at (238,0) size 130x19
            text run at (238,0) width 130: "CSS selectors test"
        RenderText {#text} at (368,0) size 131x19
          text run at (368,0) width 131: ". See more info on "
        RenderInline {A} at (0,0) size 110x19 [color=#0000EE]
          RenderText {#text} at (499,0) size 110x19
            text run at (499,0) width 110: "CSS3 selectors"
        RenderText {#text} at (609,0) size 4x19
          text run at (609,0) width 4: "."
      RenderBlock {DIV} at (0,35) size 769x0 [bgcolor=#009900]
      RenderBlock {OL} at (0,35) size 769x2187
        RenderListItem {LI} at (40,0) size 615x245 [bgcolor=#AAAAAA]
          RenderBlock {DIV} at (16,16) size 583x24 [bgcolor=#990000]
            RenderBlock {DIV} at (0,0) size 583x24 [bgcolor=#009900]
          RenderBlock {PRE} at (16,53) size 583x106 [bgcolor=#FFFFFF]
            RenderListMarker at (-38,6) size 17x19: "1"
            RenderText {#text} at (6,10) size 136x90
              text run at (6,10) width 136: "div :last-child {"
              text run at (142,10) width 0: " "
              text run at (6,25) width 8: "}"
              text run at (14,25) width 0: " "
              text run at (6,40) width 0: " "
              text run at (6,55) width 40: "<div>"
              text run at (46,55) width 0: " "
              text run at (6,70) width 112: "   <div></div>"
              text run at (118,70) width 0: " "
              text run at (6,85) width 48: "</div>"
          RenderBlock {P} at (16,175) size 583x38
            RenderText {#text} at (0,0) size 569x38
              text run at (0,0) width 569: "The CSS selector should match the inner div element, because it is the only child of"
              text run at (0,19) width 143: "the outer div element"
        RenderListItem {LI} at (40,293) size 615x260 [bgcolor=#AAAAAA]
          RenderBlock {DIV} at (16,16) size 583x24 [bgcolor=#990000]
            RenderBlock {BLOCKQUOTE} at (0,0) size 583x0
            RenderBlock {DIV} at (0,0) size 583x24 [bgcolor=#009900]
          RenderBlock {PRE} at (16,53) size 583x121 [bgcolor=#FFFFFF]
            RenderListMarker at (-38,6) size 17x19: "2"
            RenderText {#text} at (6,10) size 224x105
              text run at (6,10) width 136: "div :last-child {"
              text run at (142,10) width 0: " "
              text run at (6,25) width 8: "}"
              text run at (14,25) width 0: " "
              text run at (6,40) width 0: " "
              text run at (6,55) width 48: "<div> "
              text run at (54,55) width 0: " "
              text run at (6,70) width 224: "   <blockquote></blockquote>"
              text run at (230,70) width 0: " "
              text run at (6,85) width 112: "   <div></div>"
              text run at (118,85) width 0: " "
              text run at (6,100) width 48: "</div>"
          RenderBlock {P} at (16,190) size 583x38
            RenderText {#text} at (0,0) size 566x38
              text run at (0,0) width 566: "The CSS selector should match the inner div element, because it is the last child of"
              text run at (0,19) width 143: "the outer div element"
        RenderListItem {LI} at (40,601) size 615x279 [bgcolor=#AAAAAA]
          RenderBlock {DIV} at (16,16) size 583x24 [bgcolor=#990000]
            RenderBlock {DIV} at (0,0) size 583x24 [bgcolor=#009900]
          RenderBlock {PRE} at (16,53) size 583x121 [bgcolor=#FFFFFF]
            RenderListMarker at (-38,6) size 17x19: "3"
            RenderText {#text} at (6,10) size 208x105
              text run at (6,10) width 136: "div :last-child {"
              text run at (142,10) width 0: " "
              text run at (6,25) width 8: "}"
              text run at (14,25) width 0: " "
              text run at (6,40) width 0: " "
              text run at (6,55) width 48: "<div> "
              text run at (54,55) width 0: " "
              text run at (6,70) width 112: "   <div></div>"
              text run at (118,70) width 0: " "
              text run at (6,85) width 208: "   <!-- Just a comment -->"
              text run at (214,85) width 0: " "
              text run at (6,100) width 48: "</div>"
          RenderBlock {P} at (16,190) size 583x57
            RenderText {#text} at (0,0) size 577x57
              text run at (0,0) width 566: "The CSS selector should match the inner div element, because it is the last child of"
              text run at (0,19) width 147: "the outer div element "
              text run at (147,19) width 430: "Comments are not elements, so they should not be considered"
              text run at (0,38) width 215: "when determining the last child."
        RenderListItem {LI} at (40,928) size 615x294 [bgcolor=#AAAAAA]
          RenderBlock {DIV} at (16,16) size 583x43 [bgcolor=#990000]
            RenderBlock {DIV} at (0,0) size 583x24 [bgcolor=#009900]
            RenderBlock (anonymous) at (0,24) size 583x19
              RenderListMarker at (-38,0) size 17x19: "4"
              RenderText {#text} at (0,0) size 4x19
                text run at (0,0) width 4: "."
          RenderBlock {PRE} at (16,72) size 583x117 [bgcolor=#FFFFFF]
            RenderText {#text} at (6,6) size 224x105
              text run at (6,6) width 136: "div :last-child {"
              text run at (142,6) width 0: " "
              text run at (6,21) width 8: "}"
              text run at (14,21) width 0: " "
              text run at (6,36) width 0: " "
              text run at (6,51) width 48: "<div> "
              text run at (54,51) width 0: " "
              text run at (6,66) width 112: "   <div></div>"
              text run at (118,66) width 0: " "
              text run at (6,81) width 224: "   How about regular text..."
              text run at (230,81) width 0: " "
              text run at (6,96) width 48: "</div>"
          RenderBlock {P} at (16,205) size 583x57
            RenderText {#text} at (0,0) size 569x57
              text run at (0,0) width 566: "The CSS selector should match the inner div element, because it is the last child of"
              text run at (0,19) width 151: "the outer div element. "
              text run at (151,19) width 418: "Regular text is not an element, so it should not be considered"
              text run at (0,38) width 215: "when determining the last child."
        RenderListItem {LI} at (40,1270) size 615x260 [bgcolor=#AAAAAA]
          RenderBlock {DIV} at (16,16) size 583x24 [bgcolor=#009900]
            RenderBlock {DIV} at (0,0) size 583x24
            RenderBlock {BLOCKQUOTE} at (0,24) size 583x0 [bgcolor=#990000]
          RenderBlock {PRE} at (16,53) size 583x121 [bgcolor=#FFFFFF]
            RenderListMarker at (-38,6) size 17x19: "5"
            RenderText {#text} at (6,10) size 224x105
              text run at (6,10) width 136: "div :last-child {"
              text run at (142,10) width 0: " "
              text run at (6,25) width 8: "}"
              text run at (14,25) width 0: " "
              text run at (6,40) width 0: " "
              text run at (6,55) width 48: "<div> "
              text run at (54,55) width 0: " "
              text run at (6,70) width 112: "   <div></div>"
              text run at (118,70) width 0: " "
              text run at (6,85) width 224: "   <blockquote></blockquote>"
              text run at (230,85) width 0: " "
              text run at (6,100) width 48: "</div>"
          RenderBlock {P} at (16,190) size 583x38
            RenderText {#text} at (0,0) size 575x38
              text run at (0,0) width 575: "The CSS selector should not match the inner div element, because it is the first child"
              text run at (0,19) width 160: "of the outer div element"
        RenderListItem {LI} at (40,1578) size 615x290 [bgcolor=#AAAAAA]
          RenderBlock {DIV} at (16,16) size 583x24 [bgcolor=#990000]
            RenderBlock {DIV} at (0,0) size 583x0
            RenderBlock {DIV} at (0,0) size 583x24 [bgcolor=#009900]
          RenderBlock {PRE} at (16,53) size 583x151 [bgcolor=#FFFFFF]
            RenderListMarker at (-38,6) size 17x19: "6"
            RenderText {#text} at (6,10) size 480x135
              text run at (6,10) width 136: "div :last-child {"
              text run at (142,10) width 0: " "
              text run at (6,25) width 8: "}"
              text run at (14,25) width 0: " "
              text run at (6,40) width 0: " "
              text run at (6,55) width 40: "<div>"
              text run at (46,55) width 0: " "
              text run at (6,70) width 248: "   <div id='insertAfter'></div>"
              text run at (254,70) width 0: " "
              text run at (6,85) width 48: "</div>"
              text run at (54,85) width 0: " "
              text run at (6,100) width 0: " "
              text run at (6,115) width 384: "var ib = document.getElementById('insertAfter');"
              text run at (390,115) width 0: " "
              text run at (6,130) width 480: "ib.parentElement.appendChild(document.createElement(\"div\"));"
          RenderBlock {P} at (16,220) size 583x38
            RenderText {#text} at (0,0) size 551x38
              text run at (0,0) width 551: "The CSS selector should match the div element that is inserted by the Javascript"
              text run at (0,19) width 39: "code."
        RenderListItem {LI} at (40,1916) size 615x271 [bgcolor=#AAAAAA]
          RenderBlock {DIV} at (16,16) size 583x24 [bgcolor=#009900]
            RenderBlock {DIV} at (0,0) size 583x24
            RenderBlock {DIV} at (0,24) size 583x0 [bgcolor=#990000]
          RenderBlock {PRE} at (16,53) size 583x151 [bgcolor=#FFFFFF]
            RenderListMarker at (-38,6) size 17x19: "7"
            RenderText {#text} at (6,10) size 480x135
              text run at (6,10) width 136: "div :last-child {"
              text run at (142,10) width 0: " "
              text run at (6,25) width 8: "}"
              text run at (14,25) width 0: " "
              text run at (6,40) width 0: " "
              text run at (6,55) width 40: "<div>"
              text run at (46,55) width 0: " "
              text run at (6,70) width 248: "   <div id='insertAfter'></div>"
              text run at (254,70) width 0: " "
              text run at (6,85) width 48: "</div>"
              text run at (54,85) width 0: " "
              text run at (6,100) width 0: " "
              text run at (6,115) width 384: "var ib = document.getElementById('insertAfter');"
              text run at (390,115) width 0: " "
              text run at (6,130) width 480: "ib.parentElement.appendChild(document.createElement(\"div\"));"
          RenderBlock {P} at (16,220) size 583x19
            RenderText {#text} at (0,0) size 498x19
              text run at (0,0) width 498: "The original div element should not be a match for the :last-child selector."
