layer at (0,0) size 800x600
  RenderView at (0,0) size 800x600
layer at (0,0) size 800x600
  RenderBlock (relative positioned) {HTML} at (0,0) size 800x600
    RenderBody {BODY} at (8,8) size 784x584
      RenderBlock (anonymous) at (0,0) size 784x21
        RenderText {#text} at (0,0) size 680x21
          text run at (0,0) width 680: "To reproduce this bug outside of DumpRenderTree, click the link below. If broken, we will crash. "
        RenderBR {BR} at (680,16) size 0x0
layer at (8,29) size 64x100
  RenderTable {TABLE} at (0,21) size 64x100
    RenderTableSection {TBODY} at (0,0) size 64x100
      RenderTableRow {TR} at (0,2) size 64x23
        RenderTableCell {TD} at (2,2) size 60x23 [r=0 c=0 rs=1 cs=1]
          RenderInline {A} at (0,0) size 25x21 [color=#0000EE]
            RenderText {#text} at (1,1) size 25x21
              text run at (1,1) width 25: "link"
      RenderTableRow {TR} at (0,27) size 64x71
        RenderTableCell {TD} at (2,27) size 60x71 [r=1 c=0 rs=1 cs=1]
layer at (11,57) size 58x69
  RenderTable {TABLE} at (1,1) size 58x69
    RenderTableSection {TBODY} at (0,0) size 58x69
      RenderTableRow {TR} at (0,2) size 58x65
        RenderTableCell {TD} at (2,2) size 54x65 [r=0 c=0 rs=1 cs=1]
          RenderText {#text} at (1,1) size 52x21
            text run at (1,1) width 52: "content"
          RenderBR {BR} at (53,17) size 0x0
          RenderText {#text} at (1,22) size 52x21
            text run at (1,22) width 52: "content"
          RenderBR {BR} at (53,38) size 0x0
          RenderText {#text} at (1,43) size 52x21
            text run at (1,43) width 52: "content"
          RenderBR {BR} at (53,59) size 0x0
caret: position 5 of child 0 {#text} of body
