layer at (0,0) size 784x32805
  RenderView at (0,0) size 784x600
layer at (0,0) size 784x32805
  RenderBlock {HTML} at (0,0) size 784x32805
    RenderBody {BODY} at (8,8) size 768x32789
      RenderBlock (anonymous) at (0,0) size 768x21
        RenderText {#text} at (0,0) size 623x21
          text run at (0,0) width 623: "You should see a large green block below that is 32,768px tall. No red should be visible."
        RenderBR {BR} at (623,16) size 0x0
      RenderBlock {DIV} at (0,21) size 768x32768 [bgcolor=#FF0000]
        RenderPartObject {IFRAME} at (0,0) size 768x32768 [bgcolor=#008000]
          layer at (0,0) size 768x32768
            RenderView at (0,0) size 768x32768
          layer at (0,0) size 768x32768
            RenderBlock {HTML} at (0,0) size 768x32768
              RenderBody {BODY} at (8,8) size 752x32752
        RenderText {#text} at (0,0) size 0x0
