layer at (0,0) size 800x600
  RenderView at (0,0) size 800x600
layer at (0,0) size 800x83
  RenderBlock {HTML} at (0,0) size 800x83
    RenderBody {BODY} at (8,16) size 784x51
      RenderBlock {OL} at (0,0) size 784x51
        RenderListItem {LI} at (40,0) size 744x51
          RenderListMarker at (-21,16) size 16x19: "1"
          RenderText {#text} at (16,16) size 549x19
            text run at (16,16) width 549: "A single outline should only appear over the list element, and not over internal text elements."
