layer at (0,0) size 800x600
  RenderView at (0,0) size 800x600
layer at (0,0) size 800x207
  RenderBlock {HTML} at (0,0) size 800x207
    RenderBody {BODY} at (8,16) size 784x183
      RenderBlock {P} at (0,0) size 784x42
        RenderText {#text} at (0,0) size 784x42
          text run at (0,0) width 784: "The following two phrases should appear identical. The second line of text should overlap both the first line and"
          text run at (0,21) width 103: "the red border."
      RenderBlock {DIV} at (0,58) size 424x52 [border: (2px solid #FF0000)]
        RenderBlock {DIV} at (12,12) size 400x38
          RenderText {#text} at (0,-20) size 400x79
            text run at (0,-20) width 400: "Lorem ipsum dolor"
            text run at (0,-1) width 168: "sit amet"
      RenderBlock (anonymous) at (0,110) size 784x21
        RenderBR {BR} at (0,0) size 0x21
      RenderBlock {DIV} at (0,131) size 424x52 [border: (2px solid #FF0000)]
        RenderBlock {DIV} at (12,12) size 400x38
          RenderText {#text} at (0,-20) size 400x79
            text run at (0,-20) width 400: "Lorem ipsum dolor"
            text run at (0,-1) width 168: "sit amet"
