layer at (0,0) size 784x609
  RenderView at (0,0) size 784x600
layer at (0,0) size 784x609
  RenderBlock {HTML} at (0,0) size 784x609
    RenderBody {BODY} at (8,8) size 768x591
      RenderBlock {P} at (0,0) size 768x21
        RenderText {#text} at (0,0) size 358x21
          text run at (0,0) width 358: "Test :nth-child() when dynamically adding siblings."
      RenderBlock {P} at (0,37) size 768x21
        RenderInline {A} at (0,0) size 337x21 [color=#0000EE]
          RenderText {#text} at (0,0) size 337x21
            text run at (0,0) width 337: "https://bugs.webkit.org/show_bug.cgi?id=26362"
      RenderBlock {DIV} at (10,74) size 748x243 [border: (1px solid #000000)]
        RenderBlock {P} at (11,6) size 731x21 [color=#FF0000]
          RenderText {#text} at (0,0) size 67x21
            text run at (0,0) width 15: "P "
            text run at (15,0) width 52: "red text"
        RenderBlock {DIV} at (6,27) size 736x21
          RenderText {#text} at (0,0) size 27x21
            text run at (0,0) width 27: "DIV"
        RenderBlock {P} at (11,48) size 731x21
          RenderText {#text} at (0,0) size 11x21
            text run at (0,0) width 11: "P"
        RenderBlock {DIV} at (6,69) size 736x21 [color=#FF0000] [bgcolor=#9999FF]
          RenderText {#text} at (0,0) size 140x21
            text run at (0,0) width 31: "DIV "
            text run at (31,0) width 56: "red text "
            text run at (87,0) width 53: "blue bg"
        RenderBlock {P} at (11,90) size 731x21
          RenderText {#text} at (0,0) size 11x21
            text run at (0,0) width 11: "P"
        RenderBlock {DIV} at (6,111) size 736x21
          RenderText {#text} at (0,0) size 27x21
            text run at (0,0) width 27: "DIV"
        RenderBlock {P} at (11,132) size 731x21 [color=#FF0000]
          RenderText {#text} at (0,0) size 67x21
            text run at (0,0) width 15: "P "
            text run at (15,0) width 52: "red text"
        RenderBlock {DIV} at (6,153) size 736x21
          RenderText {#text} at (0,0) size 27x21
            text run at (0,0) width 27: "DIV"
        RenderBlock {P} at (11,174) size 731x21
          RenderText {#text} at (0,0) size 11x21
            text run at (0,0) width 11: "P"
        RenderBlock {DIV} at (6,195) size 736x21 [color=#FF0000]
          RenderText {#text} at (0,0) size 83x21
            text run at (0,0) width 31: "DIV "
            text run at (31,0) width 52: "red text"
        RenderBlock {P} at (11,216) size 731x21
          RenderText {#text} at (0,0) size 11x21
            text run at (0,0) width 11: "P"
      RenderBlock {DIV} at (10,327) size 748x264 [border: (1px solid #000000)]
        RenderText {#text} at (6,6) size 284x21
          text run at (6,6) width 284: "child 0: PASS: found color rgb(255, 0, 0)"
        RenderBR {BR} at (290,22) size 0x0
        RenderText {#text} at (6,27) size 266x21
          text run at (6,27) width 266: "child 1: PASS: found color rgb(0, 0, 0)"
        RenderBR {BR} at (272,43) size 0x0
        RenderText {#text} at (6,48) size 266x21
          text run at (6,48) width 266: "child 2: PASS: found color rgb(0, 0, 0)"
        RenderBR {BR} at (272,64) size 0x0
        RenderText {#text} at (6,69) size 284x21
          text run at (6,69) width 284: "child 3: PASS: found color rgb(255, 0, 0)"
        RenderBR {BR} at (290,85) size 0x0
        RenderText {#text} at (6,90) size 266x21
          text run at (6,90) width 266: "child 4: PASS: found color rgb(0, 0, 0)"
        RenderBR {BR} at (272,106) size 0x0
        RenderText {#text} at (6,111) size 266x21
          text run at (6,111) width 266: "child 5: PASS: found color rgb(0, 0, 0)"
        RenderBR {BR} at (272,127) size 0x0
        RenderText {#text} at (6,132) size 284x21
          text run at (6,132) width 284: "child 6: PASS: found color rgb(255, 0, 0)"
        RenderBR {BR} at (290,148) size 0x0
        RenderText {#text} at (6,153) size 266x21
          text run at (6,153) width 266: "child 7: PASS: found color rgb(0, 0, 0)"
        RenderBR {BR} at (272,169) size 0x0
        RenderText {#text} at (6,174) size 266x21
          text run at (6,174) width 266: "child 8: PASS: found color rgb(0, 0, 0)"
        RenderBR {BR} at (272,190) size 0x0
        RenderText {#text} at (6,195) size 284x21
          text run at (6,195) width 284: "child 9: PASS: found color rgb(255, 0, 0)"
        RenderBR {BR} at (290,211) size 0x0
        RenderText {#text} at (6,216) size 275x21
          text run at (6,216) width 275: "child 10: PASS: found color rgb(0, 0, 0)"
        RenderBR {BR} at (281,232) size 0x0
        RenderText {#text} at (6,237) size 307x21
          text run at (6,237) width 307: "div 1: PASS: found color rgb(153, 153, 255)"
        RenderBR {BR} at (313,253) size 0x0
