layer at (0,0) size 784x1585
  RenderView at (0,0) size 784x600
layer at (0,0) size 784x1585
  RenderBlock {HTML} at (0,0) size 784x1585
    RenderBody {BODY} at (8,16) size 768x1521 [bgcolor=#FFFFFF]
      RenderBlock {P} at (0,0) size 768x21
        RenderText {#text} at (0,0) size 165x21
          text run at (0,0) width 165: "This page is part of the "
        RenderInline {A} at (0,0) size 73x21 [color=#0000EE]
          RenderText {#text} at (165,0) size 73x21
            text run at (165,0) width 73: "CSS3.info"
        RenderText {#text} at (238,0) size 4x21
          text run at (238,0) width 4: " "
        RenderInline {A} at (0,0) size 131x21 [color=#0000EE]
          RenderText {#text} at (242,0) size 131x21
            text run at (242,0) width 131: "CSS selectors test"
        RenderText {#text} at (373,0) size 133x21
          text run at (373,0) width 133: ". See more info on "
        RenderInline {A} at (0,0) size 111x21 [color=#0000EE]
          RenderText {#text} at (506,0) size 111x21
            text run at (506,0) width 111: "CSS3 selectors"
        RenderText {#text} at (617,0) size 4x21
          text run at (617,0) width 4: "."
      RenderBlock {DIV} at (0,37) size 768x0 [bgcolor=#009900]
      RenderBlock {OL} at (0,37) size 768x1484
        RenderListItem {LI} at (40,0) size 614x227 [bgcolor=#AAAAAA]
          RenderBlock {DIV} at (16,16) size 582x24 [bgcolor=#990000]
            RenderBlock {DIV} at (0,0) size 582x24 [bgcolor=#009900]
          RenderBlock {PRE} at (16,53) size 582x84 [bgcolor=#FFFFFF]
            RenderListMarker at (-38,6) size 17x21: "1"
            RenderText {#text} at (6,9) size 222x69
              text run at (6,9) width 97: "div:only-of-type {"
              text run at (103,9) width 0: " "
              text run at (6,27) width 4: "}"
              text run at (10,27) width 0: " "
              text run at (6,44) width 0: " "
              text run at (6,61) width 222: "<div>Does this element match?</div>"
          RenderBlock {P} at (16,153) size 582x42
            RenderText {#text} at (0,0) size 551x42
              text run at (0,0) width 551: "The CSS selector should match the marked div element, because it is the only"
              text run at (0,21) width 137: "element of this type"
        RenderListItem {LI} at (40,275) size 614x244 [bgcolor=#AAAAAA]
          RenderBlock {DIV} at (16,16) size 582x24 [bgcolor=#990000]
            RenderBlock {DIV} at (0,0) size 582x24 [bgcolor=#009900]
            RenderBlock {BLOCKQUOTE} at (0,24) size 582x0 [bgcolor=#009900]
          RenderBlock {PRE} at (16,53) size 582x101 [bgcolor=#FFFFFF]
            RenderListMarker at (-38,6) size 17x21: "2"
            RenderText {#text} at (6,9) size 222x86
              text run at (6,9) width 97: "div:only-of-type {"
              text run at (103,9) width 0: " "
              text run at (6,27) width 4: "}"
              text run at (10,27) width 0: " "
              text run at (6,44) width 0: " "
              text run at (6,61) width 222: "<div>Does this element match?</div>"
              text run at (228,61) width 0: " "
              text run at (6,78) width 162: "<blockquote></blockquote>"
          RenderBlock {P} at (16,170) size 582x42
            RenderText {#text} at (0,0) size 551x42
              text run at (0,0) width 551: "The CSS selector should match the marked div element, because it is the only"
              text run at (0,21) width 137: "element of this type"
        RenderListItem {LI} at (40,567) size 614x278 [bgcolor=#AAAAAA]
          RenderBlock {DIV} at (16,16) size 582x24 [bgcolor=#990000]
            RenderBlock {DIV} at (0,0) size 582x24 [bgcolor=#009900]
            RenderBlock {BLOCKQUOTE} at (0,24) size 582x0 [bgcolor=#009900]
              RenderBlock {DIV} at (0,0) size 582x0
          RenderBlock {PRE} at (16,53) size 582x135 [bgcolor=#FFFFFF]
            RenderListMarker at (-38,6) size 17x21: "3"
            RenderText {#text} at (6,9) size 222x120
              text run at (6,9) width 97: "div:only-of-type {"
              text run at (103,9) width 0: " "
              text run at (6,27) width 4: "}"
              text run at (10,27) width 0: " "
              text run at (6,44) width 0: " "
              text run at (6,61) width 222: "<div>Does this element match?</div>"
              text run at (228,61) width 0: " "
              text run at (6,78) width 79: "<blockquote>"
              text run at (85,78) width 0: " "
              text run at (6,95) width 82: "   <div></div>"
              text run at (88,95) width 0: " "
              text run at (6,112) width 83: "</blockquote>"
          RenderBlock {P} at (16,204) size 582x42
            RenderText {#text} at (0,0) size 551x42
              text run at (0,0) width 551: "The CSS selector should match the marked div element, because it is the only"
              text run at (0,21) width 230: "element of this type in this scope"
        RenderListItem {LI} at (40,893) size 614x244 [bgcolor=#AAAAAA]
          RenderBlock {DIV} at (16,16) size 582x24 [bgcolor=#009900]
            RenderBlock {DIV} at (0,0) size 582x24
            RenderBlock {DIV} at (0,24) size 582x0
          RenderBlock {PRE} at (16,53) size 582x101 [bgcolor=#FFFFFF]
            RenderListMarker at (-38,6) size 17x21: "4"
            RenderText {#text} at (6,9) size 222x86
              text run at (6,9) width 97: "div:only-of-type {"
              text run at (103,9) width 0: " "
              text run at (6,27) width 4: "}"
              text run at (10,27) width 0: " "
              text run at (6,44) width 0: " "
              text run at (6,61) width 222: "<div>Does this element match?</div>"
              text run at (228,61) width 0: " "
              text run at (6,78) width 70: "<div></div>"
          RenderBlock {P} at (16,170) size 582x42
            RenderText {#text} at (0,0) size 569x42
              text run at (0,0) width 569: "The CSS selector should not match the marked div element, because it is not the"
              text run at (0,21) width 171: "only element of this type"
        RenderListItem {LI} at (40,1185) size 614x299 [bgcolor=#AAAAAA]
          RenderBlock {DIV} at (16,16) size 582x24 [bgcolor=#009900]
            RenderBlock {DIV} at (0,0) size 582x24
            RenderBlock {DIV} at (0,24) size 582x0
          RenderBlock {PRE} at (16,53) size 582x135 [bgcolor=#FFFFFF]
            RenderListMarker at (-38,6) size 17x21: "5"
            RenderText {#text} at (6,9) size 365x120
              text run at (6,9) width 97: "div:only-of-type {"
              text run at (103,9) width 0: " "
              text run at (6,27) width 4: "}"
              text run at (10,27) width 0: " "
              text run at (6,44) width 0: " "
              text run at (6,61) width 167: "<div id='appendChild'></div>"
              text run at (173,61) width 0: " "
              text run at (6,78) width 0: " "
              text run at (6,95) width 289: "var ib = document.getElementById('appendChild');"
              text run at (295,95) width 0: " "
              text run at (6,112) width 365: "ib.parentElement.appendChild(document.createElement(\"div\"));"
          RenderBlock {P} at (16,204) size 582x63
            RenderText {#text} at (0,0) size 569x63
              text run at (0,0) width 521: "The CSS selector should not match the original div element, because it is "
              text run at (521,0) width 48: "not the"
              text run at (0,21) width 512: "only of its type anymore after another child with the same type is append "
              text run at (512,21) width 43: "by the"
              text run at (0,42) width 115: "Javascript code."
