layer at (0,0) size 784x1720
  RenderView at (0,0) size 784x600
layer at (0,0) size 784x1720
  RenderBlock {HTML} at (0,0) size 784x1720
    RenderBody {BODY} at (8,16) size 768x1656 [bgcolor=#FFFFFF]
      RenderBlock {P} at (0,0) size 768x21
        RenderText {#text} at (0,0) size 165x21
          text run at (0,0) width 165: "This page is part of the "
        RenderInline {A} at (0,0) size 73x21 [color=#0000EE]
          RenderText {#text} at (165,0) size 73x21
            text run at (165,0) width 73: "CSS3.info"
        RenderText {#text} at (238,0) size 4x21
          text run at (238,0) width 4: " "
        RenderInline {A} at (0,0) size 131x21 [color=#0000EE]
          RenderText {#text} at (242,0) size 131x21
            text run at (242,0) width 131: "CSS selectors test"
        RenderText {#text} at (373,0) size 133x21
          text run at (373,0) width 133: ". See more info on "
        RenderInline {A} at (0,0) size 111x21 [color=#0000EE]
          RenderText {#text} at (506,0) size 111x21
            text run at (506,0) width 111: "CSS3 selectors"
        RenderText {#text} at (617,0) size 4x21
          text run at (617,0) width 4: "."
      RenderBlock {DIV} at (0,37) size 768x0 [bgcolor=#009900]
      RenderBlock {OL} at (0,37) size 768x1619
        RenderListItem {LI} at (40,0) size 614x261 [bgcolor=#AAAAAA]
          RenderBlock {DIV} at (16,16) size 582x24 [bgcolor=#990000]
            RenderBlock {DIV} at (0,0) size 582x24 [bgcolor=#009900]
          RenderBlock {PRE} at (16,53) size 582x118 [bgcolor=#FFFFFF]
            RenderListMarker at (-38,6) size 17x21: "1"
            RenderText {#text} at (6,9) size 88x103
              text run at (6,9) width 88: "div :only-child {"
              text run at (94,9) width 0: " "
              text run at (6,27) width 4: "}"
              text run at (10,27) width 0: " "
              text run at (6,44) width 0: " "
              text run at (6,61) width 33: "<div>"
              text run at (39,61) width 0: " "
              text run at (6,78) width 82: "   <div></div>"
              text run at (88,78) width 0: " "
              text run at (6,95) width 37: "</div>"
          RenderBlock {P} at (16,187) size 582x42
            RenderText {#text} at (0,0) size 572x42
              text run at (0,0) width 572: "The CSS selector should match the inner div element, because it is the only child"
              text run at (0,21) width 165: "of the outer div element"
        RenderListItem {LI} at (40,309) size 614x278 [bgcolor=#AAAAAA]
          RenderBlock {DIV} at (16,16) size 582x24 [bgcolor=#990000]
            RenderBlock {DIV} at (0,0) size 582x24 [bgcolor=#009900]
          RenderBlock {PRE} at (16,53) size 582x135 [bgcolor=#FFFFFF]
            RenderListMarker at (-38,6) size 17x21: "2"
            RenderText {#text} at (6,9) size 150x120
              text run at (6,9) width 88: "div :only-child {"
              text run at (94,9) width 0: " "
              text run at (6,27) width 4: "}"
              text run at (10,27) width 0: " "
              text run at (6,44) width 0: " "
              text run at (6,61) width 33: "<div>"
              text run at (39,61) width 0: " "
              text run at (6,78) width 82: "   <div></div>"
              text run at (88,78) width 0: " "
              text run at (6,95) width 150: "   <!-- Just a comment -->"
              text run at (156,95) width 0: " "
              text run at (6,112) width 37: "</div>"
          RenderBlock {P} at (16,204) size 582x42
            RenderText {#text} at (0,0) size 572x42
              text run at (0,0) width 572: "The CSS selector should match the inner div element, because it is the only child"
              text run at (0,21) width 165: "of the outer div element"
        RenderListItem {LI} at (40,635) size 614x295 [bgcolor=#AAAAAA]
          RenderBlock {DIV} at (16,16) size 582x45 [bgcolor=#990000]
            RenderBlock {DIV} at (0,0) size 582x24 [bgcolor=#009900]
            RenderBlock (anonymous) at (0,24) size 582x21
              RenderListMarker at (-38,0) size 17x21: "3"
              RenderText {#text} at (0,0) size 4x21
                text run at (0,0) width 4: "."
          RenderBlock {PRE} at (16,74) size 582x131 [bgcolor=#FFFFFF]
            RenderText {#text} at (6,6) size 154x119
              text run at (6,6) width 88: "div :only-child {"
              text run at (94,6) width 0: " "
              text run at (6,23) width 4: "}"
              text run at (10,23) width 0: " "
              text run at (6,40) width 0: " "
              text run at (6,57) width 33: "<div>"
              text run at (39,57) width 0: " "
              text run at (6,74) width 82: "   <div></div>"
              text run at (88,74) width 0: " "
              text run at (6,91) width 154: "   How about regular text..."
              text run at (160,91) width 0: " "
              text run at (6,108) width 37: "</div>"
          RenderBlock {P} at (16,221) size 582x42
            RenderText {#text} at (0,0) size 572x42
              text run at (0,0) width 572: "The CSS selector should match the inner div element, because it is the only child"
              text run at (0,21) width 165: "of the outer div element"
        RenderListItem {LI} at (40,978) size 614x281 [bgcolor=#AAAAAA]
          RenderBlock {DIV} at (16,16) size 582x24 [bgcolor=#009900]
            RenderBlock {DIV} at (0,0) size 582x24
            RenderBlock {BLOCKQUOTE} at (40,40) size 502x0
          RenderBlock {PRE} at (16,56) size 582x135 [bgcolor=#FFFFFF]
            RenderListMarker at (-38,6) size 17x21: "4"
            RenderText {#text} at (6,9) size 174x120
              text run at (6,9) width 88: "div :only-child {"
              text run at (94,9) width 0: " "
              text run at (6,27) width 4: "}"
              text run at (10,27) width 0: " "
              text run at (6,44) width 0: " "
              text run at (6,61) width 37: "<div> "
              text run at (43,61) width 0: " "
              text run at (6,78) width 82: "   <div></div>"
              text run at (88,78) width 0: " "
              text run at (6,95) width 174: "   <blockquote></blockquote>"
              text run at (180,95) width 0: " "
              text run at (6,112) width 37: "</div>"
          RenderBlock {P} at (16,207) size 582x42
            RenderText {#text} at (0,0) size 570x42
              text run at (0,0) width 570: "The CSS selector should not match the inner div element, because it not the only"
              text run at (0,21) width 34: "child"
        RenderListItem {LI} at (40,1307) size 614x312 [bgcolor=#AAAAAA]
          RenderBlock {DIV} at (16,16) size 582x24 [bgcolor=#009900]
            RenderBlock {DIV} at (0,0) size 582x24
            RenderBlock {DIV} at (0,24) size 582x0
          RenderBlock {PRE} at (16,53) size 582x169 [bgcolor=#FFFFFF]
            RenderListMarker at (-38,6) size 17x21: "5"
            RenderText {#text} at (6,9) size 365x154
              text run at (6,9) width 88: "div :only-child {"
              text run at (94,9) width 0: " "
              text run at (6,27) width 4: "}"
              text run at (10,27) width 0: " "
              text run at (6,44) width 0: " "
              text run at (6,61) width 33: "<div>"
              text run at (39,61) width 0: " "
              text run at (6,78) width 179: "   <div id='appendChild'></div>"
              text run at (185,78) width 0: " "
              text run at (6,95) width 37: "</div>"
              text run at (43,95) width 0: " "
              text run at (6,112) width 0: " "
              text run at (6,129) width 289: "var ib = document.getElementById('appendChild');"
              text run at (295,129) width 0: " "
              text run at (6,146) width 365: "ib.parentElement.appendChild(document.createElement(\"div\"));"
          RenderBlock {P} at (16,238) size 582x42
            RenderText {#text} at (0,0) size 569x42
              text run at (0,0) width 521: "The CSS selector should not match the original div element, because it is "
              text run at (521,0) width 48: "not the"
              text run at (0,21) width 505: "only child anymore after another child is append by the Javascript code."
