layer at (0,0) size 800x600
  RenderView at (0,0) size 800x600
layer at (0,0) size 800x600
  RenderBlock {HTML} at (0,0) size 800x600
    RenderBody {BODY} at (8,8) size 784x584
      RenderBlock {DIV} at (0,0) size 784x41
        RenderInline (generated) at (0,0) size 20x41
          RenderText {#text} at (0,0) size 20x41
            text run at (0,0) width 20: "T"
        RenderText {#text} at (20,15) size 415x21
          text run at (20,15) width 415: "he first letter in this sentence should be larger than the rest."
      RenderBlock {DIV} at (0,41) size 784x41
        RenderText {#text} at (0,0) size 606x41
          text run at (0,0) width 606: "This sentence should be extra-extra-large."
      RenderBlock (anonymous) at (0,82) size 784x29
        RenderTextControl {INPUT} at (2,2) size 186x25
          RenderDeprecatedFlexibleBox {DIV} at (2,2) size 182x21
            RenderBlock {DIV} at (0,10) size 0x0
            RenderBlock {DIV} at (0,0) size 171x21
            RenderBlock {DIV} at (171,5) size 11x11
        RenderText {#text} at (0,0) size 0x0
        RenderText {#text} at (0,0) size 0x0
layer at (12,94) size 171x21
  RenderBlock {DIV} at (0,0) size 171x21
layer at (12,94) size 171x21
  RenderBlock (relative positioned) {DIV} at (2,2) size 171x21 [color=#008000]
    RenderText {#text} at (1,0) size 150x21
      text run at (1,0) width 150: "This should be green"
