layer at (0,0) size 800x600
  RenderView at (0,0) size 800x600
layer at (0,0) size 800x103
  RenderBlock {HTML} at (0,0) size 800x103
    RenderBody {BODY} at (8,16) size 784x79
      RenderBlock {P} at (0,0) size 784x21
        RenderText {#text} at (0,0) size 630x21
          text run at (0,0) width 630: "Test passes if the blue box sits atop the orange box and both are in the center of the view."
      RenderBlock {DIV} at (0,37) size 192x42 [bgcolor=#FF0000]
        RenderBlock (anonymous) at (0,0) size 192x21
        RenderBlock (anonymous) at (0,42) size 192x0
          RenderText {#text} at (0,0) size 0x0
layer at (200,245) size 80x21
  RenderInline (relative positioned) {SPAN} at (0,0) size 80x21 [bgcolor=#0000FF]
    RenderText {#text} at (0,0) size 80x21
      text run at (0,0) width 80: "Filler Text1"
layer at (200,266) size 192x21
  RenderBlock (anonymous) at (0,21) size 192x21
    RenderBlock {DIV} at (0,0) size 192x21 [bgcolor=#FFA500]
      RenderText {#text} at (0,0) size 71x21
        text run at (0,0) width 71: "Filler Text"
