layer at (0,0) size 800x600
  RenderView at (0,0) size 800x600
layer at (0,0) size 800x270
  RenderBlock {HTML} at (0,0) size 800x270
    RenderBody {BODY} at (8,16) size 784x246
      RenderBlock {P} at (0,0) size 784x38
        RenderText {#text} at (0,0) size 766x38
          text run at (0,0) width 766: "Test passes if each of the orange boxes is sandwiched between two blue boxes and all blue and orange boxes are below the big"
          text run at (0,19) width 70: "yellow box."
layer at (8,70) size 192x192
  RenderBlock (relative positioned) {DIV} at (0,54) size 192x192 [bgcolor=#FFFF00]
    RenderBlock (anonymous) at (0,0) size 192x19
    RenderBlock (anonymous) at (0,38) size 192x19
    RenderBlock (anonymous) at (0,76) size 192x19
    RenderBlock (anonymous) at (0,114) size 192x19
      RenderText {#text} at (0,0) size 0x0
layer at (8,262) size 61x19
  RenderInline (relative positioned) {DIV} at (0,0) size 61x19 [bgcolor=#0000FF]
    RenderText {#text} at (0,0) size 61x19
      text run at (0,0) width 61: "Filler Text"
layer at (8,281) size 192x19
  RenderBlock (anonymous) at (0,19) size 192x19
    RenderBlock {DIV} at (0,0) size 192x19 [bgcolor=#FFA500]
      RenderText {#text} at (0,0) size 61x19
        text run at (0,0) width 61: "Filler Text"
layer at (8,300) size 61x19
  RenderInline (relative positioned) {DIV} at (0,0) size 61x19 [bgcolor=#0000FF]
    RenderText {#text} at (0,0) size 61x19
      text run at (0,0) width 61: "Filler Text"
layer at (8,319) size 192x19
  RenderBlock (anonymous) at (0,57) size 192x19
    RenderBlock {DIV} at (0,0) size 192x19 [bgcolor=#FFA500]
      RenderText {#text} at (0,0) size 61x19
        text run at (0,0) width 61: "Filler Text"
layer at (8,338) size 61x19
  RenderInline (relative positioned) {DIV} at (0,0) size 61x19 [bgcolor=#0000FF]
    RenderText {#text} at (0,0) size 61x19
      text run at (0,0) width 61: "Filler Text"
layer at (8,357) size 192x19
  RenderBlock (anonymous) at (0,95) size 192x19
    RenderBlock {DIV} at (0,0) size 192x19 [bgcolor=#FFA500]
      RenderText {#text} at (0,0) size 61x19
        text run at (0,0) width 61: "Filler Text"
layer at (8,376) size 61x19
  RenderInline (relative positioned) {DIV} at (0,0) size 61x19 [bgcolor=#0000FF]
    RenderText {#text} at (0,0) size 61x19
      text run at (0,0) width 61: "Filler Text"
