layer at (0,0) size 800x600
  RenderView at (0,0) size 800x600
layer at (0,0) size 800x600
  RenderBlock {HTML} at (0,0) size 800x600
    RenderBody {BODY} at (8,8) size 784x542
      RenderBlock {HR} at (0,0) size 784x2 [border: (1px inset #000000)]
      RenderBlock {P} at (0,18) size 784x21
        RenderText {#text} at (0,0) size 57x21
          text run at (0,0) width 57: "Test for "
        RenderInline {I} at (0,0) size 717x21
          RenderInline {A} at (0,0) size 337x21 [color=#0000EE]
            RenderText {#text} at (57,0) size 337x21
              text run at (57,0) width 337: "https://bugs.webkit.org/show_bug.cgi?id=22118"
          RenderText {#text} at (394,0) size 380x21
            text run at (394,0) width 4: " "
            text run at (398,0) width 376: "Resize corner does not track in transformed elements"
        RenderText {#text} at (774,0) size 4x21
          text run at (774,0) width 4: "."
      RenderBlock {HR} at (0,55) size 784x2 [border: (1px inset #000000)]
layer at (58,115) size 163x129 clip at (60,117) size 159x125
  RenderBlock {DIV} at (50,107) size 163x129 [border: (2px solid #0000FF)]
