layer at (0,0) size 800x600
  RenderView at (0,0) size 800x600
layer at (0,0) size 800x600
  RenderBlock {HTML} at (0,0) size 800x600
    RenderBody {BODY} at (8,8) size 784x584
      RenderBlock {HR} at (0,0) size 784x2 [border: (1px inset #000000)]
      RenderBlock {P} at (0,18) size 784x42
        RenderText {#text} at (0,0) size 57x21
          text run at (0,0) width 57: "Test for "
        RenderInline {I} at (0,0) size 720x42
          RenderInline {A} at (0,0) size 379x21 [color=#0000EE]
            RenderText {#text} at (57,0) size 379x21
              text run at (57,0) width 379: "http://bugzilla.opendarwin.org/show_bug.cgi?id=9547"
          RenderText {#text} at (436,0) size 720x42
            text run at (436,0) width 4: " "
            text run at (440,0) width 280: "Resize corner does not track the mouse"
            text run at (0,21) width 73: "accurately"
        RenderText {#text} at (73,21) size 4x21
          text run at (73,21) width 4: "."
      RenderBlock {HR} at (0,76) size 784x2 [border: (1px inset #000000)]
      RenderBlock (anonymous) at (0,211) size 784x197
        RenderText {#text} at (169,105) size 4x21
          text run at (169,105) width 4: " "
        RenderBR {BR} at (0,0) size 0x0
        RenderText {#text} at (0,0) size 0x0
layer at (8,94) size 173x125 clip at (10,96) size 169x121
  RenderBlock {DIV} at (0,86) size 173x125 [border: (2px solid #0000FF)]
layer at (8,219) size 169x121 clip at (10,221) size 165x117
  RenderTextControl {TEXTAREA} at (0,0) size 169x121 [bgcolor=#FFFFFF] [border: (2px solid #0000FF)]
    RenderBlock {DIV} at (4,4) size 161x21
layer at (10,347) size 219x67
  RenderTextControl {TEXTAREA} at (2,128) size 219x67
    RenderBlock {DIV} at (2,2) size 215x21
