layer at (0,0) size 800x600
  RenderView at (0,0) size 800x600
layer at (696,0) size 104x104
  RenderBlock {HTML} at (696,0) size 104x104 [border: (2px solid #000000)]
    RenderBody {BODY} at (10,10) size 84x21
      RenderText {#text} at (16,0) size 68x21
        text run at (16,0) width 4 RTL: "."
        text run at (20,0) width 64: "This is rtl"
