layer at (0,0) size 800x600
  RenderView at (0,0) size 800x600
layer at (0,0) size 800x66
  RenderBlock {HTML} at (0,0) size 800x66
    RenderBody {BODY} at (8,8) size 784x50
      RenderBlock {DIV} at (0,0) size 784x21
        RenderText {#text} at (0,0) size 544x21
          text run at (0,0) width 544: "The text below should be centered since text-align does inherit in strict mode."
      RenderBlock {DIV} at (0,21) size 784x29
        RenderTable {TABLE} at (0,0) size 108x29 [border: (1px solid #000000)]
          RenderTableSection {TBODY} at (1,1) size 106x27
            RenderTableRow {TR} at (0,2) size 106x23
              RenderTableCell {TD} at (2,2) size 102x23 [r=0 c=0 rs=1 cs=1]
                RenderText {#text} at (31,1) size 40x21
                  text run at (31,1) width 40: "hello."
