layer at (0,0) size 800x600
  RenderView at (0,0) size 800x600
layer at (0,0) size 800x53
  RenderBlock {HTML} at (0,0) size 800x53
    RenderBody {BODY} at (8,16) size 784x21
      RenderBlock {DIV} at (0,0) size 784x21
        RenderBlock {P} at (0,0) size 784x21
          RenderText {#text} at (0,0) size 683x21
            text run at (0,0) width 683: "I should be highlighted first because of the anchor, and de-highlighted when there is no fragment."
