layer at (0,0) size 784x624
  RenderView at (0,0) size 784x600
layer at (0,0) size 784x624
  RenderBlock {HTML} at (0,0) size 784x624
    RenderBody {BODY} at (8,8) size 768x608
      RenderInline {SPAN} at (0,0) size 685x152
        RenderText {#text} at (0,0) size 685x152
          text run at (0,0) width 685: "fin LYAWA (No kerning or"
          text run at (0,76) width 245: "ligatures)"
      RenderText {#text} at (245,118) size 4x21
        text run at (245,118) width 4: " "
      RenderBR {BR} at (249,134) size 0x0
      RenderInline {SPAN} at (0,0) size 685x152
        RenderText {#text} at (0,152) size 685x152
          text run at (0,152) width 685: "fin LYAWA (No kerning or"
          text run at (0,228) width 245: "ligatures)"
      RenderText {#text} at (245,270) size 4x21
        text run at (245,270) width 4: " "
      RenderBR {BR} at (249,286) size 0x0
      RenderInline {SPAN} at (0,0) size 648x152
        RenderText {#text} at (0,304) size 648x152
          text run at (0,304) width 648: "fin LYAWA (Kerning and"
          text run at (0,380) width 245: "ligatures)"
      RenderText {#text} at (245,422) size 4x21
        text run at (245,422) width 4: " "
      RenderBR {BR} at (249,438) size 0x0
      RenderInline {SPAN} at (0,0) size 648x152
        RenderText {#text} at (0,456) size 648x152
          text run at (0,456) width 648: "fin LYAWA (Kerning and"
          text run at (0,532) width 245: "ligatures)"
      RenderText {#text} at (245,574) size 4x21
        text run at (245,574) width 4: " "
      RenderBR {BR} at (249,590) size 0x0
