layer at (0,0) size 800x600
  RenderView at (0,0) size 800x600
layer at (0,0) size 800x565
  RenderBlock {HTML} at (0,0) size 800x565
    RenderBody {BODY} at (8,10) size 784x539
      RenderBlock {H1} at (0,0) size 784x21
        RenderText {#text} at (0,0) size 92x21
          text run at (0,0) width 92: "Simple case"
      RenderBlock {P} at (0,37) size 784x21
        RenderText {#text} at (0,0) size 68x21
          text run at (0,0) width 68: "LTR Start"
      RenderBlock {P} at (0,74) size 784x21
        RenderText {#text} at (720,0) size 64x21
          text run at (720,0) width 64: "LTR End"
      RenderBlock {P} at (0,111) size 784x21
        RenderText {#text} at (716,0) size 68x21
          text run at (716,0) width 68: "RTL Start"
      RenderBlock {P} at (0,148) size 784x21
        RenderText {#text} at (0,0) size 64x21
          text run at (0,0) width 64: "RTL End"
      RenderBlock {H1} at (0,185) size 784x21
        RenderText {#text} at (0,0) size 107x21
          text run at (0,0) width 107: "Inherited case"
      RenderBlock {DIV} at (0,222) size 784x21
        RenderBlock {P} at (0,0) size 784x21
          RenderText {#text} at (0,0) size 68x21
            text run at (0,0) width 68: "LTR Start"
      RenderBlock {DIV} at (0,259) size 784x21
        RenderBlock {P} at (0,0) size 784x21
          RenderText {#text} at (720,0) size 64x21
            text run at (720,0) width 64: "LTR End"
      RenderBlock {DIV} at (0,296) size 784x21
        RenderBlock {P} at (0,0) size 784x21
          RenderText {#text} at (716,0) size 68x21
            text run at (716,0) width 68: "RTL Start"
      RenderBlock {DIV} at (0,333) size 784x21
        RenderBlock {P} at (0,0) size 784x21
          RenderText {#text} at (0,0) size 64x21
            text run at (0,0) width 64: "RTL End"
      RenderBlock {H1} at (0,370) size 784x21
        RenderText {#text} at (0,0) size 465x21
          text run at (0,0) width 465: "Inherited case where parent block has opposite directionality."
      RenderBlock {DIV} at (0,407) size 784x21
        RenderBlock {P} at (0,0) size 784x21
          RenderText {#text} at (0,0) size 68x21
            text run at (0,0) width 68: "LTR Start"
      RenderBlock {DIV} at (0,444) size 784x21
        RenderBlock {P} at (0,0) size 784x21
          RenderText {#text} at (720,0) size 64x21
            text run at (720,0) width 64: "LTR End"
      RenderBlock {DIV} at (0,481) size 784x21
        RenderBlock {P} at (0,0) size 784x21
          RenderText {#text} at (716,0) size 68x21
            text run at (716,0) width 68: "RTL Start"
      RenderBlock {DIV} at (0,518) size 784x21
        RenderBlock {P} at (0,0) size 784x21
          RenderText {#text} at (0,0) size 64x21
            text run at (0,0) width 64: "RTL End"
