layer at (0,0) size 785x882
  RenderView at (0,0) size 785x600
layer at (0,0) size 785x882
  RenderBlock {HTML} at (0,0) size 785x882
    RenderBody {BODY} at (8,8) size 769x854
      RenderBlock {P} at (0,0) size 769x19
        RenderText {#text} at (0,0) size 521x19
          text run at (0,0) width 521: "This test checks that text with text-overflow:ellipsis follows 'text-align: center' correctly."
      RenderBlock {P} at (0,35) size 769x19
        RenderText {#text} at (0,0) size 366x19
          text run at (0,0) width 366: "The text in all boxes should have the text centered in the box."
      RenderBlock {H3} at (0,72) size 769x22
        RenderText {#text} at (0,0) size 84x22
          text run at (0,0) width 84: "Single line"
      RenderBlock {H3} at (0,153) size 769x22
        RenderText {#text} at (0,0) size 78x22
          text run at (0,0) width 78: "Multi line"
      RenderBlock {H3} at (0,291) size 769x22
        RenderText {#text} at (0,0) size 230x22
          text run at (0,0) width 230: "Containing replaced content"
      RenderBlock {H3} at (0,382) size 769x22
        RenderText {#text} at (0,0) size 395x22
          text run at (0,0) width 395: "Containing replaced content blocking the ellipsis"
      RenderBlock {H3} at (0,473) size 769x22
        RenderText {#text} at (0,0) size 199x22
          text run at (0,0) width 199: "Right-To-Left single line"
      RenderBlock {H3} at (0,554) size 769x22
        RenderText {#text} at (0,0) size 196x22
          text run at (0,0) width 196: "Right-To-Left Multi line"
      RenderBlock {H3} at (0,692) size 769x22
        RenderText {#text} at (0,0) size 343x22
          text run at (0,0) width 343: "Right-To-Left containing replaced content"
      RenderBlock {H3} at (0,783) size 769x22
        RenderText {#text} at (0,0) size 508x22
          text run at (0,0) width 508: "Right-To-Left containing replaced content blocking the ellipsis"
layer at (8,120) size 310x21 clip at (9,121) size 308x19 scrollWidth 684
  RenderBlock {DIV} at (0,112) size 310x21 [border: (1px solid #000000)]
    RenderText {#text} at (2,1) size 683x19
      text run at (2,1) width 683: "Lorem ipsum dolor sit amet, consectetur adipiscing elit. Vivamus vitae eros non libero faucibus sagittis sed ut eros."
layer at (8,201) size 310x78 clip at (9,202) size 308x76 scrollWidth 684
  RenderBlock {DIV} at (0,193) size 310x78 [border: (1px solid #000000)]
    RenderText {#text} at (2,1) size 683x19
      text run at (2,1) width 683: "Lorem ipsum dolor sit amet, consectetur adipiscing elit. Vivamus vitae eros non libero faucibus sagittis sed ut eros."
    RenderBR {BR} at (0,0) size 0x0
    RenderText {#text} at (3,20) size 674x19
      text run at (3,20) width 674: "orem ipsum dolor sit amet, consectetur adipiscing elit. Vivamus vitae eros non libero faucibus sagittis sed ut eros."
    RenderBR {BR} at (0,0) size 0x0
    RenderText {#text} at (3,39) size 667x19
      text run at (3,39) width 667: "rem ipsum dolor sit amet, consectetur adipiscing elit. Vivamus vitae eros non libero faucibus sagittis sed ut eros."
    RenderBR {BR} at (0,0) size 0x0
    RenderText {#text} at (4,58) size 661x19
      text run at (4,58) width 661: "em ipsum dolor sit amet, consectetur adipiscing elit. Vivamus vitae eros non libero faucibus sagittis sed ut eros."
    RenderBR {BR} at (0,0) size 0x0
layer at (8,339) size 310x31 clip at (9,340) size 308x29 scrollWidth 714
  RenderBlock {DIV} at (0,331) size 310x31 [border: (1px solid #000000)]
    RenderText {#text} at (2,11) size 174x19
      text run at (2,11) width 174: "Lorem ipsum dolor sit amet, "
    RenderImage {IMG} at (175,1) size 25x25
    RenderText {#text} at (200,11) size 515x19
      text run at (200,11) width 515: " consectetur adipiscing elit. Vivamus vitae eros non libero faucibus sagittis sed ut eros."
layer at (8,430) size 310x31 clip at (9,431) size 308x29 scrollWidth 710
  RenderBlock {DIV} at (0,422) size 310x31 [border: (1px solid #000000)]
    RenderText {#text} at (3,11) size 261x19
      text run at (3,11) width 261: "Lorem ipsum dolor sit amet, consectetur ad"
    RenderImage {IMG} at (264,1) size 25x25
    RenderText {#text} at (289,11) size 422x19
      text run at (289,11) width 422: "ipiscing elit. Vivamus vitae eros non libero faucibus sagittis sed ut eros."
layer at (8,521) size 310x21 clip at (9,522) size 308x19 scrollX 376 scrollWidth 684
  RenderBlock {DIV} at (0,513) size 310x21 [border: (1px solid #000000)]
    RenderText {#text} at (-375,1) size 683x19
      text run at (-375,1) width 683 RTL override: "Lorem ipsum dolor sit amet, consectetur adipiscing elit. Vivamus vitae eros non libero faucibus sagittis sed ut eros."
layer at (8,602) size 310x78 clip at (9,603) size 308x76 scrollX 376 scrollWidth 684
  RenderBlock {DIV} at (0,594) size 310x78 [border: (1px solid #000000)]
    RenderText {#text} at (-375,1) size 683x19
      text run at (-375,1) width 683 RTL override: "Lorem ipsum dolor sit amet, consectetur adipiscing elit. Vivamus vitae eros non libero faucibus sagittis sed ut eros."
    RenderBR {BR} at (0,0) size 0x0
    RenderText {#text} at (-367,20) size 674x19
      text run at (-367,20) width 674 RTL override: "orem ipsum dolor sit amet, consectetur adipiscing elit. Vivamus vitae eros non libero faucibus sagittis sed ut eros."
    RenderBR {BR} at (0,0) size 0x0
    RenderText {#text} at (-359,39) size 667x19
      text run at (-359,39) width 666 RTL override: "rem ipsum dolor sit amet, consectetur adipiscing elit. Vivamus vitae eros non libero faucibus sagittis sed ut eros."
    RenderBR {BR} at (0,0) size 0x0
    RenderText {#text} at (-355,58) size 661x19
      text run at (-355,58) width 661 RTL override: "em ipsum dolor sit amet, consectetur adipiscing elit. Vivamus vitae eros non libero faucibus sagittis sed ut eros."
    RenderBR {BR} at (0,0) size 0x0
layer at (8,740) size 310x31 clip at (9,741) size 308x29 scrollX 406 scrollWidth 714
  RenderBlock {DIV} at (0,732) size 310x31 [border: (1px solid #000000)]
    RenderText {#text} at (134,11) size 174x19
      text run at (134,11) width 174 RTL override: "Lorem ipsum dolor sit amet, "
    RenderImage {IMG} at (110,1) size 25x25
    RenderText {#text} at (-404,11) size 515x19
      text run at (-404,11) width 514 RTL override: " consectetur adipiscing elit. Vivamus vitae eros non libero faucibus sagittis sed ut eros."
layer at (8,831) size 310x31 clip at (9,832) size 308x29 scrollX 402 scrollWidth 710
  RenderBlock {DIV} at (0,823) size 310x31 [border: (1px solid #000000)]
    RenderText {#text} at (46,11) size 261x19
      text run at (46,11) width 261 RTL override: "Lorem ipsum dolor sit amet, consectetur ad"
    RenderImage {IMG} at (21,1) size 25x25
    RenderText {#text} at (-401,11) size 422x19
      text run at (-401,11) width 422 RTL override: "ipiscing elit. Vivamus vitae eros non libero faucibus sagittis sed ut eros."
