layer at (0,0) size 800x600
  RenderView at (0,0) size 800x600
layer at (0,0) size 800x206
  RenderBlock {HTML} at (0,0) size 800x206
    RenderBody {BODY} at (8,16) size 784x182
      RenderBlock {P} at (0,0) size 784x21
        RenderText {#text} at (0,0) size 425x21
          text run at (0,0) width 425: "You should not see any pixel artifacts around the reflections."
      RenderBlock (anonymous) at (0,37) size 784x145
        RenderText {#text} at (140,124) size 4x21
          text run at (140,124) width 4: " "
        RenderText {#text} at (284,124) size 4x21
          text run at (284,124) width 4: " "
        RenderText {#text} at (0,0) size 0x0
layer at (28,73) size 100x100
  RenderBlock {DIV} at (20,20) size 100x100 [bgcolor=#000000]
layer at (172,73) size 100x100
  RenderBlock {DIV} at (164,20) size 100x100 [bgcolor=#000000]
layer at (316,73) size 100x100
  RenderBlock {DIV} at (308,20) size 100x100 [bgcolor=#000000]
