layer at (0,0) size 800x600
  RenderView at (0,0) size 800x600
layer at (0,0) size 800x121
  RenderBlock {HTML} at (0,0) size 800x121
    RenderBody {BODY} at (8,21) size 784x84
      RenderBlock {H1} at (0,0) size 784x42
        RenderText {#text} at (0,0) size 540x42
          text run at (0,0) width 540: "Testing default translate parameter"
      RenderBlock {P} at (0,63) size 784x21
        RenderText {#text} at (0,0) size 649x21
          text run at (0,0) width 649: "There should be blue and green boxes shown. If there is a red box visible, the test has failed"
layer at (500,100) size 300x100
  RenderBlock (positioned) {DIV} at (500,100) size 300x100 [bgcolor=#FF0000]
    RenderText {#text} at (0,0) size 281x42
      text run at (0,0) width 281: "If you can see this box, then the test has"
      text run at (0,21) width 43: "failed."
layer at (100,100) size 300x100
  RenderBlock (positioned) {DIV} at (100,100) size 300x100 [bgcolor=#0000FF]
    RenderText {#text} at (0,0) size 218x42
      text run at (0,0) width 218: "This box should be visible (it is"
      text run at (0,21) width 79: "translated)."
layer at (500,500) size 300x100
  RenderBlock (positioned) {DIV} at (500,500) size 300x100 [bgcolor=#008000]
    RenderText {#text} at (0,0) size 189x21
      text run at (0,0) width 189: "This box should be visible."
