layer at (0,0) size 800x600
  RenderView at (0,0) size 800x600
layer at (0,0) size 800x600
  RenderBlock {HTML} at (0,0) size 800x600
    RenderBody {BODY} at (8,8) size 784x576
      RenderBlock {DIV} at (0,0) size 784x21
        RenderInline {SPAN} at (0,0) size 276x21
          RenderText {#text} at (0,0) size 276x21
            text run at (0,0) width 276: "This should not turn red when hovered."
        RenderText {#text} at (0,0) size 0x0
      RenderBlock {HR} at (0,29) size 784x2 [border: (1px inset #000000)]
      RenderBlock {P} at (0,47) size 784x42
        RenderText {#text} at (0,0) size 57x21
          text run at (0,0) width 57: "Test for "
        RenderInline {I} at (0,0) size 603x21
          RenderInline {A} at (0,0) size 379x21 [color=#0000EE]
            RenderText {#text} at (57,0) size 379x21
              text run at (57,0) width 379: "http://bugzilla.opendarwin.org/show_bug.cgi?id=7218"
          RenderText {#text} at (436,0) size 224x21
            text run at (436,0) width 224: " Text underlined on mouse over"
        RenderText {#text} at (660,0) size 106x21
          text run at (660,0) width 106: ". This tests that"
        RenderInline {CODE} at (0,0) size 41x17
          RenderText {#text} at (0,24) size 41x17
            text run at (0,24) width 41: "*:hover"
        RenderText {#text} at (41,21) size 289x21
          text run at (41,21) width 289: " does not match anything in quirks mode."
caret: position 1 of child 0 {#text} of child 1 {SPAN} of child 1 {DIV} of body
