layer at (0,0) size 800x600
  RenderView at (0,0) size 800x600
layer at (0,0) size 800x600
  RenderBlock {HTML} at (0,0) size 800x600
    RenderBody {BODY} at (8,8) size 784x584
      RenderInline {B} at (0,0) size 108x21
        RenderText {#text} at (0,24) size 27x21
          text run at (0,24) width 27: "___"
        RenderInline {B} at (0,0) size 81x21
          RenderText {#text} at (27,64) size 27x21
            text run at (27,64) width 27: "___"
          RenderInline {B} at (0,0) size 54x21
            RenderText {#text} at (54,104) size 27x21
              text run at (54,104) width 27: "___"
            RenderInline {B} at (0,0) size 27x21
              RenderText {#text} at (81,144) size 27x21
                text run at (81,144) width 27: "___"
