layer at (0,0) size 1759x2738
  RenderView at (0,0) size 784x584
layer at (0,0) size 784x2738
  RenderBlock {HTML} at (0,0) size 784x2738
    RenderBody {BODY} at (8,8) size 768x2722
      RenderBlock {H2} at (0,0) size 768x33
        RenderText {#text} at (0,0) size 138x33
          text run at (0,0) width 138: "word-spacing"
      RenderBlock (floating) {PRE} at (0,65) size 993x186
        RenderBlock {H3} at (0,15) size 993x20
          RenderText {#text} at (0,0) size 164x20
            text run at (0,0) width 164: "In a floated pre"
        RenderBlock (anonymous) at (0,50) size 993x136
          RenderText {#text} at (0,0) size 177x34
            text run at (0,0) width 0: " "
            text run at (0,17) width 177: "Word   spacing test "
          RenderInline {EM} at (0,0) size 15x17
            RenderText {#text} at (177,17) size 15x17
              text run at (177,17) width 15: "for"
          RenderText {#text} at (212,17) size 4x17
            text run at (212,17) width 4: " "
          RenderInline {STRONG} at (0,0) size 56x17
            RenderText {#text} at (216,17) size 56x17
              text run at (216,17) width 56: "elements"
          RenderText {#text} at (292,17) size 4x17
            text run at (292,17) width 4: " "
          RenderInline {TT} at (0,0) size 33x17
            RenderText {#text} at (296,17) size 33x17
              text run at (296,17) width 33: "within"
          RenderText {#text} at (349,17) size 472x34
            text run at (349,17) width 103: " elements too."
            text run at (472,17) width 0: " "
            text run at (0,34) width 177: "Word   spacing test "
          RenderInline {EM} at (0,0) size 15x17
            RenderText {#text} at (177,34) size 15x17
              text run at (177,34) width 15: "for"
          RenderText {#text} at (212,34) size 4x17
            text run at (212,34) width 4: " "
          RenderInline {STRONG} at (0,0) size 56x17
            RenderText {#text} at (216,34) size 56x17
              text run at (216,34) width 56: "elements"
          RenderText {#text} at (292,34) size 4x17
            text run at (292,34) width 4: " "
          RenderInline {TT} at (0,0) size 33x17
            RenderText {#text} at (296,34) size 33x17
              text run at (296,34) width 33: "within"
          RenderText {#text} at (349,34) size 81x17
            text run at (349,34) width 81: " elements "
          RenderText {#text} at (430,34) size 845x34
            text run at (430,34) width 395: " too. (with comment between elements and too)"
            text run at (845,34) width 0: " "
            text run at (0,51) width 177: "Word   spacing test "
          RenderInline {EM} at (0,0) size 15x17
            RenderText {#text} at (177,51) size 15x17
              text run at (177,51) width 15: "for"
          RenderText {#text} at (212,51) size 4x17
            text run at (212,51) width 4: " "
          RenderInline {STRONG} at (0,0) size 56x17
            RenderText {#text} at (216,51) size 56x17
              text run at (216,51) width 56: "elements"
          RenderText {#text} at (292,51) size 4x17
            text run at (292,51) width 4: " "
          RenderInline {TT} at (0,0) size 33x17
            RenderText {#text} at (296,51) size 33x17
              text run at (296,51) width 33: "within"
          RenderText {#text} at (349,51) size 57x17
            text run at (349,51) width 57: " elements"
          RenderText {#text} at (426,51) size 1033x34
            text run at (426,51) width 587: " too. (with comment (no preceeding space) between elements and too)"
            text run at (1033,51) width 0: " "
            text run at (0,68) width 177: "Word   spacing test "
          RenderInline {EM} at (0,0) size 15x17
            RenderText {#text} at (177,68) size 15x17
              text run at (177,68) width 15: "for"
          RenderText {#text} at (212,68) size 4x17
            text run at (212,68) width 4: " "
          RenderInline {STRONG} at (0,0) size 56x17
            RenderText {#text} at (216,68) size 56x17
              text run at (216,68) width 56: "elements"
          RenderText {#text} at (292,68) size 4x17
            text run at (292,68) width 4: " "
          RenderInline {TT} at (0,0) size 33x17
            RenderText {#text} at (296,68) size 33x17
              text run at (296,68) width 33: "within"
          RenderText {#text} at (349,68) size 81x17
            text run at (349,68) width 81: " elements "
          RenderText {#text} at (430,68) size 578x17
            text run at (430,68) width 558: "too. (with comment (no trailing space) between elements and too)"
            text run at (1008,68) width 0: " "
          RenderInline {SPAN} at (0,0) size 272x17
            RenderText {#text} at (0,85) size 177x17
              text run at (0,85) width 177: "Word   spacing test "
            RenderInline {EM} at (0,0) size 15x17
              RenderText {#text} at (177,85) size 15x17
                text run at (177,85) width 15: "for"
            RenderText {#text} at (212,85) size 4x17
              text run at (212,85) width 4: " "
            RenderInline {STRONG} at (0,0) size 56x17
              RenderText {#text} at (216,85) size 56x17
                text run at (216,85) width 56: "elements"
          RenderText {#text} at (292,85) size 4x17
            text run at (292,85) width 4: " "
          RenderInline {TT} at (0,0) size 33x17
            RenderText {#text} at (296,85) size 33x17
              text run at (296,85) width 33: "within"
          RenderText {#text} at (349,85) size 880x34
            text run at (349,85) width 511: " elements too. (with monospace font from Word to elements)"
            text run at (880,85) width 0: " "
            text run at (0,102) width 177: "Word   spacing test "
          RenderInline {SPAN} at (0,0) size 152x17
            RenderInline {EM} at (0,0) size 15x17
              RenderText {#text} at (177,102) size 15x17
                text run at (177,102) width 15: "for"
            RenderText {#text} at (212,102) size 4x17
              text run at (212,102) width 4: " "
            RenderInline {STRONG} at (0,0) size 56x17
              RenderText {#text} at (216,102) size 56x17
                text run at (216,102) width 56: "elements"
            RenderText {#text} at (292,102) size 4x17
              text run at (292,102) width 4: " "
            RenderInline {TT} at (0,0) size 33x17
              RenderText {#text} at (296,102) size 33x17
                text run at (296,102) width 33: "within"
          RenderText {#text} at (349,102) size 845x34
            text run at (349,102) width 476: " elements too. (with monospace font from for to within)"
            text run at (845,102) width 0: " "
            text run at (0,119) width 177: "Word   spacing test "
          RenderInline {EM} at (0,0) size 15x17
            RenderText {#text} at (177,119) size 15x17
              text run at (177,119) width 15: "for"
          RenderText {#text} at (212,119) size 4x17
            text run at (212,119) width 4: " "
          RenderInline {STRONG} at (0,0) size 56x17
            RenderText {#text} at (216,119) size 56x17
              text run at (216,119) width 56: "elements"
          RenderText {#text} at (292,119) size 4x17
            text run at (292,119) width 4: " "
          RenderInline {SPAN} at (0,0) size 152x17
            RenderInline {TT} at (0,0) size 33x17
              RenderText {#text} at (296,119) size 33x17
                text run at (296,119) width 33: "within"
            RenderText {#text} at (349,119) size 99x17
              text run at (349,119) width 99: " elements too"
          RenderText {#text} at (448,119) size 420x17
            text run at (448,119) width 400: ". (with monospace font from elements to too)"
            text run at (868,119) width 0: " "
      RenderBlock (anonymous) at (0,52) size 768x212
        RenderBR {BR} at (993,0) size 0x22
      RenderBlock {PRE} at (0,279) size 768x171
        RenderBlock {H3} at (0,0) size 768x20
          RenderText {#text} at (0,0) size 196x20
            text run at (0,0) width 196: "In an un-floated pre"
        RenderBlock (anonymous) at (0,35) size 768x136
          RenderText {#text} at (0,0) size 177x34
            text run at (0,0) width 0: " "
            text run at (0,17) width 177: "Word   spacing test "
          RenderInline {EM} at (0,0) size 15x17
            RenderText {#text} at (177,17) size 15x17
              text run at (177,17) width 15: "for"
          RenderText {#text} at (212,17) size 4x17
            text run at (212,17) width 4: " "
          RenderInline {STRONG} at (0,0) size 56x17
            RenderText {#text} at (216,17) size 56x17
              text run at (216,17) width 56: "elements"
          RenderText {#text} at (292,17) size 4x17
            text run at (292,17) width 4: " "
          RenderInline {TT} at (0,0) size 33x17
            RenderText {#text} at (296,17) size 33x17
              text run at (296,17) width 33: "within"
          RenderText {#text} at (349,17) size 472x34
            text run at (349,17) width 103: " elements too."
            text run at (472,17) width 0: " "
            text run at (0,34) width 177: "Word   spacing test "
          RenderInline {EM} at (0,0) size 15x17
            RenderText {#text} at (177,34) size 15x17
              text run at (177,34) width 15: "for"
          RenderText {#text} at (212,34) size 4x17
            text run at (212,34) width 4: " "
          RenderInline {STRONG} at (0,0) size 56x17
            RenderText {#text} at (216,34) size 56x17
              text run at (216,34) width 56: "elements"
          RenderText {#text} at (292,34) size 4x17
            text run at (292,34) width 4: " "
          RenderInline {TT} at (0,0) size 33x17
            RenderText {#text} at (296,34) size 33x17
              text run at (296,34) width 33: "within"
          RenderText {#text} at (349,34) size 81x17
            text run at (349,34) width 81: " elements "
          RenderText {#text} at (430,34) size 845x34
            text run at (430,34) width 395: " too. (with comment between elements and too)"
            text run at (845,34) width 0: " "
            text run at (0,51) width 177: "Word   spacing test "
          RenderInline {EM} at (0,0) size 15x17
            RenderText {#text} at (177,51) size 15x17
              text run at (177,51) width 15: "for"
          RenderText {#text} at (212,51) size 4x17
            text run at (212,51) width 4: " "
          RenderInline {STRONG} at (0,0) size 56x17
            RenderText {#text} at (216,51) size 56x17
              text run at (216,51) width 56: "elements"
          RenderText {#text} at (292,51) size 4x17
            text run at (292,51) width 4: " "
          RenderInline {TT} at (0,0) size 33x17
            RenderText {#text} at (296,51) size 33x17
              text run at (296,51) width 33: "within"
          RenderText {#text} at (349,51) size 57x17
            text run at (349,51) width 57: " elements"
          RenderText {#text} at (426,51) size 1033x34
            text run at (426,51) width 587: " too. (with comment (no preceeding space) between elements and too)"
            text run at (1033,51) width 0: " "
            text run at (0,68) width 177: "Word   spacing test "
          RenderInline {EM} at (0,0) size 15x17
            RenderText {#text} at (177,68) size 15x17
              text run at (177,68) width 15: "for"
          RenderText {#text} at (212,68) size 4x17
            text run at (212,68) width 4: " "
          RenderInline {STRONG} at (0,0) size 56x17
            RenderText {#text} at (216,68) size 56x17
              text run at (216,68) width 56: "elements"
          RenderText {#text} at (292,68) size 4x17
            text run at (292,68) width 4: " "
          RenderInline {TT} at (0,0) size 33x17
            RenderText {#text} at (296,68) size 33x17
              text run at (296,68) width 33: "within"
          RenderText {#text} at (349,68) size 81x17
            text run at (349,68) width 81: " elements "
          RenderText {#text} at (430,68) size 578x17
            text run at (430,68) width 558: "too. (with comment (no trailing space) between elements and too)"
            text run at (1008,68) width 0: " "
          RenderInline {SPAN} at (0,0) size 272x17
            RenderText {#text} at (0,85) size 177x17
              text run at (0,85) width 177: "Word   spacing test "
            RenderInline {EM} at (0,0) size 15x17
              RenderText {#text} at (177,85) size 15x17
                text run at (177,85) width 15: "for"
            RenderText {#text} at (212,85) size 4x17
              text run at (212,85) width 4: " "
            RenderInline {STRONG} at (0,0) size 56x17
              RenderText {#text} at (216,85) size 56x17
                text run at (216,85) width 56: "elements"
          RenderText {#text} at (292,85) size 4x17
            text run at (292,85) width 4: " "
          RenderInline {TT} at (0,0) size 33x17
            RenderText {#text} at (296,85) size 33x17
              text run at (296,85) width 33: "within"
          RenderText {#text} at (349,85) size 880x34
            text run at (349,85) width 511: " elements too. (with monospace font from Word to elements)"
            text run at (880,85) width 0: " "
            text run at (0,102) width 177: "Word   spacing test "
          RenderInline {SPAN} at (0,0) size 152x17
            RenderInline {EM} at (0,0) size 15x17
              RenderText {#text} at (177,102) size 15x17
                text run at (177,102) width 15: "for"
            RenderText {#text} at (212,102) size 4x17
              text run at (212,102) width 4: " "
            RenderInline {STRONG} at (0,0) size 56x17
              RenderText {#text} at (216,102) size 56x17
                text run at (216,102) width 56: "elements"
            RenderText {#text} at (292,102) size 4x17
              text run at (292,102) width 4: " "
            RenderInline {TT} at (0,0) size 33x17
              RenderText {#text} at (296,102) size 33x17
                text run at (296,102) width 33: "within"
          RenderText {#text} at (349,102) size 845x34
            text run at (349,102) width 476: " elements too. (with monospace font from for to within)"
            text run at (845,102) width 0: " "
            text run at (0,119) width 177: "Word   spacing test "
          RenderInline {EM} at (0,0) size 15x17
            RenderText {#text} at (177,119) size 15x17
              text run at (177,119) width 15: "for"
          RenderText {#text} at (212,119) size 4x17
            text run at (212,119) width 4: " "
          RenderInline {STRONG} at (0,0) size 56x17
            RenderText {#text} at (216,119) size 56x17
              text run at (216,119) width 56: "elements"
          RenderText {#text} at (292,119) size 4x17
            text run at (292,119) width 4: " "
          RenderInline {SPAN} at (0,0) size 152x17
            RenderInline {TT} at (0,0) size 33x17
              RenderText {#text} at (296,119) size 33x17
                text run at (296,119) width 33: "within"
            RenderText {#text} at (349,119) size 99x17
              text run at (349,119) width 99: " elements too"
          RenderText {#text} at (448,119) size 420x17
            text run at (448,119) width 400: ". (with monospace font from elements to too)"
            text run at (868,119) width 0: " "
      RenderBlock (anonymous) at (0,463) size 768x0
        RenderInline {SPAN} at (0,0) size 0x0
          RenderText {#text} at (0,0) size 0x0
      RenderBlock (anonymous) at (0,468) size 768x26
        RenderBlock {H3} at (0,0) size 768x26
          RenderText {#text} at (0,0) size 117x26
            text run at (0,0) width 117: "In a span"
      RenderBlock (anonymous) at (0,512) size 768x330
        RenderInline {SPAN} at (0,0) size 764x286
          RenderText {#text} at (0,0) size 186x22
            text run at (0,0) width 64: "Word "
            text run at (64,0) width 122: "spacing test "
          RenderInline {EM} at (0,0) size 19x22
            RenderText {#text} at (186,0) size 19x22
              text run at (186,0) width 19: "for"
          RenderText {#text} at (225,0) size 4x22
            text run at (225,0) width 4: " "
          RenderInline {STRONG} at (0,0) size 58x22
            RenderText {#text} at (229,0) size 58x22
              text run at (229,0) width 58: "elements"
          RenderText {#text} at (307,0) size 4x22
            text run at (307,0) width 4: " "
          RenderInline {TT} at (0,0) size 33x17
            RenderText {#text} at (311,3) size 33x17
              text run at (311,3) width 33: "within"
          RenderText {#text} at (364,0) size 111x22
            text run at (364,0) width 111: " elements too."
          RenderBR {BR} at (495,16) size 0x0
          RenderText {#text} at (0,22) size 186x22
            text run at (0,22) width 64: "Word "
            text run at (64,22) width 122: "spacing test "
          RenderInline {EM} at (0,0) size 19x22
            RenderText {#text} at (186,22) size 19x22
              text run at (186,22) width 19: "for"
          RenderText {#text} at (225,22) size 4x22
            text run at (225,22) width 4: " "
          RenderInline {STRONG} at (0,0) size 58x22
            RenderText {#text} at (229,22) size 58x22
              text run at (229,22) width 58: "elements"
          RenderText {#text} at (307,22) size 4x22
            text run at (307,22) width 4: " "
          RenderInline {TT} at (0,0) size 33x17
            RenderText {#text} at (311,25) size 33x17
              text run at (311,25) width 33: "within"
          RenderText {#text} at (364,22) size 86x22
            text run at (364,22) width 86: " elements "
          RenderText {#text} at (450,22) size 700x44
            text run at (450,22) width 250: "too. (with comment between"
            text run at (0,44) width 158: "elements and too)"
          RenderBR {BR} at (178,60) size 0x0
          RenderText {#text} at (0,66) size 186x22
            text run at (0,66) width 64: "Word "
            text run at (64,66) width 122: "spacing test "
          RenderInline {EM} at (0,0) size 19x22
            RenderText {#text} at (186,66) size 19x22
              text run at (186,66) width 19: "for"
          RenderText {#text} at (225,66) size 4x22
            text run at (225,66) width 4: " "
          RenderInline {STRONG} at (0,0) size 58x22
            RenderText {#text} at (229,66) size 58x22
              text run at (229,66) width 58: "elements"
          RenderText {#text} at (307,66) size 4x22
            text run at (307,66) width 4: " "
          RenderInline {TT} at (0,0) size 33x17
            RenderText {#text} at (311,69) size 33x17
              text run at (311,69) width 33: "within"
          RenderText {#text} at (364,66) size 62x22
            text run at (364,66) width 62: " elements"
          RenderText {#text} at (446,66) size 764x44
            text run at (446,66) width 318: " too. (with comment (no preceeding"
            text run at (0,88) width 304: "space) between elements and too)"
          RenderBR {BR} at (324,104) size 0x0
          RenderText {#text} at (0,110) size 186x22
            text run at (0,110) width 64: "Word "
            text run at (64,110) width 122: "spacing test "
          RenderInline {EM} at (0,0) size 19x22
            RenderText {#text} at (186,110) size 19x22
              text run at (186,110) width 19: "for"
          RenderText {#text} at (225,110) size 4x22
            text run at (225,110) width 4: " "
          RenderInline {STRONG} at (0,0) size 58x22
            RenderText {#text} at (229,110) size 58x22
              text run at (229,110) width 58: "elements"
          RenderText {#text} at (307,110) size 4x22
            text run at (307,110) width 4: " "
          RenderInline {TT} at (0,0) size 33x17
            RenderText {#text} at (311,113) size 33x17
              text run at (311,113) width 33: "within"
          RenderText {#text} at (364,110) size 86x22
            text run at (364,110) width 86: " elements "
          RenderText {#text} at (450,110) size 739x44
            text run at (450,110) width 289: "too. (with comment (no trailing"
            text run at (0,132) width 304: "space) between elements and too)"
          RenderBR {BR} at (324,148) size 0x0
          RenderInline {SPAN} at (0,0) size 264x17
            RenderText {#text} at (0,157) size 169x17
              text run at (0,157) width 54: "Word "
              text run at (54,157) width 115: "spacing test "
            RenderInline {EM} at (0,0) size 15x17
              RenderText {#text} at (169,157) size 15x17
                text run at (169,157) width 15: "for"
            RenderText {#text} at (204,157) size 4x17
              text run at (204,157) width 4: " "
            RenderInline {STRONG} at (0,0) size 56x17
              RenderText {#text} at (208,157) size 56x17
                text run at (208,157) width 56: "elements"
          RenderText {#text} at (284,154) size 4x22
            text run at (284,154) width 4: " "
          RenderInline {TT} at (0,0) size 33x17
            RenderText {#text} at (288,157) size 33x17
              text run at (288,157) width 33: "within"
          RenderText {#text} at (341,154) size 718x44
            text run at (341,154) width 377: " elements too. (with monospace font from"
            text run at (0,176) width 164: "Word to elements)"
          RenderBR {BR} at (184,192) size 0x0
          RenderText {#text} at (0,198) size 186x22
            text run at (0,198) width 64: "Word "
            text run at (64,198) width 122: "spacing test "
          RenderInline {SPAN} at (0,0) size 152x17
            RenderInline {EM} at (0,0) size 15x17
              RenderText {#text} at (186,201) size 15x17
                text run at (186,201) width 15: "for"
            RenderText {#text} at (221,201) size 4x17
              text run at (221,201) width 4: " "
            RenderInline {STRONG} at (0,0) size 56x17
              RenderText {#text} at (225,201) size 56x17
                text run at (225,201) width 56: "elements"
            RenderText {#text} at (301,201) size 4x17
              text run at (301,201) width 4: " "
            RenderInline {TT} at (0,0) size 33x17
              RenderText {#text} at (305,201) size 33x17
                text run at (305,201) width 33: "within"
          RenderText {#text} at (358,198) size 735x44
            text run at (358,198) width 377: " elements too. (with monospace font from"
            text run at (0,220) width 129: "for to within)"
          RenderBR {BR} at (149,236) size 0x0
          RenderText {#text} at (0,242) size 186x22
            text run at (0,242) width 64: "Word "
            text run at (64,242) width 122: "spacing test "
          RenderInline {EM} at (0,0) size 19x22
            RenderText {#text} at (186,242) size 19x22
              text run at (186,242) width 19: "for"
          RenderText {#text} at (225,242) size 4x22
            text run at (225,242) width 4: " "
          RenderInline {STRONG} at (0,0) size 58x22
            RenderText {#text} at (229,242) size 58x22
              text run at (229,242) width 58: "elements"
          RenderText {#text} at (307,242) size 4x22
            text run at (307,242) width 4: " "
          RenderInline {SPAN} at (0,0) size 152x17
            RenderInline {TT} at (0,0) size 33x17
              RenderText {#text} at (311,245) size 33x17
                text run at (311,245) width 33: "within"
            RenderText {#text} at (364,245) size 99x17
              text run at (364,245) width 99: " elements too"
          RenderText {#text} at (463,242) size 733x44
            text run at (463,242) width 270: ". (with monospace font from"
            text run at (0,264) width 169: "elements to too) "
        RenderText {#text} at (0,0) size 0x0
        RenderBR {BR} at (0,0) size 0x0
        RenderBR {BR} at (0,286) size 0x22
        RenderBR {BR} at (0,308) size 0x22
      RenderBlock {H2} at (0,861) size 768x33
        RenderText {#text} at (0,0) size 141x33
          text run at (0,0) width 141: "letter-spacing"
      RenderBlock (floating) {PRE} at (0,926) size 1266x186
        RenderBlock {H3} at (0,15) size 1266x20
          RenderText {#text} at (0,0) size 184x20
            text run at (0,0) width 184: "In a floated pre"
        RenderBlock (anonymous) at (0,50) size 1266x136
          RenderText {#text} at (0,0) size 230x34
            text run at (0,0) width 0: " "
            text run at (0,17) width 230: "Letter   spacing test "
          RenderInline {EM} at (0,0) size 30x17
            RenderText {#text} at (230,17) size 30x17
              text run at (230,17) width 30: "for"
          RenderText {#text} at (260,17) size 4x17
            text run at (260,17) width 4: " "
          RenderInline {STRONG} at (0,0) size 96x17
            RenderText {#text} at (264,17) size 96x17
              text run at (264,17) width 96: "elements"
          RenderText {#text} at (360,17) size 4x17
            text run at (360,17) width 4: " "
          RenderInline {TT} at (0,0) size 63x17
            RenderText {#text} at (364,17) size 63x17
              text run at (364,17) width 63: "within"
          RenderText {#text} at (427,17) size 580x34
            text run at (427,17) width 153: " elements too."
            text run at (580,17) width 0: " "
            text run at (0,34) width 230: "Letter   spacing test "
          RenderInline {EM} at (0,0) size 30x17
            RenderText {#text} at (230,34) size 30x17
              text run at (230,34) width 30: "for"
          RenderText {#text} at (260,34) size 4x17
            text run at (260,34) width 4: " "
          RenderInline {STRONG} at (0,0) size 96x17
            RenderText {#text} at (264,34) size 96x17
              text run at (264,34) width 96: "elements"
          RenderText {#text} at (360,34) size 4x17
            text run at (360,34) width 4: " "
          RenderInline {TT} at (0,0) size 63x17
            RenderText {#text} at (364,34) size 63x17
              text run at (364,34) width 63: "within"
          RenderText {#text} at (427,34) size 111x17
            text run at (427,34) width 111: " elements "
          RenderText {#text} at (538,34) size 1038x34
            text run at (538,34) width 500: " too. (with comment between elements and too)"
            text run at (1038,34) width 0: " "
            text run at (0,51) width 230: "Letter   spacing test "
          RenderInline {EM} at (0,0) size 30x17
            RenderText {#text} at (230,51) size 30x17
              text run at (230,51) width 30: "for"
          RenderText {#text} at (260,51) size 4x17
            text run at (260,51) width 4: " "
          RenderInline {STRONG} at (0,0) size 96x17
            RenderText {#text} at (264,51) size 96x17
              text run at (264,51) width 96: "elements"
          RenderText {#text} at (360,51) size 4x17
            text run at (360,51) width 4: " "
          RenderInline {TT} at (0,0) size 63x17
            RenderText {#text} at (364,51) size 63x17
              text run at (364,51) width 63: "within"
          RenderText {#text} at (427,51) size 102x17
            text run at (427,51) width 102: " elements"
          RenderText {#text} at (529,51) size 1271x34
            text run at (529,51) width 742: " too. (with comment (no preceeding space) between elements and too)"
            text run at (1271,51) width 0: " "
            text run at (0,68) width 230: "Letter   spacing test "
          RenderInline {EM} at (0,0) size 30x17
            RenderText {#text} at (230,68) size 30x17
              text run at (230,68) width 30: "for"
          RenderText {#text} at (260,68) size 4x17
            text run at (260,68) width 4: " "
          RenderInline {STRONG} at (0,0) size 96x17
            RenderText {#text} at (264,68) size 96x17
              text run at (264,68) width 96: "elements"
          RenderText {#text} at (360,68) size 4x17
            text run at (360,68) width 4: " "
          RenderInline {TT} at (0,0) size 63x17
            RenderText {#text} at (364,68) size 63x17
              text run at (364,68) width 63: "within"
          RenderText {#text} at (427,68) size 111x17
            text run at (427,68) width 111: " elements "
          RenderText {#text} at (538,68) size 698x17
            text run at (538,68) width 698: "too. (with comment (no trailing space) between elements and too)"
            text run at (1236,68) width 0: " "
          RenderInline {SPAN} at (0,0) size 360x17
            RenderText {#text} at (0,85) size 230x17
              text run at (0,85) width 230: "Letter   spacing test "
            RenderInline {EM} at (0,0) size 30x17
              RenderText {#text} at (230,85) size 30x17
                text run at (230,85) width 30: "for"
            RenderText {#text} at (260,85) size 4x17
              text run at (260,85) width 4: " "
            RenderInline {STRONG} at (0,0) size 96x17
              RenderText {#text} at (264,85) size 96x17
                text run at (264,85) width 96: "elements"
          RenderText {#text} at (360,85) size 4x17
            text run at (360,85) width 4: " "
          RenderInline {TT} at (0,0) size 63x17
            RenderText {#text} at (364,85) size 63x17
              text run at (364,85) width 63: "within"
          RenderText {#text} at (427,85) size 1081x34
            text run at (427,85) width 654: " elements too. (with monospace font from Letter to elements)"
            text run at (1081,85) width 0: " "
            text run at (0,102) width 230: "Letter   spacing test "
          RenderInline {SPAN} at (0,0) size 197x17
            RenderInline {EM} at (0,0) size 30x17
              RenderText {#text} at (230,102) size 30x17
                text run at (230,102) width 30: "for"
            RenderText {#text} at (260,102) size 4x17
              text run at (260,102) width 4: " "
            RenderInline {STRONG} at (0,0) size 96x17
              RenderText {#text} at (264,102) size 96x17
                text run at (264,102) width 96: "elements"
            RenderText {#text} at (360,102) size 4x17
              text run at (360,102) width 4: " "
            RenderInline {TT} at (0,0) size 63x17
              RenderText {#text} at (364,102) size 63x17
                text run at (364,102) width 63: "within"
          RenderText {#text} at (427,102) size 1018x34
            text run at (427,102) width 591: " elements too. (with monospace font from for to within)"
            text run at (1018,102) width 0: " "
            text run at (0,119) width 230: "Letter   spacing test "
          RenderInline {EM} at (0,0) size 30x17
            RenderText {#text} at (230,119) size 30x17
              text run at (230,119) width 30: "for"
          RenderText {#text} at (260,119) size 4x17
            text run at (260,119) width 4: " "
          RenderInline {STRONG} at (0,0) size 96x17
            RenderText {#text} at (264,119) size 96x17
              text run at (264,119) width 96: "elements"
          RenderText {#text} at (360,119) size 4x17
            text run at (360,119) width 4: " "
          RenderInline {SPAN} at (0,0) size 207x17
            RenderInline {TT} at (0,0) size 63x17
              RenderText {#text} at (364,119) size 63x17
                text run at (364,119) width 63: "within"
            RenderText {#text} at (427,119) size 144x17
              text run at (427,119) width 144: " elements too"
          RenderText {#text} at (571,119) size 480x17
            text run at (571,119) width 480: ". (with monospace font from elements to too)"
            text run at (1051,119) width 0: " "
      RenderBlock (anonymous) at (0,913) size 768x212
        RenderBR {BR} at (1266,0) size 0x22
      RenderBlock {PRE} at (0,1140) size 768x171
        RenderBlock {H3} at (0,0) size 768x20
          RenderText {#text} at (0,0) size 236x20
            text run at (0,0) width 236: "In an un-floated pre"
        RenderBlock (anonymous) at (0,35) size 768x136
          RenderText {#text} at (0,0) size 230x34
            text run at (0,0) width 0: " "
            text run at (0,17) width 230: "Letter   spacing test "
          RenderInline {EM} at (0,0) size 30x17
            RenderText {#text} at (230,17) size 30x17
              text run at (230,17) width 30: "for"
          RenderText {#text} at (260,17) size 4x17
            text run at (260,17) width 4: " "
          RenderInline {STRONG} at (0,0) size 96x17
            RenderText {#text} at (264,17) size 96x17
              text run at (264,17) width 96: "elements"
          RenderText {#text} at (360,17) size 4x17
            text run at (360,17) width 4: " "
          RenderInline {TT} at (0,0) size 63x17
            RenderText {#text} at (364,17) size 63x17
              text run at (364,17) width 63: "within"
          RenderText {#text} at (427,17) size 580x34
            text run at (427,17) width 153: " elements too."
            text run at (580,17) width 0: " "
            text run at (0,34) width 230: "Letter   spacing test "
          RenderInline {EM} at (0,0) size 30x17
            RenderText {#text} at (230,34) size 30x17
              text run at (230,34) width 30: "for"
          RenderText {#text} at (260,34) size 4x17
            text run at (260,34) width 4: " "
          RenderInline {STRONG} at (0,0) size 96x17
            RenderText {#text} at (264,34) size 96x17
              text run at (264,34) width 96: "elements"
          RenderText {#text} at (360,34) size 4x17
            text run at (360,34) width 4: " "
          RenderInline {TT} at (0,0) size 63x17
            RenderText {#text} at (364,34) size 63x17
              text run at (364,34) width 63: "within"
          RenderText {#text} at (427,34) size 111x17
            text run at (427,34) width 111: " elements "
          RenderText {#text} at (538,34) size 1038x34
            text run at (538,34) width 500: " too. (with comment between elements and too)"
            text run at (1038,34) width 0: " "
            text run at (0,51) width 230: "Letter   spacing test "
          RenderInline {EM} at (0,0) size 30x17
            RenderText {#text} at (230,51) size 30x17
              text run at (230,51) width 30: "for"
          RenderText {#text} at (260,51) size 4x17
            text run at (260,51) width 4: " "
          RenderInline {STRONG} at (0,0) size 96x17
            RenderText {#text} at (264,51) size 96x17
              text run at (264,51) width 96: "elements"
          RenderText {#text} at (360,51) size 4x17
            text run at (360,51) width 4: " "
          RenderInline {TT} at (0,0) size 63x17
            RenderText {#text} at (364,51) size 63x17
              text run at (364,51) width 63: "within"
          RenderText {#text} at (427,51) size 102x17
            text run at (427,51) width 102: " elements"
          RenderText {#text} at (529,51) size 1271x34
            text run at (529,51) width 742: " too. (with comment (no preceeding space) between elements and too)"
            text run at (1271,51) width 0: " "
            text run at (0,68) width 230: "Letter   spacing test "
          RenderInline {EM} at (0,0) size 30x17
            RenderText {#text} at (230,68) size 30x17
              text run at (230,68) width 30: "for"
          RenderText {#text} at (260,68) size 4x17
            text run at (260,68) width 4: " "
          RenderInline {STRONG} at (0,0) size 96x17
            RenderText {#text} at (264,68) size 96x17
              text run at (264,68) width 96: "elements"
          RenderText {#text} at (360,68) size 4x17
            text run at (360,68) width 4: " "
          RenderInline {TT} at (0,0) size 63x17
            RenderText {#text} at (364,68) size 63x17
              text run at (364,68) width 63: "within"
          RenderText {#text} at (427,68) size 111x17
            text run at (427,68) width 111: " elements "
          RenderText {#text} at (538,68) size 698x17
            text run at (538,68) width 698: "too. (with comment (no trailing space) between elements and too)"
            text run at (1236,68) width 0: " "
          RenderInline {SPAN} at (0,0) size 360x17
            RenderText {#text} at (0,85) size 230x17
              text run at (0,85) width 230: "Letter   spacing test "
            RenderInline {EM} at (0,0) size 30x17
              RenderText {#text} at (230,85) size 30x17
                text run at (230,85) width 30: "for"
            RenderText {#text} at (260,85) size 4x17
              text run at (260,85) width 4: " "
            RenderInline {STRONG} at (0,0) size 96x17
              RenderText {#text} at (264,85) size 96x17
                text run at (264,85) width 96: "elements"
          RenderText {#text} at (360,85) size 4x17
            text run at (360,85) width 4: " "
          RenderInline {TT} at (0,0) size 63x17
            RenderText {#text} at (364,85) size 63x17
              text run at (364,85) width 63: "within"
          RenderText {#text} at (427,85) size 1081x34
            text run at (427,85) width 654: " elements too. (with monospace font from Letter to elements)"
            text run at (1081,85) width 0: " "
            text run at (0,102) width 230: "Letter   spacing test "
          RenderInline {SPAN} at (0,0) size 197x17
            RenderInline {EM} at (0,0) size 30x17
              RenderText {#text} at (230,102) size 30x17
                text run at (230,102) width 30: "for"
            RenderText {#text} at (260,102) size 4x17
              text run at (260,102) width 4: " "
            RenderInline {STRONG} at (0,0) size 96x17
              RenderText {#text} at (264,102) size 96x17
                text run at (264,102) width 96: "elements"
            RenderText {#text} at (360,102) size 4x17
              text run at (360,102) width 4: " "
            RenderInline {TT} at (0,0) size 63x17
              RenderText {#text} at (364,102) size 63x17
                text run at (364,102) width 63: "within"
          RenderText {#text} at (427,102) size 1018x34
            text run at (427,102) width 591: " elements too. (with monospace font from for to within)"
            text run at (1018,102) width 0: " "
            text run at (0,119) width 230: "Letter   spacing test "
          RenderInline {EM} at (0,0) size 30x17
            RenderText {#text} at (230,119) size 30x17
              text run at (230,119) width 30: "for"
          RenderText {#text} at (260,119) size 4x17
            text run at (260,119) width 4: " "
          RenderInline {STRONG} at (0,0) size 96x17
            RenderText {#text} at (264,119) size 96x17
              text run at (264,119) width 96: "elements"
          RenderText {#text} at (360,119) size 4x17
            text run at (360,119) width 4: " "
          RenderInline {SPAN} at (0,0) size 207x17
            RenderInline {TT} at (0,0) size 63x17
              RenderText {#text} at (364,119) size 63x17
                text run at (364,119) width 63: "within"
            RenderText {#text} at (427,119) size 144x17
              text run at (427,119) width 144: " elements too"
          RenderText {#text} at (571,119) size 480x17
            text run at (571,119) width 480: ". (with monospace font from elements to too)"
            text run at (1051,119) width 0: " "
      RenderBlock (anonymous) at (0,1324) size 768x22
        RenderBR {BR} at (0,0) size 0x22
        RenderInline {SPAN} at (0,0) size 0x0
          RenderText {#text} at (0,0) size 0x0
      RenderBlock (anonymous) at (0,1364) size 768x26
        RenderBlock {H3} at (0,0) size 768x26
          RenderText {#text} at (0,0) size 112x26
            text run at (0,0) width 112: "In a span"
      RenderBlock (anonymous) at (0,1408) size 768x330
        RenderInline {SPAN} at (0,0) size 768x286
          RenderText {#text} at (0,0) size 228x22
            text run at (0,0) width 81: "Letter "
            text run at (81,0) width 147: "spacing test "
          RenderInline {EM} at (0,0) size 34x22
            RenderText {#text} at (228,0) size 34x22
              text run at (228,0) width 34: "for"
          RenderText {#text} at (262,0) size 4x22
            text run at (262,0) width 4: " "
          RenderInline {STRONG} at (0,0) size 98x22
            RenderText {#text} at (266,0) size 98x22
              text run at (266,0) width 98: "elements"
          RenderText {#text} at (364,0) size 4x22
            text run at (364,0) width 4: " "
          RenderInline {TT} at (0,0) size 63x17
            RenderText {#text} at (368,3) size 63x17
              text run at (368,3) width 63: "within"
          RenderText {#text} at (431,0) size 151x22
            text run at (431,0) width 151: " elements too."
          RenderBR {BR} at (582,16) size 0x0
          RenderText {#text} at (0,22) size 228x22
            text run at (0,22) width 81: "Letter "
            text run at (81,22) width 147: "spacing test "
          RenderInline {EM} at (0,0) size 34x22
            RenderText {#text} at (228,22) size 34x22
              text run at (228,22) width 34: "for"
          RenderText {#text} at (262,22) size 4x22
            text run at (262,22) width 4: " "
          RenderInline {STRONG} at (0,0) size 98x22
            RenderText {#text} at (266,22) size 98x22
              text run at (266,22) width 98: "elements"
          RenderText {#text} at (364,22) size 4x22
            text run at (364,22) width 4: " "
          RenderInline {TT} at (0,0) size 63x17
            RenderText {#text} at (368,25) size 63x17
              text run at (368,25) width 63: "within"
          RenderText {#text} at (431,22) size 106x22
            text run at (431,22) width 106: " elements "
          RenderText {#text} at (537,22) size 757x44
            text run at (537,22) width 220: "too. (with comment"
            text run at (0,44) width 303: "between elements and too)"
          RenderBR {BR} at (303,60) size 0x0
          RenderText {#text} at (0,66) size 228x22
            text run at (0,66) width 81: "Letter "
            text run at (81,66) width 147: "spacing test "
          RenderInline {EM} at (0,0) size 34x22
            RenderText {#text} at (228,66) size 34x22
              text run at (228,66) width 34: "for"
          RenderText {#text} at (262,66) size 4x22
            text run at (262,66) width 4: " "
          RenderInline {STRONG} at (0,0) size 98x22
            RenderText {#text} at (266,66) size 98x22
              text run at (266,66) width 98: "elements"
          RenderText {#text} at (364,66) size 4x22
            text run at (364,66) width 4: " "
          RenderInline {TT} at (0,0) size 63x17
            RenderText {#text} at (368,69) size 63x17
              text run at (368,69) width 63: "within"
          RenderText {#text} at (431,66) size 102x22
            text run at (431,66) width 102: " elements"
          RenderText {#text} at (533,66) size 762x44
            text run at (533,66) width 229: " too. (with comment"
            text run at (0,88) width 563: "(no preceeding space) between elements and too)"
          RenderBR {BR} at (563,104) size 0x0
          RenderText {#text} at (0,110) size 228x22
            text run at (0,110) width 81: "Letter "
            text run at (81,110) width 147: "spacing test "
          RenderInline {EM} at (0,0) size 34x22
            RenderText {#text} at (228,110) size 34x22
              text run at (228,110) width 34: "for"
          RenderText {#text} at (262,110) size 4x22
            text run at (262,110) width 4: " "
          RenderInline {STRONG} at (0,0) size 98x22
            RenderText {#text} at (266,110) size 98x22
              text run at (266,110) width 98: "elements"
          RenderText {#text} at (364,110) size 4x22
            text run at (364,110) width 4: " "
          RenderInline {TT} at (0,0) size 63x17
            RenderText {#text} at (368,113) size 63x17
              text run at (368,113) width 63: "within"
          RenderText {#text} at (431,110) size 106x22
            text run at (431,110) width 106: " elements "
          RenderText {#text} at (537,110) size 757x44
            text run at (537,110) width 220: "too. (with comment"
            text run at (0,132) width 528: "(no trailing space) between elements and too)"
          RenderBR {BR} at (528,148) size 0x0
          RenderInline {SPAN} at (0,0) size 342x17
            RenderText {#text} at (0,157) size 212x17
              text run at (0,157) width 72: "Letter "
              text run at (72,157) width 140: "spacing test "
            RenderInline {EM} at (0,0) size 30x17
              RenderText {#text} at (212,157) size 30x17
                text run at (212,157) width 30: "for"
            RenderText {#text} at (242,157) size 4x17
              text run at (242,157) width 4: " "
            RenderInline {STRONG} at (0,0) size 96x17
              RenderText {#text} at (246,157) size 96x17
                text run at (246,157) width 96: "elements"
          RenderText {#text} at (342,154) size 4x22
            text run at (342,154) width 4: " "
          RenderInline {TT} at (0,0) size 63x17
            RenderText {#text} at (346,157) size 63x17
              text run at (346,157) width 63: "within"
          RenderText {#text} at (409,154) size 768x44
            text run at (409,154) width 359: " elements too. (with monospace"
            text run at (0,176) width 339: "font from Letter to elements)"
          RenderBR {BR} at (339,192) size 0x0
          RenderText {#text} at (0,198) size 228x22
            text run at (0,198) width 81: "Letter "
            text run at (81,198) width 147: "spacing test "
          RenderInline {SPAN} at (0,0) size 197x17
            RenderInline {EM} at (0,0) size 30x17
              RenderText {#text} at (228,201) size 30x17
                text run at (228,201) width 30: "for"
            RenderText {#text} at (258,201) size 4x17
              text run at (258,201) width 4: " "
            RenderInline {STRONG} at (0,0) size 96x17
              RenderText {#text} at (262,201) size 96x17
                text run at (262,201) width 96: "elements"
            RenderText {#text} at (358,201) size 4x17
              text run at (358,201) width 4: " "
            RenderInline {TT} at (0,0) size 63x17
              RenderText {#text} at (362,201) size 63x17
                text run at (362,201) width 63: "within"
          RenderText {#text} at (425,198) size 655x44
            text run at (425,198) width 230: " elements too. (with"
            text run at (0,220) width 406: "monospace font from for to within)"
          RenderBR {BR} at (406,236) size 0x0
          RenderText {#text} at (0,242) size 228x22
            text run at (0,242) width 81: "Letter "
            text run at (81,242) width 147: "spacing test "
          RenderInline {EM} at (0,0) size 34x22
            RenderText {#text} at (228,242) size 34x22
              text run at (228,242) width 34: "for"
          RenderText {#text} at (262,242) size 4x22
            text run at (262,242) width 4: " "
          RenderInline {STRONG} at (0,0) size 98x22
            RenderText {#text} at (266,242) size 98x22
              text run at (266,242) width 98: "elements"
          RenderText {#text} at (364,242) size 4x22
            text run at (364,242) width 4: " "
          RenderInline {SPAN} at (0,0) size 197x17
            RenderInline {TT} at (0,0) size 63x17
              RenderText {#text} at (368,245) size 63x17
                text run at (368,245) width 63: "within"
            RenderText {#text} at (431,245) size 134x17
              text run at (431,245) width 134: " elements too"
          RenderText {#text} at (565,242) size 643x44
            text run at (565,242) width 78: ". (with"
            text run at (0,264) width 441: "monospace font from elements to too) "
        RenderText {#text} at (0,0) size 0x0
        RenderBR {BR} at (0,0) size 0x0
        RenderBR {BR} at (0,286) size 0x22
        RenderBR {BR} at (0,308) size 0x22
      RenderBlock {H2} at (0,1757) size 768x33
        RenderText {#text} at (0,0) size 131x33
          text run at (0,0) width 131: "both-spacing"
      RenderBlock (floating) {PRE} at (0,1822) size 1706x186
        RenderBlock {H3} at (0,15) size 1706x20
          RenderText {#text} at (0,0) size 244x20
            text run at (0,0) width 244: "In a floated pre"
        RenderBlock (anonymous) at (0,50) size 1706x136
          RenderText {#text} at (0,0) size 430x34
            text run at (0,0) width 0: " "
            text run at (0,17) width 430: "Word and letter   spacing test "
          RenderInline {EM} at (0,0) size 30x17
            RenderText {#text} at (430,17) size 30x17
              text run at (430,17) width 30: "for"
          RenderText {#text} at (480,17) size 4x17
            text run at (480,17) width 4: " "
          RenderInline {STRONG} at (0,0) size 96x17
            RenderText {#text} at (484,17) size 96x17
              text run at (484,17) width 96: "elements"
          RenderText {#text} at (600,17) size 4x17
            text run at (600,17) width 4: " "
          RenderInline {TT} at (0,0) size 63x17
            RenderText {#text} at (604,17) size 63x17
              text run at (604,17) width 63: "within"
          RenderText {#text} at (687,17) size 880x34
            text run at (687,17) width 173: " elements too."
            text run at (880,17) width 0: " "
            text run at (0,34) width 430: "Word and letter   spacing test "
          RenderInline {EM} at (0,0) size 30x17
            RenderText {#text} at (430,34) size 30x17
              text run at (430,34) width 30: "for"
          RenderText {#text} at (480,34) size 4x17
            text run at (480,34) width 4: " "
          RenderInline {STRONG} at (0,0) size 96x17
            RenderText {#text} at (484,34) size 96x17
              text run at (484,34) width 96: "elements"
          RenderText {#text} at (600,34) size 4x17
            text run at (600,34) width 4: " "
          RenderInline {TT} at (0,0) size 63x17
            RenderText {#text} at (604,34) size 63x17
              text run at (604,34) width 63: "within"
          RenderText {#text} at (687,34) size 131x17
            text run at (687,34) width 131: " elements "
          RenderText {#text} at (818,34) size 1458x34
            text run at (818,34) width 620: " too. (with comment between elements and too)"
            text run at (1458,34) width 0: " "
            text run at (0,51) width 430: "Word and letter   spacing test "
          RenderInline {EM} at (0,0) size 30x17
            RenderText {#text} at (430,51) size 30x17
              text run at (430,51) width 30: "for"
          RenderText {#text} at (480,51) size 4x17
            text run at (480,51) width 4: " "
          RenderInline {STRONG} at (0,0) size 96x17
            RenderText {#text} at (484,51) size 96x17
              text run at (484,51) width 96: "elements"
          RenderText {#text} at (600,51) size 4x17
            text run at (600,51) width 4: " "
          RenderInline {TT} at (0,0) size 63x17
            RenderText {#text} at (604,51) size 63x17
              text run at (604,51) width 63: "within"
          RenderText {#text} at (687,51) size 102x17
            text run at (687,51) width 102: " elements"
          RenderText {#text} at (809,51) size 1751x34
            text run at (809,51) width 922: " too. (with comment (no preceeding space) between elements and too)"
            text run at (1751,51) width 0: " "
            text run at (0,68) width 430: "Word and letter   spacing test "
          RenderInline {EM} at (0,0) size 30x17
            RenderText {#text} at (430,68) size 30x17
              text run at (430,68) width 30: "for"
          RenderText {#text} at (480,68) size 4x17
            text run at (480,68) width 4: " "
          RenderInline {STRONG} at (0,0) size 96x17
            RenderText {#text} at (484,68) size 96x17
              text run at (484,68) width 96: "elements"
          RenderText {#text} at (600,68) size 4x17
            text run at (600,68) width 4: " "
          RenderInline {TT} at (0,0) size 63x17
            RenderText {#text} at (604,68) size 63x17
              text run at (604,68) width 63: "within"
          RenderText {#text} at (687,68) size 131x17
            text run at (687,68) width 131: " elements "
          RenderText {#text} at (818,68) size 898x17
            text run at (818,68) width 878: "too. (with comment (no trailing space) between elements and too)"
            text run at (1716,68) width 0: " "
          RenderInline {SPAN} at (0,0) size 580x17
            RenderText {#text} at (0,85) size 430x17
              text run at (0,85) width 430: "Word and letter   spacing test "
            RenderInline {EM} at (0,0) size 30x17
              RenderText {#text} at (430,85) size 30x17
                text run at (430,85) width 30: "for"
            RenderText {#text} at (480,85) size 4x17
              text run at (480,85) width 4: " "
            RenderInline {STRONG} at (0,0) size 96x17
              RenderText {#text} at (484,85) size 96x17
                text run at (484,85) width 96: "elements"
          RenderText {#text} at (600,85) size 4x17
            text run at (600,85) width 4: " "
          RenderInline {TT} at (0,0) size 63x17
            RenderText {#text} at (604,85) size 63x17
              text run at (604,85) width 63: "within"
          RenderText {#text} at (687,85) size 1508x34
            text run at (687,85) width 801: " elements too. (with monospace font from Word to elements)"
            text run at (1508,85) width 0: " "
            text run at (0,102) width 430: "Word and letter   spacing test "
          RenderInline {SPAN} at (0,0) size 237x17
            RenderInline {EM} at (0,0) size 30x17
              RenderText {#text} at (430,102) size 30x17
                text run at (430,102) width 30: "for"
            RenderText {#text} at (480,102) size 4x17
              text run at (480,102) width 4: " "
            RenderInline {STRONG} at (0,0) size 96x17
              RenderText {#text} at (484,102) size 96x17
                text run at (484,102) width 96: "elements"
            RenderText {#text} at (600,102) size 4x17
              text run at (600,102) width 4: " "
            RenderInline {TT} at (0,0) size 63x17
              RenderText {#text} at (604,102) size 63x17
                text run at (604,102) width 63: "within"
          RenderText {#text} at (687,102) size 1458x34
            text run at (687,102) width 751: " elements too. (with monospace font from for to within)"
            text run at (1458,102) width 0: " "
            text run at (0,119) width 430: "Word and letter   spacing test "
          RenderInline {EM} at (0,0) size 30x17
            RenderText {#text} at (430,119) size 30x17
              text run at (430,119) width 30: "for"
          RenderText {#text} at (480,119) size 4x17
            text run at (480,119) width 4: " "
          RenderInline {STRONG} at (0,0) size 96x17
            RenderText {#text} at (484,119) size 96x17
              text run at (484,119) width 96: "elements"
          RenderText {#text} at (600,119) size 4x17
            text run at (600,119) width 4: " "
          RenderInline {SPAN} at (0,0) size 247x17
            RenderInline {TT} at (0,0) size 63x17
              RenderText {#text} at (604,119) size 63x17
                text run at (604,119) width 63: "within"
            RenderText {#text} at (687,119) size 164x17
              text run at (687,119) width 164: " elements too"
          RenderText {#text} at (851,119) size 640x17
            text run at (851,119) width 620: ". (with monospace font from elements to too)"
            text run at (1491,119) width 0: " "
      RenderBlock (anonymous) at (0,1809) size 768x212
        RenderBR {BR} at (1706,0) size 0x22
      RenderBlock {PRE} at (0,2036) size 768x171
        RenderBlock {H3} at (0,0) size 768x20
          RenderText {#text} at (0,0) size 296x20
            text run at (0,0) width 296: "In an un-floated pre"
        RenderBlock (anonymous) at (0,35) size 768x136
          RenderText {#text} at (0,0) size 430x34
            text run at (0,0) width 0: " "
            text run at (0,17) width 430: "Word and letter   spacing test "
          RenderInline {EM} at (0,0) size 30x17
            RenderText {#text} at (430,17) size 30x17
              text run at (430,17) width 30: "for"
          RenderText {#text} at (480,17) size 4x17
            text run at (480,17) width 4: " "
          RenderInline {STRONG} at (0,0) size 96x17
            RenderText {#text} at (484,17) size 96x17
              text run at (484,17) width 96: "elements"
          RenderText {#text} at (600,17) size 4x17
            text run at (600,17) width 4: " "
          RenderInline {TT} at (0,0) size 63x17
            RenderText {#text} at (604,17) size 63x17
              text run at (604,17) width 63: "within"
          RenderText {#text} at (687,17) size 880x34
            text run at (687,17) width 173: " elements too."
            text run at (880,17) width 0: " "
            text run at (0,34) width 430: "Word and letter   spacing test "
          RenderInline {EM} at (0,0) size 30x17
            RenderText {#text} at (430,34) size 30x17
              text run at (430,34) width 30: "for"
          RenderText {#text} at (480,34) size 4x17
            text run at (480,34) width 4: " "
          RenderInline {STRONG} at (0,0) size 96x17
            RenderText {#text} at (484,34) size 96x17
              text run at (484,34) width 96: "elements"
          RenderText {#text} at (600,34) size 4x17
            text run at (600,34) width 4: " "
          RenderInline {TT} at (0,0) size 63x17
            RenderText {#text} at (604,34) size 63x17
              text run at (604,34) width 63: "within"
          RenderText {#text} at (687,34) size 131x17
            text run at (687,34) width 131: " elements "
          RenderText {#text} at (818,34) size 1458x34
            text run at (818,34) width 620: " too. (with comment between elements and too)"
            text run at (1458,34) width 0: " "
            text run at (0,51) width 430: "Word and letter   spacing test "
          RenderInline {EM} at (0,0) size 30x17
            RenderText {#text} at (430,51) size 30x17
              text run at (430,51) width 30: "for"
          RenderText {#text} at (480,51) size 4x17
            text run at (480,51) width 4: " "
          RenderInline {STRONG} at (0,0) size 96x17
            RenderText {#text} at (484,51) size 96x17
              text run at (484,51) width 96: "elements"
          RenderText {#text} at (600,51) size 4x17
            text run at (600,51) width 4: " "
          RenderInline {TT} at (0,0) size 63x17
            RenderText {#text} at (604,51) size 63x17
              text run at (604,51) width 63: "within"
          RenderText {#text} at (687,51) size 102x17
            text run at (687,51) width 102: " elements"
          RenderText {#text} at (809,51) size 1751x34
            text run at (809,51) width 922: " too. (with comment (no preceeding space) between elements and too)"
            text run at (1751,51) width 0: " "
            text run at (0,68) width 430: "Word and letter   spacing test "
          RenderInline {EM} at (0,0) size 30x17
            RenderText {#text} at (430,68) size 30x17
              text run at (430,68) width 30: "for"
          RenderText {#text} at (480,68) size 4x17
            text run at (480,68) width 4: " "
          RenderInline {STRONG} at (0,0) size 96x17
            RenderText {#text} at (484,68) size 96x17
              text run at (484,68) width 96: "elements"
          RenderText {#text} at (600,68) size 4x17
            text run at (600,68) width 4: " "
          RenderInline {TT} at (0,0) size 63x17
            RenderText {#text} at (604,68) size 63x17
              text run at (604,68) width 63: "within"
          RenderText {#text} at (687,68) size 131x17
            text run at (687,68) width 131: " elements "
          RenderText {#text} at (818,68) size 898x17
            text run at (818,68) width 878: "too. (with comment (no trailing space) between elements and too)"
            text run at (1716,68) width 0: " "
          RenderInline {SPAN} at (0,0) size 580x17
            RenderText {#text} at (0,85) size 430x17
              text run at (0,85) width 430: "Word and letter   spacing test "
            RenderInline {EM} at (0,0) size 30x17
              RenderText {#text} at (430,85) size 30x17
                text run at (430,85) width 30: "for"
            RenderText {#text} at (480,85) size 4x17
              text run at (480,85) width 4: " "
            RenderInline {STRONG} at (0,0) size 96x17
              RenderText {#text} at (484,85) size 96x17
                text run at (484,85) width 96: "elements"
          RenderText {#text} at (600,85) size 4x17
            text run at (600,85) width 4: " "
          RenderInline {TT} at (0,0) size 63x17
            RenderText {#text} at (604,85) size 63x17
              text run at (604,85) width 63: "within"
          RenderText {#text} at (687,85) size 1508x34
            text run at (687,85) width 801: " elements too. (with monospace font from Word to elements)"
            text run at (1508,85) width 0: " "
            text run at (0,102) width 430: "Word and letter   spacing test "
          RenderInline {SPAN} at (0,0) size 237x17
            RenderInline {EM} at (0,0) size 30x17
              RenderText {#text} at (430,102) size 30x17
                text run at (430,102) width 30: "for"
            RenderText {#text} at (480,102) size 4x17
              text run at (480,102) width 4: " "
            RenderInline {STRONG} at (0,0) size 96x17
              RenderText {#text} at (484,102) size 96x17
                text run at (484,102) width 96: "elements"
            RenderText {#text} at (600,102) size 4x17
              text run at (600,102) width 4: " "
            RenderInline {TT} at (0,0) size 63x17
              RenderText {#text} at (604,102) size 63x17
                text run at (604,102) width 63: "within"
          RenderText {#text} at (687,102) size 1458x34
            text run at (687,102) width 751: " elements too. (with monospace font from for to within)"
            text run at (1458,102) width 0: " "
            text run at (0,119) width 430: "Word and letter   spacing test "
          RenderInline {EM} at (0,0) size 30x17
            RenderText {#text} at (430,119) size 30x17
              text run at (430,119) width 30: "for"
          RenderText {#text} at (480,119) size 4x17
            text run at (480,119) width 4: " "
          RenderInline {STRONG} at (0,0) size 96x17
            RenderText {#text} at (484,119) size 96x17
              text run at (484,119) width 96: "elements"
          RenderText {#text} at (600,119) size 4x17
            text run at (600,119) width 4: " "
          RenderInline {SPAN} at (0,0) size 247x17
            RenderInline {TT} at (0,0) size 63x17
              RenderText {#text} at (604,119) size 63x17
                text run at (604,119) width 63: "within"
            RenderText {#text} at (687,119) size 164x17
              text run at (687,119) width 164: " elements too"
          RenderText {#text} at (851,119) size 640x17
            text run at (851,119) width 620: ". (with monospace font from elements to too)"
            text run at (1491,119) width 0: " "
      RenderBlock (anonymous) at (0,2220) size 768x22
        RenderBR {BR} at (0,0) size 0x22
        RenderInline {SPAN} at (0,0) size 0x0
          RenderText {#text} at (0,0) size 0x0
      RenderBlock (anonymous) at (0,2260) size 768x26
        RenderBlock {H3} at (0,0) size 768x26
          RenderText {#text} at (0,0) size 152x26
            text run at (0,0) width 152: "In a span"
      RenderBlock (anonymous) at (0,2304) size 768x418
        RenderInline {SPAN} at (0,0) size 776x418
          RenderText {#text} at (0,0) size 440x22
            text run at (0,0) width 253: "Word and letter "
            text run at (253,0) width 187: "spacing test "
          RenderInline {EM} at (0,0) size 34x22
            RenderText {#text} at (440,0) size 34x22
              text run at (440,0) width 34: "for"
          RenderText {#text} at (494,0) size 4x22
            text run at (494,0) width 4: " "
          RenderInline {STRONG} at (0,0) size 98x22
            RenderText {#text} at (498,0) size 98x22
              text run at (498,0) width 98: "elements"
          RenderText {#text} at (616,0) size 4x22
            text run at (616,0) width 4: " "
          RenderInline {TT} at (0,0) size 63x17
            RenderText {#text} at (620,3) size 63x17
              text run at (620,3) width 63: "within"
          RenderText {#text} at (0,22) size 172x22
            text run at (0,22) width 172: "elements too."
          RenderBR {BR} at (192,38) size 0x0
          RenderText {#text} at (0,44) size 440x22
            text run at (0,44) width 253: "Word and letter "
            text run at (253,44) width 187: "spacing test "
          RenderInline {EM} at (0,0) size 34x22
            RenderText {#text} at (440,44) size 34x22
              text run at (440,44) width 34: "for"
          RenderText {#text} at (494,44) size 4x22
            text run at (494,44) width 4: " "
          RenderInline {STRONG} at (0,0) size 98x22
            RenderText {#text} at (498,44) size 98x22
              text run at (498,44) width 98: "elements"
          RenderText {#text} at (616,44) size 4x22
            text run at (616,44) width 4: " "
          RenderInline {TT} at (0,0) size 63x17
            RenderText {#text} at (620,47) size 63x17
              text run at (620,47) width 63: "within"
          RenderText {#text} at (0,66) size 127x22
            text run at (0,66) width 127: "elements "
          RenderText {#text} at (127,66) size 704x44
            text run at (127,66) width 577: "too. (with comment between elements and"
            text run at (0,88) width 46: "too)"
          RenderBR {BR} at (66,104) size 0x0
          RenderText {#text} at (0,110) size 440x22
            text run at (0,110) width 253: "Word and letter "
            text run at (253,110) width 187: "spacing test "
          RenderInline {EM} at (0,0) size 34x22
            RenderText {#text} at (440,110) size 34x22
              text run at (440,110) width 34: "for"
          RenderText {#text} at (494,110) size 4x22
            text run at (494,110) width 4: " "
          RenderInline {STRONG} at (0,0) size 98x22
            RenderText {#text} at (498,110) size 98x22
              text run at (498,110) width 98: "elements"
          RenderText {#text} at (616,110) size 4x22
            text run at (616,110) width 4: " "
          RenderInline {TT} at (0,0) size 63x17
            RenderText {#text} at (620,113) size 63x17
              text run at (620,113) width 63: "within"
          RenderText {#text} at (0,132) size 98x22
            text run at (0,132) width 98: "elements"
          RenderText {#text} at (118,132) size 707x44
            text run at (118,132) width 589: " too. (with comment (no preceeding space)"
            text run at (0,154) width 363: "between elements and too)"
          RenderBR {BR} at (383,170) size 0x0
          RenderText {#text} at (0,176) size 440x22
            text run at (0,176) width 253: "Word and letter "
            text run at (253,176) width 187: "spacing test "
          RenderInline {EM} at (0,0) size 34x22
            RenderText {#text} at (440,176) size 34x22
              text run at (440,176) width 34: "for"
          RenderText {#text} at (494,176) size 4x22
            text run at (494,176) width 4: " "
          RenderInline {STRONG} at (0,0) size 98x22
            RenderText {#text} at (498,176) size 98x22
              text run at (498,176) width 98: "elements"
          RenderText {#text} at (616,176) size 4x22
            text run at (616,176) width 4: " "
          RenderInline {TT} at (0,0) size 63x17
            RenderText {#text} at (620,179) size 63x17
              text run at (620,179) width 63: "within"
          RenderText {#text} at (0,198) size 127x22
            text run at (0,198) width 127: "elements "
          RenderText {#text} at (127,198) size 672x44
            text run at (127,198) width 545: "too. (with comment (no trailing space)"
            text run at (0,220) width 363: "between elements and too)"
          RenderBR {BR} at (383,236) size 0x0
          RenderInline {SPAN} at (0,0) size 562x17
            RenderText {#text} at (0,245) size 412x17
              text run at (0,245) width 232: "Word and letter "
              text run at (232,245) width 180: "spacing test "
            RenderInline {EM} at (0,0) size 30x17
              RenderText {#text} at (412,245) size 30x17
                text run at (412,245) width 30: "for"
            RenderText {#text} at (462,245) size 4x17
              text run at (462,245) width 4: " "
            RenderInline {STRONG} at (0,0) size 96x17
              RenderText {#text} at (466,245) size 96x17
                text run at (466,245) width 96: "elements"
          RenderText {#text} at (582,242) size 4x22
            text run at (582,242) width 4: " "
          RenderInline {TT} at (0,0) size 63x17
            RenderText {#text} at (586,245) size 63x17
              text run at (586,245) width 63: "within"
          RenderText {#text} at (669,242) size 776x44
            text run at (669,242) width 107: " elements"
            text run at (0,264) width 719: "too. (with monospace font from Word to elements)"
          RenderBR {BR} at (739,280) size 0x0
          RenderText {#text} at (0,286) size 440x22
            text run at (0,286) width 253: "Word and letter "
            text run at (253,286) width 187: "spacing test "
          RenderInline {SPAN} at (0,0) size 237x17
            RenderInline {EM} at (0,0) size 30x17
              RenderText {#text} at (440,289) size 30x17
                text run at (440,289) width 30: "for"
            RenderText {#text} at (490,289) size 4x17
              text run at (490,289) width 4: " "
            RenderInline {STRONG} at (0,0) size 96x17
              RenderText {#text} at (494,289) size 96x17
                text run at (494,289) width 96: "elements"
            RenderText {#text} at (610,289) size 4x17
              text run at (610,289) width 4: " "
            RenderInline {TT} at (0,0) size 63x17
              RenderText {#text} at (614,289) size 63x17
                text run at (614,289) width 63: "within"
          RenderText {#text} at (0,308) size 684x44
            text run at (0,308) width 684: "elements too. (with monospace font from for to"
            text run at (0,330) width 83: "within)"
          RenderBR {BR} at (103,346) size 0x0
          RenderText {#text} at (0,352) size 440x22
            text run at (0,352) width 253: "Word and letter "
            text run at (253,352) width 187: "spacing test "
          RenderInline {EM} at (0,0) size 34x22
            RenderText {#text} at (440,352) size 34x22
              text run at (440,352) width 34: "for"
          RenderText {#text} at (494,352) size 4x22
            text run at (494,352) width 4: " "
          RenderInline {STRONG} at (0,0) size 98x22
            RenderText {#text} at (498,352) size 98x22
              text run at (498,352) width 98: "elements"
          RenderText {#text} at (616,352) size 4x22
            text run at (616,352) width 4: " "
          RenderInline {SPAN} at (0,0) size 683x39
            RenderInline {TT} at (0,0) size 63x17
              RenderText {#text} at (620,355) size 63x17
                text run at (620,355) width 63: "within"
            RenderText {#text} at (0,377) size 155x17
              text run at (0,377) width 155: "elements too"
          RenderText {#text} at (155,374) size 739x44
            text run at (155,374) width 584: ". (with monospace font from elements to"
            text run at (0,396) width 46: "too)"
        RenderText {#text} at (0,0) size 0x0
