layer at (0,0) size 784x778
  RenderView at (0,0) size 784x600
layer at (0,0) size 784x778
  RenderBlock {html} at (0,0) size 784x778
    RenderBody {body} at (8,16) size 768x754
      RenderBlock {parsererror} at (16,0) size 736x134 [bgcolor=#FFDDDD] [border: (2px solid #CC7777)]
        RenderBlock {h3} at (18,20) size 700x22
          RenderText {#text} at (0,0) size 323x21
            text run at (0,0) width 323: "This page contains the following errors:"
        RenderBlock {div} at (18,60) size 700x14
          RenderText {#text} at (0,0) size 584x14
            text run at (0,0) width 584: "error on line 5 at column 7: Opening and ending tag mismatch: rect line 0 and svg"
            text run at (583,0) width 1: " "
        RenderBlock {h3} at (18,92) size 700x22
          RenderText {#text} at (0,0) size 428x21
            text run at (0,0) width 428: "Below is a rendering of the page up to the first error."
      RenderBlock (anonymous) at (0,150) size 768x604
        RenderSVGRoot {svg} at (18,176) size 200x200
          RenderSVGRect {rect} at (18,176) size 200x200 [fill={[type=SOLID] [color=#FF0000]}] [x=10.00] [y=10.00] [width=200.00] [height=200.00]
          RenderSVGRect {rect} at (18,176) size 200x200 [fill={[type=SOLID] [color=#FF0000]}] [x=10.00] [y=10.00] [width=200.00] [height=200.00]
