layer at (0,0) size 800x600
  RenderView at (0,0) size 800x600
layer at (0,0) size 800x534
  RenderBlock {HTML} at (0,0) size 800x534
    RenderBody {BODY} at (8,16) size 784x510
      RenderBlock {P} at (0,0) size 784x38
        RenderText {#text} at (0,0) size 761x38
          text run at (0,0) width 761: "The first and last lines of text in the regions below should be clipped to the green box. The overflow section sizes itself and clips"
          text run at (0,19) width 620: "differently in each region. The green box should be even with the lime floats at the top of the first region."
      RenderBlock {DIV} at (0,54) size 784x456
        RenderRegion {DIV} at (0,0) size 402x152 [border: (1px solid #000000)]
        RenderRegion {DIV} at (0,152) size 402x152 [border: (1px solid #000000)]
        RenderRegion {DIV} at (0,304) size 402x152 [border: (1px solid #000000)]
Flow Threads
  Thread with flow-name 'flow1'
    layer at (0,0) size 400x450
      RenderNamedFlowThread at (0,0) size 400x450
        RenderBlock {DIV} at (0,0) size 400x235
          RenderBlock {DIV} at (5,5) size 390x225 [border: (1px solid #0000FF)]
            RenderBlock (floating) {DIV} at (6,6) size 50x50 [bgcolor=#00FF00]
            RenderBlock (floating) {DIV} at (334,6) size 50x50 [bgcolor=#00FF00]
    layer at (11,11) size 278x213 clip at (12,12) size 276x211 scrollWidth 376
      RenderBlock {DIV} at (6,6) size 278x213 [border: (1px solid #008000)]
        RenderBlock {P} at (1,17) size 276x76
          RenderText {#text} at (50,0) size 276x76
            text run at (50,0) width 276: "These lines will not spill out of the regions."
            text run at (50,19) width 276: "These lines will not spill out of the regions."
            text run at (50,38) width 276: "These lines will not spill out of the regions."
            text run at (50,57) width 252: "These lines will not spill out of the regions."
        RenderBlock {P} at (1,109) size 276x87
          RenderText {#text} at (50,0) size 376x87
            text run at (50,0) width 276: "These lines will not spill out of the regions."
            text run at (0,30) width 261: "These lines will not spill out of the regions. "
            text run at (261,30) width 115: "These lines will not"
            text run at (0,49) width 376: "spill out of the regions. These lines will not spill out of the"
            text run at (0,68) width 47: "regions."
  Regions for flow 'flow1'
    RenderRegion {DIV} #region1
    RenderRegion {DIV} #region2
    RenderRegion {DIV} #region3
