layer at (0,0) size 800x600
  RenderView at (0,0) size 800x600
layer at (0,0) size 800x484
  RenderBlock {HTML} at (0,0) size 800x484
    RenderBody {BODY} at (8,16) size 784x460
      RenderBlock {P} at (0,0) size 784x38
        RenderText {#text} at (0,0) size 761x38
          text run at (0,0) width 761: "The first and last lines of text in the regions below should be clipped to the green box. The overflow section sizes itself and clips"
          text run at (0,19) width 150: "differently in each region."
      RenderBlock {DIV} at (0,54) size 784x406
        RenderRegion {DIV} at (582,0) size 202x102 [border: (1px solid #000000)]
        RenderRegion {DIV} at (482,102) size 302x182 [border: (1px solid #000000)]
        RenderRegion {DIV} at (662,284) size 122x122 [border: (1px solid #000000)]
Flow Threads
  Thread with flow-name 'flow1'
    layer at (0,0) size 300x400
      RenderNamedFlowThread at (0,0) size 300x400
        RenderBlock {DIV} at (0,0) size 300x311
          RenderBlock {DIV} at (5,5) size 290x301 [border: (1px solid #0000FF)]
    layer at (41,6) size 218x299 clip at (42,7) size 216x297 scrollX 284 scrollWidth 500
      RenderBlock (relative positioned) {DIV} at (36,1) size 218x299 [border: (1px solid #008000)]
        RenderBlock {P} at (1,36) size 216x115
          RenderText {#text} at (88,0) size 229x115
            text run at (88,0) width 141: "These lines will not spill"
            text run at (88,19) width 141: "out of the regions."
            text run at (88,38) width 141: "These lines will not spill"
            text run at (0,58) width 121: "out of the regions. "
            text run at (121,58) width 95: "These lines will"
            text run at (0,77) width 216: "not spill out of the regions. These"
            text run at (4,96) width 4 RTL: "."
            text run at (8,96) width 208: "lines will not spill out of the regions"
        RenderBlock {P} at (1,167) size 216x95
          RenderText {#text} at (0,0) size 216x95
            text run at (0,0) width 216: "These lines will not spill out of the"
            text run at (0,19) width 216: "regions. These lines will not spill out"
            text run at (0,38) width 96: "of the regions. "
            text run at (96,38) width 120: "These lines will not"
            text run at (0,57) width 216: "spill out of the regions. These lines"
            text run at (34,76) width 4 RTL: "."
            text run at (38,76) width 178: "will not spill out of the regions"
  Regions for flow 'flow1'
    RenderRegion {DIV} #region1
    RenderRegion {DIV} #region2
    RenderRegion {DIV} #region3
