layer at (0,0) size 800x600
  RenderView at (0,0) size 800x600
layer at (0,0) size 800x422
  RenderBlock {HTML} at (0,0) size 800x422
    RenderBody {BODY} at (8,8) size 784x406
      RenderBlock {DIV} at (0,0) size 784x406
        RenderRegion {DIV} at (582,0) size 202x102 [border: (1px solid #000000)]
        RenderRegion {DIV} at (482,102) size 302x182 [border: (1px solid #000000)]
        RenderRegion {DIV} at (662,284) size 122x122 [border: (1px solid #000000)]
Flow Threads
  Thread with flow-name 'flow1'
    layer at (0,0) size 300x400
      RenderNamedFlowThread at (0,0) size 300x400
        RenderBlock {DIV} at (0,0) size 300x614
          RenderBlock {DIV} at (34,5) size 232x604 [border: (1px solid #0000FF)]
            RenderBlock {DIV} at (11,11) size 210x582 [border: (1px solid #008000)]
              RenderBlock {P} at (1,17) size 208x162
                RenderText {#text} at (90,0) size 218x162
                  text run at (90,0) width 128: "This line of text"
                  text run at (90,19) width 128: "should not get out of"
                  text run at (90,38) width 128: "the region. This line"
                  text run at (0,67) width 208: "of text should not get out of the"
                  text run at (0,86) width 208: "region. This line of text should not"
                  text run at (0,105) width 208: "get out of the region. This line of"
                  text run at (0,124) width 208: "text should not get out of the"
                  text run at (167,143) width 4 RTL: "."
                  text run at (171,143) width 37: "region"
              RenderBlock {P} at (1,195) size 208x259
                RenderText {#text} at (0,0) size 226x259
                  text run at (0,0) width 208: "This line of text should not get out"
                  text run at (0,19) width 208: "of the region. This line of text"
                  text run at (0,38) width 208: "should not get out of the region."
                  text run at (162,69) width 64: "This line"
                  text run at (162,88) width 64: "of text"
                  text run at (162,107) width 64: "should not"
                  text run at (162,126) width 64: "get out of"
                  text run at (162,145) width 64: "the region."
                  text run at (162,164) width 64: "This line"
                  text run at (162,183) width 64: "of text"
                  text run at (162,202) width 64: "should not"
                  text run at (162,221) width 64: "get out of"
                  text run at (163,240) width 4 RTL: "."
                  text run at (167,240) width 59: "the region"
              RenderBlock {P} at (1,470) size 208x95
                RenderText {#text} at (162,0) size 64x95
                  text run at (162,0) width 64: "This line"
                  text run at (162,19) width 64: "of text"
                  text run at (162,38) width 64: "should not"
                  text run at (162,57) width 64: "get out of"
                  text run at (163,76) width 4 RTL: "."
                  text run at (167,76) width 59: "the region"
  Regions for flow 'flow1'
    RenderRegion {DIV} #region1
    RenderRegion {DIV} #region2
    RenderRegion {DIV} #region3
