layer at (0,0) size 800x600
  RenderView at (0,0) size 800x600
layer at (0,0) size 800x547
  RenderBlock {HTML} at (0,0) size 800x547
    RenderBody {BODY} at (8,8) size 784x531
      RenderRegion {DIV} at (0,0) size 280x50
      RenderBlock {DIV} at (0,66) size 784x19
        RenderBlock {P} at (0,0) size 280x19 [bgcolor=#00FF00]
          RenderText {#text} at (0,0) size 247x19
            text run at (0,0) width 247: "Lime background text styled out region2."
      RenderBlock {DIV} at (0,101) size 784x0
      RenderRegion {DIV} at (0,101) size 280x50
      RenderRegion {DIV} at (0,151) size 280x30
      RenderRegion {DIV} at (0,181) size 280x50
      RenderRegion {DIV} at (0,231) size 280x30
      RenderRegion {DIV} at (0,261) size 280x100
      RenderRegion {DIV} at (0,361) size 280x10
      RenderRegion {DIV} at (0,371) size 280x50
      RenderRegion {DIV} at (0,421) size 280x30
      RenderRegion {DIV} at (0,451) size 280x50
      RenderRegion {DIV} at (0,501) size 280x30
Flow Threads
  Thread with flow-name 'flow1'
    layer at (0,0) size 280x50
      RenderNamedFlowThread at (0,0) size 280x50
        RenderBlock {DIV} at (0,16) size 280x19
          RenderBlock {P} at (0,0) size 280x19 [bgcolor=#FF0000]
            RenderText {#text} at (0,0) size 245x19
              text run at (0,0) width 245: "Green background text styled in region1."
  Regions for flow 'flow1'
    RenderRegion {DIV} #region1 region style: 1
  Thread with flow-name 'flow3'
    layer at (0,0) size 280x80
      RenderNamedFlowThread at (0,0) size 280x80
        RenderBlock {DIV} at (0,16) size 280x53
          RenderBlock {P} at (0,0) size 280x19 [bgcolor=#FF0000]
            RenderText {#text} at (0,0) size 253x19
              text run at (0,0) width 253: "Green background text styled in region31."
          RenderBlock {P} at (0,34) size 280x19 [bgcolor=#FF0000]
            RenderText {#text} at (0,0) size 246x19
              text run at (0,0) width 246: "Lime background text styled in region32."
  Regions for flow 'flow3'
    RenderRegion {DIV} #region31 region style: 1
    RenderRegion {DIV} #region32 region style: 1
  Thread with flow-name 'flow4'
    layer at (0,0) size 280x80
      RenderNamedFlowThread at (0,0) size 280x80
        RenderBlock {DIV} at (0,16) size 280x53
          RenderBlock {P} at (0,0) size 280x19 [bgcolor=#FF0000]
            RenderText {#text} at (0,0) size 253x19
              text run at (0,0) width 253: "Green background text styled in region41."
          RenderBlock {P} at (0,34) size 280x19 [bgcolor=#FF0000]
            RenderText {#text} at (0,0) size 246x19
              text run at (0,0) width 246: "Lime background text styled in region42."
  Regions for flow 'flow4'
    RenderRegion {DIV} #region41 region style: 1
    RenderRegion {DIV} #region42 region style: 1
  Thread with flow-name 'flow5'
    layer at (0,0) size 280x110
      RenderNamedFlowThread at (0,0) size 280x110
        RenderBlock {DIV} at (0,16) size 280x54
          RenderBlock {P} at (0,0) size 280x19 [bgcolor=#FF0000]
            RenderText {#text} at (0,0) size 253x19
              text run at (0,0) width 253: "Green background text styled in region51."
          RenderBlock {P} at (0,35) size 280x19 [bgcolor=#FF0000]
            RenderText {#text} at (0,0) size 253x19
              text run at (0,0) width 253: "Green background text styled in region51."
  Regions for flow 'flow5'
    RenderRegion {DIV} #region51 region style: 1
    RenderRegion {DIV} #region52 region style: 1
  Thread with flow-name 'flow6'
    layer at (0,0) size 280x80
      RenderNamedFlowThread at (0,0) size 280x80
        RenderBlock {DIV} at (0,16) size 280x53
          RenderBlock {P} at (0,0) size 280x19 [bgcolor=#FF0000]
            RenderText {#text} at (0,0) size 253x19
              text run at (0,0) width 253: "Green background text styled in region61."
          RenderBlock {P} at (0,34) size 280x19 [bgcolor=#FF0000]
            RenderText {#text} at (0,0) size 246x19
              text run at (0,0) width 246: "Lime background text styled in region62."
  Regions for flow 'flow6'
    RenderRegion {DIV} #region61 region style: 1
    RenderRegion {DIV} #region62 region style: 1
  Thread with flow-name 'flow7'
    layer at (0,0) size 280x80
      RenderNamedFlowThread at (0,0) size 280x80
        RenderBlock {DIV} at (0,16) size 280x53
          RenderBlock {P} at (0,0) size 280x19 [bgcolor=#FF0000]
            RenderText {#text} at (0,0) size 253x19
              text run at (0,0) width 253: "Green background text styled in region71."
          RenderBlock {P} at (0,34) size 280x19 [bgcolor=#FF0000]
            RenderText {#text} at (0,0) size 246x19
              text run at (0,0) width 246: "Lime background text styled in region72."
  Regions for flow 'flow7'
    RenderRegion {DIV} #region71 region style: 1
    RenderRegion {DIV} #region72 region style: 1
