layer at (0,0) size 800x600
  RenderView at (0,0) size 800x600
layer at (0,0) size 800x422
  RenderBlock {HTML} at (0,0) size 800x422
    RenderBody {BODY} at (8,8) size 784x406
      RenderBlock {DIV} at (0,0) size 784x406
        RenderRegion {DIV} at (0,0) size 202x102 [border: (1px solid #000000)]
        RenderRegion {DIV} at (0,102) size 302x182 [border: (1px solid #000000)]
        RenderRegion {DIV} at (0,284) size 122x122 [border: (1px solid #000000)]
Flow Threads
  Thread with flow-name 'flow1'
    layer at (0,0) size 300x400
      RenderNamedFlowThread at (0,0) size 300x400
        RenderBlock {DIV} at (0,0) size 300x389
          RenderBlock {DIV} at (5,5) size 290x379 [border: (1px solid #0000FF)]
            RenderBlock {DIV} at (11,11) size 268x357 [border: (1px solid #008000)]
              RenderBlock {P} at (1,17) size 266x124
                RenderText {#text} at (0,0) size 266x124
                  text run at (0,0) width 166: "This line of text should not"
                  text run at (0,19) width 166: "get out of the region. This"
                  text run at (0,38) width 166: "line of text should not get"
                  text run at (0,67) width 266: "out of the region. This line of text should not"
                  text run at (0,86) width 266: "get out of the region. This line of text should"
                  text run at (0,105) width 147: "not get out of the region."
              RenderBlock {P} at (1,157) size 266x95
                RenderText {#text} at (0,0) size 266x95
                  text run at (0,0) width 266: "This line of text should not get out of the"
                  text run at (0,19) width 266: "region. This line of text should not get out of"
                  text run at (0,38) width 266: "the region. This line of text should not get"
                  text run at (0,57) width 266: "out of the region. This line of text should not"
                  text run at (0,76) width 124: "get out of the region."
              RenderBlock {P} at (1,264) size 266x76
                RenderText {#text} at (0,0) size 86x76
                  text run at (0,0) width 86: "This line of"
                  text run at (0,19) width 86: "text should"
                  text run at (0,38) width 86: "not get out of"
                  text run at (0,57) width 63: "the region."
  Regions for flow 'flow1'
    RenderRegion {DIV} #region1
    RenderRegion {DIV} #region2
    RenderRegion {DIV} #region3
