layer at (0,0) size 800x600
  RenderView at (0,0) size 800x600
layer at (0,0) size 800x422
  RenderBlock {HTML} at (0,0) size 800x422
    RenderBody {BODY} at (8,8) size 784x406
      RenderBlock {DIV} at (0,0) size 784x406
        RenderRegion {DIV} at (0,0) size 202x102 [border: (1px solid #000000)]
        RenderRegion {DIV} at (0,102) size 302x182 [border: (1px solid #000000)]
        RenderRegion {DIV} at (0,284) size 122x122 [border: (1px solid #000000)]
Flow Threads
  Thread with flow-name 'flow1'
    layer at (0,0) size 300x400
      RenderNamedFlowThread at (0,0) size 300x400
        RenderBlock {DIV} at (0,0) size 300x443
          RenderBlock {DIV} at (5,5) size 290x433 [border: (1px solid #0000FF)]
            RenderBlock {DIV} at (11,11) size 268x411 [border: (1px solid #008000)]
              RenderBlock {P} at (1,17) size 266x38
                RenderText {#text} at (0,0) size 166x38
                  text run at (0,0) width 166: "This line of text should not"
                  text run at (0,19) width 124: "get out of the region."
              RenderBlock (floating) {DIV} at (195,84) size 72x37 [border: (1px solid #FF0000)]
                RenderText {#text} at (1,1) size 43x19
                  text run at (1,1) width 43: "Float 1"
              RenderBlock (anonymous) at (1,84) size 266x76
                RenderText {#text} at (0,0) size 266x76
                  text run at (0,0) width 194: "This line of text should not get"
                  text run at (0,19) width 194: "out of the region. This line of"
                  text run at (0,38) width 266: "text should not get out of the region. This"
                  text run at (0,57) width 256: "line of text should not get out of the region."
              RenderBlock {P} at (1,176) size 266x0
              RenderBlock {P} at (1,176) size 266x126
                RenderText {#text} at (0,0) size 266x126
                  text run at (0,0) width 266: "This line of text should not get out of the"
                  text run at (0,19) width 266: "region. This line of text should not get out of"
                  text run at (0,38) width 266: "the region. This line of text should not get"
                  text run at (0,57) width 266: "out of the region. This line of text should not"
                  text run at (0,88) width 86: "get out of the"
                  text run at (0,107) width 41: "region."
              RenderBlock {P} at (1,318) size 266x76
                RenderText {#text} at (0,0) size 86x76
                  text run at (0,0) width 86: "This line of"
                  text run at (0,19) width 86: "text should"
                  text run at (0,38) width 86: "not get out of"
                  text run at (0,57) width 63: "the region."
  Regions for flow 'flow1'
    RenderRegion {DIV} #region1
    RenderRegion {DIV} #region2
    RenderRegion {DIV} #region3
