layer at (0,0) size 800x600
  RenderView at (0,0) size 800x600
layer at (0,0) size 800x600
  RenderBlock {HTML} at (0,0) size 800x600
    RenderBody {BODY} at (8,8) size 784x584
      RenderTable {TABLE} at (0,0) size 212x312 [border: (2px outset #808080)]
        RenderTableSection {TBODY} at (2,2) size 208x308
          RenderTableRow {TR} at (0,2) size 208x304
            RenderTableCell {TD} at (2,2) size 204x304 [border: (1px inset #808080)] [r=0 c=0 rs=1 cs=1]
layer at (14,14) size 200x300 clip at (14,14) size 184x300 scrollHeight 504
  RenderBlock {DIV} at (2,2) size 200x300
    RenderText {#text} at (0,0) size 144x21
      text run at (0,0) width 144: "Lots of overflow text."
    RenderBR {BR} at (144,16) size 0x0
    RenderText {#text} at (0,21) size 144x21
      text run at (0,21) width 144: "Lots of overflow text."
    RenderBR {BR} at (144,37) size 0x0
    RenderText {#text} at (0,42) size 144x21
      text run at (0,42) width 144: "Lots of overflow text."
    RenderBR {BR} at (144,58) size 0x0
    RenderText {#text} at (0,63) size 144x21
      text run at (0,63) width 144: "Lots of overflow text."
    RenderBR {BR} at (144,79) size 0x0
    RenderText {#text} at (0,84) size 144x21
      text run at (0,84) width 144: "Lots of overflow text."
    RenderBR {BR} at (144,100) size 0x0
    RenderText {#text} at (0,105) size 144x21
      text run at (0,105) width 144: "Lots of overflow text."
    RenderBR {BR} at (144,121) size 0x0
    RenderText {#text} at (0,126) size 144x21
      text run at (0,126) width 144: "Lots of overflow text."
    RenderBR {BR} at (144,142) size 0x0
    RenderText {#text} at (0,147) size 144x21
      text run at (0,147) width 144: "Lots of overflow text."
    RenderBR {BR} at (144,163) size 0x0
    RenderText {#text} at (0,168) size 144x21
      text run at (0,168) width 144: "Lots of overflow text."
    RenderBR {BR} at (144,184) size 0x0
    RenderText {#text} at (0,189) size 144x21
      text run at (0,189) width 144: "Lots of overflow text."
    RenderBR {BR} at (144,205) size 0x0
    RenderText {#text} at (0,210) size 144x21
      text run at (0,210) width 144: "Lots of overflow text."
    RenderBR {BR} at (144,226) size 0x0
    RenderText {#text} at (0,231) size 144x21
      text run at (0,231) width 144: "Lots of overflow text."
    RenderBR {BR} at (144,247) size 0x0
    RenderText {#text} at (0,252) size 144x21
      text run at (0,252) width 144: "Lots of overflow text."
    RenderBR {BR} at (144,268) size 0x0
    RenderText {#text} at (0,273) size 144x21
      text run at (0,273) width 144: "Lots of overflow text."
    RenderBR {BR} at (144,289) size 0x0
    RenderText {#text} at (0,294) size 144x21
      text run at (0,294) width 144: "Lots of overflow text."
    RenderBR {BR} at (144,310) size 0x0
    RenderText {#text} at (0,315) size 144x21
      text run at (0,315) width 144: "Lots of overflow text."
    RenderBR {BR} at (144,331) size 0x0
    RenderText {#text} at (0,336) size 144x21
      text run at (0,336) width 144: "Lots of overflow text."
    RenderBR {BR} at (144,352) size 0x0
    RenderText {#text} at (0,357) size 144x21
      text run at (0,357) width 144: "Lots of overflow text."
    RenderBR {BR} at (144,373) size 0x0
    RenderText {#text} at (0,378) size 144x21
      text run at (0,378) width 144: "Lots of overflow text."
    RenderBR {BR} at (144,394) size 0x0
    RenderText {#text} at (0,399) size 144x21
      text run at (0,399) width 144: "Lots of overflow text."
    RenderBR {BR} at (144,415) size 0x0
    RenderText {#text} at (0,420) size 144x21
      text run at (0,420) width 144: "Lots of overflow text."
    RenderBR {BR} at (144,436) size 0x0
    RenderText {#text} at (0,441) size 144x21
      text run at (0,441) width 144: "Lots of overflow text."
    RenderBR {BR} at (144,457) size 0x0
    RenderText {#text} at (0,462) size 144x21
      text run at (0,462) width 144: "Lots of overflow text."
    RenderBR {BR} at (144,478) size 0x0
    RenderText {#text} at (0,483) size 144x21
      text run at (0,483) width 144: "Lots of overflow text."
    RenderBR {BR} at (144,499) size 0x0
