layer at (0,0) size 800x600
  RenderView at (0,0) size 800x600
layer at (10,10) size 780x302
  RenderBlock {fake} at (10,10) size 780x302 [bgcolor=#FFFF00]
layer at (10,10) size 282x302 clip at (11,11) size 264x300 scrollHeight 1265
  RenderBlock {channel} at (0,0) size 282x302 [bgcolor=#EEEEEE] [border: (1px solid #000000)]
    RenderBlock {title} at (11,11) size 254x21
      RenderText {#text} at (0,0) size 131x21
        text run at (0,0) width 131: "scottandrew.com"
    RenderBlock {description} at (11,42) size 254x14
      RenderText {#text} at (0,0) size 170x14
        text run at (0,0) width 170: "DHTML, DOM and JavaScript News"
    RenderBlock {item} at (1,66) size 264x86 [bgcolor=#FFFFFF] [border: (1px solid #CCCCCC) none (1px solid #CCCCCC) none]
      RenderInline {title} at (0,0) size 200x16
        RenderText {#text} at (10,11) size 200x16
          text run at (10,11) width 200: "DHTML Animation Array Generator"
      RenderText {#text} at (210,11) size 3x16
        text run at (210,11) width 3: " "
      RenderInline {description} at (0,0) size 240x64
        RenderText {#text} at (213,11) size 240x64
          text run at (213,11) width 37: "Robert"
          text run at (10,27) width 222: "points us to the first third-party tool for the"
          text run at (10,43) width 233: "DomAPI: The Animation Array Generator, a"
          text run at (10,59) width 128: "visual tool for creating..."
      RenderText {#text} at (0,0) size 0x0
      RenderText {#text} at (0,0) size 0x0
    RenderBlock {item} at (1,162) size 264x86 [bgcolor=#FFFFFF] [border: (1px solid #CCCCCC) none (1px solid #CCCCCC) none]
      RenderInline {title} at (0,0) size 153x16
        RenderText {#text} at (10,11) size 153x16
          text run at (10,11) width 153: "DOM and Extended Entries"
      RenderText {#text} at (163,11) size 3x16
        text run at (163,11) width 3: " "
      RenderInline {description} at (0,0) size 242x64
        RenderText {#text} at (166,11) size 242x64
          text run at (166,11) width 64: "Aarondot: A"
          text run at (10,27) width 219: "Better Way To Display Extended Entries."
          text run at (10,43) width 242: "Very cool, and uses the DOM and JavaScript"
          text run at (10,59) width 130: "to reveal the extended..."
      RenderText {#text} at (0,0) size 0x0
      RenderText {#text} at (0,0) size 0x0
    RenderBlock {item} at (1,258) size 264x86 [bgcolor=#FFFFFF] [border: (1px solid #CCCCCC) none (1px solid #CCCCCC) none]
      RenderInline {title} at (0,0) size 141x16
        RenderText {#text} at (10,11) size 141x16
          text run at (10,11) width 141: "cellspacing and the DOM"
      RenderText {#text} at (151,11) size 3x16
        text run at (151,11) width 3: " "
      RenderInline {description} at (0,0) size 227x64
        RenderText {#text} at (154,11) size 227x64
          text run at (154,11) width 71: "By the way, if"
          text run at (10,27) width 223: "you're using the DOM to generate TABLE"
          text run at (10,43) width 227: "elements, you have to use setAttribute() to"
          text run at (10,59) width 45: "set the..."
      RenderText {#text} at (0,0) size 0x0
      RenderText {#text} at (0,0) size 0x0
    RenderBlock {item} at (1,354) size 264x86 [bgcolor=#FFFFFF] [border: (1px solid #CCCCCC) none (1px solid #CCCCCC) none]
      RenderInline {title} at (0,0) size 149x16
        RenderText {#text} at (10,11) size 149x16
          text run at (10,11) width 149: "contenteditable for Mozilla"
      RenderText {#text} at (159,11) size 3x16
        text run at (159,11) width 3: " "
      RenderInline {description} at (0,0) size 241x64
        RenderText {#text} at (162,11) size 241x64
          text run at (162,11) width 66: "The folks art"
          text run at (10,27) width 234: "Q42, creator of Quek (cute little avatar/chat)"
          text run at (10,43) width 241: "and Xopus (browser-based WYSIWYG XML-"
          text run at (10,59) width 233: "editor) have released code that simulates..."
      RenderText {#text} at (0,0) size 0x0
      RenderText {#text} at (0,0) size 0x0
    RenderBlock {item} at (1,450) size 264x86 [bgcolor=#FFFFFF] [border: (1px solid #CCCCCC) none (1px solid #CCCCCC) none]
      RenderInline {title} at (0,0) size 214x16
        RenderText {#text} at (10,11) size 214x16
          text run at (10,11) width 214: "DHTML Timeline/Keyframe Animation"
      RenderText {#text} at (224,11) size 3x16
        text run at (224,11) width 3: " "
      RenderInline {description} at (0,0) size 237x64
        RenderText {#text} at (227,11) size 237x64
          text run at (227,11) width 20: "Tim"
          text run at (10,27) width 183: "Morgan is working on a Flash-like"
          text run at (10,43) width 233: "timeline/keyframe extension for his DHTML"
          text run at (10,59) width 48: "toolset...."
      RenderText {#text} at (0,0) size 0x0
      RenderText {#text} at (0,0) size 0x0
    RenderBlock {item} at (1,546) size 264x86 [bgcolor=#FFFFFF] [border: (1px solid #CCCCCC) none (1px solid #CCCCCC) none]
      RenderInline {title} at (0,0) size 238x16
        RenderText {#text} at (10,11) size 238x16
          text run at (10,11) width 238: "DynAPI 2.9 and Mozilla compatibility ports"
      RenderText {#text} at (0,0) size 0x0
      RenderInline {description} at (0,0) size 243x48
        RenderText {#text} at (10,27) size 243x48
          text run at (10,27) width 202: "DynAPI 2.9 is the latest release of the"
          text run at (10,43) width 243: "popular cross-browser DHTML library, and is"
          text run at (10,59) width 230: "available at Dan Steinman's original site...."
      RenderText {#text} at (0,0) size 0x0
      RenderText {#text} at (0,0) size 0x0
    RenderBlock {item} at (1,642) size 264x70 [bgcolor=#FFFFFF] [border: (1px solid #CCCCCC) none (1px solid #CCCCCC) none]
      RenderInline {title} at (0,0) size 129x16
        RenderText {#text} at (10,11) size 129x16
          text run at (10,11) width 129: "!lineDraw bookmarklet"
      RenderText {#text} at (139,11) size 3x16
        text run at (139,11) width 3: " "
      RenderInline {description} at (0,0) size 224x48
        RenderText {#text} at (142,11) size 224x48
          text run at (142,11) width 92: "Milov's !lineDraw"
          text run at (10,27) width 179: "bookmarklet is in fact the Coolest"
          text run at (10,43) width 108: "Bookmarklet Ever...."
      RenderText {#text} at (0,0) size 0x0
      RenderText {#text} at (0,0) size 0x0
    RenderBlock {item} at (1,722) size 264x102 [bgcolor=#FFFFFF] [border: (1px solid #CCCCCC) none (1px solid #CCCCCC) none]
      RenderInline {title} at (0,0) size 172x16
        RenderText {#text} at (10,11) size 172x16
          text run at (10,11) width 172: "Mozilla, DHTML and DOM links"
      RenderText {#text} at (182,11) size 3x16
        text run at (182,11) width 3: " "
      RenderInline {description} at (0,0) size 244x80
        RenderText {#text} at (185,11) size 244x80
          text run at (185,11) width 66: "Why Mozilla"
          text run at (10,27) width 219: "Rules (Link via Dean) Steve Champeon:"
          text run at (10,43) width 244: "Why DHTML Will Win. Glish finds a not-quite-"
          text run at (10,59) width 240: "DOM-compliant replacement for innerHTML."
          text run at (10,75) width 15: "It..."
      RenderText {#text} at (0,0) size 0x0
      RenderText {#text} at (0,0) size 0x0
    RenderBlock {item} at (1,834) size 264x54 [bgcolor=#FFFFFF] [border: (1px solid #CCCCCC) none (1px solid #CCCCCC) none]
      RenderInline {title} at (0,0) size 87x16
        RenderText {#text} at (10,11) size 87x16
          text run at (10,11) width 87: "Mozilla 1.0 RC2"
      RenderText {#text} at (97,11) size 3x16
        text run at (97,11) width 3: " "
      RenderInline {description} at (0,0) size 239x32
        RenderText {#text} at (100,11) size 239x32
          text run at (100,11) width 149: "I'm late for this train: Mozilla"
          text run at (10,27) width 239: "1.0 Release Candidate 2 is now available...."
      RenderText {#text} at (0,0) size 0x0
      RenderText {#text} at (0,0) size 0x0
    RenderBlock {item} at (1,898) size 264x86 [bgcolor=#FFFFFF] [border: (1px solid #CCCCCC) none (1px solid #CCCCCC) none]
      RenderInline {title} at (0,0) size 215x16
        RenderText {#text} at (10,11) size 215x16
          text run at (10,11) width 215: "javascript: is deprecated. Don't use it."
      RenderText {#text} at (0,0) size 0x0
      RenderInline {description} at (0,0) size 233x48
        RenderText {#text} at (10,27) size 233x48
          text run at (10,27) width 228: "Repeat after me: javascript: is deprecated."
          text run at (10,43) width 232: "Don't use it. javascript: is deprecated. Don't"
          text run at (10,59) width 233: "use it. javascript: is deprecated. Don't use..."
      RenderText {#text} at (0,0) size 0x0
      RenderText {#text} at (0,0) size 0x0
    RenderBlock {item} at (1,994) size 264x70 [bgcolor=#FFFFFF] [border: (1px solid #CCCCCC) none (1px solid #CCCCCC) none]
      RenderInline {title} at (0,0) size 149x16
        RenderText {#text} at (10,11) size 149x16
          text run at (10,11) width 149: "Conditional Script Loading"
      RenderText {#text} at (159,11) size 3x16
        text run at (159,11) width 3: " "
      RenderInline {description} at (0,0) size 232x48
        RenderText {#text} at (162,11) size 232x48
          text run at (162,11) width 80: "Webreference:"
          text run at (10,27) width 228: "DOM-Based Conditional Script Loading in"
          text run at (10,43) width 66: "JavaScript..."
      RenderText {#text} at (0,0) size 0x0
      RenderText {#text} at (0,0) size 0x0
    RenderBlock {item} at (1,1074) size 264x86 [bgcolor=#FFFFFF] [border: (1px solid #CCCCCC) none (1px solid #CCCCCC) none]
      RenderInline {title} at (0,0) size 99x16
        RenderText {#text} at (10,11) size 99x16
          text run at (10,11) width 99: "Stories and Tools"
      RenderText {#text} at (109,11) size 3x16
        text run at (109,11) width 3: " "
      RenderInline {description} at (0,0) size 234x64
        RenderText {#text} at (112,11) size 234x64
          text run at (112,11) width 115: "Anil Dash talks about"
          text run at (10,27) width 218: "Stories and Tools, drawing comparisons"
          text run at (10,43) width 234: "between the Web as a text medium and the"
          text run at (10,59) width 50: "Web as..."
      RenderText {#text} at (0,0) size 0x0
      RenderText {#text} at (0,0) size 0x0
    RenderBlock {item} at (1,1170) size 264x86 [bgcolor=#FFFFFF] [border: (1px solid #CCCCCC) none (1px solid #CCCCCC) none]
      RenderInline {title} at (0,0) size 141x16
        RenderText {#text} at (10,11) size 141x16
          text run at (10,11) width 141: "Whole Lotto Gecko Links"
      RenderText {#text} at (151,11) size 3x16
        text run at (151,11) width 3: " "
      RenderInline {description} at (0,0) size 238x64
        RenderText {#text} at (154,11) size 238x64
          text run at (154,11) width 62: "AOL Gecko"
          text run at (10,27) width 196: "Browser Detection Tips Establishing"
          text run at (10,43) width 238: "Dreamweaver compatibility with Netscape 6"
          text run at (10,59) width 217: "Stylesheets and MIME Types in Gecko..."
      RenderText {#text} at (0,0) size 0x0
      RenderText {#text} at (0,0) size 0x0
