layer at (0,0) size 800x600
  RenderView at (0,0) size 800x600
layer at (0,0) size 800x535
  RenderBlock {HTML} at (0,0) size 800x535
    RenderBody {BODY} at (8,8) size 784x519
      RenderBlock (anonymous) at (0,0) size 784x19
        RenderText {#text} at (0,0) size 669x19
          text run at (0,0) width 669: "The two green blocks below should be identical and should each take up half the width of the browser window."
        RenderBlock (floating) {DIV} at (392,19) size 392x500 [bgcolor=#008000] [border: (1px solid #000000)]
        RenderText {#text} at (0,0) size 0x0
layer at (8,27) size 392x500 clip at (9,28) size 390x498
  RenderBlock {DIV} at (0,19) size 392x500 [bgcolor=#008000] [border: (1px solid #000000)]
