layer at (0,0) size 784x1155
  RenderView at (0,0) size 784x584
layer at (0,0) size 784x584
  RenderBlock {HTML} at (0,0) size 784x584
    RenderBody {BODY} at (0,0) size 784x584
      RenderText {#text} at (0,0) size 336x21
        text run at (0,0) width 336: "ffffffffffffffffffffffffffffffffffffffffffffffffffffffffffffffffffffffffffffffffffff"
      RenderBR {BR} at (336,16) size 0x0
      RenderText {#text} at (0,21) size 336x21
        text run at (0,21) width 336: "ffffffffffffffffffffffffffffffffffffffffffffffffffffffffffffffffffffffffffffffffffff"
      RenderBR {BR} at (336,37) size 0x0
      RenderText {#text} at (0,42) size 336x21
        text run at (0,42) width 336: "ffffffffffffffffffffffffffffffffffffffffffffffffffffffffffffffffffffffffffffffffffff"
      RenderBR {BR} at (336,58) size 0x0
      RenderText {#text} at (0,63) size 336x21
        text run at (0,63) width 336: "ffffffffffffffffffffffffffffffffffffffffffffffffffffffffffffffffffffffffffffffffffff"
      RenderBR {BR} at (336,79) size 0x0
      RenderText {#text} at (0,84) size 336x21
        text run at (0,84) width 336: "ffffffffffffffffffffffffffffffffffffffffffffffffffffffffffffffffffffffffffffffffffff"
      RenderBR {BR} at (336,100) size 0x0
      RenderText {#text} at (0,105) size 336x21
        text run at (0,105) width 336: "ffffffffffffffffffffffffffffffffffffffffffffffffffffffffffffffffffffffffffffffffffff"
      RenderBR {BR} at (336,121) size 0x0
      RenderText {#text} at (0,126) size 336x21
        text run at (0,126) width 336: "ffffffffffffffffffffffffffffffffffffffffffffffffffffffffffffffffffffffffffffffffffff"
      RenderBR {BR} at (336,142) size 0x0
      RenderText {#text} at (0,147) size 336x21
        text run at (0,147) width 336: "ffffffffffffffffffffffffffffffffffffffffffffffffffffffffffffffffffffffffffffffffffff"
      RenderBR {BR} at (336,163) size 0x0
      RenderText {#text} at (0,168) size 336x21
        text run at (0,168) width 336: "ffffffffffffffffffffffffffffffffffffffffffffffffffffffffffffffffffffffffffffffffffff"
      RenderBR {BR} at (336,184) size 0x0
      RenderText {#text} at (0,189) size 336x21
        text run at (0,189) width 336: "ffffffffffffffffffffffffffffffffffffffffffffffffffffffffffffffffffffffffffffffffffff"
      RenderBR {BR} at (336,205) size 0x0
      RenderText {#text} at (0,210) size 336x21
        text run at (0,210) width 336: "ffffffffffffffffffffffffffffffffffffffffffffffffffffffffffffffffffffffffffffffffffff"
      RenderBR {BR} at (336,226) size 0x0
      RenderText {#text} at (0,231) size 336x21
        text run at (0,231) width 336: "ffffffffffffffffffffffffffffffffffffffffffffffffffffffffffffffffffffffffffffffffffff"
      RenderBR {BR} at (336,247) size 0x0
      RenderText {#text} at (0,252) size 336x21
        text run at (0,252) width 336: "ffffffffffffffffffffffffffffffffffffffffffffffffffffffffffffffffffffffffffffffffffff"
      RenderBR {BR} at (336,268) size 0x0
      RenderText {#text} at (0,273) size 336x21
        text run at (0,273) width 336: "ffffffffffffffffffffffffffffffffffffffffffffffffffffffffffffffffffffffffffffffffffff"
      RenderBR {BR} at (336,289) size 0x0
      RenderText {#text} at (0,294) size 336x21
        text run at (0,294) width 336: "ffffffffffffffffffffffffffffffffffffffffffffffffffffffffffffffffffffffffffffffffffff"
      RenderBR {BR} at (336,310) size 0x0
      RenderText {#text} at (0,315) size 336x21
        text run at (0,315) width 336: "ffffffffffffffffffffffffffffffffffffffffffffffffffffffffffffffffffffffffffffffffffff"
      RenderBR {BR} at (336,331) size 0x0
      RenderText {#text} at (0,336) size 336x21
        text run at (0,336) width 336: "ffffffffffffffffffffffffffffffffffffffffffffffffffffffffffffffffffffffffffffffffffff"
      RenderBR {BR} at (336,352) size 0x0
      RenderText {#text} at (0,357) size 336x21
        text run at (0,357) width 336: "ffffffffffffffffffffffffffffffffffffffffffffffffffffffffffffffffffffffffffffffffffff"
      RenderBR {BR} at (336,373) size 0x0
      RenderText {#text} at (0,378) size 336x21
        text run at (0,378) width 336: "ffffffffffffffffffffffffffffffffffffffffffffffffffffffffffffffffffffffffffffffffffff"
      RenderBR {BR} at (336,394) size 0x0
      RenderText {#text} at (0,399) size 336x21
        text run at (0,399) width 336: "ffffffffffffffffffffffffffffffffffffffffffffffffffffffffffffffffffffffffffffffffffff"
      RenderBR {BR} at (336,415) size 0x0
      RenderText {#text} at (0,420) size 336x21
        text run at (0,420) width 336: "ffffffffffffffffffffffffffffffffffffffffffffffffffffffffffffffffffffffffffffffffffff"
      RenderBR {BR} at (336,436) size 0x0
      RenderText {#text} at (0,441) size 336x21
        text run at (0,441) width 336: "ffffffffffffffffffffffffffffffffffffffffffffffffffffffffffffffffffffffffffffffffffff"
      RenderBR {BR} at (336,457) size 0x0
      RenderText {#text} at (0,462) size 336x21
        text run at (0,462) width 336: "ffffffffffffffffffffffffffffffffffffffffffffffffffffffffffffffffffffffffffffffffffff"
      RenderBR {BR} at (336,478) size 0x0
      RenderText {#text} at (0,483) size 336x21
        text run at (0,483) width 336: "ffffffffffffffffffffffffffffffffffffffffffffffffffffffffffffffffffffffffffffffffffff"
      RenderBR {BR} at (336,499) size 0x0
      RenderText {#text} at (0,504) size 336x21
        text run at (0,504) width 336: "ffffffffffffffffffffffffffffffffffffffffffffffffffffffffffffffffffffffffffffffffffff"
      RenderBR {BR} at (336,520) size 0x0
      RenderText {#text} at (0,525) size 336x21
        text run at (0,525) width 336: "ffffffffffffffffffffffffffffffffffffffffffffffffffffffffffffffffffffffffffffffffffff"
      RenderBR {BR} at (336,541) size 0x0
      RenderText {#text} at (0,546) size 336x21
        text run at (0,546) width 336: "ffffffffffffffffffffffffffffffffffffffffffffffffffffffffffffffffffffffffffffffffffff"
      RenderBR {BR} at (336,562) size 0x0
      RenderText {#text} at (0,567) size 336x21
        text run at (0,567) width 336: "ffffffffffffffffffffffffffffffffffffffffffffffffffffffffffffffffffffffffffffffffffff"
      RenderBR {BR} at (336,583) size 0x0
      RenderText {#text} at (0,588) size 336x21
        text run at (0,588) width 336: "ffffffffffffffffffffffffffffffffffffffffffffffffffffffffffffffffffffffffffffffffffff"
      RenderBR {BR} at (336,604) size 0x0
      RenderText {#text} at (0,609) size 336x21
        text run at (0,609) width 336: "ffffffffffffffffffffffffffffffffffffffffffffffffffffffffffffffffffffffffffffffffffff"
      RenderBR {BR} at (336,625) size 0x0
      RenderText {#text} at (0,630) size 336x21
        text run at (0,630) width 336: "ffffffffffffffffffffffffffffffffffffffffffffffffffffffffffffffffffffffffffffffffffff"
      RenderBR {BR} at (336,646) size 0x0
      RenderText {#text} at (0,651) size 336x21
        text run at (0,651) width 336: "ffffffffffffffffffffffffffffffffffffffffffffffffffffffffffffffffffffffffffffffffffff"
      RenderBR {BR} at (336,667) size 0x0
      RenderText {#text} at (0,672) size 336x21
        text run at (0,672) width 336: "ffffffffffffffffffffffffffffffffffffffffffffffffffffffffffffffffffffffffffffffffffff"
      RenderBR {BR} at (336,688) size 0x0
      RenderText {#text} at (0,693) size 336x21
        text run at (0,693) width 336: "ffffffffffffffffffffffffffffffffffffffffffffffffffffffffffffffffffffffffffffffffffff"
      RenderBR {BR} at (336,709) size 0x0
      RenderText {#text} at (0,714) size 336x21
        text run at (0,714) width 336: "ffffffffffffffffffffffffffffffffffffffffffffffffffffffffffffffffffffffffffffffffffff"
      RenderBR {BR} at (336,730) size 0x0
      RenderText {#text} at (0,735) size 336x21
        text run at (0,735) width 336: "ffffffffffffffffffffffffffffffffffffffffffffffffffffffffffffffffffffffffffffffffffff"
      RenderBR {BR} at (336,751) size 0x0
      RenderText {#text} at (0,756) size 336x21
        text run at (0,756) width 336: "ffffffffffffffffffffffffffffffffffffffffffffffffffffffffffffffffffffffffffffffffffff"
      RenderBR {BR} at (336,772) size 0x0
      RenderText {#text} at (0,777) size 336x21
        text run at (0,777) width 336: "ffffffffffffffffffffffffffffffffffffffffffffffffffffffffffffffffffffffffffffffffffff"
      RenderBR {BR} at (336,793) size 0x0
      RenderText {#text} at (0,798) size 336x21
        text run at (0,798) width 336: "ffffffffffffffffffffffffffffffffffffffffffffffffffffffffffffffffffffffffffffffffffff"
      RenderBR {BR} at (336,814) size 0x0
      RenderText {#text} at (0,819) size 336x21
        text run at (0,819) width 336: "ffffffffffffffffffffffffffffffffffffffffffffffffffffffffffffffffffffffffffffffffffff"
      RenderBR {BR} at (336,835) size 0x0
      RenderText {#text} at (0,840) size 336x21
        text run at (0,840) width 336: "ffffffffffffffffffffffffffffffffffffffffffffffffffffffffffffffffffffffffffffffffffff"
      RenderBR {BR} at (336,856) size 0x0
      RenderText {#text} at (0,861) size 336x21
        text run at (0,861) width 336: "ffffffffffffffffffffffffffffffffffffffffffffffffffffffffffffffffffffffffffffffffffff"
      RenderBR {BR} at (336,877) size 0x0
      RenderText {#text} at (0,882) size 336x21
        text run at (0,882) width 336: "ffffffffffffffffffffffffffffffffffffffffffffffffffffffffffffffffffffffffffffffffffff"
      RenderBR {BR} at (336,898) size 0x0
      RenderText {#text} at (0,903) size 336x21
        text run at (0,903) width 336: "ffffffffffffffffffffffffffffffffffffffffffffffffffffffffffffffffffffffffffffffffffff"
      RenderBR {BR} at (336,919) size 0x0
      RenderText {#text} at (0,924) size 336x21
        text run at (0,924) width 336: "ffffffffffffffffffffffffffffffffffffffffffffffffffffffffffffffffffffffffffffffffffff"
      RenderBR {BR} at (336,940) size 0x0
      RenderText {#text} at (0,945) size 336x21
        text run at (0,945) width 336: "ffffffffffffffffffffffffffffffffffffffffffffffffffffffffffffffffffffffffffffffffffff"
      RenderBR {BR} at (336,961) size 0x0
      RenderText {#text} at (0,966) size 336x21
        text run at (0,966) width 336: "ffffffffffffffffffffffffffffffffffffffffffffffffffffffffffffffffffffffffffffffffffff"
      RenderBR {BR} at (336,982) size 0x0
      RenderText {#text} at (0,987) size 336x21
        text run at (0,987) width 336: "ffffffffffffffffffffffffffffffffffffffffffffffffffffffffffffffffffffffffffffffffffff"
      RenderBR {BR} at (336,1003) size 0x0
      RenderText {#text} at (0,1008) size 336x21
        text run at (0,1008) width 336: "ffffffffffffffffffffffffffffffffffffffffffffffffffffffffffffffffffffffffffffffffffff"
      RenderBR {BR} at (336,1024) size 0x0
      RenderText {#text} at (0,1029) size 336x21
        text run at (0,1029) width 336: "ffffffffffffffffffffffffffffffffffffffffffffffffffffffffffffffffffffffffffffffffffff"
      RenderBR {BR} at (336,1045) size 0x0
      RenderText {#text} at (0,1050) size 336x21
        text run at (0,1050) width 336: "ffffffffffffffffffffffffffffffffffffffffffffffffffffffffffffffffffffffffffffffffffff"
      RenderBR {BR} at (336,1066) size 0x0
      RenderText {#text} at (0,1071) size 336x21
        text run at (0,1071) width 336: "ffffffffffffffffffffffffffffffffffffffffffffffffffffffffffffffffffffffffffffffffffff"
      RenderBR {BR} at (336,1087) size 0x0
      RenderText {#text} at (0,1092) size 336x21
        text run at (0,1092) width 336: "ffffffffffffffffffffffffffffffffffffffffffffffffffffffffffffffffffffffffffffffffffff"
      RenderBR {BR} at (336,1108) size 0x0
      RenderText {#text} at (0,1113) size 336x21
        text run at (0,1113) width 336: "ffffffffffffffffffffffffffffffffffffffffffffffffffffffffffffffffffffffffffffffffffff"
      RenderBR {BR} at (336,1129) size 0x0
      RenderText {#text} at (0,1134) size 336x21
        text run at (0,1134) width 336: "ffffffffffffffffffffffffffffffffffffffffffffffffffffffffffffffffffffffffffffffffffff"
      RenderBR {BR} at (336,1150) size 0x0
