layer at (0,0) size 800x600
  RenderView at (0,0) size 800x600
layer at (0,0) size 800x388
  RenderBlock {HTML} at (0,0) size 800x388
    RenderBody {BODY} at (32,32) size 736x324 [bgcolor=#CCCCCC]
layer at (143,32) size 514x146 clip at (144,33) size 496x144 scrollHeight 365
  RenderBlock {DIV} at (111,0) size 514x146 [bgcolor=#FFFFFF] [border: (1px solid #999999)]
    RenderBlock {P} at (17,17) size 464x84
      RenderText {#text} at (0,0) size 246x21
        text run at (0,0) width 246: "This page is to test the behavior of "
      RenderInline {CODE} at (0,0) size 98x17
        RenderText {#text} at (246,3) size 98x17
          text run at (246,3) width 98: "position:absolute"
      RenderText {#text} at (344,0) size 462x42
        text run at (344,0) width 118: " content which is"
        text run at (0,21) width 301: "a child of an overflowed parent object with "
      RenderInline {CODE} at (0,0) size 77x17
        RenderText {#text} at (301,24) size 77x17
          text run at (301,24) width 77: "overflow:auto"
      RenderText {#text} at (378,21) size 460x42
        text run at (378,21) width 82: ", both when"
        text run at (0,42) width 152: "the parent element is "
      RenderInline {CODE} at (0,0) size 81x17
        RenderText {#text} at (152,45) size 81x17
          text run at (152,45) width 81: "position:static"
      RenderText {#text} at (233,42) size 109x21
        text run at (233,42) width 109: " (top case) and "
      RenderInline {CODE} at (0,0) size 91x17
        RenderText {#text} at (342,45) size 91x17
          text run at (342,45) width 91: "position:relative"
      RenderText {#text} at (0,63) size 100x21
        text run at (0,63) width 100: "(bottom case)."
    RenderBlock {P} at (17,117) size 464x221 [color=#999999]
      RenderText {#text} at (0,0) size 464x221
        text run at (0,0) width 457: "Following extra content exists to ensure that the parent box overflows properly."
        text run at (0,17) width 434: "Sed ut perspiciatis unde omnis iste natus error sit voluptatem accusantium"
        text run at (0,34) width 449: "doloremque laudantium, totam rem aperiam, eaque ipsa quae ab illo inventore"
        text run at (0,51) width 426: "veritatis et quasi architecto beatae vitae dicta sunt explicabo. Nemo enim"
        text run at (0,68) width 422: "ipsam voluptatem quia voluptas sit aspernatur aut odit aut fugit, sed quia"
        text run at (0,85) width 453: "consequuntur magni dolores eos qui ratione voluptatem sequi nesciunt. Neque"
        text run at (0,102) width 464: "porro quisquam est, qui dolorem ipsum quia dolor sit amet, consectetur, adipisci"
        text run at (0,119) width 435: "velit, sed quia non numquam eius modi tempora incidunt ut labore et dolore"
        text run at (0,136) width 460: "magnam aliquam quaerat voluptatem. Ut enim ad minima veniam, quis nostrum"
        text run at (0,153) width 463: "exercitationem ullam corporis suscipit laboriosam, nisi ut aliquid ex ea commodi"
        text run at (0,170) width 441: "consequatur? Quis autem vel eum iure reprehenderit qui in ea voluptate velit"
        text run at (0,187) width 443: "esse quam nihil molestiae consequatur, vel illum qui dolorem eum fugiat quo"
        text run at (0,204) width 134: "voluptas nulla pariatur?"
layer at (0,0) size 42x37
  RenderBlock (positioned) {P} at (0,0) size 42x37 [bgcolor=#FF0000]
    RenderText {#text} at (8,8) size 26x21
      text run at (8,8) width 26: "hi 1"
layer at (143,210) size 514x146 clip at (144,211) size 496x144 scrollHeight 423
  RenderBlock (relative positioned) {DIV} at (111,178) size 514x146 [bgcolor=#FFFFFF] [border: (1px solid #999999)]
    RenderBlock {P} at (17,17) size 464x42
      RenderText {#text} at (0,0) size 442x42
        text run at (0,0) width 431: "Safari v1.2.2 incorrectly scrolls the 'hi 1' div when its parent is"
        text run at (0,21) width 442: "scrolled. If you resize the page even a little, this bug fixes itself."
    RenderBlock {P} at (17,75) size 464x84
      RenderText {#text} at (0,0) size 452x21
        text run at (0,0) width 452: "Safari v1.2.2 also (really odd) causes the entire second div to be"
      RenderInline {CODE} at (0,0) size 64x17
        RenderText {#text} at (0,24) size 64x17
          text run at (0,24) width 64: "opacity:0.5"
      RenderText {#text} at (64,21) size 450x63
        text run at (64,21) width 386: ", despite the fact that this property is only applied to the"
        text run at (0,42) width 448: "child item. This problem fixes itself if you resize the window and"
        text run at (0,63) width 128: "then scroll the div."
    RenderBlock {P} at (17,175) size 464x221 [color=#999999]
      RenderText {#text} at (0,0) size 464x221
        text run at (0,0) width 457: "Following extra content exists to ensure that the parent box overflows properly."
        text run at (0,17) width 434: "Sed ut perspiciatis unde omnis iste natus error sit voluptatem accusantium"
        text run at (0,34) width 449: "doloremque laudantium, totam rem aperiam, eaque ipsa quae ab illo inventore"
        text run at (0,51) width 426: "veritatis et quasi architecto beatae vitae dicta sunt explicabo. Nemo enim"
        text run at (0,68) width 422: "ipsam voluptatem quia voluptas sit aspernatur aut odit aut fugit, sed quia"
        text run at (0,85) width 453: "consequuntur magni dolores eos qui ratione voluptatem sequi nesciunt. Neque"
        text run at (0,102) width 464: "porro quisquam est, qui dolorem ipsum quia dolor sit amet, consectetur, adipisci"
        text run at (0,119) width 435: "velit, sed quia non numquam eius modi tempora incidunt ut labore et dolore"
        text run at (0,136) width 460: "magnam aliquam quaerat voluptatem. Ut enim ad minima veniam, quis nostrum"
        text run at (0,153) width 463: "exercitationem ullam corporis suscipit laboriosam, nisi ut aliquid ex ea commodi"
        text run at (0,170) width 441: "consequatur? Quis autem vel eum iure reprehenderit qui in ea voluptate velit"
        text run at (0,187) width 443: "esse quam nihil molestiae consequatur, vel illum qui dolorem eum fugiat quo"
        text run at (0,204) width 134: "voluptas nulla pariatur?"
layer at (144,211) size 42x37
  RenderBlock (positioned) {P} at (1,1) size 42x37 [bgcolor=#FF0000]
    RenderText {#text} at (8,8) size 26x21
      text run at (8,8) width 26: "hi 2"
