layer at (0,0) size 800x600
  RenderView at (0,0) size 800x600
layer at (0,0) size 800x8
  RenderBlock {HTML} at (0,0) size 800x8
    RenderBody {BODY} at (8,8) size 784x0
layer at (8,8) size 300x300 scrollHeight 945
  RenderBlock (positioned) {DIV} at (8,8) size 300x300
    RenderText {#text} at (0,0) size 298x945
      text run at (0,0) width 281: "Lorem ipsum dolor sit amet, consectetur"
      text run at (0,21) width 276: "adipisicing elit, sed do eiusmod tempor"
      text run at (0,42) width 254: "incididunt ut labore et dolore magna"
      text run at (0,63) width 270: "aliqua. Ut enim ad minim veniam, quis"
      text run at (0,84) width 297: "nostrud exercitation ullamco laboris nisi ut"
      text run at (0,105) width 284: "aliquip ex ea commodo consequat. Duis"
      text run at (0,126) width 240: "aute irure dolor in reprehenderit in"
      text run at (0,147) width 296: "voluptate velit esse cillum dolore eu fugiat"
      text run at (0,168) width 270: "nulla pariatur. Excepteur sint occaecat"
      text run at (0,189) width 282: "cupidatat non proident, sunt in culpa qui"
      text run at (0,210) width 297: "officia deserunt mollit anim id est laborum."
      text run at (0,231) width 281: "Lorem ipsum dolor sit amet, consectetur"
      text run at (0,252) width 276: "adipisicing elit, sed do eiusmod tempor"
      text run at (0,273) width 254: "incididunt ut labore et dolore magna"
      text run at (0,294) width 270: "aliqua. Ut enim ad minim veniam, quis"
      text run at (0,315) width 297: "nostrud exercitation ullamco laboris nisi ut"
      text run at (0,336) width 284: "aliquip ex ea commodo consequat. Duis"
      text run at (0,357) width 240: "aute irure dolor in reprehenderit in"
      text run at (0,378) width 296: "voluptate velit esse cillum dolore eu fugiat"
      text run at (0,399) width 270: "nulla pariatur. Excepteur sint occaecat"
      text run at (0,420) width 282: "cupidatat non proident, sunt in culpa qui"
      text run at (0,441) width 297: "officia deserunt mollit anim id est laborum."
      text run at (0,462) width 281: "Lorem ipsum dolor sit amet, consectetur"
      text run at (0,483) width 276: "adipisicing elit, sed do eiusmod tempor"
      text run at (0,504) width 254: "incididunt ut labore et dolore magna"
      text run at (0,525) width 270: "aliqua. Ut enim ad minim veniam, quis"
      text run at (0,546) width 297: "nostrud exercitation ullamco laboris nisi ut"
      text run at (0,567) width 284: "aliquip ex ea commodo consequat. Duis"
      text run at (0,588) width 240: "aute irure dolor in reprehenderit in"
      text run at (0,609) width 296: "voluptate velit esse cillum dolore eu fugiat"
      text run at (0,630) width 270: "nulla pariatur. Excepteur sint occaecat"
      text run at (0,651) width 282: "cupidatat non proident, sunt in culpa qui"
      text run at (0,672) width 231: "officia deserunt mollit anim id est"
      text run at (0,693) width 257: "laborum.Lorem ipsum dolor sit amet,"
      text run at (0,714) width 244: "consectetur adipisicing elit, sed do"
      text run at (0,735) width 270: "eiusmod tempor incididunt ut labore et"
      text run at (0,756) width 278: "dolore magna aliqua. Ut enim ad minim"
      text run at (0,777) width 293: "veniam, quis nostrud exercitation ullamco"
      text run at (0,798) width 263: "laboris nisi ut aliquip ex ea commodo"
      text run at (0,819) width 243: "consequat. Duis aute irure dolor in"
      text run at (0,840) width 298: "reprehenderit in voluptate velit esse cillum"
      text run at (0,861) width 287: "dolore eu fugiat nulla pariatur. Excepteur"
      text run at (0,882) width 293: "sint occaecat cupidatat non proident, sunt"
      text run at (0,903) width 292: "in culpa qui officia deserunt mollit anim id"
      text run at (0,924) width 87: "est laborum."
