layer at (0,0) size 785x604
  RenderView at (0,0) size 785x600
layer at (0,0) size 785x604
  RenderBlock {HTML} at (0,0) size 785x604
    RenderBody {BODY} at (8,8) size 769x588
      RenderBlock (anonymous) at (0,0) size 769x38
        RenderText {#text} at (0,0) size 760x38
          text run at (0,0) width 760: "Make sure that overflow:auto/hidden/scroll blocks interleave their background and foreground with other overlapping blocks in"
          text run at (0,19) width 97: "the normal flow."
      RenderBlock {DIV} at (0,288) size 300x300 [bgcolor=#FFFF00]
        RenderText {#text} at (0,0) size 171x109
          text run at (0,0) width 166: "This text"
          text run at (0,55) width 171: "overlaps."
layer at (8,46) size 300x300 clip at (8,46) size 285x300 scrollHeight 893
  RenderBlock {DIV} at (0,38) size 300x300 [bgcolor=#00FF00]
    RenderText {#text} at (0,0) size 71x19
      text run at (0,0) width 71: "Hello world"
    RenderBR {BR} at (71,15) size 0x0
    RenderText {#text} at (0,19) size 71x19
      text run at (0,19) width 71: "Hello world"
    RenderBR {BR} at (71,34) size 0x0
    RenderText {#text} at (0,38) size 71x19
      text run at (0,38) width 71: "Hello world"
    RenderBR {BR} at (71,53) size 0x0
    RenderText {#text} at (0,57) size 71x19
      text run at (0,57) width 71: "Hello world"
    RenderBR {BR} at (71,72) size 0x0
    RenderText {#text} at (0,76) size 71x19
      text run at (0,76) width 71: "Hello world"
    RenderBR {BR} at (71,91) size 0x0
    RenderText {#text} at (0,95) size 71x19
      text run at (0,95) width 71: "Hello world"
    RenderBR {BR} at (71,110) size 0x0
    RenderText {#text} at (0,114) size 71x19
      text run at (0,114) width 71: "Hello world"
    RenderBR {BR} at (71,129) size 0x0
    RenderText {#text} at (0,133) size 71x19
      text run at (0,133) width 71: "Hello world"
    RenderBR {BR} at (71,148) size 0x0
    RenderText {#text} at (0,152) size 71x19
      text run at (0,152) width 71: "Hello world"
    RenderBR {BR} at (71,167) size 0x0
    RenderText {#text} at (0,171) size 71x19
      text run at (0,171) width 71: "Hello world"
    RenderBR {BR} at (71,186) size 0x0
    RenderText {#text} at (0,190) size 71x19
      text run at (0,190) width 71: "Hello world"
    RenderBR {BR} at (71,205) size 0x0
    RenderText {#text} at (0,209) size 71x19
      text run at (0,209) width 71: "Hello world"
    RenderBR {BR} at (71,224) size 0x0
    RenderText {#text} at (0,228) size 71x19
      text run at (0,228) width 71: "Hello world"
    RenderBR {BR} at (71,243) size 0x0
    RenderText {#text} at (0,247) size 71x19
      text run at (0,247) width 71: "Hello world"
    RenderBR {BR} at (71,262) size 0x0
    RenderText {#text} at (0,266) size 71x19
      text run at (0,266) width 71: "Hello world"
    RenderBR {BR} at (71,281) size 0x0
    RenderText {#text} at (0,285) size 71x19
      text run at (0,285) width 71: "Hello world"
    RenderBR {BR} at (71,300) size 0x0
    RenderText {#text} at (0,304) size 71x19
      text run at (0,304) width 71: "Hello world"
    RenderBR {BR} at (71,319) size 0x0
    RenderText {#text} at (0,323) size 71x19
      text run at (0,323) width 71: "Hello world"
    RenderBR {BR} at (71,338) size 0x0
    RenderText {#text} at (0,342) size 71x19
      text run at (0,342) width 71: "Hello world"
    RenderBR {BR} at (71,357) size 0x0
    RenderText {#text} at (0,361) size 71x19
      text run at (0,361) width 71: "Hello world"
    RenderBR {BR} at (71,376) size 0x0
    RenderText {#text} at (0,380) size 71x19
      text run at (0,380) width 71: "Hello world"
    RenderBR {BR} at (71,395) size 0x0
    RenderText {#text} at (0,399) size 71x19
      text run at (0,399) width 71: "Hello world"
    RenderBR {BR} at (71,414) size 0x0
    RenderText {#text} at (0,418) size 71x19
      text run at (0,418) width 71: "Hello world"
    RenderBR {BR} at (71,433) size 0x0
    RenderText {#text} at (0,437) size 71x19
      text run at (0,437) width 71: "Hello world"
    RenderBR {BR} at (71,452) size 0x0
    RenderText {#text} at (0,456) size 71x19
      text run at (0,456) width 71: "Hello world"
    RenderBR {BR} at (71,471) size 0x0
    RenderText {#text} at (0,475) size 71x19
      text run at (0,475) width 71: "Hello world"
    RenderBR {BR} at (71,490) size 0x0
    RenderText {#text} at (0,494) size 71x19
      text run at (0,494) width 71: "Hello world"
    RenderBR {BR} at (71,509) size 0x0
    RenderText {#text} at (0,513) size 71x19
      text run at (0,513) width 71: "Hello world"
    RenderBR {BR} at (71,528) size 0x0
    RenderText {#text} at (0,532) size 71x19
      text run at (0,532) width 71: "Hello world"
    RenderBR {BR} at (71,547) size 0x0
    RenderText {#text} at (0,551) size 71x19
      text run at (0,551) width 71: "Hello world"
    RenderBR {BR} at (71,566) size 0x0
    RenderText {#text} at (0,570) size 71x19
      text run at (0,570) width 71: "Hello world"
    RenderBR {BR} at (71,585) size 0x0
    RenderText {#text} at (0,589) size 71x19
      text run at (0,589) width 71: "Hello world"
    RenderBR {BR} at (71,604) size 0x0
    RenderText {#text} at (0,608) size 71x19
      text run at (0,608) width 71: "Hello world"
    RenderBR {BR} at (71,623) size 0x0
    RenderText {#text} at (0,627) size 71x19
      text run at (0,627) width 71: "Hello world"
    RenderBR {BR} at (71,642) size 0x0
    RenderText {#text} at (0,646) size 71x19
      text run at (0,646) width 71: "Hello world"
    RenderBR {BR} at (71,661) size 0x0
    RenderText {#text} at (0,665) size 71x19
      text run at (0,665) width 71: "Hello world"
    RenderBR {BR} at (71,680) size 0x0
    RenderText {#text} at (0,684) size 71x19
      text run at (0,684) width 71: "Hello world"
    RenderBR {BR} at (71,699) size 0x0
    RenderText {#text} at (0,703) size 71x19
      text run at (0,703) width 71: "Hello world"
    RenderBR {BR} at (71,718) size 0x0
    RenderText {#text} at (0,722) size 71x19
      text run at (0,722) width 71: "Hello world"
    RenderBR {BR} at (71,737) size 0x0
    RenderText {#text} at (0,741) size 71x19
      text run at (0,741) width 71: "Hello world"
    RenderBR {BR} at (71,756) size 0x0
    RenderText {#text} at (0,760) size 71x19
      text run at (0,760) width 71: "Hello world"
    RenderBR {BR} at (71,775) size 0x0
    RenderText {#text} at (0,779) size 71x19
      text run at (0,779) width 71: "Hello world"
    RenderBR {BR} at (71,794) size 0x0
    RenderText {#text} at (0,798) size 71x19
      text run at (0,798) width 71: "Hello world"
    RenderBR {BR} at (71,813) size 0x0
    RenderText {#text} at (0,817) size 71x19
      text run at (0,817) width 71: "Hello world"
    RenderBR {BR} at (71,832) size 0x0
    RenderText {#text} at (0,836) size 71x19
      text run at (0,836) width 71: "Hello world"
    RenderBR {BR} at (71,851) size 0x0
    RenderText {#text} at (0,855) size 71x19
      text run at (0,855) width 71: "Hello world"
    RenderBR {BR} at (71,870) size 0x0
    RenderText {#text} at (0,874) size 71x19
      text run at (0,874) width 71: "Hello world"
    RenderBR {BR} at (71,889) size 0x0
