layer at (0,0) size 4996x584
  RenderView at (0,0) size 800x584
layer at (0,0) size 800x173
  RenderBlock {HTML} at (0,0) size 800x173
    RenderBody {BODY} at (8,16) size 784x149
      RenderBlock {P} at (0,0) size 784x63
        RenderText {#text} at (0,0) size 776x63
          text run at (0,0) width 776: "This tests the interaction of overflow on some very wide text with auto table layout. The CSS 2.1 spec does not"
          text run at (0,21) width 775: "define how overflow interacts with intrinsic width, so we copy the IE behavior. Therefore the lines should come"
          text run at (0,42) width 358: "out very very wide and scroll along with the border."
      RenderTable {TABLE} at (0,79) size 4988x70 [border: (1px solid #FF0000)]
        RenderTableSection {TBODY} at (1,1) size 4986x68
          RenderTableRow {TR} at (0,2) size 4986x64
            RenderTableCell {TD} at (2,2) size 4982x64 [r=0 c=0 rs=1 cs=1]
layer at (12,112) size 4980x36 clip at (13,113) size 4978x34
  RenderBlock {PRE} at (1,14) size 4980x36 [border: (1px solid #0000FF)]
    RenderText {#text} at (1,1) size 4978x34
      text run at (1,1) width 2096: "this is a very long line this is a very long line this is a very long line this is a very long line this is a very long line this is a very long line this is a very long line this is a very long line this is a very long line this is a very long line this is a very long line this is a very long line this is a very long line this is a very long line this is a very long line this is a very long line "
      text run at (2097,1) width 0: " "
      text run at (1,18) width 4978: "this is a very long line this is a very long line this is a very long line this is a very long line this is a very long line this is a very long line this is a very long line this is a very long line this is a very long line this is a very long line this is a very long line this is a very long line this is a very long line this is a very long line this is a very long line this is a very long line this is a very long line this is a very long line this is a very long line this is a very long line this is a very long line this is a very long line this is a very long line this is a very long line this is a very long line this is a very long line this is a very long line this is a very long line this is a very long line this is a very long line this is a very long line this is a very long line this is a very long line this is a very long line this is a very long line this is a very long line this is a very long line this is a very long line "
      text run at (4979,18) width 0: " "
