layer at (0,0) size 800x600
  RenderView at (0,0) size 800x600
layer at (0,0) size 800x600
  RenderBlock {HTML} at (0,0) size 800x600
    RenderBody {BODY} at (8,8) size 784x584
      RenderBlock (anonymous) at (0,0) size 784x21
        RenderText {#text} at (0,0) size 555x21
          text run at (0,0) width 555: "The focus ring of the following div should not extend beyond the size of the div."
layer at (8,29) size 500x400 scrollWidth 501 scrollHeight 756
  RenderBlock {DIV} at (0,21) size 500x400
    RenderText {#text} at (0,0) size 500x756
      text run at (0,0) width 500: "............................................................................................................................."
      text run at (0,21) width 500: "............................................................................................................................."
      text run at (0,42) width 500: "............................................................................................................................."
      text run at (0,63) width 500: "............................................................................................................................."
      text run at (0,84) width 500: "............................................................................................................................."
      text run at (0,105) width 500: "............................................................................................................................."
      text run at (0,126) width 500: "............................................................................................................................."
      text run at (0,147) width 500: "............................................................................................................................."
      text run at (0,168) width 500: "............................................................................................................................."
      text run at (0,189) width 500: "............................................................................................................................."
      text run at (0,210) width 500: "............................................................................................................................."
      text run at (0,231) width 500: "............................................................................................................................."
      text run at (0,252) width 500: "............................................................................................................................."
      text run at (0,273) width 500: "............................................................................................................................."
      text run at (0,294) width 500: "............................................................................................................................."
      text run at (0,315) width 500: "............................................................................................................................."
      text run at (0,336) width 500: "............................................................................................................................."
      text run at (0,357) width 500: "............................................................................................................................."
      text run at (0,378) width 500: "............................................................................................................................."
      text run at (0,399) width 500: "............................................................................................................................."
      text run at (0,420) width 500: "............................................................................................................................."
      text run at (0,441) width 500: "............................................................................................................................."
      text run at (0,462) width 500: "............................................................................................................................."
      text run at (0,483) width 500: "............................................................................................................................."
      text run at (0,504) width 500: "............................................................................................................................."
      text run at (0,525) width 500: "............................................................................................................................."
      text run at (0,546) width 500: "............................................................................................................................."
      text run at (0,567) width 500: "............................................................................................................................."
      text run at (0,588) width 500: "............................................................................................................................."
      text run at (0,609) width 500: "............................................................................................................................."
      text run at (0,630) width 500: "............................................................................................................................."
      text run at (0,651) width 500: "............................................................................................................................."
      text run at (0,672) width 500: "............................................................................................................................."
      text run at (0,693) width 500: "............................................................................................................................."
      text run at (0,714) width 500: "............................................................................................................................."
      text run at (0,735) width 212: "....................................................."
caret: position 0 of child 0 {#text} of child 1 {DIV} of body
