layer at (0,0) size 1700x585
  RenderView at (0,0) size 800x585
layer at (0,0) size 800x1068 backgroundClip at (0,0) size 1700x585 clip at (0,0) size 1700x585 outlineClip at (0,0) size 1700x585
  RenderBlock {HTML} at (0,0) size 800x1068
    RenderBody {BODY} at (8,8) size 784x1052
      RenderText {#text} at (0,0) size 784x1052
        text run at (0,0) width 747: "Lorem ipsum dolor sit amet, consectetur adipiscing elit. Maecenas lacinia massa in lectus pretium vulputate. Curabitur viverra"
        text run at (0,19) width 770: "augue in leo faucibus congue. Vestibulum ligula neque, commodo eget blandit sit amet, facilisis vitae mi. Vivamus pretium lorem a"
        text run at (0,38) width 772: "quam imperdiet in placerat purus sagittis. Aliquam ut dui nibh. Cras faucibus imperdiet pellentesque. Curabitur vel tortor quam, ut"
        text run at (0,57) width 763: "pharetra eros. Mauris euismod, justo in mattis ultricies, risus velit pretium ligula, eu sodales libero dolor et massa. Phasellus eros"
        text run at (0,76) width 757: "quam, faucibus sed consectetur et, elementum ut erat. Morbi fringilla, lorem non fermentum vulputate, quam metus ullamcorper"
        text run at (0,95) width 779: "quam, eu porttitor diam metus eget augue. Donec non lorem et arcu adipiscing suscipit. Donec porta euismod magna a fermentum."
        text run at (0,114) width 770: "Suspendisse vestibulum rhoncus bibendum. Nam in nisi eget nulla vestibulum rutrum. Aenean eu libero turpis. Lorem ipsum dolor"
        text run at (0,133) width 756: "sit amet, consectetur adipiscing elit. Maecenas lacinia massa in lectus pretium vulputate. Curabitur viverra augue in leo faucibus"
        text run at (0,152) width 753: "congue. Vestibulum ligula neque, commodo eget blandit sit amet, facilisis vitae mi. Vivamus pretium lorem a quam imperdiet in"
        text run at (0,171) width 749: "placerat purus sagittis. Aliquam ut dui nibh. Cras faucibus imperdiet pellentesque. Curabitur vel tortor quam, ut pharetra eros."
        text run at (0,190) width 769: "Mauris euismod, justo in mattis ultricies, risus velit pretium ligula, eu sodales libero dolor et massa. Phasellus eros quam, faucibus"
        text run at (0,209) width 775: "sed consectetur et, elementum ut erat. Morbi fringilla, lorem non fermentum vulputate, quam metus ullamcorper quam, eu porttitor"
        text run at (0,228) width 745: "diam metus eget augue. Donec non lorem et arcu adipiscing suscipit. Donec porta euismod magna a fermentum. Suspendisse"
        text run at (0,247) width 746: "vestibulum rhoncus bibendum. Nam in nisi eget nulla vestibulum rutrum. Aenean eu libero turpis. Lorem ipsum dolor sit amet,"
        text run at (0,266) width 753: "consectetur adipiscing elit. Maecenas lacinia massa in lectus pretium vulputate. Curabitur viverra augue in leo faucibus congue."
        text run at (0,285) width 754: "Vestibulum ligula neque, commodo eget blandit sit amet, facilisis vitae mi. Vivamus pretium lorem a quam imperdiet in placerat"
        text run at (0,304) width 743: "purus sagittis. Aliquam ut dui nibh. Cras faucibus imperdiet pellentesque. Curabitur vel tortor quam, ut pharetra eros. Mauris"
        text run at (0,323) width 748: "euismod, justo in mattis ultricies, risus velit pretium ligula, eu sodales libero dolor et massa. Phasellus eros quam, faucibus sed"
        text run at (0,342) width 783: "consectetur et, elementum ut erat. Morbi fringilla, lorem non fermentum vulputate, quam metus ullamcorper quam, eu porttitor diam"
        text run at (0,361) width 779: "metus eget augue. Donec non lorem et arcu adipiscing suscipit. Donec porta euismod magna a fermentum. Suspendisse vestibulum"
        text run at (0,380) width 752: "rhoncus bibendum. Nam in nisi eget nulla vestibulum rutrum. Aenean eu libero turpis. Lorem ipsum dolor sit amet, consectetur"
        text run at (0,399) width 751: "adipiscing elit. Maecenas lacinia massa in lectus pretium vulputate. Curabitur viverra augue in leo faucibus congue. Vestibulum"
        text run at (0,418) width 768: "ligula neque, commodo eget blandit sit amet, facilisis vitae mi. Vivamus pretium lorem a quam imperdiet in placerat purus sagittis."
        text run at (0,437) width 763: "Aliquam ut dui nibh. Cras faucibus imperdiet pellentesque. Curabitur vel tortor quam, ut pharetra eros. Mauris euismod, justo in"
        text run at (0,456) width 735: "mattis ultricies, risus velit pretium ligula, eu sodales libero dolor et massa. Phasellus eros quam, faucibus sed consectetur et,"
        text run at (0,475) width 759: "elementum ut erat. Morbi fringilla, lorem non fermentum vulputate, quam metus ullamcorper quam, eu porttitor diam metus eget"
        text run at (0,494) width 762: "augue. Donec non lorem et arcu adipiscing suscipit. Donec porta euismod magna a fermentum. Suspendisse vestibulum rhoncus"
        text run at (0,513) width 764: "bibendum. Nam in nisi eget nulla vestibulum rutrum. Aenean eu libero turpis. Lorem ipsum dolor sit amet, consectetur adipiscing"
        text run at (0,532) width 766: "elit. Maecenas lacinia massa in lectus pretium vulputate. Curabitur viverra augue in leo faucibus congue. Vestibulum ligula neque,"
        text run at (0,551) width 781: "commodo eget blandit sit amet, facilisis vitae mi. Vivamus pretium lorem a quam imperdiet in placerat purus sagittis. Aliquam ut dui"
        text run at (0,577) width 764: "nibh. Cras faucibus imperdiet pellentesque. Curabitur vel tortor quam, ut pharetra eros. Mauris euismod, justo in mattis ultricies,"
        text run at (0,596) width 757: "risus velit pretium ligula, eu sodales libero dolor et massa. Phasellus eros quam, faucibus sed consectetur et, elementum ut erat."
        text run at (0,615) width 758: "Morbi fringilla, lorem non fermentum vulputate, quam metus ullamcorper quam, eu porttitor diam metus eget augue. Donec non"
        text run at (0,634) width 764: "lorem et arcu adipiscing suscipit. Donec porta euismod magna a fermentum. Suspendisse vestibulum rhoncus bibendum. Nam in"
        text run at (0,653) width 781: "nisi eget nulla vestibulum rutrum. Aenean eu libero turpis. Lorem ipsum dolor sit amet, consectetur adipiscing elit. Maecenas lacinia"
        text run at (0,672) width 772: "massa in lectus pretium vulputate. Curabitur viverra augue in leo faucibus congue. Vestibulum ligula neque, commodo eget blandit"
        text run at (0,691) width 762: "sit amet, facilisis vitae mi. Vivamus pretium lorem a quam imperdiet in placerat purus sagittis. Aliquam ut dui nibh. Cras faucibus"
        text run at (0,710) width 753: "imperdiet pellentesque. Curabitur vel tortor quam, ut pharetra eros. Mauris euismod, justo in mattis ultricies, risus velit pretium"
        text run at (0,729) width 779: "ligula, eu sodales libero dolor et massa. Phasellus eros quam, faucibus sed consectetur et, elementum ut erat. Morbi fringilla, lorem"
        text run at (0,748) width 774: "non fermentum vulputate, quam metus ullamcorper quam, eu porttitor diam metus eget augue. Donec non lorem et arcu adipiscing"
        text run at (0,767) width 768: "suscipit. Donec porta euismod magna a fermentum. Suspendisse vestibulum rhoncus bibendum. Nam in nisi eget nulla vestibulum"
        text run at (0,786) width 773: "rutrum. Aenean eu libero turpis. Lorem ipsum dolor sit amet, consectetur adipiscing elit. Maecenas lacinia massa in lectus pretium"
        text run at (0,805) width 784: "vulputate. Curabitur viverra augue in leo faucibus congue. Vestibulum ligula neque, commodo eget blandit sit amet, facilisis vitae mi."
        text run at (0,824) width 750: "Vivamus pretium lorem a quam imperdiet in placerat purus sagittis. Aliquam ut dui nibh. Cras faucibus imperdiet pellentesque."
        text run at (0,843) width 754: "Curabitur vel tortor quam, ut pharetra eros. Mauris euismod, justo in mattis ultricies, risus velit pretium ligula, eu sodales libero"
        text run at (0,862) width 729: "dolor et massa. Phasellus eros quam, faucibus sed consectetur et, elementum ut erat. Morbi fringilla, lorem non fermentum"
        text run at (0,881) width 777: "vulputate, quam metus ullamcorper quam, eu porttitor diam metus eget augue. Donec non lorem et arcu adipiscing suscipit. Donec"
        text run at (0,900) width 769: "porta euismod magna a fermentum. Suspendisse vestibulum rhoncus bibendum. Nam in nisi eget nulla vestibulum rutrum. Aenean"
        text run at (0,919) width 738: "eu libero turpis. Lorem ipsum dolor sit amet, consectetur adipiscing elit. Maecenas lacinia massa in lectus pretium vulputate."
        text run at (0,938) width 778: "Curabitur viverra augue in leo faucibus congue. Vestibulum ligula neque, commodo eget blandit sit amet, facilisis vitae mi. Vivamus"
        text run at (0,957) width 776: "pretium lorem a quam imperdiet in placerat purus sagittis. Aliquam ut dui nibh. Cras faucibus imperdiet pellentesque. Curabitur vel"
        text run at (0,976) width 768: "tortor quam, ut pharetra eros. Mauris euismod, justo in mattis ultricies, risus velit pretium ligula, eu sodales libero dolor et massa."
        text run at (0,995) width 771: "Phasellus eros quam, faucibus sed consectetur et, elementum ut erat. Morbi fringilla, lorem non fermentum vulputate, quam metus"
        text run at (0,1014) width 783: "ullamcorper quam, eu porttitor diam metus eget augue. Donec non lorem et arcu adipiscing suscipit. Donec porta euismod magna a"
        text run at (0,1033) width 722: "fermentum. Suspendisse vestibulum rhoncus bibendum. Nam in nisi eget nulla vestibulum rutrum. Aenean eu libero turpis."
scrolled to 400,0
