layer at (0,0) size 800x600
  RenderView at (0,0) size 800x600
layer at (0,0) size 800x600
  RenderBlock {HTML} at (0,0) size 800x600
    RenderBody {BODY} at (8,8) size 784x584
layer at (8,8) size 404x404 clip at (10,10) size 400x400 scrollHeight 2480
  RenderBlock {DIV} at (0,0) size 404x404 [border: (2px solid #000000)]
    RenderText {#text} at (2,2) size 400x2133
      text run at (2,2) width 396: "Lorem ipsum dolor sit amet, consectetur adipiscing elit. Maecenas"
      text run at (2,21) width 400: "lacinia massa in lectus pretium vulputate. Curabitur viverra augue in"
      text run at (2,40) width 365: "leo faucibus congue. Vestibulum ligula neque, commodo eget"
      text run at (2,59) width 385: "blandit sit amet, facilisis vitae mi. Vivamus pretium lorem a quam"
      text run at (2,78) width 364: "imperdiet in placerat purus sagittis. Aliquam ut dui nibh. Cras"
      text run at (2,97) width 367: "faucibus imperdiet pellentesque. Curabitur vel tortor quam, ut"
      text run at (2,116) width 386: "pharetra eros. Mauris euismod, justo in mattis ultricies, risus velit"
      text run at (2,135) width 373: "pretium ligula, eu sodales libero dolor et massa. Phasellus eros"
      text run at (2,154) width 363: "quam, faucibus sed consectetur et, elementum ut erat. Morbi"
      text run at (2,173) width 390: "fringilla, lorem non fermentum vulputate, quam metus ullamcorper"
      text run at (2,192) width 375: "quam, eu porttitor diam metus eget augue. Donec non lorem et"
      text run at (2,211) width 400: "arcu adipiscing suscipit. Donec porta euismod magna a fermentum."
      text run at (2,230) width 390: "Suspendisse vestibulum rhoncus bibendum. Nam in nisi eget nulla"
      text run at (2,249) width 393: "vestibulum rutrum. Aenean eu libero turpis. Lorem ipsum dolor sit"
      text run at (2,268) width 394: "amet, consectetur adipiscing elit. Maecenas lacinia massa in lectus"
      text run at (2,287) width 392: "pretium vulputate. Curabitur viverra augue in leo faucibus congue."
      text run at (2,306) width 383: "Vestibulum ligula neque, commodo eget blandit sit amet, facilisis"
      text run at (2,325) width 367: "vitae mi. Vivamus pretium lorem a quam imperdiet in placerat"
      text run at (2,344) width 351: "purus sagittis. Aliquam ut dui nibh. Cras faucibus imperdiet"
      text run at (2,363) width 388: "pellentesque. Curabitur vel tortor quam, ut pharetra eros. Mauris"
      text run at (2,382) width 357: "euismod, justo in mattis ultricies, risus velit pretium ligula, eu"
      text run at (2,402) width 387: "sodales libero dolor et massa. Phasellus eros quam, faucibus sed"
      text run at (2,421) width 358: "consectetur et, elementum ut erat. Morbi fringilla, lorem non"
      text run at (2,440) width 388: "fermentum vulputate, quam metus ullamcorper quam, eu porttitor"
      text run at (2,459) width 356: "diam metus eget augue. Donec non lorem et arcu adipiscing"
      text run at (2,478) width 385: "suscipit. Donec porta euismod magna a fermentum. Suspendisse"
      text run at (2,497) width 379: "vestibulum rhoncus bibendum. Nam in nisi eget nulla vestibulum"
      text run at (2,516) width 363: "rutrum. Aenean eu libero turpis. Lorem ipsum dolor sit amet,"
      text run at (2,535) width 357: "consectetur adipiscing elit. Maecenas lacinia massa in lectus"
      text run at (2,554) width 392: "pretium vulputate. Curabitur viverra augue in leo faucibus congue."
      text run at (2,573) width 383: "Vestibulum ligula neque, commodo eget blandit sit amet, facilisis"
      text run at (2,592) width 367: "vitae mi. Vivamus pretium lorem a quam imperdiet in placerat"
      text run at (2,611) width 351: "purus sagittis. Aliquam ut dui nibh. Cras faucibus imperdiet"
      text run at (2,630) width 388: "pellentesque. Curabitur vel tortor quam, ut pharetra eros. Mauris"
      text run at (2,649) width 357: "euismod, justo in mattis ultricies, risus velit pretium ligula, eu"
      text run at (2,668) width 387: "sodales libero dolor et massa. Phasellus eros quam, faucibus sed"
      text run at (2,687) width 358: "consectetur et, elementum ut erat. Morbi fringilla, lorem non"
      text run at (2,706) width 388: "fermentum vulputate, quam metus ullamcorper quam, eu porttitor"
      text run at (2,725) width 356: "diam metus eget augue. Donec non lorem et arcu adipiscing"
      text run at (2,744) width 385: "suscipit. Donec porta euismod magna a fermentum. Suspendisse"
      text run at (2,763) width 379: "vestibulum rhoncus bibendum. Nam in nisi eget nulla vestibulum"
      text run at (2,782) width 363: "rutrum. Aenean eu libero turpis. Lorem ipsum dolor sit amet,"
      text run at (2,802) width 357: "consectetur adipiscing elit. Maecenas lacinia massa in lectus"
      text run at (2,821) width 392: "pretium vulputate. Curabitur viverra augue in leo faucibus congue."
      text run at (2,840) width 383: "Vestibulum ligula neque, commodo eget blandit sit amet, facilisis"
      text run at (2,859) width 367: "vitae mi. Vivamus pretium lorem a quam imperdiet in placerat"
      text run at (2,878) width 351: "purus sagittis. Aliquam ut dui nibh. Cras faucibus imperdiet"
      text run at (2,897) width 388: "pellentesque. Curabitur vel tortor quam, ut pharetra eros. Mauris"
      text run at (2,916) width 357: "euismod, justo in mattis ultricies, risus velit pretium ligula, eu"
      text run at (2,935) width 387: "sodales libero dolor et massa. Phasellus eros quam, faucibus sed"
      text run at (2,954) width 358: "consectetur et, elementum ut erat. Morbi fringilla, lorem non"
      text run at (2,973) width 388: "fermentum vulputate, quam metus ullamcorper quam, eu porttitor"
      text run at (2,992) width 356: "diam metus eget augue. Donec non lorem et arcu adipiscing"
      text run at (2,1011) width 385: "suscipit. Donec porta euismod magna a fermentum. Suspendisse"
      text run at (2,1030) width 379: "vestibulum rhoncus bibendum. Nam in nisi eget nulla vestibulum"
      text run at (2,1049) width 363: "rutrum. Aenean eu libero turpis. Lorem ipsum dolor sit amet,"
      text run at (2,1068) width 357: "consectetur adipiscing elit. Maecenas lacinia massa in lectus"
      text run at (2,1087) width 392: "pretium vulputate. Curabitur viverra augue in leo faucibus congue."
      text run at (2,1106) width 383: "Vestibulum ligula neque, commodo eget blandit sit amet, facilisis"
      text run at (2,1125) width 367: "vitae mi. Vivamus pretium lorem a quam imperdiet in placerat"
      text run at (2,1144) width 351: "purus sagittis. Aliquam ut dui nibh. Cras faucibus imperdiet"
      text run at (2,1163) width 388: "pellentesque. Curabitur vel tortor quam, ut pharetra eros. Mauris"
      text run at (2,1182) width 357: "euismod, justo in mattis ultricies, risus velit pretium ligula, eu"
      text run at (2,1202) width 387: "sodales libero dolor et massa. Phasellus eros quam, faucibus sed"
      text run at (2,1221) width 358: "consectetur et, elementum ut erat. Morbi fringilla, lorem non"
      text run at (2,1240) width 388: "fermentum vulputate, quam metus ullamcorper quam, eu porttitor"
      text run at (2,1259) width 356: "diam metus eget augue. Donec non lorem et arcu adipiscing"
      text run at (2,1278) width 385: "suscipit. Donec porta euismod magna a fermentum. Suspendisse"
      text run at (2,1297) width 379: "vestibulum rhoncus bibendum. Nam in nisi eget nulla vestibulum"
      text run at (2,1316) width 363: "rutrum. Aenean eu libero turpis. Lorem ipsum dolor sit amet,"
      text run at (2,1335) width 357: "consectetur adipiscing elit. Maecenas lacinia massa in lectus"
      text run at (2,1354) width 392: "pretium vulputate. Curabitur viverra augue in leo faucibus congue."
      text run at (2,1373) width 383: "Vestibulum ligula neque, commodo eget blandit sit amet, facilisis"
      text run at (2,1392) width 367: "vitae mi. Vivamus pretium lorem a quam imperdiet in placerat"
      text run at (2,1411) width 351: "purus sagittis. Aliquam ut dui nibh. Cras faucibus imperdiet"
      text run at (2,1430) width 388: "pellentesque. Curabitur vel tortor quam, ut pharetra eros. Mauris"
      text run at (2,1449) width 357: "euismod, justo in mattis ultricies, risus velit pretium ligula, eu"
      text run at (2,1468) width 387: "sodales libero dolor et massa. Phasellus eros quam, faucibus sed"
      text run at (2,1487) width 358: "consectetur et, elementum ut erat. Morbi fringilla, lorem non"
      text run at (2,1506) width 388: "fermentum vulputate, quam metus ullamcorper quam, eu porttitor"
      text run at (2,1525) width 356: "diam metus eget augue. Donec non lorem et arcu adipiscing"
      text run at (2,1544) width 385: "suscipit. Donec porta euismod magna a fermentum. Suspendisse"
      text run at (2,1563) width 379: "vestibulum rhoncus bibendum. Nam in nisi eget nulla vestibulum"
      text run at (2,1582) width 363: "rutrum. Aenean eu libero turpis. Lorem ipsum dolor sit amet,"
      text run at (2,1602) width 357: "consectetur adipiscing elit. Maecenas lacinia massa in lectus"
      text run at (2,1621) width 392: "pretium vulputate. Curabitur viverra augue in leo faucibus congue."
      text run at (2,1640) width 383: "Vestibulum ligula neque, commodo eget blandit sit amet, facilisis"
      text run at (2,1659) width 367: "vitae mi. Vivamus pretium lorem a quam imperdiet in placerat"
      text run at (2,1678) width 351: "purus sagittis. Aliquam ut dui nibh. Cras faucibus imperdiet"
      text run at (2,1697) width 388: "pellentesque. Curabitur vel tortor quam, ut pharetra eros. Mauris"
      text run at (2,1716) width 357: "euismod, justo in mattis ultricies, risus velit pretium ligula, eu"
      text run at (2,1735) width 387: "sodales libero dolor et massa. Phasellus eros quam, faucibus sed"
      text run at (2,1754) width 358: "consectetur et, elementum ut erat. Morbi fringilla, lorem non"
      text run at (2,1773) width 388: "fermentum vulputate, quam metus ullamcorper quam, eu porttitor"
      text run at (2,1792) width 356: "diam metus eget augue. Donec non lorem et arcu adipiscing"
      text run at (2,1811) width 385: "suscipit. Donec porta euismod magna a fermentum. Suspendisse"
      text run at (2,1830) width 379: "vestibulum rhoncus bibendum. Nam in nisi eget nulla vestibulum"
      text run at (2,1849) width 363: "rutrum. Aenean eu libero turpis. Lorem ipsum dolor sit amet,"
      text run at (2,1868) width 357: "consectetur adipiscing elit. Maecenas lacinia massa in lectus"
      text run at (2,1887) width 392: "pretium vulputate. Curabitur viverra augue in leo faucibus congue."
      text run at (2,1906) width 383: "Vestibulum ligula neque, commodo eget blandit sit amet, facilisis"
      text run at (2,1925) width 367: "vitae mi. Vivamus pretium lorem a quam imperdiet in placerat"
      text run at (2,1944) width 351: "purus sagittis. Aliquam ut dui nibh. Cras faucibus imperdiet"
      text run at (2,1963) width 388: "pellentesque. Curabitur vel tortor quam, ut pharetra eros. Mauris"
      text run at (2,1982) width 357: "euismod, justo in mattis ultricies, risus velit pretium ligula, eu"
      text run at (2,2002) width 387: "sodales libero dolor et massa. Phasellus eros quam, faucibus sed"
      text run at (2,2021) width 358: "consectetur et, elementum ut erat. Morbi fringilla, lorem non"
      text run at (2,2040) width 388: "fermentum vulputate, quam metus ullamcorper quam, eu porttitor"
      text run at (2,2059) width 356: "diam metus eget augue. Donec non lorem et arcu adipiscing"
      text run at (2,2078) width 385: "suscipit. Donec porta euismod magna a fermentum. Suspendisse"
      text run at (2,2097) width 379: "vestibulum rhoncus bibendum. Nam in nisi eget nulla vestibulum"
      text run at (2,2116) width 190: "rutrum. Aenean eu libero turpis."
