layer at (0,0) size 800x600
  RenderView at (0,0) size 800x600
layer at (0,0) size 800x600
  RenderBlock {HTML} at (0,0) size 800x600
    RenderBody {BODY} at (8,8) size 784x584
layer at (8,8) size 404x404 clip at (10,10) size 400x385 scrollWidth 2480
  RenderBlock {DIV} at (0,0) size 404x404 [border: (2px solid #000000)]
    RenderText {#text} at (2,2) size 400x2153
      text run at (2,2) width 396: "Lorem ipsum dolor sit amet, consectetur adipiscing elit. Maecenas"
      text run at (2,21) width 400: "lacinia massa in lectus pretium vulputate. Curabitur viverra augue in"
      text run at (2,40) width 365: "leo faucibus congue. Vestibulum ligula neque, commodo eget"
      text run at (2,59) width 385: "blandit sit amet, facilisis vitae mi. Vivamus pretium lorem a quam"
      text run at (2,78) width 364: "imperdiet in placerat purus sagittis. Aliquam ut dui nibh. Cras"
      text run at (2,97) width 367: "faucibus imperdiet pellentesque. Curabitur vel tortor quam, ut"
      text run at (2,116) width 386: "pharetra eros. Mauris euismod, justo in mattis ultricies, risus velit"
      text run at (2,135) width 373: "pretium ligula, eu sodales libero dolor et massa. Phasellus eros"
      text run at (2,154) width 363: "quam, faucibus sed consectetur et, elementum ut erat. Morbi"
      text run at (2,173) width 390: "fringilla, lorem non fermentum vulputate, quam metus ullamcorper"
      text run at (2,192) width 375: "quam, eu porttitor diam metus eget augue. Donec non lorem et"
      text run at (2,211) width 400: "arcu adipiscing suscipit. Donec porta euismod magna a fermentum."
      text run at (2,230) width 390: "Suspendisse vestibulum rhoncus bibendum. Nam in nisi eget nulla"
      text run at (2,249) width 393: "vestibulum rutrum. Aenean eu libero turpis. Lorem ipsum dolor sit"
      text run at (2,268) width 394: "amet, consectetur adipiscing elit. Maecenas lacinia massa in lectus"
      text run at (2,287) width 392: "pretium vulputate. Curabitur viverra augue in leo faucibus congue."
      text run at (2,306) width 383: "Vestibulum ligula neque, commodo eget blandit sit amet, facilisis"
      text run at (2,325) width 367: "vitae mi. Vivamus pretium lorem a quam imperdiet in placerat"
      text run at (2,344) width 351: "purus sagittis. Aliquam ut dui nibh. Cras faucibus imperdiet"
      text run at (2,363) width 388: "pellentesque. Curabitur vel tortor quam, ut pharetra eros. Mauris"
      text run at (2,387) width 357: "euismod, justo in mattis ultricies, risus velit pretium ligula, eu"
      text run at (2,406) width 387: "sodales libero dolor et massa. Phasellus eros quam, faucibus sed"
      text run at (2,425) width 358: "consectetur et, elementum ut erat. Morbi fringilla, lorem non"
      text run at (2,444) width 388: "fermentum vulputate, quam metus ullamcorper quam, eu porttitor"
      text run at (2,463) width 356: "diam metus eget augue. Donec non lorem et arcu adipiscing"
      text run at (2,482) width 385: "suscipit. Donec porta euismod magna a fermentum. Suspendisse"
      text run at (2,501) width 379: "vestibulum rhoncus bibendum. Nam in nisi eget nulla vestibulum"
      text run at (2,520) width 363: "rutrum. Aenean eu libero turpis. Lorem ipsum dolor sit amet,"
      text run at (2,539) width 357: "consectetur adipiscing elit. Maecenas lacinia massa in lectus"
      text run at (2,558) width 392: "pretium vulputate. Curabitur viverra augue in leo faucibus congue."
      text run at (2,577) width 383: "Vestibulum ligula neque, commodo eget blandit sit amet, facilisis"
      text run at (2,596) width 367: "vitae mi. Vivamus pretium lorem a quam imperdiet in placerat"
      text run at (2,615) width 351: "purus sagittis. Aliquam ut dui nibh. Cras faucibus imperdiet"
      text run at (2,634) width 388: "pellentesque. Curabitur vel tortor quam, ut pharetra eros. Mauris"
      text run at (2,653) width 357: "euismod, justo in mattis ultricies, risus velit pretium ligula, eu"
      text run at (2,672) width 387: "sodales libero dolor et massa. Phasellus eros quam, faucibus sed"
      text run at (2,691) width 358: "consectetur et, elementum ut erat. Morbi fringilla, lorem non"
      text run at (2,710) width 388: "fermentum vulputate, quam metus ullamcorper quam, eu porttitor"
      text run at (2,729) width 356: "diam metus eget augue. Donec non lorem et arcu adipiscing"
      text run at (2,748) width 385: "suscipit. Donec porta euismod magna a fermentum. Suspendisse"
      text run at (2,772) width 379: "vestibulum rhoncus bibendum. Nam in nisi eget nulla vestibulum"
      text run at (2,791) width 363: "rutrum. Aenean eu libero turpis. Lorem ipsum dolor sit amet,"
      text run at (2,810) width 357: "consectetur adipiscing elit. Maecenas lacinia massa in lectus"
      text run at (2,829) width 392: "pretium vulputate. Curabitur viverra augue in leo faucibus congue."
      text run at (2,848) width 383: "Vestibulum ligula neque, commodo eget blandit sit amet, facilisis"
      text run at (2,867) width 367: "vitae mi. Vivamus pretium lorem a quam imperdiet in placerat"
      text run at (2,886) width 351: "purus sagittis. Aliquam ut dui nibh. Cras faucibus imperdiet"
      text run at (2,905) width 388: "pellentesque. Curabitur vel tortor quam, ut pharetra eros. Mauris"
      text run at (2,924) width 357: "euismod, justo in mattis ultricies, risus velit pretium ligula, eu"
      text run at (2,943) width 387: "sodales libero dolor et massa. Phasellus eros quam, faucibus sed"
      text run at (2,962) width 358: "consectetur et, elementum ut erat. Morbi fringilla, lorem non"
      text run at (2,981) width 388: "fermentum vulputate, quam metus ullamcorper quam, eu porttitor"
      text run at (2,1000) width 356: "diam metus eget augue. Donec non lorem et arcu adipiscing"
      text run at (2,1019) width 385: "suscipit. Donec porta euismod magna a fermentum. Suspendisse"
      text run at (2,1038) width 379: "vestibulum rhoncus bibendum. Nam in nisi eget nulla vestibulum"
      text run at (2,1057) width 363: "rutrum. Aenean eu libero turpis. Lorem ipsum dolor sit amet,"
      text run at (2,1076) width 357: "consectetur adipiscing elit. Maecenas lacinia massa in lectus"
      text run at (2,1095) width 392: "pretium vulputate. Curabitur viverra augue in leo faucibus congue."
      text run at (2,1114) width 383: "Vestibulum ligula neque, commodo eget blandit sit amet, facilisis"
      text run at (2,1133) width 367: "vitae mi. Vivamus pretium lorem a quam imperdiet in placerat"
      text run at (2,1157) width 351: "purus sagittis. Aliquam ut dui nibh. Cras faucibus imperdiet"
      text run at (2,1176) width 388: "pellentesque. Curabitur vel tortor quam, ut pharetra eros. Mauris"
      text run at (2,1195) width 357: "euismod, justo in mattis ultricies, risus velit pretium ligula, eu"
      text run at (2,1214) width 387: "sodales libero dolor et massa. Phasellus eros quam, faucibus sed"
      text run at (2,1233) width 358: "consectetur et, elementum ut erat. Morbi fringilla, lorem non"
      text run at (2,1252) width 388: "fermentum vulputate, quam metus ullamcorper quam, eu porttitor"
      text run at (2,1271) width 356: "diam metus eget augue. Donec non lorem et arcu adipiscing"
      text run at (2,1290) width 385: "suscipit. Donec porta euismod magna a fermentum. Suspendisse"
      text run at (2,1309) width 379: "vestibulum rhoncus bibendum. Nam in nisi eget nulla vestibulum"
      text run at (2,1328) width 363: "rutrum. Aenean eu libero turpis. Lorem ipsum dolor sit amet,"
      text run at (2,1347) width 357: "consectetur adipiscing elit. Maecenas lacinia massa in lectus"
      text run at (2,1366) width 392: "pretium vulputate. Curabitur viverra augue in leo faucibus congue."
      text run at (2,1385) width 383: "Vestibulum ligula neque, commodo eget blandit sit amet, facilisis"
      text run at (2,1404) width 367: "vitae mi. Vivamus pretium lorem a quam imperdiet in placerat"
      text run at (2,1423) width 351: "purus sagittis. Aliquam ut dui nibh. Cras faucibus imperdiet"
      text run at (2,1442) width 388: "pellentesque. Curabitur vel tortor quam, ut pharetra eros. Mauris"
      text run at (2,1461) width 357: "euismod, justo in mattis ultricies, risus velit pretium ligula, eu"
      text run at (2,1480) width 387: "sodales libero dolor et massa. Phasellus eros quam, faucibus sed"
      text run at (2,1499) width 358: "consectetur et, elementum ut erat. Morbi fringilla, lorem non"
      text run at (2,1518) width 388: "fermentum vulputate, quam metus ullamcorper quam, eu porttitor"
      text run at (2,1542) width 356: "diam metus eget augue. Donec non lorem et arcu adipiscing"
      text run at (2,1561) width 385: "suscipit. Donec porta euismod magna a fermentum. Suspendisse"
      text run at (2,1580) width 379: "vestibulum rhoncus bibendum. Nam in nisi eget nulla vestibulum"
      text run at (2,1599) width 363: "rutrum. Aenean eu libero turpis. Lorem ipsum dolor sit amet,"
      text run at (2,1618) width 357: "consectetur adipiscing elit. Maecenas lacinia massa in lectus"
      text run at (2,1637) width 392: "pretium vulputate. Curabitur viverra augue in leo faucibus congue."
      text run at (2,1656) width 383: "Vestibulum ligula neque, commodo eget blandit sit amet, facilisis"
      text run at (2,1675) width 367: "vitae mi. Vivamus pretium lorem a quam imperdiet in placerat"
      text run at (2,1694) width 351: "purus sagittis. Aliquam ut dui nibh. Cras faucibus imperdiet"
      text run at (2,1713) width 388: "pellentesque. Curabitur vel tortor quam, ut pharetra eros. Mauris"
      text run at (2,1732) width 357: "euismod, justo in mattis ultricies, risus velit pretium ligula, eu"
      text run at (2,1751) width 387: "sodales libero dolor et massa. Phasellus eros quam, faucibus sed"
      text run at (2,1770) width 358: "consectetur et, elementum ut erat. Morbi fringilla, lorem non"
      text run at (2,1789) width 388: "fermentum vulputate, quam metus ullamcorper quam, eu porttitor"
      text run at (2,1808) width 356: "diam metus eget augue. Donec non lorem et arcu adipiscing"
      text run at (2,1827) width 385: "suscipit. Donec porta euismod magna a fermentum. Suspendisse"
      text run at (2,1846) width 379: "vestibulum rhoncus bibendum. Nam in nisi eget nulla vestibulum"
      text run at (2,1865) width 363: "rutrum. Aenean eu libero turpis. Lorem ipsum dolor sit amet,"
      text run at (2,1884) width 357: "consectetur adipiscing elit. Maecenas lacinia massa in lectus"
      text run at (2,1903) width 392: "pretium vulputate. Curabitur viverra augue in leo faucibus congue."
      text run at (2,1927) width 383: "Vestibulum ligula neque, commodo eget blandit sit amet, facilisis"
      text run at (2,1946) width 367: "vitae mi. Vivamus pretium lorem a quam imperdiet in placerat"
      text run at (2,1965) width 351: "purus sagittis. Aliquam ut dui nibh. Cras faucibus imperdiet"
      text run at (2,1984) width 388: "pellentesque. Curabitur vel tortor quam, ut pharetra eros. Mauris"
      text run at (2,2003) width 357: "euismod, justo in mattis ultricies, risus velit pretium ligula, eu"
      text run at (2,2022) width 387: "sodales libero dolor et massa. Phasellus eros quam, faucibus sed"
      text run at (2,2041) width 358: "consectetur et, elementum ut erat. Morbi fringilla, lorem non"
      text run at (2,2060) width 388: "fermentum vulputate, quam metus ullamcorper quam, eu porttitor"
      text run at (2,2079) width 356: "diam metus eget augue. Donec non lorem et arcu adipiscing"
      text run at (2,2098) width 385: "suscipit. Donec porta euismod magna a fermentum. Suspendisse"
      text run at (2,2117) width 379: "vestibulum rhoncus bibendum. Nam in nisi eget nulla vestibulum"
      text run at (2,2136) width 190: "rutrum. Aenean eu libero turpis."
