layer at (0,0) size 800x600
  RenderView at (0,0) size 800x600
layer at (0,0) size 800x600
  RenderBlock {HTML} at (0,0) size 800x600
    RenderBody {BODY} at (8,8) size 784x584
      RenderBlock {P} at (0,0) size 784x42
        RenderText {#text} at (0,0) size 57x21
          text run at (0,0) width 57: "Test for "
        RenderInline {I} at (0,0) size 783x42
          RenderInline {A} at (0,0) size 329x21 [color=#0000EE]
            RenderText {#text} at (57,0) size 329x21
              text run at (57,0) width 329: "http://bugs.webkit.org/show_bug.cgi?id=16426"
          RenderText {#text} at (386,0) size 783x42
            text run at (386,0) width 4: " "
            text run at (390,0) width 393: "Divs with overflow:auto: scrollbars not correctly updated"
            text run at (0,21) width 160: "when contents change"
        RenderText {#text} at (160,21) size 4x21
          text run at (160,21) width 4: "."
      RenderBlock {P} at (0,58) size 784x21
        RenderText {#text} at (0,0) size 361x21
          text run at (0,0) width 361: "The thumb should be in the middle of the scroll bar."
layer at (8,103) size 200x200 clip at (8,103) size 184x200 scrollY 200 scrollHeight 600
  RenderBlock {DIV} at (0,95) size 200x200
    RenderBlock {DIV} at (0,0) size 184x600
