layer at (0,0) size 800x600
  RenderView at (0,0) size 800x600
layer at (0,0) size 800x600
  RenderBlock {HTML} at (0,0) size 800x600
    RenderBody {BODY} at (8,8) size 784x584
      RenderTable {TABLE} at (0,0) size 106x106
        RenderTableSection {TBODY} at (0,0) size 106x106
          RenderTableRow {TR} at (0,2) size 106x102
            RenderTableCell {TD} at (2,2) size 102x102 [bgcolor=#CCCCCC] [r=0 c=0 rs=1 cs=1]
      RenderBlock (anonymous) at (0,106) size 784x154
        RenderText {#text} at (0,0) size 767x44
          text run at (0,0) width 767: "Here it is: a gray, one-cell, no-width-specified table, with a 100x100 scrolling (overflow:auto) div inside. In this div,"
          text run at (0,22) width 431: "there are floating (float: left) span tags with content inside (text)."
        RenderBR {BR} at (431,38) size 0x0
        RenderBR {BR} at (0,44) size 0x22
        RenderText {#text} at (0,66) size 763x44
          text run at (0,66) width 763: "You would expect that the table would expand to fit the defined width of the div tag. But in Safari and Shiira, the"
          text run at (0,88) width 245: "table expands to fit the height of the "
        RenderInline {I} at (0,0) size 137x22
          RenderText {#text} at (245,88) size 137x22
            text run at (245,88) width 137: "content inside the div"
        RenderText {#text} at (382,88) size 767x44
          text run at (382,88) width 385: ", not the height of the div. This behavior does not occur if"
          text run at (0,110) width 169: "the content is not floated."
        RenderBR {BR} at (169,126) size 0x0
        RenderBR {BR} at (0,132) size 0x22
layer at (11,11) size 100x100 clip at (11,11) size 84x100 scrollHeight 374
  RenderBlock {DIV} at (1,1) size 100x100
    RenderBlock (floating) {SPAN} at (0,0) size 30x22
      RenderText {#text} at (0,0) size 30x22
        text run at (0,0) width 30: "stuff"
    RenderBlock (floating) {SPAN} at (30,0) size 30x22
      RenderText {#text} at (0,0) size 30x22
        text run at (0,0) width 30: "stuff"
    RenderBlock (floating) {SPAN} at (0,22) size 30x22
      RenderText {#text} at (0,0) size 30x22
        text run at (0,0) width 30: "stuff"
    RenderBlock (floating) {SPAN} at (30,22) size 30x22
      RenderText {#text} at (0,0) size 30x22
        text run at (0,0) width 30: "stuff"
    RenderBlock (floating) {SPAN} at (0,44) size 30x22
      RenderText {#text} at (0,0) size 30x22
        text run at (0,0) width 30: "stuff"
    RenderBlock (floating) {SPAN} at (30,44) size 30x22
      RenderText {#text} at (0,0) size 30x22
        text run at (0,0) width 30: "stuff"
    RenderBlock (floating) {SPAN} at (0,66) size 30x22
      RenderText {#text} at (0,0) size 30x22
        text run at (0,0) width 30: "stuff"
    RenderBlock (floating) {SPAN} at (30,66) size 30x22
      RenderText {#text} at (0,0) size 30x22
        text run at (0,0) width 30: "stuff"
    RenderBlock (floating) {SPAN} at (0,88) size 30x22
      RenderText {#text} at (0,0) size 30x22
        text run at (0,0) width 30: "stuff"
    RenderBlock (floating) {SPAN} at (30,88) size 30x22
      RenderText {#text} at (0,0) size 30x22
        text run at (0,0) width 30: "stuff"
    RenderBlock (floating) {SPAN} at (0,110) size 30x22
      RenderText {#text} at (0,0) size 30x22
        text run at (0,0) width 30: "stuff"
    RenderBlock (floating) {SPAN} at (30,110) size 30x22
      RenderText {#text} at (0,0) size 30x22
        text run at (0,0) width 30: "stuff"
    RenderBlock (floating) {SPAN} at (0,132) size 30x22
      RenderText {#text} at (0,0) size 30x22
        text run at (0,0) width 30: "stuff"
    RenderBlock (floating) {SPAN} at (30,132) size 30x22
      RenderText {#text} at (0,0) size 30x22
        text run at (0,0) width 30: "stuff"
    RenderBlock (floating) {SPAN} at (0,154) size 30x22
      RenderText {#text} at (0,0) size 30x22
        text run at (0,0) width 30: "stuff"
    RenderBlock (floating) {SPAN} at (30,154) size 30x22
      RenderText {#text} at (0,0) size 30x22
        text run at (0,0) width 30: "stuff"
    RenderBlock (floating) {SPAN} at (0,176) size 30x22
      RenderText {#text} at (0,0) size 30x22
        text run at (0,0) width 30: "stuff"
    RenderBlock (floating) {SPAN} at (30,176) size 30x22
      RenderText {#text} at (0,0) size 30x22
        text run at (0,0) width 30: "stuff"
    RenderBlock (floating) {SPAN} at (0,198) size 30x22
      RenderText {#text} at (0,0) size 30x22
        text run at (0,0) width 30: "stuff"
    RenderBlock (floating) {SPAN} at (30,198) size 30x22
      RenderText {#text} at (0,0) size 30x22
        text run at (0,0) width 30: "stuff"
    RenderBlock (floating) {SPAN} at (0,220) size 30x22
      RenderText {#text} at (0,0) size 30x22
        text run at (0,0) width 30: "stuff"
    RenderBlock (floating) {SPAN} at (30,220) size 30x22
      RenderText {#text} at (0,0) size 30x22
        text run at (0,0) width 30: "stuff"
    RenderBlock (floating) {SPAN} at (0,242) size 30x22
      RenderText {#text} at (0,0) size 30x22
        text run at (0,0) width 30: "stuff"
    RenderBlock (floating) {SPAN} at (30,242) size 30x22
      RenderText {#text} at (0,0) size 30x22
        text run at (0,0) width 30: "stuff"
    RenderBlock (floating) {SPAN} at (0,264) size 30x22
      RenderText {#text} at (0,0) size 30x22
        text run at (0,0) width 30: "stuff"
    RenderBlock (floating) {SPAN} at (30,264) size 30x22
      RenderText {#text} at (0,0) size 30x22
        text run at (0,0) width 30: "stuff"
    RenderBlock (floating) {SPAN} at (0,286) size 30x22
      RenderText {#text} at (0,0) size 30x22
        text run at (0,0) width 30: "stuff"
    RenderBlock (floating) {SPAN} at (30,286) size 30x22
      RenderText {#text} at (0,0) size 30x22
        text run at (0,0) width 30: "stuff"
    RenderBlock (floating) {SPAN} at (0,308) size 30x22
      RenderText {#text} at (0,0) size 30x22
        text run at (0,0) width 30: "stuff"
    RenderBlock (floating) {SPAN} at (30,308) size 30x22
      RenderText {#text} at (0,0) size 30x22
        text run at (0,0) width 30: "stuff"
    RenderBlock (floating) {SPAN} at (0,330) size 30x22
      RenderText {#text} at (0,0) size 30x22
        text run at (0,0) width 30: "stuff"
    RenderBlock (floating) {SPAN} at (30,330) size 30x22
      RenderText {#text} at (0,0) size 30x22
        text run at (0,0) width 30: "stuff"
    RenderBlock (floating) {SPAN} at (0,352) size 30x22
      RenderText {#text} at (0,0) size 30x22
        text run at (0,0) width 30: "stuff"
    RenderBlock (floating) {SPAN} at (30,352) size 30x22
      RenderText {#text} at (0,0) size 30x22
        text run at (0,0) width 30: "stuff"
