layer at (0,0) size 800x600
  RenderView at (0,0) size 800x600
layer at (0,0) size 800x600
  RenderBlock {HTML} at (0,0) size 800x600
    RenderBody {BODY} at (8,8) size 784x584
      RenderBlock {DIV} at (0,0) size 784x34
        RenderText {#text} at (0,15) size 63x19
          text run at (0,15) width 63: "Qt Plugin: "
        RenderEmbeddedObject {OBJECT} at (63,0) size 300x30 [QT: geometry: {at (71,8) size 300x30} isHidden: 1 isSelfVisible: 1 isParentVisible: 1 ] 
        RenderText {#text} at (0,0) size 0x0
      RenderBlock {DIV} at (0,34) size 784x34
        RenderText {#text} at (0,15) size 113x19
          text run at (0,15) width 113: "Qt Styled Widget: "
        RenderEmbeddedObject {OBJECT} at (113,0) size 300x30 [QT: geometry: {at (121,42) size 300x30} isHidden: 1 isSelfVisible: 1 isParentVisible: 1 ] 
        RenderText {#text} at (0,0) size 0x0
      RenderBlock {DIV} at (0,68) size 784x104
        RenderText {#text} at (0,85) size 115x19
          text run at (0,85) width 115: "Third-party plugin: "
        RenderEmbeddedObject {EMBED} at (115,0) size 100x100
        RenderText {#text} at (0,0) size 0x0
