layer at (0,0) size 800x600
  RenderView at (0,0) size 800x600
layer at (0,0) size 800x600
  RenderBlock {HTML} at (0,0) size 800x600
    RenderBody {BODY} at (8,8) size 784x584
      RenderBlock {P} at (0,0) size 784x20
        RenderText {#text} at (0,0) size 163x19
          text run at (0,0) width 163: "Each font name in that font:"
      RenderBlock {DIV} at (4,36) size 776x22 [border: (1px solid #ADD8E6)]
        RenderInline {B} at (0,0) size 108x19
          RenderText {#text} at (1,1) size 108x19
            text run at (1,1) width 108: "Helvetica bold"
        RenderText {#text} at (109,1) size 72x18
          text run at (109,1) width 72: " Helvetica "
        RenderInline {I} at (0,0) size 490x19
          RenderText {#text} at (181,2) size 200x19
            text run at (181,2) width 200: "Courier syn. italic "
          RenderInline {B} at (0,0) size 290x19
            RenderText {#text} at (381,2) size 290x19
              text run at (381,2) width 290: "Papyrus syn. bold syn. italic"
        RenderText {#text} at (0,0) size 0x0
      RenderBlock {DIV} at (4,62) size 776x42 [border: (1px solid #ADD8E6)]
        RenderInline {SPAN} at (0,0) size 70x18
          RenderText {#text} at (1,2) size 70x18
            text run at (1,2) width 70: "Courier"
        RenderText {#text} at (71,2) size 10x18
          text run at (71,2) width 10: " "
        RenderInline {SPAN} at (0,0) size 70x18
          RenderText {#text} at (81,2) size 70x18
            text run at (81,2) width 70: "Courier"
        RenderText {#text} at (151,2) size 10x18
          text run at (151,2) width 10: " "
        RenderInline {SPAN} at (0,0) size 70x18
          RenderText {#text} at (161,2) size 70x18
            text run at (161,2) width 70: "Courier"
        RenderText {#text} at (231,2) size 10x18
          text run at (231,2) width 10: " "
        RenderInline {SPAN} at (0,0) size 70x18
          RenderText {#text} at (241,2) size 70x18
            text run at (241,2) width 70: "Courier"
        RenderText {#text} at (311,2) size 10x18
          text run at (311,2) width 10: " "
        RenderInline {SPAN} at (0,0) size 70x18
          RenderText {#text} at (321,2) size 70x18
            text run at (321,2) width 70: "Courier"
        RenderText {#text} at (391,2) size 10x18
          text run at (391,2) width 10: " "
        RenderInline {SPAN} at (0,0) size 100x18
          RenderText {#text} at (401,1) size 100x18
            text run at (401,1) width 100: "Helvetica Bold"
        RenderText {#text} at (501,2) size 10x18
          text run at (501,2) width 10: " "
        RenderInline {SPAN} at (0,0) size 110x19
          RenderText {#text} at (511,1) size 110x19
            text run at (511,1) width 110: "Helvetica Bold"
        RenderText {#text} at (621,2) size 10x18
          text run at (621,2) width 10: " "
        RenderInline {SPAN} at (0,0) size 138x19
          RenderText {#text} at (631,1) size 138x19
            text run at (631,1) width 138: "Papyrus syn. bold"
        RenderText {#text} at (0,0) size 0x0
        RenderInline {SPAN} at (0,0) size 138x19
          RenderText {#text} at (1,21) size 138x19
            text run at (1,21) width 138: "Papyrus syn. bold"
        RenderText {#text} at (0,0) size 0x0
      RenderBlock {DIV} at (4,108) size 776x42 [border: (1px solid #ADD8E6)]
        RenderInline {SPAN} at (0,0) size 70x18
          RenderText {#text} at (1,2) size 70x18
            text run at (1,2) width 70: "Courier"
        RenderText {#text} at (71,2) size 10x18
          text run at (71,2) width 10: " "
        RenderInline {SPAN} at (0,0) size 70x18
          RenderText {#text} at (81,2) size 70x18
            text run at (81,2) width 70: "Courier"
        RenderText {#text} at (151,2) size 10x18
          text run at (151,2) width 10: " "
        RenderInline {SPAN} at (0,0) size 70x18
          RenderText {#text} at (161,2) size 70x18
            text run at (161,2) width 70: "Courier"
        RenderText {#text} at (231,2) size 10x18
          text run at (231,2) width 10: " "
        RenderInline {SPAN} at (0,0) size 70x18
          RenderText {#text} at (241,2) size 70x18
            text run at (241,2) width 70: "Courier"
        RenderText {#text} at (311,2) size 10x18
          text run at (311,2) width 10: " "
        RenderInline {SPAN} at (0,0) size 70x18
          RenderText {#text} at (321,2) size 70x18
            text run at (321,2) width 70: "Courier"
        RenderText {#text} at (391,2) size 10x18
          text run at (391,2) width 10: " "
        RenderInline {SPAN} at (0,0) size 100x18
          RenderText {#text} at (401,1) size 100x18
            text run at (401,1) width 100: "Helvetica Bold"
        RenderText {#text} at (501,2) size 10x18
          text run at (501,2) width 10: " "
        RenderInline {SPAN} at (0,0) size 110x19
          RenderText {#text} at (511,1) size 110x19
            text run at (511,1) width 110: "Helvetica Bold"
        RenderText {#text} at (621,2) size 10x18
          text run at (621,2) width 10: " "
        RenderInline {SPAN} at (0,0) size 110x19
          RenderText {#text} at (631,1) size 110x19
            text run at (631,1) width 110: "Helvetica Bold"
        RenderText {#text} at (0,0) size 0x0
        RenderInline {SPAN} at (0,0) size 110x19
          RenderText {#text} at (1,21) size 110x19
            text run at (1,21) width 110: "Helvetica Bold"
        RenderText {#text} at (0,0) size 0x0
      RenderBlock {DIV} at (4,154) size 776x42 [border: (1px solid #ADD8E6)]
        RenderInline {SPAN} at (0,0) size 70x18
          RenderText {#text} at (1,2) size 70x18
            text run at (1,2) width 70: "Courier"
        RenderText {#text} at (71,2) size 10x18
          text run at (71,2) width 10: " "
        RenderInline {SPAN} at (0,0) size 70x18
          RenderText {#text} at (81,2) size 70x18
            text run at (81,2) width 70: "Courier"
        RenderText {#text} at (151,2) size 10x18
          text run at (151,2) width 10: " "
        RenderInline {SPAN} at (0,0) size 70x18
          RenderText {#text} at (161,2) size 70x18
            text run at (161,2) width 70: "Courier"
        RenderText {#text} at (231,2) size 10x18
          text run at (231,2) width 10: " "
        RenderInline {SPAN} at (0,0) size 70x18
          RenderText {#text} at (241,2) size 70x18
            text run at (241,2) width 70: "Courier"
        RenderText {#text} at (311,2) size 10x18
          text run at (311,2) width 10: " "
        RenderInline {SPAN} at (0,0) size 70x18
          RenderText {#text} at (321,2) size 70x18
            text run at (321,2) width 70: "Courier"
        RenderText {#text} at (391,2) size 10x18
          text run at (391,2) width 10: " "
        RenderInline {SPAN} at (0,0) size 100x18
          RenderText {#text} at (401,1) size 100x18
            text run at (401,1) width 100: "Helvetica Bold"
        RenderText {#text} at (501,2) size 10x18
          text run at (501,2) width 10: " "
        RenderInline {SPAN} at (0,0) size 110x19
          RenderText {#text} at (511,1) size 110x19
            text run at (511,1) width 110: "Helvetica Bold"
        RenderText {#text} at (621,2) size 10x18
          text run at (621,2) width 10: " "
        RenderInline {SPAN} at (0,0) size 110x19
          RenderText {#text} at (631,1) size 110x19
            text run at (631,1) width 110: "Helvetica Bold"
        RenderText {#text} at (0,0) size 0x0
        RenderInline {SPAN} at (0,0) size 110x19
          RenderText {#text} at (1,21) size 110x19
            text run at (1,21) width 110: "Helvetica Bold"
        RenderText {#text} at (0,0) size 0x0
      RenderBlock {P} at (0,212) size 784x20
        RenderText {#text} at (0,0) size 209x19
          text run at (0,0) width 209: "Times followed by Ahem (normal):"
      RenderBlock {DIV} at (4,248) size 776x22 [border: (1px solid #ADD8E6)]
        RenderText {#text} at (1,1) size 40x19
          text run at (1,1) width 40: "Times "
        RenderInline {I} at (0,0) size 64x16
          RenderText {#text} at (41,3) size 64x16
            text run at (41,3) width 64: "AHEM"
        RenderText {#text} at (0,0) size 0x0
      RenderBlock {P} at (0,286) size 784x20
        RenderText {#text} at (0,0) size 94x19
          text run at (0,0) width 94: "Ahem (normal):"
      RenderBlock {DIV} at (4,322) size 776x18 [border: (1px solid #ADD8E6)]
        RenderText {#text} at (1,1) size 80x16
          text run at (1,1) width 80: "AHEM "
        RenderInline {I} at (0,0) size 64x16
          RenderText {#text} at (81,1) size 64x16
            text run at (81,1) width 64: "AHEM"
        RenderText {#text} at (0,0) size 0x0
      RenderBlock {P} at (0,356) size 784x20
        RenderText {#text} at (0,0) size 306x19
          text run at (0,0) width 306: "Ahem (normal) followed by Ahem (synthetic bold):"
      RenderBlock {DIV} at (4,392) size 776x18 [border: (1px solid #ADD8E6)]
        RenderText {#text} at (1,1) size 80x16
          text run at (1,1) width 80: "AHEM "
        RenderInline {B} at (0,0) size 64x16
          RenderText {#text} at (81,1) size 64x16
            text run at (81,1) width 64: "AHEM"
        RenderText {#text} at (0,0) size 0x0
      RenderBlock {P} at (0,426) size 784x20
        RenderText {#text} at (0,0) size 312x19
          text run at (0,0) width 312: "Ahem (normal) followed by Ahem (synthetic italics):"
      RenderBlock {DIV} at (4,462) size 776x18 [border: (1px solid #ADD8E6)]
        RenderText {#text} at (1,1) size 80x16
          text run at (1,1) width 80: "AHEM "
        RenderInline {I} at (0,0) size 64x16
          RenderText {#text} at (81,1) size 64x16
            text run at (81,1) width 64: "AHEM"
        RenderText {#text} at (0,0) size 0x0
