layer at (0,0) size 800x600
  RenderView at (0,0) size 800x600
layer at (0,0) size 800x311
  RenderBlock {html} at (0,0) size 800x312
    RenderBody {body} at (8,23) size 784x281
      RenderBlock {p} at (0,0) size 784x27 [color=#000080]
        RenderText {#text} at (0,0) size 715x26
          text run at (0,0) width 715: "Zoom in and out. The following two squares should always be the same size."
      RenderBlock {div} at (0,50) size 100x101 [bgcolor=#000080]
      RenderBlock (anonymous) at (0,173) size 784x108
        RenderSVGRoot {svg} at (8,196) size 100x101
          RenderSVGRect {rect} at (8,196) size 100x101 [fill={[type=SOLID] [color=#000080]}] [x=0.00] [y=0.00] [width=100.00] [height=100.00]
        RenderText {#text} at (0,0) size 0x0
        RenderText {#text} at (0,0) size 0x0
        RenderText {#text} at (0,0) size 0x0
        RenderText {#text} at (0,0) size 0x0
