layer at (0,0) size 800x600
  RenderView at (0,0) size 800x600
layer at (0,0) size 800x138
  RenderBlock {HTML} at (0,0) size 800x138
    RenderBody {BODY} at (8,8) size 784x114
      RenderBlock {DIV} at (0,0) size 784x79
        RenderTable {TABLE} at (330,0) size 123x79 [border: (1px outset #808080)]
          RenderTableSection {TBODY} at (1,1) size 121x77
            RenderTableRow {TR} at (0,2) size 121x23
              RenderTableCell {TD} at (2,2) size 65x23 [bgcolor=#00FF00] [border: (1px inset #808080)] [r=0 c=0 rs=1 cs=1]
                RenderText {#text} at (2,2) size 61x19
                  text run at (2,2) width 61: "green cell"
              RenderTableCell {TD} at (69,2) size 24x23 [border: (1px inset #808080)] [r=0 c=1 rs=1 cs=1]
                RenderText {#text} at (2,2) size 20x19
                  text run at (2,2) width 20: "1.2"
              RenderTableCell {TD} at (95,2) size 24x23 [border: (1px inset #808080)] [r=0 c=2 rs=1 cs=1]
                RenderText {#text} at (2,2) size 20x19
                  text run at (2,2) width 20: "1.3"
            RenderTableRow {TR} at (0,27) size 121x23
              RenderTableCell {TD} at (2,27) size 65x23 [bgcolor=#00FF00] [border: (1px inset #808080)] [r=1 c=0 rs=1 cs=1]
                RenderText {#text} at (2,2) size 61x19
                  text run at (2,2) width 61: "green cell"
              RenderTableCell {TD} at (69,27) size 24x23 [border: (1px inset #808080)] [r=1 c=1 rs=1 cs=1]
                RenderText {#text} at (2,2) size 20x19
                  text run at (2,2) width 20: "2.2"
              RenderTableCell {TD} at (95,27) size 24x23 [border: (1px inset #808080)] [r=1 c=2 rs=1 cs=1]
                RenderText {#text} at (2,2) size 20x19
                  text run at (2,2) width 20: "2.3"
            RenderTableRow {TR} at (0,52) size 121x23
              RenderTableCell {TD} at (2,52) size 65x23 [bgcolor=#00FF00] [border: (1px inset #808080)] [r=2 c=0 rs=1 cs=1]
                RenderText {#text} at (2,2) size 61x19
                  text run at (2,2) width 61: "green cell"
              RenderTableCell {TD} at (69,52) size 24x23 [border: (1px inset #808080)] [r=2 c=1 rs=1 cs=1]
                RenderText {#text} at (2,2) size 20x19
                  text run at (2,2) width 20: "3.2"
              RenderTableCell {TD} at (95,52) size 24x23 [border: (1px inset #808080)] [r=2 c=2 rs=1 cs=1]
                RenderText {#text} at (2,2) size 20x19
                  text run at (2,2) width 20: "3.3"
      RenderBlock {P} at (0,95) size 784x19
        RenderText {#text} at (0,0) size 219x19
          text run at (0,0) width 219: "This paragraph contains some text "
        RenderInline {SPAN} at (0,0) size 303x19 [bgcolor=#00FF00]
          RenderText {#text} at (219,0) size 303x19
            text run at (219,0) width 303: "and a span that should have a green background"
        RenderText {#text} at (0,0) size 0x0
