layer at (0,0) size 800x600
  RenderView at (0,0) size 800x600
layer at (0,0) size 800x132
  RenderBlock {HTML} at (0,0) size 800x132
    RenderBody {BODY} at (8,8) size 784x108
      RenderBlock {DIV} at (0,0) size 784x108
        RenderBlock (anonymous) at (0,0) size 784x19
          RenderText {#text} at (0,0) size 188x19
            text run at (0,0) width 188: "This div contains 3 addresses:"
        RenderBlock {ADDRESS} at (16,19) size 768x19 [bgcolor=#00FF00]
          RenderText {#text} at (0,0) size 331x19
            text run at (0,0) width 331: "A first address that should have a green background"
        RenderBlock {ADDRESS} at (16,54) size 768x19
          RenderText {#text} at (0,0) size 272x19
            text run at (0,0) width 272: "A second address with normal background"
        RenderBlock {ADDRESS} at (16,89) size 768x19
          RenderText {#text} at (0,0) size 258x19
            text run at (0,0) width 258: "A third address with normal background"
