layer at (0,0) size 800x600
  RenderView at (0,0) size 800x600
layer at (0,0) size 800x86
  RenderBlock {HTML} at (0,0) size 800x86
    RenderBody {BODY} at (8,16) size 784x54
      RenderBlock {BLOCKQUOTE} at (40,0) size 704x19
        RenderText {#text} at (0,0) size 181x19
          text run at (0,0) width 181: "This text should be unstyled."
      RenderBlock {DIV} at (0,35) size 784x19
        RenderBlock {DIV} at (0,0) size 784x19
          RenderBlock {P} at (0,0) size 784x19 [color=#008000]
            RenderText {#text} at (0,0) size 163x19
              text run at (0,0) width 163: "This text should be green."
