layer at (0,0) size 800x600
  RenderView at (0,0) size 800x600
layer at (0,0) size 800x86
  RenderBlock {html} at (0,0) size 800x86
    RenderBlock {div} at (0,16) size 800x54
      RenderBlock {p} at (0,0) size 800x19 [bgcolor=#008000]
        RenderText {#text} at (0,0) size 268x19
          text run at (0,0) width 268: "This line should have a green background."
      RenderBlock {p} at (0,35) size 800x19 [bgcolor=#0000FF]
        RenderText {#text} at (0,0) size 306x19
          text run at (0,0) width 306: "This line should NOT have a green background."
