layer at (0,0) size 800x600
  RenderView at (0,0) size 800x600
layer at (0,0) size 800x240
  RenderBlock {HTML} at (0,0) size 800x240
    RenderBody {BODY} at (8,16) size 784x208
      RenderBlock {P} at (20,0) size 764x96 [color=#0000FF] [border: none (10px double #0000FF)]
        RenderText {#text} at (10,3) size 357x18
          text run at (10,3) width 357: "\x{21E6} This paragraph should have two blue lines on its left. "
        RenderInline {SPAN} at (0,0) size 748x93 [color=#C0C0C0]
          RenderText {#text} at (367,3) size 748x93
            text run at (367,3) width 391: "dummy text dummy text dummy text dummy text dummy text"
            text run at (10,24) width 52: "dummy "
            text run at (62,24) width 474: "text dummy text dummy text dummy text dummy text dummy text dummy "
            text run at (536,24) width 181: "text dummy text dummy text"
            text run at (10,42) width 289: "dummy text dummy text dummy text dummy "
            text run at (299,42) width 418: "text dummy text dummy text dummy text dummy text dummy text"
            text run at (10,60) width 52: "dummy "
            text run at (62,60) width 474: "text dummy text dummy text dummy text dummy text dummy text dummy "
            text run at (536,60) width 181: "text dummy text dummy text"
            text run at (10,78) width 154: "dummy text dummy text"
        RenderText {#text} at (0,0) size 0x0
      RenderBlock {P} at (20,112) size 764x96 [color=#0000FF] [border: none (1px solid #0000FF)]
        RenderText {#text} at (1,3) size 362x18
          text run at (1,3) width 362: "\x{21E6} This paragraph should have a thin blue line on its left. "
        RenderInline {SPAN} at (0,0) size 759x93 [color=#C0C0C0]
          RenderText {#text} at (363,3) size 759x93
            text run at (363,3) width 391: "dummy text dummy text dummy text dummy text dummy text"
            text run at (1,24) width 52: "dummy "
            text run at (53,24) width 474: "text dummy text dummy text dummy text dummy text dummy text dummy "
            text run at (527,24) width 233: "text dummy text dummy text dummy"
            text run at (1,42) width 237: "text dummy text dummy text dummy "
            text run at (238,42) width 474: "text dummy text dummy text dummy text dummy text dummy text dummy "
            text run at (712,42) width 23: "text"
            text run at (1,60) width 447: "dummy text dummy text dummy text dummy text dummy text dummy "
            text run at (448,60) width 312: "text dummy text dummy text dummy text dummy"
            text run at (1,78) width 23: "text"
        RenderText {#text} at (0,0) size 0x0
