layer at (0,0) size 800x600
  RenderView at (0,0) size 800x600
layer at (0,0) size 800x106
  RenderBlock {HTML} at (0,0) size 800x106
    RenderBody {BODY} at (8,8) size 784x90
      RenderBlock {DIV} at (0,0) size 90x90 [border: (10px solid #800080)]
        RenderBlock {DIV} at (10,10) size 70x70 [border: (10px solid #008000)]
          RenderInline (generated) at (0,0) size 50x50 [color=#FFA500]
            RenderText at (10,10) size 50x50
              text run at (10,10) width 50: "A"
      RenderText {#text} at (0,0) size 0x0
