layer at (0,0) size 800x600
  RenderView at (0,0) size 800x600
layer at (0,0) size 800x116
  RenderBlock {HTML} at (0,0) size 800x116
    RenderBody {BODY} at (8,8) size 784x100
      RenderBlock {DIV} at (0,0) size 784x100
        RenderBlock (run-in) {DIV} at (0,0) size 784x50 [color=#008000]
          RenderText {#text} at (0,0) size 50x50
            text run at (0,0) width 50: "A"
        RenderBlock {DIV} at (0,50) size 784x50 [color=#800080]
          RenderInline (run-in) {DIV} at (0,0) size 50x50 [color=#FFA500]
            RenderText {#text} at (0,0) size 50x50
              text run at (0,0) width 50: "B"
          RenderText {#text} at (50,0) size 50x50
            text run at (50,0) width 50: "C"
