layer at (0,0) size 800x600
  RenderView at (0,0) size 800x600
layer at (0,0) size 800x56
  RenderBlock {HTML} at (0,0) size 800x56
    RenderBody {BODY} at (8,8) size 784x40
      RenderBlock {DIV} at (0,0) size 784x40 [color=#008000]
        RenderInline (run-in) {DIV} at (0,0) size 160x40 [color=#FFA500]
          RenderText {#text} at (40,0) size 160x40
            text run at (40,0) width 160: "ABCD"
        RenderInline (generated) at (0,0) size 160x40 [color=#0000FF]
          RenderText at (200,0) size 160x40
            text run at (200,0) width 160: "EFGH"
        RenderBlock (floating) {DIV} at (0,0) size 40x40
          RenderText {#text} at (0,0) size 40x40
            text run at (0,0) width 40: "A"
        RenderText {#text} at (360,0) size 160x40
          text run at (360,0) width 160: "IJKL"
