layer at (0,0) size 800x600
  RenderView at (0,0) size 800x600
layer at (0,0) size 800x56
  RenderBlock {HTML} at (0,0) size 800x56
    RenderBody {BODY} at (8,8) size 784x40
      RenderListItem {LI} at (0,0) size 784x40 [color=#0000FF]
        RenderListMarker at (-1,0) size 13x40: bullet
        RenderInline (run-in) {DIV} at (0,0) size 200x40 [color=#008000]
          RenderText {#text} at (32,0) size 200x40
            text run at (32,0) width 200: "RUNIN"
        RenderInline (generated) at (0,0) size 80x40
          RenderText at (232,0) size 80x40
            text run at (232,0) width 80: "AB"
        RenderText {#text} at (312,0) size 80x40
          text run at (312,0) width 80: "CD"
