layer at (0,0) size 800x600
  RenderView at (0,0) size 800x600
layer at (0,0) size 800x96
  RenderBlock {HTML} at (0,0) size 800x96
    RenderBody {BODY} at (8,8) size 784x80
      RenderBlock {DIV} at (0,0) size 784x80 [color=#0000FF]
        RenderBlock (generated) at (0,0) size 784x40 [color=#008000]
          RenderText at (0,0) size 160x40
            text run at (0,0) width 160: "PASS"
        RenderBlock (floating) {SPAN} at (0,40) size 160x40
          RenderInline (generated) at (0,0) size 80x40
            RenderText at (0,0) size 80x40
              text run at (0,0) width 80: "EF"
          RenderText {#text} at (80,0) size 80x40
            text run at (80,0) width 80: "AB"
        RenderBlock {DIV} at (0,40) size 784x40
          RenderText {#text} at (160,0) size 80x40
            text run at (160,0) width 80: "CD"
