layer at (0,0) size 800x600
  RenderView at (0,0) size 800x600
layer at (0,0) size 800x600
  RenderBlock {HTML} at (0,0) size 800x600
    RenderBody {BODY} at (8,8) size 784x576
      RenderBlock {H1} at (0,0) size 784x18
        RenderText {#text} at (0,0) size 220x17
          text run at (0,0) width 220: "Meters with various appearance"
      RenderBlock {H2} at (0,31) size 784x18
        RenderText {#text} at (0,0) size 220x17
          text run at (0,0) width 220: "discrete-capacity-level-indicator"
      RenderBlock {H2} at (0,65) size 784x212
        RenderBlock {UL} at (0,0) size 784x212
          RenderListItem {LI} at (40,0) size 744x18 [bgcolor=#EEEEEE]
            RenderListMarker at (-17,0) size 7x17: bullet
            RenderText {#text} at (0,0) size 88x17
              text run at (0,0) width 88: "value=10/10:"
            RenderMeter {METER} at (664,0) size 80x16
              RenderBlock {DIV} at (0,0) size 80x16
                RenderBlock {DIV} at (0,0) size 80x16
          RenderListItem {LI} at (40,18) size 744x18 [bgcolor=#CCCCCC]
            RenderListMarker at (-17,0) size 7x17: bullet
            RenderText {#text} at (0,0) size 80x17
              text run at (0,0) width 80: "value=8/10:"
            RenderMeter {METER} at (664,0) size 80x16
              RenderBlock {DIV} at (0,0) size 80x16
                RenderBlock {DIV} at (0,0) size 64x16
          RenderListItem {LI} at (40,36) size 744x18 [bgcolor=#EEEEEE]
            RenderListMarker at (-17,0) size 7x17: bullet
            RenderText {#text} at (0,0) size 80x17
              text run at (0,0) width 80: "value=5/10:"
            RenderMeter {METER} at (664,0) size 80x16
              RenderBlock {DIV} at (0,0) size 80x16
                RenderBlock {DIV} at (0,0) size 40x16
          RenderListItem {LI} at (40,54) size 744x18 [bgcolor=#CCCCCC]
            RenderListMarker at (-17,0) size 7x17: bullet
            RenderText {#text} at (0,0) size 80x17
              text run at (0,0) width 80: "value=2/10:"
            RenderMeter {METER} at (664,0) size 80x16
              RenderBlock {DIV} at (0,0) size 80x16
                RenderBlock {DIV} at (0,0) size 16x16
          RenderListItem {LI} at (40,72) size 744x18 [bgcolor=#EEEEEE]
            RenderListMarker at (-17,0) size 7x17: bullet
            RenderText {#text} at (0,0) size 80x17
              text run at (0,0) width 80: "value=0/10:"
            RenderMeter {METER} at (664,0) size 80x16
              RenderBlock {DIV} at (0,0) size 80x16
                RenderBlock {DIV} at (0,0) size 0x16
          RenderListItem {LI} at (40,90) size 744x18 [bgcolor=#CCCCCC]
            RenderListMarker at (-17,0) size 7x17: bullet
            RenderText {#text} at (0,0) size 39x17
              text run at (0,0) width 39: "RTL:"
            RenderMeter {METER} at (664,0) size 80x16
              RenderBlock {DIV} at (0,0) size 80x16
                RenderBlock {DIV} at (40,0) size 40x16
          RenderListItem {LI} at (40,108) size 744x50 [bgcolor=#EEEEEE]
            RenderListMarker at (-17,0) size 7x17: bullet
            RenderText {#text} at (0,0) size 33x17
              text run at (0,0) width 33: "Tall:"
            RenderMeter {METER} at (664,0) size 80x50
              RenderBlock {DIV} at (0,0) size 80x50
                RenderBlock {DIV} at (0,0) size 40x50
          RenderListItem {LI} at (40,158) size 744x18 [bgcolor=#CCCCCC]
            RenderListMarker at (-17,0) size 7x17: bullet
            RenderText {#text} at (0,0) size 44x17
              text run at (0,0) width 44: "Short:"
            RenderMeter {METER} at (664,0) size 80x5
              RenderBlock {DIV} at (0,0) size 80x5
                RenderBlock {DIV} at (0,0) size 24x5
          RenderListItem {LI} at (40,176) size 744x18 [bgcolor=#EEEEEE]
            RenderListMarker at (-17,0) size 7x17: bullet
            RenderText {#text} at (0,0) size 42x17
              text run at (0,0) width 42: "Wide:"
            RenderMeter {METER} at (444,0) size 300x16
              RenderBlock {DIV} at (0,0) size 300x16
                RenderBlock {DIV} at (0,0) size 150x16
          RenderListItem {LI} at (40,194) size 744x18 [bgcolor=#CCCCCC]
            RenderListMarker at (-17,0) size 7x17: bullet
            RenderText {#text} at (0,0) size 59x17
              text run at (0,0) width 59: "Narrow:"
            RenderMeter {METER} at (714,0) size 30x16
              RenderBlock {DIV} at (0,0) size 30x16
                RenderBlock {DIV} at (0,0) size 15x16
      RenderBlock {H2} at (0,293) size 784x18
        RenderText {#text} at (0,0) size 241x17
          text run at (0,0) width 241: "continuous-capacity-level-indicator"
      RenderBlock {H2} at (0,327) size 784x212
        RenderBlock {UL} at (0,0) size 784x212
          RenderListItem {LI} at (40,0) size 744x18 [bgcolor=#EEEEEE]
            RenderListMarker at (-17,0) size 7x17: bullet
            RenderText {#text} at (0,0) size 88x17
              text run at (0,0) width 88: "value=10/10:"
            RenderMeter {METER} at (664,0) size 80x16
              RenderBlock {DIV} at (0,0) size 80x16
                RenderBlock {DIV} at (0,0) size 80x16
          RenderListItem {LI} at (40,18) size 744x18 [bgcolor=#CCCCCC]
            RenderListMarker at (-17,0) size 7x17: bullet
            RenderText {#text} at (0,0) size 80x17
              text run at (0,0) width 80: "value=8/10:"
            RenderMeter {METER} at (664,0) size 80x16
              RenderBlock {DIV} at (0,0) size 80x16
                RenderBlock {DIV} at (0,0) size 64x16
          RenderListItem {LI} at (40,36) size 744x18 [bgcolor=#EEEEEE]
            RenderListMarker at (-17,0) size 7x17: bullet
            RenderText {#text} at (0,0) size 80x17
              text run at (0,0) width 80: "value=5/10:"
            RenderMeter {METER} at (664,0) size 80x16
              RenderBlock {DIV} at (0,0) size 80x16
                RenderBlock {DIV} at (0,0) size 40x16
          RenderListItem {LI} at (40,54) size 744x18 [bgcolor=#CCCCCC]
            RenderListMarker at (-17,0) size 7x17: bullet
            RenderText {#text} at (0,0) size 80x17
              text run at (0,0) width 80: "value=2/10:"
            RenderMeter {METER} at (664,0) size 80x16
              RenderBlock {DIV} at (0,0) size 80x16
                RenderBlock {DIV} at (0,0) size 16x16
          RenderListItem {LI} at (40,72) size 744x18 [bgcolor=#EEEEEE]
            RenderListMarker at (-17,0) size 7x17: bullet
            RenderText {#text} at (0,0) size 80x17
              text run at (0,0) width 80: "value=0/10:"
            RenderMeter {METER} at (664,0) size 80x16
              RenderBlock {DIV} at (0,0) size 80x16
                RenderBlock {DIV} at (0,0) size 0x16
          RenderListItem {LI} at (40,90) size 744x18 [bgcolor=#CCCCCC]
            RenderListMarker at (-17,0) size 7x17: bullet
            RenderText {#text} at (0,0) size 39x17
              text run at (0,0) width 39: "RTL:"
            RenderMeter {METER} at (664,0) size 80x16
              RenderBlock {DIV} at (0,0) size 80x16
                RenderBlock {DIV} at (40,0) size 40x16
          RenderListItem {LI} at (40,108) size 744x50 [bgcolor=#EEEEEE]
            RenderListMarker at (-17,0) size 7x17: bullet
            RenderText {#text} at (0,0) size 33x17
              text run at (0,0) width 33: "Tall:"
            RenderMeter {METER} at (664,0) size 80x50
              RenderBlock {DIV} at (0,0) size 80x50
                RenderBlock {DIV} at (0,0) size 40x50
          RenderListItem {LI} at (40,158) size 744x18 [bgcolor=#CCCCCC]
            RenderListMarker at (-17,0) size 7x17: bullet
            RenderText {#text} at (0,0) size 44x17
              text run at (0,0) width 44: "Short:"
            RenderMeter {METER} at (664,0) size 80x5
              RenderBlock {DIV} at (0,0) size 80x5
                RenderBlock {DIV} at (0,0) size 24x5
          RenderListItem {LI} at (40,176) size 744x18 [bgcolor=#EEEEEE]
            RenderListMarker at (-17,0) size 7x17: bullet
            RenderText {#text} at (0,0) size 42x17
              text run at (0,0) width 42: "Wide:"
            RenderMeter {METER} at (444,0) size 300x16
              RenderBlock {DIV} at (0,0) size 300x16
                RenderBlock {DIV} at (0,0) size 150x16
          RenderListItem {LI} at (40,194) size 744x18 [bgcolor=#CCCCCC]
            RenderListMarker at (-17,0) size 7x17: bullet
            RenderText {#text} at (0,0) size 59x17
              text run at (0,0) width 59: "Narrow:"
            RenderMeter {METER} at (714,0) size 30x16
              RenderBlock {DIV} at (0,0) size 30x16
                RenderBlock {DIV} at (0,0) size 15x16
