layer at (0,0) size 800x600
  RenderView at (0,0) size 800x600
layer at (0,0) size 800x600
  RenderBlock {HTML} at (0,0) size 800x600
    RenderBody {BODY} at (8,8) size 784x584
      RenderText {#text} at (160,74) size 4x21
        text run at (160,74) width 4: " "
      RenderText {#text} at (324,74) size 4x21
        text run at (324,74) width 4: " "
      RenderText {#text} at (488,74) size 4x21
        text run at (488,74) width 4: " "
      RenderText {#text} at (652,74) size 4x21
        text run at (652,74) width 4: " "
      RenderText {#text} at (160,169) size 4x21
        text run at (160,169) width 4: " "
      RenderText {#text} at (324,169) size 4x21
        text run at (324,169) width 4: " "
      RenderText {#text} at (0,0) size 0x0
layer at (8,8) size 160x90
  RenderImage {IMG} at (0,0) size 160x90
layer at (172,8) size 160x90
  RenderImage {IMG} at (164,0) size 160x90
layer at (336,8) size 160x90
  RenderImage {IMG} at (328,0) size 160x90
layer at (500,8) size 160x90
  RenderImage {IMG} at (492,0) size 160x90
layer at (8,103) size 160x90
  RenderImage {IMG} at (0,95) size 160x90
layer at (172,103) size 160x90
  RenderImage {IMG} at (164,95) size 160x90
layer at (336,103) size 160x90
  RenderImage {IMG} at (328,95) size 160x90
