layer at (0,0) size 800x600
  RenderView at (0,0) size 800x600
layer at (0,0) size 800x600
  RenderBlock {HTML} at (0,0) size 800x600
    RenderBody {BODY} at (8,8) size 784x584
      RenderBlock {P} at (0,0) size 784x36
        RenderText {#text} at (0,0) size 108x17
          text run at (0,0) width 108: "This is a test for "
        RenderInline {I} at (0,0) size 730x35
          RenderInline {A} at (0,0) size 354x17 [color=#0000EE]
            RenderText {#text} at (107,0) size 354x17
              text run at (107,0) width 354: "http://bugzilla.opendarwin.org/show_bug.cgi?id=9252"
          RenderText {#text} at (460,0) size 730x35
            text run at (460,0) width 5: " "
            text run at (464,0) width 266: "REGRESSION: Very odd roll-over issues"
            text run at (0,18) width 147: "(content disappearing)"
        RenderText {#text} at (146,18) size 5x17
          text run at (146,18) width 5: "."
      RenderBlock {P} at (0,52) size 784x18
        RenderText {#text} at (0,0) size 247x17
          text run at (0,0) width 247: "There should be a green square below."
      RenderBlock {HR} at (0,86) size 784x2 [border: (1px inset #000000)]
      RenderBlock {DIV} at (0,96) size 784x0
      RenderBlock {DIV} at (0,96) size 100x100 [bgcolor=#008000]
