layer at (0,0) size 784x2805
  RenderView at (0,0) size 784x600
layer at (0,0) size 784x2805
  RenderBlock {HTML} at (0,0) size 784x2805
    RenderBody {BODY} at (8,8) size 768x2789 [bgcolor=#CCCCCC]
      RenderBlock {P} at (0,0) size 768x18
        RenderText {#text} at (0,0) size 363x17
          text run at (0,0) width 363: "The style declarations which apply to the text below are:"
      RenderBlock {PRE} at (0,34) size 768x300
        RenderText {#text} at (0,0) size 219x300
          text run at (0,0) width 196: ".one {font-size: medium;}"
          text run at (195,0) width 1: " "
          text run at (0,15) width 196: ".two {font-size: larger;}"
          text run at (195,15) width 1: " "
          text run at (0,30) width 219: ".three {font-size: smaller;}"
          text run at (218,30) width 1: " "
          text run at (0,45) width 219: ".four {font-size: xx-small;}"
          text run at (218,45) width 1: " "
          text run at (0,60) width 211: ".five {font-size: x-small;}"
          text run at (210,60) width 1: " "
          text run at (0,75) width 188: ".six {font-size: small;}"
          text run at (187,75) width 1: " "
          text run at (0,90) width 203: ".seven {font-size: large;}"
          text run at (202,90) width 1: " "
          text run at (0,105) width 219: ".eight {font-size: x-large;}"
          text run at (218,105) width 1: " "
          text run at (0,120) width 219: ".nine {font-size: xx-large;}"
          text run at (218,120) width 1: " "
          text run at (0,135) width 172: ".a {font-size: 0.5in;}"
          text run at (171,135) width 1: " "
          text run at (0,150) width 157: ".b {font-size: 1cm;}"
          text run at (156,150) width 1: " "
          text run at (0,165) width 164: ".c {font-size: 10mm;}"
          text run at (163,165) width 1: " "
          text run at (0,180) width 164: ".d {font-size: 18pt;}"
          text run at (163,180) width 1: " "
          text run at (0,195) width 172: ".e {font-size: 1.5pc;}"
          text run at (171,195) width 1: " "
          text run at (0,210) width 157: ".f {font-size: 2em;}"
          text run at (156,210) width 1: " "
          text run at (0,225) width 157: ".g {font-size: 3ex;}"
          text run at (156,225) width 1: " "
          text run at (0,240) width 164: ".h {font-size: 25px;}"
          text run at (163,240) width 1: " "
          text run at (0,255) width 164: ".i {font-size: 200%;}"
          text run at (163,255) width 1: " "
          text run at (0,270) width 180: ".j {font-size: -0.5in;}"
          text run at (179,270) width 1: " "
          text run at (0,285) width 0: " "
      RenderBlock {HR} at (0,347) size 768x2 [border: (1px inset #000000)]
      RenderBlock {P} at (0,365) size 768x18
        RenderText {#text} at (0,0) size 707x17
          text run at (0,0) width 707: "This paragraph element is unstyled, so the size of the font in this element is the default size for this user agent."
      RenderBlock {P} at (0,399) size 768x18
        RenderText {#text} at (0,0) size 190x17
          text run at (0,0) width 190: "This sentence has been set to "
        RenderInline {CODE} at (0,0) size 48x15
          RenderText {#text} at (189,3) size 48x15
            text run at (189,3) width 48: "medium"
        RenderText {#text} at (236,0) size 368x17
          text run at (236,0) width 368: ", which may or may not be the same size as unstyled text."
      RenderBlock {P} at (0,436) size 768x22
        RenderText {#text} at (0,0) size 376x21
          text run at (0,0) width 376: "This sentence should be larger than unstyled text."
      RenderBlock {P} at (0,477) size 768x16
        RenderText {#text} at (0,0) size 265x15
          text run at (0,0) width 265: "This sentence should be smaller than unstyled text."
      RenderBlock {P} at (0,506) size 768x18
        RenderText {#text} at (0,6) size 286x10
          text run at (0,6) width 286: "This sentence should be very small, but the last word in the sentence should be "
        RenderInline {SPAN} at (0,0) size 54x17
          RenderText {#text} at (285,0) size 54x17
            text run at (285,0) width 54: "medium"
        RenderText {#text} at (338,6) size 3x10
          text run at (338,6) width 3: "."
      RenderBlock {P} at (0,534) size 768x18
        RenderText {#text} at (0,5) size 324x11
          text run at (0,5) width 324: "This sentence should be rather small, but the last word in the sentence should be "
        RenderInline {SPAN} at (0,0) size 53x17
          RenderText {#text} at (323,0) size 53x17
            text run at (323,0) width 53: "medium"
        RenderText {#text} at (375,5) size 4x11
          text run at (375,5) width 4: "."
      RenderBlock {P} at (0,565) size 768x18
        RenderText {#text} at (0,2) size 387x15
          text run at (0,2) width 387: "This sentence should be small, but the last word in the sentence should be "
        RenderInline {SPAN} at (0,0) size 54x17
          RenderText {#text} at (386,0) size 54x17
            text run at (386,0) width 54: "medium"
        RenderText {#text} at (439,2) size 4x15
          text run at (439,2) width 4: "."
      RenderBlock {P} at (0,601) size 768x21
        RenderText {#text} at (0,0) size 533x20
          text run at (0,0) width 533: "This sentence should be large, but the last word in the sentence should be "
        RenderInline {SPAN} at (0,0) size 53x17
          RenderText {#text} at (532,2) size 53x17
            text run at (532,2) width 53: "medium"
        RenderText {#text} at (584,0) size 6x20
          text run at (584,0) width 6: "."
      RenderBlock {P} at (0,646) size 768x54
        RenderText {#text} at (0,0) size 766x26
          text run at (0,0) width 766: "This sentence should be rather large, but the last word in the sentence should be"
        RenderInline {SPAN} at (0,0) size 53x17
          RenderText {#text} at (0,34) size 53x17
            text run at (0,34) width 53: "medium"
        RenderText {#text} at (52,27) size 7x26
          text run at (52,27) width 7: "."
      RenderBlock {P} at (0,732) size 768x74
        RenderText {#text} at (0,0) size 754x73
          text run at (0,0) width 754: "This sentence should be very large, but the last word in the"
          text run at (0,37) width 250: "sentence should be "
        RenderInline {SPAN} at (0,0) size 54x17
          RenderText {#text} at (249,52) size 54x17
            text run at (249,52) width 54: "medium"
        RenderText {#text} at (302,37) size 9x36
          text run at (302,37) width 9: "."
      RenderBlock {P} at (0,854) size 768x110
        RenderText {#text} at (0,1) size 699x108
          text run at (0,1) width 699: "This sentence should be half an inch"
          text run at (0,56) width 74: "tall."
      RenderBlock {P} at (0,1012) size 768x44
        RenderText {#text} at (0,1) size 666x42
          text run at (0,1) width 666: "This sentence should be one centimeter tall."
      RenderBlock {P} at (0,1093) size 768x44
        RenderText {#text} at (0,1) size 671x42
          text run at (0,1) width 671: "This sentence should be ten millimeters tall."
      RenderBlock {P} at (0,1174) size 768x27
        RenderText {#text} at (0,0) size 425x26
          text run at (0,0) width 425: "This sentence should be eighteen points tall."
      RenderBlock {P} at (0,1225) size 768x27
        RenderText {#text} at (0,0) size 494x26
          text run at (0,0) width 494: "This sentence should be one and one half picas tall."
      RenderBlock {P} at (0,1284) size 768x37
        RenderText {#text} at (0,0) size 467x36
          text run at (0,0) width 467: "This sentence should be two em tall."
      RenderBlock {P} at (0,1353) size 768x26
        RenderText {#text} at (0,0) size 326x25
          text run at (0,0) width 326: "This sentence should be three ex tall."
      RenderBlock {P} at (0,1404) size 768x28
        RenderText {#text} at (0,0) size 472x27
          text run at (0,0) width 472: "This sentence should be twenty-five pixels tall."
      RenderBlock {P} at (0,1464) size 768x37
        RenderText {#text} at (0,0) size 549x36
          text run at (0,0) width 549: "This sentence should be twice normal size."
      RenderBlock {P} at (0,1533) size 768x18
        RenderText {#text} at (0,0) size 686x17
          text run at (0,0) width 686: "This sentence should be normal size, since no negative values are allowed and therefore should be ignored."
      RenderTable {TABLE} at (0,1567) size 768x1222 [border: (1px outset #808080)]
        RenderTableSection {TBODY} at (1,1) size 766x1220
          RenderTableRow {TR} at (0,0) size 766x26
            RenderTableCell {TD} at (0,0) size 766x26 [bgcolor=#C0C0C0] [border: (1px inset #808080)] [r=0 c=0 rs=1 cs=2]
              RenderInline {STRONG} at (0,0) size 163x17
                RenderText {#text} at (4,4) size 163x17
                  text run at (4,4) width 163: "TABLE Testing Section"
          RenderTableRow {TR} at (0,26) size 766x1194
            RenderTableCell {TD} at (0,610) size 12x26 [bgcolor=#C0C0C0] [border: (1px inset #808080)] [r=1 c=0 rs=1 cs=1]
              RenderText {#text} at (4,4) size 4x17
                text run at (4,4) width 4: " "
            RenderTableCell {TD} at (12,26) size 754x1194 [border: (1px inset #808080)] [r=1 c=1 rs=1 cs=1]
              RenderBlock {P} at (4,4) size 746x18
                RenderText {#text} at (0,0) size 707x17
                  text run at (0,0) width 707: "This paragraph element is unstyled, so the size of the font in this element is the default size for this user agent."
              RenderBlock {P} at (4,38) size 746x18
                RenderText {#text} at (0,0) size 190x17
                  text run at (0,0) width 190: "This sentence has been set to "
                RenderInline {CODE} at (0,0) size 48x15
                  RenderText {#text} at (189,3) size 48x15
                    text run at (189,3) width 48: "medium"
                RenderText {#text} at (236,0) size 368x17
                  text run at (236,0) width 368: ", which may or may not be the same size as unstyled text."
              RenderBlock {P} at (4,75) size 746x22
                RenderText {#text} at (0,0) size 376x21
                  text run at (0,0) width 376: "This sentence should be larger than unstyled text."
              RenderBlock {P} at (4,116) size 746x16
                RenderText {#text} at (0,0) size 265x15
                  text run at (0,0) width 265: "This sentence should be smaller than unstyled text."
              RenderBlock {P} at (4,145) size 746x18
                RenderText {#text} at (0,6) size 286x10
                  text run at (0,6) width 286: "This sentence should be very small, but the last word in the sentence should be "
                RenderInline {SPAN} at (0,0) size 54x17
                  RenderText {#text} at (285,0) size 54x17
                    text run at (285,0) width 54: "medium"
                RenderText {#text} at (338,6) size 3x10
                  text run at (338,6) width 3: "."
              RenderBlock {P} at (4,173) size 746x18
                RenderText {#text} at (0,5) size 324x11
                  text run at (0,5) width 324: "This sentence should be rather small, but the last word in the sentence should be "
                RenderInline {SPAN} at (0,0) size 53x17
                  RenderText {#text} at (323,0) size 53x17
                    text run at (323,0) width 53: "medium"
                RenderText {#text} at (375,5) size 4x11
                  text run at (375,5) width 4: "."
              RenderBlock {P} at (4,204) size 746x18
                RenderText {#text} at (0,2) size 387x15
                  text run at (0,2) width 387: "This sentence should be small, but the last word in the sentence should be "
                RenderInline {SPAN} at (0,0) size 54x17
                  RenderText {#text} at (386,0) size 54x17
                    text run at (386,0) width 54: "medium"
                RenderText {#text} at (439,2) size 4x15
                  text run at (439,2) width 4: "."
              RenderBlock {P} at (4,240) size 746x21
                RenderText {#text} at (0,0) size 533x20
                  text run at (0,0) width 533: "This sentence should be large, but the last word in the sentence should be "
                RenderInline {SPAN} at (0,0) size 53x17
                  RenderText {#text} at (532,2) size 53x17
                    text run at (532,2) width 53: "medium"
                RenderText {#text} at (584,0) size 6x20
                  text run at (584,0) width 6: "."
              RenderBlock {P} at (4,285) size 746x54
                RenderText {#text} at (0,0) size 738x53
                  text run at (0,0) width 738: "This sentence should be rather large, but the last word in the sentence should"
                  text run at (0,27) width 29: "be "
                RenderInline {SPAN} at (0,0) size 54x17
                  RenderText {#text} at (28,34) size 54x17
                    text run at (28,34) width 54: "medium"
                RenderText {#text} at (81,27) size 7x26
                  text run at (81,27) width 7: "."
              RenderBlock {P} at (4,371) size 746x74
                RenderText {#text} at (0,0) size 707x73
                  text run at (0,0) width 707: "This sentence should be very large, but the last word in"
                  text run at (0,37) width 297: "the sentence should be "
                RenderInline {SPAN} at (0,0) size 54x17
                  RenderText {#text} at (296,52) size 54x17
                    text run at (296,52) width 54: "medium"
                RenderText {#text} at (349,37) size 9x36
                  text run at (349,37) width 9: "."
              RenderBlock {P} at (4,493) size 746x110
                RenderText {#text} at (0,1) size 699x108
                  text run at (0,1) width 699: "This sentence should be half an inch"
                  text run at (0,56) width 74: "tall."
              RenderBlock {P} at (4,651) size 746x44
                RenderText {#text} at (0,1) size 666x42
                  text run at (0,1) width 666: "This sentence should be one centimeter tall."
              RenderBlock {P} at (4,732) size 746x44
                RenderText {#text} at (0,1) size 671x42
                  text run at (0,1) width 671: "This sentence should be ten millimeters tall."
              RenderBlock {P} at (4,813) size 746x27
                RenderText {#text} at (0,0) size 425x26
                  text run at (0,0) width 425: "This sentence should be eighteen points tall."
              RenderBlock {P} at (4,864) size 746x27
                RenderText {#text} at (0,0) size 494x26
                  text run at (0,0) width 494: "This sentence should be one and one half picas tall."
              RenderBlock {P} at (4,923) size 746x37
                RenderText {#text} at (0,0) size 467x36
                  text run at (0,0) width 467: "This sentence should be two em tall."
              RenderBlock {P} at (4,992) size 746x26
                RenderText {#text} at (0,0) size 326x25
                  text run at (0,0) width 326: "This sentence should be three ex tall."
              RenderBlock {P} at (4,1043) size 746x28
                RenderText {#text} at (0,0) size 472x27
                  text run at (0,0) width 472: "This sentence should be twenty-five pixels tall."
              RenderBlock {P} at (4,1103) size 746x37
                RenderText {#text} at (0,0) size 549x36
                  text run at (0,0) width 549: "This sentence should be twice normal size."
              RenderBlock {P} at (4,1172) size 746x18
                RenderText {#text} at (0,0) size 686x17
                  text run at (0,0) width 686: "This sentence should be normal size, since no negative values are allowed and therefore should be ignored."
