layer at (0,0) size 9200x800
  RenderView at (0,0) size 784x584
layer at (0,0) size 784x584
  RenderBlock {HTML} at (0,0) size 784x584
    RenderBody {BODY} at (8,8) size 768x560
      RenderBlock {DIV} at (0,0) size 768x36
        RenderBlock {P} at (0,0) size 768x36
          RenderText {#text} at (0,0) size 765x35
            text run at (0,0) width 765: "Test that an iframe with negative coordinates is not flattened, but an iframe with positive coordinates is, even if it is out"
            text run at (0,18) width 53: "of view."
      RenderBlock {P} at (0,52) size 768x0
      RenderBlock {P} at (0,52) size 768x0
layer at (1200,0) size 8000x800
  RenderPartObject {IFRAME} at (1200,0) size 8000x800
    layer at (0,0) size 8000x800
      RenderView at (0,0) size 8000x800
    layer at (0,0) size 8000x800
      RenderBlock {HTML} at (0,0) size 8000x800
        RenderBody {BODY} at (8,8) size 7984x784 [bgcolor=#0000FF]
    layer at (0,0) size 8000x800
      RenderBlock (positioned) {DIV} at (0,0) size 8000x800
        RenderText {#text} at (0,0) size 454x17
          text run at (0,0) width 454: "You will not see me but you will see the horizontal scrollbar streching."
