layer at (0,0) size 800x600
  RenderView at (0,0) size 800x600
layer at (0,0) size 800x172
  RenderBlock {html} at (0,0) size 800x172
    RenderBody {body} at (8,16) size 784x140
      RenderBlock {p} at (0,0) size 784x36 [bgcolor=#FFFFFF]
        RenderText {#text} at (0,0) size 757x17
          text run at (0,0) width 229: "This paragraph should be unstyled. "
          text run at (228,0) width 455: "The background of the following paragraph should become blue when "
          text run at (682,0) width 75: "you follow "
        RenderInline {a} at (0,0) size 780x35 [color=#0000EE]
          RenderText {#text} at (756,0) size 780x35
            text run at (756,0) width 24: "this"
            text run at (0,18) width 25: "link"
        RenderText {#text} at (24,18) size 5x17
          text run at (24,18) width 5: "."
      RenderBlock {p} at (0,52) size 784x36 [bgcolor=#FFFFFF]
        RenderText {#text} at (0,0) size 745x17
          text run at (0,0) width 283: "This paragraph should initially be unstyled. "
          text run at (282,0) width 463: "It should become blue when you select the link above. When you select "
        RenderInline {a} at (0,0) size 768x35 [color=#0000EE]
          RenderText {#text} at (744,0) size 768x35
            text run at (744,0) width 24: "this"
            text run at (0,18) width 25: "link"
        RenderText {#text} at (24,18) size 639x17
          text run at (24,18) width 276: ", it should return to being unstyled and the "
          text run at (299,18) width 364: "background of the paragraph below should become blue."
      RenderBlock {p} at (0,104) size 784x36 [bgcolor=#FFFFFF]
        RenderText {#text} at (0,0) size 750x17
          text run at (0,0) width 283: "This paragraph should initially be unstyled. "
          text run at (282,0) width 468: "It should become blue when you select the link above. When you follow "
        RenderInline {a} at (0,0) size 773x35 [color=#0000EE]
          RenderText {#text} at (749,0) size 773x35
            text run at (749,0) width 24: "this"
            text run at (0,18) width 25: "link"
        RenderText {#text} at (24,18) size 366x17
          text run at (24,18) width 143: ", the three paragraphs "
          text run at (166,18) width 224: "should all return to being unstyled."
