layer at (0,0) size 800x600
  RenderView at (0,0) size 800x600
layer at (0,0) size 800x84
  RenderBlock {html} at (0,0) size 800x84
    RenderBody {body} at (8,16) size 784x52
      RenderBlock {p} at (0,0) size 784x18
        RenderText {#text} at (0,0) size 84x17
          text run at (0,0) width 84: "This test has "
        RenderInline {span} at (0,0) size 61x17
          RenderInline (generated) at (0,0) size 61x17 [bgcolor=#00FF00]
            RenderText at (83,0) size 61x17
              text run at (83,0) width 61: "PASSED"
        RenderText {#text} at (143,0) size 5x17
          text run at (143,0) width 5: "."
      RenderBlock {p} at (0,34) size 784x18
        RenderText {#text} at (0,0) size 457x17
          text run at (0,0) width 457: "(If the previous line just reads \"This test has .\" then this test has failed.)"
