layer at (0,0) size 800x600
  RenderView at (0,0) size 800x600
layer at (0,0) size 800x68
  RenderBlock {html} at (0,0) size 800x68
    RenderBody {body} at (8,16) size 784x36
      RenderBlock {p} at (0,0) size 784x36
        RenderText {#text} at (0,0) size 624x17
          text run at (0,0) width 624: "You should see after this paragraph the words GENERATED CONTENT over green background"
        RenderInline (generated) at (0,0) size 720x35 [bgcolor=#00FF00]
          RenderText at (623,0) size 720x35
            text run at (623,0) width 97: "GENERATED"
            text run at (0,18) width 75: "CONTENT"
