layer at (0,0) size 800x600
  RenderView at (0,0) size 800x600
layer at (0,0) size 800x42
  RenderBlock {html} at (0,0) size 800x42
    RenderBody {body} at (8,8) size 784x18
      RenderBlock {div} at (0,0) size 784x18
        RenderBlock {t} at (0,0) size 784x18 [color=#008000]
          RenderText {#text} at (0,0) size 291x17
            text run at (0,0) width 291: "This paragraph should be in green characters."
