layer at (0,0) size 800x600
  RenderView at (0,0) size 800x600
layer at (0,0) size 800x76
  RenderBlock {html} at (0,0) size 800x76
    RenderBody {body} at (8,16) size 784x52
      RenderBlock {p} at (0,0) size 784x18 [bgcolor=#00FF00]
        RenderText {#text} at (0,0) size 488x17
          text run at (0,0) width 409: "This paragraph should have green background because CLASS "
          text run at (408,0) width 80: "contains \"b\""
      RenderBlock {address} at (0,34) size 784x18 [bgcolor=#00FF00]
        RenderInline {span} at (0,0) size 159x17
          RenderText {#text} at (0,0) size 159x17
            text run at (0,0) width 159: "This address should also"
        RenderText {#text} at (158,0) size 5x17
          text run at (158,0) width 5: " "
        RenderInline {span} at (0,0) size 610x17
          RenderText {#text} at (162,0) size 610x17
            text run at (162,0) width 357: "have green background because the selector in the last "
            text run at (518,0) width 254: "rule does not apply to the inner SPANs."
        RenderText {#text} at (0,0) size 0x0
