layer at (0,0) size 800x600
  RenderView at (0,0) size 800x600
layer at (0,0) size 800x214
  RenderBlock {html} at (0,0) size 800x214
    RenderBody {body} at (8,8) size 784x198
      RenderBlock (anonymous) at (0,0) size 784x0
        RenderInline {test} at (0,0) size 0x0
          RenderText {#text} at (0,0) size 0x0
      RenderBlock (anonymous) at (0,0) size 784x198
        RenderBlock {line} at (0,0) size 784x18 [bgcolor=#00FF00]
          RenderText {#text} at (0,0) size 166x17
            text run at (0,0) width 166: "This line should be green."
        RenderBlock {line} at (0,18) size 784x18
          RenderText {#text} at (0,0) size 185x17
            text run at (0,0) width 185: "This line should be unstyled."
        RenderBlock {line} at (0,36) size 784x18
          RenderText {#text} at (0,0) size 185x17
            text run at (0,0) width 185: "This line should be unstyled."
        RenderBlock {line} at (0,54) size 784x18 [bgcolor=#00FF00]
          RenderText {#text} at (0,0) size 166x17
            text run at (0,0) width 166: "This line should be green."
        RenderBlock {line} at (0,72) size 784x18
          RenderText {#text} at (0,0) size 185x17
            text run at (0,0) width 185: "This line should be unstyled."
        RenderBlock {line} at (0,90) size 784x18 [bgcolor=#00FF00]
          RenderText {#text} at (0,0) size 166x17
            text run at (0,0) width 166: "This line should be green."
        RenderBlock {line} at (0,108) size 784x18 [bgcolor=#00FF00]
          RenderText {#text} at (0,0) size 166x17
            text run at (0,0) width 166: "This line should be green."
        RenderBlock {line} at (0,126) size 784x18
          RenderText {#text} at (0,0) size 185x17
            text run at (0,0) width 185: "This line should be unstyled."
        RenderBlock {line} at (0,144) size 784x18 [bgcolor=#00FF00]
          RenderText {#text} at (0,0) size 166x17
            text run at (0,0) width 166: "This line should be green."
        RenderBlock {line} at (0,162) size 784x18
          RenderText {#text} at (0,0) size 185x17
            text run at (0,0) width 185: "This line should be unstyled."
        RenderBlock {line} at (0,180) size 784x18 [bgcolor=#00FF00]
          RenderText {#text} at (0,0) size 166x17
            text run at (0,0) width 166: "This line should be green."
      RenderBlock (anonymous) at (0,198) size 784x0
        RenderInline {test} at (0,0) size 0x0
        RenderText {#text} at (0,0) size 0x0
