layer at (0,0) size 800x600
  RenderView at (0,0) size 800x600
layer at (0,0) size 800x110
  RenderBlock {html} at (0,0) size 800x110
    RenderBody {body} at (8,8) size 784x86
      RenderBlock {div} at (0,0) size 784x86
        RenderBlock {q} at (0,0) size 784x18 [bgcolor=#00FF00]
          RenderText {#text} at (0,0) size 312x17
            text run at (0,0) width 312: "This paragraph should have a green background."
        RenderBlock {r} at (0,34) size 784x18
          RenderText {#text} at (0,0) size 225x17
            text run at (0,0) width 225: "This paragraph should be unstyled."
        RenderBlock {s} at (0,68) size 784x18
          RenderText {#text} at (0,0) size 225x17
            text run at (0,0) width 225: "This paragraph should be unstyled."
