layer at (0,0) size 800x600
  RenderView at (0,0) size 800x600
layer at (0,0) size 800x121
  RenderBlock {html} at (0,0) size 800x121
    RenderBody {body} at (8,16) size 784x89
      RenderBlock {div} at (0,0) size 784x89
        RenderBlock {p} at (0,0) size 784x19 [bgcolor=#008000]
          RenderText {#text} at (0,0) size 552x19
            text run at (0,0) width 385: "This paragraph should have a green background because the "
            text run at (385,0) width 167: "enclosing div is in english."
        RenderBlock {p} at (0,35) size 784x19 [bgcolor=#008000]
          RenderText {#text} at (0,0) size 453x19
            text run at (0,0) width 362: "This paragraph should have a green background because "
            text run at (362,0) width 91: "it is in english."
        RenderBlock {div} at (0,70) size 784x19 [bgcolor=#FF0000]
          RenderBlock {p} at (0,0) size 784x19 [bgcolor=#008000]
            RenderText {#text} at (0,0) size 453x19
              text run at (0,0) width 308: "This paragraph should have a green background "
              text run at (308,0) width 145: "because it is in english."
