layer at (0,0) size 800x600
  RenderView at (0,0) size 800x600
layer at (0,0) size 800x136
  RenderBlock {html} at (0,0) size 800x136
    RenderBody {body} at (8,16) size 784x104
      RenderBlock {blockquote} at (40,0) size 704x18
        RenderBlock {div} at (0,0) size 704x18
          RenderText {#text} at (0,0) size 185x17
            text run at (0,0) width 185: "This text should be unstyled."
      RenderBlock {div} at (0,34) size 784x18
        RenderText {#text} at (0,0) size 185x17
          text run at (0,0) width 185: "This text should be unstyled."
      RenderBlock {div} at (0,52) size 784x18
        RenderText {#text} at (0,0) size 185x17
          text run at (0,0) width 185: "This text should be unstyled."
      RenderBlock {p} at (0,86) size 784x18 [color=#008000]
        RenderText {#text} at (0,0) size 166x17
          text run at (0,0) width 166: "This text should be green."
