layer at (0,0) size 800x600
  RenderView at (0,0) size 800x600
layer at (0,0) size 800x35
  RenderBlock {html} at (0,0) size 800x35
    RenderBody {body} at (8,8) size 784x19
      RenderInline {testa} at (0,0) size 304x19 [bgcolor=#00FF00]
        RenderText {#text} at (0,0) size 304x19
          text run at (0,0) width 304: "This paragraph should have a green background"
      RenderText {#text} at (0,0) size 0x0
