layer at (0,0) size 800x600
  RenderView at (0,0) size 800x600
layer at (0,0) size 800x54
  RenderBlock {html} at (0,0) size 800x54
    RenderBody {body} at (8,16) size 784x22
      RenderBlock {p} at (0,0) size 784x22
        RenderBlock {input} at (4,3) size 16x16 [bgcolor=#00FF00]
        RenderText {#text} at (24,2) size 4x19
          text run at (24,2) width 4: " "
        RenderInline {span} at (0,0) size 388x19 [bgcolor=#00FF00]
          RenderText {#text} at (28,2) size 388x19
            text run at (28,2) width 388: "Everything in this paragraph should have a green background"
