layer at (0,0) size 800x600
  RenderView at (0,0) size 800x600
layer at (0,0) size 800x120
  RenderBlock {html} at (0,0) size 800x120
    RenderBody {body} at (8,16) size 784x88
      RenderBlock {ul} at (0,0) size 784x36
        RenderListItem {li} at (40,0) size 744x18 [bgcolor=#00FF00]
          RenderListMarker at (-17,0) size 7x17: bullet
          RenderText {#text} at (0,0) size 441x17
            text run at (0,0) width 344: "This list item should be green because its language is "
            text run at (343,0) width 98: "British English"
        RenderListItem {li} at (40,18) size 744x18 [bgcolor=#00FF00]
          RenderListMarker at (-17,0) size 7x17: bullet
          RenderText {#text} at (0,0) size 496x17
            text run at (0,0) width 330: "This list item should be green because its language "
            text run at (329,0) width 167: "is British English (Wales)"
      RenderBlock {ol} at (0,52) size 784x36
        RenderListItem {li} at (40,0) size 744x18
          RenderListMarker at (-20,0) size 16x17: "1"
          RenderText {#text} at (0,0) size 455x17
            text run at (0,0) width 367: "This list item should NOT be green because its language "
            text run at (366,0) width 89: "is US English"
        RenderListItem {li} at (40,18) size 744x18
          RenderListMarker at (-20,0) size 16x17: "2"
          RenderText {#text} at (0,0) size 426x17
            text run at (0,0) width 381: "This list item should NOT be green because its language is "
            text run at (380,0) width 46: "French"
