layer at (0,0) size 800x600
  RenderView at (0,0) size 800x600
layer at (0,0) size 800x52
  RenderBlock {html} at (0,0) size 800x52
    RenderBody {body} at (8,8) size 784x36
      RenderBlock {div} at (0,0) size 784x18
        RenderText {#text} at (0,0) size 157x17
          text run at (0,0) width 157: "This should be unstyled."
      RenderBlock {div} at (0,18) size 784x18 [bgcolor=#00FF00]
        RenderText {#text} at (0,0) size 244x17
          text run at (0,0) width 244: "This should have a green background."
