layer at (0,0) size 800x600
  RenderView at (0,0) size 800x600
layer at (0,0) size 800x142
  RenderBlock {html} at (0,0) size 800x142
    RenderBody {body} at (8,8) size 784x126
      RenderBlock {tests} at (0,0) size 784x126 [color=#FF0000]
        RenderBlock {testA} at (0,0) size 784x18 [color=#008000]
          RenderText {#text} at (0,0) size 138x17
            text run at (0,0) width 138: "This should be green."
        RenderBlock {testB} at (0,18) size 784x18 [color=#008000]
          RenderText {#text} at (0,0) size 138x17
            text run at (0,0) width 138: "This should be green."
        RenderBlock {testC} at (0,36) size 784x18 [color=#008000]
          RenderText {#text} at (0,0) size 138x17
            text run at (0,0) width 138: "This should be green."
        RenderBlock {testD} at (0,54) size 784x18 [color=#008000]
          RenderText {#text} at (0,0) size 138x17
            text run at (0,0) width 138: "This should be green."
        RenderBlock {testE} at (0,72) size 784x18 [color=#008000]
          RenderText {#text} at (0,0) size 138x17
            text run at (0,0) width 138: "This should be green."
        RenderBlock {testF} at (0,90) size 784x18 [color=#008000]
          RenderText {#text} at (0,0) size 138x17
            text run at (0,0) width 138: "This should be green."
        RenderBlock {testG} at (0,108) size 784x18 [color=#008000]
          RenderText {#text} at (0,0) size 138x17
            text run at (0,0) width 138: "This should be green."
