layer at (0,0) size 800x600
  RenderView at (0,0) size 800x600
layer at (0,0) size 800x110
  RenderBlock {html} at (0,0) size 800x110 [color=#00FF00]
    RenderBody {body} at (8,16) size 784x86
      RenderBlock {p} at (0,0) size 784x18 [color=#FF0000]
        RenderInline {span} at (0,0) size 473x17 [color=#00FF00]
          RenderText {#text} at (0,0) size 473x17
            text run at (0,0) width 368: "This paragraph, and all textual contents in the document, "
            text run at (367,0) width 106: "should be green."
        RenderText {#text} at (0,0) size 0x0
      RenderBlock {ul} at (0,34) size 784x18 [color=#FF0000]
        RenderListItem {li} at (40,0) size 744x18 [color=#00FF00]
          RenderListMarker at (-17,0) size 7x17: bullet
          RenderText {#text} at (0,0) size 171x17
            text run at (0,0) width 171: "This item should be green."
      RenderBlock (anonymous) at (0,68) size 784x18
        RenderInline {foo} at (0,0) size 458x17
          RenderText {#text} at (0,0) size 458x17
            text run at (0,0) width 332: "And this element, part of a non-HTML namespace, "
            text run at (331,0) width 127: "should be green too"
        RenderText {#text} at (0,0) size 0x0
