layer at (0,0) size 800x600
  RenderView at (0,0) size 800x600
layer at (0,0) size 800x128
  RenderBlock {html} at (0,0) size 800x128
    RenderBody {body} at (8,8) size 784x104
      RenderBlock {div} at (0,0) size 784x104
        RenderBlock (anonymous) at (0,0) size 784x18
          RenderText {#text} at (0,0) size 196x17
            text run at (0,0) width 196: "This div contains 3 addresses :"
        RenderBlock {address} at (16,18) size 768x18
          RenderText {#text} at (0,0) size 256x17
            text run at (0,0) width 256: "A first address with normal background"
        RenderBlock {address} at (16,52) size 768x18 [bgcolor=#00FF00]
          RenderText {#text} at (0,0) size 355x17
            text run at (0,0) width 355: "A second address that should have a green background"
        RenderBlock {address} at (16,86) size 768x18 [bgcolor=#00FF00]
          RenderText {#text} at (0,0) size 342x17
            text run at (0,0) width 342: "A third address that should have a green background"
