layer at (0,0) size 800x600
  RenderView at (0,0) size 800x600
layer at (0,0) size 800x186
  RenderBlock {html} at (0,0) size 800x186
    RenderBody {body} at (8,16) size 784x154
      RenderBlock {div} at (0,0) size 784x154
        RenderBlock {p} at (0,0) size 784x18
          RenderText {#text} at (0,0) size 225x17
            text run at (0,0) width 225: "This paragraph should be unstyled."
        RenderBlock {p} at (0,34) size 784x18 [bgcolor=#00FF00]
          RenderText {#text} at (0,0) size 289x17
            text run at (0,0) width 289: "But this one should have a green background"
        RenderBlock {p} at (0,68) size 784x18 [bgcolor=#00FF00]
          RenderText {#text} at (0,0) size 323x17
            text run at (0,0) width 323: "And this one should also have a green background"
        RenderBlock {address} at (0,102) size 784x18
          RenderText {#text} at (0,0) size 438x17
            text run at (0,0) width 438: "This address is only here to fill some space between two paragraphs"
        RenderBlock {p} at (0,136) size 784x18 [bgcolor=#00FF00]
          RenderText {#text} at (0,0) size 308x17
            text run at (0,0) width 308: "This paragraph should have a green background"
