layer at (0,0) size 800x600
  RenderView at (0,0) size 800x600
layer at (0,0) size 800x299
  RenderBlock {html} at (0,0) size 800x299
    RenderBody {body} at (8,16) size 784x267
      RenderBlock {div} at (0,0) size 784x267
        RenderBlock {p} at (0,0) size 784x38
          RenderText {#text} at (0,0) size 749x19
            text run at (0,0) width 749: "The background color of this paragraph should turn to green when the mouse pointer hovers over any of the following:"
          RenderBR {br} at (749,0) size 0x19
          RenderInline {strong} at (0,0) size 63x19
            RenderText {#text} at (0,19) size 63x19
              text run at (0,19) width 63: "This text."
        RenderBlock {p} at (0,54) size 784x19
          RenderText {#text} at (0,0) size 59x19
            text run at (0,0) width 59: "This text."
        RenderTable {table} at (0,89) size 111x105
          RenderTableSection (anonymous) at (0,0) size 111x105
            RenderTableRow {tr} at (0,2) size 111x78
              RenderTableCell {td} at (2,2) size 107x78 [r=0 c=0 rs=1 cs=1]
                RenderTable {table} at (1,1) size 105x76
                  RenderTableSection (anonymous) at (0,0) size 105x76
                    RenderTableRow {tr} at (0,2) size 105x72
                      RenderTableCell {td} at (2,2) size 101x72 [r=0 c=0 rs=1 cs=1]
                        RenderBlock {dl} at (1,17) size 99x38
                          RenderBlock {dt} at (0,0) size 99x19
                            RenderText {#text} at (0,0) size 59x19
                              text run at (0,0) width 59: "This text."
                          RenderBlock {dd} at (40,19) size 59x19
                            RenderText {#text} at (0,0) size 59x19
                              text run at (0,0) width 59: "This text."
            RenderTableRow {tr} at (0,82) size 111x21
              RenderTableCell {td} at (2,82) size 107x21 [r=1 c=0 rs=1 cs=1]
                RenderText {#text} at (1,1) size 59x19
                  text run at (1,1) width 59: "This text."
        RenderBlock {p} at (0,210) size 784x22
          RenderInline {sub} at (0,0) size 51x15
            RenderText {#text} at (0,7) size 51x15
              text run at (0,7) width 51: "This text."
        RenderBlock {p} at (0,248) size 784x19
          RenderText {#text} at (0,0) size 573x19
            text run at (0,0) width 573: "...and anything else between the top of the first paragraph and the bottom of this paragraph."
