layer at (0,0) size 800x600
  RenderView at (0,0) size 800x600
layer at (0,0) size 800x384
  RenderBlock {html} at (0,0) size 800x384
    RenderBody {body} at (8,16) size 784x352
      RenderBlock {p} at (0,0) size 784x18 [bgcolor=#00FF00]
        RenderText {#text} at (0,0) size 297x17
          text run at (0,0) width 297: "This paragraph should have green background"
      RenderBlock {address} at (0,34) size 784x18
        RenderText {#text} at (0,0) size 340x17
          text run at (0,0) width 340: "But this address is here only to fill space in the dom.."
      RenderBlock {p} at (0,68) size 784x18
        RenderText {#text} at (0,0) size 155x17
          text run at (0,0) width 155: "So does this paragraph !"
      RenderBlock {p} at (0,102) size 784x18
        RenderText {#text} at (0,0) size 162x17
          text run at (0,0) width 162: "And so does this one too."
      RenderBlock {dl} at (0,136) size 784x216
        RenderBlock {dt} at (0,0) size 784x18
          RenderText {#text} at (0,0) size 129x17
            text run at (0,0) width 129: "First definition term"
        RenderBlock {dd} at (40,18) size 744x18
          RenderText {#text} at (0,0) size 96x17
            text run at (0,0) width 96: "First definition"
        RenderBlock {dt} at (0,36) size 784x18
          RenderText {#text} at (0,0) size 147x17
            text run at (0,0) width 147: "Second definition term"
        RenderBlock {dd} at (40,54) size 744x18
          RenderText {#text} at (0,0) size 114x17
            text run at (0,0) width 114: "Second definition"
        RenderBlock {dt} at (0,72) size 784x18 [bgcolor=#00FF00]
          RenderText {#text} at (0,0) size 364x17
            text run at (0,0) width 364: "Third definition term that should have green background"
        RenderBlock {dd} at (40,90) size 744x18 [bgcolor=#00FF00]
          RenderText {#text} at (0,0) size 330x17
            text run at (0,0) width 330: "Third definition that should have green background"
        RenderBlock {dt} at (0,108) size 784x18
          RenderText {#text} at (0,0) size 143x17
            text run at (0,0) width 143: "Fourth definition term"
        RenderBlock {dd} at (40,126) size 744x18
          RenderText {#text} at (0,0) size 109x17
            text run at (0,0) width 109: "Fourth definition"
        RenderBlock {dt} at (0,144) size 784x18
          RenderText {#text} at (0,0) size 131x17
            text run at (0,0) width 131: "Fifth definition term"
        RenderBlock {dd} at (40,162) size 744x18
          RenderText {#text} at (0,0) size 98x17
            text run at (0,0) width 98: "Fifth definition"
        RenderBlock {dt} at (0,180) size 784x18 [bgcolor=#00FF00]
          RenderText {#text} at (0,0) size 362x17
            text run at (0,0) width 362: "Sixth definition term that should have green background"
        RenderBlock {dd} at (40,198) size 744x18 [bgcolor=#00FF00]
          RenderText {#text} at (0,0) size 328x17
            text run at (0,0) width 328: "Sixth definition that should have green background"
