http://255.255.255.255:1/test.jpg - willSendRequest <NSURLRequest URL http://255.255.255.255:1/test.jpg, main document URL block-test.html, http method GET> redirectResponse (null)
<unknown> - didFinishLoading
http://255.255.255.255:1/test.jpg - didFailLoadingWithError: <NSError domain WebKitErrorDomain, code 103, failing URL "http://255.255.255.255:1/test.jpg">
http://255.255.255.255:7/test.jpg - willSendRequest <NSURLRequest URL http://255.255.255.255:7/test.jpg, main document URL block-test.html, http method GET> redirectResponse (null)
http://255.255.255.255:7/test.jpg - didFailLoadingWithError: <NSError domain WebKitErrorDomain, code 103, failing URL "http://255.255.255.255:7/test.jpg">
http://255.255.255.255:9/test.jpg - willSendRequest <NSURLRequest URL http://255.255.255.255:9/test.jpg, main document URL block-test.html, http method GET> redirectResponse (null)
http://255.255.255.255:9/test.jpg - didFailLoadingWithError: <NSError domain WebKitErrorDomain, code 103, failing URL "http://255.255.255.255:9/test.jpg">
http://255.255.255.255:11/test.jpg - willSendRequest <NSURLRequest URL http://255.255.255.255:11/test.jpg, main document URL block-test.html, http method GET> redirectResponse (null)
http://255.255.255.255:11/test.jpg - didFailLoadingWithError: <NSError domain WebKitErrorDomain, code 103, failing URL "http://255.255.255.255:11/test.jpg">
http://255.255.255.255:13/test.jpg - willSendRequest <NSURLRequest URL http://255.255.255.255:13/test.jpg, main document URL block-test.html, http method GET> redirectResponse (null)
http://255.255.255.255:13/test.jpg - didFailLoadingWithError: <NSError domain WebKitErrorDomain, code 103, failing URL "http://255.255.255.255:13/test.jpg">
http://255.255.255.255:15/test.jpg - willSendRequest <NSURLRequest URL http://255.255.255.255:15/test.jpg, main document URL block-test.html, http method GET> redirectResponse (null)
http://255.255.255.255:15/test.jpg - didFailLoadingWithError: <NSError domain WebKitErrorDomain, code 103, failing URL "http://255.255.255.255:15/test.jpg">
http://255.255.255.255:17/test.jpg - willSendRequest <NSURLRequest URL http://255.255.255.255:17/test.jpg, main document URL block-test.html, http method GET> redirectResponse (null)
http://255.255.255.255:17/test.jpg - didFailLoadingWithError: <NSError domain WebKitErrorDomain, code 103, failing URL "http://255.255.255.255:17/test.jpg">
http://255.255.255.255:19/test.jpg - willSendRequest <NSURLRequest URL http://255.255.255.255:19/test.jpg, main document URL block-test.html, http method GET> redirectResponse (null)
http://255.255.255.255:19/test.jpg - didFailLoadingWithError: <NSError domain WebKitErrorDomain, code 103, failing URL "http://255.255.255.255:19/test.jpg">
http://255.255.255.255:20/test.jpg - willSendRequest <NSURLRequest URL http://255.255.255.255:20/test.jpg, main document URL block-test.html, http method GET> redirectResponse (null)
http://255.255.255.255:20/test.jpg - didFailLoadingWithError: <NSError domain WebKitErrorDomain, code 103, failing URL "http://255.255.255.255:20/test.jpg">
http://255.255.255.255:21/test.jpg - willSendRequest <NSURLRequest URL http://255.255.255.255:21/test.jpg, main document URL block-test.html, http method GET> redirectResponse (null)
http://255.255.255.255:21/test.jpg - didFailLoadingWithError: <NSError domain WebKitErrorDomain, code 103, failing URL "http://255.255.255.255:21/test.jpg">
http://255.255.255.255:22/test.jpg - willSendRequest <NSURLRequest URL http://255.255.255.255:22/test.jpg, main document URL block-test.html, http method GET> redirectResponse (null)
http://255.255.255.255:22/test.jpg - didFailLoadingWithError: <NSError domain WebKitErrorDomain, code 103, failing URL "http://255.255.255.255:22/test.jpg">
http://255.255.255.255:23/test.jpg - willSendRequest <NSURLRequest URL http://255.255.255.255:23/test.jpg, main document URL block-test.html, http method GET> redirectResponse (null)
http://255.255.255.255:23/test.jpg - didFailLoadingWithError: <NSError domain WebKitErrorDomain, code 103, failing URL "http://255.255.255.255:23/test.jpg">
http://255.255.255.255:25/test.jpg - willSendRequest <NSURLRequest URL http://255.255.255.255:25/test.jpg, main document URL block-test.html, http method GET> redirectResponse (null)
http://255.255.255.255:25/test.jpg - didFailLoadingWithError: <NSError domain WebKitErrorDomain, code 103, failing URL "http://255.255.255.255:25/test.jpg">
http://255.255.255.255:37/test.jpg - willSendRequest <NSURLRequest URL http://255.255.255.255:37/test.jpg, main document URL block-test.html, http method GET> redirectResponse (null)
http://255.255.255.255:37/test.jpg - didFailLoadingWithError: <NSError domain WebKitErrorDomain, code 103, failing URL "http://255.255.255.255:37/test.jpg">
http://255.255.255.255:42/test.jpg - willSendRequest <NSURLRequest URL http://255.255.255.255:42/test.jpg, main document URL block-test.html, http method GET> redirectResponse (null)
http://255.255.255.255:42/test.jpg - didFailLoadingWithError: <NSError domain WebKitErrorDomain, code 103, failing URL "http://255.255.255.255:42/test.jpg">
http://255.255.255.255:43/test.jpg - willSendRequest <NSURLRequest URL http://255.255.255.255:43/test.jpg, main document URL block-test.html, http method GET> redirectResponse (null)
http://255.255.255.255:43/test.jpg - didFailLoadingWithError: <NSError domain WebKitErrorDomain, code 103, failing URL "http://255.255.255.255:43/test.jpg">
http://255.255.255.255:53/test.jpg - willSendRequest <NSURLRequest URL http://255.255.255.255:53/test.jpg, main document URL block-test.html, http method GET> redirectResponse (null)
http://255.255.255.255:53/test.jpg - didFailLoadingWithError: <NSError domain WebKitErrorDomain, code 103, failing URL "http://255.255.255.255:53/test.jpg">
http://255.255.255.255:77/test.jpg - willSendRequest <NSURLRequest URL http://255.255.255.255:77/test.jpg, main document URL block-test.html, http method GET> redirectResponse (null)
http://255.255.255.255:77/test.jpg - didFailLoadingWithError: <NSError domain WebKitErrorDomain, code 103, failing URL "http://255.255.255.255:77/test.jpg">
http://255.255.255.255:79/test.jpg - willSendRequest <NSURLRequest URL http://255.255.255.255:79/test.jpg, main document URL block-test.html, http method GET> redirectResponse (null)
http://255.255.255.255:79/test.jpg - didFailLoadingWithError: <NSError domain WebKitErrorDomain, code 103, failing URL "http://255.255.255.255:79/test.jpg">
http://255.255.255.255:87/test.jpg - willSendRequest <NSURLRequest URL http://255.255.255.255:87/test.jpg, main document URL block-test.html, http method GET> redirectResponse (null)
http://255.255.255.255:87/test.jpg - didFailLoadingWithError: <NSError domain WebKitErrorDomain, code 103, failing URL "http://255.255.255.255:87/test.jpg">
http://255.255.255.255:95/test.jpg - willSendRequest <NSURLRequest URL http://255.255.255.255:95/test.jpg, main document URL block-test.html, http method GET> redirectResponse (null)
http://255.255.255.255:95/test.jpg - didFailLoadingWithError: <NSError domain WebKitErrorDomain, code 103, failing URL "http://255.255.255.255:95/test.jpg">
http://255.255.255.255:101/test.jpg - willSendRequest <NSURLRequest URL http://255.255.255.255:101/test.jpg, main document URL block-test.html, http method GET> redirectResponse (null)
http://255.255.255.255:101/test.jpg - didFailLoadingWithError: <NSError domain WebKitErrorDomain, code 103, failing URL "http://255.255.255.255:101/test.jpg">
http://255.255.255.255:102/test.jpg - willSendRequest <NSURLRequest URL http://255.255.255.255:102/test.jpg, main document URL block-test.html, http method GET> redirectResponse (null)
http://255.255.255.255:102/test.jpg - didFailLoadingWithError: <NSError domain WebKitErrorDomain, code 103, failing URL "http://255.255.255.255:102/test.jpg">
http://255.255.255.255:103/test.jpg - willSendRequest <NSURLRequest URL http://255.255.255.255:103/test.jpg, main document URL block-test.html, http method GET> redirectResponse (null)
http://255.255.255.255:103/test.jpg - didFailLoadingWithError: <NSError domain WebKitErrorDomain, code 103, failing URL "http://255.255.255.255:103/test.jpg">
http://255.255.255.255:104/test.jpg - willSendRequest <NSURLRequest URL http://255.255.255.255:104/test.jpg, main document URL block-test.html, http method GET> redirectResponse (null)
http://255.255.255.255:104/test.jpg - didFailLoadingWithError: <NSError domain WebKitErrorDomain, code 103, failing URL "http://255.255.255.255:104/test.jpg">
http://255.255.255.255:109/test.jpg - willSendRequest <NSURLRequest URL http://255.255.255.255:109/test.jpg, main document URL block-test.html, http method GET> redirectResponse (null)
http://255.255.255.255:109/test.jpg - didFailLoadingWithError: <NSError domain WebKitErrorDomain, code 103, failing URL "http://255.255.255.255:109/test.jpg">
http://255.255.255.255:110/test.jpg - willSendRequest <NSURLRequest URL http://255.255.255.255:110/test.jpg, main document URL block-test.html, http method GET> redirectResponse (null)
http://255.255.255.255:110/test.jpg - didFailLoadingWithError: <NSError domain WebKitErrorDomain, code 103, failing URL "http://255.255.255.255:110/test.jpg">
http://255.255.255.255:111/test.jpg - willSendRequest <NSURLRequest URL http://255.255.255.255:111/test.jpg, main document URL block-test.html, http method GET> redirectResponse (null)
http://255.255.255.255:111/test.jpg - didFailLoadingWithError: <NSError domain WebKitErrorDomain, code 103, failing URL "http://255.255.255.255:111/test.jpg">
http://255.255.255.255:113/test.jpg - willSendRequest <NSURLRequest URL http://255.255.255.255:113/test.jpg, main document URL block-test.html, http method GET> redirectResponse (null)
http://255.255.255.255:113/test.jpg - didFailLoadingWithError: <NSError domain WebKitErrorDomain, code 103, failing URL "http://255.255.255.255:113/test.jpg">
http://255.255.255.255:115/test.jpg - willSendRequest <NSURLRequest URL http://255.255.255.255:115/test.jpg, main document URL block-test.html, http method GET> redirectResponse (null)
http://255.255.255.255:115/test.jpg - didFailLoadingWithError: <NSError domain WebKitErrorDomain, code 103, failing URL "http://255.255.255.255:115/test.jpg">
http://255.255.255.255:117/test.jpg - willSendRequest <NSURLRequest URL http://255.255.255.255:117/test.jpg, main document URL block-test.html, http method GET> redirectResponse (null)
http://255.255.255.255:117/test.jpg - didFailLoadingWithError: <NSError domain WebKitErrorDomain, code 103, failing URL "http://255.255.255.255:117/test.jpg">
http://255.255.255.255:119/test.jpg - willSendRequest <NSURLRequest URL http://255.255.255.255:119/test.jpg, main document URL block-test.html, http method GET> redirectResponse (null)
http://255.255.255.255:119/test.jpg - didFailLoadingWithError: <NSError domain WebKitErrorDomain, code 103, failing URL "http://255.255.255.255:119/test.jpg">
http://255.255.255.255:123/test.jpg - willSendRequest <NSURLRequest URL http://255.255.255.255:123/test.jpg, main document URL block-test.html, http method GET> redirectResponse (null)
http://255.255.255.255:123/test.jpg - didFailLoadingWithError: <NSError domain WebKitErrorDomain, code 103, failing URL "http://255.255.255.255:123/test.jpg">
http://255.255.255.255:135/test.jpg - willSendRequest <NSURLRequest URL http://255.255.255.255:135/test.jpg, main document URL block-test.html, http method GET> redirectResponse (null)
http://255.255.255.255:135/test.jpg - didFailLoadingWithError: <NSError domain WebKitErrorDomain, code 103, failing URL "http://255.255.255.255:135/test.jpg">
http://255.255.255.255:139/test.jpg - willSendRequest <NSURLRequest URL http://255.255.255.255:139/test.jpg, main document URL block-test.html, http method GET> redirectResponse (null)
http://255.255.255.255:139/test.jpg - didFailLoadingWithError: <NSError domain WebKitErrorDomain, code 103, failing URL "http://255.255.255.255:139/test.jpg">
http://255.255.255.255:143/test.jpg - willSendRequest <NSURLRequest URL http://255.255.255.255:143/test.jpg, main document URL block-test.html, http method GET> redirectResponse (null)
http://255.255.255.255:143/test.jpg - didFailLoadingWithError: <NSError domain WebKitErrorDomain, code 103, failing URL "http://255.255.255.255:143/test.jpg">
http://255.255.255.255:179/test.jpg - willSendRequest <NSURLRequest URL http://255.255.255.255:179/test.jpg, main document URL block-test.html, http method GET> redirectResponse (null)
http://255.255.255.255:179/test.jpg - didFailLoadingWithError: <NSError domain WebKitErrorDomain, code 103, failing URL "http://255.255.255.255:179/test.jpg">
http://255.255.255.255:389/test.jpg - willSendRequest <NSURLRequest URL http://255.255.255.255:389/test.jpg, main document URL block-test.html, http method GET> redirectResponse (null)
http://255.255.255.255:389/test.jpg - didFailLoadingWithError: <NSError domain WebKitErrorDomain, code 103, failing URL "http://255.255.255.255:389/test.jpg">
http://255.255.255.255:465/test.jpg - willSendRequest <NSURLRequest URL http://255.255.255.255:465/test.jpg, main document URL block-test.html, http method GET> redirectResponse (null)
http://255.255.255.255:465/test.jpg - didFailLoadingWithError: <NSError domain WebKitErrorDomain, code 103, failing URL "http://255.255.255.255:465/test.jpg">
http://255.255.255.255:512/test.jpg - willSendRequest <NSURLRequest URL http://255.255.255.255:512/test.jpg, main document URL block-test.html, http method GET> redirectResponse (null)
http://255.255.255.255:512/test.jpg - didFailLoadingWithError: <NSError domain WebKitErrorDomain, code 103, failing URL "http://255.255.255.255:512/test.jpg">
http://255.255.255.255:513/test.jpg - willSendRequest <NSURLRequest URL http://255.255.255.255:513/test.jpg, main document URL block-test.html, http method GET> redirectResponse (null)
http://255.255.255.255:513/test.jpg - didFailLoadingWithError: <NSError domain WebKitErrorDomain, code 103, failing URL "http://255.255.255.255:513/test.jpg">
http://255.255.255.255:514/test.jpg - willSendRequest <NSURLRequest URL http://255.255.255.255:514/test.jpg, main document URL block-test.html, http method GET> redirectResponse (null)
http://255.255.255.255:514/test.jpg - didFailLoadingWithError: <NSError domain WebKitErrorDomain, code 103, failing URL "http://255.255.255.255:514/test.jpg">
http://255.255.255.255:515/test.jpg - willSendRequest <NSURLRequest URL http://255.255.255.255:515/test.jpg, main document URL block-test.html, http method GET> redirectResponse (null)
http://255.255.255.255:515/test.jpg - didFailLoadingWithError: <NSError domain WebKitErrorDomain, code 103, failing URL "http://255.255.255.255:515/test.jpg">
http://255.255.255.255:526/test.jpg - willSendRequest <NSURLRequest URL http://255.255.255.255:526/test.jpg, main document URL block-test.html, http method GET> redirectResponse (null)
http://255.255.255.255:526/test.jpg - didFailLoadingWithError: <NSError domain WebKitErrorDomain, code 103, failing URL "http://255.255.255.255:526/test.jpg">
http://255.255.255.255:530/test.jpg - willSendRequest <NSURLRequest URL http://255.255.255.255:530/test.jpg, main document URL block-test.html, http method GET> redirectResponse (null)
http://255.255.255.255:530/test.jpg - didFailLoadingWithError: <NSError domain WebKitErrorDomain, code 103, failing URL "http://255.255.255.255:530/test.jpg">
http://255.255.255.255:531/test.jpg - willSendRequest <NSURLRequest URL http://255.255.255.255:531/test.jpg, main document URL block-test.html, http method GET> redirectResponse (null)
http://255.255.255.255:531/test.jpg - didFailLoadingWithError: <NSError domain WebKitErrorDomain, code 103, failing URL "http://255.255.255.255:531/test.jpg">
http://255.255.255.255:532/test.jpg - willSendRequest <NSURLRequest URL http://255.255.255.255:532/test.jpg, main document URL block-test.html, http method GET> redirectResponse (null)
http://255.255.255.255:532/test.jpg - didFailLoadingWithError: <NSError domain WebKitErrorDomain, code 103, failing URL "http://255.255.255.255:532/test.jpg">
http://255.255.255.255:540/test.jpg - willSendRequest <NSURLRequest URL http://255.255.255.255:540/test.jpg, main document URL block-test.html, http method GET> redirectResponse (null)
http://255.255.255.255:540/test.jpg - didFailLoadingWithError: <NSError domain WebKitErrorDomain, code 103, failing URL "http://255.255.255.255:540/test.jpg">
http://255.255.255.255:556/test.jpg - willSendRequest <NSURLRequest URL http://255.255.255.255:556/test.jpg, main document URL block-test.html, http method GET> redirectResponse (null)
http://255.255.255.255:556/test.jpg - didFailLoadingWithError: <NSError domain WebKitErrorDomain, code 103, failing URL "http://255.255.255.255:556/test.jpg">
http://255.255.255.255:563/test.jpg - willSendRequest <NSURLRequest URL http://255.255.255.255:563/test.jpg, main document URL block-test.html, http method GET> redirectResponse (null)
http://255.255.255.255:563/test.jpg - didFailLoadingWithError: <NSError domain WebKitErrorDomain, code 103, failing URL "http://255.255.255.255:563/test.jpg">
http://255.255.255.255:587/test.jpg - willSendRequest <NSURLRequest URL http://255.255.255.255:587/test.jpg, main document URL block-test.html, http method GET> redirectResponse (null)
http://255.255.255.255:587/test.jpg - didFailLoadingWithError: <NSError domain WebKitErrorDomain, code 103, failing URL "http://255.255.255.255:587/test.jpg">
http://255.255.255.255:601/test.jpg - willSendRequest <NSURLRequest URL http://255.255.255.255:601/test.jpg, main document URL block-test.html, http method GET> redirectResponse (null)
http://255.255.255.255:601/test.jpg - didFailLoadingWithError: <NSError domain WebKitErrorDomain, code 103, failing URL "http://255.255.255.255:601/test.jpg">
http://255.255.255.255:636/test.jpg - willSendRequest <NSURLRequest URL http://255.255.255.255:636/test.jpg, main document URL block-test.html, http method GET> redirectResponse (null)
http://255.255.255.255:636/test.jpg - didFailLoadingWithError: <NSError domain WebKitErrorDomain, code 103, failing URL "http://255.255.255.255:636/test.jpg">
http://255.255.255.255:993/test.jpg - willSendRequest <NSURLRequest URL http://255.255.255.255:993/test.jpg, main document URL block-test.html, http method GET> redirectResponse (null)
http://255.255.255.255:993/test.jpg - didFailLoadingWithError: <NSError domain WebKitErrorDomain, code 103, failing URL "http://255.255.255.255:993/test.jpg">
http://255.255.255.255:995/test.jpg - willSendRequest <NSURLRequest URL http://255.255.255.255:995/test.jpg, main document URL block-test.html, http method GET> redirectResponse (null)
http://255.255.255.255:995/test.jpg - didFailLoadingWithError: <NSError domain WebKitErrorDomain, code 103, failing URL "http://255.255.255.255:995/test.jpg">
http://255.255.255.255:2049/test.jpg - willSendRequest <NSURLRequest URL http://255.255.255.255:2049/test.jpg, main document URL block-test.html, http method GET> redirectResponse (null)
http://255.255.255.255:2049/test.jpg - didFailLoadingWithError: <NSError domain WebKitErrorDomain, code 103, failing URL "http://255.255.255.255:2049/test.jpg">
http://255.255.255.255:3659/test.jpg - willSendRequest <NSURLRequest URL http://255.255.255.255:3659/test.jpg, main document URL block-test.html, http method GET> redirectResponse (null)
http://255.255.255.255:3659/test.jpg - didFailLoadingWithError: <NSError domain WebKitErrorDomain, code 103, failing URL "http://255.255.255.255:3659/test.jpg">
http://255.255.255.255:4045/test.jpg - willSendRequest <NSURLRequest URL http://255.255.255.255:4045/test.jpg, main document URL block-test.html, http method GET> redirectResponse (null)
http://255.255.255.255:4045/test.jpg - didFailLoadingWithError: <NSError domain WebKitErrorDomain, code 103, failing URL "http://255.255.255.255:4045/test.jpg">
http://255.255.255.255:6000/test.jpg - willSendRequest <NSURLRequest URL http://255.255.255.255:6000/test.jpg, main document URL block-test.html, http method GET> redirectResponse (null)
http://255.255.255.255:6000/test.jpg - didFailLoadingWithError: <NSError domain WebKitErrorDomain, code 103, failing URL "http://255.255.255.255:6000/test.jpg">
http://255.255.255.255:6665/test.jpg - willSendRequest <NSURLRequest URL http://255.255.255.255:6665/test.jpg, main document URL block-test.html, http method GET> redirectResponse (null)
http://255.255.255.255:6665/test.jpg - didFailLoadingWithError: <NSError domain WebKitErrorDomain, code 103, failing URL "http://255.255.255.255:6665/test.jpg">
http://255.255.255.255:6666/test.jpg - willSendRequest <NSURLRequest URL http://255.255.255.255:6666/test.jpg, main document URL block-test.html, http method GET> redirectResponse (null)
http://255.255.255.255:6666/test.jpg - didFailLoadingWithError: <NSError domain WebKitErrorDomain, code 103, failing URL "http://255.255.255.255:6666/test.jpg">
http://255.255.255.255:6667/test.jpg - willSendRequest <NSURLRequest URL http://255.255.255.255:6667/test.jpg, main document URL block-test.html, http method GET> redirectResponse (null)
http://255.255.255.255:6667/test.jpg - didFailLoadingWithError: <NSError domain WebKitErrorDomain, code 103, failing URL "http://255.255.255.255:6667/test.jpg">
http://255.255.255.255:6668/test.jpg - willSendRequest <NSURLRequest URL http://255.255.255.255:6668/test.jpg, main document URL block-test.html, http method GET> redirectResponse (null)
http://255.255.255.255:6668/test.jpg - didFailLoadingWithError: <NSError domain WebKitErrorDomain, code 103, failing URL "http://255.255.255.255:6668/test.jpg">
http://255.255.255.255:6669/test.jpg - willSendRequest <NSURLRequest URL http://255.255.255.255:6669/test.jpg, main document URL block-test.html, http method GET> redirectResponse (null)
http://255.255.255.255:6669/test.jpg - didFailLoadingWithError: <NSError domain WebKitErrorDomain, code 103, failing URL "http://255.255.255.255:6669/test.jpg">
http://255.255.255.255:65535/test.jpg - willSendRequest <NSURLRequest URL http://255.255.255.255:65535/test.jpg, main document URL block-test.html, http method GET> redirectResponse (null)
http://255.255.255.255:65535/test.jpg - didFailLoadingWithError: <NSError domain WebKitErrorDomain, code 103, failing URL "http://255.255.255.255:65535/test.jpg">

layer at (0,0) size 800x600
  RenderView at (0,0) size 800x600
layer at (0,0) size 800x600
  RenderBlock {HTML} at (0,0) size 800x600
    RenderBody {BODY} at (8,8) size 784x584
      RenderBlock {P} at (0,0) size 784x54
        RenderText {#text} at (0,0) size 781x54
          text run at (0,0) width 781: "This test attempts to change the src of an IMG tag to all black listed ports to confirm that WebKit returns the correct error for"
          text run at (0,18) width 242: "them - blocked instead of cannot find. "
          text run at (242,18) width 264: "It also tries the FTP ports for exemptions. "
          text run at (506,18) width 70: "Due to the "
          text run at (576,18) width 204: "nature of this test, the results can"
          text run at (0,36) width 343: "only be processed automatically via DumpRenderTree"
      RenderBlock (anonymous) at (0,70) size 784x20
        RenderImage {IMG} at (0,0) size 20x20
        RenderText {#text} at (0,0) size 0x0
