layer at (0,0) size 785x3623
  RenderView at (0,0) size 785x600
layer at (0,0) size 785x3623
  RenderBlock {HTML} at (0,0) size 785x3624
    RenderBody {BODY} at (8,21) size 769x3595
      RenderBlock {H1} at (0,0) size 769x37
        RenderText {#text} at (0,0) size 500x36
          text run at (0,0) width 500: "The Residual Style Master Test Case"
      RenderBlock (anonymous) at (0,58) size 769x21
        RenderText {#text} at (0,0) size 703x19
          text run at (0,0) width 347: "This test case illustrates some residual style tag examples. "
          text run at (347,0) width 356: "Unless otherwise noted, the behavior should match Firefox."
      RenderBlock {H2} at (0,98) size 769x28
        RenderText {#text} at (0,0) size 131x26
          text run at (0,0) width 131: "Passing Tags"
      RenderBlock {HR} at (0,145) size 769x3 [border: (1px inset #000000)]
      RenderBlock (anonymous) at (0,155) size 769x21
        RenderText {#text} at (0,0) size 18x19
          text run at (0,0) width 18: "A: "
        RenderInline {A} at (0,0) size 57x19
          RenderInline {FONT} at (0,0) size 57x19 [color=#008000]
            RenderText {#text} at (18,0) size 57x19
              text run at (18,0) width 57: "All of this"
        RenderInline {FONT} at (0,0) size 99x19 [color=#008000]
          RenderText {#text} at (75,0) size 99x19
            text run at (75,0) width 99: " should be green"
        RenderText {#text} at (0,0) size 0x0
      RenderBlock {HR} at (0,183) size 769x3 [border: (1px inset #000000)]
      RenderBlock (anonymous) at (0,193) size 769x21
        RenderText {#text} at (0,0) size 48x19
          text run at (0,0) width 48: "ABBR: "
        RenderInline {ABBR} at (0,0) size 57x19
          RenderInline {FONT} at (0,0) size 57x19 [color=#008000]
            RenderText {#text} at (48,0) size 57x19
              text run at (48,0) width 57: "All of this"
        RenderInline {FONT} at (0,0) size 99x19 [color=#008000]
          RenderText {#text} at (105,0) size 99x19
            text run at (105,0) width 99: " should be green"
        RenderText {#text} at (0,0) size 0x0
      RenderBlock {HR} at (0,221) size 769x3 [border: (1px inset #000000)]
      RenderBlock (anonymous) at (0,231) size 769x21
        RenderText {#text} at (0,0) size 88x19
          text run at (0,0) width 88: "ACRONYM: "
        RenderInline {ACRONYM} at (0,0) size 57x19
          RenderInline {FONT} at (0,0) size 57x19 [color=#008000]
            RenderText {#text} at (88,0) size 57x19
              text run at (88,0) width 57: "All of this"
        RenderInline {FONT} at (0,0) size 99x19 [color=#008000]
          RenderText {#text} at (145,0) size 99x19
            text run at (145,0) width 99: " should be green"
        RenderText {#text} at (0,0) size 0x0
      RenderBlock {HR} at (0,259) size 769x3 [border: (1px inset #000000)]
      RenderBlock (anonymous) at (0,269) size 769x21
        RenderText {#text} at (0,0) size 77x19
          text run at (0,0) width 77: "ADDRESS: "
        RenderInline {ADDRESS} at (0,0) size 57x19
          RenderInline {FONT} at (0,0) size 57x19 [color=#008000]
            RenderText {#text} at (77,0) size 57x19
              text run at (77,0) width 57: "All of this"
        RenderInline {FONT} at (0,0) size 99x19 [color=#008000]
          RenderText {#text} at (134,0) size 99x19
            text run at (134,0) width 99: " should be green"
        RenderText {#text} at (0,0) size 0x0
      RenderBlock {HR} at (0,297) size 769x3 [border: (1px inset #000000)]
      RenderBlock (anonymous) at (0,307) size 769x21
        RenderText {#text} at (0,0) size 63x19
          text run at (0,0) width 63: "APPLET: "
        RenderText {#text} at (63,0) size 160x19
          text run at (63,0) width 160: "All of this should be green."
      RenderBlock {HR} at (0,335) size 769x3 [border: (1px inset #000000)]
      RenderBlock (anonymous) at (0,345) size 769x21
        RenderText {#text} at (0,0) size 48x19
          text run at (0,0) width 48: "AREA: "
        RenderInline {MAP} at (0,0) size 0x19
          RenderInline {FONT} at (0,0) size 0x19 [color=#008000]
        RenderInline {FONT} at (0,0) size 160x19 [color=#008000]
          RenderText {#text} at (48,0) size 160x19
            text run at (48,0) width 160: "All of this should be green."
        RenderText {#text} at (0,0) size 0x0
      RenderBlock {HR} at (0,373) size 769x3 [border: (1px inset #000000)]
      RenderBlock (anonymous) at (0,383) size 769x21
        RenderText {#text} at (0,0) size 17x19
          text run at (0,0) width 17: "B: "
        RenderInline {B} at (0,0) size 0x19
          RenderInline {FONT} at (0,0) size 0x19 [color=#008000]
        RenderInline {FONT} at (0,0) size 160x19 [color=#008000]
          RenderText {#text} at (17,0) size 160x19
            text run at (17,0) width 160: "All of this should be green."
        RenderText {#text} at (0,0) size 0x0
      RenderBlock {HR} at (0,411) size 769x3 [border: (1px inset #000000)]
      RenderBlock (anonymous) at (0,421) size 769x21
        RenderText {#text} at (0,0) size 40x19
          text run at (0,0) width 40: "BDO: "
        RenderInline {BDO} at (0,0) size 0x19
          RenderInline {FONT} at (0,0) size 0x19 [color=#008000]
        RenderInline {FONT} at (0,0) size 160x19 [color=#008000]
          RenderText {#text} at (40,0) size 160x19
            text run at (40,0) width 160: "All of this should be green."
        RenderText {#text} at (0,0) size 0x0
      RenderBlock {HR} at (0,449) size 769x3 [border: (1px inset #000000)]
      RenderBlock (anonymous) at (0,459) size 769x23
        RenderText {#text} at (0,1) size 33x19
          text run at (0,1) width 33: "BIG: "
        RenderInline {BIG} at (0,0) size 0x21
          RenderInline {FONT} at (0,0) size 0x21 [color=#008000]
        RenderInline {FONT} at (0,0) size 160x19 [color=#008000]
          RenderText {#text} at (33,1) size 160x19
            text run at (33,1) width 160: "All of this should be green."
        RenderText {#text} at (0,0) size 0x0
      RenderBlock {HR} at (0,489) size 769x3 [border: (1px inset #000000)]
      RenderBlock (anonymous) at (0,499) size 769x21
        RenderText {#text} at (0,0) size 114x19
          text run at (0,0) width 114: "BLOCKQUOTE: "
        RenderInline {BLOCKQUOTE} at (0,0) size 0x19
          RenderInline {FONT} at (0,0) size 0x19 [color=#008000]
        RenderInline {FONT} at (0,0) size 160x19 [color=#008000]
          RenderText {#text} at (114,0) size 160x19
            text run at (114,0) width 160: "All of this should be green."
        RenderText {#text} at (0,0) size 0x0
      RenderBlock {HR} at (0,527) size 769x3 [border: (1px inset #000000)]
      RenderBlock (anonymous) at (0,537) size 769x21
        RenderText {#text} at (0,0) size 70x19
          text run at (0,0) width 70: "BUTTON: "
        RenderButton {BUTTON} at (70,9) size 4x4 [bgcolor=#C0C0C0] [border: (2px outset #C0C0C0)]
          RenderBlock (anonymous) at (2,2) size 0x0
            RenderInline {FONT} at (0,0) size 0x0 [color=#008000]
        RenderInline {FONT} at (0,0) size 160x19 [color=#008000]
          RenderText {#text} at (74,0) size 160x19
            text run at (74,0) width 160: "All of this should be green."
        RenderText {#text} at (0,0) size 0x0
      RenderBlock {HR} at (0,565) size 769x3 [border: (1px inset #000000)]
      RenderBlock (anonymous) at (0,575) size 769x21
        RenderText {#text} at (0,0) size 72x19
          text run at (0,0) width 72: "CANVAS: "
        RenderHTMLCanvas {CANVAS} at (72,15) size 0x0
        RenderInline {FONT} at (0,0) size 160x19 [color=#008000]
          RenderText {#text} at (72,0) size 160x19
            text run at (72,0) width 160: "All of this should be green."
        RenderText {#text} at (0,0) size 0x0
      RenderBlock {HR} at (0,603) size 769x3 [border: (1px inset #000000)]
      RenderBlock (anonymous) at (0,613) size 769x21
        RenderText {#text} at (0,0) size 76x19
          text run at (0,0) width 76: "CAPTION: "
        RenderInline {FONT} at (0,0) size 162x19 [color=#008000]
          RenderTable {TABLE} at (76,15) size 2x0
            RenderBlock {CAPTION} at (0,0) size 2x0
              RenderInline {FONT} at (0,0) size 0x0 [color=#FF0000]
          RenderText {#text} at (78,0) size 160x19
            text run at (78,0) width 160: "All of this should be green."
        RenderText {#text} at (0,0) size 0x0
      RenderBlock {HR} at (0,641) size 769x3 [border: (1px inset #000000)]
      RenderBlock (anonymous) at (0,651) size 769x21
        RenderText {#text} at (0,0) size 67x19
          text run at (0,0) width 67: "CENTER: "
        RenderInline {CENTER} at (0,0) size 0x19
          RenderInline {FONT} at (0,0) size 0x19 [color=#008000]
        RenderInline {FONT} at (0,0) size 160x19 [color=#008000]
          RenderText {#text} at (67,0) size 160x19
            text run at (67,0) width 160: "All of this should be green."
        RenderText {#text} at (0,0) size 0x0
      RenderBlock {HR} at (0,679) size 769x3 [border: (1px inset #000000)]
      RenderBlock (anonymous) at (0,689) size 769x21
        RenderText {#text} at (0,0) size 41x19
          text run at (0,0) width 41: "CITE: "
        RenderInline {CITE} at (0,0) size 0x19
          RenderInline {FONT} at (0,0) size 0x19 [color=#008000]
        RenderInline {FONT} at (0,0) size 160x19 [color=#008000]
          RenderText {#text} at (41,0) size 160x19
            text run at (41,0) width 160: "All of this should be green."
        RenderText {#text} at (0,0) size 0x0
      RenderBlock {HR} at (0,717) size 769x3 [border: (1px inset #000000)]
      RenderBlock (anonymous) at (0,727) size 769x21
        RenderText {#text} at (0,0) size 50x19
          text run at (0,0) width 50: "CODE: "
        RenderInline {CODE} at (0,0) size 0x16
          RenderInline {FONT} at (0,0) size 0x16 [color=#008000]
        RenderInline {FONT} at (0,0) size 160x19 [color=#008000]
          RenderText {#text} at (50,0) size 160x19
            text run at (50,0) width 160: "All of this should be green."
        RenderText {#text} at (0,0) size 0x0
      RenderBlock {HR} at (0,755) size 769x3 [border: (1px inset #000000)]
      RenderBlock (anonymous) at (0,765) size 769x21
        RenderText {#text} at (0,0) size 39x19
          text run at (0,0) width 39: "COL: "
        RenderInline {FONT} at (0,0) size 162x19 [color=#008000]
          RenderInline {FONT} at (0,0) size 0x19 [color=#FF0000]
          RenderTable {TABLE} at (39,15) size 2x0
            RenderTableCol {COLGROUP} at (0,0) size 0x0
              RenderTableCol {COL} at (0,0) size 0x0
          RenderInline {FONT} at (0,0) size 160x19 [color=#FF0000]
            RenderText {#text} at (41,0) size 160x19
              text run at (41,0) width 160: "All of this should be green."
        RenderText {#text} at (0,0) size 0x0
      RenderBlock {HR} at (0,793) size 769x3 [border: (1px inset #000000)]
      RenderBlock (anonymous) at (0,803) size 769x21
        RenderText {#text} at (0,0) size 92x19
          text run at (0,0) width 92: "COLGROUP: "
        RenderInline {FONT} at (0,0) size 162x19 [color=#008000]
          RenderInline {FONT} at (0,0) size 0x19 [color=#FF0000]
          RenderTable {TABLE} at (92,15) size 2x0
            RenderTableCol {COLGROUP} at (0,0) size 0x0
          RenderInline {FONT} at (0,0) size 160x19 [color=#FF0000]
            RenderText {#text} at (94,0) size 160x19
              text run at (94,0) width 160: "All of this should be green."
        RenderText {#text} at (0,0) size 0x0
      RenderBlock {HR} at (0,831) size 769x3 [border: (1px inset #000000)]
      RenderBlock (anonymous) at (0,841) size 769x21
        RenderText {#text} at (0,0) size 29x19
          text run at (0,0) width 29: "DD: "
        RenderInline {DL} at (0,0) size 0x19
          RenderInline {DD} at (0,0) size 0x19
            RenderInline {FONT} at (0,0) size 0x19 [color=#008000]
        RenderInline {FONT} at (0,0) size 160x19 [color=#008000]
          RenderText {#text} at (29,0) size 160x19
            text run at (29,0) width 160: "All of this should be green."
        RenderText {#text} at (0,0) size 0x0
      RenderBlock {HR} at (0,869) size 769x3 [border: (1px inset #000000)]
      RenderBlock (anonymous) at (0,879) size 769x21
        RenderText {#text} at (0,0) size 36x19
          text run at (0,0) width 36: "DEL: "
        RenderInline {DEL} at (0,0) size 0x19
          RenderInline {FONT} at (0,0) size 0x19 [color=#008000]
        RenderInline {FONT} at (0,0) size 160x19 [color=#008000]
          RenderText {#text} at (36,0) size 160x19
            text run at (36,0) width 160: "All of this should be green."
        RenderText {#text} at (0,0) size 0x0
      RenderBlock {HR} at (0,907) size 769x3 [border: (1px inset #000000)]
      RenderBlock (anonymous) at (0,917) size 769x21
        RenderText {#text} at (0,0) size 39x19
          text run at (0,0) width 39: "DFN: "
        RenderInline {DFN} at (0,0) size 0x19
          RenderInline {FONT} at (0,0) size 0x19 [color=#008000]
        RenderInline {FONT} at (0,0) size 160x19 [color=#008000]
          RenderText {#text} at (39,0) size 160x19
            text run at (39,0) width 160: "All of this should be green."
        RenderText {#text} at (0,0) size 0x0
      RenderBlock {HR} at (0,945) size 769x3 [border: (1px inset #000000)]
      RenderBlock (anonymous) at (0,955) size 769x21
        RenderText {#text} at (0,0) size 33x19
          text run at (0,0) width 33: "DIR: "
        RenderInline {DIR} at (0,0) size 0x19
          RenderInline {FONT} at (0,0) size 0x19 [color=#008000]
        RenderInline {FONT} at (0,0) size 160x19 [color=#008000]
          RenderText {#text} at (33,0) size 160x19
            text run at (33,0) width 160: "All of this should be green."
        RenderText {#text} at (0,0) size 0x0
      RenderBlock {HR} at (0,983) size 769x3 [border: (1px inset #000000)]
      RenderBlock (anonymous) at (0,993) size 769x21
        RenderText {#text} at (0,0) size 34x19
          text run at (0,0) width 34: "DIV: "
        RenderInline {DIV} at (0,0) size 0x19
          RenderInline {FONT} at (0,0) size 0x19 [color=#008000]
        RenderInline {FONT} at (0,0) size 160x19 [color=#008000]
          RenderText {#text} at (34,0) size 160x19
            text run at (34,0) width 160: "All of this should be green."
        RenderText {#text} at (0,0) size 0x0
      RenderBlock {HR} at (0,1021) size 769x3 [border: (1px inset #000000)]
      RenderBlock (anonymous) at (0,1031) size 769x21
        RenderText {#text} at (0,0) size 27x19
          text run at (0,0) width 27: "DL: "
        RenderInline {DL} at (0,0) size 0x19
          RenderInline {FONT} at (0,0) size 0x19 [color=#008000]
        RenderInline {FONT} at (0,0) size 160x19 [color=#008000]
          RenderText {#text} at (27,0) size 160x19
            text run at (27,0) width 160: "All of this should be green."
        RenderText {#text} at (0,0) size 0x0
      RenderBlock {HR} at (0,1059) size 769x3 [border: (1px inset #000000)]
      RenderBlock (anonymous) at (0,1069) size 769x21
        RenderText {#text} at (0,0) size 27x19
          text run at (0,0) width 27: "DT: "
        RenderInline {DL} at (0,0) size 0x19
          RenderInline {DT} at (0,0) size 0x19
            RenderInline {FONT} at (0,0) size 0x19 [color=#008000]
        RenderInline {FONT} at (0,0) size 160x19 [color=#008000]
          RenderText {#text} at (27,0) size 160x19
            text run at (27,0) width 160: "All of this should be green."
        RenderText {#text} at (0,0) size 0x0
      RenderBlock {HR} at (0,1097) size 769x3 [border: (1px inset #000000)]
      RenderBlock (anonymous) at (0,1107) size 769x21
        RenderText {#text} at (0,0) size 30x19
          text run at (0,0) width 30: "EM: "
        RenderInline {EM} at (0,0) size 0x19
          RenderInline {FONT} at (0,0) size 0x19 [color=#008000]
        RenderInline {FONT} at (0,0) size 160x19 [color=#008000]
          RenderText {#text} at (30,0) size 160x19
            text run at (30,0) width 160: "All of this should be green."
        RenderText {#text} at (0,0) size 0x0
      RenderBlock {HR} at (0,1135) size 769x3 [border: (1px inset #000000)]
      RenderBlock (anonymous) at (0,1145) size 769x21
        RenderText {#text} at (0,0) size 60x19
          text run at (0,0) width 60: "EMBED: "
        RenderEmbeddedObject {EMBED} at (60,15) size 0x0
        RenderInline {FONT} at (0,0) size 160x19 [color=#008000]
          RenderText {#text} at (60,0) size 160x19
            text run at (60,0) width 160: "All of this should be green."
        RenderText {#text} at (0,0) size 0x0
      RenderBlock {HR} at (0,1173) size 769x3 [border: (1px inset #000000)]
      RenderBlock (anonymous) at (0,1183) size 769x21
        RenderText {#text} at (0,0) size 77x19
          text run at (0,0) width 77: "FIELDSET: "
        RenderFieldSet {FIELDSET} at (77,15) size 0x0
          RenderInline {FONT} at (0,0) size 0x0 [color=#008000]
        RenderInline {FONT} at (0,0) size 160x19 [color=#008000]
          RenderText {#text} at (77,0) size 160x19
            text run at (77,0) width 160: "All of this should be green."
        RenderText {#text} at (0,0) size 0x0
      RenderBlock {HR} at (0,1211) size 769x3 [border: (1px inset #000000)]
      RenderBlock (anonymous) at (0,1221) size 769x21
        RenderText {#text} at (0,0) size 49x19
          text run at (0,0) width 49: "FONT: "
        RenderInline {FONT} at (0,0) size 0x19 [color=#008000]
          RenderInline {I} at (0,0) size 0x19
        RenderInline {I} at (0,0) size 160x19 [color=#008000]
          RenderText {#text} at (49,0) size 160x19
            text run at (49,0) width 160: "All of this should be green."
        RenderText {#text} at (0,0) size 0x0
      RenderBlock {HR} at (0,1249) size 769x3 [border: (1px inset #000000)]
      RenderBlock (anonymous) at (0,1259) size 769x21
        RenderText {#text} at (0,0) size 52x19
          text run at (0,0) width 52: "FORM: "
        RenderInline {FORM} at (0,0) size 160x19
          RenderInline {FONT} at (0,0) size 160x19 [color=#008000]
            RenderText {#text} at (52,0) size 160x19
              text run at (52,0) width 160: "All of this should be green."
        RenderText {#text} at (0,0) size 0x0
      RenderBlock {HR} at (0,1287) size 769x3 [border: (1px inset #000000)]
      RenderBlock (anonymous) at (0,1297) size 769x21
        RenderText {#text} at (0,0) size 22x19
          text run at (0,0) width 22: "H1:"
      RenderBlock {H1} at (0,1338) size 769x1
        RenderInline {FONT} at (0,0) size 0x0 [color=#008000]
      RenderBlock (anonymous) at (0,1338) size 769x21
        RenderInline {FONT} at (0,0) size 160x19 [color=#008000]
          RenderText {#text} at (0,0) size 160x19
            text run at (0,0) width 160: "All of this should be green."
        RenderText {#text} at (0,0) size 0x0
      RenderBlock {HR} at (0,1366) size 769x3 [border: (1px inset #000000)]
      RenderBlock (anonymous) at (0,1376) size 769x21
        RenderText {#text} at (0,0) size 22x19
          text run at (0,0) width 22: "H2:"
      RenderBlock {H2} at (0,1416) size 769x1
        RenderInline {FONT} at (0,0) size 0x0 [color=#008000]
      RenderBlock (anonymous) at (0,1416) size 769x21
        RenderInline {FONT} at (0,0) size 160x19 [color=#008000]
          RenderText {#text} at (0,0) size 160x19
            text run at (0,0) width 160: "All of this should be green."
        RenderText {#text} at (0,0) size 0x0
      RenderBlock {HR} at (0,1444) size 769x3 [border: (1px inset #000000)]
      RenderBlock (anonymous) at (0,1454) size 769x21
        RenderText {#text} at (0,0) size 22x19
          text run at (0,0) width 22: "H3:"
      RenderBlock {H3} at (0,1493) size 769x1
        RenderInline {FONT} at (0,0) size 0x0 [color=#008000]
      RenderBlock (anonymous) at (0,1493) size 769x21
        RenderInline {FONT} at (0,0) size 160x19 [color=#008000]
          RenderText {#text} at (0,0) size 160x19
            text run at (0,0) width 160: "All of this should be green."
        RenderText {#text} at (0,0) size 0x0
      RenderBlock {HR} at (0,1521) size 769x3 [border: (1px inset #000000)]
      RenderBlock (anonymous) at (0,1531) size 769x21
        RenderText {#text} at (0,0) size 22x19
          text run at (0,0) width 22: "H4:"
      RenderBlock {H4} at (0,1572) size 769x1
        RenderInline {FONT} at (0,0) size 0x0 [color=#008000]
      RenderBlock (anonymous) at (0,1572) size 769x21
        RenderInline {FONT} at (0,0) size 160x19 [color=#008000]
          RenderText {#text} at (0,0) size 160x19
            text run at (0,0) width 160: "All of this should be green."
        RenderText {#text} at (0,0) size 0x0
      RenderBlock {HR} at (0,1600) size 769x3 [border: (1px inset #000000)]
      RenderBlock (anonymous) at (0,1610) size 769x21
        RenderText {#text} at (0,0) size 22x19
          text run at (0,0) width 22: "H5:"
      RenderBlock {H5} at (0,1652) size 769x1
        RenderInline {FONT} at (0,0) size 0x0 [color=#008000]
      RenderBlock (anonymous) at (0,1652) size 769x21
        RenderInline {FONT} at (0,0) size 160x19 [color=#008000]
          RenderText {#text} at (0,0) size 160x19
            text run at (0,0) width 160: "All of this should be green."
        RenderText {#text} at (0,0) size 0x0
      RenderBlock {HR} at (0,1680) size 769x3 [border: (1px inset #000000)]
      RenderBlock (anonymous) at (0,1690) size 769x21
        RenderText {#text} at (0,0) size 22x19
          text run at (0,0) width 22: "H6:"
      RenderBlock {H6} at (0,1735) size 769x1
        RenderInline {FONT} at (0,0) size 0x0 [color=#008000]
      RenderBlock (anonymous) at (0,1735) size 769x21
        RenderInline {FONT} at (0,0) size 160x19 [color=#008000]
          RenderText {#text} at (0,0) size 160x19
            text run at (0,0) width 160: "All of this should be green."
        RenderText {#text} at (0,0) size 0x0
      RenderBlock {HR} at (0,1763) size 769x3 [border: (1px inset #000000)]
      RenderBlock (anonymous) at (0,1773) size 769x21
        RenderText {#text} at (0,0) size 12x19
          text run at (0,0) width 12: "I: "
        RenderInline {I} at (0,0) size 0x19
          RenderInline {FONT} at (0,0) size 0x19 [color=#008000]
        RenderInline {FONT} at (0,0) size 160x19 [color=#008000]
          RenderText {#text} at (12,0) size 160x19
            text run at (12,0) width 160: "All of this should be green."
        RenderText {#text} at (0,0) size 0x0
      RenderBlock {HR} at (0,1801) size 769x3 [border: (1px inset #000000)]
      RenderBlock (anonymous) at (0,1811) size 769x21
        RenderText {#text} at (0,0) size 33x19
          text run at (0,0) width 33: "INS: "
        RenderInline {INS} at (0,0) size 0x19
          RenderInline {FONT} at (0,0) size 0x19 [color=#008000]
        RenderInline {FONT} at (0,0) size 160x19 [color=#008000]
          RenderText {#text} at (33,0) size 160x19
            text run at (33,0) width 160: "All of this should be green."
        RenderText {#text} at (0,0) size 0x0
      RenderBlock {HR} at (0,1839) size 769x3 [border: (1px inset #000000)]
      RenderBlock (anonymous) at (0,1849) size 769x21
        RenderText {#text} at (0,0) size 65x19
          text run at (0,0) width 65: "ISINDEX:"
        RenderInline {FORM} at (0,0) size 0x0
      RenderBlock (anonymous) at (0,1877) size 769x3
        RenderBlock {HR} at (0,0) size 769x2 [border: (1px inset #000000)]
      RenderBlock (anonymous) at (0,1887) size 769x27
        RenderInline {FORM} at (0,0) size 464x19
          RenderInline {LABEL} at (0,0) size 464x19
            RenderText {#text} at (0,3) size 307x19
              text run at (0,3) width 307: "This is a searchable index. Enter search keywords: "
            RenderTextControl {INPUT} at (309,2) size 153x22 [bgcolor=#FFFFFF] [border: (2px inset #000000)]
      RenderBlock (anonymous) at (0,1921) size 769x3
        RenderBlock {HR} at (0,0) size 769x2 [border: (1px inset #000000)]
      RenderBlock (anonymous) at (0,1931) size 769x21
        RenderInline {FORM} at (0,0) size 0x0
        RenderInline {FONT} at (0,0) size 160x19 [color=#008000]
          RenderText {#text} at (0,0) size 160x19
            text run at (0,0) width 160: "All of this should be green."
        RenderText {#text} at (0,0) size 0x0
      RenderBlock {HR} at (0,1959) size 769x3 [border: (1px inset #000000)]
      RenderBlock (anonymous) at (0,1969) size 769x21
        RenderText {#text} at (0,0) size 40x19
          text run at (0,0) width 40: "KBD: "
        RenderInline {KBD} at (0,0) size 0x16
          RenderInline {FONT} at (0,0) size 0x16 [color=#008000]
        RenderInline {FONT} at (0,0) size 160x19 [color=#008000]
          RenderText {#text} at (40,0) size 160x19
            text run at (40,0) width 160: "All of this should be green."
        RenderText {#text} at (0,0) size 0x0
      RenderBlock {HR} at (0,1997) size 769x3 [border: (1px inset #000000)]
      RenderBlock (anonymous) at (0,2007) size 769x25
        RenderText {#text} at (0,2) size 71x19
          text run at (0,2) width 71: "KEYGEN: "
        RenderBlock {KEYGEN} at (73,2) size 150x20
          RenderMenuList {SELECT} at (0,0) size 150x20 [bgcolor=#FFFFFF] [border: (1px solid #000000)]
            RenderBlock (anonymous) at (1,1) size 148x18
              RenderText at (4,1) size 105x16
                text run at (4,1) width 105: "2048 (High Grade)"
        RenderInline {FONT} at (0,0) size 160x19 [color=#008000]
          RenderText {#text} at (225,2) size 160x19
            text run at (225,2) width 160: "All of this should be green."
        RenderText {#text} at (0,0) size 0x0
      RenderBlock {HR} at (0,2039) size 769x3 [border: (1px inset #000000)]
      RenderBlock (anonymous) at (0,2049) size 769x21
        RenderText {#text} at (0,0) size 55x19
          text run at (0,0) width 55: "LABEL: "
        RenderInline {LABEL} at (0,0) size 0x19
          RenderInline {FONT} at (0,0) size 0x19 [color=#008000]
        RenderInline {FONT} at (0,0) size 160x19 [color=#008000]
          RenderText {#text} at (55,0) size 160x19
            text run at (55,0) width 160: "All of this should be green."
        RenderText {#text} at (0,0) size 0x0
      RenderBlock {HR} at (0,2077) size 769x3 [border: (1px inset #000000)]
      RenderBlock (anonymous) at (0,2087) size 769x21
        RenderText {#text} at (0,0) size 68x19
          text run at (0,0) width 68: "LEGEND: "
        RenderFieldSet {FIELDSET} at (68,15) size 4x0
          RenderBlock {LEGEND} at (0,0) size 4x0
            RenderInline {FONT} at (0,0) size 0x0 [color=#008000]
        RenderInline {FONT} at (0,0) size 160x19 [color=#008000]
          RenderText {#text} at (72,0) size 160x19
            text run at (72,0) width 160: "All of this should be green."
        RenderText {#text} at (0,0) size 0x0
      RenderBlock {HR} at (0,2115) size 769x3 [border: (1px inset #000000)]
      RenderBlock (anonymous) at (0,2125) size 769x21
        RenderText {#text} at (0,0) size 21x19
          text run at (0,0) width 21: "LI: "
        RenderInline {LI} at (0,0) size 0x19
          RenderInline {FONT} at (0,0) size 0x19 [color=#008000]
        RenderInline {FONT} at (0,0) size 160x19 [color=#008000]
          RenderText {#text} at (21,0) size 160x19
            text run at (21,0) width 160: "All of this should be green."
        RenderText {#text} at (0,0) size 0x0
      RenderBlock {HR} at (0,2153) size 769x3 [border: (1px inset #000000)]
      RenderBlock (anonymous) at (0,2163) size 769x21
        RenderText {#text} at (0,0) size 63x19
          text run at (0,0) width 63: "LISTING:"
      RenderBlock {LISTING} at (0,2196) size 769x1
        RenderInline {FONT} at (0,0) size 0x0 [color=#008000]
      RenderBlock (anonymous) at (0,2196) size 769x21
        RenderInline {FONT} at (0,0) size 160x19 [color=#008000]
          RenderText {#text} at (0,0) size 160x19
            text run at (0,0) width 160: "All of this should be green."
        RenderText {#text} at (0,0) size 0x0
      RenderBlock {HR} at (0,2224) size 769x3 [border: (1px inset #000000)]
      RenderBlock (anonymous) at (0,2234) size 769x21
        RenderText {#text} at (0,0) size 41x19
          text run at (0,0) width 41: "MAP: "
        RenderInline {MAP} at (0,0) size 0x19
          RenderInline {FONT} at (0,0) size 0x19 [color=#008000]
        RenderInline {FONT} at (0,0) size 160x19 [color=#008000]
          RenderText {#text} at (41,0) size 160x19
            text run at (41,0) width 160: "All of this should be green."
        RenderText {#text} at (0,0) size 0x0
      RenderBlock {HR} at (0,2262) size 769x3 [border: (1px inset #000000)]
      RenderBlock (anonymous) at (0,2272) size 769x61
        RenderText {#text} at (0,0) size 83x19
          text run at (0,0) width 83: "MARQUEE: "
        RenderText {#text} at (0,40) size 160x19
          text run at (0,40) width 160: "All of this should be green."
      RenderBlock {HR} at (0,2340) size 769x3 [border: (1px inset #000000)]
      RenderBlock (anonymous) at (0,2350) size 769x21
        RenderText {#text} at (0,0) size 49x19
          text run at (0,0) width 49: "MENU:"
      RenderBlock {MENU} at (0,2386) size 769x1
        RenderInline {FONT} at (0,0) size 0x0 [color=#008000]
      RenderBlock (anonymous) at (0,2386) size 769x21
        RenderInline {FONT} at (0,0) size 160x19 [color=#008000]
          RenderText {#text} at (0,0) size 160x19
            text run at (0,0) width 160: "All of this should be green."
        RenderText {#text} at (0,0) size 0x0
      RenderBlock {HR} at (0,2414) size 769x3 [border: (1px inset #000000)]
      RenderBlock (anonymous) at (0,2424) size 769x21
        RenderText {#text} at (0,0) size 51x19
          text run at (0,0) width 51: "NOBR: "
        RenderInline {NOBR} at (0,0) size 0x19
          RenderInline {FONT} at (0,0) size 0x19 [color=#008000]
        RenderInline {FONT} at (0,0) size 160x19 [color=#008000]
          RenderText {#text} at (51,0) size 160x19
            text run at (51,0) width 160: "All of this should be green."
        RenderText {#text} at (0,0) size 0x0
      RenderBlock {HR} at (0,2452) size 769x3 [border: (1px inset #000000)]
      RenderBlock (anonymous) at (0,2462) size 769x21
        RenderText {#text} at (0,0) size 64x19
          text run at (0,0) width 64: "OBJECT: "
        RenderInline {FONT} at (0,0) size 160x19 [color=#008000]
          RenderInline {OBJECT} at (0,0) size 0x19
            RenderInline {FONT} at (0,0) size 0x19 [color=#FF0000]
          RenderText {#text} at (64,0) size 160x19
            text run at (64,0) width 160: "All of this should be green."
        RenderText {#text} at (0,0) size 0x0
      RenderBlock {HR} at (0,2490) size 769x3 [border: (1px inset #000000)]
      RenderBlock (anonymous) at (0,2500) size 769x21
        RenderText {#text} at (0,0) size 24x19
          text run at (0,0) width 24: "OL:"
      RenderBlock {OL} at (0,2536) size 769x1
        RenderInline {FONT} at (0,0) size 0x0 [color=#008000]
      RenderBlock (anonymous) at (0,2536) size 769x21
        RenderInline {FONT} at (0,0) size 160x19 [color=#008000]
          RenderText {#text} at (0,0) size 160x19
            text run at (0,0) width 160: "All of this should be green."
        RenderText {#text} at (0,0) size 0x0
      RenderBlock {HR} at (0,2564) size 769x3 [border: (1px inset #000000)]
      RenderBlock (anonymous) at (0,2574) size 769x25
        RenderText {#text} at (0,2) size 90x19
          text run at (0,2) width 90: "OPTGROUP: "
        RenderInline {FONT} at (0,0) size 217x19 [color=#008000]
          RenderMenuList {SELECT} at (92,2) size 49x20 [color=#000000] [bgcolor=#FFFFFF] [border: (1px solid #000000)]
            RenderBlock (anonymous) at (1,1) size 47x18
              RenderText at (4,1) size 24x16
                text run at (4,1) width 24: "One"
          RenderText {#text} at (143,2) size 164x19
            text run at (143,2) width 164: " All of this should be green."
        RenderText {#text} at (0,0) size 0x0
      RenderBlock {HR} at (0,2606) size 769x3 [border: (1px inset #000000)]
      RenderBlock (anonymous) at (0,2616) size 769x25
        RenderText {#text} at (0,2) size 66x19
          text run at (0,2) width 66: "OPTION: "
        RenderInline {FONT} at (0,0) size 217x19 [color=#008000]
          RenderMenuList {SELECT} at (68,2) size 49x20 [color=#000000] [bgcolor=#FFFFFF] [border: (1px solid #000000)]
            RenderBlock (anonymous) at (1,1) size 47x18
              RenderText at (4,1) size 24x16
                text run at (4,1) width 24: "One"
          RenderText {#text} at (119,2) size 164x19
            text run at (119,2) width 164: " All of this should be green."
        RenderText {#text} at (0,0) size 0x0
      RenderBlock {HR} at (0,2648) size 769x3 [border: (1px inset #000000)]
      RenderBlock (anonymous) at (0,2658) size 769x21
        RenderText {#text} at (0,0) size 16x19
          text run at (0,0) width 16: "P: "
        RenderInline {P} at (0,0) size 0x19
          RenderInline {FONT} at (0,0) size 0x19 [color=#008000]
        RenderInline {FONT} at (0,0) size 160x19 [color=#008000]
          RenderText {#text} at (16,0) size 160x19
            text run at (16,0) width 160: "All of this should be green."
        RenderText {#text} at (0,0) size 0x0
      RenderBlock {HR} at (0,2686) size 769x3 [border: (1px inset #000000)]
      RenderBlock (anonymous) at (0,2696) size 769x21
        RenderText {#text} at (0,0) size 62x19
          text run at (0,0) width 62: "PARAM: "
        RenderInline {FONT} at (0,0) size 160x19 [color=#008000]
          RenderInline {OBJECT} at (0,0) size 0x19
            RenderInline {FONT} at (0,0) size 0x19 [color=#FF0000]
          RenderText {#text} at (62,0) size 160x19
            text run at (62,0) width 160: "All of this should be green."
        RenderText {#text} at (0,0) size 0x0
      RenderBlock {HR} at (0,2724) size 769x3 [border: (1px inset #000000)]
      RenderBlock (anonymous) at (0,2734) size 769x21
        RenderText {#text} at (0,0) size 31x19
          text run at (0,0) width 31: "PRE:"
      RenderBlock {PRE} at (0,2767) size 769x1
        RenderInline {FONT} at (0,0) size 0x0 [color=#008000]
      RenderBlock (anonymous) at (0,2767) size 769x21
        RenderInline {FONT} at (0,0) size 160x19 [color=#008000]
          RenderText {#text} at (0,0) size 160x19
            text run at (0,0) width 160: "All of this should be green."
        RenderText {#text} at (0,0) size 0x0
      RenderBlock {HR} at (0,2795) size 769x3 [border: (1px inset #000000)]
      RenderBlock (anonymous) at (0,2805) size 769x21
        RenderText {#text} at (0,0) size 19x19
          text run at (0,0) width 19: "Q: "
        RenderInline {Q} at (0,0) size 10x19
          RenderInline (generated) at (0,0) size 5x19
            RenderQuote at (19,0) size 5x19
              text run at (19,0) width 5: "\""
          RenderInline {FONT} at (0,0) size 0x19 [color=#008000]
          RenderInline (generated) at (0,0) size 5x19
            RenderQuote at (24,0) size 5x19
              text run at (24,0) width 5: "\""
        RenderInline {FONT} at (0,0) size 160x19 [color=#008000]
          RenderText {#text} at (29,0) size 160x19
            text run at (29,0) width 160: "All of this should be green."
        RenderText {#text} at (0,0) size 0x0
      RenderBlock {HR} at (0,2833) size 769x3 [border: (1px inset #000000)]
      RenderBlock (anonymous) at (0,2843) size 769x21
        RenderText {#text} at (0,0) size 16x19
          text run at (0,0) width 16: "S: "
        RenderInline {S} at (0,0) size 0x19
          RenderInline {FONT} at (0,0) size 0x19 [color=#008000]
        RenderInline {FONT} at (0,0) size 160x19 [color=#008000]
          RenderText {#text} at (16,0) size 160x19
            text run at (16,0) width 160: "All of this should be green."
        RenderText {#text} at (0,0) size 0x0
      RenderBlock {HR} at (0,2871) size 769x3 [border: (1px inset #000000)]
      RenderBlock (anonymous) at (0,2881) size 769x21
        RenderText {#text} at (0,0) size 50x19
          text run at (0,0) width 50: "SAMP: "
        RenderInline {SAMP} at (0,0) size 0x16
          RenderInline {FONT} at (0,0) size 0x16 [color=#008000]
        RenderInline {FONT} at (0,0) size 160x19 [color=#008000]
          RenderText {#text} at (50,0) size 160x19
            text run at (50,0) width 160: "All of this should be green."
        RenderText {#text} at (0,0) size 0x0
      RenderBlock {HR} at (0,2909) size 769x3 [border: (1px inset #000000)]
      RenderBlock (anonymous) at (0,2919) size 769x25
        RenderText {#text} at (0,2) size 63x19
          text run at (0,2) width 63: "SELECT: "
        RenderInline {FONT} at (0,0) size 189x19 [color=#008000]
          RenderMenuList {SELECT} at (65,2) size 25x20 [color=#000000] [bgcolor=#FFFFFF] [border: (1px solid #000000)]
            RenderBlock (anonymous) at (1,1) size 23x18
              RenderBR at (4,1) size 0x16 [bgcolor=#FFFFFF]
          RenderText {#text} at (92,2) size 160x19
            text run at (92,2) width 160: "All of this should be green."
        RenderText {#text} at (0,0) size 0x0
      RenderBlock {HR} at (0,2951) size 769x3 [border: (1px inset #000000)]
      RenderBlock (anonymous) at (0,2961) size 769x21
        RenderText {#text} at (0,0) size 59x19
          text run at (0,0) width 59: "SMALL: "
        RenderInline {SMALL} at (0,0) size 0x15
          RenderInline {FONT} at (0,0) size 0x15 [color=#008000]
        RenderInline {FONT} at (0,0) size 160x19 [color=#008000]
          RenderText {#text} at (59,0) size 160x19
            text run at (59,0) width 160: "All of this should be green."
        RenderText {#text} at (0,0) size 0x0
      RenderBlock {HR} at (0,2989) size 769x3 [border: (1px inset #000000)]
      RenderBlock (anonymous) at (0,2999) size 769x21
        RenderText {#text} at (0,0) size 48x19
          text run at (0,0) width 48: "SPAN: "
        RenderInline {SPAN} at (0,0) size 0x19
          RenderInline {FONT} at (0,0) size 0x19 [color=#008000]
        RenderInline {FONT} at (0,0) size 160x19 [color=#008000]
          RenderText {#text} at (48,0) size 160x19
            text run at (48,0) width 160: "All of this should be green."
        RenderText {#text} at (0,0) size 0x0
      RenderBlock {HR} at (0,3027) size 769x3 [border: (1px inset #000000)]
      RenderBlock (anonymous) at (0,3037) size 769x21
        RenderText {#text} at (0,0) size 61x19
          text run at (0,0) width 61: "STRIKE: "
        RenderInline {STRIKE} at (0,0) size 0x19
          RenderInline {FONT} at (0,0) size 0x19 [color=#008000]
        RenderInline {FONT} at (0,0) size 160x19 [color=#008000]
          RenderText {#text} at (61,0) size 160x19
            text run at (61,0) width 160: "All of this should be green."
        RenderText {#text} at (0,0) size 0x0
      RenderBlock {HR} at (0,3065) size 769x3 [border: (1px inset #000000)]
      RenderBlock (anonymous) at (0,3075) size 769x21
        RenderText {#text} at (0,0) size 70x19
          text run at (0,0) width 70: "STRONG: "
        RenderInline {STRONG} at (0,0) size 0x19
          RenderInline {FONT} at (0,0) size 0x19 [color=#008000]
        RenderInline {FONT} at (0,0) size 160x19 [color=#008000]
          RenderText {#text} at (70,0) size 160x19
            text run at (70,0) width 160: "All of this should be green."
        RenderText {#text} at (0,0) size 0x0
      RenderBlock {HR} at (0,3103) size 769x3 [border: (1px inset #000000)]
      RenderBlock (anonymous) at (0,3113) size 769x24
        RenderText {#text} at (0,0) size 37x19
          text run at (0,0) width 37: "SUB: "
        RenderInline {SUB} at (0,0) size 0x15
          RenderInline {FONT} at (0,0) size 0x15 [color=#008000]
        RenderInline {FONT} at (0,0) size 160x19 [color=#008000]
          RenderText {#text} at (37,0) size 160x19
            text run at (37,0) width 160: "All of this should be green."
        RenderText {#text} at (0,0) size 0x0
      RenderBlock {HR} at (0,3144) size 769x3 [border: (1px inset #000000)]
      RenderBlock (anonymous) at (0,3154) size 769x24
        RenderText {#text} at (0,3) size 36x19
          text run at (0,3) width 36: "SUP: "
        RenderInline {SUP} at (0,0) size 0x15
          RenderInline {FONT} at (0,0) size 0x15 [color=#008000]
        RenderInline {FONT} at (0,0) size 160x19 [color=#008000]
          RenderText {#text} at (36,3) size 160x19
            text run at (36,3) width 160: "All of this should be green."
        RenderText {#text} at (0,0) size 0x0
      RenderBlock {HR} at (0,3185) size 769x3 [border: (1px inset #000000)]
      RenderBlock (anonymous) at (0,3195) size 769x21
        RenderText {#text} at (0,0) size 55x19
          text run at (0,0) width 55: "TABLE: "
        RenderInline {FONT} at (0,0) size 162x19 [color=#008000]
          RenderInline {FONT} at (0,0) size 0x19 [color=#FF0000]
          RenderTable {TABLE} at (55,15) size 2x0
          RenderInline {FONT} at (0,0) size 160x19 [color=#FF0000]
            RenderText {#text} at (57,0) size 160x19
              text run at (57,0) width 160: "All of this should be green."
          RenderText {#text} at (0,0) size 0x0
      RenderBlock (anonymous) at (0,3223) size 769x3 [color=#008000]
        RenderBlock {HR} at (0,0) size 769x2 [border: (1px inset #008000)]
      RenderBlock (anonymous) at (0,3233) size 769x21
        RenderInline {FONT} at (0,0) size 222x19 [color=#008000]
          RenderText {#text} at (0,0) size 60x19
            text run at (0,0) width 60: "TBODY: "
          RenderInline {FONT} at (0,0) size 162x19
            RenderInline {FONT} at (0,0) size 0x19
            RenderTable {TABLE} at (60,13) size 2x2
              RenderTableSection {TBODY} at (0,0) size 2x2
            RenderInline {FONT} at (0,0) size 160x19
              RenderText {#text} at (62,0) size 160x19
                text run at (62,0) width 160: "All of this should be green."
            RenderText {#text} at (0,0) size 0x0
      RenderBlock (anonymous) at (0,3261) size 769x3 [color=#008000]
        RenderBlock {HR} at (0,0) size 769x2 [border: (1px inset #008000)]
      RenderBlock (anonymous) at (0,3271) size 769x21
        RenderInline {FONT} at (0,0) size 193x19 [color=#008000]
          RenderInline {FONT} at (0,0) size 193x19
            RenderText {#text} at (0,0) size 27x19
              text run at (0,0) width 27: "TD: "
            RenderInline {FONT} at (0,0) size 166x19
              RenderTable {TABLE} at (27,9) size 6x6
                RenderTableSection {TBODY} at (0,0) size 6x6
                  RenderTableRow {TR} at (0,2) size 6x2
                    RenderTableCell {TD} at (2,2) size 2x2 [r=0 c=0 rs=1 cs=1]
                      RenderInline {FONT} at (0,0) size 0x0 [color=#FF0000]
              RenderText {#text} at (33,0) size 160x19
                text run at (33,0) width 160: "All of this should be green."
            RenderText {#text} at (0,0) size 0x0
      RenderBlock (anonymous) at (0,3299) size 769x3 [color=#008000]
        RenderBlock {HR} at (0,0) size 769x2 [border: (1px inset #008000)]
      RenderBlock (anonymous) at (0,3309) size 769x21
        RenderInline {FONT} at (0,0) size 220x19 [color=#008000]
          RenderInline {FONT} at (0,0) size 220x19
            RenderText {#text} at (0,0) size 58x19
              text run at (0,0) width 58: "TFOOT: "
            RenderInline {FONT} at (0,0) size 162x19
              RenderInline {FONT} at (0,0) size 0x19
              RenderTable {TABLE} at (58,13) size 2x2
                RenderTableSection {TFOOT} at (0,0) size 2x2
              RenderInline {FONT} at (0,0) size 160x19
                RenderText {#text} at (60,0) size 160x19
                  text run at (60,0) width 160: "All of this should be green."
              RenderText {#text} at (0,0) size 0x0
      RenderBlock (anonymous) at (0,3337) size 769x3 [color=#008000]
        RenderBlock {HR} at (0,0) size 769x2 [border: (1px inset #008000)]
      RenderBlock (anonymous) at (0,3347) size 769x21
        RenderInline {FONT} at (0,0) size 220x19 [color=#008000]
          RenderInline {FONT} at (0,0) size 220x19
            RenderInline {FONT} at (0,0) size 220x19
              RenderText {#text} at (0,0) size 58x19
                text run at (0,0) width 58: "THEAD: "
              RenderInline {FONT} at (0,0) size 162x19
                RenderInline {FONT} at (0,0) size 0x19
                RenderTable {TABLE} at (58,13) size 2x2
                  RenderTableSection {THEAD} at (0,0) size 2x2
                RenderInline {FONT} at (0,0) size 160x19
                  RenderText {#text} at (60,0) size 160x19
                    text run at (60,0) width 160: "All of this should be green."
                RenderText {#text} at (0,0) size 0x0
      RenderBlock (anonymous) at (0,3375) size 769x3 [color=#008000]
        RenderBlock {HR} at (0,0) size 769x2 [border: (1px inset #008000)]
      RenderBlock (anonymous) at (0,3385) size 769x21
        RenderInline {FONT} at (0,0) size 188x19 [color=#008000]
          RenderInline {FONT} at (0,0) size 188x19
            RenderInline {FONT} at (0,0) size 188x19
              RenderInline {FONT} at (0,0) size 188x19
                RenderText {#text} at (0,0) size 26x19
                  text run at (0,0) width 26: "TR: "
                RenderInline {FONT} at (0,0) size 162x19
                  RenderInline {FONT} at (0,0) size 0x19
                  RenderTable {TABLE} at (26,11) size 2x4
                    RenderTableSection {TBODY} at (0,0) size 2x4
                      RenderTableRow {TR} at (0,2) size 2x0
                  RenderInline {FONT} at (0,0) size 160x19
                    RenderText {#text} at (28,0) size 160x19
                      text run at (28,0) width 160: "All of this should be green."
                  RenderText {#text} at (0,0) size 0x0
      RenderBlock (anonymous) at (0,3413) size 769x3 [color=#008000]
        RenderBlock {HR} at (0,0) size 769x2 [border: (1px inset #008000)]
      RenderBlock (anonymous) at (0,3423) size 769x21
        RenderInline {FONT} at (0,0) size 185x19 [color=#008000]
          RenderInline {FONT} at (0,0) size 185x19
            RenderInline {FONT} at (0,0) size 185x19
              RenderInline {FONT} at (0,0) size 185x19
                RenderInline {FONT} at (0,0) size 185x19
                  RenderText {#text} at (0,0) size 25x19
                    text run at (0,0) width 25: "TT: "
                  RenderInline {TT} at (0,0) size 0x16
                    RenderInline {FONT} at (0,0) size 0x16
                  RenderInline {FONT} at (0,0) size 160x19
                    RenderText {#text} at (25,0) size 160x19
                      text run at (25,0) width 160: "All of this should be green."
                  RenderText {#text} at (0,0) size 0x0
      RenderBlock (anonymous) at (0,3451) size 769x3 [color=#008000]
        RenderBlock {HR} at (0,0) size 769x2 [border: (1px inset #008000)]
      RenderBlock (anonymous) at (0,3461) size 769x21
        RenderInline {FONT} at (0,0) size 178x19 [color=#008000]
          RenderInline {FONT} at (0,0) size 178x19
            RenderInline {FONT} at (0,0) size 178x19
              RenderInline {FONT} at (0,0) size 178x19
                RenderInline {FONT} at (0,0) size 178x19
                  RenderText {#text} at (0,0) size 18x19
                    text run at (0,0) width 18: "U: "
                  RenderInline {U} at (0,0) size 0x19
                    RenderInline {FONT} at (0,0) size 0x19
                  RenderInline {FONT} at (0,0) size 160x19
                    RenderText {#text} at (18,0) size 160x19
                      text run at (18,0) width 160: "All of this should be green."
                  RenderText {#text} at (0,0) size 0x0
      RenderBlock (anonymous) at (0,3489) size 769x3 [color=#008000]
        RenderBlock {HR} at (0,0) size 769x2 [border: (1px inset #008000)]
      RenderBlock (anonymous) at (0,3499) size 769x21
        RenderInline {FONT} at (0,0) size 23x19 [color=#008000]
          RenderInline {FONT} at (0,0) size 23x19
            RenderInline {FONT} at (0,0) size 23x19
              RenderInline {FONT} at (0,0) size 23x19
                RenderInline {FONT} at (0,0) size 23x19
                  RenderText {#text} at (0,0) size 23x19
                    text run at (0,0) width 23: "UL:"
      RenderBlock (anonymous) at (0,3535) size 769x1 [color=#008000]
        RenderBlock {UL} at (0,0) size 769x0
          RenderInline {FONT} at (0,0) size 0x0
      RenderBlock (anonymous) at (0,3535) size 769x21
        RenderInline {FONT} at (0,0) size 160x19 [color=#008000]
          RenderInline {FONT} at (0,0) size 160x19
            RenderInline {FONT} at (0,0) size 160x19
              RenderInline {FONT} at (0,0) size 160x19
                RenderInline {FONT} at (0,0) size 160x19
                  RenderInline {FONT} at (0,0) size 160x19
                    RenderText {#text} at (0,0) size 160x19
                      text run at (0,0) width 160: "All of this should be green."
                  RenderText {#text} at (0,0) size 0x0
      RenderBlock (anonymous) at (0,3563) size 769x3 [color=#008000]
        RenderBlock {HR} at (0,0) size 769x2 [border: (1px inset #008000)]
      RenderBlock (anonymous) at (0,3573) size 769x21
        RenderInline {FONT} at (0,0) size 199x19 [color=#008000]
          RenderInline {FONT} at (0,0) size 199x19
            RenderInline {FONT} at (0,0) size 199x19
              RenderInline {FONT} at (0,0) size 199x19
                RenderInline {FONT} at (0,0) size 199x19
                  RenderText {#text} at (0,0) size 39x19
                    text run at (0,0) width 39: "VAR: "
                  RenderInline {VAR} at (0,0) size 0x19
                    RenderInline {FONT} at (0,0) size 0x19
                  RenderInline {FONT} at (0,0) size 160x19
                    RenderText {#text} at (39,0) size 160x19
                      text run at (39,0) width 160: "All of this should be green."
                  RenderText {#text} at (0,0) size 0x0
layer at (319,1914) size 149x16
  RenderBlock {DIV} at (2,3) size 149x16
