layer at (0,0) size 800x600
  RenderView at (0,0) size 800x600
layer at (0,0) size 800x600
  RenderBlock {HTML} at (0,0) size 800x600
    RenderBody {BODY} at (8,8) size 784x576
      RenderBlock {P} at (0,0) size 784x105
        RenderText {#text} at (0,84) size 103x21
          text run at (0,84) width 103: "Layout test for "
        RenderInline {A} at (0,0) size 45x21 [color=#0000EE]
          RenderText {#text} at (103,84) size 45x21
            text run at (103,84) width 45: "11760"
        RenderText {#text} at (148,84) size 220x21
          text run at (148,84) width 8: ". "
          text run at (156,84) width 212: "If it doesn't crash, we're good. "
        RenderImage {IMG} at (368,0) size 100x100
        RenderText {#text} at (0,0) size 0x0
