layer at (0,0) size 800x600
  RenderView at (0,0) size 800x600
layer at (0,0) size 800x600
  RenderBlock {HTML} at (0,0) size 800x600
    RenderBody {BODY} at (8,8) size 784x584
      RenderBlock {P} at (0,0) size 784x63
        RenderText {#text} at (0,0) size 766x63
          text run at (0,0) width 766: "Assuming the port-specific theme draws focus rings, this test can be used to ensure that a focus ring is drawn"
          text run at (0,21) width 754: "for an <area>. This test PASSED if a green-colored focus ring is drawn around the <area> in the imagemap"
          text run at (0,42) width 57: "(below)."
      RenderBlock (anonymous) at (0,79) size 784x128
        RenderInline {MAP} at (0,0) size 0x0
          RenderText {#text} at (0,0) size 0x0
          RenderText {#text} at (0,0) size 0x0
        RenderText {#text} at (0,0) size 0x0
        RenderImage {IMG} at (0,0) size 128x128
        RenderText {#text} at (0,0) size 0x0
