layer at (0,0) size 800x600
  RenderView at (0,0) size 800x600
layer at (0,0) size 800x600
  RenderBlock {HTML} at (0,0) size 800x600
    RenderBody {BODY} at (8,8) size 784x584
      RenderBlock {P} at (0,0) size 784x66
        RenderText {#text} at (0,0) size 777x66
          text run at (0,0) width 777: "Assuming the port-specific theme draws focus rings, this test can be used to ensure that a focus ring is drawn for an"
          text run at (0,22) width 728: "<area shape=\"circle\">. This test PASSED if a circular-shaped focus ring is drawn around the <area> in the"
          text run at (0,44) width 128: "imagemap (below)."
      RenderBlock (anonymous) at (0,82) size 784x128
        RenderInline {MAP} at (0,0) size 0x0
          RenderText {#text} at (0,0) size 0x0
          RenderText {#text} at (0,0) size 0x0
        RenderText {#text} at (0,0) size 0x0
        RenderImage {IMG} at (0,0) size 128x128
        RenderText {#text} at (0,0) size 0x0
        RenderText {#text} at (0,0) size 0x0
