layer at (0,0) size 800x600
  RenderView at (0,0) size 800x600
layer at (0,0) size 800x600
  RenderBlock {HTML} at (0,0) size 800x600
    RenderBody {BODY} at (8,8) size 784x584
      RenderBlock {DIV} at (0,0) size 784x54
        RenderText {#text} at (0,0) size 577x18
          text run at (0,0) width 577: "PASS - \"backgroundImage\" property for \"box\" element at 2.5s saw something close to: 0.5"
        RenderBR {BR} at (577,14) size 0x0
        RenderText {#text} at (0,18) size 704x18
          text run at (0,18) width 704: "PASS - \"backgroundImage\" property for \"box\" and \"boxStatic\" elements at 2.5s are close enough to each other"
        RenderBR {BR} at (704,32) size 0x0
        RenderText {#text} at (0,36) size 769x18
          text run at (0,36) width 769: "PASS - \"backgroundImage\" property for \"boxShorthand\" and \"boxStatic\" elements at 2.5s are close enough to each other"
        RenderBR {BR} at (769,50) size 0x0
layer at (100,100) size 100x100
  RenderBlock (positioned) {DIV} at (100,100) size 100x100 [bgcolor=#FF0000]
layer at (100,300) size 100x100
  RenderBlock (positioned) {DIV} at (100,300) size 100x100 [bgcolor=#FF0000]
layer at (100,200) size 100x100
  RenderBlock (positioned) {DIV} at (100,200) size 100x100
