layer at (0,0) size 784x3172
  RenderView at (0,0) size 784x600
layer at (0,0) size 784x3172
  RenderBlock {HTML} at (0,0) size 784x3172
    RenderBody {BODY} at (8,8) size 768x3148
      RenderBlock {P} at (0,0) size 768x18
        RenderText {#text} at (0,0) size 55x17
          text run at (0,0) width 55: "Test for "
        RenderInline {A} at (0,0) size 69x17 [color=#0000EE]
          RenderText {#text} at (54,0) size 69x17
            text run at (54,0) width 69: "bug 12331"
        RenderText {#text} at (122,0) size 5x17
          text run at (122,0) width 5: "."
      RenderBlock {P} at (0,34) size 768x36
        RenderText {#text} at (0,0) size 756x35
          text run at (0,0) width 756: "To test manually, scroll down until you find the input element. Select some text. If the bug occurs, the page will scroll"
          text run at (0,18) width 119: "back up to the top."
      RenderBlock {DIV} at (0,86) size 768x3000
      RenderBlock (anonymous) at (0,3086) size 768x28
        RenderTextControl {INPUT} at (2,2) size 193x24 [bgcolor=#FFFFFF] [border: (2px inset #000000)]
        RenderText {#text} at (0,0) size 0x0
      RenderBlock {P} at (0,3130) size 768x18
        RenderText {#text} at (0,0) size 412x17
          text run at (0,0) width 412: "If the bug does not occur, you'll be left down here at the bottom."
layer at (13,3099) size 187x18
  RenderBlock {DIV} at (3,3) size 187x18
    RenderText {#text} at (1,0) size 163x17
      text run at (1,0) width 163: "select some of this text"
selection start: position 1 of child 0 {#text} of child 0 {DIV} of {#shadow-root} of child 7 {INPUT} of body
selection end:   position 11 of child 0 {#text} of child 0 {DIV} of {#shadow-root} of child 7 {INPUT} of body
