layer at (0,0) size 800x600
  RenderView at (0,0) size 800x600
layer at (0,0) size 800x600
  RenderBlock {HTML} at (0,0) size 800x600
    RenderFrameSet {FRAMESET} at (0,0) size 800x600
      RenderFrame {FRAME} at (0,0) size 800x100
        layer at (0,0) size 784x102
          RenderView at (0,0) size 784x100
        layer at (0,0) size 784x102
          RenderBlock {HTML} at (0,0) size 784x102
            RenderBody {BODY} at (0,0) size 784x102
              RenderBlock {DIV} at (0,0) size 784x102 [border: (1px solid #000000)]
                RenderText {#text} at (1,1) size 703x17
                  text run at (1,1) width 703: "This layout test is checks that we don't crash when a stand alone image is dragged into a content editable div. "
                RenderBR {BR} at (703,15) size 1x0
                RenderInline {A} at (0,0) size 153x17 [color=#0000EE]
                  RenderText {#text} at (1,30) size 153x17
                    text run at (1,30) width 153: "rdar://problem/5021127"
                RenderImage {IMG} at (154,19) size 25x25
      RenderFrame {FRAME} at (0,106) size 800x100
        layer at (0,0) size 800x100
          RenderView at (0,0) size 800x100
        layer at (0,0) size 800x100
          RenderBlock {HTML} at (0,0) size 800x100
            RenderBody {BODY} at (0,0) size 800x100
              RenderImage {IMG} at (0,0) size 25x25
