layer at (0,0) size 800x600
  RenderView at (0,0) size 800x600
layer at (0,0) size 800x600
  RenderBlock {HTML} at (0,0) size 800x600
    RenderBody {BODY} at (8,8) size 784x576
      RenderBlock {P} at (0,0) size 784x18
        RenderText {#text} at (0,0) size 574x19
          text run at (0,0) width 574: "The following is a test for DOM manipulation within <ruby>: Inserting a new <rt> element"
      RenderBlock {P} at (0,34) size 784x18
        RenderText {#text} at (0,0) size 436x19
          text run at (0,0) width 436: "Both lines should look identical (the first line is the one manipulated)."
      RenderBlock (anonymous) at (0,68) size 784x36
        RenderBR {BR} at (0,0) size 0x19
        RenderBR {BR} at (0,18) size 0x19
      RenderBlock {P} at (0,120) size 784x29
        RenderText {#text} at (0,11) size 155x19
          text run at (0,11) width 155: "<ruby> is defined in the "
        RenderRuby (inline) {RUBY} at (0,0) size 116x19
          RenderRubyRun (anonymous) at (151,11) size 42x18
            RenderRubyText {RT} at (0,-11) size 42x10
              RenderText {#text} at (0,0) size 42x11
                text run at (0,0) width 42: "Hyper-text"
            RenderRubyBase (anonymous) at (0,0) size 42x18
              RenderInline {SPAN} at (0,0) size 22x19
                RenderText {#text} at (10,0) size 22x19
                  text run at (10,0) width 22: "HT"
          RenderRubyRun (anonymous) at (193,11) size 70x18
            RenderRubyText {RT} at (0,-11) size 70x10
              RenderText {#text} at (0,0) size 70x11
                text run at (0,0) width 70: "Markup Language"
            RenderRubyBase (anonymous) at (0,0) size 70x18
              RenderInline {SPAN} at (0,0) size 24x19
                RenderText {#text} at (23,0) size 24x19
                  text run at (23,0) width 24: "ML"
          RenderRubyRun (anonymous) at (263,11) size 8x18
            RenderRubyBase (anonymous) at (0,0) size 8x18
              RenderText {#text} at (0,0) size 8x19
                text run at (0,0) width 8: "5"
        RenderText {#text} at (271,11) size 36x19
          text run at (271,11) width 36: " spec."
      RenderBlock {P} at (0,165) size 784x29
        RenderText {#text} at (0,11) size 155x19
          text run at (0,11) width 155: "<ruby> is defined in the "
        RenderRuby (inline) {RUBY} at (0,0) size 116x19
          RenderRubyRun (anonymous) at (151,11) size 42x18
            RenderRubyText {RT} at (0,-11) size 42x10
              RenderText {#text} at (0,0) size 42x11
                text run at (0,0) width 42: "Hyper-text"
            RenderRubyBase (anonymous) at (0,0) size 42x18
              RenderInline {SPAN} at (0,0) size 22x19
                RenderText {#text} at (10,0) size 22x19
                  text run at (10,0) width 22: "HT"
          RenderRubyRun (anonymous) at (193,11) size 70x18
            RenderRubyText {RT} at (0,-11) size 70x10
              RenderText {#text} at (0,0) size 70x11
                text run at (0,0) width 70: "Markup Language"
            RenderRubyBase (anonymous) at (0,0) size 70x18
              RenderInline {SPAN} at (0,0) size 24x19
                RenderText {#text} at (23,0) size 24x19
                  text run at (23,0) width 24: "ML"
          RenderRubyRun (anonymous) at (263,11) size 8x18
            RenderRubyBase (anonymous) at (0,0) size 8x18
              RenderText {#text} at (0,0) size 8x19
                text run at (0,0) width 8: "5"
        RenderText {#text} at (271,11) size 36x19
          text run at (271,11) width 36: " spec."
