layer at (0,0) size 800x600
  RenderView at (0,0) size 800x600
layer at (0,0) size 800x600
  RenderBlock {HTML} at (0,0) size 800x600
    RenderBody {BODY} at (8,8) size 784x576
      RenderBlock {P} at (0,0) size 784x18
        RenderText {#text} at (0,0) size 656x19
          text run at (0,0) width 656: "The following is a test for DOM manipulation within <ruby>: Inserting a new text before a <rt> element"
      RenderBlock {P} at (0,34) size 784x18
        RenderText {#text} at (0,0) size 436x19
          text run at (0,0) width 436: "Both lines should look identical (the first line is the one manipulated)."
      RenderBlock (anonymous) at (0,68) size 784x36
        RenderBR {BR} at (0,0) size 0x19
        RenderBR {BR} at (0,18) size 0x19
      RenderBlock {P} at (0,120) size 784x28
        RenderText {#text} at (0,10) size 155x19
          text run at (0,10) width 155: "<ruby> is defined in the "
        RenderRuby (inline) {RUBY} at (0,0) size 101x19
          RenderRubyRun (anonymous) at (151,10) size 36x18
            RenderRubyText {RT} at (0,-10) size 36x9
              RenderText {#text} at (0,0) size 36x10
                text run at (0,0) width 36: "Hyper-text"
            RenderRubyBase (anonymous) at (0,0) size 36x18
              RenderText {#text} at (7,0) size 22x19
                text run at (7,0) width 22: "HT"
          RenderRubyRun (anonymous) at (187,10) size 61x18
            RenderRubyText {RT} at (0,-10) size 61x9
              RenderText {#text} at (0,0) size 61x10
                text run at (0,0) width 61: "Markup Language"
            RenderRubyBase (anonymous) at (0,0) size 61x18
              RenderText {#text} at (18,0) size 25x19
                text run at (18,0) width 25: "ML"
          RenderRubyRun (anonymous) at (248,10) size 8x18
            RenderRubyBase (anonymous) at (0,0) size 8x18
              RenderText {#text} at (0,0) size 8x19
                text run at (0,0) width 8: "5"
        RenderText {#text} at (256,10) size 36x19
          text run at (256,10) width 36: " spec."
      RenderBlock {P} at (0,164) size 784x28
        RenderText {#text} at (0,10) size 155x19
          text run at (0,10) width 155: "<ruby> is defined in the "
        RenderRuby (inline) {RUBY} at (0,0) size 101x19
          RenderRubyRun (anonymous) at (151,10) size 36x18
            RenderRubyText {RT} at (0,-10) size 36x9
              RenderText {#text} at (0,0) size 36x10
                text run at (0,0) width 36: "Hyper-text"
            RenderRubyBase (anonymous) at (0,0) size 36x18
              RenderText {#text} at (7,0) size 22x19
                text run at (7,0) width 22: "HT"
          RenderRubyRun (anonymous) at (187,10) size 61x18
            RenderRubyText {RT} at (0,-10) size 61x9
              RenderText {#text} at (0,0) size 61x10
                text run at (0,0) width 61: "Markup Language"
            RenderRubyBase (anonymous) at (0,0) size 61x18
              RenderText {#text} at (18,0) size 25x19
                text run at (18,0) width 25: "ML"
          RenderRubyRun (anonymous) at (248,10) size 8x18
            RenderRubyBase (anonymous) at (0,0) size 8x18
              RenderText {#text} at (0,0) size 8x19
                text run at (0,0) width 8: "5"
        RenderText {#text} at (256,10) size 36x19
          text run at (256,10) width 36: " spec."
