layer at (0,0) size 800x600
  RenderView at (0,0) size 800x600
layer at (0,0) size 800x600
  RenderBlock {HTML} at (0,0) size 800x600
    RenderBody {BODY} at (8,8) size 784x584
      RenderBlock (anonymous) at (0,0) size 784x72
        RenderText {#text} at (0,0) size 767x55
          text run at (0,0) width 752: "This is a test for multiple ruby runs and line breaks. There is a div with a blue border and 10px padding. This contains a"
          text run at (0,18) width 497: "single <ruby> markup in the text contained in the block, broken across 2 lines. "
          text run at (497,18) width 270: "Part of it should be on the first line, the rest"
          text run at (0,36) width 110: "on the other line. "
        RenderBR {BR} at (110,51) size 0x0
        RenderBR {BR} at (0,54) size 0x19
      RenderBlock {DIV} at (0,72) size 284x70 [border: (2px solid #0000FF)]
        RenderText {#text} at (12,12) size 155x19
          text run at (12,12) width 155: "<ruby> is defined in the "
        RenderRuby (inline) {RUBY} at (0,0) size 246x47
          RenderRubyRun (anonymous) at (163,12) size 21x18
            RenderRubyText {RT} at (0,-10) size 21x9
              RenderText {#text} at (0,0) size 21x10
                text run at (0,0) width 21: "Hyper"
            RenderRubyBase (anonymous) at (0,0) size 21x18
              RenderText {#text} at (4,0) size 13x19
                text run at (4,0) width 13: "H"
          RenderRubyRun (anonymous) at (184,12) size 15x18
            RenderRubyText {RT} at (0,-10) size 15x9
              RenderText {#text} at (0,0) size 15x10
                text run at (0,0) width 15: "Text"
            RenderRubyBase (anonymous) at (0,0) size 15x18
              RenderText {#text} at (2,0) size 11x19
                text run at (2,0) width 11: "T"
          RenderRubyRun (anonymous) at (199,12) size 26x18
            RenderRubyText {RT} at (0,-10) size 26x9
              RenderText {#text} at (0,0) size 26x10
                text run at (0,0) width 26: "Markup"
            RenderRubyBase (anonymous) at (0,0) size 26x18
              RenderText {#text} at (6,0) size 14x19
                text run at (6,0) width 14: "M"
          RenderRubyRun (anonymous) at (225,12) size 33x18
            RenderRubyText {RT} at (0,-10) size 33x9
              RenderText {#text} at (0,0) size 33x10
                text run at (0,0) width 33: "Language"
            RenderRubyBase (anonymous) at (0,0) size 33x18
              RenderText {#text} at (11,0) size 11x19
                text run at (11,0) width 11: "L"
          RenderRubyRun (anonymous) at (12,40) size 25x18
            RenderRubyText {RT} at (0,-10) size 25x9
              RenderText {#text} at (0,0) size 25x10
                text run at (0,0) width 25: "Level 5"
            RenderRubyBase (anonymous) at (0,0) size 25x18
              RenderText {#text} at (8,0) size 9x19
                text run at (8,0) width 9: "5"
        RenderText {#text} at (33,40) size 42x19
          text run at (33,40) width 42: " specs."
