layer at (0,0) size 800x600
  RenderView at (0,0) size 800x600
layer at (0,0) size 800x377
  RenderBlock {html} at (0,0) size 800x377
    RenderBody {body} at (8,16) size 784x345
      RenderBlock {p} at (0,0) size 784x20
        RenderText {#text} at (0,0) size 59x19
          text run at (0,0) width 59: "operator: "
        RenderMathMLMath {math} at (59,6) size 14x12 [padding: 0 1 0 1]
          RenderMathMLOperator {mo} at (2,0) size 10x12
            RenderMathMLBlock (flex) {mo} at (0,0) size 9x12
              RenderBlock (anonymous) at (0,0) size 9x12
                RenderText {mo} at (0,-2) size 9x14
                  text run at (0,-2) width 9: "\x{2211}"
        RenderText {#text} at (72,0) size 72x19
          text run at (72,0) width 72: " , operator: "
        RenderMathMLMath {math} at (143,7) size 12x9 [padding: 0 1 0 1]
          RenderMathMLOperator {mo} at (2,0) size 8x9
            RenderMathMLBlock (flex) {mo} at (0,0) size 7x9
              RenderBlock (anonymous) at (0,0) size 7x9
                RenderText {mo} at (0,-3) size 7x14
                  text run at (0,-3) width 7: "B"
        RenderText {#text} at (154,0) size 110x19
          text run at (154,0) width 110: " , minus operator: "
        RenderMathMLMath {math} at (263,11) size 13x5 [padding: 0 1 0 1]
          RenderMathMLOperator {mo} at (2,0) size 8x5
            RenderMathMLBlock (flex) {mo} at (0,0) size 7x5
              RenderBlock (anonymous) at (0,0) size 7x5
                RenderText {mo} at (0,-7) size 7x14
                  text run at (0,-7) width 7: "\x{2212}"
        RenderText {#text} at (0,0) size 0x0
      RenderBlock {p} at (0,36) size 784x20
        RenderText {#text} at (0,0) size 59x19
          text run at (0,0) width 59: "operator: "
        RenderMathMLMath {math} at (59,4) size 17x14 [padding: 0 1 0 1]
          RenderMathMLOperator {mo} at (2,0) size 12x14
            RenderMathMLBlock (flex) {mo} at (0,0) size 11x14
              RenderBlock (anonymous) at (0,0) size 11x14
                RenderText {mo} at (0,-4) size 11x19
                  text run at (0,-4) width 11: "\x{2211}"
        RenderText {#text} at (75,0) size 72x19
          text run at (75,0) width 72: " , operator: "
        RenderMathMLMath {math} at (146,5) size 16x11 [padding: 0 1 0 1]
          RenderMathMLOperator {mo} at (2,0) size 11x11
            RenderMathMLBlock (flex) {mo} at (0,0) size 10x11
              RenderBlock (anonymous) at (0,0) size 10x11
                RenderText {mo} at (0,-5) size 10x19
                  text run at (0,-5) width 10: "B"
        RenderText {#text} at (161,0) size 110x19
          text run at (161,0) width 110: " , minus operator: "
        RenderMathMLMath {math} at (270,10) size 15x6 [padding: 0 1 0 1]
          RenderMathMLOperator {mo} at (2,0) size 10x6
            RenderMathMLBlock (flex) {mo} at (0,0) size 9x6
              RenderBlock (anonymous) at (0,0) size 9x6
                RenderText {mo} at (0,-10) size 9x19
                  text run at (0,-10) width 9: "\x{2212}"
        RenderText {#text} at (0,0) size 0x0
      RenderBlock {p} at (0,72) size 784x22
        RenderText {#text} at (0,2) size 59x19
          text run at (0,2) width 59: "operator: "
        RenderMathMLMath {math} at (59,0) size 24x22 [padding: 0 1 0 1]
          RenderMathMLOperator {mo} at (3,0) size 18x22
            RenderMathMLBlock (flex) {mo} at (0,0) size 17x22
              RenderBlock (anonymous) at (0,0) size 17x22
                RenderText {mo} at (0,-6) size 17x28
                  text run at (0,-6) width 17: "\x{2211}"
        RenderText {#text} at (82,2) size 72x19
          text run at (82,2) width 72: " , operator: "
        RenderMathMLMath {math} at (153,1) size 23x17 [padding: 0 1 0 1]
          RenderMathMLOperator {mo} at (3,0) size 16x17
            RenderMathMLBlock (flex) {mo} at (0,0) size 15x17
              RenderBlock (anonymous) at (0,0) size 15x17
                RenderText {mo} at (0,-7) size 15x28
                  text run at (0,-7) width 15: "B"
        RenderText {#text} at (175,2) size 110x19
          text run at (175,2) width 110: " , minus operator: "
        RenderMathMLMath {math} at (284,10) size 21x8 [padding: 0 1 0 1]
          RenderMathMLOperator {mo} at (3,0) size 14x8
            RenderMathMLBlock (flex) {mo} at (0,0) size 13x8
              RenderBlock (anonymous) at (0,0) size 13x8
                RenderText {mo} at (0,-16) size 13x28
                  text run at (0,-16) width 13: "\x{2212}"
        RenderText {#text} at (0,0) size 0x0
      RenderBlock {p} at (0,110) size 784x22
        RenderText {#text} at (0,2) size 59x19
          text run at (0,2) width 59: "operator: "
        RenderMathMLMath {math} at (59,0) size 53x22 [padding: 0 1 0 1]
          RenderMathMLOperator {mo} at (2,8) size 10x12
            RenderMathMLBlock (flex) {mo} at (0,0) size 9x12
              RenderBlock (anonymous) at (0,0) size 9x12
                RenderText {mo} at (0,-2) size 9x14
                  text run at (0,-2) width 9: "\x{2211}"
          RenderMathMLOperator {mo} at (15,6) size 12x14
            RenderMathMLBlock (flex) {mo} at (0,0) size 11x14
              RenderBlock (anonymous) at (0,0) size 11x14
                RenderText {mo} at (0,-4) size 11x19
                  text run at (0,-4) width 11: "\x{2211}"
          RenderMathMLOperator {mo} at (32,0) size 18x22
            RenderMathMLBlock (flex) {mo} at (0,0) size 17x22
              RenderBlock (anonymous) at (0,0) size 17x22
                RenderText {mo} at (0,-6) size 17x28
                  text run at (0,-6) width 17: "\x{2211}"
        RenderText {#text} at (111,2) size 72x19
          text run at (111,2) width 72: " , operator: "
        RenderMathMLMath {math} at (182,1) size 49x17 [padding: 0 1 0 1]
          RenderMathMLOperator {mo} at (2,8) size 8x9
            RenderMathMLBlock (flex) {mo} at (0,0) size 7x9
              RenderBlock (anonymous) at (0,0) size 7x9
                RenderText {mo} at (0,-3) size 7x14
                  text run at (0,-3) width 7: "B"
          RenderMathMLOperator {mo} at (13,6) size 11x11
            RenderMathMLBlock (flex) {mo} at (0,0) size 10x11
              RenderBlock (anonymous) at (0,0) size 10x11
                RenderText {mo} at (0,-5) size 10x19
                  text run at (0,-5) width 10: "B"
          RenderMathMLOperator {mo} at (29,0) size 16x17
            RenderMathMLBlock (flex) {mo} at (0,0) size 15x17
              RenderBlock (anonymous) at (0,0) size 15x17
                RenderText {mo} at (0,-7) size 15x28
                  text run at (0,-7) width 15: "B"
        RenderText {#text} at (230,2) size 110x19
          text run at (230,2) width 110: " , minus operator: "
        RenderMathMLMath {math} at (339,10) size 45x8 [padding: 0 1 0 1]
          RenderMathMLOperator {mo} at (2,3) size 8x5
            RenderMathMLBlock (flex) {mo} at (0,0) size 7x5
              RenderBlock (anonymous) at (0,0) size 7x5
                RenderText {mo} at (0,-7) size 7x14
                  text run at (0,-7) width 7: "\x{2212}"
          RenderMathMLOperator {mo} at (13,2) size 10x6
            RenderMathMLBlock (flex) {mo} at (0,0) size 9x6
              RenderBlock (anonymous) at (0,0) size 9x6
                RenderText {mo} at (0,-10) size 9x19
                  text run at (0,-10) width 9: "\x{2212}"
          RenderMathMLOperator {mo} at (28,0) size 14x8
            RenderMathMLBlock (flex) {mo} at (0,0) size 13x8
              RenderBlock (anonymous) at (0,0) size 13x8
                RenderText {mo} at (0,-16) size 13x28
                  text run at (0,-16) width 13: "\x{2212}"
        RenderText {#text} at (0,0) size 0x0
      RenderBlock {p} at (0,148) size 784x69
        RenderText {#text} at (0,28) size 59x19
          text run at (0,28) width 59: "operator: "
        RenderMathMLMath {math} at (59,0) size 181x69 [padding: 0 1 0 1]
          RenderMathMLOperator {mo} at (2,8) size 12x61
          RenderMathMLOperator {mo} at (18,8) size 21x61
          RenderMathMLOperator {mo} at (44,0) size 25x56
            RenderMathMLBlock (flex) {mo} at (0,0) size 24x56
              RenderBlock (anonymous) at (0,0) size 24x56
                RenderText {mo} at (0,-15) size 24x72
                  text run at (0,-15) width 24: "{"
          RenderMathMLOperator {mo} at (75,8) size 7x61
          RenderBlock {mtext} at (84,8) size 57x51
            RenderBlock {div} at (2,-1) size 52x53 [border: (1px solid #000000)]
            RenderText {#text} at (0,0) size 0x0
          RenderMathMLOperator {mo} at (143,8) size 7x61
          RenderMathMLOperator {mo} at (154,0) size 25x56
            RenderMathMLBlock (flex) {mo} at (0,0) size 24x56
              RenderBlock (anonymous) at (0,0) size 24x56
                RenderText {mo} at (0,-15) size 24x72
                  text run at (0,-15) width 24: "}"
        RenderText {#text} at (0,0) size 0x0
      RenderBlock {p} at (0,233) size 784x112
        RenderMathMLMath {math} at (0,0) size 127x113 [padding: 0 1 0 1]
          RenderMathMLOperator {mo} at (5,0) size 38x105
            RenderMathMLBlock (flex) {mo} at (0,0) size 37x105
              RenderBlock (anonymous) at (0,0) size 37x105
                RenderText {mo} at (0,-29) size 37x136
                  text run at (0,-29) width 37: "|"
          RenderMathMLFraction {mfrac} at (48,15) size 31x98
            RenderMathMLBlock (anonymous, flex) at (0,0) size 30x54
              RenderBlock {mi} at (5,0) size 20x44
                RenderText {#text} at (0,-12) size 14x57
                  text run at (0,-12) width 14: "f"
            RenderMathMLBlock (anonymous, flex) at (0,53) size 30x45 [padding: 1 0 0 0]
              RenderBlock {mi} at (0,10) size 30x34
                RenderText {#text} at (0,-23) size 25x57
                  text run at (0,-23) width 25: "g"
          RenderMathMLOperator {mo} at (84,0) size 38x105
            RenderMathMLBlock (flex) {mo} at (0,0) size 37x105
              RenderBlock (anonymous) at (0,0) size 37x105
                RenderText {mo} at (0,-29) size 37x136
                  text run at (0,-29) width 37: "|"
        RenderText {#text} at (0,0) size 0x0
layer at (70,172) size 11x20 scrollHeight 24
  RenderMathMLBlock (flex) {mo} at (0,0) size 11x20
    RenderBlock (anonymous) at (0,0) size 11x20
      RenderText {mo} at (0,5) size 11x19
        text run at (0,5) width 11: "\x{23AA}"
layer at (70,192) size 11x19 scrollHeight 24
  RenderMathMLBlock (flex) {mo} at (0,20) size 11x19
    RenderBlock (anonymous) at (0,0) size 11x19
layer at (70,211) size 11x2 scrollHeight 24
  RenderMathMLBlock (flex) {mo} at (0,39) size 11x2
    RenderBlock (anonymous) at (0,0) size 11x2
layer at (70,213) size 11x20 scrollHeight 24
  RenderMathMLBlock (flex) {mo} at (0,41) size 11x20
    RenderBlock (anonymous) at (0,0) size 11x20
layer at (85,172) size 20x15 scrollHeight 19
  RenderMathMLBlock (flex) {mo} at (0,0) size 20x15
    RenderBlock (anonymous) at (0,0) size 20x15
      RenderText {mo} at (0,0) size 20x19
        text run at (0,0) width 20: "\x{2320}"
layer at (85,187) size 20x19 scrollHeight 24
  RenderMathMLBlock (flex) {mo} at (0,15) size 20x19
    RenderBlock (anonymous) at (0,0) size 20x19
layer at (85,206) size 20x12 scrollHeight 24
  RenderMathMLBlock (flex) {mo} at (0,34) size 20x12
    RenderBlock (anonymous) at (0,0) size 20x12
layer at (85,218) size 20x15 scrollHeight 19
  RenderMathMLBlock (flex) {mo} at (0,46) size 20x15
    RenderBlock (anonymous) at (0,0) size 20x15
layer at (142,172) size 6x19 scrollHeight 23
  RenderMathMLBlock (flex) {mo} at (0,0) size 6x19
    RenderBlock (anonymous) at (0,0) size 6x19
      RenderText {mo} at (0,4) size 6x19
        text run at (0,4) width 6: "\x{23A1}"
layer at (142,191) size 6x19 scrollHeight 24
  RenderMathMLBlock (flex) {mo} at (0,19) size 6x19
    RenderBlock (anonymous) at (0,0) size 6x19
layer at (142,210) size 6x3 scrollHeight 24
  RenderMathMLBlock (flex) {mo} at (0,38) size 6x3
    RenderBlock (anonymous) at (0,0) size 6x3
layer at (142,213) size 6x20 scrollHeight 24
  RenderMathMLBlock (flex) {mo} at (0,41) size 6x20
    RenderBlock (anonymous) at (0,0) size 6x20
layer at (211,172) size 6x19 scrollHeight 23
  RenderMathMLBlock (flex) {mo} at (0,0) size 6x19
    RenderBlock (anonymous) at (0,0) size 6x19
      RenderText {mo} at (0,4) size 6x19
        text run at (0,4) width 6: "\x{23A4}"
layer at (211,191) size 6x19 scrollHeight 24
  RenderMathMLBlock (flex) {mo} at (0,19) size 6x19
    RenderBlock (anonymous) at (0,0) size 6x19
layer at (211,210) size 6x3 scrollHeight 24
  RenderMathMLBlock (flex) {mo} at (0,38) size 6x3
    RenderBlock (anonymous) at (0,0) size 6x3
layer at (211,213) size 6x20 scrollHeight 24
  RenderMathMLBlock (flex) {mo} at (0,41) size 6x20
    RenderBlock (anonymous) at (0,0) size 6x20
layer at (70,191) size 11x21 backgroundClip at (70,192) size 11x19 clip at (70,192) size 11x19 outlineClip at (70,192) size 11x19
  RenderBlock (relative positioned) {mo} at (0,0) size 11x21
    RenderText {mo} at (0,5) size 11x19
      text run at (0,5) width 11: "\x{23AA}"
layer at (70,210) size 11x21 backgroundClip at (70,211) size 11x2 clip at (70,211) size 11x2 outlineClip at (70,211) size 11x2
  RenderBlock (relative positioned) {mo} at (0,0) size 11x21
    RenderText {mo} at (0,5) size 11x19
      text run at (0,5) width 11: "\x{23AA}"
layer at (70,212) size 11x21 backgroundClip at (70,213) size 11x20 clip at (70,213) size 11x20 outlineClip at (70,213) size 11x20
  RenderBlock (relative positioned) {mo} at (0,0) size 11x21
    RenderText {mo} at (0,5) size 11x19
      text run at (0,5) width 11: "\x{23AA}"
layer at (85,186) size 20x21 backgroundClip at (85,187) size 20x19 clip at (85,187) size 20x19 outlineClip at (85,187) size 20x19
  RenderBlock (relative positioned) {mo} at (0,0) size 20x21
    RenderText {mo} at (0,5) size 20x19
      text run at (0,5) width 20: "\x{23AE}"
layer at (85,205) size 20x21 backgroundClip at (85,206) size 20x12 clip at (85,206) size 20x12 outlineClip at (85,206) size 20x12
  RenderBlock (relative positioned) {mo} at (0,0) size 20x21
    RenderText {mo} at (0,5) size 20x19
      text run at (0,5) width 20: "\x{23AE}"
layer at (85,217) size 20x16 backgroundClip at (85,218) size 20x15 clip at (85,218) size 20x15 outlineClip at (85,218) size 20x15
  RenderBlock (relative positioned) {mo} at (0,0) size 20x16
    RenderText {mo} at (0,0) size 20x19
      text run at (0,0) width 20: "\x{2321}"
layer at (142,190) size 6x21 backgroundClip at (142,191) size 6x19 clip at (142,191) size 6x19 outlineClip at (142,191) size 6x19
  RenderBlock (relative positioned) {mo} at (0,0) size 6x21
    RenderText {mo} at (0,5) size 6x19
      text run at (0,5) width 6: "\x{23A2}"
layer at (142,209) size 6x21 backgroundClip at (142,210) size 6x3 clip at (142,210) size 6x3 outlineClip at (142,210) size 6x3
  RenderBlock (relative positioned) {mo} at (0,0) size 6x21
    RenderText {mo} at (0,5) size 6x19
      text run at (0,5) width 6: "\x{23A2}"
layer at (142,212) size 6x21 backgroundClip at (142,213) size 6x20 clip at (142,213) size 6x20 outlineClip at (142,213) size 6x20
  RenderBlock (relative positioned) {mo} at (0,0) size 6x21
    RenderText {mo} at (0,5) size 6x19
      text run at (0,5) width 6: "\x{23A3}"
layer at (211,190) size 6x21 backgroundClip at (211,191) size 6x19 clip at (211,191) size 6x19 outlineClip at (211,191) size 6x19
  RenderBlock (relative positioned) {mo} at (0,0) size 6x21
    RenderText {mo} at (0,5) size 6x19
      text run at (0,5) width 6: "\x{23A5}"
layer at (211,209) size 6x21 backgroundClip at (211,210) size 6x3 clip at (211,210) size 6x3 outlineClip at (211,210) size 6x3
  RenderBlock (relative positioned) {mo} at (0,0) size 6x21
    RenderText {mo} at (0,5) size 6x19
      text run at (0,5) width 6: "\x{23A5}"
layer at (211,212) size 6x21 backgroundClip at (211,213) size 6x20 clip at (211,213) size 6x20 outlineClip at (211,213) size 6x20
  RenderBlock (relative positioned) {mo} at (0,0) size 6x21
    RenderText {mo} at (0,5) size 6x19
      text run at (0,5) width 6: "\x{23A6}"
