layer at (0,0) size 800x600
  RenderView at (0,0) size 800x600
layer at (0,0) size 800x347
  RenderBlock {HTML} at (0,0) size 800x348
    RenderBody {BODY} at (8,8) size 784x332
      RenderMathMLMath {math} at (0,0) size 784x74 [padding: 0 1 0 1]
        RenderMathMLRow {mrow} at (279,0) size 226x74
          RenderMathMLRow {mrow} at (0,0) size 154x74
            RenderMathMLRow {mrow} at (0,0) size 75x74
              RenderBlock {mi} at (0,32) size 7x14
                RenderText {#text} at (0,-4) size 5x19
                  text run at (0,-4) width 5: "f"
              RenderMathMLRow {mrow} at (6,0) size 69x74
                RenderMathMLOperator {mo} at (1,0) size 13x74
                RenderMathMLFraction {mfrac} at (16,9) size 36x63
                  RenderMathMLBlock (anonymous, flex) at (0,0) size 36x31
                    RenderMathMLRow {mrow} at (0,0) size 36x28
                      RenderMathMLFraction {mfrac} at (1,0) size 10x28
                        RenderMathMLBlock (anonymous, flex) at (0,0) size 10x12
                          RenderBlock {mi} at (0,0) size 10x8
                            RenderText {#text} at (0,-8) size 8x19
                              text run at (0,-8) width 8: "a"
                        RenderMathMLBlock (anonymous, flex) at (0,11) size 10x17 [padding: 1 0 0 0]
                          RenderBlock {mi} at (0,4) size 10x13
                            RenderText {#text} at (0,-4) size 8x19
                              text run at (0,-4) width 8: "b"
                      RenderMathMLOperator {mo} at (14,7) size 10x9
                        RenderMathMLBlock (flex) {mo} at (0,0) size 9x9
                          RenderBlock (anonymous) at (0,0) size 9x9
                            RenderText {mo} at (0,-7) size 9x19
                              text run at (0,-7) width 9: "+"
                      RenderBlock {mi} at (26,8) size 10x8
                        RenderText {#text} at (0,-8) size 7x19
                          text run at (0,-8) width 7: "c"
                  RenderMathMLBlock (anonymous, flex) at (0,30) size 36x33 [padding: 1 0 0 0]
                    RenderMathMLRow {mrow} at (0,4) size 36x28
                      RenderMathMLFraction {mfrac} at (1,0) size 10x28
                        RenderMathMLBlock (anonymous, flex) at (0,0) size 10x12
                          RenderBlock {mi} at (0,0) size 10x8
                            RenderText {#text} at (0,-8) size 7x19
                              text run at (0,-8) width 7: "c"
                        RenderMathMLBlock (anonymous, flex) at (0,11) size 10x17 [padding: 1 0 0 0]
                          RenderBlock {mi} at (0,4) size 10x13
                            RenderText {#text} at (0,-4) size 8x19
                              text run at (0,-4) width 8: "d"
                      RenderMathMLOperator {mo} at (14,7) size 10x9
                        RenderMathMLBlock (flex) {mo} at (0,0) size 9x9
                          RenderBlock (anonymous) at (0,0) size 9x9
                            RenderText {mo} at (0,-7) size 9x19
                              text run at (0,-7) width 9: "+"
                      RenderBlock {mi} at (26,8) size 10x8
                        RenderText {#text} at (0,-8) size 7x19
                          text run at (0,-8) width 7: "e"
                RenderMathMLOperator {mo} at (54,0) size 13x74
            RenderMathMLOperator {mo} at (77,35) size 10x9
              RenderMathMLBlock (flex) {mo} at (0,0) size 9x9
                RenderBlock (anonymous) at (0,0) size 9x9
                  RenderText {mo} at (0,-7) size 9x19
                    text run at (0,-7) width 9: "+"
            RenderMathMLRow {mrow} at (89,12) size 65x55
              RenderBlock {mi} at (0,24) size 10x10
                RenderText {#text} at (0,-8) size 8x19
                  text run at (0,-8) width 8: "g"
              RenderMathMLRow {mrow} at (9,0) size 55x55
                RenderMathMLOperator {mo} at (1,0) size 7x55
                RenderMathMLSubSup {msubsup} at (9,5) size 37x46
                  RenderMathMLBlock (anonymous, flex) at (0,0) size 7x46 [padding: 19 0 18 0]
                    RenderBlock {mi} at (0,19) size 7x9
                      RenderText {#text} at (0,-8) size 7x19
                        text run at (0,-8) width 7: "x"
                  RenderMathMLBlock (anonymous, flex) at (7,0) size 29x46
                    RenderMathMLRow {mrow} at (0,22) size 29x24
                      RenderMathMLFraction {mfrac} at (1,0) size 8x23
                        RenderMathMLBlock (anonymous, flex) at (0,0) size 8x10
                          RenderBlock {mi} at (0,0) size 7x7
                            RenderText {#text} at (0,-5) size 5x14
                              text run at (0,-5) width 5: "c"
                        RenderMathMLBlock (anonymous, flex) at (0,9) size 8x14 [padding: 1 0 0 0]
                          RenderBlock {mi} at (0,3) size 8x11
                            RenderText {#text} at (0,-2) size 6x14
                              text run at (0,-2) width 6: "d"
                      RenderMathMLOperator {mo} at (11,7) size 8x7
                        RenderMathMLBlock (flex) {mo} at (0,0) size 7x7
                          RenderBlock (anonymous) at (0,0) size 7x7
                            RenderText {mo} at (0,-5) size 7x14
                              text run at (0,-5) width 7: "+"
                      RenderBlock {mi} at (20,7) size 8x7
                        RenderText {#text} at (0,-5) size 5x14
                          text run at (0,-5) width 5: "e"
                    RenderMathMLRow {mrow} at (1,0) size 28x23
                      RenderMathMLFraction {mfrac} at (1,0) size 8x23
                        RenderMathMLBlock (anonymous, flex) at (0,0) size 8x10
                          RenderBlock {mi} at (0,0) size 8x7
                            RenderText {#text} at (0,-5) size 6x14
                              text run at (0,-5) width 6: "a"
                        RenderMathMLBlock (anonymous, flex) at (0,9) size 8x14 [padding: 1 0 0 0]
                          RenderBlock {mi} at (0,3) size 8x11
                            RenderText {#text} at (0,-2) size 6x14
                              text run at (0,-2) width 6: "b"
                      RenderMathMLOperator {mo} at (11,7) size 8x7
                        RenderMathMLBlock (flex) {mo} at (0,0) size 7x7
                          RenderBlock (anonymous) at (0,0) size 7x7
                            RenderText {mo} at (0,-5) size 7x14
                              text run at (0,-5) width 7: "+"
                      RenderBlock {mi} at (20,7) size 8x7
                        RenderText {#text} at (0,-5) size 5x14
                          text run at (0,-5) width 5: "c"
                RenderMathMLOperator {mo} at (46,0) size 7x55
          RenderMathMLOperator {mo} at (156,35) size 10x9
            RenderMathMLBlock (flex) {mo} at (0,0) size 9x9
              RenderBlock (anonymous) at (0,0) size 9x9
                RenderText {mo} at (0,-7) size 9x19
                  text run at (0,-7) width 9: "+"
          RenderMathMLRow {mrow} at (169,22) size 56x36
            RenderMathMLSubSup {msubsup} at (0,0) size 28x36
              RenderMathMLBlock (anonymous, flex) at (0,0) size 20x36
                RenderMathMLOperator {mo} at (0,0) size 20x36
              RenderMathMLBlock (anonymous, flex) at (20,0) size 8x36
                RenderBlock {mi} at (0,29) size 8x7
                  RenderText {#text} at (0,-5) size 6x14
                    text run at (0,-5) width 6: "a"
                RenderBlock {mi} at (0,0) size 8x10
                  RenderText {#text} at (0,-2) size 6x14
                    text run at (0,-2) width 6: "b"
            RenderMathMLRow {mrow} at (27,3) size 29x30
              RenderMathMLUnderOver {munderover} at (0,0) size 23x30
                RenderMathMLOperator {mo} at (5,7) size 12x14
                  RenderMathMLBlock (flex) {mo} at (0,0) size 11x14
                    RenderBlock (anonymous) at (0,0) size 11x14
                      RenderText {mo} at (0,-4) size 11x19
                        text run at (0,-4) width 11: "\x{2211}"
                RenderMathMLRow {mrow} at (0,21) size 23x9
                  RenderBlock {mi} at (0,0) size 5x9
                    RenderText {#text} at (0,-3) size 3x14
                      text run at (0,-3) width 3: "i"
                  RenderMathMLOperator {mo} at (6,3) size 8x6
                    RenderMathMLBlock (flex) {mo} at (0,0) size 7x6
                      RenderBlock (anonymous) at (0,0) size 7x6
                        RenderText {mo} at (0,-6) size 7x14
                          text run at (0,-6) width 7: "="
                  RenderBlock {mn} at (15,0) size 8x9
                    RenderText {#text} at (0,-3) size 7x14
                      text run at (0,-3) width 7: "0"
                RenderBlock {mi} at (7,0) size 9x7
                  RenderText {#text} at (0,-5) size 6x14
                    text run at (0,-5) width 6: "n"
              RenderBlock {mi} at (22,8) size 7x11
                RenderText {#text} at (0,-5) size 4x19
                  text run at (0,-5) width 4: "i"
      RenderBlock {P} at (0,90) size 784x20
        RenderText {#text} at (0,0) size 49x19
          text run at (0,0) width 49: "Implied "
        RenderInline {CODE} at (0,0) size 32x16
          RenderText {#text} at (49,3) size 32x16
            text run at (49,3) width 32: "mrow"
        RenderText {#text} at (81,0) size 149x19
          text run at (81,0) width 149: " with operator stretching:"
      RenderMathMLMath {math} at (0,126) size 784x40 [padding: 0 1 0 1]
        RenderMathMLSquareRoot {msqrt} at (359,0) size 66x40 [intrinsic padding: 3 0 3 12]
          RenderMathMLRow (anonymous) at (12,3) size 54x34
            RenderBlock {mi} at (0,12) size 7x14
              RenderText {#text} at (0,-4) size 5x19
                text run at (0,-4) width 5: "f"
            RenderMathMLOperator {mo} at (9,0) size 14x30
              RenderMathMLBlock (flex) {mo} at (0,0) size 13x30
                RenderBlock (anonymous) at (0,0) size 13x30
                  RenderText {mo} at (0,-8) size 13x38
                    text run at (0,-8) width 13: "("
            RenderMathMLFraction {mfrac} at (26,5) size 10x29
              RenderMathMLBlock (anonymous, flex) at (0,0) size 9x15
                RenderBlock {mn} at (0,0) size 9x11
                  RenderText {#text} at (0,-5) size 9x19
                    text run at (0,-5) width 9: "1"
              RenderMathMLBlock (anonymous, flex) at (0,14) size 9x15 [padding: 1 0 0 0]
                RenderBlock {mi} at (0,4) size 9x11
                  RenderText {#text} at (0,-8) size 7x19
                    text run at (0,-8) width 7: "y"
            RenderMathMLOperator {mo} at (38,0) size 14x30
              RenderMathMLBlock (flex) {mo} at (0,0) size 13x30
                RenderBlock (anonymous) at (0,0) size 13x30
                  RenderText {mo} at (0,-8) size 13x38
                    text run at (0,-8) width 13: ")"
      RenderBlock {P} at (0,181) size 784x21
        RenderText {#text} at (0,0) size 366x19
          text run at (0,0) width 366: "Preferred logical widths and heights, with operator stretching:"
      RenderTable {TABLE} at (0,217) size 19x33
        RenderTableSection {TBODY} at (0,0) size 19x32
          RenderTableRow {TR} at (0,2) size 19x28
            RenderTableCell {TD} at (2,2) size 15x28 [border: (3px solid #000000)] [r=0 c=0 rs=1 cs=1]
              RenderText {#text} at (4,4) size 7x19
                text run at (4,4) width 7: "a"
      RenderTable {TABLE} at (0,249) size 154x83
        RenderTableSection {TBODY} at (0,0) size 154x82
          RenderTableRow {TR} at (0,2) size 154x78
            RenderTableCell {TD} at (2,2) size 150x78 [border: (3px solid #000000)] [r=0 c=0 rs=1 cs=1]
              RenderMathMLMath {math} at (4,4) size 142x70 [padding: 0 1 0 1]
                RenderMathMLRow {mrow} at (1,0) size 140x70
                  RenderMathMLRow {mrow} at (0,29) size 27x14
                    RenderMathMLOperator {mo} at (1,0) size 7x14
                      RenderMathMLBlock (flex) {mo} at (0,0) size 6x14
                        RenderBlock (anonymous) at (0,0) size 6x14
                          RenderText {mo} at (0,-4) size 6x19
                            text run at (0,-4) width 6: "{"
                    RenderBlock {mi} at (9,4) size 9x8
                      RenderText {#text} at (0,-8) size 7x19
                        text run at (0,-8) width 7: "x"
                    RenderMathMLOperator {mo} at (19,0) size 7x14
                      RenderMathMLBlock (flex) {mo} at (0,0) size 6x14
                        RenderBlock (anonymous) at (0,0) size 6x14
                          RenderText {mo} at (0,-4) size 6x19
                            text run at (0,-4) width 6: "}"
                  RenderMathMLOperator {mo} at (30,32) size 10x9
                    RenderMathMLBlock (flex) {mo} at (0,0) size 9x9
                      RenderBlock (anonymous) at (0,0) size 9x9
                        RenderText {mo} at (0,-7) size 9x19
                          text run at (0,-7) width 9: "+"
                  RenderMathMLFenced {mfenced} at (42,17) size 44x34
                    RenderMathMLOperator {mfenced} at (1,0) size 14x30
                      RenderMathMLBlock (flex) {mfenced} at (0,0) size 13x30
                        RenderBlock (anonymous) at (0,0) size 13x30
                          RenderText {mfenced} at (0,-8) size 13x38
                            text run at (0,-8) width 13: "("
                    RenderMathMLFraction {mfrac} at (17,5) size 10x29
                      RenderMathMLBlock (anonymous, flex) at (0,0) size 9x15
                        RenderBlock {mn} at (0,0) size 9x11
                          RenderText {#text} at (0,-5) size 9x19
                            text run at (0,-5) width 9: "1"
                      RenderMathMLBlock (anonymous, flex) at (0,14) size 9x15 [padding: 1 0 0 0]
                        RenderBlock {mi} at (0,4) size 9x11
                          RenderText {#text} at (0,-8) size 7x19
                            text run at (0,-8) width 7: "y"
                    RenderMathMLOperator {mfenced} at (28,0) size 14x30
                      RenderMathMLBlock (flex) {mfenced} at (0,0) size 13x30
                        RenderBlock (anonymous) at (0,0) size 13x30
                          RenderText {mfenced} at (0,-8) size 13x38
                            text run at (0,-8) width 13: ")"
                  RenderMathMLOperator {mo} at (88,32) size 10x9
                    RenderMathMLBlock (flex) {mo} at (0,0) size 9x9
                      RenderBlock (anonymous) at (0,0) size 9x9
                        RenderText {mo} at (0,-7) size 9x19
                          text run at (0,-7) width 9: "+"
                  RenderMathMLRow {mrow} at (101,0) size 39x70
                    RenderMathMLOperator {mo} at (1,0) size 7x70
                    RenderMathMLTable {mtable} at (9,7) size 21x59
                      RenderTableSection (anonymous) at (0,0) size 20x59
                        RenderTableRow {mtr} at (0,2) size 20x17
                          RenderTableCell {mtd} at (2,2) size 16x17 [r=0 c=0 rs=1 cs=1]
                            RenderInline {mn} at (0,0) size 10x19
                              RenderText {#text} at (3,-2) size 10x19
                                text run at (3,-2) width 10: "1"
                        RenderTableRow {mtr} at (0,21) size 20x17
                          RenderTableCell {mtd} at (2,21) size 16x17 [r=1 c=0 rs=1 cs=1]
                            RenderInline {mn} at (0,0) size 10x19
                              RenderText {#text} at (3,-2) size 10x19
                                text run at (3,-2) width 10: "2"
                        RenderTableRow {mtr} at (0,40) size 20x17
                          RenderTableCell {mtd} at (2,40) size 16x17 [r=2 c=0 rs=1 cs=1]
                            RenderInline {mn} at (0,0) size 10x19
                              RenderText {#text} at (3,-2) size 10x19
                                text run at (3,-2) width 10: "3"
                    RenderMathMLOperator {mo} at (30,0) size 7x70
layer at (296,8) size 12x37 scrollHeight 41
  RenderMathMLBlock (flex) {mo} at (0,0) size 12x37
    RenderBlock (anonymous) at (0,0) size 12x37
      RenderText {mo} at (0,22) size 12x19
        text run at (0,22) width 12: "\x{239B}"
layer at (296,45) size 12x37 scrollHeight 41
  RenderMathMLBlock (flex) {mo} at (0,37) size 12x37
    RenderBlock (anonymous) at (0,0) size 12x37
layer at (349,8) size 12x37 scrollHeight 41
  RenderMathMLBlock (flex) {mo} at (0,0) size 12x37
    RenderBlock (anonymous) at (0,0) size 12x37
      RenderText {mo} at (0,22) size 12x19
        text run at (0,22) width 12: "\x{239E}"
layer at (349,45) size 12x37 scrollHeight 41
  RenderMathMLBlock (flex) {mo} at (0,37) size 12x37
    RenderBlock (anonymous) at (0,0) size 12x37
layer at (389,20) size 6x19 scrollHeight 23
  RenderMathMLBlock (flex) {mo} at (0,0) size 6x19
    RenderBlock (anonymous) at (0,0) size 6x19
      RenderText {mo} at (0,4) size 6x19
        text run at (0,4) width 6: "\x{23A1}"
layer at (389,39) size 6x16 scrollHeight 24
  RenderMathMLBlock (flex) {mo} at (0,19) size 6x16
    RenderBlock (anonymous) at (0,0) size 6x16
layer at (389,55) size 6x20 scrollHeight 24
  RenderMathMLBlock (flex) {mo} at (0,35) size 6x20
    RenderBlock (anonymous) at (0,0) size 6x20
layer at (434,20) size 6x19 scrollHeight 23
  RenderMathMLBlock (flex) {mo} at (0,0) size 6x19
    RenderBlock (anonymous) at (0,0) size 6x19
      RenderText {mo} at (0,4) size 6x19
        text run at (0,4) width 6: "\x{23A4}"
layer at (434,39) size 6x16 scrollHeight 24
  RenderMathMLBlock (flex) {mo} at (0,19) size 6x16
    RenderBlock (anonymous) at (0,0) size 6x16
layer at (434,55) size 6x20 scrollHeight 24
  RenderMathMLBlock (flex) {mo} at (0,35) size 6x20
    RenderBlock (anonymous) at (0,0) size 6x20
layer at (457,30) size 20x15 scrollHeight 19
  RenderMathMLBlock (flex) {mo} at (0,0) size 20x15
    RenderBlock (anonymous) at (0,0) size 20x15
      RenderText {mo} at (0,0) size 20x19
        text run at (0,0) width 20: "\x{2320}"
layer at (457,45) size 20x6 scrollHeight 24
  RenderMathMLBlock (flex) {mo} at (0,15) size 20x6
    RenderBlock (anonymous) at (0,0) size 20x6
layer at (457,51) size 20x15 scrollHeight 19
  RenderMathMLBlock (flex) {mo} at (0,21) size 20x15
    RenderBlock (anonymous) at (0,0) size 20x15
layer at (118,263) size 6x19 scrollHeight 23
  RenderMathMLBlock (flex) {mo} at (0,0) size 6x19
    RenderBlock (anonymous) at (0,0) size 6x19
      RenderText {mo} at (0,4) size 6x19
        text run at (0,4) width 6: "\x{23A1}"
layer at (118,282) size 6x19 scrollHeight 24
  RenderMathMLBlock (flex) {mo} at (0,19) size 6x19
    RenderBlock (anonymous) at (0,0) size 6x19
layer at (118,301) size 6x12 scrollHeight 24
  RenderMathMLBlock (flex) {mo} at (0,38) size 6x12
    RenderBlock (anonymous) at (0,0) size 6x12
layer at (118,313) size 6x20 scrollHeight 24
  RenderMathMLBlock (flex) {mo} at (0,50) size 6x20
    RenderBlock (anonymous) at (0,0) size 6x20
layer at (147,263) size 6x19 scrollHeight 23
  RenderMathMLBlock (flex) {mo} at (0,0) size 6x19
    RenderBlock (anonymous) at (0,0) size 6x19
      RenderText {mo} at (0,4) size 6x19
        text run at (0,4) width 6: "\x{23A4}"
layer at (147,282) size 6x19 scrollHeight 24
  RenderMathMLBlock (flex) {mo} at (0,19) size 6x19
    RenderBlock (anonymous) at (0,0) size 6x19
layer at (147,301) size 6x12 scrollHeight 24
  RenderMathMLBlock (flex) {mo} at (0,38) size 6x12
    RenderBlock (anonymous) at (0,0) size 6x12
layer at (147,313) size 6x20 scrollHeight 24
  RenderMathMLBlock (flex) {mo} at (0,50) size 6x20
    RenderBlock (anonymous) at (0,0) size 6x20
layer at (296,44) size 12x38 backgroundClip at (296,45) size 12x37 clip at (296,45) size 12x37 outlineClip at (296,45) size 12x37
  RenderBlock (relative positioned) {mo} at (0,0) size 12x38
    RenderText {mo} at (0,22) size 12x19
      text run at (0,22) width 12: "\x{239D}"
layer at (349,44) size 12x38 backgroundClip at (349,45) size 12x37 clip at (349,45) size 12x37 outlineClip at (349,45) size 12x37
  RenderBlock (relative positioned) {mo} at (0,0) size 12x38
    RenderText {mo} at (0,22) size 12x19
      text run at (0,22) width 12: "\x{23A0}"
layer at (389,38) size 6x21 backgroundClip at (389,39) size 6x16 clip at (389,39) size 6x16 outlineClip at (389,39) size 6x16
  RenderBlock (relative positioned) {mo} at (0,0) size 6x21
    RenderText {mo} at (0,5) size 6x19
      text run at (0,5) width 6: "\x{23A2}"
layer at (389,54) size 6x21 backgroundClip at (389,55) size 6x20 clip at (389,55) size 6x20 outlineClip at (389,55) size 6x20
  RenderBlock (relative positioned) {mo} at (0,0) size 6x21
    RenderText {mo} at (0,5) size 6x19
      text run at (0,5) width 6: "\x{23A3}"
layer at (434,38) size 6x21 backgroundClip at (434,39) size 6x16 clip at (434,39) size 6x16 outlineClip at (434,39) size 6x16
  RenderBlock (relative positioned) {mo} at (0,0) size 6x21
    RenderText {mo} at (0,5) size 6x19
      text run at (0,5) width 6: "\x{23A5}"
layer at (434,54) size 6x21 backgroundClip at (434,55) size 6x20 clip at (434,55) size 6x20 outlineClip at (434,55) size 6x20
  RenderBlock (relative positioned) {mo} at (0,0) size 6x21
    RenderText {mo} at (0,5) size 6x19
      text run at (0,5) width 6: "\x{23A6}"
layer at (457,44) size 20x21 backgroundClip at (457,45) size 20x6 clip at (457,45) size 20x6 outlineClip at (457,45) size 20x6
  RenderBlock (relative positioned) {mo} at (0,0) size 20x21
    RenderText {mo} at (0,5) size 20x19
      text run at (0,5) width 20: "\x{23AE}"
layer at (457,50) size 20x16 backgroundClip at (457,51) size 20x15 clip at (457,51) size 20x15 outlineClip at (457,51) size 20x15
  RenderBlock (relative positioned) {mo} at (0,0) size 20x16
    RenderText {mo} at (0,0) size 20x19
      text run at (0,0) width 20: "\x{2321}"
layer at (118,281) size 6x21 backgroundClip at (118,282) size 6x19 clip at (118,282) size 6x19 outlineClip at (118,282) size 6x19
  RenderBlock (relative positioned) {mo} at (0,0) size 6x21
    RenderText {mo} at (0,5) size 6x19
      text run at (0,5) width 6: "\x{23A2}"
layer at (118,300) size 6x21 backgroundClip at (118,301) size 6x12 clip at (118,301) size 6x12 outlineClip at (118,301) size 6x12
  RenderBlock (relative positioned) {mo} at (0,0) size 6x21
    RenderText {mo} at (0,5) size 6x19
      text run at (0,5) width 6: "\x{23A2}"
layer at (118,312) size 6x21 backgroundClip at (118,313) size 6x20 clip at (118,313) size 6x20 outlineClip at (118,313) size 6x20
  RenderBlock (relative positioned) {mo} at (0,0) size 6x21
    RenderText {mo} at (0,5) size 6x19
      text run at (0,5) width 6: "\x{23A3}"
layer at (147,281) size 6x21 backgroundClip at (147,282) size 6x19 clip at (147,282) size 6x19 outlineClip at (147,282) size 6x19
  RenderBlock (relative positioned) {mo} at (0,0) size 6x21
    RenderText {mo} at (0,5) size 6x19
      text run at (0,5) width 6: "\x{23A5}"
layer at (147,300) size 6x21 backgroundClip at (147,301) size 6x12 clip at (147,301) size 6x12 outlineClip at (147,301) size 6x12
  RenderBlock (relative positioned) {mo} at (0,0) size 6x21
    RenderText {mo} at (0,5) size 6x19
      text run at (0,5) width 6: "\x{23A5}"
layer at (147,312) size 6x21 backgroundClip at (147,313) size 6x20 clip at (147,313) size 6x20 outlineClip at (147,313) size 6x20
  RenderBlock (relative positioned) {mo} at (0,0) size 6x21
    RenderText {mo} at (0,5) size 6x19
      text run at (0,5) width 6: "\x{23A6}"
