layer at (0,0) size 800x600
  RenderView at (0,0) size 800x600
layer at (0,0) size 800x372
  RenderBlock {html} at (0,0) size 800x372
    RenderBody {body} at (8,16) size 784x340
      RenderBlock {p} at (0,0) size 784x22
        RenderText {#text} at (0,2) size 34x19
          text run at (0,2) width 34: "over: "
        RenderMathMLMath {math} at (34,0) size 14x18 [padding: 0 1 0 1]
          RenderMathMLUnderOver {mover} at (1,0) size 12x18
            RenderBlock {mi} at (0,7) size 12x11
              RenderText {#text} at (0,-5) size 10x19
                text run at (0,-5) width 10: "B"
            RenderBlock {mi} at (2,0) size 7x7
              RenderText {#text} at (0,-5) size 5x14
                text run at (0,-5) width 5: "x"
        RenderText {#text} at (0,0) size 0x0
      RenderBlock {p} at (0,38) size 784x24
        RenderText {#text} at (0,4) size 34x19
          text run at (0,4) width 34: "over: "
        RenderMathMLMath {math} at (34,0) size 14x20 [padding: 0 1 0 1]
          RenderMathMLUnderOver {mover} at (1,0) size 12x20
            RenderBlock {mi} at (0,9) size 12x11
              RenderText {#text} at (0,-5) size 10x19
                text run at (0,-5) width 10: "B"
            RenderBlock {mi} at (2,0) size 8x9
              RenderText {#text} at (0,-5) size 6x14
                text run at (0,-5) width 6: "y"
        RenderText {#text} at (0,0) size 0x0
      RenderBlock {p} at (0,78) size 784x30
        RenderText {#text} at (0,10) size 34x19
          text run at (0,10) width 34: "over: "
        RenderMathMLMath {math} at (34,0) size 19x26 [padding: 0 1 0 1]
          RenderMathMLUnderOver {mover} at (1,0) size 17x26
            RenderBlock {mi} at (0,9) size 17x17
              RenderText {#text} at (0,-7) size 14x28
                text run at (0,-7) width 14: "B"
            RenderBlock {mi} at (4,0) size 8x9
              RenderText {#text} at (0,-5) size 6x14
                text run at (0,-5) width 6: "y"
        RenderText {#text} at (0,0) size 0x0
      RenderBlock {p} at (0,124) size 784x31
        RenderText {#text} at (0,11) size 34x19
          text run at (0,11) width 34: "over: "
        RenderMathMLMath {math} at (34,0) size 19x31 [padding: 0 1 0 1]
          RenderMathMLUnderOver {mover} at (1,0) size 17x31
            RenderMathMLOperator {mo} at (0,9) size 17x22
              RenderMathMLBlock (flex) {mo} at (0,0) size 17x22
                RenderBlock (anonymous) at (0,0) size 17x22
                  RenderText {mo} at (0,-6) size 17x28
                    text run at (0,-6) width 17: "\x{2211}"
            RenderBlock {mi} at (4,0) size 9x9
              RenderText {#text} at (0,-5) size 6x14
                text run at (0,-5) width 6: "y"
        RenderText {#text} at (0,0) size 0x0
      RenderBlock {p} at (0,171) size 784x60
        RenderText {#text} at (0,25) size 34x19
          text run at (0,25) width 34: "over: "
        RenderMathMLMath {math} at (34,0) size 62x60 [padding: 0 1 0 1]
          RenderMathMLUnderOver {mover} at (1,3) size 20x57
            RenderMathMLOperator {mo} at (0,9) size 20x48
            RenderBlock {mi} at (6,0) size 8x9
              RenderText {#text} at (0,-5) size 6x14
                text run at (0,-5) width 6: "y"
          RenderBlock {div} at (21,0) size 40x40
        RenderText {#text} at (0,0) size 0x0
      RenderBlock {p} at (0,247) size 784x24
        RenderText {#text} at (0,4) size 44x19
          text run at (0,4) width 44: "Overs: "
        RenderMathMLMath {math} at (44,3) size 11x17 [padding: 0 1 0 1]
          RenderMathMLUnderOver {mover} at (1,0) size 9x17
            RenderBlock {mi} at (0,9) size 9x8
              RenderText {#text} at (0,-8) size 7x19
                text run at (0,-8) width 7: "x"
            RenderMathMLOperator {mo} at (0,0) size 8x9
              RenderMathMLBlock (flex) {mo} at (0,0) size 7x9
                RenderBlock (anonymous) at (0,0) size 7x9
                  RenderText {mo} at (0,-3) size 7x14
                    text run at (0,-3) width 7: "^"
        RenderText {#text} at (54,4) size 5x19
          text run at (54,4) width 5: " "
        RenderMathMLMath {math} at (58,7) size 14x13 [padding: 0 1 0 1]
          RenderMathMLUnderOver {mover} at (1,0) size 11x13
            RenderBlock {mi} at (0,2) size 11x11
              RenderText {#text} at (0,-5) size 9x19
                text run at (0,-5) width 9: "A"
            RenderMathMLOperator {mo} at (3,0) size 5x2
              RenderMathMLBlock (flex) {mo} at (0,0) size 4x2
                RenderBlock (anonymous) at (0,0) size 4x2
                  RenderText {mo} at (0,-11) size 4x14
                    text run at (0,-11) width 4: "_"
        RenderText {#text} at (71,4) size 5x19
          text run at (71,4) width 5: " "
        RenderMathMLMath {math} at (75,10) size 11x10 [padding: 0 1 0 1]
          RenderMathMLUnderOver {mover} at (1,0) size 9x10
            RenderBlock {mi} at (0,2) size 9x8
              RenderText {#text} at (0,-8) size 7x19
                text run at (0,-8) width 7: "x"
            RenderMathMLOperator {mo} at (2,0) size 5x2
              RenderMathMLBlock (flex) {mo} at (0,0) size 4x2
                RenderBlock (anonymous) at (0,0) size 4x2
                  RenderText {mo} at (0,-11) size 4x14
                    text run at (0,-11) width 4: "_"
        RenderText {#text} at (85,4) size 5x19
          text run at (85,4) width 5: " "
        RenderMathMLMath {math} at (89,0) size 14x20 [padding: 0 1 0 1]
          RenderMathMLUnderOver {mover} at (1,0) size 11x20
            RenderBlock {mi} at (0,9) size 11x11
              RenderText {#text} at (0,-5) size 9x19
                text run at (0,-5) width 9: "A"
            RenderMathMLOperator {mo} at (1,0) size 8x9
              RenderMathMLBlock (flex) {mo} at (0,0) size 7x9
                RenderBlock (anonymous) at (0,0) size 7x9
                  RenderText {mo} at (0,-3) size 7x14
                    text run at (0,-3) width 7: "^"
        RenderText {#text} at (102,4) size 5x19
          text run at (102,4) width 5: " "
        RenderMathMLMath {math} at (106,5) size 13x15 [padding: 0 1 0 1]
          RenderMathMLUnderOver {mover} at (1,0) size 10x15
            RenderBlock {mi} at (0,7) size 10x8
              RenderText {#text} at (0,-8) size 7x19
                text run at (0,-8) width 7: "v"
            RenderMathMLOperator {mo} at (0,0) size 10x7
              RenderMathMLBlock (flex) {mo} at (0,0) size 10x7
                RenderBlock (anonymous) at (0,0) size 10x7
                  RenderText {mo} at (0,-5) size 10x14
                    text run at (0,-5) width 10: "\x{2192}"
        RenderText {#text} at (0,0) size 0x0
      RenderBlock {p} at (0,287) size 784x53
        RenderMathMLMath {math} at (0,0) size 22x49 [padding: 0 1 0 1]
          RenderBlock {mi} at (1,41) size 10x8
            RenderText {#text} at (0,-8) size 8x19
              text run at (0,-8) width 8: "a"
          RenderMathMLUnderOver {mover} at (10,2) size 11x47 [bgcolor=#FFFF00] [padding: 4 0 0 0]
            RenderBlock {mi} at (0,19) size 10x28 [bgcolor=#FFA500]
              RenderText {#text} at (0,12) size 8x19
                text run at (0,12) width 8: "b"
            RenderBlock {mi} at (1,4) size 7x7
              RenderText {#text} at (0,-5) size 5x14
                text run at (0,-5) width 5: "c"
        RenderText {#text} at (0,0) size 0x0
layer at (43,199) size 20x15 scrollHeight 19
  RenderMathMLBlock (flex) {mo} at (0,0) size 20x15
    RenderBlock (anonymous) at (0,0) size 20x15
      RenderText {mo} at (0,0) size 20x19
        text run at (0,0) width 20: "\x{2320}"
layer at (43,214) size 20x18 scrollHeight 24
  RenderMathMLBlock (flex) {mo} at (0,15) size 20x18
    RenderBlock (anonymous) at (0,0) size 20x18
layer at (43,232) size 20x15 scrollHeight 19
  RenderMathMLBlock (flex) {mo} at (0,33) size 20x15
    RenderBlock (anonymous) at (0,0) size 20x15
layer at (43,213) size 20x21 backgroundClip at (43,214) size 20x18 clip at (43,214) size 20x18 outlineClip at (43,214) size 20x18
  RenderBlock (relative positioned) {mo} at (0,0) size 20x21
    RenderText {mo} at (0,5) size 20x19
      text run at (0,5) width 20: "\x{23AE}"
layer at (43,231) size 20x16 backgroundClip at (43,232) size 20x15 clip at (43,232) size 20x15 outlineClip at (43,232) size 20x15
  RenderBlock (relative positioned) {mo} at (0,0) size 20x16
    RenderText {mo} at (0,0) size 20x19
      text run at (0,0) width 20: "\x{2321}"
