layer at (0,0) size 836x600
  RenderView at (0,0) size 800x600
layer at (0,0) size 800x569
  RenderBlock {html} at (0,0) size 800x569
    RenderBody {body} at (8,16) size 784x537
      RenderBlock {p} at (0,0) size 784x20
        RenderText {#text} at (0,0) size 172x19
          text run at (0,0) width 172: "square root (should be red): "
        RenderMathMLMath {math} at (172,2) size 23x14 [padding: 0 1 0 1]
          RenderMathMLSquareRoot {msqrt} at (1,0) size 21x14 [color=#FF0000] [intrinsic padding: 3 0 0 12]
            RenderMathMLRow (anonymous) at (12,3) size 9x11
              RenderBlock {mn} at (0,0) size 9x11
                RenderText {#text} at (0,-5) size 9x19
                  text run at (0,-5) width 9: "2"
      RenderBlock {p} at (0,36) size 784x20
        RenderText {#text} at (0,0) size 105x19
          text run at (0,0) width 105: "long square root: "
        RenderMathMLMath {math} at (105,2) size 47x14 [padding: 0 1 0 1]
          RenderMathMLSquareRoot {msqrt} at (1,0) size 45x14 [intrinsic padding: 3 0 0 12]
            RenderMathMLRow (anonymous) at (12,3) size 33x11
              RenderMathMLRow {mrow} at (0,0) size 33x11
                RenderBlock {mi} at (0,3) size 9x8
                  RenderText {#text} at (0,-8) size 7x19
                    text run at (0,-8) width 7: "x"
                RenderMathMLOperator {mo} at (11,2) size 10x9
                  RenderMathMLBlock (flex) {mo} at (0,0) size 9x9
                    RenderBlock (anonymous) at (0,0) size 9x9
                      RenderText {mo} at (0,-7) size 9x19
                        text run at (0,-7) width 9: "+"
                RenderBlock {mn} at (23,0) size 10x11
                  RenderText {#text} at (0,-5) size 9x19
                    text run at (0,-5) width 9: "1"
      RenderBlock {p} at (0,72) size 784x22
        RenderText {#text} at (0,2) size 209x19
          text run at (0,2) width 209: "long square root with implied row: "
        RenderMathMLMath {math} at (209,0) size 54x18 [padding: 0 1 0 1]
          RenderMathMLSquareRoot {msqrt} at (1,0) size 52x18 [intrinsic padding: 3 0 0 12]
            RenderMathMLRow (anonymous) at (12,3) size 40x15
              RenderMathMLSubSup {msup} at (0,0) size 16x15
                RenderMathMLBlock (anonymous, flex) at (0,0) size 9x15 [padding: 7 0 0 0]
                  RenderBlock {mi} at (0,7) size 9x8
                    RenderText {#text} at (0,-8) size 7x19
                      text run at (0,-8) width 7: "x"
                RenderMathMLBlock (anonymous, flex) at (8,0) size 8x9
                  RenderBlock {mn} at (0,0) size 7x9
                    RenderText {#text} at (0,-3) size 7x14
                      text run at (0,-3) width 7: "2"
              RenderMathMLOperator {mo} at (18,6) size 10x9
                RenderMathMLBlock (flex) {mo} at (0,0) size 9x9
                  RenderBlock (anonymous) at (0,0) size 9x9
                    RenderText {mo} at (0,-7) size 9x19
                      text run at (0,-7) width 9: "+"
              RenderBlock {mn} at (30,4) size 10x11
                RenderText {#text} at (0,-5) size 9x19
                  text run at (0,-5) width 9: "1"
      RenderBlock {p} at (0,110) size 784x35
        RenderText {#text} at (0,6) size 108x19
          text run at (0,6) width 108: "root of a fraction: "
        RenderMathMLMath {math} at (108,0) size 49x36 [padding: 0 1 0 1]
          RenderMathMLSquareRoot {msqrt} at (1,0) size 47x36 [intrinsic padding: 3 0 3 12]
            RenderMathMLRow (anonymous) at (12,3) size 35x30
              RenderMathMLFraction {mfrac} at (1,0) size 33x30
                RenderMathMLBlock (anonymous, flex) at (0,0) size 33x15
                  RenderMathMLRow {mrow} at (0,0) size 33x11
                    RenderBlock {mi} at (0,3) size 9x8
                      RenderText {#text} at (0,-8) size 7x19
                        text run at (0,-8) width 7: "x"
                    RenderMathMLOperator {mo} at (11,2) size 10x9
                      RenderMathMLBlock (flex) {mo} at (0,0) size 9x9
                        RenderBlock (anonymous) at (0,0) size 9x9
                          RenderText {mo} at (0,-7) size 9x19
                            text run at (0,-7) width 9: "+"
                    RenderBlock {mn} at (23,0) size 10x11
                      RenderText {#text} at (0,-5) size 9x19
                        text run at (0,-5) width 9: "1"
                RenderMathMLBlock (anonymous, flex) at (0,14) size 33x16 [padding: 1 0 0 0]
                  RenderMathMLRow {mrow} at (0,4) size 33x12
                    RenderBlock {mi} at (0,3) size 9x8
                      RenderText {#text} at (0,-8) size 7x19
                        text run at (0,-8) width 7: "x"
                    RenderMathMLOperator {mo} at (11,2) size 10x9
                      RenderMathMLBlock (flex) {mo} at (0,0) size 9x9
                        RenderBlock (anonymous) at (0,0) size 9x9
                          RenderText {mo} at (0,-7) size 9x19
                            text run at (0,-7) width 9: "+"
                    RenderBlock {mn} at (23,0) size 10x11
                      RenderText {#text} at (0,-5) size 9x19
                        text run at (0,-5) width 9: "2"
      RenderBlock {p} at (0,161) size 784x21
        RenderText {#text} at (0,1) size 166x19
          text run at (0,1) width 166: "cube root (should be blue): "
        RenderMathMLMath {math} at (166,0) size 25x17 [color=#0000FF] [padding: 0 1 0 1]
      RenderBlock {p} at (0,198) size 784x21
        RenderText {#text} at (0,1) size 68x19
          text run at (0,1) width 68: "long index: "
        RenderMathMLMath {math} at (68,0) size 61x17 [padding: 0 1 0 1]
      RenderBlock {p} at (0,235) size 784x35
        RenderText {#text} at (0,6) size 174x19
          text run at (0,6) width 174: "long index w/ complex base: "
        RenderMathMLMath {math} at (174,0) size 88x36 [padding: 0 1 0 1]
      RenderBlock {p} at (0,286) size 784x47
        RenderText {#text} at (0,27) size 67x19
          text run at (0,27) width 67: "high index: "
        RenderMathMLMath {math} at (67,0) size 27x43 [padding: 0 1 0 1]
      RenderBlock {p} at (0,349) size 784x44
        RenderText {#text} at (0,19) size 151x19
          text run at (0,19) width 151: "Imbricated square roots: "
        RenderMathMLMath {math} at (151,0) size 280x44 [padding: 0 1 0 1]
          RenderMathMLSquareRoot {msqrt} at (1,0) size 278x44 [intrinsic padding: 3 0 3 12]
            RenderMathMLRow (anonymous) at (12,3) size 266x38
              RenderBlock {mn} at (0,21) size 9x11
                RenderText {#text} at (0,-5) size 9x19
                  text run at (0,-5) width 9: "1"
              RenderMathMLOperator {mo} at (12,23) size 10x9
                RenderMathMLBlock (flex) {mo} at (0,0) size 9x9
                  RenderBlock (anonymous) at (0,0) size 9x9
                    RenderText {mo} at (0,-7) size 9x19
                      text run at (0,-7) width 9: "+"
              RenderMathMLSquareRoot {msqrt} at (24,0) size 242x38 [intrinsic padding: 3 0 3 12]
                RenderMathMLRow (anonymous) at (12,3) size 229x32
                  RenderMathMLRow {mrow} at (0,0) size 229x32
                    RenderBlock {mn} at (0,18) size 9x11
                      RenderText {#text} at (0,-5) size 9x19
                        text run at (0,-5) width 9: "2"
                    RenderMathMLOperator {mo} at (12,20) size 10x9
                      RenderMathMLBlock (flex) {mo} at (0,0) size 9x9
                        RenderBlock (anonymous) at (0,0) size 9x9
                          RenderText {mo} at (0,-7) size 9x19
                            text run at (0,-7) width 9: "+"
                    RenderMathMLSquareRoot {msqrt} at (24,0) size 205x32 [intrinsic padding: 3 0 3 12]
                      RenderMathMLRow (anonymous) at (12,3) size 193x26
                        RenderMathMLRow {mrow} at (0,0) size 193x26
                          RenderBlock {mn} at (0,15) size 9x11
                            RenderText {#text} at (0,-5) size 9x19
                              text run at (0,-5) width 9: "3"
                          RenderMathMLOperator {mo} at (12,17) size 10x9
                            RenderMathMLBlock (flex) {mo} at (0,0) size 9x9
                              RenderBlock (anonymous) at (0,0) size 9x9
                                RenderText {mo} at (0,-7) size 9x19
                                  text run at (0,-7) width 9: "+"
                          RenderMathMLSquareRoot {msqrt} at (24,0) size 169x26 [intrinsic padding: 3 0 0 12]
                            RenderMathMLRow (anonymous) at (12,3) size 157x23
                              RenderMathMLRow {mrow} at (0,0) size 157x23
                                RenderBlock {mn} at (0,12) size 9x11
                                  RenderText {#text} at (0,-5) size 9x19
                                    text run at (0,-5) width 9: "4"
                                RenderMathMLOperator {mo} at (12,14) size 10x9
                                  RenderMathMLBlock (flex) {mo} at (0,0) size 9x9
                                    RenderBlock (anonymous) at (0,0) size 9x9
                                      RenderText {mo} at (0,-7) size 9x19
                                        text run at (0,-7) width 9: "+"
                                RenderMathMLSquareRoot {msqrt} at (24,0) size 133x23 [intrinsic padding: 3 0 0 12]
                                  RenderMathMLRow (anonymous) at (12,3) size 120x20
                                    RenderMathMLRow {mrow} at (0,0) size 120x20
                                      RenderBlock {mn} at (0,8) size 9x12
                                        RenderText {#text} at (0,-4) size 9x19
                                          text run at (0,-4) width 9: "5"
                                      RenderMathMLOperator {mo} at (12,11) size 10x9
                                        RenderMathMLBlock (flex) {mo} at (0,0) size 9x9
                                          RenderBlock (anonymous) at (0,0) size 9x9
                                            RenderText {mo} at (0,-7) size 9x19
                                              text run at (0,-7) width 9: "+"
                                      RenderMathMLSquareRoot {msqrt} at (24,0) size 96x20 [intrinsic padding: 3 0 0 12]
                                        RenderMathMLRow (anonymous) at (12,3) size 84x17
                                          RenderMathMLRow {mrow} at (0,0) size 84x17
                                            RenderBlock {mn} at (0,6) size 9x11
                                              RenderText {#text} at (0,-5) size 9x19
                                                text run at (0,-5) width 9: "6"
                                            RenderMathMLOperator {mo} at (12,8) size 10x9
                                              RenderMathMLBlock (flex) {mo} at (0,0) size 9x9
                                                RenderBlock (anonymous) at (0,0) size 9x9
                                                  RenderText {mo} at (0,-7) size 9x19
                                                    text run at (0,-7) width 9: "+"
                                            RenderMathMLSquareRoot {msqrt} at (24,0) size 60x17 [intrinsic padding: 3 0 0 12]
                                              RenderMathMLRow (anonymous) at (12,3) size 47x14
                                                RenderMathMLRow {mrow} at (0,0) size 47x14
                                                  RenderBlock {mn} at (0,3) size 9x11
                                                    RenderText {#text} at (0,-5) size 9x19
                                                      text run at (0,-5) width 9: "7"
                                                  RenderMathMLOperator {mo} at (12,5) size 10x9
                                                    RenderMathMLBlock (flex) {mo} at (0,0) size 9x9
                                                      RenderBlock (anonymous) at (0,0) size 9x9
                                                        RenderText {mo} at (0,-7) size 9x19
                                                          text run at (0,-7) width 9: "+"
                                                  RenderMathMLSquareRoot {msqrt} at (24,0) size 23x14 [intrinsic padding: 3 0 0 12]
                                                    RenderMathMLRow (anonymous) at (12,3) size 11x11
                                                      RenderBlock {mi} at (0,0) size 11x11
                                                        RenderText {#text} at (0,-5) size 9x19
                                                          text run at (0,-5) width 9: "A"
        RenderText {#text} at (0,0) size 0x0
      RenderBlock {p} at (0,409) size 784x72
        RenderText {#text} at (0,35) size 107x19
          text run at (0,35) width 107: "Imbricated roots: "
        RenderMathMLMath {math} at (107,0) size 346x72 [padding: 0 1 0 1]
        RenderText {#text} at (0,0) size 0x0
      RenderBlock {p} at (0,497) size 784x40
        RenderText {#text} at (0,0) size 284x19
          text run at (0,0) width 284: "Don't wrap this wide line with an implicit mrow:"
        RenderBR {br} at (284,0) size 0x19
        RenderMathMLMath {math} at (0,25) size 828x13 [padding: 0 1 0 1]
          RenderMathMLSquareRoot {msqrt} at (1,0) size 826x13 [intrinsic padding: 3 0 0 12]
            RenderMathMLRow (anonymous) at (12,3) size 814x10
              RenderBlock {mi} at (0,0) size 407x8
                RenderText {#text} at (0,-8) size 7x19
                  text run at (0,-8) width 7: "x"
              RenderBlock {mi} at (407,0) size 407x10
                RenderText {#text} at (0,-8) size 7x19
                  text run at (0,-8) width 7: "y"
        RenderText {#text} at (0,0) size 0x0
layer at (175,177) size 23x17
  RenderMathMLRoot {mroot} at (1,0) size 23x17 [intrinsic padding: 6 0 0 14]
    RenderMathMLRow (anonymous) at (14,6) size 9x11
      RenderBlock {mn} at (0,0) size 9x11
        RenderText {#text} at (0,-5) size 9x19
          text run at (0,-5) width 9: "2"
layer at (175,177) size 14x13
  RenderBlock (positioned) {mn} at (0,0) size 15x14
    RenderText {#text} at (2,-3) size 7x14
      text run at (2,-3) width 7: "3"
layer at (77,214) size 59x17
  RenderMathMLRoot {mroot} at (1,0) size 59x17 [intrinsic padding: 6 0 0 50]
    RenderMathMLRow (anonymous) at (50,6) size 9x11
      RenderBlock {mn} at (0,0) size 9x11
        RenderText {#text} at (0,-5) size 9x19
          text run at (0,-5) width 9: "2"
layer at (77,214) size 50x13
  RenderMathMLRow {mrow} at (0,0) size 51x14 [padding: 0 5 4 2]
    RenderBlock {mi} at (2,0) size 7x7
      RenderText {#text} at (0,-5) size 5x14
        text run at (0,-5) width 5: "x"
    RenderMathMLOperator {mo} at (10,0) size 8x7
      RenderMathMLBlock (flex) {mo} at (0,0) size 7x7
        RenderBlock (anonymous) at (0,0) size 7x7
          RenderText {mo} at (0,-5) size 7x14
            text run at (0,-5) width 7: "+"
    RenderBlock {mi} at (20,0) size 8x9
      RenderText {#text} at (0,-5) size 6x14
        text run at (0,-5) width 6: "y"
    RenderMathMLOperator {mo} at (29,0) size 8x7
      RenderMathMLBlock (flex) {mo} at (0,0) size 7x7
        RenderBlock (anonymous) at (0,0) size 7x7
          RenderText {mo} at (0,-5) size 7x14
            text run at (0,-5) width 7: "+"
    RenderBlock {mi} at (39,0) size 7x7
      RenderText {#text} at (0,-5) size 5x14
        text run at (0,-5) width 5: "z"
layer at (183,251) size 86x35
  RenderMathMLRoot {mroot} at (1,0) size 86x36 [intrinsic padding: 3 0 3 51]
    RenderMathMLRow (anonymous) at (51,3) size 35x30
      RenderMathMLFraction {mfrac} at (1,0) size 33x30
        RenderMathMLBlock (anonymous, flex) at (0,0) size 33x15
          RenderMathMLRow {mrow} at (0,0) size 33x11
            RenderBlock {mi} at (0,3) size 9x8
              RenderText {#text} at (0,-8) size 7x19
                text run at (0,-8) width 7: "x"
            RenderMathMLOperator {mo} at (11,2) size 10x9
              RenderMathMLBlock (flex) {mo} at (0,0) size 9x9
                RenderBlock (anonymous) at (0,0) size 9x9
                  RenderText {mo} at (0,-7) size 9x19
                    text run at (0,-7) width 9: "+"
            RenderBlock {mn} at (23,0) size 10x11
              RenderText {#text} at (0,-5) size 9x19
                text run at (0,-5) width 9: "1"
        RenderMathMLBlock (anonymous, flex) at (0,14) size 33x16 [padding: 1 0 0 0]
          RenderMathMLRow {mrow} at (0,4) size 33x12
            RenderBlock {mi} at (0,3) size 9x8
              RenderText {#text} at (0,-8) size 7x19
                text run at (0,-8) width 7: "x"
            RenderMathMLOperator {mo} at (11,2) size 10x9
              RenderMathMLBlock (flex) {mo} at (0,0) size 9x9
                RenderBlock (anonymous) at (0,0) size 9x9
                  RenderText {mo} at (0,-7) size 9x19
                    text run at (0,-7) width 9: "+"
            RenderBlock {mn} at (23,0) size 10x11
              RenderText {#text} at (0,-5) size 9x19
                text run at (0,-5) width 9: "2"
layer at (183,259) size 50x13
  RenderMathMLRow {mrow} at (0,8) size 51x14 [padding: 0 5 4 2]
    RenderBlock {mi} at (2,0) size 7x7
      RenderText {#text} at (0,-5) size 5x14
        text run at (0,-5) width 5: "x"
    RenderMathMLOperator {mo} at (10,0) size 8x7
      RenderMathMLBlock (flex) {mo} at (0,0) size 7x7
        RenderBlock (anonymous) at (0,0) size 7x7
          RenderText {mo} at (0,-5) size 7x14
            text run at (0,-5) width 7: "+"
    RenderBlock {mi} at (20,0) size 8x9
      RenderText {#text} at (0,-5) size 6x14
        text run at (0,-5) width 6: "y"
    RenderMathMLOperator {mo} at (29,0) size 8x7
      RenderMathMLBlock (flex) {mo} at (0,0) size 7x7
        RenderBlock (anonymous) at (0,0) size 7x7
          RenderText {mo} at (0,-5) size 7x14
            text run at (0,-5) width 7: "+"
    RenderBlock {mi} at (39,0) size 7x7
      RenderText {#text} at (0,-5) size 5x14
        text run at (0,-5) width 5: "z"
layer at (76,302) size 25x43
  RenderMathMLRoot {mroot} at (1,0) size 25x43 [intrinsic padding: 32 0 0 16]
    RenderMathMLRow (anonymous) at (16,32) size 9x11
      RenderBlock {mn} at (0,0) size 9x11
        RenderText {#text} at (0,-5) size 9x19
          text run at (0,-5) width 9: "2"
layer at (77,302) size 16x39
  RenderMathMLFraction {mfrac} at (1,0) size 17x39 [padding: 0 5 4 2]
    RenderMathMLBlock (anonymous, flex) at (2,0) size 10x25
      RenderMathMLFraction {mfrac} at (1,0) size 8x22
        RenderMathMLBlock (anonymous, flex) at (0,0) size 8x10
          RenderBlock {mi} at (0,0) size 7x7
            RenderText {#text} at (0,-5) size 5x14
              text run at (0,-5) width 5: "x"
        RenderMathMLBlock (anonymous, flex) at (0,9) size 8x13 [padding: 1 0 0 0]
          RenderBlock {mi} at (0,3) size 8x10
            RenderText {#text} at (0,-5) size 6x14
              text run at (0,-5) width 6: "y"
    RenderMathMLBlock (anonymous, flex) at (2,24) size 10x11 [padding: 1 0 0 0]
      RenderBlock {mi} at (1,3) size 7x8
        RenderText {#text} at (0,-5) size 5x14
          text run at (0,-5) width 5: "z"
layer at (116,425) size 343x72
  RenderMathMLRoot {mroot} at (1,0) size 344x72 [intrinsic padding: 3 0 3 20]
    RenderMathMLRow (anonymous) at (20,3) size 324x66
      RenderMathMLRow {mrow} at (0,0) size 324x66
        RenderBlock {mn} at (0,37) size 9x11
          RenderText {#text} at (0,-5) size 9x19
            text run at (0,-5) width 9: "1"
        RenderMathMLOperator {mo} at (12,39) size 10x9
          RenderMathMLBlock (flex) {mo} at (0,0) size 9x9
            RenderBlock (anonymous) at (0,0) size 9x9
              RenderText {mo} at (0,-7) size 9x19
                text run at (0,-7) width 9: "+"
layer at (160,428) size 299x66
  RenderMathMLRoot {mroot} at (24,0) size 300x66 [intrinsic padding: 3 0 3 20]
    RenderMathMLRow (anonymous) at (20,3) size 279x60
      RenderMathMLRow {mrow} at (0,0) size 279x60
        RenderBlock {mn} at (0,34) size 9x11
          RenderText {#text} at (0,-5) size 9x19
            text run at (0,-5) width 9: "2"
        RenderMathMLOperator {mo} at (12,36) size 10x9
          RenderMathMLBlock (flex) {mo} at (0,0) size 9x9
            RenderBlock (anonymous) at (0,0) size 9x9
              RenderText {mo} at (0,-7) size 9x19
                text run at (0,-7) width 9: "+"
layer at (205,431) size 255x60
  RenderMathMLRoot {mroot} at (24,0) size 255x60 [intrinsic padding: 3 0 3 20]
    RenderMathMLRow (anonymous) at (20,3) size 235x54
      RenderMathMLRow {mrow} at (0,0) size 235x54
        RenderBlock {mn} at (0,31) size 9x11
          RenderText {#text} at (0,-5) size 9x19
            text run at (0,-5) width 9: "3"
        RenderMathMLOperator {mo} at (12,33) size 10x9
          RenderMathMLBlock (flex) {mo} at (0,0) size 9x9
            RenderBlock (anonymous) at (0,0) size 9x9
              RenderText {mo} at (0,-7) size 9x19
                text run at (0,-7) width 9: "+"
layer at (249,434) size 210x54
  RenderMathMLRoot {mroot} at (24,0) size 211x54 [intrinsic padding: 3 0 3 20]
    RenderMathMLRow (anonymous) at (20,3) size 191x48
      RenderMathMLRow {mrow} at (0,0) size 191x48
        RenderBlock {mn} at (0,28) size 9x11
          RenderText {#text} at (0,-5) size 9x19
            text run at (0,-5) width 9: "4"
        RenderMathMLOperator {mo} at (12,30) size 10x9
          RenderMathMLBlock (flex) {mo} at (0,0) size 9x9
            RenderBlock (anonymous) at (0,0) size 9x9
              RenderText {mo} at (0,-7) size 9x19
                text run at (0,-7) width 9: "+"
layer at (294,437) size 166x48
  RenderMathMLRoot {mroot} at (24,0) size 167x48 [intrinsic padding: 3 0 3 18]
    RenderMathMLRow (anonymous) at (18,3) size 148x42
      RenderMathMLRow {mrow} at (0,0) size 148x42
        RenderBlock {mn} at (0,24) size 9x12
          RenderText {#text} at (0,-4) size 9x19
            text run at (0,-4) width 9: "5"
        RenderMathMLOperator {mo} at (12,27) size 10x9
          RenderMathMLBlock (flex) {mo} at (0,0) size 9x9
            RenderBlock (anonymous) at (0,0) size 9x9
              RenderText {mo} at (0,-7) size 9x19
                text run at (0,-7) width 9: "+"
layer at (336,440) size 124x42
  RenderMathMLRoot {mroot} at (24,0) size 124x42 [intrinsic padding: 3 0 3 17]
    RenderMathMLRow (anonymous) at (17,3) size 107x36
      RenderMathMLRow {mrow} at (0,0) size 107x36
        RenderBlock {mn} at (0,22) size 9x11
          RenderText {#text} at (0,-5) size 9x19
            text run at (0,-5) width 9: "6"
        RenderMathMLOperator {mo} at (12,24) size 10x9
          RenderMathMLBlock (flex) {mo} at (0,0) size 9x9
            RenderBlock (anonymous) at (0,0) size 9x9
              RenderText {mo} at (0,-7) size 9x19
                text run at (0,-7) width 9: "+"
layer at (377,443) size 82x36
  RenderMathMLRoot {mroot} at (24,0) size 83x36 [intrinsic padding: 3 0 3 15]
    RenderMathMLRow (anonymous) at (15,3) size 67x30
      RenderMathMLRow {mrow} at (0,0) size 67x30
        RenderBlock {mn} at (0,19) size 9x11
          RenderText {#text} at (0,-5) size 9x19
            text run at (0,-5) width 9: "7"
        RenderMathMLOperator {mo} at (12,21) size 10x9
          RenderMathMLBlock (flex) {mo} at (0,0) size 9x9
            RenderBlock (anonymous) at (0,0) size 9x9
              RenderText {mo} at (0,-7) size 9x19
                text run at (0,-7) width 9: "+"
layer at (417,446) size 43x30
  RenderMathMLRoot {mroot} at (24,0) size 43x30 [intrinsic padding: 19 0 0 32]
    RenderMathMLRow (anonymous) at (32,19) size 11x11
      RenderBlock {mi} at (0,0) size 11x11
        RenderText {#text} at (0,-5) size 9x19
          text run at (0,-5) width 9: "A"
layer at (418,446) size 32x26
  RenderMathMLFraction {mfrac} at (1,0) size 33x26 [padding: 0 5 4 2]
    RenderMathMLBlock (anonymous, flex) at (2,0) size 26x12
      RenderMathMLRow {mrow} at (0,0) size 26x9
        RenderBlock {mi} at (0,0) size 7x7
          RenderText {#text} at (0,-5) size 5x14
            text run at (0,-5) width 5: "x"
        RenderMathMLOperator {mo} at (8,0) size 8x7
          RenderMathMLBlock (flex) {mo} at (0,0) size 7x7
            RenderBlock (anonymous) at (0,0) size 7x7
              RenderText {mo} at (0,-5) size 7x14
                text run at (0,-5) width 7: "+"
        RenderBlock {mi} at (17,0) size 9x9
          RenderText {#text} at (0,-5) size 6x14
            text run at (0,-5) width 6: "y"
    RenderMathMLBlock (anonymous, flex) at (2,11) size 26x11 [padding: 1 0 0 0]
      RenderBlock {mi} at (9,3) size 7x8
        RenderText {#text} at (0,-5) size 5x14
          text run at (0,-5) width 5: "z"
layer at (377,452) size 14x13
  RenderBlock (positioned) {mn} at (0,9) size 15x14
    RenderText {#text} at (2,-3) size 7x14
      text run at (2,-3) width 7: "9"
layer at (336,452) size 14x13
  RenderBlock (positioned) {mn} at (0,12) size 15x14
    RenderText {#text} at (2,-3) size 7x14
      text run at (2,-3) width 7: "8"
layer at (294,453) size 14x13
  RenderBlock (positioned) {mn} at (0,16) size 15x14
    RenderText {#text} at (2,-3) size 7x14
      text run at (2,-3) width 7: "7"
layer at (249,454) size 14x13
  RenderBlock (positioned) {mn} at (0,20) size 15x14
    RenderText {#text} at (2,-3) size 7x14
      text run at (2,-3) width 7: "6"
layer at (205,455) size 14x13
  RenderBlock (positioned) {mn} at (0,24) size 15x14
    RenderText {#text} at (2,-3) size 7x14
      text run at (2,-3) width 7: "5"
layer at (160,455) size 14x13
  RenderBlock (positioned) {mn} at (0,27) size 15x14
    RenderText {#text} at (2,-3) size 7x14
      text run at (2,-3) width 7: "4"
layer at (116,456) size 14x13
  RenderBlock (positioned) {mn} at (0,31) size 15x14
    RenderText {#text} at (2,-3) size 7x14
      text run at (2,-3) width 7: "3"
