layer at (0,0) size 800x600
  RenderView at (0,0) size 800x600
layer at (0,0) size 800x492
  RenderBlock {html} at (0,0) size 800x492
    RenderBody {body} at (8,16) size 784x460
      RenderBlock {p} at (0,0) size 784x20
        RenderMathMLMath {math} at (0,5) size 35x11 [padding: 0 1 0 1]
          RenderBlock {mi} at (1,3) size 9x8
            RenderText {#text} at (0,-8) size 7x19
              text run at (0,-8) width 7: "x"
          RenderMathMLOperator {mo} at (12,2) size 10x9 [bgcolor=#C8C8C8]
            RenderMathMLBlock (flex) {mo} at (0,0) size 9x9
              RenderBlock (anonymous) at (0,0) size 9x9
                RenderText {mo} at (0,-7) size 9x19
                  text run at (0,-7) width 9: "+"
          RenderBlock {mn} at (24,0) size 10x11
            RenderText {#text} at (0,-5) size 9x19
              text run at (0,-5) width 9: "1"
        RenderText {#text} at (0,0) size 0x0
      RenderBlock {p} at (0,36) size 784x21
        RenderText {#text} at (0,1) size 38x19
          text run at (0,1) width 38: "16px: "
        RenderMathMLMath {math} at (38,3) size 47x18 [padding: 0 1 0 1]
          RenderMathMLRow {mrow} at (1,0) size 45x18
            RenderMathMLOperator {mo} at (1,0) size 8x17 [bgcolor=#C8C8C8]
              RenderMathMLBlock (flex) {mo} at (0,0) size 7x17
                RenderBlock (anonymous) at (0,0) size 7x17
                  RenderText {mo} at (0,-4) size 7x21
                    text run at (0,-4) width 7: "{"
            RenderBlock {mi} at (10,6) size 9x8
              RenderText {#text} at (0,-8) size 7x19
                text run at (0,-8) width 7: "x"
            RenderBlock {mtext} at (18,3) size 17x15
              RenderBlock {div} at (0,-1) size 16x17 [bgcolor=#00FF00]
            RenderMathMLOperator {mo} at (36,0) size 8x17 [bgcolor=#C8C8C8]
              RenderMathMLBlock (flex) {mo} at (0,0) size 7x17
                RenderBlock (anonymous) at (0,0) size 7x17
                  RenderText {mo} at (0,-4) size 7x21
                    text run at (0,-4) width 7: "}"
        RenderText {#text} at (84,1) size 5x19
          text run at (84,1) width 5: " "
        RenderMathMLMath {math} at (88,3) size 46x18 [padding: 0 1 0 1]
          RenderMathMLRow {mrow} at (1,0) size 43x18
            RenderMathMLOperator {mo} at (1,0) size 7x17 [bgcolor=#C8C8C8]
              RenderMathMLBlock (flex) {mo} at (0,0) size 6x17
                RenderBlock (anonymous) at (0,0) size 6x17
                  RenderText {mo} at (0,-4) size 6x21
                    text run at (0,-4) width 6: "["
            RenderBlock {mi} at (9,6) size 9x8
              RenderText {#text} at (0,-8) size 7x19
                text run at (0,-8) width 7: "x"
            RenderBlock {mtext} at (17,3) size 17x15
              RenderBlock {div} at (0,-1) size 16x17 [bgcolor=#00FF00]
            RenderMathMLOperator {mo} at (35,0) size 7x17 [bgcolor=#C8C8C8]
              RenderMathMLBlock (flex) {mo} at (0,0) size 6x17
                RenderBlock (anonymous) at (0,0) size 6x17
                  RenderText {mo} at (0,-4) size 6x21
                    text run at (0,-4) width 6: "]"
        RenderText {#text} at (133,1) size 5x19
          text run at (133,1) width 5: " "
        RenderMathMLMath {math} at (137,3) size 48x18 [padding: 0 1 0 1]
          RenderMathMLRow {mrow} at (1,0) size 45x18
            RenderMathMLOperator {mo} at (1,0) size 8x17 [bgcolor=#C8C8C8]
              RenderMathMLBlock (flex) {mo} at (0,0) size 7x17
                RenderBlock (anonymous) at (0,0) size 7x17
                  RenderText {mo} at (0,-4) size 7x21
                    text run at (0,-4) width 7: "("
            RenderBlock {mi} at (10,6) size 9x8
              RenderText {#text} at (0,-8) size 7x19
                text run at (0,-8) width 7: "x"
            RenderBlock {mtext} at (18,3) size 17x15
              RenderBlock {div} at (0,-1) size 16x17 [bgcolor=#00FF00]
            RenderMathMLOperator {mo} at (36,0) size 8x17 [bgcolor=#C8C8C8]
              RenderMathMLBlock (flex) {mo} at (0,0) size 7x17
                RenderBlock (anonymous) at (0,0) size 7x17
                  RenderText {mo} at (0,-4) size 7x21
                    text run at (0,-4) width 7: ")"
        RenderText {#text} at (184,1) size 5x19
          text run at (184,1) width 5: " "
        RenderMathMLMath {math} at (188,3) size 46x18 [padding: 0 1 0 1]
          RenderMathMLRow {mrow} at (1,0) size 43x18
            RenderMathMLOperator {mo} at (1,0) size 7x17 [bgcolor=#C8C8C8]
              RenderMathMLBlock (flex) {mo} at (0,0) size 6x17
                RenderBlock (anonymous) at (0,0) size 6x17
                  RenderText {mo} at (0,-4) size 6x21
                    text run at (0,-4) width 6: "|"
            RenderBlock {mi} at (9,6) size 9x8
              RenderText {#text} at (0,-8) size 7x19
                text run at (0,-8) width 7: "x"
            RenderBlock {mtext} at (17,3) size 17x15
              RenderBlock {div} at (0,-1) size 16x17 [bgcolor=#00FF00]
            RenderMathMLOperator {mo} at (35,0) size 7x17 [bgcolor=#C8C8C8]
              RenderMathMLBlock (flex) {mo} at (0,0) size 6x17
                RenderBlock (anonymous) at (0,0) size 6x17
                  RenderText {mo} at (0,-4) size 6x21
                    text run at (0,-4) width 6: "|"
        RenderText {#text} at (233,1) size 5x19
          text run at (233,1) width 5: " "
        RenderMathMLMath {math} at (237,0) size 39x21 [padding: 0 1 0 1]
          RenderMathMLRow {mrow} at (1,0) size 36x21
            RenderMathMLOperator {mo} at (1,0) size 9x20 [bgcolor=#C8C8C8]
              RenderMathMLBlock (flex) {mo} at (0,0) size 8x20
                RenderBlock (anonymous) at (0,0) size 8x20
                  RenderText {mo} at (0,-1) size 8x21
                    text run at (0,-1) width 8: "\x{222B}"
            RenderBlock {mi} at (11,9) size 9x8
              RenderText {#text} at (0,-8) size 7x19
                text run at (0,-8) width 7: "x"
            RenderBlock {mtext} at (19,6) size 17x15
              RenderBlock {div} at (0,-1) size 16x17 [bgcolor=#00FF00]
        RenderText {#text} at (0,0) size 0x0
      RenderBlock {p} at (0,73) size 784x31
        RenderText {#text} at (0,9) size 38x19
          text run at (0,9) width 38: "24px: "
        RenderMathMLMath {math} at (38,5) size 61x26 [padding: 0 1 0 1]
          RenderMathMLRow {mrow} at (1,0) size 59x26
            RenderMathMLOperator {mo} at (1,0) size 11x25 [bgcolor=#C8C8C8]
              RenderMathMLBlock (flex) {mo} at (0,0) size 10x25
                RenderBlock (anonymous) at (0,0) size 10x25
                  RenderText {mo} at (0,-7) size 10x32
                    text run at (0,-7) width 10: "{"
            RenderBlock {mi} at (13,12) size 9x8
              RenderText {#text} at (0,-8) size 7x19
                text run at (0,-8) width 7: "x"
            RenderBlock {mtext} at (21,3) size 25x23
              RenderBlock {div} at (0,-1) size 24x25 [bgcolor=#00FF00]
            RenderMathMLOperator {mo} at (47,0) size 11x25 [bgcolor=#C8C8C8]
              RenderMathMLBlock (flex) {mo} at (0,0) size 10x25
                RenderBlock (anonymous) at (0,0) size 10x25
                  RenderText {mo} at (0,-7) size 10x32
                    text run at (0,-7) width 10: "}"
        RenderText {#text} at (98,9) size 5x19
          text run at (98,9) width 5: " "
        RenderMathMLMath {math} at (102,5) size 60x26 [padding: 0 1 0 1]
          RenderMathMLRow {mrow} at (1,0) size 57x26
            RenderMathMLOperator {mo} at (1,0) size 10x25 [bgcolor=#C8C8C8]
              RenderMathMLBlock (flex) {mo} at (0,0) size 9x25
                RenderBlock (anonymous) at (0,0) size 9x25
                  RenderText {mo} at (0,-7) size 9x32
                    text run at (0,-7) width 9: "["
            RenderBlock {mi} at (12,12) size 9x8
              RenderText {#text} at (0,-8) size 7x19
                text run at (0,-8) width 7: "x"
            RenderBlock {mtext} at (20,3) size 25x23
              RenderBlock {div} at (0,-1) size 24x25 [bgcolor=#00FF00]
            RenderMathMLOperator {mo} at (46,0) size 10x25 [bgcolor=#C8C8C8]
              RenderMathMLBlock (flex) {mo} at (0,0) size 9x25
                RenderBlock (anonymous) at (0,0) size 9x25
                  RenderText {mo} at (0,-7) size 9x32
                    text run at (0,-7) width 9: "]"
        RenderText {#text} at (161,9) size 5x19
          text run at (161,9) width 5: " "
        RenderMathMLMath {math} at (165,5) size 62x26 [padding: 0 1 0 1]
          RenderMathMLRow {mrow} at (1,0) size 59x26
            RenderMathMLOperator {mo} at (1,0) size 11x25 [bgcolor=#C8C8C8]
              RenderMathMLBlock (flex) {mo} at (0,0) size 10x25
                RenderBlock (anonymous) at (0,0) size 10x25
                  RenderText {mo} at (0,-7) size 10x32
                    text run at (0,-7) width 10: "("
            RenderBlock {mi} at (13,12) size 9x8
              RenderText {#text} at (0,-8) size 7x19
                text run at (0,-8) width 7: "x"
            RenderBlock {mtext} at (21,3) size 25x23
              RenderBlock {div} at (0,-1) size 24x25 [bgcolor=#00FF00]
            RenderMathMLOperator {mo} at (47,0) size 11x25 [bgcolor=#C8C8C8]
              RenderMathMLBlock (flex) {mo} at (0,0) size 10x25
                RenderBlock (anonymous) at (0,0) size 10x25
                  RenderText {mo} at (0,-7) size 10x32
                    text run at (0,-7) width 10: ")"
        RenderText {#text} at (226,9) size 5x19
          text run at (226,9) width 5: " "
        RenderMathMLMath {math} at (230,5) size 60x26 [padding: 0 1 0 1]
          RenderMathMLRow {mrow} at (1,0) size 57x26
            RenderMathMLOperator {mo} at (1,0) size 10x25 [bgcolor=#C8C8C8]
              RenderMathMLBlock (flex) {mo} at (0,0) size 9x25
                RenderBlock (anonymous) at (0,0) size 9x25
                  RenderText {mo} at (0,-7) size 9x32
                    text run at (0,-7) width 9: "|"
            RenderBlock {mi} at (12,12) size 9x8
              RenderText {#text} at (0,-8) size 7x19
                text run at (0,-8) width 7: "x"
            RenderBlock {mtext} at (20,3) size 25x23
              RenderBlock {div} at (0,-1) size 24x25 [bgcolor=#00FF00]
            RenderMathMLOperator {mo} at (46,0) size 10x25 [bgcolor=#C8C8C8]
              RenderMathMLBlock (flex) {mo} at (0,0) size 9x25
                RenderBlock (anonymous) at (0,0) size 9x25
                  RenderText {mo} at (0,-7) size 9x32
                    text run at (0,-7) width 9: "|"
        RenderText {#text} at (289,9) size 5x19
          text run at (289,9) width 5: " "
        RenderMathMLMath {math} at (293,0) size 50x31 [padding: 0 1 0 1]
          RenderMathMLRow {mrow} at (1,0) size 47x31
            RenderMathMLOperator {mo} at (1,0) size 12x30 [bgcolor=#C8C8C8]
              RenderMathMLBlock (flex) {mo} at (0,0) size 11x30
                RenderBlock (anonymous) at (0,0) size 11x30
                  RenderText {mo} at (0,-2) size 11x32
                    text run at (0,-2) width 11: "\x{222B}"
            RenderBlock {mi} at (14,17) size 9x8
              RenderText {#text} at (0,-8) size 7x19
                text run at (0,-8) width 7: "x"
            RenderBlock {mtext} at (22,8) size 25x23
              RenderBlock {div} at (0,-1) size 24x25 [bgcolor=#00FF00]
        RenderText {#text} at (0,0) size 0x0
      RenderBlock {p} at (0,120) size 784x42
        RenderText {#text} at (0,11) size 38x19
          text run at (0,11) width 38: "32px: "
        RenderMathMLMath {math} at (38,0) size 77x36 [padding: 0 1 0 1]
          RenderMathMLRow {mrow} at (1,0) size 75x36
            RenderMathMLOperator {mo} at (1,0) size 15x34 [bgcolor=#C8C8C8]
              RenderMathMLBlock (flex) {mo} at (0,0) size 14x34
                RenderBlock (anonymous) at (0,0) size 14x34
                  RenderText {mo} at (0,-9) size 14x43
                    text run at (0,-9) width 14: "{"
            RenderBlock {mi} at (17,19) size 9x8
              RenderText {#text} at (0,-8) size 7x19
                text run at (0,-8) width 7: "x"
            RenderBlock {mtext} at (25,5) size 33x31
              RenderBlock {div} at (0,-1) size 32x33 [bgcolor=#00FF00]
            RenderMathMLOperator {mo} at (59,0) size 15x34 [bgcolor=#C8C8C8]
              RenderMathMLBlock (flex) {mo} at (0,0) size 14x34
                RenderBlock (anonymous) at (0,0) size 14x34
                  RenderText {mo} at (0,-9) size 14x43
                    text run at (0,-9) width 14: "}"
        RenderText {#text} at (114,11) size 5x19
          text run at (114,11) width 5: " "
        RenderMathMLMath {math} at (118,0) size 76x36 [padding: 0 1 0 1]
          RenderMathMLRow {mrow} at (1,0) size 73x36
            RenderMathMLOperator {mo} at (1,0) size 14x34 [bgcolor=#C8C8C8]
              RenderMathMLBlock (flex) {mo} at (0,0) size 13x34
                RenderBlock (anonymous) at (0,0) size 13x34
                  RenderText {mo} at (0,-9) size 13x43
                    text run at (0,-9) width 13: "["
            RenderBlock {mi} at (16,19) size 9x8
              RenderText {#text} at (0,-8) size 7x19
                text run at (0,-8) width 7: "x"
            RenderBlock {mtext} at (24,5) size 33x31
              RenderBlock {div} at (0,-1) size 32x33 [bgcolor=#00FF00]
            RenderMathMLOperator {mo} at (58,0) size 14x34 [bgcolor=#C8C8C8]
              RenderMathMLBlock (flex) {mo} at (0,0) size 13x34
                RenderBlock (anonymous) at (0,0) size 13x34
                  RenderText {mo} at (0,-9) size 13x43
                    text run at (0,-9) width 13: "]"
        RenderText {#text} at (193,11) size 5x19
          text run at (193,11) width 5: " "
        RenderMathMLMath {math} at (197,0) size 78x36 [padding: 0 1 0 1]
          RenderMathMLRow {mrow} at (1,0) size 75x36
            RenderMathMLOperator {mo} at (1,0) size 15x34 [bgcolor=#C8C8C8]
              RenderMathMLBlock (flex) {mo} at (0,0) size 14x34
                RenderBlock (anonymous) at (0,0) size 14x34
                  RenderText {mo} at (0,-9) size 14x43
                    text run at (0,-9) width 14: "("
            RenderBlock {mi} at (17,19) size 9x8
              RenderText {#text} at (0,-8) size 7x19
                text run at (0,-8) width 7: "x"
            RenderBlock {mtext} at (25,5) size 33x31
              RenderBlock {div} at (0,-1) size 32x33 [bgcolor=#00FF00]
            RenderMathMLOperator {mo} at (59,0) size 15x34 [bgcolor=#C8C8C8]
              RenderMathMLBlock (flex) {mo} at (0,0) size 14x34
                RenderBlock (anonymous) at (0,0) size 14x34
                  RenderText {mo} at (0,-9) size 14x43
                    text run at (0,-9) width 14: ")"
        RenderText {#text} at (274,11) size 5x19
          text run at (274,11) width 5: " "
        RenderMathMLMath {math} at (278,0) size 74x36 [padding: 0 1 0 1]
          RenderMathMLRow {mrow} at (1,0) size 71x36
            RenderMathMLOperator {mo} at (1,0) size 13x34 [bgcolor=#C8C8C8]
              RenderMathMLBlock (flex) {mo} at (0,0) size 12x34
                RenderBlock (anonymous) at (0,0) size 12x34
                  RenderText {mo} at (0,-9) size 12x43
                    text run at (0,-9) width 12: "|"
            RenderBlock {mi} at (15,19) size 9x8
              RenderText {#text} at (0,-8) size 7x19
                text run at (0,-8) width 7: "x"
            RenderBlock {mtext} at (23,5) size 33x31
              RenderBlock {div} at (0,-1) size 32x33 [bgcolor=#00FF00]
            RenderMathMLOperator {mo} at (57,0) size 13x34 [bgcolor=#C8C8C8]
              RenderMathMLBlock (flex) {mo} at (0,0) size 12x34
                RenderBlock (anonymous) at (0,0) size 12x34
                  RenderText {mo} at (0,-9) size 12x43
                    text run at (0,-9) width 12: "|"
        RenderText {#text} at (351,11) size 5x19
          text run at (351,11) width 5: " "
        RenderMathMLMath {math} at (355,5) size 67x37 [padding: 0 1 0 1]
          RenderMathMLRow {mrow} at (1,0) size 64x37
            RenderMathMLOperator {mo} at (1,0) size 21x37 [bgcolor=#C8C8C8]
            RenderBlock {mi} at (23,14) size 9x8
              RenderText {#text} at (0,-8) size 7x19
                text run at (0,-8) width 7: "x"
            RenderBlock {mtext} at (31,0) size 33x31
              RenderBlock {div} at (0,-1) size 32x33 [bgcolor=#00FF00]
        RenderText {#text} at (0,0) size 0x0
      RenderBlock {p} at (0,178) size 784x63
        RenderText {#text} at (0,24) size 38x19
          text run at (0,24) width 38: "48px: "
        RenderMathMLMath {math} at (38,0) size 109x54 [padding: 0 1 0 1]
          RenderMathMLRow {mrow} at (1,0) size 107x54
            RenderMathMLOperator {mo} at (1,0) size 23x51 [bgcolor=#C8C8C8]
              RenderMathMLBlock (flex) {mo} at (0,0) size 22x51
                RenderBlock (anonymous) at (0,0) size 22x51
                  RenderText {mo} at (0,-14) size 22x65
                    text run at (0,-14) width 22: "{"
            RenderBlock {mi} at (25,32) size 9x8
              RenderText {#text} at (0,-8) size 7x19
                text run at (0,-8) width 7: "x"
            RenderBlock {mtext} at (33,7) size 49x47
              RenderBlock {div} at (0,-1) size 48x49 [bgcolor=#00FF00]
            RenderMathMLOperator {mo} at (83,0) size 23x51 [bgcolor=#C8C8C8]
              RenderMathMLBlock (flex) {mo} at (0,0) size 22x51
                RenderBlock (anonymous) at (0,0) size 22x51
                  RenderText {mo} at (0,-14) size 22x65
                    text run at (0,-14) width 22: "}"
        RenderText {#text} at (146,24) size 5x19
          text run at (146,24) width 5: " "
        RenderMathMLMath {math} at (150,7) size 78x56 [padding: 0 1 0 1]
          RenderMathMLRow {mrow} at (1,0) size 75x56
            RenderMathMLOperator {mo} at (1,0) size 7x56 [bgcolor=#C8C8C8]
            RenderBlock {mi} at (9,25) size 9x8
              RenderText {#text} at (0,-8) size 7x19
                text run at (0,-8) width 7: "x"
            RenderBlock {mtext} at (17,0) size 49x47
              RenderBlock {div} at (0,-1) size 48x49 [bgcolor=#00FF00]
            RenderMathMLOperator {mo} at (67,0) size 7x56 [bgcolor=#C8C8C8]
        RenderText {#text} at (227,24) size 5x19
          text run at (227,24) width 5: " "
        RenderMathMLMath {math} at (231,0) size 108x54 [padding: 0 1 0 1]
          RenderMathMLRow {mrow} at (1,0) size 105x54
            RenderMathMLOperator {mo} at (1,0) size 22x51 [bgcolor=#C8C8C8]
              RenderMathMLBlock (flex) {mo} at (0,0) size 21x51
                RenderBlock (anonymous) at (0,0) size 21x51
                  RenderText {mo} at (0,-14) size 21x65
                    text run at (0,-14) width 21: "("
            RenderBlock {mi} at (24,32) size 9x8
              RenderText {#text} at (0,-8) size 7x19
                text run at (0,-8) width 7: "x"
            RenderBlock {mtext} at (32,7) size 49x47
              RenderBlock {div} at (0,-1) size 48x49 [bgcolor=#00FF00]
            RenderMathMLOperator {mo} at (82,0) size 22x51 [bgcolor=#C8C8C8]
              RenderMathMLBlock (flex) {mo} at (0,0) size 21x51
                RenderBlock (anonymous) at (0,0) size 21x51
                  RenderText {mo} at (0,-14) size 21x65
                    text run at (0,-14) width 21: ")"
        RenderText {#text} at (338,24) size 5x19
          text run at (338,24) width 5: " "
        RenderMathMLMath {math} at (342,7) size 88x56 [padding: 0 1 0 1]
          RenderMathMLRow {mrow} at (1,0) size 85x56
            RenderMathMLOperator {mo} at (1,0) size 12x56 [bgcolor=#C8C8C8]
            RenderBlock {mi} at (14,25) size 9x8
              RenderText {#text} at (0,-8) size 7x19
                text run at (0,-8) width 7: "x"
            RenderBlock {mtext} at (22,0) size 49x47
              RenderBlock {div} at (0,-1) size 48x49 [bgcolor=#00FF00]
            RenderMathMLOperator {mo} at (72,0) size 12x56 [bgcolor=#C8C8C8]
        RenderText {#text} at (429,24) size 5x19
          text run at (429,24) width 5: " "
        RenderMathMLMath {math} at (433,7) size 83x56 [padding: 0 1 0 1]
          RenderMathMLRow {mrow} at (1,0) size 80x56
            RenderMathMLOperator {mo} at (1,0) size 21x56 [bgcolor=#C8C8C8]
            RenderBlock {mi} at (23,25) size 9x8
              RenderText {#text} at (0,-8) size 7x19
                text run at (0,-8) width 7: "x"
            RenderBlock {mtext} at (31,0) size 49x47
              RenderBlock {div} at (0,-1) size 48x49 [bgcolor=#00FF00]
        RenderText {#text} at (0,0) size 0x0
      RenderBlock {p} at (0,257) size 784x142
        RenderText {#text} at (0,67) size 46x19
          text run at (0,67) width 46: "120px: "
        RenderMathMLMath {math} at (46,0) size 87x142 [padding: 0 1 0 1]
          RenderMathMLRow {mrow} at (1,0) size 85x142
            RenderMathMLOperator {mo} at (1,0) size 12x142 [bgcolor=#C8C8C8]
            RenderBlock {mi} at (14,75) size 9x8
              RenderText {#text} at (0,-8) size 7x19
                text run at (0,-8) width 7: "x"
            RenderBlock {mtext} at (22,2) size 49x119
              RenderBlock {div} at (0,-1) size 48x121 [bgcolor=#00FF00]
            RenderMathMLOperator {mo} at (72,0) size 12x142 [bgcolor=#C8C8C8]
        RenderText {#text} at (132,67) size 5x19
          text run at (132,67) width 5: " "
        RenderMathMLMath {math} at (136,0) size 78x142 [padding: 0 1 0 1]
          RenderMathMLRow {mrow} at (1,0) size 75x142
            RenderMathMLOperator {mo} at (1,0) size 7x142 [bgcolor=#C8C8C8]
            RenderBlock {mi} at (9,75) size 9x8
              RenderText {#text} at (0,-8) size 7x19
                text run at (0,-8) width 7: "x"
            RenderBlock {mtext} at (17,2) size 49x119
              RenderBlock {div} at (0,-1) size 48x121 [bgcolor=#00FF00]
            RenderMathMLOperator {mo} at (67,0) size 7x142 [bgcolor=#C8C8C8]
        RenderText {#text} at (213,67) size 5x19
          text run at (213,67) width 5: " "
        RenderMathMLMath {math} at (217,0) size 90x142 [padding: 0 1 0 1]
          RenderMathMLRow {mrow} at (1,0) size 87x142
            RenderMathMLOperator {mo} at (1,0) size 13x142 [bgcolor=#C8C8C8]
            RenderBlock {mi} at (15,75) size 9x8
              RenderText {#text} at (0,-8) size 7x19
                text run at (0,-8) width 7: "x"
            RenderBlock {mtext} at (23,2) size 49x119
              RenderBlock {div} at (0,-1) size 48x121 [bgcolor=#00FF00]
            RenderMathMLOperator {mo} at (73,0) size 13x142 [bgcolor=#C8C8C8]
        RenderText {#text} at (306,67) size 5x19
          text run at (306,67) width 5: " "
        RenderMathMLMath {math} at (310,0) size 88x142 [padding: 0 1 0 1]
          RenderMathMLRow {mrow} at (1,0) size 85x142
            RenderMathMLOperator {mo} at (1,0) size 12x142 [bgcolor=#C8C8C8]
            RenderBlock {mi} at (14,75) size 9x8
              RenderText {#text} at (0,-8) size 7x19
                text run at (0,-8) width 7: "x"
            RenderBlock {mtext} at (22,2) size 49x119
              RenderBlock {div} at (0,-1) size 48x121 [bgcolor=#00FF00]
            RenderMathMLOperator {mo} at (72,0) size 12x142 [bgcolor=#C8C8C8]
        RenderText {#text} at (397,67) size 5x19
          text run at (397,67) width 5: " "
        RenderMathMLMath {math} at (401,0) size 83x142 [padding: 0 1 0 1]
          RenderMathMLRow {mrow} at (1,0) size 80x142
            RenderMathMLOperator {mo} at (1,0) size 21x142 [bgcolor=#C8C8C8]
            RenderBlock {mi} at (23,75) size 9x8
              RenderText {#text} at (0,-8) size 7x19
                text run at (0,-8) width 7: "x"
            RenderBlock {mtext} at (31,2) size 49x119
              RenderBlock {div} at (0,-1) size 48x121 [bgcolor=#00FF00]
        RenderText {#text} at (0,0) size 0x0
      RenderBlock {p} at (0,415) size 784x45
        RenderText {#text} at (0,17) size 38x19
          text run at (0,17) width 38: "40px: "
        RenderMathMLMath {math} at (38,0) size 202x45 [padding: 0 1 0 1]
          RenderMathMLRow {mrow} at (1,0) size 200x45
            RenderMathMLOperator {mo} at (1,0) size 19x42 [bgcolor=#C8C8C8]
              RenderMathMLBlock (flex) {mo} at (0,0) size 18x42
                RenderBlock (anonymous) at (0,0) size 18x42
                  RenderText {mo} at (0,-12) size 18x54
                    text run at (0,-12) width 18: "("
            RenderBlock {mi} at (21,25) size 9x8
              RenderText {#text} at (0,-8) size 7x19
                text run at (0,-8) width 7: "x"
            RenderMathMLOperator {mo} at (32,30) size 4x4 [bgcolor=#C8C8C8]
              RenderMathMLBlock (flex) {mo} at (0,0) size 3x4
                RenderBlock (anonymous) at (0,0) size 3x4
                  RenderText {mo} at (0,-13) size 3x19
                    text run at (0,-13) width 3: ","
            RenderBlock {mtext} at (39,6) size 41x39
              RenderBlock {div} at (0,-1) size 40x41 [bgcolor=#00FF00]
            RenderMathMLOperator {mo} at (82,30) size 4x4 [bgcolor=#C8C8C8]
              RenderMathMLBlock (flex) {mo} at (0,0) size 3x4
                RenderBlock (anonymous) at (0,0) size 3x4
                  RenderText {mo} at (0,-13) size 3x19
                    text run at (0,-13) width 3: ","
            RenderBlock {mtext} at (88,6) size 41x39
              RenderBlock {div} at (0,-1) size 40x41 [bgcolor=#00FF00]
            RenderMathMLOperator {mo} at (131,30) size 4x4 [bgcolor=#C8C8C8]
              RenderMathMLBlock (flex) {mo} at (0,0) size 3x4
                RenderBlock (anonymous) at (0,0) size 3x4
                  RenderText {mo} at (0,-13) size 3x19
                    text run at (0,-13) width 3: ","
            RenderBlock {mtext} at (137,6) size 41x39
              RenderBlock {div} at (0,-1) size 40x41 [bgcolor=#00FF00]
            RenderMathMLOperator {mo} at (179,0) size 19x42 [bgcolor=#C8C8C8]
              RenderMathMLBlock (flex) {mo} at (0,0) size 18x42
                RenderBlock (anonymous) at (0,0) size 18x42
                  RenderText {mo} at (0,-12) size 18x54
                    text run at (0,-12) width 18: ")"
        RenderText {#text} at (0,0) size 0x0
layer at (366,141) size 20x15 scrollHeight 19
  RenderMathMLBlock (flex) {mo} at (0,0) size 20x15
    RenderBlock (anonymous) at (0,0) size 20x15
      RenderText {mo} at (0,0) size 20x19
        text run at (0,0) width 20: "\x{2320}"
layer at (366,156) size 20x7 scrollHeight 24
  RenderMathMLBlock (flex) {mo} at (0,15) size 20x7
    RenderBlock (anonymous) at (0,0) size 20x7
layer at (366,163) size 20x15 scrollHeight 19
  RenderMathMLBlock (flex) {mo} at (0,22) size 20x15
    RenderBlock (anonymous) at (0,0) size 20x15
layer at (162,201) size 6x19 scrollHeight 23
  RenderMathMLBlock (flex) {mo} at (0,0) size 6x19
    RenderBlock (anonymous) at (0,0) size 6x19
      RenderText {mo} at (0,4) size 6x19
        text run at (0,4) width 6: "\x{23A1}"
layer at (162,220) size 6x17 scrollHeight 24
  RenderMathMLBlock (flex) {mo} at (0,19) size 6x17
    RenderBlock (anonymous) at (0,0) size 6x17
layer at (162,237) size 6x20 scrollHeight 24
  RenderMathMLBlock (flex) {mo} at (0,36) size 6x20
    RenderBlock (anonymous) at (0,0) size 6x20
layer at (227,201) size 6x19 scrollHeight 23
  RenderMathMLBlock (flex) {mo} at (0,0) size 6x19
    RenderBlock (anonymous) at (0,0) size 6x19
      RenderText {mo} at (0,4) size 6x19
        text run at (0,4) width 6: "\x{23A4}"
layer at (227,220) size 6x17 scrollHeight 24
  RenderMathMLBlock (flex) {mo} at (0,19) size 6x17
    RenderBlock (anonymous) at (0,0) size 6x17
layer at (227,237) size 6x20 scrollHeight 24
  RenderMathMLBlock (flex) {mo} at (0,36) size 6x20
    RenderBlock (anonymous) at (0,0) size 6x20
layer at (354,201) size 11x20 scrollHeight 24
  RenderMathMLBlock (flex) {mo} at (0,0) size 11x20
    RenderBlock (anonymous) at (0,0) size 11x20
      RenderText {mo} at (0,5) size 11x19
        text run at (0,5) width 11: "\x{23AA}"
layer at (354,221) size 11x16 scrollHeight 24
  RenderMathMLBlock (flex) {mo} at (0,20) size 11x16
    RenderBlock (anonymous) at (0,0) size 11x16
layer at (354,237) size 11x20 scrollHeight 24
  RenderMathMLBlock (flex) {mo} at (0,36) size 11x20
    RenderBlock (anonymous) at (0,0) size 11x20
layer at (424,201) size 11x20 scrollHeight 24
  RenderMathMLBlock (flex) {mo} at (0,0) size 11x20
    RenderBlock (anonymous) at (0,0) size 11x20
      RenderText {mo} at (0,5) size 11x19
        text run at (0,5) width 11: "\x{23AA}"
layer at (424,221) size 11x16 scrollHeight 24
  RenderMathMLBlock (flex) {mo} at (0,20) size 11x16
    RenderBlock (anonymous) at (0,0) size 11x16
layer at (424,237) size 11x20 scrollHeight 24
  RenderMathMLBlock (flex) {mo} at (0,36) size 11x20
    RenderBlock (anonymous) at (0,0) size 11x20
layer at (444,201) size 20x15 scrollHeight 19
  RenderMathMLBlock (flex) {mo} at (0,0) size 20x15
    RenderBlock (anonymous) at (0,0) size 20x15
      RenderText {mo} at (0,0) size 20x19
        text run at (0,0) width 20: "\x{2320}"
layer at (444,216) size 20x19 scrollHeight 24
  RenderMathMLBlock (flex) {mo} at (0,15) size 20x19
    RenderBlock (anonymous) at (0,0) size 20x19
layer at (444,235) size 20x7 scrollHeight 24
  RenderMathMLBlock (flex) {mo} at (0,34) size 20x7
    RenderBlock (anonymous) at (0,0) size 20x7
layer at (444,242) size 20x15 scrollHeight 19
  RenderMathMLBlock (flex) {mo} at (0,41) size 20x15
    RenderBlock (anonymous) at (0,0) size 20x15
layer at (57,273) size 11x20 scrollHeight 24
  RenderMathMLBlock (flex) {mo} at (0,0) size 11x20
    RenderBlock (anonymous) at (0,0) size 11x20
      RenderText {mo} at (0,5) size 11x19
        text run at (0,5) width 11: "\x{23A7}"
layer at (57,293) size 11x19 scrollHeight 24
  RenderMathMLBlock (flex) {mo} at (0,20) size 11x19
    RenderBlock (anonymous) at (0,0) size 11x19
layer at (57,312) size 11x14 scrollHeight 24
  RenderMathMLBlock (flex) {mo} at (0,39) size 11x14
    RenderBlock (anonymous) at (0,0) size 11x14
layer at (57,326) size 11x36 scrollHeight 41
  RenderMathMLBlock (flex) {mo} at (0,53) size 11x36
    RenderBlock (anonymous) at (0,0) size 11x36
layer at (57,362) size 11x19 scrollHeight 24
  RenderMathMLBlock (flex) {mo} at (0,89) size 11x19
    RenderBlock (anonymous) at (0,0) size 11x19
layer at (57,381) size 11x14 scrollHeight 24
  RenderMathMLBlock (flex) {mo} at (0,108) size 11x14
    RenderBlock (anonymous) at (0,0) size 11x14
layer at (57,395) size 11x20 scrollHeight 24
  RenderMathMLBlock (flex) {mo} at (0,122) size 11x20
    RenderBlock (anonymous) at (0,0) size 11x20
layer at (127,273) size 11x20 scrollHeight 24
  RenderMathMLBlock (flex) {mo} at (0,0) size 11x20
    RenderBlock (anonymous) at (0,0) size 11x20
      RenderText {mo} at (0,5) size 11x19
        text run at (0,5) width 11: "\x{23AB}"
layer at (127,293) size 11x19 scrollHeight 24
  RenderMathMLBlock (flex) {mo} at (0,20) size 11x19
    RenderBlock (anonymous) at (0,0) size 11x19
layer at (127,312) size 11x14 scrollHeight 24
  RenderMathMLBlock (flex) {mo} at (0,39) size 11x14
    RenderBlock (anonymous) at (0,0) size 11x14
layer at (127,326) size 11x36 scrollHeight 41
  RenderMathMLBlock (flex) {mo} at (0,53) size 11x36
    RenderBlock (anonymous) at (0,0) size 11x36
layer at (127,362) size 11x19 scrollHeight 24
  RenderMathMLBlock (flex) {mo} at (0,89) size 11x19
    RenderBlock (anonymous) at (0,0) size 11x19
layer at (127,381) size 11x14 scrollHeight 24
  RenderMathMLBlock (flex) {mo} at (0,108) size 11x14
    RenderBlock (anonymous) at (0,0) size 11x14
layer at (127,395) size 11x20 scrollHeight 24
  RenderMathMLBlock (flex) {mo} at (0,122) size 11x20
    RenderBlock (anonymous) at (0,0) size 11x20
layer at (148,273) size 6x19 scrollHeight 23
  RenderMathMLBlock (flex) {mo} at (0,0) size 6x19
    RenderBlock (anonymous) at (0,0) size 6x19
      RenderText {mo} at (0,4) size 6x19
        text run at (0,4) width 6: "\x{23A1}"
layer at (148,292) size 6x19 scrollHeight 24
  RenderMathMLBlock (flex) {mo} at (0,19) size 6x19
    RenderBlock (anonymous) at (0,0) size 6x19
layer at (148,311) size 6x19 scrollHeight 24
  RenderMathMLBlock (flex) {mo} at (0,38) size 6x19
    RenderBlock (anonymous) at (0,0) size 6x19
layer at (148,330) size 6x19 scrollHeight 24
  RenderMathMLBlock (flex) {mo} at (0,57) size 6x19
    RenderBlock (anonymous) at (0,0) size 6x19
layer at (148,349) size 6x19 scrollHeight 24
  RenderMathMLBlock (flex) {mo} at (0,76) size 6x19
    RenderBlock (anonymous) at (0,0) size 6x19
layer at (148,368) size 6x19 scrollHeight 24
  RenderMathMLBlock (flex) {mo} at (0,95) size 6x19
    RenderBlock (anonymous) at (0,0) size 6x19
layer at (148,387) size 6x8 scrollHeight 24
  RenderMathMLBlock (flex) {mo} at (0,114) size 6x8
    RenderBlock (anonymous) at (0,0) size 6x8
layer at (148,395) size 6x20 scrollHeight 24
  RenderMathMLBlock (flex) {mo} at (0,122) size 6x20
    RenderBlock (anonymous) at (0,0) size 6x20
layer at (213,273) size 6x19 scrollHeight 23
  RenderMathMLBlock (flex) {mo} at (0,0) size 6x19
    RenderBlock (anonymous) at (0,0) size 6x19
      RenderText {mo} at (0,4) size 6x19
        text run at (0,4) width 6: "\x{23A4}"
layer at (213,292) size 6x19 scrollHeight 24
  RenderMathMLBlock (flex) {mo} at (0,19) size 6x19
    RenderBlock (anonymous) at (0,0) size 6x19
layer at (213,311) size 6x19 scrollHeight 24
  RenderMathMLBlock (flex) {mo} at (0,38) size 6x19
    RenderBlock (anonymous) at (0,0) size 6x19
layer at (213,330) size 6x19 scrollHeight 24
  RenderMathMLBlock (flex) {mo} at (0,57) size 6x19
    RenderBlock (anonymous) at (0,0) size 6x19
layer at (213,349) size 6x19 scrollHeight 24
  RenderMathMLBlock (flex) {mo} at (0,76) size 6x19
    RenderBlock (anonymous) at (0,0) size 6x19
layer at (213,368) size 6x19 scrollHeight 24
  RenderMathMLBlock (flex) {mo} at (0,95) size 6x19
    RenderBlock (anonymous) at (0,0) size 6x19
layer at (213,387) size 6x8 scrollHeight 24
  RenderMathMLBlock (flex) {mo} at (0,114) size 6x8
    RenderBlock (anonymous) at (0,0) size 6x8
layer at (213,395) size 6x20 scrollHeight 24
  RenderMathMLBlock (flex) {mo} at (0,122) size 6x20
    RenderBlock (anonymous) at (0,0) size 6x20
layer at (229,273) size 12x37 scrollHeight 41
  RenderMathMLBlock (flex) {mo} at (0,0) size 12x37
    RenderBlock (anonymous) at (0,0) size 12x37
      RenderText {mo} at (0,22) size 12x19
        text run at (0,22) width 12: "\x{239B}"
layer at (229,310) size 12x19 scrollHeight 24
  RenderMathMLBlock (flex) {mo} at (0,37) size 12x19
    RenderBlock (anonymous) at (0,0) size 12x19
layer at (229,329) size 12x19 scrollHeight 24
  RenderMathMLBlock (flex) {mo} at (0,56) size 12x19
    RenderBlock (anonymous) at (0,0) size 12x19
layer at (229,348) size 12x19 scrollHeight 24
  RenderMathMLBlock (flex) {mo} at (0,75) size 12x19
    RenderBlock (anonymous) at (0,0) size 12x19
layer at (229,367) size 12x11 scrollHeight 24
  RenderMathMLBlock (flex) {mo} at (0,94) size 12x11
    RenderBlock (anonymous) at (0,0) size 12x11
layer at (229,378) size 12x37 scrollHeight 41
  RenderMathMLBlock (flex) {mo} at (0,105) size 12x37
    RenderBlock (anonymous) at (0,0) size 12x37
layer at (300,273) size 12x37 scrollHeight 41
  RenderMathMLBlock (flex) {mo} at (0,0) size 12x37
    RenderBlock (anonymous) at (0,0) size 12x37
      RenderText {mo} at (0,22) size 12x19
        text run at (0,22) width 12: "\x{239E}"
layer at (300,310) size 12x19 scrollHeight 24
  RenderMathMLBlock (flex) {mo} at (0,37) size 12x19
    RenderBlock (anonymous) at (0,0) size 12x19
layer at (300,329) size 12x19 scrollHeight 24
  RenderMathMLBlock (flex) {mo} at (0,56) size 12x19
    RenderBlock (anonymous) at (0,0) size 12x19
layer at (300,348) size 12x19 scrollHeight 24
  RenderMathMLBlock (flex) {mo} at (0,75) size 12x19
    RenderBlock (anonymous) at (0,0) size 12x19
layer at (300,367) size 12x11 scrollHeight 24
  RenderMathMLBlock (flex) {mo} at (0,94) size 12x11
    RenderBlock (anonymous) at (0,0) size 12x11
layer at (300,378) size 12x37 scrollHeight 41
  RenderMathMLBlock (flex) {mo} at (0,105) size 12x37
    RenderBlock (anonymous) at (0,0) size 12x37
layer at (322,273) size 11x20 scrollHeight 24
  RenderMathMLBlock (flex) {mo} at (0,0) size 11x20
    RenderBlock (anonymous) at (0,0) size 11x20
      RenderText {mo} at (0,5) size 11x19
        text run at (0,5) width 11: "\x{23AA}"
layer at (322,293) size 11x19 scrollHeight 24
  RenderMathMLBlock (flex) {mo} at (0,20) size 11x19
    RenderBlock (anonymous) at (0,0) size 11x19
layer at (322,312) size 11x19 scrollHeight 24
  RenderMathMLBlock (flex) {mo} at (0,39) size 11x19
    RenderBlock (anonymous) at (0,0) size 11x19
layer at (322,331) size 11x19 scrollHeight 24
  RenderMathMLBlock (flex) {mo} at (0,58) size 11x19
    RenderBlock (anonymous) at (0,0) size 11x19
layer at (322,350) size 11x19 scrollHeight 24
  RenderMathMLBlock (flex) {mo} at (0,77) size 11x19
    RenderBlock (anonymous) at (0,0) size 11x19
layer at (322,369) size 11x19 scrollHeight 24
  RenderMathMLBlock (flex) {mo} at (0,96) size 11x19
    RenderBlock (anonymous) at (0,0) size 11x19
layer at (322,388) size 11x7 scrollHeight 24
  RenderMathMLBlock (flex) {mo} at (0,115) size 11x7
    RenderBlock (anonymous) at (0,0) size 11x7
layer at (322,395) size 11x20 scrollHeight 24
  RenderMathMLBlock (flex) {mo} at (0,122) size 11x20
    RenderBlock (anonymous) at (0,0) size 11x20
layer at (392,273) size 11x20 scrollHeight 24
  RenderMathMLBlock (flex) {mo} at (0,0) size 11x20
    RenderBlock (anonymous) at (0,0) size 11x20
      RenderText {mo} at (0,5) size 11x19
        text run at (0,5) width 11: "\x{23AA}"
layer at (392,293) size 11x19 scrollHeight 24
  RenderMathMLBlock (flex) {mo} at (0,20) size 11x19
    RenderBlock (anonymous) at (0,0) size 11x19
layer at (392,312) size 11x19 scrollHeight 24
  RenderMathMLBlock (flex) {mo} at (0,39) size 11x19
    RenderBlock (anonymous) at (0,0) size 11x19
layer at (392,331) size 11x19 scrollHeight 24
  RenderMathMLBlock (flex) {mo} at (0,58) size 11x19
    RenderBlock (anonymous) at (0,0) size 11x19
layer at (392,350) size 11x19 scrollHeight 24
  RenderMathMLBlock (flex) {mo} at (0,77) size 11x19
    RenderBlock (anonymous) at (0,0) size 11x19
layer at (392,369) size 11x19 scrollHeight 24
  RenderMathMLBlock (flex) {mo} at (0,96) size 11x19
    RenderBlock (anonymous) at (0,0) size 11x19
layer at (392,388) size 11x7 scrollHeight 24
  RenderMathMLBlock (flex) {mo} at (0,115) size 11x7
    RenderBlock (anonymous) at (0,0) size 11x7
layer at (392,395) size 11x20 scrollHeight 24
  RenderMathMLBlock (flex) {mo} at (0,122) size 11x20
    RenderBlock (anonymous) at (0,0) size 11x20
layer at (412,273) size 20x15 scrollHeight 19
  RenderMathMLBlock (flex) {mo} at (0,0) size 20x15
    RenderBlock (anonymous) at (0,0) size 20x15
      RenderText {mo} at (0,0) size 20x19
        text run at (0,0) width 20: "\x{2320}"
layer at (412,288) size 20x19 scrollHeight 24
  RenderMathMLBlock (flex) {mo} at (0,15) size 20x19
    RenderBlock (anonymous) at (0,0) size 20x19
layer at (412,307) size 20x19 scrollHeight 24
  RenderMathMLBlock (flex) {mo} at (0,34) size 20x19
    RenderBlock (anonymous) at (0,0) size 20x19
layer at (412,326) size 20x19 scrollHeight 24
  RenderMathMLBlock (flex) {mo} at (0,53) size 20x19
    RenderBlock (anonymous) at (0,0) size 20x19
layer at (412,345) size 20x19 scrollHeight 24
  RenderMathMLBlock (flex) {mo} at (0,72) size 20x19
    RenderBlock (anonymous) at (0,0) size 20x19
layer at (412,364) size 20x19 scrollHeight 24
  RenderMathMLBlock (flex) {mo} at (0,91) size 20x19
    RenderBlock (anonymous) at (0,0) size 20x19
layer at (412,383) size 20x17 scrollHeight 24
  RenderMathMLBlock (flex) {mo} at (0,110) size 20x17
    RenderBlock (anonymous) at (0,0) size 20x17
layer at (412,400) size 20x15 scrollHeight 19
  RenderMathMLBlock (flex) {mo} at (0,127) size 20x15
    RenderBlock (anonymous) at (0,0) size 20x15
layer at (366,155) size 20x21 backgroundClip at (366,156) size 20x7 clip at (366,156) size 20x7 outlineClip at (366,156) size 20x7
  RenderBlock (relative positioned) {mo} at (0,0) size 20x21
    RenderText {mo} at (0,5) size 20x19
      text run at (0,5) width 20: "\x{23AE}"
layer at (366,162) size 20x16 backgroundClip at (366,163) size 20x15 clip at (366,163) size 20x15 outlineClip at (366,163) size 20x15
  RenderBlock (relative positioned) {mo} at (0,0) size 20x16
    RenderText {mo} at (0,0) size 20x19
      text run at (0,0) width 20: "\x{2321}"
layer at (162,219) size 6x21 backgroundClip at (162,220) size 6x17 clip at (162,220) size 6x17 outlineClip at (162,220) size 6x17
  RenderBlock (relative positioned) {mo} at (0,0) size 6x21
    RenderText {mo} at (0,5) size 6x19
      text run at (0,5) width 6: "\x{23A2}"
layer at (162,236) size 6x21 backgroundClip at (162,237) size 6x20 clip at (162,237) size 6x20 outlineClip at (162,237) size 6x20
  RenderBlock (relative positioned) {mo} at (0,0) size 6x21
    RenderText {mo} at (0,5) size 6x19
      text run at (0,5) width 6: "\x{23A3}"
layer at (227,219) size 6x21 backgroundClip at (227,220) size 6x17 clip at (227,220) size 6x17 outlineClip at (227,220) size 6x17
  RenderBlock (relative positioned) {mo} at (0,0) size 6x21
    RenderText {mo} at (0,5) size 6x19
      text run at (0,5) width 6: "\x{23A5}"
layer at (227,236) size 6x21 backgroundClip at (227,237) size 6x20 clip at (227,237) size 6x20 outlineClip at (227,237) size 6x20
  RenderBlock (relative positioned) {mo} at (0,0) size 6x21
    RenderText {mo} at (0,5) size 6x19
      text run at (0,5) width 6: "\x{23A6}"
layer at (354,220) size 11x21 backgroundClip at (354,221) size 11x16 clip at (354,221) size 11x16 outlineClip at (354,221) size 11x16
  RenderBlock (relative positioned) {mo} at (0,0) size 11x21
    RenderText {mo} at (0,5) size 11x19
      text run at (0,5) width 11: "\x{23AA}"
layer at (354,236) size 11x21 backgroundClip at (354,237) size 11x20 clip at (354,237) size 11x20 outlineClip at (354,237) size 11x20
  RenderBlock (relative positioned) {mo} at (0,0) size 11x21
    RenderText {mo} at (0,5) size 11x19
      text run at (0,5) width 11: "\x{23AA}"
layer at (424,220) size 11x21 backgroundClip at (424,221) size 11x16 clip at (424,221) size 11x16 outlineClip at (424,221) size 11x16
  RenderBlock (relative positioned) {mo} at (0,0) size 11x21
    RenderText {mo} at (0,5) size 11x19
      text run at (0,5) width 11: "\x{23AA}"
layer at (424,236) size 11x21 backgroundClip at (424,237) size 11x20 clip at (424,237) size 11x20 outlineClip at (424,237) size 11x20
  RenderBlock (relative positioned) {mo} at (0,0) size 11x21
    RenderText {mo} at (0,5) size 11x19
      text run at (0,5) width 11: "\x{23AA}"
layer at (444,215) size 20x21 backgroundClip at (444,216) size 20x19 clip at (444,216) size 20x19 outlineClip at (444,216) size 20x19
  RenderBlock (relative positioned) {mo} at (0,0) size 20x21
    RenderText {mo} at (0,5) size 20x19
      text run at (0,5) width 20: "\x{23AE}"
layer at (444,234) size 20x21 backgroundClip at (444,235) size 20x7 clip at (444,235) size 20x7 outlineClip at (444,235) size 20x7
  RenderBlock (relative positioned) {mo} at (0,0) size 20x21
    RenderText {mo} at (0,5) size 20x19
      text run at (0,5) width 20: "\x{23AE}"
layer at (444,241) size 20x16 backgroundClip at (444,242) size 20x15 clip at (444,242) size 20x15 outlineClip at (444,242) size 20x15
  RenderBlock (relative positioned) {mo} at (0,0) size 20x16
    RenderText {mo} at (0,0) size 20x19
      text run at (0,0) width 20: "\x{2321}"
layer at (57,292) size 11x21 backgroundClip at (57,293) size 11x19 clip at (57,293) size 11x19 outlineClip at (57,293) size 11x19
  RenderBlock (relative positioned) {mo} at (0,0) size 11x21
    RenderText {mo} at (0,5) size 11x19
      text run at (0,5) width 11: "\x{23AA}"
layer at (57,311) size 11x21 backgroundClip at (57,312) size 11x14 clip at (57,312) size 11x14 outlineClip at (57,312) size 11x14
  RenderBlock (relative positioned) {mo} at (0,0) size 11x21
    RenderText {mo} at (0,5) size 11x19
      text run at (0,5) width 11: "\x{23AA}"
layer at (57,325) size 11x38 backgroundClip at (57,326) size 11x36 clip at (57,326) size 11x36 outlineClip at (57,326) size 11x36
  RenderBlock (relative positioned) {mo} at (0,0) size 11x38
    RenderText {mo} at (0,22) size 11x19
      text run at (0,22) width 11: "\x{23A8}"
layer at (57,361) size 11x21 backgroundClip at (57,362) size 11x19 clip at (57,362) size 11x19 outlineClip at (57,362) size 11x19
  RenderBlock (relative positioned) {mo} at (0,0) size 11x21
    RenderText {mo} at (0,5) size 11x19
      text run at (0,5) width 11: "\x{23AA}"
layer at (57,380) size 11x21 backgroundClip at (57,381) size 11x14 clip at (57,381) size 11x14 outlineClip at (57,381) size 11x14
  RenderBlock (relative positioned) {mo} at (0,0) size 11x21
    RenderText {mo} at (0,5) size 11x19
      text run at (0,5) width 11: "\x{23AA}"
layer at (57,394) size 11x21 backgroundClip at (57,395) size 11x20 clip at (57,395) size 11x20 outlineClip at (57,395) size 11x20
  RenderBlock (relative positioned) {mo} at (0,0) size 11x21
    RenderText {mo} at (0,5) size 11x19
      text run at (0,5) width 11: "\x{23A9}"
layer at (127,292) size 11x21 backgroundClip at (127,293) size 11x19 clip at (127,293) size 11x19 outlineClip at (127,293) size 11x19
  RenderBlock (relative positioned) {mo} at (0,0) size 11x21
    RenderText {mo} at (0,5) size 11x19
      text run at (0,5) width 11: "\x{23AA}"
layer at (127,311) size 11x21 backgroundClip at (127,312) size 11x14 clip at (127,312) size 11x14 outlineClip at (127,312) size 11x14
  RenderBlock (relative positioned) {mo} at (0,0) size 11x21
    RenderText {mo} at (0,5) size 11x19
      text run at (0,5) width 11: "\x{23AA}"
layer at (127,325) size 11x38 backgroundClip at (127,326) size 11x36 clip at (127,326) size 11x36 outlineClip at (127,326) size 11x36
  RenderBlock (relative positioned) {mo} at (0,0) size 11x38
    RenderText {mo} at (0,22) size 11x19
      text run at (0,22) width 11: "\x{23AC}"
layer at (127,361) size 11x21 backgroundClip at (127,362) size 11x19 clip at (127,362) size 11x19 outlineClip at (127,362) size 11x19
  RenderBlock (relative positioned) {mo} at (0,0) size 11x21
    RenderText {mo} at (0,5) size 11x19
      text run at (0,5) width 11: "\x{23AA}"
layer at (127,380) size 11x21 backgroundClip at (127,381) size 11x14 clip at (127,381) size 11x14 outlineClip at (127,381) size 11x14
  RenderBlock (relative positioned) {mo} at (0,0) size 11x21
    RenderText {mo} at (0,5) size 11x19
      text run at (0,5) width 11: "\x{23AA}"
layer at (127,394) size 11x21 backgroundClip at (127,395) size 11x20 clip at (127,395) size 11x20 outlineClip at (127,395) size 11x20
  RenderBlock (relative positioned) {mo} at (0,0) size 11x21
    RenderText {mo} at (0,5) size 11x19
      text run at (0,5) width 11: "\x{23AD}"
layer at (148,291) size 6x21 backgroundClip at (148,292) size 6x19 clip at (148,292) size 6x19 outlineClip at (148,292) size 6x19
  RenderBlock (relative positioned) {mo} at (0,0) size 6x21
    RenderText {mo} at (0,5) size 6x19
      text run at (0,5) width 6: "\x{23A2}"
layer at (148,310) size 6x21 backgroundClip at (148,311) size 6x19 clip at (148,311) size 6x19 outlineClip at (148,311) size 6x19
  RenderBlock (relative positioned) {mo} at (0,0) size 6x21
    RenderText {mo} at (0,5) size 6x19
      text run at (0,5) width 6: "\x{23A2}"
layer at (148,329) size 6x21 backgroundClip at (148,330) size 6x19 clip at (148,330) size 6x19 outlineClip at (148,330) size 6x19
  RenderBlock (relative positioned) {mo} at (0,0) size 6x21
    RenderText {mo} at (0,5) size 6x19
      text run at (0,5) width 6: "\x{23A2}"
layer at (148,348) size 6x21 backgroundClip at (148,349) size 6x19 clip at (148,349) size 6x19 outlineClip at (148,349) size 6x19
  RenderBlock (relative positioned) {mo} at (0,0) size 6x21
    RenderText {mo} at (0,5) size 6x19
      text run at (0,5) width 6: "\x{23A2}"
layer at (148,367) size 6x21 backgroundClip at (148,368) size 6x19 clip at (148,368) size 6x19 outlineClip at (148,368) size 6x19
  RenderBlock (relative positioned) {mo} at (0,0) size 6x21
    RenderText {mo} at (0,5) size 6x19
      text run at (0,5) width 6: "\x{23A2}"
layer at (148,386) size 6x21 backgroundClip at (148,387) size 6x8 clip at (148,387) size 6x8 outlineClip at (148,387) size 6x8
  RenderBlock (relative positioned) {mo} at (0,0) size 6x21
    RenderText {mo} at (0,5) size 6x19
      text run at (0,5) width 6: "\x{23A2}"
layer at (148,394) size 6x21 backgroundClip at (148,395) size 6x20 clip at (148,395) size 6x20 outlineClip at (148,395) size 6x20
  RenderBlock (relative positioned) {mo} at (0,0) size 6x21
    RenderText {mo} at (0,5) size 6x19
      text run at (0,5) width 6: "\x{23A3}"
layer at (213,291) size 6x21 backgroundClip at (213,292) size 6x19 clip at (213,292) size 6x19 outlineClip at (213,292) size 6x19
  RenderBlock (relative positioned) {mo} at (0,0) size 6x21
    RenderText {mo} at (0,5) size 6x19
      text run at (0,5) width 6: "\x{23A5}"
layer at (213,310) size 6x21 backgroundClip at (213,311) size 6x19 clip at (213,311) size 6x19 outlineClip at (213,311) size 6x19
  RenderBlock (relative positioned) {mo} at (0,0) size 6x21
    RenderText {mo} at (0,5) size 6x19
      text run at (0,5) width 6: "\x{23A5}"
layer at (213,329) size 6x21 backgroundClip at (213,330) size 6x19 clip at (213,330) size 6x19 outlineClip at (213,330) size 6x19
  RenderBlock (relative positioned) {mo} at (0,0) size 6x21
    RenderText {mo} at (0,5) size 6x19
      text run at (0,5) width 6: "\x{23A5}"
layer at (213,348) size 6x21 backgroundClip at (213,349) size 6x19 clip at (213,349) size 6x19 outlineClip at (213,349) size 6x19
  RenderBlock (relative positioned) {mo} at (0,0) size 6x21
    RenderText {mo} at (0,5) size 6x19
      text run at (0,5) width 6: "\x{23A5}"
layer at (213,367) size 6x21 backgroundClip at (213,368) size 6x19 clip at (213,368) size 6x19 outlineClip at (213,368) size 6x19
  RenderBlock (relative positioned) {mo} at (0,0) size 6x21
    RenderText {mo} at (0,5) size 6x19
      text run at (0,5) width 6: "\x{23A5}"
layer at (213,386) size 6x21 backgroundClip at (213,387) size 6x8 clip at (213,387) size 6x8 outlineClip at (213,387) size 6x8
  RenderBlock (relative positioned) {mo} at (0,0) size 6x21
    RenderText {mo} at (0,5) size 6x19
      text run at (0,5) width 6: "\x{23A5}"
layer at (213,394) size 6x21 backgroundClip at (213,395) size 6x20 clip at (213,395) size 6x20 outlineClip at (213,395) size 6x20
  RenderBlock (relative positioned) {mo} at (0,0) size 6x21
    RenderText {mo} at (0,5) size 6x19
      text run at (0,5) width 6: "\x{23A6}"
layer at (229,309) size 12x21 backgroundClip at (229,310) size 12x19 clip at (229,310) size 12x19 outlineClip at (229,310) size 12x19
  RenderBlock (relative positioned) {mo} at (0,0) size 12x21
    RenderText {mo} at (0,5) size 12x19
      text run at (0,5) width 12: "\x{239C}"
layer at (229,328) size 12x21 backgroundClip at (229,329) size 12x19 clip at (229,329) size 12x19 outlineClip at (229,329) size 12x19
  RenderBlock (relative positioned) {mo} at (0,0) size 12x21
    RenderText {mo} at (0,5) size 12x19
      text run at (0,5) width 12: "\x{239C}"
layer at (229,347) size 12x21 backgroundClip at (229,348) size 12x19 clip at (229,348) size 12x19 outlineClip at (229,348) size 12x19
  RenderBlock (relative positioned) {mo} at (0,0) size 12x21
    RenderText {mo} at (0,5) size 12x19
      text run at (0,5) width 12: "\x{239C}"
layer at (229,366) size 12x21 backgroundClip at (229,367) size 12x11 clip at (229,367) size 12x11 outlineClip at (229,367) size 12x11
  RenderBlock (relative positioned) {mo} at (0,0) size 12x21
    RenderText {mo} at (0,5) size 12x19
      text run at (0,5) width 12: "\x{239C}"
layer at (229,377) size 12x38 backgroundClip at (229,378) size 12x37 clip at (229,378) size 12x37 outlineClip at (229,378) size 12x37
  RenderBlock (relative positioned) {mo} at (0,0) size 12x38
    RenderText {mo} at (0,22) size 12x19
      text run at (0,22) width 12: "\x{239D}"
layer at (300,309) size 12x21 backgroundClip at (300,310) size 12x19 clip at (300,310) size 12x19 outlineClip at (300,310) size 12x19
  RenderBlock (relative positioned) {mo} at (0,0) size 12x21
    RenderText {mo} at (0,5) size 12x19
      text run at (0,5) width 12: "\x{239F}"
layer at (300,328) size 12x21 backgroundClip at (300,329) size 12x19 clip at (300,329) size 12x19 outlineClip at (300,329) size 12x19
  RenderBlock (relative positioned) {mo} at (0,0) size 12x21
    RenderText {mo} at (0,5) size 12x19
      text run at (0,5) width 12: "\x{239F}"
layer at (300,347) size 12x21 backgroundClip at (300,348) size 12x19 clip at (300,348) size 12x19 outlineClip at (300,348) size 12x19
  RenderBlock (relative positioned) {mo} at (0,0) size 12x21
    RenderText {mo} at (0,5) size 12x19
      text run at (0,5) width 12: "\x{239F}"
layer at (300,366) size 12x21 backgroundClip at (300,367) size 12x11 clip at (300,367) size 12x11 outlineClip at (300,367) size 12x11
  RenderBlock (relative positioned) {mo} at (0,0) size 12x21
    RenderText {mo} at (0,5) size 12x19
      text run at (0,5) width 12: "\x{239F}"
layer at (300,377) size 12x38 backgroundClip at (300,378) size 12x37 clip at (300,378) size 12x37 outlineClip at (300,378) size 12x37
  RenderBlock (relative positioned) {mo} at (0,0) size 12x38
    RenderText {mo} at (0,22) size 12x19
      text run at (0,22) width 12: "\x{23A0}"
layer at (322,292) size 11x21 backgroundClip at (322,293) size 11x19 clip at (322,293) size 11x19 outlineClip at (322,293) size 11x19
  RenderBlock (relative positioned) {mo} at (0,0) size 11x21
    RenderText {mo} at (0,5) size 11x19
      text run at (0,5) width 11: "\x{23AA}"
layer at (322,311) size 11x21 backgroundClip at (322,312) size 11x19 clip at (322,312) size 11x19 outlineClip at (322,312) size 11x19
  RenderBlock (relative positioned) {mo} at (0,0) size 11x21
    RenderText {mo} at (0,5) size 11x19
      text run at (0,5) width 11: "\x{23AA}"
layer at (322,330) size 11x21 backgroundClip at (322,331) size 11x19 clip at (322,331) size 11x19 outlineClip at (322,331) size 11x19
  RenderBlock (relative positioned) {mo} at (0,0) size 11x21
    RenderText {mo} at (0,5) size 11x19
      text run at (0,5) width 11: "\x{23AA}"
layer at (322,349) size 11x21 backgroundClip at (322,350) size 11x19 clip at (322,350) size 11x19 outlineClip at (322,350) size 11x19
  RenderBlock (relative positioned) {mo} at (0,0) size 11x21
    RenderText {mo} at (0,5) size 11x19
      text run at (0,5) width 11: "\x{23AA}"
layer at (322,368) size 11x21 backgroundClip at (322,369) size 11x19 clip at (322,369) size 11x19 outlineClip at (322,369) size 11x19
  RenderBlock (relative positioned) {mo} at (0,0) size 11x21
    RenderText {mo} at (0,5) size 11x19
      text run at (0,5) width 11: "\x{23AA}"
layer at (322,387) size 11x21 backgroundClip at (322,388) size 11x7 clip at (322,388) size 11x7 outlineClip at (322,388) size 11x7
  RenderBlock (relative positioned) {mo} at (0,0) size 11x21
    RenderText {mo} at (0,5) size 11x19
      text run at (0,5) width 11: "\x{23AA}"
layer at (322,394) size 11x21 backgroundClip at (322,395) size 11x20 clip at (322,395) size 11x20 outlineClip at (322,395) size 11x20
  RenderBlock (relative positioned) {mo} at (0,0) size 11x21
    RenderText {mo} at (0,5) size 11x19
      text run at (0,5) width 11: "\x{23AA}"
layer at (392,292) size 11x21 backgroundClip at (392,293) size 11x19 clip at (392,293) size 11x19 outlineClip at (392,293) size 11x19
  RenderBlock (relative positioned) {mo} at (0,0) size 11x21
    RenderText {mo} at (0,5) size 11x19
      text run at (0,5) width 11: "\x{23AA}"
layer at (392,311) size 11x21 backgroundClip at (392,312) size 11x19 clip at (392,312) size 11x19 outlineClip at (392,312) size 11x19
  RenderBlock (relative positioned) {mo} at (0,0) size 11x21
    RenderText {mo} at (0,5) size 11x19
      text run at (0,5) width 11: "\x{23AA}"
layer at (392,330) size 11x21 backgroundClip at (392,331) size 11x19 clip at (392,331) size 11x19 outlineClip at (392,331) size 11x19
  RenderBlock (relative positioned) {mo} at (0,0) size 11x21
    RenderText {mo} at (0,5) size 11x19
      text run at (0,5) width 11: "\x{23AA}"
layer at (392,349) size 11x21 backgroundClip at (392,350) size 11x19 clip at (392,350) size 11x19 outlineClip at (392,350) size 11x19
  RenderBlock (relative positioned) {mo} at (0,0) size 11x21
    RenderText {mo} at (0,5) size 11x19
      text run at (0,5) width 11: "\x{23AA}"
layer at (392,368) size 11x21 backgroundClip at (392,369) size 11x19 clip at (392,369) size 11x19 outlineClip at (392,369) size 11x19
  RenderBlock (relative positioned) {mo} at (0,0) size 11x21
    RenderText {mo} at (0,5) size 11x19
      text run at (0,5) width 11: "\x{23AA}"
layer at (392,387) size 11x21 backgroundClip at (392,388) size 11x7 clip at (392,388) size 11x7 outlineClip at (392,388) size 11x7
  RenderBlock (relative positioned) {mo} at (0,0) size 11x21
    RenderText {mo} at (0,5) size 11x19
      text run at (0,5) width 11: "\x{23AA}"
layer at (392,394) size 11x21 backgroundClip at (392,395) size 11x20 clip at (392,395) size 11x20 outlineClip at (392,395) size 11x20
  RenderBlock (relative positioned) {mo} at (0,0) size 11x21
    RenderText {mo} at (0,5) size 11x19
      text run at (0,5) width 11: "\x{23AA}"
layer at (412,287) size 20x21 backgroundClip at (412,288) size 20x19 clip at (412,288) size 20x19 outlineClip at (412,288) size 20x19
  RenderBlock (relative positioned) {mo} at (0,0) size 20x21
    RenderText {mo} at (0,5) size 20x19
      text run at (0,5) width 20: "\x{23AE}"
layer at (412,306) size 20x21 backgroundClip at (412,307) size 20x19 clip at (412,307) size 20x19 outlineClip at (412,307) size 20x19
  RenderBlock (relative positioned) {mo} at (0,0) size 20x21
    RenderText {mo} at (0,5) size 20x19
      text run at (0,5) width 20: "\x{23AE}"
layer at (412,325) size 20x21 backgroundClip at (412,326) size 20x19 clip at (412,326) size 20x19 outlineClip at (412,326) size 20x19
  RenderBlock (relative positioned) {mo} at (0,0) size 20x21
    RenderText {mo} at (0,5) size 20x19
      text run at (0,5) width 20: "\x{23AE}"
layer at (412,344) size 20x21 backgroundClip at (412,345) size 20x19 clip at (412,345) size 20x19 outlineClip at (412,345) size 20x19
  RenderBlock (relative positioned) {mo} at (0,0) size 20x21
    RenderText {mo} at (0,5) size 20x19
      text run at (0,5) width 20: "\x{23AE}"
layer at (412,363) size 20x21 backgroundClip at (412,364) size 20x19 clip at (412,364) size 20x19 outlineClip at (412,364) size 20x19
  RenderBlock (relative positioned) {mo} at (0,0) size 20x21
    RenderText {mo} at (0,5) size 20x19
      text run at (0,5) width 20: "\x{23AE}"
layer at (412,382) size 20x21 backgroundClip at (412,383) size 20x17 clip at (412,383) size 20x17 outlineClip at (412,383) size 20x17
  RenderBlock (relative positioned) {mo} at (0,0) size 20x21
    RenderText {mo} at (0,5) size 20x19
      text run at (0,5) width 20: "\x{23AE}"
layer at (412,399) size 20x16 backgroundClip at (412,400) size 20x15 clip at (412,400) size 20x15 outlineClip at (412,400) size 20x15
  RenderBlock (relative positioned) {mo} at (0,0) size 20x16
    RenderText {mo} at (0,0) size 20x19
      text run at (0,0) width 20: "\x{2321}"
