layer at (0,0) size 800x600
  RenderView at (0,0) size 800x600
layer at (0,0) size 800x102
  RenderBlock {html} at (0,0) size 800x102
    RenderBody {body} at (8,16) size 784x70
      RenderBlock {p} at (0,0) size 784x24
        RenderText {#text} at (0,0) size 0x0
      RenderBlock {p} at (0,40) size 784x30
        RenderText {#text} at (0,2) size 322x19
          text run at (0,2) width 322: "Square root, green on yellow, padded and bordered: "
layer at (8,21) size 35x19
  RenderMathMLMath {math} at (0,5) size 35x20 [padding: 0 1 0 1]
    RenderBlock {mi} at (1,3) size 9x8
      RenderText {#text} at (0,-8) size 7x19
        text run at (0,-8) width 7: "x"
    RenderMathMLOperator {mo} at (12,2) size 10x9
      RenderMathMLBlock (flex) {mo} at (0,0) size 9x9
        RenderBlock (anonymous) at (0,0) size 9x9
          RenderText {mo} at (0,-7) size 9x19
            text run at (0,-7) width 9: "+"
    RenderBlock {mn} at (24,0) size 10x11
      RenderText {#text} at (0,-5) size 9x19
        text run at (0,-5) width 9: "1"
layer at (330,56) size 47x30
  RenderMathMLMath {math} at (322,0) size 47x30 [padding: 0 1 0 1]
    RenderMathMLSquareRoot {msqrt} at (1,0) size 45x30 [color=#008000] [bgcolor=#FFFF00] [border: (1px solid #008000) (2px solid #008000) (3px solid #008000) (4px solid #008000)] [intrinsic + CSS padding: 6 6 9 24]
      RenderMathMLRow (anonymous) at (28,7) size 9x11
        RenderBlock {mn} at (0,0) size 9x11
          RenderText {#text} at (0,-5) size 9x19
            text run at (0,-5) width 9: "2"
