layer at (0,0) size 800x600
  RenderView at (0,0) size 800x600
layer at (0,0) size 800x126
  RenderBlock {html} at (0,0) size 800x126
    RenderBody {body} at (8,16) size 784x94
      RenderBlock {p} at (0,0) size 784x20
        RenderText {#text} at (0,0) size 26x19
          text run at (0,0) width 26: "text "
        RenderMathMLMath {math} at (26,8) size 16x13 [padding: 0 1 0 1]
          RenderMathMLSubSup {msub} at (1,0) size 14x13
            RenderMathMLBlock (anonymous, flex) at (0,0) size 7x13 [padding: 0 0 5 0]
              RenderBlock {mi} at (0,0) size 7x8
                RenderText {#text} at (0,-8) size 7x19
                  text run at (0,-8) width 7: "x"
            RenderMathMLBlock (anonymous, flex) at (7,3) size 7x10
              RenderBlock {mn} at (0,0) size 7x9
                RenderText {#text} at (0,-3) size 7x14
                  text run at (0,-3) width 7: "1"
        RenderText {#text} at (0,0) size 0x0
      RenderBlock {p} at (0,36) size 784x20
        RenderText {#text} at (0,0) size 26x19
          text run at (0,0) width 26: "text "
        RenderMathMLMath {math} at (26,7) size 18x13 [padding: 0 1 0 1]
          RenderMathMLSubSup {msub} at (1,0) size 16x13
            RenderMathMLBlock (anonymous, flex) at (0,0) size 9x13 [padding: 0 0 4 0]
              RenderMathMLOperator {mo} at (0,0) size 9x9
                RenderMathMLBlock (flex) {mo} at (0,0) size 9x9
                  RenderBlock (anonymous) at (0,0) size 9x9
                    RenderText {mo} at (0,-7) size 9x19
                      text run at (0,-7) width 9: "+"
            RenderMathMLBlock (anonymous, flex) at (9,6) size 7x7
              RenderBlock {mi} at (0,0) size 7x7
                RenderText {#text} at (0,-5) size 5x14
                  text run at (0,-5) width 5: "x"
        RenderText {#text} at (0,0) size 0x0
      RenderBlock {p} at (0,72) size 784x22
        RenderText {#text} at (0,2) size 26x19
          text run at (0,2) width 26: "text "
        RenderMathMLMath {math} at (26,0) size 19x23 [padding: 0 1 0 1]
          RenderMathMLSubSup {msub} at (1,0) size 17x23
            RenderMathMLBlock (anonymous, flex) at (0,0) size 8x23 [padding: 0 0 2 0]
              RenderMathMLOperator {mo} at (0,0) size 8x21
                RenderMathMLBlock (flex) {mo} at (0,0) size 8x21
                  RenderBlock (anonymous) at (0,0) size 8x21
                    RenderText {mo} at (0,-1) size 8x22
                      text run at (0,-1) width 8: "\x{222B}"
            RenderMathMLBlock (anonymous, flex) at (8,13) size 9x10
              RenderBlock {mi} at (0,0) size 9x9
                RenderText {#text} at (0,-3) size 7x14
                  text run at (0,-3) width 7: "Y"
        RenderText {#text} at (0,0) size 0x0
