layer at (0,0) size 823x600
  RenderView at (0,0) size 800x600
layer at (0,0) size 800x108
  RenderBlock {html} at (0,0) size 800x108
    RenderBody {body} at (8,16) size 784x76
      RenderBlock {p} at (0,0) size 784x20
        RenderText {#text} at (0,0) size 73x19
          text run at (0,0) width 73: "superscript: "
        RenderMathMLMath {math} at (73,1) size 18x15 [padding: 0 1 0 1]
          RenderMathMLSubSup {msup} at (1,0) size 16x15
            RenderMathMLBlock (anonymous, flex) at (0,0) size 9x15 [padding: 7 0 0 0]
              RenderBlock {mi} at (0,7) size 9x8
                RenderText {#text} at (0,-8) size 7x19
                  text run at (0,-8) width 7: "x"
            RenderMathMLBlock (anonymous, flex) at (8,0) size 8x9
              RenderBlock {mn} at (0,0) size 7x9
                RenderText {#text} at (0,-3) size 7x14
                  text run at (0,-3) width 7: "2"
        RenderText {#text} at (0,0) size 0x0
      RenderBlock {p} at (0,36) size 784x40
        RenderText {#text} at (0,0) size 26x19
          text run at (0,0) width 26: "For "
        RenderInline {a} at (0,0) size 68x19 [color=#0000EE]
          RenderText {#text} at (26,0) size 68x19
            text run at (26,0) width 68: "Bug 95404"
        RenderText {#text} at (94,0) size 381x19
          text run at (94,0) width 14: " - "
          text run at (108,0) width 367: "mathml.css: Add more { white-space: nowrap } declarations:"
        RenderBR {br} at (475,0) size 0x19
        RenderMathMLMath {math} at (0,23) size 815x14 [padding: 0 1 0 1]
          RenderMathMLSubSup {msup} at (1,0) size 813x14
            RenderMathMLBlock (anonymous, flex) at (0,0) size 407x14 [padding: 6 0 0 0]
              RenderBlock {mi} at (0,5) size 407x9
                RenderText {#text} at (0,-8) size 7x19
                  text run at (0,-8) width 7: "x"
            RenderMathMLBlock (anonymous, flex) at (407,0) size 406x9
              RenderBlock {mi} at (0,0) size 406x9
                RenderText {#text} at (0,-5) size 6x14
                  text run at (0,-5) width 6: "y"
        RenderText {#text} at (0,0) size 0x0
