layer at (0,0) size 800x600
  RenderView at (0,0) size 800x600
layer at (0,0) size 800x164
  RenderBlock {html} at (0,0) size 800x164
    RenderBody {body} at (8,16) size 784x132
      RenderBlock {p} at (0,0) size 784x58
        RenderText {#text} at (0,17) size 45x19
          text run at (0,17) width 45: "simple: "
        RenderMathMLMath {math} at (45,0) size 89x58 [padding: 0 1 0 1]
          RenderMathMLTable {mtable} at (1,0) size 87x58
            RenderTableSection (anonymous) at (0,0) size 87x58
              RenderTableRow {mtr} at (0,0) size 87x18
                RenderTableCell {mtd} at (0,0) size 29x18 [r=0 c=0 rs=2 cs=1]
                  RenderMathMLSubSup {msub} at (3,3) size 23x13
                    RenderMathMLBlock (anonymous, flex) at (0,0) size 8x13 [padding: 0 0 5 0]
                      RenderBlock {mi} at (0,0) size 8x8
                        RenderText {#text} at (0,-8) size 8x19
                          text run at (0,-8) width 8: "a"
                    RenderMathMLBlock (anonymous, flex) at (8,3) size 14x10
                      RenderBlock {mn} at (0,0) size 14x9
                        RenderText {#text} at (0,-3) size 14x14
                          text run at (0,-3) width 14: "11"
                RenderTableCell {mtd} at (29,0) size 29x18 [r=0 c=1 rs=1 cs=1]
                  RenderMathMLSubSup {msub} at (3,3) size 23x13
                    RenderMathMLBlock (anonymous, flex) at (0,0) size 8x13 [padding: 0 0 5 0]
                      RenderBlock {mi} at (0,0) size 8x8
                        RenderText {#text} at (0,-8) size 8x19
                          text run at (0,-8) width 8: "a"
                    RenderMathMLBlock (anonymous, flex) at (8,3) size 14x10
                      RenderBlock {mn} at (0,0) size 14x9
                        RenderText {#text} at (0,-3) size 14x14
                          text run at (0,-3) width 14: "12"
                RenderTableCell {mtd} at (58,0) size 29x18 [r=0 c=2 rs=1 cs=1]
                  RenderMathMLSubSup {msub} at (3,3) size 23x13
                    RenderMathMLBlock (anonymous, flex) at (0,0) size 8x13 [padding: 0 0 5 0]
                      RenderBlock {mi} at (0,0) size 8x8
                        RenderText {#text} at (0,-8) size 8x19
                          text run at (0,-8) width 8: "a"
                    RenderMathMLBlock (anonymous, flex) at (8,3) size 14x10
                      RenderBlock {mn} at (0,0) size 14x9
                        RenderText {#text} at (0,-3) size 14x14
                          text run at (0,-3) width 14: "13"
              RenderTableRow {mtr} at (0,18) size 87x22
                RenderTableCell {mtd} at (29,18) size 29x22 [r=1 c=1 rs=1 cs=1]
                  RenderMathMLSubSup {msub} at (3,3) size 23x17
                    RenderMathMLBlock (anonymous, flex) at (0,0) size 8x17 [padding: 0 0 5 0]
                      RenderBlock {mi} at (0,0) size 8x12
                        RenderText {#text} at (0,-4) size 8x19
                          text run at (0,-4) width 8: "b"
                    RenderMathMLBlock (anonymous, flex) at (8,7) size 14x10
                      RenderBlock {mn} at (0,0) size 14x9
                        RenderText {#text} at (0,-3) size 14x14
                          text run at (0,-3) width 14: "22"
                RenderTableCell {mtd} at (58,18) size 29x22 [r=1 c=2 rs=1 cs=1]
                  RenderMathMLSubSup {msub} at (3,3) size 23x17
                    RenderMathMLBlock (anonymous, flex) at (0,0) size 8x17 [padding: 0 0 5 0]
                      RenderBlock {mi} at (0,0) size 8x12
                        RenderText {#text} at (0,-4) size 8x19
                          text run at (0,-4) width 8: "b"
                    RenderMathMLBlock (anonymous, flex) at (8,7) size 14x10
                      RenderBlock {mn} at (0,0) size 14x9
                        RenderText {#text} at (0,-3) size 14x14
                          text run at (0,-3) width 14: "23"
              RenderTableRow {mtr} at (0,40) size 87x18
                RenderTableCell {mtd} at (0,40) size 87x18 [r=2 c=0 rs=1 cs=3]
                  RenderMathMLSubSup {msub} at (33,3) size 21x13
                    RenderMathMLBlock (anonymous, flex) at (0,0) size 7x13 [padding: 0 0 5 0]
                      RenderBlock {mi} at (0,0) size 7x8
                        RenderText {#text} at (0,-8) size 7x19
                          text run at (0,-8) width 7: "c"
                    RenderMathMLBlock (anonymous, flex) at (7,3) size 14x10
                      RenderBlock {mn} at (0,0) size 14x9
                        RenderText {#text} at (0,-3) size 14x14
                          text run at (0,-3) width 14: "31"
        RenderText {#text} at (0,0) size 0x0
      RenderBlock {p} at (0,74) size 784x58
        RenderText {#text} at (0,17) size 287x19
          text run at (0,17) width 287: "left, default (center) and right column alignment: "
        RenderMathMLMath {math} at (287,0) size 267x58 [padding: 0 1 0 1]
          RenderMathMLTable {mtable} at (1,0) size 87x58
            RenderTableSection (anonymous) at (0,0) size 87x58
              RenderTableRow {mtr} at (0,0) size 87x18
                RenderTableCell {mtd} at (0,0) size 29x18 [r=0 c=0 rs=1 cs=1]
                  RenderMathMLSubSup {msub} at (3,3) size 15x13
                    RenderMathMLBlock (anonymous, flex) at (0,0) size 8x13 [padding: 0 0 5 0]
                      RenderBlock {mi} at (0,0) size 8x8
                        RenderText {#text} at (0,-8) size 8x19
                          text run at (0,-8) width 8: "a"
                    RenderMathMLBlock (anonymous, flex) at (8,3) size 7x10
                      RenderBlock {mn} at (0,0) size 7x9
                        RenderText {#text} at (0,-3) size 7x14
                          text run at (0,-3) width 7: "1"
                RenderTableCell {mtd} at (29,0) size 29x18 [r=0 c=1 rs=1 cs=1]
                  RenderMathMLSubSup {msub} at (3,3) size 22x13
                    RenderMathMLBlock (anonymous, flex) at (0,0) size 8x13 [padding: 0 0 5 0]
                      RenderBlock {mi} at (0,0) size 8x8
                        RenderText {#text} at (0,-8) size 8x19
                          text run at (0,-8) width 8: "a"
                    RenderMathMLBlock (anonymous, flex) at (8,3) size 14x10
                      RenderBlock {mn} at (0,0) size 14x9
                        RenderText {#text} at (0,-3) size 14x14
                          text run at (0,-3) width 14: "12"
                RenderTableCell {mtd} at (58,0) size 29x18 [r=0 c=2 rs=1 cs=1]
                  RenderMathMLSubSup {msub} at (3,3) size 22x13
                    RenderMathMLBlock (anonymous, flex) at (0,0) size 8x13 [padding: 0 0 5 0]
                      RenderBlock {mi} at (0,0) size 8x8
                        RenderText {#text} at (0,-8) size 8x19
                          text run at (0,-8) width 8: "a"
                    RenderMathMLBlock (anonymous, flex) at (8,3) size 14x10
                      RenderBlock {mn} at (0,0) size 14x9
                        RenderText {#text} at (0,-3) size 14x14
                          text run at (0,-3) width 14: "13"
              RenderTableRow {mtr} at (0,18) size 87x22
                RenderTableCell {mtd} at (0,18) size 29x22 [r=1 c=0 rs=1 cs=1]
                  RenderMathMLSubSup {msub} at (3,3) size 22x17
                    RenderMathMLBlock (anonymous, flex) at (0,0) size 8x17 [padding: 0 0 5 0]
                      RenderBlock {mi} at (0,0) size 8x12
                        RenderText {#text} at (0,-4) size 8x19
                          text run at (0,-4) width 8: "b"
                    RenderMathMLBlock (anonymous, flex) at (8,7) size 14x10
                      RenderBlock {mn} at (0,0) size 14x9
                        RenderText {#text} at (0,-3) size 14x14
                          text run at (0,-3) width 14: "21"
                RenderTableCell {mtd} at (29,18) size 29x22 [r=1 c=1 rs=1 cs=1]
                  RenderMathMLSubSup {msub} at (3,3) size 15x17
                    RenderMathMLBlock (anonymous, flex) at (0,0) size 8x17 [padding: 0 0 5 0]
                      RenderBlock {mi} at (0,0) size 8x12
                        RenderText {#text} at (0,-4) size 8x19
                          text run at (0,-4) width 8: "b"
                    RenderMathMLBlock (anonymous, flex) at (8,7) size 7x10
                      RenderBlock {mn} at (0,0) size 7x9
                        RenderText {#text} at (0,-3) size 7x14
                          text run at (0,-3) width 7: "2"
                RenderTableCell {mtd} at (58,18) size 29x22 [r=1 c=2 rs=1 cs=1]
                  RenderMathMLSubSup {msub} at (3,3) size 22x17
                    RenderMathMLBlock (anonymous, flex) at (0,0) size 8x17 [padding: 0 0 5 0]
                      RenderBlock {mi} at (0,0) size 8x12
                        RenderText {#text} at (0,-4) size 8x19
                          text run at (0,-4) width 8: "b"
                    RenderMathMLBlock (anonymous, flex) at (8,7) size 14x10
                      RenderBlock {mn} at (0,0) size 14x9
                        RenderText {#text} at (0,-3) size 14x14
                          text run at (0,-3) width 14: "23"
              RenderTableRow {mtr} at (0,40) size 87x18
                RenderTableCell {mtd} at (0,40) size 29x18 [r=2 c=0 rs=1 cs=1]
                  RenderMathMLSubSup {msub} at (3,3) size 21x13
                    RenderMathMLBlock (anonymous, flex) at (0,0) size 7x13 [padding: 0 0 5 0]
                      RenderBlock {mi} at (0,0) size 7x8
                        RenderText {#text} at (0,-8) size 7x19
                          text run at (0,-8) width 7: "c"
                    RenderMathMLBlock (anonymous, flex) at (7,3) size 14x10
                      RenderBlock {mn} at (0,0) size 14x9
                        RenderText {#text} at (0,-3) size 14x14
                          text run at (0,-3) width 14: "31"
                RenderTableCell {mtd} at (29,40) size 29x18 [r=2 c=1 rs=1 cs=1]
                  RenderMathMLSubSup {msub} at (3,3) size 21x13
                    RenderMathMLBlock (anonymous, flex) at (0,0) size 7x13 [padding: 0 0 5 0]
                      RenderBlock {mi} at (0,0) size 7x8
                        RenderText {#text} at (0,-8) size 7x19
                          text run at (0,-8) width 7: "c"
                    RenderMathMLBlock (anonymous, flex) at (7,3) size 14x10
                      RenderBlock {mn} at (0,0) size 14x9
                        RenderText {#text} at (0,-3) size 14x14
                          text run at (0,-3) width 14: "32"
                RenderTableCell {mtd} at (58,40) size 29x18 [r=2 c=2 rs=1 cs=1]
                  RenderMathMLSubSup {msub} at (3,3) size 14x13
                    RenderMathMLBlock (anonymous, flex) at (0,0) size 7x13 [padding: 0 0 5 0]
                      RenderBlock {mi} at (0,0) size 7x8
                        RenderText {#text} at (0,-8) size 7x19
                          text run at (0,-8) width 7: "c"
                    RenderMathMLBlock (anonymous, flex) at (7,3) size 7x10
                      RenderBlock {mn} at (0,0) size 7x9
                        RenderText {#text} at (0,-3) size 7x14
                          text run at (0,-3) width 7: "3"
          RenderBlock {mtext} at (88,30) size 3x4
            RenderText {#text} at (0,-13) size 3x19
              text run at (0,-13) width 3: ","
          RenderMathMLTable {mtable} at (91,0) size 87x58
            RenderTableSection (anonymous) at (0,0) size 87x58
              RenderTableRow {mtr} at (0,0) size 87x18
                RenderTableCell {mtd} at (0,0) size 29x18 [r=0 c=0 rs=1 cs=1]
                  RenderMathMLSubSup {msub} at (7,3) size 15x13
                    RenderMathMLBlock (anonymous, flex) at (0,0) size 8x13 [padding: 0 0 5 0]
                      RenderBlock {mi} at (0,0) size 8x8
                        RenderText {#text} at (0,-8) size 8x19
                          text run at (0,-8) width 8: "a"
                    RenderMathMLBlock (anonymous, flex) at (8,3) size 7x10
                      RenderBlock {mn} at (0,0) size 7x9
                        RenderText {#text} at (0,-3) size 7x14
                          text run at (0,-3) width 7: "1"
                RenderTableCell {mtd} at (29,0) size 29x18 [r=0 c=1 rs=1 cs=1]
                  RenderMathMLSubSup {msub} at (3,3) size 23x13
                    RenderMathMLBlock (anonymous, flex) at (0,0) size 8x13 [padding: 0 0 5 0]
                      RenderBlock {mi} at (0,0) size 8x8
                        RenderText {#text} at (0,-8) size 8x19
                          text run at (0,-8) width 8: "a"
                    RenderMathMLBlock (anonymous, flex) at (8,3) size 14x10
                      RenderBlock {mn} at (0,0) size 14x9
                        RenderText {#text} at (0,-3) size 14x14
                          text run at (0,-3) width 14: "12"
                RenderTableCell {mtd} at (58,0) size 29x18 [r=0 c=2 rs=1 cs=1]
                  RenderMathMLSubSup {msub} at (3,3) size 23x13
                    RenderMathMLBlock (anonymous, flex) at (0,0) size 8x13 [padding: 0 0 5 0]
                      RenderBlock {mi} at (0,0) size 8x8
                        RenderText {#text} at (0,-8) size 8x19
                          text run at (0,-8) width 8: "a"
                    RenderMathMLBlock (anonymous, flex) at (8,3) size 14x10
                      RenderBlock {mn} at (0,0) size 14x9
                        RenderText {#text} at (0,-3) size 14x14
                          text run at (0,-3) width 14: "13"
              RenderTableRow {mtr} at (0,18) size 87x22
                RenderTableCell {mtd} at (0,18) size 29x22 [r=1 c=0 rs=1 cs=1]
                  RenderMathMLSubSup {msub} at (3,3) size 23x17
                    RenderMathMLBlock (anonymous, flex) at (0,0) size 8x17 [padding: 0 0 5 0]
                      RenderBlock {mi} at (0,0) size 8x12
                        RenderText {#text} at (0,-4) size 8x19
                          text run at (0,-4) width 8: "b"
                    RenderMathMLBlock (anonymous, flex) at (8,7) size 14x10
                      RenderBlock {mn} at (0,0) size 14x9
                        RenderText {#text} at (0,-3) size 14x14
                          text run at (0,-3) width 14: "21"
                RenderTableCell {mtd} at (29,18) size 29x22 [r=1 c=1 rs=1 cs=1]
                  RenderMathMLSubSup {msub} at (7,3) size 15x17
                    RenderMathMLBlock (anonymous, flex) at (0,0) size 8x17 [padding: 0 0 5 0]
                      RenderBlock {mi} at (0,0) size 8x12
                        RenderText {#text} at (0,-4) size 8x19
                          text run at (0,-4) width 8: "b"
                    RenderMathMLBlock (anonymous, flex) at (8,7) size 7x10
                      RenderBlock {mn} at (0,0) size 7x9
                        RenderText {#text} at (0,-3) size 7x14
                          text run at (0,-3) width 7: "2"
                RenderTableCell {mtd} at (58,18) size 29x22 [r=1 c=2 rs=1 cs=1]
                  RenderMathMLSubSup {msub} at (3,3) size 23x17
                    RenderMathMLBlock (anonymous, flex) at (0,0) size 8x17 [padding: 0 0 5 0]
                      RenderBlock {mi} at (0,0) size 8x12
                        RenderText {#text} at (0,-4) size 8x19
                          text run at (0,-4) width 8: "b"
                    RenderMathMLBlock (anonymous, flex) at (8,7) size 14x10
                      RenderBlock {mn} at (0,0) size 14x9
                        RenderText {#text} at (0,-3) size 14x14
                          text run at (0,-3) width 14: "23"
              RenderTableRow {mtr} at (0,40) size 87x18
                RenderTableCell {mtd} at (0,40) size 29x18 [r=2 c=0 rs=1 cs=1]
                  RenderMathMLSubSup {msub} at (4,3) size 21x13
                    RenderMathMLBlock (anonymous, flex) at (0,0) size 7x13 [padding: 0 0 5 0]
                      RenderBlock {mi} at (0,0) size 7x8
                        RenderText {#text} at (0,-8) size 7x19
                          text run at (0,-8) width 7: "c"
                    RenderMathMLBlock (anonymous, flex) at (7,3) size 14x10
                      RenderBlock {mn} at (0,0) size 14x9
                        RenderText {#text} at (0,-3) size 14x14
                          text run at (0,-3) width 14: "31"
                RenderTableCell {mtd} at (29,40) size 29x18 [r=2 c=1 rs=1 cs=1]
                  RenderMathMLSubSup {msub} at (4,3) size 21x13
                    RenderMathMLBlock (anonymous, flex) at (0,0) size 7x13 [padding: 0 0 5 0]
                      RenderBlock {mi} at (0,0) size 7x8
                        RenderText {#text} at (0,-8) size 7x19
                          text run at (0,-8) width 7: "c"
                    RenderMathMLBlock (anonymous, flex) at (7,3) size 14x10
                      RenderBlock {mn} at (0,0) size 14x9
                        RenderText {#text} at (0,-3) size 14x14
                          text run at (0,-3) width 14: "32"
                RenderTableCell {mtd} at (58,40) size 29x18 [r=2 c=2 rs=1 cs=1]
                  RenderMathMLSubSup {msub} at (7,3) size 15x13
                    RenderMathMLBlock (anonymous, flex) at (0,0) size 7x13 [padding: 0 0 5 0]
                      RenderBlock {mi} at (0,0) size 7x8
                        RenderText {#text} at (0,-8) size 7x19
                          text run at (0,-8) width 7: "c"
                    RenderMathMLBlock (anonymous, flex) at (7,3) size 7x10
                      RenderBlock {mn} at (0,0) size 7x9
                        RenderText {#text} at (0,-3) size 7x14
                          text run at (0,-3) width 7: "3"
          RenderBlock {mtext} at (178,30) size 3x4
            RenderText {#text} at (0,-13) size 3x19
              text run at (0,-13) width 3: ","
          RenderMathMLTable {mtable} at (181,0) size 85x58
            RenderTableSection (anonymous) at (0,0) size 85x58
              RenderTableRow {mtr} at (0,0) size 85x18
                RenderTableCell {mtd} at (0,0) size 56x18 [r=0 c=0 rs=2 cs=2]
                  RenderMathMLSubSup {msub} at (38,3) size 15x13
                    RenderMathMLBlock (anonymous, flex) at (0,0) size 8x13 [padding: 0 0 5 0]
                      RenderBlock {mi} at (0,0) size 8x8
                        RenderText {#text} at (0,-8) size 8x19
                          text run at (0,-8) width 8: "a"
                    RenderMathMLBlock (anonymous, flex) at (8,3) size 7x10
                      RenderBlock {mn} at (0,0) size 7x9
                        RenderText {#text} at (0,-3) size 7x14
                          text run at (0,-3) width 7: "1"
                RenderTableCell {mtd} at (56,0) size 29x18 [r=0 c=2 rs=1 cs=1]
                  RenderMathMLSubSup {msub} at (4,3) size 22x13
                    RenderMathMLBlock (anonymous, flex) at (0,0) size 8x13 [padding: 0 0 5 0]
                      RenderBlock {mi} at (0,0) size 8x8
                        RenderText {#text} at (0,-8) size 8x19
                          text run at (0,-8) width 8: "a"
                    RenderMathMLBlock (anonymous, flex) at (8,3) size 14x10
                      RenderBlock {mn} at (0,0) size 14x9
                        RenderText {#text} at (0,-3) size 14x14
                          text run at (0,-3) width 14: "13"
              RenderTableRow {mtr} at (0,18) size 85x22
                RenderTableCell {mtd} at (56,18) size 29x22 [r=1 c=2 rs=1 cs=1]
                  RenderMathMLSubSup {msub} at (4,3) size 22x17
                    RenderMathMLBlock (anonymous, flex) at (0,0) size 8x17 [padding: 0 0 5 0]
                      RenderBlock {mi} at (0,0) size 8x12
                        RenderText {#text} at (0,-4) size 8x19
                          text run at (0,-4) width 8: "b"
                    RenderMathMLBlock (anonymous, flex) at (8,7) size 14x10
                      RenderBlock {mn} at (0,0) size 14x9
                        RenderText {#text} at (0,-3) size 14x14
                          text run at (0,-3) width 14: "23"
              RenderTableRow {mtr} at (0,40) size 85x18
                RenderTableCell {mtd} at (0,40) size 28x18 [r=2 c=0 rs=1 cs=1]
                  RenderMathMLSubSup {msub} at (4,3) size 21x13
                    RenderMathMLBlock (anonymous, flex) at (0,0) size 7x13 [padding: 0 0 5 0]
                      RenderBlock {mi} at (0,0) size 7x8
                        RenderText {#text} at (0,-8) size 7x19
                          text run at (0,-8) width 7: "c"
                    RenderMathMLBlock (anonymous, flex) at (7,3) size 14x10
                      RenderBlock {mn} at (0,0) size 14x9
                        RenderText {#text} at (0,-3) size 14x14
                          text run at (0,-3) width 14: "31"
                RenderTableCell {mtd} at (28,40) size 28x18 [r=2 c=1 rs=1 cs=1]
                  RenderMathMLSubSup {msub} at (4,3) size 21x13
                    RenderMathMLBlock (anonymous, flex) at (0,0) size 7x13 [padding: 0 0 5 0]
                      RenderBlock {mi} at (0,0) size 7x8
                        RenderText {#text} at (0,-8) size 7x19
                          text run at (0,-8) width 7: "c"
                    RenderMathMLBlock (anonymous, flex) at (7,3) size 14x10
                      RenderBlock {mn} at (0,0) size 14x9
                        RenderText {#text} at (0,-3) size 14x14
                          text run at (0,-3) width 14: "32"
                RenderTableCell {mtd} at (56,40) size 29x18 [r=2 c=2 rs=1 cs=1]
                  RenderMathMLSubSup {msub} at (12,3) size 14x13
                    RenderMathMLBlock (anonymous, flex) at (0,0) size 7x13 [padding: 0 0 5 0]
                      RenderBlock {mi} at (0,0) size 7x8
                        RenderText {#text} at (0,-8) size 7x19
                          text run at (0,-8) width 7: "c"
                    RenderMathMLBlock (anonymous, flex) at (7,3) size 7x10
                      RenderBlock {mn} at (0,0) size 7x9
                        RenderText {#text} at (0,-3) size 7x14
                          text run at (0,-3) width 7: "3"
        RenderText {#text} at (0,0) size 0x0
