layer at (0,0) size 800x600
  RenderView at (0,0) size 800x600
layer at (0,0) size 800x218
  RenderBlock {html} at (0,0) size 800x218
    RenderBody {body} at (8,16) size 784x186
      RenderBlock {p} at (0,0) size 784x27
        RenderText {#text} at (0,4) size 88x19
          text run at (0,4) width 88: "under & over: "
        RenderMathMLMath {math} at (88,0) size 14x27 [padding: 0 1 0 1]
          RenderMathMLUnderOver {munderover} at (1,0) size 12x27
            RenderBlock {mi} at (0,9) size 12x11
              RenderText {#text} at (0,-5) size 10x19
                text run at (0,-5) width 10: "B"
            RenderBlock {mi} at (2,20) size 7x7
              RenderText {#text} at (0,-5) size 5x14
                text run at (0,-5) width 5: "x"
            RenderBlock {mi} at (2,0) size 8x9
              RenderText {#text} at (0,-5) size 6x14
                text run at (0,-5) width 6: "y"
        RenderText {#text} at (0,0) size 0x0
      RenderBlock {p} at (0,43) size 784x29
        RenderText {#text} at (0,4) size 88x19
          text run at (0,4) width 88: "under & over: "
        RenderMathMLMath {math} at (88,0) size 14x29 [padding: 0 1 0 1]
          RenderMathMLUnderOver {munderover} at (1,0) size 12x29
            RenderBlock {mi} at (0,9) size 12x11
              RenderText {#text} at (0,-5) size 10x19
                text run at (0,-5) width 10: "B"
            RenderBlock {mi} at (1,20) size 9x9
              RenderText {#text} at (0,-3) size 7x14
                text run at (0,-3) width 7: "X"
            RenderBlock {mi} at (2,0) size 8x9
              RenderText {#text} at (0,-5) size 6x14
                text run at (0,-5) width 6: "y"
        RenderText {#text} at (0,0) size 0x0
      RenderBlock {p} at (0,88) size 784x40
        RenderText {#text} at (0,11) size 88x19
          text run at (0,11) width 88: "under & over: "
        RenderMathMLMath {math} at (88,0) size 28x40 [padding: 0 1 0 1]
          RenderMathMLUnderOver {munderover} at (1,0) size 26x40
            RenderMathMLOperator {mo} at (4,9) size 18x22
              RenderMathMLBlock (flex) {mo} at (0,0) size 17x22
                RenderBlock (anonymous) at (0,0) size 17x22
                  RenderText {mo} at (0,-6) size 17x28
                    text run at (0,-6) width 17: "\x{2211}"
            RenderMathMLRow {mrow} at (1,31) size 24x9
              RenderBlock {mi} at (0,0) size 5x9
                RenderText {#text} at (0,-3) size 3x14
                  text run at (0,-3) width 3: "i"
              RenderMathMLOperator {mo} at (6,3) size 8x6
                RenderMathMLBlock (flex) {mo} at (0,0) size 7x6
                  RenderBlock (anonymous) at (0,0) size 7x6
                    RenderText {mo} at (0,-6) size 7x14
                      text run at (0,-6) width 7: "="
              RenderBlock {mi} at (15,0) size 9x9
                RenderText {#text} at (0,-3) size 6x14
                  text run at (0,-3) width 6: "0"
            RenderMathMLRow {mrow} at (0,0) size 26x9
              RenderBlock {mi} at (0,0) size 7x7
                RenderText {#text} at (0,-5) size 5x14
                  text run at (0,-5) width 5: "x"
              RenderMathMLOperator {mo} at (8,0) size 8x7
                RenderMathMLBlock (flex) {mo} at (0,0) size 7x7
                  RenderBlock (anonymous) at (0,0) size 7x7
                    RenderText {mo} at (0,-5) size 7x14
                      text run at (0,-5) width 7: "+"
              RenderBlock {mi} at (17,0) size 9x9
                RenderText {#text} at (0,-5) size 6x14
                  text run at (0,-5) width 6: "y"
        RenderText {#text} at (0,0) size 0x0
      RenderBlock {p} at (0,144) size 784x42
        RenderText {#text} at (0,13) size 88x19
          text run at (0,13) width 88: "under & over: "
        RenderMathMLMath {math} at (88,0) size 30x42 [padding: 0 1 0 1]
          RenderMathMLUnderOver {munderover} at (1,0) size 28x42
            RenderMathMLOperator {mo} at (5,11) size 18x22
              RenderMathMLBlock (flex) {mo} at (0,0) size 17x22
                RenderBlock (anonymous) at (0,0) size 17x22
                  RenderText {mo} at (0,-6) size 17x28
                    text run at (0,-6) width 17: "\x{2211}"
            RenderMathMLRow {mrow} at (1,33) size 25x9
              RenderBlock {mi} at (0,0) size 6x9
                RenderText {#text} at (0,-3) size 4x14
                  text run at (0,-3) width 4: "I"
              RenderMathMLOperator {mo} at (7,3) size 8x6
                RenderMathMLBlock (flex) {mo} at (0,0) size 7x6
                  RenderBlock (anonymous) at (0,0) size 7x6
                    RenderText {mo} at (0,-6) size 7x14
                      text run at (0,-6) width 7: "="
              RenderBlock {mi} at (16,0) size 9x9
                RenderText {#text} at (0,-3) size 6x14
                  text run at (0,-3) width 6: "0"
            RenderMathMLRow {mrow} at (0,0) size 28x11
              RenderBlock {mi} at (0,0) size 9x9
                RenderText {#text} at (0,-3) size 7x14
                  text run at (0,-3) width 7: "X"
              RenderMathMLOperator {mo} at (10,2) size 8x7
                RenderMathMLBlock (flex) {mo} at (0,0) size 7x7
                  RenderBlock (anonymous) at (0,0) size 7x7
                    RenderText {mo} at (0,-5) size 7x14
                      text run at (0,-5) width 7: "+"
              RenderBlock {mi} at (19,2) size 9x9
                RenderText {#text} at (0,-5) size 6x14
                  text run at (0,-5) width 6: "y"
        RenderText {#text} at (0,0) size 0x0
