layer at (0,0) size 800x600
  RenderView at (0,0) size 800x600
layer at (0,0) size 800x96
  RenderBlock {html} at (0,0) size 800x96
    RenderBody {body} at (8,16) size 784x64
      RenderBlock {p} at (0,0) size 784x23
        RenderText {#text} at (0,0) size 41x19
          text run at (0,0) width 41: "under: "
        RenderMathMLMath {math} at (41,5) size 14x18 [padding: 0 1 0 1]
          RenderMathMLUnderOver {munder} at (1,0) size 12x18
            RenderBlock {mi} at (0,0) size 12x11
              RenderText {#text} at (0,-5) size 10x19
                text run at (0,-5) width 10: "B"
            RenderBlock {mi} at (2,11) size 7x7
              RenderText {#text} at (0,-5) size 5x14
                text run at (0,-5) width 5: "x"
        RenderText {#text} at (0,0) size 0x0
      RenderBlock {p} at (0,39) size 784x25
        RenderText {#text} at (0,0) size 41x19
          text run at (0,0) width 41: "under: "
        RenderMathMLMath {math} at (41,5) size 14x20 [padding: 0 1 0 1]
          RenderMathMLUnderOver {munder} at (1,0) size 12x20
            RenderBlock {mi} at (0,0) size 12x11
              RenderText {#text} at (0,-5) size 10x19
                text run at (0,-5) width 10: "B"
            RenderBlock {mi} at (1,11) size 9x9
              RenderText {#text} at (0,-3) size 7x14
                text run at (0,-3) width 7: "X"
        RenderText {#text} at (0,0) size 0x0
