layer at (0,0) size 800x600
  RenderView at (0,0) size 800x600
layer at (0,0) size 800x80
  RenderBlock {HTML} at (0,0) size 800x80
    RenderBody {BODY} at (8,8) size 784x56
      RenderBlock (anonymous) at (0,0) size 784x20
        RenderInline (generated) at (0,0) size 10x19 [color=#008000]
          RenderText {#text} at (0,0) size 10x19
            text run at (0,0) width 10: "B"
        RenderText {#text} at (10,0) size 127x19
          text run at (10,0) width 127: "oth quotes are green."
      RenderBlock {P} at (0,36) size 784x20
        RenderInline {SPAN} at (0,0) size 10x19
          RenderInline (generated) at (0,0) size 5x19
            RenderInline (generated) at (0,0) size 5x19 [color=#008000]
              RenderText at (0,0) size 5x19
                text run at (0,0) width 5: "\""
            RenderText at (0,0) size 0x0
          RenderInline (generated) at (0,0) size 5x19
            RenderInline (generated) at (0,0) size 5x19 [color=#008000]
              RenderText at (5,0) size 5x19
                text run at (5,0) width 5: "\""
            RenderText at (0,0) size 0x0
