layer at (0,0) size 784x1341
  RenderView at (0,0) size 784x600
layer at (0,0) size 784x1341
  RenderBlock {HTML} at (0,0) size 784x1341
    RenderBody {BODY} at (8,17) size 768x1316 [color=#00FF00] [bgcolor=#333333]
      RenderBlock {H1} at (0,0) size 768x34
        RenderText {#text} at (0,0) size 443x34
          text run at (0,0) width 443: "CSS2 Table Backgrounds Test Suite"
      RenderBlock {H2} at (0,51) size 768x27
        RenderText {#text} at (0,0) size 316x27
          text run at (0,0) width 316: "Part D: Background with Borders"
      RenderBlock {H3} at (0,94) size 768x20
        RenderText {#text} at (0,0) size 258x20
          text run at (0,0) width 258: "Background on 'table-column-group'"
      RenderBlock {P} at (0,129) size 768x34
        RenderText {#text} at (0,0) size 750x34
          text run at (0,0) width 750: "Three aqua stripes should run along the bottom of the last cell in the first three columns and up along the right edge of the cells in"
          text run at (0,17) width 541: "the third column. The stripes should align to be just inside the padding edge in cells M and G."
      RenderBlock {P} at (0,176) size 768x34
        RenderText {#text} at (0,0) size 757x34
          text run at (0,0) width 757: "Three aqua stripes should also run just inside the top padding edge of the first cell in the last column and down the left border edge"
          text run at (0,17) width 157: "of each cell in that column."
      RenderBlock {DL} at (0,223) size 768x102
        RenderBlock {DT} at (0,0) size 768x17
          RenderText {#text} at (0,0) size 25x17
            text run at (0,0) width 25: "next"
        RenderBlock {DD} at (40,17) size 728x17
          RenderInline {A} at (0,0) size 300x17 [color=#FFFF00]
            RenderText {#text} at (0,0) size 300x17
              text run at (0,0) width 300: "Background with Borders: Background on 'table-row'"
          RenderText {#text} at (0,0) size 0x0
        RenderBlock {DT} at (0,34) size 768x17
          RenderText {#text} at (0,0) size 49x17
            text run at (0,0) width 49: "previous"
        RenderBlock {DD} at (40,51) size 728x17
          RenderInline {A} at (0,0) size 336x17 [color=#FFFF00]
            RenderText {#text} at (0,0) size 336x17
              text run at (0,0) width 336: "Background with Borders: Background on 'table-row-group'"
          RenderText {#text} at (0,0) size 0x0
        RenderBlock {DT} at (0,68) size 768x17
          RenderText {#text} at (0,0) size 50x17
            text run at (0,0) width 50: "contents"
        RenderBlock {DD} at (40,85) size 728x17
          RenderInline {A} at (0,0) size 103x17 [color=#FFFF00]
            RenderText {#text} at (0,0) size 103x17
              text run at (0,0) width 103: "Table of Contents"
          RenderText {#text} at (0,0) size 0x0
      RenderTable {TABLE} at (0,338) size 622x487 [color=#FFFFFF] [border: (3px dotted #FFFFFF)]
        RenderBlock {CAPTION} at (0,0) size 616x25
          RenderText {#text} at (162,0) size 292x25
            text run at (162,0) width 292: "With 'border-collapse: separate'"
        RenderTableCol {COLGROUP} at (0,0) size 0x0 [bgcolor=#000000] [border: (5px dashed #FFFFFF)]
          RenderTableCol {COL} at (0,0) size 0x0
          RenderTableCol {COL} at (0,0) size 0x0
          RenderTableCol {COL} at (0,0) size 0x0 [border: (9px dashed #FFFFFF)]
        RenderTableCol {COLGROUP} at (0,0) size 0x0 [bgcolor=#000000]
          RenderTableCol {COL} at (0,0) size 0x0
        RenderTableSection {THEAD} at (3,28) size 616x114
          RenderTableRow {TR} at (0,7) size 616x100
            RenderTableCell {TH} at (7,42) size 130x29 [border: (1px dotted #FFFFFF)] [r=0 c=0 rs=1 cs=1]
              RenderText {#text} at (42,2) size 46x25
                text run at (42,2) width 46: "TH A"
            RenderTableCell {TH} at (144,30) size 220x53 [border: (13px dotted #FFFFFF)] [r=0 c=1 rs=1 cs=1]
              RenderText {#text} at (87,14) size 46x25
                text run at (87,14) width 46: "TH B"
            RenderTableCell {TH} at (371,42) size 118x29 [border: (1px dotted #FFFFFF)] [r=0 c=2 rs=1 cs=1]
              RenderText {#text} at (36,2) size 46x25
                text run at (36,2) width 46: "TH C"
            RenderTableCell {TH} at (496,42) size 113x29 [border: (1px dotted #FFFFFF)] [r=0 c=3 rs=1 cs=1]
              RenderText {#text} at (34,2) size 45x25
                text run at (34,2) width 45: "TH D"
        RenderTableSection {TFOOT} at (3,355) size 616x129
          RenderTableRow {TR} at (0,7) size 616x115
            RenderTableCell {TD} at (7,46) size 357x37 [border: (5px dashed #FFFFFF)] [r=0 c=0 rs=1 cs=2]
              RenderText {#text} at (6,6) size 47x25
                text run at (6,6) width 47: "TD M"
            RenderTableCell {TD} at (371,50) size 118x29 [border: (1px dotted #FFFFFF)] [r=0 c=2 rs=1 cs=1]
              RenderText {#text} at (2,2) size 46x25
                text run at (2,2) width 46: "TD O"
            RenderTableCell {TD} at (496,50) size 113x29 [border: (1px dotted #FFFFFF)] [r=0 c=3 rs=1 cs=1]
              RenderText {#text} at (2,2) size 44x25
                text run at (2,2) width 44: "TD P"
        RenderTableSection {TBODY} at (3,142) size 616x213
          RenderTableRow {TR} at (0,7) size 616x108
            RenderTableCell {TD} at (7,80) size 130x53 [border: (13px dotted #FFFFFF)] [r=0 c=0 rs=2 cs=1]
              RenderText {#text} at (14,14) size 44x25
                text run at (14,14) width 44: "TD E"
            RenderTableCell {TD} at (144,46) size 220x29 [border: (1px dotted #FFFFFF)] [r=0 c=1 rs=1 cs=1]
              RenderText {#text} at (2,2) size 43x25
                text run at (2,2) width 43: "TD F"
            RenderTableCell {TD} at (371,42) size 118x37 [border: (5px dashed #FFFFFF)] [r=0 c=2 rs=1 cs=1]
              RenderText {#text} at (6,6) size 46x25
                text run at (6,6) width 46: "TD G"
            RenderTableCell {TD} at (496,46) size 113x29 [border: (1px dotted #FFFFFF)] [r=0 c=3 rs=1 cs=1]
              RenderText {#text} at (2,2) size 45x25
                text run at (2,2) width 45: "TD H"
          RenderTableRow {TR} at (0,122) size 616x84
            RenderTableCell {TD} at (144,149) size 220x29 [border: (1px dotted #FFFFFF)] [r=1 c=1 rs=1 cs=1]
              RenderText {#text} at (2,2) size 42x25
                text run at (2,2) width 42: "TD J"
            RenderTableCell {TD} at (371,149) size 118x29 [border: (1px dotted #FFFFFF)] [r=1 c=2 rs=1 cs=1]
              RenderText {#text} at (2,2) size 45x25
                text run at (2,2) width 45: "TD K"
            RenderTableCell {TD} at (496,149) size 113x29 [border: (1px dotted #FFFFFF)] [r=1 c=3 rs=1 cs=1]
              RenderText {#text} at (2,2) size 43x25
                text run at (2,2) width 43: "TD L"
      RenderTable {TABLE} at (0,825) size 591x439 [color=#FFFFFF] [border: (6px dotted #FFFFFF)]
        RenderBlock {CAPTION} at (0,0) size 588x25
          RenderText {#text} at (149,0) size 290x25
            text run at (149,0) width 290: "With 'border-collapse: collapse'"
        RenderTableCol {COLGROUP} at (0,0) size 0x0 [bgcolor=#000000] [border: (5px dashed #FFFFFF)]
          RenderTableCol {COL} at (0,0) size 0x0
          RenderTableCol {COL} at (0,0) size 0x0
          RenderTableCol {COL} at (0,0) size 0x0 [border: (9px dashed #FFFFFF)]
        RenderTableCol {COLGROUP} at (0,0) size 0x0 [bgcolor=#000000]
          RenderTableCol {COL} at (0,0) size 0x0
        RenderTableSection {THEAD} at (1,31) size 588x100
          RenderTableRow {TR} at (0,0) size 588x100
            RenderTableCell {TH} at (0,32) size 137x36 [border: (3px dotted #FFFFFF)] [r=0 c=0 rs=1 cs=1]
              RenderText {#text} at (44,4) size 46x25
                text run at (44,4) width 46: "TH A"
            RenderTableCell {TH} at (137,30) size 207x40 [border: (7px dotted #FFFFFF)] [r=0 c=1 rs=1 cs=1]
              RenderText {#text} at (81,8) size 46x25
                text run at (81,8) width 46: "TH B"
            RenderTableCell {TH} at (344,33) size 127x34 [border: (5px dotted #FFFFFF)] [r=0 c=2 rs=1 cs=1]
              RenderText {#text} at (42,6) size 46x25
                text run at (42,6) width 46: "TH C"
            RenderTableCell {TH} at (471,35) size 117x29 [border: (2px dotted #FFFFFF)] [r=0 c=3 rs=1 cs=1]
              RenderText {#text} at (38,3) size 45x25
                text run at (38,3) width 45: "TH D"
        RenderTableSection {TFOOT} at (1,321) size 588x115
          RenderTableRow {TR} at (0,0) size 588x115
            RenderTableCell {TD} at (0,39) size 471x36 [border: (7px dashed #FFFFFF)] [r=0 c=0 rs=1 cs=3]
              RenderText {#text} at (4,8) size 47x25
                text run at (4,8) width 47: "TD M"
            RenderTableCell {TD} at (471,43) size 117x29 [border: (1px dotted #FFFFFF)] [r=0 c=3 rs=1 cs=1]
              RenderText {#text} at (6,2) size 44x25
                text run at (6,2) width 44: "TD P"
        RenderTableSection {TBODY} at (1,131) size 588x190
          RenderTableRow {TR} at (0,0) size 588x107
            RenderTableCell {TD} at (0,75) size 137x40 [border: (7px dotted #FFFFFF)] [r=0 c=0 rs=2 cs=1]
              RenderText {#text} at (8,8) size 44x25
                text run at (8,8) width 44: "TD E"
            RenderTableCell {TD} at (137,36) size 207x34 [border: (7px dotted #FFFFFF)] [r=0 c=1 rs=1 cs=1]
              RenderText {#text} at (8,8) size 43x25
                text run at (8,8) width 43: "TD F"
            RenderTableCell {TD} at (344,37) size 127x32 [border: (3px dashed #FFFFFF)] [r=0 c=2 rs=1 cs=1]
              RenderText {#text} at (6,4) size 46x25
                text run at (6,4) width 46: "TD G"
            RenderTableCell {TD} at (471,39) size 117x28 [border: (1px dotted #FFFFFF)] [r=0 c=3 rs=1 cs=1]
              RenderText {#text} at (6,2) size 45x25
                text run at (6,2) width 45: "TD H"
          RenderTableRow {TR} at (0,107) size 588x83
            RenderTableCell {TD} at (137,133) size 207x30 [border: (1px dotted #FFFFFF)] [r=1 c=1 rs=1 cs=1]
              RenderText {#text} at (8,2) size 42x25
                text run at (8,2) width 42: "TD J"
            RenderTableCell {TD} at (344,132) size 127x32 [border: (3px dotted #FFFFFF)] [r=1 c=2 rs=1 cs=1]
              RenderText {#text} at (6,4) size 45x25
                text run at (6,4) width 45: "TD K"
            RenderTableCell {TD} at (471,134) size 117x28 [border: (1px dotted #FFFFFF)] [r=1 c=3 rs=1 cs=1]
              RenderText {#text} at (6,2) size 43x25
                text run at (6,2) width 43: "TD L"
      RenderBlock {DIV} at (0,1264) size 768x35
        RenderInline {A} at (0,0) size 88x17 [color=#FFFF00]
          RenderImage {IMG} at (0,0) size 88x31
        RenderText {#text} at (0,0) size 0x0
      RenderBlock {ADDRESS} at (0,1299) size 768x17
        RenderText {#text} at (0,0) size 555x17
          text run at (0,0) width 555: "CSS2 Table Backgrounds Test Suite designed and written by fantasai <fantasai@escape.com>"
