layer at (0,0) size 784x1344
  RenderView at (0,0) size 784x600
layer at (0,0) size 784x1344
  RenderBlock {HTML} at (0,0) size 784x1344
    RenderBody {BODY} at (8,17) size 768x1319 [color=#00FF00] [bgcolor=#333333]
      RenderBlock {H1} at (0,0) size 768x34
        RenderText {#text} at (0,0) size 483x34
          text run at (0,0) width 483: "CSS2 Table Backgrounds Test Suite"
      RenderBlock {H2} at (0,51) size 768x27
        RenderText {#text} at (0,0) size 343x27
          text run at (0,0) width 343: "Part D: Background with Borders"
      RenderBlock {H3} at (0,94) size 768x20
        RenderText {#text} at (0,0) size 203x20
          text run at (0,0) width 203: "Background on 'table-cell'"
      RenderBlock {P} at (0,129) size 768x17
        RenderText {#text} at (0,0) size 129x17
          text run at (0,0) width 129: "Two cells are styled."
      RenderBlock {P} at (0,159) size 768x17
        RenderText {#text} at (0,0) size 555x17
          text run at (0,0) width 555: "There should be three aqua stripes just inside the top and left padding edges of cell E."
      RenderBlock {P} at (0,189) size 768x17
        RenderText {#text} at (0,0) size 592x17
          text run at (0,0) width 592: "There should be three aqua stripes just inside the bottom and right padding edges of Cell M"
      RenderBlock {DL} at (0,219) size 768x102
        RenderBlock {DT} at (0,0) size 768x17
          RenderText {#text} at (0,0) size 28x17
            text run at (0,0) width 28: "next"
        RenderBlock {DD} at (40,17) size 728x17
          RenderInline {A} at (0,0) size 142x17 [color=#FFFF00]
            RenderText {#text} at (0,0) size 142x17
              text run at (0,0) width 142: "Special Tests: Opacity"
          RenderText {#text} at (0,0) size 0x0
        RenderBlock {DT} at (0,34) size 768x17
          RenderText {#text} at (0,0) size 55x17
            text run at (0,0) width 55: "previous"
        RenderBlock {DD} at (40,51) size 728x17
          RenderInline {A} at (0,0) size 368x17 [color=#FFFF00]
            RenderText {#text} at (0,0) size 368x17
              text run at (0,0) width 368: "Background with Borders: Background on 'table-column'"
          RenderText {#text} at (0,0) size 0x0
        RenderBlock {DT} at (0,68) size 768x17
          RenderText {#text} at (0,0) size 56x17
            text run at (0,0) width 56: "contents"
        RenderBlock {DD} at (40,85) size 728x17
          RenderInline {A} at (0,0) size 113x17 [color=#FFFF00]
            RenderText {#text} at (0,0) size 113x17
              text run at (0,0) width 113: "Table of Contents"
          RenderText {#text} at (0,0) size 0x0
      RenderTable {TABLE} at (0,334) size 626x491 [color=#FFFFFF] [border: (5px dotted #FFFFFF)]
        RenderBlock {CAPTION} at (0,0) size 616x25
          RenderText {#text} at (162,0) size 292x25
            text run at (162,0) width 292: "With 'border-collapse: separate'"
        RenderTableCol {COLGROUP} at (0,0) size 0x0
          RenderTableCol {COL} at (0,0) size 0x0
          RenderTableCol {COL} at (0,0) size 0x0
          RenderTableCol {COL} at (0,0) size 0x0
        RenderTableCol {COLGROUP} at (0,0) size 0x0
          RenderTableCol {COL} at (0,0) size 0x0
        RenderTableSection {THEAD} at (5,30) size 616x114
          RenderTableRow {TR} at (0,7) size 616x100
            RenderTableCell {TH} at (7,42) size 130x29 [border: (1px dotted #FFFFFF)] [r=0 c=0 rs=1 cs=1]
              RenderText {#text} at (42,2) size 46x25
                text run at (42,2) width 46: "TH A"
            RenderTableCell {TH} at (144,30) size 220x53 [border: (13px dotted #FFFFFF)] [r=0 c=1 rs=1 cs=1]
              RenderText {#text} at (87,14) size 46x25
                text run at (87,14) width 46: "TH B"
            RenderTableCell {TH} at (371,42) size 118x29 [border: (1px dotted #FFFFFF)] [r=0 c=2 rs=1 cs=1]
              RenderText {#text} at (36,2) size 46x25
                text run at (36,2) width 46: "TH C"
            RenderTableCell {TH} at (496,42) size 113x29 [border: (1px dotted #FFFFFF)] [r=0 c=3 rs=1 cs=1]
              RenderText {#text} at (34,2) size 45x25
                text run at (34,2) width 45: "TH D"
        RenderTableSection {TFOOT} at (5,357) size 616x129
          RenderTableRow {TR} at (0,7) size 616x115
            RenderTableCell {TD} at (7,50) size 357x29 [bgcolor=#000000] [border: (1px dotted #FFFFFF)] [r=0 c=0 rs=1 cs=2]
              RenderText {#text} at (2,2) size 47x25
                text run at (2,2) width 47: "TD M"
            RenderTableCell {TD} at (371,50) size 118x29 [border: (1px dotted #FFFFFF)] [r=0 c=2 rs=1 cs=1]
              RenderText {#text} at (2,2) size 46x25
                text run at (2,2) width 46: "TD O"
            RenderTableCell {TD} at (496,50) size 113x29 [border: (1px dotted #FFFFFF)] [r=0 c=3 rs=1 cs=1]
              RenderText {#text} at (2,2) size 44x25
                text run at (2,2) width 44: "TD P"
        RenderTableSection {TBODY} at (5,144) size 616x213
          RenderTableRow {TR} at (0,7) size 616x108
            RenderTableCell {TD} at (7,80) size 130x53 [bgcolor=#000000] [border: (13px dotted #FFFFFF)] [r=0 c=0 rs=2 cs=1]
              RenderText {#text} at (14,14) size 44x25
                text run at (14,14) width 44: "TD E"
            RenderTableCell {TD} at (144,46) size 220x29 [border: (1px dotted #FFFFFF)] [r=0 c=1 rs=1 cs=1]
              RenderText {#text} at (2,2) size 43x25
                text run at (2,2) width 43: "TD F"
            RenderTableCell {TD} at (371,46) size 118x29 [border: (1px dotted #FFFFFF)] [r=0 c=2 rs=1 cs=1]
              RenderText {#text} at (2,2) size 46x25
                text run at (2,2) width 46: "TD G"
            RenderTableCell {TD} at (496,46) size 113x29 [border: (1px dotted #FFFFFF)] [r=0 c=3 rs=1 cs=1]
              RenderText {#text} at (2,2) size 45x25
                text run at (2,2) width 45: "TD H"
          RenderTableRow {TR} at (0,122) size 616x84
            RenderTableCell {TD} at (144,149) size 220x29 [border: (1px dotted #FFFFFF)] [r=1 c=1 rs=1 cs=1]
              RenderText {#text} at (2,2) size 42x25
                text run at (2,2) width 42: "TD J"
            RenderTableCell {TD} at (371,149) size 118x29 [border: (1px dotted #FFFFFF)] [r=1 c=2 rs=1 cs=1]
              RenderText {#text} at (2,2) size 45x25
                text run at (2,2) width 45: "TD K"
            RenderTableCell {TD} at (496,149) size 113x29 [border: (1px dotted #FFFFFF)] [r=1 c=3 rs=1 cs=1]
              RenderText {#text} at (2,2) size 43x25
                text run at (2,2) width 43: "TD L"
      RenderTable {TABLE} at (0,825) size 586x441 [color=#FFFFFF] [border: (6px dotted #FFFFFF)]
        RenderBlock {CAPTION} at (0,0) size 581x25
          RenderText {#text} at (145,0) size 291x25
            text run at (145,0) width 291: "With 'border-collapse: collapse'"
        RenderTableCol {COLGROUP} at (0,0) size 0x0
          RenderTableCol {COL} at (0,0) size 0x0
          RenderTableCol {COL} at (0,0) size 0x0
          RenderTableCol {COL} at (0,0) size 0x0
        RenderTableCol {COLGROUP} at (0,0) size 0x0
          RenderTableCol {COL} at (0,0) size 0x0
        RenderTableSection {THEAD} at (2,31) size 581x101
          RenderTableRow {TR} at (0,0) size 581x101
            RenderTableCell {TH} at (0,32) size 137x36 [border: (3px dotted #FFFFFF)] [r=0 c=0 rs=1 cs=1]
              RenderText {#text} at (44,4) size 46x25
                text run at (44,4) width 46: "TH A"
            RenderTableCell {TH} at (137,30) size 207x40 [border: (7px dotted #FFFFFF)] [r=0 c=1 rs=1 cs=1]
              RenderText {#text} at (81,8) size 46x25
                text run at (81,8) width 46: "TH B"
            RenderTableCell {TH} at (344,35) size 123x30 [border: (3px dotted #FFFFFF)] [r=0 c=2 rs=1 cs=1]
              RenderText {#text} at (42,4) size 46x25
                text run at (42,4) width 46: "TH C"
            RenderTableCell {TH} at (467,35) size 114x30 [border: (3px dotted #FFFFFF)] [r=0 c=3 rs=1 cs=1]
              RenderText {#text} at (34,4) size 45x25
                text run at (34,4) width 45: "TH D"
        RenderTableSection {TFOOT} at (2,322) size 581x116
          RenderTableRow {TR} at (0,0) size 581x116
            RenderTableCell {TD} at (0,40) size 344x36 [bgcolor=#000000] [border: (7px dotted #FFFFFF)] [r=0 c=0 rs=1 cs=2]
              RenderText {#text} at (4,8) size 47x25
                text run at (4,8) width 47: "TD M"
            RenderTableCell {TD} at (344,43) size 123x30 [border: (1px dotted #FFFFFF)] [r=0 c=2 rs=1 cs=1]
              RenderText {#text} at (2,2) size 46x25
                text run at (2,2) width 46: "TD O"
            RenderTableCell {TD} at (467,43) size 114x30 [border: (1px dotted #FFFFFF)] [r=0 c=3 rs=1 cs=1]
              RenderText {#text} at (2,2) size 44x25
                text run at (2,2) width 44: "TD P"
        RenderTableSection {TBODY} at (2,132) size 581x190
          RenderTableRow {TR} at (0,0) size 581x107
            RenderTableCell {TD} at (0,75) size 137x40 [bgcolor=#000000] [border: (7px dotted #FFFFFF)] [r=0 c=0 rs=2 cs=1]
              RenderText {#text} at (8,8) size 44x25
                text run at (8,8) width 44: "TD E"
            RenderTableCell {TD} at (137,36) size 207x34 [border: (7px dotted #FFFFFF)] [r=0 c=1 rs=1 cs=1]
              RenderText {#text} at (8,8) size 43x25
                text run at (8,8) width 43: "TD F"
            RenderTableCell {TD} at (344,39) size 123x28 [border: (1px dotted #FFFFFF)] [r=0 c=2 rs=1 cs=1]
              RenderText {#text} at (2,2) size 46x25
                text run at (2,2) width 46: "TD G"
            RenderTableCell {TD} at (467,39) size 114x28 [border: (1px dotted #FFFFFF)] [r=0 c=3 rs=1 cs=1]
              RenderText {#text} at (2,2) size 45x25
                text run at (2,2) width 45: "TD H"
          RenderTableRow {TR} at (0,107) size 581x83
            RenderTableCell {TD} at (137,134) size 207x28 [border: (1px dotted #FFFFFF)] [r=1 c=1 rs=1 cs=1]
              RenderText {#text} at (8,2) size 42x25
                text run at (8,2) width 42: "TD J"
            RenderTableCell {TD} at (344,134) size 123x28 [border: (1px dotted #FFFFFF)] [r=1 c=2 rs=1 cs=1]
              RenderText {#text} at (2,2) size 45x25
                text run at (2,2) width 45: "TD K"
            RenderTableCell {TD} at (467,134) size 114x28 [border: (1px dotted #FFFFFF)] [r=1 c=3 rs=1 cs=1]
              RenderText {#text} at (2,2) size 43x25
                text run at (2,2) width 43: "TD L"
      RenderBlock {DIV} at (0,1266) size 768x35
        RenderInline {A} at (0,0) size 88x17 [color=#FFFF00]
          RenderImage {IMG} at (0,0) size 88x31
        RenderText {#text} at (0,0) size 0x0
      RenderBlock {ADDRESS} at (0,1301) size 768x18
        RenderText {#text} at (0,0) size 517x18
          text run at (0,0) width 517: "CSS2 Table Backgrounds Test Suite designed and written by fantasai <fantasai@escape.com>"
