layer at (0,0) size 800x600
  RenderView at (0,0) size 800x600
layer at (0,0) size 800x600
  RenderBlock {HTML} at (0,0) size 800x600
    RenderBody {BODY} at (8,8) size 784x584
      RenderTable {TABLE} at (0,0) size 405x121 [border: none (1px solid #808080) none (1px solid #808080)]
        RenderBlock {CAPTION} at (0,0) size 405x19
          RenderText {#text} at (16,0) size 373x19
            text run at (16,0) width 373: "Communicator 4.5 Installers for Mac and Windows Platforms"
        RenderTableSection {TBODY} at (1,19) size 403x102
          RenderTableRow {TR} at (0,2) size 403x23
            RenderTableCell {TH} at (2,11) size 111x4 [border: (1px inset #808080)] [r=0 c=0 rs=1 cs=1]
            RenderTableCell {TH} at (115,2) size 108x23 [border: (1px inset #808080)] [r=0 c=1 rs=1 cs=1]
              RenderText {#text} at (2,2) size 104x19
                text run at (2,2) width 104: "Macintosh PPC"
            RenderTableCell {TH} at (225,2) size 84x23 [border: (1px inset #808080)] [r=0 c=2 rs=1 cs=1]
              RenderText {#text} at (2,2) size 80x19
                text run at (2,2) width 80: "Windows 95"
            RenderTableCell {TH} at (311,2) size 90x23 [border: (1px inset #808080)] [r=0 c=3 rs=1 cs=1]
              RenderText {#text} at (2,2) size 86x19
                text run at (2,2) width 86: "Windows NT"
          RenderTableRow {TR} at (0,27) size 403x23
            RenderTableCell {TD} at (2,27) size 111x23 [border: (1px inset #808080)] [r=1 c=0 rs=1 cs=1]
              RenderText {#text} at (2,2) size 69x19
                text run at (2,2) width 69: "Base Install"
            RenderTableCell {TD} at (115,27) size 108x23 [border: (1px inset #808080)] [r=1 c=1 rs=1 cs=1]
              RenderText {#text} at (2,2) size 20x19
                text run at (2,2) width 20: "yes"
            RenderTableCell {TD} at (225,27) size 84x23 [border: (1px inset #808080)] [r=1 c=2 rs=1 cs=1]
              RenderText {#text} at (2,2) size 20x19
                text run at (2,2) width 20: "yes"
            RenderTableCell {TD} at (311,27) size 90x23 [border: (1px inset #808080)] [r=1 c=3 rs=1 cs=1]
              RenderText {#text} at (2,2) size 20x19
                text run at (2,2) width 20: "yes"
          RenderTableRow {TR} at (0,52) size 403x23
            RenderTableCell {TD} at (2,52) size 111x23 [border: (1px inset #808080)] [r=2 c=0 rs=1 cs=1]
              RenderText {#text} at (2,2) size 98x19
                text run at (2,2) width 98: "Complete Install"
            RenderTableCell {TD} at (115,52) size 108x23 [border: (1px inset #808080)] [r=2 c=1 rs=1 cs=1]
              RenderText {#text} at (2,2) size 20x19
                text run at (2,2) width 20: "yes"
            RenderTableCell {TD} at (225,52) size 84x23 [border: (1px inset #808080)] [r=2 c=2 rs=1 cs=1]
              RenderText {#text} at (2,2) size 20x19
                text run at (2,2) width 20: "yes"
            RenderTableCell {TD} at (311,52) size 90x23 [border: (1px inset #808080)] [r=2 c=3 rs=1 cs=1]
              RenderText {#text} at (2,2) size 20x19
                text run at (2,2) width 20: "yes"
          RenderTableRow {TR} at (0,77) size 403x23
            RenderTableCell {TD} at (2,77) size 111x23 [border: (1px inset #808080)] [r=3 c=0 rs=1 cs=1]
              RenderText {#text} at (2,2) size 107x19
                text run at (2,2) width 107: "Pro Edition Install"
            RenderTableCell {TD} at (115,77) size 108x23 [border: (1px inset #808080)] [r=3 c=1 rs=1 cs=1]
              RenderText {#text} at (2,2) size 20x19
                text run at (2,2) width 20: "yes"
            RenderTableCell {TD} at (225,77) size 84x23 [border: (1px inset #808080)] [r=3 c=2 rs=1 cs=1]
              RenderText {#text} at (2,2) size 20x19
                text run at (2,2) width 20: "yes"
            RenderTableCell {TD} at (311,77) size 90x23 [border: (1px inset #808080)] [r=3 c=3 rs=1 cs=1]
              RenderText {#text} at (2,2) size 20x19
                text run at (2,2) width 20: "yes"
