layer at (0,0) size 800x600
  RenderView at (0,0) size 800x600
layer at (0,0) size 800x600
  RenderBlock {HTML} at (0,0) size 800x600
    RenderBody {BODY} at (8,8) size 784x584
      RenderTable {TABLE} at (0,0) size 448x126 [border: (2px outset #808080)]
        RenderBlock {CAPTION} at (0,0) size 443x21
          RenderText {#text} at (8,0) size 427x21
            text run at (8,0) width 427: "Communicator 4.5 Installers for Mac and Windows Platforms"
        RenderTableSection {TBODY} at (2,23) size 443x100
          RenderTableRow {TR} at (0,0) size 443x26
            RenderTableCell {TH} at (0,10) size 130x5 [border: (3px solid #808080) none none (3px none #808080)] [r=0 c=0 rs=1 cs=1]
            RenderTableCell {TH} at (130,0) size 119x26 [border: (3px solid #808080) none none none] [r=0 c=1 rs=1 cs=1]
              RenderText {#text} at (1,4) size 117x21
                text run at (1,4) width 117: "Macintosh PPC"
            RenderTableCell {TH} at (249,0) size 94x26 [border: (3px solid #808080) none none none] [r=0 c=2 rs=1 cs=1]
              RenderText {#text} at (1,4) size 92x21
                text run at (1,4) width 92: "Windows 95"
            RenderTableCell {TH} at (343,0) size 100x26 [border: (3px solid #808080) (2px none #808080) none none] [r=0 c=3 rs=1 cs=1]
              RenderText {#text} at (1,4) size 96x21
                text run at (1,4) width 96: "Windows NT"
          RenderTableRow {TR} at (0,26) size 443x24
            RenderTableCell {TD} at (0,26) size 130x24 [border: (1px solid #808080) none none (3px none #808080)] [r=1 c=0 rs=1 cs=1]
              RenderText {#text} at (4,2) size 83x21
                text run at (4,2) width 83: "Base Install"
            RenderTableCell {TD} at (130,26) size 119x24 [border: (1px solid #808080) none none none] [r=1 c=1 rs=1 cs=1]
              RenderText {#text} at (1,2) size 25x21
                text run at (1,2) width 25: "yes"
            RenderTableCell {TD} at (249,26) size 94x24 [border: (1px solid #808080) none none none] [r=1 c=2 rs=1 cs=1]
              RenderText {#text} at (1,2) size 25x21
                text run at (1,2) width 25: "yes"
            RenderTableCell {TD} at (343,26) size 100x24 [border: (1px solid #808080) (2px none #808080) none none] [r=1 c=3 rs=1 cs=1]
              RenderText {#text} at (1,2) size 25x21
                text run at (1,2) width 25: "yes"
          RenderTableRow {TR} at (0,50) size 443x24
            RenderTableCell {TD} at (0,50) size 130x24 [border: (1px solid #808080) none none (3px none #808080)] [r=2 c=0 rs=1 cs=1]
              RenderText {#text} at (4,2) size 115x21
                text run at (4,2) width 115: "Complete Install"
            RenderTableCell {TD} at (130,50) size 119x24 [border: (1px solid #808080) none none none] [r=2 c=1 rs=1 cs=1]
              RenderText {#text} at (1,2) size 25x21
                text run at (1,2) width 25: "yes"
            RenderTableCell {TD} at (249,50) size 94x24 [border: (1px solid #808080) none none none] [r=2 c=2 rs=1 cs=1]
              RenderText {#text} at (1,2) size 25x21
                text run at (1,2) width 25: "yes"
            RenderTableCell {TD} at (343,50) size 100x24 [border: (1px solid #808080) (2px none #808080) none none] [r=2 c=3 rs=1 cs=1]
              RenderText {#text} at (1,2) size 25x21
                text run at (1,2) width 25: "yes"
          RenderTableRow {TR} at (0,74) size 443x26
            RenderTableCell {TD} at (0,74) size 130x26 [border: (1px solid #808080) none (2px solid #808080) (3px none #808080)] [r=3 c=0 rs=1 cs=1]
              RenderText {#text} at (4,2) size 125x21
                text run at (4,2) width 125: "Pro Edition Install"
            RenderTableCell {TD} at (130,74) size 119x26 [border: (1px solid #808080) none (2px solid #808080) none] [r=3 c=1 rs=1 cs=1]
              RenderText {#text} at (1,2) size 25x21
                text run at (1,2) width 25: "yes"
            RenderTableCell {TD} at (249,74) size 94x26 [border: (1px solid #808080) none (2px solid #808080) none] [r=3 c=2 rs=1 cs=1]
              RenderText {#text} at (1,2) size 25x21
                text run at (1,2) width 25: "yes"
            RenderTableCell {TD} at (343,74) size 100x26 [border: (1px solid #808080) (2px none #808080) (2px solid #808080) none] [r=3 c=3 rs=1 cs=1]
              RenderText {#text} at (1,2) size 25x21
                text run at (1,2) width 25: "yes"
