layer at (0,0) size 784x703
  RenderView at (0,0) size 784x600
layer at (0,0) size 784x492
  RenderBlock {HTML} at (0,0) size 784x492
    RenderBody {BODY} at (8,8) size 768x476
      RenderTable {TABLE} at (0,0) size 200x476 [border: (1px outset #808080)]
        RenderBlock {CAPTION} at (0,0) size 198x206 [border: (3px solid #FFA500)]
          RenderText {#text} at (73,3) size 52x41
            text run at (73,3) width 52: "cap"
        RenderTableSection {TBODY} at (1,207) size 198x268
          RenderTableRow {TR} at (0,30) size 198x53
            RenderTableCell {TD} at (30,47) size 54x19 [border: (1px inset #808080)] [r=0 c=0 rs=1 cs=1]
              RenderText {#text} at (1,1) size 18x17
                text run at (1,1) width 18: "foo"
            RenderTableCell {TD} at (114,30) size 54x53 [border: (1px inset #808080)] [r=0 c=1 rs=1 cs=1]
              RenderText {#text} at (1,1) size 18x17
                text run at (1,1) width 18: "bar"
              RenderBR {BR} at (19,1) size 0x17
              RenderText {#text} at (1,18) size 21x17
                text run at (1,18) width 21: "baz"
              RenderBR {BR} at (22,18) size 0x17
              RenderText {#text} at (1,35) size 21x17
                text run at (1,35) width 21: "zap"
          RenderTableRow {TR} at (0,113) size 198x125
            RenderTableCell {TD} at (30,113) size 54x125 [border: (1px inset #808080)] [r=1 c=0 rs=1 cs=1]
              RenderText {#text} at (1,1) size 52x123
                text run at (1,1) width 45: "foo"
                text run at (1,42) width 47: "bar"
                text run at (1,83) width 52: "baz"
            RenderTableCell {TD} at (114,184) size 54x54 [border: (1px inset #808080)] [r=1 c=1 rs=1 cs=1]
              RenderBlock {DIV} at (1,1) size 52x52 [border: (1px solid #008000)]
                RenderBlock {DIV} at (1,1) size 402x302 [border: (1px solid #FF0000)]
                  RenderText {#text} at (1,1) size 18x41
                    text run at (1,1) width 18: "d"
