layer at (0,0) size 800x600
  RenderView at (0,0) size 800x600
layer at (0,0) size 800x600
  RenderBlock {HTML} at (0,0) size 800x600
    RenderBody {BODY} at (8,8) size 784x584
      RenderBlock {P} at (0,0) size 784x21
        RenderText {#text} at (0,0) size 472x21
          text run at (0,0) width 472: "The caption should be aligned at the left side of the top of the table."
      RenderTable {TABLE} at (0,37) size 191x79 [border: (1px outset #808080)]
        RenderBlock {CAPTION} at (0,0) size 191x21
          RenderText {#text} at (61,0) size 69x21
            text run at (61,0) width 69: "Wild Cats"
        RenderTableSection {TBODY} at (1,22) size 189x56
          RenderTableRow {TR} at (0,2) size 189x25
            RenderTableCell {TD} at (2,2) size 53x25 [border: (1px inset #808080)] [r=0 c=0 rs=1 cs=1]
              RenderText {#text} at (2,2) size 31x21
                text run at (2,2) width 31: "Lion"
            RenderTableCell {TD} at (57,2) size 63x25 [border: (1px inset #808080)] [r=0 c=1 rs=1 cs=1]
              RenderText {#text} at (2,2) size 59x21
                text run at (2,2) width 59: "Leopard"
            RenderTableCell {TD} at (122,2) size 65x25 [border: (1px inset #808080)] [r=0 c=2 rs=1 cs=1]
              RenderText {#text} at (2,2) size 61x21
                text run at (2,2) width 61: "Cheetah"
          RenderTableRow {TR} at (0,29) size 189x25
            RenderTableCell {TD} at (2,29) size 53x25 [border: (1px inset #808080)] [r=1 c=0 rs=1 cs=1]
              RenderText {#text} at (2,2) size 49x21
                text run at (2,2) width 49: "Jaguar"
            RenderTableCell {TD} at (57,29) size 63x25 [border: (1px inset #808080)] [r=1 c=1 rs=1 cs=1]
              RenderText {#text} at (2,2) size 50x21
                text run at (2,2) width 50: "Bobcat"
            RenderTableCell {TD} at (122,29) size 65x25 [border: (1px inset #808080)] [r=1 c=2 rs=1 cs=1]
              RenderText {#text} at (2,2) size 46x21
                text run at (2,2) width 46: "Ocelot"
