layer at (0,0) size 800x600
  RenderView at (0,0) size 800x600
layer at (0,0) size 800x140
  RenderBlock {html} at (0,0) size 800x140
    RenderBody {body} at (8,16) size 784x116
      RenderBlock {p} at (0,0) size 784x21
        RenderText {#text} at (0,0) size 322x21
          text run at (0,0) width 322: "The table caption should be aligned at the left"
      RenderTable {table} at (0,37) size 136x79 [border: (1px outset #808080)]
        RenderBlock {caption} at (0,0) size 136x21
          RenderText {#text} at (32,0) size 72x21
            text run at (32,0) width 72: "CAPTION"
        RenderTableSection (anonymous) at (1,22) size 134x56
          RenderTableRow {tr} at (0,2) size 134x25
            RenderTableCell {td} at (2,2) size 42x25 [border: (1px inset #808080)] [r=0 c=0 rs=1 cs=1]
              RenderText {#text} at (2,2) size 38x21
                text run at (2,2) width 38: "cell 1"
            RenderTableCell {td} at (46,2) size 42x25 [border: (1px inset #808080)] [r=0 c=1 rs=1 cs=1]
              RenderText {#text} at (2,2) size 38x21
                text run at (2,2) width 38: "cell 2"
            RenderTableCell {td} at (90,2) size 42x25 [border: (1px inset #808080)] [r=0 c=2 rs=1 cs=1]
              RenderText {#text} at (2,2) size 38x21
                text run at (2,2) width 38: "cell 3"
          RenderTableRow {tr} at (0,29) size 134x25
            RenderTableCell {td} at (2,29) size 42x25 [border: (1px inset #808080)] [r=1 c=0 rs=1 cs=1]
              RenderText {#text} at (2,2) size 38x21
                text run at (2,2) width 38: "cell 4"
            RenderTableCell {td} at (46,29) size 42x25 [border: (1px inset #808080)] [r=1 c=1 rs=1 cs=1]
              RenderText {#text} at (2,2) size 38x21
                text run at (2,2) width 38: "cell 5"
            RenderTableCell {td} at (90,29) size 42x25 [border: (1px inset #808080)] [r=1 c=2 rs=1 cs=1]
              RenderText {#text} at (2,2) size 38x21
                text run at (2,2) width 38: "cell 6"
