layer at (0,0) size 800x600
  RenderView at (0,0) size 800x600
layer at (0,0) size 800x92
  RenderBlock {html} at (0,0) size 800x92
    RenderBody {body} at (8,16) size 784x68
      RenderBlock {p} at (0,0) size 784x21
        RenderText {#text} at (0,0) size 175x21
          text run at (0,0) width 175: "COLGROUP WIDTH=px"
      RenderTable {table} at (0,37) size 670x31 [border: (1px outset #808080)]
        RenderTableCol {colgroup} at (0,0) size 0x0
          RenderTableCol {col} at (0,0) size 0x0
          RenderTableCol {col} at (0,0) size 0x0
        RenderTableSection (anonymous) at (1,1) size 668x29
          RenderTableRow {tr} at (0,2) size 668x25
            RenderTableCell {td} at (2,2) size 331x25 [border: (1px inset #808080)] [r=0 c=0 rs=1 cs=1]
              RenderText {#text} at (2,2) size 327x21
                text run at (2,2) width 327: "This column should have a width of 200 pixels"
            RenderTableCell {td} at (335,2) size 331x25 [border: (1px inset #808080)] [r=0 c=1 rs=1 cs=1]
              RenderText {#text} at (2,2) size 327x21
                text run at (2,2) width 327: "This column should have a width of 200 pixels"
