layer at (0,0) size 800x600
  RenderView at (0,0) size 800x600
layer at (0,0) size 800x157
  RenderBlock {html} at (0,0) size 800x157
    RenderBody {body} at (8,16) size 784x133
      RenderBlock {p} at (0,0) size 784x19
        RenderText {#text} at (0,0) size 462x19
          text run at (0,0) width 359: "Only the right side of the frame surrounding the table below "
          text run at (359,0) width 103: "should be visible."
      RenderTable {table} at (0,35) size 180x98 [border: none (1px solid #808080) none]
        RenderTableCol {colgroup} at (0,0) size 0x0
          RenderTableCol {col} at (0,0) size 0x0
        RenderTableCol {colgroup} at (0,0) size 0x0
          RenderTableCol {col} at (0,0) size 0x0
        RenderTableCol {colgroup} at (0,0) size 0x0
          RenderTableCol {col} at (0,0) size 0x0
        RenderTableSection {thead} at (0,0) size 179x25
          RenderTableRow {tr} at (0,2) size 179x21
            RenderTableCell {th} at (2,2) size 57x21 [r=0 c=0 rs=1 cs=1]
              RenderText {#text} at (1,1) size 55x19
                text run at (1,1) width 55: "THEAD"
            RenderTableCell {th} at (61,2) size 57x21 [r=0 c=1 rs=1 cs=1]
              RenderText {#text} at (1,1) size 55x19
                text run at (1,1) width 55: "THEAD"
            RenderTableCell {th} at (120,2) size 57x21 [r=0 c=2 rs=1 cs=1]
              RenderText {#text} at (1,1) size 55x19
                text run at (1,1) width 55: "THEAD"
        RenderTableSection {tfoot} at (0,73) size 179x25
          RenderTableRow {tr} at (0,2) size 179x21
            RenderTableCell {td} at (2,2) size 57x21 [r=0 c=0 rs=1 cs=1]
              RenderText {#text} at (1,1) size 51x19
                text run at (1,1) width 51: "TFOOT"
            RenderTableCell {td} at (61,2) size 57x21 [r=0 c=1 rs=1 cs=1]
              RenderText {#text} at (1,1) size 51x19
                text run at (1,1) width 51: "TFOOT"
            RenderTableCell {td} at (120,2) size 57x21 [r=0 c=2 rs=1 cs=1]
              RenderText {#text} at (1,1) size 51x19
                text run at (1,1) width 51: "TFOOT"
        RenderTableSection {tbody} at (0,25) size 179x48
          RenderTableRow {tr} at (0,2) size 179x21
            RenderTableCell {td} at (2,2) size 57x21 [r=0 c=0 rs=1 cs=1]
              RenderText {#text} at (1,1) size 53x19
                text run at (1,1) width 53: "TBODY"
            RenderTableCell {td} at (61,2) size 57x21 [r=0 c=1 rs=1 cs=1]
              RenderText {#text} at (1,1) size 53x19
                text run at (1,1) width 53: "TBODY"
            RenderTableCell {td} at (120,2) size 57x21 [r=0 c=2 rs=1 cs=1]
              RenderText {#text} at (1,1) size 53x19
                text run at (1,1) width 53: "TBODY"
          RenderTableRow {tr} at (0,25) size 179x21
            RenderTableCell {td} at (2,25) size 57x21 [r=1 c=0 rs=1 cs=1]
              RenderText {#text} at (1,1) size 53x19
                text run at (1,1) width 53: "TBODY"
            RenderTableCell {td} at (61,25) size 57x21 [r=1 c=1 rs=1 cs=1]
              RenderText {#text} at (1,1) size 53x19
                text run at (1,1) width 53: "TBODY"
            RenderTableCell {td} at (120,25) size 57x21 [r=1 c=2 rs=1 cs=1]
              RenderText {#text} at (1,1) size 53x19
                text run at (1,1) width 53: "TBODY"
