layer at (0,0) size 800x600
  RenderView at (0,0) size 800x600
layer at (0,0) size 800x155
  RenderBlock {html} at (0,0) size 800x155
    RenderBody {body} at (8,16) size 784x131
      RenderBlock {p} at (0,0) size 784x21
        RenderText {#text} at (0,0) size 577x21
          text run at (0,0) width 465: "There should be rules between all columns (and only columns) in "
          text run at (465,0) width 112: "the table below."
      RenderTable {table} at (0,37) size 181x94 [border: none]
        RenderTableCol {colgroup} at (0,0) size 0x0
          RenderTableCol {col} at (0,0) size 0x0
        RenderTableCol {colgroup} at (0,0) size 0x0
          RenderTableCol {col} at (0,0) size 0x0
        RenderTableCol {colgroup} at (0,0) size 0x0
          RenderTableCol {col} at (0,0) size 0x0
        RenderTableSection {thead} at (0,0) size 180x24
          RenderTableRow {tr} at (0,0) size 180x24
            RenderTableCell {th} at (0,0) size 60x24 [border: (1px none #808080) none none (1px solid #808080)] [r=0 c=0 rs=1 cs=1]
              RenderText {#text} at (2,2) size 57x21
                text run at (2,2) width 57: "THEAD"
            RenderTableCell {th} at (60,0) size 60x24 [border: (1px none #808080) none none (1px solid #808080)] [r=0 c=1 rs=1 cs=1]
              RenderText {#text} at (2,2) size 57x21
                text run at (2,2) width 57: "THEAD"
            RenderTableCell {th} at (120,0) size 60x24 [border: (1px none #808080) none none (1px solid #808080)] [r=0 c=2 rs=1 cs=1]
              RenderText {#text} at (2,2) size 57x21
                text run at (2,2) width 57: "THEAD"
        RenderTableSection {tfoot} at (0,70) size 180x23
          RenderTableRow {tr} at (0,0) size 180x23
            RenderTableCell {td} at (0,0) size 60x23 [border: none none none (1px solid #808080)] [r=0 c=0 rs=1 cs=1]
              RenderText {#text} at (2,1) size 54x21
                text run at (2,1) width 54: "TFOOT"
            RenderTableCell {td} at (60,0) size 60x23 [border: none none none (1px solid #808080)] [r=0 c=1 rs=1 cs=1]
              RenderText {#text} at (2,1) size 54x21
                text run at (2,1) width 54: "TFOOT"
            RenderTableCell {td} at (120,0) size 60x23 [border: none none none (1px solid #808080)] [r=0 c=2 rs=1 cs=1]
              RenderText {#text} at (2,1) size 54x21
                text run at (2,1) width 54: "TFOOT"
        RenderTableSection {tbody} at (0,24) size 180x46
          RenderTableRow {tr} at (0,0) size 180x23
            RenderTableCell {td} at (0,0) size 60x23 [border: none none none (1px solid #808080)] [r=0 c=0 rs=1 cs=1]
              RenderText {#text} at (2,1) size 56x21
                text run at (2,1) width 56: "TBODY"
            RenderTableCell {td} at (60,0) size 60x23 [border: none none none (1px solid #808080)] [r=0 c=1 rs=1 cs=1]
              RenderText {#text} at (2,1) size 56x21
                text run at (2,1) width 56: "TBODY"
            RenderTableCell {td} at (120,0) size 60x23 [border: none none none (1px solid #808080)] [r=0 c=2 rs=1 cs=1]
              RenderText {#text} at (2,1) size 56x21
                text run at (2,1) width 56: "TBODY"
          RenderTableRow {tr} at (0,23) size 180x23
            RenderTableCell {td} at (0,23) size 60x23 [border: none none none (1px solid #808080)] [r=1 c=0 rs=1 cs=1]
              RenderText {#text} at (2,1) size 56x21
                text run at (2,1) width 56: "TBODY"
            RenderTableCell {td} at (60,23) size 60x23 [border: none none none (1px solid #808080)] [r=1 c=1 rs=1 cs=1]
              RenderText {#text} at (2,1) size 56x21
                text run at (2,1) width 56: "TBODY"
            RenderTableCell {td} at (120,23) size 60x23 [border: none none none (1px solid #808080)] [r=1 c=2 rs=1 cs=1]
              RenderText {#text} at (2,1) size 56x21
                text run at (2,1) width 56: "TBODY"
