layer at (0,0) size 800x600
  RenderView at (0,0) size 800x600
layer at (0,0) size 800x158
  RenderBlock {html} at (0,0) size 800x158
    RenderBody {body} at (8,16) size 784x134
      RenderBlock {p} at (0,0) size 784x21
        RenderText {#text} at (0,0) size 525x21
          text run at (0,0) width 439: "There should be rules between all rows (and only rows) in the "
          text run at (439,0) width 86: "table below."
      RenderTable {table} at (0,37) size 179x97 [border: none]
        RenderTableCol {colgroup} at (0,0) size 0x0
          RenderTableCol {col} at (0,0) size 0x0
        RenderTableCol {colgroup} at (0,0) size 0x0
          RenderTableCol {col} at (0,0) size 0x0
        RenderTableCol {colgroup} at (0,0) size 0x0
          RenderTableCol {col} at (0,0) size 0x0
        RenderTableSection {thead} at (0,0) size 178x24
          RenderTableRow {tr} at (0,0) size 178x24
            RenderTableCell {th} at (0,0) size 60x24 [border: (1px solid #808080) none none (1px none #808080)] [r=0 c=0 rs=1 cs=1]
              RenderText {#text} at (2,2) size 57x21
                text run at (2,2) width 57: "THEAD"
            RenderTableCell {th} at (60,0) size 59x24 [border: (1px solid #808080) none none none] [r=0 c=1 rs=1 cs=1]
              RenderText {#text} at (1,2) size 57x21
                text run at (1,2) width 57: "THEAD"
            RenderTableCell {th} at (119,0) size 59x24 [border: (1px solid #808080) none none none] [r=0 c=2 rs=1 cs=1]
              RenderText {#text} at (1,2) size 57x21
                text run at (1,2) width 57: "THEAD"
        RenderTableSection {tfoot} at (0,72) size 178x24
          RenderTableRow {tr} at (0,0) size 178x24
            RenderTableCell {td} at (0,0) size 60x24 [border: (1px solid #808080) none none (1px none #808080)] [r=0 c=0 rs=1 cs=1]
              RenderText {#text} at (2,2) size 54x21
                text run at (2,2) width 54: "TFOOT"
            RenderTableCell {td} at (60,0) size 59x24 [border: (1px solid #808080) none none none] [r=0 c=1 rs=1 cs=1]
              RenderText {#text} at (1,2) size 54x21
                text run at (1,2) width 54: "TFOOT"
            RenderTableCell {td} at (119,0) size 59x24 [border: (1px solid #808080) none none none] [r=0 c=2 rs=1 cs=1]
              RenderText {#text} at (1,2) size 54x21
                text run at (1,2) width 54: "TFOOT"
        RenderTableSection {tbody} at (0,24) size 178x48
          RenderTableRow {tr} at (0,0) size 178x24
            RenderTableCell {td} at (0,0) size 60x24 [border: (1px solid #808080) none none (1px none #808080)] [r=0 c=0 rs=1 cs=1]
              RenderText {#text} at (2,2) size 56x21
                text run at (2,2) width 56: "TBODY"
            RenderTableCell {td} at (60,0) size 59x24 [border: (1px solid #808080) none none none] [r=0 c=1 rs=1 cs=1]
              RenderText {#text} at (1,2) size 56x21
                text run at (1,2) width 56: "TBODY"
            RenderTableCell {td} at (119,0) size 59x24 [border: (1px solid #808080) none none none] [r=0 c=2 rs=1 cs=1]
              RenderText {#text} at (1,2) size 56x21
                text run at (1,2) width 56: "TBODY"
          RenderTableRow {tr} at (0,24) size 178x24
            RenderTableCell {td} at (0,24) size 60x24 [border: (1px solid #808080) none none (1px none #808080)] [r=1 c=0 rs=1 cs=1]
              RenderText {#text} at (2,2) size 56x21
                text run at (2,2) width 56: "TBODY"
            RenderTableCell {td} at (60,24) size 59x24 [border: (1px solid #808080) none none none] [r=1 c=1 rs=1 cs=1]
              RenderText {#text} at (1,2) size 56x21
                text run at (1,2) width 56: "TBODY"
            RenderTableCell {td} at (119,24) size 59x24 [border: (1px solid #808080) none none none] [r=1 c=2 rs=1 cs=1]
              RenderText {#text} at (1,2) size 56x21
                text run at (1,2) width 56: "TBODY"
