layer at (0,0) size 800x600
  RenderView at (0,0) size 800x600
layer at (0,0) size 800x159
  RenderBlock {html} at (0,0) size 800x159
    RenderBody {body} at (8,16) size 784x135
      RenderBlock {p} at (0,0) size 784x19
        RenderText {#text} at (0,0) size 432x19
          text run at (0,0) width 372: "All four sides of the frame surrounding the table below should "
          text run at (372,0) width 60: "be visible."
      RenderTable {table} at (0,35) size 181x100 [border: (1px solid #808080)]
        RenderTableCol {colgroup} at (0,0) size 0x0
          RenderTableCol {col} at (0,0) size 0x0
        RenderTableCol {colgroup} at (0,0) size 0x0
          RenderTableCol {col} at (0,0) size 0x0
        RenderTableCol {colgroup} at (0,0) size 0x0
          RenderTableCol {col} at (0,0) size 0x0
        RenderTableSection {thead} at (1,1) size 179x25
          RenderTableRow {tr} at (0,2) size 179x21
            RenderTableCell {th} at (2,2) size 57x21 [r=0 c=0 rs=1 cs=1]
              RenderText {#text} at (1,1) size 55x19
                text run at (1,1) width 55: "THEAD"
            RenderTableCell {th} at (61,2) size 57x21 [r=0 c=1 rs=1 cs=1]
              RenderText {#text} at (1,1) size 55x19
                text run at (1,1) width 55: "THEAD"
            RenderTableCell {th} at (120,2) size 57x21 [r=0 c=2 rs=1 cs=1]
              RenderText {#text} at (1,1) size 55x19
                text run at (1,1) width 55: "THEAD"
        RenderTableSection {tfoot} at (1,74) size 179x25
          RenderTableRow {tr} at (0,2) size 179x21
            RenderTableCell {td} at (2,2) size 57x21 [r=0 c=0 rs=1 cs=1]
              RenderText {#text} at (1,1) size 51x19
                text run at (1,1) width 51: "TFOOT"
            RenderTableCell {td} at (61,2) size 57x21 [r=0 c=1 rs=1 cs=1]
              RenderText {#text} at (1,1) size 51x19
                text run at (1,1) width 51: "TFOOT"
            RenderTableCell {td} at (120,2) size 57x21 [r=0 c=2 rs=1 cs=1]
              RenderText {#text} at (1,1) size 51x19
                text run at (1,1) width 51: "TFOOT"
        RenderTableSection {tbody} at (1,26) size 179x48
          RenderTableRow {tr} at (0,2) size 179x21
            RenderTableCell {td} at (2,2) size 57x21 [r=0 c=0 rs=1 cs=1]
              RenderText {#text} at (1,1) size 53x19
                text run at (1,1) width 53: "TBODY"
            RenderTableCell {td} at (61,2) size 57x21 [r=0 c=1 rs=1 cs=1]
              RenderText {#text} at (1,1) size 53x19
                text run at (1,1) width 53: "TBODY"
            RenderTableCell {td} at (120,2) size 57x21 [r=0 c=2 rs=1 cs=1]
              RenderText {#text} at (1,1) size 53x19
                text run at (1,1) width 53: "TBODY"
          RenderTableRow {tr} at (0,25) size 179x21
            RenderTableCell {td} at (2,25) size 57x21 [r=1 c=0 rs=1 cs=1]
              RenderText {#text} at (1,1) size 53x19
                text run at (1,1) width 53: "TBODY"
            RenderTableCell {td} at (61,25) size 57x21 [r=1 c=1 rs=1 cs=1]
              RenderText {#text} at (1,1) size 53x19
                text run at (1,1) width 53: "TBODY"
            RenderTableCell {td} at (120,25) size 57x21 [r=1 c=2 rs=1 cs=1]
              RenderText {#text} at (1,1) size 53x19
                text run at (1,1) width 53: "TBODY"
