layer at (0,0) size 800x600
  RenderView at (0,0) size 800x600
layer at (0,0) size 800x600
  RenderBlock {HTML} at (0,0) size 800x600
    RenderBody {BODY} at (8,8) size 784x584
      RenderBlock {P} at (0,0) size 784x21
        RenderText {#text} at (0,0) size 746x21
          text run at (0,0) width 746: "This tests for a bug where deleting the contents of an editable root that's inline would introduce a new line."
      RenderBlock {DIV} at (0,37) size 784x23 [border: (1px solid #000000)]
        RenderInline {SPAN} at (0,0) size 436x21
          RenderText {#text} at (1,1) size 436x21
            text run at (1,1) width 436: "There shouldn't be any blank lines in the black bordered area."
          RenderBR {BR} at (437,17) size 0x0
caret: position 62 of child 0 {#text} of child 0 {SPAN} of child 2 {DIV} of body
