EDITING DELEGATE: shouldBeginEditingInDOMRange:range from 0 of DIV > BODY > HTML > #document to 3 of DIV > BODY > HTML > #document
EDITING DELEGATE: webViewDidBeginEditing:WebViewDidBeginEditingNotification
EDITING DELEGATE: webViewDidChangeSelection:WebViewDidChangeSelectionNotification
EDITING DELEGATE: webViewDidChangeSelection:WebViewDidChangeSelectionNotification
EDITING DELEGATE: webViewDidChangeSelection:WebViewDidChangeSelectionNotification
EDITING DELEGATE: webViewDidChangeSelection:WebViewDidChangeSelectionNotification
EDITING DELEGATE: shouldDeleteDOMRange:range from 3 of DIV > DIV > BODY > HTML > #document to 7 of DIV > DIV > BODY > HTML > #document
EDITING DELEGATE: shouldChangeSelectedDOMRange:range from 3 of DIV > DIV > BODY > HTML > #document to 3 of DIV > DIV > BODY > HTML > #document toDOMRange:range from 3 of DIV > DIV > BODY > HTML > #document to 3 of DIV > DIV > BODY > HTML > #document affinity:NSSelectionAffinityDownstream stillSelecting:FALSE
EDITING DELEGATE: webViewDidChangeSelection:WebViewDidChangeSelectionNotification
EDITING DELEGATE: webViewDidChange:WebViewDidChangeNotification
layer at (0,0) size 800x600
  RenderView at (0,0) size 800x600
layer at (0,0) size 800x600
  RenderBlock {HTML} at (0,0) size 800x600
    RenderBody {BODY} at (8,8) size 784x584
      RenderBlock {DIV} at (0,0) size 784x275 [border: (2px solid #0000FF)]
        RenderBlock {DIV} at (14,14) size 756x99
          RenderText {#text} at (0,0) size 67x33
            text run at (0,0) width 67: "Tests: "
          RenderBR {BR} at (0,0) size 0x0
          RenderText {#text} at (0,33) size 732x66
            text run at (0,33) width 732: "Deleting when a selection starts in a blank line created by a BR element"
            text run at (0,66) width 405: "and extends to the end of the document."
        RenderBlock {DIV} at (14,129) size 756x132
          RenderText {#text} at (0,0) size 189x33
            text run at (0,0) width 189: "Expected Results: "
          RenderBR {BR} at (189,24) size 0x0
          RenderText {#text} at (0,33) size 750x99
            text run at (0,33) width 750: "Should see the two lines in the red box. First line should be \"A\". Next one"
            text run at (0,66) width 707: "should be empty. Insertion point should be blinking at the start of the"
            text run at (0,99) width 119: "second line."
      RenderBlock {DIV} at (0,299) size 784x70
        RenderBlock {DIV} at (0,0) size 784x70 [border: (2px solid #FF0000)]
          RenderBlock {P} at (2,2) size 780x33
            RenderText {#text} at (0,0) size 17x33
              text run at (0,0) width 17: "A"
          RenderBlock (anonymous) at (2,35) size 780x33
            RenderBR {BR} at (0,0) size 0x33
caret: position 0 of child 3 {BR} of child 1 {DIV} of child 3 {DIV} of body
