EDITING DELEGATE: shouldBeginEditingInDOMRange:range from 0 of DIV > BODY > HTML > #document to 5 of DIV > BODY > HTML > #document
EDITING DELEGATE: webViewDidBeginEditing:WebViewDidBeginEditingNotification
EDITING DELEGATE: webViewDidChangeSelection:WebViewDidChangeSelectionNotification
EDITING DELEGATE: webViewDidChangeSelection:WebViewDidChangeSelectionNotification
EDITING DELEGATE: shouldDeleteDOMRange:range from 0 of DIV > DIV > BODY > HTML > #document to 3 of DIV > BODY > HTML > #document
EDITING DELEGATE: shouldChangeSelectedDOMRange:range from 0 of DIV > DIV > BODY > HTML > #document to 3 of DIV > BODY > HTML > #document toDOMRange:range from 0 of DIV > DIV > BODY > HTML > #document to 0 of DIV > DIV > BODY > HTML > #document affinity:NSSelectionAffinityDownstream stillSelecting:FALSE
EDITING DELEGATE: webViewDidChangeSelection:WebViewDidChangeSelectionNotification
EDITING DELEGATE: webViewDidChange:WebViewDidChangeNotification
layer at (0,0) size 800x600
  RenderView at (0,0) size 800x600
layer at (0,0) size 800x600
  RenderBlock {HTML} at (0,0) size 800x600
    RenderBody {BODY} at (8,8) size 784x584
      RenderBlock {P} at (0,0) size 784x88
        RenderText {#text} at (0,0) size 756x88
          text run at (0,0) width 755: "This tests deletion of an empty line starting inside a <div> element, but ending outside that element (just before a"
          text run at (0,22) width 733: "<br>). In this case, the <div> has no content inside it, but a min-height style prevents it from collapsing. If the"
          text run at (0,44) width 756: "deletion is successful, the result should have two lines, and the insertion point should be on the second line, at the"
          text run at (0,66) width 162: "end of the editable area."
      RenderBlock {DIV} at (0,104) size 784x72
        RenderBlock {DIV} at (0,0) size 784x22
          RenderText {#text} at (0,0) size 8x22
            text run at (0,0) width 8: "a"
        RenderBlock {DIV} at (0,22) size 784x50
          RenderBR {BR} at (0,0) size 0x22
        RenderBlock (anonymous) at (0,72) size 784x0
caret: position 0 of child 0 {BR} of child 2 {DIV} of child 3 {DIV} of body
