EDITING DELEGATE: shouldBeginEditingInDOMRange:range from 0 of DIV > BODY > HTML > #document to 3 of DIV > BODY > HTML > #document
EDITING DELEGATE: webViewDidBeginEditing:WebViewDidBeginEditingNotification
EDITING DELEGATE: webViewDidChangeSelection:WebViewDidChangeSelectionNotification
EDITING DELEGATE: webViewDidChangeSelection:WebViewDidChangeSelectionNotification
EDITING DELEGATE: webViewDidChangeSelection:WebViewDidChangeSelectionNotification
EDITING DELEGATE: webViewDidChangeSelection:WebViewDidChangeSelectionNotification
EDITING DELEGATE: webViewDidChangeSelection:WebViewDidChangeSelectionNotification
EDITING DELEGATE: webViewDidChangeSelection:WebViewDidChangeSelectionNotification
EDITING DELEGATE: webViewDidChangeSelection:WebViewDidChangeSelectionNotification
EDITING DELEGATE: webViewDidChangeSelection:WebViewDidChangeSelectionNotification
EDITING DELEGATE: shouldDeleteDOMRange:range from 4 of #text > LI > UL > DIV > BODY > HTML > #document to 5 of #text > LI > UL > DIV > BODY > HTML > #document
EDITING DELEGATE: webViewDidChangeSelection:WebViewDidChangeSelectionNotification
EDITING DELEGATE: webViewDidChangeSelection:WebViewDidChangeSelectionNotification
EDITING DELEGATE: webViewDidChange:WebViewDidChangeNotification
EDITING DELEGATE: shouldDeleteDOMRange:range from 3 of #text > LI > UL > DIV > BODY > HTML > #document to 4 of #text > LI > UL > DIV > BODY > HTML > #document
EDITING DELEGATE: webViewDidChangeSelection:WebViewDidChangeSelectionNotification
EDITING DELEGATE: webViewDidChangeSelection:WebViewDidChangeSelectionNotification
EDITING DELEGATE: webViewDidChange:WebViewDidChangeNotification
EDITING DELEGATE: shouldDeleteDOMRange:range from 2 of #text > LI > UL > DIV > BODY > HTML > #document to 3 of #text > LI > UL > DIV > BODY > HTML > #document
EDITING DELEGATE: webViewDidChangeSelection:WebViewDidChangeSelectionNotification
EDITING DELEGATE: webViewDidChangeSelection:WebViewDidChangeSelectionNotification
EDITING DELEGATE: webViewDidChange:WebViewDidChangeNotification
EDITING DELEGATE: shouldDeleteDOMRange:range from 1 of #text > LI > UL > DIV > BODY > HTML > #document to 2 of #text > LI > UL > DIV > BODY > HTML > #document
EDITING DELEGATE: webViewDidChangeSelection:WebViewDidChangeSelectionNotification
EDITING DELEGATE: webViewDidChangeSelection:WebViewDidChangeSelectionNotification
EDITING DELEGATE: webViewDidChange:WebViewDidChangeNotification
EDITING DELEGATE: shouldDeleteDOMRange:range from 0 of #text > LI > UL > DIV > BODY > HTML > #document to 1 of #text > LI > UL > DIV > BODY > HTML > #document
EDITING DELEGATE: webViewDidChangeSelection:WebViewDidChangeSelectionNotification
EDITING DELEGATE: shouldChangeSelectedDOMRange:range from 0 of LI > UL > DIV > BODY > HTML > #document to 0 of LI > UL > DIV > BODY > HTML > #document toDOMRange:range from 0 of LI > UL > DIV > BODY > HTML > #document to 0 of LI > UL > DIV > BODY > HTML > #document affinity:NSSelectionAffinityDownstream stillSelecting:FALSE
EDITING DELEGATE: webViewDidChangeSelection:WebViewDidChangeSelectionNotification
EDITING DELEGATE: webViewDidChange:WebViewDidChangeNotification
layer at (0,0) size 800x600
  RenderView at (0,0) size 800x600
layer at (0,0) size 800x600
  RenderBlock {HTML} at (0,0) size 800x600
    RenderBody {BODY} at (8,8) size 784x584
      RenderBlock {DIV} at (0,0) size 784x226 [border: (2px solid #FF0000)]
        RenderBlock {UL} at (14,38) size 756x150
          RenderListItem {LI} at (40,0) size 716x30
            RenderListMarker at (-23,0) size 10x30: bullet
            RenderText {#text} at (0,0) size 39x30
              text run at (0,0) width 39: "one"
          RenderListItem {LI} at (40,30) size 716x30
            RenderListMarker at (-23,0) size 10x30: bullet
            RenderText {#text} at (0,0) size 37x30
              text run at (0,0) width 37: "two"
          RenderListItem {LI} at (40,60) size 716x30
            RenderListMarker at (-23,0) size 10x30: bullet
            RenderBR {BR} at (0,0) size 0x30
          RenderListItem {LI} at (40,90) size 716x30
            RenderListMarker at (-23,0) size 10x30: bullet
            RenderText {#text} at (0,0) size 41x30
              text run at (0,0) width 41: "four"
          RenderListItem {LI} at (40,120) size 716x30
            RenderListMarker at (-23,0) size 10x30: bullet
            RenderText {#text} at (0,0) size 37x30
              text run at (0,0) width 37: "five"
caret: position 0 of child 0 {BR} of child 5 {LI} of child 1 {UL} of child 1 {DIV} of body
