EDITING DELEGATE: shouldBeginEditingInDOMRange:range from 0 of BODY > HTML > #document to 4 of BODY > HTML > #document
EDITING DELEGATE: webViewDidBeginEditing:WebViewDidBeginEditingNotification
EDITING DELEGATE: webViewDidChangeSelection:WebViewDidChangeSelectionNotification
EDITING DELEGATE: webViewDidChangeSelection:WebViewDidChangeSelectionNotification
EDITING DELEGATE: webViewDidChangeSelection:WebViewDidChangeSelectionNotification
EDITING DELEGATE: webViewDidChangeSelection:WebViewDidChangeSelectionNotification
EDITING DELEGATE: webViewDidChangeSelection:WebViewDidChangeSelectionNotification
EDITING DELEGATE: shouldDeleteDOMRange:range from 3 of #text > B > DIV > DIV > BODY > HTML > #document to 3 of #text > I > DIV > DIV > BODY > HTML > #document
EDITING DELEGATE: shouldChangeSelectedDOMRange:range from 3 of #text > B > DIV > DIV > BODY > HTML > #document to 2 of DIV > BODY > HTML > #document toDOMRange:range from 3 of #text > B > DIV > DIV > BODY > HTML > #document to 3 of #text > B > DIV > DIV > BODY > HTML > #document affinity:NSSelectionAffinityDownstream stillSelecting:FALSE
EDITING DELEGATE: webViewDidChangeSelection:WebViewDidChangeSelectionNotification
EDITING DELEGATE: webViewDidChange:WebViewDidChangeNotification
layer at (0,0) size 800x600
  RenderView at (0,0) size 800x600
layer at (0,0) size 800x600
  RenderBlock {HTML} at (0,0) size 800x600
    RenderBody {BODY} at (8,8) size 784x584
      RenderBlock {DIV} at (0,0) size 784x123 [border: (2px solid #FF0000)]
        RenderBlock {DIV} at (14,14) size 756x32
          RenderInline {B} at (0,0) size 43x32
            RenderText {#text} at (0,0) size 43x32
              text run at (0,0) width 43: "one"
        RenderBlock {DIV} at (14,46) size 756x32
          RenderInline {B} at (0,0) size 58x32
            RenderText {#text} at (0,0) size 58x32
              text run at (0,0) width 58: "three"
        RenderBlock {DIV} at (14,78) size 756x31
          RenderInline {I} at (0,0) size 41x31
            RenderText {#text} at (0,0) size 41x31
              text run at (0,0) width 41: "four"
caret: position 3 of child 0 {#text} of child 0 {B} of child 1 {DIV} of child 1 {DIV} of body
