EDITING DELEGATE: shouldBeginEditingInDOMRange:range from 0 of BODY > HTML > #document to 6 of BODY > HTML > #document
EDITING DELEGATE: webViewDidBeginEditing:WebViewDidBeginEditingNotification
EDITING DELEGATE: webViewDidChangeSelection:WebViewDidChangeSelectionNotification
EDITING DELEGATE: webViewDidChangeSelection:WebViewDidChangeSelectionNotification
EDITING DELEGATE: webViewDidChangeSelection:WebViewDidChangeSelectionNotification
EDITING DELEGATE: webViewDidChangeSelection:WebViewDidChangeSelectionNotification
EDITING DELEGATE: webViewDidChangeSelection:WebViewDidChangeSelectionNotification
EDITING DELEGATE: shouldDeleteDOMRange:range from 3 of #text > DIV > DIV > BODY > HTML > #document to 1 of #text > DIV > DIV > DIV > BODY > HTML > #document
EDITING DELEGATE: webViewDidChangeSelection:WebViewDidChangeSelectionNotification
EDITING DELEGATE: webViewDidChangeSelection:WebViewDidChangeSelectionNotification
EDITING DELEGATE: shouldChangeSelectedDOMRange:range from 0 of #text > DIV > DIV > BODY > HTML > #document to 0 of DIV > DIV > DIV > BODY > HTML > #document toDOMRange:range from 2 of #text > DIV > DIV > BODY > HTML > #document to 2 of #text > DIV > DIV > BODY > HTML > #document affinity:NSSelectionAffinityDownstream stillSelecting:FALSE
EDITING DELEGATE: webViewDidChangeSelection:WebViewDidChangeSelectionNotification
EDITING DELEGATE: webViewDidChange:WebViewDidChangeNotification
layer at (0,0) size 800x600
  RenderView at (0,0) size 800x600
layer at (0,0) size 800x600
  RenderBlock {HTML} at (0,0) size 800x600
    RenderBody {BODY} at (8,8) size 784x584
      RenderBlock {DIV} at (0,0) size 784x88 [border: (2px solid #0000FF)]
        RenderText {#text} at (14,14) size 749x60
          text run at (14,14) width 742: "Should see \"XX\" in a top red box, and another \"XX\" in a red box inside"
          text run at (756,14) width 7: " "
          text run at (14,44) width 86: "the first."
      RenderBlock {DIV} at (0,112) size 784x116
        RenderBlock {DIV} at (0,0) size 784x116 [border: (2px solid #FF0000)]
          RenderBlock (anonymous) at (14,14) size 756x30
            RenderText {#text} at (0,0) size 16x30
              text run at (0,0) width 16: "X"
            RenderText {#text} at (16,0) size 16x30
              text run at (16,0) width 16: "X"
          RenderBlock {DIV} at (14,44) size 756x58 [border: (2px solid #FF0000)]
            RenderText {#text} at (14,14) size 32x30
              text run at (14,14) width 32: "XX"
caret: position 2 of child 0 {#text} of child 1 {DIV} of child 3 {DIV} of body
