EDITING DELEGATE: shouldBeginEditingInDOMRange:range from 0 of DIV > BODY > HTML > #document to 3 of DIV > BODY > HTML > #document
EDITING DELEGATE: webViewDidBeginEditing:WebViewDidBeginEditingNotification
EDITING DELEGATE: webViewDidChangeSelection:WebViewDidChangeSelectionNotification
EDITING DELEGATE: webViewDidChangeSelection:WebViewDidChangeSelectionNotification
EDITING DELEGATE: webViewDidChangeSelection:WebViewDidChangeSelectionNotification
EDITING DELEGATE: webViewDidChangeSelection:WebViewDidChangeSelectionNotification
EDITING DELEGATE: webViewDidChangeSelection:WebViewDidChangeSelectionNotification
EDITING DELEGATE: shouldDeleteDOMRange:range from 6 of #text > DIV > DIV > BODY > HTML > #document to 0 of DIV > DIV > DIV > BODY > HTML > #document
EDITING DELEGATE: shouldChangeSelectedDOMRange:range from 0 of DIV > DIV > DIV > BODY > HTML > #document to 0 of DIV > DIV > DIV > BODY > HTML > #document toDOMRange:range from 4 of #text > DIV > DIV > BODY > HTML > #document to 4 of #text > DIV > DIV > BODY > HTML > #document affinity:NSSelectionAffinityDownstream stillSelecting:FALSE
EDITING DELEGATE: webViewDidChangeSelection:WebViewDidChangeSelectionNotification
EDITING DELEGATE: webViewDidChange:WebViewDidChangeNotification
layer at (0,0) size 800x600
  RenderView at (0,0) size 800x600
layer at (0,0) size 800x600
  RenderBlock {HTML} at (0,0) size 800x600
    RenderBody {BODY} at (8,8) size 784x584
      RenderBlock {DIV} at (0,0) size 784x127 [border: (2px solid #FF0000)]
        RenderBlock {DIV} at (14,14) size 756x99
          RenderBlock (anonymous) at (0,0) size 756x33
            RenderText {#text} at (0,0) size 43x33
              text run at (0,0) width 43: "One"
            RenderText {#text} at (43,0) size 45x33
              text run at (43,0) width 45: "Two"
          RenderBlock {DIV} at (0,33) size 756x33
            RenderBlock (anonymous) at (0,0) size 756x0
            RenderBlock {DIV} at (0,0) size 756x33
              RenderText {#text} at (0,0) size 62x33
                text run at (0,0) width 62: "Three"
              RenderBR {BR} at (62,24) size 0x0
          RenderBlock (anonymous) at (0,66) size 756x33
            RenderText {#text} at (0,0) size 51x33
              text run at (0,0) width 51: "Four"
caret: position 4 of child 0 {#text} of child 1 {DIV} of child 1 {DIV} of body
