EDITING DELEGATE: shouldBeginEditingInDOMRange:range from 0 of DIV > BODY > HTML > #document to 3 of DIV > BODY > HTML > #document
EDITING DELEGATE: webViewDidBeginEditing:WebViewDidBeginEditingNotification
EDITING DELEGATE: webViewDidChangeSelection:WebViewDidChangeSelectionNotification
EDITING DELEGATE: webViewDidChangeSelection:WebViewDidChangeSelectionNotification
EDITING DELEGATE: webViewDidChangeSelection:WebViewDidChangeSelectionNotification
EDITING DELEGATE: webViewDidChangeSelection:WebViewDidChangeSelectionNotification
EDITING DELEGATE: webViewDidChangeSelection:WebViewDidChangeSelectionNotification
EDITING DELEGATE: webViewDidChangeSelection:WebViewDidChangeSelectionNotification
EDITING DELEGATE: webViewDidChangeSelection:WebViewDidChangeSelectionNotification
EDITING DELEGATE: webViewDidChangeSelection:WebViewDidChangeSelectionNotification
EDITING DELEGATE: shouldDeleteDOMRange:range from 2 of #text > P > DIV > DIV > BODY > HTML > #document to 4 of #text > P > DIV > DIV > BODY > HTML > #document
EDITING DELEGATE: webViewDidChangeSelection:WebViewDidChangeSelectionNotification
EDITING DELEGATE: webViewDidChangeSelection:WebViewDidChangeSelectionNotification
EDITING DELEGATE: webViewDidChange:WebViewDidChangeNotification
layer at (0,0) size 800x600
  RenderView at (0,0) size 800x600
layer at (0,0) size 800x600
  RenderBlock {HTML} at (0,0) size 800x600
    RenderBody {BODY} at (8,8) size 784x584
      RenderBlock {DIV} at (0,0) size 784x288 [border: (2px solid #0000FF)]
        RenderBlock {DIV} at (14,14) size 756x92
          RenderText {#text} at (0,0) size 77x32
            text run at (0,0) width 77: "Tests: "
          RenderBR {BR} at (0,0) size 0x0
          RenderText {#text} at (0,32) size 747x60
            text run at (0,32) width 747: "Deleting when a selection starts in the middle of the last paragraph and"
            text run at (0,62) width 384: "extends to the end of that paragraph"
        RenderBlock {DIV} at (14,122) size 756x152
          RenderText {#text} at (0,0) size 214x32
            text run at (0,0) width 214: "Expected Results: "
          RenderBR {BR} at (214,24) size 0x0
          RenderText {#text} at (0,32) size 752x120
            text run at (0,32) width 752: "Should see the four lines in the red box. First line should be \"one\". Next"
            text run at (0,62) width 224: "one should be \"two\". "
            text run at (224,62) width 497: "Next one should be \"three\". Last one should be"
            text run at (0,92) width 52: "\"fo\". "
            text run at (52,92) width 660: "Insertion point should be blinking at the start of the fourth (last)"
            text run at (0,122) width 43: "line."
      RenderBlock {DIV} at (0,312) size 784x124
        RenderBlock {DIV} at (0,0) size 784x124 [border: (2px solid #FF0000)]
          RenderBlock (anonymous) at (2,2) size 780x30
            RenderText {#text} at (0,0) size 39x30
              text run at (0,0) width 39: "one"
          RenderBlock {P} at (2,32) size 780x30
            RenderText {#text} at (0,0) size 37x30
              text run at (0,0) width 37: "two"
          RenderBlock {P} at (2,62) size 780x30
            RenderText {#text} at (0,0) size 54x30
              text run at (0,0) width 54: "three"
          RenderBlock {P} at (2,92) size 780x30
            RenderText {#text} at (0,0) size 20x30
              text run at (0,0) width 20: "fo"
caret: position 2 of child 0 {#text} of child 5 {P} of child 1 {DIV} of child 3 {DIV} of body
