EDITING DELEGATE: shouldBeginEditingInDOMRange:range from 0 of DIV > BODY > HTML > #document to 3 of DIV > BODY > HTML > #document
EDITING DELEGATE: webViewDidBeginEditing:WebViewDidBeginEditingNotification
EDITING DELEGATE: webViewDidChangeSelection:WebViewDidChangeSelectionNotification
EDITING DELEGATE: webViewDidChangeSelection:WebViewDidChangeSelectionNotification
EDITING DELEGATE: webViewDidChangeSelection:WebViewDidChangeSelectionNotification
EDITING DELEGATE: webViewDidChangeSelection:WebViewDidChangeSelectionNotification
EDITING DELEGATE: shouldDeleteDOMRange:range from 0 of P > DIV > DIV > BODY > HTML > #document to 1 of #text > P > DIV > DIV > BODY > HTML > #document
EDITING DELEGATE: webViewDidChangeSelection:WebViewDidChangeSelectionNotification
EDITING DELEGATE: shouldChangeSelectedDOMRange:range from 0 of #text > P > DIV > DIV > BODY > HTML > #document to 4 of DIV > DIV > BODY > HTML > #document toDOMRange:range from 0 of P > DIV > DIV > BODY > HTML > #document to 0 of P > DIV > DIV > BODY > HTML > #document affinity:NSSelectionAffinityDownstream stillSelecting:FALSE
EDITING DELEGATE: webViewDidChangeSelection:WebViewDidChangeSelectionNotification
EDITING DELEGATE: webViewDidChange:WebViewDidChangeNotification
layer at (0,0) size 800x600
  RenderView at (0,0) size 800x600
layer at (0,0) size 800x600
  RenderBlock {HTML} at (0,0) size 800x600
    RenderBody {BODY} at (8,8) size 784x584
      RenderBlock {DIV} at (0,0) size 784x308 [border: (2px solid #0000FF)]
        RenderBlock {DIV} at (14,14) size 756x165
          RenderText {#text} at (0,0) size 67x33
            text run at (0,0) width 67: "Tests: "
          RenderBR {BR} at (0,0) size 0x0
          RenderText {#text} at (0,33) size 745x132
            text run at (0,33) width 737: "Deleting when a selection starts in a blank line created by a block with a"
            text run at (0,66) width 743: "BR placeholder in it and extends to a character that is not at the end of a"
            text run at (0,99) width 745: "block. This ensures that some of our \"special-case\" code does not run for"
            text run at (0,132) width 92: "this case."
        RenderBlock {DIV} at (14,195) size 756x99
          RenderText {#text} at (0,0) size 189x33
            text run at (0,0) width 189: "Expected Results: "
          RenderBR {BR} at (189,24) size 0x0
          RenderText {#text} at (0,33) size 714x66
            text run at (0,33) width 714: "Should see the two lines in the red box. Each should contain \"A\" only."
            text run at (0,66) width 653: "Insertion point should be blinking at the start of the second line."
      RenderBlock {DIV} at (0,332) size 784x70
        RenderBlock {DIV} at (0,0) size 784x70 [border: (2px solid #FF0000)]
          RenderBlock {P} at (2,2) size 780x33
            RenderText {#text} at (0,0) size 17x33
              text run at (0,0) width 17: "A"
          RenderBlock {P} at (2,35) size 780x33
            RenderText {#text} at (0,0) size 17x33
              text run at (0,0) width 17: "A"
caret: position 0 of child 0 {#text} of child 3 {P} of child 1 {DIV} of child 3 {DIV} of body
