EDITING DELEGATE: shouldBeginEditingInDOMRange:range from 0 of DIV > BODY > HTML > #document to 5 of DIV > BODY > HTML > #document
EDITING DELEGATE: webViewDidBeginEditing:WebViewDidBeginEditingNotification
EDITING DELEGATE: webViewDidChangeSelection:WebViewDidChangeSelectionNotification
EDITING DELEGATE: webViewDidChangeSelection:WebViewDidChangeSelectionNotification
EDITING DELEGATE: webViewDidChangeSelection:WebViewDidChangeSelectionNotification
EDITING DELEGATE: shouldDeleteDOMRange:range from 2 of DIV > BODY > HTML > #document to 0 of DIV > DIV > BODY > HTML > #document
EDITING DELEGATE: shouldChangeSelectedDOMRange:range from 2 of DIV > BODY > HTML > #document to 0 of DIV > DIV > BODY > HTML > #document toDOMRange:range from 0 of DIV > DIV > BODY > HTML > #document to 0 of DIV > DIV > BODY > HTML > #document affinity:NSSelectionAffinityDownstream stillSelecting:FALSE
EDITING DELEGATE: webViewDidChangeSelection:WebViewDidChangeSelectionNotification
EDITING DELEGATE: webViewDidChange:WebViewDidChangeNotification
layer at (0,0) size 800x600
  RenderView at (0,0) size 800x600
layer at (0,0) size 800x600
  RenderBlock {HTML} at (0,0) size 800x600
    RenderBody {BODY} at (8,8) size 784x584
      RenderBlock {P} at (0,0) size 784x63
        RenderText {#text} at (0,0) size 784x63
          text run at (0,0) width 717: "This tests deletion of an empty line which is a <br> element just after a <div> element. If the deletion is"
          text run at (0,21) width 784: "successful, the result should have two lines, and the insertion point should be at the start of the second line, just"
          text run at (0,42) width 139: "before the letter \"b\"."
      RenderBlock {DIV} at (0,79) size 784x42
        RenderBlock {DIV} at (0,0) size 784x21
          RenderText {#text} at (0,0) size 9x21
            text run at (0,0) width 9: "a"
        RenderBlock (anonymous) at (0,21) size 784x0
        RenderBlock {DIV} at (0,21) size 784x21
          RenderText {#text} at (0,0) size 9x21
            text run at (0,0) width 9: "b"
caret: position 0 of child 0 {#text} of child 2 {DIV} of child 3 {DIV} of body
