EDITING DELEGATE: shouldBeginEditingInDOMRange:range from 0 of DIV > BODY > HTML > #document to 5 of DIV > BODY > HTML > #document
EDITING DELEGATE: webViewDidBeginEditing:WebViewDidBeginEditingNotification
EDITING DELEGATE: webViewDidChangeSelection:WebViewDidChangeSelectionNotification
EDITING DELEGATE: shouldDeleteDOMRange:range from 3 of #text > DIV > DIV > BODY > HTML > #document to 0 of DIV > DIV > BODY > HTML > #document
EDITING DELEGATE: shouldChangeSelectedDOMRange:range from 2 of DIV > BODY > HTML > #document to 2 of DIV > BODY > HTML > #document toDOMRange:range from 3 of #text > DIV > DIV > BODY > HTML > #document to 3 of #text > DIV > DIV > BODY > HTML > #document affinity:NSSelectionAffinityDownstream stillSelecting:FALSE
EDITING DELEGATE: webViewDidChangeSelection:WebViewDidChangeSelectionNotification
EDITING DELEGATE: webViewDidChange:WebViewDidChangeNotification
layer at (0,0) size 800x600
  RenderView at (0,0) size 800x600
layer at (0,0) size 800x600
  RenderBlock {HTML} at (0,0) size 800x600
    RenderBody {BODY} at (8,8) size 784x584
      RenderBlock {P} at (0,0) size 784x44
        RenderText {#text} at (0,0) size 764x44
          text run at (0,0) width 374: "This places the caret before the 'b' in 'bar' and Deletes. "
          text run at (374,0) width 390: "'foo' and 'bar' should end up on the same line, but neither"
          text run at (0,22) width 135: "should change style."
      RenderBlock {DIV} at (0,60) size 784x22
        RenderBlock {DIV} at (0,0) size 784x22
          RenderText {#text} at (0,0) size 21x22
            text run at (0,0) width 21: "foo"
          RenderInline {SPAN} at (0,0) size 24x22
            RenderText {#text} at (21,0) size 24x22
              text run at (21,0) width 24: "bar"
caret: position 3 of child 0 {#text} of child 1 {DIV} of child 2 {DIV} of body
