layer at (0,0) size 800x600
  RenderView at (0,0) size 800x600
layer at (0,0) size 800x160
  RenderBlock {HTML} at (0,0) size 800x160
    RenderBody {BODY} at (8,8) size 784x144
      RenderBlock {DIV} at (0,0) size 784x117 [border: (3px solid #FF0000)]
        RenderBlock (anonymous) at (3,3) size 778x21
          RenderText {#text} at (0,0) size 151x21
            text run at (0,0) width 151: "Destination container"
        RenderBlock {P} at (3,40) size 778x21
          RenderText {#text} at (0,0) size 27x21
            text run at (0,0) width 27: "one"
        RenderBlock {P} at (3,77) size 778x21
          RenderText {#text} at (0,0) size 25x21
            text run at (0,0) width 25: "two"
      RenderBlock {DIV} at (0,117) size 784x27 [border: (3px solid #0000FF)]
        RenderText {#text} at (3,3) size 121x21
          text run at (3,3) width 121: "Source container"
