layer at (0,0) size 784x787
  RenderView at (0,0) size 784x600
layer at (0,0) size 784x787
  RenderBlock {html} at (0,0) size 784x787
    RenderBody {body} at (8,16) size 768x763
      RenderBlock {parsererror} at (16,0) size 736x142 [bgcolor=#FFDDDD] [border: (2px solid #CC7777)]
        RenderBlock {h3} at (18,20) size 700x25
          RenderText {#text} at (0,0) size 365x25
            text run at (0,0) width 365: "This page contains the following errors:"
        RenderBlock {div} at (18,63) size 700x16
          RenderText {#text} at (0,0) size 346x16
            text run at (0,0) width 346: "error on line 56 at column 56: Expected '>' or '/', but got '[a-zA-Z]'."
        RenderBlock {h3} at (18,97) size 700x25
          RenderText {#text} at (0,0) size 476x25
            text run at (0,0) width 476: "Below is a rendering of the page up to the first error."
      RenderBlock (anonymous) at (0,158) size 768x605
        RenderSVGRoot {svg} at (24,267) size 68x148
          RenderSVGContainer {g} at (24,267) size 68x148 [transform={m=((1.00,0.00)(0.00,1.00)) t=(0.00,30.00)}]
            RenderSVGContainer {g} at (24,267) size 68x148
              RenderSVGText {text} at (10,21) size 38x12 contains 1 chunk(s)
                RenderSVGInlineText {#text} at (0,0) size 38x12
                  chunk 1 text run 1 at (10.00,30.00) startOffset 0 endOffset 10 width 37.50: "SVG to fit"
              RenderSVGContainer {g} at (40,298) size 48x64 [transform={m=((1.00,0.00)(0.00,1.00)) t=(20.00,40.00)}]
                RenderSVGRect {rect} at (40,298) size 48x64 [stroke={[type=SOLID] [color=#FF0000]}] [fill={[type=SOLID] [color=#000000]}] [x=0.50] [y=0.50] [width=29.00] [height=39.00]
                RenderSVGContainer {g} at (48,314) size 32x32 [transform={m=((1.00,0.00)(0.00,1.00)) t=(0.00,5.00)}]
                  RenderSVGPath {circle} at (48,314) size 32x32 [fill={[type=SOLID] [color=#FFFF00]}] [cx=15.00] [cy=15.00] [r=10.00]
                  RenderSVGPath {circle} at (56,322) size 6x6 [fill={[type=SOLID] [color=#000000]}] [cx=12.00] [cy=12.00] [r=1.50]
                  RenderSVGPath {circle} at (64,322) size 6x6 [fill={[type=SOLID] [color=#000000]}] [cx=17.00] [cy=12.00] [r=1.50]
                  RenderSVGPath {path} at (55,335) size 18x10 [stroke={[type=SOLID] [color=#000000] [stroke width=2.00]}] [fill={[type=SOLID] [color=#000000]}] [data="M 10 19 L 15 23 L 20 19"]
              RenderSVGText {text} at (10,101) size 42x12 contains 1 chunk(s)
                RenderSVGInlineText {#text} at (0,0) size 42x12
                  chunk 1 text run 1 at (10.00,110.00) startOffset 0 endOffset 10 width 41.88: "Viewport 1"
              RenderSVGContainer {g} at (8,174) size 0x0 [transform={m=((1.00,0.00)(0.00,1.00)) t=(10.00,120.00)}]
