layer at (0,0) size 800x600
  RenderView at (0,0) size 800x600
layer at (0,0) size 800x433
  RenderBlock {html} at (0,0) size 800x433
    RenderBody {body} at (11,23) size 778x399
      RenderBlock {p} at (0,0) size 778x58 [color=#000080]
        RenderText {#text} at (0,0) size 732x58
          text run at (0,0) width 732: "Zoom in and out. The following two squares should always be the same"
          text run at (0,29) width 48: "size."
      RenderBlock {div} at (0,81) size 144x144 [bgcolor=#000080]
      RenderBlock (anonymous) at (0,248) size 778x151
        RenderSVGRoot {svg} at (11,271) size 144x144
          RenderSVGPath {rect} at (11,271) size 144x144 [fill={[type=SOLID] [color=#000080]}] [x=0.00] [y=0.00] [width=100.00] [height=100.00]
        RenderText {#text} at (0,0) size 0x0
        RenderText {#text} at (0,0) size 0x0
        RenderText {#text} at (0,0) size 0x0
