layer at (0,0) size 784x781
  RenderView at (0,0) size 784x600
layer at (0,0) size 784x781
  RenderBlock {html} at (0,0) size 784x781
    RenderBody {body} at (11,11) size 762x747
      RenderBlock (anonymous) at (0,0) size 762x58
        RenderText {#text} at (0,0) size 758x58
          text run at (0,0) width 382: "The two blocks should look identical. "
          text run at (382,0) width 376: "One uses an SVG, and the other just"
          text run at (0,29) width 257: "uses a normal HTML div."
      RenderBlock {p} at (0,81) size 762x29
        RenderText {#text} at (0,0) size 575x29
          text run at (0,0) width 575: "There should be a red, white and blue pattern below this"
      RenderSVGRoot {svg} at (25,158) size 200x200
        RenderSVGPath {rect} at (53,186) size 144x144 [fill={[type=SOLID] [color=#0000FF]}] [x=0.00] [y=0.00] [width=100.00] [height=100.00]
      RenderBlock {p} at (0,361) size 762x29
        RenderText {#text} at (0,0) size 578x29
          text run at (0,0) width 578: "There should be a red, white and blue pattern above this"
      RenderBlock {hr} at (0,413) size 762x2 [border: (1px inset #000000)]
      RenderBlock {p} at (0,438) size 762x29
        RenderText {#text} at (0,0) size 575x29
          text run at (0,0) width 575: "There should be a red, white and blue pattern below this"
      RenderBlock (floating) {div} at (14,504) size 200x200 [border: (14px solid #FF0000)]
        RenderBlock {div} at (28,28) size 144x144 [bgcolor=#0000FF]
      RenderBlock {p} at (0,718) size 762x29
        RenderText {#text} at (0,0) size 578x29
          text run at (0,0) width 578: "There should be a red, white and blue pattern above this"
