layer at (0,0) size 800x600
  RenderView at (0,0) size 800x600
layer at (0,0) size 800x439
  RenderBlock {html} at (0,0) size 800x439
    RenderBody {body} at (11,14) size 778x411
      RenderBlock {p} at (0,0) size 778x31 [color=#000080]
        RenderText {#text} at (0,0) size 707x31
          text run at (0,0) width 707: "The word \"TEST \" should appear twice below, the same size each time."
      RenderBlock (anonymous) at (0,45) size 778x180
        RenderSVGRoot {svg} at (11,59) size 576x172
          RenderSVGPath {rect} at (11,59) size 576x172 [transform={m=((10.00,0.00)(0.00,10.00)) t=(0.00,0.00)}] [fill={[type=SOLID] [color=#EEEEEE]}] [x=0.00] [y=0.00] [width=60.00] [height=12.00]
          RenderSVGForeignObject {foreignObject} at (0,0) size 60x10
            RenderBlock {div} at (0,0) size 60x14 [color=#000080]
              RenderText {#text} at (0,0) size 27x14
                text run at (0,0) width 27: "TEST"
        RenderText {#text} at (0,0) size 0x0
      RenderBlock {div} at (0,239) size 576x172 [color=#000080] [bgcolor=#EEEEEE]
        RenderText {#text} at (0,0) size 368x189
          text run at (0,0) width 368: "TEST"
