layer at (0,0) size 800x600
  RenderView at (0,0) size 800x600
layer at (0,0) size 800x162
  RenderBlock {HTML} at (0,0) size 800x162
    RenderBody {BODY} at (4,4) size 792x154
      RenderBlock {DIV} at (11,11) size 129x129 [border: (1px solid #000000)]
      RenderText {#text} at (151,142) size 3x12
        text run at (151,142) width 3: " "
      RenderBlock {DIV} at (165,11) size 129x129 [border: (1px solid #000000)]
      RenderText {#text} at (305,142) size 3x12
        text run at (305,142) width 3: " "
      RenderBlock {DIV} at (319,11) size 129x129 [border: (1px solid #000000)]
      RenderText {#text} at (459,142) size 3x12
        text run at (459,142) width 3: " "
      RenderImage {IMG} at (473,11) size 129x129 [border: (1px solid #000000)]
      RenderText {#text} at (0,0) size 0x0
      RenderText {#text} at (0,0) size 0x0
      RenderText {#text} at (0,0) size 0x0
