layer at (0,0) size 800x600
  RenderView at (0,0) size 800x600
layer at (0,0) size 800x600
  RenderBlock {HTML} at (0,0) size 800x600
    RenderBody {BODY} at (8,8) size 784x584 [bgcolor=#CCCCCC]
      RenderBlock {P} at (0,0) size 784x22
        RenderText {#text} at (0,0) size 380x22
          text run at (0,0) width 380: "The style declarations which apply to the text below are:"
      RenderBlock {PRE} at (0,38) size 784x51
        RenderText {#text} at (0,0) size 196x51
          text run at (0,0) width 196: ".one {border: 10px teal outset;}"
          text run at (196,0) width 0: " "
          text run at (0,17) width 192: ".two {border: 10px olive inset;}"
          text run at (192,17) width 0: " "
          text run at (0,34) width 0: " "
      RenderBlock {HR} at (0,102) size 784x2 [border: (1px inset #000000)]
      RenderBlock {P} at (0,120) size 784x66 [bgcolor=#C0C0C0]
        RenderText {#text} at (0,0) size 720x22
          text run at (0,0) width 720: "This is an unstyled element, save for the background color, and containing inline elements with a classes of "
        RenderInline {SPAN} at (0,0) size 761x64 [border: (10px outset #008080)]
          RenderText {#text} at (730,0) size 761x44
            text run at (730,0) width 31: "class"
            text run at (0,22) width 24: "one"
        RenderText {#text} at (34,22) size 388x22
          text run at (34,22) width 388: ", which should result in a 10-pixel outset teal border; and "
        RenderInline {SPAN} at (0,0) size 80x42 [border: (10px inset #808000)]
          RenderText {#text} at (432,22) size 60x22
            text run at (432,22) width 60: "class two"
        RenderText {#text} at (502,22) size 763x44
          text run at (502,22) width 261: ", which should result in a 10-pixel inset"
          text run at (0,44) width 90: "olive border. "
          text run at (90,44) width 458: "The line-height of the parent element should not change on any line."
      RenderTable {TABLE} at (0,202) size 784x106 [border: (1px outset #808080)]
        RenderTableSection {TBODY} at (1,1) size 782x104
          RenderTableRow {TR} at (0,0) size 782x30
            RenderTableCell {TD} at (0,0) size 782x30 [bgcolor=#C0C0C0] [border: (1px inset #808080)] [r=0 c=0 rs=1 cs=2]
              RenderInline {STRONG} at (0,0) size 163x22
                RenderText {#text} at (4,4) size 163x22
                  text run at (4,4) width 163: "TABLE Testing Section"
          RenderTableRow {TR} at (0,30) size 782x74
            RenderTableCell {TD} at (0,52) size 12x30 [bgcolor=#C0C0C0] [border: (1px inset #808080)] [r=1 c=0 rs=1 cs=1]
              RenderText {#text} at (4,4) size 4x22
                text run at (4,4) width 4: " "
            RenderTableCell {TD} at (12,30) size 770x74 [border: (1px inset #808080)] [r=1 c=1 rs=1 cs=1]
              RenderBlock {P} at (4,4) size 762x66 [bgcolor=#C0C0C0]
                RenderText {#text} at (0,0) size 720x22
                  text run at (0,0) width 720: "This is an unstyled element, save for the background color, and containing inline elements with a classes of "
                RenderInline {SPAN} at (0,0) size 761x64 [border: (10px outset #008080)]
                  RenderText {#text} at (730,0) size 761x44
                    text run at (730,0) width 31: "class"
                    text run at (0,22) width 24: "one"
                RenderText {#text} at (34,22) size 388x22
                  text run at (34,22) width 388: ", which should result in a 10-pixel outset teal border; and "
                RenderInline {SPAN} at (0,0) size 80x42 [border: (10px inset #808000)]
                  RenderText {#text} at (432,22) size 60x22
                    text run at (432,22) width 60: "class two"
                RenderText {#text} at (502,22) size 728x44
                  text run at (502,22) width 226: ", which should result in a 10-pixel"
                  text run at (0,44) width 125: "inset olive border. "
                  text run at (125,44) width 458: "The line-height of the parent element should not change on any line."
