layer at (0,0) size 784x835
  RenderView at (0,0) size 784x600
layer at (0,0) size 784x835
  RenderBlock {HTML} at (0,0) size 784x835
    RenderBody {BODY} at (8,8) size 768x819 [bgcolor=#CCCCCC]
      RenderBlock {P} at (0,0) size 768x22
        RenderText {#text} at (0,0) size 380x22
          text run at (0,0) width 380: "The style declarations which apply to the text below are:"
      RenderBlock {PRE} at (0,38) size 768x102
        RenderText {#text} at (0,0) size 345x102
          text run at (0,0) width 334: ".zero {background-color: silver; border-top-width: 0;}"
          text run at (334,0) width 0: " "
          text run at (0,17) width 313: ".one {border-top-width: 25px; border-style: solid;}"
          text run at (313,17) width 0: " "
          text run at (0,34) width 314: ".two {border-top-width: thick; border-style: solid;}"
          text run at (314,34) width 0: " "
          text run at (0,51) width 345: ".three {border-top-width: medium; border-style: solid;}"
          text run at (345,51) width 0: " "
          text run at (0,68) width 312: ".four {border-top-width: thin; border-style: solid;}"
          text run at (312,68) width 0: " "
          text run at (0,85) width 189: ".five {border-top-width: 25px;}"
          text run at (189,85) width 0: " "
      RenderBlock {HR} at (0,153) size 768x2 [border: (1px inset #000000)]
      RenderBlock {P} at (0,171) size 768x22
        RenderText {#text} at (0,0) size 163x22
          text run at (0,0) width 163: "(These will only work if "
        RenderInline {CODE} at (0,0) size 77x17
          RenderText {#text} at (163,3) size 77x17
            text run at (163,3) width 77: "border-style"
        RenderText {#text} at (240,0) size 96x22
          text run at (240,0) width 96: " is supported.)"
      RenderBlock {P} at (0,209) size 768x22 [bgcolor=#C0C0C0]
        RenderText {#text} at (0,0) size 214x22
          text run at (0,0) width 214: "This element has a class of zero."
      RenderBlock {P} at (0,247) size 768x50 [border: (25px solid #000000) (3px solid #000000)]
        RenderText {#text} at (3,25) size 407x22
          text run at (3,25) width 407: "This paragraph should have a top border width of 25 pixels."
      RenderBlock {P} at (0,313) size 768x30 [border: (5px solid #000000) (3px solid #000000)]
        RenderText {#text} at (3,5) size 366x22
          text run at (3,5) width 366: "This paragraph should have a thick top border width."
      RenderBlock {P} at (0,359) size 768x28 [border: (3px solid #000000)]
        RenderText {#text} at (3,3) size 387x22
          text run at (3,3) width 387: "This paragraph should have a medium top border width."
      RenderBlock {P} at (0,403) size 768x26 [border: (1px solid #000000) (3px solid #000000)]
        RenderText {#text} at (3,1) size 359x22
          text run at (3,1) width 359: "This paragraph should have a thin top border width."
      RenderBlock {P} at (0,445) size 768x22
        RenderText {#text} at (0,0) size 575x22
          text run at (0,0) width 575: "This paragraph should have no border and no extra \"padding\" on its top side, as no "
        RenderInline {CODE} at (0,0) size 77x17
          RenderText {#text} at (575,3) size 77x17
            text run at (575,3) width 77: "border-style"
        RenderText {#text} at (652,0) size 56x22
          text run at (652,0) width 56: " was set."
      RenderTable {TABLE} at (0,483) size 730x336 [border: (1px outset #808080)]
        RenderTableSection {TBODY} at (1,1) size 728x334
          RenderTableRow {TR} at (0,0) size 728x30
            RenderTableCell {TD} at (0,0) size 728x30 [bgcolor=#C0C0C0] [border: (1px inset #808080)] [r=0 c=0 rs=1 cs=2]
              RenderInline {STRONG} at (0,0) size 163x22
                RenderText {#text} at (4,4) size 163x22
                  text run at (4,4) width 163: "TABLE Testing Section"
          RenderTableRow {TR} at (0,30) size 728x304
            RenderTableCell {TD} at (0,167) size 12x30 [bgcolor=#C0C0C0] [border: (1px inset #808080)] [r=1 c=0 rs=1 cs=1]
              RenderText {#text} at (4,4) size 4x22
                text run at (4,4) width 4: " "
            RenderTableCell {TD} at (12,30) size 716x304 [border: (1px inset #808080)] [r=1 c=1 rs=1 cs=1]
              RenderBlock {P} at (4,4) size 708x22
                RenderText {#text} at (0,0) size 163x22
                  text run at (0,0) width 163: "(These will only work if "
                RenderInline {CODE} at (0,0) size 77x17
                  RenderText {#text} at (163,3) size 77x17
                    text run at (163,3) width 77: "border-style"
                RenderText {#text} at (240,0) size 96x22
                  text run at (240,0) width 96: " is supported.)"
              RenderBlock {P} at (4,42) size 708x22 [bgcolor=#C0C0C0]
                RenderText {#text} at (0,0) size 214x22
                  text run at (0,0) width 214: "This element has a class of zero."
              RenderBlock {P} at (4,80) size 708x50 [border: (25px solid #000000) (3px solid #000000)]
                RenderText {#text} at (3,25) size 407x22
                  text run at (3,25) width 407: "This paragraph should have a top border width of 25 pixels."
              RenderBlock {P} at (4,146) size 708x30 [border: (5px solid #000000) (3px solid #000000)]
                RenderText {#text} at (3,5) size 366x22
                  text run at (3,5) width 366: "This paragraph should have a thick top border width."
              RenderBlock {P} at (4,192) size 708x28 [border: (3px solid #000000)]
                RenderText {#text} at (3,3) size 387x22
                  text run at (3,3) width 387: "This paragraph should have a medium top border width."
              RenderBlock {P} at (4,236) size 708x26 [border: (1px solid #000000) (3px solid #000000)]
                RenderText {#text} at (3,1) size 359x22
                  text run at (3,1) width 359: "This paragraph should have a thin top border width."
              RenderBlock {P} at (4,278) size 708x22
                RenderText {#text} at (0,0) size 575x22
                  text run at (0,0) width 575: "This paragraph should have no border and no extra \"padding\" on its top side, as no "
                RenderInline {CODE} at (0,0) size 77x17
                  RenderText {#text} at (575,3) size 77x17
                    text run at (575,3) width 77: "border-style"
                RenderText {#text} at (652,0) size 56x22
                  text run at (652,0) width 56: " was set."
