layer at (0,0) size 784x1600
  RenderView at (0,0) size 784x600
layer at (0,0) size 784x1600
  RenderBlock {HTML} at (0,0) size 784x1600
    RenderBody {BODY} at (8,8) size 768x1584 [bgcolor=#CCCCCC]
      RenderBlock {P} at (0,0) size 768x22
        RenderText {#text} at (0,0) size 380x22
          text run at (0,0) width 380: "The style declarations which apply to the text below are:"
      RenderBlock {PRE} at (0,38) size 768x153
        RenderText {#text} at (0,0) size 218x153
          text run at (0,0) width 218: ".one {border: medium black solid;}"
          text run at (218,0) width 0: " "
          text run at (0,17) width 208: ".two {border: thin maroon ridge;}"
          text run at (208,17) width 0: " "
          text run at (0,34) width 207: ".three {border: 10px teal outset;}"
          text run at (207,34) width 0: " "
          text run at (0,51) width 196: ".four {border: 10px olive inset;}"
          text run at (196,51) width 0: " "
          text run at (0,68) width 176: ".five {border: 10px maroon;}"
          text run at (176,68) width 0: " "
          text run at (0,85) width 184: ".six {border: maroon double;}"
          text run at (184,85) width 0: " "
          text run at (0,102) width 186: ".seven {border: left red solid;}"
          text run at (186,102) width 0: " "
          text run at (0,119) width 125: ".eight {border: 0px;}"
          text run at (125,119) width 0: " "
          text run at (0,136) width 181: "TD {border: 2px solid green;}"
          text run at (181,136) width 0: " "
      RenderBlock {HR} at (0,204) size 768x2 [border: (1px inset #000000)]
      RenderBlock {P} at (0,222) size 768x44
        RenderText {#text} at (0,0) size 747x44
          text run at (0,0) width 666: "Note that all table cells on this page should have a two-pixel solid green border along all four sides. "
          text run at (666,0) width 81: "This border"
          text run at (0,22) width 387: "applies only to the cells, not the rows which contain them."
      RenderBlock {P} at (0,282) size 768x28 [border: (3px solid #000000)]
        RenderText {#text} at (3,3) size 525x22
          text run at (3,3) width 525: "This paragraph should have a medium black solid border all the way around."
      RenderBlock {P} at (0,326) size 768x24 [border: (1px ridge #800000)]
        RenderText {#text} at (1,1) size 526x22
          text run at (1,1) width 526: "This paragraph should have a thin maroon ridged border all the way around."
      RenderBlock {P} at (0,366) size 768x42 [border: (10px outset #008080)]
        RenderText {#text} at (10,10) size 561x22
          text run at (10,10) width 561: "This paragraph should have a ten-pixel-wide teal outset border all the way around."
      RenderBlock {P} at (0,424) size 768x42 [border: (10px inset #808000)]
        RenderText {#text} at (10,10) size 559x22
          text run at (10,10) width 559: "This paragraph should have a ten-pixel-wide olive inset border all the way around."
      RenderBlock {P} at (0,482) size 768x44
        RenderText {#text} at (0,0) size 382x22
          text run at (0,0) width 382: "This paragraph should have no border around it, as the "
        RenderInline {TT} at (0,0) size 77x17
          RenderText {#text} at (382,3) size 77x17
            text run at (382,3) width 77: "border-style"
        RenderText {#text} at (459,0) size 765x44
          text run at (459,0) width 306: " was not set, and it should not be offset in any"
          text run at (0,22) width 32: "way."
      RenderBlock {P} at (0,542) size 768x50 [border: (3px double #800000)]
        RenderText {#text} at (3,3) size 583x22
          text run at (3,3) width 583: "This paragraph should have a medium maroon double border around it, even though "
        RenderInline {CODE} at (0,0) size 83x17
          RenderText {#text} at (586,6) size 83x17
            text run at (586,6) width 83: "border-width"
        RenderText {#text} at (669,3) size 722x44
          text run at (669,3) width 56: " was not"
          text run at (3,25) width 86: "explicitly set."
      RenderBlock {P} at (0,608) size 768x22
        RenderText {#text} at (0,0) size 675x22
          text run at (0,0) width 675: "This paragraph should have no border around it, as its declaration is invalid and should be ignored."
      RenderBlock {P} at (0,646) size 768x44
        RenderInline {A} at (0,0) size 27x22
          RenderText {#text} at (0,0) size 27x22
            text run at (0,0) width 27: "The"
        RenderText {#text} at (27,0) size 720x44
          text run at (27,0) width 693: " following image is also an anchor which points to a target on this page, but it should not have a border"
          text run at (0,22) width 72: "around it: "
        RenderInline {A} at (0,0) size 15x22 [color=#0000FF]
          RenderImage {IMG} at (72,23) size 15x15
        RenderText {#text} at (87,22) size 4x22
          text run at (87,22) width 4: "."
      RenderTable {TABLE} at (0,706) size 768x129 [border: (1px outset #808080)]
        RenderTableSection {TBODY} at (1,1) size 766x127
          RenderTableRow {TR} at (0,5) size 766x50
            RenderTableCell {TD} at (5,5) size 756x50 [border: (2px solid #008000)] [r=0 c=0 rs=1 cs=2]
              RenderText {#text} at (3,3) size 732x44
                text run at (3,3) width 431: "Every cell in this table should have a 2-pixel solid green border. "
                text run at (434,3) width 301: "This is also true of the table-testing section in"
                text run at (3,25) width 210: "the second half of the test page."
          RenderTableRow {TR} at (0,60) size 766x62
            RenderTableCell {TD} at (5,77) size 193x28 [border: (2px solid #008000)] [r=1 c=0 rs=1 cs=1]
              RenderText {#text} at (3,3) size 55x22
                text run at (3,3) width 55: "Cell one"
            RenderTableCell {TD} at (203,60) size 558x62 [border: (2px solid #008000)] [r=1 c=1 rs=1 cs=1]
              RenderBlock (anonymous) at (3,3) size 552x22
                RenderText {#text} at (0,0) size 56x22
                  text run at (0,0) width 56: "Cell two"
              RenderTable {TABLE} at (3,25) size 169x34 [border: (1px outset #808080)]
                RenderTableSection {TBODY} at (1,1) size 167x32
                  RenderTableRow {TR} at (0,2) size 167x28
                    RenderTableCell {TD} at (2,2) size 163x28 [border: (2px solid #008000)] [r=0 c=0 rs=1 cs=1]
                      RenderText {#text} at (3,3) size 157x22
                        text run at (3,3) width 157: "Nested single-cell table!"
      RenderBlock {P} at (0,851) size 768x22
        RenderText {#text} at (0,0) size 186x22
          text run at (0,0) width 186: "This is an unstyled element."
      RenderTable {TABLE} at (0,889) size 768x695 [border: (1px outset #808080)]
        RenderTableSection {TBODY} at (1,1) size 766x693
          RenderTableRow {TR} at (0,0) size 766x32
            RenderTableCell {TD} at (0,0) size 766x32 [bgcolor=#C0C0C0] [border: (2px solid #008000)] [r=0 c=0 rs=1 cs=2]
              RenderInline {STRONG} at (0,0) size 163x22
                RenderText {#text} at (5,5) size 163x22
                  text run at (5,5) width 163: "TABLE Testing Section"
          RenderTableRow {TR} at (0,32) size 766x661
            RenderTableCell {TD} at (0,346) size 14x32 [bgcolor=#C0C0C0] [border: (2px solid #008000)] [r=1 c=0 rs=1 cs=1]
              RenderText {#text} at (5,5) size 4x22
                text run at (5,5) width 4: " "
            RenderTableCell {TD} at (14,32) size 752x661 [border: (2px solid #008000)] [r=1 c=1 rs=1 cs=1]
              RenderBlock {P} at (5,5) size 742x44
                RenderText {#text} at (0,0) size 696x44
                  text run at (0,0) width 666: "Note that all table cells on this page should have a two-pixel solid green border along all four sides. "
                  text run at (666,0) width 30: "This"
                  text run at (0,22) width 438: "border applies only to the cells, not the rows which contain them."
              RenderBlock {P} at (5,65) size 742x28 [border: (3px solid #000000)]
                RenderText {#text} at (3,3) size 525x22
                  text run at (3,3) width 525: "This paragraph should have a medium black solid border all the way around."
              RenderBlock {P} at (5,109) size 742x24 [border: (1px ridge #800000)]
                RenderText {#text} at (1,1) size 526x22
                  text run at (1,1) width 526: "This paragraph should have a thin maroon ridged border all the way around."
              RenderBlock {P} at (5,149) size 742x42 [border: (10px outset #008080)]
                RenderText {#text} at (10,10) size 561x22
                  text run at (10,10) width 561: "This paragraph should have a ten-pixel-wide teal outset border all the way around."
              RenderBlock {P} at (5,207) size 742x42 [border: (10px inset #808000)]
                RenderText {#text} at (10,10) size 559x22
                  text run at (10,10) width 559: "This paragraph should have a ten-pixel-wide olive inset border all the way around."
              RenderBlock {P} at (5,265) size 742x44
                RenderText {#text} at (0,0) size 382x22
                  text run at (0,0) width 382: "This paragraph should have no border around it, as the "
                RenderInline {TT} at (0,0) size 77x17
                  RenderText {#text} at (382,3) size 77x17
                    text run at (382,3) width 77: "border-style"
                RenderText {#text} at (459,0) size 736x44
                  text run at (459,0) width 277: " was not set, and it should not be offset in"
                  text run at (0,22) width 61: "any way."
              RenderBlock {P} at (5,325) size 742x50 [border: (3px double #800000)]
                RenderText {#text} at (3,3) size 583x22
                  text run at (3,3) width 583: "This paragraph should have a medium maroon double border around it, even though "
                RenderInline {CODE} at (0,0) size 83x17
                  RenderText {#text} at (586,6) size 83x17
                    text run at (586,6) width 83: "border-width"
                RenderText {#text} at (669,3) size 722x44
                  text run at (669,3) width 56: " was not"
                  text run at (3,25) width 86: "explicitly set."
              RenderBlock {P} at (5,391) size 742x22
                RenderText {#text} at (0,0) size 675x22
                  text run at (0,0) width 675: "This paragraph should have no border around it, as its declaration is invalid and should be ignored."
              RenderBlock {P} at (5,429) size 742x44
                RenderInline {A} at (0,0) size 27x22
                  RenderText {#text} at (0,0) size 27x22
                    text run at (0,0) width 27: "The"
                RenderText {#text} at (27,0) size 720x44
                  text run at (27,0) width 693: " following image is also an anchor which points to a target on this page, but it should not have a border"
                  text run at (0,22) width 72: "around it: "
                RenderInline {A} at (0,0) size 15x22 [color=#0000FF]
                  RenderImage {IMG} at (72,23) size 15x15
                RenderText {#text} at (87,22) size 4x22
                  text run at (87,22) width 4: "."
              RenderTable {TABLE} at (5,489) size 742x129 [border: (1px outset #808080)]
                RenderTableSection {TBODY} at (1,1) size 740x127
                  RenderTableRow {TR} at (0,5) size 740x50
                    RenderTableCell {TD} at (5,5) size 730x50 [border: (2px solid #008000)] [r=0 c=0 rs=1 cs=2]
                      RenderText {#text} at (3,3) size 715x44
                        text run at (3,3) width 431: "Every cell in this table should have a 2-pixel solid green border. "
                        text run at (434,3) width 284: "This is also true of the table-testing section"
                        text run at (3,25) width 227: "in the second half of the test page."
                  RenderTableRow {TR} at (0,60) size 740x62
                    RenderTableCell {TD} at (5,77) size 186x28 [border: (2px solid #008000)] [r=1 c=0 rs=1 cs=1]
                      RenderText {#text} at (3,3) size 55x22
                        text run at (3,3) width 55: "Cell one"
                    RenderTableCell {TD} at (196,60) size 539x62 [border: (2px solid #008000)] [r=1 c=1 rs=1 cs=1]
                      RenderBlock (anonymous) at (3,3) size 533x22
                        RenderText {#text} at (0,0) size 56x22
                          text run at (0,0) width 56: "Cell two"
                      RenderTable {TABLE} at (3,25) size 169x34 [border: (1px outset #808080)]
                        RenderTableSection {TBODY} at (1,1) size 167x32
                          RenderTableRow {TR} at (0,2) size 167x28
                            RenderTableCell {TD} at (2,2) size 163x28 [border: (2px solid #008000)] [r=0 c=0 rs=1 cs=1]
                              RenderText {#text} at (3,3) size 157x22
                                text run at (3,3) width 157: "Nested single-cell table!"
              RenderBlock {P} at (5,634) size 742x22
                RenderText {#text} at (0,0) size 186x22
                  text run at (0,0) width 186: "This is an unstyled element."
