layer at (0,0) size 784x1437
  RenderView at (0,0) size 784x600
layer at (0,0) size 784x1437
  RenderBlock {HTML} at (0,0) size 784x1437
    RenderBody {BODY} at (8,8) size 768x1421 [bgcolor=#CCCCCC]
      RenderBlock {P} at (0,0) size 768x22
        RenderText {#text} at (0,0) size 380x22
          text run at (0,0) width 380: "The style declarations which apply to the text below are:"
      RenderBlock {PRE} at (0,38) size 768x204
        RenderText {#text} at (0,0) size 490x204
          text run at (0,0) width 429: ".one {border-style: dotted; border-color: black; border-width: thick;}"
          text run at (429,0) width 0: " "
          text run at (0,17) width 435: ".two {border-style: dashed; border-color: black; border-width: thick;}"
          text run at (435,17) width 0: " "
          text run at (0,34) width 430: ".three {border-style: solid; border-color: black; border-width: thick;}"
          text run at (430,34) width 0: " "
          text run at (0,51) width 435: ".four {border-style: double; border-color: black; border-width: thick;}"
          text run at (435,51) width 0: " "
          text run at (0,68) width 423: ".five {border-style: groove; border-color: olive; border-width: thick;}"
          text run at (423,68) width 0: " "
          text run at (0,85) width 410: ".six {border-style: ridge; border-color: olive; border-width: thick;}"
          text run at (410,85) width 0: " "
          text run at (0,102) width 429: ".seven {border-style: inset; border-color: olive; border-width: thick;}"
          text run at (429,102) width 0: " "
          text run at (0,119) width 432: ".eight {border-style: outset; border-color: olive; border-width: thick;}"
          text run at (432,119) width 0: " "
          text run at (0,136) width 490: ".nine {border-style: double groove; border-color: purple; border-width: thick;}"
          text run at (490,136) width 0: " "
          text run at (0,153) width 282: ".ten {border-style: double groove ridge inset;"
          text run at (282,153) width 0: " "
          text run at (0,170) width 280: "   border-color: purple; border-width: thick;}"
          text run at (280,170) width 0: " "
          text run at (0,187) width 425: ".eleven {border-style: none; border-color: red; border-width: thick;}"
          text run at (425,187) width 0: " "
      RenderBlock {HR} at (0,255) size 768x2 [border: (1px inset #000000)]
      RenderBlock {P} at (0,273) size 768x32 [border: (5px dotted #000000)]
        RenderText {#text} at (5,5) size 516x22
          text run at (5,5) width 516: "This paragraph should have a thick black dotted border all the way around."
      RenderBlock {P} at (0,321) size 768x32 [border: (5px dashed #000000)]
        RenderText {#text} at (5,5) size 521x22
          text run at (5,5) width 521: "This paragraph should have a thick black dashed border all the way around."
      RenderBlock {P} at (0,369) size 768x32 [border: (5px solid #000000)]
        RenderText {#text} at (5,5) size 504x22
          text run at (5,5) width 504: "This paragraph should have a thick black solid border all the way around."
      RenderBlock {P} at (0,417) size 768x32 [border: (5px double #000000)]
        RenderText {#text} at (5,5) size 519x22
          text run at (5,5) width 519: "This paragraph should have a thick black double border all the way around."
      RenderBlock {P} at (0,465) size 768x32 [border: (5px groove #808000)]
        RenderText {#text} at (5,5) size 513x22
          text run at (5,5) width 513: "This paragraph should have a thick olive groove border all the way around."
      RenderBlock {P} at (0,513) size 768x32 [border: (5px ridge #808000)]
        RenderText {#text} at (5,5) size 502x22
          text run at (5,5) width 502: "This paragraph should have a thick olive ridge border all the way around."
      RenderBlock {P} at (0,561) size 768x32 [border: (5px inset #808000)]
        RenderText {#text} at (5,5) size 498x22
          text run at (5,5) width 498: "This paragraph should have a thick olive inset border all the way around."
      RenderBlock {P} at (0,609) size 768x32 [border: (5px outset #808000)]
        RenderText {#text} at (5,5) size 507x22
          text run at (5,5) width 507: "This paragraph should have a thick olive outset border all the way around."
      RenderBlock {P} at (0,657) size 768x54 [border: (5px double #800080) (5px groove #800080) (5px double #800080) (5px groove #800080)]
        RenderText {#text} at (5,5) size 753x44
          text run at (5,5) width 671: "This paragraph should have thick double top and bottom borders, and thick grooved side borders. "
          text run at (676,5) width 82: "The color of"
          text run at (5,27) width 271: "all four sides should be based on purple."
      RenderBlock {P} at (0,727) size 768x54 [border: (5px double #800080) (5px groove #800080) (5px ridge #800080) (5px inset #800080)]
        RenderText {#text} at (5,5) size 754x44
          text run at (5,5) width 754: "This paragraph should have, in clockwise order from the top, a double, grooved, ridged, and inset thick border."
          text run at (5,27) width 357: "The color of all four sides should be based on purple."
      RenderBlock {P} at (0,797) size 768x22
        RenderText {#text} at (0,0) size 305x22
          text run at (0,0) width 305: "This paragraph should have no border at all."
      RenderTable {TABLE} at (0,835) size 768x586 [border: (1px outset #808080)]
        RenderTableSection {TBODY} at (1,1) size 766x584
          RenderTableRow {TR} at (0,0) size 766x30
            RenderTableCell {TD} at (0,0) size 766x30 [bgcolor=#C0C0C0] [border: (1px inset #808080)] [r=0 c=0 rs=1 cs=2]
              RenderInline {STRONG} at (0,0) size 163x22
                RenderText {#text} at (4,4) size 163x22
                  text run at (4,4) width 163: "TABLE Testing Section"
          RenderTableRow {TR} at (0,30) size 766x554
            RenderTableCell {TD} at (0,292) size 12x30 [bgcolor=#C0C0C0] [border: (1px inset #808080)] [r=1 c=0 rs=1 cs=1]
              RenderText {#text} at (4,4) size 4x22
                text run at (4,4) width 4: " "
            RenderTableCell {TD} at (12,30) size 754x554 [border: (1px inset #808080)] [r=1 c=1 rs=1 cs=1]
              RenderBlock {P} at (4,4) size 746x32 [border: (5px dotted #000000)]
                RenderText {#text} at (5,5) size 516x22
                  text run at (5,5) width 516: "This paragraph should have a thick black dotted border all the way around."
              RenderBlock {P} at (4,52) size 746x32 [border: (5px dashed #000000)]
                RenderText {#text} at (5,5) size 521x22
                  text run at (5,5) width 521: "This paragraph should have a thick black dashed border all the way around."
              RenderBlock {P} at (4,100) size 746x32 [border: (5px solid #000000)]
                RenderText {#text} at (5,5) size 504x22
                  text run at (5,5) width 504: "This paragraph should have a thick black solid border all the way around."
              RenderBlock {P} at (4,148) size 746x32 [border: (5px double #000000)]
                RenderText {#text} at (5,5) size 519x22
                  text run at (5,5) width 519: "This paragraph should have a thick black double border all the way around."
              RenderBlock {P} at (4,196) size 746x32 [border: (5px groove #808000)]
                RenderText {#text} at (5,5) size 513x22
                  text run at (5,5) width 513: "This paragraph should have a thick olive groove border all the way around."
              RenderBlock {P} at (4,244) size 746x32 [border: (5px ridge #808000)]
                RenderText {#text} at (5,5) size 502x22
                  text run at (5,5) width 502: "This paragraph should have a thick olive ridge border all the way around."
              RenderBlock {P} at (4,292) size 746x32 [border: (5px inset #808000)]
                RenderText {#text} at (5,5) size 498x22
                  text run at (5,5) width 498: "This paragraph should have a thick olive inset border all the way around."
              RenderBlock {P} at (4,340) size 746x32 [border: (5px outset #808000)]
                RenderText {#text} at (5,5) size 507x22
                  text run at (5,5) width 507: "This paragraph should have a thick olive outset border all the way around."
              RenderBlock {P} at (4,388) size 746x54 [border: (5px double #800080) (5px groove #800080) (5px double #800080) (5px groove #800080)]
                RenderText {#text} at (5,5) size 736x44
                  text run at (5,5) width 671: "This paragraph should have thick double top and bottom borders, and thick grooved side borders. "
                  text run at (676,5) width 65: "The color"
                  text run at (5,27) width 288: "of all four sides should be based on purple."
              RenderBlock {P} at (4,458) size 746x54 [border: (5px double #800080) (5px groove #800080) (5px ridge #800080) (5px inset #800080)]
                RenderText {#text} at (5,5) size 699x44
                  text run at (5,5) width 699: "This paragraph should have, in clockwise order from the top, a double, grooved, ridged, and inset thick"
                  text run at (5,27) width 55: "border. "
                  text run at (60,27) width 357: "The color of all four sides should be based on purple."
              RenderBlock {P} at (4,528) size 746x22
                RenderText {#text} at (0,0) size 305x22
                  text run at (0,0) width 305: "This paragraph should have no border at all."
