layer at (0,0) size 784x967
  RenderView at (0,0) size 784x600
layer at (0,0) size 784x967
  RenderBlock {HTML} at (0,0) size 784x967
    RenderBody {BODY} at (8,8) size 768x951 [bgcolor=#CCCCCC]
      RenderBlock {P} at (0,0) size 768x22
        RenderText {#text} at (0,0) size 380x22
          text run at (0,0) width 380: "The style declarations which apply to the text below are:"
      RenderBlock {PRE} at (0,38) size 768x102
        RenderText {#text} at (0,0) size 356x102
          text run at (0,0) width 345: ".zero {background-color: silver; border-right-width: 0;}"
          text run at (345,0) width 0: " "
          text run at (0,17) width 324: ".one {border-right-width: 25px; border-style: solid;}"
          text run at (324,17) width 0: " "
          text run at (0,34) width 325: ".two {border-right-width: thick; border-style: solid;}"
          text run at (325,34) width 0: " "
          text run at (0,51) width 356: ".three {border-right-width: medium; border-style: solid;}"
          text run at (356,51) width 0: " "
          text run at (0,68) width 323: ".four {border-right-width: thin; border-style: solid;}"
          text run at (323,68) width 0: " "
          text run at (0,85) width 208: ".five {border-right-width: 100px;}"
          text run at (208,85) width 0: " "
      RenderBlock {HR} at (0,153) size 768x2 [border: (1px inset #000000)]
      RenderBlock {P} at (0,171) size 768x22
        RenderText {#text} at (0,0) size 163x22
          text run at (0,0) width 163: "(These will only work if "
        RenderInline {CODE} at (0,0) size 77x17
          RenderText {#text} at (163,3) size 77x17
            text run at (163,3) width 77: "border-style"
        RenderText {#text} at (240,0) size 96x22
          text run at (240,0) width 96: " is supported.)"
      RenderBlock {P} at (0,209) size 768x22 [bgcolor=#C0C0C0]
        RenderText {#text} at (0,0) size 214x22
          text run at (0,0) width 214: "This element has a class of zero."
      RenderBlock {P} at (0,247) size 768x50 [border: (3px solid #000000) (25px solid #000000) (3px solid #000000)]
        RenderText {#text} at (3,3) size 732x44
          text run at (3,3) width 732: "This element should have a right border width of 25 pixels, which will be more obvious if the element is more"
          text run at (3,25) width 124: "than one line long."
      RenderBlock {P} at (0,313) size 768x50 [border: (3px solid #000000) (5px solid #000000) (3px solid #000000)]
        RenderText {#text} at (3,3) size 754x44
          text run at (3,3) width 754: "This element should have a thick right border width, which will be more obvious if the element is more than one"
          text run at (3,25) width 61: "line long."
      RenderBlock {P} at (0,379) size 768x50 [border: (3px solid #000000)]
        RenderText {#text} at (3,3) size 747x44
          text run at (3,3) width 747: "This element should have a medium right border width, which will be more obvious if the element is more than"
          text run at (3,25) width 89: "one line long."
      RenderBlock {P} at (0,445) size 768x50 [border: (3px solid #000000) (1px solid #000000) (3px solid #000000)]
        RenderText {#text} at (3,3) size 747x44
          text run at (3,3) width 747: "This element should have a thin right border width, which will be more obvious if the element is more than one"
          text run at (3,25) width 61: "line long."
      RenderBlock {P} at (0,511) size 768x22
        RenderText {#text} at (0,0) size 565x22
          text run at (0,0) width 565: "This element should have no border and no extra \"padding\" on its right side, as no "
        RenderInline {CODE} at (0,0) size 77x17
          RenderText {#text} at (565,3) size 77x17
            text run at (565,3) width 77: "border-style"
        RenderText {#text} at (642,0) size 56x22
          text run at (642,0) width 56: " was set."
      RenderTable {TABLE} at (0,549) size 768x402 [border: (1px outset #808080)]
        RenderTableSection {TBODY} at (1,1) size 766x400
          RenderTableRow {TR} at (0,0) size 766x30
            RenderTableCell {TD} at (0,0) size 766x30 [bgcolor=#C0C0C0] [border: (1px inset #808080)] [r=0 c=0 rs=1 cs=2]
              RenderInline {STRONG} at (0,0) size 163x22
                RenderText {#text} at (4,4) size 163x22
                  text run at (4,4) width 163: "TABLE Testing Section"
          RenderTableRow {TR} at (0,30) size 766x370
            RenderTableCell {TD} at (0,200) size 12x30 [bgcolor=#C0C0C0] [border: (1px inset #808080)] [r=1 c=0 rs=1 cs=1]
              RenderText {#text} at (4,4) size 4x22
                text run at (4,4) width 4: " "
            RenderTableCell {TD} at (12,30) size 754x370 [border: (1px inset #808080)] [r=1 c=1 rs=1 cs=1]
              RenderBlock {P} at (4,4) size 746x22
                RenderText {#text} at (0,0) size 163x22
                  text run at (0,0) width 163: "(These will only work if "
                RenderInline {CODE} at (0,0) size 77x17
                  RenderText {#text} at (163,3) size 77x17
                    text run at (163,3) width 77: "border-style"
                RenderText {#text} at (240,0) size 96x22
                  text run at (240,0) width 96: " is supported.)"
              RenderBlock {P} at (4,42) size 746x22 [bgcolor=#C0C0C0]
                RenderText {#text} at (0,0) size 214x22
                  text run at (0,0) width 214: "This element has a class of zero."
              RenderBlock {P} at (4,80) size 746x50 [border: (3px solid #000000) (25px solid #000000) (3px solid #000000)]
                RenderText {#text} at (3,3) size 693x44
                  text run at (3,3) width 693: "This element should have a right border width of 25 pixels, which will be more obvious if the element is"
                  text run at (3,25) width 163: "more than one line long."
              RenderBlock {P} at (4,146) size 746x50 [border: (3px solid #000000) (5px solid #000000) (3px solid #000000)]
                RenderText {#text} at (3,3) size 726x44
                  text run at (3,3) width 726: "This element should have a thick right border width, which will be more obvious if the element is more than"
                  text run at (3,25) width 89: "one line long."
              RenderBlock {P} at (4,212) size 746x50 [border: (3px solid #000000)]
                RenderText {#text} at (3,3) size 712x44
                  text run at (3,3) width 712: "This element should have a medium right border width, which will be more obvious if the element is more"
                  text run at (3,25) width 124: "than one line long."
              RenderBlock {P} at (4,278) size 746x50 [border: (3px solid #000000) (1px solid #000000) (3px solid #000000)]
                RenderText {#text} at (3,3) size 719x44
                  text run at (3,3) width 719: "This element should have a thin right border width, which will be more obvious if the element is more than"
                  text run at (3,25) width 89: "one line long."
              RenderBlock {P} at (4,344) size 746x22
                RenderText {#text} at (0,0) size 565x22
                  text run at (0,0) width 565: "This element should have no border and no extra \"padding\" on its right side, as no "
                RenderInline {CODE} at (0,0) size 77x17
                  RenderText {#text} at (565,3) size 77x17
                    text run at (565,3) width 77: "border-style"
                RenderText {#text} at (642,0) size 56x22
                  text run at (642,0) width 56: " was set."
