layer at (0,0) size 800x600
  RenderView at (0,0) size 800x600
layer at (0,0) size 800x600
  RenderBlock {HTML} at (0,0) size 800x600
    RenderBody {BODY} at (8,8) size 784x584 [bgcolor=#CCCCCC]
      RenderBlock {P} at (20,0) size 764x22
        RenderText {#text} at (0,0) size 380x22
          text run at (0,0) width 380: "The style declarations which apply to the text below are:"
      RenderBlock {PRE} at (0,38) size 784x68
        RenderText {#text} at (0,0) size 242x68
          text run at (0,0) width 134: "P {margin-left: 20px;}"
          text run at (134,0) width 0: " "
          text run at (0,17) width 242: ".one {border-left: purple double 10px;}"
          text run at (242,17) width 0: " "
          text run at (0,34) width 224: ".two {border-left: purple thin solid;}"
          text run at (224,34) width 0: " "
          text run at (0,51) width 0: " "
      RenderBlock {HR} at (0,119) size 784x2 [border: (1px inset #000000)]
      RenderBlock {P} at (20,137) size 764x66 [bgcolor=#C0C0C0]
        RenderText {#text} at (0,0) size 749x44
          text run at (0,0) width 749: "This paragraph has a background color of silver and a 20-pixel left margin, and it contains inline elements with"
          text run at (0,22) width 65: "classes of "
        RenderInline {SPAN} at (0,0) size 69x22 [border: (10px double #800080)]
          RenderText {#text} at (75,22) size 59x22
            text run at (75,22) width 59: "class one"
        RenderText {#text} at (134,22) size 417x22
          text run at (134,22) width 417: ", which should have a 10-pixel purple double left border; and "
        RenderInline {SPAN} at (0,0) size 61x22 [border: (1px solid #800080)]
          RenderText {#text} at (552,22) size 60x22
            text run at (552,22) width 60: "class two"
        RenderText {#text} at (612,22) size 758x44
          text run at (612,22) width 146: ", which should have a"
          text run at (0,44) width 195: "thin solid purple left border. "
          text run at (195,44) width 458: "The line-height of the parent element should not change on any line."
      RenderTable {TABLE} at (0,219) size 784x128 [border: (1px outset #808080)]
        RenderTableSection {TBODY} at (1,1) size 782x126
          RenderTableRow {TR} at (0,0) size 782x30
            RenderTableCell {TD} at (0,0) size 782x30 [bgcolor=#C0C0C0] [border: (1px inset #808080)] [r=0 c=0 rs=1 cs=2]
              RenderInline {STRONG} at (0,0) size 163x22
                RenderText {#text} at (4,4) size 163x22
                  text run at (4,4) width 163: "TABLE Testing Section"
          RenderTableRow {TR} at (0,30) size 782x96
            RenderTableCell {TD} at (0,63) size 12x30 [bgcolor=#C0C0C0] [border: (1px inset #808080)] [r=1 c=0 rs=1 cs=1]
              RenderText {#text} at (4,4) size 4x22
                text run at (4,4) width 4: " "
            RenderTableCell {TD} at (12,30) size 770x96 [border: (1px inset #808080)] [r=1 c=1 rs=1 cs=1]
              RenderBlock {P} at (24,4) size 742x88 [bgcolor=#C0C0C0]
                RenderText {#text} at (0,0) size 715x44
                  text run at (0,0) width 715: "This paragraph has a background color of silver and a 20-pixel left margin, and it contains inline elements"
                  text run at (0,22) width 99: "with classes of "
                RenderInline {SPAN} at (0,0) size 69x22 [border: (10px double #800080)]
                  RenderText {#text} at (109,22) size 59x22
                    text run at (109,22) width 59: "class one"
                RenderText {#text} at (168,22) size 417x22
                  text run at (168,22) width 417: ", which should have a 10-pixel purple double left border; and "
                RenderInline {SPAN} at (0,0) size 61x22 [border: (1px solid #800080)]
                  RenderText {#text} at (586,22) size 60x22
                    text run at (586,22) width 60: "class two"
                RenderText {#text} at (646,22) size 718x66
                  text run at (646,22) width 49: ", which"
                  text run at (0,44) width 292: "should have a thin solid purple left border. "
                  text run at (292,44) width 426: "The line-height of the parent element should not change on any"
                  text run at (0,66) width 28: "line."
