layer at (0,0) size 786x2904
  RenderView at (0,0) size 784x584
layer at (0,0) size 784x2904
  RenderBlock {HTML} at (0,0) size 784x2904
    RenderBody {BODY} at (8,8) size 768x2888 [bgcolor=#CCCCCC]
      RenderBlock {P} at (0,0) size 768x22
        RenderText {#text} at (0,0) size 380x22
          text run at (0,0) width 380: "The style declarations which apply to the text below are:"
      RenderBlock {PRE} at (0,38) size 768x119
        RenderText {#text} at (0,0) size 297x119
          text run at (0,0) width 272: ".zero {background-color: silver; margin: 0;}"
          text run at (272,0) width 0: " "
          text run at (0,17) width 292: ".one {margin: 0.5in; background-color: aqua;}"
          text run at (292,17) width 0: " "
          text run at (0,34) width 289: ".two {margin: 25px; background-color: aqua;}"
          text run at (289,34) width 0: " "
          text run at (0,51) width 297: ".three {margin: 5em; background-color: aqua;}"
          text run at (297,51) width 0: " "
          text run at (0,68) width 290: ".four {margin: 25%; background-color: aqua;}"
          text run at (290,68) width 0: " "
          text run at (0,85) width 127: ".five {margin: 25px;}"
          text run at (127,85) width 0: " "
          text run at (0,102) width 290: ".six {margin: -10px; background-color: aqua;}"
          text run at (290,102) width 0: " "
      RenderBlock {HR} at (0,170) size 768x2 [border: (1px inset #000000)]
      RenderBlock {P} at (0,188) size 768x44
        RenderText {#text} at (0,0) size 706x44
          text run at (0,0) width 706: "NOTE: The following tests are separated by class-zero paragraphs, so as to prevent margin-collapsing as"
          text run at (0,22) width 343: "described in section 4.1.1 of the CSS1 specification."
      RenderBlock {P} at (0,248) size 768x22 [bgcolor=#C0C0C0]
        RenderText {#text} at (0,0) size 214x22
          text run at (0,0) width 214: "This element has a class of zero."
      RenderBlock {P} at (48,318) size 672x44 [bgcolor=#00FFFF]
        RenderText {#text} at (0,0) size 659x44
          text run at (0,0) width 659: "This sentence should have an overall margin of half an inch, which will require extra text in order"
          text run at (0,22) width 44: "to test."
      RenderBlock {P} at (0,410) size 768x22 [bgcolor=#C0C0C0]
        RenderText {#text} at (0,0) size 214x22
          text run at (0,0) width 214: "This element has a class of zero."
      RenderBlock {P} at (25,457) size 718x22 [bgcolor=#00FFFF]
        RenderText {#text} at (0,0) size 685x22
          text run at (0,0) width 685: "This sentence should have an overall margin of 25 pixels, which will require extra text in order to test."
      RenderBlock {P} at (0,504) size 768x22 [bgcolor=#C0C0C0]
        RenderText {#text} at (0,0) size 214x22
          text run at (0,0) width 214: "This element has a class of zero."
      RenderBlock {P} at (80,606) size 608x44 [bgcolor=#00FFFF]
        RenderText {#text} at (0,0) size 569x44
          text run at (0,0) width 569: "This sentence should have an overall margin of 5 em, which will require extra text in"
          text run at (0,22) width 86: "order to test."
      RenderBlock {P} at (0,730) size 768x22 [bgcolor=#C0C0C0]
        RenderText {#text} at (0,0) size 214x22
          text run at (0,0) width 214: "This element has a class of zero."
      RenderBlock {P} at (192,944) size 384x88 [bgcolor=#00FFFF]
        RenderText {#text} at (0,0) size 365x88
          text run at (0,0) width 357: "This sentence should have an overall margin of 25%,"
          text run at (0,22) width 340: "which is calculated with respect to the width of the"
          text run at (0,44) width 109: "parent element. "
          text run at (109,44) width 256: "This will require extra text in order to"
          text run at (0,66) width 27: "test."
      RenderBlock {P} at (0,1224) size 768x22 [bgcolor=#C0C0C0]
        RenderText {#text} at (0,0) size 214x22
          text run at (0,0) width 214: "This element has a class of zero."
      RenderBlock {UL} at (25,1271) size 718x138 [bgcolor=#00FFFF]
        RenderListItem {LI} at (40,0) size 678x22
          RenderListMarker at (-18,0) size 7x22: bullet
          RenderText {#text} at (0,0) size 403x22
            text run at (0,0) width 403: "This list has a margin of 25px, and a light blue background."
        RenderListItem {LI} at (40,22) size 678x22
          RenderListMarker at (-18,0) size 7x22: bullet
          RenderText {#text} at (0,0) size 285x22
            text run at (0,0) width 285: "Therefore, it ought to have such a margin."
        RenderListItem {LI} at (65,69) size 628x22
          RenderListMarker at (-18,0) size 7x22: bullet
          RenderText {#text} at (0,0) size 573x22
            text run at (0,0) width 573: "This list item has a margin of 25px, which should cause it to be offset in some fashion."
        RenderListItem {LI} at (40,116) size 678x22
          RenderListMarker at (-18,0) size 7x22: bullet
          RenderText {#text} at (0,0) size 311x22
            text run at (0,0) width 311: "This list item has no special styles applied to it."
      RenderBlock {P} at (0,1434) size 768x22 [bgcolor=#C0C0C0]
        RenderText {#text} at (0,0) size 214x22
          text run at (0,0) width 214: "This element has a class of zero."
      RenderBlock {P} at (-10,1446) size 788x66 [bgcolor=#00FFFF]
        RenderText {#text} at (0,0) size 788x66
          text run at (0,0) width 788: "This paragraph has an overall margin of -10px, which should make it wider than usual as well as shift it upward and"
          text run at (0,22) width 431: "pull subsequent text up toward it, and a light blue background. "
          text run at (431,22) width 353: "In all other respects, however, the element should be"
          text run at (0,44) width 57: "normal. "
          text run at (57,44) width 590: "No styles have been applied to it besides the negative margin and the background color."
      RenderBlock {P} at (0,1502) size 768x22 [bgcolor=#C0C0C0]
        RenderText {#text} at (0,0) size 214x22
          text run at (0,0) width 214: "This element has a class of zero."
      RenderTable {TABLE} at (0,1524) size 768x1364 [border: (1px outset #808080)]
        RenderTableSection {TBODY} at (1,1) size 766x1362
          RenderTableRow {TR} at (0,0) size 766x30
            RenderTableCell {TD} at (0,0) size 766x30 [bgcolor=#C0C0C0] [border: (1px inset #808080)] [r=0 c=0 rs=1 cs=2]
              RenderInline {STRONG} at (0,0) size 163x22
                RenderText {#text} at (4,4) size 163x22
                  text run at (4,4) width 163: "TABLE Testing Section"
          RenderTableRow {TR} at (0,30) size 766x1332
            RenderTableCell {TD} at (0,681) size 12x30 [bgcolor=#C0C0C0] [border: (1px inset #808080)] [r=1 c=0 rs=1 cs=1]
              RenderText {#text} at (4,4) size 4x22
                text run at (4,4) width 4: " "
            RenderTableCell {TD} at (12,30) size 754x1332 [border: (1px inset #808080)] [r=1 c=1 rs=1 cs=1]
              RenderBlock {P} at (4,4) size 746x44
                RenderText {#text} at (0,0) size 706x44
                  text run at (0,0) width 706: "NOTE: The following tests are separated by class-zero paragraphs, so as to prevent margin-collapsing as"
                  text run at (0,22) width 343: "described in section 4.1.1 of the CSS1 specification."
              RenderBlock {P} at (4,64) size 746x22 [bgcolor=#C0C0C0]
                RenderText {#text} at (0,0) size 214x22
                  text run at (0,0) width 214: "This element has a class of zero."
              RenderBlock {P} at (52,134) size 650x44 [bgcolor=#00FFFF]
                RenderText {#text} at (0,0) size 617x44
                  text run at (0,0) width 617: "This sentence should have an overall margin of half an inch, which will require extra text in"
                  text run at (0,22) width 86: "order to test."
              RenderBlock {P} at (4,226) size 746x22 [bgcolor=#C0C0C0]
                RenderText {#text} at (0,0) size 214x22
                  text run at (0,0) width 214: "This element has a class of zero."
              RenderBlock {P} at (29,273) size 696x22 [bgcolor=#00FFFF]
                RenderText {#text} at (0,0) size 685x22
                  text run at (0,0) width 685: "This sentence should have an overall margin of 25 pixels, which will require extra text in order to test."
              RenderBlock {P} at (4,320) size 746x22 [bgcolor=#C0C0C0]
                RenderText {#text} at (0,0) size 214x22
                  text run at (0,0) width 214: "This element has a class of zero."
              RenderBlock {P} at (84,422) size 586x44 [bgcolor=#00FFFF]
                RenderText {#text} at (0,0) size 569x44
                  text run at (0,0) width 569: "This sentence should have an overall margin of 5 em, which will require extra text in"
                  text run at (0,22) width 86: "order to test."
              RenderBlock {P} at (4,546) size 746x22 [bgcolor=#C0C0C0]
                RenderText {#text} at (0,0) size 214x22
                  text run at (0,0) width 214: "This element has a class of zero."
              RenderBlock {P} at (190,754) size 374x88 [bgcolor=#00FFFF]
                RenderText {#text} at (0,0) size 365x88
                  text run at (0,0) width 357: "This sentence should have an overall margin of 25%,"
                  text run at (0,22) width 340: "which is calculated with respect to the width of the"
                  text run at (0,44) width 109: "parent element. "
                  text run at (109,44) width 256: "This will require extra text in order to"
                  text run at (0,66) width 27: "test."
              RenderBlock {P} at (4,1028) size 746x22 [bgcolor=#C0C0C0]
                RenderText {#text} at (0,0) size 214x22
                  text run at (0,0) width 214: "This element has a class of zero."
              RenderBlock {UL} at (29,1075) size 696x138 [bgcolor=#00FFFF]
                RenderListItem {LI} at (40,0) size 656x22
                  RenderListMarker at (-18,0) size 7x22: bullet
                  RenderText {#text} at (0,0) size 403x22
                    text run at (0,0) width 403: "This list has a margin of 25px, and a light blue background."
                RenderListItem {LI} at (40,22) size 656x22
                  RenderListMarker at (-18,0) size 7x22: bullet
                  RenderText {#text} at (0,0) size 285x22
                    text run at (0,0) width 285: "Therefore, it ought to have such a margin."
                RenderListItem {LI} at (65,69) size 606x22
                  RenderListMarker at (-18,0) size 7x22: bullet
                  RenderText {#text} at (0,0) size 573x22
                    text run at (0,0) width 573: "This list item has a margin of 25px, which should cause it to be offset in some fashion."
                RenderListItem {LI} at (40,116) size 656x22
                  RenderListMarker at (-18,0) size 7x22: bullet
                  RenderText {#text} at (0,0) size 311x22
                    text run at (0,0) width 311: "This list item has no special styles applied to it."
              RenderBlock {P} at (4,1238) size 746x22 [bgcolor=#C0C0C0]
                RenderText {#text} at (0,0) size 214x22
                  text run at (0,0) width 214: "This element has a class of zero."
              RenderBlock {P} at (-6,1250) size 766x66 [bgcolor=#00FFFF]
                RenderText {#text} at (0,0) size 758x66
                  text run at (0,0) width 758: "This paragraph has an overall margin of -10px, which should make it wider than usual as well as shift it upward"
                  text run at (0,22) width 461: "and pull subsequent text up toward it, and a light blue background. "
                  text run at (461,22) width 284: "In all other respects, however, the element"
                  text run at (0,44) width 126: "should be normal. "
                  text run at (126,44) width 590: "No styles have been applied to it besides the negative margin and the background color."
              RenderBlock {P} at (4,1306) size 746x22 [bgcolor=#C0C0C0]
                RenderText {#text} at (0,0) size 214x22
                  text run at (0,0) width 214: "This element has a class of zero."
