layer at (0,0) size 786x1193
  RenderView at (0,0) size 784x584
layer at (0,0) size 784x1193
  RenderBlock {HTML} at (0,0) size 784x1193
    RenderBody {BODY} at (8,8) size 768x1177 [bgcolor=#CCCCCC]
      RenderBlock {P} at (0,0) size 768x22
        RenderText {#text} at (0,0) size 380x22
          text run at (0,0) width 380: "The style declarations which apply to the text below are:"
      RenderBlock {PRE} at (0,38) size 768x102
        RenderText {#text} at (0,0) size 441x102
          text run at (0,0) width 416: ".zero {background-color: silver; margin-right: 0; text-align: right;}"
          text run at (416,0) width 0: " "
          text run at (0,17) width 436: ".one {margin-right: 0.5in; text-align: right; background-color: aqua;}"
          text run at (436,17) width 0: " "
          text run at (0,34) width 433: ".two {margin-right: 25px; text-align: right; background-color: aqua;}"
          text run at (433,34) width 0: " "
          text run at (0,51) width 441: ".three {margin-right: 5em; text-align: right; background-color: aqua;}"
          text run at (441,51) width 0: " "
          text run at (0,68) width 434: ".four {margin-right: 25%; text-align: right; background-color: aqua;}"
          text run at (434,68) width 0: " "
          text run at (0,85) width 330: ".five {margin-right: -10px; background-color: aqua;}"
          text run at (330,85) width 0: " "
      RenderBlock {HR} at (0,153) size 768x2 [border: (1px inset #000000)]
      RenderBlock {P} at (0,171) size 768x22 [bgcolor=#C0C0C0]
        RenderText {#text} at (554,0) size 214x22
          text run at (554,0) width 214: "This element has a class of zero."
      RenderBlock {P} at (0,209) size 720x22 [bgcolor=#00FFFF]
        RenderText {#text} at (337,0) size 383x22
          text run at (337,0) width 383: "This sentence should have a right margin of half an inch."
      RenderBlock {P} at (0,247) size 743x22 [bgcolor=#00FFFF]
        RenderText {#text} at (382,0) size 361x22
          text run at (382,0) width 361: "This sentence should have a right margin of 25 pixels."
      RenderBlock {P} at (0,285) size 688x22 [bgcolor=#00FFFF]
        RenderText {#text} at (353,0) size 335x22
          text run at (353,0) width 335: "This sentence should have a right margin of 5 em."
      RenderBlock {P} at (0,323) size 576x44 [bgcolor=#00FFFF]
        RenderText {#text} at (7,0) size 569x44
          text run at (7,0) width 569: "This sentence should have a right margin of 25%, which is calculated with respect to"
          text run at (361,22) width 215: "the width of the parent element."
      RenderBlock {UL} at (0,383) size 743x132 [bgcolor=#808080]
        RenderListItem {LI} at (40,0) size 703x44
          RenderListMarker at (-18,0) size 7x22: bullet
          RenderText {#text} at (5,0) size 698x44
            text run at (5,0) width 698: "The right margin on this unordered list has been set to 25 pixels, and the background color has been set"
            text run at (651,22) width 52: "to gray."
        RenderListItem {LI} at (40,44) size 678x66 [bgcolor=#FFFFFF]
          RenderListMarker at (-18,0) size 7x22: bullet
          RenderText {#text} at (29,0) size 660x66
            text run at (29,0) width 649: "Another list item might not be such a bad idea, either, considering that such things do need to be"
            text run at (18,22) width 114: "double-checked. "
            text run at (132,22) width 546: "This list item has its right margin also set to 25 pixels, which should combine with"
            text run at (55,44) width 623: "the list's margin to make 50 pixels of margin, and its background-color has been set to white."
        RenderListItem {LI} at (40,110) size 703x22
          RenderListMarker at (-18,0) size 7x22: bullet
          RenderText {#text} at (513,0) size 190x22
            text run at (513,0) width 190: "This is an unclassed list item"
      RenderBlock {P} at (0,531) size 768x22 [bgcolor=#C0C0C0]
        RenderText {#text} at (554,0) size 214x22
          text run at (554,0) width 214: "This element has a class of zero."
      RenderBlock {P} at (0,569) size 778x66 [bgcolor=#00FFFF]
        RenderText {#text} at (0,0) size 754x66
          text run at (0,0) width 754: "This paragraph has a right margin of -10px, which should cause it to be wider than it might otherwise be, and it"
          text run at (0,22) width 197: "has a light blue background. "
          text run at (197,22) width 414: "In all other respects, however, the element should be normal. "
          text run at (611,22) width 132: "No styles have been"
          text run at (0,44) width 491: "applied to it besides the negative right margin and the background color."
      RenderTable {TABLE} at (0,651) size 768x526 [border: (1px outset #808080)]
        RenderTableSection {TBODY} at (1,1) size 766x524
          RenderTableRow {TR} at (0,0) size 766x30
            RenderTableCell {TD} at (0,0) size 766x30 [bgcolor=#C0C0C0] [border: (1px inset #808080)] [r=0 c=0 rs=1 cs=2]
              RenderInline {STRONG} at (0,0) size 163x22
                RenderText {#text} at (4,4) size 163x22
                  text run at (4,4) width 163: "TABLE Testing Section"
          RenderTableRow {TR} at (0,30) size 766x494
            RenderTableCell {TD} at (0,262) size 12x30 [bgcolor=#C0C0C0] [border: (1px inset #808080)] [r=1 c=0 rs=1 cs=1]
              RenderText {#text} at (4,4) size 4x22
                text run at (4,4) width 4: " "
            RenderTableCell {TD} at (12,30) size 754x494 [border: (1px inset #808080)] [r=1 c=1 rs=1 cs=1]
              RenderBlock {P} at (4,4) size 746x22 [bgcolor=#C0C0C0]
                RenderText {#text} at (532,0) size 214x22
                  text run at (532,0) width 214: "This element has a class of zero."
              RenderBlock {P} at (4,42) size 698x22 [bgcolor=#00FFFF]
                RenderText {#text} at (315,0) size 383x22
                  text run at (315,0) width 383: "This sentence should have a right margin of half an inch."
              RenderBlock {P} at (4,80) size 721x22 [bgcolor=#00FFFF]
                RenderText {#text} at (360,0) size 361x22
                  text run at (360,0) width 361: "This sentence should have a right margin of 25 pixels."
              RenderBlock {P} at (4,118) size 666x22 [bgcolor=#00FFFF]
                RenderText {#text} at (331,0) size 335x22
                  text run at (331,0) width 335: "This sentence should have a right margin of 5 em."
              RenderBlock {P} at (4,156) size 560x44 [bgcolor=#00FFFF]
                RenderText {#text} at (8,0) size 552x44
                  text run at (8,0) width 552: "This sentence should have a right margin of 25%, which is calculated with respect"
                  text run at (328,22) width 232: "to the width of the parent element."
              RenderBlock {UL} at (4,216) size 721x154 [bgcolor=#808080]
                RenderListItem {LI} at (40,0) size 681x44
                  RenderListMarker at (-18,0) size 7x22: bullet
                  RenderText {#text} at (5,0) size 676x44
                    text run at (5,0) width 676: "The right margin on this unordered list has been set to 25 pixels, and the background color has been"
                    text run at (607,22) width 74: "set to gray."
                RenderListItem {LI} at (40,44) size 656x88 [bgcolor=#FFFFFF]
                  RenderListMarker at (-18,0) size 7x22: bullet
                  RenderText {#text} at (7,0) size 649x88
                    text run at (7,0) width 649: "Another list item might not be such a bad idea, either, considering that such things do need to be"
                    text run at (30,22) width 114: "double-checked. "
                    text run at (144,22) width 512: "This list item has its right margin also set to 25 pixels, which should combine"
                    text run at (44,44) width 612: "with the list's margin to make 50 pixels of margin, and its background-color has been set to"
                    text run at (615,66) width 41: "white."
                RenderListItem {LI} at (40,132) size 681x22
                  RenderListMarker at (-18,0) size 7x22: bullet
                  RenderText {#text} at (491,0) size 190x22
                    text run at (491,0) width 190: "This is an unclassed list item"
              RenderBlock {P} at (4,386) size 746x22 [bgcolor=#C0C0C0]
                RenderText {#text} at (532,0) size 214x22
                  text run at (532,0) width 214: "This element has a class of zero."
              RenderBlock {P} at (4,424) size 756x66 [bgcolor=#00FFFF]
                RenderText {#text} at (0,0) size 754x66
                  text run at (0,0) width 754: "This paragraph has a right margin of -10px, which should cause it to be wider than it might otherwise be, and it"
                  text run at (0,22) width 197: "has a light blue background. "
                  text run at (197,22) width 414: "In all other respects, however, the element should be normal. "
                  text run at (611,22) width 132: "No styles have been"
                  text run at (0,44) width 491: "applied to it besides the negative right margin and the background color."
