layer at (0,0) size 800x600
  RenderView at (0,0) size 800x600
layer at (0,0) size 800x600
  RenderBlock {HTML} at (0,0) size 800x600
    RenderBody {BODY} at (8,8) size 784x584
      RenderBlock {P} at (0,0) size 784x54
        RenderText {#text} at (0,0) size 780x53
          text run at (0,0) width 780: "This tests to see that deleting a selection that starts just before a table and ends inside the table"
          text run at (0,18) width 382: "does not insert a placeholder br unnecessarily. "
          text run at (381,18) width 318: "You should see two ToDos, one empty. "
          text run at (698,18) width 77: "The caret"
          text run at (0,36) width 268: "should be just before the second."
      RenderBlock {DIV} at (0,70) size 784x48
        RenderTable {TABLE} at (0,0) size 153x24
          RenderTableSection {TBODY} at (0,0) size 153x24
            RenderTableRow {TR} at (0,2) size 153x20
              RenderTableCell {TD} at (2,2) size 16x20 [r=0 c=0 rs=1 cs=1]
                RenderText {#text} at (1,1) size 14x17
                  text run at (1,1) width 14: "\x{21D2}"
              RenderTableCell {TD} at (20,2) size 113x20 [r=0 c=1 rs=1 cs=1]
                RenderText {#text} at (1,1) size 111x17
                  text run at (1,1) width 111: "ToDo Content"
              RenderTableCell {TD} at (135,2) size 16x20 [r=0 c=2 rs=1 cs=1]
                RenderText {#text} at (1,1) size 14x17
                  text run at (1,1) width 14: "\x{21E3}"
        RenderTable {TABLE} at (0,24) size 42x24
          RenderTableSection {TBODY} at (0,0) size 42x24
            RenderTableRow {TR} at (0,2) size 42x20
              RenderTableCell {TD} at (2,2) size 16x20 [r=0 c=0 rs=1 cs=1]
                RenderText {#text} at (1,1) size 14x17
                  text run at (1,1) width 14: "\x{21D2}"
              RenderTableCell {TD} at (20,2) size 2x20 [r=0 c=1 rs=1 cs=1]
              RenderTableCell {TD} at (24,2) size 16x20 [r=0 c=2 rs=1 cs=1]
                RenderText {#text} at (1,1) size 14x17
                  text run at (1,1) width 14: "\x{21E3}"
caret: position 0 of child 3 {TABLE} of child 2 {DIV} of body
