layer at (0,0) size 800x600
  RenderView at (0,0) size 800x600
layer at (0,0) size 800x600
  RenderBlock {HTML} at (0,0) size 800x600
    RenderBody {BODY} at (8,8) size 784x579
      RenderBlock {P} at (0,0) size 784x38
        RenderText {#text} at (0,0) size 743x38
          text run at (0,0) width 364: "This test places the caret before the 'b' in 'bar' and Delete. "
          text run at (364,0) width 379: "Afterword, 'foobar' should be in the first paragraph and 'baz'"
          text run at (0,19) width 152: "should be in the second."
      RenderBlock {DIV} at (0,54) size 784x47
        RenderBlock {DIV} at (0,0) size 784x19
          RenderText {#text} at (0,0) size 21x19
            text run at (0,0) width 21: "foo"
          RenderInline {SPAN} at (0,0) size 24x15
            RenderText {#text} at (21,4) size 24x15
              text run at (21,4) width 24: "bar"
        RenderBlock {PRE} at (0,32) size 784x15
          RenderText {#text} at (0,0) size 24x15
            text run at (0,0) width 24: "baz"
caret: position 3 of child 0 {#text} of child 1 {DIV} of child 2 {DIV} of body
