layer at (0,0) size 800x600
  RenderView at (0,0) size 800x600
layer at (0,0) size 800x204
  RenderBlock {HTML} at (0,0) size 800x204
    RenderBody {BODY} at (8,16) size 784x172
      RenderBlock {P} at (0,0) size 784x20
        RenderText {#text} at (0,0) size 90x19
          text run at (0,0) width 90: "From WebKit "
        RenderInline {A} at (0,0) size 66x19 [color=#0000EE]
          RenderText {#text} at (90,0) size 66x19
            text run at (90,0) width 66: "bug 50913"
        RenderText {#text} at (0,0) size 0x0
      RenderBlock {P} at (0,36) size 784x60
        RenderText {#text} at (0,0) size 783x59
          text run at (0,0) width 783: "In this example, usernames are shown along with the number of posts that the user has submitted. If the bdi element were not used,"
          text run at (0,20) width 768: "the username of the Arabic user would end up confusing the text (the bidirectional algorithm would put the colon and the number"
          text run at (0,40) width 390: "\"3\" next to the word \"User\" rather than next to the word \"posts\")."
      RenderBlock {UL} at (0,112) size 784x60
        RenderListItem {LI} at (40,0) size 744x20
          RenderListMarker at (-18,0) size 7x19: bullet
          RenderText {#text} at (0,0) size 33x19
            text run at (0,0) width 33: "User "
          RenderInline {BDI} at (0,0) size 53x19
            RenderText {#text} at (33,0) size 53x19
              text run at (33,0) width 53: "jcranmer"
          RenderText {#text} at (86,0) size 63x19
            text run at (86,0) width 63: ": 12 posts."
        RenderListItem {LI} at (40,20) size 744x20
          RenderListMarker at (-18,0) size 7x19: bullet
          RenderText {#text} at (0,0) size 33x19
            text run at (0,0) width 33: "User "
          RenderInline {BDI} at (0,0) size 35x19
            RenderText {#text} at (33,0) size 35x19
              text run at (33,0) width 35: "hober"
          RenderText {#text} at (68,0) size 55x19
            text run at (68,0) width 55: ": 5 posts."
        RenderListItem {LI} at (40,40) size 744x20
          RenderListMarker at (-18,0) size 7x19: bullet
          RenderText {#text} at (0,0) size 33x19
            text run at (0,0) width 33: "User "
          RenderInline {BDI} at (0,0) size 19x19
            RenderText {#text} at (33,0) size 19x19
              text run at (33,0) width 19 RTL: "\x{625}\x{64A}\x{627}\x{646}"
          RenderText {#text} at (52,0) size 55x19
            text run at (52,0) width 55: ": 3 posts."
