layer at (0,0) size 800x600
  RenderView at (0,0) size 800x600
layer at (0,0) size 800x310
  RenderBlock {HTML} at (0,0) size 800x310
    RenderBody {BODY} at (8,8) size 784x294
      RenderBlock {DIV} at (0,0) size 784x26
        RenderTextControl {INPUT} at (2,2) size 153x22 [bgcolor=#FFFFFF] [border: (2px inset #000000)]
          RenderDeprecatedFlexibleBox {DIV} at (2,3) size 149x16
            RenderBlock {DIV} at (0,0) size 133x16
            RenderDetailsMarker {DIV} at (133,2) size 16x12: down
      RenderBlock {DIV} at (0,26) size 784x26
        RenderTextControl {INPUT} at (2,2) size 153x22 [bgcolor=#FFFFFF] [border: (2px inset #000000)]
          RenderDeprecatedFlexibleBox {DIV} at (2,3) size 149x16
            RenderBlock {DIV} at (0,0) size 133x16
            RenderDetailsMarker {DIV} at (133,2) size 16x12: down
      RenderBlock {DIV} at (0,52) size 784x26
        RenderTextControl {INPUT} at (2,2) size 153x22 [color=#545454] [bgcolor=#EBEBE4] [border: (2px inset #545454)]
          RenderDeprecatedFlexibleBox {DIV} at (2,3) size 149x16
            RenderBlock {DIV} at (0,0) size 133x16
            RenderDetailsMarker {DIV} at (133,2) size 16x12: down
      RenderBlock {DIV} at (0,78) size 784x26
        RenderTextControl {INPUT} at (2,2) size 153x22 [color=#FFFFFF] [bgcolor=#000000] [border: (2px inset #FFFFFF)]
          RenderDeprecatedFlexibleBox {DIV} at (2,3) size 149x16
            RenderBlock {DIV} at (0,0) size 133x16
            RenderDetailsMarker {DIV} at (133,2) size 16x12: down
      RenderBlock {DIV} at (0,104) size 784x26
        RenderTextControl {INPUT} at (2,2) size 153x22 [color=#FFFFFF] [bgcolor=#000000] [border: (2px inset #FFFFFF)]
          RenderDeprecatedFlexibleBox {DIV} at (2,3) size 149x16
            RenderBlock {DIV} at (0,0) size 133x16
            RenderDetailsMarker {DIV} at (133,2) size 16x12: down
      RenderBlock {DIV} at (0,130) size 784x26
        RenderTextControl {INPUT} at (2,2) size 153x22 [color=#FFFFFF] [bgcolor=#000000] [border: (2px inset #FFFFFF)]
          RenderDeprecatedFlexibleBox {DIV} at (2,3) size 149x16
            RenderBlock {DIV} at (0,0) size 133x16
            RenderDetailsMarker {DIV} at (133,2) size 16x12: down
      RenderBlock {DIV} at (0,156) size 784x46
        RenderTextControl {INPUT} at (2,2) size 332x42 [bgcolor=#FFFFFF] [border: (2px inset #000000)]
          RenderDeprecatedFlexibleBox {DIV} at (2,3) size 328x36
            RenderBlock {DIV} at (0,0) size 289x36
            RenderDetailsMarker {DIV} at (289,3) size 39x29: down
      RenderBlock {DIV} at (0,202) size 784x46
        RenderTextControl {INPUT} at (2,2) size 332x42 [bgcolor=#FFFFFF] [border: (2px inset #000000)]
          RenderDeprecatedFlexibleBox {DIV} at (2,3) size 328x36
            RenderBlock {DIV} at (0,0) size 289x36
            RenderDetailsMarker {DIV} at (289,3) size 39x29: down
      RenderBlock {DIV} at (0,248) size 784x46
        RenderTextControl {INPUT} at (2,2) size 332x42 [color=#545454] [bgcolor=#EBEBE4] [border: (2px inset #545454)]
          RenderDeprecatedFlexibleBox {DIV} at (2,3) size 328x36
            RenderBlock {DIV} at (0,0) size 289x36
            RenderDetailsMarker {DIV} at (289,3) size 39x29: down
layer at (12,13) size 133x16
  RenderBlock {DIV} at (0,0) size 133x16
    RenderText {#text} at (0,0) size 36x16
      text run at (0,0) width 36: "4/2/12"
layer at (12,13) size 133x16
  RenderBlock {DIV} at (2,3) size 133x16 [color=#A9A9A9]
    RenderText {#text} at (0,0) size 94x16
      text run at (0,0) width 94: "Month/Day/Year"
layer at (12,39) size 133x16
  RenderBlock {DIV} at (0,0) size 133x16
    RenderText {#text} at (0,0) size 36x16
      text run at (0,0) width 36: "4/2/12"
layer at (12,39) size 133x16
  RenderBlock {DIV} at (2,3) size 133x16 [color=#A9A9A9]
    RenderText {#text} at (0,0) size 94x16
      text run at (0,0) width 94: "Month/Day/Year"
layer at (12,65) size 133x16
  RenderBlock {DIV} at (0,0) size 133x16
    RenderText {#text} at (0,0) size 36x16
      text run at (0,0) width 36: "4/2/12"
layer at (12,65) size 133x16
  RenderBlock {DIV} at (2,3) size 133x16 [color=#A9A9A9]
    RenderText {#text} at (0,0) size 94x16
      text run at (0,0) width 94: "Month/Day/Year"
layer at (12,91) size 133x16
  RenderBlock {DIV} at (0,0) size 133x16
    RenderText {#text} at (0,0) size 36x16
      text run at (0,0) width 36: "4/2/12"
layer at (12,91) size 133x16
  RenderBlock {DIV} at (2,3) size 133x16 [color=#A9A9A9]
    RenderText {#text} at (0,0) size 94x16
      text run at (0,0) width 94: "Month/Day/Year"
layer at (12,117) size 133x16
  RenderBlock {DIV} at (0,0) size 133x16
    RenderText {#text} at (0,0) size 36x16
      text run at (0,0) width 36: "4/2/12"
layer at (12,117) size 133x16
  RenderBlock {DIV} at (2,3) size 133x16 [color=#A9A9A9]
    RenderText {#text} at (0,0) size 94x16
      text run at (0,0) width 94: "Month/Day/Year"
layer at (12,143) size 133x16
  RenderBlock {DIV} at (0,0) size 133x16
    RenderText {#text} at (0,0) size 36x16
      text run at (0,0) width 36: "4/2/12"
layer at (12,143) size 133x16
  RenderBlock {DIV} at (2,3) size 133x16 [color=#A9A9A9]
    RenderText {#text} at (0,0) size 94x16
      text run at (0,0) width 94: "Month/Day/Year"
layer at (12,169) size 289x36
  RenderBlock {DIV} at (0,0) size 289x36
    RenderText {#text} at (0,0) size 84x35
      text run at (0,0) width 84: "4/2/12"
layer at (12,169) size 289x36
  RenderBlock {DIV} at (2,3) size 289x36 [color=#A9A9A9]
    RenderText {#text} at (0,0) size 213x35
      text run at (0,0) width 213: "Month/Day/Year"
layer at (12,215) size 289x36
  RenderBlock {DIV} at (0,0) size 289x36
    RenderText {#text} at (0,0) size 84x35
      text run at (0,0) width 84: "4/2/12"
layer at (12,215) size 289x36
  RenderBlock {DIV} at (2,3) size 289x36 [color=#A9A9A9]
    RenderText {#text} at (0,0) size 213x35
      text run at (0,0) width 213: "Month/Day/Year"
layer at (12,261) size 289x36
  RenderBlock {DIV} at (0,0) size 289x36
    RenderText {#text} at (0,0) size 84x35
      text run at (0,0) width 84: "4/2/12"
layer at (12,261) size 289x36
  RenderBlock {DIV} at (2,3) size 289x36 [color=#A9A9A9]
    RenderText {#text} at (0,0) size 213x35
      text run at (0,0) width 213: "Month/Day/Year"
