layer at (0,0) size 800x600
  RenderView at (0,0) size 800x600
layer at (0,0) size 800x222
  RenderBlock {HTML} at (0,0) size 800x222
    RenderBody {BODY} at (8,8) size 784x206
      RenderHTMLCanvas {CANVAS} at (0,0) size 100x100
      RenderText {#text} at (100,85) size 4x19
        text run at (100,85) width 4: " "
      RenderHTMLCanvas {CANVAS} at (104,0) size 100x100
      RenderText {#text} at (204,85) size 4x19
        text run at (204,85) width 4: " "
      RenderBR {BR} at (0,0) size 0x0
      RenderHTMLCanvas {CANVAS} at (0,103) size 100x100
      RenderText {#text} at (100,188) size 4x19
        text run at (100,188) width 4: " "
      RenderHTMLCanvas {CANVAS} at (104,103) size 100x100
      RenderText {#text} at (0,0) size 0x0
      RenderText {#text} at (0,0) size 0x0
