layer at (0,0) size 800x600
  RenderView at (0,0) size 800x600
layer at (0,0) size 800x600
  RenderBlock {HTML} at (0,0) size 800x600
    RenderBody {BODY} at (8,8) size 784x584
      RenderBlock {DIV} at (0,0) size 784x37
        RenderInline (generated) at (0,0) size 20x37
          RenderText {#text} at (0,0) size 20x37
            text run at (0,0) width 20: "T"
        RenderText {#text} at (20,15) size 367x18
          text run at (20,15) width 367: "he first letter in this sentence should be larger than the rest."
      RenderBlock {DIV} at (0,37) size 784x37
        RenderText {#text} at (0,0) size 535x37
          text run at (0,0) width 535: "This sentence should be extra-extra-large."
      RenderBlock (anonymous) at (0,74) size 784x23
        RenderTextControl {INPUT} at (2,2) size 125x19 [bgcolor=#FFFFFF] [border: (2px inset #000000)]
          RenderBlock {DIV} at (3,3) size 119x13
            RenderBlock {DIV} at (0,0) size 8x11
            RenderBlock {DIV} at (106,0) size 13x11
        RenderText {#text} at (0,0) size 0x0
        RenderText {#text} at (0,0) size 0x0
layer at (21,87) size 98x13
  RenderBlock {DIV} at (8,0) size 98x13
