layer at (0,0) size 785x888
  RenderView at (0,0) size 785x600
layer at (0,0) size 785x888
  RenderBlock {HTML} at (0,0) size 785x888
    RenderBody {BODY} at (8,8) size 769x860
      RenderBlock {P} at (0,0) size 769x18
        RenderText {#text} at (0,0) size 552x18
          text run at (0,0) width 552: "This test checks that text with text-overflow:ellipsis follows 'text-align: justify' correctly."
      RenderBlock {P} at (0,34) size 769x36
        RenderText {#text} at (0,0) size 743x36
          text run at (0,0) width 743: "LTR text should be aligned with the left hand side of their box. RTL text should be aligned with the right hand side of"
          text run at (0,18) width 60: "their box."
      RenderBlock {H3} at (0,88) size 769x22
        RenderText {#text} at (0,0) size 84x22
          text run at (0,0) width 84: "Single line"
      RenderBlock {H3} at (0,168) size 769x22
        RenderText {#text} at (0,0) size 79x22
          text run at (0,0) width 79: "Multi line"
      RenderBlock {H3} at (0,302) size 769x22
        RenderText {#text} at (0,0) size 232x22
          text run at (0,0) width 232: "Containing replaced content"
      RenderBlock {H3} at (0,393) size 769x22
        RenderText {#text} at (0,0) size 396x22
          text run at (0,0) width 396: "Containing replaced content blocking the ellipsis"
      RenderBlock {H3} at (0,484) size 769x22
        RenderText {#text} at (0,0) size 199x22
          text run at (0,0) width 199: "Right-To-Left single line"
      RenderBlock {H3} at (0,564) size 769x22
        RenderText {#text} at (0,0) size 198x22
          text run at (0,0) width 198: "Right-To-Left Multi line"
      RenderBlock {H3} at (0,698) size 769x22
        RenderText {#text} at (0,0) size 345x22
          text run at (0,0) width 345: "Right-To-Left containing replaced content"
      RenderBlock {H3} at (0,789) size 769x22
        RenderText {#text} at (0,0) size 509x22
          text run at (0,0) width 509: "Right-To-Left containing replaced content blocking the ellipsis"
layer at (8,136) size 310x20 clip at (9,137) size 308x18 scrollWidth 719
  RenderBlock {DIV} at (0,128) size 310x20 [border: (1px solid #000000)]
    RenderText {#text} at (1,1) size 719x18
      text run at (1,1) width 719: "Lorem ipsum dolor sit amet, consectetur adipiscing elit. Vivamus vitae eros non libero faucibus sagittis sed ut eros."
layer at (8,216) size 310x74 clip at (9,217) size 308x72 scrollWidth 719
  RenderBlock {DIV} at (0,208) size 310x74 [border: (1px solid #000000)]
    RenderText {#text} at (1,1) size 719x18
      text run at (1,1) width 719: "Lorem ipsum dolor sit amet, consectetur adipiscing elit. Vivamus vitae eros non libero faucibus sagittis sed ut eros."
    RenderBR {BR} at (0,0) size 0x0
    RenderText {#text} at (1,19) size 709x18
      text run at (1,19) width 709: "orem ipsum dolor sit amet, consectetur adipiscing elit. Vivamus vitae eros non libero faucibus sagittis sed ut eros."
    RenderBR {BR} at (0,0) size 0x0
    RenderText {#text} at (1,37) size 701x18
      text run at (1,37) width 701: "rem ipsum dolor sit amet, consectetur adipiscing elit. Vivamus vitae eros non libero faucibus sagittis sed ut eros."
    RenderBR {BR} at (0,0) size 0x0
    RenderText {#text} at (1,55) size 696x18
      text run at (1,55) width 696: "em ipsum dolor sit amet, consectetur adipiscing elit. Vivamus vitae eros non libero faucibus sagittis sed ut eros."
    RenderBR {BR} at (0,0) size 0x0
layer at (8,350) size 310x31 clip at (9,351) size 308x29 scrollWidth 748
  RenderBlock {DIV} at (0,342) size 310x31 [border: (1px solid #000000)]
    RenderText {#text} at (1,12) size 181x18
      text run at (1,12) width 181: "Lorem ipsum dolor sit amet, "
    RenderImage {IMG} at (182,1) size 25x25
    RenderText {#text} at (207,12) size 542x18
      text run at (207,12) width 542: " consectetur adipiscing elit. Vivamus vitae eros non libero faucibus sagittis sed ut eros."
layer at (8,441) size 310x31 clip at (9,442) size 308x29 scrollWidth 744
  RenderBlock {DIV} at (0,433) size 310x31 [border: (1px solid #000000)]
    RenderText {#text} at (1,12) size 271x18
      text run at (1,12) width 271: "Lorem ipsum dolor sit amet, consectetur ad"
    RenderImage {IMG} at (272,1) size 25x25
    RenderText {#text} at (297,12) size 448x18
      text run at (297,12) width 448: "ipiscing elit. Vivamus vitae eros non libero faucibus sagittis sed ut eros."
layer at (8,532) size 310x20 clip at (9,533) size 308x18 scrollX 411 scrollWidth 719
  RenderBlock {DIV} at (0,524) size 310x20 [border: (1px solid #000000)]
    RenderText {#text} at (-410,1) size 719x18
      text run at (-410,1) width 719 RTL override: "Lorem ipsum dolor sit amet, consectetur adipiscing elit. Vivamus vitae eros non libero faucibus sagittis sed ut eros."
layer at (8,612) size 310x74 clip at (9,613) size 308x72
  RenderBlock {DIV} at (0,604) size 310x74 [border: (1px solid #000000)]
    RenderText {#text} at (1,1) size 719x18
      text run at (1,1) width 719 RTL override: "Lorem ipsum dolor sit amet, consectetur adipiscing elit. Vivamus vitae eros non libero faucibus sagittis sed ut eros."
    RenderBR {BR} at (0,0) size 0x0
    RenderText {#text} at (1,19) size 709x18
      text run at (1,19) width 709 RTL override: "orem ipsum dolor sit amet, consectetur adipiscing elit. Vivamus vitae eros non libero faucibus sagittis sed ut eros."
    RenderBR {BR} at (0,0) size 0x0
    RenderText {#text} at (1,37) size 701x18
      text run at (1,37) width 701 RTL override: "rem ipsum dolor sit amet, consectetur adipiscing elit. Vivamus vitae eros non libero faucibus sagittis sed ut eros."
    RenderBR {BR} at (0,0) size 0x0
    RenderText {#text} at (1,55) size 696x18
      text run at (1,55) width 696 RTL override: "em ipsum dolor sit amet, consectetur adipiscing elit. Vivamus vitae eros non libero faucibus sagittis sed ut eros."
    RenderBR {BR} at (0,0) size 0x0
layer at (8,746) size 310x31 clip at (9,747) size 308x29 scrollX 440 scrollWidth 748
  RenderBlock {DIV} at (0,738) size 310x31 [border: (1px solid #000000)]
    RenderText {#text} at (128,12) size 181x18
      text run at (128,12) width 181 RTL override: "Lorem ipsum dolor sit amet, "
    RenderImage {IMG} at (103,1) size 25x25
    RenderText {#text} at (-439,12) size 542x18
      text run at (-439,12) width 542 RTL override: " consectetur adipiscing elit. Vivamus vitae eros non libero faucibus sagittis sed ut eros."
layer at (8,837) size 310x31 clip at (9,838) size 308x29 scrollX 436 scrollWidth 744
  RenderBlock {DIV} at (0,829) size 310x31 [border: (1px solid #000000)]
    RenderText {#text} at (38,12) size 271x18
      text run at (38,12) width 271 RTL override: "Lorem ipsum dolor sit amet, consectetur ad"
    RenderImage {IMG} at (13,1) size 25x25
    RenderText {#text} at (-435,12) size 448x18
      text run at (-435,12) width 448 RTL override: "ipiscing elit. Vivamus vitae eros non libero faucibus sagittis sed ut eros."
