layer at (0,0) size 800x600
  RenderView at (0,0) size 800x600
layer at (0,0) size 800x600
  RenderBlock {HTML} at (0,0) size 800x600
    RenderBody {BODY} at (8,8) size 784x584
      RenderBlock {P} at (0,0) size 784x18
        RenderText {#text} at (0,0) size 157x17
          text run at (0,0) width 157: "Test controls placement."
      RenderBlock (anonymous) at (0,34) size 784x94
        RenderMedia {AUDIO} at (0,0) size 300x20 [bgcolor=#0000FF]
        RenderBR {BR} at (300,20) size 0x0
        RenderBR {BR} at (0,20) size 0x17
        RenderMedia {AUDIO} at (0,38) size 320x20 [bgcolor=#0000FF]
        RenderBR {BR} at (320,58) size 0x0
        RenderBR {BR} at (0,58) size 0x17
        RenderBR {BR} at (0,76) size 0x17
layer at (8,42) size 300x20
  RenderBlock (relative positioned) {DIV} at (0,0) size 300x20
layer at (8,42) size 300x20 scrollHeight 30
  RenderDeprecatedFlexibleBox (positioned) {DIV} at (0,0) size 300x20
    RenderButton {INPUT} at (0,0) size 20x20
    RenderDeprecatedFlexibleBox {DIV} at (20,0) size 220x20 [border: (1px solid #FFFFFF33) none (1px solid #FFFFFF33)]
      RenderBlock (anonymous) at (1,0) size 64x30
        RenderDeprecatedFlexibleBox {DIV} at (0,0) size 64x30
          RenderBlock (anonymous) at (5,5) size 54x20
            RenderText {#text} at (0,0) size 54x11
              text run at (0,0) width 54: "00:00 / 00:07"
      RenderSlider {INPUT} at (65,0) size 154x20
        RenderDeprecatedFlexibleBox {DIV} at (2,0) size 150x20
          RenderBlock {DIV} at (0,4) size 138x12
          RenderBlock {DIV} at (138,4) size 12x12
    RenderButton {INPUT} at (240,0) size 20x20
    RenderButton {INPUT} at (260,0) size 20x20
    RenderButton {INPUT} at (280,0) size 20x20
layer at (95,46) size 12x12
  RenderBlock (relative positioned) {DIV} at (0,0) size 12x12
layer at (8,80) size 320x20
  RenderBlock (relative positioned) {DIV} at (0,0) size 320x20
layer at (8,80) size 320x20 scrollHeight 30
  RenderDeprecatedFlexibleBox (positioned) {DIV} at (0,0) size 320x20
    RenderButton {INPUT} at (0,0) size 20x20
    RenderDeprecatedFlexibleBox {DIV} at (20,0) size 240x20 [border: (1px solid #FFFFFF33) none (1px solid #FFFFFF33)]
      RenderBlock (anonymous) at (1,0) size 64x30
        RenderDeprecatedFlexibleBox {DIV} at (0,0) size 64x30
          RenderBlock (anonymous) at (5,5) size 54x20
            RenderText {#text} at (0,0) size 54x11
              text run at (0,0) width 54: "00:00 / 00:07"
      RenderSlider {INPUT} at (65,0) size 174x20
        RenderDeprecatedFlexibleBox {DIV} at (2,0) size 170x20
          RenderBlock {DIV} at (0,4) size 158x12
          RenderBlock {DIV} at (158,4) size 12x12
    RenderButton {INPUT} at (260,0) size 20x20
    RenderButton {INPUT} at (280,0) size 20x20
    RenderButton {INPUT} at (300,0) size 20x20
layer at (95,84) size 12x12
  RenderBlock (relative positioned) {DIV} at (0,0) size 12x12
layer at (8,118) size 320x100
  RenderMedia {AUDIO} at (8,118) size 320x100 [bgcolor=#0000FF]
layer at (8,118) size 320x100
  RenderBlock (relative positioned) {DIV} at (0,0) size 320x100
layer at (8,118) size 320x100 scrollHeight 110
  RenderDeprecatedFlexibleBox (positioned) {DIV} at (0,0) size 320x100
    RenderButton {INPUT} at (0,80) size 20x20
    RenderDeprecatedFlexibleBox {DIV} at (20,80) size 240x20 [border: (1px solid #FFFFFF33) none (1px solid #FFFFFF33)]
      RenderBlock (anonymous) at (1,0) size 64x30
        RenderDeprecatedFlexibleBox {DIV} at (0,0) size 64x30
          RenderBlock (anonymous) at (5,5) size 54x20
            RenderText {#text} at (0,0) size 54x11
              text run at (0,0) width 54: "00:00 / 00:07"
      RenderSlider {INPUT} at (65,0) size 174x20
        RenderDeprecatedFlexibleBox {DIV} at (2,0) size 170x20
          RenderBlock {DIV} at (0,4) size 158x12
          RenderBlock {DIV} at (158,4) size 12x12
    RenderButton {INPUT} at (260,80) size 20x20
    RenderButton {INPUT} at (280,80) size 20x20
    RenderButton {INPUT} at (300,80) size 20x20
layer at (95,202) size 12x12
  RenderBlock (relative positioned) {DIV} at (0,0) size 12x12
