layer at (0,0) size 800x600
  RenderView at (0,0) size 800x600
layer at (0,0) size 800x303
  RenderBlock {HTML} at (0,0) size 800x303
    RenderBody {BODY} at (8,16) size 784x279
      RenderBlock {P} at (0,0) size 784x19
        RenderText {#text} at (0,0) size 226x19
          text run at (0,0) width 226: "Drawing the controls in strict mode."
      RenderBlock (anonymous) at (0,35) size 784x244
        RenderText {#text} at (0,0) size 0x0
layer at (8,51) size 320x240
  RenderVideo {VIDEO} at (0,0) size 320x240
layer at (8,51) size 320x240
  RenderBlock (relative positioned) {DIV} at (0,0) size 320x240
layer at (8,51) size 320x240 scrollHeight 251
  RenderFlexibleBox (positioned) {DIV} at (0,0) size 320x240
    RenderButton {INPUT} at (0,220) size 20x20
    RenderFlexibleBox {DIV} at (20,220) size 220x20 [border: (1px solid #FFFFFF33) none (1px solid #FFFFFF33)]
      RenderBlock (anonymous) at (1,0) size 65x31
        RenderFlexibleBox {DIV} at (0,1) size 65x30
          RenderBlock (anonymous) at (5,5) size 55x20
            RenderText {#text} at (0,0) size 55x12
              text run at (0,0) width 55: "00:00 / 00:06"
      RenderSlider {INPUT} at (66,0) size 153x20
        RenderFlexibleBox {DIV} at (2,0) size 149x20
          RenderBlock {DIV} at (0,4) size 137x12
          RenderBlock {DIV} at (137,4) size 12x12
    RenderButton {INPUT} at (240,220) size 20x20
    RenderButton {INPUT} at (260,220) size 20x20
    RenderButton {INPUT} at (280,220) size 20x20
    RenderButton {INPUT} at (300,220) size 20x20
layer at (96,275) size 12x12
  RenderBlock (relative positioned) {DIV} at (0,0) size 12x12
