layer at (0,0) size 800x600
  RenderView at (0,0) size 800x600
layer at (0,0) size 800x600
  RenderBlock {HTML} at (0,0) size 800x600
    RenderBody {BODY} at (8,8) size 784x584
      RenderText {#text} at (0,0) size 433x19
        text run at (0,0) width 433: "Tests if the volume slider is rendererd properly. This test assumes the"
      RenderBR {BR} at (433,15) size 0x0
      RenderText {#text} at (0,18) size 446x19
        text run at (0,18) width 446: "volume slider is implmented and mouse over the right bottom corner of"
      RenderBR {BR} at (446,33) size 0x0
      RenderText {#text} at (0,36) size 270x19
        text run at (0,36) width 270: "video element will show the volume slider."
      RenderBR {BR} at (270,51) size 0x0
      RenderText {#text} at (0,0) size 0x0
layer at (8,62) size 320x240
  RenderVideo {VIDEO} at (0,54) size 320x240
layer at (8,62) size 320x240
  RenderDeprecatedFlexibleBox (relative positioned) {DIV} at (0,0) size 320x240
layer at (8,62) size 320x240 scrollHeight 250
  RenderDeprecatedFlexibleBox (relative positioned) {DIV} at (0,0) size 320x240
    RenderButton {INPUT} at (0,220) size 20x20
    RenderDeprecatedFlexibleBox {DIV} at (20,220) size 220x20 [border: none (1px solid #FFFFFF33) none (1px solid #FFFFFF33)]
      RenderBlock (anonymous) at (1,0) size 65x30
        RenderDeprecatedFlexibleBox {DIV} at (0,0) size 65x30
          RenderBlock (anonymous) at (5,5) size 55x20
            RenderText {#text} at (0,0) size 55x12
              text run at (0,0) width 55: "00:00 / 00:06"
      RenderSlider {INPUT} at (66,0) size 153x20
        RenderFlexibleBox {DIV} at (2,0) size 149x20
          RenderBlock {DIV} at (0,4) size 149x12
            RenderBlock {DIV} at (0,0) size 12x12
    RenderButton {INPUT} at (240,220) size 20x20
    RenderButton {INPUT} at (260,220) size 20x20
    RenderButton {INPUT} at (280,220) size 20x20
    RenderBlock {DIV} at (300,220) size 20x20
layer at (308,182) size 20x100
  RenderBlock (positioned) zI: 1 {DIV} at (300,120) size 20x100
layer at (311,187) size 14x95
  RenderSlider {INPUT} at (3,5) size 14x95
    RenderFlexibleBox {DIV} at (0,0) size 14x95
      RenderBlock {DIV} at (0,0) size 14x95
        RenderBlock {DIV} at (0,20) size 14x31
layer at (308,282) size 20x20
  RenderButton zI: 2 {INPUT} at (0,0) size 20x20
