layer at (0,0) size 800x600
  RenderView at (0,0) size 800x600
layer at (0,0) size 800x600
  RenderBlock {HTML} at (0,0) size 800x600
    RenderBody {BODY} at (8,8) size 784x584
      RenderText {#text} at (0,0) size 493x19
        text run at (0,0) width 493: "This tests that toggling the display property won't make the controls disappear."
      RenderBR {BR} at (493,15) size 0x0
      RenderText {#text} at (0,0) size 0x0
layer at (8,27) size 320x240
  RenderVideo {VIDEO} at (0,19) size 320x240
layer at (8,27) size 320x240
  RenderBlock (relative positioned) {DIV} at (0,0) size 320x240
layer at (8,27) size 320x240 scrollHeight 250
  RenderDeprecatedFlexibleBox (positioned) {DIV} at (0,0) size 320x240
    RenderButton {INPUT} at (0,220) size 20x20
    RenderDeprecatedFlexibleBox {DIV} at (20,220) size 220x20 [border: (1px solid #FFFFFF33) none (1px solid #FFFFFF33)]
      RenderBlock (anonymous) at (1,0) size 65x30
        RenderBlock {DIV} at (0,0) size 65x30
          RenderText {#text} at (5,5) size 55x12
            text run at (5,5) width 55: "00:00 / 00:06"
      RenderSlider {INPUT} at (66,0) size 153x20
        RenderBlock {DIV} at (2,4) size 12x12
    RenderButton {INPUT} at (240,220) size 20x20
    RenderButton {INPUT} at (260,220) size 20x20
    RenderButton {INPUT} at (280,220) size 20x20
    RenderButton {INPUT} at (300,220) size 20x20
