layer at (0,0) size 800x600
  RenderView at (0,0) size 800x600
layer at (0,0) size 800x319
  RenderBlock {HTML} at (0,0) size 800x319
    RenderBody {BODY} at (8,16) size 784x295
      RenderBlock {P} at (0,0) size 784x36
        RenderText {#text} at (0,0) size 766x37
          text run at (0,0) width 766: "Test that pausing the media element in \"playing\" event handler pauses the media immediately. The video should show the"
          text run at (0,18) width 68: "first frame."
      RenderBlock (anonymous) at (0,52) size 784x243
        RenderText {#text} at (0,0) size 0x0
layer at (8,68) size 320x240
  RenderVideo {VIDEO} at (0,0) size 320x240
layer at (8,68) size 320x240
  RenderDeprecatedFlexibleBox (relative positioned) {DIV} at (0,0) size 320x240
layer at (8,288) size 320x20 scrollHeight 31
  RenderDeprecatedFlexibleBox (relative positioned) {DIV} at (0,220) size 320x20
    RenderButton {INPUT} at (0,0) size 20x20
    RenderDeprecatedFlexibleBox {DIV} at (20,0) size 220x20 [border: (1px solid #FFFFFF33) none (1px solid #FFFFFF33)]
      RenderBlock (anonymous) at (1,0) size 65x31
        RenderDeprecatedFlexibleBox {DIV} at (0,1) size 65x30
          RenderBlock (anonymous) at (5,5) size 55x20
            RenderText {#text} at (0,0) size 55x12
              text run at (0,0) width 55: "00:00 / 00:06"
      RenderSlider {INPUT} at (66,0) size 153x20
        RenderDeprecatedFlexibleBox {DIV} at (2,0) size 149x20
          RenderBlock {DIV} at (0,4) size 137x12
          RenderBlock {DIV} at (137,4) size 12x12
    RenderButton {INPUT} at (240,0) size 20x20
    RenderButton {INPUT} at (260,0) size 20x20
    RenderButton {INPUT} at (280,0) size 20x20
    RenderBlock {DIV} at (300,0) size 20x20
layer at (100,292) size 12x12
  RenderBlock (relative positioned) {DIV} at (0,0) size 12x12
layer at (308,288) size 20x20
  RenderButton zI: 2 {INPUT} at (0,0) size 20x20
