layer at (0,0) size 785x610
  RenderView at (0,0) size 785x600
layer at (0,0) size 785x610
  RenderBlock {HTML} at (0,0) size 785x610
    RenderBody {BODY} at (8,8) size 769x594
      RenderBlock {P} at (0,0) size 769x12
        RenderText {#text} at (0,0) size 437x12
          text run at (0,0) width 437: "This tests rowIndex, in particular in cases where the table sections are in different orders."
      RenderBlock {P} at (0,22) size 769x12
        RenderText {#text} at (0,0) size 354x12
          text run at (0,0) width 354: "A: This table has the header and footer before the body (\"normal\" order)."
      RenderTable {TABLE} at (0,44) size 154x98 [border: (1px outset #808080)]
        RenderTableSection {THEAD} at (1,1) size 152x32
          RenderTableRow {TR} at (0,2) size 152x28
            RenderTableCell {TD} at (2,2) size 77x28 [border: (1px inset #808080)] [r=0 c=0 rs=1 cs=1]
              RenderText {#text} at (2,2) size 38x24
                text run at (2,2) width 38: "table A,"
                text run at (2,14) width 34: "header"
            RenderTableCell {TD} at (81,2) size 69x28 [border: (1px inset #808080)] [r=0 c=1 rs=1 cs=1]
              RenderText {#text} at (2,2) size 57x24
                text run at (2,2) width 57: "rowIndex ="
                text run at (2,14) width 7: "0"
        RenderTableSection {TFOOT} at (1,65) size 152x32
          RenderTableRow {TR} at (0,2) size 152x28
            RenderTableCell {TD} at (2,8) size 77x16 [border: (1px inset #808080)] [r=0 c=0 rs=1 cs=1]
              RenderText {#text} at (2,2) size 70x12
                text run at (2,2) width 70: "table A, footer"
            RenderTableCell {TD} at (81,2) size 69x28 [border: (1px inset #808080)] [r=0 c=1 rs=1 cs=1]
              RenderText {#text} at (2,2) size 57x24
                text run at (2,2) width 57: "rowIndex ="
                text run at (2,14) width 7: "2"
        RenderTableSection {TBODY} at (1,33) size 152x32
          RenderTableRow {TR} at (0,2) size 152x28
            RenderTableCell {TD} at (2,8) size 77x16 [border: (1px inset #808080)] [r=0 c=0 rs=1 cs=1]
              RenderText {#text} at (2,2) size 65x12
                text run at (2,2) width 65: "table A, body"
            RenderTableCell {TD} at (81,2) size 69x28 [border: (1px inset #808080)] [r=0 c=1 rs=1 cs=1]
              RenderText {#text} at (2,2) size 57x24
                text run at (2,2) width 57: "rowIndex ="
                text run at (2,14) width 7: "1"
      RenderBlock {P} at (0,152) size 769x12
        RenderText {#text} at (0,0) size 351x12
          text run at (0,0) width 351: "B: This table has the footer before the body and both before the header."
      RenderTable {TABLE} at (0,174) size 153x98 [border: (1px outset #808080)]
        RenderTableSection {TFOOT} at (1,65) size 151x32
          RenderTableRow {TR} at (0,2) size 151x28
            RenderTableCell {TD} at (2,8) size 76x16 [border: (1px inset #808080)] [r=0 c=0 rs=1 cs=1]
              RenderText {#text} at (2,2) size 69x12
                text run at (2,2) width 69: "table B, footer"
            RenderTableCell {TD} at (80,2) size 69x28 [border: (1px inset #808080)] [r=0 c=1 rs=1 cs=1]
              RenderText {#text} at (2,2) size 57x24
                text run at (2,2) width 57: "rowIndex ="
                text run at (2,14) width 7: "2"
        RenderTableSection {TBODY} at (1,33) size 151x32
          RenderTableRow {TR} at (0,2) size 151x28
            RenderTableCell {TD} at (2,8) size 76x16 [border: (1px inset #808080)] [r=0 c=0 rs=1 cs=1]
              RenderText {#text} at (2,2) size 64x12
                text run at (2,2) width 64: "table B, body"
            RenderTableCell {TD} at (80,2) size 69x28 [border: (1px inset #808080)] [r=0 c=1 rs=1 cs=1]
              RenderText {#text} at (2,2) size 57x24
                text run at (2,2) width 57: "rowIndex ="
                text run at (2,14) width 7: "1"
        RenderTableSection {THEAD} at (1,1) size 151x32
          RenderTableRow {TR} at (0,2) size 151x28
            RenderTableCell {TD} at (2,2) size 76x28 [border: (1px inset #808080)] [r=0 c=0 rs=1 cs=1]
              RenderText {#text} at (2,2) size 37x24
                text run at (2,2) width 37: "table B,"
                text run at (2,14) width 34: "header"
            RenderTableCell {TD} at (80,2) size 69x28 [border: (1px inset #808080)] [r=0 c=1 rs=1 cs=1]
              RenderText {#text} at (2,2) size 57x24
                text run at (2,2) width 57: "rowIndex ="
                text run at (2,14) width 7: "0"
      RenderBlock {P} at (0,282) size 769x12
        RenderText {#text} at (0,0) size 673x12
          text run at (0,0) width 673: "C: This table has two footers before two bodies before two heads. The rows inside the extra footers and heads don't get row indices at all."
      RenderTable {TABLE} at (0,304) size 201x290 [border: (1px outset #808080)]
        RenderTableSection {TFOOT} at (1,251) size 199x38
          RenderTableRow {TR} at (0,2) size 199x16
            RenderTableCell {TD} at (2,2) size 118x16 [border: (1px inset #808080)] [r=0 c=0 rs=1 cs=1]
              RenderText {#text} at (2,2) size 112x12
                text run at (2,2) width 112: "table C, footer A row A"
            RenderTableCell {TD} at (122,2) size 75x16 [border: (1px inset #808080)] [r=0 c=1 rs=1 cs=1]
              RenderText {#text} at (2,2) size 66x12
                text run at (2,2) width 66: "rowIndex = 6"
          RenderTableRow {TR} at (0,20) size 199x16
            RenderTableCell {TD} at (2,20) size 118x16 [border: (1px inset #808080)] [r=1 c=0 rs=1 cs=1]
              RenderText {#text} at (2,2) size 110x12
                text run at (2,2) width 110: "table C, footer A row B"
            RenderTableCell {TD} at (122,20) size 75x16 [border: (1px inset #808080)] [r=1 c=1 rs=1 cs=1]
              RenderText {#text} at (2,2) size 66x12
                text run at (2,2) width 66: "rowIndex = 7"
        RenderTableSection {TFOOT} at (1,51) size 199x62
          RenderTableRow {TR} at (0,2) size 199x28
            RenderTableCell {TD} at (2,8) size 118x16 [border: (1px inset #808080)] [r=0 c=0 rs=1 cs=1]
              RenderText {#text} at (2,2) size 110x12
                text run at (2,2) width 110: "table C, footer B row A"
            RenderTableCell {TD} at (122,2) size 75x28 [border: (1px inset #808080)] [r=0 c=1 rs=1 cs=1]
              RenderText {#text} at (2,2) size 57x24
                text run at (2,2) width 57: "rowIndex ="
                text run at (2,14) width 13: "-1"
          RenderTableRow {TR} at (0,32) size 199x28
            RenderTableCell {TD} at (2,38) size 118x16 [border: (1px inset #808080)] [r=1 c=0 rs=1 cs=1]
              RenderText {#text} at (2,2) size 109x12
                text run at (2,2) width 109: "table C, footer B row B"
            RenderTableCell {TD} at (122,32) size 75x28 [border: (1px inset #808080)] [r=1 c=1 rs=1 cs=1]
              RenderText {#text} at (2,2) size 57x24
                text run at (2,2) width 57: "rowIndex ="
                text run at (2,14) width 13: "-1"
        RenderTableSection {TBODY} at (1,113) size 199x38
          RenderTableRow {TR} at (0,2) size 199x16
            RenderTableCell {TD} at (2,2) size 118x16 [border: (1px inset #808080)] [r=0 c=0 rs=1 cs=1]
              RenderText {#text} at (2,2) size 106x12
                text run at (2,2) width 106: "table C, body A row A"
            RenderTableCell {TD} at (122,2) size 75x16 [border: (1px inset #808080)] [r=0 c=1 rs=1 cs=1]
              RenderText {#text} at (2,2) size 66x12
                text run at (2,2) width 66: "rowIndex = 2"
          RenderTableRow {TR} at (0,20) size 199x16
            RenderTableCell {TD} at (2,20) size 118x16 [border: (1px inset #808080)] [r=1 c=0 rs=1 cs=1]
              RenderText {#text} at (2,2) size 105x12
                text run at (2,2) width 105: "table C, body A row B"
            RenderTableCell {TD} at (122,20) size 75x16 [border: (1px inset #808080)] [r=1 c=1 rs=1 cs=1]
              RenderText {#text} at (2,2) size 66x12
                text run at (2,2) width 66: "rowIndex = 3"
        RenderTableSection {TBODY} at (1,151) size 199x38
          RenderTableRow {TR} at (0,2) size 199x16
            RenderTableCell {TD} at (2,2) size 118x16 [border: (1px inset #808080)] [r=0 c=0 rs=1 cs=1]
              RenderText {#text} at (2,2) size 105x12
                text run at (2,2) width 105: "table C, body B row A"
            RenderTableCell {TD} at (122,2) size 75x16 [border: (1px inset #808080)] [r=0 c=1 rs=1 cs=1]
              RenderText {#text} at (2,2) size 66x12
                text run at (2,2) width 66: "rowIndex = 4"
          RenderTableRow {TR} at (0,20) size 199x16
            RenderTableCell {TD} at (2,20) size 118x16 [border: (1px inset #808080)] [r=1 c=0 rs=1 cs=1]
              RenderText {#text} at (2,2) size 104x12
                text run at (2,2) width 104: "table C, body B row B"
            RenderTableCell {TD} at (122,20) size 75x16 [border: (1px inset #808080)] [r=1 c=1 rs=1 cs=1]
              RenderText {#text} at (2,2) size 66x12
                text run at (2,2) width 66: "rowIndex = 5"
        RenderTableSection {THEAD} at (1,1) size 199x50
          RenderTableRow {TR} at (0,2) size 199x28
            RenderTableCell {TD} at (2,2) size 118x28 [border: (1px inset #808080)] [r=0 c=0 rs=1 cs=1]
              RenderText {#text} at (2,2) size 105x24
                text run at (2,2) width 105: "table C, header A row"
                text run at (2,14) width 7: "A"
            RenderTableCell {TD} at (122,8) size 75x16 [border: (1px inset #808080)] [r=0 c=1 rs=1 cs=1]
              RenderText {#text} at (2,2) size 66x12
                text run at (2,2) width 66: "rowIndex = 0"
          RenderTableRow {TR} at (0,32) size 199x16
            RenderTableCell {TD} at (2,32) size 118x16 [border: (1px inset #808080)] [r=1 c=0 rs=1 cs=1]
              RenderText {#text} at (2,2) size 114x12
                text run at (2,2) width 114: "table C, header A row B"
            RenderTableCell {TD} at (122,32) size 75x16 [border: (1px inset #808080)] [r=1 c=1 rs=1 cs=1]
              RenderText {#text} at (2,2) size 66x12
                text run at (2,2) width 66: "rowIndex = 1"
        RenderTableSection {THEAD} at (1,189) size 199x62
          RenderTableRow {TR} at (0,2) size 199x28
            RenderTableCell {TD} at (2,8) size 118x16 [border: (1px inset #808080)] [r=0 c=0 rs=1 cs=1]
              RenderText {#text} at (2,2) size 114x12
                text run at (2,2) width 114: "table C, header B row A"
            RenderTableCell {TD} at (122,2) size 75x28 [border: (1px inset #808080)] [r=0 c=1 rs=1 cs=1]
              RenderText {#text} at (2,2) size 57x24
                text run at (2,2) width 57: "rowIndex ="
                text run at (2,14) width 13: "-1"
          RenderTableRow {TR} at (0,32) size 199x28
            RenderTableCell {TD} at (2,38) size 118x16 [border: (1px inset #808080)] [r=1 c=0 rs=1 cs=1]
              RenderText {#text} at (2,2) size 113x12
                text run at (2,2) width 113: "table C, header B row B"
            RenderTableCell {TD} at (122,32) size 75x28 [border: (1px inset #808080)] [r=1 c=1 rs=1 cs=1]
              RenderText {#text} at (2,2) size 57x24
                text run at (2,2) width 57: "rowIndex ="
                text run at (2,14) width 13: "-1"
