layer at (0,0) size 785x974
  RenderView at (0,0) size 785x600
layer at (0,0) size 785x974
  RenderBlock {HTML} at (0,0) size 785x974
    RenderBody {BODY} at (8,8) size 769x958
      RenderText {#text} at (0,0) size 0x0
      RenderText {#text} at (0,0) size 0x0
layer at (10,10) size 379x954
  RenderTextControl {TEXTAREA} at (2,2) size 379x954
    RenderBlock {DIV} at (2,2) size 375x19
      RenderText {#text} at (0,0) size 71x19
        text run at (0,0) width 71: "Sample text"
