layer at (0,0) size 800x600
  RenderView at (0,0) size 800x600
layer at (0,0) size 800x600
  RenderBlock {HTML} at (0,0) size 800x600
    RenderBody {BODY} at (8,8) size 784x584
      RenderBlock (anonymous) at (0,0) size 784x0
        RenderInline {SPAN} at (0,0) size 0x0
      RenderBlock (anonymous) at (0,0) size 784x0
      RenderBlock (anonymous) at (0,0) size 784x42
        RenderInline {SPAN} at (0,0) size 761x42
          RenderInline {SPAN} at (0,0) size 761x42
            RenderText {#text} at (0,0) size 761x42
              text run at (0,0) width 113: "Bug #3810389. "
              text run at (113,0) width 432: "Make sure we don't crash manipulating blocks inside inlines. "
              text run at (545,0) width 216: "You should see the numbers 1"
              text run at (0,21) width 276: "and 2 vertically stacked below this line."
      RenderBlock (anonymous) at (0,42) size 784x21
        RenderBlock {DIV} at (0,0) size 784x21
          RenderText {#text} at (0,0) size 9x21
            text run at (0,0) width 9: "1"
      RenderBlock (anonymous) at (0,63) size 784x21
        RenderInline {SPAN} at (0,0) size 17x21
          RenderInline {SPAN} at (0,0) size 9x21
            RenderText {#text} at (0,0) size 9x21
              text run at (0,0) width 9: "2"
          RenderText {#text} at (9,0) size 4x21
            text run at (9,0) width 4: " "
          RenderImage {IMG} at (13,16) size 0x0
          RenderText {#text} at (13,0) size 4x21
            text run at (13,0) width 4: " "
        RenderText {#text} at (0,0) size 0x0
        RenderImage {IMG} at (17,16) size 0x0
        RenderText {#text} at (0,0) size 0x0
        RenderText {#text} at (0,0) size 0x0
