layer at (0,0) size 800x600
  RenderView at (0,0) size 800x600
layer at (0,0) size 800x600
  RenderBlock {HTML} at (0,0) size 800x600
    RenderBody {BODY} at (8,8) size 784x584
      RenderBlock {P} at (0,0) size 784x21
        RenderText {#text} at (0,0) size 57x21
          text run at (0,0) width 57: "Test for "
        RenderInline {I} at (0,0) size 620x21
          RenderInline {A} at (0,0) size 329x21 [color=#0000EE]
            RenderText {#text} at (57,0) size 329x21
              text run at (57,0) width 329: "http://bugs.webkit.org/show_bug.cgi?id=12782"
          RenderText {#text} at (386,0) size 291x21
            text run at (386,0) width 4: " "
            text run at (390,0) width 287: "Reproducible crash in BidiContext::deref"
        RenderText {#text} at (677,0) size 4x21
          text run at (677,0) width 4: "."
      RenderBlock {P} at (0,37) size 784x21
        RenderText {#text} at (0,0) size 278x21
          text run at (0,0) width 278: "No assertion failure means SUCCESS."
      RenderBlock {DIV} at (0,74) size 784x21
        RenderInline {SPAN} at (0,0) size 22x21
          RenderText {#text} at (0,0) size 22x21
            text run at (0,0) width 22: "foo"
      RenderBlock {DIV} at (0,95) size 784x0
