layer at (0,0) size 784x783
  RenderView at (0,0) size 784x600
layer at (0,0) size 784x783
  RenderBlock {HTML} at (0,0) size 784x783
    RenderBody {BODY} at (8,8) size 768x767
      RenderBlock {P} at (0,0) size 768x21
        RenderText {#text} at (0,0) size 57x21
          text run at (0,0) width 57: "Test for "
        RenderInline {I} at (0,0) size 698x21
          RenderInline {A} at (0,0) size 329x21 [color=#0000EE]
            RenderText {#text} at (57,0) size 329x21
              text run at (57,0) width 329: "http://bugs.webkit.org/show_bug.cgi?id=15362"
          RenderText {#text} at (386,0) size 369x21
            text run at (386,0) width 4: " "
            text run at (390,0) width 365: "Safari Crashes when opening a JS TreeGrid widget"
        RenderText {#text} at (755,0) size 4x21
          text run at (755,0) width 4: "."
      RenderBlock {P} at (0,37) size 768x84
        RenderText {#text} at (0,0) size 765x84
          text run at (0,0) width 745: "The test sets up an inline parent with a child that is some kind of table part. The child gets broken off into a"
          text run at (0,21) width 765: "continuation and anonymous table parts get created below and/or above the table parts. Then the test tries to"
          text run at (0,42) width 727: "insert a new child into the inline, specifying the table part as the \"before child\". The resulting render tree"
          text run at (0,63) width 412: "should look just like it would look if the parent was a block."
      RenderBlock {DIV} at (0,137) size 768x42
        RenderBlock (anonymous) at (0,0) size 768x21
          RenderInline {SPAN} at (0,0) size 145x21
            RenderText {#text} at (0,0) size 43x21
              text run at (0,0) width 43: "Text..."
            RenderText {#text} at (43,0) size 102x21
              text run at (43,0) width 102: "goes here and"
        RenderBlock (anonymous) at (0,21) size 768x21
          RenderTable at (0,0) size 117x21
            RenderTableSection (anonymous) at (0,0) size 117x21
              RenderTableRow (anonymous) at (0,0) size 117x21
                RenderTableCell {DIV} at (0,0) size 117x21 [r=0 c=0 rs=1 cs=1]
                  RenderText {#text} at (0,0) size 117x21
                    text run at (0,0) width 117: "...continues here"
        RenderBlock (anonymous) at (0,42) size 768x0
          RenderInline {SPAN} at (0,0) size 0x0
      RenderBlock {DIV} at (0,179) size 768x42
        RenderBlock (anonymous) at (0,0) size 768x21
          RenderInline {SPAN} at (0,0) size 43x21
            RenderText {#text} at (0,0) size 43x21
              text run at (0,0) width 43: "Text..."
        RenderBlock (anonymous) at (0,21) size 768x21
          RenderTable at (0,0) size 118x21
            RenderTableSection (anonymous) at (0,0) size 118x21
              RenderTableRow (anonymous) at (0,0) size 118x21
                RenderTableCell {TD} at (0,0) size 0x0 [r=0 c=0 rs=1 cs=1]
                RenderTableCell {DIV} at (0,0) size 118x21 [r=0 c=1 rs=1 cs=1]
                  RenderText {#text} at (0,0) size 117x21
                    text run at (0,0) width 117: "...continues here"
        RenderBlock (anonymous) at (0,42) size 768x0
          RenderInline {SPAN} at (0,0) size 0x0
      RenderBlock {DIV} at (0,221) size 768x42
        RenderBlock (anonymous) at (0,0) size 768x21
          RenderInline {SPAN} at (0,0) size 43x21
            RenderText {#text} at (0,0) size 43x21
              text run at (0,0) width 43: "Text..."
        RenderBlock (anonymous) at (0,21) size 768x21
          RenderTable at (0,0) size 117x21
            RenderTableSection (anonymous) at (0,0) size 117x21
              RenderTableRow {TR} at (0,0) size 117x0
              RenderTableRow (anonymous) at (0,0) size 117x21
                RenderTableCell {DIV} at (0,0) size 117x21 [r=1 c=0 rs=1 cs=1]
                  RenderText {#text} at (0,0) size 117x21
                    text run at (0,0) width 117: "...continues here"
        RenderBlock (anonymous) at (0,42) size 768x0
          RenderInline {SPAN} at (0,0) size 0x0
      RenderBlock {DIV} at (0,263) size 768x42
        RenderBlock (anonymous) at (0,0) size 768x21
          RenderInline {SPAN} at (0,0) size 43x21
            RenderText {#text} at (0,0) size 43x21
              text run at (0,0) width 43: "Text..."
            RenderInline {SPAN} at (0,0) size 0x21
        RenderBlock (anonymous) at (0,21) size 768x21
          RenderTable at (0,0) size 117x21
            RenderTableSection (anonymous) at (0,0) size 117x21
              RenderTableRow (anonymous) at (0,0) size 117x21
                RenderTableCell {DIV} at (0,0) size 117x21 [r=0 c=0 rs=1 cs=1]
                  RenderText {#text} at (0,0) size 117x21
                    text run at (0,0) width 117: "...continues here"
        RenderBlock (anonymous) at (0,42) size 768x0
          RenderInline {SPAN} at (0,0) size 0x0
      RenderBlock {DIV} at (0,305) size 768x42
        RenderBlock (anonymous) at (0,0) size 768x21
          RenderInline {SPAN} at (0,0) size 43x21
            RenderText {#text} at (0,0) size 43x21
              text run at (0,0) width 43: "Text..."
        RenderBlock (anonymous) at (0,21) size 768x21
          RenderBlock {DIV} at (0,0) size 768x0
          RenderTable at (0,0) size 117x21
            RenderTableSection (anonymous) at (0,0) size 117x21
              RenderTableRow (anonymous) at (0,0) size 117x21
                RenderTableCell {DIV} at (0,0) size 117x21 [r=0 c=0 rs=1 cs=1]
                  RenderText {#text} at (0,0) size 117x21
                    text run at (0,0) width 117: "...continues here"
        RenderBlock (anonymous) at (0,42) size 768x0
          RenderInline {SPAN} at (0,0) size 0x0
      RenderBlock {DIV} at (0,347) size 768x42
        RenderBlock (anonymous) at (0,0) size 768x21
          RenderInline {SPAN} at (0,0) size 145x21
            RenderText {#text} at (0,0) size 43x21
              text run at (0,0) width 43: "Text..."
            RenderText {#text} at (43,0) size 102x21
              text run at (43,0) width 102: "goes here and"
        RenderBlock (anonymous) at (0,21) size 768x21
          RenderTable at (0,0) size 117x21
            RenderTableSection (anonymous) at (0,0) size 117x21
              RenderTableRow {DIV} at (0,0) size 117x21
                RenderTableCell (anonymous) at (0,0) size 117x21 [r=0 c=0 rs=1 cs=1]
                  RenderText {#text} at (0,0) size 117x21
                    text run at (0,0) width 117: "...continues here"
        RenderBlock (anonymous) at (0,42) size 768x0
          RenderInline {SPAN} at (0,0) size 0x0
      RenderBlock {DIV} at (0,389) size 768x42
        RenderBlock (anonymous) at (0,0) size 768x21
          RenderInline {SPAN} at (0,0) size 43x21
            RenderText {#text} at (0,0) size 43x21
              text run at (0,0) width 43: "Text..."
        RenderBlock (anonymous) at (0,21) size 768x21
          RenderTable at (0,0) size 117x21
            RenderTableSection (anonymous) at (0,0) size 117x21
              RenderTableRow (anonymous) at (0,0) size 117x0
                RenderTableCell {TD} at (0,0) size 117x0 [r=0 c=0 rs=1 cs=1]
              RenderTableRow {DIV} at (0,0) size 117x21
                RenderTableCell (anonymous) at (0,0) size 117x21 [r=1 c=0 rs=1 cs=1]
                  RenderText {#text} at (0,0) size 117x21
                    text run at (0,0) width 117: "...continues here"
        RenderBlock (anonymous) at (0,42) size 768x0
          RenderInline {SPAN} at (0,0) size 0x0
      RenderBlock {DIV} at (0,431) size 768x42
        RenderBlock (anonymous) at (0,0) size 768x21
          RenderInline {SPAN} at (0,0) size 43x21
            RenderText {#text} at (0,0) size 43x21
              text run at (0,0) width 43: "Text..."
        RenderBlock (anonymous) at (0,21) size 768x21
          RenderTable at (0,0) size 117x21
            RenderTableSection (anonymous) at (0,0) size 117x21
              RenderTableRow {TR} at (0,0) size 117x0
              RenderTableRow {DIV} at (0,0) size 117x21
                RenderTableCell (anonymous) at (0,0) size 117x21 [r=1 c=0 rs=1 cs=1]
                  RenderText {#text} at (0,0) size 117x21
                    text run at (0,0) width 117: "...continues here"
        RenderBlock (anonymous) at (0,42) size 768x0
          RenderInline {SPAN} at (0,0) size 0x0
      RenderBlock {DIV} at (0,473) size 768x42
        RenderBlock (anonymous) at (0,0) size 768x21
          RenderInline {SPAN} at (0,0) size 43x21
            RenderText {#text} at (0,0) size 43x21
              text run at (0,0) width 43: "Text..."
            RenderInline {SPAN} at (0,0) size 0x21
        RenderBlock (anonymous) at (0,21) size 768x21
          RenderTable at (0,0) size 117x21
            RenderTableSection (anonymous) at (0,0) size 117x21
              RenderTableRow {DIV} at (0,0) size 117x21
                RenderTableCell (anonymous) at (0,0) size 117x21 [r=0 c=0 rs=1 cs=1]
                  RenderText {#text} at (0,0) size 117x21
                    text run at (0,0) width 117: "...continues here"
        RenderBlock (anonymous) at (0,42) size 768x0
          RenderInline {SPAN} at (0,0) size 0x0
      RenderBlock {DIV} at (0,515) size 768x42
        RenderBlock (anonymous) at (0,0) size 768x21
          RenderInline {SPAN} at (0,0) size 43x21
            RenderText {#text} at (0,0) size 43x21
              text run at (0,0) width 43: "Text..."
        RenderBlock (anonymous) at (0,21) size 768x21
          RenderBlock {DIV} at (0,0) size 768x0
          RenderTable at (0,0) size 117x21
            RenderTableSection (anonymous) at (0,0) size 117x21
              RenderTableRow {DIV} at (0,0) size 117x21
                RenderTableCell (anonymous) at (0,0) size 117x21 [r=0 c=0 rs=1 cs=1]
                  RenderText {#text} at (0,0) size 117x21
                    text run at (0,0) width 117: "...continues here"
        RenderBlock (anonymous) at (0,42) size 768x0
          RenderInline {SPAN} at (0,0) size 0x0
      RenderBlock {DIV} at (0,557) size 768x42
        RenderBlock (anonymous) at (0,0) size 768x21
          RenderInline {SPAN} at (0,0) size 145x21
            RenderText {#text} at (0,0) size 43x21
              text run at (0,0) width 43: "Text..."
            RenderText {#text} at (43,0) size 102x21
              text run at (43,0) width 102: "goes here and"
        RenderBlock (anonymous) at (0,21) size 768x21
          RenderTable at (0,0) size 117x21
            RenderTableSection {DIV} at (0,0) size 117x21
              RenderTableRow (anonymous) at (0,0) size 117x21
                RenderTableCell (anonymous) at (0,0) size 117x21 [r=0 c=0 rs=1 cs=1]
                  RenderText {#text} at (0,0) size 117x21
                    text run at (0,0) width 117: "...continues here"
        RenderBlock (anonymous) at (0,42) size 768x0
          RenderInline {SPAN} at (0,0) size 0x0
      RenderBlock {DIV} at (0,599) size 768x42
        RenderBlock (anonymous) at (0,0) size 768x21
          RenderInline {SPAN} at (0,0) size 43x21
            RenderText {#text} at (0,0) size 43x21
              text run at (0,0) width 43: "Text..."
        RenderBlock (anonymous) at (0,21) size 768x21
          RenderTable at (0,0) size 117x21
            RenderTableSection (anonymous) at (0,0) size 117x0
              RenderTableRow (anonymous) at (0,0) size 117x0
                RenderTableCell {TD} at (0,0) size 117x0 [r=0 c=0 rs=1 cs=1]
            RenderTableSection {DIV} at (0,0) size 117x21
              RenderTableRow (anonymous) at (0,0) size 117x21
                RenderTableCell (anonymous) at (0,0) size 117x21 [r=0 c=0 rs=1 cs=1]
                  RenderText {#text} at (0,0) size 117x21
                    text run at (0,0) width 117: "...continues here"
        RenderBlock (anonymous) at (0,42) size 768x0
          RenderInline {SPAN} at (0,0) size 0x0
      RenderBlock {DIV} at (0,641) size 768x42
        RenderBlock (anonymous) at (0,0) size 768x21
          RenderInline {SPAN} at (0,0) size 43x21
            RenderText {#text} at (0,0) size 43x21
              text run at (0,0) width 43: "Text..."
        RenderBlock (anonymous) at (0,21) size 768x21
          RenderTable at (0,0) size 117x21
            RenderTableSection (anonymous) at (0,0) size 117x0
              RenderTableRow {TR} at (0,0) size 117x0
            RenderTableSection {DIV} at (0,0) size 117x21
              RenderTableRow (anonymous) at (0,0) size 117x21
                RenderTableCell (anonymous) at (0,0) size 117x21 [r=0 c=0 rs=1 cs=1]
                  RenderText {#text} at (0,0) size 117x21
                    text run at (0,0) width 117: "...continues here"
        RenderBlock (anonymous) at (0,42) size 768x0
          RenderInline {SPAN} at (0,0) size 0x0
      RenderBlock {DIV} at (0,683) size 768x42
        RenderBlock (anonymous) at (0,0) size 768x21
          RenderInline {SPAN} at (0,0) size 43x21
            RenderText {#text} at (0,0) size 43x21
              text run at (0,0) width 43: "Text..."
            RenderInline {SPAN} at (0,0) size 0x21
        RenderBlock (anonymous) at (0,21) size 768x21
          RenderTable at (0,0) size 117x21
            RenderTableSection {DIV} at (0,0) size 117x21
              RenderTableRow (anonymous) at (0,0) size 117x21
                RenderTableCell (anonymous) at (0,0) size 117x21 [r=0 c=0 rs=1 cs=1]
                  RenderText {#text} at (0,0) size 117x21
                    text run at (0,0) width 117: "...continues here"
        RenderBlock (anonymous) at (0,42) size 768x0
          RenderInline {SPAN} at (0,0) size 0x0
      RenderBlock {DIV} at (0,725) size 768x42
        RenderBlock (anonymous) at (0,0) size 768x21
          RenderInline {SPAN} at (0,0) size 43x21
            RenderText {#text} at (0,0) size 43x21
              text run at (0,0) width 43: "Text..."
        RenderBlock (anonymous) at (0,21) size 768x21
          RenderBlock {DIV} at (0,0) size 768x0
          RenderTable at (0,0) size 117x21
            RenderTableSection {DIV} at (0,0) size 117x21
              RenderTableRow (anonymous) at (0,0) size 117x21
                RenderTableCell (anonymous) at (0,0) size 117x21 [r=0 c=0 rs=1 cs=1]
                  RenderText {#text} at (0,0) size 117x21
                    text run at (0,0) width 117: "...continues here"
        RenderBlock (anonymous) at (0,42) size 768x0
          RenderInline {SPAN} at (0,0) size 0x0
