layer at (0,0) size 800x600
  RenderView at (0,0) size 800x600
layer at (0,0) size 800x600
  RenderBlock {HTML} at (0,0) size 800x600
    RenderBody {BODY} at (8,8) size 784x584
      RenderBlock {P} at (0,0) size 784x21
        RenderText {#text} at (0,0) size 51x21
          text run at (0,0) width 51: "test for "
        RenderInline {A} at (0,0) size 63x21 [color=#0000EE]
          RenderText {#text} at (51,0) size 63x21
            text run at (51,0) width 63: "4110775"
        RenderText {#text} at (114,0) size 506x21
          text run at (114,0) width 506: " Crash will occur when double-clicking outerHTML link on W3 DOM test"
      RenderBlock {P} at (0,37) size 784x0
      RenderBlock {DIV} at (0,37) size 784x21
        RenderText {#text} at (0,0) size 646x21
          text run at (0,0) width 504: "This test passed. We don't support outerHTML on the document object. "
          text run at (504,0) width 142: "Neither does WinIE."
