layer at (0,0) size 800x600
  RenderView at (0,0) size 800x600
layer at (0,0) size 800x600
  RenderBlock {HTML} at (0,0) size 800x600
    RenderBody {BODY} at (8,8) size 784x576
      RenderBlock {P} at (0,0) size 784x21
        RenderText {#text} at (0,0) size 57x21
          text run at (0,0) width 57: "Test for "
        RenderInline {I} at (0,0) size 703x21
          RenderInline {A} at (0,0) size 329x21 [color=#0000EE]
            RenderText {#text} at (57,0) size 329x21
              text run at (57,0) width 329: "http://bugs.webkit.org/show_bug.cgi?id=13145"
          RenderText {#text} at (386,0) size 374x21
            text run at (386,0) width 4: " "
            text run at (390,0) width 370: "Regression: Scrollbar not resizing after display none"
        RenderText {#text} at (760,0) size 4x21
          text run at (760,0) width 4: "."
      RenderBlock {P} at (0,37) size 784x21
        RenderText {#text} at (0,0) size 345x21
          text run at (0,0) width 345: "The window should not have a vertical scroll bar."
layer at (8,100) size 100x100
  RenderBlock (positioned) {DIV} at (8,100) size 100x100
    RenderBlock {DIV} at (0,0) size 100x100 [bgcolor=#008000]
