layer at (0,0) size 787x1422
  RenderView at (0,0) size 787x600
layer at (0,0) size 787x1422
  RenderBlock {HTML} at (0,0) size 787x1422
    RenderBody {BODY} at (8,8) size 771x1401
      RenderBlock {H2} at (0,0) size 771x64
        RenderText {#text} at (0,0) size 768x64
          text run at (0,0) width 768: "It's OK if nothing drawn for a scrollbar (for an outermost frame and"
          text run at (0,32) width 287: "an element with overlow)"
      RenderBlock {P} at (0,83) size 771x21
        RenderText {#text} at (0,0) size 650x21
          text run at (0,0) width 650: "Note that Safari doesn't allow to customize the outermost scdrollbars and just show Cocoa's."
      RenderBlock {PRE} at (0,233) size 771x1168 [bgcolor=#008000]
      RenderBlock {PRE} at (0,1414) size 1542x0 [bgcolor=#008000]
layer at (8,128) size 100x100 clip at (8,128) size 87x87 scrollWidth 1068 scrollHeight 119
  RenderBlock {PRE} at (0,120) size 100x100 [bgcolor=#008000]
    RenderText {#text} at (0,0) size 1068x119
      text run at (0,0) width 1068: "The quick brown fox jumps over the lazy dog. The quick brown fox jumps over the lazy dog. The quick brown fox jumps over the lazy dog. The quick brown fox jumps over the lazy dog."
      text run at (1068,0) width 0: " "
      text run at (0,17) width 1068: "The quick brown fox jumps over the lazy dog. The quick brown fox jumps over the lazy dog. The quick brown fox jumps over the lazy dog. The quick brown fox jumps over the lazy dog."
      text run at (1068,17) width 0: " "
      text run at (0,34) width 1068: "The quick brown fox jumps over the lazy dog. The quick brown fox jumps over the lazy dog. The quick brown fox jumps over the lazy dog. The quick brown fox jumps over the lazy dog."
      text run at (1068,34) width 0: " "
      text run at (0,51) width 1068: "The quick brown fox jumps over the lazy dog. The quick brown fox jumps over the lazy dog. The quick brown fox jumps over the lazy dog. The quick brown fox jumps over the lazy dog."
      text run at (1068,51) width 0: " "
      text run at (0,68) width 1068: "The quick brown fox jumps over the lazy dog. The quick brown fox jumps over the lazy dog. The quick brown fox jumps over the lazy dog. The quick brown fox jumps over the lazy dog."
      text run at (1068,68) width 0: " "
      text run at (0,85) width 1068: "The quick brown fox jumps over the lazy dog. The quick brown fox jumps over the lazy dog. The quick brown fox jumps over the lazy dog. The quick brown fox jumps over the lazy dog."
      text run at (1068,85) width 0: " "
      text run at (0,102) width 1068: "The quick brown fox jumps over the lazy dog. The quick brown fox jumps over the lazy dog. The quick brown fox jumps over the lazy dog. The quick brown fox jumps over the lazy dog."
      text run at (1068,102) width 0: " "
