layer at (0,0) size 800x600
  RenderView at (0,0) size 800x600
layer at (0,0) size 800x600
  RenderBlock {HTML} at (0,0) size 800x600
    RenderBody {BODY} at (8,8) size 784x584
      RenderText {#text} at (165,0) size 4x21
        text run at (165,0) width 4: " "
      RenderText {#text} at (334,0) size 4x21
        text run at (334,0) width 4: " "
      RenderText {#text} at (503,0) size 4x21
        text run at (503,0) width 4: " "
      RenderText {#text} at (0,0) size 0x0
      RenderText {#text} at (165,140) size 4x21
        text run at (165,140) width 4: " "
      RenderText {#text} at (334,140) size 4x21
        text run at (334,140) width 4: " "
      RenderText {#text} at (503,140) size 4x21
        text run at (503,140) width 4: " "
      RenderText {#text} at (0,0) size 0x0
      RenderText {#text} at (165,280) size 4x21
        text run at (165,280) width 4: " "
      RenderText {#text} at (334,280) size 4x21
        text run at (334,280) width 4: " "
      RenderText {#text} at (503,280) size 4x21
        text run at (503,280) width 4: " "
      RenderText {#text} at (0,0) size 0x0
      RenderText {#text} at (165,420) size 4x21
        text run at (165,420) width 4: " "
      RenderText {#text} at (334,420) size 4x21
        text run at (334,420) width 4: " "
      RenderText {#text} at (0,0) size 0x0
layer at (28,28) size 125x100 clip at (29,29) size 110x85 scrollHeight 1972
  RenderBlock {DIV} at (20,20) size 125x100 [color=#DCDCDC] [bgcolor=#718D93] [border: (1px solid #D3D3D3)]
    RenderText {#text} at (11,11) size 90x768
      text run at (11,11) width 71: "Lorem ipsum"
      text run at (11,27) width 76: "dolor sit amet,"
      text run at (11,43) width 70: "consectetuer"
      text run at (11,59) width 78: "adipiscing elit."
      text run at (11,75) width 79: "Morbi et nisi ut"
      text run at (11,91) width 72: "est venenatis"
      text run at (11,107) width 86: "viverra. Aenean"
      text run at (11,123) width 54: "pede orci,"
      text run at (11,139) width 66: "blandit quis,"
      text run at (11,155) width 75: "faucibus quis,"
      text run at (11,171) width 78: "egestas ut, mi."
      text run at (11,187) width 72: "Pellentesque"
      text run at (11,203) width 64: "enim purus,"
      text run at (11,219) width 53: "venenatis"
      text run at (11,235) width 55: "dignissim,"
      text run at (11,251) width 59: "tincidunt a,"
      text run at (11,267) width 65: "ullamcorper"
      text run at (11,283) width 57: "eget, nibh."
      text run at (11,299) width 78: "Nullam ut sem"
      text run at (11,315) width 79: "adipiscing orci"
      text run at (11,331) width 46: "vehicula"
      text run at (11,347) width 83: "interdum. Proin"
      text run at (11,363) width 40: "a enim."
      text run at (11,379) width 54: "Phasellus"
      text run at (11,395) width 61: "sollicitudin,"
      text run at (11,411) width 67: "magna vitae"
      text run at (11,427) width 59: "vestibulum"
      text run at (11,443) width 75: "facilisis, tellus"
      text run at (11,459) width 65: "nunc iaculis"
      text run at (11,475) width 89: "arcu, in molestie"
      text run at (11,491) width 48: "sem velit"
      text run at (11,507) width 75: "tempus est. In"
      text run at (11,523) width 82: "eleifend velit at"
      text run at (11,539) width 82: "sem adipiscing"
      text run at (11,555) width 78: "sodales. Nunc"
      text run at (11,571) width 65: "sapien felis,"
      text run at (11,587) width 60: "aliquam et,"
      text run at (11,603) width 43: "volutpat"
      text run at (11,619) width 47: "rhoncus,"
      text run at (11,635) width 90: "condimentum ut,"
      text run at (11,651) width 72: "tortor. Integer"
      text run at (11,667) width 68: "est. Quisque"
      text run at (11,683) width 40: "viverra."
      text run at (11,699) width 72: "Praesent sed"
      text run at (11,715) width 87: "arcu. Maecenas"
      text run at (11,731) width 74: "id lorem a leo"
      text run at (11,747) width 40: "lobortis"
      text run at (11,763) width 80: "condimentum. "
    RenderBR {BR} at (91,775) size 0x0
    RenderBR {BR} at (11,779) size 0x16
    RenderText {#text} at (11,795) size 90x672
      text run at (11,795) width 83: "Cras commodo"
      text run at (11,811) width 76: "rutrum augue."
      text run at (11,827) width 88: "Vivamus iaculis."
      text run at (11,843) width 61: "Nullam est."
      text run at (11,859) width 57: "Maecenas"
      text run at (11,875) width 85: "consequat. Sed"
      text run at (11,891) width 83: "id dui. Vivamus"
      text run at (11,907) width 71: "a nisl. Donec"
      text run at (11,923) width 84: "pretium sapien."
      text run at (11,939) width 88: "Proin et ligula et"
      text run at (11,955) width 77: "ligula placerat"
      text run at (11,971) width 47: "pulvinar."
      text run at (11,987) width 69: "Aliquam erat"
      text run at (11,1003) width 78: "volutpat. Proin"
      text run at (11,1019) width 32: "id est."
      text run at (11,1035) width 71: "Suspendisse"
      text run at (11,1051) width 80: "cursus, magna"
      text run at (11,1067) width 62: "at hendrerit"
      text run at (11,1083) width 60: "consequat,"
      text run at (11,1099) width 56: "mauris est"
      text run at (11,1115) width 51: "imperdiet"
      text run at (11,1131) width 90: "neque, a ultrices"
      text run at (11,1147) width 76: "arcu urna non"
      text run at (11,1163) width 79: "nunc. Quisque"
      text run at (11,1179) width 64: "tellus. Nulla"
      text run at (11,1195) width 59: "nulla justo,"
      text run at (11,1211) width 72: "vehicula nec,"
      text run at (11,1227) width 71: "pellentesque"
      text run at (11,1243) width 71: "eu, iaculis et,"
      text run at (11,1259) width 85: "ligula. Praesent"
      text run at (11,1275) width 78: "mattis ante vel"
      text run at (11,1291) width 26: "sem."
      text run at (11,1307) width 71: "Suspendisse"
      text run at (11,1323) width 75: "porta rhoncus"
      text run at (11,1339) width 85: "urna. Phasellus"
      text run at (11,1355) width 77: "felis. Praesent"
      text run at (11,1371) width 88: "viverra convallis"
      text run at (11,1387) width 34: "libero."
      text run at (11,1403) width 81: "Maecenas non"
      text run at (11,1419) width 77: "augue. Donec"
      text run at (11,1435) width 84: "hendrerit lectus"
      text run at (11,1451) width 46: "id enim. "
    RenderBR {BR} at (57,1463) size 0x0
    RenderBR {BR} at (11,1467) size 0x16
    RenderText {#text} at (11,1483) size 90x480
      text run at (11,1483) width 85: "Nulla ligula dui,"
      text run at (11,1499) width 63: "euismod et,"
      text run at (11,1515) width 72: "sodales quis,"
      text run at (11,1531) width 87: "sollicitudin quis,"
      text run at (11,1547) width 32: "elit. In"
      text run at (11,1563) width 75: "adipiscing est"
      text run at (11,1579) width 89: "sed enim. Fusce"
      text run at (11,1595) width 78: "at massa vitae"
      text run at (11,1611) width 77: "metus semper"
      text run at (11,1627) width 52: "hendrerit."
      text run at (11,1643) width 67: "Integer vitae"
      text run at (11,1659) width 87: "urna. Nulla eget"
      text run at (11,1675) width 67: "ligula. Etiam"
      text run at (11,1691) width 34: "libero."
      text run at (11,1707) width 79: "Maecenas nisi"
      text run at (11,1723) width 78: "nibh, convallis"
      text run at (11,1739) width 82: "a, feugiat vitae,"
      text run at (11,1755) width 79: "pulvinar et, mi."
      text run at (11,1771) width 78: "Curabitur arcu"
      text run at (11,1787) width 90: "pede, adipiscing"
      text run at (11,1803) width 69: "sed, egestas"
      text run at (11,1819) width 80: "nec, commodo"
      text run at (11,1835) width 67: "in, elit. Nulla"
      text run at (11,1851) width 69: "facilisi. Proin"
      text run at (11,1867) width 77: "varius pede et"
      text run at (11,1883) width 56: "dui lacinia"
      text run at (11,1899) width 81: "dapibus. Morbi"
      text run at (11,1915) width 61: "nec augue."
      text run at (11,1931) width 83: "Proin imperdiet"
      text run at (11,1947) width 81: "lacus eu tellus."
layer at (197,28) size 125x100 clip at (198,29) size 110x98 scrollHeight 1972
  RenderBlock {DIV} at (189,20) size 125x100 [color=#DCDCDC] [bgcolor=#718D93] [border: (1px solid #D3D3D3)]
    RenderText {#text} at (11,11) size 90x768
      text run at (11,11) width 71: "Lorem ipsum"
      text run at (11,27) width 76: "dolor sit amet,"
      text run at (11,43) width 70: "consectetuer"
      text run at (11,59) width 78: "adipiscing elit."
      text run at (11,75) width 79: "Morbi et nisi ut"
      text run at (11,91) width 72: "est venenatis"
      text run at (11,107) width 86: "viverra. Aenean"
      text run at (11,123) width 54: "pede orci,"
      text run at (11,139) width 66: "blandit quis,"
      text run at (11,155) width 75: "faucibus quis,"
      text run at (11,171) width 78: "egestas ut, mi."
      text run at (11,187) width 72: "Pellentesque"
      text run at (11,203) width 64: "enim purus,"
      text run at (11,219) width 53: "venenatis"
      text run at (11,235) width 55: "dignissim,"
      text run at (11,251) width 59: "tincidunt a,"
      text run at (11,267) width 65: "ullamcorper"
      text run at (11,283) width 57: "eget, nibh."
      text run at (11,299) width 78: "Nullam ut sem"
      text run at (11,315) width 79: "adipiscing orci"
      text run at (11,331) width 46: "vehicula"
      text run at (11,347) width 83: "interdum. Proin"
      text run at (11,363) width 40: "a enim."
      text run at (11,379) width 54: "Phasellus"
      text run at (11,395) width 61: "sollicitudin,"
      text run at (11,411) width 67: "magna vitae"
      text run at (11,427) width 59: "vestibulum"
      text run at (11,443) width 75: "facilisis, tellus"
      text run at (11,459) width 65: "nunc iaculis"
      text run at (11,475) width 89: "arcu, in molestie"
      text run at (11,491) width 48: "sem velit"
      text run at (11,507) width 75: "tempus est. In"
      text run at (11,523) width 82: "eleifend velit at"
      text run at (11,539) width 82: "sem adipiscing"
      text run at (11,555) width 78: "sodales. Nunc"
      text run at (11,571) width 65: "sapien felis,"
      text run at (11,587) width 60: "aliquam et,"
      text run at (11,603) width 43: "volutpat"
      text run at (11,619) width 47: "rhoncus,"
      text run at (11,635) width 90: "condimentum ut,"
      text run at (11,651) width 72: "tortor. Integer"
      text run at (11,667) width 68: "est. Quisque"
      text run at (11,683) width 40: "viverra."
      text run at (11,699) width 72: "Praesent sed"
      text run at (11,715) width 87: "arcu. Maecenas"
      text run at (11,731) width 74: "id lorem a leo"
      text run at (11,747) width 40: "lobortis"
      text run at (11,763) width 80: "condimentum. "
    RenderBR {BR} at (91,775) size 0x0
    RenderBR {BR} at (11,779) size 0x16
    RenderText {#text} at (11,795) size 90x672
      text run at (11,795) width 83: "Cras commodo"
      text run at (11,811) width 76: "rutrum augue."
      text run at (11,827) width 88: "Vivamus iaculis."
      text run at (11,843) width 61: "Nullam est."
      text run at (11,859) width 57: "Maecenas"
      text run at (11,875) width 85: "consequat. Sed"
      text run at (11,891) width 83: "id dui. Vivamus"
      text run at (11,907) width 71: "a nisl. Donec"
      text run at (11,923) width 84: "pretium sapien."
      text run at (11,939) width 88: "Proin et ligula et"
      text run at (11,955) width 77: "ligula placerat"
      text run at (11,971) width 47: "pulvinar."
      text run at (11,987) width 69: "Aliquam erat"
      text run at (11,1003) width 78: "volutpat. Proin"
      text run at (11,1019) width 32: "id est."
      text run at (11,1035) width 71: "Suspendisse"
      text run at (11,1051) width 80: "cursus, magna"
      text run at (11,1067) width 62: "at hendrerit"
      text run at (11,1083) width 60: "consequat,"
      text run at (11,1099) width 56: "mauris est"
      text run at (11,1115) width 51: "imperdiet"
      text run at (11,1131) width 90: "neque, a ultrices"
      text run at (11,1147) width 76: "arcu urna non"
      text run at (11,1163) width 79: "nunc. Quisque"
      text run at (11,1179) width 64: "tellus. Nulla"
      text run at (11,1195) width 59: "nulla justo,"
      text run at (11,1211) width 72: "vehicula nec,"
      text run at (11,1227) width 71: "pellentesque"
      text run at (11,1243) width 71: "eu, iaculis et,"
      text run at (11,1259) width 85: "ligula. Praesent"
      text run at (11,1275) width 78: "mattis ante vel"
      text run at (11,1291) width 26: "sem."
      text run at (11,1307) width 71: "Suspendisse"
      text run at (11,1323) width 75: "porta rhoncus"
      text run at (11,1339) width 85: "urna. Phasellus"
      text run at (11,1355) width 77: "felis. Praesent"
      text run at (11,1371) width 88: "viverra convallis"
      text run at (11,1387) width 34: "libero."
      text run at (11,1403) width 81: "Maecenas non"
      text run at (11,1419) width 77: "augue. Donec"
      text run at (11,1435) width 84: "hendrerit lectus"
      text run at (11,1451) width 46: "id enim. "
    RenderBR {BR} at (57,1463) size 0x0
    RenderBR {BR} at (11,1467) size 0x16
    RenderText {#text} at (11,1483) size 90x480
      text run at (11,1483) width 85: "Nulla ligula dui,"
      text run at (11,1499) width 63: "euismod et,"
      text run at (11,1515) width 72: "sodales quis,"
      text run at (11,1531) width 87: "sollicitudin quis,"
      text run at (11,1547) width 32: "elit. In"
      text run at (11,1563) width 75: "adipiscing est"
      text run at (11,1579) width 89: "sed enim. Fusce"
      text run at (11,1595) width 78: "at massa vitae"
      text run at (11,1611) width 77: "metus semper"
      text run at (11,1627) width 52: "hendrerit."
      text run at (11,1643) width 67: "Integer vitae"
      text run at (11,1659) width 87: "urna. Nulla eget"
      text run at (11,1675) width 67: "ligula. Etiam"
      text run at (11,1691) width 34: "libero."
      text run at (11,1707) width 79: "Maecenas nisi"
      text run at (11,1723) width 78: "nibh, convallis"
      text run at (11,1739) width 82: "a, feugiat vitae,"
      text run at (11,1755) width 79: "pulvinar et, mi."
      text run at (11,1771) width 78: "Curabitur arcu"
      text run at (11,1787) width 90: "pede, adipiscing"
      text run at (11,1803) width 69: "sed, egestas"
      text run at (11,1819) width 80: "nec, commodo"
      text run at (11,1835) width 67: "in, elit. Nulla"
      text run at (11,1851) width 69: "facilisi. Proin"
      text run at (11,1867) width 77: "varius pede et"
      text run at (11,1883) width 56: "dui lacinia"
      text run at (11,1899) width 81: "dapibus. Morbi"
      text run at (11,1915) width 61: "nec augue."
      text run at (11,1931) width 83: "Proin imperdiet"
      text run at (11,1947) width 81: "lacus eu tellus."
layer at (366,28) size 125x100 clip at (367,29) size 110x85 scrollWidth 420 scrollHeight 420
  RenderBlock {DIV} at (358,20) size 125x100 [color=#DCDCDC] [bgcolor=#718D93] [border: (1px solid #D3D3D3)]
    RenderBlock {DIV} at (1,1) size 420x420
      RenderText {#text} at (10,10) size 396x144
        text run at (10,10) width 386: "Lorem ipsum dolor sit amet, consectetuer adipiscing elit. Morbi et nisi ut"
        text run at (10,26) width 365: "est venenatis viverra. Aenean pede orci, blandit quis, faucibus quis,"
        text run at (10,42) width 396: "egestas ut, mi. Pellentesque enim purus, venenatis dignissim, tincidunt a,"
        text run at (10,58) width 391: "ullamcorper eget, nibh. Nullam ut sem adipiscing orci vehicula interdum."
        text run at (10,74) width 371: "Proin a enim. Phasellus sollicitudin, magna vitae vestibulum facilisis,"
        text run at (10,90) width 390: "tellus nunc iaculis arcu, in molestie sem velit tempus est. In eleifend velit"
        text run at (10,106) width 353: "at sem adipiscing sodales. Nunc sapien felis, aliquam et, volutpat"
        text run at (10,122) width 381: "rhoncus, condimentum ut, tortor. Integer est. Quisque viverra. Praesent"
        text run at (10,138) width 313: "sed arcu. Maecenas id lorem a leo lobortis condimentum. "
      RenderBR {BR} at (323,150) size 0x0
      RenderBR {BR} at (10,154) size 0x16
      RenderText {#text} at (10,170) size 395x128
        text run at (10,170) width 377: "Cras commodo rutrum augue. Vivamus iaculis. Nullam est. Maecenas"
        text run at (10,186) width 377: "consequat. Sed id dui. Vivamus a nisl. Donec pretium sapien. Proin et"
        text run at (10,202) width 361: "ligula et ligula placerat pulvinar. Aliquam erat volutpat. Proin id est."
        text run at (10,218) width 395: "Suspendisse cursus, magna at hendrerit consequat, mauris est imperdiet"
        text run at (10,234) width 380: "neque, a ultrices arcu urna non nunc. Quisque tellus. Nulla nulla justo,"
        text run at (10,250) width 389: "vehicula nec, pellentesque eu, iaculis et, ligula. Praesent mattis ante vel"
        text run at (10,266) width 386: "sem. Suspendisse porta rhoncus urna. Phasellus felis. Praesent viverra"
        text run at (10,282) width 385: "convallis libero. Maecenas non augue. Donec hendrerit lectus id enim. "
      RenderBR {BR} at (395,294) size 0x0
      RenderBR {BR} at (10,298) size 0x16
      RenderText {#text} at (10,314) size 394x96
        text run at (10,314) width 351: "Nulla ligula dui, euismod et, sodales quis, sollicitudin quis, elit. In"
        text run at (10,330) width 383: "adipiscing est sed enim. Fusce at massa vitae metus semper hendrerit."
        text run at (10,346) width 376: "Integer vitae urna. Nulla eget ligula. Etiam libero. Maecenas nisi nibh,"
        text run at (10,362) width 389: "convallis a, feugiat vitae, pulvinar et, mi. Curabitur arcu pede, adipiscing"
        text run at (10,378) width 394: "sed, egestas nec, commodo in, elit. Nulla facilisi. Proin varius pede et dui"
        text run at (10,394) width 354: "lacinia dapibus. Morbi nec augue. Proin imperdiet lacus eu tellus."
layer at (535,28) size 125x100 clip at (536,29) size 110x85 scrollHeight 1972
  RenderBlock {DIV} at (527,20) size 125x100 [color=#DCDCDC] [bgcolor=#718D93] [border: (1px solid #D3D3D3)]
    RenderText {#text} at (11,11) size 90x768
      text run at (11,11) width 71: "Lorem ipsum"
      text run at (11,27) width 76: "dolor sit amet,"
      text run at (11,43) width 70: "consectetuer"
      text run at (11,59) width 78: "adipiscing elit."
      text run at (11,75) width 79: "Morbi et nisi ut"
      text run at (11,91) width 72: "est venenatis"
      text run at (11,107) width 86: "viverra. Aenean"
      text run at (11,123) width 54: "pede orci,"
      text run at (11,139) width 66: "blandit quis,"
      text run at (11,155) width 75: "faucibus quis,"
      text run at (11,171) width 78: "egestas ut, mi."
      text run at (11,187) width 72: "Pellentesque"
      text run at (11,203) width 64: "enim purus,"
      text run at (11,219) width 53: "venenatis"
      text run at (11,235) width 55: "dignissim,"
      text run at (11,251) width 59: "tincidunt a,"
      text run at (11,267) width 65: "ullamcorper"
      text run at (11,283) width 57: "eget, nibh."
      text run at (11,299) width 78: "Nullam ut sem"
      text run at (11,315) width 79: "adipiscing orci"
      text run at (11,331) width 46: "vehicula"
      text run at (11,347) width 83: "interdum. Proin"
      text run at (11,363) width 40: "a enim."
      text run at (11,379) width 54: "Phasellus"
      text run at (11,395) width 61: "sollicitudin,"
      text run at (11,411) width 67: "magna vitae"
      text run at (11,427) width 59: "vestibulum"
      text run at (11,443) width 75: "facilisis, tellus"
      text run at (11,459) width 65: "nunc iaculis"
      text run at (11,475) width 89: "arcu, in molestie"
      text run at (11,491) width 48: "sem velit"
      text run at (11,507) width 75: "tempus est. In"
      text run at (11,523) width 82: "eleifend velit at"
      text run at (11,539) width 82: "sem adipiscing"
      text run at (11,555) width 78: "sodales. Nunc"
      text run at (11,571) width 65: "sapien felis,"
      text run at (11,587) width 60: "aliquam et,"
      text run at (11,603) width 43: "volutpat"
      text run at (11,619) width 47: "rhoncus,"
      text run at (11,635) width 90: "condimentum ut,"
      text run at (11,651) width 72: "tortor. Integer"
      text run at (11,667) width 68: "est. Quisque"
      text run at (11,683) width 40: "viverra."
      text run at (11,699) width 72: "Praesent sed"
      text run at (11,715) width 87: "arcu. Maecenas"
      text run at (11,731) width 74: "id lorem a leo"
      text run at (11,747) width 40: "lobortis"
      text run at (11,763) width 80: "condimentum. "
    RenderBR {BR} at (91,775) size 0x0
    RenderBR {BR} at (11,779) size 0x16
    RenderText {#text} at (11,795) size 90x672
      text run at (11,795) width 83: "Cras commodo"
      text run at (11,811) width 76: "rutrum augue."
      text run at (11,827) width 88: "Vivamus iaculis."
      text run at (11,843) width 61: "Nullam est."
      text run at (11,859) width 57: "Maecenas"
      text run at (11,875) width 85: "consequat. Sed"
      text run at (11,891) width 83: "id dui. Vivamus"
      text run at (11,907) width 71: "a nisl. Donec"
      text run at (11,923) width 84: "pretium sapien."
      text run at (11,939) width 88: "Proin et ligula et"
      text run at (11,955) width 77: "ligula placerat"
      text run at (11,971) width 47: "pulvinar."
      text run at (11,987) width 69: "Aliquam erat"
      text run at (11,1003) width 78: "volutpat. Proin"
      text run at (11,1019) width 32: "id est."
      text run at (11,1035) width 71: "Suspendisse"
      text run at (11,1051) width 80: "cursus, magna"
      text run at (11,1067) width 62: "at hendrerit"
      text run at (11,1083) width 60: "consequat,"
      text run at (11,1099) width 56: "mauris est"
      text run at (11,1115) width 51: "imperdiet"
      text run at (11,1131) width 90: "neque, a ultrices"
      text run at (11,1147) width 76: "arcu urna non"
      text run at (11,1163) width 79: "nunc. Quisque"
      text run at (11,1179) width 64: "tellus. Nulla"
      text run at (11,1195) width 59: "nulla justo,"
      text run at (11,1211) width 72: "vehicula nec,"
      text run at (11,1227) width 71: "pellentesque"
      text run at (11,1243) width 71: "eu, iaculis et,"
      text run at (11,1259) width 85: "ligula. Praesent"
      text run at (11,1275) width 78: "mattis ante vel"
      text run at (11,1291) width 26: "sem."
      text run at (11,1307) width 71: "Suspendisse"
      text run at (11,1323) width 75: "porta rhoncus"
      text run at (11,1339) width 85: "urna. Phasellus"
      text run at (11,1355) width 77: "felis. Praesent"
      text run at (11,1371) width 88: "viverra convallis"
      text run at (11,1387) width 34: "libero."
      text run at (11,1403) width 81: "Maecenas non"
      text run at (11,1419) width 77: "augue. Donec"
      text run at (11,1435) width 84: "hendrerit lectus"
      text run at (11,1451) width 46: "id enim. "
    RenderBR {BR} at (57,1463) size 0x0
    RenderBR {BR} at (11,1467) size 0x16
    RenderText {#text} at (11,1483) size 90x480
      text run at (11,1483) width 85: "Nulla ligula dui,"
      text run at (11,1499) width 63: "euismod et,"
      text run at (11,1515) width 72: "sodales quis,"
      text run at (11,1531) width 87: "sollicitudin quis,"
      text run at (11,1547) width 32: "elit. In"
      text run at (11,1563) width 75: "adipiscing est"
      text run at (11,1579) width 89: "sed enim. Fusce"
      text run at (11,1595) width 78: "at massa vitae"
      text run at (11,1611) width 77: "metus semper"
      text run at (11,1627) width 52: "hendrerit."
      text run at (11,1643) width 67: "Integer vitae"
      text run at (11,1659) width 87: "urna. Nulla eget"
      text run at (11,1675) width 67: "ligula. Etiam"
      text run at (11,1691) width 34: "libero."
      text run at (11,1707) width 79: "Maecenas nisi"
      text run at (11,1723) width 78: "nibh, convallis"
      text run at (11,1739) width 82: "a, feugiat vitae,"
      text run at (11,1755) width 79: "pulvinar et, mi."
      text run at (11,1771) width 78: "Curabitur arcu"
      text run at (11,1787) width 90: "pede, adipiscing"
      text run at (11,1803) width 69: "sed, egestas"
      text run at (11,1819) width 80: "nec, commodo"
      text run at (11,1835) width 67: "in, elit. Nulla"
      text run at (11,1851) width 69: "facilisi. Proin"
      text run at (11,1867) width 77: "varius pede et"
      text run at (11,1883) width 56: "dui lacinia"
      text run at (11,1899) width 81: "dapibus. Morbi"
      text run at (11,1915) width 61: "nec augue."
      text run at (11,1931) width 83: "Proin imperdiet"
      text run at (11,1947) width 81: "lacus eu tellus."
layer at (28,168) size 125x100 clip at (29,169) size 110x98 scrollHeight 1972
  RenderBlock {DIV} at (20,160) size 125x100 [color=#DCDCDC] [bgcolor=#718D93] [border: (1px solid #D3D3D3)]
    RenderText {#text} at (11,11) size 90x768
      text run at (11,11) width 71: "Lorem ipsum"
      text run at (11,27) width 76: "dolor sit amet,"
      text run at (11,43) width 70: "consectetuer"
      text run at (11,59) width 78: "adipiscing elit."
      text run at (11,75) width 79: "Morbi et nisi ut"
      text run at (11,91) width 72: "est venenatis"
      text run at (11,107) width 86: "viverra. Aenean"
      text run at (11,123) width 54: "pede orci,"
      text run at (11,139) width 66: "blandit quis,"
      text run at (11,155) width 75: "faucibus quis,"
      text run at (11,171) width 78: "egestas ut, mi."
      text run at (11,187) width 72: "Pellentesque"
      text run at (11,203) width 64: "enim purus,"
      text run at (11,219) width 53: "venenatis"
      text run at (11,235) width 55: "dignissim,"
      text run at (11,251) width 59: "tincidunt a,"
      text run at (11,267) width 65: "ullamcorper"
      text run at (11,283) width 57: "eget, nibh."
      text run at (11,299) width 78: "Nullam ut sem"
      text run at (11,315) width 79: "adipiscing orci"
      text run at (11,331) width 46: "vehicula"
      text run at (11,347) width 83: "interdum. Proin"
      text run at (11,363) width 40: "a enim."
      text run at (11,379) width 54: "Phasellus"
      text run at (11,395) width 61: "sollicitudin,"
      text run at (11,411) width 67: "magna vitae"
      text run at (11,427) width 59: "vestibulum"
      text run at (11,443) width 75: "facilisis, tellus"
      text run at (11,459) width 65: "nunc iaculis"
      text run at (11,475) width 89: "arcu, in molestie"
      text run at (11,491) width 48: "sem velit"
      text run at (11,507) width 75: "tempus est. In"
      text run at (11,523) width 82: "eleifend velit at"
      text run at (11,539) width 82: "sem adipiscing"
      text run at (11,555) width 78: "sodales. Nunc"
      text run at (11,571) width 65: "sapien felis,"
      text run at (11,587) width 60: "aliquam et,"
      text run at (11,603) width 43: "volutpat"
      text run at (11,619) width 47: "rhoncus,"
      text run at (11,635) width 90: "condimentum ut,"
      text run at (11,651) width 72: "tortor. Integer"
      text run at (11,667) width 68: "est. Quisque"
      text run at (11,683) width 40: "viverra."
      text run at (11,699) width 72: "Praesent sed"
      text run at (11,715) width 87: "arcu. Maecenas"
      text run at (11,731) width 74: "id lorem a leo"
      text run at (11,747) width 40: "lobortis"
      text run at (11,763) width 80: "condimentum. "
    RenderBR {BR} at (91,775) size 0x0
    RenderBR {BR} at (11,779) size 0x16
    RenderText {#text} at (11,795) size 90x672
      text run at (11,795) width 83: "Cras commodo"
      text run at (11,811) width 76: "rutrum augue."
      text run at (11,827) width 88: "Vivamus iaculis."
      text run at (11,843) width 61: "Nullam est."
      text run at (11,859) width 57: "Maecenas"
      text run at (11,875) width 85: "consequat. Sed"
      text run at (11,891) width 83: "id dui. Vivamus"
      text run at (11,907) width 71: "a nisl. Donec"
      text run at (11,923) width 84: "pretium sapien."
      text run at (11,939) width 88: "Proin et ligula et"
      text run at (11,955) width 77: "ligula placerat"
      text run at (11,971) width 47: "pulvinar."
      text run at (11,987) width 69: "Aliquam erat"
      text run at (11,1003) width 78: "volutpat. Proin"
      text run at (11,1019) width 32: "id est."
      text run at (11,1035) width 71: "Suspendisse"
      text run at (11,1051) width 80: "cursus, magna"
      text run at (11,1067) width 62: "at hendrerit"
      text run at (11,1083) width 60: "consequat,"
      text run at (11,1099) width 56: "mauris est"
      text run at (11,1115) width 51: "imperdiet"
      text run at (11,1131) width 90: "neque, a ultrices"
      text run at (11,1147) width 76: "arcu urna non"
      text run at (11,1163) width 79: "nunc. Quisque"
      text run at (11,1179) width 64: "tellus. Nulla"
      text run at (11,1195) width 59: "nulla justo,"
      text run at (11,1211) width 72: "vehicula nec,"
      text run at (11,1227) width 71: "pellentesque"
      text run at (11,1243) width 71: "eu, iaculis et,"
      text run at (11,1259) width 85: "ligula. Praesent"
      text run at (11,1275) width 78: "mattis ante vel"
      text run at (11,1291) width 26: "sem."
      text run at (11,1307) width 71: "Suspendisse"
      text run at (11,1323) width 75: "porta rhoncus"
      text run at (11,1339) width 85: "urna. Phasellus"
      text run at (11,1355) width 77: "felis. Praesent"
      text run at (11,1371) width 88: "viverra convallis"
      text run at (11,1387) width 34: "libero."
      text run at (11,1403) width 81: "Maecenas non"
      text run at (11,1419) width 77: "augue. Donec"
      text run at (11,1435) width 84: "hendrerit lectus"
      text run at (11,1451) width 46: "id enim. "
    RenderBR {BR} at (57,1463) size 0x0
    RenderBR {BR} at (11,1467) size 0x16
    RenderText {#text} at (11,1483) size 90x480
      text run at (11,1483) width 85: "Nulla ligula dui,"
      text run at (11,1499) width 63: "euismod et,"
      text run at (11,1515) width 72: "sodales quis,"
      text run at (11,1531) width 87: "sollicitudin quis,"
      text run at (11,1547) width 32: "elit. In"
      text run at (11,1563) width 75: "adipiscing est"
      text run at (11,1579) width 89: "sed enim. Fusce"
      text run at (11,1595) width 78: "at massa vitae"
      text run at (11,1611) width 77: "metus semper"
      text run at (11,1627) width 52: "hendrerit."
      text run at (11,1643) width 67: "Integer vitae"
      text run at (11,1659) width 87: "urna. Nulla eget"
      text run at (11,1675) width 67: "ligula. Etiam"
      text run at (11,1691) width 34: "libero."
      text run at (11,1707) width 79: "Maecenas nisi"
      text run at (11,1723) width 78: "nibh, convallis"
      text run at (11,1739) width 82: "a, feugiat vitae,"
      text run at (11,1755) width 79: "pulvinar et, mi."
      text run at (11,1771) width 78: "Curabitur arcu"
      text run at (11,1787) width 90: "pede, adipiscing"
      text run at (11,1803) width 69: "sed, egestas"
      text run at (11,1819) width 80: "nec, commodo"
      text run at (11,1835) width 67: "in, elit. Nulla"
      text run at (11,1851) width 69: "facilisi. Proin"
      text run at (11,1867) width 77: "varius pede et"
      text run at (11,1883) width 56: "dui lacinia"
      text run at (11,1899) width 81: "dapibus. Morbi"
      text run at (11,1915) width 61: "nec augue."
      text run at (11,1931) width 83: "Proin imperdiet"
      text run at (11,1947) width 81: "lacus eu tellus."
layer at (197,168) size 125x100 clip at (198,169) size 110x85 scrollWidth 420 scrollHeight 420
  RenderBlock {DIV} at (189,160) size 125x100 [color=#DCDCDC] [bgcolor=#718D93] [border: (1px solid #D3D3D3)]
    RenderBlock {DIV} at (1,1) size 420x420
      RenderText {#text} at (10,10) size 396x144
        text run at (10,10) width 386: "Lorem ipsum dolor sit amet, consectetuer adipiscing elit. Morbi et nisi ut"
        text run at (10,26) width 365: "est venenatis viverra. Aenean pede orci, blandit quis, faucibus quis,"
        text run at (10,42) width 396: "egestas ut, mi. Pellentesque enim purus, venenatis dignissim, tincidunt a,"
        text run at (10,58) width 391: "ullamcorper eget, nibh. Nullam ut sem adipiscing orci vehicula interdum."
        text run at (10,74) width 371: "Proin a enim. Phasellus sollicitudin, magna vitae vestibulum facilisis,"
        text run at (10,90) width 390: "tellus nunc iaculis arcu, in molestie sem velit tempus est. In eleifend velit"
        text run at (10,106) width 353: "at sem adipiscing sodales. Nunc sapien felis, aliquam et, volutpat"
        text run at (10,122) width 381: "rhoncus, condimentum ut, tortor. Integer est. Quisque viverra. Praesent"
        text run at (10,138) width 313: "sed arcu. Maecenas id lorem a leo lobortis condimentum. "
      RenderBR {BR} at (323,150) size 0x0
      RenderBR {BR} at (10,154) size 0x16
      RenderText {#text} at (10,170) size 395x128
        text run at (10,170) width 377: "Cras commodo rutrum augue. Vivamus iaculis. Nullam est. Maecenas"
        text run at (10,186) width 377: "consequat. Sed id dui. Vivamus a nisl. Donec pretium sapien. Proin et"
        text run at (10,202) width 361: "ligula et ligula placerat pulvinar. Aliquam erat volutpat. Proin id est."
        text run at (10,218) width 395: "Suspendisse cursus, magna at hendrerit consequat, mauris est imperdiet"
        text run at (10,234) width 380: "neque, a ultrices arcu urna non nunc. Quisque tellus. Nulla nulla justo,"
        text run at (10,250) width 389: "vehicula nec, pellentesque eu, iaculis et, ligula. Praesent mattis ante vel"
        text run at (10,266) width 386: "sem. Suspendisse porta rhoncus urna. Phasellus felis. Praesent viverra"
        text run at (10,282) width 385: "convallis libero. Maecenas non augue. Donec hendrerit lectus id enim. "
      RenderBR {BR} at (395,294) size 0x0
      RenderBR {BR} at (10,298) size 0x16
      RenderText {#text} at (10,314) size 394x96
        text run at (10,314) width 351: "Nulla ligula dui, euismod et, sodales quis, sollicitudin quis, elit. In"
        text run at (10,330) width 383: "adipiscing est sed enim. Fusce at massa vitae metus semper hendrerit."
        text run at (10,346) width 376: "Integer vitae urna. Nulla eget ligula. Etiam libero. Maecenas nisi nibh,"
        text run at (10,362) width 389: "convallis a, feugiat vitae, pulvinar et, mi. Curabitur arcu pede, adipiscing"
        text run at (10,378) width 394: "sed, egestas nec, commodo in, elit. Nulla facilisi. Proin varius pede et dui"
        text run at (10,394) width 354: "lacinia dapibus. Morbi nec augue. Proin imperdiet lacus eu tellus."
layer at (366,168) size 125x100 clip at (367,169) size 110x98 scrollHeight 1972
  RenderBlock {DIV} at (358,160) size 125x100 [color=#DCDCDC] [bgcolor=#718D93] [border: (1px solid #D3D3D3)]
    RenderText {#text} at (11,11) size 90x768
      text run at (11,11) width 71: "Lorem ipsum"
      text run at (11,27) width 76: "dolor sit amet,"
      text run at (11,43) width 70: "consectetuer"
      text run at (11,59) width 78: "adipiscing elit."
      text run at (11,75) width 79: "Morbi et nisi ut"
      text run at (11,91) width 72: "est venenatis"
      text run at (11,107) width 86: "viverra. Aenean"
      text run at (11,123) width 54: "pede orci,"
      text run at (11,139) width 66: "blandit quis,"
      text run at (11,155) width 75: "faucibus quis,"
      text run at (11,171) width 78: "egestas ut, mi."
      text run at (11,187) width 72: "Pellentesque"
      text run at (11,203) width 64: "enim purus,"
      text run at (11,219) width 53: "venenatis"
      text run at (11,235) width 55: "dignissim,"
      text run at (11,251) width 59: "tincidunt a,"
      text run at (11,267) width 65: "ullamcorper"
      text run at (11,283) width 57: "eget, nibh."
      text run at (11,299) width 78: "Nullam ut sem"
      text run at (11,315) width 79: "adipiscing orci"
      text run at (11,331) width 46: "vehicula"
      text run at (11,347) width 83: "interdum. Proin"
      text run at (11,363) width 40: "a enim."
      text run at (11,379) width 54: "Phasellus"
      text run at (11,395) width 61: "sollicitudin,"
      text run at (11,411) width 67: "magna vitae"
      text run at (11,427) width 59: "vestibulum"
      text run at (11,443) width 75: "facilisis, tellus"
      text run at (11,459) width 65: "nunc iaculis"
      text run at (11,475) width 89: "arcu, in molestie"
      text run at (11,491) width 48: "sem velit"
      text run at (11,507) width 75: "tempus est. In"
      text run at (11,523) width 82: "eleifend velit at"
      text run at (11,539) width 82: "sem adipiscing"
      text run at (11,555) width 78: "sodales. Nunc"
      text run at (11,571) width 65: "sapien felis,"
      text run at (11,587) width 60: "aliquam et,"
      text run at (11,603) width 43: "volutpat"
      text run at (11,619) width 47: "rhoncus,"
      text run at (11,635) width 90: "condimentum ut,"
      text run at (11,651) width 72: "tortor. Integer"
      text run at (11,667) width 68: "est. Quisque"
      text run at (11,683) width 40: "viverra."
      text run at (11,699) width 72: "Praesent sed"
      text run at (11,715) width 87: "arcu. Maecenas"
      text run at (11,731) width 74: "id lorem a leo"
      text run at (11,747) width 40: "lobortis"
      text run at (11,763) width 80: "condimentum. "
    RenderBR {BR} at (91,775) size 0x0
    RenderBR {BR} at (11,779) size 0x16
    RenderText {#text} at (11,795) size 90x672
      text run at (11,795) width 83: "Cras commodo"
      text run at (11,811) width 76: "rutrum augue."
      text run at (11,827) width 88: "Vivamus iaculis."
      text run at (11,843) width 61: "Nullam est."
      text run at (11,859) width 57: "Maecenas"
      text run at (11,875) width 85: "consequat. Sed"
      text run at (11,891) width 83: "id dui. Vivamus"
      text run at (11,907) width 71: "a nisl. Donec"
      text run at (11,923) width 84: "pretium sapien."
      text run at (11,939) width 88: "Proin et ligula et"
      text run at (11,955) width 77: "ligula placerat"
      text run at (11,971) width 47: "pulvinar."
      text run at (11,987) width 69: "Aliquam erat"
      text run at (11,1003) width 78: "volutpat. Proin"
      text run at (11,1019) width 32: "id est."
      text run at (11,1035) width 71: "Suspendisse"
      text run at (11,1051) width 80: "cursus, magna"
      text run at (11,1067) width 62: "at hendrerit"
      text run at (11,1083) width 60: "consequat,"
      text run at (11,1099) width 56: "mauris est"
      text run at (11,1115) width 51: "imperdiet"
      text run at (11,1131) width 90: "neque, a ultrices"
      text run at (11,1147) width 76: "arcu urna non"
      text run at (11,1163) width 79: "nunc. Quisque"
      text run at (11,1179) width 64: "tellus. Nulla"
      text run at (11,1195) width 59: "nulla justo,"
      text run at (11,1211) width 72: "vehicula nec,"
      text run at (11,1227) width 71: "pellentesque"
      text run at (11,1243) width 71: "eu, iaculis et,"
      text run at (11,1259) width 85: "ligula. Praesent"
      text run at (11,1275) width 78: "mattis ante vel"
      text run at (11,1291) width 26: "sem."
      text run at (11,1307) width 71: "Suspendisse"
      text run at (11,1323) width 75: "porta rhoncus"
      text run at (11,1339) width 85: "urna. Phasellus"
      text run at (11,1355) width 77: "felis. Praesent"
      text run at (11,1371) width 88: "viverra convallis"
      text run at (11,1387) width 34: "libero."
      text run at (11,1403) width 81: "Maecenas non"
      text run at (11,1419) width 77: "augue. Donec"
      text run at (11,1435) width 84: "hendrerit lectus"
      text run at (11,1451) width 46: "id enim. "
    RenderBR {BR} at (57,1463) size 0x0
    RenderBR {BR} at (11,1467) size 0x16
    RenderText {#text} at (11,1483) size 90x480
      text run at (11,1483) width 85: "Nulla ligula dui,"
      text run at (11,1499) width 63: "euismod et,"
      text run at (11,1515) width 72: "sodales quis,"
      text run at (11,1531) width 87: "sollicitudin quis,"
      text run at (11,1547) width 32: "elit. In"
      text run at (11,1563) width 75: "adipiscing est"
      text run at (11,1579) width 89: "sed enim. Fusce"
      text run at (11,1595) width 78: "at massa vitae"
      text run at (11,1611) width 77: "metus semper"
      text run at (11,1627) width 52: "hendrerit."
      text run at (11,1643) width 67: "Integer vitae"
      text run at (11,1659) width 87: "urna. Nulla eget"
      text run at (11,1675) width 67: "ligula. Etiam"
      text run at (11,1691) width 34: "libero."
      text run at (11,1707) width 79: "Maecenas nisi"
      text run at (11,1723) width 78: "nibh, convallis"
      text run at (11,1739) width 82: "a, feugiat vitae,"
      text run at (11,1755) width 79: "pulvinar et, mi."
      text run at (11,1771) width 78: "Curabitur arcu"
      text run at (11,1787) width 90: "pede, adipiscing"
      text run at (11,1803) width 69: "sed, egestas"
      text run at (11,1819) width 80: "nec, commodo"
      text run at (11,1835) width 67: "in, elit. Nulla"
      text run at (11,1851) width 69: "facilisi. Proin"
      text run at (11,1867) width 77: "varius pede et"
      text run at (11,1883) width 56: "dui lacinia"
      text run at (11,1899) width 81: "dapibus. Morbi"
      text run at (11,1915) width 61: "nec augue."
      text run at (11,1931) width 83: "Proin imperdiet"
      text run at (11,1947) width 81: "lacus eu tellus."
layer at (535,168) size 125x100 clip at (536,169) size 123x85 scrollWidth 420 scrollHeight 164
  RenderBlock {DIV} at (527,160) size 125x100 [color=#DCDCDC] [bgcolor=#718D93] [border: (1px solid #D3D3D3)]
    RenderBlock {DIV} at (1,1) size 420x164
      RenderText {#text} at (10,10) size 396x144
        text run at (10,10) width 386: "Lorem ipsum dolor sit amet, consectetuer adipiscing elit. Morbi et nisi ut"
        text run at (10,26) width 365: "est venenatis viverra. Aenean pede orci, blandit quis, faucibus quis,"
        text run at (10,42) width 396: "egestas ut, mi. Pellentesque enim purus, venenatis dignissim, tincidunt a,"
        text run at (10,58) width 391: "ullamcorper eget, nibh. Nullam ut sem adipiscing orci vehicula interdum."
        text run at (10,74) width 371: "Proin a enim. Phasellus sollicitudin, magna vitae vestibulum facilisis,"
        text run at (10,90) width 390: "tellus nunc iaculis arcu, in molestie sem velit tempus est. In eleifend velit"
        text run at (10,106) width 353: "at sem adipiscing sodales. Nunc sapien felis, aliquam et, volutpat"
        text run at (10,122) width 381: "rhoncus, condimentum ut, tortor. Integer est. Quisque viverra. Praesent"
        text run at (10,138) width 310: "sed arcu. Maecenas id lorem a leo lobortis condimentum."
layer at (28,308) size 125x100 clip at (29,309) size 110x98 scrollHeight 1972
  RenderBlock {DIV} at (20,300) size 125x100 [color=#DCDCDC] [bgcolor=#718D93] [border: (1px solid #D3D3D3)]
    RenderText {#text} at (11,11) size 90x768
      text run at (11,11) width 71: "Lorem ipsum"
      text run at (11,27) width 76: "dolor sit amet,"
      text run at (11,43) width 70: "consectetuer"
      text run at (11,59) width 78: "adipiscing elit."
      text run at (11,75) width 79: "Morbi et nisi ut"
      text run at (11,91) width 72: "est venenatis"
      text run at (11,107) width 86: "viverra. Aenean"
      text run at (11,123) width 54: "pede orci,"
      text run at (11,139) width 66: "blandit quis,"
      text run at (11,155) width 75: "faucibus quis,"
      text run at (11,171) width 78: "egestas ut, mi."
      text run at (11,187) width 72: "Pellentesque"
      text run at (11,203) width 64: "enim purus,"
      text run at (11,219) width 53: "venenatis"
      text run at (11,235) width 55: "dignissim,"
      text run at (11,251) width 59: "tincidunt a,"
      text run at (11,267) width 65: "ullamcorper"
      text run at (11,283) width 57: "eget, nibh."
      text run at (11,299) width 78: "Nullam ut sem"
      text run at (11,315) width 79: "adipiscing orci"
      text run at (11,331) width 46: "vehicula"
      text run at (11,347) width 83: "interdum. Proin"
      text run at (11,363) width 40: "a enim."
      text run at (11,379) width 54: "Phasellus"
      text run at (11,395) width 61: "sollicitudin,"
      text run at (11,411) width 67: "magna vitae"
      text run at (11,427) width 59: "vestibulum"
      text run at (11,443) width 75: "facilisis, tellus"
      text run at (11,459) width 65: "nunc iaculis"
      text run at (11,475) width 89: "arcu, in molestie"
      text run at (11,491) width 48: "sem velit"
      text run at (11,507) width 75: "tempus est. In"
      text run at (11,523) width 82: "eleifend velit at"
      text run at (11,539) width 82: "sem adipiscing"
      text run at (11,555) width 78: "sodales. Nunc"
      text run at (11,571) width 65: "sapien felis,"
      text run at (11,587) width 60: "aliquam et,"
      text run at (11,603) width 43: "volutpat"
      text run at (11,619) width 47: "rhoncus,"
      text run at (11,635) width 90: "condimentum ut,"
      text run at (11,651) width 72: "tortor. Integer"
      text run at (11,667) width 68: "est. Quisque"
      text run at (11,683) width 40: "viverra."
      text run at (11,699) width 72: "Praesent sed"
      text run at (11,715) width 87: "arcu. Maecenas"
      text run at (11,731) width 74: "id lorem a leo"
      text run at (11,747) width 40: "lobortis"
      text run at (11,763) width 80: "condimentum. "
    RenderBR {BR} at (91,775) size 0x0
    RenderBR {BR} at (11,779) size 0x16
    RenderText {#text} at (11,795) size 90x672
      text run at (11,795) width 83: "Cras commodo"
      text run at (11,811) width 76: "rutrum augue."
      text run at (11,827) width 88: "Vivamus iaculis."
      text run at (11,843) width 61: "Nullam est."
      text run at (11,859) width 57: "Maecenas"
      text run at (11,875) width 85: "consequat. Sed"
      text run at (11,891) width 83: "id dui. Vivamus"
      text run at (11,907) width 71: "a nisl. Donec"
      text run at (11,923) width 84: "pretium sapien."
      text run at (11,939) width 88: "Proin et ligula et"
      text run at (11,955) width 77: "ligula placerat"
      text run at (11,971) width 47: "pulvinar."
      text run at (11,987) width 69: "Aliquam erat"
      text run at (11,1003) width 78: "volutpat. Proin"
      text run at (11,1019) width 32: "id est."
      text run at (11,1035) width 71: "Suspendisse"
      text run at (11,1051) width 80: "cursus, magna"
      text run at (11,1067) width 62: "at hendrerit"
      text run at (11,1083) width 60: "consequat,"
      text run at (11,1099) width 56: "mauris est"
      text run at (11,1115) width 51: "imperdiet"
      text run at (11,1131) width 90: "neque, a ultrices"
      text run at (11,1147) width 76: "arcu urna non"
      text run at (11,1163) width 79: "nunc. Quisque"
      text run at (11,1179) width 64: "tellus. Nulla"
      text run at (11,1195) width 59: "nulla justo,"
      text run at (11,1211) width 72: "vehicula nec,"
      text run at (11,1227) width 71: "pellentesque"
      text run at (11,1243) width 71: "eu, iaculis et,"
      text run at (11,1259) width 85: "ligula. Praesent"
      text run at (11,1275) width 78: "mattis ante vel"
      text run at (11,1291) width 26: "sem."
      text run at (11,1307) width 71: "Suspendisse"
      text run at (11,1323) width 75: "porta rhoncus"
      text run at (11,1339) width 85: "urna. Phasellus"
      text run at (11,1355) width 77: "felis. Praesent"
      text run at (11,1371) width 88: "viverra convallis"
      text run at (11,1387) width 34: "libero."
      text run at (11,1403) width 81: "Maecenas non"
      text run at (11,1419) width 77: "augue. Donec"
      text run at (11,1435) width 84: "hendrerit lectus"
      text run at (11,1451) width 46: "id enim. "
    RenderBR {BR} at (57,1463) size 0x0
    RenderBR {BR} at (11,1467) size 0x16
    RenderText {#text} at (11,1483) size 90x480
      text run at (11,1483) width 85: "Nulla ligula dui,"
      text run at (11,1499) width 63: "euismod et,"
      text run at (11,1515) width 72: "sodales quis,"
      text run at (11,1531) width 87: "sollicitudin quis,"
      text run at (11,1547) width 32: "elit. In"
      text run at (11,1563) width 75: "adipiscing est"
      text run at (11,1579) width 89: "sed enim. Fusce"
      text run at (11,1595) width 78: "at massa vitae"
      text run at (11,1611) width 77: "metus semper"
      text run at (11,1627) width 52: "hendrerit."
      text run at (11,1643) width 67: "Integer vitae"
      text run at (11,1659) width 87: "urna. Nulla eget"
      text run at (11,1675) width 67: "ligula. Etiam"
      text run at (11,1691) width 34: "libero."
      text run at (11,1707) width 79: "Maecenas nisi"
      text run at (11,1723) width 78: "nibh, convallis"
      text run at (11,1739) width 82: "a, feugiat vitae,"
      text run at (11,1755) width 79: "pulvinar et, mi."
      text run at (11,1771) width 78: "Curabitur arcu"
      text run at (11,1787) width 90: "pede, adipiscing"
      text run at (11,1803) width 69: "sed, egestas"
      text run at (11,1819) width 80: "nec, commodo"
      text run at (11,1835) width 67: "in, elit. Nulla"
      text run at (11,1851) width 69: "facilisi. Proin"
      text run at (11,1867) width 77: "varius pede et"
      text run at (11,1883) width 56: "dui lacinia"
      text run at (11,1899) width 81: "dapibus. Morbi"
      text run at (11,1915) width 61: "nec augue."
      text run at (11,1931) width 83: "Proin imperdiet"
      text run at (11,1947) width 81: "lacus eu tellus."
layer at (197,308) size 125x100 clip at (198,309) size 123x85 scrollWidth 420 scrollHeight 164
  RenderBlock {DIV} at (189,300) size 125x100 [color=#DCDCDC] [bgcolor=#718D93] [border: (1px solid #D3D3D3)]
    RenderBlock {DIV} at (1,1) size 420x164
      RenderText {#text} at (10,10) size 396x144
        text run at (10,10) width 386: "Lorem ipsum dolor sit amet, consectetuer adipiscing elit. Morbi et nisi ut"
        text run at (10,26) width 365: "est venenatis viverra. Aenean pede orci, blandit quis, faucibus quis,"
        text run at (10,42) width 396: "egestas ut, mi. Pellentesque enim purus, venenatis dignissim, tincidunt a,"
        text run at (10,58) width 391: "ullamcorper eget, nibh. Nullam ut sem adipiscing orci vehicula interdum."
        text run at (10,74) width 371: "Proin a enim. Phasellus sollicitudin, magna vitae vestibulum facilisis,"
        text run at (10,90) width 390: "tellus nunc iaculis arcu, in molestie sem velit tempus est. In eleifend velit"
        text run at (10,106) width 353: "at sem adipiscing sodales. Nunc sapien felis, aliquam et, volutpat"
        text run at (10,122) width 381: "rhoncus, condimentum ut, tortor. Integer est. Quisque viverra. Praesent"
        text run at (10,138) width 310: "sed arcu. Maecenas id lorem a leo lobortis condimentum."
layer at (366,308) size 125x100 clip at (367,309) size 110x85 scrollWidth 420 scrollHeight 420
  RenderBlock {DIV} at (358,300) size 125x100 [color=#DCDCDC] [bgcolor=#718D93] [border: (1px solid #D3D3D3)]
    RenderBlock {DIV} at (1,1) size 420x420
      RenderText {#text} at (10,10) size 396x144
        text run at (10,10) width 386: "Lorem ipsum dolor sit amet, consectetuer adipiscing elit. Morbi et nisi ut"
        text run at (10,26) width 365: "est venenatis viverra. Aenean pede orci, blandit quis, faucibus quis,"
        text run at (10,42) width 396: "egestas ut, mi. Pellentesque enim purus, venenatis dignissim, tincidunt a,"
        text run at (10,58) width 391: "ullamcorper eget, nibh. Nullam ut sem adipiscing orci vehicula interdum."
        text run at (10,74) width 371: "Proin a enim. Phasellus sollicitudin, magna vitae vestibulum facilisis,"
        text run at (10,90) width 390: "tellus nunc iaculis arcu, in molestie sem velit tempus est. In eleifend velit"
        text run at (10,106) width 353: "at sem adipiscing sodales. Nunc sapien felis, aliquam et, volutpat"
        text run at (10,122) width 381: "rhoncus, condimentum ut, tortor. Integer est. Quisque viverra. Praesent"
        text run at (10,138) width 313: "sed arcu. Maecenas id lorem a leo lobortis condimentum. "
      RenderBR {BR} at (323,150) size 0x0
      RenderBR {BR} at (10,154) size 0x16
      RenderText {#text} at (10,170) size 395x128
        text run at (10,170) width 377: "Cras commodo rutrum augue. Vivamus iaculis. Nullam est. Maecenas"
        text run at (10,186) width 377: "consequat. Sed id dui. Vivamus a nisl. Donec pretium sapien. Proin et"
        text run at (10,202) width 361: "ligula et ligula placerat pulvinar. Aliquam erat volutpat. Proin id est."
        text run at (10,218) width 395: "Suspendisse cursus, magna at hendrerit consequat, mauris est imperdiet"
        text run at (10,234) width 380: "neque, a ultrices arcu urna non nunc. Quisque tellus. Nulla nulla justo,"
        text run at (10,250) width 389: "vehicula nec, pellentesque eu, iaculis et, ligula. Praesent mattis ante vel"
        text run at (10,266) width 386: "sem. Suspendisse porta rhoncus urna. Phasellus felis. Praesent viverra"
        text run at (10,282) width 385: "convallis libero. Maecenas non augue. Donec hendrerit lectus id enim. "
      RenderBR {BR} at (395,294) size 0x0
      RenderBR {BR} at (10,298) size 0x16
      RenderText {#text} at (10,314) size 394x96
        text run at (10,314) width 351: "Nulla ligula dui, euismod et, sodales quis, sollicitudin quis, elit. In"
        text run at (10,330) width 383: "adipiscing est sed enim. Fusce at massa vitae metus semper hendrerit."
        text run at (10,346) width 376: "Integer vitae urna. Nulla eget ligula. Etiam libero. Maecenas nisi nibh,"
        text run at (10,362) width 389: "convallis a, feugiat vitae, pulvinar et, mi. Curabitur arcu pede, adipiscing"
        text run at (10,378) width 394: "sed, egestas nec, commodo in, elit. Nulla facilisi. Proin varius pede et dui"
        text run at (10,394) width 354: "lacinia dapibus. Morbi nec augue. Proin imperdiet lacus eu tellus."
layer at (535,308) size 125x100 clip at (536,309) size 110x85 scrollWidth 420 scrollHeight 420
  RenderBlock {DIV} at (527,300) size 125x100 [color=#DCDCDC] [bgcolor=#718D93] [border: (1px solid #D3D3D3)]
    RenderBlock {DIV} at (1,1) size 420x420
      RenderText {#text} at (10,10) size 396x144
        text run at (10,10) width 386: "Lorem ipsum dolor sit amet, consectetuer adipiscing elit. Morbi et nisi ut"
        text run at (10,26) width 365: "est venenatis viverra. Aenean pede orci, blandit quis, faucibus quis,"
        text run at (10,42) width 396: "egestas ut, mi. Pellentesque enim purus, venenatis dignissim, tincidunt a,"
        text run at (10,58) width 391: "ullamcorper eget, nibh. Nullam ut sem adipiscing orci vehicula interdum."
        text run at (10,74) width 371: "Proin a enim. Phasellus sollicitudin, magna vitae vestibulum facilisis,"
        text run at (10,90) width 390: "tellus nunc iaculis arcu, in molestie sem velit tempus est. In eleifend velit"
        text run at (10,106) width 353: "at sem adipiscing sodales. Nunc sapien felis, aliquam et, volutpat"
        text run at (10,122) width 381: "rhoncus, condimentum ut, tortor. Integer est. Quisque viverra. Praesent"
        text run at (10,138) width 313: "sed arcu. Maecenas id lorem a leo lobortis condimentum. "
      RenderBR {BR} at (323,150) size 0x0
      RenderBR {BR} at (10,154) size 0x16
      RenderText {#text} at (10,170) size 395x128
        text run at (10,170) width 377: "Cras commodo rutrum augue. Vivamus iaculis. Nullam est. Maecenas"
        text run at (10,186) width 377: "consequat. Sed id dui. Vivamus a nisl. Donec pretium sapien. Proin et"
        text run at (10,202) width 361: "ligula et ligula placerat pulvinar. Aliquam erat volutpat. Proin id est."
        text run at (10,218) width 395: "Suspendisse cursus, magna at hendrerit consequat, mauris est imperdiet"
        text run at (10,234) width 380: "neque, a ultrices arcu urna non nunc. Quisque tellus. Nulla nulla justo,"
        text run at (10,250) width 389: "vehicula nec, pellentesque eu, iaculis et, ligula. Praesent mattis ante vel"
        text run at (10,266) width 386: "sem. Suspendisse porta rhoncus urna. Phasellus felis. Praesent viverra"
        text run at (10,282) width 385: "convallis libero. Maecenas non augue. Donec hendrerit lectus id enim. "
      RenderBR {BR} at (395,294) size 0x0
      RenderBR {BR} at (10,298) size 0x16
      RenderText {#text} at (10,314) size 394x96
        text run at (10,314) width 351: "Nulla ligula dui, euismod et, sodales quis, sollicitudin quis, elit. In"
        text run at (10,330) width 383: "adipiscing est sed enim. Fusce at massa vitae metus semper hendrerit."
        text run at (10,346) width 376: "Integer vitae urna. Nulla eget ligula. Etiam libero. Maecenas nisi nibh,"
        text run at (10,362) width 389: "convallis a, feugiat vitae, pulvinar et, mi. Curabitur arcu pede, adipiscing"
        text run at (10,378) width 394: "sed, egestas nec, commodo in, elit. Nulla facilisi. Proin varius pede et dui"
        text run at (10,394) width 354: "lacinia dapibus. Morbi nec augue. Proin imperdiet lacus eu tellus."
layer at (28,448) size 125x100 clip at (29,449) size 110x85 scrollWidth 420 scrollHeight 420
  RenderBlock {DIV} at (20,440) size 125x100 [color=#DCDCDC] [bgcolor=#718D93] [border: (1px solid #D3D3D3)]
    RenderBlock {DIV} at (1,1) size 420x420
      RenderText {#text} at (10,10) size 396x144
        text run at (10,10) width 386: "Lorem ipsum dolor sit amet, consectetuer adipiscing elit. Morbi et nisi ut"
        text run at (10,26) width 365: "est venenatis viverra. Aenean pede orci, blandit quis, faucibus quis,"
        text run at (10,42) width 396: "egestas ut, mi. Pellentesque enim purus, venenatis dignissim, tincidunt a,"
        text run at (10,58) width 391: "ullamcorper eget, nibh. Nullam ut sem adipiscing orci vehicula interdum."
        text run at (10,74) width 371: "Proin a enim. Phasellus sollicitudin, magna vitae vestibulum facilisis,"
        text run at (10,90) width 390: "tellus nunc iaculis arcu, in molestie sem velit tempus est. In eleifend velit"
        text run at (10,106) width 353: "at sem adipiscing sodales. Nunc sapien felis, aliquam et, volutpat"
        text run at (10,122) width 381: "rhoncus, condimentum ut, tortor. Integer est. Quisque viverra. Praesent"
        text run at (10,138) width 313: "sed arcu. Maecenas id lorem a leo lobortis condimentum. "
      RenderBR {BR} at (323,150) size 0x0
      RenderBR {BR} at (10,154) size 0x16
      RenderText {#text} at (10,170) size 395x128
        text run at (10,170) width 377: "Cras commodo rutrum augue. Vivamus iaculis. Nullam est. Maecenas"
        text run at (10,186) width 377: "consequat. Sed id dui. Vivamus a nisl. Donec pretium sapien. Proin et"
        text run at (10,202) width 361: "ligula et ligula placerat pulvinar. Aliquam erat volutpat. Proin id est."
        text run at (10,218) width 395: "Suspendisse cursus, magna at hendrerit consequat, mauris est imperdiet"
        text run at (10,234) width 380: "neque, a ultrices arcu urna non nunc. Quisque tellus. Nulla nulla justo,"
        text run at (10,250) width 389: "vehicula nec, pellentesque eu, iaculis et, ligula. Praesent mattis ante vel"
        text run at (10,266) width 386: "sem. Suspendisse porta rhoncus urna. Phasellus felis. Praesent viverra"
        text run at (10,282) width 385: "convallis libero. Maecenas non augue. Donec hendrerit lectus id enim. "
      RenderBR {BR} at (395,294) size 0x0
      RenderBR {BR} at (10,298) size 0x16
      RenderText {#text} at (10,314) size 394x96
        text run at (10,314) width 351: "Nulla ligula dui, euismod et, sodales quis, sollicitudin quis, elit. In"
        text run at (10,330) width 383: "adipiscing est sed enim. Fusce at massa vitae metus semper hendrerit."
        text run at (10,346) width 376: "Integer vitae urna. Nulla eget ligula. Etiam libero. Maecenas nisi nibh,"
        text run at (10,362) width 389: "convallis a, feugiat vitae, pulvinar et, mi. Curabitur arcu pede, adipiscing"
        text run at (10,378) width 394: "sed, egestas nec, commodo in, elit. Nulla facilisi. Proin varius pede et dui"
        text run at (10,394) width 354: "lacinia dapibus. Morbi nec augue. Proin imperdiet lacus eu tellus."
layer at (197,448) size 125x100 clip at (198,449) size 110x85 scrollWidth 420 scrollHeight 420
  RenderBlock {DIV} at (189,440) size 125x100 [color=#DCDCDC] [bgcolor=#718D93] [border: (1px solid #D3D3D3)]
    RenderBlock {DIV} at (1,1) size 420x420
      RenderText {#text} at (10,10) size 396x144
        text run at (10,10) width 386: "Lorem ipsum dolor sit amet, consectetuer adipiscing elit. Morbi et nisi ut"
        text run at (10,26) width 365: "est venenatis viverra. Aenean pede orci, blandit quis, faucibus quis,"
        text run at (10,42) width 396: "egestas ut, mi. Pellentesque enim purus, venenatis dignissim, tincidunt a,"
        text run at (10,58) width 391: "ullamcorper eget, nibh. Nullam ut sem adipiscing orci vehicula interdum."
        text run at (10,74) width 371: "Proin a enim. Phasellus sollicitudin, magna vitae vestibulum facilisis,"
        text run at (10,90) width 390: "tellus nunc iaculis arcu, in molestie sem velit tempus est. In eleifend velit"
        text run at (10,106) width 353: "at sem adipiscing sodales. Nunc sapien felis, aliquam et, volutpat"
        text run at (10,122) width 381: "rhoncus, condimentum ut, tortor. Integer est. Quisque viverra. Praesent"
        text run at (10,138) width 313: "sed arcu. Maecenas id lorem a leo lobortis condimentum. "
      RenderBR {BR} at (323,150) size 0x0
      RenderBR {BR} at (10,154) size 0x16
      RenderText {#text} at (10,170) size 395x128
        text run at (10,170) width 377: "Cras commodo rutrum augue. Vivamus iaculis. Nullam est. Maecenas"
        text run at (10,186) width 377: "consequat. Sed id dui. Vivamus a nisl. Donec pretium sapien. Proin et"
        text run at (10,202) width 361: "ligula et ligula placerat pulvinar. Aliquam erat volutpat. Proin id est."
        text run at (10,218) width 395: "Suspendisse cursus, magna at hendrerit consequat, mauris est imperdiet"
        text run at (10,234) width 380: "neque, a ultrices arcu urna non nunc. Quisque tellus. Nulla nulla justo,"
        text run at (10,250) width 389: "vehicula nec, pellentesque eu, iaculis et, ligula. Praesent mattis ante vel"
        text run at (10,266) width 386: "sem. Suspendisse porta rhoncus urna. Phasellus felis. Praesent viverra"
        text run at (10,282) width 385: "convallis libero. Maecenas non augue. Donec hendrerit lectus id enim. "
      RenderBR {BR} at (395,294) size 0x0
      RenderBR {BR} at (10,298) size 0x16
      RenderText {#text} at (10,314) size 394x96
        text run at (10,314) width 351: "Nulla ligula dui, euismod et, sodales quis, sollicitudin quis, elit. In"
        text run at (10,330) width 383: "adipiscing est sed enim. Fusce at massa vitae metus semper hendrerit."
        text run at (10,346) width 376: "Integer vitae urna. Nulla eget ligula. Etiam libero. Maecenas nisi nibh,"
        text run at (10,362) width 389: "convallis a, feugiat vitae, pulvinar et, mi. Curabitur arcu pede, adipiscing"
        text run at (10,378) width 394: "sed, egestas nec, commodo in, elit. Nulla facilisi. Proin varius pede et dui"
        text run at (10,394) width 354: "lacinia dapibus. Morbi nec augue. Proin imperdiet lacus eu tellus."
layer at (366,448) size 125x100 clip at (367,449) size 110x85 scrollWidth 420 scrollHeight 420
  RenderBlock {DIV} at (358,440) size 125x100 [color=#DCDCDC] [bgcolor=#718D93] [border: (1px solid #D3D3D3)]
    RenderBlock {DIV} at (1,1) size 420x420
      RenderText {#text} at (10,10) size 396x144
        text run at (10,10) width 386: "Lorem ipsum dolor sit amet, consectetuer adipiscing elit. Morbi et nisi ut"
        text run at (10,26) width 365: "est venenatis viverra. Aenean pede orci, blandit quis, faucibus quis,"
        text run at (10,42) width 396: "egestas ut, mi. Pellentesque enim purus, venenatis dignissim, tincidunt a,"
        text run at (10,58) width 391: "ullamcorper eget, nibh. Nullam ut sem adipiscing orci vehicula interdum."
        text run at (10,74) width 371: "Proin a enim. Phasellus sollicitudin, magna vitae vestibulum facilisis,"
        text run at (10,90) width 390: "tellus nunc iaculis arcu, in molestie sem velit tempus est. In eleifend velit"
        text run at (10,106) width 353: "at sem adipiscing sodales. Nunc sapien felis, aliquam et, volutpat"
        text run at (10,122) width 381: "rhoncus, condimentum ut, tortor. Integer est. Quisque viverra. Praesent"
        text run at (10,138) width 313: "sed arcu. Maecenas id lorem a leo lobortis condimentum. "
      RenderBR {BR} at (323,150) size 0x0
      RenderBR {BR} at (10,154) size 0x16
      RenderText {#text} at (10,170) size 395x128
        text run at (10,170) width 377: "Cras commodo rutrum augue. Vivamus iaculis. Nullam est. Maecenas"
        text run at (10,186) width 377: "consequat. Sed id dui. Vivamus a nisl. Donec pretium sapien. Proin et"
        text run at (10,202) width 361: "ligula et ligula placerat pulvinar. Aliquam erat volutpat. Proin id est."
        text run at (10,218) width 395: "Suspendisse cursus, magna at hendrerit consequat, mauris est imperdiet"
        text run at (10,234) width 380: "neque, a ultrices arcu urna non nunc. Quisque tellus. Nulla nulla justo,"
        text run at (10,250) width 389: "vehicula nec, pellentesque eu, iaculis et, ligula. Praesent mattis ante vel"
        text run at (10,266) width 386: "sem. Suspendisse porta rhoncus urna. Phasellus felis. Praesent viverra"
        text run at (10,282) width 385: "convallis libero. Maecenas non augue. Donec hendrerit lectus id enim. "
      RenderBR {BR} at (395,294) size 0x0
      RenderBR {BR} at (10,298) size 0x16
      RenderText {#text} at (10,314) size 394x96
        text run at (10,314) width 351: "Nulla ligula dui, euismod et, sodales quis, sollicitudin quis, elit. In"
        text run at (10,330) width 383: "adipiscing est sed enim. Fusce at massa vitae metus semper hendrerit."
        text run at (10,346) width 376: "Integer vitae urna. Nulla eget ligula. Etiam libero. Maecenas nisi nibh,"
        text run at (10,362) width 389: "convallis a, feugiat vitae, pulvinar et, mi. Curabitur arcu pede, adipiscing"
        text run at (10,378) width 394: "sed, egestas nec, commodo in, elit. Nulla facilisi. Proin varius pede et dui"
        text run at (10,394) width 354: "lacinia dapibus. Morbi nec augue. Proin imperdiet lacus eu tellus."
