layer at (0,0) size 800x600
  RenderView at (0,0) size 800x600
layer at (0,0) size 800x600
  RenderBlock {HTML} at (0,0) size 800x600
    RenderBody {BODY} at (8,8) size 784x584
layer at (8,8) size 200x200 clip at (8,8) size 183x183 scrollWidth 345 scrollHeight 924
  RenderBlock {DIV} at (0,0) size 200x200
    RenderText {#text} at (0,0) size 38x21
      text run at (0,0) width 38: "Hello"
    RenderBR {BR} at (38,16) size 0x0
    RenderText {#text} at (0,21) size 38x21
      text run at (0,21) width 38: "Hello"
    RenderBR {BR} at (38,37) size 0x0
    RenderText {#text} at (0,42) size 38x21
      text run at (0,42) width 38: "Hello"
    RenderBR {BR} at (38,58) size 0x0
    RenderText {#text} at (0,63) size 38x21
      text run at (0,63) width 38: "Hello"
    RenderBR {BR} at (38,79) size 0x0
    RenderText {#text} at (0,84) size 38x21
      text run at (0,84) width 38: "Hello"
    RenderBR {BR} at (38,100) size 0x0
    RenderText {#text} at (0,105) size 38x21
      text run at (0,105) width 38: "Hello"
    RenderBR {BR} at (38,121) size 0x0
    RenderText {#text} at (0,126) size 38x21
      text run at (0,126) width 38: "Hello"
    RenderBR {BR} at (38,142) size 0x0
    RenderText {#text} at (0,147) size 38x21
      text run at (0,147) width 38: "Hello"
    RenderBR {BR} at (38,163) size 0x0
    RenderText {#text} at (0,168) size 38x21
      text run at (0,168) width 38: "Hello"
    RenderBR {BR} at (38,184) size 0x0
    RenderText {#text} at (0,189) size 38x21
      text run at (0,189) width 38: "Hello"
    RenderBR {BR} at (38,205) size 0x0
    RenderText {#text} at (0,210) size 38x21
      text run at (0,210) width 38: "Hello"
    RenderBR {BR} at (38,226) size 0x0
    RenderText {#text} at (0,231) size 38x21
      text run at (0,231) width 38: "Hello"
    RenderBR {BR} at (38,247) size 0x0
    RenderText {#text} at (0,252) size 38x21
      text run at (0,252) width 38: "Hello"
    RenderBR {BR} at (38,268) size 0x0
    RenderText {#text} at (0,273) size 38x21
      text run at (0,273) width 38: "Hello"
    RenderBR {BR} at (38,289) size 0x0
    RenderText {#text} at (0,294) size 38x21
      text run at (0,294) width 38: "Hello"
    RenderBR {BR} at (38,310) size 0x0
    RenderText {#text} at (0,315) size 38x21
      text run at (0,315) width 38: "Hello"
    RenderBR {BR} at (38,331) size 0x0
    RenderInline {SPAN} at (0,0) size 345x21
      RenderText {#text} at (0,336) size 345x21
        text run at (0,336) width 345: "Hello world this is a long string and will not wrap."
    RenderText {#text} at (0,357) size 38x21
      text run at (0,357) width 38: "Hello"
    RenderBR {BR} at (38,373) size 0x0
    RenderText {#text} at (0,378) size 38x21
      text run at (0,378) width 38: "Hello"
    RenderBR {BR} at (38,394) size 0x0
    RenderText {#text} at (0,399) size 38x21
      text run at (0,399) width 38: "Hello"
    RenderBR {BR} at (38,415) size 0x0
    RenderText {#text} at (0,420) size 38x21
      text run at (0,420) width 38: "Hello"
    RenderBR {BR} at (38,436) size 0x0
    RenderText {#text} at (0,441) size 38x21
      text run at (0,441) width 38: "Hello"
    RenderBR {BR} at (38,457) size 0x0
    RenderText {#text} at (0,462) size 38x21
      text run at (0,462) width 38: "Hello"
    RenderBR {BR} at (38,478) size 0x0
    RenderText {#text} at (0,483) size 38x21
      text run at (0,483) width 38: "Hello"
    RenderBR {BR} at (38,499) size 0x0
    RenderText {#text} at (0,504) size 38x21
      text run at (0,504) width 38: "Hello"
    RenderBR {BR} at (38,520) size 0x0
    RenderText {#text} at (0,525) size 38x21
      text run at (0,525) width 38: "Hello"
    RenderBR {BR} at (38,541) size 0x0
    RenderText {#text} at (0,546) size 38x21
      text run at (0,546) width 38: "Hello"
    RenderBR {BR} at (38,562) size 0x0
    RenderText {#text} at (0,567) size 38x21
      text run at (0,567) width 38: "Hello"
    RenderBR {BR} at (38,583) size 0x0
    RenderText {#text} at (0,588) size 38x21
      text run at (0,588) width 38: "Hello"
    RenderBR {BR} at (38,604) size 0x0
    RenderText {#text} at (0,609) size 38x21
      text run at (0,609) width 38: "Hello"
    RenderBR {BR} at (38,625) size 0x0
    RenderText {#text} at (0,630) size 38x21
      text run at (0,630) width 38: "Hello"
    RenderBR {BR} at (38,646) size 0x0
    RenderText {#text} at (0,651) size 38x21
      text run at (0,651) width 38: "Hello"
    RenderBR {BR} at (38,667) size 0x0
    RenderText {#text} at (0,672) size 38x21
      text run at (0,672) width 38: "Hello"
    RenderBR {BR} at (38,688) size 0x0
    RenderText {#text} at (0,693) size 38x21
      text run at (0,693) width 38: "Hello"
    RenderBR {BR} at (38,709) size 0x0
    RenderText {#text} at (0,714) size 38x21
      text run at (0,714) width 38: "Hello"
    RenderBR {BR} at (38,730) size 0x0
    RenderText {#text} at (0,735) size 38x21
      text run at (0,735) width 38: "Hello"
    RenderBR {BR} at (38,751) size 0x0
    RenderText {#text} at (0,756) size 38x21
      text run at (0,756) width 38: "Hello"
    RenderBR {BR} at (38,772) size 0x0
    RenderText {#text} at (0,777) size 38x21
      text run at (0,777) width 38: "Hello"
    RenderBR {BR} at (38,793) size 0x0
    RenderText {#text} at (0,798) size 38x21
      text run at (0,798) width 38: "Hello"
    RenderBR {BR} at (38,814) size 0x0
    RenderText {#text} at (0,819) size 38x21
      text run at (0,819) width 38: "Hello"
    RenderBR {BR} at (38,835) size 0x0
    RenderText {#text} at (0,840) size 38x21
      text run at (0,840) width 38: "Hello"
    RenderBR {BR} at (38,856) size 0x0
    RenderText {#text} at (0,861) size 38x21
      text run at (0,861) width 38: "Hello"
    RenderBR {BR} at (38,877) size 0x0
    RenderText {#text} at (0,882) size 38x21
      text run at (0,882) width 38: "Hello"
    RenderBR {BR} at (38,898) size 0x0
    RenderText {#text} at (0,903) size 38x21
      text run at (0,903) width 38: "Hello"
    RenderBR {BR} at (38,919) size 0x0
