layer at (0,0) size 800x600
  RenderView at (0,0) size 800x600
layer at (0,0) size 800x600
  RenderBlock {HTML} at (0,0) size 800x600
    RenderBody {BODY} at (8,8) size 784x584
layer at (8,8) size 200x200 clip at (8,8) size 183x200 scrollWidth 296 scrollHeight 836
  RenderBlock {DIV} at (0,0) size 200x200
    RenderText {#text} at (0,0) size 32x19
      text run at (0,0) width 32: "Hello"
    RenderBR {BR} at (32,15) size 0x0
    RenderText {#text} at (0,19) size 32x19
      text run at (0,19) width 32: "Hello"
    RenderBR {BR} at (32,34) size 0x0
    RenderText {#text} at (0,38) size 32x19
      text run at (0,38) width 32: "Hello"
    RenderBR {BR} at (32,53) size 0x0
    RenderText {#text} at (0,57) size 32x19
      text run at (0,57) width 32: "Hello"
    RenderBR {BR} at (32,72) size 0x0
    RenderText {#text} at (0,76) size 32x19
      text run at (0,76) width 32: "Hello"
    RenderBR {BR} at (32,91) size 0x0
    RenderText {#text} at (0,95) size 32x19
      text run at (0,95) width 32: "Hello"
    RenderBR {BR} at (32,110) size 0x0
    RenderText {#text} at (0,114) size 32x19
      text run at (0,114) width 32: "Hello"
    RenderBR {BR} at (32,129) size 0x0
    RenderText {#text} at (0,133) size 32x19
      text run at (0,133) width 32: "Hello"
    RenderBR {BR} at (32,148) size 0x0
    RenderText {#text} at (0,152) size 32x19
      text run at (0,152) width 32: "Hello"
    RenderBR {BR} at (32,167) size 0x0
    RenderText {#text} at (0,171) size 32x19
      text run at (0,171) width 32: "Hello"
    RenderBR {BR} at (32,186) size 0x0
    RenderText {#text} at (0,190) size 32x19
      text run at (0,190) width 32: "Hello"
    RenderBR {BR} at (32,205) size 0x0
    RenderText {#text} at (0,209) size 32x19
      text run at (0,209) width 32: "Hello"
    RenderBR {BR} at (32,224) size 0x0
    RenderText {#text} at (0,228) size 32x19
      text run at (0,228) width 32: "Hello"
    RenderBR {BR} at (32,243) size 0x0
    RenderText {#text} at (0,247) size 32x19
      text run at (0,247) width 32: "Hello"
    RenderBR {BR} at (32,262) size 0x0
    RenderText {#text} at (0,266) size 32x19
      text run at (0,266) width 32: "Hello"
    RenderBR {BR} at (32,281) size 0x0
    RenderText {#text} at (0,285) size 32x19
      text run at (0,285) width 32: "Hello"
    RenderBR {BR} at (32,300) size 0x0
    RenderInline {SPAN} at (0,0) size 296x19
      RenderText {#text} at (0,304) size 296x19
        text run at (0,304) width 296: "Hello world this is a long string and will not wrap."
    RenderText {#text} at (0,323) size 32x19
      text run at (0,323) width 32: "Hello"
    RenderBR {BR} at (32,338) size 0x0
    RenderText {#text} at (0,342) size 32x19
      text run at (0,342) width 32: "Hello"
    RenderBR {BR} at (32,357) size 0x0
    RenderText {#text} at (0,361) size 32x19
      text run at (0,361) width 32: "Hello"
    RenderBR {BR} at (32,376) size 0x0
    RenderText {#text} at (0,380) size 32x19
      text run at (0,380) width 32: "Hello"
    RenderBR {BR} at (32,395) size 0x0
    RenderText {#text} at (0,399) size 32x19
      text run at (0,399) width 32: "Hello"
    RenderBR {BR} at (32,414) size 0x0
    RenderText {#text} at (0,418) size 32x19
      text run at (0,418) width 32: "Hello"
    RenderBR {BR} at (32,433) size 0x0
    RenderText {#text} at (0,437) size 32x19
      text run at (0,437) width 32: "Hello"
    RenderBR {BR} at (32,452) size 0x0
    RenderText {#text} at (0,456) size 32x19
      text run at (0,456) width 32: "Hello"
    RenderBR {BR} at (32,471) size 0x0
    RenderText {#text} at (0,475) size 32x19
      text run at (0,475) width 32: "Hello"
    RenderBR {BR} at (32,490) size 0x0
    RenderText {#text} at (0,494) size 32x19
      text run at (0,494) width 32: "Hello"
    RenderBR {BR} at (32,509) size 0x0
    RenderText {#text} at (0,513) size 32x19
      text run at (0,513) width 32: "Hello"
    RenderBR {BR} at (32,528) size 0x0
    RenderText {#text} at (0,532) size 32x19
      text run at (0,532) width 32: "Hello"
    RenderBR {BR} at (32,547) size 0x0
    RenderText {#text} at (0,551) size 32x19
      text run at (0,551) width 32: "Hello"
    RenderBR {BR} at (32,566) size 0x0
    RenderText {#text} at (0,570) size 32x19
      text run at (0,570) width 32: "Hello"
    RenderBR {BR} at (32,585) size 0x0
    RenderText {#text} at (0,589) size 32x19
      text run at (0,589) width 32: "Hello"
    RenderBR {BR} at (32,604) size 0x0
    RenderText {#text} at (0,608) size 32x19
      text run at (0,608) width 32: "Hello"
    RenderBR {BR} at (32,623) size 0x0
    RenderText {#text} at (0,627) size 32x19
      text run at (0,627) width 32: "Hello"
    RenderBR {BR} at (32,642) size 0x0
    RenderText {#text} at (0,646) size 32x19
      text run at (0,646) width 32: "Hello"
    RenderBR {BR} at (32,661) size 0x0
    RenderText {#text} at (0,665) size 32x19
      text run at (0,665) width 32: "Hello"
    RenderBR {BR} at (32,680) size 0x0
    RenderText {#text} at (0,684) size 32x19
      text run at (0,684) width 32: "Hello"
    RenderBR {BR} at (32,699) size 0x0
    RenderText {#text} at (0,703) size 32x19
      text run at (0,703) width 32: "Hello"
    RenderBR {BR} at (32,718) size 0x0
    RenderText {#text} at (0,722) size 32x19
      text run at (0,722) width 32: "Hello"
    RenderBR {BR} at (32,737) size 0x0
    RenderText {#text} at (0,741) size 32x19
      text run at (0,741) width 32: "Hello"
    RenderBR {BR} at (32,756) size 0x0
    RenderText {#text} at (0,760) size 32x19
      text run at (0,760) width 32: "Hello"
    RenderBR {BR} at (32,775) size 0x0
    RenderText {#text} at (0,779) size 32x19
      text run at (0,779) width 32: "Hello"
    RenderBR {BR} at (32,794) size 0x0
    RenderText {#text} at (0,798) size 32x19
      text run at (0,798) width 32: "Hello"
    RenderBR {BR} at (32,813) size 0x0
    RenderText {#text} at (0,817) size 32x19
      text run at (0,817) width 32: "Hello"
    RenderBR {BR} at (32,832) size 0x0
