layer at (0,0) size 800x600
  RenderView at (0,0) size 800x600
layer at (0,0) size 800x51
  RenderBlock {HTML} at (0,0) size 800x51
    RenderBody {BODY} at (8,16) size 784x19
      RenderBlock {P} at (0,0) size 784x19 [bgcolor=#00FF00]
        RenderText {#text} at (0,0) size 495x19
          text run at (0,0) width 408: "This paragraph should have a green background because its TITLE "
          text run at (408,0) width 87: "attribute is set."
