layer at (0,0) size 800x600
  RenderView at (0,0) size 800x600
layer at (0,0) size 800x332
  RenderBlock {HTML} at (0,0) size 800x332
    RenderBody {BODY} at (8,16) size 784x308
      RenderBlock {P} at (0,0) size 784x42
        RenderText {#text} at (0,0) size 742x42
          text run at (0,0) width 470: "The background color of this paragraph should turn to green when "
          text run at (470,0) width 272: "the mouse pointer hovers either its text"
          text run at (0,21) width 5: "("
        RenderInline {STRONG} at (0,0) size 34x21
          RenderText {#text} at (5,21) size 34x21
            text run at (5,21) width 34: "here"
        RenderText {#text} at (39,21) size 224x21
          text run at (39,21) width 224: ") or its whitespace background, "
        RenderInline {STRONG} at (0,0) size 34x21
          RenderText {#text} at (263,21) size 34x21
            text run at (263,21) width 34: "here"
        RenderText {#text} at (297,21) size 4x21
          text run at (297,21) width 4: ":"
      RenderBlock {ADDRESS} at (0,58) size 784x21
        RenderText {#text} at (0,0) size 176x21
          text run at (0,0) width 176: "The background color of "
        RenderInline {A} at (0,0) size 126x21 [color=#0000EE]
          RenderText {#text} at (176,0) size 87x21
            text run at (176,0) width 87: "this anchor ("
          RenderInline {STRONG} at (0,0) size 34x21
            RenderText {#text} at (263,0) size 34x21
              text run at (263,0) width 34: "here"
          RenderText {#text} at (297,0) size 5x21
            text run at (297,0) width 5: ")"
        RenderText {#text} at (302,0) size 429x21
          text run at (302,0) width 429: " should turn to green when the pointing device hovers over it."
      RenderTable {TABLE} at (0,79) size 339x229
        RenderTableSection {TBODY} at (0,0) size 339x229
          RenderTableRow {TR} at (0,5) size 339x23
            RenderTableCell {TD} at (5,5) size 109x23 [r=0 c=0 rs=1 cs=1]
              RenderText {#text} at (1,1) size 82x21
                text run at (1,1) width 82: "The cells in"
            RenderTableCell {TD} at (119,5) size 100x23 [r=0 c=1 rs=1 cs=1]
              RenderText {#text} at (1,1) size 64x21
                text run at (1,1) width 64: "this table"
            RenderTableCell {TD} at (224,5) size 110x23 [r=0 c=2 rs=1 cs=1]
              RenderText {#text} at (1,1) size 70x21
                text run at (1,1) width 70: "should go"
          RenderTableRow {TR} at (0,33) size 339x23
            RenderTableCell {TD} at (5,33) size 109x23 [r=1 c=0 rs=1 cs=1]
              RenderText {#text} at (1,1) size 84x21
                text run at (1,1) width 84: "green when"
            RenderTableCell {TD} at (119,33) size 100x23 [r=1 c=1 rs=1 cs=1]
              RenderText {#text} at (1,1) size 70x21
                text run at (1,1) width 70: "you hover"
            RenderTableCell {TD} at (224,33) size 110x23 [r=1 c=2 rs=1 cs=1]
              RenderText {#text} at (1,1) size 83x21
                text run at (1,1) width 83: "the pointing"
          RenderTableRow {TR} at (0,61) size 339x23
            RenderTableCell {TD} at (5,61) size 109x23 [r=2 c=0 rs=1 cs=1]
              RenderText {#text} at (1,1) size 82x21
                text run at (1,1) width 82: "device over"
            RenderTableCell {TD} at (119,61) size 100x23 [r=2 c=1 rs=1 cs=1]
              RenderText {#text} at (1,1) size 44x21
                text run at (1,1) width 44: "them ("
              RenderInline {STRONG} at (0,0) size 34x21
                RenderText {#text} at (45,1) size 34x21
                  text run at (45,1) width 34: "here"
              RenderText {#text} at (79,1) size 9x21
                text run at (79,1) width 9: ")."
            RenderTableCell {TD} at (224,71) size 110x2 [r=2 c=2 rs=1 cs=1]
          RenderTableRow {TR} at (0,89) size 339x23
            RenderTableCell {TD} at (5,89) size 109x23 [r=3 c=0 rs=1 cs=1]
              RenderText {#text} at (1,1) size 83x21
                text run at (1,1) width 83: "The rows in"
            RenderTableCell {TD} at (119,89) size 100x23 [r=3 c=1 rs=1 cs=1]
              RenderText {#text} at (1,1) size 64x21
                text run at (1,1) width 64: "this table"
            RenderTableCell {TD} at (224,89) size 110x23 [r=3 c=2 rs=1 cs=1]
              RenderText {#text} at (1,1) size 70x21
                text run at (1,1) width 70: "should go"
          RenderTableRow {TR} at (0,117) size 339x23
            RenderTableCell {TD} at (5,117) size 109x23 [r=4 c=0 rs=1 cs=1]
              RenderText {#text} at (1,1) size 76x21
                text run at (1,1) width 76: "dark green"
            RenderTableCell {TD} at (119,117) size 100x23 [r=4 c=1 rs=1 cs=1]
              RenderText {#text} at (1,1) size 65x21
                text run at (1,1) width 65: "when the"
            RenderTableCell {TD} at (224,117) size 110x23 [r=4 c=2 rs=1 cs=1]
              RenderText {#text} at (1,1) size 108x21
                text run at (1,1) width 108: "pointing device"
          RenderTableRow {TR} at (0,145) size 339x23
            RenderTableCell {TD} at (5,145) size 109x23 [r=5 c=0 rs=1 cs=1]
              RenderText {#text} at (1,1) size 73x21
                text run at (1,1) width 73: "is over the"
            RenderTableCell {TD} at (119,145) size 100x23 [r=5 c=1 rs=1 cs=1]
              RenderText {#text} at (1,1) size 63x21
                text run at (1,1) width 63: "five pixel"
            RenderTableCell {TD} at (224,145) size 110x23 [r=5 c=2 rs=1 cs=1]
              RenderText {#text} at (1,1) size 106x21
                text run at (1,1) width 106: "border spacing"
          RenderTableRow {TR} at (0,173) size 339x23
            RenderTableCell {TD} at (5,173) size 109x23 [r=6 c=0 rs=1 cs=1]
              RenderText {#text} at (1,1) size 98x21
                text run at (1,1) width 98: "and when it is"
            RenderTableCell {TD} at (119,173) size 100x23 [r=6 c=1 rs=1 cs=1]
              RenderText {#text} at (1,1) size 98x21
                text run at (1,1) width 98: "over the cells."
            RenderTableCell {TD} at (224,183) size 110x2 [r=6 c=2 rs=1 cs=1]
          RenderTableRow {TR} at (0,201) size 339x23
            RenderTableCell {TD} at (5,201) size 109x23 [r=7 c=0 rs=1 cs=1]
              RenderText {#text} at (1,1) size 69x21
                text run at (1,1) width 69: "Including "
              RenderInline {STRONG} at (0,0) size 34x21
                RenderText {#text} at (70,1) size 34x21
                  text run at (70,1) width 34: "here"
              RenderText {#text} at (104,1) size 4x21
                text run at (104,1) width 4: ","
            RenderTableCell {TD} at (119,211) size 100x2 [r=7 c=1 rs=1 cs=1]
            RenderTableCell {TD} at (224,201) size 110x23 [r=7 c=2 rs=1 cs=1]
              RenderText {#text} at (1,1) size 80x21
                text run at (1,1) width 80: "blank cells."
