layer at (0,0) size 800x600
  RenderView at (0,0) size 800x600
layer at (0,0) size 800x336
  RenderBlock {HTML} at (0,0) size 800x336
    RenderBody {BODY} at (8,16) size 784x304
      RenderBlock {DIV} at (0,0) size 784x304
        RenderBlock {P} at (0,0) size 784x63
          RenderText {#text} at (0,0) size 757x42
            text run at (0,0) width 757: "The background color of this paragraph should turn to green when the mouse pointer hovers over any of the"
            text run at (0,21) width 68: "following:"
          RenderBR {BR} at (68,21) size 0x21
          RenderInline {STRONG} at (0,0) size 69x21
            RenderText {#text} at (0,42) size 69x21
              text run at (0,42) width 69: "This text."
        RenderBlock {P} at (0,79) size 784x21
          RenderText {#text} at (0,0) size 64x21
            text run at (0,0) width 64: "This text."
        RenderTable {TABLE} at (0,116) size 116x111
          RenderTableSection {TBODY} at (0,0) size 116x111
            RenderTableRow {TR} at (0,2) size 116x82
              RenderTableCell {TD} at (2,2) size 112x82 [r=0 c=0 rs=1 cs=1]
                RenderTable {TABLE} at (1,1) size 110x80
                  RenderTableSection {TBODY} at (0,0) size 110x80
                    RenderTableRow {TR} at (0,2) size 110x76
                      RenderTableCell {TD} at (2,2) size 106x76 [r=0 c=0 rs=1 cs=1]
                        RenderBlock {DL} at (1,17) size 104x42
                          RenderBlock {DT} at (0,0) size 104x21
                            RenderText {#text} at (0,0) size 64x21
                              text run at (0,0) width 64: "This text."
                          RenderBlock {DD} at (40,21) size 64x21
                            RenderText {#text} at (0,0) size 64x21
                              text run at (0,0) width 64: "This text."
            RenderTableRow {TR} at (0,86) size 116x23
              RenderTableCell {TD} at (2,86) size 112x23 [r=1 c=0 rs=1 cs=1]
                RenderText {#text} at (1,1) size 64x21
                  text run at (1,1) width 64: "This text."
        RenderBlock {P} at (0,243) size 784x24
          RenderInline {SUB} at (0,0) size 55x17
            RenderText {#text} at (0,7) size 55x17
              text run at (0,7) width 55: "This text."
        RenderBlock {P} at (0,283) size 784x21
          RenderText {#text} at (0,0) size 640x21
            text run at (0,0) width 640: "...and anything else between the top of the first paragraph and the bottom of this paragraph."
