layer at (0,0) size 800x600
  RenderView at (0,0) size 800x600
layer at (0,0) size 800x138
  RenderBlock {HTML} at (0,0) size 800x138
    RenderBody {BODY} at (8,8) size 784x114
      RenderBlock {DIV} at (0,0) size 784x79
        RenderTable {TABLE} at (332,0) size 119x79 [border: (1px outset #808080)]
          RenderTableSection {TBODY} at (1,1) size 117x77
            RenderTableRow {TR} at (0,2) size 117x23
              RenderTableCell {TD} at (2,2) size 61x23 [bgcolor=#00FF00] [border: (1px inset #808080)] [r=0 c=0 rs=1 cs=1]
                RenderText {#text} at (2,2) size 57x19
                  text run at (2,2) width 57: "green cell"
              RenderTableCell {TD} at (65,2) size 24x23 [border: (1px inset #808080)] [r=0 c=1 rs=1 cs=1]
                RenderText {#text} at (2,2) size 20x19
                  text run at (2,2) width 20: "1.2"
              RenderTableCell {TD} at (91,2) size 24x23 [border: (1px inset #808080)] [r=0 c=2 rs=1 cs=1]
                RenderText {#text} at (2,2) size 20x19
                  text run at (2,2) width 20: "1.3"
            RenderTableRow {TR} at (0,27) size 117x23
              RenderTableCell {TD} at (2,27) size 61x23 [bgcolor=#00FF00] [border: (1px inset #808080)] [r=1 c=0 rs=1 cs=1]
                RenderText {#text} at (2,2) size 57x19
                  text run at (2,2) width 57: "green cell"
              RenderTableCell {TD} at (65,27) size 24x23 [border: (1px inset #808080)] [r=1 c=1 rs=1 cs=1]
                RenderText {#text} at (2,2) size 20x19
                  text run at (2,2) width 20: "2.2"
              RenderTableCell {TD} at (91,27) size 24x23 [border: (1px inset #808080)] [r=1 c=2 rs=1 cs=1]
                RenderText {#text} at (2,2) size 20x19
                  text run at (2,2) width 20: "2.3"
            RenderTableRow {TR} at (0,52) size 117x23
              RenderTableCell {TD} at (2,52) size 61x23 [bgcolor=#00FF00] [border: (1px inset #808080)] [r=2 c=0 rs=1 cs=1]
                RenderText {#text} at (2,2) size 57x19
                  text run at (2,2) width 57: "green cell"
              RenderTableCell {TD} at (65,52) size 24x23 [border: (1px inset #808080)] [r=2 c=1 rs=1 cs=1]
                RenderText {#text} at (2,2) size 20x19
                  text run at (2,2) width 20: "3.2"
              RenderTableCell {TD} at (91,52) size 24x23 [border: (1px inset #808080)] [r=2 c=2 rs=1 cs=1]
                RenderText {#text} at (2,2) size 20x19
                  text run at (2,2) width 20: "3.3"
      RenderBlock {P} at (0,95) size 784x19
        RenderText {#text} at (0,0) size 209x19
          text run at (0,0) width 209: "This paragraph contains some text "
        RenderInline {SPAN} at (0,0) size 290x19 [bgcolor=#00FF00]
          RenderText {#text} at (209,0) size 290x19
            text run at (209,0) width 290: "and a span that should have a green background"
        RenderText {#text} at (0,0) size 0x0
