layer at (0,0) size 800x600
  RenderView at (0,0) size 800x600
layer at (0,0) size 800x73
  RenderBlock {HTML} at (0,0) size 800x73
    RenderBody {BODY} at (8,16) size 784x41
      RenderBlock {P} at (0,0) size 784x41
        RenderInline (generated) at (0,0) size 20x41 [bgcolor=#00FF00]
          RenderText {#text} at (0,0) size 20x41
            text run at (0,0) width 20: "T"
        RenderText {#text} at (20,15) size 535x21
          text run at (20,15) width 369: "his very long paragraph should have a big first letter "
          text run at (389,15) width 166: "with green background."
