layer at (0,0) size 800x600
  RenderView at (0,0) size 800x600
layer at (0,0) size 800x95
  RenderBlock {HTML} at (0,0) size 800x95
    RenderBody {BODY} at (8,16) size 784x63
      RenderBlock {P} at (0,0) size 784x63
        RenderText {#text} at (0,0) size 765x63
          text run at (0,0) width 765: "Any textual selection in this long paragraph should have green background. Any textual selection in this long"
          text run at (0,21) width 746: "paragraph should have green background. Any textual selection in this long paragraph should have green"
          text run at (0,42) width 88: "background."
