layer at (0,0) size 800x600
  RenderView at (0,0) size 800x600
layer at (0,0) size 800x51
  RenderBlock {HTML} at (0,0) size 800x51
    RenderBody {BODY} at (8,16) size 784x19
      RenderBlock {FORM} at (0,0) size 784x19 [bgcolor=#00FF00]
        RenderBlock {P} at (0,0) size 784x19
          RenderText {#text} at (0,0) size 291x19
            text run at (0,0) width 291: "The paragraph should have a green background."
