layer at (0,0) size 800x600
  RenderView at (0,0) size 800x600
layer at (0,0) size 800x51
  RenderBlock {HTML} at (0,0) size 800x51
    RenderBody {BODY} at (8,16) size 784x19
      RenderBlock {DIV} at (0,0) size 784x19
        RenderBlock {P} at (0,0) size 784x19 [bgcolor=#00FF00]
          RenderText {#text} at (0,0) size 520x19
            text run at (0,0) width 520: "This paragraph should have a green background and there should be no red anywhere."
