layer at (0,0) size 800x600
  RenderView at (0,0) size 800x600
layer at (0,0) size 800x138
  RenderBlock {HTML} at (0,0) size 800x138
    RenderBody {BODY} at (8,8) size 784x114
      RenderBlock {DIV} at (0,0) size 784x79
        RenderTable {TABLE} at (314,0) size 156x79 [border: (1px outset #808080)]
          RenderTableSection {TBODY} at (1,1) size 154x77
            RenderTableRow {TR} at (0,2) size 154x23
              RenderTableCell {TD} at (2,2) size 24x23 [border: (1px solid #000000)] [r=0 c=0 rs=1 cs=1]
                RenderText {#text} at (2,2) size 20x19
                  text run at (2,2) width 20: "1.1"
              RenderTableCell {TD} at (28,2) size 61x23 [bgcolor=#00FF00] [border: (1px solid #000000)] [r=0 c=1 rs=1 cs=1]
                RenderText {#text} at (2,2) size 57x19
                  text run at (2,2) width 57: "green cell"
              RenderTableCell {TD} at (91,2) size 61x23 [bgcolor=#00FF00] [border: (1px solid #000000)] [r=0 c=2 rs=1 cs=1]
                RenderText {#text} at (2,2) size 57x19
                  text run at (2,2) width 57: "green cell"
            RenderTableRow {TR} at (0,27) size 154x23
              RenderTableCell {TD} at (2,27) size 24x23 [border: (1px solid #000000)] [r=1 c=0 rs=1 cs=1]
                RenderText {#text} at (2,2) size 20x19
                  text run at (2,2) width 20: "2.1"
              RenderTableCell {TD} at (28,27) size 61x23 [bgcolor=#00FF00] [border: (1px solid #000000)] [r=1 c=1 rs=1 cs=1]
                RenderText {#text} at (2,2) size 57x19
                  text run at (2,2) width 57: "green cell"
              RenderTableCell {TD} at (91,27) size 61x23 [bgcolor=#00FF00] [border: (1px solid #000000)] [r=1 c=2 rs=1 cs=1]
                RenderText {#text} at (2,2) size 57x19
                  text run at (2,2) width 57: "green cell"
            RenderTableRow {TR} at (0,52) size 154x23
              RenderTableCell {TD} at (2,52) size 24x23 [border: (1px solid #000000)] [r=2 c=0 rs=1 cs=1]
                RenderText {#text} at (2,2) size 20x19
                  text run at (2,2) width 20: "3.1"
              RenderTableCell {TD} at (28,52) size 61x23 [bgcolor=#00FF00] [border: (1px solid #000000)] [r=2 c=1 rs=1 cs=1]
                RenderText {#text} at (2,2) size 57x19
                  text run at (2,2) width 57: "green cell"
              RenderTableCell {TD} at (91,52) size 61x23 [bgcolor=#00FF00] [border: (1px solid #000000)] [r=2 c=2 rs=1 cs=1]
                RenderText {#text} at (2,2) size 57x19
                  text run at (2,2) width 57: "green cell"
      RenderBlock {P} at (0,95) size 784x19
        RenderText {#text} at (0,0) size 94x19
          text run at (0,0) width 94: "This paragraph "
        RenderInline {SPAN} at (0,0) size 58x19
          RenderText {#text} at (94,0) size 58x19
            text run at (94,0) width 58: "should be"
        RenderText {#text} at (152,0) size 57x19
          text run at (152,0) width 57: " unstyled."
