layer at (0,0) size 800x600
  RenderView at (0,0) size 800x600
layer at (0,0) size 800x148
  RenderBlock {HTML} at (0,0) size 800x148
    RenderBody {BODY} at (8,16) size 784x116
      RenderBlock {BLOCKQUOTE} at (40,0) size 704x21
        RenderText {#text} at (0,0) size 202x21
          text run at (0,0) width 202: "This text should be unstyled."
      RenderBlock {DIV} at (0,37) size 784x21
        RenderText {#text} at (0,0) size 202x21
          text run at (0,0) width 202: "This text should be unstyled."
      RenderBlock {DIV} at (0,58) size 784x21
        RenderText {#text} at (0,0) size 202x21
          text run at (0,0) width 202: "This text should be unstyled."
      RenderBlock {P} at (0,95) size 784x21 [color=#008000]
        RenderText {#text} at (0,0) size 183x21
          text run at (0,0) width 183: "This text should be green."
