layer at (0,0) size 800x600
  RenderView at (0,0) size 800x600
layer at (0,0) size 800x140
  RenderBlock {HTML} at (0,0) size 800x140
    RenderBody {BODY} at (8,16) size 784x108
      RenderBlock {BLOCKQUOTE} at (40,0) size 704x19
        RenderText {#text} at (0,0) size 170x19
          text run at (0,0) width 170: "This text should be unstyled."
      RenderBlock {DIV} at (0,35) size 784x19
        RenderText {#text} at (0,0) size 170x19
          text run at (0,0) width 170: "This text should be unstyled."
      RenderBlock {DIV} at (0,54) size 784x19
        RenderText {#text} at (0,0) size 170x19
          text run at (0,0) width 170: "This text should be unstyled."
      RenderBlock {P} at (0,89) size 784x19 [color=#008000]
        RenderText {#text} at (0,0) size 154x19
          text run at (0,0) width 154: "This text should be green."
