layer at (0,0) size 784x3863
  RenderView at (0,0) size 784x600
layer at (0,0) size 784x3863
  RenderBlock {HTML} at (0,0) size 784x3863
    RenderBody {BODY} at (8,21) size 768x3826
      RenderBlock {H1} at (0,0) size 768x42
        RenderText {#text} at (0,0) size 260x42
          text run at (0,0) width 260: "HTML Test Index"
      RenderBlock {P} at (0,63) size 768x21
        RenderText {#text} at (0,0) size 346x21
          text run at (0,0) width 346: "The HTML tests are available in several variants."
      RenderBlock {H2} at (0,103) size 768x32
        RenderText {#text} at (0,0) size 311x32
          text run at (0,0) width 311: "Tests With Navigation Aids"
      RenderBlock {P} at (0,154) size 768x63
        RenderText {#text} at (0,0) size 768x63
          text run at (0,0) width 762: "Each category of test is available using several different harnesses. The name of the harness describes how"
          text run at (0,21) width 768: "the test markup is contained within it, for example the Xlink embed case uses an XLink with the show axis set"
          text run at (0,42) width 70: "to embed."
      RenderBlock {UL} at (0,233) size 768x210
        RenderListItem {LI} at (40,0) size 728x42
          RenderListMarker at (-18,0) size 7x21: bullet
          RenderInline {A} at (0,0) size 21x21 [color=#0000EE]
            RenderText {#text} at (0,0) size 21x21
              text run at (0,0) width 21: "full"
          RenderText {#text} at (21,0) size 8x21
            text run at (21,0) width 8: ": "
          RenderInline {A} at (0,0) size 106x21 [color=#0000EE]
            RenderText {#text} at (29,0) size 106x21
              text run at (29,0) width 106: "Self Contained"
          RenderText {#text} at (135,0) size 8x21
            text run at (135,0) width 8: ", "
          RenderInline {A} at (0,0) size 121x21 [color=#0000EE]
            RenderText {#text} at (143,0) size 121x21
              text run at (143,0) width 121: "XHTML <iframe>"
          RenderText {#text} at (264,0) size 8x21
            text run at (264,0) width 8: ", "
          RenderInline {A} at (0,0) size 120x21 [color=#0000EE]
            RenderText {#text} at (272,0) size 120x21
              text run at (272,0) width 120: "XHTML <object>"
          RenderText {#text} at (392,0) size 8x21
            text run at (392,0) width 8: ", "
          RenderInline {A} at (0,0) size 117x21 [color=#0000EE]
            RenderText {#text} at (400,0) size 117x21
              text run at (400,0) width 117: "XHTML <frame>"
          RenderText {#text} at (517,0) size 8x21
            text run at (517,0) width 8: ", "
          RenderInline {A} at (0,0) size 110x21 [color=#0000EE]
            RenderText {#text} at (525,0) size 110x21
              text run at (525,0) width 110: "HTML <iframe>"
          RenderText {#text} at (635,0) size 8x21
            text run at (635,0) width 8: ", "
          RenderInline {A} at (0,0) size 687x42 [color=#0000EE]
            RenderText {#text} at (643,0) size 687x42
              text run at (643,0) width 44: "HTML"
              text run at (0,21) width 61: "<object>"
          RenderText {#text} at (61,21) size 8x21
            text run at (61,21) width 8: ", "
          RenderInline {A} at (0,0) size 106x21 [color=#0000EE]
            RenderText {#text} at (69,21) size 106x21
              text run at (69,21) width 106: "HTML <frame>"
          RenderText {#text} at (175,21) size 8x21
            text run at (175,21) width 8: ", "
          RenderInline {A} at (0,0) size 94x21 [color=#0000EE]
            RenderText {#text} at (183,21) size 94x21
              text run at (183,21) width 94: "XLink embed"
          RenderText {#text} at (277,21) size 8x21
            text run at (277,21) width 8: ", "
          RenderInline {A} at (0,0) size 88x21 [color=#0000EE]
            RenderText {#text} at (285,21) size 88x21
              text run at (285,21) width 88: "TNG Format"
        RenderListItem {LI} at (40,42) size 728x42
          RenderListMarker at (-18,0) size 7x21: bullet
          RenderInline {A} at (0,0) size 37x21 [color=#0000EE]
            RenderText {#text} at (0,0) size 37x21
              text run at (0,0) width 37: "static"
          RenderText {#text} at (37,0) size 8x21
            text run at (37,0) width 8: ": "
          RenderInline {A} at (0,0) size 106x21 [color=#0000EE]
            RenderText {#text} at (45,0) size 106x21
              text run at (45,0) width 106: "Self Contained"
          RenderText {#text} at (151,0) size 8x21
            text run at (151,0) width 8: ", "
          RenderInline {A} at (0,0) size 121x21 [color=#0000EE]
            RenderText {#text} at (159,0) size 121x21
              text run at (159,0) width 121: "XHTML <iframe>"
          RenderText {#text} at (280,0) size 8x21
            text run at (280,0) width 8: ", "
          RenderInline {A} at (0,0) size 120x21 [color=#0000EE]
            RenderText {#text} at (288,0) size 120x21
              text run at (288,0) width 120: "XHTML <object>"
          RenderText {#text} at (408,0) size 8x21
            text run at (408,0) width 8: ", "
          RenderInline {A} at (0,0) size 117x21 [color=#0000EE]
            RenderText {#text} at (416,0) size 117x21
              text run at (416,0) width 117: "XHTML <frame>"
          RenderText {#text} at (533,0) size 8x21
            text run at (533,0) width 8: ", "
          RenderInline {A} at (0,0) size 110x21 [color=#0000EE]
            RenderText {#text} at (541,0) size 110x21
              text run at (541,0) width 110: "HTML <iframe>"
          RenderText {#text} at (651,0) size 8x21
            text run at (651,0) width 8: ", "
          RenderInline {A} at (0,0) size 703x42 [color=#0000EE]
            RenderText {#text} at (659,0) size 703x42
              text run at (659,0) width 44: "HTML"
              text run at (0,21) width 61: "<object>"
          RenderText {#text} at (61,21) size 8x21
            text run at (61,21) width 8: ", "
          RenderInline {A} at (0,0) size 106x21 [color=#0000EE]
            RenderText {#text} at (69,21) size 106x21
              text run at (69,21) width 106: "HTML <frame>"
          RenderText {#text} at (175,21) size 8x21
            text run at (175,21) width 8: ", "
          RenderInline {A} at (0,0) size 94x21 [color=#0000EE]
            RenderText {#text} at (183,21) size 94x21
              text run at (183,21) width 94: "XLink embed"
          RenderText {#text} at (277,21) size 8x21
            text run at (277,21) width 8: ", "
          RenderInline {A} at (0,0) size 88x21 [color=#0000EE]
            RenderText {#text} at (285,21) size 88x21
              text run at (285,21) width 88: "TNG Format"
        RenderListItem {LI} at (40,84) size 728x42
          RenderListMarker at (-18,0) size 7x21: bullet
          RenderInline {A} at (0,0) size 101x21 [color=#0000EE]
            RenderText {#text} at (0,0) size 101x21
              text run at (0,0) width 101: "history-related"
          RenderText {#text} at (101,0) size 8x21
            text run at (101,0) width 8: ": "
          RenderInline {A} at (0,0) size 106x21 [color=#0000EE]
            RenderText {#text} at (109,0) size 106x21
              text run at (109,0) width 106: "Self Contained"
          RenderText {#text} at (215,0) size 8x21
            text run at (215,0) width 8: ", "
          RenderInline {A} at (0,0) size 121x21 [color=#0000EE]
            RenderText {#text} at (223,0) size 121x21
              text run at (223,0) width 121: "XHTML <iframe>"
          RenderText {#text} at (344,0) size 8x21
            text run at (344,0) width 8: ", "
          RenderInline {A} at (0,0) size 120x21 [color=#0000EE]
            RenderText {#text} at (352,0) size 120x21
              text run at (352,0) width 120: "XHTML <object>"
          RenderText {#text} at (472,0) size 8x21
            text run at (472,0) width 8: ", "
          RenderInline {A} at (0,0) size 117x21 [color=#0000EE]
            RenderText {#text} at (480,0) size 117x21
              text run at (480,0) width 117: "XHTML <frame>"
          RenderText {#text} at (597,0) size 8x21
            text run at (597,0) width 8: ", "
          RenderInline {A} at (0,0) size 110x21 [color=#0000EE]
            RenderText {#text} at (605,0) size 110x21
              text run at (605,0) width 110: "HTML <iframe>"
          RenderText {#text} at (715,0) size 4x21
            text run at (715,0) width 4: ","
          RenderInline {A} at (0,0) size 109x21 [color=#0000EE]
            RenderText {#text} at (0,21) size 109x21
              text run at (0,21) width 109: "HTML <object>"
          RenderText {#text} at (109,21) size 8x21
            text run at (109,21) width 8: ", "
          RenderInline {A} at (0,0) size 106x21 [color=#0000EE]
            RenderText {#text} at (117,21) size 106x21
              text run at (117,21) width 106: "HTML <frame>"
          RenderText {#text} at (223,21) size 8x21
            text run at (223,21) width 8: ", "
          RenderInline {A} at (0,0) size 94x21 [color=#0000EE]
            RenderText {#text} at (231,21) size 94x21
              text run at (231,21) width 94: "XLink embed"
          RenderText {#text} at (325,21) size 8x21
            text run at (325,21) width 8: ", "
          RenderInline {A} at (0,0) size 88x21 [color=#0000EE]
            RenderText {#text} at (333,21) size 88x21
              text run at (333,21) width 88: "TNG Format"
        RenderListItem {LI} at (40,126) size 728x42
          RenderListMarker at (-18,0) size 7x21: bullet
          RenderInline {A} at (0,0) size 73x21 [color=#0000EE]
            RenderText {#text} at (0,0) size 73x21
              text run at (0,0) width 73: "interactive"
          RenderText {#text} at (73,0) size 8x21
            text run at (73,0) width 8: ": "
          RenderInline {A} at (0,0) size 106x21 [color=#0000EE]
            RenderText {#text} at (81,0) size 106x21
              text run at (81,0) width 106: "Self Contained"
          RenderText {#text} at (187,0) size 8x21
            text run at (187,0) width 8: ", "
          RenderInline {A} at (0,0) size 121x21 [color=#0000EE]
            RenderText {#text} at (195,0) size 121x21
              text run at (195,0) width 121: "XHTML <iframe>"
          RenderText {#text} at (316,0) size 8x21
            text run at (316,0) width 8: ", "
          RenderInline {A} at (0,0) size 120x21 [color=#0000EE]
            RenderText {#text} at (324,0) size 120x21
              text run at (324,0) width 120: "XHTML <object>"
          RenderText {#text} at (444,0) size 8x21
            text run at (444,0) width 8: ", "
          RenderInline {A} at (0,0) size 117x21 [color=#0000EE]
            RenderText {#text} at (452,0) size 117x21
              text run at (452,0) width 117: "XHTML <frame>"
          RenderText {#text} at (569,0) size 8x21
            text run at (569,0) width 8: ", "
          RenderInline {A} at (0,0) size 110x21 [color=#0000EE]
            RenderText {#text} at (577,0) size 110x21
              text run at (577,0) width 110: "HTML <iframe>"
          RenderText {#text} at (687,0) size 4x21
            text run at (687,0) width 4: ","
          RenderInline {A} at (0,0) size 109x21 [color=#0000EE]
            RenderText {#text} at (0,21) size 109x21
              text run at (0,21) width 109: "HTML <object>"
          RenderText {#text} at (109,21) size 8x21
            text run at (109,21) width 8: ", "
          RenderInline {A} at (0,0) size 106x21 [color=#0000EE]
            RenderText {#text} at (117,21) size 106x21
              text run at (117,21) width 106: "HTML <frame>"
          RenderText {#text} at (223,21) size 8x21
            text run at (223,21) width 8: ", "
          RenderInline {A} at (0,0) size 94x21 [color=#0000EE]
            RenderText {#text} at (231,21) size 94x21
              text run at (231,21) width 94: "XLink embed"
          RenderText {#text} at (325,21) size 8x21
            text run at (325,21) width 8: ", "
          RenderInline {A} at (0,0) size 88x21 [color=#0000EE]
            RenderText {#text} at (333,21) size 88x21
              text run at (333,21) width 88: "TNG Format"
        RenderListItem {LI} at (40,168) size 728x42
          RenderListMarker at (-18,0) size 7x21: bullet
          RenderInline {A} at (0,0) size 60x21 [color=#0000EE]
            RenderText {#text} at (0,0) size 60x21
              text run at (0,0) width 60: "dynamic"
          RenderText {#text} at (60,0) size 8x21
            text run at (60,0) width 8: ": "
          RenderInline {A} at (0,0) size 106x21 [color=#0000EE]
            RenderText {#text} at (68,0) size 106x21
              text run at (68,0) width 106: "Self Contained"
          RenderText {#text} at (174,0) size 8x21
            text run at (174,0) width 8: ", "
          RenderInline {A} at (0,0) size 121x21 [color=#0000EE]
            RenderText {#text} at (182,0) size 121x21
              text run at (182,0) width 121: "XHTML <iframe>"
          RenderText {#text} at (303,0) size 8x21
            text run at (303,0) width 8: ", "
          RenderInline {A} at (0,0) size 120x21 [color=#0000EE]
            RenderText {#text} at (311,0) size 120x21
              text run at (311,0) width 120: "XHTML <object>"
          RenderText {#text} at (431,0) size 8x21
            text run at (431,0) width 8: ", "
          RenderInline {A} at (0,0) size 117x21 [color=#0000EE]
            RenderText {#text} at (439,0) size 117x21
              text run at (439,0) width 117: "XHTML <frame>"
          RenderText {#text} at (556,0) size 8x21
            text run at (556,0) width 8: ", "
          RenderInline {A} at (0,0) size 110x21 [color=#0000EE]
            RenderText {#text} at (564,0) size 110x21
              text run at (564,0) width 110: "HTML <iframe>"
          RenderText {#text} at (674,0) size 8x21
            text run at (674,0) width 8: ", "
          RenderInline {A} at (0,0) size 726x42 [color=#0000EE]
            RenderText {#text} at (682,0) size 726x42
              text run at (682,0) width 44: "HTML"
              text run at (0,21) width 61: "<object>"
          RenderText {#text} at (61,21) size 8x21
            text run at (61,21) width 8: ", "
          RenderInline {A} at (0,0) size 106x21 [color=#0000EE]
            RenderText {#text} at (69,21) size 106x21
              text run at (69,21) width 106: "HTML <frame>"
          RenderText {#text} at (175,21) size 8x21
            text run at (175,21) width 8: ", "
          RenderInline {A} at (0,0) size 94x21 [color=#0000EE]
            RenderText {#text} at (183,21) size 94x21
              text run at (183,21) width 94: "XLink embed"
          RenderText {#text} at (277,21) size 8x21
            text run at (277,21) width 8: ", "
          RenderInline {A} at (0,0) size 88x21 [color=#0000EE]
            RenderText {#text} at (285,21) size 88x21
              text run at (285,21) width 88: "TNG Format"
      RenderBlock {H2} at (0,462) size 768x32
        RenderText {#text} at (0,0) size 196x32
          text run at (0,0) width 196: "Unadorned Tests"
      RenderBlock {UL} at (0,513) size 768x3276
        RenderListItem {LI} at (40,0) size 728x21
          RenderListMarker at (-18,0) size 7x21: bullet
          RenderInline {A} at (0,0) size 137x21 [color=#0000EE]
            RenderText {#text} at (0,0) size 137x21
              text run at (0,0) width 137: "Groups of selectors"
          RenderText {#text} at (137,0) size 32x21
            text run at (137,0) width 32: " (#1)"
        RenderListItem {LI} at (40,21) size 728x21
          RenderListMarker at (-18,0) size 7x21: bullet
          RenderInline {A} at (0,0) size 165x21 [color=#0000EE]
            RenderText {#text} at (0,0) size 165x21
              text run at (0,0) width 165: "Type element selectors"
          RenderText {#text} at (165,0) size 32x21
            text run at (165,0) width 32: " (#2)"
        RenderListItem {LI} at (40,42) size 728x21
          RenderListMarker at (-18,0) size 7x21: bullet
          RenderInline {A} at (0,0) size 184x21 [color=#0000EE]
            RenderText {#text} at (0,0) size 184x21
              text run at (0,0) width 184: "Omitted universal selector"
          RenderText {#text} at (184,0) size 32x21
            text run at (184,0) width 32: " (#4)"
        RenderListItem {LI} at (40,63) size 728x21
          RenderListMarker at (-18,0) size 7x21: bullet
          RenderInline {A} at (0,0) size 191x21 [color=#0000EE]
            RenderText {#text} at (0,0) size 191x21
              text run at (0,0) width 191: "Attribute existence selector"
          RenderText {#text} at (191,0) size 32x21
            text run at (191,0) width 32: " (#5)"
        RenderListItem {LI} at (40,84) size 728x21
          RenderListMarker at (-18,0) size 7x21: bullet
          RenderInline {A} at (0,0) size 162x21 [color=#0000EE]
            RenderText {#text} at (0,0) size 162x21
              text run at (0,0) width 162: "Attribute value selector"
          RenderText {#text} at (162,0) size 32x21
            text run at (162,0) width 32: " (#6)"
        RenderListItem {LI} at (40,105) size 728x21
          RenderListMarker at (-18,0) size 7x21: bullet
          RenderInline {A} at (0,0) size 196x21 [color=#0000EE]
            RenderText {#text} at (0,0) size 196x21
              text run at (0,0) width 196: "Attribute multivalue selector"
          RenderText {#text} at (196,0) size 32x21
            text run at (196,0) width 32: " (#7)"
        RenderListItem {LI} at (40,126) size 728x21
          RenderListMarker at (-18,0) size 7x21: bullet
          RenderInline {A} at (0,0) size 196x21 [color=#0000EE]
            RenderText {#text} at (0,0) size 196x21
              text run at (0,0) width 196: "Attribute multivalue selector"
          RenderText {#text} at (196,0) size 41x21
            text run at (196,0) width 41: " (#7b)"
        RenderListItem {LI} at (40,147) size 728x21
          RenderListMarker at (-18,0) size 7x21: bullet
          RenderInline {A} at (0,0) size 382x21 [color=#0000EE]
            RenderText {#text} at (0,0) size 382x21
              text run at (0,0) width 382: "Attribute value selectors (hyphen-separated attributes)"
          RenderText {#text} at (382,0) size 32x21
            text run at (382,0) width 32: " (#8)"
        RenderListItem {LI} at (40,168) size 728x21
          RenderListMarker at (-18,0) size 7x21: bullet
          RenderInline {A} at (0,0) size 343x21 [color=#0000EE]
            RenderText {#text} at (0,0) size 343x21
              text run at (0,0) width 343: "Substring matching attribute selector (beginning)"
          RenderText {#text} at (343,0) size 32x21
            text run at (343,0) width 32: " (#9)"
        RenderListItem {LI} at (40,189) size 728x21
          RenderListMarker at (-18,0) size 7x21: bullet
          RenderInline {A} at (0,0) size 299x21 [color=#0000EE]
            RenderText {#text} at (0,0) size 299x21
              text run at (0,0) width 299: "Substring matching attribute selector (end)"
          RenderText {#text} at (299,0) size 41x21
            text run at (299,0) width 41: " (#10)"
        RenderListItem {LI} at (40,210) size 728x21
          RenderListMarker at (-18,0) size 7x21: bullet
          RenderInline {A} at (0,0) size 332x21 [color=#0000EE]
            RenderText {#text} at (0,0) size 332x21
              text run at (0,0) width 332: "Substring matching attribute selector (contains)"
          RenderText {#text} at (332,0) size 41x21
            text run at (332,0) width 41: " (#11)"
        RenderListItem {LI} at (40,231) size 728x21
          RenderListMarker at (-18,0) size 7x21: bullet
          RenderInline {A} at (0,0) size 155x21 [color=#0000EE]
            RenderText {#text} at (0,0) size 155x21
              text run at (0,0) width 155: "Default attribute value"
          RenderText {#text} at (155,0) size 41x21
            text run at (155,0) width 41: " (#12)"
        RenderListItem {LI} at (40,252) size 728x21
          RenderListMarker at (-18,0) size 7x21: bullet
          RenderInline {A} at (0,0) size 109x21 [color=#0000EE]
            RenderText {#text} at (0,0) size 109x21
              text run at (0,0) width 109: "Class selectors"
          RenderText {#text} at (109,0) size 41x21
            text run at (109,0) width 41: " (#13)"
        RenderListItem {LI} at (40,273) size 728x21
          RenderListMarker at (-18,0) size 7x21: bullet
          RenderInline {A} at (0,0) size 203x21 [color=#0000EE]
            RenderText {#text} at (0,0) size 203x21
              text run at (0,0) width 203: "More than one class selector"
          RenderText {#text} at (203,0) size 41x21
            text run at (203,0) width 41: " (#14)"
        RenderListItem {LI} at (40,294) size 728x21
          RenderListMarker at (-18,0) size 7x21: bullet
          RenderInline {A} at (0,0) size 84x21 [color=#0000EE]
            RenderText {#text} at (0,0) size 84x21
              text run at (0,0) width 84: "ID selectors"
          RenderText {#text} at (84,0) size 41x21
            text run at (84,0) width 41: " (#15)"
        RenderListItem {LI} at (40,315) size 728x21
          RenderListMarker at (-18,0) size 7x21: bullet
          RenderInline {A} at (0,0) size 128x21 [color=#0000EE]
            RenderText {#text} at (0,0) size 128x21
              text run at (0,0) width 128: ":link pseudo-class"
          RenderText {#text} at (128,0) size 41x21
            text run at (128,0) width 41: " (#16)"
        RenderListItem {LI} at (40,336) size 728x21
          RenderListMarker at (-18,0) size 7x21: bullet
          RenderInline {A} at (0,0) size 149x21 [color=#0000EE]
            RenderText {#text} at (0,0) size 149x21
              text run at (0,0) width 149: ":visited pseudo-class"
          RenderText {#text} at (149,0) size 41x21
            text run at (149,0) width 41: " (#17)"
        RenderListItem {LI} at (40,357) size 728x21
          RenderListMarker at (-18,0) size 7x21: bullet
          RenderInline {A} at (0,0) size 143x21 [color=#0000EE]
            RenderText {#text} at (0,0) size 143x21
              text run at (0,0) width 143: ":hover pseudo-class"
          RenderText {#text} at (143,0) size 41x21
            text run at (143,0) width 41: " (#18)"
        RenderListItem {LI} at (40,378) size 728x21
          RenderListMarker at (-18,0) size 7x21: bullet
          RenderInline {A} at (0,0) size 143x21 [color=#0000EE]
            RenderText {#text} at (0,0) size 143x21
              text run at (0,0) width 143: ":hover pseudo-class"
          RenderText {#text} at (143,0) size 50x21
            text run at (143,0) width 50: " (#18b)"
        RenderListItem {LI} at (40,399) size 728x21
          RenderListMarker at (-18,0) size 7x21: bullet
          RenderInline {A} at (0,0) size 145x21 [color=#0000EE]
            RenderText {#text} at (0,0) size 145x21
              text run at (0,0) width 145: ":active pseudo-class"
          RenderText {#text} at (145,0) size 41x21
            text run at (145,0) width 41: " (#19)"
        RenderListItem {LI} at (40,420) size 728x21
          RenderListMarker at (-18,0) size 7x21: bullet
          RenderInline {A} at (0,0) size 141x21 [color=#0000EE]
            RenderText {#text} at (0,0) size 141x21
              text run at (0,0) width 141: ":focus pseudo-class"
          RenderText {#text} at (141,0) size 41x21
            text run at (141,0) width 41: " (#20)"
        RenderListItem {LI} at (40,441) size 728x21
          RenderListMarker at (-18,0) size 7x21: bullet
          RenderInline {A} at (0,0) size 143x21 [color=#0000EE]
            RenderText {#text} at (0,0) size 143x21
              text run at (0,0) width 143: ":target pseudo-class"
          RenderText {#text} at (143,0) size 41x21
            text run at (143,0) width 41: " (#21)"
        RenderListItem {LI} at (40,462) size 728x21
          RenderListMarker at (-18,0) size 7x21: bullet
          RenderInline {A} at (0,0) size 143x21 [color=#0000EE]
            RenderText {#text} at (0,0) size 143x21
              text run at (0,0) width 143: ":target pseudo-class"
          RenderText {#text} at (143,0) size 50x21
            text run at (143,0) width 50: " (#21b)"
        RenderListItem {LI} at (40,483) size 728x21
          RenderListMarker at (-18,0) size 7x21: bullet
          RenderInline {A} at (0,0) size 143x21 [color=#0000EE]
            RenderText {#text} at (0,0) size 143x21
              text run at (0,0) width 143: ":target pseudo-class"
          RenderText {#text} at (143,0) size 49x21
            text run at (143,0) width 49: " (#21c)"
        RenderListItem {LI} at (40,504) size 728x21
          RenderListMarker at (-18,0) size 7x21: bullet
          RenderInline {A} at (0,0) size 144x21 [color=#0000EE]
            RenderText {#text} at (0,0) size 144x21
              text run at (0,0) width 144: ":lang() pseudo-class"
          RenderText {#text} at (144,0) size 41x21
            text run at (144,0) width 41: " (#22)"
        RenderListItem {LI} at (40,525) size 728x21
          RenderListMarker at (-18,0) size 7x21: bullet
          RenderInline {A} at (0,0) size 161x21 [color=#0000EE]
            RenderText {#text} at (0,0) size 161x21
              text run at (0,0) width 161: ":enabled pseudo-class"
          RenderText {#text} at (161,0) size 41x21
            text run at (161,0) width 41: " (#23)"
        RenderListItem {LI} at (40,546) size 728x21
          RenderListMarker at (-18,0) size 7x21: bullet
          RenderInline {A} at (0,0) size 164x21 [color=#0000EE]
            RenderText {#text} at (0,0) size 164x21
              text run at (0,0) width 164: ":disabled pseudo-class"
          RenderText {#text} at (164,0) size 41x21
            text run at (164,0) width 41: " (#24)"
        RenderListItem {LI} at (40,567) size 728x21
          RenderListMarker at (-18,0) size 7x21: bullet
          RenderInline {A} at (0,0) size 163x21 [color=#0000EE]
            RenderText {#text} at (0,0) size 163x21
              text run at (0,0) width 163: ":checked pseudo-class"
          RenderText {#text} at (163,0) size 41x21
            text run at (163,0) width 41: " (#25)"
        RenderListItem {LI} at (40,588) size 728x21
          RenderListMarker at (-18,0) size 7x21: bullet
          RenderInline {A} at (0,0) size 130x21 [color=#0000EE]
            RenderText {#text} at (0,0) size 130x21
              text run at (0,0) width 130: ":root pseudo-class"
          RenderText {#text} at (130,0) size 41x21
            text run at (130,0) width 41: " (#27)"
        RenderListItem {LI} at (40,609) size 728x21
          RenderListMarker at (-18,0) size 7x21: bullet
          RenderInline {A} at (0,0) size 174x21 [color=#0000EE]
            RenderText {#text} at (0,0) size 174x21
              text run at (0,0) width 174: ":nth-child() pseudo-class"
          RenderText {#text} at (174,0) size 41x21
            text run at (174,0) width 41: " (#28)"
        RenderListItem {LI} at (40,630) size 728x21
          RenderListMarker at (-18,0) size 7x21: bullet
          RenderInline {A} at (0,0) size 174x21 [color=#0000EE]
            RenderText {#text} at (0,0) size 174x21
              text run at (0,0) width 174: ":nth-child() pseudo-class"
          RenderText {#text} at (174,0) size 50x21
            text run at (174,0) width 50: " (#28b)"
        RenderListItem {LI} at (40,651) size 728x21
          RenderListMarker at (-18,0) size 7x21: bullet
          RenderInline {A} at (0,0) size 204x21 [color=#0000EE]
            RenderText {#text} at (0,0) size 204x21
              text run at (0,0) width 204: ":nth-last-child() pseudo-class"
          RenderText {#text} at (204,0) size 41x21
            text run at (204,0) width 41: " (#29)"
        RenderListItem {LI} at (40,672) size 728x21
          RenderListMarker at (-18,0) size 7x21: bullet
          RenderInline {A} at (0,0) size 204x21 [color=#0000EE]
            RenderText {#text} at (0,0) size 204x21
              text run at (0,0) width 204: ":nth-last-child() pseudo-class"
          RenderText {#text} at (204,0) size 50x21
            text run at (204,0) width 50: " (#29b)"
        RenderListItem {LI} at (40,693) size 728x21
          RenderListMarker at (-18,0) size 7x21: bullet
          RenderInline {A} at (0,0) size 188x21 [color=#0000EE]
            RenderText {#text} at (0,0) size 188x21
              text run at (0,0) width 188: ":nth-of-type() pseudo-class"
          RenderText {#text} at (188,0) size 41x21
            text run at (188,0) width 41: " (#30)"
        RenderListItem {LI} at (40,714) size 728x21
          RenderListMarker at (-18,0) size 7x21: bullet
          RenderInline {A} at (0,0) size 218x21 [color=#0000EE]
            RenderText {#text} at (0,0) size 218x21
              text run at (0,0) width 218: ":nth-last-of-type() pseudo-class"
          RenderText {#text} at (218,0) size 41x21
            text run at (218,0) width 41: " (#31)"
        RenderListItem {LI} at (40,735) size 728x21
          RenderListMarker at (-18,0) size 7x21: bullet
          RenderInline {A} at (0,0) size 167x21 [color=#0000EE]
            RenderText {#text} at (0,0) size 167x21
              text run at (0,0) width 167: ":first-child pseudo-class"
          RenderText {#text} at (167,0) size 41x21
            text run at (167,0) width 41: " (#32)"
        RenderListItem {LI} at (40,756) size 728x21
          RenderListMarker at (-18,0) size 7x21: bullet
          RenderInline {A} at (0,0) size 167x21 [color=#0000EE]
            RenderText {#text} at (0,0) size 167x21
              text run at (0,0) width 167: ":last-child pseudo-class"
          RenderText {#text} at (167,0) size 41x21
            text run at (167,0) width 41: " (#33)"
        RenderListItem {LI} at (40,777) size 728x21
          RenderListMarker at (-18,0) size 7x21: bullet
          RenderInline {A} at (0,0) size 181x21 [color=#0000EE]
            RenderText {#text} at (0,0) size 181x21
              text run at (0,0) width 181: ":first-of-type pseudo-class"
          RenderText {#text} at (181,0) size 41x21
            text run at (181,0) width 41: " (#34)"
        RenderListItem {LI} at (40,798) size 728x21
          RenderListMarker at (-18,0) size 7x21: bullet
          RenderInline {A} at (0,0) size 181x21 [color=#0000EE]
            RenderText {#text} at (0,0) size 181x21
              text run at (0,0) width 181: ":last-of-type pseudo-class"
          RenderText {#text} at (181,0) size 41x21
            text run at (181,0) width 41: " (#35)"
        RenderListItem {LI} at (40,819) size 728x21
          RenderListMarker at (-18,0) size 7x21: bullet
          RenderInline {A} at (0,0) size 172x21 [color=#0000EE]
            RenderText {#text} at (0,0) size 172x21
              text run at (0,0) width 172: ":only-child pseudo-class"
          RenderText {#text} at (172,0) size 41x21
            text run at (172,0) width 41: " (#36)"
        RenderListItem {LI} at (40,840) size 728x21
          RenderListMarker at (-18,0) size 7x21: bullet
          RenderInline {A} at (0,0) size 186x21 [color=#0000EE]
            RenderText {#text} at (0,0) size 186x21
              text run at (0,0) width 186: ":only-of-type pseudo-class"
          RenderText {#text} at (186,0) size 41x21
            text run at (186,0) width 41: " (#37)"
        RenderListItem {LI} at (40,861) size 728x21
          RenderListMarker at (-18,0) size 7x21: bullet
          RenderInline {A} at (0,0) size 183x21 [color=#0000EE]
            RenderText {#text} at (0,0) size 183x21
              text run at (0,0) width 183: "::first-line pseudo-element"
          RenderText {#text} at (183,0) size 41x21
            text run at (183,0) width 41: " (#38)"
        RenderListItem {LI} at (40,882) size 728x21
          RenderListMarker at (-18,0) size 7x21: bullet
          RenderInline {A} at (0,0) size 192x21 [color=#0000EE]
            RenderText {#text} at (0,0) size 192x21
              text run at (0,0) width 192: "::first-letter pseudo-element"
          RenderText {#text} at (192,0) size 41x21
            text run at (192,0) width 41: " (#39)"
        RenderListItem {LI} at (40,903) size 728x21
          RenderListMarker at (-18,0) size 7x21: bullet
          RenderInline {A} at (0,0) size 401x21 [color=#0000EE]
            RenderText {#text} at (0,0) size 401x21
              text run at (0,0) width 401: "::first-letter pseudo-element with ::before pseudo-element"
          RenderText {#text} at (401,0) size 50x21
            text run at (401,0) width 50: " (#39a)"
        RenderListItem {LI} at (40,924) size 728x21
          RenderListMarker at (-18,0) size 7x21: bullet
          RenderInline {A} at (0,0) size 401x21 [color=#0000EE]
            RenderText {#text} at (0,0) size 401x21
              text run at (0,0) width 401: "::first-letter pseudo-element with ::before pseudo-element"
          RenderText {#text} at (401,0) size 50x21
            text run at (401,0) width 50: " (#39a)"
        RenderListItem {LI} at (40,945) size 728x21
          RenderListMarker at (-18,0) size 7x21: bullet
          RenderInline {A} at (0,0) size 192x21 [color=#0000EE]
            RenderText {#text} at (0,0) size 192x21
              text run at (0,0) width 192: "::first-letter pseudo-element"
          RenderText {#text} at (192,0) size 50x21
            text run at (192,0) width 50: " (#39b)"
        RenderListItem {LI} at (40,966) size 728x21
          RenderListMarker at (-18,0) size 7x21: bullet
          RenderInline {A} at (0,0) size 191x21 [color=#0000EE]
            RenderText {#text} at (0,0) size 191x21
              text run at (0,0) width 191: "::selection pseudo-element"
          RenderText {#text} at (191,0) size 41x21
            text run at (191,0) width 41: " (#40)"
        RenderListItem {LI} at (40,987) size 728x21
          RenderListMarker at (-18,0) size 7x21: bullet
          RenderInline {A} at (0,0) size 172x21 [color=#0000EE]
            RenderText {#text} at (0,0) size 172x21
              text run at (0,0) width 172: "::before pseudo-element"
          RenderText {#text} at (172,0) size 41x21
            text run at (172,0) width 41: " (#41)"
        RenderListItem {LI} at (40,1008) size 728x21
          RenderListMarker at (-18,0) size 7x21: bullet
          RenderInline {A} at (0,0) size 158x21 [color=#0000EE]
            RenderText {#text} at (0,0) size 158x21
              text run at (0,0) width 158: "::after pseudo-element"
          RenderText {#text} at (158,0) size 41x21
            text run at (158,0) width 41: " (#42)"
        RenderListItem {LI} at (40,1029) size 728x21
          RenderListMarker at (-18,0) size 7x21: bullet
          RenderInline {A} at (0,0) size 169x21 [color=#0000EE]
            RenderText {#text} at (0,0) size 169x21
              text run at (0,0) width 169: "Descendant combinator"
          RenderText {#text} at (169,0) size 41x21
            text run at (169,0) width 41: " (#43)"
        RenderListItem {LI} at (40,1050) size 728x21
          RenderListMarker at (-18,0) size 7x21: bullet
          RenderInline {A} at (0,0) size 169x21 [color=#0000EE]
            RenderText {#text} at (0,0) size 169x21
              text run at (0,0) width 169: "Descendant combinator"
          RenderText {#text} at (169,0) size 50x21
            text run at (169,0) width 50: " (#43b)"
        RenderListItem {LI} at (40,1071) size 728x21
          RenderListMarker at (-18,0) size 7x21: bullet
          RenderInline {A} at (0,0) size 121x21 [color=#0000EE]
            RenderText {#text} at (0,0) size 121x21
              text run at (0,0) width 121: "Child combinator"
          RenderText {#text} at (121,0) size 41x21
            text run at (121,0) width 41: " (#44)"
        RenderListItem {LI} at (40,1092) size 728x21
          RenderListMarker at (-18,0) size 7x21: bullet
          RenderInline {A} at (0,0) size 121x21 [color=#0000EE]
            RenderText {#text} at (0,0) size 121x21
              text run at (0,0) width 121: "Child combinator"
          RenderText {#text} at (121,0) size 50x21
            text run at (121,0) width 50: " (#44b)"
        RenderListItem {LI} at (40,1113) size 728x21
          RenderListMarker at (-18,0) size 7x21: bullet
          RenderInline {A} at (0,0) size 210x21 [color=#0000EE]
            RenderText {#text} at (0,0) size 210x21
              text run at (0,0) width 210: "Child combinator and classes"
          RenderText {#text} at (210,0) size 49x21
            text run at (210,0) width 49: " (#44c)"
        RenderListItem {LI} at (40,1134) size 728x21
          RenderListMarker at (-18,0) size 7x21: bullet
          RenderInline {A} at (0,0) size 184x21 [color=#0000EE]
            RenderText {#text} at (0,0) size 184x21
              text run at (0,0) width 184: "Child combinatior and IDs"
          RenderText {#text} at (184,0) size 50x21
            text run at (184,0) width 50: " (#44d)"
        RenderListItem {LI} at (40,1155) size 728x21
          RenderListMarker at (-18,0) size 7x21: bullet
          RenderInline {A} at (0,0) size 190x21 [color=#0000EE]
            RenderText {#text} at (0,0) size 190x21
              text run at (0,0) width 190: "Direct adjacent combinator"
          RenderText {#text} at (190,0) size 41x21
            text run at (190,0) width 41: " (#45)"
        RenderListItem {LI} at (40,1176) size 728x21
          RenderListMarker at (-18,0) size 7x21: bullet
          RenderInline {A} at (0,0) size 190x21 [color=#0000EE]
            RenderText {#text} at (0,0) size 190x21
              text run at (0,0) width 190: "Direct adjacent combinator"
          RenderText {#text} at (190,0) size 50x21
            text run at (190,0) width 50: " (#45b)"
        RenderListItem {LI} at (40,1197) size 728x21
          RenderListMarker at (-18,0) size 7x21: bullet
          RenderInline {A} at (0,0) size 279x21 [color=#0000EE]
            RenderText {#text} at (0,0) size 279x21
              text run at (0,0) width 279: "Direct adjacent combinator and classes"
          RenderText {#text} at (279,0) size 49x21
            text run at (279,0) width 49: " (#45c)"
        RenderListItem {LI} at (40,1218) size 728x21
          RenderListMarker at (-18,0) size 7x21: bullet
          RenderInline {A} at (0,0) size 200x21 [color=#0000EE]
            RenderText {#text} at (0,0) size 200x21
              text run at (0,0) width 200: "Indirect adjacent combinator"
          RenderText {#text} at (200,0) size 41x21
            text run at (200,0) width 41: " (#46)"
        RenderListItem {LI} at (40,1239) size 728x21
          RenderListMarker at (-18,0) size 7x21: bullet
          RenderInline {A} at (0,0) size 200x21 [color=#0000EE]
            RenderText {#text} at (0,0) size 200x21
              text run at (0,0) width 200: "Indirect adjacent combinator"
          RenderText {#text} at (200,0) size 50x21
            text run at (200,0) width 50: " (#46b)"
        RenderListItem {LI} at (40,1260) size 728x21
          RenderListMarker at (-18,0) size 7x21: bullet
          RenderInline {A} at (0,0) size 435x21 [color=#0000EE]
            RenderText {#text} at (0,0) size 435x21
              text run at (0,0) width 435: "NEGATED substring matching attribute selector on beginning"
          RenderText {#text} at (435,0) size 41x21
            text run at (435,0) width 41: " (#54)"
        RenderListItem {LI} at (40,1281) size 728x21
          RenderListMarker at (-18,0) size 7x21: bullet
          RenderInline {A} at (0,0) size 391x21 [color=#0000EE]
            RenderText {#text} at (0,0) size 391x21
              text run at (0,0) width 391: "NEGATED substring matching attribute selector on end"
          RenderText {#text} at (391,0) size 41x21
            text run at (391,0) width 41: " (#55)"
        RenderListItem {LI} at (40,1302) size 728x21
          RenderListMarker at (-18,0) size 7x21: bullet
          RenderInline {A} at (0,0) size 412x21 [color=#0000EE]
            RenderText {#text} at (0,0) size 412x21
              text run at (0,0) width 412: "NEGATED substring matching attribute selector on middle"
          RenderText {#text} at (412,0) size 41x21
            text run at (412,0) width 41: " (#56)"
        RenderListItem {LI} at (40,1323) size 728x21
          RenderListMarker at (-18,0) size 7x21: bullet
          RenderInline {A} at (0,0) size 351x21 [color=#0000EE]
            RenderText {#text} at (0,0) size 351x21
              text run at (0,0) width 351: "Default attribute value and negation pseudo-class"
          RenderText {#text} at (351,0) size 41x21
            text run at (351,0) width 41: " (#58)"
        RenderListItem {LI} at (40,1344) size 728x21
          RenderListMarker at (-18,0) size 7x21: bullet
          RenderInline {A} at (0,0) size 180x21 [color=#0000EE]
            RenderText {#text} at (0,0) size 180x21
              text run at (0,0) width 180: "NEGATED class selector"
          RenderText {#text} at (180,0) size 41x21
            text run at (180,0) width 41: " (#59)"
        RenderListItem {LI} at (40,1365) size 728x21
          RenderListMarker at (-18,0) size 7x21: bullet
          RenderInline {A} at (0,0) size 159x21 [color=#0000EE]
            RenderText {#text} at (0,0) size 159x21
              text run at (0,0) width 159: "NEGATED ID selector"
          RenderText {#text} at (159,0) size 41x21
            text run at (159,0) width 41: " (#60)"
        RenderListItem {LI} at (40,1386) size 728x21
          RenderListMarker at (-18,0) size 7x21: bullet
          RenderInline {A} at (0,0) size 211x21 [color=#0000EE]
            RenderText {#text} at (0,0) size 211x21
              text run at (0,0) width 211: "NEGATED :link pseudo-class"
          RenderText {#text} at (211,0) size 41x21
            text run at (211,0) width 41: " (#61)"
        RenderListItem {LI} at (40,1407) size 728x21
          RenderListMarker at (-18,0) size 7x21: bullet
          RenderInline {A} at (0,0) size 232x21 [color=#0000EE]
            RenderText {#text} at (0,0) size 232x21
              text run at (0,0) width 232: "NEGATED :visited pseudo-class"
          RenderText {#text} at (232,0) size 41x21
            text run at (232,0) width 41: " (#62)"
        RenderListItem {LI} at (40,1428) size 728x21
          RenderListMarker at (-18,0) size 7x21: bullet
          RenderInline {A} at (0,0) size 226x21 [color=#0000EE]
            RenderText {#text} at (0,0) size 226x21
              text run at (0,0) width 226: "NEGATED :hover pseudo-class"
          RenderText {#text} at (226,0) size 41x21
            text run at (226,0) width 41: " (#63)"
        RenderListItem {LI} at (40,1449) size 728x21
          RenderListMarker at (-18,0) size 7x21: bullet
          RenderInline {A} at (0,0) size 228x21 [color=#0000EE]
            RenderText {#text} at (0,0) size 228x21
              text run at (0,0) width 228: "NEGATED :active pseudo-class"
          RenderText {#text} at (228,0) size 41x21
            text run at (228,0) width 41: " (#64)"
        RenderListItem {LI} at (40,1470) size 728x21
          RenderListMarker at (-18,0) size 7x21: bullet
          RenderInline {A} at (0,0) size 224x21 [color=#0000EE]
            RenderText {#text} at (0,0) size 224x21
              text run at (0,0) width 224: "NEGATED :focus pseudo-class"
          RenderText {#text} at (224,0) size 41x21
            text run at (224,0) width 41: " (#65)"
        RenderListItem {LI} at (40,1491) size 728x21
          RenderListMarker at (-18,0) size 7x21: bullet
          RenderInline {A} at (0,0) size 226x21 [color=#0000EE]
            RenderText {#text} at (0,0) size 226x21
              text run at (0,0) width 226: "NEGATED :target pseudo-class"
          RenderText {#text} at (226,0) size 41x21
            text run at (226,0) width 41: " (#66)"
        RenderListItem {LI} at (40,1512) size 728x21
          RenderListMarker at (-18,0) size 7x21: bullet
          RenderInline {A} at (0,0) size 226x21 [color=#0000EE]
            RenderText {#text} at (0,0) size 226x21
              text run at (0,0) width 226: "NEGATED :target pseudo-class"
          RenderText {#text} at (226,0) size 50x21
            text run at (226,0) width 50: " (#66b)"
        RenderListItem {LI} at (40,1533) size 728x21
          RenderListMarker at (-18,0) size 7x21: bullet
          RenderInline {A} at (0,0) size 227x21 [color=#0000EE]
            RenderText {#text} at (0,0) size 227x21
              text run at (0,0) width 227: "NEGATED :lang() pseudo-class"
          RenderText {#text} at (227,0) size 41x21
            text run at (227,0) width 41: " (#67)"
        RenderListItem {LI} at (40,1554) size 728x21
          RenderListMarker at (-18,0) size 7x21: bullet
          RenderInline {A} at (0,0) size 246x21 [color=#0000EE]
            RenderText {#text} at (0,0) size 246x21
              text run at (0,0) width 246: "NEGATED :checked pseudo-class"
          RenderText {#text} at (246,0) size 41x21
            text run at (246,0) width 41: " (#70)"
        RenderListItem {LI} at (40,1575) size 728x21
          RenderListMarker at (-18,0) size 7x21: bullet
          RenderInline {A} at (0,0) size 213x21 [color=#0000EE]
            RenderText {#text} at (0,0) size 213x21
              text run at (0,0) width 213: "NEGATED :root pseudo-class"
          RenderText {#text} at (213,0) size 41x21
            text run at (213,0) width 41: " (#72)"
        RenderListItem {LI} at (40,1596) size 728x21
          RenderListMarker at (-18,0) size 7x21: bullet
          RenderInline {A} at (0,0) size 213x21 [color=#0000EE]
            RenderText {#text} at (0,0) size 213x21
              text run at (0,0) width 213: "NEGATED :root pseudo-class"
          RenderText {#text} at (213,0) size 50x21
            text run at (213,0) width 50: " (#72b)"
        RenderListItem {LI} at (40,1617) size 728x21
          RenderListMarker at (-18,0) size 7x21: bullet
          RenderInline {A} at (0,0) size 257x21 [color=#0000EE]
            RenderText {#text} at (0,0) size 257x21
              text run at (0,0) width 257: "NEGATED :nth-child() pseudo-class"
          RenderText {#text} at (257,0) size 41x21
            text run at (257,0) width 41: " (#73)"
        RenderListItem {LI} at (40,1638) size 728x21
          RenderListMarker at (-18,0) size 7x21: bullet
          RenderInline {A} at (0,0) size 257x21 [color=#0000EE]
            RenderText {#text} at (0,0) size 257x21
              text run at (0,0) width 257: "NEGATED :nth-child() pseudo-class"
          RenderText {#text} at (257,0) size 50x21
            text run at (257,0) width 50: " (#73b)"
        RenderListItem {LI} at (40,1659) size 728x21
          RenderListMarker at (-18,0) size 7x21: bullet
          RenderInline {A} at (0,0) size 287x21 [color=#0000EE]
            RenderText {#text} at (0,0) size 287x21
              text run at (0,0) width 287: "NEGATED :nth-last-child() pseudo-class"
          RenderText {#text} at (287,0) size 41x21
            text run at (287,0) width 41: " (#74)"
        RenderListItem {LI} at (40,1680) size 728x21
          RenderListMarker at (-18,0) size 7x21: bullet
          RenderInline {A} at (0,0) size 287x21 [color=#0000EE]
            RenderText {#text} at (0,0) size 287x21
              text run at (0,0) width 287: "NEGATED :nth-last-child() pseudo-class"
          RenderText {#text} at (287,0) size 50x21
            text run at (287,0) width 50: " (#74b)"
        RenderListItem {LI} at (40,1701) size 728x21
          RenderListMarker at (-18,0) size 7x21: bullet
          RenderInline {A} at (0,0) size 271x21 [color=#0000EE]
            RenderText {#text} at (0,0) size 271x21
              text run at (0,0) width 271: "NEGATED :nth-of-type() pseudo-class"
          RenderText {#text} at (271,0) size 41x21
            text run at (271,0) width 41: " (#75)"
        RenderListItem {LI} at (40,1722) size 728x21
          RenderListMarker at (-18,0) size 7x21: bullet
          RenderInline {A} at (0,0) size 271x21 [color=#0000EE]
            RenderText {#text} at (0,0) size 271x21
              text run at (0,0) width 271: "NEGATED :nth-of-type() pseudo-class"
          RenderText {#text} at (271,0) size 50x21
            text run at (271,0) width 50: " (#75b)"
        RenderListItem {LI} at (40,1743) size 728x21
          RenderListMarker at (-18,0) size 7x21: bullet
          RenderInline {A} at (0,0) size 301x21 [color=#0000EE]
            RenderText {#text} at (0,0) size 301x21
              text run at (0,0) width 301: "NEGATED :nth-last-of-type() pseudo-class"
          RenderText {#text} at (301,0) size 41x21
            text run at (301,0) width 41: " (#76)"
        RenderListItem {LI} at (40,1764) size 728x21
          RenderListMarker at (-18,0) size 7x21: bullet
          RenderInline {A} at (0,0) size 301x21 [color=#0000EE]
            RenderText {#text} at (0,0) size 301x21
              text run at (0,0) width 301: "NEGATED :nth-last-of-type() pseudo-class"
          RenderText {#text} at (301,0) size 50x21
            text run at (301,0) width 50: " (#76b)"
        RenderListItem {LI} at (40,1785) size 728x21
          RenderListMarker at (-18,0) size 7x21: bullet
          RenderInline {A} at (0,0) size 250x21 [color=#0000EE]
            RenderText {#text} at (0,0) size 250x21
              text run at (0,0) width 250: "NEGATED :first-child pseudo-class"
          RenderText {#text} at (250,0) size 41x21
            text run at (250,0) width 41: " (#77)"
        RenderListItem {LI} at (40,1806) size 728x21
          RenderListMarker at (-18,0) size 7x21: bullet
          RenderInline {A} at (0,0) size 250x21 [color=#0000EE]
            RenderText {#text} at (0,0) size 250x21
              text run at (0,0) width 250: "NEGATED :first-child pseudo-class"
          RenderText {#text} at (250,0) size 50x21
            text run at (250,0) width 50: " (#77b)"
        RenderListItem {LI} at (40,1827) size 728x21
          RenderListMarker at (-18,0) size 7x21: bullet
          RenderInline {A} at (0,0) size 250x21 [color=#0000EE]
            RenderText {#text} at (0,0) size 250x21
              text run at (0,0) width 250: "NEGATED :last-child pseudo-class"
          RenderText {#text} at (250,0) size 41x21
            text run at (250,0) width 41: " (#78)"
        RenderListItem {LI} at (40,1848) size 728x21
          RenderListMarker at (-18,0) size 7x21: bullet
          RenderInline {A} at (0,0) size 250x21 [color=#0000EE]
            RenderText {#text} at (0,0) size 250x21
              text run at (0,0) width 250: "NEGATED :last-child pseudo-class"
          RenderText {#text} at (250,0) size 50x21
            text run at (250,0) width 50: " (#78b)"
        RenderListItem {LI} at (40,1869) size 728x21
          RenderListMarker at (-18,0) size 7x21: bullet
          RenderInline {A} at (0,0) size 264x21 [color=#0000EE]
            RenderText {#text} at (0,0) size 264x21
              text run at (0,0) width 264: "NEGATED :first-of-type pseudo-class"
          RenderText {#text} at (264,0) size 41x21
            text run at (264,0) width 41: " (#79)"
        RenderListItem {LI} at (40,1890) size 728x21
          RenderListMarker at (-18,0) size 7x21: bullet
          RenderInline {A} at (0,0) size 264x21 [color=#0000EE]
            RenderText {#text} at (0,0) size 264x21
              text run at (0,0) width 264: "NEGATED :last-of-type pseudo-class"
          RenderText {#text} at (264,0) size 41x21
            text run at (264,0) width 41: " (#80)"
        RenderListItem {LI} at (40,1911) size 728x21
          RenderListMarker at (-18,0) size 7x21: bullet
          RenderInline {A} at (0,0) size 255x21 [color=#0000EE]
            RenderText {#text} at (0,0) size 255x21
              text run at (0,0) width 255: "NEGATED :only-child pseudo-class"
          RenderText {#text} at (255,0) size 41x21
            text run at (255,0) width 41: " (#81)"
        RenderListItem {LI} at (40,1932) size 728x21
          RenderListMarker at (-18,0) size 7x21: bullet
          RenderInline {A} at (0,0) size 255x21 [color=#0000EE]
            RenderText {#text} at (0,0) size 255x21
              text run at (0,0) width 255: "NEGATED :only-child pseudo-class"
          RenderText {#text} at (255,0) size 50x21
            text run at (255,0) width 50: " (#81b)"
        RenderListItem {LI} at (40,1953) size 728x21
          RenderListMarker at (-18,0) size 7x21: bullet
          RenderInline {A} at (0,0) size 269x21 [color=#0000EE]
            RenderText {#text} at (0,0) size 269x21
              text run at (0,0) width 269: "NEGATED :only-of-type pseudo-class"
          RenderText {#text} at (269,0) size 41x21
            text run at (269,0) width 41: " (#82)"
        RenderListItem {LI} at (40,1974) size 728x21
          RenderListMarker at (-18,0) size 7x21: bullet
          RenderInline {A} at (0,0) size 269x21 [color=#0000EE]
            RenderText {#text} at (0,0) size 269x21
              text run at (0,0) width 269: "NEGATED :only-of-type pseudo-class"
          RenderText {#text} at (269,0) size 50x21
            text run at (269,0) width 50: " (#82b)"
        RenderListItem {LI} at (40,1995) size 728x21
          RenderListMarker at (-18,0) size 7x21: bullet
          RenderInline {A} at (0,0) size 385x21 [color=#0000EE]
            RenderText {#text} at (0,0) size 385x21
              text run at (0,0) width 385: "Negation pseudo-class cannot be an argument of itself"
          RenderText {#text} at (385,0) size 41x21
            text run at (385,0) width 41: " (#83)"
        RenderListItem {LI} at (40,2016) size 728x21
          RenderListMarker at (-18,0) size 7x21: bullet
          RenderInline {A} at (0,0) size 173x21 [color=#0000EE]
            RenderText {#text} at (0,0) size 173x21
              text run at (0,0) width 173: ":contains() pseudo-class"
          RenderText {#text} at (173,0) size 41x21
            text run at (173,0) width 41: " (#84)"
        RenderListItem {LI} at (40,2037) size 728x21
          RenderListMarker at (-18,0) size 7x21: bullet
          RenderInline {A} at (0,0) size 173x21 [color=#0000EE]
            RenderText {#text} at (0,0) size 173x21
              text run at (0,0) width 173: ":contains() pseudo-class"
          RenderText {#text} at (173,0) size 50x21
            text run at (173,0) width 50: " (#84b)"
        RenderListItem {LI} at (40,2058) size 728x21
          RenderListMarker at (-18,0) size 7x21: bullet
          RenderInline {A} at (0,0) size 256x21 [color=#0000EE]
            RenderText {#text} at (0,0) size 256x21
              text run at (0,0) width 256: "NEGATED :contains() pseudo-class"
          RenderText {#text} at (256,0) size 41x21
            text run at (256,0) width 41: " (#85)"
        RenderListItem {LI} at (40,2079) size 728x21
          RenderListMarker at (-18,0) size 7x21: bullet
          RenderInline {A} at (0,0) size 492x21 [color=#0000EE]
            RenderText {#text} at (0,0) size 492x21
              text run at (0,0) width 492: "Nondeterministic matching of direct and indirect adjacent combinators"
          RenderText {#text} at (492,0) size 41x21
            text run at (492,0) width 41: " (#87)"
        RenderListItem {LI} at (40,2100) size 728x21
          RenderListMarker at (-18,0) size 7x21: bullet
          RenderInline {A} at (0,0) size 492x21 [color=#0000EE]
            RenderText {#text} at (0,0) size 492x21
              text run at (0,0) width 492: "Nondeterministic matching of direct and indirect adjacent combinators"
          RenderText {#text} at (492,0) size 50x21
            text run at (492,0) width 50: " (#87b)"
        RenderListItem {LI} at (40,2121) size 728x21
          RenderListMarker at (-18,0) size 7x21: bullet
          RenderInline {A} at (0,0) size 523x21 [color=#0000EE]
            RenderText {#text} at (0,0) size 523x21
              text run at (0,0) width 523: "Nondeterministic matching of descendant and direct adjacent combinators"
          RenderText {#text} at (523,0) size 41x21
            text run at (523,0) width 41: " (#88)"
        RenderListItem {LI} at (40,2142) size 728x21
          RenderListMarker at (-18,0) size 7x21: bullet
          RenderInline {A} at (0,0) size 523x21 [color=#0000EE]
            RenderText {#text} at (0,0) size 523x21
              text run at (0,0) width 523: "Nondeterministic matching of descendant and direct adjacent combinators"
          RenderText {#text} at (523,0) size 50x21
            text run at (523,0) width 50: " (#88b)"
        RenderListItem {LI} at (40,2163) size 728x21
          RenderListMarker at (-18,0) size 7x21: bullet
          RenderInline {A} at (0,0) size 405x21 [color=#0000EE]
            RenderText {#text} at (0,0) size 405x21
              text run at (0,0) width 405: "Simple combination of descendant and child combinators"
          RenderText {#text} at (405,0) size 41x21
            text run at (405,0) width 41: " (#89)"
        RenderListItem {LI} at (40,2184) size 728x21
          RenderListMarker at (-18,0) size 7x21: bullet
          RenderInline {A} at (0,0) size 444x21 [color=#0000EE]
            RenderText {#text} at (0,0) size 444x21
              text run at (0,0) width 444: "Simple combination of direct and indirect adjacent combinators"
          RenderText {#text} at (444,0) size 41x21
            text run at (444,0) width 41: " (#90)"
        RenderListItem {LI} at (40,2205) size 728x21
          RenderListMarker at (-18,0) size 7x21: bullet
          RenderInline {A} at (0,0) size 444x21 [color=#0000EE]
            RenderText {#text} at (0,0) size 444x21
              text run at (0,0) width 444: "Simple combination of direct and indirect adjacent combinators"
          RenderText {#text} at (444,0) size 50x21
            text run at (444,0) width 50: " (#90b)"
        RenderListItem {LI} at (40,2226) size 728x21
          RenderListMarker at (-18,0) size 7x21: bullet
          RenderInline {A} at (0,0) size 326x21 [color=#0000EE]
            RenderText {#text} at (0,0) size 326x21
              text run at (0,0) width 326: "NEGATED :enabled:disabled pseudo-classes"
          RenderText {#text} at (326,0) size 50x21
            text run at (326,0) width 50: " (#144)"
        RenderListItem {LI} at (40,2247) size 728x21
          RenderListMarker at (-18,0) size 7x21: bullet
          RenderInline {A} at (0,0) size 206x21 [color=#0000EE]
            RenderText {#text} at (0,0) size 206x21
              text run at (0,0) width 206: ":empty pseudo-class and text"
          RenderText {#text} at (206,0) size 50x21
            text run at (206,0) width 50: " (#148)"
        RenderListItem {LI} at (40,2268) size 728x21
          RenderListMarker at (-18,0) size 7x21: bullet
          RenderInline {A} at (0,0) size 293x21 [color=#0000EE]
            RenderText {#text} at (0,0) size 293x21
              text run at (0,0) width 293: ":empty pseudo-class and empty elements"
          RenderText {#text} at (293,0) size 50x21
            text run at (293,0) width 50: " (#149)"
        RenderListItem {LI} at (40,2289) size 728x21
          RenderListMarker at (-18,0) size 7x21: bullet
          RenderInline {A} at (0,0) size 293x21 [color=#0000EE]
            RenderText {#text} at (0,0) size 293x21
              text run at (0,0) width 293: ":empty pseudo-class and empty elements"
          RenderText {#text} at (293,0) size 59x21
            text run at (293,0) width 59: " (#149b)"
        RenderListItem {LI} at (40,2310) size 728x21
          RenderListMarker at (-18,0) size 7x21: bullet
          RenderInline {A} at (0,0) size 262x21 [color=#0000EE]
            RenderText {#text} at (0,0) size 262x21
              text run at (0,0) width 262: ":empty pseudo-class and whitespace"
          RenderText {#text} at (262,0) size 50x21
            text run at (262,0) width 50: " (#151)"
        RenderListItem {LI} at (40,2331) size 728x21
          RenderListMarker at (-18,0) size 7x21: bullet
          RenderInline {A} at (0,0) size 246x21 [color=#0000EE]
            RenderText {#text} at (0,0) size 246x21
              text run at (0,0) width 246: ":empty pseudo-class and elements"
          RenderText {#text} at (246,0) size 50x21
            text run at (246,0) width 50: " (#152)"
        RenderListItem {LI} at (40,2352) size 728x21
          RenderListMarker at (-18,0) size 7x21: bullet
          RenderInline {A} at (0,0) size 137x21 [color=#0000EE]
            RenderText {#text} at (0,0) size 137x21
              text run at (0,0) width 137: "Syntax and parsing"
          RenderText {#text} at (137,0) size 50x21
            text run at (137,0) width 50: " (#154)"
        RenderListItem {LI} at (40,2373) size 728x21
          RenderListMarker at (-18,0) size 7x21: bullet
          RenderInline {A} at (0,0) size 137x21 [color=#0000EE]
            RenderText {#text} at (0,0) size 137x21
              text run at (0,0) width 137: "Syntax and parsing"
          RenderText {#text} at (137,0) size 50x21
            text run at (137,0) width 50: " (#155)"
        RenderListItem {LI} at (40,2394) size 728x21
          RenderListMarker at (-18,0) size 7x21: bullet
          RenderInline {A} at (0,0) size 137x21 [color=#0000EE]
            RenderText {#text} at (0,0) size 137x21
              text run at (0,0) width 137: "Syntax and parsing"
          RenderText {#text} at (137,0) size 59x21
            text run at (137,0) width 59: " (#155a)"
        RenderListItem {LI} at (40,2415) size 728x21
          RenderListMarker at (-18,0) size 7x21: bullet
          RenderInline {A} at (0,0) size 137x21 [color=#0000EE]
            RenderText {#text} at (0,0) size 137x21
              text run at (0,0) width 137: "Syntax and parsing"
          RenderText {#text} at (137,0) size 59x21
            text run at (137,0) width 59: " (#155b)"
        RenderListItem {LI} at (40,2436) size 728x21
          RenderListMarker at (-18,0) size 7x21: bullet
          RenderInline {A} at (0,0) size 137x21 [color=#0000EE]
            RenderText {#text} at (0,0) size 137x21
              text run at (0,0) width 137: "Syntax and parsing"
          RenderText {#text} at (137,0) size 58x21
            text run at (137,0) width 58: " (#155c)"
        RenderListItem {LI} at (40,2457) size 728x21
          RenderListMarker at (-18,0) size 7x21: bullet
          RenderInline {A} at (0,0) size 137x21 [color=#0000EE]
            RenderText {#text} at (0,0) size 137x21
              text run at (0,0) width 137: "Syntax and parsing"
          RenderText {#text} at (137,0) size 59x21
            text run at (137,0) width 59: " (#155d)"
        RenderListItem {LI} at (40,2478) size 728x21
          RenderListMarker at (-18,0) size 7x21: bullet
          RenderInline {A} at (0,0) size 137x21 [color=#0000EE]
            RenderText {#text} at (0,0) size 137x21
              text run at (0,0) width 137: "Syntax and parsing"
          RenderText {#text} at (137,0) size 50x21
            text run at (137,0) width 50: " (#156)"
        RenderListItem {LI} at (40,2499) size 728x21
          RenderListMarker at (-18,0) size 7x21: bullet
          RenderInline {A} at (0,0) size 137x21 [color=#0000EE]
            RenderText {#text} at (0,0) size 137x21
              text run at (0,0) width 137: "Syntax and parsing"
          RenderText {#text} at (137,0) size 59x21
            text run at (137,0) width 59: " (#156b)"
        RenderListItem {LI} at (40,2520) size 728x21
          RenderListMarker at (-18,0) size 7x21: bullet
          RenderInline {A} at (0,0) size 137x21 [color=#0000EE]
            RenderText {#text} at (0,0) size 137x21
              text run at (0,0) width 137: "Syntax and parsing"
          RenderText {#text} at (137,0) size 58x21
            text run at (137,0) width 58: " (#156c)"
        RenderListItem {LI} at (40,2541) size 728x21
          RenderListMarker at (-18,0) size 7x21: bullet
          RenderInline {A} at (0,0) size 137x21 [color=#0000EE]
            RenderText {#text} at (0,0) size 137x21
              text run at (0,0) width 137: "Syntax and parsing"
          RenderText {#text} at (137,0) size 50x21
            text run at (137,0) width 50: " (#157)"
        RenderListItem {LI} at (40,2562) size 728x21
          RenderListMarker at (-18,0) size 7x21: bullet
          RenderInline {A} at (0,0) size 137x21 [color=#0000EE]
            RenderText {#text} at (0,0) size 137x21
              text run at (0,0) width 137: "Syntax and parsing"
          RenderText {#text} at (137,0) size 50x21
            text run at (137,0) width 50: " (#158)"
        RenderListItem {LI} at (40,2583) size 728x21
          RenderListMarker at (-18,0) size 7x21: bullet
          RenderInline {A} at (0,0) size 315x21 [color=#0000EE]
            RenderText {#text} at (0,0) size 315x21
              text run at (0,0) width 315: "Syntax and parsing of new pseudo-elements"
          RenderText {#text} at (315,0) size 50x21
            text run at (315,0) width 50: " (#159)"
        RenderListItem {LI} at (40,2604) size 728x21
          RenderListMarker at (-18,0) size 7x21: bullet
          RenderInline {A} at (0,0) size 339x21 [color=#0000EE]
            RenderText {#text} at (0,0) size 339x21
              text run at (0,0) width 339: "Syntax and parsing of unknown psuedo-classes"
          RenderText {#text} at (339,0) size 50x21
            text run at (339,0) width 50: " (#160)"
        RenderListItem {LI} at (40,2625) size 728x21
          RenderListMarker at (-18,0) size 7x21: bullet
          RenderInline {A} at (0,0) size 497x21 [color=#0000EE]
            RenderText {#text} at (0,0) size 497x21
              text run at (0,0) width 497: "Syntax and parsing of unknown psuedo-classes and pseudo-elements"
          RenderText {#text} at (497,0) size 50x21
            text run at (497,0) width 50: " (#161)"
        RenderListItem {LI} at (40,2646) size 728x21
          RenderListMarker at (-18,0) size 7x21: bullet
          RenderInline {A} at (0,0) size 153x21 [color=#0000EE]
            RenderText {#text} at (0,0) size 153x21
              text run at (0,0) width 153: "Contextual ::selection"
          RenderText {#text} at (153,0) size 50x21
            text run at (153,0) width 50: " (#162)"
        RenderListItem {LI} at (40,2667) size 728x21
          RenderListMarker at (-18,0) size 7x21: bullet
          RenderInline {A} at (0,0) size 145x21 [color=#0000EE]
            RenderText {#text} at (0,0) size 145x21
              text run at (0,0) width 145: "Contextual :contains"
          RenderText {#text} at (145,0) size 50x21
            text run at (145,0) width 50: " (#163)"
        RenderListItem {LI} at (40,2688) size 728x21
          RenderListMarker at (-18,0) size 7x21: bullet
          RenderInline {A} at (0,0) size 151x21 [color=#0000EE]
            RenderText {#text} at (0,0) size 151x21
              text run at (0,0) width 151: ":focus with ::selection"
          RenderText {#text} at (151,0) size 50x21
            text run at (151,0) width 50: " (#164)"
        RenderListItem {LI} at (40,2709) size 728x21
          RenderListMarker at (-18,0) size 7x21: bullet
          RenderInline {A} at (0,0) size 153x21 [color=#0000EE]
            RenderText {#text} at (0,0) size 153x21
              text run at (0,0) width 153: ":hover with ::selection"
          RenderText {#text} at (153,0) size 50x21
            text run at (153,0) width 50: " (#165)"
        RenderListItem {LI} at (40,2730) size 728x21
          RenderListMarker at (-18,0) size 7x21: bullet
          RenderInline {A} at (0,0) size 179x21 [color=#0000EE]
            RenderText {#text} at (0,0) size 179x21
              text run at (0,0) width 179: ":first-letter with ::first-letter"
          RenderText {#text} at (179,0) size 50x21
            text run at (179,0) width 50: " (#166)"
        RenderListItem {LI} at (40,2751) size 728x21
          RenderListMarker at (-18,0) size 7x21: bullet
          RenderInline {A} at (0,0) size 179x21 [color=#0000EE]
            RenderText {#text} at (0,0) size 179x21
              text run at (0,0) width 179: ":first-letter with ::first-letter"
          RenderText {#text} at (179,0) size 59x21
            text run at (179,0) width 59: " (#166a)"
        RenderListItem {LI} at (40,2772) size 728x21
          RenderListMarker at (-18,0) size 7x21: bullet
          RenderInline {A} at (0,0) size 161x21 [color=#0000EE]
            RenderText {#text} at (0,0) size 161x21
              text run at (0,0) width 161: ":first-line with ::first-line"
          RenderText {#text} at (161,0) size 50x21
            text run at (161,0) width 50: " (#167)"
        RenderListItem {LI} at (40,2793) size 728x21
          RenderListMarker at (-18,0) size 7x21: bullet
          RenderInline {A} at (0,0) size 161x21 [color=#0000EE]
            RenderText {#text} at (0,0) size 161x21
              text run at (0,0) width 161: ":first-line with ::first-line"
          RenderText {#text} at (161,0) size 59x21
            text run at (161,0) width 59: " (#167a)"
        RenderListItem {LI} at (40,2814) size 728x21
          RenderListMarker at (-18,0) size 7x21: bullet
          RenderInline {A} at (0,0) size 139x21 [color=#0000EE]
            RenderText {#text} at (0,0) size 139x21
              text run at (0,0) width 139: ":before with ::before"
          RenderText {#text} at (139,0) size 50x21
            text run at (139,0) width 50: " (#168)"
        RenderListItem {LI} at (40,2835) size 728x21
          RenderListMarker at (-18,0) size 7x21: bullet
          RenderInline {A} at (0,0) size 139x21 [color=#0000EE]
            RenderText {#text} at (0,0) size 139x21
              text run at (0,0) width 139: ":before with ::before"
          RenderText {#text} at (139,0) size 59x21
            text run at (139,0) width 59: " (#168a)"
        RenderListItem {LI} at (40,2856) size 728x21
          RenderListMarker at (-18,0) size 7x21: bullet
          RenderInline {A} at (0,0) size 111x21 [color=#0000EE]
            RenderText {#text} at (0,0) size 111x21
              text run at (0,0) width 111: ":after with ::after"
          RenderText {#text} at (111,0) size 50x21
            text run at (111,0) width 50: " (#169)"
        RenderListItem {LI} at (40,2877) size 728x21
          RenderListMarker at (-18,0) size 7x21: bullet
          RenderInline {A} at (0,0) size 111x21 [color=#0000EE]
            RenderText {#text} at (0,0) size 111x21
              text run at (0,0) width 111: ":after with ::after"
          RenderText {#text} at (111,0) size 59x21
            text run at (111,0) width 59: " (#169a)"
        RenderListItem {LI} at (40,2898) size 728x21
          RenderListMarker at (-18,0) size 7x21: bullet
          RenderInline {A} at (0,0) size 172x21 [color=#0000EE]
            RenderText {#text} at (0,0) size 172x21
              text run at (0,0) width 172: "Long chains of selectors"
          RenderText {#text} at (172,0) size 50x21
            text run at (172,0) width 50: " (#170)"
        RenderListItem {LI} at (40,2919) size 728x21
          RenderListMarker at (-18,0) size 7x21: bullet
          RenderInline {A} at (0,0) size 172x21 [color=#0000EE]
            RenderText {#text} at (0,0) size 172x21
              text run at (0,0) width 172: "Long chains of selectors"
          RenderText {#text} at (172,0) size 59x21
            text run at (172,0) width 59: " (#170a)"
        RenderListItem {LI} at (40,2940) size 728x21
          RenderListMarker at (-18,0) size 7x21: bullet
          RenderInline {A} at (0,0) size 172x21 [color=#0000EE]
            RenderText {#text} at (0,0) size 172x21
              text run at (0,0) width 172: "Long chains of selectors"
          RenderText {#text} at (172,0) size 59x21
            text run at (172,0) width 59: " (#170b)"
        RenderListItem {LI} at (40,2961) size 728x21
          RenderListMarker at (-18,0) size 7x21: bullet
          RenderInline {A} at (0,0) size 172x21 [color=#0000EE]
            RenderText {#text} at (0,0) size 172x21
              text run at (0,0) width 172: "Long chains of selectors"
          RenderText {#text} at (172,0) size 58x21
            text run at (172,0) width 58: " (#170c)"
        RenderListItem {LI} at (40,2982) size 728x21
          RenderListMarker at (-18,0) size 7x21: bullet
          RenderInline {A} at (0,0) size 172x21 [color=#0000EE]
            RenderText {#text} at (0,0) size 172x21
              text run at (0,0) width 172: "Long chains of selectors"
          RenderText {#text} at (172,0) size 59x21
            text run at (172,0) width 59: " (#170d)"
        RenderListItem {LI} at (40,3003) size 728x21
          RenderListMarker at (-18,0) size 7x21: bullet
          RenderInline {A} at (0,0) size 203x21 [color=#0000EE]
            RenderText {#text} at (0,0) size 203x21
              text run at (0,0) width 203: "Parsing: Numbers in classes"
          RenderText {#text} at (203,0) size 59x21
            text run at (203,0) width 59: " (#175a)"
        RenderListItem {LI} at (40,3024) size 728x21
          RenderListMarker at (-18,0) size 7x21: bullet
          RenderInline {A} at (0,0) size 203x21 [color=#0000EE]
            RenderText {#text} at (0,0) size 203x21
              text run at (0,0) width 203: "Parsing: Numbers in classes"
          RenderText {#text} at (203,0) size 59x21
            text run at (203,0) width 59: " (#175b)"
        RenderListItem {LI} at (40,3045) size 728x21
          RenderListMarker at (-18,0) size 7x21: bullet
          RenderInline {A} at (0,0) size 203x21 [color=#0000EE]
            RenderText {#text} at (0,0) size 203x21
              text run at (0,0) width 203: "Parsing: Numbers in classes"
          RenderText {#text} at (203,0) size 58x21
            text run at (203,0) width 58: " (#175c)"
        RenderListItem {LI} at (40,3066) size 728x21
          RenderListMarker at (-18,0) size 7x21: bullet
          RenderInline {A} at (0,0) size 280x21 [color=#0000EE]
            RenderText {#text} at (0,0) size 280x21
              text run at (0,0) width 280: "NEGATED Dynamic handling of :empty"
          RenderText {#text} at (280,0) size 41x21
            text run at (280,0) width 41: " (#d1)"
        RenderListItem {LI} at (40,3087) size 728x21
          RenderListMarker at (-18,0) size 7x21: bullet
          RenderInline {A} at (0,0) size 280x21 [color=#0000EE]
            RenderText {#text} at (0,0) size 280x21
              text run at (0,0) width 280: "NEGATED Dynamic handling of :empty"
          RenderText {#text} at (280,0) size 50x21
            text run at (280,0) width 50: " (#d1b)"
        RenderListItem {LI} at (40,3108) size 728x21
          RenderListMarker at (-18,0) size 7x21: bullet
          RenderInline {A} at (0,0) size 237x21 [color=#0000EE]
            RenderText {#text} at (0,0) size 237x21
              text run at (0,0) width 237: "Dynamic handling of combinators"
          RenderText {#text} at (237,0) size 41x21
            text run at (237,0) width 41: " (#d2)"
        RenderListItem {LI} at (40,3129) size 728x21
          RenderListMarker at (-18,0) size 7x21: bullet
          RenderInline {A} at (0,0) size 321x21 [color=#0000EE]
            RenderText {#text} at (0,0) size 321x21
              text run at (0,0) width 321: "Dynamic updating of :first-child and :last-child"
          RenderText {#text} at (321,0) size 41x21
            text run at (321,0) width 41: " (#d4)"
        RenderListItem {LI} at (40,3150) size 728x21
          RenderListMarker at (-18,0) size 7x21: bullet
          RenderInline {A} at (0,0) size 101x21 [color=#0000EE]
            RenderText {#text} at (0,0) size 101x21
              text run at (0,0) width 101: ":indeterminate"
          RenderText {#text} at (101,0) size 41x21
            text run at (101,0) width 41: " (#d5)"
        RenderListItem {LI} at (40,3171) size 728x21
          RenderListMarker at (-18,0) size 7x21: bullet
          RenderInline {A} at (0,0) size 200x21 [color=#0000EE]
            RenderText {#text} at (0,0) size 200x21
              text run at (0,0) width 200: ":indeterminate and :checked"
          RenderText {#text} at (200,0) size 50x21
            text run at (200,0) width 50: " (#d5a)"
        RenderListItem {LI} at (40,3192) size 728x21
          RenderListMarker at (-18,0) size 7x21: bullet
          RenderInline {A} at (0,0) size 283x21 [color=#0000EE]
            RenderText {#text} at (0,0) size 283x21
              text run at (0,0) width 283: "NEGATED :indeterminate and :checked"
          RenderText {#text} at (283,0) size 50x21
            text run at (283,0) width 50: " (#d5b)"
        RenderListItem {LI} at (40,3213) size 728x21
          RenderListMarker at (-18,0) size 7x21: bullet
          RenderInline {A} at (0,0) size 200x21 [color=#0000EE]
            RenderText {#text} at (0,0) size 200x21
              text run at (0,0) width 200: ":indeterminate and :checked"
          RenderText {#text} at (200,0) size 49x21
            text run at (200,0) width 49: " (#d5c)"
        RenderListItem {LI} at (40,3234) size 728x21
          RenderListMarker at (-18,0) size 7x21: bullet
          RenderInline {A} at (0,0) size 202x21 [color=#0000EE]
            RenderText {#text} at (0,0) size 202x21
              text run at (0,0) width 202: ":indeterminate with :checked"
          RenderText {#text} at (202,0) size 50x21
            text run at (202,0) width 50: " (#d5d)"
        RenderListItem {LI} at (40,3255) size 728x21
          RenderListMarker at (-18,0) size 7x21: bullet
          RenderInline {A} at (0,0) size 285x21 [color=#0000EE]
            RenderText {#text} at (0,0) size 285x21
              text run at (0,0) width 285: "NEGATED :indeterminate with :checked"
          RenderText {#text} at (285,0) size 50x21
            text run at (285,0) width 50: " (#d5e)"
      RenderBlock {P} at (0,3805) size 768x21
        RenderText {#text} at (0,0) size 71x21
          text run at (0,0) width 71: "See also: "
        RenderInline {A} at (0,0) size 39x21 [color=#0000EE]
          RenderText {#text} at (71,0) size 39x21
            text run at (71,0) width 39: "Index"
        RenderText {#text} at (110,0) size 8x21
          text run at (110,0) width 8: ", "
        RenderInline {A} at (0,0) size 55x21 [color=#0000EE]
          RenderText {#text} at (118,0) size 55x21
            text run at (118,0) width 55: "XHTML"
        RenderText {#text} at (173,0) size 8x21
          text run at (173,0) width 8: ", "
        RenderInline {A} at (0,0) size 33x21 [color=#0000EE]
          RenderText {#text} at (181,0) size 33x21
            text run at (181,0) width 33: "XML"
