layer at (0,0) size 800x600
  RenderView at (0,0) size 800x600
layer at (0,0) size 800x90
  RenderBlock {HTML} at (0,0) size 800x90
    RenderBody {BODY} at (8,16) size 784x58
      RenderBlock {DIV} at (0,0) size 784x58
        RenderBlock {P} at (0,0) size 784x21 [bgcolor=#008000]
          RenderText {#text} at (0,0) size 302x21
            text run at (0,0) width 302: "This line should have a green background."
        RenderBlock {P} at (0,37) size 784x21
          RenderText {#text} at (0,0) size 340x21
            text run at (0,0) width 340: "This line should NOT have a green background."
