layer at (0,0) size 800x600
  RenderView at (0,0) size 800x600
layer at (0,0) size 800x600
  RenderBlock {HTML} at (0,0) size 800x600
    RenderBody {BODY} at (8,8) size 784x576
      RenderBlock {P} at (0,0) size 784x21
        RenderInline (generated) at (0,0) size 62x21
          RenderInline (generated) at (0,0) size 11x21 [color=#FFD800]
            RenderText at (0,0) size 11x21
              text run at (0,0) width 11: "S"
          RenderText at (11,0) size 51x21
            text run at (11,0) width 51: "pecial: "
        RenderText {#text} at (62,0) size 647x21
          text run at (62,0) width 240: "The \"S\" to the left should be gold. "
          text run at (302,0) width 407: "This is testing :before used in conjunction with :first-letter. "
        RenderInline (generated) at (0,0) size 69x21
          RenderText at (709,0) size 69x21
            text run at (709,0) width 69: "[The End]"
