layer at (0,0) size 800x600
  RenderView at (0,0) size 800x600
layer at (0,0) size 800x53
  RenderBlock {HTML} at (0,0) size 800x53
    RenderBody {BODY} at (8,16) size 784x21 [color=#FF0000]
      RenderBlock {P} at (0,0) size 784x21 [color=#008000]
        RenderInline (generated) at (0,0) size 183x21
          RenderText at (0,0) size 183x21
            text run at (0,0) width 183: "This text should be green."
