layer at (0,0) size 800x600
  RenderView at (0,0) size 800x600
layer at (0,0) size 800x600
  RenderBlock {HTML} at (0,0) size 800x600
    RenderBody {BODY} at (8,8) size 784x584
      RenderBlock {P} at (0,0) size 784x21
        RenderText {#text} at (0,0) size 69x21
          text run at (0,0) width 69: "All of this "
        RenderInline {SPAN} at (0,0) size 99x21
          RenderText {#text} at (69,0) size 99x21
            text run at (69,0) width 99: "text should be"
        RenderText {#text} at (168,0) size 49x21
          text run at (168,0) width 49: " green."
      RenderBlock {UL} at (0,37) size 784x21
        RenderListItem {LI} at (40,0) size 744x21
          RenderListMarker at (-18,0) size 7x21: bullet
          RenderText {#text} at (0,0) size 412x21
            text run at (0,0) width 412: "All of this text should be green. The bullet should be black."
      RenderBlock {DIV} at (0,74) size 784x60 [color=#FF0000]
        RenderInline {SPAN} at (0,0) size 459x21 [color=#008000]
          RenderInline (generated) at (0,0) size 32x60
            RenderText {#text} at (0,0) size 32x60
              text run at (0,0) width 32: "A"
          RenderText {#text} at (32,30) size 427x21
            text run at (32,30) width 427: "ll of this text should be green, including the big \"A\" first-letter."
      RenderBlock {P} at (0,150) size 784x0
      RenderBlock {DIV} at (0,150) size 784x21
        RenderBlock {DIV} at (0,0) size 183x21 [color=#FF0000]
          RenderText {#text} at (0,0) size 183x21
            text run at (0,0) width 183: "This text should be green."
