layer at (0,0) size 800x600
  RenderView at (0,0) size 800x600
layer at (0,0) size 800x600
  RenderBlock {HTML} at (0,0) size 800x600
    RenderBody {BODY} at (8,8) size 784x584
      RenderBlock {H1} at (0,0) size 784x42
        RenderInline (generated) at (0,0) size 221x42
          RenderText at (0,0) size 221x42
            text run at (0,0) width 221: "First Chapter: "
        RenderText {#text} at (221,0) size 109x42
          text run at (221,0) width 109: "TEST 1"
      RenderBlock (anonymous) at (0,63) size 784x21
        RenderText {#text} at (0,0) size 262x21
          text run at (0,0) width 262: "Should read: \"First Chapter: TEST 1\""
      RenderBlock {H2} at (0,103) size 784x32
        RenderInline (generated) at (0,0) size 105x32
          RenderText at (0,0) size 105x32
            text run at (0,0) width 105: "Chapter: "
        RenderText {#text} at (105,0) size 82x32
          text run at (105,0) width 82: "TEST 2"
      RenderBlock (anonymous) at (0,154) size 784x21
        RenderText {#text} at (0,0) size 227x21
          text run at (0,0) width 227: "Should read: \"Chapter: TEST 2\""
      RenderBlock {H3} at (0,193) size 784x25
        RenderInline (generated) at (0,0) size 127x25
          RenderText at (0,0) size 127x25
            text run at (0,0) width 127: "Chapter One: "
        RenderText {#text} at (127,0) size 66x25
          text run at (127,0) width 66: "TEST 3"
      RenderBlock (anonymous) at (0,236) size 784x21
        RenderText {#text} at (0,0) size 261x21
          text run at (0,0) width 261: "Should read: \"Chapter One: TEST 3\""
      RenderBlock {H4} at (0,278) size 784x21
        RenderInline (generated) at (0,0) size 70x21
          RenderText at (0,0) size 70x21
            text run at (0,0) width 70: "Chapter: "
        RenderText {#text} at (70,0) size 55x21
          text run at (70,0) width 55: "TEST 4"
      RenderBlock (anonymous) at (0,320) size 784x21
        RenderText {#text} at (0,0) size 227x21
          text run at (0,0) width 227: "Should read: \"Chapter: TEST 4\""
