layer at (0,0) size 784x1027
  RenderView at (0,0) size 784x600
layer at (0,0) size 784x1027
  RenderBlock {HTML} at (0,0) size 784x1027
    RenderBody {BODY} at (8,21) size 768x981
      RenderBlock {H1} at (0,0) size 768x126
        RenderText {#text} at (0,0) size 754x126
          text run at (0,0) width 708: "Problem: Safari improperly handles generated"
          text run at (0,42) width 754: "content in certain cases when used with multiple"
          text run at (0,84) width 192: "class names"
      RenderBlock {P} at (0,147) size 768x42
        RenderInline {EM} at (0,0) size 725x42
          RenderText {#text} at (0,0) size 725x42
            text run at (0,0) width 725: "When referencing an element by two class names simultaneously, Safari won't generate content (using"
            text run at (0,21) width 248: ":before or :after) within the element."
      RenderBlock {P} at (0,205) size 768x42
        RenderText {#text} at (0,0) size 139x21
          text run at (0,0) width 139: "Assume we have a "
        RenderInline {CODE} at (0,0) size 19x17
          RenderText {#text} at (139,3) size 19x17
            text run at (139,3) width 19: "div"
        RenderText {#text} at (158,0) size 163x21
          text run at (158,0) width 163: " with two class names: "
        RenderInline {CODE} at (0,0) size 23x17
          RenderText {#text} at (321,3) size 23x17
            text run at (321,3) width 23: "box"
        RenderText {#text} at (344,0) size 35x21
          text run at (344,0) width 35: " and "
        RenderInline {CODE} at (0,0) size 23x17
          RenderText {#text} at (379,3) size 23x17
            text run at (379,3) width 23: "one"
        RenderText {#text} at (402,0) size 87x21
          text run at (402,0) width 87: ". Within that "
        RenderInline {CODE} at (0,0) size 19x17
          RenderText {#text} at (489,3) size 19x17
            text run at (489,3) width 19: "div"
        RenderText {#text} at (508,0) size 85x21
          text run at (508,0) width 85: ", we have a "
        RenderInline {CODE} at (0,0) size 8x17
          RenderText {#text} at (593,3) size 8x17
            text run at (593,3) width 8: "p"
        RenderText {#text} at (601,0) size 753x42
          text run at (601,0) width 152: " (paragraph) tag, after"
          text run at (0,21) width 598: "which we'd like to insert generated content. One way to do so would be the following:"
      RenderBlock {PRE} at (20,263) size 748x17 [color=#FF0000]
        RenderInline {CODE} at (0,0) size 340x17
          RenderText {#text} at (0,0) size 340x17
            text run at (0,0) width 340: "div.box.one p:after{ content:'generated content here!'; }"
      RenderBlock {P} at (0,296) size 768x42
        RenderText {#text} at (0,0) size 737x42
          text run at (0,0) width 737: "But that doesn't work in Safari. However, if you drop one of the class names, as shown below, it works as"
          text run at (0,21) width 69: "expected:"
      RenderBlock {PRE} at (20,354) size 748x17 [color=#008000]
        RenderInline {CODE} at (0,0) size 313x17
          RenderText {#text} at (0,0) size 313x17
            text run at (0,0) width 313: "div.box p:after{ content:'generated content here!'; }"
      RenderBlock {P} at (0,387) size 768x42
        RenderText {#text} at (0,0) size 322x21
          text run at (0,0) width 322: "Note also that the bug only applies to content "
        RenderInline {EM} at (0,0) size 42x21
          RenderText {#text} at (322,0) size 42x21
            text run at (322,0) width 42: "within"
        RenderText {#text} at (364,0) size 306x21
          text run at (364,0) width 306: " the classed element \x{2014} generating content "
        RenderInline {EM} at (0,0) size 768x42
          RenderText {#text} at (670,0) size 768x42
            text run at (670,0) width 98: "before or after"
            text run at (0,21) width 120: "the element itself"
        RenderText {#text} at (120,21) size 80x21
          text run at (120,21) width 80: " works fine:"
      RenderBlock {PRE} at (20,445) size 748x17 [color=#008000]
        RenderInline {CODE} at (0,0) size 328x17
          RenderText {#text} at (0,0) size 328x17
            text run at (0,0) width 328: "div.box.one:after{ content:'generated content here!'; }"
      RenderBlock {HR} at (0,475) size 768x2 [border: (1px inset #000000)]
      RenderBlock {H2} at (0,496) size 768x32
        RenderText {#text} at (0,0) size 522x32
          text run at (0,0) width 522: "Example (view source to see CSS and HTML):"
      RenderBlock {P} at (0,547) size 768x21
        RenderText {#text} at (0,0) size 376x21
          text run at (0,0) width 376: "Both boxes below should contain generated content ("
        RenderInline {SPAN} at (0,0) size 58x21 [color=#008000]
          RenderText {#text} at (376,0) size 58x21
            text run at (376,0) width 58: "in green"
        RenderText {#text} at (434,0) size 9x21
          text run at (434,0) width 9: "):"
      RenderBlock {DIV} at (0,593) size 768x192 [border: (1px solid #000000)]
        RenderBlock {H3} at (26,44) size 716x25
          RenderText {#text} at (0,0) size 53x25
            text run at (0,0) width 53: "Box 1"
        RenderBlock {P} at (26,87) size 716x63
          RenderBlock (anonymous) at (0,0) size 716x42
            RenderText {#text} at (0,0) size 664x42
              text run at (0,0) width 664: "This box should contain the text \"generated content\" in CSS2-compliant browsers (but won't in"
              text run at (0,21) width 51: "Safari)."
          RenderBlock (generated) at (0,42) size 716x21 [color=#008000]
            RenderText at (0,0) size 128x21
              text run at (0,0) width 128: "generated content"
      RenderBlock {DIV} at (0,810) size 768x171 [border: (1px solid #000000)]
        RenderBlock {H3} at (26,44) size 716x25
          RenderText {#text} at (0,0) size 53x25
            text run at (0,0) width 53: "Box 2"
        RenderBlock {P} at (26,87) size 716x42
          RenderBlock (anonymous) at (0,0) size 716x21
            RenderText {#text} at (0,0) size 698x21
              text run at (0,0) width 698: "This box should contain the text \"generated content\" in CSS2-compliant browsers, including Safari."
          RenderBlock (generated) at (0,21) size 716x21 [color=#008000]
            RenderText at (0,0) size 128x21
              text run at (0,0) width 128: "generated content"
