layer at (0,0) size 800x600
  RenderView at (0,0) size 800x600
layer at (0,0) size 800x600
  RenderBlock {HTML} at (0,0) size 800x600
    RenderBody {BODY} at (8,8) size 784x584
      RenderTable {DIV} at (0,0) size 341x64
        RenderTableSection (anonymous) at (0,0) size 341x64
          RenderTableRow (anonymous) at (0,0) size 341x64
            RenderTableCell (anonymous) at (0,0) size 341x64 [r=0 c=0 rs=1 cs=1]
              RenderBlock (anonymous) at (0,0) size 341x0
                RenderInline {FORM} at (0,0) size 0x0
                  RenderText {#text} at (0,0) size 0x0
              RenderBlock (anonymous) at (0,0) size 341x25
                RenderBlock {H3} at (0,0) size 341x25
                  RenderText {#text} at (0,0) size 341x25
                    text run at (0,0) width 341: "There should be a fourth dot bellow..."
              RenderBlock (anonymous) at (0,43) size 341x21
                RenderInline {FORM} at (0,0) size 0x0
                RenderInline (generated) at (0,0) size 4x21
                  RenderText at (0,0) size 4x21
                    text run at (0,0) width 4: "."
