layer at (0,0) size 800x600
  RenderView at (0,0) size 800x600
layer at (0,0) size 800x256
  RenderBlock {HTML} at (0,0) size 800x256
    RenderBody {BODY} at (8,16) size 784x224
      RenderBlock {P} at (0,0) size 784x21
        RenderText {#text} at (0,0) size 503x21
          text run at (0,0) width 503: "Each link below should display the text \"n(href=n)\" where n is a number"
      RenderBlock {P} at (0,37) size 784x21
        RenderText {#text} at (0,0) size 362x21
          text run at (0,0) width 362: "The href attribute of the last one is changed onload."
      RenderBlock {HR} at (0,74) size 784x2 [border: (1px inset #000000)]
      RenderBlock {P} at (0,92) size 784x21
        RenderInline {A} at (0,0) size 64x21 [color=#0000EE]
          RenderText {#text} at (0,0) size 9x21
            text run at (0,0) width 9: "1"
          RenderInline (generated) at (0,0) size 55x21
            RenderText at (9,0) size 55x21
              text run at (9,0) width 55: "(href=1)"
      RenderBlock {P} at (0,129) size 784x21
        RenderInline {A} at (0,0) size 64x21 [color=#0000EE]
          RenderText {#text} at (0,0) size 9x21
            text run at (0,0) width 9: "2"
          RenderInline (generated) at (0,0) size 55x21
            RenderText at (9,0) size 55x21
              text run at (9,0) width 55: "(href=2)"
      RenderBlock {P} at (0,166) size 784x21
        RenderInline {A} at (0,0) size 64x21 [color=#0000EE]
          RenderText {#text} at (0,0) size 9x21
            text run at (0,0) width 9: "3"
          RenderInline (generated) at (0,0) size 55x21
            RenderText at (9,0) size 55x21
              text run at (9,0) width 55: "(href=3)"
      RenderBlock {P} at (0,203) size 784x21
        RenderInline {A} at (0,0) size 64x21 [color=#0000EE]
          RenderText {#text} at (0,0) size 9x21
            text run at (0,0) width 9: "4"
          RenderInline (generated) at (0,0) size 55x21
            RenderText at (9,0) size 55x21
              text run at (9,0) width 55: "(href=4)"
