layer at (0,0) size 800x600
  RenderView at (0,0) size 800x600
layer at (0,0) size 800x600
  RenderBlock {HTML} at (0,0) size 800x600
    RenderBody {BODY} at (8,8) size 784x582
      RenderBlock {P} at (0,0) size 784x21
        RenderInline {EM} at (0,0) size 698x21
          RenderText {#text} at (0,0) size 698x21
            text run at (0,0) width 698: "When an :after rule has multiple pieces of content, older versions of Safari display them backwards."
      RenderBlock {DIV} at (10,37) size 764x52 [border: (1px solid #000000)]
        RenderText {#text} at (11,20) size 47x21
          text run at (11,20) width 47: "Inline: "
        RenderInline (generated) at (0,0) size 537x21
          RenderText at (58,20) size 263x21
            text run at (58,20) width 263: "This should be before the green box. "
          RenderImage at (321,11) size 25x25
          RenderText at (346,20) size 249x21
            text run at (346,20) width 249: " This should be after the green box."
      RenderBlock {DIV} at (10,99) size 764x94 [border: (1px solid #000000)]
        RenderText {#text} at (11,62) size 90x21
          text run at (11,62) width 90: "Inline-block: "
        RenderBlock (generated) at (101,11) size 200x72
          RenderText at (0,0) size 180x51
            text run at (0,0) width 180: "This should be before the"
            text run at (0,30) width 79: "green box. "
          RenderImage at (79,21) size 25x25
          RenderText at (104,30) size 191x42
            text run at (104,30) width 87: " This should"
            text run at (0,51) width 158: "be after the green box."
      RenderBlock {DIV} at (10,203) size 764x115 [border: (1px solid #000000)]
        RenderBlock (anonymous) at (11,11) size 742x21
          RenderText {#text} at (0,0) size 44x21
            text run at (0,0) width 44: "Block:"
        RenderBlock (generated) at (11,32) size 200x72
          RenderText at (0,0) size 180x51
            text run at (0,0) width 180: "This should be before the"
            text run at (0,30) width 79: "green box. "
          RenderImage at (79,21) size 25x25
          RenderText at (104,30) size 191x42
            text run at (104,30) width 87: " This should"
            text run at (0,51) width 158: "be after the green box."
