layer at (0,0) size 800x600
  RenderView at (0,0) size 800x600
layer at (0,0) size 800x600
  RenderBlock {HTML} at (0,0) size 800x600
    RenderBody {BODY} at (8,8) size 784x584
      RenderBlock {P} at (0,0) size 784x21
        RenderText {#text} at (0,0) size 33x21
          text run at (0,0) width 33: "Bug "
        RenderInline {A} at (0,0) size 49x21 [color=#0000EE]
          RenderText {#text} at (33,0) size 49x21
            text run at (33,0) width 49: "23826 "
        RenderText {#text} at (82,0) size 624x21
          text run at (82,0) width 624: ": Potential bug with before/after rule while moving element from one document to another"
      RenderBlock {P} at (0,37) size 784x21
        RenderText {#text} at (0,0) size 600x21
          text run at (0,0) width 600: "This test that moving a quote element sets the before / after flag in the final document."
      RenderBlock {DIV} at (0,74) size 784x58
        RenderBlock (anonymous) at (0,0) size 784x21
          RenderInline {Q} at (0,0) size 176x21
            RenderInline (generated) at (0,0) size 6x21
              RenderQuote at (0,0) size 6x21
                text run at (0,0) width 6: "\""
            RenderText {#text} at (6,0) size 170x21
              text run at (6,0) width 170: "Quotes should surround"
        RenderBlock (anonymous) at (0,37) size 784x0
          RenderBlock {P} at (0,0) size 784x0
        RenderBlock (anonymous) at (0,37) size 784x21
          RenderInline {Q} at (0,0) size 64x21
            RenderText {#text} at (0,0) size 58x21
              text run at (0,0) width 58: "this text."
            RenderInline (generated) at (0,0) size 6x21
              RenderQuote at (58,0) size 6x21
                text run at (58,0) width 6: "\""
