layer at (0,0) size 800x600
  RenderView at (0,0) size 800x600
layer at (0,0) size 800x229
  RenderBlock {HTML} at (0,0) size 800x229
    RenderBody {BODY} at (8,8) size 784x205
      RenderBlock {DIV} at (0,0) size 784x21
        RenderText {#text} at (0,0) size 93x21
          text run at (0,0) width 93: "This is a test "
        RenderInline (generated) at (0,0) size 203x21
          RenderText at (93,0) size 203x21
            text run at (93,0) width 203: "and generated hover content"
      RenderBlock {HR} at (0,29) size 784x2 [border: (1px inset #000000)]
      RenderBlock {P} at (0,47) size 784x42
        RenderText {#text} at (0,0) size 57x21
          text run at (0,0) width 57: "Test for "
        RenderInline {I} at (0,0) size 742x42
          RenderInline {A} at (0,0) size 379x21 [color=#0000EE]
            RenderText {#text} at (57,0) size 379x21
              text run at (57,0) width 379: "http://bugzilla.opendarwin.org/show_bug.cgi?id=6431"
          RenderText {#text} at (436,0) size 742x42
            text run at (436,0) width 4: " "
            text run at (440,0) width 302: "REGRESSION: style change where :hover"
            text run at (0,21) width 286: "changes only an :after style doesn't work"
        RenderText {#text} at (286,21) size 4x21
          text run at (286,21) width 4: "."
      RenderBlock {P} at (0,105) size 784x42
        RenderText {#text} at (0,0) size 711x42
          text run at (0,0) width 568: "The line at the top of the page should read \x{201C}This is a test and generated content\x{201D} "
          text run at (568,0) width 143: "or \x{201C}This is a test and"
          text run at (0,21) width 372: "generated hover content\x{201D} depending on whether it is "
          text run at (372,21) width 62: "hovered."
      RenderBlock {P} at (0,163) size 784x42
        RenderText {#text} at (0,0) size 753x42
          text run at (0,0) width 753: "To reproduce the bug outside of DumpRenderTree, mouse over the div several times, and the style change"
          text run at (0,21) width 171: "won't update every time "
          text run at (171,21) width 93: "like it should."
caret: position 3 of child 0 {#text} of child 1 {DIV} of body
