layer at (0,0) size 800x600
  RenderView at (0,0) size 800x600
layer at (0,0) size 800x600
  RenderBlock {HTML} at (0,0) size 800x600
    RenderBody {BODY} at (8,8) size 784x576
      RenderBlock {P} at (0,0) size 784x21
        RenderInline (generated) at (0,0) size 6x21
          RenderText at (0,0) size 6x21
            text run at (0,0) width 6: "*"
          RenderQuote at (0,0) size 0x0
        RenderText {#text} at (6,0) size 476x21
          text run at (6,0) width 127: "This is some text. "
          text run at (133,0) width 349: "It should have a single asterisk before and after it."
        RenderInline (generated) at (0,0) size 6x21
          RenderText at (482,0) size 6x21
            text run at (482,0) width 6: "*"
          RenderQuote at (0,0) size 0x0
