layer at (0,0) size 800x600
  RenderView at (0,0) size 800x600
layer at (0,0) size 800x600
  RenderBlock {HTML} at (0,0) size 800x600
    RenderBody {BODY} at (8,8) size 784x576
      RenderBlock (anonymous) at (0,0) size 784x21
        RenderInline {SPAN} at (0,0) size 251x21
          RenderText {#text} at (0,0) size 251x21
            text run at (0,0) width 251: "This test passes if it does not crash."
        RenderText {#text} at (251,0) size 4x21
          text run at (251,0) width 4: " "
        RenderBR {BR} at (255,16) size 0x0
      RenderBlock {UL} at (0,37) size 784x63
        RenderListItem {LI} at (40,0) size 744x63
          RenderBlock (anonymous) at (0,0) size 744x21
            RenderListMarker at (-18,0) size 7x21: bullet
          RenderTable at (0,21) size 35x21
            RenderTableSection (anonymous) at (0,0) size 35x21
              RenderTableRow (anonymous) at (0,0) size 35x21
                RenderTableCell (anonymous) at (0,0) size 35x21 [r=0 c=0 rs=1 cs=1]
                  RenderText at (0,0) size 35x21
                    text run at (0,0) width 35: "hello"
          RenderBlock (anonymous) at (0,42) size 744x21
            RenderText {#text} at (0,0) size 25x21
              text run at (0,0) width 25: "test"
