layer at (0,0) size 800x600
  RenderView at (0,0) size 800x600
layer at (0,0) size 800x600
  RenderBlock {HTML} at (0,0) size 800x600
    RenderBody {BODY} at (8,8) size 784x584
      RenderInline {A} at (0,0) size 611x21
        RenderInline (generated) at (0,0) size 406x21
          RenderText at (0,0) size 406x21
            text run at (0,0) width 406: "This test passes if it does not crash, and this text appears."
        RenderText {#text} at (406,0) size 205x21
          text run at (406,0) width 205: "But it fails if this text appears."
      RenderText {#text} at (0,0) size 0x0
