layer at (0,0) size 800x600
  RenderView at (0,0) size 800x600
layer at (0,0) size 800x600
  RenderBlock {HTML} at (0,0) size 800x600
    RenderBody {BODY} at (8,8) size 784x584
      RenderBlock (anonymous) at (0,0) size 784x21
        RenderText {#text} at (0,0) size 209x21
          text run at (0,0) width 209: "You should not see any cyan."
      RenderBlock {DIV} at (0,21) size 202x27 [bgcolor=#00FFFF] [border: (1px solid #777777)]
        RenderBlock {A} at (1,1) size 200x25 [color=#0000EE] [bgcolor=#FFFFFF]
          RenderText {#text} at (0,2) size 22x21
            text run at (0,2) width 22: "foo"
          RenderWordBreak {WBR} at (0,0) size 0x0
          RenderText {#text} at (22,2) size 23x21
            text run at (22,2) width 23: "bar"
