layer at (0,0) size 785x909
  RenderView at (0,0) size 785x600
layer at (0,0) size 785x909
  RenderBlock {HTML} at (0,0) size 785x910
    RenderBody {BODY} at (8,8) size 769x894
      RenderBlock (anonymous) at (0,0) size 769x18
        RenderText {#text} at (0,0) size 373x18
          text run at (0,0) width 373: "All of the boxes below should be 20x20 and look identical."
      RenderBlock {H1} at (0,39) size 769x38
        RenderText {#text} at (0,0) size 203x37
          text run at (0,0) width 203: "Normal Blocks"
      RenderBlock {DIV} at (5,97) size 20x21 [color=#FFFFFF] [bgcolor=#FFA500] [border: (2px solid #000000)]
      RenderBlock {DIV} at (5,127) size 20x21 [color=#FFFFFF] [bgcolor=#FFA500] [border: (2px solid #000000)]
      RenderBlock {DIV} at (5,157) size 20x21 [color=#FFFFFF] [bgcolor=#FFA500] [border: (2px solid #000000)]
      RenderBlock {DIV} at (5,187) size 20x21 [color=#FFFFFF] [bgcolor=#FFA500] [border: (2px solid #000000)]
        RenderBR {BR} at (6,6) size 0x18
        RenderBR {BR} at (6,24) size 0x18
        RenderBR {BR} at (6,42) size 0x18
      RenderBlock {H1} at (0,229) size 769x38
        RenderText {#text} at (0,0) size 178x37
          text run at (0,0) width 178: "Inline Blocks"
      RenderBlock (anonymous) at (0,287) size 769x41
        RenderBlock {DIV} at (5,10) size 20x20 [color=#FFFFFF] [bgcolor=#FFA500] [border: (2px solid #000000)]
        RenderBlock {DIV} at (35,10) size 20x20 [color=#FFFFFF] [bgcolor=#FFA500] [border: (2px solid #000000)]
        RenderBlock {DIV} at (65,10) size 20x20 [color=#FFFFFF] [bgcolor=#FFA500] [border: (2px solid #000000)]
        RenderBlock {DIV} at (95,10) size 20x20 [color=#FFFFFF] [bgcolor=#FFA500] [border: (2px solid #000000)]
          RenderBR {BR} at (6,6) size 0x18
          RenderBR {BR} at (6,24) size 0x18
          RenderBR {BR} at (6,42) size 0x18
        RenderText {#text} at (0,0) size 0x0
      RenderBlock {H1} at (0,349) size 769x38
        RenderText {#text} at (0,0) size 241x37
          text run at (0,0) width 241: "Positioned Blocks"
      RenderBlock (anonymous) at (0,407) size 769x19
        RenderBR {BR} at (0,0) size 0x18
      RenderBlock {H1} at (0,447) size 769x38
        RenderText {#text} at (0,0) size 210x37
          text run at (0,0) width 210: "Floating blocks"
      RenderBlock (floating) {DIV} at (5,515) size 20x21 [color=#FFFFFF] [bgcolor=#FFA500] [border: (2px solid #000000)]
      RenderBlock (floating) {DIV} at (35,515) size 20x21 [color=#FFFFFF] [bgcolor=#FFA500] [border: (2px solid #000000)]
      RenderBlock (floating) {DIV} at (65,515) size 20x21 [color=#FFFFFF] [bgcolor=#FFA500] [border: (2px solid #000000)]
      RenderBlock (floating) {DIV} at (95,515) size 20x21 [color=#FFFFFF] [bgcolor=#FFA500] [border: (2px solid #000000)]
        RenderBR {BR} at (6,6) size 0x18
        RenderBR {BR} at (6,24) size 0x18
        RenderBR {BR} at (6,42) size 0x18
      RenderBlock (anonymous) at (0,505) size 769x41
        RenderBR {BR} at (120,0) size 0x18
      RenderBlock {H1} at (0,566) size 769x38
        RenderText {#text} at (0,0) size 210x37
          text run at (0,0) width 210: "Normal Images"
      RenderBlock (anonymous) at (0,625) size 769x41
        RenderImage {IMG} at (5,10) size 20x20 [color=#FFFFFF] [bgcolor=#FFA500] [border: (2px solid #000000)]
        RenderImage {IMG} at (35,10) size 20x20 [color=#FFFFFF] [bgcolor=#FFA500] [border: (2px solid #000000)]
        RenderImage {IMG} at (65,10) size 20x20 [color=#FFFFFF] [bgcolor=#FFA500] [border: (2px solid #000000)]
        RenderImage {IMG} at (95,10) size 20x20 [color=#FFFFFF] [bgcolor=#FFA500] [border: (2px solid #000000)]
        RenderText {#text} at (0,0) size 0x0
      RenderBlock {H1} at (0,686) size 769x38
        RenderText {#text} at (0,0) size 248x37
          text run at (0,0) width 248: "Positioned Images"
      RenderBlock (anonymous) at (0,745) size 769x19
        RenderBR {BR} at (0,0) size 0x18
      RenderBlock {H1} at (0,784) size 769x38
        RenderText {#text} at (0,0) size 220x37
          text run at (0,0) width 220: "Floating Images"
      RenderImage {IMG} at (5,853) size 20x21 [color=#FFFFFF] [bgcolor=#FFA500] [border: (2px solid #000000)]
      RenderImage {IMG} at (35,853) size 20x21 [color=#FFFFFF] [bgcolor=#FFA500] [border: (2px solid #000000)]
      RenderImage {IMG} at (65,853) size 20x21 [color=#FFFFFF] [bgcolor=#FFA500] [border: (2px solid #000000)]
      RenderImage {IMG} at (95,853) size 20x21 [color=#FFFFFF] [bgcolor=#FFA500] [border: (2px solid #000000)]
      RenderBlock (anonymous) at (0,843) size 769x41
        RenderBR {BR} at (120,0) size 0x18
      RenderBlock {HR} at (0,891) size 769x3 [border: (1px inset #000000)]
layer at (13,426) size 20x20
  RenderBlock (positioned) {DIV} at (13,425) size 20x21 [color=#FFFFFF] [bgcolor=#FFA500] [border: (2px solid #000000)]
layer at (43,426) size 20x20
  RenderBlock (positioned) {DIV} at (43,425) size 20x21 [color=#FFFFFF] [bgcolor=#FFA500] [border: (2px solid #000000)]
layer at (73,426) size 20x20
  RenderBlock (positioned) {DIV} at (73,425) size 20x21 [color=#FFFFFF] [bgcolor=#FFA500] [border: (2px solid #000000)]
layer at (103,426) size 20x20
  RenderBlock (positioned) {DIV} at (103,425) size 20x21 [color=#FFFFFF] [bgcolor=#FFA500] [border: (2px solid #000000)]
    RenderBR {BR} at (6,6) size 0x18
    RenderBR {BR} at (6,24) size 0x18
    RenderBR {BR} at (6,42) size 0x18
layer at (13,763) size 20x20
  RenderImage {IMG} at (13,763) size 20x21 [color=#FFFFFF] [bgcolor=#FFA500] [border: (2px solid #000000)]
layer at (43,763) size 20x20
  RenderImage {IMG} at (43,763) size 20x21 [color=#FFFFFF] [bgcolor=#FFA500] [border: (2px solid #000000)]
layer at (73,763) size 20x20
  RenderImage {IMG} at (73,763) size 20x21 [color=#FFFFFF] [bgcolor=#FFA500] [border: (2px solid #000000)]
layer at (103,763) size 20x20
  RenderImage {IMG} at (103,763) size 20x21 [color=#FFFFFF] [bgcolor=#FFA500] [border: (2px solid #000000)]
