layer at (0,0) size 800x600
  RenderView at (0,0) size 800x600
layer at (0,0) size 800x600
  RenderBlock {HTML} at (0,0) size 800x600
    RenderBody {BODY} at (8,8) size 784x584
      RenderBlock {P} at (0,0) size 784x36
        RenderText {#text} at (0,0) size 762x36
          text run at (0,0) width 762: "This tests SpellCheck API can add misspelled underlines to words. If this test succeeds, we can see misspelled underlines"
          text run at (0,18) width 222: "under the word \"wellcome\" below."
      RenderBlock {DIV} at (0,52) size 784x0
      RenderBlock (anonymous) at (0,52) size 784x98
        RenderTextControl {INPUT} at (2,2) size 125x19 [bgcolor=#FFFFFF] [border: (2px inset #000000)]
        RenderBR {BR} at (129,16) size 0x0
        RenderBR {BR} at (585,98) size 0x0
      RenderBlock {DIV} at (0,150) size 784x18
        RenderText {#text} at (0,0) size 61x18
          text run at (0,0) width 61: "wellcome"
      RenderBlock (anonymous) at (0,168) size 784x18
        RenderBR {BR} at (0,0) size 0x18
layer at (13,65) size 119x13
  RenderBlock {DIV} at (3,3) size 119x13
    RenderText {#text} at (1,0) size 50x13
      text run at (1,0) width 50: "wellcome"
layer at (10,85) size 581x71 clip at (11,86) size 579x69
  RenderTextControl {TEXTAREA} at (2,25) size 581x71 [bgcolor=#FFFFFF] [border: (1px solid #000000)]
    RenderBlock {DIV} at (3,3) size 575x13
      RenderText {#text} at (0,0) size 50x13
        text run at (0,0) width 50: "wellcome"
