layer at (0,0) size 784x663
  RenderView at (0,0) size 784x600
layer at (0,0) size 784x620
  RenderBlock {HTML} at (0,0) size 784x620
    RenderBody {BODY} at (8,8) size 768x596
      RenderBlock {P} at (0,0) size 768x18
        RenderText {#text} at (0,0) size 146x17
          text run at (0,0) width 146: "This is to test a fix for "
        RenderInline {A} at (0,0) size 69x17 [color=#0000EE]
          RenderText {#text} at (145,0) size 69x17
            text run at (145,0) width 69: "bug 26660"
        RenderText {#text} at (213,0) size 5x17
          text run at (213,0) width 5: "."
      RenderBlock {P} at (0,612) size 768x0
layer at (8,101) size 252x56
  RenderBlock {DIV} at (0,93) size 252x56 [border: (1px solid #008000)]
    RenderText {#text} at (1,1) size 250x53
      text run at (1,1) width 244: "Straight \x{916}\x{94B}\x{91C}\x{947}\x{902} \x{92C}\x{941}\x{927}\x{935}\x{93E}\x{930}"
      text run at (1,19) width 250: "\x{915}\x{940} \x{938}\x{941}\x{92C}\x{939} \x{939}\x{94B}\x{928}\x{947} \x{935}\x{93E}\x{932}\x{93E}"
      text run at (1,37) width 139: "\x{92A}\x{942}\x{930}\x{94D}\x{923} 123 abc"
layer at (8,232) size 252x74
  RenderBlock {DIV} at (0,224) size 252x74 [border: (1px solid #008000)]
    RenderText {#text} at (1,1) size 229x71
      text run at (1,1) width 168: "Now rotated \x{916}\x{94B}\x{91C}\x{947}\x{902}"
      text run at (1,19) width 212: "\x{92C}\x{941}\x{927}\x{935}\x{93E}\x{930} \x{915}\x{940} \x{938}\x{941}\x{92C}\x{939}"
      text run at (1,37) width 229: "\x{939}\x{94B}\x{928}\x{947} \x{935}\x{93E}\x{932}\x{93E} \x{92A}\x{942}\x{930}\x{94D}\x{923}"
      text run at (1,55) width 51: "123 abc"
layer at (8,381) size 252x74
  RenderBlock {DIV} at (0,373) size 252x74 [border: (1px solid #008000)]
    RenderText {#text} at (1,1) size 229x71
      text run at (1,1) width 168: "Now rotated \x{916}\x{94B}\x{91C}\x{947}\x{902}"
      text run at (1,19) width 212: "\x{92C}\x{941}\x{927}\x{935}\x{93E}\x{930} \x{915}\x{940} \x{938}\x{941}\x{92C}\x{939}"
      text run at (1,37) width 229: "\x{939}\x{94B}\x{928}\x{947} \x{935}\x{93E}\x{932}\x{93E} \x{92A}\x{942}\x{930}\x{94D}\x{923}"
      text run at (1,55) width 51: "123 abc"
layer at (8,530) size 252x74
  RenderBlock {DIV} at (0,522) size 252x74 [border: (1px solid #008000)]
    RenderText {#text} at (1,1) size 229x71
      text run at (1,1) width 168: "Now rotated \x{916}\x{94B}\x{91C}\x{947}\x{902}"
      text run at (1,19) width 212: "\x{92C}\x{941}\x{927}\x{935}\x{93E}\x{930} \x{915}\x{940} \x{938}\x{941}\x{92C}\x{939}"
      text run at (1,37) width 229: "\x{939}\x{94B}\x{928}\x{947} \x{935}\x{93E}\x{932}\x{93E} \x{92A}\x{942}\x{930}\x{94D}\x{923}"
      text run at (1,55) width 51: "123 abc"
