layer at (0,0) size 800x904
  RenderView at (0,0) size 800x600
layer at (0,0) size 800x904
  RenderBlock {HTML} at (0,0) size 800x904
    RenderBody {BODY} at (8,8) size 784x888
      RenderBlock (anonymous) at (0,0) size 784x20
        RenderText {#text} at (0,0) size 87x19
          text run at (0,0) width 87: "ROWSPANS"
      RenderTable {TABLE} at (0,20) size 132x64 [border: (5px outset #808080)]
        RenderTableSection {TBODY} at (5,5) size 122x54
          RenderTableRow {TR} at (0,2) size 122x24
            RenderTableCell {TD} at (2,15) size 38x24 [border: (1px inset #808080)] [r=0 c=0 rs=2 cs=1]
              RenderText {#text} at (2,2) size 34x19
                text run at (2,2) width 34: "auto1"
            RenderTableCell {TD} at (42,2) size 38x24 [border: (1px inset #808080)] [r=0 c=1 rs=1 cs=1]
              RenderText {#text} at (2,2) size 34x19
                text run at (2,2) width 34: "auto2"
          RenderTableRow {TR} at (0,28) size 122x24
            RenderTableCell {TD} at (42,28) size 38x24 [border: (1px inset #808080)] [r=1 c=1 rs=1 cs=1]
              RenderText {#text} at (2,2) size 34x19
                text run at (2,2) width 34: "auto3"
            RenderTableCell {TD} at (82,28) size 38x24 [border: (1px inset #808080)] [r=1 c=2 rs=1 cs=1]
              RenderText {#text} at (2,2) size 34x19
                text run at (2,2) width 34: "auto4"
      RenderTable {TABLE} at (0,84) size 258x82 [border: (1px outset #808080)]
        RenderTableSection {TBODY} at (1,1) size 256x80
          RenderTableRow {TR} at (0,2) size 256x24
            RenderTableCell {TD} at (2,28) size 184x24 [border: (1px inset #808080)] [r=0 c=0 rs=3 cs=1]
              RenderText {#text} at (2,2) size 180x19
                text run at (2,2) width 180: "c0r[2-6],Data 2 span=3 rows"
            RenderTableCell {TD} at (188,2) size 32x24 [border: (1px inset #808080)] [r=0 c=1 rs=1 cs=1]
              RenderText {#text} at (2,2) size 28x19
                text run at (2,2) width 28: "c0r2"
            RenderTableCell {TD} at (222,2) size 32x24 [border: (1px inset #808080)] [r=0 c=2 rs=1 cs=1]
              RenderText {#text} at (2,2) size 28x19
                text run at (2,2) width 28: "c1r2"
          RenderTableRow {TR} at (0,28) size 256x24
            RenderTableCell {TD} at (188,28) size 32x24 [border: (1px inset #808080)] [r=1 c=1 rs=1 cs=1]
              RenderText {#text} at (2,2) size 28x19
                text run at (2,2) width 28: "c0r3"
            RenderTableCell {TD} at (222,28) size 32x24 [border: (1px inset #808080)] [r=1 c=2 rs=1 cs=1]
              RenderText {#text} at (2,2) size 28x19
                text run at (2,2) width 28: "c1r3"
          RenderTableRow {TR} at (0,54) size 256x24
            RenderTableCell {TD} at (188,54) size 32x24 [border: (1px inset #808080)] [r=2 c=1 rs=1 cs=1]
              RenderText {#text} at (2,2) size 28x19
                text run at (2,2) width 28: "c0r4"
            RenderTableCell {TD} at (222,54) size 32x24 [border: (1px inset #808080)] [r=2 c=2 rs=1 cs=1]
              RenderText {#text} at (2,2) size 28x19
                text run at (2,2) width 28: "c1r4"
      RenderBlock (anonymous) at (0,166) size 784x20
        RenderBR {BR} at (0,0) size 0x19
      RenderTable {TABLE} at (0,186) size 258x212 [border: (1px outset #808080)]
        RenderTableSection {TBODY} at (1,1) size 256x210
          RenderTableRow {TR} at (0,2) size 256x24
            RenderTableCell {TD} at (2,54) size 184x24 [border: (1px inset #808080)] [r=0 c=0 rs=5 cs=1]
              RenderText {#text} at (2,2) size 180x19
                text run at (2,2) width 180: "c0r[2-6],Data 2 span=5 rows"
            RenderTableCell {TD} at (188,2) size 32x24 [border: (1px inset #808080)] [r=0 c=1 rs=1 cs=1]
              RenderText {#text} at (2,2) size 28x19
                text run at (2,2) width 28: "c0r2"
            RenderTableCell {TD} at (222,2) size 32x24 [border: (1px inset #808080)] [r=0 c=2 rs=1 cs=1]
              RenderText {#text} at (2,2) size 28x19
                text run at (2,2) width 28: "c1r2"
          RenderTableRow {TR} at (0,28) size 256x24
            RenderTableCell {TD} at (188,28) size 32x24 [border: (1px inset #808080)] [r=1 c=1 rs=1 cs=1]
              RenderText {#text} at (2,2) size 28x19
                text run at (2,2) width 28: "c0r3"
            RenderTableCell {TD} at (222,28) size 32x24 [border: (1px inset #808080)] [r=1 c=2 rs=1 cs=1]
              RenderText {#text} at (2,2) size 28x19
                text run at (2,2) width 28: "c1r3"
          RenderTableRow {TR} at (0,54) size 256x24
            RenderTableCell {TD} at (188,54) size 32x24 [border: (1px inset #808080)] [r=2 c=1 rs=1 cs=1]
              RenderText {#text} at (2,2) size 28x19
                text run at (2,2) width 28: "c0r4"
            RenderTableCell {TD} at (222,54) size 32x24 [border: (1px inset #808080)] [r=2 c=2 rs=1 cs=1]
              RenderText {#text} at (2,2) size 28x19
                text run at (2,2) width 28: "c1r4"
          RenderTableRow {TR} at (0,80) size 256x24
            RenderTableCell {TD} at (188,80) size 32x24 [border: (1px inset #808080)] [r=3 c=1 rs=1 cs=1]
              RenderText {#text} at (2,2) size 28x19
                text run at (2,2) width 28: "c0r5"
            RenderTableCell {TD} at (222,80) size 32x24 [border: (1px inset #808080)] [r=3 c=2 rs=1 cs=1]
              RenderText {#text} at (2,2) size 28x19
                text run at (2,2) width 28: "c1r5"
          RenderTableRow {TR} at (0,106) size 256x24
            RenderTableCell {TD} at (188,106) size 32x24 [border: (1px inset #808080)] [r=4 c=1 rs=1 cs=1]
              RenderText {#text} at (2,2) size 28x19
                text run at (2,2) width 28: "c0r6"
            RenderTableCell {TD} at (222,106) size 32x24 [border: (1px inset #808080)] [r=4 c=2 rs=1 cs=1]
              RenderText {#text} at (2,2) size 28x19
                text run at (2,2) width 28: "c1r6"
          RenderTableRow {TR} at (0,132) size 256x24
            RenderTableCell {TD} at (2,158) size 184x24 [border: (1px inset #808080)] [r=5 c=0 rs=3 cs=1]
              RenderText {#text} at (2,2) size 135x19
                text run at (2,2) width 135: "c0r[7-9] span=3 rows"
            RenderTableCell {TD} at (188,132) size 32x24 [border: (1px inset #808080)] [r=5 c=1 rs=1 cs=1]
              RenderText {#text} at (2,2) size 28x19
                text run at (2,2) width 28: "c0r7"
            RenderTableCell {TD} at (222,132) size 32x24 [border: (1px inset #808080)] [r=5 c=2 rs=1 cs=1]
              RenderText {#text} at (2,2) size 28x19
                text run at (2,2) width 28: "c1r7"
          RenderTableRow {TR} at (0,158) size 256x24
            RenderTableCell {TD} at (188,158) size 32x24 [border: (1px inset #808080)] [r=6 c=1 rs=1 cs=1]
              RenderText {#text} at (2,2) size 28x19
                text run at (2,2) width 28: "c0r8"
            RenderTableCell {TD} at (222,158) size 32x24 [border: (1px inset #808080)] [r=6 c=2 rs=1 cs=1]
              RenderText {#text} at (2,2) size 28x19
                text run at (2,2) width 28: "c1r8"
          RenderTableRow {TR} at (0,184) size 256x24
            RenderTableCell {TD} at (188,184) size 32x24 [border: (1px inset #808080)] [r=7 c=1 rs=1 cs=1]
              RenderText {#text} at (2,2) size 28x19
                text run at (2,2) width 28: "c0r9"
            RenderTableCell {TD} at (222,184) size 32x24 [border: (1px inset #808080)] [r=7 c=2 rs=1 cs=1]
              RenderText {#text} at (2,2) size 28x19
                text run at (2,2) width 28: "c1r9"
      RenderBlock (anonymous) at (0,398) size 784x20
        RenderBR {BR} at (0,0) size 0x19
      RenderTable {TABLE} at (0,418) size 61x56 [border: (1px outset #808080)]
        RenderTableSection {TBODY} at (1,1) size 59x54
          RenderTableRow {TR} at (0,2) size 59x24
            RenderTableCell {TD} at (2,2) size 26x24 [border: (1px inset #808080)] [r=0 c=0 rs=1 cs=1]
              RenderText {#text} at (2,2) size 22x19
                text run at (2,2) width 22: "one"
            RenderTableCell {TD} at (30,15) size 27x24 [border: (1px inset #808080)] [r=0 c=1 rs=2 cs=1]
              RenderText {#text} at (2,2) size 23x19
                text run at (2,2) width 23: "two"
          RenderTableRow {TR} at (0,28) size 59x24
            RenderTableCell {TD} at (2,28) size 55x24 [border: (1px inset #808080)] [r=1 c=0 rs=1 cs=2]
              RenderText {#text} at (12,2) size 31x19
                text run at (12,2) width 31: "three"
      RenderTable {TABLE} at (0,474) size 56x30 [border: (1px outset #808080)]
        RenderTableSection {TBODY} at (1,1) size 54x28
          RenderTableRow {TR} at (0,2) size 54x0
            RenderTableCell {TD} at (2,2) size 24x24 [border: (1px inset #808080)] [r=0 c=0 rs=2 cs=1]
              RenderText {#text} at (2,2) size 20x19
                text run at (2,2) width 20: "foo"
          RenderTableRow {TR} at (0,4) size 54x22
            RenderTableCell {TD} at (28,3) size 24x24 [border: (1px inset #808080)] [r=1 c=1 rs=2 cs=1]
              RenderText {#text} at (2,2) size 20x19
                text run at (2,2) width 20: "bar"
      RenderBlock (anonymous) at (0,504) size 784x20
        RenderBR {BR} at (0,0) size 0x19
      RenderTable {TABLE} at (0,524) size 602x364 [border: (1px outset #808080)]
        RenderTableSection {TBODY} at (1,1) size 600x362
          RenderTableRow {TR} at (0,0) size 600x0
            RenderTableCell {TD} at (0,0) size 512x362 [bgcolor=#FFFFFF] [border: (1px inset #808080)] [r=0 c=0 rs=2 cs=2]
              RenderImage {IMG} at (1,1) size 132x360
          RenderTableRow {TR} at (0,0) size 600x362
            RenderTableCell {TD} at (512,170) size 88x22 [border: (1px inset #808080)] [r=1 c=2 rs=1 cs=6]
              RenderText {#text} at (66,1) size 21x19
                text run at (66,1) width 21: "xxx"
