layer at (0,0) size 800x600
  RenderView at (0,0) size 800x600
layer at (0,0) size 800x600
  RenderBlock {HTML} at (0,0) size 800x600
    RenderBody {BODY} at (8,8) size 784x584
      RenderBlock (anonymous) at (0,0) size 784x18
        RenderText {#text} at (0,0) size 287x18
          text run at (0,0) width 287: "The popup buttons below should not overlap."
      RenderTable {TABLE} at (0,18) size 784x26
        RenderTableSection {TBODY} at (0,0) size 784x26
          RenderTableRow {TR} at (0,1) size 784x24
            RenderTableCell {TD} at (1,1) size 53x24 [r=0 c=0 rs=1 cs=1]
              RenderMenuList {SELECT} at (1,3) size 51x18 [bgcolor=#FFFFFF]
                RenderBlock (anonymous) at (0,0) size 51x18
                  RenderText at (8,2) size 20x13
                    text run at (8,2) width 20: "one"
            RenderTableCell {TD} at (55,1) size 2x24 [r=0 c=1 rs=1 cs=1]
              RenderMenuList {SELECT} at (1,3) size 0x18 [bgcolor=#FFFFFF]
                RenderBlock (anonymous) at (0,0) size 31x18
                  RenderText at (8,2) size 20x13
                    text run at (8,2) width 20: "two"
            RenderTableCell {TD} at (58,1) size 2x24 [r=0 c=2 rs=1 cs=1]
              RenderMenuList {SELECT} at (1,3) size 0x18 [bgcolor=#FFFFFF]
                RenderBlock (anonymous) at (0,0) size 31x18
                  RenderText at (8,2) size 28x13
                    text run at (8,2) width 28: "three"
            RenderTableCell {TD} at (61,3) size 722x20 [r=0 c=3 rs=1 cs=1]
              RenderText {#text} at (1,1) size 4x18
                text run at (1,1) width 4: " "
