layer at (0,0) size 800x600
  RenderView at (0,0) size 800x600
layer at (0,0) size 800x256
  RenderBlock {HTML} at (0,0) size 800x256
    RenderBody {BODY} at (8,8) size 784x200
layer at (8,8) size 784x200
  RenderBlock (relative positioned) {DIV} at (0,0) size 784x200 [color=#008000]
    RenderBlock (anonymous) at (0,0) size 784x30
      RenderText {#text} at (0,3) size 312x24
        text run at (0,3) width 312: "X X X X X X X"
    RenderBlock {DIV} at (37,67) size 710x36 [border: (3px solid #000000)]
      RenderText {#text} at (11,6) size 264x24
        text run at (11,6) width 264: "X X X X X X"
    RenderBlock (floating) {DIV} at (0,140) size 78x78 [bgcolor=#FFFF00]
    RenderBlock (anonymous) at (0,140) size 784x60
      RenderText {#text} at (96,3) size 216x24
        text run at (96,3) width 216: "X X X X X"
      RenderBR {BR} at (312,3) size 0x24
      RenderBlock (floating) {DIV} at (96,30) size 78x78 [bgcolor=#800080]
      RenderText {#text} at (192,33) size 216x24
        text run at (192,33) width 216: "X X X X X"
layer at (180,308) size 300x30
  RenderBlock (positioned) {DIV} at (172,300) size 300x30 [bgcolor=#DDDDDD]
    RenderText {#text} at (20,3) size 120x24
      text run at (20,3) width 120: "X X X"
