layer at (0,0) size 784x995
  RenderView at (0,0) size 784x600
layer at (0,0) size 784x995
  RenderBlock {HTML} at (0,0) size 784x995
    RenderBody {BODY} at (8,8) size 768x979 [bgcolor=#CCCCCC]
      RenderBlock {P} at (0,0) size 768x18
        RenderText {#text} at (0,0) size 363x17
          text run at (0,0) width 363: "The style declarations which apply to the text below are:"
      RenderBlock {PRE} at (0,34) size 768x60
        RenderText {#text} at (0,0) size 336x60
          text run at (0,0) width 320: ".one {border-bottom: purple double 10px;}"
          text run at (319,0) width 1: " "
          text run at (0,15) width 313: ".two {border-bottom: purple thin solid;}"
          text run at (312,15) width 1: " "
          text run at (0,30) width 336: ".three {border-bottom: black medium solid;}"
          text run at (335,30) width 1: " "
          text run at (0,45) width 281: "TD {border-bottom: green 2px solid;}"
          text run at (280,45) width 1: " "
      RenderBlock {HR} at (0,107) size 768x2 [border: (1px inset #000000)]
      RenderBlock {P} at (0,125) size 768x36
        RenderText {#text} at (0,0) size 747x35
          text run at (0,0) width 673: "Note that all table cells on this page should have a two-pixel solid green border along their bottom sides. "
          text run at (672,0) width 75: "This border"
          text run at (0,18) width 373: "applies only to the cells, not the rows which contain them."
      RenderBlock {P} at (0,177) size 768x28 [border: (10px double #800080) none]
        RenderText {#text} at (0,0) size 446x17
          text run at (0,0) width 446: "This paragraph should have a purple, double, 10-pixel bottom border."
      RenderBlock {P} at (0,221) size 768x19 [border: (1px solid #800080) none]
        RenderText {#text} at (0,0) size 362x17
          text run at (0,0) width 362: "This paragraph should have a thin purple bottom border."
      RenderTable {TABLE} at (0,256) size 768x110 [border: (1px outset #808080)]
        RenderTableSection {TBODY} at (1,1) size 766x108
          RenderTableRow {TR} at (0,5) size 766x41
            RenderTableCell {TD} at (5,5) size 756x41 [border: (1px inset #808080) (2px solid #008000) (1px inset #808080)] [r=0 c=0 rs=1 cs=2]
              RenderText {#text} at (2,2) size 739x35
                text run at (2,2) width 463: "Every cell in this table should have a 2-pixel solid green bottom border. "
                text run at (464,2) width 277: "This is also true of the table-testing section"
                text run at (2,20) width 219: "in the second half of the test page."
          RenderTableRow {TR} at (0,51) size 766x52
            RenderTableCell {TD} at (5,65) size 190x23 [border: (1px inset #808080) (2px solid #008000) (1px inset #808080)] [r=1 c=0 rs=1 cs=1]
              RenderText {#text} at (2,2) size 54x17
                text run at (2,2) width 54: "Cell one"
            RenderTableCell {TD} at (200,51) size 561x52 [border: (1px inset #808080) (2px solid #008000) (1px inset #808080)] [r=1 c=1 rs=1 cs=1]
              RenderBlock (anonymous) at (2,2) size 557x18
                RenderText {#text} at (0,0) size 55x17
                  text run at (0,0) width 55: "Cell two"
              RenderTable {TABLE} at (2,20) size 166x29 [border: (1px outset #808080)]
                RenderTableSection {TBODY} at (1,1) size 164x27
                  RenderTableRow {TR} at (0,2) size 164x23
                    RenderTableCell {TD} at (2,2) size 160x23 [border: (1px inset #808080) (2px solid #008000) (1px inset #808080)] [r=0 c=0 rs=1 cs=1]
                      RenderText {#text} at (2,2) size 156x17
                        text run at (2,2) width 156: "Nested single-cell table!"
      RenderBlock {UL} at (0,382) size 768x135
        RenderListItem {LI} at (40,0) size 728x75 [border: (3px solid #000000) none]
          RenderBlock (anonymous) at (0,0) size 728x18
            RenderListMarker at (-17,0) size 7x17: bullet
            RenderText {#text} at (0,0) size 123x17
              text run at (0,0) width 123: "This is a list item..."
          RenderBlock {UL} at (0,18) size 728x54
            RenderListItem {LI} at (40,0) size 688x18
              RenderListMarker at (-17,0) size 7x17: white bullet
              RenderText {#text} at (0,0) size 75x17
                text run at (0,0) width 75: "...and this..."
            RenderListItem {LI} at (40,18) size 688x18
              RenderListMarker at (-17,0) size 7x17: white bullet
              RenderText {#text} at (0,0) size 118x17
                text run at (0,0) width 118: "...is a second list..."
            RenderListItem {LI} at (40,36) size 688x18
              RenderListMarker at (-17,0) size 7x17: white bullet
              RenderText {#text} at (0,0) size 182x17
                text run at (0,0) width 182: "...nested within the list item."
        RenderListItem {LI} at (40,75) size 728x21 [border: (3px solid #000000) none]
          RenderListMarker at (-17,0) size 7x17: bullet
          RenderText {#text} at (0,0) size 163x17
            text run at (0,0) width 163: "This is a second list item."
        RenderListItem {LI} at (40,96) size 728x39 [border: (3px solid #000000) none]
          RenderListMarker at (-17,0) size 7x17: bullet
          RenderText {#text} at (0,0) size 715x35
            text run at (0,0) width 715: "Each list item in this list should have a medium-width black border at its bottom, which for the first item means"
            text run at (0,18) width 135: "that it should appear "
          RenderInline {EM} at (0,0) size 51x17
            RenderText {#text} at (134,18) size 51x17
              text run at (134,18) width 51: "beneath"
          RenderText {#text} at (184,18) size 401x17
            text run at (184,18) width 401: " the nested list (below the line \"...nested within the list item.\")."
      RenderTable {TABLE} at (0,533) size 768x446 [border: (1px outset #808080)]
        RenderTableSection {TBODY} at (1,1) size 766x444
          RenderTableRow {TR} at (0,0) size 766x27
            RenderTableCell {TD} at (0,0) size 766x27 [bgcolor=#C0C0C0] [border: (1px inset #808080) (2px solid #008000) (1px inset #808080)] [r=0 c=0 rs=1 cs=2]
              RenderInline {STRONG} at (0,0) size 163x17
                RenderText {#text} at (4,4) size 163x17
                  text run at (4,4) width 163: "TABLE Testing Section"
          RenderTableRow {TR} at (0,27) size 766x417
            RenderTableCell {TD} at (0,222) size 12x27 [bgcolor=#C0C0C0] [border: (1px inset #808080) (2px solid #008000) (1px inset #808080)] [r=1 c=0 rs=1 cs=1]
              RenderText {#text} at (4,4) size 4x17
                text run at (4,4) width 4: " "
            RenderTableCell {TD} at (12,27) size 754x417 [border: (1px inset #808080) (2px solid #008000) (1px inset #808080)] [r=1 c=1 rs=1 cs=1]
              RenderBlock {P} at (4,4) size 746x36
                RenderText {#text} at (0,0) size 702x35
                  text run at (0,0) width 673: "Note that all table cells on this page should have a two-pixel solid green border along their bottom sides. "
                  text run at (672,0) width 30: "This"
                  text run at (0,18) width 419: "border applies only to the cells, not the rows which contain them."
              RenderBlock {P} at (4,56) size 746x28 [border: (10px double #800080) none]
                RenderText {#text} at (0,0) size 446x17
                  text run at (0,0) width 446: "This paragraph should have a purple, double, 10-pixel bottom border."
              RenderBlock {P} at (4,100) size 746x19 [border: (1px solid #800080) none]
                RenderText {#text} at (0,0) size 362x17
                  text run at (0,0) width 362: "This paragraph should have a thin purple bottom border."
              RenderTable {TABLE} at (4,135) size 746x110 [border: (1px outset #808080)]
                RenderTableSection {TBODY} at (1,1) size 744x108
                  RenderTableRow {TR} at (0,5) size 744x41
                    RenderTableCell {TD} at (5,5) size 734x41 [border: (1px inset #808080) (2px solid #008000) (1px inset #808080)] [r=0 c=0 rs=1 cs=2]
                      RenderText {#text} at (2,2) size 689x35
                        text run at (2,2) width 463: "Every cell in this table should have a 2-pixel solid green bottom border. "
                        text run at (464,2) width 227: "This is also true of the table-testing"
                        text run at (2,20) width 268: "section in the second half of the test page."
                  RenderTableRow {TR} at (0,51) size 744x52
                    RenderTableCell {TD} at (5,65) size 185x23 [border: (1px inset #808080) (2px solid #008000) (1px inset #808080)] [r=1 c=0 rs=1 cs=1]
                      RenderText {#text} at (2,2) size 54x17
                        text run at (2,2) width 54: "Cell one"
                    RenderTableCell {TD} at (195,51) size 544x52 [border: (1px inset #808080) (2px solid #008000) (1px inset #808080)] [r=1 c=1 rs=1 cs=1]
                      RenderBlock (anonymous) at (2,2) size 540x18
                        RenderText {#text} at (0,0) size 55x17
                          text run at (0,0) width 55: "Cell two"
                      RenderTable {TABLE} at (2,20) size 166x29 [border: (1px outset #808080)]
                        RenderTableSection {TBODY} at (1,1) size 164x27
                          RenderTableRow {TR} at (0,2) size 164x23
                            RenderTableCell {TD} at (2,2) size 160x23 [border: (1px inset #808080) (2px solid #008000) (1px inset #808080)] [r=0 c=0 rs=1 cs=1]
                              RenderText {#text} at (2,2) size 156x17
                                text run at (2,2) width 156: "Nested single-cell table!"
              RenderBlock {UL} at (4,261) size 746x135
                RenderListItem {LI} at (40,0) size 706x75 [border: (3px solid #000000) none]
                  RenderBlock (anonymous) at (0,0) size 706x18
                    RenderListMarker at (-17,0) size 7x17: bullet
                    RenderText {#text} at (0,0) size 123x17
                      text run at (0,0) width 123: "This is a list item..."
                  RenderBlock {UL} at (0,18) size 706x54
                    RenderListItem {LI} at (40,0) size 666x18
                      RenderListMarker at (-17,0) size 7x17: white bullet
                      RenderText {#text} at (0,0) size 75x17
                        text run at (0,0) width 75: "...and this..."
                    RenderListItem {LI} at (40,18) size 666x18
                      RenderListMarker at (-17,0) size 7x17: white bullet
                      RenderText {#text} at (0,0) size 118x17
                        text run at (0,0) width 118: "...is a second list..."
                    RenderListItem {LI} at (40,36) size 666x18
                      RenderListMarker at (-17,0) size 7x17: white bullet
                      RenderText {#text} at (0,0) size 182x17
                        text run at (0,0) width 182: "...nested within the list item."
                RenderListItem {LI} at (40,75) size 706x21 [border: (3px solid #000000) none]
                  RenderListMarker at (-17,0) size 7x17: bullet
                  RenderText {#text} at (0,0) size 163x17
                    text run at (0,0) width 163: "This is a second list item."
                RenderListItem {LI} at (40,96) size 706x39 [border: (3px solid #000000) none]
                  RenderListMarker at (-17,0) size 7x17: bullet
                  RenderText {#text} at (0,0) size 670x35
                    text run at (0,0) width 670: "Each list item in this list should have a medium-width black border at its bottom, which for the first item"
                    text run at (0,18) width 180: "means that it should appear "
                  RenderInline {EM} at (0,0) size 51x17
                    RenderText {#text} at (179,18) size 51x17
                      text run at (179,18) width 51: "beneath"
                  RenderText {#text} at (229,18) size 401x17
                    text run at (229,18) width 401: " the nested list (below the line \"...nested within the list item.\")."
