layer at (0,0) size 784x2786
  RenderView at (0,0) size 784x600
layer at (0,0) size 784x2786
  RenderBlock {HTML} at (0,0) size 784x2786
    RenderBody {BODY} at (8,8) size 768x2770 [bgcolor=#CCCCCC]
      RenderBlock (floating) {P} at (0,0) size 384x36 [bgcolor=#FFFF00]
        RenderText {#text} at (0,0) size 384x35
          text run at (0,0) width 384: "This paragraph is of class \"one\". It has a width of 50% and"
          text run at (0,18) width 129: "is floated to the left."
      RenderBlock {P} at (0,0) size 768x90
        RenderText {#text} at (384,0) size 768x89
          text run at (384,0) width 384: "This paragraph should start on the right side of a yellow"
          text run at (384,18) width 384: "box which contains the previous paragraph. Since the text"
          text run at (0,36) width 768: "of this element is much longer than the text in the previous element, the text will wrap around the yellow box. There is"
          text run at (0,54) width 768: "no padding, border or margins on this and the previous element, so the text of the two elements should be very close to"
          text run at (0,72) width 71: "each other."
      RenderBlock (anonymous) at (0,90) size 768x18
        RenderBR {BR} at (0,0) size 0x17
      RenderBlock {HR} at (0,116) size 768x2 [border: (1px inset #000000)]
      RenderBlock (floating) {P} at (0,126) size 768x72 [bgcolor=#FFFF00]
        RenderText {#text} at (0,0) size 768x71
          text run at (0,0) width 768: "This paragraph is of class \"two\". Since the width has been set to 100%, it should automatically be as wide as its parent"
          text run at (0,18) width 768: "element allows it to be. Therefore, even though the element is floated, there is no room for other content on the sides"
          text run at (0,36) width 768: "and a orange square image should be seen AFTER the paragraph, not next to it. A yellow background has been added"
          text run at (0,54) width 265: "to this paragraph for diagnostic purposes."
      RenderBlock (anonymous) at (0,126) size 768x91
        RenderImage {IMG} at (0,72) size 15x15
        RenderText {#text} at (15,73) size 4x17
          text run at (15,73) width 4: " "
        RenderBR {BR} at (19,87) size 0x0
      RenderBlock {HR} at (0,225) size 768x2 [border: (1px inset #000000)]
      RenderBlock (floating) {P} at (0,235) size 384x108 [bgcolor=#FFFF00]
        RenderText {#text} at (0,0) size 384x107
          text run at (0,0) width 384: "This paragraph is floated to the left and the orange square"
          text run at (0,18) width 384: "image should appear to the right of the paragraph. This"
          text run at (0,36) width 384: "paragraph has a yellow background and no padding, margin"
          text run at (0,54) width 384: "or border. The right edge of this yellow box should be"
          text run at (0,72) width 384: "horizontally aligned with the left edge of the yellow box"
          text run at (0,90) width 81: "undernearth."
      RenderBlock (anonymous) at (0,235) size 768x108
        RenderImage {IMG} at (384,0) size 15x15
        RenderText {#text} at (399,1) size 4x17
          text run at (399,1) width 4: " "
        RenderBR {BR} at (403,15) size 0x0
      RenderBlock {HR} at (0,351) size 768x2 [border: (1px inset #000000)]
      RenderBlock (floating) {P} at (384,361) size 384x108 [bgcolor=#FFFF00]
        RenderText {#text} at (0,0) size 384x107
          text run at (0,0) width 384: "This paragraph is floated to the right (using a STYLE"
          text run at (0,18) width 384: "attribute) and the orange square image should appear to the"
          text run at (0,36) width 384: "left of the paragraph. This paragraph has a yellow"
          text run at (0,54) width 384: "background and no padding, margin or border. The left"
          text run at (0,72) width 384: "edge of this yellow box should be horizonally aligned with"
          text run at (0,90) width 251: "the right edge of the yellow box above."
      RenderBlock (anonymous) at (0,361) size 768x108
        RenderImage {IMG} at (0,0) size 15x15
        RenderText {#text} at (15,1) size 4x17
          text run at (15,1) width 4: " "
        RenderBR {BR} at (19,15) size 0x0
      RenderBlock {HR} at (0,477) size 768x2 [border: (1px inset #000000)]
      RenderBlock {P} at (0,487) size 768x72
        RenderBlock (floating) {SPAN} at (0,0) size 48x37 [bgcolor=#C0C0C0]
          RenderText {#text} at (0,0) size 22x36
            text run at (0,0) width 22: "T"
        RenderText {#text} at (48,0) size 768x71
          text run at (48,0) width 720: "he first letter (a \"T\") of this paragraph should float left and be twice the font-size of the rest of the paragraph, as"
          text run at (48,18) width 529: "well as bold, with a content width of 1.5em and a background-color of silver. "
          text run at (576,18) width 192: "The top of the big letter \"T\""
          text run at (48,36) width 720: "should be vertically aligned with the top of the first line of this paragraph. This is commonly known as \"drop-"
          text run at (0,54) width 33: "cap\"."
      RenderBlock (anonymous) at (0,559) size 768x18
        RenderBR {BR} at (0,0) size 0x17
      RenderBlock {HR} at (0,585) size 768x2 [border: (1px inset #000000)]
      RenderBlock (floating) {P} at (422,605) size 336x214 [bgcolor=#FFFF00] [border: (3px solid #FF0000)]
        RenderText {#text} at (8,8) size 320x197
          text run at (8,8) width 320: "This paragraph should be floated to the right, sort"
          text run at (8,26) width 320: "of like a 'sidebar' in a magazine article. Its width"
          text run at (8,44) width 320: "is 20em so the box should not be reformatted"
          text run at (8,62) width 320: "when the size of the viewport is changed (e.g."
          text run at (8,80) width 320: "when the window is resized). The background"
          text run at (8,98) width 320: "color of the element is yellow, and there should"
          text run at (8,116) width 320: "be a 3px solid red border outside a 5px wide"
          text run at (8,134) width 320: "padding. Also, the element has a 10px wide"
          text run at (8,152) width 320: "margin around it where the blue background of"
          text run at (8,170) width 320: "the paragraph in the normal flow should shine"
          text run at (8,188) width 54: "through."
      RenderBlock {P} at (0,595) size 768x216 [bgcolor=#66CCFF]
        RenderText {#text} at (0,0) size 412x215
          text run at (0,0) width 412: "This paragraph is not floating. If there is enough room, the"
          text run at (0,18) width 412: "textual content of the paragraph should appear on the left side"
          text run at (0,36) width 236: "of the yellow \"sidebar\" on the right. "
          text run at (235,36) width 177: "The content of this element"
          text run at (0,54) width 273: "should flow around the floated element. "
          text run at (272,54) width 140: "However, the floated"
          text run at (0,72) width 412: "element may or may not be obscured by the blue background of"
          text run at (0,90) width 412: "this element, as the specification does not say which is drawn"
          text run at (0,108) width 64: "\"on top.\" "
          text run at (63,108) width 349: "Even if the floated element is obscured, it still forces"
          text run at (0,126) width 322: "the content of this element to flow around it. "
          text run at (321,126) width 91: "If the floated"
          text run at (0,144) width 412: "element is not obscured, then the blue rectangle of this"
          text run at (0,162) width 412: "paragraph should extend 10px above and to the right of the"
          text run at (0,180) width 412: "sidebar's red border, due to the margin styles set for the floated"
          text run at (0,198) width 55: "element."
      RenderBlock (anonymous) at (0,811) size 768x18
        RenderBR {BR} at (0,0) size 0x17
      RenderBlock {HR} at (0,837) size 768x2 [border: (1px inset #000000)]
      RenderBlock {DIV} at (0,847) size 768x26 [bgcolor=#66CCFF] [border: (4px solid #FF0000)]
        RenderBlock (floating) {DIV} at (424,14) size 330x244 [bgcolor=#FFFF00]
          RenderBlock {P} at (5,5) size 320x234
            RenderText {#text} at (0,0) size 320x233
              text run at (0,0) width 320: "This paragraph is placed inside a DIV element"
              text run at (0,18) width 320: "which is floated to the right. The width of the"
              text run at (0,36) width 320: "DIV element is 20em. The background is yellow"
              text run at (0,54) width 320: "and there is a 5px padding, a 10px margin and no"
              text run at (0,72) width 320: "border. Since it is floated, the yellow box should"
              text run at (0,90) width 320: "be rendered on top of the background and borders"
              text run at (0,108) width 320: "of adjacent non-floated elements. To the left of"
              text run at (0,126) width 320: "this yellow box there should be a short paragraph"
              text run at (0,144) width 320: "with a blue background and a red border. The"
              text run at (0,162) width 320: "yellow box should be rendered on top of the"
              text run at (0,180) width 320: "bottom red border. I.e., the bottom red border will"
              text run at (0,198) width 320: "appear broken where it's overlaid by the yellow"
              text run at (0,216) width 63: "rectangle."
        RenderBlock {P} at (4,4) size 760x18
          RenderText {#text} at (0,0) size 274x17
            text run at (0,0) width 274: "See description in the box on the right side"
      RenderBlock (anonymous) at (0,873) size 768x242
        RenderBR {BR} at (0,0) size 0x17
      RenderBlock {HR} at (0,1123) size 768x2 [border: (1px inset #000000)]
      RenderBlock (floating) {DIV} at (0,1133) size 192x72 [bgcolor=#66CCFF]
        RenderBlock {P} at (0,0) size 192x72
          RenderText {#text} at (0,0) size 192x71
            text run at (0,0) width 192: "This paragraph is inside a"
            text run at (0,18) width 192: "DIV which is floated left. Its"
            text run at (0,36) width 192: "background is blue and the"
            text run at (0,54) width 89: "width is 25%."
      RenderBlock (floating) {DIV} at (576,1133) size 192x72 [bgcolor=#FFFF00]
        RenderBlock {P} at (0,0) size 192x72
          RenderText {#text} at (0,0) size 192x71
            text run at (0,0) width 192: "This paragraph is inside a"
            text run at (0,18) width 192: "DIV which is floated right."
            text run at (0,36) width 21: "Its "
            text run at (21,36) width 171: "background is yellow and"
            text run at (0,54) width 112: "the width is 25%."
      RenderBlock {P} at (0,1133) size 768x36
        RenderText {#text} at (192,0) size 384x35
          text run at (192,0) width 384: "This paragraph should appear between a blue box (on the"
          text run at (192,18) width 31: "left) "
          text run at (222,18) width 203: "and a yellow box (on the right)."
      RenderBlock (anonymous) at (0,1169) size 768x36
        RenderBR {BR} at (192,0) size 0x17
      RenderBlock {HR} at (0,1213) size 768x2 [border: (1px inset #000000)]
      RenderBlock (floating) {DIV} at (0,1223) size 576x126 [bgcolor=#66CCFF]
        RenderBlock (floating) {DIV} at (422,0) size 144x36 [bgcolor=#FFFF00]
          RenderBlock {P} at (0,0) size 144x36
            RenderText {#text} at (0,0) size 144x35
              text run at (0,0) width 144: "See description in the"
              text run at (0,18) width 127: "box on the left side."
        RenderBlock {P} at (0,0) size 576x126
          RenderText {#text} at (0,0) size 576x125
            text run at (0,0) width 422: "This paragraph is inside a DIV which is floated left. The"
            text run at (0,18) width 422: "background of the DIV element is blue and its width is 75%. This"
            text run at (0,36) width 406: "text should all be inside the blue rectangle. The blue DIV "
            text run at (405,36) width 171: "element has another DIV"
            text run at (0,54) width 224: "element as a child. It has a yellow "
            text run at (223,54) width 353: "background color and is floated to the right. Since it is"
            text run at (0,72) width 12: "a "
            text run at (11,72) width 410: "child of the blue DIV, the yellow DIV should appear inside the "
            text run at (420,72) width 156: "blue rectangle. Due to it"
            text run at (0,90) width 253: "being floated to the right and having "
            text run at (252,90) width 324: "a 10px right margin, the yellow rectange should"
            text run at (0,108) width 113: "have a 10px blue "
            text run at (112,108) width 144: "stripe on its right side."
      RenderBlock (anonymous) at (0,1223) size 768x126
        RenderBR {BR} at (576,0) size 0x17
      RenderBlock {HR} at (0,1357) size 768x2 [border: (1px inset #000000)]
      RenderTable {TABLE} at (0,1367) size 768x1403 [border: (1px outset #808080)]
        RenderTableSection {TBODY} at (1,1) size 766x1401
          RenderTableRow {TR} at (0,0) size 766x26
            RenderTableCell {TD} at (0,0) size 766x26 [bgcolor=#C0C0C0] [border: (1px inset #808080)] [r=0 c=0 rs=1 cs=2]
              RenderInline {STRONG} at (0,0) size 163x17
                RenderText {#text} at (4,4) size 163x17
                  text run at (4,4) width 163: "TABLE Testing Section"
          RenderTableRow {TR} at (0,26) size 766x1375
            RenderTableCell {TD} at (0,700) size 12x26 [bgcolor=#C0C0C0] [border: (1px inset #808080)] [r=1 c=0 rs=1 cs=1]
              RenderText {#text} at (4,4) size 4x17
                text run at (4,4) width 4: " "
            RenderTableCell {TD} at (12,26) size 754x1375 [border: (1px inset #808080)] [r=1 c=1 rs=1 cs=1]
              RenderBlock (floating) {P} at (4,4) size 373x36 [bgcolor=#FFFF00]
                RenderText {#text} at (0,0) size 373x35
                  text run at (0,0) width 373: "This paragraph is of class \"one\". It has a width of 50%"
                  text run at (0,18) width 156: "and is floated to the left."
              RenderBlock {P} at (4,4) size 746x90
                RenderText {#text} at (373,0) size 746x89
                  text run at (373,0) width 373: "This paragraph should start on the right side of a yellow"
                  text run at (373,18) width 373: "box which contains the previous paragraph. Since the text"
                  text run at (0,36) width 746: "of this element is much longer than the text in the previous element, the text will wrap around the yellow box. There"
                  text run at (0,54) width 746: "is no padding, border or margins on this and the previous element, so the text of the two elements should be very"
                  text run at (0,72) width 124: "close to each other."
              RenderBlock (anonymous) at (4,94) size 746x18
                RenderBR {BR} at (0,0) size 0x17
              RenderBlock {HR} at (4,120) size 746x2 [border: (1px inset #000000)]
              RenderBlock (floating) {P} at (4,130) size 746x72 [bgcolor=#FFFF00]
                RenderText {#text} at (0,0) size 746x71
                  text run at (0,0) width 746: "This paragraph is of class \"two\". Since the width has been set to 100%, it should automatically be as wide as its"
                  text run at (0,18) width 746: "parent element allows it to be. Therefore, even though the element is floated, there is no room for other content on"
                  text run at (0,36) width 746: "the sides and a orange square image should be seen AFTER the paragraph, not next to it. A yellow background has"
                  text run at (0,54) width 342: "been added to this paragraph for diagnostic purposes."
              RenderBlock (anonymous) at (4,130) size 746x91
                RenderImage {IMG} at (0,72) size 15x15
                RenderText {#text} at (15,73) size 4x17
                  text run at (15,73) width 4: " "
                RenderBR {BR} at (19,87) size 0x0
              RenderBlock {HR} at (4,229) size 746x2 [border: (1px inset #000000)]
              RenderBlock (floating) {P} at (4,239) size 373x108 [bgcolor=#FFFF00]
                RenderText {#text} at (0,0) size 373x107
                  text run at (0,0) width 373: "This paragraph is floated to the left and the orange square"
                  text run at (0,18) width 373: "image should appear to the right of the paragraph. This"
                  text run at (0,36) width 373: "paragraph has a yellow background and no padding,"
                  text run at (0,54) width 373: "margin or border. The right edge of this yellow box"
                  text run at (0,72) width 373: "should be horizontally aligned with the left edge of the"
                  text run at (0,90) width 156: "yellow box undernearth."
              RenderBlock (anonymous) at (4,239) size 746x108
                RenderImage {IMG} at (373,0) size 15x15
                RenderText {#text} at (388,1) size 4x17
                  text run at (388,1) width 4: " "
                RenderBR {BR} at (392,15) size 0x0
              RenderBlock {HR} at (4,355) size 746x2 [border: (1px inset #000000)]
              RenderBlock (floating) {P} at (377,365) size 373x108 [bgcolor=#FFFF00]
                RenderText {#text} at (0,0) size 373x107
                  text run at (0,0) width 373: "This paragraph is floated to the right (using a STYLE"
                  text run at (0,18) width 373: "attribute) and the orange square image should appear to"
                  text run at (0,36) width 373: "the left of the paragraph. This paragraph has a yellow"
                  text run at (0,54) width 373: "background and no padding, margin or border. The left"
                  text run at (0,72) width 373: "edge of this yellow box should be horizonally aligned"
                  text run at (0,90) width 284: "with the right edge of the yellow box above."
              RenderBlock (anonymous) at (4,365) size 746x108
                RenderImage {IMG} at (0,0) size 15x15
                RenderText {#text} at (15,1) size 4x17
                  text run at (15,1) width 4: " "
                RenderBR {BR} at (19,15) size 0x0
              RenderBlock {HR} at (4,481) size 746x2 [border: (1px inset #000000)]
              RenderBlock {P} at (4,491) size 746x72
                RenderBlock (floating) {SPAN} at (0,0) size 48x37 [bgcolor=#C0C0C0]
                  RenderText {#text} at (0,0) size 22x36
                    text run at (0,0) width 22: "T"
                RenderText {#text} at (48,0) size 746x71
                  text run at (48,0) width 698: "he first letter (a \"T\") of this paragraph should float left and be twice the font-size of the rest of the paragraph,"
                  text run at (48,18) width 519: "as well as bold, with a content width of 1.5em and a background-color of silver. "
                  text run at (566,18) width 180: "The top of the big letter \"T\""
                  text run at (48,36) width 698: "should be vertically aligned with the top of the first line of this paragraph. This is commonly known as"
                  text run at (0,54) width 74: "\"drop-cap\"."
              RenderBlock (anonymous) at (4,563) size 746x18
                RenderBR {BR} at (0,0) size 0x17
              RenderBlock {HR} at (4,589) size 746x2 [border: (1px inset #000000)]
              RenderBlock (floating) {P} at (404,609) size 336x214 [bgcolor=#FFFF00] [border: (3px solid #FF0000)]
                RenderText {#text} at (8,8) size 320x197
                  text run at (8,8) width 320: "This paragraph should be floated to the right, sort"
                  text run at (8,26) width 320: "of like a 'sidebar' in a magazine article. Its width"
                  text run at (8,44) width 320: "is 20em so the box should not be reformatted"
                  text run at (8,62) width 320: "when the size of the viewport is changed (e.g."
                  text run at (8,80) width 320: "when the window is resized). The background"
                  text run at (8,98) width 320: "color of the element is yellow, and there should"
                  text run at (8,116) width 320: "be a 3px solid red border outside a 5px wide"
                  text run at (8,134) width 320: "padding. Also, the element has a 10px wide"
                  text run at (8,152) width 320: "margin around it where the blue background of"
                  text run at (8,170) width 320: "the paragraph in the normal flow should shine"
                  text run at (8,188) width 54: "through."
              RenderBlock {P} at (4,599) size 746x216 [bgcolor=#66CCFF]
                RenderText {#text} at (0,0) size 390x215
                  text run at (0,0) width 390: "This paragraph is not floating. If there is enough room, the"
                  text run at (0,18) width 390: "textual content of the paragraph should appear on the left"
                  text run at (0,36) width 268: "side of the yellow \"sidebar\" on the right. "
                  text run at (267,36) width 123: "The content of this"
                  text run at (0,54) width 327: "element should flow around the floated element. "
                  text run at (326,54) width 64: "However,"
                  text run at (0,72) width 390: "the floated element may or may not be obscured by the blue"
                  text run at (0,90) width 390: "background of this element, as the specification does not say"
                  text run at (0,108) width 183: "which is drawn \"on top.\" "
                  text run at (182,108) width 208: "Even if the floated element is"
                  text run at (0,126) width 390: "obscured, it still forces the content of this element to flow"
                  text run at (0,144) width 71: "around it. "
                  text run at (70,144) width 320: "If the floated element is not obscured, then the"
                  text run at (0,162) width 390: "blue rectangle of this paragraph should extend 10px above"
                  text run at (0,180) width 390: "and to the right of the sidebar's red border, due to the margin"
                  text run at (0,198) width 212: "styles set for the floated element."
              RenderBlock (anonymous) at (4,815) size 746x18
                RenderBR {BR} at (0,0) size 0x17
              RenderBlock {HR} at (4,841) size 746x2 [border: (1px inset #000000)]
              RenderBlock {DIV} at (4,851) size 746x26 [bgcolor=#66CCFF] [border: (4px solid #FF0000)]
                RenderBlock (floating) {DIV} at (402,14) size 330x244 [bgcolor=#FFFF00]
                  RenderBlock {P} at (5,5) size 320x234
                    RenderText {#text} at (0,0) size 320x233
                      text run at (0,0) width 320: "This paragraph is placed inside a DIV element"
                      text run at (0,18) width 320: "which is floated to the right. The width of the"
                      text run at (0,36) width 320: "DIV element is 20em. The background is yellow"
                      text run at (0,54) width 320: "and there is a 5px padding, a 10px margin and no"
                      text run at (0,72) width 320: "border. Since it is floated, the yellow box should"
                      text run at (0,90) width 320: "be rendered on top of the background and borders"
                      text run at (0,108) width 320: "of adjacent non-floated elements. To the left of"
                      text run at (0,126) width 320: "this yellow box there should be a short paragraph"
                      text run at (0,144) width 320: "with a blue background and a red border. The"
                      text run at (0,162) width 320: "yellow box should be rendered on top of the"
                      text run at (0,180) width 320: "bottom red border. I.e., the bottom red border will"
                      text run at (0,198) width 320: "appear broken where it's overlaid by the yellow"
                      text run at (0,216) width 63: "rectangle."
                RenderBlock {P} at (4,4) size 738x18
                  RenderText {#text} at (0,0) size 274x17
                    text run at (0,0) width 274: "See description in the box on the right side"
              RenderBlock (anonymous) at (4,877) size 746x242
                RenderBR {BR} at (0,0) size 0x17
              RenderBlock {HR} at (4,1127) size 746x2 [border: (1px inset #000000)]
              RenderBlock (floating) {DIV} at (4,1137) size 186x72 [bgcolor=#66CCFF]
                RenderBlock {P} at (0,0) size 186x72
                  RenderText {#text} at (0,0) size 186x71
                    text run at (0,0) width 186: "This paragraph is inside a"
                    text run at (0,18) width 186: "DIV which is floated left. Its"
                    text run at (0,36) width 186: "background is blue and the"
                    text run at (0,54) width 89: "width is 25%."
              RenderBlock (floating) {DIV} at (564,1137) size 186x72 [bgcolor=#FFFF00]
                RenderBlock {P} at (0,0) size 186x72
                  RenderText {#text} at (0,0) size 186x71
                    text run at (0,0) width 186: "This paragraph is inside a"
                    text run at (0,18) width 186: "DIV which is floated right."
                    text run at (0,36) width 20: "Its "
                    text run at (20,36) width 166: "background is yellow and"
                    text run at (0,54) width 112: "the width is 25%."
              RenderBlock {P} at (4,1137) size 746x36
                RenderText {#text} at (186,0) size 374x35
                  text run at (186,0) width 374: "This paragraph should appear between a blue box (on the"
                  text run at (186,18) width 31: "left) "
                  text run at (216,18) width 203: "and a yellow box (on the right)."
              RenderBlock (anonymous) at (4,1173) size 746x36
                RenderBR {BR} at (186,0) size 0x17
              RenderBlock {HR} at (4,1217) size 746x2 [border: (1px inset #000000)]
              RenderBlock (floating) {DIV} at (4,1227) size 559x126 [bgcolor=#66CCFF]
                RenderBlock (floating) {DIV} at (410,0) size 139x36 [bgcolor=#FFFF00]
                  RenderBlock {P} at (0,0) size 139x36
                    RenderText {#text} at (0,0) size 139x35
                      text run at (0,0) width 139: "See description in the"
                      text run at (0,18) width 127: "box on the left side."
                RenderBlock {P} at (0,0) size 559x126
                  RenderText {#text} at (0,0) size 559x125
                    text run at (0,0) width 410: "This paragraph is inside a DIV which is floated left. The"
                    text run at (0,18) width 410: "background of the DIV element is blue and its width is 75%."
                    text run at (0,36) width 35: "This "
                    text run at (34,36) width 393: "text should all be inside the blue rectangle. The blue DIV "
                    text run at (427,36) width 132: "element has another"
                    text run at (0,54) width 268: "DIV element as a child. It has a yellow "
                    text run at (267,54) width 292: "background color and is floated to the right."
                    text run at (0,72) width 90: "Since it is a "
                    text run at (89,72) width 442: "child of the blue DIV, the yellow DIV should appear inside the "
                    text run at (530,72) width 29: "blue"
                    text run at (0,90) width 394: "rectangle. Due to it being floated to the right and having "
                    text run at (393,90) width 166: "a 10px right margin, the"
                    text run at (0,108) width 266: "yellow rectange should have a 10px blue "
                    text run at (265,108) width 143: "stripe on its right side."
              RenderBlock (anonymous) at (4,1227) size 746x126
                RenderBR {BR} at (559,0) size 0x17
              RenderBlock {HR} at (4,1361) size 746x2 [border: (1px inset #000000)]
