layer at (0,0) size 800x600
  RenderView at (0,0) size 800x600
layer at (0,0) size 800x600
  RenderBlock {HTML} at (0,0) size 800x600
    RenderBody {BODY} at (8,8) size 784x584 [bgcolor=#CCCCCC]
      RenderBlock {P} at (0,0) size 784x18
        RenderText {#text} at (0,0) size 363x17
          text run at (0,0) width 363: "The style declarations which apply to the text below are:"
      RenderBlock {PRE} at (0,34) size 784x30
        RenderText {#text} at (0,0) size 391x30
          text run at (0,0) width 383: ".one {margin-left: 25px; background-color: aqua;}"
          text run at (382,0) width 1: " "
          text run at (0,15) width 391: ".two {margin-left: -10px; background-color: aqua;}"
          text run at (390,15) width 1: " "
      RenderBlock {HR} at (0,77) size 784x2 [border: (1px inset #000000)]
      RenderBlock {P} at (0,95) size 784x36 [bgcolor=#808080]
        RenderText {#text} at (0,0) size 553x17
          text run at (0,0) width 397: "This element is unstyled save for a background color of gray. "
          text run at (396,0) width 157: "However, it contains an "
        RenderInline {SPAN} at (0,0) size 172x17 [bgcolor=#00FFFF]
          RenderText {#text} at (577,0) size 148x17
            text run at (577,0) width 148: "inline element of class "
          RenderInline {TT} at (0,0) size 25x15
            RenderText {#text} at (724,3) size 25x15
              text run at (724,3) width 25: "one"
        RenderText {#text} at (748,0) size 753x35
          text run at (748,0) width 5: ","
          text run at (0,18) width 351: "which should result in 25-pixel left margin only in the "
        RenderInline {STRONG} at (0,0) size 29x17
          RenderText {#text} at (350,18) size 29x17
            text run at (350,18) width 29: "first"
        RenderText {#text} at (378,18) size 237x17
          text run at (378,18) width 237: " line in which the inline box appears."
      RenderBlock {P} at (0,147) size 784x36 [bgcolor=#808080]
        RenderText {#text} at (0,0) size 553x17
          text run at (0,0) width 397: "This element is unstyled save for a background color of gray. "
          text run at (396,0) width 157: "However, it contains an "
        RenderInline {SPAN} at (0,0) size 172x17 [bgcolor=#00FFFF]
          RenderText {#text} at (542,0) size 148x17
            text run at (542,0) width 148: "inline element of class "
          RenderInline {TT} at (0,0) size 25x15
            RenderText {#text} at (689,3) size 25x15
              text run at (689,3) width 25: "two"
        RenderText {#text} at (713,0) size 761x35
          text run at (713,0) width 48: ", which"
          text run at (0,18) width 292: "should result in -10px left margin only in the "
        RenderInline {STRONG} at (0,0) size 29x17
          RenderText {#text} at (291,18) size 29x17
            text run at (291,18) width 29: "first"
        RenderText {#text} at (319,18) size 237x17
          text run at (319,18) width 237: " line in which the inline box appears."
      RenderTable {TABLE} at (0,199) size 784x124 [border: (1px outset #808080)]
        RenderTableSection {TBODY} at (1,1) size 782x122
          RenderTableRow {TR} at (0,0) size 782x26
            RenderTableCell {TD} at (0,0) size 782x26 [bgcolor=#C0C0C0] [border: (1px inset #808080)] [r=0 c=0 rs=1 cs=2]
              RenderInline {STRONG} at (0,0) size 163x17
                RenderText {#text} at (4,4) size 163x17
                  text run at (4,4) width 163: "TABLE Testing Section"
          RenderTableRow {TR} at (0,26) size 782x96
            RenderTableCell {TD} at (0,61) size 12x26 [bgcolor=#C0C0C0] [border: (1px inset #808080)] [r=1 c=0 rs=1 cs=1]
              RenderText {#text} at (4,4) size 4x17
                text run at (4,4) width 4: " "
            RenderTableCell {TD} at (12,26) size 770x96 [border: (1px inset #808080)] [r=1 c=1 rs=1 cs=1]
              RenderBlock {P} at (4,4) size 762x36 [bgcolor=#808080]
                RenderText {#text} at (0,0) size 553x17
                  text run at (0,0) width 397: "This element is unstyled save for a background color of gray. "
                  text run at (396,0) width 157: "However, it contains an "
                RenderInline {SPAN} at (0,0) size 172x17 [bgcolor=#00FFFF]
                  RenderText {#text} at (577,0) size 148x17
                    text run at (577,0) width 148: "inline element of class "
                  RenderInline {TT} at (0,0) size 25x15
                    RenderText {#text} at (724,3) size 25x15
                      text run at (724,3) width 25: "one"
                RenderText {#text} at (748,0) size 753x35
                  text run at (748,0) width 5: ","
                  text run at (0,18) width 351: "which should result in 25-pixel left margin only in the "
                RenderInline {STRONG} at (0,0) size 29x17
                  RenderText {#text} at (350,18) size 29x17
                    text run at (350,18) width 29: "first"
                RenderText {#text} at (378,18) size 237x17
                  text run at (378,18) width 237: " line in which the inline box appears."
              RenderBlock {P} at (4,56) size 762x36 [bgcolor=#808080]
                RenderText {#text} at (0,0) size 553x17
                  text run at (0,0) width 397: "This element is unstyled save for a background color of gray. "
                  text run at (396,0) width 157: "However, it contains an "
                RenderInline {SPAN} at (0,0) size 172x17 [bgcolor=#00FFFF]
                  RenderText {#text} at (542,0) size 148x17
                    text run at (542,0) width 148: "inline element of class "
                  RenderInline {TT} at (0,0) size 25x15
                    RenderText {#text} at (689,3) size 25x15
                      text run at (689,3) width 25: "two"
                RenderText {#text} at (713,0) size 761x35
                  text run at (713,0) width 48: ", which"
                  text run at (0,18) width 292: "should result in -10px left margin only in the "
                RenderInline {STRONG} at (0,0) size 29x17
                  RenderText {#text} at (291,18) size 29x17
                    text run at (291,18) width 29: "first"
                RenderText {#text} at (319,18) size 237x17
                  text run at (319,18) width 237: " line in which the inline box appears."
