layer at (0,0) size 784x732
  RenderView at (0,0) size 784x600
layer at (0,0) size 784x732
  RenderBlock {HTML} at (0,0) size 784x732
    RenderBody {BODY} at (8,8) size 768x716 [bgcolor=#CCCCCC]
      RenderBlock {P} at (0,0) size 768x18
        RenderText {#text} at (0,0) size 363x17
          text run at (0,0) width 363: "The style declarations which apply to the text below are:"
      RenderBlock {PRE} at (0,34) size 768x45
        RenderText {#text} at (0,0) size 352x45
          text run at (0,0) width 344: ".zero {background-color: silver; margin: 0;}"
          text run at (343,0) width 1: " "
          text run at (0,15) width 344: ".one {margin: 25px; background-color: aqua;}"
          text run at (343,15) width 1: " "
          text run at (0,30) width 352: ".two {margin: -10px; background-color: aqua;}"
          text run at (351,30) width 1: " "
      RenderBlock {HR} at (0,92) size 768x2 [border: (1px inset #000000)]
      RenderBlock {P} at (0,102) size 768x18 [bgcolor=#C0C0C0]
        RenderText {#text} at (0,0) size 208x17
          text run at (0,0) width 208: "This element has a class of zero."
      RenderBlock {P} at (0,136) size 768x90 [bgcolor=#808080]
        RenderText {#text} at (0,0) size 491x17
          text run at (0,0) width 401: "This element is unstyled save for a background color of gray.. "
          text run at (400,0) width 91: "It contains an "
        RenderInline {SPAN} at (0,0) size 768x35 [bgcolor=#00FFFF]
          RenderText {#text} at (515,0) size 149x17
            text run at (515,0) width 149: "inline element of class "
          RenderInline {TT} at (0,0) size 24x15
            RenderText {#text} at (663,3) size 24x15
              text run at (663,3) width 24: "one"
          RenderText {#text} at (686,0) size 768x35
            text run at (686,0) width 82: ", giving it an"
            text run at (0,18) width 234: "aqua background and a 25px margin"
        RenderText {#text} at (258,18) size 761x71
          text run at (258,18) width 9: ". "
          text run at (266,18) width 470: "Margins on inline elements does not affect line-height calculations, so all"
          text run at (0,36) width 352: "lines in this element should have the same line-height. "
          text run at (351,36) width 397: "However, there should be a 25px margin to the left side of the"
          text run at (0,54) width 761: "inline box in the first line it appears, and a 25px margin to the right side of the inline element box in the last line where"
          text run at (0,72) width 66: "it appears."
      RenderBlock {P} at (0,242) size 768x18 [bgcolor=#C0C0C0]
        RenderText {#text} at (0,0) size 208x17
          text run at (0,0) width 208: "This element has a class of zero."
      RenderBlock {P} at (0,276) size 768x72 [bgcolor=#808080]
        RenderText {#text} at (0,0) size 491x17
          text run at (0,0) width 401: "This element is unstyled save for a background color of gray.. "
          text run at (400,0) width 91: "It contains an "
        RenderInline {SPAN} at (0,0) size 767x35 [bgcolor=#00FFFF]
          RenderText {#text} at (480,0) size 149x17
            text run at (480,0) width 149: "inline element of class "
          RenderInline {TT} at (0,0) size 24x15
            RenderText {#text} at (628,3) size 24x15
              text run at (628,3) width 24: "two"
          RenderText {#text} at (651,0) size 767x35
            text run at (651,0) width 116: ", giving it an aqua"
            text run at (0,18) width 205: "background and a -10px margin"
        RenderText {#text} at (194,18) size 761x53
          text run at (194,18) width 9: ". "
          text run at (202,18) width 547: "Margins on inline elements does not affect line-height calculations, so all lines in this"
          text run at (0,36) width 274: "element should have the same line-height. "
          text run at (273,36) width 488: "However, there should be a -10px margin to the left side of the inline box in"
          text run at (0,54) width 751: "the first line it appears, and a -10px margin to the right side of the inline element box in the last line where it appears."
      RenderBlock {P} at (0,364) size 768x18 [bgcolor=#C0C0C0]
        RenderText {#text} at (0,0) size 208x17
          text run at (0,0) width 208: "This element has a class of zero."
      RenderTable {TABLE} at (0,382) size 768x334 [border: (1px outset #808080)]
        RenderTableSection {TBODY} at (1,1) size 766x332
          RenderTableRow {TR} at (0,0) size 766x26
            RenderTableCell {TD} at (0,0) size 766x26 [bgcolor=#C0C0C0] [border: (1px inset #808080)] [r=0 c=0 rs=1 cs=2]
              RenderInline {STRONG} at (0,0) size 163x17
                RenderText {#text} at (4,4) size 163x17
                  text run at (4,4) width 163: "TABLE Testing Section"
          RenderTableRow {TR} at (0,26) size 766x306
            RenderTableCell {TD} at (0,166) size 12x26 [bgcolor=#C0C0C0] [border: (1px inset #808080)] [r=1 c=0 rs=1 cs=1]
              RenderText {#text} at (4,4) size 4x17
                text run at (4,4) width 4: " "
            RenderTableCell {TD} at (12,26) size 754x306 [border: (1px inset #808080)] [r=1 c=1 rs=1 cs=1]
              RenderBlock {P} at (4,4) size 746x18 [bgcolor=#C0C0C0]
                RenderText {#text} at (0,0) size 208x17
                  text run at (0,0) width 208: "This element has a class of zero."
              RenderBlock {P} at (4,38) size 746x90 [bgcolor=#808080]
                RenderText {#text} at (0,0) size 491x17
                  text run at (0,0) width 401: "This element is unstyled save for a background color of gray.. "
                  text run at (400,0) width 91: "It contains an "
                RenderInline {SPAN} at (0,0) size 736x35 [bgcolor=#00FFFF]
                  RenderText {#text} at (515,0) size 149x17
                    text run at (515,0) width 149: "inline element of class "
                  RenderInline {TT} at (0,0) size 24x15
                    RenderText {#text} at (663,3) size 24x15
                      text run at (663,3) width 24: "one"
                  RenderText {#text} at (686,0) size 736x35
                    text run at (686,0) width 50: ", giving"
                    text run at (0,18) width 266: "it an aqua background and a 25px margin"
                RenderText {#text} at (290,18) size 746x71
                  text run at (290,18) width 9: ". "
                  text run at (298,18) width 431: "Margins on inline elements does not affect line-height calculations,"
                  text run at (0,36) width 390: "so all lines in this element should have the same line-height. "
                  text run at (389,36) width 357: "However, there should be a 25px margin to the left side"
                  text run at (0,54) width 731: "of the inline box in the first line it appears, and a 25px margin to the right side of the inline element box in the last"
                  text run at (0,72) width 137: "line where it appears."
              RenderBlock {P} at (4,144) size 746x18 [bgcolor=#C0C0C0]
                RenderText {#text} at (0,0) size 208x17
                  text run at (0,0) width 208: "This element has a class of zero."
              RenderBlock {P} at (4,178) size 746x90 [bgcolor=#808080]
                RenderText {#text} at (0,0) size 491x17
                  text run at (0,0) width 401: "This element is unstyled save for a background color of gray.. "
                  text run at (400,0) width 91: "It contains an "
                RenderInline {SPAN} at (0,0) size 733x35 [bgcolor=#00FFFF]
                  RenderText {#text} at (480,0) size 149x17
                    text run at (480,0) width 149: "inline element of class "
                  RenderInline {TT} at (0,0) size 24x15
                    RenderText {#text} at (628,3) size 24x15
                      text run at (628,3) width 24: "two"
                  RenderText {#text} at (651,0) size 733x35
                    text run at (651,0) width 82: ", giving it an"
                    text run at (0,18) width 239: "aqua background and a -10px margin"
                RenderText {#text} at (228,18) size 740x71
                  text run at (228,18) width 9: ". "
                  text run at (236,18) width 504: "Margins on inline elements does not affect line-height calculations, so all lines"
                  text run at (0,36) width 317: "in this element should have the same line-height. "
                  text run at (316,36) width 403: "However, there should be a -10px margin to the left side of the"
                  text run at (0,54) width 723: "inline box in the first line it appears, and a -10px margin to the right side of the inline element box in the last line"
                  text run at (0,72) width 109: "where it appears."
              RenderBlock {P} at (4,284) size 746x18 [bgcolor=#C0C0C0]
                RenderText {#text} at (0,0) size 208x17
                  text run at (0,0) width 208: "This element has a class of zero."
