layer at (0,0) size 784x1728
  RenderView at (0,0) size 784x600
layer at (0,0) size 784x1728
  RenderBlock {HTML} at (0,0) size 784x1728
    RenderBody {BODY} at (8,8) size 768x1712 [bgcolor=#CCCCCC]
      RenderBlock {P} at (0,0) size 768x18
        RenderText {#text} at (0,0) size 363x17
          text run at (0,0) width 363: "The style declarations which apply to the text below are:"
      RenderBlock {PRE} at (0,34) size 768x135
        RenderText {#text} at (0,0) size 406x135
          text run at (0,0) width 398: ".zero {background-color: silver; margin-bottom: 0;}"
          text run at (397,0) width 1: " "
          text run at (0,15) width 406: ".one {margin-bottom: 0.5in; background-color: aqua;}"
          text run at (405,15) width 1: " "
          text run at (0,30) width 398: ".two {margin-bottom: 25px; background-color: aqua;}"
          text run at (397,30) width 1: " "
          text run at (0,45) width 406: ".three {margin-bottom: 5em; background-color: aqua;}"
          text run at (405,45) width 1: " "
          text run at (0,60) width 398: ".four {margin-bottom: 25%; background-color: aqua;}"
          text run at (397,60) width 1: " "
          text run at (0,75) width 219: ".five {margin-bottom: 25px;}"
          text run at (218,75) width 1: " "
          text run at (0,90) width 406: ".six {margin-bottom: -10px; background-color: aqua;}"
          text run at (405,90) width 1: " "
          text run at (0,105) width 172: "P, UL {margin-top: 0;}"
          text run at (171,105) width 1: " "
          text run at (0,120) width 0: " "
      RenderBlock {HR} at (0,182) size 768x2 [border: (1px inset #000000)]
      RenderBlock {P} at (0,192) size 768x18 [bgcolor=#C0C0C0]
        RenderText {#text} at (0,0) size 208x17
          text run at (0,0) width 208: "This element has a class of zero."
      RenderBlock {P} at (0,210) size 768x36 [bgcolor=#00FFFF]
        RenderText {#text} at (0,0) size 756x35
          text run at (0,0) width 756: "This sentence should have a bottom margin of half an inch, which will require extra text in order to make sure that the"
          text run at (0,18) width 209: "margin isn't applied to each line."
      RenderBlock {P} at (0,294) size 768x36 [bgcolor=#00FFFF]
        RenderText {#text} at (0,0) size 739x35
          text run at (0,0) width 739: "This sentence should have a bottom margin of 25 pixels, which will require extra text in order to make sure that the"
          text run at (0,18) width 209: "margin isn't applied to each line."
      RenderBlock {P} at (0,355) size 768x36 [bgcolor=#00FFFF]
        RenderText {#text} at (0,0) size 762x35
          text run at (0,0) width 762: "This sentence should have a bottom margin of 5 em, which will require extra text in order to make sure that the margin"
          text run at (0,18) width 159: "isn't applied to each line."
      RenderBlock {P} at (0,471) size 768x36 [bgcolor=#00FFFF]
        RenderText {#text} at (0,0) size 755x35
          text run at (0,0) width 755: "This element should have a bottom margin of 25%, which will require extra text in order to make sure that the margin"
          text run at (0,18) width 159: "isn't applied to each line."
      RenderBlock {P} at (0,699) size 768x18 [bgcolor=#C0C0C0]
        RenderText {#text} at (0,0) size 208x17
          text run at (0,0) width 208: "This element has a class of zero."
      RenderBlock {P} at (0,717) size 768x18 [bgcolor=#C0C0C0]
        RenderText {#text} at (0,0) size 238x17
          text run at (0,0) width 238: "This element also has a class of zero."
      RenderBlock {UL} at (0,735) size 768x97 [bgcolor=#00FFFF]
        RenderListItem {LI} at (40,0) size 728x18
          RenderListMarker at (-17,0) size 7x17: bullet
          RenderText {#text} at (0,0) size 433x17
            text run at (0,0) width 433: "This list has a margin-bottom of 25px, and a light blue background."
        RenderListItem {LI} at (40,18) size 728x18
          RenderListMarker at (-17,0) size 7x17: bullet
          RenderText {#text} at (0,0) size 269x17
            text run at (0,0) width 269: "Therefore, it ought to have such a margin."
        RenderListItem {LI} at (40,36) size 728x18
          RenderListMarker at (-17,0) size 7x17: bullet
          RenderText {#text} at (0,0) size 605x17
            text run at (0,0) width 605: "This list item has a bottom margin of 25px, which should cause it to be offset in some fashion."
        RenderListItem {LI} at (40,79) size 728x18
          RenderListMarker at (-17,0) size 7x17: bullet
          RenderText {#text} at (0,0) size 304x17
            text run at (0,0) width 304: "This list item has no special styles applied to it."
      RenderBlock {P} at (0,857) size 768x54 [bgcolor=#00FFFF]
        RenderText {#text} at (0,0) size 761x53
          text run at (0,0) width 761: "This paragraph has a bottom margin of -10px, which should cause elements after it to be shifted \"upward\" on the page,"
          text run at (0,18) width 125: "and no top margin. "
          text run at (124,18) width 499: "No other styles have been applied to it besides a light blue background color. "
          text run at (622,18) width 130: "In all other respects,"
          text run at (0,36) width 194: "the element should be normal."
      RenderBlock {P} at (0,901) size 768x18 [bgcolor=#C0C0C0]
        RenderText {#text} at (0,0) size 208x17
          text run at (0,0) width 208: "This element has a class of zero."
      RenderBlock {P} at (0,919) size 768x18 [bgcolor=#C0C0C0]
        RenderText {#text} at (0,0) size 238x17
          text run at (0,0) width 238: "This element also has a class of zero."
      RenderTable {TABLE} at (0,937) size 768x775 [border: (1px outset #808080)]
        RenderTableSection {TBODY} at (1,1) size 766x773
          RenderTableRow {TR} at (0,0) size 766x26
            RenderTableCell {TD} at (0,0) size 766x26 [bgcolor=#C0C0C0] [border: (1px inset #808080)] [r=0 c=0 rs=1 cs=2]
              RenderInline {STRONG} at (0,0) size 163x17
                RenderText {#text} at (4,4) size 163x17
                  text run at (4,4) width 163: "TABLE Testing Section"
          RenderTableRow {TR} at (0,26) size 766x747
            RenderTableCell {TD} at (0,386) size 12x26 [bgcolor=#C0C0C0] [border: (1px inset #808080)] [r=1 c=0 rs=1 cs=1]
              RenderText {#text} at (4,4) size 4x17
                text run at (4,4) width 4: " "
            RenderTableCell {TD} at (12,26) size 754x747 [border: (1px inset #808080)] [r=1 c=1 rs=1 cs=1]
              RenderBlock {P} at (4,4) size 746x18 [bgcolor=#C0C0C0]
                RenderText {#text} at (0,0) size 208x17
                  text run at (0,0) width 208: "This element has a class of zero."
              RenderBlock {P} at (4,22) size 746x36 [bgcolor=#00FFFF]
                RenderText {#text} at (0,0) size 733x35
                  text run at (0,0) width 733: "This sentence should have a bottom margin of half an inch, which will require extra text in order to make sure that"
                  text run at (0,18) width 232: "the margin isn't applied to each line."
              RenderBlock {P} at (4,106) size 746x36 [bgcolor=#00FFFF]
                RenderText {#text} at (0,0) size 739x35
                  text run at (0,0) width 739: "This sentence should have a bottom margin of 25 pixels, which will require extra text in order to make sure that the"
                  text run at (0,18) width 209: "margin isn't applied to each line."
              RenderBlock {P} at (4,167) size 746x36 [bgcolor=#00FFFF]
                RenderText {#text} at (0,0) size 712x35
                  text run at (0,0) width 712: "This sentence should have a bottom margin of 5 em, which will require extra text in order to make sure that the"
                  text run at (0,18) width 209: "margin isn't applied to each line."
              RenderBlock {P} at (4,283) size 746x36 [bgcolor=#00FFFF]
                RenderText {#text} at (0,0) size 706x35
                  text run at (0,0) width 706: "This element should have a bottom margin of 25%, which will require extra text in order to make sure that the"
                  text run at (0,18) width 209: "margin isn't applied to each line."
              RenderBlock {P} at (4,505) size 746x18 [bgcolor=#C0C0C0]
                RenderText {#text} at (0,0) size 208x17
                  text run at (0,0) width 208: "This element has a class of zero."
              RenderBlock {P} at (4,523) size 746x18 [bgcolor=#C0C0C0]
                RenderText {#text} at (0,0) size 238x17
                  text run at (0,0) width 238: "This element also has a class of zero."
              RenderBlock {UL} at (4,541) size 746x97 [bgcolor=#00FFFF]
                RenderListItem {LI} at (40,0) size 706x18
                  RenderListMarker at (-17,0) size 7x17: bullet
                  RenderText {#text} at (0,0) size 433x17
                    text run at (0,0) width 433: "This list has a margin-bottom of 25px, and a light blue background."
                RenderListItem {LI} at (40,18) size 706x18
                  RenderListMarker at (-17,0) size 7x17: bullet
                  RenderText {#text} at (0,0) size 269x17
                    text run at (0,0) width 269: "Therefore, it ought to have such a margin."
                RenderListItem {LI} at (40,36) size 706x18
                  RenderListMarker at (-17,0) size 7x17: bullet
                  RenderText {#text} at (0,0) size 605x17
                    text run at (0,0) width 605: "This list item has a bottom margin of 25px, which should cause it to be offset in some fashion."
                RenderListItem {LI} at (40,79) size 706x18
                  RenderListMarker at (-17,0) size 7x17: bullet
                  RenderText {#text} at (0,0) size 304x17
                    text run at (0,0) width 304: "This list item has no special styles applied to it."
              RenderBlock {P} at (4,663) size 746x54 [bgcolor=#00FFFF]
                RenderText {#text} at (0,0) size 731x53
                  text run at (0,0) width 723: "This paragraph has a bottom margin of -10px, which should cause elements after it to be shifted \"upward\" on the"
                  text run at (0,18) width 164: "page, and no top margin. "
                  text run at (163,18) width 498: "No other styles have been applied to it besides a light blue background color. "
                  text run at (660,18) width 71: "In all other"
                  text run at (0,36) width 253: "respects, the element should be normal."
              RenderBlock {P} at (4,707) size 746x18 [bgcolor=#C0C0C0]
                RenderText {#text} at (0,0) size 208x17
                  text run at (0,0) width 208: "This element has a class of zero."
              RenderBlock {P} at (4,725) size 746x18 [bgcolor=#C0C0C0]
                RenderText {#text} at (0,0) size 238x17
                  text run at (0,0) width 238: "This element also has a class of zero."
