layer at (0,0) size 786x2646
  RenderView at (0,0) size 784x584
layer at (0,0) size 784x2646
  RenderBlock {HTML} at (0,0) size 784x2646
    RenderBody {BODY} at (8,8) size 768x2630 [bgcolor=#CCCCCC]
      RenderBlock {P} at (0,0) size 768x18
        RenderText {#text} at (0,0) size 363x17
          text run at (0,0) width 363: "The style declarations which apply to the text below are:"
      RenderBlock {PRE} at (0,34) size 768x105
        RenderText {#text} at (0,0) size 352x105
          text run at (0,0) width 344: ".zero {background-color: silver; margin: 0;}"
          text run at (343,0) width 1: " "
          text run at (0,15) width 352: ".one {margin: 0.5in; background-color: aqua;}"
          text run at (351,15) width 1: " "
          text run at (0,30) width 344: ".two {margin: 25px; background-color: aqua;}"
          text run at (343,30) width 1: " "
          text run at (0,45) width 352: ".three {margin: 5em; background-color: aqua;}"
          text run at (351,45) width 1: " "
          text run at (0,60) width 344: ".four {margin: 25%; background-color: aqua;}"
          text run at (343,60) width 1: " "
          text run at (0,75) width 164: ".five {margin: 25px;}"
          text run at (163,75) width 1: " "
          text run at (0,90) width 352: ".six {margin: -10px; background-color: aqua;}"
          text run at (351,90) width 1: " "
      RenderBlock {HR} at (0,152) size 768x2 [border: (1px inset #000000)]
      RenderBlock {P} at (0,170) size 768x36
        RenderText {#text} at (0,0) size 753x35
          text run at (0,0) width 753: "NOTE: The following tests are separated by class-zero paragraphs, so as to prevent margin-collapsing as described in"
          text run at (0,18) width 253: "section 4.1.1 of the CSS1 specification."
      RenderBlock {P} at (0,222) size 768x18 [bgcolor=#C0C0C0]
        RenderText {#text} at (0,0) size 208x17
          text run at (0,0) width 208: "This element has a class of zero."
      RenderBlock {P} at (48,288) size 672x36 [bgcolor=#00FFFF]
        RenderText {#text} at (0,0) size 643x35
          text run at (0,0) width 643: "This sentence should have an overall margin of half an inch, which will require extra text in order to"
          text run at (0,18) width 27: "test."
      RenderBlock {P} at (0,372) size 768x18 [bgcolor=#C0C0C0]
        RenderText {#text} at (0,0) size 208x17
          text run at (0,0) width 208: "This element has a class of zero."
      RenderBlock {P} at (25,415) size 718x18 [bgcolor=#00FFFF]
        RenderText {#text} at (0,0) size 655x17
          text run at (0,0) width 655: "This sentence should have an overall margin of 25 pixels, which will require extra text in order to test."
      RenderBlock {P} at (0,458) size 768x18 [bgcolor=#C0C0C0]
        RenderText {#text} at (0,0) size 208x17
          text run at (0,0) width 208: "This element has a class of zero."
      RenderBlock {P} at (80,556) size 608x36 [bgcolor=#00FFFF]
        RenderText {#text} at (0,0) size 599x35
          text run at (0,0) width 599: "This sentence should have an overall margin of 5 em, which will require extra text in order to"
          text run at (0,18) width 27: "test."
      RenderBlock {P} at (0,672) size 768x18 [bgcolor=#C0C0C0]
        RenderText {#text} at (0,0) size 208x17
          text run at (0,0) width 208: "This element has a class of zero."
      RenderBlock {P} at (192,882) size 384x54 [bgcolor=#00FFFF]
        RenderText {#text} at (0,0) size 383x53
          text run at (0,0) width 383: "This sentence should have an overall margin of 25%, which"
          text run at (0,18) width 327: "is calculated with respect to the width of the parent"
          text run at (0,36) width 59: "element. "
          text run at (58,36) width 273: "This will require extra text in order to test."
      RenderBlock {P} at (0,1128) size 768x18 [bgcolor=#C0C0C0]
        RenderText {#text} at (0,0) size 208x17
          text run at (0,0) width 208: "This element has a class of zero."
      RenderBlock {UL} at (25,1171) size 718x122 [bgcolor=#00FFFF]
        RenderListItem {LI} at (40,0) size 678x18
          RenderListMarker at (-17,0) size 7x17: bullet
          RenderText {#text} at (0,0) size 382x17
            text run at (0,0) width 382: "This list has a margin of 25px, and a light blue background."
        RenderListItem {LI} at (40,18) size 678x18
          RenderListMarker at (-17,0) size 7x17: bullet
          RenderText {#text} at (0,0) size 269x17
            text run at (0,0) width 269: "Therefore, it ought to have such a margin."
        RenderListItem {LI} at (65,61) size 628x18
          RenderListMarker at (-17,0) size 7x17: bullet
          RenderText {#text} at (0,0) size 556x17
            text run at (0,0) width 556: "This list item has a margin of 25px, which should cause it to be offset in some fashion."
        RenderListItem {LI} at (40,104) size 678x18
          RenderListMarker at (-17,0) size 7x17: bullet
          RenderText {#text} at (0,0) size 304x17
            text run at (0,0) width 304: "This list item has no special styles applied to it."
      RenderBlock {P} at (0,1318) size 768x18 [bgcolor=#C0C0C0]
        RenderText {#text} at (0,0) size 208x17
          text run at (0,0) width 208: "This element has a class of zero."
      RenderBlock {P} at (-10,1326) size 788x54 [bgcolor=#00FFFF]
        RenderText {#text} at (0,0) size 772x53
          text run at (0,0) width 772: "This paragraph has an overall margin of -10px, which should make it wider than usual as well as shift it upward and pull"
          text run at (0,18) width 376: "subsequent text up toward it, and a light blue background. "
          text run at (375,18) width 391: "In all other respects, however, the element should be normal."
          text run at (0,36) width 563: "No styles have been applied to it besides the negative margin and the background color."
      RenderBlock {P} at (0,1370) size 768x18 [bgcolor=#C0C0C0]
        RenderText {#text} at (0,0) size 208x17
          text run at (0,0) width 208: "This element has a class of zero."
      RenderTable {TABLE} at (0,1388) size 768x1242 [border: (1px outset #808080)]
        RenderTableSection {TBODY} at (1,1) size 766x1240
          RenderTableRow {TR} at (0,0) size 766x26
            RenderTableCell {TD} at (0,0) size 766x26 [bgcolor=#C0C0C0] [border: (1px inset #808080)] [r=0 c=0 rs=1 cs=2]
              RenderInline {STRONG} at (0,0) size 163x17
                RenderText {#text} at (4,4) size 163x17
                  text run at (4,4) width 163: "TABLE Testing Section"
          RenderTableRow {TR} at (0,26) size 766x1214
            RenderTableCell {TD} at (0,620) size 12x26 [bgcolor=#C0C0C0] [border: (1px inset #808080)] [r=1 c=0 rs=1 cs=1]
              RenderText {#text} at (4,4) size 4x17
                text run at (4,4) width 4: " "
            RenderTableCell {TD} at (12,26) size 754x1214 [border: (1px inset #808080)] [r=1 c=1 rs=1 cs=1]
              RenderBlock {P} at (4,4) size 746x36
                RenderText {#text} at (0,0) size 736x35
                  text run at (0,0) width 736: "NOTE: The following tests are separated by class-zero paragraphs, so as to prevent margin-collapsing as described"
                  text run at (0,18) width 269: "in section 4.1.1 of the CSS1 specification."
              RenderBlock {P} at (4,56) size 746x18 [bgcolor=#C0C0C0]
                RenderText {#text} at (0,0) size 208x17
                  text run at (0,0) width 208: "This element has a class of zero."
              RenderBlock {P} at (52,122) size 650x36 [bgcolor=#00FFFF]
                RenderText {#text} at (0,0) size 643x35
                  text run at (0,0) width 643: "This sentence should have an overall margin of half an inch, which will require extra text in order to"
                  text run at (0,18) width 27: "test."
              RenderBlock {P} at (4,206) size 746x18 [bgcolor=#C0C0C0]
                RenderText {#text} at (0,0) size 208x17
                  text run at (0,0) width 208: "This element has a class of zero."
              RenderBlock {P} at (29,249) size 696x18 [bgcolor=#00FFFF]
                RenderText {#text} at (0,0) size 655x17
                  text run at (0,0) width 655: "This sentence should have an overall margin of 25 pixels, which will require extra text in order to test."
              RenderBlock {P} at (4,292) size 746x18 [bgcolor=#C0C0C0]
                RenderText {#text} at (0,0) size 208x17
                  text run at (0,0) width 208: "This element has a class of zero."
              RenderBlock {P} at (84,390) size 586x36 [bgcolor=#00FFFF]
                RenderText {#text} at (0,0) size 582x35
                  text run at (0,0) width 582: "This sentence should have an overall margin of 5 em, which will require extra text in order"
                  text run at (0,18) width 43: "to test."
              RenderBlock {P} at (4,506) size 746x18 [bgcolor=#C0C0C0]
                RenderText {#text} at (0,0) size 208x17
                  text run at (0,0) width 208: "This element has a class of zero."
              RenderBlock {P} at (190,710) size 374x54 [bgcolor=#00FFFF]
                RenderText {#text} at (0,0) size 370x53
                  text run at (0,0) width 340: "This sentence should have an overall margin of 25%,"
                  text run at (0,18) width 370: "which is calculated with respect to the width of the parent"
                  text run at (0,36) width 59: "element. "
                  text run at (58,36) width 273: "This will require extra text in order to test."
              RenderBlock {P} at (4,950) size 746x18 [bgcolor=#C0C0C0]
                RenderText {#text} at (0,0) size 208x17
                  text run at (0,0) width 208: "This element has a class of zero."
              RenderBlock {UL} at (29,993) size 696x122 [bgcolor=#00FFFF]
                RenderListItem {LI} at (40,0) size 656x18
                  RenderListMarker at (-17,0) size 7x17: bullet
                  RenderText {#text} at (0,0) size 382x17
                    text run at (0,0) width 382: "This list has a margin of 25px, and a light blue background."
                RenderListItem {LI} at (40,18) size 656x18
                  RenderListMarker at (-17,0) size 7x17: bullet
                  RenderText {#text} at (0,0) size 269x17
                    text run at (0,0) width 269: "Therefore, it ought to have such a margin."
                RenderListItem {LI} at (65,61) size 606x18
                  RenderListMarker at (-17,0) size 7x17: bullet
                  RenderText {#text} at (0,0) size 556x17
                    text run at (0,0) width 556: "This list item has a margin of 25px, which should cause it to be offset in some fashion."
                RenderListItem {LI} at (40,104) size 656x18
                  RenderListMarker at (-17,0) size 7x17: bullet
                  RenderText {#text} at (0,0) size 304x17
                    text run at (0,0) width 304: "This list item has no special styles applied to it."
              RenderBlock {P} at (4,1140) size 746x18 [bgcolor=#C0C0C0]
                RenderText {#text} at (0,0) size 208x17
                  text run at (0,0) width 208: "This element has a class of zero."
              RenderBlock {P} at (-6,1148) size 766x54 [bgcolor=#00FFFF]
                RenderText {#text} at (0,0) size 743x53
                  text run at (0,0) width 743: "This paragraph has an overall margin of -10px, which should make it wider than usual as well as shift it upward and"
                  text run at (0,18) width 404: "pull subsequent text up toward it, and a light blue background. "
                  text run at (403,18) width 338: "In all other respects, however, the element should be"
                  text run at (0,36) width 54: "normal. "
                  text run at (53,36) width 563: "No styles have been applied to it besides the negative margin and the background color."
              RenderBlock {P} at (4,1192) size 746x18 [bgcolor=#C0C0C0]
                RenderText {#text} at (0,0) size 208x17
                  text run at (0,0) width 208: "This element has a class of zero."
