CONSOLE MESSAGE: line 16: Uncaught ReferenceError: PerfTestRunner is not defined
layer at (0,0) size 800x600
  RenderView at (0,0) size 800x600
layer at (0,0) size 800x50
  RenderBlock {HTML} at (0,0) size 800x50
    RenderBody {BODY} at (8,16) size 784x18
      RenderBlock {P} at (0,0) size 784x18
        RenderText {#text} at (0,0) size 465x18
          text run at (0,0) width 465: "This test verifies PerfTestRunner.runPerSecond() outputs log as expected."
      RenderBlock {DIV} at (0,34) size 784x0
