layer at (0,0) size 800x600
  RenderView at (0,0) size 800x600
layer at (0,0) size 800x154
  RenderBlock {HTML} at (0,0) size 800x154
    RenderBody {BODY} at (8,8) size 784x138
      RenderBlock (anonymous) at (0,0) size 784x38
        RenderText {#text} at (0,0) size 753x38
          text run at (0,0) width 304: "You should see a 100x100 green square below. "
          text run at (304,0) width 237: "If you see any red, the test has failed. "
          text run at (541,0) width 212: "This test is checking to make sure"
          text run at (0,19) width 148: "overflow is done using "
          text run at (148,19) width 163: "a containing block model."
layer at (8,46) size 100x100 scrollWidth 200 scrollHeight 400
  RenderBlock (relative positioned) {DIV} at (0,38) size 100x100 [bgcolor=#008000]
    RenderBlock {DIV} at (100,100) size 100x100 [bgcolor=#FF0000]
