layer at (0,0) size 800x600
  RenderView at (0,0) size 800x600
layer at (0,0) size 800x600
  RenderBlock {HTML} at (0,0) size 800x600
    RenderBody {BODY} at (8,8) size 784x584
layer at (616,8) size 176x584
  RenderBlock {DIV} at (0,0) size 176x584 [border: (2px solid #800000)]
    RenderBlock {DIV} at (2,2) size 110x282
    RenderBlock {DIV} at (174,2) size 156x379 [bgcolor=#00FF00] [border: (2px solid #000000)]
      RenderBlock {DIV} at (2,12) size 152x355 [bgcolor=#008000] [border: (2px solid #0000FF)]
        RenderInline {SPAN} at (0,0) size 148x192
          RenderText {#text} at (2,2) size 148x192
            text run at (2,2) width 165: "In 2nd"
            text run at (76,2) width 192: "column"
        RenderText {#text} at (0,0) size 0x0
