layer at (0,0) size 800x600
  RenderView at (0,0) size 800x600
layer at (0,0) size 800x600
  RenderBlock {HTML} at (0,0) size 800x600
    RenderBody {BODY} at (8,8) size 776x584
layer at (632,8) size 160x584
  RenderBlock {P} at (0,0) size 160x584 [border: (10px solid #800000)]
    RenderText {#text} at (30,30) size 18x161
      text run at (30,30) width 161: "This is some column text."
    RenderBR {BR} at (44,191) size 0x0
    RenderText {#text} at (48,30) size 18x161
      text run at (48,30) width 161: "This is some column text."
    RenderBR {BR} at (62,191) size 0x0
    RenderText {#text} at (66,30) size 18x161
      text run at (66,30) width 161: "This is some column text."
    RenderBR {BR} at (80,191) size 0x0
    RenderText {#text} at (84,30) size 18x161
      text run at (84,30) width 161: "This is some column text."
    RenderBR {BR} at (98,191) size 0x0
    RenderText {#text} at (102,30) size 18x161
      text run at (102,30) width 161: "This is some column text."
    RenderBR {BR} at (116,191) size 0x0
    RenderText {#text} at (130,30) size 18x161
      text run at (130,30) width 161: "This is some column text."
    RenderBR {BR} at (144,191) size 0x0
    RenderText {#text} at (148,30) size 18x161
      text run at (148,30) width 161: "This is some column text."
    RenderBR {BR} at (162,191) size 0x0
    RenderText {#text} at (166,30) size 18x161
      text run at (166,30) width 161: "This is some column text."
    RenderBR {BR} at (180,191) size 0x0
    RenderText {#text} at (184,30) size 18x161
      text run at (184,30) width 161: "This is some column text."
    RenderBR {BR} at (198,191) size 0x0
    RenderText {#text} at (202,30) size 18x161
      text run at (202,30) width 161: "This is some column text."
    RenderBR {BR} at (216,191) size 0x0
    RenderText {#text} at (230,30) size 18x161
      text run at (230,30) width 161: "This is some column text."
    RenderBR {BR} at (244,191) size 0x0
    RenderText {#text} at (248,30) size 18x161
      text run at (248,30) width 161: "This is some column text."
    RenderBR {BR} at (262,191) size 0x0
    RenderText {#text} at (266,30) size 18x161
      text run at (266,30) width 161: "This is some column text."
    RenderBR {BR} at (280,191) size 0x0
layer at (456,8) size 160x584
  RenderBlock {P} at (176,0) size 160x584 [border: (10px solid #800000)]
    RenderText {#text} at (30,33) size 18x161
      text run at (30,33) width 4 RTL: "."
      text run at (30,37) width 157: "This is some column text"
    RenderBR {BR} at (44,33) size 0x0
    RenderText {#text} at (48,33) size 18x161
      text run at (48,33) width 4 RTL: "."
      text run at (48,37) width 157: "This is some column text"
    RenderBR {BR} at (62,33) size 0x0
    RenderText {#text} at (66,33) size 18x161
      text run at (66,33) width 4 RTL: "."
      text run at (66,37) width 157: "This is some column text"
    RenderBR {BR} at (80,33) size 0x0
    RenderText {#text} at (84,33) size 18x161
      text run at (84,33) width 4 RTL: "."
      text run at (84,37) width 157: "This is some column text"
    RenderBR {BR} at (98,33) size 0x0
    RenderText {#text} at (102,33) size 18x161
      text run at (102,33) width 4 RTL: "."
      text run at (102,37) width 157: "This is some column text"
    RenderBR {BR} at (116,33) size 0x0
    RenderText {#text} at (130,33) size 18x161
      text run at (130,33) width 4 RTL: "."
      text run at (130,37) width 157: "This is some column text"
    RenderBR {BR} at (144,33) size 0x0
    RenderText {#text} at (148,33) size 18x161
      text run at (148,33) width 4 RTL: "."
      text run at (148,37) width 157: "This is some column text"
    RenderBR {BR} at (162,33) size 0x0
    RenderText {#text} at (166,33) size 18x161
      text run at (166,33) width 4 RTL: "."
      text run at (166,37) width 157: "This is some column text"
    RenderBR {BR} at (180,33) size 0x0
    RenderText {#text} at (184,33) size 18x161
      text run at (184,33) width 4 RTL: "."
      text run at (184,37) width 157: "This is some column text"
    RenderBR {BR} at (198,33) size 0x0
    RenderText {#text} at (202,33) size 18x161
      text run at (202,33) width 4 RTL: "."
      text run at (202,37) width 157: "This is some column text"
    RenderBR {BR} at (216,33) size 0x0
    RenderText {#text} at (230,33) size 18x161
      text run at (230,33) width 4 RTL: "."
      text run at (230,37) width 157: "This is some column text"
    RenderBR {BR} at (244,33) size 0x0
    RenderText {#text} at (248,33) size 18x161
      text run at (248,33) width 4 RTL: "."
      text run at (248,37) width 157: "This is some column text"
    RenderBR {BR} at (262,33) size 0x0
    RenderText {#text} at (266,33) size 18x161
      text run at (266,33) width 4 RTL: "."
      text run at (266,37) width 157: "This is some column text"
    RenderBR {BR} at (280,33) size 0x0
