layer at (0,0) size 800x600
  RenderView at (0,0) size 800x600
layer at (0,0) size 800x105
  RenderBlock {HTML} at (0,0) size 800x105
    RenderBody {BODY} at (8,16) size 784x81
      RenderBlock {P} at (0,0) size 784x40
        RenderText {#text} at (0,0) size 782x39
          text run at (0,0) width 782: "This tests that that an autofilled and viewable Strong Password decorated text field reverts to its original appearance when"
          text run at (0,20) width 340: "the form is reset. It can only be tested in the test tool."
      RenderBlock {FORM} at (0,56) size 784x25
        RenderTextControl {INPUT} at (2,2) size 138x22 [bgcolor=#FFFFFF] [border: (1px solid #4C4C4C)]
          RenderFlexibleBox {DIV} at (6,3) size 125x15
            RenderBlock {DIV} at (0,0) size 125x14
        RenderText {#text} at (0,0) size 0x0
layer at (17,77) size 124x14
  RenderBlock {DIV} at (0,0) size 125x14
    RenderText {#text} at (0,0) size 60x14
      text run at (0,0) width 60: "\x{25CF}\x{25CF}\x{25CF}\x{25CF}\x{25CF}\x{25CF}\x{25CF}\x{25CF}\x{25CF}"
