CONSOLE MESSAGE: line 7: ReferenceError: Can't find variable: appendCellAt
layer at (0,0) size 800x600
  RenderView at (0,0) size 800x600
layer at (0,0) size 800x600
  RenderBlock {HTML} at (0,0) size 800x600
    RenderBody {BODY} at (8,8) size 784x584
      RenderBlock (anonymous) at (0,0) size 784x21
        RenderText {#text} at (0,0) size 243x21
          text run at (0,0) width 243: "The 2 tables should look the same"
      RenderTable {TABLE} at (0,21) size 68x31 [bgcolor=#FFA500] [border: (1px outset #808080)]
        RenderTableSection {TBODY} at (1,1) size 66x29
          RenderTableRow {TR} at (0,2) size 66x25
            RenderTableCell {TD} at (2,2) size 30x25 [border: (1px inset #808080)] [r=0 c=0 rs=1 cs=1]
              RenderText {#text} at (2,2) size 26x21
                text run at (2,2) width 26: "c11"
            RenderTableCell {TD} at (34,2) size 30x25 [border: (1px inset #808080)] [r=0 c=1 rs=1 cs=1]
              RenderText {#text} at (2,2) size 26x21
                text run at (2,2) width 26: "c12"
      RenderBlock (anonymous) at (0,52) size 784x21
        RenderBR {BR} at (0,0) size 0x21
      RenderTable {TABLE} at (0,73) size 94x31 [bgcolor=#FFA500] [border: (1px outset #808080)]
        RenderTableSection {TBODY} at (1,1) size 92x29
          RenderTableRow {TR} at (0,2) size 92x25
            RenderTableCell {TD} at (2,2) size 30x25 [border: (1px inset #808080)] [r=0 c=0 rs=1 cs=1]
              RenderText {#text} at (2,2) size 26x21
                text run at (2,2) width 26: "c11"
            RenderTableCell {TD} at (34,2) size 30x25 [border: (1px inset #808080)] [r=0 c=1 rs=1 cs=1]
              RenderText {#text} at (2,2) size 26x21
                text run at (2,2) width 26: "c12"
            RenderTableCell {TD} at (66,2) size 24x25 [border: (1px inset #808080)] [r=0 c=2 rs=1 cs=1]
              RenderText {#text} at (2,2) size 20x21
                text run at (2,2) width 20: "X1"
      RenderBlock (anonymous) at (0,104) size 784x42
        RenderBR {BR} at (0,0) size 0x21
        RenderText {#text} at (0,21) size 243x21
          text run at (0,21) width 243: "The 2 tables should look the same"
      RenderTable {TABLE} at (0,146) size 68x31 [bgcolor=#FFA500] [border: (1px outset #808080)]
        RenderTableSection {TBODY} at (1,1) size 66x29
          RenderTableRow {TR} at (0,2) size 66x25
            RenderTableCell {TD} at (2,2) size 30x25 [border: (1px inset #808080)] [r=0 c=0 rs=1 cs=1]
              RenderText {#text} at (2,2) size 26x21
                text run at (2,2) width 26: "c11"
            RenderTableCell {TD} at (34,2) size 30x25 [border: (1px inset #808080)] [r=0 c=1 rs=1 cs=1]
              RenderText {#text} at (2,2) size 26x21
                text run at (2,2) width 26: "c12"
      RenderBlock (anonymous) at (0,177) size 784x21
        RenderBR {BR} at (0,0) size 0x21
      RenderTable {TABLE} at (0,198) size 120x31 [bgcolor=#FFA500] [border: (1px outset #808080)]
        RenderTableSection {TBODY} at (1,1) size 118x29
          RenderTableRow {TR} at (0,2) size 118x25
            RenderTableCell {TD} at (2,2) size 30x25 [border: (1px inset #808080)] [r=0 c=0 rs=1 cs=1]
              RenderText {#text} at (2,2) size 26x21
                text run at (2,2) width 26: "c11"
            RenderTableCell {TD} at (34,2) size 30x25 [border: (1px inset #808080)] [r=0 c=1 rs=1 cs=1]
              RenderText {#text} at (2,2) size 26x21
                text run at (2,2) width 26: "c12"
            RenderTableCell {TD} at (66,2) size 24x25 [border: (1px inset #808080)] [r=0 c=2 rs=1 cs=1]
              RenderText {#text} at (2,2) size 20x21
                text run at (2,2) width 20: "X2"
            RenderTableCell {TD} at (92,2) size 24x25 [border: (1px inset #808080)] [r=0 c=3 rs=1 cs=1]
              RenderText {#text} at (2,2) size 20x21
                text run at (2,2) width 20: "X3"
