layer at (0,0) size 800x600
  RenderView at (0,0) size 800x600
layer at (0,0) size 800x308
  RenderBlock {html} at (0,0) size 800x308
    RenderBody {body} at (8,16) size 784x276
      RenderBlock {p} at (0,0) size 784x20
        RenderText {#text} at (0,0) size 36x19
          text run at (0,0) width 36: "both: "
        RenderMathMLMath {math} at (36,0) size 16x20 [padding: 0 1 0 1]
          RenderMathMLSubSup {msubsup} at (1,0) size 14x20
            RenderMathMLBlock (anonymous, flex) at (0,0) size 7x20 [padding: 7 0 2 0]
              RenderBlock {mi} at (0,7) size 7x11
                RenderText {#text} at (0,-9) size 7x25
                  text run at (0,-9) width 7: "x"
            RenderMathMLBlock (anonymous, flex) at (7,0) size 7x20
              RenderBlock {mn} at (0,10) size 7x10
                RenderText {#text} at (0,-4) size 6x19
                  text run at (0,-4) width 6: "1"
              RenderBlock {mi} at (1,0) size 6x10
                RenderText {#text} at (0,-4) size 5x19
                  text run at (0,-4) width 5: "k"
        RenderText {#text} at (0,0) size 0x0
      RenderBlock {p} at (0,36) size 784x21
        RenderText {#text} at (0,0) size 148x19
          text run at (0,0) width 148: "long subscript w/ both: "
        RenderMathMLMath {math} at (148,0) size 53x21 [padding: 0 1 0 1]
          RenderMathMLSubSup {msubsup} at (1,0) size 51x21
            RenderMathMLBlock (anonymous, flex) at (0,0) size 9x21 [padding: 4 0 2 0]
              RenderBlock {mi} at (0,4) size 9x15
                RenderText {#text} at (0,-6) size 9x25
                  text run at (0,-6) width 9: "Z"
            RenderMathMLBlock (anonymous, flex) at (9,0) size 42x21
              RenderMathMLRow {mrow} at (0,11) size 42x10
                RenderBlock {mi} at (0,1) size 6x7
                  RenderText {#text} at (0,-7) size 5x19
                    text run at (0,-7) width 5: "x"
                RenderMathMLOperator {mo} at (8,0) size 8x8
                  RenderMathMLBlock (flex) {mo} at (0,0) size 8x8
                    RenderBlock (anonymous) at (0,0) size 8x8
                      RenderText {mo} at (0,-6) size 8x19
                        text run at (0,-6) width 8: "+"
                RenderBlock {mi} at (18,1) size 6x9
                  RenderText {#text} at (0,-7) size 5x19
                    text run at (0,-7) width 5: "y"
                RenderMathMLOperator {mo} at (26,0) size 8x8
                  RenderMathMLBlock (flex) {mo} at (0,0) size 8x8
                    RenderBlock (anonymous) at (0,0) size 8x8
                      RenderText {mo} at (0,-6) size 8x19
                        text run at (0,-6) width 8: "+"
                RenderBlock {mi} at (36,1) size 6x7
                  RenderText {#text} at (0,-7) size 5x19
                    text run at (0,-7) width 5: "z"
              RenderBlock {mi} at (1,0) size 41x11
                RenderText {#text} at (0,-5) size 3x19
                  text run at (0,-5) width 3: "j"
        RenderText {#text} at (0,0) size 0x0
      RenderBlock {p} at (0,73) size 784x21
        RenderText {#text} at (0,1) size 160x19
          text run at (0,1) width 160: "long superscript w/ both: "
        RenderMathMLMath {math} at (160,0) size 34x21 [padding: 0 1 0 1]
          RenderMathMLSubSup {msubsup} at (1,0) size 32x21
            RenderMathMLBlock (anonymous, flex) at (0,0) size 9x21 [padding: 5 0 4 0]
              RenderBlock {mi} at (0,5) size 9x12
                RenderText {#text} at (0,-6) size 9x25
                  text run at (0,-6) width 9: "Z"
            RenderMathMLBlock (anonymous, flex) at (9,0) size 23x21
              RenderBlock {mi} at (0,14) size 23x7
                RenderText {#text} at (0,-7) size 5x19
                  text run at (0,-7) width 5: "x"
              RenderMathMLRow {mrow} at (1,0) size 22x12
                RenderBlock {mi} at (0,0) size 6x10
                  RenderText {#text} at (0,-4) size 5x19
                    text run at (0,-4) width 5: "k"
                RenderMathMLOperator {mo} at (8,2) size 8x8
                  RenderMathMLBlock (flex) {mo} at (0,0) size 8x8
                    RenderBlock (anonymous) at (0,0) size 8x8
                      RenderText {mo} at (0,-6) size 8x19
                        text run at (0,-6) width 8: "+"
                RenderBlock {mi} at (18,1) size 4x11
                  RenderText {#text} at (0,-5) size 3x19
                    text run at (0,-5) width 3: "j"
        RenderText {#text} at (0,0) size 0x0
      RenderBlock {p} at (0,110) size 784x22
        RenderText {#text} at (0,1) size 88x19
          text run at (0,1) width 88: "long w/ both: "
        RenderMathMLMath {math} at (88,0) size 53x22 [padding: 0 1 0 1]
          RenderMathMLSubSup {msubsup} at (1,0) size 51x22
            RenderMathMLBlock (anonymous, flex) at (0,0) size 9x22 [padding: 5 0 2 0]
              RenderBlock {mi} at (0,5) size 9x15
                RenderText {#text} at (0,-6) size 9x25
                  text run at (0,-6) width 9: "Z"
            RenderMathMLBlock (anonymous, flex) at (9,0) size 42x22
              RenderMathMLRow {mrow} at (0,12) size 42x10
                RenderBlock {mi} at (0,1) size 6x7
                  RenderText {#text} at (0,-7) size 5x19
                    text run at (0,-7) width 5: "x"
                RenderMathMLOperator {mo} at (8,0) size 8x8
                  RenderMathMLBlock (flex) {mo} at (0,0) size 8x8
                    RenderBlock (anonymous) at (0,0) size 8x8
                      RenderText {mo} at (0,-6) size 8x19
                        text run at (0,-6) width 8: "+"
                RenderBlock {mi} at (18,1) size 6x9
                  RenderText {#text} at (0,-7) size 5x19
                    text run at (0,-7) width 5: "y"
                RenderMathMLOperator {mo} at (26,0) size 8x8
                  RenderMathMLBlock (flex) {mo} at (0,0) size 8x8
                    RenderBlock (anonymous) at (0,0) size 8x8
                      RenderText {mo} at (0,-6) size 8x19
                        text run at (0,-6) width 8: "+"
                RenderBlock {mi} at (36,1) size 6x7
                  RenderText {#text} at (0,-7) size 5x19
                    text run at (0,-7) width 5: "z"
              RenderMathMLRow {mrow} at (1,0) size 41x12
                RenderBlock {mi} at (0,0) size 6x10
                  RenderText {#text} at (0,-4) size 5x19
                    text run at (0,-4) width 5: "k"
                RenderMathMLOperator {mo} at (8,2) size 8x8
                  RenderMathMLBlock (flex) {mo} at (0,0) size 8x8
                    RenderBlock (anonymous) at (0,0) size 8x8
                      RenderText {mo} at (0,-6) size 8x19
                        text run at (0,-6) width 8: "+"
                RenderBlock {mi} at (18,1) size 4x11
                  RenderText {#text} at (0,-5) size 3x19
                    text run at (0,-5) width 3: "j"
        RenderText {#text} at (0,0) size 0x0
      RenderBlock {p} at (0,148) size 784x20
        RenderText {#text} at (0,0) size 123x19
          text run at (0,0) width 123: "Wrapped in mrow: "
        RenderMathMLMath {math} at (123,0) size 16x20 [padding: 0 1 0 1]
          RenderMathMLRow {mrow} at (1,0) size 14x20
            RenderMathMLSubSup {msubsup} at (0,0) size 14x20
              RenderMathMLBlock (anonymous, flex) at (0,0) size 7x20 [padding: 7 0 3 0]
                RenderBlock {mi} at (0,7) size 7x10
                  RenderText {#text} at (0,-9) size 7x25
                    text run at (0,-9) width 7: "x"
              RenderMathMLBlock (anonymous, flex) at (7,0) size 7x20
                RenderBlock {mn} at (0,10) size 7x10
                  RenderText {#text} at (0,-4) size 6x19
                    text run at (0,-4) width 6: "1"
                RenderBlock {mi} at (1,0) size 6x10
                  RenderText {#text} at (0,-4) size 5x19
                    text run at (0,-4) width 5: "k"
        RenderText {#text} at (0,0) size 0x0
      RenderBlock {p} at (0,184) size 784x52
        RenderText {#text} at (0,15) size 169x19
          text run at (0,15) width 169: "parts with various heights: "
        RenderMathMLMath {math} at (169,0) size 118x52 [padding: 0 1 0 1]
          RenderMathMLSubSup {msubsup} at (1,0) size 20x35
            RenderMathMLBlock (anonymous, flex) at (0,0) size 7x35 [padding: 22 0 4 0]
              RenderBlock {mi} at (0,22) size 7x9
                RenderText {#text} at (0,-9) size 7x25
                  text run at (0,-9) width 7: "x"
            RenderMathMLBlock (anonymous, flex) at (7,0) size 13x35
              RenderBlock {mi} at (0,28) size 13x7
                RenderText {#text} at (0,-7) size 6x19
                  text run at (0,-7) width 6: "n"
              RenderMathMLFraction {mfrac} at (1,0) size 11x26
                RenderMathMLBlock (anonymous, flex) at (0,0) size 11x14 [padding: 0 2 0 2]
                  RenderBlock {mi} at (3,0) size 4x12
                    RenderText {#text} at (0,-4) size 3x19
                      text run at (0,-4) width 3: "f"
                RenderMathMLBlock (anonymous, flex) at (0,14) size 11x12 [padding: 1 2 0 2]
                  RenderBlock {mi} at (2,3) size 7x9
                    RenderText {#text} at (0,-7) size 6x19
                      text run at (0,-7) width 6: "g"
          RenderMathMLOperator {mo} at (24,21) size 11x10
            RenderMathMLBlock (flex) {mo} at (0,0) size 11x10
              RenderBlock (anonymous) at (0,0) size 11x10
                RenderText {mo} at (0,-8) size 11x25
                  text run at (0,-8) width 11: "+"
          RenderMathMLSubSup {msubsup} at (38,18) size 20x33
            RenderMathMLBlock (anonymous, flex) at (0,0) size 7x33 [padding: 4 0 2 0]
              RenderBlock {mi} at (0,4) size 7x27
                RenderText {#text} at (0,-9) size 7x25
                  text run at (0,-9) width 7: "x"
            RenderMathMLBlock (anonymous, flex) at (7,0) size 13x33
              RenderMathMLFraction {mfrac} at (1,7) size 11x26
                RenderMathMLBlock (anonymous, flex) at (0,0) size 11x14 [padding: 0 2 0 2]
                  RenderBlock {mi} at (3,0) size 4x12
                    RenderText {#text} at (0,-4) size 3x19
                      text run at (0,-4) width 3: "f"
                RenderMathMLBlock (anonymous, flex) at (0,14) size 11x12 [padding: 1 2 0 2]
                  RenderBlock {mi} at (2,3) size 7x9
                    RenderText {#text} at (0,-7) size 6x19
                      text run at (0,-7) width 6: "g"
              RenderBlock {mi} at (1,0) size 12x7
                RenderText {#text} at (0,-7) size 6x19
                  text run at (0,-7) width 6: "n"
          RenderMathMLOperator {mo} at (61,21) size 11x10
            RenderMathMLBlock (flex) {mo} at (0,0) size 11x10
              RenderBlock (anonymous) at (0,0) size 11x10
                RenderText {mo} at (0,-8) size 11x25
                  text run at (0,-8) width 11: "+"
          RenderMathMLSubSup {msubsup} at (75,7) size 42x45
            RenderMathMLBlock (anonymous, flex) at (0,0) size 35x45
              RenderMathMLFenced {mfenced} at (0,0) size 35x45
                RenderMathMLOperator {mfenced} at (1,0) size 7x45
                RenderMathMLFraction {mfrac} at (10,0) size 15x34
                  RenderMathMLBlock (anonymous, flex) at (0,0) size 15x18 [padding: 0 3 0 3]
                    RenderBlock {mi} at (5,0) size 5x15
                      RenderText {#text} at (0,-6) size 4x25
                        text run at (0,-6) width 4: "f"
                  RenderMathMLBlock (anonymous, flex) at (0,18) size 15x16 [padding: 1 3 0 3]
                    RenderBlock {mi} at (3,4) size 9x12
                      RenderText {#text} at (0,-9) size 8x25
                        text run at (0,-9) width 8: "g"
                RenderMathMLOperator {mfenced} at (27,0) size 7x45
            RenderMathMLBlock (anonymous, flex) at (35,0) size 7x45
              RenderBlock {mi} at (0,38) size 7x7
                RenderText {#text} at (0,-7) size 6x19
                  text run at (0,-7) width 6: "n"
              RenderBlock {mi} at (0,0) size 7x7
                RenderText {#text} at (0,-7) size 5x19
                  text run at (0,-7) width 5: "x"
        RenderText {#text} at (0,0) size 0x0
      RenderBlock {p} at (0,252) size 784x24
        RenderText {#text} at (0,6) size 26x19
          text run at (0,6) width 26: "For "
        RenderInline {a} at (0,0) size 71x19 [color=#0000EE]
          RenderText {#text} at (26,6) size 71x19
            text run at (26,6) width 71: "Bug 95015"
        RenderText {#text} at (97,6) size 430x19
          text run at (97,6) width 430: " - Remove { vertical-align: baseline } declarations from mathml.css: "
        RenderMathMLMath {math} at (527,0) size 21x22 [padding: 0 1 0 1]
          RenderMathMLSubSup {msup} at (1,0) size 19x22
            RenderMathMLBlock (anonymous, flex) at (0,0) size 8x22 [padding: 13 0 0 0]
              RenderBlock {mi} at (0,13) size 8x9
                RenderText {#text} at (0,-9) size 7x25
                  text run at (0,-9) width 7: "x"
            RenderMathMLBlock (anonymous, flex) at (8,0) size 11x22
              RenderMathMLSubSup {msubsup} at (0,0) size 11x17
                RenderMathMLBlock (anonymous, flex) at (0,0) size 5x17 [padding: 6 0 2 0]
                  RenderBlock {mi} at (0,6) size 5x9
                    RenderText {#text} at (0,-7) size 5x19
                      text run at (0,-7) width 5: "y"
                RenderMathMLBlock (anonymous, flex) at (5,0) size 6x17
                  RenderBlock {mn} at (0,9) size 6x8
                    RenderText {#text} at (0,-3) size 5x15
                      text run at (0,-3) width 5: "1"
                  RenderBlock {mn} at (1,0) size 5x8
                    RenderText {#text} at (0,-3) size 5x15
                      text run at (0,-3) width 5: "2"
        RenderText {#text} at (0,0) size 0x0
layer at (253,207) size 7x10 scrollHeight 19
  RenderMathMLBlock (flex) {mfenced} at (0,0) size 7x10
    RenderBlock (anonymous) at (0,0) size 7x10
layer at (253,217) size 7x10 scrollHeight 18
  RenderMathMLBlock (flex) {mfenced} at (0,10) size 7x10
    RenderBlock (anonymous) at (0,0) size 7x10
      RenderText {mfenced} at (0,-4) size 7x22
        text run at (0,-4) width 7: "\x{239C}"
layer at (253,227) size 7x10 scrollHeight 18
  RenderMathMLBlock (flex) {mfenced} at (0,20) size 7x10
    RenderBlock (anonymous) at (0,0) size 7x10
      RenderText {mfenced} at (0,-4) size 7x22
        text run at (0,-4) width 7: "\x{239C}"
layer at (253,237) size 7x15 scrollHeight 18
  RenderMathMLBlock (flex) {mfenced} at (0,30) size 7x15
    RenderBlock (anonymous) at (0,0) size 7x15
layer at (279,207) size 7x10 scrollHeight 19
  RenderMathMLBlock (flex) {mfenced} at (0,0) size 7x10
    RenderBlock (anonymous) at (0,0) size 7x10
layer at (279,217) size 7x10 scrollHeight 18
  RenderMathMLBlock (flex) {mfenced} at (0,10) size 7x10
    RenderBlock (anonymous) at (0,0) size 7x10
      RenderText {mfenced} at (0,-4) size 7x22
        text run at (0,-4) width 7: "\x{239F}"
layer at (279,227) size 7x10 scrollHeight 18
  RenderMathMLBlock (flex) {mfenced} at (0,20) size 7x10
    RenderBlock (anonymous) at (0,0) size 7x10
      RenderText {mfenced} at (0,-4) size 7x22
        text run at (0,-4) width 7: "\x{239F}"
layer at (279,237) size 7x15 scrollHeight 18
  RenderMathMLBlock (flex) {mfenced} at (0,30) size 7x15
    RenderBlock (anonymous) at (0,0) size 7x15
layer at (253,208) size 7x15 backgroundClip at (253,207) size 7x10 clip at (253,207) size 7x10 outlineClip at (253,207) size 7x10
  RenderBlock (relative positioned) {mfenced} at (0,0) size 7x15
    RenderText {mfenced} at (0,-4) size 7x22
      text run at (0,-4) width 7: "\x{239B}"
layer at (253,234) size 7x15 backgroundClip at (253,237) size 7x15 clip at (253,237) size 7x15 outlineClip at (253,237) size 7x15
  RenderBlock (relative positioned) {mfenced} at (0,0) size 7x15
    RenderText {mfenced} at (0,-4) size 7x22
      text run at (0,-4) width 7: "\x{239D}"
layer at (279,208) size 7x15 backgroundClip at (279,207) size 7x10 clip at (279,207) size 7x10 outlineClip at (279,207) size 7x10
  RenderBlock (relative positioned) {mfenced} at (0,0) size 7x15
    RenderText {mfenced} at (0,-4) size 7x22
      text run at (0,-4) width 7: "\x{239E}"
layer at (279,234) size 7x15 backgroundClip at (279,237) size 7x15 clip at (279,237) size 7x15 outlineClip at (279,237) size 7x15
  RenderBlock (relative positioned) {mfenced} at (0,0) size 7x15
    RenderText {mfenced} at (0,-4) size 7x22
      text run at (0,-4) width 7: "\x{23A0}"
