layer at (0,0) size 800x600
  RenderView at (0,0) size 800x600
layer at (0,0) size 800x267
  RenderBlock {HTML} at (0,0) size 800x267
    RenderBody {BODY} at (8,16) size 784x235
      RenderBlock {P} at (0,0) size 784x21
        RenderText {#text} at (0,0) size 560x21
          text run at (0,0) width 560: "The following two blocks should be identical, including overflow. (Force bidi: \x{D7}\x{90})"
      RenderBlock {DIV} at (0,37) size 784x198
        RenderBlock {P} at (16,0) size 294x91 [bgcolor=#FFFFCC] [border: (3px solid #000000)]
          RenderInline {SPAN} at (0,0) size 121x39 [color=#000080] [border: (3px solid #000080) none (3px solid #000080)]
            RenderText {#text} at (30,24) size 102x21
              text run at (30,24) width 102: "AAABBBCCC"
          RenderText {#text} at (132,24) size 99x21
            text run at (132,24) width 99: "DDDEEEFFF"
          RenderInline {SPAN} at (0,0) size 103x39 [color=#000080] [border: (3px solid #000080) none]
            RenderText {#text} at (231,24) size 84x21
              text run at (231,24) width 84: "GGGHHHIII"
          RenderText {#text} at (11,59) size 195x21
            text run at (11,59) width 195: "JJJKKKLLLMMMNNNOOO"
        RenderBlock {P} at (16,107) size 294x91 [bgcolor=#FFFFCC] [border: (3px solid #000000)]
          RenderInline {SPAN} at (0,0) size 327x39 [color=#000080] [border: (3px solid #000080)]
            RenderText {#text} at (30,24) size 289x21
              text run at (30,24) width 102: "AAABBBCCC"
              text run at (231,24) width 88 RTL override: "\x{202E}IIIHHHGGG"
          RenderText {#text} at (132,24) size 220x56
            text run at (132,24) width 99 RTL override: "FFFEEEDDD"
            text run at (11,59) width 84 RTL override: "LLLKKKJJJ"
            text run at (95,59) width 115: "\x{202C}MMMNNNOOO"
