layer at (0,0) size 800x600
  RenderView at (0,0) size 800x600
layer at (0,0) size 800x449
  RenderBlock {HTML} at (0,0) size 800x449
    RenderBody {BODY} at (8,16) size 784x21
      RenderBlock {P} at (0,0) size 784x21
        RenderText {#text} at (0,0) size 551x21
          text run at (0,0) width 542: "The following two blocks should be identical, including overflow. (Force bidi: "
          text run at (542,0) width 4 RTL: "\x{5D0}"
          text run at (546,0) width 5: ")"
      RenderBlock {DIV} at (0,37) size 784x0
        RenderBlock (floating) {P} at (16,16) size 193x166 [bgcolor=#FFFFCC] [border: (3px solid #000000)]
          RenderInline {SPAN} at (0,0) size 171x39 [color=#000080] [border: (3px solid #000080) none (3px solid #000080)]
            RenderText {#text} at (30,24) size 152x21
              text run at (30,24) width 152: "aaa bbb ccc  ddd eee"
          RenderBR {BR} at (182,24) size 0x21
          RenderInline {SPAN} at (0,0) size 35x39 [color=#000080] [border: (3px solid #000080) none]
            RenderText {#text} at (11,72) size 16x21
              text run at (11,72) width 16: "fff "
          RenderText {#text} at (46,72) size 78x21
            text run at (46,72) width 78: "ggg hhh iii "
          RenderInline {SPAN} at (0,0) size 31x39 [color=#FFA500] [border: (3px solid #FFA500) none (3px solid #FFA500)]
            RenderText {#text} at (143,72) size 12x21
              text run at (143,72) width 12: "jjj"
          RenderBR {BR} at (155,72) size 0x21
          RenderInline {SPAN} at (0,0) size 164x39 [color=#FFA500] [border: (3px solid #FFA500) none]
            RenderText {#text} at (11,120) size 145x21
              text run at (11,120) width 145: "kkk lll mmm nnn ooo"
          RenderText {#text} at (0,0) size 0x0
        RenderBlock (floating) {P} at (16,214) size 201x166 [bgcolor=#FFFFCC] [border: (3px solid #000000)]
          RenderInline {SPAN} at (0,0) size 179x87 [color=#000080] [border: (3px solid #000080)]
            RenderText {#text} at (30,24) size 160x21
              text run at (30,24) width 31: "aaa "
              text run at (61,24) width 31: "bbb "
              text run at (92,24) width 28: "ccc "
              text run at (120,24) width 31 RTL override: "ddd "
              text run at (151,24) width 39 RTL override: "\x{202E} eee "
            RenderBR {BR} at (0,0) size 0x0
            RenderText {#text} at (11,72) size 16x21
              text run at (11,72) width 16: "fff "
          RenderText {#text} at (46,72) size 78x21
            text run at (46,72) width 31: "ggg "
            text run at (77,72) width 31: "hhh "
            text run at (108,72) width 16: "iii "
          RenderInline {SPAN} at (0,0) size 172x87 [color=#FFA500] [border: (3px solid #FFA500)]
            RenderText {#text} at (143,72) size 16x21
              text run at (143,72) width 16: "jjj "
            RenderBR {BR} at (0,0) size 0x0
            RenderText {#text} at (11,120) size 153x21
              text run at (11,120) width 28: "kkk "
              text run at (39,120) width 67: "lll \x{202C} mmm "
              text run at (106,120) width 31: "nnn "
              text run at (137,120) width 27: "ooo"
          RenderText {#text} at (0,0) size 0x0
