layer at (0,0) size 800x600
  RenderView at (0,0) size 800x600
layer at (0,0) size 800x156
  RenderBlock {HTML} at (0,0) size 800x156
    RenderBody {BODY} at (8,8) size 784x140
      RenderBlock {DIV} at (0,0) size 784x48 [color=#008000]
        RenderBlock {DIV} at (0,0) size 784x48 [color=#FF0000] [border: (3px solid #008000)]
          RenderBlock {DIV} at (3,3) size 778x42 [color=#008000]
            RenderText {#text} at (0,0) size 744x42
              text run at (0,0) width 463: "This should have a green border, because the computed value of "
              text run at (463,0) width 281: "'border-color' set to its initial value is the"
              text run at (0,21) width 117: "computed value "
              text run at (117,21) width 302: "of 'color', which is then inherited as a color."
      RenderBlock {DIV} at (0,64) size 784x27 [color=#008000]
        RenderBlock {DIV} at (0,0) size 784x27 [color=#FF0000] [border: (3px solid #008000)]
          RenderBlock {DIV} at (3,3) size 778x21 [color=#008000]
            RenderText {#text} at (0,0) size 61x21
              text run at (0,0) width 61: "This too."
      RenderBlock {DIV} at (0,107) size 784x33 [color=#008000] [border: (3px solid #008000)]
        RenderBlock {DIV} at (3,3) size 778x27 [color=#FF0000] [border: (3px solid #008000)]
          RenderBlock {DIV} at (3,3) size 772x21 [color=#008000]
            RenderText {#text} at (0,0) size 61x21
              text run at (0,0) width 61: "This too."
