layer at (0,0) size 800x600
  RenderView at (0,0) size 800x600
layer at (0,0) size 800x600
  RenderBlock {HTML} at (0,0) size 800x600
    RenderBody {BODY} at (8,20) size 784x560
      RenderBlock {DIV} at (20,0) size 744x192
        RenderBlock {DIV} at (0,0) size 87x192
          RenderInline {SPAN} at (0,0) size 87x196 [bgcolor=#DDDDDD] [border: (20px solid #808080)]
            RenderText {#text} at (35,18) size 52x60
              text run at (35,18) width 52: "    "
            RenderBR {BR} at (87,64) size 0x0
            RenderText {#text} at (0,114) size 52x60
              text run at (0,114) width 52: "    "
          RenderText {#text} at (0,0) size 0x0
        RenderText {#text} at (87,144) size 4x21
          text run at (87,144) width 4: " "
        RenderBlock {DIV} at (91,0) size 87x192
          RenderInline {SPAN} at (0,0) size 87x196 [bgcolor=#DDDDDD] [border: (20px groove #808080)]
            RenderText {#text} at (35,18) size 52x60
              text run at (35,18) width 52: "    "
            RenderBR {BR} at (87,64) size 0x0
            RenderText {#text} at (0,114) size 52x60
              text run at (0,114) width 52: "    "
          RenderText {#text} at (0,0) size 0x0
        RenderText {#text} at (178,144) size 4x21
          text run at (178,144) width 4: " "
        RenderBlock {DIV} at (182,0) size 87x192
          RenderInline {SPAN} at (0,0) size 87x196 [bgcolor=#DDDDDD] [border: (20px ridge #808080)]
            RenderText {#text} at (35,18) size 52x60
              text run at (35,18) width 52: "    "
            RenderBR {BR} at (87,64) size 0x0
            RenderText {#text} at (0,114) size 52x60
              text run at (0,114) width 52: "    "
          RenderText {#text} at (0,0) size 0x0
        RenderText {#text} at (269,144) size 4x21
          text run at (269,144) width 4: " "
        RenderBlock {DIV} at (273,0) size 87x192
          RenderInline {SPAN} at (0,0) size 87x196 [bgcolor=#DDDDDD] [border: (20px outset #808080)]
            RenderText {#text} at (35,18) size 52x60
              text run at (35,18) width 52: "    "
            RenderBR {BR} at (87,64) size 0x0
            RenderText {#text} at (0,114) size 52x60
              text run at (0,114) width 52: "    "
          RenderText {#text} at (0,0) size 0x0
        RenderText {#text} at (360,144) size 4x21
          text run at (360,144) width 4: " "
        RenderBlock {DIV} at (364,0) size 87x192
          RenderInline {SPAN} at (0,0) size 87x196 [bgcolor=#DDDDDD] [border: (20px inset #808080)]
            RenderText {#text} at (35,18) size 52x60
              text run at (35,18) width 52: "    "
            RenderBR {BR} at (87,64) size 0x0
            RenderText {#text} at (0,114) size 52x60
              text run at (0,114) width 52: "    "
          RenderText {#text} at (0,0) size 0x0
        RenderText {#text} at (451,144) size 4x21
          text run at (451,144) width 4: " "
        RenderBlock {DIV} at (455,0) size 87x192
          RenderInline {SPAN} at (0,0) size 87x196 [bgcolor=#DDDDDD] [border: (20px double #808080)]
            RenderText {#text} at (35,18) size 52x60
              text run at (35,18) width 52: "    "
            RenderBR {BR} at (87,64) size 0x0
            RenderText {#text} at (0,114) size 52x60
              text run at (0,114) width 52: "    "
          RenderText {#text} at (0,0) size 0x0
        RenderText {#text} at (0,0) size 0x0
      RenderBlock {DIV} at (20,212) size 744x192
        RenderBlock {DIV} at (0,0) size 87x192
          RenderInline {SPAN} at (0,0) size 87x196 [bgcolor=#DDDDDD] [border: (20px solid #808080)]
            RenderText {#text} at (35,18) size 52x60
              text run at (35,18) width 52: "    "
            RenderBR {BR} at (87,64) size 0x0
            RenderText {#text} at (0,114) size 52x60
              text run at (0,114) width 52: "    "
          RenderText {#text} at (0,0) size 0x0
        RenderText {#text} at (87,144) size 4x21
          text run at (87,144) width 4: " "
        RenderBlock {DIV} at (91,0) size 87x192
          RenderInline {SPAN} at (0,0) size 87x196 [bgcolor=#DDDDDD] [border: (20px groove #808080)]
            RenderText {#text} at (35,18) size 52x60
              text run at (35,18) width 52: "    "
            RenderBR {BR} at (87,64) size 0x0
            RenderText {#text} at (0,114) size 52x60
              text run at (0,114) width 52: "    "
          RenderText {#text} at (0,0) size 0x0
        RenderText {#text} at (178,144) size 4x21
          text run at (178,144) width 4: " "
        RenderBlock {DIV} at (182,0) size 87x192
          RenderInline {SPAN} at (0,0) size 87x196 [bgcolor=#DDDDDD] [border: (20px ridge #808080)]
            RenderText {#text} at (35,18) size 52x60
              text run at (35,18) width 52: "    "
            RenderBR {BR} at (87,64) size 0x0
            RenderText {#text} at (0,114) size 52x60
              text run at (0,114) width 52: "    "
          RenderText {#text} at (0,0) size 0x0
        RenderText {#text} at (269,144) size 4x21
          text run at (269,144) width 4: " "
        RenderBlock {DIV} at (273,0) size 87x192
          RenderInline {SPAN} at (0,0) size 87x196 [bgcolor=#DDDDDD] [border: (20px outset #808080)]
            RenderText {#text} at (35,18) size 52x60
              text run at (35,18) width 52: "    "
            RenderBR {BR} at (87,64) size 0x0
            RenderText {#text} at (0,114) size 52x60
              text run at (0,114) width 52: "    "
          RenderText {#text} at (0,0) size 0x0
        RenderText {#text} at (360,144) size 4x21
          text run at (360,144) width 4: " "
        RenderBlock {DIV} at (364,0) size 87x192
          RenderInline {SPAN} at (0,0) size 87x196 [bgcolor=#DDDDDD] [border: (20px inset #808080)]
            RenderText {#text} at (35,18) size 52x60
              text run at (35,18) width 52: "    "
            RenderBR {BR} at (87,64) size 0x0
            RenderText {#text} at (0,114) size 52x60
              text run at (0,114) width 52: "    "
          RenderText {#text} at (0,0) size 0x0
        RenderText {#text} at (451,144) size 4x21
          text run at (451,144) width 4: " "
        RenderBlock {DIV} at (455,0) size 87x192
          RenderInline {SPAN} at (0,0) size 87x196 [bgcolor=#DDDDDD] [border: (20px double #808080)]
            RenderText {#text} at (35,18) size 52x60
              text run at (35,18) width 52: "    "
            RenderBR {BR} at (87,64) size 0x0
            RenderText {#text} at (0,114) size 52x60
              text run at (0,114) width 52: "    "
          RenderText {#text} at (0,0) size 0x0
        RenderText {#text} at (0,0) size 0x0
