layer at (0,0) size 784x728
  RenderView at (0,0) size 784x600
layer at (0,0) size 784x728
  RenderBlock {HTML} at (0,0) size 784x728
    RenderBody {BODY} at (8,8) size 768x712
      RenderBlock {DIV} at (10,10) size 330x330 [border: (105px none #000000) (150px none #000000) (105px none #000000)]
      RenderText {#text} at (350,334) size 4x22
        text run at (350,334) width 4: " "
      RenderBlock {DIV} at (364,10) size 330x330 [border: (105px none #000000) (150px none #000000) (105px none #000000)]
      RenderText {#text} at (704,334) size 4x22
        text run at (704,334) width 4: " "
      RenderBR {BR} at (0,0) size 0x0
      RenderBlock {DIV} at (10,366) size 330x330 [border: (105px none #000000) (150px none #000000) (105px none #000000)]
      RenderText {#text} at (350,690) size 4x22
        text run at (350,690) width 4: " "
      RenderBlock {DIV} at (364,366) size 330x330 [border: (105px none #000000) (150px none #000000) (105px none #000000)]
      RenderText {#text} at (0,0) size 0x0
