layer at (0,0) size 800x600
  RenderView at (0,0) size 800x600
layer at (0,0) size 800x277
  RenderBlock {HTML} at (0,0) size 800x277
    RenderBody {BODY} at (8,16) size 784x253
      RenderBlock {P} at (0,0) size 784x21
        RenderText {#text} at (0,0) size 375x21
          text run at (0,0) width 375: "Tests border-radius and box-shadow on a split inline."
      RenderBlock {DIV} at (0,37) size 200x216
        RenderInline {SPAN} at (0,0) size 180x207 [border: (2px solid #008000)]
          RenderText {#text} at (2,6) size 180x203
            text run at (2,6) width 169: "I am a span"
            text run at (0,60) width 180: "which is split"
            text run at (0,114) width 146: "over three"
            text run at (0,168) width 66: "lines"
        RenderText {#text} at (0,0) size 0x0
