layer at (0,0) size 800x600
  RenderView at (0,0) size 800x600
layer at (0,0) size 800x600
  RenderBlock {HTML} at (0,0) size 800x600
    RenderBody {BODY} at (8,8) size 784x572
      RenderBlock {P} at (0,0) size 784x63
        RenderText {#text} at (0,0) size 761x63
          text run at (0,0) width 761: "When two border sides have different colors, the edge joining them should be anti-aliased. When two border"
          text run at (0,21) width 751: "sides have the same color, the edge joining them should not be anti-aliased and no corner joints should be"
          text run at (0,42) width 50: "visible."
      RenderBlock {DIV} at (20,83) size 240x80 [border: (20px solid #FF0000) (20px solid #000000)]
      RenderBlock {DIV} at (20,183) size 240x80 [border: (20px solid #FF0000) (20px solid #000000) (20px solid #FF0000)]
      RenderBlock {DIV} at (20,283) size 240x80 [border: (20px solid #FF0000) (20px solid #000000)]
      RenderBlock {DIV} at (20,383) size 240x80 [border: (20px solid #FF0000) (20px solid #000000) (20px solid #FF0000)]
