layer at (0,0) size 785x789
  RenderView at (0,0) size 785x600
layer at (0,0) size 785x789
  RenderBlock {HTML} at (0,0) size 785x789
    RenderBody {BODY} at (8,8) size 769x773
      RenderBlock {DIV} at (0,0) size 769x20
        RenderInline {SPAN} at (0,0) size 309x19
          RenderText {#text} at (0,0) size 293x19
            text run at (0,0) width 293: "No font is specified. expected: yen sign, actual: \x{A5}"
          RenderInline {SPAN} at (0,0) size 8x19
            RenderText {#text} at (293,0) size 8x19
              text run at (293,0) width 8: "\x{A5}"
          RenderInline {SPAN} at (0,0) size 8x19
            RenderText {#text} at (301,0) size 8x19
              text run at (301,0) width 8: "\x{A5}"
      RenderBlock {DIV} at (0,20) size 769x20
        RenderInline {SPAN} at (0,0) size 384x16
          RenderText {#text} at (0,1) size 366x16
            text run at (0,1) width 366: "Using font \"MS PGothic\". expected: yen sign, actual: \x{A5}"
          RenderInline {SPAN} at (0,0) size 9x16
            RenderText {#text} at (366,1) size 9x16
              text run at (366,1) width 9: "\x{A5}"
          RenderInline {SPAN} at (0,0) size 9x16
            RenderText {#text} at (375,1) size 9x16
              text run at (375,1) width 9: "\x{A5}"
        RenderInline {SPAN} at (0,0) size 9x16
          RenderText {#text} at (384,1) size 9x16
            text run at (384,1) width 9: "\x{A5}"
      RenderBlock {DIV} at (0,40) size 769x20
        RenderInline {SPAN} at (0,0) size 440x16
          RenderText {#text} at (0,1) size 424x16
            text run at (0,1) width 424: "Using font \"MS Gothic\". expected: yen sign, actual: \x{A5}"
          RenderInline {SPAN} at (0,0) size 8x16
            RenderText {#text} at (424,1) size 8x16
              text run at (424,1) width 8: "\x{A5}"
          RenderInline {SPAN} at (0,0) size 8x16
            RenderText {#text} at (432,1) size 8x16
              text run at (432,1) width 8: "\x{A5}"
        RenderInline {SPAN} at (0,0) size 8x16
          RenderText {#text} at (440,1) size 8x16
            text run at (440,1) width 8: "\x{A5}"
      RenderBlock {DIV} at (0,60) size 769x20
        RenderInline {SPAN} at (0,0) size 391x16
          RenderText {#text} at (0,1) size 375x16
            text run at (0,1) width 375: "Using font \"MS PMincho\". expected: yen sign, actual: \x{A5}"
          RenderInline {SPAN} at (0,0) size 8x16
            RenderText {#text} at (375,1) size 8x16
              text run at (375,1) width 8: "\x{A5}"
          RenderInline {SPAN} at (0,0) size 8x16
            RenderText {#text} at (383,1) size 8x16
              text run at (383,1) width 8: "\x{A5}"
        RenderInline {SPAN} at (0,0) size 8x16
          RenderText {#text} at (391,1) size 8x16
            text run at (391,1) width 8: "\x{A5}"
      RenderBlock {DIV} at (0,80) size 769x20
        RenderInline {SPAN} at (0,0) size 440x16
          RenderText {#text} at (0,1) size 424x16
            text run at (0,1) width 424: "Using font \"MS Mincho\". expected: yen sign, actual: \x{A5}"
          RenderInline {SPAN} at (0,0) size 8x16
            RenderText {#text} at (424,1) size 8x16
              text run at (424,1) width 8: "\x{A5}"
          RenderInline {SPAN} at (0,0) size 8x16
            RenderText {#text} at (432,1) size 8x16
              text run at (432,1) width 8: "\x{A5}"
        RenderInline {SPAN} at (0,0) size 8x16
          RenderText {#text} at (440,1) size 8x16
            text run at (440,1) width 8: "\x{A5}"
      RenderBlock {DIV} at (0,100) size 769x24
        RenderInline {SPAN} at (0,0) size 408x24
          RenderText {#text} at (0,0) size 388x24
            text run at (0,0) width 388: "Using font \"Meiryo\". expected: yen sign, actual: \x{A5}"
          RenderInline {SPAN} at (0,0) size 10x24
            RenderText {#text} at (388,0) size 10x24
              text run at (388,0) width 10: "\x{A5}"
          RenderInline {SPAN} at (0,0) size 10x24
            RenderText {#text} at (398,0) size 10x24
              text run at (398,0) width 10: "\x{A5}"
        RenderInline {SPAN} at (0,0) size 10x24
          RenderText {#text} at (408,0) size 10x24
            text run at (408,0) width 10: "\x{A5}"
      RenderBlock {DIV} at (0,124) size 769x20
        RenderInline {SPAN} at (0,0) size 399x16
          RenderText {#text} at (0,1) size 381x16
            text run at (0,1) width 381: "Using font \"\x{FF2D}\x{FF33} \x{FF30}\x{30B4}\x{30B7}\x{30C3}\x{30AF}\". expected: yen sign, actual: \x{A5}"
          RenderInline {SPAN} at (0,0) size 9x16
            RenderText {#text} at (381,1) size 9x16
              text run at (381,1) width 9: "\x{A5}"
          RenderInline {SPAN} at (0,0) size 9x16
            RenderText {#text} at (390,1) size 9x16
              text run at (390,1) width 9: "\x{A5}"
        RenderInline {SPAN} at (0,0) size 9x16
          RenderText {#text} at (399,1) size 9x16
            text run at (399,1) width 9: "\x{A5}"
      RenderBlock {DIV} at (0,144) size 769x20
        RenderInline {SPAN} at (0,0) size 472x16
          RenderText {#text} at (0,1) size 456x16
            text run at (0,1) width 456: "Using font \"\x{FF2D}\x{FF33} \x{30B4}\x{30B7}\x{30C3}\x{30AF}\". expected: yen sign, actual: \x{A5}"
          RenderInline {SPAN} at (0,0) size 8x16
            RenderText {#text} at (456,1) size 8x16
              text run at (456,1) width 8: "\x{A5}"
          RenderInline {SPAN} at (0,0) size 8x16
            RenderText {#text} at (464,1) size 8x16
              text run at (464,1) width 8: "\x{A5}"
        RenderInline {SPAN} at (0,0) size 8x16
          RenderText {#text} at (472,1) size 8x16
            text run at (472,1) width 8: "\x{A5}"
      RenderBlock {DIV} at (0,164) size 769x20
        RenderInline {SPAN} at (0,0) size 383x16
          RenderText {#text} at (0,1) size 367x16
            text run at (0,1) width 367: "Using font \"\x{FF2D}\x{FF33} \x{FF30}\x{660E}\x{671D}\". expected: yen sign, actual: \x{A5}"
          RenderInline {SPAN} at (0,0) size 8x16
            RenderText {#text} at (367,1) size 8x16
              text run at (367,1) width 8: "\x{A5}"
          RenderInline {SPAN} at (0,0) size 8x16
            RenderText {#text} at (375,1) size 8x16
              text run at (375,1) width 8: "\x{A5}"
        RenderInline {SPAN} at (0,0) size 8x16
          RenderText {#text} at (383,1) size 8x16
            text run at (383,1) width 8: "\x{A5}"
      RenderBlock {DIV} at (0,184) size 769x20
        RenderInline {SPAN} at (0,0) size 440x16
          RenderText {#text} at (0,1) size 424x16
            text run at (0,1) width 424: "Using font \"\x{FF2D}\x{FF33} \x{660E}\x{671D}\". expected: yen sign, actual: \x{A5}"
          RenderInline {SPAN} at (0,0) size 8x16
            RenderText {#text} at (424,1) size 8x16
              text run at (424,1) width 8: "\x{A5}"
          RenderInline {SPAN} at (0,0) size 8x16
            RenderText {#text} at (432,1) size 8x16
              text run at (432,1) width 8: "\x{A5}"
        RenderInline {SPAN} at (0,0) size 8x16
          RenderText {#text} at (440,1) size 8x16
            text run at (440,1) width 8: "\x{A5}"
      RenderBlock {DIV} at (0,204) size 769x24
        RenderInline {SPAN} at (0,0) size 420x24
          RenderText {#text} at (0,0) size 400x24
            text run at (0,0) width 400: "Using font \"\x{30E1}\x{30A4}\x{30EA}\x{30AA}\". expected: yen sign, actual: \x{A5}"
          RenderInline {SPAN} at (0,0) size 10x24
            RenderText {#text} at (400,0) size 10x24
              text run at (400,0) width 10: "\x{A5}"
          RenderInline {SPAN} at (0,0) size 10x24
            RenderText {#text} at (410,0) size 10x24
              text run at (410,0) width 10: "\x{A5}"
        RenderInline {SPAN} at (0,0) size 10x24
          RenderText {#text} at (420,0) size 10x24
            text run at (420,0) width 10: "\x{A5}"
      RenderBlock {DIV} at (0,228) size 769x20
        RenderInline {SPAN} at (0,0) size 302x19
          RenderText {#text} at (0,0) size 294x19
            text run at (0,0) width 294: "Using font \"Times\". expected: backslash, actual: \\"
          RenderInline {SPAN} at (0,0) size 4x19
            RenderText {#text} at (294,0) size 4x19
              text run at (294,0) width 4: "\\"
          RenderInline {SPAN} at (0,0) size 4x19
            RenderText {#text} at (298,0) size 4x19
              text run at (298,0) width 4: "\\"
        RenderInline {SPAN} at (0,0) size 4x19
          RenderText {#text} at (302,0) size 4x19
            text run at (302,0) width 4: "\\"
      RenderBlock {DIV} at (0,248) size 769x20
        RenderInline {SPAN} at (0,0) size 306x19
          RenderText {#text} at (0,0) size 298x19
            text run at (0,0) width 298: "Using font \"foobar\". expected: backslash, actual: \\"
          RenderInline {SPAN} at (0,0) size 4x19
            RenderText {#text} at (298,0) size 4x19
              text run at (298,0) width 4: "\\"
          RenderInline {SPAN} at (0,0) size 4x19
            RenderText {#text} at (302,0) size 4x19
              text run at (302,0) width 4: "\\"
        RenderInline {SPAN} at (0,0) size 4x19
          RenderText {#text} at (306,0) size 4x19
            text run at (306,0) width 4: "\\"
      RenderBlock {DIV} at (0,268) size 769x20
        RenderInline {SPAN} at (0,0) size 443x19
          RenderText {#text} at (0,0) size 427x19
            text run at (0,0) width 427: "Using font \"*INVALID FONT NAME*\". expected: yen sign, actual: \x{A5}"
          RenderInline {SPAN} at (0,0) size 8x19
            RenderText {#text} at (427,0) size 8x19
              text run at (427,0) width 8: "\x{A5}"
          RenderInline {SPAN} at (0,0) size 8x19
            RenderText {#text} at (435,0) size 8x19
              text run at (435,0) width 8: "\x{A5}"
        RenderInline {SPAN} at (0,0) size 8x19
          RenderText {#text} at (443,0) size 8x19
            text run at (443,0) width 8: "\x{A5}"
      RenderBlock {DIV} at (0,288) size 769x20
        RenderInline {SPAN} at (0,0) size 292x19
          RenderText {#text} at (0,0) size 276x19
            text run at (0,0) width 276: "Using font \"serif\". expected: yen sign, actual: \x{A5}"
          RenderInline {SPAN} at (0,0) size 8x19
            RenderText {#text} at (276,0) size 8x19
              text run at (276,0) width 8: "\x{A5}"
          RenderInline {SPAN} at (0,0) size 8x19
            RenderText {#text} at (284,0) size 8x19
              text run at (284,0) width 8: "\x{A5}"
        RenderInline {SPAN} at (0,0) size 8x19
          RenderText {#text} at (292,0) size 8x19
            text run at (292,0) width 8: "\x{A5}"
      RenderBlock {DIV} at (0,308) size 769x20
        RenderInline {SPAN} at (0,0) size 374x18
          RenderText {#text} at (0,0) size 356x18
            text run at (0,0) width 356: "Using font \"sans-serif\". expected: yen sign, actual: \x{A5}"
          RenderInline {SPAN} at (0,0) size 9x18
            RenderText {#text} at (356,0) size 9x18
              text run at (356,0) width 9: "\x{A5}"
          RenderInline {SPAN} at (0,0) size 9x18
            RenderText {#text} at (365,0) size 9x18
              text run at (365,0) width 9: "\x{A5}"
        RenderInline {SPAN} at (0,0) size 9x18
          RenderText {#text} at (374,0) size 9x18
            text run at (374,0) width 9: "\x{A5}"
      RenderBlock {DIV} at (0,328) size 769x23
        RenderInline {SPAN} at (0,0) size 385x23
          RenderText {#text} at (0,0) size 365x23
            text run at (0,0) width 365: "Using font \"cursive\". expected: yen sign, actual: \x{A5}"
          RenderInline {SPAN} at (0,0) size 10x23
            RenderText {#text} at (365,0) size 10x23
              text run at (365,0) width 10: "\x{A5}"
          RenderInline {SPAN} at (0,0) size 10x23
            RenderText {#text} at (375,0) size 10x23
              text run at (375,0) width 10: "\x{A5}"
        RenderInline {SPAN} at (0,0) size 10x23
          RenderText {#text} at (385,0) size 10x23
            text run at (385,0) width 10: "\x{A5}"
      RenderBlock {DIV} at (0,351) size 769x22
        RenderInline {SPAN} at (0,0) size 332x20
          RenderText {#text} at (0,0) size 316x20
            text run at (0,0) width 316: "Using font \"fantasy\". expected: yen sign, actual: \x{A5}"
          RenderInline {SPAN} at (0,0) size 8x20
            RenderText {#text} at (316,0) size 8x20
              text run at (316,0) width 8: "\x{A5}"
          RenderInline {SPAN} at (0,0) size 8x20
            RenderText {#text} at (324,0) size 8x20
              text run at (324,0) width 8: "\x{A5}"
        RenderInline {SPAN} at (0,0) size 8x20
          RenderText {#text} at (332,0) size 8x20
            text run at (332,0) width 8: "\x{A5}"
      RenderBlock {DIV} at (0,373) size 769x20
        RenderInline {SPAN} at (0,0) size 440x16
          RenderText {#text} at (0,3) size 424x16
            text run at (0,3) width 424: "Using font \"monospace\". expected: yen sign, actual: \x{A5}"
          RenderInline {SPAN} at (0,0) size 8x16
            RenderText {#text} at (424,3) size 8x16
              text run at (424,3) width 8: "\x{A5}"
          RenderInline {SPAN} at (0,0) size 8x16
            RenderText {#text} at (432,3) size 8x16
              text run at (432,3) width 8: "\x{A5}"
        RenderInline {SPAN} at (0,0) size 8x16
          RenderText {#text} at (440,3) size 8x16
            text run at (440,3) width 8: "\x{A5}"
      RenderBlock {DIV} at (0,393) size 769x20
        RenderInline {SPAN} at (0,0) size 350x19
          RenderText {#text} at (0,0) size 342x19
            text run at (0,0) width 342: "Using font \"-webkit-body\". expected: backslash, actual: \\"
          RenderInline {SPAN} at (0,0) size 4x19
            RenderText {#text} at (342,0) size 4x19
              text run at (342,0) width 4: "\\"
          RenderInline {SPAN} at (0,0) size 4x19
            RenderText {#text} at (346,0) size 4x19
              text run at (346,0) width 4: "\\"
        RenderInline {SPAN} at (0,0) size 4x19
          RenderText {#text} at (350,0) size 4x19
            text run at (350,0) width 4: "\\"
      RenderBlock {DIV} at (0,413) size 769x20
        RenderInline {SPAN} at (0,0) size 357x18
          RenderText {#text} at (0,0) size 339x18
            text run at (0,0) width 339: "Using font \"caption\". expected: yen sign, actual: \x{A5}"
          RenderInline {SPAN} at (0,0) size 9x18
            RenderText {#text} at (339,0) size 9x18
              text run at (339,0) width 9: "\x{A5}"
          RenderInline {SPAN} at (0,0) size 9x18
            RenderText {#text} at (348,0) size 9x18
              text run at (348,0) width 9: "\x{A5}"
      RenderBlock {DIV} at (0,433) size 769x20
        RenderInline {SPAN} at (0,0) size 335x18
          RenderText {#text} at (0,0) size 317x18
            text run at (0,0) width 317: "Using font \"icon\". expected: yen sign, actual: \x{A5}"
          RenderInline {SPAN} at (0,0) size 9x18
            RenderText {#text} at (317,0) size 9x18
              text run at (317,0) width 9: "\x{A5}"
          RenderInline {SPAN} at (0,0) size 9x18
            RenderText {#text} at (326,0) size 9x18
              text run at (326,0) width 9: "\x{A5}"
      RenderBlock {DIV} at (0,453) size 769x20
        RenderInline {SPAN} at (0,0) size 264x15
          RenderText {#text} at (0,3) size 252x15
            text run at (0,3) width 252: "Using font \"menu\". expected: yen sign, actual: \x{A5}"
          RenderInline {SPAN} at (0,0) size 6x15
            RenderText {#text} at (252,3) size 6x15
              text run at (252,3) width 6: "\x{A5}"
          RenderInline {SPAN} at (0,0) size 6x15
            RenderText {#text} at (258,3) size 6x15
              text run at (258,3) width 6: "\x{A5}"
      RenderBlock {DIV} at (0,473) size 769x20
        RenderInline {SPAN} at (0,0) size 401x18
          RenderText {#text} at (0,0) size 383x18
            text run at (0,0) width 383: "Using font \"message-box\". expected: yen sign, actual: \x{A5}"
          RenderInline {SPAN} at (0,0) size 9x18
            RenderText {#text} at (383,0) size 9x18
              text run at (383,0) width 9: "\x{A5}"
          RenderInline {SPAN} at (0,0) size 9x18
            RenderText {#text} at (392,0) size 9x18
              text run at (392,0) width 9: "\x{A5}"
      RenderBlock {DIV} at (0,493) size 769x20
        RenderInline {SPAN} at (0,0) size 306x15
          RenderText {#text} at (0,3) size 294x15
            text run at (0,3) width 294: "Using font \"small-caption\". expected: yen sign, actual: \x{A5}"
          RenderInline {SPAN} at (0,0) size 6x15
            RenderText {#text} at (294,3) size 6x15
              text run at (294,3) width 6: "\x{A5}"
          RenderInline {SPAN} at (0,0) size 6x15
            RenderText {#text} at (300,3) size 6x15
              text run at (300,3) width 6: "\x{A5}"
      RenderBlock {DIV} at (0,513) size 769x20
        RenderInline {SPAN} at (0,0) size 286x15
          RenderText {#text} at (0,3) size 274x15
            text run at (0,3) width 274: "Using font \"status-bar\". expected: yen sign, actual: \x{A5}"
          RenderInline {SPAN} at (0,0) size 6x15
            RenderText {#text} at (274,3) size 6x15
              text run at (274,3) width 6: "\x{A5}"
          RenderInline {SPAN} at (0,0) size 6x15
            RenderText {#text} at (280,3) size 6x15
              text run at (280,3) width 6: "\x{A5}"
      RenderBlock {DIV} at (0,533) size 769x20
        RenderInline {SPAN} at (0,0) size 374x16
          RenderText {#text} at (0,2) size 360x16
            text run at (0,2) width 360: "Using font \"-webkit-mini-control\". expected: yen sign, actual: \x{A5}"
          RenderInline {SPAN} at (0,0) size 7x16
            RenderText {#text} at (360,2) size 7x16
              text run at (360,2) width 7: "\x{A5}"
          RenderInline {SPAN} at (0,0) size 7x16
            RenderText {#text} at (367,2) size 7x16
              text run at (367,2) width 7: "\x{A5}"
      RenderBlock {DIV} at (0,553) size 769x20
        RenderInline {SPAN} at (0,0) size 381x16
          RenderText {#text} at (0,2) size 367x16
            text run at (0,2) width 367: "Using font \"-webkit-small-control\". expected: yen sign, actual: \x{A5}"
          RenderInline {SPAN} at (0,0) size 7x16
            RenderText {#text} at (367,2) size 7x16
              text run at (367,2) width 7: "\x{A5}"
          RenderInline {SPAN} at (0,0) size 7x16
            RenderText {#text} at (374,2) size 7x16
              text run at (374,2) width 7: "\x{A5}"
      RenderBlock {DIV} at (0,573) size 769x20
        RenderInline {SPAN} at (0,0) size 346x16
          RenderText {#text} at (0,2) size 332x16
            text run at (0,2) width 332: "Using font \"-webkit-control\". expected: yen sign, actual: \x{A5}"
          RenderInline {SPAN} at (0,0) size 7x16
            RenderText {#text} at (332,2) size 7x16
              text run at (332,2) width 7: "\x{A5}"
          RenderInline {SPAN} at (0,0) size 7x16
            RenderText {#text} at (339,2) size 7x16
              text run at (339,2) width 7: "\x{A5}"
      RenderBlock {DIV} at (0,593) size 769x20
        RenderInline {SPAN} at (0,0) size 496x16
          RenderText {#text} at (0,1) size 480x16
            text run at (0,1) width 480: "Using font \"MS Gothic, Times\". expected: yen sign, actual: \x{A5}"
          RenderInline {SPAN} at (0,0) size 8x16
            RenderText {#text} at (480,1) size 8x16
              text run at (480,1) width 8: "\x{A5}"
          RenderInline {SPAN} at (0,0) size 8x16
            RenderText {#text} at (488,1) size 8x16
              text run at (488,1) width 8: "\x{A5}"
        RenderInline {SPAN} at (0,0) size 8x16
          RenderText {#text} at (496,1) size 8x16
            text run at (496,1) width 8: "\x{A5}"
      RenderBlock {DIV} at (0,613) size 769x20
        RenderInline {SPAN} at (0,0) size 377x19
          RenderText {#text} at (0,0) size 369x19
            text run at (0,0) width 369: "Using font \"Times, MS Gothic\". expected: backslash, actual: \\"
          RenderInline {SPAN} at (0,0) size 4x19
            RenderText {#text} at (369,0) size 4x19
              text run at (369,0) width 4: "\\"
          RenderInline {SPAN} at (0,0) size 4x19
            RenderText {#text} at (373,0) size 4x19
              text run at (373,0) width 4: "\\"
        RenderInline {SPAN} at (0,0) size 4x19
          RenderText {#text} at (377,0) size 4x19
            text run at (377,0) width 4: "\\"
      RenderBlock {DIV} at (0,633) size 769x20
        RenderInline {SPAN} at (0,0) size 504x16
          RenderText {#text} at (0,1) size 488x16
            text run at (0,1) width 488: "Using font \"MS Gothic, foobar\". expected: yen sign, actual: \x{A5}"
          RenderInline {SPAN} at (0,0) size 8x16
            RenderText {#text} at (488,1) size 8x16
              text run at (488,1) width 8: "\x{A5}"
          RenderInline {SPAN} at (0,0) size 8x16
            RenderText {#text} at (496,1) size 8x16
              text run at (496,1) width 8: "\x{A5}"
        RenderInline {SPAN} at (0,0) size 8x16
          RenderText {#text} at (504,1) size 8x16
            text run at (504,1) width 8: "\x{A5}"
      RenderBlock {DIV} at (0,653) size 769x20
        RenderInline {SPAN} at (0,0) size 512x16
          RenderText {#text} at (0,1) size 496x16
            text run at (0,1) width 496: "Using font \"foobar, MS Gothic\". expected: backslash, actual: \\"
          RenderInline {SPAN} at (0,0) size 8x16
            RenderText {#text} at (496,1) size 8x16
              text run at (496,1) width 8: "\\"
          RenderInline {SPAN} at (0,0) size 8x16
            RenderText {#text} at (504,1) size 8x16
              text run at (504,1) width 8: "\\"
        RenderInline {SPAN} at (0,0) size 8x16
          RenderText {#text} at (512,1) size 8x16
            text run at (512,1) width 8: "\\"
      RenderBlock {DIV} at (0,673) size 769x20
        RenderInline {SPAN} at (0,0) size 336x19
          RenderText {#text} at (0,0) size 320x19
            text run at (0,0) width 320: "Using font \"serif, Times\". expected: yen sign, actual: \x{A5}"
          RenderInline {SPAN} at (0,0) size 8x19
            RenderText {#text} at (320,0) size 8x19
              text run at (320,0) width 8: "\x{A5}"
          RenderInline {SPAN} at (0,0) size 8x19
            RenderText {#text} at (328,0) size 8x19
              text run at (328,0) width 8: "\x{A5}"
        RenderInline {SPAN} at (0,0) size 8x19
          RenderText {#text} at (336,0) size 8x19
            text run at (336,0) width 8: "\x{A5}"
      RenderBlock {DIV} at (0,693) size 769x20
        RenderInline {SPAN} at (0,0) size 335x19
          RenderText {#text} at (0,0) size 327x19
            text run at (0,0) width 327: "Using font \"Times, serif\". expected: backslash, actual: \\"
          RenderInline {SPAN} at (0,0) size 4x19
            RenderText {#text} at (327,0) size 4x19
              text run at (327,0) width 4: "\\"
          RenderInline {SPAN} at (0,0) size 4x19
            RenderText {#text} at (331,0) size 4x19
              text run at (331,0) width 4: "\\"
        RenderInline {SPAN} at (0,0) size 4x19
          RenderText {#text} at (335,0) size 4x19
            text run at (335,0) width 4: "\\"
      RenderBlock {DIV} at (0,713) size 769x20
        RenderInline {SPAN} at (0,0) size 325x19
          RenderText {#text} at (0,0) size 309x19
            text run at (0,0) width 309: "Using font \"serif, serif\". expected: yen sign, actual: \x{A5}"
          RenderInline {SPAN} at (0,0) size 8x19
            RenderText {#text} at (309,0) size 8x19
              text run at (309,0) width 8: "\x{A5}"
          RenderInline {SPAN} at (0,0) size 8x19
            RenderText {#text} at (317,0) size 8x19
              text run at (317,0) width 8: "\x{A5}"
        RenderInline {SPAN} at (0,0) size 8x19
          RenderText {#text} at (325,0) size 8x19
            text run at (325,0) width 8: "\x{A5}"
      RenderBlock {DIV} at (0,733) size 769x20
        RenderInline {SPAN} at (0,0) size 350x19
          RenderText {#text} at (0,0) size 342x19
            text run at (0,0) width 342: "Using font \"foobar, Times\". expected: backslash, actual: \\"
          RenderInline {SPAN} at (0,0) size 4x19
            RenderText {#text} at (342,0) size 4x19
              text run at (342,0) width 4: "\\"
          RenderInline {SPAN} at (0,0) size 4x19
            RenderText {#text} at (346,0) size 4x19
              text run at (346,0) width 4: "\\"
        RenderInline {SPAN} at (0,0) size 4x19
          RenderText {#text} at (350,0) size 4x19
            text run at (350,0) width 4: "\\"
      RenderBlock {DIV} at (0,753) size 769x20
        RenderInline {SPAN} at (0,0) size 350x19
          RenderText {#text} at (0,0) size 342x19
            text run at (0,0) width 342: "Using font \"Times, foobar\". expected: backslash, actual: \\"
          RenderInline {SPAN} at (0,0) size 4x19
            RenderText {#text} at (342,0) size 4x19
              text run at (342,0) width 4: "\\"
          RenderInline {SPAN} at (0,0) size 4x19
            RenderText {#text} at (346,0) size 4x19
              text run at (346,0) width 4: "\\"
        RenderInline {SPAN} at (0,0) size 4x19
          RenderText {#text} at (350,0) size 4x19
            text run at (350,0) width 4: "\\"
