layer at (0,0) size 825x585
  RenderView at (0,0) size 800x585
layer at (-25,0) size 825x585 backgroundClip at (0,0) size 825x585 clip at (0,0) size 825x585 outlineClip at (0,0) size 825x585
  RenderBlock {HTML} at (0,0) size 825x585
    RenderBody {BODY} at (8,8) size 0x569
      RenderBlock (floating) {DIV} at (8,8) size 156x366 [border: (3px solid #000000)]
        RenderText {#text} at (15,3) size 20x270
          text run at (15,3) width 270: "\x{305B}\x{3063}\x{304B}\x{304F}\x{898B}\x{3064}\x{3051}\x{305F}\x{3059}\x{3070}\x{3089}\x{3057}\x{3044}\x{8A18}\x{4E8B}"
        RenderInline {SPAN} at (0,0) size 52x360
          RenderText {#text} at (15,273) size 52x360
            text run at (15,273) width 90: "\x{304C}\x{3069}\x{3053}\x{306B}\x{3042}"
            text run at (47,3) width 144: "\x{3063}\x{305F}\x{304B}\x{5FD8}\x{308C}\x{3066}\x{3057}\x{307E}"
        RenderText {#text} at (47,147) size 20x180
          text run at (47,147) width 180: "\x{3063}\x{305F}\x{7D4C}\x{9A13}\x{306F}\x{3042}\x{308A}\x{307E}\x{3059}\x{304B}"
        RenderInline {SPAN} at (0,0) size 52x360
          RenderText {#text} at (47,327) size 52x360
            text run at (47,327) width 36: "\x{306A}\x{3089}"
            text run at (79,3) width 270: "\x{30BF}\x{30A4}\x{30C8}\x{30EB}\x{3068}\x{30A2}\x{30C9}\x{30EC}\x{30B9}\x{3060}\x{3051}\x{3067}\x{306A}\x{304F}\x{3001}"
        RenderText {#text} at (79,273) size 73x360
          text run at (79,273) width 90: "\x{8A2A}\x{554F}\x{3057}\x{305F}\x{30A6}"
          text run at (111,3) width 360: "\x{30A7}\x{30D6}\x{30DA}\x{30FC}\x{30B8}\x{306E}\x{30B3}\x{30F3}\x{30C6}\x{30F3}\x{30C4}\x{304B}\x{3089}\x{3082}\x{691C}\x{7D22}\x{3059}\x{308B}\x{3053}\x{3068}"
          text run at (132,3) width 108: "\x{304C}\x{3067}\x{304D}\x{307E}\x{3059}\x{3002}"
      RenderBlock (floating) {DIV} at (180,8) size 192x366 [border: (3px solid #000000)]
        RenderText {#text} at (24,3) size 20x54
          text run at (24,3) width 54: "\x{305B}\x{3063}\x{304B}"
        RenderInline {SPAN} at (0,0) size 20x108
          RenderText {#text} at (24,57) size 20x108
            text run at (24,57) width 108: "\x{304F}\x{898B}\x{3064}\x{3051}\x{305F}\x{3059}"
        RenderInline {SPAN} at (0,0) size 20x72
          RenderText {#text} at (24,165) size 20x72
            text run at (24,165) width 72: "\x{3070}\x{3089}\x{3057}\x{3044}"
        RenderInline {SPAN} at (0,0) size 20x72
          RenderText {#text} at (24,237) size 20x72
            text run at (24,237) width 72: "\x{8A18}\x{4E8B}\x{304C}\x{3069}"
        RenderInline {SPAN} at (0,0) size 61x360
          RenderText {#text} at (24,309) size 61x360
            text run at (24,309) width 54: "\x{3053}\x{306B}\x{3042}"
            text run at (65,3) width 18: "\x{3063}"
        RenderInline {SPAN} at (0,0) size 20x108
          RenderText {#text} at (65,21) size 20x108
            text run at (65,21) width 108: "\x{305F}\x{304B}\x{5FD8}\x{308C}\x{3066}\x{3057}"
        RenderInline {SPAN} at (0,0) size 20x90
          RenderText {#text} at (65,129) size 20x90
            text run at (65,129) width 90: "\x{307E}\x{3063}\x{305F}\x{7D4C}\x{9A13}"
        RenderInline {SPAN} at (0,0) size 20x108
          RenderText {#text} at (65,219) size 20x108
            text run at (65,219) width 108: "\x{306F}\x{3042}\x{308A}\x{307E}\x{3059}\x{304B}"
        RenderInline {SPAN} at (0,0) size 61x360
          RenderText {#text} at (65,327) size 61x360
            text run at (65,327) width 36: "\x{306A}\x{3089}"
            text run at (106,3) width 90: "\x{30BF}\x{30A4}\x{30C8}\x{30EB}\x{3068}"
        RenderInline {SPAN} at (0,0) size 20x144
          RenderText {#text} at (106,93) size 20x144
            text run at (106,93) width 144: "\x{30A2}\x{30C9}\x{30EC}\x{30B9}\x{3060}\x{3051}\x{3067}\x{306A}"
        RenderInline {SPAN} at (0,0) size 61x342
          RenderText {#text} at (106,237) size 61x342
            text run at (106,237) width 108: "\x{304F}\x{3001}\x{8A2A}\x{554F}\x{3057}\x{305F}"
            text run at (147,3) width 18: "\x{30A6}"
        RenderInline {SPAN} at (0,0) size 20x162
          RenderText {#text} at (147,21) size 20x162
            text run at (147,21) width 162: "\x{30A7}\x{30D6}\x{30DA}\x{30FC}\x{30B8}\x{306E}\x{30B3}\x{30F3}\x{30C6}"
        RenderText {#text} at (147,183) size 41x360
          text run at (147,183) width 180: "\x{30F3}\x{30C4}\x{304B}\x{3089}\x{3082}\x{691C}\x{7D22}\x{3059}\x{308B}\x{3053}"
          text run at (168,3) width 126: "\x{3068}\x{304C}\x{3067}\x{304D}\x{307E}\x{3059}\x{3002}"
      RenderBlock (floating) {DIV} at (388,8) size 191x366 [border: (3px solid #000000)]
        RenderText {#text} at (3,3) size 20x54
          text run at (3,3) width 54: "\x{305B}\x{3063}\x{304B}"
        RenderInline {SPAN} at (0,0) size 20x108
          RenderText {#text} at (3,57) size 20x108
            text run at (3,57) width 108: "\x{304F}\x{898B}\x{3064}\x{3051}\x{305F}\x{3059}"
        RenderInline {SPAN} at (0,0) size 20x72
          RenderText {#text} at (3,165) size 20x72
            text run at (3,165) width 72: "\x{3070}\x{3089}\x{3057}\x{3044}"
        RenderInline {SPAN} at (0,0) size 20x72
          RenderText {#text} at (3,237) size 20x72
            text run at (3,237) width 72: "\x{8A18}\x{4E8B}\x{304C}\x{3069}"
        RenderInline {SPAN} at (0,0) size 61x360
          RenderText {#text} at (3,309) size 61x360
            text run at (3,309) width 54: "\x{3053}\x{306B}\x{3042}"
            text run at (44,3) width 18: "\x{3063}"
        RenderInline {SPAN} at (0,0) size 20x108
          RenderText {#text} at (44,21) size 20x108
            text run at (44,21) width 108: "\x{305F}\x{304B}\x{5FD8}\x{308C}\x{3066}\x{3057}"
        RenderInline {SPAN} at (0,0) size 20x90
          RenderText {#text} at (44,129) size 20x90
            text run at (44,129) width 90: "\x{307E}\x{3063}\x{305F}\x{7D4C}\x{9A13}"
        RenderInline {SPAN} at (0,0) size 20x108
          RenderText {#text} at (44,219) size 20x108
            text run at (44,219) width 108: "\x{306F}\x{3042}\x{308A}\x{307E}\x{3059}\x{304B}"
        RenderInline {SPAN} at (0,0) size 61x360
          RenderText {#text} at (44,327) size 61x360
            text run at (44,327) width 36: "\x{306A}\x{3089}"
            text run at (85,3) width 90: "\x{30BF}\x{30A4}\x{30C8}\x{30EB}\x{3068}"
        RenderInline {SPAN} at (0,0) size 20x144
          RenderText {#text} at (85,93) size 20x144
            text run at (85,93) width 144: "\x{30A2}\x{30C9}\x{30EC}\x{30B9}\x{3060}\x{3051}\x{3067}\x{306A}"
        RenderInline {SPAN} at (0,0) size 61x342
          RenderText {#text} at (85,237) size 61x342
            text run at (85,237) width 108: "\x{304F}\x{3001}\x{8A2A}\x{554F}\x{3057}\x{305F}"
            text run at (126,3) width 18: "\x{30A6}"
        RenderInline {SPAN} at (0,0) size 20x162
          RenderText {#text} at (126,21) size 20x162
            text run at (126,21) width 162: "\x{30A7}\x{30D6}\x{30DA}\x{30FC}\x{30B8}\x{306E}\x{30B3}\x{30F3}\x{30C6}"
        RenderText {#text} at (126,183) size 61x360
          text run at (126,183) width 180: "\x{30F3}\x{30C4}\x{304B}\x{3089}\x{3082}\x{691C}\x{7D22}\x{3059}\x{308B}\x{3053}"
          text run at (167,3) width 126: "\x{3068}\x{304C}\x{3067}\x{304D}\x{307E}\x{3059}\x{3002}"
      RenderBlock (floating) {DIV} at (595,8) size 214x366 [border: (3px solid #000000)]
        RenderText {#text} at (24,3) size 20x270
          text run at (24,3) width 270: "\x{305B}\x{3063}\x{304B}\x{304F}\x{898B}\x{3064}\x{3051}\x{305F}\x{3059}\x{3070}\x{3089}\x{3057}\x{3044}\x{8A18}\x{4E8B}"
        RenderInline {SPAN} at (0,0) size 61x360
          RenderText {#text} at (24,273) size 61x360
            text run at (24,273) width 90: "\x{304C}\x{3069}\x{3053}\x{306B}\x{3042}"
            text run at (65,3) width 144: "\x{3063}\x{305F}\x{304B}\x{5FD8}\x{308C}\x{3066}\x{3057}\x{307E}"
        RenderText {#text} at (65,147) size 20x180
          text run at (65,147) width 180: "\x{3063}\x{305F}\x{7D4C}\x{9A13}\x{306F}\x{3042}\x{308A}\x{307E}\x{3059}\x{304B}"
        RenderInline {SPAN} at (0,0) size 61x360
          RenderText {#text} at (65,327) size 61x360
            text run at (65,327) width 36: "\x{306A}\x{3089}"
            text run at (106,3) width 270: "\x{30BF}\x{30A4}\x{30C8}\x{30EB}\x{3068}\x{30A2}\x{30C9}\x{30EC}\x{30B9}\x{3060}\x{3051}\x{3067}\x{306A}\x{304F}\x{3001}"
        RenderText {#text} at (106,273) size 97x360
          text run at (106,273) width 90: "\x{8A2A}\x{554F}\x{3057}\x{305F}\x{30A6}"
          text run at (147,3) width 360: "\x{30A7}\x{30D6}\x{30DA}\x{30FC}\x{30B8}\x{306E}\x{30B3}\x{30F3}\x{30C6}\x{30F3}\x{30C4}\x{304B}\x{3089}\x{3082}\x{691C}\x{7D22}\x{3059}\x{308B}\x{3053}\x{3068}"
          text run at (183,3) width 108: "\x{304C}\x{3067}\x{304D}\x{307E}\x{3059}\x{3002}"
