layer at (0,0) size 800x600
  RenderView at (0,0) size 800x600
layer at (0,0) size 800x600
  RenderBlock {HTML} at (0,0) size 800x600
    RenderBody {BODY} at (8,8) size 744x584
      RenderBlock {P} at (0,0) size 111x584
        RenderInline {SPAN} at (0,0) size 55x216
          RenderText {#text} at (55,0) size 55x96
            text run at (55,0) width 96: "\x{6587}\x{5B57}"
          RenderInline {SPAN} at (0,0) size 55x72
            RenderCombineText {#text} at (55,96) size 55x72
              text run at (55,96) width 72: "900"
          RenderText {#text} at (55,168) size 55x48
            text run at (55,168) width 48: "\x{5E74}"
        RenderText {#text} at (0,0) size 0x0
      RenderBlock {P} at (159,0) size 83x584
        RenderInline {SPAN} at (0,0) size 55x216
          RenderText {#text} at (27,0) size 55x96
            text run at (27,0) width 96: "\x{6587}\x{5B57}"
          RenderInline {SPAN} at (0,0) size 55x72
            RenderCombineText {#text} at (27,96) size 55x72
              text run at (27,96) width 72: "900"
          RenderText {#text} at (27,168) size 55x48
            text run at (27,168) width 48: "\x{5E74}"
        RenderText {#text} at (0,0) size 0x0
      RenderBlock {P} at (290,0) size 104x584
        RenderInline {SPAN} at (0,0) size 55x216
          RenderText {#text} at (48,0) size 55x96
            text run at (48,0) width 96: "\x{6587}\x{5B57}"
          RenderInline {SPAN} at (0,0) size 55x72
            RenderCombineText {#text} at (48,96) size 55x72
              text run at (48,96) width 72: "900"
          RenderText {#text} at (48,168) size 55x48
            text run at (48,168) width 48: "\x{5E74}"
        RenderText {#text} at (0,0) size 0x0
