layer at (0,0) size 785x722
  RenderView at (0,0) size 785x600
layer at (0,0) size 785x722
  RenderBlock {HTML} at (0,0) size 785x722
    RenderBody {BODY} at (8,8) size 769x0
      RenderBlock (floating) {DIV} at (8,8) size 366x146 [border: (3px solid #000000)]
        RenderText {#text} at (3,3) size 270x27
          text run at (3,3) width 270: "Lorem ipsum dolor sit amet,"
        RenderInline {SPAN} at (0,0) size 213x27
          RenderText {#text} at (3,45) size 213x27
            text run at (3,45) width 213: "consectetur adipiscing"
        RenderText {#text} at (216,45) size 130x27
          text run at (216,45) width 6: " "
          text run at (222,45) width 124: "elit. Aliquam"
        RenderInline {SPAN} at (0,0) size 109x27
          RenderText {#text} at (3,73) size 109x27
            text run at (3,73) width 109: "odio sapien"
        RenderText {#text} at (112,73) size 330x69
          text run at (112,73) width 12: ", "
          text run at (124,73) width 209: "lobortis eu iaculis vel,"
          text run at (3,115) width 208: "scelerisque nec dolor."
      RenderBlock (floating) {DIV} at (390,8) size 366x146 [border: (3px solid #000000)]
        RenderText {#text} at (3,3) size 270x27
          text run at (3,3) width 270: "Lorem ipsum dolor sit amet,"
        RenderInline {SPAN} at (0,0) size 213x27
          RenderText {#text} at (3,45) size 213x27
            text run at (3,45) width 213: "consectetur adipiscing"
        RenderText {#text} at (216,45) size 130x27
          text run at (216,45) width 6: " "
          text run at (222,45) width 124: "elit. Aliquam"
        RenderInline {SPAN} at (0,0) size 109x27
          RenderText {#text} at (3,73) size 109x27
            text run at (3,73) width 109: "odio sa\x{300}pien"
        RenderText {#text} at (112,73) size 330x69
          text run at (112,73) width 12: ", "
          text run at (124,73) width 209: "lobortis eu iaculis vel,"
          text run at (3,115) width 208: "scelerisque nec dolor."
      RenderBlock (floating) {DIV} at (8,170) size 366x161 [border: (3px solid #000000)]
        RenderText {#text} at (3,18) size 70x27
          text run at (3,18) width 70: "Lorem "
        RenderInline {SPAN} at (0,0) size 57x27
          RenderText {#text} at (73,18) size 57x27
            text run at (73,18) width 57: "ipsum"
        RenderText {#text} at (130,18) size 6x27
          text run at (130,18) width 6: " "
        RenderInline {SPAN} at (0,0) size 50x27
          RenderText {#text} at (136,18) size 50x27
            text run at (136,18) width 50: "dolor"
        RenderText {#text} at (186,18) size 6x27
          text run at (186,18) width 6: " "
        RenderInline {SPAN} at (0,0) size 22x27
          RenderText {#text} at (192,18) size 22x27
            text run at (192,18) width 22: "sit"
        RenderText {#text} at (214,18) size 6x27
          text run at (214,18) width 6: " "
        RenderInline {SPAN} at (0,0) size 47x27
          RenderText {#text} at (220,18) size 47x27
            text run at (220,18) width 47: "amet"
        RenderText {#text} at (267,18) size 6x27
          text run at (267,18) width 6: ","
        RenderInline {SPAN} at (0,0) size 111x27
          RenderText {#text} at (3,60) size 111x27
            text run at (3,60) width 111: "consectetur"
        RenderText {#text} at (114,60) size 6x27
          text run at (114,60) width 6: " "
        RenderInline {SPAN} at (0,0) size 96x27
          RenderText {#text} at (120,60) size 96x27
            text run at (120,60) width 96: "adipiscing"
        RenderText {#text} at (216,60) size 6x27
          text run at (216,60) width 6: " "
        RenderInline {SPAN} at (0,0) size 30x27
          RenderText {#text} at (222,60) size 30x27
            text run at (222,60) width 30: "elit"
        RenderText {#text} at (252,60) size 12x27
          text run at (252,60) width 12: ". "
        RenderInline {SPAN} at (0,0) size 82x27
          RenderText {#text} at (264,60) size 82x27
            text run at (264,60) width 82: "Aliquam"
        RenderText {#text} at (346,60) size 6x27
          text run at (346,60) width 6: ","
        RenderInline {SPAN} at (0,0) size 42x27
          RenderText {#text} at (3,102) size 42x27
            text run at (3,102) width 42: "odio"
        RenderText {#text} at (45,102) size 6x27
          text run at (45,102) width 6: " "
        RenderInline {SPAN} at (0,0) size 61x27
          RenderText {#text} at (51,102) size 61x27
            text run at (51,102) width 61: "sapien"
        RenderText {#text} at (112,102) size 12x27
          text run at (112,102) width 12: ", "
        RenderInline {SPAN} at (0,0) size 72x27
          RenderText {#text} at (124,102) size 72x27
            text run at (124,102) width 72: "lobortis"
        RenderText {#text} at (196,102) size 330x55
          text run at (196,102) width 6: " "
          text run at (202,102) width 131: "eu iaculis vel,"
          text run at (3,130) width 208: "scelerisque nec dolor."
      RenderBlock (floating) {DIV} at (390,170) size 366x160 [border: (3px solid #000000)]
        RenderText {#text} at (3,3) size 70x27
          text run at (3,3) width 70: "Lorem "
        RenderInline {SPAN} at (0,0) size 57x27
          RenderText {#text} at (73,3) size 57x27
            text run at (73,3) width 57: "ipsum"
        RenderText {#text} at (130,3) size 6x27
          text run at (130,3) width 6: " "
        RenderInline {SPAN} at (0,0) size 50x27
          RenderText {#text} at (136,3) size 50x27
            text run at (136,3) width 50: "dolor"
        RenderText {#text} at (186,3) size 6x27
          text run at (186,3) width 6: " "
        RenderInline {SPAN} at (0,0) size 22x27
          RenderText {#text} at (192,3) size 22x27
            text run at (192,3) width 22: "sit"
        RenderText {#text} at (214,3) size 6x27
          text run at (214,3) width 6: " "
        RenderInline {SPAN} at (0,0) size 47x27
          RenderText {#text} at (220,3) size 47x27
            text run at (220,3) width 47: "amet"
        RenderText {#text} at (267,3) size 6x27
          text run at (267,3) width 6: ","
        RenderInline {SPAN} at (0,0) size 111x27
          RenderText {#text} at (3,45) size 111x27
            text run at (3,45) width 111: "consectetur"
        RenderText {#text} at (114,45) size 6x27
          text run at (114,45) width 6: " "
        RenderInline {SPAN} at (0,0) size 96x27
          RenderText {#text} at (120,45) size 96x27
            text run at (120,45) width 96: "adipiscing"
        RenderText {#text} at (216,45) size 6x27
          text run at (216,45) width 6: " "
        RenderInline {SPAN} at (0,0) size 30x27
          RenderText {#text} at (222,45) size 30x27
            text run at (222,45) width 30: "elit"
        RenderText {#text} at (252,45) size 12x27
          text run at (252,45) width 12: ". "
        RenderInline {SPAN} at (0,0) size 82x27
          RenderText {#text} at (264,45) size 82x27
            text run at (264,45) width 82: "Aliquam"
        RenderText {#text} at (346,45) size 6x27
          text run at (346,45) width 6: ","
        RenderInline {SPAN} at (0,0) size 42x27
          RenderText {#text} at (3,87) size 42x27
            text run at (3,87) width 42: "odio"
        RenderText {#text} at (45,87) size 6x27
          text run at (45,87) width 6: " "
        RenderInline {SPAN} at (0,0) size 61x27
          RenderText {#text} at (51,87) size 61x27
            text run at (51,87) width 61: "sapien"
        RenderText {#text} at (112,87) size 12x27
          text run at (112,87) width 12: ", "
        RenderInline {SPAN} at (0,0) size 72x27
          RenderText {#text} at (124,87) size 72x27
            text run at (124,87) width 72: "lobortis"
        RenderText {#text} at (196,87) size 330x69
          text run at (196,87) width 6: " "
          text run at (202,87) width 131: "eu iaculis vel,"
          text run at (3,129) width 208: "scelerisque nec dolor."
      RenderBlock (floating) {DIV} at (390,346) size 366x198 [border: (3px solid #000000)]
        RenderText {#text} at (3,13) size 270x27
          text run at (3,13) width 270: "Lorem ipsum dolor sit amet,"
        RenderInline {SPAN} at (0,0) size 213x27
          RenderText {#text} at (3,61) size 213x27
            text run at (3,61) width 213: "consectetur adipiscing"
        RenderText {#text} at (216,61) size 130x27
          text run at (216,61) width 6: " "
          text run at (222,61) width 124: "elit. Aliquam"
        RenderInline {SPAN} at (0,0) size 109x27
          RenderText {#text} at (3,109) size 109x27
            text run at (3,109) width 109: "odio sapien"
        RenderText {#text} at (112,109) size 330x75
          text run at (112,109) width 12: ", "
          text run at (124,109) width 209: "lobortis eu iaculis vel,"
          text run at (3,157) width 208: "scelerisque nec dolor."
      RenderBlock (floating) {DIV} at (8,560) size 366x146 [border: (3px solid #000000)]
        RenderText {#text} at (3,3) size 270x27
          text run at (3,3) width 270: "Lorem ipsum dolor sit amet,"
        RenderInline {SPAN} at (0,0) size 213x27
          RenderText {#text} at (3,45) size 213x27
            text run at (3,45) width 213: "consectetur adipiscing"
        RenderText {#text} at (216,45) size 130x27
          text run at (216,45) width 6: " "
          text run at (222,45) width 124: "elit. Aliquam"
        RenderInline {SPAN} at (0,0) size 109x27
          RenderText {#text} at (3,73) size 109x27
            text run at (3,73) width 109: "odio sapien"
        RenderText {#text} at (112,73) size 330x69
          text run at (112,73) width 12: ", "
          text run at (124,73) width 209: "lobortis eu iaculis vel,"
          text run at (3,115) width 208: "scelerisque nec dolor."
selection start: position 10 of child 0 {#text} of child 1 {SPAN} of child 10 {DIV} of body
selection end:   position 7 of child 0 {#text} of child 3 {SPAN} of child 10 {DIV} of body
