layer at (0,0) size 800x600
  RenderView at (0,0) size 800x600
layer at (0,0) size 800x600
  RenderBlock {HTML} at (0,0) size 800x600
    RenderBody {BODY} at (8,8) size 784x584
      RenderBlock {DIV} at (0,0) size 784x94
        RenderBlock {DIV} at (0,0) size 106x26 [border: (3px solid #000000)]
          RenderText {#text} at (3,3) size 32x19
            text run at (3,3) width 32: "a. b. "
          RenderInline {SPAN} at (0,0) size 3x19
            RenderText {#text} at (35,3) size 3x19
              text run at (35,3) width 3: "i"
          RenderText {#text} at (38,3) size 65x19
            text run at (38,3) width 65: "\x{306F}xxxxxxx"
        RenderBlock {DIV} at (0,34) size 106x26 [border: (3px solid #000000)]
          RenderText {#text} at (3,3) size 100x19
            text run at (3,3) width 100: "a. b. i\x{306F}xxxxxxx"
        RenderBlock {DIV} at (0,68) size 106x26 [border: (3px solid #000000)]
          RenderText {#text} at (3,3) size 195x19
            text run at (3,3) width 195: "xxxxxxxxxxxxxxxxxxxxx\x{FF08}\x{624B}\x{FF09}"
      RenderBlock {DIV} at (0,102) size 784x94
        RenderBlock {DIV} at (0,0) size 106x26 [border: (3px solid #000000)]
          RenderText {#text} at (3,3) size 32x19
            text run at (3,3) width 32: "a. b. "
          RenderInline {SPAN} at (0,0) size 3x19
            RenderText {#text} at (35,3) size 3x19
              text run at (35,3) width 3: "i"
          RenderText {#text} at (38,3) size 65x19
            text run at (38,3) width 65: "\x{306F}xxxxxxx"
        RenderBlock {DIV} at (0,34) size 106x26 [border: (3px solid #000000)]
          RenderText {#text} at (3,3) size 100x19
            text run at (3,3) width 100: "a. b. i\x{306F}xxxxxxx"
        RenderBlock {DIV} at (0,68) size 106x26 [border: (3px solid #000000)]
          RenderText {#text} at (3,3) size 195x19
            text run at (3,3) width 195: "xxxxxxxxxxxxxxxxxxxxx\x{FF08}\x{624B}\x{FF09}"
