layer at (0,0) size 800x600
  RenderView at (0,0) size 800x600
layer at (0,0) size 800x600
  RenderBlock {HTML} at (0,0) size 800x600
    RenderBody {BODY} at (8,8) size 784x584
      RenderBlock {DIV} at (0,0) size 784x21
        RenderText {#text} at (0,0) size 0x0
layer at (108,8) size 38x21
  RenderInline (relative positioned) {SPAN} at (0,0) size 38x21
    RenderText {#text} at (0,0) size 38x21
      text run at (0,0) width 38: "Hello"
layer at (158,58) size 38x21
  RenderBlock (positioned) {DIV} at (50,50) size 38x21 [color=#FFFFFF] [bgcolor=#008000]
    RenderText {#text} at (0,0) size 38x21
      text run at (0,0) width 38: "Hello"
