layer at (0,0) size 784x2528
  RenderView at (0,0) size 784x600
layer at (0,0) size 784x600
  RenderBlock {HTML} at (0,0) size 784x600
    RenderBody {BODY} at (8,8) size 768x584
      RenderBlock (anonymous) at (0,0) size 768x21
        RenderText {#text} at (0,0) size 134x21
          text run at (0,0) width 134: "Content at the end."
layer at (8,8) size 18x2520
  RenderBlock (positioned) {DIV} at (0,0) size 18x2520
    RenderText {#text} at (0,0) size 9x21
      text run at (0,0) width 9: "1"
    RenderBR {BR} at (9,16) size 0x0
    RenderText {#text} at (0,21) size 9x21
      text run at (0,21) width 9: "2"
    RenderBR {BR} at (9,37) size 0x0
    RenderText {#text} at (0,42) size 9x21
      text run at (0,42) width 9: "3"
    RenderBR {BR} at (9,58) size 0x0
    RenderText {#text} at (0,63) size 9x21
      text run at (0,63) width 9: "4"
    RenderBR {BR} at (9,79) size 0x0
    RenderText {#text} at (0,84) size 9x21
      text run at (0,84) width 9: "5"
    RenderBR {BR} at (9,100) size 0x0
    RenderText {#text} at (0,105) size 9x21
      text run at (0,105) width 9: "6"
    RenderBR {BR} at (9,121) size 0x0
    RenderText {#text} at (0,126) size 9x21
      text run at (0,126) width 9: "7"
    RenderBR {BR} at (9,142) size 0x0
    RenderText {#text} at (0,147) size 9x21
      text run at (0,147) width 9: "8"
    RenderBR {BR} at (9,163) size 0x0
    RenderText {#text} at (0,168) size 9x21
      text run at (0,168) width 9: "9"
    RenderBR {BR} at (9,184) size 0x0
    RenderText {#text} at (0,189) size 18x21
      text run at (0,189) width 18: "10"
    RenderBR {BR} at (18,205) size 0x0
    RenderText {#text} at (0,210) size 18x21
      text run at (0,210) width 18: "11"
    RenderBR {BR} at (18,226) size 0x0
    RenderText {#text} at (0,231) size 18x21
      text run at (0,231) width 18: "12"
    RenderBR {BR} at (18,247) size 0x0
    RenderText {#text} at (0,252) size 18x21
      text run at (0,252) width 18: "13"
    RenderBR {BR} at (18,268) size 0x0
    RenderText {#text} at (0,273) size 18x21
      text run at (0,273) width 18: "14"
    RenderBR {BR} at (18,289) size 0x0
    RenderText {#text} at (0,294) size 18x21
      text run at (0,294) width 18: "15"
    RenderBR {BR} at (18,310) size 0x0
    RenderText {#text} at (0,315) size 18x21
      text run at (0,315) width 18: "16"
    RenderBR {BR} at (18,331) size 0x0
    RenderText {#text} at (0,336) size 18x21
      text run at (0,336) width 18: "17"
    RenderBR {BR} at (18,352) size 0x0
    RenderText {#text} at (0,357) size 18x21
      text run at (0,357) width 18: "18"
    RenderBR {BR} at (18,373) size 0x0
    RenderText {#text} at (0,378) size 18x21
      text run at (0,378) width 18: "19"
    RenderBR {BR} at (18,394) size 0x0
    RenderText {#text} at (0,399) size 18x21
      text run at (0,399) width 18: "20"
    RenderBR {BR} at (18,415) size 0x0
    RenderText {#text} at (0,420) size 9x21
      text run at (0,420) width 9: "1"
    RenderBR {BR} at (9,436) size 0x0
    RenderText {#text} at (0,441) size 9x21
      text run at (0,441) width 9: "2"
    RenderBR {BR} at (9,457) size 0x0
    RenderText {#text} at (0,462) size 9x21
      text run at (0,462) width 9: "3"
    RenderBR {BR} at (9,478) size 0x0
    RenderText {#text} at (0,483) size 9x21
      text run at (0,483) width 9: "4"
    RenderBR {BR} at (9,499) size 0x0
    RenderText {#text} at (0,504) size 9x21
      text run at (0,504) width 9: "5"
    RenderBR {BR} at (9,520) size 0x0
    RenderText {#text} at (0,525) size 9x21
      text run at (0,525) width 9: "6"
    RenderBR {BR} at (9,541) size 0x0
    RenderText {#text} at (0,546) size 9x21
      text run at (0,546) width 9: "7"
    RenderBR {BR} at (9,562) size 0x0
    RenderText {#text} at (0,567) size 9x21
      text run at (0,567) width 9: "8"
    RenderBR {BR} at (9,583) size 0x0
    RenderText {#text} at (0,588) size 9x21
      text run at (0,588) width 9: "9"
    RenderBR {BR} at (9,604) size 0x0
    RenderText {#text} at (0,609) size 18x21
      text run at (0,609) width 18: "10"
    RenderBR {BR} at (18,625) size 0x0
    RenderText {#text} at (0,630) size 18x21
      text run at (0,630) width 18: "11"
    RenderBR {BR} at (18,646) size 0x0
    RenderText {#text} at (0,651) size 18x21
      text run at (0,651) width 18: "12"
    RenderBR {BR} at (18,667) size 0x0
    RenderText {#text} at (0,672) size 18x21
      text run at (0,672) width 18: "13"
    RenderBR {BR} at (18,688) size 0x0
    RenderText {#text} at (0,693) size 18x21
      text run at (0,693) width 18: "14"
    RenderBR {BR} at (18,709) size 0x0
    RenderText {#text} at (0,714) size 18x21
      text run at (0,714) width 18: "15"
    RenderBR {BR} at (18,730) size 0x0
    RenderText {#text} at (0,735) size 18x21
      text run at (0,735) width 18: "16"
    RenderBR {BR} at (18,751) size 0x0
    RenderText {#text} at (0,756) size 18x21
      text run at (0,756) width 18: "17"
    RenderBR {BR} at (18,772) size 0x0
    RenderText {#text} at (0,777) size 18x21
      text run at (0,777) width 18: "18"
    RenderBR {BR} at (18,793) size 0x0
    RenderText {#text} at (0,798) size 18x21
      text run at (0,798) width 18: "19"
    RenderBR {BR} at (18,814) size 0x0
    RenderText {#text} at (0,819) size 18x21
      text run at (0,819) width 18: "20"
    RenderBR {BR} at (18,835) size 0x0
    RenderText {#text} at (0,840) size 9x21
      text run at (0,840) width 9: "1"
    RenderBR {BR} at (9,856) size 0x0
    RenderText {#text} at (0,861) size 9x21
      text run at (0,861) width 9: "2"
    RenderBR {BR} at (9,877) size 0x0
    RenderText {#text} at (0,882) size 9x21
      text run at (0,882) width 9: "3"
    RenderBR {BR} at (9,898) size 0x0
    RenderText {#text} at (0,903) size 9x21
      text run at (0,903) width 9: "4"
    RenderBR {BR} at (9,919) size 0x0
    RenderText {#text} at (0,924) size 9x21
      text run at (0,924) width 9: "5"
    RenderBR {BR} at (9,940) size 0x0
    RenderText {#text} at (0,945) size 9x21
      text run at (0,945) width 9: "6"
    RenderBR {BR} at (9,961) size 0x0
    RenderText {#text} at (0,966) size 9x21
      text run at (0,966) width 9: "7"
    RenderBR {BR} at (9,982) size 0x0
    RenderText {#text} at (0,987) size 9x21
      text run at (0,987) width 9: "8"
    RenderBR {BR} at (9,1003) size 0x0
    RenderText {#text} at (0,1008) size 9x21
      text run at (0,1008) width 9: "9"
    RenderBR {BR} at (9,1024) size 0x0
    RenderText {#text} at (0,1029) size 18x21
      text run at (0,1029) width 18: "10"
    RenderBR {BR} at (18,1045) size 0x0
    RenderText {#text} at (0,1050) size 18x21
      text run at (0,1050) width 18: "11"
    RenderBR {BR} at (18,1066) size 0x0
    RenderText {#text} at (0,1071) size 18x21
      text run at (0,1071) width 18: "12"
    RenderBR {BR} at (18,1087) size 0x0
    RenderText {#text} at (0,1092) size 18x21
      text run at (0,1092) width 18: "13"
    RenderBR {BR} at (18,1108) size 0x0
    RenderText {#text} at (0,1113) size 18x21
      text run at (0,1113) width 18: "14"
    RenderBR {BR} at (18,1129) size 0x0
    RenderText {#text} at (0,1134) size 18x21
      text run at (0,1134) width 18: "15"
    RenderBR {BR} at (18,1150) size 0x0
    RenderText {#text} at (0,1155) size 18x21
      text run at (0,1155) width 18: "16"
    RenderBR {BR} at (18,1171) size 0x0
    RenderText {#text} at (0,1176) size 18x21
      text run at (0,1176) width 18: "17"
    RenderBR {BR} at (18,1192) size 0x0
    RenderText {#text} at (0,1197) size 18x21
      text run at (0,1197) width 18: "18"
    RenderBR {BR} at (18,1213) size 0x0
    RenderText {#text} at (0,1218) size 18x21
      text run at (0,1218) width 18: "19"
    RenderBR {BR} at (18,1234) size 0x0
    RenderText {#text} at (0,1239) size 18x21
      text run at (0,1239) width 18: "20"
    RenderBR {BR} at (18,1255) size 0x0
    RenderText {#text} at (0,1260) size 9x21
      text run at (0,1260) width 9: "1"
    RenderBR {BR} at (9,1276) size 0x0
    RenderText {#text} at (0,1281) size 9x21
      text run at (0,1281) width 9: "2"
    RenderBR {BR} at (9,1297) size 0x0
    RenderText {#text} at (0,1302) size 9x21
      text run at (0,1302) width 9: "3"
    RenderBR {BR} at (9,1318) size 0x0
    RenderText {#text} at (0,1323) size 9x21
      text run at (0,1323) width 9: "4"
    RenderBR {BR} at (9,1339) size 0x0
    RenderText {#text} at (0,1344) size 9x21
      text run at (0,1344) width 9: "5"
    RenderBR {BR} at (9,1360) size 0x0
    RenderText {#text} at (0,1365) size 9x21
      text run at (0,1365) width 9: "6"
    RenderBR {BR} at (9,1381) size 0x0
    RenderText {#text} at (0,1386) size 9x21
      text run at (0,1386) width 9: "7"
    RenderBR {BR} at (9,1402) size 0x0
    RenderText {#text} at (0,1407) size 9x21
      text run at (0,1407) width 9: "8"
    RenderBR {BR} at (9,1423) size 0x0
    RenderText {#text} at (0,1428) size 9x21
      text run at (0,1428) width 9: "9"
    RenderBR {BR} at (9,1444) size 0x0
    RenderText {#text} at (0,1449) size 18x21
      text run at (0,1449) width 18: "10"
    RenderBR {BR} at (18,1465) size 0x0
    RenderText {#text} at (0,1470) size 18x21
      text run at (0,1470) width 18: "11"
    RenderBR {BR} at (18,1486) size 0x0
    RenderText {#text} at (0,1491) size 18x21
      text run at (0,1491) width 18: "12"
    RenderBR {BR} at (18,1507) size 0x0
    RenderText {#text} at (0,1512) size 18x21
      text run at (0,1512) width 18: "13"
    RenderBR {BR} at (18,1528) size 0x0
    RenderText {#text} at (0,1533) size 18x21
      text run at (0,1533) width 18: "14"
    RenderBR {BR} at (18,1549) size 0x0
    RenderText {#text} at (0,1554) size 18x21
      text run at (0,1554) width 18: "15"
    RenderBR {BR} at (18,1570) size 0x0
    RenderText {#text} at (0,1575) size 18x21
      text run at (0,1575) width 18: "16"
    RenderBR {BR} at (18,1591) size 0x0
    RenderText {#text} at (0,1596) size 18x21
      text run at (0,1596) width 18: "17"
    RenderBR {BR} at (18,1612) size 0x0
    RenderText {#text} at (0,1617) size 18x21
      text run at (0,1617) width 18: "18"
    RenderBR {BR} at (18,1633) size 0x0
    RenderText {#text} at (0,1638) size 18x21
      text run at (0,1638) width 18: "19"
    RenderBR {BR} at (18,1654) size 0x0
    RenderText {#text} at (0,1659) size 18x21
      text run at (0,1659) width 18: "20"
    RenderBR {BR} at (18,1675) size 0x0
    RenderText {#text} at (0,1680) size 9x21
      text run at (0,1680) width 9: "1"
    RenderBR {BR} at (9,1696) size 0x0
    RenderText {#text} at (0,1701) size 9x21
      text run at (0,1701) width 9: "2"
    RenderBR {BR} at (9,1717) size 0x0
    RenderText {#text} at (0,1722) size 9x21
      text run at (0,1722) width 9: "3"
    RenderBR {BR} at (9,1738) size 0x0
    RenderText {#text} at (0,1743) size 9x21
      text run at (0,1743) width 9: "4"
    RenderBR {BR} at (9,1759) size 0x0
    RenderText {#text} at (0,1764) size 9x21
      text run at (0,1764) width 9: "5"
    RenderBR {BR} at (9,1780) size 0x0
    RenderText {#text} at (0,1785) size 9x21
      text run at (0,1785) width 9: "6"
    RenderBR {BR} at (9,1801) size 0x0
    RenderText {#text} at (0,1806) size 9x21
      text run at (0,1806) width 9: "7"
    RenderBR {BR} at (9,1822) size 0x0
    RenderText {#text} at (0,1827) size 9x21
      text run at (0,1827) width 9: "8"
    RenderBR {BR} at (9,1843) size 0x0
    RenderText {#text} at (0,1848) size 9x21
      text run at (0,1848) width 9: "9"
    RenderBR {BR} at (9,1864) size 0x0
    RenderText {#text} at (0,1869) size 18x21
      text run at (0,1869) width 18: "10"
    RenderBR {BR} at (18,1885) size 0x0
    RenderText {#text} at (0,1890) size 18x21
      text run at (0,1890) width 18: "11"
    RenderBR {BR} at (18,1906) size 0x0
    RenderText {#text} at (0,1911) size 18x21
      text run at (0,1911) width 18: "12"
    RenderBR {BR} at (18,1927) size 0x0
    RenderText {#text} at (0,1932) size 18x21
      text run at (0,1932) width 18: "13"
    RenderBR {BR} at (18,1948) size 0x0
    RenderText {#text} at (0,1953) size 18x21
      text run at (0,1953) width 18: "14"
    RenderBR {BR} at (18,1969) size 0x0
    RenderText {#text} at (0,1974) size 18x21
      text run at (0,1974) width 18: "15"
    RenderBR {BR} at (18,1990) size 0x0
    RenderText {#text} at (0,1995) size 18x21
      text run at (0,1995) width 18: "16"
    RenderBR {BR} at (18,2011) size 0x0
    RenderText {#text} at (0,2016) size 18x21
      text run at (0,2016) width 18: "17"
    RenderBR {BR} at (18,2032) size 0x0
    RenderText {#text} at (0,2037) size 18x21
      text run at (0,2037) width 18: "18"
    RenderBR {BR} at (18,2053) size 0x0
    RenderText {#text} at (0,2058) size 18x21
      text run at (0,2058) width 18: "19"
    RenderBR {BR} at (18,2074) size 0x0
    RenderText {#text} at (0,2079) size 18x21
      text run at (0,2079) width 18: "20"
    RenderBR {BR} at (18,2095) size 0x0
    RenderText {#text} at (0,2100) size 9x21
      text run at (0,2100) width 9: "1"
    RenderBR {BR} at (9,2116) size 0x0
    RenderText {#text} at (0,2121) size 9x21
      text run at (0,2121) width 9: "2"
    RenderBR {BR} at (9,2137) size 0x0
    RenderText {#text} at (0,2142) size 9x21
      text run at (0,2142) width 9: "3"
    RenderBR {BR} at (9,2158) size 0x0
    RenderText {#text} at (0,2163) size 9x21
      text run at (0,2163) width 9: "4"
    RenderBR {BR} at (9,2179) size 0x0
    RenderText {#text} at (0,2184) size 9x21
      text run at (0,2184) width 9: "5"
    RenderBR {BR} at (9,2200) size 0x0
    RenderText {#text} at (0,2205) size 9x21
      text run at (0,2205) width 9: "6"
    RenderBR {BR} at (9,2221) size 0x0
    RenderText {#text} at (0,2226) size 9x21
      text run at (0,2226) width 9: "7"
    RenderBR {BR} at (9,2242) size 0x0
    RenderText {#text} at (0,2247) size 9x21
      text run at (0,2247) width 9: "8"
    RenderBR {BR} at (9,2263) size 0x0
    RenderText {#text} at (0,2268) size 9x21
      text run at (0,2268) width 9: "9"
    RenderBR {BR} at (9,2284) size 0x0
    RenderText {#text} at (0,2289) size 18x21
      text run at (0,2289) width 18: "10"
    RenderBR {BR} at (18,2305) size 0x0
    RenderText {#text} at (0,2310) size 18x21
      text run at (0,2310) width 18: "11"
    RenderBR {BR} at (18,2326) size 0x0
    RenderText {#text} at (0,2331) size 18x21
      text run at (0,2331) width 18: "12"
    RenderBR {BR} at (18,2347) size 0x0
    RenderText {#text} at (0,2352) size 18x21
      text run at (0,2352) width 18: "13"
    RenderBR {BR} at (18,2368) size 0x0
    RenderText {#text} at (0,2373) size 18x21
      text run at (0,2373) width 18: "14"
    RenderBR {BR} at (18,2389) size 0x0
    RenderText {#text} at (0,2394) size 18x21
      text run at (0,2394) width 18: "15"
    RenderBR {BR} at (18,2410) size 0x0
    RenderText {#text} at (0,2415) size 18x21
      text run at (0,2415) width 18: "16"
    RenderBR {BR} at (18,2431) size 0x0
    RenderText {#text} at (0,2436) size 18x21
      text run at (0,2436) width 18: "17"
    RenderBR {BR} at (18,2452) size 0x0
    RenderText {#text} at (0,2457) size 18x21
      text run at (0,2457) width 18: "18"
    RenderBR {BR} at (18,2473) size 0x0
    RenderText {#text} at (0,2478) size 18x21
      text run at (0,2478) width 18: "19"
    RenderBR {BR} at (18,2494) size 0x0
    RenderText {#text} at (0,2499) size 18x21
      text run at (0,2499) width 18: "20"
    RenderBR {BR} at (18,2515) size 0x0
