layer at (0,0) size 800x600
  RenderView at (0,0) size 800x600
layer at (0,0) size 800x600
  RenderBlock {HTML} at (0,0) size 800x600
    RenderBody {BODY} at (8,8) size 784x584
      RenderBlock {P} at (0,0) size 784x21
        RenderText {#text} at (0,0) size 355x21
          text run at (0,0) width 355: "The black outline box should stretch from the right "
        RenderInline {SPAN} at (0,0) size 31x21 [color=#0000FF]
          RenderText {#text} at (355,0) size 31x21
            text run at (355,0) width 31: "blue"
        RenderText {#text} at (386,0) size 126x21
          text run at (386,0) width 126: " border, to the left "
        RenderInline {SPAN} at (0,0) size 50x21 [color=#FFA500]
          RenderText {#text} at (512,0) size 50x21
            text run at (512,0) width 50: "orange"
        RenderText {#text} at (562,0) size 54x21
          text run at (562,0) width 54: " border."
      RenderBlock {DIV} at (0,37) size 600x42
        RenderText {#text} at (397,0) size 203x21
          text run at (397,0) width 203 RTL override: "ILorem ipsum dolor sit amet, "
        RenderText {#text} at (54,0) size 546x42
          text run at (54,0) width 89 RTL override: "irure dolor in"
          text run at (501,21) width 99 RTL override: "reprehenderit."
layer at (8,45) size 234x23
  RenderInline (relative positioned) {SPAN} at (0,0) size 234x23 [bgcolor=#008000] [border: (1px solid #808080) (20px solid #0000FF) (1px solid #808080) (20px solid #FFA500)]
    RenderText {#text} at (252,0) size 105x21
      text run at (252,0) width 105 RTL override: "con a pariatur. "
    RenderText {#text} at (183,0) size 69x21
      text run at (183,0) width 69 RTL override: "duis aute "
layer at (181,45) size 194x21
  RenderBlock (positioned) {DIV} at (20,1) size 194x21
