layer at (0,0) size 800x600
  RenderView at (0,0) size 800x600
layer at (0,0) size 800x600
  RenderBlock {HTML} at (0,0) size 800x600 [border: (100px solid #000000)]
    RenderBody {BODY} at (108,108) size 584x384
layer at (600,400) size 200x200
  RenderBlock (positioned) {DIV} at (600,400) size 200x200 [bgcolor=#008000]
    RenderText {#text} at (0,0) size 200x84
      text run at (0,0) width 200: "This should be in the bottom"
      text run at (0,21) width 164: "right-hand corner of the"
      text run at (0,42) width 142: "viewport even when"
      text run at (0,63) width 60: "resizing."
