layer at (0,0) size 800x600
  RenderView at (0,0) size 800x600
layer at (0,0) size 800x600
  RenderBlock {HTML} at (0,0) size 800x600
    RenderBody {BODY} at (8,8) size 784x584
      RenderBlock {P} at (0,0) size 784x42
        RenderText {#text} at (0,0) size 707x21
          text run at (0,0) width 707: "The black outline box should be a 50px by 50px square with its top right corner anchored to the right "
        RenderInline {SPAN} at (0,0) size 31x21 [color=#0000FF]
          RenderText {#text} at (707,0) size 31x21
            text run at (707,0) width 31: "blue"
        RenderText {#text} at (0,21) size 157x21
          text run at (0,21) width 157: "border on the first line."
      RenderBlock {DIV} at (0,58) size 600x84
        RenderText {#text} at (397,0) size 203x21
          text run at (397,0) width 203 RTL override: "ILorem ipsum dolor sit amet, "
        RenderText {#text} at (137,63) size 380x21
          text run at (137,63) width 380 RTL override: "duis aute irure dolor in reprehenderit in voluptate velit."
layer at (8,66) size 586x86
  RenderInline (relative positioned) {SPAN} at (0,0) size 586x86 [bgcolor=#008000] [border: (1px solid #808080) (20px solid #0000FF) (1px solid #808080) (20px solid #FFA500)]
    RenderText {#text} at (14,0) size 586x42
      text run at (14,0) width 343 RTL override: "con a pariatur. Excepteur sint occaecat cupidatat"
      text run at (164,21) width 436 RTL override: "non proident, sunt in culp qui officia deserunt mollit animequs "
    RenderText {#text} at (30,21) size 585x63
      text run at (30,21) width 134 RTL override: "ILOREM ipsum dol"
      text run at (15,42) width 585 RTL override: "sDuis aute irure dolor in reprehenderit in voluptate velit esse cillum dolore eu fugiat"
      text run at (557,63) width 43 RTL override: "nullat "
layer at (505,66) size 50x50
  RenderBlock (positioned) {DIV} at (483,1) size 50x50
