layer at (0,0) size 784x2029
  RenderView at (0,0) size 784x600
layer at (0,0) size 784x600
  RenderBlock {HTML} at (0,0) size 784x600
    RenderBody {BODY} at (8,8) size 768x584
      RenderText {#text} at (0,0) size 396x21
        text run at (0,0) width 396: "The purple box should stick to the bottom of the window."
      RenderText {#text} at (0,0) size 0x0
      RenderText {#text} at (0,0) size 0x0
      RenderText {#text} at (0,0) size 0x0
      RenderText {#text} at (0,0) size 0x0
      RenderText {#text} at (0,0) size 0x0
layer at (8,29) size 1x2000
  RenderBlock (positioned) {DIV} at (8,29) size 1x2000
layer at (8,500) size 100x100
  RenderBlock (positioned) {DIV} at (8,500) size 100x100 [bgcolor=#800080]
