layer at (0,0) size 800x600
  RenderView at (0,0) size 800x600
layer at (0,0) size 800x600
  RenderBlock {HTML} at (0,0) size 800x600
    RenderBody {BODY} at (8,8) size 784x584
      RenderBlock {P} at (0,0) size 784x42
        RenderText {#text} at (0,0) size 242x21
          text run at (0,0) width 242: "This tests for a regression against "
        RenderInline {I} at (0,0) size 775x42
          RenderInline {A} at (0,0) size 379x21 [color=#0000EE]
            RenderText {#text} at (242,0) size 379x21
              text run at (242,0) width 379: "http://bugzilla.opendarwin.org/show_bug.cgi?id=6881"
          RenderText {#text} at (621,0) size 775x42
            text run at (621,0) width 4: " "
            text run at (625,0) width 73: "Block with"
            text run at (0,21) width 775: "position:absolute bottom:0 doesn't always move when height of containing block changes (affects Safari RSS)"
        RenderText {#text} at (775,21) size 4x21
          text run at (775,21) width 4: "."
      RenderBlock {P} at (0,58) size 784x21
        RenderText {#text} at (0,0) size 619x21
          text run at (0,0) width 619: "The squares below should have blue tops and green bottoms, not the other way around."
      RenderBlock {HR} at (0,95) size 784x2 [border: (1px inset #000000)]
      RenderBlock (anonymous) at (0,205) size 784x21
        RenderBR {BR} at (0,0) size 0x21
layer at (8,113) size 784x100
  RenderBlock (relative positioned) {DIV} at (0,105) size 784x100
    RenderBlock {DIV} at (0,0) size 100x100 [bgcolor=#87CEEB]
layer at (8,163) size 100x50
  RenderBlock (positioned) {DIV} at (0,50) size 100x50 [bgcolor=#90EE90]
layer at (8,234) size 784x100
  RenderDeprecatedFlexibleBox (relative positioned) {DIV} at (0,226) size 784x100
    RenderBlock {DIV} at (0,0) size 100x100 [bgcolor=#87CEEB]
layer at (8,284) size 100x50
  RenderBlock (positioned) {DIV} at (0,50) size 100x50 [bgcolor=#90EE90]
