layer at (0,0) size 800x600
  RenderView at (0,0) size 800x600
layer at (0,0) size 800x54
  RenderBlock {HTML} at (0,0) size 800x54
    RenderBody {BODY} at (8,8) size 784x38
      RenderText {#text} at (0,0) size 0x0
layer at (8,10) size 100x34
  RenderButton {BUTTON} at (0,2) size 100x34 [bgcolor=#C0C0C0]
    RenderBlock (anonymous) at (6,6) size 88x22
      RenderText {#text} at (13,0) size 62x22
        text run at (13,0) width 62: "Click Me"
layer at (81,38) size 32x22
  RenderBlock (positioned) {DIV} at (73,28) size 32x22
    RenderText {#text} at (0,0) size 32x22
      text run at (0,0) width 32: "Now"
