layer at (0,0) size 800x600
  RenderView at (0,0) size 800x600
layer at (0,0) size 800x600
  RenderBlock {HTML} at (0,0) size 800x600
    RenderBody {BODY} at (8,8) size 784x584
      RenderBlock {P} at (0,0) size 784x42
        RenderText {#text} at (0,0) size 242x21
          text run at (0,0) width 242: "This tests for a regression against "
        RenderInline {I} at (0,0) size 780x42
          RenderInline {A} at (0,0) size 379x21 [color=#0000EE]
            RenderText {#text} at (242,0) size 379x21
              text run at (242,0) width 379: "http://bugzilla.opendarwin.org/show_bug.cgi?id=7095"
          RenderText {#text} at (621,0) size 780x42
            text run at (621,0) width 4: " "
            text run at (625,0) width 155: "Removing positioning"
            text run at (0,21) width 302: "from an element does not relayout properly"
        RenderText {#text} at (302,21) size 4x21
          text run at (302,21) width 4: "."
      RenderBlock {P} at (0,58) size 784x21
        RenderText {#text} at (0,0) size 418x21
          text run at (0,0) width 418: "The green square should be to the left of the yellow square."
      RenderBlock {HR} at (0,95) size 784x2 [border: (1px inset #000000)]
layer at (8,113) size 200x100
  RenderBlock (relative positioned) {DIV} at (0,105) size 200x100 [bgcolor=#FFFF00]
    RenderBlock {DIV} at (0,0) size 100x100 [bgcolor=#008000]
