layer at (0,0) size 1108x1108
  RenderView at (0,0) size 784x584
layer at (0,0) size 784x584
  RenderBlock {HTML} at (0,0) size 784x584
    RenderBody {BODY} at (8,8) size 768x568
      RenderText {#text} at (100,84) size 761x42
        text run at (100,84) width 661: " The image should be 1000px over to the right and bottom, which should cause horizontal and"
        text run at (0,105) width 199: "vertical scrollbars to appear."
layer at (1008,1008) size 100x100
  RenderImage {IMG} at (0,0) size 100x100 [bgcolor=#00FF00]
