layer at (0,0) size 800x600
  RenderView at (0,0) size 800x600
layer at (0,0) size 800x417
  RenderBlock {HTML} at (0,0) size 800x417
    RenderBody {BODY} at (8,8) size 784x401
      RenderBlock (anonymous) at (0,0) size 784x21
        RenderText {#text} at (0,0) size 644x21
          text run at (0,0) width 348: "There should be a green 100x100 square below. "
          text run at (348,0) width 296: "If you see any red, then the test has failed."
layer at (8,29) size 380x380
  RenderBlock (relative positioned) {DIV} at (0,21) size 380x380 [border: (20px solid #00000000)]
    RenderInline {SPAN} at (0,0) size 250x21
      RenderText {#text} at (0,0) size 0x0
      RenderBlock {DIV} at (90,40) size 250x220 [border: (10px solid #00000000)]
      RenderText {#text} at (0,0) size 0x0
    RenderText {#text} at (0,0) size 0x0
layer at (228,79) size 100x100
  RenderBlock (positioned) {DIV} at (220,50) size 100x100 [bgcolor=#FF0000]
layer at (228,79) size 100x100
  RenderBlock (positioned) {DIV} at (220,50) size 100x100 [bgcolor=#008000]
