layer at (0,0) size 800x600
  RenderView at (0,0) size 800x600
layer at (0,0) size 800x600
  RenderBlock {HTML} at (0,0) size 800x600
    RenderBody {BODY} at (8,8) size 784x584
      RenderInline {SPAN} at (0,0) size 312x23 [border: (1px solid #000000)]
        RenderText {#text} at (1,0) size 310x21
          text run at (1,0) width 310: "These two boxes should be the same width."
      RenderBR {BR} at (312,16) size 0x0
      RenderInline {SPAN} at (0,0) size 312x23 [border: (1px solid #000000)]
        RenderText {#text} at (1,21) size 310x21
          text run at (1,21) width 310: "These two boxes should be the same width."
layer at (319,50) size 100x100
  RenderImage {IMG} at (319,50) size 100x100 [bgcolor=#008000]
layer at (319,150) size 100x100
  RenderImage {IMG} at (319,150) size 100x100 [bgcolor=#008000]
layer at (319,250) size 100x100
  RenderImage {IMG} at (319,250) size 100x100 [bgcolor=#008000]
layer at (319,350) size 100x100
  RenderImage {IMG} at (319,350) size 100x100 [bgcolor=#008000]
