layer at (0,0) size 800x600
  RenderView at (0,0) size 800x600
layer at (0,0) size 800x600
  RenderBlock {HTML} at (0,0) size 800x600
    RenderBody {BODY} at (8,8) size 784x576
      RenderBlock {P} at (0,0) size 784x18
        RenderText {#text} at (0,0) size 244x18
          text run at (0,0) width 244: "The text below should read \"Success.\""
      RenderBlock {P} at (0,34) size 784x18 [color=#008000]
        RenderText {#text} at (0,0) size 54x18
          text run at (0,0) width 54: "Success."
      RenderBlock {P} at (0,68) size 784x18
        RenderText {#text} at (0,0) size 478x18
          text run at (0,0) width 478: "Following exception was caught: Error: NotFoundError: DOM Exception 8"
